--------- beginning of main
08-06 03:38:25.984  7301  7301 D AndroidRuntime: >>>>>> START com.android.internal.os.RuntimeInit uid 2000 <<<<<<
08-06 03:38:25.990  7301  7301 D AndroidRuntime: CheckJNI is OFF
08-06 03:38:26.026  7301  7301 D ICU     : No timezone override file found: /data/misc/zoneinfo/current/icu/icu_tzdata.dat
08-06 03:38:26.059  7301  7301 I Radio-JNI: register_android_hardware_Radio DONE
08-06 03:38:26.075  7301  7301 D AndroidRuntime: Calling main entry com.android.commands.monkey.Monkey
--------- beginning of system
08-06 03:38:26.091   918   931 W BroadcastQueue: Skipping deliver [background] BroadcastRecord{223c774 u-1 android.net.conn.CONNECTIVITY_CHANGE} to ReceiverList{9ecad12 7301 (unknown name)/2000/u-1 remote:48c2e86}: process crashing
08-06 03:38:26.102   918  6110 I ActivityManager: START u0 {act=android.intent.action.MAIN cat=[android.intent.category.LAUNCHER] flg=0x10200000 cmp=baseline.io.github.project_travel_mate/.SplashActivity} from uid 2000 on display 0
08-06 03:38:26.138   918  6029 I ActivityManager: Start proc 7310:baseline.io.github.project_travel_mate/u0a696 for activity baseline.io.github.project_travel_mate/.SplashActivity
08-06 03:38:26.138  7310  7310 I art     : Late-enabling -Xcheck:jni
08-06 03:38:26.157  7301  7301 I art     : System.exit called, status: 0
08-06 03:38:26.157  7301  7301 I AndroidRuntime: VM exiting with result code 0.
08-06 03:38:26.211 16458  6583 I PBSessionCacheImpl: Deleted sessionId[72384646105454640] from persistence.
08-06 03:38:26.218 16458 16488 W SearchServiceCore: Abort, client detached.
08-06 03:38:26.219 16458 16488 I MicroDetectionState: Should stop hotword detection immediately - true
08-06 03:38:26.246  7310  7310 W System  : ClassLoader referenced unknown path: /data/app/baseline.io.github.project_travel_mate-1/lib/arm64
08-06 03:38:26.366  6649  6649 I ServiceManager: Waiting for service AtCmdFwd...
08-06 03:38:26.453  7310  7310 W art     : Before Android 4.1, method android.graphics.PorterDuffColorFilter androidx.vectordrawable.graphics.drawable.VectorDrawableCompat.updateTintFilter(android.graphics.PorterDuffColorFilter, android.content.res.ColorStateList, android.graphics.PorterDuff$Mode) would have incorrectly overridden the package-private method in android.graphics.drawable.Drawable
08-06 03:38:26.501  7310  7310 I art     : Rejecting re-init on previously-failed class java.lang.Class<androidx.core.view.ViewCompat$OnUnhandledKeyEventListenerWrapper>
08-06 03:38:26.501  7310  7310 I art     : Rejecting re-init on previously-failed class java.lang.Class<androidx.core.view.ViewCompat$OnUnhandledKeyEventListenerWrapper>
08-06 03:38:26.563  7310  7326 D OpenGLRenderer: Use EGL_SWAP_BEHAVIOR_PRESERVED: true
08-06 03:38:26.619  7310  7326 I Adreno  : QUALCOMM build                   : fcf4852, I1af360237c
08-06 03:38:26.619  7310  7326 I Adreno  : Build Date                       : 09/23/15
08-06 03:38:26.619  7310  7326 I Adreno  : OpenGL ES Shader Compiler Version: XE031.05.13.02
08-06 03:38:26.619  7310  7326 I Adreno  : Local Branch                     : mybranch14465806
08-06 03:38:26.619  7310  7326 I Adreno  : Remote Branch                    : quic/LA.BF64.1.2.9_v2
08-06 03:38:26.619  7310  7326 I Adreno  : Remote Branch                    : NONE
08-06 03:38:26.619  7310  7326 I Adreno  : Reconstruct Branch               : NOTHING
08-06 03:38:26.631  7310  7326 I OpenGLRenderer: Initialized EGL, version 1.4
08-06 03:38:26.730   918   936 I ActivityManager: Displayed baseline.io.github.project_travel_mate/.SplashActivity: +620ms
08-06 03:38:26.735 13866 13866 I GoogleInputMethodServic: GoogleInputMethodService.onFinishInput():3138 
08-06 03:38:26.736 13866 13866 I GoogleInputMethodServic: GoogleInputMethodService.onStartInput():1808 
08-06 03:38:27.367  6649  6649 I ServiceManager: Waiting for service AtCmdFwd...
08-06 03:38:27.732  7340  7340 D AndroidRuntime: >>>>>> START com.android.internal.os.RuntimeInit uid 2000 <<<<<<
08-06 03:38:27.735  7340  7340 D AndroidRuntime: CheckJNI is OFF
08-06 03:38:27.761  7340  7340 D ICU     : No timezone override file found: /data/misc/zoneinfo/current/icu/icu_tzdata.dat
08-06 03:38:27.788  7340  7340 I Radio-JNI: register_android_hardware_Radio DONE
08-06 03:38:27.803  7340  7340 D AndroidRuntime: Calling main entry com.android.commands.am.Am
08-06 03:38:27.813  3167  3167 I Trepn   : Trepn 6.2s: Received intent: com.quicinc.trepn.start_profiling
08-06 03:38:27.921  3167  3167 W FileUtils: Failed to chmod(/storage/emulated/0/trepn/Trepn_2020.08.06_033827.db): android.system.ErrnoException: chmod failed: EPERM (Operation not permitted)
08-06 03:38:28.005  3167  3167 I Trepn   : Trepn 6.2s: Trepn has Started Profiling.
08-06 03:38:28.006  7340  7340 D AndroidRuntime: Shutting down VM
08-06 03:38:28.368  6649  6649 I ServiceManager: Waiting for service AtCmdFwd...
08-06 03:38:28.525  7310  7322 I art     : Starting a blocking GC Explicit
08-06 03:38:28.542  7310  7322 I art     : Explicit concurrent mark sweep GC freed 56592(3MB) AllocSpace objects, 2(40KB) LOS objects, 40% free, 20MB/34MB, paused 192us total 16.595ms
08-06 03:38:28.551  7310  7322 I art     : Starting a blocking GC Explicit
08-06 03:38:28.559  7310  7322 I art     : Explicit concurrent mark sweep GC freed 211(8KB) AllocSpace objects, 0(0B) LOS objects, 40% free, 20MB/34MB, paused 130us total 8.787ms
08-06 03:38:28.567  7310  7322 I art     : Starting a blocking GC Explicit
08-06 03:38:28.576  7310  7322 I art     : Explicit concurrent mark sweep GC freed 918(39KB) AllocSpace objects, 0(0B) LOS objects, 40% free, 20MB/34MB, paused 117us total 8.654ms
08-06 03:38:28.583  7310  7322 I art     : Starting a blocking GC Explicit
08-06 03:38:28.594  7310  7322 I art     : Explicit concurrent mark sweep GC freed 3(96B) AllocSpace objects, 0(0B) LOS objects, 40% free, 20MB/34MB, paused 151us total 10.850ms
08-06 03:38:28.603  7310  7322 I art     : Starting a blocking GC Explicit
08-06 03:38:28.612  7310  7322 I art     : Explicit concurrent mark sweep GC freed 3(96B) AllocSpace objects, 0(0B) LOS objects, 40% free, 20MB/34MB, paused 108us total 8.750ms
08-06 03:38:28.645   918  6112 I ActivityManager: START u0 {cmp=baseline.io.github.project_travel_mate/.MainActivity} from uid 10696 on display 0
08-06 03:38:28.874  7310  7310 W Settings: Setting airplane_mode_on has moved from android.provider.Settings.System to android.provider.Settings.Global, returning read-only value.
08-06 03:38:28.893  7310  7310 V MainActivity: url=https://project-travel-mate.herokuapp.com/api/get-user
08-06 03:38:28.935  7310  7390 W LOTTIE  : Unknown mask mode mode. Defaulting to Add.
08-06 03:38:28.944  7310  7390 W LOTTIE  : You have 5 images. Lottie should primarily be used with shapes. If you are using Adobe Illustrator, convert the Illustrator layers to shape layers.
08-06 03:38:28.946  7310  7390 W LOTTIE  : Unknown mask mode mode. Defaulting to Add.
08-06 03:38:28.946  7310  7390 W LOTTIE  : Unknown mask mode mode. Defaulting to Add.
08-06 03:38:28.976  7310  7323 I art     : Starting a blocking GC Explicit
08-06 03:38:28.998  7310  7310 V CityFragment: url=https://project-travel-mate.herokuapp.com/api/get-all-cities/10
08-06 03:38:29.011  7310  7323 I art     : Explicit concurrent mark sweep GC freed 16037(1165KB) AllocSpace objects, 2(40KB) LOS objects, 40% free, 23MB/38MB, paused 758us total 34.702ms
08-06 03:38:29.021  7310  7323 I art     : Starting a blocking GC Explicit
08-06 03:38:29.036  7310  7323 I art     : Explicit concurrent mark sweep GC freed 2413(127KB) AllocSpace objects, 0(0B) LOS objects, 40% free, 23MB/38MB, paused 235us total 14.874ms
08-06 03:38:29.044  7310  7323 I art     : Starting a blocking GC Explicit
08-06 03:38:29.088  7310  7323 I art     : Explicit concurrent mark sweep GC freed 13(688B) AllocSpace objects, 0(0B) LOS objects, 40% free, 23MB/38MB, paused 194us total 43.656ms
08-06 03:38:29.163  7310  7323 I art     : Starting a blocking GC Explicit
08-06 03:38:29.188  7310  7323 I art     : Explicit concurrent mark sweep GC freed 3(96B) AllocSpace objects, 0(0B) LOS objects, 40% free, 23MB/38MB, paused 195us total 24.944ms
08-06 03:38:29.368  6649  6649 I ServiceManager: Waiting for service AtCmdFwd...
08-06 03:38:29.522  7310  7323 I art     : Starting a blocking GC Explicit
08-06 03:38:29.581  7310  7323 I art     : Explicit concurrent mark sweep GC freed 5136(294KB) AllocSpace objects, 4(240KB) LOS objects, 40% free, 23MB/39MB, paused 514us total 53.634ms
08-06 03:38:29.608  7310  7310 E RecyclerView: No adapter attached; skipping layout
08-06 03:38:29.656  7310  7389 I NAPPA_EXPERIMENTATION: MetricNetworkRequestExecutionTime: REQUEST_DURATION_SYSTEM='742',REQUEST_DURATION_OKHTTP='36',REQUEST_SYNCHRONOUS='FALSE',RESPONSE_CODE='200',RESPONSE_METHOD='GET',RESPONSE_LENGTH_OKHTTP='185',RESPONSE_LENGTH_HEADER='185',REQUEST_PROTOCOL='http/1.1',REQUEST_URL='https://project-travel-mate.herokuapp.com/api/get-user',
08-06 03:38:29.663  7310  7310 I Choreographer: Skipped 38 frames!  The application may be doing too much work on its main thread.
08-06 03:38:29.680  7310  7394 I NAPPA_EXPERIMENTATION: MetricNetworkRequestExecutionTime: REQUEST_DURATION_SYSTEM='681',REQUEST_DURATION_OKHTTP='64',REQUEST_SYNCHRONOUS='FALSE',RESPONSE_CODE='200',RESPONSE_METHOD='GET',RESPONSE_LENGTH_OKHTTP='1588',RESPONSE_LENGTH_HEADER='1588',REQUEST_PROTOCOL='http/1.1',REQUEST_URL='https://project-travel-mate.herokuapp.com/api/get-all-cities/10',
08-06 03:38:29.779  7310  7310 V MainActivity: url = https://project-travel-mate.herokuapp.com/api/number-of-unread-notifications
08-06 03:38:29.781   918   936 I ActivityManager: Displayed baseline.io.github.project_travel_mate/.MainActivity: +1s77ms
08-06 03:38:29.808 13866 13866 I GoogleInputMethodServic: GoogleInputMethodService.onFinishInput():3138 
08-06 03:38:29.809 13866 13866 I GoogleInputMethodServic: GoogleInputMethodService.onStartInput():1808 
08-06 03:38:29.815  7310  7310 E RecyclerView: No adapter attached; skipping layout
08-06 03:38:29.860  7310  7322 I art     : Starting a blocking GC Explicit
08-06 03:38:29.876  7310  7322 I art     : Explicit concurrent mark sweep GC freed 9670(742KB) AllocSpace objects, 3(180KB) LOS objects, 36% free, 28MB/44MB, paused 205us total 15.536ms
08-06 03:38:29.885  7310  7322 I art     : Starting a blocking GC Explicit
08-06 03:38:29.891  7310  7310 V CityFragment: result=[{"id":1,"city_name":"Delhi","facts_count":6,"image":"https://upload.wikimedia.org/wikipedia/commons/9/94/%E0%B4%96%E0%B5%81%E0%B4%A4%E0%B5%8D%E0%B4%AC%E0%B5%8D_%E0%B4%AE%E0%B4%BF%E0%B4%A8%E0%B4%BE%E0%B5%BC1.jpg","visit_count":18186},{"id":2,"city_name":"Mumbai","facts_count":0,"image":"https://static1.squarespace.com/static/55917ae2e4b0984fc8c264c4/t/5ad7a037758d464041bfba27/1524102624280/Victoria_Mumbai.jpg","visit_count":6022},{"id":3,"city_name":"Bangalore","facts_count":0,"image":null,"visit_count":5536},{"id":8,"city_name":"Pune","facts_count":0,"image":"https://www.zricks.com/ImagesPostProject/47929//6557d975-20a9-4c6c-a776-8072a1936a76.jpg","visit_count":3324},{"id":4,"city_name":"Chennai","facts_count":0,"image":"http://lh3.ggpht.com/_YLb7tJ8RoAk/SfazBLdgf3I/AAAAAAAANEg/p52_Zz_URxg/s640/Picture%20009.jpg","visit_count":3061},{"id":5,"city_name":"Kolkata","facts_count":0,"image":"https://i.pinimg.com/originals/05/ec/42/05ec42c545b494d12cc612923483b4f0.jpg","visit_count":2211},{"id":9,"city_name":"Jaipur","facts_count":1,"image":"https://www.trodly.com/pictures/attraction/1943.jpg","visit_count":2007},{"id":6,"city_name":"Hyderabad","facts_count":0,"image":"https://i1.trekearth.com/photos/59194/charminar_020_sm.jpg","visit_count":1633},{"id":150,"city_name":"Panjim","facts_count":0,"image":"http://www.nomad4ever.com/wp-content/uploads/2009/04/palm-trees-at-baga-creek-north-goa1.jpg","visit_count":1488},{"id":7,"city_name":"Ahmedabad","facts_count":0,"image":"https://i.pinimg.com/originals/a5/ed/29/a5ed293271669a61f47059f7b0d9cf2c.jpg","visit_count":1115}]
08-06 03:38:29.899  7310  7322 I art     : Explicit concurrent mark sweep GC freed 576(40KB) AllocSpace objects, 0(0B) LOS objects, 36% free, 28MB/44MB, paused 325us total 14.356ms
08-06 03:38:29.909  7310  7322 I art     : Starting a blocking GC Explicit
08-06 03:38:29.924  7310  7322 I art     : Explicit concurrent mark sweep GC freed 101(3KB) AllocSpace objects, 0(0B) LOS objects, 36% free, 28MB/44MB, paused 317us total 14.151ms
08-06 03:38:29.932  7310  7322 I art     : Starting a blocking GC Explicit
08-06 03:38:29.946  7310  7322 I art     : Explicit concurrent mark sweep GC freed 146(4KB) AllocSpace objects, 0(0B) LOS objects, 36% free, 28MB/44MB, paused 224us total 13.811ms
08-06 03:38:29.953  7310  7310 D CityFragment: get cities cities size = 10
08-06 03:38:29.955  7310  7322 I art     : Starting a blocking GC Explicit
08-06 03:38:29.971  7310  7322 I art     : Explicit concurrent mark sweep GC freed 762(47KB) AllocSpace objects, 1(20KB) LOS objects, 36% free, 28MB/44MB, paused 326us total 15.835ms
08-06 03:38:30.209  7310  7408 I NAPPA_EXPERIMENTATION: MetricNetworkRequestExecutionTime: REQUEST_DURATION_SYSTEM='429',REQUEST_DURATION_OKHTTP='49',REQUEST_SYNCHRONOUS='FALSE',RESPONSE_CODE='200',RESPONSE_METHOD='GET',RESPONSE_LENGTH_OKHTTP='36',RESPONSE_LENGTH_HEADER='36',REQUEST_PROTOCOL='http/1.1',REQUEST_URL='https://project-travel-mate.herokuapp.com/api/number-of-unread-notifications',
08-06 03:38:30.224   380   380 W SurfaceFlinger: couldn't log to binary event log: overflow.
08-06 03:38:30.240  7310  7323 I art     : Starting a blocking GC Explicit
08-06 03:38:30.261  7310  7323 I art     : Explicit concurrent mark sweep GC freed 13865(922KB) AllocSpace objects, 12(4MB) LOS objects, 34% free, 29MB/45MB, paused 598us total 21.356ms
08-06 03:38:30.270  7310  7323 I art     : Starting a blocking GC Explicit
08-06 03:38:30.288  7310  7323 I art     : Explicit concurrent mark sweep GC freed 2700(399KB) AllocSpace objects, 2(56KB) LOS objects, 35% free, 29MB/45MB, paused 543us total 17.393ms
08-06 03:38:30.296  7310  7323 I art     : Starting a blocking GC Explicit
08-06 03:38:30.313  7310  7323 I art     : Explicit concurrent mark sweep GC freed 305(256KB) AllocSpace objects, 0(0B) LOS objects, 35% free, 29MB/45MB, paused 611us total 16.936ms
08-06 03:38:30.321  7310  7323 I art     : Starting a blocking GC Explicit
08-06 03:38:30.339  7310  7323 I art     : Explicit concurrent mark sweep GC freed 2690(132KB) AllocSpace objects, 2(88KB) LOS objects, 35% free, 29MB/45MB, paused 506us total 18.033ms
08-06 03:38:30.348  7310  7323 I art     : Starting a blocking GC Explicit
08-06 03:38:30.364  7310  7323 I art     : Explicit concurrent mark sweep GC freed 370(11KB) AllocSpace objects, 0(0B) LOS objects, 35% free, 29MB/45MB, paused 321us total 16.395ms
08-06 03:38:30.369  6649  6649 I ServiceManager: Waiting for service AtCmdFwd...
08-06 03:38:30.642  7310  7329 I art     : Starting a blocking GC Explicit
08-06 03:38:30.673  7310  7329 I art     : Explicit concurrent mark sweep GC freed 12927(1183KB) AllocSpace objects, 11(1532KB) LOS objects, 33% free, 32MB/48MB, paused 329us total 30.721ms
08-06 03:38:30.684  7310  7329 I art     : Starting a blocking GC Explicit
08-06 03:38:30.702  7310  7329 I art     : Explicit concurrent mark sweep GC freed 9045(379KB) AllocSpace objects, 4(144KB) LOS objects, 33% free, 31MB/47MB, paused 269us total 17.976ms
08-06 03:38:30.710  7310  7329 I art     : Starting a blocking GC Explicit
08-06 03:38:30.726  7310  7329 I art     : Explicit concurrent mark sweep GC freed 165(102KB) AllocSpace objects, 2(56KB) LOS objects, 32% free, 32MB/48MB, paused 239us total 16.365ms
08-06 03:38:30.735  7310  7329 I art     : Starting a blocking GC Explicit
08-06 03:38:30.751  7310  7329 I art     : Explicit concurrent mark sweep GC freed 169(6KB) AllocSpace objects, 2(88KB) LOS objects, 32% free, 32MB/48MB, paused 262us total 15.374ms
08-06 03:38:30.759  7310  7329 I art     : Starting a blocking GC Explicit
08-06 03:38:30.776  7310  7329 I art     : Explicit concurrent mark sweep GC freed 137(4KB) AllocSpace objects, 0(0B) LOS objects, 32% free, 32MB/48MB, paused 450us total 16.549ms
08-06 03:38:31.103  7310  7323 I art     : Starting a blocking GC Explicit
08-06 03:38:31.123  7310  7323 I art     : Explicit concurrent mark sweep GC freed 4598(333KB) AllocSpace objects, 7(1388KB) LOS objects, 32% free, 32MB/48MB, paused 266us total 20.067ms
08-06 03:38:31.133  7310  7323 I art     : Starting a blocking GC Explicit
08-06 03:38:31.152  7310  7323 I art     : Explicit concurrent mark sweep GC freed 172(5KB) AllocSpace objects, 0(0B) LOS objects, 32% free, 32MB/48MB, paused 251us total 18.796ms
08-06 03:38:31.160  7310  7323 I art     : Starting a blocking GC Explicit
08-06 03:38:31.178  7310  7323 I art     : Explicit concurrent mark sweep GC freed 51(896B) AllocSpace objects, 0(0B) LOS objects, 32% free, 32MB/48MB, paused 242us total 16.857ms
08-06 03:38:31.186  7310  7323 I art     : Starting a blocking GC Explicit
08-06 03:38:31.203  7310  7323 I art     : Explicit concurrent mark sweep GC freed 33(720B) AllocSpace objects, 0(0B) LOS objects, 32% free, 32MB/48MB, paused 246us total 16.649ms
08-06 03:38:31.212  7310  7323 I art     : Starting a blocking GC Explicit
08-06 03:38:31.229  7310  7323 I art     : Explicit concurrent mark sweep GC freed 63(1696B) AllocSpace objects, 0(0B) LOS objects, 32% free, 32MB/48MB, paused 239us total 17.107ms
08-06 03:38:31.369  6649  6649 W Atfwd_Sendcmd: AtCmdFwd service not published, waiting... retryCnt : 1
08-06 03:38:31.568  7310  7322 I art     : Starting a blocking GC Explicit
08-06 03:38:31.592  7310  7322 I art     : Explicit concurrent mark sweep GC freed 1928(91KB) AllocSpace objects, 2(40KB) LOS objects, 32% free, 32MB/48MB, paused 273us total 23.893ms
08-06 03:38:31.604  7310  7322 I art     : Starting a blocking GC Explicit
08-06 03:38:31.622  7310  7322 I art     : Explicit concurrent mark sweep GC freed 70(1584B) AllocSpace objects, 0(0B) LOS objects, 32% free, 32MB/48MB, paused 259us total 17.995ms
08-06 03:38:31.632  7310  7322 I art     : Starting a blocking GC Explicit
08-06 03:38:31.649  7310  7322 I art     : Explicit concurrent mark sweep GC freed 51(896B) AllocSpace objects, 0(0B) LOS objects, 32% free, 32MB/48MB, paused 240us total 17.330ms
08-06 03:38:31.658  7310  7322 I art     : Starting a blocking GC Explicit
08-06 03:38:31.675  7310  7322 I art     : Explicit concurrent mark sweep GC freed 27(496B) AllocSpace objects, 0(0B) LOS objects, 32% free, 32MB/48MB, paused 230us total 16.653ms
08-06 03:38:31.683  7310  7322 I art     : Starting a blocking GC Explicit
08-06 03:38:31.699  7310  7322 I art     : Explicit concurrent mark sweep GC freed 51(896B) AllocSpace objects, 0(0B) LOS objects, 32% free, 32MB/48MB, paused 239us total 15.675ms
08-06 03:38:32.034  7310  7329 I art     : Starting a blocking GC Explicit
08-06 03:38:32.050  7310  7329 I art     : Explicit concurrent mark sweep GC freed 1930(91KB) AllocSpace objects, 2(40KB) LOS objects, 32% free, 32MB/48MB, paused 234us total 15.507ms
08-06 03:38:32.058  7310  7329 I art     : Starting a blocking GC Explicit
08-06 03:38:32.073  7310  7329 I art     : Explicit concurrent mark sweep GC freed 46(1184B) AllocSpace objects, 0(0B) LOS objects, 32% free, 32MB/48MB, paused 222us total 14.854ms
08-06 03:38:32.081  7310  7329 I art     : Starting a blocking GC Explicit
08-06 03:38:32.096  7310  7329 I art     : Explicit concurrent mark sweep GC freed 51(896B) AllocSpace objects, 0(0B) LOS objects, 32% free, 32MB/48MB, paused 226us total 14.477ms
08-06 03:38:32.104  7310  7329 I art     : Starting a blocking GC Explicit
08-06 03:38:32.118  7310  7329 I art     : Explicit concurrent mark sweep GC freed 27(496B) AllocSpace objects, 0(0B) LOS objects, 32% free, 32MB/48MB, paused 223us total 14.035ms
08-06 03:38:32.126  7310  7329 I art     : Starting a blocking GC Explicit
08-06 03:38:32.140  7310  7329 I art     : Explicit concurrent mark sweep GC freed 26(464B) AllocSpace objects, 0(0B) LOS objects, 32% free, 32MB/48MB, paused 224us total 14.379ms
08-06 03:38:32.472  7310  7323 I art     : Starting a blocking GC Explicit
08-06 03:38:32.495  7310  7323 I art     : Explicit concurrent mark sweep GC freed 1951(91KB) AllocSpace objects, 2(40KB) LOS objects, 32% free, 32MB/48MB, paused 284us total 23.034ms
08-06 03:38:32.505  7310  7323 I art     : Starting a blocking GC Explicit
08-06 03:38:32.522  7310  7323 I art     : Explicit concurrent mark sweep GC freed 51(1280B) AllocSpace objects, 0(0B) LOS objects, 32% free, 32MB/48MB, paused 251us total 17.600ms
08-06 03:38:32.532  7310  7323 I art     : Starting a blocking GC Explicit
08-06 03:38:32.549  7310  7323 I art     : Explicit concurrent mark sweep GC freed 51(896B) AllocSpace objects, 0(0B) LOS objects, 32% free, 32MB/48MB, paused 256us total 17.185ms
08-06 03:38:32.558  7310  7323 I art     : Starting a blocking GC Explicit
08-06 03:38:32.575  7310  7323 I art     : Explicit concurrent mark sweep GC freed 27(496B) AllocSpace objects, 0(0B) LOS objects, 32% free, 32MB/48MB, paused 251us total 17.131ms
08-06 03:38:32.584  7310  7323 I art     : Starting a blocking GC Explicit
08-06 03:38:32.602  7310  7323 I art     : Explicit concurrent mark sweep GC freed 51(896B) AllocSpace objects, 0(0B) LOS objects, 32% free, 32MB/48MB, paused 261us total 17.367ms
08-06 03:38:32.922  7310  7322 I art     : Starting a blocking GC Explicit
08-06 03:38:32.940  7310  7322 I art     : Explicit concurrent mark sweep GC freed 1906(90KB) AllocSpace objects, 2(40KB) LOS objects, 32% free, 32MB/48MB, paused 300us total 18.473ms
08-06 03:38:32.950  7310  7322 I art     : Starting a blocking GC Explicit
08-06 03:38:32.967  7310  7322 I art     : Explicit concurrent mark sweep GC freed 70(1584B) AllocSpace objects, 0(0B) LOS objects, 32% free, 32MB/48MB, paused 254us total 16.446ms
08-06 03:38:32.975  7310  7322 I art     : Starting a blocking GC Explicit
08-06 03:38:32.992  7310  7322 I art     : Explicit concurrent mark sweep GC freed 27(496B) AllocSpace objects, 0(0B) LOS objects, 32% free, 32MB/48MB, paused 254us total 16.680ms
08-06 03:38:33.001  7310  7322 I art     : Starting a blocking GC Explicit
08-06 03:38:33.018  7310  7322 I art     : Explicit concurrent mark sweep GC freed 51(896B) AllocSpace objects, 0(0B) LOS objects, 32% free, 32MB/48MB, paused 244us total 16.514ms
08-06 03:38:33.026  7310  7322 I art     : Starting a blocking GC Explicit
08-06 03:38:33.044  7310  7322 I art     : Explicit concurrent mark sweep GC freed 27(496B) AllocSpace objects, 0(0B) LOS objects, 32% free, 32MB/48MB, paused 262us total 17.283ms
08-06 03:38:33.399  7310  7329 I art     : Starting a blocking GC Explicit
08-06 03:38:33.423  7310  7329 I art     : Explicit concurrent mark sweep GC freed 1977(92KB) AllocSpace objects, 2(40KB) LOS objects, 32% free, 32MB/48MB, paused 276us total 23.503ms
08-06 03:38:33.437  7310  7329 I art     : Starting a blocking GC Explicit
08-06 03:38:33.454  7310  7329 I art     : Explicit concurrent mark sweep GC freed 70(1584B) AllocSpace objects, 0(0B) LOS objects, 32% free, 32MB/48MB, paused 247us total 17.175ms
08-06 03:38:33.463  7310  7329 I art     : Starting a blocking GC Explicit
08-06 03:38:33.481  7310  7329 I art     : Explicit concurrent mark sweep GC freed 43(736B) AllocSpace objects, 0(0B) LOS objects, 32% free, 32MB/48MB, paused 278us total 17.476ms
08-06 03:38:33.489  7310  7329 I art     : Starting a blocking GC Explicit
08-06 03:38:33.507  7310  7329 I art     : Explicit concurrent mark sweep GC freed 35(656B) AllocSpace objects, 0(0B) LOS objects, 32% free, 32MB/48MB, paused 364us total 17.130ms
08-06 03:38:33.516  7310  7329 I art     : Starting a blocking GC Explicit
08-06 03:38:33.533  7310  7329 I art     : Explicit concurrent mark sweep GC freed 51(896B) AllocSpace objects, 0(0B) LOS objects, 32% free, 32MB/48MB, paused 240us total 17.127ms
08-06 03:38:33.881  7310  7323 I art     : Starting a blocking GC Explicit
08-06 03:38:33.905  7310  7323 I art     : Explicit concurrent mark sweep GC freed 1953(91KB) AllocSpace objects, 2(40KB) LOS objects, 32% free, 32MB/48MB, paused 281us total 23.918ms
08-06 03:38:33.918  7310  7323 I art     : Starting a blocking GC Explicit
08-06 03:38:33.936  7310  7323 I art     : Explicit concurrent mark sweep GC freed 70(1584B) AllocSpace objects, 0(0B) LOS objects, 32% free, 32MB/48MB, paused 250us total 17.409ms
08-06 03:38:33.945  7310  7323 I art     : Starting a blocking GC Explicit
08-06 03:38:33.963  7310  7323 I art     : Explicit concurrent mark sweep GC freed 36(624B) AllocSpace objects, 0(0B) LOS objects, 32% free, 32MB/48MB, paused 279us total 17.965ms
08-06 03:38:33.972  7310  7323 I art     : Starting a blocking GC Explicit
08-06 03:38:33.989  7310  7323 I art     : Explicit concurrent mark sweep GC freed 42(768B) AllocSpace objects, 0(0B) LOS objects, 32% free, 32MB/48MB, paused 257us total 17.191ms
08-06 03:38:33.998  7310  7323 I art     : Starting a blocking GC Explicit
08-06 03:38:34.016  7310  7323 I art     : Explicit concurrent mark sweep GC freed 51(896B) AllocSpace objects, 0(0B) LOS objects, 32% free, 32MB/48MB, paused 246us total 17.112ms
08-06 03:38:34.350  7310  7322 I art     : Starting a blocking GC Explicit
08-06 03:38:34.374  7310  7322 I art     : Explicit concurrent mark sweep GC freed 1929(91KB) AllocSpace objects, 2(40KB) LOS objects, 32% free, 32MB/48MB, paused 289us total 23.588ms
08-06 03:38:34.387  7310  7322 I art     : Starting a blocking GC Explicit
08-06 03:38:34.404  7310  7322 I art     : Explicit concurrent mark sweep GC freed 70(1584B) AllocSpace objects, 0(0B) LOS objects, 32% free, 32MB/48MB, paused 239us total 16.947ms
08-06 03:38:34.413  7310  7322 I art     : Starting a blocking GC Explicit
08-06 03:38:34.431  7310  7322 I art     : Explicit concurrent mark sweep GC freed 29(512B) AllocSpace objects, 0(0B) LOS objects, 32% free, 32MB/48MB, paused 276us total 17.596ms
08-06 03:38:34.439  7310  7322 I art     : Starting a blocking GC Explicit
08-06 03:38:34.456  7310  7322 I art     : Explicit concurrent mark sweep GC freed 49(880B) AllocSpace objects, 0(0B) LOS objects, 32% free, 32MB/48MB, paused 245us total 16.551ms
08-06 03:38:34.465  7310  7322 I art     : Starting a blocking GC Explicit
08-06 03:38:34.482  7310  7322 I art     : Explicit concurrent mark sweep GC freed 31(560B) AllocSpace objects, 0(0B) LOS objects, 32% free, 32MB/48MB, paused 279us total 17.478ms
08-06 03:38:34.815  7310  7329 I art     : Starting a blocking GC Explicit
08-06 03:38:34.838  7310  7329 I art     : Explicit concurrent mark sweep GC freed 1949(91KB) AllocSpace objects, 2(40KB) LOS objects, 32% free, 32MB/48MB, paused 274us total 23.418ms
08-06 03:38:34.852  7310  7329 I art     : Starting a blocking GC Explicit
08-06 03:38:34.874  7310  7329 I art     : Explicit concurrent mark sweep GC freed 70(1584B) AllocSpace objects, 0(0B) LOS objects, 32% free, 32MB/48MB, paused 265us total 22.365ms
08-06 03:38:34.884  7310  7329 I art     : Starting a blocking GC Explicit
08-06 03:38:34.902  7310  7329 I art     : Explicit concurrent mark sweep GC freed 51(896B) AllocSpace objects, 0(0B) LOS objects, 32% free, 32MB/48MB, paused 246us total 17.755ms
08-06 03:38:34.911  7310  7329 I art     : Starting a blocking GC Explicit
08-06 03:38:34.928  7310  7329 I art     : Explicit concurrent mark sweep GC freed 27(496B) AllocSpace objects, 0(0B) LOS objects, 32% free, 32MB/48MB, paused 232us total 16.985ms
08-06 03:38:34.937  7310  7329 I art     : Starting a blocking GC Explicit
08-06 03:38:34.954  7310  7329 I art     : Explicit concurrent mark sweep GC freed 51(896B) AllocSpace objects, 0(0B) LOS objects, 32% free, 32MB/48MB, paused 249us total 17.235ms
08-06 03:38:35.234  7310  7323 I art     : Starting a blocking GC Explicit
08-06 03:38:35.253  7310  7323 I art     : Explicit concurrent mark sweep GC freed 1857(90KB) AllocSpace objects, 2(40KB) LOS objects, 32% free, 32MB/48MB, paused 253us total 18.321ms
08-06 03:38:35.262  7310  7323 I art     : Starting a blocking GC Explicit
08-06 03:38:35.279  7310  7323 I art     : Explicit concurrent mark sweep GC freed 45(1152B) AllocSpace objects, 0(0B) LOS objects, 32% free, 32MB/48MB, paused 281us total 17.128ms
08-06 03:38:35.288  7310  7323 I art     : Starting a blocking GC Explicit
08-06 03:38:35.306  7310  7323 I art     : Explicit concurrent mark sweep GC freed 52(928B) AllocSpace objects, 0(0B) LOS objects, 32% free, 32MB/48MB, paused 247us total 17.152ms
08-06 03:38:35.314  7310  7323 I art     : Starting a blocking GC Explicit
08-06 03:38:35.331  7310  7323 I art     : Explicit concurrent mark sweep GC freed 33(592B) AllocSpace objects, 0(0B) LOS objects, 32% free, 32MB/48MB, paused 305us total 16.212ms
08-06 03:38:35.339  7310  7323 I art     : Starting a blocking GC Explicit
08-06 03:38:35.357  7310  7323 I art     : Explicit concurrent mark sweep GC freed 45(800B) AllocSpace objects, 0(0B) LOS objects, 32% free, 32MB/48MB, paused 250us total 17.192ms
08-06 03:38:35.391  7544  7544 D AndroidRuntime: >>>>>> START com.android.internal.os.RuntimeInit uid 2000 <<<<<<
08-06 03:38:35.395  7544  7544 D AndroidRuntime: CheckJNI is OFF
08-06 03:38:35.420  7544  7544 D ICU     : No timezone override file found: /data/misc/zoneinfo/current/icu/icu_tzdata.dat
08-06 03:38:35.444  7544  7544 I Radio-JNI: register_android_hardware_Radio DONE
08-06 03:38:35.460  7544  7544 D AndroidRuntime: Calling main entry com.android.commands.input.Input
08-06 03:38:35.462  7544  7544 I Input   : injectMotionEvent: MotionEvent { action=ACTION_DOWN, actionButton=0, id[0]=0, x[0]=346.0, y[0]=709.0, toolType[0]=TOOL_TYPE_UNKNOWN, buttonState=0, metaState=0, flags=0x0, edgeFlags=0x0, pointerCount=1, historySize=0, eventTime=848331875, downTime=848331875, deviceId=0, source=0x1002 }
08-06 03:38:35.471  7544  7544 I Input   : injectMotionEvent: MotionEvent { action=ACTION_UP, actionButton=0, id[0]=0, x[0]=346.0, y[0]=709.0, toolType[0]=TOOL_TYPE_UNKNOWN, buttonState=0, metaState=0, flags=0x0, edgeFlags=0x0, pointerCount=1, historySize=0, eventTime=848331875, downTime=848331875, deviceId=0, source=0x1002 }
08-06 03:38:35.482   918   928 I ActivityManager: START u0 {cmp=baseline.io.github.project_travel_mate/.destinations.description.FinalCityInfoActivity (has extras)} from uid 10696 on display 0
08-06 03:38:35.490  7544  7544 D AndroidRuntime: Shutting down VM
08-06 03:38:35.508  7310  7390 D Gabe    : call	returning from cache
08-06 03:38:35.542  7310  7310 V EXECUTING: https://project-travel-mate.herokuapp.com/api/get-city-weather/1
08-06 03:38:35.617  7310  7322 I art     : Starting a blocking GC Explicit
08-06 03:38:35.640  7310  7322 I art     : Explicit concurrent mark sweep GC freed 9085(576KB) AllocSpace objects, 2(40KB) LOS objects, 29% free, 37MB/53MB, paused 568us total 22.634ms
08-06 03:38:35.649  7310  7322 I art     : Starting a blocking GC Explicit
08-06 03:38:35.658   918   936 I ActivityManager: Displayed baseline.io.github.project_travel_mate/.destinations.description.FinalCityInfoActivity: +167ms
08-06 03:38:35.663 13866 13866 I GoogleInputMethodServic: GoogleInputMethodService.onFinishInput():3138 
08-06 03:38:35.664 13866 13866 I GoogleInputMethodServic: GoogleInputMethodService.onStartInput():1808 
08-06 03:38:35.668  7310  7322 I art     : Explicit concurrent mark sweep GC freed 692(33KB) AllocSpace objects, 0(0B) LOS objects, 29% free, 37MB/53MB, paused 541us total 18.867ms
08-06 03:38:35.678  7310  7322 I art     : Starting a blocking GC Explicit
08-06 03:38:35.701  7310  7322 I art     : Explicit concurrent mark sweep GC freed 148(9KB) AllocSpace objects, 0(0B) LOS objects, 29% free, 37MB/53MB, paused 620us total 22.312ms
08-06 03:38:35.712  7310  7322 I art     : Starting a blocking GC Explicit
08-06 03:38:35.732  7310  7322 I art     : Explicit concurrent mark sweep GC freed 55(960B) AllocSpace objects, 0(0B) LOS objects, 29% free, 37MB/53MB, paused 322us total 19.710ms
08-06 03:38:35.744  7310  7322 I art     : Starting a blocking GC Explicit
08-06 03:38:35.766  7310  7322 I art     : Explicit concurrent mark sweep GC freed 57(992B) AllocSpace objects, 0(0B) LOS objects, 29% free, 37MB/53MB, paused 508us total 21.375ms
08-06 03:38:35.897   380   380 W SurfaceFlinger: couldn't log to binary event log: overflow.
08-06 03:38:36.018  7310  7581 I art     : Starting a blocking GC Explicit
08-06 03:38:36.040  7310  7581 I art     : Explicit concurrent mark sweep GC freed 2240(96KB) AllocSpace objects, 2(40KB) LOS objects, 29% free, 37MB/53MB, paused 453us total 22.118ms
08-06 03:38:36.050  7310  7581 I art     : Starting a blocking GC Explicit
08-06 03:38:36.071  7310  7581 I art     : Explicit concurrent mark sweep GC freed 40(1072B) AllocSpace objects, 0(0B) LOS objects, 29% free, 37MB/53MB, paused 433us total 20.182ms
08-06 03:38:36.081  7310  7581 I art     : Starting a blocking GC Explicit
08-06 03:38:36.100  7310  7581 I art     : Explicit concurrent mark sweep GC freed 45(2320B) AllocSpace objects, 0(0B) LOS objects, 29% free, 37MB/53MB, paused 970us total 19.523ms
08-06 03:38:36.110  7310  7581 I art     : Starting a blocking GC Explicit
08-06 03:38:36.129  7310  7581 I art     : Explicit concurrent mark sweep GC freed 205(10KB) AllocSpace objects, 0(0B) LOS objects, 29% free, 37MB/53MB, paused 438us total 19.306ms
08-06 03:38:36.139  7310  7581 I art     : Starting a blocking GC Explicit
08-06 03:38:36.159  7310  7581 I art     : Explicit concurrent mark sweep GC freed 21(384B) AllocSpace objects, 0(0B) LOS objects, 29% free, 37MB/53MB, paused 501us total 19.048ms
08-06 03:38:36.370  6649  6649 I ServiceManager: Waiting for service AtCmdFwd...
08-06 03:38:36.457  7310  7581 I art     : Starting a blocking GC Explicit
08-06 03:38:36.469  7310  7580 I NAPPA_EXPERIMENTATION: MetricNetworkRequestExecutionTime: REQUEST_DURATION_SYSTEM='926',REQUEST_DURATION_OKHTTP='60',REQUEST_SYNCHRONOUS='FALSE',RESPONSE_CODE='200',RESPONSE_METHOD='GET',RESPONSE_LENGTH_OKHTTP='530',RESPONSE_LENGTH_HEADER='530',REQUEST_PROTOCOL='http/1.1',REQUEST_URL='https://project-travel-mate.herokuapp.com/api/get-city/1',
08-06 03:38:36.470  7310  7579 I NAPPA_EXPERIMENTATION: MetricNetworkRequestExecutionTime: REQUEST_DURATION_SYSTEM='927',REQUEST_DURATION_OKHTTP='61',REQUEST_SYNCHRONOUS='FALSE',RESPONSE_CODE='200',RESPONSE_METHOD='GET',RESPONSE_LENGTH_OKHTTP='238',RESPONSE_LENGTH_HEADER='238',REQUEST_PROTOCOL='http/1.1',REQUEST_URL='https://project-travel-mate.herokuapp.com/api/get-city-weather/1',
08-06 03:38:36.478  7310  7581 I art     : Explicit concurrent mark sweep GC freed 6878(323KB) AllocSpace objects, 5(240KB) LOS objects, 29% free, 37MB/53MB, paused 492us total 20.204ms
08-06 03:38:36.486  7310  7581 I art     : Starting a blocking GC Explicit
08-06 03:38:36.505  7310  7581 I art     : Explicit concurrent mark sweep GC freed 1146(121KB) AllocSpace objects, 0(0B) LOS objects, 29% free, 37MB/53MB, paused 432us total 19.216ms
08-06 03:38:36.509  7310  7580 V Response: {"id":1,"city_name":"Delhi","description":"Delhi, officially the National Capital Territory of Delhi, is the Capital territory of India. During the British Raj, Delhi was part of the province of Punjab and is still historically and culturally connected to the Punjab region.","latitude":"28.613900","longitude":"77.209000","facts_count":6,"images":["https://upload.wikimedia.org/wikipedia/commons/9/94/%E0%B4%96%E0%B5%81%E0%B4%A4%E0%B5%8D%E0%B4%AC%E0%B5%8D_%E0%B4%AE%E0%B4%BF%E0%B4%A8%E0%B4%BE%E0%B5%BC1.jpg"],"has_visited":false}
08-06 03:38:36.515  7310  7581 I art     : Starting a blocking GC Explicit
08-06 03:38:36.533  7310  7581 I art     : Explicit concurrent mark sweep GC freed 313(18KB) AllocSpace objects, 0(0B) LOS objects, 29% free, 37MB/53MB, paused 270us total 18.372ms
08-06 03:38:36.542  7310  7581 I art     : Starting a blocking GC Explicit
08-06 03:38:36.561  7310  7581 I art     : Explicit concurrent mark sweep GC freed 104(1744B) AllocSpace objects, 0(0B) LOS objects, 29% free, 37MB/53MB, paused 447us total 19.140ms
08-06 03:38:36.571  7310  7581 I art     : Starting a blocking GC Explicit
08-06 03:38:36.589  7310  7581 I art     : Explicit concurrent mark sweep GC freed 20(368B) AllocSpace objects, 0(0B) LOS objects, 29% free, 37MB/53MB, paused 269us total 17.991ms
08-06 03:38:36.897  7310  7323 I art     : Starting a blocking GC Explicit
08-06 03:38:36.919  7310  7323 I art     : Explicit concurrent mark sweep GC freed 4884(345KB) AllocSpace objects, 11(5MB) LOS objects, 29% free, 38MB/54MB, paused 363us total 21.746ms
08-06 03:38:36.928  7310  7323 I art     : Starting a blocking GC Explicit
08-06 03:38:36.947  7310  7323 I art     : Explicit concurrent mark sweep GC freed 199(6KB) AllocSpace objects, 0(0B) LOS objects, 29% free, 38MB/54MB, paused 306us total 18.869ms
08-06 03:38:36.956  7310  7323 I art     : Starting a blocking GC Explicit
08-06 03:38:36.974  7310  7323 I art     : Explicit concurrent mark sweep GC freed 99(1696B) AllocSpace objects, 0(0B) LOS objects, 29% free, 38MB/54MB, paused 268us total 17.871ms
08-06 03:38:36.982  7310  7323 I art     : Starting a blocking GC Explicit
08-06 03:38:37.001  7310  7323 I art     : Explicit concurrent mark sweep GC freed 99(1696B) AllocSpace objects, 0(0B) LOS objects, 29% free, 38MB/54MB, paused 267us total 18.475ms
08-06 03:38:37.010  7310  7323 I art     : Starting a blocking GC Explicit
08-06 03:38:37.030  7310  7323 I art     : Explicit concurrent mark sweep GC freed 51(896B) AllocSpace objects, 0(0B) LOS objects, 29% free, 38MB/54MB, paused 280us total 19.471ms
08-06 03:38:37.370  6649  6649 I ServiceManager: Waiting for service AtCmdFwd...
08-06 03:38:37.388  7310  7581 I art     : Starting a blocking GC Explicit
08-06 03:38:37.411  7310  7581 I art     : Explicit concurrent mark sweep GC freed 2591(103KB) AllocSpace objects, 2(40KB) LOS objects, 29% free, 38MB/54MB, paused 280us total 22.294ms
08-06 03:38:37.420  7310  7581 I art     : Starting a blocking GC Explicit
08-06 03:38:37.440  7310  7581 I art     : Explicit concurrent mark sweep GC freed 128(2928B) AllocSpace objects, 0(0B) LOS objects, 29% free, 38MB/54MB, paused 279us total 19.512ms
08-06 03:38:37.449  7310  7581 I art     : Starting a blocking GC Explicit
08-06 03:38:37.468  7310  7581 I art     : Explicit concurrent mark sweep GC freed 98(1664B) AllocSpace objects, 0(0B) LOS objects, 29% free, 38MB/54MB, paused 268us total 19.296ms
08-06 03:38:37.477  7310  7581 I art     : Starting a blocking GC Explicit
08-06 03:38:37.496  7310  7581 I art     : Explicit concurrent mark sweep GC freed 52(928B) AllocSpace objects, 0(0B) LOS objects, 29% free, 38MB/54MB, paused 282us total 19.334ms
08-06 03:38:37.506  7310  7581 I art     : Starting a blocking GC Explicit
08-06 03:38:37.526  7310  7581 I art     : Explicit concurrent mark sweep GC freed 99(1696B) AllocSpace objects, 0(0B) LOS objects, 29% free, 38MB/54MB, paused 298us total 19.261ms
08-06 03:38:37.865  7310  7322 I art     : Starting a blocking GC Explicit
08-06 03:38:37.888  7310  7322 I art     : Explicit concurrent mark sweep GC freed 2481(100KB) AllocSpace objects, 2(40KB) LOS objects, 29% free, 38MB/54MB, paused 274us total 23.132ms
08-06 03:38:37.897  7310  7322 I art     : Starting a blocking GC Explicit
08-06 03:38:37.917  7310  7322 I art     : Explicit concurrent mark sweep GC freed 88(1872B) AllocSpace objects, 0(0B) LOS objects, 29% free, 38MB/54MB, paused 362us total 19.512ms
08-06 03:38:37.925  7310  7322 I art     : Starting a blocking GC Explicit
08-06 03:38:37.945  7310  7322 I art     : Explicit concurrent mark sweep GC freed 81(1408B) AllocSpace objects, 0(0B) LOS objects, 29% free, 38MB/54MB, paused 275us total 19.208ms
08-06 03:38:37.954  7310  7322 I art     : Starting a blocking GC Explicit
08-06 03:38:37.973  7310  7322 I art     : Explicit concurrent mark sweep GC freed 99(1696B) AllocSpace objects, 0(0B) LOS objects, 29% free, 38MB/54MB, paused 263us total 19.347ms
08-06 03:38:37.982  7310  7322 I art     : Starting a blocking GC Explicit
08-06 03:38:38.002  7310  7322 I art     : Explicit concurrent mark sweep GC freed 98(1664B) AllocSpace objects, 0(0B) LOS objects, 29% free, 38MB/54MB, paused 293us total 19.855ms
08-06 03:38:38.112   518   646 I ThermalEngine: ACTION: GPU - Setting GPU[0] to 510000000
08-06 03:38:38.308   918  3188 I hubconnection: sensorhub said: 'set_bias 3: -5.4624, 0.0000, 0.0000'
08-06 03:38:38.352  7310  7329 I art     : Starting a blocking GC Explicit
08-06 03:38:38.371  6649  6649 I ServiceManager: Waiting for service AtCmdFwd...
08-06 03:38:38.378  7310  7329 I art     : Explicit concurrent mark sweep GC freed 2483(100KB) AllocSpace objects, 2(40KB) LOS objects, 29% free, 38MB/54MB, paused 379us total 25.943ms
08-06 03:38:38.390  7310  7329 I art     : Starting a blocking GC Explicit
08-06 03:38:38.415  7310  7329 I art     : Explicit concurrent mark sweep GC freed 118(2384B) AllocSpace objects, 0(0B) LOS objects, 29% free, 38MB/54MB, paused 384us total 24.607ms
08-06 03:38:38.427  7310  7329 I art     : Starting a blocking GC Explicit
08-06 03:38:38.451  7310  7329 I art     : Explicit concurrent mark sweep GC freed 127(2144B) AllocSpace objects, 0(0B) LOS objects, 29% free, 38MB/54MB, paused 487us total 24.249ms
08-06 03:38:38.463  7310  7329 I art     : Starting a blocking GC Explicit
08-06 03:38:38.488  7310  7329 I art     : Explicit concurrent mark sweep GC freed 119(2048B) AllocSpace objects, 0(0B) LOS objects, 29% free, 38MB/54MB, paused 370us total 24.092ms
08-06 03:38:38.499  7310  7329 I art     : Starting a blocking GC Explicit
08-06 03:38:38.524  7310  7329 I art     : Explicit concurrent mark sweep GC freed 98(1664B) AllocSpace objects, 0(0B) LOS objects, 29% free, 38MB/54MB, paused 396us total 24.658ms
08-06 03:38:38.898  7310  7323 I art     : Starting a blocking GC Explicit
08-06 03:38:38.924  7310  7323 I art     : Explicit concurrent mark sweep GC freed 2580(101KB) AllocSpace objects, 2(40KB) LOS objects, 29% free, 38MB/54MB, paused 394us total 26.319ms
08-06 03:38:38.925  7310  7321 I art     : WaitForGcToComplete blocked for 19.138ms for cause HeapTrim
08-06 03:38:38.937  7310  7323 I art     : Starting a blocking GC Explicit
08-06 03:38:38.959  7310  7323 I art     : Explicit concurrent mark sweep GC freed 118(2384B) AllocSpace objects, 0(0B) LOS objects, 29% free, 38MB/54MB, paused 373us total 21.871ms
08-06 03:38:38.970  7310  7323 I art     : Starting a blocking GC Explicit
08-06 03:38:38.992  7310  7323 I art     : Explicit concurrent mark sweep GC freed 99(1696B) AllocSpace objects, 0(0B) LOS objects, 29% free, 38MB/54MB, paused 366us total 21.773ms
08-06 03:38:39.003  7310  7323 I art     : Starting a blocking GC Explicit
08-06 03:38:39.025  7310  7323 I art     : Explicit concurrent mark sweep GC freed 99(1696B) AllocSpace objects, 0(0B) LOS objects, 29% free, 38MB/54MB, paused 370us total 21.940ms
08-06 03:38:39.037  7310  7323 I art     : Starting a blocking GC Explicit
08-06 03:38:39.058  7310  7323 I art     : Explicit concurrent mark sweep GC freed 99(1696B) AllocSpace objects, 0(0B) LOS objects, 29% free, 38MB/54MB, paused 382us total 21.266ms
08-06 03:38:39.371  6649  6649 I ServiceManager: Waiting for service AtCmdFwd...
08-06 03:38:39.405  7310  7581 I art     : Starting a blocking GC Explicit
08-06 03:38:39.430  7310  7581 I art     : Explicit concurrent mark sweep GC freed 2481(100KB) AllocSpace objects, 2(40KB) LOS objects, 29% free, 38MB/54MB, paused 369us total 24.805ms
08-06 03:38:39.442  7310  7581 I art     : Starting a blocking GC Explicit
08-06 03:38:39.467  7310  7581 I art     : Explicit concurrent mark sweep GC freed 118(2384B) AllocSpace objects, 0(0B) LOS objects, 29% free, 38MB/54MB, paused 386us total 24.796ms
08-06 03:38:39.478  7310  7581 I art     : Starting a blocking GC Explicit
08-06 03:38:39.503  7310  7581 I art     : Explicit concurrent mark sweep GC freed 146(2464B) AllocSpace objects, 0(0B) LOS objects, 29% free, 38MB/54MB, paused 384us total 24.234ms
08-06 03:38:39.515  7310  7581 I art     : Starting a blocking GC Explicit
08-06 03:38:39.540  7310  7581 I art     : Explicit concurrent mark sweep GC freed 100(1728B) AllocSpace objects, 0(0B) LOS objects, 29% free, 38MB/54MB, paused 368us total 24.692ms
08-06 03:38:39.552  7310  7581 I art     : Starting a blocking GC Explicit
08-06 03:38:39.576  7310  7581 I art     : Explicit concurrent mark sweep GC freed 99(1696B) AllocSpace objects, 0(0B) LOS objects, 29% free, 38MB/54MB, paused 374us total 24.300ms
08-06 03:38:39.913  7310  7322 I art     : Starting a blocking GC Explicit
08-06 03:38:39.939  7310  7322 I art     : Explicit concurrent mark sweep GC freed 2482(100KB) AllocSpace objects, 2(40KB) LOS objects, 29% free, 38MB/54MB, paused 384us total 25.440ms
08-06 03:38:39.951  7310  7322 I art     : Starting a blocking GC Explicit
08-06 03:38:39.976  7310  7322 I art     : Explicit concurrent mark sweep GC freed 117(2352B) AllocSpace objects, 0(0B) LOS objects, 29% free, 38MB/54MB, paused 404us total 24.638ms
08-06 03:38:39.988  7310  7322 I art     : Starting a blocking GC Explicit
08-06 03:38:40.013  7310  7322 I art     : Explicit concurrent mark sweep GC freed 99(1696B) AllocSpace objects, 0(0B) LOS objects, 29% free, 38MB/54MB, paused 432us total 24.110ms
08-06 03:38:40.024  7310  7322 I art     : Starting a blocking GC Explicit
08-06 03:38:40.049  7310  7322 I art     : Explicit concurrent mark sweep GC freed 100(1728B) AllocSpace objects, 0(0B) LOS objects, 29% free, 38MB/54MB, paused 369us total 23.957ms
08-06 03:38:40.061  7310  7322 I art     : Starting a blocking GC Explicit
08-06 03:38:40.085  7310  7322 I art     : Explicit concurrent mark sweep GC freed 99(1696B) AllocSpace objects, 0(0B) LOS objects, 29% free, 38MB/54MB, paused 367us total 24.032ms
08-06 03:38:40.175  7670  7670 D AndroidRuntime: >>>>>> START com.android.internal.os.RuntimeInit uid 2000 <<<<<<
08-06 03:38:40.180  7670  7670 D AndroidRuntime: CheckJNI is OFF
08-06 03:38:40.213  7670  7670 D ICU     : No timezone override file found: /data/misc/zoneinfo/current/icu/icu_tzdata.dat
08-06 03:38:40.245  7670  7670 I Radio-JNI: register_android_hardware_Radio DONE
08-06 03:38:40.267  7670  7670 D AndroidRuntime: Calling main entry com.android.commands.input.Input
08-06 03:38:40.269  7670  7670 I Input   : injectMotionEvent: MotionEvent { action=ACTION_DOWN, actionButton=0, id[0]=0, x[0]=693.0, y[0]=1450.0, toolType[0]=TOOL_TYPE_UNKNOWN, buttonState=0, metaState=0, flags=0x0, edgeFlags=0x0, pointerCount=1, historySize=0, eventTime=848336682, downTime=848336682, deviceId=0, source=0x1002 }
08-06 03:38:40.274  7670  7670 I Input   : injectMotionEvent: MotionEvent { action=ACTION_UP, actionButton=0, id[0]=0, x[0]=693.0, y[0]=1450.0, toolType[0]=TOOL_TYPE_UNKNOWN, buttonState=0, metaState=0, flags=0x0, edgeFlags=0x0, pointerCount=1, historySize=0, eventTime=848336682, downTime=848336682, deviceId=0, source=0x1002 }
08-06 03:38:40.275  7670  7670 D AndroidRuntime: Shutting down VM
08-06 03:38:40.277   918  3359 I ActivityManager: START u0 {cmp=baseline.io.github.project_travel_mate/.destinations.description.CityHistoryActivity} from uid 10696 on display 0
08-06 03:38:40.278   512  2967 D audio_hw_primary: out_set_parameters: enter: usecase(1: low-latency-playback) kvpairs: routing=2
08-06 03:38:40.291   512  2967 D audio_hw_primary: select_devices: out_snd_device(2: speaker) in_snd_device(0: none)
08-06 03:38:40.291   512  2967 D msm8974_platform: platform_send_audio_calibration: sending audio calibration for snd_device(2) acdb_id(15)
08-06 03:38:40.291   512  2967 I soundtrigger: audio_extn_sound_trigger_update_device_status: device 0x2 of type 0 for Event 1
08-06 03:38:40.301   512  2967 D audio_hw_primary: enable_snd_device: snd_device(2: speaker)
08-06 03:38:40.303   512  2967 D audio_hw_primary: enable_audio_route: apply and update mixer path: low-latency-playback speaker
08-06 03:38:40.309  7310  7390 D Gabe    : call	returning from cache
08-06 03:38:40.311  7310  7310 V EXECUTING: https://project-travel-mate.herokuapp.com/api/get-city-information/1
08-06 03:38:40.372  6649  6649 I ServiceManager: Waiting for service AtCmdFwd...
08-06 03:38:40.406  7310  7322 I art     : Starting a blocking GC Explicit
08-06 03:38:40.433  7310  7322 I art     : Explicit concurrent mark sweep GC freed 3319(228KB) AllocSpace objects, 2(40KB) LOS objects, 27% free, 42MB/58MB, paused 448us total 26.097ms
08-06 03:38:40.445  7310  7322 I art     : Starting a blocking GC Explicit
08-06 03:38:40.461   918   936 I ActivityManager: Displayed baseline.io.github.project_travel_mate/.destinations.description.CityHistoryActivity: +177ms
08-06 03:38:40.461 13866 13866 I GoogleInputMethodServic: GoogleInputMethodService.onFinishInput():3138 
08-06 03:38:40.462 13866 13866 I GoogleInputMethodServic: GoogleInputMethodService.onStartInput():1808 
08-06 03:38:40.469  7310  7322 I art     : Explicit concurrent mark sweep GC freed 347(12KB) AllocSpace objects, 0(0B) LOS objects, 27% free, 42MB/58MB, paused 650us total 24.010ms
08-06 03:38:40.481  7310  7322 I art     : Starting a blocking GC Explicit
08-06 03:38:40.509  7310  7322 I art     : Explicit concurrent mark sweep GC freed 31(704B) AllocSpace objects, 0(0B) LOS objects, 27% free, 42MB/58MB, paused 667us total 27.833ms
08-06 03:38:40.523  7310  7322 I art     : Starting a blocking GC Explicit
08-06 03:38:40.549  7310  7322 I art     : Explicit concurrent mark sweep GC freed 120(2048B) AllocSpace objects, 0(0B) LOS objects, 27% free, 42MB/58MB, paused 647us total 25.794ms
08-06 03:38:40.562  7310  7322 I art     : Starting a blocking GC Explicit
08-06 03:38:40.589  7310  7322 I art     : Explicit concurrent mark sweep GC freed 19(400B) AllocSpace objects, 0(0B) LOS objects, 27% free, 42MB/58MB, paused 570us total 26.684ms
08-06 03:38:40.720   380   380 W SurfaceFlinger: couldn't log to binary event log: overflow.
08-06 03:38:40.848   512  2967 D audio_hw_primary: disable_audio_route: reset and update mixer path: low-latency-playback speaker
08-06 03:38:40.850   512  2967 D audio_hw_primary: disable_snd_device: snd_device(2: speaker)
08-06 03:38:40.858   512  2967 I soundtrigger: audio_extn_sound_trigger_update_device_status: device 0x2 of type 0 for Event 0
08-06 03:38:40.919  7310  7323 I art     : Starting a blocking GC Explicit
08-06 03:38:40.945  7310  7323 I art     : Explicit concurrent mark sweep GC freed 2789(106KB) AllocSpace objects, 2(40KB) LOS objects, 27% free, 42MB/58MB, paused 633us total 24.863ms
08-06 03:38:40.957  7310  7323 I art     : Starting a blocking GC Explicit
08-06 03:38:40.982  7310  7323 I art     : Explicit concurrent mark sweep GC freed 45(1680B) AllocSpace objects, 0(0B) LOS objects, 27% free, 42MB/58MB, paused 706us total 25.228ms
08-06 03:38:40.995  7310  7323 I art     : Starting a blocking GC Explicit
08-06 03:38:41.019  7310  7323 I art     : Explicit concurrent mark sweep GC freed 96(1648B) AllocSpace objects, 0(0B) LOS objects, 27% free, 42MB/58MB, paused 671us total 24.480ms
08-06 03:38:41.032  7310  7323 I art     : Starting a blocking GC Explicit
08-06 03:38:41.057  7310  7323 I art     : Explicit concurrent mark sweep GC freed 53(896B) AllocSpace objects, 0(0B) LOS objects, 27% free, 42MB/58MB, paused 659us total 24.763ms
08-06 03:38:41.068  7310  7323 I art     : Starting a blocking GC Explicit
08-06 03:38:41.094  7310  7323 I art     : Explicit concurrent mark sweep GC freed 893(62KB) AllocSpace objects, 2(120KB) LOS objects, 27% free, 43MB/59MB, paused 739us total 25.444ms
08-06 03:38:41.144  7310  7707 I NAPPA_EXPERIMENTATION: MetricNetworkRequestExecutionTime: REQUEST_DURATION_SYSTEM='832',REQUEST_DURATION_OKHTTP='29',REQUEST_SYNCHRONOUS='FALSE',RESPONSE_CODE='200',RESPONSE_METHOD='GET',RESPONSE_LENGTH_OKHTTP='55024',RESPONSE_LENGTH_HEADER='55024',REQUEST_PROTOCOL='http/1.1',REQUEST_URL='https://project-travel-mate.herokuapp.com/api/get-city-information/1',
08-06 03:38:41.279 13866 13866 I GoogleInputMethodServic: GoogleInputMethodService.onFinishInput():3138 
08-06 03:38:41.279 13866 13866 I GoogleInputMethodServic: GoogleInputMethodService.onStartInput():1808 
08-06 03:38:41.372  6649  6649 W Atfwd_Sendcmd: AtCmdFwd service not published, waiting... retryCnt : 2
08-06 03:38:41.402  7310  7322 I art     : Starting a blocking GC Explicit
08-06 03:38:41.437  7310  7322 I art     : Explicit concurrent mark sweep GC freed 6118(1454KB) AllocSpace objects, 23(4MB) LOS objects, 28% free, 39MB/55MB, paused 443us total 34.876ms
08-06 03:38:41.452  7310  7322 I art     : Starting a blocking GC Explicit
08-06 03:38:41.479  7310  7322 I art     : Explicit concurrent mark sweep GC freed 883(83KB) AllocSpace objects, 0(0B) LOS objects, 29% free, 39MB/55MB, paused 404us total 26.376ms
08-06 03:38:41.490  7310  7322 I art     : Starting a blocking GC Explicit
08-06 03:38:41.517  7310  7322 I art     : Explicit concurrent mark sweep GC freed 148(2528B) AllocSpace objects, 0(0B) LOS objects, 29% free, 39MB/55MB, paused 473us total 26.113ms
08-06 03:38:41.529  7310  7322 I art     : Starting a blocking GC Explicit
08-06 03:38:41.555  7310  7322 I art     : Explicit concurrent mark sweep GC freed 218(3KB) AllocSpace objects, 0(0B) LOS objects, 29% free, 39MB/55MB, paused 452us total 26.606ms
08-06 03:38:41.568  7310  7322 I art     : Starting a blocking GC Explicit
08-06 03:38:41.595  7310  7322 I art     : Explicit concurrent mark sweep GC freed 148(2528B) AllocSpace objects, 0(0B) LOS objects, 29% free, 39MB/55MB, paused 413us total 26.797ms
08-06 03:38:41.910  7310  7329 I art     : Starting a blocking GC Explicit
08-06 03:38:41.941  7310  7329 I art     : Explicit concurrent mark sweep GC freed 2929(107KB) AllocSpace objects, 2(40KB) LOS objects, 29% free, 39MB/55MB, paused 529us total 30.276ms
08-06 03:38:41.957  7310  7329 I art     : Starting a blocking GC Explicit
08-06 03:38:41.986  7310  7329 I art     : Explicit concurrent mark sweep GC freed 184(3KB) AllocSpace objects, 0(0B) LOS objects, 29% free, 39MB/55MB, paused 400us total 28.824ms
08-06 03:38:41.998  7310  7329 I art     : Starting a blocking GC Explicit
08-06 03:38:42.023  7310  7329 I art     : Explicit concurrent mark sweep GC freed 216(3KB) AllocSpace objects, 0(0B) LOS objects, 29% free, 39MB/55MB, paused 451us total 24.014ms
08-06 03:38:42.034  7310  7329 I art     : Starting a blocking GC Explicit
08-06 03:38:42.060  7310  7329 I art     : Explicit concurrent mark sweep GC freed 159(2800B) AllocSpace objects, 0(0B) LOS objects, 29% free, 39MB/55MB, paused 435us total 25.352ms
08-06 03:38:42.072  7310  7329 I art     : Starting a blocking GC Explicit
08-06 03:38:42.099  7310  7329 I art     : Explicit concurrent mark sweep GC freed 152(2656B) AllocSpace objects, 0(0B) LOS objects, 29% free, 39MB/55MB, paused 426us total 27.015ms
08-06 03:38:42.468  7310  7322 I art     : Starting a blocking GC Explicit
08-06 03:38:42.497  7310  7322 I art     : Explicit concurrent mark sweep GC freed 3165(111KB) AllocSpace objects, 2(40KB) LOS objects, 29% free, 39MB/55MB, paused 464us total 28.240ms
08-06 03:38:42.509  7310  7322 I art     : Starting a blocking GC Explicit
08-06 03:38:42.537  7310  7322 I art     : Explicit concurrent mark sweep GC freed 166(3KB) AllocSpace objects, 0(0B) LOS objects, 29% free, 39MB/55MB, paused 416us total 27.623ms
08-06 03:38:42.549  7310  7322 I art     : Starting a blocking GC Explicit
08-06 03:38:42.577  7310  7322 I art     : Explicit concurrent mark sweep GC freed 219(3KB) AllocSpace objects, 0(0B) LOS objects, 29% free, 39MB/55MB, paused 414us total 26.903ms
08-06 03:38:42.589  7310  7322 I art     : Starting a blocking GC Explicit
08-06 03:38:42.617  7310  7322 I art     : Explicit concurrent mark sweep GC freed 147(2496B) AllocSpace objects, 0(0B) LOS objects, 29% free, 39MB/55MB, paused 417us total 27.768ms
08-06 03:38:42.630  7310  7322 I art     : Starting a blocking GC Explicit
08-06 03:38:42.657  7310  7322 I art     : Explicit concurrent mark sweep GC freed 208(3KB) AllocSpace objects, 0(0B) LOS objects, 29% free, 39MB/55MB, paused 575us total 27.065ms
08-06 03:38:43.013  7310  7581 I art     : Starting a blocking GC Explicit
08-06 03:38:43.043  7310  7581 I art     : Explicit concurrent mark sweep GC freed 3094(110KB) AllocSpace objects, 2(40KB) LOS objects, 29% free, 39MB/55MB, paused 420us total 29.661ms
08-06 03:38:43.058  7310  7581 I art     : Starting a blocking GC Explicit
08-06 03:38:43.084  7310  7581 I art     : Explicit concurrent mark sweep GC freed 166(3KB) AllocSpace objects, 0(0B) LOS objects, 29% free, 39MB/55MB, paused 422us total 26.290ms
08-06 03:38:43.097  7310  7581 I art     : Starting a blocking GC Explicit
08-06 03:38:43.124  7310  7581 I art     : Explicit concurrent mark sweep GC freed 207(3KB) AllocSpace objects, 0(0B) LOS objects, 29% free, 39MB/55MB, paused 510us total 26.768ms
08-06 03:38:43.136  7310  7581 I art     : Starting a blocking GC Explicit
08-06 03:38:43.163  7310  7581 I art     : Explicit concurrent mark sweep GC freed 187(3KB) AllocSpace objects, 0(0B) LOS objects, 29% free, 39MB/55MB, paused 404us total 27.040ms
08-06 03:38:43.176  7310  7581 I art     : Starting a blocking GC Explicit
08-06 03:38:43.204  7310  7581 I art     : Explicit concurrent mark sweep GC freed 147(2496B) AllocSpace objects, 0(0B) LOS objects, 29% free, 39MB/55MB, paused 404us total 27.602ms
08-06 03:38:43.563  7310  7323 I art     : Starting a blocking GC Explicit
08-06 03:38:43.591  7310  7323 I art     : Explicit concurrent mark sweep GC freed 3131(110KB) AllocSpace objects, 2(40KB) LOS objects, 29% free, 39MB/55MB, paused 495us total 27.360ms
08-06 03:38:43.604  7310  7323 I art     : Starting a blocking GC Explicit
08-06 03:38:43.632  7310  7323 I art     : Explicit concurrent mark sweep GC freed 191(3KB) AllocSpace objects, 0(0B) LOS objects, 29% free, 39MB/55MB, paused 399us total 27.894ms
08-06 03:38:43.646  7310  7323 I art     : Starting a blocking GC Explicit
08-06 03:38:43.673  7310  7323 I art     : Explicit concurrent mark sweep GC freed 158(2672B) AllocSpace objects, 0(0B) LOS objects, 29% free, 39MB/55MB, paused 564us total 26.956ms
08-06 03:38:43.685  7310  7323 I art     : Starting a blocking GC Explicit
08-06 03:38:43.713  7310  7323 I art     : Explicit concurrent mark sweep GC freed 208(3KB) AllocSpace objects, 0(0B) LOS objects, 29% free, 39MB/55MB, paused 415us total 27.075ms
08-06 03:38:43.725  7310  7323 I art     : Starting a blocking GC Explicit
08-06 03:38:43.753  7310  7323 I art     : Explicit concurrent mark sweep GC freed 147(2496B) AllocSpace objects, 0(0B) LOS objects, 29% free, 39MB/55MB, paused 420us total 28.109ms
08-06 03:38:44.116  7310  7329 I art     : Starting a blocking GC Explicit
08-06 03:38:44.145  7310  7329 I art     : Explicit concurrent mark sweep GC freed 3155(111KB) AllocSpace objects, 2(40KB) LOS objects, 29% free, 39MB/55MB, paused 410us total 28.248ms
08-06 03:38:44.157  7310  7329 I art     : Starting a blocking GC Explicit
08-06 03:38:44.183  7310  7329 I art     : Explicit concurrent mark sweep GC freed 165(3KB) AllocSpace objects, 0(0B) LOS objects, 29% free, 39MB/55MB, paused 418us total 26.188ms
08-06 03:38:44.195  7310  7329 I art     : Starting a blocking GC Explicit
08-06 03:38:44.222  7310  7329 I art     : Explicit concurrent mark sweep GC freed 148(2528B) AllocSpace objects, 0(0B) LOS objects, 29% free, 39MB/55MB, paused 393us total 26.299ms
08-06 03:38:44.234  7310  7329 I art     : Starting a blocking GC Explicit
08-06 03:38:44.260  7310  7329 I art     : Explicit concurrent mark sweep GC freed 219(3KB) AllocSpace objects, 0(0B) LOS objects, 29% free, 39MB/55MB, paused 408us total 26.145ms
08-06 03:38:44.272  7310  7329 I art     : Starting a blocking GC Explicit
08-06 03:38:44.300  7310  7329 I art     : Explicit concurrent mark sweep GC freed 146(2464B) AllocSpace objects, 0(0B) LOS objects, 29% free, 39MB/55MB, paused 405us total 27.146ms
08-06 03:38:44.640  7310  7322 I art     : Starting a blocking GC Explicit
08-06 03:38:44.669  7310  7322 I art     : Explicit concurrent mark sweep GC freed 3011(108KB) AllocSpace objects, 2(40KB) LOS objects, 29% free, 39MB/55MB, paused 431us total 28.027ms
08-06 03:38:44.682  7310  7322 I art     : Starting a blocking GC Explicit
08-06 03:38:44.708  7310  7322 I art     : Explicit concurrent mark sweep GC freed 167(3KB) AllocSpace objects, 0(0B) LOS objects, 29% free, 39MB/55MB, paused 483us total 25.767ms
08-06 03:38:44.720  7310  7322 I art     : Starting a blocking GC Explicit
08-06 03:38:44.746  7310  7322 I art     : Explicit concurrent mark sweep GC freed 192(3KB) AllocSpace objects, 0(0B) LOS objects, 29% free, 39MB/55MB, paused 459us total 25.698ms
08-06 03:38:44.758  7310  7322 I art     : Starting a blocking GC Explicit
08-06 03:38:44.784  7310  7322 I art     : Explicit concurrent mark sweep GC freed 173(2928B) AllocSpace objects, 0(0B) LOS objects, 29% free, 39MB/55MB, paused 442us total 26.211ms
08-06 03:38:44.796  7310  7322 I art     : Starting a blocking GC Explicit
08-06 03:38:44.823  7310  7322 I art     : Explicit concurrent mark sweep GC freed 148(2528B) AllocSpace objects, 0(0B) LOS objects, 29% free, 39MB/55MB, paused 415us total 26.594ms
08-06 03:38:44.930  7787  7787 D AndroidRuntime: >>>>>> START com.android.internal.os.RuntimeInit uid 2000 <<<<<<
08-06 03:38:44.936  7787  7787 D AndroidRuntime: CheckJNI is OFF
08-06 03:38:44.968  7787  7787 D ICU     : No timezone override file found: /data/misc/zoneinfo/current/icu/icu_tzdata.dat
08-06 03:38:45.001  7787  7787 I Radio-JNI: register_android_hardware_Radio DONE
08-06 03:38:45.022  7787  7787 D AndroidRuntime: Calling main entry com.android.commands.input.Input
08-06 03:38:45.023  7787  7787 I Input   : injectKeyEvent: KeyEvent { action=ACTION_DOWN, keyCode=KEYCODE_BACK, scanCode=0, metaState=0, flags=0x0, repeatCount=0, eventTime=848341436, downTime=848341436, deviceId=-1, source=0x101 }
08-06 03:38:45.030  7787  7787 I Input   : injectKeyEvent: KeyEvent { action=ACTION_UP, keyCode=KEYCODE_BACK, scanCode=0, metaState=0, flags=0x0, repeatCount=0, eventTime=848341436, downTime=848341436, deviceId=-1, source=0x101 }
08-06 03:38:45.036  7787  7787 D AndroidRuntime: Shutting down VM
08-06 03:38:45.070 13866 13866 I GoogleInputMethodServic: GoogleInputMethodService.onFinishInput():3138 
08-06 03:38:45.071 13866 13866 I GoogleInputMethodServic: GoogleInputMethodService.onStartInput():1808 
08-06 03:38:45.153  7310  7329 I art     : Starting a blocking GC Explicit
08-06 03:38:45.177  7310  7329 I art     : Explicit concurrent mark sweep GC freed 3117(113KB) AllocSpace objects, 2(40KB) LOS objects, 29% free, 39MB/55MB, paused 461us total 23.353ms
08-06 03:38:45.188  7310  7329 I art     : Starting a blocking GC Explicit
08-06 03:38:45.211  7310  7329 I art     : Explicit concurrent mark sweep GC freed 171(3KB) AllocSpace objects, 0(0B) LOS objects, 29% free, 39MB/55MB, paused 365us total 22.820ms
08-06 03:38:45.223  7310  7329 I art     : Starting a blocking GC Explicit
08-06 03:38:45.246  7310  7329 I art     : Explicit concurrent mark sweep GC freed 147(2496B) AllocSpace objects, 0(0B) LOS objects, 29% free, 39MB/55MB, paused 409us total 23.092ms
08-06 03:38:45.258  7310  7329 I art     : Starting a blocking GC Explicit
08-06 03:38:45.282  7310  7329 I art     : Explicit concurrent mark sweep GC freed 146(2464B) AllocSpace objects, 0(0B) LOS objects, 29% free, 39MB/55MB, paused 404us total 23.830ms
08-06 03:38:45.293  7310  7329 I art     : Starting a blocking GC Explicit
08-06 03:38:45.316  7310  7329 I art     : Explicit concurrent mark sweep GC freed 148(2528B) AllocSpace objects, 0(0B) LOS objects, 29% free, 39MB/55MB, paused 363us total 22.943ms
08-06 03:38:45.357   380   380 W SurfaceFlinger: couldn't log to binary event log: overflow.
08-06 03:38:45.618  7310  7323 I art     : Starting a blocking GC Explicit
08-06 03:38:45.646  7310  7323 I art     : Explicit concurrent mark sweep GC freed 2461(100KB) AllocSpace objects, 4(404KB) LOS objects, 29% free, 38MB/54MB, paused 436us total 28.232ms
08-06 03:38:45.658  7310  7323 I art     : Starting a blocking GC Explicit
08-06 03:38:45.685  7310  7323 I art     : Explicit concurrent mark sweep GC freed 4812(341KB) AllocSpace objects, 7(132KB) LOS objects, 29% free, 38MB/54MB, paused 408us total 26.273ms
08-06 03:38:45.697  7310  7323 I art     : Starting a blocking GC Explicit
08-06 03:38:45.716   918  3188 I hubconnection: sensorhub said: 'set_bias 3: -6.2400, 0.0000, 0.0000'
08-06 03:38:45.722  7310  7323 I art     : Explicit concurrent mark sweep GC freed 99(1696B) AllocSpace objects, 0(0B) LOS objects, 29% free, 38MB/54MB, paused 408us total 24.756ms
08-06 03:38:45.734  7310  7323 I art     : Starting a blocking GC Explicit
08-06 03:38:45.759  7310  7323 I art     : Explicit concurrent mark sweep GC freed 133(2240B) AllocSpace objects, 0(0B) LOS objects, 29% free, 38MB/54MB, paused 503us total 25.220ms
08-06 03:38:45.771  7310  7323 I art     : Starting a blocking GC Explicit
08-06 03:38:45.797  7310  7323 I art     : Explicit concurrent mark sweep GC freed 113(1952B) AllocSpace objects, 0(0B) LOS objects, 29% free, 38MB/54MB, paused 544us total 25.406ms
08-06 03:38:46.126  7310  7322 I art     : Starting a blocking GC Explicit
08-06 03:38:46.156  7310  7322 I art     : Explicit concurrent mark sweep GC freed 2459(100KB) AllocSpace objects, 2(40KB) LOS objects, 29% free, 38MB/54MB, paused 411us total 28.747ms
08-06 03:38:46.168  7310  7322 I art     : Starting a blocking GC Explicit
08-06 03:38:46.193  7310  7322 I art     : Explicit concurrent mark sweep GC freed 159(3KB) AllocSpace objects, 0(0B) LOS objects, 29% free, 38MB/54MB, paused 510us total 24.988ms
08-06 03:38:46.205  7310  7322 I art     : Starting a blocking GC Explicit
08-06 03:38:46.230  7310  7322 I art     : Explicit concurrent mark sweep GC freed 116(2000B) AllocSpace objects, 0(0B) LOS objects, 29% free, 38MB/54MB, paused 400us total 25.094ms
08-06 03:38:46.243  7310  7322 I art     : Starting a blocking GC Explicit
08-06 03:38:46.267  7310  7322 I art     : Explicit concurrent mark sweep GC freed 99(1696B) AllocSpace objects, 0(0B) LOS objects, 29% free, 38MB/54MB, paused 428us total 24.695ms
08-06 03:38:46.280  7310  7322 I art     : Starting a blocking GC Explicit
08-06 03:38:46.302  7310  7322 I art     : Explicit concurrent mark sweep GC freed 99(1696B) AllocSpace objects, 0(0B) LOS objects, 29% free, 38MB/54MB, paused 395us total 22.414ms
08-06 03:38:46.633  7310  7329 I art     : Starting a blocking GC Explicit
08-06 03:38:46.660  7310  7329 I art     : Explicit concurrent mark sweep GC freed 2435(99KB) AllocSpace objects, 2(40KB) LOS objects, 29% free, 38MB/54MB, paused 453us total 26.303ms
08-06 03:38:46.670  7842  7842 D AndroidRuntime: >>>>>> START com.android.internal.os.RuntimeInit uid 2000 <<<<<<
08-06 03:38:46.673  7310  7329 I art     : Starting a blocking GC Explicit
08-06 03:38:46.675  7842  7842 D AndroidRuntime: CheckJNI is OFF
08-06 03:38:46.699  7310  7329 I art     : Explicit concurrent mark sweep GC freed 147(2864B) AllocSpace objects, 0(0B) LOS objects, 29% free, 38MB/54MB, paused 1.982ms total 26.218ms
08-06 03:38:46.711  7842  7842 D ICU     : No timezone override file found: /data/misc/zoneinfo/current/icu/icu_tzdata.dat
08-06 03:38:46.711  7310  7329 I art     : Starting a blocking GC Explicit
08-06 03:38:46.735  7310  7329 I art     : Explicit concurrent mark sweep GC freed 73(1264B) AllocSpace objects, 0(0B) LOS objects, 29% free, 38MB/54MB, paused 469us total 23.852ms
08-06 03:38:46.747  7310  7329 I art     : Starting a blocking GC Explicit
08-06 03:38:46.753  7842  7842 I Radio-JNI: register_android_hardware_Radio DONE
08-06 03:38:46.770  7310  7329 I art     : Explicit concurrent mark sweep GC freed 144(2448B) AllocSpace objects, 0(0B) LOS objects, 29% free, 38MB/54MB, paused 444us total 22.377ms
08-06 03:38:46.774  7842  7842 D AndroidRuntime: Calling main entry com.android.commands.input.Input
08-06 03:38:46.776  7842  7842 I Input   : injectMotionEvent: MotionEvent { action=ACTION_DOWN, actionButton=0, id[0]=0, x[0]=504.0, y[0]=1706.0, toolType[0]=TOOL_TYPE_UNKNOWN, buttonState=0, metaState=0, flags=0x0, edgeFlags=0x0, pointerCount=1, historySize=0, eventTime=848343189, downTime=848343189, deviceId=0, source=0x1002 }
08-06 03:38:46.780  7842  7842 I Input   : injectMotionEvent: MotionEvent { action=ACTION_UP, actionButton=0, id[0]=0, x[0]=504.0, y[0]=1706.0, toolType[0]=TOOL_TYPE_UNKNOWN, buttonState=0, metaState=0, flags=0x0, edgeFlags=0x0, pointerCount=1, historySize=0, eventTime=848343189, downTime=848343189, deviceId=0, source=0x1002 }
08-06 03:38:46.781  7310  7329 I art     : Starting a blocking GC Explicit
08-06 03:38:46.783  7842  7842 D AndroidRuntime: Shutting down VM
08-06 03:38:46.785   512  2967 D audio_hw_primary: out_set_parameters: enter: usecase(1: low-latency-playback) kvpairs: routing=2
08-06 03:38:46.793   918  5481 I ActivityManager: START u0 {cmp=baseline.io.github.project_travel_mate/.destinations.funfacts.FunFactsActivity (has extras)} from uid 10696 on display 0
08-06 03:38:46.798   512  2967 D audio_hw_primary: select_devices: out_snd_device(2: speaker) in_snd_device(0: none)
08-06 03:38:46.798   512  2967 D msm8974_platform: platform_send_audio_calibration: sending audio calibration for snd_device(2) acdb_id(15)
08-06 03:38:46.799   512  2967 I soundtrigger: audio_extn_sound_trigger_update_device_status: device 0x2 of type 0 for Event 1
08-06 03:38:46.806  7310  7329 I art     : Explicit concurrent mark sweep GC freed 1198(127KB) AllocSpace objects, 0(0B) LOS objects, 29% free, 38MB/54MB, paused 509us total 24.673ms
08-06 03:38:46.809   512  2967 D audio_hw_primary: enable_snd_device: snd_device(2: speaker)
08-06 03:38:46.811   512  2967 D audio_hw_primary: enable_audio_route: apply and update mixer path: low-latency-playback speaker
08-06 03:38:46.816  7310  7390 D Gabe    : call	returning from cache
08-06 03:38:46.821  7310  7310 V EXECUTING: https://project-travel-mate.herokuapp.com/api/get-city-facts/1
08-06 03:38:46.943   918   936 I ActivityManager: Displayed baseline.io.github.project_travel_mate/.destinations.funfacts.FunFactsActivity: +143ms
08-06 03:38:46.946 13866 13866 I GoogleInputMethodServic: GoogleInputMethodService.onFinishInput():3138 
08-06 03:38:46.947 13866 13866 I GoogleInputMethodServic: GoogleInputMethodService.onStartInput():1808 
08-06 03:38:47.102  7310  7581 I art     : Starting a blocking GC Explicit
08-06 03:38:47.128  7310  7581 I art     : Explicit concurrent mark sweep GC freed 4044(247KB) AllocSpace objects, 2(40KB) LOS objects, 27% free, 42MB/58MB, paused 485us total 25.342ms
08-06 03:38:47.140  7310  7581 I art     : Starting a blocking GC Explicit
08-06 03:38:47.166  7310  7581 I art     : Explicit concurrent mark sweep GC freed 335(9KB) AllocSpace objects, 0(0B) LOS objects, 27% free, 42MB/58MB, paused 541us total 25.953ms
08-06 03:38:47.179  7310  7581 I art     : Starting a blocking GC Explicit
08-06 03:38:47.193   380   380 W SurfaceFlinger: couldn't log to binary event log: overflow.
08-06 03:38:47.204  7310  7581 I art     : Explicit concurrent mark sweep GC freed 147(2496B) AllocSpace objects, 0(0B) LOS objects, 27% free, 42MB/58MB, paused 433us total 24.796ms
08-06 03:38:47.215  7310  7581 I art     : Starting a blocking GC Explicit
08-06 03:38:47.239  7310  7581 I art     : Explicit concurrent mark sweep GC freed 147(2496B) AllocSpace objects, 0(0B) LOS objects, 27% free, 42MB/58MB, paused 419us total 23.390ms
08-06 03:38:47.250  7310  7581 I art     : Starting a blocking GC Explicit
08-06 03:38:47.274  7310  7581 I art     : Explicit concurrent mark sweep GC freed 147(2496B) AllocSpace objects, 0(0B) LOS objects, 27% free, 42MB/58MB, paused 429us total 23.671ms
08-06 03:38:47.348   512  2967 D audio_hw_primary: disable_audio_route: reset and update mixer path: low-latency-playback speaker
08-06 03:38:47.349   512  2967 D audio_hw_primary: disable_snd_device: snd_device(2: speaker)
08-06 03:38:47.357   512  2967 I soundtrigger: audio_extn_sound_trigger_update_device_status: device 0x2 of type 0 for Event 0
08-06 03:38:47.488  7310  7866 I NAPPA_EXPERIMENTATION: MetricNetworkRequestExecutionTime: REQUEST_DURATION_SYSTEM='665',REQUEST_DURATION_OKHTTP='28',REQUEST_SYNCHRONOUS='FALSE',RESPONSE_CODE='200',RESPONSE_METHOD='GET',RESPONSE_LENGTH_OKHTTP='1793',RESPONSE_LENGTH_HEADER='1793',REQUEST_PROTOCOL='http/1.1',REQUEST_URL='https://project-travel-mate.herokuapp.com/api/get-city-facts/1',
08-06 03:38:47.492  7310  7866 V EXECUTING: https://project-travel-mate.herokuapp.com/api/get-city-images/1
08-06 03:38:47.583  7310  7323 I art     : Starting a blocking GC Explicit
08-06 03:38:47.611  7310  7323 I art     : Explicit concurrent mark sweep GC freed 5512(279KB) AllocSpace objects, 5(240KB) LOS objects, 27% free, 43MB/59MB, paused 618us total 27.052ms
08-06 03:38:47.623  7310  7323 I art     : Starting a blocking GC Explicit
08-06 03:38:47.648  7310  7323 I art     : Explicit concurrent mark sweep GC freed 1094(119KB) AllocSpace objects, 0(0B) LOS objects, 27% free, 43MB/59MB, paused 659us total 24.720ms
08-06 03:38:47.661  7310  7323 I art     : Starting a blocking GC Explicit
08-06 03:38:47.686  7310  7323 I art     : Explicit concurrent mark sweep GC freed 23(416B) AllocSpace objects, 0(0B) LOS objects, 27% free, 43MB/59MB, paused 551us total 24.790ms
08-06 03:38:47.698  7310  7323 I art     : Starting a blocking GC Explicit
08-06 03:38:47.724  7310  7323 I art     : Explicit concurrent mark sweep GC freed 126(2112B) AllocSpace objects, 0(0B) LOS objects, 27% free, 43MB/59MB, paused 766us total 25.881ms
08-06 03:38:47.736  7310  7323 I art     : Starting a blocking GC Explicit
08-06 03:38:47.761  7310  7323 I art     : Explicit concurrent mark sweep GC freed 124(2240B) AllocSpace objects, 0(0B) LOS objects, 27% free, 43MB/59MB, paused 614us total 24.928ms
08-06 03:38:48.077  7310  7329 I art     : Starting a blocking GC Explicit
08-06 03:38:48.102  7310  7329 I art     : Explicit concurrent mark sweep GC freed 2244(96KB) AllocSpace objects, 2(40KB) LOS objects, 27% free, 43MB/59MB, paused 814us total 25.488ms
08-06 03:38:48.115  7310  7329 I art     : Starting a blocking GC Explicit
08-06 03:38:48.140  7310  7329 I art     : Explicit concurrent mark sweep GC freed 148(2912B) AllocSpace objects, 0(0B) LOS objects, 27% free, 43MB/59MB, paused 680us total 24.984ms
08-06 03:38:48.153  7310  7329 I art     : Starting a blocking GC Explicit
08-06 03:38:48.181  7310  7329 I art     : Explicit concurrent mark sweep GC freed 2519(129KB) AllocSpace objects, 2(120KB) LOS objects, 26% free, 43MB/59MB, paused 748us total 27.900ms
08-06 03:38:48.193  7310  7329 I art     : Starting a blocking GC Explicit
08-06 03:38:48.216  7310  7888 I NAPPA_EXPERIMENTATION: MetricNetworkRequestExecutionTime: REQUEST_DURATION_SYSTEM='723',REQUEST_DURATION_OKHTTP='36',REQUEST_SYNCHRONOUS='FALSE',RESPONSE_CODE='200',RESPONSE_METHOD='GET',RESPONSE_LENGTH_OKHTTP='183',RESPONSE_LENGTH_HEADER='183',REQUEST_PROTOCOL='http/1.1',REQUEST_URL='https://project-travel-mate.herokuapp.com/api/get-city-images/1',
08-06 03:38:48.218  7310  7329 I art     : Explicit concurrent mark sweep GC freed 1227(128KB) AllocSpace objects, 1(80KB) LOS objects, 26% free, 43MB/59MB, paused 675us total 25.055ms
08-06 03:38:48.231  7310  7329 I art     : Starting a blocking GC Explicit
08-06 03:38:48.257  7310  7329 I art     : Explicit concurrent mark sweep GC freed 75(4KB) AllocSpace objects, 0(0B) LOS objects, 26% free, 43MB/59MB, paused 627us total 25.716ms
08-06 03:38:48.259  7310  7888 V RESPONSE: [{"id":17,"image_url":"https://upload.wikimedia.org/wikipedia/commons/9/94/%E0%B4%96%E0%B5%81%E0%B4%A4%E0%B5%8D%E0%B4%AC%E0%B5%8D_%E0%B4%AE%E0%B4%BF%E0%B4%A8%E0%B4%BE%E0%B5%BC1.jpg"}]
08-06 03:38:48.570  7310  7581 I art     : Starting a blocking GC Explicit
08-06 03:38:48.603  7310  7581 I art     : Explicit concurrent mark sweep GC freed 5998(302KB) AllocSpace objects, 3(4MB) LOS objects, 28% free, 39MB/55MB, paused 465us total 32.625ms
08-06 03:38:48.615  7310  7581 I art     : Starting a blocking GC Explicit
08-06 03:38:48.644  7310  7581 I art     : Explicit concurrent mark sweep GC freed 320(11KB) AllocSpace objects, 0(0B) LOS objects, 28% free, 39MB/55MB, paused 444us total 28.683ms
08-06 03:38:48.657  7310  7581 I art     : Starting a blocking GC Explicit
08-06 03:38:48.685  7310  7581 I art     : Explicit concurrent mark sweep GC freed 219(3KB) AllocSpace objects, 0(0B) LOS objects, 28% free, 39MB/55MB, paused 474us total 28.567ms
08-06 03:38:48.698  7310  7581 I art     : Starting a blocking GC Explicit
08-06 03:38:48.728  7310  7581 I art     : Explicit concurrent mark sweep GC freed 148(2512B) AllocSpace objects, 0(0B) LOS objects, 28% free, 39MB/55MB, paused 599us total 29.820ms
08-06 03:38:48.741  7310  7581 I art     : Starting a blocking GC Explicit
08-06 03:38:48.771  7310  7581 I art     : Explicit concurrent mark sweep GC freed 218(3KB) AllocSpace objects, 0(0B) LOS objects, 28% free, 39MB/55MB, paused 453us total 29.495ms
08-06 03:38:49.136  7310  7323 I art     : Starting a blocking GC Explicit
08-06 03:38:49.165  7310  7323 I art     : Explicit concurrent mark sweep GC freed 3167(111KB) AllocSpace objects, 2(40KB) LOS objects, 28% free, 39MB/55MB, paused 473us total 28.481ms
08-06 03:38:49.165  7310  7321 I art     : WaitForGcToComplete blocked for 20.201ms for cause HeapTrim
08-06 03:38:49.178  7310  7323 I art     : Starting a blocking GC Explicit
08-06 03:38:49.206  7310  7323 I art     : Explicit concurrent mark sweep GC freed 182(3KB) AllocSpace objects, 0(0B) LOS objects, 28% free, 39MB/55MB, paused 473us total 28.115ms
08-06 03:38:49.218  7310  7323 I art     : Starting a blocking GC Explicit
08-06 03:38:49.246  7310  7323 I art     : Explicit concurrent mark sweep GC freed 158(2688B) AllocSpace objects, 0(0B) LOS objects, 28% free, 39MB/55MB, paused 604us total 27.619ms
08-06 03:38:49.258  7310  7323 I art     : Starting a blocking GC Explicit
08-06 03:38:49.286  7310  7323 I art     : Explicit concurrent mark sweep GC freed 209(3KB) AllocSpace objects, 0(0B) LOS objects, 28% free, 39MB/55MB, paused 459us total 27.270ms
08-06 03:38:49.298  7310  7323 I art     : Starting a blocking GC Explicit
08-06 03:38:49.326  7310  7323 I art     : Explicit concurrent mark sweep GC freed 147(2496B) AllocSpace objects, 0(0B) LOS objects, 28% free, 39MB/55MB, paused 462us total 28.132ms
08-06 03:38:49.445  7921  7921 D AndroidRuntime: >>>>>> START com.android.internal.os.RuntimeInit uid 2000 <<<<<<
08-06 03:38:49.450  7921  7921 D AndroidRuntime: CheckJNI is OFF
08-06 03:38:49.482  7921  7921 D ICU     : No timezone override file found: /data/misc/zoneinfo/current/icu/icu_tzdata.dat
08-06 03:38:49.514  7921  7921 I Radio-JNI: register_android_hardware_Radio DONE
08-06 03:38:49.536  7921  7921 D AndroidRuntime: Calling main entry com.android.commands.input.Input
08-06 03:38:49.538  7921  7921 I Input   : injectKeyEvent: KeyEvent { action=ACTION_DOWN, keyCode=KEYCODE_BACK, scanCode=0, metaState=0, flags=0x0, repeatCount=0, eventTime=848345950, downTime=848345950, deviceId=-1, source=0x101 }
08-06 03:38:49.542  7921  7921 I Input   : injectKeyEvent: KeyEvent { action=ACTION_UP, keyCode=KEYCODE_BACK, scanCode=0, metaState=0, flags=0x0, repeatCount=0, eventTime=848345950, downTime=848345950, deviceId=-1, source=0x101 }
08-06 03:38:49.547  7921  7921 D AndroidRuntime: Shutting down VM
08-06 03:38:49.587 13866 13866 I GoogleInputMethodServic: GoogleInputMethodService.onFinishInput():3138 
08-06 03:38:49.587 13866 13866 I GoogleInputMethodServic: GoogleInputMethodService.onStartInput():1808 
08-06 03:38:49.648  7310  7581 I art     : Starting a blocking GC Explicit
08-06 03:38:49.675  7310  7581 I art     : Explicit concurrent mark sweep GC freed 3044(111KB) AllocSpace objects, 2(40KB) LOS objects, 28% free, 39MB/55MB, paused 459us total 26.627ms
08-06 03:38:49.688  7310  7581 I art     : Starting a blocking GC Explicit
08-06 03:38:49.720  7310  7581 I art     : Explicit concurrent mark sweep GC freed 242(4KB) AllocSpace objects, 0(0B) LOS objects, 28% free, 39MB/55MB, paused 492us total 31.925ms
08-06 03:38:49.734  7310  7581 I art     : Starting a blocking GC Explicit
08-06 03:38:49.769  7310  7581 I art     : Explicit concurrent mark sweep GC freed 219(3KB) AllocSpace objects, 0(0B) LOS objects, 28% free, 39MB/55MB, paused 560us total 34.301ms
08-06 03:38:49.784  7310  7581 I art     : Starting a blocking GC Explicit
08-06 03:38:49.819  7310  7581 I art     : Explicit concurrent mark sweep GC freed 219(3KB) AllocSpace objects, 0(0B) LOS objects, 28% free, 39MB/55MB, paused 488us total 34.290ms
08-06 03:38:49.833  7310  7581 I art     : Starting a blocking GC Explicit
08-06 03:38:49.866  7310  7581 I art     : Explicit concurrent mark sweep GC freed 218(3KB) AllocSpace objects, 0(0B) LOS objects, 28% free, 39MB/55MB, paused 467us total 32.163ms
08-06 03:38:49.880   380   380 W SurfaceFlinger: couldn't log to binary event log: overflow.
08-06 03:38:50.132   518   646 I ThermalEngine: ACTION: GPU - Setting GPU[0] to 450000000
08-06 03:38:50.208  7310  7322 I art     : Starting a blocking GC Explicit
08-06 03:38:50.248  7310  7322 I art     : Explicit concurrent mark sweep GC freed 3319(138KB) AllocSpace objects, 5(684KB) LOS objects, 29% free, 38MB/54MB, paused 628us total 38.565ms
08-06 03:38:50.265  7310  7322 I art     : Starting a blocking GC Explicit
08-06 03:38:50.298  7310  7322 I art     : Explicit concurrent mark sweep GC freed 5602(268KB) AllocSpace objects, 1(28KB) LOS objects, 29% free, 38MB/54MB, paused 802us total 33.236ms
08-06 03:38:50.314  7310  7322 I art     : Starting a blocking GC Explicit
08-06 03:38:50.347  7310  7322 I art     : Explicit concurrent mark sweep GC freed 133(2272B) AllocSpace objects, 0(0B) LOS objects, 29% free, 38MB/54MB, paused 830us total 32.630ms
08-06 03:38:50.363  7310  7322 I art     : Starting a blocking GC Explicit
08-06 03:38:50.397  7310  7322 I art     : Explicit concurrent mark sweep GC freed 144(2432B) AllocSpace objects, 0(0B) LOS objects, 29% free, 38MB/54MB, paused 736us total 33.624ms
08-06 03:38:50.413  7310  7322 I art     : Starting a blocking GC Explicit
08-06 03:38:50.446  7310  7322 I art     : Explicit concurrent mark sweep GC freed 147(2496B) AllocSpace objects, 0(0B) LOS objects, 29% free, 38MB/54MB, paused 621us total 33.384ms
08-06 03:38:50.814  7310  7329 I art     : Starting a blocking GC Explicit
08-06 03:38:50.848  7310  7329 I art     : Explicit concurrent mark sweep GC freed 2587(102KB) AllocSpace objects, 2(40KB) LOS objects, 29% free, 38MB/54MB, paused 849us total 33.213ms
08-06 03:38:50.864  7310  7329 I art     : Starting a blocking GC Explicit
08-06 03:38:50.897  7310  7329 I art     : Explicit concurrent mark sweep GC freed 159(3056B) AllocSpace objects, 0(0B) LOS objects, 29% free, 38MB/54MB, paused 764us total 32.819ms
08-06 03:38:50.913  7310  7329 I art     : Starting a blocking GC Explicit
08-06 03:38:50.945  7310  7329 I art     : Explicit concurrent mark sweep GC freed 147(2496B) AllocSpace objects, 0(0B) LOS objects, 29% free, 38MB/54MB, paused 613us total 32.332ms
08-06 03:38:50.961  7310  7329 I art     : Starting a blocking GC Explicit
08-06 03:38:50.994  7310  7329 I art     : Explicit concurrent mark sweep GC freed 149(2560B) AllocSpace objects, 0(0B) LOS objects, 29% free, 38MB/54MB, paused 603us total 31.987ms
08-06 03:38:51.010  7310  7329 I art     : Starting a blocking GC Explicit
08-06 03:38:51.042  7310  7329 I art     : Explicit concurrent mark sweep GC freed 147(2496B) AllocSpace objects, 0(0B) LOS objects, 29% free, 38MB/54MB, paused 590us total 32.015ms
08-06 03:38:51.341  7967  7967 D AndroidRuntime: >>>>>> START com.android.internal.os.RuntimeInit uid 2000 <<<<<<
08-06 03:38:51.348  7967  7967 D AndroidRuntime: CheckJNI is OFF
08-06 03:38:51.373  6649  6649 I ServiceManager: Waiting for service AtCmdFwd...
08-06 03:38:51.376  7310  7323 I art     : Starting a blocking GC Explicit
08-06 03:38:51.392  7967  7967 D ICU     : No timezone override file found: /data/misc/zoneinfo/current/icu/icu_tzdata.dat
08-06 03:38:51.410  7310  7323 I art     : Explicit concurrent mark sweep GC freed 2485(100KB) AllocSpace objects, 2(40KB) LOS objects, 29% free, 38MB/54MB, paused 633us total 33.673ms
08-06 03:38:51.426  7310  7323 I art     : Starting a blocking GC Explicit
08-06 03:38:51.439  7967  7967 I Radio-JNI: register_android_hardware_Radio DONE
08-06 03:38:51.459  7310  7323 I art     : Explicit concurrent mark sweep GC freed 166(3KB) AllocSpace objects, 0(0B) LOS objects, 29% free, 38MB/54MB, paused 619us total 32.675ms
08-06 03:38:51.468  7967  7967 D AndroidRuntime: Calling main entry com.android.commands.input.Input
08-06 03:38:51.471  7967  7967 I Input   : injectMotionEvent: MotionEvent { action=ACTION_DOWN, actionButton=0, id[0]=0, x[0]=504.0, y[0]=1706.0, toolType[0]=TOOL_TYPE_UNKNOWN, buttonState=0, metaState=0, flags=0x0, edgeFlags=0x0, pointerCount=1, historySize=0, eventTime=848347883, downTime=848347883, deviceId=0, source=0x1002 }
08-06 03:38:51.475  7310  7323 I art     : Starting a blocking GC Explicit
08-06 03:38:51.477  7967  7967 I Input   : injectMotionEvent: MotionEvent { action=ACTION_UP, actionButton=0, id[0]=0, x[0]=504.0, y[0]=1706.0, toolType[0]=TOOL_TYPE_UNKNOWN, buttonState=0, metaState=0, flags=0x0, edgeFlags=0x0, pointerCount=1, historySize=0, eventTime=848347883, downTime=848347883, deviceId=0, source=0x1002 }
08-06 03:38:51.479  7967  7967 D AndroidRuntime: Shutting down VM
08-06 03:38:51.481   512  2967 D audio_hw_primary: out_set_parameters: enter: usecase(1: low-latency-playback) kvpairs: routing=2
08-06 03:38:51.487   918  3359 I ActivityManager: START u0 {cmp=baseline.io.github.project_travel_mate/.destinations.funfacts.FunFactsActivity (has extras)} from uid 10696 on display 0
08-06 03:38:51.494   512  2967 D audio_hw_primary: select_devices: out_snd_device(2: speaker) in_snd_device(0: none)
08-06 03:38:51.494   512  2967 D msm8974_platform: platform_send_audio_calibration: sending audio calibration for snd_device(2) acdb_id(15)
08-06 03:38:51.494   512  2967 I soundtrigger: audio_extn_sound_trigger_update_device_status: device 0x2 of type 0 for Event 1
08-06 03:38:51.508   512  2967 D audio_hw_primary: enable_snd_device: snd_device(2: speaker)
08-06 03:38:51.508  7310  7323 I art     : Explicit concurrent mark sweep GC freed 1516(130KB) AllocSpace objects, 0(0B) LOS objects, 29% free, 38MB/54MB, paused 763us total 32.841ms
08-06 03:38:51.511   512  2967 D audio_hw_primary: enable_audio_route: apply and update mixer path: low-latency-playback speaker
08-06 03:38:51.522  7310  7390 D Gabe    : call	returning from cache
08-06 03:38:51.526  7310  7323 I art     : Starting a blocking GC Explicit
08-06 03:38:51.528  7310  7310 V EXECUTING: https://project-travel-mate.herokuapp.com/api/get-city-facts/1
08-06 03:38:51.556  7310  7323 I art     : Explicit concurrent mark sweep GC freed 1321(125KB) AllocSpace objects, 0(0B) LOS objects, 29% free, 38MB/54MB, paused 674us total 29.989ms
08-06 03:38:51.571  7310  7323 I art     : Starting a blocking GC Explicit
08-06 03:38:51.605  7310  7323 I art     : Explicit concurrent mark sweep GC freed 623(20KB) AllocSpace objects, 0(0B) LOS objects, 27% free, 42MB/58MB, paused 992us total 33.957ms
08-06 03:38:51.671   918   936 I ActivityManager: Displayed baseline.io.github.project_travel_mate/.destinations.funfacts.FunFactsActivity: +173ms
08-06 03:38:51.671 13866 13866 I GoogleInputMethodServic: GoogleInputMethodService.onFinishInput():3138 
08-06 03:38:51.672 13866 13866 I GoogleInputMethodServic: GoogleInputMethodService.onStartInput():1808 
08-06 03:38:51.932   380   380 W SurfaceFlinger: couldn't log to binary event log: overflow.
08-06 03:38:51.957  7310  7329 I art     : Starting a blocking GC Explicit
08-06 03:38:51.990  7310  7329 I art     : Explicit concurrent mark sweep GC freed 2541(107KB) AllocSpace objects, 2(40KB) LOS objects, 27% free, 43MB/59MB, paused 621us total 33.039ms
08-06 03:38:52.006  7310  7329 I art     : Starting a blocking GC Explicit
08-06 03:38:52.039  7310  7329 I art     : Explicit concurrent mark sweep GC freed 240(4KB) AllocSpace objects, 0(0B) LOS objects, 27% free, 42MB/58MB, paused 609us total 32.116ms
08-06 03:38:52.049   512  2967 D audio_hw_primary: disable_audio_route: reset and update mixer path: low-latency-playback speaker
08-06 03:38:52.051   512  2967 D audio_hw_primary: disable_snd_device: snd_device(2: speaker)
08-06 03:38:52.056  7310  7329 I art     : Starting a blocking GC Explicit
08-06 03:38:52.062   512  2967 I soundtrigger: audio_extn_sound_trigger_update_device_status: device 0x2 of type 0 for Event 0
08-06 03:38:52.090  7310  7329 I art     : Explicit concurrent mark sweep GC freed 125(2096B) AllocSpace objects, 0(0B) LOS objects, 27% free, 42MB/58MB, paused 778us total 33.343ms
08-06 03:38:52.106  7310  7329 I art     : Starting a blocking GC Explicit
08-06 03:38:52.139  7310  7329 I art     : Explicit concurrent mark sweep GC freed 29(720B) AllocSpace objects, 0(0B) LOS objects, 27% free, 43MB/59MB, paused 968us total 32.489ms
08-06 03:38:52.155  7310  7329 I art     : Starting a blocking GC Explicit
08-06 03:38:52.187  7310  7329 I art     : Explicit concurrent mark sweep GC freed 151(3KB) AllocSpace objects, 0(0B) LOS objects, 27% free, 43MB/59MB, paused 823us total 31.828ms
08-06 03:38:52.374  6649  6649 I ServiceManager: Waiting for service AtCmdFwd...
08-06 03:38:52.414  7310  7992 I NAPPA_EXPERIMENTATION: MetricNetworkRequestExecutionTime: REQUEST_DURATION_SYSTEM='884',REQUEST_DURATION_OKHTTP='36',REQUEST_SYNCHRONOUS='FALSE',RESPONSE_CODE='200',RESPONSE_METHOD='GET',RESPONSE_LENGTH_OKHTTP='1793',RESPONSE_LENGTH_HEADER='1793',REQUEST_PROTOCOL='http/1.1',REQUEST_URL='https://project-travel-mate.herokuapp.com/api/get-city-facts/1',
08-06 03:38:52.415  7310  7992 V EXECUTING: https://project-travel-mate.herokuapp.com/api/get-city-images/1
08-06 03:38:52.536  7310  7322 I art     : Starting a blocking GC Explicit
08-06 03:38:52.571  7310  7322 I art     : Explicit concurrent mark sweep GC freed 5311(275KB) AllocSpace objects, 5(240KB) LOS objects, 26% free, 43MB/59MB, paused 901us total 34.272ms
08-06 03:38:52.587  7310  7322 I art     : Starting a blocking GC Explicit
08-06 03:38:52.619  7310  7322 I art     : Explicit concurrent mark sweep GC freed 1106(120KB) AllocSpace objects, 0(0B) LOS objects, 26% free, 43MB/59MB, paused 949us total 32.115ms
08-06 03:38:52.636  7310  7322 I art     : Starting a blocking GC Explicit
08-06 03:38:52.668  7310  7322 I art     : Explicit concurrent mark sweep GC freed 131(2192B) AllocSpace objects, 0(0B) LOS objects, 26% free, 43MB/59MB, paused 897us total 31.868ms
08-06 03:38:52.684  7310  7322 I art     : Starting a blocking GC Explicit
08-06 03:38:52.715  7310  7322 I art     : Explicit concurrent mark sweep GC freed 17(320B) AllocSpace objects, 0(0B) LOS objects, 26% free, 43MB/59MB, paused 671us total 31.503ms
08-06 03:38:52.732  7310  7322 I art     : Starting a blocking GC Explicit
08-06 03:38:52.764  7310  7322 I art     : Explicit concurrent mark sweep GC freed 134(2288B) AllocSpace objects, 0(0B) LOS objects, 26% free, 43MB/59MB, paused 1.024ms total 32.620ms
08-06 03:38:53.110  7310  7329 I art     : Starting a blocking GC Explicit
08-06 03:38:53.126  7310  8014 I NAPPA_EXPERIMENTATION: MetricNetworkRequestExecutionTime: REQUEST_DURATION_SYSTEM='710',REQUEST_DURATION_OKHTTP='34',REQUEST_SYNCHRONOUS='FALSE',RESPONSE_CODE='200',RESPONSE_METHOD='GET',RESPONSE_LENGTH_OKHTTP='183',RESPONSE_LENGTH_HEADER='183',REQUEST_PROTOCOL='http/1.1',REQUEST_URL='https://project-travel-mate.herokuapp.com/api/get-city-images/1',
08-06 03:38:53.145  7310  7329 I art     : Explicit concurrent mark sweep GC freed 4900(238KB) AllocSpace objects, 5(240KB) LOS objects, 26% free, 43MB/59MB, paused 880us total 33.696ms
08-06 03:38:53.161  7310  7329 I art     : Starting a blocking GC Explicit
08-06 03:38:53.169  7310  8014 V RESPONSE: [{"id":17,"image_url":"https://upload.wikimedia.org/wikipedia/commons/9/94/%E0%B4%96%E0%B5%81%E0%B4%A4%E0%B5%8D%E0%B4%AC%E0%B5%8D_%E0%B4%AE%E0%B4%BF%E0%B4%A8%E0%B4%BE%E0%B5%BC1.jpg"}]
08-06 03:38:53.194  7310  7329 I art     : Explicit concurrent mark sweep GC freed 1071(120KB) AllocSpace objects, 0(0B) LOS objects, 26% free, 43MB/59MB, paused 756us total 32.813ms
08-06 03:38:53.211  7310  7329 I art     : Starting a blocking GC Explicit
08-06 03:38:53.245  7310  7329 I art     : Explicit concurrent mark sweep GC freed 167(5KB) AllocSpace objects, 0(0B) LOS objects, 26% free, 43MB/59MB, paused 901us total 33.950ms
08-06 03:38:53.260  7310  7329 I art     : Starting a blocking GC Explicit
08-06 03:38:53.295  7310  7329 I art     : Explicit concurrent mark sweep GC freed 3248(128KB) AllocSpace objects, 0(0B) LOS objects, 26% free, 43MB/59MB, paused 710us total 33.992ms
08-06 03:38:53.311  7310  7329 I art     : Starting a blocking GC Explicit
08-06 03:38:53.348  7310  7329 I art     : Explicit concurrent mark sweep GC freed 365(10KB) AllocSpace objects, 1(4MB) LOS objects, 28% free, 39MB/55MB, paused 673us total 36.973ms
08-06 03:38:53.374  6649  6649 I ServiceManager: Waiting for service AtCmdFwd...
08-06 03:38:53.750  7310  7322 I art     : Starting a blocking GC Explicit
08-06 03:38:53.787  7310  7322 I art     : Explicit concurrent mark sweep GC freed 3434(118KB) AllocSpace objects, 2(40KB) LOS objects, 28% free, 39MB/55MB, paused 726us total 35.975ms
08-06 03:38:53.804  7310  7322 I art     : Starting a blocking GC Explicit
08-06 03:38:53.840  7310  7322 I art     : Explicit concurrent mark sweep GC freed 235(4KB) AllocSpace objects, 0(0B) LOS objects, 28% free, 39MB/55MB, paused 810us total 36.110ms
08-06 03:38:53.857  7310  7322 I art     : Starting a blocking GC Explicit
08-06 03:38:53.894  7310  7322 I art     : Explicit concurrent mark sweep GC freed 224(3KB) AllocSpace objects, 0(0B) LOS objects, 28% free, 39MB/55MB, paused 690us total 36.884ms
08-06 03:38:53.911  7310  7322 I art     : Starting a blocking GC Explicit
08-06 03:38:53.948  7310  7322 I art     : Explicit concurrent mark sweep GC freed 219(3KB) AllocSpace objects, 0(0B) LOS objects, 28% free, 39MB/55MB, paused 697us total 37.248ms
08-06 03:38:53.965  7310  7322 I art     : Starting a blocking GC Explicit
08-06 03:38:54.002  7310  7322 I art     : Explicit concurrent mark sweep GC freed 219(3KB) AllocSpace objects, 0(0B) LOS objects, 28% free, 39MB/55MB, paused 740us total 37.607ms
08-06 03:38:54.260  8037  8037 D AndroidRuntime: >>>>>> START com.android.internal.os.RuntimeInit uid 2000 <<<<<<
08-06 03:38:54.266  8037  8037 D AndroidRuntime: CheckJNI is OFF
08-06 03:38:54.308  8037  8037 D ICU     : No timezone override file found: /data/misc/zoneinfo/current/icu/icu_tzdata.dat
08-06 03:38:54.350  8037  8037 I Radio-JNI: register_android_hardware_Radio DONE
08-06 03:38:54.375  6649  6649 I ServiceManager: Waiting for service AtCmdFwd...
08-06 03:38:54.380  8037  8037 D AndroidRuntime: Calling main entry com.android.commands.input.Input
08-06 03:38:54.382  8037  8037 I Input   : injectKeyEvent: KeyEvent { action=ACTION_DOWN, keyCode=KEYCODE_BACK, scanCode=0, metaState=0, flags=0x0, repeatCount=0, eventTime=848350795, downTime=848350795, deviceId=-1, source=0x101 }
08-06 03:38:54.389  8037  8037 I Input   : injectKeyEvent: KeyEvent { action=ACTION_UP, keyCode=KEYCODE_BACK, scanCode=0, metaState=0, flags=0x0, repeatCount=0, eventTime=848350795, downTime=848350795, deviceId=-1, source=0x101 }
08-06 03:38:54.395  8037  8037 D AndroidRuntime: Shutting down VM
08-06 03:38:54.399  7310  7322 I art     : Starting a blocking GC Explicit
08-06 03:38:54.434  7310  7322 I art     : Explicit concurrent mark sweep GC freed 3286(114KB) AllocSpace objects, 2(40KB) LOS objects, 28% free, 39MB/55MB, paused 796us total 34.911ms
08-06 03:38:54.436 13866 13866 I GoogleInputMethodServic: GoogleInputMethodService.onFinishInput():3138 
08-06 03:38:54.437 13866 13866 I GoogleInputMethodServic: GoogleInputMethodService.onStartInput():1808 
08-06 03:38:54.451  7310  7322 I art     : Starting a blocking GC Explicit
08-06 03:38:54.485  7310  7322 I art     : Explicit concurrent mark sweep GC freed 291(6KB) AllocSpace objects, 0(0B) LOS objects, 28% free, 39MB/55MB, paused 791us total 33.856ms
08-06 03:38:54.501  7310  7322 I art     : Starting a blocking GC Explicit
08-06 03:38:54.532  7310  7322 I art     : Explicit concurrent mark sweep GC freed 217(3KB) AllocSpace objects, 0(0B) LOS objects, 28% free, 39MB/55MB, paused 699us total 31.607ms
08-06 03:38:54.549  7310  7322 I art     : Starting a blocking GC Explicit
08-06 03:38:54.588  7310  7322 I art     : Explicit concurrent mark sweep GC freed 291(4KB) AllocSpace objects, 0(0B) LOS objects, 28% free, 39MB/55MB, paused 829us total 39.257ms
08-06 03:38:54.608  7310  7322 I art     : Starting a blocking GC Explicit
08-06 03:38:54.650  7310  7322 I art     : Explicit concurrent mark sweep GC freed 220(3KB) AllocSpace objects, 0(0B) LOS objects, 28% free, 39MB/55MB, paused 684us total 41.798ms
08-06 03:38:54.734   380   380 W SurfaceFlinger: couldn't log to binary event log: overflow.
08-06 03:38:54.938   918  3261 D WifiStateMachine: starting scan for "H369AA63323"WPA_PSK with 2412,5180
08-06 03:38:55.004  7310  7581 I art     : Starting a blocking GC Explicit
08-06 03:38:55.044  7310  7581 I art     : Explicit concurrent mark sweep GC freed 3519(140KB) AllocSpace objects, 5(684KB) LOS objects, 29% free, 39MB/55MB, paused 674us total 39.419ms
08-06 03:38:55.063  7310  7581 I art     : Starting a blocking GC Explicit
08-06 03:38:55.095  7310  7581 I art     : Explicit concurrent mark sweep GC freed 5584(268KB) AllocSpace objects, 1(28KB) LOS objects, 29% free, 38MB/54MB, paused 639us total 31.708ms
08-06 03:38:55.110  7310  7581 I art     : Starting a blocking GC Explicit
08-06 03:38:55.139  7310  7581 I art     : Explicit concurrent mark sweep GC freed 154(3KB) AllocSpace objects, 0(0B) LOS objects, 29% free, 38MB/54MB, paused 717us total 29.053ms
08-06 03:38:55.154  7310  7581 I art     : Starting a blocking GC Explicit
08-06 03:38:55.184  7310  7581 I art     : Explicit concurrent mark sweep GC freed 136(2864B) AllocSpace objects, 0(0B) LOS objects, 29% free, 38MB/54MB, paused 617us total 29.452ms
08-06 03:38:55.199  7310  7581 I art     : Starting a blocking GC Explicit
08-06 03:38:55.230  7310  7581 I art     : Explicit concurrent mark sweep GC freed 147(2496B) AllocSpace objects, 0(0B) LOS objects, 29% free, 38MB/54MB, paused 635us total 30.287ms
08-06 03:38:55.375  6649  6649 I ServiceManager: Waiting for service AtCmdFwd...
08-06 03:38:55.593  7310  7323 I art     : Starting a blocking GC Explicit
08-06 03:38:55.627  7310  7323 I art     : Explicit concurrent mark sweep GC freed 2580(101KB) AllocSpace objects, 2(40KB) LOS objects, 29% free, 38MB/54MB, paused 647us total 33.601ms
08-06 03:38:55.643  7310  7323 I art     : Starting a blocking GC Explicit
08-06 03:38:55.675  7310  7323 I art     : Explicit concurrent mark sweep GC freed 166(3KB) AllocSpace objects, 0(0B) LOS objects, 29% free, 38MB/54MB, paused 652us total 31.422ms
08-06 03:38:55.690  7310  7323 I art     : Starting a blocking GC Explicit
08-06 03:38:55.722  7310  7323 I art     : Explicit concurrent mark sweep GC freed 147(2496B) AllocSpace objects, 0(0B) LOS objects, 29% free, 38MB/54MB, paused 671us total 31.574ms
08-06 03:38:55.738  7310  7323 I art     : Starting a blocking GC Explicit
08-06 03:38:55.770  7310  7323 I art     : Explicit concurrent mark sweep GC freed 101(1728B) AllocSpace objects, 0(0B) LOS objects, 29% free, 38MB/54MB, paused 725us total 32.211ms
08-06 03:38:55.786  7310  7323 I art     : Starting a blocking GC Explicit
08-06 03:38:55.819  7310  7323 I art     : Explicit concurrent mark sweep GC freed 144(2432B) AllocSpace objects, 0(0B) LOS objects, 29% free, 38MB/54MB, paused 836us total 32.882ms
08-06 03:38:56.170  8080  8080 D AndroidRuntime: >>>>>> START com.android.internal.os.RuntimeInit uid 2000 <<<<<<
08-06 03:38:56.176  8080  8080 D AndroidRuntime: CheckJNI is OFF
08-06 03:38:56.176  7310  7329 I art     : Starting a blocking GC Explicit
08-06 03:38:56.211  7310  7329 I art     : Explicit concurrent mark sweep GC freed 2581(101KB) AllocSpace objects, 2(40KB) LOS objects, 29% free, 38MB/54MB, paused 690us total 34.882ms
08-06 03:38:56.222  8080  8080 D ICU     : No timezone override file found: /data/misc/zoneinfo/current/icu/icu_tzdata.dat
08-06 03:38:56.228  7310  7329 I art     : Starting a blocking GC Explicit
08-06 03:38:56.262  7310  7329 I art     : Explicit concurrent mark sweep GC freed 166(3KB) AllocSpace objects, 0(0B) LOS objects, 29% free, 38MB/54MB, paused 687us total 33.860ms
08-06 03:38:56.271  8080  8080 I Radio-JNI: register_android_hardware_Radio DONE
08-06 03:38:56.278  7310  7329 I art     : Starting a blocking GC Explicit
08-06 03:38:56.302  8080  8080 D AndroidRuntime: Calling main entry com.android.commands.input.Input
08-06 03:38:56.304  8080  8080 I Input   : injectMotionEvent: MotionEvent { action=ACTION_DOWN, actionButton=0, id[0]=0, x[0]=693.0, y[0]=1450.0, toolType[0]=TOOL_TYPE_UNKNOWN, buttonState=0, metaState=0, flags=0x0, edgeFlags=0x0, pointerCount=1, historySize=0, eventTime=848352716, downTime=848352716, deviceId=0, source=0x1002 }
08-06 03:38:56.310  8080  8080 I Input   : injectMotionEvent: MotionEvent { action=ACTION_UP, actionButton=0, id[0]=0, x[0]=693.0, y[0]=1450.0, toolType[0]=TOOL_TYPE_UNKNOWN, buttonState=0, metaState=0, flags=0x0, edgeFlags=0x0, pointerCount=1, historySize=0, eventTime=848352716, downTime=848352716, deviceId=0, source=0x1002 }
08-06 03:38:56.311  8080  8080 D AndroidRuntime: Shutting down VM
08-06 03:38:56.312  7310  7329 I art     : Explicit concurrent mark sweep GC freed 148(2528B) AllocSpace objects, 0(0B) LOS objects, 29% free, 38MB/54MB, paused 744us total 33.955ms
08-06 03:38:56.313   918  3670 I ActivityManager: START u0 {cmp=baseline.io.github.project_travel_mate/.destinations.description.CityHistoryActivity} from uid 10696 on display 0
08-06 03:38:56.314   512  2967 D audio_hw_primary: out_set_parameters: enter: usecase(1: low-latency-playback) kvpairs: routing=2
08-06 03:38:56.328   512  2967 D audio_hw_primary: select_devices: out_snd_device(2: speaker) in_snd_device(0: none)
08-06 03:38:56.328   512  2967 D msm8974_platform: platform_send_audio_calibration: sending audio calibration for snd_device(2) acdb_id(15)
08-06 03:38:56.328   512  2967 I soundtrigger: audio_extn_sound_trigger_update_device_status: device 0x2 of type 0 for Event 1
08-06 03:38:56.329  7310  7329 I art     : Starting a blocking GC Explicit
08-06 03:38:56.338   512  2967 D audio_hw_primary: enable_snd_device: snd_device(2: speaker)
08-06 03:38:56.340   512  2967 D audio_hw_primary: enable_audio_route: apply and update mixer path: low-latency-playback speaker
08-06 03:38:56.345  7310  7390 D Gabe    : call	returning from cache
08-06 03:38:56.347  7310  7310 V EXECUTING: https://project-travel-mate.herokuapp.com/api/get-city-information/1
08-06 03:38:56.362  7310  7329 I art     : Explicit concurrent mark sweep GC freed 604(44KB) AllocSpace objects, 0(0B) LOS objects, 29% free, 38MB/54MB, paused 1.727ms total 32.645ms
08-06 03:38:56.376  6649  6649 W Atfwd_Sendcmd: AtCmdFwd service not published, waiting... retryCnt : 3
08-06 03:38:56.378  7310  7329 I art     : Starting a blocking GC Explicit
08-06 03:38:56.410  7310  7329 I art     : Explicit concurrent mark sweep GC freed 610(19KB) AllocSpace objects, 0(0B) LOS objects, 27% free, 43MB/59MB, paused 1.234ms total 32.521ms
08-06 03:38:56.503 13866 13866 I GoogleInputMethodServic: GoogleInputMethodService.onFinishInput():3138 
08-06 03:38:56.503 13866 13866 I GoogleInputMethodServic: GoogleInputMethodService.onStartInput():1808 
08-06 03:38:56.505   918   936 I ActivityManager: Displayed baseline.io.github.project_travel_mate/.destinations.description.CityHistoryActivity: +182ms
08-06 03:38:56.753   380   380 W SurfaceFlinger: couldn't log to binary event log: overflow.
08-06 03:38:56.766  7310  7323 I art     : Starting a blocking GC Explicit
08-06 03:38:56.801  7310  7323 I art     : Explicit concurrent mark sweep GC freed 2686(110KB) AllocSpace objects, 2(40KB) LOS objects, 26% free, 43MB/59MB, paused 695us total 33.919ms
08-06 03:38:56.816  7310  7323 I art     : Starting a blocking GC Explicit
08-06 03:38:56.847  7310  7323 I art     : Explicit concurrent mark sweep GC freed 253(4KB) AllocSpace objects, 0(0B) LOS objects, 27% free, 43MB/59MB, paused 740us total 30.695ms
08-06 03:38:56.863  7310  7323 I art     : Starting a blocking GC Explicit
08-06 03:38:56.879   512  2967 D audio_hw_primary: disable_audio_route: reset and update mixer path: low-latency-playback speaker
08-06 03:38:56.880   512  2967 D audio_hw_primary: disable_snd_device: snd_device(2: speaker)
08-06 03:38:56.889   512  2967 I soundtrigger: audio_extn_sound_trigger_update_device_status: device 0x2 of type 0 for Event 0
08-06 03:38:56.898  7310  7323 I art     : Explicit concurrent mark sweep GC freed 257(4KB) AllocSpace objects, 0(0B) LOS objects, 27% free, 43MB/59MB, paused 1.021ms total 34.534ms
08-06 03:38:56.915  7310  7323 I art     : Starting a blocking GC Explicit
08-06 03:38:56.949  7310  7323 I art     : Explicit concurrent mark sweep GC freed 21(384B) AllocSpace objects, 0(0B) LOS objects, 27% free, 43MB/59MB, paused 1.090ms total 34.143ms
08-06 03:38:56.965  7310  7323 I art     : Starting a blocking GC Explicit
08-06 03:38:56.998  7310  7323 I art     : Explicit concurrent mark sweep GC freed 157(3KB) AllocSpace objects, 0(0B) LOS objects, 26% free, 43MB/59MB, paused 995us total 32.700ms
08-06 03:38:57.221  7310  8104 I NAPPA_EXPERIMENTATION: MetricNetworkRequestExecutionTime: REQUEST_DURATION_SYSTEM='873',REQUEST_DURATION_OKHTTP='32',REQUEST_SYNCHRONOUS='FALSE',RESPONSE_CODE='200',RESPONSE_METHOD='GET',RESPONSE_LENGTH_OKHTTP='55024',RESPONSE_LENGTH_HEADER='55024',REQUEST_PROTOCOL='http/1.1',REQUEST_URL='https://project-travel-mate.herokuapp.com/api/get-city-information/1',
08-06 03:38:57.342  7310  7322 I art     : Starting a blocking GC Explicit
08-06 03:38:57.377  7310  7322 I art     : Explicit concurrent mark sweep GC freed 5246(802KB) AllocSpace objects, 14(728KB) LOS objects, 26% free, 43MB/59MB, paused 780us total 34.651ms
08-06 03:38:57.392  7310  7322 I art     : Starting a blocking GC Explicit
08-06 03:38:57.409 13866 13866 I GoogleInputMethodServic: GoogleInputMethodService.onFinishInput():3138 
08-06 03:38:57.409 13866 13866 I GoogleInputMethodServic: GoogleInputMethodService.onStartInput():1808 
08-06 03:38:57.426  7310  7322 I art     : Explicit concurrent mark sweep GC freed 1950(766KB) AllocSpace objects, 10(192KB) LOS objects, 26% free, 43MB/59MB, paused 712us total 33.540ms
08-06 03:38:57.442  7310  7322 I art     : Starting a blocking GC Explicit
08-06 03:38:57.478  7310  7322 I art     : Explicit concurrent mark sweep GC freed 278(5KB) AllocSpace objects, 1(4MB) LOS objects, 28% free, 39MB/55MB, paused 657us total 36.243ms
08-06 03:38:57.494  7310  7322 I art     : Starting a blocking GC Explicit
08-06 03:38:57.531  7310  7322 I art     : Explicit concurrent mark sweep GC freed 219(3KB) AllocSpace objects, 0(0B) LOS objects, 28% free, 39MB/55MB, paused 720us total 36.082ms
08-06 03:38:57.547  7310  7322 I art     : Starting a blocking GC Explicit
08-06 03:38:57.584  7310  7322 I art     : Explicit concurrent mark sweep GC freed 219(3KB) AllocSpace objects, 0(0B) LOS objects, 28% free, 39MB/55MB, paused 696us total 36.752ms
08-06 03:38:57.945  7310  7323 I art     : Starting a blocking GC Explicit
08-06 03:38:57.985  7310  7323 I art     : Explicit concurrent mark sweep GC freed 3157(111KB) AllocSpace objects, 2(40KB) LOS objects, 28% free, 39MB/55MB, paused 693us total 39.992ms
08-06 03:38:58.003  7310  7323 I art     : Starting a blocking GC Explicit
08-06 03:38:58.041  7310  7323 I art     : Explicit concurrent mark sweep GC freed 294(5KB) AllocSpace objects, 0(0B) LOS objects, 28% free, 39MB/55MB, paused 786us total 37.110ms
08-06 03:38:58.057  7310  7323 I art     : Starting a blocking GC Explicit
08-06 03:38:58.093  7310  7323 I art     : Explicit concurrent mark sweep GC freed 249(4KB) AllocSpace objects, 0(0B) LOS objects, 28% free, 39MB/55MB, paused 688us total 35.803ms
08-06 03:38:58.110  7310  7323 I art     : Starting a blocking GC Explicit
08-06 03:38:58.146  7310  7323 I art     : Explicit concurrent mark sweep GC freed 237(4KB) AllocSpace objects, 0(0B) LOS objects, 28% free, 39MB/55MB, paused 657us total 35.889ms
08-06 03:38:58.163  7310  7323 I art     : Starting a blocking GC Explicit
08-06 03:38:58.200  7310  7323 I art     : Explicit concurrent mark sweep GC freed 241(4KB) AllocSpace objects, 0(0B) LOS objects, 28% free, 39MB/55MB, paused 712us total 36.565ms
08-06 03:38:58.595  7310  7323 I art     : Starting a blocking GC Explicit
08-06 03:38:58.633  7310  7323 I art     : Explicit concurrent mark sweep GC freed 3303(113KB) AllocSpace objects, 2(40KB) LOS objects, 28% free, 39MB/55MB, paused 711us total 38.331ms
08-06 03:38:58.652  7310  7323 I art     : Starting a blocking GC Explicit
08-06 03:38:58.687  7310  7323 I art     : Explicit concurrent mark sweep GC freed 238(4KB) AllocSpace objects, 0(0B) LOS objects, 28% free, 39MB/55MB, paused 793us total 35.471ms
08-06 03:38:58.704  7310  7323 I art     : Starting a blocking GC Explicit
08-06 03:38:58.742  7310  7323 I art     : Explicit concurrent mark sweep GC freed 273(4KB) AllocSpace objects, 0(0B) LOS objects, 28% free, 39MB/55MB, paused 869us total 38.212ms
08-06 03:38:58.759  7310  7323 I art     : Starting a blocking GC Explicit
08-06 03:38:58.798  7310  7323 I art     : Explicit concurrent mark sweep GC freed 237(3KB) AllocSpace objects, 0(0B) LOS objects, 28% free, 39MB/55MB, paused 917us total 38.399ms
08-06 03:38:58.814  7310  7323 I art     : Starting a blocking GC Explicit
08-06 03:38:58.852  7310  7323 I art     : Explicit concurrent mark sweep GC freed 219(3KB) AllocSpace objects, 0(0B) LOS objects, 28% free, 39MB/55MB, paused 725us total 37.152ms
08-06 03:38:59.247  7310  7581 I art     : Starting a blocking GC Explicit
08-06 03:38:59.285  7310  7581 I art     : Explicit concurrent mark sweep GC freed 3300(113KB) AllocSpace objects, 2(40KB) LOS objects, 28% free, 39MB/55MB, paused 659us total 38.302ms
08-06 03:38:59.305  7310  7581 I art     : Starting a blocking GC Explicit
08-06 03:38:59.344  7310  7581 I art     : Explicit concurrent mark sweep GC freed 309(5KB) AllocSpace objects, 0(0B) LOS objects, 28% free, 39MB/55MB, paused 716us total 38.913ms
08-06 03:38:59.361  7310  7581 I art     : Starting a blocking GC Explicit
08-06 03:38:59.399  7310  7581 I art     : Explicit concurrent mark sweep GC freed 220(3KB) AllocSpace objects, 0(0B) LOS objects, 28% free, 39MB/55MB, paused 701us total 38.153ms
08-06 03:38:59.416  7310  7581 I art     : Starting a blocking GC Explicit
08-06 03:38:59.454  7310  7581 I art     : Explicit concurrent mark sweep GC freed 219(3KB) AllocSpace objects, 0(0B) LOS objects, 28% free, 39MB/55MB, paused 702us total 37.305ms
08-06 03:38:59.454  7310  7321 I art     : WaitForGcToComplete blocked for 19.629ms for cause HeapTrim
08-06 03:38:59.471  7310  7581 I art     : Starting a blocking GC Explicit
08-06 03:38:59.509  7310  7581 I art     : Explicit concurrent mark sweep GC freed 276(4KB) AllocSpace objects, 0(0B) LOS objects, 28% free, 39MB/55MB, paused 859us total 38.538ms
08-06 03:38:59.911  7310  7329 I art     : Starting a blocking GC Explicit
08-06 03:38:59.952  7310  7329 I art     : Explicit concurrent mark sweep GC freed 3316(113KB) AllocSpace objects, 2(40KB) LOS objects, 28% free, 39MB/55MB, paused 755us total 40.449ms
08-06 03:38:59.971  7310  7329 I art     : Starting a blocking GC Explicit
08-06 03:39:00.009  7310  7329 I art     : Explicit concurrent mark sweep GC freed 267(4KB) AllocSpace objects, 0(0B) LOS objects, 28% free, 39MB/55MB, paused 862us total 37.235ms
08-06 03:39:00.025  7310  7329 I art     : Starting a blocking GC Explicit
08-06 03:39:00.058  7310  7329 I art     : Explicit concurrent mark sweep GC freed 197(3KB) AllocSpace objects, 0(0B) LOS objects, 28% free, 39MB/55MB, paused 692us total 33.327ms
08-06 03:39:00.074  7310  7329 I art     : Starting a blocking GC Explicit
08-06 03:39:00.109  7310  7329 I art     : Explicit concurrent mark sweep GC freed 213(3KB) AllocSpace objects, 0(0B) LOS objects, 28% free, 39MB/55MB, paused 850us total 35.007ms
08-06 03:39:00.125  7310  7329 I art     : Starting a blocking GC Explicit
08-06 03:39:00.161  7310  7329 I art     : Explicit concurrent mark sweep GC freed 241(3KB) AllocSpace objects, 0(0B) LOS objects, 28% free, 39MB/55MB, paused 761us total 35.733ms
08-06 03:39:00.549  7310  7322 I art     : Starting a blocking GC Explicit
08-06 03:39:00.587  7310  7322 I art     : Explicit concurrent mark sweep GC freed 3279(113KB) AllocSpace objects, 2(40KB) LOS objects, 28% free, 39MB/55MB, paused 690us total 36.819ms
08-06 03:39:00.603  7310  7322 I art     : Starting a blocking GC Explicit
08-06 03:39:00.637  7310  7322 I art     : Explicit concurrent mark sweep GC freed 238(4KB) AllocSpace objects, 0(0B) LOS objects, 28% free, 39MB/55MB, paused 777us total 34.141ms
08-06 03:39:00.653  7310  7322 I art     : Starting a blocking GC Explicit
08-06 03:39:00.688  7310  7322 I art     : Explicit concurrent mark sweep GC freed 219(3KB) AllocSpace objects, 0(0B) LOS objects, 28% free, 39MB/55MB, paused 718us total 34.430ms
08-06 03:39:00.704  7310  7322 I art     : Starting a blocking GC Explicit
08-06 03:39:00.740  7310  7322 I art     : Explicit concurrent mark sweep GC freed 219(3KB) AllocSpace objects, 0(0B) LOS objects, 28% free, 39MB/55MB, paused 717us total 35.644ms
08-06 03:39:00.756  7310  7322 I art     : Starting a blocking GC Explicit
08-06 03:39:00.794  7310  7322 I art     : Explicit concurrent mark sweep GC freed 233(3KB) AllocSpace objects, 0(0B) LOS objects, 28% free, 39MB/55MB, paused 850us total 37.675ms
08-06 03:39:01.103  8177  8177 D AndroidRuntime: >>>>>> START com.android.internal.os.RuntimeInit uid 2000 <<<<<<
08-06 03:39:01.110  8177  8177 D AndroidRuntime: CheckJNI is OFF
08-06 03:39:01.151   518   646 I ThermalEngine: ACTION: GPU - Setting GPU[0] to 510000000
08-06 03:39:01.153  8177  8177 D ICU     : No timezone override file found: /data/misc/zoneinfo/current/icu/icu_tzdata.dat
08-06 03:39:01.171  7310  7323 I art     : Starting a blocking GC Explicit
08-06 03:39:01.196  8177  8177 I Radio-JNI: register_android_hardware_Radio DONE
08-06 03:39:01.206  7310  7323 I art     : Explicit concurrent mark sweep GC freed 3226(112KB) AllocSpace objects, 2(40KB) LOS objects, 28% free, 39MB/55MB, paused 604us total 34.269ms
08-06 03:39:01.218  7310  7323 I art     : Starting a blocking GC Explicit
08-06 03:39:01.219  8177  8177 D AndroidRuntime: Calling main entry com.android.commands.input.Input
08-06 03:39:01.221  8177  8177 I Input   : injectKeyEvent: KeyEvent { action=ACTION_DOWN, keyCode=KEYCODE_BACK, scanCode=0, metaState=0, flags=0x0, repeatCount=0, eventTime=848357634, downTime=848357634, deviceId=-1, source=0x101 }
08-06 03:39:01.229  8177  8177 I Input   : injectKeyEvent: KeyEvent { action=ACTION_UP, keyCode=KEYCODE_BACK, scanCode=0, metaState=0, flags=0x0, repeatCount=0, eventTime=848357634, downTime=848357634, deviceId=-1, source=0x101 }
08-06 03:39:01.236  8177  8177 D AndroidRuntime: Shutting down VM
08-06 03:39:01.246  7310  7323 I art     : Explicit concurrent mark sweep GC freed 298(6KB) AllocSpace objects, 0(0B) LOS objects, 28% free, 39MB/55MB, paused 503us total 27.355ms
08-06 03:39:01.258  7310  7323 I art     : Starting a blocking GC Explicit
08-06 03:39:01.268 13866 13866 I GoogleInputMethodServic: GoogleInputMethodService.onFinishInput():3138 
08-06 03:39:01.269 13866 13866 I GoogleInputMethodServic: GoogleInputMethodService.onStartInput():1808 
08-06 03:39:01.285  7310  7323 I art     : Explicit concurrent mark sweep GC freed 123(3040B) AllocSpace objects, 0(0B) LOS objects, 28% free, 39MB/55MB, paused 508us total 26.534ms
08-06 03:39:01.298  7310  7323 I art     : Starting a blocking GC Explicit
08-06 03:39:01.323  7310  7323 I art     : Explicit concurrent mark sweep GC freed 227(3KB) AllocSpace objects, 0(0B) LOS objects, 28% free, 39MB/55MB, paused 491us total 24.928ms
08-06 03:39:01.334  7310  7323 I art     : Starting a blocking GC Explicit
08-06 03:39:01.360  7310  7323 I art     : Explicit concurrent mark sweep GC freed 149(2528B) AllocSpace objects, 0(0B) LOS objects, 28% free, 39MB/55MB, paused 592us total 25.141ms
08-06 03:39:01.558   380   380 W SurfaceFlinger: couldn't log to binary event log: overflow.
08-06 03:39:01.667  7310  7322 I art     : Starting a blocking GC Explicit
08-06 03:39:01.700  7310  7322 I art     : Explicit concurrent mark sweep GC freed 2748(105KB) AllocSpace objects, 4(404KB) LOS objects, 28% free, 39MB/55MB, paused 834us total 32.527ms
08-06 03:39:01.714  7310  7322 I art     : Starting a blocking GC Explicit
08-06 03:39:01.742  7310  7322 I art     : Explicit concurrent mark sweep GC freed 4818(341KB) AllocSpace objects, 7(132KB) LOS objects, 29% free, 38MB/54MB, paused 502us total 27.278ms
08-06 03:39:01.754  7310  7322 I art     : Starting a blocking GC Explicit
08-06 03:39:01.780  7310  7322 I art     : Explicit concurrent mark sweep GC freed 147(2496B) AllocSpace objects, 0(0B) LOS objects, 29% free, 38MB/54MB, paused 547us total 25.929ms
08-06 03:39:01.792  7310  7322 I art     : Starting a blocking GC Explicit
08-06 03:39:01.819  7310  7322 I art     : Explicit concurrent mark sweep GC freed 98(1664B) AllocSpace objects, 0(0B) LOS objects, 29% free, 38MB/54MB, paused 546us total 26.394ms
08-06 03:39:01.831  7310  7322 I art     : Starting a blocking GC Explicit
08-06 03:39:01.856  7310  7322 I art     : Explicit concurrent mark sweep GC freed 100(1728B) AllocSpace objects, 0(0B) LOS objects, 29% free, 38MB/54MB, paused 497us total 24.426ms
08-06 03:39:02.200  7310  7581 I art     : Starting a blocking GC Explicit
08-06 03:39:02.231  7310  7581 I art     : Explicit concurrent mark sweep GC freed 2532(101KB) AllocSpace objects, 2(40KB) LOS objects, 29% free, 38MB/54MB, paused 526us total 30.134ms
08-06 03:39:02.245  7310  7581 I art     : Starting a blocking GC Explicit
08-06 03:39:02.272  7310  7581 I art     : Explicit concurrent mark sweep GC freed 118(2384B) AllocSpace objects, 0(0B) LOS objects, 29% free, 38MB/54MB, paused 510us total 26.848ms
08-06 03:39:02.284  7310  7581 I art     : Starting a blocking GC Explicit
08-06 03:39:02.311  7310  7581 I art     : Explicit concurrent mark sweep GC freed 147(2496B) AllocSpace objects, 0(0B) LOS objects, 29% free, 38MB/54MB, paused 516us total 26.960ms
08-06 03:39:02.324  7310  7581 I art     : Starting a blocking GC Explicit
08-06 03:39:02.351  7310  7581 I art     : Explicit concurrent mark sweep GC freed 99(1696B) AllocSpace objects, 0(0B) LOS objects, 29% free, 38MB/54MB, paused 515us total 27.356ms
08-06 03:39:02.363  7310  7581 I art     : Starting a blocking GC Explicit
08-06 03:39:02.391  7310  7581 I art     : Explicit concurrent mark sweep GC freed 99(1696B) AllocSpace objects, 0(0B) LOS objects, 29% free, 38MB/54MB, paused 516us total 27.381ms
08-06 03:39:02.703  7310  7581 I art     : Starting a blocking GC Explicit
08-06 03:39:02.729  7310  7581 I art     : Explicit concurrent mark sweep GC freed 2435(99KB) AllocSpace objects, 2(40KB) LOS objects, 29% free, 38MB/54MB, paused 540us total 26.613ms
08-06 03:39:02.742  7310  7581 I art     : Starting a blocking GC Explicit
08-06 03:39:02.771  7310  7581 I art     : Explicit concurrent mark sweep GC freed 127(2720B) AllocSpace objects, 0(0B) LOS objects, 29% free, 38MB/54MB, paused 535us total 28.655ms
08-06 03:39:02.783  7310  7581 I art     : Starting a blocking GC Explicit
08-06 03:39:02.810  7310  7581 I art     : Explicit concurrent mark sweep GC freed 100(1728B) AllocSpace objects, 0(0B) LOS objects, 29% free, 38MB/54MB, paused 645us total 26.563ms
08-06 03:39:02.822  7310  7581 I art     : Starting a blocking GC Explicit
08-06 03:39:02.848  7310  7581 I art     : Explicit concurrent mark sweep GC freed 147(2496B) AllocSpace objects, 0(0B) LOS objects, 29% free, 38MB/54MB, paused 523us total 26.202ms
08-06 03:39:02.860  7310  7581 I art     : Starting a blocking GC Explicit
08-06 03:39:02.887  7310  7581 I art     : Explicit concurrent mark sweep GC freed 98(1664B) AllocSpace objects, 0(0B) LOS objects, 29% free, 38MB/54MB, paused 583us total 26.475ms
08-06 03:39:02.900  8220  8220 D AndroidRuntime: >>>>>> START com.android.internal.os.RuntimeInit uid 2000 <<<<<<
08-06 03:39:02.904  8220  8220 D AndroidRuntime: CheckJNI is OFF
08-06 03:39:02.936  8220  8220 D ICU     : No timezone override file found: /data/misc/zoneinfo/current/icu/icu_tzdata.dat
08-06 03:39:02.969  8220  8220 I Radio-JNI: register_android_hardware_Radio DONE
08-06 03:39:02.991  8220  8220 D AndroidRuntime: Calling main entry com.android.commands.input.Input
08-06 03:39:02.993  8220  8220 I Input   : injectKeyEvent: KeyEvent { action=ACTION_DOWN, keyCode=KEYCODE_BACK, scanCode=0, metaState=0, flags=0x0, repeatCount=0, eventTime=848359406, downTime=848359406, deviceId=-1, source=0x101 }
08-06 03:39:02.998  8220  8220 I Input   : injectKeyEvent: KeyEvent { action=ACTION_UP, keyCode=KEYCODE_BACK, scanCode=0, metaState=0, flags=0x0, repeatCount=0, eventTime=848359406, downTime=848359406, deviceId=-1, source=0x101 }
08-06 03:39:03.005  8220  8220 D AndroidRuntime: Shutting down VM
08-06 03:39:03.016  7310  7310 V MainActivity: url = https://project-travel-mate.herokuapp.com/api/number-of-unread-notifications
08-06 03:39:03.047 13866 13866 I GoogleInputMethodServic: GoogleInputMethodService.onFinishInput():3138 
08-06 03:39:03.048 13866 13866 I GoogleInputMethodServic: GoogleInputMethodService.onStartInput():1808 
08-06 03:39:03.188  7310  7322 I art     : Starting a blocking GC Explicit
08-06 03:39:03.224  7310  7322 I art     : Explicit concurrent mark sweep GC freed 2902(122KB) AllocSpace objects, 2(40KB) LOS objects, 29% free, 38MB/54MB, paused 625us total 35.825ms
08-06 03:39:03.239  7310  7322 I art     : Starting a blocking GC Explicit
08-06 03:39:03.275  7310  7322 I art     : Explicit concurrent mark sweep GC freed 245(6KB) AllocSpace objects, 0(0B) LOS objects, 29% free, 38MB/54MB, paused 580us total 35.328ms
08-06 03:39:03.290  7310  7322 I art     : Starting a blocking GC Explicit
08-06 03:39:03.325  7310  7322 I art     : Explicit concurrent mark sweep GC freed 150(2624B) AllocSpace objects, 0(0B) LOS objects, 29% free, 38MB/54MB, paused 568us total 34.630ms
08-06 03:39:03.338  7310  7322 I art     : Starting a blocking GC Explicit
08-06 03:39:03.365  7310  7322 I art     : Explicit concurrent mark sweep GC freed 141(2896B) AllocSpace objects, 0(0B) LOS objects, 29% free, 38MB/54MB, paused 525us total 27.112ms
08-06 03:39:03.378  7310  7322 I art     : Starting a blocking GC Explicit
08-06 03:39:03.405  7310  7322 I art     : Explicit concurrent mark sweep GC freed 60(1344B) AllocSpace objects, 0(0B) LOS objects, 29% free, 38MB/54MB, paused 694us total 27.545ms
08-06 03:39:03.754  7310  7323 I art     : Starting a blocking GC Explicit
08-06 03:39:03.785  7310  7323 I art     : Explicit concurrent mark sweep GC freed 2112(98KB) AllocSpace objects, 2(40KB) LOS objects, 29% free, 38MB/54MB, paused 592us total 30.252ms
08-06 03:39:03.798  7310  7323 I art     : Starting a blocking GC Explicit
08-06 03:39:03.827  7310  7323 I art     : Explicit concurrent mark sweep GC freed 832(61KB) AllocSpace objects, 2(120KB) LOS objects, 29% free, 39MB/55MB, paused 853us total 29.470ms
08-06 03:39:03.840  7310  7323 I art     : Starting a blocking GC Explicit
08-06 03:39:03.869  7310  7323 I art     : Explicit concurrent mark sweep GC freed 2119(110KB) AllocSpace objects, 1(80KB) LOS objects, 29% free, 39MB/55MB, paused 642us total 29.146ms
08-06 03:39:03.881  7310  7323 I art     : Starting a blocking GC Explicit
08-06 03:39:03.884  7310  8243 I NAPPA_EXPERIMENTATION: MetricNetworkRequestExecutionTime: REQUEST_DURATION_SYSTEM='867',REQUEST_DURATION_OKHTTP='34',REQUEST_SYNCHRONOUS='FALSE',RESPONSE_CODE='200',RESPONSE_METHOD='GET',RESPONSE_LENGTH_OKHTTP='36',RESPONSE_LENGTH_HEADER='36',REQUEST_PROTOCOL='http/1.1',REQUEST_URL='https://project-travel-mate.herokuapp.com/api/number-of-unread-notifications',
08-06 03:39:03.910  7310  7323 I art     : Explicit concurrent mark sweep GC freed 848(89KB) AllocSpace objects, 0(0B) LOS objects, 29% free, 39MB/55MB, paused 592us total 28.610ms
08-06 03:39:03.923  7310  7323 I art     : Starting a blocking GC Explicit
08-06 03:39:03.952  7310  7323 I art     : Explicit concurrent mark sweep GC freed 124(3KB) AllocSpace objects, 0(0B) LOS objects, 29% free, 39MB/55MB, paused 580us total 29.408ms
08-06 03:39:04.288  7310  7329 I art     : Starting a blocking GC Explicit
08-06 03:39:04.318  7310  7329 I art     : Explicit concurrent mark sweep GC freed 2051(96KB) AllocSpace objects, 2(40KB) LOS objects, 29% free, 39MB/55MB, paused 651us total 29.521ms
08-06 03:39:04.331  7310  7329 I art     : Starting a blocking GC Explicit
08-06 03:39:04.359  7310  7329 I art     : Explicit concurrent mark sweep GC freed 80(2128B) AllocSpace objects, 0(0B) LOS objects, 29% free, 39MB/55MB, paused 579us total 27.879ms
08-06 03:39:04.371  7310  7329 I art     : Starting a blocking GC Explicit
08-06 03:39:04.400  7310  7329 I art     : Explicit concurrent mark sweep GC freed 75(1296B) AllocSpace objects, 0(0B) LOS objects, 29% free, 39MB/55MB, paused 578us total 28.008ms
08-06 03:39:04.412  7310  7329 I art     : Starting a blocking GC Explicit
08-06 03:39:04.440  7310  7329 I art     : Explicit concurrent mark sweep GC freed 51(896B) AllocSpace objects, 0(0B) LOS objects, 29% free, 39MB/55MB, paused 658us total 27.931ms
08-06 03:39:04.452  7310  7329 I art     : Starting a blocking GC Explicit
08-06 03:39:04.480  7310  7329 I art     : Explicit concurrent mark sweep GC freed 72(1232B) AllocSpace objects, 0(0B) LOS objects, 29% free, 39MB/55MB, paused 702us total 27.951ms
08-06 03:39:04.648  8276  8276 D AndroidRuntime: >>>>>> START com.android.internal.os.RuntimeInit uid 2000 <<<<<<
08-06 03:39:04.653  8276  8276 D AndroidRuntime: CheckJNI is OFF
08-06 03:39:04.685  8276  8276 D ICU     : No timezone override file found: /data/misc/zoneinfo/current/icu/icu_tzdata.dat
08-06 03:39:04.716  8276  8276 I Radio-JNI: register_android_hardware_Radio DONE
08-06 03:39:04.737  8276  8276 D AndroidRuntime: Calling main entry com.android.commands.input.Input
08-06 03:39:04.739  8276  8276 I Input   : injectMotionEvent: MotionEvent { action=ACTION_DOWN, actionButton=0, id[0]=0, x[0]=346.0, y[0]=709.0, toolType[0]=TOOL_TYPE_UNKNOWN, buttonState=0, metaState=0, flags=0x0, edgeFlags=0x0, pointerCount=1, historySize=0, eventTime=848361152, downTime=848361152, deviceId=0, source=0x1002 }
08-06 03:39:04.743  8276  8276 I Input   : injectMotionEvent: MotionEvent { action=ACTION_UP, actionButton=0, id[0]=0, x[0]=346.0, y[0]=709.0, toolType[0]=TOOL_TYPE_UNKNOWN, buttonState=0, metaState=0, flags=0x0, edgeFlags=0x0, pointerCount=1, historySize=0, eventTime=848361152, downTime=848361152, deviceId=0, source=0x1002 }
08-06 03:39:04.749   918   929 I ActivityManager: START u0 {cmp=baseline.io.github.project_travel_mate/.destinations.description.FinalCityInfoActivity (has extras)} from uid 10696 on display 0
08-06 03:39:04.755  8276  8276 D AndroidRuntime: Shutting down VM
08-06 03:39:04.774  7310  7390 D Gabe    : call	returning from cache
08-06 03:39:04.796  7310  7310 V EXECUTING: https://project-travel-mate.herokuapp.com/api/get-city-weather/1
08-06 03:39:04.833  7310  7581 I art     : Starting a blocking GC Explicit
08-06 03:39:04.865  7310  7581 I art     : Explicit concurrent mark sweep GC freed 6901(435KB) AllocSpace objects, 2(40KB) LOS objects, 26% free, 43MB/59MB, paused 1.238ms total 31.750ms
08-06 03:39:04.880  7310  7581 I art     : Starting a blocking GC Explicit
08-06 03:39:04.910  7310  7581 I art     : Explicit concurrent mark sweep GC freed 525(25KB) AllocSpace objects, 0(0B) LOS objects, 26% free, 43MB/59MB, paused 920us total 29.641ms
08-06 03:39:04.923  7310  7581 I art     : Starting a blocking GC Explicit
08-06 03:39:04.936   918   936 I ActivityManager: Displayed baseline.io.github.project_travel_mate/.destinations.description.FinalCityInfoActivity: +178ms
08-06 03:39:04.936 13866 13866 I GoogleInputMethodServic: GoogleInputMethodService.onFinishInput():3138 
08-06 03:39:04.937 13866 13866 I GoogleInputMethodServic: GoogleInputMethodService.onStartInput():1808 
08-06 03:39:04.948 14692 14729 I Finsky  : [6155] ktr.run(-1): Stats for Executor: BlockingExecutor kvs@358e60e[Running, pool size = 0, active threads = 0, queued tasks = 0, completed tasks = 33]
08-06 03:39:04.950 14692 14729 I Finsky  : [6155] ktr.run(-1): Stats for Executor: LightweightExecutor kvs@fc6682f[Running, pool size = 4, active threads = 0, queued tasks = 0, completed tasks = 76]
08-06 03:39:04.953  7310  7581 I art     : Explicit concurrent mark sweep GC freed 135(3KB) AllocSpace objects, 0(0B) LOS objects, 26% free, 43MB/59MB, paused 905us total 29.917ms
08-06 03:39:04.967  7310  7581 I art     : Starting a blocking GC Explicit
08-06 03:39:05.000  7310  7581 I art     : Explicit concurrent mark sweep GC freed 23(448B) AllocSpace objects, 0(0B) LOS objects, 26% free, 43MB/59MB, paused 1.149ms total 32.533ms
08-06 03:39:05.013  7310  7581 I art     : Starting a blocking GC Explicit
08-06 03:39:05.046  7310  7581 I art     : Explicit concurrent mark sweep GC freed 103(1760B) AllocSpace objects, 0(0B) LOS objects, 26% free, 43MB/59MB, paused 817us total 32.923ms
08-06 03:39:05.162   518   646 I ThermalEngine: ACTION: GPU - Setting GPU[0] to 450000000
08-06 03:39:05.196   380   380 W SurfaceFlinger: couldn't log to binary event log: overflow.
08-06 03:39:05.325  7310  8302 I NAPPA_EXPERIMENTATION: MetricNetworkRequestExecutionTime: REQUEST_DURATION_SYSTEM='527',REQUEST_DURATION_OKHTTP='37',REQUEST_SYNCHRONOUS='FALSE',RESPONSE_CODE='200',RESPONSE_METHOD='GET',RESPONSE_LENGTH_OKHTTP='530',RESPONSE_LENGTH_HEADER='530',REQUEST_PROTOCOL='http/1.1',REQUEST_URL='https://project-travel-mate.herokuapp.com/api/get-city/1',
08-06 03:39:05.348  7310  8301 I NAPPA_EXPERIMENTATION: MetricNetworkRequestExecutionTime: REQUEST_DURATION_SYSTEM='551',REQUEST_DURATION_OKHTTP='62',REQUEST_SYNCHRONOUS='FALSE',RESPONSE_CODE='200',RESPONSE_METHOD='GET',RESPONSE_LENGTH_OKHTTP='238',RESPONSE_LENGTH_HEADER='238',REQUEST_PROTOCOL='http/1.1',REQUEST_URL='https://project-travel-mate.herokuapp.com/api/get-city-weather/1',
08-06 03:39:05.369  7310  8302 V Response: {"id":1,"city_name":"Delhi","description":"Delhi, officially the National Capital Territory of Delhi, is the Capital territory of India. During the British Raj, Delhi was part of the province of Punjab and is still historically and culturally connected to the Punjab region.","latitude":"28.613900","longitude":"77.209000","facts_count":6,"images":["https://upload.wikimedia.org/wikipedia/commons/9/94/%E0%B4%96%E0%B5%81%E0%B4%A4%E0%B5%8D%E0%B4%AC%E0%B5%8D_%E0%B4%AE%E0%B4%BF%E0%B4%A8%E0%B4%BE%E0%B5%BC1.jpg"],"has_visited":false}
08-06 03:39:05.395  7310  8254 I art     : Starting a blocking GC Explicit
08-06 03:39:05.433  7310  8254 I art     : Explicit concurrent mark sweep GC freed 7357(344KB) AllocSpace objects, 5(240KB) LOS objects, 26% free, 43MB/59MB, paused 1.062ms total 37.654ms
08-06 03:39:05.450  7310  8254 I art     : Starting a blocking GC Explicit
08-06 03:39:05.487  7310  8254 I art     : Explicit concurrent mark sweep GC freed 1104(122KB) AllocSpace objects, 0(0B) LOS objects, 26% free, 43MB/59MB, paused 1.050ms total 36.242ms
08-06 03:39:05.503  7310  8254 I art     : Starting a blocking GC Explicit
08-06 03:39:05.538  7310  8254 I art     : Explicit concurrent mark sweep GC freed 1647(92KB) AllocSpace objects, 0(0B) LOS objects, 26% free, 44MB/60MB, paused 984us total 35.198ms
08-06 03:39:05.554  7310  8254 I art     : Starting a blocking GC Explicit
08-06 03:39:05.589  7310  8254 I art     : Explicit concurrent mark sweep GC freed 175(3KB) AllocSpace objects, 1(4MB) LOS objects, 28% free, 39MB/55MB, paused 794us total 34.804ms
08-06 03:39:05.605  7310  8254 I art     : Starting a blocking GC Explicit
08-06 03:39:05.643  7310  8254 I art     : Explicit concurrent mark sweep GC freed 157(3KB) AllocSpace objects, 0(0B) LOS objects, 28% free, 39MB/55MB, paused 815us total 37.667ms
08-06 03:39:06.018  7310  7581 I art     : Starting a blocking GC Explicit
08-06 03:39:06.030 14692 14729 I Finsky  : [6155] ktr.run(-1): Stats for Executor: bgExecutor kvs@e92de3c[Running, pool size = 4, active threads = 0, queued tasks = 0, completed tasks = 123]
08-06 03:39:06.057  7310  7581 I art     : Explicit concurrent mark sweep GC freed 2651(103KB) AllocSpace objects, 2(40KB) LOS objects, 28% free, 39MB/55MB, paused 826us total 38.619ms
08-06 03:39:06.075  7310  7581 I art     : Starting a blocking GC Explicit
08-06 03:39:06.112  7310  7581 I art     : Explicit concurrent mark sweep GC freed 176(3KB) AllocSpace objects, 0(0B) LOS objects, 28% free, 39MB/55MB, paused 759us total 36.720ms
08-06 03:39:06.129  7310  7581 I art     : Starting a blocking GC Explicit
08-06 03:39:06.167  7310  7581 I art     : Explicit concurrent mark sweep GC freed 194(3KB) AllocSpace objects, 0(0B) LOS objects, 28% free, 39MB/55MB, paused 922us total 37.732ms
08-06 03:39:06.183  7310  7581 I art     : Starting a blocking GC Explicit
08-06 03:39:06.222  7310  7581 I art     : Explicit concurrent mark sweep GC freed 148(2528B) AllocSpace objects, 0(0B) LOS objects, 28% free, 39MB/55MB, paused 819us total 38.889ms
08-06 03:39:06.239  7310  7581 I art     : Starting a blocking GC Explicit
08-06 03:39:06.278  7310  7581 I art     : Explicit concurrent mark sweep GC freed 147(2496B) AllocSpace objects, 0(0B) LOS objects, 28% free, 39MB/55MB, paused 873us total 38.789ms
08-06 03:39:06.692  7310  7329 I art     : Starting a blocking GC Explicit
08-06 03:39:06.733  7310  7329 I art     : Explicit concurrent mark sweep GC freed 2756(104KB) AllocSpace objects, 2(40KB) LOS objects, 28% free, 39MB/55MB, paused 1.017ms total 41.447ms
08-06 03:39:06.750  7310  7329 I art     : Starting a blocking GC Explicit
08-06 03:39:06.791  7310  7329 I art     : Explicit concurrent mark sweep GC freed 183(3KB) AllocSpace objects, 0(0B) LOS objects, 28% free, 39MB/55MB, paused 839us total 41.118ms
08-06 03:39:06.808  7310  7329 I art     : Starting a blocking GC Explicit
08-06 03:39:06.844  7310  7329 I art     : Explicit concurrent mark sweep GC freed 147(2496B) AllocSpace objects, 0(0B) LOS objects, 28% free, 39MB/55MB, paused 789us total 36.174ms
08-06 03:39:06.861  7310  7329 I art     : Starting a blocking GC Explicit
08-06 03:39:06.899  7310  7329 I art     : Explicit concurrent mark sweep GC freed 147(2496B) AllocSpace objects, 0(0B) LOS objects, 28% free, 39MB/55MB, paused 877us total 37.824ms
08-06 03:39:06.917  7310  7329 I art     : Starting a blocking GC Explicit
08-06 03:39:06.960  7310  7329 I art     : Explicit concurrent mark sweep GC freed 194(3KB) AllocSpace objects, 0(0B) LOS objects, 28% free, 39MB/55MB, paused 829us total 42.767ms
08-06 03:39:07.373  7310  7322 I art     : Starting a blocking GC Explicit
08-06 03:39:07.413  7310  7322 I art     : Explicit concurrent mark sweep GC freed 2737(104KB) AllocSpace objects, 2(40KB) LOS objects, 28% free, 39MB/55MB, paused 825us total 40.056ms
08-06 03:39:07.432  7310  7322 I art     : Starting a blocking GC Explicit
08-06 03:39:07.472  7310  7322 I art     : Explicit concurrent mark sweep GC freed 224(4KB) AllocSpace objects, 0(0B) LOS objects, 28% free, 39MB/55MB, paused 846us total 39.221ms
08-06 03:39:07.488  7310  7322 I art     : Starting a blocking GC Explicit
08-06 03:39:07.529  7310  7322 I art     : Explicit concurrent mark sweep GC freed 147(2496B) AllocSpace objects, 0(0B) LOS objects, 28% free, 39MB/55MB, paused 863us total 40.444ms
08-06 03:39:07.546  7310  7322 I art     : Starting a blocking GC Explicit
08-06 03:39:07.586  7310  7322 I art     : Explicit concurrent mark sweep GC freed 167(2816B) AllocSpace objects, 0(0B) LOS objects, 28% free, 39MB/55MB, paused 977us total 39.569ms
08-06 03:39:07.603  7310  7322 I art     : Starting a blocking GC Explicit
08-06 03:39:07.643  7310  7322 I art     : Explicit concurrent mark sweep GC freed 175(2976B) AllocSpace objects, 0(0B) LOS objects, 28% free, 39MB/55MB, paused 844us total 40.359ms
08-06 03:39:08.050  7310  8254 I art     : Starting a blocking GC Explicit
08-06 03:39:08.094  7310  8254 I art     : Explicit concurrent mark sweep GC freed 2724(104KB) AllocSpace objects, 2(40KB) LOS objects, 28% free, 39MB/55MB, paused 896us total 43.515ms
08-06 03:39:08.111  7310  8254 I art     : Starting a blocking GC Explicit
08-06 03:39:08.153  7310  8254 I art     : Explicit concurrent mark sweep GC freed 177(3KB) AllocSpace objects, 0(0B) LOS objects, 28% free, 39MB/55MB, paused 910us total 41.418ms
08-06 03:39:08.170  7310  8254 I art     : Starting a blocking GC Explicit
08-06 03:39:08.213  7310  8254 I art     : Explicit concurrent mark sweep GC freed 184(3KB) AllocSpace objects, 0(0B) LOS objects, 28% free, 39MB/55MB, paused 872us total 43.217ms
08-06 03:39:08.231  7310  8254 I art     : Starting a blocking GC Explicit
08-06 03:39:08.273  7310  8254 I art     : Explicit concurrent mark sweep GC freed 195(3KB) AllocSpace objects, 0(0B) LOS objects, 28% free, 39MB/55MB, paused 861us total 42.434ms
08-06 03:39:08.290  7310  8254 I art     : Starting a blocking GC Explicit
08-06 03:39:08.332  7310  8254 I art     : Explicit concurrent mark sweep GC freed 148(2528B) AllocSpace objects, 0(0B) LOS objects, 28% free, 39MB/55MB, paused 817us total 41.725ms
08-06 03:39:08.730  7310  7323 I art     : Starting a blocking GC Explicit
08-06 03:39:08.772  7310  7323 I art     : Explicit concurrent mark sweep GC freed 2697(103KB) AllocSpace objects, 2(40KB) LOS objects, 28% free, 39MB/55MB, paused 947us total 41.615ms
08-06 03:39:08.789  7310  7323 I art     : Starting a blocking GC Explicit
08-06 03:39:08.831  7310  7323 I art     : Explicit concurrent mark sweep GC freed 193(3KB) AllocSpace objects, 0(0B) LOS objects, 28% free, 39MB/55MB, paused 768us total 41.459ms
08-06 03:39:08.848  7310  7323 I art     : Starting a blocking GC Explicit
08-06 03:39:08.890  7310  7323 I art     : Explicit concurrent mark sweep GC freed 194(3KB) AllocSpace objects, 0(0B) LOS objects, 28% free, 39MB/55MB, paused 927us total 41.685ms
08-06 03:39:08.907  7310  7323 I art     : Starting a blocking GC Explicit
08-06 03:39:08.948  7310  7323 I art     : Explicit concurrent mark sweep GC freed 148(2528B) AllocSpace objects, 0(0B) LOS objects, 28% free, 39MB/55MB, paused 819us total 41.108ms
08-06 03:39:08.965  7310  7323 I art     : Starting a blocking GC Explicit
08-06 03:39:09.006  7310  7323 I art     : Explicit concurrent mark sweep GC freed 170(2864B) AllocSpace objects, 0(0B) LOS objects, 28% free, 39MB/55MB, paused 845us total 40.247ms
08-06 03:39:09.167   518   646 I ThermalEngine: ACTION: GPU - Setting GPU[0] to 510000000
08-06 03:39:09.327  7310  7322 I art     : Starting a blocking GC Explicit
08-06 03:39:09.361  7310  7322 I art     : Explicit concurrent mark sweep GC freed 2484(101KB) AllocSpace objects, 2(40KB) LOS objects, 28% free, 39MB/55MB, paused 589us total 33.211ms
08-06 03:39:09.373  7310  7322 I art     : Starting a blocking GC Explicit
08-06 03:39:09.403  7310  7322 I art     : Explicit concurrent mark sweep GC freed 137(3KB) AllocSpace objects, 0(0B) LOS objects, 28% free, 39MB/55MB, paused 764us total 29.498ms
08-06 03:39:09.415  7310  7322 I art     : Starting a blocking GC Explicit
08-06 03:39:09.431   918  3188 I hubconnection: sensorhub said: 'set_bias 3: -5.7600, 0.0000, 0.0000'
08-06 03:39:09.445  7310  7322 I art     : Explicit concurrent mark sweep GC freed 138(2352B) AllocSpace objects, 0(0B) LOS objects, 28% free, 39MB/55MB, paused 631us total 29.523ms
08-06 03:39:09.457  7310  7322 I art     : Starting a blocking GC Explicit
08-06 03:39:09.479  8365  8365 D AndroidRuntime: >>>>>> START com.android.internal.os.RuntimeInit uid 2000 <<<<<<
08-06 03:39:09.484  8365  8365 D AndroidRuntime: CheckJNI is OFF
08-06 03:39:09.488  7310  7322 I art     : Explicit concurrent mark sweep GC freed 119(2016B) AllocSpace objects, 0(0B) LOS objects, 28% free, 39MB/55MB, paused 704us total 30.035ms
08-06 03:39:09.500  7310  7322 I art     : Starting a blocking GC Explicit
08-06 03:39:09.519  8365  8365 D ICU     : No timezone override file found: /data/misc/zoneinfo/current/icu/icu_tzdata.dat
08-06 03:39:09.531  7310  7322 I art     : Explicit concurrent mark sweep GC freed 125(2128B) AllocSpace objects, 0(0B) LOS objects, 28% free, 39MB/55MB, paused 672us total 30.332ms
08-06 03:39:09.555  8365  8365 I Radio-JNI: register_android_hardware_Radio DONE
08-06 03:39:09.576  8365  8365 D AndroidRuntime: Calling main entry com.android.commands.input.Input
08-06 03:39:09.578  8365  8365 I Input   : injectMotionEvent: MotionEvent { action=ACTION_DOWN, actionButton=0, id[0]=0, x[0]=693.0, y[0]=1450.0, toolType[0]=TOOL_TYPE_UNKNOWN, buttonState=0, metaState=0, flags=0x0, edgeFlags=0x0, pointerCount=1, historySize=0, eventTime=848365991, downTime=848365991, deviceId=0, source=0x1002 }
08-06 03:39:09.586  8365  8365 I Input   : injectMotionEvent: MotionEvent { action=ACTION_UP, actionButton=0, id[0]=0, x[0]=693.0, y[0]=1450.0, toolType[0]=TOOL_TYPE_UNKNOWN, buttonState=0, metaState=0, flags=0x0, edgeFlags=0x0, pointerCount=1, historySize=0, eventTime=848365991, downTime=848365991, deviceId=0, source=0x1002 }
08-06 03:39:09.588   918  5481 I ActivityManager: START u0 {cmp=baseline.io.github.project_travel_mate/.destinations.description.CityHistoryActivity} from uid 10696 on display 0
08-06 03:39:09.588  8365  8365 D AndroidRuntime: Shutting down VM
08-06 03:39:09.590   512  2967 D audio_hw_primary: out_set_parameters: enter: usecase(1: low-latency-playback) kvpairs: routing=2
08-06 03:39:09.603   512  2967 D audio_hw_primary: select_devices: out_snd_device(2: speaker) in_snd_device(0: none)
08-06 03:39:09.603   512  2967 D msm8974_platform: platform_send_audio_calibration: sending audio calibration for snd_device(2) acdb_id(15)
08-06 03:39:09.603   512  2967 I soundtrigger: audio_extn_sound_trigger_update_device_status: device 0x2 of type 0 for Event 1
08-06 03:39:09.613  7310  7390 D Gabe    : call	returning from cache
08-06 03:39:09.614   512  2967 D audio_hw_primary: enable_snd_device: snd_device(2: speaker)
08-06 03:39:09.615  7310  7310 V EXECUTING: https://project-travel-mate.herokuapp.com/api/get-city-information/1
08-06 03:39:09.616   512  2967 D audio_hw_primary: enable_audio_route: apply and update mixer path: low-latency-playback speaker
08-06 03:39:09.745   918   936 I ActivityManager: Displayed baseline.io.github.project_travel_mate/.destinations.description.CityHistoryActivity: +149ms
08-06 03:39:09.746 13866 13866 I GoogleInputMethodServic: GoogleInputMethodService.onFinishInput():3138 
08-06 03:39:09.746 13866 13866 I GoogleInputMethodServic: GoogleInputMethodService.onStartInput():1808 
08-06 03:39:09.833  7310  7323 I art     : Starting a blocking GC Explicit
08-06 03:39:09.867  7310  7323 I art     : Explicit concurrent mark sweep GC freed 3038(154KB) AllocSpace objects, 2(40KB) LOS objects, 26% free, 44MB/60MB, paused 1.073ms total 33.893ms
08-06 03:39:09.881  7310  7323 I art     : Starting a blocking GC Explicit
08-06 03:39:09.911  7310  7323 I art     : Explicit concurrent mark sweep GC freed 371(12KB) AllocSpace objects, 0(0B) LOS objects, 26% free, 44MB/60MB, paused 620us total 30.117ms
08-06 03:39:09.924  7310  7323 I art     : Starting a blocking GC Explicit
08-06 03:39:09.952  7310  7323 I art     : Explicit concurrent mark sweep GC freed 159(2688B) AllocSpace objects, 0(0B) LOS objects, 26% free, 44MB/60MB, paused 726us total 28.659ms
08-06 03:39:09.965  7310  7323 I art     : Starting a blocking GC Explicit
08-06 03:39:09.984   380   380 W SurfaceFlinger: couldn't log to binary event log: overflow.
08-06 03:39:09.996  7310  7323 I art     : Explicit concurrent mark sweep GC freed 207(3KB) AllocSpace objects, 0(0B) LOS objects, 26% free, 44MB/60MB, paused 638us total 30.808ms
08-06 03:39:10.008  7310  7323 I art     : Starting a blocking GC Explicit
08-06 03:39:10.037  7310  7323 I art     : Explicit concurrent mark sweep GC freed 218(3KB) AllocSpace objects, 0(0B) LOS objects, 26% free, 44MB/60MB, paused 769us total 28.345ms
08-06 03:39:10.149   512  2967 D audio_hw_primary: disable_audio_route: reset and update mixer path: low-latency-playback speaker
08-06 03:39:10.150   512  2967 D audio_hw_primary: disable_snd_device: snd_device(2: speaker)
08-06 03:39:10.157   512  2967 I soundtrigger: audio_extn_sound_trigger_update_device_status: device 0x2 of type 0 for Event 0
08-06 03:39:10.360  7310  7581 I art     : Starting a blocking GC Explicit
08-06 03:39:10.392  7310  7581 I art     : Explicit concurrent mark sweep GC freed 3442(172KB) AllocSpace objects, 4(160KB) LOS objects, 26% free, 44MB/60MB, paused 1.075ms total 31.890ms
08-06 03:39:10.406  7310  7581 I art     : Starting a blocking GC Explicit
08-06 03:39:10.437  7310  7581 I art     : Explicit concurrent mark sweep GC freed 2475(160KB) AllocSpace objects, 1(80KB) LOS objects, 26% free, 44MB/60MB, paused 910us total 30.649ms
08-06 03:39:10.440  7310  8389 I NAPPA_EXPERIMENTATION: MetricNetworkRequestExecutionTime: REQUEST_DURATION_SYSTEM='825',REQUEST_DURATION_OKHTTP='34',REQUEST_SYNCHRONOUS='FALSE',RESPONSE_CODE='200',RESPONSE_METHOD='GET',RESPONSE_LENGTH_OKHTTP='55024',RESPONSE_LENGTH_HEADER='55024',REQUEST_PROTOCOL='http/1.1',REQUEST_URL='https://project-travel-mate.herokuapp.com/api/get-city-information/1',
08-06 03:39:10.449  7310  7581 I art     : Starting a blocking GC Explicit
08-06 03:39:10.479  7310  7581 I art     : Explicit concurrent mark sweep GC freed 399(32KB) AllocSpace objects, 3(272KB) LOS objects, 26% free, 44MB/60MB, paused 938us total 30.147ms
08-06 03:39:10.493  7310  7581 I art     : Starting a blocking GC Explicit
08-06 03:39:10.523  7310  7581 I art     : Explicit concurrent mark sweep GC freed 164(5KB) AllocSpace objects, 0(0B) LOS objects, 26% free, 44MB/60MB, paused 818us total 30.430ms
08-06 03:39:10.536  7310  7581 I art     : Starting a blocking GC Explicit
08-06 03:39:10.566  7310  7581 I art     : Explicit concurrent mark sweep GC freed 1079(1109KB) AllocSpace objects, 14(368KB) LOS objects, 26% free, 44MB/60MB, paused 981us total 30.136ms
08-06 03:39:10.575 13866 13866 I GoogleInputMethodServic: GoogleInputMethodService.onFinishInput():3138 
08-06 03:39:10.576 13866 13866 I GoogleInputMethodServic: GoogleInputMethodService.onStartInput():1808 
08-06 03:39:10.906  7310  7329 I art     : Starting a blocking GC Explicit
08-06 03:39:10.945  7310  7329 I art     : Explicit concurrent mark sweep GC freed 3330(210KB) AllocSpace objects, 5(4MB) LOS objects, 28% free, 40MB/56MB, paused 656us total 38.634ms
08-06 03:39:10.958  7310  7329 I art     : Starting a blocking GC Explicit
08-06 03:39:10.991  7310  7329 I art     : Explicit concurrent mark sweep GC freed 271(5KB) AllocSpace objects, 0(0B) LOS objects, 28% free, 40MB/56MB, paused 652us total 32.470ms
08-06 03:39:11.003  7310  7329 I art     : Starting a blocking GC Explicit
08-06 03:39:11.036  7310  7329 I art     : Explicit concurrent mark sweep GC freed 166(2816B) AllocSpace objects, 0(0B) LOS objects, 28% free, 40MB/56MB, paused 736us total 32.644ms
08-06 03:39:11.050  7310  7329 I art     : Starting a blocking GC Explicit
08-06 03:39:11.083  7310  7329 I art     : Explicit concurrent mark sweep GC freed 201(3KB) AllocSpace objects, 0(0B) LOS objects, 28% free, 40MB/56MB, paused 580us total 33.105ms
08-06 03:39:11.096  7310  7329 I art     : Starting a blocking GC Explicit
08-06 03:39:11.129  7310  7329 I art     : Explicit concurrent mark sweep GC freed 219(3KB) AllocSpace objects, 0(0B) LOS objects, 28% free, 40MB/56MB, paused 650us total 33.128ms
08-06 03:39:11.171   518   646 I ThermalEngine: ACTION: GPU - Setting GPU[0] to 450000000
08-06 03:39:11.376  6649  6649 I ServiceManager: Waiting for service AtCmdFwd...
08-06 03:39:11.490  7310  7323 I art     : Starting a blocking GC Explicit
08-06 03:39:11.534  7310  7323 I art     : Explicit concurrent mark sweep GC freed 3183(112KB) AllocSpace objects, 2(40KB) LOS objects, 28% free, 40MB/56MB, paused 914us total 44.070ms
08-06 03:39:11.552  7310  7323 I art     : Starting a blocking GC Explicit
08-06 03:39:11.595  7310  7323 I art     : Explicit concurrent mark sweep GC freed 307(5KB) AllocSpace objects, 0(0B) LOS objects, 28% free, 40MB/56MB, paused 1.031ms total 43.210ms
08-06 03:39:11.612  7310  7323 I art     : Starting a blocking GC Explicit
08-06 03:39:11.657  7310  7323 I art     : Explicit concurrent mark sweep GC freed 246(4KB) AllocSpace objects, 0(0B) LOS objects, 28% free, 40MB/56MB, paused 1.038ms total 44.135ms
08-06 03:39:11.674  7310  7323 I art     : Starting a blocking GC Explicit
08-06 03:39:11.720  7310  7323 I art     : Explicit concurrent mark sweep GC freed 267(4KB) AllocSpace objects, 0(0B) LOS objects, 28% free, 40MB/56MB, paused 903us total 45.359ms
08-06 03:39:11.737  7310  7323 I art     : Starting a blocking GC Explicit
08-06 03:39:11.780  7310  7323 I art     : Explicit concurrent mark sweep GC freed 290(4KB) AllocSpace objects, 0(0B) LOS objects, 28% free, 40MB/56MB, paused 920us total 42.309ms
08-06 03:39:12.182  7310  7322 I art     : Starting a blocking GC Explicit
08-06 03:39:12.227  7310  7322 I art     : Explicit concurrent mark sweep GC freed 3343(114KB) AllocSpace objects, 2(40KB) LOS objects, 28% free, 40MB/56MB, paused 922us total 44.794ms
08-06 03:39:12.246  7310  7322 I art     : Starting a blocking GC Explicit
08-06 03:39:12.291  7310  7322 I art     : Explicit concurrent mark sweep GC freed 319(5KB) AllocSpace objects, 0(0B) LOS objects, 28% free, 40MB/56MB, paused 968us total 44.425ms
08-06 03:39:12.308  7310  7322 I art     : Starting a blocking GC Explicit
08-06 03:39:12.352  7310  7322 I art     : Explicit concurrent mark sweep GC freed 262(4KB) AllocSpace objects, 0(0B) LOS objects, 28% free, 40MB/56MB, paused 893us total 43.634ms
08-06 03:39:12.369  7310  7322 I art     : Starting a blocking GC Explicit
08-06 03:39:12.377  6649  6649 I ServiceManager: Waiting for service AtCmdFwd...
08-06 03:39:12.413  7310  7322 I art     : Explicit concurrent mark sweep GC freed 291(4KB) AllocSpace objects, 0(0B) LOS objects, 28% free, 40MB/56MB, paused 897us total 43.737ms
08-06 03:39:12.431  7310  7322 I art     : Starting a blocking GC Explicit
08-06 03:39:12.476  7310  7322 I art     : Explicit concurrent mark sweep GC freed 279(4KB) AllocSpace objects, 0(0B) LOS objects, 28% free, 40MB/56MB, paused 988us total 44.842ms
08-06 03:39:12.847  7310  7329 I art     : Starting a blocking GC Explicit
08-06 03:39:12.893  7310  7329 I art     : Explicit concurrent mark sweep GC freed 3192(111KB) AllocSpace objects, 2(40KB) LOS objects, 28% free, 40MB/56MB, paused 1.059ms total 45.750ms
08-06 03:39:12.912  7310  7329 I art     : Starting a blocking GC Explicit
08-06 03:39:12.954  7310  7329 I art     : Explicit concurrent mark sweep GC freed 289(5KB) AllocSpace objects, 0(0B) LOS objects, 28% free, 40MB/56MB, paused 832us total 42.367ms
08-06 03:39:12.971  7310  7329 I art     : Starting a blocking GC Explicit
08-06 03:39:13.015  7310  7329 I art     : Explicit concurrent mark sweep GC freed 290(4KB) AllocSpace objects, 0(0B) LOS objects, 28% free, 40MB/56MB, paused 897us total 43.952ms
08-06 03:39:13.033  7310  7329 I art     : Starting a blocking GC Explicit
08-06 03:39:13.078  7310  7329 I art     : Explicit concurrent mark sweep GC freed 266(4KB) AllocSpace objects, 0(0B) LOS objects, 28% free, 40MB/56MB, paused 1.223ms total 44.683ms
08-06 03:39:13.095  7310  7329 I art     : Starting a blocking GC Explicit
08-06 03:39:13.140  7310  7329 I art     : Explicit concurrent mark sweep GC freed 261(4KB) AllocSpace objects, 0(0B) LOS objects, 28% free, 40MB/56MB, paused 966us total 45.036ms
08-06 03:39:13.377  6649  6649 I ServiceManager: Waiting for service AtCmdFwd...
08-06 03:39:13.541  7310  8254 I art     : Starting a blocking GC Explicit
08-06 03:39:13.586  7310  8254 I art     : Explicit concurrent mark sweep GC freed 3377(115KB) AllocSpace objects, 2(40KB) LOS objects, 28% free, 40MB/56MB, paused 902us total 44.118ms
08-06 03:39:13.603  7310  8254 I art     : Starting a blocking GC Explicit
08-06 03:39:13.648  7310  8254 I art     : Explicit concurrent mark sweep GC freed 305(5KB) AllocSpace objects, 0(0B) LOS objects, 28% free, 40MB/56MB, paused 1.073ms total 44.503ms
08-06 03:39:13.665  7310  8254 I art     : Starting a blocking GC Explicit
08-06 03:39:13.708  7310  8254 I art     : Explicit concurrent mark sweep GC freed 233(3KB) AllocSpace objects, 0(0B) LOS objects, 28% free, 40MB/56MB, paused 996us total 43.301ms
08-06 03:39:13.726  7310  8254 I art     : Starting a blocking GC Explicit
08-06 03:39:13.772  7310  8254 I art     : Explicit concurrent mark sweep GC freed 282(4KB) AllocSpace objects, 0(0B) LOS objects, 28% free, 40MB/56MB, paused 855us total 45.713ms
08-06 03:39:13.789  7310  8254 I art     : Starting a blocking GC Explicit
08-06 03:39:13.832  7310  8254 I art     : Explicit concurrent mark sweep GC freed 291(4KB) AllocSpace objects, 0(0B) LOS objects, 28% free, 40MB/56MB, paused 843us total 43.056ms
08-06 03:39:14.189  7310  7581 I art     : Starting a blocking GC Explicit
08-06 03:39:14.235  7310  7581 I art     : Explicit concurrent mark sweep GC freed 3157(111KB) AllocSpace objects, 2(40KB) LOS objects, 28% free, 40MB/56MB, paused 883us total 45.878ms
08-06 03:39:14.251  7310  7581 I art     : Starting a blocking GC Explicit
08-06 03:39:14.290  7310  7581 I art     : Explicit concurrent mark sweep GC freed 249(4KB) AllocSpace objects, 0(0B) LOS objects, 28% free, 40MB/56MB, paused 961us total 38.757ms
08-06 03:39:14.307  7310  7581 I art     : Starting a blocking GC Explicit
08-06 03:39:14.350  7310  7581 I art     : Explicit concurrent mark sweep GC freed 280(4KB) AllocSpace objects, 0(0B) LOS objects, 28% free, 40MB/56MB, paused 931us total 42.631ms
08-06 03:39:14.367  7310  7581 I art     : Starting a blocking GC Explicit
08-06 03:39:14.378  6649  6649 I ServiceManager: Waiting for service AtCmdFwd...
08-06 03:39:14.384  8461  8461 D AndroidRuntime: >>>>>> START com.android.internal.os.RuntimeInit uid 2000 <<<<<<
08-06 03:39:14.390  8461  8461 D AndroidRuntime: CheckJNI is OFF
08-06 03:39:14.409  7310  7581 I art     : Explicit concurrent mark sweep GC freed 231(3KB) AllocSpace objects, 0(0B) LOS objects, 28% free, 40MB/56MB, paused 1.061ms total 41.906ms
08-06 03:39:14.425  7310  7581 I art     : Starting a blocking GC Explicit
08-06 03:39:14.436  8461  8461 D ICU     : No timezone override file found: /data/misc/zoneinfo/current/icu/icu_tzdata.dat
08-06 03:39:14.468  7310  7581 I art     : Explicit concurrent mark sweep GC freed 279(4KB) AllocSpace objects, 0(0B) LOS objects, 28% free, 40MB/56MB, paused 957us total 42.203ms
08-06 03:39:14.483  8461  8461 I Radio-JNI: register_android_hardware_Radio DONE
08-06 03:39:14.512  8461  8461 D AndroidRuntime: Calling main entry com.android.commands.input.Input
08-06 03:39:14.514  8461  8461 I Input   : injectKeyEvent: KeyEvent { action=ACTION_DOWN, keyCode=KEYCODE_BACK, scanCode=0, metaState=0, flags=0x0, repeatCount=0, eventTime=848370927, downTime=848370927, deviceId=-1, source=0x101 }
08-06 03:39:14.521  8461  8461 I Input   : injectKeyEvent: KeyEvent { action=ACTION_UP, keyCode=KEYCODE_BACK, scanCode=0, metaState=0, flags=0x0, repeatCount=0, eventTime=848370927, downTime=848370927, deviceId=-1, source=0x101 }
08-06 03:39:14.529  8461  8461 D AndroidRuntime: Shutting down VM
08-06 03:39:14.568 13866 13866 I GoogleInputMethodServic: GoogleInputMethodService.onFinishInput():3138 
08-06 03:39:14.569 13866 13866 I GoogleInputMethodServic: GoogleInputMethodService.onStartInput():1808 
08-06 03:39:14.830  7310  8254 I art     : Starting a blocking GC Explicit
08-06 03:39:14.856   380   380 W SurfaceFlinger: couldn't log to binary event log: overflow.
08-06 03:39:14.875  7310  8254 I art     : Explicit concurrent mark sweep GC freed 3274(115KB) AllocSpace objects, 2(40KB) LOS objects, 28% free, 40MB/56MB, paused 1.633ms total 44.609ms
08-06 03:39:14.891  7310  8254 I art     : Starting a blocking GC Explicit
08-06 03:39:14.930  7310  8254 I art     : Explicit concurrent mark sweep GC freed 231(4KB) AllocSpace objects, 2(364KB) LOS objects, 28% free, 40MB/56MB, paused 877us total 38.943ms
08-06 03:39:14.930  7310  7321 I art     : WaitForGcToComplete blocked for 19.055ms for cause HeapTrim
08-06 03:39:14.938   918  3261 D WifiStateMachine: starting scan for "H369AA63323"WPA_PSK with 2412,5180
08-06 03:39:14.947  7310  8254 I art     : Starting a blocking GC Explicit
08-06 03:39:14.986  7310  8254 I art     : Explicit concurrent mark sweep GC freed 4847(341KB) AllocSpace objects, 7(132KB) LOS objects, 28% free, 39MB/55MB, paused 844us total 38.810ms
08-06 03:39:15.003  7310  8254 I art     : Starting a blocking GC Explicit
08-06 03:39:15.041  7310  8254 I art     : Explicit concurrent mark sweep GC freed 195(3KB) AllocSpace objects, 0(0B) LOS objects, 28% free, 39MB/55MB, paused 905us total 38.501ms
08-06 03:39:15.058  7310  8254 I art     : Starting a blocking GC Explicit
08-06 03:39:15.098  7310  8254 I art     : Explicit concurrent mark sweep GC freed 180(3KB) AllocSpace objects, 0(0B) LOS objects, 28% free, 39MB/55MB, paused 866us total 39.296ms
08-06 03:39:15.378  6649  6649 I ServiceManager: Waiting for service AtCmdFwd...
08-06 03:39:15.465  7310  7581 I art     : Starting a blocking GC Explicit
08-06 03:39:15.507  7310  7581 I art     : Explicit concurrent mark sweep GC freed 2580(101KB) AllocSpace objects, 2(40KB) LOS objects, 28% free, 39MB/55MB, paused 838us total 40.881ms
08-06 03:39:15.525  7310  7581 I art     : Starting a blocking GC Explicit
08-06 03:39:15.563  7310  7581 I art     : Explicit concurrent mark sweep GC freed 214(3KB) AllocSpace objects, 0(0B) LOS objects, 28% free, 39MB/55MB, paused 811us total 37.623ms
08-06 03:39:15.580  7310  7581 I art     : Starting a blocking GC Explicit
08-06 03:39:15.618  7310  7581 I art     : Explicit concurrent mark sweep GC freed 147(2496B) AllocSpace objects, 0(0B) LOS objects, 28% free, 39MB/55MB, paused 875us total 38.403ms
08-06 03:39:15.635  7310  7581 I art     : Starting a blocking GC Explicit
08-06 03:39:15.674  7310  7581 I art     : Explicit concurrent mark sweep GC freed 147(2496B) AllocSpace objects, 0(0B) LOS objects, 28% free, 39MB/55MB, paused 854us total 38.752ms
08-06 03:39:15.691  7310  7581 I art     : Starting a blocking GC Explicit
08-06 03:39:15.731  7310  7581 I art     : Explicit concurrent mark sweep GC freed 194(3KB) AllocSpace objects, 0(0B) LOS objects, 28% free, 39MB/55MB, paused 868us total 39.664ms
08-06 03:39:16.091  7310  7329 I art     : Starting a blocking GC Explicit
08-06 03:39:16.155  7310  7329 I art     : Explicit concurrent mark sweep GC freed 2641(103KB) AllocSpace objects, 2(40KB) LOS objects, 28% free, 39MB/55MB, paused 1.084ms total 64.448ms
08-06 03:39:16.173  7310  7329 I art     : Starting a blocking GC Explicit
08-06 03:39:16.179   518   646 I ThermalEngine: ACTION: GPU - Setting GPU[0] to 510000000
08-06 03:39:16.212  7310  7329 I art     : Explicit concurrent mark sweep GC freed 223(4KB) AllocSpace objects, 0(0B) LOS objects, 28% free, 39MB/55MB, paused 863us total 37.992ms
08-06 03:39:16.226  7310  7329 I art     : Starting a blocking GC Explicit
08-06 03:39:16.258  7310  7329 I art     : Explicit concurrent mark sweep GC freed 101(1760B) AllocSpace objects, 0(0B) LOS objects, 28% free, 39MB/55MB, paused 689us total 31.496ms
08-06 03:39:16.271  7310  7329 I art     : Starting a blocking GC Explicit
08-06 03:39:16.283  8504  8504 D AndroidRuntime: >>>>>> START com.android.internal.os.RuntimeInit uid 2000 <<<<<<
08-06 03:39:16.288  8504  8504 D AndroidRuntime: CheckJNI is OFF
08-06 03:39:16.302  7310  7329 I art     : Explicit concurrent mark sweep GC freed 147(2496B) AllocSpace objects, 0(0B) LOS objects, 28% free, 39MB/55MB, paused 666us total 30.799ms
08-06 03:39:16.314  7310  7329 I art     : Starting a blocking GC Explicit
08-06 03:39:16.324  8504  8504 D ICU     : No timezone override file found: /data/misc/zoneinfo/current/icu/icu_tzdata.dat
08-06 03:39:16.345  7310  7329 I art     : Explicit concurrent mark sweep GC freed 133(2240B) AllocSpace objects, 0(0B) LOS objects, 28% free, 39MB/55MB, paused 786us total 30.621ms
08-06 03:39:16.358  8504  8504 I Radio-JNI: register_android_hardware_Radio DONE
08-06 03:39:16.379  6649  6649 W Atfwd_Sendcmd: AtCmdFwd service not published, waiting... retryCnt : 4
08-06 03:39:16.380  8504  8504 D AndroidRuntime: Calling main entry com.android.commands.input.Input
08-06 03:39:16.381  8504  8504 I Input   : injectKeyEvent: KeyEvent { action=ACTION_DOWN, keyCode=KEYCODE_BACK, scanCode=0, metaState=0, flags=0x0, repeatCount=0, eventTime=848372794, downTime=848372794, deviceId=-1, source=0x101 }
08-06 03:39:16.387  8504  8504 I Input   : injectKeyEvent: KeyEvent { action=ACTION_UP, keyCode=KEYCODE_BACK, scanCode=0, metaState=0, flags=0x0, repeatCount=0, eventTime=848372794, downTime=848372794, deviceId=-1, source=0x101 }
08-06 03:39:16.393  8504  8504 D AndroidRuntime: Shutting down VM
08-06 03:39:16.409  7310  7310 V MainActivity: url = https://project-travel-mate.herokuapp.com/api/number-of-unread-notifications
08-06 03:39:16.437 13866 13866 I GoogleInputMethodServic: GoogleInputMethodService.onFinishInput():3138 
08-06 03:39:16.438 13866 13866 I GoogleInputMethodServic: GoogleInputMethodService.onStartInput():1808 
08-06 03:39:16.651  7310  7323 I art     : Starting a blocking GC Explicit
08-06 03:39:16.684  7310  7323 I art     : Explicit concurrent mark sweep GC freed 2932(123KB) AllocSpace objects, 2(40KB) LOS objects, 28% free, 39MB/55MB, paused 604us total 32.796ms
08-06 03:39:16.697  7310  7323 I art     : Starting a blocking GC Explicit
08-06 03:39:16.732  7310  7323 I art     : Explicit concurrent mark sweep GC freed 231(5KB) AllocSpace objects, 0(0B) LOS objects, 28% free, 39MB/55MB, paused 635us total 34.881ms
08-06 03:39:16.742   380   380 W SurfaceFlinger: couldn't log to binary event log: overflow.
08-06 03:39:16.745  7310  7323 I art     : Starting a blocking GC Explicit
08-06 03:39:16.777  7310  7323 I art     : Explicit concurrent mark sweep GC freed 115(2272B) AllocSpace objects, 0(0B) LOS objects, 28% free, 39MB/55MB, paused 825us total 32.012ms
08-06 03:39:16.790  7310  7323 I art     : Starting a blocking GC Explicit
08-06 03:39:16.821  7310  7323 I art     : Explicit concurrent mark sweep GC freed 169(7KB) AllocSpace objects, 0(0B) LOS objects, 28% free, 39MB/55MB, paused 766us total 30.448ms
08-06 03:39:16.833  7310  7323 I art     : Starting a blocking GC Explicit
08-06 03:39:16.862  7310  7323 I art     : Explicit concurrent mark sweep GC freed 97(2128B) AllocSpace objects, 0(0B) LOS objects, 28% free, 39MB/55MB, paused 731us total 29.305ms
08-06 03:39:17.195  7310  8254 I art     : Starting a blocking GC Explicit
08-06 03:39:17.228  7310  8254 I art     : Explicit concurrent mark sweep GC freed 1955(91KB) AllocSpace objects, 2(40KB) LOS objects, 28% free, 39MB/55MB, paused 822us total 32.981ms
08-06 03:39:17.241  7310  8254 I art     : Starting a blocking GC Explicit
08-06 03:39:17.274  7310  8254 I art     : Explicit concurrent mark sweep GC freed 2631(133KB) AllocSpace objects, 2(120KB) LOS objects, 28% free, 40MB/56MB, paused 774us total 33.277ms
08-06 03:39:17.287  7310  8254 I art     : Starting a blocking GC Explicit
08-06 03:39:17.298  7310  8527 I NAPPA_EXPERIMENTATION: MetricNetworkRequestExecutionTime: REQUEST_DURATION_SYSTEM='888',REQUEST_DURATION_OKHTTP='37',REQUEST_SYNCHRONOUS='FALSE',RESPONSE_CODE='200',RESPONSE_METHOD='GET',RESPONSE_LENGTH_OKHTTP='36',RESPONSE_LENGTH_HEADER='36',REQUEST_PROTOCOL='http/1.1',REQUEST_URL='https://project-travel-mate.herokuapp.com/api/number-of-unread-notifications',
08-06 03:39:17.320  7310  8254 I art     : Explicit concurrent mark sweep GC freed 1118(126KB) AllocSpace objects, 1(80KB) LOS objects, 28% free, 39MB/55MB, paused 795us total 32.894ms
08-06 03:39:17.332  7310  8254 I art     : Starting a blocking GC Explicit
08-06 03:39:17.365  7310  8254 I art     : Explicit concurrent mark sweep GC freed 125(5KB) AllocSpace objects, 0(0B) LOS objects, 28% free, 39MB/55MB, paused 709us total 32.696ms
08-06 03:39:17.378  7310  8254 I art     : Starting a blocking GC Explicit
08-06 03:39:17.411  7310  8254 I art     : Explicit concurrent mark sweep GC freed 158(4KB) AllocSpace objects, 0(0B) LOS objects, 28% free, 39MB/55MB, paused 735us total 33.025ms
08-06 03:39:17.744  7310  7581 I art     : Starting a blocking GC Explicit
08-06 03:39:17.777  7310  7581 I art     : Explicit concurrent mark sweep GC freed 1933(91KB) AllocSpace objects, 2(40KB) LOS objects, 28% free, 39MB/55MB, paused 737us total 32.553ms
08-06 03:39:17.789  7310  7581 I art     : Starting a blocking GC Explicit
08-06 03:39:17.822  7310  7581 I art     : Explicit concurrent mark sweep GC freed 94(1984B) AllocSpace objects, 0(0B) LOS objects, 28% free, 39MB/55MB, paused 725us total 32.163ms
08-06 03:39:17.834  7310  7581 I art     : Starting a blocking GC Explicit
08-06 03:39:17.866  7310  7581 I art     : Explicit concurrent mark sweep GC freed 75(1296B) AllocSpace objects, 0(0B) LOS objects, 28% free, 39MB/55MB, paused 657us total 31.328ms
08-06 03:39:17.878  7310  7581 I art     : Starting a blocking GC Explicit
08-06 03:39:17.910  7310  7581 I art     : Explicit concurrent mark sweep GC freed 58(1008B) AllocSpace objects, 0(0B) LOS objects, 28% free, 39MB/55MB, paused 822us total 31.790ms
08-06 03:39:17.923  7310  7581 I art     : Starting a blocking GC Explicit
08-06 03:39:17.955  7310  7581 I art     : Explicit concurrent mark sweep GC freed 68(1184B) AllocSpace objects, 0(0B) LOS objects, 28% free, 39MB/55MB, paused 701us total 31.962ms
08-06 03:39:18.060  8559  8559 D AndroidRuntime: >>>>>> START com.android.internal.os.RuntimeInit uid 2000 <<<<<<
08-06 03:39:18.069  8559  8559 D AndroidRuntime: CheckJNI is OFF
08-06 03:39:18.098  8559  8559 D ICU     : No timezone override file found: /data/misc/zoneinfo/current/icu/icu_tzdata.dat
08-06 03:39:18.128  8559  8559 I Radio-JNI: register_android_hardware_Radio DONE
08-06 03:39:18.148  8559  8559 D AndroidRuntime: Calling main entry com.android.commands.input.Input
08-06 03:39:18.150  8559  8559 I Input   : injectMotionEvent: MotionEvent { action=ACTION_DOWN, actionButton=0, id[0]=0, x[0]=117.0, y[0]=170.0, toolType[0]=TOOL_TYPE_UNKNOWN, buttonState=0, metaState=0, flags=0x0, edgeFlags=0x0, pointerCount=1, historySize=0, eventTime=848374562, downTime=848374562, deviceId=0, source=0x1002 }
08-06 03:39:18.155  8559  8559 I Input   : injectMotionEvent: MotionEvent { action=ACTION_UP, actionButton=0, id[0]=0, x[0]=117.0, y[0]=170.0, toolType[0]=TOOL_TYPE_UNKNOWN, buttonState=0, metaState=0, flags=0x0, edgeFlags=0x0, pointerCount=1, historySize=0, eventTime=848374562, downTime=848374562, deviceId=0, source=0x1002 }
08-06 03:39:18.156  8559  8559 D AndroidRuntime: Shutting down VM
08-06 03:39:18.164   512  2967 D audio_hw_primary: out_set_parameters: enter: usecase(1: low-latency-playback) kvpairs: routing=2
08-06 03:39:18.177   512  2967 D audio_hw_primary: select_devices: out_snd_device(2: speaker) in_snd_device(0: none)
08-06 03:39:18.177   512  2967 D msm8974_platform: platform_send_audio_calibration: sending audio calibration for snd_device(2) acdb_id(15)
08-06 03:39:18.178   512  2967 I soundtrigger: audio_extn_sound_trigger_update_device_status: device 0x2 of type 0 for Event 1
08-06 03:39:18.187   518   646 I ThermalEngine: ACTION: GPU - Setting GPU[0] to 450000000
08-06 03:39:18.187   512  2967 D audio_hw_primary: enable_snd_device: snd_device(2: speaker)
08-06 03:39:18.190   512  2967 D audio_hw_primary: enable_audio_route: apply and update mixer path: low-latency-playback speaker
08-06 03:39:18.308  7310  7322 I art     : Starting a blocking GC Explicit
08-06 03:39:18.351  7310  7322 I art     : Explicit concurrent mark sweep GC freed 2410(115KB) AllocSpace objects, 2(40KB) LOS objects, 28% free, 40MB/56MB, paused 1.063ms total 42.790ms
08-06 03:39:18.368  7310  7322 I art     : Starting a blocking GC Explicit
08-06 03:39:18.406  7310  7322 I art     : Explicit concurrent mark sweep GC freed 135(3KB) AllocSpace objects, 0(0B) LOS objects, 28% free, 40MB/56MB, paused 954us total 37.505ms
08-06 03:39:18.422  7310  7322 I art     : Starting a blocking GC Explicit
08-06 03:39:18.459  7310  7322 I art     : Explicit concurrent mark sweep GC freed 77(1360B) AllocSpace objects, 0(0B) LOS objects, 28% free, 40MB/56MB, paused 884us total 36.736ms
08-06 03:39:18.475  7310  7322 I art     : Starting a blocking GC Explicit
08-06 03:39:18.512  7310  7322 I art     : Explicit concurrent mark sweep GC freed 99(1696B) AllocSpace objects, 0(0B) LOS objects, 28% free, 40MB/56MB, paused 1.086ms total 36.849ms
08-06 03:39:18.528  7310  7322 I art     : Starting a blocking GC Explicit
08-06 03:39:18.565  7310  7322 I art     : Explicit concurrent mark sweep GC freed 75(1296B) AllocSpace objects, 0(0B) LOS objects, 28% free, 40MB/56MB, paused 869us total 36.547ms
08-06 03:39:18.728   512  2967 D audio_hw_primary: disable_audio_route: reset and update mixer path: low-latency-playback speaker
08-06 03:39:18.730   512  2967 D audio_hw_primary: disable_snd_device: snd_device(2: speaker)
08-06 03:39:18.738   512  2967 I soundtrigger: audio_extn_sound_trigger_update_device_status: device 0x2 of type 0 for Event 0
08-06 03:39:18.903  8584  8584 D AndroidRuntime: >>>>>> START com.android.internal.os.RuntimeInit uid 2000 <<<<<<
08-06 03:39:18.909  8584  8584 D AndroidRuntime: CheckJNI is OFF
08-06 03:39:18.932  7310  7322 I art     : Starting a blocking GC Explicit
08-06 03:39:18.954  8584  8584 D ICU     : No timezone override file found: /data/misc/zoneinfo/current/icu/icu_tzdata.dat
08-06 03:39:18.973  7310  7322 I art     : Explicit concurrent mark sweep GC freed 2014(92KB) AllocSpace objects, 2(40KB) LOS objects, 28% free, 40MB/56MB, paused 1.346ms total 40.807ms
08-06 03:39:18.989  7310  7322 I art     : Starting a blocking GC Explicit
08-06 03:39:18.997  8584  8584 I Radio-JNI: register_android_hardware_Radio DONE
08-06 03:39:19.027  8584  8584 D AndroidRuntime: Calling main entry com.android.commands.input.Input
08-06 03:39:19.029  7310  7322 I art     : Explicit concurrent mark sweep GC freed 112(2336B) AllocSpace objects, 0(0B) LOS objects, 28% free, 40MB/56MB, paused 1.081ms total 39.497ms
08-06 03:39:19.029  8584  8584 I Input   : injectMotionEvent: MotionEvent { action=ACTION_DOWN, actionButton=0, id[0]=0, x[0]=355.0, y[0]=1674.0, toolType[0]=TOOL_TYPE_UNKNOWN, buttonState=0, metaState=0, flags=0x0, edgeFlags=0x0, pointerCount=1, historySize=0, eventTime=848375442, downTime=848375442, deviceId=0, source=0x1002 }
08-06 03:39:19.034  8584  8584 I Input   : injectMotionEvent: MotionEvent { action=ACTION_UP, actionButton=0, id[0]=0, x[0]=355.0, y[0]=1674.0, toolType[0]=TOOL_TYPE_UNKNOWN, buttonState=0, metaState=0, flags=0x0, edgeFlags=0x0, pointerCount=1, historySize=0, eventTime=848375442, downTime=848375442, deviceId=0, source=0x1002 }
08-06 03:39:19.036  8584  8584 D AndroidRuntime: Shutting down VM
08-06 03:39:19.046  7310  7322 I art     : Starting a blocking GC Explicit
08-06 03:39:19.048   512  2967 D audio_hw_primary: out_set_parameters: enter: usecase(1: low-latency-playback) kvpairs: routing=2
08-06 03:39:19.061   512  2967 D audio_hw_primary: select_devices: out_snd_device(2: speaker) in_snd_device(0: none)
08-06 03:39:19.062   512  2967 D msm8974_platform: platform_send_audio_calibration: sending audio calibration for snd_device(2) acdb_id(15)
08-06 03:39:19.062   512  2967 I soundtrigger: audio_extn_sound_trigger_update_device_status: device 0x2 of type 0 for Event 1
08-06 03:39:19.071   512  2967 D audio_hw_primary: enable_snd_device: snd_device(2: speaker)
08-06 03:39:19.073   512  2967 D audio_hw_primary: enable_audio_route: apply and update mixer path: low-latency-playback speaker
08-06 03:39:19.084  7310  7322 I art     : Explicit concurrent mark sweep GC freed 476(24KB) AllocSpace objects, 0(0B) LOS objects, 27% free, 42MB/58MB, paused 996us total 38.467ms
08-06 03:39:19.100  7310  7322 I art     : Starting a blocking GC Explicit
08-06 03:39:19.119   512  2967 D AudioFlinger: mixer(0xf4740000) throttle end: throttle time(12)
08-06 03:39:19.138  7310  7322 I art     : Explicit concurrent mark sweep GC freed 1374(141KB) AllocSpace objects, 0(0B) LOS objects, 23% free, 50MB/66MB, paused 1.051ms total 36.924ms
08-06 03:39:19.154  7310  7322 I art     : Starting a blocking GC Explicit
08-06 03:39:19.192  7310  7322 I art     : Explicit concurrent mark sweep GC freed 6(224B) AllocSpace objects, 0(0B) LOS objects, 23% free, 50MB/66MB, paused 942us total 37.702ms
08-06 03:39:19.554  7310  7581 I art     : Waiting for a blocking GC Explicit
08-06 03:39:19.556  7310  7581 I art     : Starting a blocking GC Explicit
08-06 03:39:19.596  7310  7581 I art     : Explicit concurrent mark sweep GC freed 27(1040B) AllocSpace objects, 0(0B) LOS objects, 12% free, 115MB/131MB, paused 996us total 39.573ms
08-06 03:39:19.596  7310  7321 I art     : WaitForGcToComplete blocked for 39.869ms for cause Background
08-06 03:39:19.612  7310  7581 I art     : Starting a blocking GC Explicit
08-06 03:39:19.619   512  2967 D audio_hw_primary: disable_audio_route: reset and update mixer path: low-latency-playback speaker
08-06 03:39:19.620   512  2967 D audio_hw_primary: disable_snd_device: snd_device(2: speaker)
08-06 03:39:19.628   512  2967 I soundtrigger: audio_extn_sound_trigger_update_device_status: device 0x2 of type 0 for Event 0
08-06 03:39:19.650  7310  7581 I art     : Explicit concurrent mark sweep GC freed 5(192B) AllocSpace objects, 0(0B) LOS objects, 12% free, 115MB/131MB, paused 966us total 37.873ms
08-06 03:39:19.667  7310  7581 I art     : Starting a blocking GC Explicit
08-06 03:39:19.705  7310  7581 I art     : Explicit concurrent mark sweep GC freed 3(96B) AllocSpace objects, 0(0B) LOS objects, 12% free, 115MB/131MB, paused 1.005ms total 38.100ms
08-06 03:39:19.722  7310  7581 I art     : Starting a blocking GC Explicit
08-06 03:39:19.761  7310  7581 I art     : Explicit concurrent mark sweep GC freed 3(96B) AllocSpace objects, 0(0B) LOS objects, 12% free, 115MB/131MB, paused 981us total 38.315ms
08-06 03:39:19.777  7310  7581 I art     : Starting a blocking GC Explicit
08-06 03:39:19.816  7310  7581 I art     : Explicit concurrent mark sweep GC freed 3(96B) AllocSpace objects, 0(0B) LOS objects, 12% free, 115MB/131MB, paused 1.025ms total 38.581ms
08-06 03:39:20.008  7310  7310 I Choreographer: Skipped 56 frames!  The application may be doing too much work on its main thread.
08-06 03:39:20.009  7310  7310 V MainActivity: url = https://project-travel-mate.herokuapp.com/api/number-of-unread-notifications
08-06 03:39:20.180  7310  7322 I art     : Starting a blocking GC Explicit
08-06 03:39:20.221  7310  7322 I art     : Explicit concurrent mark sweep GC freed 1796(69KB) AllocSpace objects, 9(252KB) LOS objects, 10% free, 134MB/150MB, paused 1.013ms total 40.836ms
08-06 03:39:20.238  7310  7322 I art     : Starting a blocking GC Explicit
08-06 03:39:20.280  7310  7322 I art     : Explicit concurrent mark sweep GC freed 920(53KB) AllocSpace objects, 0(0B) LOS objects, 10% free, 134MB/150MB, paused 1.014ms total 41.647ms
08-06 03:39:20.297  7310  7322 I art     : Starting a blocking GC Explicit
08-06 03:39:20.337  7310  7322 I art     : Explicit concurrent mark sweep GC freed 3(96B) AllocSpace objects, 0(0B) LOS objects, 10% free, 134MB/150MB, paused 1.075ms total 40.570ms
08-06 03:39:20.355  7310  7322 I art     : Starting a blocking GC Explicit
08-06 03:39:20.396  7310  7322 I art     : Explicit concurrent mark sweep GC freed 3(96B) AllocSpace objects, 0(0B) LOS objects, 10% free, 134MB/150MB, paused 975us total 41.564ms
08-06 03:39:20.413  7310  7322 I art     : Starting a blocking GC Explicit
08-06 03:39:20.454  7310  7322 I art     : Explicit concurrent mark sweep GC freed 3(96B) AllocSpace objects, 0(0B) LOS objects, 10% free, 134MB/150MB, paused 985us total 40.073ms
08-06 03:39:20.801  7310  8621 I NAPPA_EXPERIMENTATION: MetricNetworkRequestExecutionTime: REQUEST_DURATION_SYSTEM='791',REQUEST_DURATION_OKHTTP='36',REQUEST_SYNCHRONOUS='FALSE',RESPONSE_CODE='200',RESPONSE_METHOD='GET',RESPONSE_LENGTH_OKHTTP='36',RESPONSE_LENGTH_HEADER='36',REQUEST_PROTOCOL='http/1.1',REQUEST_URL='https://project-travel-mate.herokuapp.com/api/number-of-unread-notifications',
08-06 03:39:20.842  7310  7581 I art     : Starting a blocking GC Explicit
08-06 03:39:20.899  7310  7581 I art     : Explicit concurrent mark sweep GC freed 4228(230KB) AllocSpace objects, 5(236KB) LOS objects, 10% free, 134MB/150MB, paused 1.136ms total 56.391ms
08-06 03:39:20.918  7310  7581 I art     : Starting a blocking GC Explicit
08-06 03:39:20.964  7310  7581 I art     : Explicit concurrent mark sweep GC freed 956(116KB) AllocSpace objects, 0(0B) LOS objects, 10% free, 134MB/150MB, paused 1.035ms total 45.928ms
08-06 03:39:20.982  7310  7581 I art     : Starting a blocking GC Explicit
08-06 03:39:21.027  7310  7581 I art     : Explicit concurrent mark sweep GC freed 14(720B) AllocSpace objects, 0(0B) LOS objects, 10% free, 134MB/150MB, paused 1.001ms total 44.932ms
08-06 03:39:21.044  7310  7581 I art     : Starting a blocking GC Explicit
08-06 03:39:21.091  7310  7581 I art     : Explicit concurrent mark sweep GC freed 14(672B) AllocSpace objects, 0(0B) LOS objects, 10% free, 134MB/150MB, paused 1.040ms total 46.672ms
08-06 03:39:21.111  7310  7581 I art     : Starting a blocking GC Explicit
08-06 03:39:21.154  7310  7581 I art     : Explicit concurrent mark sweep GC freed 3(96B) AllocSpace objects, 0(0B) LOS objects, 10% free, 134MB/150MB, paused 918us total 42.346ms
08-06 03:39:21.527  7310  7323 I art     : Starting a blocking GC Explicit
08-06 03:39:21.578  7310  7323 I art     : Explicit concurrent mark sweep GC freed 1427(83KB) AllocSpace objects, 2(36KB) LOS objects, 10% free, 134MB/150MB, paused 1.198ms total 51.222ms
08-06 03:39:21.597  7310  7323 I art     : Starting a blocking GC Explicit
08-06 03:39:21.638  7310  7323 I art     : Explicit concurrent mark sweep GC freed 25(880B) AllocSpace objects, 0(0B) LOS objects, 10% free, 134MB/150MB, paused 1.033ms total 40.254ms
08-06 03:39:21.655  7310  7323 I art     : Starting a blocking GC Explicit
08-06 03:39:21.691  7310  7323 I art     : Explicit concurrent mark sweep GC freed 9(288B) AllocSpace objects, 0(0B) LOS objects, 10% free, 134MB/150MB, paused 961us total 36.236ms
08-06 03:39:21.708  7310  7323 I art     : Starting a blocking GC Explicit
08-06 03:39:21.748  7310  7323 I art     : Explicit concurrent mark sweep GC freed 9(288B) AllocSpace objects, 0(0B) LOS objects, 10% free, 134MB/150MB, paused 1.295ms total 39.529ms
08-06 03:39:21.765  7310  7323 I art     : Starting a blocking GC Explicit
08-06 03:39:21.808  7310  7323 I art     : Explicit concurrent mark sweep GC freed 11(352B) AllocSpace objects, 0(0B) LOS objects, 10% free, 134MB/150MB, paused 1.102ms total 42.355ms
08-06 03:39:21.854  8645  8645 D AndroidRuntime: >>>>>> START com.android.internal.os.RuntimeInit uid 2000 <<<<<<
08-06 03:39:21.860  8645  8645 D AndroidRuntime: CheckJNI is OFF
08-06 03:39:21.900  8645  8645 D ICU     : No timezone override file found: /data/misc/zoneinfo/current/icu/icu_tzdata.dat
08-06 03:39:21.942  8645  8645 I Radio-JNI: register_android_hardware_Radio DONE
08-06 03:39:21.970  8645  8645 D AndroidRuntime: Calling main entry com.android.commands.input.Input
08-06 03:39:21.973  8645  8645 I Input   : injectMotionEvent: MotionEvent { action=ACTION_DOWN, actionButton=0, id[0]=0, x[0]=747.0, y[0]=608.0, toolType[0]=TOOL_TYPE_UNKNOWN, buttonState=0, metaState=0, flags=0x0, edgeFlags=0x0, pointerCount=1, historySize=0, eventTime=848378385, downTime=848378385, deviceId=0, source=0x1002 }
08-06 03:39:21.980  8645  8645 I Input   : injectMotionEvent: MotionEvent { action=ACTION_UP, actionButton=0, id[0]=0, x[0]=747.0, y[0]=608.0, toolType[0]=TOOL_TYPE_UNKNOWN, buttonState=0, metaState=0, flags=0x0, edgeFlags=0x0, pointerCount=1, historySize=0, eventTime=848378385, downTime=848378385, deviceId=0, source=0x1002 }
08-06 03:39:21.982  8645  8645 D AndroidRuntime: Shutting down VM
08-06 03:39:21.985   512  2967 D audio_hw_primary: out_set_parameters: enter: usecase(1: low-latency-playback) kvpairs: routing=2
08-06 03:39:21.995   918  3961 I ActivityManager: START u0 {cmp=baseline.io.github.project_travel_mate/.utilities.ChecklistActivity} from uid 10696 on display 0
08-06 03:39:21.998   512  2967 D audio_hw_primary: select_devices: out_snd_device(2: speaker) in_snd_device(0: none)
08-06 03:39:21.998   512  2967 D msm8974_platform: platform_send_audio_calibration: sending audio calibration for snd_device(2) acdb_id(15)
08-06 03:39:21.998   512  2967 I soundtrigger: audio_extn_sound_trigger_update_device_status: device 0x2 of type 0 for Event 1
08-06 03:39:22.009   512  2967 D audio_hw_primary: enable_snd_device: snd_device(2: speaker)
08-06 03:39:22.011   512  2967 D audio_hw_primary: enable_audio_route: apply and update mixer path: low-latency-playback speaker
08-06 03:39:22.199  7310  7329 I art     : Starting a blocking GC Explicit
08-06 03:39:22.208   918   936 I ActivityManager: Displayed baseline.io.github.project_travel_mate/.utilities.ChecklistActivity: +202ms
08-06 03:39:22.208 13866 13866 I GoogleInputMethodServic: GoogleInputMethodService.onFinishInput():3138 
08-06 03:39:22.209 13866 13866 I GoogleInputMethodServic: GoogleInputMethodService.onStartInput():1808 
08-06 03:39:22.244  7310  7329 I art     : Explicit concurrent mark sweep GC freed 3165(286KB) AllocSpace objects, 2(36KB) LOS objects, 10% free, 135MB/151MB, paused 1.122ms total 44.470ms
08-06 03:39:22.262  7310  7329 I art     : Starting a blocking GC Explicit
08-06 03:39:22.300  7310  7329 I art     : Explicit concurrent mark sweep GC freed 441(18KB) AllocSpace objects, 0(0B) LOS objects, 10% free, 135MB/151MB, paused 954us total 37.033ms
08-06 03:39:22.316  7310  7329 I art     : Starting a blocking GC Explicit
08-06 03:39:22.354  7310  7329 I art     : Explicit concurrent mark sweep GC freed 3(96B) AllocSpace objects, 0(0B) LOS objects, 10% free, 135MB/151MB, paused 949us total 37.772ms
08-06 03:39:22.370  7310  7329 I art     : Starting a blocking GC Explicit
08-06 03:39:22.407  7310  7329 I art     : Explicit concurrent mark sweep GC freed 3(96B) AllocSpace objects, 0(0B) LOS objects, 10% free, 135MB/151MB, paused 1.032ms total 37.035ms
08-06 03:39:22.424  7310  7329 I art     : Starting a blocking GC Explicit
08-06 03:39:22.464  7310  7329 I art     : Explicit concurrent mark sweep GC freed 3(96B) AllocSpace objects, 0(0B) LOS objects, 10% free, 135MB/151MB, paused 994us total 39.706ms
08-06 03:39:22.464   380   380 W SurfaceFlinger: couldn't log to binary event log: overflow.
08-06 03:39:22.550   512  2967 D audio_hw_primary: disable_audio_route: reset and update mixer path: low-latency-playback speaker
08-06 03:39:22.551   512  2967 D audio_hw_primary: disable_snd_device: snd_device(2: speaker)
08-06 03:39:22.558   512  2967 I soundtrigger: audio_extn_sound_trigger_update_device_status: device 0x2 of type 0 for Event 0
08-06 03:39:22.853  7310  7329 I art     : Starting a blocking GC Explicit
08-06 03:39:22.907  7310  7329 I art     : Explicit concurrent mark sweep GC freed 1635(94KB) AllocSpace objects, 2(36KB) LOS objects, 10% free, 135MB/151MB, paused 1.177ms total 53.687ms
08-06 03:39:22.925  7310  7329 I art     : Starting a blocking GC Explicit
08-06 03:39:22.970  7310  7329 I art     : Explicit concurrent mark sweep GC freed 36(1280B) AllocSpace objects, 0(0B) LOS objects, 10% free, 135MB/151MB, paused 1.104ms total 44.384ms
08-06 03:39:22.987  7310  7329 I art     : Starting a blocking GC Explicit
08-06 03:39:23.032  7310  7329 I art     : Explicit concurrent mark sweep GC freed 3(96B) AllocSpace objects, 0(0B) LOS objects, 10% free, 135MB/151MB, paused 1.072ms total 44.410ms
08-06 03:39:23.049  7310  7329 I art     : Starting a blocking GC Explicit
08-06 03:39:23.093  7310  7329 I art     : Explicit concurrent mark sweep GC freed 36(1008B) AllocSpace objects, 0(0B) LOS objects, 10% free, 135MB/151MB, paused 1.067ms total 43.728ms
08-06 03:39:23.111  7310  7329 I art     : Starting a blocking GC Explicit
08-06 03:39:23.156  7310  7329 I art     : Explicit concurrent mark sweep GC freed 5(384B) AllocSpace objects, 0(0B) LOS objects, 10% free, 135MB/151MB, paused 1.087ms total 44.759ms
08-06 03:39:23.561  7310  8254 I art     : Starting a blocking GC Explicit
08-06 03:39:23.619  7310  8254 I art     : Explicit concurrent mark sweep GC freed 1581(91KB) AllocSpace objects, 2(36KB) LOS objects, 10% free, 135MB/151MB, paused 1.330ms total 57.464ms
08-06 03:39:23.639  7310  8254 I art     : Starting a blocking GC Explicit
08-06 03:39:23.689  7310  8254 I art     : Explicit concurrent mark sweep GC freed 28(1024B) AllocSpace objects, 0(0B) LOS objects, 10% free, 135MB/151MB, paused 1.362ms total 48.999ms
08-06 03:39:23.711  7310  8254 I art     : Starting a blocking GC Explicit
08-06 03:39:23.758  7310  8254 I art     : Explicit concurrent mark sweep GC freed 3(96B) AllocSpace objects, 0(0B) LOS objects, 10% free, 135MB/151MB, paused 1.324ms total 46.817ms
08-06 03:39:23.775  7310  8254 I art     : Starting a blocking GC Explicit
08-06 03:39:23.824  7310  8254 I art     : Explicit concurrent mark sweep GC freed 3(96B) AllocSpace objects, 0(0B) LOS objects, 10% free, 135MB/151MB, paused 1.126ms total 48.608ms
08-06 03:39:23.842  7310  8254 I art     : Starting a blocking GC Explicit
08-06 03:39:23.891  7310  8254 I art     : Explicit concurrent mark sweep GC freed 3(96B) AllocSpace objects, 0(0B) LOS objects, 10% free, 135MB/151MB, paused 1.138ms total 48.714ms
08-06 03:39:24.307  7310  7322 I art     : Starting a blocking GC Explicit
08-06 03:39:24.366  7310  7322 I art     : Explicit concurrent mark sweep GC freed 1626(93KB) AllocSpace objects, 2(36KB) LOS objects, 10% free, 135MB/151MB, paused 1.160ms total 58.233ms
08-06 03:39:24.387  7310  7322 I art     : Starting a blocking GC Explicit
08-06 03:39:24.436  7310  7322 I art     : Explicit concurrent mark sweep GC freed 38(1568B) AllocSpace objects, 0(0B) LOS objects, 10% free, 135MB/151MB, paused 1.215ms total 49.182ms
08-06 03:39:24.457  7310  7322 I art     : Starting a blocking GC Explicit
08-06 03:39:24.506  7310  7322 I art     : Explicit concurrent mark sweep GC freed 3(96B) AllocSpace objects, 0(0B) LOS objects, 10% free, 135MB/151MB, paused 1.123ms total 48.461ms
08-06 03:39:24.527  7310  7322 I art     : Starting a blocking GC Explicit
08-06 03:39:24.577  7310  7322 I art     : Explicit concurrent mark sweep GC freed 3(96B) AllocSpace objects, 0(0B) LOS objects, 10% free, 135MB/151MB, paused 1.129ms total 50.170ms
08-06 03:39:24.595  7310  7322 I art     : Starting a blocking GC Explicit
08-06 03:39:24.643  7310  7322 I art     : Explicit concurrent mark sweep GC freed 3(96B) AllocSpace objects, 0(0B) LOS objects, 10% free, 135MB/151MB, paused 1.134ms total 47.734ms
08-06 03:39:25.073  7310  7323 I art     : Starting a blocking GC Explicit
08-06 03:39:25.135  7310  7323 I art     : Explicit concurrent mark sweep GC freed 1620(93KB) AllocSpace objects, 2(36KB) LOS objects, 10% free, 135MB/151MB, paused 1.192ms total 61.621ms
08-06 03:39:25.156  7310  7323 I art     : Starting a blocking GC Explicit
08-06 03:39:25.205  7310  7323 I art     : Explicit concurrent mark sweep GC freed 41(1776B) AllocSpace objects, 0(0B) LOS objects, 10% free, 135MB/151MB, paused 1.148ms total 49.207ms
08-06 03:39:25.225  7310  7323 I art     : Starting a blocking GC Explicit
08-06 03:39:25.272  7310  7323 I art     : Explicit concurrent mark sweep GC freed 7(320B) AllocSpace objects, 0(0B) LOS objects, 10% free, 135MB/151MB, paused 1.117ms total 46.681ms
08-06 03:39:25.273  7310  7321 I art     : WaitForGcToComplete blocked for 47.015ms for cause HeapTrim
08-06 03:39:25.290  7310  7323 I art     : Starting a blocking GC Explicit
08-06 03:39:25.341  7310  7323 I art     : Explicit concurrent mark sweep GC freed 3(96B) AllocSpace objects, 0(0B) LOS objects, 10% free, 135MB/151MB, paused 1.128ms total 50.366ms
08-06 03:39:25.362  7310  7323 I art     : Starting a blocking GC Explicit
08-06 03:39:25.411  7310  7323 I art     : Explicit concurrent mark sweep GC freed 3(96B) AllocSpace objects, 0(0B) LOS objects, 10% free, 135MB/151MB, paused 1.137ms total 48.442ms
08-06 03:39:25.848  7310  7581 I art     : Starting a blocking GC Explicit
08-06 03:39:25.910  7310  7581 I art     : Explicit concurrent mark sweep GC freed 1582(91KB) AllocSpace objects, 2(36KB) LOS objects, 10% free, 135MB/151MB, paused 1.256ms total 60.648ms
08-06 03:39:25.929  7310  7581 I art     : Starting a blocking GC Explicit
08-06 03:39:25.976  7310  7581 I art     : Explicit concurrent mark sweep GC freed 28(1024B) AllocSpace objects, 0(0B) LOS objects, 10% free, 135MB/151MB, paused 1.050ms total 46.181ms
08-06 03:39:25.993  7310  7581 I art     : Starting a blocking GC Explicit
08-06 03:39:26.043  7310  7581 I art     : Explicit concurrent mark sweep GC freed 3(96B) AllocSpace objects, 0(0B) LOS objects, 10% free, 135MB/151MB, paused 1.122ms total 48.952ms
08-06 03:39:26.060  7310  7581 I art     : Starting a blocking GC Explicit
08-06 03:39:26.109  7310  7581 I art     : Explicit concurrent mark sweep GC freed 34(928B) AllocSpace objects, 0(0B) LOS objects, 10% free, 135MB/151MB, paused 1.184ms total 48.683ms
08-06 03:39:26.130  7310  7581 I art     : Starting a blocking GC Explicit
08-06 03:39:26.179  7310  7581 I art     : Explicit concurrent mark sweep GC freed 3(96B) AllocSpace objects, 0(0B) LOS objects, 10% free, 135MB/151MB, paused 1.168ms total 48.670ms
08-06 03:39:26.557  7310  7329 I art     : Starting a blocking GC Explicit
08-06 03:39:26.612  7310  7329 I art     : Explicit concurrent mark sweep GC freed 1583(92KB) AllocSpace objects, 2(36KB) LOS objects, 10% free, 135MB/151MB, paused 1.134ms total 54.220ms
08-06 03:39:26.629  7310  7329 I art     : Starting a blocking GC Explicit
08-06 03:39:26.675  7310  7329 I art     : Explicit concurrent mark sweep GC freed 28(1024B) AllocSpace objects, 0(0B) LOS objects, 10% free, 135MB/151MB, paused 1.116ms total 45.684ms
08-06 03:39:26.693  7310  7329 I art     : Starting a blocking GC Explicit
08-06 03:39:26.738  7310  7329 I art     : Explicit concurrent mark sweep GC freed 3(96B) AllocSpace objects, 0(0B) LOS objects, 10% free, 135MB/151MB, paused 1.181ms total 45.363ms
08-06 03:39:26.756  7310  7329 I art     : Starting a blocking GC Explicit
08-06 03:39:26.801  7310  7329 I art     : Explicit concurrent mark sweep GC freed 3(96B) AllocSpace objects, 0(0B) LOS objects, 10% free, 135MB/151MB, paused 1.135ms total 44.510ms
08-06 03:39:26.818  7310  7329 I art     : Starting a blocking GC Explicit
08-06 03:39:26.836  8735  8735 D AndroidRuntime: >>>>>> START com.android.internal.os.RuntimeInit uid 2000 <<<<<<
08-06 03:39:26.841  8735  8735 D AndroidRuntime: CheckJNI is OFF
08-06 03:39:26.863  7310  7329 I art     : Explicit concurrent mark sweep GC freed 3(96B) AllocSpace objects, 0(0B) LOS objects, 10% free, 135MB/151MB, paused 1.105ms total 44.776ms
08-06 03:39:26.888  8735  8735 D ICU     : No timezone override file found: /data/misc/zoneinfo/current/icu/icu_tzdata.dat
08-06 03:39:26.900   918   937 W ProcessCpuTracker: Skipping unknown process pid 8744
08-06 03:39:26.900   918   937 W ProcessCpuTracker: Skipping unknown process pid 8746
08-06 03:39:26.900   918   937 W ProcessCpuTracker: Skipping unknown process pid 8747
08-06 03:39:26.929  8735  8735 I Radio-JNI: register_android_hardware_Radio DONE
08-06 03:39:26.957  8735  8735 D AndroidRuntime: Calling main entry com.android.commands.input.Input
08-06 03:39:26.959  8735  8735 I Input   : injectKeyEvent: KeyEvent { action=ACTION_DOWN, keyCode=KEYCODE_BACK, scanCode=0, metaState=0, flags=0x0, repeatCount=0, eventTime=848383372, downTime=848383372, deviceId=-1, source=0x101 }
08-06 03:39:26.964  8735  8735 I Input   : injectKeyEvent: KeyEvent { action=ACTION_UP, keyCode=KEYCODE_BACK, scanCode=0, metaState=0, flags=0x0, repeatCount=0, eventTime=848383372, downTime=848383372, deviceId=-1, source=0x101 }
08-06 03:39:26.970  8735  8735 D AndroidRuntime: Shutting down VM
08-06 03:39:26.985  7310  7310 V MainActivity: url = https://project-travel-mate.herokuapp.com/api/number-of-unread-notifications
08-06 03:39:27.020 13866 13866 I GoogleInputMethodServic: GoogleInputMethodService.onFinishInput():3138 
08-06 03:39:27.021 13866 13866 I GoogleInputMethodServic: GoogleInputMethodService.onStartInput():1808 
08-06 03:39:27.201   518   646 I ThermalEngine: ACTION: GPU - Setting GPU[0] to 510000000
08-06 03:39:27.243  7310  7329 I art     : Starting a blocking GC Explicit
08-06 03:39:27.289  7310  7329 I art     : Explicit concurrent mark sweep GC freed 2102(115KB) AllocSpace objects, 2(36KB) LOS objects, 10% free, 135MB/151MB, paused 1.015ms total 45.362ms
08-06 03:39:27.302  7310  7329 I art     : Starting a blocking GC Explicit
08-06 03:39:27.303   380   380 W SurfaceFlinger: couldn't log to binary event log: overflow.
08-06 03:39:27.335  7310  7329 I art     : Explicit concurrent mark sweep GC freed 499(22KB) AllocSpace objects, 0(0B) LOS objects, 10% free, 135MB/151MB, paused 827us total 32.019ms
08-06 03:39:27.347  7310  7329 I art     : Starting a blocking GC Explicit
08-06 03:39:27.379  7310  7329 I art     : Explicit concurrent mark sweep GC freed 131(6KB) AllocSpace objects, 0(0B) LOS objects, 10% free, 135MB/151MB, paused 942us total 31.405ms
08-06 03:39:27.392  7310  7329 I art     : Starting a blocking GC Explicit
08-06 03:39:27.426  7310  7329 I art     : Explicit concurrent mark sweep GC freed 3(96B) AllocSpace objects, 0(0B) LOS objects, 10% free, 135MB/151MB, paused 949us total 34.655ms
08-06 03:39:27.440  7310  7329 I art     : Starting a blocking GC Explicit
08-06 03:39:27.477  7310  7329 I art     : Explicit concurrent mark sweep GC freed 3(96B) AllocSpace objects, 0(0B) LOS objects, 10% free, 135MB/151MB, paused 909us total 36.462ms
08-06 03:39:27.837  7310  7322 I art     : Starting a blocking GC Explicit
08-06 03:39:27.843  7310  8759 I NAPPA_EXPERIMENTATION: MetricNetworkRequestExecutionTime: REQUEST_DURATION_SYSTEM='855',REQUEST_DURATION_OKHTTP='35',REQUEST_SYNCHRONOUS='FALSE',RESPONSE_CODE='200',RESPONSE_METHOD='GET',RESPONSE_LENGTH_OKHTTP='36',RESPONSE_LENGTH_HEADER='36',REQUEST_PROTOCOL='http/1.1',REQUEST_URL='https://project-travel-mate.herokuapp.com/api/number-of-unread-notifications',
08-06 03:39:27.881  7310  7322 I art     : Explicit concurrent mark sweep GC freed 4266(234KB) AllocSpace objects, 5(236KB) LOS objects, 10% free, 135MB/151MB, paused 927us total 43.842ms
08-06 03:39:27.894  7310  7322 I art     : Starting a blocking GC Explicit
08-06 03:39:27.931  7310  7322 I art     : Explicit concurrent mark sweep GC freed 1079(122KB) AllocSpace objects, 0(0B) LOS objects, 10% free, 135MB/151MB, paused 854us total 36.244ms
08-06 03:39:27.944  7310  7322 I art     : Starting a blocking GC Explicit
08-06 03:39:27.981  7310  7322 I art     : Explicit concurrent mark sweep GC freed 3(96B) AllocSpace objects, 0(0B) LOS objects, 10% free, 135MB/151MB, paused 947us total 36.903ms
08-06 03:39:27.995  7310  7322 I art     : Starting a blocking GC Explicit
08-06 03:39:28.030  7310  7322 I art     : Explicit concurrent mark sweep GC freed 3(96B) AllocSpace objects, 0(0B) LOS objects, 10% free, 135MB/151MB, paused 848us total 34.959ms
08-06 03:39:28.044  7310  7322 I art     : Starting a blocking GC Explicit
08-06 03:39:28.080  7310  7322 I art     : Explicit concurrent mark sweep GC freed 33(896B) AllocSpace objects, 0(0B) LOS objects, 10% free, 135MB/151MB, paused 880us total 36.619ms
08-06 03:39:28.407  7310  8254 I art     : Starting a blocking GC Explicit
08-06 03:39:28.448  7310  8254 I art     : Explicit concurrent mark sweep GC freed 1595(92KB) AllocSpace objects, 2(36KB) LOS objects, 10% free, 135MB/151MB, paused 924us total 41.193ms
08-06 03:39:28.462  7310  8254 I art     : Starting a blocking GC Explicit
08-06 03:39:28.497  7310  8254 I art     : Explicit concurrent mark sweep GC freed 38(1568B) AllocSpace objects, 0(0B) LOS objects, 10% free, 135MB/151MB, paused 937us total 35.522ms
08-06 03:39:28.510  7310  8254 I art     : Starting a blocking GC Explicit
08-06 03:39:28.545  7310  8254 I art     : Explicit concurrent mark sweep GC freed 3(96B) AllocSpace objects, 0(0B) LOS objects, 10% free, 135MB/151MB, paused 875us total 34.926ms
08-06 03:39:28.559  7310  8254 I art     : Starting a blocking GC Explicit
08-06 03:39:28.593  7310  8254 I art     : Explicit concurrent mark sweep GC freed 3(96B) AllocSpace objects, 0(0B) LOS objects, 10% free, 135MB/151MB, paused 884us total 34.601ms
08-06 03:39:28.611  7310  8254 I art     : Starting a blocking GC Explicit
08-06 03:39:28.654  7310  8254 I art     : Explicit concurrent mark sweep GC freed 8(256B) AllocSpace objects, 0(0B) LOS objects, 10% free, 135MB/151MB, paused 1.180ms total 43.158ms
08-06 03:39:28.661  8781  8781 D AndroidRuntime: >>>>>> START com.android.internal.os.RuntimeInit uid 2000 <<<<<<
08-06 03:39:28.665  8781  8781 D AndroidRuntime: CheckJNI is OFF
08-06 03:39:28.696  8781  8781 D ICU     : No timezone override file found: /data/misc/zoneinfo/current/icu/icu_tzdata.dat
08-06 03:39:28.729  8781  8781 I Radio-JNI: register_android_hardware_Radio DONE
08-06 03:39:28.751  8781  8781 D AndroidRuntime: Calling main entry com.android.commands.input.Input
08-06 03:39:28.754  8781  8781 I Input   : injectMotionEvent: MotionEvent { action=ACTION_DOWN, actionButton=0, id[0]=0, x[0]=657.0, y[0]=2037.0, toolType[0]=TOOL_TYPE_UNKNOWN, buttonState=0, metaState=0, flags=0x0, edgeFlags=0x0, pointerCount=1, historySize=0, eventTime=848385166, downTime=848385166, deviceId=0, source=0x1002 }
08-06 03:39:28.762  8781  8781 I Input   : injectMotionEvent: MotionEvent { action=ACTION_UP, actionButton=0, id[0]=0, x[0]=657.0, y[0]=2037.0, toolType[0]=TOOL_TYPE_UNKNOWN, buttonState=0, metaState=0, flags=0x0, edgeFlags=0x0, pointerCount=1, historySize=0, eventTime=848385166, downTime=848385166, deviceId=0, source=0x1002 }
08-06 03:39:28.763  8781  8781 D AndroidRuntime: Shutting down VM
08-06 03:39:28.774   918  3670 I ActivityManager: START u0 {cmp=baseline.io.github.project_travel_mate/.utilities.CompassActivity} from uid 10696 on display 0
08-06 03:39:28.775   512  2967 D audio_hw_primary: out_set_parameters: enter: usecase(1: low-latency-playback) kvpairs: routing=2
08-06 03:39:28.789   512  2967 D audio_hw_primary: select_devices: out_snd_device(2: speaker) in_snd_device(0: none)
08-06 03:39:28.789   512  2967 D msm8974_platform: platform_send_audio_calibration: sending audio calibration for snd_device(2) acdb_id(15)
08-06 03:39:28.789   512  2967 I soundtrigger: audio_extn_sound_trigger_update_device_status: device 0x2 of type 0 for Event 1
08-06 03:39:28.800   512  2967 D audio_hw_primary: enable_snd_device: snd_device(2: speaker)
08-06 03:39:28.803   512  2967 D audio_hw_primary: enable_audio_route: apply and update mixer path: low-latency-playback speaker
08-06 03:39:28.964  7310  7581 I art     : Starting a blocking GC Explicit
08-06 03:39:29.001  7310  7581 I art     : Explicit concurrent mark sweep GC freed 81(4KB) AllocSpace objects, 0(0B) LOS objects, 7% free, 184MB/200MB, paused 981us total 36.734ms
08-06 03:39:29.014  7310  7581 I art     : Starting a blocking GC Explicit
08-06 03:39:29.047  7310  7581 I art     : Explicit concurrent mark sweep GC freed 3(96B) AllocSpace objects, 0(0B) LOS objects, 7% free, 184MB/200MB, paused 1.001ms total 33.023ms
08-06 03:39:29.060  7310  7581 I art     : Starting a blocking GC Explicit
08-06 03:39:29.092  7310  7581 I art     : Explicit concurrent mark sweep GC freed 34(928B) AllocSpace objects, 0(0B) LOS objects, 7% free, 184MB/200MB, paused 965us total 32.054ms
08-06 03:39:29.104  7310  7581 I art     : Starting a blocking GC Explicit
08-06 03:39:29.137  7310  7581 I art     : Explicit concurrent mark sweep GC freed 3(96B) AllocSpace objects, 0(0B) LOS objects, 7% free, 184MB/200MB, paused 937us total 32.040ms
08-06 03:39:29.149  7310  7581 I art     : Starting a blocking GC Explicit
08-06 03:39:29.183  7310  7581 I art     : Explicit concurrent mark sweep GC freed 6(192B) AllocSpace objects, 0(0B) LOS objects, 7% free, 187MB/203MB, paused 963us total 33.610ms
08-06 03:39:29.202  7310  7310 D CompassActivity: start compass
08-06 03:39:29.203   918   929 I sensors : batch
08-06 03:39:29.203   918   929 I sensors : activate
08-06 03:39:29.204   918  6029 I sensors : batch
08-06 03:39:29.204   918  6029 I sensors : activate
08-06 03:39:29.210   918  3188 I hubconnection: sensorhub said: 'batch 1 flags:0, sampling_rate_Hz:50.00, max_report_latency_us:0'
08-06 03:39:29.211   918  3188 I hubconnection: sensorhub said: 'activate 1 enable:1'
08-06 03:39:29.212   918  3188 I hubconnection: sensorhub said: 'batch 3 flags:0, sampling_rate_Hz:50.00, max_report_latency_us:0'
08-06 03:39:29.213   918  3188 I hubconnection: sensorhub said: 'activate 3 enable:1'
08-06 03:39:29.338   512  2967 D audio_hw_primary: disable_audio_route: reset and update mixer path: low-latency-playback speaker
08-06 03:39:29.339   512  2967 D audio_hw_primary: disable_snd_device: snd_device(2: speaker)
08-06 03:39:29.347   512  2967 I soundtrigger: audio_extn_sound_trigger_update_device_status: device 0x2 of type 0 for Event 0
08-06 03:39:29.358 13866 13866 I GoogleInputMethodServic: GoogleInputMethodService.onFinishInput():3138 
08-06 03:39:29.359 13866 13866 I GoogleInputMethodServic: GoogleInputMethodService.onStartInput():1808 
08-06 03:39:29.364   918   936 I ActivityManager: Displayed baseline.io.github.project_travel_mate/.utilities.CompassActivity: +573ms
08-06 03:39:29.516  7310  7581 I art     : Starting a blocking GC Explicit
08-06 03:39:29.548  7310  7310 D CompassActivity: will set rotation from 0.0 to 180.00815
08-06 03:39:29.551  7310  7310 D CompassActivity: will set rotation from 180.00815 to 180.01137
08-06 03:39:29.551  7310  7310 D CompassActivity: will set rotation from 180.01137 to 180.01471
08-06 03:39:29.552  7310  7581 I art     : Explicit concurrent mark sweep GC freed 1833(105KB) AllocSpace objects, 2(36KB) LOS objects, 7% free, 187MB/203MB, paused 1.265ms total 35.792ms
08-06 03:39:29.568  7310  7310 D CompassActivity: will set rotation from 180.01471 to 179.75049
08-06 03:39:29.568  7310  7581 I art     : Starting a blocking GC Explicit
08-06 03:39:29.568  7310  7310 D CompassActivity: will set rotation from 179.75049 to 179.75092
08-06 03:39:29.589  7310  7310 D CompassActivity: will set rotation from 179.75092 to 179.64026
08-06 03:39:29.589  7310  7310 D CompassActivity: will set rotation from 179.64026 to 179.6416
08-06 03:39:29.602  7310  7581 I art     : Explicit concurrent mark sweep GC freed 99(5KB) AllocSpace objects, 0(0B) LOS objects, 7% free, 187MB/203MB, paused 788us total 33.715ms
08-06 03:39:29.608  7310  7310 D CompassActivity: will set rotation from 179.6416 to 179.61127
08-06 03:39:29.608  7310  7310 D CompassActivity: will set rotation from 179.61127 to 179.61249
08-06 03:39:29.616  7310  7581 I art     : Starting a blocking GC Explicit
08-06 03:39:29.622   380   380 W SurfaceFlinger: couldn't log to binary event log: overflow.
08-06 03:39:29.628  7310  7310 D CompassActivity: will set rotation from 179.61249 to 179.57068
08-06 03:39:29.628  7310  7310 D CompassActivity: will set rotation from 179.57068 to 179.57312
08-06 03:39:29.648  7310  7310 D CompassActivity: will set rotation from 179.57312 to 179.46283
08-06 03:39:29.649  7310  7310 D CompassActivity: will set rotation from 179.46283 to 179.46082
08-06 03:39:29.651  7310  7581 I art     : Explicit concurrent mark sweep GC freed 110(5KB) AllocSpace objects, 0(0B) LOS objects, 7% free, 187MB/203MB, paused 787us total 34.778ms
08-06 03:39:29.663  7310  7581 I art     : Starting a blocking GC Explicit
08-06 03:39:29.668  7310  7310 D CompassActivity: will set rotation from 179.46082 to 179.45587
08-06 03:39:29.668  7310  7310 D CompassActivity: will set rotation from 179.45587 to 179.45685
08-06 03:39:29.687  7310  7310 D CompassActivity: will set rotation from 179.45685 to 179.39435
08-06 03:39:29.687  7310  7310 D CompassActivity: will set rotation from 179.39435 to 179.39453
08-06 03:39:29.694  7310  7581 I art     : Explicit concurrent mark sweep GC freed 115(5KB) AllocSpace objects, 0(0B) LOS objects, 7% free, 187MB/203MB, paused 723us total 30.591ms
08-06 03:39:29.706  7310  7581 I art     : Starting a blocking GC Explicit
08-06 03:39:29.708  7310  7310 D CompassActivity: will set rotation from 179.39453 to 179.28333
08-06 03:39:29.709  7310  7310 D CompassActivity: will set rotation from 179.28333 to 179.28406
08-06 03:39:29.728  7310  7310 D CompassActivity: will set rotation from 179.28406 to 179.3601
08-06 03:39:29.728  7310  7310 D CompassActivity: will set rotation from 179.3601 to 179.36084
08-06 03:39:29.740  7310  7581 I art     : Explicit concurrent mark sweep GC freed 103(5KB) AllocSpace objects, 0(0B) LOS objects, 7% free, 187MB/203MB, paused 735us total 33.169ms
08-06 03:39:29.810  7310  7310 D CompassActivity: will set rotation from 179.36084 to 179.31866
08-06 03:39:29.811  7310  7310 D CompassActivity: will set rotation from 179.31866 to 179.31812
08-06 03:39:29.811  7310  7310 D CompassActivity: will set rotation from 179.31812 to 179.22754
08-06 03:39:29.811  7310  7310 D CompassActivity: will set rotation from 179.22754 to 179.22461
08-06 03:39:29.811  7310  7310 D CompassActivity: will set rotation from 179.22461 to 179.1549
08-06 03:39:29.811  7310  7310 D CompassActivity: will set rotation from 179.1549 to 179.15582
08-06 03:39:29.811  7310  7310 D CompassActivity: will set rotation from 179.15582 to 179.09442
08-06 03:39:29.811  7310  7310 D CompassActivity: will set rotation from 179.09442 to 179.09625
08-06 03:39:29.829  7310  7310 D CompassActivity: will set rotation from 179.09625 to 179.12915
08-06 03:39:29.830  7310  7310 D CompassActivity: will set rotation from 179.12915 to 179.12976
08-06 03:39:29.847  7310  7310 D CompassActivity: will set rotation from 179.12976 to 179.04547
08-06 03:39:29.847  7310  7310 D CompassActivity: will set rotation from 179.04547 to 179.04724
08-06 03:39:29.867  7310  7310 D CompassActivity: will set rotation from 179.04724 to 179.08264
08-06 03:39:29.867  7310  7310 D CompassActivity: will set rotation from 179.08264 to 179.0841
08-06 03:39:29.886  7310  7310 D CompassActivity: will set rotation from 179.0841 to 179.11151
08-06 03:39:29.887  7310  7310 D CompassActivity: will set rotation from 179.11151 to 179.11243
08-06 03:39:29.909  7310  7310 D CompassActivity: will set rotation from 179.11243 to 179.13416
08-06 03:39:29.910  7310  7310 D CompassActivity: will set rotation from 179.13416 to 179.13464
08-06 03:39:29.927  7310  7310 D CompassActivity: will set rotation from 179.13464 to 179.15149
08-06 03:39:29.928  7310  7310 D CompassActivity: will set rotation from 179.15149 to 179.14832
08-06 03:39:29.947  7310  7310 D CompassActivity: will set rotation from 179.14832 to 179.17078
08-06 03:39:29.947  7310  7310 D CompassActivity: will set rotation from 179.17078 to 179.16974
08-06 03:39:29.966  7310  7310 D CompassActivity: will set rotation from 179.16974 to 179.15869
08-06 03:39:29.967  7310  7310 D CompassActivity: will set rotation from 179.15869 to 179.15552
08-06 03:39:29.986  7310  7310 D CompassActivity: will set rotation from 179.15552 to 179.17053
08-06 03:39:29.987  7310  7310 D CompassActivity: will set rotation from 179.17053 to 179.16895
08-06 03:39:30.008  7310  7310 D CompassActivity: will set rotation from 179.16895 to 179.18573
08-06 03:39:30.009  7310  7310 D CompassActivity: will set rotation from 179.18573 to 179.18701
08-06 03:39:30.027  7310  7310 D CompassActivity: will set rotation from 179.18701 to 179.16992
08-06 03:39:30.028  7310  7310 D CompassActivity: will set rotation from 179.16992 to 179.17072
08-06 03:39:30.047  7310  7310 D CompassActivity: will set rotation from 179.17072 to 179.21002
08-06 03:39:30.047  7310  7310 D CompassActivity: will set rotation from 179.21002 to 179.20795
08-06 03:39:30.066  7310  7310 D CompassActivity: will set rotation from 179.20795 to 179.16833
08-06 03:39:30.066  7310  7310 D CompassActivity: will set rotation from 179.16833 to 179.16724
08-06 03:39:30.086  7310  7310 D CompassActivity: will set rotation from 179.16724 to 179.15771
08-06 03:39:30.086  7310  7310 D CompassActivity: will set rotation from 179.15771 to 179.15796
08-06 03:39:30.097  7310  7581 I art     : Starting a blocking GC Explicit
08-06 03:39:30.110  7310  7310 D CompassActivity: will set rotation from 179.15796 to 179.17328
08-06 03:39:30.110  7310  7310 D CompassActivity: will set rotation from 179.17328 to 179.1701
08-06 03:39:30.128  7310  7310 D CompassActivity: will set rotation from 179.1701 to 179.13556
08-06 03:39:30.128  7310  7310 D CompassActivity: will set rotation from 179.13556 to 179.13428
08-06 03:39:30.144  7310  7581 I art     : Explicit concurrent mark sweep GC freed 2027(118KB) AllocSpace objects, 2(36KB) LOS objects, 7% free, 187MB/203MB, paused 1.232ms total 47.489ms
08-06 03:39:30.146  7310  7310 D CompassActivity: will set rotation from 179.13428 to 179.12482
08-06 03:39:30.146  7310  7310 D CompassActivity: will set rotation from 179.12482 to 179.1239
08-06 03:39:30.160  7310  7581 I art     : Starting a blocking GC Explicit
08-06 03:39:30.165  7310  7310 D CompassActivity: will set rotation from 179.1239 to 179.07214
08-06 03:39:30.166  7310  7310 D CompassActivity: will set rotation from 179.07214 to 179.07434
08-06 03:39:30.185  7310  7310 D CompassActivity: will set rotation from 179.07434 to 179.09216
08-06 03:39:30.186  7310  7310 D CompassActivity: will set rotation from 179.09216 to 179.09131
08-06 03:39:30.201  7310  7581 I art     : Explicit concurrent mark sweep GC freed 655(26KB) AllocSpace objects, 0(0B) LOS objects, 7% free, 187MB/203MB, paused 831us total 41.382ms
08-06 03:39:30.206  7310  7310 D CompassActivity: will set rotation from 179.09131 to 179.1076
08-06 03:39:30.208  7310  7310 D CompassActivity: will set rotation from 179.1076 to 179.10889
08-06 03:39:30.211   518   646 I ThermalEngine: ACTION: GPU - Setting GPU[0] to 450000000
08-06 03:39:30.220  7310  7581 I art     : Starting a blocking GC Explicit
08-06 03:39:30.227  7310  7310 D CompassActivity: will set rotation from 179.10889 to 179.12317
08-06 03:39:30.228  7310  7310 D CompassActivity: will set rotation from 179.12317 to 179.12439
08-06 03:39:30.245  7310  7310 D CompassActivity: will set rotation from 179.12439 to 179.1388
08-06 03:39:30.246  7310  7310 D CompassActivity: will set rotation from 179.1388 to 179.13782
08-06 03:39:30.265  7310  7310 D CompassActivity: will set rotation from 179.13782 to 179.13086
08-06 03:39:30.265  7310  7310 D CompassActivity: will set rotation from 179.13086 to 179.13245
08-06 03:39:30.268  7310  7581 I art     : Explicit concurrent mark sweep GC freed 148(7KB) AllocSpace objects, 0(0B) LOS objects, 7% free, 187MB/203MB, paused 1.116ms total 47.630ms
08-06 03:39:30.285  7310  7310 D CompassActivity: will set rotation from 179.13245 to 179.18866
08-06 03:39:30.286  7310  7310 D CompassActivity: will set rotation from 179.18866 to 179.18933
08-06 03:39:30.288  7310  7581 I art     : Starting a blocking GC Explicit
08-06 03:39:30.305  7310  7310 D CompassActivity: will set rotation from 179.18933 to 179.24548
08-06 03:39:30.306  7310  7310 D CompassActivity: will set rotation from 179.24548 to 179.2439
08-06 03:39:30.326  7310  7310 D CompassActivity: will set rotation from 179.2439 to 179.25348
08-06 03:39:30.326  7310  7310 D CompassActivity: will set rotation from 179.25348 to 179.25256
08-06 03:39:30.336  7310  7581 I art     : Explicit concurrent mark sweep GC freed 172(8KB) AllocSpace objects, 0(0B) LOS objects, 7% free, 187MB/203MB, paused 1.408ms total 47.795ms
08-06 03:39:30.346  7310  7310 D CompassActivity: will set rotation from 179.25256 to 179.24182
08-06 03:39:30.347  7310  7310 D CompassActivity: will set rotation from 179.24182 to 179.24304
08-06 03:39:30.357  7310  7581 I art     : Starting a blocking GC Explicit
08-06 03:39:30.364  7310  7310 D CompassActivity: will set rotation from 179.24304 to 179.22821
08-06 03:39:30.365  7310  7310 D CompassActivity: will set rotation from 179.22821 to 179.23163
08-06 03:39:30.386  7310  7310 D CompassActivity: will set rotation from 179.23163 to 179.22021
08-06 03:39:30.386  7310  7310 D CompassActivity: will set rotation from 179.22021 to 179.22192
08-06 03:39:30.407  7310  7310 D CompassActivity: will set rotation from 179.22192 to 179.17462
08-06 03:39:30.410  7310  7310 D CompassActivity: will set rotation from 179.17462 to 179.17297
08-06 03:39:30.411  7310  7581 I art     : Explicit concurrent mark sweep GC freed 156(7KB) AllocSpace objects, 0(0B) LOS objects, 7% free, 187MB/203MB, paused 1.664ms total 53.412ms
08-06 03:39:30.411  7310  7321 I art     : WaitForGcToComplete blocked for 53.725ms for cause HeapTrim
08-06 03:39:30.428  7310  7310 D CompassActivity: will set rotation from 179.17297 to 179.22473
08-06 03:39:30.429  7310  7310 D CompassActivity: will set rotation from 179.22473 to 179.22534
08-06 03:39:30.446  7310  7310 D CompassActivity: will set rotation from 179.22534 to 179.21326
08-06 03:39:30.447  7310  7310 D CompassActivity: will set rotation from 179.21326 to 179.21454
08-06 03:39:30.465  7310  7310 D CompassActivity: will set rotation from 179.21454 to 179.2445
08-06 03:39:30.466  7310  7310 D CompassActivity: will set rotation from 179.2445 to 179.24194
08-06 03:39:30.485  7310  7310 D CompassActivity: will set rotation from 179.24194 to 179.23096
08-06 03:39:30.486  7310  7310 D CompassActivity: will set rotation from 179.23096 to 179.22931
08-06 03:39:30.505  7310  7310 D CompassActivity: will set rotation from 179.22931 to 179.21912
08-06 03:39:30.505  7310  7310 D CompassActivity: will set rotation from 179.21912 to 179.21783
08-06 03:39:30.527  7310  7310 D CompassActivity: will set rotation from 179.21783 to 179.20966
08-06 03:39:30.528  7310  7310 D CompassActivity: will set rotation from 179.20966 to 179.20807
08-06 03:39:30.546  7310  7310 D CompassActivity: will set rotation from 179.20807 to 179.21655
08-06 03:39:30.547  7310  7310 D CompassActivity: will set rotation from 179.21655 to 179.2179
08-06 03:39:30.569  7310  7310 D CompassActivity: will set rotation from 179.2179 to 179.24731
08-06 03:39:30.570  7310  7310 D CompassActivity: will set rotation from 179.24731 to 179.24683
08-06 03:39:30.585  7310  7310 D CompassActivity: will set rotation from 179.24683 to 179.25616
08-06 03:39:30.585  7310  7310 D CompassActivity: will set rotation from 179.25616 to 179.255
08-06 03:39:30.604  7310  7310 D CompassActivity: will set rotation from 179.255 to 179.26459
08-06 03:39:30.604  7310  7310 D CompassActivity: will set rotation from 179.26459 to 179.26392
08-06 03:39:30.627  7310  7310 D CompassActivity: will set rotation from 179.26392 to 179.26874
08-06 03:39:30.627  7310  7310 D CompassActivity: will set rotation from 179.26874 to 179.26843
08-06 03:39:30.645  7310  7310 D CompassActivity: will set rotation from 179.26843 to 179.27734
08-06 03:39:30.646  7310  7310 D CompassActivity: will set rotation from 179.27734 to 179.2774
08-06 03:39:30.663  7310  7310 D CompassActivity: will set rotation from 179.2774 to 179.24988
08-06 03:39:30.664  7310  7310 D CompassActivity: will set rotation from 179.24988 to 179.25012
08-06 03:39:30.683  7310  7310 D CompassActivity: will set rotation from 179.25012 to 179.22186
08-06 03:39:30.684  7310  7310 D CompassActivity: will set rotation from 179.22186 to 179.22144
08-06 03:39:30.703  7310  7310 D CompassActivity: will set rotation from 179.22144 to 179.26599
08-06 03:39:30.705  7310  7310 D CompassActivity: will set rotation from 179.26599 to 179.26563
08-06 03:39:30.725  7310  7310 D CompassActivity: will set rotation from 179.26563 to 179.28967
08-06 03:39:30.726  7310  7310 D CompassActivity: will set rotation from 179.28967 to 179.29077
08-06 03:39:30.744  7310  7310 D CompassActivity: will set rotation from 179.29077 to 179.29407
08-06 03:39:30.745  7310  7310 D CompassActivity: will set rotation from 179.29407 to 179.29419
08-06 03:39:30.763  7310  7310 D CompassActivity: will set rotation from 179.29419 to 179.31702
08-06 03:39:30.763  7310  7310 D CompassActivity: will set rotation from 179.31702 to 179.31769
08-06 03:39:30.783  7310  7310 D CompassActivity: will set rotation from 179.31769 to 179.34058
08-06 03:39:30.784  7310  7310 D CompassActivity: will set rotation from 179.34058 to 179.34021
08-06 03:39:30.803  7310  7310 D CompassActivity: will set rotation from 179.34021 to 179.31055
08-06 03:39:30.804  7310  7310 D CompassActivity: will set rotation from 179.31055 to 179.31195
08-06 03:39:30.829  7310  7310 D CompassActivity: will set rotation from 179.31195 to 179.2843
08-06 03:39:30.830  7310  7310 D CompassActivity: will set rotation from 179.2843 to 179.28387
08-06 03:39:30.844  7310  7310 D CompassActivity: will set rotation from 179.28387 to 179.28961
08-06 03:39:30.845  7310  7323 I art     : Starting a blocking GC Explicit
08-06 03:39:30.846  7310  7310 D CompassActivity: will set rotation from 179.28961 to 179.28955
08-06 03:39:30.863  7310  7310 D CompassActivity: will set rotation from 179.28955 to 179.29663
08-06 03:39:30.863  7310  7310 D CompassActivity: will set rotation from 179.29663 to 179.29529
08-06 03:39:30.883  7310  7310 D CompassActivity: will set rotation from 179.29529 to 179.30139
08-06 03:39:30.884  7310  7310 D CompassActivity: will set rotation from 179.30139 to 179.29974
08-06 03:39:30.900  7310  7323 I art     : Explicit concurrent mark sweep GC freed 2024(121KB) AllocSpace objects, 2(36KB) LOS objects, 7% free, 187MB/203MB, paused 1.037ms total 54.605ms
08-06 03:39:30.904  7310  7310 D CompassActivity: will set rotation from 179.29974 to 179.30597
08-06 03:39:30.904  7310  7310 D CompassActivity: will set rotation from 179.30597 to 179.30597
08-06 03:39:30.920  7310  7323 I art     : Starting a blocking GC Explicit
08-06 03:39:30.923  7310  7310 D CompassActivity: will set rotation from 179.30597 to 179.32776
08-06 03:39:30.925  7310  7310 D CompassActivity: will set rotation from 179.32776 to 179.32825
08-06 03:39:30.946  7310  7310 D CompassActivity: will set rotation from 179.32825 to 179.33142
08-06 03:39:30.947  7310  7310 D CompassActivity: will set rotation from 179.33142 to 179.33362
08-06 03:39:30.963  7310  7310 D CompassActivity: will set rotation from 179.33362 to 179.33862
08-06 03:39:30.964  7310  7310 D CompassActivity: will set rotation from 179.33862 to 179.3385
08-06 03:39:30.974  7310  7323 I art     : Explicit concurrent mark sweep GC freed 797(31KB) AllocSpace objects, 0(0B) LOS objects, 7% free, 187MB/203MB, paused 1.152ms total 53.299ms
08-06 03:39:30.983  7310  7310 D CompassActivity: will set rotation from 179.3385 to 179.3612
08-06 03:39:30.983  7310  7310 D CompassActivity: will set rotation from 179.3612 to 179.3595
08-06 03:39:30.994  7310  7323 I art     : Starting a blocking GC Explicit
08-06 03:39:31.002  7310  7310 D CompassActivity: will set rotation from 179.3595 to 179.36316
08-06 03:39:31.003  7310  7310 D CompassActivity: will set rotation from 179.36316 to 179.36432
08-06 03:39:31.023  7310  7310 D CompassActivity: will set rotation from 179.36432 to 179.33496
08-06 03:39:31.024  7310  7310 D CompassActivity: will set rotation from 179.33496 to 179.33594
08-06 03:39:31.045  7310  7310 D CompassActivity: will set rotation from 179.33594 to 179.30615
08-06 03:39:31.045  7310  7310 D CompassActivity: will set rotation from 179.30615 to 179.30603
08-06 03:39:31.045  7310  7323 I art     : Explicit concurrent mark sweep GC freed 158(7KB) AllocSpace objects, 0(0B) LOS objects, 7% free, 187MB/203MB, paused 965us total 50.776ms
08-06 03:39:31.062  7310  7310 D CompassActivity: will set rotation from 179.30603 to 179.27753
08-06 03:39:31.062  7310  7310 D CompassActivity: will set rotation from 179.27753 to 179.27686
08-06 03:39:31.064  7310  7323 I art     : Starting a blocking GC Explicit
08-06 03:39:31.081  7310  7310 D CompassActivity: will set rotation from 179.27686 to 179.2652
08-06 03:39:31.082  7310  7310 D CompassActivity: will set rotation from 179.2652 to 179.26416
08-06 03:39:31.101  7310  7310 D CompassActivity: will set rotation from 179.26416 to 179.2536
08-06 03:39:31.102  7310  7310 D CompassActivity: will set rotation from 179.2536 to 179.25433
08-06 03:39:31.105  7310  7323 I art     : Explicit concurrent mark sweep GC freed 177(8KB) AllocSpace objects, 0(0B) LOS objects, 7% free, 187MB/203MB, paused 1.137ms total 40.935ms
08-06 03:39:31.122  7310  7310 D CompassActivity: will set rotation from 179.25433 to 179.2279
08-06 03:39:31.122  7310  7310 D CompassActivity: will set rotation from 179.2279 to 179.22931
08-06 03:39:31.124  7310  7323 I art     : Starting a blocking GC Explicit
08-06 03:39:31.143  7310  7310 D CompassActivity: will set rotation from 179.22931 to 179.2196
08-06 03:39:31.144  7310  7310 D CompassActivity: will set rotation from 179.2196 to 179.21985
08-06 03:39:31.162  7310  7310 D CompassActivity: will set rotation from 179.21985 to 179.2096
08-06 03:39:31.162  7310  7310 D CompassActivity: will set rotation from 179.2096 to 179.21155
08-06 03:39:31.171  7310  7323 I art     : Explicit concurrent mark sweep GC freed 173(8KB) AllocSpace objects, 0(0B) LOS objects, 7% free, 187MB/203MB, paused 1.138ms total 46.981ms
08-06 03:39:31.182  7310  7310 D CompassActivity: will set rotation from 179.21155 to 179.20483
08-06 03:39:31.183  7310  7310 D CompassActivity: will set rotation from 179.20483 to 179.20569
08-06 03:39:31.201  7310  7310 D CompassActivity: will set rotation from 179.20569 to 179.21039
08-06 03:39:31.202  7310  7310 D CompassActivity: will set rotation from 179.21039 to 179.21228
08-06 03:39:31.221  7310  7310 D CompassActivity: will set rotation from 179.21228 to 179.2044
08-06 03:39:31.222  7310  7310 D CompassActivity: will set rotation from 179.2044 to 179.20496
08-06 03:39:31.242  7310  7310 D CompassActivity: will set rotation from 179.20496 to 179.22968
08-06 03:39:31.243  7310  7310 D CompassActivity: will set rotation from 179.22968 to 179.2301
08-06 03:39:31.262  7310  7310 D CompassActivity: will set rotation from 179.2301 to 179.22192
08-06 03:39:31.262  7310  7310 D CompassActivity: will set rotation from 179.22192 to 179.22119
08-06 03:39:31.282  7310  7310 D CompassActivity: will set rotation from 179.22119 to 179.22974
08-06 03:39:31.282  7310  7310 D CompassActivity: will set rotation from 179.22974 to 179.22955
08-06 03:39:31.301  7310  7310 D CompassActivity: will set rotation from 179.22955 to 179.2378
08-06 03:39:31.302  7310  7310 D CompassActivity: will set rotation from 179.2378 to 179.23865
08-06 03:39:31.321  7310  7310 D CompassActivity: will set rotation from 179.23865 to 179.26147
08-06 03:39:31.322  7310  7310 D CompassActivity: will set rotation from 179.26147 to 179.26056
08-06 03:39:31.344  7310  7310 D CompassActivity: will set rotation from 179.26056 to 179.26501
08-06 03:39:31.345  7310  7310 D CompassActivity: will set rotation from 179.26501 to 179.26257
08-06 03:39:31.362  7310  7310 D CompassActivity: will set rotation from 179.26257 to 179.23816
08-06 03:39:31.362  7310  7310 D CompassActivity: will set rotation from 179.23816 to 179.23712
08-06 03:39:31.382  7310  7310 D CompassActivity: will set rotation from 179.23712 to 179.22974
08-06 03:39:31.383  7310  7310 D CompassActivity: will set rotation from 179.22974 to 179.23187
08-06 03:39:31.400  7310  7310 D CompassActivity: will set rotation from 179.23187 to 179.18042
08-06 03:39:31.401  7310  7310 D CompassActivity: will set rotation from 179.18042 to 179.18054
08-06 03:39:31.422  7310  7310 D CompassActivity: will set rotation from 179.18054 to 179.17505
08-06 03:39:31.423  7310  7310 D CompassActivity: will set rotation from 179.17505 to 179.17456
08-06 03:39:31.442  7310  7310 D CompassActivity: will set rotation from 179.17456 to 179.16406
08-06 03:39:31.443  7310  7310 D CompassActivity: will set rotation from 179.16406 to 179.16486
08-06 03:39:31.460  7310  7310 D CompassActivity: will set rotation from 179.16486 to 179.17151
08-06 03:39:31.460  7310  7310 D CompassActivity: will set rotation from 179.17151 to 179.1701
08-06 03:39:31.480  7310  7310 D CompassActivity: will set rotation from 179.1701 to 179.17859
08-06 03:39:31.480  7310  7310 D CompassActivity: will set rotation from 179.17859 to 179.17749
08-06 03:39:31.500  7310  7310 D CompassActivity: will set rotation from 179.17749 to 179.17041
08-06 03:39:31.500  7310  7310 D CompassActivity: will set rotation from 179.17041 to 179.17029
08-06 03:39:31.520  7310  7310 D CompassActivity: will set rotation from 179.17029 to 179.17914
08-06 03:39:31.520  7310  7310 D CompassActivity: will set rotation from 179.17914 to 179.17676
08-06 03:39:31.540  8846  8846 D AndroidRuntime: >>>>>> START com.android.internal.os.RuntimeInit uid 2000 <<<<<<
08-06 03:39:31.542  7310  7310 D CompassActivity: will set rotation from 179.17676 to 179.16907
08-06 03:39:31.543  7310  7310 D CompassActivity: will set rotation from 179.16907 to 179.16772
08-06 03:39:31.550  8846  8846 D AndroidRuntime: CheckJNI is OFF
08-06 03:39:31.565  7310  7310 D CompassActivity: will set rotation from 179.16772 to 179.17578
08-06 03:39:31.565  7310  7310 D CompassActivity: will set rotation from 179.17578 to 179.17487
08-06 03:39:31.580  7310  7310 D CompassActivity: will set rotation from 179.17487 to 179.19843
08-06 03:39:31.582  7310  7310 D CompassActivity: will set rotation from 179.19843 to 179.1972
08-06 03:39:31.598  7310  8254 I art     : Starting a blocking GC Explicit
08-06 03:39:31.599  8846  8846 D ICU     : No timezone override file found: /data/misc/zoneinfo/current/icu/icu_tzdata.dat
08-06 03:39:31.600  7310  7310 D CompassActivity: will set rotation from 179.1972 to 179.18787
08-06 03:39:31.600  7310  7310 D CompassActivity: will set rotation from 179.18787 to 179.18896
08-06 03:39:31.620  7310  7310 D CompassActivity: will set rotation from 179.18896 to 179.19751
08-06 03:39:31.620  7310  7310 D CompassActivity: will set rotation from 179.19751 to 179.1969
08-06 03:39:31.640  7310  7310 D CompassActivity: will set rotation from 179.1969 to 179.1903
08-06 03:39:31.641  7310  7310 D CompassActivity: will set rotation from 179.1903 to 179.19043
08-06 03:39:31.650  8846  8846 I Radio-JNI: register_android_hardware_Radio DONE
08-06 03:39:31.654  7310  8254 I art     : Explicit concurrent mark sweep GC freed 2032(121KB) AllocSpace objects, 2(36KB) LOS objects, 7% free, 187MB/203MB, paused 1.409ms total 55.884ms
08-06 03:39:31.663  7310  7310 D CompassActivity: will set rotation from 179.19043 to 179.21545
08-06 03:39:31.664  7310  7310 D CompassActivity: will set rotation from 179.21545 to 179.21582
08-06 03:39:31.675  7310  8254 I art     : Starting a blocking GC Explicit
08-06 03:39:31.684  7310  7310 D CompassActivity: will set rotation from 179.21582 to 179.22345
08-06 03:39:31.684  7310  7310 D CompassActivity: will set rotation from 179.22345 to 179.22308
08-06 03:39:31.686  8846  8846 D AndroidRuntime: Calling main entry com.android.commands.input.Input
08-06 03:39:31.689  8846  8846 I Input   : injectKeyEvent: KeyEvent { action=ACTION_DOWN, keyCode=KEYCODE_BACK, scanCode=0, metaState=0, flags=0x0, repeatCount=0, eventTime=848388102, downTime=848388102, deviceId=-1, source=0x101 }
08-06 03:39:31.701  8846  8846 I Input   : injectKeyEvent: KeyEvent { action=ACTION_UP, keyCode=KEYCODE_BACK, scanCode=0, metaState=0, flags=0x0, repeatCount=0, eventTime=848388102, downTime=848388102, deviceId=-1, source=0x101 }
08-06 03:39:31.702  7310  7310 D CompassActivity: will set rotation from 179.22308 to 179.19672
08-06 03:39:31.702  7310  7310 D CompassActivity: will set rotation from 179.19672 to 179.19934
08-06 03:39:31.708  8846  8846 D AndroidRuntime: Shutting down VM
08-06 03:39:31.709   918   928 I sensors : activate
08-06 03:39:31.710   918  4413 I sensors : activate
08-06 03:39:31.714   918  3188 I hubconnection: sensorhub said: 'activate 1 enable:0'
08-06 03:39:31.715   918  3188 I hubconnection: sensorhub said: 'activate 3 enable:0'
08-06 03:39:31.726  7310  8254 I art     : Explicit concurrent mark sweep GC freed 760(29KB) AllocSpace objects, 0(0B) LOS objects, 7% free, 187MB/203MB, paused 1.239ms total 50.602ms
08-06 03:39:31.741  7310  7310 V MainActivity: url = https://project-travel-mate.herokuapp.com/api/number-of-unread-notifications
08-06 03:39:31.743  7310  8254 I art     : Starting a blocking GC Explicit
08-06 03:39:31.786  7310  8254 I art     : Explicit concurrent mark sweep GC freed 512(23KB) AllocSpace objects, 0(0B) LOS objects, 7% free, 187MB/203MB, paused 1.536ms total 42.910ms
08-06 03:39:31.807  7310  8254 I art     : Starting a blocking GC Explicit
08-06 03:39:31.848  7310  8254 I art     : Explicit concurrent mark sweep GC freed 49(1936B) AllocSpace objects, 0(0B) LOS objects, 7% free, 187MB/203MB, paused 1.322ms total 41.127ms
08-06 03:39:31.855 13866 13866 I GoogleInputMethodServic: GoogleInputMethodService.onFinishInput():3138 
08-06 03:39:31.856 13866 13866 I GoogleInputMethodServic: GoogleInputMethodService.onStartInput():1808 
08-06 03:39:31.867  7310  8254 I art     : Starting a blocking GC Explicit
08-06 03:39:31.911  7310  8254 I art     : Explicit concurrent mark sweep GC freed 36(1344B) AllocSpace objects, 0(0B) LOS objects, 7% free, 187MB/203MB, paused 1.212ms total 43.528ms
08-06 03:39:32.141  7310  7310 D CompassActivity: stop compass
08-06 03:39:32.141   380   380 W SurfaceFlinger: couldn't log to binary event log: overflow.
08-06 03:39:32.285  7310  7329 I art     : Starting a blocking GC Explicit
08-06 03:39:32.340  7310  7329 I art     : Explicit concurrent mark sweep GC freed 1676(95KB) AllocSpace objects, 2(36KB) LOS objects, 7% free, 187MB/203MB, paused 1.286ms total 54.367ms
08-06 03:39:32.361  7310  7329 I art     : Starting a blocking GC Explicit
08-06 03:39:32.423  7310  7329 I art     : Explicit concurrent mark sweep GC freed 1295(82KB) AllocSpace objects, 3(52MB) LOS objects, 10% free, 135MB/151MB, paused 1.129ms total 61.132ms
08-06 03:39:32.440  7310  7329 I art     : Starting a blocking GC Explicit
08-06 03:39:32.485  7310  7329 I art     : Explicit concurrent mark sweep GC freed 3(96B) AllocSpace objects, 0(0B) LOS objects, 10% free, 135MB/151MB, paused 1.102ms total 44.860ms
08-06 03:39:32.503  7310  7329 I art     : Starting a blocking GC Explicit
08-06 03:39:32.549  7310  7329 I art     : Explicit concurrent mark sweep GC freed 2562(131KB) AllocSpace objects, 2(120KB) LOS objects, 10% free, 135MB/151MB, paused 1.177ms total 46.339ms
08-06 03:39:32.559  7310  8869 I NAPPA_EXPERIMENTATION: MetricNetworkRequestExecutionTime: REQUEST_DURATION_SYSTEM='817',REQUEST_DURATION_OKHTTP='36',REQUEST_SYNCHRONOUS='FALSE',RESPONSE_CODE='200',RESPONSE_METHOD='GET',RESPONSE_LENGTH_OKHTTP='36',RESPONSE_LENGTH_HEADER='36',REQUEST_PROTOCOL='http/1.1',REQUEST_URL='https://project-travel-mate.herokuapp.com/api/number-of-unread-notifications',
08-06 03:39:32.567  7310  7329 I art     : Starting a blocking GC Explicit
08-06 03:39:32.612  7310  7329 I art     : Explicit concurrent mark sweep GC freed 1079(126KB) AllocSpace objects, 1(80KB) LOS objects, 10% free, 135MB/151MB, paused 1.184ms total 44.821ms
08-06 03:39:33.023  7310  7323 I art     : Starting a blocking GC Explicit
08-06 03:39:33.074  7310  7323 I art     : Explicit concurrent mark sweep GC freed 1725(99KB) AllocSpace objects, 2(36KB) LOS objects, 10% free, 135MB/151MB, paused 1.279ms total 50.710ms
08-06 03:39:33.093  7310  7323 I art     : Starting a blocking GC Explicit
08-06 03:39:33.138  7310  7323 I art     : Explicit concurrent mark sweep GC freed 39(1600B) AllocSpace objects, 0(0B) LOS objects, 10% free, 135MB/151MB, paused 1.307ms total 44.507ms
08-06 03:39:33.155  7310  7323 I art     : Starting a blocking GC Explicit
08-06 03:39:33.199  7310  7323 I art     : Explicit concurrent mark sweep GC freed 3(96B) AllocSpace objects, 0(0B) LOS objects, 10% free, 135MB/151MB, paused 1.140ms total 43.442ms
08-06 03:39:33.216  7310  7323 I art     : Starting a blocking GC Explicit
08-06 03:39:33.259  7310  7323 I art     : Explicit concurrent mark sweep GC freed 3(96B) AllocSpace objects, 0(0B) LOS objects, 10% free, 135MB/151MB, paused 1.128ms total 43.135ms
08-06 03:39:33.277  7310  7323 I art     : Starting a blocking GC Explicit
08-06 03:39:33.321  7310  7323 I art     : Explicit concurrent mark sweep GC freed 3(96B) AllocSpace objects, 0(0B) LOS objects, 10% free, 135MB/151MB, paused 1.077ms total 43.798ms
08-06 03:39:33.484  8891  8891 D AndroidRuntime: >>>>>> START com.android.internal.os.RuntimeInit uid 2000 <<<<<<
08-06 03:39:33.490  8891  8891 D AndroidRuntime: CheckJNI is OFF
08-06 03:39:33.529  8891  8891 D ICU     : No timezone override file found: /data/misc/zoneinfo/current/icu/icu_tzdata.dat
08-06 03:39:33.569  8891  8891 I Radio-JNI: register_android_hardware_Radio DONE
08-06 03:39:33.597  8891  8891 D AndroidRuntime: Calling main entry com.android.commands.input.Input
08-06 03:39:33.599  8891  8891 I Input   : injectMotionEvent: MotionEvent { action=ACTION_DOWN, actionButton=0, id[0]=0, x[0]=500.0, y[0]=2000.0, toolType[0]=TOOL_TYPE_UNKNOWN, buttonState=0, metaState=0, flags=0x0, edgeFlags=0x0, pointerCount=1, historySize=0, eventTime=848390012, downTime=848390012, deviceId=0, source=0x1002 }
08-06 03:39:33.603  8891  8891 I Input   : injectMotionEvent: MotionEvent { action=ACTION_MOVE, actionButton=0, id[0]=0, x[0]=500.0, y[0]=2000.0, toolType[0]=TOOL_TYPE_UNKNOWN, buttonState=0, metaState=0, flags=0x0, edgeFlags=0x0, pointerCount=1, historySize=0, eventTime=848390012, downTime=848390012, deviceId=0, source=0x1002 }
08-06 03:39:33.610  8891  8891 I Input   : injectMotionEvent: MotionEvent { action=ACTION_MOVE, actionButton=0, id[0]=0, x[0]=500.0, y[0]=1977.2, toolType[0]=TOOL_TYPE_UNKNOWN, buttonState=0, metaState=0, flags=0x0, edgeFlags=0x0, pointerCount=1, historySize=0, eventTime=848390024, downTime=848390024, deviceId=0, source=0x1002 }
08-06 03:39:33.628  8891  8891 I Input   : injectMotionEvent: MotionEvent { action=ACTION_MOVE, actionButton=0, id[0]=0, x[0]=500.0, y[0]=1944.9, toolType[0]=TOOL_TYPE_UNKNOWN, buttonState=0, metaState=0, flags=0x0, edgeFlags=0x0, pointerCount=1, historySize=0, eventTime=848390041, downTime=848390041, deviceId=0, source=0x1002 }
08-06 03:39:33.651  8891  8891 I Input   : injectMotionEvent: MotionEvent { action=ACTION_MOVE, actionButton=0, id[0]=0, x[0]=500.0, y[0]=1899.3, toolType[0]=TOOL_TYPE_UNKNOWN, buttonState=0, metaState=0, flags=0x0, edgeFlags=0x0, pointerCount=1, historySize=0, eventTime=848390065, downTime=848390065, deviceId=0, source=0x1002 }
08-06 03:39:33.660  8891  8891 I Input   : injectMotionEvent: MotionEvent { action=ACTION_MOVE, actionButton=0, id[0]=0, x[0]=500.0, y[0]=1882.2, toolType[0]=TOOL_TYPE_UNKNOWN, buttonState=0, metaState=0, flags=0x0, edgeFlags=0x0, pointerCount=1, historySize=0, eventTime=848390074, downTime=848390074, deviceId=0, source=0x1002 }
08-06 03:39:33.677  8891  8891 I Input   : injectMotionEvent: MotionEvent { action=ACTION_MOVE, actionButton=0, id[0]=0, x[0]=500.0, y[0]=1849.9, toolType[0]=TOOL_TYPE_UNKNOWN, buttonState=0, metaState=0, flags=0x0, edgeFlags=0x0, pointerCount=1, historySize=0, eventTime=848390091, downTime=848390091, deviceId=0, source=0x1002 }
08-06 03:39:33.690  7310  7323 I art     : Starting a blocking GC Explicit
08-06 03:39:33.694  8891  8891 I Input   : injectMotionEvent: MotionEvent { action=ACTION_MOVE, actionButton=0, id[0]=0, x[0]=500.0, y[0]=1819.5, toolType[0]=TOOL_TYPE_UNKNOWN, buttonState=0, metaState=0, flags=0x0, edgeFlags=0x0, pointerCount=1, historySize=0, eventTime=848390107, downTime=848390107, deviceId=0, source=0x1002 }
08-06 03:39:33.711  8891  8891 I Input   : injectMotionEvent: MotionEvent { action=ACTION_MOVE, actionButton=0, id[0]=0, x[0]=500.0, y[0]=1787.2, toolType[0]=TOOL_TYPE_UNKNOWN, buttonState=0, metaState=0, flags=0x0, edgeFlags=0x0, pointerCount=1, historySize=0, eventTime=848390124, downTime=848390124, deviceId=0, source=0x1002 }
08-06 03:39:33.728  8891  8891 I Input   : injectMotionEvent: MotionEvent { action=ACTION_MOVE, actionButton=0, id[0]=0, x[0]=500.0, y[0]=1754.9, toolType[0]=TOOL_TYPE_UNKNOWN, buttonState=0, metaState=0, flags=0x0, edgeFlags=0x0, pointerCount=1, historySize=0, eventTime=848390141, downTime=848390141, deviceId=0, source=0x1002 }
08-06 03:39:33.744  7310  7323 I art     : Explicit concurrent mark sweep GC freed 1668(94KB) AllocSpace objects, 2(36KB) LOS objects, 10% free, 135MB/151MB, paused 1.160ms total 53.532ms
08-06 03:39:33.745  8891  8891 I Input   : injectMotionEvent: MotionEvent { action=ACTION_MOVE, actionButton=0, id[0]=0, x[0]=500.0, y[0]=1722.6, toolType[0]=TOOL_TYPE_UNKNOWN, buttonState=0, metaState=0, flags=0x0, edgeFlags=0x0, pointerCount=1, historySize=0, eventTime=848390158, downTime=848390158, deviceId=0, source=0x1002 }
08-06 03:39:33.761  8891  8891 I Input   : injectMotionEvent: MotionEvent { action=ACTION_MOVE, actionButton=0, id[0]=0, x[0]=500.0, y[0]=1692.2, toolType[0]=TOOL_TYPE_UNKNOWN, buttonState=0, metaState=0, flags=0x0, edgeFlags=0x0, pointerCount=1, historySize=0, eventTime=848390174, downTime=848390174, deviceId=0, source=0x1002 }
08-06 03:39:33.766  7310  7323 I art     : Starting a blocking GC Explicit
08-06 03:39:33.778  8891  8891 I Input   : injectMotionEvent: MotionEvent { action=ACTION_MOVE, actionButton=0, id[0]=0, x[0]=500.0, y[0]=1661.8, toolType[0]=TOOL_TYPE_UNKNOWN, buttonState=0, metaState=0, flags=0x0, edgeFlags=0x0, pointerCount=1, historySize=0, eventTime=848390190, downTime=848390190, deviceId=0, source=0x1002 }
08-06 03:39:33.794  8891  8891 I Input   : injectMotionEvent: MotionEvent { action=ACTION_MOVE, actionButton=0, id[0]=0, x[0]=500.0, y[0]=1629.5, toolType[0]=TOOL_TYPE_UNKNOWN, buttonState=0, metaState=0, flags=0x0, edgeFlags=0x0, pointerCount=1, historySize=0, eventTime=848390207, downTime=848390207, deviceId=0, source=0x1002 }
08-06 03:39:33.810  7310  7323 I art     : Explicit concurrent mark sweep GC freed 49(1984B) AllocSpace objects, 0(0B) LOS objects, 10% free, 135MB/151MB, paused 1.138ms total 44.082ms
08-06 03:39:33.811  8891  8891 I Input   : injectMotionEvent: MotionEvent { action=ACTION_MOVE, actionButton=0, id[0]=0, x[0]=500.0, y[0]=1595.3, toolType[0]=TOOL_TYPE_UNKNOWN, buttonState=0, metaState=0, flags=0x0, edgeFlags=0x0, pointerCount=1, historySize=0, eventTime=848390225, downTime=848390225, deviceId=0, source=0x1002 }
08-06 03:39:33.828  7310  7323 I art     : Starting a blocking GC Explicit
08-06 03:39:33.829  8891  8891 I Input   : injectMotionEvent: MotionEvent { action=ACTION_MOVE, actionButton=0, id[0]=0, x[0]=500.0, y[0]=1563.0, toolType[0]=TOOL_TYPE_UNKNOWN, buttonState=0, metaState=0, flags=0x0, edgeFlags=0x0, pointerCount=1, historySize=0, eventTime=848390242, downTime=848390242, deviceId=0, source=0x1002 }
08-06 03:39:33.844  8891  8891 I Input   : injectMotionEvent: MotionEvent { action=ACTION_MOVE, actionButton=0, id[0]=0, x[0]=500.0, y[0]=1534.5, toolType[0]=TOOL_TYPE_UNKNOWN, buttonState=0, metaState=0, flags=0x0, edgeFlags=0x0, pointerCount=1, historySize=0, eventTime=848390257, downTime=848390257, deviceId=0, source=0x1002 }
08-06 03:39:33.860  8891  8891 I Input   : injectMotionEvent: MotionEvent { action=ACTION_MOVE, actionButton=0, id[0]=0, x[0]=500.0, y[0]=1502.2, toolType[0]=TOOL_TYPE_UNKNOWN, buttonState=0, metaState=0, flags=0x0, edgeFlags=0x0, pointerCount=1, historySize=0, eventTime=848390274, downTime=848390274, deviceId=0, source=0x1002 }
08-06 03:39:33.873  7310  7323 I art     : Explicit concurrent mark sweep GC freed 3(96B) AllocSpace objects, 0(0B) LOS objects, 10% free, 135MB/151MB, paused 1.292ms total 44.432ms
08-06 03:39:33.878  8891  8891 I Input   : injectMotionEvent: MotionEvent { action=ACTION_MOVE, actionButton=0, id[0]=0, x[0]=500.0, y[0]=1469.8999, toolType[0]=TOOL_TYPE_UNKNOWN, buttonState=0, metaState=0, flags=0x0, edgeFlags=0x0, pointerCount=1, historySize=0, eventTime=848390291, downTime=848390291, deviceId=0, source=0x1002 }
08-06 03:39:33.891  7310  7323 I art     : Starting a blocking GC Explicit
08-06 03:39:33.896  8891  8891 I Input   : injectMotionEvent: MotionEvent { action=ACTION_MOVE, actionButton=0, id[0]=0, x[0]=500.0, y[0]=1435.7, toolType[0]=TOOL_TYPE_UNKNOWN, buttonState=0, metaState=0, flags=0x0, edgeFlags=0x0, pointerCount=1, historySize=0, eventTime=848390309, downTime=848390309, deviceId=0, source=0x1002 }
08-06 03:39:33.911  8891  8891 I Input   : injectMotionEvent: MotionEvent { action=ACTION_MOVE, actionButton=0, id[0]=0, x[0]=500.0, y[0]=1407.2, toolType[0]=TOOL_TYPE_UNKNOWN, buttonState=0, metaState=0, flags=0x0, edgeFlags=0x0, pointerCount=1, historySize=0, eventTime=848390324, downTime=848390324, deviceId=0, source=0x1002 }
08-06 03:39:33.933  8891  8891 I Input   : injectMotionEvent: MotionEvent { action=ACTION_MOVE, actionButton=0, id[0]=0, x[0]=500.0, y[0]=1365.4, toolType[0]=TOOL_TYPE_UNKNOWN, buttonState=0, metaState=0, flags=0x0, edgeFlags=0x0, pointerCount=1, historySize=0, eventTime=848390346, downTime=848390346, deviceId=0, source=0x1002 }
08-06 03:39:33.935  7310  7323 I art     : Explicit concurrent mark sweep GC freed 3(96B) AllocSpace objects, 0(0B) LOS objects, 10% free, 135MB/151MB, paused 1.045ms total 43.666ms
08-06 03:39:33.944  8891  8891 I Input   : injectMotionEvent: MotionEvent { action=ACTION_MOVE, actionButton=0, id[0]=0, x[0]=500.0, y[0]=1342.6001, toolType[0]=TOOL_TYPE_UNKNOWN, buttonState=0, metaState=0, flags=0x0, edgeFlags=0x0, pointerCount=1, historySize=0, eventTime=848390358, downTime=848390358, deviceId=0, source=0x1002 }
08-06 03:39:33.953  7310  7323 I art     : Starting a blocking GC Explicit
08-06 03:39:33.961  8891  8891 I Input   : injectMotionEvent: MotionEvent { action=ACTION_MOVE, actionButton=0, id[0]=0, x[0]=500.0, y[0]=1312.2, toolType[0]=TOOL_TYPE_UNKNOWN, buttonState=0, metaState=0, flags=0x0, edgeFlags=0x0, pointerCount=1, historySize=0, eventTime=848390374, downTime=848390374, deviceId=0, source=0x1002 }
08-06 03:39:33.979  8891  8891 I Input   : injectMotionEvent: MotionEvent { action=ACTION_MOVE, actionButton=0, id[0]=0, x[0]=500.0, y[0]=1278.0, toolType[0]=TOOL_TYPE_UNKNOWN, buttonState=0, metaState=0, flags=0x0, edgeFlags=0x0, pointerCount=1, historySize=0, eventTime=848390392, downTime=848390392, deviceId=0, source=0x1002 }
08-06 03:39:34.000  7310  7323 I art     : Explicit concurrent mark sweep GC freed 5(176B) AllocSpace objects, 0(0B) LOS objects, 10% free, 135MB/151MB, paused 1.354ms total 47.101ms
08-06 03:39:34.001  8891  8891 I Input   : injectMotionEvent: MotionEvent { action=ACTION_MOVE, actionButton=0, id[0]=0, x[0]=500.0, y[0]=1236.2, toolType[0]=TOOL_TYPE_UNKNOWN, buttonState=0, metaState=0, flags=0x0, edgeFlags=0x0, pointerCount=1, historySize=0, eventTime=848390414, downTime=848390414, deviceId=0, source=0x1002 }
08-06 03:39:34.014  8891  8891 I Input   : injectMotionEvent: MotionEvent { action=ACTION_MOVE, actionButton=0, id[0]=0, x[0]=500.0, y[0]=1211.5, toolType[0]=TOOL_TYPE_UNKNOWN, buttonState=0, metaState=0, flags=0x0, edgeFlags=0x0, pointerCount=1, historySize=0, eventTime=848390427, downTime=848390427, deviceId=0, source=0x1002 }
08-06 03:39:34.084  8891  8891 I Input   : injectMotionEvent: MotionEvent { action=ACTION_MOVE, actionButton=0, id[0]=0, x[0]=500.0, y[0]=1076.6, toolType[0]=TOOL_TYPE_UNKNOWN, buttonState=0, metaState=0, flags=0x0, edgeFlags=0x0, pointerCount=1, historySize=0, eventTime=848390498, downTime=848390498, deviceId=0, source=0x1002 }
08-06 03:39:34.148  8891  8891 I Input   : injectMotionEvent: MotionEvent { action=ACTION_MOVE, actionButton=0, id[0]=0, x[0]=500.0, y[0]=956.8999, toolType[0]=TOOL_TYPE_UNKNOWN, buttonState=0, metaState=0, flags=0x0, edgeFlags=0x0, pointerCount=1, historySize=0, eventTime=848390561, downTime=848390561, deviceId=0, source=0x1002 }
08-06 03:39:34.205  8891  8891 I Input   : injectMotionEvent: MotionEvent { action=ACTION_MOVE, actionButton=0, id[0]=0, x[0]=500.0, y[0]=846.7001, toolType[0]=TOOL_TYPE_UNKNOWN, buttonState=0, metaState=0, flags=0x0, edgeFlags=0x0, pointerCount=1, historySize=0, eventTime=848390619, downTime=848390619, deviceId=0, source=0x1002 }
08-06 03:39:34.273  8891  8891 I Input   : injectMotionEvent: MotionEvent { action=ACTION_MOVE, actionButton=0, id[0]=0, x[0]=500.0, y[0]=719.3999, toolType[0]=TOOL_TYPE_UNKNOWN, buttonState=0, metaState=0, flags=0x0, edgeFlags=0x0, pointerCount=1, historySize=0, eventTime=848390686, downTime=848390686, deviceId=0, source=0x1002 }
08-06 03:39:34.336  8891  8891 I Input   : injectMotionEvent: MotionEvent { action=ACTION_MOVE, actionButton=0, id[0]=0, x[0]=500.0, y[0]=599.7001, toolType[0]=TOOL_TYPE_UNKNOWN, buttonState=0, metaState=0, flags=0x0, edgeFlags=0x0, pointerCount=1, historySize=0, eventTime=848390749, downTime=848390749, deviceId=0, source=0x1002 }
08-06 03:39:34.377  7310  8254 I art     : Starting a blocking GC Explicit
08-06 03:39:34.408  8891  8891 I Input   : injectMotionEvent: MotionEvent { action=ACTION_MOVE, actionButton=0, id[0]=0, x[0]=500.0, y[0]=462.90002, toolType[0]=TOOL_TYPE_UNKNOWN, buttonState=0, metaState=0, flags=0x0, edgeFlags=0x0, pointerCount=1, historySize=0, eventTime=848390821, downTime=848390821, deviceId=0, source=0x1002 }
08-06 03:39:34.418  7310  8254 I art     : Explicit concurrent mark sweep GC freed 1631(93KB) AllocSpace objects, 2(36KB) LOS objects, 10% free, 135MB/151MB, paused 1.065ms total 39.740ms
08-06 03:39:34.434  7310  8254 I art     : Starting a blocking GC Explicit
08-06 03:39:34.470  8891  8891 I Input   : injectMotionEvent: MotionEvent { action=ACTION_MOVE, actionButton=0, id[0]=0, x[0]=500.0, y[0]=343.20007, toolType[0]=TOOL_TYPE_UNKNOWN, buttonState=0, metaState=0, flags=0x0, edgeFlags=0x0, pointerCount=1, historySize=0, eventTime=848390884, downTime=848390884, deviceId=0, source=0x1002 }
08-06 03:39:34.479  7310  8254 I art     : Explicit concurrent mark sweep GC freed 43(1728B) AllocSpace objects, 0(0B) LOS objects, 10% free, 135MB/151MB, paused 1.067ms total 44.475ms
08-06 03:39:34.495  7310  8254 I art     : Starting a blocking GC Explicit
08-06 03:39:34.536  7310  8254 I art     : Explicit concurrent mark sweep GC freed 3(96B) AllocSpace objects, 0(0B) LOS objects, 10% free, 135MB/151MB, paused 1.043ms total 40.094ms
08-06 03:39:34.553  7310  8254 I art     : Starting a blocking GC Explicit
08-06 03:39:34.567  8891  8891 I Input   : injectMotionEvent: MotionEvent { action=ACTION_MOVE, actionButton=0, id[0]=0, x[0]=500.0, y[0]=160.80005, toolType[0]=TOOL_TYPE_UNKNOWN, buttonState=0, metaState=0, flags=0x0, edgeFlags=0x0, pointerCount=1, historySize=0, eventTime=848390980, downTime=848390980, deviceId=0, source=0x1002 }
08-06 03:39:34.595  7310  8254 I art     : Explicit concurrent mark sweep GC freed 6(192B) AllocSpace objects, 0(0B) LOS objects, 10% free, 135MB/151MB, paused 1.264ms total 41.891ms
08-06 03:39:34.607  8891  8891 I Input   : injectMotionEvent: MotionEvent { action=ACTION_UP, actionButton=0, id[0]=0, x[0]=500.0, y[0]=100.0, toolType[0]=TOOL_TYPE_UNKNOWN, buttonState=0, metaState=0, flags=0x0, edgeFlags=0x0, pointerCount=1, historySize=0, eventTime=848391020, downTime=848391020, deviceId=0, source=0x1002 }
08-06 03:39:34.613  7310  8254 I art     : Starting a blocking GC Explicit
08-06 03:39:34.647  8891  8891 D AndroidRuntime: Shutting down VM
08-06 03:39:34.656  7310  8254 I art     : Explicit concurrent mark sweep GC freed 7(224B) AllocSpace objects, 0(0B) LOS objects, 10% free, 135MB/151MB, paused 1.017ms total 42.336ms
08-06 03:39:34.941   918  3261 D WifiStateMachine: starting scan for "H369AA63323"WPA_PSK with 2412,5180
08-06 03:39:35.052  7310  7323 I art     : Starting a blocking GC Explicit
08-06 03:39:35.093  7310  7323 I art     : Explicit concurrent mark sweep GC freed 1618(92KB) AllocSpace objects, 2(36KB) LOS objects, 10% free, 135MB/151MB, paused 1.033ms total 40.530ms
08-06 03:39:35.110  7310  7323 I art     : Starting a blocking GC Explicit
08-06 03:39:35.150  7310  7323 I art     : Explicit concurrent mark sweep GC freed 32(1152B) AllocSpace objects, 0(0B) LOS objects, 10% free, 135MB/151MB, paused 1.069ms total 38.962ms
08-06 03:39:35.167  7310  7323 I art     : Starting a blocking GC Explicit
08-06 03:39:35.210  7310  7323 I art     : Explicit concurrent mark sweep GC freed 6(192B) AllocSpace objects, 0(0B) LOS objects, 10% free, 135MB/151MB, paused 1.142ms total 42.912ms
08-06 03:39:35.228  7310  7323 I art     : Starting a blocking GC Explicit
08-06 03:39:35.269  7310  7323 I art     : Explicit concurrent mark sweep GC freed 6(192B) AllocSpace objects, 0(0B) LOS objects, 10% free, 135MB/151MB, paused 1.027ms total 40.228ms
08-06 03:39:35.285  7310  7323 I art     : Starting a blocking GC Explicit
08-06 03:39:35.324  7310  7323 I art     : Explicit concurrent mark sweep GC freed 3(96B) AllocSpace objects, 0(0B) LOS objects, 10% free, 135MB/151MB, paused 1.055ms total 38.592ms
08-06 03:39:35.404  8940  8940 D AndroidRuntime: >>>>>> START com.android.internal.os.RuntimeInit uid 2000 <<<<<<
08-06 03:39:35.409  8940  8940 D AndroidRuntime: CheckJNI is OFF
08-06 03:39:35.451  8940  8940 D ICU     : No timezone override file found: /data/misc/zoneinfo/current/icu/icu_tzdata.dat
08-06 03:39:35.494  8940  8940 I Radio-JNI: register_android_hardware_Radio DONE
08-06 03:39:35.522  8940  8940 D AndroidRuntime: Calling main entry com.android.commands.input.Input
08-06 03:39:35.525  8940  8940 I Input   : injectMotionEvent: MotionEvent { action=ACTION_DOWN, actionButton=0, id[0]=0, x[0]=500.0, y[0]=2000.0, toolType[0]=TOOL_TYPE_UNKNOWN, buttonState=0, metaState=0, flags=0x0, edgeFlags=0x0, pointerCount=1, historySize=0, eventTime=848391937, downTime=848391937, deviceId=0, source=0x1002 }
08-06 03:39:35.529  8940  8940 I Input   : injectMotionEvent: MotionEvent { action=ACTION_MOVE, actionButton=0, id[0]=0, x[0]=500.0, y[0]=2000.0, toolType[0]=TOOL_TYPE_UNKNOWN, buttonState=0, metaState=0, flags=0x0, edgeFlags=0x0, pointerCount=1, historySize=0, eventTime=848391937, downTime=848391937, deviceId=0, source=0x1002 }
08-06 03:39:35.545  8940  8940 I Input   : injectMotionEvent: MotionEvent { action=ACTION_MOVE, actionButton=0, id[0]=0, x[0]=500.0, y[0]=1958.2, toolType[0]=TOOL_TYPE_UNKNOWN, buttonState=0, metaState=0, flags=0x0, edgeFlags=0x0, pointerCount=1, historySize=0, eventTime=848391959, downTime=848391959, deviceId=0, source=0x1002 }
08-06 03:39:35.562  8940  8940 I Input   : injectMotionEvent: MotionEvent { action=ACTION_MOVE, actionButton=0, id[0]=0, x[0]=500.0, y[0]=1927.8, toolType[0]=TOOL_TYPE_UNKNOWN, buttonState=0, metaState=0, flags=0x0, edgeFlags=0x0, pointerCount=1, historySize=0, eventTime=848391975, downTime=848391975, deviceId=0, source=0x1002 }
08-06 03:39:35.580  8940  8940 I Input   : injectMotionEvent: MotionEvent { action=ACTION_MOVE, actionButton=0, id[0]=0, x[0]=500.0, y[0]=1891.7, toolType[0]=TOOL_TYPE_UNKNOWN, buttonState=0, metaState=0, flags=0x0, edgeFlags=0x0, pointerCount=1, historySize=0, eventTime=848391994, downTime=848391994, deviceId=0, source=0x1002 }
08-06 03:39:35.627  8940  8940 I Input   : injectMotionEvent: MotionEvent { action=ACTION_MOVE, actionButton=0, id[0]=0, x[0]=500.0, y[0]=1804.3, toolType[0]=TOOL_TYPE_UNKNOWN, buttonState=0, metaState=0, flags=0x0, edgeFlags=0x0, pointerCount=1, historySize=0, eventTime=848392040, downTime=848392040, deviceId=0, source=0x1002 }
08-06 03:39:35.668  8940  8940 I Input   : injectMotionEvent: MotionEvent { action=ACTION_MOVE, actionButton=0, id[0]=0, x[0]=500.0, y[0]=1726.4, toolType[0]=TOOL_TYPE_UNKNOWN, buttonState=0, metaState=0, flags=0x0, edgeFlags=0x0, pointerCount=1, historySize=0, eventTime=848392081, downTime=848392081, deviceId=0, source=0x1002 }
08-06 03:39:35.705  7310  7581 I art     : Starting a blocking GC Explicit
08-06 03:39:35.709  8940  8940 I Input   : injectMotionEvent: MotionEvent { action=ACTION_MOVE, actionButton=0, id[0]=0, x[0]=500.0, y[0]=1648.5, toolType[0]=TOOL_TYPE_UNKNOWN, buttonState=0, metaState=0, flags=0x0, edgeFlags=0x0, pointerCount=1, historySize=0, eventTime=848392122, downTime=848392122, deviceId=0, source=0x1002 }
08-06 03:39:35.747  7310  7581 I art     : Explicit concurrent mark sweep GC freed 1609(92KB) AllocSpace objects, 2(36KB) LOS objects, 10% free, 135MB/151MB, paused 1.281ms total 41.521ms
08-06 03:39:35.748  8940  8940 I Input   : injectMotionEvent: MotionEvent { action=ACTION_MOVE, actionButton=0, id[0]=0, x[0]=500.0, y[0]=1574.4, toolType[0]=TOOL_TYPE_UNKNOWN, buttonState=0, metaState=0, flags=0x0, edgeFlags=0x0, pointerCount=1, historySize=0, eventTime=848392161, downTime=848392161, deviceId=0, source=0x1002 }
08-06 03:39:35.764  7310  7581 I art     : Starting a blocking GC Explicit
08-06 03:39:35.787  8940  8940 I Input   : injectMotionEvent: MotionEvent { action=ACTION_MOVE, actionButton=0, id[0]=0, x[0]=500.0, y[0]=1500.3, toolType[0]=TOOL_TYPE_UNKNOWN, buttonState=0, metaState=0, flags=0x0, edgeFlags=0x0, pointerCount=1, historySize=0, eventTime=848392200, downTime=848392200, deviceId=0, source=0x1002 }
08-06 03:39:35.803  7310  7581 I art     : Explicit concurrent mark sweep GC freed 35(1248B) AllocSpace objects, 0(0B) LOS objects, 10% free, 135MB/151MB, paused 1.059ms total 39.540ms
08-06 03:39:35.821  7310  7581 I art     : Starting a blocking GC Explicit
08-06 03:39:35.826  8940  8940 I Input   : injectMotionEvent: MotionEvent { action=ACTION_MOVE, actionButton=0, id[0]=0, x[0]=500.0, y[0]=1424.3, toolType[0]=TOOL_TYPE_UNKNOWN, buttonState=0, metaState=0, flags=0x0, edgeFlags=0x0, pointerCount=1, historySize=0, eventTime=848392240, downTime=848392240, deviceId=0, source=0x1002 }
08-06 03:39:35.864  7310  7581 I art     : Explicit concurrent mark sweep GC freed 5(160B) AllocSpace objects, 0(0B) LOS objects, 10% free, 135MB/151MB, paused 1.161ms total 42.850ms
08-06 03:39:35.866  8940  8940 I Input   : injectMotionEvent: MotionEvent { action=ACTION_MOVE, actionButton=0, id[0]=0, x[0]=500.0, y[0]=1350.2, toolType[0]=TOOL_TYPE_UNKNOWN, buttonState=0, metaState=0, flags=0x0, edgeFlags=0x0, pointerCount=1, historySize=0, eventTime=848392279, downTime=848392279, deviceId=0, source=0x1002 }
08-06 03:39:35.881  7310  7581 I art     : Starting a blocking GC Explicit
08-06 03:39:35.906  8940  8940 I Input   : injectMotionEvent: MotionEvent { action=ACTION_MOVE, actionButton=0, id[0]=0, x[0]=500.0, y[0]=1274.2, toolType[0]=TOOL_TYPE_UNKNOWN, buttonState=0, metaState=0, flags=0x0, edgeFlags=0x0, pointerCount=1, historySize=0, eventTime=848392319, downTime=848392319, deviceId=0, source=0x1002 }
08-06 03:39:35.921  7310  7581 I art     : Explicit concurrent mark sweep GC freed 7(224B) AllocSpace objects, 0(0B) LOS objects, 10% free, 135MB/151MB, paused 1.052ms total 39.861ms
08-06 03:39:35.922  7310  7321 I art     : WaitForGcToComplete blocked for 21.521ms for cause HeapTrim
08-06 03:39:35.939  7310  7581 I art     : Starting a blocking GC Explicit
08-06 03:39:35.947  8940  8940 I Input   : injectMotionEvent: MotionEvent { action=ACTION_MOVE, actionButton=0, id[0]=0, x[0]=500.0, y[0]=1198.2, toolType[0]=TOOL_TYPE_UNKNOWN, buttonState=0, metaState=0, flags=0x0, edgeFlags=0x0, pointerCount=1, historySize=0, eventTime=848392359, downTime=848392359, deviceId=0, source=0x1002 }
08-06 03:39:35.979  7310  7581 I art     : Explicit concurrent mark sweep GC freed 5(160B) AllocSpace objects, 0(0B) LOS objects, 10% free, 135MB/151MB, paused 1.200ms total 40.073ms
08-06 03:39:35.986  8940  8940 I Input   : injectMotionEvent: MotionEvent { action=ACTION_MOVE, actionButton=0, id[0]=0, x[0]=500.0, y[0]=1122.2, toolType[0]=TOOL_TYPE_UNKNOWN, buttonState=0, metaState=0, flags=0x0, edgeFlags=0x0, pointerCount=1, historySize=0, eventTime=848392399, downTime=848392399, deviceId=0, source=0x1002 }
08-06 03:39:36.021  8940  8940 I Input   : injectMotionEvent: MotionEvent { action=ACTION_MOVE, actionButton=0, id[0]=0, x[0]=500.0, y[0]=1055.7, toolType[0]=TOOL_TYPE_UNKNOWN, buttonState=0, metaState=0, flags=0x0, edgeFlags=0x0, pointerCount=1, historySize=0, eventTime=848392434, downTime=848392434, deviceId=0, source=0x1002 }
08-06 03:39:36.056  8940  8940 I Input   : injectMotionEvent: MotionEvent { action=ACTION_MOVE, actionButton=0, id[0]=0, x[0]=500.0, y[0]=987.3, toolType[0]=TOOL_TYPE_UNKNOWN, buttonState=0, metaState=0, flags=0x0, edgeFlags=0x0, pointerCount=1, historySize=0, eventTime=848392470, downTime=848392470, deviceId=0, source=0x1002 }
08-06 03:39:36.090  8940  8940 I Input   : injectMotionEvent: MotionEvent { action=ACTION_MOVE, actionButton=0, id[0]=0, x[0]=500.0, y[0]=924.6, toolType[0]=TOOL_TYPE_UNKNOWN, buttonState=0, metaState=0, flags=0x0, edgeFlags=0x0, pointerCount=1, historySize=0, eventTime=848392503, downTime=848392503, deviceId=0, source=0x1002 }
08-06 03:39:36.126  8940  8940 I Input   : injectMotionEvent: MotionEvent { action=ACTION_MOVE, actionButton=0, id[0]=0, x[0]=500.0, y[0]=856.19995, toolType[0]=TOOL_TYPE_UNKNOWN, buttonState=0, metaState=0, flags=0x0, edgeFlags=0x0, pointerCount=1, historySize=0, eventTime=848392539, downTime=848392539, deviceId=0, source=0x1002 }
08-06 03:39:36.160  8940  8940 I Input   : injectMotionEvent: MotionEvent { action=ACTION_MOVE, actionButton=0, id[0]=0, x[0]=500.0, y[0]=789.69995, toolType[0]=TOOL_TYPE_UNKNOWN, buttonState=0, metaState=0, flags=0x0, edgeFlags=0x0, pointerCount=1, historySize=0, eventTime=848392574, downTime=848392574, deviceId=0, source=0x1002 }
08-06 03:39:36.196  8940  8940 I Input   : injectMotionEvent: MotionEvent { action=ACTION_MOVE, actionButton=0, id[0]=0, x[0]=500.0, y[0]=721.30005, toolType[0]=TOOL_TYPE_UNKNOWN, buttonState=0, metaState=0, flags=0x0, edgeFlags=0x0, pointerCount=1, historySize=0, eventTime=848392610, downTime=848392610, deviceId=0, source=0x1002 }
08-06 03:39:36.220   518   646 I ThermalEngine: ACTION: GPU - Setting GPU[0] to 390000000
08-06 03:39:36.245  8940  8940 I Input   : injectMotionEvent: MotionEvent { action=ACTION_MOVE, actionButton=0, id[0]=0, x[0]=500.0, y[0]=630.1, toolType[0]=TOOL_TYPE_UNKNOWN, buttonState=0, metaState=0, flags=0x0, edgeFlags=0x0, pointerCount=1, historySize=0, eventTime=848392658, downTime=848392658, deviceId=0, source=0x1002 }
08-06 03:39:36.282  8940  8940 I Input   : injectMotionEvent: MotionEvent { action=ACTION_MOVE, actionButton=0, id[0]=0, x[0]=500.0, y[0]=557.9, toolType[0]=TOOL_TYPE_UNKNOWN, buttonState=0, metaState=0, flags=0x0, edgeFlags=0x0, pointerCount=1, historySize=0, eventTime=848392696, downTime=848392696, deviceId=0, source=0x1002 }
08-06 03:39:36.324  8940  8940 I Input   : injectMotionEvent: MotionEvent { action=ACTION_MOVE, actionButton=0, id[0]=0, x[0]=500.0, y[0]=478.09998, toolType[0]=TOOL_TYPE_UNKNOWN, buttonState=0, metaState=0, flags=0x0, edgeFlags=0x0, pointerCount=1, historySize=0, eventTime=848392738, downTime=848392738, deviceId=0, source=0x1002 }
08-06 03:39:36.361  8940  8940 I Input   : injectMotionEvent: MotionEvent { action=ACTION_MOVE, actionButton=0, id[0]=0, x[0]=500.0, y[0]=407.80005, toolType[0]=TOOL_TYPE_UNKNOWN, buttonState=0, metaState=0, flags=0x0, edgeFlags=0x0, pointerCount=1, historySize=0, eventTime=848392775, downTime=848392775, deviceId=0, source=0x1002 }
08-06 03:39:36.380  6649  6649 I ServiceManager: Waiting for service AtCmdFwd...
08-06 03:39:36.397  7310  7322 I art     : Starting a blocking GC Explicit
08-06 03:39:36.399  8940  8940 I Input   : injectMotionEvent: MotionEvent { action=ACTION_MOVE, actionButton=0, id[0]=0, x[0]=500.0, y[0]=337.5, toolType[0]=TOOL_TYPE_UNKNOWN, buttonState=0, metaState=0, flags=0x0, edgeFlags=0x0, pointerCount=1, historySize=0, eventTime=848392812, downTime=848392812, deviceId=0, source=0x1002 }
08-06 03:39:36.442  8940  8940 I Input   : injectMotionEvent: MotionEvent { action=ACTION_MOVE, actionButton=0, id[0]=0, x[0]=500.0, y[0]=253.8999, toolType[0]=TOOL_TYPE_UNKNOWN, buttonState=0, metaState=0, flags=0x0, edgeFlags=0x0, pointerCount=1, historySize=0, eventTime=848392856, downTime=848392856, deviceId=0, source=0x1002 }
08-06 03:39:36.458  7310  7322 I art     : Explicit concurrent mark sweep GC freed 1664(94KB) AllocSpace objects, 2(36KB) LOS objects, 10% free, 135MB/151MB, paused 1.513ms total 61.016ms
08-06 03:39:36.481  8940  8940 I Input   : injectMotionEvent: MotionEvent { action=ACTION_MOVE, actionButton=0, id[0]=0, x[0]=500.0, y[0]=181.69995, toolType[0]=TOOL_TYPE_UNKNOWN, buttonState=0, metaState=0, flags=0x0, edgeFlags=0x0, pointerCount=1, historySize=0, eventTime=848392894, downTime=848392894, deviceId=0, source=0x1002 }
08-06 03:39:36.482  7310  7322 I art     : Starting a blocking GC Explicit
08-06 03:39:36.517  8940  8940 I Input   : injectMotionEvent: MotionEvent { action=ACTION_MOVE, actionButton=0, id[0]=0, x[0]=500.0, y[0]=113.30005, toolType[0]=TOOL_TYPE_UNKNOWN, buttonState=0, metaState=0, flags=0x0, edgeFlags=0x0, pointerCount=1, historySize=0, eventTime=848392930, downTime=848392930, deviceId=0, source=0x1002 }
08-06 03:39:36.532  7310  7322 I art     : Explicit concurrent mark sweep GC freed 50(1952B) AllocSpace objects, 0(0B) LOS objects, 10% free, 135MB/151MB, paused 1.508ms total 49.536ms
08-06 03:39:36.556  8940  8940 I Input   : injectMotionEvent: MotionEvent { action=ACTION_UP, actionButton=0, id[0]=0, x[0]=500.0, y[0]=100.0, toolType[0]=TOOL_TYPE_UNKNOWN, buttonState=0, metaState=0, flags=0x0, edgeFlags=0x0, pointerCount=1, historySize=0, eventTime=848392969, downTime=848392969, deviceId=0, source=0x1002 }
08-06 03:39:36.556  7310  7322 I art     : Starting a blocking GC Explicit
08-06 03:39:36.593  8940  8940 D AndroidRuntime: Shutting down VM
08-06 03:39:36.606  7310  7322 I art     : Explicit concurrent mark sweep GC freed 31(1616B) AllocSpace objects, 0(0B) LOS objects, 10% free, 135MB/151MB, paused 1.449ms total 49.093ms
08-06 03:39:36.628  7310  7322 I art     : Starting a blocking GC Explicit
08-06 03:39:36.674  7310  7322 I art     : Explicit concurrent mark sweep GC freed 3(96B) AllocSpace objects, 0(0B) LOS objects, 10% free, 135MB/151MB, paused 1.413ms total 45.233ms
08-06 03:39:36.695  7310  7322 I art     : Starting a blocking GC Explicit
08-06 03:39:36.748  7310  7322 I art     : Explicit concurrent mark sweep GC freed 5(176B) AllocSpace objects, 0(0B) LOS objects, 10% free, 135MB/151MB, paused 1.859ms total 53.118ms
08-06 03:39:37.177  7310  7329 I art     : Starting a blocking GC Explicit
08-06 03:39:37.243  7310  7329 I art     : Explicit concurrent mark sweep GC freed 1625(93KB) AllocSpace objects, 2(36KB) LOS objects, 10% free, 135MB/151MB, paused 1.617ms total 64.748ms
08-06 03:39:37.265  7310  7329 I art     : Starting a blocking GC Explicit
08-06 03:39:37.319  7310  7329 I art     : Explicit concurrent mark sweep GC freed 38(1568B) AllocSpace objects, 0(0B) LOS objects, 10% free, 135MB/151MB, paused 1.715ms total 53.402ms
08-06 03:39:37.341  7310  7329 I art     : Starting a blocking GC Explicit
08-06 03:39:37.381  6649  6649 I ServiceManager: Waiting for service AtCmdFwd...
08-06 03:39:37.395  7310  7329 I art     : Explicit concurrent mark sweep GC freed 3(96B) AllocSpace objects, 0(0B) LOS objects, 10% free, 135MB/151MB, paused 1.644ms total 53.649ms
08-06 03:39:37.418  7310  7329 I art     : Starting a blocking GC Explicit
08-06 03:39:37.472  7310  7329 I art     : Explicit concurrent mark sweep GC freed 3(96B) AllocSpace objects, 0(0B) LOS objects, 10% free, 135MB/151MB, paused 1.709ms total 53.500ms
08-06 03:39:37.495  7310  7329 I art     : Starting a blocking GC Explicit
08-06 03:39:37.495  8975  8975 D AndroidRuntime: >>>>>> START com.android.internal.os.RuntimeInit uid 2000 <<<<<<
08-06 03:39:37.501  8975  8975 D AndroidRuntime: CheckJNI is OFF
08-06 03:39:37.548  7310  7329 I art     : Explicit concurrent mark sweep GC freed 3(96B) AllocSpace objects, 0(0B) LOS objects, 10% free, 135MB/151MB, paused 1.741ms total 52.982ms
08-06 03:39:37.552  8975  8975 D ICU     : No timezone override file found: /data/misc/zoneinfo/current/icu/icu_tzdata.dat
08-06 03:39:37.600  8975  8975 I Radio-JNI: register_android_hardware_Radio DONE
08-06 03:39:37.632  8975  8975 D AndroidRuntime: Calling main entry com.android.commands.input.Input
08-06 03:39:37.634  8975  8975 I Input   : injectMotionEvent: MotionEvent { action=ACTION_DOWN, actionButton=0, id[0]=0, x[0]=657.0, y[0]=2080.0, toolType[0]=TOOL_TYPE_UNKNOWN, buttonState=0, metaState=0, flags=0x0, edgeFlags=0x0, pointerCount=1, historySize=0, eventTime=848394046, downTime=848394046, deviceId=0, source=0x1002 }
08-06 03:39:37.639  8975  8975 I Input   : injectMotionEvent: MotionEvent { action=ACTION_UP, actionButton=0, id[0]=0, x[0]=657.0, y[0]=2080.0, toolType[0]=TOOL_TYPE_UNKNOWN, buttonState=0, metaState=0, flags=0x0, edgeFlags=0x0, pointerCount=1, historySize=0, eventTime=848394046, downTime=848394046, deviceId=0, source=0x1002 }
08-06 03:39:37.641  8975  8975 D AndroidRuntime: Shutting down VM
08-06 03:39:37.643   918  6112 I ActivityManager: START u0 {cmp=baseline.io.github.project_travel_mate/.utilities.UpcomingWeekendsActivity} from uid 10696 on display 0
08-06 03:39:37.647   512  2967 D audio_hw_primary: out_set_parameters: enter: usecase(1: low-latency-playback) kvpairs: routing=2
08-06 03:39:37.660   512  2967 D audio_hw_primary: select_devices: out_snd_device(2: speaker) in_snd_device(0: none)
08-06 03:39:37.661   512  2967 D msm8974_platform: platform_send_audio_calibration: sending audio calibration for snd_device(2) acdb_id(15)
08-06 03:39:37.661   512  2967 I soundtrigger: audio_extn_sound_trigger_update_device_status: device 0x2 of type 0 for Event 1
08-06 03:39:37.675   512  2967 D audio_hw_primary: enable_snd_device: snd_device(2: speaker)
08-06 03:39:37.678   512  2967 D audio_hw_primary: enable_audio_route: apply and update mixer path: low-latency-playback speaker
08-06 03:39:37.694  7310  7390 D Gabe    : call	returning from cache
08-06 03:39:37.701  7310  7310 V EXECUTING: https://project-travel-mate.herokuapp.com/api/get-upcoming-holidays/2020
08-06 03:39:37.705  7310  7310 V EXECUTING: https://project-travel-mate.herokuapp.com/api/get-upcoming-holidays/2020
08-06 03:39:37.815 13866 13866 I GoogleInputMethodServic: GoogleInputMethodService.onFinishInput():3138 
08-06 03:39:37.838 13866 13866 I GoogleInputMethodServic: GoogleInputMethodService.onStartInput():1808 
08-06 03:39:37.938   918   936 I ActivityManager: Displayed baseline.io.github.project_travel_mate/.utilities.UpcomingWeekendsActivity: +280ms
08-06 03:39:37.973  7310  7329 I art     : Starting a blocking GC Explicit
08-06 03:39:38.034  7310  7329 I art     : Explicit concurrent mark sweep GC freed 3482(238KB) AllocSpace objects, 2(36KB) LOS objects, 10% free, 139MB/155MB, paused 2.074ms total 60.546ms
08-06 03:39:38.057  7310  7329 I art     : Starting a blocking GC Explicit
08-06 03:39:38.114  7310  7329 I art     : Explicit concurrent mark sweep GC freed 321(12KB) AllocSpace objects, 0(0B) LOS objects, 10% free, 139MB/155MB, paused 2.445ms total 56.652ms
08-06 03:39:38.139  7310  7329 I art     : Starting a blocking GC Explicit
08-06 03:39:38.181   380   380 W SurfaceFlinger: couldn't log to binary event log: overflow.
08-06 03:39:38.193  7310  7329 I art     : Explicit concurrent mark sweep GC freed 126(2272B) AllocSpace objects, 0(0B) LOS objects, 10% free, 139MB/155MB, paused 1.531ms total 54.174ms
08-06 03:39:38.215  7310  7329 I art     : Starting a blocking GC Explicit
08-06 03:39:38.218   512  2967 D audio_hw_primary: disable_audio_route: reset and update mixer path: low-latency-playback speaker
08-06 03:39:38.219   512  2967 D audio_hw_primary: disable_snd_device: snd_device(2: speaker)
08-06 03:39:38.226   512  2967 I soundtrigger: audio_extn_sound_trigger_update_device_status: device 0x2 of type 0 for Event 0
08-06 03:39:38.272  7310  7329 I art     : Explicit concurrent mark sweep GC freed 123(2096B) AllocSpace objects, 0(0B) LOS objects, 10% free, 139MB/155MB, paused 1.955ms total 56.364ms
08-06 03:39:38.297  7310  7329 I art     : Starting a blocking GC Explicit
08-06 03:39:38.355  7310  7329 I art     : Explicit concurrent mark sweep GC freed 2312(152KB) AllocSpace objects, 4(240KB) LOS objects, 10% free, 140MB/156MB, paused 2.766ms total 57.180ms
08-06 03:39:38.381  6649  6649 I ServiceManager: Waiting for service AtCmdFwd...
08-06 03:39:38.452  7310  9000 I NAPPA_EXPERIMENTATION: MetricNetworkRequestExecutionTime: REQUEST_DURATION_SYSTEM='750',REQUEST_DURATION_OKHTTP='42',REQUEST_SYNCHRONOUS='FALSE',RESPONSE_CODE='200',RESPONSE_METHOD='GET',RESPONSE_LENGTH_OKHTTP='6426',RESPONSE_LENGTH_HEADER='6426',REQUEST_PROTOCOL='http/1.1',REQUEST_URL='https://project-travel-mate.herokuapp.com/api/get-upcoming-holidays/2020',
08-06 03:39:38.471  7310  9001 I NAPPA_EXPERIMENTATION: MetricNetworkRequestExecutionTime: REQUEST_DURATION_SYSTEM='765',REQUEST_DURATION_OKHTTP='60',REQUEST_SYNCHRONOUS='FALSE',RESPONSE_CODE='200',RESPONSE_METHOD='GET',RESPONSE_LENGTH_OKHTTP='6426',RESPONSE_LENGTH_HEADER='6426',REQUEST_PROTOCOL='http/1.1',REQUEST_URL='https://project-travel-mate.herokuapp.com/api/get-upcoming-holidays/2020',
08-06 03:39:38.561  7310  7310 V Response: [{"month":"January","date":1,"day":"Wednesday","name":"New Year's Day","type":"Restricted"},{"month":"January","date":2,"day":"Thursday","name":"Guru Govind Singh Jayanti","type":"Restricted"},{"month":"January","date":14,"day":"Tuesday","name":"Lohri","type":"Restricted"},{"month":"January","date":15,"day":"Wednesday","name":"Pongal","type":"Restricted"},{"month":"January","date":15,"day":"Wednesday","name":"Makar Sankranti","type":"Restricted"},{"month":"January","date":25,"day":"Saturday","name":"Chinese New Year","type":"Observance"},{"month":"January","date":26,"day":"Sunday","name":"Republic Day","type":"Gazetted"},{"month":"January","date":30,"day":"Thursday","name":"Vasant Panchami","type":"Restricted"},{"month":"February","date":9,"day":"Sunday","name":"Guru Ravidas Jayanti","type":"Restricted"},{"month":"February","date":14,"day":"Friday","name":"Valentine's Day","type":"Observance"},{"month":"February","date":18,"day":"Tuesday","name":"Maharishi Dayanand Saraswati Jayanti","type":"Restricted"},{"month":"February","date":19,"day":"Wednesday","name":"Shivaji Jayanti","type":"Restricted"},{"month":"February","date":21,"day":"Friday","name":"Maha Shivaratri/Shivaratri","type":"Gazetted"},{"month":"March","date":9,"day":"Monday","name":"Holika Dahana","type":"Restricted"},{"month":"March","date":9,"day":"Monday","name":"Hazarat Ali's Birthday","type":"Restricted"},{"month":"March","date":10,"day":"Tuesday","name":"Holi","type":"Gazetted"},{"month":"March","date":20,"day":"Friday","name":"March Equinox","type":"Season"},{"month":"March","date":25,"day":"Wednesday","name":"Chaitra Sukhladi","type":"Restricted"},{"month":"April","date":2,"day":"Thursday","name":"Rama Navami","type":"Gazetted"},{"month":"April","date":6,"day":"Monday","name":"Mahavir Jayanti","type":"Gazetted"},{"month":"April","date":9,"day":"Thursday","name":"First day of Passover","type":"Observance"},{"month":"April","date":9,"day":"Thursday","name":"Maundy Thursday","type":"Observance,"},{"month":"April","date":10,"day":"Friday","name":"Good Friday","type":"Gazetted"},{"month":"April","date":12,"day":"Sunday","name":"Easter Day","type":"Restricted"},{"month":"April","date":13,"day":"Monday","name":"Vaisakhi","type":"Restricted"},{"month":"April","date":14,"day":"Tuesday","name":"Mesadi/Vaisakhadi","type":"Restricted"},{"month":"April","date":14,"day":"Tuesday","name":"Ambedkar Jayanti","type":"Central"},{"month":"May","date":1,"day":"Friday","name":"May Day","type":"Observance"},{"month":"May","date":7,"day":"Thursday","name":"Buddha Purnima/Vesak","type":"Gazetted"},{"month":"May","date":7,"day":"Thursday","name":"Birthday of Ravindranath","type":"Restricted"},{"month":"May","date":10,"day":"Sunday","name":"Mother's Day","type":"Observance"},{"month":"May","date":22,"day":"Friday","name":"Jamat Ul-Vida","type":"Restricted"},{"month":"May","date":25,"day":"Monday","name":"Ramzan Id/Eid-ul-Fitar","type":"Gazetted"},{"month":"May","date":25,"day":"Monday","name":"Ramzan Id/Eid-ul-Fitar","type":"Muslim,"},{"month":"June","date":21,"day":"Sunday","name":"June Solstice","type":"Season"},{"month":"June","date":21,"day":"Sunday","name":"Father's Day","type":"Observance"},{"month":"June","date":23,"day":"Tuesday","name":"Rath Yatra","type":"Restricted"},{"month":"July","date":5,"day":"Sunday","name":"Guru Purnima","type":"Observance"},{"month":"July","date":31,"day":"Friday","name":"Bakr Id/Eid ul-Adha","type":"Gazetted"},{"month":"August","date":2,"day":"Sunday","name":"Friendship Day","type":"Observance"},{"month":"August","date":3,"day":"Monday","name":"Raksha Bandhan (Rakhi)","type":"Restricted"},{"month":"August","date":11,"day":"Tuesday","name":"Janmashtami (Smarta)","type":"Restricted"},{"month":"August","date":12,"day":"Wednesday","name":"Janmashtami","type":"Gazetted"},{"month":"August","date":15,"day":"Saturday","name":"Independence Day","type":"Gazetted"},{"month":"August","date":16,"day":"Sunday","name":"Parsi New Year","type":"Restricted"},{"month":"August","date":22,"day":"Saturday","name":"Ganesh Chaturthi/Vin
08-06 03:39:38.567  7310  7310 V Response: [{"month":"January","date":1,"day":"Wednesday","name":"New Year's Day","type":"Restricted"},{"month":"January","date":2,"day":"Thursday","name":"Guru Govind Singh Jayanti","type":"Restricted"},{"month":"January","date":14,"day":"Tuesday","name":"Lohri","type":"Restricted"},{"month":"January","date":15,"day":"Wednesday","name":"Pongal","type":"Restricted"},{"month":"January","date":15,"day":"Wednesday","name":"Makar Sankranti","type":"Restricted"},{"month":"January","date":25,"day":"Saturday","name":"Chinese New Year","type":"Observance"},{"month":"January","date":26,"day":"Sunday","name":"Republic Day","type":"Gazetted"},{"month":"January","date":30,"day":"Thursday","name":"Vasant Panchami","type":"Restricted"},{"month":"February","date":9,"day":"Sunday","name":"Guru Ravidas Jayanti","type":"Restricted"},{"month":"February","date":14,"day":"Friday","name":"Valentine's Day","type":"Observance"},{"month":"February","date":18,"day":"Tuesday","name":"Maharishi Dayanand Saraswati Jayanti","type":"Restricted"},{"month":"February","date":19,"day":"Wednesday","name":"Shivaji Jayanti","type":"Restricted"},{"month":"February","date":21,"day":"Friday","name":"Maha Shivaratri/Shivaratri","type":"Gazetted"},{"month":"March","date":9,"day":"Monday","name":"Holika Dahana","type":"Restricted"},{"month":"March","date":9,"day":"Monday","name":"Hazarat Ali's Birthday","type":"Restricted"},{"month":"March","date":10,"day":"Tuesday","name":"Holi","type":"Gazetted"},{"month":"March","date":20,"day":"Friday","name":"March Equinox","type":"Season"},{"month":"March","date":25,"day":"Wednesday","name":"Chaitra Sukhladi","type":"Restricted"},{"month":"April","date":2,"day":"Thursday","name":"Rama Navami","type":"Gazetted"},{"month":"April","date":6,"day":"Monday","name":"Mahavir Jayanti","type":"Gazetted"},{"month":"April","date":9,"day":"Thursday","name":"First day of Passover","type":"Observance"},{"month":"April","date":9,"day":"Thursday","name":"Maundy Thursday","type":"Observance,"},{"month":"April","date":10,"day":"Friday","name":"Good Friday","type":"Gazetted"},{"month":"April","date":12,"day":"Sunday","name":"Easter Day","type":"Restricted"},{"month":"April","date":13,"day":"Monday","name":"Vaisakhi","type":"Restricted"},{"month":"April","date":14,"day":"Tuesday","name":"Mesadi/Vaisakhadi","type":"Restricted"},{"month":"April","date":14,"day":"Tuesday","name":"Ambedkar Jayanti","type":"Central"},{"month":"May","date":1,"day":"Friday","name":"May Day","type":"Observance"},{"month":"May","date":7,"day":"Thursday","name":"Buddha Purnima/Vesak","type":"Gazetted"},{"month":"May","date":7,"day":"Thursday","name":"Birthday of Ravindranath","type":"Restricted"},{"month":"May","date":10,"day":"Sunday","name":"Mother's Day","type":"Observance"},{"month":"May","date":22,"day":"Friday","name":"Jamat Ul-Vida","type":"Restricted"},{"month":"May","date":25,"day":"Monday","name":"Ramzan Id/Eid-ul-Fitar","type":"Gazetted"},{"month":"May","date":25,"day":"Monday","name":"Ramzan Id/Eid-ul-Fitar","type":"Muslim,"},{"month":"June","date":21,"day":"Sunday","name":"June Solstice","type":"Season"},{"month":"June","date":21,"day":"Sunday","name":"Father's Day","type":"Observance"},{"month":"June","date":23,"day":"Tuesday","name":"Rath Yatra","type":"Restricted"},{"month":"July","date":5,"day":"Sunday","name":"Guru Purnima","type":"Observance"},{"month":"July","date":31,"day":"Friday","name":"Bakr Id/Eid ul-Adha","type":"Gazetted"},{"month":"August","date":2,"day":"Sunday","name":"Friendship Day","type":"Observance"},{"month":"August","date":3,"day":"Monday","name":"Raksha Bandhan (Rakhi)","type":"Restricted"},{"month":"August","date":11,"day":"Tuesday","name":"Janmashtami (Smarta)","type":"Restricted"},{"month":"August","date":12,"day":"Wednesday","name":"Janmashtami","type":"Gazetted"},{"month":"August","date":15,"day":"Saturday","name":"Independence Day","type":"Gazetted"},{"month":"August","date":16,"day":"Sunday","name":"Parsi New Year","type":"Restricted"},{"month":"August","date":22,"day":"Saturday","name":"Ganesh Chaturthi/Vin
08-06 03:39:38.760  7310  7581 I art     : Starting a blocking GC Explicit
08-06 03:39:38.823  7310  7581 I art     : Explicit concurrent mark sweep GC freed 16169(827KB) AllocSpace objects, 8(4MB) LOS objects, 10% free, 136MB/152MB, paused 1.997ms total 62.026ms
08-06 03:39:38.845  7310  7581 I art     : Starting a blocking GC Explicit
08-06 03:39:38.904  7310  7581 I art     : Explicit concurrent mark sweep GC freed 591(27KB) AllocSpace objects, 0(0B) LOS objects, 10% free, 136MB/152MB, paused 1.806ms total 57.946ms
08-06 03:39:38.928  7310  7581 I art     : Starting a blocking GC Explicit
08-06 03:39:38.988  7310  7581 I art     : Explicit concurrent mark sweep GC freed 123(2096B) AllocSpace objects, 0(0B) LOS objects, 10% free, 136MB/152MB, paused 1.901ms total 59.977ms
08-06 03:39:39.012  7310  7581 I art     : Starting a blocking GC Explicit
08-06 03:39:39.075  7310  7581 I art     : Explicit concurrent mark sweep GC freed 164(3KB) AllocSpace objects, 0(0B) LOS objects, 10% free, 136MB/152MB, paused 1.977ms total 62.439ms
08-06 03:39:39.098  7310  7581 I art     : Starting a blocking GC Explicit
08-06 03:39:39.155  7310  7581 I art     : Explicit concurrent mark sweep GC freed 141(3056B) AllocSpace objects, 0(0B) LOS objects, 10% free, 136MB/152MB, paused 1.640ms total 56.317ms
08-06 03:39:39.382  6649  6649 I ServiceManager: Waiting for service AtCmdFwd...
08-06 03:39:39.601  7310  7322 I art     : Starting a blocking GC Explicit
08-06 03:39:39.664  7310  7322 I art     : Explicit concurrent mark sweep GC freed 2304(103KB) AllocSpace objects, 2(36KB) LOS objects, 10% free, 136MB/152MB, paused 1.696ms total 62.086ms
08-06 03:39:39.688  7310  7322 I art     : Starting a blocking GC Explicit
08-06 03:39:39.748  7310  7322 I art     : Explicit concurrent mark sweep GC freed 148(3024B) AllocSpace objects, 0(0B) LOS objects, 10% free, 136MB/152MB, paused 1.666ms total 59.854ms
08-06 03:39:39.774  7310  7322 I art     : Starting a blocking GC Explicit
08-06 03:39:39.832  7310  7322 I art     : Explicit concurrent mark sweep GC freed 123(2096B) AllocSpace objects, 0(0B) LOS objects, 10% free, 136MB/152MB, paused 1.685ms total 58.004ms
08-06 03:39:39.856  7310  7322 I art     : Starting a blocking GC Explicit
08-06 03:39:39.917  7310  7322 I art     : Explicit concurrent mark sweep GC freed 123(2096B) AllocSpace objects, 0(0B) LOS objects, 10% free, 136MB/152MB, paused 1.630ms total 61.401ms
08-06 03:39:39.942  7310  7322 I art     : Starting a blocking GC Explicit
08-06 03:39:40.003  7310  7322 I art     : Explicit concurrent mark sweep GC freed 123(2096B) AllocSpace objects, 0(0B) LOS objects, 10% free, 136MB/152MB, paused 2.035ms total 60.927ms
08-06 03:39:40.226   518   646 I ThermalEngine: ACTION: GPU - Setting GPU[0] to 450000000
08-06 03:39:40.382  6649  6649 I ServiceManager: Waiting for service AtCmdFwd...
08-06 03:39:40.396  7310  8254 I art     : Starting a blocking GC Explicit
08-06 03:39:40.450  7310  8254 I art     : Explicit concurrent mark sweep GC freed 2274(104KB) AllocSpace objects, 2(36KB) LOS objects, 10% free, 136MB/152MB, paused 1.154ms total 52.947ms
08-06 03:39:40.471  7310  8254 I art     : Starting a blocking GC Explicit
08-06 03:39:40.522  7310  8254 I art     : Explicit concurrent mark sweep GC freed 157(3KB) AllocSpace objects, 0(0B) LOS objects, 10% free, 136MB/152MB, paused 1.230ms total 50.445ms
08-06 03:39:40.540  7310  8254 I art     : Starting a blocking GC Explicit
08-06 03:39:40.558   918  3188 I hubconnection: sensorhub said: 'set_bias 3: -5.1552, 0.0000, 0.0000'
08-06 03:39:40.588  7310  8254 I art     : Explicit concurrent mark sweep GC freed 99(1696B) AllocSpace objects, 0(0B) LOS objects, 10% free, 136MB/152MB, paused 1.219ms total 47.653ms
08-06 03:39:40.606  7310  8254 I art     : Starting a blocking GC Explicit
08-06 03:39:40.657  7310  8254 I art     : Explicit concurrent mark sweep GC freed 92(1584B) AllocSpace objects, 0(0B) LOS objects, 10% free, 136MB/152MB, paused 1.167ms total 50.669ms
08-06 03:39:40.675  7310  8254 I art     : Starting a blocking GC Explicit
08-06 03:39:40.724  7310  8254 I art     : Explicit concurrent mark sweep GC freed 106(1808B) AllocSpace objects, 0(0B) LOS objects, 10% free, 136MB/152MB, paused 1.180ms total 49.149ms
08-06 03:39:41.119  7310  7323 I art     : Starting a blocking GC Explicit
08-06 03:39:41.198  7310  7323 I art     : Explicit concurrent mark sweep GC freed 2290(103KB) AllocSpace objects, 2(36KB) LOS objects, 10% free, 136MB/152MB, paused 1.611ms total 78.698ms
08-06 03:39:41.219  7310  7323 I art     : Starting a blocking GC Explicit
08-06 03:39:41.267  7310  7323 I art     : Explicit concurrent mark sweep GC freed 134(3KB) AllocSpace objects, 0(0B) LOS objects, 10% free, 136MB/152MB, paused 1.087ms total 46.915ms
08-06 03:39:41.285  7310  7323 I art     : Starting a blocking GC Explicit
08-06 03:39:41.337  7310  7323 I art     : Explicit concurrent mark sweep GC freed 113(2112B) AllocSpace objects, 0(0B) LOS objects, 10% free, 136MB/152MB, paused 1.231ms total 52.036ms
08-06 03:39:41.355  7310  7323 I art     : Starting a blocking GC Explicit
08-06 03:39:41.382  6649  6649 W Atfwd_Sendcmd: AtCmdFwd service not published, waiting... retryCnt : 5
08-06 03:39:41.407  7310  7323 I art     : Explicit concurrent mark sweep GC freed 122(2080B) AllocSpace objects, 0(0B) LOS objects, 10% free, 136MB/152MB, paused 1.171ms total 51.774ms
08-06 03:39:41.428  7310  7323 I art     : Starting a blocking GC Explicit
08-06 03:39:41.477  7310  7323 I art     : Explicit concurrent mark sweep GC freed 100(1728B) AllocSpace objects, 0(0B) LOS objects, 10% free, 136MB/152MB, paused 1.081ms total 48.607ms
08-06 03:39:41.887  7310  7329 I art     : Starting a blocking GC Explicit
08-06 03:39:41.937  7310  7329 I art     : Explicit concurrent mark sweep GC freed 2229(102KB) AllocSpace objects, 2(36KB) LOS objects, 10% free, 136MB/152MB, paused 1.092ms total 49.540ms
08-06 03:39:41.955  7310  7329 I art     : Starting a blocking GC Explicit
08-06 03:39:41.996  7310  7329 I art     : Explicit concurrent mark sweep GC freed 125(2656B) AllocSpace objects, 0(0B) LOS objects, 10% free, 136MB/152MB, paused 1.041ms total 41.352ms
08-06 03:39:42.013  7310  7329 I art     : Starting a blocking GC Explicit
08-06 03:39:42.054  7310  7329 I art     : Explicit concurrent mark sweep GC freed 111(2352B) AllocSpace objects, 0(0B) LOS objects, 10% free, 136MB/152MB, paused 1.013ms total 41.005ms
08-06 03:39:42.071  7310  7329 I art     : Starting a blocking GC Explicit
08-06 03:39:42.112  7310  7329 I art     : Explicit concurrent mark sweep GC freed 116(2672B) AllocSpace objects, 0(0B) LOS objects, 10% free, 136MB/152MB, paused 1.036ms total 40.983ms
08-06 03:39:42.129  7310  7329 I art     : Starting a blocking GC Explicit
08-06 03:39:42.171  7310  7329 I art     : Explicit concurrent mark sweep GC freed 82(1408B) AllocSpace objects, 0(0B) LOS objects, 10% free, 136MB/152MB, paused 1.224ms total 42.251ms
08-06 03:39:42.414  9064  9064 D AndroidRuntime: >>>>>> START com.android.internal.os.RuntimeInit uid 2000 <<<<<<
08-06 03:39:42.420  9064  9064 D AndroidRuntime: CheckJNI is OFF
08-06 03:39:42.464  9064  9064 D ICU     : No timezone override file found: /data/misc/zoneinfo/current/icu/icu_tzdata.dat
08-06 03:39:42.506  9064  9064 I Radio-JNI: register_android_hardware_Radio DONE
08-06 03:39:42.534  9064  9064 D AndroidRuntime: Calling main entry com.android.commands.input.Input
08-06 03:39:42.536  9064  9064 I Input   : injectKeyEvent: KeyEvent { action=ACTION_DOWN, keyCode=KEYCODE_BACK, scanCode=0, metaState=0, flags=0x0, repeatCount=0, eventTime=848398949, downTime=848398949, deviceId=-1, source=0x101 }
08-06 03:39:42.542  9064  9064 I Input   : injectKeyEvent: KeyEvent { action=ACTION_UP, keyCode=KEYCODE_BACK, scanCode=0, metaState=0, flags=0x0, repeatCount=0, eventTime=848398949, downTime=848398949, deviceId=-1, source=0x101 }
08-06 03:39:42.548  9064  9064 D AndroidRuntime: Shutting down VM
08-06 03:39:42.557  7310  7310 V MainActivity: url = https://project-travel-mate.herokuapp.com/api/number-of-unread-notifications
08-06 03:39:42.588 13866 13866 I GoogleInputMethodServic: GoogleInputMethodService.onFinishInput():3138 
08-06 03:39:42.588 13866 13866 I GoogleInputMethodServic: GoogleInputMethodService.onStartInput():1808 
08-06 03:39:42.596  7310  7323 I art     : Starting a blocking GC Explicit
08-06 03:39:42.645  7310  7323 I art     : Explicit concurrent mark sweep GC freed 2622(120KB) AllocSpace objects, 2(36KB) LOS objects, 10% free, 136MB/152MB, paused 1.400ms total 48.198ms
08-06 03:39:42.662  7310  7323 I art     : Starting a blocking GC Explicit
08-06 03:39:42.707  7310  7323 I art     : Explicit concurrent mark sweep GC freed 165(5KB) AllocSpace objects, 0(0B) LOS objects, 10% free, 136MB/152MB, paused 1.135ms total 44.963ms
08-06 03:39:42.724  7310  7323 I art     : Starting a blocking GC Explicit
08-06 03:39:42.767  7310  7323 I art     : Explicit concurrent mark sweep GC freed 80(1440B) AllocSpace objects, 0(0B) LOS objects, 10% free, 136MB/152MB, paused 1.188ms total 42.274ms
08-06 03:39:42.784  7310  7323 I art     : Starting a blocking GC Explicit
08-06 03:39:42.830  7310  7323 I art     : Explicit concurrent mark sweep GC freed 118(2784B) AllocSpace objects, 0(0B) LOS objects, 10% free, 136MB/152MB, paused 1.230ms total 46.163ms
08-06 03:39:42.850  7310  7323 I art     : Starting a blocking GC Explicit
08-06 03:39:42.906  7310  7323 I art     : Explicit concurrent mark sweep GC freed 125(2192B) AllocSpace objects, 0(0B) LOS objects, 10% free, 136MB/152MB, paused 1.217ms total 55.946ms
08-06 03:39:42.919   380   380 W SurfaceFlinger: couldn't log to binary event log: overflow.
08-06 03:39:43.298  7310  8254 I art     : Starting a blocking GC Explicit
08-06 03:39:43.372  7310  8254 I art     : Explicit concurrent mark sweep GC freed 2710(167KB) AllocSpace objects, 5(344KB) LOS objects, 10% free, 136MB/152MB, paused 1.967ms total 73.405ms
08-06 03:39:43.395  7310  8254 I art     : Starting a blocking GC Explicit
08-06 03:39:43.420  7310  9088 I NAPPA_EXPERIMENTATION: MetricNetworkRequestExecutionTime: REQUEST_DURATION_SYSTEM='862',REQUEST_DURATION_OKHTTP='33',REQUEST_SYNCHRONOUS='FALSE',RESPONSE_CODE='200',RESPONSE_METHOD='GET',RESPONSE_LENGTH_OKHTTP='36',RESPONSE_LENGTH_HEADER='36',REQUEST_PROTOCOL='http/1.1',REQUEST_URL='https://project-travel-mate.herokuapp.com/api/number-of-unread-notifications',
08-06 03:39:43.439  7310  8254 I art     : Explicit concurrent mark sweep GC freed 9063(528KB) AllocSpace objects, 14(344KB) LOS objects, 10% free, 135MB/151MB, paused 1.203ms total 43.146ms
08-06 03:39:43.456  7310  8254 I art     : Starting a blocking GC Explicit
08-06 03:39:43.502  7310  8254 I art     : Explicit concurrent mark sweep GC freed 221(21KB) AllocSpace objects, 0(0B) LOS objects, 10% free, 135MB/151MB, paused 1.156ms total 45.425ms
08-06 03:39:43.519  7310  8254 I art     : Starting a blocking GC Explicit
08-06 03:39:43.565  7310  8254 I art     : Explicit concurrent mark sweep GC freed 86(3KB) AllocSpace objects, 0(0B) LOS objects, 10% free, 135MB/151MB, paused 1.172ms total 45.705ms
08-06 03:39:43.583  7310  8254 I art     : Starting a blocking GC Explicit
08-06 03:39:43.629  7310  8254 I art     : Explicit concurrent mark sweep GC freed 3(96B) AllocSpace objects, 0(0B) LOS objects, 10% free, 135MB/151MB, paused 1.214ms total 46.006ms
08-06 03:39:44.017  7310  7329 I art     : Starting a blocking GC Explicit
08-06 03:39:44.066  7310  7329 I art     : Explicit concurrent mark sweep GC freed 1582(91KB) AllocSpace objects, 2(36KB) LOS objects, 10% free, 135MB/151MB, paused 1.161ms total 48.640ms
08-06 03:39:44.083  7310  7329 I art     : Starting a blocking GC Explicit
08-06 03:39:44.130  7310  7329 I art     : Explicit concurrent mark sweep GC freed 59(1856B) AllocSpace objects, 0(0B) LOS objects, 10% free, 135MB/151MB, paused 1.200ms total 46.586ms
08-06 03:39:44.148  7310  7329 I art     : Starting a blocking GC Explicit
08-06 03:39:44.194  7310  7329 I art     : Explicit concurrent mark sweep GC freed 4(128B) AllocSpace objects, 0(0B) LOS objects, 10% free, 135MB/151MB, paused 1.110ms total 46.112ms
08-06 03:39:44.212  7310  7329 I art     : Starting a blocking GC Explicit
08-06 03:39:44.254  7310  7329 I art     : Explicit concurrent mark sweep GC freed 6(192B) AllocSpace objects, 0(0B) LOS objects, 10% free, 135MB/151MB, paused 1.101ms total 41.493ms
08-06 03:39:44.272  7310  7329 I art     : Starting a blocking GC Explicit
08-06 03:39:44.314  7310  7329 I art     : Explicit concurrent mark sweep GC freed 5(160B) AllocSpace objects, 0(0B) LOS objects, 10% free, 135MB/151MB, paused 1.076ms total 42.024ms
08-06 03:39:44.326  9102  9102 D AndroidRuntime: >>>>>> START com.android.internal.os.RuntimeInit uid 2000 <<<<<<
08-06 03:39:44.331  9102  9102 D AndroidRuntime: CheckJNI is OFF
08-06 03:39:44.370  9102  9102 D ICU     : No timezone override file found: /data/misc/zoneinfo/current/icu/icu_tzdata.dat
08-06 03:39:44.410  9102  9102 I Radio-JNI: register_android_hardware_Radio DONE
08-06 03:39:44.439  9102  9102 D AndroidRuntime: Calling main entry com.android.commands.input.Input
08-06 03:39:44.441  9102  9102 I Input   : injectMotionEvent: MotionEvent { action=ACTION_DOWN, actionButton=0, id[0]=0, x[0]=657.0, y[0]=2080.0, toolType[0]=TOOL_TYPE_UNKNOWN, buttonState=0, metaState=0, flags=0x0, edgeFlags=0x0, pointerCount=1, historySize=0, eventTime=848400854, downTime=848400854, deviceId=0, source=0x1002 }
08-06 03:39:44.476  9102  9102 I Input   : injectMotionEvent: MotionEvent { action=ACTION_UP, actionButton=0, id[0]=0, x[0]=657.0, y[0]=2080.0, toolType[0]=TOOL_TYPE_UNKNOWN, buttonState=0, metaState=0, flags=0x0, edgeFlags=0x0, pointerCount=1, historySize=0, eventTime=848400854, downTime=848400854, deviceId=0, source=0x1002 }
08-06 03:39:44.514  9102  9102 D AndroidRuntime: Shutting down VM
08-06 03:39:44.514   918   928 I ActivityManager: START u0 {cmp=baseline.io.github.project_travel_mate/.utilities.UpcomingWeekendsActivity} from uid 10696 on display 0
08-06 03:39:44.516   512  2967 D audio_hw_primary: out_set_parameters: enter: usecase(1: low-latency-playback) kvpairs: routing=2
08-06 03:39:44.528   512  2967 D audio_hw_primary: select_devices: out_snd_device(2: speaker) in_snd_device(0: none)
08-06 03:39:44.529   512  2967 D msm8974_platform: platform_send_audio_calibration: sending audio calibration for snd_device(2) acdb_id(15)
08-06 03:39:44.529   512  2967 I soundtrigger: audio_extn_sound_trigger_update_device_status: device 0x2 of type 0 for Event 1
08-06 03:39:44.540   512  2967 D audio_hw_primary: enable_snd_device: snd_device(2: speaker)
08-06 03:39:44.542   512  2967 D audio_hw_primary: enable_audio_route: apply and update mixer path: low-latency-playback speaker
08-06 03:39:44.549  7310  7390 D Gabe    : call	returning from cache
08-06 03:39:44.551  7310  7310 V EXECUTING: https://project-travel-mate.herokuapp.com/api/get-upcoming-holidays/2020
08-06 03:39:44.554  7310  7310 V EXECUTING: https://project-travel-mate.herokuapp.com/api/get-upcoming-holidays/2020
08-06 03:39:44.651 13866 13866 I GoogleInputMethodServic: GoogleInputMethodService.onFinishInput():3138 
08-06 03:39:44.652 13866 13866 I GoogleInputMethodServic: GoogleInputMethodService.onStartInput():1808 
08-06 03:39:44.682  7310  7322 I art     : Starting a blocking GC Explicit
08-06 03:39:44.727  7310  7322 I art     : Explicit concurrent mark sweep GC freed 3241(188KB) AllocSpace objects, 2(36KB) LOS objects, 10% free, 140MB/156MB, paused 1.343ms total 45.140ms
08-06 03:39:44.746  7310  7322 I art     : Starting a blocking GC Explicit
08-06 03:39:44.751   918   936 I ActivityManager: Displayed baseline.io.github.project_travel_mate/.utilities.UpcomingWeekendsActivity: +228ms
08-06 03:39:44.789  7310  7322 I art     : Explicit concurrent mark sweep GC freed 336(13KB) AllocSpace objects, 0(0B) LOS objects, 10% free, 140MB/156MB, paused 1.383ms total 43.016ms
08-06 03:39:44.807  7310  7322 I art     : Starting a blocking GC Explicit
08-06 03:39:44.852  7310  7322 I art     : Explicit concurrent mark sweep GC freed 72(1216B) AllocSpace objects, 0(0B) LOS objects, 10% free, 140MB/156MB, paused 1.707ms total 44.485ms
08-06 03:39:44.870  7310  7322 I art     : Starting a blocking GC Explicit
08-06 03:39:44.914  7310  7322 I art     : Explicit concurrent mark sweep GC freed 71(1344B) AllocSpace objects, 0(0B) LOS objects, 10% free, 140MB/156MB, paused 1.140ms total 43.583ms
08-06 03:39:44.931  7310  7322 I art     : Starting a blocking GC Explicit
08-06 03:39:44.974  7310  7322 I art     : Explicit concurrent mark sweep GC freed 76(1312B) AllocSpace objects, 0(0B) LOS objects, 10% free, 140MB/156MB, paused 1.578ms total 42.655ms
08-06 03:39:45.005   380   380 W SurfaceFlinger: couldn't log to binary event log: overflow.
08-06 03:39:45.080   512  2967 D audio_hw_primary: disable_audio_route: reset and update mixer path: low-latency-playback speaker
08-06 03:39:45.083   512  2967 D audio_hw_primary: disable_snd_device: snd_device(2: speaker)
08-06 03:39:45.092   512  2967 I soundtrigger: audio_extn_sound_trigger_update_device_status: device 0x2 of type 0 for Event 0
08-06 03:39:45.362  7310  7329 I art     : Starting a blocking GC Explicit
08-06 03:39:45.407  7310  7329 I art     : Explicit concurrent mark sweep GC freed 3878(229KB) AllocSpace objects, 6(276KB) LOS objects, 10% free, 140MB/156MB, paused 1.990ms total 44.453ms
08-06 03:39:45.424  7310  7329 I art     : Starting a blocking GC Explicit
08-06 03:39:45.465  7310  9135 I NAPPA_EXPERIMENTATION: MetricNetworkRequestExecutionTime: REQUEST_DURATION_SYSTEM='910',REQUEST_DURATION_OKHTTP='36',REQUEST_SYNCHRONOUS='FALSE',RESPONSE_CODE='200',RESPONSE_METHOD='GET',RESPONSE_LENGTH_OKHTTP='6426',RESPONSE_LENGTH_HEADER='6426',REQUEST_PROTOCOL='http/1.1',REQUEST_URL='https://project-travel-mate.herokuapp.com/api/get-upcoming-holidays/2020',
08-06 03:39:45.470  7310  7329 I art     : Explicit concurrent mark sweep GC freed 4605(256KB) AllocSpace objects, 3(176KB) LOS objects, 10% free, 140MB/156MB, paused 1.498ms total 45.771ms
08-06 03:39:45.487  7310  7329 I art     : Starting a blocking GC Explicit
08-06 03:39:45.488  7310  9134 I NAPPA_EXPERIMENTATION: MetricNetworkRequestExecutionTime: REQUEST_DURATION_SYSTEM='936',REQUEST_DURATION_OKHTTP='59',REQUEST_SYNCHRONOUS='FALSE',RESPONSE_CODE='200',RESPONSE_METHOD='GET',RESPONSE_LENGTH_OKHTTP='6426',RESPONSE_LENGTH_HEADER='6426',REQUEST_PROTOCOL='http/1.1',REQUEST_URL='https://project-travel-mate.herokuapp.com/api/get-upcoming-holidays/2020',
08-06 03:39:45.530  7310  7329 I art     : Explicit concurrent mark sweep GC freed 1246(142KB) AllocSpace objects, 2(32KB) LOS objects, 10% free, 140MB/156MB, paused 1.335ms total 42.607ms
08-06 03:39:45.547  7310  7329 I art     : Starting a blocking GC Explicit
08-06 03:39:45.573  7310  7310 V Response: [{"month":"January","date":1,"day":"Wednesday","name":"New Year's Day","type":"Restricted"},{"month":"January","date":2,"day":"Thursday","name":"Guru Govind Singh Jayanti","type":"Restricted"},{"month":"January","date":14,"day":"Tuesday","name":"Lohri","type":"Restricted"},{"month":"January","date":15,"day":"Wednesday","name":"Pongal","type":"Restricted"},{"month":"January","date":15,"day":"Wednesday","name":"Makar Sankranti","type":"Restricted"},{"month":"January","date":25,"day":"Saturday","name":"Chinese New Year","type":"Observance"},{"month":"January","date":26,"day":"Sunday","name":"Republic Day","type":"Gazetted"},{"month":"January","date":30,"day":"Thursday","name":"Vasant Panchami","type":"Restricted"},{"month":"February","date":9,"day":"Sunday","name":"Guru Ravidas Jayanti","type":"Restricted"},{"month":"February","date":14,"day":"Friday","name":"Valentine's Day","type":"Observance"},{"month":"February","date":18,"day":"Tuesday","name":"Maharishi Dayanand Saraswati Jayanti","type":"Restricted"},{"month":"February","date":19,"day":"Wednesday","name":"Shivaji Jayanti","type":"Restricted"},{"month":"February","date":21,"day":"Friday","name":"Maha Shivaratri/Shivaratri","type":"Gazetted"},{"month":"March","date":9,"day":"Monday","name":"Holika Dahana","type":"Restricted"},{"month":"March","date":9,"day":"Monday","name":"Hazarat Ali's Birthday","type":"Restricted"},{"month":"March","date":10,"day":"Tuesday","name":"Holi","type":"Gazetted"},{"month":"March","date":20,"day":"Friday","name":"March Equinox","type":"Season"},{"month":"March","date":25,"day":"Wednesday","name":"Chaitra Sukhladi","type":"Restricted"},{"month":"April","date":2,"day":"Thursday","name":"Rama Navami","type":"Gazetted"},{"month":"April","date":6,"day":"Monday","name":"Mahavir Jayanti","type":"Gazetted"},{"month":"April","date":9,"day":"Thursday","name":"First day of Passover","type":"Observance"},{"month":"April","date":9,"day":"Thursday","name":"Maundy Thursday","type":"Observance,"},{"month":"April","date":10,"day":"Friday","name":"Good Friday","type":"Gazetted"},{"month":"April","date":12,"day":"Sunday","name":"Easter Day","type":"Restricted"},{"month":"April","date":13,"day":"Monday","name":"Vaisakhi","type":"Restricted"},{"month":"April","date":14,"day":"Tuesday","name":"Mesadi/Vaisakhadi","type":"Restricted"},{"month":"April","date":14,"day":"Tuesday","name":"Ambedkar Jayanti","type":"Central"},{"month":"May","date":1,"day":"Friday","name":"May Day","type":"Observance"},{"month":"May","date":7,"day":"Thursday","name":"Buddha Purnima/Vesak","type":"Gazetted"},{"month":"May","date":7,"day":"Thursday","name":"Birthday of Ravindranath","type":"Restricted"},{"month":"May","date":10,"day":"Sunday","name":"Mother's Day","type":"Observance"},{"month":"May","date":22,"day":"Friday","name":"Jamat Ul-Vida","type":"Restricted"},{"month":"May","date":25,"day":"Monday","name":"Ramzan Id/Eid-ul-Fitar","type":"Gazetted"},{"month":"May","date":25,"day":"Monday","name":"Ramzan Id/Eid-ul-Fitar","type":"Muslim,"},{"month":"June","date":21,"day":"Sunday","name":"June Solstice","type":"Season"},{"month":"June","date":21,"day":"Sunday","name":"Father's Day","type":"Observance"},{"month":"June","date":23,"day":"Tuesday","name":"Rath Yatra","type":"Restricted"},{"month":"July","date":5,"day":"Sunday","name":"Guru Purnima","type":"Observance"},{"month":"July","date":31,"day":"Friday","name":"Bakr Id/Eid ul-Adha","type":"Gazetted"},{"month":"August","date":2,"day":"Sunday","name":"Friendship Day","type":"Observance"},{"month":"August","date":3,"day":"Monday","name":"Raksha Bandhan (Rakhi)","type":"Restricted"},{"month":"August","date":11,"day":"Tuesday","name":"Janmashtami (Smarta)","type":"Restricted"},{"month":"August","date":12,"day":"Wednesday","name":"Janmashtami","type":"Gazetted"},{"month":"August","date":15,"day":"Saturday","name":"Independence Day","type":"Gazetted"},{"month":"August","date":16,"day":"Sunday","name":"Parsi New Year","type":"Restricted"},{"month":"August","date":22,"day":"Saturday","name":"Ganesh Chaturthi/Vin
08-06 03:39:45.577  7310  7310 V Response: [{"month":"January","date":1,"day":"Wednesday","name":"New Year's Day","type":"Restricted"},{"month":"January","date":2,"day":"Thursday","name":"Guru Govind Singh Jayanti","type":"Restricted"},{"month":"January","date":14,"day":"Tuesday","name":"Lohri","type":"Restricted"},{"month":"January","date":15,"day":"Wednesday","name":"Pongal","type":"Restricted"},{"month":"January","date":15,"day":"Wednesday","name":"Makar Sankranti","type":"Restricted"},{"month":"January","date":25,"day":"Saturday","name":"Chinese New Year","type":"Observance"},{"month":"January","date":26,"day":"Sunday","name":"Republic Day","type":"Gazetted"},{"month":"January","date":30,"day":"Thursday","name":"Vasant Panchami","type":"Restricted"},{"month":"February","date":9,"day":"Sunday","name":"Guru Ravidas Jayanti","type":"Restricted"},{"month":"February","date":14,"day":"Friday","name":"Valentine's Day","type":"Observance"},{"month":"February","date":18,"day":"Tuesday","name":"Maharishi Dayanand Saraswati Jayanti","type":"Restricted"},{"month":"February","date":19,"day":"Wednesday","name":"Shivaji Jayanti","type":"Restricted"},{"month":"February","date":21,"day":"Friday","name":"Maha Shivaratri/Shivaratri","type":"Gazetted"},{"month":"March","date":9,"day":"Monday","name":"Holika Dahana","type":"Restricted"},{"month":"March","date":9,"day":"Monday","name":"Hazarat Ali's Birthday","type":"Restricted"},{"month":"March","date":10,"day":"Tuesday","name":"Holi","type":"Gazetted"},{"month":"March","date":20,"day":"Friday","name":"March Equinox","type":"Season"},{"month":"March","date":25,"day":"Wednesday","name":"Chaitra Sukhladi","type":"Restricted"},{"month":"April","date":2,"day":"Thursday","name":"Rama Navami","type":"Gazetted"},{"month":"April","date":6,"day":"Monday","name":"Mahavir Jayanti","type":"Gazetted"},{"month":"April","date":9,"day":"Thursday","name":"First day of Passover","type":"Observance"},{"month":"April","date":9,"day":"Thursday","name":"Maundy Thursday","type":"Observance,"},{"month":"April","date":10,"day":"Friday","name":"Good Friday","type":"Gazetted"},{"month":"April","date":12,"day":"Sunday","name":"Easter Day","type":"Restricted"},{"month":"April","date":13,"day":"Monday","name":"Vaisakhi","type":"Restricted"},{"month":"April","date":14,"day":"Tuesday","name":"Mesadi/Vaisakhadi","type":"Restricted"},{"month":"April","date":14,"day":"Tuesday","name":"Ambedkar Jayanti","type":"Central"},{"month":"May","date":1,"day":"Friday","name":"May Day","type":"Observance"},{"month":"May","date":7,"day":"Thursday","name":"Buddha Purnima/Vesak","type":"Gazetted"},{"month":"May","date":7,"day":"Thursday","name":"Birthday of Ravindranath","type":"Restricted"},{"month":"May","date":10,"day":"Sunday","name":"Mother's Day","type":"Observance"},{"month":"May","date":22,"day":"Friday","name":"Jamat Ul-Vida","type":"Restricted"},{"month":"May","date":25,"day":"Monday","name":"Ramzan Id/Eid-ul-Fitar","type":"Gazetted"},{"month":"May","date":25,"day":"Monday","name":"Ramzan Id/Eid-ul-Fitar","type":"Muslim,"},{"month":"June","date":21,"day":"Sunday","name":"June Solstice","type":"Season"},{"month":"June","date":21,"day":"Sunday","name":"Father's Day","type":"Observance"},{"month":"June","date":23,"day":"Tuesday","name":"Rath Yatra","type":"Restricted"},{"month":"July","date":5,"day":"Sunday","name":"Guru Purnima","type":"Observance"},{"month":"July","date":31,"day":"Friday","name":"Bakr Id/Eid ul-Adha","type":"Gazetted"},{"month":"August","date":2,"day":"Sunday","name":"Friendship Day","type":"Observance"},{"month":"August","date":3,"day":"Monday","name":"Raksha Bandhan (Rakhi)","type":"Restricted"},{"month":"August","date":11,"day":"Tuesday","name":"Janmashtami (Smarta)","type":"Restricted"},{"month":"August","date":12,"day":"Wednesday","name":"Janmashtami","type":"Gazetted"},{"month":"August","date":15,"day":"Saturday","name":"Independence Day","type":"Gazetted"},{"month":"August","date":16,"day":"Sunday","name":"Parsi New Year","type":"Restricted"},{"month":"August","date":22,"day":"Saturday","name":"Ganesh Chaturthi/Vin
08-06 03:39:45.591  7310  7329 I art     : Explicit concurrent mark sweep GC freed 5651(204KB) AllocSpace objects, 0(0B) LOS objects, 10% free, 140MB/156MB, paused 1.620ms total 43.936ms
08-06 03:39:45.608  7310  7329 I art     : Starting a blocking GC Explicit
08-06 03:39:45.654  7310  7329 I art     : Explicit concurrent mark sweep GC freed 3558(130KB) AllocSpace objects, 0(0B) LOS objects, 10% free, 141MB/157MB, paused 1.141ms total 46.160ms
08-06 03:39:46.043  7310  7323 I art     : Starting a blocking GC Explicit
08-06 03:39:46.101  7310  7323 I art     : Explicit concurrent mark sweep GC freed 2567(114KB) AllocSpace objects, 3(4MB) LOS objects, 10% free, 136MB/152MB, paused 1.177ms total 57.229ms
08-06 03:39:46.120  7310  7323 I art     : Starting a blocking GC Explicit
08-06 03:39:46.175  7310  7323 I art     : Explicit concurrent mark sweep GC freed 147(3KB) AllocSpace objects, 0(0B) LOS objects, 10% free, 136MB/152MB, paused 1.455ms total 54.927ms
08-06 03:39:46.197  7310  7323 I art     : Starting a blocking GC Explicit
08-06 03:39:46.251  7310  7323 I art     : Explicit concurrent mark sweep GC freed 138(3KB) AllocSpace objects, 0(0B) LOS objects, 10% free, 136MB/152MB, paused 1.265ms total 53.203ms
08-06 03:39:46.251  7310  7321 I art     : WaitForGcToComplete blocked for 52.197ms for cause HeapTrim
08-06 03:39:46.269  7310  7323 I art     : Starting a blocking GC Explicit
08-06 03:39:46.320  7310  7323 I art     : Explicit concurrent mark sweep GC freed 99(1696B) AllocSpace objects, 0(0B) LOS objects, 10% free, 136MB/152MB, paused 1.216ms total 51.418ms
08-06 03:39:46.339  7310  7323 I art     : Starting a blocking GC Explicit
08-06 03:39:46.393  7310  7323 I art     : Explicit concurrent mark sweep GC freed 122(2064B) AllocSpace objects, 0(0B) LOS objects, 10% free, 136MB/152MB, paused 1.437ms total 54.266ms
08-06 03:39:46.804  7310  8254 I art     : Starting a blocking GC Explicit
08-06 03:39:46.862  7310  8254 I art     : Explicit concurrent mark sweep GC freed 2235(102KB) AllocSpace objects, 2(36KB) LOS objects, 10% free, 136MB/152MB, paused 1.397ms total 56.458ms
08-06 03:39:46.882  7310  8254 I art     : Starting a blocking GC Explicit
08-06 03:39:46.931  7310  8254 I art     : Explicit concurrent mark sweep GC freed 143(2928B) AllocSpace objects, 0(0B) LOS objects, 10% free, 136MB/152MB, paused 1.183ms total 48.600ms
08-06 03:39:46.948  7310  8254 I art     : Starting a blocking GC Explicit
08-06 03:39:46.997  7310  8254 I art     : Explicit concurrent mark sweep GC freed 99(1696B) AllocSpace objects, 0(0B) LOS objects, 10% free, 136MB/152MB, paused 1.276ms total 47.841ms
08-06 03:39:47.016  7310  8254 I art     : Starting a blocking GC Explicit
08-06 03:39:47.068  7310  8254 I art     : Explicit concurrent mark sweep GC freed 100(1728B) AllocSpace objects, 0(0B) LOS objects, 10% free, 136MB/152MB, paused 1.258ms total 51.524ms
08-06 03:39:47.085  7310  8254 I art     : Starting a blocking GC Explicit
08-06 03:39:47.138  7310  8254 I art     : Explicit concurrent mark sweep GC freed 130(2528B) AllocSpace objects, 0(0B) LOS objects, 10% free, 136MB/152MB, paused 1.300ms total 52.167ms
08-06 03:39:47.554  7310  7322 I art     : Starting a blocking GC Explicit
08-06 03:39:47.610  7310  7322 I art     : Explicit concurrent mark sweep GC freed 2267(103KB) AllocSpace objects, 2(36KB) LOS objects, 10% free, 136MB/152MB, paused 1.289ms total 55.566ms
08-06 03:39:47.630  7310  7322 I art     : Starting a blocking GC Explicit
08-06 03:39:47.682  7310  7322 I art     : Explicit concurrent mark sweep GC freed 161(3KB) AllocSpace objects, 0(0B) LOS objects, 10% free, 136MB/152MB, paused 1.157ms total 51.098ms
08-06 03:39:47.700  7310  7322 I art     : Starting a blocking GC Explicit
08-06 03:39:47.752  7310  7322 I art     : Explicit concurrent mark sweep GC freed 101(1760B) AllocSpace objects, 0(0B) LOS objects, 10% free, 136MB/152MB, paused 1.225ms total 52.401ms
08-06 03:39:47.771  7310  7322 I art     : Starting a blocking GC Explicit
08-06 03:39:47.822  7310  7322 I art     : Explicit concurrent mark sweep GC freed 99(1696B) AllocSpace objects, 0(0B) LOS objects, 10% free, 136MB/152MB, paused 1.169ms total 50.904ms
08-06 03:39:47.840  7310  7322 I art     : Starting a blocking GC Explicit
08-06 03:39:47.894  7310  7322 I art     : Explicit concurrent mark sweep GC freed 108(1840B) AllocSpace objects, 0(0B) LOS objects, 10% free, 136MB/152MB, paused 1.206ms total 54.017ms
08-06 03:39:47.970   918  3188 I hubconnection: sensorhub said: 'set_bias 3: -5.7216, 0.0000, 0.0000'
08-06 03:39:48.317  7310  7581 I art     : Starting a blocking GC Explicit
08-06 03:39:48.371  7310  7581 I art     : Explicit concurrent mark sweep GC freed 2325(105KB) AllocSpace objects, 2(36KB) LOS objects, 10% free, 136MB/152MB, paused 1.213ms total 53.778ms
08-06 03:39:48.389  7310  7581 I art     : Starting a blocking GC Explicit
08-06 03:39:48.442  7310  7581 I art     : Explicit concurrent mark sweep GC freed 148(3KB) AllocSpace objects, 0(0B) LOS objects, 10% free, 136MB/152MB, paused 1.087ms total 52.780ms
08-06 03:39:48.461  7310  7581 I art     : Starting a blocking GC Explicit
08-06 03:39:48.516  7310  7581 I art     : Explicit concurrent mark sweep GC freed 121(2032B) AllocSpace objects, 0(0B) LOS objects, 10% free, 136MB/152MB, paused 1.136ms total 54.863ms
08-06 03:39:48.534  7310  7581 I art     : Starting a blocking GC Explicit
08-06 03:39:48.588  7310  7581 I art     : Explicit concurrent mark sweep GC freed 101(1760B) AllocSpace objects, 0(0B) LOS objects, 10% free, 136MB/152MB, paused 1.225ms total 53.197ms
08-06 03:39:48.606  7310  7581 I art     : Starting a blocking GC Explicit
08-06 03:39:48.661  7310  7581 I art     : Explicit concurrent mark sweep GC freed 101(1728B) AllocSpace objects, 0(0B) LOS objects, 10% free, 136MB/152MB, paused 1.254ms total 54.565ms
08-06 03:39:49.037  7310  7329 I art     : Starting a blocking GC Explicit
08-06 03:39:49.090  7310  7329 I art     : Explicit concurrent mark sweep GC freed 2235(102KB) AllocSpace objects, 2(36KB) LOS objects, 10% free, 136MB/152MB, paused 1.318ms total 52.935ms
08-06 03:39:49.108  7310  7329 I art     : Starting a blocking GC Explicit
08-06 03:39:49.161  7310  7329 I art     : Explicit concurrent mark sweep GC freed 136(3KB) AllocSpace objects, 0(0B) LOS objects, 10% free, 136MB/152MB, paused 1.369ms total 52.819ms
08-06 03:39:49.180  7310  7329 I art     : Starting a blocking GC Explicit
08-06 03:39:49.231  7310  7329 I art     : Explicit concurrent mark sweep GC freed 119(2400B) AllocSpace objects, 0(0B) LOS objects, 10% free, 136MB/152MB, paused 1.392ms total 51.062ms
08-06 03:39:49.249  7310  7329 I art     : Starting a blocking GC Explicit
08-06 03:39:49.301  7310  7329 I art     : Explicit concurrent mark sweep GC freed 113(1936B) AllocSpace objects, 0(0B) LOS objects, 10% free, 136MB/152MB, paused 1.259ms total 51.753ms
08-06 03:39:49.317  9189  9189 D AndroidRuntime: >>>>>> START com.android.internal.os.RuntimeInit uid 2000 <<<<<<
08-06 03:39:49.320  7310  7329 I art     : Starting a blocking GC Explicit
08-06 03:39:49.323  9189  9189 D AndroidRuntime: CheckJNI is OFF
08-06 03:39:49.367  9189  9189 D ICU     : No timezone override file found: /data/misc/zoneinfo/current/icu/icu_tzdata.dat
08-06 03:39:49.371  7310  7329 I art     : Explicit concurrent mark sweep GC freed 99(1696B) AllocSpace objects, 0(0B) LOS objects, 10% free, 136MB/152MB, paused 1.352ms total 49.988ms
08-06 03:39:49.414  9189  9189 I Radio-JNI: register_android_hardware_Radio DONE
08-06 03:39:49.443  9189  9189 D AndroidRuntime: Calling main entry com.android.commands.input.Input
08-06 03:39:49.445  9189  9189 I Input   : injectKeyEvent: KeyEvent { action=ACTION_DOWN, keyCode=KEYCODE_BACK, scanCode=0, metaState=0, flags=0x0, repeatCount=0, eventTime=848405858, downTime=848405858, deviceId=-1, source=0x101 }
08-06 03:39:49.451  9189  9189 I Input   : injectKeyEvent: KeyEvent { action=ACTION_UP, keyCode=KEYCODE_BACK, scanCode=0, metaState=0, flags=0x0, repeatCount=0, eventTime=848405858, downTime=848405858, deviceId=-1, source=0x101 }
08-06 03:39:49.458  9189  9189 D AndroidRuntime: Shutting down VM
08-06 03:39:49.477  7310  7310 V MainActivity: url = https://project-travel-mate.herokuapp.com/api/number-of-unread-notifications
08-06 03:39:49.507 13866 13866 I GoogleInputMethodServic: GoogleInputMethodService.onFinishInput():3138 
08-06 03:39:49.508 13866 13866 I GoogleInputMethodServic: GoogleInputMethodService.onStartInput():1808 
08-06 03:39:49.720   918   930 I UsageStatsService: User[0] Flushing usage stats to disk
08-06 03:39:49.747  7310  7323 I art     : Starting a blocking GC Explicit
08-06 03:39:49.807  7310  7323 I art     : Explicit concurrent mark sweep GC freed 2586(122KB) AllocSpace objects, 2(36KB) LOS objects, 10% free, 136MB/152MB, paused 1.279ms total 59.901ms
08-06 03:39:49.830  7310  7323 I art     : Starting a blocking GC Explicit
08-06 03:39:49.843   380   380 W SurfaceFlinger: couldn't log to binary event log: overflow.
08-06 03:39:49.876  7310  7323 I art     : Explicit concurrent mark sweep GC freed 173(5KB) AllocSpace objects, 2(364KB) LOS objects, 10% free, 136MB/152MB, paused 1.176ms total 45.662ms
08-06 03:39:49.893  7310  7323 I art     : Starting a blocking GC Explicit
08-06 03:39:49.942  7310  7323 I art     : Explicit concurrent mark sweep GC freed 16(704B) AllocSpace objects, 0(0B) LOS objects, 10% free, 136MB/152MB, paused 1.254ms total 48.884ms
08-06 03:39:49.960  7310  7323 I art     : Starting a blocking GC Explicit
08-06 03:39:50.009  7310  7323 I art     : Explicit concurrent mark sweep GC freed 7268(414KB) AllocSpace objects, 13(264KB) LOS objects, 10% free, 136MB/152MB, paused 1.583ms total 48.910ms
08-06 03:39:50.027  7310  7323 I art     : Starting a blocking GC Explicit
08-06 03:39:50.071  7310  7323 I art     : Explicit concurrent mark sweep GC freed 1949(88KB) AllocSpace objects, 3(200KB) LOS objects, 10% free, 136MB/152MB, paused 1.329ms total 43.932ms
08-06 03:39:50.071  7310  9212 I NAPPA_EXPERIMENTATION: MetricNetworkRequestExecutionTime: REQUEST_DURATION_SYSTEM='593',REQUEST_DURATION_OKHTTP='35',REQUEST_SYNCHRONOUS='FALSE',RESPONSE_CODE='200',RESPONSE_METHOD='GET',RESPONSE_LENGTH_OKHTTP='36',RESPONSE_LENGTH_HEADER='36',REQUEST_PROTOCOL='http/1.1',REQUEST_URL='https://project-travel-mate.herokuapp.com/api/number-of-unread-notifications',
08-06 03:39:50.473  7310  8254 I art     : Starting a blocking GC Explicit
08-06 03:39:50.525  7310  8254 I art     : Explicit concurrent mark sweep GC freed 2762(214KB) AllocSpace objects, 2(36KB) LOS objects, 10% free, 136MB/152MB, paused 1.152ms total 51.508ms
08-06 03:39:50.543  7310  8254 I art     : Starting a blocking GC Explicit
08-06 03:39:50.594  7310  8254 I art     : Explicit concurrent mark sweep GC freed 41(1584B) AllocSpace objects, 0(0B) LOS objects, 10% free, 136MB/152MB, paused 1.296ms total 51.057ms
08-06 03:39:50.616  7310  8254 I art     : Starting a blocking GC Explicit
08-06 03:39:50.666  7310  8254 I art     : Explicit concurrent mark sweep GC freed 3(96B) AllocSpace objects, 0(0B) LOS objects, 10% free, 136MB/152MB, paused 1.295ms total 49.508ms
08-06 03:39:50.688  7310  8254 I art     : Starting a blocking GC Explicit
08-06 03:39:50.735  7310  8254 I art     : Explicit concurrent mark sweep GC freed 3(96B) AllocSpace objects, 0(0B) LOS objects, 10% free, 136MB/152MB, paused 1.237ms total 46.995ms
08-06 03:39:50.753  7310  8254 I art     : Starting a blocking GC Explicit
08-06 03:39:50.799  7310  8254 I art     : Explicit concurrent mark sweep GC freed 3(96B) AllocSpace objects, 0(0B) LOS objects, 10% free, 136MB/152MB, paused 1.190ms total 45.708ms
08-06 03:39:51.191  7310  7322 I art     : Starting a blocking GC Explicit
08-06 03:39:51.226  9234  9234 D AndroidRuntime: >>>>>> START com.android.internal.os.RuntimeInit uid 2000 <<<<<<
08-06 03:39:51.232  9234  9234 D AndroidRuntime: CheckJNI is OFF
08-06 03:39:51.234  7310  7322 I art     : Explicit concurrent mark sweep GC freed 1631(93KB) AllocSpace objects, 2(36KB) LOS objects, 10% free, 136MB/152MB, paused 1.226ms total 42.338ms
08-06 03:39:51.252  7310  7322 I art     : Starting a blocking GC Explicit
08-06 03:39:51.272  9234  9234 D ICU     : No timezone override file found: /data/misc/zoneinfo/current/icu/icu_tzdata.dat
08-06 03:39:51.295  7310  7322 I art     : Explicit concurrent mark sweep GC freed 40(1632B) AllocSpace objects, 0(0B) LOS objects, 10% free, 136MB/152MB, paused 1.189ms total 43.598ms
08-06 03:39:51.313  9234  9234 I Radio-JNI: register_android_hardware_Radio DONE
08-06 03:39:51.313  7310  7322 I art     : Starting a blocking GC Explicit
08-06 03:39:51.340  9234  9234 D AndroidRuntime: Calling main entry com.android.commands.input.Input
08-06 03:39:51.342  9234  9234 I Input   : injectMotionEvent: MotionEvent { action=ACTION_DOWN, actionButton=0, id[0]=0, x[0]=117.0, y[0]=170.0, toolType[0]=TOOL_TYPE_UNKNOWN, buttonState=0, metaState=0, flags=0x0, edgeFlags=0x0, pointerCount=1, historySize=0, eventTime=848407755, downTime=848407755, deviceId=0, source=0x1002 }
08-06 03:39:51.350  9234  9234 I Input   : injectMotionEvent: MotionEvent { action=ACTION_UP, actionButton=0, id[0]=0, x[0]=117.0, y[0]=170.0, toolType[0]=TOOL_TYPE_UNKNOWN, buttonState=0, metaState=0, flags=0x0, edgeFlags=0x0, pointerCount=1, historySize=0, eventTime=848407755, downTime=848407755, deviceId=0, source=0x1002 }
08-06 03:39:51.355  7310  7322 I art     : Explicit concurrent mark sweep GC freed 5(160B) AllocSpace objects, 0(0B) LOS objects, 10% free, 136MB/152MB, paused 1.196ms total 41.407ms
08-06 03:39:51.355  7310  7321 I art     : WaitForGcToComplete blocked for 34.144ms for cause HeapTrim
08-06 03:39:51.373  7310  7322 I art     : Starting a blocking GC Explicit
08-06 03:39:51.388  9234  9234 D AndroidRuntime: Shutting down VM
08-06 03:39:51.415  7310  7322 I art     : Explicit concurrent mark sweep GC freed 25(816B) AllocSpace objects, 0(0B) LOS objects, 10% free, 136MB/152MB, paused 1.344ms total 42.188ms
08-06 03:39:51.429   512  2967 D audio_hw_primary: out_set_parameters: enter: usecase(1: low-latency-playback) kvpairs: routing=2
08-06 03:39:51.434  7310  7322 I art     : Starting a blocking GC Explicit
08-06 03:39:51.441   512  2967 D audio_hw_primary: select_devices: out_snd_device(2: speaker) in_snd_device(0: none)
08-06 03:39:51.442   512  2967 D msm8974_platform: platform_send_audio_calibration: sending audio calibration for snd_device(2) acdb_id(15)
08-06 03:39:51.442   512  2967 I soundtrigger: audio_extn_sound_trigger_update_device_status: device 0x2 of type 0 for Event 1
08-06 03:39:51.451   512  2967 D audio_hw_primary: enable_snd_device: snd_device(2: speaker)
08-06 03:39:51.453   512  2967 D audio_hw_primary: enable_audio_route: apply and update mixer path: low-latency-playback speaker
08-06 03:39:51.478  7310  7322 I art     : Explicit concurrent mark sweep GC freed 55(2128B) AllocSpace objects, 0(0B) LOS objects, 10% free, 136MB/152MB, paused 1.319ms total 44.381ms
08-06 03:39:51.868  7310  7581 I art     : Starting a blocking GC Explicit
08-06 03:39:51.909  7310  7581 I art     : Explicit concurrent mark sweep GC freed 1992(112KB) AllocSpace objects, 2(36KB) LOS objects, 10% free, 136MB/152MB, paused 1.238ms total 40.600ms
08-06 03:39:51.929  7310  7581 I art     : Starting a blocking GC Explicit
08-06 03:39:51.971  7310  7581 I art     : Explicit concurrent mark sweep GC freed 43(1664B) AllocSpace objects, 0(0B) LOS objects, 10% free, 136MB/152MB, paused 1.140ms total 42.024ms
08-06 03:39:51.989 24365  4416 I NetworkScheduler.Stats: Task com.google.android.apps.gcs/ started execution. cause:4 exec_start_elapsed_seconds: 1831795 [CONTEXT service_id=218 ]
08-06 03:39:51.990   512  2967 D audio_hw_primary: disable_audio_route: reset and update mixer path: low-latency-playback speaker
08-06 03:39:51.990   512  2967 D audio_hw_primary: disable_snd_device: snd_device(2: speaker)
08-06 03:39:51.991 32318  9270 W Gcs.WfaEliRefreshTask: [28317] afk.b: NULL eligibility response.
08-06 03:39:51.993  7310  7581 I art     : Starting a blocking GC Explicit
08-06 03:39:51.994 24365  4416 I NetworkScheduler.Stats: Task com.google.android.apps.gcs/ finished executing. cause:4 result: 3 elapsed_millis: 11 uptime_millis: 10 exec_start_elapsed_seconds: 1831795 [CONTEXT service_id=218 ]
08-06 03:39:51.999   512  2967 I soundtrigger: audio_extn_sound_trigger_update_device_status: device 0x2 of type 0 for Event 0
08-06 03:39:52.031  7310  7581 I art     : Explicit concurrent mark sweep GC freed 3(96B) AllocSpace objects, 0(0B) LOS objects, 10% free, 136MB/152MB, paused 1.058ms total 38.444ms
08-06 03:39:52.048  7310  7581 I art     : Starting a blocking GC Explicit
08-06 03:39:52.090  7310  7581 I art     : Explicit concurrent mark sweep GC freed 34(928B) AllocSpace objects, 0(0B) LOS objects, 10% free, 136MB/152MB, paused 1.170ms total 41.852ms
08-06 03:39:52.107  7310  7581 I art     : Starting a blocking GC Explicit
08-06 03:39:52.128  9257  9257 D AndroidRuntime: >>>>>> START com.android.internal.os.RuntimeInit uid 2000 <<<<<<
08-06 03:39:52.134  9257  9257 D AndroidRuntime: CheckJNI is OFF
08-06 03:39:52.152  7310  7581 I art     : Explicit concurrent mark sweep GC freed 15(752B) AllocSpace objects, 0(0B) LOS objects, 10% free, 136MB/152MB, paused 1.225ms total 44.267ms
08-06 03:39:52.179  9257  9257 D ICU     : No timezone override file found: /data/misc/zoneinfo/current/icu/icu_tzdata.dat
08-06 03:39:52.221  9257  9257 I Radio-JNI: register_android_hardware_Radio DONE
08-06 03:39:52.249  9257  9257 D AndroidRuntime: Calling main entry com.android.commands.input.Input
08-06 03:39:52.252  9257  9257 I Input   : injectMotionEvent: MotionEvent { action=ACTION_DOWN, actionButton=0, id[0]=0, x[0]=405.0, y[0]=661.0, toolType[0]=TOOL_TYPE_UNKNOWN, buttonState=0, metaState=0, flags=0x0, edgeFlags=0x0, pointerCount=1, historySize=0, eventTime=848408664, downTime=848408664, deviceId=0, source=0x1002 }
08-06 03:39:52.257  9257  9257 I Input   : injectMotionEvent: MotionEvent { action=ACTION_UP, actionButton=0, id[0]=0, x[0]=405.0, y[0]=661.0, toolType[0]=TOOL_TYPE_UNKNOWN, buttonState=0, metaState=0, flags=0x0, edgeFlags=0x0, pointerCount=1, historySize=0, eventTime=848408664, downTime=848408664, deviceId=0, source=0x1002 }
08-06 03:39:52.259  9257  9257 D AndroidRuntime: Shutting down VM
08-06 03:39:52.273   512  2967 D audio_hw_primary: out_set_parameters: enter: usecase(1: low-latency-playback) kvpairs: routing=2
08-06 03:39:52.286   512  2967 D audio_hw_primary: select_devices: out_snd_device(2: speaker) in_snd_device(0: none)
08-06 03:39:52.286   512  2967 D msm8974_platform: platform_send_audio_calibration: sending audio calibration for snd_device(2) acdb_id(15)
08-06 03:39:52.287   512  2967 I soundtrigger: audio_extn_sound_trigger_update_device_status: device 0x2 of type 0 for Event 1
08-06 03:39:52.297   512  2967 D audio_hw_primary: enable_snd_device: snd_device(2: speaker)
08-06 03:39:52.299   512  2967 D audio_hw_primary: enable_audio_route: apply and update mixer path: low-latency-playback speaker
08-06 03:39:52.340   512  2967 D AudioFlinger: mixer(0xf4740000) throttle end: throttle time(12)
08-06 03:39:52.526  7310  7322 I art     : Starting a blocking GC Explicit
08-06 03:39:52.577  7310  7322 I art     : Explicit concurrent mark sweep GC freed 41(2608B) AllocSpace objects, 0(0B) LOS objects, 8% free, 167MB/183MB, paused 1.470ms total 50.503ms
08-06 03:39:52.595  7310  7322 I art     : Starting a blocking GC Explicit
08-06 03:39:52.642  7310  7322 I art     : Explicit concurrent mark sweep GC freed 54(25KB) AllocSpace objects, 0(0B) LOS objects, 8% free, 177MB/193MB, paused 1.412ms total 46.969ms
08-06 03:39:52.660  7310  7322 I art     : Starting a blocking GC Explicit
08-06 03:39:52.707  7310  7322 I art     : Explicit concurrent mark sweep GC freed 47(2272B) AllocSpace objects, 0(0B) LOS objects, 8% free, 177MB/193MB, paused 1.341ms total 46.766ms
08-06 03:39:52.725  7310  7322 I art     : Starting a blocking GC Explicit
08-06 03:39:52.774  7310  7322 I art     : Explicit concurrent mark sweep GC freed 335(20KB) AllocSpace objects, 0(0B) LOS objects, 8% free, 182MB/198MB, paused 2.130ms total 48.995ms
08-06 03:39:52.791  7310  7322 I art     : Starting a blocking GC Explicit
08-06 03:39:52.829   512  2967 D audio_hw_primary: disable_audio_route: reset and update mixer path: low-latency-playback speaker
08-06 03:39:52.830   512  2967 D audio_hw_primary: disable_snd_device: snd_device(2: speaker)
08-06 03:39:52.839  7310  7322 I art     : Explicit concurrent mark sweep GC freed 1229(51KB) AllocSpace objects, 1(28KB) LOS objects, 8% free, 182MB/198MB, paused 1.145ms total 47.264ms
08-06 03:39:52.845   512  2967 I soundtrigger: audio_extn_sound_trigger_update_device_status: device 0x2 of type 0 for Event 0
08-06 03:39:53.211  7310  8254 I art     : Starting a blocking GC Explicit
08-06 03:39:53.271  7310  8254 I art     : Explicit concurrent mark sweep GC freed 2459(141KB) AllocSpace objects, 10(260KB) LOS objects, 8% free, 182MB/198MB, paused 1.283ms total 59.832ms
08-06 03:39:53.293  7310  8254 I art     : Starting a blocking GC Explicit
08-06 03:39:53.342  7310  8254 I art     : Explicit concurrent mark sweep GC freed 42(1456B) AllocSpace objects, 0(0B) LOS objects, 8% free, 182MB/198MB, paused 1.171ms total 49.377ms
08-06 03:39:53.361  7310  8254 I art     : Starting a blocking GC Explicit
08-06 03:39:53.410  7310  8254 I art     : Explicit concurrent mark sweep GC freed 3(96B) AllocSpace objects, 0(0B) LOS objects, 8% free, 182MB/198MB, paused 1.287ms total 49.556ms
08-06 03:39:53.432  7310  8254 I art     : Starting a blocking GC Explicit
08-06 03:39:53.480  7310  8254 I art     : Explicit concurrent mark sweep GC freed 3(96B) AllocSpace objects, 0(0B) LOS objects, 8% free, 182MB/198MB, paused 1.191ms total 47.205ms
08-06 03:39:53.498  7310  8254 I art     : Starting a blocking GC Explicit
08-06 03:39:53.546  7310  8254 I art     : Explicit concurrent mark sweep GC freed 3(96B) AllocSpace objects, 0(0B) LOS objects, 8% free, 182MB/198MB, paused 1.127ms total 47.138ms
08-06 03:39:53.964  7310  7322 I art     : Starting a blocking GC Explicit
08-06 03:39:54.033  7310  7322 I art     : Explicit concurrent mark sweep GC freed 1588(92KB) AllocSpace objects, 2(36KB) LOS objects, 8% free, 182MB/198MB, paused 1.176ms total 68.885ms
08-06 03:39:54.055  7310  7322 I art     : Starting a blocking GC Explicit
08-06 03:39:54.110  7310  7322 I art     : Explicit concurrent mark sweep GC freed 71(2432B) AllocSpace objects, 0(0B) LOS objects, 8% free, 182MB/198MB, paused 1.336ms total 55.173ms
08-06 03:39:54.131  7310  7322 I art     : Starting a blocking GC Explicit
08-06 03:39:54.183  7310  7322 I art     : Explicit concurrent mark sweep GC freed 16(816B) AllocSpace objects, 0(0B) LOS objects, 8% free, 182MB/198MB, paused 1.194ms total 51.208ms
08-06 03:39:54.202  7310  7322 I art     : Starting a blocking GC Explicit
08-06 03:39:54.254  7310  7322 I art     : Explicit concurrent mark sweep GC freed 3(96B) AllocSpace objects, 0(0B) LOS objects, 8% free, 182MB/198MB, paused 1.217ms total 52.666ms
08-06 03:39:54.273  7310  7322 I art     : Starting a blocking GC Explicit
08-06 03:39:54.330  7310  7322 I art     : Explicit concurrent mark sweep GC freed 3(96B) AllocSpace objects, 0(0B) LOS objects, 8% free, 182MB/198MB, paused 1.333ms total 57.179ms
08-06 03:39:54.741  7310  7329 I art     : Starting a blocking GC Explicit
08-06 03:39:54.793  7310  7329 I art     : Explicit concurrent mark sweep GC freed 1582(91KB) AllocSpace objects, 2(36KB) LOS objects, 8% free, 182MB/198MB, paused 1.200ms total 51.912ms
08-06 03:39:54.811  7310  7329 I art     : Starting a blocking GC Explicit
08-06 03:39:54.862  7310  7329 I art     : Explicit concurrent mark sweep GC freed 28(1024B) AllocSpace objects, 0(0B) LOS objects, 8% free, 182MB/198MB, paused 1.244ms total 50.697ms
08-06 03:39:54.880  7310  7329 I art     : Starting a blocking GC Explicit
08-06 03:39:54.931  7310  7329 I art     : Explicit concurrent mark sweep GC freed 3(96B) AllocSpace objects, 0(0B) LOS objects, 8% free, 182MB/198MB, paused 1.232ms total 50.280ms
08-06 03:39:54.945   918  3261 D WifiStateMachine: starting scan for "H369AA63323"WPA_PSK with 2412,5180
08-06 03:39:54.949  7310  7329 I art     : Starting a blocking GC Explicit
08-06 03:39:55.000  7310  7329 I art     : Explicit concurrent mark sweep GC freed 3(96B) AllocSpace objects, 0(0B) LOS objects, 8% free, 182MB/198MB, paused 1.258ms total 51.048ms
08-06 03:39:55.018  7310  7329 I art     : Starting a blocking GC Explicit
08-06 03:39:55.067  7310  7329 I art     : Explicit concurrent mark sweep GC freed 3(96B) AllocSpace objects, 0(0B) LOS objects, 8% free, 182MB/198MB, paused 1.309ms total 48.184ms
08-06 03:39:55.071  9321  9321 D AndroidRuntime: >>>>>> START com.android.internal.os.RuntimeInit uid 2000 <<<<<<
08-06 03:39:55.077  9321  9321 D AndroidRuntime: CheckJNI is OFF
08-06 03:39:55.122  9321  9321 D ICU     : No timezone override file found: /data/misc/zoneinfo/current/icu/icu_tzdata.dat
08-06 03:39:55.167  9321  9321 I Radio-JNI: register_android_hardware_Radio DONE
08-06 03:39:55.196  9321  9321 D AndroidRuntime: Calling main entry com.android.commands.input.Input
08-06 03:39:55.198  9321  9321 I Input   : injectMotionEvent: MotionEvent { action=ACTION_DOWN, actionButton=0, id[0]=0, x[0]=1341.0, y[0]=197.0, toolType[0]=TOOL_TYPE_UNKNOWN, buttonState=0, metaState=0, flags=0x0, edgeFlags=0x0, pointerCount=1, historySize=0, eventTime=848411610, downTime=848411610, deviceId=0, source=0x1002 }
08-06 03:39:55.204  9321  9321 I Input   : injectMotionEvent: MotionEvent { action=ACTION_UP, actionButton=0, id[0]=0, x[0]=1341.0, y[0]=197.0, toolType[0]=TOOL_TYPE_UNKNOWN, buttonState=0, metaState=0, flags=0x0, edgeFlags=0x0, pointerCount=1, historySize=0, eventTime=848411610, downTime=848411610, deviceId=0, source=0x1002 }
08-06 03:39:55.206  9321  9321 D AndroidRuntime: Shutting down VM
08-06 03:39:55.218   918   928 I ActivityManager: START u0 {cmp=baseline.io.github.project_travel_mate/.notifications.NotificationsActivity} from uid 10696 on display 0
08-06 03:39:55.218   512  2967 D audio_hw_primary: out_set_parameters: enter: usecase(1: low-latency-playback) kvpairs: routing=2
08-06 03:39:55.231   512  2967 D audio_hw_primary: select_devices: out_snd_device(2: speaker) in_snd_device(0: none)
08-06 03:39:55.231   512  2967 D msm8974_platform: platform_send_audio_calibration: sending audio calibration for snd_device(2) acdb_id(15)
08-06 03:39:55.232   512  2967 I soundtrigger: audio_extn_sound_trigger_update_device_status: device 0x2 of type 0 for Event 1
08-06 03:39:55.247   512  2967 D audio_hw_primary: enable_snd_device: snd_device(2: speaker)
08-06 03:39:55.249   512  2967 D audio_hw_primary: enable_audio_route: apply and update mixer path: low-latency-playback speaker
08-06 03:39:55.253  7310  7390 D Gabe    : call	returning from cache
08-06 03:39:55.259  7310  7310 V EXECUTING: https://project-travel-mate.herokuapp.com/api/get-notifications
08-06 03:39:55.266  7310  7310 V EXECUTING: https://project-travel-mate.herokuapp.com/api/get-notifications
08-06 03:39:55.419   918   936 I ActivityManager: Displayed baseline.io.github.project_travel_mate/.notifications.NotificationsActivity: +189ms
08-06 03:39:55.419 13866 13866 I GoogleInputMethodServic: GoogleInputMethodService.onFinishInput():3138 
08-06 03:39:55.422 13866 13866 I GoogleInputMethodServic: GoogleInputMethodService.onStartInput():1808 
08-06 03:39:55.444  7310  7581 I art     : Starting a blocking GC Explicit
08-06 03:39:55.495  7310  7581 I art     : Explicit concurrent mark sweep GC freed 3842(225KB) AllocSpace objects, 2(36KB) LOS objects, 7% free, 187MB/203MB, paused 1.678ms total 50.819ms
08-06 03:39:55.513  7310  7581 I art     : Starting a blocking GC Explicit
08-06 03:39:55.527  7310  7326 D OpenGLRenderer: endAllStagingAnimators on 0x7f7b5ff000 (RippleDrawable) with handle 0x7f7c6d8da0
08-06 03:39:55.558  7310  7581 I art     : Explicit concurrent mark sweep GC freed 433(17KB) AllocSpace objects, 0(0B) LOS objects, 7% free, 187MB/203MB, paused 1.414ms total 45.263ms
08-06 03:39:55.576  7310  7581 I art     : Starting a blocking GC Explicit
08-06 03:39:55.625  7310  7581 I art     : Explicit concurrent mark sweep GC freed 139(3KB) AllocSpace objects, 0(0B) LOS objects, 7% free, 187MB/203MB, paused 1.291ms total 48.800ms
08-06 03:39:55.646  7310  7581 I art     : Starting a blocking GC Explicit
08-06 03:39:55.666   380   380 W SurfaceFlinger: couldn't log to binary event log: overflow.
08-06 03:39:55.696  7310  7581 I art     : Explicit concurrent mark sweep GC freed 99(1696B) AllocSpace objects, 0(0B) LOS objects, 7% free, 187MB/203MB, paused 1.220ms total 49.503ms
08-06 03:39:55.713  7310  7581 I art     : Starting a blocking GC Explicit
08-06 03:39:55.758  7310  7581 I art     : Explicit concurrent mark sweep GC freed 99(1696B) AllocSpace objects, 0(0B) LOS objects, 7% free, 187MB/203MB, paused 1.261ms total 45.064ms
08-06 03:39:55.779   512  2967 D audio_hw_primary: disable_audio_route: reset and update mixer path: low-latency-playback speaker
08-06 03:39:55.779   512  2967 D audio_hw_primary: disable_snd_device: snd_device(2: speaker)
08-06 03:39:55.789   512  2967 I soundtrigger: audio_extn_sound_trigger_update_device_status: device 0x2 of type 0 for Event 0
08-06 03:39:56.119  7310  9350 I NAPPA_EXPERIMENTATION: MetricNetworkRequestExecutionTime: REQUEST_DURATION_SYSTEM='859',REQUEST_DURATION_OKHTTP='48',REQUEST_SYNCHRONOUS='FALSE',RESPONSE_CODE='200',RESPONSE_METHOD='GET',RESPONSE_LENGTH_OKHTTP='2',RESPONSE_LENGTH_HEADER='2',REQUEST_PROTOCOL='http/1.1',REQUEST_URL='https://project-travel-mate.herokuapp.com/api/get-notifications',
08-06 03:39:56.132  7310  7581 I art     : Starting a blocking GC Explicit
08-06 03:39:56.136  7310  9351 I NAPPA_EXPERIMENTATION: MetricNetworkRequestExecutionTime: REQUEST_DURATION_SYSTEM='869',REQUEST_DURATION_OKHTTP='63',REQUEST_SYNCHRONOUS='FALSE',RESPONSE_CODE='200',RESPONSE_METHOD='GET',RESPONSE_LENGTH_OKHTTP='2',RESPONSE_LENGTH_HEADER='2',REQUEST_PROTOCOL='http/1.1',REQUEST_URL='https://project-travel-mate.herokuapp.com/api/get-notifications',
08-06 03:39:56.180  7310  7581 I art     : Explicit concurrent mark sweep GC freed 7658(392KB) AllocSpace objects, 8(436KB) LOS objects, 7% free, 187MB/203MB, paused 1.550ms total 47.454ms
08-06 03:39:56.202  7310  7581 I art     : Starting a blocking GC Explicit
08-06 03:39:56.247  7310  7581 I art     : Explicit concurrent mark sweep GC freed 2041(236KB) AllocSpace objects, 0(0B) LOS objects, 7% free, 187MB/203MB, paused 1.345ms total 45.110ms
08-06 03:39:56.265  7310  7581 I art     : Starting a blocking GC Explicit
08-06 03:39:56.287  7310  7310 V Response: [] 
08-06 03:39:56.308  7310  7310 V Response: [] 
08-06 03:39:56.312  7310  7581 I art     : Explicit concurrent mark sweep GC freed 115(36KB) AllocSpace objects, 0(0B) LOS objects, 7% free, 187MB/203MB, paused 2.560ms total 47.038ms
08-06 03:39:56.319  7310  7390 W LOTTIE  : Animation contains merge paths. Merge paths are only supported on KitKat+ and must be manually enabled by calling enableMergePathsForKitKatAndAbove().
08-06 03:39:56.327  7310  7390 W LOTTIE  : Animation contains merge paths. Merge paths are only supported on KitKat+ and must be manually enabled by calling enableMergePathsForKitKatAndAbove().
08-06 03:39:56.329  7310  7581 I art     : Starting a blocking GC Explicit
08-06 03:39:56.331  7310  7390 W LOTTIE  : Animation contains merge paths. Merge paths are only supported on KitKat+ and must be manually enabled by calling enableMergePathsForKitKatAndAbove().
08-06 03:39:56.334  7310  7390 W LOTTIE  : Animation contains merge paths. Merge paths are only supported on KitKat+ and must be manually enabled by calling enableMergePathsForKitKatAndAbove().
08-06 03:39:56.337  7310  7390 W LOTTIE  : Animation contains merge paths. Merge paths are only supported on KitKat+ and must be manually enabled by calling enableMergePathsForKitKatAndAbove().
08-06 03:39:56.340  7310  7390 W LOTTIE  : Animation contains merge paths. Merge paths are only supported on KitKat+ and must be manually enabled by calling enableMergePathsForKitKatAndAbove().
08-06 03:39:56.342  7310  7390 W LOTTIE  : Animation contains merge paths. Merge paths are only supported on KitKat+ and must be manually enabled by calling enableMergePathsForKitKatAndAbove().
08-06 03:39:56.343  7310  7310 W LOTTIE  : Animation contains merge paths but they are disabled.
08-06 03:39:56.377  7310  7581 I art     : Explicit concurrent mark sweep GC freed 8930(343KB) AllocSpace objects, 2(364KB) LOS objects, 7% free, 187MB/203MB, paused 1.348ms total 47.165ms
08-06 03:39:56.395  7310  7581 I art     : Starting a blocking GC Explicit
08-06 03:39:56.440  7310  7581 I art     : Explicit concurrent mark sweep GC freed 2233(102KB) AllocSpace objects, 0(0B) LOS objects, 7% free, 187MB/203MB, paused 1.174ms total 45.166ms
08-06 03:39:56.440  7310  7321 I art     : WaitForGcToComplete blocked for 24.612ms for cause HeapTrim
08-06 03:39:56.834  7310  7329 I art     : Starting a blocking GC Explicit
08-06 03:39:56.881  7310  7329 I art     : Explicit concurrent mark sweep GC freed 3555(126KB) AllocSpace objects, 2(36KB) LOS objects, 7% free, 187MB/203MB, paused 1.123ms total 46.693ms
08-06 03:39:56.899  7310  7329 I art     : Starting a blocking GC Explicit
08-06 03:39:56.945  7310  7329 I art     : Explicit concurrent mark sweep GC freed 473(16KB) AllocSpace objects, 0(0B) LOS objects, 7% free, 187MB/203MB, paused 1.153ms total 45.439ms
08-06 03:39:56.962  7310  7329 I art     : Starting a blocking GC Explicit
08-06 03:39:57.007  7310  7329 I art     : Explicit concurrent mark sweep GC freed 291(4KB) AllocSpace objects, 0(0B) LOS objects, 7% free, 187MB/203MB, paused 1.255ms total 43.764ms
08-06 03:39:57.023  7310  7329 I art     : Starting a blocking GC Explicit
08-06 03:39:57.066  7310  7329 I art     : Explicit concurrent mark sweep GC freed 233(4KB) AllocSpace objects, 0(0B) LOS objects, 7% free, 187MB/203MB, paused 1.080ms total 42.089ms
08-06 03:39:57.083  7310  7329 I art     : Starting a blocking GC Explicit
08-06 03:39:57.125  7310  7329 I art     : Explicit concurrent mark sweep GC freed 335(6KB) AllocSpace objects, 0(0B) LOS objects, 7% free, 187MB/203MB, paused 1.254ms total 41.719ms
08-06 03:39:57.512  7310  8254 I art     : Starting a blocking GC Explicit
08-06 03:39:57.559  7310  8254 I art     : Explicit concurrent mark sweep GC freed 3389(121KB) AllocSpace objects, 2(36KB) LOS objects, 7% free, 187MB/203MB, paused 1.422ms total 46.868ms
08-06 03:39:57.577  7310  8254 I art     : Starting a blocking GC Explicit
08-06 03:39:57.619  7310  8254 I art     : Explicit concurrent mark sweep GC freed 283(5KB) AllocSpace objects, 0(0B) LOS objects, 7% free, 187MB/203MB, paused 1.146ms total 41.649ms
08-06 03:39:57.636  7310  8254 I art     : Starting a blocking GC Explicit
08-06 03:39:57.678  7310  8254 I art     : Explicit concurrent mark sweep GC freed 282(4KB) AllocSpace objects, 0(0B) LOS objects, 7% free, 187MB/203MB, paused 1.094ms total 41.993ms
08-06 03:39:57.695  7310  8254 I art     : Starting a blocking GC Explicit
08-06 03:39:57.737  7310  8254 I art     : Explicit concurrent mark sweep GC freed 222(3KB) AllocSpace objects, 0(0B) LOS objects, 7% free, 187MB/203MB, paused 1.297ms total 41.448ms
08-06 03:39:57.754  7310  8254 I art     : Starting a blocking GC Explicit
08-06 03:39:57.800  7310  8254 I art     : Explicit concurrent mark sweep GC freed 274(4KB) AllocSpace objects, 0(0B) LOS objects, 7% free, 187MB/203MB, paused 1.349ms total 45.361ms
08-06 03:39:58.205  7310  8254 I art     : Starting a blocking GC Explicit
08-06 03:39:58.257   518   646 I ThermalEngine: ACTION: GPU - Setting GPU[0] to 390000000
08-06 03:39:58.260  7310  8254 I art     : Explicit concurrent mark sweep GC freed 3515(123KB) AllocSpace objects, 2(36KB) LOS objects, 7% free, 187MB/203MB, paused 2.668ms total 54.246ms
08-06 03:39:58.291  7310  8254 I art     : Starting a blocking GC Explicit
08-06 03:39:58.348  7310  8254 I art     : Explicit concurrent mark sweep GC freed 458(8KB) AllocSpace objects, 0(0B) LOS objects, 7% free, 187MB/203MB, paused 1.783ms total 57.316ms
08-06 03:39:58.370  7310  8254 I art     : Starting a blocking GC Explicit
08-06 03:39:58.423  7310  8254 I art     : Explicit concurrent mark sweep GC freed 291(4KB) AllocSpace objects, 0(0B) LOS objects, 7% free, 187MB/203MB, paused 1.688ms total 52.523ms
08-06 03:39:58.446  7310  8254 I art     : Starting a blocking GC Explicit
08-06 03:39:58.501  7310  8254 I art     : Explicit concurrent mark sweep GC freed 345(5KB) AllocSpace objects, 0(0B) LOS objects, 7% free, 187MB/203MB, paused 1.666ms total 54.928ms
08-06 03:39:58.523  7310  8254 I art     : Starting a blocking GC Explicit
08-06 03:39:58.578  7310  8254 I art     : Explicit concurrent mark sweep GC freed 353(5KB) AllocSpace objects, 0(0B) LOS objects, 7% free, 187MB/203MB, paused 1.714ms total 53.959ms
08-06 03:39:59.000  7310  7329 I art     : Starting a blocking GC Explicit
08-06 03:39:59.055  7310  7329 I art     : Explicit concurrent mark sweep GC freed 3542(123KB) AllocSpace objects, 2(36KB) LOS objects, 7% free, 187MB/203MB, paused 1.941ms total 55.209ms
08-06 03:39:59.078  7310  7329 I art     : Starting a blocking GC Explicit
08-06 03:39:59.131  7310  7329 I art     : Explicit concurrent mark sweep GC freed 409(7KB) AllocSpace objects, 0(0B) LOS objects, 7% free, 187MB/203MB, paused 1.762ms total 52.635ms
08-06 03:39:59.153  7310  7329 I art     : Starting a blocking GC Explicit
08-06 03:39:59.207  7310  7329 I art     : Explicit concurrent mark sweep GC freed 299(4KB) AllocSpace objects, 0(0B) LOS objects, 7% free, 187MB/203MB, paused 1.751ms total 53.568ms
08-06 03:39:59.229  7310  7329 I art     : Starting a blocking GC Explicit
08-06 03:39:59.282  7310  7329 I art     : Explicit concurrent mark sweep GC freed 337(5KB) AllocSpace objects, 0(0B) LOS objects, 7% free, 187MB/203MB, paused 1.712ms total 53.045ms
08-06 03:39:59.304  7310  7329 I art     : Starting a blocking GC Explicit
08-06 03:39:59.358  7310  7329 I art     : Explicit concurrent mark sweep GC freed 324(5KB) AllocSpace objects, 0(0B) LOS objects, 7% free, 187MB/203MB, paused 1.855ms total 53.078ms
08-06 03:39:59.790  7310  7581 I art     : Starting a blocking GC Explicit
08-06 03:39:59.847  7310  7581 I art     : Explicit concurrent mark sweep GC freed 3586(124KB) AllocSpace objects, 2(36KB) LOS objects, 7% free, 187MB/203MB, paused 1.792ms total 56.436ms
08-06 03:39:59.869  7310  7581 I art     : Starting a blocking GC Explicit
08-06 03:39:59.922  7310  7581 I art     : Explicit concurrent mark sweep GC freed 368(7KB) AllocSpace objects, 0(0B) LOS objects, 7% free, 187MB/203MB, paused 1.788ms total 53.523ms
08-06 03:39:59.944  7310  7581 I art     : Starting a blocking GC Explicit
08-06 03:39:59.998  7310  7581 I art     : Explicit concurrent mark sweep GC freed 510(16KB) AllocSpace objects, 0(0B) LOS objects, 7% free, 187MB/203MB, paused 1.759ms total 53.327ms
08-06 03:40:00.019  7310  7581 I art     : Starting a blocking GC Explicit
08-06 03:40:00.074  7310  7581 I art     : Explicit concurrent mark sweep GC freed 327(5KB) AllocSpace objects, 0(0B) LOS objects, 7% free, 187MB/203MB, paused 1.740ms total 54.276ms
08-06 03:40:00.096  7310  7581 I art     : Starting a blocking GC Explicit
08-06 03:40:00.100  9410  9410 D AndroidRuntime: >>>>>> START com.android.internal.os.RuntimeInit uid 2000 <<<<<<
08-06 03:40:00.106  9410  9410 D AndroidRuntime: CheckJNI is OFF
08-06 03:40:00.149  7310  7581 I art     : Explicit concurrent mark sweep GC freed 364(6KB) AllocSpace objects, 0(0B) LOS objects, 7% free, 187MB/203MB, paused 1.749ms total 53.187ms
08-06 03:40:00.160  9410  9410 D ICU     : No timezone override file found: /data/misc/zoneinfo/current/icu/icu_tzdata.dat
08-06 03:40:00.206  9410  9410 I Radio-JNI: register_android_hardware_Radio DONE
08-06 03:40:00.241  9410  9410 D AndroidRuntime: Calling main entry com.android.commands.input.Input
08-06 03:40:00.243  9410  9410 I Input   : injectKeyEvent: KeyEvent { action=ACTION_DOWN, keyCode=KEYCODE_BACK, scanCode=0, metaState=0, flags=0x0, repeatCount=0, eventTime=848416656, downTime=848416656, deviceId=-1, source=0x101 }
08-06 03:40:00.250  9410  9410 I Input   : injectKeyEvent: KeyEvent { action=ACTION_UP, keyCode=KEYCODE_BACK, scanCode=0, metaState=0, flags=0x0, repeatCount=0, eventTime=848416656, downTime=848416656, deviceId=-1, source=0x101 }
08-06 03:40:00.255  9410  9410 D AndroidRuntime: Shutting down VM
08-06 03:40:00.275  7310  7310 V MainActivity: url = https://project-travel-mate.herokuapp.com/api/number-of-unread-notifications
08-06 03:40:00.317 13866 13866 I GoogleInputMethodServic: GoogleInputMethodService.onFinishInput():3138 
08-06 03:40:00.318 13866 13866 I GoogleInputMethodServic: GoogleInputMethodService.onStartInput():1808 
08-06 03:40:00.597  7310  7322 I art     : Starting a blocking GC Explicit
08-06 03:40:00.604   380   380 W SurfaceFlinger: couldn't log to binary event log: overflow.
08-06 03:40:00.664  7310  7322 I art     : Explicit concurrent mark sweep GC freed 2922(128KB) AllocSpace objects, 3(4MB) LOS objects, 8% free, 183MB/199MB, paused 1.874ms total 66.705ms
08-06 03:40:00.688  7310  7322 I art     : Starting a blocking GC Explicit
08-06 03:40:00.744  7310  7322 I art     : Explicit concurrent mark sweep GC freed 3808(180KB) AllocSpace objects, 2(56KB) LOS objects, 8% free, 182MB/198MB, paused 2.026ms total 55.254ms
08-06 03:40:00.770  7310  7322 I art     : Starting a blocking GC Explicit
08-06 03:40:00.833  7310  7322 I art     : Explicit concurrent mark sweep GC freed 7(288B) AllocSpace objects, 0(0B) LOS objects, 8% free, 182MB/198MB, paused 1.956ms total 62.643ms
08-06 03:40:00.858  7310  7322 I art     : Starting a blocking GC Explicit
08-06 03:40:00.928  7310  7322 I art     : Explicit concurrent mark sweep GC freed 3(96B) AllocSpace objects, 0(0B) LOS objects, 8% free, 182MB/198MB, paused 2.228ms total 70.106ms
08-06 03:40:00.955  7310  7322 I art     : Starting a blocking GC Explicit
08-06 03:40:01.021  7310  7322 I art     : Explicit concurrent mark sweep GC freed 2551(131KB) AllocSpace objects, 3(200KB) LOS objects, 8% free, 183MB/199MB, paused 2.228ms total 65.493ms
08-06 03:40:01.028  7310  9433 I NAPPA_EXPERIMENTATION: MetricNetworkRequestExecutionTime: REQUEST_DURATION_SYSTEM='751',REQUEST_DURATION_OKHTTP='34',REQUEST_SYNCHRONOUS='FALSE',RESPONSE_CODE='200',RESPONSE_METHOD='GET',RESPONSE_LENGTH_OKHTTP='36',RESPONSE_LENGTH_HEADER='36',REQUEST_PROTOCOL='http/1.1',REQUEST_URL='https://project-travel-mate.herokuapp.com/api/number-of-unread-notifications',
08-06 03:40:01.484  7310  8254 I art     : Starting a blocking GC Explicit
08-06 03:40:01.548  7310  8254 I art     : Explicit concurrent mark sweep GC freed 2799(225KB) AllocSpace objects, 2(36KB) LOS objects, 8% free, 183MB/199MB, paused 1.877ms total 62.396ms
08-06 03:40:01.571  7310  8254 I art     : Starting a blocking GC Explicit
08-06 03:40:01.631  7310  8254 I art     : Explicit concurrent mark sweep GC freed 52(2160B) AllocSpace objects, 0(0B) LOS objects, 8% free, 183MB/199MB, paused 1.911ms total 59.243ms
08-06 03:40:01.655  7310  8254 I art     : Starting a blocking GC Explicit
08-06 03:40:01.716  7310  8254 I art     : Explicit concurrent mark sweep GC freed 3(96B) AllocSpace objects, 0(0B) LOS objects, 8% free, 183MB/199MB, paused 1.962ms total 61.071ms
08-06 03:40:01.741  7310  8254 I art     : Starting a blocking GC Explicit
08-06 03:40:01.800  7310  8254 I art     : Explicit concurrent mark sweep GC freed 3(96B) AllocSpace objects, 0(0B) LOS objects, 8% free, 183MB/199MB, paused 1.922ms total 59.253ms
08-06 03:40:01.825  7310  8254 I art     : Starting a blocking GC Explicit
08-06 03:40:01.886  7310  8254 I art     : Explicit concurrent mark sweep GC freed 3(96B) AllocSpace objects, 0(0B) LOS objects, 8% free, 183MB/199MB, paused 1.850ms total 61.164ms
08-06 03:40:01.886  7310  7321 I art     : WaitForGcToComplete blocked for 5.329ms for cause HeapTrim
08-06 03:40:02.138  9455  9455 D AndroidRuntime: >>>>>> START com.android.internal.os.RuntimeInit uid 2000 <<<<<<
08-06 03:40:02.144  9455  9455 D AndroidRuntime: CheckJNI is OFF
08-06 03:40:02.198  9455  9455 D ICU     : No timezone override file found: /data/misc/zoneinfo/current/icu/icu_tzdata.dat
08-06 03:40:02.244  9455  9455 I Radio-JNI: register_android_hardware_Radio DONE
08-06 03:40:02.277  9455  9455 D AndroidRuntime: Calling main entry com.android.commands.input.Input
08-06 03:40:02.279  9455  9455 I Input   : injectMotionEvent: MotionEvent { action=ACTION_DOWN, actionButton=0, id[0]=0, x[0]=117.0, y[0]=170.0, toolType[0]=TOOL_TYPE_UNKNOWN, buttonState=0, metaState=0, flags=0x0, edgeFlags=0x0, pointerCount=1, historySize=0, eventTime=848418691, downTime=848418691, deviceId=0, source=0x1002 }
08-06 03:40:02.286  9455  9455 I Input   : injectMotionEvent: MotionEvent { action=ACTION_UP, actionButton=0, id[0]=0, x[0]=117.0, y[0]=170.0, toolType[0]=TOOL_TYPE_UNKNOWN, buttonState=0, metaState=0, flags=0x0, edgeFlags=0x0, pointerCount=1, historySize=0, eventTime=848418691, downTime=848418691, deviceId=0, source=0x1002 }
08-06 03:40:02.290  9455  9455 D AndroidRuntime: Shutting down VM
08-06 03:40:02.314   512  2967 D audio_hw_primary: out_set_parameters: enter: usecase(1: low-latency-playback) kvpairs: routing=2
08-06 03:40:02.328   512  2967 D audio_hw_primary: select_devices: out_snd_device(2: speaker) in_snd_device(0: none)
08-06 03:40:02.329   512  2967 D msm8974_platform: platform_send_audio_calibration: sending audio calibration for snd_device(2) acdb_id(15)
08-06 03:40:02.329   512  2967 I soundtrigger: audio_extn_sound_trigger_update_device_status: device 0x2 of type 0 for Event 1
08-06 03:40:02.339  7310  7329 I art     : Starting a blocking GC Explicit
08-06 03:40:02.341   512  2967 D audio_hw_primary: enable_snd_device: snd_device(2: speaker)
08-06 03:40:02.344   512  2967 D audio_hw_primary: enable_audio_route: apply and update mixer path: low-latency-playback speaker
08-06 03:40:02.407  7310  7329 I art     : Explicit concurrent mark sweep GC freed 1968(110KB) AllocSpace objects, 2(36KB) LOS objects, 8% free, 183MB/199MB, paused 1.803ms total 67.476ms
08-06 03:40:02.431  7310  7329 I art     : Starting a blocking GC Explicit
08-06 03:40:02.492  7310  7329 I art     : Explicit concurrent mark sweep GC freed 141(5KB) AllocSpace objects, 0(0B) LOS objects, 8% free, 183MB/199MB, paused 2.259ms total 60.474ms
08-06 03:40:02.517  7310  7329 I art     : Starting a blocking GC Explicit
08-06 03:40:02.580  7310  7329 I art     : Explicit concurrent mark sweep GC freed 5(160B) AllocSpace objects, 0(0B) LOS objects, 8% free, 183MB/199MB, paused 1.775ms total 63.125ms
08-06 03:40:02.604  7310  7329 I art     : Starting a blocking GC Explicit
08-06 03:40:02.660  7310  7329 I art     : Explicit concurrent mark sweep GC freed 5(160B) AllocSpace objects, 0(0B) LOS objects, 8% free, 183MB/199MB, paused 1.903ms total 55.905ms
08-06 03:40:02.683  7310  7329 I art     : Starting a blocking GC Explicit
08-06 03:40:02.739  7310  7329 I art     : Explicit concurrent mark sweep GC freed 11(384B) AllocSpace objects, 0(0B) LOS objects, 8% free, 183MB/199MB, paused 1.890ms total 55.816ms
08-06 03:40:02.879   512  2967 D audio_hw_primary: disable_audio_route: reset and update mixer path: low-latency-playback speaker
08-06 03:40:02.881   512  2967 D audio_hw_primary: disable_snd_device: snd_device(2: speaker)
08-06 03:40:02.889   512  2967 I soundtrigger: audio_extn_sound_trigger_update_device_status: device 0x2 of type 0 for Event 0
08-06 03:40:03.190  9478  9478 D AndroidRuntime: >>>>>> START com.android.internal.os.RuntimeInit uid 2000 <<<<<<
08-06 03:40:03.196  7310  7322 I art     : Starting a blocking GC Explicit
08-06 03:40:03.197  9478  9478 D AndroidRuntime: CheckJNI is OFF
08-06 03:40:03.249  9478  9478 D ICU     : No timezone override file found: /data/misc/zoneinfo/current/icu/icu_tzdata.dat
08-06 03:40:03.258  7310  7322 I art     : Explicit concurrent mark sweep GC freed 1687(96KB) AllocSpace objects, 2(36KB) LOS objects, 8% free, 183MB/199MB, paused 1.983ms total 61.111ms
08-06 03:40:03.284  7310  7322 I art     : Starting a blocking GC Explicit
08-06 03:40:03.294  9478  9478 I Radio-JNI: register_android_hardware_Radio DONE
08-06 03:40:03.326  9478  9478 D AndroidRuntime: Calling main entry com.android.commands.input.Input
08-06 03:40:03.329  9478  9478 I Input   : injectMotionEvent: MotionEvent { action=ACTION_DOWN, actionButton=0, id[0]=0, x[0]=418.0, y[0]=842.0, toolType[0]=TOOL_TYPE_UNKNOWN, buttonState=0, metaState=0, flags=0x0, edgeFlags=0x0, pointerCount=1, historySize=0, eventTime=848419741, downTime=848419741, deviceId=0, source=0x1002 }
08-06 03:40:03.334  9478  9478 I Input   : injectMotionEvent: MotionEvent { action=ACTION_UP, actionButton=0, id[0]=0, x[0]=418.0, y[0]=842.0, toolType[0]=TOOL_TYPE_UNKNOWN, buttonState=0, metaState=0, flags=0x0, edgeFlags=0x0, pointerCount=1, historySize=0, eventTime=848419741, downTime=848419741, deviceId=0, source=0x1002 }
08-06 03:40:03.337  9478  9478 D AndroidRuntime: Shutting down VM
08-06 03:40:03.345  7310  7322 I art     : Explicit concurrent mark sweep GC freed 55(2112B) AllocSpace objects, 0(0B) LOS objects, 8% free, 183MB/199MB, paused 2.230ms total 60.725ms
08-06 03:40:03.349   512  2967 D audio_hw_primary: out_set_parameters: enter: usecase(1: low-latency-playback) kvpairs: routing=2
08-06 03:40:03.351  7310  7390 D Gabe    : call	returning from cache
08-06 03:40:03.363   512  2967 D audio_hw_primary: select_devices: out_snd_device(2: speaker) in_snd_device(0: none)
08-06 03:40:03.363   512  2967 D msm8974_platform: platform_send_audio_calibration: sending audio calibration for snd_device(2) acdb_id(15)
08-06 03:40:03.363   512  2967 I soundtrigger: audio_extn_sound_trigger_update_device_status: device 0x2 of type 0 for Event 1
08-06 03:40:03.371  7310  7322 I art     : Starting a blocking GC Explicit
08-06 03:40:03.375   512  2967 D audio_hw_primary: enable_snd_device: snd_device(2: speaker)
08-06 03:40:03.377   512  2967 D audio_hw_primary: enable_audio_route: apply and update mixer path: low-latency-playback speaker
08-06 03:40:03.388  7310  7310 V MainActivity: url = https://project-travel-mate.herokuapp.com/api/number-of-unread-notifications
08-06 03:40:03.422   512  2967 D AudioFlinger: mixer(0xf4740000) throttle end: throttle time(12)
08-06 03:40:03.431  7310  7322 I art     : Explicit concurrent mark sweep GC freed 1141(64KB) AllocSpace objects, 0(0B) LOS objects, 8% free, 183MB/199MB, paused 2.203ms total 59.756ms
08-06 03:40:03.453  7310  7322 I art     : Starting a blocking GC Explicit
08-06 03:40:03.515  7310  7322 I art     : Explicit concurrent mark sweep GC freed 427(28KB) AllocSpace objects, 0(0B) LOS objects, 8% free, 183MB/199MB, paused 2.398ms total 61.599ms
08-06 03:40:03.540  7310  7322 I art     : Starting a blocking GC Explicit
08-06 03:40:03.605  7310  7322 I art     : Explicit concurrent mark sweep GC freed 647(36KB) AllocSpace objects, 0(0B) LOS objects, 8% free, 183MB/199MB, paused 2.675ms total 64.385ms
08-06 03:40:03.909   512  2967 D audio_hw_primary: disable_audio_route: reset and update mixer path: low-latency-playback speaker
08-06 03:40:03.911   512  2967 D audio_hw_primary: disable_snd_device: snd_device(2: speaker)
08-06 03:40:03.919   512  2967 I soundtrigger: audio_extn_sound_trigger_update_device_status: device 0x2 of type 0 for Event 0
08-06 03:40:04.055  7310  7323 I art     : Starting a blocking GC Explicit
08-06 03:40:04.085  7310  7310 I Choreographer: Skipped 41 frames!  The application may be doing too much work on its main thread.
08-06 03:40:04.129  7310  7323 I art     : Explicit concurrent mark sweep GC freed 4413(232KB) AllocSpace objects, 11(292KB) LOS objects, 8% free, 183MB/199MB, paused 2.314ms total 73.537ms
08-06 03:40:04.153  7310  7323 I art     : Starting a blocking GC Explicit
08-06 03:40:04.198  7310  9501 I NAPPA_EXPERIMENTATION: MetricNetworkRequestExecutionTime: REQUEST_DURATION_SYSTEM='808',REQUEST_DURATION_OKHTTP='34',REQUEST_SYNCHRONOUS='FALSE',RESPONSE_CODE='200',RESPONSE_METHOD='GET',RESPONSE_LENGTH_OKHTTP='36',RESPONSE_LENGTH_HEADER='36',REQUEST_PROTOCOL='http/1.1',REQUEST_URL='https://project-travel-mate.herokuapp.com/api/number-of-unread-notifications',
08-06 03:40:04.221  7310  7323 I art     : Explicit concurrent mark sweep GC freed 3806(211KB) AllocSpace objects, 3(200KB) LOS objects, 7% free, 184MB/200MB, paused 2.458ms total 67.492ms
08-06 03:40:04.246  7310  7323 I art     : Starting a blocking GC Explicit
08-06 03:40:04.265   518   646 I ThermalEngine: ACTION: GPU - Setting GPU[0] to 450000000
08-06 03:40:04.306  7310  7323 I art     : Explicit concurrent mark sweep GC freed 1637(152KB) AllocSpace objects, 0(0B) LOS objects, 8% free, 183MB/199MB, paused 1.530ms total 59.993ms
08-06 03:40:04.325  7310  7323 I art     : Starting a blocking GC Explicit
08-06 03:40:04.379  7310  7323 I art     : Explicit concurrent mark sweep GC freed 897(28KB) AllocSpace objects, 0(0B) LOS objects, 8% free, 183MB/199MB, paused 1.209ms total 53.608ms
08-06 03:40:04.397  7310  7323 I art     : Starting a blocking GC Explicit
08-06 03:40:04.448  7310  7323 I art     : Explicit concurrent mark sweep GC freed 141(3KB) AllocSpace objects, 0(0B) LOS objects, 8% free, 183MB/199MB, paused 1.173ms total 50.936ms
08-06 03:40:04.850  7310  8254 I art     : Starting a blocking GC Explicit
08-06 03:40:04.908  7310  8254 I art     : Explicit concurrent mark sweep GC freed 2248(103KB) AllocSpace objects, 2(52KB) LOS objects, 8% free, 183MB/199MB, paused 1.352ms total 57.990ms
08-06 03:40:04.928  7310  8254 I art     : Starting a blocking GC Explicit
08-06 03:40:04.987  7310  8254 I art     : Explicit concurrent mark sweep GC freed 147(2992B) AllocSpace objects, 0(0B) LOS objects, 8% free, 183MB/199MB, paused 1.383ms total 59.499ms
08-06 03:40:05.007  7310  8254 I art     : Starting a blocking GC Explicit
08-06 03:40:05.066  7310  8254 I art     : Explicit concurrent mark sweep GC freed 130(2352B) AllocSpace objects, 0(0B) LOS objects, 8% free, 183MB/199MB, paused 1.526ms total 58.830ms
08-06 03:40:05.086  7310  8254 I art     : Starting a blocking GC Explicit
08-06 03:40:05.142  7310  8254 I art     : Explicit concurrent mark sweep GC freed 141(2880B) AllocSpace objects, 0(0B) LOS objects, 8% free, 183MB/199MB, paused 1.194ms total 55.852ms
08-06 03:40:05.161  7310  8254 I art     : Starting a blocking GC Explicit
08-06 03:40:05.217  7310  8254 I art     : Explicit concurrent mark sweep GC freed 130(2320B) AllocSpace objects, 0(0B) LOS objects, 8% free, 183MB/199MB, paused 1.364ms total 56.010ms
08-06 03:40:05.673  7310  7581 I art     : Starting a blocking GC Explicit
08-06 03:40:05.732  7310  7581 I art     : Explicit concurrent mark sweep GC freed 2355(105KB) AllocSpace objects, 2(52KB) LOS objects, 8% free, 183MB/199MB, paused 1.479ms total 58.473ms
08-06 03:40:05.751  7310  7581 I art     : Starting a blocking GC Explicit
08-06 03:40:05.810  7310  7581 I art     : Explicit concurrent mark sweep GC freed 134(2800B) AllocSpace objects, 0(0B) LOS objects, 8% free, 183MB/199MB, paused 1.289ms total 59.178ms
08-06 03:40:05.829  7310  7581 I art     : Starting a blocking GC Explicit
08-06 03:40:05.887  7310  7581 I art     : Explicit concurrent mark sweep GC freed 122(2064B) AllocSpace objects, 0(0B) LOS objects, 8% free, 183MB/199MB, paused 1.363ms total 57.393ms
08-06 03:40:05.906  7310  7581 I art     : Starting a blocking GC Explicit
08-06 03:40:05.963  7310  7581 I art     : Explicit concurrent mark sweep GC freed 101(1744B) AllocSpace objects, 0(0B) LOS objects, 8% free, 183MB/199MB, paused 1.311ms total 57.247ms
08-06 03:40:05.983  7310  7581 I art     : Starting a blocking GC Explicit
08-06 03:40:06.040  7310  7581 I art     : Explicit concurrent mark sweep GC freed 133(2704B) AllocSpace objects, 0(0B) LOS objects, 8% free, 183MB/199MB, paused 1.340ms total 56.764ms
08-06 03:40:06.125  9533  9533 D AndroidRuntime: >>>>>> START com.android.internal.os.RuntimeInit uid 2000 <<<<<<
08-06 03:40:06.132  9533  9533 D AndroidRuntime: CheckJNI is OFF
08-06 03:40:06.176  9533  9533 D ICU     : No timezone override file found: /data/misc/zoneinfo/current/icu/icu_tzdata.dat
08-06 03:40:06.222  9533  9533 I Radio-JNI: register_android_hardware_Radio DONE
08-06 03:40:06.250  9533  9533 D AndroidRuntime: Calling main entry com.android.commands.input.Input
08-06 03:40:06.253  9533  9533 I Input   : injectMotionEvent: MotionEvent { action=ACTION_DOWN, actionButton=0, id[0]=0, x[0]=117.0, y[0]=170.0, toolType[0]=TOOL_TYPE_UNKNOWN, buttonState=0, metaState=0, flags=0x0, edgeFlags=0x0, pointerCount=1, historySize=0, eventTime=848422666, downTime=848422666, deviceId=0, source=0x1002 }
08-06 03:40:06.259  9533  9533 I Input   : injectMotionEvent: MotionEvent { action=ACTION_UP, actionButton=0, id[0]=0, x[0]=117.0, y[0]=170.0, toolType[0]=TOOL_TYPE_UNKNOWN, buttonState=0, metaState=0, flags=0x0, edgeFlags=0x0, pointerCount=1, historySize=0, eventTime=848422666, downTime=848422666, deviceId=0, source=0x1002 }
08-06 03:40:06.261  9533  9533 D AndroidRuntime: Shutting down VM
08-06 03:40:06.273   512  2967 D audio_hw_primary: out_set_parameters: enter: usecase(1: low-latency-playback) kvpairs: routing=2
08-06 03:40:06.287   512  2967 D audio_hw_primary: select_devices: out_snd_device(2: speaker) in_snd_device(0: none)
08-06 03:40:06.287   512  2967 D msm8974_platform: platform_send_audio_calibration: sending audio calibration for snd_device(2) acdb_id(15)
08-06 03:40:06.287   512  2967 I soundtrigger: audio_extn_sound_trigger_update_device_status: device 0x2 of type 0 for Event 1
08-06 03:40:06.300   512  2967 D audio_hw_primary: enable_snd_device: snd_device(2: speaker)
08-06 03:40:06.303   512  2967 D audio_hw_primary: enable_audio_route: apply and update mixer path: low-latency-playback speaker
08-06 03:40:06.383  6649  6649 I Atfwd_Sendcmd: AtCmdFwd service not ready - Exhausted retry attempts - :6
08-06 03:40:06.383  6649  6649 I Atfwd_Daemon: result : -1 	 ,Init step :2 	 ,qmiErrorCode: 0
08-06 03:40:06.428   380   380 W SurfaceFlinger: couldn't log to binary event log: overflow.
08-06 03:40:06.458  7310  8254 I art     : Starting a blocking GC Explicit
08-06 03:40:06.514  7310  8254 I art     : Explicit concurrent mark sweep GC freed 2766(126KB) AllocSpace objects, 2(52KB) LOS objects, 7% free, 184MB/200MB, paused 1.245ms total 55.488ms
08-06 03:40:06.532  7310  8254 I art     : Starting a blocking GC Explicit
08-06 03:40:06.581  7310  8254 I art     : Explicit concurrent mark sweep GC freed 164(3KB) AllocSpace objects, 0(0B) LOS objects, 7% free, 184MB/200MB, paused 1.292ms total 48.512ms
08-06 03:40:06.599  7310  8254 I art     : Starting a blocking GC Explicit
08-06 03:40:06.648  7310  8254 I art     : Explicit concurrent mark sweep GC freed 99(1696B) AllocSpace objects, 0(0B) LOS objects, 7% free, 184MB/200MB, paused 1.852ms total 49.427ms
08-06 03:40:06.667  7310  8254 I art     : Starting a blocking GC Explicit
08-06 03:40:06.717  7310  8254 I art     : Explicit concurrent mark sweep GC freed 108(2016B) AllocSpace objects, 0(0B) LOS objects, 7% free, 184MB/200MB, paused 1.122ms total 49.857ms
08-06 03:40:06.735  7310  8254 I art     : Starting a blocking GC Explicit
08-06 03:40:06.788  7310  8254 I art     : Explicit concurrent mark sweep GC freed 101(1760B) AllocSpace objects, 0(0B) LOS objects, 7% free, 184MB/200MB, paused 1.302ms total 52.686ms
08-06 03:40:06.838   512  2967 D audio_hw_primary: disable_audio_route: reset and update mixer path: low-latency-playback speaker
08-06 03:40:06.839   512  2967 D audio_hw_primary: disable_snd_device: snd_device(2: speaker)
08-06 03:40:06.848   512  2967 I soundtrigger: audio_extn_sound_trigger_update_device_status: device 0x2 of type 0 for Event 0
08-06 03:40:07.019  9556  9556 D AndroidRuntime: >>>>>> START com.android.internal.os.RuntimeInit uid 2000 <<<<<<
08-06 03:40:07.024  9556  9556 D AndroidRuntime: CheckJNI is OFF
08-06 03:40:07.066  9556  9556 D ICU     : No timezone override file found: /data/misc/zoneinfo/current/icu/icu_tzdata.dat
08-06 03:40:07.108  9556  9556 I Radio-JNI: register_android_hardware_Radio DONE
08-06 03:40:07.138  9556  9556 D AndroidRuntime: Calling main entry com.android.commands.input.Input
08-06 03:40:07.140  9556  9556 I Input   : injectMotionEvent: MotionEvent { action=ACTION_DOWN, actionButton=0, id[0]=0, x[0]=355.0, y[0]=1674.0, toolType[0]=TOOL_TYPE_UNKNOWN, buttonState=0, metaState=0, flags=0x0, edgeFlags=0x0, pointerCount=1, historySize=0, eventTime=848423552, downTime=848423552, deviceId=0, source=0x1002 }
08-06 03:40:07.143  9556  9556 I Input   : injectMotionEvent: MotionEvent { action=ACTION_UP, actionButton=0, id[0]=0, x[0]=355.0, y[0]=1674.0, toolType[0]=TOOL_TYPE_UNKNOWN, buttonState=0, metaState=0, flags=0x0, edgeFlags=0x0, pointerCount=1, historySize=0, eventTime=848423552, downTime=848423552, deviceId=0, source=0x1002 }
08-06 03:40:07.147  9556  9556 D AndroidRuntime: Shutting down VM
08-06 03:40:07.169   512  2967 D audio_hw_primary: out_set_parameters: enter: usecase(1: low-latency-playback) kvpairs: routing=2
08-06 03:40:07.178  7310  7310 V MainActivity: url = https://project-travel-mate.herokuapp.com/api/number-of-unread-notifications
08-06 03:40:07.182   512  2967 D audio_hw_primary: select_devices: out_snd_device(2: speaker) in_snd_device(0: none)
08-06 03:40:07.182   512  2967 D msm8974_platform: platform_send_audio_calibration: sending audio calibration for snd_device(2) acdb_id(15)
08-06 03:40:07.182   512  2967 I soundtrigger: audio_extn_sound_trigger_update_device_status: device 0x2 of type 0 for Event 1
08-06 03:40:07.194   512  2967 D audio_hw_primary: enable_snd_device: snd_device(2: speaker)
08-06 03:40:07.196  7310  8254 I art     : Starting a blocking GC Explicit
08-06 03:40:07.196   512  2967 D audio_hw_primary: enable_audio_route: apply and update mixer path: low-latency-playback speaker
08-06 03:40:07.238   512  2967 D AudioFlinger: mixer(0xf4740000) throttle end: throttle time(12)
08-06 03:40:07.252  7310  8254 I art     : Explicit concurrent mark sweep GC freed 4376(184KB) AllocSpace objects, 2(52KB) LOS objects, 7% free, 184MB/200MB, paused 1.378ms total 55.323ms
08-06 03:40:07.270  7310  8254 I art     : Starting a blocking GC Explicit
08-06 03:40:07.321  7310  8254 I art     : Explicit concurrent mark sweep GC freed 2355(197KB) AllocSpace objects, 0(0B) LOS objects, 7% free, 184MB/200MB, paused 1.430ms total 51.154ms
08-06 03:40:07.339  7310  8254 I art     : Starting a blocking GC Explicit
08-06 03:40:07.388  7310  8254 I art     : Explicit concurrent mark sweep GC freed 25(656B) AllocSpace objects, 9(252KB) LOS objects, 7% free, 184MB/200MB, paused 1.212ms total 48.841ms
08-06 03:40:07.408  7310  8254 I art     : Starting a blocking GC Explicit
08-06 03:40:07.467  7310  8254 I art     : Explicit concurrent mark sweep GC freed 3(96B) AllocSpace objects, 0(0B) LOS objects, 7% free, 184MB/200MB, paused 1.662ms total 58.713ms
08-06 03:40:07.467  7310  7321 I art     : WaitForGcToComplete blocked for 59.185ms for cause HeapTrim
08-06 03:40:07.487  7310  8254 I art     : Starting a blocking GC Explicit
08-06 03:40:07.548  7310  8254 I art     : Explicit concurrent mark sweep GC freed 3(96B) AllocSpace objects, 0(0B) LOS objects, 7% free, 184MB/200MB, paused 1.884ms total 61.187ms
08-06 03:40:07.728   512  2967 D audio_hw_primary: disable_audio_route: reset and update mixer path: low-latency-playback speaker
08-06 03:40:07.730   512  2967 D audio_hw_primary: disable_snd_device: snd_device(2: speaker)
08-06 03:40:07.739   512  2967 I soundtrigger: audio_extn_sound_trigger_update_device_status: device 0x2 of type 0 for Event 0
08-06 03:40:07.961  7310  7323 I art     : Starting a blocking GC Explicit
08-06 03:40:07.995  7310  9577 I NAPPA_EXPERIMENTATION: MetricNetworkRequestExecutionTime: REQUEST_DURATION_SYSTEM='816',REQUEST_DURATION_OKHTTP='33',REQUEST_SYNCHRONOUS='FALSE',RESPONSE_CODE='200',RESPONSE_METHOD='GET',RESPONSE_LENGTH_OKHTTP='36',RESPONSE_LENGTH_HEADER='36',REQUEST_PROTOCOL='http/1.1',REQUEST_URL='https://project-travel-mate.herokuapp.com/api/number-of-unread-notifications',
08-06 03:40:08.023  7310  7323 I art     : Explicit concurrent mark sweep GC freed 4294(235KB) AllocSpace objects, 5(248KB) LOS objects, 7% free, 184MB/200MB, paused 1.558ms total 60.867ms
08-06 03:40:08.046  7310  7323 I art     : Starting a blocking GC Explicit
08-06 03:40:08.101  7310  7323 I art     : Explicit concurrent mark sweep GC freed 1110(122KB) AllocSpace objects, 0(0B) LOS objects, 7% free, 184MB/200MB, paused 1.287ms total 55.605ms
08-06 03:40:08.121  7310  7323 I art     : Starting a blocking GC Explicit
08-06 03:40:08.177  7310  7323 I art     : Explicit concurrent mark sweep GC freed 3(96B) AllocSpace objects, 0(0B) LOS objects, 7% free, 184MB/200MB, paused 1.404ms total 56.392ms
08-06 03:40:08.196  7310  7323 I art     : Starting a blocking GC Explicit
08-06 03:40:08.254  7310  7323 I art     : Explicit concurrent mark sweep GC freed 3(96B) AllocSpace objects, 0(0B) LOS objects, 7% free, 184MB/200MB, paused 1.280ms total 57.262ms
08-06 03:40:08.273  7310  7323 I art     : Starting a blocking GC Explicit
08-06 03:40:08.333  7310  7323 I art     : Explicit concurrent mark sweep GC freed 3(96B) AllocSpace objects, 0(0B) LOS objects, 7% free, 184MB/200MB, paused 1.423ms total 59.704ms
08-06 03:40:08.744  7310  7329 I art     : Starting a blocking GC Explicit
08-06 03:40:08.824  7310  7329 I art     : Explicit concurrent mark sweep GC freed 1591(92KB) AllocSpace objects, 2(48KB) LOS objects, 7% free, 184MB/200MB, paused 1.423ms total 79.745ms
08-06 03:40:08.849  7310  7329 I art     : Starting a blocking GC Explicit
08-06 03:40:08.908  7310  7329 I art     : Explicit concurrent mark sweep GC freed 38(1344B) AllocSpace objects, 0(0B) LOS objects, 7% free, 184MB/200MB, paused 1.364ms total 58.032ms
08-06 03:40:08.929  7310  7329 I art     : Starting a blocking GC Explicit
08-06 03:40:08.986  7310  7329 I art     : Explicit concurrent mark sweep GC freed 13(416B) AllocSpace objects, 0(0B) LOS objects, 7% free, 184MB/200MB, paused 1.171ms total 56.830ms
08-06 03:40:09.006  7310  7329 I art     : Starting a blocking GC Explicit
08-06 03:40:09.066  7310  7329 I art     : Explicit concurrent mark sweep GC freed 14(656B) AllocSpace objects, 0(0B) LOS objects, 7% free, 184MB/200MB, paused 1.133ms total 59.133ms
08-06 03:40:09.085  7310  7329 I art     : Starting a blocking GC Explicit
08-06 03:40:09.143  7310  7329 I art     : Explicit concurrent mark sweep GC freed 46(1504B) AllocSpace objects, 0(0B) LOS objects, 7% free, 184MB/200MB, paused 1.289ms total 57.862ms
08-06 03:40:09.561  7310  7323 I art     : Starting a blocking GC Explicit
08-06 03:40:09.625  7310  7323 I art     : Explicit concurrent mark sweep GC freed 1600(92KB) AllocSpace objects, 2(48KB) LOS objects, 7% free, 184MB/200MB, paused 1.277ms total 64.065ms
08-06 03:40:09.644  7310  7323 I art     : Starting a blocking GC Explicit
08-06 03:40:09.701  7310  7323 I art     : Explicit concurrent mark sweep GC freed 28(1024B) AllocSpace objects, 0(0B) LOS objects, 7% free, 184MB/200MB, paused 1.322ms total 56.920ms
08-06 03:40:09.720  7310  7323 I art     : Starting a blocking GC Explicit
08-06 03:40:09.779  7310  7323 I art     : Explicit concurrent mark sweep GC freed 3(96B) AllocSpace objects, 0(0B) LOS objects, 7% free, 184MB/200MB, paused 1.397ms total 58.163ms
08-06 03:40:09.798  7310  7323 I art     : Starting a blocking GC Explicit
08-06 03:40:09.856  7310  7323 I art     : Explicit concurrent mark sweep GC freed 3(96B) AllocSpace objects, 0(0B) LOS objects, 7% free, 184MB/200MB, paused 1.336ms total 57.362ms
08-06 03:40:09.875  7310  7323 I art     : Starting a blocking GC Explicit
08-06 03:40:09.933  7310  7323 I art     : Explicit concurrent mark sweep GC freed 3(96B) AllocSpace objects, 0(0B) LOS objects, 7% free, 184MB/200MB, paused 1.305ms total 58.001ms
08-06 03:40:09.962  9608  9608 D AndroidRuntime: >>>>>> START com.android.internal.os.RuntimeInit uid 2000 <<<<<<
08-06 03:40:09.968  9608  9608 D AndroidRuntime: CheckJNI is OFF
08-06 03:40:10.013  9608  9608 D ICU     : No timezone override file found: /data/misc/zoneinfo/current/icu/icu_tzdata.dat
08-06 03:40:10.060  9608  9608 I Radio-JNI: register_android_hardware_Radio DONE
08-06 03:40:10.090  9608  9608 D AndroidRuntime: Calling main entry com.android.commands.input.Input
08-06 03:40:10.093  9608  9608 I Input   : injectMotionEvent: MotionEvent { action=ACTION_DOWN, actionButton=0, id[0]=0, x[0]=747.0, y[0]=608.0, toolType[0]=TOOL_TYPE_UNKNOWN, buttonState=0, metaState=0, flags=0x0, edgeFlags=0x0, pointerCount=1, historySize=0, eventTime=848426505, downTime=848426505, deviceId=0, source=0x1002 }
08-06 03:40:10.098  9608  9608 I Input   : injectMotionEvent: MotionEvent { action=ACTION_UP, actionButton=0, id[0]=0, x[0]=747.0, y[0]=608.0, toolType[0]=TOOL_TYPE_UNKNOWN, buttonState=0, metaState=0, flags=0x0, edgeFlags=0x0, pointerCount=1, historySize=0, eventTime=848426505, downTime=848426505, deviceId=0, source=0x1002 }
08-06 03:40:10.100  9608  9608 D AndroidRuntime: Shutting down VM
08-06 03:40:10.100   918   928 I ActivityManager: START u0 {cmp=baseline.io.github.project_travel_mate/.utilities.ChecklistActivity} from uid 10696 on display 0
08-06 03:40:10.103   512  2967 D audio_hw_primary: out_set_parameters: enter: usecase(1: low-latency-playback) kvpairs: routing=2
08-06 03:40:10.116   512  2967 D audio_hw_primary: select_devices: out_snd_device(2: speaker) in_snd_device(0: none)
08-06 03:40:10.116   512  2967 D msm8974_platform: platform_send_audio_calibration: sending audio calibration for snd_device(2) acdb_id(15)
08-06 03:40:10.116   512  2967 I soundtrigger: audio_extn_sound_trigger_update_device_status: device 0x2 of type 0 for Event 1
08-06 03:40:10.129   512  2967 D audio_hw_primary: enable_snd_device: snd_device(2: speaker)
08-06 03:40:10.132   512  2967 D audio_hw_primary: enable_audio_route: apply and update mixer path: low-latency-playback speaker
08-06 03:40:10.209   918   936 I ActivityManager: Displayed baseline.io.github.project_travel_mate/.utilities.ChecklistActivity: +96ms
08-06 03:40:10.209 13866 13866 I GoogleInputMethodServic: GoogleInputMethodService.onFinishInput():3138 
08-06 03:40:10.210 13866 13866 I GoogleInputMethodServic: GoogleInputMethodService.onStartInput():1808 
08-06 03:40:10.339  7310  8254 I art     : Starting a blocking GC Explicit
08-06 03:40:10.411  7310  8254 I art     : Explicit concurrent mark sweep GC freed 2530(147KB) AllocSpace objects, 2(48KB) LOS objects, 7% free, 184MB/200MB, paused 1.277ms total 71.472ms
08-06 03:40:10.434  7310  8254 I art     : Starting a blocking GC Explicit
08-06 03:40:10.477   380   380 W SurfaceFlinger: couldn't log to binary event log: overflow.
08-06 03:40:10.505  7310  8254 I art     : Explicit concurrent mark sweep GC freed 338(14KB) AllocSpace objects, 0(0B) LOS objects, 7% free, 184MB/200MB, paused 1.231ms total 70.348ms
08-06 03:40:10.523  7310  8254 I art     : Starting a blocking GC Explicit
08-06 03:40:10.573  7310  8254 I art     : Explicit concurrent mark sweep GC freed 33(1408B) AllocSpace objects, 0(0B) LOS objects, 7% free, 184MB/200MB, paused 1.444ms total 49.853ms
08-06 03:40:10.592  7310  8254 I art     : Starting a blocking GC Explicit
08-06 03:40:10.645  7310  8254 I art     : Explicit concurrent mark sweep GC freed 48(1328B) AllocSpace objects, 0(0B) LOS objects, 7% free, 184MB/200MB, paused 1.302ms total 53.126ms
08-06 03:40:10.665  7310  8254 I art     : Starting a blocking GC Explicit
08-06 03:40:10.669   512  2967 D audio_hw_primary: disable_audio_route: reset and update mixer path: low-latency-playback speaker
08-06 03:40:10.670   512  2967 D audio_hw_primary: disable_snd_device: snd_device(2: speaker)
08-06 03:40:10.677   512  2967 I soundtrigger: audio_extn_sound_trigger_update_device_status: device 0x2 of type 0 for Event 0
08-06 03:40:10.723  7310  8254 I art     : Explicit concurrent mark sweep GC freed 11(352B) AllocSpace objects, 0(0B) LOS objects, 7% free, 184MB/200MB, paused 1.293ms total 57.368ms
08-06 03:40:11.139  7310  7329 I art     : Starting a blocking GC Explicit
08-06 03:40:11.203  7310  7329 I art     : Explicit concurrent mark sweep GC freed 1624(93KB) AllocSpace objects, 2(48KB) LOS objects, 7% free, 184MB/200MB, paused 1.431ms total 63.479ms
08-06 03:40:11.225  7310  7329 I art     : Starting a blocking GC Explicit
08-06 03:40:11.283  7310  7329 I art     : Explicit concurrent mark sweep GC freed 28(1024B) AllocSpace objects, 0(0B) LOS objects, 7% free, 184MB/200MB, paused 1.297ms total 57.951ms
08-06 03:40:11.303  7310  7329 I art     : Starting a blocking GC Explicit
08-06 03:40:11.365  7310  7329 I art     : Explicit concurrent mark sweep GC freed 3(96B) AllocSpace objects, 0(0B) LOS objects, 7% free, 184MB/200MB, paused 1.414ms total 61.759ms
08-06 03:40:11.387  7310  7329 I art     : Starting a blocking GC Explicit
08-06 03:40:11.446  7310  7329 I art     : Explicit concurrent mark sweep GC freed 3(96B) AllocSpace objects, 0(0B) LOS objects, 7% free, 184MB/200MB, paused 1.323ms total 58.566ms
08-06 03:40:11.465  7310  7329 I art     : Starting a blocking GC Explicit
08-06 03:40:11.530  7310  7329 I art     : Explicit concurrent mark sweep GC freed 3(96B) AllocSpace objects, 0(0B) LOS objects, 7% free, 184MB/200MB, paused 1.460ms total 64.410ms
08-06 03:40:11.686   918  3188 I hubconnection: sensorhub said: 'set_bias 3: -6.2400, 0.0000, 0.0000'
08-06 03:40:11.951  7310  7323 I art     : Starting a blocking GC Explicit
08-06 03:40:12.030  7310  7323 I art     : Explicit concurrent mark sweep GC freed 1592(92KB) AllocSpace objects, 2(48KB) LOS objects, 7% free, 184MB/200MB, paused 1.514ms total 78.652ms
08-06 03:40:12.052  7310  7323 I art     : Starting a blocking GC Explicit
08-06 03:40:12.109  7310  7323 I art     : Explicit concurrent mark sweep GC freed 77(2592B) AllocSpace objects, 0(0B) LOS objects, 7% free, 184MB/200MB, paused 1.308ms total 57.193ms
08-06 03:40:12.128  7310  7323 I art     : Starting a blocking GC Explicit
08-06 03:40:12.188  7310  7323 I art     : Explicit concurrent mark sweep GC freed 17(864B) AllocSpace objects, 0(0B) LOS objects, 7% free, 184MB/200MB, paused 1.375ms total 59.169ms
08-06 03:40:12.208  7310  7323 I art     : Starting a blocking GC Explicit
08-06 03:40:12.275  7310  7323 I art     : Explicit concurrent mark sweep GC freed 3(96B) AllocSpace objects, 0(0B) LOS objects, 7% free, 184MB/200MB, paused 1.574ms total 67.098ms
08-06 03:40:12.298  7310  7323 I art     : Starting a blocking GC Explicit
08-06 03:40:12.360  7310  7323 I art     : Explicit concurrent mark sweep GC freed 3(96B) AllocSpace objects, 0(0B) LOS objects, 7% free, 184MB/200MB, paused 1.378ms total 61.914ms
08-06 03:40:12.803  7310  7581 I art     : Starting a blocking GC Explicit
08-06 03:40:12.874  7310  7581 I art     : Explicit concurrent mark sweep GC freed 1586(92KB) AllocSpace objects, 2(48KB) LOS objects, 7% free, 184MB/200MB, paused 1.470ms total 70.304ms
08-06 03:40:12.897  7310  7581 I art     : Starting a blocking GC Explicit
08-06 03:40:12.961  7310  7581 I art     : Explicit concurrent mark sweep GC freed 28(1024B) AllocSpace objects, 0(0B) LOS objects, 7% free, 184MB/200MB, paused 1.398ms total 62.982ms
08-06 03:40:12.980  7310  7581 I art     : Starting a blocking GC Explicit
08-06 03:40:13.047  7310  7581 I art     : Explicit concurrent mark sweep GC freed 3(96B) AllocSpace objects, 0(0B) LOS objects, 7% free, 184MB/200MB, paused 1.390ms total 66.359ms
08-06 03:40:13.069  7310  7581 I art     : Starting a blocking GC Explicit
08-06 03:40:13.134  7310  7581 I art     : Explicit concurrent mark sweep GC freed 51(1712B) AllocSpace objects, 0(0B) LOS objects, 7% free, 184MB/200MB, paused 1.379ms total 64.161ms
08-06 03:40:13.153  7310  7581 I art     : Starting a blocking GC Explicit
08-06 03:40:13.218  7310  7581 I art     : Explicit concurrent mark sweep GC freed 14(672B) AllocSpace objects, 0(0B) LOS objects, 7% free, 184MB/200MB, paused 1.505ms total 63.942ms
08-06 03:40:13.663  7310  7322 I art     : Starting a blocking GC Explicit
08-06 03:40:13.735  7310  7322 I art     : Explicit concurrent mark sweep GC freed 1584(92KB) AllocSpace objects, 2(48KB) LOS objects, 7% free, 184MB/200MB, paused 1.380ms total 71.808ms
08-06 03:40:13.758  7310  7322 I art     : Starting a blocking GC Explicit
08-06 03:40:13.819  7310  7322 I art     : Explicit concurrent mark sweep GC freed 28(1024B) AllocSpace objects, 0(0B) LOS objects, 7% free, 184MB/200MB, paused 1.382ms total 60.873ms
08-06 03:40:13.839  7310  7322 I art     : Starting a blocking GC Explicit
08-06 03:40:13.903  7310  7322 I art     : Explicit concurrent mark sweep GC freed 3(96B) AllocSpace objects, 0(0B) LOS objects, 7% free, 184MB/200MB, paused 1.381ms total 64.127ms
08-06 03:40:13.923  7310  7322 I art     : Starting a blocking GC Explicit
08-06 03:40:13.992  7310  7322 I art     : Explicit concurrent mark sweep GC freed 3(96B) AllocSpace objects, 0(0B) LOS objects, 7% free, 184MB/200MB, paused 1.517ms total 68.432ms
08-06 03:40:14.013  7310  7322 I art     : Starting a blocking GC Explicit
08-06 03:40:14.076  7310  7322 I art     : Explicit concurrent mark sweep GC freed 39(1056B) AllocSpace objects, 0(0B) LOS objects, 7% free, 184MB/200MB, paused 1.338ms total 62.186ms
08-06 03:40:14.517  7310  8254 I art     : Starting a blocking GC Explicit
08-06 03:40:14.582  7310  8254 I art     : Explicit concurrent mark sweep GC freed 1587(92KB) AllocSpace objects, 2(48KB) LOS objects, 7% free, 184MB/200MB, paused 1.431ms total 64.721ms
08-06 03:40:14.607  7310  8254 I art     : Starting a blocking GC Explicit
08-06 03:40:14.666  7310  8254 I art     : Explicit concurrent mark sweep GC freed 28(1024B) AllocSpace objects, 0(0B) LOS objects, 7% free, 184MB/200MB, paused 1.440ms total 58.892ms
08-06 03:40:14.686  7310  8254 I art     : Starting a blocking GC Explicit
08-06 03:40:14.747  7310  8254 I art     : Explicit concurrent mark sweep GC freed 3(96B) AllocSpace objects, 0(0B) LOS objects, 7% free, 184MB/200MB, paused 1.447ms total 61.418ms
08-06 03:40:14.767  7310  8254 I art     : Starting a blocking GC Explicit
08-06 03:40:14.826  7310  8254 I art     : Explicit concurrent mark sweep GC freed 3(96B) AllocSpace objects, 0(0B) LOS objects, 7% free, 184MB/200MB, paused 1.385ms total 59.176ms
08-06 03:40:14.845  7310  8254 I art     : Starting a blocking GC Explicit
08-06 03:40:14.903  9688  9688 D AndroidRuntime: >>>>>> START com.android.internal.os.RuntimeInit uid 2000 <<<<<<
08-06 03:40:14.904  7310  8254 I art     : Explicit concurrent mark sweep GC freed 3(96B) AllocSpace objects, 0(0B) LOS objects, 7% free, 184MB/200MB, paused 1.442ms total 58.350ms
08-06 03:40:14.909  9688  9688 D AndroidRuntime: CheckJNI is OFF
08-06 03:40:14.947   918  3261 D WifiStateMachine: starting scan for "H369AA63323"WPA_PSK with 2412,5180
08-06 03:40:14.952  9688  9688 D ICU     : No timezone override file found: /data/misc/zoneinfo/current/icu/icu_tzdata.dat
08-06 03:40:14.998  9688  9688 I Radio-JNI: register_android_hardware_Radio DONE
08-06 03:40:15.026  9688  9688 D AndroidRuntime: Calling main entry com.android.commands.input.Input
08-06 03:40:15.028  9688  9688 I Input   : injectKeyEvent: KeyEvent { action=ACTION_DOWN, keyCode=KEYCODE_BACK, scanCode=0, metaState=0, flags=0x0, repeatCount=0, eventTime=848431441, downTime=848431441, deviceId=-1, source=0x101 }
08-06 03:40:15.035  9688  9688 I Input   : injectKeyEvent: KeyEvent { action=ACTION_UP, keyCode=KEYCODE_BACK, scanCode=0, metaState=0, flags=0x0, repeatCount=0, eventTime=848431441, downTime=848431441, deviceId=-1, source=0x101 }
08-06 03:40:15.042  9688  9688 D AndroidRuntime: Shutting down VM
08-06 03:40:15.052  7310  7310 V MainActivity: url = https://project-travel-mate.herokuapp.com/api/number-of-unread-notifications
08-06 03:40:15.084 13866 13866 I GoogleInputMethodServic: GoogleInputMethodService.onFinishInput():3138 
08-06 03:40:15.084 13866 13866 I GoogleInputMethodServic: GoogleInputMethodService.onStartInput():1808 
08-06 03:40:15.282  7310  7322 I art     : Starting a blocking GC Explicit
08-06 03:40:15.349  7310  7322 I art     : Explicit concurrent mark sweep GC freed 2154(117KB) AllocSpace objects, 2(48KB) LOS objects, 7% free, 184MB/200MB, paused 1.703ms total 66.776ms
08-06 03:40:15.368  7310  7322 I art     : Starting a blocking GC Explicit
08-06 03:40:15.370   380   380 W SurfaceFlinger: couldn't log to binary event log: overflow.
08-06 03:40:15.421  7310  7322 I art     : Explicit concurrent mark sweep GC freed 499(22KB) AllocSpace objects, 0(0B) LOS objects, 7% free, 184MB/200MB, paused 1.312ms total 52.196ms
08-06 03:40:15.440  7310  7322 I art     : Starting a blocking GC Explicit
08-06 03:40:15.497  7310  7322 I art     : Explicit concurrent mark sweep GC freed 132(6KB) AllocSpace objects, 0(0B) LOS objects, 7% free, 184MB/200MB, paused 1.543ms total 56.902ms
08-06 03:40:15.517  7310  7322 I art     : Starting a blocking GC Explicit
08-06 03:40:15.578  7310  7322 I art     : Explicit concurrent mark sweep GC freed 3(96B) AllocSpace objects, 0(0B) LOS objects, 7% free, 184MB/200MB, paused 1.481ms total 60.583ms
08-06 03:40:15.601  7310  7322 I art     : Starting a blocking GC Explicit
08-06 03:40:15.660  7310  7322 I art     : Explicit concurrent mark sweep GC freed 3(96B) AllocSpace objects, 0(0B) LOS objects, 7% free, 184MB/200MB, paused 1.405ms total 58.360ms
08-06 03:40:15.879  7310  9706 I NAPPA_EXPERIMENTATION: MetricNetworkRequestExecutionTime: REQUEST_DURATION_SYSTEM='825',REQUEST_DURATION_OKHTTP='37',REQUEST_SYNCHRONOUS='FALSE',RESPONSE_CODE='200',RESPONSE_METHOD='GET',RESPONSE_LENGTH_OKHTTP='36',RESPONSE_LENGTH_HEADER='36',REQUEST_PROTOCOL='http/1.1',REQUEST_URL='https://project-travel-mate.herokuapp.com/api/number-of-unread-notifications',
08-06 03:40:16.073  7310  8254 I art     : Starting a blocking GC Explicit
08-06 03:40:16.151  7310  8254 I art     : Explicit concurrent mark sweep GC freed 4435(241KB) AllocSpace objects, 5(248KB) LOS objects, 7% free, 184MB/200MB, paused 1.809ms total 77.370ms
08-06 03:40:16.175  7310  8254 I art     : Starting a blocking GC Explicit
08-06 03:40:16.232  7310  8254 I art     : Explicit concurrent mark sweep GC freed 973(117KB) AllocSpace objects, 0(0B) LOS objects, 7% free, 184MB/200MB, paused 1.402ms total 56.714ms
08-06 03:40:16.251  7310  8254 I art     : Starting a blocking GC Explicit
08-06 03:40:16.308  7310  8254 I art     : Explicit concurrent mark sweep GC freed 3(96B) AllocSpace objects, 0(0B) LOS objects, 7% free, 184MB/200MB, paused 1.455ms total 56.195ms
08-06 03:40:16.327  7310  8254 I art     : Starting a blocking GC Explicit
08-06 03:40:16.382  7310  8254 I art     : Explicit concurrent mark sweep GC freed 3(96B) AllocSpace objects, 0(0B) LOS objects, 7% free, 184MB/200MB, paused 1.279ms total 55.373ms
08-06 03:40:16.383  6649  6649 I ServiceManager: Waiting for service AtCmdFwd...
08-06 03:40:16.401  7310  8254 I art     : Starting a blocking GC Explicit
08-06 03:40:16.459  7310  8254 I art     : Explicit concurrent mark sweep GC freed 3(96B) AllocSpace objects, 0(0B) LOS objects, 7% free, 184MB/200MB, paused 1.390ms total 57.409ms
08-06 03:40:16.815  9726  9726 D AndroidRuntime: >>>>>> START com.android.internal.os.RuntimeInit uid 2000 <<<<<<
08-06 03:40:16.822  9726  9726 D AndroidRuntime: CheckJNI is OFF
08-06 03:40:16.863  9726  9726 D ICU     : No timezone override file found: /data/misc/zoneinfo/current/icu/icu_tzdata.dat
08-06 03:40:16.870  7310  7329 I art     : Starting a blocking GC Explicit
08-06 03:40:16.910  9726  9726 I Radio-JNI: register_android_hardware_Radio DONE
08-06 03:40:16.935  7310  7329 I art     : Explicit concurrent mark sweep GC freed 1614(93KB) AllocSpace objects, 2(48KB) LOS objects, 7% free, 184MB/200MB, paused 1.520ms total 64.795ms
08-06 03:40:16.942  9726  9726 D AndroidRuntime: Calling main entry com.android.commands.input.Input
08-06 03:40:16.944  9726  9726 I Input   : injectMotionEvent: MotionEvent { action=ACTION_DOWN, actionButton=0, id[0]=0, x[0]=657.0, y[0]=2037.0, toolType[0]=TOOL_TYPE_UNKNOWN, buttonState=0, metaState=0, flags=0x0, edgeFlags=0x0, pointerCount=1, historySize=0, eventTime=848433356, downTime=848433356, deviceId=0, source=0x1002 }
08-06 03:40:16.951  9726  9726 I Input   : injectMotionEvent: MotionEvent { action=ACTION_UP, actionButton=0, id[0]=0, x[0]=657.0, y[0]=2037.0, toolType[0]=TOOL_TYPE_UNKNOWN, buttonState=0, metaState=0, flags=0x0, edgeFlags=0x0, pointerCount=1, historySize=0, eventTime=848433356, downTime=848433356, deviceId=0, source=0x1002 }
08-06 03:40:16.954  9726  9726 D AndroidRuntime: Shutting down VM
08-06 03:40:16.954   918  3670 I ActivityManager: START u0 {cmp=baseline.io.github.project_travel_mate/.utilities.CompassActivity} from uid 10696 on display 0
08-06 03:40:16.956  7310  7329 I art     : Starting a blocking GC Explicit
08-06 03:40:16.957   512  2967 D audio_hw_primary: out_set_parameters: enter: usecase(1: low-latency-playback) kvpairs: routing=2
08-06 03:40:16.970   512  2967 D audio_hw_primary: select_devices: out_snd_device(2: speaker) in_snd_device(0: none)
08-06 03:40:16.970   512  2967 D msm8974_platform: platform_send_audio_calibration: sending audio calibration for snd_device(2) acdb_id(15)
08-06 03:40:16.970   512  2967 I soundtrigger: audio_extn_sound_trigger_update_device_status: device 0x2 of type 0 for Event 1
08-06 03:40:16.981   512  2967 D audio_hw_primary: enable_snd_device: snd_device(2: speaker)
08-06 03:40:16.983   512  2967 D audio_hw_primary: enable_audio_route: apply and update mixer path: low-latency-playback speaker
08-06 03:40:17.012  7310  7329 I art     : Explicit concurrent mark sweep GC freed 308(23KB) AllocSpace objects, 0(0B) LOS objects, 7% free, 184MB/200MB, paused 1.581ms total 54.863ms
08-06 03:40:17.030  7310  7329 I art     : Starting a blocking GC Explicit
08-06 03:40:17.085  7310  7329 I art     : Explicit concurrent mark sweep GC freed 190(17KB) AllocSpace objects, 0(0B) LOS objects, 6% free, 233MB/249MB, paused 1.442ms total 54.661ms
08-06 03:40:17.104  7310  7329 I art     : Starting a blocking GC Explicit
08-06 03:40:17.156  7310  7329 I art     : Explicit concurrent mark sweep GC freed 50(1984B) AllocSpace objects, 0(0B) LOS objects, 6% free, 233MB/249MB, paused 1.380ms total 51.815ms
08-06 03:40:17.174  7310  7329 I art     : Starting a blocking GC Explicit
08-06 03:40:17.225  7310  7329 I art     : Explicit concurrent mark sweep GC freed 3(96B) AllocSpace objects, 0(0B) LOS objects, 6% free, 233MB/249MB, paused 1.336ms total 50.583ms
08-06 03:40:17.384  6649  6649 I ServiceManager: Waiting for service AtCmdFwd...
08-06 03:40:17.520  7310  7310 D CompassActivity: start compass
08-06 03:40:17.521   918  3714 I sensors : batch
08-06 03:40:17.522   918  3714 I sensors : activate
08-06 03:40:17.522   918  3670 I sensors : batch
08-06 03:40:17.522   918  3670 I sensors : activate
08-06 03:40:17.526  7310  7310 I Choreographer: Skipped 33 frames!  The application may be doing too much work on its main thread.
08-06 03:40:17.528   918  3188 I hubconnection: sensorhub said: 'batch 1 flags:0, sampling_rate_Hz:50.00, max_report_latency_us:0'
08-06 03:40:17.529   512  2967 D audio_hw_primary: disable_audio_route: reset and update mixer path: low-latency-playback speaker
08-06 03:40:17.530   918  3188 I hubconnection: sensorhub said: 'activate 1 enable:1'
08-06 03:40:17.531   918  3188 I hubconnection: sensorhub said: 'batch 3 flags:0, sampling_rate_Hz:50.00, max_report_latency_us:0'
08-06 03:40:17.531   512  2967 D audio_hw_primary: disable_snd_device: snd_device(2: speaker)
08-06 03:40:17.532   918  3188 I hubconnection: sensorhub said: 'activate 3 enable:1'
08-06 03:40:17.541   512  2967 I soundtrigger: audio_extn_sound_trigger_update_device_status: device 0x2 of type 0 for Event 0
08-06 03:40:17.584 13866 13866 I GoogleInputMethodServic: GoogleInputMethodService.onFinishInput():3138 
08-06 03:40:17.585 13866 13866 I GoogleInputMethodServic: GoogleInputMethodService.onStartInput():1808 
08-06 03:40:17.627  7310  7323 I art     : Starting a blocking GC Explicit
08-06 03:40:17.679  7310  7323 I art     : Explicit concurrent mark sweep GC freed 1825(102KB) AllocSpace objects, 2(48KB) LOS objects, 6% free, 236MB/252MB, paused 1.564ms total 52.291ms
08-06 03:40:17.699  7310  7323 I art     : Starting a blocking GC Explicit
08-06 03:40:17.718  7310  7310 D CompassActivity: will set rotation from 0.0 to 178.44647
08-06 03:40:17.718  7310  7310 D CompassActivity: will set rotation from 178.44647 to 178.70209
08-06 03:40:17.718  7310  7310 D CompassActivity: will set rotation from 178.70209 to 178.69354
08-06 03:40:17.727   918   936 I ActivityManager: Displayed baseline.io.github.project_travel_mate/.utilities.CompassActivity: +762ms
08-06 03:40:17.756  7310  7323 I art     : Explicit concurrent mark sweep GC freed 92(3KB) AllocSpace objects, 0(0B) LOS objects, 6% free, 236MB/252MB, paused 1.209ms total 57.332ms
08-06 03:40:17.789  7310  7323 I art     : Starting a blocking GC Explicit
08-06 03:40:17.806  7310  7310 D CompassActivity: will set rotation from 178.69354 to 178.83032
08-06 03:40:17.806  7310  7310 D CompassActivity: will set rotation from 178.83032 to 178.82294
08-06 03:40:17.807  7310  7310 D CompassActivity: will set rotation from 178.82294 to 178.8966
08-06 03:40:17.807  7310  7310 D CompassActivity: will set rotation from 178.8966 to 178.90137
08-06 03:40:17.807  7310  7310 D CompassActivity: will set rotation from 178.90137 to 178.78552
08-06 03:40:17.807  7310  7310 D CompassActivity: will set rotation from 178.78552 to 178.78198
08-06 03:40:17.807  7310  7310 D CompassActivity: will set rotation from 178.78198 to 178.76654
08-06 03:40:17.807  7310  7310 D CompassActivity: will set rotation from 178.76654 to 178.75958
08-06 03:40:17.807  7310  7310 D CompassActivity: will set rotation from 178.75958 to 178.75616
08-06 03:40:17.807  7310  7310 D CompassActivity: will set rotation from 178.75616 to 178.76086
08-06 03:40:17.845  7310  7323 I art     : Explicit concurrent mark sweep GC freed 99(6KB) AllocSpace objects, 0(0B) LOS objects, 6% free, 236MB/252MB, paused 1.290ms total 56.392ms
08-06 03:40:17.866  7310  7323 I art     : Starting a blocking GC Explicit
08-06 03:40:17.900  7310  7310 D CompassActivity: will set rotation from 178.76086 to 178.81982
08-06 03:40:17.900  7310  7310 D CompassActivity: will set rotation from 178.81982 to 178.8186
08-06 03:40:17.900  7310  7310 D CompassActivity: will set rotation from 178.8186 to 178.86792
08-06 03:40:17.900  7310  7310 D CompassActivity: will set rotation from 178.86792 to 178.86792
08-06 03:40:17.900  7310  7310 D CompassActivity: will set rotation from 178.86792 to 178.85974
08-06 03:40:17.901  7310  7310 D CompassActivity: will set rotation from 178.85974 to 178.86273
08-06 03:40:17.901  7310  7310 D CompassActivity: will set rotation from 178.86273 to 178.80127
08-06 03:40:17.901  7310  7310 D CompassActivity: will set rotation from 178.80127 to 178.8039
08-06 03:40:17.901  7310  7310 D CompassActivity: will set rotation from 178.8039 to 178.74524
08-06 03:40:17.901  7310  7310 D CompassActivity: will set rotation from 178.74524 to 178.7456
08-06 03:40:17.924  7310  7323 I art     : Explicit concurrent mark sweep GC freed 206(10KB) AllocSpace objects, 0(0B) LOS objects, 6% free, 236MB/252MB, paused 1.451ms total 57.667ms
08-06 03:40:17.924  7310  7310 D CompassActivity: will set rotation from 178.7456 to 178.83527
08-06 03:40:17.924  7310  7321 I art     : WaitForGcToComplete blocked for 49.875ms for cause HeapTrim
08-06 03:40:17.924  7310  7310 D CompassActivity: will set rotation from 178.83527 to 178.83643
08-06 03:40:17.940  7310  7310 D CompassActivity: will set rotation from 178.83643 to 178.78467
08-06 03:40:17.941  7310  7310 D CompassActivity: will set rotation from 178.78467 to 178.78735
08-06 03:40:17.943  7310  7323 I art     : Starting a blocking GC Explicit
08-06 03:40:17.957   380   380 W SurfaceFlinger: couldn't log to binary event log: overflow.
08-06 03:40:17.960  7310  7310 D CompassActivity: will set rotation from 178.78735 to 178.78271
08-06 03:40:17.961  7310  7310 D CompassActivity: will set rotation from 178.78271 to 178.78473
08-06 03:40:17.980  7310  7310 D CompassActivity: will set rotation from 178.78473 to 178.78271
08-06 03:40:17.980  7310  7310 D CompassActivity: will set rotation from 178.78271 to 178.78949
08-06 03:40:17.990  7310  7323 I art     : Explicit concurrent mark sweep GC freed 195(9KB) AllocSpace objects, 0(0B) LOS objects, 6% free, 236MB/252MB, paused 1.148ms total 47.693ms
08-06 03:40:18.000  7310  7310 D CompassActivity: will set rotation from 178.78949 to 178.72186
08-06 03:40:18.000  7310  7310 D CompassActivity: will set rotation from 178.72186 to 178.7193
08-06 03:40:18.020  7310  7310 D CompassActivity: will set rotation from 178.7193 to 178.69043
08-06 03:40:18.020  7310  7310 D CompassActivity: will set rotation from 178.69043 to 178.69153
08-06 03:40:18.041  7310  7310 D CompassActivity: will set rotation from 178.69153 to 178.73676
08-06 03:40:18.041  7310  7310 D CompassActivity: will set rotation from 178.73676 to 178.7378
08-06 03:40:18.060  7310  7310 D CompassActivity: will set rotation from 178.7378 to 178.80798
08-06 03:40:18.060  7310  7310 D CompassActivity: will set rotation from 178.80798 to 178.80682
08-06 03:40:18.080  7310  7310 D CompassActivity: will set rotation from 178.80682 to 178.89807
08-06 03:40:18.080  7310  7310 D CompassActivity: will set rotation from 178.89807 to 178.89917
08-06 03:40:18.182  7310  7310 D CompassActivity: will set rotation from 178.89917 to 178.89355
08-06 03:40:18.182  7310  7310 D CompassActivity: will set rotation from 178.89355 to 178.89587
08-06 03:40:18.182  7310  7310 D CompassActivity: will set rotation from 178.89587 to 178.94385
08-06 03:40:18.182  7310  7310 D CompassActivity: will set rotation from 178.94385 to 178.94519
08-06 03:40:18.182  7310  7310 D CompassActivity: will set rotation from 178.94519 to 178.9925
08-06 03:40:18.183  7310  7310 D CompassActivity: will set rotation from 178.9925 to 178.99304
08-06 03:40:18.183  7310  7310 D CompassActivity: will set rotation from 178.99304 to 179.01062
08-06 03:40:18.183  7310  7310 D CompassActivity: will set rotation from 179.01062 to 179.01282
08-06 03:40:18.183  7310  7310 D CompassActivity: will set rotation from 179.01282 to 179.02899
08-06 03:40:18.183  7310  7310 D CompassActivity: will set rotation from 179.02899 to 179.02655
08-06 03:40:18.200  7310  7310 D CompassActivity: will set rotation from 179.02655 to 179.03601
08-06 03:40:18.201  7310  7310 D CompassActivity: will set rotation from 179.03601 to 179.03271
08-06 03:40:18.220  7310  7310 D CompassActivity: will set rotation from 179.03271 to 179.06958
08-06 03:40:18.220  7310  7310 D CompassActivity: will set rotation from 179.06958 to 179.06769
08-06 03:40:18.239  7310  7310 D CompassActivity: will set rotation from 179.06769 to 179.05078
08-06 03:40:18.239  7310  7310 D CompassActivity: will set rotation from 179.05078 to 179.04797
08-06 03:40:18.260  7310  7310 D CompassActivity: will set rotation from 179.04797 to 179.0318
08-06 03:40:18.260  7310  7310 D CompassActivity: will set rotation from 179.0318 to 179.03064
08-06 03:40:18.279  7310  7310 D CompassActivity: will set rotation from 179.03064 to 179.09119
08-06 03:40:18.279  7310  7310 D CompassActivity: will set rotation from 179.09119 to 179.0896
08-06 03:40:18.299  7310  7310 D CompassActivity: will set rotation from 179.0896 to 179.10046
08-06 03:40:18.299  7310  7310 D CompassActivity: will set rotation from 179.10046 to 179.09949
08-06 03:40:18.319  7310  7310 D CompassActivity: will set rotation from 179.09949 to 179.08643
08-06 03:40:18.319  7310  7310 D CompassActivity: will set rotation from 179.08643 to 179.08508
08-06 03:40:18.339  7310  7310 D CompassActivity: will set rotation from 179.08508 to 179.07092
08-06 03:40:18.339  7310  7310 D CompassActivity: will set rotation from 179.07092 to 179.07532
08-06 03:40:18.361  7310  7310 D CompassActivity: will set rotation from 179.07532 to 179.08484
08-06 03:40:18.361  7310  7310 D CompassActivity: will set rotation from 179.08484 to 179.08337
08-06 03:40:18.379  7310  7310 D CompassActivity: will set rotation from 179.08337 to 179.11096
08-06 03:40:18.379  7310  7310 D CompassActivity: will set rotation from 179.11096 to 179.10822
08-06 03:40:18.382  7310  8254 I art     : Starting a blocking GC Explicit
08-06 03:40:18.384  6649  6649 I ServiceManager: Waiting for service AtCmdFwd...
08-06 03:40:18.398  7310  7310 D CompassActivity: will set rotation from 179.10822 to 179.11603
08-06 03:40:18.399  7310  7310 D CompassActivity: will set rotation from 179.11603 to 179.11395
08-06 03:40:18.418  7310  7310 D CompassActivity: will set rotation from 179.11395 to 179.1438
08-06 03:40:18.419  7310  7310 D CompassActivity: will set rotation from 179.1438 to 179.14185
08-06 03:40:18.439  7310  7310 D CompassActivity: will set rotation from 179.14185 to 179.16833
08-06 03:40:18.439  7310  7310 D CompassActivity: will set rotation from 179.16833 to 179.1695
08-06 03:40:18.445  7310  8254 I art     : Explicit concurrent mark sweep GC freed 2117(123KB) AllocSpace objects, 2(48KB) LOS objects, 6% free, 236MB/252MB, paused 1.865ms total 62.618ms
08-06 03:40:18.460  7310  7310 D CompassActivity: will set rotation from 179.1695 to 179.17218
08-06 03:40:18.460  7310  7310 D CompassActivity: will set rotation from 179.17218 to 179.17157
08-06 03:40:18.464  7310  8254 I art     : Starting a blocking GC Explicit
08-06 03:40:18.479  7310  7310 D CompassActivity: will set rotation from 179.17157 to 179.17609
08-06 03:40:18.479  7310  7310 D CompassActivity: will set rotation from 179.17609 to 179.17554
08-06 03:40:18.498  7310  7310 D CompassActivity: will set rotation from 179.17554 to 179.1792
08-06 03:40:18.498  7310  7310 D CompassActivity: will set rotation from 179.1792 to 179.18079
08-06 03:40:18.518  7310  7310 D CompassActivity: will set rotation from 179.18079 to 179.18884
08-06 03:40:18.518  7310  7310 D CompassActivity: will set rotation from 179.18884 to 179.18903
08-06 03:40:18.526  7310  8254 I art     : Explicit concurrent mark sweep GC freed 738(30KB) AllocSpace objects, 0(0B) LOS objects, 6% free, 236MB/252MB, paused 1.452ms total 61.070ms
08-06 03:40:18.538  7310  7310 D CompassActivity: will set rotation from 179.18903 to 179.23193
08-06 03:40:18.539  7310  7310 D CompassActivity: will set rotation from 179.23193 to 179.22925
08-06 03:40:18.546  7310  8254 I art     : Starting a blocking GC Explicit
08-06 03:40:18.561  7310  7310 D CompassActivity: will set rotation from 179.22925 to 179.26794
08-06 03:40:18.562  7310  7310 D CompassActivity: will set rotation from 179.26794 to 179.26941
08-06 03:40:18.580  7310  7310 D CompassActivity: will set rotation from 179.26941 to 179.26904
08-06 03:40:18.580  7310  7310 D CompassActivity: will set rotation from 179.26904 to 179.27124
08-06 03:40:18.598  7310  7310 D CompassActivity: will set rotation from 179.27124 to 179.23303
08-06 03:40:18.598  7310  7310 D CompassActivity: will set rotation from 179.23303 to 179.2312
08-06 03:40:18.610  7310  8254 I art     : Explicit concurrent mark sweep GC freed 175(8KB) AllocSpace objects, 0(0B) LOS objects, 6% free, 236MB/252MB, paused 1.537ms total 63.807ms
08-06 03:40:18.618  7310  7310 D CompassActivity: will set rotation from 179.2312 to 179.21106
08-06 03:40:18.618  7310  7310 D CompassActivity: will set rotation from 179.21106 to 179.2096
08-06 03:40:18.630  7310  8254 I art     : Starting a blocking GC Explicit
08-06 03:40:18.638  7310  7310 D CompassActivity: will set rotation from 179.2096 to 179.19244
08-06 03:40:18.639  7310  7310 D CompassActivity: will set rotation from 179.19244 to 179.19318
08-06 03:40:18.659  7310  7310 D CompassActivity: will set rotation from 179.19318 to 179.21515
08-06 03:40:18.659  7310  7310 D CompassActivity: will set rotation from 179.21515 to 179.2149
08-06 03:40:18.679  7310  7310 D CompassActivity: will set rotation from 179.2149 to 179.17969
08-06 03:40:18.680  7310  7310 D CompassActivity: will set rotation from 179.17969 to 179.18
08-06 03:40:18.700  7310  8254 I art     : Explicit concurrent mark sweep GC freed 175(8KB) AllocSpace objects, 0(0B) LOS objects, 6% free, 236MB/252MB, paused 1.407ms total 69.763ms
08-06 03:40:18.703  7310  7310 D CompassActivity: will set rotation from 179.18 to 179.21826
08-06 03:40:18.703  7310  7310 D CompassActivity: will set rotation from 179.21826 to 179.21887
08-06 03:40:18.718  7310  7310 D CompassActivity: will set rotation from 179.21887 to 179.22046
08-06 03:40:18.718  7310  7310 D CompassActivity: will set rotation from 179.22046 to 179.22113
08-06 03:40:18.722  7310  8254 I art     : Starting a blocking GC Explicit
08-06 03:40:18.737  7310  7310 D CompassActivity: will set rotation from 179.22113 to 179.22229
08-06 03:40:18.738  7310  7310 D CompassActivity: will set rotation from 179.22229 to 179.22119
08-06 03:40:18.758  7310  7310 D CompassActivity: will set rotation from 179.22119 to 179.22455
08-06 03:40:18.758  7310  7310 D CompassActivity: will set rotation from 179.22455 to 179.22351
08-06 03:40:18.779  7310  7310 D CompassActivity: will set rotation from 179.22351 to 179.26135
08-06 03:40:18.779  7310  7310 D CompassActivity: will set rotation from 179.26135 to 179.2605
08-06 03:40:18.780  7310  8254 I art     : Explicit concurrent mark sweep GC freed 175(8KB) AllocSpace objects, 0(0B) LOS objects, 6% free, 236MB/252MB, paused 1.207ms total 57.369ms
08-06 03:40:18.798  7310  7310 D CompassActivity: will set rotation from 179.2605 to 179.26135
08-06 03:40:18.798  7310  7310 D CompassActivity: will set rotation from 179.26135 to 179.26007
08-06 03:40:18.818  7310  7310 D CompassActivity: will set rotation from 179.26007 to 179.26239
08-06 03:40:18.818  7310  7310 D CompassActivity: will set rotation from 179.26239 to 179.26276
08-06 03:40:18.838  7310  7310 D CompassActivity: will set rotation from 179.26276 to 179.24939
08-06 03:40:18.838  7310  7310 D CompassActivity: will set rotation from 179.24939 to 179.25049
08-06 03:40:18.858  7310  7310 D CompassActivity: will set rotation from 179.25049 to 179.25073
08-06 03:40:18.858  7310  7310 D CompassActivity: will set rotation from 179.25073 to 179.24915
08-06 03:40:18.878  7310  7310 D CompassActivity: will set rotation from 179.24915 to 179.26654
08-06 03:40:18.878  7310  7310 D CompassActivity: will set rotation from 179.26654 to 179.26581
08-06 03:40:18.898  7310  7310 D CompassActivity: will set rotation from 179.26581 to 179.2644
08-06 03:40:18.898  7310  7310 D CompassActivity: will set rotation from 179.2644 to 179.26422
08-06 03:40:18.917  7310  7310 D CompassActivity: will set rotation from 179.26422 to 179.26843
08-06 03:40:18.918  7310  7310 D CompassActivity: will set rotation from 179.26843 to 179.2688
08-06 03:40:18.937  7310  7310 D CompassActivity: will set rotation from 179.2688 to 179.25305
08-06 03:40:18.937  7310  7310 D CompassActivity: will set rotation from 179.25305 to 179.25415
08-06 03:40:18.959  7310  7310 D CompassActivity: will set rotation from 179.25415 to 179.27295
08-06 03:40:18.960  7310  7310 D CompassActivity: will set rotation from 179.27295 to 179.2732
08-06 03:40:18.978  7310  7310 D CompassActivity: will set rotation from 179.2732 to 179.2572
08-06 03:40:18.978  7310  7310 D CompassActivity: will set rotation from 179.2572 to 179.2525
08-06 03:40:18.997  7310  7310 D CompassActivity: will set rotation from 179.2525 to 179.23547
08-06 03:40:18.997  7310  7310 D CompassActivity: will set rotation from 179.23547 to 179.23596
08-06 03:40:19.016  7310  7310 D CompassActivity: will set rotation from 179.23596 to 179.23724
08-06 03:40:19.017  7310  7310 D CompassActivity: will set rotation from 179.23724 to 179.23737
08-06 03:40:19.037  7310  7310 D CompassActivity: will set rotation from 179.23737 to 179.20563
08-06 03:40:19.037  7310  7310 D CompassActivity: will set rotation from 179.20563 to 179.20563
08-06 03:40:19.056  7310  7310 D CompassActivity: will set rotation from 179.20563 to 179.2572
08-06 03:40:19.057  7310  7310 D CompassActivity: will set rotation from 179.2572 to 179.2572
08-06 03:40:19.078  7310  7310 D CompassActivity: will set rotation from 179.2572 to 179.23895
08-06 03:40:19.078  7310  7310 D CompassActivity: will set rotation from 179.23895 to 179.23901
08-06 03:40:19.096  7310  7310 D CompassActivity: will set rotation from 179.23901 to 179.22302
08-06 03:40:19.096  7310  7310 D CompassActivity: will set rotation from 179.22302 to 179.2221
08-06 03:40:19.115  7310  7310 D CompassActivity: will set rotation from 179.2221 to 179.20648
08-06 03:40:19.116  7310  7310 D CompassActivity: will set rotation from 179.20648 to 179.2052
08-06 03:40:19.136  7310  7310 D CompassActivity: will set rotation from 179.2052 to 179.17523
08-06 03:40:19.136  7310  7310 D CompassActivity: will set rotation from 179.17523 to 179.17572
08-06 03:40:19.155  7310  7310 D CompassActivity: will set rotation from 179.17572 to 179.1944
08-06 03:40:19.156  7310  7310 D CompassActivity: will set rotation from 179.1944 to 179.19312
08-06 03:40:19.176  7310  7310 D CompassActivity: will set rotation from 179.19312 to 179.23108
08-06 03:40:19.177  7310  7310 D CompassActivity: will set rotation from 179.23108 to 179.23083
08-06 03:40:19.197  7310  7310 D CompassActivity: will set rotation from 179.23083 to 179.23273
08-06 03:40:19.197  7310  7310 D CompassActivity: will set rotation from 179.23273 to 179.23114
08-06 03:40:19.217  7310  7310 D CompassActivity: will set rotation from 179.23114 to 179.21533
08-06 03:40:19.217  7310  7310 D CompassActivity: will set rotation from 179.21533 to 179.21558
08-06 03:40:19.223  7310  7581 I art     : Starting a blocking GC Explicit
08-06 03:40:19.235  7310  7310 D CompassActivity: will set rotation from 179.21558 to 179.21619
08-06 03:40:19.235  7310  7310 D CompassActivity: will set rotation from 179.21619 to 179.21521
08-06 03:40:19.255  7310  7310 D CompassActivity: will set rotation from 179.21521 to 179.23212
08-06 03:40:19.255  7310  7310 D CompassActivity: will set rotation from 179.23212 to 179.23206
08-06 03:40:19.277  7310  7310 D CompassActivity: will set rotation from 179.23206 to 179.21637
08-06 03:40:19.277  7310  7310 D CompassActivity: will set rotation from 179.21637 to 179.21533
08-06 03:40:19.279  7310  7581 I art     : Explicit concurrent mark sweep GC freed 2101(123KB) AllocSpace objects, 2(48KB) LOS objects, 6% free, 236MB/252MB, paused 1.414ms total 55.635ms
08-06 03:40:19.295  7310  7310 D CompassActivity: will set rotation from 179.21533 to 179.18353
08-06 03:40:19.295  7310  7310 D CompassActivity: will set rotation from 179.18353 to 179.18335
08-06 03:40:19.297  7310  7581 I art     : Starting a blocking GC Explicit
08-06 03:40:19.314  7310  7310 D CompassActivity: will set rotation from 179.18335 to 179.18243
08-06 03:40:19.315  7310  7310 D CompassActivity: will set rotation from 179.18243 to 179.18274
08-06 03:40:19.335  7310  7310 D CompassActivity: will set rotation from 179.18274 to 179.18
08-06 03:40:19.336  7310  7310 D CompassActivity: will set rotation from 179.18 to 179.17957
08-06 03:40:19.351  7310  7581 I art     : Explicit concurrent mark sweep GC freed 819(32KB) AllocSpace objects, 0(0B) LOS objects, 6% free, 236MB/252MB, paused 1.276ms total 53.637ms
08-06 03:40:19.355  7310  7310 D CompassActivity: will set rotation from 179.17957 to 179.19788
08-06 03:40:19.356  7310  7310 D CompassActivity: will set rotation from 179.19788 to 179.19806
08-06 03:40:19.371  7310  7581 I art     : Starting a blocking GC Explicit
08-06 03:40:19.379  7310  7310 D CompassActivity: will set rotation from 179.19806 to 179.1853
08-06 03:40:19.379  7310  7310 D CompassActivity: will set rotation from 179.1853 to 179.18451
08-06 03:40:19.385  6649  6649 I ServiceManager: Waiting for service AtCmdFwd...
08-06 03:40:19.396  7310  7310 D CompassActivity: will set rotation from 179.18451 to 179.16895
08-06 03:40:19.397  7310  7310 D CompassActivity: will set rotation from 179.16895 to 179.16791
08-06 03:40:19.415  7310  7310 D CompassActivity: will set rotation from 179.16791 to 179.15503
08-06 03:40:19.416  7310  7310 D CompassActivity: will set rotation from 179.15503 to 179.15637
08-06 03:40:19.430  7310  7581 I art     : Explicit concurrent mark sweep GC freed 175(8KB) AllocSpace objects, 0(0B) LOS objects, 6% free, 236MB/252MB, paused 1.595ms total 58.148ms
08-06 03:40:19.437  7310  7310 D CompassActivity: will set rotation from 179.15637 to 179.12762
08-06 03:40:19.438  7310  7310 D CompassActivity: will set rotation from 179.12762 to 179.12769
08-06 03:40:19.449  7310  7581 I art     : Starting a blocking GC Explicit
08-06 03:40:19.456  7310  7310 D CompassActivity: will set rotation from 179.12769 to 179.11536
08-06 03:40:19.458  7310  7310 D CompassActivity: will set rotation from 179.11536 to 179.1131
08-06 03:40:19.477  7310  7310 D CompassActivity: will set rotation from 179.1131 to 179.11505
08-06 03:40:19.478  7310  7310 D CompassActivity: will set rotation from 179.11505 to 179.11682
08-06 03:40:19.496  7310  7310 D CompassActivity: will set rotation from 179.11682 to 179.11841
08-06 03:40:19.496  7310  7310 D CompassActivity: will set rotation from 179.11841 to 179.12
08-06 03:40:19.510  7310  7581 I art     : Explicit concurrent mark sweep GC freed 175(8KB) AllocSpace objects, 0(0B) LOS objects, 6% free, 236MB/252MB, paused 1.582ms total 59.401ms
08-06 03:40:19.516  7310  7310 D CompassActivity: will set rotation from 179.12 to 179.12445
08-06 03:40:19.517  7310  7310 D CompassActivity: will set rotation from 179.12445 to 179.12506
08-06 03:40:19.528  7310  7581 I art     : Starting a blocking GC Explicit
08-06 03:40:19.535  7310  7310 D CompassActivity: will set rotation from 179.12506 to 179.11292
08-06 03:40:19.535  7310  7310 D CompassActivity: will set rotation from 179.11292 to 179.11322
08-06 03:40:19.555  7310  7310 D CompassActivity: will set rotation from 179.11322 to 179.08777
08-06 03:40:19.555  7310  7310 D CompassActivity: will set rotation from 179.08777 to 179.08875
08-06 03:40:19.575  7310  7310 D CompassActivity: will set rotation from 179.08875 to 179.12506
08-06 03:40:19.576  7310  7310 D CompassActivity: will set rotation from 179.12506 to 179.12457
08-06 03:40:19.585  7310  7581 I art     : Explicit concurrent mark sweep GC freed 175(8KB) AllocSpace objects, 0(0B) LOS objects, 6% free, 236MB/252MB, paused 1.390ms total 56.625ms
08-06 03:40:19.595  7310  7310 D CompassActivity: will set rotation from 179.12457 to 179.1289
08-06 03:40:19.595  7310  7310 D CompassActivity: will set rotation from 179.1289 to 179.12872
08-06 03:40:19.615  7310  7310 D CompassActivity: will set rotation from 179.12872 to 179.14526
08-06 03:40:19.616  7310  7310 D CompassActivity: will set rotation from 179.14526 to 179.1466
08-06 03:40:19.634  7310  7310 D CompassActivity: will set rotation from 179.1466 to 179.13464
08-06 03:40:19.635  7310  7310 D CompassActivity: will set rotation from 179.13464 to 179.13513
08-06 03:40:19.654  7310  7310 D CompassActivity: will set rotation from 179.13513 to 179.1222
08-06 03:40:19.654  7310  7310 D CompassActivity: will set rotation from 179.1222 to 179.1239
08-06 03:40:19.674  7310  7310 D CompassActivity: will set rotation from 179.1239 to 179.12823
08-06 03:40:19.674  7310  7310 D CompassActivity: will set rotation from 179.12823 to 179.12695
08-06 03:40:19.697  7310  7310 D CompassActivity: will set rotation from 179.12695 to 179.10065
08-06 03:40:19.698  7310  7310 D CompassActivity: will set rotation from 179.10065 to 179.09741
08-06 03:40:19.714  7310  7310 D CompassActivity: will set rotation from 179.09741 to 179.10132
08-06 03:40:19.715  7310  7310 D CompassActivity: will set rotation from 179.10132 to 179.1004
08-06 03:40:19.734  7310  7310 D CompassActivity: will set rotation from 179.1004 to 179.08942
08-06 03:40:19.734  7310  7310 D CompassActivity: will set rotation from 179.08942 to 179.08875
08-06 03:40:19.753  7310  7310 D CompassActivity: will set rotation from 179.08875 to 179.09552
08-06 03:40:19.754  7310  7310 D CompassActivity: will set rotation from 179.09552 to 179.09552
08-06 03:40:19.757  9779  9779 D AndroidRuntime: >>>>>> START com.android.internal.os.RuntimeInit uid 2000 <<<<<<
08-06 03:40:19.764  9779  9779 D AndroidRuntime: CheckJNI is OFF
08-06 03:40:19.773  7310  7310 D CompassActivity: will set rotation from 179.09552 to 179.1156
08-06 03:40:19.773  7310  7310 D CompassActivity: will set rotation from 179.1156 to 179.1159
08-06 03:40:19.794  7310  7310 D CompassActivity: will set rotation from 179.1159 to 179.11877
08-06 03:40:19.794  7310  7310 D CompassActivity: will set rotation from 179.11877 to 179.11902
08-06 03:40:19.804  9779  9779 D ICU     : No timezone override file found: /data/misc/zoneinfo/current/icu/icu_tzdata.dat
08-06 03:40:19.812  7310  7310 D CompassActivity: will set rotation from 179.11902 to 179.1065
08-06 03:40:19.813  7310  7310 D CompassActivity: will set rotation from 179.1065 to 179.10583
08-06 03:40:19.832  7310  7310 D CompassActivity: will set rotation from 179.10583 to 179.08191
08-06 03:40:19.833  7310  7310 D CompassActivity: will set rotation from 179.08191 to 179.08246
08-06 03:40:19.846  9779  9779 I Radio-JNI: register_android_hardware_Radio DONE
08-06 03:40:19.853  7310  7310 D CompassActivity: will set rotation from 179.08246 to 179.08844
08-06 03:40:19.853  7310  7310 D CompassActivity: will set rotation from 179.08844 to 179.08801
08-06 03:40:19.872  7310  7310 D CompassActivity: will set rotation from 179.08801 to 179.1073
08-06 03:40:19.873  7310  7310 D CompassActivity: will set rotation from 179.1073 to 179.10828
08-06 03:40:19.876  9779  9779 D AndroidRuntime: Calling main entry com.android.commands.input.Input
08-06 03:40:19.878  9779  9779 I Input   : injectKeyEvent: KeyEvent { action=ACTION_DOWN, keyCode=KEYCODE_BACK, scanCode=0, metaState=0, flags=0x0, repeatCount=0, eventTime=848436291, downTime=848436291, deviceId=-1, source=0x101 }
08-06 03:40:19.883  9779  9779 I Input   : injectKeyEvent: KeyEvent { action=ACTION_UP, keyCode=KEYCODE_BACK, scanCode=0, metaState=0, flags=0x0, repeatCount=0, eventTime=848436291, downTime=848436291, deviceId=-1, source=0x101 }
08-06 03:40:19.889  9779  9779 D AndroidRuntime: Shutting down VM
08-06 03:40:19.893   918  6111 I sensors : activate
08-06 03:40:19.895   918  3696 I sensors : activate
08-06 03:40:19.899   918  3188 I hubconnection: sensorhub said: 'activate 1 enable:0'
08-06 03:40:19.900   918  3188 I hubconnection: sensorhub said: 'activate 3 enable:0'
08-06 03:40:19.926  7310  7310 V MainActivity: url = https://project-travel-mate.herokuapp.com/api/number-of-unread-notifications
08-06 03:40:20.003  7310  8254 I art     : Starting a blocking GC Explicit
08-06 03:40:20.049 13866 13866 I GoogleInputMethodServic: GoogleInputMethodService.onFinishInput():3138 
08-06 03:40:20.050 13866 13866 I GoogleInputMethodServic: GoogleInputMethodService.onStartInput():1808 
08-06 03:40:20.059  7310  8254 I art     : Explicit concurrent mark sweep GC freed 2392(133KB) AllocSpace objects, 2(48KB) LOS objects, 6% free, 236MB/252MB, paused 1.628ms total 55.690ms
08-06 03:40:20.078  7310  8254 I art     : Starting a blocking GC Explicit
08-06 03:40:20.131  7310  8254 I art     : Explicit concurrent mark sweep GC freed 577(21KB) AllocSpace objects, 0(0B) LOS objects, 6% free, 236MB/252MB, paused 1.364ms total 52.700ms
08-06 03:40:20.149  7310  8254 I art     : Starting a blocking GC Explicit
08-06 03:40:20.200  7310  8254 I art     : Explicit concurrent mark sweep GC freed 44(2064B) AllocSpace objects, 0(0B) LOS objects, 6% free, 236MB/252MB, paused 1.250ms total 50.806ms
08-06 03:40:20.221  7310  8254 I art     : Starting a blocking GC Explicit
08-06 03:40:20.282  7310  8254 I art     : Explicit concurrent mark sweep GC freed 5(192B) AllocSpace objects, 0(0B) LOS objects, 6% free, 236MB/252MB, paused 1.520ms total 61.105ms
08-06 03:40:20.292   518   646 I ThermalEngine: ACTION: GPU - Setting GPU[0] to 390000000
08-06 03:40:20.311  7310  7310 D CompassActivity: stop compass
08-06 03:40:20.315  7310  8254 I art     : Starting a blocking GC Explicit
08-06 03:40:20.326   380   380 W SurfaceFlinger: couldn't log to binary event log: overflow.
08-06 03:40:20.381  7310  8254 I art     : Explicit concurrent mark sweep GC freed 19(672B) AllocSpace objects, 0(0B) LOS objects, 6% free, 236MB/252MB, paused 1.906ms total 65.691ms
08-06 03:40:20.385  6649  6649 I ServiceManager: Waiting for service AtCmdFwd...
08-06 03:40:20.478  7310  9802 I NAPPA_EXPERIMENTATION: MetricNetworkRequestExecutionTime: REQUEST_DURATION_SYSTEM='550',REQUEST_DURATION_OKHTTP='32',REQUEST_SYNCHRONOUS='FALSE',RESPONSE_CODE='200',RESPONSE_METHOD='GET',RESPONSE_LENGTH_OKHTTP='36',RESPONSE_LENGTH_HEADER='36',REQUEST_PROTOCOL='http/1.1',REQUEST_URL='https://project-travel-mate.herokuapp.com/api/number-of-unread-notifications',
08-06 03:40:20.850  7310  7329 I art     : Starting a blocking GC Explicit
08-06 03:40:20.948  7310  7329 I art     : Explicit concurrent mark sweep GC freed 4528(247KB) AllocSpace objects, 5(248KB) LOS objects, 6% free, 236MB/252MB, paused 2.334ms total 96.841ms
08-06 03:40:20.980  7310  7329 I art     : Starting a blocking GC Explicit
08-06 03:40:21.085  7310  7329 I art     : Explicit concurrent mark sweep GC freed 2125(193KB) AllocSpace objects, 3(52MB) LOS objects, 7% free, 184MB/200MB, paused 2.594ms total 104.822ms
08-06 03:40:21.118  7310  7329 I art     : Starting a blocking GC Explicit
08-06 03:40:21.185  7310  7329 I art     : Explicit concurrent mark sweep GC freed 51(1664B) AllocSpace objects, 0(0B) LOS objects, 7% free, 184MB/200MB, paused 1.963ms total 67.067ms
08-06 03:40:21.211  7310  7329 I art     : Starting a blocking GC Explicit
08-06 03:40:21.281  7310  7329 I art     : Explicit concurrent mark sweep GC freed 3(96B) AllocSpace objects, 0(0B) LOS objects, 7% free, 184MB/200MB, paused 2.059ms total 69.271ms
08-06 03:40:21.307  7310  7329 I art     : Starting a blocking GC Explicit
08-06 03:40:21.377  7310  7329 I art     : Explicit concurrent mark sweep GC freed 3(96B) AllocSpace objects, 0(0B) LOS objects, 7% free, 184MB/200MB, paused 2.021ms total 69.894ms
08-06 03:40:21.386  6649  6649 W Atfwd_Sendcmd: AtCmdFwd service not published, waiting... retryCnt : 1
08-06 03:40:21.793  9814  9814 D AndroidRuntime: >>>>>> START com.android.internal.os.RuntimeInit uid 2000 <<<<<<
08-06 03:40:21.800  9814  9814 D AndroidRuntime: CheckJNI is OFF
08-06 03:40:21.843  7310  7329 I art     : Starting a blocking GC Explicit
08-06 03:40:21.858  9814  9814 D ICU     : No timezone override file found: /data/misc/zoneinfo/current/icu/icu_tzdata.dat
08-06 03:40:21.900  9814  9814 I Radio-JNI: register_android_hardware_Radio DONE
08-06 03:40:21.911  7310  7329 I art     : Explicit concurrent mark sweep GC freed 1610(92KB) AllocSpace objects, 2(48KB) LOS objects, 7% free, 184MB/200MB, paused 2.031ms total 67.590ms
08-06 03:40:21.934  9814  9814 D AndroidRuntime: Calling main entry com.android.commands.input.Input
08-06 03:40:21.937  9814  9814 I Input   : injectMotionEvent: MotionEvent { action=ACTION_DOWN, actionButton=0, id[0]=0, x[0]=500.0, y[0]=2000.0, toolType[0]=TOOL_TYPE_UNKNOWN, buttonState=0, metaState=0, flags=0x0, edgeFlags=0x0, pointerCount=1, historySize=0, eventTime=848438349, downTime=848438349, deviceId=0, source=0x1002 }
08-06 03:40:21.937  7310  7329 I art     : Starting a blocking GC Explicit
08-06 03:40:21.943  9814  9814 I Input   : injectMotionEvent: MotionEvent { action=ACTION_MOVE, actionButton=0, id[0]=0, x[0]=500.0, y[0]=2000.0, toolType[0]=TOOL_TYPE_UNKNOWN, buttonState=0, metaState=0, flags=0x0, edgeFlags=0x0, pointerCount=1, historySize=0, eventTime=848438349, downTime=848438349, deviceId=0, source=0x1002 }
08-06 03:40:21.963  9814  9814 I Input   : injectMotionEvent: MotionEvent { action=ACTION_MOVE, actionButton=0, id[0]=0, x[0]=500.0, y[0]=1946.8, toolType[0]=TOOL_TYPE_UNKNOWN, buttonState=0, metaState=0, flags=0x0, edgeFlags=0x0, pointerCount=1, historySize=0, eventTime=848438377, downTime=848438377, deviceId=0, source=0x1002 }
08-06 03:40:21.979  9814  9814 I Input   : injectMotionEvent: MotionEvent { action=ACTION_MOVE, actionButton=0, id[0]=0, x[0]=500.0, y[0]=1918.3, toolType[0]=TOOL_TYPE_UNKNOWN, buttonState=0, metaState=0, flags=0x0, edgeFlags=0x0, pointerCount=1, historySize=0, eventTime=848438392, downTime=848438392, deviceId=0, source=0x1002 }
08-06 03:40:22.006  9814  9814 I Input   : injectMotionEvent: MotionEvent { action=ACTION_MOVE, actionButton=0, id[0]=0, x[0]=500.0, y[0]=1867.0, toolType[0]=TOOL_TYPE_UNKNOWN, buttonState=0, metaState=0, flags=0x0, edgeFlags=0x0, pointerCount=1, historySize=0, eventTime=848438419, downTime=848438419, deviceId=0, source=0x1002 }
08-06 03:40:22.010  7310  7329 I art     : Explicit concurrent mark sweep GC freed 61(2304B) AllocSpace objects, 0(0B) LOS objects, 7% free, 184MB/200MB, paused 2.334ms total 72.849ms
08-06 03:40:22.030  9814  9814 I Input   : injectMotionEvent: MotionEvent { action=ACTION_MOVE, actionButton=0, id[0]=0, x[0]=500.0, y[0]=1821.4, toolType[0]=TOOL_TYPE_UNKNOWN, buttonState=0, metaState=0, flags=0x0, edgeFlags=0x0, pointerCount=1, historySize=0, eventTime=848438443, downTime=848438443, deviceId=0, source=0x1002 }
08-06 03:40:22.044  7310  7329 I art     : Starting a blocking GC Explicit
08-06 03:40:22.052  9814  9814 I Input   : injectMotionEvent: MotionEvent { action=ACTION_MOVE, actionButton=0, id[0]=0, x[0]=500.0, y[0]=1779.6, toolType[0]=TOOL_TYPE_UNKNOWN, buttonState=0, metaState=0, flags=0x0, edgeFlags=0x0, pointerCount=1, historySize=0, eventTime=848438465, downTime=848438465, deviceId=0, source=0x1002 }
08-06 03:40:22.065  9814  9814 I Input   : injectMotionEvent: MotionEvent { action=ACTION_MOVE, actionButton=0, id[0]=0, x[0]=500.0, y[0]=1754.9, toolType[0]=TOOL_TYPE_UNKNOWN, buttonState=0, metaState=0, flags=0x0, edgeFlags=0x0, pointerCount=1, historySize=0, eventTime=848438478, downTime=848438478, deviceId=0, source=0x1002 }
08-06 03:40:22.079  9814  9814 I Input   : injectMotionEvent: MotionEvent { action=ACTION_MOVE, actionButton=0, id[0]=0, x[0]=500.0, y[0]=1728.3, toolType[0]=TOOL_TYPE_UNKNOWN, buttonState=0, metaState=0, flags=0x0, edgeFlags=0x0, pointerCount=1, historySize=0, eventTime=848438492, downTime=848438492, deviceId=0, source=0x1002 }
08-06 03:40:22.095  9814  9814 I Input   : injectMotionEvent: MotionEvent { action=ACTION_MOVE, actionButton=0, id[0]=0, x[0]=500.0, y[0]=1697.9, toolType[0]=TOOL_TYPE_UNKNOWN, buttonState=0, metaState=0, flags=0x0, edgeFlags=0x0, pointerCount=1, historySize=0, eventTime=848438508, downTime=848438508, deviceId=0, source=0x1002 }
08-06 03:40:22.112  9814  9814 I Input   : injectMotionEvent: MotionEvent { action=ACTION_MOVE, actionButton=0, id[0]=0, x[0]=500.0, y[0]=1665.6, toolType[0]=TOOL_TYPE_UNKNOWN, buttonState=0, metaState=0, flags=0x0, edgeFlags=0x0, pointerCount=1, historySize=0, eventTime=848438525, downTime=848438525, deviceId=0, source=0x1002 }
08-06 03:40:22.122  7310  7329 I art     : Explicit concurrent mark sweep GC freed 103(3KB) AllocSpace objects, 0(0B) LOS objects, 7% free, 184MB/200MB, paused 2.222ms total 78.469ms
08-06 03:40:22.130  9814  9814 I Input   : injectMotionEvent: MotionEvent { action=ACTION_MOVE, actionButton=0, id[0]=0, x[0]=500.0, y[0]=1631.4, toolType[0]=TOOL_TYPE_UNKNOWN, buttonState=0, metaState=0, flags=0x0, edgeFlags=0x0, pointerCount=1, historySize=0, eventTime=848438543, downTime=848438543, deviceId=0, source=0x1002 }
08-06 03:40:22.146  9814  9814 I Input   : injectMotionEvent: MotionEvent { action=ACTION_MOVE, actionButton=0, id[0]=0, x[0]=500.0, y[0]=1601.0, toolType[0]=TOOL_TYPE_UNKNOWN, buttonState=0, metaState=0, flags=0x0, edgeFlags=0x0, pointerCount=1, historySize=0, eventTime=848438559, downTime=848438559, deviceId=0, source=0x1002 }
08-06 03:40:22.162  9814  9814 I Input   : injectMotionEvent: MotionEvent { action=ACTION_MOVE, actionButton=0, id[0]=0, x[0]=500.0, y[0]=1570.6, toolType[0]=TOOL_TYPE_UNKNOWN, buttonState=0, metaState=0, flags=0x0, edgeFlags=0x0, pointerCount=1, historySize=0, eventTime=848438575, downTime=848438575, deviceId=0, source=0x1002 }
08-06 03:40:22.168  7310  7329 I art     : Starting a blocking GC Explicit
08-06 03:40:22.182  9814  9814 I Input   : injectMotionEvent: MotionEvent { action=ACTION_MOVE, actionButton=0, id[0]=0, x[0]=500.0, y[0]=1532.6, toolType[0]=TOOL_TYPE_UNKNOWN, buttonState=0, metaState=0, flags=0x0, edgeFlags=0x0, pointerCount=1, historySize=0, eventTime=848438595, downTime=848438595, deviceId=0, source=0x1002 }
08-06 03:40:22.196  9814  9814 I Input   : injectMotionEvent: MotionEvent { action=ACTION_MOVE, actionButton=0, id[0]=0, x[0]=500.0, y[0]=1506.0, toolType[0]=TOOL_TYPE_UNKNOWN, buttonState=0, metaState=0, flags=0x0, edgeFlags=0x0, pointerCount=1, historySize=0, eventTime=848438609, downTime=848438609, deviceId=0, source=0x1002 }
08-06 03:40:22.213  9814  9814 I Input   : injectMotionEvent: MotionEvent { action=ACTION_MOVE, actionButton=0, id[0]=0, x[0]=500.0, y[0]=1473.7, toolType[0]=TOOL_TYPE_UNKNOWN, buttonState=0, metaState=0, flags=0x0, edgeFlags=0x0, pointerCount=1, historySize=0, eventTime=848438626, downTime=848438626, deviceId=0, source=0x1002 }
08-06 03:40:22.230  9814  9814 I Input   : injectMotionEvent: MotionEvent { action=ACTION_MOVE, actionButton=0, id[0]=0, x[0]=500.0, y[0]=1441.4, toolType[0]=TOOL_TYPE_UNKNOWN, buttonState=0, metaState=0, flags=0x0, edgeFlags=0x0, pointerCount=1, historySize=0, eventTime=848438643, downTime=848438643, deviceId=0, source=0x1002 }
08-06 03:40:22.237  7310  7329 I art     : Explicit concurrent mark sweep GC freed 36(1824B) AllocSpace objects, 0(0B) LOS objects, 7% free, 184MB/200MB, paused 1.833ms total 68.652ms
08-06 03:40:22.248  9814  9814 I Input   : injectMotionEvent: MotionEvent { action=ACTION_MOVE, actionButton=0, id[0]=0, x[0]=500.0, y[0]=1407.2, toolType[0]=TOOL_TYPE_UNKNOWN, buttonState=0, metaState=0, flags=0x0, edgeFlags=0x0, pointerCount=1, historySize=0, eventTime=848438661, downTime=848438661, deviceId=0, source=0x1002 }
08-06 03:40:22.263  9814  9814 I Input   : injectMotionEvent: MotionEvent { action=ACTION_MOVE, actionButton=0, id[0]=0, x[0]=500.0, y[0]=1378.7, toolType[0]=TOOL_TYPE_UNKNOWN, buttonState=0, metaState=0, flags=0x0, edgeFlags=0x0, pointerCount=1, historySize=0, eventTime=848438676, downTime=848438676, deviceId=0, source=0x1002 }
08-06 03:40:22.270  7310  7329 I art     : Starting a blocking GC Explicit
08-06 03:40:22.280  9814  9814 I Input   : injectMotionEvent: MotionEvent { action=ACTION_MOVE, actionButton=0, id[0]=0, x[0]=500.0, y[0]=1346.3999, toolType[0]=TOOL_TYPE_UNKNOWN, buttonState=0, metaState=0, flags=0x0, edgeFlags=0x0, pointerCount=1, historySize=0, eventTime=848438693, downTime=848438693, deviceId=0, source=0x1002 }
08-06 03:40:22.298  9814  9814 I Input   : injectMotionEvent: MotionEvent { action=ACTION_MOVE, actionButton=0, id[0]=0, x[0]=500.0, y[0]=1312.2, toolType[0]=TOOL_TYPE_UNKNOWN, buttonState=0, metaState=0, flags=0x0, edgeFlags=0x0, pointerCount=1, historySize=0, eventTime=848438711, downTime=848438711, deviceId=0, source=0x1002 }
08-06 03:40:22.313  9814  9814 I Input   : injectMotionEvent: MotionEvent { action=ACTION_MOVE, actionButton=0, id[0]=0, x[0]=500.0, y[0]=1283.7, toolType[0]=TOOL_TYPE_UNKNOWN, buttonState=0, metaState=0, flags=0x0, edgeFlags=0x0, pointerCount=1, historySize=0, eventTime=848438726, downTime=848438726, deviceId=0, source=0x1002 }
08-06 03:40:22.333  9814  9814 I Input   : injectMotionEvent: MotionEvent { action=ACTION_MOVE, actionButton=0, id[0]=0, x[0]=500.0, y[0]=1245.7, toolType[0]=TOOL_TYPE_UNKNOWN, buttonState=0, metaState=0, flags=0x0, edgeFlags=0x0, pointerCount=1, historySize=0, eventTime=848438746, downTime=848438746, deviceId=0, source=0x1002 }
08-06 03:40:22.355  9814  9814 I Input   : injectMotionEvent: MotionEvent { action=ACTION_MOVE, actionButton=0, id[0]=0, x[0]=500.0, y[0]=1203.9, toolType[0]=TOOL_TYPE_UNKNOWN, buttonState=0, metaState=0, flags=0x0, edgeFlags=0x0, pointerCount=1, historySize=0, eventTime=848438768, downTime=848438768, deviceId=0, source=0x1002 }
08-06 03:40:22.364  7310  7329 I art     : Explicit concurrent mark sweep GC freed 8(272B) AllocSpace objects, 0(0B) LOS objects, 7% free, 184MB/200MB, paused 2.740ms total 93.019ms
08-06 03:40:22.369  9814  9814 I Input   : injectMotionEvent: MotionEvent { action=ACTION_MOVE, actionButton=0, id[0]=0, x[0]=500.0, y[0]=1177.3, toolType[0]=TOOL_TYPE_UNKNOWN, buttonState=0, metaState=0, flags=0x0, edgeFlags=0x0, pointerCount=1, historySize=0, eventTime=848438782, downTime=848438782, deviceId=0, source=0x1002 }
08-06 03:40:22.444  9814  9814 I Input   : injectMotionEvent: MotionEvent { action=ACTION_MOVE, actionButton=0, id[0]=0, x[0]=500.0, y[0]=1034.8, toolType[0]=TOOL_TYPE_UNKNOWN, buttonState=0, metaState=0, flags=0x0, edgeFlags=0x0, pointerCount=1, historySize=0, eventTime=848438857, downTime=848438857, deviceId=0, source=0x1002 }
08-06 03:40:22.510  9814  9814 I Input   : injectMotionEvent: MotionEvent { action=ACTION_MOVE, actionButton=0, id[0]=0, x[0]=500.0, y[0]=909.4, toolType[0]=TOOL_TYPE_UNKNOWN, buttonState=0, metaState=0, flags=0x0, edgeFlags=0x0, pointerCount=1, historySize=0, eventTime=848438923, downTime=848438923, deviceId=0, source=0x1002 }
08-06 03:40:22.576  9814  9814 I Input   : injectMotionEvent: MotionEvent { action=ACTION_MOVE, actionButton=0, id[0]=0, x[0]=500.0, y[0]=782.1001, toolType[0]=TOOL_TYPE_UNKNOWN, buttonState=0, metaState=0, flags=0x0, edgeFlags=0x0, pointerCount=1, historySize=0, eventTime=848438990, downTime=848438990, deviceId=0, source=0x1002 }
08-06 03:40:22.636  9814  9814 I Input   : injectMotionEvent: MotionEvent { action=ACTION_MOVE, actionButton=0, id[0]=0, x[0]=500.0, y[0]=668.1001, toolType[0]=TOOL_TYPE_UNKNOWN, buttonState=0, metaState=0, flags=0x0, edgeFlags=0x0, pointerCount=1, historySize=0, eventTime=848439050, downTime=848439050, deviceId=0, source=0x1002 }
08-06 03:40:22.696  9814  9814 I Input   : injectMotionEvent: MotionEvent { action=ACTION_MOVE, actionButton=0, id[0]=0, x[0]=500.0, y[0]=554.1001, toolType[0]=TOOL_TYPE_UNKNOWN, buttonState=0, metaState=0, flags=0x0, edgeFlags=0x0, pointerCount=1, historySize=0, eventTime=848439110, downTime=848439110, deviceId=0, source=0x1002 }
08-06 03:40:22.760  9814  9814 I Input   : injectMotionEvent: MotionEvent { action=ACTION_MOVE, actionButton=0, id[0]=0, x[0]=500.0, y[0]=432.5, toolType[0]=TOOL_TYPE_UNKNOWN, buttonState=0, metaState=0, flags=0x0, edgeFlags=0x0, pointerCount=1, historySize=0, eventTime=848439174, downTime=848439174, deviceId=0, source=0x1002 }
08-06 03:40:22.823  9814  9814 I Input   : injectMotionEvent: MotionEvent { action=ACTION_MOVE, actionButton=0, id[0]=0, x[0]=500.0, y[0]=314.69995, toolType[0]=TOOL_TYPE_UNKNOWN, buttonState=0, metaState=0, flags=0x0, edgeFlags=0x0, pointerCount=1, historySize=0, eventTime=848439236, downTime=848439236, deviceId=0, source=0x1002 }
08-06 03:40:22.824  7310  8254 I art     : Starting a blocking GC Explicit
08-06 03:40:22.890  7310  8254 I art     : Explicit concurrent mark sweep GC freed 1593(92KB) AllocSpace objects, 2(48KB) LOS objects, 7% free, 184MB/200MB, paused 1.817ms total 65.916ms
08-06 03:40:22.913  9814  9814 I Input   : injectMotionEvent: MotionEvent { action=ACTION_MOVE, actionButton=0, id[0]=0, x[0]=500.0, y[0]=141.80005, toolType[0]=TOOL_TYPE_UNKNOWN, buttonState=0, metaState=0, flags=0x0, edgeFlags=0x0, pointerCount=1, historySize=0, eventTime=848439327, downTime=848439327, deviceId=0, source=0x1002 }
08-06 03:40:22.916  7310  8254 I art     : Starting a blocking GC Explicit
08-06 03:40:22.952  9814  9814 I Input   : injectMotionEvent: MotionEvent { action=ACTION_UP, actionButton=0, id[0]=0, x[0]=500.0, y[0]=100.0, toolType[0]=TOOL_TYPE_UNKNOWN, buttonState=0, metaState=0, flags=0x0, edgeFlags=0x0, pointerCount=1, historySize=0, eventTime=848439365, downTime=848439365, deviceId=0, source=0x1002 }
08-06 03:40:22.986  7310  8254 I art     : Explicit concurrent mark sweep GC freed 34(1216B) AllocSpace objects, 0(0B) LOS objects, 7% free, 184MB/200MB, paused 1.816ms total 69.377ms
08-06 03:40:22.993  9814  9814 D AndroidRuntime: Shutting down VM
08-06 03:40:23.010  7310  8254 I art     : Starting a blocking GC Explicit
08-06 03:40:23.074  7310  8254 I art     : Explicit concurrent mark sweep GC freed 40(1088B) AllocSpace objects, 0(0B) LOS objects, 7% free, 184MB/200MB, paused 1.832ms total 63.159ms
08-06 03:40:23.074  7310  7321 I art     : WaitForGcToComplete blocked for 63.352ms for cause HeapTrim
08-06 03:40:23.098  7310  8254 I art     : Starting a blocking GC Explicit
08-06 03:40:23.168  7310  8254 I art     : Explicit concurrent mark sweep GC freed 4(128B) AllocSpace objects, 0(0B) LOS objects, 7% free, 184MB/200MB, paused 1.966ms total 69.532ms
08-06 03:40:23.194  7310  8254 I art     : Starting a blocking GC Explicit
08-06 03:40:23.265  7310  8254 I art     : Explicit concurrent mark sweep GC freed 3(96B) AllocSpace objects, 0(0B) LOS objects, 7% free, 184MB/200MB, paused 2.012ms total 69.865ms
08-06 03:40:23.751  7310  7322 I art     : Starting a blocking GC Explicit
08-06 03:40:23.819  7310  7322 I art     : Explicit concurrent mark sweep GC freed 1598(92KB) AllocSpace objects, 2(48KB) LOS objects, 7% free, 184MB/200MB, paused 2.133ms total 67.288ms
08-06 03:40:23.845  7310  7322 I art     : Starting a blocking GC Explicit
08-06 03:40:23.888  9853  9853 D AndroidRuntime: >>>>>> START com.android.internal.os.RuntimeInit uid 2000 <<<<<<
08-06 03:40:23.894  9853  9853 D AndroidRuntime: CheckJNI is OFF
08-06 03:40:23.914  7310  7322 I art     : Explicit concurrent mark sweep GC freed 28(1024B) AllocSpace objects, 0(0B) LOS objects, 7% free, 184MB/200MB, paused 1.971ms total 68.476ms
08-06 03:40:23.938  7310  7322 I art     : Starting a blocking GC Explicit
08-06 03:40:23.949  9853  9853 D ICU     : No timezone override file found: /data/misc/zoneinfo/current/icu/icu_tzdata.dat
08-06 03:40:23.994  9853  9853 I Radio-JNI: register_android_hardware_Radio DONE
08-06 03:40:24.008  7310  7322 I art     : Explicit concurrent mark sweep GC freed 3(96B) AllocSpace objects, 0(0B) LOS objects, 7% free, 184MB/200MB, paused 2.168ms total 69.145ms
08-06 03:40:24.027  9853  9853 D AndroidRuntime: Calling main entry com.android.commands.input.Input
08-06 03:40:24.029  9853  9853 I Input   : injectMotionEvent: MotionEvent { action=ACTION_DOWN, actionButton=0, id[0]=0, x[0]=500.0, y[0]=2000.0, toolType[0]=TOOL_TYPE_UNKNOWN, buttonState=0, metaState=0, flags=0x0, edgeFlags=0x0, pointerCount=1, historySize=0, eventTime=848440442, downTime=848440442, deviceId=0, source=0x1002 }
08-06 03:40:24.034  7310  7322 I art     : Starting a blocking GC Explicit
08-06 03:40:24.035  9853  9853 I Input   : injectMotionEvent: MotionEvent { action=ACTION_MOVE, actionButton=0, id[0]=0, x[0]=500.0, y[0]=2000.0, toolType[0]=TOOL_TYPE_UNKNOWN, buttonState=0, metaState=0, flags=0x0, edgeFlags=0x0, pointerCount=1, historySize=0, eventTime=848440442, downTime=848440442, deviceId=0, source=0x1002 }
08-06 03:40:24.048  9853  9853 I Input   : injectMotionEvent: MotionEvent { action=ACTION_MOVE, actionButton=0, id[0]=0, x[0]=500.0, y[0]=1963.9, toolType[0]=TOOL_TYPE_UNKNOWN, buttonState=0, metaState=0, flags=0x0, edgeFlags=0x0, pointerCount=1, historySize=0, eventTime=848440461, downTime=848440461, deviceId=0, source=0x1002 }
08-06 03:40:24.064  9853  9853 I Input   : injectMotionEvent: MotionEvent { action=ACTION_MOVE, actionButton=0, id[0]=0, x[0]=500.0, y[0]=1933.5, toolType[0]=TOOL_TYPE_UNKNOWN, buttonState=0, metaState=0, flags=0x0, edgeFlags=0x0, pointerCount=1, historySize=0, eventTime=848440477, downTime=848440477, deviceId=0, source=0x1002 }
08-06 03:40:24.084  9853  9853 I Input   : injectMotionEvent: MotionEvent { action=ACTION_MOVE, actionButton=0, id[0]=0, x[0]=500.0, y[0]=1895.5, toolType[0]=TOOL_TYPE_UNKNOWN, buttonState=0, metaState=0, flags=0x0, edgeFlags=0x0, pointerCount=1, historySize=0, eventTime=848440497, downTime=848440497, deviceId=0, source=0x1002 }
08-06 03:40:24.112  7310  7322 I art     : Explicit concurrent mark sweep GC freed 62(2064B) AllocSpace objects, 0(0B) LOS objects, 7% free, 184MB/200MB, paused 1.910ms total 77.828ms
08-06 03:40:24.140  7310  7322 I art     : Starting a blocking GC Explicit
08-06 03:40:24.210  7310  7322 I art     : Explicit concurrent mark sweep GC freed 19(832B) AllocSpace objects, 0(0B) LOS objects, 7% free, 184MB/200MB, paused 2.274ms total 68.769ms
08-06 03:40:24.215  9853  9853 I Input   : injectMotionEvent: MotionEvent { action=ACTION_MOVE, actionButton=0, id[0]=0, x[0]=500.0, y[0]=1646.6, toolType[0]=TOOL_TYPE_UNKNOWN, buttonState=0, metaState=0, flags=0x0, edgeFlags=0x0, pointerCount=1, historySize=0, eventTime=848440628, downTime=848440628, deviceId=0, source=0x1002 }
08-06 03:40:24.231  9853  9853 I Input   : injectMotionEvent: MotionEvent { action=ACTION_MOVE, actionButton=0, id[0]=0, x[0]=500.0, y[0]=1616.2, toolType[0]=TOOL_TYPE_UNKNOWN, buttonState=0, metaState=0, flags=0x0, edgeFlags=0x0, pointerCount=1, historySize=0, eventTime=848440644, downTime=848440644, deviceId=0, source=0x1002 }
08-06 03:40:24.269  9853  9853 I Input   : injectMotionEvent: MotionEvent { action=ACTION_MOVE, actionButton=0, id[0]=0, x[0]=500.0, y[0]=1544.0, toolType[0]=TOOL_TYPE_UNKNOWN, buttonState=0, metaState=0, flags=0x0, edgeFlags=0x0, pointerCount=1, historySize=0, eventTime=848440682, downTime=848440682, deviceId=0, source=0x1002 }
08-06 03:40:24.271   918   927 I art     : Background sticky concurrent mark sweep GC freed 83050(8MB) AllocSpace objects, 192(4MB) LOS objects, 15% free, 71MB/84MB, paused 2.611ms total 143.029ms
08-06 03:40:24.307  9853  9853 I Input   : injectMotionEvent: MotionEvent { action=ACTION_MOVE, actionButton=0, id[0]=0, x[0]=500.0, y[0]=1471.8, toolType[0]=TOOL_TYPE_UNKNOWN, buttonState=0, metaState=0, flags=0x0, edgeFlags=0x0, pointerCount=1, historySize=0, eventTime=848440720, downTime=848440720, deviceId=0, source=0x1002 }
08-06 03:40:24.343  9853  9853 I Input   : injectMotionEvent: MotionEvent { action=ACTION_MOVE, actionButton=0, id[0]=0, x[0]=500.0, y[0]=1403.3999, toolType[0]=TOOL_TYPE_UNKNOWN, buttonState=0, metaState=0, flags=0x0, edgeFlags=0x0, pointerCount=1, historySize=0, eventTime=848440756, downTime=848440756, deviceId=0, source=0x1002 }
08-06 03:40:24.382  9853  9853 I Input   : injectMotionEvent: MotionEvent { action=ACTION_MOVE, actionButton=0, id[0]=0, x[0]=500.0, y[0]=1329.3, toolType[0]=TOOL_TYPE_UNKNOWN, buttonState=0, metaState=0, flags=0x0, edgeFlags=0x0, pointerCount=1, historySize=0, eventTime=848440795, downTime=848440795, deviceId=0, source=0x1002 }
08-06 03:40:24.421  9853  9853 I Input   : injectMotionEvent: MotionEvent { action=ACTION_MOVE, actionButton=0, id[0]=0, x[0]=500.0, y[0]=1255.2, toolType[0]=TOOL_TYPE_UNKNOWN, buttonState=0, metaState=0, flags=0x0, edgeFlags=0x0, pointerCount=1, historySize=0, eventTime=848440834, downTime=848440834, deviceId=0, source=0x1002 }
08-06 03:40:24.459  9853  9853 I Input   : injectMotionEvent: MotionEvent { action=ACTION_MOVE, actionButton=0, id[0]=0, x[0]=500.0, y[0]=1183.0, toolType[0]=TOOL_TYPE_UNKNOWN, buttonState=0, metaState=0, flags=0x0, edgeFlags=0x0, pointerCount=1, historySize=0, eventTime=848440872, downTime=848440872, deviceId=0, source=0x1002 }
08-06 03:40:24.505  9853  9853 I Input   : injectMotionEvent: MotionEvent { action=ACTION_MOVE, actionButton=0, id[0]=0, x[0]=500.0, y[0]=1093.7, toolType[0]=TOOL_TYPE_UNKNOWN, buttonState=0, metaState=0, flags=0x0, edgeFlags=0x0, pointerCount=1, historySize=0, eventTime=848440919, downTime=848440919, deviceId=0, source=0x1002 }
08-06 03:40:24.542  9853  9853 I Input   : injectMotionEvent: MotionEvent { action=ACTION_MOVE, actionButton=0, id[0]=0, x[0]=500.0, y[0]=1023.4, toolType[0]=TOOL_TYPE_UNKNOWN, buttonState=0, metaState=0, flags=0x0, edgeFlags=0x0, pointerCount=1, historySize=0, eventTime=848440956, downTime=848440956, deviceId=0, source=0x1002 }
08-06 03:40:24.581  9853  9853 I Input   : injectMotionEvent: MotionEvent { action=ACTION_MOVE, actionButton=0, id[0]=0, x[0]=500.0, y[0]=949.30005, toolType[0]=TOOL_TYPE_UNKNOWN, buttonState=0, metaState=0, flags=0x0, edgeFlags=0x0, pointerCount=1, historySize=0, eventTime=848440995, downTime=848440995, deviceId=0, source=0x1002 }
08-06 03:40:24.620  9853  9853 I Input   : injectMotionEvent: MotionEvent { action=ACTION_MOVE, actionButton=0, id[0]=0, x[0]=500.0, y[0]=877.1, toolType[0]=TOOL_TYPE_UNKNOWN, buttonState=0, metaState=0, flags=0x0, edgeFlags=0x0, pointerCount=1, historySize=0, eventTime=848441033, downTime=848441033, deviceId=0, source=0x1002 }
08-06 03:40:24.663  9853  9853 I Input   : injectMotionEvent: MotionEvent { action=ACTION_MOVE, actionButton=0, id[0]=0, x[0]=500.0, y[0]=795.4, toolType[0]=TOOL_TYPE_UNKNOWN, buttonState=0, metaState=0, flags=0x0, edgeFlags=0x0, pointerCount=1, historySize=0, eventTime=848441076, downTime=848441076, deviceId=0, source=0x1002 }
08-06 03:40:24.677  7310  7329 I art     : Starting a blocking GC Explicit
08-06 03:40:24.700  9853  9853 I Input   : injectMotionEvent: MotionEvent { action=ACTION_MOVE, actionButton=0, id[0]=0, x[0]=500.0, y[0]=723.2001, toolType[0]=TOOL_TYPE_UNKNOWN, buttonState=0, metaState=0, flags=0x0, edgeFlags=0x0, pointerCount=1, historySize=0, eventTime=848441114, downTime=848441114, deviceId=0, source=0x1002 }
08-06 03:40:24.739  9853  9853 I Input   : injectMotionEvent: MotionEvent { action=ACTION_MOVE, actionButton=0, id[0]=0, x[0]=500.0, y[0]=651.0, toolType[0]=TOOL_TYPE_UNKNOWN, buttonState=0, metaState=0, flags=0x0, edgeFlags=0x0, pointerCount=1, historySize=0, eventTime=848441152, downTime=848441152, deviceId=0, source=0x1002 }
08-06 03:40:24.747  7310  7329 I art     : Explicit concurrent mark sweep GC freed 1620(93KB) AllocSpace objects, 2(48KB) LOS objects, 7% free, 184MB/200MB, paused 1.929ms total 69.098ms
08-06 03:40:24.770  7310  7329 I art     : Starting a blocking GC Explicit
08-06 03:40:24.776  9853  9853 I Input   : injectMotionEvent: MotionEvent { action=ACTION_MOVE, actionButton=0, id[0]=0, x[0]=500.0, y[0]=578.7999, toolType[0]=TOOL_TYPE_UNKNOWN, buttonState=0, metaState=0, flags=0x0, edgeFlags=0x0, pointerCount=1, historySize=0, eventTime=848441190, downTime=848441190, deviceId=0, source=0x1002 }
08-06 03:40:24.815  9853  9853 I Input   : injectMotionEvent: MotionEvent { action=ACTION_MOVE, actionButton=0, id[0]=0, x[0]=500.0, y[0]=506.59998, toolType[0]=TOOL_TYPE_UNKNOWN, buttonState=0, metaState=0, flags=0x0, edgeFlags=0x0, pointerCount=1, historySize=0, eventTime=848441228, downTime=848441228, deviceId=0, source=0x1002 }
08-06 03:40:24.838  7310  7329 I art     : Explicit concurrent mark sweep GC freed 49(1760B) AllocSpace objects, 0(0B) LOS objects, 7% free, 184MB/200MB, paused 2.046ms total 67.132ms
08-06 03:40:24.857  9853  9853 I Input   : injectMotionEvent: MotionEvent { action=ACTION_MOVE, actionButton=0, id[0]=0, x[0]=500.0, y[0]=424.90002, toolType[0]=TOOL_TYPE_UNKNOWN, buttonState=0, metaState=0, flags=0x0, edgeFlags=0x0, pointerCount=1, historySize=0, eventTime=848441271, downTime=848441271, deviceId=0, source=0x1002 }
08-06 03:40:24.863  7310  7329 I art     : Starting a blocking GC Explicit
08-06 03:40:24.895  9853  9853 I Input   : injectMotionEvent: MotionEvent { action=ACTION_MOVE, actionButton=0, id[0]=0, x[0]=500.0, y[0]=354.59998, toolType[0]=TOOL_TYPE_UNKNOWN, buttonState=0, metaState=0, flags=0x0, edgeFlags=0x0, pointerCount=1, historySize=0, eventTime=848441308, downTime=848441308, deviceId=0, source=0x1002 }
08-06 03:40:24.931  7310  7329 I art     : Explicit concurrent mark sweep GC freed 11(352B) AllocSpace objects, 0(0B) LOS objects, 7% free, 184MB/200MB, paused 1.854ms total 67.698ms
08-06 03:40:24.933  9853  9853 I Input   : injectMotionEvent: MotionEvent { action=ACTION_MOVE, actionButton=0, id[0]=0, x[0]=500.0, y[0]=282.40002, toolType[0]=TOOL_TYPE_UNKNOWN, buttonState=0, metaState=0, flags=0x0, edgeFlags=0x0, pointerCount=1, historySize=0, eventTime=848441346, downTime=848441346, deviceId=0, source=0x1002 }
08-06 03:40:24.955  7310  7329 I art     : Starting a blocking GC Explicit
08-06 03:40:24.977  9853  9853 I Input   : injectMotionEvent: MotionEvent { action=ACTION_MOVE, actionButton=0, id[0]=0, x[0]=500.0, y[0]=198.79993, toolType[0]=TOOL_TYPE_UNKNOWN, buttonState=0, metaState=0, flags=0x0, edgeFlags=0x0, pointerCount=1, historySize=0, eventTime=848441390, downTime=848441390, deviceId=0, source=0x1002 }
08-06 03:40:25.015  9853  9853 I Input   : injectMotionEvent: MotionEvent { action=ACTION_MOVE, actionButton=0, id[0]=0, x[0]=500.0, y[0]=126.599976, toolType[0]=TOOL_TYPE_UNKNOWN, buttonState=0, metaState=0, flags=0x0, edgeFlags=0x0, pointerCount=1, historySize=0, eventTime=848441428, downTime=848441428, deviceId=0, source=0x1002 }
08-06 03:40:25.019  7310  7329 I art     : Explicit concurrent mark sweep GC freed 11(352B) AllocSpace objects, 0(0B) LOS objects, 7% free, 184MB/200MB, paused 2.317ms total 63.427ms
08-06 03:40:25.047  7310  7329 I art     : Starting a blocking GC Explicit
08-06 03:40:25.055  9853  9853 I Input   : injectMotionEvent: MotionEvent { action=ACTION_UP, actionButton=0, id[0]=0, x[0]=500.0, y[0]=100.0, toolType[0]=TOOL_TYPE_UNKNOWN, buttonState=0, metaState=0, flags=0x0, edgeFlags=0x0, pointerCount=1, historySize=0, eventTime=848441469, downTime=848441469, deviceId=0, source=0x1002 }
08-06 03:40:25.093  9853  9853 D AndroidRuntime: Shutting down VM
08-06 03:40:25.113  7310  7329 I art     : Explicit concurrent mark sweep GC freed 46(1280B) AllocSpace objects, 0(0B) LOS objects, 7% free, 184MB/200MB, paused 1.814ms total 65.798ms
08-06 03:40:25.562  7310  7322 I art     : Starting a blocking GC Explicit
08-06 03:40:25.641  7310  7322 I art     : Explicit concurrent mark sweep GC freed 1599(92KB) AllocSpace objects, 2(48KB) LOS objects, 7% free, 184MB/200MB, paused 2.062ms total 79.052ms
08-06 03:40:25.668  7310  7322 I art     : Starting a blocking GC Explicit
08-06 03:40:25.736  7310  7322 I art     : Explicit concurrent mark sweep GC freed 40(1648B) AllocSpace objects, 0(0B) LOS objects, 7% free, 184MB/200MB, paused 1.982ms total 67.598ms
08-06 03:40:25.762  7310  7322 I art     : Starting a blocking GC Explicit
08-06 03:40:25.832  7310  7322 I art     : Explicit concurrent mark sweep GC freed 3(96B) AllocSpace objects, 0(0B) LOS objects, 7% free, 184MB/200MB, paused 2.036ms total 69.535ms
08-06 03:40:25.859  7310  7322 I art     : Starting a blocking GC Explicit
08-06 03:40:25.928  7310  7322 I art     : Explicit concurrent mark sweep GC freed 3(96B) AllocSpace objects, 0(0B) LOS objects, 7% free, 184MB/200MB, paused 2.131ms total 69.287ms
08-06 03:40:25.954  7310  7322 I art     : Starting a blocking GC Explicit
08-06 03:40:25.969  9894  9894 D AndroidRuntime: >>>>>> START com.android.internal.os.RuntimeInit uid 2000 <<<<<<
08-06 03:40:25.975  9894  9894 D AndroidRuntime: CheckJNI is OFF
08-06 03:40:26.024  7310  7322 I art     : Explicit concurrent mark sweep GC freed 3(96B) AllocSpace objects, 0(0B) LOS objects, 7% free, 184MB/200MB, paused 1.944ms total 69.054ms
08-06 03:40:26.028  9894  9894 D ICU     : No timezone override file found: /data/misc/zoneinfo/current/icu/icu_tzdata.dat
08-06 03:40:26.074  9894  9894 I Radio-JNI: register_android_hardware_Radio DONE
08-06 03:40:26.108  9894  9894 D AndroidRuntime: Calling main entry com.android.commands.input.Input
08-06 03:40:26.110  9894  9894 I Input   : injectMotionEvent: MotionEvent { action=ACTION_DOWN, actionButton=0, id[0]=0, x[0]=657.0, y[0]=2080.0, toolType[0]=TOOL_TYPE_UNKNOWN, buttonState=0, metaState=0, flags=0x0, edgeFlags=0x0, pointerCount=1, historySize=0, eventTime=848442522, downTime=848442522, deviceId=0, source=0x1002 }
08-06 03:40:26.115  9894  9894 I Input   : injectMotionEvent: MotionEvent { action=ACTION_UP, actionButton=0, id[0]=0, x[0]=657.0, y[0]=2080.0, toolType[0]=TOOL_TYPE_UNKNOWN, buttonState=0, metaState=0, flags=0x0, edgeFlags=0x0, pointerCount=1, historySize=0, eventTime=848442522, downTime=848442522, deviceId=0, source=0x1002 }
08-06 03:40:26.117   918  5481 I ActivityManager: START u0 {cmp=baseline.io.github.project_travel_mate/.utilities.UpcomingWeekendsActivity} from uid 10696 on display 0
08-06 03:40:26.118  9894  9894 D AndroidRuntime: Shutting down VM
08-06 03:40:26.119   512  2967 D audio_hw_primary: out_set_parameters: enter: usecase(1: low-latency-playback) kvpairs: routing=2
08-06 03:40:26.132   512  2967 D audio_hw_primary: select_devices: out_snd_device(2: speaker) in_snd_device(0: none)
08-06 03:40:26.133   512  2967 D msm8974_platform: platform_send_audio_calibration: sending audio calibration for snd_device(2) acdb_id(15)
08-06 03:40:26.133   512  2967 I soundtrigger: audio_extn_sound_trigger_update_device_status: device 0x2 of type 0 for Event 1
08-06 03:40:26.146   512  2967 D audio_hw_primary: enable_snd_device: snd_device(2: speaker)
08-06 03:40:26.149   512  2967 D audio_hw_primary: enable_audio_route: apply and update mixer path: low-latency-playback speaker
08-06 03:40:26.164  7310  7390 D Gabe    : call	returning from cache
08-06 03:40:26.169  7310  7310 V EXECUTING: https://project-travel-mate.herokuapp.com/api/get-upcoming-holidays/2020
08-06 03:40:26.173  7310  7310 V EXECUTING: https://project-travel-mate.herokuapp.com/api/get-upcoming-holidays/2020
08-06 03:40:26.265 13866 13866 I GoogleInputMethodServic: GoogleInputMethodService.onFinishInput():3138 
08-06 03:40:26.278 13866 13866 I GoogleInputMethodServic: GoogleInputMethodService.onStartInput():1808 
08-06 03:40:26.379   918   936 I ActivityManager: Displayed baseline.io.github.project_travel_mate/.utilities.UpcomingWeekendsActivity: +249ms
08-06 03:40:26.386  6649  6649 I ServiceManager: Waiting for service AtCmdFwd...
08-06 03:40:26.472  7310  7329 I art     : Starting a blocking GC Explicit
08-06 03:40:26.541  7310  7329 I art     : Explicit concurrent mark sweep GC freed 3455(192KB) AllocSpace objects, 2(48KB) LOS objects, 7% free, 189MB/205MB, paused 2.422ms total 68.684ms
08-06 03:40:26.567  7310  7329 I art     : Starting a blocking GC Explicit
08-06 03:40:26.616   380   380 W SurfaceFlinger: couldn't log to binary event log: overflow.
08-06 03:40:26.633  7310  7329 I art     : Explicit concurrent mark sweep GC freed 372(13KB) AllocSpace objects, 0(0B) LOS objects, 7% free, 189MB/205MB, paused 2.041ms total 66.013ms
08-06 03:40:26.659  7310  7329 I art     : Starting a blocking GC Explicit
08-06 03:40:26.690   512  2967 D audio_hw_primary: disable_audio_route: reset and update mixer path: low-latency-playback speaker
08-06 03:40:26.691   512  2967 D audio_hw_primary: disable_snd_device: snd_device(2: speaker)
08-06 03:40:26.703   512  2967 I soundtrigger: audio_extn_sound_trigger_update_device_status: device 0x2 of type 0 for Event 0
08-06 03:40:26.732  7310  7329 I art     : Explicit concurrent mark sweep GC freed 5238(264KB) AllocSpace objects, 6(400KB) LOS objects, 7% free, 189MB/205MB, paused 2.279ms total 73.163ms
08-06 03:40:26.737  7310  9915 I NAPPA_EXPERIMENTATION: MetricNetworkRequestExecutionTime: REQUEST_DURATION_SYSTEM='562',REQUEST_DURATION_OKHTTP='39',REQUEST_SYNCHRONOUS='FALSE',RESPONSE_CODE='200',RESPONSE_METHOD='GET',RESPONSE_LENGTH_OKHTTP='6426',RESPONSE_LENGTH_HEADER='6426',REQUEST_PROTOCOL='http/1.1',REQUEST_URL='https://project-travel-mate.herokuapp.com/api/get-upcoming-holidays/2020',
08-06 03:40:26.759  7310  7329 I art     : Starting a blocking GC Explicit
08-06 03:40:26.770  7310  9914 I NAPPA_EXPERIMENTATION: MetricNetworkRequestExecutionTime: REQUEST_DURATION_SYSTEM='599',REQUEST_DURATION_OKHTTP='69',REQUEST_SYNCHRONOUS='FALSE',RESPONSE_CODE='200',RESPONSE_METHOD='GET',RESPONSE_LENGTH_OKHTTP='6426',RESPONSE_LENGTH_HEADER='6426',REQUEST_PROTOCOL='http/1.1',REQUEST_URL='https://project-travel-mate.herokuapp.com/api/get-upcoming-holidays/2020',
08-06 03:40:26.823  7310  7329 I art     : Explicit concurrent mark sweep GC freed 2257(257KB) AllocSpace objects, 3(48KB) LOS objects, 7% free, 189MB/205MB, paused 1.984ms total 63.409ms
08-06 03:40:26.846  7310  7329 I art     : Starting a blocking GC Explicit
08-06 03:40:26.857  7310  7310 V Response: [{"month":"January","date":1,"day":"Wednesday","name":"New Year's Day","type":"Restricted"},{"month":"January","date":2,"day":"Thursday","name":"Guru Govind Singh Jayanti","type":"Restricted"},{"month":"January","date":14,"day":"Tuesday","name":"Lohri","type":"Restricted"},{"month":"January","date":15,"day":"Wednesday","name":"Pongal","type":"Restricted"},{"month":"January","date":15,"day":"Wednesday","name":"Makar Sankranti","type":"Restricted"},{"month":"January","date":25,"day":"Saturday","name":"Chinese New Year","type":"Observance"},{"month":"January","date":26,"day":"Sunday","name":"Republic Day","type":"Gazetted"},{"month":"January","date":30,"day":"Thursday","name":"Vasant Panchami","type":"Restricted"},{"month":"February","date":9,"day":"Sunday","name":"Guru Ravidas Jayanti","type":"Restricted"},{"month":"February","date":14,"day":"Friday","name":"Valentine's Day","type":"Observance"},{"month":"February","date":18,"day":"Tuesday","name":"Maharishi Dayanand Saraswati Jayanti","type":"Restricted"},{"month":"February","date":19,"day":"Wednesday","name":"Shivaji Jayanti","type":"Restricted"},{"month":"February","date":21,"day":"Friday","name":"Maha Shivaratri/Shivaratri","type":"Gazetted"},{"month":"March","date":9,"day":"Monday","name":"Holika Dahana","type":"Restricted"},{"month":"March","date":9,"day":"Monday","name":"Hazarat Ali's Birthday","type":"Restricted"},{"month":"March","date":10,"day":"Tuesday","name":"Holi","type":"Gazetted"},{"month":"March","date":20,"day":"Friday","name":"March Equinox","type":"Season"},{"month":"March","date":25,"day":"Wednesday","name":"Chaitra Sukhladi","type":"Restricted"},{"month":"April","date":2,"day":"Thursday","name":"Rama Navami","type":"Gazetted"},{"month":"April","date":6,"day":"Monday","name":"Mahavir Jayanti","type":"Gazetted"},{"month":"April","date":9,"day":"Thursday","name":"First day of Passover","type":"Observance"},{"month":"April","date":9,"day":"Thursday","name":"Maundy Thursday","type":"Observance,"},{"month":"April","date":10,"day":"Friday","name":"Good Friday","type":"Gazetted"},{"month":"April","date":12,"day":"Sunday","name":"Easter Day","type":"Restricted"},{"month":"April","date":13,"day":"Monday","name":"Vaisakhi","type":"Restricted"},{"month":"April","date":14,"day":"Tuesday","name":"Mesadi/Vaisakhadi","type":"Restricted"},{"month":"April","date":14,"day":"Tuesday","name":"Ambedkar Jayanti","type":"Central"},{"month":"May","date":1,"day":"Friday","name":"May Day","type":"Observance"},{"month":"May","date":7,"day":"Thursday","name":"Buddha Purnima/Vesak","type":"Gazetted"},{"month":"May","date":7,"day":"Thursday","name":"Birthday of Ravindranath","type":"Restricted"},{"month":"May","date":10,"day":"Sunday","name":"Mother's Day","type":"Observance"},{"month":"May","date":22,"day":"Friday","name":"Jamat Ul-Vida","type":"Restricted"},{"month":"May","date":25,"day":"Monday","name":"Ramzan Id/Eid-ul-Fitar","type":"Gazetted"},{"month":"May","date":25,"day":"Monday","name":"Ramzan Id/Eid-ul-Fitar","type":"Muslim,"},{"month":"June","date":21,"day":"Sunday","name":"June Solstice","type":"Season"},{"month":"June","date":21,"day":"Sunday","name":"Father's Day","type":"Observance"},{"month":"June","date":23,"day":"Tuesday","name":"Rath Yatra","type":"Restricted"},{"month":"July","date":5,"day":"Sunday","name":"Guru Purnima","type":"Observance"},{"month":"July","date":31,"day":"Friday","name":"Bakr Id/Eid ul-Adha","type":"Gazetted"},{"month":"August","date":2,"day":"Sunday","name":"Friendship Day","type":"Observance"},{"month":"August","date":3,"day":"Monday","name":"Raksha Bandhan (Rakhi)","type":"Restricted"},{"month":"August","date":11,"day":"Tuesday","name":"Janmashtami (Smarta)","type":"Restricted"},{"month":"August","date":12,"day":"Wednesday","name":"Janmashtami","type":"Gazetted"},{"month":"August","date":15,"day":"Saturday","name":"Independence Day","type":"Gazetted"},{"month":"August","date":16,"day":"Sunday","name":"Parsi New Year","type":"Restricted"},{"month":"August","date":22,"day":"Saturday","name":"Ganesh Chaturthi/Vin
08-06 03:40:26.911  7310  7329 I art     : Explicit concurrent mark sweep GC freed 5100(185KB) AllocSpace objects, 0(0B) LOS objects, 7% free, 189MB/205MB, paused 2.425ms total 64.513ms
08-06 03:40:26.948  7310  7310 V Response: [{"month":"January","date":1,"day":"Wednesday","name":"New Year's Day","type":"Restricted"},{"month":"January","date":2,"day":"Thursday","name":"Guru Govind Singh Jayanti","type":"Restricted"},{"month":"January","date":14,"day":"Tuesday","name":"Lohri","type":"Restricted"},{"month":"January","date":15,"day":"Wednesday","name":"Pongal","type":"Restricted"},{"month":"January","date":15,"day":"Wednesday","name":"Makar Sankranti","type":"Restricted"},{"month":"January","date":25,"day":"Saturday","name":"Chinese New Year","type":"Observance"},{"month":"January","date":26,"day":"Sunday","name":"Republic Day","type":"Gazetted"},{"month":"January","date":30,"day":"Thursday","name":"Vasant Panchami","type":"Restricted"},{"month":"February","date":9,"day":"Sunday","name":"Guru Ravidas Jayanti","type":"Restricted"},{"month":"February","date":14,"day":"Friday","name":"Valentine's Day","type":"Observance"},{"month":"February","date":18,"day":"Tuesday","name":"Maharishi Dayanand Saraswati Jayanti","type":"Restricted"},{"month":"February","date":19,"day":"Wednesday","name":"Shivaji Jayanti","type":"Restricted"},{"month":"February","date":21,"day":"Friday","name":"Maha Shivaratri/Shivaratri","type":"Gazetted"},{"month":"March","date":9,"day":"Monday","name":"Holika Dahana","type":"Restricted"},{"month":"March","date":9,"day":"Monday","name":"Hazarat Ali's Birthday","type":"Restricted"},{"month":"March","date":10,"day":"Tuesday","name":"Holi","type":"Gazetted"},{"month":"March","date":20,"day":"Friday","name":"March Equinox","type":"Season"},{"month":"March","date":25,"day":"Wednesday","name":"Chaitra Sukhladi","type":"Restricted"},{"month":"April","date":2,"day":"Thursday","name":"Rama Navami","type":"Gazetted"},{"month":"April","date":6,"day":"Monday","name":"Mahavir Jayanti","type":"Gazetted"},{"month":"April","date":9,"day":"Thursday","name":"First day of Passover","type":"Observance"},{"month":"April","date":9,"day":"Thursday","name":"Maundy Thursday","type":"Observance,"},{"month":"April","date":10,"day":"Friday","name":"Good Friday","type":"Gazetted"},{"month":"April","date":12,"day":"Sunday","name":"Easter Day","type":"Restricted"},{"month":"April","date":13,"day":"Monday","name":"Vaisakhi","type":"Restricted"},{"month":"April","date":14,"day":"Tuesday","name":"Mesadi/Vaisakhadi","type":"Restricted"},{"month":"April","date":14,"day":"Tuesday","name":"Ambedkar Jayanti","type":"Central"},{"month":"May","date":1,"day":"Friday","name":"May Day","type":"Observance"},{"month":"May","date":7,"day":"Thursday","name":"Buddha Purnima/Vesak","type":"Gazetted"},{"month":"May","date":7,"day":"Thursday","name":"Birthday of Ravindranath","type":"Restricted"},{"month":"May","date":10,"day":"Sunday","name":"Mother's Day","type":"Observance"},{"month":"May","date":22,"day":"Friday","name":"Jamat Ul-Vida","type":"Restricted"},{"month":"May","date":25,"day":"Monday","name":"Ramzan Id/Eid-ul-Fitar","type":"Gazetted"},{"month":"May","date":25,"day":"Monday","name":"Ramzan Id/Eid-ul-Fitar","type":"Muslim,"},{"month":"June","date":21,"day":"Sunday","name":"June Solstice","type":"Season"},{"month":"June","date":21,"day":"Sunday","name":"Father's Day","type":"Observance"},{"month":"June","date":23,"day":"Tuesday","name":"Rath Yatra","type":"Restricted"},{"month":"July","date":5,"day":"Sunday","name":"Guru Purnima","type":"Observance"},{"month":"July","date":31,"day":"Friday","name":"Bakr Id/Eid ul-Adha","type":"Gazetted"},{"month":"August","date":2,"day":"Sunday","name":"Friendship Day","type":"Observance"},{"month":"August","date":3,"day":"Monday","name":"Raksha Bandhan (Rakhi)","type":"Restricted"},{"month":"August","date":11,"day":"Tuesday","name":"Janmashtami (Smarta)","type":"Restricted"},{"month":"August","date":12,"day":"Wednesday","name":"Janmashtami","type":"Gazetted"},{"month":"August","date":15,"day":"Saturday","name":"Independence Day","type":"Gazetted"},{"month":"August","date":16,"day":"Sunday","name":"Parsi New Year","type":"Restricted"},{"month":"August","date":22,"day":"Saturday","name":"Ganesh Chaturthi/Vin
08-06 03:40:27.354  7310  7322 I art     : Starting a blocking GC Explicit
08-06 03:40:27.387  6649  6649 I ServiceManager: Waiting for service AtCmdFwd...
08-06 03:40:27.438  7310  7322 I art     : Explicit concurrent mark sweep GC freed 10625(409KB) AllocSpace objects, 3(4MB) LOS objects, 7% free, 185MB/201MB, paused 2.191ms total 83.382ms
08-06 03:40:27.467  7310  7322 I art     : Starting a blocking GC Explicit
08-06 03:40:27.544  7310  7322 I art     : Explicit concurrent mark sweep GC freed 1626(89KB) AllocSpace objects, 11(220KB) LOS objects, 7% free, 185MB/201MB, paused 2.110ms total 76.646ms
08-06 03:40:27.571  7310  7322 I art     : Starting a blocking GC Explicit
08-06 03:40:27.649  7310  7322 I art     : Explicit concurrent mark sweep GC freed 148(2528B) AllocSpace objects, 0(0B) LOS objects, 7% free, 185MB/201MB, paused 2.158ms total 77.317ms
08-06 03:40:27.677  7310  7322 I art     : Starting a blocking GC Explicit
08-06 03:40:27.755  7310  7322 I art     : Explicit concurrent mark sweep GC freed 152(2576B) AllocSpace objects, 0(0B) LOS objects, 7% free, 185MB/201MB, paused 2.348ms total 77.236ms
08-06 03:40:27.783  7310  7322 I art     : Starting a blocking GC Explicit
08-06 03:40:27.860  7310  7322 I art     : Explicit concurrent mark sweep GC freed 165(2784B) AllocSpace objects, 0(0B) LOS objects, 7% free, 185MB/201MB, paused 2.216ms total 76.961ms
08-06 03:40:28.344  7310  7581 I art     : Starting a blocking GC Explicit
08-06 03:40:28.387  6649  6649 I ServiceManager: Waiting for service AtCmdFwd...
08-06 03:40:28.423  7310  7581 I art     : Explicit concurrent mark sweep GC freed 2459(107KB) AllocSpace objects, 2(48KB) LOS objects, 7% free, 185MB/201MB, paused 2.297ms total 78.088ms
08-06 03:40:28.451  7310  7581 I art     : Starting a blocking GC Explicit
08-06 03:40:28.527  7310  7581 I art     : Explicit concurrent mark sweep GC freed 201(4KB) AllocSpace objects, 0(0B) LOS objects, 7% free, 185MB/201MB, paused 2.118ms total 76.387ms
08-06 03:40:28.555  7310  7581 I art     : Starting a blocking GC Explicit
08-06 03:40:28.632  7310  7581 I art     : Explicit concurrent mark sweep GC freed 148(2528B) AllocSpace objects, 0(0B) LOS objects, 7% free, 185MB/201MB, paused 2.094ms total 76.816ms
08-06 03:40:28.660  7310  7581 I art     : Starting a blocking GC Explicit
08-06 03:40:28.736  7310  7581 I art     : Explicit concurrent mark sweep GC freed 147(2496B) AllocSpace objects, 0(0B) LOS objects, 7% free, 185MB/201MB, paused 1.993ms total 76.353ms
08-06 03:40:28.764  7310  7581 I art     : Starting a blocking GC Explicit
08-06 03:40:28.842  7310  7581 I art     : Explicit concurrent mark sweep GC freed 171(2896B) AllocSpace objects, 0(0B) LOS objects, 7% free, 185MB/201MB, paused 2.214ms total 76.884ms
08-06 03:40:29.306   518   646 I ThermalEngine: ACTION: GPU - Setting GPU[0] to 450000000
08-06 03:40:29.325  7310  7329 I art     : Starting a blocking GC Explicit
08-06 03:40:29.388  6649  6649 I ServiceManager: Waiting for service AtCmdFwd...
08-06 03:40:29.389  7310  7329 I art     : Explicit concurrent mark sweep GC freed 2399(105KB) AllocSpace objects, 2(48KB) LOS objects, 7% free, 185MB/201MB, paused 1.569ms total 63.491ms
08-06 03:40:29.409  7310  7329 I art     : Starting a blocking GC Explicit
08-06 03:40:29.478  7310  7329 I art     : Explicit concurrent mark sweep GC freed 164(3KB) AllocSpace objects, 0(0B) LOS objects, 7% free, 185MB/201MB, paused 1.585ms total 68.822ms
08-06 03:40:29.498  7310  7329 I art     : Starting a blocking GC Explicit
08-06 03:40:29.564  7310  7329 I art     : Explicit concurrent mark sweep GC freed 124(2128B) AllocSpace objects, 0(0B) LOS objects, 7% free, 185MB/201MB, paused 1.490ms total 65.166ms
08-06 03:40:29.584  7310  7329 I art     : Starting a blocking GC Explicit
08-06 03:40:29.651  7310  7329 I art     : Explicit concurrent mark sweep GC freed 123(2096B) AllocSpace objects, 0(0B) LOS objects, 7% free, 185MB/201MB, paused 1.377ms total 66.890ms
08-06 03:40:29.675  7310  7329 I art     : Starting a blocking GC Explicit
08-06 03:40:29.740  7310  7329 I art     : Explicit concurrent mark sweep GC freed 141(2384B) AllocSpace objects, 0(0B) LOS objects, 7% free, 185MB/201MB, paused 1.567ms total 65.004ms
08-06 03:40:30.203  7310  7323 I art     : Starting a blocking GC Explicit
08-06 03:40:30.274  7310  7323 I art     : Explicit concurrent mark sweep GC freed 2388(106KB) AllocSpace objects, 2(48KB) LOS objects, 7% free, 185MB/201MB, paused 1.500ms total 70.780ms
08-06 03:40:30.298  7310  7323 I art     : Starting a blocking GC Explicit
08-06 03:40:30.362  7310  7323 I art     : Explicit concurrent mark sweep GC freed 179(3KB) AllocSpace objects, 0(0B) LOS objects, 7% free, 185MB/201MB, paused 1.355ms total 63.303ms
08-06 03:40:30.381  7310  7323 I art     : Starting a blocking GC Explicit
08-06 03:40:30.388  6649  6649 I ServiceManager: Waiting for service AtCmdFwd...
08-06 03:40:30.439  7310  7323 I art     : Explicit concurrent mark sweep GC freed 123(2096B) AllocSpace objects, 0(0B) LOS objects, 7% free, 185MB/201MB, paused 1.475ms total 57.747ms
08-06 03:40:30.459  7310  7323 I art     : Starting a blocking GC Explicit
08-06 03:40:30.518  7310  7323 I art     : Explicit concurrent mark sweep GC freed 99(1696B) AllocSpace objects, 0(0B) LOS objects, 7% free, 185MB/201MB, paused 1.464ms total 58.684ms
08-06 03:40:30.538  7310  7323 I art     : Starting a blocking GC Explicit
08-06 03:40:30.603  7310  7323 I art     : Explicit concurrent mark sweep GC freed 123(2096B) AllocSpace objects, 0(0B) LOS objects, 7% free, 185MB/201MB, paused 1.424ms total 65.286ms
08-06 03:40:30.906  9967  9967 D AndroidRuntime: >>>>>> START com.android.internal.os.RuntimeInit uid 2000 <<<<<<
08-06 03:40:30.912  9967  9967 D AndroidRuntime: CheckJNI is OFF
08-06 03:40:30.955  9967  9967 D ICU     : No timezone override file found: /data/misc/zoneinfo/current/icu/icu_tzdata.dat
08-06 03:40:31.002  9967  9967 I Radio-JNI: register_android_hardware_Radio DONE
08-06 03:40:31.032  9967  9967 D AndroidRuntime: Calling main entry com.android.commands.input.Input
08-06 03:40:31.033  9967  9967 I Input   : injectKeyEvent: KeyEvent { action=ACTION_DOWN, keyCode=KEYCODE_BACK, scanCode=0, metaState=0, flags=0x0, repeatCount=0, eventTime=848447447, downTime=848447447, deviceId=-1, source=0x101 }
08-06 03:40:31.041  9967  9967 I Input   : injectKeyEvent: KeyEvent { action=ACTION_UP, keyCode=KEYCODE_BACK, scanCode=0, metaState=0, flags=0x0, repeatCount=0, eventTime=848447447, downTime=848447447, deviceId=-1, source=0x101 }
08-06 03:40:31.041  7310  8254 I art     : Starting a blocking GC Explicit
08-06 03:40:31.048  9967  9967 D AndroidRuntime: Shutting down VM
08-06 03:40:31.058  7310  7310 V MainActivity: url = https://project-travel-mate.herokuapp.com/api/number-of-unread-notifications
08-06 03:40:31.089 13866 13866 I GoogleInputMethodServic: GoogleInputMethodService.onFinishInput():3138 
08-06 03:40:31.090 13866 13866 I GoogleInputMethodServic: GoogleInputMethodService.onStartInput():1808 
08-06 03:40:31.100  7310  8254 I art     : Explicit concurrent mark sweep GC freed 2670(118KB) AllocSpace objects, 2(48KB) LOS objects, 7% free, 185MB/201MB, paused 1.711ms total 58.716ms
08-06 03:40:31.119  7310  8254 I art     : Starting a blocking GC Explicit
08-06 03:40:31.174  7310  8254 I art     : Explicit concurrent mark sweep GC freed 195(8KB) AllocSpace objects, 0(0B) LOS objects, 7% free, 185MB/201MB, paused 1.409ms total 54.830ms
08-06 03:40:31.196  7310  8254 I art     : Starting a blocking GC Explicit
08-06 03:40:31.249  7310  8254 I art     : Explicit concurrent mark sweep GC freed 159(5KB) AllocSpace objects, 0(0B) LOS objects, 7% free, 185MB/201MB, paused 1.336ms total 52.271ms
08-06 03:40:31.268  7310  8254 I art     : Starting a blocking GC Explicit
08-06 03:40:31.327  7310  8254 I art     : Explicit concurrent mark sweep GC freed 153(3KB) AllocSpace objects, 0(0B) LOS objects, 7% free, 185MB/201MB, paused 1.535ms total 58.169ms
08-06 03:40:31.346  7310  8254 I art     : Starting a blocking GC Explicit
08-06 03:40:31.389  6649  6649 W Atfwd_Sendcmd: AtCmdFwd service not published, waiting... retryCnt : 2
08-06 03:40:31.413  7310  8254 I art     : Explicit concurrent mark sweep GC freed 128(2320B) AllocSpace objects, 0(0B) LOS objects, 7% free, 185MB/201MB, paused 1.314ms total 66.669ms
08-06 03:40:31.421   380   380 W SurfaceFlinger: couldn't log to binary event log: overflow.
08-06 03:40:31.811  7310  7323 I art     : Starting a blocking GC Explicit
08-06 03:40:31.884  7310  7323 I art     : Explicit concurrent mark sweep GC freed 1634(93KB) AllocSpace objects, 3(236KB) LOS objects, 7% free, 185MB/201MB, paused 1.565ms total 72.902ms
08-06 03:40:31.908  7310  7323 I art     : Starting a blocking GC Explicit
08-06 03:40:31.958  7310  9990 I NAPPA_EXPERIMENTATION: MetricNetworkRequestExecutionTime: REQUEST_DURATION_SYSTEM='898',REQUEST_DURATION_OKHTTP='32',REQUEST_SYNCHRONOUS='FALSE',RESPONSE_CODE='200',RESPONSE_METHOD='GET',RESPONSE_LENGTH_OKHTTP='36',RESPONSE_LENGTH_HEADER='36',REQUEST_PROTOCOL='http/1.1',REQUEST_URL='https://project-travel-mate.herokuapp.com/api/number-of-unread-notifications',
08-06 03:40:31.968  7310  7323 I art     : Explicit concurrent mark sweep GC freed 9298(502KB) AllocSpace objects, 16(464KB) LOS objects, 7% free, 185MB/201MB, paused 1.440ms total 60.206ms
08-06 03:40:31.989  7310  7323 I art     : Starting a blocking GC Explicit
08-06 03:40:32.048  7310  7323 I art     : Explicit concurrent mark sweep GC freed 1007(118KB) AllocSpace objects, 0(0B) LOS objects, 7% free, 184MB/200MB, paused 1.501ms total 58.921ms
08-06 03:40:32.067  7310  7323 I art     : Starting a blocking GC Explicit
08-06 03:40:32.131  7310  7323 I art     : Explicit concurrent mark sweep GC freed 127(4KB) AllocSpace objects, 0(0B) LOS objects, 7% free, 184MB/200MB, paused 1.521ms total 62.822ms
08-06 03:40:32.153  7310  7323 I art     : Starting a blocking GC Explicit
08-06 03:40:32.208  7310  7323 I art     : Explicit concurrent mark sweep GC freed 3(96B) AllocSpace objects, 0(0B) LOS objects, 7% free, 184MB/200MB, paused 1.383ms total 54.624ms
08-06 03:40:32.610  7310  7581 I art     : Starting a blocking GC Explicit
08-06 03:40:32.677  7310  7581 I art     : Explicit concurrent mark sweep GC freed 1600(92KB) AllocSpace objects, 2(48KB) LOS objects, 7% free, 184MB/200MB, paused 1.408ms total 66.926ms
08-06 03:40:32.697  7310  7581 I art     : Starting a blocking GC Explicit
08-06 03:40:32.751  7310  7581 I art     : Explicit concurrent mark sweep GC freed 45(1552B) AllocSpace objects, 0(0B) LOS objects, 7% free, 184MB/200MB, paused 1.350ms total 54.557ms
08-06 03:40:32.771  7310  7581 I art     : Starting a blocking GC Explicit
08-06 03:40:32.826  7310  7581 I art     : Explicit concurrent mark sweep GC freed 6(192B) AllocSpace objects, 0(0B) LOS objects, 7% free, 184MB/200MB, paused 1.394ms total 55.068ms
08-06 03:40:32.827 10002 10002 D AndroidRuntime: >>>>>> START com.android.internal.os.RuntimeInit uid 2000 <<<<<<
08-06 03:40:32.832 10002 10002 D AndroidRuntime: CheckJNI is OFF
08-06 03:40:32.846  7310  7581 I art     : Starting a blocking GC Explicit
08-06 03:40:32.871 10002 10002 D ICU     : No timezone override file found: /data/misc/zoneinfo/current/icu/icu_tzdata.dat
08-06 03:40:32.902  7310  7581 I art     : Explicit concurrent mark sweep GC freed 7(224B) AllocSpace objects, 0(0B) LOS objects, 7% free, 184MB/200MB, paused 1.388ms total 56.627ms
08-06 03:40:32.912 10002 10002 I Radio-JNI: register_android_hardware_Radio DONE
08-06 03:40:32.922  7310  7581 I art     : Starting a blocking GC Explicit
08-06 03:40:32.939 10002 10002 D AndroidRuntime: Calling main entry com.android.commands.input.Input
08-06 03:40:32.941 10002 10002 I Input   : injectMotionEvent: MotionEvent { action=ACTION_DOWN, actionButton=0, id[0]=0, x[0]=657.0, y[0]=2080.0, toolType[0]=TOOL_TYPE_UNKNOWN, buttonState=0, metaState=0, flags=0x0, edgeFlags=0x0, pointerCount=1, historySize=0, eventTime=848449354, downTime=848449354, deviceId=0, source=0x1002 }
08-06 03:40:32.974 10002 10002 I Input   : injectMotionEvent: MotionEvent { action=ACTION_UP, actionButton=0, id[0]=0, x[0]=657.0, y[0]=2080.0, toolType[0]=TOOL_TYPE_UNKNOWN, buttonState=0, metaState=0, flags=0x0, edgeFlags=0x0, pointerCount=1, historySize=0, eventTime=848449354, downTime=848449354, deviceId=0, source=0x1002 }
08-06 03:40:32.979  7310  7581 I art     : Explicit concurrent mark sweep GC freed 4(128B) AllocSpace objects, 0(0B) LOS objects, 7% free, 184MB/200MB, paused 1.512ms total 56.395ms
08-06 03:40:33.014 10002 10002 D AndroidRuntime: Shutting down VM
08-06 03:40:33.014   918  6112 I ActivityManager: START u0 {cmp=baseline.io.github.project_travel_mate/.utilities.UpcomingWeekendsActivity} from uid 10696 on display 0
08-06 03:40:33.015   512  2967 D audio_hw_primary: out_set_parameters: enter: usecase(1: low-latency-playback) kvpairs: routing=2
08-06 03:40:33.028   512  2967 D audio_hw_primary: select_devices: out_snd_device(2: speaker) in_snd_device(0: none)
08-06 03:40:33.028   512  2967 D msm8974_platform: platform_send_audio_calibration: sending audio calibration for snd_device(2) acdb_id(15)
08-06 03:40:33.028   512  2967 I soundtrigger: audio_extn_sound_trigger_update_device_status: device 0x2 of type 0 for Event 1
08-06 03:40:33.037   512  2967 D audio_hw_primary: enable_snd_device: snd_device(2: speaker)
08-06 03:40:33.039  7310  7390 D Gabe    : call	returning from cache
08-06 03:40:33.040   512  2967 D audio_hw_primary: enable_audio_route: apply and update mixer path: low-latency-playback speaker
08-06 03:40:33.042  7310  7310 V EXECUTING: https://project-travel-mate.herokuapp.com/api/get-upcoming-holidays/2020
08-06 03:40:33.044  7310  7310 V EXECUTING: https://project-travel-mate.herokuapp.com/api/get-upcoming-holidays/2020
08-06 03:40:33.135 13866 13866 I GoogleInputMethodServic: GoogleInputMethodService.onFinishInput():3138 
08-06 03:40:33.136 13866 13866 I GoogleInputMethodServic: GoogleInputMethodService.onStartInput():1808 
08-06 03:40:33.234   918   936 I ActivityManager: Displayed baseline.io.github.project_travel_mate/.utilities.UpcomingWeekendsActivity: +213ms
08-06 03:40:33.364  7310  7329 I art     : Starting a blocking GC Explicit
08-06 03:40:33.431  7310  7329 I art     : Explicit concurrent mark sweep GC freed 3604(195KB) AllocSpace objects, 2(48KB) LOS objects, 7% free, 189MB/205MB, paused 1.637ms total 66.821ms
08-06 03:40:33.433  7310  7321 I art     : WaitForGcToComplete blocked for 9.569ms for cause HeapTrim
08-06 03:40:33.454  7310  7329 I art     : Starting a blocking GC Explicit
08-06 03:40:33.490   380   380 W SurfaceFlinger: couldn't log to binary event log: overflow.
08-06 03:40:33.522  7310  7329 I art     : Explicit concurrent mark sweep GC freed 766(29KB) AllocSpace objects, 0(0B) LOS objects, 7% free, 189MB/205MB, paused 1.755ms total 67.178ms
08-06 03:40:33.541  7310  7329 I art     : Starting a blocking GC Explicit
08-06 03:40:33.578   512  2967 D audio_hw_primary: disable_audio_route: reset and update mixer path: low-latency-playback speaker
08-06 03:40:33.579   512  2967 D audio_hw_primary: disable_snd_device: snd_device(2: speaker)
08-06 03:40:33.588   512  2967 I soundtrigger: audio_extn_sound_trigger_update_device_status: device 0x2 of type 0 for Event 0
08-06 03:40:33.597  7310 10027 I NAPPA_EXPERIMENTATION: MetricNetworkRequestExecutionTime: REQUEST_DURATION_SYSTEM='554',REQUEST_DURATION_OKHTTP='40',REQUEST_SYNCHRONOUS='FALSE',RESPONSE_CODE='200',RESPONSE_METHOD='GET',RESPONSE_LENGTH_OKHTTP='6426',RESPONSE_LENGTH_HEADER='6426',REQUEST_PROTOCOL='http/1.1',REQUEST_URL='https://project-travel-mate.herokuapp.com/api/get-upcoming-holidays/2020',
08-06 03:40:33.598  7310  7329 I art     : Explicit concurrent mark sweep GC freed 4859(249KB) AllocSpace objects, 4(240KB) LOS objects, 7% free, 190MB/206MB, paused 1.539ms total 56.660ms
08-06 03:40:33.600  7310  7310 V Response: [{"month":"January","date":1,"day":"Wednesday","name":"New Year's Day","type":"Restricted"},{"month":"January","date":2,"day":"Thursday","name":"Guru Govind Singh Jayanti","type":"Restricted"},{"month":"January","date":14,"day":"Tuesday","name":"Lohri","type":"Restricted"},{"month":"January","date":15,"day":"Wednesday","name":"Pongal","type":"Restricted"},{"month":"January","date":15,"day":"Wednesday","name":"Makar Sankranti","type":"Restricted"},{"month":"January","date":25,"day":"Saturday","name":"Chinese New Year","type":"Observance"},{"month":"January","date":26,"day":"Sunday","name":"Republic Day","type":"Gazetted"},{"month":"January","date":30,"day":"Thursday","name":"Vasant Panchami","type":"Restricted"},{"month":"February","date":9,"day":"Sunday","name":"Guru Ravidas Jayanti","type":"Restricted"},{"month":"February","date":14,"day":"Friday","name":"Valentine's Day","type":"Observance"},{"month":"February","date":18,"day":"Tuesday","name":"Maharishi Dayanand Saraswati Jayanti","type":"Restricted"},{"month":"February","date":19,"day":"Wednesday","name":"Shivaji Jayanti","type":"Restricted"},{"month":"February","date":21,"day":"Friday","name":"Maha Shivaratri/Shivaratri","type":"Gazetted"},{"month":"March","date":9,"day":"Monday","name":"Holika Dahana","type":"Restricted"},{"month":"March","date":9,"day":"Monday","name":"Hazarat Ali's Birthday","type":"Restricted"},{"month":"March","date":10,"day":"Tuesday","name":"Holi","type":"Gazetted"},{"month":"March","date":20,"day":"Friday","name":"March Equinox","type":"Season"},{"month":"March","date":25,"day":"Wednesday","name":"Chaitra Sukhladi","type":"Restricted"},{"month":"April","date":2,"day":"Thursday","name":"Rama Navami","type":"Gazetted"},{"month":"April","date":6,"day":"Monday","name":"Mahavir Jayanti","type":"Gazetted"},{"month":"April","date":9,"day":"Thursday","name":"First day of Passover","type":"Observance"},{"month":"April","date":9,"day":"Thursday","name":"Maundy Thursday","type":"Observance,"},{"month":"April","date":10,"day":"Friday","name":"Good Friday","type":"Gazetted"},{"month":"April","date":12,"day":"Sunday","name":"Easter Day","type":"Restricted"},{"month":"April","date":13,"day":"Monday","name":"Vaisakhi","type":"Restricted"},{"month":"April","date":14,"day":"Tuesday","name":"Mesadi/Vaisakhadi","type":"Restricted"},{"month":"April","date":14,"day":"Tuesday","name":"Ambedkar Jayanti","type":"Central"},{"month":"May","date":1,"day":"Friday","name":"May Day","type":"Observance"},{"month":"May","date":7,"day":"Thursday","name":"Buddha Purnima/Vesak","type":"Gazetted"},{"month":"May","date":7,"day":"Thursday","name":"Birthday of Ravindranath","type":"Restricted"},{"month":"May","date":10,"day":"Sunday","name":"Mother's Day","type":"Observance"},{"month":"May","date":22,"day":"Friday","name":"Jamat Ul-Vida","type":"Restricted"},{"month":"May","date":25,"day":"Monday","name":"Ramzan Id/Eid-ul-Fitar","type":"Gazetted"},{"month":"May","date":25,"day":"Monday","name":"Ramzan Id/Eid-ul-Fitar","type":"Muslim,"},{"month":"June","date":21,"day":"Sunday","name":"June Solstice","type":"Season"},{"month":"June","date":21,"day":"Sunday","name":"Father's Day","type":"Observance"},{"month":"June","date":23,"day":"Tuesday","name":"Rath Yatra","type":"Restricted"},{"month":"July","date":5,"day":"Sunday","name":"Guru Purnima","type":"Observance"},{"month":"July","date":31,"day":"Friday","name":"Bakr Id/Eid ul-Adha","type":"Gazetted"},{"month":"August","date":2,"day":"Sunday","name":"Friendship Day","type":"Observance"},{"month":"August","date":3,"day":"Monday","name":"Raksha Bandhan (Rakhi)","type":"Restricted"},{"month":"August","date":11,"day":"Tuesday","name":"Janmashtami (Smarta)","type":"Restricted"},{"month":"August","date":12,"day":"Wednesday","name":"Janmashtami","type":"Gazetted"},{"month":"August","date":15,"day":"Saturday","name":"Independence Day","type":"Gazetted"},{"month":"August","date":16,"day":"Sunday","name":"Parsi New Year","type":"Restricted"},{"month":"August","date":22,"day":"Saturday","name":"Ganesh Chaturthi/Vin
08-06 03:40:33.617  7310  7329 I art     : Starting a blocking GC Explicit
08-06 03:40:33.621  7310 10028 I NAPPA_EXPERIMENTATION: MetricNetworkRequestExecutionTime: REQUEST_DURATION_SYSTEM='576',REQUEST_DURATION_OKHTTP='62',REQUEST_SYNCHRONOUS='FALSE',RESPONSE_CODE='200',RESPONSE_METHOD='GET',RESPONSE_LENGTH_OKHTTP='6426',RESPONSE_LENGTH_HEADER='6426',REQUEST_PROTOCOL='http/1.1',REQUEST_URL='https://project-travel-mate.herokuapp.com/api/get-upcoming-holidays/2020',
08-06 03:40:33.675  7310  7329 I art     : Explicit concurrent mark sweep GC freed 8588(488KB) AllocSpace objects, 5(208KB) LOS objects, 7% free, 190MB/206MB, paused 1.859ms total 56.933ms
08-06 03:40:33.678  7310  7310 V Response: [{"month":"January","date":1,"day":"Wednesday","name":"New Year's Day","type":"Restricted"},{"month":"January","date":2,"day":"Thursday","name":"Guru Govind Singh Jayanti","type":"Restricted"},{"month":"January","date":14,"day":"Tuesday","name":"Lohri","type":"Restricted"},{"month":"January","date":15,"day":"Wednesday","name":"Pongal","type":"Restricted"},{"month":"January","date":15,"day":"Wednesday","name":"Makar Sankranti","type":"Restricted"},{"month":"January","date":25,"day":"Saturday","name":"Chinese New Year","type":"Observance"},{"month":"January","date":26,"day":"Sunday","name":"Republic Day","type":"Gazetted"},{"month":"January","date":30,"day":"Thursday","name":"Vasant Panchami","type":"Restricted"},{"month":"February","date":9,"day":"Sunday","name":"Guru Ravidas Jayanti","type":"Restricted"},{"month":"February","date":14,"day":"Friday","name":"Valentine's Day","type":"Observance"},{"month":"February","date":18,"day":"Tuesday","name":"Maharishi Dayanand Saraswati Jayanti","type":"Restricted"},{"month":"February","date":19,"day":"Wednesday","name":"Shivaji Jayanti","type":"Restricted"},{"month":"February","date":21,"day":"Friday","name":"Maha Shivaratri/Shivaratri","type":"Gazetted"},{"month":"March","date":9,"day":"Monday","name":"Holika Dahana","type":"Restricted"},{"month":"March","date":9,"day":"Monday","name":"Hazarat Ali's Birthday","type":"Restricted"},{"month":"March","date":10,"day":"Tuesday","name":"Holi","type":"Gazetted"},{"month":"March","date":20,"day":"Friday","name":"March Equinox","type":"Season"},{"month":"March","date":25,"day":"Wednesday","name":"Chaitra Sukhladi","type":"Restricted"},{"month":"April","date":2,"day":"Thursday","name":"Rama Navami","type":"Gazetted"},{"month":"April","date":6,"day":"Monday","name":"Mahavir Jayanti","type":"Gazetted"},{"month":"April","date":9,"day":"Thursday","name":"First day of Passover","type":"Observance"},{"month":"April","date":9,"day":"Thursday","name":"Maundy Thursday","type":"Observance,"},{"month":"April","date":10,"day":"Friday","name":"Good Friday","type":"Gazetted"},{"month":"April","date":12,"day":"Sunday","name":"Easter Day","type":"Restricted"},{"month":"April","date":13,"day":"Monday","name":"Vaisakhi","type":"Restricted"},{"month":"April","date":14,"day":"Tuesday","name":"Mesadi/Vaisakhadi","type":"Restricted"},{"month":"April","date":14,"day":"Tuesday","name":"Ambedkar Jayanti","type":"Central"},{"month":"May","date":1,"day":"Friday","name":"May Day","type":"Observance"},{"month":"May","date":7,"day":"Thursday","name":"Buddha Purnima/Vesak","type":"Gazetted"},{"month":"May","date":7,"day":"Thursday","name":"Birthday of Ravindranath","type":"Restricted"},{"month":"May","date":10,"day":"Sunday","name":"Mother's Day","type":"Observance"},{"month":"May","date":22,"day":"Friday","name":"Jamat Ul-Vida","type":"Restricted"},{"month":"May","date":25,"day":"Monday","name":"Ramzan Id/Eid-ul-Fitar","type":"Gazetted"},{"month":"May","date":25,"day":"Monday","name":"Ramzan Id/Eid-ul-Fitar","type":"Muslim,"},{"month":"June","date":21,"day":"Sunday","name":"June Solstice","type":"Season"},{"month":"June","date":21,"day":"Sunday","name":"Father's Day","type":"Observance"},{"month":"June","date":23,"day":"Tuesday","name":"Rath Yatra","type":"Restricted"},{"month":"July","date":5,"day":"Sunday","name":"Guru Purnima","type":"Observance"},{"month":"July","date":31,"day":"Friday","name":"Bakr Id/Eid ul-Adha","type":"Gazetted"},{"month":"August","date":2,"day":"Sunday","name":"Friendship Day","type":"Observance"},{"month":"August","date":3,"day":"Monday","name":"Raksha Bandhan (Rakhi)","type":"Restricted"},{"month":"August","date":11,"day":"Tuesday","name":"Janmashtami (Smarta)","type":"Restricted"},{"month":"August","date":12,"day":"Wednesday","name":"Janmashtami","type":"Gazetted"},{"month":"August","date":15,"day":"Saturday","name":"Independence Day","type":"Gazetted"},{"month":"August","date":16,"day":"Sunday","name":"Parsi New Year","type":"Restricted"},{"month":"August","date":22,"day":"Saturday","name":"Ganesh Chaturthi/Vin
08-06 03:40:33.694  7310  7329 I art     : Starting a blocking GC Explicit
08-06 03:40:33.755  7310  7329 I art     : Explicit concurrent mark sweep GC freed 7145(261KB) AllocSpace objects, 1(4MB) LOS objects, 7% free, 186MB/202MB, paused 1.547ms total 60.128ms
08-06 03:40:34.157  7310  8254 I art     : Starting a blocking GC Explicit
08-06 03:40:34.224  7310  8254 I art     : Explicit concurrent mark sweep GC freed 3631(185KB) AllocSpace objects, 13(268KB) LOS objects, 7% free, 185MB/201MB, paused 1.504ms total 65.830ms
08-06 03:40:34.247  7310  8254 I art     : Starting a blocking GC Explicit
08-06 03:40:34.307  7310  8254 I art     : Explicit concurrent mark sweep GC freed 172(4KB) AllocSpace objects, 0(0B) LOS objects, 7% free, 185MB/201MB, paused 1.468ms total 60.664ms
08-06 03:40:34.328  7310  8254 I art     : Starting a blocking GC Explicit
08-06 03:40:34.390  7310  8254 I art     : Explicit concurrent mark sweep GC freed 123(2096B) AllocSpace objects, 0(0B) LOS objects, 7% free, 185MB/201MB, paused 1.481ms total 62.386ms
08-06 03:40:34.410  7310  8254 I art     : Starting a blocking GC Explicit
08-06 03:40:34.473  7310  8254 I art     : Explicit concurrent mark sweep GC freed 123(2096B) AllocSpace objects, 0(0B) LOS objects, 7% free, 185MB/201MB, paused 1.493ms total 63.047ms
08-06 03:40:34.493  7310  8254 I art     : Starting a blocking GC Explicit
08-06 03:40:34.557  7310  8254 I art     : Explicit concurrent mark sweep GC freed 123(2096B) AllocSpace objects, 0(0B) LOS objects, 7% free, 185MB/201MB, paused 1.480ms total 63.149ms
08-06 03:40:34.950   918  3261 D WifiStateMachine: starting scan for "H369AA63323"WPA_PSK with 2412,5180
08-06 03:40:35.003  7310  7323 I art     : Starting a blocking GC Explicit
08-06 03:40:35.073  7310  7323 I art     : Explicit concurrent mark sweep GC freed 2366(105KB) AllocSpace objects, 2(48KB) LOS objects, 7% free, 185MB/201MB, paused 1.582ms total 70.198ms
08-06 03:40:35.094  7310  7323 I art     : Starting a blocking GC Explicit
08-06 03:40:35.161  7310  7323 I art     : Explicit concurrent mark sweep GC freed 149(3056B) AllocSpace objects, 0(0B) LOS objects, 7% free, 185MB/201MB, paused 1.669ms total 67.168ms
08-06 03:40:35.182  7310  7323 I art     : Starting a blocking GC Explicit
08-06 03:40:35.252  7310  7323 I art     : Explicit concurrent mark sweep GC freed 146(2464B) AllocSpace objects, 0(0B) LOS objects, 7% free, 185MB/201MB, paused 1.622ms total 69.152ms
08-06 03:40:35.272  7310  7323 I art     : Starting a blocking GC Explicit
08-06 03:40:35.341  7310  7323 I art     : Explicit concurrent mark sweep GC freed 124(2128B) AllocSpace objects, 0(0B) LOS objects, 7% free, 185MB/201MB, paused 1.435ms total 68.320ms
08-06 03:40:35.364  7310  7323 I art     : Starting a blocking GC Explicit
08-06 03:40:35.428  7310  7323 I art     : Explicit concurrent mark sweep GC freed 128(2176B) AllocSpace objects, 0(0B) LOS objects, 7% free, 185MB/201MB, paused 1.650ms total 63.992ms
08-06 03:40:35.854  7310  7322 I art     : Starting a blocking GC Explicit
08-06 03:40:35.925  7310  7322 I art     : Explicit concurrent mark sweep GC freed 2301(103KB) AllocSpace objects, 2(48KB) LOS objects, 7% free, 185MB/201MB, paused 1.554ms total 70.180ms
08-06 03:40:35.945  7310  7322 I art     : Starting a blocking GC Explicit
08-06 03:40:36.013  7310  7322 I art     : Explicit concurrent mark sweep GC freed 155(3KB) AllocSpace objects, 0(0B) LOS objects, 7% free, 185MB/201MB, paused 1.695ms total 68.179ms
08-06 03:40:36.034  7310  7322 I art     : Starting a blocking GC Explicit
08-06 03:40:36.105  7310  7322 I art     : Explicit concurrent mark sweep GC freed 189(3KB) AllocSpace objects, 0(0B) LOS objects, 7% free, 185MB/201MB, paused 1.573ms total 71.009ms
08-06 03:40:36.126  7310  7322 I art     : Starting a blocking GC Explicit
08-06 03:40:36.196  7310  7322 I art     : Explicit concurrent mark sweep GC freed 138(2720B) AllocSpace objects, 0(0B) LOS objects, 7% free, 185MB/201MB, paused 1.603ms total 70.245ms
08-06 03:40:36.217  7310  7322 I art     : Starting a blocking GC Explicit
08-06 03:40:36.283  7310  7322 I art     : Explicit concurrent mark sweep GC freed 142(2416B) AllocSpace objects, 0(0B) LOS objects, 7% free, 185MB/201MB, paused 1.547ms total 65.821ms
08-06 03:40:36.729  7310  7581 I art     : Starting a blocking GC Explicit
08-06 03:40:36.800  7310  7581 I art     : Explicit concurrent mark sweep GC freed 2330(104KB) AllocSpace objects, 2(48KB) LOS objects, 7% free, 185MB/201MB, paused 1.618ms total 70.356ms
08-06 03:40:36.820  7310  7581 I art     : Starting a blocking GC Explicit
08-06 03:40:36.887  7310  7581 I art     : Explicit concurrent mark sweep GC freed 149(3056B) AllocSpace objects, 0(0B) LOS objects, 7% free, 185MB/201MB, paused 1.547ms total 66.495ms
08-06 03:40:36.908  7310  7581 I art     : Starting a blocking GC Explicit
08-06 03:40:36.977  7310  7581 I art     : Explicit concurrent mark sweep GC freed 123(2096B) AllocSpace objects, 0(0B) LOS objects, 7% free, 185MB/201MB, paused 1.656ms total 69.375ms
08-06 03:40:36.998  7310  7581 I art     : Starting a blocking GC Explicit
08-06 03:40:37.067  7310  7581 I art     : Explicit concurrent mark sweep GC freed 145(2432B) AllocSpace objects, 0(0B) LOS objects, 7% free, 185MB/201MB, paused 1.656ms total 69.421ms
08-06 03:40:37.088  7310  7581 I art     : Starting a blocking GC Explicit
08-06 03:40:37.156  7310  7581 I art     : Explicit concurrent mark sweep GC freed 173(3KB) AllocSpace objects, 0(0B) LOS objects, 7% free, 185MB/201MB, paused 1.575ms total 67.850ms
08-06 03:40:37.207   918   937 W ProcessCpuTracker: Skipping unknown process pid 10078
08-06 03:40:37.208   918   937 W ProcessCpuTracker: Skipping unknown process pid 10080
08-06 03:40:37.208   918   937 W ProcessCpuTracker: Skipping unknown process pid 10081
08-06 03:40:37.542  7310  7329 I art     : Starting a blocking GC Explicit
08-06 03:40:37.610  7310  7329 I art     : Explicit concurrent mark sweep GC freed 2245(103KB) AllocSpace objects, 2(48KB) LOS objects, 7% free, 185MB/201MB, paused 1.637ms total 67.936ms
08-06 03:40:37.631  7310  7329 I art     : Starting a blocking GC Explicit
08-06 03:40:37.698  7310  7329 I art     : Explicit concurrent mark sweep GC freed 151(3KB) AllocSpace objects, 0(0B) LOS objects, 7% free, 185MB/201MB, paused 1.711ms total 66.911ms
08-06 03:40:37.719  7310  7329 I art     : Starting a blocking GC Explicit
08-06 03:40:37.783  7310  7329 I art     : Explicit concurrent mark sweep GC freed 131(2224B) AllocSpace objects, 0(0B) LOS objects, 7% free, 185MB/201MB, paused 1.833ms total 63.829ms
08-06 03:40:37.789 10082 10082 D AndroidRuntime: >>>>>> START com.android.internal.os.RuntimeInit uid 2000 <<<<<<
08-06 03:40:37.795 10082 10082 D AndroidRuntime: CheckJNI is OFF
08-06 03:40:37.803  7310  7329 I art     : Starting a blocking GC Explicit
08-06 03:40:37.839 10082 10082 D ICU     : No timezone override file found: /data/misc/zoneinfo/current/icu/icu_tzdata.dat
08-06 03:40:37.865  7310  7329 I art     : Explicit concurrent mark sweep GC freed 122(2080B) AllocSpace objects, 0(0B) LOS objects, 7% free, 185MB/201MB, paused 1.710ms total 61.743ms
08-06 03:40:37.885 10082 10082 I Radio-JNI: register_android_hardware_Radio DONE
08-06 03:40:37.886  7310  7329 I art     : Starting a blocking GC Explicit
08-06 03:40:37.913 10082 10082 D AndroidRuntime: Calling main entry com.android.commands.input.Input
08-06 03:40:37.914 10082 10082 I Input   : injectKeyEvent: KeyEvent { action=ACTION_DOWN, keyCode=KEYCODE_BACK, scanCode=0, metaState=0, flags=0x0, repeatCount=0, eventTime=848454327, downTime=848454327, deviceId=-1, source=0x101 }
08-06 03:40:37.921 10082 10082 I Input   : injectKeyEvent: KeyEvent { action=ACTION_UP, keyCode=KEYCODE_BACK, scanCode=0, metaState=0, flags=0x0, repeatCount=0, eventTime=848454327, downTime=848454327, deviceId=-1, source=0x101 }
08-06 03:40:37.927 10082 10082 D AndroidRuntime: Shutting down VM
08-06 03:40:37.947  7310  7329 I art     : Explicit concurrent mark sweep GC freed 263(7KB) AllocSpace objects, 0(0B) LOS objects, 7% free, 185MB/201MB, paused 1.514ms total 60.897ms
08-06 03:40:37.947  7310  7310 V MainActivity: url = https://project-travel-mate.herokuapp.com/api/number-of-unread-notifications
08-06 03:40:37.980 13866 13866 I GoogleInputMethodServic: GoogleInputMethodService.onFinishInput():3138 
08-06 03:40:37.980 13866 13866 I GoogleInputMethodServic: GoogleInputMethodService.onStartInput():1808 
08-06 03:40:38.312   380   380 W SurfaceFlinger: couldn't log to binary event log: overflow.
08-06 03:40:38.328  7310  8254 I art     : Starting a blocking GC Explicit
08-06 03:40:38.386  7310  8254 I art     : Explicit concurrent mark sweep GC freed 2468(119KB) AllocSpace objects, 2(48KB) LOS objects, 7% free, 185MB/201MB, paused 1.557ms total 57.514ms
08-06 03:40:38.405  7310  8254 I art     : Starting a blocking GC Explicit
08-06 03:40:38.466  7310  8254 I art     : Explicit concurrent mark sweep GC freed 6681(362KB) AllocSpace objects, 13(264KB) LOS objects, 7% free, 185MB/201MB, paused 1.499ms total 60.354ms
08-06 03:40:38.485  7310  8254 I art     : Starting a blocking GC Explicit
08-06 03:40:38.551  7310  8254 I art     : Explicit concurrent mark sweep GC freed 27(1248B) AllocSpace objects, 0(0B) LOS objects, 7% free, 185MB/201MB, paused 1.602ms total 64.815ms
08-06 03:40:38.551  7310  7321 I art     : WaitForGcToComplete blocked for 28.762ms for cause HeapTrim
08-06 03:40:38.574  7310  8254 I art     : Starting a blocking GC Explicit
08-06 03:40:38.636  7310  8254 I art     : Explicit concurrent mark sweep GC freed 31(960B) AllocSpace objects, 0(0B) LOS objects, 7% free, 185MB/201MB, paused 1.503ms total 62.070ms
08-06 03:40:38.656  7310  8254 I art     : Starting a blocking GC Explicit
08-06 03:40:38.707  7310 10105 I NAPPA_EXPERIMENTATION: MetricNetworkRequestExecutionTime: REQUEST_DURATION_SYSTEM='757',REQUEST_DURATION_OKHTTP='29',REQUEST_SYNCHRONOUS='FALSE',RESPONSE_CODE='200',RESPONSE_METHOD='GET',RESPONSE_LENGTH_OKHTTP='36',RESPONSE_LENGTH_HEADER='36',REQUEST_PROTOCOL='http/1.1',REQUEST_URL='https://project-travel-mate.herokuapp.com/api/number-of-unread-notifications',
08-06 03:40:38.719  7310  8254 I art     : Explicit concurrent mark sweep GC freed 2665(142KB) AllocSpace objects, 2(120KB) LOS objects, 7% free, 185MB/201MB, paused 1.618ms total 63.300ms
08-06 03:40:39.160  7310  7581 I art     : Starting a blocking GC Explicit
08-06 03:40:39.228  7310  7581 I art     : Explicit concurrent mark sweep GC freed 2698(213KB) AllocSpace objects, 3(128KB) LOS objects, 7% free, 185MB/201MB, paused 1.477ms total 67.814ms
08-06 03:40:39.247  7310  7581 I art     : Starting a blocking GC Explicit
08-06 03:40:39.307  7310  7581 I art     : Explicit concurrent mark sweep GC freed 48(3KB) AllocSpace objects, 0(0B) LOS objects, 7% free, 185MB/201MB, paused 1.554ms total 59.525ms
08-06 03:40:39.327  7310  7581 I art     : Starting a blocking GC Explicit
08-06 03:40:39.386  7310  7581 I art     : Explicit concurrent mark sweep GC freed 3(96B) AllocSpace objects, 0(0B) LOS objects, 7% free, 185MB/201MB, paused 1.485ms total 59.556ms
08-06 03:40:39.406  7310  7581 I art     : Starting a blocking GC Explicit
08-06 03:40:39.467  7310  7581 I art     : Explicit concurrent mark sweep GC freed 3(96B) AllocSpace objects, 0(0B) LOS objects, 7% free, 185MB/201MB, paused 1.493ms total 60.038ms
08-06 03:40:39.486  7310  7581 I art     : Starting a blocking GC Explicit
08-06 03:40:39.547  7310  7581 I art     : Explicit concurrent mark sweep GC freed 3(96B) AllocSpace objects, 0(0B) LOS objects, 7% free, 185MB/201MB, paused 1.603ms total 61.001ms
08-06 03:40:39.740 10128 10128 D AndroidRuntime: >>>>>> START com.android.internal.os.RuntimeInit uid 2000 <<<<<<
08-06 03:40:39.746 10128 10128 D AndroidRuntime: CheckJNI is OFF
08-06 03:40:39.786 10128 10128 D ICU     : No timezone override file found: /data/misc/zoneinfo/current/icu/icu_tzdata.dat
08-06 03:40:39.825 10128 10128 I Radio-JNI: register_android_hardware_Radio DONE
08-06 03:40:39.852 10128 10128 D AndroidRuntime: Calling main entry com.android.commands.input.Input
08-06 03:40:39.854 10128 10128 I Input   : injectMotionEvent: MotionEvent { action=ACTION_DOWN, actionButton=0, id[0]=0, x[0]=117.0, y[0]=170.0, toolType[0]=TOOL_TYPE_UNKNOWN, buttonState=0, metaState=0, flags=0x0, edgeFlags=0x0, pointerCount=1, historySize=0, eventTime=848456266, downTime=848456266, deviceId=0, source=0x1002 }
08-06 03:40:39.864 10128 10128 I Input   : injectMotionEvent: MotionEvent { action=ACTION_UP, actionButton=0, id[0]=0, x[0]=117.0, y[0]=170.0, toolType[0]=TOOL_TYPE_UNKNOWN, buttonState=0, metaState=0, flags=0x0, edgeFlags=0x0, pointerCount=1, historySize=0, eventTime=848456266, downTime=848456266, deviceId=0, source=0x1002 }
08-06 03:40:39.866 10128 10128 D AndroidRuntime: Shutting down VM
08-06 03:40:39.908   512  2967 D audio_hw_primary: out_set_parameters: enter: usecase(1: low-latency-playback) kvpairs: routing=2
08-06 03:40:39.921   512  2967 D audio_hw_primary: select_devices: out_snd_device(2: speaker) in_snd_device(0: none)
08-06 03:40:39.921   512  2967 D msm8974_platform: platform_send_audio_calibration: sending audio calibration for snd_device(2) acdb_id(15)
08-06 03:40:39.921   512  2967 I soundtrigger: audio_extn_sound_trigger_update_device_status: device 0x2 of type 0 for Event 1
08-06 03:40:39.931   512  2967 D audio_hw_primary: enable_snd_device: snd_device(2: speaker)
08-06 03:40:39.934   512  2967 D audio_hw_primary: enable_audio_route: apply and update mixer path: low-latency-playback speaker
08-06 03:40:39.961  7310  8254 I art     : Starting a blocking GC Explicit
08-06 03:40:40.017  7310  8254 I art     : Explicit concurrent mark sweep GC freed 1935(110KB) AllocSpace objects, 2(48KB) LOS objects, 7% free, 185MB/201MB, paused 1.602ms total 55.137ms
08-06 03:40:40.038  7310  8254 I art     : Starting a blocking GC Explicit
08-06 03:40:40.093  7310  8254 I art     : Explicit concurrent mark sweep GC freed 177(6KB) AllocSpace objects, 0(0B) LOS objects, 7% free, 185MB/201MB, paused 1.422ms total 55.003ms
08-06 03:40:40.114  7310  8254 I art     : Starting a blocking GC Explicit
08-06 03:40:40.170  7310  8254 I art     : Explicit concurrent mark sweep GC freed 3(96B) AllocSpace objects, 0(0B) LOS objects, 7% free, 185MB/201MB, paused 1.348ms total 55.838ms
08-06 03:40:40.190  7310  8254 I art     : Starting a blocking GC Explicit
08-06 03:40:40.244  7310  8254 I art     : Explicit concurrent mark sweep GC freed 15(752B) AllocSpace objects, 0(0B) LOS objects, 7% free, 185MB/201MB, paused 1.415ms total 53.529ms
08-06 03:40:40.262  7310  8254 I art     : Starting a blocking GC Explicit
08-06 03:40:40.318  7310  8254 I art     : Explicit concurrent mark sweep GC freed 15(704B) AllocSpace objects, 0(0B) LOS objects, 7% free, 185MB/201MB, paused 1.424ms total 55.940ms
08-06 03:40:40.468   512  2967 D audio_hw_primary: disable_audio_route: reset and update mixer path: low-latency-playback speaker
08-06 03:40:40.469   512  2967 D audio_hw_primary: disable_snd_device: snd_device(2: speaker)
08-06 03:40:40.477   512  2967 I soundtrigger: audio_extn_sound_trigger_update_device_status: device 0x2 of type 0 for Event 0
08-06 03:40:40.598 10151 10151 D AndroidRuntime: >>>>>> START com.android.internal.os.RuntimeInit uid 2000 <<<<<<
08-06 03:40:40.604 10151 10151 D AndroidRuntime: CheckJNI is OFF
08-06 03:40:40.647 10151 10151 D ICU     : No timezone override file found: /data/misc/zoneinfo/current/icu/icu_tzdata.dat
08-06 03:40:40.690 10151 10151 I Radio-JNI: register_android_hardware_Radio DONE
08-06 03:40:40.719 10151 10151 D AndroidRuntime: Calling main entry com.android.commands.input.Input
08-06 03:40:40.721 10151 10151 I Input   : injectMotionEvent: MotionEvent { action=ACTION_DOWN, actionButton=0, id[0]=0, x[0]=405.0, y[0]=661.0, toolType[0]=TOOL_TYPE_UNKNOWN, buttonState=0, metaState=0, flags=0x0, edgeFlags=0x0, pointerCount=1, historySize=0, eventTime=848457134, downTime=848457134, deviceId=0, source=0x1002 }
08-06 03:40:40.723  7310  8254 I art     : Starting a blocking GC Explicit
08-06 03:40:40.726 10151 10151 I Input   : injectMotionEvent: MotionEvent { action=ACTION_UP, actionButton=0, id[0]=0, x[0]=405.0, y[0]=661.0, toolType[0]=TOOL_TYPE_UNKNOWN, buttonState=0, metaState=0, flags=0x0, edgeFlags=0x0, pointerCount=1, historySize=0, eventTime=848457134, downTime=848457134, deviceId=0, source=0x1002 }
08-06 03:40:40.728 10151 10151 D AndroidRuntime: Shutting down VM
08-06 03:40:40.743   512  2967 D audio_hw_primary: out_set_parameters: enter: usecase(1: low-latency-playback) kvpairs: routing=2
08-06 03:40:40.756   512  2967 D audio_hw_primary: select_devices: out_snd_device(2: speaker) in_snd_device(0: none)
08-06 03:40:40.757   512  2967 D msm8974_platform: platform_send_audio_calibration: sending audio calibration for snd_device(2) acdb_id(15)
08-06 03:40:40.757   512  2967 I soundtrigger: audio_extn_sound_trigger_update_device_status: device 0x2 of type 0 for Event 1
08-06 03:40:40.768   512  2967 D audio_hw_primary: enable_snd_device: snd_device(2: speaker)
08-06 03:40:40.770   512  2967 D audio_hw_primary: enable_audio_route: apply and update mixer path: low-latency-playback speaker
08-06 03:40:40.788  7310  8254 I art     : Explicit concurrent mark sweep GC freed 2757(137KB) AllocSpace objects, 2(48KB) LOS objects, 7% free, 185MB/201MB, paused 1.988ms total 64.602ms
08-06 03:40:40.807  7310  8254 I art     : Starting a blocking GC Explicit
08-06 03:40:40.811   512  2967 D AudioFlinger: mixer(0xf4740000) throttle end: throttle time(12)
08-06 03:40:40.863  7310  8254 I art     : Explicit concurrent mark sweep GC freed 962(32KB) AllocSpace objects, 0(0B) LOS objects, 7% free, 185MB/201MB, paused 1.539ms total 55.938ms
08-06 03:40:40.882  7310  8254 I art     : Starting a blocking GC Explicit
08-06 03:40:40.937  7310  8254 I art     : Explicit concurrent mark sweep GC freed 754(45KB) AllocSpace objects, 0(0B) LOS objects, 7% free, 185MB/201MB, paused 1.470ms total 53.967ms
08-06 03:40:40.955  7310  8254 I art     : Starting a blocking GC Explicit
08-06 03:40:41.013  7310  8254 I art     : Explicit concurrent mark sweep GC freed 23(576B) AllocSpace objects, 9(252KB) LOS objects, 7% free, 185MB/201MB, paused 1.412ms total 57.711ms
08-06 03:40:41.033  7310  8254 I art     : Starting a blocking GC Explicit
08-06 03:40:41.095  7310  8254 I art     : Explicit concurrent mark sweep GC freed 40(1088B) AllocSpace objects, 0(0B) LOS objects, 7% free, 185MB/201MB, paused 1.677ms total 61.606ms
08-06 03:40:41.299   512  2967 D audio_hw_primary: disable_audio_route: reset and update mixer path: low-latency-playback speaker
08-06 03:40:41.300   512  2967 D audio_hw_primary: disable_snd_device: snd_device(2: speaker)
08-06 03:40:41.309   512  2967 I soundtrigger: audio_extn_sound_trigger_update_device_status: device 0x2 of type 0 for Event 0
08-06 03:40:41.389  6649  6649 I ServiceManager: Waiting for service AtCmdFwd...
08-06 03:40:41.511  7310  7322 I art     : Starting a blocking GC Explicit
08-06 03:40:41.594  7310  7322 I art     : Explicit concurrent mark sweep GC freed 1610(92KB) AllocSpace objects, 2(48KB) LOS objects, 7% free, 185MB/201MB, paused 1.746ms total 82.238ms
08-06 03:40:41.615  7310  7322 I art     : Starting a blocking GC Explicit
08-06 03:40:41.679  7310  7322 I art     : Explicit concurrent mark sweep GC freed 28(1024B) AllocSpace objects, 0(0B) LOS objects, 7% free, 185MB/201MB, paused 1.530ms total 62.922ms
08-06 03:40:41.699  7310  7322 I art     : Starting a blocking GC Explicit
08-06 03:40:41.762  7310  7322 I art     : Explicit concurrent mark sweep GC freed 3(96B) AllocSpace objects, 0(0B) LOS objects, 7% free, 185MB/201MB, paused 1.452ms total 63.122ms
08-06 03:40:41.782  7310  7322 I art     : Starting a blocking GC Explicit
08-06 03:40:41.845  7310  7322 I art     : Explicit concurrent mark sweep GC freed 3(96B) AllocSpace objects, 0(0B) LOS objects, 7% free, 185MB/201MB, paused 1.462ms total 62.962ms
08-06 03:40:41.865  7310  7322 I art     : Starting a blocking GC Explicit
08-06 03:40:41.933  7310  7322 I art     : Explicit concurrent mark sweep GC freed 3(96B) AllocSpace objects, 0(0B) LOS objects, 7% free, 185MB/201MB, paused 1.592ms total 67.415ms
08-06 03:40:42.362  7310  7329 I art     : Starting a blocking GC Explicit
08-06 03:40:42.390  6649  6649 I ServiceManager: Waiting for service AtCmdFwd...
08-06 03:40:42.433  7310  7329 I art     : Explicit concurrent mark sweep GC freed 1635(93KB) AllocSpace objects, 2(48KB) LOS objects, 7% free, 185MB/201MB, paused 1.575ms total 69.938ms
08-06 03:40:42.453  7310  7329 I art     : Starting a blocking GC Explicit
08-06 03:40:42.526  7310  7329 I art     : Explicit concurrent mark sweep GC freed 49(2320B) AllocSpace objects, 0(0B) LOS objects, 7% free, 185MB/201MB, paused 1.670ms total 72.262ms
08-06 03:40:42.549  7310  7329 I art     : Starting a blocking GC Explicit
08-06 03:40:42.623  7310  7329 I art     : Explicit concurrent mark sweep GC freed 3(96B) AllocSpace objects, 0(0B) LOS objects, 7% free, 185MB/201MB, paused 1.721ms total 74.018ms
08-06 03:40:42.646  7310  7329 I art     : Starting a blocking GC Explicit
08-06 03:40:42.715  7310  7329 I art     : Explicit concurrent mark sweep GC freed 3(96B) AllocSpace objects, 0(0B) LOS objects, 7% free, 185MB/201MB, paused 1.525ms total 69.243ms
08-06 03:40:42.736  7310  7329 I art     : Starting a blocking GC Explicit
08-06 03:40:42.806  7310  7329 I art     : Explicit concurrent mark sweep GC freed 3(96B) AllocSpace objects, 0(0B) LOS objects, 7% free, 185MB/201MB, paused 1.537ms total 69.537ms
08-06 03:40:42.814   918  3188 I hubconnection: sensorhub said: 'set_bias 3: -6.0960, 0.0000, 0.0000'
08-06 03:40:43.251  7310  7581 I art     : Starting a blocking GC Explicit
08-06 03:40:43.323  7310  7581 I art     : Explicit concurrent mark sweep GC freed 1635(93KB) AllocSpace objects, 2(48KB) LOS objects, 7% free, 185MB/201MB, paused 1.546ms total 71.942ms
08-06 03:40:43.343  7310  7581 I art     : Starting a blocking GC Explicit
08-06 03:40:43.391  6649  6649 I ServiceManager: Waiting for service AtCmdFwd...
08-06 03:40:43.408  7310  7581 I art     : Explicit concurrent mark sweep GC freed 38(1568B) AllocSpace objects, 0(0B) LOS objects, 7% free, 185MB/201MB, paused 1.663ms total 64.896ms
08-06 03:40:43.429  7310  7581 I art     : Starting a blocking GC Explicit
08-06 03:40:43.493  7310  7581 I art     : Explicit concurrent mark sweep GC freed 6(192B) AllocSpace objects, 0(0B) LOS objects, 7% free, 185MB/201MB, paused 1.519ms total 63.761ms
08-06 03:40:43.513  7310  7581 I art     : Starting a blocking GC Explicit
08-06 03:40:43.568 10194 10194 D AndroidRuntime: >>>>>> START com.android.internal.os.RuntimeInit uid 2000 <<<<<<
08-06 03:40:43.574 10194 10194 D AndroidRuntime: CheckJNI is OFF
08-06 03:40:43.576  7310  7581 I art     : Explicit concurrent mark sweep GC freed 13(608B) AllocSpace objects, 0(0B) LOS objects, 7% free, 185MB/201MB, paused 1.545ms total 62.822ms
08-06 03:40:43.596  7310  7581 I art     : Starting a blocking GC Explicit
08-06 03:40:43.620 10194 10194 D ICU     : No timezone override file found: /data/misc/zoneinfo/current/icu/icu_tzdata.dat
08-06 03:40:43.659  7310  7581 I art     : Explicit concurrent mark sweep GC freed 17(528B) AllocSpace objects, 0(0B) LOS objects, 7% free, 185MB/201MB, paused 1.542ms total 62.783ms
08-06 03:40:43.659  7310  7321 I art     : WaitForGcToComplete blocked for 22.292ms for cause HeapTrim
08-06 03:40:43.668 10194 10194 I Radio-JNI: register_android_hardware_Radio DONE
08-06 03:40:43.698 10194 10194 D AndroidRuntime: Calling main entry com.android.commands.input.Input
08-06 03:40:43.701 10194 10194 I Input   : injectMotionEvent: MotionEvent { action=ACTION_DOWN, actionButton=0, id[0]=0, x[0]=1341.0, y[0]=197.0, toolType[0]=TOOL_TYPE_UNKNOWN, buttonState=0, metaState=0, flags=0x0, edgeFlags=0x0, pointerCount=1, historySize=0, eventTime=848460113, downTime=848460113, deviceId=0, source=0x1002 }
08-06 03:40:43.705 10194 10194 I Input   : injectMotionEvent: MotionEvent { action=ACTION_UP, actionButton=0, id[0]=0, x[0]=1341.0, y[0]=197.0, toolType[0]=TOOL_TYPE_UNKNOWN, buttonState=0, metaState=0, flags=0x0, edgeFlags=0x0, pointerCount=1, historySize=0, eventTime=848460113, downTime=848460113, deviceId=0, source=0x1002 }
08-06 03:40:43.708 10194 10194 D AndroidRuntime: Shutting down VM
08-06 03:40:43.720   512  2967 D audio_hw_primary: out_set_parameters: enter: usecase(1: low-latency-playback) kvpairs: routing=2
08-06 03:40:43.721   918  5132 I ActivityManager: START u0 {cmp=baseline.io.github.project_travel_mate/.notifications.NotificationsActivity} from uid 10696 on display 0
08-06 03:40:43.733   512  2967 D audio_hw_primary: select_devices: out_snd_device(2: speaker) in_snd_device(0: none)
08-06 03:40:43.733   512  2967 D msm8974_platform: platform_send_audio_calibration: sending audio calibration for snd_device(2) acdb_id(15)
08-06 03:40:43.734   512  2967 I soundtrigger: audio_extn_sound_trigger_update_device_status: device 0x2 of type 0 for Event 1
08-06 03:40:43.745   512  2967 D audio_hw_primary: enable_snd_device: snd_device(2: speaker)
08-06 03:40:43.747   512  2967 D audio_hw_primary: enable_audio_route: apply and update mixer path: low-latency-playback speaker
08-06 03:40:43.751  7310  7390 D Gabe    : call	returning from cache
08-06 03:40:43.757  7310  7310 V EXECUTING: https://project-travel-mate.herokuapp.com/api/get-notifications
08-06 03:40:43.760  7310  7310 V EXECUTING: https://project-travel-mate.herokuapp.com/api/get-notifications
08-06 03:40:43.926 13866 13866 I GoogleInputMethodServic: GoogleInputMethodService.onFinishInput():3138 
08-06 03:40:43.927   918   936 I ActivityManager: Displayed baseline.io.github.project_travel_mate/.notifications.NotificationsActivity: +196ms
08-06 03:40:43.927 13866 13866 I GoogleInputMethodServic: GoogleInputMethodService.onStartInput():1808 
08-06 03:40:44.026  7310  7326 D OpenGLRenderer: endAllStagingAnimators on 0x7f7b5ff000 (RippleDrawable) with handle 0x7f7c31a020
08-06 03:40:44.060  7310  7322 I art     : Starting a blocking GC Explicit
08-06 03:40:44.119  7310  7322 I art     : Explicit concurrent mark sweep GC freed 4014(219KB) AllocSpace objects, 2(48KB) LOS objects, 7% free, 189MB/205MB, paused 1.421ms total 58.177ms
08-06 03:40:44.143  7310  7322 I art     : Starting a blocking GC Explicit
08-06 03:40:44.170   380   380 W SurfaceFlinger: couldn't log to binary event log: overflow.
08-06 03:40:44.210  7310  7322 I art     : Explicit concurrent mark sweep GC freed 491(18KB) AllocSpace objects, 0(0B) LOS objects, 7% free, 189MB/205MB, paused 1.489ms total 66.336ms
08-06 03:40:44.230  7310  7322 I art     : Starting a blocking GC Explicit
08-06 03:40:44.279   512  2967 D audio_hw_primary: disable_audio_route: reset and update mixer path: low-latency-playback speaker
08-06 03:40:44.280   512  2967 D audio_hw_primary: disable_snd_device: snd_device(2: speaker)
08-06 03:40:44.289   512  2967 I soundtrigger: audio_extn_sound_trigger_update_device_status: device 0x2 of type 0 for Event 0
08-06 03:40:44.289  7310  7322 I art     : Explicit concurrent mark sweep GC freed 123(2096B) AllocSpace objects, 0(0B) LOS objects, 7% free, 189MB/205MB, paused 1.645ms total 59.146ms
08-06 03:40:44.309  7310  7322 I art     : Starting a blocking GC Explicit
08-06 03:40:44.367  7310  7322 I art     : Explicit concurrent mark sweep GC freed 83(1392B) AllocSpace objects, 0(0B) LOS objects, 7% free, 190MB/206MB, paused 1.816ms total 57.110ms
08-06 03:40:44.386  7310  7322 I art     : Starting a blocking GC Explicit
08-06 03:40:44.391  6649  6649 I ServiceManager: Waiting for service AtCmdFwd...
08-06 03:40:44.442  7310  7322 I art     : Explicit concurrent mark sweep GC freed 210(6KB) AllocSpace objects, 0(0B) LOS objects, 7% free, 190MB/206MB, paused 1.862ms total 55.638ms
08-06 03:40:44.548  7310 10218 I NAPPA_EXPERIMENTATION: MetricNetworkRequestExecutionTime: REQUEST_DURATION_SYSTEM='787',REQUEST_DURATION_OKHTTP='38',REQUEST_SYNCHRONOUS='FALSE',RESPONSE_CODE='200',RESPONSE_METHOD='GET',RESPONSE_LENGTH_OKHTTP='2',RESPONSE_LENGTH_HEADER='2',REQUEST_PROTOCOL='http/1.1',REQUEST_URL='https://project-travel-mate.herokuapp.com/api/get-notifications',
08-06 03:40:44.571  7310 10217 I NAPPA_EXPERIMENTATION: MetricNetworkRequestExecutionTime: REQUEST_DURATION_SYSTEM='813',REQUEST_DURATION_OKHTTP='58',REQUEST_SYNCHRONOUS='FALSE',RESPONSE_CODE='200',RESPONSE_METHOD='GET',RESPONSE_LENGTH_OKHTTP='2',RESPONSE_LENGTH_HEADER='2',REQUEST_PROTOCOL='http/1.1',REQUEST_URL='https://project-travel-mate.herokuapp.com/api/get-notifications',
08-06 03:40:44.649  7310  7310 V Response: [] 
08-06 03:40:44.653  7310  7390 D Gabe    : call	returning from cache
08-06 03:40:44.661  7310  7310 V Response: [] 
08-06 03:40:44.666  7310  7390 D Gabe    : call	returning from cache
08-06 03:40:44.815  7310  8254 I art     : Starting a blocking GC Explicit
08-06 03:40:44.874  7310  8254 I art     : Explicit concurrent mark sweep GC freed 9971(469KB) AllocSpace objects, 9(636KB) LOS objects, 7% free, 190MB/206MB, paused 1.475ms total 58.311ms
08-06 03:40:44.893  7310  8254 I art     : Starting a blocking GC Explicit
08-06 03:40:44.947  7310  8254 I art     : Explicit concurrent mark sweep GC freed 3900(308KB) AllocSpace objects, 0(0B) LOS objects, 7% free, 190MB/206MB, paused 1.822ms total 53.932ms
08-06 03:40:44.967  7310  8254 I art     : Starting a blocking GC Explicit
08-06 03:40:45.020  7310  8254 I art     : Explicit concurrent mark sweep GC freed 373(6KB) AllocSpace objects, 0(0B) LOS objects, 7% free, 190MB/206MB, paused 1.353ms total 53.062ms
08-06 03:40:45.039  7310  8254 I art     : Starting a blocking GC Explicit
08-06 03:40:45.092  7310  8254 I art     : Explicit concurrent mark sweep GC freed 483(15KB) AllocSpace objects, 0(0B) LOS objects, 7% free, 190MB/206MB, paused 1.514ms total 52.722ms
08-06 03:40:45.110  7310  8254 I art     : Starting a blocking GC Explicit
08-06 03:40:45.163  7310  8254 I art     : Explicit concurrent mark sweep GC freed 361(6KB) AllocSpace objects, 0(0B) LOS objects, 7% free, 190MB/206MB, paused 1.352ms total 52.260ms
08-06 03:40:45.391  6649  6649 I ServiceManager: Waiting for service AtCmdFwd...
08-06 03:40:45.571  7310  8254 I art     : Starting a blocking GC Explicit
08-06 03:40:45.631  7310  8254 I art     : Explicit concurrent mark sweep GC freed 3645(127KB) AllocSpace objects, 2(48KB) LOS objects, 7% free, 190MB/206MB, paused 1.427ms total 59.408ms
08-06 03:40:45.651  7310  8254 I art     : Starting a blocking GC Explicit
08-06 03:40:45.706  7310  8254 I art     : Explicit concurrent mark sweep GC freed 336(6KB) AllocSpace objects, 0(0B) LOS objects, 7% free, 190MB/206MB, paused 1.428ms total 54.863ms
08-06 03:40:45.726  7310  8254 I art     : Starting a blocking GC Explicit
08-06 03:40:45.782  7310  8254 I art     : Explicit concurrent mark sweep GC freed 353(5KB) AllocSpace objects, 0(0B) LOS objects, 7% free, 190MB/206MB, paused 1.280ms total 55.896ms
08-06 03:40:45.801  7310  8254 I art     : Starting a blocking GC Explicit
08-06 03:40:45.856  7310  8254 I art     : Explicit concurrent mark sweep GC freed 283(4KB) AllocSpace objects, 0(0B) LOS objects, 7% free, 190MB/206MB, paused 1.437ms total 55.451ms
08-06 03:40:45.876  7310  8254 I art     : Starting a blocking GC Explicit
08-06 03:40:45.932  7310  8254 I art     : Explicit concurrent mark sweep GC freed 353(5KB) AllocSpace objects, 0(0B) LOS objects, 7% free, 190MB/206MB, paused 1.282ms total 55.671ms
08-06 03:40:46.337   518   646 I ThermalEngine: ACTION: GPU - Setting GPU[0] to 390000000
08-06 03:40:46.367  7310  7322 I art     : Starting a blocking GC Explicit
08-06 03:40:46.392  6649  6649 W Atfwd_Sendcmd: AtCmdFwd service not published, waiting... retryCnt : 3
08-06 03:40:46.437  7310  7322 I art     : Explicit concurrent mark sweep GC freed 3735(127KB) AllocSpace objects, 2(48KB) LOS objects, 7% free, 190MB/206MB, paused 1.876ms total 69.778ms
08-06 03:40:46.461  7310  7322 I art     : Starting a blocking GC Explicit
08-06 03:40:46.527  7310  7322 I art     : Explicit concurrent mark sweep GC freed 410(7KB) AllocSpace objects, 0(0B) LOS objects, 7% free, 190MB/206MB, paused 2.076ms total 65.179ms
08-06 03:40:46.552  7310  7322 I art     : Starting a blocking GC Explicit
08-06 03:40:46.619  7310  7322 I art     : Explicit concurrent mark sweep GC freed 401(6KB) AllocSpace objects, 0(0B) LOS objects, 7% free, 190MB/206MB, paused 2.009ms total 66.457ms
08-06 03:40:46.644  7310  7322 I art     : Starting a blocking GC Explicit
08-06 03:40:46.709  7310  7322 I art     : Explicit concurrent mark sweep GC freed 362(5KB) AllocSpace objects, 0(0B) LOS objects, 7% free, 190MB/206MB, paused 2.117ms total 64.475ms
08-06 03:40:46.733  7310  7322 I art     : Starting a blocking GC Explicit
08-06 03:40:46.799  7310  7322 I art     : Explicit concurrent mark sweep GC freed 414(6KB) AllocSpace objects, 0(0B) LOS objects, 7% free, 190MB/206MB, paused 2.131ms total 64.928ms
08-06 03:40:47.241  7310  8254 I art     : Starting a blocking GC Explicit
08-06 03:40:47.308  7310  8254 I art     : Explicit concurrent mark sweep GC freed 3723(126KB) AllocSpace objects, 2(48KB) LOS objects, 7% free, 190MB/206MB, paused 1.993ms total 66.881ms
08-06 03:40:47.333  7310  8254 I art     : Starting a blocking GC Explicit
08-06 03:40:47.399  7310  8254 I art     : Explicit concurrent mark sweep GC freed 448(7KB) AllocSpace objects, 0(0B) LOS objects, 7% free, 190MB/206MB, paused 2.139ms total 65.690ms
08-06 03:40:47.424  7310  8254 I art     : Starting a blocking GC Explicit
08-06 03:40:47.490  7310  8254 I art     : Explicit concurrent mark sweep GC freed 353(5KB) AllocSpace objects, 0(0B) LOS objects, 7% free, 190MB/206MB, paused 2.028ms total 66.056ms
08-06 03:40:47.515  7310  8254 I art     : Starting a blocking GC Explicit
08-06 03:40:47.583  7310  8254 I art     : Explicit concurrent mark sweep GC freed 423(6KB) AllocSpace objects, 0(0B) LOS objects, 7% free, 190MB/206MB, paused 2.259ms total 67.842ms
08-06 03:40:47.612  7310  8254 I art     : Starting a blocking GC Explicit
08-06 03:40:47.682  7310  8254 I art     : Explicit concurrent mark sweep GC freed 423(6KB) AllocSpace objects, 0(0B) LOS objects, 7% free, 190MB/206MB, paused 1.949ms total 70.232ms
08-06 03:40:48.123  7310  7323 I art     : Starting a blocking GC Explicit
08-06 03:40:48.193  7310  7323 I art     : Explicit concurrent mark sweep GC freed 3753(127KB) AllocSpace objects, 2(48KB) LOS objects, 7% free, 190MB/206MB, paused 2.009ms total 69.006ms
08-06 03:40:48.217  7310  7323 I art     : Starting a blocking GC Explicit
08-06 03:40:48.284  7310  7323 I art     : Explicit concurrent mark sweep GC freed 515(10KB) AllocSpace objects, 0(0B) LOS objects, 7% free, 190MB/206MB, paused 2.048ms total 66.226ms
08-06 03:40:48.308  7310  7323 I art     : Starting a blocking GC Explicit
08-06 03:40:48.373  7310  7323 I art     : Explicit concurrent mark sweep GC freed 512(16KB) AllocSpace objects, 0(0B) LOS objects, 7% free, 190MB/206MB, paused 1.912ms total 64.087ms
08-06 03:40:48.397  7310  7323 I art     : Starting a blocking GC Explicit
08-06 03:40:48.461  7310  7323 I art     : Explicit concurrent mark sweep GC freed 362(5KB) AllocSpace objects, 0(0B) LOS objects, 7% free, 190MB/206MB, paused 2.029ms total 63.898ms
08-06 03:40:48.486  7310  7323 I art     : Starting a blocking GC Explicit
08-06 03:40:48.550  7310  7323 I art     : Explicit concurrent mark sweep GC freed 414(6KB) AllocSpace objects, 0(0B) LOS objects, 7% free, 190MB/206MB, paused 2.074ms total 63.882ms
08-06 03:40:48.616 10283 10283 D AndroidRuntime: >>>>>> START com.android.internal.os.RuntimeInit uid 2000 <<<<<<
08-06 03:40:48.621 10283 10283 D AndroidRuntime: CheckJNI is OFF
08-06 03:40:48.672 10283 10283 D ICU     : No timezone override file found: /data/misc/zoneinfo/current/icu/icu_tzdata.dat
08-06 03:40:48.719 10283 10283 I Radio-JNI: register_android_hardware_Radio DONE
08-06 03:40:48.753 10283 10283 D AndroidRuntime: Calling main entry com.android.commands.input.Input
08-06 03:40:48.755 10283 10283 I Input   : injectKeyEvent: KeyEvent { action=ACTION_DOWN, keyCode=KEYCODE_BACK, scanCode=0, metaState=0, flags=0x0, repeatCount=0, eventTime=848465168, downTime=848465168, deviceId=-1, source=0x101 }
08-06 03:40:48.788 10283 10283 I Input   : injectKeyEvent: KeyEvent { action=ACTION_UP, keyCode=KEYCODE_BACK, scanCode=0, metaState=0, flags=0x0, repeatCount=0, eventTime=848465168, downTime=848465168, deviceId=-1, source=0x101 }
08-06 03:40:48.795 10283 10283 D AndroidRuntime: Shutting down VM
08-06 03:40:48.816  7310  7310 V MainActivity: url = https://project-travel-mate.herokuapp.com/api/number-of-unread-notifications
08-06 03:40:48.889 13866 13866 I GoogleInputMethodServic: GoogleInputMethodService.onFinishInput():3138 
08-06 03:40:48.890 13866 13866 I GoogleInputMethodServic: GoogleInputMethodService.onStartInput():1808 
08-06 03:40:49.011  7310  8254 I art     : Starting a blocking GC Explicit
08-06 03:40:49.105  7310  8254 I art     : Explicit concurrent mark sweep GC freed 3517(138KB) AllocSpace objects, 2(48KB) LOS objects, 7% free, 190MB/206MB, paused 3.042ms total 93.684ms
08-06 03:40:49.138  7310  8254 I art     : Starting a blocking GC Explicit
08-06 03:40:49.141   380   380 W SurfaceFlinger: couldn't log to binary event log: overflow.
08-06 03:40:49.212  7310  8254 I art     : Explicit concurrent mark sweep GC freed 145(5KB) AllocSpace objects, 1(4MB) LOS objects, 7% free, 185MB/201MB, paused 2.286ms total 74.201ms
08-06 03:40:49.213  7310  7321 I art     : WaitForGcToComplete blocked for 74.606ms for cause HeapTrim
08-06 03:40:49.239  7310  8254 I art     : Starting a blocking GC Explicit
08-06 03:40:49.310  7310  8254 I art     : Explicit concurrent mark sweep GC freed 3739(178KB) AllocSpace objects, 2(56KB) LOS objects, 7% free, 185MB/201MB, paused 2.537ms total 70.814ms
08-06 03:40:49.338  7310  8254 I art     : Starting a blocking GC Explicit
08-06 03:40:49.427  7310  8254 I art     : Explicit concurrent mark sweep GC freed 3(96B) AllocSpace objects, 0(0B) LOS objects, 7% free, 185MB/201MB, paused 2.653ms total 87.676ms
08-06 03:40:49.458  7310  8254 I art     : Starting a blocking GC Explicit
08-06 03:40:49.536  7310  8254 I art     : Explicit concurrent mark sweep GC freed 3(96B) AllocSpace objects, 0(0B) LOS objects, 7% free, 185MB/201MB, paused 2.251ms total 77.652ms
08-06 03:40:49.660  7310 10307 I NAPPA_EXPERIMENTATION: MetricNetworkRequestExecutionTime: REQUEST_DURATION_SYSTEM='843',REQUEST_DURATION_OKHTTP='33',REQUEST_SYNCHRONOUS='FALSE',RESPONSE_CODE='200',RESPONSE_METHOD='GET',RESPONSE_LENGTH_OKHTTP='36',RESPONSE_LENGTH_HEADER='36',REQUEST_PROTOCOL='http/1.1',REQUEST_URL='https://project-travel-mate.herokuapp.com/api/number-of-unread-notifications',
08-06 03:40:50.035  7310  7322 I art     : Starting a blocking GC Explicit
08-06 03:40:50.111  7310  7322 I art     : Explicit concurrent mark sweep GC freed 4424(241KB) AllocSpace objects, 5(248KB) LOS objects, 7% free, 185MB/201MB, paused 2.290ms total 75.866ms
08-06 03:40:50.139  7310  7322 I art     : Starting a blocking GC Explicit
08-06 03:40:50.213  7310  7322 I art     : Explicit concurrent mark sweep GC freed 975(117KB) AllocSpace objects, 0(0B) LOS objects, 7% free, 185MB/201MB, paused 2.199ms total 73.673ms
08-06 03:40:50.226   918  3188 I hubconnection: sensorhub said: 'set_bias 3: -6.2400, 0.0000, 0.0000'
08-06 03:40:50.240  7310  7322 I art     : Starting a blocking GC Explicit
08-06 03:40:50.314  7310  7322 I art     : Explicit concurrent mark sweep GC freed 17(528B) AllocSpace objects, 0(0B) LOS objects, 7% free, 185MB/201MB, paused 2.150ms total 73.217ms
08-06 03:40:50.341  7310  7322 I art     : Starting a blocking GC Explicit
08-06 03:40:50.416  7310  7322 I art     : Explicit concurrent mark sweep GC freed 3(96B) AllocSpace objects, 0(0B) LOS objects, 7% free, 185MB/201MB, paused 2.189ms total 75.053ms
08-06 03:40:50.444  7310  7322 I art     : Starting a blocking GC Explicit
08-06 03:40:50.521  7310  7322 I art     : Explicit concurrent mark sweep GC freed 3(96B) AllocSpace objects, 0(0B) LOS objects, 7% free, 185MB/201MB, paused 2.221ms total 76.430ms
08-06 03:40:50.669 10319 10319 D AndroidRuntime: >>>>>> START com.android.internal.os.RuntimeInit uid 2000 <<<<<<
08-06 03:40:50.678 10319 10319 D AndroidRuntime: CheckJNI is OFF
08-06 03:40:50.742 10319 10319 D ICU     : No timezone override file found: /data/misc/zoneinfo/current/icu/icu_tzdata.dat
08-06 03:40:50.785 10319 10319 I Radio-JNI: register_android_hardware_Radio DONE
08-06 03:40:50.817 10319 10319 D AndroidRuntime: Calling main entry com.android.commands.input.Input
08-06 03:40:50.819 10319 10319 I Input   : injectMotionEvent: MotionEvent { action=ACTION_DOWN, actionButton=0, id[0]=0, x[0]=117.0, y[0]=170.0, toolType[0]=TOOL_TYPE_UNKNOWN, buttonState=0, metaState=0, flags=0x0, edgeFlags=0x0, pointerCount=1, historySize=0, eventTime=848467231, downTime=848467231, deviceId=0, source=0x1002 }
08-06 03:40:50.824 10319 10319 I Input   : injectMotionEvent: MotionEvent { action=ACTION_UP, actionButton=0, id[0]=0, x[0]=117.0, y[0]=170.0, toolType[0]=TOOL_TYPE_UNKNOWN, buttonState=0, metaState=0, flags=0x0, edgeFlags=0x0, pointerCount=1, historySize=0, eventTime=848467231, downTime=848467231, deviceId=0, source=0x1002 }
08-06 03:40:50.828 10319 10319 D AndroidRuntime: Shutting down VM
08-06 03:40:50.847   512  2967 D audio_hw_primary: out_set_parameters: enter: usecase(1: low-latency-playback) kvpairs: routing=2
08-06 03:40:50.864   512  2967 D audio_hw_primary: select_devices: out_snd_device(2: speaker) in_snd_device(0: none)
08-06 03:40:50.865   512  2967 D msm8974_platform: platform_send_audio_calibration: sending audio calibration for snd_device(2) acdb_id(15)
08-06 03:40:50.867   512  2967 I soundtrigger: audio_extn_sound_trigger_update_device_status: device 0x2 of type 0 for Event 1
08-06 03:40:50.878   512  2967 D audio_hw_primary: enable_snd_device: snd_device(2: speaker)
08-06 03:40:50.881   512  2967 D audio_hw_primary: enable_audio_route: apply and update mixer path: low-latency-playback speaker
08-06 03:40:51.002  7310  8254 I art     : Starting a blocking GC Explicit
08-06 03:40:51.089  7310  8254 I art     : Explicit concurrent mark sweep GC freed 2042(114KB) AllocSpace objects, 2(48KB) LOS objects, 7% free, 185MB/201MB, paused 2.312ms total 85.840ms
08-06 03:40:51.116  7310  8254 I art     : Starting a blocking GC Explicit
08-06 03:40:51.183  7310  8254 I art     : Explicit concurrent mark sweep GC freed 66(2784B) AllocSpace objects, 0(0B) LOS objects, 7% free, 185MB/201MB, paused 2.016ms total 66.672ms
08-06 03:40:51.209  7310  8254 I art     : Starting a blocking GC Explicit
08-06 03:40:51.285  7310  8254 I art     : Explicit concurrent mark sweep GC freed 5(192B) AllocSpace objects, 0(0B) LOS objects, 7% free, 185MB/201MB, paused 2.878ms total 75.816ms
08-06 03:40:51.314  7310  8254 I art     : Starting a blocking GC Explicit
08-06 03:40:51.386  7310  8254 I art     : Explicit concurrent mark sweep GC freed 27(1168B) AllocSpace objects, 0(0B) LOS objects, 7% free, 185MB/201MB, paused 2.074ms total 71.924ms
08-06 03:40:51.413  7310  8254 I art     : Starting a blocking GC Explicit
08-06 03:40:51.419   512  2967 D audio_hw_primary: disable_audio_route: reset and update mixer path: low-latency-playback speaker
08-06 03:40:51.420   512  2967 D audio_hw_primary: disable_snd_device: snd_device(2: speaker)
08-06 03:40:51.428   512  2967 I soundtrigger: audio_extn_sound_trigger_update_device_status: device 0x2 of type 0 for Event 0
08-06 03:40:51.484  7310  8254 I art     : Explicit concurrent mark sweep GC freed 11(352B) AllocSpace objects, 0(0B) LOS objects, 7% free, 185MB/201MB, paused 2.156ms total 70.918ms
08-06 03:40:51.765 10342 10342 D AndroidRuntime: >>>>>> START com.android.internal.os.RuntimeInit uid 2000 <<<<<<
08-06 03:40:51.771 10342 10342 D AndroidRuntime: CheckJNI is OFF
08-06 03:40:51.823 10342 10342 D ICU     : No timezone override file found: /data/misc/zoneinfo/current/icu/icu_tzdata.dat
08-06 03:40:51.869 10342 10342 I Radio-JNI: register_android_hardware_Radio DONE
08-06 03:40:51.902 10342 10342 D AndroidRuntime: Calling main entry com.android.commands.input.Input
08-06 03:40:51.905 10342 10342 I Input   : injectMotionEvent: MotionEvent { action=ACTION_DOWN, actionButton=0, id[0]=0, x[0]=418.0, y[0]=842.0, toolType[0]=TOOL_TYPE_UNKNOWN, buttonState=0, metaState=0, flags=0x0, edgeFlags=0x0, pointerCount=1, historySize=0, eventTime=848468317, downTime=848468317, deviceId=0, source=0x1002 }
08-06 03:40:51.910 10342 10342 I Input   : injectMotionEvent: MotionEvent { action=ACTION_UP, actionButton=0, id[0]=0, x[0]=418.0, y[0]=842.0, toolType[0]=TOOL_TYPE_UNKNOWN, buttonState=0, metaState=0, flags=0x0, edgeFlags=0x0, pointerCount=1, historySize=0, eventTime=848468317, downTime=848468317, deviceId=0, source=0x1002 }
08-06 03:40:51.912 10342 10342 D AndroidRuntime: Shutting down VM
08-06 03:40:51.932   512  2967 D audio_hw_primary: out_set_parameters: enter: usecase(1: low-latency-playback) kvpairs: routing=2
08-06 03:40:51.939  7310  7390 D Gabe    : call	returning from cache
08-06 03:40:51.946   512  2967 D audio_hw_primary: select_devices: out_snd_device(2: speaker) in_snd_device(0: none)
08-06 03:40:51.946   512  2967 D msm8974_platform: platform_send_audio_calibration: sending audio calibration for snd_device(2) acdb_id(15)
08-06 03:40:51.946   512  2967 I soundtrigger: audio_extn_sound_trigger_update_device_status: device 0x2 of type 0 for Event 1
08-06 03:40:51.952  7310  7322 I art     : Starting a blocking GC Explicit
08-06 03:40:51.956   512  2967 D audio_hw_primary: enable_snd_device: snd_device(2: speaker)
08-06 03:40:51.958   512  2967 D audio_hw_primary: enable_audio_route: apply and update mixer path: low-latency-playback speaker
08-06 03:40:51.972  7310  7310 V MainActivity: url = https://project-travel-mate.herokuapp.com/api/number-of-unread-notifications
08-06 03:40:52.011   512  2967 D AudioFlinger: mixer(0xf4740000) throttle end: throttle time(12)
08-06 03:40:52.029  7310  7322 I art     : Explicit concurrent mark sweep GC freed 2665(152KB) AllocSpace objects, 2(48KB) LOS objects, 7% free, 185MB/201MB, paused 2.774ms total 76.006ms
08-06 03:40:52.055  7310  7322 I art     : Starting a blocking GC Explicit
08-06 03:40:52.131  7310  7322 I art     : Explicit concurrent mark sweep GC freed 606(38KB) AllocSpace objects, 0(0B) LOS objects, 7% free, 185MB/201MB, paused 3.433ms total 75.857ms
08-06 03:40:52.157  7310  7322 I art     : Starting a blocking GC Explicit
08-06 03:40:52.237  7310  7322 I art     : Explicit concurrent mark sweep GC freed 693(40KB) AllocSpace objects, 0(0B) LOS objects, 7% free, 185MB/201MB, paused 2.866ms total 79.446ms
08-06 03:40:52.263  7310  7322 I art     : Starting a blocking GC Explicit
08-06 03:40:52.338  7310  7322 I art     : Explicit concurrent mark sweep GC freed 274(20KB) AllocSpace objects, 0(0B) LOS objects, 7% free, 186MB/202MB, paused 2.511ms total 74.343ms
08-06 03:40:52.364  7310  7322 I art     : Starting a blocking GC Explicit
08-06 03:40:52.446  7310  7322 I art     : Explicit concurrent mark sweep GC freed 299(21KB) AllocSpace objects, 0(0B) LOS objects, 7% free, 186MB/202MB, paused 3.115ms total 81.536ms
08-06 03:40:52.508   512  2967 D audio_hw_primary: disable_audio_route: reset and update mixer path: low-latency-playback speaker
08-06 03:40:52.510   512  2967 D audio_hw_primary: disable_snd_device: snd_device(2: speaker)
08-06 03:40:52.519   512  2967 I soundtrigger: audio_extn_sound_trigger_update_device_status: device 0x2 of type 0 for Event 0
08-06 03:40:52.677  7310  7310 I Choreographer: Skipped 42 frames!  The application may be doing too much work on its main thread.
08-06 03:40:52.840  7310 10365 I NAPPA_EXPERIMENTATION: MetricNetworkRequestExecutionTime: REQUEST_DURATION_SYSTEM='867',REQUEST_DURATION_OKHTTP='35',REQUEST_SYNCHRONOUS='FALSE',RESPONSE_CODE='200',RESPONSE_METHOD='GET',RESPONSE_LENGTH_OKHTTP='36',RESPONSE_LENGTH_HEADER='36',REQUEST_PROTOCOL='http/1.1',REQUEST_URL='https://project-travel-mate.herokuapp.com/api/number-of-unread-notifications',
08-06 03:40:52.905  7310  7581 I art     : Starting a blocking GC Explicit
08-06 03:40:53.003  7310  7581 I art     : Explicit concurrent mark sweep GC freed 8139(404KB) AllocSpace objects, 14(512KB) LOS objects, 7% free, 186MB/202MB, paused 2.538ms total 97.616ms
08-06 03:40:53.032  7310  7581 I art     : Starting a blocking GC Explicit
08-06 03:40:53.117  7310  7581 I art     : Explicit concurrent mark sweep GC freed 2136(175KB) AllocSpace objects, 0(0B) LOS objects, 7% free, 186MB/202MB, paused 2.463ms total 85.118ms
08-06 03:40:53.147  7310  7581 I art     : Starting a blocking GC Explicit
08-06 03:40:53.233  7310  7581 I art     : Explicit concurrent mark sweep GC freed 179(3KB) AllocSpace objects, 0(0B) LOS objects, 7% free, 186MB/202MB, paused 2.480ms total 85.796ms
08-06 03:40:53.262  7310  7581 I art     : Starting a blocking GC Explicit
08-06 03:40:53.347  7310  7581 I art     : Explicit concurrent mark sweep GC freed 170(2864B) AllocSpace objects, 0(0B) LOS objects, 7% free, 186MB/202MB, paused 2.255ms total 84.398ms
08-06 03:40:53.377  7310  7581 I art     : Starting a blocking GC Explicit
08-06 03:40:53.462  7310  7581 I art     : Explicit concurrent mark sweep GC freed 172(2928B) AllocSpace objects, 0(0B) LOS objects, 7% free, 186MB/202MB, paused 2.390ms total 84.764ms
08-06 03:40:53.927  7310  7323 I art     : Starting a blocking GC Explicit
08-06 03:40:54.012  7310  7323 I art     : Explicit concurrent mark sweep GC freed 2410(106KB) AllocSpace objects, 2(64KB) LOS objects, 7% free, 186MB/202MB, paused 2.406ms total 84.497ms
08-06 03:40:54.041  7310  7323 I art     : Starting a blocking GC Explicit
08-06 03:40:54.126  7310  7323 I art     : Explicit concurrent mark sweep GC freed 245(5KB) AllocSpace objects, 0(0B) LOS objects, 7% free, 186MB/202MB, paused 2.244ms total 84.550ms
08-06 03:40:54.158  7310  7323 I art     : Starting a blocking GC Explicit
08-06 03:40:54.237  7310  7323 I art     : Explicit concurrent mark sweep GC freed 181(3KB) AllocSpace objects, 0(0B) LOS objects, 7% free, 186MB/202MB, paused 2.206ms total 79.047ms
08-06 03:40:54.265  7310  7323 I art     : Starting a blocking GC Explicit
08-06 03:40:54.342  7310  7323 I art     : Explicit concurrent mark sweep GC freed 147(2496B) AllocSpace objects, 0(0B) LOS objects, 7% free, 186MB/202MB, paused 2.288ms total 77.323ms
08-06 03:40:54.343  7310  7321 I art     : WaitForGcToComplete blocked for 32.228ms for cause HeapTrim
08-06 03:40:54.349   518   646 I ThermalEngine: ACTION: GPU - Setting GPU[0] to 450000000
08-06 03:40:54.369  7310  7323 I art     : Starting a blocking GC Explicit
08-06 03:40:54.434  7310  7323 I art     : Explicit concurrent mark sweep GC freed 147(2496B) AllocSpace objects, 0(0B) LOS objects, 7% free, 186MB/202MB, paused 1.538ms total 64.982ms
08-06 03:40:54.747 10391 10391 D AndroidRuntime: >>>>>> START com.android.internal.os.RuntimeInit uid 2000 <<<<<<
08-06 03:40:54.753 10391 10391 D AndroidRuntime: CheckJNI is OFF
08-06 03:40:54.798 10391 10391 D ICU     : No timezone override file found: /data/misc/zoneinfo/current/icu/icu_tzdata.dat
08-06 03:40:54.847 10391 10391 I Radio-JNI: register_android_hardware_Radio DONE
08-06 03:40:54.853  7310  7329 I art     : Starting a blocking GC Explicit
08-06 03:40:54.877 10391 10391 D AndroidRuntime: Calling main entry com.android.commands.am.Am
08-06 03:40:54.887  3167  3167 I Trepn   : Trepn 6.2s: Received intent: com.quicinc.trepn.stop_profiling
08-06 03:40:54.921  7310  7329 I art     : Explicit concurrent mark sweep GC freed 2283(103KB) AllocSpace objects, 2(64KB) LOS objects, 7% free, 186MB/202MB, paused 1.396ms total 67.456ms
08-06 03:40:54.938  3167  3167 I Trepn   : Trepn 6.2s: Trepn has Stopped Profiling.
08-06 03:40:54.942  7310  7329 I art     : Starting a blocking GC Explicit
08-06 03:40:54.951   918  3261 D WifiStateMachine: starting scan for "H369AA63323"WPA_PSK with 2412,5180
08-06 03:40:55.013  7310  7329 I art     : Explicit concurrent mark sweep GC freed 148(3024B) AllocSpace objects, 0(0B) LOS objects, 7% free, 186MB/202MB, paused 1.480ms total 69.993ms
08-06 03:40:55.033  7310  7329 I art     : Starting a blocking GC Explicit
08-06 03:40:55.100  7310  7329 I art     : Explicit concurrent mark sweep GC freed 160(3KB) AllocSpace objects, 0(0B) LOS objects, 7% free, 186MB/202MB, paused 1.566ms total 66.140ms
08-06 03:40:55.111 10391 10391 D AndroidRuntime: Shutting down VM
08-06 03:40:55.116   918  3670 W AppOps  : Finishing op nesting under-run: uid 10078 pkg com.quicinc.trepn code 24 time=0 duration=0 nesting=0
08-06 03:40:55.120  7310  7329 I art     : Starting a blocking GC Explicit
08-06 03:40:55.179  7310  7329 I art     : Explicit concurrent mark sweep GC freed 135(2752B) AllocSpace objects, 0(0B) LOS objects, 7% free, 186MB/202MB, paused 1.447ms total 59.042ms
08-06 03:40:55.199  7310  7329 I art     : Starting a blocking GC Explicit
08-06 03:40:55.270  7310  7329 I art     : Explicit concurrent mark sweep GC freed 146(2848B) AllocSpace objects, 0(0B) LOS objects, 7% free, 186MB/202MB, paused 2.100ms total 69.941ms
08-06 03:40:55.681  7310  7322 I art     : Starting a blocking GC Explicit
08-06 03:40:55.749  7310  7322 I art     : Explicit concurrent mark sweep GC freed 2269(103KB) AllocSpace objects, 2(64KB) LOS objects, 7% free, 186MB/202MB, paused 1.668ms total 67.978ms
08-06 03:40:55.771  7310  7322 I art     : Starting a blocking GC Explicit
08-06 03:40:55.835  7310  7322 I art     : Explicit concurrent mark sweep GC freed 165(3KB) AllocSpace objects, 0(0B) LOS objects, 7% free, 186MB/202MB, paused 1.649ms total 63.557ms
08-06 03:40:55.855  7310  7322 I art     : Starting a blocking GC Explicit
08-06 03:40:55.920  7310  7322 I art     : Explicit concurrent mark sweep GC freed 132(2256B) AllocSpace objects, 0(0B) LOS objects, 7% free, 186MB/202MB, paused 1.468ms total 63.734ms
08-06 03:40:55.940  7310  7322 I art     : Starting a blocking GC Explicit
08-06 03:40:56.008  7310  7322 I art     : Explicit concurrent mark sweep GC freed 123(2096B) AllocSpace objects, 0(0B) LOS objects, 7% free, 186MB/202MB, paused 1.537ms total 67.229ms
08-06 03:40:56.030  7310  7322 I art     : Starting a blocking GC Explicit
08-06 03:40:56.095  7310  7322 I art     : Explicit concurrent mark sweep GC freed 160(3KB) AllocSpace objects, 0(0B) LOS objects, 7% free, 186MB/202MB, paused 1.423ms total 64.814ms
08-06 03:40:57.274   918   937 W ProcessCpuTracker: Skipping unknown process pid 10505
