08-05 23:23:28.839 13697 13710 I art     : Starting a blocking GC Explicit
08-05 23:23:28.864 13697 13710 I art     : Explicit concurrent mark sweep GC freed 100(1728B) AllocSpace objects, 0(0B) LOS objects, 29% free, 38MB/54MB, paused 430us total 24.733ms
08-05 23:23:28.876 13697 13710 I art     : Starting a blocking GC Explicit
08-05 23:23:28.901 13697 13710 I art     : Explicit concurrent mark sweep GC freed 99(1696B) AllocSpace objects, 0(0B) LOS objects, 29% free, 38MB/54MB, paused 413us total 24.463ms
08-05 23:23:29.281 13697 13709 I art     : Starting a blocking GC Explicit
08-05 23:23:29.309 13697 13709 I art     : Explicit concurrent mark sweep GC freed 2626(102KB) AllocSpace objects, 2(40KB) LOS objects, 29% free, 38MB/54MB, paused 366us total 27.076ms
08-05 23:23:29.324 13697 13709 I art     : Starting a blocking GC Explicit
08-05 23:23:29.348 13697 13709 I art     : Explicit concurrent mark sweep GC freed 118(2384B) AllocSpace objects, 0(0B) LOS objects, 29% free, 38MB/54MB, paused 386us total 24.340ms
08-05 23:23:29.360 13697 13709 I art     : Starting a blocking GC Explicit
08-05 23:23:29.383 13697 13709 I art     : Explicit concurrent mark sweep GC freed 99(1696B) AllocSpace objects, 0(0B) LOS objects, 29% free, 38MB/54MB, paused 357us total 23.073ms
08-05 23:23:29.395 13697 13709 I art     : Starting a blocking GC Explicit
08-05 23:23:29.418 13697 13709 I art     : Explicit concurrent mark sweep GC freed 122(2736B) AllocSpace objects, 0(0B) LOS objects, 29% free, 38MB/54MB, paused 374us total 23.027ms
08-05 23:23:29.430 13697 13709 I art     : Starting a blocking GC Explicit
08-05 23:23:29.453 13697 13709 I art     : Explicit concurrent mark sweep GC freed 111(2272B) AllocSpace objects, 0(0B) LOS objects, 29% free, 38MB/54MB, paused 463us total 23.037ms
08-05 23:23:29.812 13697 13757 I art     : Starting a blocking GC Explicit
08-05 23:23:29.816 14088 14088 D AndroidRuntime: >>>>>> START com.android.internal.os.RuntimeInit uid 2000 <<<<<<
08-05 23:23:29.821 14088 14088 D AndroidRuntime: CheckJNI is OFF
08-05 23:23:29.839 13697 13757 I art     : Explicit concurrent mark sweep GC freed 2575(101KB) AllocSpace objects, 2(40KB) LOS objects, 29% free, 38MB/54MB, paused 398us total 25.967ms
08-05 23:23:29.850 13697 13757 I art     : Starting a blocking GC Explicit
08-05 23:23:29.857 14088 14088 D ICU     : No timezone override file found: /data/misc/zoneinfo/current/icu/icu_tzdata.dat
08-05 23:23:29.874 13697 13757 I art     : Explicit concurrent mark sweep GC freed 119(2416B) AllocSpace objects, 0(0B) LOS objects, 29% free, 38MB/54MB, paused 388us total 23.772ms
08-05 23:23:29.887 13697 13757 I art     : Starting a blocking GC Explicit
08-05 23:23:29.890 14088 14088 I Radio-JNI: register_android_hardware_Radio DONE
08-05 23:23:29.910 13697 13757 I art     : Explicit concurrent mark sweep GC freed 98(1664B) AllocSpace objects, 0(0B) LOS objects, 29% free, 38MB/54MB, paused 383us total 23.019ms
08-05 23:23:29.911 14088 14088 D AndroidRuntime: Calling main entry com.android.commands.input.Input
08-05 23:23:29.913 14088 14088 I Input   : injectMotionEvent: MotionEvent { action=ACTION_DOWN, actionButton=0, id[0]=0, x[0]=693.0, y[0]=1450.0, toolType[0]=TOOL_TYPE_UNKNOWN, buttonState=0, metaState=0, flags=0x0, edgeFlags=0x0, pointerCount=1, historySize=0, eventTime=833026326, downTime=833026326, deviceId=0, source=0x1002 }
08-05 23:23:29.919 14088 14088 I Input   : injectMotionEvent: MotionEvent { action=ACTION_UP, actionButton=0, id[0]=0, x[0]=693.0, y[0]=1450.0, toolType[0]=TOOL_TYPE_UNKNOWN, buttonState=0, metaState=0, flags=0x0, edgeFlags=0x0, pointerCount=1, historySize=0, eventTime=833026326, downTime=833026326, deviceId=0, source=0x1002 }
08-05 23:23:29.921 13697 13757 I art     : Starting a blocking GC Explicit
08-05 23:23:29.922 14088 14088 D AndroidRuntime: Shutting down VM
08-05 23:23:29.923   918  6029 I ActivityManager: START u0 {cmp=baseline.io.github.project_travel_mate/.destinations.description.CityHistoryActivity} from uid 10696 on display 0
08-05 23:23:29.925   512  2967 D audio_hw_primary: out_set_parameters: enter: usecase(1: low-latency-playback) kvpairs: routing=2
08-05 23:23:29.937   512  2967 D audio_hw_primary: select_devices: out_snd_device(2: speaker) in_snd_device(0: none)
08-05 23:23:29.938   512  2967 D msm8974_platform: platform_send_audio_calibration: sending audio calibration for snd_device(2) acdb_id(15)
08-05 23:23:29.938   512  2967 I soundtrigger: audio_extn_sound_trigger_update_device_status: device 0x2 of type 0 for Event 1
08-05 23:23:29.946 13697 13757 I art     : Explicit concurrent mark sweep GC freed 287(42KB) AllocSpace objects, 0(0B) LOS objects, 29% free, 38MB/54MB, paused 885us total 24.868ms
08-05 23:23:29.947   512  2967 D audio_hw_primary: enable_snd_device: snd_device(2: speaker)
08-05 23:23:29.950   512  2967 D audio_hw_primary: enable_audio_route: apply and update mixer path: low-latency-playback speaker
08-05 23:23:29.953 13697 13778 D Gabe    : call	returning from cache
08-05 23:23:29.956 13697 13697 V EXECUTING: https://project-travel-mate.herokuapp.com/api/get-city-information/1
08-05 23:23:29.960 13697 13757 I art     : Starting a blocking GC Explicit
08-05 23:23:29.983 13697 13757 I art     : Explicit concurrent mark sweep GC freed 512(76KB) AllocSpace objects, 0(0B) LOS objects, 29% free, 38MB/54MB, paused 472us total 23.432ms
08-05 23:23:30.106   918   936 I ActivityManager: Displayed baseline.io.github.project_travel_mate/.destinations.description.CityHistoryActivity: +176ms
08-05 23:23:30.106 13866 13866 I GoogleInputMethodServic: GoogleInputMethodService.onFinishInput():3138 
08-05 23:23:30.107 13866 13866 I GoogleInputMethodServic: GoogleInputMethodService.onStartInput():1808 
08-05 23:23:30.274 13697 13710 I art     : Starting a blocking GC Explicit
08-05 23:23:30.308 13697 13710 I art     : Explicit concurrent mark sweep GC freed 2866(120KB) AllocSpace objects, 2(40KB) LOS objects, 27% free, 42MB/58MB, paused 632us total 34.096ms
08-05 23:23:30.325 13697 13710 I art     : Starting a blocking GC Explicit
08-05 23:23:30.354   380   380 W SurfaceFlinger: couldn't log to binary event log: overflow.
08-05 23:23:30.361 13697 13710 I art     : Explicit concurrent mark sweep GC freed 302(5KB) AllocSpace objects, 0(0B) LOS objects, 27% free, 42MB/58MB, paused 445us total 35.535ms
08-05 23:23:30.375 13697 13710 I art     : Starting a blocking GC Explicit
08-05 23:23:30.398 13697 13710 I art     : Explicit concurrent mark sweep GC freed 147(2496B) AllocSpace objects, 0(0B) LOS objects, 27% free, 42MB/58MB, paused 393us total 22.666ms
08-05 23:23:30.409 13697 13710 I art     : Starting a blocking GC Explicit
08-05 23:23:30.432 13697 13710 I art     : Explicit concurrent mark sweep GC freed 147(2496B) AllocSpace objects, 0(0B) LOS objects, 27% free, 42MB/58MB, paused 387us total 22.976ms
08-05 23:23:30.444 13697 13710 I art     : Starting a blocking GC Explicit
08-05 23:23:30.469 13697 13710 I art     : Explicit concurrent mark sweep GC freed 147(2496B) AllocSpace objects, 0(0B) LOS objects, 27% free, 42MB/58MB, paused 427us total 24.832ms
08-05 23:23:30.489   512  2967 D audio_hw_primary: disable_audio_route: reset and update mixer path: low-latency-playback speaker
08-05 23:23:30.491   512  2967 D audio_hw_primary: disable_snd_device: snd_device(2: speaker)
08-05 23:23:30.500   512  2967 I soundtrigger: audio_extn_sound_trigger_update_device_status: device 0x2 of type 0 for Event 0
08-05 23:23:30.779 13697 13757 I art     : Starting a blocking GC Explicit
08-05 23:23:30.800 13697 14112 I NAPPA_EXPERIMENTATION: MetricNetworkRequestExecutionTime: REQUEST_DURATION_SYSTEM='843',REQUEST_DURATION_OKHTTP='38',REQUEST_SYNCHRONOUS='FALSE',RESPONSE_CODE='200',RESPONSE_METHOD='GET',RESPONSE_LENGTH_OKHTTP='55024',RESPONSE_LENGTH_HEADER='55024',REQUEST_PROTOCOL='http/1.1',REQUEST_URL='https://project-travel-mate.herokuapp.com/api/get-city-information/1',
08-05 23:23:30.805 13697 13757 I art     : Explicit concurrent mark sweep GC freed 4993(241KB) AllocSpace objects, 5(240KB) LOS objects, 27% free, 42MB/58MB, paused 565us total 25.764ms
08-05 23:23:30.813 10068 10068 I ServiceManager: Waiting for service AtCmdFwd...
08-05 23:23:30.817 13697 13757 I art     : Starting a blocking GC Explicit
08-05 23:23:30.842 13697 13757 I art     : Explicit concurrent mark sweep GC freed 1102(122KB) AllocSpace objects, 3(272KB) LOS objects, 27% free, 43MB/59MB, paused 614us total 24.702ms
08-05 23:23:30.853 13697 13757 I art     : Starting a blocking GC Explicit
08-05 23:23:30.878 13697 13757 I art     : Explicit concurrent mark sweep GC freed 128(2144B) AllocSpace objects, 0(0B) LOS objects, 27% free, 43MB/59MB, paused 518us total 24.616ms
08-05 23:23:30.890 13697 13757 I art     : Starting a blocking GC Explicit
08-05 23:23:30.914 13697 13757 I art     : Explicit concurrent mark sweep GC freed 22(448B) AllocSpace objects, 0(0B) LOS objects, 27% free, 43MB/59MB, paused 389us total 24.078ms
08-05 23:23:30.926 13697 13757 I art     : Starting a blocking GC Explicit
08-05 23:23:30.950 13697 13757 I art     : Explicit concurrent mark sweep GC freed 742(845KB) AllocSpace objects, 11(312KB) LOS objects, 27% free, 43MB/59MB, paused 546us total 24.460ms
08-05 23:23:30.981 13866 13866 I GoogleInputMethodServic: GoogleInputMethodService.onFinishInput():3138 
08-05 23:23:30.982 13866 13866 I GoogleInputMethodServic: GoogleInputMethodService.onStartInput():1808 
08-05 23:23:31.291 13697 13758 I art     : Starting a blocking GC Explicit
08-05 23:23:31.322 13697 13758 I art     : Explicit concurrent mark sweep GC freed 3600(493KB) AllocSpace objects, 8(4MB) LOS objects, 29% free, 39MB/55MB, paused 471us total 30.356ms
08-05 23:23:31.334 13697 13758 I art     : Starting a blocking GC Explicit
08-05 23:23:31.361 13697 13758 I art     : Explicit concurrent mark sweep GC freed 254(5KB) AllocSpace objects, 0(0B) LOS objects, 29% free, 39MB/55MB, paused 415us total 26.764ms
08-05 23:23:31.374 13697 13758 I art     : Starting a blocking GC Explicit
08-05 23:23:31.402 13697 13758 I art     : Explicit concurrent mark sweep GC freed 147(2496B) AllocSpace objects, 0(0B) LOS objects, 29% free, 39MB/55MB, paused 431us total 28.003ms
08-05 23:23:31.414 13697 13758 I art     : Starting a blocking GC Explicit
08-05 23:23:31.442 13697 13758 I art     : Explicit concurrent mark sweep GC freed 220(3KB) AllocSpace objects, 0(0B) LOS objects, 29% free, 39MB/55MB, paused 424us total 27.201ms
08-05 23:23:31.454 13697 13758 I art     : Starting a blocking GC Explicit
08-05 23:23:31.482 13697 13758 I art     : Explicit concurrent mark sweep GC freed 146(2464B) AllocSpace objects, 0(0B) LOS objects, 29% free, 39MB/55MB, paused 438us total 27.531ms
08-05 23:23:31.814 10068 10068 I ServiceManager: Waiting for service AtCmdFwd...
08-05 23:23:31.855 13697 13710 I art     : Starting a blocking GC Explicit
08-05 23:23:31.883 13697 13710 I art     : Explicit concurrent mark sweep GC freed 3185(112KB) AllocSpace objects, 2(40KB) LOS objects, 29% free, 39MB/55MB, paused 423us total 28.159ms
08-05 23:23:31.895 13697 13710 I art     : Starting a blocking GC Explicit
08-05 23:23:31.923 13697 13710 I art     : Explicit concurrent mark sweep GC freed 180(3KB) AllocSpace objects, 0(0B) LOS objects, 29% free, 39MB/55MB, paused 541us total 27.720ms
08-05 23:23:31.936 13697 13710 I art     : Starting a blocking GC Explicit
08-05 23:23:31.964 13697 13710 I art     : Explicit concurrent mark sweep GC freed 206(3KB) AllocSpace objects, 0(0B) LOS objects, 29% free, 39MB/55MB, paused 417us total 28.087ms
08-05 23:23:31.977 13697 13710 I art     : Starting a blocking GC Explicit
08-05 23:23:32.006 13697 13710 I art     : Explicit concurrent mark sweep GC freed 147(2496B) AllocSpace objects, 0(0B) LOS objects, 29% free, 39MB/55MB, paused 495us total 28.802ms
08-05 23:23:32.019 13697 13710 I art     : Starting a blocking GC Explicit
08-05 23:23:32.047 13697 13710 I art     : Explicit concurrent mark sweep GC freed 219(3KB) AllocSpace objects, 0(0B) LOS objects, 29% free, 39MB/55MB, paused 495us total 27.974ms
08-05 23:23:32.392 13697 13709 I art     : Starting a blocking GC Explicit
08-05 23:23:32.420   918  3188 I hubconnection: sensorhub said: 'set_bias 3: -5.7696, 0.0000, 0.0000'
08-05 23:23:32.425 13697 13709 I art     : Explicit concurrent mark sweep GC freed 3023(109KB) AllocSpace objects, 2(40KB) LOS objects, 29% free, 39MB/55MB, paused 880us total 32.429ms
08-05 23:23:32.442 13697 13709 I art     : Starting a blocking GC Explicit
08-05 23:23:32.467 13697 13709 I art     : Explicit concurrent mark sweep GC freed 254(5KB) AllocSpace objects, 0(0B) LOS objects, 29% free, 39MB/55MB, paused 443us total 25.638ms
08-05 23:23:32.479 13697 13709 I art     : Starting a blocking GC Explicit
08-05 23:23:32.506 13697 13709 I art     : Explicit concurrent mark sweep GC freed 147(2496B) AllocSpace objects, 0(0B) LOS objects, 29% free, 39MB/55MB, paused 423us total 26.578ms
08-05 23:23:32.518 13697 13709 I art     : Starting a blocking GC Explicit
08-05 23:23:32.546 13697 13709 I art     : Explicit concurrent mark sweep GC freed 219(3KB) AllocSpace objects, 0(0B) LOS objects, 29% free, 39MB/55MB, paused 400us total 26.912ms
08-05 23:23:32.558 13697 13709 I art     : Starting a blocking GC Explicit
08-05 23:23:32.584 13697 13709 I art     : Explicit concurrent mark sweep GC freed 147(2496B) AllocSpace objects, 0(0B) LOS objects, 29% free, 39MB/55MB, paused 411us total 26.197ms
08-05 23:23:32.670   918  3261 D WifiStateMachine: starting scan for "H369AA63323"WPA_PSK with 2412,5180
08-05 23:23:32.815 10068 10068 I ServiceManager: Waiting for service AtCmdFwd...
08-05 23:23:32.952 13697 13758 I art     : Starting a blocking GC Explicit
08-05 23:23:32.980 13697 13758 I art     : Explicit concurrent mark sweep GC freed 3155(111KB) AllocSpace objects, 2(40KB) LOS objects, 29% free, 39MB/55MB, paused 414us total 27.054ms
08-05 23:23:32.992 13697 13758 I art     : Starting a blocking GC Explicit
08-05 23:23:33.019 13697 13758 I art     : Explicit concurrent mark sweep GC freed 166(3KB) AllocSpace objects, 0(0B) LOS objects, 29% free, 39MB/55MB, paused 401us total 27.174ms
08-05 23:23:33.031 13697 13758 I art     : Starting a blocking GC Explicit
08-05 23:23:33.060 13697 13758 I art     : Explicit concurrent mark sweep GC freed 214(3KB) AllocSpace objects, 0(0B) LOS objects, 29% free, 39MB/55MB, paused 496us total 28.022ms
08-05 23:23:33.072 13697 13758 I art     : Starting a blocking GC Explicit
08-05 23:23:33.100 13697 13758 I art     : Explicit concurrent mark sweep GC freed 153(2640B) AllocSpace objects, 0(0B) LOS objects, 29% free, 39MB/55MB, paused 410us total 27.298ms
08-05 23:23:33.112 13697 13758 I art     : Starting a blocking GC Explicit
08-05 23:23:33.141 13697 13758 I art     : Explicit concurrent mark sweep GC freed 147(2496B) AllocSpace objects, 0(0B) LOS objects, 29% free, 39MB/55MB, paused 522us total 28.310ms
08-05 23:23:33.481 13697 13757 I art     : Starting a blocking GC Explicit
08-05 23:23:33.509 13697 13757 I art     : Explicit concurrent mark sweep GC freed 3046(109KB) AllocSpace objects, 2(40KB) LOS objects, 29% free, 39MB/55MB, paused 520us total 27.857ms
08-05 23:23:33.521 13697 13757 I art     : Starting a blocking GC Explicit
08-05 23:23:33.549 13697 13757 I art     : Explicit concurrent mark sweep GC freed 203(3KB) AllocSpace objects, 0(0B) LOS objects, 29% free, 39MB/55MB, paused 403us total 26.969ms
08-05 23:23:33.561 13697 13757 I art     : Starting a blocking GC Explicit
08-05 23:23:33.587 13697 13757 I art     : Explicit concurrent mark sweep GC freed 147(2496B) AllocSpace objects, 0(0B) LOS objects, 29% free, 39MB/55MB, paused 443us total 26.344ms
08-05 23:23:33.599 13697 13757 I art     : Starting a blocking GC Explicit
08-05 23:23:33.626 13697 13757 I art     : Explicit concurrent mark sweep GC freed 206(3KB) AllocSpace objects, 0(0B) LOS objects, 29% free, 39MB/55MB, paused 464us total 26.661ms
08-05 23:23:33.639 13697 13757 I art     : Starting a blocking GC Explicit
08-05 23:23:33.666 13697 13757 I art     : Explicit concurrent mark sweep GC freed 160(2736B) AllocSpace objects, 0(0B) LOS objects, 29% free, 39MB/55MB, paused 418us total 27.388ms
08-05 23:23:33.816 10068 10068 I ServiceManager: Waiting for service AtCmdFwd...
08-05 23:23:34.053 13697 13710 I art     : Starting a blocking GC Explicit
08-05 23:23:34.081 13697 13710 I art     : Explicit concurrent mark sweep GC freed 3227(112KB) AllocSpace objects, 2(40KB) LOS objects, 29% free, 39MB/55MB, paused 422us total 27.669ms
08-05 23:23:34.094 13697 13710 I art     : Starting a blocking GC Explicit
08-05 23:23:34.121 13697 13710 I art     : Explicit concurrent mark sweep GC freed 166(3KB) AllocSpace objects, 0(0B) LOS objects, 29% free, 39MB/55MB, paused 413us total 27.667ms
08-05 23:23:34.134 13697 13710 I art     : Starting a blocking GC Explicit
08-05 23:23:34.161 13697 13710 I art     : Explicit concurrent mark sweep GC freed 158(2672B) AllocSpace objects, 0(0B) LOS objects, 29% free, 39MB/55MB, paused 462us total 27.065ms
08-05 23:23:34.173 13697 13710 I art     : Starting a blocking GC Explicit
08-05 23:23:34.197 13697 13710 I art     : Explicit concurrent mark sweep GC freed 209(3KB) AllocSpace objects, 0(0B) LOS objects, 29% free, 39MB/55MB, paused 504us total 23.420ms
08-05 23:23:34.209 13697 13710 I art     : Starting a blocking GC Explicit
08-05 23:23:34.233 13697 13710 I art     : Explicit concurrent mark sweep GC freed 146(2464B) AllocSpace objects, 0(0B) LOS objects, 29% free, 39MB/55MB, paused 404us total 23.807ms
08-05 23:23:34.570 13697 13709 I art     : Starting a blocking GC Explicit
08-05 23:23:34.581 14195 14195 D AndroidRuntime: >>>>>> START com.android.internal.os.RuntimeInit uid 2000 <<<<<<
08-05 23:23:34.585 14195 14195 D AndroidRuntime: CheckJNI is OFF
08-05 23:23:34.598 13697 13709 I art     : Explicit concurrent mark sweep GC freed 3001(108KB) AllocSpace objects, 2(40KB) LOS objects, 29% free, 39MB/55MB, paused 583us total 28.148ms
08-05 23:23:34.611 13697 13709 I art     : Starting a blocking GC Explicit
08-05 23:23:34.622 14195 14195 D ICU     : No timezone override file found: /data/misc/zoneinfo/current/icu/icu_tzdata.dat
08-05 23:23:34.637 13697 13709 I art     : Explicit concurrent mark sweep GC freed 177(3KB) AllocSpace objects, 0(0B) LOS objects, 29% free, 39MB/55MB, paused 463us total 26.173ms
08-05 23:23:34.650 13697 13709 I art     : Starting a blocking GC Explicit
08-05 23:23:34.658 14195 14195 I Radio-JNI: register_android_hardware_Radio DONE
08-05 23:23:34.674 13697 13709 I art     : Explicit concurrent mark sweep GC freed 148(2528B) AllocSpace objects, 0(0B) LOS objects, 29% free, 39MB/55MB, paused 439us total 24.062ms
08-05 23:23:34.679 14195 14195 D AndroidRuntime: Calling main entry com.android.commands.input.Input
08-05 23:23:34.681 14195 14195 I Input   : injectKeyEvent: KeyEvent { action=ACTION_DOWN, keyCode=KEYCODE_BACK, scanCode=0, metaState=0, flags=0x0, repeatCount=0, eventTime=833031094, downTime=833031094, deviceId=-1, source=0x101 }
08-05 23:23:34.685 13697 13709 I art     : Starting a blocking GC Explicit
08-05 23:23:34.687 14195 14195 I Input   : injectKeyEvent: KeyEvent { action=ACTION_UP, keyCode=KEYCODE_BACK, scanCode=0, metaState=0, flags=0x0, repeatCount=0, eventTime=833031094, downTime=833031094, deviceId=-1, source=0x101 }
08-05 23:23:34.691 14195 14195 D AndroidRuntime: Shutting down VM
08-05 23:23:34.710 13697 13709 I art     : Explicit concurrent mark sweep GC freed 222(4KB) AllocSpace objects, 0(0B) LOS objects, 29% free, 39MB/55MB, paused 461us total 24.353ms
08-05 23:23:34.722 13697 13709 I art     : Starting a blocking GC Explicit
08-05 23:23:34.737 13866 13866 I GoogleInputMethodServic: GoogleInputMethodService.onFinishInput():3138 
08-05 23:23:34.737 13866 13866 I GoogleInputMethodServic: GoogleInputMethodService.onStartInput():1808 
08-05 23:23:34.746 13697 13709 I art     : Explicit concurrent mark sweep GC freed 158(3KB) AllocSpace objects, 0(0B) LOS objects, 29% free, 39MB/55MB, paused 410us total 24.004ms
08-05 23:23:34.816 10068 10068 I ServiceManager: Waiting for service AtCmdFwd...
08-05 23:23:35.042   380   380 W SurfaceFlinger: couldn't log to binary event log: overflow.
08-05 23:23:35.063 13697 13710 I art     : Starting a blocking GC Explicit
08-05 23:23:35.087 13697 13710 I art     : Explicit concurrent mark sweep GC freed 2941(108KB) AllocSpace objects, 4(404KB) LOS objects, 29% free, 38MB/54MB, paused 409us total 24.520ms
08-05 23:23:35.099 13697 13710 I art     : Starting a blocking GC Explicit
08-05 23:23:35.123 13697 13710 I art     : Explicit concurrent mark sweep GC freed 4806(340KB) AllocSpace objects, 7(132KB) LOS objects, 29% free, 38MB/54MB, paused 403us total 23.742ms
08-05 23:23:35.134 13697 13710 I art     : Starting a blocking GC Explicit
08-05 23:23:35.158 13697 13710 I art     : Explicit concurrent mark sweep GC freed 105(1984B) AllocSpace objects, 0(0B) LOS objects, 29% free, 38MB/54MB, paused 396us total 23.544ms
08-05 23:23:35.170 13697 13710 I art     : Starting a blocking GC Explicit
08-05 23:23:35.193 13697 13710 I art     : Explicit concurrent mark sweep GC freed 99(1696B) AllocSpace objects, 0(0B) LOS objects, 29% free, 38MB/54MB, paused 526us total 23.190ms
08-05 23:23:35.206 13697 13710 I art     : Starting a blocking GC Explicit
08-05 23:23:35.231 13697 13710 I art     : Explicit concurrent mark sweep GC freed 147(2496B) AllocSpace objects, 0(0B) LOS objects, 29% free, 38MB/54MB, paused 419us total 25.073ms
08-05 23:23:35.567 13697 13758 I art     : Starting a blocking GC Explicit
08-05 23:23:35.595 13697 13758 I art     : Explicit concurrent mark sweep GC freed 2483(100KB) AllocSpace objects, 2(40KB) LOS objects, 29% free, 38MB/54MB, paused 515us total 28.185ms
08-05 23:23:35.609 13697 13758 I art     : Starting a blocking GC Explicit
08-05 23:23:35.636 13697 13758 I art     : Explicit concurrent mark sweep GC freed 150(3KB) AllocSpace objects, 0(0B) LOS objects, 29% free, 38MB/54MB, paused 418us total 26.256ms
08-05 23:23:35.648 13697 13758 I art     : Starting a blocking GC Explicit
08-05 23:23:35.674 13697 13758 I art     : Explicit concurrent mark sweep GC freed 100(1728B) AllocSpace objects, 0(0B) LOS objects, 29% free, 38MB/54MB, paused 416us total 25.930ms
08-05 23:23:35.687 13697 13758 I art     : Starting a blocking GC Explicit
08-05 23:23:35.712 13697 13758 I art     : Explicit concurrent mark sweep GC freed 147(2496B) AllocSpace objects, 0(0B) LOS objects, 29% free, 38MB/54MB, paused 407us total 25.085ms
08-05 23:23:35.725 13697 13758 I art     : Starting a blocking GC Explicit
08-05 23:23:35.751 13697 13758 I art     : Explicit concurrent mark sweep GC freed 99(1696B) AllocSpace objects, 0(0B) LOS objects, 29% free, 38MB/54MB, paused 404us total 26.047ms
08-05 23:23:35.816 10068 10068 W Atfwd_Sendcmd: AtCmdFwd service not published, waiting... retryCnt : 2
08-05 23:23:36.066 13697 13709 I art     : Starting a blocking GC Explicit
08-05 23:23:36.088 13697 13709 I art     : Explicit concurrent mark sweep GC freed 2387(98KB) AllocSpace objects, 2(40KB) LOS objects, 29% free, 38MB/54MB, paused 388us total 22.252ms
08-05 23:23:36.099 13697 13709 I art     : Starting a blocking GC Explicit
08-05 23:23:36.122 13697 13709 I art     : Explicit concurrent mark sweep GC freed 118(2384B) AllocSpace objects, 0(0B) LOS objects, 29% free, 38MB/54MB, paused 405us total 22.171ms
08-05 23:23:36.133 13697 13709 I art     : Starting a blocking GC Explicit
08-05 23:23:36.154 13697 13709 I art     : Explicit concurrent mark sweep GC freed 99(1696B) AllocSpace objects, 0(0B) LOS objects, 29% free, 38MB/54MB, paused 389us total 21.332ms
08-05 23:23:36.166 13697 13709 I art     : Starting a blocking GC Explicit
08-05 23:23:36.188 13697 13709 I art     : Explicit concurrent mark sweep GC freed 99(1696B) AllocSpace objects, 0(0B) LOS objects, 29% free, 38MB/54MB, paused 387us total 21.903ms
08-05 23:23:36.199 13697 13709 I art     : Starting a blocking GC Explicit
08-05 23:23:36.222 13697 13709 I art     : Explicit concurrent mark sweep GC freed 99(1696B) AllocSpace objects, 0(0B) LOS objects, 29% free, 38MB/54MB, paused 391us total 22.235ms
08-05 23:23:36.329 14242 14242 D AndroidRuntime: >>>>>> START com.android.internal.os.RuntimeInit uid 2000 <<<<<<
08-05 23:23:36.333 14242 14242 D AndroidRuntime: CheckJNI is OFF
08-05 23:23:36.364 14242 14242 D ICU     : No timezone override file found: /data/misc/zoneinfo/current/icu/icu_tzdata.dat
08-05 23:23:36.395 14242 14242 I Radio-JNI: register_android_hardware_Radio DONE
08-05 23:23:36.416 14242 14242 D AndroidRuntime: Calling main entry com.android.commands.input.Input
08-05 23:23:36.418 14242 14242 I Input   : injectMotionEvent: MotionEvent { action=ACTION_DOWN, actionButton=0, id[0]=0, x[0]=504.0, y[0]=1706.0, toolType[0]=TOOL_TYPE_UNKNOWN, buttonState=0, metaState=0, flags=0x0, edgeFlags=0x0, pointerCount=1, historySize=0, eventTime=833032830, downTime=833032830, deviceId=0, source=0x1002 }
08-05 23:23:36.423 14242 14242 I Input   : injectMotionEvent: MotionEvent { action=ACTION_UP, actionButton=0, id[0]=0, x[0]=504.0, y[0]=1706.0, toolType[0]=TOOL_TYPE_UNKNOWN, buttonState=0, metaState=0, flags=0x0, edgeFlags=0x0, pointerCount=1, historySize=0, eventTime=833032830, downTime=833032830, deviceId=0, source=0x1002 }
08-05 23:23:36.424 14242 14242 D AndroidRuntime: Shutting down VM
08-05 23:23:36.426   512  2967 D audio_hw_primary: out_set_parameters: enter: usecase(1: low-latency-playback) kvpairs: routing=2
08-05 23:23:36.429   918  4400 I ActivityManager: START u0 {cmp=baseline.io.github.project_travel_mate/.destinations.funfacts.FunFactsActivity (has extras)} from uid 10696 on display 0
08-05 23:23:36.439   512  2967 D audio_hw_primary: select_devices: out_snd_device(2: speaker) in_snd_device(0: none)
08-05 23:23:36.439   512  2967 D msm8974_platform: platform_send_audio_calibration: sending audio calibration for snd_device(2) acdb_id(15)
08-05 23:23:36.439   512  2967 I soundtrigger: audio_extn_sound_trigger_update_device_status: device 0x2 of type 0 for Event 1
08-05 23:23:36.450 13697 13778 D Gabe    : call	returning from cache
08-05 23:23:36.452   512  2967 D audio_hw_primary: enable_snd_device: snd_device(2: speaker)
08-05 23:23:36.454   512  2967 D audio_hw_primary: enable_audio_route: apply and update mixer path: low-latency-playback speaker
08-05 23:23:36.456 13697 13697 V EXECUTING: https://project-travel-mate.herokuapp.com/api/get-city-facts/1
08-05 23:23:36.548 13697 13709 I art     : Starting a blocking GC Explicit
08-05 23:23:36.573 13697 13709 I art     : Explicit concurrent mark sweep GC freed 4203(281KB) AllocSpace objects, 2(40KB) LOS objects, 27% free, 42MB/58MB, paused 531us total 24.898ms
08-05 23:23:36.582 13866 13866 I GoogleInputMethodServic: GoogleInputMethodService.onFinishInput():3138 
08-05 23:23:36.582   918   936 I ActivityManager: Displayed baseline.io.github.project_travel_mate/.destinations.funfacts.FunFactsActivity: +145ms
08-05 23:23:36.582 13866 13866 I GoogleInputMethodServic: GoogleInputMethodService.onStartInput():1808 
08-05 23:23:36.585 13697 13709 I art     : Starting a blocking GC Explicit
08-05 23:23:36.612 13697 13709 I art     : Explicit concurrent mark sweep GC freed 320(12KB) AllocSpace objects, 0(0B) LOS objects, 27% free, 42MB/58MB, paused 636us total 27.404ms
08-05 23:23:36.625 13697 13709 I art     : Starting a blocking GC Explicit
08-05 23:23:36.652 13697 13709 I art     : Explicit concurrent mark sweep GC freed 86(1744B) AllocSpace objects, 0(0B) LOS objects, 27% free, 42MB/58MB, paused 531us total 26.796ms
08-05 23:23:36.665 13697 13709 I art     : Starting a blocking GC Explicit
08-05 23:23:36.690 13697 13709 I art     : Explicit concurrent mark sweep GC freed 154(2768B) AllocSpace objects, 0(0B) LOS objects, 27% free, 42MB/58MB, paused 435us total 24.736ms
08-05 23:23:36.701 13697 13709 I art     : Starting a blocking GC Explicit
08-05 23:23:36.725 13697 13709 I art     : Explicit concurrent mark sweep GC freed 147(2496B) AllocSpace objects, 0(0B) LOS objects, 27% free, 42MB/58MB, paused 409us total 23.048ms
08-05 23:23:36.812   380   380 W SurfaceFlinger: couldn't log to binary event log: overflow.
08-05 23:23:36.988   512  2967 D audio_hw_primary: disable_audio_route: reset and update mixer path: low-latency-playback speaker
08-05 23:23:36.989   512  2967 D audio_hw_primary: disable_snd_device: snd_device(2: speaker)
08-05 23:23:36.998   512  2967 I soundtrigger: audio_extn_sound_trigger_update_device_status: device 0x2 of type 0 for Event 0
08-05 23:23:37.022 13697 13758 I art     : Starting a blocking GC Explicit
08-05 23:23:37.050 13697 13758 I art     : Explicit concurrent mark sweep GC freed 2647(103KB) AllocSpace objects, 2(40KB) LOS objects, 27% free, 42MB/58MB, paused 697us total 27.430ms
08-05 23:23:37.062 13697 13758 I art     : Starting a blocking GC Explicit
08-05 23:23:37.088 13697 13758 I art     : Explicit concurrent mark sweep GC freed 50(1296B) AllocSpace objects, 0(0B) LOS objects, 27% free, 42MB/58MB, paused 634us total 25.152ms
08-05 23:23:37.100 13697 13758 I art     : Starting a blocking GC Explicit
08-05 23:23:37.125 13697 13758 I art     : Explicit concurrent mark sweep GC freed 124(2096B) AllocSpace objects, 0(0B) LOS objects, 27% free, 42MB/58MB, paused 589us total 24.936ms
08-05 23:23:37.137 13697 13758 I art     : Starting a blocking GC Explicit
08-05 23:23:37.162 13697 13758 I art     : Explicit concurrent mark sweep GC freed 131(2192B) AllocSpace objects, 0(0B) LOS objects, 27% free, 42MB/58MB, paused 601us total 24.670ms
08-05 23:23:37.174 13697 13758 I art     : Starting a blocking GC Explicit
08-05 23:23:37.198 13697 13758 I art     : Explicit concurrent mark sweep GC freed 17(320B) AllocSpace objects, 0(0B) LOS objects, 27% free, 42MB/58MB, paused 422us total 24.298ms
08-05 23:23:37.359 13697 14273 I NAPPA_EXPERIMENTATION: MetricNetworkRequestExecutionTime: REQUEST_DURATION_SYSTEM='903',REQUEST_DURATION_OKHTTP='37',REQUEST_SYNCHRONOUS='FALSE',RESPONSE_CODE='200',RESPONSE_METHOD='GET',RESPONSE_LENGTH_OKHTTP='1793',RESPONSE_LENGTH_HEADER='1793',REQUEST_PROTOCOL='http/1.1',REQUEST_URL='https://project-travel-mate.herokuapp.com/api/get-city-facts/1',
08-05 23:23:37.363 13697 14273 V EXECUTING: https://project-travel-mate.herokuapp.com/api/get-city-images/1
08-05 23:23:37.493 13697 13710 I art     : Starting a blocking GC Explicit
08-05 23:23:37.520 13697 13710 I art     : Explicit concurrent mark sweep GC freed 5411(277KB) AllocSpace objects, 5(240KB) LOS objects, 26% free, 43MB/59MB, paused 614us total 26.788ms
08-05 23:23:37.533 13697 13710 I art     : Starting a blocking GC Explicit
08-05 23:23:37.559 13697 13710 I art     : Explicit concurrent mark sweep GC freed 1084(119KB) AllocSpace objects, 0(0B) LOS objects, 27% free, 43MB/59MB, paused 669us total 25.694ms
08-05 23:23:37.571 13697 13710 I art     : Starting a blocking GC Explicit
08-05 23:23:37.596 13697 13710 I art     : Explicit concurrent mark sweep GC freed 132(2224B) AllocSpace objects, 0(0B) LOS objects, 27% free, 43MB/59MB, paused 611us total 24.540ms
08-05 23:23:37.608 13697 13710 I art     : Starting a blocking GC Explicit
08-05 23:23:37.633 13697 13710 I art     : Explicit concurrent mark sweep GC freed 17(320B) AllocSpace objects, 0(0B) LOS objects, 27% free, 43MB/59MB, paused 480us total 24.346ms
08-05 23:23:37.645 13697 13710 I art     : Starting a blocking GC Explicit
08-05 23:23:37.671 13697 13710 I art     : Explicit concurrent mark sweep GC freed 134(2288B) AllocSpace objects, 0(0B) LOS objects, 27% free, 43MB/59MB, paused 793us total 25.660ms
08-05 23:23:37.982 13697 13710 I art     : Starting a blocking GC Explicit
08-05 23:23:38.008 13697 13710 I art     : Explicit concurrent mark sweep GC freed 2365(101KB) AllocSpace objects, 2(40KB) LOS objects, 26% free, 43MB/59MB, paused 807us total 25.874ms
08-05 23:23:38.020 13697 13710 I art     : Starting a blocking GC Explicit
08-05 23:23:38.046 13697 13710 I art     : Explicit concurrent mark sweep GC freed 1162(75KB) AllocSpace objects, 2(120KB) LOS objects, 26% free, 43MB/59MB, paused 921us total 26.690ms
08-05 23:23:38.059 13697 13710 I art     : Starting a blocking GC Explicit
08-05 23:23:38.084 13697 13710 I art     : Explicit concurrent mark sweep GC freed 2451(169KB) AllocSpace objects, 1(80KB) LOS objects, 26% free, 43MB/59MB, paused 659us total 25.330ms
08-05 23:23:38.096 13697 14292 I NAPPA_EXPERIMENTATION: MetricNetworkRequestExecutionTime: REQUEST_DURATION_SYSTEM='732',REQUEST_DURATION_OKHTTP='35',REQUEST_SYNCHRONOUS='FALSE',RESPONSE_CODE='200',RESPONSE_METHOD='GET',RESPONSE_LENGTH_OKHTTP='183',RESPONSE_LENGTH_HEADER='183',REQUEST_PROTOCOL='http/1.1',REQUEST_URL='https://project-travel-mate.herokuapp.com/api/get-city-images/1',
08-05 23:23:38.097 13697 13710 I art     : Starting a blocking GC Explicit
08-05 23:23:38.122 13697 13710 I art     : Explicit concurrent mark sweep GC freed 240(15KB) AllocSpace objects, 0(0B) LOS objects, 26% free, 43MB/59MB, paused 690us total 25.034ms
08-05 23:23:38.130 13697 14292 V RESPONSE: [{"id":17,"image_url":"https://upload.wikimedia.org/wikipedia/commons/9/94/%E0%B4%96%E0%B5%81%E0%B4%A4%E0%B5%8D%E0%B4%AC%E0%B5%8D_%E0%B4%AE%E0%B4%BF%E0%B4%A8%E0%B4%BE%E0%B5%BC1.jpg"}]
08-05 23:23:38.135 13697 13710 I art     : Starting a blocking GC Explicit
08-05 23:23:38.160 13697 13710 I art     : Explicit concurrent mark sweep GC freed 189(7KB) AllocSpace objects, 0(0B) LOS objects, 26% free, 43MB/59MB, paused 567us total 25.522ms
08-05 23:23:38.341   518   646 I ThermalEngine: ACTION: GPU - Setting GPU[0] to 450000000
08-05 23:23:38.525 13697 13757 I art     : Starting a blocking GC Explicit
08-05 23:23:38.570 13697 13757 I art     : Explicit concurrent mark sweep GC freed 5810(295KB) AllocSpace objects, 3(4MB) LOS objects, 28% free, 39MB/55MB, paused 754us total 43.826ms
08-05 23:23:38.588 13697 13757 I art     : Starting a blocking GC Explicit
08-05 23:23:38.623 13697 13757 I art     : Explicit concurrent mark sweep GC freed 432(13KB) AllocSpace objects, 0(0B) LOS objects, 28% free, 39MB/55MB, paused 582us total 33.929ms
08-05 23:23:38.639 13697 13757 I art     : Starting a blocking GC Explicit
08-05 23:23:38.674 13697 13757 I art     : Explicit concurrent mark sweep GC freed 219(3KB) AllocSpace objects, 0(0B) LOS objects, 28% free, 39MB/55MB, paused 592us total 35.182ms
08-05 23:23:38.691 13697 13757 I art     : Starting a blocking GC Explicit
08-05 23:23:38.724 13697 13757 I art     : Explicit concurrent mark sweep GC freed 219(3KB) AllocSpace objects, 0(0B) LOS objects, 28% free, 39MB/55MB, paused 573us total 32.578ms
08-05 23:23:38.739 13697 13757 I art     : Starting a blocking GC Explicit
08-05 23:23:38.773 13697 13757 I art     : Explicit concurrent mark sweep GC freed 219(3KB) AllocSpace objects, 0(0B) LOS objects, 28% free, 39MB/55MB, paused 597us total 33.253ms
08-05 23:23:39.161 13697 13758 I art     : Starting a blocking GC Explicit
08-05 23:23:39.199 13697 13758 I art     : Explicit concurrent mark sweep GC freed 3228(112KB) AllocSpace objects, 2(40KB) LOS objects, 28% free, 39MB/55MB, paused 695us total 37.561ms
08-05 23:23:39.202 14319 14319 D AndroidRuntime: >>>>>> START com.android.internal.os.RuntimeInit uid 2000 <<<<<<
08-05 23:23:39.209 14319 14319 D AndroidRuntime: CheckJNI is OFF
08-05 23:23:39.215 13697 13758 I art     : Starting a blocking GC Explicit
08-05 23:23:39.251 13697 13758 I art     : Explicit concurrent mark sweep GC freed 250(4KB) AllocSpace objects, 0(0B) LOS objects, 28% free, 39MB/55MB, paused 807us total 35.168ms
08-05 23:23:39.253 14319 14319 D ICU     : No timezone override file found: /data/misc/zoneinfo/current/icu/icu_tzdata.dat
08-05 23:23:39.267 13697 13758 I art     : Starting a blocking GC Explicit
08-05 23:23:39.299 14319 14319 I Radio-JNI: register_android_hardware_Radio DONE
08-05 23:23:39.303 13697 13758 I art     : Explicit concurrent mark sweep GC freed 249(4KB) AllocSpace objects, 0(0B) LOS objects, 28% free, 39MB/55MB, paused 707us total 35.692ms
08-05 23:23:39.319 13697 13758 I art     : Starting a blocking GC Explicit
08-05 23:23:39.328 14319 14319 D AndroidRuntime: Calling main entry com.android.commands.input.Input
08-05 23:23:39.329 14319 14319 I Input   : injectKeyEvent: KeyEvent { action=ACTION_DOWN, keyCode=KEYCODE_BACK, scanCode=0, metaState=0, flags=0x0, repeatCount=0, eventTime=833035743, downTime=833035743, deviceId=-1, source=0x101 }
08-05 23:23:39.335 14319 14319 I Input   : injectKeyEvent: KeyEvent { action=ACTION_UP, keyCode=KEYCODE_BACK, scanCode=0, metaState=0, flags=0x0, repeatCount=0, eventTime=833035743, downTime=833035743, deviceId=-1, source=0x101 }
08-05 23:23:39.342 14319 14319 D AndroidRuntime: Shutting down VM
08-05 23:23:39.353 13697 13758 I art     : Explicit concurrent mark sweep GC freed 299(6KB) AllocSpace objects, 0(0B) LOS objects, 28% free, 39MB/55MB, paused 721us total 33.703ms
08-05 23:23:39.369 13697 13758 I art     : Starting a blocking GC Explicit
08-05 23:23:39.375 13866 13866 I GoogleInputMethodServic: GoogleInputMethodService.onFinishInput():3138 
08-05 23:23:39.376 13866 13866 I GoogleInputMethodServic: GoogleInputMethodService.onStartInput():1808 
08-05 23:23:39.401 13697 13758 I art     : Explicit concurrent mark sweep GC freed 268(5KB) AllocSpace objects, 0(0B) LOS objects, 28% free, 39MB/55MB, paused 620us total 32.285ms
08-05 23:23:39.664   380   380 W SurfaceFlinger: couldn't log to binary event log: overflow.
08-05 23:23:39.769 13697 13757 I art     : Starting a blocking GC Explicit
08-05 23:23:39.807 13697 13757 I art     : Explicit concurrent mark sweep GC freed 3785(146KB) AllocSpace objects, 6(876KB) LOS objects, 29% free, 38MB/54MB, paused 630us total 37.694ms
08-05 23:23:39.823 13697 13757 I art     : Starting a blocking GC Explicit
08-05 23:23:39.827   918  3188 I hubconnection: sensorhub said: 'set_bias 3: -6.2400, 0.0000, 0.0000'
08-05 23:23:39.856 13697 13757 I art     : Explicit concurrent mark sweep GC freed 5608(269KB) AllocSpace objects, 1(28KB) LOS objects, 29% free, 38MB/54MB, paused 616us total 32.723ms
08-05 23:23:39.872 13697 13757 I art     : Starting a blocking GC Explicit
08-05 23:23:39.904 13697 13757 I art     : Explicit concurrent mark sweep GC freed 147(2496B) AllocSpace objects, 0(0B) LOS objects, 29% free, 38MB/54MB, paused 601us total 31.830ms
08-05 23:23:39.920 13697 13757 I art     : Starting a blocking GC Explicit
08-05 23:23:39.953 13697 13757 I art     : Explicit concurrent mark sweep GC freed 147(2496B) AllocSpace objects, 0(0B) LOS objects, 29% free, 38MB/54MB, paused 612us total 32.437ms
08-05 23:23:39.969 13697 13757 I art     : Starting a blocking GC Explicit
08-05 23:23:40.003 13697 13757 I art     : Explicit concurrent mark sweep GC freed 147(2496B) AllocSpace objects, 0(0B) LOS objects, 29% free, 38MB/54MB, paused 623us total 33.467ms
08-05 23:23:40.370 13697 13758 I art     : Starting a blocking GC Explicit
08-05 23:23:40.405 13697 13758 I art     : Explicit concurrent mark sweep GC freed 2581(101KB) AllocSpace objects, 2(40KB) LOS objects, 29% free, 38MB/54MB, paused 597us total 34.109ms
08-05 23:23:40.422 13697 13758 I art     : Starting a blocking GC Explicit
08-05 23:23:40.453 13697 13758 I art     : Explicit concurrent mark sweep GC freed 166(3KB) AllocSpace objects, 0(0B) LOS objects, 29% free, 38MB/54MB, paused 609us total 30.469ms
08-05 23:23:40.469 13697 13758 I art     : Starting a blocking GC Explicit
08-05 23:23:40.501 13697 13758 I art     : Explicit concurrent mark sweep GC freed 146(2464B) AllocSpace objects, 0(0B) LOS objects, 29% free, 38MB/54MB, paused 612us total 31.829ms
08-05 23:23:40.517 13697 13758 I art     : Starting a blocking GC Explicit
08-05 23:23:40.550 13697 13758 I art     : Explicit concurrent mark sweep GC freed 110(1888B) AllocSpace objects, 0(0B) LOS objects, 29% free, 38MB/54MB, paused 693us total 32.378ms
08-05 23:23:40.565 13697 13758 I art     : Starting a blocking GC Explicit
08-05 23:23:40.597 13697 13758 I art     : Explicit concurrent mark sweep GC freed 136(2304B) AllocSpace objects, 0(0B) LOS objects, 29% free, 38MB/54MB, paused 631us total 31.125ms
08-05 23:23:40.964 13697 13709 I art     : Starting a blocking GC Explicit
08-05 23:23:41.018 13697 13709 I art     : Explicit concurrent mark sweep GC freed 2630(102KB) AllocSpace objects, 2(40KB) LOS objects, 29% free, 38MB/54MB, paused 1.189ms total 54.303ms
08-05 23:23:41.039 13697 13709 I art     : Starting a blocking GC Explicit
08-05 23:23:41.070 13697 13709 I art     : Explicit concurrent mark sweep GC freed 214(3KB) AllocSpace objects, 0(0B) LOS objects, 29% free, 38MB/54MB, paused 571us total 30.481ms
08-05 23:23:41.087 13697 13709 I art     : Starting a blocking GC Explicit
08-05 23:23:41.095 14363 14363 D AndroidRuntime: >>>>>> START com.android.internal.os.RuntimeInit uid 2000 <<<<<<
08-05 23:23:41.101 14363 14363 D AndroidRuntime: CheckJNI is OFF
08-05 23:23:41.116 13697 13709 I art     : Explicit concurrent mark sweep GC freed 99(1696B) AllocSpace objects, 0(0B) LOS objects, 29% free, 38MB/54MB, paused 672us total 29ms
08-05 23:23:41.131 13697 13709 I art     : Starting a blocking GC Explicit
08-05 23:23:41.144 14363 14363 D ICU     : No timezone override file found: /data/misc/zoneinfo/current/icu/icu_tzdata.dat
08-05 23:23:41.163 13697 13709 I art     : Explicit concurrent mark sweep GC freed 147(2496B) AllocSpace objects, 0(0B) LOS objects, 29% free, 38MB/54MB, paused 623us total 31.455ms
08-05 23:23:41.178 13697 13709 I art     : Starting a blocking GC Explicit
08-05 23:23:41.187 14363 14363 I Radio-JNI: register_android_hardware_Radio DONE
08-05 23:23:41.210 13697 13709 I art     : Explicit concurrent mark sweep GC freed 147(2496B) AllocSpace objects, 0(0B) LOS objects, 29% free, 38MB/54MB, paused 597us total 31.518ms
08-05 23:23:41.215 14363 14363 D AndroidRuntime: Calling main entry com.android.commands.input.Input
08-05 23:23:41.218 14363 14363 I Input   : injectMotionEvent: MotionEvent { action=ACTION_DOWN, actionButton=0, id[0]=0, x[0]=504.0, y[0]=1706.0, toolType[0]=TOOL_TYPE_UNKNOWN, buttonState=0, metaState=0, flags=0x0, edgeFlags=0x0, pointerCount=1, historySize=0, eventTime=833037630, downTime=833037630, deviceId=0, source=0x1002 }
08-05 23:23:41.225 14363 14363 I Input   : injectMotionEvent: MotionEvent { action=ACTION_UP, actionButton=0, id[0]=0, x[0]=504.0, y[0]=1706.0, toolType[0]=TOOL_TYPE_UNKNOWN, buttonState=0, metaState=0, flags=0x0, edgeFlags=0x0, pointerCount=1, historySize=0, eventTime=833037630, downTime=833037630, deviceId=0, source=0x1002 }
08-05 23:23:41.226 14363 14363 D AndroidRuntime: Shutting down VM
08-05 23:23:41.228   512  2967 D audio_hw_primary: out_set_parameters: enter: usecase(1: low-latency-playback) kvpairs: routing=2
08-05 23:23:41.231   918  6110 I ActivityManager: START u0 {cmp=baseline.io.github.project_travel_mate/.destinations.funfacts.FunFactsActivity (has extras)} from uid 10696 on display 0
08-05 23:23:41.241   512  2967 D audio_hw_primary: select_devices: out_snd_device(2: speaker) in_snd_device(0: none)
08-05 23:23:41.241   512  2967 D msm8974_platform: platform_send_audio_calibration: sending audio calibration for snd_device(2) acdb_id(15)
08-05 23:23:41.241   512  2967 I soundtrigger: audio_extn_sound_trigger_update_device_status: device 0x2 of type 0 for Event 1
08-05 23:23:41.252   512  2967 D audio_hw_primary: enable_snd_device: snd_device(2: speaker)
08-05 23:23:41.254   512  2967 D audio_hw_primary: enable_audio_route: apply and update mixer path: low-latency-playback speaker
08-05 23:23:41.255 13697 13778 D Gabe    : call	returning from cache
08-05 23:23:41.256 13697 13697 V EXECUTING: https://project-travel-mate.herokuapp.com/api/get-city-facts/1
08-05 23:23:41.408   918   936 I ActivityManager: Displayed baseline.io.github.project_travel_mate/.destinations.funfacts.FunFactsActivity: +167ms
08-05 23:23:41.408 13866 13866 I GoogleInputMethodServic: GoogleInputMethodService.onFinishInput():3138 
08-05 23:23:41.409 13866 13866 I GoogleInputMethodServic: GoogleInputMethodService.onStartInput():1808 
08-05 23:23:41.563 13697 13709 I art     : Starting a blocking GC Explicit
08-05 23:23:41.597 13697 13709 I art     : Explicit concurrent mark sweep GC freed 4162(272KB) AllocSpace objects, 2(40KB) LOS objects, 27% free, 43MB/59MB, paused 627us total 33.266ms
08-05 23:23:41.612 13697 13709 I art     : Starting a blocking GC Explicit
08-05 23:23:41.646 13697 13709 I art     : Explicit concurrent mark sweep GC freed 365(10KB) AllocSpace objects, 0(0B) LOS objects, 27% free, 42MB/58MB, paused 655us total 33.757ms
08-05 23:23:41.662 13697 13709 I art     : Starting a blocking GC Explicit
08-05 23:23:41.666   380   380 W SurfaceFlinger: couldn't log to binary event log: overflow.
08-05 23:23:41.694 13697 13709 I art     : Explicit concurrent mark sweep GC freed 219(3KB) AllocSpace objects, 0(0B) LOS objects, 27% free, 42MB/58MB, paused 630us total 31.495ms
08-05 23:23:41.710 13697 13709 I art     : Starting a blocking GC Explicit
08-05 23:23:41.741 13697 13709 I art     : Explicit concurrent mark sweep GC freed 219(3KB) AllocSpace objects, 0(0B) LOS objects, 27% free, 42MB/58MB, paused 642us total 30.682ms
08-05 23:23:41.756 13697 13709 I art     : Starting a blocking GC Explicit
08-05 23:23:41.789   512  2967 D audio_hw_primary: disable_audio_route: reset and update mixer path: low-latency-playback speaker
08-05 23:23:41.790   512  2967 D audio_hw_primary: disable_snd_device: snd_device(2: speaker)
08-05 23:23:41.790 13697 13709 I art     : Explicit concurrent mark sweep GC freed 228(3KB) AllocSpace objects, 0(0B) LOS objects, 27% free, 42MB/58MB, paused 837us total 33.485ms
08-05 23:23:41.799   512  2967 I soundtrigger: audio_extn_sound_trigger_update_device_status: device 0x2 of type 0 for Event 0
08-05 23:23:41.964 13697 14387 I NAPPA_EXPERIMENTATION: MetricNetworkRequestExecutionTime: REQUEST_DURATION_SYSTEM='707',REQUEST_DURATION_OKHTTP='34',REQUEST_SYNCHRONOUS='FALSE',RESPONSE_CODE='200',RESPONSE_METHOD='GET',RESPONSE_LENGTH_OKHTTP='1793',RESPONSE_LENGTH_HEADER='1793',REQUEST_PROTOCOL='http/1.1',REQUEST_URL='https://project-travel-mate.herokuapp.com/api/get-city-facts/1',
08-05 23:23:41.967 13697 14387 V EXECUTING: https://project-travel-mate.herokuapp.com/api/get-city-images/1
08-05 23:23:42.127 13697 13710 I art     : Starting a blocking GC Explicit
08-05 23:23:42.162 13697 13710 I art     : Explicit concurrent mark sweep GC freed 5227(274KB) AllocSpace objects, 5(240KB) LOS objects, 26% free, 43MB/59MB, paused 959us total 34.197ms
08-05 23:23:42.178 13697 13710 I art     : Starting a blocking GC Explicit
08-05 23:23:42.210 13697 13710 I art     : Explicit concurrent mark sweep GC freed 1091(119KB) AllocSpace objects, 0(0B) LOS objects, 26% free, 43MB/59MB, paused 840us total 32.404ms
08-05 23:23:42.227 13697 13710 I art     : Starting a blocking GC Explicit
08-05 23:23:42.259 13697 13710 I art     : Explicit concurrent mark sweep GC freed 96(1776B) AllocSpace objects, 0(0B) LOS objects, 26% free, 43MB/59MB, paused 892us total 31.645ms
08-05 23:23:42.275 13697 13710 I art     : Starting a blocking GC Explicit
08-05 23:23:42.308 13697 13710 I art     : Explicit concurrent mark sweep GC freed 63(1136B) AllocSpace objects, 0(0B) LOS objects, 26% free, 43MB/59MB, paused 950us total 32.500ms
08-05 23:23:42.325 13697 13710 I art     : Starting a blocking GC Explicit
08-05 23:23:42.357 13697 13710 I art     : Explicit concurrent mark sweep GC freed 131(2192B) AllocSpace objects, 0(0B) LOS objects, 26% free, 43MB/59MB, paused 881us total 31.831ms
08-05 23:23:42.680 13697 14405 I NAPPA_EXPERIMENTATION: MetricNetworkRequestExecutionTime: REQUEST_DURATION_SYSTEM='712',REQUEST_DURATION_OKHTTP='38',REQUEST_SYNCHRONOUS='FALSE',RESPONSE_CODE='200',RESPONSE_METHOD='GET',RESPONSE_LENGTH_OKHTTP='183',RESPONSE_LENGTH_HEADER='183',REQUEST_PROTOCOL='http/1.1',REQUEST_URL='https://project-travel-mate.herokuapp.com/api/get-city-images/1',
08-05 23:23:42.710 13697 13757 I art     : Starting a blocking GC Explicit
08-05 23:23:42.719 13697 14405 V RESPONSE: [{"id":17,"image_url":"https://upload.wikimedia.org/wikipedia/commons/9/94/%E0%B4%96%E0%B5%81%E0%B4%A4%E0%B5%8D%E0%B4%AC%E0%B5%8D_%E0%B4%AE%E0%B4%BF%E0%B4%A8%E0%B4%BE%E0%B5%BC1.jpg"}]
08-05 23:23:42.745 13697 13757 I art     : Explicit concurrent mark sweep GC freed 4843(239KB) AllocSpace objects, 5(240KB) LOS objects, 26% free, 43MB/59MB, paused 948us total 34.680ms
08-05 23:23:42.761 13697 13757 I art     : Starting a blocking GC Explicit
08-05 23:23:42.793 13697 13757 I art     : Explicit concurrent mark sweep GC freed 1176(123KB) AllocSpace objects, 0(0B) LOS objects, 26% free, 43MB/59MB, paused 837us total 32.540ms
08-05 23:23:42.809 13697 13757 I art     : Starting a blocking GC Explicit
08-05 23:23:42.844 13697 13757 I art     : Explicit concurrent mark sweep GC freed 3254(129KB) AllocSpace objects, 0(0B) LOS objects, 26% free, 43MB/59MB, paused 811us total 34.010ms
08-05 23:23:42.860 13697 13757 I art     : Starting a blocking GC Explicit
08-05 23:23:42.897 13697 13757 I art     : Explicit concurrent mark sweep GC freed 385(12KB) AllocSpace objects, 1(4MB) LOS objects, 28% free, 39MB/55MB, paused 677us total 36.820ms
08-05 23:23:42.913 13697 13757 I art     : Starting a blocking GC Explicit
08-05 23:23:42.949 13697 13757 I art     : Explicit concurrent mark sweep GC freed 233(4KB) AllocSpace objects, 0(0B) LOS objects, 28% free, 39MB/55MB, paused 715us total 35.816ms
08-05 23:23:43.352 13697 13710 I art     : Starting a blocking GC Explicit
08-05 23:23:43.395 13697 13710 I art     : Explicit concurrent mark sweep GC freed 3398(115KB) AllocSpace objects, 2(40KB) LOS objects, 28% free, 39MB/55MB, paused 726us total 41.803ms
08-05 23:23:43.415 13697 13710 I art     : Starting a blocking GC Explicit
