08-06 18:24:26.914 11409 11470 I art     : Starting a blocking GC Explicit
08-06 18:24:26.985 11409 11470 I art     : Explicit concurrent mark sweep GC freed 3(96B) AllocSpace objects, 0(0B) LOS objects, 7% free, 185MB/201MB, paused 2.049ms total 70.477ms
08-06 18:24:27.012 11409 11470 I art     : Starting a blocking GC Explicit
08-06 18:24:27.029 13599 13599 D AndroidRuntime: >>>>>> START com.android.internal.os.RuntimeInit uid 2000 <<<<<<
08-06 18:24:27.036 13599 13599 D AndroidRuntime: CheckJNI is OFF
08-06 18:24:27.082 11409 11470 I art     : Explicit concurrent mark sweep GC freed 3(96B) AllocSpace objects, 0(0B) LOS objects, 7% free, 185MB/201MB, paused 1.964ms total 69.562ms
08-06 18:24:27.082 11409 11420 I art     : WaitForGcToComplete blocked for 70.086ms for cause HeapTrim
08-06 18:24:27.093 13599 13599 D ICU     : No timezone override file found: /data/misc/zoneinfo/current/icu/icu_tzdata.dat
08-06 18:24:27.109 11409 11470 I art     : Starting a blocking GC Explicit
08-06 18:24:27.140 13599 13599 I Radio-JNI: register_android_hardware_Radio DONE
08-06 18:24:27.173 13599 13599 D AndroidRuntime: Calling main entry com.android.commands.input.Input
08-06 18:24:27.176 13599 13599 I Input   : injectMotionEvent: MotionEvent { action=ACTION_DOWN, actionButton=0, id[0]=0, x[0]=747.0, y[0]=608.0, toolType[0]=TOOL_TYPE_UNKNOWN, buttonState=0, metaState=0, flags=0x0, edgeFlags=0x0, pointerCount=1, historySize=0, eventTime=901483588, downTime=901483588, deviceId=0, source=0x1002 }
08-06 18:24:27.179 11409 11470 I art     : Explicit concurrent mark sweep GC freed 3(96B) AllocSpace objects, 0(0B) LOS objects, 7% free, 185MB/201MB, paused 2.062ms total 69.688ms
08-06 18:24:27.181 13599 13599 I Input   : injectMotionEvent: MotionEvent { action=ACTION_UP, actionButton=0, id[0]=0, x[0]=747.0, y[0]=608.0, toolType[0]=TOOL_TYPE_UNKNOWN, buttonState=0, metaState=0, flags=0x0, edgeFlags=0x0, pointerCount=1, historySize=0, eventTime=901483588, downTime=901483588, deviceId=0, source=0x1002 }
08-06 18:24:27.184 13599 13599 D AndroidRuntime: Shutting down VM
08-06 18:24:27.185   918   928 I ActivityManager: START u0 {cmp=baseline.io.github.project_travel_mate/.utilities.ChecklistActivity} from uid 10696 on display 0
08-06 18:24:27.185   512  2967 D audio_hw_primary: out_set_parameters: enter: usecase(1: low-latency-playback) kvpairs: routing=2
08-06 18:24:27.199   512  2967 D audio_hw_primary: select_devices: out_snd_device(2: speaker) in_snd_device(0: none)
08-06 18:24:27.199   512  2967 D msm8974_platform: platform_send_audio_calibration: sending audio calibration for snd_device(2) acdb_id(15)
08-06 18:24:27.199   512  2967 I soundtrigger: audio_extn_sound_trigger_update_device_status: device 0x2 of type 0 for Event 1
08-06 18:24:27.205  8071  8071 I ServiceManager: Waiting for service AtCmdFwd...
08-06 18:24:27.215   512  2967 D audio_hw_primary: enable_snd_device: snd_device(2: speaker)
08-06 18:24:27.219   512  2967 D audio_hw_primary: enable_audio_route: apply and update mixer path: low-latency-playback speaker
08-06 18:24:27.311   918   936 I ActivityManager: Displayed baseline.io.github.project_travel_mate/.utilities.ChecklistActivity: +116ms
08-06 18:24:27.311 13866 13866 I GoogleInputMethodServic: GoogleInputMethodService.onFinishInput():3138 
08-06 18:24:27.316 13866 13866 I GoogleInputMethodServic: GoogleInputMethodService.onStartInput():1808 
08-06 18:24:27.560   380   380 W SurfaceFlinger: couldn't log to binary event log: overflow.
08-06 18:24:27.693 11409 11470 I art     : Starting a blocking GC Explicit
08-06 18:24:27.769   512  2967 D audio_hw_primary: disable_audio_route: reset and update mixer path: low-latency-playback speaker
08-06 18:24:27.770 11409 11470 I art     : Explicit concurrent mark sweep GC freed 2549(148KB) AllocSpace objects, 2(48KB) LOS objects, 7% free, 185MB/201MB, paused 2.287ms total 76.357ms
08-06 18:24:27.773   512  2967 D audio_hw_primary: disable_snd_device: snd_device(2: speaker)
08-06 18:24:27.781   512  2967 I soundtrigger: audio_extn_sound_trigger_update_device_status: device 0x2 of type 0 for Event 0
08-06 18:24:27.799 11409 11470 I art     : Starting a blocking GC Explicit
08-06 18:24:27.874 11409 11470 I art     : Explicit concurrent mark sweep GC freed 388(16KB) AllocSpace objects, 0(0B) LOS objects, 7% free, 185MB/201MB, paused 2.048ms total 74.390ms
08-06 18:24:27.902 11409 11470 I art     : Starting a blocking GC Explicit
08-06 18:24:27.985 11409 11470 I art     : Explicit concurrent mark sweep GC freed 9(416B) AllocSpace objects, 0(0B) LOS objects, 7% free, 185MB/201MB, paused 2.333ms total 82.468ms
08-06 18:24:28.018 11409 11470 I art     : Starting a blocking GC Explicit
08-06 18:24:28.097 11409 11470 I art     : Explicit concurrent mark sweep GC freed 3(96B) AllocSpace objects, 0(0B) LOS objects, 7% free, 185MB/201MB, paused 2.286ms total 79.214ms
08-06 18:24:28.130 11409 11470 I art     : Starting a blocking GC Explicit
08-06 18:24:28.206  8071  8071 I ServiceManager: Waiting for service AtCmdFwd...
08-06 18:24:28.218 11409 11470 I art     : Explicit concurrent mark sweep GC freed 3(96B) AllocSpace objects, 0(0B) LOS objects, 7% free, 185MB/201MB, paused 2.352ms total 87.840ms
08-06 18:24:28.717 11409 11421 I art     : Starting a blocking GC Explicit
08-06 18:24:28.811 11409 11421 I art     : Explicit concurrent mark sweep GC freed 1598(92KB) AllocSpace objects, 2(48KB) LOS objects, 7% free, 185MB/201MB, paused 2.519ms total 93.158ms
08-06 18:24:28.841 11409 11421 I art     : Starting a blocking GC Explicit
08-06 18:24:28.917 11409 11421 I art     : Explicit concurrent mark sweep GC freed 75(2560B) AllocSpace objects, 0(0B) LOS objects, 7% free, 185MB/201MB, paused 1.983ms total 75.355ms
08-06 18:24:28.950 11409 11421 I art     : Starting a blocking GC Explicit
08-06 18:24:29.032 11409 11421 I art     : Explicit concurrent mark sweep GC freed 3(96B) AllocSpace objects, 0(0B) LOS objects, 7% free, 185MB/201MB, paused 2.461ms total 81.859ms
08-06 18:24:29.065 11409 11421 I art     : Starting a blocking GC Explicit
08-06 18:24:29.144 11409 11421 I art     : Explicit concurrent mark sweep GC freed 3(96B) AllocSpace objects, 0(0B) LOS objects, 7% free, 185MB/201MB, paused 2.435ms total 78.596ms
08-06 18:24:29.176 11409 11421 I art     : Starting a blocking GC Explicit
08-06 18:24:29.206  8071  8071 I ServiceManager: Waiting for service AtCmdFwd...
08-06 18:24:29.258 11409 11421 I art     : Explicit concurrent mark sweep GC freed 3(96B) AllocSpace objects, 0(0B) LOS objects, 7% free, 185MB/201MB, paused 2.271ms total 81.433ms
08-06 18:24:29.757 11409 11471 I art     : Starting a blocking GC Explicit
08-06 18:24:29.839 11409 11471 I art     : Explicit concurrent mark sweep GC freed 1586(92KB) AllocSpace objects, 2(48KB) LOS objects, 7% free, 185MB/201MB, paused 2.189ms total 81.174ms
08-06 18:24:29.868 11409 11471 I art     : Starting a blocking GC Explicit
08-06 18:24:29.941 11409 11471 I art     : Explicit concurrent mark sweep GC freed 65(2016B) AllocSpace objects, 0(0B) LOS objects, 7% free, 185MB/201MB, paused 1.914ms total 72.111ms
08-06 18:24:29.967 11409 11471 I art     : Starting a blocking GC Explicit
08-06 18:24:30.039 11409 11471 I art     : Explicit concurrent mark sweep GC freed 3(96B) AllocSpace objects, 0(0B) LOS objects, 7% free, 185MB/201MB, paused 2.043ms total 71.841ms
08-06 18:24:30.066 11409 11471 I art     : Starting a blocking GC Explicit
08-06 18:24:30.146 11409 11471 I art     : Explicit concurrent mark sweep GC freed 3(96B) AllocSpace objects, 0(0B) LOS objects, 7% free, 185MB/201MB, paused 2.192ms total 79.341ms
08-06 18:24:30.177 11409 11471 I art     : Starting a blocking GC Explicit
08-06 18:24:30.207  8071  8071 I ServiceManager: Waiting for service AtCmdFwd...
08-06 18:24:30.255 11409 11471 I art     : Explicit concurrent mark sweep GC freed 3(96B) AllocSpace objects, 0(0B) LOS objects, 7% free, 185MB/201MB, paused 2.332ms total 77.129ms
08-06 18:24:30.760 11409 11422 I art     : Starting a blocking GC Explicit
08-06 18:24:30.848 11409 11422 I art     : Explicit concurrent mark sweep GC freed 1634(93KB) AllocSpace objects, 2(48KB) LOS objects, 7% free, 185MB/201MB, paused 2.208ms total 86.578ms
08-06 18:24:30.877 11409 11422 I art     : Starting a blocking GC Explicit
08-06 18:24:30.956 11409 11422 I art     : Explicit concurrent mark sweep GC freed 39(1600B) AllocSpace objects, 0(0B) LOS objects, 7% free, 185MB/201MB, paused 2.224ms total 78.299ms
08-06 18:24:30.984 11409 11422 I art     : Starting a blocking GC Explicit
08-06 18:24:31.068 11409 11422 I art     : Explicit concurrent mark sweep GC freed 3(96B) AllocSpace objects, 0(0B) LOS objects, 7% free, 185MB/201MB, paused 2.309ms total 82.937ms
08-06 18:24:31.097 11409 11422 I art     : Starting a blocking GC Explicit
08-06 18:24:31.178 11409 11422 I art     : Explicit concurrent mark sweep GC freed 3(96B) AllocSpace objects, 0(0B) LOS objects, 7% free, 185MB/201MB, paused 2.196ms total 80.380ms
08-06 18:24:31.208  8071  8071 I ServiceManager: Waiting for service AtCmdFwd...
08-06 18:24:31.209 11409 11422 I art     : Starting a blocking GC Explicit
08-06 18:24:31.288 11409 11422 I art     : Explicit concurrent mark sweep GC freed 5(160B) AllocSpace objects, 0(0B) LOS objects, 7% free, 185MB/201MB, paused 2.499ms total 78.191ms
08-06 18:24:31.749 11409 11470 I art     : Starting a blocking GC Explicit
08-06 18:24:31.832 11409 11470 I art     : Explicit concurrent mark sweep GC freed 1607(93KB) AllocSpace objects, 2(48KB) LOS objects, 7% free, 185MB/201MB, paused 2.077ms total 81.933ms
08-06 18:24:31.858 11409 11470 I art     : Starting a blocking GC Explicit
08-06 18:24:31.925 11409 11470 I art     : Explicit concurrent mark sweep GC freed 89(2992B) AllocSpace objects, 0(0B) LOS objects, 7% free, 185MB/201MB, paused 1.882ms total 66.641ms
08-06 18:24:31.951 11409 11470 I art     : Starting a blocking GC Explicit
08-06 18:24:32.020 11409 11470 I art     : Explicit concurrent mark sweep GC freed 3(96B) AllocSpace objects, 0(0B) LOS objects, 7% free, 185MB/201MB, paused 1.945ms total 68.545ms
08-06 18:24:32.046 11409 11470 I art     : Starting a blocking GC Explicit
08-06 18:24:32.092 13666 13666 D AndroidRuntime: >>>>>> START com.android.internal.os.RuntimeInit uid 2000 <<<<<<
08-06 18:24:32.098 13666 13666 D AndroidRuntime: CheckJNI is OFF
08-06 18:24:32.115 11409 11470 I art     : Explicit concurrent mark sweep GC freed 3(96B) AllocSpace objects, 0(0B) LOS objects, 7% free, 185MB/201MB, paused 1.888ms total 68.632ms
08-06 18:24:32.140 11409 11470 I art     : Starting a blocking GC Explicit
08-06 18:24:32.153 13666 13666 D ICU     : No timezone override file found: /data/misc/zoneinfo/current/icu/icu_tzdata.dat
08-06 18:24:32.199 13666 13666 I Radio-JNI: register_android_hardware_Radio DONE
08-06 18:24:32.208  8071  8071 W Atfwd_Sendcmd: AtCmdFwd service not published, waiting... retryCnt : 2
08-06 18:24:32.208 11409 11470 I art     : Explicit concurrent mark sweep GC freed 3(96B) AllocSpace objects, 0(0B) LOS objects, 7% free, 185MB/201MB, paused 2.115ms total 68.026ms
08-06 18:24:32.209 11409 11420 I art     : WaitForGcToComplete blocked for 28.762ms for cause HeapTrim
08-06 18:24:32.231 13666 13666 D AndroidRuntime: Calling main entry com.android.commands.input.Input
08-06 18:24:32.233 13666 13666 I Input   : injectKeyEvent: KeyEvent { action=ACTION_DOWN, keyCode=KEYCODE_BACK, scanCode=0, metaState=0, flags=0x0, repeatCount=0, eventTime=901488646, downTime=901488646, deviceId=-1, source=0x101 }
08-06 18:24:32.241 13666 13666 I Input   : injectKeyEvent: KeyEvent { action=ACTION_UP, keyCode=KEYCODE_BACK, scanCode=0, metaState=0, flags=0x0, repeatCount=0, eventTime=901488646, downTime=901488646, deviceId=-1, source=0x101 }
08-06 18:24:32.248 13666 13666 D AndroidRuntime: Shutting down VM
08-06 18:24:32.261 11409 11409 V MainActivity: url = https://project-travel-mate.herokuapp.com/api/number-of-unread-notifications
08-06 18:24:32.296 13866 13866 I GoogleInputMethodServic: GoogleInputMethodService.onFinishInput():3138 
08-06 18:24:32.297 13866 13866 I GoogleInputMethodServic: GoogleInputMethodService.onStartInput():1808 
08-06 18:24:32.611   380   380 W SurfaceFlinger: couldn't log to binary event log: overflow.
08-06 18:24:32.670 11409 11470 I art     : Starting a blocking GC Explicit
08-06 18:24:32.743 11409 11470 I art     : Explicit concurrent mark sweep GC freed 2515(134KB) AllocSpace objects, 2(48KB) LOS objects, 7% free, 185MB/201MB, paused 2.245ms total 72.736ms
08-06 18:24:32.773 11409 11470 I art     : Starting a blocking GC Explicit
08-06 18:24:32.846 11409 11470 I art     : Explicit concurrent mark sweep GC freed 244(10KB) AllocSpace objects, 0(0B) LOS objects, 7% free, 185MB/201MB, paused 1.992ms total 72.102ms
08-06 18:24:32.877 11409 11470 I art     : Starting a blocking GC Explicit
08-06 18:24:32.956 11409 11470 I art     : Explicit concurrent mark sweep GC freed 4(128B) AllocSpace objects, 0(0B) LOS objects, 7% free, 185MB/201MB, paused 2.343ms total 79.161ms
08-06 18:24:32.988 11409 11470 I art     : Starting a blocking GC Explicit
08-06 18:24:33.064 11409 11470 I art     : Explicit concurrent mark sweep GC freed 2568(131KB) AllocSpace objects, 3(200KB) LOS objects, 7% free, 185MB/201MB, paused 2.565ms total 75.724ms
08-06 18:24:33.076 11409 13689 I NAPPA_EXPERIMENTATION: MetricNetworkRequestExecutionTime: REQUEST_DURATION_SYSTEM='812',REQUEST_DURATION_OKHTTP='33',REQUEST_SYNCHRONOUS='FALSE',RESPONSE_CODE='200',RESPONSE_METHOD='GET',RESPONSE_LENGTH_OKHTTP='36',RESPONSE_LENGTH_HEADER='36',REQUEST_PROTOCOL='http/1.1',REQUEST_URL='https://project-travel-mate.herokuapp.com/api/number-of-unread-notifications',
08-06 18:24:33.090 11409 11470 I art     : Starting a blocking GC Explicit
08-06 18:24:33.167 11409 11470 I art     : Explicit concurrent mark sweep GC freed 1075(127KB) AllocSpace objects, 0(0B) LOS objects, 7% free, 185MB/201MB, paused 2.287ms total 76.132ms
08-06 18:24:33.624 11409 11421 I art     : Starting a blocking GC Explicit
08-06 18:24:33.703 11409 11421 I art     : Explicit concurrent mark sweep GC freed 1694(97KB) AllocSpace objects, 2(48KB) LOS objects, 7% free, 185MB/201MB, paused 2.002ms total 78.025ms
08-06 18:24:33.729 11409 11421 I art     : Starting a blocking GC Explicit
08-06 18:24:33.800 11409 11421 I art     : Explicit concurrent mark sweep GC freed 39(1600B) AllocSpace objects, 0(0B) LOS objects, 7% free, 185MB/201MB, paused 2.348ms total 70.328ms
08-06 18:24:33.826 11409 11421 I art     : Starting a blocking GC Explicit
08-06 18:24:33.898 11409 11421 I art     : Explicit concurrent mark sweep GC freed 41(1120B) AllocSpace objects, 0(0B) LOS objects, 7% free, 185MB/201MB, paused 2.935ms total 71.656ms
08-06 18:24:33.938 11409 11421 I art     : Starting a blocking GC Explicit
08-06 18:24:34.018 11409 11421 I art     : Explicit concurrent mark sweep GC freed 17(544B) AllocSpace objects, 0(0B) LOS objects, 7% free, 185MB/201MB, paused 2.331ms total 79.429ms
08-06 18:24:34.047 11409 11421 I art     : Starting a blocking GC Explicit
08-06 18:24:34.120 11409 11421 I art     : Explicit concurrent mark sweep GC freed 17(544B) AllocSpace objects, 0(0B) LOS objects, 7% free, 185MB/201MB, paused 2.279ms total 72.421ms
08-06 18:24:34.163 13712 13712 D AndroidRuntime: >>>>>> START com.android.internal.os.RuntimeInit uid 2000 <<<<<<
08-06 18:24:34.169 13712 13712 D AndroidRuntime: CheckJNI is OFF
08-06 18:24:34.220 13712 13712 D ICU     : No timezone override file found: /data/misc/zoneinfo/current/icu/icu_tzdata.dat
08-06 18:24:34.265 13712 13712 I Radio-JNI: register_android_hardware_Radio DONE
08-06 18:24:34.301 13712 13712 D AndroidRuntime: Calling main entry com.android.commands.input.Input
08-06 18:24:34.303 13712 13712 I Input   : injectMotionEvent: MotionEvent { action=ACTION_DOWN, actionButton=0, id[0]=0, x[0]=657.0, y[0]=2037.0, toolType[0]=TOOL_TYPE_UNKNOWN, buttonState=0, metaState=0, flags=0x0, edgeFlags=0x0, pointerCount=1, historySize=0, eventTime=901490716, downTime=901490716, deviceId=0, source=0x1002 }
08-06 18:24:34.309 13712 13712 I Input   : injectMotionEvent: MotionEvent { action=ACTION_UP, actionButton=0, id[0]=0, x[0]=657.0, y[0]=2037.0, toolType[0]=TOOL_TYPE_UNKNOWN, buttonState=0, metaState=0, flags=0x0, edgeFlags=0x0, pointerCount=1, historySize=0, eventTime=901490716, downTime=901490716, deviceId=0, source=0x1002 }
08-06 18:24:34.311 13712 13712 D AndroidRuntime: Shutting down VM
08-06 18:24:34.312   918  6110 I ActivityManager: START u0 {cmp=baseline.io.github.project_travel_mate/.utilities.CompassActivity} from uid 10696 on display 0
08-06 18:24:34.317   512  2967 D audio_hw_primary: out_set_parameters: enter: usecase(1: low-latency-playback) kvpairs: routing=2
08-06 18:24:34.330   512  2967 D audio_hw_primary: select_devices: out_snd_device(2: speaker) in_snd_device(0: none)
08-06 18:24:34.330   512  2967 D msm8974_platform: platform_send_audio_calibration: sending audio calibration for snd_device(2) acdb_id(15)
08-06 18:24:34.330   512  2967 I soundtrigger: audio_extn_sound_trigger_update_device_status: device 0x2 of type 0 for Event 1
08-06 18:24:34.343   512  2967 D audio_hw_primary: enable_snd_device: snd_device(2: speaker)
08-06 18:24:34.345   512  2967 D audio_hw_primary: enable_audio_route: apply and update mixer path: low-latency-playback speaker
08-06 18:24:34.590 11409 11471 I art     : Starting a blocking GC Explicit
08-06 18:24:34.663 11409 11471 I art     : Explicit concurrent mark sweep GC freed 67(3KB) AllocSpace objects, 0(0B) LOS objects, 6% free, 234MB/250MB, paused 2.341ms total 72.189ms
08-06 18:24:34.689 11409 11471 I art     : Starting a blocking GC Explicit
08-06 18:24:34.760 11409 11471 I art     : Explicit concurrent mark sweep GC freed 3(96B) AllocSpace objects, 0(0B) LOS objects, 6% free, 234MB/250MB, paused 2.408ms total 70.621ms
08-06 18:24:34.786 11409 11471 I art     : Starting a blocking GC Explicit
08-06 18:24:34.854 11409 11471 I art     : Explicit concurrent mark sweep GC freed 39(1056B) AllocSpace objects, 0(0B) LOS objects, 6% free, 234MB/250MB, paused 2.100ms total 67.661ms
08-06 18:24:34.879 11409 11471 I art     : Starting a blocking GC Explicit
08-06 18:24:34.889   512  2967 D audio_hw_primary: disable_audio_route: reset and update mixer path: low-latency-playback speaker
08-06 18:24:34.890   512  2967 D audio_hw_primary: disable_snd_device: snd_device(2: speaker)
08-06 18:24:34.898   512  2967 I soundtrigger: audio_extn_sound_trigger_update_device_status: device 0x2 of type 0 for Event 0
08-06 18:24:34.898 11409 11409 D CompassActivity: start compass
08-06 18:24:34.900   918  4400 I sensors : batch
08-06 18:24:34.901   918  4400 I sensors : activate
08-06 18:24:34.902   918   928 I sensors : batch
08-06 18:24:34.902   918   928 I sensors : activate
08-06 18:24:34.908   918  3188 I hubconnection: sensorhub said: 'batch 1 flags:0, sampling_rate_Hz:50.00, max_report_latency_us:0'
08-06 18:24:34.909   918  3188 I hubconnection: sensorhub said: 'activate 1 enable:1'
08-06 18:24:34.910   918  3188 I hubconnection: sensorhub said: 'batch 3 flags:0, sampling_rate_Hz:50.00, max_report_latency_us:0'
08-06 18:24:34.911   918  3188 I hubconnection: sensorhub said: 'activate 3 enable:1'
08-06 18:24:34.950 11409 11471 I art     : Explicit concurrent mark sweep GC freed 144(6KB) AllocSpace objects, 0(0B) LOS objects, 6% free, 237MB/253MB, paused 3.118ms total 70.639ms
08-06 18:24:34.961 13866 13866 I GoogleInputMethodServic: GoogleInputMethodService.onFinishInput():3138 
08-06 18:24:34.962 13866 13866 I GoogleInputMethodServic: GoogleInputMethodService.onStartInput():1808 
08-06 18:24:34.980 11409 11471 I art     : Starting a blocking GC Explicit
08-06 18:24:35.045 11409 11471 I art     : Explicit concurrent mark sweep GC freed 117(4KB) AllocSpace objects, 0(0B) LOS objects, 6% free, 238MB/254MB, paused 1.813ms total 64.360ms
08-06 18:24:35.079 11409 11409 D CompassActivity: will set rotation from 0.0 to 182.90059
08-06 18:24:35.080 11409 11409 D CompassActivity: will set rotation from 182.90059 to 182.03725
08-06 18:24:35.080 11409 11409 D CompassActivity: will set rotation from 182.03725 to 182.03246
08-06 18:24:35.086   918   936 I ActivityManager: Displayed baseline.io.github.project_travel_mate/.utilities.CompassActivity: +757ms
08-06 18:24:35.173 11409 11409 D CompassActivity: will set rotation from 182.03246 to 182.50752
08-06 18:24:35.173 11409 11409 D CompassActivity: will set rotation from 182.50752 to 182.50464
08-06 18:24:35.173 11409 11409 D CompassActivity: will set rotation from 182.50464 to 182.29945
08-06 18:24:35.174 11409 11409 D CompassActivity: will set rotation from 182.29945 to 182.29622
08-06 18:24:35.174 11409 11409 D CompassActivity: will set rotation from 182.29622 to 182.18712
08-06 18:24:35.174 11409 11409 D CompassActivity: will set rotation from 182.18712 to 182.18407
08-06 18:24:35.174 11409 11409 D CompassActivity: will set rotation from 182.18407 to 182.31007
08-06 18:24:35.174 11409 11409 D CompassActivity: will set rotation from 182.31007 to 182.31018
08-06 18:24:35.174 11409 11409 D CompassActivity: will set rotation from 182.31018 to 182.21158
08-06 18:24:35.174 11409 11409 D CompassActivity: will set rotation from 182.21158 to 182.21048
08-06 18:24:35.266 11409 11409 D CompassActivity: will set rotation from 182.21048 to 182.21977
08-06 18:24:35.266 11409 11409 D CompassActivity: will set rotation from 182.21977 to 182.21786
08-06 18:24:35.266 11409 11409 D CompassActivity: will set rotation from 182.21786 to 182.2904
08-06 18:24:35.267 11409 11409 D CompassActivity: will set rotation from 182.2904 to 182.29218
08-06 18:24:35.267 11409 11409 D CompassActivity: will set rotation from 182.29218 to 182.29085
08-06 18:24:35.267 11409 11409 D CompassActivity: will set rotation from 182.29085 to 182.29263
08-06 18:24:35.267 11409 11409 D CompassActivity: will set rotation from 182.29263 to 182.2844
08-06 18:24:35.267 11409 11409 D CompassActivity: will set rotation from 182.2844 to 182.28094
08-06 18:24:35.267 11409 11409 D CompassActivity: will set rotation from 182.28094 to 182.28563
08-06 18:24:35.267 11409 11409 D CompassActivity: will set rotation from 182.28563 to 182.28711
08-06 18:24:35.288 11409 11409 D CompassActivity: will set rotation from 182.28711 to 182.33682
08-06 18:24:35.288 11409 11409 D CompassActivity: will set rotation from 182.33682 to 182.33946
08-06 18:24:35.305 11409 11409 D CompassActivity: will set rotation from 182.33946 to 182.3883
08-06 18:24:35.305 11409 11409 D CompassActivity: will set rotation from 182.3883 to 182.38779
08-06 18:24:35.322 11409 11409 D CompassActivity: will set rotation from 182.38779 to 182.33601
08-06 18:24:35.322 11409 11409 D CompassActivity: will set rotation from 182.33601 to 182.3353
08-06 18:24:35.331   380   380 W SurfaceFlinger: couldn't log to binary event log: overflow.
08-06 18:24:35.345 11409 11409 D CompassActivity: will set rotation from 182.3353 to 182.3311
08-06 18:24:35.345 11409 11409 D CompassActivity: will set rotation from 182.3311 to 182.3338
08-06 18:24:35.361 11409 11409 D CompassActivity: will set rotation from 182.3338 to 182.37633
08-06 18:24:35.361 11409 11409 D CompassActivity: will set rotation from 182.37633 to 182.37758
08-06 18:24:35.381 11409 11409 D CompassActivity: will set rotation from 182.37758 to 182.37341
08-06 18:24:35.381 11409 11409 D CompassActivity: will set rotation from 182.37341 to 182.37404
08-06 18:24:35.401 11409 11409 D CompassActivity: will set rotation from 182.37404 to 182.2978
08-06 18:24:35.401 11409 11409 D CompassActivity: will set rotation from 182.2978 to 182.29532
08-06 18:24:35.421 11409 11409 D CompassActivity: will set rotation from 182.29532 to 182.12207
08-06 18:24:35.421 11409 11409 D CompassActivity: will set rotation from 182.12207 to 182.1209
08-06 18:24:35.442 11409 11409 D CompassActivity: will set rotation from 182.1209 to 182.1343
08-06 18:24:35.443 11409 11409 D CompassActivity: will set rotation from 182.1343 to 182.13039
08-06 18:24:35.461 11409 11409 D CompassActivity: will set rotation from 182.13039 to 182.10934
08-06 18:24:35.461 11409 11409 D CompassActivity: will set rotation from 182.10934 to 182.11064
08-06 18:24:35.525 11409 11422 I art     : Starting a blocking GC Explicit
08-06 18:24:35.552 11409 11409 D CompassActivity: will set rotation from 182.11064 to 182.03252
08-06 18:24:35.552 11409 11409 D CompassActivity: will set rotation from 182.03252 to 182.03317
08-06 18:24:35.552 11409 11409 D CompassActivity: will set rotation from 182.03317 to 181.87122
08-06 18:24:35.552 11409 11409 D CompassActivity: will set rotation from 181.87122 to 181.87196
08-06 18:24:35.552 11409 11409 D CompassActivity: will set rotation from 181.87196 to 181.86948
08-06 18:24:35.553 11409 11409 D CompassActivity: will set rotation from 181.86948 to 181.87111
08-06 18:24:35.553 11409 11409 D CompassActivity: will set rotation from 181.87111 to 181.89534
08-06 18:24:35.553 11409 11409 D CompassActivity: will set rotation from 181.89534 to 181.89648
08-06 18:24:35.561 11409 11409 D CompassActivity: will set rotation from 181.89648 to 181.94318
08-06 18:24:35.561 11409 11409 D CompassActivity: will set rotation from 181.94318 to 181.94366
08-06 18:24:35.582 11409 11409 D CompassActivity: will set rotation from 181.94366 to 181.9581
08-06 18:24:35.582 11409 11409 D CompassActivity: will set rotation from 181.9581 to 181.957
08-06 18:24:35.588 11409 11422 I art     : Explicit concurrent mark sweep GC freed 2080(124KB) AllocSpace objects, 2(48KB) LOS objects, 6% free, 238MB/254MB, paused 1.726ms total 61.790ms
08-06 18:24:35.600 11409 11409 D CompassActivity: will set rotation from 181.957 to 182.00226
08-06 18:24:35.600 11409 11409 D CompassActivity: will set rotation from 182.00226 to 181.99875
08-06 18:24:35.612 11409 11422 I art     : Starting a blocking GC Explicit
08-06 18:24:35.620 11409 11409 D CompassActivity: will set rotation from 181.99875 to 181.98953
08-06 18:24:35.620 11409 11409 D CompassActivity: will set rotation from 181.98953 to 181.98978
08-06 18:24:35.640 11409 11409 D CompassActivity: will set rotation from 181.98978 to 182.00458
08-06 18:24:35.640 11409 11409 D CompassActivity: will set rotation from 182.00458 to 182.00456
08-06 18:24:35.660 11409 11409 D CompassActivity: will set rotation from 182.00456 to 182.02248
08-06 18:24:35.661 11409 11409 D CompassActivity: will set rotation from 182.02248 to 182.02255
08-06 18:24:35.681 11409 11422 I art     : Explicit concurrent mark sweep GC freed 824(33KB) AllocSpace objects, 0(0B) LOS objects, 6% free, 238MB/254MB, paused 2.669ms total 69.221ms
08-06 18:24:35.686 11409 11409 D CompassActivity: will set rotation from 182.02255 to 182.00977
08-06 18:24:35.686 11409 11409 D CompassActivity: will set rotation from 182.00977 to 182.00748
08-06 18:24:35.702 11409 11409 D CompassActivity: will set rotation from 182.00748 to 182.04466
08-06 18:24:35.703 11409 11409 D CompassActivity: will set rotation from 182.04466 to 182.04439
08-06 18:24:35.714 11409 11422 I art     : Starting a blocking GC Explicit
08-06 18:24:35.721 11409 11409 D CompassActivity: will set rotation from 182.04439 to 182.1069
08-06 18:24:35.721 11409 11409 D CompassActivity: will set rotation from 182.1069 to 182.1101
08-06 18:24:35.740 11409 11409 D CompassActivity: will set rotation from 182.1101 to 182.1213
08-06 18:24:35.741 11409 11409 D CompassActivity: will set rotation from 182.1213 to 182.1203
08-06 18:24:35.760 11409 11409 D CompassActivity: will set rotation from 182.1203 to 182.13228
08-06 18:24:35.760 11409 11409 D CompassActivity: will set rotation from 182.13228 to 182.13148
08-06 18:24:35.780 11409 11409 D CompassActivity: will set rotation from 182.13148 to 182.13795
08-06 18:24:35.781 11409 11409 D CompassActivity: will set rotation from 182.13795 to 182.13942
08-06 18:24:35.804 11409 11422 I art     : Explicit concurrent mark sweep GC freed 203(10KB) AllocSpace objects, 0(0B) LOS objects, 6% free, 238MB/254MB, paused 3.197ms total 89.899ms
08-06 18:24:35.807 11409 11409 D CompassActivity: will set rotation from 182.13942 to 182.14641
08-06 18:24:35.808 11409 11409 D CompassActivity: will set rotation from 182.14641 to 182.14685
08-06 18:24:35.822 11409 11409 D CompassActivity: will set rotation from 182.14685 to 182.15222
08-06 18:24:35.822 11409 11409 D CompassActivity: will set rotation from 182.15222 to 182.15309
08-06 18:24:35.837 11409 11422 I art     : Starting a blocking GC Explicit
08-06 18:24:35.840 11409 11409 D CompassActivity: will set rotation from 182.15309 to 182.16022
08-06 18:24:35.841 11409 11409 D CompassActivity: will set rotation from 182.16022 to 182.16028
08-06 18:24:35.859 11409 11409 D CompassActivity: will set rotation from 182.16028 to 182.14754
08-06 18:24:35.860 11409 11409 D CompassActivity: will set rotation from 182.14754 to 182.14833
08-06 18:24:35.880 11409 11409 D CompassActivity: will set rotation from 182.14833 to 182.13144
08-06 18:24:35.881 11409 11409 D CompassActivity: will set rotation from 182.13144 to 182.13219
08-06 18:24:35.900 11409 11409 D CompassActivity: will set rotation from 182.13219 to 182.09883
08-06 18:24:35.901 11409 11409 D CompassActivity: will set rotation from 182.09883 to 182.10033
08-06 18:24:35.920 11409 11409 D CompassActivity: will set rotation from 182.10033 to 182.13249
08-06 18:24:35.921 11409 11409 D CompassActivity: will set rotation from 182.13249 to 182.13057
08-06 18:24:35.928 11409 11422 I art     : Explicit concurrent mark sweep GC freed 312(14KB) AllocSpace objects, 0(0B) LOS objects, 6% free, 238MB/254MB, paused 2.422ms total 90.196ms
08-06 18:24:35.939 11409 11409 D CompassActivity: will set rotation from 182.13057 to 182.14099
08-06 18:24:35.940 11409 11409 D CompassActivity: will set rotation from 182.14099 to 182.14024
08-06 18:24:35.959 11409 11409 D CompassActivity: will set rotation from 182.14024 to 182.12788
08-06 18:24:35.960 11409 11409 D CompassActivity: will set rotation from 182.12788 to 182.1272
08-06 18:24:35.962 11409 11422 I art     : Starting a blocking GC Explicit
08-06 18:24:35.979 11409 11409 D CompassActivity: will set rotation from 182.1272 to 182.198
08-06 18:24:35.980 11409 11409 D CompassActivity: will set rotation from 182.198 to 182.19917
08-06 18:24:36.003 11409 11409 D CompassActivity: will set rotation from 182.19917 to 182.18211
08-06 18:24:36.004 11409 11409 D CompassActivity: will set rotation from 182.18211 to 182.18204
08-06 18:24:36.022 11409 11409 D CompassActivity: will set rotation from 182.18204 to 182.20734
08-06 18:24:36.022 11409 11409 D CompassActivity: will set rotation from 182.20734 to 182.20767
08-06 18:24:36.039 11409 11409 D CompassActivity: will set rotation from 182.20767 to 182.23239
08-06 18:24:36.039 11409 11409 D CompassActivity: will set rotation from 182.23239 to 182.23207
08-06 18:24:36.053 11409 11422 I art     : Explicit concurrent mark sweep GC freed 290(13KB) AllocSpace objects, 0(0B) LOS objects, 6% free, 238MB/254MB, paused 3.173ms total 91.296ms
08-06 18:24:36.059 11409 11409 D CompassActivity: will set rotation from 182.23207 to 182.23598
08-06 18:24:36.060 11409 11409 D CompassActivity: will set rotation from 182.23598 to 182.23444
08-06 18:24:36.079 11409 11409 D CompassActivity: will set rotation from 182.23444 to 182.21497
08-06 18:24:36.079 11409 11409 D CompassActivity: will set rotation from 182.21497 to 182.21538
08-06 18:24:36.102 11409 11409 D CompassActivity: will set rotation from 182.21538 to 182.15933
08-06 18:24:36.102 11409 11409 D CompassActivity: will set rotation from 182.15933 to 182.16165
08-06 18:24:36.119 11409 11409 D CompassActivity: will set rotation from 182.16165 to 182.1657
08-06 18:24:36.120 11409 11409 D CompassActivity: will set rotation from 182.1657 to 182.16753
08-06 18:24:36.139 11409 11409 D CompassActivity: will set rotation from 182.16753 to 182.15157
08-06 18:24:36.139 11409 11409 D CompassActivity: will set rotation from 182.15157 to 182.14853
08-06 18:24:36.158 11409 11409 D CompassActivity: will set rotation from 182.14853 to 182.17426
08-06 18:24:36.158 11409 11409 D CompassActivity: will set rotation from 182.17426 to 182.17427
08-06 18:24:36.178 11409 11409 D CompassActivity: will set rotation from 182.17427 to 182.18288
08-06 18:24:36.178 11409 11409 D CompassActivity: will set rotation from 182.18288 to 182.18275
08-06 18:24:36.198 11409 11409 D CompassActivity: will set rotation from 182.18275 to 182.09456
08-06 18:24:36.199 11409 11409 D CompassActivity: will set rotation from 182.09456 to 182.09506
08-06 18:24:36.220 11409 11409 D CompassActivity: will set rotation from 182.09506 to 182.10669
08-06 18:24:36.220 11409 11409 D CompassActivity: will set rotation from 182.10669 to 182.10452
08-06 18:24:36.238 11409 11409 D CompassActivity: will set rotation from 182.10452 to 182.11008
08-06 18:24:36.238 11409 11409 D CompassActivity: will set rotation from 182.11008 to 182.10936
08-06 18:24:36.258 11409 11409 D CompassActivity: will set rotation from 182.10936 to 182.13855
08-06 18:24:36.258 11409 11409 D CompassActivity: will set rotation from 182.13855 to 182.13829
08-06 18:24:36.278 11409 11409 D CompassActivity: will set rotation from 182.13829 to 182.12538
08-06 18:24:36.279 11409 11409 D CompassActivity: will set rotation from 182.12538 to 182.1266
08-06 18:24:36.298 11409 11409 D CompassActivity: will set rotation from 182.1266 to 182.13174
08-06 18:24:36.299 11409 11409 D CompassActivity: will set rotation from 182.13174 to 182.1333
08-06 18:24:36.322 11409 11409 D CompassActivity: will set rotation from 182.1333 to 182.13977
08-06 18:24:36.323 11409 11409 D CompassActivity: will set rotation from 182.13977 to 182.13876
08-06 18:24:36.338 11409 11409 D CompassActivity: will set rotation from 182.13876 to 182.16443
08-06 18:24:36.338 11409 11409 D CompassActivity: will set rotation from 182.16443 to 182.165
08-06 18:24:36.357 11409 11409 D CompassActivity: will set rotation from 182.165 to 182.16917
08-06 18:24:36.358 11409 11409 D CompassActivity: will set rotation from 182.16917 to 182.16983
08-06 18:24:36.378 11409 11409 D CompassActivity: will set rotation from 182.16983 to 182.19473
08-06 18:24:36.378 11409 11409 D CompassActivity: will set rotation from 182.19473 to 182.19391
08-06 18:24:36.397 11409 11409 D CompassActivity: will set rotation from 182.19391 to 182.19788
08-06 18:24:36.398 11409 11409 D CompassActivity: will set rotation from 182.19788 to 182.1981
08-06 18:24:36.419 11409 11409 D CompassActivity: will set rotation from 182.1981 to 182.24284
08-06 18:24:36.419 11409 11409 D CompassActivity: will set rotation from 182.24284 to 182.24376
08-06 18:24:36.438 11409 11409 D CompassActivity: will set rotation from 182.24376 to 182.24484
08-06 18:24:36.438 11409 11409 D CompassActivity: will set rotation from 182.24484 to 182.24338
08-06 18:24:36.457 11409 11409 D CompassActivity: will set rotation from 182.24338 to 182.22685
08-06 18:24:36.457 11409 11409 D CompassActivity: will set rotation from 182.22685 to 182.2272
08-06 18:24:36.477 11409 11409 D CompassActivity: will set rotation from 182.2272 to 182.22906
08-06 18:24:36.477 11409 11409 D CompassActivity: will set rotation from 182.22906 to 182.23041
08-06 18:24:36.497 11409 11409 D CompassActivity: will set rotation from 182.23041 to 182.19832
08-06 18:24:36.497 11409 11409 D CompassActivity: will set rotation from 182.19832 to 182.19922
08-06 18:24:36.520 11409 11409 D CompassActivity: will set rotation from 182.19922 to 182.20139
08-06 18:24:36.521 11409 11409 D CompassActivity: will set rotation from 182.20139 to 182.20178
08-06 18:24:36.540 11409 11409 D CompassActivity: will set rotation from 182.20178 to 182.24353
08-06 18:24:36.540 11409 11409 D CompassActivity: will set rotation from 182.24353 to 182.24448
08-06 18:24:36.557 11409 11409 D CompassActivity: will set rotation from 182.24448 to 182.22708
08-06 18:24:36.558 11409 11409 D CompassActivity: will set rotation from 182.22708 to 182.22725
08-06 18:24:36.577 11409 11409 D CompassActivity: will set rotation from 182.22725 to 182.19745
08-06 18:24:36.577 11409 11409 D CompassActivity: will set rotation from 182.19745 to 182.19691
08-06 18:24:36.587 11409 11471 I art     : Starting a blocking GC Explicit
08-06 18:24:36.597 11409 11409 D CompassActivity: will set rotation from 182.19691 to 182.23598
08-06 18:24:36.597 11409 11409 D CompassActivity: will set rotation from 182.23598 to 182.23593
08-06 18:24:36.622 11409 11409 D CompassActivity: will set rotation from 182.23593 to 182.20474
08-06 18:24:36.623 11409 11409 D CompassActivity: will set rotation from 182.20474 to 182.20364
08-06 18:24:36.640 11409 11409 D CompassActivity: will set rotation from 182.20364 to 182.22447
08-06 18:24:36.640 11409 11409 D CompassActivity: will set rotation from 182.22447 to 182.2243
08-06 18:24:36.658 11409 11409 D CompassActivity: will set rotation from 182.2243 to 182.2413
08-06 18:24:36.658 11409 11409 D CompassActivity: will set rotation from 182.2413 to 182.24036
08-06 18:24:36.676 11409 11409 D CompassActivity: will set rotation from 182.24036 to 182.24336
08-06 18:24:36.676 11409 11409 D CompassActivity: will set rotation from 182.24336 to 182.24324
08-06 18:24:36.679 11409 11471 I art     : Explicit concurrent mark sweep GC freed 2194(130KB) AllocSpace objects, 2(48KB) LOS objects, 6% free, 238MB/254MB, paused 2.138ms total 90.898ms
08-06 18:24:36.696 11409 11409 D CompassActivity: will set rotation from 182.24324 to 182.24692
08-06 18:24:36.697 11409 11409 D CompassActivity: will set rotation from 182.24692 to 182.24617
08-06 18:24:36.717 11409 11471 I art     : Starting a blocking GC Explicit
08-06 18:24:36.722 11409 11409 D CompassActivity: will set rotation from 182.24617 to 182.25099
08-06 18:24:36.723 11409 11409 D CompassActivity: will set rotation from 182.25099 to 182.25168
08-06 18:24:36.740 11409 11409 D CompassActivity: will set rotation from 182.25168 to 182.23627
08-06 18:24:36.741 11409 11409 D CompassActivity: will set rotation from 182.23627 to 182.23787
08-06 18:24:36.758 11409 11409 D CompassActivity: will set rotation from 182.23787 to 182.25722
08-06 18:24:36.758 11409 11409 D CompassActivity: will set rotation from 182.25722 to 182.2568
08-06 18:24:36.776 11409 11409 D CompassActivity: will set rotation from 182.2568 to 182.24396
08-06 18:24:36.777 11409 11409 D CompassActivity: will set rotation from 182.24396 to 182.2429
08-06 18:24:36.795 11409 11409 D CompassActivity: will set rotation from 182.2429 to 182.24806
08-06 18:24:36.796 11409 11409 D CompassActivity: will set rotation from 182.24806 to 182.24832
08-06 18:24:36.815 11409 11471 I art     : Explicit concurrent mark sweep GC freed 1037(42KB) AllocSpace objects, 0(0B) LOS objects, 6% free, 238MB/254MB, paused 2.780ms total 97.653ms
08-06 18:24:36.824 11409 11409 D CompassActivity: will set rotation from 182.24832 to 182.25012
08-06 18:24:36.824 11409 11409 D CompassActivity: will set rotation from 182.25012 to 182.2489
08-06 18:24:36.841 11409 11409 D CompassActivity: will set rotation from 182.2489 to 182.28505
08-06 18:24:36.842 11409 11409 D CompassActivity: will set rotation from 182.28505 to 182.28693
08-06 18:24:36.852 11409 11471 I art     : Starting a blocking GC Explicit
08-06 18:24:36.855 11409 11409 D CompassActivity: will set rotation from 182.28693 to 182.29047
08-06 18:24:36.856 11409 11409 D CompassActivity: will set rotation from 182.29047 to 182.29114
08-06 18:24:36.876 11409 11409 D CompassActivity: will set rotation from 182.29114 to 182.27193
08-06 18:24:36.876 11409 11409 D CompassActivity: will set rotation from 182.27193 to 182.27026
08-06 18:24:36.895 11409 11409 D CompassActivity: will set rotation from 182.27026 to 182.28975
08-06 18:24:36.895 11409 11409 D CompassActivity: will set rotation from 182.28975 to 182.28914
08-06 18:24:36.918 11409 11409 D CompassActivity: will set rotation from 182.28914 to 182.28969
08-06 18:24:36.918 11409 11409 D CompassActivity: will set rotation from 182.28969 to 182.29012
08-06 18:24:36.924 11409 11471 I art     : Explicit concurrent mark sweep GC freed 340(15KB) AllocSpace objects, 0(0B) LOS objects, 6% free, 238MB/254MB, paused 1.818ms total 71.914ms
08-06 18:24:36.937 11409 11409 D CompassActivity: will set rotation from 182.29012 to 182.27188
08-06 18:24:36.938 11409 11409 D CompassActivity: will set rotation from 182.27188 to 182.27185
08-06 18:24:36.954 11409 11471 I art     : Starting a blocking GC Explicit
08-06 18:24:36.957 11409 11409 D CompassActivity: will set rotation from 182.27185 to 182.29117
08-06 18:24:36.958 11409 11409 D CompassActivity: will set rotation from 182.29117 to 182.29112
08-06 18:24:36.974 11409 11409 D CompassActivity: will set rotation from 182.29112 to 182.30891
08-06 18:24:36.975 11409 11409 D CompassActivity: will set rotation from 182.30891 to 182.31082
08-06 18:24:36.994 11409 11409 D CompassActivity: will set rotation from 182.31082 to 182.32732
08-06 18:24:36.995 11409 11409 D CompassActivity: will set rotation from 182.32732 to 182.32825
08-06 18:24:37.015 11409 11409 D CompassActivity: will set rotation from 182.32825 to 182.30939
08-06 18:24:37.018 11409 11409 D CompassActivity: will set rotation from 182.30939 to 182.30896
08-06 18:24:37.035 11409 11471 I art     : Explicit concurrent mark sweep GC freed 249(11KB) AllocSpace objects, 0(0B) LOS objects, 6% free, 238MB/254MB, paused 2.947ms total 80.342ms
08-06 18:24:37.038 11409 11409 D CompassActivity: will set rotation from 182.30896 to 182.29199
08-06 18:24:37.038 11409 11409 D CompassActivity: will set rotation from 182.29199 to 182.29097
08-06 18:24:37.054 11409 11409 D CompassActivity: will set rotation from 182.29097 to 182.30867
08-06 18:24:37.054 11409 11409 D CompassActivity: will set rotation from 182.30867 to 182.3083
08-06 18:24:37.063 11409 11471 I art     : Starting a blocking GC Explicit
08-06 18:24:37.073 11409 11409 D CompassActivity: will set rotation from 182.3083 to 182.32536
08-06 18:24:37.074 11409 11409 D CompassActivity: will set rotation from 182.32536 to 182.32498
08-06 18:24:37.094 11409 11409 D CompassActivity: will set rotation from 182.32498 to 182.30597
08-06 18:24:37.094 11409 11409 D CompassActivity: will set rotation from 182.30597 to 182.30583
08-06 18:24:37.116 11409 11409 D CompassActivity: will set rotation from 182.30583 to 182.34131
08-06 18:24:37.117 11409 11409 D CompassActivity: will set rotation from 182.34131 to 182.34071
08-06 18:24:37.134 11409 11471 I art     : Explicit concurrent mark sweep GC freed 218(10KB) AllocSpace objects, 0(0B) LOS objects, 6% free, 238MB/254MB, paused 2.307ms total 70.518ms
08-06 18:24:37.136 11409 11409 D CompassActivity: will set rotation from 182.34071 to 182.35655
08-06 18:24:37.136 11409 11409 D CompassActivity: will set rotation from 182.35655 to 182.35765
08-06 18:24:37.154 11409 11409 D CompassActivity: will set rotation from 182.35765 to 182.37532
08-06 18:24:37.154 11409 11409 D CompassActivity: will set rotation from 182.37532 to 182.3756
08-06 18:24:37.173 11409 11409 D CompassActivity: will set rotation from 182.3756 to 182.37029
08-06 18:24:37.173 11409 11409 D CompassActivity: will set rotation from 182.37029 to 182.37056
08-06 18:24:37.193 11409 11409 D CompassActivity: will set rotation from 182.37056 to 182.38193
08-06 18:24:37.194 11409 11409 D CompassActivity: will set rotation from 182.38193 to 182.38396
08-06 18:24:37.213 11409 11409 D CompassActivity: will set rotation from 182.38396 to 182.34737
08-06 18:24:37.214 11409 11409 D CompassActivity: will set rotation from 182.34737 to 182.34753
08-06 18:24:37.234 11409 11409 D CompassActivity: will set rotation from 182.34753 to 182.32695
08-06 18:24:37.234 11409 11409 D CompassActivity: will set rotation from 182.32695 to 182.32744
08-06 18:24:37.254 11409 11409 D CompassActivity: will set rotation from 182.32744 to 182.32645
08-06 18:24:37.254 11409 11409 D CompassActivity: will set rotation from 182.32645 to 182.32556
08-06 18:24:37.273 11409 11409 D CompassActivity: will set rotation from 182.32556 to 182.30751
08-06 18:24:37.273 11409 11409 D CompassActivity: will set rotation from 182.30751 to 182.30922
08-06 18:24:37.293 11409 11409 D CompassActivity: will set rotation from 182.30922 to 182.29137
08-06 18:24:37.294 11409 11409 D CompassActivity: will set rotation from 182.29137 to 182.2915
08-06 18:24:37.313 11409 11409 D CompassActivity: will set rotation from 182.2915 to 182.32648
08-06 18:24:37.314 11409 11409 D CompassActivity: will set rotation from 182.32648 to 182.32582
08-06 18:24:37.338 11409 11409 D CompassActivity: will set rotation from 182.32582 to 182.32683
08-06 18:24:37.339 11409 11409 D CompassActivity: will set rotation from 182.32683 to 182.32776
08-06 18:24:37.356 11409 11409 D CompassActivity: will set rotation from 182.32776 to 182.31027
08-06 18:24:37.357 11409 11409 D CompassActivity: will set rotation from 182.31027 to 182.31033
08-06 18:24:37.375 13755 13755 D AndroidRuntime: >>>>>> START com.android.internal.os.RuntimeInit uid 2000 <<<<<<
08-06 18:24:37.375 11409 11409 D CompassActivity: will set rotation from 182.31033 to 182.32477
08-06 18:24:37.375 11409 11409 D CompassActivity: will set rotation from 182.32477 to 182.32294
08-06 18:24:37.384 13755 13755 D AndroidRuntime: CheckJNI is OFF
08-06 18:24:37.393 11409 11409 D CompassActivity: will set rotation from 182.32294 to 182.32188
08-06 18:24:37.393 11409 11409 D CompassActivity: will set rotation from 182.32188 to 182.32074
08-06 18:24:37.413 11409 11409 D CompassActivity: will set rotation from 182.32074 to 182.31973
08-06 18:24:37.413 11409 11409 D CompassActivity: will set rotation from 182.31973 to 182.319
08-06 18:24:37.434 11409 11409 D CompassActivity: will set rotation from 182.319 to 182.32164
08-06 18:24:37.435 11409 11409 D CompassActivity: will set rotation from 182.32164 to 182.32256
08-06 18:24:37.450 13755 13755 D ICU     : No timezone override file found: /data/misc/zoneinfo/current/icu/icu_tzdata.dat
08-06 18:24:37.454 11409 11409 D CompassActivity: will set rotation from 182.32256 to 182.32083
08-06 18:24:37.454 11409 11409 D CompassActivity: will set rotation from 182.32083 to 182.32097
08-06 18:24:37.472 11409 11409 D CompassActivity: will set rotation from 182.32097 to 182.30159
08-06 18:24:37.472 11409 11409 D CompassActivity: will set rotation from 182.30159 to 182.30261
08-06 18:24:37.492 11409 11409 D CompassActivity: will set rotation from 182.30261 to 182.31964
08-06 18:24:37.492 11409 11409 D CompassActivity: will set rotation from 182.31964 to 182.31854
08-06 18:24:37.500 13755 13755 I Radio-JNI: register_android_hardware_Radio DONE
08-06 18:24:37.512 11409 11409 D CompassActivity: will set rotation from 182.31854 to 182.3026
08-06 18:24:37.513 11409 11409 D CompassActivity: will set rotation from 182.3026 to 182.30258
08-06 18:24:37.536 13755 13755 D AndroidRuntime: Calling main entry com.android.commands.input.Input
08-06 18:24:37.539 13755 13755 I Input   : injectKeyEvent: KeyEvent { action=ACTION_DOWN, keyCode=KEYCODE_BACK, scanCode=0, metaState=0, flags=0x0, repeatCount=0, eventTime=901493952, downTime=901493952, deviceId=-1, source=0x101 }
08-06 18:24:37.545 11409 11409 D CompassActivity: will set rotation from 182.30258 to 182.31975
08-06 18:24:37.548 11409 11409 D CompassActivity: will set rotation from 182.31975 to 182.32097
08-06 18:24:37.553 11409 11409 D CompassActivity: will set rotation from 182.32097 to 182.3391
08-06 18:24:37.554 11409 11409 D CompassActivity: will set rotation from 182.3391 to 182.34009
08-06 18:24:37.554 13755 13755 I Input   : injectKeyEvent: KeyEvent { action=ACTION_UP, keyCode=KEYCODE_BACK, scanCode=0, metaState=0, flags=0x0, repeatCount=0, eventTime=901493952, downTime=901493952, deviceId=-1, source=0x101 }
08-06 18:24:37.559 13755 13755 D AndroidRuntime: Shutting down VM
08-06 18:24:37.570   918  4400 I sensors : activate
08-06 18:24:37.570   918   928 I sensors : activate
08-06 18:24:37.575   918  3188 I hubconnection: sensorhub said: 'activate 1 enable:0'
08-06 18:24:37.578   918  3188 I hubconnection: sensorhub said: 'activate 3 enable:0'
08-06 18:24:37.601 11409 11409 V MainActivity: url = https://project-travel-mate.herokuapp.com/api/number-of-unread-notifications
08-06 18:24:37.664 11409 11422 I art     : Starting a blocking GC Explicit
08-06 18:24:37.725 13866 13866 I GoogleInputMethodServic: GoogleInputMethodService.onFinishInput():3138 
08-06 18:24:37.726 13866 13866 I GoogleInputMethodServic: GoogleInputMethodService.onStartInput():1808 
08-06 18:24:37.741 11409 11422 I art     : Explicit concurrent mark sweep GC freed 2496(139KB) AllocSpace objects, 2(48KB) LOS objects, 6% free, 238MB/254MB, paused 3.666ms total 76.802ms
08-06 18:24:37.766 11409 11422 I art     : Starting a blocking GC Explicit
08-06 18:24:37.839 11409 11422 I art     : Explicit concurrent mark sweep GC freed 788(31KB) AllocSpace objects, 0(0B) LOS objects, 6% free, 238MB/254MB, paused 2.393ms total 72.151ms
08-06 18:24:37.839 11409 11420 I art     : WaitForGcToComplete blocked for 72.531ms for cause HeapTrim
08-06 18:24:37.865 11409 11422 I art     : Starting a blocking GC Explicit
08-06 18:24:37.960 11409 11422 I art     : Explicit concurrent mark sweep GC freed 81(3056B) AllocSpace objects, 0(0B) LOS objects, 6% free, 238MB/254MB, paused 3.697ms total 94.320ms
08-06 18:24:37.993 11409 11422 I art     : Starting a blocking GC Explicit
08-06 18:24:38.016 11409 11409 D CompassActivity: stop compass
08-06 18:24:38.016   380   380 W SurfaceFlinger: couldn't log to binary event log: overflow.
08-06 18:24:38.065 11409 11422 I art     : Explicit concurrent mark sweep GC freed 20(896B) AllocSpace objects, 0(0B) LOS objects, 6% free, 238MB/254MB, paused 1.849ms total 71.812ms
08-06 18:24:38.091 11409 11422 I art     : Starting a blocking GC Explicit
