--------- beginning of main
08-06 13:36:05.709 23909 23909 D AndroidRuntime: >>>>>> START com.android.internal.os.RuntimeInit uid 2000 <<<<<<
08-06 13:36:05.715 23909 23909 D AndroidRuntime: CheckJNI is OFF
08-06 13:36:05.750 23909 23909 D ICU     : No timezone override file found: /data/misc/zoneinfo/current/icu/icu_tzdata.dat
08-06 13:36:05.785 23909 23909 I Radio-JNI: register_android_hardware_Radio DONE
08-06 13:36:05.802 23909 23909 D AndroidRuntime: Calling main entry com.android.commands.monkey.Monkey
--------- beginning of system
08-06 13:36:05.819   918   931 W BroadcastQueue: Skipping deliver [background] BroadcastRecord{829cfe3 u-1 android.net.conn.CONNECTIVITY_CHANGE} to ReceiverList{3b6dde0 23909 (unknown name)/2000/u-1 remote:565ef9d}: process crashing
08-06 13:36:05.830   918  3714 I ActivityManager: START u0 {act=android.intent.action.MAIN cat=[android.intent.category.LAUNCHER] flg=0x10200000 cmp=baseline.io.github.project_travel_mate/.SplashActivity} from uid 2000 on display 0
08-06 13:36:05.864 23918 23918 I art     : Late-enabling -Xcheck:jni
08-06 13:36:05.865   918  5132 I ActivityManager: Start proc 23918:baseline.io.github.project_travel_mate/u0a696 for activity baseline.io.github.project_travel_mate/.SplashActivity
08-06 13:36:05.871 23909 23909 I art     : System.exit called, status: 0
08-06 13:36:05.872 23909 23909 I AndroidRuntime: VM exiting with result code 0.
08-06 13:36:05.936 16458 28535 I PBSessionCacheImpl: Deleted sessionId[72384646105454640] from persistence.
08-06 13:36:05.939 16458 16488 W SearchServiceCore: Abort, client detached.
08-06 13:36:05.939 16458 16488 I MicroDetectionState: Should stop hotword detection immediately - true
08-06 13:36:05.952 23918 23918 W System  : ClassLoader referenced unknown path: /data/app/baseline.io.github.project_travel_mate-1/lib/arm64
08-06 13:36:06.117 23918 23918 W art     : Before Android 4.1, method android.graphics.PorterDuffColorFilter androidx.vectordrawable.graphics.drawable.VectorDrawableCompat.updateTintFilter(android.graphics.PorterDuffColorFilter, android.content.res.ColorStateList, android.graphics.PorterDuff$Mode) would have incorrectly overridden the package-private method in android.graphics.drawable.Drawable
08-06 13:36:06.168 23918 23918 I art     : Rejecting re-init on previously-failed class java.lang.Class<androidx.core.view.ViewCompat$OnUnhandledKeyEventListenerWrapper>
08-06 13:36:06.168 23918 23918 I art     : Rejecting re-init on previously-failed class java.lang.Class<androidx.core.view.ViewCompat$OnUnhandledKeyEventListenerWrapper>
08-06 13:36:06.228 23918 23933 D OpenGLRenderer: Use EGL_SWAP_BEHAVIOR_PRESERVED: true
08-06 13:36:06.281 23918 23933 I Adreno  : QUALCOMM build                   : fcf4852, I1af360237c
08-06 13:36:06.281 23918 23933 I Adreno  : Build Date                       : 09/23/15
08-06 13:36:06.281 23918 23933 I Adreno  : OpenGL ES Shader Compiler Version: XE031.05.13.02
08-06 13:36:06.281 23918 23933 I Adreno  : Local Branch                     : mybranch14465806
08-06 13:36:06.281 23918 23933 I Adreno  : Remote Branch                    : quic/LA.BF64.1.2.9_v2
08-06 13:36:06.281 23918 23933 I Adreno  : Remote Branch                    : NONE
08-06 13:36:06.281 23918 23933 I Adreno  : Reconstruct Branch               : NOTHING
08-06 13:36:06.288 23918 23933 I OpenGLRenderer: Initialized EGL, version 1.4
08-06 13:36:06.415   918   936 I ActivityManager: Displayed baseline.io.github.project_travel_mate/.SplashActivity: +577ms
08-06 13:36:06.423 13866 13866 I GoogleInputMethodServic: GoogleInputMethodService.onFinishInput():3138 
08-06 13:36:06.425 13866 13866 I GoogleInputMethodServic: GoogleInputMethodService.onStartInput():1808 
08-06 13:36:07.343   918   930 I UsageStatsService: User[0] Flushing usage stats to disk
08-06 13:36:07.441 23951 23951 D AndroidRuntime: >>>>>> START com.android.internal.os.RuntimeInit uid 2000 <<<<<<
08-06 13:36:07.445 23951 23951 D AndroidRuntime: CheckJNI is OFF
08-06 13:36:07.469 23951 23951 D ICU     : No timezone override file found: /data/misc/zoneinfo/current/icu/icu_tzdata.dat
08-06 13:36:07.496 23951 23951 I Radio-JNI: register_android_hardware_Radio DONE
08-06 13:36:07.512 23951 23951 D AndroidRuntime: Calling main entry com.android.commands.am.Am
08-06 13:36:07.519 14970 14970 I Trepn   : Trepn 6.2s: Received intent: com.quicinc.trepn.start_profiling
08-06 13:36:07.601 14970 14970 W FileUtils: Failed to chmod(/storage/emulated/0/trepn/Trepn_2020.08.06_133607.db): android.system.ErrnoException: chmod failed: EPERM (Operation not permitted)
08-06 13:36:07.688 14970 14970 I Trepn   : Trepn 6.2s: Trepn has Started Profiling.
08-06 13:36:07.689 23951 23951 D AndroidRuntime: Shutting down VM
08-06 13:36:08.219 23918 23938 I art     : Starting a blocking GC Explicit
08-06 13:36:08.258 23918 23938 I art     : Explicit concurrent mark sweep GC freed 3668(192KB) AllocSpace objects, 0(0B) LOS objects, 40% free, 20MB/34MB, paused 405us total 38.596ms
08-06 13:36:08.276 23918 23938 I art     : Starting a blocking GC Explicit
08-06 13:36:08.294 23918 23938 I art     : Explicit concurrent mark sweep GC freed 991(42KB) AllocSpace objects, 0(0B) LOS objects, 40% free, 20MB/34MB, paused 297us total 17.483ms
08-06 13:36:08.294   918  5952 I ActivityManager: START u0 {cmp=baseline.io.github.project_travel_mate/.MainActivity} from uid 10696 on display 0
08-06 13:36:08.304 23918 23938 I art     : Starting a blocking GC Explicit
08-06 13:36:08.334 23918 23938 I art     : Explicit concurrent mark sweep GC freed 1542(59KB) AllocSpace objects, 0(0B) LOS objects, 40% free, 20MB/34MB, paused 219us total 29.118ms
08-06 13:36:08.342 23918 23938 I art     : Starting a blocking GC Explicit
08-06 13:36:08.351 23918 23938 I art     : Explicit concurrent mark sweep GC freed 1219(58KB) AllocSpace objects, 0(0B) LOS objects, 40% free, 20MB/34MB, paused 113us total 8.773ms
08-06 13:36:08.358 23918 23938 I art     : Starting a blocking GC Explicit
08-06 13:36:08.367 23918 23938 I art     : Explicit concurrent mark sweep GC freed 15(960B) AllocSpace objects, 0(0B) LOS objects, 40% free, 20MB/34MB, paused 114us total 9.040ms
08-06 13:36:08.604 23918 23918 W Settings: Setting airplane_mode_on has moved from android.provider.Settings.System to android.provider.Settings.Global, returning read-only value.
08-06 13:36:08.623 23918 23918 V MainActivity: url=https://project-travel-mate.herokuapp.com/api/get-user
08-06 13:36:08.666 23918 24000 W LOTTIE  : Unknown mask mode mode. Defaulting to Add.
08-06 13:36:08.674 23918 24000 W LOTTIE  : You have 5 images. Lottie should primarily be used with shapes. If you are using Adobe Illustrator, convert the Illustrator layers to shape layers.
08-06 13:36:08.676 23918 24000 W LOTTIE  : Unknown mask mode mode. Defaulting to Add.
08-06 13:36:08.676 23918 24000 W LOTTIE  : Unknown mask mode mode. Defaulting to Add.
08-06 13:36:08.729 23918 23918 V CityFragment: url=https://project-travel-mate.herokuapp.com/api/get-all-cities/10
08-06 13:36:08.736 23918 23938 I art     : Starting a blocking GC Explicit
08-06 13:36:08.759 23918 23938 I art     : Explicit concurrent mark sweep GC freed 15136(1150KB) AllocSpace objects, 2(40KB) LOS objects, 40% free, 23MB/38MB, paused 257us total 22.588ms
08-06 13:36:08.777 23918 23938 I art     : Starting a blocking GC Explicit
08-06 13:36:08.789 23918 23938 I art     : Explicit concurrent mark sweep GC freed 555(25KB) AllocSpace objects, 0(0B) LOS objects, 40% free, 23MB/38MB, paused 193us total 12.102ms
08-06 13:36:08.802 23918 23938 I art     : Starting a blocking GC Explicit
08-06 13:36:08.815 23918 23938 I art     : Explicit concurrent mark sweep GC freed 3(96B) AllocSpace objects, 0(0B) LOS objects, 40% free, 23MB/38MB, paused 195us total 12.520ms
08-06 13:36:08.829 23918 23938 I art     : Starting a blocking GC Explicit
08-06 13:36:08.841 23918 23938 I art     : Explicit concurrent mark sweep GC freed 3(96B) AllocSpace objects, 0(0B) LOS objects, 40% free, 23MB/38MB, paused 211us total 12.180ms
08-06 13:36:08.853 23918 23938 I art     : Starting a blocking GC Explicit
08-06 13:36:08.865 23918 23938 I art     : Explicit concurrent mark sweep GC freed 3(96B) AllocSpace objects, 0(0B) LOS objects, 40% free, 23MB/38MB, paused 201us total 11.991ms
08-06 13:36:08.874 23918 23918 E RecyclerView: No adapter attached; skipping layout
08-06 13:36:09.032 23918 23918 V MainActivity: url = https://project-travel-mate.herokuapp.com/api/number-of-unread-notifications
08-06 13:36:09.034   918   936 I ActivityManager: Displayed baseline.io.github.project_travel_mate/.MainActivity: +657ms
08-06 13:36:09.052 13866 13866 I GoogleInputMethodServic: GoogleInputMethodService.onFinishInput():3138 
08-06 13:36:09.053 13866 13866 I GoogleInputMethodServic: GoogleInputMethodService.onStartInput():1808 
08-06 13:36:09.054 23918 23918 E RecyclerView: No adapter attached; skipping layout
08-06 13:36:09.151 23918 23930 I art     : Starting a blocking GC Explicit
08-06 13:36:09.167 23918 23930 I art     : Explicit concurrent mark sweep GC freed 12614(771KB) AllocSpace objects, 7(420KB) LOS objects, 36% free, 28MB/44MB, paused 231us total 15.781ms
08-06 13:36:09.175 23918 23930 I art     : Starting a blocking GC Explicit
08-06 13:36:09.179 23918 24003 I NAPPA_EXPERIMENTATION: MetricNetworkRequestExecutionTime: REQUEST_DURATION_SYSTEM='449',REQUEST_DURATION_OKHTTP='48',REQUEST_SYNCHRONOUS='FALSE',RESPONSE_CODE='200',RESPONSE_METHOD='GET',RESPONSE_LENGTH_OKHTTP='1588',RESPONSE_LENGTH_HEADER='1588',REQUEST_PROTOCOL='http/1.1',REQUEST_URL='https://project-travel-mate.herokuapp.com/api/get-all-cities/10',
08-06 13:36:09.187 23918 23918 V CityFragment: result=[{"id":1,"city_name":"Delhi","facts_count":6,"image":"https://upload.wikimedia.org/wikipedia/commons/9/94/%E0%B4%96%E0%B5%81%E0%B4%A4%E0%B5%8D%E0%B4%AC%E0%B5%8D_%E0%B4%AE%E0%B4%BF%E0%B4%A8%E0%B4%BE%E0%B5%BC1.jpg","visit_count":18186},{"id":2,"city_name":"Mumbai","facts_count":0,"image":"https://static1.squarespace.com/static/55917ae2e4b0984fc8c264c4/t/5ad7a037758d464041bfba27/1524102624280/Victoria_Mumbai.jpg","visit_count":6022},{"id":3,"city_name":"Bangalore","facts_count":0,"image":null,"visit_count":5536},{"id":8,"city_name":"Pune","facts_count":0,"image":"https://www.zricks.com/ImagesPostProject/47929//6557d975-20a9-4c6c-a776-8072a1936a76.jpg","visit_count":3324},{"id":4,"city_name":"Chennai","facts_count":0,"image":"http://lh3.ggpht.com/_YLb7tJ8RoAk/SfazBLdgf3I/AAAAAAAANEg/p52_Zz_URxg/s640/Picture%20009.jpg","visit_count":3061},{"id":5,"city_name":"Kolkata","facts_count":0,"image":"https://i.pinimg.com/originals/05/ec/42/05ec42c545b494d12cc612923483b4f0.jpg","visit_count":2211},{"id":9,"city_name":"Jaipur","facts_count":1,"image":"https://www.trodly.com/pictures/attraction/1943.jpg","visit_count":2007},{"id":6,"city_name":"Hyderabad","facts_count":0,"image":"https://i1.trekearth.com/photos/59194/charminar_020_sm.jpg","visit_count":1633},{"id":150,"city_name":"Panjim","facts_count":0,"image":"http://www.nomad4ever.com/wp-content/uploads/2009/04/palm-trees-at-baga-creek-north-goa1.jpg","visit_count":1488},{"id":7,"city_name":"Ahmedabad","facts_count":0,"image":"https://i.pinimg.com/originals/a5/ed/29/a5ed293271669a61f47059f7b0d9cf2c.jpg","visit_count":1115}]
08-06 13:36:09.190 23918 23930 I art     : Explicit concurrent mark sweep GC freed 2570(285KB) AllocSpace objects, 0(0B) LOS objects, 36% free, 28MB/44MB, paused 275us total 14.280ms
08-06 13:36:09.195 23918 23999 I NAPPA_EXPERIMENTATION: MetricNetworkRequestExecutionTime: REQUEST_DURATION_SYSTEM='553',REQUEST_DURATION_OKHTTP='61',REQUEST_SYNCHRONOUS='FALSE',RESPONSE_CODE='200',RESPONSE_METHOD='GET',RESPONSE_LENGTH_OKHTTP='185',RESPONSE_LENGTH_HEADER='185',REQUEST_PROTOCOL='http/1.1',REQUEST_URL='https://project-travel-mate.herokuapp.com/api/get-user',
08-06 13:36:09.199 23918 23930 I art     : Starting a blocking GC Explicit
08-06 13:36:09.214 23918 23930 I art     : Explicit concurrent mark sweep GC freed 304(18KB) AllocSpace objects, 0(0B) LOS objects, 36% free, 28MB/44MB, paused 306us total 14.808ms
08-06 13:36:09.222 23918 23930 I art     : Starting a blocking GC Explicit
08-06 13:36:09.232 23918 23918 D CityFragment: get cities cities size = 10
08-06 13:36:09.241 23918 23930 I art     : Explicit concurrent mark sweep GC freed 309(30KB) AllocSpace objects, 1(20KB) LOS objects, 36% free, 28MB/44MB, paused 965us total 19.158ms
08-06 13:36:09.250 23918 23930 I art     : Starting a blocking GC Explicit
08-06 13:36:09.266 23918 23930 I art     : Explicit concurrent mark sweep GC freed 522(31KB) AllocSpace objects, 0(0B) LOS objects, 34% free, 30MB/46MB, paused 381us total 15.267ms
08-06 13:36:09.290   380   380 W SurfaceFlinger: couldn't log to binary event log: overflow.
08-06 13:36:09.507 23918 24011 I NAPPA_EXPERIMENTATION: MetricNetworkRequestExecutionTime: REQUEST_DURATION_SYSTEM='474',REQUEST_DURATION_OKHTTP='44',REQUEST_SYNCHRONOUS='FALSE',RESPONSE_CODE='200',RESPONSE_METHOD='GET',RESPONSE_LENGTH_OKHTTP='36',RESPONSE_LENGTH_HEADER='36',REQUEST_PROTOCOL='http/1.1',REQUEST_URL='https://project-travel-mate.herokuapp.com/api/number-of-unread-notifications',
08-06 13:36:09.550 23918 23931 I art     : Starting a blocking GC Explicit
08-06 13:36:09.581 23918 23931 I art     : Explicit concurrent mark sweep GC freed 14522(1019KB) AllocSpace objects, 14(4MB) LOS objects, 34% free, 29MB/45MB, paused 594us total 30.093ms
08-06 13:36:09.590 23918 23931 I art     : Starting a blocking GC Explicit
08-06 13:36:09.606 23918 23931 I art     : Explicit concurrent mark sweep GC freed 10832(742KB) AllocSpace objects, 0(0B) LOS objects, 35% free, 29MB/45MB, paused 438us total 15.947ms
08-06 13:36:09.614 23918 23931 I art     : Starting a blocking GC Explicit
08-06 13:36:09.629 23918 23931 I art     : Explicit concurrent mark sweep GC freed 2302(185KB) AllocSpace objects, 0(0B) LOS objects, 35% free, 29MB/45MB, paused 269us total 14.841ms
08-06 13:36:09.637 23918 23931 I art     : Starting a blocking GC Explicit
08-06 13:36:09.653 23918 23931 I art     : Explicit concurrent mark sweep GC freed 353(42KB) AllocSpace objects, 2(88KB) LOS objects, 35% free, 29MB/45MB, paused 309us total 15.745ms
08-06 13:36:09.661 23918 23931 I art     : Starting a blocking GC Explicit
08-06 13:36:09.677 23918 23931 I art     : Explicit concurrent mark sweep GC freed 489(55KB) AllocSpace objects, 0(0B) LOS objects, 35% free, 29MB/45MB, paused 331us total 15.246ms
08-06 13:36:09.952 23918 23931 I art     : Starting a blocking GC Explicit
08-06 13:36:09.973 23918 23931 I art     : Explicit concurrent mark sweep GC freed 12924(1147KB) AllocSpace objects, 15(1676KB) LOS objects, 33% free, 31MB/47MB, paused 293us total 20.541ms
08-06 13:36:09.982 23918 23931 I art     : Starting a blocking GC Explicit
08-06 13:36:09.999 23918 23931 I art     : Explicit concurrent mark sweep GC freed 585(134KB) AllocSpace objects, 2(56KB) LOS objects, 33% free, 31MB/47MB, paused 271us total 17.288ms
08-06 13:36:10.008 23918 23931 I art     : Starting a blocking GC Explicit
08-06 13:36:10.025 23918 23931 I art     : Explicit concurrent mark sweep GC freed 133(53KB) AllocSpace objects, 0(0B) LOS objects, 32% free, 32MB/48MB, paused 279us total 16.855ms
08-06 13:36:10.034 23918 23931 I art     : Starting a blocking GC Explicit
08-06 13:36:10.050 23918 23931 I art     : Explicit concurrent mark sweep GC freed 158(6KB) AllocSpace objects, 2(88KB) LOS objects, 32% free, 32MB/48MB, paused 262us total 16.047ms
08-06 13:36:10.059 23918 23931 I art     : Starting a blocking GC Explicit
08-06 13:36:10.075 23918 23931 I art     : Explicit concurrent mark sweep GC freed 54(992B) AllocSpace objects, 0(0B) LOS objects, 32% free, 32MB/48MB, paused 262us total 16.185ms
08-06 13:36:10.390 23918 23930 I art     : Starting a blocking GC Explicit
08-06 13:36:10.411 23918 23930 I art     : Explicit concurrent mark sweep GC freed 4652(336KB) AllocSpace objects, 7(1388KB) LOS objects, 32% free, 32MB/48MB, paused 344us total 20.587ms
08-06 13:36:10.421 23918 23930 I art     : Starting a blocking GC Explicit
08-06 13:36:10.439 23918 23930 I art     : Explicit concurrent mark sweep GC freed 152(5KB) AllocSpace objects, 0(0B) LOS objects, 32% free, 32MB/48MB, paused 244us total 17.098ms
08-06 13:36:10.447 23918 23930 I art     : Starting a blocking GC Explicit
08-06 13:36:10.463 23918 23930 I art     : Explicit concurrent mark sweep GC freed 54(992B) AllocSpace objects, 0(0B) LOS objects, 32% free, 32MB/48MB, paused 222us total 15.718ms
08-06 13:36:10.471 23918 23930 I art     : Starting a blocking GC Explicit
08-06 13:36:10.489 23918 23930 I art     : Explicit concurrent mark sweep GC freed 30(592B) AllocSpace objects, 0(0B) LOS objects, 32% free, 32MB/48MB, paused 249us total 17.228ms
08-06 13:36:10.498 23918 23930 I art     : Starting a blocking GC Explicit
08-06 13:36:10.515 23918 23930 I art     : Explicit concurrent mark sweep GC freed 54(992B) AllocSpace objects, 0(0B) LOS objects, 32% free, 32MB/48MB, paused 233us total 16.912ms
08-06 13:36:10.885 23918 23931 I art     : Starting a blocking GC Explicit
08-06 13:36:10.906 23918 23931 I art     : Explicit concurrent mark sweep GC freed 2009(93KB) AllocSpace objects, 2(40KB) LOS objects, 32% free, 32MB/48MB, paused 289us total 20.211ms
08-06 13:36:10.917 23918 23931 I art     : Starting a blocking GC Explicit
08-06 13:36:10.934 23918 23931 I art     : Explicit concurrent mark sweep GC freed 70(1584B) AllocSpace objects, 0(0B) LOS objects, 32% free, 32MB/48MB, paused 255us total 16.574ms
08-06 13:36:10.943 23918 23931 I art     : Starting a blocking GC Explicit
08-06 13:36:10.960 23918 23931 I art     : Explicit concurrent mark sweep GC freed 33(576B) AllocSpace objects, 0(0B) LOS objects, 32% free, 32MB/48MB, paused 272us total 17.595ms
08-06 13:36:10.969 23918 23931 I art     : Starting a blocking GC Explicit
08-06 13:36:10.985 23918 23931 I art     : Explicit concurrent mark sweep GC freed 45(816B) AllocSpace objects, 0(0B) LOS objects, 32% free, 32MB/48MB, paused 243us total 16.003ms
08-06 13:36:10.994 23918 23931 I art     : Starting a blocking GC Explicit
08-06 13:36:11.012 23918 23931 I art     : Explicit concurrent mark sweep GC freed 34(592B) AllocSpace objects, 0(0B) LOS objects, 32% free, 32MB/48MB, paused 285us total 17.832ms
08-06 13:36:11.362 23918 23938 I art     : Starting a blocking GC Explicit
08-06 13:36:11.382 23918 23938 I art     : Explicit concurrent mark sweep GC freed 1974(92KB) AllocSpace objects, 2(40KB) LOS objects, 32% free, 32MB/48MB, paused 253us total 19.767ms
08-06 13:36:11.394 23918 23938 I art     : Starting a blocking GC Explicit
08-06 13:36:11.411 23918 23938 I art     : Explicit concurrent mark sweep GC freed 54(1312B) AllocSpace objects, 0(0B) LOS objects, 32% free, 32MB/48MB, paused 294us total 16.539ms
08-06 13:36:11.420 23918 23938 I art     : Starting a blocking GC Explicit
08-06 13:36:11.437 23918 23938 I art     : Explicit concurrent mark sweep GC freed 43(768B) AllocSpace objects, 0(0B) LOS objects, 32% free, 32MB/48MB, paused 333us total 16.802ms
08-06 13:36:11.445 23918 23938 I art     : Starting a blocking GC Explicit
08-06 13:36:11.462 23918 23938 I art     : Explicit concurrent mark sweep GC freed 51(896B) AllocSpace objects, 0(0B) LOS objects, 32% free, 32MB/48MB, paused 247us total 16.868ms
08-06 13:36:11.471 23918 23938 I art     : Starting a blocking GC Explicit
08-06 13:36:11.488 23918 23938 I art     : Explicit concurrent mark sweep GC freed 27(496B) AllocSpace objects, 0(0B) LOS objects, 32% free, 32MB/48MB, paused 242us total 16.499ms
08-06 13:36:11.582   518   646 I ThermalEngine: ACTION: GPU - Setting GPU[0] to 510000000
08-06 13:36:11.819 23918 23930 I art     : Starting a blocking GC Explicit
08-06 13:36:11.838 23918 23930 I art     : Explicit concurrent mark sweep GC freed 1934(91KB) AllocSpace objects, 2(40KB) LOS objects, 32% free, 32MB/48MB, paused 309us total 18.918ms
08-06 13:36:11.849 23918 23930 I art     : Starting a blocking GC Explicit
08-06 13:36:11.868 23918 23930 I art     : Explicit concurrent mark sweep GC freed 70(1584B) AllocSpace objects, 0(0B) LOS objects, 32% free, 32MB/48MB, paused 311us total 18.800ms
08-06 13:36:11.879 23918 23930 I art     : Starting a blocking GC Explicit
08-06 13:36:11.898 23918 23930 I art     : Explicit concurrent mark sweep GC freed 51(896B) AllocSpace objects, 0(0B) LOS objects, 32% free, 32MB/48MB, paused 320us total 19.009ms
08-06 13:36:11.909 23918 23930 I art     : Starting a blocking GC Explicit
08-06 13:36:11.928 23918 23930 I art     : Explicit concurrent mark sweep GC freed 50(864B) AllocSpace objects, 0(0B) LOS objects, 32% free, 32MB/48MB, paused 322us total 19.051ms
08-06 13:36:11.939 23918 23930 I art     : Starting a blocking GC Explicit
08-06 13:36:11.959 23918 23930 I art     : Explicit concurrent mark sweep GC freed 28(528B) AllocSpace objects, 0(0B) LOS objects, 32% free, 32MB/48MB, paused 318us total 19.243ms
08-06 13:36:12.330 23918 23931 I art     : Starting a blocking GC Explicit
08-06 13:36:12.354 23918 23931 I art     : Explicit concurrent mark sweep GC freed 2005(92KB) AllocSpace objects, 2(40KB) LOS objects, 32% free, 32MB/48MB, paused 359us total 22.890ms
08-06 13:36:12.366 23918 23931 I art     : Starting a blocking GC Explicit
08-06 13:36:12.388 23918 23931 I art     : Explicit concurrent mark sweep GC freed 70(1584B) AllocSpace objects, 0(0B) LOS objects, 32% free, 32MB/48MB, paused 353us total 22.151ms
08-06 13:36:12.400 23918 23931 I art     : Starting a blocking GC Explicit
08-06 13:36:12.422 23918 23931 I art     : Explicit concurrent mark sweep GC freed 51(896B) AllocSpace objects, 0(0B) LOS objects, 32% free, 32MB/48MB, paused 345us total 22.029ms
08-06 13:36:12.434 23918 23931 I art     : Starting a blocking GC Explicit
08-06 13:36:12.456 23918 23931 I art     : Explicit concurrent mark sweep GC freed 51(896B) AllocSpace objects, 0(0B) LOS objects, 32% free, 32MB/48MB, paused 337us total 21.496ms
08-06 13:36:12.467 23918 23931 I art     : Starting a blocking GC Explicit
08-06 13:36:12.489 23918 23931 I art     : Explicit concurrent mark sweep GC freed 51(896B) AllocSpace objects, 0(0B) LOS objects, 32% free, 32MB/48MB, paused 313us total 21.343ms
08-06 13:36:12.798 23918 23938 I art     : Starting a blocking GC Explicit
08-06 13:36:12.821 23918 23938 I art     : Explicit concurrent mark sweep GC freed 1908(90KB) AllocSpace objects, 2(40KB) LOS objects, 32% free, 32MB/48MB, paused 350us total 23.434ms
08-06 13:36:12.833 23918 23938 I art     : Starting a blocking GC Explicit
08-06 13:36:12.856 23918 23938 I art     : Explicit concurrent mark sweep GC freed 70(1584B) AllocSpace objects, 0(0B) LOS objects, 32% free, 32MB/48MB, paused 347us total 22.303ms
08-06 13:36:12.868 23918 23938 I art     : Starting a blocking GC Explicit
08-06 13:36:12.890 23918 23938 I art     : Explicit concurrent mark sweep GC freed 51(896B) AllocSpace objects, 0(0B) LOS objects, 32% free, 32MB/48MB, paused 347us total 22.254ms
08-06 13:36:12.902 23918 23938 I art     : Starting a blocking GC Explicit
08-06 13:36:12.924 23918 23938 I art     : Explicit concurrent mark sweep GC freed 51(896B) AllocSpace objects, 0(0B) LOS objects, 32% free, 32MB/48MB, paused 351us total 21.779ms
08-06 13:36:12.936 23918 23938 I art     : Starting a blocking GC Explicit
08-06 13:36:12.958 23918 23938 I art     : Explicit concurrent mark sweep GC freed 51(896B) AllocSpace objects, 0(0B) LOS objects, 32% free, 32MB/48MB, paused 347us total 21.977ms
08-06 13:36:13.309 23918 23930 I art     : Starting a blocking GC Explicit
08-06 13:36:13.333 23918 23930 I art     : Explicit concurrent mark sweep GC freed 1980(92KB) AllocSpace objects, 2(40KB) LOS objects, 32% free, 32MB/48MB, paused 349us total 23.870ms
08-06 13:36:13.348 23918 23930 I art     : Starting a blocking GC Explicit
08-06 13:36:13.370 23918 23930 I art     : Explicit concurrent mark sweep GC freed 70(1584B) AllocSpace objects, 0(0B) LOS objects, 32% free, 32MB/48MB, paused 334us total 21.635ms
08-06 13:36:13.382 23918 23930 I art     : Starting a blocking GC Explicit
08-06 13:36:13.402 23918 23930 I art     : Explicit concurrent mark sweep GC freed 51(896B) AllocSpace objects, 0(0B) LOS objects, 32% free, 32MB/48MB, paused 349us total 20.277ms
08-06 13:36:13.414 23918 23930 I art     : Starting a blocking GC Explicit
08-06 13:36:13.435 23918 23930 I art     : Explicit concurrent mark sweep GC freed 51(896B) AllocSpace objects, 0(0B) LOS objects, 32% free, 32MB/48MB, paused 331us total 20.892ms
08-06 13:36:13.446 23918 23930 I art     : Starting a blocking GC Explicit
08-06 13:36:13.469 23918 23930 I art     : Explicit concurrent mark sweep GC freed 50(864B) AllocSpace objects, 0(0B) LOS objects, 32% free, 32MB/48MB, paused 344us total 22.288ms
08-06 13:36:13.849 23918 23931 I art     : Starting a blocking GC Explicit
08-06 13:36:13.875 23918 23931 I art     : Explicit concurrent mark sweep GC freed 2005(92KB) AllocSpace objects, 2(40KB) LOS objects, 32% free, 32MB/48MB, paused 350us total 25.100ms
08-06 13:36:13.890 23918 23931 I art     : Starting a blocking GC Explicit
08-06 13:36:13.911 23918 23931 I art     : Explicit concurrent mark sweep GC freed 70(1584B) AllocSpace objects, 0(0B) LOS objects, 32% free, 32MB/48MB, paused 328us total 20.323ms
08-06 13:36:13.922 23918 23931 I art     : Starting a blocking GC Explicit
08-06 13:36:13.944 23918 23931 I art     : Explicit concurrent mark sweep GC freed 51(896B) AllocSpace objects, 0(0B) LOS objects, 32% free, 32MB/48MB, paused 345us total 20.907ms
08-06 13:36:13.955 23918 23931 I art     : Starting a blocking GC Explicit
08-06 13:36:13.976 23918 23931 I art     : Explicit concurrent mark sweep GC freed 51(896B) AllocSpace objects, 0(0B) LOS objects, 32% free, 32MB/48MB, paused 341us total 20.802ms
08-06 13:36:13.988 23918 23931 I art     : Starting a blocking GC Explicit
08-06 13:36:14.009 23918 23931 I art     : Explicit concurrent mark sweep GC freed 51(896B) AllocSpace objects, 0(0B) LOS objects, 32% free, 32MB/48MB, paused 321us total 20.569ms
08-06 13:36:14.373 23918 23938 I art     : Starting a blocking GC Explicit
08-06 13:36:14.397 23918 23938 I art     : Explicit concurrent mark sweep GC freed 1984(92KB) AllocSpace objects, 2(40KB) LOS objects, 32% free, 32MB/48MB, paused 492us total 23.661ms
08-06 13:36:14.412 23918 23938 I art     : Starting a blocking GC Explicit
08-06 13:36:14.434 23918 23938 I art     : Explicit concurrent mark sweep GC freed 90(1904B) AllocSpace objects, 0(0B) LOS objects, 32% free, 32MB/48MB, paused 352us total 21.470ms
08-06 13:36:14.445 23918 23938 I art     : Starting a blocking GC Explicit
08-06 13:36:14.467 23918 23938 I art     : Explicit concurrent mark sweep GC freed 50(864B) AllocSpace objects, 0(0B) LOS objects, 32% free, 32MB/48MB, paused 375us total 21.563ms
08-06 13:36:14.479 23918 23938 I art     : Starting a blocking GC Explicit
08-06 13:36:14.501 23918 23938 I art     : Explicit concurrent mark sweep GC freed 52(928B) AllocSpace objects, 0(0B) LOS objects, 32% free, 32MB/48MB, paused 331us total 21.911ms
08-06 13:36:14.512 23918 23938 I art     : Starting a blocking GC Explicit
08-06 13:36:14.534 23918 23938 I art     : Explicit concurrent mark sweep GC freed 51(896B) AllocSpace objects, 0(0B) LOS objects, 32% free, 32MB/48MB, paused 357us total 21.250ms
08-06 13:36:14.876 23918 23930 I art     : Starting a blocking GC Explicit
08-06 13:36:14.901 23918 23930 I art     : Explicit concurrent mark sweep GC freed 1957(91KB) AllocSpace objects, 2(40KB) LOS objects, 32% free, 32MB/48MB, paused 340us total 24.654ms
08-06 13:36:14.912 23918 23930 I art     : Starting a blocking GC Explicit
08-06 13:36:14.934 23918 23930 I art     : Explicit concurrent mark sweep GC freed 69(1552B) AllocSpace objects, 0(0B) LOS objects, 32% free, 32MB/48MB, paused 346us total 21.258ms
08-06 13:36:14.945 23918 23930 I art     : Starting a blocking GC Explicit
08-06 13:36:14.966 23918 23930 I art     : Explicit concurrent mark sweep GC freed 52(928B) AllocSpace objects, 0(0B) LOS objects, 32% free, 32MB/48MB, paused 344us total 20.434ms
08-06 13:36:14.977 23918 23930 I art     : Starting a blocking GC Explicit
08-06 13:36:14.998 23918 23930 I art     : Explicit concurrent mark sweep GC freed 32(576B) AllocSpace objects, 0(0B) LOS objects, 32% free, 32MB/48MB, paused 397us total 20.392ms
08-06 13:36:15.010 23918 23930 I art     : Starting a blocking GC Explicit
08-06 13:36:15.031 23918 23930 I art     : Explicit concurrent mark sweep GC freed 46(816B) AllocSpace objects, 0(0B) LOS objects, 32% free, 32MB/48MB, paused 370us total 21.061ms
08-06 13:36:15.178 24155 24155 D AndroidRuntime: >>>>>> START com.android.internal.os.RuntimeInit uid 2000 <<<<<<
08-06 13:36:15.185 24155 24155 D AndroidRuntime: CheckJNI is OFF
08-06 13:36:15.216 24155 24155 D ICU     : No timezone override file found: /data/misc/zoneinfo/current/icu/icu_tzdata.dat
08-06 13:36:15.247 24155 24155 I Radio-JNI: register_android_hardware_Radio DONE
08-06 13:36:15.268 24155 24155 D AndroidRuntime: Calling main entry com.android.commands.input.Input
08-06 13:36:15.270 24155 24155 I Input   : injectMotionEvent: MotionEvent { action=ACTION_DOWN, actionButton=0, id[0]=0, x[0]=346.0, y[0]=709.0, toolType[0]=TOOL_TYPE_UNKNOWN, buttonState=0, metaState=0, flags=0x0, edgeFlags=0x0, pointerCount=1, historySize=0, eventTime=884191683, downTime=884191683, deviceId=0, source=0x1002 }
08-06 13:36:15.275 24155 24155 I Input   : injectMotionEvent: MotionEvent { action=ACTION_UP, actionButton=0, id[0]=0, x[0]=346.0, y[0]=709.0, toolType[0]=TOOL_TYPE_UNKNOWN, buttonState=0, metaState=0, flags=0x0, edgeFlags=0x0, pointerCount=1, historySize=0, eventTime=884191683, downTime=884191683, deviceId=0, source=0x1002 }
08-06 13:36:15.287   918  5481 I ActivityManager: START u0 {cmp=baseline.io.github.project_travel_mate/.destinations.description.FinalCityInfoActivity (has extras)} from uid 10696 on display 0
08-06 13:36:15.293 24155 24155 D AndroidRuntime: Shutting down VM
08-06 13:36:15.324 23918 24000 D Gabe    : call	returning from cache
08-06 13:36:15.373 23918 23931 I art     : Starting a blocking GC Explicit
08-06 13:36:15.399 23918 23931 I art     : Explicit concurrent mark sweep GC freed 7931(521KB) AllocSpace objects, 2(40KB) LOS objects, 32% free, 33MB/49MB, paused 459us total 26.206ms
08-06 13:36:15.410 23918 23918 V EXECUTING: https://project-travel-mate.herokuapp.com/api/get-city-weather/1
08-06 13:36:15.413 23918 23931 I art     : Starting a blocking GC Explicit
08-06 13:36:15.437 23918 23931 I art     : Explicit concurrent mark sweep GC freed 2084(149KB) AllocSpace objects, 0(0B) LOS objects, 32% free, 33MB/49MB, paused 509us total 23.585ms
08-06 13:36:15.448 23918 23931 I art     : Starting a blocking GC Explicit
08-06 13:36:15.468 23918 23931 I art     : Explicit concurrent mark sweep GC freed 110(7KB) AllocSpace objects, 0(0B) LOS objects, 32% free, 33MB/49MB, paused 589us total 20.411ms
08-06 13:36:15.480 23918 23931 I art     : Starting a blocking GC Explicit
08-06 13:36:15.506 23918 23931 I art     : Explicit concurrent mark sweep GC freed 780(27KB) AllocSpace objects, 0(0B) LOS objects, 29% free, 37MB/53MB, paused 737us total 25.523ms
08-06 13:36:15.518 23918 23931 I art     : Starting a blocking GC Explicit
08-06 13:36:15.541 23918 23931 I art     : Explicit concurrent mark sweep GC freed 105(7KB) AllocSpace objects, 0(0B) LOS objects, 29% free, 37MB/53MB, paused 500us total 23.443ms
08-06 13:36:15.563 13866 13866 I GoogleInputMethodServic: GoogleInputMethodService.onFinishInput():3138 
08-06 13:36:15.563 13866 13866 I GoogleInputMethodServic: GoogleInputMethodService.onStartInput():1808 
08-06 13:36:15.564   918   936 I ActivityManager: Displayed baseline.io.github.project_travel_mate/.destinations.description.FinalCityInfoActivity: +270ms
08-06 13:36:15.813   380   380 W SurfaceFlinger: couldn't log to binary event log: overflow.
08-06 13:36:15.823 23918 23938 I art     : Starting a blocking GC Explicit
08-06 13:36:15.843 23918 23938 I art     : Explicit concurrent mark sweep GC freed 2206(96KB) AllocSpace objects, 2(40KB) LOS objects, 29% free, 37MB/53MB, paused 416us total 20.646ms
08-06 13:36:15.854 23918 23938 I art     : Starting a blocking GC Explicit
08-06 13:36:15.876 23918 23938 I art     : Explicit concurrent mark sweep GC freed 120(2448B) AllocSpace objects, 0(0B) LOS objects, 29% free, 37MB/53MB, paused 417us total 21.289ms
08-06 13:36:15.887 23918 23938 I art     : Starting a blocking GC Explicit
08-06 13:36:15.910 23918 23938 I art     : Explicit concurrent mark sweep GC freed 99(1696B) AllocSpace objects, 0(0B) LOS objects, 29% free, 37MB/53MB, paused 463us total 22.433ms
08-06 13:36:15.922 23918 23938 I art     : Starting a blocking GC Explicit
08-06 13:36:15.948 23918 23938 I art     : Explicit concurrent mark sweep GC freed 137(2304B) AllocSpace objects, 0(0B) LOS objects, 29% free, 37MB/53MB, paused 1.619ms total 25.484ms
08-06 13:36:15.960 23918 23938 I art     : Starting a blocking GC Explicit
08-06 13:36:15.984 23918 23938 I art     : Explicit concurrent mark sweep GC freed 21(384B) AllocSpace objects, 0(0B) LOS objects, 29% free, 37MB/53MB, paused 698us total 23.422ms
08-06 13:36:16.271 23918 24184 I NAPPA_EXPERIMENTATION: MetricNetworkRequestExecutionTime: REQUEST_DURATION_SYSTEM='860',REQUEST_DURATION_OKHTTP='40',REQUEST_SYNCHRONOUS='FALSE',RESPONSE_CODE='200',RESPONSE_METHOD='GET',RESPONSE_LENGTH_OKHTTP='530',RESPONSE_LENGTH_HEADER='530',REQUEST_PROTOCOL='http/1.1',REQUEST_URL='https://project-travel-mate.herokuapp.com/api/get-city/1',
08-06 13:36:16.287 23918 23938 I art     : Starting a blocking GC Explicit
08-06 13:36:16.296 23918 24183 I NAPPA_EXPERIMENTATION: MetricNetworkRequestExecutionTime: REQUEST_DURATION_SYSTEM='886',REQUEST_DURATION_OKHTTP='65',REQUEST_SYNCHRONOUS='FALSE',RESPONSE_CODE='200',RESPONSE_METHOD='GET',RESPONSE_LENGTH_OKHTTP='238',RESPONSE_LENGTH_HEADER='238',REQUEST_PROTOCOL='http/1.1',REQUEST_URL='https://project-travel-mate.herokuapp.com/api/get-city-weather/1',
08-06 13:36:16.311 23918 24184 V Response: {"id":1,"city_name":"Delhi","description":"Delhi, officially the National Capital Territory of Delhi, is the Capital territory of India. During the British Raj, Delhi was part of the province of Punjab and is still historically and culturally connected to the Punjab region.","latitude":"28.613900","longitude":"77.209000","facts_count":6,"images":["https://upload.wikimedia.org/wikipedia/commons/9/94/%E0%B4%96%E0%B5%81%E0%B4%A4%E0%B5%8D%E0%B4%AC%E0%B5%8D_%E0%B4%AE%E0%B4%BF%E0%B4%A8%E0%B4%BE%E0%B5%BC1.jpg"],"has_visited":false}
08-06 13:36:16.313 23918 23938 I art     : Explicit concurrent mark sweep GC freed 6913(333KB) AllocSpace objects, 5(240KB) LOS objects, 29% free, 37MB/53MB, paused 560us total 24.952ms
08-06 13:36:16.324 23918 23938 I art     : Starting a blocking GC Explicit
08-06 13:36:16.348 23918 23938 I art     : Explicit concurrent mark sweep GC freed 1271(134KB) AllocSpace objects, 0(0B) LOS objects, 29% free, 37MB/53MB, paused 611us total 23.605ms
08-06 13:36:16.359 23918 23938 I art     : Starting a blocking GC Explicit
08-06 13:36:16.383 23918 23938 I art     : Explicit concurrent mark sweep GC freed 176(5KB) AllocSpace objects, 0(0B) LOS objects, 29% free, 37MB/53MB, paused 453us total 23.476ms
08-06 13:36:16.395 23918 23938 I art     : Starting a blocking GC Explicit
08-06 13:36:16.418 23918 23938 I art     : Explicit concurrent mark sweep GC freed 20(368B) AllocSpace objects, 0(0B) LOS objects, 29% free, 37MB/53MB, paused 421us total 23.127ms
08-06 13:36:16.430 23918 23938 I art     : Starting a blocking GC Explicit
08-06 13:36:16.453 23918 23938 I art     : Explicit concurrent mark sweep GC freed 2157(164KB) AllocSpace objects, 3(76KB) LOS objects, 28% free, 39MB/55MB, paused 478us total 23.181ms
08-06 13:36:16.775 23918 23931 I art     : Starting a blocking GC Explicit
08-06 13:36:16.803 23918 23931 I art     : Explicit concurrent mark sweep GC freed 2907(185KB) AllocSpace objects, 8(5MB) LOS objects, 29% free, 38MB/54MB, paused 358us total 28.199ms
08-06 13:36:16.816 23918 23931 I art     : Starting a blocking GC Explicit
08-06 13:36:16.842 23918 23931 I art     : Explicit concurrent mark sweep GC freed 170(4KB) AllocSpace objects, 0(0B) LOS objects, 29% free, 38MB/54MB, paused 405us total 25.661ms
08-06 13:36:16.854 23918 23931 I art     : Starting a blocking GC Explicit
08-06 13:36:16.878 23918 23931 I art     : Explicit concurrent mark sweep GC freed 99(1696B) AllocSpace objects, 0(0B) LOS objects, 29% free, 38MB/54MB, paused 364us total 23.833ms
08-06 13:36:16.890 23918 23931 I art     : Starting a blocking GC Explicit
08-06 13:36:16.915 23918 23931 I art     : Explicit concurrent mark sweep GC freed 111(1888B) AllocSpace objects, 0(0B) LOS objects, 29% free, 38MB/54MB, paused 415us total 24.697ms
08-06 13:36:16.928 23918 23931 I art     : Starting a blocking GC Explicit
08-06 13:36:16.952 23918 23931 I art     : Explicit concurrent mark sweep GC freed 158(3KB) AllocSpace objects, 0(0B) LOS objects, 29% free, 38MB/54MB, paused 389us total 24.258ms
08-06 13:36:17.314 23918 23930 I art     : Starting a blocking GC Explicit
08-06 13:36:17.342 23918 23930 I art     : Explicit concurrent mark sweep GC freed 2542(101KB) AllocSpace objects, 2(40KB) LOS objects, 29% free, 38MB/54MB, paused 398us total 27.060ms
08-06 13:36:17.356 23918 23930 I art     : Starting a blocking GC Explicit
08-06 13:36:17.379 23918 23930 I art     : Explicit concurrent mark sweep GC freed 119(2416B) AllocSpace objects, 0(0B) LOS objects, 29% free, 38MB/54MB, paused 344us total 22.630ms
08-06 13:36:17.391 23918 23930 I art     : Starting a blocking GC Explicit
08-06 13:36:17.415 23918 23930 I art     : Explicit concurrent mark sweep GC freed 99(1696B) AllocSpace objects, 0(0B) LOS objects, 29% free, 38MB/54MB, paused 452us total 23.504ms
08-06 13:36:17.427 23918 23930 I art     : Starting a blocking GC Explicit
08-06 13:36:17.452 23918 23930 I art     : Explicit concurrent mark sweep GC freed 147(2496B) AllocSpace objects, 0(0B) LOS objects, 29% free, 38MB/54MB, paused 379us total 24.539ms
08-06 13:36:17.464 23918 23930 I art     : Starting a blocking GC Explicit
08-06 13:36:17.489 23918 23930 I art     : Explicit concurrent mark sweep GC freed 98(1664B) AllocSpace objects, 0(0B) LOS objects, 29% free, 38MB/54MB, paused 376us total 25.101ms
08-06 13:36:17.844 23918 23938 I art     : Starting a blocking GC Explicit
08-06 13:36:17.872 23918 23938 I art     : Explicit concurrent mark sweep GC freed 2533(101KB) AllocSpace objects, 2(40KB) LOS objects, 29% free, 38MB/54MB, paused 365us total 27.275ms
08-06 13:36:17.888 23918 23938 I art     : Starting a blocking GC Explicit
08-06 13:36:17.912 23918 23938 I art     : Explicit concurrent mark sweep GC freed 118(2384B) AllocSpace objects, 0(0B) LOS objects, 29% free, 38MB/54MB, paused 368us total 23.990ms
08-06 13:36:17.924 23918 23938 I art     : Starting a blocking GC Explicit
08-06 13:36:17.948 23918 23938 I art     : Explicit concurrent mark sweep GC freed 99(1696B) AllocSpace objects, 0(0B) LOS objects, 29% free, 38MB/54MB, paused 412us total 23.943ms
08-06 13:36:17.960 23918 23938 I art     : Starting a blocking GC Explicit
08-06 13:36:17.985 23918 23938 I art     : Explicit concurrent mark sweep GC freed 147(2496B) AllocSpace objects, 0(0B) LOS objects, 29% free, 38MB/54MB, paused 356us total 24.187ms
08-06 13:36:17.997 23918 23938 I art     : Starting a blocking GC Explicit
08-06 13:36:18.021 23918 23938 I art     : Explicit concurrent mark sweep GC freed 99(1696B) AllocSpace objects, 0(0B) LOS objects, 29% free, 38MB/54MB, paused 351us total 23.776ms
08-06 13:36:18.374 23918 23931 I art     : Starting a blocking GC Explicit
08-06 13:36:18.402 23918 23931 I art     : Explicit concurrent mark sweep GC freed 2533(101KB) AllocSpace objects, 2(40KB) LOS objects, 29% free, 38MB/54MB, paused 418us total 27.236ms
08-06 13:36:18.418 23918 23931 I art     : Starting a blocking GC Explicit
08-06 13:36:18.442 23918 23931 I art     : Explicit concurrent mark sweep GC freed 119(2416B) AllocSpace objects, 0(0B) LOS objects, 29% free, 38MB/54MB, paused 378us total 24.172ms
08-06 13:36:18.454 23918 23931 I art     : Starting a blocking GC Explicit
08-06 13:36:18.478 23918 23931 I art     : Explicit concurrent mark sweep GC freed 99(1696B) AllocSpace objects, 0(0B) LOS objects, 29% free, 38MB/54MB, paused 355us total 23.421ms
08-06 13:36:18.489 23918 23931 I art     : Starting a blocking GC Explicit
08-06 13:36:18.514 23918 23931 I art     : Explicit concurrent mark sweep GC freed 99(1696B) AllocSpace objects, 0(0B) LOS objects, 29% free, 38MB/54MB, paused 377us total 24.555ms
08-06 13:36:18.526 23918 23931 I art     : Starting a blocking GC Explicit
08-06 13:36:18.551 23918 23931 I art     : Explicit concurrent mark sweep GC freed 136(2288B) AllocSpace objects, 0(0B) LOS objects, 29% free, 38MB/54MB, paused 466us total 24.481ms
08-06 13:36:18.911 23918 23930 I art     : Starting a blocking GC Explicit
08-06 13:36:18.938 23918 23930 I art     : Explicit concurrent mark sweep GC freed 2545(101KB) AllocSpace objects, 2(40KB) LOS objects, 29% free, 38MB/54MB, paused 394us total 26.975ms
08-06 13:36:18.954 23918 23930 I art     : Starting a blocking GC Explicit
08-06 13:36:18.978 23918 23930 I art     : Explicit concurrent mark sweep GC freed 118(2384B) AllocSpace objects, 0(0B) LOS objects, 29% free, 38MB/54MB, paused 374us total 23.930ms
08-06 13:36:18.990 23918 23930 I art     : Starting a blocking GC Explicit
08-06 13:36:19.014 23918 23930 I art     : Explicit concurrent mark sweep GC freed 99(1696B) AllocSpace objects, 0(0B) LOS objects, 29% free, 38MB/54MB, paused 386us total 24.078ms
08-06 13:36:19.026 23918 23930 I art     : Starting a blocking GC Explicit
08-06 13:36:19.050 23918 23930 I art     : Explicit concurrent mark sweep GC freed 107(1824B) AllocSpace objects, 0(0B) LOS objects, 29% free, 38MB/54MB, paused 486us total 24.180ms
08-06 13:36:19.062 23918 23930 I art     : Starting a blocking GC Explicit
08-06 13:36:19.087 23918 23930 I art     : Explicit concurrent mark sweep GC freed 139(2368B) AllocSpace objects, 0(0B) LOS objects, 29% free, 38MB/54MB, paused 367us total 24.012ms
08-06 13:36:19.424 23918 23938 I art     : Starting a blocking GC Explicit
08-06 13:36:19.452 23918 23938 I art     : Explicit concurrent mark sweep GC freed 2437(99KB) AllocSpace objects, 2(40KB) LOS objects, 29% free, 38MB/54MB, paused 459us total 26.922ms
08-06 13:36:19.464 23918 23938 I art     : Starting a blocking GC Explicit
08-06 13:36:19.489 23918 23938 I art     : Explicit concurrent mark sweep GC freed 166(3KB) AllocSpace objects, 0(0B) LOS objects, 29% free, 38MB/54MB, paused 377us total 24.252ms
08-06 13:36:19.501 23918 23938 I art     : Starting a blocking GC Explicit
08-06 13:36:19.525 23918 23938 I art     : Explicit concurrent mark sweep GC freed 99(1696B) AllocSpace objects, 0(0B) LOS objects, 29% free, 38MB/54MB, paused 355us total 23.682ms
08-06 13:36:19.537 23918 23938 I art     : Starting a blocking GC Explicit
08-06 13:36:19.561 23918 23938 I art     : Explicit concurrent mark sweep GC freed 99(1696B) AllocSpace objects, 0(0B) LOS objects, 29% free, 38MB/54MB, paused 397us total 23.959ms
08-06 13:36:19.573 23918 23938 I art     : Starting a blocking GC Explicit
08-06 13:36:19.596 23918 23938 I art     : Explicit concurrent mark sweep GC freed 99(1696B) AllocSpace objects, 0(0B) LOS objects, 29% free, 38MB/54MB, paused 361us total 23.299ms
08-06 13:36:19.934 23918 23931 I art     : Starting a blocking GC Explicit
08-06 13:36:19.960 23918 23931 I art     : Explicit concurrent mark sweep GC freed 2507(101KB) AllocSpace objects, 2(40KB) LOS objects, 29% free, 38MB/54MB, paused 405us total 25.434ms
08-06 13:36:19.961 24268 24268 D AndroidRuntime: >>>>>> START com.android.internal.os.RuntimeInit uid 2000 <<<<<<
08-06 13:36:19.966 24268 24268 D AndroidRuntime: CheckJNI is OFF
08-06 13:36:19.972 23918 23931 I art     : Starting a blocking GC Explicit
08-06 13:36:19.996 23918 23931 I art     : Explicit concurrent mark sweep GC freed 129(2960B) AllocSpace objects, 0(0B) LOS objects, 29% free, 38MB/54MB, paused 387us total 24.019ms
08-06 13:36:20.002 24268 24268 D ICU     : No timezone override file found: /data/misc/zoneinfo/current/icu/icu_tzdata.dat
08-06 13:36:20.009 23918 23931 I art     : Starting a blocking GC Explicit
08-06 13:36:20.031 23918 23931 I art     : Explicit concurrent mark sweep GC freed 99(1696B) AllocSpace objects, 0(0B) LOS objects, 29% free, 38MB/54MB, paused 378us total 22.117ms
08-06 13:36:20.036 24268 24268 I Radio-JNI: register_android_hardware_Radio DONE
08-06 13:36:20.042 23918 23931 I art     : Starting a blocking GC Explicit
08-06 13:36:20.058 24268 24268 D AndroidRuntime: Calling main entry com.android.commands.input.Input
08-06 13:36:20.060 24268 24268 I Input   : injectMotionEvent: MotionEvent { action=ACTION_DOWN, actionButton=0, id[0]=0, x[0]=693.0, y[0]=1450.0, toolType[0]=TOOL_TYPE_UNKNOWN, buttonState=0, metaState=0, flags=0x0, edgeFlags=0x0, pointerCount=1, historySize=0, eventTime=884196473, downTime=884196473, deviceId=0, source=0x1002 }
08-06 13:36:20.067 24268 24268 I Input   : injectMotionEvent: MotionEvent { action=ACTION_UP, actionButton=0, id[0]=0, x[0]=693.0, y[0]=1450.0, toolType[0]=TOOL_TYPE_UNKNOWN, buttonState=0, metaState=0, flags=0x0, edgeFlags=0x0, pointerCount=1, historySize=0, eventTime=884196473, downTime=884196473, deviceId=0, source=0x1002 }
08-06 13:36:20.067 23918 23931 I art     : Explicit concurrent mark sweep GC freed 99(1696B) AllocSpace objects, 0(0B) LOS objects, 29% free, 38MB/54MB, paused 380us total 24.102ms
08-06 13:36:20.069 24268 24268 D AndroidRuntime: Shutting down VM
08-06 13:36:20.072   512  2967 D audio_hw_primary: out_set_parameters: enter: usecase(1: low-latency-playback) kvpairs: routing=2
08-06 13:36:20.073   918   928 I ActivityManager: START u0 {cmp=baseline.io.github.project_travel_mate/.destinations.description.CityHistoryActivity} from uid 10696 on display 0
08-06 13:36:20.079 23918 23931 I art     : Starting a blocking GC Explicit
08-06 13:36:20.085   512  2967 D audio_hw_primary: select_devices: out_snd_device(2: speaker) in_snd_device(0: none)
08-06 13:36:20.086   512  2967 D msm8974_platform: platform_send_audio_calibration: sending audio calibration for snd_device(2) acdb_id(15)
08-06 13:36:20.086   512  2967 I soundtrigger: audio_extn_sound_trigger_update_device_status: device 0x2 of type 0 for Event 1
08-06 13:36:20.096   512  2967 D audio_hw_primary: enable_snd_device: snd_device(2: speaker)
08-06 13:36:20.098   512  2967 D audio_hw_primary: enable_audio_route: apply and update mixer path: low-latency-playback speaker
08-06 13:36:20.102 23918 24000 D Gabe    : call	returning from cache
08-06 13:36:20.104 23918 23931 I art     : Explicit concurrent mark sweep GC freed 352(63KB) AllocSpace objects, 0(0B) LOS objects, 29% free, 38MB/54MB, paused 720us total 24.696ms
08-06 13:36:20.105 23918 23918 V EXECUTING: https://project-travel-mate.herokuapp.com/api/get-city-information/1
08-06 13:36:20.248   918   936 I ActivityManager: Displayed baseline.io.github.project_travel_mate/.destinations.description.CityHistoryActivity: +167ms
08-06 13:36:20.249 13866 13866 I GoogleInputMethodServic: GoogleInputMethodService.onFinishInput():3138 
08-06 13:36:20.249 13866 13866 I GoogleInputMethodServic: GoogleInputMethodService.onStartInput():1808 
08-06 13:36:20.398 23918 23938 I art     : Starting a blocking GC Explicit
08-06 13:36:20.424 23918 23938 I art     : Explicit concurrent mark sweep GC freed 3135(171KB) AllocSpace objects, 2(40KB) LOS objects, 27% free, 42MB/58MB, paused 477us total 26.098ms
08-06 13:36:20.437 23918 23938 I art     : Starting a blocking GC Explicit
08-06 13:36:20.463 23918 23938 I art     : Explicit concurrent mark sweep GC freed 262(7KB) AllocSpace objects, 0(0B) LOS objects, 27% free, 42MB/58MB, paused 416us total 25.852ms
08-06 13:36:20.475 23918 23938 I art     : Starting a blocking GC Explicit
08-06 13:36:20.501   380   380 W SurfaceFlinger: couldn't log to binary event log: overflow.
08-06 13:36:20.502 23918 23938 I art     : Explicit concurrent mark sweep GC freed 172(2896B) AllocSpace objects, 0(0B) LOS objects, 27% free, 42MB/58MB, paused 493us total 27.359ms
08-06 13:36:20.515 23918 23938 I art     : Starting a blocking GC Explicit
08-06 13:36:20.539 23918 23938 I art     : Explicit concurrent mark sweep GC freed 194(3KB) AllocSpace objects, 0(0B) LOS objects, 27% free, 42MB/58MB, paused 433us total 23.364ms
08-06 13:36:20.550 23918 23938 I art     : Starting a blocking GC Explicit
08-06 13:36:20.574 23918 23938 I art     : Explicit concurrent mark sweep GC freed 146(2464B) AllocSpace objects, 0(0B) LOS objects, 27% free, 42MB/58MB, paused 397us total 22.996ms
08-06 13:36:20.639   512  2967 D audio_hw_primary: disable_audio_route: reset and update mixer path: low-latency-playback speaker
08-06 13:36:20.640   512  2967 D audio_hw_primary: disable_snd_device: snd_device(2: speaker)
08-06 13:36:20.647   512  2967 I soundtrigger: audio_extn_sound_trigger_update_device_status: device 0x2 of type 0 for Event 0
08-06 13:36:20.870 23918 23930 I art     : Starting a blocking GC Explicit
08-06 13:36:20.894 23918 23930 I art     : Explicit concurrent mark sweep GC freed 2333(99KB) AllocSpace objects, 2(40KB) LOS objects, 27% free, 42MB/58MB, paused 564us total 24.018ms
08-06 13:36:20.906 23918 23930 I art     : Starting a blocking GC Explicit
08-06 13:36:20.932 23918 23930 I art     : Explicit concurrent mark sweep GC freed 1102(74KB) AllocSpace objects, 2(120KB) LOS objects, 27% free, 43MB/59MB, paused 691us total 25.126ms
08-06 13:36:20.944 23918 23930 I art     : Starting a blocking GC Explicit
08-06 13:36:20.970 23918 23930 I art     : Explicit concurrent mark sweep GC freed 2441(160KB) AllocSpace objects, 1(80KB) LOS objects, 27% free, 43MB/59MB, paused 698us total 25.342ms
08-06 13:36:20.981 23918 23930 I art     : Starting a blocking GC Explicit
08-06 13:36:20.984 23918 24292 I NAPPA_EXPERIMENTATION: MetricNetworkRequestExecutionTime: REQUEST_DURATION_SYSTEM='878',REQUEST_DURATION_OKHTTP='38',REQUEST_SYNCHRONOUS='FALSE',RESPONSE_CODE='200',RESPONSE_METHOD='GET',RESPONSE_LENGTH_OKHTTP='55024',RESPONSE_LENGTH_HEADER='55024',REQUEST_PROTOCOL='http/1.1',REQUEST_URL='https://project-travel-mate.herokuapp.com/api/get-city-information/1',
08-06 13:36:21.006 23918 23930 I art     : Explicit concurrent mark sweep GC freed 416(30KB) AllocSpace objects, 3(272KB) LOS objects, 27% free, 43MB/59MB, paused 527us total 24.337ms
08-06 13:36:21.018 23918 23930 I art     : Starting a blocking GC Explicit
08-06 13:36:21.042 23918 23930 I art     : Explicit concurrent mark sweep GC freed 100(3KB) AllocSpace objects, 0(0B) LOS objects, 27% free, 43MB/59MB, paused 422us total 24.147ms
08-06 13:36:21.163 13866 13866 I GoogleInputMethodServic: GoogleInputMethodService.onFinishInput():3138 
08-06 13:36:21.164 13866 13866 I GoogleInputMethodServic: GoogleInputMethodService.onStartInput():1808 
08-06 13:36:21.368 23918 23930 I art     : Starting a blocking GC Explicit
08-06 13:36:21.404 23918 23930 I art     : Explicit concurrent mark sweep GC freed 3971(1331KB) AllocSpace objects, 19(4MB) LOS objects, 29% free, 39MB/55MB, paused 464us total 35.686ms
08-06 13:36:21.416 23918 23930 I art     : Starting a blocking GC Explicit
08-06 13:36:21.443 23918 23930 I art     : Explicit concurrent mark sweep GC freed 282(6KB) AllocSpace objects, 0(0B) LOS objects, 29% free, 39MB/55MB, paused 416us total 26.285ms
08-06 13:36:21.455 23918 23930 I art     : Starting a blocking GC Explicit
08-06 13:36:21.482 23918 23930 I art     : Explicit concurrent mark sweep GC freed 147(2496B) AllocSpace objects, 0(0B) LOS objects, 29% free, 39MB/55MB, paused 420us total 26.484ms
08-06 13:36:21.494 23918 23930 I art     : Starting a blocking GC Explicit
08-06 13:36:21.521 23918 23930 I art     : Explicit concurrent mark sweep GC freed 198(3KB) AllocSpace objects, 0(0B) LOS objects, 29% free, 39MB/55MB, paused 545us total 26.784ms
08-06 13:36:21.533 23918 23930 I art     : Starting a blocking GC Explicit
08-06 13:36:21.560 23918 23930 I art     : Explicit concurrent mark sweep GC freed 168(2864B) AllocSpace objects, 0(0B) LOS objects, 29% free, 39MB/55MB, paused 409us total 27.147ms
08-06 13:36:21.596   518   646 I ThermalEngine: ACTION: GPU - Setting GPU[0] to 450000000
08-06 13:36:21.941 23918 23931 I art     : Starting a blocking GC Explicit
08-06 13:36:21.976 23918 23931 I art     : Explicit concurrent mark sweep GC freed 3227(112KB) AllocSpace objects, 2(40KB) LOS objects, 29% free, 39MB/55MB, paused 580us total 34.647ms
08-06 13:36:21.993 23918 23931 I art     : Starting a blocking GC Explicit
08-06 13:36:22.027 23918 23931 I art     : Explicit concurrent mark sweep GC freed 270(4KB) AllocSpace objects, 0(0B) LOS objects, 29% free, 39MB/55MB, paused 526us total 33.923ms
08-06 13:36:22.041   918  3261 D WifiStateMachine: starting scan for "H369AA63323"WPA_PSK with 2412,5180
08-06 13:36:22.043 23918 23931 I art     : Starting a blocking GC Explicit
08-06 13:36:22.076 23918 23931 I art     : Explicit concurrent mark sweep GC freed 218(3KB) AllocSpace objects, 0(0B) LOS objects, 29% free, 39MB/55MB, paused 523us total 32.581ms
08-06 13:36:22.092 23918 23931 I art     : Starting a blocking GC Explicit
08-06 13:36:22.124 23918 23931 I art     : Explicit concurrent mark sweep GC freed 220(3KB) AllocSpace objects, 0(0B) LOS objects, 29% free, 39MB/55MB, paused 543us total 31.693ms
08-06 13:36:22.140 23918 23931 I art     : Starting a blocking GC Explicit
08-06 13:36:22.173 23918 23931 I art     : Explicit concurrent mark sweep GC freed 218(3KB) AllocSpace objects, 0(0B) LOS objects, 29% free, 39MB/55MB, paused 546us total 32.800ms
08-06 13:36:22.586 23918 23938 I art     : Starting a blocking GC Explicit
08-06 13:36:22.624 23918 23938 I art     : Explicit concurrent mark sweep GC freed 3315(113KB) AllocSpace objects, 2(40KB) LOS objects, 29% free, 39MB/55MB, paused 626us total 36.739ms
08-06 13:36:22.642 23918 23938 I art     : Starting a blocking GC Explicit
08-06 13:36:22.677 23918 23938 I art     : Explicit concurrent mark sweep GC freed 272(4KB) AllocSpace objects, 0(0B) LOS objects, 29% free, 39MB/55MB, paused 655us total 34.602ms
08-06 13:36:22.693 23918 23938 I art     : Starting a blocking GC Explicit
08-06 13:36:22.729 23918 23938 I art     : Explicit concurrent mark sweep GC freed 230(3KB) AllocSpace objects, 0(0B) LOS objects, 29% free, 39MB/55MB, paused 877us total 35.410ms
08-06 13:36:22.745 23918 23938 I art     : Starting a blocking GC Explicit
08-06 13:36:22.782 23918 23938 I art     : Explicit concurrent mark sweep GC freed 216(3KB) AllocSpace objects, 0(0B) LOS objects, 29% free, 39MB/55MB, paused 745us total 36.643ms
08-06 13:36:22.798 23918 23938 I art     : Starting a blocking GC Explicit
08-06 13:36:22.834 23918 23938 I art     : Explicit concurrent mark sweep GC freed 235(3KB) AllocSpace objects, 0(0B) LOS objects, 29% free, 39MB/55MB, paused 555us total 35.337ms
08-06 13:36:23.223 23918 23931 I art     : Starting a blocking GC Explicit
08-06 13:36:23.258 23918 23931 I art     : Explicit concurrent mark sweep GC freed 3313(114KB) AllocSpace objects, 2(40KB) LOS objects, 29% free, 39MB/55MB, paused 574us total 35.216ms
08-06 13:36:23.274 23918 23931 I art     : Starting a blocking GC Explicit
08-06 13:36:23.307 23918 23931 I art     : Explicit concurrent mark sweep GC freed 254(5KB) AllocSpace objects, 0(0B) LOS objects, 29% free, 39MB/55MB, paused 706us total 32.844ms
08-06 13:36:23.323 23918 23931 I art     : Starting a blocking GC Explicit
08-06 13:36:23.357 23918 23931 I art     : Explicit concurrent mark sweep GC freed 201(3KB) AllocSpace objects, 0(0B) LOS objects, 29% free, 39MB/55MB, paused 664us total 33.194ms
08-06 13:36:23.373 23918 23931 I art     : Starting a blocking GC Explicit
08-06 13:36:23.407 23918 23931 I art     : Explicit concurrent mark sweep GC freed 236(3KB) AllocSpace objects, 0(0B) LOS objects, 29% free, 39MB/55MB, paused 708us total 33.930ms
08-06 13:36:23.423 23918 23931 I art     : Starting a blocking GC Explicit
08-06 13:36:23.458 23918 23931 I art     : Explicit concurrent mark sweep GC freed 219(3KB) AllocSpace objects, 0(0B) LOS objects, 29% free, 39MB/55MB, paused 579us total 34.024ms
08-06 13:36:23.856 23918 23930 I art     : Starting a blocking GC Explicit
08-06 13:36:23.916 23918 23930 I art     : Explicit concurrent mark sweep GC freed 3372(114KB) AllocSpace objects, 2(40KB) LOS objects, 29% free, 39MB/55MB, paused 812us total 59.035ms
08-06 13:36:23.937 23918 23930 I art     : Starting a blocking GC Explicit
08-06 13:36:23.978 23918 23930 I art     : Explicit concurrent mark sweep GC freed 310(5KB) AllocSpace objects, 0(0B) LOS objects, 29% free, 39MB/55MB, paused 675us total 40.090ms
08-06 13:36:23.994 23918 23930 I art     : Starting a blocking GC Explicit
08-06 13:36:24.029 23918 23930 I art     : Explicit concurrent mark sweep GC freed 219(3KB) AllocSpace objects, 0(0B) LOS objects, 29% free, 39MB/55MB, paused 562us total 34.477ms
08-06 13:36:24.045 23918 23930 I art     : Starting a blocking GC Explicit
08-06 13:36:24.081 23918 23930 I art     : Explicit concurrent mark sweep GC freed 219(3KB) AllocSpace objects, 0(0B) LOS objects, 29% free, 39MB/55MB, paused 586us total 35.705ms
08-06 13:36:24.098 23918 23930 I art     : Starting a blocking GC Explicit
08-06 13:36:24.135 23918 23930 I art     : Explicit concurrent mark sweep GC freed 220(3KB) AllocSpace objects, 0(0B) LOS objects, 29% free, 39MB/55MB, paused 560us total 36.495ms
08-06 13:36:24.509 23918 23938 I art     : Starting a blocking GC Explicit
08-06 13:36:24.543 23918 23938 I art     : Explicit concurrent mark sweep GC freed 3229(112KB) AllocSpace objects, 2(40KB) LOS objects, 29% free, 39MB/55MB, paused 594us total 33.648ms
08-06 13:36:24.559 23918 23938 I art     : Starting a blocking GC Explicit
08-06 13:36:24.591 23918 23938 I art     : Explicit concurrent mark sweep GC freed 237(4KB) AllocSpace objects, 0(0B) LOS objects, 29% free, 39MB/55MB, paused 548us total 32.026ms
08-06 13:36:24.607 23918 23938 I art     : Starting a blocking GC Explicit
08-06 13:36:24.640 23918 23938 I art     : Explicit concurrent mark sweep GC freed 172(2912B) AllocSpace objects, 0(0B) LOS objects, 29% free, 39MB/55MB, paused 623us total 32.541ms
08-06 13:36:24.656 23918 23938 I art     : Starting a blocking GC Explicit
08-06 13:36:24.692 23918 23938 I art     : Explicit concurrent mark sweep GC freed 218(3KB) AllocSpace objects, 0(0B) LOS objects, 29% free, 39MB/55MB, paused 683us total 35.498ms
08-06 13:36:24.708 23918 23938 I art     : Starting a blocking GC Explicit
08-06 13:36:24.744 23918 23938 I art     : Explicit concurrent mark sweep GC freed 227(3KB) AllocSpace objects, 0(0B) LOS objects, 29% free, 39MB/55MB, paused 620us total 35.165ms
08-06 13:36:24.865 24367 24367 D AndroidRuntime: >>>>>> START com.android.internal.os.RuntimeInit uid 2000 <<<<<<
08-06 13:36:24.872 24367 24367 D AndroidRuntime: CheckJNI is OFF
08-06 13:36:24.913 24367 24367 D ICU     : No timezone override file found: /data/misc/zoneinfo/current/icu/icu_tzdata.dat
08-06 13:36:24.955 24367 24367 I Radio-JNI: register_android_hardware_Radio DONE
08-06 13:36:24.984 24367 24367 D AndroidRuntime: Calling main entry com.android.commands.input.Input
08-06 13:36:24.985 24367 24367 I Input   : injectKeyEvent: KeyEvent { action=ACTION_DOWN, keyCode=KEYCODE_BACK, scanCode=0, metaState=0, flags=0x0, repeatCount=0, eventTime=884201398, downTime=884201398, deviceId=-1, source=0x101 }
08-06 13:36:24.989 20760 20760 I Atfwd_Sendcmd: AtCmdFwd service not ready - Exhausted retry attempts - :6
08-06 13:36:24.989 20760 20760 I Atfwd_Daemon: result : -1 	 ,Init step :2 	 ,qmiErrorCode: 0
08-06 13:36:24.998 24367 24367 I Input   : injectKeyEvent: KeyEvent { action=ACTION_UP, keyCode=KEYCODE_BACK, scanCode=0, metaState=0, flags=0x0, repeatCount=0, eventTime=884201398, downTime=884201398, deviceId=-1, source=0x101 }
08-06 13:36:25.004 24367 24367 D AndroidRuntime: Shutting down VM
08-06 13:36:25.050 13866 13866 I GoogleInputMethodServic: GoogleInputMethodService.onFinishInput():3138 
08-06 13:36:25.051 13866 13866 I GoogleInputMethodServic: GoogleInputMethodService.onStartInput():1808 
08-06 13:36:25.129 23918 23938 I art     : Starting a blocking GC Explicit
08-06 13:36:25.159 23918 23938 I art     : Explicit concurrent mark sweep GC freed 3302(116KB) AllocSpace objects, 2(40KB) LOS objects, 29% free, 39MB/55MB, paused 521us total 29.935ms
08-06 13:36:25.176 23918 23938 I art     : Starting a blocking GC Explicit
08-06 13:36:25.213 23918 23938 I art     : Explicit concurrent mark sweep GC freed 243(4KB) AllocSpace objects, 0(0B) LOS objects, 29% free, 39MB/55MB, paused 612us total 37.271ms
08-06 13:36:25.231 23918 23938 I art     : Starting a blocking GC Explicit
08-06 13:36:25.271 23918 23938 I art     : Explicit concurrent mark sweep GC freed 219(3KB) AllocSpace objects, 0(0B) LOS objects, 29% free, 39MB/55MB, paused 543us total 39.282ms
08-06 13:36:25.290 23918 23938 I art     : Starting a blocking GC Explicit
08-06 13:36:25.330 23918 23938 I art     : Explicit concurrent mark sweep GC freed 290(4KB) AllocSpace objects, 0(0B) LOS objects, 29% free, 39MB/55MB, paused 591us total 40.101ms
08-06 13:36:25.348 23918 23938 I art     : Starting a blocking GC Explicit
08-06 13:36:25.372   380   380 W SurfaceFlinger: couldn't log to binary event log: overflow.
08-06 13:36:25.383 23918 23938 I art     : Explicit concurrent mark sweep GC freed 230(3KB) AllocSpace objects, 0(0B) LOS objects, 29% free, 39MB/55MB, paused 524us total 33.962ms
08-06 13:36:25.600   518   646 I ThermalEngine: ACTION: GPU - Setting GPU[0] to 510000000
08-06 13:36:25.726 23918 23931 I art     : Starting a blocking GC Explicit
08-06 13:36:25.755 23918 23931 I art     : Explicit concurrent mark sweep GC freed 2500(101KB) AllocSpace objects, 4(404KB) LOS objects, 29% free, 38MB/54MB, paused 486us total 28.490ms
08-06 13:36:25.767 23918 23931 I art     : Starting a blocking GC Explicit
08-06 13:36:25.790 23918 23931 I art     : Explicit concurrent mark sweep GC freed 924(40KB) AllocSpace objects, 0(0B) LOS objects, 29% free, 38MB/54MB, paused 610us total 22.510ms
08-06 13:36:25.802 23918 23931 I art     : Starting a blocking GC Explicit
08-06 13:36:25.825 23918 23931 I art     : Explicit concurrent mark sweep GC freed 4035(303KB) AllocSpace objects, 7(132KB) LOS objects, 29% free, 38MB/54MB, paused 406us total 23.615ms
08-06 13:36:25.837 23918 23931 I art     : Starting a blocking GC Explicit
08-06 13:36:25.861 23918 23931 I art     : Explicit concurrent mark sweep GC freed 99(1696B) AllocSpace objects, 0(0B) LOS objects, 29% free, 38MB/54MB, paused 397us total 23.412ms
08-06 13:36:25.872 23918 23931 I art     : Starting a blocking GC Explicit
08-06 13:36:25.898 23918 23931 I art     : Explicit concurrent mark sweep GC freed 98(1664B) AllocSpace objects, 0(0B) LOS objects, 29% free, 38MB/54MB, paused 397us total 25.357ms
08-06 13:36:26.193 24365 14427 I NetworkScheduler.Stats: Task com.google.android.apps.gcs/ started execution. cause:4 exec_start_elapsed_seconds: 1867590 [CONTEXT service_id=218 ]
08-06 13:36:26.194 17073 24444 W Gcs.WfaEliRefreshTask: [29133] afk.b: NULL eligibility response.
08-06 13:36:26.197 24365 14427 I NetworkScheduler.Stats: Task com.google.android.apps.gcs/ finished executing. cause:4 result: 3 elapsed_millis: 8 uptime_millis: 9 exec_start_elapsed_seconds: 1867590 [CONTEXT service_id=218 ]
08-06 13:36:26.235 23918 23930 I art     : Starting a blocking GC Explicit
08-06 13:36:26.262 23918 23930 I art     : Explicit concurrent mark sweep GC freed 2510(101KB) AllocSpace objects, 2(40KB) LOS objects, 29% free, 38MB/54MB, paused 412us total 26.206ms
08-06 13:36:26.273 23918 23930 I art     : Starting a blocking GC Explicit
08-06 13:36:26.296 23918 23930 I art     : Explicit concurrent mark sweep GC freed 127(2896B) AllocSpace objects, 0(0B) LOS objects, 29% free, 38MB/54MB, paused 403us total 23.092ms
08-06 13:36:26.308 23918 23930 I art     : Starting a blocking GC Explicit
08-06 13:36:26.332 23918 23930 I art     : Explicit concurrent mark sweep GC freed 100(1728B) AllocSpace objects, 0(0B) LOS objects, 29% free, 38MB/54MB, paused 410us total 23.958ms
08-06 13:36:26.344 23918 23930 I art     : Starting a blocking GC Explicit
08-06 13:36:26.369 23918 23930 I art     : Explicit concurrent mark sweep GC freed 99(1696B) AllocSpace objects, 0(0B) LOS objects, 29% free, 38MB/54MB, paused 404us total 24.267ms
08-06 13:36:26.381 23918 23930 I art     : Starting a blocking GC Explicit
08-06 13:36:26.405 23918 23930 I art     : Explicit concurrent mark sweep GC freed 99(1696B) AllocSpace objects, 0(0B) LOS objects, 29% free, 38MB/54MB, paused 419us total 24.492ms
08-06 13:36:26.634 24445 24445 D AndroidRuntime: >>>>>> START com.android.internal.os.RuntimeInit uid 2000 <<<<<<
08-06 13:36:26.639 24445 24445 D AndroidRuntime: CheckJNI is OFF
08-06 13:36:26.671 24445 24445 D ICU     : No timezone override file found: /data/misc/zoneinfo/current/icu/icu_tzdata.dat
08-06 13:36:26.704 24445 24445 I Radio-JNI: register_android_hardware_Radio DONE
08-06 13:36:26.725 24445 24445 D AndroidRuntime: Calling main entry com.android.commands.input.Input
08-06 13:36:26.727 24445 24445 I Input   : injectMotionEvent: MotionEvent { action=ACTION_DOWN, actionButton=0, id[0]=0, x[0]=504.0, y[0]=1706.0, toolType[0]=TOOL_TYPE_UNKNOWN, buttonState=0, metaState=0, flags=0x0, edgeFlags=0x0, pointerCount=1, historySize=0, eventTime=884203140, downTime=884203140, deviceId=0, source=0x1002 }
08-06 13:36:26.727 23918 23938 I art     : Starting a blocking GC Explicit
08-06 13:36:26.732 24445 24445 I Input   : injectMotionEvent: MotionEvent { action=ACTION_UP, actionButton=0, id[0]=0, x[0]=504.0, y[0]=1706.0, toolType[0]=TOOL_TYPE_UNKNOWN, buttonState=0, metaState=0, flags=0x0, edgeFlags=0x0, pointerCount=1, historySize=0, eventTime=884203140, downTime=884203140, deviceId=0, source=0x1002 }
08-06 13:36:26.733 24445 24445 D AndroidRuntime: Shutting down VM
08-06 13:36:26.735   512  2967 D audio_hw_primary: out_set_parameters: enter: usecase(1: low-latency-playback) kvpairs: routing=2
08-06 13:36:26.738   918  4413 I ActivityManager: START u0 {cmp=baseline.io.github.project_travel_mate/.destinations.funfacts.FunFactsActivity (has extras)} from uid 10696 on display 0
08-06 13:36:26.748   512  2967 D audio_hw_primary: select_devices: out_snd_device(2: speaker) in_snd_device(0: none)
08-06 13:36:26.749   512  2967 D msm8974_platform: platform_send_audio_calibration: sending audio calibration for snd_device(2) acdb_id(15)
08-06 13:36:26.749   512  2967 I soundtrigger: audio_extn_sound_trigger_update_device_status: device 0x2 of type 0 for Event 1
08-06 13:36:26.754 23918 23938 I art     : Explicit concurrent mark sweep GC freed 3535(220KB) AllocSpace objects, 2(40KB) LOS objects, 29% free, 38MB/54MB, paused 769us total 26.930ms
08-06 13:36:26.759   512  2967 D audio_hw_primary: enable_snd_device: snd_device(2: speaker)
08-06 13:36:26.761   512  2967 D audio_hw_primary: enable_audio_route: apply and update mixer path: low-latency-playback speaker
08-06 13:36:26.761 23918 24000 D Gabe    : call	returning from cache
08-06 13:36:26.766 23918 23918 V EXECUTING: https://project-travel-mate.herokuapp.com/api/get-city-facts/1
08-06 13:36:26.767 23918 23938 I art     : Starting a blocking GC Explicit
08-06 13:36:26.791 23918 23938 I art     : Explicit concurrent mark sweep GC freed 1540(144KB) AllocSpace objects, 0(0B) LOS objects, 29% free, 38MB/54MB, paused 477us total 24.635ms
08-06 13:36:26.803 23918 23938 I art     : Starting a blocking GC Explicit
08-06 13:36:26.828 23918 23938 I art     : Explicit concurrent mark sweep GC freed 547(16KB) AllocSpace objects, 0(0B) LOS objects, 27% free, 42MB/58MB, paused 761us total 25.292ms
08-06 13:36:26.841 23918 23938 I art     : Starting a blocking GC Explicit
08-06 13:36:26.866 23918 23938 I art     : Explicit concurrent mark sweep GC freed 97(5KB) AllocSpace objects, 0(0B) LOS objects, 27% free, 42MB/58MB, paused 761us total 25.130ms
08-06 13:36:26.878 23918 23938 I art     : Starting a blocking GC Explicit
08-06 13:36:26.893   918   936 I ActivityManager: Displayed baseline.io.github.project_travel_mate/.destinations.funfacts.FunFactsActivity: +146ms
08-06 13:36:26.893 13866 13866 I GoogleInputMethodServic: GoogleInputMethodService.onFinishInput():3138 
08-06 13:36:26.893 13866 13866 I GoogleInputMethodServic: GoogleInputMethodService.onStartInput():1808 
08-06 13:36:26.903 23918 23938 I art     : Explicit concurrent mark sweep GC freed 144(4KB) AllocSpace objects, 0(0B) LOS objects, 27% free, 42MB/58MB, paused 698us total 23.911ms
08-06 13:36:27.141   380   380 W SurfaceFlinger: couldn't log to binary event log: overflow.
08-06 13:36:27.212 23918 23930 I art     : Starting a blocking GC Explicit
08-06 13:36:27.238 23918 23930 I art     : Explicit concurrent mark sweep GC freed 2675(103KB) AllocSpace objects, 2(40KB) LOS objects, 27% free, 42MB/58MB, paused 550us total 25.182ms
08-06 13:36:27.251 23918 23930 I art     : Starting a blocking GC Explicit
08-06 13:36:27.280 23918 23930 I art     : Explicit concurrent mark sweep GC freed 240(4KB) AllocSpace objects, 0(0B) LOS objects, 27% free, 42MB/58MB, paused 1.219ms total 28.707ms
08-06 13:36:27.294 23918 23930 I art     : Starting a blocking GC Explicit
08-06 13:36:27.299   512  2967 D audio_hw_primary: disable_audio_route: reset and update mixer path: low-latency-playback speaker
08-06 13:36:27.300   512  2967 D audio_hw_primary: disable_snd_device: snd_device(2: speaker)
08-06 13:36:27.308   512  2967 I soundtrigger: audio_extn_sound_trigger_update_device_status: device 0x2 of type 0 for Event 0
08-06 13:36:27.321 23918 23930 I art     : Explicit concurrent mark sweep GC freed 53(896B) AllocSpace objects, 0(0B) LOS objects, 27% free, 42MB/58MB, paused 666us total 26.601ms
08-06 13:36:27.333 23918 23930 I art     : Starting a blocking GC Explicit
08-06 13:36:27.358 23918 23930 I art     : Explicit concurrent mark sweep GC freed 27(688B) AllocSpace objects, 0(0B) LOS objects, 27% free, 42MB/58MB, paused 644us total 24.949ms
08-06 13:36:27.370 23918 23930 I art     : Starting a blocking GC Explicit
08-06 13:36:27.395 23918 23930 I art     : Explicit concurrent mark sweep GC freed 155(3KB) AllocSpace objects, 0(0B) LOS objects, 27% free, 42MB/58MB, paused 733us total 25.449ms
08-06 13:36:27.606   518   646 I ThermalEngine: ACTION: GPU - Setting GPU[0] to 450000000
08-06 13:36:27.633 23918 24472 I NAPPA_EXPERIMENTATION: MetricNetworkRequestExecutionTime: REQUEST_DURATION_SYSTEM='866',REQUEST_DURATION_OKHTTP='30',REQUEST_SYNCHRONOUS='FALSE',RESPONSE_CODE='200',RESPONSE_METHOD='GET',RESPONSE_LENGTH_OKHTTP='1793',RESPONSE_LENGTH_HEADER='1793',REQUEST_PROTOCOL='http/1.1',REQUEST_URL='https://project-travel-mate.herokuapp.com/api/get-city-facts/1',
08-06 13:36:27.637 23918 24472 V EXECUTING: https://project-travel-mate.herokuapp.com/api/get-city-images/1
08-06 13:36:27.745 23918 23938 I art     : Starting a blocking GC Explicit
08-06 13:36:27.779 23918 23938 I art     : Explicit concurrent mark sweep GC freed 5427(277KB) AllocSpace objects, 5(240KB) LOS objects, 26% free, 43MB/59MB, paused 883us total 33.057ms
08-06 13:36:27.794 23918 23938 I art     : Starting a blocking GC Explicit
08-06 13:36:27.826 23918 23938 I art     : Explicit concurrent mark sweep GC freed 1087(119KB) AllocSpace objects, 0(0B) LOS objects, 27% free, 43MB/59MB, paused 858us total 31.146ms
08-06 13:36:27.841 23918 23938 I art     : Starting a blocking GC Explicit
08-06 13:36:27.872 23918 23938 I art     : Explicit concurrent mark sweep GC freed 131(2192B) AllocSpace objects, 0(0B) LOS objects, 27% free, 43MB/59MB, paused 799us total 30.730ms
08-06 13:36:27.888 23918 23938 I art     : Starting a blocking GC Explicit
08-06 13:36:27.919 23918 23938 I art     : Explicit concurrent mark sweep GC freed 21(384B) AllocSpace objects, 0(0B) LOS objects, 27% free, 43MB/59MB, paused 765us total 30.726ms
08-06 13:36:27.935 23918 23938 I art     : Starting a blocking GC Explicit
08-06 13:36:27.967 23918 23938 I art     : Explicit concurrent mark sweep GC freed 128(2144B) AllocSpace objects, 0(0B) LOS objects, 27% free, 43MB/59MB, paused 950us total 31.448ms
08-06 13:36:28.303 23918 24417 I art     : Starting a blocking GC Explicit
08-06 13:36:28.336 23918 24417 I art     : Explicit concurrent mark sweep GC freed 4704(224KB) AllocSpace objects, 5(240KB) LOS objects, 26% free, 43MB/59MB, paused 852us total 32.691ms
08-06 13:36:28.352 23918 24506 I NAPPA_EXPERIMENTATION: MetricNetworkRequestExecutionTime: REQUEST_DURATION_SYSTEM='713',REQUEST_DURATION_OKHTTP='34',REQUEST_SYNCHRONOUS='FALSE',RESPONSE_CODE='200',RESPONSE_METHOD='GET',RESPONSE_LENGTH_OKHTTP='183',RESPONSE_LENGTH_HEADER='183',REQUEST_PROTOCOL='http/1.1',REQUEST_URL='https://project-travel-mate.herokuapp.com/api/get-city-images/1',
08-06 13:36:28.352 23918 24417 I art     : Starting a blocking GC Explicit
08-06 13:36:28.383 23918 24417 I art     : Explicit concurrent mark sweep GC freed 1177(130KB) AllocSpace objects, 0(0B) LOS objects, 26% free, 43MB/59MB, paused 603us total 30.984ms
08-06 13:36:28.389 23918 24506 V RESPONSE: [{"id":17,"image_url":"https://upload.wikimedia.org/wikipedia/commons/9/94/%E0%B4%96%E0%B5%81%E0%B4%A4%E0%B5%8D%E0%B4%AC%E0%B5%8D_%E0%B4%AE%E0%B4%BF%E0%B4%A8%E0%B4%BE%E0%B5%BC1.jpg"}]
08-06 13:36:28.399 23918 24417 I art     : Starting a blocking GC Explicit
08-06 13:36:28.432 23918 24417 I art     : Explicit concurrent mark sweep GC freed 263(9KB) AllocSpace objects, 0(0B) LOS objects, 26% free, 43MB/59MB, paused 875us total 32.842ms
08-06 13:36:28.448 23918 24417 I art     : Starting a blocking GC Explicit
08-06 13:36:28.482 23918 24417 I art     : Explicit concurrent mark sweep GC freed 835(54KB) AllocSpace objects, 0(0B) LOS objects, 26% free, 43MB/59MB, paused 957us total 33.708ms
08-06 13:36:28.498 23918 24417 I art     : Starting a blocking GC Explicit
08-06 13:36:28.534 23918 24417 I art     : Explicit concurrent mark sweep GC freed 2631(141KB) AllocSpace objects, 0(0B) LOS objects, 26% free, 43MB/59MB, paused 634us total 35.619ms
08-06 13:36:28.895 23918 23930 I art     : Starting a blocking GC Explicit
08-06 13:36:28.938 23918 23930 I art     : Explicit concurrent mark sweep GC freed 3093(116KB) AllocSpace objects, 3(4MB) LOS objects, 28% free, 39MB/55MB, paused 624us total 42.138ms
08-06 13:36:28.957 23918 23930 I art     : Starting a blocking GC Explicit
08-06 13:36:28.991 23918 23930 I art     : Explicit concurrent mark sweep GC freed 252(4KB) AllocSpace objects, 0(0B) LOS objects, 28% free, 39MB/55MB, paused 574us total 33.950ms
08-06 13:36:29.007 23918 23930 I art     : Starting a blocking GC Explicit
08-06 13:36:29.040 23918 23930 I art     : Explicit concurrent mark sweep GC freed 229(4KB) AllocSpace objects, 0(0B) LOS objects, 28% free, 39MB/55MB, paused 597us total 32.727ms
08-06 13:36:29.057 23918 23930 I art     : Starting a blocking GC Explicit
08-06 13:36:29.090 23918 23930 I art     : Explicit concurrent mark sweep GC freed 219(3KB) AllocSpace objects, 0(0B) LOS objects, 28% free, 39MB/55MB, paused 611us total 33.154ms
08-06 13:36:29.106 23918 23930 I art     : Starting a blocking GC Explicit
08-06 13:36:29.140 23918 23930 I art     : Explicit concurrent mark sweep GC freed 219(3KB) AllocSpace objects, 0(0B) LOS objects, 28% free, 39MB/55MB, paused 600us total 33.502ms
08-06 13:36:29.512 24538 24538 D AndroidRuntime: >>>>>> START com.android.internal.os.RuntimeInit uid 2000 <<<<<<
08-06 13:36:29.518 24538 24538 D AndroidRuntime: CheckJNI is OFF
08-06 13:36:29.526 23918 24417 I art     : Starting a blocking GC Explicit
08-06 13:36:29.564 23918 24417 I art     : Explicit concurrent mark sweep GC freed 3246(112KB) AllocSpace objects, 2(40KB) LOS objects, 28% free, 39MB/55MB, paused 692us total 37.913ms
08-06 13:36:29.565 24538 24538 D ICU     : No timezone override file found: /data/misc/zoneinfo/current/icu/icu_tzdata.dat
08-06 13:36:29.580 23918 24417 I art     : Starting a blocking GC Explicit
08-06 13:36:29.611 24538 24538 I Radio-JNI: register_android_hardware_Radio DONE
08-06 13:36:29.617 23918 24417 I art     : Explicit concurrent mark sweep GC freed 252(4KB) AllocSpace objects, 0(0B) LOS objects, 28% free, 39MB/55MB, paused 776us total 36.350ms
08-06 13:36:29.633 23918 24417 I art     : Starting a blocking GC Explicit
08-06 13:36:29.641 24538 24538 D AndroidRuntime: Calling main entry com.android.commands.input.Input
08-06 13:36:29.642 24538 24538 I Input   : injectKeyEvent: KeyEvent { action=ACTION_DOWN, keyCode=KEYCODE_BACK, scanCode=0, metaState=0, flags=0x0, repeatCount=0, eventTime=884206055, downTime=884206055, deviceId=-1, source=0x101 }
08-06 13:36:29.650 24538 24538 I Input   : injectKeyEvent: KeyEvent { action=ACTION_UP, keyCode=KEYCODE_BACK, scanCode=0, metaState=0, flags=0x0, repeatCount=0, eventTime=884206055, downTime=884206055, deviceId=-1, source=0x101 }
08-06 13:36:29.656 24538 24538 D AndroidRuntime: Shutting down VM
08-06 13:36:29.667 23918 24417 I art     : Explicit concurrent mark sweep GC freed 295(6KB) AllocSpace objects, 0(0B) LOS objects, 28% free, 39MB/55MB, paused 893us total 34.047ms
08-06 13:36:29.684 23918 24417 I art     : Starting a blocking GC Explicit
08-06 13:36:29.695 13866 13866 I GoogleInputMethodServic: GoogleInputMethodService.onFinishInput():3138 
08-06 13:36:29.695 13866 13866 I GoogleInputMethodServic: GoogleInputMethodService.onStartInput():1808 
08-06 13:36:29.717 23918 24417 I art     : Explicit concurrent mark sweep GC freed 211(4KB) AllocSpace objects, 0(0B) LOS objects, 28% free, 39MB/55MB, paused 758us total 33.073ms
08-06 13:36:29.734 23918 24417 I art     : Starting a blocking GC Explicit
08-06 13:36:29.764 23918 24417 I art     : Explicit concurrent mark sweep GC freed 227(3KB) AllocSpace objects, 0(0B) LOS objects, 28% free, 39MB/55MB, paused 577us total 30.243ms
08-06 13:36:30.010   380   380 W SurfaceFlinger: couldn't log to binary event log: overflow.
08-06 13:36:30.113 23918 23938 I art     : Starting a blocking GC Explicit
08-06 13:36:30.152 23918 23938 I art     : Explicit concurrent mark sweep GC freed 3679(144KB) AllocSpace objects, 5(684KB) LOS objects, 29% free, 38MB/54MB, paused 596us total 38.201ms
08-06 13:36:30.168 23918 23938 I art     : Starting a blocking GC Explicit
08-06 13:36:30.200 23918 23938 I art     : Explicit concurrent mark sweep GC freed 5581(268KB) AllocSpace objects, 1(28KB) LOS objects, 29% free, 38MB/54MB, paused 588us total 31.658ms
08-06 13:36:30.215 23918 23938 I art     : Starting a blocking GC Explicit
08-06 13:36:30.247 23918 23938 I art     : Explicit concurrent mark sweep GC freed 151(2720B) AllocSpace objects, 0(0B) LOS objects, 29% free, 38MB/54MB, paused 691us total 31.189ms
08-06 13:36:30.263 23918 23938 I art     : Starting a blocking GC Explicit
08-06 13:36:30.297 23918 23938 I art     : Explicit concurrent mark sweep GC freed 143(2416B) AllocSpace objects, 0(0B) LOS objects, 29% free, 38MB/54MB, paused 731us total 33.406ms
08-06 13:36:30.313 23918 23938 I art     : Starting a blocking GC Explicit
08-06 13:36:30.347 23918 23938 I art     : Explicit concurrent mark sweep GC freed 140(2384B) AllocSpace objects, 0(0B) LOS objects, 29% free, 38MB/54MB, paused 721us total 33.292ms
08-06 13:36:30.713 23918 23930 I art     : Starting a blocking GC Explicit
08-06 13:36:30.748 23918 23930 I art     : Explicit concurrent mark sweep GC freed 2592(102KB) AllocSpace objects, 2(40KB) LOS objects, 29% free, 38MB/54MB, paused 641us total 35.012ms
08-06 13:36:30.764 23918 23930 I art     : Starting a blocking GC Explicit
08-06 13:36:30.798 23918 23930 I art     : Explicit concurrent mark sweep GC freed 166(3KB) AllocSpace objects, 0(0B) LOS objects, 29% free, 38MB/54MB, paused 645us total 33.077ms
08-06 13:36:30.814 23918 23930 I art     : Starting a blocking GC Explicit
08-06 13:36:30.848 23918 23930 I art     : Explicit concurrent mark sweep GC freed 147(2496B) AllocSpace objects, 0(0B) LOS objects, 29% free, 38MB/54MB, paused 646us total 33.362ms
08-06 13:36:30.864 23918 23930 I art     : Starting a blocking GC Explicit
08-06 13:36:30.897 23918 23930 I art     : Explicit concurrent mark sweep GC freed 139(2368B) AllocSpace objects, 0(0B) LOS objects, 29% free, 38MB/54MB, paused 740us total 32.959ms
08-06 13:36:30.914 23918 23930 I art     : Starting a blocking GC Explicit
08-06 13:36:30.944 23918 23930 I art     : Explicit concurrent mark sweep GC freed 109(1888B) AllocSpace objects, 0(0B) LOS objects, 29% free, 38MB/54MB, paused 596us total 30.493ms
08-06 13:36:31.296 23918 23931 I art     : Starting a blocking GC Explicit
08-06 13:36:31.332 23918 23931 I art     : Explicit concurrent mark sweep GC freed 2532(101KB) AllocSpace objects, 2(40KB) LOS objects, 29% free, 38MB/54MB, paused 718us total 35.419ms
08-06 13:36:31.348 23918 23931 I art     : Starting a blocking GC Explicit
08-06 13:36:31.382 23918 23931 I art     : Explicit concurrent mark sweep GC freed 176(3KB) AllocSpace objects, 0(0B) LOS objects, 29% free, 38MB/54MB, paused 808us total 33.465ms
08-06 13:36:31.398 23918 23931 I art     : Starting a blocking GC Explicit
08-06 13:36:31.432 23918 23931 I art     : Explicit concurrent mark sweep GC freed 149(2528B) AllocSpace objects, 0(0B) LOS objects, 29% free, 38MB/54MB, paused 706us total 33.841ms
08-06 13:36:31.439 24590 24590 D AndroidRuntime: >>>>>> START com.android.internal.os.RuntimeInit uid 2000 <<<<<<
08-06 13:36:31.445 24590 24590 D AndroidRuntime: CheckJNI is OFF
08-06 13:36:31.448 23918 23931 I art     : Starting a blocking GC Explicit
08-06 13:36:31.481 23918 23931 I art     : Explicit concurrent mark sweep GC freed 144(2464B) AllocSpace objects, 0(0B) LOS objects, 29% free, 38MB/54MB, paused 678us total 32.932ms
08-06 13:36:31.489 24590 24590 D ICU     : No timezone override file found: /data/misc/zoneinfo/current/icu/icu_tzdata.dat
08-06 13:36:31.497 23918 23931 I art     : Starting a blocking GC Explicit
08-06 13:36:31.531 23918 23931 I art     : Explicit concurrent mark sweep GC freed 139(2352B) AllocSpace objects, 0(0B) LOS objects, 29% free, 38MB/54MB, paused 684us total 33.874ms
08-06 13:36:31.535 24590 24590 I Radio-JNI: register_android_hardware_Radio DONE
08-06 13:36:31.564 24590 24590 D AndroidRuntime: Calling main entry com.android.commands.input.Input
08-06 13:36:31.567 24590 24590 I Input   : injectMotionEvent: MotionEvent { action=ACTION_DOWN, actionButton=0, id[0]=0, x[0]=504.0, y[0]=1706.0, toolType[0]=TOOL_TYPE_UNKNOWN, buttonState=0, metaState=0, flags=0x0, edgeFlags=0x0, pointerCount=1, historySize=0, eventTime=884207979, downTime=884207979, deviceId=0, source=0x1002 }
08-06 13:36:31.572 24590 24590 I Input   : injectMotionEvent: MotionEvent { action=ACTION_UP, actionButton=0, id[0]=0, x[0]=504.0, y[0]=1706.0, toolType[0]=TOOL_TYPE_UNKNOWN, buttonState=0, metaState=0, flags=0x0, edgeFlags=0x0, pointerCount=1, historySize=0, eventTime=884207979, downTime=884207979, deviceId=0, source=0x1002 }
08-06 13:36:31.576 24590 24590 D AndroidRuntime: Shutting down VM
08-06 13:36:31.577   512  2967 D audio_hw_primary: out_set_parameters: enter: usecase(1: low-latency-playback) kvpairs: routing=2
08-06 13:36:31.581   918  6111 I ActivityManager: START u0 {cmp=baseline.io.github.project_travel_mate/.destinations.funfacts.FunFactsActivity (has extras)} from uid 10696 on display 0
08-06 13:36:31.590   512  2967 D audio_hw_primary: select_devices: out_snd_device(2: speaker) in_snd_device(0: none)
08-06 13:36:31.590   512  2967 D msm8974_platform: platform_send_audio_calibration: sending audio calibration for snd_device(2) acdb_id(15)
08-06 13:36:31.590   512  2967 I soundtrigger: audio_extn_sound_trigger_update_device_status: device 0x2 of type 0 for Event 1
08-06 13:36:31.601   512  2967 D audio_hw_primary: enable_snd_device: snd_device(2: speaker)
08-06 13:36:31.603   512  2967 D audio_hw_primary: enable_audio_route: apply and update mixer path: low-latency-playback speaker
08-06 13:36:31.613 23918 24000 D Gabe    : call	returning from cache
08-06 13:36:31.615 23918 23918 V EXECUTING: https://project-travel-mate.herokuapp.com/api/get-city-facts/1
08-06 13:36:31.747   918   936 I ActivityManager: Displayed baseline.io.github.project_travel_mate/.destinations.funfacts.FunFactsActivity: +155ms
08-06 13:36:31.748 13866 13866 I GoogleInputMethodServic: GoogleInputMethodService.onFinishInput():3138 
08-06 13:36:31.749 13866 13866 I GoogleInputMethodServic: GoogleInputMethodService.onStartInput():1808 
08-06 13:36:31.883 23918 23931 I art     : Starting a blocking GC Explicit
08-06 13:36:31.916 23918 23931 I art     : Explicit concurrent mark sweep GC freed 4499(277KB) AllocSpace objects, 2(40KB) LOS objects, 27% free, 43MB/59MB, paused 720us total 32.459ms
08-06 13:36:31.933 23918 23931 I art     : Starting a blocking GC Explicit
08-06 13:36:31.972 23918 23931 I art     : Explicit concurrent mark sweep GC freed 381(10KB) AllocSpace objects, 0(0B) LOS objects, 27% free, 43MB/59MB, paused 697us total 38.985ms
08-06 13:36:31.990 23918 23931 I art     : Starting a blocking GC Explicit
08-06 13:36:31.996   380   380 W SurfaceFlinger: couldn't log to binary event log: overflow.
08-06 13:36:32.021 23918 23931 I art     : Explicit concurrent mark sweep GC freed 239(4KB) AllocSpace objects, 0(0B) LOS objects, 27% free, 42MB/58MB, paused 602us total 31.147ms
08-06 13:36:32.037 23918 23931 I art     : Starting a blocking GC Explicit
08-06 13:36:32.069 23918 23931 I art     : Explicit concurrent mark sweep GC freed 219(3KB) AllocSpace objects, 0(0B) LOS objects, 27% free, 42MB/58MB, paused 671us total 31.894ms
08-06 13:36:32.085 23918 23931 I art     : Starting a blocking GC Explicit
08-06 13:36:32.118 23918 23931 I art     : Explicit concurrent mark sweep GC freed 219(3KB) AllocSpace objects, 0(0B) LOS objects, 27% free, 43MB/59MB, paused 640us total 32.468ms
08-06 13:36:32.149   512  2967 D audio_hw_primary: disable_audio_route: reset and update mixer path: low-latency-playback speaker
08-06 13:36:32.151   512  2967 D audio_hw_primary: disable_snd_device: snd_device(2: speaker)
08-06 13:36:32.160   512  2967 I soundtrigger: audio_extn_sound_trigger_update_device_status: device 0x2 of type 0 for Event 0
08-06 13:36:32.447 23918 24616 I NAPPA_EXPERIMENTATION: MetricNetworkRequestExecutionTime: REQUEST_DURATION_SYSTEM='831',REQUEST_DURATION_OKHTTP='37',REQUEST_SYNCHRONOUS='FALSE',RESPONSE_CODE='200',RESPONSE_METHOD='GET',RESPONSE_LENGTH_OKHTTP='1793',RESPONSE_LENGTH_HEADER='1793',REQUEST_PROTOCOL='http/1.1',REQUEST_URL='https://project-travel-mate.herokuapp.com/api/get-city-facts/1',
08-06 13:36:32.448 23918 24616 V EXECUTING: https://project-travel-mate.herokuapp.com/api/get-city-images/1
08-06 13:36:32.457 23918 23931 I art     : Starting a blocking GC Explicit
08-06 13:36:32.490 23918 23931 I art     : Explicit concurrent mark sweep GC freed 5297(275KB) AllocSpace objects, 5(240KB) LOS objects, 26% free, 43MB/59MB, paused 838us total 33.620ms
08-06 13:36:32.506 23918 23931 I art     : Starting a blocking GC Explicit
08-06 13:36:32.538 23918 23931 I art     : Explicit concurrent mark sweep GC freed 1100(119KB) AllocSpace objects, 0(0B) LOS objects, 26% free, 43MB/59MB, paused 818us total 31.781ms
08-06 13:36:32.554 23918 23931 I art     : Starting a blocking GC Explicit
08-06 13:36:32.587 23918 23931 I art     : Explicit concurrent mark sweep GC freed 26(640B) AllocSpace objects, 0(0B) LOS objects, 26% free, 43MB/59MB, paused 761us total 32.067ms
08-06 13:36:32.602 23918 23931 I art     : Starting a blocking GC Explicit
08-06 13:36:32.634 23918 23931 I art     : Explicit concurrent mark sweep GC freed 130(2240B) AllocSpace objects, 0(0B) LOS objects, 26% free, 43MB/59MB, paused 757us total 31.644ms
08-06 13:36:32.651 23918 23931 I art     : Starting a blocking GC Explicit
08-06 13:36:32.683 23918 23931 I art     : Explicit concurrent mark sweep GC freed 135(2256B) AllocSpace objects, 0(0B) LOS objects, 26% free, 43MB/59MB, paused 873us total 31.401ms
08-06 13:36:32.955 23918 24639 I NAPPA_EXPERIMENTATION: MetricNetworkRequestExecutionTime: REQUEST_DURATION_SYSTEM='505',REQUEST_DURATION_OKHTTP='33',REQUEST_SYNCHRONOUS='FALSE',RESPONSE_CODE='200',RESPONSE_METHOD='GET',RESPONSE_LENGTH_OKHTTP='183',RESPONSE_LENGTH_HEADER='183',REQUEST_PROTOCOL='http/1.1',REQUEST_URL='https://project-travel-mate.herokuapp.com/api/get-city-images/1',
08-06 13:36:32.988 23918 24639 V RESPONSE: [{"id":17,"image_url":"https://upload.wikimedia.org/wikipedia/commons/9/94/%E0%B4%96%E0%B5%81%E0%B4%A4%E0%B5%8D%E0%B4%AC%E0%B5%8D_%E0%B4%AE%E0%B4%BF%E0%B4%A8%E0%B4%BE%E0%B5%BC1.jpg"}]
08-06 13:36:33.033 23918 23930 I art     : Starting a blocking GC Explicit
08-06 13:36:33.067 23918 23930 I art     : Explicit concurrent mark sweep GC freed 4935(243KB) AllocSpace objects, 5(240KB) LOS objects, 26% free, 43MB/59MB, paused 639us total 33.657ms
08-06 13:36:33.083 23918 23930 I art     : Starting a blocking GC Explicit
08-06 13:36:33.116 23918 23930 I art     : Explicit concurrent mark sweep GC freed 4267(247KB) AllocSpace objects, 0(0B) LOS objects, 26% free, 43MB/59MB, paused 726us total 32.550ms
08-06 13:36:33.131 23918 23930 I art     : Starting a blocking GC Explicit
08-06 13:36:33.168 23918 23930 I art     : Explicit concurrent mark sweep GC freed 367(11KB) AllocSpace objects, 1(4MB) LOS objects, 28% free, 39MB/55MB, paused 833us total 36.121ms
08-06 13:36:33.184 23918 23930 I art     : Starting a blocking GC Explicit
08-06 13:36:33.221 23918 23930 I art     : Explicit concurrent mark sweep GC freed 265(4KB) AllocSpace objects, 0(0B) LOS objects, 28% free, 39MB/55MB, paused 673us total 36.357ms
08-06 13:36:33.238 23918 23930 I art     : Starting a blocking GC Explicit
08-06 13:36:33.276 23918 23930 I art     : Explicit concurrent mark sweep GC freed 225(3KB) AllocSpace objects, 0(0B) LOS objects, 28% free, 39MB/55MB, paused 706us total 37.928ms
08-06 13:36:33.679 23918 23938 I art     : Starting a blocking GC Explicit
08-06 13:36:33.721 23918 23938 I art     : Explicit concurrent mark sweep GC freed 3393(115KB) AllocSpace objects, 2(40KB) LOS objects, 28% free, 39MB/55MB, paused 700us total 42.032ms
08-06 13:36:33.740 23918 23938 I art     : Starting a blocking GC Explicit
08-06 13:36:33.778 23918 23938 I art     : Explicit concurrent mark sweep GC freed 238(4KB) AllocSpace objects, 0(0B) LOS objects, 28% free, 39MB/55MB, paused 708us total 37.842ms
08-06 13:36:33.795 23918 23938 I art     : Starting a blocking GC Explicit
08-06 13:36:33.831 23918 23938 I art     : Explicit concurrent mark sweep GC freed 219(3KB) AllocSpace objects, 0(0B) LOS objects, 28% free, 39MB/55MB, paused 681us total 36.462ms
08-06 13:36:33.848 23918 23938 I art     : Starting a blocking GC Explicit
08-06 13:36:33.882 23918 23938 I art     : Explicit concurrent mark sweep GC freed 234(3KB) AllocSpace objects, 0(0B) LOS objects, 28% free, 39MB/55MB, paused 787us total 34.587ms
08-06 13:36:33.899 23918 23938 I art     : Starting a blocking GC Explicit
08-06 13:36:33.934 23918 23938 I art     : Explicit concurrent mark sweep GC freed 251(4KB) AllocSpace objects, 0(0B) LOS objects, 28% free, 39MB/55MB, paused 748us total 34.835ms
08-06 13:36:34.326 23918 23931 I art     : Starting a blocking GC Explicit
08-06 13:36:34.364 24662 24662 D AndroidRuntime: >>>>>> START com.android.internal.os.RuntimeInit uid 2000 <<<<<<
08-06 13:36:34.365 23918 23931 I art     : Explicit concurrent mark sweep GC freed 3254(112KB) AllocSpace objects, 2(40KB) LOS objects, 28% free, 39MB/55MB, paused 794us total 37.882ms
08-06 13:36:34.370 24662 24662 D AndroidRuntime: CheckJNI is OFF
08-06 13:36:34.381 23918 23931 I art     : Starting a blocking GC Explicit
08-06 13:36:34.414 24662 24662 D ICU     : No timezone override file found: /data/misc/zoneinfo/current/icu/icu_tzdata.dat
08-06 13:36:34.419 23918 23931 I art     : Explicit concurrent mark sweep GC freed 266(4KB) AllocSpace objects, 0(0B) LOS objects, 28% free, 39MB/55MB, paused 861us total 37.147ms
08-06 13:36:34.435 23918 23931 I art     : Starting a blocking GC Explicit
08-06 13:36:34.457 24662 24662 I Radio-JNI: register_android_hardware_Radio DONE
08-06 13:36:34.472 23918 23931 I art     : Explicit concurrent mark sweep GC freed 261(4KB) AllocSpace objects, 0(0B) LOS objects, 28% free, 39MB/55MB, paused 732us total 37.029ms
08-06 13:36:34.487 24662 24662 D AndroidRuntime: Calling main entry com.android.commands.input.Input
08-06 13:36:34.489 23918 23931 I art     : Starting a blocking GC Explicit
08-06 13:36:34.489 24662 24662 I Input   : injectKeyEvent: KeyEvent { action=ACTION_DOWN, keyCode=KEYCODE_BACK, scanCode=0, metaState=0, flags=0x0, repeatCount=0, eventTime=884210902, downTime=884210902, deviceId=-1, source=0x101 }
08-06 13:36:34.497 24662 24662 I Input   : injectKeyEvent: KeyEvent { action=ACTION_UP, keyCode=KEYCODE_BACK, scanCode=0, metaState=0, flags=0x0, repeatCount=0, eventTime=884210902, downTime=884210902, deviceId=-1, source=0x101 }
08-06 13:36:34.507 24662 24662 D AndroidRuntime: Shutting down VM
08-06 13:36:34.523 23918 23931 I art     : Explicit concurrent mark sweep GC freed 263(5KB) AllocSpace objects, 0(0B) LOS objects, 28% free, 39MB/55MB, paused 661us total 34.119ms
08-06 13:36:34.539 23918 23931 I art     : Starting a blocking GC Explicit
08-06 13:36:34.546 13866 13866 I GoogleInputMethodServic: GoogleInputMethodService.onFinishInput():3138 
08-06 13:36:34.547 13866 13866 I GoogleInputMethodServic: GoogleInputMethodService.onStartInput():1808 
08-06 13:36:34.573 23918 23931 I art     : Explicit concurrent mark sweep GC freed 122(3040B) AllocSpace objects, 0(0B) LOS objects, 28% free, 39MB/55MB, paused 850us total 33.953ms
08-06 13:36:34.866   380   380 W SurfaceFlinger: couldn't log to binary event log: overflow.
08-06 13:36:34.924 23918 23931 I art     : Starting a blocking GC Explicit
08-06 13:36:34.962 23918 23931 I art     : Explicit concurrent mark sweep GC freed 3863(146KB) AllocSpace objects, 5(684KB) LOS objects, 29% free, 39MB/55MB, paused 754us total 38.158ms
08-06 13:36:34.980 23918 23931 I art     : Starting a blocking GC Explicit
08-06 13:36:35.013 23918 23931 I art     : Explicit concurrent mark sweep GC freed 5605(269KB) AllocSpace objects, 1(28KB) LOS objects, 29% free, 38MB/54MB, paused 649us total 33.504ms
08-06 13:36:35.029 23918 23931 I art     : Starting a blocking GC Explicit
08-06 13:36:35.064 23918 23931 I art     : Explicit concurrent mark sweep GC freed 147(2496B) AllocSpace objects, 0(0B) LOS objects, 29% free, 38MB/54MB, paused 651us total 34.520ms
08-06 13:36:35.081 23918 23931 I art     : Starting a blocking GC Explicit
08-06 13:36:35.116 23918 23931 I art     : Explicit concurrent mark sweep GC freed 147(2496B) AllocSpace objects, 0(0B) LOS objects, 29% free, 38MB/54MB, paused 874us total 35.197ms
08-06 13:36:35.133 23918 23931 I art     : Starting a blocking GC Explicit
08-06 13:36:35.168 23918 23931 I art     : Explicit concurrent mark sweep GC freed 190(3KB) AllocSpace objects, 0(0B) LOS objects, 29% free, 38MB/54MB, paused 828us total 35.486ms
08-06 13:36:35.538 23918 24417 I art     : Starting a blocking GC Explicit
08-06 13:36:35.574 23918 24417 I art     : Explicit concurrent mark sweep GC freed 2585(102KB) AllocSpace objects, 2(40KB) LOS objects, 29% free, 38MB/54MB, paused 658us total 35.639ms
08-06 13:36:35.592 23918 24417 I art     : Starting a blocking GC Explicit
08-06 13:36:35.626 23918 24417 I art     : Explicit concurrent mark sweep GC freed 166(3KB) AllocSpace objects, 0(0B) LOS objects, 29% free, 38MB/54MB, paused 654us total 32.936ms
08-06 13:36:35.641 23918 24417 I art     : Starting a blocking GC Explicit
08-06 13:36:35.674 23918 24417 I art     : Explicit concurrent mark sweep GC freed 147(2496B) AllocSpace objects, 0(0B) LOS objects, 29% free, 38MB/54MB, paused 654us total 32.760ms
08-06 13:36:35.691 23918 24417 I art     : Starting a blocking GC Explicit
08-06 13:36:35.725 23918 24417 I art     : Explicit concurrent mark sweep GC freed 147(2496B) AllocSpace objects, 0(0B) LOS objects, 29% free, 38MB/54MB, paused 652us total 33.473ms
08-06 13:36:35.741 23918 24417 I art     : Starting a blocking GC Explicit
08-06 13:36:35.772 23918 24417 I art     : Explicit concurrent mark sweep GC freed 147(2496B) AllocSpace objects, 0(0B) LOS objects, 29% free, 38MB/54MB, paused 639us total 31.129ms
08-06 13:36:36.136 23918 23938 I art     : Starting a blocking GC Explicit
08-06 13:36:36.172 23918 23938 I art     : Explicit concurrent mark sweep GC freed 2555(101KB) AllocSpace objects, 2(40KB) LOS objects, 29% free, 38MB/54MB, paused 740us total 34.717ms
08-06 13:36:36.190 23918 23938 I art     : Starting a blocking GC Explicit
08-06 13:36:36.224 23918 23938 I art     : Explicit concurrent mark sweep GC freed 190(3KB) AllocSpace objects, 0(0B) LOS objects, 29% free, 38MB/54MB, paused 699us total 33.371ms
08-06 13:36:36.240 23918 23938 I art     : Starting a blocking GC Explicit
08-06 13:36:36.265 24707 24707 D AndroidRuntime: >>>>>> START com.android.internal.os.RuntimeInit uid 2000 <<<<<<
08-06 13:36:36.270 24707 24707 D AndroidRuntime: CheckJNI is OFF
08-06 13:36:36.274 23918 23938 I art     : Explicit concurrent mark sweep GC freed 133(2272B) AllocSpace objects, 0(0B) LOS objects, 29% free, 38MB/54MB, paused 746us total 34.026ms
08-06 13:36:36.290 23918 23938 I art     : Starting a blocking GC Explicit
08-06 13:36:36.316 24707 24707 D ICU     : No timezone override file found: /data/misc/zoneinfo/current/icu/icu_tzdata.dat
08-06 13:36:36.324 23918 23938 I art     : Explicit concurrent mark sweep GC freed 143(2432B) AllocSpace objects, 0(0B) LOS objects, 29% free, 38MB/54MB, paused 699us total 33.410ms
08-06 13:36:36.340 23918 23938 I art     : Starting a blocking GC Explicit
08-06 13:36:36.363 24707 24707 I Radio-JNI: register_android_hardware_Radio DONE
08-06 13:36:36.374 23918 23938 I art     : Explicit concurrent mark sweep GC freed 165(2784B) AllocSpace objects, 0(0B) LOS objects, 29% free, 38MB/54MB, paused 745us total 33.549ms
08-06 13:36:36.393 24707 24707 D AndroidRuntime: Calling main entry com.android.commands.input.Input
08-06 13:36:36.395 24707 24707 I Input   : injectMotionEvent: MotionEvent { action=ACTION_DOWN, actionButton=0, id[0]=0, x[0]=693.0, y[0]=1450.0, toolType[0]=TOOL_TYPE_UNKNOWN, buttonState=0, metaState=0, flags=0x0, edgeFlags=0x0, pointerCount=1, historySize=0, eventTime=884212807, downTime=884212807, deviceId=0, source=0x1002 }
08-06 13:36:36.402 24707 24707 I Input   : injectMotionEvent: MotionEvent { action=ACTION_UP, actionButton=0, id[0]=0, x[0]=693.0, y[0]=1450.0, toolType[0]=TOOL_TYPE_UNKNOWN, buttonState=0, metaState=0, flags=0x0, edgeFlags=0x0, pointerCount=1, historySize=0, eventTime=884212807, downTime=884212807, deviceId=0, source=0x1002 }
08-06 13:36:36.405 24707 24707 D AndroidRuntime: Shutting down VM
08-06 13:36:36.406   918   928 I ActivityManager: START u0 {cmp=baseline.io.github.project_travel_mate/.destinations.description.CityHistoryActivity} from uid 10696 on display 0
08-06 13:36:36.409   512  2967 D audio_hw_primary: out_set_parameters: enter: usecase(1: low-latency-playback) kvpairs: routing=2
08-06 13:36:36.422   512  2967 D audio_hw_primary: select_devices: out_snd_device(2: speaker) in_snd_device(0: none)
08-06 13:36:36.422   512  2967 D msm8974_platform: platform_send_audio_calibration: sending audio calibration for snd_device(2) acdb_id(15)
08-06 13:36:36.423   512  2967 I soundtrigger: audio_extn_sound_trigger_update_device_status: device 0x2 of type 0 for Event 1
08-06 13:36:36.432   512  2967 D audio_hw_primary: enable_snd_device: snd_device(2: speaker)
08-06 13:36:36.434   512  2967 D audio_hw_primary: enable_audio_route: apply and update mixer path: low-latency-playback speaker
08-06 13:36:36.438 23918 24000 D Gabe    : call	returning from cache
08-06 13:36:36.440 23918 23918 V EXECUTING: https://project-travel-mate.herokuapp.com/api/get-city-information/1
08-06 13:36:36.593 13866 13866 I GoogleInputMethodServic: GoogleInputMethodService.onFinishInput():3138 
08-06 13:36:36.594 13866 13866 I GoogleInputMethodServic: GoogleInputMethodService.onStartInput():1808 
08-06 13:36:36.596   918   936 I ActivityManager: Displayed baseline.io.github.project_travel_mate/.destinations.description.CityHistoryActivity: +179ms
08-06 13:36:36.724 23918 24417 I art     : Starting a blocking GC Explicit
08-06 13:36:36.756 23918 24417 I art     : Explicit concurrent mark sweep GC freed 3303(159KB) AllocSpace objects, 2(40KB) LOS objects, 26% free, 43MB/59MB, paused 668us total 32.048ms
08-06 13:36:36.776 23918 24417 I art     : Starting a blocking GC Explicit
08-06 13:36:36.815 23918 24417 I art     : Explicit concurrent mark sweep GC freed 439(13KB) AllocSpace objects, 0(0B) LOS objects, 27% free, 43MB/59MB, paused 742us total 39.203ms
08-06 13:36:36.834 23918 24417 I art     : Starting a blocking GC Explicit
08-06 13:36:36.852   380   380 W SurfaceFlinger: couldn't log to binary event log: overflow.
08-06 13:36:36.875 23918 24417 I art     : Explicit concurrent mark sweep GC freed 290(4KB) AllocSpace objects, 0(0B) LOS objects, 27% free, 43MB/59MB, paused 712us total 40.588ms
08-06 13:36:36.891 23918 24417 I art     : Starting a blocking GC Explicit
08-06 13:36:36.923 23918 24417 I art     : Explicit concurrent mark sweep GC freed 220(3KB) AllocSpace objects, 0(0B) LOS objects, 27% free, 43MB/59MB, paused 667us total 30.954ms
08-06 13:36:36.939 23918 24417 I art     : Starting a blocking GC Explicit
08-06 13:36:36.969   512  2967 D audio_hw_primary: disable_audio_route: reset and update mixer path: low-latency-playback speaker
08-06 13:36:36.970   512  2967 D audio_hw_primary: disable_snd_device: snd_device(2: speaker)
08-06 13:36:36.973 23918 24417 I art     : Explicit concurrent mark sweep GC freed 219(3KB) AllocSpace objects, 0(0B) LOS objects, 27% free, 43MB/59MB, paused 675us total 33.842ms
08-06 13:36:36.978   512  2967 I soundtrigger: audio_extn_sound_trigger_update_device_status: device 0x2 of type 0 for Event 0
08-06 13:36:37.251 23918 24731 I NAPPA_EXPERIMENTATION: MetricNetworkRequestExecutionTime: REQUEST_DURATION_SYSTEM='810',REQUEST_DURATION_OKHTTP='31',REQUEST_SYNCHRONOUS='FALSE',RESPONSE_CODE='200',RESPONSE_METHOD='GET',RESPONSE_LENGTH_OKHTTP='55024',RESPONSE_LENGTH_HEADER='55024',REQUEST_PROTOCOL='http/1.1',REQUEST_URL='https://project-travel-mate.herokuapp.com/api/get-city-information/1',
08-06 13:36:37.327 23918 23930 I art     : Starting a blocking GC Explicit
08-06 13:36:37.362 23918 23930 I art     : Explicit concurrent mark sweep GC freed 5690(1091KB) AllocSpace objects, 20(840KB) LOS objects, 26% free, 43MB/59MB, paused 1.009ms total 34.229ms
08-06 13:36:37.377 23918 23930 I art     : Starting a blocking GC Explicit
08-06 13:36:37.383 13866 13866 I GoogleInputMethodServic: GoogleInputMethodService.onFinishInput():3138 
08-06 13:36:37.384 13866 13866 I GoogleInputMethodServic: GoogleInputMethodService.onStartInput():1808 
08-06 13:36:37.410 23918 23930 I art     : Explicit concurrent mark sweep GC freed 1728(481KB) AllocSpace objects, 4(80KB) LOS objects, 26% free, 43MB/59MB, paused 704us total 32.480ms
08-06 13:36:37.425 23918 23930 I art     : Starting a blocking GC Explicit
08-06 13:36:37.462 23918 23930 I art     : Explicit concurrent mark sweep GC freed 258(5KB) AllocSpace objects, 1(4MB) LOS objects, 28% free, 39MB/55MB, paused 671us total 36.239ms
08-06 13:36:37.478 23918 23930 I art     : Starting a blocking GC Explicit
08-06 13:36:37.515 23918 23930 I art     : Explicit concurrent mark sweep GC freed 219(3KB) AllocSpace objects, 0(0B) LOS objects, 28% free, 39MB/55MB, paused 711us total 36.635ms
08-06 13:36:37.515 23918 23929 I art     : WaitForGcToComplete blocked for 24.282ms for cause HeapTrim
08-06 13:36:37.531 23918 23930 I art     : Starting a blocking GC Explicit
08-06 13:36:37.569 23918 23930 I art     : Explicit concurrent mark sweep GC freed 219(3KB) AllocSpace objects, 0(0B) LOS objects, 28% free, 39MB/55MB, paused 811us total 37.327ms
08-06 13:36:37.938 23918 24417 I art     : Starting a blocking GC Explicit
08-06 13:36:37.978 23918 24417 I art     : Explicit concurrent mark sweep GC freed 3240(113KB) AllocSpace objects, 2(40KB) LOS objects, 28% free, 39MB/55MB, paused 751us total 40.349ms
08-06 13:36:37.995 23918 24417 I art     : Starting a blocking GC Explicit
08-06 13:36:38.033 23918 24417 I art     : Explicit concurrent mark sweep GC freed 254(5KB) AllocSpace objects, 0(0B) LOS objects, 28% free, 39MB/55MB, paused 705us total 38.130ms
08-06 13:36:38.050 23918 24417 I art     : Starting a blocking GC Explicit
08-06 13:36:38.089 23918 24417 I art     : Explicit concurrent mark sweep GC freed 282(4KB) AllocSpace objects, 0(0B) LOS objects, 28% free, 39MB/55MB, paused 857us total 38.754ms
08-06 13:36:38.108 23918 24417 I art     : Starting a blocking GC Explicit
08-06 13:36:38.147 23918 24417 I art     : Explicit concurrent mark sweep GC freed 237(4KB) AllocSpace objects, 0(0B) LOS objects, 28% free, 39MB/55MB, paused 773us total 38.851ms
08-06 13:36:38.164 23918 24417 I art     : Starting a blocking GC Explicit
08-06 13:36:38.202 23918 24417 I art     : Explicit concurrent mark sweep GC freed 225(3KB) AllocSpace objects, 0(0B) LOS objects, 28% free, 39MB/55MB, paused 665us total 37.662ms
08-06 13:36:38.594 23918 23931 I art     : Starting a blocking GC Explicit
08-06 13:36:38.635 23918 23931 I art     : Explicit concurrent mark sweep GC freed 3315(114KB) AllocSpace objects, 2(40KB) LOS objects, 28% free, 39MB/55MB, paused 716us total 40.871ms
08-06 13:36:38.652 23918 23931 I art     : Starting a blocking GC Explicit
08-06 13:36:38.692 23918 23931 I art     : Explicit concurrent mark sweep GC freed 309(5KB) AllocSpace objects, 0(0B) LOS objects, 28% free, 39MB/55MB, paused 748us total 39.810ms
08-06 13:36:38.709 23918 23931 I art     : Starting a blocking GC Explicit
08-06 13:36:38.748 23918 23931 I art     : Explicit concurrent mark sweep GC freed 220(3KB) AllocSpace objects, 0(0B) LOS objects, 28% free, 39MB/55MB, paused 708us total 38.662ms
08-06 13:36:38.765 23918 23931 I art     : Starting a blocking GC Explicit
08-06 13:36:38.806 23918 23931 I art     : Explicit concurrent mark sweep GC freed 270(4KB) AllocSpace objects, 0(0B) LOS objects, 28% free, 39MB/55MB, paused 878us total 40.930ms
08-06 13:36:38.825 23918 23931 I art     : Starting a blocking GC Explicit
08-06 13:36:38.864 23918 23931 I art     : Explicit concurrent mark sweep GC freed 240(3KB) AllocSpace objects, 0(0B) LOS objects, 28% free, 39MB/55MB, paused 689us total 38.772ms
08-06 13:36:39.263 23918 23930 I art     : Starting a blocking GC Explicit
08-06 13:36:39.305 23918 23930 I art     : Explicit concurrent mark sweep GC freed 3300(113KB) AllocSpace objects, 2(40KB) LOS objects, 28% free, 39MB/55MB, paused 770us total 41.845ms
08-06 13:36:39.324 23918 23930 I art     : Starting a blocking GC Explicit
08-06 13:36:39.363 23918 23930 I art     : Explicit concurrent mark sweep GC freed 310(5KB) AllocSpace objects, 0(0B) LOS objects, 28% free, 39MB/55MB, paused 667us total 38.108ms
08-06 13:36:39.379 23918 23930 I art     : Starting a blocking GC Explicit
08-06 13:36:39.416 23918 23930 I art     : Explicit concurrent mark sweep GC freed 219(3KB) AllocSpace objects, 0(0B) LOS objects, 28% free, 39MB/55MB, paused 701us total 37.214ms
08-06 13:36:39.433 23918 23930 I art     : Starting a blocking GC Explicit
08-06 13:36:39.472 23918 23930 I art     : Explicit concurrent mark sweep GC freed 229(3KB) AllocSpace objects, 0(0B) LOS objects, 28% free, 39MB/55MB, paused 929us total 38.735ms
08-06 13:36:39.489 23918 23930 I art     : Starting a blocking GC Explicit
08-06 13:36:39.527 23918 23930 I art     : Explicit concurrent mark sweep GC freed 280(4KB) AllocSpace objects, 0(0B) LOS objects, 28% free, 39MB/55MB, paused 702us total 37.729ms
08-06 13:36:39.935 23918 24417 I art     : Starting a blocking GC Explicit
08-06 13:36:39.977 23918 24417 I art     : Explicit concurrent mark sweep GC freed 3375(114KB) AllocSpace objects, 2(40KB) LOS objects, 28% free, 39MB/55MB, paused 726us total 41.291ms
08-06 13:36:39.990 20760 20760 I ServiceManager: Waiting for service AtCmdFwd...
08-06 13:36:39.996 23918 24417 I art     : Starting a blocking GC Explicit
08-06 13:36:40.034 23918 24417 I art     : Explicit concurrent mark sweep GC freed 238(4KB) AllocSpace objects, 0(0B) LOS objects, 28% free, 39MB/55MB, paused 704us total 37.650ms
08-06 13:36:40.050 23918 24417 I art     : Starting a blocking GC Explicit
08-06 13:36:40.089 23918 24417 I art     : Explicit concurrent mark sweep GC freed 232(3KB) AllocSpace objects, 0(0B) LOS objects, 28% free, 39MB/55MB, paused 945us total 38.541ms
08-06 13:36:40.106 23918 24417 I art     : Starting a blocking GC Explicit
08-06 13:36:40.146 23918 24417 I art     : Explicit concurrent mark sweep GC freed 277(4KB) AllocSpace objects, 0(0B) LOS objects, 28% free, 39MB/55MB, paused 699us total 39.311ms
08-06 13:36:40.162 23918 24417 I art     : Starting a blocking GC Explicit
08-06 13:36:40.202 23918 24417 I art     : Explicit concurrent mark sweep GC freed 221(3KB) AllocSpace objects, 0(0B) LOS objects, 28% free, 39MB/55MB, paused 729us total 38.852ms
08-06 13:36:40.597 23918 23938 I art     : Starting a blocking GC Explicit
08-06 13:36:40.640 23918 23938 I art     : Explicit concurrent mark sweep GC freed 3300(113KB) AllocSpace objects, 2(40KB) LOS objects, 28% free, 39MB/55MB, paused 725us total 42.194ms
08-06 13:36:40.660 23918 23938 I art     : Starting a blocking GC Explicit
08-06 13:36:40.696 23918 23938 I art     : Explicit concurrent mark sweep GC freed 310(5KB) AllocSpace objects, 0(0B) LOS objects, 28% free, 39MB/55MB, paused 669us total 35.195ms
08-06 13:36:40.712 23918 23938 I art     : Starting a blocking GC Explicit
08-06 13:36:40.746 23918 23938 I art     : Explicit concurrent mark sweep GC freed 219(3KB) AllocSpace objects, 0(0B) LOS objects, 28% free, 39MB/55MB, paused 695us total 33.817ms
08-06 13:36:40.763 23918 23938 I art     : Starting a blocking GC Explicit
08-06 13:36:40.798 23918 23938 I art     : Explicit concurrent mark sweep GC freed 219(3KB) AllocSpace objects, 0(0B) LOS objects, 28% free, 39MB/55MB, paused 824us total 34.887ms
08-06 13:36:40.814 23918 23938 I art     : Starting a blocking GC Explicit
08-06 13:36:40.851 23918 23938 I art     : Explicit concurrent mark sweep GC freed 219(3KB) AllocSpace objects, 0(0B) LOS objects, 28% free, 39MB/55MB, paused 734us total 37.012ms
08-06 13:36:40.990 20760 20760 I ServiceManager: Waiting for service AtCmdFwd...
08-06 13:36:41.200 24812 24812 D AndroidRuntime: >>>>>> START com.android.internal.os.RuntimeInit uid 2000 <<<<<<
08-06 13:36:41.206 24812 24812 D AndroidRuntime: CheckJNI is OFF
08-06 13:36:41.227 23918 23931 I art     : Starting a blocking GC Explicit
08-06 13:36:41.251 24812 24812 D ICU     : No timezone override file found: /data/misc/zoneinfo/current/icu/icu_tzdata.dat
08-06 13:36:41.266 23918 23931 I art     : Explicit concurrent mark sweep GC freed 3227(112KB) AllocSpace objects, 2(40KB) LOS objects, 28% free, 39MB/55MB, paused 848us total 38.490ms
08-06 13:36:41.283 23918 23931 I art     : Starting a blocking GC Explicit
08-06 13:36:41.297 24812 24812 I Radio-JNI: register_android_hardware_Radio DONE
08-06 13:36:41.317 23918 23931 I art     : Explicit concurrent mark sweep GC freed 261(5KB) AllocSpace objects, 0(0B) LOS objects, 28% free, 39MB/55MB, paused 751us total 34.318ms
08-06 13:36:41.325 24812 24812 D AndroidRuntime: Calling main entry com.android.commands.input.Input
08-06 13:36:41.327 24812 24812 I Input   : injectKeyEvent: KeyEvent { action=ACTION_DOWN, keyCode=KEYCODE_BACK, scanCode=0, metaState=0, flags=0x0, repeatCount=0, eventTime=884217739, downTime=884217739, deviceId=-1, source=0x101 }
08-06 13:36:41.331 24812 24812 I Input   : injectKeyEvent: KeyEvent { action=ACTION_UP, keyCode=KEYCODE_BACK, scanCode=0, metaState=0, flags=0x0, repeatCount=0, eventTime=884217739, downTime=884217739, deviceId=-1, source=0x101 }
08-06 13:36:41.333 23918 23931 I art     : Starting a blocking GC Explicit
08-06 13:36:41.338 24812 24812 D AndroidRuntime: Shutting down VM
08-06 13:36:41.366 23918 23931 I art     : Explicit concurrent mark sweep GC freed 268(5KB) AllocSpace objects, 0(0B) LOS objects, 28% free, 39MB/55MB, paused 669us total 32.787ms
08-06 13:36:41.383 23918 23931 I art     : Starting a blocking GC Explicit
08-06 13:36:41.388 13866 13866 I GoogleInputMethodServic: GoogleInputMethodService.onFinishInput():3138 
08-06 13:36:41.388 13866 13866 I GoogleInputMethodServic: GoogleInputMethodService.onStartInput():1808 
08-06 13:36:41.414 23918 23931 I art     : Explicit concurrent mark sweep GC freed 196(4KB) AllocSpace objects, 0(0B) LOS objects, 28% free, 39MB/55MB, paused 663us total 31.379ms
08-06 13:36:41.432 23918 23931 I art     : Starting a blocking GC Explicit
08-06 13:36:41.463 23918 23931 I art     : Explicit concurrent mark sweep GC freed 236(4KB) AllocSpace objects, 0(0B) LOS objects, 28% free, 39MB/55MB, paused 630us total 30.887ms
08-06 13:36:41.689   380   380 W SurfaceFlinger: couldn't log to binary event log: overflow.
08-06 13:36:41.822 23918 23938 I art     : Starting a blocking GC Explicit
08-06 13:36:41.862 23918 23938 I art     : Explicit concurrent mark sweep GC freed 2915(107KB) AllocSpace objects, 3(228KB) LOS objects, 28% free, 39MB/55MB, paused 811us total 39.027ms
08-06 13:36:41.879 23918 23938 I art     : Starting a blocking GC Explicit
08-06 13:36:41.913 23918 23938 I art     : Explicit concurrent mark sweep GC freed 4846(341KB) AllocSpace objects, 7(132KB) LOS objects, 29% free, 38MB/54MB, paused 682us total 34.095ms
08-06 13:36:41.930 23918 23938 I art     : Starting a blocking GC Explicit
08-06 13:36:41.964 23918 23938 I art     : Explicit concurrent mark sweep GC freed 147(2496B) AllocSpace objects, 0(0B) LOS objects, 29% free, 38MB/54MB, paused 707us total 34.626ms
08-06 13:36:41.981 23918 23938 I art     : Starting a blocking GC Explicit
08-06 13:36:41.991 20760 20760 I ServiceManager: Waiting for service AtCmdFwd...
08-06 13:36:42.015 23918 23938 I art     : Explicit concurrent mark sweep GC freed 147(2496B) AllocSpace objects, 0(0B) LOS objects, 29% free, 38MB/54MB, paused 674us total 34.193ms
08-06 13:36:42.032 23918 23938 I art     : Starting a blocking GC Explicit
08-06 13:36:42.044   918  3261 D WifiStateMachine: starting scan for "H369AA63323"WPA_PSK with 2412,5180
08-06 13:36:42.066 23918 23938 I art     : Explicit concurrent mark sweep GC freed 147(2496B) AllocSpace objects, 0(0B) LOS objects, 29% free, 38MB/54MB, paused 695us total 34ms
08-06 13:36:42.432 23918 23930 I art     : Starting a blocking GC Explicit
08-06 13:36:42.469 23918 23930 I art     : Explicit concurrent mark sweep GC freed 2580(101KB) AllocSpace objects, 2(40KB) LOS objects, 29% free, 38MB/54MB, paused 731us total 36.170ms
08-06 13:36:42.489 23918 23930 I art     : Starting a blocking GC Explicit
08-06 13:36:42.522 23918 23930 I art     : Explicit concurrent mark sweep GC freed 166(3KB) AllocSpace objects, 0(0B) LOS objects, 29% free, 38MB/54MB, paused 689us total 33.049ms
08-06 13:36:42.538 23918 23930 I art     : Starting a blocking GC Explicit
08-06 13:36:42.571 23918 23930 I art     : Explicit concurrent mark sweep GC freed 147(2496B) AllocSpace objects, 0(0B) LOS objects, 29% free, 38MB/54MB, paused 675us total 33.263ms
08-06 13:36:42.588 23918 23930 I art     : Starting a blocking GC Explicit
08-06 13:36:42.621 23918 23930 I art     : Explicit concurrent mark sweep GC freed 147(2496B) AllocSpace objects, 0(0B) LOS objects, 29% free, 38MB/54MB, paused 699us total 32.434ms
08-06 13:36:42.637 23918 23930 I art     : Starting a blocking GC Explicit
08-06 13:36:42.670 23918 23930 I art     : Explicit concurrent mark sweep GC freed 147(2496B) AllocSpace objects, 0(0B) LOS objects, 29% free, 38MB/54MB, paused 693us total 32.590ms
08-06 13:36:42.991 20760 20760 I ServiceManager: Waiting for service AtCmdFwd...
08-06 13:36:43.027 23918 24417 I art     : Starting a blocking GC Explicit
08-06 13:36:43.065 23918 24417 I art     : Explicit concurrent mark sweep GC freed 2558(101KB) AllocSpace objects, 2(40KB) LOS objects, 29% free, 38MB/54MB, paused 966us total 38.094ms
08-06 13:36:43.081 23918 24417 I art     : Starting a blocking GC Explicit
08-06 13:36:43.101 24855 24855 D AndroidRuntime: >>>>>> START com.android.internal.os.RuntimeInit uid 2000 <<<<<<
08-06 13:36:43.107 24855 24855 D AndroidRuntime: CheckJNI is OFF
08-06 13:36:43.117 23918 24417 I art     : Explicit concurrent mark sweep GC freed 189(3KB) AllocSpace objects, 0(0B) LOS objects, 29% free, 38MB/54MB, paused 794us total 35.326ms
08-06 13:36:43.133 23918 24417 I art     : Starting a blocking GC Explicit
08-06 13:36:43.153 24855 24855 D ICU     : No timezone override file found: /data/misc/zoneinfo/current/icu/icu_tzdata.dat
08-06 13:36:43.167 23918 24417 I art     : Explicit concurrent mark sweep GC freed 147(2496B) AllocSpace objects, 0(0B) LOS objects, 29% free, 38MB/54MB, paused 819us total 33.871ms
08-06 13:36:43.184 23918 24417 I art     : Starting a blocking GC Explicit
08-06 13:36:43.198 24855 24855 I Radio-JNI: register_android_hardware_Radio DONE
08-06 13:36:43.218 23918 24417 I art     : Explicit concurrent mark sweep GC freed 147(2496B) AllocSpace objects, 0(0B) LOS objects, 29% free, 38MB/54MB, paused 746us total 34.277ms
08-06 13:36:43.227 24855 24855 D AndroidRuntime: Calling main entry com.android.commands.input.Input
08-06 13:36:43.229 24855 24855 I Input   : injectKeyEvent: KeyEvent { action=ACTION_DOWN, keyCode=KEYCODE_BACK, scanCode=0, metaState=0, flags=0x0, repeatCount=0, eventTime=884219642, downTime=884219642, deviceId=-1, source=0x101 }
08-06 13:36:43.234 23918 24417 I art     : Starting a blocking GC Explicit
08-06 13:36:43.236 24855 24855 I Input   : injectKeyEvent: KeyEvent { action=ACTION_UP, keyCode=KEYCODE_BACK, scanCode=0, metaState=0, flags=0x0, repeatCount=0, eventTime=884219642, downTime=884219642, deviceId=-1, source=0x101 }
08-06 13:36:43.242 24855 24855 D AndroidRuntime: Shutting down VM
08-06 13:36:43.259 23918 23918 V MainActivity: url = https://project-travel-mate.herokuapp.com/api/number-of-unread-notifications
08-06 13:36:43.269 23918 24417 I art     : Explicit concurrent mark sweep GC freed 468(15KB) AllocSpace objects, 0(0B) LOS objects, 29% free, 38MB/54MB, paused 1.022ms total 34.023ms
08-06 13:36:43.290 13866 13866 I GoogleInputMethodServic: GoogleInputMethodService.onFinishInput():3138 
08-06 13:36:43.291 13866 13866 I GoogleInputMethodServic: GoogleInputMethodService.onStartInput():1808 
08-06 13:36:43.650 23918 23938 I art     : Starting a blocking GC Explicit
08-06 13:36:43.687 23918 23938 I art     : Explicit concurrent mark sweep GC freed 2753(114KB) AllocSpace objects, 2(40KB) LOS objects, 29% free, 38MB/54MB, paused 813us total 36.212ms
08-06 13:36:43.703 23918 23938 I art     : Starting a blocking GC Explicit
08-06 13:36:43.739 23918 23938 I art     : Explicit concurrent mark sweep GC freed 280(11KB) AllocSpace objects, 0(0B) LOS objects, 29% free, 38MB/54MB, paused 798us total 35.898ms
08-06 13:36:43.756 23918 23938 I art     : Starting a blocking GC Explicit
08-06 13:36:43.792 23918 23938 I art     : Explicit concurrent mark sweep GC freed 75(1296B) AllocSpace objects, 0(0B) LOS objects, 29% free, 38MB/54MB, paused 869us total 36.184ms
08-06 13:36:43.809 23918 23938 I art     : Starting a blocking GC Explicit
08-06 13:36:43.845 23918 23938 I art     : Explicit concurrent mark sweep GC freed 99(1696B) AllocSpace objects, 0(0B) LOS objects, 29% free, 38MB/54MB, paused 791us total 36.332ms
08-06 13:36:43.862 23918 23938 I art     : Starting a blocking GC Explicit
08-06 13:36:43.898 23918 23938 I art     : Explicit concurrent mark sweep GC freed 75(1296B) AllocSpace objects, 0(0B) LOS objects, 29% free, 38MB/54MB, paused 841us total 35.567ms
08-06 13:36:43.992 20760 20760 I ServiceManager: Waiting for service AtCmdFwd...
08-06 13:36:44.123 23918 24878 I NAPPA_EXPERIMENTATION: MetricNetworkRequestExecutionTime: REQUEST_DURATION_SYSTEM='863',REQUEST_DURATION_OKHTTP='33',REQUEST_SYNCHRONOUS='FALSE',RESPONSE_CODE='200',RESPONSE_METHOD='GET',RESPONSE_LENGTH_OKHTTP='36',RESPONSE_LENGTH_HEADER='36',REQUEST_PROTOCOL='http/1.1',REQUEST_URL='https://project-travel-mate.herokuapp.com/api/number-of-unread-notifications',
08-06 13:36:44.267 23918 23931 I art     : Starting a blocking GC Explicit
08-06 13:36:44.307 23918 23931 I art     : Explicit concurrent mark sweep GC freed 4816(240KB) AllocSpace objects, 5(240KB) LOS objects, 29% free, 39MB/55MB, paused 783us total 39.467ms
08-06 13:36:44.323 23918 23931 I art     : Starting a blocking GC Explicit
08-06 13:36:44.360 23918 23931 I art     : Explicit concurrent mark sweep GC freed 1038(118KB) AllocSpace objects, 0(0B) LOS objects, 29% free, 39MB/55MB, paused 848us total 36.538ms
08-06 13:36:44.376 23918 23931 I art     : Starting a blocking GC Explicit
08-06 13:36:44.413 23918 23931 I art     : Explicit concurrent mark sweep GC freed 99(1696B) AllocSpace objects, 0(0B) LOS objects, 29% free, 39MB/55MB, paused 764us total 36.425ms
08-06 13:36:44.430 23918 23931 I art     : Starting a blocking GC Explicit
08-06 13:36:44.466 23918 23931 I art     : Explicit concurrent mark sweep GC freed 75(1296B) AllocSpace objects, 0(0B) LOS objects, 29% free, 39MB/55MB, paused 725us total 36.335ms
08-06 13:36:44.483 23918 23931 I art     : Starting a blocking GC Explicit
08-06 13:36:44.518 23918 23931 I art     : Explicit concurrent mark sweep GC freed 75(1296B) AllocSpace objects, 0(0B) LOS objects, 29% free, 39MB/55MB, paused 806us total 34.557ms
08-06 13:36:44.874 23918 23930 I art     : Starting a blocking GC Explicit
08-06 13:36:44.912 23918 23930 I art     : Explicit concurrent mark sweep GC freed 1983(92KB) AllocSpace objects, 2(40KB) LOS objects, 29% free, 39MB/55MB, paused 748us total 37.863ms
08-06 13:36:44.928 23918 23930 I art     : Starting a blocking GC Explicit
08-06 13:36:44.962 23918 23930 I art     : Explicit concurrent mark sweep GC freed 110(2320B) AllocSpace objects, 0(0B) LOS objects, 29% free, 39MB/55MB, paused 871us total 34.240ms
08-06 13:36:44.978 23918 23930 I art     : Starting a blocking GC Explicit
08-06 13:36:44.993 24900 24900 D AndroidRuntime: >>>>>> START com.android.internal.os.RuntimeInit uid 2000 <<<<<<
08-06 13:36:44.993 20760 20760 W Atfwd_Sendcmd: AtCmdFwd service not published, waiting... retryCnt : 1
08-06 13:36:44.998 24900 24900 D AndroidRuntime: CheckJNI is OFF
08-06 13:36:45.012 23918 23930 I art     : Explicit concurrent mark sweep GC freed 73(1360B) AllocSpace objects, 0(0B) LOS objects, 29% free, 39MB/55MB, paused 770us total 33.562ms
08-06 13:36:45.028 23918 23930 I art     : Starting a blocking GC Explicit
08-06 13:36:45.040 24900 24900 D ICU     : No timezone override file found: /data/misc/zoneinfo/current/icu/icu_tzdata.dat
08-06 13:36:45.061 23918 23930 I art     : Explicit concurrent mark sweep GC freed 80(1472B) AllocSpace objects, 0(0B) LOS objects, 29% free, 39MB/55MB, paused 893us total 33.408ms
08-06 13:36:45.077 23918 23930 I art     : Starting a blocking GC Explicit
08-06 13:36:45.083 24900 24900 I Radio-JNI: register_android_hardware_Radio DONE
08-06 13:36:45.111 23918 23930 I art     : Explicit concurrent mark sweep GC freed 80(1472B) AllocSpace objects, 0(0B) LOS objects, 29% free, 39MB/55MB, paused 761us total 33.668ms
08-06 13:36:45.112 24900 24900 D AndroidRuntime: Calling main entry com.android.commands.input.Input
08-06 13:36:45.115 24900 24900 I Input   : injectMotionEvent: MotionEvent { action=ACTION_DOWN, actionButton=0, id[0]=0, x[0]=346.0, y[0]=709.0, toolType[0]=TOOL_TYPE_UNKNOWN, buttonState=0, metaState=0, flags=0x0, edgeFlags=0x0, pointerCount=1, historySize=0, eventTime=884221527, downTime=884221527, deviceId=0, source=0x1002 }
08-06 13:36:45.120 24900 24900 I Input   : injectMotionEvent: MotionEvent { action=ACTION_UP, actionButton=0, id[0]=0, x[0]=346.0, y[0]=709.0, toolType[0]=TOOL_TYPE_UNKNOWN, buttonState=0, metaState=0, flags=0x0, edgeFlags=0x0, pointerCount=1, historySize=0, eventTime=884221527, downTime=884221527, deviceId=0, source=0x1002 }
08-06 13:36:45.131   918   928 I ActivityManager: START u0 {cmp=baseline.io.github.project_travel_mate/.destinations.description.FinalCityInfoActivity (has extras)} from uid 10696 on display 0
08-06 13:36:45.138 24900 24900 D AndroidRuntime: Shutting down VM
08-06 13:36:45.160 23918 24000 D Gabe    : call	returning from cache
08-06 13:36:45.185 23918 23918 V EXECUTING: https://project-travel-mate.herokuapp.com/api/get-city-weather/1
08-06 13:36:45.339 13866 13866 I GoogleInputMethodServic: GoogleInputMethodService.onFinishInput():3138 
08-06 13:36:45.340 13866 13866 I GoogleInputMethodServic: GoogleInputMethodService.onStartInput():1808 
08-06 13:36:45.341   918   936 I ActivityManager: Displayed baseline.io.github.project_travel_mate/.destinations.description.FinalCityInfoActivity: +198ms
08-06 13:36:45.466 23918 23930 I art     : Starting a blocking GC Explicit
08-06 13:36:45.505 23918 23930 I art     : Explicit concurrent mark sweep GC freed 6924(439KB) AllocSpace objects, 2(40KB) LOS objects, 26% free, 43MB/59MB, paused 995us total 38.978ms
08-06 13:36:45.521 23918 23930 I art     : Starting a blocking GC Explicit
08-06 13:36:45.555 23918 23930 I art     : Explicit concurrent mark sweep GC freed 598(23KB) AllocSpace objects, 0(0B) LOS objects, 26% free, 43MB/59MB, paused 808us total 33.567ms
08-06 13:36:45.574 23918 23930 I art     : Starting a blocking GC Explicit
08-06 13:36:45.593   380   380 W SurfaceFlinger: couldn't log to binary event log: overflow.
08-06 13:36:45.614 23918 23930 I art     : Explicit concurrent mark sweep GC freed 194(3KB) AllocSpace objects, 0(0B) LOS objects, 26% free, 43MB/59MB, paused 855us total 39.340ms
08-06 13:36:45.630 23918 23930 I art     : Starting a blocking GC Explicit
08-06 13:36:45.664 23918 23930 I art     : Explicit concurrent mark sweep GC freed 148(2528B) AllocSpace objects, 0(0B) LOS objects, 26% free, 43MB/59MB, paused 794us total 34.180ms
08-06 13:36:45.681 23918 23930 I art     : Starting a blocking GC Explicit
08-06 13:36:45.719 23918 23930 I art     : Explicit concurrent mark sweep GC freed 185(3KB) AllocSpace objects, 0(0B) LOS objects, 26% free, 43MB/59MB, paused 1.198ms total 37.910ms
08-06 13:36:45.987 23918 24925 I NAPPA_EXPERIMENTATION: MetricNetworkRequestExecutionTime: REQUEST_DURATION_SYSTEM='801',REQUEST_DURATION_OKHTTP='56',REQUEST_SYNCHRONOUS='FALSE',RESPONSE_CODE='200',RESPONSE_METHOD='GET',RESPONSE_LENGTH_OKHTTP='530',RESPONSE_LENGTH_HEADER='530',REQUEST_PROTOCOL='http/1.1',REQUEST_URL='https://project-travel-mate.herokuapp.com/api/get-city/1',
08-06 13:36:45.994 23918 24924 I NAPPA_EXPERIMENTATION: MetricNetworkRequestExecutionTime: REQUEST_DURATION_SYSTEM='809',REQUEST_DURATION_OKHTTP='63',REQUEST_SYNCHRONOUS='FALSE',RESPONSE_CODE='200',RESPONSE_METHOD='GET',RESPONSE_LENGTH_OKHTTP='238',RESPONSE_LENGTH_HEADER='238',REQUEST_PROTOCOL='http/1.1',REQUEST_URL='https://project-travel-mate.herokuapp.com/api/get-city-weather/1',
08-06 13:36:46.019 23918 24925 V Response: {"id":1,"city_name":"Delhi","description":"Delhi, officially the National Capital Territory of Delhi, is the Capital territory of India. During the British Raj, Delhi was part of the province of Punjab and is still historically and culturally connected to the Punjab region.","latitude":"28.613900","longitude":"77.209000","facts_count":6,"images":["https://upload.wikimedia.org/wikipedia/commons/9/94/%E0%B4%96%E0%B5%81%E0%B4%A4%E0%B5%8D%E0%B4%AC%E0%B5%8D_%E0%B4%AE%E0%B4%BF%E0%B4%A8%E0%B4%BE%E0%B5%BC1.jpg"],"has_visited":false}
08-06 13:36:46.071 23918 23938 I art     : Starting a blocking GC Explicit
08-06 13:36:46.109 23918 23938 I art     : Explicit concurrent mark sweep GC freed 8869(467KB) AllocSpace objects, 5(240KB) LOS objects, 26% free, 44MB/60MB, paused 914us total 37.370ms
08-06 13:36:46.125 23918 23938 I art     : Starting a blocking GC Explicit
08-06 13:36:46.161 23918 23938 I art     : Explicit concurrent mark sweep GC freed 1217(123KB) AllocSpace objects, 1(4MB) LOS objects, 28% free, 39MB/55MB, paused 784us total 36.379ms
08-06 13:36:46.177 23918 23938 I art     : Starting a blocking GC Explicit
08-06 13:36:46.216 23918 23938 I art     : Explicit concurrent mark sweep GC freed 194(3KB) AllocSpace objects, 0(0B) LOS objects, 28% free, 39MB/55MB, paused 857us total 38.612ms
08-06 13:36:46.233 23918 23938 I art     : Starting a blocking GC Explicit
08-06 13:36:46.273 23918 23938 I art     : Explicit concurrent mark sweep GC freed 148(2528B) AllocSpace objects, 0(0B) LOS objects, 28% free, 39MB/55MB, paused 806us total 39.497ms
08-06 13:36:46.290 23918 23938 I art     : Starting a blocking GC Explicit
08-06 13:36:46.330 23918 23938 I art     : Explicit concurrent mark sweep GC freed 164(2768B) AllocSpace objects, 0(0B) LOS objects, 28% free, 39MB/55MB, paused 990us total 40.304ms
08-06 13:36:46.705 23918 24417 I art     : Starting a blocking GC Explicit
08-06 13:36:46.750 23918 24417 I art     : Explicit concurrent mark sweep GC freed 2681(104KB) AllocSpace objects, 2(40KB) LOS objects, 28% free, 39MB/55MB, paused 914us total 44.287ms
08-06 13:36:46.769 23918 24417 I art     : Starting a blocking GC Explicit
08-06 13:36:46.810 23918 24417 I art     : Explicit concurrent mark sweep GC freed 177(3KB) AllocSpace objects, 0(0B) LOS objects, 28% free, 39MB/55MB, paused 817us total 40.785ms
08-06 13:36:46.826 23918 24417 I art     : Starting a blocking GC Explicit
08-06 13:36:46.864 23918 24417 I art     : Explicit concurrent mark sweep GC freed 194(3KB) AllocSpace objects, 0(0B) LOS objects, 28% free, 39MB/55MB, paused 816us total 37.904ms
08-06 13:36:46.881 23918 24417 I art     : Starting a blocking GC Explicit
08-06 13:36:46.919 23918 24417 I art     : Explicit concurrent mark sweep GC freed 148(2528B) AllocSpace objects, 0(0B) LOS objects, 28% free, 39MB/55MB, paused 887us total 37.889ms
08-06 13:36:46.935 23918 24417 I art     : Starting a blocking GC Explicit
08-06 13:36:46.974 23918 24417 I art     : Explicit concurrent mark sweep GC freed 159(3KB) AllocSpace objects, 0(0B) LOS objects, 28% free, 39MB/55MB, paused 769us total 38.844ms
08-06 13:36:47.363 23918 23930 I art     : Starting a blocking GC Explicit
08-06 13:36:47.405 23918 23930 I art     : Explicit concurrent mark sweep GC freed 2686(104KB) AllocSpace objects, 2(40KB) LOS objects, 28% free, 39MB/55MB, paused 817us total 42.014ms
08-06 13:36:47.422 23918 23930 I art     : Starting a blocking GC Explicit
08-06 13:36:47.464 23918 23930 I art     : Explicit concurrent mark sweep GC freed 201(3KB) AllocSpace objects, 0(0B) LOS objects, 28% free, 39MB/55MB, paused 1.048ms total 42.247ms
08-06 13:36:47.481 23918 23930 I art     : Starting a blocking GC Explicit
08-06 13:36:47.524 23918 23930 I art     : Explicit concurrent mark sweep GC freed 160(2720B) AllocSpace objects, 0(0B) LOS objects, 28% free, 39MB/55MB, paused 837us total 42.163ms
08-06 13:36:47.541 23918 23930 I art     : Starting a blocking GC Explicit
08-06 13:36:47.585 23918 23930 I art     : Explicit concurrent mark sweep GC freed 195(3KB) AllocSpace objects, 0(0B) LOS objects, 28% free, 39MB/55MB, paused 860us total 43.848ms
08-06 13:36:47.604 23918 23930 I art     : Starting a blocking GC Explicit
08-06 13:36:47.643 23918 23930 I art     : Explicit concurrent mark sweep GC freed 147(2496B) AllocSpace objects, 0(0B) LOS objects, 28% free, 39MB/55MB, paused 838us total 38.825ms
08-06 13:36:47.644 23918 23929 I art     : WaitForGcToComplete blocked for 22.141ms for cause HeapTrim
08-06 13:36:48.039 23918 23938 I art     : Starting a blocking GC Explicit
08-06 13:36:48.083 23918 23938 I art     : Explicit concurrent mark sweep GC freed 2723(104KB) AllocSpace objects, 2(40KB) LOS objects, 28% free, 39MB/55MB, paused 961us total 44.489ms
08-06 13:36:48.103 23918 23938 I art     : Starting a blocking GC Explicit
08-06 13:36:48.142 23918 23938 I art     : Explicit concurrent mark sweep GC freed 167(3KB) AllocSpace objects, 0(0B) LOS objects, 28% free, 39MB/55MB, paused 839us total 39.152ms
08-06 13:36:48.159 23918 23938 I art     : Starting a blocking GC Explicit
08-06 13:36:48.201 23918 23938 I art     : Explicit concurrent mark sweep GC freed 195(3KB) AllocSpace objects, 0(0B) LOS objects, 28% free, 39MB/55MB, paused 811us total 42.066ms
08-06 13:36:48.218 23918 23938 I art     : Starting a blocking GC Explicit
08-06 13:36:48.259 23918 23938 I art     : Explicit concurrent mark sweep GC freed 147(2496B) AllocSpace objects, 0(0B) LOS objects, 28% free, 39MB/55MB, paused 875us total 40.107ms
08-06 13:36:48.275 23918 23938 I art     : Starting a blocking GC Explicit
08-06 13:36:48.317 23918 23938 I art     : Explicit concurrent mark sweep GC freed 195(3KB) AllocSpace objects, 0(0B) LOS objects, 28% free, 39MB/55MB, paused 968us total 41.715ms
08-06 13:36:48.728 23918 23931 I art     : Starting a blocking GC Explicit
08-06 13:36:48.772 23918 23931 I art     : Explicit concurrent mark sweep GC freed 2725(104KB) AllocSpace objects, 2(40KB) LOS objects, 28% free, 39MB/55MB, paused 858us total 43.543ms
08-06 13:36:48.789 23918 23931 I art     : Starting a blocking GC Explicit
08-06 13:36:48.830 23918 23931 I art     : Explicit concurrent mark sweep GC freed 166(3KB) AllocSpace objects, 0(0B) LOS objects, 28% free, 39MB/55MB, paused 853us total 41.556ms
08-06 13:36:48.848 23918 23931 I art     : Starting a blocking GC Explicit
08-06 13:36:48.891 23918 23931 I art     : Explicit concurrent mark sweep GC freed 196(3KB) AllocSpace objects, 0(0B) LOS objects, 28% free, 39MB/55MB, paused 870us total 42.654ms
08-06 13:36:48.908 23918 23931 I art     : Starting a blocking GC Explicit
08-06 13:36:48.952 23918 23931 I art     : Explicit concurrent mark sweep GC freed 195(3KB) AllocSpace objects, 0(0B) LOS objects, 28% free, 39MB/55MB, paused 845us total 43.422ms
08-06 13:36:48.969 23918 23931 I art     : Starting a blocking GC Explicit
08-06 13:36:49.011 23918 23931 I art     : Explicit concurrent mark sweep GC freed 147(2496B) AllocSpace objects, 0(0B) LOS objects, 28% free, 39MB/55MB, paused 836us total 41.058ms
08-06 13:36:49.431 23918 24417 I art     : Starting a blocking GC Explicit
08-06 13:36:49.470 23918 24417 I art     : Explicit concurrent mark sweep GC freed 2771(105KB) AllocSpace objects, 2(40KB) LOS objects, 28% free, 39MB/55MB, paused 847us total 39.151ms
08-06 13:36:49.488 23918 24417 I art     : Starting a blocking GC Explicit
08-06 13:36:49.527 23918 24417 I art     : Explicit concurrent mark sweep GC freed 167(3KB) AllocSpace objects, 0(0B) LOS objects, 28% free, 39MB/55MB, paused 980us total 39.260ms
08-06 13:36:49.544 23918 24417 I art     : Starting a blocking GC Explicit
08-06 13:36:49.585 23918 24417 I art     : Explicit concurrent mark sweep GC freed 164(3KB) AllocSpace objects, 0(0B) LOS objects, 28% free, 39MB/55MB, paused 954us total 40.536ms
08-06 13:36:49.602 23918 24417 I art     : Starting a blocking GC Explicit
08-06 13:36:49.642 23918 24417 I art     : Explicit concurrent mark sweep GC freed 205(3KB) AllocSpace objects, 0(0B) LOS objects, 28% free, 39MB/55MB, paused 886us total 40.374ms
08-06 13:36:49.659 23918 24417 I art     : Starting a blocking GC Explicit
08-06 13:36:49.700 23918 24417 I art     : Explicit concurrent mark sweep GC freed 159(2880B) AllocSpace objects, 0(0B) LOS objects, 28% free, 39MB/55MB, paused 981us total 40.741ms
08-06 13:36:49.904 25000 25000 D AndroidRuntime: >>>>>> START com.android.internal.os.RuntimeInit uid 2000 <<<<<<
08-06 13:36:49.910 25000 25000 D AndroidRuntime: CheckJNI is OFF
08-06 13:36:49.949 25000 25000 D ICU     : No timezone override file found: /data/misc/zoneinfo/current/icu/icu_tzdata.dat
08-06 13:36:49.991 25000 25000 I Radio-JNI: register_android_hardware_Radio DONE
08-06 13:36:49.993 20760 20760 I ServiceManager: Waiting for service AtCmdFwd...
08-06 13:36:50.021 25000 25000 D AndroidRuntime: Calling main entry com.android.commands.input.Input
08-06 13:36:50.023 25000 25000 I Input   : injectMotionEvent: MotionEvent { action=ACTION_DOWN, actionButton=0, id[0]=0, x[0]=693.0, y[0]=1450.0, toolType[0]=TOOL_TYPE_UNKNOWN, buttonState=0, metaState=0, flags=0x0, edgeFlags=0x0, pointerCount=1, historySize=0, eventTime=884226435, downTime=884226435, deviceId=0, source=0x1002 }
08-06 13:36:50.027 25000 25000 I Input   : injectMotionEvent: MotionEvent { action=ACTION_UP, actionButton=0, id[0]=0, x[0]=693.0, y[0]=1450.0, toolType[0]=TOOL_TYPE_UNKNOWN, buttonState=0, metaState=0, flags=0x0, edgeFlags=0x0, pointerCount=1, historySize=0, eventTime=884226435, downTime=884226435, deviceId=0, source=0x1002 }
08-06 13:36:50.029 25000 25000 D AndroidRuntime: Shutting down VM
08-06 13:36:50.030   918  6110 I ActivityManager: START u0 {cmp=baseline.io.github.project_travel_mate/.destinations.description.CityHistoryActivity} from uid 10696 on display 0
08-06 13:36:50.031   512  2967 D audio_hw_primary: out_set_parameters: enter: usecase(1: low-latency-playback) kvpairs: routing=2
08-06 13:36:50.044   512  2967 D audio_hw_primary: select_devices: out_snd_device(2: speaker) in_snd_device(0: none)
08-06 13:36:50.044   512  2967 D msm8974_platform: platform_send_audio_calibration: sending audio calibration for snd_device(2) acdb_id(15)
08-06 13:36:50.044   512  2967 I soundtrigger: audio_extn_sound_trigger_update_device_status: device 0x2 of type 0 for Event 1
08-06 13:36:50.055   512  2967 D audio_hw_primary: enable_snd_device: snd_device(2: speaker)
08-06 13:36:50.057   512  2967 D audio_hw_primary: enable_audio_route: apply and update mixer path: low-latency-playback speaker
08-06 13:36:50.064 23918 24000 D Gabe    : call	returning from cache
08-06 13:36:50.067 23918 23918 V EXECUTING: https://project-travel-mate.herokuapp.com/api/get-city-information/1
08-06 13:36:50.101 23918 23931 I art     : Starting a blocking GC Explicit
08-06 13:36:50.142 23918 23931 I art     : Explicit concurrent mark sweep GC freed 3530(161KB) AllocSpace objects, 2(40KB) LOS objects, 26% free, 44MB/60MB, paused 1.303ms total 41.292ms
08-06 13:36:50.160 23918 23931 I art     : Starting a blocking GC Explicit
08-06 13:36:50.198 23918 23931 I art     : Explicit concurrent mark sweep GC freed 265(12KB) AllocSpace objects, 0(0B) LOS objects, 26% free, 44MB/60MB, paused 1.328ms total 37.242ms
08-06 13:36:50.215 23918 23931 I art     : Starting a blocking GC Explicit
08-06 13:36:50.226   918   936 I ActivityManager: Displayed baseline.io.github.project_travel_mate/.destinations.description.CityHistoryActivity: +183ms
08-06 13:36:50.227 13866 13866 I GoogleInputMethodServic: GoogleInputMethodService.onFinishInput():3138 
08-06 13:36:50.228 13866 13866 I GoogleInputMethodServic: GoogleInputMethodService.onStartInput():1808 
08-06 13:36:50.251 23918 23931 I art     : Explicit concurrent mark sweep GC freed 146(3KB) AllocSpace objects, 0(0B) LOS objects, 26% free, 44MB/60MB, paused 1.037ms total 35.224ms
08-06 13:36:50.269 23918 23931 I art     : Starting a blocking GC Explicit
08-06 13:36:50.309 23918 23931 I art     : Explicit concurrent mark sweep GC freed 25(512B) AllocSpace objects, 0(0B) LOS objects, 26% free, 44MB/60MB, paused 1.002ms total 39.197ms
08-06 13:36:50.326 23918 23931 I art     : Starting a blocking GC Explicit
08-06 13:36:50.366 23918 23931 I art     : Explicit concurrent mark sweep GC freed 128(2144B) AllocSpace objects, 0(0B) LOS objects, 26% free, 44MB/60MB, paused 1.112ms total 39.328ms
08-06 13:36:50.466   380   380 W SurfaceFlinger: couldn't log to binary event log: overflow.
08-06 13:36:50.589   512  2967 D audio_hw_primary: disable_audio_route: reset and update mixer path: low-latency-playback speaker
08-06 13:36:50.591   512  2967 D audio_hw_primary: disable_snd_device: snd_device(2: speaker)
08-06 13:36:50.603   512  2967 I soundtrigger: audio_extn_sound_trigger_update_device_status: device 0x2 of type 0 for Event 0
08-06 13:36:50.740 23918 23938 I art     : Starting a blocking GC Explicit
08-06 13:36:50.778 23918 23938 I art     : Explicit concurrent mark sweep GC freed 2682(104KB) AllocSpace objects, 2(40KB) LOS objects, 26% free, 44MB/60MB, paused 1.164ms total 37.829ms
08-06 13:36:50.794 23918 23938 I art     : Starting a blocking GC Explicit
08-06 13:36:50.834 23918 23938 I art     : Explicit concurrent mark sweep GC freed 1159(73KB) AllocSpace objects, 2(120KB) LOS objects, 26% free, 44MB/60MB, paused 1.640ms total 39.050ms
08-06 13:36:50.850 23918 23938 I art     : Starting a blocking GC Explicit
08-06 13:36:50.880 23918 25025 I NAPPA_EXPERIMENTATION: MetricNetworkRequestExecutionTime: REQUEST_DURATION_SYSTEM='812',REQUEST_DURATION_OKHTTP='31',REQUEST_SYNCHRONOUS='FALSE',RESPONSE_CODE='200',RESPONSE_METHOD='GET',RESPONSE_LENGTH_OKHTTP='55024',RESPONSE_LENGTH_HEADER='55024',REQUEST_PROTOCOL='http/1.1',REQUEST_URL='https://project-travel-mate.herokuapp.com/api/get-city-information/1',
08-06 13:36:50.889 23918 23938 I art     : Explicit concurrent mark sweep GC freed 2522(162KB) AllocSpace objects, 1(80KB) LOS objects, 26% free, 44MB/60MB, paused 1.111ms total 38.333ms
08-06 13:36:50.905 23918 23938 I art     : Starting a blocking GC Explicit
08-06 13:36:50.942 23918 23938 I art     : Explicit concurrent mark sweep GC freed 465(34KB) AllocSpace objects, 3(272KB) LOS objects, 26% free, 44MB/60MB, paused 982us total 36.446ms
08-06 13:36:50.958 23918 23938 I art     : Starting a blocking GC Explicit
08-06 13:36:50.993 20760 20760 I ServiceManager: Waiting for service AtCmdFwd...
08-06 13:36:50.995 23918 23938 I art     : Explicit concurrent mark sweep GC freed 1161(1167KB) AllocSpace objects, 15(392KB) LOS objects, 26% free, 44MB/60MB, paused 1.163ms total 36.875ms
08-06 13:36:51.002 13866 13866 I GoogleInputMethodServic: GoogleInputMethodService.onFinishInput():3138 
08-06 13:36:51.003 13866 13866 I GoogleInputMethodServic: GoogleInputMethodService.onStartInput():1808 
08-06 13:36:51.376 23918 23930 I art     : Starting a blocking GC Explicit
08-06 13:36:51.423 23918 23930 I art     : Explicit concurrent mark sweep GC freed 3490(158KB) AllocSpace objects, 4(4MB) LOS objects, 28% free, 40MB/56MB, paused 944us total 45.934ms
08-06 13:36:51.442 23918 23930 I art     : Starting a blocking GC Explicit
08-06 13:36:51.482 23918 23930 I art     : Explicit concurrent mark sweep GC freed 247(4KB) AllocSpace objects, 0(0B) LOS objects, 28% free, 40MB/56MB, paused 840us total 39.723ms
08-06 13:36:51.498 23918 23930 I art     : Starting a blocking GC Explicit
08-06 13:36:51.539 23918 23930 I art     : Explicit concurrent mark sweep GC freed 290(4KB) AllocSpace objects, 0(0B) LOS objects, 28% free, 40MB/56MB, paused 867us total 40.505ms
08-06 13:36:51.556 23918 23930 I art     : Starting a blocking GC Explicit
08-06 13:36:51.597 23918 23930 I art     : Explicit concurrent mark sweep GC freed 220(3KB) AllocSpace objects, 0(0B) LOS objects, 28% free, 40MB/56MB, paused 1.375ms total 41.029ms
08-06 13:36:51.614 23918 23930 I art     : Starting a blocking GC Explicit
08-06 13:36:51.656 23918 23930 I art     : Explicit concurrent mark sweep GC freed 291(4KB) AllocSpace objects, 0(0B) LOS objects, 28% free, 40MB/56MB, paused 854us total 41.767ms
08-06 13:36:51.994 20760 20760 I ServiceManager: Waiting for service AtCmdFwd...
08-06 13:36:52.080 23918 24417 I art     : Starting a blocking GC Explicit
08-06 13:36:52.129 23918 24417 I art     : Explicit concurrent mark sweep GC freed 3475(116KB) AllocSpace objects, 2(40KB) LOS objects, 28% free, 40MB/56MB, paused 1.141ms total 48.715ms
08-06 13:36:52.147 23918 24417 I art     : Starting a blocking GC Explicit
08-06 13:36:52.186 23918 24417 I art     : Explicit concurrent mark sweep GC freed 257(4KB) AllocSpace objects, 0(0B) LOS objects, 28% free, 40MB/56MB, paused 953us total 39.601ms
08-06 13:36:52.204 23918 24417 I art     : Starting a blocking GC Explicit
08-06 13:36:52.247 23918 24417 I art     : Explicit concurrent mark sweep GC freed 271(4KB) AllocSpace objects, 0(0B) LOS objects, 28% free, 40MB/56MB, paused 888us total 42.963ms
08-06 13:36:52.264 23918 24417 I art     : Starting a blocking GC Explicit
08-06 13:36:52.309 23918 24417 I art     : Explicit concurrent mark sweep GC freed 281(4KB) AllocSpace objects, 0(0B) LOS objects, 28% free, 40MB/56MB, paused 924us total 45.184ms
08-06 13:36:52.327 23918 24417 I art     : Starting a blocking GC Explicit
08-06 13:36:52.371 23918 24417 I art     : Explicit concurrent mark sweep GC freed 253(4KB) AllocSpace objects, 0(0B) LOS objects, 28% free, 40MB/56MB, paused 1.022ms total 43.446ms
08-06 13:36:52.777 23918 23938 I art     : Starting a blocking GC Explicit
08-06 13:36:52.823 23918 23938 I art     : Explicit concurrent mark sweep GC freed 3389(115KB) AllocSpace objects, 2(40KB) LOS objects, 28% free, 40MB/56MB, paused 1.005ms total 45.487ms
08-06 13:36:52.842 23918 23938 I art     : Starting a blocking GC Explicit
08-06 13:36:52.887 23918 23938 I art     : Explicit concurrent mark sweep GC freed 307(5KB) AllocSpace objects, 0(0B) LOS objects, 28% free, 40MB/56MB, paused 959us total 44.187ms
08-06 13:36:52.904 23918 23938 I art     : Starting a blocking GC Explicit
08-06 13:36:52.947 23918 23938 I art     : Explicit concurrent mark sweep GC freed 292(5KB) AllocSpace objects, 0(0B) LOS objects, 28% free, 40MB/56MB, paused 906us total 42.800ms
08-06 13:36:52.964 23918 23938 I art     : Starting a blocking GC Explicit
08-06 13:36:52.994 20760 20760 I ServiceManager: Waiting for service AtCmdFwd...
08-06 13:36:53.009 23918 23938 I art     : Explicit concurrent mark sweep GC freed 279(4KB) AllocSpace objects, 0(0B) LOS objects, 28% free, 40MB/56MB, paused 1.056ms total 44.764ms
08-06 13:36:53.026 23918 23938 I art     : Starting a blocking GC Explicit
08-06 13:36:53.069 23918 23938 I art     : Explicit concurrent mark sweep GC freed 243(4KB) AllocSpace objects, 0(0B) LOS objects, 28% free, 40MB/56MB, paused 903us total 42.065ms
08-06 13:36:53.467 23918 23930 I art     : Starting a blocking GC Explicit
08-06 13:36:53.516 23918 23930 I art     : Explicit concurrent mark sweep GC freed 3372(114KB) AllocSpace objects, 2(40KB) LOS objects, 28% free, 40MB/56MB, paused 910us total 48.018ms
08-06 13:36:53.537 23918 23930 I art     : Starting a blocking GC Explicit
08-06 13:36:53.577 23918 23930 I art     : Explicit concurrent mark sweep GC freed 310(5KB) AllocSpace objects, 0(0B) LOS objects, 28% free, 40MB/56MB, paused 828us total 39.680ms
08-06 13:36:53.594 23918 23930 I art     : Starting a blocking GC Explicit
08-06 13:36:53.637 23918 23930 I art     : Explicit concurrent mark sweep GC freed 230(3KB) AllocSpace objects, 0(0B) LOS objects, 28% free, 40MB/56MB, paused 1.004ms total 43.366ms
08-06 13:36:53.655 23918 23930 I art     : Starting a blocking GC Explicit
08-06 13:36:53.699 23918 23930 I art     : Explicit concurrent mark sweep GC freed 280(4KB) AllocSpace objects, 0(0B) LOS objects, 28% free, 40MB/56MB, paused 903us total 43.700ms
08-06 13:36:53.716 23918 23930 I art     : Starting a blocking GC Explicit
08-06 13:36:53.760 23918 23930 I art     : Explicit concurrent mark sweep GC freed 273(4KB) AllocSpace objects, 0(0B) LOS objects, 28% free, 40MB/56MB, paused 1.035ms total 44.050ms
08-06 13:36:53.995 20760 20760 I ServiceManager: Waiting for service AtCmdFwd...
08-06 13:36:54.169 23918 23931 I art     : Starting a blocking GC Explicit
08-06 13:36:54.242 23918 23931 I art     : Explicit concurrent mark sweep GC freed 3530(117KB) AllocSpace objects, 2(40KB) LOS objects, 28% free, 40MB/56MB, paused 1.427ms total 72.827ms
08-06 13:36:54.266 23918 23931 I art     : Starting a blocking GC Explicit
08-06 13:36:54.309 23918 23931 I art     : Explicit concurrent mark sweep GC freed 315(5KB) AllocSpace objects, 0(0B) LOS objects, 28% free, 40MB/56MB, paused 882us total 42.684ms
08-06 13:36:54.325 23918 23931 I art     : Starting a blocking GC Explicit
08-06 13:36:54.365 23918 23931 I art     : Explicit concurrent mark sweep GC freed 219(3KB) AllocSpace objects, 0(0B) LOS objects, 28% free, 40MB/56MB, paused 852us total 39.674ms
08-06 13:36:54.382 23918 23931 I art     : Starting a blocking GC Explicit
08-06 13:36:54.424 23918 23931 I art     : Explicit concurrent mark sweep GC freed 290(4KB) AllocSpace objects, 0(0B) LOS objects, 28% free, 40MB/56MB, paused 905us total 41.758ms
08-06 13:36:54.441 23918 23931 I art     : Starting a blocking GC Explicit
08-06 13:36:54.484 23918 23931 I art     : Explicit concurrent mark sweep GC freed 221(3KB) AllocSpace objects, 0(0B) LOS objects, 28% free, 40MB/56MB, paused 861us total 42.990ms
08-06 13:36:54.791 25089 25089 D AndroidRuntime: >>>>>> START com.android.internal.os.RuntimeInit uid 2000 <<<<<<
08-06 13:36:54.797 25089 25089 D AndroidRuntime: CheckJNI is OFF
08-06 13:36:54.842 25089 25089 D ICU     : No timezone override file found: /data/misc/zoneinfo/current/icu/icu_tzdata.dat
08-06 13:36:54.881 23918 24417 I art     : Starting a blocking GC Explicit
08-06 13:36:54.888 25089 25089 I Radio-JNI: register_android_hardware_Radio DONE
08-06 13:36:54.918 25089 25089 D AndroidRuntime: Calling main entry com.android.commands.input.Input
08-06 13:36:54.919 25089 25089 I Input   : injectKeyEvent: KeyEvent { action=ACTION_DOWN, keyCode=KEYCODE_BACK, scanCode=0, metaState=0, flags=0x0, repeatCount=0, eventTime=884231332, downTime=884231332, deviceId=-1, source=0x101 }
08-06 13:36:54.925 23918 24417 I art     : Explicit concurrent mark sweep GC freed 3328(114KB) AllocSpace objects, 2(40KB) LOS objects, 28% free, 40MB/56MB, paused 950us total 43.247ms
08-06 13:36:54.927 25089 25089 I Input   : injectKeyEvent: KeyEvent { action=ACTION_UP, keyCode=KEYCODE_BACK, scanCode=0, metaState=0, flags=0x0, repeatCount=0, eventTime=884231332, downTime=884231332, deviceId=-1, source=0x101 }
08-06 13:36:54.932 25089 25089 D AndroidRuntime: Shutting down VM
08-06 13:36:54.941 23918 24417 I art     : Starting a blocking GC Explicit
08-06 13:36:54.968 13866 13866 I GoogleInputMethodServic: GoogleInputMethodService.onFinishInput():3138 
08-06 13:36:54.969 13866 13866 I GoogleInputMethodServic: GoogleInputMethodService.onStartInput():1808 
08-06 13:36:54.979 23918 24417 I art     : Explicit concurrent mark sweep GC freed 265(6KB) AllocSpace objects, 0(0B) LOS objects, 28% free, 40MB/56MB, paused 848us total 37.155ms
08-06 13:36:54.995 20760 20760 W Atfwd_Sendcmd: AtCmdFwd service not published, waiting... retryCnt : 2
08-06 13:36:54.995 23918 24417 I art     : Starting a blocking GC Explicit
08-06 13:36:55.032 23918 24417 I art     : Explicit concurrent mark sweep GC freed 268(5KB) AllocSpace objects, 0(0B) LOS objects, 28% free, 40MB/56MB, paused 844us total 36.451ms
08-06 13:36:55.048 23918 24417 I art     : Starting a blocking GC Explicit
08-06 13:36:55.085 23918 24417 I art     : Explicit concurrent mark sweep GC freed 224(3KB) AllocSpace objects, 0(0B) LOS objects, 28% free, 40MB/56MB, paused 785us total 36.719ms
08-06 13:36:55.102 23918 24417 I art     : Starting a blocking GC Explicit
08-06 13:36:55.150 23918 24417 I art     : Explicit concurrent mark sweep GC freed 290(4KB) AllocSpace objects, 0(0B) LOS objects, 28% free, 40MB/56MB, paused 906us total 47.607ms
08-06 13:36:55.286   380   380 W SurfaceFlinger: couldn't log to binary event log: overflow.
08-06 13:36:55.508 23918 23938 I art     : Starting a blocking GC Explicit
08-06 13:36:55.552 23918 23938 I art     : Explicit concurrent mark sweep GC freed 2822(106KB) AllocSpace objects, 3(228KB) LOS objects, 28% free, 40MB/56MB, paused 900us total 43.798ms
08-06 13:36:55.571 23918 23938 I art     : Starting a blocking GC Explicit
08-06 13:36:55.611 23918 23938 I art     : Explicit concurrent mark sweep GC freed 4914(343KB) AllocSpace objects, 7(132KB) LOS objects, 28% free, 39MB/55MB, paused 947us total 39.978ms
08-06 13:36:55.629 23918 23938 I art     : Starting a blocking GC Explicit
08-06 13:36:55.667 23918 23938 I art     : Explicit concurrent mark sweep GC freed 158(3KB) AllocSpace objects, 0(0B) LOS objects, 28% free, 39MB/55MB, paused 848us total 37.410ms
08-06 13:36:55.683 23918 23938 I art     : Starting a blocking GC Explicit
08-06 13:36:55.722 23918 23938 I art     : Explicit concurrent mark sweep GC freed 168(2832B) AllocSpace objects, 0(0B) LOS objects, 28% free, 39MB/55MB, paused 906us total 38.892ms
08-06 13:36:55.739 23918 23938 I art     : Starting a blocking GC Explicit
08-06 13:36:55.779 23918 23938 I art     : Explicit concurrent mark sweep GC freed 174(2960B) AllocSpace objects, 0(0B) LOS objects, 28% free, 39MB/55MB, paused 862us total 39.747ms
08-06 13:36:56.156 23918 23931 I art     : Starting a blocking GC Explicit
08-06 13:36:56.196 23918 23931 I art     : Explicit concurrent mark sweep GC freed 2640(103KB) AllocSpace objects, 2(40KB) LOS objects, 28% free, 39MB/55MB, paused 882us total 38.980ms
08-06 13:36:56.212 23918 23931 I art     : Starting a blocking GC Explicit
08-06 13:36:56.250 23918 23931 I art     : Explicit concurrent mark sweep GC freed 176(3KB) AllocSpace objects, 0(0B) LOS objects, 28% free, 39MB/55MB, paused 863us total 37.673ms
08-06 13:36:56.267 23918 23931 I art     : Starting a blocking GC Explicit
08-06 13:36:56.304 23918 23931 I art     : Explicit concurrent mark sweep GC freed 147(2496B) AllocSpace objects, 0(0B) LOS objects, 28% free, 39MB/55MB, paused 836us total 37.634ms
08-06 13:36:56.321 23918 23931 I art     : Starting a blocking GC Explicit
08-06 13:36:56.359 23918 23931 I art     : Explicit concurrent mark sweep GC freed 193(3KB) AllocSpace objects, 0(0B) LOS objects, 28% free, 39MB/55MB, paused 908us total 38.044ms
08-06 13:36:56.376 23918 23931 I art     : Starting a blocking GC Explicit
08-06 13:36:56.414 23918 23931 I art     : Explicit concurrent mark sweep GC freed 149(2560B) AllocSpace objects, 0(0B) LOS objects, 28% free, 39MB/55MB, paused 847us total 38.182ms
08-06 13:36:56.690 25132 25132 D AndroidRuntime: >>>>>> START com.android.internal.os.RuntimeInit uid 2000 <<<<<<
08-06 13:36:56.696 25132 25132 D AndroidRuntime: CheckJNI is OFF
08-06 13:36:56.739 25132 25132 D ICU     : No timezone override file found: /data/misc/zoneinfo/current/icu/icu_tzdata.dat
08-06 13:36:56.783 25132 25132 I Radio-JNI: register_android_hardware_Radio DONE
08-06 13:36:56.803 23918 24417 I art     : Starting a blocking GC Explicit
08-06 13:36:56.813 25132 25132 D AndroidRuntime: Calling main entry com.android.commands.input.Input
08-06 13:36:56.815 25132 25132 I Input   : injectKeyEvent: KeyEvent { action=ACTION_DOWN, keyCode=KEYCODE_BACK, scanCode=0, metaState=0, flags=0x0, repeatCount=0, eventTime=884233228, downTime=884233228, deviceId=-1, source=0x101 }
08-06 13:36:56.825 25132 25132 I Input   : injectKeyEvent: KeyEvent { action=ACTION_UP, keyCode=KEYCODE_BACK, scanCode=0, metaState=0, flags=0x0, repeatCount=0, eventTime=884233228, downTime=884233228, deviceId=-1, source=0x101 }
08-06 13:36:56.832 25132 25132 D AndroidRuntime: Shutting down VM
08-06 13:36:56.843 23918 24417 I art     : Explicit concurrent mark sweep GC freed 2742(106KB) AllocSpace objects, 2(40KB) LOS objects, 28% free, 39MB/55MB, paused 1.036ms total 39.793ms
08-06 13:36:56.847 23918 23918 V MainActivity: url = https://project-travel-mate.herokuapp.com/api/number-of-unread-notifications
08-06 13:36:56.860 23918 24417 I art     : Starting a blocking GC Explicit
08-06 13:36:56.896 13866 13866 I GoogleInputMethodServic: GoogleInputMethodService.onFinishInput():3138 
08-06 13:36:56.897 13866 13866 I GoogleInputMethodServic: GoogleInputMethodService.onStartInput():1808 
08-06 13:36:56.898 23918 24417 I art     : Explicit concurrent mark sweep GC freed 403(14KB) AllocSpace objects, 0(0B) LOS objects, 28% free, 39MB/55MB, paused 1.029ms total 37.128ms
08-06 13:36:56.914 23918 24417 I art     : Starting a blocking GC Explicit
08-06 13:36:56.951 23918 24417 I art     : Explicit concurrent mark sweep GC freed 309(7KB) AllocSpace objects, 0(0B) LOS objects, 28% free, 39MB/55MB, paused 937us total 36.175ms
08-06 13:36:56.966 23918 24417 I art     : Starting a blocking GC Explicit
08-06 13:36:57.003 23918 24417 I art     : Explicit concurrent mark sweep GC freed 237(8KB) AllocSpace objects, 0(0B) LOS objects, 28% free, 39MB/55MB, paused 898us total 36.418ms
08-06 13:36:57.020 23918 24417 I art     : Starting a blocking GC Explicit
08-06 13:36:57.057 23918 24417 I art     : Explicit concurrent mark sweep GC freed 191(3KB) AllocSpace objects, 0(0B) LOS objects, 28% free, 39MB/55MB, paused 1.037ms total 37.387ms
08-06 13:36:57.189   380   380 W SurfaceFlinger: couldn't log to binary event log: overflow.
08-06 13:36:57.408 23918 24417 I art     : Starting a blocking GC Explicit
08-06 13:36:57.435 23918 25155 I NAPPA_EXPERIMENTATION: MetricNetworkRequestExecutionTime: REQUEST_DURATION_SYSTEM='587',REQUEST_DURATION_OKHTTP='36',REQUEST_SYNCHRONOUS='FALSE',RESPONSE_CODE='200',RESPONSE_METHOD='GET',RESPONSE_LENGTH_OKHTTP='36',RESPONSE_LENGTH_HEADER='36',REQUEST_PROTOCOL='http/1.1',REQUEST_URL='https://project-travel-mate.herokuapp.com/api/number-of-unread-notifications',
08-06 13:36:57.451 23918 24417 I art     : Explicit concurrent mark sweep GC freed 4910(240KB) AllocSpace objects, 5(240KB) LOS objects, 28% free, 39MB/55MB, paused 981us total 42.455ms
08-06 13:36:57.468 23918 24417 I art     : Starting a blocking GC Explicit
08-06 13:36:57.508 23918 24417 I art     : Explicit concurrent mark sweep GC freed 1219(126KB) AllocSpace objects, 0(0B) LOS objects, 28% free, 39MB/55MB, paused 1.157ms total 39.974ms
08-06 13:36:57.524 23918 24417 I art     : Starting a blocking GC Explicit
08-06 13:36:57.566 23918 24417 I art     : Explicit concurrent mark sweep GC freed 163(5KB) AllocSpace objects, 0(0B) LOS objects, 28% free, 39MB/55MB, paused 966us total 41.266ms
08-06 13:36:57.583 23918 24417 I art     : Starting a blocking GC Explicit
08-06 13:36:57.624 23918 24417 I art     : Explicit concurrent mark sweep GC freed 84(1440B) AllocSpace objects, 0(0B) LOS objects, 28% free, 39MB/55MB, paused 1.134ms total 40.697ms
08-06 13:36:57.641 23918 24417 I art     : Starting a blocking GC Explicit
08-06 13:36:57.684 23918 24417 I art     : Explicit concurrent mark sweep GC freed 90(1552B) AllocSpace objects, 0(0B) LOS objects, 28% free, 39MB/55MB, paused 909us total 42.720ms
08-06 13:36:58.051 23918 23938 I art     : Starting a blocking GC Explicit
08-06 13:36:58.092 23918 23938 I art     : Explicit concurrent mark sweep GC freed 2029(92KB) AllocSpace objects, 2(40KB) LOS objects, 28% free, 39MB/55MB, paused 958us total 40.519ms
08-06 13:36:58.109 23918 23938 I art     : Starting a blocking GC Explicit
08-06 13:36:58.148 23918 23938 I art     : Explicit concurrent mark sweep GC freed 94(1984B) AllocSpace objects, 0(0B) LOS objects, 28% free, 39MB/55MB, paused 981us total 39.583ms
08-06 13:36:58.165 23918 23938 I art     : Starting a blocking GC Explicit
08-06 13:36:58.204 23918 23938 I art     : Explicit concurrent mark sweep GC freed 75(1296B) AllocSpace objects, 0(0B) LOS objects, 28% free, 39MB/55MB, paused 945us total 38.497ms
08-06 13:36:58.220 23918 23938 I art     : Starting a blocking GC Explicit
08-06 13:36:58.260 23918 23938 I art     : Explicit concurrent mark sweep GC freed 90(1536B) AllocSpace objects, 0(0B) LOS objects, 28% free, 39MB/55MB, paused 1.018ms total 39.336ms
08-06 13:36:58.277 23918 23938 I art     : Starting a blocking GC Explicit
08-06 13:36:58.316 23918 23938 I art     : Explicit concurrent mark sweep GC freed 84(1456B) AllocSpace objects, 0(0B) LOS objects, 28% free, 39MB/55MB, paused 948us total 39.473ms
08-06 13:36:58.602 25178 25178 D AndroidRuntime: >>>>>> START com.android.internal.os.RuntimeInit uid 2000 <<<<<<
08-06 13:36:58.608 25178 25178 D AndroidRuntime: CheckJNI is OFF
08-06 13:36:58.648 25178 25178 D ICU     : No timezone override file found: /data/misc/zoneinfo/current/icu/icu_tzdata.dat
08-06 13:36:58.689 25178 25178 I Radio-JNI: register_android_hardware_Radio DONE
08-06 13:36:58.704 23918 23931 I art     : Starting a blocking GC Explicit
08-06 13:36:58.719 25178 25178 D AndroidRuntime: Calling main entry com.android.commands.input.Input
08-06 13:36:58.721 25178 25178 I Input   : injectMotionEvent: MotionEvent { action=ACTION_DOWN, actionButton=0, id[0]=0, x[0]=117.0, y[0]=170.0, toolType[0]=TOOL_TYPE_UNKNOWN, buttonState=0, metaState=0, flags=0x0, edgeFlags=0x0, pointerCount=1, historySize=0, eventTime=884235133, downTime=884235133, deviceId=0, source=0x1002 }
08-06 13:36:58.729 25178 25178 I Input   : injectMotionEvent: MotionEvent { action=ACTION_UP, actionButton=0, id[0]=0, x[0]=117.0, y[0]=170.0, toolType[0]=TOOL_TYPE_UNKNOWN, buttonState=0, metaState=0, flags=0x0, edgeFlags=0x0, pointerCount=1, historySize=0, eventTime=884235133, downTime=884235133, deviceId=0, source=0x1002 }
08-06 13:36:58.731 25178 25178 D AndroidRuntime: Shutting down VM
08-06 13:36:58.746   512  2967 D audio_hw_primary: out_set_parameters: enter: usecase(1: low-latency-playback) kvpairs: routing=2
08-06 13:36:58.747 23918 23931 I art     : Explicit concurrent mark sweep GC freed 2116(95KB) AllocSpace objects, 2(40KB) LOS objects, 28% free, 39MB/55MB, paused 1.723ms total 43.232ms
08-06 13:36:58.759   512  2967 D audio_hw_primary: select_devices: out_snd_device(2: speaker) in_snd_device(0: none)
08-06 13:36:58.759   512  2967 D msm8974_platform: platform_send_audio_calibration: sending audio calibration for snd_device(2) acdb_id(15)
08-06 13:36:58.759   512  2967 I soundtrigger: audio_extn_sound_trigger_update_device_status: device 0x2 of type 0 for Event 1
08-06 13:36:58.765 23918 23931 I art     : Starting a blocking GC Explicit
08-06 13:36:58.769   512  2967 D audio_hw_primary: enable_snd_device: snd_device(2: speaker)
08-06 13:36:58.771   512  2967 D audio_hw_primary: enable_audio_route: apply and update mixer path: low-latency-playback speaker
08-06 13:36:58.804 23918 23931 I art     : Explicit concurrent mark sweep GC freed 135(4KB) AllocSpace objects, 0(0B) LOS objects, 28% free, 40MB/56MB, paused 1.023ms total 38.618ms
08-06 13:36:58.820 23918 23931 I art     : Starting a blocking GC Explicit
08-06 13:36:58.859 23918 23931 I art     : Explicit concurrent mark sweep GC freed 93(2528B) AllocSpace objects, 0(0B) LOS objects, 28% free, 40MB/56MB, paused 1.048ms total 38.844ms
08-06 13:36:58.875 23918 23931 I art     : Starting a blocking GC Explicit
08-06 13:36:58.914 23918 23931 I art     : Explicit concurrent mark sweep GC freed 418(19KB) AllocSpace objects, 0(0B) LOS objects, 28% free, 40MB/56MB, paused 1.060ms total 38.234ms
08-06 13:36:58.930 23918 23931 I art     : Starting a blocking GC Explicit
08-06 13:36:58.967 23918 23931 I art     : Explicit concurrent mark sweep GC freed 90(2208B) AllocSpace objects, 0(0B) LOS objects, 28% free, 40MB/56MB, paused 1.028ms total 36.719ms
08-06 13:36:59.309   512  2967 D audio_hw_primary: disable_audio_route: reset and update mixer path: low-latency-playback speaker
08-06 13:36:59.310   512  2967 D audio_hw_primary: disable_snd_device: snd_device(2: speaker)
08-06 13:36:59.318   512  2967 I soundtrigger: audio_extn_sound_trigger_update_device_status: device 0x2 of type 0 for Event 0
08-06 13:36:59.324 23918 24417 I art     : Starting a blocking GC Explicit
08-06 13:36:59.363 23918 24417 I art     : Explicit concurrent mark sweep GC freed 2018(93KB) AllocSpace objects, 2(40KB) LOS objects, 28% free, 40MB/56MB, paused 851us total 38.699ms
08-06 13:36:59.380 23918 24417 I art     : Starting a blocking GC Explicit
08-06 13:36:59.419 23918 24417 I art     : Explicit concurrent mark sweep GC freed 104(2304B) AllocSpace objects, 0(0B) LOS objects, 28% free, 40MB/56MB, paused 990us total 38.609ms
08-06 13:36:59.435 23918 24417 I art     : Starting a blocking GC Explicit
08-06 13:36:59.475 23918 24417 I art     : Explicit concurrent mark sweep GC freed 75(1296B) AllocSpace objects, 0(0B) LOS objects, 28% free, 40MB/56MB, paused 905us total 39.289ms
08-06 13:36:59.491 23918 24417 I art     : Starting a blocking GC Explicit
08-06 13:36:59.498 25202 25202 D AndroidRuntime: >>>>>> START com.android.internal.os.RuntimeInit uid 2000 <<<<<<
08-06 13:36:59.503 25202 25202 D AndroidRuntime: CheckJNI is OFF
08-06 13:36:59.531 23918 24417 I art     : Explicit concurrent mark sweep GC freed 101(1760B) AllocSpace objects, 0(0B) LOS objects, 28% free, 40MB/56MB, paused 941us total 39.574ms
08-06 13:36:59.548 23918 24417 I art     : Starting a blocking GC Explicit
08-06 13:36:59.549 25202 25202 D ICU     : No timezone override file found: /data/misc/zoneinfo/current/icu/icu_tzdata.dat
08-06 13:36:59.587 23918 24417 I art     : Explicit concurrent mark sweep GC freed 75(1296B) AllocSpace objects, 0(0B) LOS objects, 28% free, 40MB/56MB, paused 1.027ms total 39.170ms
08-06 13:36:59.591 25202 25202 I Radio-JNI: register_android_hardware_Radio DONE
08-06 13:36:59.621 25202 25202 D AndroidRuntime: Calling main entry com.android.commands.input.Input
08-06 13:36:59.623 25202 25202 I Input   : injectMotionEvent: MotionEvent { action=ACTION_DOWN, actionButton=0, id[0]=0, x[0]=355.0, y[0]=1674.0, toolType[0]=TOOL_TYPE_UNKNOWN, buttonState=0, metaState=0, flags=0x0, edgeFlags=0x0, pointerCount=1, historySize=0, eventTime=884236036, downTime=884236036, deviceId=0, source=0x1002 }
08-06 13:36:59.627 25202 25202 I Input   : injectMotionEvent: MotionEvent { action=ACTION_UP, actionButton=0, id[0]=0, x[0]=355.0, y[0]=1674.0, toolType[0]=TOOL_TYPE_UNKNOWN, buttonState=0, metaState=0, flags=0x0, edgeFlags=0x0, pointerCount=1, historySize=0, eventTime=884236036, downTime=884236036, deviceId=0, source=0x1002 }
08-06 13:36:59.629 25202 25202 D AndroidRuntime: Shutting down VM
08-06 13:36:59.645   512  2967 D audio_hw_primary: out_set_parameters: enter: usecase(1: low-latency-playback) kvpairs: routing=2
08-06 13:36:59.658   512  2967 D audio_hw_primary: select_devices: out_snd_device(2: speaker) in_snd_device(0: none)
08-06 13:36:59.658   512  2967 D msm8974_platform: platform_send_audio_calibration: sending audio calibration for snd_device(2) acdb_id(15)
08-06 13:36:59.658   512  2967 I soundtrigger: audio_extn_sound_trigger_update_device_status: device 0x2 of type 0 for Event 1
08-06 13:36:59.668   512  2967 D audio_hw_primary: enable_snd_device: snd_device(2: speaker)
08-06 13:36:59.670   512  2967 D audio_hw_primary: enable_audio_route: apply and update mixer path: low-latency-playback speaker
08-06 13:36:59.717   512  2967 D AudioFlinger: mixer(0xf4740000) throttle end: throttle time(12)
08-06 13:36:59.945 23918 23931 I art     : Waiting for a blocking GC Explicit
08-06 13:36:59.978 23918 23931 I art     : WaitForGcToComplete blocked for 33.715ms for cause Explicit
08-06 13:36:59.979 23918 23931 I art     : Starting a blocking GC Explicit
08-06 13:37:00.016 23918 23931 I art     : Explicit concurrent mark sweep GC freed 1375(140KB) AllocSpace objects, 0(0B) LOS objects, 17% free, 73MB/89MB, paused 868us total 37.538ms
08-06 13:37:00.033 23918 23931 I art     : Starting a blocking GC Explicit
08-06 13:37:00.068 23918 23931 I art     : Explicit concurrent mark sweep GC freed 5(208B) AllocSpace objects, 0(0B) LOS objects, 16% free, 79MB/95MB, paused 969us total 35.131ms
08-06 13:37:00.084 23918 23931 I art     : Starting a blocking GC Explicit
08-06 13:37:00.121 23918 23931 I art     : Explicit concurrent mark sweep GC freed 9(368B) AllocSpace objects, 0(0B) LOS objects, 16% free, 79MB/95MB, paused 1.001ms total 36.672ms
08-06 13:37:00.137 23918 23931 I art     : Waiting for a blocking GC Explicit
08-06 13:37:00.145 23918 23931 I art     : WaitForGcToComplete blocked for 7.137ms for cause Explicit
08-06 13:37:00.145 23918 23931 I art     : Starting a blocking GC Explicit
08-06 13:37:00.182 23918 23931 I art     : Explicit concurrent mark sweep GC freed 8(288B) AllocSpace objects, 0(0B) LOS objects, 12% free, 115MB/131MB, paused 998us total 37.198ms
08-06 13:37:00.182 23918 23929 I art     : WaitForGcToComplete blocked for 37.482ms for cause Background
08-06 13:37:00.199 23918 23931 I art     : Starting a blocking GC Explicit
08-06 13:37:00.208   512  2967 D audio_hw_primary: disable_audio_route: reset and update mixer path: low-latency-playback speaker
08-06 13:37:00.209   512  2967 D audio_hw_primary: disable_snd_device: snd_device(2: speaker)
08-06 13:37:00.217   512  2967 I soundtrigger: audio_extn_sound_trigger_update_device_status: device 0x2 of type 0 for Event 0
08-06 13:37:00.237 23918 23931 I art     : Explicit concurrent mark sweep GC freed 3(96B) AllocSpace objects, 0(0B) LOS objects, 12% free, 115MB/131MB, paused 1.082ms total 38.480ms
08-06 13:37:00.583 23918 23918 I Choreographer: Skipped 55 frames!  The application may be doing too much work on its main thread.
08-06 13:37:00.584 23918 23918 V MainActivity: url = https://project-travel-mate.herokuapp.com/api/number-of-unread-notifications
08-06 13:37:00.601 23918 23930 I art     : Starting a blocking GC Explicit
08-06 13:37:00.641 23918 23930 I art     : Explicit concurrent mark sweep GC freed 1667(62KB) AllocSpace objects, 0(0B) LOS objects, 10% free, 134MB/150MB, paused 1.034ms total 40.562ms
08-06 13:37:00.658 23918 23930 I art     : Starting a blocking GC Explicit
08-06 13:37:00.694 23918 23930 I art     : Explicit concurrent mark sweep GC freed 976(58KB) AllocSpace objects, 9(252KB) LOS objects, 10% free, 134MB/150MB, paused 916us total 34.981ms
08-06 13:37:00.710 23918 23930 I art     : Starting a blocking GC Explicit
08-06 13:37:00.747 23918 23930 I art     : Explicit concurrent mark sweep GC freed 44(1152B) AllocSpace objects, 0(0B) LOS objects, 10% free, 134MB/150MB, paused 885us total 37.150ms
08-06 13:37:00.762 23918 23930 I art     : Starting a blocking GC Explicit
08-06 13:37:00.801 23918 23930 I art     : Explicit concurrent mark sweep GC freed 3(96B) AllocSpace objects, 0(0B) LOS objects, 10% free, 134MB/150MB, paused 967us total 38.109ms
08-06 13:37:00.817 23918 23930 I art     : Starting a blocking GC Explicit
08-06 13:37:00.859 23918 23930 I art     : Explicit concurrent mark sweep GC freed 3(96B) AllocSpace objects, 0(0B) LOS objects, 10% free, 134MB/150MB, paused 1.040ms total 40.955ms
08-06 13:37:01.242 23918 24417 I art     : Starting a blocking GC Explicit
08-06 13:37:01.303 23918 24417 I art     : Explicit concurrent mark sweep GC freed 1427(83KB) AllocSpace objects, 2(36KB) LOS objects, 10% free, 134MB/150MB, paused 1.031ms total 60.078ms
08-06 13:37:01.323 23918 24417 I art     : Starting a blocking GC Explicit
08-06 13:37:01.367 23918 24417 I art     : Explicit concurrent mark sweep GC freed 537(50KB) AllocSpace objects, 0(0B) LOS objects, 10% free, 134MB/150MB, paused 1.115ms total 43.467ms
08-06 13:37:01.384 23918 24417 I art     : Starting a blocking GC Explicit
08-06 13:37:01.431 23918 24417 I art     : Explicit concurrent mark sweep GC freed 2070(82KB) AllocSpace objects, 2(120KB) LOS objects, 10% free, 134MB/150MB, paused 1.165ms total 46.175ms
08-06 13:37:01.448 23918 24417 I art     : Starting a blocking GC Explicit
08-06 13:37:01.455 23918 25244 I NAPPA_EXPERIMENTATION: MetricNetworkRequestExecutionTime: REQUEST_DURATION_SYSTEM='870',REQUEST_DURATION_OKHTTP='37',REQUEST_SYNCHRONOUS='FALSE',RESPONSE_CODE='200',RESPONSE_METHOD='GET',RESPONSE_LENGTH_OKHTTP='36',RESPONSE_LENGTH_HEADER='36',REQUEST_PROTOCOL='http/1.1',REQUEST_URL='https://project-travel-mate.herokuapp.com/api/number-of-unread-notifications',
08-06 13:37:01.495 23918 24417 I art     : Explicit concurrent mark sweep GC freed 1067(126KB) AllocSpace objects, 1(80KB) LOS objects, 10% free, 134MB/150MB, paused 1.020ms total 46.526ms
08-06 13:37:01.513 23918 24417 I art     : Starting a blocking GC Explicit
08-06 13:37:01.559 23918 24417 I art     : Explicit concurrent mark sweep GC freed 91(5KB) AllocSpace objects, 0(0B) LOS objects, 10% free, 134MB/150MB, paused 946us total 45.401ms
08-06 13:37:01.982 23918 23938 I art     : Starting a blocking GC Explicit
08-06 13:37:02.034 23918 23938 I art     : Explicit concurrent mark sweep GC freed 1449(84KB) AllocSpace objects, 2(36KB) LOS objects, 10% free, 134MB/150MB, paused 1.114ms total 51.540ms
08-06 13:37:02.048   918  3261 D WifiStateMachine: starting scan for "H369AA63323"WPA_PSK with 2412,5180
08-06 13:37:02.054 23918 23938 I art     : Starting a blocking GC Explicit
08-06 13:37:02.098 23918 23938 I art     : Explicit concurrent mark sweep GC freed 50(2288B) AllocSpace objects, 0(0B) LOS objects, 10% free, 134MB/150MB, paused 1.083ms total 43.713ms
08-06 13:37:02.115 23918 23938 I art     : Starting a blocking GC Explicit
08-06 13:37:02.158 23918 23938 I art     : Explicit concurrent mark sweep GC freed 3(96B) AllocSpace objects, 0(0B) LOS objects, 10% free, 134MB/150MB, paused 1.047ms total 42.699ms
08-06 13:37:02.175 23918 23938 I art     : Starting a blocking GC Explicit
08-06 13:37:02.220 23918 23938 I art     : Explicit concurrent mark sweep GC freed 6(192B) AllocSpace objects, 0(0B) LOS objects, 10% free, 134MB/150MB, paused 1.443ms total 44.549ms
08-06 13:37:02.240 23918 23938 I art     : Starting a blocking GC Explicit
08-06 13:37:02.284 23918 23938 I art     : Explicit concurrent mark sweep GC freed 11(352B) AllocSpace objects, 0(0B) LOS objects, 10% free, 134MB/150MB, paused 901us total 43.867ms
08-06 13:37:02.421 25275 25275 D AndroidRuntime: >>>>>> START com.android.internal.os.RuntimeInit uid 2000 <<<<<<
08-06 13:37:02.427 25275 25275 D AndroidRuntime: CheckJNI is OFF
08-06 13:37:02.471 25275 25275 D ICU     : No timezone override file found: /data/misc/zoneinfo/current/icu/icu_tzdata.dat
08-06 13:37:02.511 25275 25275 I Radio-JNI: register_android_hardware_Radio DONE
08-06 13:37:02.540 25275 25275 D AndroidRuntime: Calling main entry com.android.commands.input.Input
08-06 13:37:02.542 25275 25275 I Input   : injectMotionEvent: MotionEvent { action=ACTION_DOWN, actionButton=0, id[0]=0, x[0]=747.0, y[0]=608.0, toolType[0]=TOOL_TYPE_UNKNOWN, buttonState=0, metaState=0, flags=0x0, edgeFlags=0x0, pointerCount=1, historySize=0, eventTime=884238954, downTime=884238954, deviceId=0, source=0x1002 }
08-06 13:37:02.546 25275 25275 I Input   : injectMotionEvent: MotionEvent { action=ACTION_UP, actionButton=0, id[0]=0, x[0]=747.0, y[0]=608.0, toolType[0]=TOOL_TYPE_UNKNOWN, buttonState=0, metaState=0, flags=0x0, edgeFlags=0x0, pointerCount=1, historySize=0, eventTime=884238954, downTime=884238954, deviceId=0, source=0x1002 }
08-06 13:37:02.548 25275 25275 D AndroidRuntime: Shutting down VM
08-06 13:37:02.549   512  2967 D audio_hw_primary: out_set_parameters: enter: usecase(1: low-latency-playback) kvpairs: routing=2
08-06 13:37:02.559   918  5952 I ActivityManager: START u0 {cmp=baseline.io.github.project_travel_mate/.utilities.ChecklistActivity} from uid 10696 on display 0
08-06 13:37:02.562   512  2967 D audio_hw_primary: select_devices: out_snd_device(2: speaker) in_snd_device(0: none)
08-06 13:37:02.562   512  2967 D msm8974_platform: platform_send_audio_calibration: sending audio calibration for snd_device(2) acdb_id(15)
08-06 13:37:02.563   512  2967 I soundtrigger: audio_extn_sound_trigger_update_device_status: device 0x2 of type 0 for Event 1
08-06 13:37:02.575   512  2967 D audio_hw_primary: enable_snd_device: snd_device(2: speaker)
08-06 13:37:02.578   512  2967 D audio_hw_primary: enable_audio_route: apply and update mixer path: low-latency-playback speaker
08-06 13:37:02.682 23918 23938 I art     : Starting a blocking GC Explicit
08-06 13:37:02.726 23918 23938 I art     : Explicit concurrent mark sweep GC freed 2923(269KB) AllocSpace objects, 2(36KB) LOS objects, 10% free, 135MB/151MB, paused 2.446ms total 44.002ms
08-06 13:37:02.745 23918 23938 I art     : Starting a blocking GC Explicit
08-06 13:37:02.750 13866 13866 I GoogleInputMethodServic: GoogleInputMethodService.onFinishInput():3138 
08-06 13:37:02.750   918   936 I ActivityManager: Displayed baseline.io.github.project_travel_mate/.utilities.ChecklistActivity: +185ms
08-06 13:37:02.751 13866 13866 I GoogleInputMethodServic: GoogleInputMethodService.onStartInput():1808 
08-06 13:37:02.785 23918 23938 I art     : Explicit concurrent mark sweep GC freed 563(27KB) AllocSpace objects, 0(0B) LOS objects, 10% free, 135MB/151MB, paused 1.388ms total 39.983ms
08-06 13:37:02.804 23918 23938 I art     : Starting a blocking GC Explicit
08-06 13:37:02.841 23918 23938 I art     : Explicit concurrent mark sweep GC freed 103(7KB) AllocSpace objects, 0(0B) LOS objects, 10% free, 135MB/151MB, paused 970us total 36.729ms
08-06 13:37:02.857 23918 23938 I art     : Starting a blocking GC Explicit
08-06 13:37:02.894 23918 23938 I art     : Explicit concurrent mark sweep GC freed 3(96B) AllocSpace objects, 0(0B) LOS objects, 10% free, 135MB/151MB, paused 973us total 36.534ms
08-06 13:37:02.911 23918 23938 I art     : Starting a blocking GC Explicit
08-06 13:37:02.948 23918 23938 I art     : Explicit concurrent mark sweep GC freed 3(96B) AllocSpace objects, 0(0B) LOS objects, 10% free, 135MB/151MB, paused 1.022ms total 36.865ms
08-06 13:37:03.011   380   380 W SurfaceFlinger: couldn't log to binary event log: overflow.
08-06 13:37:03.110   512  2967 D audio_hw_primary: disable_audio_route: reset and update mixer path: low-latency-playback speaker
08-06 13:37:03.110   512  2967 D audio_hw_primary: disable_snd_device: snd_device(2: speaker)
08-06 13:37:03.118   512  2967 I soundtrigger: audio_extn_sound_trigger_update_device_status: device 0x2 of type 0 for Event 0
08-06 13:37:03.320 23918 23931 I art     : Starting a blocking GC Explicit
08-06 13:37:03.366 23918 23931 I art     : Explicit concurrent mark sweep GC freed 1630(94KB) AllocSpace objects, 2(36KB) LOS objects, 10% free, 135MB/151MB, paused 1.106ms total 45.013ms
08-06 13:37:03.383 23918 23931 I art     : Starting a blocking GC Explicit
08-06 13:37:03.427 23918 23931 I art     : Explicit concurrent mark sweep GC freed 36(1280B) AllocSpace objects, 0(0B) LOS objects, 10% free, 135MB/151MB, paused 1.151ms total 44.304ms
08-06 13:37:03.445 23918 23931 I art     : Starting a blocking GC Explicit
08-06 13:37:03.489 23918 23931 I art     : Explicit concurrent mark sweep GC freed 3(96B) AllocSpace objects, 0(0B) LOS objects, 10% free, 135MB/151MB, paused 1.109ms total 44.121ms
08-06 13:37:03.507 23918 23931 I art     : Starting a blocking GC Explicit
08-06 13:37:03.551 23918 23931 I art     : Explicit concurrent mark sweep GC freed 3(96B) AllocSpace objects, 0(0B) LOS objects, 10% free, 135MB/151MB, paused 1.078ms total 44.495ms
08-06 13:37:03.569 23918 23931 I art     : Starting a blocking GC Explicit
08-06 13:37:03.613 23918 23931 I art     : Explicit concurrent mark sweep GC freed 3(96B) AllocSpace objects, 0(0B) LOS objects, 10% free, 135MB/151MB, paused 1.072ms total 44.321ms
08-06 13:37:04.018 23918 24417 I art     : Starting a blocking GC Explicit
08-06 13:37:04.073 23918 24417 I art     : Explicit concurrent mark sweep GC freed 1616(93KB) AllocSpace objects, 2(36KB) LOS objects, 10% free, 135MB/151MB, paused 1.207ms total 53.747ms
08-06 13:37:04.093 23918 24417 I art     : Starting a blocking GC Explicit
08-06 13:37:04.139 23918 24417 I art     : Explicit concurrent mark sweep GC freed 28(1024B) AllocSpace objects, 0(0B) LOS objects, 10% free, 135MB/151MB, paused 1.096ms total 46.006ms
08-06 13:37:04.157 23918 24417 I art     : Starting a blocking GC Explicit
08-06 13:37:04.202 23918 24417 I art     : Explicit concurrent mark sweep GC freed 3(96B) AllocSpace objects, 0(0B) LOS objects, 10% free, 135MB/151MB, paused 1.129ms total 44.451ms
08-06 13:37:04.219 23918 24417 I art     : Starting a blocking GC Explicit
08-06 13:37:04.267 23918 24417 I art     : Explicit concurrent mark sweep GC freed 3(96B) AllocSpace objects, 0(0B) LOS objects, 10% free, 135MB/151MB, paused 1.180ms total 47.296ms
08-06 13:37:04.284 23918 24417 I art     : Starting a blocking GC Explicit
08-06 13:37:04.333 23918 24417 I art     : Explicit concurrent mark sweep GC freed 3(96B) AllocSpace objects, 0(0B) LOS objects, 10% free, 135MB/151MB, paused 1.158ms total 48.784ms
08-06 13:37:04.784 23918 23930 I art     : Starting a blocking GC Explicit
08-06 13:37:04.845 23918 23930 I art     : Explicit concurrent mark sweep GC freed 1627(93KB) AllocSpace objects, 2(36KB) LOS objects, 10% free, 135MB/151MB, paused 1.227ms total 60.130ms
08-06 13:37:04.865 23918 23930 I art     : Starting a blocking GC Explicit
08-06 13:37:04.916 23918 23930 I art     : Explicit concurrent mark sweep GC freed 45(1840B) AllocSpace objects, 0(0B) LOS objects, 10% free, 135MB/151MB, paused 1.123ms total 49.826ms
08-06 13:37:04.933 23918 23930 I art     : Starting a blocking GC Explicit
08-06 13:37:04.984 23918 23930 I art     : Explicit concurrent mark sweep GC freed 15(752B) AllocSpace objects, 0(0B) LOS objects, 10% free, 135MB/151MB, paused 1.275ms total 50.344ms
08-06 13:37:04.997 20760 20760 I ServiceManager: Waiting for service AtCmdFwd...
08-06 13:37:05.005 23918 23930 I art     : Starting a blocking GC Explicit
08-06 13:37:05.052 23918 23930 I art     : Explicit concurrent mark sweep GC freed 13(640B) AllocSpace objects, 0(0B) LOS objects, 10% free, 135MB/151MB, paused 1.129ms total 47.171ms
08-06 13:37:05.070 23918 23930 I art     : Starting a blocking GC Explicit
08-06 13:37:05.118 23918 23930 I art     : Explicit concurrent mark sweep GC freed 3(96B) AllocSpace objects, 0(0B) LOS objects, 10% free, 135MB/151MB, paused 1.116ms total 47.951ms
08-06 13:37:05.540 23918 23938 I art     : Starting a blocking GC Explicit
08-06 13:37:05.600 23918 23938 I art     : Explicit concurrent mark sweep GC freed 1582(92KB) AllocSpace objects, 2(36KB) LOS objects, 10% free, 135MB/151MB, paused 1.254ms total 59.545ms
08-06 13:37:05.620 23918 23938 I art     : Starting a blocking GC Explicit
08-06 13:37:05.667 23918 23938 I art     : Explicit concurrent mark sweep GC freed 59(1856B) AllocSpace objects, 0(0B) LOS objects, 10% free, 135MB/151MB, paused 1.130ms total 46.820ms
08-06 13:37:05.685 23918 23938 I art     : Starting a blocking GC Explicit
08-06 13:37:05.734 23918 23938 I art     : Explicit concurrent mark sweep GC freed 3(96B) AllocSpace objects, 0(0B) LOS objects, 10% free, 135MB/151MB, paused 1.349ms total 49.015ms
08-06 13:37:05.752 23918 23938 I art     : Starting a blocking GC Explicit
08-06 13:37:05.800 23918 23938 I art     : Explicit concurrent mark sweep GC freed 3(96B) AllocSpace objects, 0(0B) LOS objects, 10% free, 135MB/151MB, paused 1.222ms total 47.510ms
08-06 13:37:05.820 23918 23938 I art     : Starting a blocking GC Explicit
08-06 13:37:05.871 23918 23938 I art     : Explicit concurrent mark sweep GC freed 3(96B) AllocSpace objects, 0(0B) LOS objects, 10% free, 135MB/151MB, paused 1.146ms total 50.716ms
08-06 13:37:05.998 20760 20760 I ServiceManager: Waiting for service AtCmdFwd...
08-06 13:37:06.318 23918 23931 I art     : Starting a blocking GC Explicit
08-06 13:37:06.379 23918 23931 I art     : Explicit concurrent mark sweep GC freed 1583(92KB) AllocSpace objects, 2(36KB) LOS objects, 10% free, 135MB/151MB, paused 1.410ms total 59.894ms
08-06 13:37:06.400 23918 23931 I art     : Starting a blocking GC Explicit
08-06 13:37:06.450 23918 23931 I art     : Explicit concurrent mark sweep GC freed 28(1024B) AllocSpace objects, 0(0B) LOS objects, 10% free, 135MB/151MB, paused 1.123ms total 50.090ms
08-06 13:37:06.468 23918 23931 I art     : Starting a blocking GC Explicit
08-06 13:37:06.518 23918 23931 I art     : Explicit concurrent mark sweep GC freed 3(96B) AllocSpace objects, 0(0B) LOS objects, 10% free, 135MB/151MB, paused 1.284ms total 49.411ms
08-06 13:37:06.539 23918 23931 I art     : Starting a blocking GC Explicit
08-06 13:37:06.589 23918 23931 I art     : Explicit concurrent mark sweep GC freed 3(96B) AllocSpace objects, 0(0B) LOS objects, 10% free, 135MB/151MB, paused 1.197ms total 49.681ms
08-06 13:37:06.610 23918 23931 I art     : Starting a blocking GC Explicit
08-06 13:37:06.656 23918 23931 I art     : Explicit concurrent mark sweep GC freed 34(928B) AllocSpace objects, 0(0B) LOS objects, 10% free, 135MB/151MB, paused 1.022ms total 46.628ms
08-06 13:37:07.000 20760 20760 I ServiceManager: Waiting for service AtCmdFwd...
08-06 13:37:07.041 23918 24417 I art     : Starting a blocking GC Explicit
08-06 13:37:07.091 23918 24417 I art     : Explicit concurrent mark sweep GC freed 1583(92KB) AllocSpace objects, 2(36KB) LOS objects, 10% free, 135MB/151MB, paused 1.147ms total 49.694ms
08-06 13:37:07.108 23918 24417 I art     : Starting a blocking GC Explicit
08-06 13:37:07.154 23918 24417 I art     : Explicit concurrent mark sweep GC freed 28(1024B) AllocSpace objects, 0(0B) LOS objects, 10% free, 135MB/151MB, paused 1.108ms total 44.974ms
08-06 13:37:07.171 23918 24417 I art     : Starting a blocking GC Explicit
08-06 13:37:07.210 23918 24417 I art     : Explicit concurrent mark sweep GC freed 3(96B) AllocSpace objects, 0(0B) LOS objects, 10% free, 135MB/151MB, paused 966us total 39.037ms
08-06 13:37:07.226 23918 24417 I art     : Starting a blocking GC Explicit
08-06 13:37:07.269 23918 24417 I art     : Explicit concurrent mark sweep GC freed 3(96B) AllocSpace objects, 0(0B) LOS objects, 10% free, 135MB/151MB, paused 1.160ms total 42.543ms
08-06 13:37:07.286 23918 24417 I art     : Starting a blocking GC Explicit
08-06 13:37:07.333 23918 24417 I art     : Explicit concurrent mark sweep GC freed 3(96B) AllocSpace objects, 0(0B) LOS objects, 10% free, 135MB/151MB, paused 1.153ms total 45.900ms
08-06 13:37:07.379 25355 25355 D AndroidRuntime: >>>>>> START com.android.internal.os.RuntimeInit uid 2000 <<<<<<
08-06 13:37:07.386 25355 25355 D AndroidRuntime: CheckJNI is OFF
08-06 13:37:07.432 25355 25355 D ICU     : No timezone override file found: /data/misc/zoneinfo/current/icu/icu_tzdata.dat
08-06 13:37:07.482 25355 25355 I Radio-JNI: register_android_hardware_Radio DONE
08-06 13:37:07.514 25355 25355 D AndroidRuntime: Calling main entry com.android.commands.input.Input
08-06 13:37:07.516 25355 25355 I Input   : injectKeyEvent: KeyEvent { action=ACTION_DOWN, keyCode=KEYCODE_BACK, scanCode=0, metaState=0, flags=0x0, repeatCount=0, eventTime=884243929, downTime=884243929, deviceId=-1, source=0x101 }
08-06 13:37:07.521 25355 25355 I Input   : injectKeyEvent: KeyEvent { action=ACTION_UP, keyCode=KEYCODE_BACK, scanCode=0, metaState=0, flags=0x0, repeatCount=0, eventTime=884243929, downTime=884243929, deviceId=-1, source=0x101 }
08-06 13:37:07.530 25355 25355 D AndroidRuntime: Shutting down VM
08-06 13:37:07.548 23918 23918 V MainActivity: url = https://project-travel-mate.herokuapp.com/api/number-of-unread-notifications
08-06 13:37:07.576 13866 13866 I GoogleInputMethodServic: GoogleInputMethodService.onFinishInput():3138 
08-06 13:37:07.577 13866 13866 I GoogleInputMethodServic: GoogleInputMethodService.onStartInput():1808 
08-06 13:37:07.724 23918 23931 I art     : Starting a blocking GC Explicit
08-06 13:37:07.778 23918 23931 I art     : Explicit concurrent mark sweep GC freed 2087(114KB) AllocSpace objects, 2(36KB) LOS objects, 10% free, 135MB/151MB, paused 1.721ms total 54.076ms
08-06 13:37:07.797 23918 23931 I art     : Starting a blocking GC Explicit
08-06 13:37:07.848 23918 23931 I art     : Explicit concurrent mark sweep GC freed 104(4KB) AllocSpace objects, 0(0B) LOS objects, 10% free, 135MB/151MB, paused 1.276ms total 50.859ms
08-06 13:37:07.865 23918 23931 I art     : Starting a blocking GC Explicit
08-06 13:37:07.867   380   380 W SurfaceFlinger: couldn't log to binary event log: overflow.
08-06 13:37:07.909 23918 23931 I art     : Explicit concurrent mark sweep GC freed 414(18KB) AllocSpace objects, 0(0B) LOS objects, 10% free, 135MB/151MB, paused 1.186ms total 42.973ms
08-06 13:37:07.926 23918 23931 I art     : Starting a blocking GC Explicit
08-06 13:37:07.967 23918 23931 I art     : Explicit concurrent mark sweep GC freed 124(6KB) AllocSpace objects, 0(0B) LOS objects, 10% free, 135MB/151MB, paused 1.241ms total 41.540ms
08-06 13:37:07.985 23918 23931 I art     : Starting a blocking GC Explicit
08-06 13:37:08.001 20760 20760 I ServiceManager: Waiting for service AtCmdFwd...
08-06 13:37:08.031 23918 23931 I art     : Explicit concurrent mark sweep GC freed 891(65KB) AllocSpace objects, 2(120KB) LOS objects, 10% free, 135MB/151MB, paused 1.850ms total 45.665ms
08-06 13:37:08.086 23918 25384 I NAPPA_EXPERIMENTATION: MetricNetworkRequestExecutionTime: REQUEST_DURATION_SYSTEM='537',REQUEST_DURATION_OKHTTP='36',REQUEST_SYNCHRONOUS='FALSE',RESPONSE_CODE='200',RESPONSE_METHOD='GET',RESPONSE_LENGTH_OKHTTP='36',RESPONSE_LENGTH_HEADER='36',REQUEST_PROTOCOL='http/1.1',REQUEST_URL='https://project-travel-mate.herokuapp.com/api/number-of-unread-notifications',
08-06 13:37:08.430 23918 23930 I art     : Starting a blocking GC Explicit
08-06 13:37:08.481 23918 23930 I art     : Explicit concurrent mark sweep GC freed 4012(236KB) AllocSpace objects, 3(116KB) LOS objects, 10% free, 135MB/151MB, paused 1.193ms total 50.574ms
08-06 13:37:08.499 23918 23930 I art     : Starting a blocking GC Explicit
08-06 13:37:08.543 23918 23930 I art     : Explicit concurrent mark sweep GC freed 476(55KB) AllocSpace objects, 0(0B) LOS objects, 10% free, 135MB/151MB, paused 1.122ms total 44.574ms
08-06 13:37:08.561 23918 23930 I art     : Starting a blocking GC Explicit
08-06 13:37:08.606 23918 23930 I art     : Explicit concurrent mark sweep GC freed 3(96B) AllocSpace objects, 0(0B) LOS objects, 10% free, 135MB/151MB, paused 1.115ms total 44.432ms
08-06 13:37:08.623 23918 23930 I art     : Starting a blocking GC Explicit
08-06 13:37:08.668 23918 23930 I art     : Explicit concurrent mark sweep GC freed 34(928B) AllocSpace objects, 0(0B) LOS objects, 10% free, 135MB/151MB, paused 1.228ms total 44.826ms
08-06 13:37:08.685 23918 23930 I art     : Starting a blocking GC Explicit
08-06 13:37:08.731 23918 23930 I art     : Explicit concurrent mark sweep GC freed 3(96B) AllocSpace objects, 0(0B) LOS objects, 10% free, 135MB/151MB, paused 1.117ms total 45.263ms
08-06 13:37:09.002 20760 20760 I ServiceManager: Waiting for service AtCmdFwd...
08-06 13:37:09.111 23918 23938 I art     : Starting a blocking GC Explicit
08-06 13:37:09.165 23918 23938 I art     : Explicit concurrent mark sweep GC freed 1582(91KB) AllocSpace objects, 2(36KB) LOS objects, 10% free, 135MB/151MB, paused 1.240ms total 52.891ms
08-06 13:37:09.184 23918 23938 I art     : Starting a blocking GC Explicit
08-06 13:37:09.232 23918 23938 I art     : Explicit concurrent mark sweep GC freed 40(1408B) AllocSpace objects, 0(0B) LOS objects, 10% free, 135MB/151MB, paused 1.255ms total 47.243ms
08-06 13:37:09.251 23918 23938 I art     : Starting a blocking GC Explicit
08-06 13:37:09.291 23918 23938 I art     : Explicit concurrent mark sweep GC freed 32(1408B) AllocSpace objects, 0(0B) LOS objects, 10% free, 135MB/151MB, paused 990us total 39.928ms
08-06 13:37:09.308 23918 23938 I art     : Starting a blocking GC Explicit
08-06 13:37:09.309 25401 25401 D AndroidRuntime: >>>>>> START com.android.internal.os.RuntimeInit uid 2000 <<<<<<
08-06 13:37:09.315 25401 25401 D AndroidRuntime: CheckJNI is OFF
08-06 13:37:09.352 23918 23938 I art     : Explicit concurrent mark sweep GC freed 37(1152B) AllocSpace objects, 0(0B) LOS objects, 10% free, 135MB/151MB, paused 1.274ms total 43.486ms
08-06 13:37:09.361 25401 25401 D ICU     : No timezone override file found: /data/misc/zoneinfo/current/icu/icu_tzdata.dat
08-06 13:37:09.369 23918 23938 I art     : Starting a blocking GC Explicit
08-06 13:37:09.405 25401 25401 I Radio-JNI: register_android_hardware_Radio DONE
08-06 13:37:09.413 23918 23938 I art     : Explicit concurrent mark sweep GC freed 11(352B) AllocSpace objects, 0(0B) LOS objects, 10% free, 135MB/151MB, paused 1.256ms total 43.660ms
08-06 13:37:09.435 25401 25401 D AndroidRuntime: Calling main entry com.android.commands.input.Input
08-06 13:37:09.438 25401 25401 I Input   : injectMotionEvent: MotionEvent { action=ACTION_DOWN, actionButton=0, id[0]=0, x[0]=657.0, y[0]=2037.0, toolType[0]=TOOL_TYPE_UNKNOWN, buttonState=0, metaState=0, flags=0x0, edgeFlags=0x0, pointerCount=1, historySize=0, eventTime=884245850, downTime=884245850, deviceId=0, source=0x1002 }
08-06 13:37:09.446 25401 25401 I Input   : injectMotionEvent: MotionEvent { action=ACTION_UP, actionButton=0, id[0]=0, x[0]=657.0, y[0]=2037.0, toolType[0]=TOOL_TYPE_UNKNOWN, buttonState=0, metaState=0, flags=0x0, edgeFlags=0x0, pointerCount=1, historySize=0, eventTime=884245850, downTime=884245850, deviceId=0, source=0x1002 }
08-06 13:37:09.448 25401 25401 D AndroidRuntime: Shutting down VM
08-06 13:37:09.452   918  6110 I ActivityManager: START u0 {cmp=baseline.io.github.project_travel_mate/.utilities.CompassActivity} from uid 10696 on display 0
08-06 13:37:09.453   512  2967 D audio_hw_primary: out_set_parameters: enter: usecase(1: low-latency-playback) kvpairs: routing=2
08-06 13:37:09.466   512  2967 D audio_hw_primary: select_devices: out_snd_device(2: speaker) in_snd_device(0: none)
08-06 13:37:09.466   512  2967 D msm8974_platform: platform_send_audio_calibration: sending audio calibration for snd_device(2) acdb_id(15)
08-06 13:37:09.466   512  2967 I soundtrigger: audio_extn_sound_trigger_update_device_status: device 0x2 of type 0 for Event 1
08-06 13:37:09.478   512  2967 D audio_hw_primary: enable_snd_device: snd_device(2: speaker)
08-06 13:37:09.480   512  2967 D audio_hw_primary: enable_audio_route: apply and update mixer path: low-latency-playback speaker
08-06 13:37:09.789 23918 23938 I art     : Starting a blocking GC Explicit
08-06 13:37:09.834 23918 23938 I art     : Explicit concurrent mark sweep GC freed 128(5KB) AllocSpace objects, 0(0B) LOS objects, 7% free, 184MB/200MB, paused 1.162ms total 43.958ms
08-06 13:37:09.852 23918 23938 I art     : Starting a blocking GC Explicit
08-06 13:37:09.895 23918 23938 I art     : Explicit concurrent mark sweep GC freed 3(96B) AllocSpace objects, 0(0B) LOS objects, 7% free, 184MB/200MB, paused 1.200ms total 42.545ms
08-06 13:37:09.912 23918 23938 I art     : Starting a blocking GC Explicit
08-06 13:37:09.954 23918 23938 I art     : Explicit concurrent mark sweep GC freed 3(96B) AllocSpace objects, 0(0B) LOS objects, 7% free, 184MB/200MB, paused 1.114ms total 41.737ms
08-06 13:37:09.971 23918 23938 I art     : Starting a blocking GC Explicit
08-06 13:37:10.002 20760 20760 W Atfwd_Sendcmd: AtCmdFwd service not published, waiting... retryCnt : 3
08-06 13:37:10.008   512  2967 D audio_hw_primary: disable_audio_route: reset and update mixer path: low-latency-playback speaker
08-06 13:37:10.009   512  2967 D audio_hw_primary: disable_snd_device: snd_device(2: speaker)
08-06 13:37:10.015 23918 23938 I art     : Explicit concurrent mark sweep GC freed 20(1120B) AllocSpace objects, 0(0B) LOS objects, 7% free, 187MB/203MB, paused 1.695ms total 43.689ms
08-06 13:37:10.017   512  2967 I soundtrigger: audio_extn_sound_trigger_update_device_status: device 0x2 of type 0 for Event 0
08-06 13:37:10.019 23918 23918 D CompassActivity: start compass
08-06 13:37:10.021   918  4400 I sensors : batch
08-06 13:37:10.021   918  4400 I sensors : activate
08-06 13:37:10.021   918   929 I sensors : batch
08-06 13:37:10.021   918   929 I sensors : activate
08-06 13:37:10.026 23918 23918 I Choreographer: Skipped 33 frames!  The application may be doing too much work on its main thread.
08-06 13:37:10.027   918  3188 I hubconnection: sensorhub said: 'batch 1 flags:0, sampling_rate_Hz:50.00, max_report_latency_us:0'
08-06 13:37:10.029   918  3188 I hubconnection: sensorhub said: 'activate 1 enable:1'
08-06 13:37:10.030   918  3188 I hubconnection: sensorhub said: 'batch 3 flags:0, sampling_rate_Hz:50.00, max_report_latency_us:0'
08-06 13:37:10.031   918  3188 I hubconnection: sensorhub said: 'activate 3 enable:1'
08-06 13:37:10.032 23918 23938 I art     : Starting a blocking GC Explicit
08-06 13:37:10.071 23918 23938 I art     : Explicit concurrent mark sweep GC freed 151(8KB) AllocSpace objects, 0(0B) LOS objects, 7% free, 187MB/203MB, paused 945us total 39.004ms
08-06 13:37:10.078 13866 13866 I GoogleInputMethodServic: GoogleInputMethodService.onFinishInput():3138 
08-06 13:37:10.078 13866 13866 I GoogleInputMethodServic: GoogleInputMethodService.onStartInput():1808 
08-06 13:37:10.198 23918 23918 D CompassActivity: will set rotation from 0.0 to 180.0098
08-06 13:37:10.198 23918 23918 D CompassActivity: will set rotation from 180.0098 to 179.99414
08-06 13:37:10.199 23918 23918 D CompassActivity: will set rotation from 179.99414 to 179.77399
08-06 13:37:10.199 23918 23918 D CompassActivity: will set rotation from 179.77399 to 179.79395
08-06 13:37:10.206   918   936 I ActivityManager: Displayed baseline.io.github.project_travel_mate/.utilities.CompassActivity: +743ms
08-06 13:37:10.280 23918 23918 D CompassActivity: will set rotation from 179.79395 to 180.04892
08-06 13:37:10.281 23918 23918 D CompassActivity: will set rotation from 180.04892 to 180.07195
08-06 13:37:10.281 23918 23918 D CompassActivity: will set rotation from 180.07195 to 179.81982
08-06 13:37:10.281 23918 23918 D CompassActivity: will set rotation from 179.81982 to 179.83862
08-06 13:37:10.281 23918 23918 D CompassActivity: will set rotation from 179.83862 to 179.87897
08-06 13:37:10.281 23918 23918 D CompassActivity: will set rotation from 179.87897 to 179.87701
08-06 13:37:10.282 23918 23918 D CompassActivity: will set rotation from 179.87701 to 179.74219
08-06 13:37:10.282 23918 23918 D CompassActivity: will set rotation from 179.74219 to 179.72803
08-06 13:37:10.372 23918 23918 D CompassActivity: will set rotation from 179.72803 to 179.69995
08-06 13:37:10.373 23918 23918 D CompassActivity: will set rotation from 179.69995 to 179.6936
08-06 13:37:10.373 23918 23918 D CompassActivity: will set rotation from 179.6936 to 179.68042
08-06 13:37:10.373 23918 23918 D CompassActivity: will set rotation from 179.68042 to 179.68713
08-06 13:37:10.373 23918 23918 D CompassActivity: will set rotation from 179.68713 to 179.61157
08-06 13:37:10.373 23918 23918 D CompassActivity: will set rotation from 179.61157 to 179.61731
08-06 13:37:10.373 23918 23918 D CompassActivity: will set rotation from 179.61731 to 179.55444
08-06 13:37:10.373 23918 23918 D CompassActivity: will set rotation from 179.55444 to 179.56128
08-06 13:37:10.373 23918 23918 D CompassActivity: will set rotation from 179.56128 to 179.5586
08-06 13:37:10.373 23918 23918 D CompassActivity: will set rotation from 179.5586 to 179.57104
08-06 13:37:10.402 23918 23918 D CompassActivity: will set rotation from 179.57104 to 179.52527
08-06 13:37:10.403 23918 23918 D CompassActivity: will set rotation from 179.52527 to 179.52783
08-06 13:37:10.410 23918 23918 D CompassActivity: will set rotation from 179.52783 to 179.57922
08-06 13:37:10.410 23918 23918 D CompassActivity: will set rotation from 179.57922 to 179.57196
08-06 13:37:10.429 23918 23918 D CompassActivity: will set rotation from 179.57196 to 179.62585
08-06 13:37:10.430 23918 23918 D CompassActivity: will set rotation from 179.62585 to 179.61456
08-06 13:37:10.450 23918 23918 D CompassActivity: will set rotation from 179.61456 to 179.73218
08-06 13:37:10.450 23918 23918 D CompassActivity: will set rotation from 179.73218 to 179.72784
08-06 13:37:10.450 23918 24417 I art     : Starting a blocking GC Explicit
08-06 13:37:10.452   380   380 W SurfaceFlinger: couldn't log to binary event log: overflow.
08-06 13:37:10.471 23918 23918 D CompassActivity: will set rotation from 179.72784 to 179.79248
08-06 13:37:10.472 23918 23918 D CompassActivity: will set rotation from 179.79248 to 179.79364
08-06 13:37:10.489 23918 24417 I art     : Explicit concurrent mark sweep GC freed 1902(112KB) AllocSpace objects, 2(36KB) LOS objects, 7% free, 187MB/203MB, paused 948us total 38.562ms
08-06 13:37:10.489 23918 23918 D CompassActivity: will set rotation from 179.79364 to 179.8186
08-06 13:37:10.489 23918 23918 D CompassActivity: will set rotation from 179.8186 to 179.82208
08-06 13:37:10.505 23918 24417 I art     : Starting a blocking GC Explicit
08-06 13:37:10.509 23918 23918 D CompassActivity: will set rotation from 179.82208 to 179.91565
08-06 13:37:10.509 23918 23918 D CompassActivity: will set rotation from 179.91565 to 179.92273
08-06 13:37:10.529 23918 23918 D CompassActivity: will set rotation from 179.92273 to 179.9411
08-06 13:37:10.529 23918 23918 D CompassActivity: will set rotation from 179.9411 to 179.94507
08-06 13:37:10.544 23918 24417 I art     : Explicit concurrent mark sweep GC freed 486(20KB) AllocSpace objects, 0(0B) LOS objects, 7% free, 187MB/203MB, paused 967us total 38.873ms
08-06 13:37:10.550 23918 23918 D CompassActivity: will set rotation from 179.94507 to 179.92554
08-06 13:37:10.550 23918 23918 D CompassActivity: will set rotation from 179.92554 to 179.92651
08-06 13:37:10.561 23918 24417 I art     : Starting a blocking GC Explicit
08-06 13:37:10.609 23918 24417 I art     : Explicit concurrent mark sweep GC freed 95(4KB) AllocSpace objects, 0(0B) LOS objects, 7% free, 187MB/203MB, paused 1.007ms total 47.479ms
08-06 13:37:10.628 23918 24417 I art     : Starting a blocking GC Explicit
08-06 13:37:10.653 23918 23918 D CompassActivity: will set rotation from 179.92651 to 179.97632
08-06 13:37:10.653 23918 23918 D CompassActivity: will set rotation from 179.97632 to 179.9729
08-06 13:37:10.653 23918 23918 D CompassActivity: will set rotation from 179.9729 to 179.92627
08-06 13:37:10.653 23918 23918 D CompassActivity: will set rotation from 179.92627 to 179.9198
08-06 13:37:10.654 23918 23918 D CompassActivity: will set rotation from 179.9198 to 179.9339
08-06 13:37:10.654 23918 23918 D CompassActivity: will set rotation from 179.9339 to 179.92938
08-06 13:37:10.654 23918 23918 D CompassActivity: will set rotation from 179.92938 to 179.97058
08-06 13:37:10.654 23918 23918 D CompassActivity: will set rotation from 179.97058 to 179.97131
08-06 13:37:10.654 23918 23918 D CompassActivity: will set rotation from 179.97131 to 179.92798
08-06 13:37:10.654 23918 23918 D CompassActivity: will set rotation from 179.92798 to 179.93427
08-06 13:37:10.667 23918 24417 I art     : Explicit concurrent mark sweep GC freed 188(9KB) AllocSpace objects, 0(0B) LOS objects, 7% free, 187MB/203MB, paused 1.153ms total 39.197ms
08-06 13:37:10.673 23918 23918 D CompassActivity: will set rotation from 179.93427 to 179.94379
08-06 13:37:10.673 23918 23918 D CompassActivity: will set rotation from 179.94379 to 179.94867
08-06 13:37:10.684 23918 24417 I art     : Starting a blocking GC Explicit
08-06 13:37:10.689 23918 23918 D CompassActivity: will set rotation from 179.94867 to 179.92676
08-06 13:37:10.689 23918 23918 D CompassActivity: will set rotation from 179.92676 to 179.92755
08-06 13:37:10.708 23918 23918 D CompassActivity: will set rotation from 179.92755 to 179.9159
08-06 13:37:10.708 23918 23918 D CompassActivity: will set rotation from 179.9159 to 179.91321
08-06 13:37:10.722 23918 24417 I art     : Explicit concurrent mark sweep GC freed 192(9KB) AllocSpace objects, 0(0B) LOS objects, 7% free, 187MB/203MB, paused 936us total 37.987ms
08-06 13:37:10.728 23918 23918 D CompassActivity: will set rotation from 179.91321 to 179.95093
08-06 13:37:10.729 23918 23918 D CompassActivity: will set rotation from 179.95093 to 179.94556
08-06 13:37:10.750 23918 23918 D CompassActivity: will set rotation from 179.94556 to 179.9303
08-06 13:37:10.751 23918 23918 D CompassActivity: will set rotation from 179.9303 to 179.92511
08-06 13:37:10.768 23918 23918 D CompassActivity: will set rotation from 179.92511 to 179.91223
08-06 13:37:10.769 23918 23918 D CompassActivity: will set rotation from 179.91223 to 179.91095
08-06 13:37:10.790 23918 23918 D CompassActivity: will set rotation from 179.91095 to 179.94464
08-06 13:37:10.790 23918 23918 D CompassActivity: will set rotation from 179.94464 to 179.95007
08-06 13:37:10.809 23918 23918 D CompassActivity: will set rotation from 179.95007 to 179.95972
08-06 13:37:10.809 23918 23918 D CompassActivity: will set rotation from 179.95972 to 179.96472
08-06 13:37:10.828 23918 23918 D CompassActivity: will set rotation from 179.96472 to 179.97253
08-06 13:37:10.828 23918 23918 D CompassActivity: will set rotation from 179.97253 to 179.97717
08-06 13:37:10.848 23918 23918 D CompassActivity: will set rotation from 179.97717 to 180.01186
08-06 13:37:10.849 23918 23918 D CompassActivity: will set rotation from 180.01186 to 180.01328
08-06 13:37:10.869 23918 23918 D CompassActivity: will set rotation from 180.01328 to 180.02252
08-06 13:37:10.869 23918 23918 D CompassActivity: will set rotation from 180.02252 to 180.01791
08-06 13:37:10.892 23918 23918 D CompassActivity: will set rotation from 180.01791 to 180.04599
08-06 13:37:10.892 23918 23918 D CompassActivity: will set rotation from 180.04599 to 180.04256
08-06 13:37:10.913 23918 23918 D CompassActivity: will set rotation from 180.04256 to 180.02504
08-06 13:37:10.914 23918 23918 D CompassActivity: will set rotation from 180.02504 to 180.0235
08-06 13:37:10.927 23918 23918 D CompassActivity: will set rotation from 180.0235 to 180.04916
08-06 13:37:10.928 23918 23918 D CompassActivity: will set rotation from 180.04916 to 180.04762
08-06 13:37:10.948 23918 23918 D CompassActivity: will set rotation from 180.04762 to 180.05222
08-06 13:37:10.948 23918 23918 D CompassActivity: will set rotation from 180.05222 to 180.054
08-06 13:37:10.967 23918 23918 D CompassActivity: will set rotation from 180.054 to 180.07889
08-06 13:37:10.968 23918 23918 D CompassActivity: will set rotation from 180.07889 to 180.08357
08-06 13:37:10.989 23918 23918 D CompassActivity: will set rotation from 180.08357 to 180.08226
08-06 13:37:10.989 23918 23918 D CompassActivity: will set rotation from 180.08226 to 180.08531
08-06 13:37:11.008 23918 23918 D CompassActivity: will set rotation from 180.08531 to 180.08746
08-06 13:37:11.008 23918 23918 D CompassActivity: will set rotation from 180.08746 to 180.08478
08-06 13:37:11.027 23918 23918 D CompassActivity: will set rotation from 180.08478 to 180.08348
08-06 13:37:11.027 23918 23918 D CompassActivity: will set rotation from 180.08348 to 180.07901
08-06 13:37:11.047 23918 23918 D CompassActivity: will set rotation from 180.07901 to 180.0439
08-06 13:37:11.048 23918 23918 D CompassActivity: will set rotation from 180.0439 to 180.04315
08-06 13:37:11.067 23918 23918 D CompassActivity: will set rotation from 180.04315 to 180.04861
08-06 13:37:11.067 23918 23918 D CompassActivity: will set rotation from 180.04861 to 180.04909
08-06 13:37:11.088 23918 23918 D CompassActivity: will set rotation from 180.04909 to 180.05223
08-06 13:37:11.089 23918 23918 D CompassActivity: will set rotation from 180.05223 to 180.05154
08-06 13:37:11.109 23918 23918 D CompassActivity: will set rotation from 180.05154 to 180.03442
08-06 13:37:11.110 23918 23918 D CompassActivity: will set rotation from 180.03442 to 180.03308
08-06 13:37:11.123 23918 25389 I art     : Starting a blocking GC Explicit
08-06 13:37:11.127 23918 23918 D CompassActivity: will set rotation from 180.03308 to 180.03563
08-06 13:37:11.128 23918 23918 D CompassActivity: will set rotation from 180.03563 to 180.03197
08-06 13:37:11.148 23918 23918 D CompassActivity: will set rotation from 180.03197 to 180.0355
08-06 13:37:11.149 23918 23918 D CompassActivity: will set rotation from 180.0355 to 180.03622
08-06 13:37:11.167 23918 23918 D CompassActivity: will set rotation from 180.03622 to 180.04065
08-06 13:37:11.169 23918 23918 D CompassActivity: will set rotation from 180.04065 to 180.04332
08-06 13:37:11.171 23918 25389 I art     : Explicit concurrent mark sweep GC freed 1993(119KB) AllocSpace objects, 2(36KB) LOS objects, 7% free, 187MB/203MB, paused 1.243ms total 48.030ms
08-06 13:37:11.190 23918 25389 I art     : Starting a blocking GC Explicit
08-06 13:37:11.190 23918 23918 D CompassActivity: will set rotation from 180.04332 to 180.04848
08-06 13:37:11.191 23918 23918 D CompassActivity: will set rotation from 180.04848 to 180.04514
08-06 13:37:11.209 23918 23918 D CompassActivity: will set rotation from 180.04514 to 180.03084
08-06 13:37:11.210 23918 23918 D CompassActivity: will set rotation from 180.03084 to 180.02596
08-06 13:37:11.227 23918 23918 D CompassActivity: will set rotation from 180.02596 to 180.0475
08-06 13:37:11.228 23918 23918 D CompassActivity: will set rotation from 180.0475 to 180.04897
08-06 13:37:11.234 23918 25389 I art     : Explicit concurrent mark sweep GC freed 738(29KB) AllocSpace objects, 0(0B) LOS objects, 7% free, 187MB/203MB, paused 963us total 43.963ms
08-06 13:37:11.247 23918 23918 D CompassActivity: will set rotation from 180.04897 to 180.01666
08-06 13:37:11.248 23918 23918 D CompassActivity: will set rotation from 180.01666 to 180.02034
08-06 13:37:11.253 23918 25389 I art     : Starting a blocking GC Explicit
08-06 13:37:11.268 23918 23918 D CompassActivity: will set rotation from 180.02034 to 180.06277
08-06 13:37:11.269 23918 23918 D CompassActivity: will set rotation from 180.06277 to 180.06485
08-06 13:37:11.290 23918 23918 D CompassActivity: will set rotation from 180.06485 to 180.0848
08-06 13:37:11.291 23918 23918 D CompassActivity: will set rotation from 180.0848 to 180.08131
08-06 13:37:11.301 23918 25389 I art     : Explicit concurrent mark sweep GC freed 134(6KB) AllocSpace objects, 0(0B) LOS objects, 7% free, 187MB/203MB, paused 1.101ms total 47.579ms
08-06 13:37:11.308 23918 23918 D CompassActivity: will set rotation from 180.08131 to 180.06522
08-06 13:37:11.309 23918 23918 D CompassActivity: will set rotation from 180.06522 to 180.06331
08-06 13:37:11.320 23918 25389 I art     : Starting a blocking GC Explicit
08-06 13:37:11.327 23918 23918 D CompassActivity: will set rotation from 180.06331 to 180.04889
08-06 13:37:11.328 23918 23918 D CompassActivity: will set rotation from 180.04889 to 180.04991
08-06 13:37:11.347 23918 23918 D CompassActivity: will set rotation from 180.04991 to 179.99817
08-06 13:37:11.348 23918 23918 D CompassActivity: will set rotation from 179.99817 to 180.00111
08-06 13:37:11.368 23918 23918 D CompassActivity: will set rotation from 180.00111 to 180.02368
08-06 13:37:11.368 23918 25389 I art     : Explicit concurrent mark sweep GC freed 145(6KB) AllocSpace objects, 0(0B) LOS objects, 7% free, 187MB/203MB, paused 1.190ms total 48.041ms
08-06 13:37:11.368 23918 23918 D CompassActivity: will set rotation from 180.02368 to 180.02316
08-06 13:37:11.387 23918 25389 I art     : Starting a blocking GC Explicit
08-06 13:37:11.391 23918 23918 D CompassActivity: will set rotation from 180.02316 to 180.0085
08-06 13:37:11.392 23918 23918 D CompassActivity: will set rotation from 180.0085 to 180.00461
08-06 13:37:11.407 23918 23918 D CompassActivity: will set rotation from 180.00461 to 180.00768
08-06 13:37:11.408 23918 23918 D CompassActivity: will set rotation from 180.00768 to 180.00574
08-06 13:37:11.426 23918 23918 D CompassActivity: will set rotation from 180.00574 to 179.99445
08-06 13:37:11.427 23918 23918 D CompassActivity: will set rotation from 179.99445 to 179.99652
08-06 13:37:11.436 23918 25389 I art     : Explicit concurrent mark sweep GC freed 146(7KB) AllocSpace objects, 0(0B) LOS objects, 7% free, 187MB/203MB, paused 1.096ms total 49.070ms
08-06 13:37:11.447 23918 23918 D CompassActivity: will set rotation from 179.99652 to 180.0178
08-06 13:37:11.447 23918 23918 D CompassActivity: will set rotation from 180.0178 to 180.01912
08-06 13:37:11.476 23918 23918 D CompassActivity: will set rotation from 180.01912 to 180.04138
08-06 13:37:11.477 23918 23918 D CompassActivity: will set rotation from 180.04138 to 180.04063
08-06 13:37:11.486 23918 23918 D CompassActivity: will set rotation from 180.04063 to 180.06119
08-06 13:37:11.487 23918 23918 D CompassActivity: will set rotation from 180.06119 to 180.06102
08-06 13:37:11.510 23918 23918 D CompassActivity: will set rotation from 180.06102 to 180.08356
08-06 13:37:11.511 23918 23918 D CompassActivity: will set rotation from 180.08356 to 180.0849
08-06 13:37:11.529 23918 23918 D CompassActivity: will set rotation from 180.0849 to 180.07129
08-06 13:37:11.530 23918 23918 D CompassActivity: will set rotation from 180.07129 to 180.0714
08-06 13:37:11.546 23918 23918 D CompassActivity: will set rotation from 180.0714 to 180.04266
08-06 13:37:11.547 23918 23918 D CompassActivity: will set rotation from 180.04266 to 180.0403
08-06 13:37:11.566 23918 23918 D CompassActivity: will set rotation from 180.0403 to 180.06316
08-06 13:37:11.567 23918 23918 D CompassActivity: will set rotation from 180.06316 to 180.06235
08-06 13:37:11.585 23918 23918 D CompassActivity: will set rotation from 180.06235 to 180.06424
08-06 13:37:11.588 23918 23918 D CompassActivity: will set rotation from 180.06424 to 180.06367
08-06 13:37:11.607 23918 23918 D CompassActivity: will set rotation from 180.06367 to 180.06914
08-06 13:37:11.607 23918 23918 D CompassActivity: will set rotation from 180.06914 to 180.07054
08-06 13:37:11.627 23918 23918 D CompassActivity: will set rotation from 180.07054 to 180.10657
08-06 13:37:11.628 23918 23918 D CompassActivity: will set rotation from 180.10657 to 180.10818
08-06 13:37:11.645 23918 23918 D CompassActivity: will set rotation from 180.10818 to 180.10944
08-06 13:37:11.645 23918 23918 D CompassActivity: will set rotation from 180.10944 to 180.10799
08-06 13:37:11.665 23918 23918 D CompassActivity: will set rotation from 180.10799 to 180.10841
08-06 13:37:11.665 23918 23918 D CompassActivity: will set rotation from 180.10841 to 180.10854
08-06 13:37:11.685 23918 23918 D CompassActivity: will set rotation from 180.10854 to 180.12682
08-06 13:37:11.685 23918 23918 D CompassActivity: will set rotation from 180.12682 to 180.12505
08-06 13:37:11.705 23918 23918 D CompassActivity: will set rotation from 180.12505 to 180.12393
08-06 13:37:11.705 23918 23918 D CompassActivity: will set rotation from 180.12393 to 180.12201
08-06 13:37:11.725 23918 23918 D CompassActivity: will set rotation from 180.12201 to 180.12263
08-06 13:37:11.725 23918 23918 D CompassActivity: will set rotation from 180.12263 to 180.12038
08-06 13:37:11.744 23918 23918 D CompassActivity: will set rotation from 180.12038 to 180.08812
08-06 13:37:11.744 23918 23918 D CompassActivity: will set rotation from 180.08812 to 180.08807
08-06 13:37:11.765 23918 23918 D CompassActivity: will set rotation from 180.08807 to 180.07106
08-06 13:37:11.766 23918 23918 D CompassActivity: will set rotation from 180.07106 to 180.0733
08-06 13:37:11.784 23918 23918 D CompassActivity: will set rotation from 180.0733 to 180.04114
08-06 13:37:11.784 23918 23918 D CompassActivity: will set rotation from 180.04114 to 180.04109
08-06 13:37:11.806 23918 23918 D CompassActivity: will set rotation from 180.04109 to 180.01254
08-06 13:37:11.807 23918 23918 D CompassActivity: will set rotation from 180.01254 to 180.0115
08-06 13:37:11.825 23918 23918 D CompassActivity: will set rotation from 180.0115 to 179.96472
08-06 13:37:11.825 23918 23918 D CompassActivity: will set rotation from 179.96472 to 179.96442
08-06 13:37:11.844 23918 23918 D CompassActivity: will set rotation from 179.96442 to 179.99829
08-06 13:37:11.845 23918 23918 D CompassActivity: will set rotation from 179.99829 to 179.99585
08-06 13:37:11.849 23918 24417 I art     : Starting a blocking GC Explicit
08-06 13:37:11.867 23918 23918 D CompassActivity: will set rotation from 179.99585 to 179.95142
08-06 13:37:11.867 23918 23918 D CompassActivity: will set rotation from 179.95142 to 179.94922
08-06 13:37:11.884 23918 23918 D CompassActivity: will set rotation from 179.94922 to 179.95612
08-06 13:37:11.884 23918 23918 D CompassActivity: will set rotation from 179.95612 to 179.95618
08-06 13:37:11.896 23918 24417 I art     : Explicit concurrent mark sweep GC freed 2051(120KB) AllocSpace objects, 2(36KB) LOS objects, 7% free, 187MB/203MB, paused 1.018ms total 46.977ms
08-06 13:37:11.905 23918 23918 D CompassActivity: will set rotation from 179.95618 to 179.9602
08-06 13:37:11.906 23918 23918 D CompassActivity: will set rotation from 179.9602 to 179.96283
08-06 13:37:11.914 23918 24417 I art     : Starting a blocking GC Explicit
08-06 13:37:11.924 23918 23918 D CompassActivity: will set rotation from 179.96283 to 179.9502
08-06 13:37:11.924 23918 23918 D CompassActivity: will set rotation from 179.9502 to 179.95428
08-06 13:37:11.944 23918 23918 D CompassActivity: will set rotation from 179.95428 to 179.93085
08-06 13:37:11.944 23918 23918 D CompassActivity: will set rotation from 179.93085 to 179.93433
08-06 13:37:11.958 23918 24417 I art     : Explicit concurrent mark sweep GC freed 734(28KB) AllocSpace objects, 0(0B) LOS objects, 7% free, 187MB/203MB, paused 1.156ms total 43.684ms
08-06 13:37:11.966 23918 23918 D CompassActivity: will set rotation from 179.93433 to 179.9411
08-06 13:37:11.967 23918 23918 D CompassActivity: will set rotation from 179.9411 to 179.94086
08-06 13:37:11.975 23918 24417 I art     : Starting a blocking GC Explicit
08-06 13:37:11.983 23918 23918 D CompassActivity: will set rotation from 179.94086 to 179.94733
08-06 13:37:11.984 23918 23918 D CompassActivity: will set rotation from 179.94733 to 179.94556
08-06 13:37:12.007 23918 23918 D CompassActivity: will set rotation from 179.94556 to 179.95013
08-06 13:37:12.007 23918 23918 D CompassActivity: will set rotation from 179.95013 to 179.94452
08-06 13:37:12.019 23918 24417 I art     : Explicit concurrent mark sweep GC freed 132(6KB) AllocSpace objects, 0(0B) LOS objects, 7% free, 187MB/203MB, paused 1.176ms total 43.457ms
08-06 13:37:12.028 23918 23918 D CompassActivity: will set rotation from 179.94452 to 179.9292
08-06 13:37:12.028 23918 23918 D CompassActivity: will set rotation from 179.9292 to 179.92651
08-06 13:37:12.036 23918 24417 I art     : Starting a blocking GC Explicit
08-06 13:37:12.043 23918 23918 D CompassActivity: will set rotation from 179.92651 to 179.91687
08-06 13:37:12.044 23918 23918 D CompassActivity: will set rotation from 179.91687 to 179.91656
08-06 13:37:12.064 23918 23918 D CompassActivity: will set rotation from 179.91656 to 179.89441
08-06 13:37:12.065 23918 23918 D CompassActivity: will set rotation from 179.89441 to 179.89917
08-06 13:37:12.080 23918 24417 I art     : Explicit concurrent mark sweep GC freed 132(6KB) AllocSpace objects, 0(0B) LOS objects, 7% free, 187MB/203MB, paused 1.022ms total 44.213ms
08-06 13:37:12.084 23918 23918 D CompassActivity: will set rotation from 179.89917 to 179.89124
08-06 13:37:12.084 23918 23918 D CompassActivity: will set rotation from 179.89124 to 179.89508
08-06 13:37:12.100 23918 24417 I art     : Starting a blocking GC Explicit
08-06 13:37:12.103 23918 23918 D CompassActivity: will set rotation from 179.89508 to 179.88495
08-06 13:37:12.104 23918 23918 D CompassActivity: will set rotation from 179.88495 to 179.88782
08-06 13:37:12.125 23918 23918 D CompassActivity: will set rotation from 179.88782 to 179.91052
08-06 13:37:12.125 23918 23918 D CompassActivity: will set rotation from 179.91052 to 179.90955
08-06 13:37:12.144 23918 23918 D CompassActivity: will set rotation from 179.90955 to 179.90338
08-06 13:37:12.145 23918 23918 D CompassActivity: will set rotation from 179.90338 to 179.90039
08-06 13:37:12.146 23918 24417 I art     : Explicit concurrent mark sweep GC freed 139(6KB) AllocSpace objects, 0(0B) LOS objects, 7% free, 187MB/203MB, paused 1.082ms total 45.780ms
08-06 13:37:12.163 23918 23918 D CompassActivity: will set rotation from 179.90039 to 179.89093
08-06 13:37:12.164 23918 23918 D CompassActivity: will set rotation from 179.89093 to 179.88806
08-06 13:37:12.183 23918 23918 D CompassActivity: will set rotation from 179.88806 to 179.89502
08-06 13:37:12.183 23918 23918 D CompassActivity: will set rotation from 179.89502 to 179.89221
08-06 13:37:12.203 23918 23918 D CompassActivity: will set rotation from 179.89221 to 179.93042
08-06 13:37:12.204 23918 23918 D CompassActivity: will set rotation from 179.93042 to 179.92859
08-06 13:37:12.225 23918 23918 D CompassActivity: will set rotation from 179.92859 to 179.94861
08-06 13:37:12.225 23918 23918 D CompassActivity: will set rotation from 179.94861 to 179.95166
08-06 13:37:12.228 25462 25462 D AndroidRuntime: >>>>>> START com.android.internal.os.RuntimeInit uid 2000 <<<<<<
08-06 13:37:12.235 25462 25462 D AndroidRuntime: CheckJNI is OFF
08-06 13:37:12.244 23918 23918 D CompassActivity: will set rotation from 179.95166 to 179.97107
08-06 13:37:12.244 23918 23918 D CompassActivity: will set rotation from 179.97107 to 179.97314
08-06 13:37:12.263 23918 23918 D CompassActivity: will set rotation from 179.97314 to 179.97833
08-06 13:37:12.264 23918 23918 D CompassActivity: will set rotation from 179.97833 to 179.98016
08-06 13:37:12.278 25462 25462 D ICU     : No timezone override file found: /data/misc/zoneinfo/current/icu/icu_tzdata.dat
08-06 13:37:12.282 23918 23918 D CompassActivity: will set rotation from 179.98016 to 180.00288
08-06 13:37:12.283 23918 23918 D CompassActivity: will set rotation from 180.00288 to 180.00172
08-06 13:37:12.302 23918 23918 D CompassActivity: will set rotation from 180.00172 to 180.02045
08-06 13:37:12.303 23918 23918 D CompassActivity: will set rotation from 180.02045 to 180.017
08-06 13:37:12.324 25462 25462 I Radio-JNI: register_android_hardware_Radio DONE
08-06 13:37:12.326 23918 23918 D CompassActivity: will set rotation from 180.017 to 179.99042
08-06 13:37:12.326 23918 23918 D CompassActivity: will set rotation from 179.99042 to 179.98944
08-06 13:37:12.344 23918 23918 D CompassActivity: will set rotation from 179.98944 to 179.97974
08-06 13:37:12.344 23918 23918 D CompassActivity: will set rotation from 179.97974 to 179.97974
08-06 13:37:12.353 25462 25462 D AndroidRuntime: Calling main entry com.android.commands.input.Input
08-06 13:37:12.356 25462 25462 I Input   : injectKeyEvent: KeyEvent { action=ACTION_DOWN, keyCode=KEYCODE_BACK, scanCode=0, metaState=0, flags=0x0, repeatCount=0, eventTime=884248769, downTime=884248769, deviceId=-1, source=0x101 }
08-06 13:37:12.364 23918 23918 D CompassActivity: will set rotation from 179.97974 to 179.98541
08-06 13:37:12.365 23918 23918 D CompassActivity: will set rotation from 179.98541 to 179.98572
08-06 13:37:12.368 25462 25462 I Input   : injectKeyEvent: KeyEvent { action=ACTION_UP, keyCode=KEYCODE_BACK, scanCode=0, metaState=0, flags=0x0, repeatCount=0, eventTime=884248769, downTime=884248769, deviceId=-1, source=0x101 }
08-06 13:37:12.374 25462 25462 D AndroidRuntime: Shutting down VM
08-06 13:37:12.375   918  6110 I sensors : activate
08-06 13:37:12.376   918  3359 I sensors : activate
08-06 13:37:12.380   918  3188 I hubconnection: sensorhub said: 'activate 1 enable:0'
08-06 13:37:12.382   918  3188 I hubconnection: sensorhub said: 'activate 3 enable:0'
08-06 13:37:12.404 23918 23918 V MainActivity: url = https://project-travel-mate.herokuapp.com/api/number-of-unread-notifications
08-06 13:37:12.516 13866 13866 I GoogleInputMethodServic: GoogleInputMethodService.onFinishInput():3138 
08-06 13:37:12.518 13866 13866 I GoogleInputMethodServic: GoogleInputMethodService.onStartInput():1808 
08-06 13:37:12.561 23918 23930 I art     : Starting a blocking GC Explicit
08-06 13:37:12.604 23918 23930 I art     : Explicit concurrent mark sweep GC freed 2291(128KB) AllocSpace objects, 2(36KB) LOS objects, 7% free, 187MB/203MB, paused 1.154ms total 42.662ms
08-06 13:37:12.621 23918 23930 I art     : Starting a blocking GC Explicit
08-06 13:37:12.661 23918 23930 I art     : Explicit concurrent mark sweep GC freed 504(19KB) AllocSpace objects, 0(0B) LOS objects, 7% free, 187MB/203MB, paused 996us total 39.431ms
08-06 13:37:12.675   518   646 I ThermalEngine: ACTION: GPU - Setting GPU[0] to 390000000
08-06 13:37:12.683 23918 23930 I art     : Starting a blocking GC Explicit
08-06 13:37:12.735 23918 23930 I art     : Explicit concurrent mark sweep GC freed 5(192B) AllocSpace objects, 0(0B) LOS objects, 7% free, 187MB/203MB, paused 1.574ms total 51.525ms
08-06 13:37:12.758 23918 23930 I art     : Starting a blocking GC Explicit
08-06 13:37:12.787 23918 23918 D CompassActivity: stop compass
08-06 13:37:12.788   380   380 W SurfaceFlinger: couldn't log to binary event log: overflow.
08-06 13:37:12.809 23918 23930 I art     : Explicit concurrent mark sweep GC freed 13(576B) AllocSpace objects, 0(0B) LOS objects, 7% free, 187MB/203MB, paused 1.609ms total 49.862ms
08-06 13:37:12.829 23918 23930 I art     : Starting a blocking GC Explicit
08-06 13:37:12.879 23918 23930 I art     : Explicit concurrent mark sweep GC freed 12(448B) AllocSpace objects, 0(0B) LOS objects, 7% free, 187MB/203MB, paused 1.625ms total 50.011ms
08-06 13:37:13.205 23918 25487 I NAPPA_EXPERIMENTATION: MetricNetworkRequestExecutionTime: REQUEST_DURATION_SYSTEM='800',REQUEST_DURATION_OKHTTP='34',REQUEST_SYNCHRONOUS='FALSE',RESPONSE_CODE='200',RESPONSE_METHOD='GET',RESPONSE_LENGTH_OKHTTP='36',RESPONSE_LENGTH_HEADER='36',REQUEST_PROTOCOL='http/1.1',REQUEST_URL='https://project-travel-mate.herokuapp.com/api/number-of-unread-notifications',
08-06 13:37:13.313 23918 24417 I art     : Starting a blocking GC Explicit
08-06 13:37:13.402 23918 24417 I art     : Explicit concurrent mark sweep GC freed 5645(320KB) AllocSpace objects, 8(52MB) LOS objects, 10% free, 135MB/151MB, paused 2.047ms total 88.994ms
08-06 13:37:13.425 23918 24417 I art     : Starting a blocking GC Explicit
08-06 13:37:13.483 23918 24417 I art     : Explicit concurrent mark sweep GC freed 962(117KB) AllocSpace objects, 0(0B) LOS objects, 10% free, 135MB/151MB, paused 2.010ms total 56.962ms
08-06 13:37:13.509 23918 24417 I art     : Starting a blocking GC Explicit
08-06 13:37:13.565 23918 24417 I art     : Explicit concurrent mark sweep GC freed 3(96B) AllocSpace objects, 0(0B) LOS objects, 10% free, 135MB/151MB, paused 1.627ms total 55.712ms
08-06 13:37:13.588 23918 24417 I art     : Starting a blocking GC Explicit
08-06 13:37:13.643 23918 24417 I art     : Explicit concurrent mark sweep GC freed 45(1552B) AllocSpace objects, 0(0B) LOS objects, 10% free, 135MB/151MB, paused 1.584ms total 54.521ms
08-06 13:37:13.665 23918 24417 I art     : Starting a blocking GC Explicit
08-06 13:37:13.719 23918 24417 I art     : Explicit concurrent mark sweep GC freed 14(672B) AllocSpace objects, 0(0B) LOS objects, 10% free, 135MB/151MB, paused 1.733ms total 53.192ms
08-06 13:37:14.175 23918 23931 I art     : Starting a blocking GC Explicit
08-06 13:37:14.231 23918 23931 I art     : Explicit concurrent mark sweep GC freed 1613(93KB) AllocSpace objects, 2(36KB) LOS objects, 10% free, 135MB/151MB, paused 1.473ms total 55.226ms
08-06 13:37:14.254 23918 23931 I art     : Starting a blocking GC Explicit
08-06 13:37:14.267 25499 25499 D AndroidRuntime: >>>>>> START com.android.internal.os.RuntimeInit uid 2000 <<<<<<
08-06 13:37:14.274 25499 25499 D AndroidRuntime: CheckJNI is OFF
08-06 13:37:14.311 23918 23931 I art     : Explicit concurrent mark sweep GC freed 43(1728B) AllocSpace objects, 0(0B) LOS objects, 10% free, 135MB/151MB, paused 1.620ms total 56.769ms
08-06 13:37:14.332 25499 25499 D ICU     : No timezone override file found: /data/misc/zoneinfo/current/icu/icu_tzdata.dat
08-06 13:37:14.332 23918 23931 I art     : Starting a blocking GC Explicit
08-06 13:37:14.374 25499 25499 I Radio-JNI: register_android_hardware_Radio DONE
08-06 13:37:14.383 23918 23931 I art     : Explicit concurrent mark sweep GC freed 3(96B) AllocSpace objects, 0(0B) LOS objects, 10% free, 135MB/151MB, paused 1.633ms total 50.132ms
08-06 13:37:14.405 23918 23931 I art     : Starting a blocking GC Explicit
08-06 13:37:14.407 25499 25499 D AndroidRuntime: Calling main entry com.android.commands.input.Input
08-06 13:37:14.409 25499 25499 I Input   : injectMotionEvent: MotionEvent { action=ACTION_DOWN, actionButton=0, id[0]=0, x[0]=500.0, y[0]=2000.0, toolType[0]=TOOL_TYPE_UNKNOWN, buttonState=0, metaState=0, flags=0x0, edgeFlags=0x0, pointerCount=1, historySize=0, eventTime=884250821, downTime=884250821, deviceId=0, source=0x1002 }
08-06 13:37:14.414 25499 25499 I Input   : injectMotionEvent: MotionEvent { action=ACTION_MOVE, actionButton=0, id[0]=0, x[0]=500.0, y[0]=2000.0, toolType[0]=TOOL_TYPE_UNKNOWN, buttonState=0, metaState=0, flags=0x0, edgeFlags=0x0, pointerCount=1, historySize=0, eventTime=884250821, downTime=884250821, deviceId=0, source=0x1002 }
08-06 13:37:14.426 25499 25499 I Input   : injectMotionEvent: MotionEvent { action=ACTION_MOVE, actionButton=0, id[0]=0, x[0]=500.0, y[0]=1965.8, toolType[0]=TOOL_TYPE_UNKNOWN, buttonState=0, metaState=0, flags=0x0, edgeFlags=0x0, pointerCount=1, historySize=0, eventTime=884250839, downTime=884250839, deviceId=0, source=0x1002 }
08-06 13:37:14.440 25499 25499 I Input   : injectMotionEvent: MotionEvent { action=ACTION_MOVE, actionButton=0, id[0]=0, x[0]=500.0, y[0]=1939.2, toolType[0]=TOOL_TYPE_UNKNOWN, buttonState=0, metaState=0, flags=0x0, edgeFlags=0x0, pointerCount=1, historySize=0, eventTime=884250853, downTime=884250853, deviceId=0, source=0x1002 }
08-06 13:37:14.457 23918 23931 I art     : Explicit concurrent mark sweep GC freed 7(224B) AllocSpace objects, 0(0B) LOS objects, 10% free, 135MB/151MB, paused 1.623ms total 51.912ms
08-06 13:37:14.467 25499 25499 I Input   : injectMotionEvent: MotionEvent { action=ACTION_MOVE, actionButton=0, id[0]=0, x[0]=500.0, y[0]=1887.9, toolType[0]=TOOL_TYPE_UNKNOWN, buttonState=0, metaState=0, flags=0x0, edgeFlags=0x0, pointerCount=1, historySize=0, eventTime=884250880, downTime=884250880, deviceId=0, source=0x1002 }
08-06 13:37:14.479 25499 25499 I Input   : injectMotionEvent: MotionEvent { action=ACTION_MOVE, actionButton=0, id[0]=0, x[0]=500.0, y[0]=1863.2, toolType[0]=TOOL_TYPE_UNKNOWN, buttonState=0, metaState=0, flags=0x0, edgeFlags=0x0, pointerCount=1, historySize=0, eventTime=884250893, downTime=884250893, deviceId=0, source=0x1002 }
08-06 13:37:14.481 23918 23931 I art     : Starting a blocking GC Explicit
08-06 13:37:14.492 25499 25499 I Input   : injectMotionEvent: MotionEvent { action=ACTION_MOVE, actionButton=0, id[0]=0, x[0]=500.0, y[0]=1840.4, toolType[0]=TOOL_TYPE_UNKNOWN, buttonState=0, metaState=0, flags=0x0, edgeFlags=0x0, pointerCount=1, historySize=0, eventTime=884250905, downTime=884250905, deviceId=0, source=0x1002 }
08-06 13:37:14.509 25499 25499 I Input   : injectMotionEvent: MotionEvent { action=ACTION_MOVE, actionButton=0, id[0]=0, x[0]=500.0, y[0]=1808.1, toolType[0]=TOOL_TYPE_UNKNOWN, buttonState=0, metaState=0, flags=0x0, edgeFlags=0x0, pointerCount=1, historySize=0, eventTime=884250922, downTime=884250922, deviceId=0, source=0x1002 }
08-06 13:37:14.525 25499 25499 I Input   : injectMotionEvent: MotionEvent { action=ACTION_MOVE, actionButton=0, id[0]=0, x[0]=500.0, y[0]=1777.7, toolType[0]=TOOL_TYPE_UNKNOWN, buttonState=0, metaState=0, flags=0x0, edgeFlags=0x0, pointerCount=1, historySize=0, eventTime=884250938, downTime=884250938, deviceId=0, source=0x1002 }
08-06 13:37:14.543 23918 23931 I art     : Explicit concurrent mark sweep GC freed 63(2336B) AllocSpace objects, 0(0B) LOS objects, 10% free, 135MB/151MB, paused 2.098ms total 61.378ms
08-06 13:37:14.543 25499 25499 I Input   : injectMotionEvent: MotionEvent { action=ACTION_MOVE, actionButton=0, id[0]=0, x[0]=500.0, y[0]=1743.5, toolType[0]=TOOL_TYPE_UNKNOWN, buttonState=0, metaState=0, flags=0x0, edgeFlags=0x0, pointerCount=1, historySize=0, eventTime=884250956, downTime=884250956, deviceId=0, source=0x1002 }
08-06 13:37:14.558 25499 25499 I Input   : injectMotionEvent: MotionEvent { action=ACTION_MOVE, actionButton=0, id[0]=0, x[0]=500.0, y[0]=1715.0, toolType[0]=TOOL_TYPE_UNKNOWN, buttonState=0, metaState=0, flags=0x0, edgeFlags=0x0, pointerCount=1, historySize=0, eventTime=884250971, downTime=884250971, deviceId=0, source=0x1002 }
08-06 13:37:14.578 25499 25499 I Input   : injectMotionEvent: MotionEvent { action=ACTION_MOVE, actionButton=0, id[0]=0, x[0]=500.0, y[0]=1677.0, toolType[0]=TOOL_TYPE_UNKNOWN, buttonState=0, metaState=0, flags=0x0, edgeFlags=0x0, pointerCount=1, historySize=0, eventTime=884250991, downTime=884250991, deviceId=0, source=0x1002 }
08-06 13:37:14.591 25499 25499 I Input   : injectMotionEvent: MotionEvent { action=ACTION_MOVE, actionButton=0, id[0]=0, x[0]=500.0, y[0]=1652.3, toolType[0]=TOOL_TYPE_UNKNOWN, buttonState=0, metaState=0, flags=0x0, edgeFlags=0x0, pointerCount=1, historySize=0, eventTime=884251004, downTime=884251004, deviceId=0, source=0x1002 }
08-06 13:37:14.608 25499 25499 I Input   : injectMotionEvent: MotionEvent { action=ACTION_MOVE, actionButton=0, id[0]=0, x[0]=500.0, y[0]=1620.0, toolType[0]=TOOL_TYPE_UNKNOWN, buttonState=0, metaState=0, flags=0x0, edgeFlags=0x0, pointerCount=1, historySize=0, eventTime=884251021, downTime=884251021, deviceId=0, source=0x1002 }
08-06 13:37:14.625 25499 25499 I Input   : injectMotionEvent: MotionEvent { action=ACTION_MOVE, actionButton=0, id[0]=0, x[0]=500.0, y[0]=1587.7, toolType[0]=TOOL_TYPE_UNKNOWN, buttonState=0, metaState=0, flags=0x0, edgeFlags=0x0, pointerCount=1, historySize=0, eventTime=884251038, downTime=884251038, deviceId=0, source=0x1002 }
08-06 13:37:14.641 25499 25499 I Input   : injectMotionEvent: MotionEvent { action=ACTION_MOVE, actionButton=0, id[0]=0, x[0]=500.0, y[0]=1557.3, toolType[0]=TOOL_TYPE_UNKNOWN, buttonState=0, metaState=0, flags=0x0, edgeFlags=0x0, pointerCount=1, historySize=0, eventTime=884251054, downTime=884251054, deviceId=0, source=0x1002 }
08-06 13:37:14.658 25499 25499 I Input   : injectMotionEvent: MotionEvent { action=ACTION_MOVE, actionButton=0, id[0]=0, x[0]=500.0, y[0]=1525.0, toolType[0]=TOOL_TYPE_UNKNOWN, buttonState=0, metaState=0, flags=0x0, edgeFlags=0x0, pointerCount=1, historySize=0, eventTime=884251071, downTime=884251071, deviceId=0, source=0x1002 }
08-06 13:37:14.675 25499 25499 I Input   : injectMotionEvent: MotionEvent { action=ACTION_MOVE, actionButton=0, id[0]=0, x[0]=500.0, y[0]=1492.7, toolType[0]=TOOL_TYPE_UNKNOWN, buttonState=0, metaState=0, flags=0x0, edgeFlags=0x0, pointerCount=1, historySize=0, eventTime=884251088, downTime=884251088, deviceId=0, source=0x1002 }
08-06 13:37:14.696 25499 25499 I Input   : injectMotionEvent: MotionEvent { action=ACTION_MOVE, actionButton=0, id[0]=0, x[0]=500.0, y[0]=1452.8, toolType[0]=TOOL_TYPE_UNKNOWN, buttonState=0, metaState=0, flags=0x0, edgeFlags=0x0, pointerCount=1, historySize=0, eventTime=884251109, downTime=884251109, deviceId=0, source=0x1002 }
08-06 13:37:14.708 25499 25499 I Input   : injectMotionEvent: MotionEvent { action=ACTION_MOVE, actionButton=0, id[0]=0, x[0]=500.0, y[0]=1430.0, toolType[0]=TOOL_TYPE_UNKNOWN, buttonState=0, metaState=0, flags=0x0, edgeFlags=0x0, pointerCount=1, historySize=0, eventTime=884251121, downTime=884251121, deviceId=0, source=0x1002 }
08-06 13:37:14.725 25499 25499 I Input   : injectMotionEvent: MotionEvent { action=ACTION_MOVE, actionButton=0, id[0]=0, x[0]=500.0, y[0]=1397.7, toolType[0]=TOOL_TYPE_UNKNOWN, buttonState=0, metaState=0, flags=0x0, edgeFlags=0x0, pointerCount=1, historySize=0, eventTime=884251138, downTime=884251138, deviceId=0, source=0x1002 }
08-06 13:37:14.742 25499 25499 I Input   : injectMotionEvent: MotionEvent { action=ACTION_MOVE, actionButton=0, id[0]=0, x[0]=500.0, y[0]=1365.4, toolType[0]=TOOL_TYPE_UNKNOWN, buttonState=0, metaState=0, flags=0x0, edgeFlags=0x0, pointerCount=1, historySize=0, eventTime=884251155, downTime=884251155, deviceId=0, source=0x1002 }
08-06 13:37:14.761 25499 25499 I Input   : injectMotionEvent: MotionEvent { action=ACTION_MOVE, actionButton=0, id[0]=0, x[0]=500.0, y[0]=1327.4, toolType[0]=TOOL_TYPE_UNKNOWN, buttonState=0, metaState=0, flags=0x0, edgeFlags=0x0, pointerCount=1, historySize=0, eventTime=884251175, downTime=884251175, deviceId=0, source=0x1002 }
08-06 13:37:14.776 25499 25499 I Input   : injectMotionEvent: MotionEvent { action=ACTION_MOVE, actionButton=0, id[0]=0, x[0]=500.0, y[0]=1300.8, toolType[0]=TOOL_TYPE_UNKNOWN, buttonState=0, metaState=0, flags=0x0, edgeFlags=0x0, pointerCount=1, historySize=0, eventTime=884251189, downTime=884251189, deviceId=0, source=0x1002 }
08-06 13:37:14.794 25499 25499 I Input   : injectMotionEvent: MotionEvent { action=ACTION_MOVE, actionButton=0, id[0]=0, x[0]=500.0, y[0]=1266.6, toolType[0]=TOOL_TYPE_UNKNOWN, buttonState=0, metaState=0, flags=0x0, edgeFlags=0x0, pointerCount=1, historySize=0, eventTime=884251207, downTime=884251207, deviceId=0, source=0x1002 }
08-06 13:37:14.809 25499 25499 I Input   : injectMotionEvent: MotionEvent { action=ACTION_MOVE, actionButton=0, id[0]=0, x[0]=500.0, y[0]=1238.1001, toolType[0]=TOOL_TYPE_UNKNOWN, buttonState=0, metaState=0, flags=0x0, edgeFlags=0x0, pointerCount=1, historySize=0, eventTime=884251222, downTime=884251222, deviceId=0, source=0x1002 }
08-06 13:37:14.828 25499 25499 I Input   : injectMotionEvent: MotionEvent { action=ACTION_MOVE, actionButton=0, id[0]=0, x[0]=500.0, y[0]=1202.0, toolType[0]=TOOL_TYPE_UNKNOWN, buttonState=0, metaState=0, flags=0x0, edgeFlags=0x0, pointerCount=1, historySize=0, eventTime=884251241, downTime=884251241, deviceId=0, source=0x1002 }
08-06 13:37:14.892 25499 25499 I Input   : injectMotionEvent: MotionEvent { action=ACTION_MOVE, actionButton=0, id[0]=0, x[0]=500.0, y[0]=1080.4, toolType[0]=TOOL_TYPE_UNKNOWN, buttonState=0, metaState=0, flags=0x0, edgeFlags=0x0, pointerCount=1, historySize=0, eventTime=884251305, downTime=884251305, deviceId=0, source=0x1002 }
08-06 13:37:14.953 25499 25499 I Input   : injectMotionEvent: MotionEvent { action=ACTION_MOVE, actionButton=0, id[0]=0, x[0]=500.0, y[0]=962.6, toolType[0]=TOOL_TYPE_UNKNOWN, buttonState=0, metaState=0, flags=0x0, edgeFlags=0x0, pointerCount=1, historySize=0, eventTime=884251367, downTime=884251367, deviceId=0, source=0x1002 }
08-06 13:37:15.001 23918 25389 I art     : Starting a blocking GC Explicit
08-06 13:37:15.016 25499 25499 I Input   : injectMotionEvent: MotionEvent { action=ACTION_MOVE, actionButton=0, id[0]=0, x[0]=500.0, y[0]=844.80005, toolType[0]=TOOL_TYPE_UNKNOWN, buttonState=0, metaState=0, flags=0x0, edgeFlags=0x0, pointerCount=1, historySize=0, eventTime=884251429, downTime=884251429, deviceId=0, source=0x1002 }
08-06 13:37:15.053 23918 25389 I art     : Explicit concurrent mark sweep GC freed 1639(93KB) AllocSpace objects, 2(36KB) LOS objects, 10% free, 135MB/151MB, paused 1.558ms total 51.461ms
08-06 13:37:15.075 25499 25499 I Input   : injectMotionEvent: MotionEvent { action=ACTION_MOVE, actionButton=0, id[0]=0, x[0]=500.0, y[0]=734.6, toolType[0]=TOOL_TYPE_UNKNOWN, buttonState=0, metaState=0, flags=0x0, edgeFlags=0x0, pointerCount=1, historySize=0, eventTime=884251487, downTime=884251487, deviceId=0, source=0x1002 }
08-06 13:37:15.079 23918 25389 I art     : Starting a blocking GC Explicit
08-06 13:37:15.131 23918 25389 I art     : Explicit concurrent mark sweep GC freed 30(1120B) AllocSpace objects, 0(0B) LOS objects, 10% free, 135MB/151MB, paused 1.588ms total 51.232ms
08-06 13:37:15.133 25499 25499 I Input   : injectMotionEvent: MotionEvent { action=ACTION_MOVE, actionButton=0, id[0]=0, x[0]=500.0, y[0]=622.5, toolType[0]=TOOL_TYPE_UNKNOWN, buttonState=0, metaState=0, flags=0x0, edgeFlags=0x0, pointerCount=1, historySize=0, eventTime=884251546, downTime=884251546, deviceId=0, source=0x1002 }
08-06 13:37:15.151 23918 25389 I art     : Starting a blocking GC Explicit
08-06 13:37:15.192 25499 25499 I Input   : injectMotionEvent: MotionEvent { action=ACTION_MOVE, actionButton=0, id[0]=0, x[0]=500.0, y[0]=508.5, toolType[0]=TOOL_TYPE_UNKNOWN, buttonState=0, metaState=0, flags=0x0, edgeFlags=0x0, pointerCount=1, historySize=0, eventTime=884251606, downTime=884251606, deviceId=0, source=0x1002 }
08-06 13:37:15.199 23918 25389 I art     : Explicit concurrent mark sweep GC freed 3(96B) AllocSpace objects, 0(0B) LOS objects, 10% free, 135MB/151MB, paused 1.550ms total 48.011ms
08-06 13:37:15.220 23918 25389 I art     : Starting a blocking GC Explicit
08-06 13:37:15.254 25499 25499 I Input   : injectMotionEvent: MotionEvent { action=ACTION_MOVE, actionButton=0, id[0]=0, x[0]=500.0, y[0]=392.59998, toolType[0]=TOOL_TYPE_UNKNOWN, buttonState=0, metaState=0, flags=0x0, edgeFlags=0x0, pointerCount=1, historySize=0, eventTime=884251667, downTime=884251667, deviceId=0, source=0x1002 }
08-06 13:37:15.268 23918 25389 I art     : Explicit concurrent mark sweep GC freed 8(256B) AllocSpace objects, 0(0B) LOS objects, 10% free, 135MB/151MB, paused 1.592ms total 47.932ms
08-06 13:37:15.289 23918 25389 I art     : Starting a blocking GC Explicit
08-06 13:37:15.339 23918 25389 I art     : Explicit concurrent mark sweep GC freed 3(96B) AllocSpace objects, 0(0B) LOS objects, 10% free, 135MB/151MB, paused 1.532ms total 50.353ms
08-06 13:37:15.341 25499 25499 I Input   : injectMotionEvent: MotionEvent { action=ACTION_MOVE, actionButton=0, id[0]=0, x[0]=500.0, y[0]=225.40002, toolType[0]=TOOL_TYPE_UNKNOWN, buttonState=0, metaState=0, flags=0x0, edgeFlags=0x0, pointerCount=1, historySize=0, eventTime=884251755, downTime=884251755, deviceId=0, source=0x1002 }
08-06 13:37:15.380 25499 25499 I Input   : injectMotionEvent: MotionEvent { action=ACTION_MOVE, actionButton=0, id[0]=0, x[0]=500.0, y[0]=153.19995, toolType[0]=TOOL_TYPE_UNKNOWN, buttonState=0, metaState=0, flags=0x0, edgeFlags=0x0, pointerCount=1, historySize=0, eventTime=884251793, downTime=884251793, deviceId=0, source=0x1002 }
08-06 13:37:15.418 25499 25499 I Input   : injectMotionEvent: MotionEvent { action=ACTION_UP, actionButton=0, id[0]=0, x[0]=500.0, y[0]=100.0, toolType[0]=TOOL_TYPE_UNKNOWN, buttonState=0, metaState=0, flags=0x0, edgeFlags=0x0, pointerCount=1, historySize=0, eventTime=884251832, downTime=884251832, deviceId=0, source=0x1002 }
08-06 13:37:15.455 25499 25499 D AndroidRuntime: Shutting down VM
08-06 13:37:15.761 23918 24417 I art     : Starting a blocking GC Explicit
08-06 13:37:15.807 23918 24417 I art     : Explicit concurrent mark sweep GC freed 1634(93KB) AllocSpace objects, 2(36KB) LOS objects, 10% free, 135MB/151MB, paused 1.403ms total 45.603ms
08-06 13:37:15.832 23918 24417 I art     : Starting a blocking GC Explicit
08-06 13:37:15.882 23918 24417 I art     : Explicit concurrent mark sweep GC freed 30(1088B) AllocSpace objects, 0(0B) LOS objects, 10% free, 135MB/151MB, paused 1.551ms total 49.550ms
08-06 13:37:15.902 23918 24417 I art     : Starting a blocking GC Explicit
08-06 13:37:15.952 23918 24417 I art     : Explicit concurrent mark sweep GC freed 5(160B) AllocSpace objects, 0(0B) LOS objects, 10% free, 135MB/151MB, paused 1.510ms total 49.700ms
08-06 13:37:15.973 23918 24417 I art     : Starting a blocking GC Explicit
08-06 13:37:16.027 23918 24417 I art     : Explicit concurrent mark sweep GC freed 3(96B) AllocSpace objects, 0(0B) LOS objects, 10% free, 135MB/151MB, paused 1.569ms total 54.267ms
08-06 13:37:16.051 23918 24417 I art     : Starting a blocking GC Explicit
08-06 13:37:16.102 23918 24417 I art     : Explicit concurrent mark sweep GC freed 5(160B) AllocSpace objects, 0(0B) LOS objects, 10% free, 135MB/151MB, paused 1.564ms total 50.552ms
08-06 13:37:16.320 25548 25548 D AndroidRuntime: >>>>>> START com.android.internal.os.RuntimeInit uid 2000 <<<<<<
08-06 13:37:16.326 25548 25548 D AndroidRuntime: CheckJNI is OFF
08-06 13:37:16.375 25548 25548 D ICU     : No timezone override file found: /data/misc/zoneinfo/current/icu/icu_tzdata.dat
08-06 13:37:16.417 25548 25548 I Radio-JNI: register_android_hardware_Radio DONE
08-06 13:37:16.450 25548 25548 D AndroidRuntime: Calling main entry com.android.commands.input.Input
08-06 13:37:16.452 25548 25548 I Input   : injectMotionEvent: MotionEvent { action=ACTION_DOWN, actionButton=0, id[0]=0, x[0]=500.0, y[0]=2000.0, toolType[0]=TOOL_TYPE_UNKNOWN, buttonState=0, metaState=0, flags=0x0, edgeFlags=0x0, pointerCount=1, historySize=0, eventTime=884252865, downTime=884252865, deviceId=0, source=0x1002 }
08-06 13:37:16.458 25548 25548 I Input   : injectMotionEvent: MotionEvent { action=ACTION_MOVE, actionButton=0, id[0]=0, x[0]=500.0, y[0]=2000.0, toolType[0]=TOOL_TYPE_UNKNOWN, buttonState=0, metaState=0, flags=0x0, edgeFlags=0x0, pointerCount=1, historySize=0, eventTime=884252865, downTime=884252865, deviceId=0, source=0x1002 }
08-06 13:37:16.478 25548 25548 I Input   : injectMotionEvent: MotionEvent { action=ACTION_MOVE, actionButton=0, id[0]=0, x[0]=500.0, y[0]=1950.6, toolType[0]=TOOL_TYPE_UNKNOWN, buttonState=0, metaState=0, flags=0x0, edgeFlags=0x0, pointerCount=1, historySize=0, eventTime=884252891, downTime=884252891, deviceId=0, source=0x1002 }
08-06 13:37:16.493 25548 25548 I Input   : injectMotionEvent: MotionEvent { action=ACTION_MOVE, actionButton=0, id[0]=0, x[0]=500.0, y[0]=1922.1, toolType[0]=TOOL_TYPE_UNKNOWN, buttonState=0, metaState=0, flags=0x0, edgeFlags=0x0, pointerCount=1, historySize=0, eventTime=884252906, downTime=884252906, deviceId=0, source=0x1002 }
08-06 13:37:16.512 25548 25548 I Input   : injectMotionEvent: MotionEvent { action=ACTION_MOVE, actionButton=0, id[0]=0, x[0]=500.0, y[0]=1886.0, toolType[0]=TOOL_TYPE_UNKNOWN, buttonState=0, metaState=0, flags=0x0, edgeFlags=0x0, pointerCount=1, historySize=0, eventTime=884252925, downTime=884252925, deviceId=0, source=0x1002 }
08-06 13:37:16.536 23918 25389 I art     : Starting a blocking GC Explicit
08-06 13:37:16.590 23918 25389 I art     : Explicit concurrent mark sweep GC freed 1624(93KB) AllocSpace objects, 2(36KB) LOS objects, 10% free, 135MB/151MB, paused 1.468ms total 53.453ms
08-06 13:37:16.611 23918 25389 I art     : Starting a blocking GC Explicit
08-06 13:37:16.625 25548 25548 I Input   : injectMotionEvent: MotionEvent { action=ACTION_MOVE, actionButton=0, id[0]=0, x[0]=500.0, y[0]=1671.3, toolType[0]=TOOL_TYPE_UNKNOWN, buttonState=0, metaState=0, flags=0x0, edgeFlags=0x0, pointerCount=1, historySize=0, eventTime=884253038, downTime=884253038, deviceId=0, source=0x1002 }
08-06 13:37:16.662 23918 25389 I art     : Explicit concurrent mark sweep GC freed 62(1952B) AllocSpace objects, 0(0B) LOS objects, 10% free, 135MB/151MB, paused 1.618ms total 51.078ms
08-06 13:37:16.663 25548 25548 I Input   : injectMotionEvent: MotionEvent { action=ACTION_MOVE, actionButton=0, id[0]=0, x[0]=500.0, y[0]=1599.1, toolType[0]=TOOL_TYPE_UNKNOWN, buttonState=0, metaState=0, flags=0x0, edgeFlags=0x0, pointerCount=1, historySize=0, eventTime=884253076, downTime=884253076, deviceId=0, source=0x1002 }
08-06 13:37:16.683 23918 25389 I art     : Starting a blocking GC Explicit
08-06 13:37:16.702 25548 25548 I Input   : injectMotionEvent: MotionEvent { action=ACTION_MOVE, actionButton=0, id[0]=0, x[0]=500.0, y[0]=1523.1001, toolType[0]=TOOL_TYPE_UNKNOWN, buttonState=0, metaState=0, flags=0x0, edgeFlags=0x0, pointerCount=1, historySize=0, eventTime=884253116, downTime=884253116, deviceId=0, source=0x1002 }
08-06 13:37:16.744 23918 25389 I art     : Explicit concurrent mark sweep GC freed 21(944B) AllocSpace objects, 0(0B) LOS objects, 10% free, 135MB/151MB, paused 1.495ms total 58.439ms
08-06 13:37:16.748 25548 25548 I Input   : injectMotionEvent: MotionEvent { action=ACTION_MOVE, actionButton=0, id[0]=0, x[0]=500.0, y[0]=1437.6, toolType[0]=TOOL_TYPE_UNKNOWN, buttonState=0, metaState=0, flags=0x0, edgeFlags=0x0, pointerCount=1, historySize=0, eventTime=884253161, downTime=884253161, deviceId=0, source=0x1002 }
08-06 13:37:16.766 23918 25389 I art     : Starting a blocking GC Explicit
08-06 13:37:16.787 25548 25548 I Input   : injectMotionEvent: MotionEvent { action=ACTION_MOVE, actionButton=0, id[0]=0, x[0]=500.0, y[0]=1363.5, toolType[0]=TOOL_TYPE_UNKNOWN, buttonState=0, metaState=0, flags=0x0, edgeFlags=0x0, pointerCount=1, historySize=0, eventTime=884253200, downTime=884253200, deviceId=0, source=0x1002 }
08-06 13:37:16.816 23918 25389 I art     : Explicit concurrent mark sweep GC freed 13(640B) AllocSpace objects, 0(0B) LOS objects, 10% free, 135MB/151MB, paused 1.527ms total 49.452ms
08-06 13:37:16.825 25548 25548 I Input   : injectMotionEvent: MotionEvent { action=ACTION_MOVE, actionButton=0, id[0]=0, x[0]=500.0, y[0]=1291.3, toolType[0]=TOOL_TYPE_UNKNOWN, buttonState=0, metaState=0, flags=0x0, edgeFlags=0x0, pointerCount=1, historySize=0, eventTime=884253238, downTime=884253238, deviceId=0, source=0x1002 }
08-06 13:37:16.837 23918 25389 I art     : Starting a blocking GC Explicit
08-06 13:37:16.866 25548 25548 I Input   : injectMotionEvent: MotionEvent { action=ACTION_MOVE, actionButton=0, id[0]=0, x[0]=500.0, y[0]=1213.3999, toolType[0]=TOOL_TYPE_UNKNOWN, buttonState=0, metaState=0, flags=0x0, edgeFlags=0x0, pointerCount=1, historySize=0, eventTime=884253279, downTime=884253279, deviceId=0, source=0x1002 }
08-06 13:37:16.887 23918 25389 I art     : Explicit concurrent mark sweep GC freed 3(96B) AllocSpace objects, 0(0B) LOS objects, 10% free, 135MB/151MB, paused 1.524ms total 49.673ms
08-06 13:37:16.903 25548 25548 I Input   : injectMotionEvent: MotionEvent { action=ACTION_MOVE, actionButton=0, id[0]=0, x[0]=500.0, y[0]=1143.1, toolType[0]=TOOL_TYPE_UNKNOWN, buttonState=0, metaState=0, flags=0x0, edgeFlags=0x0, pointerCount=1, historySize=0, eventTime=884253316, downTime=884253316, deviceId=0, source=0x1002 }
08-06 13:37:16.940 25548 25548 I Input   : injectMotionEvent: MotionEvent { action=ACTION_MOVE, actionButton=0, id[0]=0, x[0]=500.0, y[0]=1072.8, toolType[0]=TOOL_TYPE_UNKNOWN, buttonState=0, metaState=0, flags=0x0, edgeFlags=0x0, pointerCount=1, historySize=0, eventTime=884253353, downTime=884253353, deviceId=0, source=0x1002 }
08-06 13:37:16.976 25548 25548 I Input   : injectMotionEvent: MotionEvent { action=ACTION_MOVE, actionButton=0, id[0]=0, x[0]=500.0, y[0]=1004.4, toolType[0]=TOOL_TYPE_UNKNOWN, buttonState=0, metaState=0, flags=0x0, edgeFlags=0x0, pointerCount=1, historySize=0, eventTime=884253389, downTime=884253389, deviceId=0, source=0x1002 }
08-06 13:37:17.013 25548 25548 I Input   : injectMotionEvent: MotionEvent { action=ACTION_MOVE, actionButton=0, id[0]=0, x[0]=500.0, y[0]=932.2001, toolType[0]=TOOL_TYPE_UNKNOWN, buttonState=0, metaState=0, flags=0x0, edgeFlags=0x0, pointerCount=1, historySize=0, eventTime=884253427, downTime=884253427, deviceId=0, source=0x1002 }
08-06 13:37:17.053 25548 25548 I Input   : injectMotionEvent: MotionEvent { action=ACTION_MOVE, actionButton=0, id[0]=0, x[0]=500.0, y[0]=856.19995, toolType[0]=TOOL_TYPE_UNKNOWN, buttonState=0, metaState=0, flags=0x0, edgeFlags=0x0, pointerCount=1, historySize=0, eventTime=884253467, downTime=884253467, deviceId=0, source=0x1002 }
08-06 13:37:17.094 25548 25548 I Input   : injectMotionEvent: MotionEvent { action=ACTION_MOVE, actionButton=0, id[0]=0, x[0]=500.0, y[0]=780.19995, toolType[0]=TOOL_TYPE_UNKNOWN, buttonState=0, metaState=0, flags=0x0, edgeFlags=0x0, pointerCount=1, historySize=0, eventTime=884253507, downTime=884253507, deviceId=0, source=0x1002 }
08-06 13:37:17.135 25548 25548 I Input   : injectMotionEvent: MotionEvent { action=ACTION_MOVE, actionButton=0, id[0]=0, x[0]=500.0, y[0]=702.2999, toolType[0]=TOOL_TYPE_UNKNOWN, buttonState=0, metaState=0, flags=0x0, edgeFlags=0x0, pointerCount=1, historySize=0, eventTime=884253548, downTime=884253548, deviceId=0, source=0x1002 }
08-06 13:37:17.180 25548 25548 I Input   : injectMotionEvent: MotionEvent { action=ACTION_MOVE, actionButton=0, id[0]=0, x[0]=500.0, y[0]=616.80005, toolType[0]=TOOL_TYPE_UNKNOWN, buttonState=0, metaState=0, flags=0x0, edgeFlags=0x0, pointerCount=1, historySize=0, eventTime=884253593, downTime=884253593, deviceId=0, source=0x1002 }
08-06 13:37:17.219 25548 25548 I Input   : injectMotionEvent: MotionEvent { action=ACTION_MOVE, actionButton=0, id[0]=0, x[0]=500.0, y[0]=542.69995, toolType[0]=TOOL_TYPE_UNKNOWN, buttonState=0, metaState=0, flags=0x0, edgeFlags=0x0, pointerCount=1, historySize=0, eventTime=884253632, downTime=884253632, deviceId=0, source=0x1002 }
08-06 13:37:17.256 25548 25548 I Input   : injectMotionEvent: MotionEvent { action=ACTION_MOVE, actionButton=0, id[0]=0, x[0]=500.0, y[0]=470.5, toolType[0]=TOOL_TYPE_UNKNOWN, buttonState=0, metaState=0, flags=0x0, edgeFlags=0x0, pointerCount=1, historySize=0, eventTime=884253670, downTime=884253670, deviceId=0, source=0x1002 }
08-06 13:37:17.295 25548 25548 I Input   : injectMotionEvent: MotionEvent { action=ACTION_MOVE, actionButton=0, id[0]=0, x[0]=500.0, y[0]=398.30005, toolType[0]=TOOL_TYPE_UNKNOWN, buttonState=0, metaState=0, flags=0x0, edgeFlags=0x0, pointerCount=1, historySize=0, eventTime=884253708, downTime=884253708, deviceId=0, source=0x1002 }
08-06 13:37:17.330 23918 23930 I art     : Starting a blocking GC Explicit
08-06 13:37:17.338 25548 25548 I Input   : injectMotionEvent: MotionEvent { action=ACTION_MOVE, actionButton=0, id[0]=0, x[0]=500.0, y[0]=316.6001, toolType[0]=TOOL_TYPE_UNKNOWN, buttonState=0, metaState=0, flags=0x0, edgeFlags=0x0, pointerCount=1, historySize=0, eventTime=884253751, downTime=884253751, deviceId=0, source=0x1002 }
08-06 13:37:17.375 25548 25548 I Input   : injectMotionEvent: MotionEvent { action=ACTION_MOVE, actionButton=0, id[0]=0, x[0]=500.0, y[0]=246.30005, toolType[0]=TOOL_TYPE_UNKNOWN, buttonState=0, metaState=0, flags=0x0, edgeFlags=0x0, pointerCount=1, historySize=0, eventTime=884253788, downTime=884253788, deviceId=0, source=0x1002 }
08-06 13:37:17.387 23918 23930 I art     : Explicit concurrent mark sweep GC freed 1609(93KB) AllocSpace objects, 2(36KB) LOS objects, 10% free, 135MB/151MB, paused 1.416ms total 55.835ms
08-06 13:37:17.411 23918 23930 I art     : Starting a blocking GC Explicit
08-06 13:37:17.412 25548 25548 I Input   : injectMotionEvent: MotionEvent { action=ACTION_MOVE, actionButton=0, id[0]=0, x[0]=500.0, y[0]=176.0, toolType[0]=TOOL_TYPE_UNKNOWN, buttonState=0, metaState=0, flags=0x0, edgeFlags=0x0, pointerCount=1, historySize=0, eventTime=884253825, downTime=884253825, deviceId=0, source=0x1002 }
08-06 13:37:17.450 25548 25548 I Input   : injectMotionEvent: MotionEvent { action=ACTION_MOVE, actionButton=0, id[0]=0, x[0]=500.0, y[0]=103.79993, toolType[0]=TOOL_TYPE_UNKNOWN, buttonState=0, metaState=0, flags=0x0, edgeFlags=0x0, pointerCount=1, historySize=0, eventTime=884253863, downTime=884253863, deviceId=0, source=0x1002 }
08-06 13:37:17.469 23918 23930 I art     : Explicit concurrent mark sweep GC freed 38(1568B) AllocSpace objects, 0(0B) LOS objects, 10% free, 135MB/151MB, paused 1.622ms total 57.199ms
08-06 13:37:17.489 25548 25548 I Input   : injectMotionEvent: MotionEvent { action=ACTION_UP, actionButton=0, id[0]=0, x[0]=500.0, y[0]=100.0, toolType[0]=TOOL_TYPE_UNKNOWN, buttonState=0, metaState=0, flags=0x0, edgeFlags=0x0, pointerCount=1, historySize=0, eventTime=884253902, downTime=884253902, deviceId=0, source=0x1002 }
08-06 13:37:17.493 23918 23930 I art     : Starting a blocking GC Explicit
08-06 13:37:17.525 25548 25548 D AndroidRuntime: Shutting down VM
08-06 13:37:17.544 23918 23930 I art     : Explicit concurrent mark sweep GC freed 5(160B) AllocSpace objects, 0(0B) LOS objects, 10% free, 135MB/151MB, paused 1.716ms total 50.210ms
08-06 13:37:17.572 23918 23930 I art     : Starting a blocking GC Explicit
08-06 13:37:17.620 23918 23930 I art     : Explicit concurrent mark sweep GC freed 3(96B) AllocSpace objects, 0(0B) LOS objects, 10% free, 135MB/151MB, paused 2.164ms total 47.020ms
08-06 13:37:17.643 23918 23930 I art     : Starting a blocking GC Explicit
08-06 13:37:17.698 23918 23930 I art     : Explicit concurrent mark sweep GC freed 34(928B) AllocSpace objects, 0(0B) LOS objects, 10% free, 135MB/151MB, paused 1.706ms total 55.132ms
08-06 13:37:18.131 23918 23931 I art     : Starting a blocking GC Explicit
08-06 13:37:18.186 23918 23931 I art     : Explicit concurrent mark sweep GC freed 1582(91KB) AllocSpace objects, 2(36KB) LOS objects, 10% free, 135MB/151MB, paused 1.660ms total 54.218ms
08-06 13:37:18.209 23918 23931 I art     : Starting a blocking GC Explicit
08-06 13:37:18.264 23918 23931 I art     : Explicit concurrent mark sweep GC freed 28(1024B) AllocSpace objects, 0(0B) LOS objects, 10% free, 135MB/151MB, paused 1.583ms total 54.471ms
08-06 13:37:18.287 23918 23931 I art     : Starting a blocking GC Explicit
08-06 13:37:18.341 23918 23931 I art     : Explicit concurrent mark sweep GC freed 3(96B) AllocSpace objects, 0(0B) LOS objects, 10% free, 135MB/151MB, paused 1.850ms total 53.871ms
08-06 13:37:18.364 23918 23931 I art     : Starting a blocking GC Explicit
08-06 13:37:18.407 25586 25586 D AndroidRuntime: >>>>>> START com.android.internal.os.RuntimeInit uid 2000 <<<<<<
08-06 13:37:18.413 25586 25586 D AndroidRuntime: CheckJNI is OFF
08-06 13:37:18.418 23918 23931 I art     : Explicit concurrent mark sweep GC freed 3(96B) AllocSpace objects, 0(0B) LOS objects, 10% free, 135MB/151MB, paused 1.791ms total 53.152ms
08-06 13:37:18.441 23918 23931 I art     : Starting a blocking GC Explicit
08-06 13:37:18.468 25586 25586 D ICU     : No timezone override file found: /data/misc/zoneinfo/current/icu/icu_tzdata.dat
08-06 13:37:18.494 23918 23931 I art     : Explicit concurrent mark sweep GC freed 3(96B) AllocSpace objects, 0(0B) LOS objects, 10% free, 135MB/151MB, paused 1.665ms total 53.113ms
08-06 13:37:18.513 25586 25586 I Radio-JNI: register_android_hardware_Radio DONE
08-06 13:37:18.545 25586 25586 D AndroidRuntime: Calling main entry com.android.commands.input.Input
08-06 13:37:18.548 25586 25586 I Input   : injectMotionEvent: MotionEvent { action=ACTION_DOWN, actionButton=0, id[0]=0, x[0]=657.0, y[0]=2080.0, toolType[0]=TOOL_TYPE_UNKNOWN, buttonState=0, metaState=0, flags=0x0, edgeFlags=0x0, pointerCount=1, historySize=0, eventTime=884254960, downTime=884254960, deviceId=0, source=0x1002 }
08-06 13:37:18.553 25586 25586 I Input   : injectMotionEvent: MotionEvent { action=ACTION_UP, actionButton=0, id[0]=0, x[0]=657.0, y[0]=2080.0, toolType[0]=TOOL_TYPE_UNKNOWN, buttonState=0, metaState=0, flags=0x0, edgeFlags=0x0, pointerCount=1, historySize=0, eventTime=884254960, downTime=884254960, deviceId=0, source=0x1002 }
08-06 13:37:18.556   512  2967 D audio_hw_primary: out_set_parameters: enter: usecase(1: low-latency-playback) kvpairs: routing=2
08-06 13:37:18.557   918   928 I ActivityManager: START u0 {cmp=baseline.io.github.project_travel_mate/.utilities.UpcomingWeekendsActivity} from uid 10696 on display 0
08-06 13:37:18.561 25586 25586 D AndroidRuntime: Shutting down VM
08-06 13:37:18.570   512  2967 D audio_hw_primary: select_devices: out_snd_device(2: speaker) in_snd_device(0: none)
08-06 13:37:18.570   512  2967 D msm8974_platform: platform_send_audio_calibration: sending audio calibration for snd_device(2) acdb_id(15)
08-06 13:37:18.570   512  2967 I soundtrigger: audio_extn_sound_trigger_update_device_status: device 0x2 of type 0 for Event 1
08-06 13:37:18.592   512  2967 D audio_hw_primary: enable_snd_device: snd_device(2: speaker)
08-06 13:37:18.595   512  2967 D audio_hw_primary: enable_audio_route: apply and update mixer path: low-latency-playback speaker
08-06 13:37:18.605 23918 24000 D Gabe    : call	returning from cache
08-06 13:37:18.610 23918 23918 V EXECUTING: https://project-travel-mate.herokuapp.com/api/get-upcoming-holidays/2020
08-06 13:37:18.614 23918 23918 V EXECUTING: https://project-travel-mate.herokuapp.com/api/get-upcoming-holidays/2020
08-06 13:37:18.719 13866 13866 I GoogleInputMethodServic: GoogleInputMethodService.onFinishInput():3138 
08-06 13:37:18.720 13866 13866 I GoogleInputMethodServic: GoogleInputMethodService.onStartInput():1808 
08-06 13:37:18.832   918   936 I ActivityManager: Displayed baseline.io.github.project_travel_mate/.utilities.UpcomingWeekendsActivity: +264ms
08-06 13:37:18.917 23918 23931 I art     : Starting a blocking GC Explicit
08-06 13:37:18.972 23918 23931 I art     : Explicit concurrent mark sweep GC freed 3524(239KB) AllocSpace objects, 2(36KB) LOS objects, 10% free, 139MB/155MB, paused 1.782ms total 53.941ms
08-06 13:37:18.995 23918 23931 I art     : Starting a blocking GC Explicit
08-06 13:37:19.049 23918 23931 I art     : Explicit concurrent mark sweep GC freed 312(12KB) AllocSpace objects, 0(0B) LOS objects, 10% free, 139MB/155MB, paused 2.962ms total 54.391ms
08-06 13:37:19.071 23918 23931 I art     : Starting a blocking GC Explicit
08-06 13:37:19.080   380   380 W SurfaceFlinger: couldn't log to binary event log: overflow.
08-06 13:37:19.134 23918 23931 I art     : Explicit concurrent mark sweep GC freed 5272(265KB) AllocSpace objects, 6(400KB) LOS objects, 10% free, 140MB/156MB, paused 1.825ms total 62.429ms
08-06 13:37:19.140   512  2967 D audio_hw_primary: disable_audio_route: reset and update mixer path: low-latency-playback speaker
08-06 13:37:19.141   512  2967 D audio_hw_primary: disable_snd_device: snd_device(2: speaker)
08-06 13:37:19.150   512  2967 I soundtrigger: audio_extn_sound_trigger_update_device_status: device 0x2 of type 0 for Event 0
08-06 13:37:19.153 23918 25609 I NAPPA_EXPERIMENTATION: MetricNetworkRequestExecutionTime: REQUEST_DURATION_SYSTEM='542',REQUEST_DURATION_OKHTTP='37',REQUEST_SYNCHRONOUS='FALSE',RESPONSE_CODE='200',RESPONSE_METHOD='GET',RESPONSE_LENGTH_OKHTTP='6426',RESPONSE_LENGTH_HEADER='6426',REQUEST_PROTOCOL='http/1.1',REQUEST_URL='https://project-travel-mate.herokuapp.com/api/get-upcoming-holidays/2020',
08-06 13:37:19.156 23918 23918 V Response: [{"month":"January","date":1,"day":"Wednesday","name":"New Year's Day","type":"Restricted"},{"month":"January","date":2,"day":"Thursday","name":"Guru Govind Singh Jayanti","type":"Restricted"},{"month":"January","date":14,"day":"Tuesday","name":"Lohri","type":"Restricted"},{"month":"January","date":15,"day":"Wednesday","name":"Pongal","type":"Restricted"},{"month":"January","date":15,"day":"Wednesday","name":"Makar Sankranti","type":"Restricted"},{"month":"January","date":25,"day":"Saturday","name":"Chinese New Year","type":"Observance"},{"month":"January","date":26,"day":"Sunday","name":"Republic Day","type":"Gazetted"},{"month":"January","date":30,"day":"Thursday","name":"Vasant Panchami","type":"Restricted"},{"month":"February","date":9,"day":"Sunday","name":"Guru Ravidas Jayanti","type":"Restricted"},{"month":"February","date":14,"day":"Friday","name":"Valentine's Day","type":"Observance"},{"month":"February","date":18,"day":"Tuesday","name":"Maharishi Dayanand Saraswati Jayanti","type":"Restricted"},{"month":"February","date":19,"day":"Wednesday","name":"Shivaji Jayanti","type":"Restricted"},{"month":"February","date":21,"day":"Friday","name":"Maha Shivaratri/Shivaratri","type":"Gazetted"},{"month":"March","date":9,"day":"Monday","name":"Holika Dahana","type":"Restricted"},{"month":"March","date":9,"day":"Monday","name":"Hazarat Ali's Birthday","type":"Restricted"},{"month":"March","date":10,"day":"Tuesday","name":"Holi","type":"Gazetted"},{"month":"March","date":20,"day":"Friday","name":"March Equinox","type":"Season"},{"month":"March","date":25,"day":"Wednesday","name":"Chaitra Sukhladi","type":"Restricted"},{"month":"April","date":2,"day":"Thursday","name":"Rama Navami","type":"Gazetted"},{"month":"April","date":6,"day":"Monday","name":"Mahavir Jayanti","type":"Gazetted"},{"month":"April","date":9,"day":"Thursday","name":"First day of Passover","type":"Observance"},{"month":"April","date":9,"day":"Thursday","name":"Maundy Thursday","type":"Observance,"},{"month":"April","date":10,"day":"Friday","name":"Good Friday","type":"Gazetted"},{"month":"April","date":12,"day":"Sunday","name":"Easter Day","type":"Restricted"},{"month":"April","date":13,"day":"Monday","name":"Vaisakhi","type":"Restricted"},{"month":"April","date":14,"day":"Tuesday","name":"Mesadi/Vaisakhadi","type":"Restricted"},{"month":"April","date":14,"day":"Tuesday","name":"Ambedkar Jayanti","type":"Central"},{"month":"May","date":1,"day":"Friday","name":"May Day","type":"Observance"},{"month":"May","date":7,"day":"Thursday","name":"Buddha Purnima/Vesak","type":"Gazetted"},{"month":"May","date":7,"day":"Thursday","name":"Birthday of Ravindranath","type":"Restricted"},{"month":"May","date":10,"day":"Sunday","name":"Mother's Day","type":"Observance"},{"month":"May","date":22,"day":"Friday","name":"Jamat Ul-Vida","type":"Restricted"},{"month":"May","date":25,"day":"Monday","name":"Ramzan Id/Eid-ul-Fitar","type":"Gazetted"},{"month":"May","date":25,"day":"Monday","name":"Ramzan Id/Eid-ul-Fitar","type":"Muslim,"},{"month":"June","date":21,"day":"Sunday","name":"June Solstice","type":"Season"},{"month":"June","date":21,"day":"Sunday","name":"Father's Day","type":"Observance"},{"month":"June","date":23,"day":"Tuesday","name":"Rath Yatra","type":"Restricted"},{"month":"July","date":5,"day":"Sunday","name":"Guru Purnima","type":"Observance"},{"month":"July","date":31,"day":"Friday","name":"Bakr Id/Eid ul-Adha","type":"Gazetted"},{"month":"August","date":2,"day":"Sunday","name":"Friendship Day","type":"Observance"},{"month":"August","date":3,"day":"Monday","name":"Raksha Bandhan (Rakhi)","type":"Restricted"},{"month":"August","date":11,"day":"Tuesday","name":"Janmashtami (Smarta)","type":"Restricted"},{"month":"August","date":12,"day":"Wednesday","name":"Janmashtami","type":"Gazetted"},{"month":"August","date":15,"day":"Saturday","name":"Independence Day","type":"Gazetted"},{"month":"August","date":16,"day":"Sunday","name":"Parsi New Year","type":"Restricted"},{"month":"August","date":22,"day":"Saturday","name":"Ganesh Chaturthi/Vin
08-06 13:37:19.158 23918 23931 I art     : Starting a blocking GC Explicit
08-06 13:37:19.175 23918 25610 I NAPPA_EXPERIMENTATION: MetricNetworkRequestExecutionTime: REQUEST_DURATION_SYSTEM='559',REQUEST_DURATION_OKHTTP='61',REQUEST_SYNCHRONOUS='FALSE',RESPONSE_CODE='200',RESPONSE_METHOD='GET',RESPONSE_LENGTH_OKHTTP='6426',RESPONSE_LENGTH_HEADER='6426',REQUEST_PROTOCOL='http/1.1',REQUEST_URL='https://project-travel-mate.herokuapp.com/api/get-upcoming-holidays/2020',
08-06 13:37:19.215 23918 23931 I art     : Explicit concurrent mark sweep GC freed 5206(385KB) AllocSpace objects, 2(32KB) LOS objects, 10% free, 140MB/156MB, paused 2.111ms total 56.512ms
08-06 13:37:19.237 23918 23931 I art     : Starting a blocking GC Explicit
08-06 13:37:19.253 23918 23918 V Response: [{"month":"January","date":1,"day":"Wednesday","name":"New Year's Day","type":"Restricted"},{"month":"January","date":2,"day":"Thursday","name":"Guru Govind Singh Jayanti","type":"Restricted"},{"month":"January","date":14,"day":"Tuesday","name":"Lohri","type":"Restricted"},{"month":"January","date":15,"day":"Wednesday","name":"Pongal","type":"Restricted"},{"month":"January","date":15,"day":"Wednesday","name":"Makar Sankranti","type":"Restricted"},{"month":"January","date":25,"day":"Saturday","name":"Chinese New Year","type":"Observance"},{"month":"January","date":26,"day":"Sunday","name":"Republic Day","type":"Gazetted"},{"month":"January","date":30,"day":"Thursday","name":"Vasant Panchami","type":"Restricted"},{"month":"February","date":9,"day":"Sunday","name":"Guru Ravidas Jayanti","type":"Restricted"},{"month":"February","date":14,"day":"Friday","name":"Valentine's Day","type":"Observance"},{"month":"February","date":18,"day":"Tuesday","name":"Maharishi Dayanand Saraswati Jayanti","type":"Restricted"},{"month":"February","date":19,"day":"Wednesday","name":"Shivaji Jayanti","type":"Restricted"},{"month":"February","date":21,"day":"Friday","name":"Maha Shivaratri/Shivaratri","type":"Gazetted"},{"month":"March","date":9,"day":"Monday","name":"Holika Dahana","type":"Restricted"},{"month":"March","date":9,"day":"Monday","name":"Hazarat Ali's Birthday","type":"Restricted"},{"month":"March","date":10,"day":"Tuesday","name":"Holi","type":"Gazetted"},{"month":"March","date":20,"day":"Friday","name":"March Equinox","type":"Season"},{"month":"March","date":25,"day":"Wednesday","name":"Chaitra Sukhladi","type":"Restricted"},{"month":"April","date":2,"day":"Thursday","name":"Rama Navami","type":"Gazetted"},{"month":"April","date":6,"day":"Monday","name":"Mahavir Jayanti","type":"Gazetted"},{"month":"April","date":9,"day":"Thursday","name":"First day of Passover","type":"Observance"},{"month":"April","date":9,"day":"Thursday","name":"Maundy Thursday","type":"Observance,"},{"month":"April","date":10,"day":"Friday","name":"Good Friday","type":"Gazetted"},{"month":"April","date":12,"day":"Sunday","name":"Easter Day","type":"Restricted"},{"month":"April","date":13,"day":"Monday","name":"Vaisakhi","type":"Restricted"},{"month":"April","date":14,"day":"Tuesday","name":"Mesadi/Vaisakhadi","type":"Restricted"},{"month":"April","date":14,"day":"Tuesday","name":"Ambedkar Jayanti","type":"Central"},{"month":"May","date":1,"day":"Friday","name":"May Day","type":"Observance"},{"month":"May","date":7,"day":"Thursday","name":"Buddha Purnima/Vesak","type":"Gazetted"},{"month":"May","date":7,"day":"Thursday","name":"Birthday of Ravindranath","type":"Restricted"},{"month":"May","date":10,"day":"Sunday","name":"Mother's Day","type":"Observance"},{"month":"May","date":22,"day":"Friday","name":"Jamat Ul-Vida","type":"Restricted"},{"month":"May","date":25,"day":"Monday","name":"Ramzan Id/Eid-ul-Fitar","type":"Gazetted"},{"month":"May","date":25,"day":"Monday","name":"Ramzan Id/Eid-ul-Fitar","type":"Muslim,"},{"month":"June","date":21,"day":"Sunday","name":"June Solstice","type":"Season"},{"month":"June","date":21,"day":"Sunday","name":"Father's Day","type":"Observance"},{"month":"June","date":23,"day":"Tuesday","name":"Rath Yatra","type":"Restricted"},{"month":"July","date":5,"day":"Sunday","name":"Guru Purnima","type":"Observance"},{"month":"July","date":31,"day":"Friday","name":"Bakr Id/Eid ul-Adha","type":"Gazetted"},{"month":"August","date":2,"day":"Sunday","name":"Friendship Day","type":"Observance"},{"month":"August","date":3,"day":"Monday","name":"Raksha Bandhan (Rakhi)","type":"Restricted"},{"month":"August","date":11,"day":"Tuesday","name":"Janmashtami (Smarta)","type":"Restricted"},{"month":"August","date":12,"day":"Wednesday","name":"Janmashtami","type":"Gazetted"},{"month":"August","date":15,"day":"Saturday","name":"Independence Day","type":"Gazetted"},{"month":"August","date":16,"day":"Sunday","name":"Parsi New Year","type":"Restricted"},{"month":"August","date":22,"day":"Saturday","name":"Ganesh Chaturthi/Vin
08-06 13:37:19.296 23918 23931 I art     : Explicit concurrent mark sweep GC freed 8831(339KB) AllocSpace objects, 1(16KB) LOS objects, 10% free, 140MB/156MB, paused 2.396ms total 58.269ms
08-06 13:37:19.296 23918 23929 I art     : WaitForGcToComplete blocked for 58.613ms for cause HeapTrim
08-06 13:37:19.716 23918 23930 I art     : Starting a blocking GC Explicit
08-06 13:37:19.781 23918 23930 I art     : Explicit concurrent mark sweep GC freed 5051(237KB) AllocSpace objects, 3(4MB) LOS objects, 10% free, 136MB/152MB, paused 1.981ms total 64.470ms
08-06 13:37:19.805 23918 23930 I art     : Starting a blocking GC Explicit
08-06 13:37:19.866 23918 23930 I art     : Explicit concurrent mark sweep GC freed 289(8KB) AllocSpace objects, 0(0B) LOS objects, 10% free, 136MB/152MB, paused 1.947ms total 60.790ms
08-06 13:37:19.891 23918 23930 I art     : Starting a blocking GC Explicit
08-06 13:37:19.953 23918 23930 I art     : Explicit concurrent mark sweep GC freed 139(2800B) AllocSpace objects, 0(0B) LOS objects, 10% free, 136MB/152MB, paused 2.135ms total 61.558ms
08-06 13:37:19.977 23918 23930 I art     : Starting a blocking GC Explicit
08-06 13:37:20.038 23918 23930 I art     : Explicit concurrent mark sweep GC freed 142(2816B) AllocSpace objects, 0(0B) LOS objects, 10% free, 136MB/152MB, paused 1.795ms total 60.655ms
08-06 13:37:20.062 23918 23930 I art     : Starting a blocking GC Explicit
08-06 13:37:20.123 23918 23930 I art     : Explicit concurrent mark sweep GC freed 122(2064B) AllocSpace objects, 0(0B) LOS objects, 10% free, 136MB/152MB, paused 1.697ms total 60.465ms
08-06 13:37:20.569 23918 23938 I art     : Starting a blocking GC Explicit
08-06 13:37:20.633 23918 23938 I art     : Explicit concurrent mark sweep GC freed 2303(103KB) AllocSpace objects, 2(36KB) LOS objects, 10% free, 136MB/152MB, paused 2.105ms total 63.492ms
08-06 13:37:20.658 23918 23938 I art     : Starting a blocking GC Explicit
08-06 13:37:20.716 23918 23938 I art     : Explicit concurrent mark sweep GC freed 186(3KB) AllocSpace objects, 0(0B) LOS objects, 10% free, 136MB/152MB, paused 1.876ms total 58.419ms
08-06 13:37:20.740 23918 23938 I art     : Starting a blocking GC Explicit
08-06 13:37:20.802 23918 23938 I art     : Explicit concurrent mark sweep GC freed 140(2384B) AllocSpace objects, 0(0B) LOS objects, 10% free, 136MB/152MB, paused 1.785ms total 61.339ms
08-06 13:37:20.826 23918 23938 I art     : Starting a blocking GC Explicit
08-06 13:37:20.888 23918 23938 I art     : Explicit concurrent mark sweep GC freed 123(2096B) AllocSpace objects, 0(0B) LOS objects, 10% free, 136MB/152MB, paused 1.837ms total 61.286ms
08-06 13:37:20.912 23918 23938 I art     : Starting a blocking GC Explicit
08-06 13:37:20.973 23918 23938 I art     : Explicit concurrent mark sweep GC freed 123(2096B) AllocSpace objects, 0(0B) LOS objects, 10% free, 136MB/152MB, paused 1.775ms total 60.564ms
08-06 13:37:21.395 23918 24417 I art     : Starting a blocking GC Explicit
08-06 13:37:21.457 23918 24417 I art     : Explicit concurrent mark sweep GC freed 2291(103KB) AllocSpace objects, 2(36KB) LOS objects, 10% free, 136MB/152MB, paused 1.628ms total 61.230ms
08-06 13:37:21.482 23918 24417 I art     : Starting a blocking GC Explicit
08-06 13:37:21.542 23918 24417 I art     : Explicit concurrent mark sweep GC freed 162(3KB) AllocSpace objects, 0(0B) LOS objects, 10% free, 136MB/152MB, paused 1.765ms total 59.472ms
08-06 13:37:21.565 23918 24417 I art     : Starting a blocking GC Explicit
08-06 13:37:21.626 23918 24417 I art     : Explicit concurrent mark sweep GC freed 123(2096B) AllocSpace objects, 0(0B) LOS objects, 10% free, 136MB/152MB, paused 1.630ms total 60.449ms
08-06 13:37:21.651 23918 24417 I art     : Starting a blocking GC Explicit
08-06 13:37:21.712 23918 24417 I art     : Explicit concurrent mark sweep GC freed 154(2928B) AllocSpace objects, 0(0B) LOS objects, 10% free, 136MB/152MB, paused 1.720ms total 60.911ms
08-06 13:37:21.737 23918 24417 I art     : Starting a blocking GC Explicit
08-06 13:37:21.798 23918 24417 I art     : Explicit concurrent mark sweep GC freed 123(2096B) AllocSpace objects, 0(0B) LOS objects, 10% free, 136MB/152MB, paused 1.950ms total 61.438ms
08-06 13:37:22.050   918  3261 D WifiStateMachine: starting scan for "H369AA63323"WPA_PSK with 2412,5180
08-06 13:37:22.242 23918 23931 I art     : Starting a blocking GC Explicit
08-06 13:37:22.304 23918 23931 I art     : Explicit concurrent mark sweep GC freed 2328(104KB) AllocSpace objects, 2(36KB) LOS objects, 10% free, 136MB/152MB, paused 1.814ms total 61.565ms
08-06 13:37:22.329 23918 23931 I art     : Starting a blocking GC Explicit
08-06 13:37:22.390 23918 23931 I art     : Explicit concurrent mark sweep GC freed 148(3024B) AllocSpace objects, 0(0B) LOS objects, 10% free, 136MB/152MB, paused 1.709ms total 60.498ms
08-06 13:37:22.414 23918 23931 I art     : Starting a blocking GC Explicit
08-06 13:37:22.475 23918 23931 I art     : Explicit concurrent mark sweep GC freed 122(2064B) AllocSpace objects, 0(0B) LOS objects, 10% free, 136MB/152MB, paused 1.640ms total 60.557ms
08-06 13:37:22.499 23918 23931 I art     : Starting a blocking GC Explicit
08-06 13:37:22.560 23918 23931 I art     : Explicit concurrent mark sweep GC freed 124(2128B) AllocSpace objects, 0(0B) LOS objects, 10% free, 136MB/152MB, paused 1.797ms total 60.671ms
08-06 13:37:22.584 23918 23931 I art     : Starting a blocking GC Explicit
08-06 13:37:22.646 23918 23931 I art     : Explicit concurrent mark sweep GC freed 165(3KB) AllocSpace objects, 0(0B) LOS objects, 10% free, 136MB/152MB, paused 1.632ms total 60.919ms
08-06 13:37:22.690   518   646 I ThermalEngine: ACTION: GPU - Setting GPU[0] to 450000000
08-06 13:37:23.045 23918 25389 I art     : Starting a blocking GC Explicit
08-06 13:37:23.097 23918 25389 I art     : Explicit concurrent mark sweep GC freed 2253(103KB) AllocSpace objects, 2(36KB) LOS objects, 10% free, 136MB/152MB, paused 1.209ms total 52.165ms
08-06 13:37:23.115 23918 25389 I art     : Starting a blocking GC Explicit
08-06 13:37:23.165 23918 25389 I art     : Explicit concurrent mark sweep GC freed 133(3KB) AllocSpace objects, 0(0B) LOS objects, 10% free, 136MB/152MB, paused 1.153ms total 49.697ms
08-06 13:37:23.183 23918 25389 I art     : Starting a blocking GC Explicit
08-06 13:37:23.236 23918 25389 I art     : Explicit concurrent mark sweep GC freed 108(1840B) AllocSpace objects, 0(0B) LOS objects, 10% free, 136MB/152MB, paused 1.337ms total 51.809ms
08-06 13:37:23.254 23918 25389 I art     : Starting a blocking GC Explicit
08-06 13:37:23.302 23918 25389 I art     : Explicit concurrent mark sweep GC freed 97(1680B) AllocSpace objects, 0(0B) LOS objects, 10% free, 136MB/152MB, paused 1.284ms total 47.740ms
08-06 13:37:23.320 23918 25389 I art     : Starting a blocking GC Explicit
08-06 13:37:23.369 23918 25389 I art     : Explicit concurrent mark sweep GC freed 102(1744B) AllocSpace objects, 0(0B) LOS objects, 10% free, 136MB/152MB, paused 1.296ms total 49.225ms
08-06 13:37:23.388 25666 25666 D AndroidRuntime: >>>>>> START com.android.internal.os.RuntimeInit uid 2000 <<<<<<
08-06 13:37:23.394 25666 25666 D AndroidRuntime: CheckJNI is OFF
08-06 13:37:23.436 25666 25666 D ICU     : No timezone override file found: /data/misc/zoneinfo/current/icu/icu_tzdata.dat
08-06 13:37:23.481 25666 25666 I Radio-JNI: register_android_hardware_Radio DONE
08-06 13:37:23.511 25666 25666 D AndroidRuntime: Calling main entry com.android.commands.input.Input
08-06 13:37:23.512 25666 25666 I Input   : injectKeyEvent: KeyEvent { action=ACTION_DOWN, keyCode=KEYCODE_BACK, scanCode=0, metaState=0, flags=0x0, repeatCount=0, eventTime=884259925, downTime=884259925, deviceId=-1, source=0x101 }
08-06 13:37:23.521 25666 25666 I Input   : injectKeyEvent: KeyEvent { action=ACTION_UP, keyCode=KEYCODE_BACK, scanCode=0, metaState=0, flags=0x0, repeatCount=0, eventTime=884259925, downTime=884259925, deviceId=-1, source=0x101 }
08-06 13:37:23.527 25666 25666 D AndroidRuntime: Shutting down VM
08-06 13:37:23.536 23918 23918 V MainActivity: url = https://project-travel-mate.herokuapp.com/api/number-of-unread-notifications
08-06 13:37:23.565 13866 13866 I GoogleInputMethodServic: GoogleInputMethodService.onFinishInput():3138 
08-06 13:37:23.565 13866 13866 I GoogleInputMethodServic: GoogleInputMethodService.onStartInput():1808 
08-06 13:37:23.753 23918 25389 I art     : Starting a blocking GC Explicit
08-06 13:37:23.811 23918 25389 I art     : Explicit concurrent mark sweep GC freed 2631(123KB) AllocSpace objects, 2(36KB) LOS objects, 10% free, 136MB/152MB, paused 1.446ms total 57.553ms
08-06 13:37:23.830 23918 25389 I art     : Starting a blocking GC Explicit
08-06 13:37:23.889 23918 25389 I art     : Explicit concurrent mark sweep GC freed 199(5KB) AllocSpace objects, 0(0B) LOS objects, 10% free, 136MB/152MB, paused 2.118ms total 58.478ms
08-06 13:37:23.909 23918 25389 I art     : Starting a blocking GC Explicit
08-06 13:37:23.916   380   380 W SurfaceFlinger: couldn't log to binary event log: overflow.
08-06 13:37:23.956 23918 25389 I art     : Explicit concurrent mark sweep GC freed 72(1792B) AllocSpace objects, 0(0B) LOS objects, 10% free, 136MB/152MB, paused 1.135ms total 46.337ms
08-06 13:37:23.973 23918 25389 I art     : Starting a blocking GC Explicit
08-06 13:37:24.018 23918 25389 I art     : Explicit concurrent mark sweep GC freed 9024(486KB) AllocSpace objects, 16(464KB) LOS objects, 10% free, 135MB/151MB, paused 1.667ms total 44.810ms
08-06 13:37:24.035 23918 25389 I art     : Starting a blocking GC Explicit
08-06 13:37:24.055 23918 25689 I NAPPA_EXPERIMENTATION: MetricNetworkRequestExecutionTime: REQUEST_DURATION_SYSTEM='516',REQUEST_DURATION_OKHTTP='33',REQUEST_SYNCHRONOUS='FALSE',RESPONSE_CODE='200',RESPONSE_METHOD='GET',RESPONSE_LENGTH_OKHTTP='36',RESPONSE_LENGTH_HEADER='36',REQUEST_PROTOCOL='http/1.1',REQUEST_URL='https://project-travel-mate.herokuapp.com/api/number-of-unread-notifications',
08-06 13:37:24.080 23918 25389 I art     : Explicit concurrent mark sweep GC freed 1180(131KB) AllocSpace objects, 0(0B) LOS objects, 10% free, 135MB/151MB, paused 1.216ms total 45.342ms
08-06 13:37:24.480 23918 24417 I art     : Starting a blocking GC Explicit
08-06 13:37:24.540 23918 24417 I art     : Explicit concurrent mark sweep GC freed 1719(97KB) AllocSpace objects, 2(36KB) LOS objects, 10% free, 135MB/151MB, paused 1.243ms total 59.683ms
08-06 13:37:24.560 23918 24417 I art     : Starting a blocking GC Explicit
08-06 13:37:24.605 23918 24417 I art     : Explicit concurrent mark sweep GC freed 28(1024B) AllocSpace objects, 0(0B) LOS objects, 10% free, 135MB/151MB, paused 1.131ms total 45.143ms
08-06 13:37:24.623 23918 24417 I art     : Starting a blocking GC Explicit
08-06 13:37:24.670 23918 24417 I art     : Explicit concurrent mark sweep GC freed 34(928B) AllocSpace objects, 0(0B) LOS objects, 10% free, 135MB/151MB, paused 1.141ms total 47.032ms
08-06 13:37:24.688 23918 24417 I art     : Starting a blocking GC Explicit
08-06 13:37:24.735 23918 24417 I art     : Explicit concurrent mark sweep GC freed 3(96B) AllocSpace objects, 0(0B) LOS objects, 10% free, 135MB/151MB, paused 1.139ms total 47.069ms
08-06 13:37:24.753 23918 24417 I art     : Starting a blocking GC Explicit
08-06 13:37:24.797 23918 24417 I art     : Explicit concurrent mark sweep GC freed 3(96B) AllocSpace objects, 0(0B) LOS objects, 10% free, 135MB/151MB, paused 1.112ms total 43.717ms
08-06 13:37:24.797 23918 23929 I art     : WaitForGcToComplete blocked for 15.985ms for cause HeapTrim
08-06 13:37:25.003 20760 20760 I ServiceManager: Waiting for service AtCmdFwd...
08-06 13:37:25.192 23918 23938 I art     : Starting a blocking GC Explicit
08-06 13:37:25.234 23918 23938 I art     : Explicit concurrent mark sweep GC freed 1586(92KB) AllocSpace objects, 2(36KB) LOS objects, 10% free, 135MB/151MB, paused 1.091ms total 41.189ms
08-06 13:37:25.254 23918 23938 I art     : Starting a blocking GC Explicit
08-06 13:37:25.287 25710 25710 D AndroidRuntime: >>>>>> START com.android.internal.os.RuntimeInit uid 2000 <<<<<<
08-06 13:37:25.293 25710 25710 D AndroidRuntime: CheckJNI is OFF
08-06 13:37:25.298 23918 23938 I art     : Explicit concurrent mark sweep GC freed 31(1120B) AllocSpace objects, 0(0B) LOS objects, 10% free, 135MB/151MB, paused 1.208ms total 43.285ms
08-06 13:37:25.316 23918 23938 I art     : Starting a blocking GC Explicit
08-06 13:37:25.332 25710 25710 D ICU     : No timezone override file found: /data/misc/zoneinfo/current/icu/icu_tzdata.dat
08-06 13:37:25.356 23918 23938 I art     : Explicit concurrent mark sweep GC freed 6(192B) AllocSpace objects, 0(0B) LOS objects, 10% free, 135MB/151MB, paused 1.099ms total 39.975ms
08-06 13:37:25.372 25710 25710 I Radio-JNI: register_android_hardware_Radio DONE
08-06 13:37:25.375 23918 23938 I art     : Starting a blocking GC Explicit
08-06 13:37:25.400 25710 25710 D AndroidRuntime: Calling main entry com.android.commands.input.Input
08-06 13:37:25.402 25710 25710 I Input   : injectMotionEvent: MotionEvent { action=ACTION_DOWN, actionButton=0, id[0]=0, x[0]=657.0, y[0]=2080.0, toolType[0]=TOOL_TYPE_UNKNOWN, buttonState=0, metaState=0, flags=0x0, edgeFlags=0x0, pointerCount=1, historySize=0, eventTime=884261814, downTime=884261814, deviceId=0, source=0x1002 }
08-06 13:37:25.410 25710 25710 I Input   : injectMotionEvent: MotionEvent { action=ACTION_UP, actionButton=0, id[0]=0, x[0]=657.0, y[0]=2080.0, toolType[0]=TOOL_TYPE_UNKNOWN, buttonState=0, metaState=0, flags=0x0, edgeFlags=0x0, pointerCount=1, historySize=0, eventTime=884261814, downTime=884261814, deviceId=0, source=0x1002 }
08-06 13:37:25.416 23918 23938 I art     : Explicit concurrent mark sweep GC freed 5(160B) AllocSpace objects, 0(0B) LOS objects, 10% free, 135MB/151MB, paused 1.070ms total 40.112ms
08-06 13:37:25.433 23918 23938 I art     : Starting a blocking GC Explicit
08-06 13:37:25.448 25710 25710 D AndroidRuntime: Shutting down VM
08-06 13:37:25.477 23918 23938 I art     : Explicit concurrent mark sweep GC freed 6(192B) AllocSpace objects, 0(0B) LOS objects, 10% free, 135MB/151MB, paused 1.280ms total 43.379ms
08-06 13:37:25.486   918  5132 I ActivityManager: START u0 {cmp=baseline.io.github.project_travel_mate/.utilities.UpcomingWeekendsActivity} from uid 10696 on display 0
08-06 13:37:25.487   512  2967 D audio_hw_primary: out_set_parameters: enter: usecase(1: low-latency-playback) kvpairs: routing=2
08-06 13:37:25.500   512  2967 D audio_hw_primary: select_devices: out_snd_device(2: speaker) in_snd_device(0: none)
08-06 13:37:25.500   512  2967 D msm8974_platform: platform_send_audio_calibration: sending audio calibration for snd_device(2) acdb_id(15)
08-06 13:37:25.501   512  2967 I soundtrigger: audio_extn_sound_trigger_update_device_status: device 0x2 of type 0 for Event 1
08-06 13:37:25.510   512  2967 D audio_hw_primary: enable_snd_device: snd_device(2: speaker)
08-06 13:37:25.511   918   937 W ProcessCpuTracker: Skipping unknown process pid 25719
08-06 13:37:25.511   918   937 W ProcessCpuTracker: Skipping unknown process pid 25721
08-06 13:37:25.511   918   937 W ProcessCpuTracker: Skipping unknown process pid 25722
08-06 13:37:25.512   512  2967 D audio_hw_primary: enable_audio_route: apply and update mixer path: low-latency-playback speaker
08-06 13:37:25.514 23918 24000 D Gabe    : call	returning from cache
08-06 13:37:25.516 23918 23918 V EXECUTING: https://project-travel-mate.herokuapp.com/api/get-upcoming-holidays/2020
08-06 13:37:25.519 23918 23918 V EXECUTING: https://project-travel-mate.herokuapp.com/api/get-upcoming-holidays/2020
08-06 13:37:25.600 13866 13866 I GoogleInputMethodServic: GoogleInputMethodService.onFinishInput():3138 
08-06 13:37:25.601 13866 13866 I GoogleInputMethodServic: GoogleInputMethodService.onStartInput():1808 
08-06 13:37:25.697   918   936 I ActivityManager: Displayed baseline.io.github.project_travel_mate/.utilities.UpcomingWeekendsActivity: +202ms
08-06 13:37:25.851 23918 23938 I art     : Starting a blocking GC Explicit
08-06 13:37:25.912 23918 23938 I art     : Explicit concurrent mark sweep GC freed 3616(195KB) AllocSpace objects, 2(36KB) LOS objects, 10% free, 140MB/156MB, paused 1.421ms total 61.072ms
08-06 13:37:25.934 23918 23938 I art     : Starting a blocking GC Explicit
08-06 13:37:25.953   380   380 W SurfaceFlinger: couldn't log to binary event log: overflow.
08-06 13:37:25.983 23918 23938 I art     : Explicit concurrent mark sweep GC freed 375(15KB) AllocSpace objects, 0(0B) LOS objects, 10% free, 140MB/156MB, paused 1.324ms total 48.801ms
08-06 13:37:25.999 23918 23938 I art     : Starting a blocking GC Explicit
08-06 13:37:26.003 20760 20760 I ServiceManager: Waiting for service AtCmdFwd...
08-06 13:37:26.043 23918 23938 I art     : Explicit concurrent mark sweep GC freed 1006(82KB) AllocSpace objects, 0(0B) LOS objects, 10% free, 140MB/156MB, paused 1.545ms total 43.061ms
08-06 13:37:26.048   512  2967 D audio_hw_primary: disable_audio_route: reset and update mixer path: low-latency-playback speaker
08-06 13:37:26.049   512  2967 D audio_hw_primary: disable_snd_device: snd_device(2: speaker)
08-06 13:37:26.058   512  2967 I soundtrigger: audio_extn_sound_trigger_update_device_status: device 0x2 of type 0 for Event 0
08-06 13:37:26.060 23918 23938 I art     : Starting a blocking GC Explicit
08-06 13:37:26.109 23918 23938 I art     : Explicit concurrent mark sweep GC freed 4385(185KB) AllocSpace objects, 4(240KB) LOS objects, 10% free, 140MB/156MB, paused 1.510ms total 48.669ms
08-06 13:37:26.121 23918 25736 I NAPPA_EXPERIMENTATION: MetricNetworkRequestExecutionTime: REQUEST_DURATION_SYSTEM='601',REQUEST_DURATION_OKHTTP='39',REQUEST_SYNCHRONOUS='FALSE',RESPONSE_CODE='200',RESPONSE_METHOD='GET',RESPONSE_LENGTH_OKHTTP='6426',RESPONSE_LENGTH_HEADER='6426',REQUEST_PROTOCOL='http/1.1',REQUEST_URL='https://project-travel-mate.herokuapp.com/api/get-upcoming-holidays/2020',
08-06 13:37:26.126 23918 23938 I art     : Starting a blocking GC Explicit
08-06 13:37:26.144 23918 25735 I NAPPA_EXPERIMENTATION: MetricNetworkRequestExecutionTime: REQUEST_DURATION_SYSTEM='627',REQUEST_DURATION_OKHTTP='63',REQUEST_SYNCHRONOUS='FALSE',RESPONSE_CODE='200',RESPONSE_METHOD='GET',RESPONSE_LENGTH_OKHTTP='6426',RESPONSE_LENGTH_HEADER='6426',REQUEST_PROTOCOL='http/1.1',REQUEST_URL='https://project-travel-mate.herokuapp.com/api/get-upcoming-holidays/2020',
08-06 13:37:26.170 23918 23938 I art     : Explicit concurrent mark sweep GC freed 2084(251KB) AllocSpace objects, 4(192KB) LOS objects, 10% free, 140MB/156MB, paused 1.128ms total 43.038ms
08-06 13:37:26.257 23918 23918 V Response: [{"month":"January","date":1,"day":"Wednesday","name":"New Year's Day","type":"Restricted"},{"month":"January","date":2,"day":"Thursday","name":"Guru Govind Singh Jayanti","type":"Restricted"},{"month":"January","date":14,"day":"Tuesday","name":"Lohri","type":"Restricted"},{"month":"January","date":15,"day":"Wednesday","name":"Pongal","type":"Restricted"},{"month":"January","date":15,"day":"Wednesday","name":"Makar Sankranti","type":"Restricted"},{"month":"January","date":25,"day":"Saturday","name":"Chinese New Year","type":"Observance"},{"month":"January","date":26,"day":"Sunday","name":"Republic Day","type":"Gazetted"},{"month":"January","date":30,"day":"Thursday","name":"Vasant Panchami","type":"Restricted"},{"month":"February","date":9,"day":"Sunday","name":"Guru Ravidas Jayanti","type":"Restricted"},{"month":"February","date":14,"day":"Friday","name":"Valentine's Day","type":"Observance"},{"month":"February","date":18,"day":"Tuesday","name":"Maharishi Dayanand Saraswati Jayanti","type":"Restricted"},{"month":"February","date":19,"day":"Wednesday","name":"Shivaji Jayanti","type":"Restricted"},{"month":"February","date":21,"day":"Friday","name":"Maha Shivaratri/Shivaratri","type":"Gazetted"},{"month":"March","date":9,"day":"Monday","name":"Holika Dahana","type":"Restricted"},{"month":"March","date":9,"day":"Monday","name":"Hazarat Ali's Birthday","type":"Restricted"},{"month":"March","date":10,"day":"Tuesday","name":"Holi","type":"Gazetted"},{"month":"March","date":20,"day":"Friday","name":"March Equinox","type":"Season"},{"month":"March","date":25,"day":"Wednesday","name":"Chaitra Sukhladi","type":"Restricted"},{"month":"April","date":2,"day":"Thursday","name":"Rama Navami","type":"Gazetted"},{"month":"April","date":6,"day":"Monday","name":"Mahavir Jayanti","type":"Gazetted"},{"month":"April","date":9,"day":"Thursday","name":"First day of Passover","type":"Observance"},{"month":"April","date":9,"day":"Thursday","name":"Maundy Thursday","type":"Observance,"},{"month":"April","date":10,"day":"Friday","name":"Good Friday","type":"Gazetted"},{"month":"April","date":12,"day":"Sunday","name":"Easter Day","type":"Restricted"},{"month":"April","date":13,"day":"Monday","name":"Vaisakhi","type":"Restricted"},{"month":"April","date":14,"day":"Tuesday","name":"Mesadi/Vaisakhadi","type":"Restricted"},{"month":"April","date":14,"day":"Tuesday","name":"Ambedkar Jayanti","type":"Central"},{"month":"May","date":1,"day":"Friday","name":"May Day","type":"Observance"},{"month":"May","date":7,"day":"Thursday","name":"Buddha Purnima/Vesak","type":"Gazetted"},{"month":"May","date":7,"day":"Thursday","name":"Birthday of Ravindranath","type":"Restricted"},{"month":"May","date":10,"day":"Sunday","name":"Mother's Day","type":"Observance"},{"month":"May","date":22,"day":"Friday","name":"Jamat Ul-Vida","type":"Restricted"},{"month":"May","date":25,"day":"Monday","name":"Ramzan Id/Eid-ul-Fitar","type":"Gazetted"},{"month":"May","date":25,"day":"Monday","name":"Ramzan Id/Eid-ul-Fitar","type":"Muslim,"},{"month":"June","date":21,"day":"Sunday","name":"June Solstice","type":"Season"},{"month":"June","date":21,"day":"Sunday","name":"Father's Day","type":"Observance"},{"month":"June","date":23,"day":"Tuesday","name":"Rath Yatra","type":"Restricted"},{"month":"July","date":5,"day":"Sunday","name":"Guru Purnima","type":"Observance"},{"month":"July","date":31,"day":"Friday","name":"Bakr Id/Eid ul-Adha","type":"Gazetted"},{"month":"August","date":2,"day":"Sunday","name":"Friendship Day","type":"Observance"},{"month":"August","date":3,"day":"Monday","name":"Raksha Bandhan (Rakhi)","type":"Restricted"},{"month":"August","date":11,"day":"Tuesday","name":"Janmashtami (Smarta)","type":"Restricted"},{"month":"August","date":12,"day":"Wednesday","name":"Janmashtami","type":"Gazetted"},{"month":"August","date":15,"day":"Saturday","name":"Independence Day","type":"Gazetted"},{"month":"August","date":16,"day":"Sunday","name":"Parsi New Year","type":"Restricted"},{"month":"August","date":22,"day":"Saturday","name":"Ganesh Chaturthi/Vin
08-06 13:37:26.261 23918 23918 V Response: [{"month":"January","date":1,"day":"Wednesday","name":"New Year's Day","type":"Restricted"},{"month":"January","date":2,"day":"Thursday","name":"Guru Govind Singh Jayanti","type":"Restricted"},{"month":"January","date":14,"day":"Tuesday","name":"Lohri","type":"Restricted"},{"month":"January","date":15,"day":"Wednesday","name":"Pongal","type":"Restricted"},{"month":"January","date":15,"day":"Wednesday","name":"Makar Sankranti","type":"Restricted"},{"month":"January","date":25,"day":"Saturday","name":"Chinese New Year","type":"Observance"},{"month":"January","date":26,"day":"Sunday","name":"Republic Day","type":"Gazetted"},{"month":"January","date":30,"day":"Thursday","name":"Vasant Panchami","type":"Restricted"},{"month":"February","date":9,"day":"Sunday","name":"Guru Ravidas Jayanti","type":"Restricted"},{"month":"February","date":14,"day":"Friday","name":"Valentine's Day","type":"Observance"},{"month":"February","date":18,"day":"Tuesday","name":"Maharishi Dayanand Saraswati Jayanti","type":"Restricted"},{"month":"February","date":19,"day":"Wednesday","name":"Shivaji Jayanti","type":"Restricted"},{"month":"February","date":21,"day":"Friday","name":"Maha Shivaratri/Shivaratri","type":"Gazetted"},{"month":"March","date":9,"day":"Monday","name":"Holika Dahana","type":"Restricted"},{"month":"March","date":9,"day":"Monday","name":"Hazarat Ali's Birthday","type":"Restricted"},{"month":"March","date":10,"day":"Tuesday","name":"Holi","type":"Gazetted"},{"month":"March","date":20,"day":"Friday","name":"March Equinox","type":"Season"},{"month":"March","date":25,"day":"Wednesday","name":"Chaitra Sukhladi","type":"Restricted"},{"month":"April","date":2,"day":"Thursday","name":"Rama Navami","type":"Gazetted"},{"month":"April","date":6,"day":"Monday","name":"Mahavir Jayanti","type":"Gazetted"},{"month":"April","date":9,"day":"Thursday","name":"First day of Passover","type":"Observance"},{"month":"April","date":9,"day":"Thursday","name":"Maundy Thursday","type":"Observance,"},{"month":"April","date":10,"day":"Friday","name":"Good Friday","type":"Gazetted"},{"month":"April","date":12,"day":"Sunday","name":"Easter Day","type":"Restricted"},{"month":"April","date":13,"day":"Monday","name":"Vaisakhi","type":"Restricted"},{"month":"April","date":14,"day":"Tuesday","name":"Mesadi/Vaisakhadi","type":"Restricted"},{"month":"April","date":14,"day":"Tuesday","name":"Ambedkar Jayanti","type":"Central"},{"month":"May","date":1,"day":"Friday","name":"May Day","type":"Observance"},{"month":"May","date":7,"day":"Thursday","name":"Buddha Purnima/Vesak","type":"Gazetted"},{"month":"May","date":7,"day":"Thursday","name":"Birthday of Ravindranath","type":"Restricted"},{"month":"May","date":10,"day":"Sunday","name":"Mother's Day","type":"Observance"},{"month":"May","date":22,"day":"Friday","name":"Jamat Ul-Vida","type":"Restricted"},{"month":"May","date":25,"day":"Monday","name":"Ramzan Id/Eid-ul-Fitar","type":"Gazetted"},{"month":"May","date":25,"day":"Monday","name":"Ramzan Id/Eid-ul-Fitar","type":"Muslim,"},{"month":"June","date":21,"day":"Sunday","name":"June Solstice","type":"Season"},{"month":"June","date":21,"day":"Sunday","name":"Father's Day","type":"Observance"},{"month":"June","date":23,"day":"Tuesday","name":"Rath Yatra","type":"Restricted"},{"month":"July","date":5,"day":"Sunday","name":"Guru Purnima","type":"Observance"},{"month":"July","date":31,"day":"Friday","name":"Bakr Id/Eid ul-Adha","type":"Gazetted"},{"month":"August","date":2,"day":"Sunday","name":"Friendship Day","type":"Observance"},{"month":"August","date":3,"day":"Monday","name":"Raksha Bandhan (Rakhi)","type":"Restricted"},{"month":"August","date":11,"day":"Tuesday","name":"Janmashtami (Smarta)","type":"Restricted"},{"month":"August","date":12,"day":"Wednesday","name":"Janmashtami","type":"Gazetted"},{"month":"August","date":15,"day":"Saturday","name":"Independence Day","type":"Gazetted"},{"month":"August","date":16,"day":"Sunday","name":"Parsi New Year","type":"Restricted"},{"month":"August","date":22,"day":"Saturday","name":"Ganesh Chaturthi/Vin
08-06 13:37:26.552 23918 23931 I art     : Starting a blocking GC Explicit
08-06 13:37:26.606 23918 23931 I art     : Explicit concurrent mark sweep GC freed 11341(438KB) AllocSpace objects, 4(4MB) LOS objects, 10% free, 136MB/152MB, paused 1.226ms total 53.782ms
08-06 13:37:26.624 23918 23931 I art     : Starting a blocking GC Explicit
08-06 13:37:26.675 23918 23931 I art     : Explicit concurrent mark sweep GC freed 436(14KB) AllocSpace objects, 0(0B) LOS objects, 10% free, 136MB/152MB, paused 1.223ms total 50.845ms
08-06 13:37:26.694 23918 23931 I art     : Starting a blocking GC Explicit
08-06 13:37:26.745 23918 23931 I art     : Explicit concurrent mark sweep GC freed 99(1696B) AllocSpace objects, 0(0B) LOS objects, 10% free, 136MB/152MB, paused 1.230ms total 50.782ms
08-06 13:37:26.763 23918 23931 I art     : Starting a blocking GC Explicit
08-06 13:37:26.814 23918 23931 I art     : Explicit concurrent mark sweep GC freed 99(1696B) AllocSpace objects, 0(0B) LOS objects, 10% free, 136MB/152MB, paused 1.145ms total 50.558ms
08-06 13:37:26.832 23918 23931 I art     : Starting a blocking GC Explicit
08-06 13:37:26.884 23918 23931 I art     : Explicit concurrent mark sweep GC freed 99(1696B) AllocSpace objects, 0(0B) LOS objects, 10% free, 136MB/152MB, paused 1.130ms total 51.708ms
08-06 13:37:27.003 20760 20760 I ServiceManager: Waiting for service AtCmdFwd...
08-06 13:37:27.290 23918 25389 I art     : Starting a blocking GC Explicit
08-06 13:37:27.379 23918 25389 I art     : Explicit concurrent mark sweep GC freed 2302(103KB) AllocSpace objects, 2(36KB) LOS objects, 10% free, 136MB/152MB, paused 1.681ms total 88.237ms
08-06 13:37:27.403 23918 25389 I art     : Starting a blocking GC Explicit
08-06 13:37:27.451 23918 25389 I art     : Explicit concurrent mark sweep GC freed 123(2592B) AllocSpace objects, 0(0B) LOS objects, 10% free, 136MB/152MB, paused 1.229ms total 47.139ms
08-06 13:37:27.468 23918 25389 I art     : Starting a blocking GC Explicit
08-06 13:37:27.518 23918 25389 I art     : Explicit concurrent mark sweep GC freed 100(1728B) AllocSpace objects, 0(0B) LOS objects, 10% free, 136MB/152MB, paused 1.294ms total 49.058ms
08-06 13:37:27.536 23918 25389 I art     : Starting a blocking GC Explicit
08-06 13:37:27.590 23918 25389 I art     : Explicit concurrent mark sweep GC freed 99(1696B) AllocSpace objects, 0(0B) LOS objects, 10% free, 136MB/152MB, paused 1.254ms total 53.530ms
08-06 13:37:27.611 23918 25389 I art     : Starting a blocking GC Explicit
08-06 13:37:27.663 23918 25389 I art     : Explicit concurrent mark sweep GC freed 157(3024B) AllocSpace objects, 0(0B) LOS objects, 10% free, 136MB/152MB, paused 1.201ms total 51.266ms
08-06 13:37:27.708   518   646 I ThermalEngine: ACTION: GPU - Setting GPU[0] to 390000000
08-06 13:37:28.004 20760 20760 I ServiceManager: Waiting for service AtCmdFwd...
08-06 13:37:28.114 23918 23938 I art     : Starting a blocking GC Explicit
08-06 13:37:28.179 23918 23938 I art     : Explicit concurrent mark sweep GC freed 2335(104KB) AllocSpace objects, 2(36KB) LOS objects, 10% free, 136MB/152MB, paused 1.845ms total 63.856ms
08-06 13:37:28.207 23918 23938 I art     : Starting a blocking GC Explicit
08-06 13:37:28.267 23918 23938 I art     : Explicit concurrent mark sweep GC freed 163(3KB) AllocSpace objects, 0(0B) LOS objects, 10% free, 136MB/152MB, paused 1.774ms total 59.556ms
08-06 13:37:28.291 23918 23938 I art     : Starting a blocking GC Explicit
08-06 13:37:28.354 23918 23938 I art     : Explicit concurrent mark sweep GC freed 123(2096B) AllocSpace objects, 0(0B) LOS objects, 10% free, 136MB/152MB, paused 1.776ms total 62.368ms
08-06 13:37:28.378 23918 23938 I art     : Starting a blocking GC Explicit
08-06 13:37:28.440 23918 23938 I art     : Explicit concurrent mark sweep GC freed 127(2224B) AllocSpace objects, 0(0B) LOS objects, 10% free, 136MB/152MB, paused 1.933ms total 61.877ms
08-06 13:37:28.466 23918 23938 I art     : Starting a blocking GC Explicit
08-06 13:37:28.528 23918 23938 I art     : Explicit concurrent mark sweep GC freed 156(2976B) AllocSpace objects, 0(0B) LOS objects, 10% free, 136MB/152MB, paused 1.848ms total 61.830ms
08-06 13:37:28.702   518   646 I ThermalEngine: ACTION: GPU - Setting GPU[0] to 450000000
08-06 13:37:28.957 23918 24417 I art     : Starting a blocking GC Explicit
08-06 13:37:29.005 20760 20760 I ServiceManager: Waiting for service AtCmdFwd...
08-06 13:37:29.036 23918 24417 I art     : Explicit concurrent mark sweep GC freed 2369(106KB) AllocSpace objects, 2(36KB) LOS objects, 10% free, 136MB/152MB, paused 1.202ms total 79.172ms
08-06 13:37:29.054 23918 24417 I art     : Starting a blocking GC Explicit
08-06 13:37:29.105 23918 24417 I art     : Explicit concurrent mark sweep GC freed 152(4KB) AllocSpace objects, 0(0B) LOS objects, 10% free, 136MB/152MB, paused 1.149ms total 50.744ms
08-06 13:37:29.124 23918 24417 I art     : Starting a blocking GC Explicit
08-06 13:37:29.178 23918 24417 I art     : Explicit concurrent mark sweep GC freed 123(2096B) AllocSpace objects, 0(0B) LOS objects, 10% free, 136MB/152MB, paused 1.257ms total 53.808ms
08-06 13:37:29.197 23918 24417 I art     : Starting a blocking GC Explicit
08-06 13:37:29.251 23918 24417 I art     : Explicit concurrent mark sweep GC freed 100(1728B) AllocSpace objects, 0(0B) LOS objects, 10% free, 136MB/152MB, paused 1.234ms total 54.136ms
08-06 13:37:29.273 23918 24417 I art     : Starting a blocking GC Explicit
08-06 13:37:29.326 23918 24417 I art     : Explicit concurrent mark sweep GC freed 116(1952B) AllocSpace objects, 0(0B) LOS objects, 10% free, 136MB/152MB, paused 1.260ms total 52.003ms
08-06 13:37:29.748 23918 23930 I art     : Starting a blocking GC Explicit
08-06 13:37:29.801 23918 23930 I art     : Explicit concurrent mark sweep GC freed 2292(103KB) AllocSpace objects, 2(36KB) LOS objects, 10% free, 136MB/152MB, paused 1.191ms total 53.163ms
08-06 13:37:29.820 23918 23930 I art     : Starting a blocking GC Explicit
08-06 13:37:29.872 23918 23930 I art     : Explicit concurrent mark sweep GC freed 124(2624B) AllocSpace objects, 0(0B) LOS objects, 10% free, 136MB/152MB, paused 1.246ms total 51.435ms
08-06 13:37:29.890 23918 23930 I art     : Starting a blocking GC Explicit
08-06 13:37:29.942 23918 23930 I art     : Explicit concurrent mark sweep GC freed 98(1664B) AllocSpace objects, 0(0B) LOS objects, 10% free, 136MB/152MB, paused 1.416ms total 51.495ms
08-06 13:37:29.960 23918 23930 I art     : Starting a blocking GC Explicit
08-06 13:37:30.005 20760 20760 W Atfwd_Sendcmd: AtCmdFwd service not published, waiting... retryCnt : 4
08-06 13:37:30.011 23918 23930 I art     : Explicit concurrent mark sweep GC freed 108(1856B) AllocSpace objects, 0(0B) LOS objects, 10% free, 136MB/152MB, paused 1.295ms total 50.738ms
08-06 13:37:30.030 23918 23930 I art     : Starting a blocking GC Explicit
08-06 13:37:30.081 23918 23930 I art     : Explicit concurrent mark sweep GC freed 115(1968B) AllocSpace objects, 0(0B) LOS objects, 10% free, 136MB/152MB, paused 1.235ms total 50.713ms
08-06 13:37:30.233 25799 25799 D AndroidRuntime: >>>>>> START com.android.internal.os.RuntimeInit uid 2000 <<<<<<
08-06 13:37:30.240 25799 25799 D AndroidRuntime: CheckJNI is OFF
08-06 13:37:30.282 25799 25799 D ICU     : No timezone override file found: /data/misc/zoneinfo/current/icu/icu_tzdata.dat
08-06 13:37:30.324 25799 25799 I Radio-JNI: register_android_hardware_Radio DONE
08-06 13:37:30.351 25799 25799 D AndroidRuntime: Calling main entry com.android.commands.input.Input
08-06 13:37:30.353 25799 25799 I Input   : injectKeyEvent: KeyEvent { action=ACTION_DOWN, keyCode=KEYCODE_BACK, scanCode=0, metaState=0, flags=0x0, repeatCount=0, eventTime=884266766, downTime=884266766, deviceId=-1, source=0x101 }
08-06 13:37:30.368 25799 25799 I Input   : injectKeyEvent: KeyEvent { action=ACTION_UP, keyCode=KEYCODE_BACK, scanCode=0, metaState=0, flags=0x0, repeatCount=0, eventTime=884266766, downTime=884266766, deviceId=-1, source=0x101 }
08-06 13:37:30.376 25799 25799 D AndroidRuntime: Shutting down VM
08-06 13:37:30.390 23918 23918 V MainActivity: url = https://project-travel-mate.herokuapp.com/api/number-of-unread-notifications
08-06 13:37:30.419 13866 13866 I GoogleInputMethodServic: GoogleInputMethodService.onFinishInput():3138 
08-06 13:37:30.419 13866 13866 I GoogleInputMethodServic: GoogleInputMethodService.onStartInput():1808 
08-06 13:37:30.515 23918 24417 I art     : Starting a blocking GC Explicit
08-06 13:37:30.560 23918 24417 I art     : Explicit concurrent mark sweep GC freed 2631(122KB) AllocSpace objects, 2(36KB) LOS objects, 10% free, 136MB/152MB, paused 1.224ms total 43.889ms
08-06 13:37:30.577 23918 24417 I art     : Starting a blocking GC Explicit
08-06 13:37:30.621 23918 24417 I art     : Explicit concurrent mark sweep GC freed 174(5KB) AllocSpace objects, 0(0B) LOS objects, 10% free, 136MB/152MB, paused 1.193ms total 44.113ms
08-06 13:37:30.639 23918 24417 I art     : Starting a blocking GC Explicit
08-06 13:37:30.686 23918 24417 I art     : Explicit concurrent mark sweep GC freed 133(2688B) AllocSpace objects, 0(0B) LOS objects, 10% free, 136MB/152MB, paused 1.179ms total 46.538ms
08-06 13:37:30.704 23918 24417 I art     : Starting a blocking GC Explicit
08-06 13:37:30.740   380   380 W SurfaceFlinger: couldn't log to binary event log: overflow.
08-06 13:37:30.749 23918 24417 I art     : Explicit concurrent mark sweep GC freed 114(2336B) AllocSpace objects, 0(0B) LOS objects, 10% free, 136MB/152MB, paused 1.122ms total 44.410ms
08-06 13:37:30.767 23918 24417 I art     : Starting a blocking GC Explicit
08-06 13:37:30.818 23918 24417 I art     : Explicit concurrent mark sweep GC freed 13(496B) AllocSpace objects, 1(188KB) LOS objects, 10% free, 136MB/152MB, paused 1.257ms total 50.599ms
08-06 13:37:31.026 23918 25822 I NAPPA_EXPERIMENTATION: MetricNetworkRequestExecutionTime: REQUEST_DURATION_SYSTEM='634',REQUEST_DURATION_OKHTTP='34',REQUEST_SYNCHRONOUS='FALSE',RESPONSE_CODE='200',RESPONSE_METHOD='GET',RESPONSE_LENGTH_OKHTTP='36',RESPONSE_LENGTH_HEADER='36',REQUEST_PROTOCOL='http/1.1',REQUEST_URL='https://project-travel-mate.herokuapp.com/api/number-of-unread-notifications',
08-06 13:37:31.204 23918 23931 I art     : Starting a blocking GC Explicit
08-06 13:37:31.270 23918 23931 I art     : Explicit concurrent mark sweep GC freed 11006(599KB) AllocSpace objects, 18(500KB) LOS objects, 10% free, 136MB/152MB, paused 1.360ms total 64.987ms
08-06 13:37:31.292 23918 23931 I art     : Starting a blocking GC Explicit
08-06 13:37:31.341 23918 23931 I art     : Explicit concurrent mark sweep GC freed 962(117KB) AllocSpace objects, 0(0B) LOS objects, 10% free, 136MB/152MB, paused 1.279ms total 48.912ms
08-06 13:37:31.359 23918 23931 I art     : Starting a blocking GC Explicit
08-06 13:37:31.408 23918 23931 I art     : Explicit concurrent mark sweep GC freed 3(96B) AllocSpace objects, 0(0B) LOS objects, 10% free, 136MB/152MB, paused 1.531ms total 47.939ms
08-06 13:37:31.425 23918 23931 I art     : Starting a blocking GC Explicit
08-06 13:37:31.474 23918 23931 I art     : Explicit concurrent mark sweep GC freed 3(96B) AllocSpace objects, 0(0B) LOS objects, 10% free, 136MB/152MB, paused 1.198ms total 48.275ms
08-06 13:37:31.492 23918 23931 I art     : Starting a blocking GC Explicit
08-06 13:37:31.541 23918 23931 I art     : Explicit concurrent mark sweep GC freed 3(96B) AllocSpace objects, 0(0B) LOS objects, 10% free, 136MB/152MB, paused 1.198ms total 48.560ms
08-06 13:37:31.921 23918 25389 I art     : Starting a blocking GC Explicit
08-06 13:37:31.981 23918 25389 I art     : Explicit concurrent mark sweep GC freed 1635(93KB) AllocSpace objects, 2(36KB) LOS objects, 10% free, 136MB/152MB, paused 1.447ms total 59.414ms
08-06 13:37:31.999 23918 25389 I art     : Starting a blocking GC Explicit
08-06 13:37:32.048 23918 25389 I art     : Explicit concurrent mark sweep GC freed 48(2080B) AllocSpace objects, 0(0B) LOS objects, 10% free, 136MB/152MB, paused 1.345ms total 48.327ms
08-06 13:37:32.067 23918 25389 I art     : Starting a blocking GC Explicit
08-06 13:37:32.111 23918 25389 I art     : Explicit concurrent mark sweep GC freed 5(160B) AllocSpace objects, 0(0B) LOS objects, 10% free, 136MB/152MB, paused 1.143ms total 43.978ms
08-06 13:37:32.128 23918 25389 I art     : Starting a blocking GC Explicit
08-06 13:37:32.169 23918 25389 I art     : Explicit concurrent mark sweep GC freed 7(224B) AllocSpace objects, 0(0B) LOS objects, 10% free, 136MB/152MB, paused 1.278ms total 40.998ms
08-06 13:37:32.174 25834 25834 D AndroidRuntime: >>>>>> START com.android.internal.os.RuntimeInit uid 2000 <<<<<<
08-06 13:37:32.179 25834 25834 D AndroidRuntime: CheckJNI is OFF
08-06 13:37:32.187 23918 25389 I art     : Starting a blocking GC Explicit
08-06 13:37:32.219 25834 25834 D ICU     : No timezone override file found: /data/misc/zoneinfo/current/icu/icu_tzdata.dat
08-06 13:37:32.234 23918 25389 I art     : Explicit concurrent mark sweep GC freed 5(160B) AllocSpace objects, 0(0B) LOS objects, 10% free, 136MB/152MB, paused 1.217ms total 46.683ms
08-06 13:37:32.259 25834 25834 I Radio-JNI: register_android_hardware_Radio DONE
08-06 13:37:32.287 25834 25834 D AndroidRuntime: Calling main entry com.android.commands.input.Input
08-06 13:37:32.289 25834 25834 I Input   : injectMotionEvent: MotionEvent { action=ACTION_DOWN, actionButton=0, id[0]=0, x[0]=117.0, y[0]=170.0, toolType[0]=TOOL_TYPE_UNKNOWN, buttonState=0, metaState=0, flags=0x0, edgeFlags=0x0, pointerCount=1, historySize=0, eventTime=884268702, downTime=884268702, deviceId=0, source=0x1002 }
08-06 13:37:32.310 25834 25834 I Input   : injectMotionEvent: MotionEvent { action=ACTION_UP, actionButton=0, id[0]=0, x[0]=117.0, y[0]=170.0, toolType[0]=TOOL_TYPE_UNKNOWN, buttonState=0, metaState=0, flags=0x0, edgeFlags=0x0, pointerCount=1, historySize=0, eventTime=884268702, downTime=884268702, deviceId=0, source=0x1002 }
08-06 13:37:32.345 25834 25834 D AndroidRuntime: Shutting down VM
08-06 13:37:32.363   512  2967 D audio_hw_primary: out_set_parameters: enter: usecase(1: low-latency-playback) kvpairs: routing=2
08-06 13:37:32.376   512  2967 D audio_hw_primary: select_devices: out_snd_device(2: speaker) in_snd_device(0: none)
08-06 13:37:32.376   512  2967 D msm8974_platform: platform_send_audio_calibration: sending audio calibration for snd_device(2) acdb_id(15)
08-06 13:37:32.376   512  2967 I soundtrigger: audio_extn_sound_trigger_update_device_status: device 0x2 of type 0 for Event 1
08-06 13:37:32.386   512  2967 D audio_hw_primary: enable_snd_device: snd_device(2: speaker)
08-06 13:37:32.388   512  2967 D audio_hw_primary: enable_audio_route: apply and update mixer path: low-latency-playback speaker
08-06 13:37:32.626 23918 23931 I art     : Starting a blocking GC Explicit
08-06 13:37:32.669 23918 23931 I art     : Explicit concurrent mark sweep GC freed 2074(115KB) AllocSpace objects, 2(36KB) LOS objects, 10% free, 136MB/152MB, paused 1.093ms total 42.824ms
08-06 13:37:32.686 23918 23931 I art     : Starting a blocking GC Explicit
08-06 13:37:32.727 23918 23931 I art     : Explicit concurrent mark sweep GC freed 68(2464B) AllocSpace objects, 0(0B) LOS objects, 10% free, 136MB/152MB, paused 1.355ms total 41.196ms
08-06 13:37:32.744 23918 23931 I art     : Starting a blocking GC Explicit
08-06 13:37:32.785 23918 23931 I art     : Explicit concurrent mark sweep GC freed 3(96B) AllocSpace objects, 0(0B) LOS objects, 10% free, 136MB/152MB, paused 1.127ms total 40.570ms
08-06 13:37:32.802 23918 23931 I art     : Starting a blocking GC Explicit
08-06 13:37:32.844 23918 23931 I art     : Explicit concurrent mark sweep GC freed 9(288B) AllocSpace objects, 0(0B) LOS objects, 10% free, 136MB/152MB, paused 1.102ms total 41.654ms
08-06 13:37:32.863 23918 23931 I art     : Starting a blocking GC Explicit
08-06 13:37:32.905 23918 23931 I art     : Explicit concurrent mark sweep GC freed 6(224B) AllocSpace objects, 0(0B) LOS objects, 10% free, 136MB/152MB, paused 1.125ms total 42.461ms
08-06 13:37:32.918   512  2967 D audio_hw_primary: disable_audio_route: reset and update mixer path: low-latency-playback speaker
08-06 13:37:32.919   512  2967 D audio_hw_primary: disable_snd_device: snd_device(2: speaker)
08-06 13:37:32.928   512  2967 I soundtrigger: audio_extn_sound_trigger_update_device_status: device 0x2 of type 0 for Event 0
08-06 13:37:33.087 25867 25867 D AndroidRuntime: >>>>>> START com.android.internal.os.RuntimeInit uid 2000 <<<<<<
08-06 13:37:33.093 25867 25867 D AndroidRuntime: CheckJNI is OFF
08-06 13:37:33.133 25867 25867 D ICU     : No timezone override file found: /data/misc/zoneinfo/current/icu/icu_tzdata.dat
08-06 13:37:33.175 25867 25867 I Radio-JNI: register_android_hardware_Radio DONE
08-06 13:37:33.205 25867 25867 D AndroidRuntime: Calling main entry com.android.commands.input.Input
08-06 13:37:33.207 25867 25867 I Input   : injectMotionEvent: MotionEvent { action=ACTION_DOWN, actionButton=0, id[0]=0, x[0]=405.0, y[0]=661.0, toolType[0]=TOOL_TYPE_UNKNOWN, buttonState=0, metaState=0, flags=0x0, edgeFlags=0x0, pointerCount=1, historySize=0, eventTime=884269619, downTime=884269619, deviceId=0, source=0x1002 }
08-06 13:37:33.211 25867 25867 I Input   : injectMotionEvent: MotionEvent { action=ACTION_UP, actionButton=0, id[0]=0, x[0]=405.0, y[0]=661.0, toolType[0]=TOOL_TYPE_UNKNOWN, buttonState=0, metaState=0, flags=0x0, edgeFlags=0x0, pointerCount=1, historySize=0, eventTime=884269619, downTime=884269619, deviceId=0, source=0x1002 }
08-06 13:37:33.214 25867 25867 D AndroidRuntime: Shutting down VM
08-06 13:37:33.236   512  2967 D audio_hw_primary: out_set_parameters: enter: usecase(1: low-latency-playback) kvpairs: routing=2
08-06 13:37:33.249   512  2967 D audio_hw_primary: select_devices: out_snd_device(2: speaker) in_snd_device(0: none)
08-06 13:37:33.249   512  2967 D msm8974_platform: platform_send_audio_calibration: sending audio calibration for snd_device(2) acdb_id(15)
08-06 13:37:33.249   512  2967 I soundtrigger: audio_extn_sound_trigger_update_device_status: device 0x2 of type 0 for Event 1
08-06 13:37:33.259   512  2967 D audio_hw_primary: enable_snd_device: snd_device(2: speaker)
08-06 13:37:33.261   512  2967 D audio_hw_primary: enable_audio_route: apply and update mixer path: low-latency-playback speaker
08-06 13:37:33.292 23918 23938 I art     : Waiting for a blocking GC Explicit
08-06 13:37:33.303   512  2967 D AudioFlinger: mixer(0xf4740000) throttle end: throttle time(12)
08-06 13:37:33.326 23918 23938 I art     : WaitForGcToComplete blocked for 33.116ms for cause Explicit
08-06 13:37:33.326 23918 23938 I art     : Starting a blocking GC Explicit
08-06 13:37:33.372 23918 23938 I art     : Explicit concurrent mark sweep GC freed 43(1472B) AllocSpace objects, 0(0B) LOS objects, 8% free, 167MB/183MB, paused 1.347ms total 46.001ms
08-06 13:37:33.389 23918 23938 I art     : Starting a blocking GC Explicit
08-06 13:37:33.435 23918 23938 I art     : Explicit concurrent mark sweep GC freed 3(96B) AllocSpace objects, 0(0B) LOS objects, 8% free, 167MB/183MB, paused 1.301ms total 45.892ms
08-06 13:37:33.453 23918 23938 I art     : Starting a blocking GC Explicit
08-06 13:37:33.499 23918 23938 I art     : Explicit concurrent mark sweep GC freed 3(96B) AllocSpace objects, 0(0B) LOS objects, 8% free, 167MB/183MB, paused 1.346ms total 45.739ms
08-06 13:37:33.517 23918 23938 I art     : Starting a blocking GC Explicit
08-06 13:37:33.565 23918 23938 I art     : Explicit concurrent mark sweep GC freed 38(17KB) AllocSpace objects, 0(0B) LOS objects, 8% free, 169MB/185MB, paused 1.515ms total 47.493ms
08-06 13:37:33.582 23918 23938 I art     : Starting a blocking GC Explicit
08-06 13:37:33.629 23918 23938 I art     : Explicit concurrent mark sweep GC freed 20(9KB) AllocSpace objects, 0(0B) LOS objects, 8% free, 177MB/193MB, paused 1.392ms total 46.629ms
08-06 13:37:33.715   518   646 I ThermalEngine: ACTION: GPU - Setting GPU[0] to 390000000
08-06 13:37:33.789   512  2967 D audio_hw_primary: disable_audio_route: reset and update mixer path: low-latency-playback speaker
08-06 13:37:33.790   512  2967 D audio_hw_primary: disable_snd_device: snd_device(2: speaker)
08-06 13:37:33.798   512  2967 I soundtrigger: audio_extn_sound_trigger_update_device_status: device 0x2 of type 0 for Event 0
08-06 13:37:34.047 23918 25389 I art     : Starting a blocking GC Explicit
08-06 13:37:34.121 23918 25389 I art     : Explicit concurrent mark sweep GC freed 3162(163KB) AllocSpace objects, 11(288KB) LOS objects, 8% free, 182MB/198MB, paused 2.272ms total 73.483ms
08-06 13:37:34.149 23918 25389 I art     : Starting a blocking GC Explicit
08-06 13:37:34.214 23918 25389 I art     : Explicit concurrent mark sweep GC freed 872(49KB) AllocSpace objects, 0(0B) LOS objects, 8% free, 182MB/198MB, paused 1.997ms total 64.397ms
08-06 13:37:34.241 23918 25389 I art     : Starting a blocking GC Explicit
08-06 13:37:34.308 23918 25389 I art     : Explicit concurrent mark sweep GC freed 3(96B) AllocSpace objects, 0(0B) LOS objects, 8% free, 182MB/198MB, paused 1.972ms total 65.871ms
08-06 13:37:34.336 23918 25389 I art     : Starting a blocking GC Explicit
08-06 13:37:34.408 23918 25389 I art     : Explicit concurrent mark sweep GC freed 3(96B) AllocSpace objects, 0(0B) LOS objects, 8% free, 182MB/198MB, paused 4.592ms total 71.968ms
08-06 13:37:34.435 23918 25389 I art     : Starting a blocking GC Explicit
08-06 13:37:34.503 23918 25389 I art     : Explicit concurrent mark sweep GC freed 3(96B) AllocSpace objects, 0(0B) LOS objects, 8% free, 182MB/198MB, paused 2.126ms total 67.285ms
08-06 13:37:34.980 23918 23938 I art     : Starting a blocking GC Explicit
08-06 13:37:35.054 23918 23938 I art     : Explicit concurrent mark sweep GC freed 1635(93KB) AllocSpace objects, 2(36KB) LOS objects, 8% free, 182MB/198MB, paused 2.027ms total 73.433ms
08-06 13:37:35.082 23918 23938 I art     : Starting a blocking GC Explicit
08-06 13:37:35.148 23918 23938 I art     : Explicit concurrent mark sweep GC freed 55(2512B) AllocSpace objects, 0(0B) LOS objects, 8% free, 182MB/198MB, paused 1.987ms total 65.895ms
08-06 13:37:35.176 23918 23938 I art     : Starting a blocking GC Explicit
08-06 13:37:35.242 23918 23938 I art     : Explicit concurrent mark sweep GC freed 3(96B) AllocSpace objects, 0(0B) LOS objects, 8% free, 182MB/198MB, paused 2.122ms total 65.522ms
08-06 13:37:35.271 23918 23938 I art     : Starting a blocking GC Explicit
08-06 13:37:35.335 23918 23938 I art     : Explicit concurrent mark sweep GC freed 3(96B) AllocSpace objects, 0(0B) LOS objects, 8% free, 182MB/198MB, paused 2.035ms total 64.050ms
08-06 13:37:35.364 23918 23938 I art     : Starting a blocking GC Explicit
08-06 13:37:35.428 23918 23938 I art     : Explicit concurrent mark sweep GC freed 3(96B) AllocSpace objects, 0(0B) LOS objects, 8% free, 182MB/198MB, paused 2.247ms total 63.189ms
08-06 13:37:35.716   518   646 I ThermalEngine: ACTION: GPU - Setting GPU[0] to 450000000
08-06 13:37:35.847 23918 24417 I art     : Starting a blocking GC Explicit
08-06 13:37:35.904 23918 24417 I art     : Explicit concurrent mark sweep GC freed 1613(92KB) AllocSpace objects, 2(36KB) LOS objects, 8% free, 182MB/198MB, paused 1.232ms total 56.861ms
08-06 13:37:35.922 23918 24417 I art     : Starting a blocking GC Explicit
08-06 13:37:35.974 23918 24417 I art     : Explicit concurrent mark sweep GC freed 28(1024B) AllocSpace objects, 0(0B) LOS objects, 8% free, 182MB/198MB, paused 1.250ms total 51.503ms
08-06 13:37:35.992 23918 24417 I art     : Starting a blocking GC Explicit
08-06 13:37:36.043 23918 24417 I art     : Explicit concurrent mark sweep GC freed 3(96B) AllocSpace objects, 0(0B) LOS objects, 8% free, 182MB/198MB, paused 1.284ms total 50.598ms
08-06 13:37:36.046 25908 25908 D AndroidRuntime: >>>>>> START com.android.internal.os.RuntimeInit uid 2000 <<<<<<
08-06 13:37:36.052 25908 25908 D AndroidRuntime: CheckJNI is OFF
08-06 13:37:36.062 23918 24417 I art     : Starting a blocking GC Explicit
08-06 13:37:36.097 25908 25908 D ICU     : No timezone override file found: /data/misc/zoneinfo/current/icu/icu_tzdata.dat
08-06 13:37:36.111 23918 24417 I art     : Explicit concurrent mark sweep GC freed 3(96B) AllocSpace objects, 0(0B) LOS objects, 8% free, 182MB/198MB, paused 1.316ms total 48.395ms
08-06 13:37:36.129 23918 24417 I art     : Starting a blocking GC Explicit
08-06 13:37:36.144 25908 25908 I Radio-JNI: register_android_hardware_Radio DONE
08-06 13:37:36.173 25908 25908 D AndroidRuntime: Calling main entry com.android.commands.input.Input
08-06 13:37:36.175 25908 25908 I Input   : injectMotionEvent: MotionEvent { action=ACTION_DOWN, actionButton=0, id[0]=0, x[0]=1341.0, y[0]=197.0, toolType[0]=TOOL_TYPE_UNKNOWN, buttonState=0, metaState=0, flags=0x0, edgeFlags=0x0, pointerCount=1, historySize=0, eventTime=884272588, downTime=884272588, deviceId=0, source=0x1002 }
08-06 13:37:36.176 23918 24417 I art     : Explicit concurrent mark sweep GC freed 3(96B) AllocSpace objects, 0(0B) LOS objects, 8% free, 182MB/198MB, paused 1.199ms total 46.885ms
08-06 13:37:36.181 25908 25908 I Input   : injectMotionEvent: MotionEvent { action=ACTION_UP, actionButton=0, id[0]=0, x[0]=1341.0, y[0]=197.0, toolType[0]=TOOL_TYPE_UNKNOWN, buttonState=0, metaState=0, flags=0x0, edgeFlags=0x0, pointerCount=1, historySize=0, eventTime=884272588, downTime=884272588, deviceId=0, source=0x1002 }
08-06 13:37:36.183 25908 25908 D AndroidRuntime: Shutting down VM
08-06 13:37:36.200   918  3696 I ActivityManager: START u0 {cmp=baseline.io.github.project_travel_mate/.notifications.NotificationsActivity} from uid 10696 on display 0
08-06 13:37:36.200   512  2967 D audio_hw_primary: out_set_parameters: enter: usecase(1: low-latency-playback) kvpairs: routing=2
08-06 13:37:36.213   512  2967 D audio_hw_primary: select_devices: out_snd_device(2: speaker) in_snd_device(0: none)
08-06 13:37:36.214   512  2967 D msm8974_platform: platform_send_audio_calibration: sending audio calibration for snd_device(2) acdb_id(15)
08-06 13:37:36.214   512  2967 I soundtrigger: audio_extn_sound_trigger_update_device_status: device 0x2 of type 0 for Event 1
08-06 13:37:36.223   512  2967 D audio_hw_primary: enable_snd_device: snd_device(2: speaker)
08-06 13:37:36.225   512  2967 D audio_hw_primary: enable_audio_route: apply and update mixer path: low-latency-playback speaker
08-06 13:37:36.228   918   937 W ProcessCpuTracker: Skipping unknown process pid 25916
08-06 13:37:36.228   918   937 W ProcessCpuTracker: Skipping unknown process pid 25918
08-06 13:37:36.229   918   937 W ProcessCpuTracker: Skipping unknown process pid 25919
08-06 13:37:36.234 23918 24000 D Gabe    : call	returning from cache
08-06 13:37:36.239 23918 23918 V EXECUTING: https://project-travel-mate.herokuapp.com/api/get-notifications
08-06 13:37:36.246 23918 23918 V EXECUTING: https://project-travel-mate.herokuapp.com/api/get-notifications
08-06 13:37:36.396   918   936 I ActivityManager: Displayed baseline.io.github.project_travel_mate/.notifications.NotificationsActivity: +185ms
08-06 13:37:36.398 13866 13866 I GoogleInputMethodServic: GoogleInputMethodService.onFinishInput():3138 
08-06 13:37:36.399 13866 13866 I GoogleInputMethodServic: GoogleInputMethodService.onStartInput():1808 
08-06 13:37:36.491 23918 23933 D OpenGLRenderer: endAllStagingAnimators on 0x7f7badbc00 (RippleDrawable) with handle 0x7f7c8d39c0
08-06 13:37:36.559 23918 23930 I art     : Starting a blocking GC Explicit
08-06 13:37:36.623 23918 23930 I art     : Explicit concurrent mark sweep GC freed 4057(229KB) AllocSpace objects, 2(36KB) LOS objects, 7% free, 187MB/203MB, paused 1.273ms total 63.317ms
08-06 13:37:36.644 23918 23930 I art     : Starting a blocking GC Explicit
08-06 13:37:36.647   380   380 W SurfaceFlinger: couldn't log to binary event log: overflow.
08-06 13:37:36.692 23918 23930 I art     : Explicit concurrent mark sweep GC freed 1229(66KB) AllocSpace objects, 0(0B) LOS objects, 7% free, 187MB/203MB, paused 1.515ms total 47.380ms
08-06 13:37:36.709 23918 23930 I art     : Starting a blocking GC Explicit
08-06 13:37:36.757 23918 23930 I art     : Explicit concurrent mark sweep GC freed 4497(216KB) AllocSpace objects, 4(240KB) LOS objects, 7% free, 187MB/203MB, paused 1.181ms total 47.600ms
08-06 13:37:36.758   512  2967 D audio_hw_primary: disable_audio_route: reset and update mixer path: low-latency-playback speaker
08-06 13:37:36.759   512  2967 D audio_hw_primary: disable_snd_device: snd_device(2: speaker)
08-06 13:37:36.767   512  2967 I soundtrigger: audio_extn_sound_trigger_update_device_status: device 0x2 of type 0 for Event 0
08-06 13:37:36.771 23918 25932 I NAPPA_EXPERIMENTATION: MetricNetworkRequestExecutionTime: REQUEST_DURATION_SYSTEM='531',REQUEST_DURATION_OKHTTP='43',REQUEST_SYNCHRONOUS='FALSE',RESPONSE_CODE='200',RESPONSE_METHOD='GET',RESPONSE_LENGTH_OKHTTP='2',RESPONSE_LENGTH_HEADER='2',REQUEST_PROTOCOL='http/1.1',REQUEST_URL='https://project-travel-mate.herokuapp.com/api/get-notifications',
08-06 13:37:36.775 23918 23930 I art     : Starting a blocking GC Explicit
08-06 13:37:36.794 23918 25933 I NAPPA_EXPERIMENTATION: MetricNetworkRequestExecutionTime: REQUEST_DURATION_SYSTEM='547',REQUEST_DURATION_OKHTTP='66',REQUEST_SYNCHRONOUS='FALSE',RESPONSE_CODE='200',RESPONSE_METHOD='GET',RESPONSE_LENGTH_OKHTTP='2',RESPONSE_LENGTH_HEADER='2',REQUEST_PROTOCOL='http/1.1',REQUEST_URL='https://project-travel-mate.herokuapp.com/api/get-notifications',
08-06 13:37:36.822 23918 23930 I art     : Explicit concurrent mark sweep GC freed 2163(254KB) AllocSpace objects, 2(160KB) LOS objects, 7% free, 187MB/203MB, paused 1.506ms total 46.471ms
08-06 13:37:36.840 23918 23930 I art     : Starting a blocking GC Explicit
08-06 13:37:36.885 23918 23930 I art     : Explicit concurrent mark sweep GC freed 177(5KB) AllocSpace objects, 0(0B) LOS objects, 7% free, 187MB/203MB, paused 1.464ms total 44.751ms
08-06 13:37:36.945 23918 23918 V Response: [] 
08-06 13:37:36.969 23918 23918 V Response: [] 
08-06 13:37:36.977 23918 24000 W LOTTIE  : Animation contains merge paths. Merge paths are only supported on KitKat+ and must be manually enabled by calling enableMergePathsForKitKatAndAbove().
08-06 13:37:36.986 23918 24000 W LOTTIE  : Animation contains merge paths. Merge paths are only supported on KitKat+ and must be manually enabled by calling enableMergePathsForKitKatAndAbove().
08-06 13:37:36.990 23918 24000 W LOTTIE  : Animation contains merge paths. Merge paths are only supported on KitKat+ and must be manually enabled by calling enableMergePathsForKitKatAndAbove().
08-06 13:37:36.992 23918 24000 W LOTTIE  : Animation contains merge paths. Merge paths are only supported on KitKat+ and must be manually enabled by calling enableMergePathsForKitKatAndAbove().
08-06 13:37:36.995 23918 24000 W LOTTIE  : Animation contains merge paths. Merge paths are only supported on KitKat+ and must be manually enabled by calling enableMergePathsForKitKatAndAbove().
08-06 13:37:36.999 23918 24000 W LOTTIE  : Animation contains merge paths. Merge paths are only supported on KitKat+ and must be manually enabled by calling enableMergePathsForKitKatAndAbove().
08-06 13:37:37.002 23918 24000 W LOTTIE  : Animation contains merge paths. Merge paths are only supported on KitKat+ and must be manually enabled by calling enableMergePathsForKitKatAndAbove().
08-06 13:37:37.003 23918 23918 W LOTTIE  : Animation contains merge paths but they are disabled.
08-06 13:37:37.265 23918 24417 I art     : Starting a blocking GC Explicit
08-06 13:37:37.316 23918 24417 I art     : Explicit concurrent mark sweep GC freed 12260(528KB) AllocSpace objects, 3(224KB) LOS objects, 7% free, 187MB/203MB, paused 1.165ms total 50.330ms
08-06 13:37:37.334 23918 24417 I art     : Starting a blocking GC Explicit
08-06 13:37:37.378 23918 24417 I art     : Explicit concurrent mark sweep GC freed 2116(83KB) AllocSpace objects, 0(0B) LOS objects, 7% free, 187MB/203MB, paused 1.099ms total 44.290ms
08-06 13:37:37.396 23918 24417 I art     : Starting a blocking GC Explicit
08-06 13:37:37.439 23918 24417 I art     : Explicit concurrent mark sweep GC freed 283(4KB) AllocSpace objects, 0(0B) LOS objects, 7% free, 187MB/203MB, paused 1.137ms total 42.937ms
08-06 13:37:37.456 23918 24417 I art     : Starting a blocking GC Explicit
08-06 13:37:37.498 23918 24417 I art     : Explicit concurrent mark sweep GC freed 213(3KB) AllocSpace objects, 0(0B) LOS objects, 7% free, 187MB/203MB, paused 1.165ms total 42.142ms
08-06 13:37:37.515 23918 24417 I art     : Starting a blocking GC Explicit
08-06 13:37:37.559 23918 24417 I art     : Explicit concurrent mark sweep GC freed 304(5KB) AllocSpace objects, 0(0B) LOS objects, 7% free, 187MB/203MB, paused 1.119ms total 43.657ms
08-06 13:37:37.725   518   646 I ThermalEngine: ACTION: GPU - Setting GPU[0] to 390000000
08-06 13:37:37.979 23918 23938 I art     : Starting a blocking GC Explicit
08-06 13:37:38.036 23918 23938 I art     : Explicit concurrent mark sweep GC freed 3645(126KB) AllocSpace objects, 2(36KB) LOS objects, 7% free, 187MB/203MB, paused 1.871ms total 56.955ms
08-06 13:37:38.060 23918 23938 I art     : Starting a blocking GC Explicit
08-06 13:37:38.115 23918 23938 I art     : Explicit concurrent mark sweep GC freed 404(7KB) AllocSpace objects, 0(0B) LOS objects, 7% free, 187MB/203MB, paused 1.658ms total 54.268ms
08-06 13:37:38.136 23918 23938 I art     : Starting a blocking GC Explicit
08-06 13:37:38.190 23918 23938 I art     : Explicit concurrent mark sweep GC freed 354(5KB) AllocSpace objects, 0(0B) LOS objects, 7% free, 187MB/203MB, paused 1.776ms total 53.824ms
08-06 13:37:38.213 23918 23938 I art     : Starting a blocking GC Explicit
08-06 13:37:38.267 23918 23938 I art     : Explicit concurrent mark sweep GC freed 283(4KB) AllocSpace objects, 0(0B) LOS objects, 7% free, 187MB/203MB, paused 1.777ms total 53.938ms
08-06 13:37:38.289 23918 23938 I art     : Starting a blocking GC Explicit
08-06 13:37:38.343 23918 23938 I art     : Explicit concurrent mark sweep GC freed 353(5KB) AllocSpace objects, 0(0B) LOS objects, 7% free, 187MB/203MB, paused 1.740ms total 53.860ms
08-06 13:37:38.775 23918 23930 I art     : Starting a blocking GC Explicit
08-06 13:37:38.832 23918 23930 I art     : Explicit concurrent mark sweep GC freed 3643(124KB) AllocSpace objects, 2(36KB) LOS objects, 7% free, 187MB/203MB, paused 1.677ms total 56.607ms
08-06 13:37:38.854 23918 23930 I art     : Starting a blocking GC Explicit
08-06 13:37:38.909 23918 23930 I art     : Explicit concurrent mark sweep GC freed 378(6KB) AllocSpace objects, 0(0B) LOS objects, 7% free, 187MB/203MB, paused 2.019ms total 55.108ms
08-06 13:37:38.931 23918 23930 I art     : Starting a blocking GC Explicit
08-06 13:37:38.986 23918 23930 I art     : Explicit concurrent mark sweep GC freed 291(4KB) AllocSpace objects, 0(0B) LOS objects, 7% free, 187MB/203MB, paused 1.928ms total 54.781ms
08-06 13:37:39.009 23918 23930 I art     : Starting a blocking GC Explicit
08-06 13:37:39.065 23918 23930 I art     : Explicit concurrent mark sweep GC freed 345(5KB) AllocSpace objects, 0(0B) LOS objects, 7% free, 187MB/203MB, paused 1.665ms total 54.855ms
08-06 13:37:39.087 23918 23930 I art     : Starting a blocking GC Explicit
08-06 13:37:39.144 23918 23930 I art     : Explicit concurrent mark sweep GC freed 353(5KB) AllocSpace objects, 0(0B) LOS objects, 7% free, 187MB/203MB, paused 1.766ms total 56.596ms
08-06 13:37:39.569 23918 23938 I art     : Starting a blocking GC Explicit
08-06 13:37:39.625 23918 23938 I art     : Explicit concurrent mark sweep GC freed 3612(124KB) AllocSpace objects, 2(36KB) LOS objects, 7% free, 187MB/203MB, paused 1.714ms total 55.037ms
08-06 13:37:39.648 23918 23938 I art     : Starting a blocking GC Explicit
08-06 13:37:39.701 23918 23938 I art     : Explicit concurrent mark sweep GC freed 339(6KB) AllocSpace objects, 0(0B) LOS objects, 7% free, 187MB/203MB, paused 1.774ms total 52.817ms
08-06 13:37:39.723 23918 23938 I art     : Starting a blocking GC Explicit
08-06 13:37:39.776 23918 23938 I art     : Explicit concurrent mark sweep GC freed 353(5KB) AllocSpace objects, 0(0B) LOS objects, 7% free, 187MB/203MB, paused 1.708ms total 53.175ms
08-06 13:37:39.798 23918 23938 I art     : Starting a blocking GC Explicit
08-06 13:37:39.851 23918 23938 I art     : Explicit concurrent mark sweep GC freed 283(4KB) AllocSpace objects, 0(0B) LOS objects, 7% free, 187MB/203MB, paused 1.810ms total 52.819ms
08-06 13:37:39.873 23918 23938 I art     : Starting a blocking GC Explicit
08-06 13:37:39.927 23918 23938 I art     : Explicit concurrent mark sweep GC freed 353(5KB) AllocSpace objects, 0(0B) LOS objects, 7% free, 187MB/203MB, paused 1.705ms total 53.375ms
08-06 13:37:40.361 23918 24417 I art     : Starting a blocking GC Explicit
08-06 13:37:40.418 23918 24417 I art     : Explicit concurrent mark sweep GC freed 3624(124KB) AllocSpace objects, 2(36KB) LOS objects, 7% free, 187MB/203MB, paused 1.872ms total 56.536ms
08-06 13:37:40.441 23918 24417 I art     : Starting a blocking GC Explicit
08-06 13:37:40.495 23918 24417 I art     : Explicit concurrent mark sweep GC freed 366(6KB) AllocSpace objects, 0(0B) LOS objects, 7% free, 187MB/203MB, paused 1.751ms total 53.638ms
08-06 13:37:40.518 23918 24417 I art     : Starting a blocking GC Explicit
08-06 13:37:40.572 23918 24417 I art     : Explicit concurrent mark sweep GC freed 365(6KB) AllocSpace objects, 0(0B) LOS objects, 7% free, 187MB/203MB, paused 1.972ms total 53.356ms
08-06 13:37:40.593 23918 24417 I art     : Starting a blocking GC Explicit
08-06 13:37:40.647 23918 24417 I art     : Explicit concurrent mark sweep GC freed 388(6KB) AllocSpace objects, 0(0B) LOS objects, 7% free, 187MB/203MB, paused 1.694ms total 53.555ms
08-06 13:37:40.669 23918 24417 I art     : Starting a blocking GC Explicit
08-06 13:37:40.721 23918 24417 I art     : Explicit concurrent mark sweep GC freed 459(15KB) AllocSpace objects, 0(0B) LOS objects, 7% free, 187MB/203MB, paused 1.655ms total 52.188ms
08-06 13:37:41.057 26001 26001 D AndroidRuntime: >>>>>> START com.android.internal.os.RuntimeInit uid 2000 <<<<<<
08-06 13:37:41.063 26001 26001 D AndroidRuntime: CheckJNI is OFF
08-06 13:37:41.119 26001 26001 D ICU     : No timezone override file found: /data/misc/zoneinfo/current/icu/icu_tzdata.dat
08-06 13:37:41.161 23918 25389 I art     : Starting a blocking GC Explicit
08-06 13:37:41.164 26001 26001 I Radio-JNI: register_android_hardware_Radio DONE
08-06 13:37:41.199 26001 26001 D AndroidRuntime: Calling main entry com.android.commands.input.Input
08-06 13:37:41.203 26001 26001 I Input   : injectKeyEvent: KeyEvent { action=ACTION_DOWN, keyCode=KEYCODE_BACK, scanCode=0, metaState=0, flags=0x0, repeatCount=0, eventTime=884277616, downTime=884277616, deviceId=-1, source=0x101 }
08-06 13:37:41.216 26001 26001 I Input   : injectKeyEvent: KeyEvent { action=ACTION_UP, keyCode=KEYCODE_BACK, scanCode=0, metaState=0, flags=0x0, repeatCount=0, eventTime=884277616, downTime=884277616, deviceId=-1, source=0x101 }
08-06 13:37:41.216 23918 25389 I art     : Explicit concurrent mark sweep GC freed 3688(125KB) AllocSpace objects, 2(36KB) LOS objects, 7% free, 187MB/203MB, paused 1.618ms total 55.267ms
08-06 13:37:41.236 26001 26001 D AndroidRuntime: Shutting down VM
08-06 13:37:41.238 23918 25389 I art     : Starting a blocking GC Explicit
08-06 13:37:41.259 23918 23918 V MainActivity: url = https://project-travel-mate.herokuapp.com/api/number-of-unread-notifications
08-06 13:37:41.292 23918 25389 I art     : Explicit concurrent mark sweep GC freed 543(17KB) AllocSpace objects, 0(0B) LOS objects, 7% free, 187MB/203MB, paused 1.995ms total 53.775ms
08-06 13:37:41.304 13866 13866 I GoogleInputMethodServic: GoogleInputMethodService.onFinishInput():3138 
08-06 13:37:41.304 13866 13866 I GoogleInputMethodServic: GoogleInputMethodService.onStartInput():1808 
08-06 13:37:41.317 23918 25389 I art     : Starting a blocking GC Explicit
08-06 13:37:41.375 23918 25389 I art     : Explicit concurrent mark sweep GC freed 342(11KB) AllocSpace objects, 0(0B) LOS objects, 7% free, 187MB/203MB, paused 1.583ms total 57.467ms
08-06 13:37:41.397 23918 25389 I art     : Starting a blocking GC Explicit
08-06 13:37:41.453 23918 25389 I art     : Explicit concurrent mark sweep GC freed 73(2112B) AllocSpace objects, 0(0B) LOS objects, 7% free, 187MB/203MB, paused 1.772ms total 55.210ms
08-06 13:37:41.476 23918 25389 I art     : Starting a blocking GC Explicit
08-06 13:37:41.552 23918 25389 I art     : Explicit concurrent mark sweep GC freed 78(2160B) AllocSpace objects, 0(0B) LOS objects, 7% free, 187MB/203MB, paused 1.992ms total 75.090ms
08-06 13:37:41.601   380   380 W SurfaceFlinger: couldn't log to binary event log: overflow.
08-06 13:37:42.031 23918 23930 I art     : Starting a blocking GC Explicit
08-06 13:37:42.050   918  3261 D WifiStateMachine: starting scan for "H369AA63323"WPA_PSK with 2412,5180
08-06 13:37:42.101 23918 23930 I art     : Explicit concurrent mark sweep GC freed 4235(225KB) AllocSpace objects, 5(4MB) LOS objects, 8% free, 183MB/199MB, paused 2.016ms total 69.218ms
08-06 13:37:42.105 23918 26024 I NAPPA_EXPERIMENTATION: MetricNetworkRequestExecutionTime: REQUEST_DURATION_SYSTEM='845',REQUEST_DURATION_OKHTTP='55',REQUEST_SYNCHRONOUS='FALSE',RESPONSE_CODE='200',RESPONSE_METHOD='GET',RESPONSE_LENGTH_OKHTTP='36',RESPONSE_LENGTH_HEADER='36',REQUEST_PROTOCOL='http/1.1',REQUEST_URL='https://project-travel-mate.herokuapp.com/api/number-of-unread-notifications',
08-06 13:37:42.126 23918 23930 I art     : Starting a blocking GC Explicit
08-06 13:37:42.182 23918 23930 I art     : Explicit concurrent mark sweep GC freed 4834(306KB) AllocSpace objects, 3(136KB) LOS objects, 8% free, 183MB/199MB, paused 1.878ms total 55.939ms
08-06 13:37:42.206 23918 23930 I art     : Starting a blocking GC Explicit
08-06 13:37:42.269 23918 23930 I art     : Explicit concurrent mark sweep GC freed 104(4KB) AllocSpace objects, 0(0B) LOS objects, 8% free, 183MB/199MB, paused 2.033ms total 62.555ms
08-06 13:37:42.295 23918 23930 I art     : Starting a blocking GC Explicit
08-06 13:37:42.359 23918 23930 I art     : Explicit concurrent mark sweep GC freed 3(96B) AllocSpace objects, 0(0B) LOS objects, 8% free, 183MB/199MB, paused 2.251ms total 64.076ms
08-06 13:37:42.384 23918 23930 I art     : Starting a blocking GC Explicit
08-06 13:37:42.455 23918 23930 I art     : Explicit concurrent mark sweep GC freed 3(96B) AllocSpace objects, 0(0B) LOS objects, 8% free, 183MB/199MB, paused 2.184ms total 70.149ms
08-06 13:37:42.913 23918 23938 I art     : Starting a blocking GC Explicit
08-06 13:37:42.979 23918 23938 I art     : Explicit concurrent mark sweep GC freed 1613(92KB) AllocSpace objects, 2(36KB) LOS objects, 8% free, 183MB/199MB, paused 1.975ms total 65.874ms
08-06 13:37:43.004 23918 23938 I art     : Starting a blocking GC Explicit
08-06 13:37:43.065 23918 23938 I art     : Explicit concurrent mark sweep GC freed 28(1024B) AllocSpace objects, 0(0B) LOS objects, 8% free, 183MB/199MB, paused 1.892ms total 60.474ms
08-06 13:37:43.089 23918 23938 I art     : Starting a blocking GC Explicit
08-06 13:37:43.134 26036 26036 D AndroidRuntime: >>>>>> START com.android.internal.os.RuntimeInit uid 2000 <<<<<<
08-06 13:37:43.141 26036 26036 D AndroidRuntime: CheckJNI is OFF
08-06 13:37:43.149 23918 23938 I art     : Explicit concurrent mark sweep GC freed 3(96B) AllocSpace objects, 0(0B) LOS objects, 8% free, 183MB/199MB, paused 2.112ms total 60.002ms
08-06 13:37:43.174 23918 23938 I art     : Starting a blocking GC Explicit
08-06 13:37:43.195 26036 26036 D ICU     : No timezone override file found: /data/misc/zoneinfo/current/icu/icu_tzdata.dat
08-06 13:37:43.234 23918 23938 I art     : Explicit concurrent mark sweep GC freed 3(96B) AllocSpace objects, 0(0B) LOS objects, 8% free, 183MB/199MB, paused 1.900ms total 59.578ms
08-06 13:37:43.239 26036 26036 I Radio-JNI: register_android_hardware_Radio DONE
08-06 13:37:43.258 23918 23938 I art     : Starting a blocking GC Explicit
08-06 13:37:43.272 26036 26036 D AndroidRuntime: Calling main entry com.android.commands.input.Input
08-06 13:37:43.274 26036 26036 I Input   : injectMotionEvent: MotionEvent { action=ACTION_DOWN, actionButton=0, id[0]=0, x[0]=117.0, y[0]=170.0, toolType[0]=TOOL_TYPE_UNKNOWN, buttonState=0, metaState=0, flags=0x0, edgeFlags=0x0, pointerCount=1, historySize=0, eventTime=884279687, downTime=884279687, deviceId=0, source=0x1002 }
08-06 13:37:43.279 26036 26036 I Input   : injectMotionEvent: MotionEvent { action=ACTION_UP, actionButton=0, id[0]=0, x[0]=117.0, y[0]=170.0, toolType[0]=TOOL_TYPE_UNKNOWN, buttonState=0, metaState=0, flags=0x0, edgeFlags=0x0, pointerCount=1, historySize=0, eventTime=884279687, downTime=884279687, deviceId=0, source=0x1002 }
08-06 13:37:43.282 26036 26036 D AndroidRuntime: Shutting down VM
08-06 13:37:43.290   512  2967 D audio_hw_primary: out_set_parameters: enter: usecase(1: low-latency-playback) kvpairs: routing=2
08-06 13:37:43.304   512  2967 D audio_hw_primary: select_devices: out_snd_device(2: speaker) in_snd_device(0: none)
08-06 13:37:43.305   512  2967 D msm8974_platform: platform_send_audio_calibration: sending audio calibration for snd_device(2) acdb_id(15)
08-06 13:37:43.305   512  2967 I soundtrigger: audio_extn_sound_trigger_update_device_status: device 0x2 of type 0 for Event 1
08-06 13:37:43.319   512  2967 D audio_hw_primary: enable_snd_device: snd_device(2: speaker)
08-06 13:37:43.322   512  2967 D audio_hw_primary: enable_audio_route: apply and update mixer path: low-latency-playback speaker
08-06 13:37:43.323 23918 23938 I art     : Explicit concurrent mark sweep GC freed 51(1808B) AllocSpace objects, 0(0B) LOS objects, 8% free, 183MB/199MB, paused 2.191ms total 64.632ms
08-06 13:37:43.783 23918 24417 I art     : Starting a blocking GC Explicit
08-06 13:37:43.844 23918 24417 I art     : Explicit concurrent mark sweep GC freed 2036(114KB) AllocSpace objects, 2(36KB) LOS objects, 8% free, 183MB/199MB, paused 1.851ms total 59.834ms
08-06 13:37:43.868 23918 24417 I art     : Starting a blocking GC Explicit
08-06 13:37:43.869   512  2967 D audio_hw_primary: disable_audio_route: reset and update mixer path: low-latency-playback speaker
08-06 13:37:43.871   512  2967 D audio_hw_primary: disable_snd_device: snd_device(2: speaker)
08-06 13:37:43.880   512  2967 I soundtrigger: audio_extn_sound_trigger_update_device_status: device 0x2 of type 0 for Event 0
08-06 13:37:43.926 23918 24417 I art     : Explicit concurrent mark sweep GC freed 62(2512B) AllocSpace objects, 0(0B) LOS objects, 8% free, 183MB/199MB, paused 1.794ms total 58.470ms
08-06 13:37:43.951 23918 24417 I art     : Starting a blocking GC Explicit
08-06 13:37:44.012 23918 24417 I art     : Explicit concurrent mark sweep GC freed 15(752B) AllocSpace objects, 0(0B) LOS objects, 8% free, 183MB/199MB, paused 1.924ms total 60.438ms
08-06 13:37:44.036 23918 24417 I art     : Starting a blocking GC Explicit
08-06 13:37:44.096 23918 24417 I art     : Explicit concurrent mark sweep GC freed 15(704B) AllocSpace objects, 0(0B) LOS objects, 8% free, 183MB/199MB, paused 1.890ms total 60.278ms
08-06 13:37:44.121 23918 24417 I art     : Starting a blocking GC Explicit
08-06 13:37:44.181 23918 24417 I art     : Explicit concurrent mark sweep GC freed 6(192B) AllocSpace objects, 0(0B) LOS objects, 8% free, 183MB/199MB, paused 1.866ms total 59.800ms
08-06 13:37:44.194 26063 26063 D AndroidRuntime: >>>>>> START com.android.internal.os.RuntimeInit uid 2000 <<<<<<
08-06 13:37:44.201 26063 26063 D AndroidRuntime: CheckJNI is OFF
08-06 13:37:44.253 26063 26063 D ICU     : No timezone override file found: /data/misc/zoneinfo/current/icu/icu_tzdata.dat
08-06 13:37:44.299 26063 26063 I Radio-JNI: register_android_hardware_Radio DONE
08-06 13:37:44.336 26063 26063 D AndroidRuntime: Calling main entry com.android.commands.input.Input
08-06 13:37:44.340 26063 26063 I Input   : injectMotionEvent: MotionEvent { action=ACTION_DOWN, actionButton=0, id[0]=0, x[0]=418.0, y[0]=842.0, toolType[0]=TOOL_TYPE_UNKNOWN, buttonState=0, metaState=0, flags=0x0, edgeFlags=0x0, pointerCount=1, historySize=0, eventTime=884280751, downTime=884280751, deviceId=0, source=0x1002 }
08-06 13:37:44.346 26063 26063 I Input   : injectMotionEvent: MotionEvent { action=ACTION_UP, actionButton=0, id[0]=0, x[0]=418.0, y[0]=842.0, toolType[0]=TOOL_TYPE_UNKNOWN, buttonState=0, metaState=0, flags=0x0, edgeFlags=0x0, pointerCount=1, historySize=0, eventTime=884280751, downTime=884280751, deviceId=0, source=0x1002 }
08-06 13:37:44.349 26063 26063 D AndroidRuntime: Shutting down VM
08-06 13:37:44.360   512  2967 D audio_hw_primary: out_set_parameters: enter: usecase(1: low-latency-playback) kvpairs: routing=2
08-06 13:37:44.364 23918 24000 D Gabe    : call	returning from cache
08-06 13:37:44.373   512  2967 D audio_hw_primary: select_devices: out_snd_device(2: speaker) in_snd_device(0: none)
08-06 13:37:44.373   512  2967 D msm8974_platform: platform_send_audio_calibration: sending audio calibration for snd_device(2) acdb_id(15)
08-06 13:37:44.374   512  2967 I soundtrigger: audio_extn_sound_trigger_update_device_status: device 0x2 of type 0 for Event 1
08-06 13:37:44.384   512  2967 D audio_hw_primary: enable_snd_device: snd_device(2: speaker)
08-06 13:37:44.387   512  2967 D audio_hw_primary: enable_audio_route: apply and update mixer path: low-latency-playback speaker
08-06 13:37:44.399 23918 23918 V MainActivity: url = https://project-travel-mate.herokuapp.com/api/number-of-unread-notifications
08-06 13:37:44.434   512  2967 D AudioFlinger: mixer(0xf4740000) throttle end: throttle time(12)
08-06 13:37:44.626 23918 23931 I art     : Starting a blocking GC Explicit
08-06 13:37:44.691 23918 23931 I art     : Explicit concurrent mark sweep GC freed 3719(221KB) AllocSpace objects, 2(36KB) LOS objects, 8% free, 183MB/199MB, paused 2.472ms total 63.818ms
08-06 13:37:44.715 23918 23931 I art     : Starting a blocking GC Explicit
08-06 13:37:44.781 23918 23931 I art     : Explicit concurrent mark sweep GC freed 540(31KB) AllocSpace objects, 0(0B) LOS objects, 8% free, 183MB/199MB, paused 2.625ms total 65.598ms
08-06 13:37:44.804 23918 23931 I art     : Starting a blocking GC Explicit
08-06 13:37:44.870 23918 23931 I art     : Explicit concurrent mark sweep GC freed 284(19KB) AllocSpace objects, 0(0B) LOS objects, 8% free, 183MB/199MB, paused 2.660ms total 65.377ms
08-06 13:37:44.895 23918 23931 I art     : Starting a blocking GC Explicit
08-06 13:37:44.929   512  2967 D audio_hw_primary: disable_audio_route: reset and update mixer path: low-latency-playback speaker
08-06 13:37:44.930   512  2967 D audio_hw_primary: disable_snd_device: snd_device(2: speaker)
08-06 13:37:44.938   512  2967 I soundtrigger: audio_extn_sound_trigger_update_device_status: device 0x2 of type 0 for Event 0
08-06 13:37:44.951 23918 26089 I NAPPA_EXPERIMENTATION: MetricNetworkRequestExecutionTime: REQUEST_DURATION_SYSTEM='551',REQUEST_DURATION_OKHTTP='35',REQUEST_SYNCHRONOUS='FALSE',RESPONSE_CODE='200',RESPONSE_METHOD='GET',RESPONSE_LENGTH_OKHTTP='36',RESPONSE_LENGTH_HEADER='36',REQUEST_PROTOCOL='http/1.1',REQUEST_URL='https://project-travel-mate.herokuapp.com/api/number-of-unread-notifications',
08-06 13:37:44.967 23918 23931 I art     : Explicit concurrent mark sweep GC freed 2910(161KB) AllocSpace objects, 2(120KB) LOS objects, 7% free, 184MB/200MB, paused 2.331ms total 71.247ms
08-06 13:37:44.991 23918 23931 I art     : Starting a blocking GC Explicit
08-06 13:37:45.060 23918 23931 I art     : Explicit concurrent mark sweep GC freed 2543(178KB) AllocSpace objects, 1(80KB) LOS objects, 7% free, 184MB/200MB, paused 2.551ms total 68.441ms
08-06 13:37:45.099 23918 23918 I Choreographer: Skipped 41 frames!  The application may be doing too much work on its main thread.
08-06 13:37:45.499 23918 24417 I art     : Starting a blocking GC Explicit
08-06 13:37:45.572 23918 24417 I art     : Explicit concurrent mark sweep GC freed 4724(235KB) AllocSpace objects, 11(300KB) LOS objects, 8% free, 183MB/199MB, paused 1.934ms total 72.561ms
08-06 13:37:45.600 23918 24417 I art     : Starting a blocking GC Explicit
08-06 13:37:45.667 23918 24417 I art     : Explicit concurrent mark sweep GC freed 319(9KB) AllocSpace objects, 0(0B) LOS objects, 8% free, 183MB/199MB, paused 1.856ms total 66.916ms
08-06 13:37:45.693 23918 24417 I art     : Starting a blocking GC Explicit
08-06 13:37:45.762 23918 24417 I art     : Explicit concurrent mark sweep GC freed 146(2464B) AllocSpace objects, 0(0B) LOS objects, 8% free, 183MB/199MB, paused 1.966ms total 68.920ms
08-06 13:37:45.789 23918 24417 I art     : Starting a blocking GC Explicit
08-06 13:37:45.859 23918 24417 I art     : Explicit concurrent mark sweep GC freed 124(2112B) AllocSpace objects, 0(0B) LOS objects, 8% free, 183MB/199MB, paused 2.287ms total 70.336ms
08-06 13:37:45.886 23918 24417 I art     : Starting a blocking GC Explicit
08-06 13:37:45.955 23918 24417 I art     : Explicit concurrent mark sweep GC freed 147(2512B) AllocSpace objects, 0(0B) LOS objects, 8% free, 183MB/199MB, paused 1.861ms total 69.095ms
08-06 13:37:46.432 23918 23930 I art     : Starting a blocking GC Explicit
08-06 13:37:46.504 23918 23930 I art     : Explicit concurrent mark sweep GC freed 2437(107KB) AllocSpace objects, 2(52KB) LOS objects, 8% free, 183MB/199MB, paused 1.836ms total 70.950ms
08-06 13:37:46.531 23918 23930 I art     : Starting a blocking GC Explicit
08-06 13:37:46.600 23918 23930 I art     : Explicit concurrent mark sweep GC freed 183(3KB) AllocSpace objects, 0(0B) LOS objects, 8% free, 183MB/199MB, paused 2.212ms total 68.970ms
08-06 13:37:46.626 23918 23930 I art     : Starting a blocking GC Explicit
08-06 13:37:46.692 23918 23930 I art     : Explicit concurrent mark sweep GC freed 165(3KB) AllocSpace objects, 0(0B) LOS objects, 8% free, 183MB/199MB, paused 1.828ms total 65.949ms
08-06 13:37:46.717 23918 23930 I art     : Starting a blocking GC Explicit
08-06 13:37:46.784 23918 23930 I art     : Explicit concurrent mark sweep GC freed 154(2832B) AllocSpace objects, 0(0B) LOS objects, 8% free, 183MB/199MB, paused 1.826ms total 66.507ms
08-06 13:37:46.810 23918 23930 I art     : Starting a blocking GC Explicit
08-06 13:37:46.877 23918 23930 I art     : Explicit concurrent mark sweep GC freed 124(2112B) AllocSpace objects, 0(0B) LOS objects, 8% free, 183MB/199MB, paused 2.053ms total 66.609ms
08-06 13:37:47.227 26116 26116 D AndroidRuntime: >>>>>> START com.android.internal.os.RuntimeInit uid 2000 <<<<<<
08-06 13:37:47.233 26116 26116 D AndroidRuntime: CheckJNI is OFF
08-06 13:37:47.286 26116 26116 D ICU     : No timezone override file found: /data/misc/zoneinfo/current/icu/icu_tzdata.dat
08-06 13:37:47.320 23918 25389 I art     : Starting a blocking GC Explicit
08-06 13:37:47.331 26116 26116 I Radio-JNI: register_android_hardware_Radio DONE
08-06 13:37:47.364 26116 26116 D AndroidRuntime: Calling main entry com.android.commands.input.Input
08-06 13:37:47.366 26116 26116 I Input   : injectMotionEvent: MotionEvent { action=ACTION_DOWN, actionButton=0, id[0]=0, x[0]=117.0, y[0]=170.0, toolType[0]=TOOL_TYPE_UNKNOWN, buttonState=0, metaState=0, flags=0x0, edgeFlags=0x0, pointerCount=1, historySize=0, eventTime=884283779, downTime=884283779, deviceId=0, source=0x1002 }
08-06 13:37:47.372 26116 26116 I Input   : injectMotionEvent: MotionEvent { action=ACTION_UP, actionButton=0, id[0]=0, x[0]=117.0, y[0]=170.0, toolType[0]=TOOL_TYPE_UNKNOWN, buttonState=0, metaState=0, flags=0x0, edgeFlags=0x0, pointerCount=1, historySize=0, eventTime=884283779, downTime=884283779, deviceId=0, source=0x1002 }
08-06 13:37:47.376 26116 26116 D AndroidRuntime: Shutting down VM
08-06 13:37:47.380   512  2967 D audio_hw_primary: out_set_parameters: enter: usecase(1: low-latency-playback) kvpairs: routing=2
08-06 13:37:47.389 23918 25389 I art     : Explicit concurrent mark sweep GC freed 2364(105KB) AllocSpace objects, 2(52KB) LOS objects, 8% free, 183MB/199MB, paused 2.336ms total 68.170ms
08-06 13:37:47.393   512  2967 D audio_hw_primary: select_devices: out_snd_device(2: speaker) in_snd_device(0: none)
08-06 13:37:47.394   512  2967 D msm8974_platform: platform_send_audio_calibration: sending audio calibration for snd_device(2) acdb_id(15)
08-06 13:37:47.394   512  2967 I soundtrigger: audio_extn_sound_trigger_update_device_status: device 0x2 of type 0 for Event 1
08-06 13:37:47.404   512  2967 D audio_hw_primary: enable_snd_device: snd_device(2: speaker)
08-06 13:37:47.407   512  2967 D audio_hw_primary: enable_audio_route: apply and update mixer path: low-latency-playback speaker
08-06 13:37:47.415 23918 25389 I art     : Starting a blocking GC Explicit
08-06 13:37:47.486 23918 25389 I art     : Explicit concurrent mark sweep GC freed 514(21KB) AllocSpace objects, 0(0B) LOS objects, 7% free, 184MB/200MB, paused 1.807ms total 70.085ms
08-06 13:37:47.512 23918 25389 I art     : Starting a blocking GC Explicit
08-06 13:37:47.581 23918 25389 I art     : Explicit concurrent mark sweep GC freed 264(7KB) AllocSpace objects, 0(0B) LOS objects, 7% free, 184MB/200MB, paused 2.034ms total 69.123ms
08-06 13:37:47.609 23918 25389 I art     : Starting a blocking GC Explicit
08-06 13:37:47.674 23918 25389 I art     : Explicit concurrent mark sweep GC freed 162(3KB) AllocSpace objects, 0(0B) LOS objects, 7% free, 184MB/200MB, paused 1.771ms total 64.465ms
08-06 13:37:47.697 23918 25389 I art     : Starting a blocking GC Explicit
08-06 13:37:47.763 23918 25389 I art     : Explicit concurrent mark sweep GC freed 135(2320B) AllocSpace objects, 0(0B) LOS objects, 7% free, 184MB/200MB, paused 1.823ms total 65.248ms
08-06 13:37:47.949   512  2967 D audio_hw_primary: disable_audio_route: reset and update mixer path: low-latency-playback speaker
08-06 13:37:47.950   512  2967 D audio_hw_primary: disable_snd_device: snd_device(2: speaker)
08-06 13:37:47.961   512  2967 I soundtrigger: audio_extn_sound_trigger_update_device_status: device 0x2 of type 0 for Event 0
08-06 13:37:48.207 23918 25389 I art     : Starting a blocking GC Explicit
08-06 13:37:48.263 26139 26139 D AndroidRuntime: >>>>>> START com.android.internal.os.RuntimeInit uid 2000 <<<<<<
08-06 13:37:48.269 26139 26139 D AndroidRuntime: CheckJNI is OFF
08-06 13:37:48.275 23918 25389 I art     : Explicit concurrent mark sweep GC freed 2329(104KB) AllocSpace objects, 2(52KB) LOS objects, 7% free, 184MB/200MB, paused 2.162ms total 67.584ms
08-06 13:37:48.300 23918 25389 I art     : Starting a blocking GC Explicit
08-06 13:37:48.326 26139 26139 D ICU     : No timezone override file found: /data/misc/zoneinfo/current/icu/icu_tzdata.dat
08-06 13:37:48.367 23918 25389 I art     : Explicit concurrent mark sweep GC freed 177(3KB) AllocSpace objects, 0(0B) LOS objects, 7% free, 184MB/200MB, paused 1.864ms total 65.695ms
08-06 13:37:48.370 26139 26139 I Radio-JNI: register_android_hardware_Radio DONE
08-06 13:37:48.391 23918 25389 I art     : Starting a blocking GC Explicit
08-06 13:37:48.403 26139 26139 D AndroidRuntime: Calling main entry com.android.commands.input.Input
08-06 13:37:48.406 26139 26139 I Input   : injectMotionEvent: MotionEvent { action=ACTION_DOWN, actionButton=0, id[0]=0, x[0]=355.0, y[0]=1674.0, toolType[0]=TOOL_TYPE_UNKNOWN, buttonState=0, metaState=0, flags=0x0, edgeFlags=0x0, pointerCount=1, historySize=0, eventTime=884284819, downTime=884284819, deviceId=0, source=0x1002 }
08-06 13:37:48.411 26139 26139 I Input   : injectMotionEvent: MotionEvent { action=ACTION_UP, actionButton=0, id[0]=0, x[0]=355.0, y[0]=1674.0, toolType[0]=TOOL_TYPE_UNKNOWN, buttonState=0, metaState=0, flags=0x0, edgeFlags=0x0, pointerCount=1, historySize=0, eventTime=884284819, downTime=884284819, deviceId=0, source=0x1002 }
08-06 13:37:48.413 26139 26139 D AndroidRuntime: Shutting down VM
08-06 13:37:48.430   512  2967 D audio_hw_primary: out_set_parameters: enter: usecase(1: low-latency-playback) kvpairs: routing=2
08-06 13:37:48.441 23918 23918 V MainActivity: url = https://project-travel-mate.herokuapp.com/api/number-of-unread-notifications
08-06 13:37:48.443   512  2967 D audio_hw_primary: select_devices: out_snd_device(2: speaker) in_snd_device(0: none)
08-06 13:37:48.443   512  2967 D msm8974_platform: platform_send_audio_calibration: sending audio calibration for snd_device(2) acdb_id(15)
08-06 13:37:48.444   512  2967 I soundtrigger: audio_extn_sound_trigger_update_device_status: device 0x2 of type 0 for Event 1
08-06 13:37:48.454   512  2967 D audio_hw_primary: enable_snd_device: snd_device(2: speaker)
08-06 13:37:48.456   512  2967 D audio_hw_primary: enable_audio_route: apply and update mixer path: low-latency-playback speaker
08-06 13:37:48.463 23918 25389 I art     : Explicit concurrent mark sweep GC freed 725(29KB) AllocSpace objects, 0(0B) LOS objects, 7% free, 184MB/200MB, paused 2.300ms total 70.720ms
08-06 13:37:48.485 23918 25389 I art     : Starting a blocking GC Explicit
08-06 13:37:48.499   512  2967 D AudioFlinger: mixer(0xf4740000) throttle end: throttle time(12)
08-06 13:37:48.549 23918 25389 I art     : Explicit concurrent mark sweep GC freed 1543(52KB) AllocSpace objects, 0(0B) LOS objects, 7% free, 184MB/200MB, paused 1.892ms total 63.587ms
08-06 13:37:48.580 23918 25389 I art     : Starting a blocking GC Explicit
08-06 13:37:48.642 23918 25389 I art     : Explicit concurrent mark sweep GC freed 2411(199KB) AllocSpace objects, 0(0B) LOS objects, 7% free, 184MB/200MB, paused 1.982ms total 61.544ms
08-06 13:37:48.990   512  2967 D audio_hw_primary: disable_audio_route: reset and update mixer path: low-latency-playback speaker
08-06 13:37:48.993   512  2967 D audio_hw_primary: disable_snd_device: snd_device(2: speaker)
08-06 13:37:49.003   512  2967 I soundtrigger: audio_extn_sound_trigger_update_device_status: device 0x2 of type 0 for Event 0
08-06 13:37:49.052 23918 26162 I NAPPA_EXPERIMENTATION: MetricNetworkRequestExecutionTime: REQUEST_DURATION_SYSTEM='605',REQUEST_DURATION_OKHTTP='36',REQUEST_SYNCHRONOUS='FALSE',RESPONSE_CODE='200',RESPONSE_METHOD='GET',RESPONSE_LENGTH_OKHTTP='36',RESPONSE_LENGTH_HEADER='36',REQUEST_PROTOCOL='http/1.1',REQUEST_URL='https://project-travel-mate.herokuapp.com/api/number-of-unread-notifications',
08-06 13:37:49.111 23918 23938 I art     : Starting a blocking GC Explicit
08-06 13:37:49.199 23918 23938 I art     : Explicit concurrent mark sweep GC freed 4417(240KB) AllocSpace objects, 14(500KB) LOS objects, 7% free, 184MB/200MB, paused 2.227ms total 86.823ms
08-06 13:37:49.228 23918 23938 I art     : Starting a blocking GC Explicit
08-06 13:37:49.298 23918 23938 I art     : Explicit concurrent mark sweep GC freed 962(117KB) AllocSpace objects, 0(0B) LOS objects, 7% free, 184MB/200MB, paused 1.999ms total 69.861ms
08-06 13:37:49.327 23918 23938 I art     : Starting a blocking GC Explicit
08-06 13:37:49.400 23918 23938 I art     : Explicit concurrent mark sweep GC freed 3(96B) AllocSpace objects, 0(0B) LOS objects, 7% free, 184MB/200MB, paused 1.867ms total 72.264ms
08-06 13:37:49.426 23918 23938 I art     : Starting a blocking GC Explicit
08-06 13:37:49.507 23918 23938 I art     : Explicit concurrent mark sweep GC freed 3(96B) AllocSpace objects, 0(0B) LOS objects, 7% free, 184MB/200MB, paused 2.169ms total 80.609ms
08-06 13:37:49.539 23918 23938 I art     : Starting a blocking GC Explicit
08-06 13:37:49.624 23918 23938 I art     : Explicit concurrent mark sweep GC freed 14(720B) AllocSpace objects, 0(0B) LOS objects, 7% free, 184MB/200MB, paused 2.308ms total 84.316ms
08-06 13:37:50.006 20760 20760 I ServiceManager: Waiting for service AtCmdFwd...
08-06 13:37:50.128 23918 23931 I art     : Starting a blocking GC Explicit
08-06 13:37:50.208 23918 23931 I art     : Explicit concurrent mark sweep GC freed 1659(94KB) AllocSpace objects, 2(48KB) LOS objects, 7% free, 184MB/200MB, paused 1.965ms total 78.955ms
08-06 13:37:50.232 23918 23931 I art     : Starting a blocking GC Explicit
08-06 13:37:50.297 23918 23931 I art     : Explicit concurrent mark sweep GC freed 58(2400B) AllocSpace objects, 0(0B) LOS objects, 7% free, 184MB/200MB, paused 2.122ms total 64.778ms
08-06 13:37:50.323 23918 23931 I art     : Starting a blocking GC Explicit
08-06 13:37:50.387 23918 23931 I art     : Explicit concurrent mark sweep GC freed 4(128B) AllocSpace objects, 0(0B) LOS objects, 7% free, 184MB/200MB, paused 1.922ms total 63.356ms
08-06 13:37:50.413 23918 23931 I art     : Starting a blocking GC Explicit
08-06 13:37:50.485 23918 23931 I art     : Explicit concurrent mark sweep GC freed 3(96B) AllocSpace objects, 0(0B) LOS objects, 7% free, 184MB/200MB, paused 2.329ms total 71.875ms
08-06 13:37:50.514 23918 23931 I art     : Starting a blocking GC Explicit
08-06 13:37:50.585 23918 23931 I art     : Explicit concurrent mark sweep GC freed 3(96B) AllocSpace objects, 0(0B) LOS objects, 7% free, 184MB/200MB, paused 1.866ms total 70.283ms
08-06 13:37:50.744   518   646 I ThermalEngine: ACTION: GPU - Setting GPU[0] to 450000000
08-06 13:37:50.990 23918 24417 I art     : Starting a blocking GC Explicit
08-06 13:37:51.007 20760 20760 I ServiceManager: Waiting for service AtCmdFwd...
08-06 13:37:51.055 23918 24417 I art     : Explicit concurrent mark sweep GC freed 1630(93KB) AllocSpace objects, 2(48KB) LOS objects, 7% free, 184MB/200MB, paused 1.231ms total 64.125ms
08-06 13:37:51.074 23918 24417 I art     : Starting a blocking GC Explicit
08-06 13:37:51.133 23918 24417 I art     : Explicit concurrent mark sweep GC freed 42(1456B) AllocSpace objects, 0(0B) LOS objects, 7% free, 184MB/200MB, paused 1.329ms total 58.844ms
08-06 13:37:51.152 23918 24417 I art     : Starting a blocking GC Explicit
08-06 13:37:51.195 26185 26185 D AndroidRuntime: >>>>>> START com.android.internal.os.RuntimeInit uid 2000 <<<<<<
08-06 13:37:51.201 26185 26185 D AndroidRuntime: CheckJNI is OFF
08-06 13:37:51.212 23918 24417 I art     : Explicit concurrent mark sweep GC freed 3(96B) AllocSpace objects, 0(0B) LOS objects, 7% free, 184MB/200MB, paused 1.353ms total 59.148ms
08-06 13:37:51.231 23918 24417 I art     : Starting a blocking GC Explicit
08-06 13:37:51.249 26185 26185 D ICU     : No timezone override file found: /data/misc/zoneinfo/current/icu/icu_tzdata.dat
08-06 13:37:51.289 23918 24417 I art     : Explicit concurrent mark sweep GC freed 3(96B) AllocSpace objects, 0(0B) LOS objects, 7% free, 184MB/200MB, paused 1.518ms total 57.062ms
08-06 13:37:51.296 26185 26185 I Radio-JNI: register_android_hardware_Radio DONE
08-06 13:37:51.308 23918 24417 I art     : Starting a blocking GC Explicit
08-06 13:37:51.327 26185 26185 D AndroidRuntime: Calling main entry com.android.commands.input.Input
08-06 13:37:51.329 26185 26185 I Input   : injectMotionEvent: MotionEvent { action=ACTION_DOWN, actionButton=0, id[0]=0, x[0]=747.0, y[0]=608.0, toolType[0]=TOOL_TYPE_UNKNOWN, buttonState=0, metaState=0, flags=0x0, edgeFlags=0x0, pointerCount=1, historySize=0, eventTime=884287742, downTime=884287742, deviceId=0, source=0x1002 }
08-06 13:37:51.336 26185 26185 I Input   : injectMotionEvent: MotionEvent { action=ACTION_UP, actionButton=0, id[0]=0, x[0]=747.0, y[0]=608.0, toolType[0]=TOOL_TYPE_UNKNOWN, buttonState=0, metaState=0, flags=0x0, edgeFlags=0x0, pointerCount=1, historySize=0, eventTime=884287742, downTime=884287742, deviceId=0, source=0x1002 }
08-06 13:37:51.338 26185 26185 D AndroidRuntime: Shutting down VM
08-06 13:37:51.338   918  4400 I ActivityManager: START u0 {cmp=baseline.io.github.project_travel_mate/.utilities.ChecklistActivity} from uid 10696 on display 0
08-06 13:37:51.340   512  2967 D audio_hw_primary: out_set_parameters: enter: usecase(1: low-latency-playback) kvpairs: routing=2
08-06 13:37:51.354   512  2967 D audio_hw_primary: select_devices: out_snd_device(2: speaker) in_snd_device(0: none)
08-06 13:37:51.354   512  2967 D msm8974_platform: platform_send_audio_calibration: sending audio calibration for snd_device(2) acdb_id(15)
08-06 13:37:51.354   512  2967 I soundtrigger: audio_extn_sound_trigger_update_device_status: device 0x2 of type 0 for Event 1
08-06 13:37:51.362 23918 24417 I art     : Explicit concurrent mark sweep GC freed 48(2016B) AllocSpace objects, 0(0B) LOS objects, 7% free, 184MB/200MB, paused 1.377ms total 54.022ms
08-06 13:37:51.367   512  2967 D audio_hw_primary: enable_snd_device: snd_device(2: speaker)
08-06 13:37:51.369   512  2967 D audio_hw_primary: enable_audio_route: apply and update mixer path: low-latency-playback speaker
08-06 13:37:51.436   918   936 I ActivityManager: Displayed baseline.io.github.project_travel_mate/.utilities.ChecklistActivity: +86ms
08-06 13:37:51.436 13866 13866 I GoogleInputMethodServic: GoogleInputMethodService.onFinishInput():3138 
08-06 13:37:51.437 13866 13866 I GoogleInputMethodServic: GoogleInputMethodService.onStartInput():1808 
08-06 13:37:51.679   380   380 W SurfaceFlinger: couldn't log to binary event log: overflow.
08-06 13:37:51.757 23918 23931 I art     : Starting a blocking GC Explicit
08-06 13:37:51.815 23918 23931 I art     : Explicit concurrent mark sweep GC freed 2517(146KB) AllocSpace objects, 2(48KB) LOS objects, 7% free, 184MB/200MB, paused 1.478ms total 57.705ms
08-06 13:37:51.834 23918 23931 I art     : Starting a blocking GC Explicit
08-06 13:37:51.890 23918 23931 I art     : Explicit concurrent mark sweep GC freed 335(13KB) AllocSpace objects, 0(0B) LOS objects, 7% free, 184MB/200MB, paused 1.324ms total 55.647ms
08-06 13:37:51.899   512  2967 D audio_hw_primary: disable_audio_route: reset and update mixer path: low-latency-playback speaker
08-06 13:37:51.900   512  2967 D audio_hw_primary: disable_snd_device: snd_device(2: speaker)
08-06 13:37:51.908   512  2967 I soundtrigger: audio_extn_sound_trigger_update_device_status: device 0x2 of type 0 for Event 0
08-06 13:37:51.909 23918 23931 I art     : Starting a blocking GC Explicit
08-06 13:37:51.966 23918 23931 I art     : Explicit concurrent mark sweep GC freed 11(352B) AllocSpace objects, 0(0B) LOS objects, 7% free, 184MB/200MB, paused 1.512ms total 56.949ms
08-06 13:37:51.986 23918 23931 I art     : Starting a blocking GC Explicit
08-06 13:37:52.008 20760 20760 I ServiceManager: Waiting for service AtCmdFwd...
08-06 13:37:52.043 23918 23931 I art     : Explicit concurrent mark sweep GC freed 3(96B) AllocSpace objects, 0(0B) LOS objects, 7% free, 184MB/200MB, paused 1.288ms total 57.047ms
08-06 13:37:52.063 23918 23931 I art     : Starting a blocking GC Explicit
08-06 13:37:52.122 23918 23931 I art     : Explicit concurrent mark sweep GC freed 3(96B) AllocSpace objects, 0(0B) LOS objects, 7% free, 184MB/200MB, paused 1.393ms total 58.952ms
08-06 13:37:52.557 23918 23930 I art     : Starting a blocking GC Explicit
08-06 13:37:52.634 23918 23930 I art     : Explicit concurrent mark sweep GC freed 1597(92KB) AllocSpace objects, 2(48KB) LOS objects, 7% free, 184MB/200MB, paused 1.436ms total 76.366ms
08-06 13:37:52.657 23918 23930 I art     : Starting a blocking GC Explicit
08-06 13:37:52.718 23918 23930 I art     : Explicit concurrent mark sweep GC freed 76(2592B) AllocSpace objects, 0(0B) LOS objects, 7% free, 184MB/200MB, paused 1.390ms total 60.626ms
08-06 13:37:52.741 23918 23930 I art     : Starting a blocking GC Explicit
08-06 13:37:52.801 23918 23930 I art     : Explicit concurrent mark sweep GC freed 13(640B) AllocSpace objects, 0(0B) LOS objects, 7% free, 184MB/200MB, paused 1.423ms total 60.080ms
08-06 13:37:52.826 23918 23930 I art     : Starting a blocking GC Explicit
08-06 13:37:52.883 23918 23930 I art     : Explicit concurrent mark sweep GC freed 3(96B) AllocSpace objects, 0(0B) LOS objects, 7% free, 184MB/200MB, paused 1.298ms total 57.158ms
08-06 13:37:52.903 23918 23930 I art     : Starting a blocking GC Explicit
08-06 13:37:52.964 23918 23930 I art     : Explicit concurrent mark sweep GC freed 14(720B) AllocSpace objects, 0(0B) LOS objects, 7% free, 184MB/200MB, paused 1.445ms total 61.386ms
08-06 13:37:53.008 20760 20760 I ServiceManager: Waiting for service AtCmdFwd...
08-06 13:37:53.427 23918 23938 I art     : Starting a blocking GC Explicit
08-06 13:37:53.513 23918 23938 I art     : Explicit concurrent mark sweep GC freed 1597(92KB) AllocSpace objects, 2(48KB) LOS objects, 7% free, 184MB/200MB, paused 1.460ms total 85.726ms
08-06 13:37:53.535 23918 23938 I art     : Starting a blocking GC Explicit
08-06 13:37:53.600 23918 23938 I art     : Explicit concurrent mark sweep GC freed 28(1024B) AllocSpace objects, 0(0B) LOS objects, 7% free, 184MB/200MB, paused 1.397ms total 64.547ms
08-06 13:37:53.620 23918 23938 I art     : Starting a blocking GC Explicit
08-06 13:37:53.685 23918 23938 I art     : Explicit concurrent mark sweep GC freed 40(1088B) AllocSpace objects, 0(0B) LOS objects, 7% free, 184MB/200MB, paused 1.367ms total 64.482ms
08-06 13:37:53.704 23918 23938 I art     : Starting a blocking GC Explicit
08-06 13:37:53.770 23918 23938 I art     : Explicit concurrent mark sweep GC freed 3(96B) AllocSpace objects, 0(0B) LOS objects, 7% free, 184MB/200MB, paused 1.526ms total 64.991ms
08-06 13:37:53.792 23918 23938 I art     : Starting a blocking GC Explicit
08-06 13:37:53.862 23918 23938 I art     : Explicit concurrent mark sweep GC freed 3(96B) AllocSpace objects, 0(0B) LOS objects, 7% free, 184MB/200MB, paused 1.485ms total 69.527ms
08-06 13:37:54.009 20760 20760 I ServiceManager: Waiting for service AtCmdFwd...
08-06 13:37:54.063   918  1209 D NetworkMonitor/NetworkAgentInfo [WIFI () - 159]: Checking http://connectivitycheck.gstatic.com/generate_204 on "H369AA63323", 192.168.2.12=192.168.2.12
08-06 13:37:54.117   918  1209 D NetworkMonitor/NetworkAgentInfo [WIFI () - 159]: Probably not a portal: exception java.io.IOException: unexpected end of stream on Connection{connectivitycheck.gstatic.com:80, proxy=HTTP@/192.168.2.12:8080 hostAddress=192.168.2.12 cipherSuite=none protocol=http/1.1} (recycle count=0)
08-06 13:37:54.118   918  3263 D ConnectivityService: NetworkAgentInfo [WIFI () - 159] validation failed
08-06 13:37:54.119   918  3261 E WifiConfigStore:  rewrite network history for "H369AA63323"WPA_PSK
08-06 13:37:54.314 23918 25389 I art     : Starting a blocking GC Explicit
08-06 13:37:54.389 23918 25389 I art     : Explicit concurrent mark sweep GC freed 1586(92KB) AllocSpace objects, 2(48KB) LOS objects, 7% free, 184MB/200MB, paused 1.364ms total 74.694ms
08-06 13:37:54.409 23918 25389 I art     : Starting a blocking GC Explicit
08-06 13:37:54.473 23918 25389 I art     : Explicit concurrent mark sweep GC freed 28(1024B) AllocSpace objects, 0(0B) LOS objects, 7% free, 184MB/200MB, paused 1.589ms total 64.145ms
08-06 13:37:54.496 23918 25389 I art     : Starting a blocking GC Explicit
08-06 13:37:54.559 23918 25389 I art     : Explicit concurrent mark sweep GC freed 3(96B) AllocSpace objects, 0(0B) LOS objects, 7% free, 184MB/200MB, paused 1.411ms total 62.212ms
08-06 13:37:54.579 23918 25389 I art     : Starting a blocking GC Explicit
08-06 13:37:54.647 23918 25389 I art     : Explicit concurrent mark sweep GC freed 39(1056B) AllocSpace objects, 0(0B) LOS objects, 7% free, 184MB/200MB, paused 1.402ms total 67.877ms
08-06 13:37:54.668 23918 25389 I art     : Starting a blocking GC Explicit
08-06 13:37:54.733 23918 25389 I art     : Explicit concurrent mark sweep GC freed 4(128B) AllocSpace objects, 0(0B) LOS objects, 7% free, 184MB/200MB, paused 1.362ms total 65.056ms
08-06 13:37:55.010 20760 20760 W Atfwd_Sendcmd: AtCmdFwd service not published, waiting... retryCnt : 5
08-06 13:37:55.173 23918 24417 I art     : Starting a blocking GC Explicit
08-06 13:37:55.262 23918 24417 I art     : Explicit concurrent mark sweep GC freed 1584(92KB) AllocSpace objects, 2(48KB) LOS objects, 7% free, 184MB/200MB, paused 1.570ms total 88.595ms
08-06 13:37:55.290 23918 24417 I art     : Starting a blocking GC Explicit
08-06 13:37:55.356 23918 24417 I art     : Explicit concurrent mark sweep GC freed 28(1024B) AllocSpace objects, 0(0B) LOS objects, 7% free, 184MB/200MB, paused 1.556ms total 65.858ms
08-06 13:37:55.378 23918 24417 I art     : Starting a blocking GC Explicit
08-06 13:37:55.441 23918 24417 I art     : Explicit concurrent mark sweep GC freed 3(96B) AllocSpace objects, 0(0B) LOS objects, 7% free, 184MB/200MB, paused 1.365ms total 63.353ms
08-06 13:37:55.461 23918 24417 I art     : Starting a blocking GC Explicit
08-06 13:37:55.529 23918 24417 I art     : Explicit concurrent mark sweep GC freed 3(96B) AllocSpace objects, 0(0B) LOS objects, 7% free, 184MB/200MB, paused 1.556ms total 67.300ms
08-06 13:37:55.552 23918 24417 I art     : Starting a blocking GC Explicit
08-06 13:37:55.613 23918 24417 I art     : Explicit concurrent mark sweep GC freed 14(720B) AllocSpace objects, 0(0B) LOS objects, 7% free, 184MB/200MB, paused 1.251ms total 60.721ms
08-06 13:37:56.041 23918 23931 I art     : Starting a blocking GC Explicit
08-06 13:37:56.113 23918 23931 I art     : Explicit concurrent mark sweep GC freed 1646(94KB) AllocSpace objects, 2(48KB) LOS objects, 7% free, 184MB/200MB, paused 1.540ms total 71.479ms
08-06 13:37:56.138 23918 23931 I art     : Starting a blocking GC Explicit
08-06 13:37:56.140 26262 26262 D AndroidRuntime: >>>>>> START com.android.internal.os.RuntimeInit uid 2000 <<<<<<
08-06 13:37:56.145 26262 26262 D AndroidRuntime: CheckJNI is OFF
08-06 13:37:56.190 26262 26262 D ICU     : No timezone override file found: /data/misc/zoneinfo/current/icu/icu_tzdata.dat
08-06 13:37:56.197 23918 23931 I art     : Explicit concurrent mark sweep GC freed 38(1568B) AllocSpace objects, 0(0B) LOS objects, 7% free, 184MB/200MB, paused 1.426ms total 58.534ms
08-06 13:37:56.216 23918 23931 I art     : Starting a blocking GC Explicit
08-06 13:37:56.238 26262 26262 I Radio-JNI: register_android_hardware_Radio DONE
08-06 13:37:56.267 26262 26262 D AndroidRuntime: Calling main entry com.android.commands.input.Input
08-06 13:37:56.269 26262 26262 I Input   : injectKeyEvent: KeyEvent { action=ACTION_DOWN, keyCode=KEYCODE_BACK, scanCode=0, metaState=0, flags=0x0, repeatCount=0, eventTime=884292682, downTime=884292682, deviceId=-1, source=0x101 }
08-06 13:37:56.274 23918 23931 I art     : Explicit concurrent mark sweep GC freed 3(96B) AllocSpace objects, 0(0B) LOS objects, 7% free, 184MB/200MB, paused 1.333ms total 58.077ms
08-06 13:37:56.276 26262 26262 I Input   : injectKeyEvent: KeyEvent { action=ACTION_UP, keyCode=KEYCODE_BACK, scanCode=0, metaState=0, flags=0x0, repeatCount=0, eventTime=884292682, downTime=884292682, deviceId=-1, source=0x101 }
08-06 13:37:56.287 26262 26262 D AndroidRuntime: Shutting down VM
08-06 13:37:56.294 23918 23931 I art     : Starting a blocking GC Explicit
08-06 13:37:56.298 23918 23918 V MainActivity: url = https://project-travel-mate.herokuapp.com/api/number-of-unread-notifications
08-06 13:37:56.324 13866 13866 I GoogleInputMethodServic: GoogleInputMethodService.onFinishInput():3138 
08-06 13:37:56.325 13866 13866 I GoogleInputMethodServic: GoogleInputMethodService.onStartInput():1808 
08-06 13:37:56.343 23918 23931 I art     : Explicit concurrent mark sweep GC freed 374(15KB) AllocSpace objects, 0(0B) LOS objects, 7% free, 184MB/200MB, paused 1.398ms total 48.931ms
08-06 13:37:56.363 23918 23931 I art     : Starting a blocking GC Explicit
08-06 13:37:56.413 23918 23931 I art     : Explicit concurrent mark sweep GC freed 154(8KB) AllocSpace objects, 0(0B) LOS objects, 7% free, 184MB/200MB, paused 1.319ms total 49.210ms
08-06 13:37:56.616   380   380 W SurfaceFlinger: couldn't log to binary event log: overflow.
08-06 13:37:56.801 23918 23931 I art     : Starting a blocking GC Explicit
08-06 13:37:56.876 23918 23931 I art     : Explicit concurrent mark sweep GC freed 2078(113KB) AllocSpace objects, 2(48KB) LOS objects, 7% free, 184MB/200MB, paused 1.497ms total 74.135ms
08-06 13:37:56.876 23918 23929 I art     : WaitForGcToComplete blocked for 60.519ms for cause HeapTrim
08-06 13:37:56.899 23918 23931 I art     : Starting a blocking GC Explicit
08-06 13:37:56.959 23918 23931 I art     : Explicit concurrent mark sweep GC freed 160(7KB) AllocSpace objects, 0(0B) LOS objects, 7% free, 184MB/200MB, paused 1.425ms total 59.360ms
08-06 13:37:56.978 23918 23931 I art     : Starting a blocking GC Explicit
08-06 13:37:57.040 23918 23931 I art     : Explicit concurrent mark sweep GC freed 3(96B) AllocSpace objects, 0(0B) LOS objects, 7% free, 184MB/200MB, paused 1.537ms total 61.463ms
08-06 13:37:57.065 23918 23931 I art     : Starting a blocking GC Explicit
08-06 13:37:57.125 23918 23931 I art     : Explicit concurrent mark sweep GC freed 2539(130KB) AllocSpace objects, 3(200KB) LOS objects, 7% free, 184MB/200MB, paused 1.454ms total 59.664ms
08-06 13:37:57.130 23918 26285 I NAPPA_EXPERIMENTATION: MetricNetworkRequestExecutionTime: REQUEST_DURATION_SYSTEM='831',REQUEST_DURATION_OKHTTP='31',REQUEST_SYNCHRONOUS='FALSE',RESPONSE_CODE='200',RESPONSE_METHOD='GET',RESPONSE_LENGTH_OKHTTP='36',RESPONSE_LENGTH_HEADER='36',REQUEST_PROTOCOL='http/1.1',REQUEST_URL='https://project-travel-mate.herokuapp.com/api/number-of-unread-notifications',
08-06 13:37:57.145 23918 23931 I art     : Starting a blocking GC Explicit
08-06 13:37:57.205 23918 23931 I art     : Explicit concurrent mark sweep GC freed 1094(129KB) AllocSpace objects, 0(0B) LOS objects, 7% free, 184MB/200MB, paused 1.369ms total 60.056ms
08-06 13:37:57.622 23918 23938 I art     : Starting a blocking GC Explicit
08-06 13:37:57.691 23918 23938 I art     : Explicit concurrent mark sweep GC freed 1743(98KB) AllocSpace objects, 2(48KB) LOS objects, 7% free, 184MB/200MB, paused 1.385ms total 68.063ms
08-06 13:37:57.710 23918 23938 I art     : Starting a blocking GC Explicit
08-06 13:37:57.766 23918 23938 I art     : Explicit concurrent mark sweep GC freed 42(1456B) AllocSpace objects, 0(0B) LOS objects, 7% free, 184MB/200MB, paused 1.342ms total 55.419ms
08-06 13:37:57.785 23918 23938 I art     : Starting a blocking GC Explicit
08-06 13:37:57.841 23918 23938 I art     : Explicit concurrent mark sweep GC freed 3(96B) AllocSpace objects, 0(0B) LOS objects, 7% free, 184MB/200MB, paused 1.305ms total 55.492ms
08-06 13:37:57.860 23918 23938 I art     : Starting a blocking GC Explicit
08-06 13:37:57.916 23918 23938 I art     : Explicit concurrent mark sweep GC freed 3(96B) AllocSpace objects, 0(0B) LOS objects, 7% free, 184MB/200MB, paused 1.330ms total 55.794ms
08-06 13:37:57.936 23918 23938 I art     : Starting a blocking GC Explicit
08-06 13:37:58.000 23918 23938 I art     : Explicit concurrent mark sweep GC freed 13(416B) AllocSpace objects, 0(0B) LOS objects, 7% free, 184MB/200MB, paused 1.811ms total 63.337ms
08-06 13:37:58.091 26307 26307 D AndroidRuntime: >>>>>> START com.android.internal.os.RuntimeInit uid 2000 <<<<<<
08-06 13:37:58.097 26307 26307 D AndroidRuntime: CheckJNI is OFF
08-06 13:37:58.149 26307 26307 D ICU     : No timezone override file found: /data/misc/zoneinfo/current/icu/icu_tzdata.dat
08-06 13:37:58.195 26307 26307 I Radio-JNI: register_android_hardware_Radio DONE
08-06 13:37:58.223 26307 26307 D AndroidRuntime: Calling main entry com.android.commands.input.Input
08-06 13:37:58.225 26307 26307 I Input   : injectMotionEvent: MotionEvent { action=ACTION_DOWN, actionButton=0, id[0]=0, x[0]=657.0, y[0]=2037.0, toolType[0]=TOOL_TYPE_UNKNOWN, buttonState=0, metaState=0, flags=0x0, edgeFlags=0x0, pointerCount=1, historySize=0, eventTime=884294638, downTime=884294638, deviceId=0, source=0x1002 }
08-06 13:37:58.229 26307 26307 I Input   : injectMotionEvent: MotionEvent { action=ACTION_UP, actionButton=0, id[0]=0, x[0]=657.0, y[0]=2037.0, toolType[0]=TOOL_TYPE_UNKNOWN, buttonState=0, metaState=0, flags=0x0, edgeFlags=0x0, pointerCount=1, historySize=0, eventTime=884294638, downTime=884294638, deviceId=0, source=0x1002 }
08-06 13:37:58.231 26307 26307 D AndroidRuntime: Shutting down VM
08-06 13:37:58.231   918  6029 I ActivityManager: START u0 {cmp=baseline.io.github.project_travel_mate/.utilities.CompassActivity} from uid 10696 on display 0
08-06 13:37:58.234   512  2967 D audio_hw_primary: out_set_parameters: enter: usecase(1: low-latency-playback) kvpairs: routing=2
08-06 13:37:58.247   512  2967 D audio_hw_primary: select_devices: out_snd_device(2: speaker) in_snd_device(0: none)
08-06 13:37:58.247   512  2967 D msm8974_platform: platform_send_audio_calibration: sending audio calibration for snd_device(2) acdb_id(15)
08-06 13:37:58.247   512  2967 I soundtrigger: audio_extn_sound_trigger_update_device_status: device 0x2 of type 0 for Event 1
08-06 13:37:58.260   512  2967 D audio_hw_primary: enable_snd_device: snd_device(2: speaker)
08-06 13:37:58.262   512  2967 D audio_hw_primary: enable_audio_route: apply and update mixer path: low-latency-playback speaker
08-06 13:37:58.414 23918 23938 I art     : Starting a blocking GC Explicit
08-06 13:37:58.469 23918 23938 I art     : Explicit concurrent mark sweep GC freed 72(3KB) AllocSpace objects, 0(0B) LOS objects, 6% free, 233MB/249MB, paused 1.385ms total 54.260ms
08-06 13:37:58.489 23918 23938 I art     : Starting a blocking GC Explicit
08-06 13:37:58.543 23918 23938 I art     : Explicit concurrent mark sweep GC freed 3(96B) AllocSpace objects, 0(0B) LOS objects, 6% free, 233MB/249MB, paused 1.454ms total 54.338ms
08-06 13:37:58.562 23918 23938 I art     : Starting a blocking GC Explicit
08-06 13:37:58.614 23918 23938 I art     : Explicit concurrent mark sweep GC freed 3(96B) AllocSpace objects, 0(0B) LOS objects, 6% free, 233MB/249MB, paused 1.431ms total 51.529ms
08-06 13:37:58.633 23918 23938 I art     : Starting a blocking GC Explicit
08-06 13:37:58.688 23918 23938 I art     : Explicit concurrent mark sweep GC freed 40(1088B) AllocSpace objects, 0(0B) LOS objects, 6% free, 233MB/249MB, paused 1.456ms total 54.942ms
08-06 13:37:58.707 23918 23938 I art     : Starting a blocking GC Explicit
08-06 13:37:58.762 23918 23938 I art     : Explicit concurrent mark sweep GC freed 7(224B) AllocSpace objects, 0(0B) LOS objects, 6% free, 236MB/252MB, paused 1.460ms total 54.653ms
08-06 13:37:58.795 23918 23918 D CompassActivity: start compass
08-06 13:37:58.796   918  4400 I sensors : batch
08-06 13:37:58.796   918  4400 I sensors : activate
08-06 13:37:58.797   918  6029 I sensors : batch
08-06 13:37:58.797   918  6029 I sensors : activate
08-06 13:37:58.799   512  2967 D audio_hw_primary: disable_audio_route: reset and update mixer path: low-latency-playback speaker
08-06 13:37:58.800   512  2967 D audio_hw_primary: disable_snd_device: snd_device(2: speaker)
08-06 13:37:58.801 23918 23918 I Choreographer: Skipped 33 frames!  The application may be doing too much work on its main thread.
08-06 13:37:58.804   918  3188 I hubconnection: sensorhub said: 'batch 1 flags:0, sampling_rate_Hz:50.00, max_report_latency_us:0'
08-06 13:37:58.806   918  3188 I hubconnection: sensorhub said: 'activate 1 enable:1'
08-06 13:37:58.807   918  3188 I hubconnection: sensorhub said: 'batch 3 flags:0, sampling_rate_Hz:50.00, max_report_latency_us:0'
08-06 13:37:58.808   512  2967 I soundtrigger: audio_extn_sound_trigger_update_device_status: device 0x2 of type 0 for Event 0
08-06 13:37:58.808   918  3188 I hubconnection: sensorhub said: 'activate 3 enable:1'
08-06 13:37:58.850 13866 13866 I GoogleInputMethodServic: GoogleInputMethodService.onFinishInput():3138 
08-06 13:37:58.851 13866 13866 I GoogleInputMethodServic: GoogleInputMethodService.onStartInput():1808 
08-06 13:37:58.963 23918 23918 D CompassActivity: will set rotation from 0.0 to 179.48444
08-06 13:37:58.963 23918 23918 D CompassActivity: will set rotation from 179.48444 to 179.99133
08-06 13:37:58.964 23918 23918 D CompassActivity: will set rotation from 179.99133 to 179.99799
08-06 13:37:58.969   918   936 I ActivityManager: Displayed baseline.io.github.project_travel_mate/.utilities.CompassActivity: +728ms
08-06 13:37:59.053 23918 23918 D CompassActivity: will set rotation from 179.99799 to 179.69604
08-06 13:37:59.054 23918 23918 D CompassActivity: will set rotation from 179.69604 to 179.69849
08-06 13:37:59.054 23918 23918 D CompassActivity: will set rotation from 179.69849 to 179.91931
08-06 13:37:59.054 23918 23918 D CompassActivity: will set rotation from 179.91931 to 179.92126
08-06 13:37:59.054 23918 23918 D CompassActivity: will set rotation from 179.92126 to 179.73334
08-06 13:37:59.054 23918 23918 D CompassActivity: will set rotation from 179.73334 to 179.7417
08-06 13:37:59.054 23918 23918 D CompassActivity: will set rotation from 179.7417 to 179.69238
08-06 13:37:59.054 23918 23918 D CompassActivity: will set rotation from 179.69238 to 179.70343
08-06 13:37:59.144 23918 23918 D CompassActivity: will set rotation from 179.70343 to 179.68597
08-06 13:37:59.145 23918 23918 D CompassActivity: will set rotation from 179.68597 to 179.6947
08-06 13:37:59.145 23918 23918 D CompassActivity: will set rotation from 179.6947 to 179.80927
08-06 13:37:59.145 23918 23918 D CompassActivity: will set rotation from 179.80927 to 179.80933
08-06 13:37:59.145 23918 23918 D CompassActivity: will set rotation from 179.80933 to 179.83417
08-06 13:37:59.145 23918 23918 D CompassActivity: will set rotation from 179.83417 to 179.82562
08-06 13:37:59.145 23918 23918 D CompassActivity: will set rotation from 179.82562 to 179.90454
08-06 13:37:59.145 23918 23918 D CompassActivity: will set rotation from 179.90454 to 179.90076
08-06 13:37:59.145 23918 23918 D CompassActivity: will set rotation from 179.90076 to 179.90784
08-06 13:37:59.146 23918 23918 D CompassActivity: will set rotation from 179.90784 to 179.91534
08-06 13:37:59.159 23918 23931 I art     : Starting a blocking GC Explicit
08-06 13:37:59.172 23918 23918 D CompassActivity: will set rotation from 179.91534 to 179.83331
08-06 13:37:59.172 23918 23918 D CompassActivity: will set rotation from 179.83331 to 179.8385
08-06 13:37:59.181 23918 23918 D CompassActivity: will set rotation from 179.8385 to 179.77136
08-06 13:37:59.181 23918 23918 D CompassActivity: will set rotation from 179.77136 to 179.7677
08-06 13:37:59.200 23918 23918 D CompassActivity: will set rotation from 179.7677 to 179.75275
08-06 13:37:59.201 23918 23918 D CompassActivity: will set rotation from 179.75275 to 179.75171
08-06 13:37:59.213 23918 23931 I art     : Explicit concurrent mark sweep GC freed 2021(116KB) AllocSpace objects, 2(48KB) LOS objects, 6% free, 236MB/252MB, paused 1.288ms total 53.777ms
08-06 13:37:59.219   380   380 W SurfaceFlinger: couldn't log to binary event log: overflow.
08-06 13:37:59.221 23918 23918 D CompassActivity: will set rotation from 179.75171 to 179.77875
08-06 13:37:59.222 23918 23918 D CompassActivity: will set rotation from 179.77875 to 179.7818
08-06 13:37:59.231 23918 23931 I art     : Starting a blocking GC Explicit
08-06 13:37:59.240 23918 23918 D CompassActivity: will set rotation from 179.7818 to 179.84363
08-06 13:37:59.240 23918 23918 D CompassActivity: will set rotation from 179.84363 to 179.84131
08-06 13:37:59.261 23918 23918 D CompassActivity: will set rotation from 179.84131 to 179.81921
08-06 13:37:59.261 23918 23918 D CompassActivity: will set rotation from 179.81921 to 179.81427
08-06 13:37:59.281 23918 23918 D CompassActivity: will set rotation from 179.81427 to 179.8371
08-06 13:37:59.281 23918 23918 D CompassActivity: will set rotation from 179.8371 to 179.83795
08-06 13:37:59.281 23918 23931 I art     : Explicit concurrent mark sweep GC freed 456(19KB) AllocSpace objects, 0(0B) LOS objects, 6% free, 236MB/252MB, paused 1.186ms total 49.709ms
08-06 13:37:59.299 23918 23931 I art     : Starting a blocking GC Explicit
08-06 13:37:59.302 23918 23918 D CompassActivity: will set rotation from 179.83795 to 179.86554
08-06 13:37:59.302 23918 23918 D CompassActivity: will set rotation from 179.86554 to 179.87073
08-06 13:37:59.322 23918 23918 D CompassActivity: will set rotation from 179.87073 to 179.85632
08-06 13:37:59.322 23918 23918 D CompassActivity: will set rotation from 179.85632 to 179.85596
08-06 13:37:59.353 23918 23931 I art     : Explicit concurrent mark sweep GC freed 123(6KB) AllocSpace objects, 0(0B) LOS objects, 6% free, 236MB/252MB, paused 1.244ms total 53.740ms
08-06 13:37:59.374 23918 23931 I art     : Starting a blocking GC Explicit
08-06 13:37:59.423 23918 23918 D CompassActivity: will set rotation from 179.85596 to 179.93433
08-06 13:37:59.423 23918 23918 D CompassActivity: will set rotation from 179.93433 to 179.92682
08-06 13:37:59.423 23918 23918 D CompassActivity: will set rotation from 179.92682 to 179.96954
08-06 13:37:59.423 23918 23931 I art     : Explicit concurrent mark sweep GC freed 81(3KB) AllocSpace objects, 0(0B) LOS objects, 6% free, 236MB/252MB, paused 1.430ms total 48.981ms
08-06 13:37:59.423 23918 23918 D CompassActivity: will set rotation from 179.96954 to 179.96466
08-06 13:37:59.423 23918 23918 D CompassActivity: will set rotation from 179.96466 to 179.97595
08-06 13:37:59.423 23918 23918 D CompassActivity: will set rotation from 179.97595 to 179.97546
08-06 13:37:59.424 23918 23918 D CompassActivity: will set rotation from 179.97546 to 179.97961
08-06 13:37:59.424 23918 23918 D CompassActivity: will set rotation from 179.97961 to 179.98236
08-06 13:37:59.424 23918 23918 D CompassActivity: will set rotation from 179.98236 to 179.96002
08-06 13:37:59.424 23918 23918 D CompassActivity: will set rotation from 179.96002 to 179.96222
08-06 13:37:59.441 23918 23918 D CompassActivity: will set rotation from 179.96222 to 179.99689
08-06 13:37:59.441 23918 23931 I art     : Starting a blocking GC Explicit
08-06 13:37:59.442 23918 23918 D CompassActivity: will set rotation from 179.99689 to 180.00076
08-06 13:37:59.459 23918 23918 D CompassActivity: will set rotation from 180.00076 to 180.00215
08-06 13:37:59.460 23918 23918 D CompassActivity: will set rotation from 180.00215 to 180.00659
08-06 13:37:59.479 23918 23918 D CompassActivity: will set rotation from 180.00659 to 179.98383
08-06 13:37:59.480 23918 23918 D CompassActivity: will set rotation from 179.98383 to 179.98291
08-06 13:37:59.491 23918 23931 I art     : Explicit concurrent mark sweep GC freed 196(10KB) AllocSpace objects, 0(0B) LOS objects, 6% free, 236MB/252MB, paused 1.135ms total 49.567ms
08-06 13:37:59.499 23918 23918 D CompassActivity: will set rotation from 179.98291 to 179.98956
08-06 13:37:59.500 23918 23918 D CompassActivity: will set rotation from 179.98956 to 179.98291
08-06 13:37:59.521 23918 23918 D CompassActivity: will set rotation from 179.98291 to 179.98767
08-06 13:37:59.521 23918 23918 D CompassActivity: will set rotation from 179.98767 to 179.98218
08-06 13:37:59.540 23918 23918 D CompassActivity: will set rotation from 179.98218 to 180.01314
08-06 13:37:59.541 23918 23918 D CompassActivity: will set rotation from 180.01314 to 180.01685
08-06 13:37:59.560 23918 23918 D CompassActivity: will set rotation from 180.01685 to 180.01965
08-06 13:37:59.560 23918 23918 D CompassActivity: will set rotation from 180.01965 to 180.02623
08-06 13:37:59.579 23918 23918 D CompassActivity: will set rotation from 180.02623 to 180.07895
08-06 13:37:59.580 23918 23918 D CompassActivity: will set rotation from 180.07895 to 180.08221
08-06 13:37:59.599 23918 23918 D CompassActivity: will set rotation from 180.08221 to 180.06209
08-06 13:37:59.600 23918 23918 D CompassActivity: will set rotation from 180.06209 to 180.05963
08-06 13:37:59.621 23918 23918 D CompassActivity: will set rotation from 180.05963 to 180.10655
08-06 13:37:59.622 23918 23918 D CompassActivity: will set rotation from 180.10655 to 180.10669
08-06 13:37:59.643 23918 23918 D CompassActivity: will set rotation from 180.10669 to 180.12999
08-06 13:37:59.643 23918 23918 D CompassActivity: will set rotation from 180.12999 to 180.12766
08-06 13:37:59.660 23918 23918 D CompassActivity: will set rotation from 180.12766 to 180.14856
08-06 13:37:59.660 23918 23918 D CompassActivity: will set rotation from 180.14856 to 180.14206
08-06 13:37:59.679 23918 23918 D CompassActivity: will set rotation from 180.14206 to 180.12126
08-06 13:37:59.680 23918 23918 D CompassActivity: will set rotation from 180.12126 to 180.11496
08-06 13:37:59.699 23918 23918 D CompassActivity: will set rotation from 180.11496 to 180.11165
08-06 13:37:59.700 23918 23918 D CompassActivity: will set rotation from 180.11165 to 180.1139
08-06 13:37:59.722 23918 23918 D CompassActivity: will set rotation from 180.1139 to 180.13408
08-06 13:37:59.723 23918 23918 D CompassActivity: will set rotation from 180.13408 to 180.1421
08-06 13:37:59.740 23918 23918 D CompassActivity: will set rotation from 180.1421 to 180.16122
08-06 13:37:59.740 23918 23918 D CompassActivity: will set rotation from 180.16122 to 180.16887
08-06 13:37:59.759 23918 23918 D CompassActivity: will set rotation from 180.16887 to 180.21051
08-06 13:37:59.760 23918 23918 D CompassActivity: will set rotation from 180.21051 to 180.2144
08-06 13:37:59.778 23918 23918 D CompassActivity: will set rotation from 180.2144 to 180.22731
08-06 13:37:59.778 23918 23918 D CompassActivity: will set rotation from 180.22731 to 180.2234
08-06 13:37:59.798 23918 23918 D CompassActivity: will set rotation from 180.2234 to 180.21988
08-06 13:37:59.799 23918 23918 D CompassActivity: will set rotation from 180.21988 to 180.21362
08-06 13:37:59.818 23918 23918 D CompassActivity: will set rotation from 180.21362 to 180.21034
08-06 13:37:59.819 23918 23918 D CompassActivity: will set rotation from 180.21034 to 180.2023
08-06 13:37:59.839 23918 23918 D CompassActivity: will set rotation from 180.2023 to 180.19919
08-06 13:37:59.839 23918 23918 D CompassActivity: will set rotation from 180.19919 to 180.19827
08-06 13:37:59.858 23918 23918 D CompassActivity: will set rotation from 180.19827 to 180.19426
08-06 13:37:59.858 23918 23918 D CompassActivity: will set rotation from 180.19426 to 180.2011
08-06 13:37:59.877 23918 23918 D CompassActivity: will set rotation from 180.2011 to 180.19633
08-06 13:37:59.878 23918 23918 D CompassActivity: will set rotation from 180.19633 to 180.20566
08-06 13:37:59.899 23918 23918 D CompassActivity: will set rotation from 180.20566 to 180.1851
08-06 13:37:59.899 23918 23918 D CompassActivity: will set rotation from 180.1851 to 180.18758
08-06 13:37:59.903 23918 25389 I art     : Starting a blocking GC Explicit
08-06 13:37:59.918 23918 23918 D CompassActivity: will set rotation from 180.18758 to 180.18478
08-06 13:37:59.919 23918 23918 D CompassActivity: will set rotation from 180.18478 to 180.1783
08-06 13:37:59.939 23918 23918 D CompassActivity: will set rotation from 180.1783 to 180.17467
08-06 13:37:59.939 23918 23918 D CompassActivity: will set rotation from 180.17467 to 180.16562
08-06 13:37:59.958 23918 23918 D CompassActivity: will set rotation from 180.16562 to 180.14671
08-06 13:37:59.958 23918 23918 D CompassActivity: will set rotation from 180.14671 to 180.14156
08-06 13:37:59.962 23918 25389 I art     : Explicit concurrent mark sweep GC freed 2167(125KB) AllocSpace objects, 2(48KB) LOS objects, 6% free, 236MB/252MB, paused 1.204ms total 58.495ms
08-06 13:37:59.978 23918 23918 D CompassActivity: will set rotation from 180.14156 to 180.14186
08-06 13:37:59.979 23918 23918 D CompassActivity: will set rotation from 180.14186 to 180.1422
08-06 13:37:59.982 23918 25389 I art     : Starting a blocking GC Explicit
08-06 13:37:59.999 23918 23918 D CompassActivity: will set rotation from 180.1422 to 180.15764
08-06 13:37:59.999 23918 23918 D CompassActivity: will set rotation from 180.15764 to 180.16269
08-06 13:38:00.019 23918 23918 D CompassActivity: will set rotation from 180.16269 to 180.15836
08-06 13:38:00.020 23918 23918 D CompassActivity: will set rotation from 180.15836 to 180.16536
08-06 13:38:00.044 23918 23918 D CompassActivity: will set rotation from 180.16536 to 180.14626
08-06 13:38:00.044 23918 25389 I art     : Explicit concurrent mark sweep GC freed 763(29KB) AllocSpace objects, 0(0B) LOS objects, 6% free, 236MB/252MB, paused 1.218ms total 61.935ms
08-06 13:38:00.046 23918 23918 D CompassActivity: will set rotation from 180.14626 to 180.1488
08-06 13:38:00.060 23918 23918 D CompassActivity: will set rotation from 180.1488 to 180.14735
08-06 13:38:00.060 23918 23918 D CompassActivity: will set rotation from 180.14735 to 180.14401
08-06 13:38:00.065 23918 25389 I art     : Starting a blocking GC Explicit
08-06 13:38:00.079 23918 23918 D CompassActivity: will set rotation from 180.14401 to 180.1417
08-06 13:38:00.079 23918 23918 D CompassActivity: will set rotation from 180.1417 to 180.13344
08-06 13:38:00.097 23918 23918 D CompassActivity: will set rotation from 180.13344 to 180.11656
08-06 13:38:00.098 23918 23918 D CompassActivity: will set rotation from 180.11656 to 180.11113
08-06 13:38:00.118 23918 23918 D CompassActivity: will set rotation from 180.11113 to 180.11035
08-06 13:38:00.118 23918 23918 D CompassActivity: will set rotation from 180.11035 to 180.10938
08-06 13:38:00.122 23918 25389 I art     : Explicit concurrent mark sweep GC freed 160(8KB) AllocSpace objects, 0(0B) LOS objects, 6% free, 236MB/252MB, paused 1.322ms total 56.588ms
08-06 13:38:00.138 23918 23918 D CompassActivity: will set rotation from 180.10938 to 180.0894
08-06 13:38:00.139 23918 23918 D CompassActivity: will set rotation from 180.0894 to 180.09286
08-06 13:38:00.141 23918 25389 I art     : Starting a blocking GC Explicit
08-06 13:38:00.160 23918 23918 D CompassActivity: will set rotation from 180.09286 to 180.09203
08-06 13:38:00.161 23918 23918 D CompassActivity: will set rotation from 180.09203 to 180.10028
08-06 13:38:00.178 23918 23918 D CompassActivity: will set rotation from 180.10028 to 180.11955
08-06 13:38:00.179 23918 23918 D CompassActivity: will set rotation from 180.11955 to 180.12471
08-06 13:38:00.197 23918 23918 D CompassActivity: will set rotation from 180.12471 to 180.14111
08-06 13:38:00.198 23918 23918 D CompassActivity: will set rotation from 180.14111 to 180.1395
08-06 13:38:00.203 23918 25389 I art     : Explicit concurrent mark sweep GC freed 204(9KB) AllocSpace objects, 0(0B) LOS objects, 6% free, 236MB/252MB, paused 1.380ms total 61.314ms
08-06 13:38:00.217 23918 23918 D CompassActivity: will set rotation from 180.1395 to 180.10419
08-06 13:38:00.217 23918 23918 D CompassActivity: will set rotation from 180.10419 to 180.10042
08-06 13:38:00.223 23918 25389 I art     : Starting a blocking GC Explicit
08-06 13:38:00.238 23918 23918 D CompassActivity: will set rotation from 180.10042 to 180.1004
08-06 13:38:00.238 23918 23918 D CompassActivity: will set rotation from 180.1004 to 180.09425
08-06 13:38:00.259 23918 23918 D CompassActivity: will set rotation from 180.09425 to 180.07936
08-06 13:38:00.260 23918 23918 D CompassActivity: will set rotation from 180.07936 to 180.07704
08-06 13:38:00.277 23918 23918 D CompassActivity: will set rotation from 180.07704 to 180.09534
08-06 13:38:00.278 23918 23918 D CompassActivity: will set rotation from 180.09534 to 180.09569
08-06 13:38:00.286 23918 25389 I art     : Explicit concurrent mark sweep GC freed 175(8KB) AllocSpace objects, 0(0B) LOS objects, 6% free, 236MB/252MB, paused 1.354ms total 63.041ms
08-06 13:38:00.297 23918 23918 D CompassActivity: will set rotation from 180.09569 to 180.09755
08-06 13:38:00.298 23918 23918 D CompassActivity: will set rotation from 180.09755 to 180.10278
08-06 13:38:00.317 23918 23918 D CompassActivity: will set rotation from 180.10278 to 180.1185
08-06 13:38:00.317 23918 23918 D CompassActivity: will set rotation from 180.1185 to 180.12427
08-06 13:38:00.336 23918 23918 D CompassActivity: will set rotation from 180.12427 to 180.14116
08-06 13:38:00.337 23918 23918 D CompassActivity: will set rotation from 180.14116 to 180.14322
08-06 13:38:00.360 23918 23918 D CompassActivity: will set rotation from 180.14322 to 180.12637
08-06 13:38:00.360 23918 23918 D CompassActivity: will set rotation from 180.12637 to 180.1246
08-06 13:38:00.377 23918 23918 D CompassActivity: will set rotation from 180.1246 to 180.12482
08-06 13:38:00.377 23918 23918 D CompassActivity: will set rotation from 180.12482 to 180.12085
08-06 13:38:00.398 23918 23918 D CompassActivity: will set rotation from 180.12085 to 180.13934
08-06 13:38:00.400 23918 23918 D CompassActivity: will set rotation from 180.13934 to 180.13655
08-06 13:38:00.417 23918 23918 D CompassActivity: will set rotation from 180.13655 to 180.11989
08-06 13:38:00.418 23918 23918 D CompassActivity: will set rotation from 180.11989 to 180.11787
08-06 13:38:00.440 23918 23918 D CompassActivity: will set rotation from 180.11787 to 180.1506
08-06 13:38:00.441 23918 23918 D CompassActivity: will set rotation from 180.1506 to 180.15181
08-06 13:38:00.457 23918 23918 D CompassActivity: will set rotation from 180.15181 to 180.16714
08-06 13:38:00.458 23918 23918 D CompassActivity: will set rotation from 180.16714 to 180.17253
08-06 13:38:00.478 23918 23918 D CompassActivity: will set rotation from 180.17253 to 180.18834
08-06 13:38:00.479 23918 23918 D CompassActivity: will set rotation from 180.18834 to 180.19128
08-06 13:38:00.499 23918 23918 D CompassActivity: will set rotation from 180.19128 to 180.20648
08-06 13:38:00.500 23918 23918 D CompassActivity: will set rotation from 180.20648 to 180.20667
08-06 13:38:00.516 23918 23918 D CompassActivity: will set rotation from 180.20667 to 180.1865
08-06 13:38:00.517 23918 23918 D CompassActivity: will set rotation from 180.1865 to 180.18394
08-06 13:38:00.535 23918 23918 D CompassActivity: will set rotation from 180.18394 to 180.18402
08-06 13:38:00.535 23918 23918 D CompassActivity: will set rotation from 180.18402 to 180.18001
08-06 13:38:00.556 23918 23918 D CompassActivity: will set rotation from 180.18001 to 180.17917
08-06 13:38:00.556 23918 23918 D CompassActivity: will set rotation from 180.17917 to 180.17801
08-06 13:38:00.575 23918 23918 D CompassActivity: will set rotation from 180.17801 to 180.19237
08-06 13:38:00.576 23918 23918 D CompassActivity: will set rotation from 180.19237 to 180.19278
08-06 13:38:00.597 23918 23918 D CompassActivity: will set rotation from 180.19278 to 180.18884
08-06 13:38:00.598 23918 23918 D CompassActivity: will set rotation from 180.18884 to 180.1896
08-06 13:38:00.615 23918 23918 D CompassActivity: will set rotation from 180.1896 to 180.18762
08-06 13:38:00.615 23918 23918 D CompassActivity: will set rotation from 180.18762 to 180.18765
08-06 13:38:00.635 23918 23918 D CompassActivity: will set rotation from 180.18765 to 180.1708
08-06 13:38:00.635 23918 23918 D CompassActivity: will set rotation from 180.1708 to 180.16933
08-06 13:38:00.655 23918 23918 D CompassActivity: will set rotation from 180.16933 to 180.15115
08-06 13:38:00.656 23918 23918 D CompassActivity: will set rotation from 180.15115 to 180.14934
08-06 13:38:00.675 23918 23918 D CompassActivity: will set rotation from 180.14934 to 180.13185
08-06 13:38:00.677 23918 23918 D CompassActivity: will set rotation from 180.13185 to 180.13069
08-06 13:38:00.697 23918 23918 D CompassActivity: will set rotation from 180.13069 to 180.14449
08-06 13:38:00.698 23918 23918 D CompassActivity: will set rotation from 180.14449 to 180.14226
08-06 13:38:00.714 23918 23918 D CompassActivity: will set rotation from 180.14226 to 180.12592
08-06 13:38:00.715 23918 23918 D CompassActivity: will set rotation from 180.12592 to 180.12737
08-06 13:38:00.725 23918 25389 I art     : Starting a blocking GC Explicit
08-06 13:38:00.734 23918 23918 D CompassActivity: will set rotation from 180.12737 to 180.11153
08-06 13:38:00.734 23918 23918 D CompassActivity: will set rotation from 180.11153 to 180.11476
08-06 13:38:00.754 23918 23918 D CompassActivity: will set rotation from 180.11476 to 180.116
08-06 13:38:00.754 23918 23918 D CompassActivity: will set rotation from 180.116 to 180.11703
08-06 13:38:00.765   518   646 I ThermalEngine: ACTION: GPU - Setting GPU[0] to 390000000
08-06 13:38:00.775 23918 23918 D CompassActivity: will set rotation from 180.11703 to 180.12949
08-06 13:38:00.776 23918 23918 D CompassActivity: will set rotation from 180.12949 to 180.1275
08-06 13:38:00.791 23918 25389 I art     : Explicit concurrent mark sweep GC freed 2089(123KB) AllocSpace objects, 2(48KB) LOS objects, 6% free, 236MB/252MB, paused 1.998ms total 65.958ms
08-06 13:38:00.795 23918 23918 D CompassActivity: will set rotation from 180.1275 to 180.19412
08-06 13:38:00.796 23918 23918 D CompassActivity: will set rotation from 180.19412 to 180.19492
08-06 13:38:00.814 23918 23918 D CompassActivity: will set rotation from 180.19492 to 180.19359
08-06 13:38:00.815 23918 23918 D CompassActivity: will set rotation from 180.19359 to 180.19348
08-06 13:38:00.822 23918 25389 I art     : Starting a blocking GC Explicit
08-06 13:38:00.834 23918 23918 D CompassActivity: will set rotation from 180.19348 to 180.20769
08-06 13:38:00.835 23918 23918 D CompassActivity: will set rotation from 180.20769 to 180.20604
08-06 13:38:00.856 23918 23918 D CompassActivity: will set rotation from 180.20604 to 180.20436
08-06 13:38:00.856 23918 23918 D CompassActivity: will set rotation from 180.20436 to 180.20308
08-06 13:38:00.875 23918 23918 D CompassActivity: will set rotation from 180.20308 to 180.21689
08-06 13:38:00.876 23918 23918 D CompassActivity: will set rotation from 180.21689 to 180.21742
08-06 13:38:00.894 23918 23918 D CompassActivity: will set rotation from 180.21742 to 180.23245
08-06 13:38:00.895 23918 23918 D CompassActivity: will set rotation from 180.23245 to 180.23384
08-06 13:38:00.901 23918 25389 I art     : Explicit concurrent mark sweep GC freed 837(34KB) AllocSpace objects, 0(0B) LOS objects, 6% free, 236MB/252MB, paused 2.733ms total 79.062ms
08-06 13:38:00.914 23918 23918 D CompassActivity: will set rotation from 180.23384 to 180.24573
08-06 13:38:00.915 23918 23918 D CompassActivity: will set rotation from 180.24573 to 180.24565
08-06 13:38:00.930 23918 25389 I art     : Starting a blocking GC Explicit
08-06 13:38:00.934 23918 23918 D CompassActivity: will set rotation from 180.24565 to 180.26057
08-06 13:38:00.935 23918 23918 D CompassActivity: will set rotation from 180.26057 to 180.2591
08-06 13:38:00.957 23918 23918 D CompassActivity: will set rotation from 180.2591 to 180.25734
08-06 13:38:00.957 23918 23918 D CompassActivity: will set rotation from 180.25734 to 180.25694
08-06 13:38:00.975 23918 23918 D CompassActivity: will set rotation from 180.25694 to 180.26895
08-06 13:38:00.976 23918 23918 D CompassActivity: will set rotation from 180.26895 to 180.27051
08-06 13:38:00.994 23918 23918 D CompassActivity: will set rotation from 180.27051 to 180.2659
08-06 13:38:00.994 23918 23918 D CompassActivity: will set rotation from 180.2659 to 180.26767
08-06 13:38:01.012 23918 25389 I art     : Explicit concurrent mark sweep GC freed 247(11KB) AllocSpace objects, 0(0B) LOS objects, 6% free, 236MB/252MB, paused 2.268ms total 81.266ms
08-06 13:38:01.014 23918 23918 D CompassActivity: will set rotation from 180.26767 to 180.26227
08-06 13:38:01.014 23918 23918 D CompassActivity: will set rotation from 180.26227 to 180.26375
08-06 13:38:01.033 23918 23918 D CompassActivity: will set rotation from 180.26375 to 180.29167
08-06 13:38:01.034 23918 23918 D CompassActivity: will set rotation from 180.29167 to 180.28993
08-06 13:38:01.042 23918 25389 I art     : Starting a blocking GC Explicit
08-06 13:38:01.053 23918 23918 D CompassActivity: will set rotation from 180.28993 to 180.30101
08-06 13:38:01.053 23918 23918 D CompassActivity: will set rotation from 180.30101 to 180.30025
08-06 13:38:01.078 23918 23918 D CompassActivity: will set rotation from 180.30025 to 180.32614
08-06 13:38:01.079 23918 23918 D CompassActivity: will set rotation from 180.32614 to 180.32654
08-06 13:38:01.093 23918 23918 D CompassActivity: will set rotation from 180.32654 to 180.3212
08-06 13:38:01.094 23918 23918 D CompassActivity: will set rotation from 180.3212 to 180.32138
08-06 13:38:01.113 23918 23918 D CompassActivity: will set rotation from 180.32138 to 180.31364
08-06 13:38:01.114 23918 23918 D CompassActivity: will set rotation from 180.31364 to 180.31403
08-06 13:38:01.120 23918 25389 I art     : Explicit concurrent mark sweep GC freed 232(11KB) AllocSpace objects, 0(0B) LOS objects, 6% free, 236MB/252MB, paused 2.551ms total 78.026ms
08-06 13:38:01.133 23918 23918 D CompassActivity: will set rotation from 180.31403 to 180.35529
08-06 13:38:01.134 23918 23918 D CompassActivity: will set rotation from 180.35529 to 180.35516
08-06 13:38:01.140 26352 26352 D AndroidRuntime: >>>>>> START com.android.internal.os.RuntimeInit uid 2000 <<<<<<
08-06 13:38:01.147 26352 26352 D AndroidRuntime: CheckJNI is OFF
08-06 13:38:01.150 23918 25389 I art     : Starting a blocking GC Explicit
08-06 13:38:01.153 23918 23918 D CompassActivity: will set rotation from 180.35516 to 180.37859
08-06 13:38:01.153 23918 23918 D CompassActivity: will set rotation from 180.37859 to 180.37578
08-06 13:38:01.174 23918 23918 D CompassActivity: will set rotation from 180.37578 to 180.35341
08-06 13:38:01.174 23918 23918 D CompassActivity: will set rotation from 180.35341 to 180.35106
08-06 13:38:01.193 23918 23918 D CompassActivity: will set rotation from 180.35106 to 180.32874
08-06 13:38:01.194 23918 23918 D CompassActivity: will set rotation from 180.32874 to 180.32668
08-06 13:38:01.212 23918 23918 D CompassActivity: will set rotation from 180.32668 to 180.30501
08-06 13:38:01.213 23918 23918 D CompassActivity: will set rotation from 180.30501 to 180.30336
08-06 13:38:01.216 26352 26352 D ICU     : No timezone override file found: /data/misc/zoneinfo/current/icu/icu_tzdata.dat
08-06 13:38:01.231 23918 25389 I art     : Explicit concurrent mark sweep GC freed 247(11KB) AllocSpace objects, 0(0B) LOS objects, 6% free, 236MB/252MB, paused 3.062ms total 80.464ms
08-06 13:38:01.234 23918 23918 D CompassActivity: will set rotation from 180.30336 to 180.31345
08-06 13:38:01.234 23918 23918 D CompassActivity: will set rotation from 180.31345 to 180.315
08-06 13:38:01.253 23918 23918 D CompassActivity: will set rotation from 180.315 to 180.32573
08-06 13:38:01.254 23918 23918 D CompassActivity: will set rotation from 180.32573 to 180.32916
08-06 13:38:01.278 23918 23918 D CompassActivity: will set rotation from 180.32916 to 180.32341
08-06 13:38:01.279 23918 23918 D CompassActivity: will set rotation from 180.32341 to 180.3305
08-06 13:38:01.281 26352 26352 I Radio-JNI: register_android_hardware_Radio DONE
08-06 13:38:01.292 23918 23918 D CompassActivity: will set rotation from 180.3305 to 180.3401
08-06 13:38:01.293 23918 23918 D CompassActivity: will set rotation from 180.3401 to 180.34312
08-06 13:38:01.312 23918 23918 D CompassActivity: will set rotation from 180.34312 to 180.32234
08-06 13:38:01.312 23918 23918 D CompassActivity: will set rotation from 180.32234 to 180.31946
08-06 13:38:01.315 26352 26352 D AndroidRuntime: Calling main entry com.android.commands.input.Input
08-06 13:38:01.317 26352 26352 I Input   : injectKeyEvent: KeyEvent { action=ACTION_DOWN, keyCode=KEYCODE_BACK, scanCode=0, metaState=0, flags=0x0, repeatCount=0, eventTime=884297730, downTime=884297730, deviceId=-1, source=0x101 }
08-06 13:38:01.326 26352 26352 I Input   : injectKeyEvent: KeyEvent { action=ACTION_UP, keyCode=KEYCODE_BACK, scanCode=0, metaState=0, flags=0x0, repeatCount=0, eventTime=884297730, downTime=884297730, deviceId=-1, source=0x101 }
08-06 13:38:01.336 23918 23918 D CompassActivity: will set rotation from 180.31946 to 180.3436
08-06 13:38:01.336 26352 26352 D AndroidRuntime: Shutting down VM
08-06 13:38:01.337 23918 23918 D CompassActivity: will set rotation from 180.3436 to 180.34012
08-06 13:38:01.339   918  6110 I sensors : activate
08-06 13:38:01.340   918  6029 I sensors : activate
08-06 13:38:01.345   918  3188 I hubconnection: sensorhub said: 'activate 1 enable:0'
08-06 13:38:01.346   918  3188 I hubconnection: sensorhub said: 'activate 3 enable:0'
08-06 13:38:01.371 23918 23918 V MainActivity: url = https://project-travel-mate.herokuapp.com/api/number-of-unread-notifications
08-06 13:38:01.500 13866 13866 I GoogleInputMethodServic: GoogleInputMethodService.onFinishInput():3138 
08-06 13:38:01.501 13866 13866 I GoogleInputMethodServic: GoogleInputMethodService.onStartInput():1808 
08-06 13:38:01.712 23918 23930 I art     : Starting a blocking GC Explicit
08-06 13:38:01.788 23918 23918 D CompassActivity: stop compass
08-06 13:38:01.788   380   380 W SurfaceFlinger: couldn't log to binary event log: overflow.
08-06 13:38:01.796 23918 23930 I art     : Explicit concurrent mark sweep GC freed 2401(129KB) AllocSpace objects, 2(48KB) LOS objects, 6% free, 236MB/252MB, paused 2.333ms total 83.696ms
08-06 13:38:01.823 23918 23930 I art     : Starting a blocking GC Explicit
08-06 13:38:01.888 23918 23930 I art     : Explicit concurrent mark sweep GC freed 862(61KB) AllocSpace objects, 0(0B) LOS objects, 6% free, 237MB/253MB, paused 2.285ms total 64.534ms
08-06 13:38:01.914 23918 23930 I art     : Starting a blocking GC Explicit
08-06 13:38:01.953 23918 26373 I NAPPA_EXPERIMENTATION: MetricNetworkRequestExecutionTime: REQUEST_DURATION_SYSTEM='580',REQUEST_DURATION_OKHTTP='34',REQUEST_SYNCHRONOUS='FALSE',RESPONSE_CODE='200',RESPONSE_METHOD='GET',RESPONSE_LENGTH_OKHTTP='36',RESPONSE_LENGTH_HEADER='36',REQUEST_PROTOCOL='http/1.1',REQUEST_URL='https://project-travel-mate.herokuapp.com/api/number-of-unread-notifications',
08-06 13:38:02.009 23918 23930 I art     : Explicit concurrent mark sweep GC freed 3452(176KB) AllocSpace objects, 6(52MB) LOS objects, 7% free, 184MB/200MB, paused 2.355ms total 95.414ms
08-06 13:38:02.010 23918 23929 I art     : WaitForGcToComplete blocked for 50.471ms for cause HeapTrim
08-06 13:38:02.036 23918 23930 I art     : Starting a blocking GC Explicit
08-06 13:38:02.054   918  3261 D WifiStateMachine: starting scan for "H369AA63323"WPA_PSK with 2412,5180
08-06 13:38:02.107 23918 23930 I art     : Explicit concurrent mark sweep GC freed 1032(120KB) AllocSpace objects, 0(0B) LOS objects, 7% free, 184MB/200MB, paused 1.990ms total 70.697ms
08-06 13:38:02.133 23918 23930 I art     : Starting a blocking GC Explicit
08-06 13:38:02.159   918   927 I art     : Background sticky concurrent mark sweep GC freed 65609(9MB) AllocSpace objects, 247(4MB) LOS objects, 17% free, 70MB/85MB, paused 2.598ms total 100.073ms
08-06 13:38:02.196 23918 23930 I art     : Explicit concurrent mark sweep GC freed 3(96B) AllocSpace objects, 0(0B) LOS objects, 7% free, 184MB/200MB, paused 1.728ms total 62.808ms
08-06 13:38:02.668 23918 24417 I art     : Starting a blocking GC Explicit
08-06 13:38:02.740 23918 24417 I art     : Explicit concurrent mark sweep GC freed 1628(93KB) AllocSpace objects, 2(48KB) LOS objects, 7% free, 184MB/200MB, paused 2.180ms total 71.193ms
08-06 13:38:02.765 23918 24417 I art     : Starting a blocking GC Explicit
08-06 13:38:02.835 23918 24417 I art     : Explicit concurrent mark sweep GC freed 55(2032B) AllocSpace objects, 0(0B) LOS objects, 7% free, 184MB/200MB, paused 2.255ms total 69.674ms
08-06 13:38:02.861 23918 24417 I art     : Starting a blocking GC Explicit
08-06 13:38:02.931 23918 24417 I art     : Explicit concurrent mark sweep GC freed 3(96B) AllocSpace objects, 0(0B) LOS objects, 7% free, 184MB/200MB, paused 2.059ms total 69.155ms
08-06 13:38:02.957 23918 24417 I art     : Starting a blocking GC Explicit
08-06 13:38:03.026 23918 24417 I art     : Explicit concurrent mark sweep GC freed 4(128B) AllocSpace objects, 0(0B) LOS objects, 7% free, 184MB/200MB, paused 1.743ms total 67.951ms
08-06 13:38:03.049 23918 24417 I art     : Starting a blocking GC Explicit
08-06 13:38:03.120 23918 24417 I art     : Explicit concurrent mark sweep GC freed 12(384B) AllocSpace objects, 0(0B) LOS objects, 7% free, 184MB/200MB, paused 1.891ms total 70.779ms
08-06 13:38:03.230 26396 26396 D AndroidRuntime: >>>>>> START com.android.internal.os.RuntimeInit uid 2000 <<<<<<
08-06 13:38:03.237 26396 26396 D AndroidRuntime: CheckJNI is OFF
08-06 13:38:03.302 26396 26396 D ICU     : No timezone override file found: /data/misc/zoneinfo/current/icu/icu_tzdata.dat
08-06 13:38:03.349 26396 26396 I Radio-JNI: register_android_hardware_Radio DONE
08-06 13:38:03.381 26396 26396 D AndroidRuntime: Calling main entry com.android.commands.input.Input
08-06 13:38:03.383 26396 26396 I Input   : injectMotionEvent: MotionEvent { action=ACTION_DOWN, actionButton=0, id[0]=0, x[0]=500.0, y[0]=2000.0, toolType[0]=TOOL_TYPE_UNKNOWN, buttonState=0, metaState=0, flags=0x0, edgeFlags=0x0, pointerCount=1, historySize=0, eventTime=884299796, downTime=884299796, deviceId=0, source=0x1002 }
08-06 13:38:03.389 26396 26396 I Input   : injectMotionEvent: MotionEvent { action=ACTION_MOVE, actionButton=0, id[0]=0, x[0]=500.0, y[0]=2000.0, toolType[0]=TOOL_TYPE_UNKNOWN, buttonState=0, metaState=0, flags=0x0, edgeFlags=0x0, pointerCount=1, historySize=0, eventTime=884299796, downTime=884299796, deviceId=0, source=0x1002 }
08-06 13:38:03.407 26396 26396 I Input   : injectMotionEvent: MotionEvent { action=ACTION_MOVE, actionButton=0, id[0]=0, x[0]=500.0, y[0]=1954.4, toolType[0]=TOOL_TYPE_UNKNOWN, buttonState=0, metaState=0, flags=0x0, edgeFlags=0x0, pointerCount=1, historySize=0, eventTime=884299820, downTime=884299820, deviceId=0, source=0x1002 }
08-06 13:38:03.425 26396 26396 I Input   : injectMotionEvent: MotionEvent { action=ACTION_MOVE, actionButton=0, id[0]=0, x[0]=500.0, y[0]=1920.2, toolType[0]=TOOL_TYPE_UNKNOWN, buttonState=0, metaState=0, flags=0x0, edgeFlags=0x0, pointerCount=1, historySize=0, eventTime=884299838, downTime=884299838, deviceId=0, source=0x1002 }
08-06 13:38:03.453 26396 26396 I Input   : injectMotionEvent: MotionEvent { action=ACTION_MOVE, actionButton=0, id[0]=0, x[0]=500.0, y[0]=1865.1, toolType[0]=TOOL_TYPE_UNKNOWN, buttonState=0, metaState=0, flags=0x0, edgeFlags=0x0, pointerCount=1, historySize=0, eventTime=884299867, downTime=884299867, deviceId=0, source=0x1002 }
08-06 13:38:03.475 26396 26396 I Input   : injectMotionEvent: MotionEvent { action=ACTION_MOVE, actionButton=0, id[0]=0, x[0]=500.0, y[0]=1825.2, toolType[0]=TOOL_TYPE_UNKNOWN, buttonState=0, metaState=0, flags=0x0, edgeFlags=0x0, pointerCount=1, historySize=0, eventTime=884299888, downTime=884299888, deviceId=0, source=0x1002 }
08-06 13:38:03.492 26396 26396 I Input   : injectMotionEvent: MotionEvent { action=ACTION_MOVE, actionButton=0, id[0]=0, x[0]=500.0, y[0]=1792.9, toolType[0]=TOOL_TYPE_UNKNOWN, buttonState=0, metaState=0, flags=0x0, edgeFlags=0x0, pointerCount=1, historySize=0, eventTime=884299905, downTime=884299905, deviceId=0, source=0x1002 }
08-06 13:38:03.517 26396 26396 I Input   : injectMotionEvent: MotionEvent { action=ACTION_MOVE, actionButton=0, id[0]=0, x[0]=500.0, y[0]=1747.3, toolType[0]=TOOL_TYPE_UNKNOWN, buttonState=0, metaState=0, flags=0x0, edgeFlags=0x0, pointerCount=1, historySize=0, eventTime=884299929, downTime=884299929, deviceId=0, source=0x1002 }
08-06 13:38:03.530 26396 26396 I Input   : injectMotionEvent: MotionEvent { action=ACTION_MOVE, actionButton=0, id[0]=0, x[0]=500.0, y[0]=1720.7, toolType[0]=TOOL_TYPE_UNKNOWN, buttonState=0, metaState=0, flags=0x0, edgeFlags=0x0, pointerCount=1, historySize=0, eventTime=884299943, downTime=884299943, deviceId=0, source=0x1002 }
08-06 13:38:03.545 26396 26396 I Input   : injectMotionEvent: MotionEvent { action=ACTION_MOVE, actionButton=0, id[0]=0, x[0]=500.0, y[0]=1692.2, toolType[0]=TOOL_TYPE_UNKNOWN, buttonState=0, metaState=0, flags=0x0, edgeFlags=0x0, pointerCount=1, historySize=0, eventTime=884299958, downTime=884299958, deviceId=0, source=0x1002 }
08-06 13:38:03.559 26396 26396 I Input   : injectMotionEvent: MotionEvent { action=ACTION_MOVE, actionButton=0, id[0]=0, x[0]=500.0, y[0]=1665.6, toolType[0]=TOOL_TYPE_UNKNOWN, buttonState=0, metaState=0, flags=0x0, edgeFlags=0x0, pointerCount=1, historySize=0, eventTime=884299972, downTime=884299972, deviceId=0, source=0x1002 }
08-06 13:38:03.579 26396 26396 I Input   : injectMotionEvent: MotionEvent { action=ACTION_MOVE, actionButton=0, id[0]=0, x[0]=500.0, y[0]=1625.7, toolType[0]=TOOL_TYPE_UNKNOWN, buttonState=0, metaState=0, flags=0x0, edgeFlags=0x0, pointerCount=1, historySize=0, eventTime=884299993, downTime=884299993, deviceId=0, source=0x1002 }
08-06 13:38:03.593 26396 26396 I Input   : injectMotionEvent: MotionEvent { action=ACTION_MOVE, actionButton=0, id[0]=0, x[0]=500.0, y[0]=1599.1, toolType[0]=TOOL_TYPE_UNKNOWN, buttonState=0, metaState=0, flags=0x0, edgeFlags=0x0, pointerCount=1, historySize=0, eventTime=884300007, downTime=884300007, deviceId=0, source=0x1002 }
08-06 13:38:03.595 23918 24417 I art     : Starting a blocking GC Explicit
08-06 13:38:03.610 26396 26396 I Input   : injectMotionEvent: MotionEvent { action=ACTION_MOVE, actionButton=0, id[0]=0, x[0]=500.0, y[0]=1568.7, toolType[0]=TOOL_TYPE_UNKNOWN, buttonState=0, metaState=0, flags=0x0, edgeFlags=0x0, pointerCount=1, historySize=0, eventTime=884300023, downTime=884300023, deviceId=0, source=0x1002 }
08-06 13:38:03.627 26396 26396 I Input   : injectMotionEvent: MotionEvent { action=ACTION_MOVE, actionButton=0, id[0]=0, x[0]=500.0, y[0]=1536.4, toolType[0]=TOOL_TYPE_UNKNOWN, buttonState=0, metaState=0, flags=0x0, edgeFlags=0x0, pointerCount=1, historySize=0, eventTime=884300040, downTime=884300040, deviceId=0, source=0x1002 }
08-06 13:38:03.642 26396 26396 I Input   : injectMotionEvent: MotionEvent { action=ACTION_MOVE, actionButton=0, id[0]=0, x[0]=500.0, y[0]=1507.9, toolType[0]=TOOL_TYPE_UNKNOWN, buttonState=0, metaState=0, flags=0x0, edgeFlags=0x0, pointerCount=1, historySize=0, eventTime=884300055, downTime=884300055, deviceId=0, source=0x1002 }
08-06 13:38:03.659 26396 26396 I Input   : injectMotionEvent: MotionEvent { action=ACTION_MOVE, actionButton=0, id[0]=0, x[0]=500.0, y[0]=1473.7, toolType[0]=TOOL_TYPE_UNKNOWN, buttonState=0, metaState=0, flags=0x0, edgeFlags=0x0, pointerCount=1, historySize=0, eventTime=884300073, downTime=884300073, deviceId=0, source=0x1002 }
08-06 13:38:03.678 26396 26396 I Input   : injectMotionEvent: MotionEvent { action=ACTION_MOVE, actionButton=0, id[0]=0, x[0]=500.0, y[0]=1437.6, toolType[0]=TOOL_TYPE_UNKNOWN, buttonState=0, metaState=0, flags=0x0, edgeFlags=0x0, pointerCount=1, historySize=0, eventTime=884300092, downTime=884300092, deviceId=0, source=0x1002 }
08-06 13:38:03.680 23918 24417 I art     : Explicit concurrent mark sweep GC freed 1699(95KB) AllocSpace objects, 2(48KB) LOS objects, 7% free, 184MB/200MB, paused 2.829ms total 84.105ms
08-06 13:38:03.696 26396 26396 I Input   : injectMotionEvent: MotionEvent { action=ACTION_MOVE, actionButton=0, id[0]=0, x[0]=500.0, y[0]=1405.3, toolType[0]=TOOL_TYPE_UNKNOWN, buttonState=0, metaState=0, flags=0x0, edgeFlags=0x0, pointerCount=1, historySize=0, eventTime=884300109, downTime=884300109, deviceId=0, source=0x1002 }
08-06 13:38:03.708 26396 26396 I Input   : injectMotionEvent: MotionEvent { action=ACTION_MOVE, actionButton=0, id[0]=0, x[0]=500.0, y[0]=1382.5, toolType[0]=TOOL_TYPE_UNKNOWN, buttonState=0, metaState=0, flags=0x0, edgeFlags=0x0, pointerCount=1, historySize=0, eventTime=884300121, downTime=884300121, deviceId=0, source=0x1002 }
08-06 13:38:03.711 23918 24417 I art     : Starting a blocking GC Explicit
08-06 13:38:03.725 26396 26396 I Input   : injectMotionEvent: MotionEvent { action=ACTION_MOVE, actionButton=0, id[0]=0, x[0]=500.0, y[0]=1350.2, toolType[0]=TOOL_TYPE_UNKNOWN, buttonState=0, metaState=0, flags=0x0, edgeFlags=0x0, pointerCount=1, historySize=0, eventTime=884300138, downTime=884300138, deviceId=0, source=0x1002 }
08-06 13:38:03.741 26396 26396 I Input   : injectMotionEvent: MotionEvent { action=ACTION_MOVE, actionButton=0, id[0]=0, x[0]=500.0, y[0]=1319.8, toolType[0]=TOOL_TYPE_UNKNOWN, buttonState=0, metaState=0, flags=0x0, edgeFlags=0x0, pointerCount=1, historySize=0, eventTime=884300154, downTime=884300154, deviceId=0, source=0x1002 }
08-06 13:38:03.758 26396 26396 I Input   : injectMotionEvent: MotionEvent { action=ACTION_MOVE, actionButton=0, id[0]=0, x[0]=500.0, y[0]=1287.5, toolType[0]=TOOL_TYPE_UNKNOWN, buttonState=0, metaState=0, flags=0x0, edgeFlags=0x0, pointerCount=1, historySize=0, eventTime=884300171, downTime=884300171, deviceId=0, source=0x1002 }
08-06 13:38:03.776 26396 26396 I Input   : injectMotionEvent: MotionEvent { action=ACTION_MOVE, actionButton=0, id[0]=0, x[0]=500.0, y[0]=1253.3, toolType[0]=TOOL_TYPE_UNKNOWN, buttonState=0, metaState=0, flags=0x0, edgeFlags=0x0, pointerCount=1, historySize=0, eventTime=884300189, downTime=884300189, deviceId=0, source=0x1002 }
08-06 13:38:03.791 23918 24417 I art     : Explicit concurrent mark sweep GC freed 49(1968B) AllocSpace objects, 0(0B) LOS objects, 7% free, 184MB/200MB, paused 2.426ms total 79.592ms
08-06 13:38:03.795 26396 26396 I Input   : injectMotionEvent: MotionEvent { action=ACTION_MOVE, actionButton=0, id[0]=0, x[0]=500.0, y[0]=1217.2, toolType[0]=TOOL_TYPE_UNKNOWN, buttonState=0, metaState=0, flags=0x0, edgeFlags=0x0, pointerCount=1, historySize=0, eventTime=884300208, downTime=884300208, deviceId=0, source=0x1002 }
08-06 13:38:03.810 26396 26396 I Input   : injectMotionEvent: MotionEvent { action=ACTION_MOVE, actionButton=0, id[0]=0, x[0]=500.0, y[0]=1188.7, toolType[0]=TOOL_TYPE_UNKNOWN, buttonState=0, metaState=0, flags=0x0, edgeFlags=0x0, pointerCount=1, historySize=0, eventTime=884300223, downTime=884300223, deviceId=0, source=0x1002 }
08-06 13:38:03.823 23918 24417 I art     : Starting a blocking GC Explicit
08-06 13:38:03.884 26396 26396 I Input   : injectMotionEvent: MotionEvent { action=ACTION_MOVE, actionButton=0, id[0]=0, x[0]=500.0, y[0]=1048.1001, toolType[0]=TOOL_TYPE_UNKNOWN, buttonState=0, metaState=0, flags=0x0, edgeFlags=0x0, pointerCount=1, historySize=0, eventTime=884300297, downTime=884300297, deviceId=0, source=0x1002 }
08-06 13:38:03.889 23918 24417 I art     : Explicit concurrent mark sweep GC freed 12(432B) AllocSpace objects, 0(0B) LOS objects, 7% free, 184MB/200MB, paused 1.921ms total 65.450ms
08-06 13:38:03.913 23918 24417 I art     : Starting a blocking GC Explicit
08-06 13:38:03.950 26396 26396 I Input   : injectMotionEvent: MotionEvent { action=ACTION_MOVE, actionButton=0, id[0]=0, x[0]=500.0, y[0]=922.7001, toolType[0]=TOOL_TYPE_UNKNOWN, buttonState=0, metaState=0, flags=0x0, edgeFlags=0x0, pointerCount=1, historySize=0, eventTime=884300363, downTime=884300363, deviceId=0, source=0x1002 }
08-06 13:38:03.976 23918 24417 I art     : Explicit concurrent mark sweep GC freed 3(96B) AllocSpace objects, 0(0B) LOS objects, 7% free, 184MB/200MB, paused 1.842ms total 62.826ms
08-06 13:38:03.999 23918 24417 I art     : Starting a blocking GC Explicit
08-06 13:38:04.015 26396 26396 I Input   : injectMotionEvent: MotionEvent { action=ACTION_MOVE, actionButton=0, id[0]=0, x[0]=500.0, y[0]=799.19995, toolType[0]=TOOL_TYPE_UNKNOWN, buttonState=0, metaState=0, flags=0x0, edgeFlags=0x0, pointerCount=1, historySize=0, eventTime=884300428, downTime=884300428, deviceId=0, source=0x1002 }
08-06 13:38:04.065 23918 24417 I art     : Explicit concurrent mark sweep GC freed 3(96B) AllocSpace objects, 0(0B) LOS objects, 7% free, 184MB/200MB, paused 1.844ms total 65.343ms
08-06 13:38:04.082 26396 26396 I Input   : injectMotionEvent: MotionEvent { action=ACTION_MOVE, actionButton=0, id[0]=0, x[0]=500.0, y[0]=671.9, toolType[0]=TOOL_TYPE_UNKNOWN, buttonState=0, metaState=0, flags=0x0, edgeFlags=0x0, pointerCount=1, historySize=0, eventTime=884300495, downTime=884300495, deviceId=0, source=0x1002 }
08-06 13:38:04.142 26396 26396 I Input   : injectMotionEvent: MotionEvent { action=ACTION_MOVE, actionButton=0, id[0]=0, x[0]=500.0, y[0]=559.7999, toolType[0]=TOOL_TYPE_UNKNOWN, buttonState=0, metaState=0, flags=0x0, edgeFlags=0x0, pointerCount=1, historySize=0, eventTime=884300554, downTime=884300554, deviceId=0, source=0x1002 }
08-06 13:38:04.200 26396 26396 I Input   : injectMotionEvent: MotionEvent { action=ACTION_MOVE, actionButton=0, id[0]=0, x[0]=500.0, y[0]=447.70007, toolType[0]=TOOL_TYPE_UNKNOWN, buttonState=0, metaState=0, flags=0x0, edgeFlags=0x0, pointerCount=1, historySize=0, eventTime=884300613, downTime=884300613, deviceId=0, source=0x1002 }
08-06 13:38:04.263 26396 26396 I Input   : injectMotionEvent: MotionEvent { action=ACTION_MOVE, actionButton=0, id[0]=0, x[0]=500.0, y[0]=328.0, toolType[0]=TOOL_TYPE_UNKNOWN, buttonState=0, metaState=0, flags=0x0, edgeFlags=0x0, pointerCount=1, historySize=0, eventTime=884300676, downTime=884300676, deviceId=0, source=0x1002 }
08-06 13:38:04.352 26396 26396 I Input   : injectMotionEvent: MotionEvent { action=ACTION_MOVE, actionButton=0, id[0]=0, x[0]=500.0, y[0]=158.90002, toolType[0]=TOOL_TYPE_UNKNOWN, buttonState=0, metaState=0, flags=0x0, edgeFlags=0x0, pointerCount=1, historySize=0, eventTime=884300765, downTime=884300765, deviceId=0, source=0x1002 }
08-06 13:38:04.389 26396 26396 I Input   : injectMotionEvent: MotionEvent { action=ACTION_UP, actionButton=0, id[0]=0, x[0]=500.0, y[0]=100.0, toolType[0]=TOOL_TYPE_UNKNOWN, buttonState=0, metaState=0, flags=0x0, edgeFlags=0x0, pointerCount=1, historySize=0, eventTime=884300802, downTime=884300802, deviceId=0, source=0x1002 }
08-06 13:38:04.427 26396 26396 D AndroidRuntime: Shutting down VM
08-06 13:38:04.518 23918 23938 I art     : Starting a blocking GC Explicit
08-06 13:38:04.591 23918 23938 I art     : Explicit concurrent mark sweep GC freed 1604(92KB) AllocSpace objects, 2(48KB) LOS objects, 7% free, 184MB/200MB, paused 2.023ms total 72.338ms
08-06 13:38:04.620 23918 23938 I art     : Starting a blocking GC Explicit
08-06 13:38:04.690 23918 23938 I art     : Explicit concurrent mark sweep GC freed 77(2592B) AllocSpace objects, 0(0B) LOS objects, 7% free, 184MB/200MB, paused 1.961ms total 70.355ms
08-06 13:38:04.715 23918 23938 I art     : Starting a blocking GC Explicit
08-06 13:38:04.783 23918 23938 I art     : Explicit concurrent mark sweep GC freed 13(560B) AllocSpace objects, 0(0B) LOS objects, 7% free, 184MB/200MB, paused 1.988ms total 67.727ms
08-06 13:38:04.811 23918 23938 I art     : Starting a blocking GC Explicit
08-06 13:38:04.882 23918 23938 I art     : Explicit concurrent mark sweep GC freed 7(224B) AllocSpace objects, 0(0B) LOS objects, 7% free, 184MB/200MB, paused 2.042ms total 70.340ms
08-06 13:38:04.905 23918 23938 I art     : Starting a blocking GC Explicit
08-06 13:38:04.972 23918 23938 I art     : Explicit concurrent mark sweep GC freed 8(256B) AllocSpace objects, 0(0B) LOS objects, 7% free, 184MB/200MB, paused 1.981ms total 66.888ms
08-06 13:38:05.297 26435 26435 D AndroidRuntime: >>>>>> START com.android.internal.os.RuntimeInit uid 2000 <<<<<<
08-06 13:38:05.303 26435 26435 D AndroidRuntime: CheckJNI is OFF
08-06 13:38:05.355 26435 26435 D ICU     : No timezone override file found: /data/misc/zoneinfo/current/icu/icu_tzdata.dat
08-06 13:38:05.402 26435 26435 I Radio-JNI: register_android_hardware_Radio DONE
08-06 13:38:05.416 23918 24417 I art     : Starting a blocking GC Explicit
08-06 13:38:05.434 26435 26435 D AndroidRuntime: Calling main entry com.android.commands.input.Input
08-06 13:38:05.437 26435 26435 I Input   : injectMotionEvent: MotionEvent { action=ACTION_DOWN, actionButton=0, id[0]=0, x[0]=500.0, y[0]=2000.0, toolType[0]=TOOL_TYPE_UNKNOWN, buttonState=0, metaState=0, flags=0x0, edgeFlags=0x0, pointerCount=1, historySize=0, eventTime=884301849, downTime=884301849, deviceId=0, source=0x1002 }
08-06 13:38:05.443 26435 26435 I Input   : injectMotionEvent: MotionEvent { action=ACTION_MOVE, actionButton=0, id[0]=0, x[0]=500.0, y[0]=2000.0, toolType[0]=TOOL_TYPE_UNKNOWN, buttonState=0, metaState=0, flags=0x0, edgeFlags=0x0, pointerCount=1, historySize=0, eventTime=884301849, downTime=884301849, deviceId=0, source=0x1002 }
08-06 13:38:05.459 26435 26435 I Input   : injectMotionEvent: MotionEvent { action=ACTION_MOVE, actionButton=0, id[0]=0, x[0]=500.0, y[0]=1956.3, toolType[0]=TOOL_TYPE_UNKNOWN, buttonState=0, metaState=0, flags=0x0, edgeFlags=0x0, pointerCount=1, historySize=0, eventTime=884301872, downTime=884301872, deviceId=0, source=0x1002 }
08-06 13:38:05.476 26435 26435 I Input   : injectMotionEvent: MotionEvent { action=ACTION_MOVE, actionButton=0, id[0]=0, x[0]=500.0, y[0]=1924.0, toolType[0]=TOOL_TYPE_UNKNOWN, buttonState=0, metaState=0, flags=0x0, edgeFlags=0x0, pointerCount=1, historySize=0, eventTime=884301889, downTime=884301889, deviceId=0, source=0x1002 }
08-06 13:38:05.494 23918 24417 I art     : Explicit concurrent mark sweep GC freed 1607(93KB) AllocSpace objects, 2(48KB) LOS objects, 7% free, 184MB/200MB, paused 2.007ms total 77.305ms
08-06 13:38:05.495 26435 26435 I Input   : injectMotionEvent: MotionEvent { action=ACTION_MOVE, actionButton=0, id[0]=0, x[0]=500.0, y[0]=1886.0, toolType[0]=TOOL_TYPE_UNKNOWN, buttonState=0, metaState=0, flags=0x0, edgeFlags=0x0, pointerCount=1, historySize=0, eventTime=884301909, downTime=884301909, deviceId=0, source=0x1002 }
08-06 13:38:05.523 23918 24417 I art     : Starting a blocking GC Explicit
08-06 13:38:05.539 26435 26435 I Input   : injectMotionEvent: MotionEvent { action=ACTION_MOVE, actionButton=0, id[0]=0, x[0]=500.0, y[0]=1804.3, toolType[0]=TOOL_TYPE_UNKNOWN, buttonState=0, metaState=0, flags=0x0, edgeFlags=0x0, pointerCount=1, historySize=0, eventTime=884301952, downTime=884301952, deviceId=0, source=0x1002 }
08-06 13:38:05.577 26435 26435 I Input   : injectMotionEvent: MotionEvent { action=ACTION_MOVE, actionButton=0, id[0]=0, x[0]=500.0, y[0]=1732.1, toolType[0]=TOOL_TYPE_UNKNOWN, buttonState=0, metaState=0, flags=0x0, edgeFlags=0x0, pointerCount=1, historySize=0, eventTime=884301990, downTime=884301990, deviceId=0, source=0x1002 }
08-06 13:38:05.591 23918 24417 I art     : Explicit concurrent mark sweep GC freed 55(2112B) AllocSpace objects, 0(0B) LOS objects, 7% free, 184MB/200MB, paused 1.802ms total 67.767ms
08-06 13:38:05.617 26435 26435 I Input   : injectMotionEvent: MotionEvent { action=ACTION_MOVE, actionButton=0, id[0]=0, x[0]=500.0, y[0]=1654.2, toolType[0]=TOOL_TYPE_UNKNOWN, buttonState=0, metaState=0, flags=0x0, edgeFlags=0x0, pointerCount=1, historySize=0, eventTime=884302031, downTime=884302031, deviceId=0, source=0x1002 }
08-06 13:38:05.618 23918 24417 I art     : Starting a blocking GC Explicit
08-06 13:38:05.655 26435 26435 I Input   : injectMotionEvent: MotionEvent { action=ACTION_MOVE, actionButton=0, id[0]=0, x[0]=500.0, y[0]=1583.9, toolType[0]=TOOL_TYPE_UNKNOWN, buttonState=0, metaState=0, flags=0x0, edgeFlags=0x0, pointerCount=1, historySize=0, eventTime=884302068, downTime=884302068, deviceId=0, source=0x1002 }
08-06 13:38:05.683 23918 24417 I art     : Explicit concurrent mark sweep GC freed 50(1408B) AllocSpace objects, 0(0B) LOS objects, 7% free, 184MB/200MB, paused 1.884ms total 64.678ms
08-06 13:38:05.693 26435 26435 I Input   : injectMotionEvent: MotionEvent { action=ACTION_MOVE, actionButton=0, id[0]=0, x[0]=500.0, y[0]=1511.7, toolType[0]=TOOL_TYPE_UNKNOWN, buttonState=0, metaState=0, flags=0x0, edgeFlags=0x0, pointerCount=1, historySize=0, eventTime=884302106, downTime=884302106, deviceId=0, source=0x1002 }
08-06 13:38:05.707 23918 24417 I art     : Starting a blocking GC Explicit
08-06 13:38:05.731 26435 26435 I Input   : injectMotionEvent: MotionEvent { action=ACTION_MOVE, actionButton=0, id[0]=0, x[0]=500.0, y[0]=1439.5, toolType[0]=TOOL_TYPE_UNKNOWN, buttonState=0, metaState=0, flags=0x0, edgeFlags=0x0, pointerCount=1, historySize=0, eventTime=884302144, downTime=884302144, deviceId=0, source=0x1002 }
08-06 13:38:05.769 26435 26435 I Input   : injectMotionEvent: MotionEvent { action=ACTION_MOVE, actionButton=0, id[0]=0, x[0]=500.0, y[0]=1367.3, toolType[0]=TOOL_TYPE_UNKNOWN, buttonState=0, metaState=0, flags=0x0, edgeFlags=0x0, pointerCount=1, historySize=0, eventTime=884302182, downTime=884302182, deviceId=0, source=0x1002 }
08-06 13:38:05.776 23918 24417 I art     : Explicit concurrent mark sweep GC freed 9(288B) AllocSpace objects, 0(0B) LOS objects, 7% free, 184MB/200MB, paused 2.001ms total 68.294ms
08-06 13:38:05.801 23918 24417 I art     : Starting a blocking GC Explicit
08-06 13:38:05.808 26435 26435 I Input   : injectMotionEvent: MotionEvent { action=ACTION_MOVE, actionButton=0, id[0]=0, x[0]=500.0, y[0]=1293.2, toolType[0]=TOOL_TYPE_UNKNOWN, buttonState=0, metaState=0, flags=0x0, edgeFlags=0x0, pointerCount=1, historySize=0, eventTime=884302221, downTime=884302221, deviceId=0, source=0x1002 }
08-06 13:38:05.846 26435 26435 I Input   : injectMotionEvent: MotionEvent { action=ACTION_MOVE, actionButton=0, id[0]=0, x[0]=500.0, y[0]=1221.0, toolType[0]=TOOL_TYPE_UNKNOWN, buttonState=0, metaState=0, flags=0x0, edgeFlags=0x0, pointerCount=1, historySize=0, eventTime=884302259, downTime=884302259, deviceId=0, source=0x1002 }
08-06 13:38:05.869 23918 24417 I art     : Explicit concurrent mark sweep GC freed 7(224B) AllocSpace objects, 0(0B) LOS objects, 7% free, 184MB/200MB, paused 1.954ms total 67.779ms
08-06 13:38:05.886 26435 26435 I Input   : injectMotionEvent: MotionEvent { action=ACTION_MOVE, actionButton=0, id[0]=0, x[0]=500.0, y[0]=1145.0, toolType[0]=TOOL_TYPE_UNKNOWN, buttonState=0, metaState=0, flags=0x0, edgeFlags=0x0, pointerCount=1, historySize=0, eventTime=884302299, downTime=884302299, deviceId=0, source=0x1002 }
08-06 13:38:05.924 26435 26435 I Input   : injectMotionEvent: MotionEvent { action=ACTION_MOVE, actionButton=0, id[0]=0, x[0]=500.0, y[0]=1070.9, toolType[0]=TOOL_TYPE_UNKNOWN, buttonState=0, metaState=0, flags=0x0, edgeFlags=0x0, pointerCount=1, historySize=0, eventTime=884302338, downTime=884302338, deviceId=0, source=0x1002 }
08-06 13:38:05.962 26435 26435 I Input   : injectMotionEvent: MotionEvent { action=ACTION_MOVE, actionButton=0, id[0]=0, x[0]=500.0, y[0]=1000.6, toolType[0]=TOOL_TYPE_UNKNOWN, buttonState=0, metaState=0, flags=0x0, edgeFlags=0x0, pointerCount=1, historySize=0, eventTime=884302375, downTime=884302375, deviceId=0, source=0x1002 }
08-06 13:38:06.000 26435 26435 I Input   : injectMotionEvent: MotionEvent { action=ACTION_MOVE, actionButton=0, id[0]=0, x[0]=500.0, y[0]=926.5, toolType[0]=TOOL_TYPE_UNKNOWN, buttonState=0, metaState=0, flags=0x0, edgeFlags=0x0, pointerCount=1, historySize=0, eventTime=884302414, downTime=884302414, deviceId=0, source=0x1002 }
08-06 13:38:06.039 26435 26435 I Input   : injectMotionEvent: MotionEvent { action=ACTION_MOVE, actionButton=0, id[0]=0, x[0]=500.0, y[0]=854.30005, toolType[0]=TOOL_TYPE_UNKNOWN, buttonState=0, metaState=0, flags=0x0, edgeFlags=0x0, pointerCount=1, historySize=0, eventTime=884302452, downTime=884302452, deviceId=0, source=0x1002 }
08-06 13:38:06.080 26435 26435 I Input   : injectMotionEvent: MotionEvent { action=ACTION_MOVE, actionButton=0, id[0]=0, x[0]=500.0, y[0]=776.4, toolType[0]=TOOL_TYPE_UNKNOWN, buttonState=0, metaState=0, flags=0x0, edgeFlags=0x0, pointerCount=1, historySize=0, eventTime=884302493, downTime=884302493, deviceId=0, source=0x1002 }
08-06 13:38:06.122 26435 26435 I Input   : injectMotionEvent: MotionEvent { action=ACTION_MOVE, actionButton=0, id[0]=0, x[0]=500.0, y[0]=696.6, toolType[0]=TOOL_TYPE_UNKNOWN, buttonState=0, metaState=0, flags=0x0, edgeFlags=0x0, pointerCount=1, historySize=0, eventTime=884302535, downTime=884302535, deviceId=0, source=0x1002 }
08-06 13:38:06.161 26435 26435 I Input   : injectMotionEvent: MotionEvent { action=ACTION_MOVE, actionButton=0, id[0]=0, x[0]=500.0, y[0]=622.5, toolType[0]=TOOL_TYPE_UNKNOWN, buttonState=0, metaState=0, flags=0x0, edgeFlags=0x0, pointerCount=1, historySize=0, eventTime=884302574, downTime=884302574, deviceId=0, source=0x1002 }
08-06 13:38:06.199 26435 26435 I Input   : injectMotionEvent: MotionEvent { action=ACTION_MOVE, actionButton=0, id[0]=0, x[0]=500.0, y[0]=548.4, toolType[0]=TOOL_TYPE_UNKNOWN, buttonState=0, metaState=0, flags=0x0, edgeFlags=0x0, pointerCount=1, historySize=0, eventTime=884302613, downTime=884302613, deviceId=0, source=0x1002 }
08-06 13:38:06.236 26435 26435 I Input   : injectMotionEvent: MotionEvent { action=ACTION_MOVE, actionButton=0, id[0]=0, x[0]=500.0, y[0]=480.0, toolType[0]=TOOL_TYPE_UNKNOWN, buttonState=0, metaState=0, flags=0x0, edgeFlags=0x0, pointerCount=1, historySize=0, eventTime=884302649, downTime=884302649, deviceId=0, source=0x1002 }
08-06 13:38:06.273 26435 26435 I Input   : injectMotionEvent: MotionEvent { action=ACTION_MOVE, actionButton=0, id[0]=0, x[0]=500.0, y[0]=409.69995, toolType[0]=TOOL_TYPE_UNKNOWN, buttonState=0, metaState=0, flags=0x0, edgeFlags=0x0, pointerCount=1, historySize=0, eventTime=884302686, downTime=884302686, deviceId=0, source=0x1002 }
08-06 13:38:06.312 26435 26435 I Input   : injectMotionEvent: MotionEvent { action=ACTION_MOVE, actionButton=0, id[0]=0, x[0]=500.0, y[0]=335.59998, toolType[0]=TOOL_TYPE_UNKNOWN, buttonState=0, metaState=0, flags=0x0, edgeFlags=0x0, pointerCount=1, historySize=0, eventTime=884302725, downTime=884302725, deviceId=0, source=0x1002 }
08-06 13:38:06.352 26435 26435 I Input   : injectMotionEvent: MotionEvent { action=ACTION_MOVE, actionButton=0, id[0]=0, x[0]=500.0, y[0]=257.69995, toolType[0]=TOOL_TYPE_UNKNOWN, buttonState=0, metaState=0, flags=0x0, edgeFlags=0x0, pointerCount=1, historySize=0, eventTime=884302766, downTime=884302766, deviceId=0, source=0x1002 }
08-06 13:38:06.355 23918 23938 I art     : Starting a blocking GC Explicit
08-06 13:38:06.388 26435 26435 I Input   : injectMotionEvent: MotionEvent { action=ACTION_MOVE, actionButton=0, id[0]=0, x[0]=500.0, y[0]=189.29993, toolType[0]=TOOL_TYPE_UNKNOWN, buttonState=0, metaState=0, flags=0x0, edgeFlags=0x0, pointerCount=1, historySize=0, eventTime=884302802, downTime=884302802, deviceId=0, source=0x1002 }
08-06 13:38:06.424 23918 23938 I art     : Explicit concurrent mark sweep GC freed 1628(93KB) AllocSpace objects, 2(48KB) LOS objects, 7% free, 184MB/200MB, paused 1.870ms total 68.576ms
08-06 13:38:06.426 26435 26435 I Input   : injectMotionEvent: MotionEvent { action=ACTION_MOVE, actionButton=0, id[0]=0, x[0]=500.0, y[0]=119.0, toolType[0]=TOOL_TYPE_UNKNOWN, buttonState=0, metaState=0, flags=0x0, edgeFlags=0x0, pointerCount=1, historySize=0, eventTime=884302839, downTime=884302839, deviceId=0, source=0x1002 }
08-06 13:38:06.451 23918 23938 I art     : Starting a blocking GC Explicit
08-06 13:38:06.463 26435 26435 I Input   : injectMotionEvent: MotionEvent { action=ACTION_UP, actionButton=0, id[0]=0, x[0]=500.0, y[0]=100.0, toolType[0]=TOOL_TYPE_UNKNOWN, buttonState=0, metaState=0, flags=0x0, edgeFlags=0x0, pointerCount=1, historySize=0, eventTime=884302876, downTime=884302876, deviceId=0, source=0x1002 }
08-06 13:38:06.500 26435 26435 D AndroidRuntime: Shutting down VM
08-06 13:38:06.520 23918 23938 I art     : Explicit concurrent mark sweep GC freed 36(1280B) AllocSpace objects, 0(0B) LOS objects, 7% free, 184MB/200MB, paused 1.857ms total 68.402ms
08-06 13:38:06.543 23918 23938 I art     : Starting a blocking GC Explicit
08-06 13:38:06.606 23918 23938 I art     : Explicit concurrent mark sweep GC freed 4(128B) AllocSpace objects, 0(0B) LOS objects, 7% free, 184MB/200MB, paused 1.789ms total 62.331ms
08-06 13:38:06.630 23918 23938 I art     : Starting a blocking GC Explicit
08-06 13:38:06.700 23918 23938 I art     : Explicit concurrent mark sweep GC freed 42(1168B) AllocSpace objects, 0(0B) LOS objects, 7% free, 184MB/200MB, paused 2.026ms total 70.268ms
08-06 13:38:06.727 23918 23938 I art     : Starting a blocking GC Explicit
08-06 13:38:06.794 23918 23938 I art     : Explicit concurrent mark sweep GC freed 3(96B) AllocSpace objects, 0(0B) LOS objects, 7% free, 184MB/200MB, paused 1.921ms total 66.539ms
08-06 13:38:07.250 23918 23930 I art     : Starting a blocking GC Explicit
08-06 13:38:07.323 23918 23930 I art     : Explicit concurrent mark sweep GC freed 1586(92KB) AllocSpace objects, 2(48KB) LOS objects, 7% free, 184MB/200MB, paused 2.019ms total 71.394ms
08-06 13:38:07.349 23918 23930 I art     : Starting a blocking GC Explicit
08-06 13:38:07.381 26470 26470 D AndroidRuntime: >>>>>> START com.android.internal.os.RuntimeInit uid 2000 <<<<<<
08-06 13:38:07.387 26470 26470 D AndroidRuntime: CheckJNI is OFF
08-06 13:38:07.418 23918 23930 I art     : Explicit concurrent mark sweep GC freed 28(1024B) AllocSpace objects, 0(0B) LOS objects, 7% free, 184MB/200MB, paused 2.113ms total 69.108ms
08-06 13:38:07.443 26470 26470 D ICU     : No timezone override file found: /data/misc/zoneinfo/current/icu/icu_tzdata.dat
08-06 13:38:07.443 23918 23930 I art     : Starting a blocking GC Explicit
08-06 13:38:07.487 26470 26470 I Radio-JNI: register_android_hardware_Radio DONE
08-06 13:38:07.513 23918 23930 I art     : Explicit concurrent mark sweep GC freed 3(96B) AllocSpace objects, 0(0B) LOS objects, 7% free, 184MB/200MB, paused 2.023ms total 69.845ms
08-06 13:38:07.520 26470 26470 D AndroidRuntime: Calling main entry com.android.commands.input.Input
08-06 13:38:07.522 26470 26470 I Input   : injectMotionEvent: MotionEvent { action=ACTION_DOWN, actionButton=0, id[0]=0, x[0]=657.0, y[0]=2080.0, toolType[0]=TOOL_TYPE_UNKNOWN, buttonState=0, metaState=0, flags=0x0, edgeFlags=0x0, pointerCount=1, historySize=0, eventTime=884303935, downTime=884303935, deviceId=0, source=0x1002 }
08-06 13:38:07.528 26470 26470 I Input   : injectMotionEvent: MotionEvent { action=ACTION_UP, actionButton=0, id[0]=0, x[0]=657.0, y[0]=2080.0, toolType[0]=TOOL_TYPE_UNKNOWN, buttonState=0, metaState=0, flags=0x0, edgeFlags=0x0, pointerCount=1, historySize=0, eventTime=884303935, downTime=884303935, deviceId=0, source=0x1002 }
08-06 13:38:07.530 26470 26470 D AndroidRuntime: Shutting down VM
08-06 13:38:07.531   918  3714 I ActivityManager: START u0 {cmp=baseline.io.github.project_travel_mate/.utilities.UpcomingWeekendsActivity} from uid 10696 on display 0
08-06 13:38:07.534   512  2967 D audio_hw_primary: out_set_parameters: enter: usecase(1: low-latency-playback) kvpairs: routing=2
08-06 13:38:07.549   512  2967 D audio_hw_primary: select_devices: out_snd_device(2: speaker) in_snd_device(0: none)
08-06 13:38:07.549   512  2967 D msm8974_platform: platform_send_audio_calibration: sending audio calibration for snd_device(2) acdb_id(15)
08-06 13:38:07.550   512  2967 I soundtrigger: audio_extn_sound_trigger_update_device_status: device 0x2 of type 0 for Event 1
08-06 13:38:07.550 23918 23930 I art     : Starting a blocking GC Explicit
08-06 13:38:07.563   512  2967 D audio_hw_primary: enable_snd_device: snd_device(2: speaker)
08-06 13:38:07.579   512  2967 D audio_hw_primary: enable_audio_route: apply and update mixer path: low-latency-playback speaker
08-06 13:38:07.581 23918 24000 D Gabe    : call	returning from cache
08-06 13:38:07.584 23918 23918 V EXECUTING: https://project-travel-mate.herokuapp.com/api/get-upcoming-holidays/2020
08-06 13:38:07.588 23918 23918 V EXECUTING: https://project-travel-mate.herokuapp.com/api/get-upcoming-holidays/2020
08-06 13:38:07.624 23918 23930 I art     : Explicit concurrent mark sweep GC freed 733(46KB) AllocSpace objects, 0(0B) LOS objects, 7% free, 184MB/200MB, paused 2.094ms total 73.941ms
08-06 13:38:07.654 23918 23930 I art     : Starting a blocking GC Explicit
08-06 13:38:07.679 13866 13866 I GoogleInputMethodServic: GoogleInputMethodService.onFinishInput():3138 
08-06 13:38:07.680 13866 13866 I GoogleInputMethodServic: GoogleInputMethodService.onStartInput():1808 
08-06 13:38:07.717 23918 23930 I art     : Explicit concurrent mark sweep GC freed 1119(58KB) AllocSpace objects, 0(0B) LOS objects, 7% free, 189MB/205MB, paused 2.202ms total 62.610ms
08-06 13:38:07.781   918   936 I ActivityManager: Displayed baseline.io.github.project_travel_mate/.utilities.UpcomingWeekendsActivity: +235ms
08-06 13:38:08.028   380   380 W SurfaceFlinger: couldn't log to binary event log: overflow.
08-06 13:38:08.118   512  2967 D audio_hw_primary: disable_audio_route: reset and update mixer path: low-latency-playback speaker
08-06 13:38:08.120   512  2967 D audio_hw_primary: disable_snd_device: snd_device(2: speaker)
08-06 13:38:08.128   512  2967 I soundtrigger: audio_extn_sound_trigger_update_device_status: device 0x2 of type 0 for Event 0
08-06 13:38:08.154 23918 25389 I art     : Starting a blocking GC Explicit
08-06 13:38:08.230 23918 25389 I art     : Explicit concurrent mark sweep GC freed 2259(106KB) AllocSpace objects, 2(48KB) LOS objects, 7% free, 189MB/205MB, paused 2.134ms total 74.918ms
08-06 13:38:08.253 23918 25389 I art     : Starting a blocking GC Explicit
08-06 13:38:08.315 23918 25389 I art     : Explicit concurrent mark sweep GC freed 231(7KB) AllocSpace objects, 0(0B) LOS objects, 7% free, 189MB/205MB, paused 2.095ms total 62.131ms
08-06 13:38:08.347 23918 25389 I art     : Starting a blocking GC Explicit
08-06 13:38:08.414 23918 26493 I NAPPA_EXPERIMENTATION: MetricNetworkRequestExecutionTime: REQUEST_DURATION_SYSTEM='827',REQUEST_DURATION_OKHTTP='44',REQUEST_SYNCHRONOUS='FALSE',RESPONSE_CODE='200',RESPONSE_METHOD='GET',RESPONSE_LENGTH_OKHTTP='6426',RESPONSE_LENGTH_HEADER='6426',REQUEST_PROTOCOL='http/1.1',REQUEST_URL='https://project-travel-mate.herokuapp.com/api/get-upcoming-holidays/2020',
08-06 13:38:08.417 23918 25389 I art     : Explicit concurrent mark sweep GC freed 5227(264KB) AllocSpace objects, 4(240KB) LOS objects, 7% free, 189MB/205MB, paused 2.769ms total 69.533ms
08-06 13:38:08.429 23918 26494 I NAPPA_EXPERIMENTATION: MetricNetworkRequestExecutionTime: REQUEST_DURATION_SYSTEM='840',REQUEST_DURATION_OKHTTP='58',REQUEST_SYNCHRONOUS='FALSE',RESPONSE_CODE='200',RESPONSE_METHOD='GET',RESPONSE_LENGTH_OKHTTP='6426',RESPONSE_LENGTH_HEADER='6426',REQUEST_PROTOCOL='http/1.1',REQUEST_URL='https://project-travel-mate.herokuapp.com/api/get-upcoming-holidays/2020',
08-06 13:38:08.446 23918 25389 I art     : Starting a blocking GC Explicit
08-06 13:38:08.491 23918 23918 V Response: [{"month":"January","date":1,"day":"Wednesday","name":"New Year's Day","type":"Restricted"},{"month":"January","date":2,"day":"Thursday","name":"Guru Govind Singh Jayanti","type":"Restricted"},{"month":"January","date":14,"day":"Tuesday","name":"Lohri","type":"Restricted"},{"month":"January","date":15,"day":"Wednesday","name":"Pongal","type":"Restricted"},{"month":"January","date":15,"day":"Wednesday","name":"Makar Sankranti","type":"Restricted"},{"month":"January","date":25,"day":"Saturday","name":"Chinese New Year","type":"Observance"},{"month":"January","date":26,"day":"Sunday","name":"Republic Day","type":"Gazetted"},{"month":"January","date":30,"day":"Thursday","name":"Vasant Panchami","type":"Restricted"},{"month":"February","date":9,"day":"Sunday","name":"Guru Ravidas Jayanti","type":"Restricted"},{"month":"February","date":14,"day":"Friday","name":"Valentine's Day","type":"Observance"},{"month":"February","date":18,"day":"Tuesday","name":"Maharishi Dayanand Saraswati Jayanti","type":"Restricted"},{"month":"February","date":19,"day":"Wednesday","name":"Shivaji Jayanti","type":"Restricted"},{"month":"February","date":21,"day":"Friday","name":"Maha Shivaratri/Shivaratri","type":"Gazetted"},{"month":"March","date":9,"day":"Monday","name":"Holika Dahana","type":"Restricted"},{"month":"March","date":9,"day":"Monday","name":"Hazarat Ali's Birthday","type":"Restricted"},{"month":"March","date":10,"day":"Tuesday","name":"Holi","type":"Gazetted"},{"month":"March","date":20,"day":"Friday","name":"March Equinox","type":"Season"},{"month":"March","date":25,"day":"Wednesday","name":"Chaitra Sukhladi","type":"Restricted"},{"month":"April","date":2,"day":"Thursday","name":"Rama Navami","type":"Gazetted"},{"month":"April","date":6,"day":"Monday","name":"Mahavir Jayanti","type":"Gazetted"},{"month":"April","date":9,"day":"Thursday","name":"First day of Passover","type":"Observance"},{"month":"April","date":9,"day":"Thursday","name":"Maundy Thursday","type":"Observance,"},{"month":"April","date":10,"day":"Friday","name":"Good Friday","type":"Gazetted"},{"month":"April","date":12,"day":"Sunday","name":"Easter Day","type":"Restricted"},{"month":"April","date":13,"day":"Monday","name":"Vaisakhi","type":"Restricted"},{"month":"April","date":14,"day":"Tuesday","name":"Mesadi/Vaisakhadi","type":"Restricted"},{"month":"April","date":14,"day":"Tuesday","name":"Ambedkar Jayanti","type":"Central"},{"month":"May","date":1,"day":"Friday","name":"May Day","type":"Observance"},{"month":"May","date":7,"day":"Thursday","name":"Buddha Purnima/Vesak","type":"Gazetted"},{"month":"May","date":7,"day":"Thursday","name":"Birthday of Ravindranath","type":"Restricted"},{"month":"May","date":10,"day":"Sunday","name":"Mother's Day","type":"Observance"},{"month":"May","date":22,"day":"Friday","name":"Jamat Ul-Vida","type":"Restricted"},{"month":"May","date":25,"day":"Monday","name":"Ramzan Id/Eid-ul-Fitar","type":"Gazetted"},{"month":"May","date":25,"day":"Monday","name":"Ramzan Id/Eid-ul-Fitar","type":"Muslim,"},{"month":"June","date":21,"day":"Sunday","name":"June Solstice","type":"Season"},{"month":"June","date":21,"day":"Sunday","name":"Father's Day","type":"Observance"},{"month":"June","date":23,"day":"Tuesday","name":"Rath Yatra","type":"Restricted"},{"month":"July","date":5,"day":"Sunday","name":"Guru Purnima","type":"Observance"},{"month":"July","date":31,"day":"Friday","name":"Bakr Id/Eid ul-Adha","type":"Gazetted"},{"month":"August","date":2,"day":"Sunday","name":"Friendship Day","type":"Observance"},{"month":"August","date":3,"day":"Monday","name":"Raksha Bandhan (Rakhi)","type":"Restricted"},{"month":"August","date":11,"day":"Tuesday","name":"Janmashtami (Smarta)","type":"Restricted"},{"month":"August","date":12,"day":"Wednesday","name":"Janmashtami","type":"Gazetted"},{"month":"August","date":15,"day":"Saturday","name":"Independence Day","type":"Gazetted"},{"month":"August","date":16,"day":"Sunday","name":"Parsi New Year","type":"Restricted"},{"month":"August","date":22,"day":"Saturday","name":"Ganesh Chaturthi/Vin
08-06 13:38:08.495 23918 23918 V Response: [{"month":"January","date":1,"day":"Wednesday","name":"New Year's Day","type":"Restricted"},{"month":"January","date":2,"day":"Thursday","name":"Guru Govind Singh Jayanti","type":"Restricted"},{"month":"January","date":14,"day":"Tuesday","name":"Lohri","type":"Restricted"},{"month":"January","date":15,"day":"Wednesday","name":"Pongal","type":"Restricted"},{"month":"January","date":15,"day":"Wednesday","name":"Makar Sankranti","type":"Restricted"},{"month":"January","date":25,"day":"Saturday","name":"Chinese New Year","type":"Observance"},{"month":"January","date":26,"day":"Sunday","name":"Republic Day","type":"Gazetted"},{"month":"January","date":30,"day":"Thursday","name":"Vasant Panchami","type":"Restricted"},{"month":"February","date":9,"day":"Sunday","name":"Guru Ravidas Jayanti","type":"Restricted"},{"month":"February","date":14,"day":"Friday","name":"Valentine's Day","type":"Observance"},{"month":"February","date":18,"day":"Tuesday","name":"Maharishi Dayanand Saraswati Jayanti","type":"Restricted"},{"month":"February","date":19,"day":"Wednesday","name":"Shivaji Jayanti","type":"Restricted"},{"month":"February","date":21,"day":"Friday","name":"Maha Shivaratri/Shivaratri","type":"Gazetted"},{"month":"March","date":9,"day":"Monday","name":"Holika Dahana","type":"Restricted"},{"month":"March","date":9,"day":"Monday","name":"Hazarat Ali's Birthday","type":"Restricted"},{"month":"March","date":10,"day":"Tuesday","name":"Holi","type":"Gazetted"},{"month":"March","date":20,"day":"Friday","name":"March Equinox","type":"Season"},{"month":"March","date":25,"day":"Wednesday","name":"Chaitra Sukhladi","type":"Restricted"},{"month":"April","date":2,"day":"Thursday","name":"Rama Navami","type":"Gazetted"},{"month":"April","date":6,"day":"Monday","name":"Mahavir Jayanti","type":"Gazetted"},{"month":"April","date":9,"day":"Thursday","name":"First day of Passover","type":"Observance"},{"month":"April","date":9,"day":"Thursday","name":"Maundy Thursday","type":"Observance,"},{"month":"April","date":10,"day":"Friday","name":"Good Friday","type":"Gazetted"},{"month":"April","date":12,"day":"Sunday","name":"Easter Day","type":"Restricted"},{"month":"April","date":13,"day":"Monday","name":"Vaisakhi","type":"Restricted"},{"month":"April","date":14,"day":"Tuesday","name":"Mesadi/Vaisakhadi","type":"Restricted"},{"month":"April","date":14,"day":"Tuesday","name":"Ambedkar Jayanti","type":"Central"},{"month":"May","date":1,"day":"Friday","name":"May Day","type":"Observance"},{"month":"May","date":7,"day":"Thursday","name":"Buddha Purnima/Vesak","type":"Gazetted"},{"month":"May","date":7,"day":"Thursday","name":"Birthday of Ravindranath","type":"Restricted"},{"month":"May","date":10,"day":"Sunday","name":"Mother's Day","type":"Observance"},{"month":"May","date":22,"day":"Friday","name":"Jamat Ul-Vida","type":"Restricted"},{"month":"May","date":25,"day":"Monday","name":"Ramzan Id/Eid-ul-Fitar","type":"Gazetted"},{"month":"May","date":25,"day":"Monday","name":"Ramzan Id/Eid-ul-Fitar","type":"Muslim,"},{"month":"June","date":21,"day":"Sunday","name":"June Solstice","type":"Season"},{"month":"June","date":21,"day":"Sunday","name":"Father's Day","type":"Observance"},{"month":"June","date":23,"day":"Tuesday","name":"Rath Yatra","type":"Restricted"},{"month":"July","date":5,"day":"Sunday","name":"Guru Purnima","type":"Observance"},{"month":"July","date":31,"day":"Friday","name":"Bakr Id/Eid ul-Adha","type":"Gazetted"},{"month":"August","date":2,"day":"Sunday","name":"Friendship Day","type":"Observance"},{"month":"August","date":3,"day":"Monday","name":"Raksha Bandhan (Rakhi)","type":"Restricted"},{"month":"August","date":11,"day":"Tuesday","name":"Janmashtami (Smarta)","type":"Restricted"},{"month":"August","date":12,"day":"Wednesday","name":"Janmashtami","type":"Gazetted"},{"month":"August","date":15,"day":"Saturday","name":"Independence Day","type":"Gazetted"},{"month":"August","date":16,"day":"Sunday","name":"Parsi New Year","type":"Restricted"},{"month":"August","date":22,"day":"Saturday","name":"Ganesh Chaturthi/Vin
08-06 13:38:08.510 23918 25389 I art     : Explicit concurrent mark sweep GC freed 7481(443KB) AllocSpace objects, 5(208KB) LOS objects, 7% free, 189MB/205MB, paused 2.383ms total 63.370ms
08-06 13:38:08.533 23918 25389 I art     : Starting a blocking GC Explicit
08-06 13:38:08.602 23918 25389 I art     : Explicit concurrent mark sweep GC freed 3984(149KB) AllocSpace objects, 0(0B) LOS objects, 7% free, 189MB/205MB, paused 2.346ms total 68.838ms
08-06 13:38:09.044 23918 23931 I art     : Starting a blocking GC Explicit
08-06 13:38:09.123 23918 23931 I art     : Explicit concurrent mark sweep GC freed 2643(116KB) AllocSpace objects, 3(4MB) LOS objects, 7% free, 185MB/201MB, paused 2.139ms total 78.258ms
08-06 13:38:09.151 23918 23931 I art     : Starting a blocking GC Explicit
08-06 13:38:09.228 23918 23931 I art     : Explicit concurrent mark sweep GC freed 175(3KB) AllocSpace objects, 0(0B) LOS objects, 7% free, 185MB/201MB, paused 2.149ms total 77.026ms
08-06 13:38:09.256 23918 23931 I art     : Starting a blocking GC Explicit
08-06 13:38:09.334 23918 23931 I art     : Explicit concurrent mark sweep GC freed 168(2832B) AllocSpace objects, 0(0B) LOS objects, 7% free, 185MB/201MB, paused 2.301ms total 77.425ms
08-06 13:38:09.361 23918 23931 I art     : Starting a blocking GC Explicit
08-06 13:38:09.438 23918 23931 I art     : Explicit concurrent mark sweep GC freed 149(2528B) AllocSpace objects, 0(0B) LOS objects, 7% free, 185MB/201MB, paused 2.280ms total 76.379ms
08-06 13:38:09.466 23918 23931 I art     : Starting a blocking GC Explicit
08-06 13:38:09.544 23918 23931 I art     : Explicit concurrent mark sweep GC freed 148(2528B) AllocSpace objects, 0(0B) LOS objects, 7% free, 185MB/201MB, paused 2.212ms total 77.997ms
08-06 13:38:10.020 23918 23938 I art     : Starting a blocking GC Explicit
08-06 13:38:10.100 23918 23938 I art     : Explicit concurrent mark sweep GC freed 2415(105KB) AllocSpace objects, 2(48KB) LOS objects, 7% free, 185MB/201MB, paused 2.361ms total 78.934ms
08-06 13:38:10.129 23918 23938 I art     : Starting a blocking GC Explicit
08-06 13:38:10.205 23918 23938 I art     : Explicit concurrent mark sweep GC freed 194(3KB) AllocSpace objects, 0(0B) LOS objects, 7% free, 185MB/201MB, paused 2.076ms total 76.022ms
08-06 13:38:10.233 23918 23938 I art     : Starting a blocking GC Explicit
08-06 13:38:10.311 23918 23938 I art     : Explicit concurrent mark sweep GC freed 149(2560B) AllocSpace objects, 0(0B) LOS objects, 7% free, 185MB/201MB, paused 2.201ms total 77.920ms
08-06 13:38:10.339 23918 23938 I art     : Starting a blocking GC Explicit
08-06 13:38:10.416 23918 23938 I art     : Explicit concurrent mark sweep GC freed 147(2496B) AllocSpace objects, 0(0B) LOS objects, 7% free, 185MB/201MB, paused 2.146ms total 76.799ms
08-06 13:38:10.443 23918 23938 I art     : Starting a blocking GC Explicit
08-06 13:38:10.522 23918 23938 I art     : Explicit concurrent mark sweep GC freed 170(2864B) AllocSpace objects, 0(0B) LOS objects, 7% free, 185MB/201MB, paused 2.224ms total 78.202ms
08-06 13:38:11.001 23918 23930 I art     : Starting a blocking GC Explicit
08-06 13:38:11.080 23918 23930 I art     : Explicit concurrent mark sweep GC freed 2439(107KB) AllocSpace objects, 2(48KB) LOS objects, 7% free, 185MB/201MB, paused 2.134ms total 78.077ms
08-06 13:38:11.108 23918 23930 I art     : Starting a blocking GC Explicit
08-06 13:38:11.185 23918 23930 I art     : Explicit concurrent mark sweep GC freed 208(5KB) AllocSpace objects, 0(0B) LOS objects, 7% free, 185MB/201MB, paused 2.274ms total 76.505ms
08-06 13:38:11.213 23918 23930 I art     : Starting a blocking GC Explicit
08-06 13:38:11.292 23918 23930 I art     : Explicit concurrent mark sweep GC freed 163(2768B) AllocSpace objects, 0(0B) LOS objects, 7% free, 185MB/201MB, paused 2.097ms total 78.114ms
08-06 13:38:11.319 23918 23930 I art     : Starting a blocking GC Explicit
08-06 13:38:11.397 23918 23930 I art     : Explicit concurrent mark sweep GC freed 147(2496B) AllocSpace objects, 0(0B) LOS objects, 7% free, 185MB/201MB, paused 1.996ms total 78.428ms
08-06 13:38:11.425 23918 23930 I art     : Starting a blocking GC Explicit
08-06 13:38:11.502 23918 23930 I art     : Explicit concurrent mark sweep GC freed 171(2896B) AllocSpace objects, 0(0B) LOS objects, 7% free, 185MB/201MB, paused 2.184ms total 77.098ms
08-06 13:38:11.999 23918 24417 I art     : Starting a blocking GC Explicit
08-06 13:38:12.071 23918 24417 I art     : Explicit concurrent mark sweep GC freed 2439(106KB) AllocSpace objects, 2(48KB) LOS objects, 7% free, 185MB/201MB, paused 2.036ms total 71.727ms
08-06 13:38:12.097 23918 24417 I art     : Starting a blocking GC Explicit
08-06 13:38:12.169 23918 24417 I art     : Explicit concurrent mark sweep GC freed 155(3KB) AllocSpace objects, 0(0B) LOS objects, 7% free, 185MB/201MB, paused 2.285ms total 71.616ms
08-06 13:38:12.196 23918 24417 I art     : Starting a blocking GC Explicit
08-06 13:38:12.271 23918 24417 I art     : Explicit concurrent mark sweep GC freed 155(2624B) AllocSpace objects, 0(0B) LOS objects, 7% free, 185MB/201MB, paused 2.278ms total 74.516ms
08-06 13:38:12.298 23918 24417 I art     : Starting a blocking GC Explicit
08-06 13:38:12.371 23918 24417 I art     : Explicit concurrent mark sweep GC freed 155(2624B) AllocSpace objects, 0(0B) LOS objects, 7% free, 185MB/201MB, paused 2.173ms total 73.202ms
08-06 13:38:12.372 23918 23929 I art     : WaitForGcToComplete blocked for 48.657ms for cause HeapTrim
08-06 13:38:12.398 23918 24417 I art     : Starting a blocking GC Explicit
08-06 13:38:12.404 26544 26544 D AndroidRuntime: >>>>>> START com.android.internal.os.RuntimeInit uid 2000 <<<<<<
08-06 13:38:12.410 26544 26544 D AndroidRuntime: CheckJNI is OFF
08-06 13:38:12.462 26544 26544 D ICU     : No timezone override file found: /data/misc/zoneinfo/current/icu/icu_tzdata.dat
08-06 13:38:12.471 23918 24417 I art     : Explicit concurrent mark sweep GC freed 147(2496B) AllocSpace objects, 0(0B) LOS objects, 7% free, 185MB/201MB, paused 2.135ms total 72.710ms
08-06 13:38:12.511 26544 26544 I Radio-JNI: register_android_hardware_Radio DONE
08-06 13:38:12.543 26544 26544 D AndroidRuntime: Calling main entry com.android.commands.input.Input
08-06 13:38:12.545 26544 26544 I Input   : injectKeyEvent: KeyEvent { action=ACTION_DOWN, keyCode=KEYCODE_BACK, scanCode=0, metaState=0, flags=0x0, repeatCount=0, eventTime=884308958, downTime=884308958, deviceId=-1, source=0x101 }
08-06 13:38:12.551 26544 26544 I Input   : injectKeyEvent: KeyEvent { action=ACTION_UP, keyCode=KEYCODE_BACK, scanCode=0, metaState=0, flags=0x0, repeatCount=0, eventTime=884308958, downTime=884308958, deviceId=-1, source=0x101 }
08-06 13:38:12.557 26544 26544 D AndroidRuntime: Shutting down VM
08-06 13:38:12.567 23918 23918 V MainActivity: url = https://project-travel-mate.herokuapp.com/api/number-of-unread-notifications
08-06 13:38:12.601 13866 13866 I GoogleInputMethodServic: GoogleInputMethodService.onFinishInput():3138 
08-06 13:38:12.601 13866 13866 I GoogleInputMethodServic: GoogleInputMethodService.onStartInput():1808 
08-06 13:38:12.782   518   646 I ThermalEngine: ACTION: GPU - Setting GPU[0] to 450000000
08-06 13:38:12.891 23918 23930 I art     : Starting a blocking GC Explicit
08-06 13:38:12.949   380   380 W SurfaceFlinger: couldn't log to binary event log: overflow.
08-06 13:38:12.961 23918 23930 I art     : Explicit concurrent mark sweep GC freed 2727(126KB) AllocSpace objects, 2(48KB) LOS objects, 7% free, 185MB/201MB, paused 1.463ms total 70.203ms
08-06 13:38:12.981 23918 23930 I art     : Starting a blocking GC Explicit
08-06 13:38:13.040 23918 23930 I art     : Explicit concurrent mark sweep GC freed 92(3KB) AllocSpace objects, 1(188KB) LOS objects, 7% free, 185MB/201MB, paused 1.438ms total 58.344ms
08-06 13:38:13.059 23918 23930 I art     : Starting a blocking GC Explicit
08-06 13:38:13.108 23918 26561 I NAPPA_EXPERIMENTATION: MetricNetworkRequestExecutionTime: REQUEST_DURATION_SYSTEM='540',REQUEST_DURATION_OKHTTP='33',REQUEST_SYNCHRONOUS='FALSE',RESPONSE_CODE='200',RESPONSE_METHOD='GET',RESPONSE_LENGTH_OKHTTP='36',RESPONSE_LENGTH_HEADER='36',REQUEST_PROTOCOL='http/1.1',REQUEST_URL='https://project-travel-mate.herokuapp.com/api/number-of-unread-notifications',
08-06 13:38:13.118 23918 23930 I art     : Explicit concurrent mark sweep GC freed 9212(499KB) AllocSpace objects, 16(464KB) LOS objects, 7% free, 185MB/201MB, paused 1.381ms total 57.899ms
08-06 13:38:13.136 23918 23930 I art     : Starting a blocking GC Explicit
08-06 13:38:13.195 23918 23930 I art     : Explicit concurrent mark sweep GC freed 1065(120KB) AllocSpace objects, 0(0B) LOS objects, 7% free, 184MB/200MB, paused 1.423ms total 58.635ms
08-06 13:38:13.215 23918 23930 I art     : Starting a blocking GC Explicit
08-06 13:38:13.276 23918 23930 I art     : Explicit concurrent mark sweep GC freed 95(4KB) AllocSpace objects, 0(0B) LOS objects, 7% free, 184MB/200MB, paused 1.500ms total 60.987ms
08-06 13:38:13.695 23918 23931 I art     : Starting a blocking GC Explicit
08-06 13:38:13.772 23918 23931 I art     : Explicit concurrent mark sweep GC freed 1645(94KB) AllocSpace objects, 2(48KB) LOS objects, 7% free, 184MB/200MB, paused 1.544ms total 76.338ms
08-06 13:38:13.796 23918 23931 I art     : Starting a blocking GC Explicit
08-06 13:38:13.854 23918 23931 I art     : Explicit concurrent mark sweep GC freed 52(2000B) AllocSpace objects, 0(0B) LOS objects, 7% free, 184MB/200MB, paused 1.413ms total 57.400ms
08-06 13:38:13.873 23918 23931 I art     : Starting a blocking GC Explicit
08-06 13:38:13.932 23918 23931 I art     : Explicit concurrent mark sweep GC freed 3(96B) AllocSpace objects, 0(0B) LOS objects, 7% free, 184MB/200MB, paused 1.431ms total 58.190ms
08-06 13:38:13.951 23918 23931 I art     : Starting a blocking GC Explicit
08-06 13:38:14.011 23918 23931 I art     : Explicit concurrent mark sweep GC freed 15(752B) AllocSpace objects, 0(0B) LOS objects, 7% free, 184MB/200MB, paused 1.435ms total 59.415ms
08-06 13:38:14.030 23918 23931 I art     : Starting a blocking GC Explicit
08-06 13:38:14.090 23918 23931 I art     : Explicit concurrent mark sweep GC freed 13(640B) AllocSpace objects, 0(0B) LOS objects, 7% free, 184MB/200MB, paused 1.433ms total 59.133ms
08-06 13:38:14.339 26583 26583 D AndroidRuntime: >>>>>> START com.android.internal.os.RuntimeInit uid 2000 <<<<<<
08-06 13:38:14.344 26583 26583 D AndroidRuntime: CheckJNI is OFF
08-06 13:38:14.381 26583 26583 D ICU     : No timezone override file found: /data/misc/zoneinfo/current/icu/icu_tzdata.dat
08-06 13:38:14.418 26583 26583 I Radio-JNI: register_android_hardware_Radio DONE
08-06 13:38:14.446 26583 26583 D AndroidRuntime: Calling main entry com.android.commands.input.Input
08-06 13:38:14.448 26583 26583 I Input   : injectMotionEvent: MotionEvent { action=ACTION_DOWN, actionButton=0, id[0]=0, x[0]=657.0, y[0]=2080.0, toolType[0]=TOOL_TYPE_UNKNOWN, buttonState=0, metaState=0, flags=0x0, edgeFlags=0x0, pointerCount=1, historySize=0, eventTime=884310860, downTime=884310860, deviceId=0, source=0x1002 }
08-06 13:38:14.473 26583 26583 I Input   : injectMotionEvent: MotionEvent { action=ACTION_UP, actionButton=0, id[0]=0, x[0]=657.0, y[0]=2080.0, toolType[0]=TOOL_TYPE_UNKNOWN, buttonState=0, metaState=0, flags=0x0, edgeFlags=0x0, pointerCount=1, historySize=0, eventTime=884310860, downTime=884310860, deviceId=0, source=0x1002 }
08-06 13:38:14.495 23918 24417 I art     : Starting a blocking GC Explicit
08-06 13:38:14.512 26583 26583 D AndroidRuntime: Shutting down VM
08-06 13:38:14.513   918  3359 I ActivityManager: START u0 {cmp=baseline.io.github.project_travel_mate/.utilities.UpcomingWeekendsActivity} from uid 10696 on display 0
08-06 13:38:14.514   512  2967 D audio_hw_primary: out_set_parameters: enter: usecase(1: low-latency-playback) kvpairs: routing=2
08-06 13:38:14.527   512  2967 D audio_hw_primary: select_devices: out_snd_device(2: speaker) in_snd_device(0: none)
08-06 13:38:14.527   512  2967 D msm8974_platform: platform_send_audio_calibration: sending audio calibration for snd_device(2) acdb_id(15)
08-06 13:38:14.527   512  2967 I soundtrigger: audio_extn_sound_trigger_update_device_status: device 0x2 of type 0 for Event 1
08-06 13:38:14.537   512  2967 D audio_hw_primary: enable_snd_device: snd_device(2: speaker)
08-06 13:38:14.539   512  2967 D audio_hw_primary: enable_audio_route: apply and update mixer path: low-latency-playback speaker
08-06 13:38:14.544 23918 24000 D Gabe    : call	returning from cache
08-06 13:38:14.547 23918 23918 V EXECUTING: https://project-travel-mate.herokuapp.com/api/get-upcoming-holidays/2020
08-06 13:38:14.551 23918 24417 I art     : Explicit concurrent mark sweep GC freed 1934(113KB) AllocSpace objects, 2(48KB) LOS objects, 7% free, 185MB/201MB, paused 1.817ms total 56.274ms
08-06 13:38:14.551 23918 23918 V EXECUTING: https://project-travel-mate.herokuapp.com/api/get-upcoming-holidays/2020
08-06 13:38:14.569 23918 24417 I art     : Starting a blocking GC Explicit
08-06 13:38:14.625 23918 24417 I art     : Explicit concurrent mark sweep GC freed 971(66KB) AllocSpace objects, 0(0B) LOS objects, 7% free, 185MB/201MB, paused 1.446ms total 55.485ms
08-06 13:38:14.643 23918 24417 I art     : Starting a blocking GC Explicit
08-06 13:38:14.644 13866 13866 I GoogleInputMethodServic: GoogleInputMethodService.onFinishInput():3138 
08-06 13:38:14.645 13866 13866 I GoogleInputMethodServic: GoogleInputMethodService.onStartInput():1808 
08-06 13:38:14.697 23918 24417 I art     : Explicit concurrent mark sweep GC freed 610(21KB) AllocSpace objects, 0(0B) LOS objects, 7% free, 189MB/205MB, paused 1.754ms total 53.157ms
08-06 13:38:14.716 23918 24417 I art     : Starting a blocking GC Explicit
08-06 13:38:14.745   918   936 I ActivityManager: Displayed baseline.io.github.project_travel_mate/.utilities.UpcomingWeekendsActivity: +222ms
08-06 13:38:14.770 23918 24417 I art     : Explicit concurrent mark sweep GC freed 112(2640B) AllocSpace objects, 0(0B) LOS objects, 7% free, 189MB/205MB, paused 1.682ms total 53.718ms
08-06 13:38:14.790 23918 24417 I art     : Starting a blocking GC Explicit
08-06 13:38:14.848 23918 24417 I art     : Explicit concurrent mark sweep GC freed 76(1312B) AllocSpace objects, 0(0B) LOS objects, 7% free, 189MB/205MB, paused 2.136ms total 57.187ms
08-06 13:38:15.003   380   380 W SurfaceFlinger: couldn't log to binary event log: overflow.
08-06 13:38:15.053 23918 26607 I NAPPA_EXPERIMENTATION: MetricNetworkRequestExecutionTime: REQUEST_DURATION_SYSTEM='503',REQUEST_DURATION_OKHTTP='36',REQUEST_SYNCHRONOUS='FALSE',RESPONSE_CODE='200',RESPONSE_METHOD='GET',RESPONSE_LENGTH_OKHTTP='6426',RESPONSE_LENGTH_HEADER='6426',REQUEST_PROTOCOL='http/1.1',REQUEST_URL='https://project-travel-mate.herokuapp.com/api/get-upcoming-holidays/2020',
08-06 13:38:15.056 23918 23918 V Response: [{"month":"January","date":1,"day":"Wednesday","name":"New Year's Day","type":"Restricted"},{"month":"January","date":2,"day":"Thursday","name":"Guru Govind Singh Jayanti","type":"Restricted"},{"month":"January","date":14,"day":"Tuesday","name":"Lohri","type":"Restricted"},{"month":"January","date":15,"day":"Wednesday","name":"Pongal","type":"Restricted"},{"month":"January","date":15,"day":"Wednesday","name":"Makar Sankranti","type":"Restricted"},{"month":"January","date":25,"day":"Saturday","name":"Chinese New Year","type":"Observance"},{"month":"January","date":26,"day":"Sunday","name":"Republic Day","type":"Gazetted"},{"month":"January","date":30,"day":"Thursday","name":"Vasant Panchami","type":"Restricted"},{"month":"February","date":9,"day":"Sunday","name":"Guru Ravidas Jayanti","type":"Restricted"},{"month":"February","date":14,"day":"Friday","name":"Valentine's Day","type":"Observance"},{"month":"February","date":18,"day":"Tuesday","name":"Maharishi Dayanand Saraswati Jayanti","type":"Restricted"},{"month":"February","date":19,"day":"Wednesday","name":"Shivaji Jayanti","type":"Restricted"},{"month":"February","date":21,"day":"Friday","name":"Maha Shivaratri/Shivaratri","type":"Gazetted"},{"month":"March","date":9,"day":"Monday","name":"Holika Dahana","type":"Restricted"},{"month":"March","date":9,"day":"Monday","name":"Hazarat Ali's Birthday","type":"Restricted"},{"month":"March","date":10,"day":"Tuesday","name":"Holi","type":"Gazetted"},{"month":"March","date":20,"day":"Friday","name":"March Equinox","type":"Season"},{"month":"March","date":25,"day":"Wednesday","name":"Chaitra Sukhladi","type":"Restricted"},{"month":"April","date":2,"day":"Thursday","name":"Rama Navami","type":"Gazetted"},{"month":"April","date":6,"day":"Monday","name":"Mahavir Jayanti","type":"Gazetted"},{"month":"April","date":9,"day":"Thursday","name":"First day of Passover","type":"Observance"},{"month":"April","date":9,"day":"Thursday","name":"Maundy Thursday","type":"Observance,"},{"month":"April","date":10,"day":"Friday","name":"Good Friday","type":"Gazetted"},{"month":"April","date":12,"day":"Sunday","name":"Easter Day","type":"Restricted"},{"month":"April","date":13,"day":"Monday","name":"Vaisakhi","type":"Restricted"},{"month":"April","date":14,"day":"Tuesday","name":"Mesadi/Vaisakhadi","type":"Restricted"},{"month":"April","date":14,"day":"Tuesday","name":"Ambedkar Jayanti","type":"Central"},{"month":"May","date":1,"day":"Friday","name":"May Day","type":"Observance"},{"month":"May","date":7,"day":"Thursday","name":"Buddha Purnima/Vesak","type":"Gazetted"},{"month":"May","date":7,"day":"Thursday","name":"Birthday of Ravindranath","type":"Restricted"},{"month":"May","date":10,"day":"Sunday","name":"Mother's Day","type":"Observance"},{"month":"May","date":22,"day":"Friday","name":"Jamat Ul-Vida","type":"Restricted"},{"month":"May","date":25,"day":"Monday","name":"Ramzan Id/Eid-ul-Fitar","type":"Gazetted"},{"month":"May","date":25,"day":"Monday","name":"Ramzan Id/Eid-ul-Fitar","type":"Muslim,"},{"month":"June","date":21,"day":"Sunday","name":"June Solstice","type":"Season"},{"month":"June","date":21,"day":"Sunday","name":"Father's Day","type":"Observance"},{"month":"June","date":23,"day":"Tuesday","name":"Rath Yatra","type":"Restricted"},{"month":"July","date":5,"day":"Sunday","name":"Guru Purnima","type":"Observance"},{"month":"July","date":31,"day":"Friday","name":"Bakr Id/Eid ul-Adha","type":"Gazetted"},{"month":"August","date":2,"day":"Sunday","name":"Friendship Day","type":"Observance"},{"month":"August","date":3,"day":"Monday","name":"Raksha Bandhan (Rakhi)","type":"Restricted"},{"month":"August","date":11,"day":"Tuesday","name":"Janmashtami (Smarta)","type":"Restricted"},{"month":"August","date":12,"day":"Wednesday","name":"Janmashtami","type":"Gazetted"},{"month":"August","date":15,"day":"Saturday","name":"Independence Day","type":"Gazetted"},{"month":"August","date":16,"day":"Sunday","name":"Parsi New Year","type":"Restricted"},{"month":"August","date":22,"day":"Saturday","name":"Ganesh Chaturthi/Vin
08-06 13:38:15.080   512  2967 D audio_hw_primary: disable_audio_route: reset and update mixer path: low-latency-playback speaker
08-06 13:38:15.080   512  2967 D audio_hw_primary: disable_snd_device: snd_device(2: speaker)
08-06 13:38:15.081 23918 26608 I NAPPA_EXPERIMENTATION: MetricNetworkRequestExecutionTime: REQUEST_DURATION_SYSTEM='528',REQUEST_DURATION_OKHTTP='57',REQUEST_SYNCHRONOUS='FALSE',RESPONSE_CODE='200',RESPONSE_METHOD='GET',RESPONSE_LENGTH_OKHTTP='6426',RESPONSE_LENGTH_HEADER='6426',REQUEST_PROTOCOL='http/1.1',REQUEST_URL='https://project-travel-mate.herokuapp.com/api/get-upcoming-holidays/2020',
08-06 13:38:15.088   512  2967 I soundtrigger: audio_extn_sound_trigger_update_device_status: device 0x2 of type 0 for Event 0
08-06 13:38:15.120 23918 23918 V Response: [{"month":"January","date":1,"day":"Wednesday","name":"New Year's Day","type":"Restricted"},{"month":"January","date":2,"day":"Thursday","name":"Guru Govind Singh Jayanti","type":"Restricted"},{"month":"January","date":14,"day":"Tuesday","name":"Lohri","type":"Restricted"},{"month":"January","date":15,"day":"Wednesday","name":"Pongal","type":"Restricted"},{"month":"January","date":15,"day":"Wednesday","name":"Makar Sankranti","type":"Restricted"},{"month":"January","date":25,"day":"Saturday","name":"Chinese New Year","type":"Observance"},{"month":"January","date":26,"day":"Sunday","name":"Republic Day","type":"Gazetted"},{"month":"January","date":30,"day":"Thursday","name":"Vasant Panchami","type":"Restricted"},{"month":"February","date":9,"day":"Sunday","name":"Guru Ravidas Jayanti","type":"Restricted"},{"month":"February","date":14,"day":"Friday","name":"Valentine's Day","type":"Observance"},{"month":"February","date":18,"day":"Tuesday","name":"Maharishi Dayanand Saraswati Jayanti","type":"Restricted"},{"month":"February","date":19,"day":"Wednesday","name":"Shivaji Jayanti","type":"Restricted"},{"month":"February","date":21,"day":"Friday","name":"Maha Shivaratri/Shivaratri","type":"Gazetted"},{"month":"March","date":9,"day":"Monday","name":"Holika Dahana","type":"Restricted"},{"month":"March","date":9,"day":"Monday","name":"Hazarat Ali's Birthday","type":"Restricted"},{"month":"March","date":10,"day":"Tuesday","name":"Holi","type":"Gazetted"},{"month":"March","date":20,"day":"Friday","name":"March Equinox","type":"Season"},{"month":"March","date":25,"day":"Wednesday","name":"Chaitra Sukhladi","type":"Restricted"},{"month":"April","date":2,"day":"Thursday","name":"Rama Navami","type":"Gazetted"},{"month":"April","date":6,"day":"Monday","name":"Mahavir Jayanti","type":"Gazetted"},{"month":"April","date":9,"day":"Thursday","name":"First day of Passover","type":"Observance"},{"month":"April","date":9,"day":"Thursday","name":"Maundy Thursday","type":"Observance,"},{"month":"April","date":10,"day":"Friday","name":"Good Friday","type":"Gazetted"},{"month":"April","date":12,"day":"Sunday","name":"Easter Day","type":"Restricted"},{"month":"April","date":13,"day":"Monday","name":"Vaisakhi","type":"Restricted"},{"month":"April","date":14,"day":"Tuesday","name":"Mesadi/Vaisakhadi","type":"Restricted"},{"month":"April","date":14,"day":"Tuesday","name":"Ambedkar Jayanti","type":"Central"},{"month":"May","date":1,"day":"Friday","name":"May Day","type":"Observance"},{"month":"May","date":7,"day":"Thursday","name":"Buddha Purnima/Vesak","type":"Gazetted"},{"month":"May","date":7,"day":"Thursday","name":"Birthday of Ravindranath","type":"Restricted"},{"month":"May","date":10,"day":"Sunday","name":"Mother's Day","type":"Observance"},{"month":"May","date":22,"day":"Friday","name":"Jamat Ul-Vida","type":"Restricted"},{"month":"May","date":25,"day":"Monday","name":"Ramzan Id/Eid-ul-Fitar","type":"Gazetted"},{"month":"May","date":25,"day":"Monday","name":"Ramzan Id/Eid-ul-Fitar","type":"Muslim,"},{"month":"June","date":21,"day":"Sunday","name":"June Solstice","type":"Season"},{"month":"June","date":21,"day":"Sunday","name":"Father's Day","type":"Observance"},{"month":"June","date":23,"day":"Tuesday","name":"Rath Yatra","type":"Restricted"},{"month":"July","date":5,"day":"Sunday","name":"Guru Purnima","type":"Observance"},{"month":"July","date":31,"day":"Friday","name":"Bakr Id/Eid ul-Adha","type":"Gazetted"},{"month":"August","date":2,"day":"Sunday","name":"Friendship Day","type":"Observance"},{"month":"August","date":3,"day":"Monday","name":"Raksha Bandhan (Rakhi)","type":"Restricted"},{"month":"August","date":11,"day":"Tuesday","name":"Janmashtami (Smarta)","type":"Restricted"},{"month":"August","date":12,"day":"Wednesday","name":"Janmashtami","type":"Gazetted"},{"month":"August","date":15,"day":"Saturday","name":"Independence Day","type":"Gazetted"},{"month":"August","date":16,"day":"Sunday","name":"Parsi New Year","type":"Restricted"},{"month":"August","date":22,"day":"Saturday","name":"Ganesh Chaturthi/Vin
08-06 13:38:15.241 23918 23938 I art     : Starting a blocking GC Explicit
08-06 13:38:15.315 23918 23938 I art     : Explicit concurrent mark sweep GC freed 20796(870KB) AllocSpace objects, 12(4MB) LOS objects, 7% free, 186MB/202MB, paused 1.623ms total 73.828ms
08-06 13:38:15.338 23918 23938 I art     : Starting a blocking GC Explicit
08-06 13:38:15.400 23918 23938 I art     : Explicit concurrent mark sweep GC freed 3470(321KB) AllocSpace objects, 0(0B) LOS objects, 7% free, 185MB/201MB, paused 1.557ms total 61.691ms
08-06 13:38:15.420 23918 23938 I art     : Starting a blocking GC Explicit
08-06 13:38:15.482 23918 23938 I art     : Explicit concurrent mark sweep GC freed 123(2096B) AllocSpace objects, 0(0B) LOS objects, 7% free, 185MB/201MB, paused 1.442ms total 61.765ms
08-06 13:38:15.502 23918 23938 I art     : Starting a blocking GC Explicit
08-06 13:38:15.564 23918 23938 I art     : Explicit concurrent mark sweep GC freed 123(2096B) AllocSpace objects, 0(0B) LOS objects, 7% free, 185MB/201MB, paused 1.404ms total 62.055ms
08-06 13:38:15.585 23918 23938 I art     : Starting a blocking GC Explicit
08-06 13:38:15.649 23918 23938 I art     : Explicit concurrent mark sweep GC freed 158(3024B) AllocSpace objects, 0(0B) LOS objects, 7% free, 185MB/201MB, paused 1.493ms total 64.565ms
08-06 13:38:15.793   518   646 I ThermalEngine: ACTION: GPU - Setting GPU[0] to 390000000
08-06 13:38:16.099 23918 24417 I art     : Starting a blocking GC Explicit
08-06 13:38:16.180 23918 24417 I art     : Explicit concurrent mark sweep GC freed 2356(104KB) AllocSpace objects, 2(48KB) LOS objects, 7% free, 185MB/201MB, paused 2.362ms total 80.433ms
08-06 13:38:16.208 23918 24417 I art     : Starting a blocking GC Explicit
08-06 13:38:16.288 23918 24417 I art     : Explicit concurrent mark sweep GC freed 172(3KB) AllocSpace objects, 0(0B) LOS objects, 7% free, 185MB/201MB, paused 2.521ms total 80.187ms
08-06 13:38:16.317 23918 24417 I art     : Starting a blocking GC Explicit
08-06 13:38:16.398 23918 24417 I art     : Explicit concurrent mark sweep GC freed 171(2896B) AllocSpace objects, 0(0B) LOS objects, 7% free, 185MB/201MB, paused 2.263ms total 80.266ms
08-06 13:38:16.425 23918 24417 I art     : Starting a blocking GC Explicit
08-06 13:38:16.506 23918 24417 I art     : Explicit concurrent mark sweep GC freed 147(2496B) AllocSpace objects, 0(0B) LOS objects, 7% free, 185MB/201MB, paused 2.204ms total 80.106ms
08-06 13:38:16.534 23918 24417 I art     : Starting a blocking GC Explicit
08-06 13:38:16.615 23918 24417 I art     : Explicit concurrent mark sweep GC freed 182(3KB) AllocSpace objects, 0(0B) LOS objects, 7% free, 185MB/201MB, paused 2.172ms total 80.396ms
08-06 13:38:17.103 23918 23931 I art     : Starting a blocking GC Explicit
08-06 13:38:17.185 23918 23931 I art     : Explicit concurrent mark sweep GC freed 2461(107KB) AllocSpace objects, 2(48KB) LOS objects, 7% free, 185MB/201MB, paused 2.262ms total 81.113ms
08-06 13:38:17.213 23918 23931 I art     : Starting a blocking GC Explicit
08-06 13:38:17.294 23918 23931 I art     : Explicit concurrent mark sweep GC freed 217(4KB) AllocSpace objects, 0(0B) LOS objects, 7% free, 185MB/201MB, paused 2.300ms total 80.195ms
08-06 13:38:17.322 23918 23931 I art     : Starting a blocking GC Explicit
08-06 13:38:17.403 23918 23931 I art     : Explicit concurrent mark sweep GC freed 147(2496B) AllocSpace objects, 0(0B) LOS objects, 7% free, 185MB/201MB, paused 2.268ms total 79.895ms
08-06 13:38:17.431 23918 23931 I art     : Starting a blocking GC Explicit
08-06 13:38:17.512 23918 23931 I art     : Explicit concurrent mark sweep GC freed 170(2864B) AllocSpace objects, 0(0B) LOS objects, 7% free, 185MB/201MB, paused 2.255ms total 80.836ms
08-06 13:38:17.513 23918 23929 I art     : WaitForGcToComplete blocked for 40.685ms for cause HeapTrim
08-06 13:38:17.541 23918 23931 I art     : Starting a blocking GC Explicit
08-06 13:38:17.621 23918 23931 I art     : Explicit concurrent mark sweep GC freed 148(2528B) AllocSpace objects, 0(0B) LOS objects, 7% free, 185MB/201MB, paused 2.203ms total 79.801ms
08-06 13:38:18.099 23918 23930 I art     : Starting a blocking GC Explicit
08-06 13:38:18.182 23918 23930 I art     : Explicit concurrent mark sweep GC freed 2439(106KB) AllocSpace objects, 2(48KB) LOS objects, 7% free, 185MB/201MB, paused 2.749ms total 81.792ms
08-06 13:38:18.210 23918 23930 I art     : Starting a blocking GC Explicit
08-06 13:38:18.290 23918 23930 I art     : Explicit concurrent mark sweep GC freed 173(3KB) AllocSpace objects, 0(0B) LOS objects, 7% free, 185MB/201MB, paused 2.656ms total 79.624ms
08-06 13:38:18.318 23918 23930 I art     : Starting a blocking GC Explicit
08-06 13:38:18.397 23918 23930 I art     : Explicit concurrent mark sweep GC freed 170(2864B) AllocSpace objects, 0(0B) LOS objects, 7% free, 185MB/201MB, paused 2.443ms total 78.378ms
08-06 13:38:18.426 23918 23930 I art     : Starting a blocking GC Explicit
08-06 13:38:18.508 23918 23930 I art     : Explicit concurrent mark sweep GC freed 148(2528B) AllocSpace objects, 0(0B) LOS objects, 7% free, 185MB/201MB, paused 2.330ms total 81.415ms
08-06 13:38:18.537 23918 23930 I art     : Starting a blocking GC Explicit
08-06 13:38:18.615 23918 23930 I art     : Explicit concurrent mark sweep GC freed 170(2864B) AllocSpace objects, 0(0B) LOS objects, 7% free, 185MB/201MB, paused 2.283ms total 77.334ms
08-06 13:38:18.796   518   646 I ThermalEngine: ACTION: GPU - Setting GPU[0] to 450000000
08-06 13:38:19.018 23918 25389 I art     : Starting a blocking GC Explicit
08-06 13:38:19.086 23918 25389 I art     : Explicit concurrent mark sweep GC freed 2296(104KB) AllocSpace objects, 2(48KB) LOS objects, 7% free, 185MB/201MB, paused 1.516ms total 68.430ms
08-06 13:38:19.106 23918 25389 I art     : Starting a blocking GC Explicit
08-06 13:38:19.175 23918 25389 I art     : Explicit concurrent mark sweep GC freed 153(3KB) AllocSpace objects, 0(0B) LOS objects, 7% free, 185MB/201MB, paused 1.690ms total 68.167ms
08-06 13:38:19.195 23918 25389 I art     : Starting a blocking GC Explicit
08-06 13:38:19.260 23918 25389 I art     : Explicit concurrent mark sweep GC freed 162(3KB) AllocSpace objects, 0(0B) LOS objects, 7% free, 185MB/201MB, paused 1.646ms total 65.008ms
08-06 13:38:19.281 23918 25389 I art     : Starting a blocking GC Explicit
08-06 13:38:19.284 26651 26651 D AndroidRuntime: >>>>>> START com.android.internal.os.RuntimeInit uid 2000 <<<<<<
08-06 13:38:19.290 26651 26651 D AndroidRuntime: CheckJNI is OFF
08-06 13:38:19.334 26651 26651 D ICU     : No timezone override file found: /data/misc/zoneinfo/current/icu/icu_tzdata.dat
08-06 13:38:19.345 23918 25389 I art     : Explicit concurrent mark sweep GC freed 156(3040B) AllocSpace objects, 0(0B) LOS objects, 7% free, 185MB/201MB, paused 1.528ms total 64.046ms
08-06 13:38:19.366 23918 25389 I art     : Starting a blocking GC Explicit
08-06 13:38:19.381 26651 26651 I Radio-JNI: register_android_hardware_Radio DONE
08-06 13:38:19.411 26651 26651 D AndroidRuntime: Calling main entry com.android.commands.input.Input
08-06 13:38:19.412 26651 26651 I Input   : injectKeyEvent: KeyEvent { action=ACTION_DOWN, keyCode=KEYCODE_BACK, scanCode=0, metaState=0, flags=0x0, repeatCount=0, eventTime=884315826, downTime=884315826, deviceId=-1, source=0x101 }
08-06 13:38:19.419 26651 26651 I Input   : injectKeyEvent: KeyEvent { action=ACTION_UP, keyCode=KEYCODE_BACK, scanCode=0, metaState=0, flags=0x0, repeatCount=0, eventTime=884315826, downTime=884315826, deviceId=-1, source=0x101 }
08-06 13:38:19.426 26651 26651 D AndroidRuntime: Shutting down VM
08-06 13:38:19.428 23918 25389 I art     : Explicit concurrent mark sweep GC freed 102(1840B) AllocSpace objects, 0(0B) LOS objects, 7% free, 185MB/201MB, paused 1.579ms total 62.398ms
08-06 13:38:19.441 23918 23918 V MainActivity: url = https://project-travel-mate.herokuapp.com/api/number-of-unread-notifications
08-06 13:38:19.475 13866 13866 I GoogleInputMethodServic: GoogleInputMethodService.onFinishInput():3138 
08-06 13:38:19.476 13866 13866 I GoogleInputMethodServic: GoogleInputMethodService.onStartInput():1808 
08-06 13:38:19.805 23918 25389 I art     : Starting a blocking GC Explicit
08-06 13:38:19.805   380   380 W SurfaceFlinger: couldn't log to binary event log: overflow.
08-06 13:38:19.863 23918 25389 I art     : Explicit concurrent mark sweep GC freed 2651(125KB) AllocSpace objects, 2(48KB) LOS objects, 7% free, 185MB/201MB, paused 1.451ms total 58.310ms
08-06 13:38:19.882 23918 25389 I art     : Starting a blocking GC Explicit
08-06 13:38:19.940 23918 25389 I art     : Explicit concurrent mark sweep GC freed 9255(494KB) AllocSpace objects, 16(464KB) LOS objects, 7% free, 185MB/201MB, paused 1.813ms total 57.229ms
08-06 13:38:19.959 23918 25389 I art     : Starting a blocking GC Explicit
08-06 13:38:19.964 23918 26674 I NAPPA_EXPERIMENTATION: MetricNetworkRequestExecutionTime: REQUEST_DURATION_SYSTEM='522',REQUEST_DURATION_OKHTTP='34',REQUEST_SYNCHRONOUS='FALSE',RESPONSE_CODE='200',RESPONSE_METHOD='GET',RESPONSE_LENGTH_OKHTTP='36',RESPONSE_LENGTH_HEADER='36',REQUEST_PROTOCOL='http/1.1',REQUEST_URL='https://project-travel-mate.herokuapp.com/api/number-of-unread-notifications',
08-06 13:38:20.010 20760 20760 I Atfwd_Sendcmd: AtCmdFwd service not ready - Exhausted retry attempts - :6
08-06 13:38:20.010 20760 20760 I Atfwd_Daemon: result : -1 	 ,Init step :2 	 ,qmiErrorCode: 0
08-06 13:38:20.016 23918 25389 I art     : Explicit concurrent mark sweep GC freed 1098(129KB) AllocSpace objects, 0(0B) LOS objects, 7% free, 185MB/201MB, paused 1.450ms total 57.485ms
08-06 13:38:20.036 23918 25389 I art     : Starting a blocking GC Explicit
08-06 13:38:20.096 23918 25389 I art     : Explicit concurrent mark sweep GC freed 99(4KB) AllocSpace objects, 0(0B) LOS objects, 7% free, 185MB/201MB, paused 1.447ms total 59.683ms
08-06 13:38:20.116 23918 25389 I art     : Starting a blocking GC Explicit
08-06 13:38:20.177 23918 25389 I art     : Explicit concurrent mark sweep GC freed 3(96B) AllocSpace objects, 0(0B) LOS objects, 7% free, 185MB/201MB, paused 1.461ms total 60.452ms
08-06 13:38:20.612 23918 24417 I art     : Starting a blocking GC Explicit
08-06 13:38:20.676 23918 24417 I art     : Explicit concurrent mark sweep GC freed 1623(93KB) AllocSpace objects, 2(48KB) LOS objects, 7% free, 185MB/201MB, paused 1.390ms total 64.039ms
08-06 13:38:20.696 23918 24417 I art     : Starting a blocking GC Explicit
08-06 13:38:20.752 23918 24417 I art     : Explicit concurrent mark sweep GC freed 28(1024B) AllocSpace objects, 0(0B) LOS objects, 7% free, 185MB/201MB, paused 1.570ms total 55.056ms
08-06 13:38:20.771 23918 24417 I art     : Starting a blocking GC Explicit
08-06 13:38:20.831 23918 24417 I art     : Explicit concurrent mark sweep GC freed 3(96B) AllocSpace objects, 0(0B) LOS objects, 7% free, 185MB/201MB, paused 1.422ms total 59.528ms
08-06 13:38:20.851 23918 24417 I art     : Starting a blocking GC Explicit
08-06 13:38:20.911 23918 24417 I art     : Explicit concurrent mark sweep GC freed 3(96B) AllocSpace objects, 0(0B) LOS objects, 7% free, 185MB/201MB, paused 1.498ms total 60.395ms
08-06 13:38:20.931 23918 24417 I art     : Starting a blocking GC Explicit
08-06 13:38:20.990 23918 24417 I art     : Explicit concurrent mark sweep GC freed 3(96B) AllocSpace objects, 0(0B) LOS objects, 7% free, 185MB/201MB, paused 1.517ms total 59.128ms
08-06 13:38:21.211 26696 26696 D AndroidRuntime: >>>>>> START com.android.internal.os.RuntimeInit uid 2000 <<<<<<
08-06 13:38:21.217 26696 26696 D AndroidRuntime: CheckJNI is OFF
08-06 13:38:21.255 26696 26696 D ICU     : No timezone override file found: /data/misc/zoneinfo/current/icu/icu_tzdata.dat
08-06 13:38:21.294 26696 26696 I Radio-JNI: register_android_hardware_Radio DONE
08-06 13:38:21.322 26696 26696 D AndroidRuntime: Calling main entry com.android.commands.input.Input
08-06 13:38:21.324 26696 26696 I Input   : injectMotionEvent: MotionEvent { action=ACTION_DOWN, actionButton=0, id[0]=0, x[0]=117.0, y[0]=170.0, toolType[0]=TOOL_TYPE_UNKNOWN, buttonState=0, metaState=0, flags=0x0, edgeFlags=0x0, pointerCount=1, historySize=0, eventTime=884317736, downTime=884317736, deviceId=0, source=0x1002 }
08-06 13:38:21.358 26696 26696 I Input   : injectMotionEvent: MotionEvent { action=ACTION_UP, actionButton=0, id[0]=0, x[0]=117.0, y[0]=170.0, toolType[0]=TOOL_TYPE_UNKNOWN, buttonState=0, metaState=0, flags=0x0, edgeFlags=0x0, pointerCount=1, historySize=0, eventTime=884317736, downTime=884317736, deviceId=0, source=0x1002 }
08-06 13:38:21.399 26696 26696 D AndroidRuntime: Shutting down VM
08-06 13:38:21.404 23918 23930 I art     : Starting a blocking GC Explicit
08-06 13:38:21.413   512  2967 D audio_hw_primary: out_set_parameters: enter: usecase(1: low-latency-playback) kvpairs: routing=2
08-06 13:38:21.426   512  2967 D audio_hw_primary: select_devices: out_snd_device(2: speaker) in_snd_device(0: none)
08-06 13:38:21.426   512  2967 D msm8974_platform: platform_send_audio_calibration: sending audio calibration for snd_device(2) acdb_id(15)
08-06 13:38:21.426   512  2967 I soundtrigger: audio_extn_sound_trigger_update_device_status: device 0x2 of type 0 for Event 1
08-06 13:38:21.436   512  2967 D audio_hw_primary: enable_snd_device: snd_device(2: speaker)
08-06 13:38:21.438   512  2967 D audio_hw_primary: enable_audio_route: apply and update mixer path: low-latency-playback speaker
08-06 13:38:21.456 23918 23930 I art     : Explicit concurrent mark sweep GC freed 1622(93KB) AllocSpace objects, 2(48KB) LOS objects, 7% free, 185MB/201MB, paused 1.540ms total 52.295ms
08-06 13:38:21.475 23918 23930 I art     : Starting a blocking GC Explicit
08-06 13:38:21.530 23918 23930 I art     : Explicit concurrent mark sweep GC freed 325(17KB) AllocSpace objects, 0(0B) LOS objects, 7% free, 185MB/201MB, paused 1.607ms total 54.926ms
08-06 13:38:21.552 23918 23930 I art     : Starting a blocking GC Explicit
08-06 13:38:21.608 23918 23930 I art     : Explicit concurrent mark sweep GC freed 115(4KB) AllocSpace objects, 0(0B) LOS objects, 7% free, 185MB/201MB, paused 1.469ms total 55.155ms
08-06 13:38:21.627 23918 23930 I art     : Starting a blocking GC Explicit
08-06 13:38:21.683 23918 23930 I art     : Explicit concurrent mark sweep GC freed 40(1088B) AllocSpace objects, 0(0B) LOS objects, 7% free, 185MB/201MB, paused 1.403ms total 55.455ms
08-06 13:38:21.705 23918 23930 I art     : Starting a blocking GC Explicit
08-06 13:38:21.758 23918 23930 I art     : Explicit concurrent mark sweep GC freed 5(160B) AllocSpace objects, 0(0B) LOS objects, 7% free, 185MB/201MB, paused 1.602ms total 52.938ms
08-06 13:38:21.969   512  2967 D audio_hw_primary: disable_audio_route: reset and update mixer path: low-latency-playback speaker
08-06 13:38:21.970   512  2967 D audio_hw_primary: disable_snd_device: snd_device(2: speaker)
08-06 13:38:21.978   512  2967 I soundtrigger: audio_extn_sound_trigger_update_device_status: device 0x2 of type 0 for Event 0
08-06 13:38:22.056   918  3261 D WifiStateMachine: starting scan for "H369AA63323"WPA_PSK with 2412,5180
08-06 13:38:22.141 26719 26719 D AndroidRuntime: >>>>>> START com.android.internal.os.RuntimeInit uid 2000 <<<<<<
08-06 13:38:22.143 23918 25389 I art     : Starting a blocking GC Explicit
08-06 13:38:22.147 26719 26719 D AndroidRuntime: CheckJNI is OFF
08-06 13:38:22.191 26719 26719 D ICU     : No timezone override file found: /data/misc/zoneinfo/current/icu/icu_tzdata.dat
08-06 13:38:22.204 23918 25389 I art     : Explicit concurrent mark sweep GC freed 1589(92KB) AllocSpace objects, 2(48KB) LOS objects, 7% free, 185MB/201MB, paused 1.484ms total 60.688ms
08-06 13:38:22.224 23918 25389 I art     : Starting a blocking GC Explicit
08-06 13:38:22.238 26719 26719 I Radio-JNI: register_android_hardware_Radio DONE
08-06 13:38:22.267 26719 26719 D AndroidRuntime: Calling main entry com.android.commands.input.Input
08-06 13:38:22.269 26719 26719 I Input   : injectMotionEvent: MotionEvent { action=ACTION_DOWN, actionButton=0, id[0]=0, x[0]=405.0, y[0]=661.0, toolType[0]=TOOL_TYPE_UNKNOWN, buttonState=0, metaState=0, flags=0x0, edgeFlags=0x0, pointerCount=1, historySize=0, eventTime=884318681, downTime=884318681, deviceId=0, source=0x1002 }
08-06 13:38:22.273 26719 26719 I Input   : injectMotionEvent: MotionEvent { action=ACTION_UP, actionButton=0, id[0]=0, x[0]=405.0, y[0]=661.0, toolType[0]=TOOL_TYPE_UNKNOWN, buttonState=0, metaState=0, flags=0x0, edgeFlags=0x0, pointerCount=1, historySize=0, eventTime=884318681, downTime=884318681, deviceId=0, source=0x1002 }
08-06 13:38:22.275 26719 26719 D AndroidRuntime: Shutting down VM
08-06 13:38:22.281 23918 25389 I art     : Explicit concurrent mark sweep GC freed 43(1472B) AllocSpace objects, 0(0B) LOS objects, 7% free, 185MB/201MB, paused 1.573ms total 57.075ms
08-06 13:38:22.302 23918 25389 I art     : Starting a blocking GC Explicit
08-06 13:38:22.306   512  2967 D audio_hw_primary: out_set_parameters: enter: usecase(1: low-latency-playback) kvpairs: routing=2
08-06 13:38:22.319   512  2967 D audio_hw_primary: select_devices: out_snd_device(2: speaker) in_snd_device(0: none)
08-06 13:38:22.319   512  2967 D msm8974_platform: platform_send_audio_calibration: sending audio calibration for snd_device(2) acdb_id(15)
08-06 13:38:22.319   512  2967 I soundtrigger: audio_extn_sound_trigger_update_device_status: device 0x2 of type 0 for Event 1
08-06 13:38:22.329   512  2967 D audio_hw_primary: enable_snd_device: snd_device(2: speaker)
08-06 13:38:22.331   512  2967 D audio_hw_primary: enable_audio_route: apply and update mixer path: low-latency-playback speaker
08-06 13:38:22.360 23918 25389 I art     : Explicit concurrent mark sweep GC freed 1868(66KB) AllocSpace objects, 0(0B) LOS objects, 7% free, 185MB/201MB, paused 1.532ms total 57.588ms
08-06 13:38:22.378   512  2967 D AudioFlinger: mixer(0xf4740000) throttle end: throttle time(12)
08-06 13:38:22.380 23918 25389 I art     : Starting a blocking GC Explicit
08-06 13:38:22.435 23918 25389 I art     : Explicit concurrent mark sweep GC freed 818(46KB) AllocSpace objects, 0(0B) LOS objects, 7% free, 185MB/201MB, paused 1.383ms total 54.915ms
08-06 13:38:22.455 23918 25389 I art     : Starting a blocking GC Explicit
08-06 13:38:22.511 23918 25389 I art     : Explicit concurrent mark sweep GC freed 181(9KB) AllocSpace objects, 0(0B) LOS objects, 7% free, 185MB/201MB, paused 1.533ms total 55.858ms
08-06 13:38:22.806   518   646 I ThermalEngine: ACTION: GPU - Setting GPU[0] to 390000000
08-06 13:38:22.868   512  2967 D audio_hw_primary: disable_audio_route: reset and update mixer path: low-latency-playback speaker
08-06 13:38:22.869   512  2967 D audio_hw_primary: disable_snd_device: snd_device(2: speaker)
08-06 13:38:22.878   512  2967 I soundtrigger: audio_extn_sound_trigger_update_device_status: device 0x2 of type 0 for Event 0
08-06 13:38:22.953 23918 25389 I art     : Starting a blocking GC Explicit
08-06 13:38:23.052 23918 25389 I art     : Explicit concurrent mark sweep GC freed 1669(94KB) AllocSpace objects, 11(300KB) LOS objects, 7% free, 185MB/201MB, paused 2.536ms total 98.849ms
08-06 13:38:23.084 23918 25389 I art     : Starting a blocking GC Explicit
08-06 13:38:23.161 23918 25389 I art     : Explicit concurrent mark sweep GC freed 57(2768B) AllocSpace objects, 0(0B) LOS objects, 7% free, 185MB/201MB, paused 2.186ms total 76.728ms
08-06 13:38:23.193 23918 25389 I art     : Starting a blocking GC Explicit
08-06 13:38:23.286 23918 25389 I art     : Explicit concurrent mark sweep GC freed 3(96B) AllocSpace objects, 0(0B) LOS objects, 7% free, 185MB/201MB, paused 2.531ms total 91.773ms
08-06 13:38:23.318 23918 25389 I art     : Starting a blocking GC Explicit
08-06 13:38:23.396 23918 25389 I art     : Explicit concurrent mark sweep GC freed 3(96B) AllocSpace objects, 0(0B) LOS objects, 7% free, 185MB/201MB, paused 2.175ms total 77.262ms
08-06 13:38:23.423 23918 25389 I art     : Starting a blocking GC Explicit
08-06 13:38:23.501 23918 25389 I art     : Explicit concurrent mark sweep GC freed 3(96B) AllocSpace objects, 0(0B) LOS objects, 7% free, 185MB/201MB, paused 2.157ms total 76.930ms
08-06 13:38:23.995 23918 23938 I art     : Starting a blocking GC Explicit
08-06 13:38:24.085 23918 23938 I art     : Explicit concurrent mark sweep GC freed 1623(93KB) AllocSpace objects, 2(48KB) LOS objects, 7% free, 185MB/201MB, paused 2.603ms total 88.348ms
08-06 13:38:24.117 23918 23938 I art     : Starting a blocking GC Explicit
08-06 13:38:24.195 23918 23938 I art     : Explicit concurrent mark sweep GC freed 41(1632B) AllocSpace objects, 0(0B) LOS objects, 7% free, 185MB/201MB, paused 2.113ms total 77.204ms
08-06 13:38:24.223 23918 23938 I art     : Starting a blocking GC Explicit
08-06 13:38:24.301 23918 23938 I art     : Explicit concurrent mark sweep GC freed 17(528B) AllocSpace objects, 0(0B) LOS objects, 7% free, 185MB/201MB, paused 2.105ms total 78.135ms
08-06 13:38:24.329 23918 23938 I art     : Starting a blocking GC Explicit
08-06 13:38:24.418 23918 23938 I art     : Explicit concurrent mark sweep GC freed 3(96B) AllocSpace objects, 0(0B) LOS objects, 7% free, 185MB/201MB, paused 2.522ms total 88.683ms
08-06 13:38:24.452 23918 23938 I art     : Starting a blocking GC Explicit
08-06 13:38:24.538 23918 23938 I art     : Explicit concurrent mark sweep GC freed 3(96B) AllocSpace objects, 0(0B) LOS objects, 7% free, 185MB/201MB, paused 2.237ms total 85.407ms
08-06 13:38:25.017 23918 24417 I art     : Starting a blocking GC Explicit
08-06 13:38:25.104 23918 24417 I art     : Explicit concurrent mark sweep GC freed 1623(93KB) AllocSpace objects, 2(48KB) LOS objects, 7% free, 185MB/201MB, paused 2.154ms total 86.682ms
08-06 13:38:25.131 23918 24417 I art     : Starting a blocking GC Explicit
08-06 13:38:25.190 26760 26760 D AndroidRuntime: >>>>>> START com.android.internal.os.RuntimeInit uid 2000 <<<<<<
08-06 13:38:25.196 26760 26760 D AndroidRuntime: CheckJNI is OFF
08-06 13:38:25.205 23918 24417 I art     : Explicit concurrent mark sweep GC freed 28(1024B) AllocSpace objects, 0(0B) LOS objects, 7% free, 185MB/201MB, paused 2.173ms total 73.292ms
08-06 13:38:25.231 23918 24417 I art     : Starting a blocking GC Explicit
08-06 13:38:25.250 26760 26760 D ICU     : No timezone override file found: /data/misc/zoneinfo/current/icu/icu_tzdata.dat
08-06 13:38:25.295 26760 26760 I Radio-JNI: register_android_hardware_Radio DONE
08-06 13:38:25.305 23918 24417 I art     : Explicit concurrent mark sweep GC freed 3(96B) AllocSpace objects, 0(0B) LOS objects, 7% free, 185MB/201MB, paused 2.158ms total 73.390ms
08-06 13:38:25.328 26760 26760 D AndroidRuntime: Calling main entry com.android.commands.input.Input
08-06 13:38:25.330 26760 26760 I Input   : injectMotionEvent: MotionEvent { action=ACTION_DOWN, actionButton=0, id[0]=0, x[0]=1341.0, y[0]=197.0, toolType[0]=TOOL_TYPE_UNKNOWN, buttonState=0, metaState=0, flags=0x0, edgeFlags=0x0, pointerCount=1, historySize=0, eventTime=884321743, downTime=884321743, deviceId=0, source=0x1002 }
08-06 13:38:25.332 23918 24417 I art     : Starting a blocking GC Explicit
08-06 13:38:25.336 26760 26760 I Input   : injectMotionEvent: MotionEvent { action=ACTION_UP, actionButton=0, id[0]=0, x[0]=1341.0, y[0]=197.0, toolType[0]=TOOL_TYPE_UNKNOWN, buttonState=0, metaState=0, flags=0x0, edgeFlags=0x0, pointerCount=1, historySize=0, eventTime=884321743, downTime=884321743, deviceId=0, source=0x1002 }
08-06 13:38:25.339 26760 26760 D AndroidRuntime: Shutting down VM
08-06 13:38:25.347   918  3359 I ActivityManager: START u0 {cmp=baseline.io.github.project_travel_mate/.notifications.NotificationsActivity} from uid 10696 on display 0
08-06 13:38:25.349   512  2967 D audio_hw_primary: out_set_parameters: enter: usecase(1: low-latency-playback) kvpairs: routing=2
08-06 13:38:25.363   512  2967 D audio_hw_primary: select_devices: out_snd_device(2: speaker) in_snd_device(0: none)
08-06 13:38:25.363   512  2967 D msm8974_platform: platform_send_audio_calibration: sending audio calibration for snd_device(2) acdb_id(15)
08-06 13:38:25.364   512  2967 I soundtrigger: audio_extn_sound_trigger_update_device_status: device 0x2 of type 0 for Event 1
08-06 13:38:25.380   512  2967 D audio_hw_primary: enable_snd_device: snd_device(2: speaker)
08-06 13:38:25.383   512  2967 D audio_hw_primary: enable_audio_route: apply and update mixer path: low-latency-playback speaker
08-06 13:38:25.399 23918 24000 D Gabe    : call	returning from cache
08-06 13:38:25.408 23918 23918 V EXECUTING: https://project-travel-mate.herokuapp.com/api/get-notifications
08-06 13:38:25.412 23918 23918 V EXECUTING: https://project-travel-mate.herokuapp.com/api/get-notifications
08-06 13:38:25.420 23918 24417 I art     : Explicit concurrent mark sweep GC freed 961(58KB) AllocSpace objects, 0(0B) LOS objects, 7% free, 185MB/201MB, paused 3.191ms total 88.002ms
08-06 13:38:25.451 23918 24417 I art     : Starting a blocking GC Explicit
08-06 13:38:25.523 23918 24417 I art     : Explicit concurrent mark sweep GC freed 1231(67KB) AllocSpace objects, 0(0B) LOS objects, 7% free, 189MB/205MB, paused 2.325ms total 72.403ms
08-06 13:38:25.588   918   936 I ActivityManager: Displayed baseline.io.github.project_travel_mate/.notifications.NotificationsActivity: +227ms
08-06 13:38:25.591 13866 13866 I GoogleInputMethodServic: GoogleInputMethodService.onFinishInput():3138 
08-06 13:38:25.592 13866 13866 I GoogleInputMethodServic: GoogleInputMethodService.onStartInput():1808 
08-06 13:38:25.702 23918 23933 D OpenGLRenderer: endAllStagingAnimators on 0x7f7badbc00 (RippleDrawable) with handle 0x7f7bf25200
08-06 13:38:25.845   380   380 W SurfaceFlinger: couldn't log to binary event log: overflow.
08-06 13:38:25.911 23918 26785 I NAPPA_EXPERIMENTATION: MetricNetworkRequestExecutionTime: REQUEST_DURATION_SYSTEM='498',REQUEST_DURATION_OKHTTP='37',REQUEST_SYNCHRONOUS='FALSE',RESPONSE_CODE='200',RESPONSE_METHOD='GET',RESPONSE_LENGTH_OKHTTP='2',RESPONSE_LENGTH_HEADER='2',REQUEST_PROTOCOL='http/1.1',REQUEST_URL='https://project-travel-mate.herokuapp.com/api/get-notifications',
08-06 13:38:25.919   512  2967 D audio_hw_primary: disable_audio_route: reset and update mixer path: low-latency-playback speaker
08-06 13:38:25.920   512  2967 D audio_hw_primary: disable_snd_device: snd_device(2: speaker)
08-06 13:38:25.927   512  2967 I soundtrigger: audio_extn_sound_trigger_update_device_status: device 0x2 of type 0 for Event 0
08-06 13:38:25.938 23918 26784 I NAPPA_EXPERIMENTATION: MetricNetworkRequestExecutionTime: REQUEST_DURATION_SYSTEM='528',REQUEST_DURATION_OKHTTP='59',REQUEST_SYNCHRONOUS='FALSE',RESPONSE_CODE='200',RESPONSE_METHOD='GET',RESPONSE_LENGTH_OKHTTP='2',RESPONSE_LENGTH_HEADER='2',REQUEST_PROTOCOL='http/1.1',REQUEST_URL='https://project-travel-mate.herokuapp.com/api/get-notifications',
08-06 13:38:25.985 23918 23938 I art     : Starting a blocking GC Explicit
08-06 13:38:26.055 23918 23938 I art     : Explicit concurrent mark sweep GC freed 7817(399KB) AllocSpace objects, 8(448KB) LOS objects, 7% free, 190MB/206MB, paused 2.093ms total 68.934ms
08-06 13:38:26.064 23918 23918 V Response: [] 
08-06 13:38:26.071 23918 24000 D Gabe    : call	returning from cache
08-06 13:38:26.080 23918 23938 I art     : Starting a blocking GC Explicit
08-06 13:38:26.083 23918 23918 V Response: [] 
08-06 13:38:26.088 23918 24000 D Gabe    : call	returning from cache
08-06 13:38:26.149 23918 23938 I art     : Explicit concurrent mark sweep GC freed 4180(316KB) AllocSpace objects, 1(188KB) LOS objects, 7% free, 190MB/206MB, paused 2.339ms total 68.480ms
08-06 13:38:26.174 23918 23938 I art     : Starting a blocking GC Explicit
08-06 13:38:26.239 23918 23938 I art     : Explicit concurrent mark sweep GC freed 2043(75KB) AllocSpace objects, 0(0B) LOS objects, 7% free, 190MB/206MB, paused 2.091ms total 65.191ms
08-06 13:38:26.264 23918 23938 I art     : Starting a blocking GC Explicit
08-06 13:38:26.330 23918 23938 I art     : Explicit concurrent mark sweep GC freed 390(6KB) AllocSpace objects, 0(0B) LOS objects, 7% free, 190MB/206MB, paused 2.131ms total 66.185ms
08-06 13:38:26.356 23918 23938 I art     : Starting a blocking GC Explicit
08-06 13:38:26.423 23918 23938 I art     : Explicit concurrent mark sweep GC freed 538(11KB) AllocSpace objects, 0(0B) LOS objects, 7% free, 190MB/206MB, paused 1.928ms total 67.243ms
08-06 13:38:26.864 23918 23931 I art     : Starting a blocking GC Explicit
08-06 13:38:26.934 23918 23931 I art     : Explicit concurrent mark sweep GC freed 3911(137KB) AllocSpace objects, 2(48KB) LOS objects, 7% free, 190MB/206MB, paused 2.761ms total 69.777ms
08-06 13:38:26.961 23918 23931 I art     : Starting a blocking GC Explicit
08-06 13:38:27.027 23918 23931 I art     : Explicit concurrent mark sweep GC freed 448(7KB) AllocSpace objects, 0(0B) LOS objects, 7% free, 190MB/206MB, paused 2.035ms total 66.390ms
08-06 13:38:27.053 23918 23931 I art     : Starting a blocking GC Explicit
08-06 13:38:27.119 23918 23931 I art     : Explicit concurrent mark sweep GC freed 404(6KB) AllocSpace objects, 0(0B) LOS objects, 7% free, 190MB/206MB, paused 2.170ms total 66.195ms
08-06 13:38:27.146 23918 23931 I art     : Starting a blocking GC Explicit
08-06 13:38:27.217 23918 23931 I art     : Explicit concurrent mark sweep GC freed 393(6KB) AllocSpace objects, 0(0B) LOS objects, 7% free, 190MB/206MB, paused 2.282ms total 70.357ms
08-06 13:38:27.242 23918 23931 I art     : Starting a blocking GC Explicit
08-06 13:38:27.310 23918 23931 I art     : Explicit concurrent mark sweep GC freed 432(7KB) AllocSpace objects, 0(0B) LOS objects, 7% free, 190MB/206MB, paused 2.650ms total 68.234ms
08-06 13:38:27.755 23918 23930 I art     : Starting a blocking GC Explicit
08-06 13:38:27.830 23918 23930 I art     : Explicit concurrent mark sweep GC freed 3793(127KB) AllocSpace objects, 2(48KB) LOS objects, 7% free, 190MB/206MB, paused 2.036ms total 74.723ms
08-06 13:38:27.858 23918 23930 I art     : Starting a blocking GC Explicit
08-06 13:38:27.929 23918 23930 I art     : Explicit concurrent mark sweep GC freed 448(7KB) AllocSpace objects, 0(0B) LOS objects, 7% free, 190MB/206MB, paused 2.138ms total 70.268ms
08-06 13:38:27.955 23918 23930 I art     : Starting a blocking GC Explicit
08-06 13:38:28.020 23918 23930 I art     : Explicit concurrent mark sweep GC freed 402(6KB) AllocSpace objects, 0(0B) LOS objects, 7% free, 190MB/206MB, paused 2.002ms total 64.835ms
08-06 13:38:28.046 23918 23930 I art     : Starting a blocking GC Explicit
08-06 13:38:28.113 23918 23930 I art     : Explicit concurrent mark sweep GC freed 374(5KB) AllocSpace objects, 0(0B) LOS objects, 7% free, 190MB/206MB, paused 1.928ms total 67.023ms
08-06 13:38:28.114 23918 23929 I art     : WaitForGcToComplete blocked for 61.055ms for cause HeapTrim
08-06 13:38:28.138 23918 23930 I art     : Starting a blocking GC Explicit
08-06 13:38:28.203 23918 23930 I art     : Explicit concurrent mark sweep GC freed 387(6KB) AllocSpace objects, 0(0B) LOS objects, 7% free, 190MB/206MB, paused 2.068ms total 64.704ms
08-06 13:38:28.643 23918 24417 I art     : Starting a blocking GC Explicit
08-06 13:38:28.711 23918 24417 I art     : Explicit concurrent mark sweep GC freed 3771(127KB) AllocSpace objects, 2(48KB) LOS objects, 7% free, 190MB/206MB, paused 2.079ms total 66.884ms
08-06 13:38:28.735 23918 24417 I art     : Starting a blocking GC Explicit
08-06 13:38:28.802 23918 24417 I art     : Explicit concurrent mark sweep GC freed 402(7KB) AllocSpace objects, 0(0B) LOS objects, 7% free, 190MB/206MB, paused 1.973ms total 65.757ms
08-06 13:38:28.827 23918 24417 I art     : Starting a blocking GC Explicit
08-06 13:38:28.895 23918 24417 I art     : Explicit concurrent mark sweep GC freed 416(6KB) AllocSpace objects, 0(0B) LOS objects, 7% free, 190MB/206MB, paused 2.050ms total 67.048ms
08-06 13:38:28.920 23918 24417 I art     : Starting a blocking GC Explicit
08-06 13:38:28.988 23918 24417 I art     : Explicit concurrent mark sweep GC freed 375(6KB) AllocSpace objects, 0(0B) LOS objects, 7% free, 190MB/206MB, paused 2.049ms total 67.201ms
08-06 13:38:29.012 23918 24417 I art     : Starting a blocking GC Explicit
08-06 13:38:29.077 23918 24417 I art     : Explicit concurrent mark sweep GC freed 419(7KB) AllocSpace objects, 0(0B) LOS objects, 7% free, 190MB/206MB, paused 2.023ms total 65.097ms
08-06 13:38:29.522 23918 23938 I art     : Starting a blocking GC Explicit
08-06 13:38:29.591 23918 23938 I art     : Explicit concurrent mark sweep GC freed 3722(126KB) AllocSpace objects, 2(48KB) LOS objects, 7% free, 190MB/206MB, paused 2.129ms total 68.330ms
08-06 13:38:29.617 23918 23938 I art     : Starting a blocking GC Explicit
08-06 13:38:29.684 23918 23938 I art     : Explicit concurrent mark sweep GC freed 526(10KB) AllocSpace objects, 0(0B) LOS objects, 7% free, 190MB/206MB, paused 2.125ms total 65.858ms
08-06 13:38:29.708 23918 23938 I art     : Starting a blocking GC Explicit
08-06 13:38:29.773 23918 23938 I art     : Explicit concurrent mark sweep GC freed 411(6KB) AllocSpace objects, 0(0B) LOS objects, 7% free, 190MB/206MB, paused 2.001ms total 64.810ms
08-06 13:38:29.798 23918 23938 I art     : Starting a blocking GC Explicit
08-06 13:38:29.863 23918 23938 I art     : Explicit concurrent mark sweep GC freed 528(16KB) AllocSpace objects, 0(0B) LOS objects, 7% free, 190MB/206MB, paused 1.971ms total 64.660ms
08-06 13:38:29.887 23918 23938 I art     : Starting a blocking GC Explicit
08-06 13:38:29.952 23918 23938 I art     : Explicit concurrent mark sweep GC freed 353(5KB) AllocSpace objects, 0(0B) LOS objects, 7% free, 190MB/206MB, paused 2.159ms total 64.625ms
08-06 13:38:30.225 26840 26840 D AndroidRuntime: >>>>>> START com.android.internal.os.RuntimeInit uid 2000 <<<<<<
08-06 13:38:30.231 26840 26840 D AndroidRuntime: CheckJNI is OFF
08-06 13:38:30.289 26840 26840 D ICU     : No timezone override file found: /data/misc/zoneinfo/current/icu/icu_tzdata.dat
08-06 13:38:30.334 26840 26840 I Radio-JNI: register_android_hardware_Radio DONE
08-06 13:38:30.366 26840 26840 D AndroidRuntime: Calling main entry com.android.commands.input.Input
08-06 13:38:30.368 26840 26840 I Input   : injectKeyEvent: KeyEvent { action=ACTION_DOWN, keyCode=KEYCODE_BACK, scanCode=0, metaState=0, flags=0x0, repeatCount=0, eventTime=884326781, downTime=884326781, deviceId=-1, source=0x101 }
08-06 13:38:30.381 26840 26840 I Input   : injectKeyEvent: KeyEvent { action=ACTION_UP, keyCode=KEYCODE_BACK, scanCode=0, metaState=0, flags=0x0, repeatCount=0, eventTime=884326781, downTime=884326781, deviceId=-1, source=0x101 }
08-06 13:38:30.401 26840 26840 D AndroidRuntime: Shutting down VM
08-06 13:38:30.423 23918 23918 V MainActivity: url = https://project-travel-mate.herokuapp.com/api/number-of-unread-notifications
08-06 13:38:30.423 23918 24417 I art     : Starting a blocking GC Explicit
08-06 13:38:30.464 13866 13866 I GoogleInputMethodServic: GoogleInputMethodService.onFinishInput():3138 
08-06 13:38:30.465 13866 13866 I GoogleInputMethodServic: GoogleInputMethodService.onStartInput():1808 
08-06 13:38:30.497 23918 24417 I art     : Explicit concurrent mark sweep GC freed 4145(146KB) AllocSpace objects, 2(48KB) LOS objects, 7% free, 190MB/206MB, paused 2.287ms total 73.252ms
08-06 13:38:30.523 23918 24417 I art     : Starting a blocking GC Explicit
08-06 13:38:30.590 23918 24417 I art     : Explicit concurrent mark sweep GC freed 221(5KB) AllocSpace objects, 0(0B) LOS objects, 7% free, 190MB/206MB, paused 2.531ms total 66.977ms
08-06 13:38:30.617 23918 24417 I art     : Starting a blocking GC Explicit
08-06 13:38:30.707 23918 24417 I art     : Explicit concurrent mark sweep GC freed 139(4KB) AllocSpace objects, 0(0B) LOS objects, 7% free, 190MB/206MB, paused 2.732ms total 89.283ms
08-06 13:38:30.740 23918 24417 I art     : Starting a blocking GC Explicit
08-06 13:38:30.749   380   380 W SurfaceFlinger: couldn't log to binary event log: overflow.
08-06 13:38:30.818 23918 24417 I art     : Explicit concurrent mark sweep GC freed 55(1504B) AllocSpace objects, 1(4MB) LOS objects, 7% free, 185MB/201MB, paused 2.247ms total 77.625ms
08-06 13:38:30.846 23918 24417 I art     : Starting a blocking GC Explicit
08-06 13:38:30.932 23918 24417 I art     : Explicit concurrent mark sweep GC freed 125(6KB) AllocSpace objects, 0(0B) LOS objects, 7% free, 185MB/201MB, paused 2.853ms total 85.638ms
08-06 13:38:31.138 23918 26863 I NAPPA_EXPERIMENTATION: MetricNetworkRequestExecutionTime: REQUEST_DURATION_SYSTEM='714',REQUEST_DURATION_OKHTTP='32',REQUEST_SYNCHRONOUS='FALSE',RESPONSE_CODE='200',RESPONSE_METHOD='GET',RESPONSE_LENGTH_OKHTTP='36',RESPONSE_LENGTH_HEADER='36',REQUEST_PROTOCOL='http/1.1',REQUEST_URL='https://project-travel-mate.herokuapp.com/api/number-of-unread-notifications',
08-06 13:38:31.416 23918 23938 I art     : Starting a blocking GC Explicit
08-06 13:38:31.519 23918 23938 I art     : Explicit concurrent mark sweep GC freed 8005(411KB) AllocSpace objects, 7(304KB) LOS objects, 7% free, 185MB/201MB, paused 3.314ms total 102.454ms
08-06 13:38:31.552 23918 23938 I art     : Starting a blocking GC Explicit
08-06 13:38:31.637 23918 23938 I art     : Explicit concurrent mark sweep GC freed 987(118KB) AllocSpace objects, 0(0B) LOS objects, 7% free, 185MB/201MB, paused 2.908ms total 84.034ms
08-06 13:38:31.667 23918 23938 I art     : Starting a blocking GC Explicit
08-06 13:38:31.740 23918 23938 I art     : Explicit concurrent mark sweep GC freed 51(1664B) AllocSpace objects, 0(0B) LOS objects, 7% free, 185MB/201MB, paused 2.196ms total 72.540ms
08-06 13:38:31.767 23918 23938 I art     : Starting a blocking GC Explicit
08-06 13:38:31.840 23918 23938 I art     : Explicit concurrent mark sweep GC freed 3(96B) AllocSpace objects, 0(0B) LOS objects, 7% free, 185MB/201MB, paused 2.227ms total 73.375ms
08-06 13:38:31.868 23918 23938 I art     : Starting a blocking GC Explicit
08-06 13:38:31.943 23918 23938 I art     : Explicit concurrent mark sweep GC freed 9(496B) AllocSpace objects, 0(0B) LOS objects, 7% free, 185MB/201MB, paused 2.297ms total 74.795ms
08-06 13:38:32.279 26875 26875 D AndroidRuntime: >>>>>> START com.android.internal.os.RuntimeInit uid 2000 <<<<<<
08-06 13:38:32.287 26875 26875 D AndroidRuntime: CheckJNI is OFF
08-06 13:38:32.345 26875 26875 D ICU     : No timezone override file found: /data/misc/zoneinfo/current/icu/icu_tzdata.dat
08-06 13:38:32.393 26875 26875 I Radio-JNI: register_android_hardware_Radio DONE
08-06 13:38:32.418 23918 25389 I art     : Starting a blocking GC Explicit
08-06 13:38:32.430 26875 26875 D AndroidRuntime: Calling main entry com.android.commands.input.Input
08-06 13:38:32.432 26875 26875 I Input   : injectMotionEvent: MotionEvent { action=ACTION_DOWN, actionButton=0, id[0]=0, x[0]=117.0, y[0]=170.0, toolType[0]=TOOL_TYPE_UNKNOWN, buttonState=0, metaState=0, flags=0x0, edgeFlags=0x0, pointerCount=1, historySize=0, eventTime=884328845, downTime=884328845, deviceId=0, source=0x1002 }
08-06 13:38:32.438 26875 26875 I Input   : injectMotionEvent: MotionEvent { action=ACTION_UP, actionButton=0, id[0]=0, x[0]=117.0, y[0]=170.0, toolType[0]=TOOL_TYPE_UNKNOWN, buttonState=0, metaState=0, flags=0x0, edgeFlags=0x0, pointerCount=1, historySize=0, eventTime=884328845, downTime=884328845, deviceId=0, source=0x1002 }
08-06 13:38:32.442 26875 26875 D AndroidRuntime: Shutting down VM
08-06 13:38:32.472   512  2967 D audio_hw_primary: out_set_parameters: enter: usecase(1: low-latency-playback) kvpairs: routing=2
08-06 13:38:32.486   512  2967 D audio_hw_primary: select_devices: out_snd_device(2: speaker) in_snd_device(0: none)
08-06 13:38:32.486   512  2967 D msm8974_platform: platform_send_audio_calibration: sending audio calibration for snd_device(2) acdb_id(15)
08-06 13:38:32.486   512  2967 I soundtrigger: audio_extn_sound_trigger_update_device_status: device 0x2 of type 0 for Event 1
08-06 13:38:32.496 23918 25389 I art     : Explicit concurrent mark sweep GC freed 1622(93KB) AllocSpace objects, 2(48KB) LOS objects, 7% free, 185MB/201MB, paused 2.295ms total 77.946ms
08-06 13:38:32.497   512  2967 D audio_hw_primary: enable_snd_device: snd_device(2: speaker)
08-06 13:38:32.499   512  2967 D audio_hw_primary: enable_audio_route: apply and update mixer path: low-latency-playback speaker
08-06 13:38:32.523 23918 25389 I art     : Starting a blocking GC Explicit
08-06 13:38:32.598 23918 25389 I art     : Explicit concurrent mark sweep GC freed 419(21KB) AllocSpace objects, 0(0B) LOS objects, 7% free, 185MB/201MB, paused 2.341ms total 74.857ms
08-06 13:38:32.629 23918 25389 I art     : Starting a blocking GC Explicit
08-06 13:38:32.709 23918 25389 I art     : Explicit concurrent mark sweep GC freed 62(2096B) AllocSpace objects, 0(0B) LOS objects, 7% free, 185MB/201MB, paused 2.472ms total 80.472ms
08-06 13:38:32.738 23918 25389 I art     : Starting a blocking GC Explicit
08-06 13:38:32.816 23918 25389 I art     : Explicit concurrent mark sweep GC freed 5(160B) AllocSpace objects, 0(0B) LOS objects, 7% free, 185MB/201MB, paused 2.430ms total 77.791ms
08-06 13:38:32.845 23918 25389 I art     : Starting a blocking GC Explicit
08-06 13:38:32.921 23918 25389 I art     : Explicit concurrent mark sweep GC freed 12(416B) AllocSpace objects, 0(0B) LOS objects, 7% free, 185MB/201MB, paused 2.805ms total 75.062ms
08-06 13:38:33.039   512  2967 D audio_hw_primary: disable_audio_route: reset and update mixer path: low-latency-playback speaker
08-06 13:38:33.040   512  2967 D audio_hw_primary: disable_snd_device: snd_device(2: speaker)
08-06 13:38:33.048   512  2967 I soundtrigger: audio_extn_sound_trigger_update_device_status: device 0x2 of type 0 for Event 0
08-06 13:38:33.344 26898 26898 D AndroidRuntime: >>>>>> START com.android.internal.os.RuntimeInit uid 2000 <<<<<<
08-06 13:38:33.351 26898 26898 D AndroidRuntime: CheckJNI is OFF
08-06 13:38:33.390 23918 23930 I art     : Starting a blocking GC Explicit
08-06 13:38:33.405 26898 26898 D ICU     : No timezone override file found: /data/misc/zoneinfo/current/icu/icu_tzdata.dat
08-06 13:38:33.451 26898 26898 I Radio-JNI: register_android_hardware_Radio DONE
08-06 13:38:33.467 23918 23930 I art     : Explicit concurrent mark sweep GC freed 1603(92KB) AllocSpace objects, 2(48KB) LOS objects, 7% free, 185MB/201MB, paused 2.235ms total 76.341ms
08-06 13:38:33.483 26898 26898 D AndroidRuntime: Calling main entry com.android.commands.input.Input
08-06 13:38:33.486 26898 26898 I Input   : injectMotionEvent: MotionEvent { action=ACTION_DOWN, actionButton=0, id[0]=0, x[0]=418.0, y[0]=842.0, toolType[0]=TOOL_TYPE_UNKNOWN, buttonState=0, metaState=0, flags=0x0, edgeFlags=0x0, pointerCount=1, historySize=0, eventTime=884329898, downTime=884329898, deviceId=0, source=0x1002 }
08-06 13:38:33.490 26898 26898 I Input   : injectMotionEvent: MotionEvent { action=ACTION_UP, actionButton=0, id[0]=0, x[0]=418.0, y[0]=842.0, toolType[0]=TOOL_TYPE_UNKNOWN, buttonState=0, metaState=0, flags=0x0, edgeFlags=0x0, pointerCount=1, historySize=0, eventTime=884329898, downTime=884329898, deviceId=0, source=0x1002 }
08-06 13:38:33.492 26898 26898 D AndroidRuntime: Shutting down VM
08-06 13:38:33.494 23918 23930 I art     : Starting a blocking GC Explicit
08-06 13:38:33.507   512  2967 D audio_hw_primary: out_set_parameters: enter: usecase(1: low-latency-playback) kvpairs: routing=2
08-06 13:38:33.511 23918 24000 D Gabe    : call	returning from cache
08-06 13:38:33.520   512  2967 D audio_hw_primary: select_devices: out_snd_device(2: speaker) in_snd_device(0: none)
08-06 13:38:33.520   512  2967 D msm8974_platform: platform_send_audio_calibration: sending audio calibration for snd_device(2) acdb_id(15)
08-06 13:38:33.521   512  2967 I soundtrigger: audio_extn_sound_trigger_update_device_status: device 0x2 of type 0 for Event 1
08-06 13:38:33.532   512  2967 D audio_hw_primary: enable_snd_device: snd_device(2: speaker)
08-06 13:38:33.534   512  2967 D audio_hw_primary: enable_audio_route: apply and update mixer path: low-latency-playback speaker
08-06 13:38:33.547 23918 23918 V MainActivity: url = https://project-travel-mate.herokuapp.com/api/number-of-unread-notifications
08-06 13:38:33.581 23918 23930 I art     : Explicit concurrent mark sweep GC freed 1062(52KB) AllocSpace objects, 0(0B) LOS objects, 7% free, 185MB/201MB, paused 3.114ms total 86.680ms
08-06 13:38:33.582   512  2967 D AudioFlinger: mixer(0xf4740000) throttle end: throttle time(12)
08-06 13:38:33.608 23918 23930 I art     : Starting a blocking GC Explicit
08-06 13:38:33.689 23918 23930 I art     : Explicit concurrent mark sweep GC freed 567(42KB) AllocSpace objects, 0(0B) LOS objects, 7% free, 185MB/201MB, paused 2.875ms total 80.584ms
08-06 13:38:33.717 23918 23930 I art     : Starting a blocking GC Explicit
08-06 13:38:33.793 23918 23930 I art     : Explicit concurrent mark sweep GC freed 698(39KB) AllocSpace objects, 0(0B) LOS objects, 7% free, 185MB/201MB, paused 2.766ms total 75.435ms
08-06 13:38:33.819 23918 23930 I art     : Starting a blocking GC Explicit
08-06 13:38:33.901 23918 23930 I art     : Explicit concurrent mark sweep GC freed 312(23KB) AllocSpace objects, 0(0B) LOS objects, 7% free, 186MB/202MB, paused 2.896ms total 81.691ms
08-06 13:38:34.078   512  2967 D audio_hw_primary: disable_audio_route: reset and update mixer path: low-latency-playback speaker
08-06 13:38:34.079   512  2967 D audio_hw_primary: disable_snd_device: snd_device(2: speaker)
08-06 13:38:34.088   512  2967 I soundtrigger: audio_extn_sound_trigger_update_device_status: device 0x2 of type 0 for Event 0
08-06 13:38:34.247 23918 23918 I Choreographer: Skipped 41 frames!  The application may be doing too much work on its main thread.
08-06 13:38:34.377 23918 23938 I art     : Starting a blocking GC Explicit
08-06 13:38:34.410 23918 26921 I NAPPA_EXPERIMENTATION: MetricNetworkRequestExecutionTime: REQUEST_DURATION_SYSTEM='862',REQUEST_DURATION_OKHTTP='37',REQUEST_SYNCHRONOUS='FALSE',RESPONSE_CODE='200',RESPONSE_METHOD='GET',RESPONSE_LENGTH_OKHTTP='36',RESPONSE_LENGTH_HEADER='36',REQUEST_PROTOCOL='http/1.1',REQUEST_URL='https://project-travel-mate.herokuapp.com/api/number-of-unread-notifications',
08-06 13:38:34.468 23918 23938 I art     : Explicit concurrent mark sweep GC freed 7406(395KB) AllocSpace objects, 14(508KB) LOS objects, 7% free, 186MB/202MB, paused 2.888ms total 90.691ms
08-06 13:38:34.496 23918 23938 I art     : Starting a blocking GC Explicit
08-06 13:38:34.577 23918 23938 I art     : Explicit concurrent mark sweep GC freed 2974(202KB) AllocSpace objects, 0(0B) LOS objects, 7% free, 186MB/202MB, paused 2.003ms total 80.551ms
08-06 13:38:34.605 23918 23938 I art     : Starting a blocking GC Explicit
08-06 13:38:34.691 23918 23938 I art     : Explicit concurrent mark sweep GC freed 205(4KB) AllocSpace objects, 0(0B) LOS objects, 7% free, 186MB/202MB, paused 2.527ms total 85.439ms
08-06 13:38:34.721 23918 23938 I art     : Starting a blocking GC Explicit
08-06 13:38:34.807 23918 23938 I art     : Explicit concurrent mark sweep GC freed 200(4KB) AllocSpace objects, 0(0B) LOS objects, 7% free, 186MB/202MB, paused 2.307ms total 86.338ms
08-06 13:38:34.837 23918 23938 I art     : Starting a blocking GC Explicit
08-06 13:38:34.922 23918 23938 I art     : Explicit concurrent mark sweep GC freed 171(2896B) AllocSpace objects, 0(0B) LOS objects, 7% free, 186MB/202MB, paused 2.321ms total 85.073ms
08-06 13:38:35.433 23918 23930 I art     : Starting a blocking GC Explicit
08-06 13:38:35.516 23918 23930 I art     : Explicit concurrent mark sweep GC freed 2495(107KB) AllocSpace objects, 2(64KB) LOS objects, 7% free, 186MB/202MB, paused 2.294ms total 82.505ms
08-06 13:38:35.546 23918 23930 I art     : Starting a blocking GC Explicit
08-06 13:38:35.630 23918 23930 I art     : Explicit concurrent mark sweep GC freed 206(4KB) AllocSpace objects, 0(0B) LOS objects, 7% free, 186MB/202MB, paused 2.448ms total 83.935ms
08-06 13:38:35.659 23918 23930 I art     : Starting a blocking GC Explicit
08-06 13:38:35.747 23918 23930 I art     : Explicit concurrent mark sweep GC freed 207(3KB) AllocSpace objects, 0(0B) LOS objects, 7% free, 186MB/202MB, paused 2.322ms total 87.613ms
08-06 13:38:35.777 23918 23930 I art     : Starting a blocking GC Explicit
08-06 13:38:35.856 23918 23930 I art     : Explicit concurrent mark sweep GC freed 148(2528B) AllocSpace objects, 0(0B) LOS objects, 7% free, 186MB/202MB, paused 2.077ms total 79.090ms
08-06 13:38:35.884 23918 23930 I art     : Starting a blocking GC Explicit
08-06 13:38:35.966 23918 23930 I art     : Explicit concurrent mark sweep GC freed 171(2896B) AllocSpace objects, 0(0B) LOS objects, 7% free, 186MB/202MB, paused 2.236ms total 81.405ms
08-06 13:38:36.416 26950 26950 D AndroidRuntime: >>>>>> START com.android.internal.os.RuntimeInit uid 2000 <<<<<<
08-06 13:38:36.423 26950 26950 D AndroidRuntime: CheckJNI is OFF
08-06 13:38:36.426 23918 24417 I art     : Starting a blocking GC Explicit
08-06 13:38:36.476 26950 26950 D ICU     : No timezone override file found: /data/misc/zoneinfo/current/icu/icu_tzdata.dat
08-06 13:38:36.509 23918 24417 I art     : Explicit concurrent mark sweep GC freed 2355(104KB) AllocSpace objects, 2(64KB) LOS objects, 7% free, 186MB/202MB, paused 2.374ms total 82.498ms
08-06 13:38:36.523 26950 26950 I Radio-JNI: register_android_hardware_Radio DONE
08-06 13:38:36.537 23918 24417 I art     : Starting a blocking GC Explicit
08-06 13:38:36.554 26950 26950 D AndroidRuntime: Calling main entry com.android.commands.am.Am
08-06 13:38:36.590 14970 14970 I Trepn   : Trepn 6.2s: Received intent: com.quicinc.trepn.stop_profiling
08-06 13:38:36.614 23918 24417 I art     : Explicit concurrent mark sweep GC freed 195(3KB) AllocSpace objects, 0(0B) LOS objects, 7% free, 186MB/202MB, paused 2.204ms total 77.363ms
08-06 13:38:36.633 14970 14970 I Trepn   : Trepn 6.2s: Trepn has Stopped Profiling.
08-06 13:38:36.642 23918 24417 I art     : Starting a blocking GC Explicit
08-06 13:38:36.723 23918 24417 I art     : Explicit concurrent mark sweep GC freed 185(3KB) AllocSpace objects, 0(0B) LOS objects, 7% free, 186MB/202MB, paused 2.273ms total 79.626ms
08-06 13:38:36.751 23918 24417 I art     : Starting a blocking GC Explicit
08-06 13:38:36.815 26950 26950 D AndroidRuntime: Shutting down VM
08-06 13:38:36.822   918  5952 W AppOps  : Finishing op nesting under-run: uid 10078 pkg com.quicinc.trepn code 24 time=0 duration=0 nesting=0
08-06 13:38:36.835 23918 24417 I art     : Explicit concurrent mark sweep GC freed 175(3024B) AllocSpace objects, 0(0B) LOS objects, 7% free, 186MB/202MB, paused 1.942ms total 83.091ms
08-06 13:38:36.860 23918 24417 I art     : Starting a blocking GC Explicit
08-06 13:38:36.934 23918 24417 I art     : Explicit concurrent mark sweep GC freed 169(3KB) AllocSpace objects, 0(0B) LOS objects, 7% free, 186MB/202MB, paused 2.236ms total 73.433ms
08-06 13:38:37.405 23918 23938 I art     : Starting a blocking GC Explicit
08-06 13:38:37.493 23918 23938 I art     : Explicit concurrent mark sweep GC freed 2408(105KB) AllocSpace objects, 2(64KB) LOS objects, 7% free, 186MB/202MB, paused 2.734ms total 86.748ms
08-06 13:38:37.523 23918 23938 I art     : Starting a blocking GC Explicit
08-06 13:38:37.606 23918 23938 I art     : Explicit concurrent mark sweep GC freed 206(4KB) AllocSpace objects, 0(0B) LOS objects, 7% free, 186MB/202MB, paused 2.242ms total 83.205ms
08-06 13:38:37.636 23918 23938 I art     : Starting a blocking GC Explicit
08-06 13:38:37.721 23918 23938 I art     : Explicit concurrent mark sweep GC freed 220(4KB) AllocSpace objects, 0(0B) LOS objects, 7% free, 186MB/202MB, paused 2.250ms total 85.086ms
08-06 13:38:37.750 23918 23938 I art     : Starting a blocking GC Explicit
08-06 13:38:37.833 23918 23938 I art     : Explicit concurrent mark sweep GC freed 170(2864B) AllocSpace objects, 0(0B) LOS objects, 7% free, 186MB/202MB, paused 2.273ms total 82.627ms
08-06 13:38:37.862 23918 23938 I art     : Starting a blocking GC Explicit
08-06 13:38:37.945 23918 23938 I art     : Explicit concurrent mark sweep GC freed 160(3024B) AllocSpace objects, 0(0B) LOS objects, 7% free, 186MB/202MB, paused 2.370ms total 82.529ms
08-06 13:38:38.830   518   646 I ThermalEngine: ACTION: GPU - Setting GPU[0] to 450000000
08-06 13:38:40.010 20760 20760 I ServiceManager: Waiting for service AtCmdFwd...
