--------- beginning of main
08-06 05:41:03.029 16747 16747 D AndroidRuntime: >>>>>> START com.android.internal.os.RuntimeInit uid 2000 <<<<<<
08-06 05:41:03.035 16747 16747 D AndroidRuntime: CheckJNI is OFF
08-06 05:41:03.061 16747 16747 D ICU     : No timezone override file found: /data/misc/zoneinfo/current/icu/icu_tzdata.dat
08-06 05:41:03.089 16747 16747 I Radio-JNI: register_android_hardware_Radio DONE
08-06 05:41:03.105 16747 16747 D AndroidRuntime: Calling main entry com.android.commands.monkey.Monkey
--------- beginning of system
08-06 05:41:03.125   918   931 W BroadcastQueue: Skipping deliver [background] BroadcastRecord{6cd7739 u-1 android.net.conn.CONNECTIVITY_CHANGE} to ReceiverList{ee5517e 16747 (unknown name)/2000/u-1 remote:58d2432}: process crashing
08-06 05:41:03.136   918  5132 I ActivityManager: START u0 {act=android.intent.action.MAIN cat=[android.intent.category.LAUNCHER] flg=0x10200000 cmp=baseline.io.github.project_travel_mate/.SplashActivity} from uid 2000 on display 0
08-06 05:41:03.173 16756 16756 I art     : Late-enabling -Xcheck:jni
08-06 05:41:03.174   918   928 I ActivityManager: Start proc 16756:baseline.io.github.project_travel_mate/u0a696 for activity baseline.io.github.project_travel_mate/.SplashActivity
08-06 05:41:03.194 16747 16747 I art     : System.exit called, status: 0
08-06 05:41:03.194 16747 16747 I AndroidRuntime: VM exiting with result code 0.
08-06 05:41:03.242 16458  6583 I PBSessionCacheImpl: Deleted sessionId[72384646105454640] from persistence.
08-06 05:41:03.245 16458 16488 W SearchServiceCore: Abort, client detached.
08-06 05:41:03.245 16458 16488 I MicroDetectionState: Should stop hotword detection immediately - true
08-06 05:41:03.246 16756 16756 W System  : ClassLoader referenced unknown path: /data/app/baseline.io.github.project_travel_mate-1/lib/arm64
08-06 05:41:03.267 16756 16756 W art     : Before Android 4.1, method android.graphics.PorterDuffColorFilter androidx.vectordrawable.graphics.drawable.VectorDrawableCompat.updateTintFilter(android.graphics.PorterDuffColorFilter, android.content.res.ColorStateList, android.graphics.PorterDuff$Mode) would have incorrectly overridden the package-private method in android.graphics.drawable.Drawable
08-06 05:41:03.281 16756 16756 I art     : Rejecting re-init on previously-failed class java.lang.Class<androidx.core.view.ViewCompat$OnUnhandledKeyEventListenerWrapper>
08-06 05:41:03.281 16756 16756 I art     : Rejecting re-init on previously-failed class java.lang.Class<androidx.core.view.ViewCompat$OnUnhandledKeyEventListenerWrapper>
08-06 05:41:03.308 16756 16771 D OpenGLRenderer: Use EGL_SWAP_BEHAVIOR_PRESERVED: true
08-06 05:41:03.341 16756 16771 I Adreno  : QUALCOMM build                   : fcf4852, I1af360237c
08-06 05:41:03.341 16756 16771 I Adreno  : Build Date                       : 09/23/15
08-06 05:41:03.341 16756 16771 I Adreno  : OpenGL ES Shader Compiler Version: XE031.05.13.02
08-06 05:41:03.341 16756 16771 I Adreno  : Local Branch                     : mybranch14465806
08-06 05:41:03.341 16756 16771 I Adreno  : Remote Branch                    : quic/LA.BF64.1.2.9_v2
08-06 05:41:03.341 16756 16771 I Adreno  : Remote Branch                    : NONE
08-06 05:41:03.341 16756 16771 I Adreno  : Reconstruct Branch               : NOTHING
08-06 05:41:03.347 16756 16771 I OpenGLRenderer: Initialized EGL, version 1.4
08-06 05:41:03.434   918   936 I ActivityManager: Displayed baseline.io.github.project_travel_mate/.SplashActivity: +290ms
08-06 05:41:03.439 13866 13866 I GoogleInputMethodServic: GoogleInputMethodService.onFinishInput():3138 
08-06 05:41:03.440 13866 13866 I GoogleInputMethodServic: GoogleInputMethodService.onStartInput():1808 
08-06 05:41:04.727   918  1210 D NetlinkSocketObserver: NeighborEvent{elapsedMs=1839068602, 192.168.2.254, [7C3953A63323], RTM_NEWNEIGH, NUD_PROBE}
08-06 05:41:04.741 16786 16786 D AndroidRuntime: >>>>>> START com.android.internal.os.RuntimeInit uid 2000 <<<<<<
08-06 05:41:04.746 16786 16786 D AndroidRuntime: CheckJNI is OFF
08-06 05:41:04.771 16786 16786 D ICU     : No timezone override file found: /data/misc/zoneinfo/current/icu/icu_tzdata.dat
08-06 05:41:04.802 16786 16786 I Radio-JNI: register_android_hardware_Radio DONE
08-06 05:41:04.817 16786 16786 D AndroidRuntime: Calling main entry com.android.commands.am.Am
08-06 05:41:04.827  3167  3167 I Trepn   : Trepn 6.2s: Received intent: com.quicinc.trepn.start_profiling
08-06 05:41:04.916  3167  3167 W FileUtils: Failed to chmod(/storage/emulated/0/trepn/Trepn_2020.08.06_054104.db): android.system.ErrnoException: chmod failed: EPERM (Operation not permitted)
08-06 05:41:04.991  3167  3167 I Trepn   : Trepn 6.2s: Trepn has Started Profiling.
08-06 05:41:04.992 16786 16786 D AndroidRuntime: Shutting down VM
08-06 05:41:05.365   918  3961 I ActivityManager: START u0 {cmp=baseline.io.github.project_travel_mate/.MainActivity} from uid 10696 on display 0
08-06 05:41:05.487 16756 16756 W Settings: Setting airplane_mode_on has moved from android.provider.Settings.System to android.provider.Settings.Global, returning read-only value.
08-06 05:41:05.499 16756 16756 V MainActivity: url=https://project-travel-mate.herokuapp.com/api/get-user
08-06 05:41:05.533 16756 16819 W LOTTIE  : Unknown mask mode mode. Defaulting to Add.
08-06 05:41:05.537 16756 16768 I art     : Starting a blocking GC Explicit
08-06 05:41:05.541 16756 16819 W LOTTIE  : You have 5 images. Lottie should primarily be used with shapes. If you are using Adobe Illustrator, convert the Illustrator layers to shape layers.
08-06 05:41:05.542 16756 16819 W LOTTIE  : Unknown mask mode mode. Defaulting to Add.
08-06 05:41:05.542 16756 16819 W LOTTIE  : Unknown mask mode mode. Defaulting to Add.
08-06 05:41:05.598 16756 16768 I art     : Explicit concurrent mark sweep GC freed 75077(4MB) AllocSpace objects, 3(60KB) LOS objects, 40% free, 23MB/38MB, paused 874us total 61.230ms
08-06 05:41:05.607 16756 16768 I art     : Starting a blocking GC Explicit
08-06 05:41:05.621 16756 16768 I art     : Explicit concurrent mark sweep GC freed 3532(188KB) AllocSpace objects, 0(0B) LOS objects, 40% free, 22MB/38MB, paused 571us total 13.065ms
08-06 05:41:05.629 16756 16756 V CityFragment: url=https://project-travel-mate.herokuapp.com/api/get-all-cities/10
08-06 05:41:05.630 16756 16768 I art     : Starting a blocking GC Explicit
08-06 05:41:05.647 16756 16768 I art     : Explicit concurrent mark sweep GC freed 858(50KB) AllocSpace objects, 0(0B) LOS objects, 40% free, 23MB/38MB, paused 571us total 16.472ms
08-06 05:41:05.654 16756 16768 I art     : Starting a blocking GC Explicit
08-06 05:41:05.666 16756 16768 I art     : Explicit concurrent mark sweep GC freed 362(22KB) AllocSpace objects, 0(0B) LOS objects, 39% free, 23MB/38MB, paused 192us total 12.118ms
08-06 05:41:05.686 16756 16768 I art     : Starting a blocking GC Explicit
08-06 05:41:05.698 16756 16768 I art     : Explicit concurrent mark sweep GC freed 5(240B) AllocSpace objects, 0(0B) LOS objects, 40% free, 23MB/38MB, paused 207us total 12.306ms
08-06 05:41:05.758 16756 16756 E RecyclerView: No adapter attached; skipping layout
08-06 05:41:05.933 16756 16756 V MainActivity: url = https://project-travel-mate.herokuapp.com/api/number-of-unread-notifications
08-06 05:41:05.935   918   936 I ActivityManager: Displayed baseline.io.github.project_travel_mate/.MainActivity: +514ms
08-06 05:41:05.943 13866 13866 I GoogleInputMethodServic: GoogleInputMethodService.onFinishInput():3138 
08-06 05:41:05.944 13866 13866 I GoogleInputMethodServic: GoogleInputMethodService.onStartInput():1808 
08-06 05:41:05.945 16756 16756 E RecyclerView: No adapter attached; skipping layout
08-06 05:41:05.972 16756 16769 I art     : Starting a blocking GC Explicit
08-06 05:41:05.990 16756 16769 I art     : Explicit concurrent mark sweep GC freed 7126(461KB) AllocSpace objects, 1(20KB) LOS objects, 36% free, 27MB/43MB, paused 635us total 17.576ms
08-06 05:41:06.000 16756 16769 I art     : Starting a blocking GC Explicit
08-06 05:41:06.015 16756 16769 I art     : Explicit concurrent mark sweep GC freed 392(21KB) AllocSpace objects, 0(0B) LOS objects, 36% free, 27MB/43MB, paused 326us total 14.506ms
08-06 05:41:06.023 16756 16769 I art     : Starting a blocking GC Explicit
08-06 05:41:06.036 16756 16769 I art     : Explicit concurrent mark sweep GC freed 75(2784B) AllocSpace objects, 0(0B) LOS objects, 36% free, 27MB/43MB, paused 234us total 13.070ms
08-06 05:41:06.046 16756 16769 I art     : Starting a blocking GC Explicit
08-06 05:41:06.060 16756 16769 I art     : Explicit concurrent mark sweep GC freed 114(5KB) AllocSpace objects, 0(0B) LOS objects, 36% free, 27MB/43MB, paused 217us total 13.324ms
08-06 05:41:06.068 16756 16769 I art     : Starting a blocking GC Explicit
08-06 05:41:06.081 16756 16769 I art     : Explicit concurrent mark sweep GC freed 33(864B) AllocSpace objects, 0(0B) LOS objects, 36% free, 27MB/43MB, paused 204us total 12.845ms
08-06 05:41:06.183   380   380 W SurfaceFlinger: couldn't log to binary event log: overflow.
08-06 05:41:06.263 16756 16818 I NAPPA_EXPERIMENTATION: MetricNetworkRequestExecutionTime: REQUEST_DURATION_SYSTEM='749',REQUEST_DURATION_OKHTTP='54',REQUEST_SYNCHRONOUS='FALSE',RESPONSE_CODE='200',RESPONSE_METHOD='GET',RESPONSE_LENGTH_OKHTTP='185',RESPONSE_LENGTH_HEADER='185',REQUEST_PROTOCOL='http/1.1',REQUEST_URL='https://project-travel-mate.herokuapp.com/api/get-user',
08-06 05:41:06.269 16756 16823 I NAPPA_EXPERIMENTATION: MetricNetworkRequestExecutionTime: REQUEST_DURATION_SYSTEM='639',REQUEST_DURATION_OKHTTP='62',REQUEST_SYNCHRONOUS='FALSE',RESPONSE_CODE='200',RESPONSE_METHOD='GET',RESPONSE_LENGTH_OKHTTP='1588',RESPONSE_LENGTH_HEADER='1588',REQUEST_PROTOCOL='http/1.1',REQUEST_URL='https://project-travel-mate.herokuapp.com/api/get-all-cities/10',
08-06 05:41:06.271 16756 16756 V CityFragment: result=[{"id":1,"city_name":"Delhi","facts_count":6,"image":"https://upload.wikimedia.org/wikipedia/commons/9/94/%E0%B4%96%E0%B5%81%E0%B4%A4%E0%B5%8D%E0%B4%AC%E0%B5%8D_%E0%B4%AE%E0%B4%BF%E0%B4%A8%E0%B4%BE%E0%B5%BC1.jpg","visit_count":18186},{"id":2,"city_name":"Mumbai","facts_count":0,"image":"https://static1.squarespace.com/static/55917ae2e4b0984fc8c264c4/t/5ad7a037758d464041bfba27/1524102624280/Victoria_Mumbai.jpg","visit_count":6022},{"id":3,"city_name":"Bangalore","facts_count":0,"image":null,"visit_count":5536},{"id":8,"city_name":"Pune","facts_count":0,"image":"https://www.zricks.com/ImagesPostProject/47929//6557d975-20a9-4c6c-a776-8072a1936a76.jpg","visit_count":3324},{"id":4,"city_name":"Chennai","facts_count":0,"image":"http://lh3.ggpht.com/_YLb7tJ8RoAk/SfazBLdgf3I/AAAAAAAANEg/p52_Zz_URxg/s640/Picture%20009.jpg","visit_count":3061},{"id":5,"city_name":"Kolkata","facts_count":0,"image":"https://i.pinimg.com/originals/05/ec/42/05ec42c545b494d12cc612923483b4f0.jpg","visit_count":2211},{"id":9,"city_name":"Jaipur","facts_count":1,"image":"https://www.trodly.com/pictures/attraction/1943.jpg","visit_count":2007},{"id":6,"city_name":"Hyderabad","facts_count":0,"image":"https://i1.trekearth.com/photos/59194/charminar_020_sm.jpg","visit_count":1633},{"id":150,"city_name":"Panjim","facts_count":0,"image":"http://www.nomad4ever.com/wp-content/uploads/2009/04/palm-trees-at-baga-creek-north-goa1.jpg","visit_count":1488},{"id":7,"city_name":"Ahmedabad","facts_count":0,"image":"https://i.pinimg.com/originals/a5/ed/29/a5ed293271669a61f47059f7b0d9cf2c.jpg","visit_count":1115}]
08-06 05:41:06.322 16756 16756 D CityFragment: get cities cities size = 10
08-06 05:41:06.367 16756 16821 I art     : Starting a blocking GC Explicit
08-06 05:41:06.388 16756 16821 I art     : Explicit concurrent mark sweep GC freed 9126(572KB) AllocSpace objects, 8(440KB) LOS objects, 33% free, 31MB/47MB, paused 688us total 19.999ms
08-06 05:41:06.398 16756 16821 I art     : Starting a blocking GC Explicit
08-06 05:41:06.408   918  3188 I hubconnection: sensorhub said: 'set_bias 3: -6.2400, 0.0000, 0.0000'
08-06 05:41:06.415 16756 16821 I art     : Explicit concurrent mark sweep GC freed 4530(352KB) AllocSpace objects, 2(120KB) LOS objects, 34% free, 30MB/46MB, paused 572us total 17.415ms
08-06 05:41:06.424 16756 16821 I art     : Starting a blocking GC Explicit
08-06 05:41:06.440 16756 16821 I art     : Explicit concurrent mark sweep GC freed 1787(157KB) AllocSpace objects, 1(80KB) LOS objects, 34% free, 30MB/46MB, paused 675us total 16.339ms
08-06 05:41:06.448 16756 16821 I art     : Starting a blocking GC Explicit
08-06 05:41:06.456 16756 16839 I NAPPA_EXPERIMENTATION: MetricNetworkRequestExecutionTime: REQUEST_DURATION_SYSTEM='522',REQUEST_DURATION_OKHTTP='43',REQUEST_SYNCHRONOUS='FALSE',RESPONSE_CODE='200',RESPONSE_METHOD='GET',RESPONSE_LENGTH_OKHTTP='36',RESPONSE_LENGTH_HEADER='36',REQUEST_PROTOCOL='http/1.1',REQUEST_URL='https://project-travel-mate.herokuapp.com/api/number-of-unread-notifications',
08-06 05:41:06.464 16756 16821 I art     : Explicit concurrent mark sweep GC freed 366(29KB) AllocSpace objects, 0(0B) LOS objects, 34% free, 30MB/46MB, paused 522us total 16.124ms
08-06 05:41:06.472 16756 16821 I art     : Starting a blocking GC Explicit
08-06 05:41:06.489 16756 16821 I art     : Explicit concurrent mark sweep GC freed 227(14KB) AllocSpace objects, 0(0B) LOS objects, 34% free, 30MB/46MB, paused 509us total 16.398ms
08-06 05:41:06.753 16756 16821 I art     : Starting a blocking GC Explicit
08-06 05:41:06.776 16756 16821 I art     : Explicit concurrent mark sweep GC freed 15321(1331KB) AllocSpace objects, 13(4MB) LOS objects, 35% free, 29MB/45MB, paused 347us total 22.409ms
08-06 05:41:06.786 16756 16821 I art     : Starting a blocking GC Explicit
08-06 05:41:06.803 16756 16821 I art     : Explicit concurrent mark sweep GC freed 11175(512KB) AllocSpace objects, 0(0B) LOS objects, 35% free, 29MB/45MB, paused 450us total 16.752ms
08-06 05:41:06.811 16756 16821 I art     : Starting a blocking GC Explicit
08-06 05:41:06.828 16756 16821 I art     : Explicit concurrent mark sweep GC freed 420(154KB) AllocSpace objects, 2(56KB) LOS objects, 34% free, 30MB/46MB, paused 316us total 16.002ms
08-06 05:41:06.836 16756 16821 I art     : Starting a blocking GC Explicit
08-06 05:41:06.853 16756 16821 I art     : Explicit concurrent mark sweep GC freed 444(82KB) AllocSpace objects, 2(88KB) LOS objects, 34% free, 30MB/46MB, paused 369us total 16.805ms
08-06 05:41:06.861 16756 16821 I art     : Starting a blocking GC Explicit
08-06 05:41:06.878 16756 16821 I art     : Explicit concurrent mark sweep GC freed 759(132KB) AllocSpace objects, 2(56KB) LOS objects, 33% free, 31MB/47MB, paused 360us total 16.332ms
08-06 05:41:07.190 16756 16768 I art     : Starting a blocking GC Explicit
08-06 05:41:07.210 16756 16768 I art     : Explicit concurrent mark sweep GC freed 10637(1005KB) AllocSpace objects, 16(2MB) LOS objects, 32% free, 32MB/48MB, paused 251us total 20.134ms
08-06 05:41:07.219 16756 16768 I art     : Starting a blocking GC Explicit
08-06 05:41:07.236 16756 16768 I art     : Explicit concurrent mark sweep GC freed 429(15KB) AllocSpace objects, 2(88KB) LOS objects, 32% free, 32MB/48MB, paused 249us total 17.082ms
08-06 05:41:07.245 16756 16768 I art     : Starting a blocking GC Explicit
08-06 05:41:07.262 16756 16768 I art     : Explicit concurrent mark sweep GC freed 31(656B) AllocSpace objects, 0(0B) LOS objects, 32% free, 32MB/48MB, paused 257us total 16.927ms
08-06 05:41:07.271 16756 16768 I art     : Starting a blocking GC Explicit
08-06 05:41:07.289 16756 16768 I art     : Explicit concurrent mark sweep GC freed 54(992B) AllocSpace objects, 0(0B) LOS objects, 32% free, 32MB/48MB, paused 238us total 17.613ms
08-06 05:41:07.298 16756 16768 I art     : Starting a blocking GC Explicit
08-06 05:41:07.313 16756 16768 I art     : Explicit concurrent mark sweep GC freed 38(944B) AllocSpace objects, 0(0B) LOS objects, 32% free, 32MB/48MB, paused 227us total 15.454ms
08-06 05:41:07.639 16756 16821 I art     : Starting a blocking GC Explicit
08-06 05:41:07.659 16756 16821 I art     : Explicit concurrent mark sweep GC freed 2340(110KB) AllocSpace objects, 2(40KB) LOS objects, 32% free, 32MB/48MB, paused 274us total 19.031ms
08-06 05:41:07.668 16756 16821 I art     : Starting a blocking GC Explicit
08-06 05:41:07.687 16756 16821 I art     : Explicit concurrent mark sweep GC freed 80(2304B) AllocSpace objects, 0(0B) LOS objects, 32% free, 32MB/48MB, paused 376us total 18.342ms
08-06 05:41:07.696 16756 16821 I art     : Starting a blocking GC Explicit
08-06 05:41:07.714 16756 16821 I art     : Explicit concurrent mark sweep GC freed 27(496B) AllocSpace objects, 0(0B) LOS objects, 32% free, 32MB/48MB, paused 267us total 17.041ms
08-06 05:41:07.723 16756 16821 I art     : Starting a blocking GC Explicit
08-06 05:41:07.740 16756 16821 I art     : Explicit concurrent mark sweep GC freed 51(896B) AllocSpace objects, 0(0B) LOS objects, 32% free, 32MB/48MB, paused 272us total 17.594ms
08-06 05:41:07.749 16756 16821 I art     : Starting a blocking GC Explicit
08-06 05:41:07.767 16756 16821 I art     : Explicit concurrent mark sweep GC freed 27(496B) AllocSpace objects, 0(0B) LOS objects, 32% free, 32MB/48MB, paused 268us total 17.340ms
08-06 05:41:08.122 16756 16768 I art     : Starting a blocking GC Explicit
08-06 05:41:08.144 16756 16768 I art     : Explicit concurrent mark sweep GC freed 1974(91KB) AllocSpace objects, 2(40KB) LOS objects, 32% free, 32MB/48MB, paused 265us total 22.244ms
08-06 05:41:08.154 16756 16768 I art     : Starting a blocking GC Explicit
08-06 05:41:08.172 16756 16768 I art     : Explicit concurrent mark sweep GC freed 70(1584B) AllocSpace objects, 0(0B) LOS objects, 32% free, 32MB/48MB, paused 265us total 18.359ms
08-06 05:41:08.182 16756 16768 I art     : Starting a blocking GC Explicit
08-06 05:41:08.200 16756 16768 I art     : Explicit concurrent mark sweep GC freed 27(496B) AllocSpace objects, 0(0B) LOS objects, 32% free, 32MB/48MB, paused 268us total 17.826ms
08-06 05:41:08.209 16756 16768 I art     : Starting a blocking GC Explicit
08-06 05:41:08.227 16756 16768 I art     : Explicit concurrent mark sweep GC freed 51(896B) AllocSpace objects, 0(0B) LOS objects, 32% free, 32MB/48MB, paused 245us total 17.550ms
08-06 05:41:08.236 16756 16768 I art     : Starting a blocking GC Explicit
08-06 05:41:08.254 16756 16768 I art     : Explicit concurrent mark sweep GC freed 38(656B) AllocSpace objects, 0(0B) LOS objects, 32% free, 32MB/48MB, paused 296us total 18.314ms
08-06 05:41:08.622 16756 16769 I art     : Starting a blocking GC Explicit
08-06 05:41:08.645 16756 16769 I art     : Explicit concurrent mark sweep GC freed 1989(92KB) AllocSpace objects, 2(40KB) LOS objects, 32% free, 32MB/48MB, paused 280us total 22.565ms
08-06 05:41:08.656 16756 16769 I art     : Starting a blocking GC Explicit
08-06 05:41:08.674 16756 16769 I art     : Explicit concurrent mark sweep GC freed 70(1584B) AllocSpace objects, 0(0B) LOS objects, 32% free, 32MB/48MB, paused 257us total 18.169ms
08-06 05:41:08.684 16756 16769 I art     : Starting a blocking GC Explicit
08-06 05:41:08.702 16756 16769 I art     : Explicit concurrent mark sweep GC freed 27(496B) AllocSpace objects, 0(0B) LOS objects, 32% free, 32MB/48MB, paused 243us total 17.668ms
08-06 05:41:08.710 16756 16769 I art     : Starting a blocking GC Explicit
08-06 05:41:08.728 16756 16769 I art     : Explicit concurrent mark sweep GC freed 51(896B) AllocSpace objects, 0(0B) LOS objects, 32% free, 32MB/48MB, paused 250us total 17.085ms
08-06 05:41:08.737 16756 16769 I art     : Starting a blocking GC Explicit
08-06 05:41:08.754 16756 16769 I art     : Explicit concurrent mark sweep GC freed 35(608B) AllocSpace objects, 0(0B) LOS objects, 32% free, 32MB/48MB, paused 291us total 17.446ms
08-06 05:41:09.099 16756 16821 I art     : Starting a blocking GC Explicit
08-06 05:41:09.116 16756 16821 I art     : Explicit concurrent mark sweep GC freed 1944(91KB) AllocSpace objects, 2(40KB) LOS objects, 32% free, 32MB/48MB, paused 246us total 16.863ms
08-06 05:41:09.124 16756 16821 I art     : Starting a blocking GC Explicit
08-06 05:41:09.140 16756 16821 I art     : Explicit concurrent mark sweep GC freed 70(1584B) AllocSpace objects, 0(0B) LOS objects, 32% free, 32MB/48MB, paused 240us total 15.740ms
08-06 05:41:09.149 16756 16821 I art     : Starting a blocking GC Explicit
08-06 05:41:09.164 16756 16821 I art     : Explicit concurrent mark sweep GC freed 27(496B) AllocSpace objects, 0(0B) LOS objects, 32% free, 32MB/48MB, paused 236us total 15.391ms
08-06 05:41:09.173 16756 16821 I art     : Starting a blocking GC Explicit
08-06 05:41:09.188 16756 16821 I art     : Explicit concurrent mark sweep GC freed 51(896B) AllocSpace objects, 0(0B) LOS objects, 32% free, 32MB/48MB, paused 234us total 15.196ms
08-06 05:41:09.196 16756 16821 I art     : Starting a blocking GC Explicit
08-06 05:41:09.212 16756 16821 I art     : Explicit concurrent mark sweep GC freed 27(496B) AllocSpace objects, 0(0B) LOS objects, 32% free, 32MB/48MB, paused 251us total 15.542ms
08-06 05:41:09.548 16756 16768 I art     : Starting a blocking GC Explicit
08-06 05:41:09.570 16756 16768 I art     : Explicit concurrent mark sweep GC freed 1927(91KB) AllocSpace objects, 2(40KB) LOS objects, 32% free, 32MB/48MB, paused 304us total 21.360ms
08-06 05:41:09.579 16756 16768 I art     : Starting a blocking GC Explicit
08-06 05:41:09.598 16756 16768 I art     : Explicit concurrent mark sweep GC freed 70(1600B) AllocSpace objects, 0(0B) LOS objects, 32% free, 32MB/48MB, paused 258us total 18.243ms
08-06 05:41:09.607 16756 16768 I art     : Starting a blocking GC Explicit
08-06 05:41:09.625 16756 16768 I art     : Explicit concurrent mark sweep GC freed 51(896B) AllocSpace objects, 0(0B) LOS objects, 32% free, 32MB/48MB, paused 267us total 17.717ms
08-06 05:41:09.634 16756 16768 I art     : Starting a blocking GC Explicit
08-06 05:41:09.652 16756 16768 I art     : Explicit concurrent mark sweep GC freed 27(496B) AllocSpace objects, 0(0B) LOS objects, 32% free, 32MB/48MB, paused 259us total 17.764ms
08-06 05:41:09.661 16756 16768 I art     : Starting a blocking GC Explicit
08-06 05:41:09.678 16756 16768 I art     : Explicit concurrent mark sweep GC freed 51(896B) AllocSpace objects, 0(0B) LOS objects, 32% free, 32MB/48MB, paused 250us total 16.967ms
08-06 05:41:09.999 16756 16769 I art     : Starting a blocking GC Explicit
08-06 05:41:10.018 16756 16769 I art     : Explicit concurrent mark sweep GC freed 1903(90KB) AllocSpace objects, 2(40KB) LOS objects, 32% free, 32MB/48MB, paused 261us total 18.873ms
08-06 05:41:10.028 16756 16769 I art     : Starting a blocking GC Explicit
08-06 05:41:10.045 16756 16769 I art     : Explicit concurrent mark sweep GC freed 70(1584B) AllocSpace objects, 0(0B) LOS objects, 32% free, 32MB/48MB, paused 243us total 17.069ms
08-06 05:41:10.055 16756 16769 I art     : Starting a blocking GC Explicit
08-06 05:41:10.070 16756 16769 I art     : Explicit concurrent mark sweep GC freed 31(544B) AllocSpace objects, 0(0B) LOS objects, 32% free, 32MB/48MB, paused 277us total 15.743ms
08-06 05:41:10.079 16756 16769 I art     : Starting a blocking GC Explicit
08-06 05:41:10.094 16756 16769 I art     : Explicit concurrent mark sweep GC freed 47(848B) AllocSpace objects, 0(0B) LOS objects, 32% free, 32MB/48MB, paused 232us total 15.109ms
08-06 05:41:10.103 16756 16769 I art     : Starting a blocking GC Explicit
08-06 05:41:10.121 16756 16769 I art     : Explicit concurrent mark sweep GC freed 49(832B) AllocSpace objects, 0(0B) LOS objects, 32% free, 32MB/48MB, paused 273us total 17.305ms
08-06 05:41:10.511 16756 16821 I art     : Starting a blocking GC Explicit
08-06 05:41:10.531 16756 16821 I art     : Explicit concurrent mark sweep GC freed 2001(92KB) AllocSpace objects, 2(40KB) LOS objects, 32% free, 32MB/48MB, paused 264us total 19.417ms
08-06 05:41:10.540 16756 16821 I art     : Starting a blocking GC Explicit
08-06 05:41:10.557 16756 16821 I art     : Explicit concurrent mark sweep GC freed 70(1584B) AllocSpace objects, 0(0B) LOS objects, 32% free, 32MB/48MB, paused 270us total 17.223ms
08-06 05:41:10.567 16756 16821 I art     : Starting a blocking GC Explicit
08-06 05:41:10.583 16756 16821 I art     : Explicit concurrent mark sweep GC freed 27(496B) AllocSpace objects, 0(0B) LOS objects, 32% free, 32MB/48MB, paused 260us total 16.162ms
08-06 05:41:10.592 16756 16821 I art     : Starting a blocking GC Explicit
08-06 05:41:10.609 16756 16821 I art     : Explicit concurrent mark sweep GC freed 51(896B) AllocSpace objects, 0(0B) LOS objects, 32% free, 32MB/48MB, paused 263us total 16.900ms
08-06 05:41:10.609 16756 16766 I art     : WaitForGcToComplete blocked for 11.057ms for cause HeapTrim
08-06 05:41:10.618 16756 16821 I art     : Starting a blocking GC Explicit
08-06 05:41:10.635 16756 16821 I art     : Explicit concurrent mark sweep GC freed 27(496B) AllocSpace objects, 0(0B) LOS objects, 32% free, 32MB/48MB, paused 240us total 16.885ms
08-06 05:41:10.972 16756 16768 I art     : Starting a blocking GC Explicit
08-06 05:41:10.998 16756 16768 I art     : Explicit concurrent mark sweep GC freed 1951(91KB) AllocSpace objects, 2(40KB) LOS objects, 32% free, 32MB/48MB, paused 472us total 25.578ms
08-06 05:41:11.007 16756 16768 I art     : Starting a blocking GC Explicit
08-06 05:41:11.025 16756 16768 I art     : Explicit concurrent mark sweep GC freed 70(1584B) AllocSpace objects, 0(0B) LOS objects, 32% free, 32MB/48MB, paused 255us total 17.922ms
08-06 05:41:11.034 16756 16768 I art     : Starting a blocking GC Explicit
08-06 05:41:11.051 16756 16768 I art     : Explicit concurrent mark sweep GC freed 28(528B) AllocSpace objects, 0(0B) LOS objects, 32% free, 32MB/48MB, paused 256us total 16.677ms
08-06 05:41:11.059 16756 16768 I art     : Starting a blocking GC Explicit
08-06 05:41:11.077 16756 16768 I art     : Explicit concurrent mark sweep GC freed 51(896B) AllocSpace objects, 0(0B) LOS objects, 32% free, 32MB/48MB, paused 285us total 17.389ms
08-06 05:41:11.086 16756 16768 I art     : Starting a blocking GC Explicit
08-06 05:41:11.103 16756 16768 I art     : Explicit concurrent mark sweep GC freed 27(496B) AllocSpace objects, 0(0B) LOS objects, 32% free, 32MB/48MB, paused 251us total 17.316ms
08-06 05:41:11.439 16756 16769 I art     : Starting a blocking GC Explicit
08-06 05:41:11.463 16756 16769 I art     : Explicit concurrent mark sweep GC freed 1951(91KB) AllocSpace objects, 2(40KB) LOS objects, 32% free, 32MB/48MB, paused 291us total 24.201ms
08-06 05:41:11.474 16756 16769 I art     : Starting a blocking GC Explicit
08-06 05:41:11.492 16756 16769 I art     : Explicit concurrent mark sweep GC freed 61(1440B) AllocSpace objects, 0(0B) LOS objects, 32% free, 32MB/48MB, paused 310us total 18.485ms
08-06 05:41:11.502 16756 16769 I art     : Starting a blocking GC Explicit
08-06 05:41:11.519 16756 16769 I art     : Explicit concurrent mark sweep GC freed 37(672B) AllocSpace objects, 0(0B) LOS objects, 32% free, 32MB/48MB, paused 261us total 17.354ms
08-06 05:41:11.528 16756 16769 I art     : Starting a blocking GC Explicit
08-06 05:41:11.546 16756 16769 I art     : Explicit concurrent mark sweep GC freed 51(896B) AllocSpace objects, 0(0B) LOS objects, 32% free, 32MB/48MB, paused 256us total 17.320ms
08-06 05:41:11.554 16756 16769 I art     : Starting a blocking GC Explicit
08-06 05:41:11.571 16756 16769 I art     : Explicit concurrent mark sweep GC freed 27(496B) AllocSpace objects, 0(0B) LOS objects, 32% free, 32MB/48MB, paused 244us total 16.758ms
08-06 05:41:11.909 16756 16821 I art     : Starting a blocking GC Explicit
08-06 05:41:11.933 16756 16821 I art     : Explicit concurrent mark sweep GC freed 1952(91KB) AllocSpace objects, 2(40KB) LOS objects, 32% free, 32MB/48MB, paused 300us total 24.385ms
08-06 05:41:11.944 16756 16821 I art     : Starting a blocking GC Explicit
08-06 05:41:11.963 16756 16821 I art     : Explicit concurrent mark sweep GC freed 70(1584B) AllocSpace objects, 0(0B) LOS objects, 32% free, 32MB/48MB, paused 269us total 18.330ms
08-06 05:41:11.973 16756 16821 I art     : Starting a blocking GC Explicit
08-06 05:41:11.991 16756 16821 I art     : Explicit concurrent mark sweep GC freed 32(576B) AllocSpace objects, 0(0B) LOS objects, 32% free, 32MB/48MB, paused 294us total 17.984ms
08-06 05:41:12.000 16756 16821 I art     : Starting a blocking GC Explicit
08-06 05:41:12.016 16756 16821 I art     : Explicit concurrent mark sweep GC freed 47(848B) AllocSpace objects, 0(0B) LOS objects, 32% free, 32MB/48MB, paused 252us total 16.660ms
08-06 05:41:12.025 16756 16821 I art     : Starting a blocking GC Explicit
08-06 05:41:12.042 16756 16821 I art     : Explicit concurrent mark sweep GC freed 50(864B) AllocSpace objects, 0(0B) LOS objects, 32% free, 32MB/48MB, paused 255us total 16.969ms
08-06 05:41:12.327 16756 16768 I art     : Starting a blocking GC Explicit
08-06 05:41:12.345 16756 16768 I art     : Explicit concurrent mark sweep GC freed 1857(90KB) AllocSpace objects, 2(40KB) LOS objects, 32% free, 32MB/48MB, paused 275us total 18.181ms
08-06 05:41:12.354 16756 16768 I art     : Starting a blocking GC Explicit
08-06 05:41:12.372 16756 16768 I art     : Explicit concurrent mark sweep GC freed 46(1184B) AllocSpace objects, 0(0B) LOS objects, 32% free, 32MB/48MB, paused 255us total 17.327ms
08-06 05:41:12.381 16756 16768 I art     : Starting a blocking GC Explicit
08-06 05:41:12.398 16756 16768 I art     : Explicit concurrent mark sweep GC freed 51(896B) AllocSpace objects, 0(0B) LOS objects, 32% free, 32MB/48MB, paused 259us total 17.061ms
08-06 05:41:12.407 16756 16768 I art     : Starting a blocking GC Explicit
08-06 05:41:12.424 16756 16768 I art     : Explicit concurrent mark sweep GC freed 39(672B) AllocSpace objects, 0(0B) LOS objects, 32% free, 32MB/48MB, paused 296us total 16.893ms
08-06 05:41:12.432 16756 16768 I art     : Starting a blocking GC Explicit
08-06 05:41:12.449 16756 16768 I art     : Explicit concurrent mark sweep GC freed 39(720B) AllocSpace objects, 0(0B) LOS objects, 32% free, 32MB/48MB, paused 258us total 16.435ms
08-06 05:41:12.500 16994 16994 D AndroidRuntime: >>>>>> START com.android.internal.os.RuntimeInit uid 2000 <<<<<<
08-06 05:41:12.504 16994 16994 D AndroidRuntime: CheckJNI is OFF
08-06 05:41:12.529 16994 16994 D ICU     : No timezone override file found: /data/misc/zoneinfo/current/icu/icu_tzdata.dat
08-06 05:41:12.555 16994 16994 I Radio-JNI: register_android_hardware_Radio DONE
08-06 05:41:12.571 16994 16994 D AndroidRuntime: Calling main entry com.android.commands.input.Input
08-06 05:41:12.573 16994 16994 I Input   : injectMotionEvent: MotionEvent { action=ACTION_DOWN, actionButton=0, id[0]=0, x[0]=346.0, y[0]=709.0, toolType[0]=TOOL_TYPE_UNKNOWN, buttonState=0, metaState=0, flags=0x0, edgeFlags=0x0, pointerCount=1, historySize=0, eventTime=855688986, downTime=855688986, deviceId=0, source=0x1002 }
08-06 05:41:12.581 16994 16994 I Input   : injectMotionEvent: MotionEvent { action=ACTION_UP, actionButton=0, id[0]=0, x[0]=346.0, y[0]=709.0, toolType[0]=TOOL_TYPE_UNKNOWN, buttonState=0, metaState=0, flags=0x0, edgeFlags=0x0, pointerCount=1, historySize=0, eventTime=855688986, downTime=855688986, deviceId=0, source=0x1002 }
08-06 05:41:12.593   918  6111 I ActivityManager: START u0 {cmp=baseline.io.github.project_travel_mate/.destinations.description.FinalCityInfoActivity (has extras)} from uid 10696 on display 0
08-06 05:41:12.600 16994 16994 D AndroidRuntime: Shutting down VM
08-06 05:41:12.619 16756 16819 D Gabe    : call	returning from cache
08-06 05:41:12.640 16756 16756 V EXECUTING: https://project-travel-mate.herokuapp.com/api/get-city-weather/1
08-06 05:41:12.714 16756 16769 I art     : Starting a blocking GC Explicit
08-06 05:41:12.736 16756 16769 I art     : Explicit concurrent mark sweep GC freed 9251(587KB) AllocSpace objects, 2(40KB) LOS objects, 29% free, 37MB/53MB, paused 530us total 21.762ms
08-06 05:41:12.747 16756 16769 I art     : Starting a blocking GC Explicit
08-06 05:41:12.756   918   936 I ActivityManager: Displayed baseline.io.github.project_travel_mate/.destinations.description.FinalCityInfoActivity: +156ms
08-06 05:41:12.756 13866 13866 I GoogleInputMethodServic: GoogleInputMethodService.onFinishInput():3138 
08-06 05:41:12.757 13866 13866 I GoogleInputMethodServic: GoogleInputMethodService.onStartInput():1808 
08-06 05:41:12.766 16756 16769 I art     : Explicit concurrent mark sweep GC freed 671(31KB) AllocSpace objects, 0(0B) LOS objects, 29% free, 37MB/53MB, paused 572us total 18.610ms
08-06 05:41:12.775 16756 16769 I art     : Starting a blocking GC Explicit
08-06 05:41:12.799 16756 16769 I art     : Explicit concurrent mark sweep GC freed 19(384B) AllocSpace objects, 0(0B) LOS objects, 29% free, 37MB/53MB, paused 636us total 23.249ms
08-06 05:41:12.810 16756 16769 I art     : Starting a blocking GC Explicit
08-06 05:41:12.830 16756 16769 I art     : Explicit concurrent mark sweep GC freed 70(1200B) AllocSpace objects, 0(0B) LOS objects, 29% free, 37MB/53MB, paused 436us total 19.800ms
08-06 05:41:12.840 16756 16769 I art     : Starting a blocking GC Explicit
08-06 05:41:12.858 16756 16769 I art     : Explicit concurrent mark sweep GC freed 137(2496B) AllocSpace objects, 0(0B) LOS objects, 29% free, 37MB/53MB, paused 296us total 17.690ms
08-06 05:41:12.990   380   380 W SurfaceFlinger: couldn't log to binary event log: overflow.
08-06 05:41:13.144 16756 16821 I art     : Starting a blocking GC Explicit
08-06 05:41:13.165 16756 16821 I art     : Explicit concurrent mark sweep GC freed 6952(339KB) AllocSpace objects, 5(240KB) LOS objects, 29% free, 37MB/53MB, paused 646us total 21.214ms
08-06 05:41:13.175 16756 16821 I art     : Starting a blocking GC Explicit
08-06 05:41:13.189 16756 17030 I NAPPA_EXPERIMENTATION: MetricNetworkRequestExecutionTime: REQUEST_DURATION_SYSTEM='548',REQUEST_DURATION_OKHTTP='48',REQUEST_SYNCHRONOUS='FALSE',RESPONSE_CODE='200',RESPONSE_METHOD='GET',RESPONSE_LENGTH_OKHTTP='530',RESPONSE_LENGTH_HEADER='530',REQUEST_PROTOCOL='http/1.1',REQUEST_URL='https://project-travel-mate.herokuapp.com/api/get-city/1',
08-06 05:41:13.195 16756 16821 I art     : Explicit concurrent mark sweep GC freed 1254(134KB) AllocSpace objects, 0(0B) LOS objects, 29% free, 37MB/53MB, paused 501us total 20.465ms
08-06 05:41:13.197 16756 17029 I NAPPA_EXPERIMENTATION: MetricNetworkRequestExecutionTime: REQUEST_DURATION_SYSTEM='556',REQUEST_DURATION_OKHTTP='58',REQUEST_SYNCHRONOUS='FALSE',RESPONSE_CODE='200',RESPONSE_METHOD='GET',RESPONSE_LENGTH_OKHTTP='238',RESPONSE_LENGTH_HEADER='238',REQUEST_PROTOCOL='http/1.1',REQUEST_URL='https://project-travel-mate.herokuapp.com/api/get-city-weather/1',
08-06 05:41:13.205 16756 16821 I art     : Starting a blocking GC Explicit
08-06 05:41:13.225 16756 16821 I art     : Explicit concurrent mark sweep GC freed 259(20KB) AllocSpace objects, 0(0B) LOS objects, 29% free, 37MB/53MB, paused 431us total 19.292ms
08-06 05:41:13.231 16756 17030 V Response: {"id":1,"city_name":"Delhi","description":"Delhi, officially the National Capital Territory of Delhi, is the Capital territory of India. During the British Raj, Delhi was part of the province of Punjab and is still historically and culturally connected to the Punjab region.","latitude":"28.613900","longitude":"77.209000","facts_count":6,"images":["https://upload.wikimedia.org/wikipedia/commons/9/94/%E0%B4%96%E0%B5%81%E0%B4%A4%E0%B5%8D%E0%B4%AC%E0%B5%8D_%E0%B4%AE%E0%B4%BF%E0%B4%A8%E0%B4%BE%E0%B5%BC1.jpg"],"has_visited":false}
08-06 05:41:13.234 16756 16821 I art     : Starting a blocking GC Explicit
08-06 05:41:13.253 16756 16821 I art     : Explicit concurrent mark sweep GC freed 319(18KB) AllocSpace objects, 0(0B) LOS objects, 29% free, 37MB/53MB, paused 272us total 18.621ms
08-06 05:41:13.262 16756 16821 I art     : Starting a blocking GC Explicit
08-06 05:41:13.281 16756 16821 I art     : Explicit concurrent mark sweep GC freed 108(1824B) AllocSpace objects, 0(0B) LOS objects, 29% free, 37MB/53MB, paused 417us total 18.882ms
08-06 05:41:13.592 16756 16821 I art     : Starting a blocking GC Explicit
08-06 05:41:13.612 16756 16821 I art     : Explicit concurrent mark sweep GC freed 4759(343KB) AllocSpace objects, 11(5MB) LOS objects, 29% free, 38MB/54MB, paused 327us total 19.395ms
08-06 05:41:13.621 16756 16821 I art     : Starting a blocking GC Explicit
08-06 05:41:13.638 16756 16821 I art     : Explicit concurrent mark sweep GC freed 247(7KB) AllocSpace objects, 0(0B) LOS objects, 29% free, 38MB/54MB, paused 270us total 17.349ms
08-06 05:41:13.647 16756 16821 I art     : Starting a blocking GC Explicit
08-06 05:41:13.664 16756 16821 I art     : Explicit concurrent mark sweep GC freed 99(1696B) AllocSpace objects, 0(0B) LOS objects, 29% free, 38MB/54MB, paused 259us total 16.696ms
08-06 05:41:13.672 16756 16821 I art     : Starting a blocking GC Explicit
08-06 05:41:13.689 16756 16821 I art     : Explicit concurrent mark sweep GC freed 51(896B) AllocSpace objects, 0(0B) LOS objects, 29% free, 38MB/54MB, paused 275us total 16.565ms
08-06 05:41:13.697 16756 16821 I art     : Starting a blocking GC Explicit
08-06 05:41:13.714 16756 16821 I art     : Explicit concurrent mark sweep GC freed 99(1696B) AllocSpace objects, 0(0B) LOS objects, 29% free, 38MB/54MB, paused 263us total 16.751ms
08-06 05:41:14.020 16756 16769 I art     : Starting a blocking GC Explicit
08-06 05:41:14.040 16756 16769 I art     : Explicit concurrent mark sweep GC freed 2358(98KB) AllocSpace objects, 2(40KB) LOS objects, 29% free, 38MB/54MB, paused 276us total 19.651ms
08-06 05:41:14.049 16756 16769 I art     : Starting a blocking GC Explicit
08-06 05:41:14.069 16756 16769 I art     : Explicit concurrent mark sweep GC freed 128(2928B) AllocSpace objects, 0(0B) LOS objects, 29% free, 38MB/54MB, paused 285us total 19.105ms
08-06 05:41:14.078 16756 16769 I art     : Starting a blocking GC Explicit
08-06 05:41:14.098 16756 16769 I art     : Explicit concurrent mark sweep GC freed 99(1696B) AllocSpace objects, 0(0B) LOS objects, 29% free, 38MB/54MB, paused 290us total 19.698ms
08-06 05:41:14.107 16756 16769 I art     : Starting a blocking GC Explicit
08-06 05:41:14.127 16756 16769 I art     : Explicit concurrent mark sweep GC freed 98(1664B) AllocSpace objects, 0(0B) LOS objects, 29% free, 38MB/54MB, paused 304us total 20.071ms
08-06 05:41:14.136 16756 16769 I art     : Starting a blocking GC Explicit
08-06 05:41:14.156 16756 16769 I art     : Explicit concurrent mark sweep GC freed 52(928B) AllocSpace objects, 0(0B) LOS objects, 29% free, 38MB/54MB, paused 290us total 19.663ms
08-06 05:41:14.516 16756 16821 I art     : Starting a blocking GC Explicit
08-06 05:41:14.538 16756 16821 I art     : Explicit concurrent mark sweep GC freed 2528(100KB) AllocSpace objects, 2(40KB) LOS objects, 29% free, 38MB/54MB, paused 298us total 22.237ms
08-06 05:41:14.548 16756 16821 I art     : Starting a blocking GC Explicit
08-06 05:41:14.568 16756 16821 I art     : Explicit concurrent mark sweep GC freed 118(2384B) AllocSpace objects, 0(0B) LOS objects, 29% free, 38MB/54MB, paused 294us total 20.274ms
08-06 05:41:14.577 16756 16821 I art     : Starting a blocking GC Explicit
08-06 05:41:14.598 16756 16821 I art     : Explicit concurrent mark sweep GC freed 99(1696B) AllocSpace objects, 0(0B) LOS objects, 29% free, 38MB/54MB, paused 326us total 20.065ms
08-06 05:41:14.607 16756 16821 I art     : Starting a blocking GC Explicit
08-06 05:41:14.628 16756 16821 I art     : Explicit concurrent mark sweep GC freed 99(1696B) AllocSpace objects, 0(0B) LOS objects, 29% free, 38MB/54MB, paused 298us total 20.389ms
08-06 05:41:14.637 16756 16821 I art     : Starting a blocking GC Explicit
08-06 05:41:14.657 16756 16821 I art     : Explicit concurrent mark sweep GC freed 51(896B) AllocSpace objects, 0(0B) LOS objects, 29% free, 38MB/54MB, paused 311us total 19.449ms
08-06 05:41:15.014 16756 17031 I art     : Starting a blocking GC Explicit
08-06 05:41:15.038 16756 17031 I art     : Explicit concurrent mark sweep GC freed 2527(100KB) AllocSpace objects, 2(40KB) LOS objects, 29% free, 38MB/54MB, paused 289us total 23.357ms
08-06 05:41:15.047 16756 17031 I art     : Starting a blocking GC Explicit
08-06 05:41:15.066 16756 17031 I art     : Explicit concurrent mark sweep GC freed 119(2416B) AllocSpace objects, 0(0B) LOS objects, 29% free, 38MB/54MB, paused 287us total 18.392ms
08-06 05:41:15.075 16756 17031 I art     : Starting a blocking GC Explicit
08-06 05:41:15.095 16756 17031 I art     : Explicit concurrent mark sweep GC freed 98(1664B) AllocSpace objects, 0(0B) LOS objects, 29% free, 38MB/54MB, paused 304us total 19.534ms
08-06 05:41:15.104 16756 17031 I art     : Starting a blocking GC Explicit
08-06 05:41:15.123 16756 17031 I art     : Explicit concurrent mark sweep GC freed 52(928B) AllocSpace objects, 0(0B) LOS objects, 29% free, 38MB/54MB, paused 287us total 19.316ms
08-06 05:41:15.132 16756 17031 I art     : Starting a blocking GC Explicit
08-06 05:41:15.152 16756 17031 I art     : Explicit concurrent mark sweep GC freed 99(1696B) AllocSpace objects, 0(0B) LOS objects, 29% free, 38MB/54MB, paused 298us total 19.855ms
08-06 05:41:15.508 16756 16768 I art     : Starting a blocking GC Explicit
08-06 05:41:15.533 16756 16768 I art     : Explicit concurrent mark sweep GC freed 2526(100KB) AllocSpace objects, 2(40KB) LOS objects, 29% free, 38MB/54MB, paused 309us total 24.223ms
08-06 05:41:15.542 16756 16768 I art     : Starting a blocking GC Explicit
08-06 05:41:15.562 16756 16768 I art     : Explicit concurrent mark sweep GC freed 118(2384B) AllocSpace objects, 0(0B) LOS objects, 29% free, 38MB/54MB, paused 305us total 19.696ms
08-06 05:41:15.571 16756 16768 I art     : Starting a blocking GC Explicit
08-06 05:41:15.590 16756 16768 I art     : Explicit concurrent mark sweep GC freed 52(928B) AllocSpace objects, 0(0B) LOS objects, 29% free, 38MB/54MB, paused 281us total 19.171ms
08-06 05:41:15.599 16756 16768 I art     : Starting a blocking GC Explicit
08-06 05:41:15.618 16756 16768 I art     : Explicit concurrent mark sweep GC freed 99(1696B) AllocSpace objects, 0(0B) LOS objects, 29% free, 38MB/54MB, paused 285us total 19.138ms
08-06 05:41:15.627 16756 16768 I art     : Starting a blocking GC Explicit
08-06 05:41:15.648 16756 16768 I art     : Explicit concurrent mark sweep GC freed 99(1696B) AllocSpace objects, 0(0B) LOS objects, 29% free, 38MB/54MB, paused 286us total 20.060ms
08-06 05:41:15.648 16756 16766 I art     : WaitForGcToComplete blocked for 12.639ms for cause HeapTrim
08-06 05:41:15.993 16756 16769 I art     : Starting a blocking GC Explicit
08-06 05:41:16.014 16756 16769 I art     : Explicit concurrent mark sweep GC freed 2480(100KB) AllocSpace objects, 2(40KB) LOS objects, 29% free, 38MB/54MB, paused 299us total 20.982ms
08-06 05:41:16.023 16756 16769 I art     : Starting a blocking GC Explicit
08-06 05:41:16.043 16756 16769 I art     : Explicit concurrent mark sweep GC freed 71(1616B) AllocSpace objects, 0(0B) LOS objects, 29% free, 38MB/54MB, paused 369us total 19.525ms
08-06 05:41:16.052 16756 16769 I art     : Starting a blocking GC Explicit
08-06 05:41:16.071 16756 16769 I art     : Explicit concurrent mark sweep GC freed 99(1696B) AllocSpace objects, 0(0B) LOS objects, 29% free, 38MB/54MB, paused 278us total 19.388ms
08-06 05:41:16.080 16756 16769 I art     : Starting a blocking GC Explicit
08-06 05:41:16.100 16756 16769 I art     : Explicit concurrent mark sweep GC freed 99(1696B) AllocSpace objects, 0(0B) LOS objects, 29% free, 38MB/54MB, paused 278us total 19.480ms
08-06 05:41:16.109 16756 16769 I art     : Starting a blocking GC Explicit
08-06 05:41:16.129 16756 16769 I art     : Explicit concurrent mark sweep GC freed 98(1664B) AllocSpace objects, 0(0B) LOS objects, 29% free, 38MB/54MB, paused 305us total 20.029ms
08-06 05:41:16.482 16756 16821 I art     : Starting a blocking GC Explicit
08-06 05:41:16.506 16756 16821 I art     : Explicit concurrent mark sweep GC freed 2481(100KB) AllocSpace objects, 2(40KB) LOS objects, 29% free, 38MB/54MB, paused 312us total 23.084ms
08-06 05:41:16.520 16756 16821 I art     : Starting a blocking GC Explicit
08-06 05:41:16.540 16756 16821 I art     : Explicit concurrent mark sweep GC freed 118(2384B) AllocSpace objects, 0(0B) LOS objects, 29% free, 38MB/54MB, paused 319us total 19.089ms
08-06 05:41:16.549 16756 16821 I art     : Starting a blocking GC Explicit
08-06 05:41:16.568 16756 16821 I art     : Explicit concurrent mark sweep GC freed 99(1696B) AllocSpace objects, 0(0B) LOS objects, 29% free, 38MB/54MB, paused 291us total 19.576ms
08-06 05:41:16.577 16756 16821 I art     : Starting a blocking GC Explicit
08-06 05:41:16.585 14694 14895 W FirebaseInstanceId: Token retrieval failed: SERVICE_NOT_AVAILABLE. Will retry token retrieval
08-06 05:41:16.597 16756 16821 I art     : Explicit concurrent mark sweep GC freed 99(1696B) AllocSpace objects, 0(0B) LOS objects, 29% free, 38MB/54MB, paused 351us total 19.262ms
08-06 05:41:16.606 16756 16821 I art     : Starting a blocking GC Explicit
08-06 05:41:16.626 16756 16821 I art     : Explicit concurrent mark sweep GC freed 51(896B) AllocSpace objects, 0(0B) LOS objects, 29% free, 38MB/54MB, paused 287us total 19.934ms
08-06 05:41:16.957 16756 16768 I art     : Starting a blocking GC Explicit
08-06 05:41:16.976 16756 16768 I art     : Explicit concurrent mark sweep GC freed 2454(100KB) AllocSpace objects, 2(40KB) LOS objects, 29% free, 38MB/54MB, paused 281us total 19.234ms
08-06 05:41:16.986 16756 16768 I art     : Starting a blocking GC Explicit
08-06 05:41:17.006 16756 16768 I art     : Explicit concurrent mark sweep GC freed 128(2928B) AllocSpace objects, 0(0B) LOS objects, 29% free, 38MB/54MB, paused 293us total 19.432ms
08-06 05:41:17.015 16756 16768 I art     : Starting a blocking GC Explicit
08-06 05:41:17.035 16756 16768 I art     : Explicit concurrent mark sweep GC freed 99(1696B) AllocSpace objects, 0(0B) LOS objects, 29% free, 38MB/54MB, paused 337us total 19.700ms
08-06 05:41:17.044 16756 16768 I art     : Starting a blocking GC Explicit
08-06 05:41:17.063 16756 16768 I art     : Explicit concurrent mark sweep GC freed 98(1664B) AllocSpace objects, 0(0B) LOS objects, 29% free, 38MB/54MB, paused 301us total 19.074ms
08-06 05:41:17.072 16756 16768 I art     : Starting a blocking GC Explicit
08-06 05:41:17.091 16756 16768 I art     : Explicit concurrent mark sweep GC freed 52(928B) AllocSpace objects, 0(0B) LOS objects, 29% free, 38MB/54MB, paused 272us total 18.529ms
08-06 05:41:17.174 17122 17122 D AndroidRuntime: >>>>>> START com.android.internal.os.RuntimeInit uid 2000 <<<<<<
08-06 05:41:17.178 17122 17122 D AndroidRuntime: CheckJNI is OFF
08-06 05:41:17.206 17122 17122 D ICU     : No timezone override file found: /data/misc/zoneinfo/current/icu/icu_tzdata.dat
08-06 05:41:17.233 17122 17122 I Radio-JNI: register_android_hardware_Radio DONE
08-06 05:41:17.249 17122 17122 D AndroidRuntime: Calling main entry com.android.commands.input.Input
08-06 05:41:17.250 17122 17122 I Input   : injectMotionEvent: MotionEvent { action=ACTION_DOWN, actionButton=0, id[0]=0, x[0]=693.0, y[0]=1450.0, toolType[0]=TOOL_TYPE_UNKNOWN, buttonState=0, metaState=0, flags=0x0, edgeFlags=0x0, pointerCount=1, historySize=0, eventTime=855693663, downTime=855693663, deviceId=0, source=0x1002 }
08-06 05:41:17.256 17122 17122 I Input   : injectMotionEvent: MotionEvent { action=ACTION_UP, actionButton=0, id[0]=0, x[0]=693.0, y[0]=1450.0, toolType[0]=TOOL_TYPE_UNKNOWN, buttonState=0, metaState=0, flags=0x0, edgeFlags=0x0, pointerCount=1, historySize=0, eventTime=855693663, downTime=855693663, deviceId=0, source=0x1002 }
08-06 05:41:17.257 17122 17122 D AndroidRuntime: Shutting down VM
08-06 05:41:17.259   918  4413 I ActivityManager: START u0 {cmp=baseline.io.github.project_travel_mate/.destinations.description.CityHistoryActivity} from uid 10696 on display 0
08-06 05:41:17.259   512  2967 D audio_hw_primary: out_set_parameters: enter: usecase(1: low-latency-playback) kvpairs: routing=2
08-06 05:41:17.272   512  2967 D audio_hw_primary: select_devices: out_snd_device(2: speaker) in_snd_device(0: none)
08-06 05:41:17.272   512  2967 D msm8974_platform: platform_send_audio_calibration: sending audio calibration for snd_device(2) acdb_id(15)
08-06 05:41:17.272   512  2967 I soundtrigger: audio_extn_sound_trigger_update_device_status: device 0x2 of type 0 for Event 1
08-06 05:41:17.281   512  2967 D audio_hw_primary: enable_snd_device: snd_device(2: speaker)
08-06 05:41:17.283   512  2967 D audio_hw_primary: enable_audio_route: apply and update mixer path: low-latency-playback speaker
08-06 05:41:17.285 16756 16819 D Gabe    : call	returning from cache
08-06 05:41:17.287 16756 16756 V EXECUTING: https://project-travel-mate.herokuapp.com/api/get-city-information/1
08-06 05:41:17.383 16756 17031 I art     : Starting a blocking GC Explicit
08-06 05:41:17.406 16756 17031 I art     : Explicit concurrent mark sweep GC freed 3127(220KB) AllocSpace objects, 2(40KB) LOS objects, 27% free, 42MB/58MB, paused 694us total 22.532ms
08-06 05:41:17.408   918   936 I ActivityManager: Displayed baseline.io.github.project_travel_mate/.destinations.description.CityHistoryActivity: +141ms
08-06 05:41:17.408 13866 13866 I GoogleInputMethodServic: GoogleInputMethodService.onFinishInput():3138 
08-06 05:41:17.409 13866 13866 I GoogleInputMethodServic: GoogleInputMethodService.onStartInput():1808 
08-06 05:41:17.415 16756 17031 I art     : Starting a blocking GC Explicit
08-06 05:41:17.439 16756 17031 I art     : Explicit concurrent mark sweep GC freed 427(17KB) AllocSpace objects, 0(0B) LOS objects, 27% free, 42MB/58MB, paused 588us total 23.695ms
08-06 05:41:17.451 16756 17031 I art     : Starting a blocking GC Explicit
08-06 05:41:17.474 16756 17031 I art     : Explicit concurrent mark sweep GC freed 89(1712B) AllocSpace objects, 0(0B) LOS objects, 27% free, 42MB/58MB, paused 349us total 22.849ms
08-06 05:41:17.484 16756 17031 I art     : Starting a blocking GC Explicit
08-06 05:41:17.509 16756 17031 I art     : Explicit concurrent mark sweep GC freed 55(976B) AllocSpace objects, 0(0B) LOS objects, 27% free, 42MB/58MB, paused 461us total 24.253ms
08-06 05:41:17.519 16756 17031 I art     : Starting a blocking GC Explicit
08-06 05:41:17.542 16756 17031 I art     : Explicit concurrent mark sweep GC freed 85(1584B) AllocSpace objects, 0(0B) LOS objects, 27% free, 42MB/58MB, paused 430us total 22.701ms
08-06 05:41:17.662   380   380 W SurfaceFlinger: couldn't log to binary event log: overflow.
08-06 05:41:17.816 16756 17031 I art     : Starting a blocking GC Explicit
08-06 05:41:17.818   512  2967 D audio_hw_primary: disable_audio_route: reset and update mixer path: low-latency-playback speaker
08-06 05:41:17.820   512  2967 D audio_hw_primary: disable_snd_device: snd_device(2: speaker)
08-06 05:41:17.828   512  2967 I soundtrigger: audio_extn_sound_trigger_update_device_status: device 0x2 of type 0 for Event 0
08-06 05:41:17.838 16756 17031 I art     : Explicit concurrent mark sweep GC freed 4976(227KB) AllocSpace objects, 4(160KB) LOS objects, 27% free, 43MB/59MB, paused 702us total 22.541ms
08-06 05:41:17.848 16756 17031 I art     : Starting a blocking GC Explicit
08-06 05:41:17.869 16756 17031 I art     : Explicit concurrent mark sweep GC freed 1269(126KB) AllocSpace objects, 1(80KB) LOS objects, 27% free, 42MB/58MB, paused 466us total 21.182ms
08-06 05:41:17.878 16756 17149 I NAPPA_EXPERIMENTATION: MetricNetworkRequestExecutionTime: REQUEST_DURATION_SYSTEM='591',REQUEST_DURATION_OKHTTP='33',REQUEST_SYNCHRONOUS='FALSE',RESPONSE_CODE='200',RESPONSE_METHOD='GET',RESPONSE_LENGTH_OKHTTP='55024',RESPONSE_LENGTH_HEADER='55024',REQUEST_PROTOCOL='http/1.1',REQUEST_URL='https://project-travel-mate.herokuapp.com/api/get-city-information/1',
08-06 05:41:17.878 16756 17031 I art     : Starting a blocking GC Explicit
08-06 05:41:17.900 16756 17031 I art     : Explicit concurrent mark sweep GC freed 175(12KB) AllocSpace objects, 3(272KB) LOS objects, 27% free, 43MB/59MB, paused 539us total 21.190ms
08-06 05:41:17.909 16756 17031 I art     : Starting a blocking GC Explicit
08-06 05:41:17.930 16756 17031 I art     : Explicit concurrent mark sweep GC freed 202(5KB) AllocSpace objects, 0(0B) LOS objects, 27% free, 43MB/59MB, paused 411us total 21.077ms
08-06 05:41:17.940 16756 17031 I art     : Starting a blocking GC Explicit
08-06 05:41:17.961 16756 17031 I art     : Explicit concurrent mark sweep GC freed 33(704B) AllocSpace objects, 0(0B) LOS objects, 27% free, 43MB/59MB, paused 471us total 20.976ms
08-06 05:41:18.013 13866 13866 I GoogleInputMethodServic: GoogleInputMethodService.onFinishInput():3138 
08-06 05:41:18.013 13866 13866 I GoogleInputMethodServic: GoogleInputMethodService.onStartInput():1808 
08-06 05:41:18.271 16756 16821 I art     : Starting a blocking GC Explicit
08-06 05:41:18.297 16756 16821 I art     : Explicit concurrent mark sweep GC freed 3974(1331KB) AllocSpace objects, 19(4MB) LOS objects, 29% free, 38MB/54MB, paused 299us total 25.757ms
08-06 05:41:18.306 16756 16821 I art     : Starting a blocking GC Explicit
08-06 05:41:18.329 16756 16821 I art     : Explicit concurrent mark sweep GC freed 215(5KB) AllocSpace objects, 0(0B) LOS objects, 29% free, 38MB/54MB, paused 404us total 22.237ms
08-06 05:41:18.338 16756 16821 I art     : Starting a blocking GC Explicit
08-06 05:41:18.360 16756 16821 I art     : Explicit concurrent mark sweep GC freed 141(2400B) AllocSpace objects, 0(0B) LOS objects, 29% free, 38MB/54MB, paused 315us total 21.636ms
08-06 05:41:18.369 16756 16821 I art     : Starting a blocking GC Explicit
08-06 05:41:18.391 16756 16821 I art     : Explicit concurrent mark sweep GC freed 147(2496B) AllocSpace objects, 0(0B) LOS objects, 29% free, 38MB/54MB, paused 295us total 21.222ms
08-06 05:41:18.400 16756 16821 I art     : Starting a blocking GC Explicit
08-06 05:41:18.422 16756 16821 I art     : Explicit concurrent mark sweep GC freed 147(2496B) AllocSpace objects, 0(0B) LOS objects, 29% free, 38MB/54MB, paused 315us total 21.692ms
08-06 05:41:18.563   518   646 I ThermalEngine: ACTION: GPU - Setting GPU[0] to 510000000
08-06 05:41:18.741 16756 17031 I art     : Starting a blocking GC Explicit
08-06 05:41:18.769 16756 17031 I art     : Explicit concurrent mark sweep GC freed 2939(107KB) AllocSpace objects, 2(40KB) LOS objects, 29% free, 38MB/54MB, paused 424us total 27.685ms
08-06 05:41:18.782 16756 17031 I art     : Starting a blocking GC Explicit
08-06 05:41:18.810 16756 17031 I art     : Explicit concurrent mark sweep GC freed 166(3KB) AllocSpace objects, 0(0B) LOS objects, 29% free, 38MB/54MB, paused 421us total 26.930ms
08-06 05:41:18.822 16756 17031 I art     : Starting a blocking GC Explicit
08-06 05:41:18.848 16756 17031 I art     : Explicit concurrent mark sweep GC freed 219(3KB) AllocSpace objects, 0(0B) LOS objects, 29% free, 38MB/54MB, paused 488us total 26.389ms
08-06 05:41:18.861 16756 17031 I art     : Starting a blocking GC Explicit
08-06 05:41:18.889 16756 17031 I art     : Explicit concurrent mark sweep GC freed 148(2528B) AllocSpace objects, 0(0B) LOS objects, 29% free, 38MB/54MB, paused 417us total 27.707ms
08-06 05:41:18.902 16756 17031 I art     : Starting a blocking GC Explicit
08-06 05:41:18.931 16756 17031 I art     : Explicit concurrent mark sweep GC freed 192(3KB) AllocSpace objects, 0(0B) LOS objects, 29% free, 38MB/54MB, paused 471us total 29.220ms
08-06 05:41:18.980  8745  8747 E QC-QMI  : qmi_client [8745] 5ea: failed to locate client data
08-06 05:41:18.981   519   519 E QC-QMI  : qmuxd: RX on fd=18 returned error=0 errno[2:No such file or directory]
08-06 05:41:18.981   519   519 E QC-QMI  : QMUX qmux_client_id=5ea not found in qmux client list, unable to remove
08-06 05:41:18.984  8745  8745 I Atfwd_Daemon: Stop the daemon....
08-06 05:41:18.989 17187 17187 W ATFWD-daemon: type=1400 audit(0.0:740040): avc: denied { read write } for name="diag" dev="tmpfs" ino=1296 scontext=u:r:atfwd:s0 tcontext=u:object_r:diag_device:s0 tclass=chr_file permissive=0
08-06 05:41:19.005 17187 17187 I libmdmdetect: ESOC framework not supported
08-06 05:41:19.005 17187 17187 I libmdmdetect: Found internal modem: modem
08-06 05:41:19.005 17187 17187 E Diag_Lib:  Diag_LSM_Init: Failed to open handle to diag driver, error = 13
08-06 05:41:19.011 17187 17187 I Atfwd_Daemon: result : 255 	 ,Init step :0 	 ,qmiErrorCode: 0
08-06 05:41:19.011 17187 17187 I Atfwd_Daemon: result : 0 	 ,Init step :1 	 ,qmiErrorCode: 0
08-06 05:41:19.011 17187 17187 I ServiceManager: Waiting for service AtCmdFwd...
08-06 05:41:19.299 16756 16821 I art     : Starting a blocking GC Explicit
08-06 05:41:19.331 16756 16821 I art     : Explicit concurrent mark sweep GC freed 3140(111KB) AllocSpace objects, 2(40KB) LOS objects, 29% free, 38MB/54MB, paused 447us total 31.187ms
08-06 05:41:19.347 16756 16821 I art     : Starting a blocking GC Explicit
08-06 05:41:19.374 16756 16821 I art     : Explicit concurrent mark sweep GC freed 237(4KB) AllocSpace objects, 0(0B) LOS objects, 29% free, 38MB/54MB, paused 424us total 26.424ms
08-06 05:41:19.386 16756 16821 I art     : Starting a blocking GC Explicit
08-06 05:41:19.412 16756 16821 I art     : Explicit concurrent mark sweep GC freed 148(2528B) AllocSpace objects, 0(0B) LOS objects, 29% free, 38MB/54MB, paused 405us total 26.660ms
08-06 05:41:19.424 16756 16821 I art     : Starting a blocking GC Explicit
08-06 05:41:19.451 16756 16821 I art     : Explicit concurrent mark sweep GC freed 219(3KB) AllocSpace objects, 0(0B) LOS objects, 29% free, 38MB/54MB, paused 471us total 26.559ms
08-06 05:41:19.464 16756 16821 I art     : Starting a blocking GC Explicit
08-06 05:41:19.491 16756 16821 I art     : Explicit concurrent mark sweep GC freed 146(2464B) AllocSpace objects, 0(0B) LOS objects, 29% free, 38MB/54MB, paused 409us total 27.516ms
08-06 05:41:19.855 16756 17031 I art     : Starting a blocking GC Explicit
08-06 05:41:19.884 16756 17031 I art     : Explicit concurrent mark sweep GC freed 3167(111KB) AllocSpace objects, 2(40KB) LOS objects, 29% free, 38MB/54MB, paused 454us total 29.056ms
08-06 05:41:19.899 16756 17031 I art     : Starting a blocking GC Explicit
08-06 05:41:19.925 16756 17031 I art     : Explicit concurrent mark sweep GC freed 183(3KB) AllocSpace objects, 0(0B) LOS objects, 29% free, 38MB/54MB, paused 408us total 26.458ms
08-06 05:41:19.938 16756 17031 I art     : Starting a blocking GC Explicit
08-06 05:41:19.964 16756 17031 I art     : Explicit concurrent mark sweep GC freed 147(2496B) AllocSpace objects, 0(0B) LOS objects, 29% free, 38MB/54MB, paused 423us total 26.019ms
08-06 05:41:19.976 16756 17031 I art     : Starting a blocking GC Explicit
08-06 05:41:20.003 16756 17031 I art     : Explicit concurrent mark sweep GC freed 219(3KB) AllocSpace objects, 0(0B) LOS objects, 29% free, 38MB/54MB, paused 411us total 26.423ms
08-06 05:41:20.012 17187 17187 I ServiceManager: Waiting for service AtCmdFwd...
08-06 05:41:20.015 16756 17031 I art     : Starting a blocking GC Explicit
08-06 05:41:20.042 16756 17031 I art     : Explicit concurrent mark sweep GC freed 147(2496B) AllocSpace objects, 0(0B) LOS objects, 29% free, 38MB/54MB, paused 452us total 26.925ms
08-06 05:41:20.394 16756 16769 I art     : Starting a blocking GC Explicit
08-06 05:41:20.424 16756 16769 I art     : Explicit concurrent mark sweep GC freed 3084(110KB) AllocSpace objects, 2(40KB) LOS objects, 29% free, 38MB/54MB, paused 431us total 29.649ms
08-06 05:41:20.440 16756 16769 I art     : Starting a blocking GC Explicit
08-06 05:41:20.467 16756 16769 I art     : Explicit concurrent mark sweep GC freed 230(4KB) AllocSpace objects, 0(0B) LOS objects, 29% free, 38MB/54MB, paused 514us total 25.949ms
08-06 05:41:20.479 16756 16769 I art     : Starting a blocking GC Explicit
08-06 05:41:20.505 16756 16769 I art     : Explicit concurrent mark sweep GC freed 155(2656B) AllocSpace objects, 0(0B) LOS objects, 29% free, 38MB/54MB, paused 415us total 26.322ms
08-06 05:41:20.518 16756 16769 I art     : Starting a blocking GC Explicit
08-06 05:41:20.545 16756 16769 I art     : Explicit concurrent mark sweep GC freed 147(2496B) AllocSpace objects, 0(0B) LOS objects, 29% free, 38MB/54MB, paused 421us total 27.079ms
08-06 05:41:20.557 16756 16769 I art     : Starting a blocking GC Explicit
08-06 05:41:20.584 16756 16769 I art     : Explicit concurrent mark sweep GC freed 218(3KB) AllocSpace objects, 0(0B) LOS objects, 29% free, 38MB/54MB, paused 448us total 26.636ms
08-06 05:41:20.948 16756 16768 I art     : Starting a blocking GC Explicit
08-06 05:41:20.980 16756 16768 I art     : Explicit concurrent mark sweep GC freed 3083(110KB) AllocSpace objects, 2(40KB) LOS objects, 29% free, 38MB/54MB, paused 489us total 30.900ms
08-06 05:41:20.996 16756 16768 I art     : Starting a blocking GC Explicit
08-06 05:41:21.012 17187 17187 I ServiceManager: Waiting for service AtCmdFwd...
08-06 05:41:21.022 16756 16768 I art     : Explicit concurrent mark sweep GC freed 239(4KB) AllocSpace objects, 0(0B) LOS objects, 29% free, 38MB/54MB, paused 408us total 26.313ms
08-06 05:41:21.022 16756 16766 I art     : WaitForGcToComplete blocked for 7.493ms for cause HeapTrim
08-06 05:41:21.034 16756 16768 I art     : Starting a blocking GC Explicit
08-06 05:41:21.061 16756 16768 I art     : Explicit concurrent mark sweep GC freed 147(2496B) AllocSpace objects, 0(0B) LOS objects, 29% free, 38MB/54MB, paused 461us total 26.395ms
08-06 05:41:21.073 16756 16768 I art     : Starting a blocking GC Explicit
08-06 05:41:21.100 16756 16768 I art     : Explicit concurrent mark sweep GC freed 149(2528B) AllocSpace objects, 0(0B) LOS objects, 29% free, 38MB/54MB, paused 533us total 26.600ms
08-06 05:41:21.112 16756 16768 I art     : Starting a blocking GC Explicit
08-06 05:41:21.139 16756 16768 I art     : Explicit concurrent mark sweep GC freed 217(3KB) AllocSpace objects, 0(0B) LOS objects, 29% free, 38MB/54MB, paused 405us total 26.816ms
08-06 05:41:21.522 16756 16821 I art     : Starting a blocking GC Explicit
08-06 05:41:21.550 16756 16821 I art     : Explicit concurrent mark sweep GC freed 3159(111KB) AllocSpace objects, 2(40KB) LOS objects, 29% free, 38MB/54MB, paused 521us total 27.801ms
08-06 05:41:21.563 16756 16821 I art     : Starting a blocking GC Explicit
08-06 05:41:21.588 16756 16821 I art     : Explicit concurrent mark sweep GC freed 235(4KB) AllocSpace objects, 0(0B) LOS objects, 29% free, 38MB/54MB, paused 395us total 25.375ms
08-06 05:41:21.600 16756 16821 I art     : Starting a blocking GC Explicit
08-06 05:41:21.625 16756 16821 I art     : Explicit concurrent mark sweep GC freed 146(2464B) AllocSpace objects, 0(0B) LOS objects, 29% free, 38MB/54MB, paused 419us total 24.983ms
08-06 05:41:21.638 16756 16821 I art     : Starting a blocking GC Explicit
08-06 05:41:21.664 16756 16821 I art     : Explicit concurrent mark sweep GC freed 148(2528B) AllocSpace objects, 0(0B) LOS objects, 29% free, 38MB/54MB, paused 439us total 26.539ms
08-06 05:41:21.677 16756 16821 I art     : Starting a blocking GC Explicit
08-06 05:41:21.703 16756 16821 I art     : Explicit concurrent mark sweep GC freed 219(3KB) AllocSpace objects, 0(0B) LOS objects, 29% free, 38MB/54MB, paused 406us total 26.005ms
08-06 05:41:21.909 17241 17241 D AndroidRuntime: >>>>>> START com.android.internal.os.RuntimeInit uid 2000 <<<<<<
08-06 05:41:21.914 17241 17241 D AndroidRuntime: CheckJNI is OFF
08-06 05:41:21.947 17241 17241 D ICU     : No timezone override file found: /data/misc/zoneinfo/current/icu/icu_tzdata.dat
08-06 05:41:21.980 17241 17241 I Radio-JNI: register_android_hardware_Radio DONE
08-06 05:41:22.002 17241 17241 D AndroidRuntime: Calling main entry com.android.commands.input.Input
08-06 05:41:22.003 17241 17241 I Input   : injectKeyEvent: KeyEvent { action=ACTION_DOWN, keyCode=KEYCODE_BACK, scanCode=0, metaState=0, flags=0x0, repeatCount=0, eventTime=855698417, downTime=855698417, deviceId=-1, source=0x101 }
08-06 05:41:22.009 17241 17241 I Input   : injectKeyEvent: KeyEvent { action=ACTION_UP, keyCode=KEYCODE_BACK, scanCode=0, metaState=0, flags=0x0, repeatCount=0, eventTime=855698417, downTime=855698417, deviceId=-1, source=0x101 }
08-06 05:41:22.012 17187 17187 I ServiceManager: Waiting for service AtCmdFwd...
08-06 05:41:22.014 17241 17241 D AndroidRuntime: Shutting down VM
08-06 05:41:22.050 13866 13866 I GoogleInputMethodServic: GoogleInputMethodService.onFinishInput():3138 
08-06 05:41:22.051 13866 13866 I GoogleInputMethodServic: GoogleInputMethodService.onStartInput():1808 
08-06 05:41:22.057 16756 17031 I art     : Starting a blocking GC Explicit
08-06 05:41:22.083 16756 17031 I art     : Explicit concurrent mark sweep GC freed 3049(112KB) AllocSpace objects, 2(40KB) LOS objects, 29% free, 38MB/54MB, paused 553us total 26.001ms
08-06 05:41:22.096 16756 17031 I art     : Starting a blocking GC Explicit
08-06 05:41:22.120 16756 17031 I art     : Explicit concurrent mark sweep GC freed 238(4KB) AllocSpace objects, 0(0B) LOS objects, 29% free, 38MB/54MB, paused 364us total 23.421ms
08-06 05:41:22.131 16756 17031 I art     : Starting a blocking GC Explicit
08-06 05:41:22.146   918  1210 D NetlinkSocketObserver: NeighborEvent{elapsedMs=1839086021, 192.168.2.254, [7C3953A63323], RTM_NEWNEIGH, NUD_STALE}
08-06 05:41:22.156 16756 17031 I art     : Explicit concurrent mark sweep GC freed 147(2496B) AllocSpace objects, 0(0B) LOS objects, 29% free, 38MB/54MB, paused 365us total 24.308ms
08-06 05:41:22.169 16756 17031 I art     : Starting a blocking GC Explicit
08-06 05:41:22.194 16756 17031 I art     : Explicit concurrent mark sweep GC freed 147(2496B) AllocSpace objects, 0(0B) LOS objects, 29% free, 38MB/54MB, paused 402us total 25.027ms
08-06 05:41:22.207 16756 17031 I art     : Starting a blocking GC Explicit
08-06 05:41:22.232 16756 17031 I art     : Explicit concurrent mark sweep GC freed 147(2496B) AllocSpace objects, 0(0B) LOS objects, 29% free, 38MB/54MB, paused 394us total 25.066ms
08-06 05:41:22.366   380   380 W SurfaceFlinger: couldn't log to binary event log: overflow.
08-06 05:41:22.536 16756 16768 I art     : Starting a blocking GC Explicit
08-06 05:41:22.564 16756 16768 I art     : Explicit concurrent mark sweep GC freed 2628(103KB) AllocSpace objects, 3(228KB) LOS objects, 29% free, 38MB/54MB, paused 432us total 27.750ms
08-06 05:41:22.576 16756 16768 I art     : Starting a blocking GC Explicit
08-06 05:41:22.599 16756 16768 I art     : Explicit concurrent mark sweep GC freed 4782(340KB) AllocSpace objects, 7(132KB) LOS objects, 29% free, 38MB/54MB, paused 394us total 22.779ms
08-06 05:41:22.610 16756 16768 I art     : Starting a blocking GC Explicit
08-06 05:41:22.633 16756 16768 I art     : Explicit concurrent mark sweep GC freed 109(2048B) AllocSpace objects, 0(0B) LOS objects, 29% free, 38MB/54MB, paused 495us total 23.168ms
08-06 05:41:22.645 16756 16768 I art     : Starting a blocking GC Explicit
08-06 05:41:22.669 16756 16768 I art     : Explicit concurrent mark sweep GC freed 142(2400B) AllocSpace objects, 0(0B) LOS objects, 29% free, 38MB/54MB, paused 543us total 23.506ms
08-06 05:41:22.681 16756 16768 I art     : Starting a blocking GC Explicit
08-06 05:41:22.705 16756 16768 I art     : Explicit concurrent mark sweep GC freed 100(1728B) AllocSpace objects, 0(0B) LOS objects, 29% free, 38MB/54MB, paused 411us total 24.516ms
08-06 05:41:23.013 17187 17187 I ServiceManager: Waiting for service AtCmdFwd...
08-06 05:41:23.033 16756 16769 I art     : Starting a blocking GC Explicit
08-06 05:41:23.062 16756 16769 I art     : Explicit concurrent mark sweep GC freed 2458(100KB) AllocSpace objects, 2(40KB) LOS objects, 29% free, 38MB/54MB, paused 431us total 28.588ms
08-06 05:41:23.074 16756 16769 I art     : Starting a blocking GC Explicit
08-06 05:41:23.100 16756 16769 I art     : Explicit concurrent mark sweep GC freed 129(2960B) AllocSpace objects, 0(0B) LOS objects, 29% free, 38MB/54MB, paused 428us total 25.867ms
08-06 05:41:23.113 16756 16769 I art     : Starting a blocking GC Explicit
08-06 05:41:23.138 16756 16769 I art     : Explicit concurrent mark sweep GC freed 147(2496B) AllocSpace objects, 0(0B) LOS objects, 29% free, 38MB/54MB, paused 418us total 25.095ms
08-06 05:41:23.150 16756 16769 I art     : Starting a blocking GC Explicit
08-06 05:41:23.176 16756 16769 I art     : Explicit concurrent mark sweep GC freed 98(1664B) AllocSpace objects, 0(0B) LOS objects, 29% free, 38MB/54MB, paused 423us total 25.739ms
08-06 05:41:23.188 16756 16769 I art     : Starting a blocking GC Explicit
08-06 05:41:23.215 16756 16769 I art     : Explicit concurrent mark sweep GC freed 100(1728B) AllocSpace objects, 0(0B) LOS objects, 29% free, 38MB/54MB, paused 416us total 25.961ms
08-06 05:41:23.529 16756 17031 I art     : Starting a blocking GC Explicit
08-06 05:41:23.554 16756 17031 I art     : Explicit concurrent mark sweep GC freed 2435(99KB) AllocSpace objects, 2(40KB) LOS objects, 29% free, 38MB/54MB, paused 411us total 25.232ms
08-06 05:41:23.566 16756 17031 I art     : Starting a blocking GC Explicit
08-06 05:41:23.591 16756 17031 I art     : Explicit concurrent mark sweep GC freed 118(2384B) AllocSpace objects, 0(0B) LOS objects, 29% free, 38MB/54MB, paused 423us total 24.983ms
08-06 05:41:23.604 16756 17031 I art     : Starting a blocking GC Explicit
08-06 05:41:23.628 16756 17031 I art     : Explicit concurrent mark sweep GC freed 99(1696B) AllocSpace objects, 0(0B) LOS objects, 29% free, 38MB/54MB, paused 407us total 24.308ms
08-06 05:41:23.640 16756 17031 I art     : Starting a blocking GC Explicit
08-06 05:41:23.658 17284 17284 D AndroidRuntime: >>>>>> START com.android.internal.os.RuntimeInit uid 2000 <<<<<<
08-06 05:41:23.663 17284 17284 D AndroidRuntime: CheckJNI is OFF
08-06 05:41:23.665 16756 17031 I art     : Explicit concurrent mark sweep GC freed 99(1696B) AllocSpace objects, 0(0B) LOS objects, 29% free, 38MB/54MB, paused 441us total 24.759ms
08-06 05:41:23.677 16756 17031 I art     : Starting a blocking GC Explicit
08-06 05:41:23.698 17284 17284 D ICU     : No timezone override file found: /data/misc/zoneinfo/current/icu/icu_tzdata.dat
08-06 05:41:23.702 16756 17031 I art     : Explicit concurrent mark sweep GC freed 106(1808B) AllocSpace objects, 0(0B) LOS objects, 29% free, 38MB/54MB, paused 547us total 24.410ms
08-06 05:41:23.733 17284 17284 I Radio-JNI: register_android_hardware_Radio DONE
08-06 05:41:23.754 17284 17284 D AndroidRuntime: Calling main entry com.android.commands.input.Input
08-06 05:41:23.756 17284 17284 I Input   : injectMotionEvent: MotionEvent { action=ACTION_DOWN, actionButton=0, id[0]=0, x[0]=504.0, y[0]=1706.0, toolType[0]=TOOL_TYPE_UNKNOWN, buttonState=0, metaState=0, flags=0x0, edgeFlags=0x0, pointerCount=1, historySize=0, eventTime=855700168, downTime=855700168, deviceId=0, source=0x1002 }
08-06 05:41:23.761 17284 17284 I Input   : injectMotionEvent: MotionEvent { action=ACTION_UP, actionButton=0, id[0]=0, x[0]=504.0, y[0]=1706.0, toolType[0]=TOOL_TYPE_UNKNOWN, buttonState=0, metaState=0, flags=0x0, edgeFlags=0x0, pointerCount=1, historySize=0, eventTime=855700168, downTime=855700168, deviceId=0, source=0x1002 }
08-06 05:41:23.762 17284 17284 D AndroidRuntime: Shutting down VM
08-06 05:41:23.763   512  2967 D audio_hw_primary: out_set_parameters: enter: usecase(1: low-latency-playback) kvpairs: routing=2
08-06 05:41:23.767   918  3961 I ActivityManager: START u0 {cmp=baseline.io.github.project_travel_mate/.destinations.funfacts.FunFactsActivity (has extras)} from uid 10696 on display 0
08-06 05:41:23.776   512  2967 D audio_hw_primary: select_devices: out_snd_device(2: speaker) in_snd_device(0: none)
08-06 05:41:23.776   512  2967 D msm8974_platform: platform_send_audio_calibration: sending audio calibration for snd_device(2) acdb_id(15)
08-06 05:41:23.777   512  2967 I soundtrigger: audio_extn_sound_trigger_update_device_status: device 0x2 of type 0 for Event 1
08-06 05:41:23.787   512  2967 D audio_hw_primary: enable_snd_device: snd_device(2: speaker)
08-06 05:41:23.788 16756 16819 D Gabe    : call	returning from cache
08-06 05:41:23.789   512  2967 D audio_hw_primary: enable_audio_route: apply and update mixer path: low-latency-playback speaker
08-06 05:41:23.789 16756 16756 V EXECUTING: https://project-travel-mate.herokuapp.com/api/get-city-facts/1
08-06 05:41:23.926   918   936 I ActivityManager: Displayed baseline.io.github.project_travel_mate/.destinations.funfacts.FunFactsActivity: +150ms
08-06 05:41:23.926 13866 13866 I GoogleInputMethodServic: GoogleInputMethodService.onFinishInput():3138 
08-06 05:41:23.927 13866 13866 I GoogleInputMethodServic: GoogleInputMethodService.onStartInput():1808 
08-06 05:41:23.998 16756 16821 I art     : Starting a blocking GC Explicit
08-06 05:41:24.013 17187 17187 W Atfwd_Sendcmd: AtCmdFwd service not published, waiting... retryCnt : 1
08-06 05:41:24.024 16756 16821 I art     : Explicit concurrent mark sweep GC freed 4243(286KB) AllocSpace objects, 2(40KB) LOS objects, 27% free, 42MB/58MB, paused 447us total 25.572ms
08-06 05:41:24.036 16756 16821 I art     : Starting a blocking GC Explicit
08-06 05:41:24.060 16756 16821 I art     : Explicit concurrent mark sweep GC freed 269(7KB) AllocSpace objects, 0(0B) LOS objects, 27% free, 42MB/58MB, paused 406us total 23.505ms
08-06 05:41:24.071 16756 16821 I art     : Starting a blocking GC Explicit
08-06 05:41:24.101 16756 16821 I art     : Explicit concurrent mark sweep GC freed 147(2496B) AllocSpace objects, 0(0B) LOS objects, 27% free, 42MB/58MB, paused 455us total 28.912ms
08-06 05:41:24.114 16756 16821 I art     : Starting a blocking GC Explicit
08-06 05:41:24.145 16756 16821 I art     : Explicit concurrent mark sweep GC freed 219(3KB) AllocSpace objects, 0(0B) LOS objects, 27% free, 42MB/58MB, paused 472us total 30.481ms
08-06 05:41:24.159 16756 16821 I art     : Starting a blocking GC Explicit
08-06 05:41:24.185   380   380 W SurfaceFlinger: couldn't log to binary event log: overflow.
08-06 05:41:24.189 16756 16821 I art     : Explicit concurrent mark sweep GC freed 219(3KB) AllocSpace objects, 0(0B) LOS objects, 27% free, 42MB/58MB, paused 581us total 30.091ms
08-06 05:41:24.329   512  2967 D audio_hw_primary: disable_audio_route: reset and update mixer path: low-latency-playback speaker
08-06 05:41:24.330   512  2967 D audio_hw_primary: disable_snd_device: snd_device(2: speaker)
08-06 05:41:24.339   512  2967 I soundtrigger: audio_extn_sound_trigger_update_device_status: device 0x2 of type 0 for Event 0
08-06 05:41:24.428 16756 17308 I NAPPA_EXPERIMENTATION: MetricNetworkRequestExecutionTime: REQUEST_DURATION_SYSTEM='638',REQUEST_DURATION_OKHTTP='32',REQUEST_SYNCHRONOUS='FALSE',RESPONSE_CODE='200',RESPONSE_METHOD='GET',RESPONSE_LENGTH_OKHTTP='1793',RESPONSE_LENGTH_HEADER='1793',REQUEST_PROTOCOL='http/1.1',REQUEST_URL='https://project-travel-mate.herokuapp.com/api/get-city-facts/1',
08-06 05:41:24.432 16756 17308 V EXECUTING: https://project-travel-mate.herokuapp.com/api/get-city-images/1
08-06 05:41:24.506 16756 17031 I art     : Starting a blocking GC Explicit
08-06 05:41:24.533 16756 17031 I art     : Explicit concurrent mark sweep GC freed 5556(280KB) AllocSpace objects, 5(240KB) LOS objects, 27% free, 43MB/59MB, paused 508us total 26.313ms
08-06 05:41:24.546 16756 17031 I art     : Starting a blocking GC Explicit
08-06 05:41:24.572 16756 17031 I art     : Explicit concurrent mark sweep GC freed 1095(119KB) AllocSpace objects, 0(0B) LOS objects, 27% free, 43MB/59MB, paused 645us total 26.035ms
08-06 05:41:24.584 16756 17031 I art     : Starting a blocking GC Explicit
08-06 05:41:24.609 16756 17031 I art     : Explicit concurrent mark sweep GC freed 128(2144B) AllocSpace objects, 0(0B) LOS objects, 27% free, 43MB/59MB, paused 595us total 25.341ms
08-06 05:41:24.621 16756 17031 I art     : Starting a blocking GC Explicit
08-06 05:41:24.647 16756 17031 I art     : Explicit concurrent mark sweep GC freed 123(2064B) AllocSpace objects, 0(0B) LOS objects, 27% free, 43MB/59MB, paused 868us total 25.225ms
08-06 05:41:24.659 16756 17031 I art     : Starting a blocking GC Explicit
08-06 05:41:24.684 16756 17031 I art     : Explicit concurrent mark sweep GC freed 126(2112B) AllocSpace objects, 0(0B) LOS objects, 27% free, 43MB/59MB, paused 623us total 24.765ms
08-06 05:41:24.995 16756 16769 I art     : Starting a blocking GC Explicit
08-06 05:41:25.021 16756 16769 I art     : Explicit concurrent mark sweep GC freed 4796(227KB) AllocSpace objects, 4(160KB) LOS objects, 26% free, 43MB/59MB, paused 675us total 26.064ms
08-06 05:41:25.034 16756 16769 I art     : Starting a blocking GC Explicit
08-06 05:41:25.047 16756 17330 I NAPPA_EXPERIMENTATION: MetricNetworkRequestExecutionTime: REQUEST_DURATION_SYSTEM='613',REQUEST_DURATION_OKHTTP='34',REQUEST_SYNCHRONOUS='FALSE',RESPONSE_CODE='200',RESPONSE_METHOD='GET',RESPONSE_LENGTH_OKHTTP='183',RESPONSE_LENGTH_HEADER='183',REQUEST_PROTOCOL='http/1.1',REQUEST_URL='https://project-travel-mate.herokuapp.com/api/get-city-images/1',
08-06 05:41:25.060 16756 16769 I art     : Explicit concurrent mark sweep GC freed 1159(129KB) AllocSpace objects, 1(80KB) LOS objects, 26% free, 43MB/59MB, paused 733us total 25.761ms
08-06 05:41:25.073 16756 16769 I art     : Starting a blocking GC Explicit
08-06 05:41:25.079 16756 17330 V RESPONSE: [{"id":17,"image_url":"https://upload.wikimedia.org/wikipedia/commons/9/94/%E0%B4%96%E0%B5%81%E0%B4%A4%E0%B5%8D%E0%B4%AC%E0%B5%8D_%E0%B4%AE%E0%B4%BF%E0%B4%A8%E0%B4%BE%E0%B5%BC1.jpg"}]
08-06 05:41:25.099 16756 16769 I art     : Explicit concurrent mark sweep GC freed 113(3KB) AllocSpace objects, 0(0B) LOS objects, 26% free, 43MB/59MB, paused 672us total 25.929ms
08-06 05:41:25.110 16756 16769 I art     : Starting a blocking GC Explicit
08-06 05:41:25.136 16756 16769 I art     : Explicit concurrent mark sweep GC freed 225(6KB) AllocSpace objects, 0(0B) LOS objects, 26% free, 43MB/59MB, paused 623us total 25.760ms
08-06 05:41:25.149 16756 16769 I art     : Starting a blocking GC Explicit
08-06 05:41:25.174 16756 16769 I art     : Explicit concurrent mark sweep GC freed 22(448B) AllocSpace objects, 0(0B) LOS objects, 26% free, 43MB/59MB, paused 486us total 25.132ms
08-06 05:41:25.509 16756 16821 I art     : Starting a blocking GC Explicit
08-06 05:41:25.543 16756 16821 I art     : Explicit concurrent mark sweep GC freed 6129(300KB) AllocSpace objects, 3(4MB) LOS objects, 28% free, 39MB/55MB, paused 596us total 34.145ms
08-06 05:41:25.555 16756 16821 I art     : Starting a blocking GC Explicit
08-06 05:41:25.583 16756 16821 I art     : Explicit concurrent mark sweep GC freed 303(10KB) AllocSpace objects, 0(0B) LOS objects, 28% free, 39MB/55MB, paused 473us total 27.795ms
08-06 05:41:25.596 16756 16821 I art     : Starting a blocking GC Explicit
08-06 05:41:25.623 16756 16821 I art     : Explicit concurrent mark sweep GC freed 217(3KB) AllocSpace objects, 0(0B) LOS objects, 28% free, 39MB/55MB, paused 486us total 26.914ms
08-06 05:41:25.635 16756 16821 I art     : Starting a blocking GC Explicit
08-06 05:41:25.663 16756 16821 I art     : Explicit concurrent mark sweep GC freed 149(2544B) AllocSpace objects, 0(0B) LOS objects, 28% free, 39MB/55MB, paused 471us total 27.723ms
08-06 05:41:25.675 16756 16821 I art     : Starting a blocking GC Explicit
08-06 05:41:25.704 16756 16821 I art     : Explicit concurrent mark sweep GC freed 162(2736B) AllocSpace objects, 0(0B) LOS objects, 28% free, 39MB/55MB, paused 528us total 28.489ms
08-06 05:41:26.070 16756 16769 I art     : Starting a blocking GC Explicit
08-06 05:41:26.098 16756 16769 I art     : Explicit concurrent mark sweep GC freed 3153(111KB) AllocSpace objects, 2(40KB) LOS objects, 28% free, 39MB/55MB, paused 475us total 27.357ms
08-06 05:41:26.110 16756 16769 I art     : Starting a blocking GC Explicit
08-06 05:41:26.137 16756 16769 I art     : Explicit concurrent mark sweep GC freed 182(3KB) AllocSpace objects, 0(0B) LOS objects, 28% free, 39MB/55MB, paused 504us total 27.396ms
08-06 05:41:26.150 16756 16769 I art     : Starting a blocking GC Explicit
08-06 05:41:26.177 16756 16769 I art     : Explicit concurrent mark sweep GC freed 219(3KB) AllocSpace objects, 0(0B) LOS objects, 28% free, 39MB/55MB, paused 508us total 26.625ms
08-06 05:41:26.190 16756 16769 I art     : Starting a blocking GC Explicit
08-06 05:41:26.217 16756 16769 I art     : Explicit concurrent mark sweep GC freed 147(2496B) AllocSpace objects, 0(0B) LOS objects, 28% free, 39MB/55MB, paused 473us total 27.638ms
08-06 05:41:26.230 16756 16769 I art     : Starting a blocking GC Explicit
08-06 05:41:26.257 16756 16769 I art     : Explicit concurrent mark sweep GC freed 212(3KB) AllocSpace objects, 0(0B) LOS objects, 28% free, 39MB/55MB, paused 559us total 26.709ms
08-06 05:41:26.412 17363 17363 D AndroidRuntime: >>>>>> START com.android.internal.os.RuntimeInit uid 2000 <<<<<<
08-06 05:41:26.417 17363 17363 D AndroidRuntime: CheckJNI is OFF
08-06 05:41:26.450 17363 17363 D ICU     : No timezone override file found: /data/misc/zoneinfo/current/icu/icu_tzdata.dat
08-06 05:41:26.483 17363 17363 I Radio-JNI: register_android_hardware_Radio DONE
08-06 05:41:26.505 17363 17363 D AndroidRuntime: Calling main entry com.android.commands.input.Input
08-06 05:41:26.506 17363 17363 I Input   : injectKeyEvent: KeyEvent { action=ACTION_DOWN, keyCode=KEYCODE_BACK, scanCode=0, metaState=0, flags=0x0, repeatCount=0, eventTime=855702919, downTime=855702919, deviceId=-1, source=0x101 }
08-06 05:41:26.511 17363 17363 I Input   : injectKeyEvent: KeyEvent { action=ACTION_UP, keyCode=KEYCODE_BACK, scanCode=0, metaState=0, flags=0x0, repeatCount=0, eventTime=855702919, downTime=855702919, deviceId=-1, source=0x101 }
08-06 05:41:26.516 17363 17363 D AndroidRuntime: Shutting down VM
08-06 05:41:26.544 13866 13866 I GoogleInputMethodServic: GoogleInputMethodService.onFinishInput():3138 
08-06 05:41:26.545 13866 13866 I GoogleInputMethodServic: GoogleInputMethodService.onStartInput():1808 
08-06 05:41:26.601 16756 17031 I art     : Starting a blocking GC Explicit
08-06 05:41:26.627 16756 17031 I art     : Explicit concurrent mark sweep GC freed 3123(113KB) AllocSpace objects, 2(40KB) LOS objects, 28% free, 39MB/55MB, paused 423us total 25.004ms
08-06 05:41:26.639 16756 17031 I art     : Starting a blocking GC Explicit
08-06 05:41:26.665 16756 17031 I art     : Explicit concurrent mark sweep GC freed 170(3KB) AllocSpace objects, 0(0B) LOS objects, 28% free, 39MB/55MB, paused 415us total 25.932ms
08-06 05:41:26.678 16756 17031 I art     : Starting a blocking GC Explicit
08-06 05:41:26.711 16756 17031 I art     : Explicit concurrent mark sweep GC freed 219(3KB) AllocSpace objects, 0(0B) LOS objects, 28% free, 39MB/55MB, paused 763us total 32.149ms
08-06 05:41:26.727 16756 17031 I art     : Starting a blocking GC Explicit
08-06 05:41:26.762 16756 17031 I art     : Explicit concurrent mark sweep GC freed 219(3KB) AllocSpace objects, 0(0B) LOS objects, 28% free, 39MB/55MB, paused 506us total 34.883ms
08-06 05:41:26.777 16756 17031 I art     : Starting a blocking GC Explicit
08-06 05:41:26.812 16756 17031 I art     : Explicit concurrent mark sweep GC freed 219(3KB) AllocSpace objects, 0(0B) LOS objects, 28% free, 39MB/55MB, paused 529us total 34.515ms
08-06 05:41:26.854   380   380 W SurfaceFlinger: couldn't log to binary event log: overflow.
08-06 05:41:27.147 16756 16821 I art     : Starting a blocking GC Explicit
08-06 05:41:27.180 16756 16821 I art     : Explicit concurrent mark sweep GC freed 3342(139KB) AllocSpace objects, 5(684KB) LOS objects, 29% free, 38MB/54MB, paused 524us total 32.394ms
08-06 05:41:27.193 16756 16821 I art     : Starting a blocking GC Explicit
08-06 05:41:27.221 16756 16821 I art     : Explicit concurrent mark sweep GC freed 860(37KB) AllocSpace objects, 0(0B) LOS objects, 29% free, 38MB/54MB, paused 453us total 27.915ms
08-06 05:41:27.233 16756 16821 I art     : Starting a blocking GC Explicit
08-06 05:41:27.260 16756 16821 I art     : Explicit concurrent mark sweep GC freed 4825(232KB) AllocSpace objects, 1(28KB) LOS objects, 29% free, 38MB/54MB, paused 465us total 26.901ms
08-06 05:41:27.273 16756 16821 I art     : Starting a blocking GC Explicit
08-06 05:41:27.300 16756 16821 I art     : Explicit concurrent mark sweep GC freed 99(1696B) AllocSpace objects, 0(0B) LOS objects, 29% free, 38MB/54MB, paused 468us total 27.241ms
08-06 05:41:27.313 16756 16821 I art     : Starting a blocking GC Explicit
08-06 05:41:27.340 16756 16821 I art     : Explicit concurrent mark sweep GC freed 120(2048B) AllocSpace objects, 0(0B) LOS objects, 29% free, 38MB/54MB, paused 571us total 26.570ms
08-06 05:41:27.674 16756 16768 I art     : Starting a blocking GC Explicit
08-06 05:41:27.703 16756 16768 I art     : Explicit concurrent mark sweep GC freed 2464(100KB) AllocSpace objects, 2(40KB) LOS objects, 29% free, 38MB/54MB, paused 483us total 28.380ms
08-06 05:41:27.717 16756 16768 I art     : Starting a blocking GC Explicit
08-06 05:41:27.743 16756 16768 I art     : Explicit concurrent mark sweep GC freed 166(3KB) AllocSpace objects, 0(0B) LOS objects, 29% free, 38MB/54MB, paused 442us total 25.794ms
08-06 05:41:27.756 16756 16768 I art     : Starting a blocking GC Explicit
08-06 05:41:27.781 16756 16768 I art     : Explicit concurrent mark sweep GC freed 98(1664B) AllocSpace objects, 0(0B) LOS objects, 29% free, 38MB/54MB, paused 475us total 25.304ms
08-06 05:41:27.793 16756 16768 I art     : Starting a blocking GC Explicit
08-06 05:41:27.819 16756 16768 I art     : Explicit concurrent mark sweep GC freed 100(1728B) AllocSpace objects, 0(0B) LOS objects, 29% free, 38MB/54MB, paused 456us total 25.647ms
08-06 05:41:27.831 16756 16768 I art     : Starting a blocking GC Explicit
08-06 05:41:27.857 16756 16768 I art     : Explicit concurrent mark sweep GC freed 114(1936B) AllocSpace objects, 0(0B) LOS objects, 29% free, 38MB/54MB, paused 517us total 25.046ms
08-06 05:41:28.155 17419 17419 D AndroidRuntime: >>>>>> START com.android.internal.os.RuntimeInit uid 2000 <<<<<<
08-06 05:41:28.159 17419 17419 D AndroidRuntime: CheckJNI is OFF
08-06 05:41:28.172 16756 16769 I art     : Starting a blocking GC Explicit
08-06 05:41:28.195 17419 17419 D ICU     : No timezone override file found: /data/misc/zoneinfo/current/icu/icu_tzdata.dat
08-06 05:41:28.198 16756 16769 I art     : Explicit concurrent mark sweep GC freed 2422(99KB) AllocSpace objects, 2(40KB) LOS objects, 29% free, 38MB/54MB, paused 476us total 26.446ms
08-06 05:41:28.211 16756 16769 I art     : Starting a blocking GC Explicit
08-06 05:41:28.231 17419 17419 I Radio-JNI: register_android_hardware_Radio DONE
08-06 05:41:28.237 16756 16769 I art     : Explicit concurrent mark sweep GC freed 118(2384B) AllocSpace objects, 0(0B) LOS objects, 29% free, 38MB/54MB, paused 517us total 26.450ms
08-06 05:41:28.249 16756 16769 I art     : Starting a blocking GC Explicit
08-06 05:41:28.254 17419 17419 D AndroidRuntime: Calling main entry com.android.commands.input.Input
08-06 05:41:28.255 17419 17419 I Input   : injectMotionEvent: MotionEvent { action=ACTION_DOWN, actionButton=0, id[0]=0, x[0]=504.0, y[0]=1706.0, toolType[0]=TOOL_TYPE_UNKNOWN, buttonState=0, metaState=0, flags=0x0, edgeFlags=0x0, pointerCount=1, historySize=0, eventTime=855704668, downTime=855704668, deviceId=0, source=0x1002 }
08-06 05:41:28.262 17419 17419 I Input   : injectMotionEvent: MotionEvent { action=ACTION_UP, actionButton=0, id[0]=0, x[0]=504.0, y[0]=1706.0, toolType[0]=TOOL_TYPE_UNKNOWN, buttonState=0, metaState=0, flags=0x0, edgeFlags=0x0, pointerCount=1, historySize=0, eventTime=855704668, downTime=855704668, deviceId=0, source=0x1002 }
08-06 05:41:28.264 17419 17419 D AndroidRuntime: Shutting down VM
08-06 05:41:28.266   512  2967 D audio_hw_primary: out_set_parameters: enter: usecase(1: low-latency-playback) kvpairs: routing=2
08-06 05:41:28.269   918  3961 I ActivityManager: START u0 {cmp=baseline.io.github.project_travel_mate/.destinations.funfacts.FunFactsActivity (has extras)} from uid 10696 on display 0
08-06 05:41:28.275 16756 16769 I art     : Explicit concurrent mark sweep GC freed 1181(118KB) AllocSpace objects, 0(0B) LOS objects, 29% free, 38MB/54MB, paused 528us total 25.327ms
08-06 05:41:28.279   512  2967 D audio_hw_primary: select_devices: out_snd_device(2: speaker) in_snd_device(0: none)
08-06 05:41:28.279   512  2967 D msm8974_platform: platform_send_audio_calibration: sending audio calibration for snd_device(2) acdb_id(15)
08-06 05:41:28.279   512  2967 I soundtrigger: audio_extn_sound_trigger_update_device_status: device 0x2 of type 0 for Event 1
08-06 05:41:28.287 16756 16769 I art     : Starting a blocking GC Explicit
08-06 05:41:28.290   512  2967 D audio_hw_primary: enable_snd_device: snd_device(2: speaker)
08-06 05:41:28.292   512  2967 D audio_hw_primary: enable_audio_route: apply and update mixer path: low-latency-playback speaker
08-06 05:41:28.293 16756 16819 D Gabe    : call	returning from cache
08-06 05:41:28.297 16756 16756 V EXECUTING: https://project-travel-mate.herokuapp.com/api/get-city-facts/1
08-06 05:41:28.314 16756 16769 I art     : Explicit concurrent mark sweep GC freed 1785(144KB) AllocSpace objects, 0(0B) LOS objects, 29% free, 38MB/54MB, paused 528us total 26.401ms
08-06 05:41:28.325 16756 16769 I art     : Starting a blocking GC Explicit
08-06 05:41:28.350 16756 16769 I art     : Explicit concurrent mark sweep GC freed 442(14KB) AllocSpace objects, 0(0B) LOS objects, 29% free, 38MB/54MB, paused 829us total 24.372ms
08-06 05:41:28.431   918   936 I ActivityManager: Displayed baseline.io.github.project_travel_mate/.destinations.funfacts.FunFactsActivity: +153ms
08-06 05:41:28.431 13866 13866 I GoogleInputMethodServic: GoogleInputMethodService.onFinishInput():3138 
08-06 05:41:28.432 13866 13866 I GoogleInputMethodServic: GoogleInputMethodService.onStartInput():1808 
08-06 05:41:28.640 16756 17031 I art     : Starting a blocking GC Explicit
08-06 05:41:28.667 16756 17031 I art     : Explicit concurrent mark sweep GC freed 2582(108KB) AllocSpace objects, 2(40KB) LOS objects, 27% free, 42MB/58MB, paused 502us total 25.974ms
08-06 05:41:28.679 16756 17031 I art     : Starting a blocking GC Explicit
08-06 05:41:28.690   380   380 W SurfaceFlinger: couldn't log to binary event log: overflow.
08-06 05:41:28.705 16756 17031 I art     : Explicit concurrent mark sweep GC freed 170(3KB) AllocSpace objects, 0(0B) LOS objects, 27% free, 42MB/58MB, paused 523us total 25.044ms
08-06 05:41:28.717 16756 17031 I art     : Starting a blocking GC Explicit
08-06 05:41:28.741 16756 17031 I art     : Explicit concurrent mark sweep GC freed 165(2784B) AllocSpace objects, 0(0B) LOS objects, 27% free, 42MB/58MB, paused 621us total 23.585ms
08-06 05:41:28.752 16756 17031 I art     : Starting a blocking GC Explicit
08-06 05:41:28.777 16756 17031 I art     : Explicit concurrent mark sweep GC freed 201(3KB) AllocSpace objects, 0(0B) LOS objects, 27% free, 42MB/58MB, paused 462us total 24.586ms
08-06 05:41:28.789 16756 17031 I art     : Starting a blocking GC Explicit
08-06 05:41:28.813 16756 17031 I art     : Explicit concurrent mark sweep GC freed 147(2496B) AllocSpace objects, 0(0B) LOS objects, 27% free, 42MB/58MB, paused 491us total 23.661ms
08-06 05:41:28.839   512  2967 D audio_hw_primary: disable_audio_route: reset and update mixer path: low-latency-playback speaker
08-06 05:41:28.840   512  2967 D audio_hw_primary: disable_snd_device: snd_device(2: speaker)
08-06 05:41:28.848   512  2967 I soundtrigger: audio_extn_sound_trigger_update_device_status: device 0x2 of type 0 for Event 0
08-06 05:41:29.013 17187 17187 I ServiceManager: Waiting for service AtCmdFwd...
08-06 05:41:29.131 16756 16768 I art     : Starting a blocking GC Explicit
08-06 05:41:29.145 16756 17443 I NAPPA_EXPERIMENTATION: MetricNetworkRequestExecutionTime: REQUEST_DURATION_SYSTEM='848',REQUEST_DURATION_OKHTTP='35',REQUEST_SYNCHRONOUS='FALSE',RESPONSE_CODE='200',RESPONSE_METHOD='GET',RESPONSE_LENGTH_OKHTTP='1793',RESPONSE_LENGTH_HEADER='1793',REQUEST_PROTOCOL='http/1.1',REQUEST_URL='https://project-travel-mate.herokuapp.com/api/get-city-facts/1',
08-06 05:41:29.147 16756 17443 V EXECUTING: https://project-travel-mate.herokuapp.com/api/get-city-images/1
08-06 05:41:29.159 16756 16768 I art     : Explicit concurrent mark sweep GC freed 5317(272KB) AllocSpace objects, 5(240KB) LOS objects, 26% free, 43MB/59MB, paused 738us total 27.368ms
08-06 05:41:29.171 16756 16768 I art     : Starting a blocking GC Explicit
08-06 05:41:29.197 16756 16768 I art     : Explicit concurrent mark sweep GC freed 1235(126KB) AllocSpace objects, 0(0B) LOS objects, 26% free, 43MB/59MB, paused 918us total 26.202ms
08-06 05:41:29.210 16756 16768 I art     : Starting a blocking GC Explicit
08-06 05:41:29.236 16756 16768 I art     : Explicit concurrent mark sweep GC freed 34(752B) AllocSpace objects, 0(0B) LOS objects, 26% free, 43MB/59MB, paused 819us total 26.396ms
08-06 05:41:29.248 16756 16768 I art     : Starting a blocking GC Explicit
08-06 05:41:29.275 16756 16768 I art     : Explicit concurrent mark sweep GC freed 129(2208B) AllocSpace objects, 0(0B) LOS objects, 26% free, 43MB/59MB, paused 660us total 25.910ms
08-06 05:41:29.287 16756 16768 I art     : Starting a blocking GC Explicit
08-06 05:41:29.313 16756 16768 I art     : Explicit concurrent mark sweep GC freed 21(400B) AllocSpace objects, 0(0B) LOS objects, 26% free, 43MB/59MB, paused 496us total 25.961ms
08-06 05:41:29.635 16756 16769 I art     : Starting a blocking GC Explicit
08-06 05:41:29.662 16756 16769 I art     : Explicit concurrent mark sweep GC freed 2346(97KB) AllocSpace objects, 2(40KB) LOS objects, 26% free, 43MB/59MB, paused 703us total 26.681ms
08-06 05:41:29.674 16756 16769 I art     : Starting a blocking GC Explicit
08-06 05:41:29.701 16756 16769 I art     : Explicit concurrent mark sweep GC freed 146(2928B) AllocSpace objects, 0(0B) LOS objects, 26% free, 43MB/59MB, paused 698us total 26.506ms
08-06 05:41:29.713 16756 16769 I art     : Starting a blocking GC Explicit
08-06 05:41:29.740 16756 16769 I art     : Explicit concurrent mark sweep GC freed 29(512B) AllocSpace objects, 0(0B) LOS objects, 26% free, 43MB/59MB, paused 761us total 26.556ms
08-06 05:41:29.752 16756 16769 I art     : Starting a blocking GC Explicit
08-06 05:41:29.778 16756 16769 I art     : Explicit concurrent mark sweep GC freed 127(2128B) AllocSpace objects, 0(0B) LOS objects, 26% free, 43MB/59MB, paused 663us total 26.418ms
08-06 05:41:29.791 16756 16769 I art     : Starting a blocking GC Explicit
08-06 05:41:29.818 16756 16769 I art     : Explicit concurrent mark sweep GC freed 1472(86KB) AllocSpace objects, 2(120KB) LOS objects, 26% free, 44MB/60MB, paused 1.006ms total 26.675ms
08-06 05:41:29.860 16756 17466 I NAPPA_EXPERIMENTATION: MetricNetworkRequestExecutionTime: REQUEST_DURATION_SYSTEM='711',REQUEST_DURATION_OKHTTP='33',REQUEST_SYNCHRONOUS='FALSE',RESPONSE_CODE='200',RESPONSE_METHOD='GET',RESPONSE_LENGTH_OKHTTP='183',RESPONSE_LENGTH_HEADER='183',REQUEST_PROTOCOL='http/1.1',REQUEST_URL='https://project-travel-mate.herokuapp.com/api/get-city-images/1',
08-06 05:41:29.899 16756 17466 V RESPONSE: [{"id":17,"image_url":"https://upload.wikimedia.org/wikipedia/commons/9/94/%E0%B4%96%E0%B5%81%E0%B4%A4%E0%B5%8D%E0%B4%AC%E0%B5%8D_%E0%B4%AE%E0%B4%BF%E0%B4%A8%E0%B4%BE%E0%B5%BC1.jpg"}]
08-06 05:41:30.014 17187 17187 I ServiceManager: Waiting for service AtCmdFwd...
08-06 05:41:30.180 16756 16821 I art     : Starting a blocking GC Explicit
08-06 05:41:30.214 16756 16821 I art     : Explicit concurrent mark sweep GC freed 8393(412KB) AllocSpace objects, 4(4MB) LOS objects, 28% free, 39MB/55MB, paused 562us total 33.621ms
08-06 05:41:30.227 16756 16821 I art     : Starting a blocking GC Explicit
08-06 05:41:30.255 24365 32102 I NetworkScheduler.Stats: Task com.google.android.apps.gcs/ started execution. cause:4 exec_start_elapsed_seconds: 1839094 [CONTEXT service_id=218 ]
08-06 05:41:30.256 16756 16821 I art     : Explicit concurrent mark sweep GC freed 336(14KB) AllocSpace objects, 0(0B) LOS objects, 28% free, 39MB/55MB, paused 561us total 28.876ms
08-06 05:41:30.258 16718 17489 W Gcs.WfaEliRefreshTask: [28553] afk.b: NULL eligibility response.
08-06 05:41:30.269 16756 16821 I art     : Starting a blocking GC Explicit
08-06 05:41:30.273 24365 32102 I NetworkScheduler.Stats: Task com.google.android.apps.gcs/ finished executing. cause:4 result: 3 elapsed_millis: 18 uptime_millis: 17 exec_start_elapsed_seconds: 1839094 [CONTEXT service_id=218 ]
08-06 05:41:30.294 16756 16821 I art     : Explicit concurrent mark sweep GC freed 212(3KB) AllocSpace objects, 0(0B) LOS objects, 28% free, 39MB/55MB, paused 568us total 25.213ms
08-06 05:41:30.306 16756 16821 I art     : Starting a blocking GC Explicit
08-06 05:41:30.333 16756 16821 I art     : Explicit concurrent mark sweep GC freed 154(2640B) AllocSpace objects, 0(0B) LOS objects, 28% free, 39MB/55MB, paused 493us total 27.418ms
08-06 05:41:30.345 16756 16821 I art     : Starting a blocking GC Explicit
08-06 05:41:30.371 16756 16821 I art     : Explicit concurrent mark sweep GC freed 147(2496B) AllocSpace objects, 0(0B) LOS objects, 28% free, 39MB/55MB, paused 488us total 25.428ms
08-06 05:41:30.584   518   646 I ThermalEngine: ACTION: GPU - Setting GPU[0] to 450000000
08-06 05:41:30.724 16756 17031 I art     : Starting a blocking GC Explicit
08-06 05:41:30.758 16756 17031 I art     : Explicit concurrent mark sweep GC freed 3085(110KB) AllocSpace objects, 2(40KB) LOS objects, 28% free, 39MB/55MB, paused 704us total 34.072ms
08-06 05:41:30.774 16756 17031 I art     : Starting a blocking GC Explicit
08-06 05:41:30.811 16756 17031 I art     : Explicit concurrent mark sweep GC freed 247(4KB) AllocSpace objects, 0(0B) LOS objects, 28% free, 39MB/55MB, paused 740us total 36.356ms
08-06 05:41:30.828 16756 17031 I art     : Starting a blocking GC Explicit
08-06 05:41:30.865 16756 17031 I art     : Explicit concurrent mark sweep GC freed 243(3KB) AllocSpace objects, 0(0B) LOS objects, 28% free, 39MB/55MB, paused 862us total 36.887ms
08-06 05:41:30.881 16756 17031 I art     : Starting a blocking GC Explicit
08-06 05:41:30.918 16756 17031 I art     : Explicit concurrent mark sweep GC freed 257(4KB) AllocSpace objects, 0(0B) LOS objects, 28% free, 39MB/55MB, paused 715us total 36.739ms
08-06 05:41:30.935 16756 17031 I art     : Starting a blocking GC Explicit
08-06 05:41:30.972 16756 17031 I art     : Explicit concurrent mark sweep GC freed 220(3KB) AllocSpace objects, 0(0B) LOS objects, 28% free, 39MB/55MB, paused 717us total 36.639ms
08-06 05:41:31.015 17187 17187 I ServiceManager: Waiting for service AtCmdFwd...
08-06 05:41:31.083 17490 17490 D AndroidRuntime: >>>>>> START com.android.internal.os.RuntimeInit uid 2000 <<<<<<
08-06 05:41:31.090 17490 17490 D AndroidRuntime: CheckJNI is OFF
08-06 05:41:31.133 17490 17490 D ICU     : No timezone override file found: /data/misc/zoneinfo/current/icu/icu_tzdata.dat
08-06 05:41:31.176 17490 17490 I Radio-JNI: register_android_hardware_Radio DONE
08-06 05:41:31.204 17490 17490 D AndroidRuntime: Calling main entry com.android.commands.input.Input
08-06 05:41:31.206 17490 17490 I Input   : injectKeyEvent: KeyEvent { action=ACTION_DOWN, keyCode=KEYCODE_BACK, scanCode=0, metaState=0, flags=0x0, repeatCount=0, eventTime=855707619, downTime=855707619, deviceId=-1, source=0x101 }
08-06 05:41:31.214 17490 17490 I Input   : injectKeyEvent: KeyEvent { action=ACTION_UP, keyCode=KEYCODE_BACK, scanCode=0, metaState=0, flags=0x0, repeatCount=0, eventTime=855707619, downTime=855707619, deviceId=-1, source=0x101 }
08-06 05:41:31.220 17490 17490 D AndroidRuntime: Shutting down VM
08-06 05:41:31.259 13866 13866 I GoogleInputMethodServic: GoogleInputMethodService.onFinishInput():3138 
08-06 05:41:31.261 13866 13866 I GoogleInputMethodServic: GoogleInputMethodService.onStartInput():1808 
08-06 05:41:31.359 16756 16769 I art     : Starting a blocking GC Explicit
08-06 05:41:31.407 16756 16769 I art     : Explicit concurrent mark sweep GC freed 3332(116KB) AllocSpace objects, 2(40KB) LOS objects, 28% free, 39MB/55MB, paused 757us total 47.739ms
08-06 05:41:31.429 16756 16769 I art     : Starting a blocking GC Explicit
08-06 05:41:31.473 16756 16769 I art     : Explicit concurrent mark sweep GC freed 316(5KB) AllocSpace objects, 0(0B) LOS objects, 28% free, 39MB/55MB, paused 678us total 44.015ms
08-06 05:41:31.492 16756 16769 I art     : Starting a blocking GC Explicit
08-06 05:41:31.536 16756 16769 I art     : Explicit concurrent mark sweep GC freed 290(4KB) AllocSpace objects, 0(0B) LOS objects, 28% free, 39MB/55MB, paused 754us total 43.555ms
08-06 05:41:31.554 16756 16769 I art     : Starting a blocking GC Explicit
08-06 05:41:31.576   380   380 W SurfaceFlinger: couldn't log to binary event log: overflow.
08-06 05:41:31.590 16756 16769 I art     : Explicit concurrent mark sweep GC freed 974(38KB) AllocSpace objects, 0(0B) LOS objects, 28% free, 39MB/55MB, paused 699us total 36.035ms
08-06 05:41:31.606 16756 16769 I art     : Starting a blocking GC Explicit
08-06 05:41:31.641 16756 16769 I art     : Explicit concurrent mark sweep GC freed 187(4KB) AllocSpace objects, 3(644KB) LOS objects, 29% free, 39MB/55MB, paused 685us total 34.309ms
08-06 05:41:32.006 16756 17031 I art     : Starting a blocking GC Explicit
08-06 05:41:32.015 17187 17187 I ServiceManager: Waiting for service AtCmdFwd...
08-06 05:41:32.045 16756 17031 I art     : Explicit concurrent mark sweep GC freed 8026(368KB) AllocSpace objects, 3(68KB) LOS objects, 29% free, 38MB/54MB, paused 676us total 38.238ms
08-06 05:41:32.061 16756 17031 I art     : Starting a blocking GC Explicit
08-06 05:41:32.094 16756 17031 I art     : Explicit concurrent mark sweep GC freed 182(3KB) AllocSpace objects, 0(0B) LOS objects, 29% free, 38MB/54MB, paused 793us total 32.396ms
08-06 05:41:32.110 16756 17031 I art     : Starting a blocking GC Explicit
08-06 05:41:32.143 16756 17031 I art     : Explicit concurrent mark sweep GC freed 145(2448B) AllocSpace objects, 0(0B) LOS objects, 29% free, 38MB/54MB, paused 687us total 33.115ms
08-06 05:41:32.160 16756 17031 I art     : Starting a blocking GC Explicit
08-06 05:41:32.193 16756 17031 I art     : Explicit concurrent mark sweep GC freed 148(2512B) AllocSpace objects, 0(0B) LOS objects, 29% free, 38MB/54MB, paused 679us total 32.973ms
08-06 05:41:32.209 16756 17031 I art     : Starting a blocking GC Explicit
08-06 05:41:32.242 16756 17031 I art     : Explicit concurrent mark sweep GC freed 148(2528B) AllocSpace objects, 0(0B) LOS objects, 29% free, 38MB/54MB, paused 663us total 33.091ms
08-06 05:41:32.618 16756 16768 I art     : Starting a blocking GC Explicit
08-06 05:41:32.652 16756 16768 I art     : Explicit concurrent mark sweep GC freed 2628(102KB) AllocSpace objects, 2(40KB) LOS objects, 29% free, 38MB/54MB, paused 684us total 33.324ms
08-06 05:41:32.668 16756 16768 I art     : Starting a blocking GC Explicit
08-06 05:41:32.701 16756 16768 I art     : Explicit concurrent mark sweep GC freed 166(3KB) AllocSpace objects, 0(0B) LOS objects, 29% free, 38MB/54MB, paused 715us total 32.291ms
08-06 05:41:32.717 16756 16768 I art     : Starting a blocking GC Explicit
08-06 05:41:32.750 16756 16768 I art     : Explicit concurrent mark sweep GC freed 147(2496B) AllocSpace objects, 0(0B) LOS objects, 29% free, 38MB/54MB, paused 685us total 32.865ms
08-06 05:41:32.766 16756 16768 I art     : Starting a blocking GC Explicit
08-06 05:41:32.799 16756 16768 I art     : Explicit concurrent mark sweep GC freed 147(2496B) AllocSpace objects, 0(0B) LOS objects, 29% free, 38MB/54MB, paused 731us total 32.826ms
08-06 05:41:32.815 16756 16768 I art     : Starting a blocking GC Explicit
08-06 05:41:32.848 16756 16768 I art     : Explicit concurrent mark sweep GC freed 139(2352B) AllocSpace objects, 0(0B) LOS objects, 29% free, 38MB/54MB, paused 737us total 32.875ms
08-06 05:41:33.015 17542 17542 D AndroidRuntime: >>>>>> START com.android.internal.os.RuntimeInit uid 2000 <<<<<<
08-06 05:41:33.016 17187 17187 I ServiceManager: Waiting for service AtCmdFwd...
08-06 05:41:33.021 17542 17542 D AndroidRuntime: CheckJNI is OFF
08-06 05:41:33.063 17542 17542 D ICU     : No timezone override file found: /data/misc/zoneinfo/current/icu/icu_tzdata.dat
08-06 05:41:33.104 17542 17542 I Radio-JNI: register_android_hardware_Radio DONE
08-06 05:41:33.132 17542 17542 D AndroidRuntime: Calling main entry com.android.commands.input.Input
08-06 05:41:33.134 17542 17542 I Input   : injectMotionEvent: MotionEvent { action=ACTION_DOWN, actionButton=0, id[0]=0, x[0]=693.0, y[0]=1450.0, toolType[0]=TOOL_TYPE_UNKNOWN, buttonState=0, metaState=0, flags=0x0, edgeFlags=0x0, pointerCount=1, historySize=0, eventTime=855709547, downTime=855709547, deviceId=0, source=0x1002 }
08-06 05:41:33.138 17542 17542 I Input   : injectMotionEvent: MotionEvent { action=ACTION_UP, actionButton=0, id[0]=0, x[0]=693.0, y[0]=1450.0, toolType[0]=TOOL_TYPE_UNKNOWN, buttonState=0, metaState=0, flags=0x0, edgeFlags=0x0, pointerCount=1, historySize=0, eventTime=855709547, downTime=855709547, deviceId=0, source=0x1002 }
08-06 05:41:33.139 17542 17542 D AndroidRuntime: Shutting down VM
08-06 05:41:33.140   918  5952 I ActivityManager: START u0 {cmp=baseline.io.github.project_travel_mate/.destinations.description.CityHistoryActivity} from uid 10696 on display 0
08-06 05:41:33.141   512  2967 D audio_hw_primary: out_set_parameters: enter: usecase(1: low-latency-playback) kvpairs: routing=2
08-06 05:41:33.155   512  2967 D audio_hw_primary: select_devices: out_snd_device(2: speaker) in_snd_device(0: none)
08-06 05:41:33.155   512  2967 D msm8974_platform: platform_send_audio_calibration: sending audio calibration for snd_device(2) acdb_id(15)
08-06 05:41:33.155   512  2967 I soundtrigger: audio_extn_sound_trigger_update_device_status: device 0x2 of type 0 for Event 1
08-06 05:41:33.167   512  2967 D audio_hw_primary: enable_snd_device: snd_device(2: speaker)
08-06 05:41:33.170   512  2967 D audio_hw_primary: enable_audio_route: apply and update mixer path: low-latency-playback speaker
08-06 05:41:33.173 16756 16819 D Gabe    : call	returning from cache
08-06 05:41:33.175 16756 16756 V EXECUTING: https://project-travel-mate.herokuapp.com/api/get-city-information/1
08-06 05:41:33.237 16756 17031 I art     : Starting a blocking GC Explicit
08-06 05:41:33.278 16756 17031 I art     : Explicit concurrent mark sweep GC freed 3351(154KB) AllocSpace objects, 2(40KB) LOS objects, 27% free, 43MB/59MB, paused 2.386ms total 41.402ms
08-06 05:41:33.295 16756 17031 I art     : Starting a blocking GC Explicit
08-06 05:41:33.328 16756 17031 I art     : Explicit concurrent mark sweep GC freed 305(15KB) AllocSpace objects, 0(0B) LOS objects, 27% free, 43MB/59MB, paused 760us total 33.215ms
08-06 05:41:33.345 16756 17031 I art     : Starting a blocking GC Explicit
08-06 05:41:33.350 13866 13866 I GoogleInputMethodServic: GoogleInputMethodService.onFinishInput():3138 
08-06 05:41:33.351   918   936 I ActivityManager: Displayed baseline.io.github.project_travel_mate/.destinations.description.CityHistoryActivity: +202ms
08-06 05:41:33.351 13866 13866 I GoogleInputMethodServic: GoogleInputMethodService.onStartInput():1808 
08-06 05:41:33.379 16756 17031 I art     : Explicit concurrent mark sweep GC freed 143(3KB) AllocSpace objects, 0(0B) LOS objects, 27% free, 43MB/59MB, paused 972us total 33.969ms
08-06 05:41:33.396 16756 17031 I art     : Starting a blocking GC Explicit
08-06 05:41:33.432 16756 17031 I art     : Explicit concurrent mark sweep GC freed 22(432B) AllocSpace objects, 0(0B) LOS objects, 27% free, 43MB/59MB, paused 855us total 35.986ms
08-06 05:41:33.448 16756 17031 I art     : Starting a blocking GC Explicit
08-06 05:41:33.481 16756 17031 I art     : Explicit concurrent mark sweep GC freed 290(4KB) AllocSpace objects, 0(0B) LOS objects, 27% free, 43MB/59MB, paused 808us total 32.408ms
08-06 05:41:33.596   380   380 W SurfaceFlinger: couldn't log to binary event log: overflow.
08-06 05:41:33.708   512  2967 D audio_hw_primary: disable_audio_route: reset and update mixer path: low-latency-playback speaker
08-06 05:41:33.709   512  2967 D audio_hw_primary: disable_snd_device: snd_device(2: speaker)
08-06 05:41:33.716   512  2967 I soundtrigger: audio_extn_sound_trigger_update_device_status: device 0x2 of type 0 for Event 0
08-06 05:41:33.835 16756 16769 I art     : Starting a blocking GC Explicit
08-06 05:41:33.868 16756 16769 I art     : Explicit concurrent mark sweep GC freed 2706(106KB) AllocSpace objects, 2(40KB) LOS objects, 26% free, 43MB/59MB, paused 888us total 33.613ms
08-06 05:41:33.885 16756 16769 I art     : Starting a blocking GC Explicit
08-06 05:41:33.919 16756 16769 I art     : Explicit concurrent mark sweep GC freed 157(3KB) AllocSpace objects, 0(0B) LOS objects, 26% free, 43MB/59MB, paused 940us total 33.025ms
08-06 05:41:33.935 16756 16769 I art     : Starting a blocking GC Explicit
08-06 05:41:33.967 16756 16769 I art     : Explicit concurrent mark sweep GC freed 23(416B) AllocSpace objects, 0(0B) LOS objects, 26% free, 43MB/59MB, paused 869us total 32.392ms
08-06 05:41:33.984 16756 16769 I art     : Starting a blocking GC Explicit
08-06 05:41:34.016 17187 17187 W Atfwd_Sendcmd: AtCmdFwd service not published, waiting... retryCnt : 2
08-06 05:41:34.020 16756 16769 I art     : Explicit concurrent mark sweep GC freed 2499(127KB) AllocSpace objects, 3(200KB) LOS objects, 26% free, 43MB/59MB, paused 1.355ms total 35.440ms
08-06 05:41:34.035 16756 16769 I art     : Starting a blocking GC Explicit
08-06 05:41:34.063 16756 17568 I NAPPA_EXPERIMENTATION: MetricNetworkRequestExecutionTime: REQUEST_DURATION_SYSTEM='886',REQUEST_DURATION_OKHTTP='40',REQUEST_SYNCHRONOUS='FALSE',RESPONSE_CODE='200',RESPONSE_METHOD='GET',RESPONSE_LENGTH_OKHTTP='55024',RESPONSE_LENGTH_HEADER='55024',REQUEST_PROTOCOL='http/1.1',REQUEST_URL='https://project-travel-mate.herokuapp.com/api/get-city-information/1',
08-06 05:41:34.069 16756 16769 I art     : Explicit concurrent mark sweep GC freed 1359(135KB) AllocSpace objects, 0(0B) LOS objects, 26% free, 43MB/59MB, paused 933us total 33.648ms
08-06 05:41:34.209 13866 13866 I GoogleInputMethodServic: GoogleInputMethodService.onFinishInput():3138 
08-06 05:41:34.209 13866 13866 I GoogleInputMethodServic: GoogleInputMethodService.onStartInput():1808 
08-06 05:41:34.434 16756 16769 I art     : Starting a blocking GC Explicit
08-06 05:41:34.477 16756 16769 I art     : Explicit concurrent mark sweep GC freed 4232(1320KB) AllocSpace objects, 22(4MB) LOS objects, 28% free, 39MB/55MB, paused 707us total 42.749ms
08-06 05:41:34.493 16756 16769 I art     : Starting a blocking GC Explicit
08-06 05:41:34.529 16756 16769 I art     : Explicit concurrent mark sweep GC freed 283(6KB) AllocSpace objects, 0(0B) LOS objects, 28% free, 39MB/55MB, paused 706us total 35.141ms
08-06 05:41:34.545 16756 16769 I art     : Starting a blocking GC Explicit
08-06 05:41:34.580 16756 16769 I art     : Explicit concurrent mark sweep GC freed 218(3KB) AllocSpace objects, 0(0B) LOS objects, 28% free, 39MB/55MB, paused 726us total 34.639ms
08-06 05:41:34.596 16756 16769 I art     : Starting a blocking GC Explicit
08-06 05:41:34.633 16756 16769 I art     : Explicit concurrent mark sweep GC freed 278(4KB) AllocSpace objects, 0(0B) LOS objects, 28% free, 39MB/55MB, paused 842us total 36.200ms
08-06 05:41:34.649 16756 16769 I art     : Starting a blocking GC Explicit
08-06 05:41:34.684 16756 16769 I art     : Explicit concurrent mark sweep GC freed 232(3KB) AllocSpace objects, 0(0B) LOS objects, 28% free, 39MB/55MB, paused 749us total 34.748ms
08-06 05:41:35.073 16756 16769 I art     : Starting a blocking GC Explicit
08-06 05:41:35.113 16756 16769 I art     : Explicit concurrent mark sweep GC freed 3271(114KB) AllocSpace objects, 2(40KB) LOS objects, 28% free, 39MB/55MB, paused 737us total 39.456ms
08-06 05:41:35.130 16756 16769 I art     : Starting a blocking GC Explicit
08-06 05:41:35.169 16756 16769 I art     : Explicit concurrent mark sweep GC freed 324(6KB) AllocSpace objects, 0(0B) LOS objects, 28% free, 39MB/55MB, paused 756us total 38.651ms
08-06 05:41:35.186 16756 16769 I art     : Starting a blocking GC Explicit
08-06 05:41:35.226 16756 16769 I art     : Explicit concurrent mark sweep GC freed 221(3KB) AllocSpace objects, 0(0B) LOS objects, 28% free, 39MB/55MB, paused 740us total 39.884ms
08-06 05:41:35.243 16756 16769 I art     : Starting a blocking GC Explicit
08-06 05:41:35.281 16756 16769 I art     : Explicit concurrent mark sweep GC freed 219(3KB) AllocSpace objects, 0(0B) LOS objects, 28% free, 39MB/55MB, paused 811us total 37.873ms
08-06 05:41:35.298 16756 16769 I art     : Starting a blocking GC Explicit
08-06 05:41:35.334 16756 16769 I art     : Explicit concurrent mark sweep GC freed 244(3KB) AllocSpace objects, 0(0B) LOS objects, 28% free, 39MB/55MB, paused 857us total 35.160ms
08-06 05:41:35.743 16756 16821 I art     : Starting a blocking GC Explicit
08-06 05:41:35.784 16756 16821 I art     : Explicit concurrent mark sweep GC freed 3359(114KB) AllocSpace objects, 2(40KB) LOS objects, 28% free, 39MB/55MB, paused 800us total 40.920ms
08-06 05:41:35.802 16756 16821 I art     : Starting a blocking GC Explicit
08-06 05:41:35.841 16756 16821 I art     : Explicit concurrent mark sweep GC freed 297(5KB) AllocSpace objects, 0(0B) LOS objects, 28% free, 39MB/55MB, paused 731us total 38.572ms
08-06 05:41:35.858 16756 16821 I art     : Starting a blocking GC Explicit
08-06 05:41:35.894 16756 16821 I art     : Explicit concurrent mark sweep GC freed 220(3KB) AllocSpace objects, 0(0B) LOS objects, 28% free, 39MB/55MB, paused 694us total 35.821ms
08-06 05:41:35.911 16756 16821 I art     : Starting a blocking GC Explicit
08-06 05:41:35.950 16756 16821 I art     : Explicit concurrent mark sweep GC freed 228(3KB) AllocSpace objects, 0(0B) LOS objects, 28% free, 39MB/55MB, paused 795us total 39.258ms
08-06 05:41:35.967 16756 16821 I art     : Starting a blocking GC Explicit
08-06 05:41:36.006 16756 16821 I art     : Explicit concurrent mark sweep GC freed 274(4KB) AllocSpace objects, 0(0B) LOS objects, 28% free, 39MB/55MB, paused 857us total 38.980ms
08-06 05:41:36.085   918  3261 D WifiStateMachine: starting scan for "H369AA63323"WPA_PSK with 2412,5180
08-06 05:41:36.409 16756 17031 I art     : Starting a blocking GC Explicit
08-06 05:41:36.451 16756 17031 I art     : Explicit concurrent mark sweep GC freed 3314(113KB) AllocSpace objects, 2(40KB) LOS objects, 28% free, 39MB/55MB, paused 798us total 41.294ms
08-06 05:41:36.472 16756 17031 I art     : Starting a blocking GC Explicit
08-06 05:41:36.510 16756 17031 I art     : Explicit concurrent mark sweep GC freed 305(5KB) AllocSpace objects, 0(0B) LOS objects, 28% free, 39MB/55MB, paused 700us total 37.543ms
08-06 05:41:36.526 16756 17031 I art     : Starting a blocking GC Explicit
08-06 05:41:36.564 16756 17031 I art     : Explicit concurrent mark sweep GC freed 220(3KB) AllocSpace objects, 0(0B) LOS objects, 28% free, 39MB/55MB, paused 713us total 37.622ms
08-06 05:41:36.581 16756 17031 I art     : Starting a blocking GC Explicit
08-06 05:41:36.592   518   646 I ThermalEngine: ACTION: GPU - Setting GPU[0] to 510000000
08-06 05:41:36.617 16756 17031 I art     : Explicit concurrent mark sweep GC freed 221(3KB) AllocSpace objects, 0(0B) LOS objects, 28% free, 39MB/55MB, paused 939us total 36.578ms
08-06 05:41:36.633 16756 17031 I art     : Starting a blocking GC Explicit
08-06 05:41:36.663 16756 17031 I art     : Explicit concurrent mark sweep GC freed 216(3KB) AllocSpace objects, 0(0B) LOS objects, 28% free, 39MB/55MB, paused 584us total 29.667ms
08-06 05:41:37.020 16756 16768 I art     : Starting a blocking GC Explicit
08-06 05:41:37.052 16756 16768 I art     : Explicit concurrent mark sweep GC freed 3096(110KB) AllocSpace objects, 2(40KB) LOS objects, 28% free, 39MB/55MB, paused 596us total 31.738ms
08-06 05:41:37.068 16756 16768 I art     : Starting a blocking GC Explicit
08-06 05:41:37.096 16756 16768 I art     : Explicit concurrent mark sweep GC freed 226(4KB) AllocSpace objects, 0(0B) LOS objects, 28% free, 39MB/55MB, paused 536us total 27.404ms
08-06 05:41:37.108 16756 16768 I art     : Starting a blocking GC Explicit
08-06 05:41:37.136 16756 16768 I art     : Explicit concurrent mark sweep GC freed 189(3KB) AllocSpace objects, 0(0B) LOS objects, 28% free, 39MB/55MB, paused 620us total 28.005ms
08-06 05:41:37.149 16756 16768 I art     : Starting a blocking GC Explicit
08-06 05:41:37.178 16756 16768 I art     : Explicit concurrent mark sweep GC freed 177(2992B) AllocSpace objects, 0(0B) LOS objects, 28% free, 39MB/55MB, paused 540us total 28.986ms
08-06 05:41:37.190 16756 16768 I art     : Starting a blocking GC Explicit
08-06 05:41:37.218 16756 16768 I art     : Explicit concurrent mark sweep GC freed 165(2800B) AllocSpace objects, 0(0B) LOS objects, 28% free, 39MB/55MB, paused 572us total 27.916ms
08-06 05:41:37.553 16756 16769 I art     : Starting a blocking GC Explicit
08-06 05:41:37.584 16756 16769 I art     : Explicit concurrent mark sweep GC freed 2996(108KB) AllocSpace objects, 2(40KB) LOS objects, 28% free, 39MB/55MB, paused 583us total 29.881ms
08-06 05:41:37.596 16756 16769 I art     : Starting a blocking GC Explicit
08-06 05:41:37.625 16756 16769 I art     : Explicit concurrent mark sweep GC freed 238(4KB) AllocSpace objects, 0(0B) LOS objects, 28% free, 39MB/55MB, paused 527us total 28.488ms
08-06 05:41:37.637 16756 16769 I art     : Starting a blocking GC Explicit
08-06 05:41:37.666 16756 16769 I art     : Explicit concurrent mark sweep GC freed 146(2464B) AllocSpace objects, 0(0B) LOS objects, 28% free, 39MB/55MB, paused 591us total 28.284ms
08-06 05:41:37.678 16756 16769 I art     : Starting a blocking GC Explicit
08-06 05:41:37.707 16756 16769 I art     : Explicit concurrent mark sweep GC freed 212(3KB) AllocSpace objects, 0(0B) LOS objects, 28% free, 39MB/55MB, paused 622us total 28.276ms
08-06 05:41:37.719 16756 16769 I art     : Starting a blocking GC Explicit
08-06 05:41:37.748 16756 16769 I art     : Explicit concurrent mark sweep GC freed 154(2608B) AllocSpace objects, 0(0B) LOS objects, 28% free, 39MB/55MB, paused 565us total 28.457ms
08-06 05:41:37.805 17635 17635 D AndroidRuntime: >>>>>> START com.android.internal.os.RuntimeInit uid 2000 <<<<<<
08-06 05:41:37.809 17635 17635 D AndroidRuntime: CheckJNI is OFF
08-06 05:41:37.842 17635 17635 D ICU     : No timezone override file found: /data/misc/zoneinfo/current/icu/icu_tzdata.dat
08-06 05:41:37.875 17635 17635 I Radio-JNI: register_android_hardware_Radio DONE
08-06 05:41:37.897 17635 17635 D AndroidRuntime: Calling main entry com.android.commands.input.Input
08-06 05:41:37.899 17635 17635 I Input   : injectKeyEvent: KeyEvent { action=ACTION_DOWN, keyCode=KEYCODE_BACK, scanCode=0, metaState=0, flags=0x0, repeatCount=0, eventTime=855714312, downTime=855714312, deviceId=-1, source=0x101 }
08-06 05:41:37.906 17635 17635 I Input   : injectKeyEvent: KeyEvent { action=ACTION_UP, keyCode=KEYCODE_BACK, scanCode=0, metaState=0, flags=0x0, repeatCount=0, eventTime=855714312, downTime=855714312, deviceId=-1, source=0x101 }
08-06 05:41:37.912 17635 17635 D AndroidRuntime: Shutting down VM
08-06 05:41:37.946 13866 13866 I GoogleInputMethodServic: GoogleInputMethodService.onFinishInput():3138 
08-06 05:41:37.947 13866 13866 I GoogleInputMethodServic: GoogleInputMethodService.onStartInput():1808 
08-06 05:41:38.064 16756 17031 I art     : Starting a blocking GC Explicit
08-06 05:41:38.102 16756 17031 I art     : Explicit concurrent mark sweep GC freed 3076(112KB) AllocSpace objects, 2(40KB) LOS objects, 28% free, 39MB/55MB, paused 656us total 37.248ms
08-06 05:41:38.119 16756 17031 I art     : Starting a blocking GC Explicit
08-06 05:41:38.155 16756 17031 I art     : Explicit concurrent mark sweep GC freed 303(5KB) AllocSpace objects, 0(0B) LOS objects, 28% free, 39MB/55MB, paused 650us total 34.776ms
08-06 05:41:38.170 16756 17031 I art     : Starting a blocking GC Explicit
08-06 05:41:38.205 16756 17031 I art     : Explicit concurrent mark sweep GC freed 218(3KB) AllocSpace objects, 0(0B) LOS objects, 28% free, 39MB/55MB, paused 695us total 34.371ms
08-06 05:41:38.221 16756 17031 I art     : Starting a blocking GC Explicit
08-06 05:41:38.250   380   380 W SurfaceFlinger: couldn't log to binary event log: overflow.
08-06 05:41:38.252 16756 17031 I art     : Explicit concurrent mark sweep GC freed 151(2576B) AllocSpace objects, 0(0B) LOS objects, 28% free, 39MB/55MB, paused 658us total 29.825ms
08-06 05:41:38.265 16756 17031 I art     : Starting a blocking GC Explicit
08-06 05:41:38.292 16756 17031 I art     : Explicit concurrent mark sweep GC freed 194(3KB) AllocSpace objects, 2(364KB) LOS objects, 28% free, 39MB/55MB, paused 538us total 26.262ms
08-06 05:41:38.618 16756 16769 I art     : Starting a blocking GC Explicit
08-06 05:41:38.650 16756 16769 I art     : Explicit concurrent mark sweep GC freed 7135(438KB) AllocSpace objects, 9(172KB) LOS objects, 29% free, 38MB/54MB, paused 585us total 31.086ms
08-06 05:41:38.664 16756 16769 I art     : Starting a blocking GC Explicit
08-06 05:41:38.691 16756 16769 I art     : Explicit concurrent mark sweep GC freed 167(3KB) AllocSpace objects, 0(0B) LOS objects, 29% free, 38MB/54MB, paused 528us total 26.923ms
08-06 05:41:38.704 16756 16769 I art     : Starting a blocking GC Explicit
08-06 05:41:38.730 16756 16769 I art     : Explicit concurrent mark sweep GC freed 99(1696B) AllocSpace objects, 0(0B) LOS objects, 29% free, 38MB/54MB, paused 522us total 26.522ms
08-06 05:41:38.742 16756 16769 I art     : Starting a blocking GC Explicit
08-06 05:41:38.769 16756 16769 I art     : Explicit concurrent mark sweep GC freed 146(2464B) AllocSpace objects, 0(0B) LOS objects, 29% free, 38MB/54MB, paused 572us total 27.156ms
08-06 05:41:38.782 16756 16769 I art     : Starting a blocking GC Explicit
08-06 05:41:38.810 16756 16769 I art     : Explicit concurrent mark sweep GC freed 100(1728B) AllocSpace objects, 0(0B) LOS objects, 29% free, 38MB/54MB, paused 535us total 27.560ms
08-06 05:41:39.136 16756 16768 I art     : Starting a blocking GC Explicit
08-06 05:41:39.165 16756 16768 I art     : Explicit concurrent mark sweep GC freed 2436(99KB) AllocSpace objects, 2(40KB) LOS objects, 29% free, 38MB/54MB, paused 497us total 28.980ms
08-06 05:41:39.178 16756 16768 I art     : Starting a blocking GC Explicit
08-06 05:41:39.203 16756 16768 I art     : Explicit concurrent mark sweep GC freed 149(2880B) AllocSpace objects, 0(0B) LOS objects, 29% free, 38MB/54MB, paused 608us total 24.364ms
08-06 05:41:39.214 16756 16768 I art     : Starting a blocking GC Explicit
08-06 05:41:39.239 16756 16768 I art     : Explicit concurrent mark sweep GC freed 116(2000B) AllocSpace objects, 0(0B) LOS objects, 29% free, 38MB/54MB, paused 503us total 24.661ms
08-06 05:41:39.251 16756 16768 I art     : Starting a blocking GC Explicit
08-06 05:41:39.275 16756 16768 I art     : Explicit concurrent mark sweep GC freed 98(1664B) AllocSpace objects, 0(0B) LOS objects, 29% free, 38MB/54MB, paused 511us total 23.949ms
08-06 05:41:39.286 16756 16768 I art     : Starting a blocking GC Explicit
08-06 05:41:39.311 16756 16768 I art     : Explicit concurrent mark sweep GC freed 100(1728B) AllocSpace objects, 0(0B) LOS objects, 29% free, 38MB/54MB, paused 504us total 24.183ms
08-06 05:41:39.547 17689 17689 D AndroidRuntime: >>>>>> START com.android.internal.os.RuntimeInit uid 2000 <<<<<<
08-06 05:41:39.552 17689 17689 D AndroidRuntime: CheckJNI is OFF
08-06 05:41:39.584 17689 17689 D ICU     : No timezone override file found: /data/misc/zoneinfo/current/icu/icu_tzdata.dat
08-06 05:41:39.615 17689 17689 I Radio-JNI: register_android_hardware_Radio DONE
08-06 05:41:39.634 16756 16821 I art     : Starting a blocking GC Explicit
08-06 05:41:39.637 17689 17689 D AndroidRuntime: Calling main entry com.android.commands.input.Input
08-06 05:41:39.638 17689 17689 I Input   : injectKeyEvent: KeyEvent { action=ACTION_DOWN, keyCode=KEYCODE_BACK, scanCode=0, metaState=0, flags=0x0, repeatCount=0, eventTime=855716051, downTime=855716051, deviceId=-1, source=0x101 }
08-06 05:41:39.642 17689 17689 I Input   : injectKeyEvent: KeyEvent { action=ACTION_UP, keyCode=KEYCODE_BACK, scanCode=0, metaState=0, flags=0x0, repeatCount=0, eventTime=855716051, downTime=855716051, deviceId=-1, source=0x101 }
08-06 05:41:39.647 17689 17689 D AndroidRuntime: Shutting down VM
08-06 05:41:39.655 16756 16756 V MainActivity: url = https://project-travel-mate.herokuapp.com/api/number-of-unread-notifications
08-06 05:41:39.661 16756 16821 I art     : Explicit concurrent mark sweep GC freed 2756(112KB) AllocSpace objects, 2(40KB) LOS objects, 29% free, 38MB/54MB, paused 789us total 26.762ms
08-06 05:41:39.672 16756 16821 I art     : Starting a blocking GC Explicit
08-06 05:41:39.686 13866 13866 I GoogleInputMethodServic: GoogleInputMethodService.onFinishInput():3138 
08-06 05:41:39.687 13866 13866 I GoogleInputMethodServic: GoogleInputMethodService.onStartInput():1808 
08-06 05:41:39.699 16756 16821 I art     : Explicit concurrent mark sweep GC freed 216(7KB) AllocSpace objects, 0(0B) LOS objects, 29% free, 38MB/54MB, paused 725us total 26.279ms
08-06 05:41:39.712 16756 16821 I art     : Starting a blocking GC Explicit
08-06 05:41:39.738 16756 16821 I art     : Explicit concurrent mark sweep GC freed 280(9KB) AllocSpace objects, 0(0B) LOS objects, 29% free, 38MB/54MB, paused 640us total 25.012ms
08-06 05:41:39.749 16756 16821 I art     : Starting a blocking GC Explicit
08-06 05:41:39.773 16756 16821 I art     : Explicit concurrent mark sweep GC freed 118(3KB) AllocSpace objects, 0(0B) LOS objects, 29% free, 38MB/54MB, paused 529us total 24.107ms
08-06 05:41:39.785 16756 16821 I art     : Starting a blocking GC Explicit
08-06 05:41:39.810 16756 16821 I art     : Explicit concurrent mark sweep GC freed 98(1664B) AllocSpace objects, 0(0B) LOS objects, 29% free, 38MB/54MB, paused 518us total 24.731ms
08-06 05:41:40.133 16756 17031 I art     : Starting a blocking GC Explicit
08-06 05:41:40.167 16756 17031 I art     : Explicit concurrent mark sweep GC freed 4801(229KB) AllocSpace objects, 5(240KB) LOS objects, 29% free, 39MB/55MB, paused 949us total 33.359ms
08-06 05:41:40.179 16756 17031 I art     : Starting a blocking GC Explicit
08-06 05:41:40.198 16756 17712 I NAPPA_EXPERIMENTATION: MetricNetworkRequestExecutionTime: REQUEST_DURATION_SYSTEM='543',REQUEST_DURATION_OKHTTP='35',REQUEST_SYNCHRONOUS='FALSE',RESPONSE_CODE='200',RESPONSE_METHOD='GET',RESPONSE_LENGTH_OKHTTP='36',RESPONSE_LENGTH_HEADER='36',REQUEST_PROTOCOL='http/1.1',REQUEST_URL='https://project-travel-mate.herokuapp.com/api/number-of-unread-notifications',
08-06 05:41:40.207 16756 17031 I art     : Explicit concurrent mark sweep GC freed 1283(136KB) AllocSpace objects, 0(0B) LOS objects, 29% free, 39MB/55MB, paused 657us total 28.025ms
08-06 05:41:40.219 16756 17031 I art     : Starting a blocking GC Explicit
08-06 05:41:40.248 16756 17031 I art     : Explicit concurrent mark sweep GC freed 92(2592B) AllocSpace objects, 0(0B) LOS objects, 29% free, 39MB/55MB, paused 595us total 28.870ms
08-06 05:41:40.261 16756 17031 I art     : Starting a blocking GC Explicit
08-06 05:41:40.289 16756 17031 I art     : Explicit concurrent mark sweep GC freed 158(4KB) AllocSpace objects, 0(0B) LOS objects, 29% free, 39MB/55MB, paused 663us total 28.588ms
08-06 05:41:40.302 16756 17031 I art     : Starting a blocking GC Explicit
08-06 05:41:40.331 16756 17031 I art     : Explicit concurrent mark sweep GC freed 50(864B) AllocSpace objects, 0(0B) LOS objects, 29% free, 39MB/55MB, paused 597us total 28.815ms
08-06 05:41:40.657 16756 16768 I art     : Starting a blocking GC Explicit
08-06 05:41:40.688 16756 16768 I art     : Explicit concurrent mark sweep GC freed 1946(91KB) AllocSpace objects, 2(40KB) LOS objects, 29% free, 39MB/55MB, paused 797us total 30.487ms
08-06 05:41:40.701 16756 16768 I art     : Starting a blocking GC Explicit
08-06 05:41:40.729 16756 16768 I art     : Explicit concurrent mark sweep GC freed 81(1776B) AllocSpace objects, 0(0B) LOS objects, 29% free, 39MB/55MB, paused 585us total 28.190ms
08-06 05:41:40.742 16756 16768 I art     : Starting a blocking GC Explicit
08-06 05:41:40.770 16756 16768 I art     : Explicit concurrent mark sweep GC freed 51(896B) AllocSpace objects, 0(0B) LOS objects, 29% free, 39MB/55MB, paused 657us total 28.474ms
08-06 05:41:40.783 16756 16768 I art     : Starting a blocking GC Explicit
08-06 05:41:40.813 16756 16768 I art     : Explicit concurrent mark sweep GC freed 75(1296B) AllocSpace objects, 0(0B) LOS objects, 29% free, 39MB/55MB, paused 647us total 29.640ms
08-06 05:41:40.825 16756 16768 I art     : Starting a blocking GC Explicit
08-06 05:41:40.855 16756 16768 I art     : Explicit concurrent mark sweep GC freed 85(1904B) AllocSpace objects, 0(0B) LOS objects, 29% free, 39MB/55MB, paused 627us total 29.189ms
08-06 05:41:41.171 16756 16769 I art     : Starting a blocking GC Explicit
08-06 05:41:41.200 16756 16769 I art     : Explicit concurrent mark sweep GC freed 1920(91KB) AllocSpace objects, 2(40KB) LOS objects, 29% free, 39MB/55MB, paused 598us total 28.055ms
08-06 05:41:41.212 16756 16769 I art     : Starting a blocking GC Explicit
08-06 05:41:41.240 16756 16769 I art     : Explicit concurrent mark sweep GC freed 90(1904B) AllocSpace objects, 0(0B) LOS objects, 29% free, 39MB/55MB, paused 639us total 28.137ms
08-06 05:41:41.253 16756 16769 I art     : Starting a blocking GC Explicit
08-06 05:41:41.284 16756 16769 I art     : Explicit concurrent mark sweep GC freed 56(1008B) AllocSpace objects, 0(0B) LOS objects, 29% free, 39MB/55MB, paused 639us total 30.179ms
08-06 05:41:41.292 17734 17734 D AndroidRuntime: >>>>>> START com.android.internal.os.RuntimeInit uid 2000 <<<<<<
08-06 05:41:41.297 17734 17734 D AndroidRuntime: CheckJNI is OFF
08-06 05:41:41.297 16756 16769 I art     : Starting a blocking GC Explicit
08-06 05:41:41.325 16756 16769 I art     : Explicit concurrent mark sweep GC freed 80(1456B) AllocSpace objects, 0(0B) LOS objects, 29% free, 39MB/55MB, paused 727us total 27.491ms
08-06 05:41:41.331 17734 17734 D ICU     : No timezone override file found: /data/misc/zoneinfo/current/icu/icu_tzdata.dat
08-06 05:41:41.337 16756 16769 I art     : Starting a blocking GC Explicit
08-06 05:41:41.364 16756 16769 I art     : Explicit concurrent mark sweep GC freed 55(1024B) AllocSpace objects, 0(0B) LOS objects, 29% free, 39MB/55MB, paused 743us total 26.669ms
08-06 05:41:41.365 17734 17734 I Radio-JNI: register_android_hardware_Radio DONE
08-06 05:41:41.387 17734 17734 D AndroidRuntime: Calling main entry com.android.commands.input.Input
08-06 05:41:41.388 17734 17734 I Input   : injectMotionEvent: MotionEvent { action=ACTION_DOWN, actionButton=0, id[0]=0, x[0]=346.0, y[0]=709.0, toolType[0]=TOOL_TYPE_UNKNOWN, buttonState=0, metaState=0, flags=0x0, edgeFlags=0x0, pointerCount=1, historySize=0, eventTime=855717801, downTime=855717801, deviceId=0, source=0x1002 }
08-06 05:41:41.393 17734 17734 I Input   : injectMotionEvent: MotionEvent { action=ACTION_UP, actionButton=0, id[0]=0, x[0]=346.0, y[0]=709.0, toolType[0]=TOOL_TYPE_UNKNOWN, buttonState=0, metaState=0, flags=0x0, edgeFlags=0x0, pointerCount=1, historySize=0, eventTime=855717801, downTime=855717801, deviceId=0, source=0x1002 }
08-06 05:41:41.401   918  3670 I ActivityManager: START u0 {cmp=baseline.io.github.project_travel_mate/.destinations.description.FinalCityInfoActivity (has extras)} from uid 10696 on display 0
08-06 05:41:41.407 17734 17734 D AndroidRuntime: Shutting down VM
08-06 05:41:41.430 16756 16819 D Gabe    : call	returning from cache
08-06 05:41:41.448 16756 16756 V EXECUTING: https://project-travel-mate.herokuapp.com/api/get-city-weather/1
08-06 05:41:41.578   918   936 I ActivityManager: Displayed baseline.io.github.project_travel_mate/.destinations.description.FinalCityInfoActivity: +168ms
08-06 05:41:41.578 13866 13866 I GoogleInputMethodServic: GoogleInputMethodService.onFinishInput():3138 
08-06 05:41:41.579 13866 13866 I GoogleInputMethodServic: GoogleInputMethodService.onStartInput():1808 
08-06 05:41:41.665 16756 16769 I art     : Starting a blocking GC Explicit
08-06 05:41:41.703 16756 16769 I art     : Explicit concurrent mark sweep GC freed 6906(439KB) AllocSpace objects, 2(40KB) LOS objects, 26% free, 43MB/59MB, paused 875us total 37.888ms
08-06 05:41:41.717 16756 16769 I art     : Starting a blocking GC Explicit
08-06 05:41:41.747 16756 16769 I art     : Explicit concurrent mark sweep GC freed 554(22KB) AllocSpace objects, 0(0B) LOS objects, 26% free, 43MB/59MB, paused 694us total 29.689ms
08-06 05:41:41.759 16756 16769 I art     : Starting a blocking GC Explicit
08-06 05:41:41.786 16756 16769 I art     : Explicit concurrent mark sweep GC freed 99(1696B) AllocSpace objects, 0(0B) LOS objects, 26% free, 43MB/59MB, paused 641us total 27.013ms
08-06 05:41:41.799 16756 16769 I art     : Starting a blocking GC Explicit
08-06 05:41:41.829 16756 16769 I art     : Explicit concurrent mark sweep GC freed 147(2496B) AllocSpace objects, 0(0B) LOS objects, 26% free, 43MB/59MB, paused 778us total 30.393ms
08-06 05:41:41.837   380   380 W SurfaceFlinger: couldn't log to binary event log: overflow.
08-06 05:41:41.842 16756 16769 I art     : Starting a blocking GC Explicit
08-06 05:41:41.869 16756 16769 I art     : Explicit concurrent mark sweep GC freed 99(1696B) AllocSpace objects, 0(0B) LOS objects, 26% free, 43MB/59MB, paused 648us total 27.078ms
08-06 05:41:42.071 16756 17759 I NAPPA_EXPERIMENTATION: MetricNetworkRequestExecutionTime: REQUEST_DURATION_SYSTEM='623',REQUEST_DURATION_OKHTTP='58',REQUEST_SYNCHRONOUS='FALSE',RESPONSE_CODE='200',RESPONSE_METHOD='GET',RESPONSE_LENGTH_OKHTTP='530',RESPONSE_LENGTH_HEADER='530',REQUEST_PROTOCOL='http/1.1',REQUEST_URL='https://project-travel-mate.herokuapp.com/api/get-city/1',
08-06 05:41:42.079 16756 17758 I NAPPA_EXPERIMENTATION: MetricNetworkRequestExecutionTime: REQUEST_DURATION_SYSTEM='631',REQUEST_DURATION_OKHTTP='66',REQUEST_SYNCHRONOUS='FALSE',RESPONSE_CODE='200',RESPONSE_METHOD='GET',RESPONSE_LENGTH_OKHTTP='238',RESPONSE_LENGTH_HEADER='238',REQUEST_PROTOCOL='http/1.1',REQUEST_URL='https://project-travel-mate.herokuapp.com/api/get-city-weather/1',
08-06 05:41:42.109 16756 17759 V Response: {"id":1,"city_name":"Delhi","description":"Delhi, officially the National Capital Territory of Delhi, is the Capital territory of India. During the British Raj, Delhi was part of the province of Punjab and is still historically and culturally connected to the Punjab region.","latitude":"28.613900","longitude":"77.209000","facts_count":6,"images":["https://upload.wikimedia.org/wikipedia/commons/9/94/%E0%B4%96%E0%B5%81%E0%B4%A4%E0%B5%8D%E0%B4%AC%E0%B5%8D_%E0%B4%AE%E0%B4%BF%E0%B4%A8%E0%B4%BE%E0%B5%BC1.jpg"],"has_visited":false}
08-06 05:41:42.173 16756 17031 I art     : Starting a blocking GC Explicit
08-06 05:41:42.204 16756 17031 I art     : Explicit concurrent mark sweep GC freed 8764(434KB) AllocSpace objects, 6(4MB) LOS objects, 28% free, 39MB/55MB, paused 637us total 30.495ms
08-06 05:41:42.216 16756 17031 I art     : Starting a blocking GC Explicit
08-06 05:41:42.245 16756 17031 I art     : Explicit concurrent mark sweep GC freed 1187(122KB) AllocSpace objects, 0(0B) LOS objects, 28% free, 39MB/55MB, paused 594us total 28.709ms
08-06 05:41:42.257 16756 17031 I art     : Starting a blocking GC Explicit
08-06 05:41:42.288 16756 17031 I art     : Explicit concurrent mark sweep GC freed 99(1696B) AllocSpace objects, 0(0B) LOS objects, 28% free, 39MB/55MB, paused 634us total 30.505ms
08-06 05:41:42.301 16756 17031 I art     : Starting a blocking GC Explicit
08-06 05:41:42.333 16756 17031 I art     : Explicit concurrent mark sweep GC freed 147(2496B) AllocSpace objects, 0(0B) LOS objects, 28% free, 39MB/55MB, paused 636us total 32.117ms
08-06 05:41:42.346 16756 17031 I art     : Starting a blocking GC Explicit
08-06 05:41:42.378 16756 17031 I art     : Explicit concurrent mark sweep GC freed 147(2496B) AllocSpace objects, 0(0B) LOS objects, 28% free, 39MB/55MB, paused 634us total 31.730ms
08-06 05:41:42.604   518   646 I ThermalEngine: ACTION: GPU - Setting GPU[0] to 450000000
08-06 05:41:42.741 16756 16821 I art     : Starting a blocking GC Explicit
08-06 05:41:42.781 16756 16821 I art     : Explicit concurrent mark sweep GC freed 2604(102KB) AllocSpace objects, 2(40KB) LOS objects, 28% free, 39MB/55MB, paused 830us total 39.838ms
08-06 05:41:42.800 16756 16821 I art     : Starting a blocking GC Explicit
08-06 05:41:42.838 16756 16821 I art     : Explicit concurrent mark sweep GC freed 176(3KB) AllocSpace objects, 0(0B) LOS objects, 28% free, 39MB/55MB, paused 829us total 38.097ms
08-06 05:41:42.854 16756 16821 I art     : Starting a blocking GC Explicit
08-06 05:41:42.894 16756 16821 I art     : Explicit concurrent mark sweep GC freed 194(3KB) AllocSpace objects, 0(0B) LOS objects, 28% free, 39MB/55MB, paused 856us total 39.085ms
08-06 05:41:42.911 16756 16821 I art     : Starting a blocking GC Explicit
08-06 05:41:42.950 16756 16821 I art     : Explicit concurrent mark sweep GC freed 148(2528B) AllocSpace objects, 0(0B) LOS objects, 28% free, 39MB/55MB, paused 789us total 38.949ms
08-06 05:41:42.967 16756 16821 I art     : Starting a blocking GC Explicit
08-06 05:41:43.006 16756 16821 I art     : Explicit concurrent mark sweep GC freed 147(2496B) AllocSpace objects, 0(0B) LOS objects, 28% free, 39MB/55MB, paused 872us total 38.999ms
08-06 05:41:43.417 16756 16768 I art     : Starting a blocking GC Explicit
08-06 05:41:43.460 16756 16768 I art     : Explicit concurrent mark sweep GC freed 2731(104KB) AllocSpace objects, 2(40KB) LOS objects, 28% free, 39MB/55MB, paused 1.014ms total 42.035ms
08-06 05:41:43.477 16756 16768 I art     : Starting a blocking GC Explicit
08-06 05:41:43.519 16756 16768 I art     : Explicit concurrent mark sweep GC freed 207(3KB) AllocSpace objects, 0(0B) LOS objects, 28% free, 39MB/55MB, paused 891us total 41.969ms
08-06 05:41:43.536 16756 16768 I art     : Starting a blocking GC Explicit
08-06 05:41:43.578 16756 16768 I art     : Explicit concurrent mark sweep GC freed 175(2944B) AllocSpace objects, 0(0B) LOS objects, 28% free, 39MB/55MB, paused 1.095ms total 41.396ms
08-06 05:41:43.595 16756 16768 I art     : Starting a blocking GC Explicit
08-06 05:41:43.638 16756 16768 I art     : Explicit concurrent mark sweep GC freed 167(2848B) AllocSpace objects, 0(0B) LOS objects, 28% free, 39MB/55MB, paused 909us total 42.704ms
08-06 05:41:43.655 16756 16768 I art     : Starting a blocking GC Explicit
08-06 05:41:43.697 16756 16768 I art     : Explicit concurrent mark sweep GC freed 182(3KB) AllocSpace objects, 0(0B) LOS objects, 28% free, 39MB/55MB, paused 999us total 41.066ms
08-06 05:41:44.017 17187 17187 I ServiceManager: Waiting for service AtCmdFwd...
08-06 05:41:44.096 16756 17031 I art     : Starting a blocking GC Explicit
08-06 05:41:44.142 16756 17031 I art     : Explicit concurrent mark sweep GC freed 2701(104KB) AllocSpace objects, 2(40KB) LOS objects, 28% free, 39MB/55MB, paused 872us total 44.682ms
08-06 05:41:44.159 16756 17031 I art     : Starting a blocking GC Explicit
08-06 05:41:44.200 16756 17031 I art     : Explicit concurrent mark sweep GC freed 223(4KB) AllocSpace objects, 0(0B) LOS objects, 28% free, 39MB/55MB, paused 893us total 40.706ms
08-06 05:41:44.217 16756 17031 I art     : Starting a blocking GC Explicit
08-06 05:41:44.260 16756 17031 I art     : Explicit concurrent mark sweep GC freed 150(2560B) AllocSpace objects, 0(0B) LOS objects, 28% free, 39MB/55MB, paused 937us total 43.142ms
08-06 05:41:44.280 16756 17031 I art     : Starting a blocking GC Explicit
08-06 05:41:44.322 16756 17031 I art     : Explicit concurrent mark sweep GC freed 193(3KB) AllocSpace objects, 0(0B) LOS objects, 28% free, 39MB/55MB, paused 856us total 41.903ms
08-06 05:41:44.338 16756 17031 I art     : Starting a blocking GC Explicit
08-06 05:41:44.380 16756 17031 I art     : Explicit concurrent mark sweep GC freed 186(3KB) AllocSpace objects, 0(0B) LOS objects, 28% free, 39MB/55MB, paused 1.620ms total 41.737ms
08-06 05:41:44.793 16756 16769 I art     : Starting a blocking GC Explicit
08-06 05:41:44.838 16756 16769 I art     : Explicit concurrent mark sweep GC freed 2733(104KB) AllocSpace objects, 2(40KB) LOS objects, 28% free, 39MB/55MB, paused 975us total 44.720ms
08-06 05:41:44.855 16756 16769 I art     : Starting a blocking GC Explicit
08-06 05:41:44.898 16756 16769 I art     : Explicit concurrent mark sweep GC freed 193(3KB) AllocSpace objects, 0(0B) LOS objects, 28% free, 39MB/55MB, paused 1.047ms total 42.945ms
08-06 05:41:44.915 16756 16769 I art     : Starting a blocking GC Explicit
08-06 05:41:44.957 16756 16769 I art     : Explicit concurrent mark sweep GC freed 169(2880B) AllocSpace objects, 0(0B) LOS objects, 28% free, 39MB/55MB, paused 968us total 41.780ms
08-06 05:41:44.974 16756 16769 I art     : Starting a blocking GC Explicit
08-06 05:41:45.017 16756 16769 I art     : Explicit concurrent mark sweep GC freed 193(3KB) AllocSpace objects, 0(0B) LOS objects, 28% free, 39MB/55MB, paused 983us total 42.448ms
08-06 05:41:45.017 17187 17187 I ServiceManager: Waiting for service AtCmdFwd...
08-06 05:41:45.034 16756 16769 I art     : Starting a blocking GC Explicit
08-06 05:41:45.076 16756 16769 I art     : Explicit concurrent mark sweep GC freed 149(2560B) AllocSpace objects, 0(0B) LOS objects, 28% free, 39MB/55MB, paused 889us total 41.319ms
08-06 05:41:45.482 16756 16821 I art     : Starting a blocking GC Explicit
08-06 05:41:45.524 16756 16821 I art     : Explicit concurrent mark sweep GC freed 2724(104KB) AllocSpace objects, 2(40KB) LOS objects, 28% free, 39MB/55MB, paused 813us total 41.980ms
08-06 05:41:45.541 16756 16821 I art     : Starting a blocking GC Explicit
08-06 05:41:45.582 16756 16821 I art     : Explicit concurrent mark sweep GC freed 213(3KB) AllocSpace objects, 0(0B) LOS objects, 28% free, 39MB/55MB, paused 840us total 41.197ms
08-06 05:41:45.599 16756 16821 I art     : Starting a blocking GC Explicit
08-06 05:41:45.609   518   646 I ThermalEngine: ACTION: GPU - Setting GPU[0] to 510000000
08-06 05:41:45.639 16756 16821 I art     : Explicit concurrent mark sweep GC freed 148(2528B) AllocSpace objects, 0(0B) LOS objects, 28% free, 39MB/55MB, paused 864us total 39.265ms
08-06 05:41:45.653 16756 16821 I art     : Starting a blocking GC Explicit
08-06 05:41:45.684 16756 16821 I art     : Explicit concurrent mark sweep GC freed 170(3KB) AllocSpace objects, 0(0B) LOS objects, 28% free, 39MB/55MB, paused 606us total 30.098ms
08-06 05:41:45.696 16756 16821 I art     : Starting a blocking GC Explicit
08-06 05:41:45.727 16756 16821 I art     : Explicit concurrent mark sweep GC freed 141(2752B) AllocSpace objects, 0(0B) LOS objects, 28% free, 39MB/55MB, paused 734us total 30.381ms
08-06 05:41:46.018 17187 17187 I ServiceManager: Waiting for service AtCmdFwd...
08-06 05:41:46.064 16756 17031 I art     : Starting a blocking GC Explicit
08-06 05:41:46.074 17832 17832 D AndroidRuntime: >>>>>> START com.android.internal.os.RuntimeInit uid 2000 <<<<<<
08-06 05:41:46.080 17832 17832 D AndroidRuntime: CheckJNI is OFF
08-06 05:41:46.098 16756 17031 I art     : Explicit concurrent mark sweep GC freed 2484(100KB) AllocSpace objects, 2(40KB) LOS objects, 28% free, 39MB/55MB, paused 788us total 33.660ms
08-06 05:41:46.110 16756 17031 I art     : Starting a blocking GC Explicit
08-06 05:41:46.115 17832 17832 D ICU     : No timezone override file found: /data/misc/zoneinfo/current/icu/icu_tzdata.dat
08-06 05:41:46.140 16756 17031 I art     : Explicit concurrent mark sweep GC freed 134(2656B) AllocSpace objects, 0(0B) LOS objects, 28% free, 39MB/55MB, paused 643us total 29.054ms
08-06 05:41:46.147 17832 17832 I Radio-JNI: register_android_hardware_Radio DONE
08-06 05:41:46.152 16756 17031 I art     : Starting a blocking GC Explicit
08-06 05:41:46.169 17832 17832 D AndroidRuntime: Calling main entry com.android.commands.input.Input
08-06 05:41:46.172 17832 17832 I Input   : injectMotionEvent: MotionEvent { action=ACTION_DOWN, actionButton=0, id[0]=0, x[0]=693.0, y[0]=1450.0, toolType[0]=TOOL_TYPE_UNKNOWN, buttonState=0, metaState=0, flags=0x0, edgeFlags=0x0, pointerCount=1, historySize=0, eventTime=855722584, downTime=855722584, deviceId=0, source=0x1002 }
08-06 05:41:46.178 17832 17832 I Input   : injectMotionEvent: MotionEvent { action=ACTION_UP, actionButton=0, id[0]=0, x[0]=693.0, y[0]=1450.0, toolType[0]=TOOL_TYPE_UNKNOWN, buttonState=0, metaState=0, flags=0x0, edgeFlags=0x0, pointerCount=1, historySize=0, eventTime=855722584, downTime=855722584, deviceId=0, source=0x1002 }
08-06 05:41:46.181 16756 17031 I art     : Explicit concurrent mark sweep GC freed 148(2528B) AllocSpace objects, 0(0B) LOS objects, 28% free, 39MB/55MB, paused 829us total 29.198ms
08-06 05:41:46.182   918   929 I ActivityManager: START u0 {cmp=baseline.io.github.project_travel_mate/.destinations.description.CityHistoryActivity} from uid 10696 on display 0
08-06 05:41:46.183   512  2967 D audio_hw_primary: out_set_parameters: enter: usecase(1: low-latency-playback) kvpairs: routing=2
08-06 05:41:46.184 17832 17832 D AndroidRuntime: Shutting down VM
08-06 05:41:46.194 16756 17031 I art     : Starting a blocking GC Explicit
08-06 05:41:46.197   512  2967 D audio_hw_primary: select_devices: out_snd_device(2: speaker) in_snd_device(0: none)
08-06 05:41:46.197   512  2967 D msm8974_platform: platform_send_audio_calibration: sending audio calibration for snd_device(2) acdb_id(15)
08-06 05:41:46.197   512  2967 I soundtrigger: audio_extn_sound_trigger_update_device_status: device 0x2 of type 0 for Event 1
08-06 05:41:46.212 16756 16819 D Gabe    : call	returning from cache
08-06 05:41:46.212   512  2967 D audio_hw_primary: enable_snd_device: snd_device(2: speaker)
08-06 05:41:46.213 16756 16756 V EXECUTING: https://project-travel-mate.herokuapp.com/api/get-city-information/1
08-06 05:41:46.214   512  2967 D audio_hw_primary: enable_audio_route: apply and update mixer path: low-latency-playback speaker
08-06 05:41:46.225 16756 17031 I art     : Explicit concurrent mark sweep GC freed 597(39KB) AllocSpace objects, 0(0B) LOS objects, 28% free, 39MB/55MB, paused 799us total 31.033ms
08-06 05:41:46.237 16756 17031 I art     : Starting a blocking GC Explicit
08-06 05:41:46.264 16756 17031 I art     : Explicit concurrent mark sweep GC freed 178(12KB) AllocSpace objects, 0(0B) LOS objects, 28% free, 39MB/55MB, paused 624us total 26.802ms
08-06 05:41:46.352 13866 13866 I GoogleInputMethodServic: GoogleInputMethodService.onFinishInput():3138 
08-06 05:41:46.352   918   936 I ActivityManager: Displayed baseline.io.github.project_travel_mate/.destinations.description.CityHistoryActivity: +162ms
08-06 05:41:46.353 13866 13866 I GoogleInputMethodServic: GoogleInputMethodService.onStartInput():1808 
08-06 05:41:46.564 16756 16769 I art     : Starting a blocking GC Explicit
08-06 05:41:46.611   380   380 W SurfaceFlinger: couldn't log to binary event log: overflow.
08-06 05:41:46.617 16756 16769 I art     : Explicit concurrent mark sweep GC freed 3112(121KB) AllocSpace objects, 2(40KB) LOS objects, 26% free, 44MB/60MB, paused 803us total 52.433ms
08-06 05:41:46.635 16756 16769 I art     : Starting a blocking GC Explicit
08-06 05:41:46.666 16756 16769 I art     : Explicit concurrent mark sweep GC freed 260(5KB) AllocSpace objects, 0(0B) LOS objects, 26% free, 44MB/60MB, paused 713us total 31.274ms
08-06 05:41:46.679 16756 16769 I art     : Starting a blocking GC Explicit
08-06 05:41:46.708 16756 16769 I art     : Explicit concurrent mark sweep GC freed 147(2496B) AllocSpace objects, 0(0B) LOS objects, 26% free, 44MB/60MB, paused 704us total 28.948ms
08-06 05:41:46.722 16756 16769 I art     : Starting a blocking GC Explicit
08-06 05:41:46.748   512  2967 D audio_hw_primary: disable_audio_route: reset and update mixer path: low-latency-playback speaker
08-06 05:41:46.749   512  2967 D audio_hw_primary: disable_snd_device: snd_device(2: speaker)
08-06 05:41:46.755 16756 16769 I art     : Explicit concurrent mark sweep GC freed 196(3KB) AllocSpace objects, 0(0B) LOS objects, 26% free, 44MB/60MB, paused 819us total 32.792ms
08-06 05:41:46.757   512  2967 I soundtrigger: audio_extn_sound_trigger_update_device_status: device 0x2 of type 0 for Event 0
08-06 05:41:46.768 16756 16769 I art     : Starting a blocking GC Explicit
08-06 05:41:46.799 16756 16769 I art     : Explicit concurrent mark sweep GC freed 25(496B) AllocSpace objects, 0(0B) LOS objects, 26% free, 44MB/60MB, paused 874us total 30.433ms
08-06 05:41:47.019 17187 17187 I ServiceManager: Waiting for service AtCmdFwd...
08-06 05:41:47.062 16756 17856 I NAPPA_EXPERIMENTATION: MetricNetworkRequestExecutionTime: REQUEST_DURATION_SYSTEM='848',REQUEST_DURATION_OKHTTP='32',REQUEST_SYNCHRONOUS='FALSE',RESPONSE_CODE='200',RESPONSE_METHOD='GET',RESPONSE_LENGTH_OKHTTP='55024',RESPONSE_LENGTH_HEADER='55024',REQUEST_PROTOCOL='http/1.1',REQUEST_URL='https://project-travel-mate.herokuapp.com/api/get-city-information/1',
08-06 05:41:47.125 16756 16768 I art     : Starting a blocking GC Explicit
08-06 05:41:47.156 16756 16768 I art     : Explicit concurrent mark sweep GC freed 5728(999KB) AllocSpace objects, 16(768KB) LOS objects, 26% free, 45MB/61MB, paused 934us total 31.066ms
08-06 05:41:47.168 16756 16768 I art     : Starting a blocking GC Explicit
08-06 05:41:47.175 13866 13866 I GoogleInputMethodServic: GoogleInputMethodService.onFinishInput():3138 
08-06 05:41:47.175 13866 13866 I GoogleInputMethodServic: GoogleInputMethodService.onStartInput():1808 
08-06 05:41:47.197 16756 16768 I art     : Explicit concurrent mark sweep GC freed 1848(577KB) AllocSpace objects, 8(152KB) LOS objects, 26% free, 44MB/60MB, paused 643us total 28.661ms
08-06 05:41:47.209 16756 16768 I art     : Starting a blocking GC Explicit
08-06 05:41:47.241 16756 16768 I art     : Explicit concurrent mark sweep GC freed 181(3KB) AllocSpace objects, 1(4MB) LOS objects, 28% free, 40MB/56MB, paused 646us total 31.372ms
08-06 05:41:47.253 16756 16768 I art     : Starting a blocking GC Explicit
08-06 05:41:47.287 16756 16768 I art     : Explicit concurrent mark sweep GC freed 222(3KB) AllocSpace objects, 0(0B) LOS objects, 28% free, 40MB/56MB, paused 711us total 33.426ms
08-06 05:41:47.300 16756 16768 I art     : Starting a blocking GC Explicit
08-06 05:41:47.333 16756 16768 I art     : Explicit concurrent mark sweep GC freed 219(3KB) AllocSpace objects, 0(0B) LOS objects, 28% free, 40MB/56MB, paused 644us total 32.754ms
08-06 05:41:47.667 16756 16821 I art     : Starting a blocking GC Explicit
08-06 05:41:47.704 16756 16821 I art     : Explicit concurrent mark sweep GC freed 3013(108KB) AllocSpace objects, 2(40KB) LOS objects, 28% free, 40MB/56MB, paused 612us total 35.526ms
08-06 05:41:47.717 16756 16821 I art     : Starting a blocking GC Explicit
08-06 05:41:47.752 16756 16821 I art     : Explicit concurrent mark sweep GC freed 238(4KB) AllocSpace objects, 0(0B) LOS objects, 28% free, 40MB/56MB, paused 664us total 34.309ms
08-06 05:41:47.765 16756 16821 I art     : Starting a blocking GC Explicit
08-06 05:41:47.798 16756 16821 I art     : Explicit concurrent mark sweep GC freed 219(3KB) AllocSpace objects, 0(0B) LOS objects, 28% free, 40MB/56MB, paused 643us total 33.218ms
08-06 05:41:47.811 16756 16821 I art     : Starting a blocking GC Explicit
08-06 05:41:47.848 16756 16821 I art     : Explicit concurrent mark sweep GC freed 218(3KB) AllocSpace objects, 0(0B) LOS objects, 28% free, 40MB/56MB, paused 961us total 36.009ms
08-06 05:41:47.862 16756 16821 I art     : Starting a blocking GC Explicit
08-06 05:41:47.897 16756 16821 I art     : Explicit concurrent mark sweep GC freed 227(3KB) AllocSpace objects, 0(0B) LOS objects, 28% free, 40MB/56MB, paused 923us total 35.396ms
08-06 05:41:48.019 17187 17187 I ServiceManager: Waiting for service AtCmdFwd...
08-06 05:41:48.267 16756 16768 I art     : Starting a blocking GC Explicit
08-06 05:41:48.303 16756 16768 I art     : Explicit concurrent mark sweep GC freed 3179(112KB) AllocSpace objects, 2(40KB) LOS objects, 28% free, 40MB/56MB, paused 680us total 35.798ms
08-06 05:41:48.320 16756 16768 I art     : Starting a blocking GC Explicit
08-06 05:41:48.351 16756 16768 I art     : Explicit concurrent mark sweep GC freed 238(4KB) AllocSpace objects, 0(0B) LOS objects, 28% free, 40MB/56MB, paused 648us total 31.398ms
08-06 05:41:48.364 16756 16768 I art     : Starting a blocking GC Explicit
08-06 05:41:48.397 16756 16768 I art     : Explicit concurrent mark sweep GC freed 200(3KB) AllocSpace objects, 0(0B) LOS objects, 28% free, 40MB/56MB, paused 891us total 32.729ms
08-06 05:41:48.410 16756 16768 I art     : Starting a blocking GC Explicit
08-06 05:41:48.443 16756 16768 I art     : Explicit concurrent mark sweep GC freed 166(2832B) AllocSpace objects, 0(0B) LOS objects, 28% free, 40MB/56MB, paused 658us total 32.973ms
08-06 05:41:48.456 16756 16768 I art     : Starting a blocking GC Explicit
08-06 05:41:48.489 16756 16768 I art     : Explicit concurrent mark sweep GC freed 219(3KB) AllocSpace objects, 0(0B) LOS objects, 28% free, 40MB/56MB, paused 653us total 33.044ms
08-06 05:41:48.620   518   646 I ThermalEngine: ACTION: GPU - Setting GPU[0] to 450000000
08-06 05:41:48.889 16756 16769 I art     : Starting a blocking GC Explicit
08-06 05:41:48.935 16756 16769 I art     : Explicit concurrent mark sweep GC freed 3385(115KB) AllocSpace objects, 2(40KB) LOS objects, 28% free, 40MB/56MB, paused 884us total 45.101ms
08-06 05:41:48.952 16756 16769 I art     : Starting a blocking GC Explicit
08-06 05:41:48.998 16756 16769 I art     : Explicit concurrent mark sweep GC freed 276(5KB) AllocSpace objects, 0(0B) LOS objects, 28% free, 40MB/56MB, paused 1.204ms total 45.441ms
08-06 05:41:49.018 16756 16769 I art     : Starting a blocking GC Explicit
08-06 05:41:49.020 17187 17187 W Atfwd_Sendcmd: AtCmdFwd service not published, waiting... retryCnt : 3
08-06 05:41:49.060 16756 16769 I art     : Explicit concurrent mark sweep GC freed 263(4KB) AllocSpace objects, 0(0B) LOS objects, 28% free, 40MB/56MB, paused 898us total 41.807ms
08-06 05:41:49.077 16756 16769 I art     : Starting a blocking GC Explicit
08-06 05:41:49.122 16756 16769 I art     : Explicit concurrent mark sweep GC freed 291(4KB) AllocSpace objects, 0(0B) LOS objects, 28% free, 40MB/56MB, paused 863us total 44.369ms
08-06 05:41:49.139 16756 16769 I art     : Starting a blocking GC Explicit
08-06 05:41:49.182 16756 16769 I art     : Explicit concurrent mark sweep GC freed 267(4KB) AllocSpace objects, 0(0B) LOS objects, 28% free, 40MB/56MB, paused 1.021ms total 42.539ms
08-06 05:41:49.569 16756 17031 I art     : Starting a blocking GC Explicit
08-06 05:41:49.617 16756 17031 I art     : Explicit concurrent mark sweep GC freed 3302(113KB) AllocSpace objects, 2(40KB) LOS objects, 28% free, 40MB/56MB, paused 999us total 47.204ms
08-06 05:41:49.636 16756 17031 I art     : Starting a blocking GC Explicit
08-06 05:41:49.678 16756 17031 I art     : Explicit concurrent mark sweep GC freed 261(4KB) AllocSpace objects, 0(0B) LOS objects, 28% free, 40MB/56MB, paused 832us total 42.115ms
08-06 05:41:49.695 16756 17031 I art     : Starting a blocking GC Explicit
08-06 05:41:49.741 16756 17031 I art     : Explicit concurrent mark sweep GC freed 290(4KB) AllocSpace objects, 0(0B) LOS objects, 28% free, 40MB/56MB, paused 966us total 44.957ms
08-06 05:41:49.758 16756 17031 I art     : Starting a blocking GC Explicit
08-06 05:41:49.801 16756 17031 I art     : Explicit concurrent mark sweep GC freed 291(4KB) AllocSpace objects, 0(0B) LOS objects, 28% free, 40MB/56MB, paused 883us total 43.062ms
08-06 05:41:49.818 16756 17031 I art     : Starting a blocking GC Explicit
08-06 05:41:49.863 16756 17031 I art     : Explicit concurrent mark sweep GC freed 232(4KB) AllocSpace objects, 0(0B) LOS objects, 28% free, 40MB/56MB, paused 921us total 44.578ms
08-06 05:41:50.259 16756 16821 I art     : Starting a blocking GC Explicit
08-06 05:41:50.304 16756 16821 I art     : Explicit concurrent mark sweep GC freed 3367(115KB) AllocSpace objects, 2(40KB) LOS objects, 28% free, 40MB/56MB, paused 1.032ms total 44.795ms
08-06 05:41:50.321 16756 16821 I art     : Starting a blocking GC Explicit
08-06 05:41:50.367 16756 16821 I art     : Explicit concurrent mark sweep GC freed 273(4KB) AllocSpace objects, 0(0B) LOS objects, 28% free, 40MB/56MB, paused 1.037ms total 44.985ms
08-06 05:41:50.384 16756 16821 I art     : Starting a blocking GC Explicit
08-06 05:41:50.428 16756 16821 I art     : Explicit concurrent mark sweep GC freed 270(4KB) AllocSpace objects, 0(0B) LOS objects, 28% free, 40MB/56MB, paused 886us total 43.527ms
08-06 05:41:50.445 16756 16821 I art     : Starting a blocking GC Explicit
08-06 05:41:50.483 16756 16821 I art     : Explicit concurrent mark sweep GC freed 291(4KB) AllocSpace objects, 0(0B) LOS objects, 28% free, 40MB/56MB, paused 856us total 38.057ms
08-06 05:41:50.500 16756 16821 I art     : Starting a blocking GC Explicit
08-06 05:41:50.539 16756 16821 I art     : Explicit concurrent mark sweep GC freed 220(3KB) AllocSpace objects, 0(0B) LOS objects, 28% free, 40MB/56MB, paused 888us total 39.264ms
08-06 05:41:50.620   518   646 I ThermalEngine: ACTION: GPU - Setting GPU[0] to 510000000
08-06 05:41:50.871 17930 17930 D AndroidRuntime: >>>>>> START com.android.internal.os.RuntimeInit uid 2000 <<<<<<
08-06 05:41:50.877 17930 17930 D AndroidRuntime: CheckJNI is OFF
08-06 05:41:50.901 16756 16768 I art     : Starting a blocking GC Explicit
08-06 05:41:50.911 17930 17930 D ICU     : No timezone override file found: /data/misc/zoneinfo/current/icu/icu_tzdata.dat
08-06 05:41:50.935 16756 16768 I art     : Explicit concurrent mark sweep GC freed 3152(111KB) AllocSpace objects, 2(40KB) LOS objects, 28% free, 40MB/56MB, paused 772us total 33.560ms
08-06 05:41:50.946 17930 17930 I Radio-JNI: register_android_hardware_Radio DONE
08-06 05:41:50.948 16756 16768 I art     : Starting a blocking GC Explicit
08-06 05:41:50.968 17930 17930 D AndroidRuntime: Calling main entry com.android.commands.input.Input
08-06 05:41:50.971 17930 17930 I Input   : injectKeyEvent: KeyEvent { action=ACTION_DOWN, keyCode=KEYCODE_BACK, scanCode=0, metaState=0, flags=0x0, repeatCount=0, eventTime=855727384, downTime=855727384, deviceId=-1, source=0x101 }
08-06 05:41:50.976 17930 17930 I Input   : injectKeyEvent: KeyEvent { action=ACTION_UP, keyCode=KEYCODE_BACK, scanCode=0, metaState=0, flags=0x0, repeatCount=0, eventTime=855727384, downTime=855727384, deviceId=-1, source=0x101 }
08-06 05:41:50.981 16756 16768 I art     : Explicit concurrent mark sweep GC freed 172(3KB) AllocSpace objects, 0(0B) LOS objects, 28% free, 40MB/56MB, paused 665us total 32.924ms
08-06 05:41:50.982 17930 17930 D AndroidRuntime: Shutting down VM
08-06 05:41:50.994 16756 16768 I art     : Starting a blocking GC Explicit
08-06 05:41:51.023 16756 16768 I art     : Explicit concurrent mark sweep GC freed 197(4KB) AllocSpace objects, 0(0B) LOS objects, 28% free, 40MB/56MB, paused 634us total 28.851ms
08-06 05:41:51.025 13866 13866 I GoogleInputMethodServic: GoogleInputMethodService.onFinishInput():3138 
08-06 05:41:51.025 13866 13866 I GoogleInputMethodServic: GoogleInputMethodService.onStartInput():1808 
08-06 05:41:51.037 16756 16768 I art     : Starting a blocking GC Explicit
08-06 05:41:51.069 16756 16768 I art     : Explicit concurrent mark sweep GC freed 343(6KB) AllocSpace objects, 0(0B) LOS objects, 28% free, 40MB/56MB, paused 632us total 30.909ms
08-06 05:41:51.081 16756 16768 I art     : Starting a blocking GC Explicit
08-06 05:41:51.110 16756 16768 I art     : Explicit concurrent mark sweep GC freed 150(2640B) AllocSpace objects, 0(0B) LOS objects, 28% free, 40MB/56MB, paused 655us total 29.329ms
08-06 05:41:51.314   380   380 W SurfaceFlinger: couldn't log to binary event log: overflow.
08-06 05:41:51.433 16756 16821 I art     : Starting a blocking GC Explicit
08-06 05:41:51.468 16756 16821 I art     : Explicit concurrent mark sweep GC freed 2796(106KB) AllocSpace objects, 4(404KB) LOS objects, 28% free, 40MB/56MB, paused 865us total 34.638ms
08-06 05:41:51.480 16756 16821 I art     : Starting a blocking GC Explicit
08-06 05:41:51.514 16756 16821 I art     : Explicit concurrent mark sweep GC freed 4845(341KB) AllocSpace objects, 7(132KB) LOS objects, 28% free, 39MB/55MB, paused 655us total 32.976ms
08-06 05:41:51.527 16756 16821 I art     : Starting a blocking GC Explicit
08-06 05:41:51.557 16756 16821 I art     : Explicit concurrent mark sweep GC freed 148(2528B) AllocSpace objects, 0(0B) LOS objects, 28% free, 39MB/55MB, paused 684us total 30.751ms
08-06 05:41:51.570 16756 16821 I art     : Starting a blocking GC Explicit
08-06 05:41:51.602 16756 16821 I art     : Explicit concurrent mark sweep GC freed 147(2496B) AllocSpace objects, 0(0B) LOS objects, 28% free, 39MB/55MB, paused 656us total 31.708ms
08-06 05:41:51.615 16756 16821 I art     : Starting a blocking GC Explicit
08-06 05:41:51.648 16756 16821 I art     : Explicit concurrent mark sweep GC freed 99(1696B) AllocSpace objects, 0(0B) LOS objects, 28% free, 39MB/55MB, paused 717us total 32.786ms
08-06 05:41:51.993 16756 17031 I art     : Starting a blocking GC Explicit
08-06 05:41:52.027 16756 17031 I art     : Explicit concurrent mark sweep GC freed 2556(102KB) AllocSpace objects, 2(40KB) LOS objects, 28% free, 39MB/55MB, paused 653us total 33.086ms
08-06 05:41:52.039 16756 17031 I art     : Starting a blocking GC Explicit
08-06 05:41:52.070 16756 17031 I art     : Explicit concurrent mark sweep GC freed 176(3KB) AllocSpace objects, 0(0B) LOS objects, 28% free, 39MB/55MB, paused 645us total 30.446ms
08-06 05:41:52.083 16756 17031 I art     : Starting a blocking GC Explicit
08-06 05:41:52.115 16756 17031 I art     : Explicit concurrent mark sweep GC freed 99(1696B) AllocSpace objects, 0(0B) LOS objects, 28% free, 39MB/55MB, paused 649us total 31.972ms
08-06 05:41:52.128 16756 17031 I art     : Starting a blocking GC Explicit
08-06 05:41:52.159 16756 17031 I art     : Explicit concurrent mark sweep GC freed 147(2496B) AllocSpace objects, 0(0B) LOS objects, 28% free, 39MB/55MB, paused 650us total 31.581ms
08-06 05:41:52.173 16756 17031 I art     : Starting a blocking GC Explicit
08-06 05:41:52.205 16756 17031 I art     : Explicit concurrent mark sweep GC freed 147(2496B) AllocSpace objects, 0(0B) LOS objects, 28% free, 39MB/55MB, paused 669us total 31.656ms
08-06 05:41:52.514 16756 16768 I art     : Starting a blocking GC Explicit
08-06 05:41:52.548 16756 16768 I art     : Explicit concurrent mark sweep GC freed 2387(98KB) AllocSpace objects, 2(40KB) LOS objects, 28% free, 39MB/55MB, paused 714us total 33.255ms
08-06 05:41:52.561 16756 16768 I art     : Starting a blocking GC Explicit
08-06 05:41:52.593 16756 16768 I art     : Explicit concurrent mark sweep GC freed 167(3KB) AllocSpace objects, 0(0B) LOS objects, 28% free, 39MB/55MB, paused 683us total 31.696ms
08-06 05:41:52.606 16756 16768 I art     : Starting a blocking GC Explicit
08-06 05:41:52.635 17973 17973 D AndroidRuntime: >>>>>> START com.android.internal.os.RuntimeInit uid 2000 <<<<<<
08-06 05:41:52.638 16756 16768 I art     : Explicit concurrent mark sweep GC freed 147(2496B) AllocSpace objects, 0(0B) LOS objects, 28% free, 39MB/55MB, paused 1.063ms total 31.756ms
08-06 05:41:52.640 17973 17973 D AndroidRuntime: CheckJNI is OFF
08-06 05:41:52.651 16756 16768 I art     : Starting a blocking GC Explicit
08-06 05:41:52.675 17973 17973 D ICU     : No timezone override file found: /data/misc/zoneinfo/current/icu/icu_tzdata.dat
08-06 05:41:52.681 16756 16768 I art     : Explicit concurrent mark sweep GC freed 99(1696B) AllocSpace objects, 0(0B) LOS objects, 28% free, 39MB/55MB, paused 648us total 30.298ms
08-06 05:41:52.695 16756 16768 I art     : Starting a blocking GC Explicit
08-06 05:41:52.710 17973 17973 I Radio-JNI: register_android_hardware_Radio DONE
08-06 05:41:52.725 16756 16768 I art     : Explicit concurrent mark sweep GC freed 147(2496B) AllocSpace objects, 0(0B) LOS objects, 28% free, 39MB/55MB, paused 651us total 30.015ms
08-06 05:41:52.732 17973 17973 D AndroidRuntime: Calling main entry com.android.commands.input.Input
08-06 05:41:52.733 17973 17973 I Input   : injectKeyEvent: KeyEvent { action=ACTION_DOWN, keyCode=KEYCODE_BACK, scanCode=0, metaState=0, flags=0x0, repeatCount=0, eventTime=855729146, downTime=855729146, deviceId=-1, source=0x101 }
08-06 05:41:52.739 17973 17973 I Input   : injectKeyEvent: KeyEvent { action=ACTION_UP, keyCode=KEYCODE_BACK, scanCode=0, metaState=0, flags=0x0, repeatCount=0, eventTime=855729146, downTime=855729146, deviceId=-1, source=0x101 }
08-06 05:41:52.745 17973 17973 D AndroidRuntime: Shutting down VM
08-06 05:41:52.756 16756 16756 V MainActivity: url = https://project-travel-mate.herokuapp.com/api/number-of-unread-notifications
08-06 05:41:52.761   918   937 W ProcessCpuTracker: Skipping unknown process pid 17981
08-06 05:41:52.761   918   937 W ProcessCpuTracker: Skipping unknown process pid 17984
08-06 05:41:52.809 13866 13866 I GoogleInputMethodServic: GoogleInputMethodService.onFinishInput():3138 
08-06 05:41:52.809 13866 13866 I GoogleInputMethodServic: GoogleInputMethodService.onStartInput():1808 
08-06 05:41:53.023 16756 16768 I art     : Starting a blocking GC Explicit
08-06 05:41:53.058 16756 16768 I art     : Explicit concurrent mark sweep GC freed 2923(124KB) AllocSpace objects, 2(40KB) LOS objects, 28% free, 39MB/55MB, paused 893us total 35.022ms
08-06 05:41:53.072 16756 16768 I art     : Starting a blocking GC Explicit
08-06 05:41:53.099   380   380 W SurfaceFlinger: couldn't log to binary event log: overflow.
08-06 05:41:53.104 16756 16768 I art     : Explicit concurrent mark sweep GC freed 256(6KB) AllocSpace objects, 0(0B) LOS objects, 28% free, 39MB/55MB, paused 867us total 31.692ms
08-06 05:41:53.118 16756 16768 I art     : Starting a blocking GC Explicit
08-06 05:41:53.150 16756 16768 I art     : Explicit concurrent mark sweep GC freed 63(1504B) AllocSpace objects, 0(0B) LOS objects, 28% free, 39MB/55MB, paused 837us total 32.037ms
08-06 05:41:53.162 16756 16768 I art     : Starting a blocking GC Explicit
08-06 05:41:53.192 16756 16768 I art     : Explicit concurrent mark sweep GC freed 211(8KB) AllocSpace objects, 0(0B) LOS objects, 28% free, 39MB/55MB, paused 673us total 30.221ms
08-06 05:41:53.205 16756 16768 I art     : Starting a blocking GC Explicit
08-06 05:41:53.238 16756 16768 I art     : Explicit concurrent mark sweep GC freed 75(1296B) AllocSpace objects, 0(0B) LOS objects, 28% free, 39MB/55MB, paused 713us total 32.777ms
08-06 05:41:53.312 16756 17996 I NAPPA_EXPERIMENTATION: MetricNetworkRequestExecutionTime: REQUEST_DURATION_SYSTEM='554',REQUEST_DURATION_OKHTTP='35',REQUEST_SYNCHRONOUS='FALSE',RESPONSE_CODE='200',RESPONSE_METHOD='GET',RESPONSE_LENGTH_OKHTTP='36',RESPONSE_LENGTH_HEADER='36',REQUEST_PROTOCOL='http/1.1',REQUEST_URL='https://project-travel-mate.herokuapp.com/api/number-of-unread-notifications',
08-06 05:41:53.580 16756 16821 I art     : Starting a blocking GC Explicit
08-06 05:41:53.616 16756 16821 I art     : Explicit concurrent mark sweep GC freed 4758(239KB) AllocSpace objects, 5(240KB) LOS objects, 28% free, 39MB/55MB, paused 741us total 35.634ms
08-06 05:41:53.630 16756 16821 I art     : Starting a blocking GC Explicit
08-06 05:41:53.663 16756 16821 I art     : Explicit concurrent mark sweep GC freed 1028(118KB) AllocSpace objects, 0(0B) LOS objects, 28% free, 39MB/55MB, paused 706us total 32.894ms
08-06 05:41:53.676 16756 16821 I art     : Starting a blocking GC Explicit
08-06 05:41:53.709 16756 16821 I art     : Explicit concurrent mark sweep GC freed 75(1296B) AllocSpace objects, 0(0B) LOS objects, 28% free, 39MB/55MB, paused 904us total 33.008ms
08-06 05:41:53.723 16756 16821 I art     : Starting a blocking GC Explicit
08-06 05:41:53.755 16756 16821 I art     : Explicit concurrent mark sweep GC freed 75(1296B) AllocSpace objects, 0(0B) LOS objects, 28% free, 39MB/55MB, paused 663us total 32.402ms
08-06 05:41:53.768 16756 16821 I art     : Starting a blocking GC Explicit
08-06 05:41:53.802 16756 16821 I art     : Explicit concurrent mark sweep GC freed 75(1296B) AllocSpace objects, 0(0B) LOS objects, 28% free, 39MB/55MB, paused 796us total 33.695ms
08-06 05:41:54.125 16756 16769 I art     : Starting a blocking GC Explicit
08-06 05:41:54.159 16756 16769 I art     : Explicit concurrent mark sweep GC freed 1932(91KB) AllocSpace objects, 2(40KB) LOS objects, 28% free, 39MB/55MB, paused 789us total 33.747ms
08-06 05:41:54.172 16756 16769 I art     : Starting a blocking GC Explicit
08-06 05:41:54.205 16756 16769 I art     : Explicit concurrent mark sweep GC freed 94(1984B) AllocSpace objects, 0(0B) LOS objects, 28% free, 39MB/55MB, paused 738us total 32.529ms
08-06 05:41:54.218 16756 16769 I art     : Starting a blocking GC Explicit
08-06 05:41:54.250 16756 16769 I art     : Explicit concurrent mark sweep GC freed 51(896B) AllocSpace objects, 0(0B) LOS objects, 28% free, 39MB/55MB, paused 722us total 32.017ms
08-06 05:41:54.263 16756 16769 I art     : Starting a blocking GC Explicit
08-06 05:41:54.296 16756 16769 I art     : Explicit concurrent mark sweep GC freed 75(1296B) AllocSpace objects, 0(0B) LOS objects, 28% free, 39MB/55MB, paused 736us total 32.590ms
08-06 05:41:54.309 16756 16769 I art     : Starting a blocking GC Explicit
08-06 05:41:54.341 16756 16769 I art     : Explicit concurrent mark sweep GC freed 75(1296B) AllocSpace objects, 0(0B) LOS objects, 28% free, 39MB/55MB, paused 735us total 32.372ms
08-06 05:41:54.417 18022 18022 D AndroidRuntime: >>>>>> START com.android.internal.os.RuntimeInit uid 2000 <<<<<<
08-06 05:41:54.422 18022 18022 D AndroidRuntime: CheckJNI is OFF
08-06 05:41:54.456 18022 18022 D ICU     : No timezone override file found: /data/misc/zoneinfo/current/icu/icu_tzdata.dat
08-06 05:41:54.493 18022 18022 I Radio-JNI: register_android_hardware_Radio DONE
08-06 05:41:54.515 18022 18022 D AndroidRuntime: Calling main entry com.android.commands.input.Input
08-06 05:41:54.516 18022 18022 I Input   : injectMotionEvent: MotionEvent { action=ACTION_DOWN, actionButton=0, id[0]=0, x[0]=117.0, y[0]=170.0, toolType[0]=TOOL_TYPE_UNKNOWN, buttonState=0, metaState=0, flags=0x0, edgeFlags=0x0, pointerCount=1, historySize=0, eventTime=855730929, downTime=855730929, deviceId=0, source=0x1002 }
08-06 05:41:54.523 18022 18022 I Input   : injectMotionEvent: MotionEvent { action=ACTION_UP, actionButton=0, id[0]=0, x[0]=117.0, y[0]=170.0, toolType[0]=TOOL_TYPE_UNKNOWN, buttonState=0, metaState=0, flags=0x0, edgeFlags=0x0, pointerCount=1, historySize=0, eventTime=855730929, downTime=855730929, deviceId=0, source=0x1002 }
08-06 05:41:54.525 18022 18022 D AndroidRuntime: Shutting down VM
08-06 05:41:54.539   512  2967 D audio_hw_primary: out_set_parameters: enter: usecase(1: low-latency-playback) kvpairs: routing=2
08-06 05:41:54.552   512  2967 D audio_hw_primary: select_devices: out_snd_device(2: speaker) in_snd_device(0: none)
08-06 05:41:54.552   512  2967 D msm8974_platform: platform_send_audio_calibration: sending audio calibration for snd_device(2) acdb_id(15)
08-06 05:41:54.553   512  2967 I soundtrigger: audio_extn_sound_trigger_update_device_status: device 0x2 of type 0 for Event 1
08-06 05:41:54.562   512  2967 D audio_hw_primary: enable_snd_device: snd_device(2: speaker)
08-06 05:41:54.564   512  2967 D audio_hw_primary: enable_audio_route: apply and update mixer path: low-latency-playback speaker
08-06 05:41:54.627   518   646 I ThermalEngine: ACTION: GPU - Setting GPU[0] to 450000000
08-06 05:41:54.694 16756 16769 I art     : Starting a blocking GC Explicit
08-06 05:41:54.737 16756 16769 I art     : Explicit concurrent mark sweep GC freed 2443(115KB) AllocSpace objects, 2(40KB) LOS objects, 28% free, 40MB/56MB, paused 1.361ms total 42.225ms
08-06 05:41:54.755 16756 16769 I art     : Starting a blocking GC Explicit
08-06 05:41:54.791 16756 16769 I art     : Explicit concurrent mark sweep GC freed 153(3KB) AllocSpace objects, 0(0B) LOS objects, 28% free, 40MB/56MB, paused 902us total 36.264ms
08-06 05:41:54.808 16756 16769 I art     : Starting a blocking GC Explicit
08-06 05:41:54.843 16756 16769 I art     : Explicit concurrent mark sweep GC freed 77(1360B) AllocSpace objects, 0(0B) LOS objects, 28% free, 40MB/56MB, paused 883us total 35.560ms
08-06 05:41:54.860 16756 16769 I art     : Starting a blocking GC Explicit
08-06 05:41:54.896 16756 16769 I art     : Explicit concurrent mark sweep GC freed 75(1296B) AllocSpace objects, 0(0B) LOS objects, 28% free, 40MB/56MB, paused 900us total 35.810ms
08-06 05:41:54.913 16756 16769 I art     : Starting a blocking GC Explicit
08-06 05:41:54.952 16756 16769 I art     : Explicit concurrent mark sweep GC freed 81(1488B) AllocSpace objects, 0(0B) LOS objects, 28% free, 40MB/56MB, paused 965us total 38.714ms
08-06 05:41:55.109   512  2967 D audio_hw_primary: disable_audio_route: reset and update mixer path: low-latency-playback speaker
08-06 05:41:55.110   512  2967 D audio_hw_primary: disable_snd_device: snd_device(2: speaker)
08-06 05:41:55.117   512  2967 I soundtrigger: audio_extn_sound_trigger_update_device_status: device 0x2 of type 0 for Event 0
08-06 05:41:55.265 18053 18053 D AndroidRuntime: >>>>>> START com.android.internal.os.RuntimeInit uid 2000 <<<<<<
08-06 05:41:55.271 18053 18053 D AndroidRuntime: CheckJNI is OFF
08-06 05:41:55.314 18053 18053 D ICU     : No timezone override file found: /data/misc/zoneinfo/current/icu/icu_tzdata.dat
08-06 05:41:55.317 16756 16821 I art     : Starting a blocking GC Explicit
08-06 05:41:55.356 18053 18053 I Radio-JNI: register_android_hardware_Radio DONE
08-06 05:41:55.359 16756 16821 I art     : Explicit concurrent mark sweep GC freed 2032(93KB) AllocSpace objects, 2(40KB) LOS objects, 28% free, 40MB/56MB, paused 1.041ms total 41.743ms
08-06 05:41:55.376 16756 16821 I art     : Starting a blocking GC Explicit
08-06 05:41:55.387 18053 18053 D AndroidRuntime: Calling main entry com.android.commands.input.Input
08-06 05:41:55.389 18053 18053 I Input   : injectMotionEvent: MotionEvent { action=ACTION_DOWN, actionButton=0, id[0]=0, x[0]=355.0, y[0]=1674.0, toolType[0]=TOOL_TYPE_UNKNOWN, buttonState=0, metaState=0, flags=0x0, edgeFlags=0x0, pointerCount=1, historySize=0, eventTime=855731802, downTime=855731802, deviceId=0, source=0x1002 }
08-06 05:41:55.393 18053 18053 I Input   : injectMotionEvent: MotionEvent { action=ACTION_UP, actionButton=0, id[0]=0, x[0]=355.0, y[0]=1674.0, toolType[0]=TOOL_TYPE_UNKNOWN, buttonState=0, metaState=0, flags=0x0, edgeFlags=0x0, pointerCount=1, historySize=0, eventTime=855731802, downTime=855731802, deviceId=0, source=0x1002 }
08-06 05:41:55.395 18053 18053 D AndroidRuntime: Shutting down VM
08-06 05:41:55.407   512  2967 D audio_hw_primary: out_set_parameters: enter: usecase(1: low-latency-playback) kvpairs: routing=2
08-06 05:41:55.417 16756 16821 I art     : Explicit concurrent mark sweep GC freed 516(22KB) AllocSpace objects, 0(0B) LOS objects, 27% free, 42MB/58MB, paused 1.099ms total 40.230ms
08-06 05:41:55.421   512  2967 D audio_hw_primary: select_devices: out_snd_device(2: speaker) in_snd_device(0: none)
08-06 05:41:55.421   512  2967 D msm8974_platform: platform_send_audio_calibration: sending audio calibration for snd_device(2) acdb_id(15)
08-06 05:41:55.421   512  2967 I soundtrigger: audio_extn_sound_trigger_update_device_status: device 0x2 of type 0 for Event 1
08-06 05:41:55.430   512  2967 D audio_hw_primary: enable_snd_device: snd_device(2: speaker)
08-06 05:41:55.432   512  2967 D audio_hw_primary: enable_audio_route: apply and update mixer path: low-latency-playback speaker
08-06 05:41:55.434 16756 16821 I art     : Starting a blocking GC Explicit
08-06 05:41:55.473 16756 16821 I art     : Explicit concurrent mark sweep GC freed 37(3KB) AllocSpace objects, 0(0B) LOS objects, 23% free, 51MB/67MB, paused 988us total 38.350ms
08-06 05:41:55.473   512  2967 D AudioFlinger: mixer(0xf4740000) throttle end: throttle time(12)
08-06 05:41:55.489 16756 16821 I art     : Starting a blocking GC Explicit
08-06 05:41:55.528 16756 16821 I art     : Explicit concurrent mark sweep GC freed 1364(140KB) AllocSpace objects, 0(0B) LOS objects, 23% free, 50MB/66MB, paused 1.054ms total 38.070ms
08-06 05:41:55.544 16756 16821 I art     : Starting a blocking GC Explicit
08-06 05:41:55.583 16756 16821 I art     : Explicit concurrent mark sweep GC freed 6(240B) AllocSpace objects, 0(0B) LOS objects, 17% free, 73MB/89MB, paused 1.003ms total 39.089ms
08-06 05:41:55.946 16756 16769 I art     : Starting a blocking GC Explicit
08-06 05:41:55.959   512  2967 D audio_hw_primary: disable_audio_route: reset and update mixer path: low-latency-playback speaker
08-06 05:41:55.959   512  2967 D audio_hw_primary: disable_snd_device: snd_device(2: speaker)
08-06 05:41:55.967   512  2967 I soundtrigger: audio_extn_sound_trigger_update_device_status: device 0x2 of type 0 for Event 0
08-06 05:41:55.986 16756 16769 I art     : Explicit concurrent mark sweep GC freed 21(1744B) AllocSpace objects, 0(0B) LOS objects, 12% free, 115MB/131MB, paused 1.028ms total 39.368ms
08-06 05:41:56.003 16756 16769 I art     : Starting a blocking GC Explicit
08-06 05:41:56.042 16756 16769 I art     : Explicit concurrent mark sweep GC freed 3(96B) AllocSpace objects, 0(0B) LOS objects, 12% free, 115MB/131MB, paused 1.029ms total 38.773ms
08-06 05:41:56.058 16756 16769 I art     : Starting a blocking GC Explicit
08-06 05:41:56.088   918  3261 D WifiStateMachine: starting scan for "H369AA63323"WPA_PSK with 2412,5180
08-06 05:41:56.097 16756 16769 I art     : Explicit concurrent mark sweep GC freed 3(96B) AllocSpace objects, 0(0B) LOS objects, 12% free, 115MB/131MB, paused 1.068ms total 38.753ms
08-06 05:41:56.114 16756 16769 I art     : Starting a blocking GC Explicit
08-06 05:41:56.153 16756 16769 I art     : Explicit concurrent mark sweep GC freed 4(128B) AllocSpace objects, 0(0B) LOS objects, 12% free, 115MB/131MB, paused 949us total 38.936ms
08-06 05:41:56.170 16756 16769 I art     : Waiting for a blocking GC Explicit
08-06 05:41:56.179 16756 16769 I art     : WaitForGcToComplete blocked for 8.732ms for cause Explicit
08-06 05:41:56.179 16756 16769 I art     : Starting a blocking GC Explicit
08-06 05:41:56.217 16756 16769 I art     : Explicit concurrent mark sweep GC freed 9(336B) AllocSpace objects, 0(0B) LOS objects, 10% free, 134MB/150MB, paused 1.026ms total 38.310ms
08-06 05:41:56.217 16756 16766 I art     : WaitForGcToComplete blocked for 38.617ms for cause Background
08-06 05:41:56.316 16756 16756 I Choreographer: Skipped 53 frames!  The application may be doing too much work on its main thread.
08-06 05:41:56.317 16756 16756 V MainActivity: url = https://project-travel-mate.herokuapp.com/api/number-of-unread-notifications
08-06 05:41:56.587 16756 16769 I art     : Starting a blocking GC Explicit
08-06 05:41:56.633 16756 16769 I art     : Explicit concurrent mark sweep GC freed 3205(151KB) AllocSpace objects, 11(288KB) LOS objects, 10% free, 134MB/150MB, paused 1.006ms total 45.717ms
08-06 05:41:56.654 16756 16769 I art     : Starting a blocking GC Explicit
08-06 05:41:56.696 16756 16769 I art     : Explicit concurrent mark sweep GC freed 939(54KB) AllocSpace objects, 0(0B) LOS objects, 10% free, 134MB/150MB, paused 1.025ms total 42.081ms
08-06 05:41:56.713 16756 16769 I art     : Starting a blocking GC Explicit
08-06 05:41:56.754 16756 16769 I art     : Explicit concurrent mark sweep GC freed 3(96B) AllocSpace objects, 0(0B) LOS objects, 10% free, 134MB/150MB, paused 965us total 41.027ms
08-06 05:41:56.771 16756 16769 I art     : Starting a blocking GC Explicit
08-06 05:41:56.814 16756 16769 I art     : Explicit concurrent mark sweep GC freed 3(96B) AllocSpace objects, 0(0B) LOS objects, 10% free, 134MB/150MB, paused 1.009ms total 41.949ms
08-06 05:41:56.831 16756 16769 I art     : Starting a blocking GC Explicit
08-06 05:41:56.873 16756 16769 I art     : Explicit concurrent mark sweep GC freed 2549(131KB) AllocSpace objects, 2(120KB) LOS objects, 10% free, 134MB/150MB, paused 1.086ms total 42.589ms
08-06 05:41:56.894 16756 18107 I NAPPA_EXPERIMENTATION: MetricNetworkRequestExecutionTime: REQUEST_DURATION_SYSTEM='576',REQUEST_DURATION_OKHTTP='33',REQUEST_SYNCHRONOUS='FALSE',RESPONSE_CODE='200',RESPONSE_METHOD='GET',RESPONSE_LENGTH_OKHTTP='36',RESPONSE_LENGTH_HEADER='36',REQUEST_PROTOCOL='http/1.1',REQUEST_URL='https://project-travel-mate.herokuapp.com/api/number-of-unread-notifications',
08-06 05:41:57.294 16756 17031 I art     : Starting a blocking GC Explicit
08-06 05:41:57.349 16756 17031 I art     : Explicit concurrent mark sweep GC freed 2603(215KB) AllocSpace objects, 3(116KB) LOS objects, 10% free, 134MB/150MB, paused 970us total 54.661ms
08-06 05:41:57.366 16756 17031 I art     : Starting a blocking GC Explicit
08-06 05:41:57.413 16756 17031 I art     : Explicit concurrent mark sweep GC freed 35(1344B) AllocSpace objects, 0(0B) LOS objects, 10% free, 134MB/150MB, paused 1.016ms total 46.522ms
08-06 05:41:57.431 16756 17031 I art     : Starting a blocking GC Explicit
08-06 05:41:57.483 16756 17031 I art     : Explicit concurrent mark sweep GC freed 3(96B) AllocSpace objects, 0(0B) LOS objects, 10% free, 134MB/150MB, paused 1.007ms total 51.151ms
08-06 05:41:57.504 16756 17031 I art     : Starting a blocking GC Explicit
08-06 05:41:57.549 16756 17031 I art     : Explicit concurrent mark sweep GC freed 3(96B) AllocSpace objects, 0(0B) LOS objects, 10% free, 134MB/150MB, paused 1.040ms total 45.414ms
08-06 05:41:57.567 16756 17031 I art     : Starting a blocking GC Explicit
08-06 05:41:57.613 16756 17031 I art     : Explicit concurrent mark sweep GC freed 3(96B) AllocSpace objects, 0(0B) LOS objects, 10% free, 134MB/150MB, paused 1.070ms total 45.541ms
08-06 05:41:58.028 16756 16821 I art     : Starting a blocking GC Explicit
08-06 05:41:58.072 16756 16821 I art     : Explicit concurrent mark sweep GC freed 1456(84KB) AllocSpace objects, 2(36KB) LOS objects, 10% free, 134MB/150MB, paused 1.090ms total 44.024ms
08-06 05:41:58.090 16756 16821 I art     : Starting a blocking GC Explicit
08-06 05:41:58.133 16756 16821 I art     : Explicit concurrent mark sweep GC freed 40(1584B) AllocSpace objects, 0(0B) LOS objects, 10% free, 134MB/150MB, paused 1.101ms total 43.467ms
08-06 05:41:58.151 16756 16821 I art     : Starting a blocking GC Explicit
08-06 05:41:58.188 18139 18139 D AndroidRuntime: >>>>>> START com.android.internal.os.RuntimeInit uid 2000 <<<<<<
08-06 05:41:58.194 18139 18139 D AndroidRuntime: CheckJNI is OFF
08-06 05:41:58.194 16756 16821 I art     : Explicit concurrent mark sweep GC freed 8(256B) AllocSpace objects, 0(0B) LOS objects, 10% free, 134MB/150MB, paused 953us total 42.903ms
08-06 05:41:58.214 16756 16821 I art     : Starting a blocking GC Explicit
08-06 05:41:58.240 18139 18139 D ICU     : No timezone override file found: /data/misc/zoneinfo/current/icu/icu_tzdata.dat
08-06 05:41:58.255 16756 16821 I art     : Explicit concurrent mark sweep GC freed 3(96B) AllocSpace objects, 0(0B) LOS objects, 10% free, 134MB/150MB, paused 1.042ms total 40.821ms
08-06 05:41:58.272 16756 16821 I art     : Starting a blocking GC Explicit
08-06 05:41:58.285 18139 18139 I Radio-JNI: register_android_hardware_Radio DONE
08-06 05:41:58.315 18139 18139 D AndroidRuntime: Calling main entry com.android.commands.input.Input
08-06 05:41:58.315 16756 16821 I art     : Explicit concurrent mark sweep GC freed 3(96B) AllocSpace objects, 0(0B) LOS objects, 10% free, 134MB/150MB, paused 1.066ms total 42.843ms
08-06 05:41:58.317 18139 18139 I Input   : injectMotionEvent: MotionEvent { action=ACTION_DOWN, actionButton=0, id[0]=0, x[0]=747.0, y[0]=608.0, toolType[0]=TOOL_TYPE_UNKNOWN, buttonState=0, metaState=0, flags=0x0, edgeFlags=0x0, pointerCount=1, historySize=0, eventTime=855734729, downTime=855734729, deviceId=0, source=0x1002 }
08-06 05:41:58.323 18139 18139 I Input   : injectMotionEvent: MotionEvent { action=ACTION_UP, actionButton=0, id[0]=0, x[0]=747.0, y[0]=608.0, toolType[0]=TOOL_TYPE_UNKNOWN, buttonState=0, metaState=0, flags=0x0, edgeFlags=0x0, pointerCount=1, historySize=0, eventTime=855734729, downTime=855734729, deviceId=0, source=0x1002 }
08-06 05:41:58.326 18139 18139 D AndroidRuntime: Shutting down VM
08-06 05:41:58.327   918   928 I ActivityManager: START u0 {cmp=baseline.io.github.project_travel_mate/.utilities.ChecklistActivity} from uid 10696 on display 0
08-06 05:41:58.329   512  2967 D audio_hw_primary: out_set_parameters: enter: usecase(1: low-latency-playback) kvpairs: routing=2
08-06 05:41:58.342   512  2967 D audio_hw_primary: select_devices: out_snd_device(2: speaker) in_snd_device(0: none)
08-06 05:41:58.342   512  2967 D msm8974_platform: platform_send_audio_calibration: sending audio calibration for snd_device(2) acdb_id(15)
08-06 05:41:58.342   512  2967 I soundtrigger: audio_extn_sound_trigger_update_device_status: device 0x2 of type 0 for Event 1
08-06 05:41:58.352   512  2967 D audio_hw_primary: enable_snd_device: snd_device(2: speaker)
08-06 05:41:58.354   512  2967 D audio_hw_primary: enable_audio_route: apply and update mixer path: low-latency-playback speaker
08-06 05:41:58.426   918   937 W ProcessCpuTracker: Skipping unknown process pid 18148
08-06 05:41:58.426   918   937 W ProcessCpuTracker: Skipping unknown process pid 18150
08-06 05:41:58.426   918   937 W ProcessCpuTracker: Skipping unknown process pid 18153
08-06 05:41:58.460   918   927 I art     : Background sticky concurrent mark sweep GC freed 68600(9MB) AllocSpace objects, 226(4MB) LOS objects, 16% free, 71MB/85MB, paused 1.772ms total 120.766ms
08-06 05:41:58.544 13866 13866 I GoogleInputMethodServic: GoogleInputMethodService.onFinishInput():3138 
08-06 05:41:58.544   918   936 I ActivityManager: Displayed baseline.io.github.project_travel_mate/.utilities.ChecklistActivity: +207ms
08-06 05:41:58.545 13866 13866 I GoogleInputMethodServic: GoogleInputMethodService.onStartInput():1808 
08-06 05:41:58.686 16756 16768 I art     : Starting a blocking GC Explicit
08-06 05:41:58.756 16756 16768 I art     : Explicit concurrent mark sweep GC freed 3190(288KB) AllocSpace objects, 2(36KB) LOS objects, 10% free, 135MB/151MB, paused 1.580ms total 69.409ms
08-06 05:41:58.779 16756 16768 I art     : Starting a blocking GC Explicit
08-06 05:41:58.832 16756 16768 I art     : Explicit concurrent mark sweep GC freed 437(18KB) AllocSpace objects, 0(0B) LOS objects, 10% free, 135MB/151MB, paused 1.886ms total 53.017ms
08-06 05:41:58.839   380   380 W SurfaceFlinger: couldn't log to binary event log: overflow.
08-06 05:41:58.852 16756 16768 I art     : Starting a blocking GC Explicit
08-06 05:41:58.888   512  2967 D audio_hw_primary: disable_audio_route: reset and update mixer path: low-latency-playback speaker
08-06 05:41:58.889   512  2967 D audio_hw_primary: disable_snd_device: snd_device(2: speaker)
08-06 05:41:58.890 16756 16768 I art     : Explicit concurrent mark sweep GC freed 17(848B) AllocSpace objects, 0(0B) LOS objects, 10% free, 135MB/151MB, paused 961us total 37.829ms
08-06 05:41:58.897   512  2967 I soundtrigger: audio_extn_sound_trigger_update_device_status: device 0x2 of type 0 for Event 0
08-06 05:41:58.906 16756 16768 I art     : Starting a blocking GC Explicit
08-06 05:41:58.947 16756 16768 I art     : Explicit concurrent mark sweep GC freed 56(2112B) AllocSpace objects, 0(0B) LOS objects, 10% free, 135MB/151MB, paused 1.010ms total 40.335ms
08-06 05:41:58.964 16756 16768 I art     : Starting a blocking GC Explicit
08-06 05:41:59.006 16756 16768 I art     : Explicit concurrent mark sweep GC freed 15(1088B) AllocSpace objects, 0(0B) LOS objects, 10% free, 135MB/151MB, paused 1.057ms total 42.240ms
08-06 05:41:59.399 16756 17031 I art     : Starting a blocking GC Explicit
08-06 05:41:59.450 16756 17031 I art     : Explicit concurrent mark sweep GC freed 1621(93KB) AllocSpace objects, 2(36KB) LOS objects, 10% free, 135MB/151MB, paused 1.168ms total 50.681ms
08-06 05:41:59.467 16756 17031 I art     : Starting a blocking GC Explicit
08-06 05:41:59.512 16756 17031 I art     : Explicit concurrent mark sweep GC freed 32(1376B) AllocSpace objects, 0(0B) LOS objects, 10% free, 135MB/151MB, paused 1.066ms total 44.446ms
08-06 05:41:59.530 16756 17031 I art     : Starting a blocking GC Explicit
08-06 05:41:59.575 16756 17031 I art     : Explicit concurrent mark sweep GC freed 3(96B) AllocSpace objects, 0(0B) LOS objects, 10% free, 135MB/151MB, paused 1.065ms total 44.717ms
08-06 05:41:59.592 16756 17031 I art     : Starting a blocking GC Explicit
08-06 05:41:59.636 16756 17031 I art     : Explicit concurrent mark sweep GC freed 3(96B) AllocSpace objects, 0(0B) LOS objects, 10% free, 135MB/151MB, paused 1.095ms total 43.845ms
08-06 05:41:59.654 16756 17031 I art     : Starting a blocking GC Explicit
08-06 05:41:59.698 16756 17031 I art     : Explicit concurrent mark sweep GC freed 3(96B) AllocSpace objects, 0(0B) LOS objects, 10% free, 135MB/151MB, paused 1.129ms total 43.735ms
08-06 05:42:00.084 16756 16769 I art     : Starting a blocking GC Explicit
08-06 05:42:00.129 16756 16769 I art     : Explicit concurrent mark sweep GC freed 1580(91KB) AllocSpace objects, 2(36KB) LOS objects, 10% free, 135MB/151MB, paused 1.131ms total 44.372ms
08-06 05:42:00.145 16756 16769 I art     : Starting a blocking GC Explicit
08-06 05:42:00.192 16756 16769 I art     : Explicit concurrent mark sweep GC freed 28(1024B) AllocSpace objects, 0(0B) LOS objects, 10% free, 135MB/151MB, paused 1.128ms total 46.563ms
08-06 05:42:00.209 16756 16769 I art     : Starting a blocking GC Explicit
08-06 05:42:00.256 16756 16769 I art     : Explicit concurrent mark sweep GC freed 3(96B) AllocSpace objects, 0(0B) LOS objects, 10% free, 135MB/151MB, paused 1.150ms total 46.310ms
08-06 05:42:00.274 16756 16769 I art     : Starting a blocking GC Explicit
08-06 05:42:00.323 16756 16769 I art     : Explicit concurrent mark sweep GC freed 3(96B) AllocSpace objects, 0(0B) LOS objects, 10% free, 135MB/151MB, paused 1.213ms total 48.761ms
08-06 05:42:00.340 16756 16769 I art     : Starting a blocking GC Explicit
08-06 05:42:00.390 16756 16769 I art     : Explicit concurrent mark sweep GC freed 3(96B) AllocSpace objects, 0(0B) LOS objects, 10% free, 135MB/151MB, paused 1.285ms total 49.690ms
08-06 05:42:00.840 16756 16821 I art     : Starting a blocking GC Explicit
08-06 05:42:00.901 16756 16821 I art     : Explicit concurrent mark sweep GC freed 1626(93KB) AllocSpace objects, 2(36KB) LOS objects, 10% free, 135MB/151MB, paused 1.281ms total 59.458ms
08-06 05:42:00.922 16756 16821 I art     : Starting a blocking GC Explicit
08-06 05:42:00.969 16756 16821 I art     : Explicit concurrent mark sweep GC freed 38(1568B) AllocSpace objects, 0(0B) LOS objects, 10% free, 135MB/151MB, paused 1.179ms total 46.450ms
08-06 05:42:00.987 16756 16821 I art     : Starting a blocking GC Explicit
08-06 05:42:01.035 16756 16821 I art     : Explicit concurrent mark sweep GC freed 3(96B) AllocSpace objects, 0(0B) LOS objects, 10% free, 135MB/151MB, paused 1.211ms total 47.559ms
08-06 05:42:01.052 16756 16821 I art     : Starting a blocking GC Explicit
08-06 05:42:01.102 16756 16821 I art     : Explicit concurrent mark sweep GC freed 3(96B) AllocSpace objects, 0(0B) LOS objects, 10% free, 135MB/151MB, paused 1.207ms total 49.552ms
08-06 05:42:01.122 16756 16821 I art     : Starting a blocking GC Explicit
08-06 05:42:01.169 16756 16821 I art     : Explicit concurrent mark sweep GC freed 3(96B) AllocSpace objects, 0(0B) LOS objects, 10% free, 135MB/151MB, paused 1.181ms total 46.041ms
08-06 05:42:01.221   918  3188 I hubconnection: sensorhub said: 'set_bias 3: -5.4816, 0.0000, 0.0000'
08-06 05:42:01.600 16756 16768 I art     : Starting a blocking GC Explicit
08-06 05:42:01.657 16756 16768 I art     : Explicit concurrent mark sweep GC freed 1616(93KB) AllocSpace objects, 2(36KB) LOS objects, 10% free, 135MB/151MB, paused 1.212ms total 56.320ms
08-06 05:42:01.678 16756 16768 I art     : Starting a blocking GC Explicit
08-06 05:42:01.728 16756 16768 I art     : Explicit concurrent mark sweep GC freed 28(1024B) AllocSpace objects, 0(0B) LOS objects, 10% free, 135MB/151MB, paused 1.119ms total 50.530ms
08-06 05:42:01.746 16756 16768 I art     : Starting a blocking GC Explicit
08-06 05:42:01.795 16756 16768 I art     : Explicit concurrent mark sweep GC freed 3(96B) AllocSpace objects, 0(0B) LOS objects, 10% free, 135MB/151MB, paused 1.215ms total 49.288ms
08-06 05:42:01.816 16756 16768 I art     : Starting a blocking GC Explicit
08-06 05:42:01.862 16756 16768 I art     : Explicit concurrent mark sweep GC freed 15(752B) AllocSpace objects, 0(0B) LOS objects, 10% free, 135MB/151MB, paused 1.080ms total 45.933ms
08-06 05:42:01.880 16756 16768 I art     : Starting a blocking GC Explicit
08-06 05:42:01.929 16756 16768 I art     : Explicit concurrent mark sweep GC freed 13(640B) AllocSpace objects, 0(0B) LOS objects, 10% free, 135MB/151MB, paused 1.180ms total 48.399ms
08-06 05:42:02.356 16756 17031 I art     : Starting a blocking GC Explicit
08-06 05:42:02.405 16756 17031 I art     : Explicit concurrent mark sweep GC freed 1582(91KB) AllocSpace objects, 2(36KB) LOS objects, 10% free, 135MB/151MB, paused 1.140ms total 48.497ms
08-06 05:42:02.423 16756 17031 I art     : Starting a blocking GC Explicit
08-06 05:42:02.471 16756 17031 I art     : Explicit concurrent mark sweep GC freed 59(1856B) AllocSpace objects, 0(0B) LOS objects, 10% free, 135MB/151MB, paused 1.150ms total 47.737ms
08-06 05:42:02.489 16756 17031 I art     : Starting a blocking GC Explicit
08-06 05:42:02.538 16756 17031 I art     : Explicit concurrent mark sweep GC freed 3(96B) AllocSpace objects, 0(0B) LOS objects, 10% free, 135MB/151MB, paused 1.230ms total 48.614ms
08-06 05:42:02.555 16756 17031 I art     : Starting a blocking GC Explicit
08-06 05:42:02.599 16756 17031 I art     : Explicit concurrent mark sweep GC freed 3(96B) AllocSpace objects, 0(0B) LOS objects, 10% free, 135MB/151MB, paused 1.056ms total 43.569ms
08-06 05:42:02.616 16756 17031 I art     : Starting a blocking GC Explicit
08-06 05:42:02.641   518   646 I ThermalEngine: ACTION: GPU - Setting GPU[0] to 510000000
08-06 05:42:02.659 16756 17031 I art     : Explicit concurrent mark sweep GC freed 3(96B) AllocSpace objects, 0(0B) LOS objects, 10% free, 135MB/151MB, paused 1.140ms total 41.813ms
08-06 05:42:03.003 18256 18256 D AndroidRuntime: >>>>>> START com.android.internal.os.RuntimeInit uid 2000 <<<<<<
08-06 05:42:03.008 18256 18256 D AndroidRuntime: CheckJNI is OFF
08-06 05:42:03.014 16756 16769 I art     : Starting a blocking GC Explicit
08-06 05:42:03.043 18256 18256 D ICU     : No timezone override file found: /data/misc/zoneinfo/current/icu/icu_tzdata.dat
08-06 05:42:03.050 16756 16769 I art     : Explicit concurrent mark sweep GC freed 1582(91KB) AllocSpace objects, 2(36KB) LOS objects, 10% free, 135MB/151MB, paused 823us total 35.670ms
08-06 05:42:03.064 16756 16769 I art     : Starting a blocking GC Explicit
08-06 05:42:03.079 18256 18256 I Radio-JNI: register_android_hardware_Radio DONE
08-06 05:42:03.097 16756 16769 I art     : Explicit concurrent mark sweep GC freed 28(1024B) AllocSpace objects, 0(0B) LOS objects, 10% free, 135MB/151MB, paused 869us total 32.649ms
08-06 05:42:03.101 18256 18256 D AndroidRuntime: Calling main entry com.android.commands.input.Input
08-06 05:42:03.103 18256 18256 I Input   : injectKeyEvent: KeyEvent { action=ACTION_DOWN, keyCode=KEYCODE_BACK, scanCode=0, metaState=0, flags=0x0, repeatCount=0, eventTime=855739516, downTime=855739516, deviceId=-1, source=0x101 }
08-06 05:42:03.109 18256 18256 I Input   : injectKeyEvent: KeyEvent { action=ACTION_UP, keyCode=KEYCODE_BACK, scanCode=0, metaState=0, flags=0x0, repeatCount=0, eventTime=855739516, downTime=855739516, deviceId=-1, source=0x101 }
08-06 05:42:03.110 16756 16769 I art     : Starting a blocking GC Explicit
08-06 05:42:03.116 18256 18256 D AndroidRuntime: Shutting down VM
08-06 05:42:03.126 16756 16756 V MainActivity: url = https://project-travel-mate.herokuapp.com/api/number-of-unread-notifications
08-06 05:42:03.143 16756 16769 I art     : Explicit concurrent mark sweep GC freed 294(12KB) AllocSpace objects, 0(0B) LOS objects, 10% free, 135MB/151MB, paused 858us total 32.638ms
08-06 05:42:03.156 16756 16769 I art     : Starting a blocking GC Explicit
08-06 05:42:03.158 13866 13866 I GoogleInputMethodServic: GoogleInputMethodService.onFinishInput():3138 
08-06 05:42:03.159 13866 13866 I GoogleInputMethodServic: GoogleInputMethodService.onStartInput():1808 
08-06 05:42:03.192 16756 16769 I art     : Explicit concurrent mark sweep GC freed 165(7KB) AllocSpace objects, 0(0B) LOS objects, 10% free, 135MB/151MB, paused 1.212ms total 35.588ms
08-06 05:42:03.206 16756 16769 I art     : Starting a blocking GC Explicit
08-06 05:42:03.236 16756 16769 I art     : Explicit concurrent mark sweep GC freed 54(3KB) AllocSpace objects, 0(0B) LOS objects, 10% free, 135MB/151MB, paused 759us total 29.442ms
08-06 05:42:03.443   380   380 W SurfaceFlinger: couldn't log to binary event log: overflow.
08-06 05:42:03.559 16756 16821 I art     : Starting a blocking GC Explicit
08-06 05:42:03.599 16756 16821 I art     : Explicit concurrent mark sweep GC freed 2046(112KB) AllocSpace objects, 2(36KB) LOS objects, 10% free, 135MB/151MB, paused 1.108ms total 39.075ms
08-06 05:42:03.616 16756 16821 I art     : Starting a blocking GC Explicit
08-06 05:42:03.654 16756 16821 I art     : Explicit concurrent mark sweep GC freed 160(7KB) AllocSpace objects, 0(0B) LOS objects, 10% free, 135MB/151MB, paused 1.032ms total 37.350ms
08-06 05:42:03.668 16756 16821 I art     : Starting a blocking GC Explicit
08-06 05:42:03.703 16756 16821 I art     : Explicit concurrent mark sweep GC freed 15(752B) AllocSpace objects, 0(0B) LOS objects, 10% free, 135MB/151MB, paused 868us total 35.494ms
08-06 05:42:03.717 16756 16821 I art     : Starting a blocking GC Explicit
08-06 05:42:03.754 16756 16821 I art     : Explicit concurrent mark sweep GC freed 13(640B) AllocSpace objects, 0(0B) LOS objects, 10% free, 135MB/151MB, paused 1.035ms total 36.657ms
08-06 05:42:03.767 16756 16821 I art     : Starting a blocking GC Explicit
08-06 05:42:03.803 16756 16821 I art     : Explicit concurrent mark sweep GC freed 3(96B) AllocSpace objects, 0(0B) LOS objects, 10% free, 135MB/151MB, paused 907us total 35.698ms
08-06 05:42:03.969 16756 18279 I NAPPA_EXPERIMENTATION: MetricNetworkRequestExecutionTime: REQUEST_DURATION_SYSTEM='843',REQUEST_DURATION_OKHTTP='34',REQUEST_SYNCHRONOUS='FALSE',RESPONSE_CODE='200',RESPONSE_METHOD='GET',RESPONSE_LENGTH_OKHTTP='36',RESPONSE_LENGTH_HEADER='36',REQUEST_PROTOCOL='http/1.1',REQUEST_URL='https://project-travel-mate.herokuapp.com/api/number-of-unread-notifications',
08-06 05:42:04.020 17187 17187 I ServiceManager: Waiting for service AtCmdFwd...
08-06 05:42:04.147 16756 16769 I art     : Starting a blocking GC Explicit
08-06 05:42:04.195 16756 16769 I art     : Explicit concurrent mark sweep GC freed 4383(239KB) AllocSpace objects, 5(236KB) LOS objects, 10% free, 135MB/151MB, paused 1.001ms total 47.332ms
08-06 05:42:04.212 16756 16769 I art     : Starting a blocking GC Explicit
08-06 05:42:04.250 16756 16769 I art     : Explicit concurrent mark sweep GC freed 962(117KB) AllocSpace objects, 0(0B) LOS objects, 10% free, 135MB/151MB, paused 878us total 37.285ms
08-06 05:42:04.263 16756 16769 I art     : Starting a blocking GC Explicit
08-06 05:42:04.300 16756 16769 I art     : Explicit concurrent mark sweep GC freed 3(96B) AllocSpace objects, 0(0B) LOS objects, 10% free, 135MB/151MB, paused 861us total 36.667ms
08-06 05:42:04.314 16756 16769 I art     : Starting a blocking GC Explicit
08-06 05:42:04.351 16756 16769 I art     : Explicit concurrent mark sweep GC freed 3(96B) AllocSpace objects, 0(0B) LOS objects, 10% free, 135MB/151MB, paused 822us total 36.542ms
08-06 05:42:04.365 16756 16769 I art     : Starting a blocking GC Explicit
08-06 05:42:04.399 16756 16769 I art     : Explicit concurrent mark sweep GC freed 3(96B) AllocSpace objects, 0(0B) LOS objects, 10% free, 135MB/151MB, paused 901us total 33.934ms
08-06 05:42:04.747 16756 16768 I art     : Starting a blocking GC Explicit
08-06 05:42:04.787 18301 18301 D AndroidRuntime: >>>>>> START com.android.internal.os.RuntimeInit uid 2000 <<<<<<
08-06 05:42:04.795 18301 18301 D AndroidRuntime: CheckJNI is OFF
08-06 05:42:04.805 16756 16768 I art     : Explicit concurrent mark sweep GC freed 1620(93KB) AllocSpace objects, 2(36KB) LOS objects, 10% free, 135MB/151MB, paused 903us total 57.013ms
08-06 05:42:04.818 16756 16768 I art     : Starting a blocking GC Explicit
08-06 05:42:04.830 18301 18301 D ICU     : No timezone override file found: /data/misc/zoneinfo/current/icu/icu_tzdata.dat
08-06 05:42:04.851 16756 16768 I art     : Explicit concurrent mark sweep GC freed 45(1840B) AllocSpace objects, 0(0B) LOS objects, 10% free, 135MB/151MB, paused 799us total 32.964ms
08-06 05:42:04.864 18301 18301 I Radio-JNI: register_android_hardware_Radio DONE
08-06 05:42:04.865 16756 16768 I art     : Starting a blocking GC Explicit
08-06 05:42:04.885 18301 18301 D AndroidRuntime: Calling main entry com.android.commands.input.Input
08-06 05:42:04.887 18301 18301 I Input   : injectMotionEvent: MotionEvent { action=ACTION_DOWN, actionButton=0, id[0]=0, x[0]=657.0, y[0]=2037.0, toolType[0]=TOOL_TYPE_UNKNOWN, buttonState=0, metaState=0, flags=0x0, edgeFlags=0x0, pointerCount=1, historySize=0, eventTime=855741299, downTime=855741299, deviceId=0, source=0x1002 }
08-06 05:42:04.893 18301 18301 I Input   : injectMotionEvent: MotionEvent { action=ACTION_UP, actionButton=0, id[0]=0, x[0]=657.0, y[0]=2037.0, toolType[0]=TOOL_TYPE_UNKNOWN, buttonState=0, metaState=0, flags=0x0, edgeFlags=0x0, pointerCount=1, historySize=0, eventTime=855741299, downTime=855741299, deviceId=0, source=0x1002 }
08-06 05:42:04.896 18301 18301 D AndroidRuntime: Shutting down VM
08-06 05:42:04.900 16756 16768 I art     : Explicit concurrent mark sweep GC freed 23(960B) AllocSpace objects, 0(0B) LOS objects, 10% free, 135MB/151MB, paused 1.384ms total 35.084ms
08-06 05:42:04.901   918  3696 I ActivityManager: START u0 {cmp=baseline.io.github.project_travel_mate/.utilities.CompassActivity} from uid 10696 on display 0
08-06 05:42:04.901   512  2967 D audio_hw_primary: out_set_parameters: enter: usecase(1: low-latency-playback) kvpairs: routing=2
08-06 05:42:04.914 16756 16768 I art     : Starting a blocking GC Explicit
08-06 05:42:04.914   512  2967 D audio_hw_primary: select_devices: out_snd_device(2: speaker) in_snd_device(0: none)
08-06 05:42:04.915   512  2967 D msm8974_platform: platform_send_audio_calibration: sending audio calibration for snd_device(2) acdb_id(15)
08-06 05:42:04.915   512  2967 I soundtrigger: audio_extn_sound_trigger_update_device_status: device 0x2 of type 0 for Event 1
08-06 05:42:04.925   512  2967 D audio_hw_primary: enable_snd_device: snd_device(2: speaker)
08-06 05:42:04.927   512  2967 D audio_hw_primary: enable_audio_route: apply and update mixer path: low-latency-playback speaker
08-06 05:42:04.949 16756 16768 I art     : Explicit concurrent mark sweep GC freed 305(26KB) AllocSpace objects, 0(0B) LOS objects, 10% free, 135MB/151MB, paused 965us total 34.560ms
08-06 05:42:04.961 16756 16768 I art     : Starting a blocking GC Explicit
08-06 05:42:04.992 16756 16768 I art     : Explicit concurrent mark sweep GC freed 142(20KB) AllocSpace objects, 0(0B) LOS objects, 7% free, 184MB/200MB, paused 919us total 30.682ms
08-06 05:42:05.021 17187 17187 I ServiceManager: Waiting for service AtCmdFwd...
08-06 05:42:05.303 16756 16821 I art     : Starting a blocking GC Explicit
08-06 05:42:05.332 16756 16756 D CompassActivity: start compass
08-06 05:42:05.337   918  5481 I sensors : batch
08-06 05:42:05.337   918  5481 I sensors : activate
08-06 05:42:05.337   918  6029 I sensors : batch
08-06 05:42:05.337   918  6029 I sensors : activate
08-06 05:42:05.339 16756 16821 I art     : Explicit concurrent mark sweep GC freed 1717(98KB) AllocSpace objects, 2(36KB) LOS objects, 7% free, 187MB/203MB, paused 1.055ms total 36.598ms
08-06 05:42:05.344   918  3188 I hubconnection: sensorhub said: 'batch 1 flags:0, sampling_rate_Hz:50.00, max_report_latency_us:0'
08-06 05:42:05.345   918  3188 I hubconnection: sensorhub said: 'activate 1 enable:1'
08-06 05:42:05.346   918  3188 I hubconnection: sensorhub said: 'batch 3 flags:0, sampling_rate_Hz:50.00, max_report_latency_us:0'
08-06 05:42:05.348   918  3188 I hubconnection: sensorhub said: 'activate 3 enable:1'
08-06 05:42:05.353 16756 16821 I art     : Starting a blocking GC Explicit
08-06 05:42:05.385 16756 16821 I art     : Explicit concurrent mark sweep GC freed 91(5KB) AllocSpace objects, 0(0B) LOS objects, 7% free, 187MB/203MB, paused 756us total 31.465ms
08-06 05:42:05.402 16756 16821 I art     : Starting a blocking GC Explicit
08-06 05:42:05.436 16756 16821 I art     : Explicit concurrent mark sweep GC freed 71(2432B) AllocSpace objects, 0(0B) LOS objects, 7% free, 187MB/203MB, paused 826us total 33.159ms
08-06 05:42:05.452 16756 16821 I art     : Starting a blocking GC Explicit
08-06 05:42:05.459   512  2967 D audio_hw_primary: disable_audio_route: reset and update mixer path: low-latency-playback speaker
08-06 05:42:05.460   512  2967 D audio_hw_primary: disable_snd_device: snd_device(2: speaker)
08-06 05:42:05.470   512  2967 I soundtrigger: audio_extn_sound_trigger_update_device_status: device 0x2 of type 0 for Event 0
08-06 05:42:05.483 16756 16821 I art     : Explicit concurrent mark sweep GC freed 50(1520B) AllocSpace objects, 0(0B) LOS objects, 7% free, 187MB/203MB, paused 966us total 31.280ms
08-06 05:42:05.499 16756 16756 D CompassActivity: will set rotation from 0.0 to 179.73718
08-06 05:42:05.500 16756 16756 D CompassActivity: will set rotation from 179.73718 to 179.7348
08-06 05:42:05.501 16756 16821 I art     : Starting a blocking GC Explicit
08-06 05:42:05.504   918   936 I ActivityManager: Displayed baseline.io.github.project_travel_mate/.utilities.CompassActivity: +587ms
08-06 05:42:05.513 13866 13866 I GoogleInputMethodServic: GoogleInputMethodService.onFinishInput():3138 
08-06 05:42:05.515 13866 13866 I GoogleInputMethodServic: GoogleInputMethodService.onStartInput():1808 
08-06 05:42:05.531 16756 16821 I art     : Explicit concurrent mark sweep GC freed 38(3KB) AllocSpace objects, 0(0B) LOS objects, 7% free, 187MB/203MB, paused 795us total 29.871ms
08-06 05:42:05.575 16756 16756 D CompassActivity: will set rotation from 179.7348 to 180.00833
08-06 05:42:05.575 16756 16756 D CompassActivity: will set rotation from 180.00833 to 180.00278
08-06 05:42:05.575 16756 16756 D CompassActivity: will set rotation from 180.00278 to 180.0787
08-06 05:42:05.575 16756 16756 D CompassActivity: will set rotation from 180.0787 to 180.06636
08-06 05:42:05.575 16756 16756 D CompassActivity: will set rotation from 180.06636 to 179.85217
08-06 05:42:05.576 16756 16756 D CompassActivity: will set rotation from 179.85217 to 179.85358
08-06 05:42:05.576 16756 16756 D CompassActivity: will set rotation from 179.85358 to 179.82013
08-06 05:42:05.576 16756 16756 D CompassActivity: will set rotation from 179.82013 to 179.82288
08-06 05:42:05.668 16756 16756 D CompassActivity: will set rotation from 179.82288 to 179.6272
08-06 05:42:05.668 16756 16756 D CompassActivity: will set rotation from 179.6272 to 179.62286
08-06 05:42:05.668 16756 16756 D CompassActivity: will set rotation from 179.62286 to 179.79614
08-06 05:42:05.668 16756 16756 D CompassActivity: will set rotation from 179.79614 to 179.79498
08-06 05:42:05.668 16756 16756 D CompassActivity: will set rotation from 179.79498 to 179.79297
08-06 05:42:05.668 16756 16756 D CompassActivity: will set rotation from 179.79297 to 179.79205
08-06 05:42:05.668 16756 16756 D CompassActivity: will set rotation from 179.79205 to 179.77686
08-06 05:42:05.668 16756 16756 D CompassActivity: will set rotation from 179.77686 to 179.78015
08-06 05:42:05.671 16756 16756 D CompassActivity: will set rotation from 179.78015 to 179.72296
08-06 05:42:05.672 16756 16756 D CompassActivity: will set rotation from 179.72296 to 179.72205
08-06 05:42:05.688 16756 16756 D CompassActivity: will set rotation from 179.72205 to 179.72614
08-06 05:42:05.688 16756 16756 D CompassActivity: will set rotation from 179.72614 to 179.72266
08-06 05:42:05.708 16756 16756 D CompassActivity: will set rotation from 179.72266 to 179.73541
08-06 05:42:05.709 16756 16756 D CompassActivity: will set rotation from 179.73541 to 179.73901
08-06 05:42:05.728 16756 16756 D CompassActivity: will set rotation from 179.73901 to 179.78796
08-06 05:42:05.729 16756 16756 D CompassActivity: will set rotation from 179.78796 to 179.78876
08-06 05:42:05.746   380   380 W SurfaceFlinger: couldn't log to binary event log: overflow.
08-06 05:42:05.750 16756 16756 D CompassActivity: will set rotation from 179.78876 to 179.75006
08-06 05:42:05.750 16756 16756 D CompassActivity: will set rotation from 179.75006 to 179.75195
08-06 05:42:05.769 16756 16756 D CompassActivity: will set rotation from 179.75195 to 179.8349
08-06 05:42:05.769 16756 16756 D CompassActivity: will set rotation from 179.8349 to 179.83673
08-06 05:42:05.788 16756 16756 D CompassActivity: will set rotation from 179.83673 to 179.8728
08-06 05:42:05.788 16756 16756 D CompassActivity: will set rotation from 179.8728 to 179.87177
08-06 05:42:05.808 16756 16756 D CompassActivity: will set rotation from 179.87177 to 179.8656
08-06 05:42:05.808 16756 16756 D CompassActivity: will set rotation from 179.8656 to 179.86731
08-06 05:42:05.828 16756 16756 D CompassActivity: will set rotation from 179.86731 to 179.83307
08-06 05:42:05.829 16756 16756 D CompassActivity: will set rotation from 179.83307 to 179.83453
08-06 05:42:05.849 16756 16756 D CompassActivity: will set rotation from 179.83453 to 179.86774
08-06 05:42:05.849 16756 16756 D CompassActivity: will set rotation from 179.86774 to 179.86853
08-06 05:42:05.869 16756 16756 D CompassActivity: will set rotation from 179.86853 to 179.8324
08-06 05:42:05.869 16756 16756 D CompassActivity: will set rotation from 179.8324 to 179.83496
08-06 05:42:05.871 16756 17031 I art     : Starting a blocking GC Explicit
08-06 05:42:05.911 16756 17031 I art     : Explicit concurrent mark sweep GC freed 1870(112KB) AllocSpace objects, 2(36KB) LOS objects, 7% free, 187MB/203MB, paused 823us total 39.684ms
08-06 05:42:05.924 16756 17031 I art     : Starting a blocking GC Explicit
08-06 05:42:05.949 16756 16756 D CompassActivity: will set rotation from 179.83496 to 179.80548
08-06 05:42:05.950 16756 16756 D CompassActivity: will set rotation from 179.80548 to 179.8053
08-06 05:42:05.950 16756 16756 D CompassActivity: will set rotation from 179.8053 to 179.8086
08-06 05:42:05.950 16756 16756 D CompassActivity: will set rotation from 179.8086 to 179.8097
08-06 05:42:05.950 16756 16756 D CompassActivity: will set rotation from 179.8097 to 179.89093
08-06 05:42:05.950 16756 16756 D CompassActivity: will set rotation from 179.89093 to 179.89136
08-06 05:42:05.950 16756 16756 D CompassActivity: will set rotation from 179.89136 to 179.88318
08-06 05:42:05.950 16756 16756 D CompassActivity: will set rotation from 179.88318 to 179.88477
08-06 05:42:05.957 16756 17031 I art     : Explicit concurrent mark sweep GC freed 618(26KB) AllocSpace objects, 0(0B) LOS objects, 7% free, 187MB/203MB, paused 911us total 32.632ms
08-06 05:42:05.969 16756 16756 D CompassActivity: will set rotation from 179.88477 to 179.87231
08-06 05:42:05.969 16756 17031 I art     : Starting a blocking GC Explicit
08-06 05:42:05.969 16756 16756 D CompassActivity: will set rotation from 179.87231 to 179.87476
08-06 05:42:05.987 16756 16756 D CompassActivity: will set rotation from 179.87476 to 179.84015
08-06 05:42:05.987 16756 16756 D CompassActivity: will set rotation from 179.84015 to 179.84021
08-06 05:42:06.001 16756 17031 I art     : Explicit concurrent mark sweep GC freed 145(6KB) AllocSpace objects, 0(0B) LOS objects, 7% free, 187MB/203MB, paused 723us total 31.646ms
08-06 05:42:06.007 16756 16756 D CompassActivity: will set rotation from 179.84021 to 179.83679
08-06 05:42:06.008 16756 16756 D CompassActivity: will set rotation from 179.83679 to 179.8385
08-06 05:42:06.014 16756 17031 I art     : Starting a blocking GC Explicit
08-06 05:42:06.021 17187 17187 I ServiceManager: Waiting for service AtCmdFwd...
08-06 05:42:06.028 16756 16756 D CompassActivity: will set rotation from 179.8385 to 179.83752
08-06 05:42:06.028 16756 16756 D CompassActivity: will set rotation from 179.83752 to 179.83606
08-06 05:42:06.047 16756 17031 I art     : Explicit concurrent mark sweep GC freed 73(3KB) AllocSpace objects, 0(0B) LOS objects, 7% free, 187MB/203MB, paused 838us total 32.779ms
08-06 05:42:06.048 16756 16756 D CompassActivity: will set rotation from 179.83606 to 179.81018
08-06 05:42:06.048 16756 16756 D CompassActivity: will set rotation from 179.81018 to 179.80896
08-06 05:42:06.059 16756 17031 I art     : Starting a blocking GC Explicit
08-06 05:42:06.067 16756 16756 D CompassActivity: will set rotation from 179.80896 to 179.78052
08-06 05:42:06.067 16756 16756 D CompassActivity: will set rotation from 179.78052 to 179.78229
08-06 05:42:06.087 16756 16756 D CompassActivity: will set rotation from 179.78229 to 179.78406
08-06 05:42:06.087 16756 16756 D CompassActivity: will set rotation from 179.78406 to 179.78662
08-06 05:42:06.095 16756 17031 I art     : Explicit concurrent mark sweep GC freed 103(5KB) AllocSpace objects, 0(0B) LOS objects, 7% free, 187MB/203MB, paused 837us total 35.757ms
08-06 05:42:06.107 16756 16756 D CompassActivity: will set rotation from 179.78662 to 179.81104
08-06 05:42:06.108 16756 16756 D CompassActivity: will set rotation from 179.81104 to 179.81213
08-06 05:42:06.127 16756 16756 D CompassActivity: will set rotation from 179.81213 to 179.83179
08-06 05:42:06.128 16756 16756 D CompassActivity: will set rotation from 179.83179 to 179.83038
08-06 05:42:06.148 16756 16756 D CompassActivity: will set rotation from 179.83038 to 179.85382
08-06 05:42:06.149 16756 16756 D CompassActivity: will set rotation from 179.85382 to 179.85199
08-06 05:42:06.168 16756 16756 D CompassActivity: will set rotation from 179.85199 to 179.828
08-06 05:42:06.168 16756 16756 D CompassActivity: will set rotation from 179.828 to 179.82574
08-06 05:42:06.187 16756 16756 D CompassActivity: will set rotation from 179.82574 to 179.84644
08-06 05:42:06.187 16756 16756 D CompassActivity: will set rotation from 179.84644 to 179.84576
08-06 05:42:06.206 16756 16756 D CompassActivity: will set rotation from 179.84576 to 179.84857
08-06 05:42:06.207 16756 16756 D CompassActivity: will set rotation from 179.84857 to 179.84656
08-06 05:42:06.227 16756 16756 D CompassActivity: will set rotation from 179.84656 to 179.91052
08-06 05:42:06.227 16756 16756 D CompassActivity: will set rotation from 179.91052 to 179.91003
08-06 05:42:06.248 16756 16756 D CompassActivity: will set rotation from 179.91003 to 179.95209
08-06 05:42:06.249 16756 16756 D CompassActivity: will set rotation from 179.95209 to 179.95056
08-06 05:42:06.269 16756 16756 D CompassActivity: will set rotation from 179.95056 to 179.96655
08-06 05:42:06.269 16756 16756 D CompassActivity: will set rotation from 179.96655 to 179.96613
08-06 05:42:06.287 16756 16756 D CompassActivity: will set rotation from 179.96613 to 179.9812
08-06 05:42:06.287 16756 16756 D CompassActivity: will set rotation from 179.9812 to 179.98328
08-06 05:42:06.306 16756 16756 D CompassActivity: will set rotation from 179.98328 to 179.99664
08-06 05:42:06.306 16756 16756 D CompassActivity: will set rotation from 179.99664 to 179.99646
08-06 05:42:06.326 16756 16756 D CompassActivity: will set rotation from 179.99646 to 180.05106
08-06 05:42:06.327 16756 16756 D CompassActivity: will set rotation from 180.05106 to 180.04958
08-06 05:42:06.346 16756 16756 D CompassActivity: will set rotation from 180.04958 to 180.08147
08-06 05:42:06.347 16756 16756 D CompassActivity: will set rotation from 180.08147 to 180.0819
08-06 05:42:06.368 16756 16756 D CompassActivity: will set rotation from 180.0819 to 180.09338
08-06 05:42:06.369 16756 16756 D CompassActivity: will set rotation from 180.09338 to 180.0929
08-06 05:42:06.387 16756 16756 D CompassActivity: will set rotation from 180.0929 to 180.10046
08-06 05:42:06.387 16756 16756 D CompassActivity: will set rotation from 180.10046 to 180.09882
08-06 05:42:06.406 16756 16756 D CompassActivity: will set rotation from 180.09882 to 180.08488
08-06 05:42:06.406 16756 16756 D CompassActivity: will set rotation from 180.08488 to 180.08441
08-06 05:42:06.426 16756 16756 D CompassActivity: will set rotation from 180.08441 to 180.07469
08-06 05:42:06.426 16756 16756 D CompassActivity: will set rotation from 180.07469 to 180.07552
08-06 05:42:06.446 16756 16756 D CompassActivity: will set rotation from 180.07552 to 180.08513
08-06 05:42:06.447 16756 16756 D CompassActivity: will set rotation from 180.08513 to 180.08443
08-06 05:42:06.467 16756 16756 D CompassActivity: will set rotation from 180.08443 to 180.09276
08-06 05:42:06.468 16756 16756 D CompassActivity: will set rotation from 180.09276 to 180.092
08-06 05:42:06.473 16756 17031 I art     : Starting a blocking GC Explicit
08-06 05:42:06.486 16756 16756 D CompassActivity: will set rotation from 180.092 to 180.08125
08-06 05:42:06.487 16756 16756 D CompassActivity: will set rotation from 180.08125 to 180.08215
08-06 05:42:06.507 16756 16756 D CompassActivity: will set rotation from 180.08215 to 180.07193
08-06 05:42:06.507 16756 16756 D CompassActivity: will set rotation from 180.07193 to 180.0735
08-06 05:42:06.518 16756 17031 I art     : Explicit concurrent mark sweep GC freed 2024(119KB) AllocSpace objects, 2(36KB) LOS objects, 7% free, 187MB/203MB, paused 1.084ms total 45.446ms
08-06 05:42:06.526 16756 16756 D CompassActivity: will set rotation from 180.0735 to 180.06128
08-06 05:42:06.527 16756 16756 D CompassActivity: will set rotation from 180.06128 to 180.0601
08-06 05:42:06.533 16756 17031 I art     : Starting a blocking GC Explicit
08-06 05:42:06.545 16756 16756 D CompassActivity: will set rotation from 180.0601 to 180.03267
08-06 05:42:06.546 16756 16756 D CompassActivity: will set rotation from 180.03267 to 180.03197
08-06 05:42:06.567 16756 16756 D CompassActivity: will set rotation from 180.03197 to 180.03859
08-06 05:42:06.568 16756 16756 D CompassActivity: will set rotation from 180.03859 to 180.03796
08-06 05:42:06.574 16756 17031 I art     : Explicit concurrent mark sweep GC freed 717(28KB) AllocSpace objects, 0(0B) LOS objects, 7% free, 187MB/203MB, paused 822us total 39.468ms
08-06 05:42:06.585 16756 16756 D CompassActivity: will set rotation from 180.03796 to 180.02803
08-06 05:42:06.586 16756 16756 D CompassActivity: will set rotation from 180.02803 to 180.02765
08-06 05:42:06.589 16756 17031 I art     : Starting a blocking GC Explicit
08-06 05:42:06.605 16756 16756 D CompassActivity: will set rotation from 180.02765 to 180.03838
08-06 05:42:06.606 16756 16756 D CompassActivity: will set rotation from 180.03838 to 180.03778
08-06 05:42:06.625 16756 16756 D CompassActivity: will set rotation from 180.03778 to 180.04808
08-06 05:42:06.627 16756 16756 D CompassActivity: will set rotation from 180.04808 to 180.04822
08-06 05:42:06.628 16756 17031 I art     : Explicit concurrent mark sweep GC freed 153(6KB) AllocSpace objects, 0(0B) LOS objects, 7% free, 187MB/203MB, paused 952us total 37.735ms
08-06 05:42:06.645 16756 17031 I art     : Starting a blocking GC Explicit
08-06 05:42:06.646 16756 16756 D CompassActivity: will set rotation from 180.04822 to 180.0733
08-06 05:42:06.647 16756 16756 D CompassActivity: will set rotation from 180.0733 to 180.07304
08-06 05:42:06.648   518   646 I ThermalEngine: ACTION: GPU - Setting GPU[0] to 450000000
08-06 05:42:06.669 16756 16756 D CompassActivity: will set rotation from 180.07304 to 180.07956
08-06 05:42:06.670 16756 16756 D CompassActivity: will set rotation from 180.07956 to 180.07857
08-06 05:42:06.687 16756 16756 D CompassActivity: will set rotation from 180.07857 to 180.08638
08-06 05:42:06.688 16756 16756 D CompassActivity: will set rotation from 180.08638 to 180.08543
08-06 05:42:06.705 16756 17031 I art     : Explicit concurrent mark sweep GC freed 107(6KB) AllocSpace objects, 0(0B) LOS objects, 7% free, 187MB/203MB, paused 996us total 59.549ms
08-06 05:42:06.705 16756 16756 D CompassActivity: will set rotation from 180.08543 to 180.07564
08-06 05:42:06.705 16756 16756 D CompassActivity: will set rotation from 180.07564 to 180.07619
08-06 05:42:06.724 16756 17031 I art     : Starting a blocking GC Explicit
08-06 05:42:06.725 16756 16756 D CompassActivity: will set rotation from 180.07619 to 180.08392
08-06 05:42:06.726 16756 16756 D CompassActivity: will set rotation from 180.08392 to 180.08272
08-06 05:42:06.745 16756 16756 D CompassActivity: will set rotation from 180.08272 to 180.07152
08-06 05:42:06.745 16756 16756 D CompassActivity: will set rotation from 180.07152 to 180.0699
08-06 05:42:06.770 16756 16756 D CompassActivity: will set rotation from 180.0699 to 180.07852
08-06 05:42:06.771 16756 16756 D CompassActivity: will set rotation from 180.07852 to 180.07912
08-06 05:42:06.777 16756 17031 I art     : Explicit concurrent mark sweep GC freed 186(9KB) AllocSpace objects, 0(0B) LOS objects, 7% free, 187MB/203MB, paused 1.112ms total 51.964ms
08-06 05:42:06.788 16756 16756 D CompassActivity: will set rotation from 180.07912 to 180.07112
08-06 05:42:06.788 16756 16756 D CompassActivity: will set rotation from 180.07112 to 180.07022
08-06 05:42:06.805 16756 16756 D CompassActivity: will set rotation from 180.07022 to 180.06108
08-06 05:42:06.807 16756 16756 D CompassActivity: will set rotation from 180.06108 to 180.06026
08-06 05:42:06.824 16756 16756 D CompassActivity: will set rotation from 180.06026 to 180.08424
08-06 05:42:06.825 16756 16756 D CompassActivity: will set rotation from 180.08424 to 180.08347
08-06 05:42:06.844 16756 16756 D CompassActivity: will set rotation from 180.08347 to 180.08975
08-06 05:42:06.844 16756 16756 D CompassActivity: will set rotation from 180.08975 to 180.08961
08-06 05:42:06.868 16756 16756 D CompassActivity: will set rotation from 180.08961 to 180.11455
08-06 05:42:06.868 16756 16756 D CompassActivity: will set rotation from 180.11455 to 180.11525
08-06 05:42:06.887 16756 16756 D CompassActivity: will set rotation from 180.11525 to 180.15436
08-06 05:42:06.887 16756 16756 D CompassActivity: will set rotation from 180.15436 to 180.15324
08-06 05:42:06.905 16756 16756 D CompassActivity: will set rotation from 180.15324 to 180.14285
08-06 05:42:06.907 16756 16756 D CompassActivity: will set rotation from 180.14285 to 180.14073
08-06 05:42:06.927 16756 16756 D CompassActivity: will set rotation from 180.14073 to 180.163
08-06 05:42:06.928 16756 16756 D CompassActivity: will set rotation from 180.163 to 180.16164
08-06 05:42:06.945 16756 16756 D CompassActivity: will set rotation from 180.16164 to 180.16881
08-06 05:42:06.946 16756 16756 D CompassActivity: will set rotation from 180.16881 to 180.16779
08-06 05:42:06.968 16756 16756 D CompassActivity: will set rotation from 180.16779 to 180.1895
08-06 05:42:06.969 16756 16756 D CompassActivity: will set rotation from 180.1895 to 180.18932
08-06 05:42:06.984 16756 16756 D CompassActivity: will set rotation from 180.18932 to 180.19392
08-06 05:42:06.985 16756 16756 D CompassActivity: will set rotation from 180.19392 to 180.19406
08-06 05:42:07.003 16756 16756 D CompassActivity: will set rotation from 180.19406 to 180.19785
08-06 05:42:07.004 16756 16756 D CompassActivity: will set rotation from 180.19785 to 180.19685
08-06 05:42:07.022 17187 17187 I ServiceManager: Waiting for service AtCmdFwd...
08-06 05:42:07.024 16756 16756 D CompassActivity: will set rotation from 180.19685 to 180.18376
08-06 05:42:07.024 16756 16756 D CompassActivity: will set rotation from 180.18376 to 180.18253
08-06 05:42:07.043 16756 16756 D CompassActivity: will set rotation from 180.18253 to 180.17203
08-06 05:42:07.044 16756 16756 D CompassActivity: will set rotation from 180.17203 to 180.1708
08-06 05:42:07.064 16756 16756 D CompassActivity: will set rotation from 180.1708 to 180.17749
08-06 05:42:07.066 16756 16756 D CompassActivity: will set rotation from 180.17749 to 180.17604
08-06 05:42:07.084 16756 16756 D CompassActivity: will set rotation from 180.17604 to 180.18086
08-06 05:42:07.084 16756 16756 D CompassActivity: will set rotation from 180.18086 to 180.17845
08-06 05:42:07.103 16756 16756 D CompassActivity: will set rotation from 180.17845 to 180.19916
08-06 05:42:07.103 16756 16756 D CompassActivity: will set rotation from 180.19916 to 180.19858
08-06 05:42:07.123 16756 16756 D CompassActivity: will set rotation from 180.19858 to 180.14241
08-06 05:42:07.123 16756 16756 D CompassActivity: will set rotation from 180.14241 to 180.1418
08-06 05:42:07.143 16756 16756 D CompassActivity: will set rotation from 180.1418 to 180.13112
08-06 05:42:07.143 16756 16756 D CompassActivity: will set rotation from 180.13112 to 180.13081
08-06 05:42:07.163 16756 16756 D CompassActivity: will set rotation from 180.13081 to 180.13785
08-06 05:42:07.163 16756 16756 D CompassActivity: will set rotation from 180.13785 to 180.13728
08-06 05:42:07.184 16756 16756 D CompassActivity: will set rotation from 180.13728 to 180.13957
08-06 05:42:07.185 16756 16756 D CompassActivity: will set rotation from 180.13957 to 180.14005
08-06 05:42:07.202 16756 16756 D CompassActivity: will set rotation from 180.14005 to 180.14095
08-06 05:42:07.203 16756 16756 D CompassActivity: will set rotation from 180.14095 to 180.14204
08-06 05:42:07.205 16756 17031 I art     : Starting a blocking GC Explicit
08-06 05:42:07.222 16756 16756 D CompassActivity: will set rotation from 180.14204 to 180.13002
08-06 05:42:07.223 16756 16756 D CompassActivity: will set rotation from 180.13002 to 180.12912
08-06 05:42:07.242 16756 16756 D CompassActivity: will set rotation from 180.12912 to 180.13382
08-06 05:42:07.243 16756 16756 D CompassActivity: will set rotation from 180.13382 to 180.13422
08-06 05:42:07.253 16756 17031 I art     : Explicit concurrent mark sweep GC freed 2042(121KB) AllocSpace objects, 2(36KB) LOS objects, 7% free, 187MB/203MB, paused 1.209ms total 48.225ms
08-06 05:42:07.263 16756 16756 D CompassActivity: will set rotation from 180.13422 to 180.13876
08-06 05:42:07.263 16756 16756 D CompassActivity: will set rotation from 180.13876 to 180.1408
08-06 05:42:07.271 16756 17031 I art     : Starting a blocking GC Explicit
08-06 05:42:07.283 16756 16756 D CompassActivity: will set rotation from 180.1408 to 180.14668
08-06 05:42:07.284 16756 16756 D CompassActivity: will set rotation from 180.14668 to 180.14868
08-06 05:42:07.303 16756 16756 D CompassActivity: will set rotation from 180.14868 to 180.15294
08-06 05:42:07.303 16756 16756 D CompassActivity: will set rotation from 180.15294 to 180.15324
08-06 05:42:07.314 16756 17031 I art     : Explicit concurrent mark sweep GC freed 766(29KB) AllocSpace objects, 0(0B) LOS objects, 7% free, 187MB/203MB, paused 1.125ms total 42.885ms
08-06 05:42:07.324 16756 16756 D CompassActivity: will set rotation from 180.15324 to 180.14111
08-06 05:42:07.324 16756 16756 D CompassActivity: will set rotation from 180.14111 to 180.1407
08-06 05:42:07.332 16756 17031 I art     : Starting a blocking GC Explicit
08-06 05:42:07.343 16756 16756 D CompassActivity: will set rotation from 180.1407 to 180.14445
08-06 05:42:07.343 16756 16756 D CompassActivity: will set rotation from 180.14445 to 180.1438
08-06 05:42:07.362 16756 16756 D CompassActivity: will set rotation from 180.1438 to 180.1475
08-06 05:42:07.363 16756 16756 D CompassActivity: will set rotation from 180.1475 to 180.14941
08-06 05:42:07.376 16756 17031 I art     : Explicit concurrent mark sweep GC freed 132(6KB) AllocSpace objects, 0(0B) LOS objects, 7% free, 187MB/203MB, paused 1.133ms total 42.779ms
08-06 05:42:07.384 16756 16756 D CompassActivity: will set rotation from 180.14941 to 180.13748
08-06 05:42:07.385 16756 16756 D CompassActivity: will set rotation from 180.13748 to 180.13644
08-06 05:42:07.393 16756 17031 I art     : Starting a blocking GC Explicit
08-06 05:42:07.402 16756 16756 D CompassActivity: will set rotation from 180.13644 to 180.12491
08-06 05:42:07.403 16756 16756 D CompassActivity: will set rotation from 180.12491 to 180.1235
08-06 05:42:07.422 16756 16756 D CompassActivity: will set rotation from 180.1235 to 180.08212
08-06 05:42:07.423 16756 16756 D CompassActivity: will set rotation from 180.08212 to 180.08264
08-06 05:42:07.439 16756 17031 I art     : Explicit concurrent mark sweep GC freed 132(6KB) AllocSpace objects, 0(0B) LOS objects, 7% free, 187MB/203MB, paused 1.204ms total 45.686ms
08-06 05:42:07.440 16756 16766 I art     : WaitForGcToComplete blocked for 34.037ms for cause HeapTrim
08-06 05:42:07.442 16756 16756 D CompassActivity: will set rotation from 180.08264 to 180.07423
08-06 05:42:07.443 16756 16756 D CompassActivity: will set rotation from 180.07423 to 180.07515
08-06 05:42:07.459 16756 17031 I art     : Starting a blocking GC Explicit
08-06 05:42:07.462 16756 16756 D CompassActivity: will set rotation from 180.07515 to 180.06767
08-06 05:42:07.462 16756 16756 D CompassActivity: will set rotation from 180.06767 to 180.06888
08-06 05:42:07.483 16756 16756 D CompassActivity: will set rotation from 180.06888 to 180.09102
08-06 05:42:07.484 16756 16756 D CompassActivity: will set rotation from 180.09102 to 180.0903
08-06 05:42:07.502 16756 16756 D CompassActivity: will set rotation from 180.0903 to 180.09427
08-06 05:42:07.503 16756 16756 D CompassActivity: will set rotation from 180.09427 to 180.09286
08-06 05:42:07.509 16756 17031 I art     : Explicit concurrent mark sweep GC freed 177(8KB) AllocSpace objects, 0(0B) LOS objects, 7% free, 187MB/203MB, paused 1.359ms total 49.393ms
08-06 05:42:07.523 16756 16756 D CompassActivity: will set rotation from 180.09286 to 180.11272
08-06 05:42:07.524 16756 16756 D CompassActivity: will set rotation from 180.11272 to 180.11302
08-06 05:42:07.544 16756 16756 D CompassActivity: will set rotation from 180.11302 to 180.10162
08-06 05:42:07.545 16756 16756 D CompassActivity: will set rotation from 180.10162 to 180.10094
08-06 05:42:07.562 16756 16756 D CompassActivity: will set rotation from 180.10094 to 180.09338
08-06 05:42:07.562 16756 16756 D CompassActivity: will set rotation from 180.09338 to 180.09335
08-06 05:42:07.585 16756 16756 D CompassActivity: will set rotation from 180.09335 to 180.11441
08-06 05:42:07.585 16756 16756 D CompassActivity: will set rotation from 180.11441 to 180.1156
08-06 05:42:07.602 16756 16756 D CompassActivity: will set rotation from 180.1156 to 180.13734
08-06 05:42:07.603 16756 16756 D CompassActivity: will set rotation from 180.13734 to 180.13855
08-06 05:42:07.622 16756 16756 D CompassActivity: will set rotation from 180.13855 to 180.12914
08-06 05:42:07.622 16756 16756 D CompassActivity: will set rotation from 180.12914 to 180.12708
08-06 05:42:07.641 16756 16756 D CompassActivity: will set rotation from 180.12708 to 180.16225
08-06 05:42:07.642 16756 16756 D CompassActivity: will set rotation from 180.16225 to 180.16093
08-06 05:42:07.662 16756 16756 D CompassActivity: will set rotation from 180.16093 to 180.1515
08-06 05:42:07.662 16756 16756 D CompassActivity: will set rotation from 180.1515 to 180.15205
08-06 05:42:07.686 16756 16756 D CompassActivity: will set rotation from 180.15205 to 180.17113
08-06 05:42:07.686 16756 16756 D CompassActivity: will set rotation from 180.17113 to 180.1705
08-06 05:42:07.694 18368 18368 D AndroidRuntime: >>>>>> START com.android.internal.os.RuntimeInit uid 2000 <<<<<<
08-06 05:42:07.701 18368 18368 D AndroidRuntime: CheckJNI is OFF
08-06 05:42:07.703 16756 16756 D CompassActivity: will set rotation from 180.1705 to 180.14226
08-06 05:42:07.703 16756 16756 D CompassActivity: will set rotation from 180.14226 to 180.14195
08-06 05:42:07.721 16756 16756 D CompassActivity: will set rotation from 180.14195 to 180.13187
08-06 05:42:07.721 16756 16756 D CompassActivity: will set rotation from 180.13187 to 180.13173
08-06 05:42:07.740 16756 16756 D CompassActivity: will set rotation from 180.13173 to 180.1213
08-06 05:42:07.741 16756 16756 D CompassActivity: will set rotation from 180.1213 to 180.12003
08-06 05:42:07.743 18368 18368 D ICU     : No timezone override file found: /data/misc/zoneinfo/current/icu/icu_tzdata.dat
08-06 05:42:07.760 16756 16756 D CompassActivity: will set rotation from 180.12003 to 180.12625
08-06 05:42:07.761 16756 16756 D CompassActivity: will set rotation from 180.12625 to 180.12634
08-06 05:42:07.780 16756 16756 D CompassActivity: will set rotation from 180.12634 to 180.12965
08-06 05:42:07.782 16756 16756 D CompassActivity: will set rotation from 180.12965 to 180.12999
08-06 05:42:07.785 18368 18368 I Radio-JNI: register_android_hardware_Radio DONE
08-06 05:42:07.802 16756 16756 D CompassActivity: will set rotation from 180.12999 to 180.1325
08-06 05:42:07.802 16756 16756 D CompassActivity: will set rotation from 180.1325 to 180.13185
08-06 05:42:07.814 18368 18368 D AndroidRuntime: Calling main entry com.android.commands.input.Input
08-06 05:42:07.816 18368 18368 I Input   : injectKeyEvent: KeyEvent { action=ACTION_DOWN, keyCode=KEYCODE_BACK, scanCode=0, metaState=0, flags=0x0, repeatCount=0, eventTime=855744229, downTime=855744229, deviceId=-1, source=0x101 }
08-06 05:42:07.821 16756 16756 D CompassActivity: will set rotation from 180.13185 to 180.13766
08-06 05:42:07.821 16756 16756 D CompassActivity: will set rotation from 180.13766 to 180.13812
08-06 05:42:07.822 18368 18368 I Input   : injectKeyEvent: KeyEvent { action=ACTION_UP, keyCode=KEYCODE_BACK, scanCode=0, metaState=0, flags=0x0, repeatCount=0, eventTime=855744229, downTime=855744229, deviceId=-1, source=0x101 }
08-06 05:42:07.830 18368 18368 D AndroidRuntime: Shutting down VM
08-06 05:42:07.835   918  3961 I sensors : activate
08-06 05:42:07.836   918   928 I sensors : activate
08-06 05:42:07.840   918  3188 I hubconnection: sensorhub said: 'activate 1 enable:0'
08-06 05:42:07.841   918  3188 I hubconnection: sensorhub said: 'activate 3 enable:0'
08-06 05:42:07.865 16756 16756 V MainActivity: url = https://project-travel-mate.herokuapp.com/api/number-of-unread-notifications
08-06 05:42:07.922 16756 16769 I art     : Starting a blocking GC Explicit
08-06 05:42:07.963 16756 16769 I art     : Explicit concurrent mark sweep GC freed 2284(127KB) AllocSpace objects, 2(36KB) LOS objects, 7% free, 187MB/203MB, paused 1.242ms total 41.275ms
08-06 05:42:07.984 16756 16769 I art     : Starting a blocking GC Explicit
08-06 05:42:07.987 13866 13866 I GoogleInputMethodServic: GoogleInputMethodService.onFinishInput():3138 
08-06 05:42:07.988 13866 13866 I GoogleInputMethodServic: GoogleInputMethodService.onStartInput():1808 
08-06 05:42:08.022 17187 17187 I ServiceManager: Waiting for service AtCmdFwd...
08-06 05:42:08.024 16756 16769 I art     : Explicit concurrent mark sweep GC freed 654(26KB) AllocSpace objects, 0(0B) LOS objects, 7% free, 187MB/203MB, paused 1.270ms total 39.770ms
08-06 05:42:08.044 16756 16769 I art     : Starting a blocking GC Explicit
08-06 05:42:08.083 16756 16769 I art     : Explicit concurrent mark sweep GC freed 52(3KB) AllocSpace objects, 0(0B) LOS objects, 7% free, 187MB/203MB, paused 987us total 39.607ms
08-06 05:42:08.101 16756 16769 I art     : Starting a blocking GC Explicit
08-06 05:42:08.144 16756 16769 I art     : Explicit concurrent mark sweep GC freed 10(400B) AllocSpace objects, 0(0B) LOS objects, 7% free, 187MB/203MB, paused 1.143ms total 43.287ms
08-06 05:42:08.162 16756 16769 I art     : Starting a blocking GC Explicit
08-06 05:42:08.208 16756 16769 I art     : Explicit concurrent mark sweep GC freed 5(192B) AllocSpace objects, 0(0B) LOS objects, 7% free, 187MB/203MB, paused 1.020ms total 45.907ms
08-06 05:42:08.248 16756 16756 D CompassActivity: stop compass
08-06 05:42:08.248   380   380 W SurfaceFlinger: couldn't log to binary event log: overflow.
08-06 05:42:08.596 16756 17031 I art     : Starting a blocking GC Explicit
08-06 05:42:08.626   918  3188 I hubconnection: sensorhub said: 'set_bias 3: -5.8176, 0.0000, 0.0000'
08-06 05:42:08.647 16756 17031 I art     : Explicit concurrent mark sweep GC freed 4183(224KB) AllocSpace objects, 5(236KB) LOS objects, 7% free, 187MB/203MB, paused 1.431ms total 50.803ms
08-06 05:42:08.665 16756 17031 I art     : Starting a blocking GC Explicit
08-06 05:42:08.681 16756 18391 I NAPPA_EXPERIMENTATION: MetricNetworkRequestExecutionTime: REQUEST_DURATION_SYSTEM='815',REQUEST_DURATION_OKHTTP='36',REQUEST_SYNCHRONOUS='FALSE',RESPONSE_CODE='200',RESPONSE_METHOD='GET',RESPONSE_LENGTH_OKHTTP='36',RESPONSE_LENGTH_HEADER='36',REQUEST_PROTOCOL='http/1.1',REQUEST_URL='https://project-travel-mate.herokuapp.com/api/number-of-unread-notifications',
08-06 05:42:08.726 16756 17031 I art     : Explicit concurrent mark sweep GC freed 2343(209KB) AllocSpace objects, 3(52MB) LOS objects, 10% free, 135MB/151MB, paused 1.162ms total 60.744ms
08-06 05:42:08.743 16756 17031 I art     : Starting a blocking GC Explicit
08-06 05:42:08.788 16756 17031 I art     : Explicit concurrent mark sweep GC freed 135(5KB) AllocSpace objects, 0(0B) LOS objects, 10% free, 135MB/151MB, paused 1.205ms total 44.348ms
08-06 05:42:08.805 16756 17031 I art     : Starting a blocking GC Explicit
08-06 05:42:08.850 16756 17031 I art     : Explicit concurrent mark sweep GC freed 3(96B) AllocSpace objects, 0(0B) LOS objects, 10% free, 135MB/151MB, paused 1.098ms total 44.252ms
08-06 05:42:08.868 16756 17031 I art     : Starting a blocking GC Explicit
08-06 05:42:08.914 16756 17031 I art     : Explicit concurrent mark sweep GC freed 3(96B) AllocSpace objects, 0(0B) LOS objects, 10% free, 135MB/151MB, paused 1.160ms total 46.582ms
08-06 05:42:09.023 17187 17187 W Atfwd_Sendcmd: AtCmdFwd service not published, waiting... retryCnt : 4
08-06 05:42:09.297 16756 16768 I art     : Starting a blocking GC Explicit
08-06 05:42:09.347 16756 16768 I art     : Explicit concurrent mark sweep GC freed 1583(92KB) AllocSpace objects, 2(36KB) LOS objects, 10% free, 135MB/151MB, paused 1.114ms total 49.131ms
08-06 05:42:09.364 16756 16768 I art     : Starting a blocking GC Explicit
08-06 05:42:09.407 16756 16768 I art     : Explicit concurrent mark sweep GC freed 28(1024B) AllocSpace objects, 0(0B) LOS objects, 10% free, 135MB/151MB, paused 1.097ms total 43.093ms
08-06 05:42:09.424 16756 16768 I art     : Starting a blocking GC Explicit
08-06 05:42:09.469 16756 16768 I art     : Explicit concurrent mark sweep GC freed 34(928B) AllocSpace objects, 0(0B) LOS objects, 10% free, 135MB/151MB, paused 1.146ms total 44.200ms
08-06 05:42:09.495 16756 16768 I art     : Starting a blocking GC Explicit
08-06 05:42:09.536 16756 16768 I art     : Explicit concurrent mark sweep GC freed 5(160B) AllocSpace objects, 0(0B) LOS objects, 10% free, 135MB/151MB, paused 1.038ms total 40.918ms
08-06 05:42:09.554 16756 16768 I art     : Starting a blocking GC Explicit
08-06 05:42:09.596 16756 16768 I art     : Explicit concurrent mark sweep GC freed 9(288B) AllocSpace objects, 0(0B) LOS objects, 10% free, 135MB/151MB, paused 1.250ms total 41.680ms
08-06 05:42:09.602 18406 18406 D AndroidRuntime: >>>>>> START com.android.internal.os.RuntimeInit uid 2000 <<<<<<
08-06 05:42:09.608 18406 18406 D AndroidRuntime: CheckJNI is OFF
08-06 05:42:09.647 18406 18406 D ICU     : No timezone override file found: /data/misc/zoneinfo/current/icu/icu_tzdata.dat
08-06 05:42:09.687 18406 18406 I Radio-JNI: register_android_hardware_Radio DONE
08-06 05:42:09.717 18406 18406 D AndroidRuntime: Calling main entry com.android.commands.input.Input
08-06 05:42:09.719 18406 18406 I Input   : injectMotionEvent: MotionEvent { action=ACTION_DOWN, actionButton=0, id[0]=0, x[0]=500.0, y[0]=2000.0, toolType[0]=TOOL_TYPE_UNKNOWN, buttonState=0, metaState=0, flags=0x0, edgeFlags=0x0, pointerCount=1, historySize=0, eventTime=855746132, downTime=855746132, deviceId=0, source=0x1002 }
08-06 05:42:09.724 18406 18406 I Input   : injectMotionEvent: MotionEvent { action=ACTION_MOVE, actionButton=0, id[0]=0, x[0]=500.0, y[0]=2000.0, toolType[0]=TOOL_TYPE_UNKNOWN, buttonState=0, metaState=0, flags=0x0, edgeFlags=0x0, pointerCount=1, historySize=0, eventTime=855746132, downTime=855746132, deviceId=0, source=0x1002 }
08-06 05:42:09.736 18406 18406 I Input   : injectMotionEvent: MotionEvent { action=ACTION_MOVE, actionButton=0, id[0]=0, x[0]=500.0, y[0]=1965.8, toolType[0]=TOOL_TYPE_UNKNOWN, buttonState=0, metaState=0, flags=0x0, edgeFlags=0x0, pointerCount=1, historySize=0, eventTime=855746150, downTime=855746150, deviceId=0, source=0x1002 }
08-06 05:42:09.751 18406 18406 I Input   : injectMotionEvent: MotionEvent { action=ACTION_MOVE, actionButton=0, id[0]=0, x[0]=500.0, y[0]=1939.2, toolType[0]=TOOL_TYPE_UNKNOWN, buttonState=0, metaState=0, flags=0x0, edgeFlags=0x0, pointerCount=1, historySize=0, eventTime=855746164, downTime=855746164, deviceId=0, source=0x1002 }
08-06 05:42:09.775 18406 18406 I Input   : injectMotionEvent: MotionEvent { action=ACTION_MOVE, actionButton=0, id[0]=0, x[0]=500.0, y[0]=1893.6, toolType[0]=TOOL_TYPE_UNKNOWN, buttonState=0, metaState=0, flags=0x0, edgeFlags=0x0, pointerCount=1, historySize=0, eventTime=855746188, downTime=855746188, deviceId=0, source=0x1002 }
08-06 05:42:09.787 18406 18406 I Input   : injectMotionEvent: MotionEvent { action=ACTION_MOVE, actionButton=0, id[0]=0, x[0]=500.0, y[0]=1870.8, toolType[0]=TOOL_TYPE_UNKNOWN, buttonState=0, metaState=0, flags=0x0, edgeFlags=0x0, pointerCount=1, historySize=0, eventTime=855746200, downTime=855746200, deviceId=0, source=0x1002 }
08-06 05:42:09.800 18406 18406 I Input   : injectMotionEvent: MotionEvent { action=ACTION_MOVE, actionButton=0, id[0]=0, x[0]=500.0, y[0]=1844.2, toolType[0]=TOOL_TYPE_UNKNOWN, buttonState=0, metaState=0, flags=0x0, edgeFlags=0x0, pointerCount=1, historySize=0, eventTime=855746214, downTime=855746214, deviceId=0, source=0x1002 }
08-06 05:42:09.818 18406 18406 I Input   : injectMotionEvent: MotionEvent { action=ACTION_MOVE, actionButton=0, id[0]=0, x[0]=500.0, y[0]=1811.9, toolType[0]=TOOL_TYPE_UNKNOWN, buttonState=0, metaState=0, flags=0x0, edgeFlags=0x0, pointerCount=1, historySize=0, eventTime=855746231, downTime=855746231, deviceId=0, source=0x1002 }
08-06 05:42:09.834 18406 18406 I Input   : injectMotionEvent: MotionEvent { action=ACTION_MOVE, actionButton=0, id[0]=0, x[0]=500.0, y[0]=1781.5, toolType[0]=TOOL_TYPE_UNKNOWN, buttonState=0, metaState=0, flags=0x0, edgeFlags=0x0, pointerCount=1, historySize=0, eventTime=855746247, downTime=855746247, deviceId=0, source=0x1002 }
08-06 05:42:09.852 18406 18406 I Input   : injectMotionEvent: MotionEvent { action=ACTION_MOVE, actionButton=0, id[0]=0, x[0]=500.0, y[0]=1747.3, toolType[0]=TOOL_TYPE_UNKNOWN, buttonState=0, metaState=0, flags=0x0, edgeFlags=0x0, pointerCount=1, historySize=0, eventTime=855746265, downTime=855746265, deviceId=0, source=0x1002 }
08-06 05:42:09.867 18406 18406 I Input   : injectMotionEvent: MotionEvent { action=ACTION_MOVE, actionButton=0, id[0]=0, x[0]=500.0, y[0]=1718.8, toolType[0]=TOOL_TYPE_UNKNOWN, buttonState=0, metaState=0, flags=0x0, edgeFlags=0x0, pointerCount=1, historySize=0, eventTime=855746280, downTime=855746280, deviceId=0, source=0x1002 }
08-06 05:42:09.885 18406 18406 I Input   : injectMotionEvent: MotionEvent { action=ACTION_MOVE, actionButton=0, id[0]=0, x[0]=500.0, y[0]=1686.5, toolType[0]=TOOL_TYPE_UNKNOWN, buttonState=0, metaState=0, flags=0x0, edgeFlags=0x0, pointerCount=1, historySize=0, eventTime=855746297, downTime=855746297, deviceId=0, source=0x1002 }
08-06 05:42:09.902 18406 18406 I Input   : injectMotionEvent: MotionEvent { action=ACTION_MOVE, actionButton=0, id[0]=0, x[0]=500.0, y[0]=1650.4, toolType[0]=TOOL_TYPE_UNKNOWN, buttonState=0, metaState=0, flags=0x0, edgeFlags=0x0, pointerCount=1, historySize=0, eventTime=855746316, downTime=855746316, deviceId=0, source=0x1002 }
08-06 05:42:09.917 18406 18406 I Input   : injectMotionEvent: MotionEvent { action=ACTION_MOVE, actionButton=0, id[0]=0, x[0]=500.0, y[0]=1623.8, toolType[0]=TOOL_TYPE_UNKNOWN, buttonState=0, metaState=0, flags=0x0, edgeFlags=0x0, pointerCount=1, historySize=0, eventTime=855746330, downTime=855746330, deviceId=0, source=0x1002 }
08-06 05:42:09.934 18406 18406 I Input   : injectMotionEvent: MotionEvent { action=ACTION_MOVE, actionButton=0, id[0]=0, x[0]=500.0, y[0]=1591.5, toolType[0]=TOOL_TYPE_UNKNOWN, buttonState=0, metaState=0, flags=0x0, edgeFlags=0x0, pointerCount=1, historySize=0, eventTime=855746347, downTime=855746347, deviceId=0, source=0x1002 }
08-06 05:42:09.951 18406 18406 I Input   : injectMotionEvent: MotionEvent { action=ACTION_MOVE, actionButton=0, id[0]=0, x[0]=500.0, y[0]=1559.2, toolType[0]=TOOL_TYPE_UNKNOWN, buttonState=0, metaState=0, flags=0x0, edgeFlags=0x0, pointerCount=1, historySize=0, eventTime=855746364, downTime=855746364, deviceId=0, source=0x1002 }
08-06 05:42:09.967 18406 18406 I Input   : injectMotionEvent: MotionEvent { action=ACTION_MOVE, actionButton=0, id[0]=0, x[0]=500.0, y[0]=1526.9, toolType[0]=TOOL_TYPE_UNKNOWN, buttonState=0, metaState=0, flags=0x0, edgeFlags=0x0, pointerCount=1, historySize=0, eventTime=855746381, downTime=855746381, deviceId=0, source=0x1002 }
08-06 05:42:09.976 16756 17031 I art     : Starting a blocking GC Explicit
08-06 05:42:09.984 18406 18406 I Input   : injectMotionEvent: MotionEvent { action=ACTION_MOVE, actionButton=0, id[0]=0, x[0]=500.0, y[0]=1496.5, toolType[0]=TOOL_TYPE_UNKNOWN, buttonState=0, metaState=0, flags=0x0, edgeFlags=0x0, pointerCount=1, historySize=0, eventTime=855746397, downTime=855746397, deviceId=0, source=0x1002 }
08-06 05:42:10.001 18406 18406 I Input   : injectMotionEvent: MotionEvent { action=ACTION_MOVE, actionButton=0, id[0]=0, x[0]=500.0, y[0]=1464.2, toolType[0]=TOOL_TYPE_UNKNOWN, buttonState=0, metaState=0, flags=0x0, edgeFlags=0x0, pointerCount=1, historySize=0, eventTime=855746414, downTime=855746414, deviceId=0, source=0x1002 }
08-06 05:42:10.018 18406 18406 I Input   : injectMotionEvent: MotionEvent { action=ACTION_MOVE, actionButton=0, id[0]=0, x[0]=500.0, y[0]=1431.9, toolType[0]=TOOL_TYPE_UNKNOWN, buttonState=0, metaState=0, flags=0x0, edgeFlags=0x0, pointerCount=1, historySize=0, eventTime=855746431, downTime=855746431, deviceId=0, source=0x1002 }
08-06 05:42:10.020 16756 17031 I art     : Explicit concurrent mark sweep GC freed 1674(95KB) AllocSpace objects, 2(36KB) LOS objects, 10% free, 135MB/151MB, paused 1.127ms total 44.598ms
08-06 05:42:10.034 18406 18406 I Input   : injectMotionEvent: MotionEvent { action=ACTION_MOVE, actionButton=0, id[0]=0, x[0]=500.0, y[0]=1401.5, toolType[0]=TOOL_TYPE_UNKNOWN, buttonState=0, metaState=0, flags=0x0, edgeFlags=0x0, pointerCount=1, historySize=0, eventTime=855746447, downTime=855746447, deviceId=0, source=0x1002 }
08-06 05:42:10.043 16756 17031 I art     : Starting a blocking GC Explicit
08-06 05:42:10.051 18406 18406 I Input   : injectMotionEvent: MotionEvent { action=ACTION_MOVE, actionButton=0, id[0]=0, x[0]=500.0, y[0]=1369.2, toolType[0]=TOOL_TYPE_UNKNOWN, buttonState=0, metaState=0, flags=0x0, edgeFlags=0x0, pointerCount=1, historySize=0, eventTime=855746464, downTime=855746464, deviceId=0, source=0x1002 }
08-06 05:42:10.068 18406 18406 I Input   : injectMotionEvent: MotionEvent { action=ACTION_MOVE, actionButton=0, id[0]=0, x[0]=500.0, y[0]=1336.8999, toolType[0]=TOOL_TYPE_UNKNOWN, buttonState=0, metaState=0, flags=0x0, edgeFlags=0x0, pointerCount=1, historySize=0, eventTime=855746481, downTime=855746481, deviceId=0, source=0x1002 }
08-06 05:42:10.085 18406 18406 I Input   : injectMotionEvent: MotionEvent { action=ACTION_MOVE, actionButton=0, id[0]=0, x[0]=500.0, y[0]=1304.6001, toolType[0]=TOOL_TYPE_UNKNOWN, buttonState=0, metaState=0, flags=0x0, edgeFlags=0x0, pointerCount=1, historySize=0, eventTime=855746498, downTime=855746498, deviceId=0, source=0x1002 }
08-06 05:42:10.086 16756 17031 I art     : Explicit concurrent mark sweep GC freed 59(2528B) AllocSpace objects, 0(0B) LOS objects, 10% free, 135MB/151MB, paused 1.315ms total 43.212ms
08-06 05:42:10.101 18406 18406 I Input   : injectMotionEvent: MotionEvent { action=ACTION_MOVE, actionButton=0, id[0]=0, x[0]=500.0, y[0]=1274.2, toolType[0]=TOOL_TYPE_UNKNOWN, buttonState=0, metaState=0, flags=0x0, edgeFlags=0x0, pointerCount=1, historySize=0, eventTime=855746514, downTime=855746514, deviceId=0, source=0x1002 }
08-06 05:42:10.108 16756 17031 I art     : Starting a blocking GC Explicit
08-06 05:42:10.118 18406 18406 I Input   : injectMotionEvent: MotionEvent { action=ACTION_MOVE, actionButton=0, id[0]=0, x[0]=500.0, y[0]=1241.9, toolType[0]=TOOL_TYPE_UNKNOWN, buttonState=0, metaState=0, flags=0x0, edgeFlags=0x0, pointerCount=1, historySize=0, eventTime=855746531, downTime=855746531, deviceId=0, source=0x1002 }
08-06 05:42:10.135 18406 18406 I Input   : injectMotionEvent: MotionEvent { action=ACTION_MOVE, actionButton=0, id[0]=0, x[0]=500.0, y[0]=1207.7, toolType[0]=TOOL_TYPE_UNKNOWN, buttonState=0, metaState=0, flags=0x0, edgeFlags=0x0, pointerCount=1, historySize=0, eventTime=855746549, downTime=855746549, deviceId=0, source=0x1002 }
08-06 05:42:10.150 16756 17031 I art     : Explicit concurrent mark sweep GC freed 8(272B) AllocSpace objects, 0(0B) LOS objects, 10% free, 135MB/151MB, paused 1.041ms total 41.664ms
08-06 05:42:10.174 16756 17031 I art     : Starting a blocking GC Explicit
08-06 05:42:10.200 18406 18406 I Input   : injectMotionEvent: MotionEvent { action=ACTION_MOVE, actionButton=0, id[0]=0, x[0]=500.0, y[0]=1084.2, toolType[0]=TOOL_TYPE_UNKNOWN, buttonState=0, metaState=0, flags=0x0, edgeFlags=0x0, pointerCount=1, historySize=0, eventTime=855746614, downTime=855746614, deviceId=0, source=0x1002 }
08-06 05:42:10.213 16756 17031 I art     : Explicit concurrent mark sweep GC freed 5(160B) AllocSpace objects, 0(0B) LOS objects, 10% free, 135MB/151MB, paused 1.061ms total 39.309ms
08-06 05:42:10.236 16756 17031 I art     : Starting a blocking GC Explicit
08-06 05:42:10.264 18406 18406 I Input   : injectMotionEvent: MotionEvent { action=ACTION_MOVE, actionButton=0, id[0]=0, x[0]=500.0, y[0]=964.5, toolType[0]=TOOL_TYPE_UNKNOWN, buttonState=0, metaState=0, flags=0x0, edgeFlags=0x0, pointerCount=1, historySize=0, eventTime=855746677, downTime=855746677, deviceId=0, source=0x1002 }
08-06 05:42:10.276 16756 17031 I art     : Explicit concurrent mark sweep GC freed 3(96B) AllocSpace objects, 0(0B) LOS objects, 10% free, 135MB/151MB, paused 1.041ms total 39.717ms
08-06 05:42:10.325 18406 18406 I Input   : injectMotionEvent: MotionEvent { action=ACTION_MOVE, actionButton=0, id[0]=0, x[0]=500.0, y[0]=848.6, toolType[0]=TOOL_TYPE_UNKNOWN, buttonState=0, metaState=0, flags=0x0, edgeFlags=0x0, pointerCount=1, historySize=0, eventTime=855746738, downTime=855746738, deviceId=0, source=0x1002 }
08-06 05:42:10.382 18406 18406 I Input   : injectMotionEvent: MotionEvent { action=ACTION_MOVE, actionButton=0, id[0]=0, x[0]=500.0, y[0]=738.4, toolType[0]=TOOL_TYPE_UNKNOWN, buttonState=0, metaState=0, flags=0x0, edgeFlags=0x0, pointerCount=1, historySize=0, eventTime=855746796, downTime=855746796, deviceId=0, source=0x1002 }
08-06 05:42:10.442 18406 18406 I Input   : injectMotionEvent: MotionEvent { action=ACTION_MOVE, actionButton=0, id[0]=0, x[0]=500.0, y[0]=626.30005, toolType[0]=TOOL_TYPE_UNKNOWN, buttonState=0, metaState=0, flags=0x0, edgeFlags=0x0, pointerCount=1, historySize=0, eventTime=855746855, downTime=855746855, deviceId=0, source=0x1002 }
08-06 05:42:10.500 18406 18406 I Input   : injectMotionEvent: MotionEvent { action=ACTION_MOVE, actionButton=0, id[0]=0, x[0]=500.0, y[0]=516.1, toolType[0]=TOOL_TYPE_UNKNOWN, buttonState=0, metaState=0, flags=0x0, edgeFlags=0x0, pointerCount=1, historySize=0, eventTime=855746913, downTime=855746913, deviceId=0, source=0x1002 }
08-06 05:42:10.565 18406 18406 I Input   : injectMotionEvent: MotionEvent { action=ACTION_MOVE, actionButton=0, id[0]=0, x[0]=500.0, y[0]=390.69995, toolType[0]=TOOL_TYPE_UNKNOWN, buttonState=0, metaState=0, flags=0x0, edgeFlags=0x0, pointerCount=1, historySize=0, eventTime=855746979, downTime=855746979, deviceId=0, source=0x1002 }
08-06 05:42:10.650 16756 16768 I art     : Starting a blocking GC Explicit
08-06 05:42:10.665 18406 18406 I Input   : injectMotionEvent: MotionEvent { action=ACTION_MOVE, actionButton=0, id[0]=0, x[0]=500.0, y[0]=202.6001, toolType[0]=TOOL_TYPE_UNKNOWN, buttonState=0, metaState=0, flags=0x0, edgeFlags=0x0, pointerCount=1, historySize=0, eventTime=855747078, downTime=855747078, deviceId=0, source=0x1002 }
08-06 05:42:10.694 16756 16768 I art     : Explicit concurrent mark sweep GC freed 1622(93KB) AllocSpace objects, 2(36KB) LOS objects, 10% free, 135MB/151MB, paused 1.245ms total 43.103ms
08-06 05:42:10.706 18406 18406 I Input   : injectMotionEvent: MotionEvent { action=ACTION_MOVE, actionButton=0, id[0]=0, x[0]=500.0, y[0]=122.80005, toolType[0]=TOOL_TYPE_UNKNOWN, buttonState=0, metaState=0, flags=0x0, edgeFlags=0x0, pointerCount=1, historySize=0, eventTime=855747120, downTime=855747120, deviceId=0, source=0x1002 }
08-06 05:42:10.713 16756 16768 I art     : Starting a blocking GC Explicit
08-06 05:42:10.750 18406 18406 I Input   : injectMotionEvent: MotionEvent { action=ACTION_UP, actionButton=0, id[0]=0, x[0]=500.0, y[0]=100.0, toolType[0]=TOOL_TYPE_UNKNOWN, buttonState=0, metaState=0, flags=0x0, edgeFlags=0x0, pointerCount=1, historySize=0, eventTime=855747163, downTime=855747163, deviceId=0, source=0x1002 }
08-06 05:42:10.753 16756 16768 I art     : Explicit concurrent mark sweep GC freed 33(1184B) AllocSpace objects, 0(0B) LOS objects, 10% free, 135MB/151MB, paused 1.206ms total 39.905ms
08-06 05:42:10.770 16756 16768 I art     : Starting a blocking GC Explicit
08-06 05:42:10.790 18406 18406 D AndroidRuntime: Shutting down VM
08-06 05:42:10.810 16756 16768 I art     : Explicit concurrent mark sweep GC freed 5(160B) AllocSpace objects, 0(0B) LOS objects, 10% free, 135MB/151MB, paused 1.124ms total 39.843ms
08-06 05:42:10.829 16756 16768 I art     : Starting a blocking GC Explicit
08-06 05:42:10.868 16756 16768 I art     : Explicit concurrent mark sweep GC freed 15(752B) AllocSpace objects, 0(0B) LOS objects, 10% free, 135MB/151MB, paused 1.040ms total 37.970ms
08-06 05:42:10.884 16756 16768 I art     : Starting a blocking GC Explicit
08-06 05:42:10.926 16756 16768 I art     : Explicit concurrent mark sweep GC freed 13(640B) AllocSpace objects, 0(0B) LOS objects, 10% free, 135MB/151MB, paused 1.056ms total 41.823ms
08-06 05:42:11.303 16756 16769 I art     : Starting a blocking GC Explicit
08-06 05:42:11.344 16756 16769 I art     : Explicit concurrent mark sweep GC freed 1593(92KB) AllocSpace objects, 2(36KB) LOS objects, 10% free, 135MB/151MB, paused 1.037ms total 40.048ms
08-06 05:42:11.363 16756 16769 I art     : Starting a blocking GC Explicit
08-06 05:42:11.402 16756 16769 I art     : Explicit concurrent mark sweep GC freed 31(1120B) AllocSpace objects, 0(0B) LOS objects, 10% free, 135MB/151MB, paused 1.063ms total 38.080ms
08-06 05:42:11.419 16756 16769 I art     : Starting a blocking GC Explicit
08-06 05:42:11.460 16756 16769 I art     : Explicit concurrent mark sweep GC freed 35(960B) AllocSpace objects, 0(0B) LOS objects, 10% free, 135MB/151MB, paused 1.057ms total 40.799ms
08-06 05:42:11.477 16756 16769 I art     : Starting a blocking GC Explicit
08-06 05:42:11.518 16756 16769 I art     : Explicit concurrent mark sweep GC freed 3(96B) AllocSpace objects, 0(0B) LOS objects, 10% free, 135MB/151MB, paused 1.060ms total 40.891ms
08-06 05:42:11.535 16756 16769 I art     : Starting a blocking GC Explicit
08-06 05:42:11.541 18453 18453 D AndroidRuntime: >>>>>> START com.android.internal.os.RuntimeInit uid 2000 <<<<<<
08-06 05:42:11.546 18453 18453 D AndroidRuntime: CheckJNI is OFF
08-06 05:42:11.574 16756 16769 I art     : Explicit concurrent mark sweep GC freed 3(96B) AllocSpace objects, 0(0B) LOS objects, 10% free, 135MB/151MB, paused 1.072ms total 38.733ms
08-06 05:42:11.589 18453 18453 D ICU     : No timezone override file found: /data/misc/zoneinfo/current/icu/icu_tzdata.dat
08-06 05:42:11.631 18453 18453 I Radio-JNI: register_android_hardware_Radio DONE
08-06 05:42:11.660 18453 18453 D AndroidRuntime: Calling main entry com.android.commands.input.Input
08-06 05:42:11.663 18453 18453 I Input   : injectMotionEvent: MotionEvent { action=ACTION_DOWN, actionButton=0, id[0]=0, x[0]=500.0, y[0]=2000.0, toolType[0]=TOOL_TYPE_UNKNOWN, buttonState=0, metaState=0, flags=0x0, edgeFlags=0x0, pointerCount=1, historySize=0, eventTime=855748076, downTime=855748076, deviceId=0, source=0x1002 }
08-06 05:42:11.669 18453 18453 I Input   : injectMotionEvent: MotionEvent { action=ACTION_MOVE, actionButton=0, id[0]=0, x[0]=500.0, y[0]=2000.0, toolType[0]=TOOL_TYPE_UNKNOWN, buttonState=0, metaState=0, flags=0x0, edgeFlags=0x0, pointerCount=1, historySize=0, eventTime=855748076, downTime=855748076, deviceId=0, source=0x1002 }
08-06 05:42:11.686 18453 18453 I Input   : injectMotionEvent: MotionEvent { action=ACTION_MOVE, actionButton=0, id[0]=0, x[0]=500.0, y[0]=1954.4, toolType[0]=TOOL_TYPE_UNKNOWN, buttonState=0, metaState=0, flags=0x0, edgeFlags=0x0, pointerCount=1, historySize=0, eventTime=855748100, downTime=855748100, deviceId=0, source=0x1002 }
08-06 05:42:11.702 18453 18453 I Input   : injectMotionEvent: MotionEvent { action=ACTION_MOVE, actionButton=0, id[0]=0, x[0]=500.0, y[0]=1925.9, toolType[0]=TOOL_TYPE_UNKNOWN, buttonState=0, metaState=0, flags=0x0, edgeFlags=0x0, pointerCount=1, historySize=0, eventTime=855748115, downTime=855748115, deviceId=0, source=0x1002 }
08-06 05:42:11.720 18453 18453 I Input   : injectMotionEvent: MotionEvent { action=ACTION_MOVE, actionButton=0, id[0]=0, x[0]=500.0, y[0]=1891.7, toolType[0]=TOOL_TYPE_UNKNOWN, buttonState=0, metaState=0, flags=0x0, edgeFlags=0x0, pointerCount=1, historySize=0, eventTime=855748133, downTime=855748133, deviceId=0, source=0x1002 }
08-06 05:42:11.766 18453 18453 I Input   : injectMotionEvent: MotionEvent { action=ACTION_MOVE, actionButton=0, id[0]=0, x[0]=500.0, y[0]=1804.3, toolType[0]=TOOL_TYPE_UNKNOWN, buttonState=0, metaState=0, flags=0x0, edgeFlags=0x0, pointerCount=1, historySize=0, eventTime=855748179, downTime=855748179, deviceId=0, source=0x1002 }
08-06 05:42:11.804 18453 18453 I Input   : injectMotionEvent: MotionEvent { action=ACTION_MOVE, actionButton=0, id[0]=0, x[0]=500.0, y[0]=1732.1, toolType[0]=TOOL_TYPE_UNKNOWN, buttonState=0, metaState=0, flags=0x0, edgeFlags=0x0, pointerCount=1, historySize=0, eventTime=855748217, downTime=855748217, deviceId=0, source=0x1002 }
08-06 05:42:11.844 18453 18453 I Input   : injectMotionEvent: MotionEvent { action=ACTION_MOVE, actionButton=0, id[0]=0, x[0]=500.0, y[0]=1656.1, toolType[0]=TOOL_TYPE_UNKNOWN, buttonState=0, metaState=0, flags=0x0, edgeFlags=0x0, pointerCount=1, historySize=0, eventTime=855748257, downTime=855748257, deviceId=0, source=0x1002 }
08-06 05:42:11.883 18453 18453 I Input   : injectMotionEvent: MotionEvent { action=ACTION_MOVE, actionButton=0, id[0]=0, x[0]=500.0, y[0]=1582.0, toolType[0]=TOOL_TYPE_UNKNOWN, buttonState=0, metaState=0, flags=0x0, edgeFlags=0x0, pointerCount=1, historySize=0, eventTime=855748296, downTime=855748296, deviceId=0, source=0x1002 }
08-06 05:42:11.925 18453 18453 I Input   : injectMotionEvent: MotionEvent { action=ACTION_MOVE, actionButton=0, id[0]=0, x[0]=500.0, y[0]=1502.2, toolType[0]=TOOL_TYPE_UNKNOWN, buttonState=0, metaState=0, flags=0x0, edgeFlags=0x0, pointerCount=1, historySize=0, eventTime=855748338, downTime=855748338, deviceId=0, source=0x1002 }
08-06 05:42:11.955 16756 16768 I art     : Starting a blocking GC Explicit
08-06 05:42:11.964 18453 18453 I Input   : injectMotionEvent: MotionEvent { action=ACTION_MOVE, actionButton=0, id[0]=0, x[0]=500.0, y[0]=1428.1, toolType[0]=TOOL_TYPE_UNKNOWN, buttonState=0, metaState=0, flags=0x0, edgeFlags=0x0, pointerCount=1, historySize=0, eventTime=855748377, downTime=855748377, deviceId=0, source=0x1002 }
08-06 05:42:11.997 16756 16768 I art     : Explicit concurrent mark sweep GC freed 1618(93KB) AllocSpace objects, 2(36KB) LOS objects, 10% free, 135MB/151MB, paused 1.026ms total 41.326ms
08-06 05:42:12.008 18453 18453 I Input   : injectMotionEvent: MotionEvent { action=ACTION_MOVE, actionButton=0, id[0]=0, x[0]=500.0, y[0]=1344.5, toolType[0]=TOOL_TYPE_UNKNOWN, buttonState=0, metaState=0, flags=0x0, edgeFlags=0x0, pointerCount=1, historySize=0, eventTime=855748421, downTime=855748421, deviceId=0, source=0x1002 }
08-06 05:42:12.015 16756 16768 I art     : Starting a blocking GC Explicit
08-06 05:42:12.049 18453 18453 I Input   : injectMotionEvent: MotionEvent { action=ACTION_MOVE, actionButton=0, id[0]=0, x[0]=500.0, y[0]=1266.6, toolType[0]=TOOL_TYPE_UNKNOWN, buttonState=0, metaState=0, flags=0x0, edgeFlags=0x0, pointerCount=1, historySize=0, eventTime=855748462, downTime=855748462, deviceId=0, source=0x1002 }
08-06 05:42:12.053 16756 16768 I art     : Explicit concurrent mark sweep GC freed 32(1152B) AllocSpace objects, 0(0B) LOS objects, 10% free, 135MB/151MB, paused 1.207ms total 38.475ms
08-06 05:42:12.071 16756 16768 I art     : Starting a blocking GC Explicit
08-06 05:42:12.092 18453 18453 I Input   : injectMotionEvent: MotionEvent { action=ACTION_MOVE, actionButton=0, id[0]=0, x[0]=500.0, y[0]=1184.9, toolType[0]=TOOL_TYPE_UNKNOWN, buttonState=0, metaState=0, flags=0x0, edgeFlags=0x0, pointerCount=1, historySize=0, eventTime=855748505, downTime=855748505, deviceId=0, source=0x1002 }
08-06 05:42:12.110 16756 16768 I art     : Explicit concurrent mark sweep GC freed 5(160B) AllocSpace objects, 0(0B) LOS objects, 10% free, 135MB/151MB, paused 1.088ms total 39.046ms
08-06 05:42:12.127 16756 16768 I art     : Starting a blocking GC Explicit
08-06 05:42:12.140 18453 18453 I Input   : injectMotionEvent: MotionEvent { action=ACTION_MOVE, actionButton=0, id[0]=0, x[0]=500.0, y[0]=1091.8, toolType[0]=TOOL_TYPE_UNKNOWN, buttonState=0, metaState=0, flags=0x0, edgeFlags=0x0, pointerCount=1, historySize=0, eventTime=855748554, downTime=855748554, deviceId=0, source=0x1002 }
08-06 05:42:12.168 16756 16768 I art     : Explicit concurrent mark sweep GC freed 5(160B) AllocSpace objects, 0(0B) LOS objects, 10% free, 135MB/151MB, paused 1.055ms total 40.673ms
08-06 05:42:12.178 18453 18453 I Input   : injectMotionEvent: MotionEvent { action=ACTION_MOVE, actionButton=0, id[0]=0, x[0]=500.0, y[0]=1021.5, toolType[0]=TOOL_TYPE_UNKNOWN, buttonState=0, metaState=0, flags=0x0, edgeFlags=0x0, pointerCount=1, historySize=0, eventTime=855748591, downTime=855748591, deviceId=0, source=0x1002 }
08-06 05:42:12.184 16756 16768 I art     : Starting a blocking GC Explicit
08-06 05:42:12.216 18453 18453 I Input   : injectMotionEvent: MotionEvent { action=ACTION_MOVE, actionButton=0, id[0]=0, x[0]=500.0, y[0]=949.30005, toolType[0]=TOOL_TYPE_UNKNOWN, buttonState=0, metaState=0, flags=0x0, edgeFlags=0x0, pointerCount=1, historySize=0, eventTime=855748629, downTime=855748629, deviceId=0, source=0x1002 }
08-06 05:42:12.224 16756 16768 I art     : Explicit concurrent mark sweep GC freed 7(224B) AllocSpace objects, 0(0B) LOS objects, 10% free, 135MB/151MB, paused 1.069ms total 39.212ms
08-06 05:42:12.257 18453 18453 I Input   : injectMotionEvent: MotionEvent { action=ACTION_MOVE, actionButton=0, id[0]=0, x[0]=500.0, y[0]=871.4, toolType[0]=TOOL_TYPE_UNKNOWN, buttonState=0, metaState=0, flags=0x0, edgeFlags=0x0, pointerCount=1, historySize=0, eventTime=855748670, downTime=855748670, deviceId=0, source=0x1002 }
08-06 05:42:12.290 18453 18453 I Input   : injectMotionEvent: MotionEvent { action=ACTION_MOVE, actionButton=0, id[0]=0, x[0]=500.0, y[0]=808.7001, toolType[0]=TOOL_TYPE_UNKNOWN, buttonState=0, metaState=0, flags=0x0, edgeFlags=0x0, pointerCount=1, historySize=0, eventTime=855748703, downTime=855748703, deviceId=0, source=0x1002 }
08-06 05:42:12.325 18453 18453 I Input   : injectMotionEvent: MotionEvent { action=ACTION_MOVE, actionButton=0, id[0]=0, x[0]=500.0, y[0]=742.19995, toolType[0]=TOOL_TYPE_UNKNOWN, buttonState=0, metaState=0, flags=0x0, edgeFlags=0x0, pointerCount=1, historySize=0, eventTime=855748738, downTime=855748738, deviceId=0, source=0x1002 }
08-06 05:42:12.360 18453 18453 I Input   : injectMotionEvent: MotionEvent { action=ACTION_MOVE, actionButton=0, id[0]=0, x[0]=500.0, y[0]=673.7999, toolType[0]=TOOL_TYPE_UNKNOWN, buttonState=0, metaState=0, flags=0x0, edgeFlags=0x0, pointerCount=1, historySize=0, eventTime=855748774, downTime=855748774, deviceId=0, source=0x1002 }
08-06 05:42:12.397 18453 18453 I Input   : injectMotionEvent: MotionEvent { action=ACTION_MOVE, actionButton=0, id[0]=0, x[0]=500.0, y[0]=605.3999, toolType[0]=TOOL_TYPE_UNKNOWN, buttonState=0, metaState=0, flags=0x0, edgeFlags=0x0, pointerCount=1, historySize=0, eventTime=855748810, downTime=855748810, deviceId=0, source=0x1002 }
08-06 05:42:12.431 18453 18453 I Input   : injectMotionEvent: MotionEvent { action=ACTION_MOVE, actionButton=0, id[0]=0, x[0]=500.0, y[0]=540.7999, toolType[0]=TOOL_TYPE_UNKNOWN, buttonState=0, metaState=0, flags=0x0, edgeFlags=0x0, pointerCount=1, historySize=0, eventTime=855748844, downTime=855748844, deviceId=0, source=0x1002 }
08-06 05:42:12.469 18453 18453 I Input   : injectMotionEvent: MotionEvent { action=ACTION_MOVE, actionButton=0, id[0]=0, x[0]=500.0, y[0]=468.59998, toolType[0]=TOOL_TYPE_UNKNOWN, buttonState=0, metaState=0, flags=0x0, edgeFlags=0x0, pointerCount=1, historySize=0, eventTime=855748882, downTime=855748882, deviceId=0, source=0x1002 }
08-06 05:42:12.506 18453 18453 I Input   : injectMotionEvent: MotionEvent { action=ACTION_MOVE, actionButton=0, id[0]=0, x[0]=500.0, y[0]=398.30005, toolType[0]=TOOL_TYPE_UNKNOWN, buttonState=0, metaState=0, flags=0x0, edgeFlags=0x0, pointerCount=1, historySize=0, eventTime=855748919, downTime=855748919, deviceId=0, source=0x1002 }
08-06 05:42:12.545 18453 18453 I Input   : injectMotionEvent: MotionEvent { action=ACTION_MOVE, actionButton=0, id[0]=0, x[0]=500.0, y[0]=324.19995, toolType[0]=TOOL_TYPE_UNKNOWN, buttonState=0, metaState=0, flags=0x0, edgeFlags=0x0, pointerCount=1, historySize=0, eventTime=855748958, downTime=855748958, deviceId=0, source=0x1002 }
08-06 05:42:12.590 18453 18453 I Input   : injectMotionEvent: MotionEvent { action=ACTION_MOVE, actionButton=0, id[0]=0, x[0]=500.0, y[0]=238.70007, toolType[0]=TOOL_TYPE_UNKNOWN, buttonState=0, metaState=0, flags=0x0, edgeFlags=0x0, pointerCount=1, historySize=0, eventTime=855749003, downTime=855749003, deviceId=0, source=0x1002 }
08-06 05:42:12.603 16756 16768 I art     : Starting a blocking GC Explicit
08-06 05:42:12.630 18453 18453 I Input   : injectMotionEvent: MotionEvent { action=ACTION_MOVE, actionButton=0, id[0]=0, x[0]=500.0, y[0]=162.69995, toolType[0]=TOOL_TYPE_UNKNOWN, buttonState=0, metaState=0, flags=0x0, edgeFlags=0x0, pointerCount=1, historySize=0, eventTime=855749043, downTime=855749043, deviceId=0, source=0x1002 }
08-06 05:42:12.644 16756 16768 I art     : Explicit concurrent mark sweep GC freed 1649(93KB) AllocSpace objects, 2(36KB) LOS objects, 10% free, 135MB/151MB, paused 1.080ms total 40.449ms
08-06 05:42:12.662   518   646 I ThermalEngine: ACTION: GPU - Setting GPU[0] to 390000000
08-06 05:42:12.673 16756 16768 I art     : Starting a blocking GC Explicit
08-06 05:42:12.674 18453 18453 I Input   : injectMotionEvent: MotionEvent { action=ACTION_UP, actionButton=0, id[0]=0, x[0]=500.0, y[0]=100.0, toolType[0]=TOOL_TYPE_UNKNOWN, buttonState=0, metaState=0, flags=0x0, edgeFlags=0x0, pointerCount=1, historySize=0, eventTime=855749088, downTime=855749088, deviceId=0, source=0x1002 }
08-06 05:42:12.711 18453 18453 D AndroidRuntime: Shutting down VM
08-06 05:42:12.722 16756 16768 I art     : Explicit concurrent mark sweep GC freed 39(1584B) AllocSpace objects, 0(0B) LOS objects, 10% free, 135MB/151MB, paused 1.472ms total 49.116ms
08-06 05:42:12.742 16756 16768 I art     : Starting a blocking GC Explicit
08-06 05:42:12.790 16756 16768 I art     : Explicit concurrent mark sweep GC freed 15(672B) AllocSpace objects, 0(0B) LOS objects, 10% free, 135MB/151MB, paused 1.707ms total 48.015ms
08-06 05:42:12.813 16756 16768 I art     : Starting a blocking GC Explicit
08-06 05:42:12.868 16756 16768 I art     : Explicit concurrent mark sweep GC freed 9(400B) AllocSpace objects, 0(0B) LOS objects, 10% free, 135MB/151MB, paused 1.678ms total 54.814ms
08-06 05:42:12.891 16756 16768 I art     : Starting a blocking GC Explicit
08-06 05:42:12.946 16756 16768 I art     : Explicit concurrent mark sweep GC freed 3(96B) AllocSpace objects, 0(0B) LOS objects, 10% free, 135MB/151MB, paused 1.747ms total 54.541ms
08-06 05:42:13.383 16756 16769 I art     : Starting a blocking GC Explicit
08-06 05:42:13.441 16756 16769 I art     : Explicit concurrent mark sweep GC freed 1610(93KB) AllocSpace objects, 2(36KB) LOS objects, 10% free, 135MB/151MB, paused 1.665ms total 56.489ms
08-06 05:42:13.463 16756 16769 I art     : Starting a blocking GC Explicit
08-06 05:42:13.517 16756 16769 I art     : Explicit concurrent mark sweep GC freed 59(1856B) AllocSpace objects, 0(0B) LOS objects, 10% free, 135MB/151MB, paused 1.606ms total 53.038ms
08-06 05:42:13.539 16756 16769 I art     : Starting a blocking GC Explicit
08-06 05:42:13.593 16756 16769 I art     : Explicit concurrent mark sweep GC freed 3(96B) AllocSpace objects, 0(0B) LOS objects, 10% free, 135MB/151MB, paused 1.691ms total 53.464ms
08-06 05:42:13.608 18497 18497 D AndroidRuntime: >>>>>> START com.android.internal.os.RuntimeInit uid 2000 <<<<<<
08-06 05:42:13.613 18497 18497 D AndroidRuntime: CheckJNI is OFF
08-06 05:42:13.616 16756 16769 I art     : Starting a blocking GC Explicit
08-06 05:42:13.660 18497 18497 D ICU     : No timezone override file found: /data/misc/zoneinfo/current/icu/icu_tzdata.dat
08-06 05:42:13.665 16756 16769 I art     : Explicit concurrent mark sweep GC freed 3(96B) AllocSpace objects, 0(0B) LOS objects, 10% free, 135MB/151MB, paused 1.654ms total 48.618ms
08-06 05:42:13.688 16756 16769 I art     : Starting a blocking GC Explicit
08-06 05:42:13.706 18497 18497 I Radio-JNI: register_android_hardware_Radio DONE
08-06 05:42:13.738 18497 18497 D AndroidRuntime: Calling main entry com.android.commands.input.Input
08-06 05:42:13.741 18497 18497 I Input   : injectMotionEvent: MotionEvent { action=ACTION_DOWN, actionButton=0, id[0]=0, x[0]=657.0, y[0]=2080.0, toolType[0]=TOOL_TYPE_UNKNOWN, buttonState=0, metaState=0, flags=0x0, edgeFlags=0x0, pointerCount=1, historySize=0, eventTime=855750153, downTime=855750153, deviceId=0, source=0x1002 }
08-06 05:42:13.741 16756 16769 I art     : Explicit concurrent mark sweep GC freed 3(96B) AllocSpace objects, 0(0B) LOS objects, 10% free, 135MB/151MB, paused 1.638ms total 52.970ms
08-06 05:42:13.748 18497 18497 I Input   : injectMotionEvent: MotionEvent { action=ACTION_UP, actionButton=0, id[0]=0, x[0]=657.0, y[0]=2080.0, toolType[0]=TOOL_TYPE_UNKNOWN, buttonState=0, metaState=0, flags=0x0, edgeFlags=0x0, pointerCount=1, historySize=0, eventTime=855750153, downTime=855750153, deviceId=0, source=0x1002 }
08-06 05:42:13.750 18497 18497 D AndroidRuntime: Shutting down VM
08-06 05:42:13.752   918  3670 I ActivityManager: START u0 {cmp=baseline.io.github.project_travel_mate/.utilities.UpcomingWeekendsActivity} from uid 10696 on display 0
08-06 05:42:13.752   512  2967 D audio_hw_primary: out_set_parameters: enter: usecase(1: low-latency-playback) kvpairs: routing=2
08-06 05:42:13.766   512  2967 D audio_hw_primary: select_devices: out_snd_device(2: speaker) in_snd_device(0: none)
08-06 05:42:13.767   512  2967 D msm8974_platform: platform_send_audio_calibration: sending audio calibration for snd_device(2) acdb_id(15)
08-06 05:42:13.767   512  2967 I soundtrigger: audio_extn_sound_trigger_update_device_status: device 0x2 of type 0 for Event 1
08-06 05:42:13.785   512  2967 D audio_hw_primary: enable_snd_device: snd_device(2: speaker)
08-06 05:42:13.789   512  2967 D audio_hw_primary: enable_audio_route: apply and update mixer path: low-latency-playback speaker
08-06 05:42:13.789   918   937 W ProcessCpuTracker: Skipping unknown process pid 18505
08-06 05:42:13.789   918   937 W ProcessCpuTracker: Skipping unknown process pid 18507
08-06 05:42:13.790   918   937 W ProcessCpuTracker: Skipping unknown process pid 18508
08-06 05:42:13.802 16756 16819 D Gabe    : call	returning from cache
08-06 05:42:13.806 16756 16756 V EXECUTING: https://project-travel-mate.herokuapp.com/api/get-upcoming-holidays/2020
08-06 05:42:13.810 16756 16756 V EXECUTING: https://project-travel-mate.herokuapp.com/api/get-upcoming-holidays/2020
08-06 05:42:13.905 13866 13866 I GoogleInputMethodServic: GoogleInputMethodService.onFinishInput():3138 
08-06 05:42:13.906 13866 13866 I GoogleInputMethodServic: GoogleInputMethodService.onStartInput():1808 
08-06 05:42:14.031   918   936 I ActivityManager: Displayed baseline.io.github.project_travel_mate/.utilities.UpcomingWeekendsActivity: +270ms
08-06 05:42:14.161 16756 17031 I art     : Starting a blocking GC Explicit
08-06 05:42:14.215 16756 17031 I art     : Explicit concurrent mark sweep GC freed 3586(241KB) AllocSpace objects, 2(36KB) LOS objects, 10% free, 139MB/155MB, paused 1.504ms total 54.111ms
08-06 05:42:14.238 16756 17031 I art     : Starting a blocking GC Explicit
08-06 05:42:14.271   380   380 W SurfaceFlinger: couldn't log to binary event log: overflow.
08-06 05:42:14.292 16756 17031 I art     : Explicit concurrent mark sweep GC freed 389(14KB) AllocSpace objects, 0(0B) LOS objects, 10% free, 139MB/155MB, paused 1.818ms total 53.618ms
08-06 05:42:14.314 16756 17031 I art     : Starting a blocking GC Explicit
08-06 05:42:14.328   512  2967 D audio_hw_primary: disable_audio_route: reset and update mixer path: low-latency-playback speaker
08-06 05:42:14.329   512  2967 D audio_hw_primary: disable_snd_device: snd_device(2: speaker)
08-06 05:42:14.336   512  2967 I soundtrigger: audio_extn_sound_trigger_update_device_status: device 0x2 of type 0 for Event 0
08-06 05:42:14.364 16756 17031 I art     : Explicit concurrent mark sweep GC freed 100(1728B) AllocSpace objects, 0(0B) LOS objects, 10% free, 139MB/155MB, paused 1.549ms total 50.119ms
08-06 05:42:14.387 16756 17031 I art     : Starting a blocking GC Explicit
08-06 05:42:14.444 16756 17031 I art     : Explicit concurrent mark sweep GC freed 123(2048B) AllocSpace objects, 0(0B) LOS objects, 10% free, 139MB/155MB, paused 1.901ms total 55.851ms
08-06 05:42:14.465 16756 17031 I art     : Starting a blocking GC Explicit
08-06 05:42:14.514 16756 17031 I art     : Explicit concurrent mark sweep GC freed 150(3KB) AllocSpace objects, 0(0B) LOS objects, 10% free, 140MB/156MB, paused 1.934ms total 49.018ms
08-06 05:42:14.732 16756 18521 I NAPPA_EXPERIMENTATION: MetricNetworkRequestExecutionTime: REQUEST_DURATION_SYSTEM='920',REQUEST_DURATION_OKHTTP='38',REQUEST_SYNCHRONOUS='FALSE',RESPONSE_CODE='200',RESPONSE_METHOD='GET',RESPONSE_LENGTH_OKHTTP='6426',RESPONSE_LENGTH_HEADER='6426',REQUEST_PROTOCOL='http/1.1',REQUEST_URL='https://project-travel-mate.herokuapp.com/api/get-upcoming-holidays/2020',
08-06 05:42:14.759 16756 18520 I NAPPA_EXPERIMENTATION: MetricNetworkRequestExecutionTime: REQUEST_DURATION_SYSTEM='952',REQUEST_DURATION_OKHTTP='64',REQUEST_SYNCHRONOUS='FALSE',RESPONSE_CODE='200',RESPONSE_METHOD='GET',RESPONSE_LENGTH_OKHTTP='6426',RESPONSE_LENGTH_HEADER='6426',REQUEST_PROTOCOL='http/1.1',REQUEST_URL='https://project-travel-mate.herokuapp.com/api/get-upcoming-holidays/2020',
08-06 05:42:14.830 16756 16756 V Response: [{"month":"January","date":1,"day":"Wednesday","name":"New Year's Day","type":"Restricted"},{"month":"January","date":2,"day":"Thursday","name":"Guru Govind Singh Jayanti","type":"Restricted"},{"month":"January","date":14,"day":"Tuesday","name":"Lohri","type":"Restricted"},{"month":"January","date":15,"day":"Wednesday","name":"Pongal","type":"Restricted"},{"month":"January","date":15,"day":"Wednesday","name":"Makar Sankranti","type":"Restricted"},{"month":"January","date":25,"day":"Saturday","name":"Chinese New Year","type":"Observance"},{"month":"January","date":26,"day":"Sunday","name":"Republic Day","type":"Gazetted"},{"month":"January","date":30,"day":"Thursday","name":"Vasant Panchami","type":"Restricted"},{"month":"February","date":9,"day":"Sunday","name":"Guru Ravidas Jayanti","type":"Restricted"},{"month":"February","date":14,"day":"Friday","name":"Valentine's Day","type":"Observance"},{"month":"February","date":18,"day":"Tuesday","name":"Maharishi Dayanand Saraswati Jayanti","type":"Restricted"},{"month":"February","date":19,"day":"Wednesday","name":"Shivaji Jayanti","type":"Restricted"},{"month":"February","date":21,"day":"Friday","name":"Maha Shivaratri/Shivaratri","type":"Gazetted"},{"month":"March","date":9,"day":"Monday","name":"Holika Dahana","type":"Restricted"},{"month":"March","date":9,"day":"Monday","name":"Hazarat Ali's Birthday","type":"Restricted"},{"month":"March","date":10,"day":"Tuesday","name":"Holi","type":"Gazetted"},{"month":"March","date":20,"day":"Friday","name":"March Equinox","type":"Season"},{"month":"March","date":25,"day":"Wednesday","name":"Chaitra Sukhladi","type":"Restricted"},{"month":"April","date":2,"day":"Thursday","name":"Rama Navami","type":"Gazetted"},{"month":"April","date":6,"day":"Monday","name":"Mahavir Jayanti","type":"Gazetted"},{"month":"April","date":9,"day":"Thursday","name":"First day of Passover","type":"Observance"},{"month":"April","date":9,"day":"Thursday","name":"Maundy Thursday","type":"Observance,"},{"month":"April","date":10,"day":"Friday","name":"Good Friday","type":"Gazetted"},{"month":"April","date":12,"day":"Sunday","name":"Easter Day","type":"Restricted"},{"month":"April","date":13,"day":"Monday","name":"Vaisakhi","type":"Restricted"},{"month":"April","date":14,"day":"Tuesday","name":"Mesadi/Vaisakhadi","type":"Restricted"},{"month":"April","date":14,"day":"Tuesday","name":"Ambedkar Jayanti","type":"Central"},{"month":"May","date":1,"day":"Friday","name":"May Day","type":"Observance"},{"month":"May","date":7,"day":"Thursday","name":"Buddha Purnima/Vesak","type":"Gazetted"},{"month":"May","date":7,"day":"Thursday","name":"Birthday of Ravindranath","type":"Restricted"},{"month":"May","date":10,"day":"Sunday","name":"Mother's Day","type":"Observance"},{"month":"May","date":22,"day":"Friday","name":"Jamat Ul-Vida","type":"Restricted"},{"month":"May","date":25,"day":"Monday","name":"Ramzan Id/Eid-ul-Fitar","type":"Gazetted"},{"month":"May","date":25,"day":"Monday","name":"Ramzan Id/Eid-ul-Fitar","type":"Muslim,"},{"month":"June","date":21,"day":"Sunday","name":"June Solstice","type":"Season"},{"month":"June","date":21,"day":"Sunday","name":"Father's Day","type":"Observance"},{"month":"June","date":23,"day":"Tuesday","name":"Rath Yatra","type":"Restricted"},{"month":"July","date":5,"day":"Sunday","name":"Guru Purnima","type":"Observance"},{"month":"July","date":31,"day":"Friday","name":"Bakr Id/Eid ul-Adha","type":"Gazetted"},{"month":"August","date":2,"day":"Sunday","name":"Friendship Day","type":"Observance"},{"month":"August","date":3,"day":"Monday","name":"Raksha Bandhan (Rakhi)","type":"Restricted"},{"month":"August","date":11,"day":"Tuesday","name":"Janmashtami (Smarta)","type":"Restricted"},{"month":"August","date":12,"day":"Wednesday","name":"Janmashtami","type":"Gazetted"},{"month":"August","date":15,"day":"Saturday","name":"Independence Day","type":"Gazetted"},{"month":"August","date":16,"day":"Sunday","name":"Parsi New Year","type":"Restricted"},{"month":"August","date":22,"day":"Saturday","name":"Ganesh Chaturthi/Vin
08-06 05:42:14.929 16756 16769 I art     : Starting a blocking GC Explicit
08-06 05:42:14.930 16756 16756 V Response: [{"month":"January","date":1,"day":"Wednesday","name":"New Year's Day","type":"Restricted"},{"month":"January","date":2,"day":"Thursday","name":"Guru Govind Singh Jayanti","type":"Restricted"},{"month":"January","date":14,"day":"Tuesday","name":"Lohri","type":"Restricted"},{"month":"January","date":15,"day":"Wednesday","name":"Pongal","type":"Restricted"},{"month":"January","date":15,"day":"Wednesday","name":"Makar Sankranti","type":"Restricted"},{"month":"January","date":25,"day":"Saturday","name":"Chinese New Year","type":"Observance"},{"month":"January","date":26,"day":"Sunday","name":"Republic Day","type":"Gazetted"},{"month":"January","date":30,"day":"Thursday","name":"Vasant Panchami","type":"Restricted"},{"month":"February","date":9,"day":"Sunday","name":"Guru Ravidas Jayanti","type":"Restricted"},{"month":"February","date":14,"day":"Friday","name":"Valentine's Day","type":"Observance"},{"month":"February","date":18,"day":"Tuesday","name":"Maharishi Dayanand Saraswati Jayanti","type":"Restricted"},{"month":"February","date":19,"day":"Wednesday","name":"Shivaji Jayanti","type":"Restricted"},{"month":"February","date":21,"day":"Friday","name":"Maha Shivaratri/Shivaratri","type":"Gazetted"},{"month":"March","date":9,"day":"Monday","name":"Holika Dahana","type":"Restricted"},{"month":"March","date":9,"day":"Monday","name":"Hazarat Ali's Birthday","type":"Restricted"},{"month":"March","date":10,"day":"Tuesday","name":"Holi","type":"Gazetted"},{"month":"March","date":20,"day":"Friday","name":"March Equinox","type":"Season"},{"month":"March","date":25,"day":"Wednesday","name":"Chaitra Sukhladi","type":"Restricted"},{"month":"April","date":2,"day":"Thursday","name":"Rama Navami","type":"Gazetted"},{"month":"April","date":6,"day":"Monday","name":"Mahavir Jayanti","type":"Gazetted"},{"month":"April","date":9,"day":"Thursday","name":"First day of Passover","type":"Observance"},{"month":"April","date":9,"day":"Thursday","name":"Maundy Thursday","type":"Observance,"},{"month":"April","date":10,"day":"Friday","name":"Good Friday","type":"Gazetted"},{"month":"April","date":12,"day":"Sunday","name":"Easter Day","type":"Restricted"},{"month":"April","date":13,"day":"Monday","name":"Vaisakhi","type":"Restricted"},{"month":"April","date":14,"day":"Tuesday","name":"Mesadi/Vaisakhadi","type":"Restricted"},{"month":"April","date":14,"day":"Tuesday","name":"Ambedkar Jayanti","type":"Central"},{"month":"May","date":1,"day":"Friday","name":"May Day","type":"Observance"},{"month":"May","date":7,"day":"Thursday","name":"Buddha Purnima/Vesak","type":"Gazetted"},{"month":"May","date":7,"day":"Thursday","name":"Birthday of Ravindranath","type":"Restricted"},{"month":"May","date":10,"day":"Sunday","name":"Mother's Day","type":"Observance"},{"month":"May","date":22,"day":"Friday","name":"Jamat Ul-Vida","type":"Restricted"},{"month":"May","date":25,"day":"Monday","name":"Ramzan Id/Eid-ul-Fitar","type":"Gazetted"},{"month":"May","date":25,"day":"Monday","name":"Ramzan Id/Eid-ul-Fitar","type":"Muslim,"},{"month":"June","date":21,"day":"Sunday","name":"June Solstice","type":"Season"},{"month":"June","date":21,"day":"Sunday","name":"Father's Day","type":"Observance"},{"month":"June","date":23,"day":"Tuesday","name":"Rath Yatra","type":"Restricted"},{"month":"July","date":5,"day":"Sunday","name":"Guru Purnima","type":"Observance"},{"month":"July","date":31,"day":"Friday","name":"Bakr Id/Eid ul-Adha","type":"Gazetted"},{"month":"August","date":2,"day":"Sunday","name":"Friendship Day","type":"Observance"},{"month":"August","date":3,"day":"Monday","name":"Raksha Bandhan (Rakhi)","type":"Restricted"},{"month":"August","date":11,"day":"Tuesday","name":"Janmashtami (Smarta)","type":"Restricted"},{"month":"August","date":12,"day":"Wednesday","name":"Janmashtami","type":"Gazetted"},{"month":"August","date":15,"day":"Saturday","name":"Independence Day","type":"Gazetted"},{"month":"August","date":16,"day":"Sunday","name":"Parsi New Year","type":"Restricted"},{"month":"August","date":22,"day":"Saturday","name":"Ganesh Chaturthi/Vin
08-06 05:42:14.996 16756 16769 I art     : Explicit concurrent mark sweep GC freed 18879(843KB) AllocSpace objects, 12(4MB) LOS objects, 10% free, 137MB/153MB, paused 2.207ms total 65.802ms
08-06 05:42:15.018 16756 16769 I art     : Starting a blocking GC Explicit
08-06 05:42:15.071 16756 16769 I art     : Explicit concurrent mark sweep GC freed 4022(311KB) AllocSpace objects, 0(0B) LOS objects, 10% free, 136MB/152MB, paused 1.617ms total 52.683ms
08-06 05:42:15.094 16756 16769 I art     : Starting a blocking GC Explicit
08-06 05:42:15.147 16756 16769 I art     : Explicit concurrent mark sweep GC freed 285(6KB) AllocSpace objects, 6(120KB) LOS objects, 10% free, 136MB/152MB, paused 1.634ms total 53.197ms
08-06 05:42:15.171 16756 16769 I art     : Starting a blocking GC Explicit
08-06 05:42:15.231 16756 16769 I art     : Explicit concurrent mark sweep GC freed 1117(70KB) AllocSpace objects, 5(100KB) LOS objects, 10% free, 136MB/152MB, paused 1.738ms total 59.530ms
08-06 05:42:15.255 16756 16769 I art     : Starting a blocking GC Explicit
08-06 05:42:15.315 16756 16769 I art     : Explicit concurrent mark sweep GC freed 123(2096B) AllocSpace objects, 0(0B) LOS objects, 10% free, 136MB/152MB, paused 1.673ms total 59.864ms
08-06 05:42:15.753 16756 16768 I art     : Starting a blocking GC Explicit
08-06 05:42:15.815 16756 16768 I art     : Explicit concurrent mark sweep GC freed 2346(105KB) AllocSpace objects, 2(36KB) LOS objects, 10% free, 136MB/152MB, paused 1.769ms total 61.292ms
08-06 05:42:15.841 16756 16768 I art     : Starting a blocking GC Explicit
08-06 05:42:15.896 16756 16768 I art     : Explicit concurrent mark sweep GC freed 166(3KB) AllocSpace objects, 0(0B) LOS objects, 10% free, 136MB/152MB, paused 1.605ms total 55.105ms
08-06 05:42:15.920 16756 16768 I art     : Starting a blocking GC Explicit
08-06 05:42:15.977 16756 16768 I art     : Explicit concurrent mark sweep GC freed 123(2096B) AllocSpace objects, 0(0B) LOS objects, 10% free, 136MB/152MB, paused 1.711ms total 57.299ms
08-06 05:42:16.001 16756 16768 I art     : Starting a blocking GC Explicit
08-06 05:42:16.060 16756 16768 I art     : Explicit concurrent mark sweep GC freed 117(1984B) AllocSpace objects, 0(0B) LOS objects, 10% free, 136MB/152MB, paused 1.890ms total 59.069ms
08-06 05:42:16.084 16756 16768 I art     : Starting a blocking GC Explicit
08-06 05:42:16.089   918  3261 D WifiStateMachine: starting scan for "H369AA63323"WPA_PSK with 2412,5180
08-06 05:42:16.144 16756 16768 I art     : Explicit concurrent mark sweep GC freed 129(2208B) AllocSpace objects, 0(0B) LOS objects, 10% free, 136MB/152MB, paused 1.824ms total 59.509ms
08-06 05:42:16.605 16756 16821 I art     : Starting a blocking GC Explicit
08-06 05:42:16.667 16756 16821 I art     : Explicit concurrent mark sweep GC freed 2357(104KB) AllocSpace objects, 2(36KB) LOS objects, 10% free, 136MB/152MB, paused 1.788ms total 61.307ms
08-06 05:42:16.668   518   646 I ThermalEngine: ACTION: GPU - Setting GPU[0] to 450000000
08-06 05:42:16.689 16756 16821 I art     : Starting a blocking GC Explicit
08-06 05:42:16.737 16756 16821 I art     : Explicit concurrent mark sweep GC freed 125(2656B) AllocSpace objects, 0(0B) LOS objects, 10% free, 136MB/152MB, paused 1.126ms total 47.830ms
08-06 05:42:16.755 16756 16821 I art     : Starting a blocking GC Explicit
08-06 05:42:16.807 16756 16821 I art     : Explicit concurrent mark sweep GC freed 99(1696B) AllocSpace objects, 0(0B) LOS objects, 10% free, 136MB/152MB, paused 1.144ms total 51.747ms
08-06 05:42:16.825 16756 16821 I art     : Starting a blocking GC Explicit
08-06 05:42:16.876 16756 16821 I art     : Explicit concurrent mark sweep GC freed 113(2368B) AllocSpace objects, 0(0B) LOS objects, 10% free, 136MB/152MB, paused 1.258ms total 50.936ms
08-06 05:42:16.895 16756 16821 I art     : Starting a blocking GC Explicit
08-06 05:42:16.946 16756 16821 I art     : Explicit concurrent mark sweep GC freed 130(2592B) AllocSpace objects, 0(0B) LOS objects, 10% free, 136MB/152MB, paused 1.177ms total 50.901ms
08-06 05:42:17.378 16756 17031 I art     : Starting a blocking GC Explicit
08-06 05:42:17.433 16756 17031 I art     : Explicit concurrent mark sweep GC freed 2279(103KB) AllocSpace objects, 2(36KB) LOS objects, 10% free, 136MB/152MB, paused 1.189ms total 54.707ms
08-06 05:42:17.453 16756 17031 I art     : Starting a blocking GC Explicit
08-06 05:42:17.502 16756 17031 I art     : Explicit concurrent mark sweep GC freed 156(3KB) AllocSpace objects, 0(0B) LOS objects, 10% free, 136MB/152MB, paused 1.096ms total 48.939ms
08-06 05:42:17.520 16756 17031 I art     : Starting a blocking GC Explicit
08-06 05:42:17.573 16756 17031 I art     : Explicit concurrent mark sweep GC freed 99(1696B) AllocSpace objects, 0(0B) LOS objects, 10% free, 136MB/152MB, paused 1.125ms total 52.864ms
08-06 05:42:17.592 16756 17031 I art     : Starting a blocking GC Explicit
08-06 05:42:17.619 14694 14958 E GoogleConversionReporter: Error sending ping
08-06 05:42:17.619 14694 14958 E GoogleConversionReporter: bljc: Exception in CronetUrlRequest: net::ERR_CONNECTION_CLOSED, ErrorCode=5, InternalErrorCode=-100, Retryable=true
08-06 05:42:17.619 14694 14958 E GoogleConversionReporter: 	at org.chromium.net.impl.CronetUrlRequest.onError(PG:55)
08-06 05:42:17.642 16756 17031 I art     : Explicit concurrent mark sweep GC freed 98(1664B) AllocSpace objects, 0(0B) LOS objects, 10% free, 136MB/152MB, paused 1.116ms total 49.586ms
08-06 05:42:17.660 16756 17031 I art     : Starting a blocking GC Explicit
08-06 05:42:17.713 16756 17031 I art     : Explicit concurrent mark sweep GC freed 123(2096B) AllocSpace objects, 0(0B) LOS objects, 10% free, 136MB/152MB, paused 1.280ms total 52.673ms
08-06 05:42:17.713 16756 16766 I art     : WaitForGcToComplete blocked for 52.993ms for cause HeapTrim
08-06 05:42:18.159 16756 16769 I art     : Starting a blocking GC Explicit
08-06 05:42:18.211 16756 16769 I art     : Explicit concurrent mark sweep GC freed 2291(103KB) AllocSpace objects, 2(36KB) LOS objects, 10% free, 136MB/152MB, paused 1.221ms total 51.484ms
08-06 05:42:18.229 16756 16769 I art     : Starting a blocking GC Explicit
08-06 05:42:18.278 16756 16769 I art     : Explicit concurrent mark sweep GC freed 140(3KB) AllocSpace objects, 0(0B) LOS objects, 10% free, 136MB/152MB, paused 1.509ms total 48.883ms
08-06 05:42:18.296 16756 16769 I art     : Starting a blocking GC Explicit
08-06 05:42:18.347 16756 16769 I art     : Explicit concurrent mark sweep GC freed 119(2016B) AllocSpace objects, 0(0B) LOS objects, 10% free, 136MB/152MB, paused 1.306ms total 50.348ms
08-06 05:42:18.365 16756 16769 I art     : Starting a blocking GC Explicit
08-06 05:42:18.418 16756 16769 I art     : Explicit concurrent mark sweep GC freed 101(1728B) AllocSpace objects, 0(0B) LOS objects, 10% free, 136MB/152MB, paused 1.193ms total 51.948ms
08-06 05:42:18.436 16756 16769 I art     : Starting a blocking GC Explicit
08-06 05:42:18.486 16756 16769 I art     : Explicit concurrent mark sweep GC freed 131(2560B) AllocSpace objects, 0(0B) LOS objects, 10% free, 136MB/152MB, paused 1.194ms total 49.621ms
08-06 05:42:18.564 18585 18585 D AndroidRuntime: >>>>>> START com.android.internal.os.RuntimeInit uid 2000 <<<<<<
08-06 05:42:18.571 18585 18585 D AndroidRuntime: CheckJNI is OFF
08-06 05:42:18.616 18585 18585 D ICU     : No timezone override file found: /data/misc/zoneinfo/current/icu/icu_tzdata.dat
08-06 05:42:18.662 18585 18585 I Radio-JNI: register_android_hardware_Radio DONE
08-06 05:42:18.690 18585 18585 D AndroidRuntime: Calling main entry com.android.commands.input.Input
08-06 05:42:18.692 18585 18585 I Input   : injectKeyEvent: KeyEvent { action=ACTION_DOWN, keyCode=KEYCODE_BACK, scanCode=0, metaState=0, flags=0x0, repeatCount=0, eventTime=855755105, downTime=855755105, deviceId=-1, source=0x101 }
08-06 05:42:18.705 18585 18585 I Input   : injectKeyEvent: KeyEvent { action=ACTION_UP, keyCode=KEYCODE_BACK, scanCode=0, metaState=0, flags=0x0, repeatCount=0, eventTime=855755105, downTime=855755105, deviceId=-1, source=0x101 }
08-06 05:42:18.711 18585 18585 D AndroidRuntime: Shutting down VM
08-06 05:42:18.726 16756 16756 V MainActivity: url = https://project-travel-mate.herokuapp.com/api/number-of-unread-notifications
08-06 05:42:18.760 13866 13866 I GoogleInputMethodServic: GoogleInputMethodService.onFinishInput():3138 
08-06 05:42:18.760 13866 13866 I GoogleInputMethodServic: GoogleInputMethodService.onStartInput():1808 
08-06 05:42:18.894 16756 17031 I art     : Starting a blocking GC Explicit
08-06 05:42:18.936 16756 17031 I art     : Explicit concurrent mark sweep GC freed 2580(122KB) AllocSpace objects, 2(36KB) LOS objects, 10% free, 136MB/152MB, paused 1.010ms total 41.966ms
08-06 05:42:18.956 16756 17031 I art     : Starting a blocking GC Explicit
08-06 05:42:19.002 16756 17031 I art     : Explicit concurrent mark sweep GC freed 200(6KB) AllocSpace objects, 0(0B) LOS objects, 10% free, 136MB/152MB, paused 1.009ms total 45.671ms
08-06 05:42:19.019 16756 17031 I art     : Starting a blocking GC Explicit
08-06 05:42:19.065 16756 17031 I art     : Explicit concurrent mark sweep GC freed 101(1792B) AllocSpace objects, 0(0B) LOS objects, 10% free, 136MB/152MB, paused 1.359ms total 45.136ms
08-06 05:42:19.082 16756 17031 I art     : Starting a blocking GC Explicit
08-06 05:42:19.092   380   380 W SurfaceFlinger: couldn't log to binary event log: overflow.
08-06 05:42:19.126 16756 17031 I art     : Explicit concurrent mark sweep GC freed 73(1856B) AllocSpace objects, 2(364KB) LOS objects, 10% free, 136MB/152MB, paused 1.093ms total 44.086ms
08-06 05:42:19.143 16756 17031 I art     : Starting a blocking GC Explicit
08-06 05:42:19.189 16756 17031 I art     : Explicit concurrent mark sweep GC freed 16(704B) AllocSpace objects, 0(0B) LOS objects, 10% free, 136MB/152MB, paused 1.142ms total 45.602ms
08-06 05:42:19.578 16756 16768 I art     : Starting a blocking GC Explicit
08-06 05:42:19.630 16756 16768 I art     : Explicit concurrent mark sweep GC freed 10812(584KB) AllocSpace objects, 17(420KB) LOS objects, 10% free, 135MB/151MB, paused 1.374ms total 51.642ms
08-06 05:42:19.638 16756 18608 I NAPPA_EXPERIMENTATION: MetricNetworkRequestExecutionTime: REQUEST_DURATION_SYSTEM='911',REQUEST_DURATION_OKHTTP='35',REQUEST_SYNCHRONOUS='FALSE',RESPONSE_CODE='200',RESPONSE_METHOD='GET',RESPONSE_LENGTH_OKHTTP='36',RESPONSE_LENGTH_HEADER='36',REQUEST_PROTOCOL='http/1.1',REQUEST_URL='https://project-travel-mate.herokuapp.com/api/number-of-unread-notifications',
08-06 05:42:19.648 16756 16768 I art     : Starting a blocking GC Explicit
08-06 05:42:19.695 16756 16768 I art     : Explicit concurrent mark sweep GC freed 1104(127KB) AllocSpace objects, 1(80KB) LOS objects, 10% free, 135MB/151MB, paused 1.095ms total 46.816ms
08-06 05:42:19.713 16756 16768 I art     : Starting a blocking GC Explicit
08-06 05:42:19.760 16756 16768 I art     : Explicit concurrent mark sweep GC freed 103(6KB) AllocSpace objects, 0(0B) LOS objects, 10% free, 135MB/151MB, paused 1.096ms total 46.724ms
08-06 05:42:19.777 16756 16768 I art     : Starting a blocking GC Explicit
08-06 05:42:19.825 16756 16768 I art     : Explicit concurrent mark sweep GC freed 3(96B) AllocSpace objects, 0(0B) LOS objects, 10% free, 135MB/151MB, paused 1.131ms total 46.862ms
08-06 05:42:19.845 16756 16768 I art     : Starting a blocking GC Explicit
08-06 05:42:19.894 16756 16768 I art     : Explicit concurrent mark sweep GC freed 15(752B) AllocSpace objects, 0(0B) LOS objects, 10% free, 135MB/151MB, paused 1.151ms total 49.286ms
08-06 05:42:20.275 16756 16821 I art     : Starting a blocking GC Explicit
08-06 05:42:20.329 16756 16821 I art     : Explicit concurrent mark sweep GC freed 1592(92KB) AllocSpace objects, 2(36KB) LOS objects, 10% free, 135MB/151MB, paused 1.165ms total 54.255ms
08-06 05:42:20.347 16756 16821 I art     : Starting a blocking GC Explicit
08-06 05:42:20.390 16756 16821 I art     : Explicit concurrent mark sweep GC freed 30(1088B) AllocSpace objects, 0(0B) LOS objects, 10% free, 135MB/151MB, paused 1.173ms total 42.619ms
08-06 05:42:20.407 16756 16821 I art     : Starting a blocking GC Explicit
08-06 05:42:20.449 16756 16821 I art     : Explicit concurrent mark sweep GC freed 35(960B) AllocSpace objects, 0(0B) LOS objects, 10% free, 135MB/151MB, paused 1.154ms total 41.264ms
08-06 05:42:20.466 16756 16821 I art     : Starting a blocking GC Explicit
08-06 05:42:20.493 18620 18620 D AndroidRuntime: >>>>>> START com.android.internal.os.RuntimeInit uid 2000 <<<<<<
08-06 05:42:20.498 18620 18620 D AndroidRuntime: CheckJNI is OFF
08-06 05:42:20.508 16756 16821 I art     : Explicit concurrent mark sweep GC freed 6(192B) AllocSpace objects, 0(0B) LOS objects, 10% free, 135MB/151MB, paused 1.169ms total 41.875ms
08-06 05:42:20.528 16756 16821 I art     : Starting a blocking GC Explicit
08-06 05:42:20.539 18620 18620 D ICU     : No timezone override file found: /data/misc/zoneinfo/current/icu/icu_tzdata.dat
08-06 05:42:20.568 16756 16821 I art     : Explicit concurrent mark sweep GC freed 7(224B) AllocSpace objects, 0(0B) LOS objects, 10% free, 135MB/151MB, paused 1.100ms total 40.370ms
08-06 05:42:20.579 18620 18620 I Radio-JNI: register_android_hardware_Radio DONE
08-06 05:42:20.606 18620 18620 D AndroidRuntime: Calling main entry com.android.commands.input.Input
08-06 05:42:20.608 18620 18620 I Input   : injectMotionEvent: MotionEvent { action=ACTION_DOWN, actionButton=0, id[0]=0, x[0]=657.0, y[0]=2080.0, toolType[0]=TOOL_TYPE_UNKNOWN, buttonState=0, metaState=0, flags=0x0, edgeFlags=0x0, pointerCount=1, historySize=0, eventTime=855757021, downTime=855757021, deviceId=0, source=0x1002 }
08-06 05:42:20.628 18620 18620 I Input   : injectMotionEvent: MotionEvent { action=ACTION_UP, actionButton=0, id[0]=0, x[0]=657.0, y[0]=2080.0, toolType[0]=TOOL_TYPE_UNKNOWN, buttonState=0, metaState=0, flags=0x0, edgeFlags=0x0, pointerCount=1, historySize=0, eventTime=855757021, downTime=855757021, deviceId=0, source=0x1002 }
08-06 05:42:20.669 18620 18620 D AndroidRuntime: Shutting down VM
08-06 05:42:20.669   918  3714 I ActivityManager: START u0 {cmp=baseline.io.github.project_travel_mate/.utilities.UpcomingWeekendsActivity} from uid 10696 on display 0
08-06 05:42:20.671   512  2967 D audio_hw_primary: out_set_parameters: enter: usecase(1: low-latency-playback) kvpairs: routing=2
08-06 05:42:20.684   512  2967 D audio_hw_primary: select_devices: out_snd_device(2: speaker) in_snd_device(0: none)
08-06 05:42:20.684   512  2967 D msm8974_platform: platform_send_audio_calibration: sending audio calibration for snd_device(2) acdb_id(15)
08-06 05:42:20.684   512  2967 I soundtrigger: audio_extn_sound_trigger_update_device_status: device 0x2 of type 0 for Event 1
08-06 05:42:20.693   512  2967 D audio_hw_primary: enable_snd_device: snd_device(2: speaker)
08-06 05:42:20.695 16756 16819 D Gabe    : call	returning from cache
08-06 05:42:20.696   512  2967 D audio_hw_primary: enable_audio_route: apply and update mixer path: low-latency-playback speaker
08-06 05:42:20.698 16756 16756 V EXECUTING: https://project-travel-mate.herokuapp.com/api/get-upcoming-holidays/2020
08-06 05:42:20.700 16756 16756 V EXECUTING: https://project-travel-mate.herokuapp.com/api/get-upcoming-holidays/2020
08-06 05:42:20.790 13866 13866 I GoogleInputMethodServic: GoogleInputMethodService.onFinishInput():3138 
08-06 05:42:20.791 13866 13866 I GoogleInputMethodServic: GoogleInputMethodService.onStartInput():1808 
08-06 05:42:20.890   918   936 I ActivityManager: Displayed baseline.io.github.project_travel_mate/.utilities.UpcomingWeekendsActivity: +213ms
08-06 05:42:20.939 16756 16821 I art     : Starting a blocking GC Explicit
08-06 05:42:20.985 16756 16821 I art     : Explicit concurrent mark sweep GC freed 3392(190KB) AllocSpace objects, 2(36KB) LOS objects, 10% free, 140MB/156MB, paused 1.341ms total 45.283ms
08-06 05:42:21.003 16756 16821 I art     : Starting a blocking GC Explicit
08-06 05:42:21.049 16756 16821 I art     : Explicit concurrent mark sweep GC freed 316(12KB) AllocSpace objects, 0(0B) LOS objects, 10% free, 140MB/156MB, paused 1.240ms total 45.538ms
08-06 05:42:21.066 16756 16821 I art     : Starting a blocking GC Explicit
08-06 05:42:21.108 16756 16821 I art     : Explicit concurrent mark sweep GC freed 75(1296B) AllocSpace objects, 0(0B) LOS objects, 10% free, 140MB/156MB, paused 1.215ms total 42.201ms
08-06 05:42:21.129 16756 16821 I art     : Starting a blocking GC Explicit
08-06 05:42:21.145   380   380 W SurfaceFlinger: couldn't log to binary event log: overflow.
08-06 05:42:21.177 16756 16821 I art     : Explicit concurrent mark sweep GC freed 99(1696B) AllocSpace objects, 0(0B) LOS objects, 10% free, 140MB/156MB, paused 1.326ms total 48.102ms
08-06 05:42:21.194 16756 16821 I art     : Starting a blocking GC Explicit
08-06 05:42:21.237 16756 16821 I art     : Explicit concurrent mark sweep GC freed 98(1664B) AllocSpace objects, 0(0B) LOS objects, 10% free, 140MB/156MB, paused 1.246ms total 42.774ms
08-06 05:42:21.240   512  2967 D audio_hw_primary: disable_audio_route: reset and update mixer path: low-latency-playback speaker
08-06 05:42:21.241   512  2967 D audio_hw_primary: disable_snd_device: snd_device(2: speaker)
08-06 05:42:21.250   512  2967 I soundtrigger: audio_extn_sound_trigger_update_device_status: device 0x2 of type 0 for Event 0
08-06 05:42:21.577 16756 18644 I NAPPA_EXPERIMENTATION: MetricNetworkRequestExecutionTime: REQUEST_DURATION_SYSTEM='878',REQUEST_DURATION_OKHTTP='42',REQUEST_SYNCHRONOUS='FALSE',RESPONSE_CODE='200',RESPONSE_METHOD='GET',RESPONSE_LENGTH_OKHTTP='6426',RESPONSE_LENGTH_HEADER='6426',REQUEST_PROTOCOL='http/1.1',REQUEST_URL='https://project-travel-mate.herokuapp.com/api/get-upcoming-holidays/2020',
08-06 05:42:21.604 16756 18645 I NAPPA_EXPERIMENTATION: MetricNetworkRequestExecutionTime: REQUEST_DURATION_SYSTEM='903',REQUEST_DURATION_OKHTTP='68',REQUEST_SYNCHRONOUS='FALSE',RESPONSE_CODE='200',RESPONSE_METHOD='GET',RESPONSE_LENGTH_OKHTTP='6426',RESPONSE_LENGTH_HEADER='6426',REQUEST_PROTOCOL='http/1.1',REQUEST_URL='https://project-travel-mate.herokuapp.com/api/get-upcoming-holidays/2020',
08-06 05:42:21.613 16756 16768 I art     : Starting a blocking GC Explicit
08-06 05:42:21.658 16756 16768 I art     : Explicit concurrent mark sweep GC freed 7610(390KB) AllocSpace objects, 11(484KB) LOS objects, 10% free, 140MB/156MB, paused 1.382ms total 44.534ms
08-06 05:42:21.676 16756 16768 I art     : Starting a blocking GC Explicit
08-06 05:42:21.701 16756 16756 V Response: [{"month":"January","date":1,"day":"Wednesday","name":"New Year's Day","type":"Restricted"},{"month":"January","date":2,"day":"Thursday","name":"Guru Govind Singh Jayanti","type":"Restricted"},{"month":"January","date":14,"day":"Tuesday","name":"Lohri","type":"Restricted"},{"month":"January","date":15,"day":"Wednesday","name":"Pongal","type":"Restricted"},{"month":"January","date":15,"day":"Wednesday","name":"Makar Sankranti","type":"Restricted"},{"month":"January","date":25,"day":"Saturday","name":"Chinese New Year","type":"Observance"},{"month":"January","date":26,"day":"Sunday","name":"Republic Day","type":"Gazetted"},{"month":"January","date":30,"day":"Thursday","name":"Vasant Panchami","type":"Restricted"},{"month":"February","date":9,"day":"Sunday","name":"Guru Ravidas Jayanti","type":"Restricted"},{"month":"February","date":14,"day":"Friday","name":"Valentine's Day","type":"Observance"},{"month":"February","date":18,"day":"Tuesday","name":"Maharishi Dayanand Saraswati Jayanti","type":"Restricted"},{"month":"February","date":19,"day":"Wednesday","name":"Shivaji Jayanti","type":"Restricted"},{"month":"February","date":21,"day":"Friday","name":"Maha Shivaratri/Shivaratri","type":"Gazetted"},{"month":"March","date":9,"day":"Monday","name":"Holika Dahana","type":"Restricted"},{"month":"March","date":9,"day":"Monday","name":"Hazarat Ali's Birthday","type":"Restricted"},{"month":"March","date":10,"day":"Tuesday","name":"Holi","type":"Gazetted"},{"month":"March","date":20,"day":"Friday","name":"March Equinox","type":"Season"},{"month":"March","date":25,"day":"Wednesday","name":"Chaitra Sukhladi","type":"Restricted"},{"month":"April","date":2,"day":"Thursday","name":"Rama Navami","type":"Gazetted"},{"month":"April","date":6,"day":"Monday","name":"Mahavir Jayanti","type":"Gazetted"},{"month":"April","date":9,"day":"Thursday","name":"First day of Passover","type":"Observance"},{"month":"April","date":9,"day":"Thursday","name":"Maundy Thursday","type":"Observance,"},{"month":"April","date":10,"day":"Friday","name":"Good Friday","type":"Gazetted"},{"month":"April","date":12,"day":"Sunday","name":"Easter Day","type":"Restricted"},{"month":"April","date":13,"day":"Monday","name":"Vaisakhi","type":"Restricted"},{"month":"April","date":14,"day":"Tuesday","name":"Mesadi/Vaisakhadi","type":"Restricted"},{"month":"April","date":14,"day":"Tuesday","name":"Ambedkar Jayanti","type":"Central"},{"month":"May","date":1,"day":"Friday","name":"May Day","type":"Observance"},{"month":"May","date":7,"day":"Thursday","name":"Buddha Purnima/Vesak","type":"Gazetted"},{"month":"May","date":7,"day":"Thursday","name":"Birthday of Ravindranath","type":"Restricted"},{"month":"May","date":10,"day":"Sunday","name":"Mother's Day","type":"Observance"},{"month":"May","date":22,"day":"Friday","name":"Jamat Ul-Vida","type":"Restricted"},{"month":"May","date":25,"day":"Monday","name":"Ramzan Id/Eid-ul-Fitar","type":"Gazetted"},{"month":"May","date":25,"day":"Monday","name":"Ramzan Id/Eid-ul-Fitar","type":"Muslim,"},{"month":"June","date":21,"day":"Sunday","name":"June Solstice","type":"Season"},{"month":"June","date":21,"day":"Sunday","name":"Father's Day","type":"Observance"},{"month":"June","date":23,"day":"Tuesday","name":"Rath Yatra","type":"Restricted"},{"month":"July","date":5,"day":"Sunday","name":"Guru Purnima","type":"Observance"},{"month":"July","date":31,"day":"Friday","name":"Bakr Id/Eid ul-Adha","type":"Gazetted"},{"month":"August","date":2,"day":"Sunday","name":"Friendship Day","type":"Observance"},{"month":"August","date":3,"day":"Monday","name":"Raksha Bandhan (Rakhi)","type":"Restricted"},{"month":"August","date":11,"day":"Tuesday","name":"Janmashtami (Smarta)","type":"Restricted"},{"month":"August","date":12,"day":"Wednesday","name":"Janmashtami","type":"Gazetted"},{"month":"August","date":15,"day":"Saturday","name":"Independence Day","type":"Gazetted"},{"month":"August","date":16,"day":"Sunday","name":"Parsi New Year","type":"Restricted"},{"month":"August","date":22,"day":"Saturday","name":"Ganesh Chaturthi/Vin
08-06 05:42:21.705 16756 16756 V Response: [{"month":"January","date":1,"day":"Wednesday","name":"New Year's Day","type":"Restricted"},{"month":"January","date":2,"day":"Thursday","name":"Guru Govind Singh Jayanti","type":"Restricted"},{"month":"January","date":14,"day":"Tuesday","name":"Lohri","type":"Restricted"},{"month":"January","date":15,"day":"Wednesday","name":"Pongal","type":"Restricted"},{"month":"January","date":15,"day":"Wednesday","name":"Makar Sankranti","type":"Restricted"},{"month":"January","date":25,"day":"Saturday","name":"Chinese New Year","type":"Observance"},{"month":"January","date":26,"day":"Sunday","name":"Republic Day","type":"Gazetted"},{"month":"January","date":30,"day":"Thursday","name":"Vasant Panchami","type":"Restricted"},{"month":"February","date":9,"day":"Sunday","name":"Guru Ravidas Jayanti","type":"Restricted"},{"month":"February","date":14,"day":"Friday","name":"Valentine's Day","type":"Observance"},{"month":"February","date":18,"day":"Tuesday","name":"Maharishi Dayanand Saraswati Jayanti","type":"Restricted"},{"month":"February","date":19,"day":"Wednesday","name":"Shivaji Jayanti","type":"Restricted"},{"month":"February","date":21,"day":"Friday","name":"Maha Shivaratri/Shivaratri","type":"Gazetted"},{"month":"March","date":9,"day":"Monday","name":"Holika Dahana","type":"Restricted"},{"month":"March","date":9,"day":"Monday","name":"Hazarat Ali's Birthday","type":"Restricted"},{"month":"March","date":10,"day":"Tuesday","name":"Holi","type":"Gazetted"},{"month":"March","date":20,"day":"Friday","name":"March Equinox","type":"Season"},{"month":"March","date":25,"day":"Wednesday","name":"Chaitra Sukhladi","type":"Restricted"},{"month":"April","date":2,"day":"Thursday","name":"Rama Navami","type":"Gazetted"},{"month":"April","date":6,"day":"Monday","name":"Mahavir Jayanti","type":"Gazetted"},{"month":"April","date":9,"day":"Thursday","name":"First day of Passover","type":"Observance"},{"month":"April","date":9,"day":"Thursday","name":"Maundy Thursday","type":"Observance,"},{"month":"April","date":10,"day":"Friday","name":"Good Friday","type":"Gazetted"},{"month":"April","date":12,"day":"Sunday","name":"Easter Day","type":"Restricted"},{"month":"April","date":13,"day":"Monday","name":"Vaisakhi","type":"Restricted"},{"month":"April","date":14,"day":"Tuesday","name":"Mesadi/Vaisakhadi","type":"Restricted"},{"month":"April","date":14,"day":"Tuesday","name":"Ambedkar Jayanti","type":"Central"},{"month":"May","date":1,"day":"Friday","name":"May Day","type":"Observance"},{"month":"May","date":7,"day":"Thursday","name":"Buddha Purnima/Vesak","type":"Gazetted"},{"month":"May","date":7,"day":"Thursday","name":"Birthday of Ravindranath","type":"Restricted"},{"month":"May","date":10,"day":"Sunday","name":"Mother's Day","type":"Observance"},{"month":"May","date":22,"day":"Friday","name":"Jamat Ul-Vida","type":"Restricted"},{"month":"May","date":25,"day":"Monday","name":"Ramzan Id/Eid-ul-Fitar","type":"Gazetted"},{"month":"May","date":25,"day":"Monday","name":"Ramzan Id/Eid-ul-Fitar","type":"Muslim,"},{"month":"June","date":21,"day":"Sunday","name":"June Solstice","type":"Season"},{"month":"June","date":21,"day":"Sunday","name":"Father's Day","type":"Observance"},{"month":"June","date":23,"day":"Tuesday","name":"Rath Yatra","type":"Restricted"},{"month":"July","date":5,"day":"Sunday","name":"Guru Purnima","type":"Observance"},{"month":"July","date":31,"day":"Friday","name":"Bakr Id/Eid ul-Adha","type":"Gazetted"},{"month":"August","date":2,"day":"Sunday","name":"Friendship Day","type":"Observance"},{"month":"August","date":3,"day":"Monday","name":"Raksha Bandhan (Rakhi)","type":"Restricted"},{"month":"August","date":11,"day":"Tuesday","name":"Janmashtami (Smarta)","type":"Restricted"},{"month":"August","date":12,"day":"Wednesday","name":"Janmashtami","type":"Gazetted"},{"month":"August","date":15,"day":"Saturday","name":"Independence Day","type":"Gazetted"},{"month":"August","date":16,"day":"Sunday","name":"Parsi New Year","type":"Restricted"},{"month":"August","date":22,"day":"Saturday","name":"Ganesh Chaturthi/Vin
08-06 05:42:21.721 16756 16768 I art     : Explicit concurrent mark sweep GC freed 7513(436KB) AllocSpace objects, 0(0B) LOS objects, 10% free, 140MB/156MB, paused 1.697ms total 44.518ms
08-06 05:42:21.737 16756 16768 I art     : Starting a blocking GC Explicit
08-06 05:42:21.783 16756 16768 I art     : Explicit concurrent mark sweep GC freed 3647(132KB) AllocSpace objects, 0(0B) LOS objects, 10% free, 141MB/157MB, paused 1.369ms total 45.658ms
08-06 05:42:21.801 16756 16768 I art     : Starting a blocking GC Explicit
08-06 05:42:21.851 16756 16768 I art     : Explicit concurrent mark sweep GC freed 367(12KB) AllocSpace objects, 1(4MB) LOS objects, 10% free, 136MB/152MB, paused 1.278ms total 49.337ms
08-06 05:42:21.869 16756 16768 I art     : Starting a blocking GC Explicit
08-06 05:42:21.919 16756 16768 I art     : Explicit concurrent mark sweep GC freed 117(2736B) AllocSpace objects, 0(0B) LOS objects, 10% free, 136MB/152MB, paused 1.179ms total 50.312ms
08-06 05:42:22.319 16756 17031 I art     : Starting a blocking GC Explicit
08-06 05:42:22.375 16756 17031 I art     : Explicit concurrent mark sweep GC freed 2230(102KB) AllocSpace objects, 2(36KB) LOS objects, 10% free, 136MB/152MB, paused 1.183ms total 56.015ms
08-06 05:42:22.397 16756 17031 I art     : Starting a blocking GC Explicit
08-06 05:42:22.450 16756 17031 I art     : Explicit concurrent mark sweep GC freed 169(3KB) AllocSpace objects, 0(0B) LOS objects, 10% free, 136MB/152MB, paused 1.405ms total 52.276ms
08-06 05:42:22.468 16756 17031 I art     : Starting a blocking GC Explicit
08-06 05:42:22.520 16756 17031 I art     : Explicit concurrent mark sweep GC freed 108(1872B) AllocSpace objects, 0(0B) LOS objects, 10% free, 136MB/152MB, paused 1.167ms total 51.615ms
08-06 05:42:22.538 16756 17031 I art     : Starting a blocking GC Explicit
08-06 05:42:22.591 16756 17031 I art     : Explicit concurrent mark sweep GC freed 100(1728B) AllocSpace objects, 0(0B) LOS objects, 10% free, 136MB/152MB, paused 1.192ms total 52.667ms
08-06 05:42:22.612 16756 17031 I art     : Starting a blocking GC Explicit
08-06 05:42:22.663 16756 17031 I art     : Explicit concurrent mark sweep GC freed 99(1696B) AllocSpace objects, 0(0B) LOS objects, 10% free, 136MB/152MB, paused 1.187ms total 50.656ms
08-06 05:42:23.084 16756 16769 I art     : Starting a blocking GC Explicit
08-06 05:42:23.140 16756 16769 I art     : Explicit concurrent mark sweep GC freed 2290(103KB) AllocSpace objects, 2(36KB) LOS objects, 10% free, 136MB/152MB, paused 1.337ms total 55.326ms
08-06 05:42:23.161 16756 16769 I art     : Starting a blocking GC Explicit
08-06 05:42:23.212 16756 16769 I art     : Explicit concurrent mark sweep GC freed 134(3KB) AllocSpace objects, 0(0B) LOS objects, 10% free, 136MB/152MB, paused 1.190ms total 50.950ms
08-06 05:42:23.230 16756 16769 I art     : Starting a blocking GC Explicit
08-06 05:42:23.283 16756 16769 I art     : Explicit concurrent mark sweep GC freed 100(1696B) AllocSpace objects, 0(0B) LOS objects, 10% free, 136MB/152MB, paused 1.483ms total 52.438ms
08-06 05:42:23.301 16756 16769 I art     : Starting a blocking GC Explicit
08-06 05:42:23.354 16756 16769 I art     : Explicit concurrent mark sweep GC freed 121(2064B) AllocSpace objects, 0(0B) LOS objects, 10% free, 136MB/152MB, paused 1.273ms total 53.050ms
08-06 05:42:23.373 16756 16769 I art     : Starting a blocking GC Explicit
08-06 05:42:23.424 16756 16769 I art     : Explicit concurrent mark sweep GC freed 100(1728B) AllocSpace objects, 0(0B) LOS objects, 10% free, 136MB/152MB, paused 1.202ms total 50.274ms
08-06 05:42:23.855 16756 16821 I art     : Starting a blocking GC Explicit
08-06 05:42:23.909 16756 16821 I art     : Explicit concurrent mark sweep GC freed 2310(104KB) AllocSpace objects, 2(36KB) LOS objects, 10% free, 136MB/152MB, paused 1.292ms total 52.631ms
08-06 05:42:23.927 16756 16821 I art     : Starting a blocking GC Explicit
08-06 05:42:23.982 16756 16821 I art     : Explicit concurrent mark sweep GC freed 124(2640B) AllocSpace objects, 0(0B) LOS objects, 10% free, 136MB/152MB, paused 1.206ms total 54.721ms
08-06 05:42:24.000 16756 16821 I art     : Starting a blocking GC Explicit
08-06 05:42:24.054 16756 16821 I art     : Explicit concurrent mark sweep GC freed 121(2032B) AllocSpace objects, 0(0B) LOS objects, 10% free, 136MB/152MB, paused 1.316ms total 53.344ms
08-06 05:42:24.073 16756 16821 I art     : Starting a blocking GC Explicit
08-06 05:42:24.127 16756 16821 I art     : Explicit concurrent mark sweep GC freed 101(1760B) AllocSpace objects, 0(0B) LOS objects, 10% free, 136MB/152MB, paused 1.265ms total 54.007ms
08-06 05:42:24.145 16756 16821 I art     : Starting a blocking GC Explicit
08-06 05:42:24.199 16756 16821 I art     : Explicit concurrent mark sweep GC freed 99(1696B) AllocSpace objects, 0(0B) LOS objects, 10% free, 136MB/152MB, paused 1.224ms total 53.134ms
08-06 05:42:24.638 16756 16768 I art     : Starting a blocking GC Explicit
08-06 05:42:24.693 16756 16768 I art     : Explicit concurrent mark sweep GC freed 2357(105KB) AllocSpace objects, 2(36KB) LOS objects, 10% free, 136MB/152MB, paused 1.245ms total 54.651ms
08-06 05:42:24.713 16756 16768 I art     : Starting a blocking GC Explicit
08-06 05:42:24.765 16756 16768 I art     : Explicit concurrent mark sweep GC freed 149(3KB) AllocSpace objects, 0(0B) LOS objects, 10% free, 136MB/152MB, paused 1.147ms total 52.009ms
08-06 05:42:24.783 16756 16768 I art     : Starting a blocking GC Explicit
08-06 05:42:24.836 16756 16768 I art     : Explicit concurrent mark sweep GC freed 106(1792B) AllocSpace objects, 0(0B) LOS objects, 10% free, 136MB/152MB, paused 1.381ms total 53.089ms
08-06 05:42:24.857 16756 16768 I art     : Starting a blocking GC Explicit
08-06 05:42:24.907 16756 16768 I art     : Explicit concurrent mark sweep GC freed 116(2000B) AllocSpace objects, 0(0B) LOS objects, 10% free, 136MB/152MB, paused 1.159ms total 49.964ms
08-06 05:42:24.926 16756 16768 I art     : Starting a blocking GC Explicit
08-06 05:42:24.972 16756 16768 I art     : Explicit concurrent mark sweep GC freed 99(1696B) AllocSpace objects, 0(0B) LOS objects, 10% free, 136MB/152MB, paused 1.203ms total 46.721ms
08-06 05:42:25.390 16756 17031 I art     : Starting a blocking GC Explicit
08-06 05:42:25.440 18711 18711 D AndroidRuntime: >>>>>> START com.android.internal.os.RuntimeInit uid 2000 <<<<<<
08-06 05:42:25.444 16756 17031 I art     : Explicit concurrent mark sweep GC freed 2267(103KB) AllocSpace objects, 2(36KB) LOS objects, 10% free, 136MB/152MB, paused 1.304ms total 52.698ms
08-06 05:42:25.446 18711 18711 D AndroidRuntime: CheckJNI is OFF
08-06 05:42:25.462 16756 17031 I art     : Starting a blocking GC Explicit
08-06 05:42:25.491 18711 18711 D ICU     : No timezone override file found: /data/misc/zoneinfo/current/icu/icu_tzdata.dat
08-06 05:42:25.512 16756 17031 I art     : Explicit concurrent mark sweep GC freed 169(3KB) AllocSpace objects, 0(0B) LOS objects, 10% free, 136MB/152MB, paused 1.177ms total 49.559ms
08-06 05:42:25.530 16756 17031 I art     : Starting a blocking GC Explicit
08-06 05:42:25.538 18711 18711 I Radio-JNI: register_android_hardware_Radio DONE
08-06 05:42:25.568 18711 18711 D AndroidRuntime: Calling main entry com.android.commands.input.Input
08-06 05:42:25.570 18711 18711 I Input   : injectKeyEvent: KeyEvent { action=ACTION_DOWN, keyCode=KEYCODE_BACK, scanCode=0, metaState=0, flags=0x0, repeatCount=0, eventTime=855761982, downTime=855761982, deviceId=-1, source=0x101 }
08-06 05:42:25.576 18711 18711 I Input   : injectKeyEvent: KeyEvent { action=ACTION_UP, keyCode=KEYCODE_BACK, scanCode=0, metaState=0, flags=0x0, repeatCount=0, eventTime=855761982, downTime=855761982, deviceId=-1, source=0x101 }
08-06 05:42:25.580 16756 17031 I art     : Explicit concurrent mark sweep GC freed 100(1728B) AllocSpace objects, 0(0B) LOS objects, 10% free, 136MB/152MB, paused 1.311ms total 50.066ms
08-06 05:42:25.585 18711 18711 D AndroidRuntime: Shutting down VM
08-06 05:42:25.598 16756 17031 I art     : Starting a blocking GC Explicit
08-06 05:42:25.600 16756 16756 V MainActivity: url = https://project-travel-mate.herokuapp.com/api/number-of-unread-notifications
08-06 05:42:25.627 13866 13866 I GoogleInputMethodServic: GoogleInputMethodService.onFinishInput():3138 
08-06 05:42:25.628 13866 13866 I GoogleInputMethodServic: GoogleInputMethodService.onStartInput():1808 
08-06 05:42:25.643 16756 17031 I art     : Explicit concurrent mark sweep GC freed 403(14KB) AllocSpace objects, 0(0B) LOS objects, 10% free, 136MB/152MB, paused 1.296ms total 44.685ms
08-06 05:42:25.662 16756 17031 I art     : Starting a blocking GC Explicit
08-06 05:42:25.707 16756 17031 I art     : Explicit concurrent mark sweep GC freed 112(3KB) AllocSpace objects, 0(0B) LOS objects, 10% free, 136MB/152MB, paused 1.250ms total 44.420ms
08-06 05:42:25.949   380   380 W SurfaceFlinger: couldn't log to binary event log: overflow.
08-06 05:42:26.093 16756 16769 I art     : Starting a blocking GC Explicit
08-06 05:42:26.150 16756 16769 I art     : Explicit concurrent mark sweep GC freed 4420(230KB) AllocSpace objects, 7(600KB) LOS objects, 10% free, 136MB/152MB, paused 1.748ms total 57.115ms
08-06 05:42:26.169 16756 16769 I art     : Starting a blocking GC Explicit
08-06 05:42:26.184 16756 18734 I NAPPA_EXPERIMENTATION: MetricNetworkRequestExecutionTime: REQUEST_DURATION_SYSTEM='583',REQUEST_DURATION_OKHTTP='36',REQUEST_SYNCHRONOUS='FALSE',RESPONSE_CODE='200',RESPONSE_METHOD='GET',RESPONSE_LENGTH_OKHTTP='36',RESPONSE_LENGTH_HEADER='36',REQUEST_PROTOCOL='http/1.1',REQUEST_URL='https://project-travel-mate.herokuapp.com/api/number-of-unread-notifications',
08-06 05:42:26.217 16756 16769 I art     : Explicit concurrent mark sweep GC freed 7926(495KB) AllocSpace objects, 13(264KB) LOS objects, 10% free, 136MB/152MB, paused 1.271ms total 47.725ms
08-06 05:42:26.235 16756 16769 I art     : Starting a blocking GC Explicit
08-06 05:42:26.284 16756 16769 I art     : Explicit concurrent mark sweep GC freed 63(2656B) AllocSpace objects, 0(0B) LOS objects, 10% free, 136MB/152MB, paused 1.215ms total 48.568ms
08-06 05:42:26.302 16756 16769 I art     : Starting a blocking GC Explicit
08-06 05:42:26.351 16756 16769 I art     : Explicit concurrent mark sweep GC freed 86(3KB) AllocSpace objects, 0(0B) LOS objects, 10% free, 136MB/152MB, paused 1.227ms total 48.413ms
08-06 05:42:26.369 16756 16769 I art     : Starting a blocking GC Explicit
08-06 05:42:26.419 16756 16769 I art     : Explicit concurrent mark sweep GC freed 3(96B) AllocSpace objects, 0(0B) LOS objects, 10% free, 136MB/152MB, paused 1.311ms total 49.871ms
08-06 05:42:26.831 16756 16768 I art     : Starting a blocking GC Explicit
08-06 05:42:26.881 16756 16768 I art     : Explicit concurrent mark sweep GC freed 1613(92KB) AllocSpace objects, 2(36KB) LOS objects, 10% free, 136MB/152MB, paused 1.214ms total 49.537ms
08-06 05:42:26.898 16756 16768 I art     : Starting a blocking GC Explicit
08-06 05:42:26.944 16756 16768 I art     : Explicit concurrent mark sweep GC freed 28(1024B) AllocSpace objects, 0(0B) LOS objects, 10% free, 136MB/152MB, paused 1.198ms total 45.890ms
08-06 05:42:26.962 16756 16768 I art     : Starting a blocking GC Explicit
08-06 05:42:27.008 16756 16768 I art     : Explicit concurrent mark sweep GC freed 3(96B) AllocSpace objects, 0(0B) LOS objects, 10% free, 136MB/152MB, paused 1.218ms total 46.061ms
08-06 05:42:27.026 16756 16768 I art     : Starting a blocking GC Explicit
08-06 05:42:27.072 16756 16768 I art     : Explicit concurrent mark sweep GC freed 3(96B) AllocSpace objects, 0(0B) LOS objects, 10% free, 136MB/152MB, paused 1.180ms total 46.299ms
08-06 05:42:27.090 16756 16768 I art     : Starting a blocking GC Explicit
08-06 05:42:27.137 16756 16768 I art     : Explicit concurrent mark sweep GC freed 3(96B) AllocSpace objects, 0(0B) LOS objects, 10% free, 136MB/152MB, paused 1.231ms total 46.452ms
08-06 05:42:27.380 18756 18756 D AndroidRuntime: >>>>>> START com.android.internal.os.RuntimeInit uid 2000 <<<<<<
08-06 05:42:27.385 18756 18756 D AndroidRuntime: CheckJNI is OFF
08-06 05:42:27.425 18756 18756 D ICU     : No timezone override file found: /data/misc/zoneinfo/current/icu/icu_tzdata.dat
08-06 05:42:27.466 18756 18756 I Radio-JNI: register_android_hardware_Radio DONE
08-06 05:42:27.493 18756 18756 D AndroidRuntime: Calling main entry com.android.commands.input.Input
08-06 05:42:27.495 18756 18756 I Input   : injectMotionEvent: MotionEvent { action=ACTION_DOWN, actionButton=0, id[0]=0, x[0]=117.0, y[0]=170.0, toolType[0]=TOOL_TYPE_UNKNOWN, buttonState=0, metaState=0, flags=0x0, edgeFlags=0x0, pointerCount=1, historySize=0, eventTime=855763908, downTime=855763908, deviceId=0, source=0x1002 }
08-06 05:42:27.514 18756 18756 I Input   : injectMotionEvent: MotionEvent { action=ACTION_UP, actionButton=0, id[0]=0, x[0]=117.0, y[0]=170.0, toolType[0]=TOOL_TYPE_UNKNOWN, buttonState=0, metaState=0, flags=0x0, edgeFlags=0x0, pointerCount=1, historySize=0, eventTime=855763908, downTime=855763908, deviceId=0, source=0x1002 }
08-06 05:42:27.542 16756 16768 I art     : Starting a blocking GC Explicit
08-06 05:42:27.556 18756 18756 D AndroidRuntime: Shutting down VM
08-06 05:42:27.573   512  2967 D audio_hw_primary: out_set_parameters: enter: usecase(1: low-latency-playback) kvpairs: routing=2
08-06 05:42:27.585   512  2967 D audio_hw_primary: select_devices: out_snd_device(2: speaker) in_snd_device(0: none)
08-06 05:42:27.585   512  2967 D msm8974_platform: platform_send_audio_calibration: sending audio calibration for snd_device(2) acdb_id(15)
08-06 05:42:27.586   512  2967 I soundtrigger: audio_extn_sound_trigger_update_device_status: device 0x2 of type 0 for Event 1
08-06 05:42:27.588 16756 16768 I art     : Explicit concurrent mark sweep GC freed 1650(93KB) AllocSpace objects, 2(36KB) LOS objects, 10% free, 136MB/152MB, paused 1.528ms total 45.604ms
08-06 05:42:27.595   512  2967 D audio_hw_primary: enable_snd_device: snd_device(2: speaker)
08-06 05:42:27.597   512  2967 D audio_hw_primary: enable_audio_route: apply and update mixer path: low-latency-playback speaker
08-06 05:42:27.605 16756 16768 I art     : Starting a blocking GC Explicit
08-06 05:42:27.647 16756 16768 I art     : Explicit concurrent mark sweep GC freed 78(3008B) AllocSpace objects, 0(0B) LOS objects, 10% free, 136MB/152MB, paused 1.163ms total 42.052ms
08-06 05:42:27.665 16756 16768 I art     : Starting a blocking GC Explicit
08-06 05:42:27.710 16756 16768 I art     : Explicit concurrent mark sweep GC freed 394(20KB) AllocSpace objects, 0(0B) LOS objects, 10% free, 136MB/152MB, paused 1.363ms total 44.645ms
08-06 05:42:27.727 16756 16768 I art     : Starting a blocking GC Explicit
08-06 05:42:27.770 16756 16768 I art     : Explicit concurrent mark sweep GC freed 19(1040B) AllocSpace objects, 0(0B) LOS objects, 10% free, 136MB/152MB, paused 1.228ms total 42.882ms
08-06 05:42:27.787 16756 16768 I art     : Starting a blocking GC Explicit
08-06 05:42:27.829 16756 16768 I art     : Explicit concurrent mark sweep GC freed 13(640B) AllocSpace objects, 0(0B) LOS objects, 10% free, 136MB/152MB, paused 1.179ms total 41.493ms
08-06 05:42:28.128   512  2967 D audio_hw_primary: disable_audio_route: reset and update mixer path: low-latency-playback speaker
08-06 05:42:28.130   512  2967 D audio_hw_primary: disable_snd_device: snd_device(2: speaker)
08-06 05:42:28.139   512  2967 I soundtrigger: audio_extn_sound_trigger_update_device_status: device 0x2 of type 0 for Event 0
08-06 05:42:28.214 16756 16769 I art     : Starting a blocking GC Explicit
08-06 05:42:28.260 16756 16769 I art     : Explicit concurrent mark sweep GC freed 1585(92KB) AllocSpace objects, 2(36KB) LOS objects, 10% free, 136MB/152MB, paused 1.268ms total 45.838ms
08-06 05:42:28.278 16756 16769 I art     : Starting a blocking GC Explicit
08-06 05:42:28.306 18779 18779 D AndroidRuntime: >>>>>> START com.android.internal.os.RuntimeInit uid 2000 <<<<<<
08-06 05:42:28.312 18779 18779 D AndroidRuntime: CheckJNI is OFF
08-06 05:42:28.323 16756 16769 I art     : Explicit concurrent mark sweep GC freed 38(1344B) AllocSpace objects, 0(0B) LOS objects, 10% free, 136MB/152MB, paused 1.257ms total 44.958ms
08-06 05:42:28.324 16756 16766 I art     : WaitForGcToComplete blocked for 40.311ms for cause HeapTrim
08-06 05:42:28.341 16756 16769 I art     : Starting a blocking GC Explicit
08-06 05:42:28.357 18779 18779 D ICU     : No timezone override file found: /data/misc/zoneinfo/current/icu/icu_tzdata.dat
08-06 05:42:28.386 16756 16769 I art     : Explicit concurrent mark sweep GC freed 5(160B) AllocSpace objects, 0(0B) LOS objects, 10% free, 136MB/152MB, paused 1.230ms total 45.087ms
08-06 05:42:28.399 18779 18779 I Radio-JNI: register_android_hardware_Radio DONE
08-06 05:42:28.404 16756 16769 I art     : Starting a blocking GC Explicit
08-06 05:42:28.429 18779 18779 D AndroidRuntime: Calling main entry com.android.commands.input.Input
08-06 05:42:28.431 18779 18779 I Input   : injectMotionEvent: MotionEvent { action=ACTION_DOWN, actionButton=0, id[0]=0, x[0]=405.0, y[0]=661.0, toolType[0]=TOOL_TYPE_UNKNOWN, buttonState=0, metaState=0, flags=0x0, edgeFlags=0x0, pointerCount=1, historySize=0, eventTime=855764844, downTime=855764844, deviceId=0, source=0x1002 }
08-06 05:42:28.436 18779 18779 I Input   : injectMotionEvent: MotionEvent { action=ACTION_UP, actionButton=0, id[0]=0, x[0]=405.0, y[0]=661.0, toolType[0]=TOOL_TYPE_UNKNOWN, buttonState=0, metaState=0, flags=0x0, edgeFlags=0x0, pointerCount=1, historySize=0, eventTime=855764844, downTime=855764844, deviceId=0, source=0x1002 }
08-06 05:42:28.439 18779 18779 D AndroidRuntime: Shutting down VM
08-06 05:42:28.449 16756 16769 I art     : Explicit concurrent mark sweep GC freed 38(1024B) AllocSpace objects, 0(0B) LOS objects, 10% free, 136MB/152MB, paused 1.337ms total 45.552ms
08-06 05:42:28.465   512  2967 D audio_hw_primary: out_set_parameters: enter: usecase(1: low-latency-playback) kvpairs: routing=2
08-06 05:42:28.468 16756 16769 I art     : Starting a blocking GC Explicit
08-06 05:42:28.478   512  2967 D audio_hw_primary: select_devices: out_snd_device(2: speaker) in_snd_device(0: none)
08-06 05:42:28.478   512  2967 D msm8974_platform: platform_send_audio_calibration: sending audio calibration for snd_device(2) acdb_id(15)
08-06 05:42:28.478   512  2967 I soundtrigger: audio_extn_sound_trigger_update_device_status: device 0x2 of type 0 for Event 1
08-06 05:42:28.487   512  2967 D audio_hw_primary: enable_snd_device: snd_device(2: speaker)
08-06 05:42:28.489   512  2967 D audio_hw_primary: enable_audio_route: apply and update mixer path: low-latency-playback speaker
08-06 05:42:28.512 16756 16769 I art     : Explicit concurrent mark sweep GC freed 483(74KB) AllocSpace objects, 0(0B) LOS objects, 8% free, 167MB/183MB, paused 1.428ms total 44.157ms
08-06 05:42:28.530   512  2967 D AudioFlinger: mixer(0xf4740000) throttle end: throttle time(12)
08-06 05:42:28.888 16756 17031 I art     : Starting a blocking GC Explicit
08-06 05:42:28.939 16756 17031 I art     : Explicit concurrent mark sweep GC freed 2337(151KB) AllocSpace objects, 2(36KB) LOS objects, 8% free, 182MB/198MB, paused 2.006ms total 51.109ms
08-06 05:42:28.956 16756 17031 I art     : Starting a blocking GC Explicit
08-06 05:42:29.001 16756 17031 I art     : Explicit concurrent mark sweep GC freed 977(43KB) AllocSpace objects, 9(252KB) LOS objects, 8% free, 182MB/198MB, paused 1.344ms total 43.836ms
08-06 05:42:29.020 16756 17031 I art     : Starting a blocking GC Explicit
08-06 05:42:29.023 17187 17187 I ServiceManager: Waiting for service AtCmdFwd...
08-06 05:42:29.028   512  2967 D audio_hw_primary: disable_audio_route: reset and update mixer path: low-latency-playback speaker
08-06 05:42:29.029   512  2967 D audio_hw_primary: disable_snd_device: snd_device(2: speaker)
08-06 05:42:29.036   512  2967 I soundtrigger: audio_extn_sound_trigger_update_device_status: device 0x2 of type 0 for Event 0
08-06 05:42:29.062 16756 17031 I art     : Explicit concurrent mark sweep GC freed 706(43KB) AllocSpace objects, 0(0B) LOS objects, 8% free, 182MB/198MB, paused 1.303ms total 41.525ms
08-06 05:42:29.080 16756 17031 I art     : Starting a blocking GC Explicit
08-06 05:42:29.123 16756 17031 I art     : Explicit concurrent mark sweep GC freed 56(1744B) AllocSpace objects, 0(0B) LOS objects, 8% free, 182MB/198MB, paused 1.124ms total 42.624ms
08-06 05:42:29.141 16756 17031 I art     : Starting a blocking GC Explicit
08-06 05:42:29.185 16756 17031 I art     : Explicit concurrent mark sweep GC freed 26(1264B) AllocSpace objects, 0(0B) LOS objects, 8% free, 182MB/198MB, paused 1.149ms total 43.180ms
08-06 05:42:29.605 16756 16821 I art     : Starting a blocking GC Explicit
08-06 05:42:29.664 16756 16821 I art     : Explicit concurrent mark sweep GC freed 1622(93KB) AllocSpace objects, 2(36KB) LOS objects, 8% free, 182MB/198MB, paused 1.256ms total 58.286ms
08-06 05:42:29.685 16756 16821 I art     : Starting a blocking GC Explicit
08-06 05:42:29.733 16756 16821 I art     : Explicit concurrent mark sweep GC freed 42(1456B) AllocSpace objects, 0(0B) LOS objects, 8% free, 182MB/198MB, paused 1.162ms total 47.656ms
08-06 05:42:29.751 16756 16821 I art     : Starting a blocking GC Explicit
08-06 05:42:29.800 16756 16821 I art     : Explicit concurrent mark sweep GC freed 3(96B) AllocSpace objects, 0(0B) LOS objects, 8% free, 182MB/198MB, paused 1.200ms total 48.702ms
08-06 05:42:29.818 16756 16821 I art     : Starting a blocking GC Explicit
08-06 05:42:29.868 16756 16821 I art     : Explicit concurrent mark sweep GC freed 3(96B) AllocSpace objects, 0(0B) LOS objects, 8% free, 182MB/198MB, paused 1.242ms total 48.887ms
08-06 05:42:29.886 16756 16821 I art     : Starting a blocking GC Explicit
08-06 05:42:29.933 16756 16821 I art     : Explicit concurrent mark sweep GC freed 7(224B) AllocSpace objects, 0(0B) LOS objects, 8% free, 182MB/198MB, paused 1.065ms total 47.432ms
08-06 05:42:30.023 17187 17187 I ServiceManager: Waiting for service AtCmdFwd...
08-06 05:42:30.307 24365 32102 I NetworkScheduler.Stats: Task com.google.android.apps.gcs/ started execution. cause:4 exec_start_elapsed_seconds: 1839154 [CONTEXT service_id=218 ]
08-06 05:42:30.309 16718 18830 W Gcs.WfaEliRefreshTask: [28554] afk.b: NULL eligibility response.
08-06 05:42:30.312 24365 32102 I NetworkScheduler.Stats: Task com.google.android.apps.gcs/ finished executing. cause:4 result: 3 elapsed_millis: 11 uptime_millis: 11 exec_start_elapsed_seconds: 1839154 [CONTEXT service_id=218 ]
08-06 05:42:30.345   918  3359 I ActivityManager: Start proc 18831:com.google.android.instantapps.supervisor/u0a84 for service com.google.android.instantapps.supervisor/.hygiene.HygieneTaskService
08-06 05:42:30.346 24365 32102 I NetworkScheduler.Stats: Task com.google.android.instantapps.supervisor/ started execution. cause:5 exec_start_elapsed_seconds: 1839154 [CONTEXT service_id=218 ]
08-06 05:42:30.354 16756 16768 I art     : Starting a blocking GC Explicit
08-06 05:42:30.400 16756 16768 I art     : Explicit concurrent mark sweep GC freed 1591(92KB) AllocSpace objects, 2(36KB) LOS objects, 8% free, 182MB/198MB, paused 1.275ms total 45.520ms
08-06 05:42:30.417 16756 16768 I art     : Starting a blocking GC Explicit
08-06 05:42:30.463 16756 16768 I art     : Explicit concurrent mark sweep GC freed 73(2288B) AllocSpace objects, 0(0B) LOS objects, 8% free, 182MB/198MB, paused 1.190ms total 45.413ms
08-06 05:42:30.480 16756 16768 I art     : Starting a blocking GC Explicit
08-06 05:42:30.526 16756 16768 I art     : Explicit concurrent mark sweep GC freed 3(96B) AllocSpace objects, 0(0B) LOS objects, 8% free, 182MB/198MB, paused 1.018ms total 44.979ms
08-06 05:42:30.544 16756 16768 I art     : Starting a blocking GC Explicit
08-06 05:42:30.589 16756 16768 I art     : Explicit concurrent mark sweep GC freed 3(96B) AllocSpace objects, 0(0B) LOS objects, 8% free, 182MB/198MB, paused 1.240ms total 44.235ms
08-06 05:42:30.607 16756 16768 I art     : Starting a blocking GC Explicit
08-06 05:42:30.653 16756 16768 I art     : Explicit concurrent mark sweep GC freed 3(96B) AllocSpace objects, 0(0B) LOS objects, 8% free, 182MB/198MB, paused 1.187ms total 45.142ms
08-06 05:42:30.672 18831 18831 W art     : Before Android 4.1, method java.lang.Object com.google.common.collect.ImmutableSet.writeReplace() would have incorrectly overridden the package-private method in efm
08-06 05:42:30.882 18831 18855 W art     : Before Android 4.1, method java.lang.Object com.google.common.collect.ImmutableList.writeReplace() would have incorrectly overridden the package-private method in efm
08-06 05:42:31.001   918  6110 I AccountManagerService: getTypesVisibleToCaller: isPermitted? true
08-06 05:42:31.002   918  5481 I AccountManagerService: getTypesVisibleToCaller: isPermitted? true
08-06 05:42:31.015   918   928 I AccountManagerService: getTypesVisibleToCaller: isPermitted? true
08-06 05:42:31.015   918  3670 I AccountManagerService: getTypesVisibleToCaller: isPermitted? true
08-06 05:42:31.024 16756 16769 I art     : Starting a blocking GC Explicit
08-06 05:42:31.024 17187 17187 I ServiceManager: Waiting for service AtCmdFwd...
08-06 05:42:31.035 24365 24456 E awgp    : Exception occurred while getting SettingsStore instance.
08-06 05:42:31.035 24365 24456 E awgp    : java.util.concurrent.ExecutionException: com.google.android.gms.auth.UserRecoverableAuthException: BadAuthentication
08-06 05:42:31.035 24365 24456 E awgp    : 	at brqx.a(:com.google.android.gms@202614019@20.26.14 (040400-320008519):19)
08-06 05:42:31.035 24365 24456 E awgp    : 	at brqx.get(:com.google.android.gms@202614019@20.26.14 (040400-320008519):13)
08-06 05:42:31.035 24365 24456 E awgp    : 	at awgp.b(:com.google.android.gms@202614019@20.26.14 (040400-320008519):3)
08-06 05:42:31.035 24365 24456 E awgp    : 	at awgp.a(:com.google.android.gms@202614019@20.26.14 (040400-320008519):22)
08-06 05:42:31.035 24365 24456 E awgp    : 	at awcc.a(:com.google.android.gms@202614019@20.26.14 (040400-320008519):4)
08-06 05:42:31.035 24365 24456 E awgp    : 	at awcc.a(:com.google.android.gms@202614019@20.26.14 (040400-320008519):66)
08-06 05:42:31.035 24365 24456 E awgp    : 	at zwo.run(:com.google.android.gms@202614019@20.26.14 (040400-320008519):9)
08-06 05:42:31.035 24365 24456 E awgp    : 	at bmvl.run(:com.google.android.gms@202614019@20.26.14 (040400-320008519):2)
08-06 05:42:31.035 24365 24456 E awgp    : 	at skp.b(:com.google.android.gms@202614019@20.26.14 (040400-320008519):12)
08-06 05:42:31.035 24365 24456 E awgp    : 	at skp.run(:com.google.android.gms@202614019@20.26.14 (040400-320008519):7)
08-06 05:42:31.035 24365 24456 E awgp    : 	at java.util.concurrent.ThreadPoolExecutor.runWorker(ThreadPoolExecutor.java:1113)
08-06 05:42:31.035 24365 24456 E awgp    : 	at java.util.concurrent.ThreadPoolExecutor$Worker.run(ThreadPoolExecutor.java:588)
08-06 05:42:31.035 24365 24456 E awgp    : 	at sql.run(:com.google.android.gms@202614019@20.26.14 (040400-320008519):0)
08-06 05:42:31.035 24365 24456 E awgp    : 	at java.lang.Thread.run(Thread.java:818)
08-06 05:42:31.035 24365 24456 E awgp    : Caused by: com.google.android.gms.auth.UserRecoverableAuthException: BadAuthentication
08-06 05:42:31.035 24365 24456 E awgp    : 	at fww.a(:com.google.android.gms@202614019@20.26.14 (040400-320008519):3)
08-06 05:42:31.035 24365 24456 E awgp    : 	at fwq.a(:com.google.android.gms@202614019@20.26.14 (040400-320008519))
08-06 05:42:31.035 24365 24456 E awgp    : 	at fww.a(:com.google.android.gms@202614019@20.26.14 (040400-320008519):8)
08-06 05:42:31.035 24365 24456 E awgp    : 	at fww.c(:com.google.android.gms@202614019@20.26.14 (040400-320008519):15)
08-06 05:42:31.035 24365 24456 E awgp    : 	at fww.b(:com.google.android.gms@202614019@20.26.14 (040400-320008519):1)
08-06 05:42:31.035 24365 24456 E awgp    : 	at fww.b(:com.google.android.gms@202614019@20.26.14 (040400-320008519):2)
08-06 05:42:31.035 24365 24456 E awgp    : 	at fww.f(:com.google.android.gms@202614019@20.26.14 (040400-320008519))
08-06 05:42:31.035 24365 24456 E awgp    : 	at awhc.call(Unknown Source)
08-06 05:42:31.035 24365 24456 E awgp    : 	at bruk.b(:com.google.android.gms@202614019@20.26.14 (040400-320008519):0)
08-06 05:42:31.035 24365 24456 E awgp    : 	at brtk.run(:com.google.android.gms@202614019@20.26.14 (040400-320008519):3)
08-06 05:42:31.035 24365 24456 E awgp    : 	at brul.run(:com.google.android.gms@202614019@20.26.14 (040400-320008519):0)
08-06 05:42:31.035 24365 24456 E awgp    : 	at brts.execute(:com.google.android.gms@202614019@20.26.14 (040400-320008519):5)
08-06 05:42:31.035 24365 24456 E awgp    : 	at java.util.concurrent.AbstractExecutorService.submit(AbstractExecutorService.java:104)
08-06 05:42:31.035 24365 24456 E awgp    : 	at brqy.b(:com.google.android.gms@202614019@20.26.14 (040400-320008519))
08-06 05:42:31.035 24365 24456 E awgp    : 	at awhd.a(:com.google.android.gms@202614019@20.26.14 (040400-320008519):7)
08-06 05:42:31.035 24365 24456 E awgp    : 	at awcc.a(:com.google.android.gms@202614019@20.26.14 (040400-320008519):3)
08-06 05:42:31.035 24365 24456 E awgp    : 	... 9 more
08-06 05:42:31.040   918  5481 I AccountManagerService: getTypesVisibleToCaller: isPermitted? true
08-06 05:42:31.041   918  6111 I AccountManagerService: getTypesVisibleToCaller: isPermitted? true
08-06 05:42:31.065 16756 16769 I art     : Explicit concurrent mark sweep GC freed 1594(92KB) AllocSpace objects, 2(36KB) LOS objects, 8% free, 182MB/198MB, paused 1.077ms total 41.055ms
08-06 05:42:31.082 16756 16769 I art     : Starting a blocking GC Explicit
08-06 05:42:31.122 16756 16769 I art     : Explicit concurrent mark sweep GC freed 38(1568B) AllocSpace objects, 0(0B) LOS objects, 8% free, 182MB/198MB, paused 1.046ms total 40.240ms
08-06 05:42:31.139 16756 16769 I art     : Starting a blocking GC Explicit
08-06 05:42:31.176 18847 18847 D AndroidRuntime: >>>>>> START com.android.internal.os.RuntimeInit uid 2000 <<<<<<
08-06 05:42:31.179 16756 16769 I art     : Explicit concurrent mark sweep GC freed 3(96B) AllocSpace objects, 0(0B) LOS objects, 8% free, 182MB/198MB, paused 1.165ms total 39.819ms
08-06 05:42:31.182 18847 18847 D AndroidRuntime: CheckJNI is OFF
08-06 05:42:31.196 16756 16769 I art     : Starting a blocking GC Explicit
08-06 05:42:31.222 18847 18847 D ICU     : No timezone override file found: /data/misc/zoneinfo/current/icu/icu_tzdata.dat
08-06 05:42:31.237 16756 16769 I art     : Explicit concurrent mark sweep GC freed 3(96B) AllocSpace objects, 0(0B) LOS objects, 8% free, 182MB/198MB, paused 1.091ms total 40.524ms
08-06 05:42:31.254 16756 16769 I art     : Starting a blocking GC Explicit
08-06 05:42:31.262 24365  4416 E SQLiteDatabase: Error inserting service_kind=0 source=4 tag=LogFlushTaskService requires_charging=0 target_package=com.google.android.instantapps.supervisor source_version=19627000 required_network_type=0 flex_time=1200000 persistence_level=1 target_class=com.google.android.instantapps.supervisor.logging.LogFlushTaskService runtime=1596685351242 retry_strategy={"maximum_backoff_seconds":{"3600":0},"initial_backoff_seconds":{"30":0},"retry_policy":{"0":0}} required_idleness_state=0 last_runtime=0 period=1230000 task_type=0 job_id=-1 user_id=0
08-06 05:42:31.262 24365  4416 E SQLiteDatabase: android.database.sqlite.SQLiteConstraintException: UNIQUE constraint failed: pending_ops.tag, pending_ops.target_class, pending_ops.target_package, pending_ops.user_id (code 2067)
08-06 05:42:31.262 24365  4416 E SQLiteDatabase: 	at android.database.sqlite.SQLiteConnection.nativeExecuteForLastInsertedRowId(Native Method)
08-06 05:42:31.262 24365  4416 E SQLiteDatabase: 	at android.database.sqlite.SQLiteConnection.executeForLastInsertedRowId(SQLiteConnection.java:780)
08-06 05:42:31.262 24365  4416 E SQLiteDatabase: 	at android.database.sqlite.SQLiteSession.executeForLastInsertedRowId(SQLiteSession.java:788)
08-06 05:42:31.262 24365  4416 E SQLiteDatabase: 	at android.database.sqlite.SQLiteStatement.executeInsert(SQLiteStatement.java:86)
08-06 05:42:31.262 24365  4416 E SQLiteDatabase: 	at android.database.sqlite.SQLiteDatabase.insertWithOnConflict(SQLiteDatabase.java:1471)
08-06 05:42:31.262 24365  4416 E SQLiteDatabase: 	at android.database.sqlite.SQLiteDatabase.insert(SQLiteDatabase.java:1341)
08-06 05:42:31.262 24365  4416 E SQLiteDatabase: 	at aqmx.a(:com.google.android.gms@202614019@20.26.14 (040400-320008519):175)
08-06 05:42:31.262 24365  4416 E SQLiteDatabase: 	at aqlx.a(:com.google.android.gms@202614019@20.26.14 (040400-320008519):180)
08-06 05:42:31.262 24365  4416 E SQLiteDatabase: 	at aqlx.a(:com.google.android.gms@202614019@20.26.14 (040400-320008519):22)
08-06 05:42:31.262 24365  4416 E SQLiteDatabase: 	at aqlx.a(:com.google.android.gms@202614019@20.26.14 (040400-320008519):175)
08-06 05:42:31.262 24365  4416 E SQLiteDatabase: 	at aqih.run(:com.google.android.gms@202614019@20.26.14 (040400-320008519):9)
08-06 05:42:31.262 24365  4416 E SQLiteDatabase: 	at skp.b(:com.google.android.gms@202614019@20.26.14 (040400-320008519):12)
08-06 05:42:31.262 24365  4416 E SQLiteDatabase: 	at skp.run(:com.google.android.gms@202614019@20.26.14 (040400-320008519):7)
08-06 05:42:31.262 24365  4416 E SQLiteDatabase: 	at java.util.concurrent.ThreadPoolExecutor.runWorker(ThreadPoolExecutor.java:1113)
08-06 05:42:31.262 24365  4416 E SQLiteDatabase: 	at java.util.concurrent.ThreadPoolExecutor$Worker.run(ThreadPoolExecutor.java:588)
08-06 05:42:31.262 24365  4416 E SQLiteDatabase: 	at sql.run(:com.google.android.gms@202614019@20.26.14 (040400-320008519):0)
08-06 05:42:31.262 24365  4416 E SQLiteDatabase: 	at java.lang.Thread.run(Thread.java:818)
08-06 05:42:31.264 18847 18847 I Radio-JNI: register_android_hardware_Radio DONE
08-06 05:42:31.292 18847 18847 D AndroidRuntime: Calling main entry com.android.commands.input.Input
08-06 05:42:31.293 16756 16769 I art     : Explicit concurrent mark sweep GC freed 3(96B) AllocSpace objects, 0(0B) LOS objects, 8% free, 182MB/198MB, paused 1.121ms total 39.365ms
08-06 05:42:31.294 18847 18847 I Input   : injectMotionEvent: MotionEvent { action=ACTION_DOWN, actionButton=0, id[0]=0, x[0]=1341.0, y[0]=197.0, toolType[0]=TOOL_TYPE_UNKNOWN, buttonState=0, metaState=0, flags=0x0, edgeFlags=0x0, pointerCount=1, historySize=0, eventTime=855767707, downTime=855767707, deviceId=0, source=0x1002 }
08-06 05:42:31.299 18847 18847 I Input   : injectMotionEvent: MotionEvent { action=ACTION_UP, actionButton=0, id[0]=0, x[0]=1341.0, y[0]=197.0, toolType[0]=TOOL_TYPE_UNKNOWN, buttonState=0, metaState=0, flags=0x0, edgeFlags=0x0, pointerCount=1, historySize=0, eventTime=855767707, downTime=855767707, deviceId=0, source=0x1002 }
08-06 05:42:31.301 18847 18847 D AndroidRuntime: Shutting down VM
08-06 05:42:31.306   512  2967 D audio_hw_primary: out_set_parameters: enter: usecase(1: low-latency-playback) kvpairs: routing=2
08-06 05:42:31.307   918  6029 I ActivityManager: START u0 {cmp=baseline.io.github.project_travel_mate/.notifications.NotificationsActivity} from uid 10696 on display 0
08-06 05:42:31.319   512  2967 D audio_hw_primary: select_devices: out_snd_device(2: speaker) in_snd_device(0: none)
08-06 05:42:31.319   512  2967 D msm8974_platform: platform_send_audio_calibration: sending audio calibration for snd_device(2) acdb_id(15)
08-06 05:42:31.320   512  2967 I soundtrigger: audio_extn_sound_trigger_update_device_status: device 0x2 of type 0 for Event 1
08-06 05:42:31.330   512  2967 D audio_hw_primary: enable_snd_device: snd_device(2: speaker)
08-06 05:42:31.332   512  2967 D audio_hw_primary: enable_audio_route: apply and update mixer path: low-latency-playback speaker
08-06 05:42:31.336 16756 16819 D Gabe    : call	returning from cache
08-06 05:42:31.342 16756 16756 V EXECUTING: https://project-travel-mate.herokuapp.com/api/get-notifications
08-06 05:42:31.349   918  5132 I ActivityManager: Start proc 18895:com.android.vending:instant_app_installer/u0a22 for content provider com.android.vending/com.google.android.finsky.instantapps.dna.PhoneskyArchiveProvider
08-06 05:42:31.351 16756 16756 V EXECUTING: https://project-travel-mate.herokuapp.com/api/get-notifications
08-06 05:42:31.499 18895 18895 I Finsky:instant_app_inst: [1] dtn.ay(5): Process created at version: 21.2.12-16 [0] [PR] 323070436
08-06 05:42:31.512 13866 13866 I GoogleInputMethodServic: GoogleInputMethodService.onFinishInput():3138 
08-06 05:42:31.513   918   936 I ActivityManager: Displayed baseline.io.github.project_travel_mate/.notifications.NotificationsActivity: +197ms
08-06 05:42:31.513 13866 13866 I GoogleInputMethodServic: GoogleInputMethodService.onStartInput():1808 
08-06 05:42:31.617 16756 16771 D OpenGLRenderer: endAllStagingAnimators on 0x7f7bf6e400 (RippleDrawable) with handle 0x7f7c23b160
08-06 05:42:31.668 16756 17031 I art     : Starting a blocking GC Explicit
08-06 05:42:31.713 16756 17031 I art     : Explicit concurrent mark sweep GC freed 4040(229KB) AllocSpace objects, 2(36KB) LOS objects, 7% free, 187MB/203MB, paused 1.231ms total 44.491ms
08-06 05:42:31.732 16756 17031 I art     : Starting a blocking GC Explicit
08-06 05:42:31.755   380   380 W SurfaceFlinger: couldn't log to binary event log: overflow.
08-06 05:42:31.776 16756 17031 I art     : Explicit concurrent mark sweep GC freed 442(17KB) AllocSpace objects, 0(0B) LOS objects, 7% free, 187MB/203MB, paused 1.178ms total 44.080ms
08-06 05:42:31.794 16756 17031 I art     : Starting a blocking GC Explicit
08-06 05:42:31.836 16756 17031 I art     : Explicit concurrent mark sweep GC freed 81(1552B) AllocSpace objects, 0(0B) LOS objects, 7% free, 187MB/203MB, paused 1.179ms total 42.025ms
08-06 05:42:31.854 16756 17031 I art     : Starting a blocking GC Explicit
08-06 05:42:31.861 18895 18908 W DynamiteModule: Local module descriptor class for com.google.android.gms.googlecertificates not found.
08-06 05:42:31.868   512  2967 D audio_hw_primary: disable_audio_route: reset and update mixer path: low-latency-playback speaker
08-06 05:42:31.869   512  2967 D audio_hw_primary: disable_snd_device: snd_device(2: speaker)
08-06 05:42:31.878   512  2967 I soundtrigger: audio_extn_sound_trigger_update_device_status: device 0x2 of type 0 for Event 0
08-06 05:42:31.898 16756 17031 I art     : Explicit concurrent mark sweep GC freed 127(2672B) AllocSpace objects, 0(0B) LOS objects, 7% free, 187MB/203MB, paused 1.556ms total 44.346ms
08-06 05:42:31.917 16756 17031 I art     : Starting a blocking GC Explicit
08-06 05:42:31.926 18927 18927 E dex2oat : Failed to create oat file: /data/dalvik-cache/arm/data@data@com.google.android.gms@app_chimera@m@00000039@DynamiteLoader.apk@classes.dex: Permission denied
08-06 05:42:31.926 18927 18927 I dex2oat : dex2oat took 598.698us (threads: 2) 
08-06 05:42:31.928 18895 18908 W art     : Failed execv(/system/bin/dex2oat --runtime-arg -classpath --runtime-arg  --instruction-set=arm --instruction-set-features=smp,div,-atomic_ldrd_strd --runtime-arg -Xrelocate --boot-image=/system/framework/boot.art --runtime-arg -Xms64m --runtime-arg -Xmx512m -j2 --instruction-set-variant=cortex-a7 --instruction-set-features=default --dex-file=/data/data/com.google.android.gms/app_chimera/m/00000039/DynamiteLoader.apk --oat-file=/data/dalvik-cache/arm/data@data@com.google.android.gms@app_chimera@m@00000039@DynamiteLoader.apk@classes.dex) because non-0 exit status
08-06 05:42:31.941 18895 18908 I DynamiteModule: Considering local module com.google.android.gms.googlecertificates:0 and remote module com.google.android.gms.googlecertificates:5
08-06 05:42:31.941 18895 18908 I DynamiteModule: Selected remote version of com.google.android.gms.googlecertificates, version >= 5
08-06 05:42:31.942 18895 18908 V DynamiteModule: Dynamite loader version >= 2, using loadModule2NoCrashUtils
08-06 05:42:31.964 16756 17031 I art     : Explicit concurrent mark sweep GC freed 1592(122KB) AllocSpace objects, 4(240KB) LOS objects, 7% free, 187MB/203MB, paused 2.225ms total 46.693ms
08-06 05:42:32.017 18895 18908 I DynamiteLoaderV2: [70] Googlecertificates
08-06 05:42:32.024 17187 17187 I ServiceManager: Waiting for service AtCmdFwd...
08-06 05:42:32.040 16756 18894 I NAPPA_EXPERIMENTATION: MetricNetworkRequestExecutionTime: REQUEST_DURATION_SYSTEM='697',REQUEST_DURATION_OKHTTP='54',REQUEST_SYNCHRONOUS='FALSE',RESPONSE_CODE='200',RESPONSE_METHOD='GET',RESPONSE_LENGTH_OKHTTP='2',RESPONSE_LENGTH_HEADER='2',REQUEST_PROTOCOL='http/1.1',REQUEST_URL='https://project-travel-mate.herokuapp.com/api/get-notifications',
08-06 05:42:32.047 16756 18903 I NAPPA_EXPERIMENTATION: MetricNetworkRequestExecutionTime: REQUEST_DURATION_SYSTEM='695',REQUEST_DURATION_OKHTTP='59',REQUEST_SYNCHRONOUS='FALSE',RESPONSE_CODE='200',RESPONSE_METHOD='GET',RESPONSE_LENGTH_OKHTTP='2',RESPONSE_LENGTH_HEADER='2',REQUEST_PROTOCOL='http/1.1',REQUEST_URL='https://project-travel-mate.herokuapp.com/api/get-notifications',
08-06 05:42:32.083 18932 18932 E dex2oat : Failed to create oat file: /data/dalvik-cache/arm/data@data@com.google.android.gms@app_chimera@m@0000003c@GoogleCertificates.apk@classes.dex: Permission denied
08-06 05:42:32.083 18932 18932 I dex2oat : dex2oat took 523.958us (threads: 2) 
08-06 05:42:32.086 18895 18908 W art     : Failed execv(/system/bin/dex2oat --runtime-arg -classpath --runtime-arg  --instruction-set=arm --instruction-set-features=smp,div,-atomic_ldrd_strd --runtime-arg -Xrelocate --boot-image=/system/framework/boot.art --runtime-arg -Xms64m --runtime-arg -Xmx512m -j2 --instruction-set-variant=cortex-a7 --instruction-set-features=default --dex-file=/data/data/com.google.android.gms/app_chimera/m/0000003c/GoogleCertificates.apk --oat-file=/data/dalvik-cache/arm/data@data@com.google.android.gms@app_chimera@m@0000003c@GoogleCertificates.apk@classes.dex) because non-0 exit status
08-06 05:42:32.100 18895 18908 W System  : ClassLoader referenced unknown path: /data/data/com.google.android.gms/app_chimera/m/0000003c/n/armeabi-v7a
08-06 05:42:32.100 18895 18908 W System  : ClassLoader referenced unknown path: /data/data/com.google.android.gms/app_chimera/m/0000003c/n/armeabi
08-06 05:42:32.164 16756 16756 V Response: [] 
08-06 05:42:32.175 16756 16756 V Response: [] 
08-06 05:42:32.186 16756 16819 W LOTTIE  : Animation contains merge paths. Merge paths are only supported on KitKat+ and must be manually enabled by calling enableMergePathsForKitKatAndAbove().
08-06 05:42:32.193 16756 16819 W LOTTIE  : Animation contains merge paths. Merge paths are only supported on KitKat+ and must be manually enabled by calling enableMergePathsForKitKatAndAbove().
08-06 05:42:32.196 16756 16819 W LOTTIE  : Animation contains merge paths. Merge paths are only supported on KitKat+ and must be manually enabled by calling enableMergePathsForKitKatAndAbove().
08-06 05:42:32.198 16756 16819 W LOTTIE  : Animation contains merge paths. Merge paths are only supported on KitKat+ and must be manually enabled by calling enableMergePathsForKitKatAndAbove().
08-06 05:42:32.201 16756 16819 W LOTTIE  : Animation contains merge paths. Merge paths are only supported on KitKat+ and must be manually enabled by calling enableMergePathsForKitKatAndAbove().
08-06 05:42:32.203 16756 16819 W LOTTIE  : Animation contains merge paths. Merge paths are only supported on KitKat+ and must be manually enabled by calling enableMergePathsForKitKatAndAbove().
08-06 05:42:32.205 16756 16819 W LOTTIE  : Animation contains merge paths. Merge paths are only supported on KitKat+ and must be manually enabled by calling enableMergePathsForKitKatAndAbove().
08-06 05:42:32.207 16756 16756 W LOTTIE  : Animation contains merge paths but they are disabled.
08-06 05:42:32.251   918  4413 I ActivityManager: Killing 8686:com.google.android.videos/u0a72 (adj 15): empty #17
08-06 05:42:32.341 16756 16768 I art     : Starting a blocking GC Explicit
08-06 05:42:32.343   918  3188 I hubconnection: sensorhub said: 'set_bias 3: -6.2400, 0.0000, 0.0000'
08-06 05:42:32.390 16756 16768 I art     : Explicit concurrent mark sweep GC freed 16421(772KB) AllocSpace objects, 5(384KB) LOS objects, 7% free, 187MB/203MB, paused 1.183ms total 48.556ms
08-06 05:42:32.408 16756 16768 I art     : Starting a blocking GC Explicit
08-06 05:42:32.452 16756 16768 I art     : Explicit concurrent mark sweep GC freed 3174(220KB) AllocSpace objects, 0(0B) LOS objects, 7% free, 187MB/203MB, paused 1.233ms total 44.015ms
08-06 05:42:32.469 16756 16768 I art     : Starting a blocking GC Explicit
08-06 05:42:32.513 16756 16768 I art     : Explicit concurrent mark sweep GC freed 380(8KB) AllocSpace objects, 0(0B) LOS objects, 7% free, 187MB/203MB, paused 1.252ms total 43.170ms
08-06 05:42:32.531 16756 16768 I art     : Starting a blocking GC Explicit
08-06 05:42:32.574 16756 16768 I art     : Explicit concurrent mark sweep GC freed 355(13KB) AllocSpace objects, 0(0B) LOS objects, 7% free, 187MB/203MB, paused 1.137ms total 42.668ms
08-06 05:42:32.591 16756 16768 I art     : Starting a blocking GC Explicit
08-06 05:42:32.634 16756 16768 I art     : Explicit concurrent mark sweep GC freed 282(4KB) AllocSpace objects, 0(0B) LOS objects, 7% free, 187MB/203MB, paused 1.085ms total 42.791ms
08-06 05:42:32.701   918  3961 I AccountManagerService: getTypesVisibleToCaller: isPermitted? true
08-06 05:42:32.902 18831 18880 W PlayCommon: [6204] dwz.a: No account for auth token provided
08-06 05:42:32.991 24365  4416 E SQLiteDatabase: Error inserting service_kind=0 source=4 tag=LogFlushTaskService requires_charging=0 target_package=com.google.android.instantapps.supervisor source_version=19627000 required_network_type=0 flex_time=1200000 persistence_level=1 target_class=com.google.android.instantapps.supervisor.logging.LogFlushTaskService runtime=1596685352987 retry_strategy={"maximum_backoff_seconds":{"3600":0},"initial_backoff_seconds":{"30":0},"retry_policy":{"0":0}} required_idleness_state=0 last_runtime=0 period=1230000 task_type=0 job_id=-1 user_id=0
08-06 05:42:32.991 24365  4416 E SQLiteDatabase: android.database.sqlite.SQLiteConstraintException: UNIQUE constraint failed: pending_ops.tag, pending_ops.target_class, pending_ops.target_package, pending_ops.user_id (code 2067)
08-06 05:42:32.991 24365  4416 E SQLiteDatabase: 	at android.database.sqlite.SQLiteConnection.nativeExecuteForLastInsertedRowId(Native Method)
08-06 05:42:32.991 24365  4416 E SQLiteDatabase: 	at android.database.sqlite.SQLiteConnection.executeForLastInsertedRowId(SQLiteConnection.java:780)
08-06 05:42:32.991 24365  4416 E SQLiteDatabase: 	at android.database.sqlite.SQLiteSession.executeForLastInsertedRowId(SQLiteSession.java:788)
08-06 05:42:32.991 24365  4416 E SQLiteDatabase: 	at android.database.sqlite.SQLiteStatement.executeInsert(SQLiteStatement.java:86)
08-06 05:42:32.991 24365  4416 E SQLiteDatabase: 	at android.database.sqlite.SQLiteDatabase.insertWithOnConflict(SQLiteDatabase.java:1471)
08-06 05:42:32.991 24365  4416 E SQLiteDatabase: 	at android.database.sqlite.SQLiteDatabase.insert(SQLiteDatabase.java:1341)
08-06 05:42:32.991 24365  4416 E SQLiteDatabase: 	at aqmx.a(:com.google.android.gms@202614019@20.26.14 (040400-320008519):175)
08-06 05:42:32.991 24365  4416 E SQLiteDatabase: 	at aqlx.a(:com.google.android.gms@202614019@20.26.14 (040400-320008519):180)
08-06 05:42:32.991 24365  4416 E SQLiteDatabase: 	at aqlx.a(:com.google.android.gms@202614019@20.26.14 (040400-320008519):22)
08-06 05:42:32.991 24365  4416 E SQLiteDatabase: 	at aqlx.a(:com.google.android.gms@202614019@20.26.14 (040400-320008519):175)
08-06 05:42:32.991 24365  4416 E SQLiteDatabase: 	at aqih.run(:com.google.android.gms@202614019@20.26.14 (040400-320008519):9)
08-06 05:42:32.991 24365  4416 E SQLiteDatabase: 	at skp.b(:com.google.android.gms@202614019@20.26.14 (040400-320008519):12)
08-06 05:42:32.991 24365  4416 E SQLiteDatabase: 	at skp.run(:com.google.android.gms@202614019@20.26.14 (040400-320008519):7)
08-06 05:42:32.991 24365  4416 E SQLiteDatabase: 	at java.util.concurrent.ThreadPoolExecutor.runWorker(ThreadPoolExecutor.java:1113)
08-06 05:42:32.991 24365  4416 E SQLiteDatabase: 	at java.util.concurrent.ThreadPoolExecutor$Worker.run(ThreadPoolExecutor.java:588)
08-06 05:42:32.991 24365  4416 E SQLiteDatabase: 	at sql.run(:com.google.android.gms@202614019@20.26.14 (040400-320008519):0)
08-06 05:42:32.991 24365  4416 E SQLiteDatabase: 	at java.lang.Thread.run(Thread.java:818)
08-06 05:42:33.014 16756 16821 I art     : Starting a blocking GC Explicit
08-06 05:42:33.025 17187 17187 I ServiceManager: Waiting for service AtCmdFwd...
08-06 05:42:33.057 16756 16821 I art     : Explicit concurrent mark sweep GC freed 3386(121KB) AllocSpace objects, 2(36KB) LOS objects, 7% free, 187MB/203MB, paused 1.086ms total 42.922ms
08-06 05:42:33.074 16756 16821 I art     : Starting a blocking GC Explicit
08-06 05:42:33.117 16756 16821 I art     : Explicit concurrent mark sweep GC freed 316(5KB) AllocSpace objects, 0(0B) LOS objects, 7% free, 187MB/203MB, paused 1.158ms total 42.827ms
08-06 05:42:33.134 16756 16821 I art     : Starting a blocking GC Explicit
08-06 05:42:33.177 16756 16821 I art     : Explicit concurrent mark sweep GC freed 240(3KB) AllocSpace objects, 0(0B) LOS objects, 7% free, 187MB/203MB, paused 1.342ms total 42.599ms
08-06 05:42:33.195 16756 16821 I art     : Starting a blocking GC Explicit
08-06 05:42:33.239 16756 16821 I art     : Explicit concurrent mark sweep GC freed 268(4KB) AllocSpace objects, 0(0B) LOS objects, 7% free, 187MB/203MB, paused 1.131ms total 44.283ms
08-06 05:42:33.256 16756 16821 I art     : Starting a blocking GC Explicit
08-06 05:42:33.299 16756 16821 I art     : Explicit concurrent mark sweep GC freed 282(4KB) AllocSpace objects, 0(0B) LOS objects, 7% free, 187MB/203MB, paused 1.125ms total 42.471ms
08-06 05:42:33.704 16756 16768 I art     : Starting a blocking GC Explicit
08-06 05:42:33.752 16756 16768 I art     : Explicit concurrent mark sweep GC freed 3516(123KB) AllocSpace objects, 2(36KB) LOS objects, 7% free, 187MB/203MB, paused 1.113ms total 46.784ms
08-06 05:42:33.770 16756 16768 I art     : Starting a blocking GC Explicit
08-06 05:42:33.815 16756 16768 I art     : Explicit concurrent mark sweep GC freed 325(6KB) AllocSpace objects, 0(0B) LOS objects, 7% free, 187MB/203MB, paused 1.343ms total 45.258ms
08-06 05:42:33.833 16756 16768 I art     : Starting a blocking GC Explicit
08-06 05:42:33.877 16756 16768 I art     : Explicit concurrent mark sweep GC freed 222(3KB) AllocSpace objects, 0(0B) LOS objects, 7% free, 187MB/203MB, paused 1.437ms total 44.182ms
08-06 05:42:33.895 16756 16768 I art     : Starting a blocking GC Explicit
08-06 05:42:33.937 16756 16768 I art     : Explicit concurrent mark sweep GC freed 274(4KB) AllocSpace objects, 0(0B) LOS objects, 7% free, 187MB/203MB, paused 1.182ms total 42.344ms
08-06 05:42:33.955 16756 16768 I art     : Starting a blocking GC Explicit
08-06 05:42:33.998 16756 16768 I art     : Explicit concurrent mark sweep GC freed 282(4KB) AllocSpace objects, 0(0B) LOS objects, 7% free, 187MB/203MB, paused 1.424ms total 42.809ms
08-06 05:42:34.025 17187 17187 W Atfwd_Sendcmd: AtCmdFwd service not published, waiting... retryCnt : 5
08-06 05:42:34.390 16756 17031 I art     : Starting a blocking GC Explicit
08-06 05:42:34.438 16756 17031 I art     : Explicit concurrent mark sweep GC freed 3415(121KB) AllocSpace objects, 2(36KB) LOS objects, 7% free, 187MB/203MB, paused 1.183ms total 47.375ms
08-06 05:42:34.456 16756 17031 I art     : Starting a blocking GC Explicit
08-06 05:42:34.500 16756 17031 I art     : Explicit concurrent mark sweep GC freed 354(6KB) AllocSpace objects, 0(0B) LOS objects, 7% free, 187MB/203MB, paused 1.236ms total 43.495ms
08-06 05:42:34.517 16756 17031 I art     : Starting a blocking GC Explicit
08-06 05:42:34.561 16756 17031 I art     : Explicit concurrent mark sweep GC freed 222(3KB) AllocSpace objects, 0(0B) LOS objects, 7% free, 187MB/203MB, paused 1.318ms total 43.692ms
08-06 05:42:34.578 16756 17031 I art     : Starting a blocking GC Explicit
08-06 05:42:34.623 16756 17031 I art     : Explicit concurrent mark sweep GC freed 274(4KB) AllocSpace objects, 0(0B) LOS objects, 7% free, 187MB/203MB, paused 1.121ms total 44.410ms
08-06 05:42:34.642 16756 17031 I art     : Starting a blocking GC Explicit
08-06 05:42:34.687 16756 17031 I art     : Explicit concurrent mark sweep GC freed 283(4KB) AllocSpace objects, 0(0B) LOS objects, 7% free, 187MB/203MB, paused 1.179ms total 45.677ms
08-06 05:42:34.702   518   646 I ThermalEngine: ACTION: GPU - Setting GPU[0] to 390000000
08-06 05:42:35.121 16756 16821 I art     : Starting a blocking GC Explicit
08-06 05:42:35.181 16756 16821 I art     : Explicit concurrent mark sweep GC freed 3641(125KB) AllocSpace objects, 2(36KB) LOS objects, 7% free, 187MB/203MB, paused 2.024ms total 59.558ms
08-06 05:42:35.204 16756 16821 I art     : Starting a blocking GC Explicit
08-06 05:42:35.257 16756 16821 I art     : Explicit concurrent mark sweep GC freed 371(6KB) AllocSpace objects, 0(0B) LOS objects, 7% free, 187MB/203MB, paused 1.578ms total 53.096ms
08-06 05:42:35.279 16756 16821 I art     : Starting a blocking GC Explicit
08-06 05:42:35.332 16756 16821 I art     : Explicit concurrent mark sweep GC freed 336(5KB) AllocSpace objects, 0(0B) LOS objects, 7% free, 187MB/203MB, paused 1.795ms total 52.350ms
08-06 05:42:35.354 16756 16821 I art     : Starting a blocking GC Explicit
08-06 05:42:35.406 16756 16821 I art     : Explicit concurrent mark sweep GC freed 302(4KB) AllocSpace objects, 0(0B) LOS objects, 7% free, 187MB/203MB, paused 1.698ms total 52.146ms
08-06 05:42:35.428 16756 16821 I art     : Starting a blocking GC Explicit
08-06 05:42:35.481 16756 16821 I art     : Explicit concurrent mark sweep GC freed 354(6KB) AllocSpace objects, 0(0B) LOS objects, 7% free, 187MB/203MB, paused 1.835ms total 52.943ms
08-06 05:42:35.902 16756 16821 I art     : Starting a blocking GC Explicit
08-06 05:42:35.965 16756 16821 I art     : Explicit concurrent mark sweep GC freed 3654(126KB) AllocSpace objects, 2(36KB) LOS objects, 7% free, 187MB/203MB, paused 1.736ms total 62.101ms
08-06 05:42:35.990 16756 16821 I art     : Starting a blocking GC Explicit
08-06 05:42:36.043 16756 16821 I art     : Explicit concurrent mark sweep GC freed 528(16KB) AllocSpace objects, 0(0B) LOS objects, 7% free, 187MB/203MB, paused 1.684ms total 52.796ms
08-06 05:42:36.064 16756 16821 I art     : Starting a blocking GC Explicit
08-06 05:42:36.090   918  3261 D WifiStateMachine: starting scan for "H369AA63323"WPA_PSK with 2412,5180
08-06 05:42:36.120 16756 16821 I art     : Explicit concurrent mark sweep GC freed 282(4KB) AllocSpace objects, 0(0B) LOS objects, 7% free, 187MB/203MB, paused 1.903ms total 54.926ms
08-06 05:42:36.141 16756 16821 I art     : Starting a blocking GC Explicit
08-06 05:42:36.194 16756 16821 I art     : Explicit concurrent mark sweep GC freed 283(4KB) AllocSpace objects, 0(0B) LOS objects, 7% free, 187MB/203MB, paused 1.765ms total 52.823ms
08-06 05:42:36.204 19001 19001 D AndroidRuntime: >>>>>> START com.android.internal.os.RuntimeInit uid 2000 <<<<<<
08-06 05:42:36.210 19001 19001 D AndroidRuntime: CheckJNI is OFF
08-06 05:42:36.217 16756 16821 I art     : Starting a blocking GC Explicit
08-06 05:42:36.262 19001 19001 D ICU     : No timezone override file found: /data/misc/zoneinfo/current/icu/icu_tzdata.dat
08-06 05:42:36.269 16756 16821 I art     : Explicit concurrent mark sweep GC freed 354(5KB) AllocSpace objects, 0(0B) LOS objects, 7% free, 187MB/203MB, paused 1.780ms total 52.077ms
08-06 05:42:36.308 19001 19001 I Radio-JNI: register_android_hardware_Radio DONE
08-06 05:42:36.343 19001 19001 D AndroidRuntime: Calling main entry com.android.commands.input.Input
08-06 05:42:36.345 19001 19001 I Input   : injectKeyEvent: KeyEvent { action=ACTION_DOWN, keyCode=KEYCODE_BACK, scanCode=0, metaState=0, flags=0x0, repeatCount=0, eventTime=855772758, downTime=855772758, deviceId=-1, source=0x101 }
08-06 05:42:36.356 19001 19001 I Input   : injectKeyEvent: KeyEvent { action=ACTION_UP, keyCode=KEYCODE_BACK, scanCode=0, metaState=0, flags=0x0, repeatCount=0, eventTime=855772758, downTime=855772758, deviceId=-1, source=0x101 }
08-06 05:42:36.362 19001 19001 D AndroidRuntime: Shutting down VM
08-06 05:42:36.384 16756 16756 V MainActivity: url = https://project-travel-mate.herokuapp.com/api/number-of-unread-notifications
08-06 05:42:36.453 13866 13866 I GoogleInputMethodServic: GoogleInputMethodService.onFinishInput():3138 
08-06 05:42:36.463 13866 13866 I GoogleInputMethodServic: GoogleInputMethodService.onStartInput():1808 
08-06 05:42:36.703 16756 16821 I art     : Starting a blocking GC Explicit
08-06 05:42:36.710   380   380 W SurfaceFlinger: couldn't log to binary event log: overflow.
08-06 05:42:36.770 16756 16821 I art     : Explicit concurrent mark sweep GC freed 2901(128KB) AllocSpace objects, 3(4MB) LOS objects, 8% free, 183MB/199MB, paused 1.871ms total 66.328ms
08-06 05:42:36.793 16756 16821 I art     : Starting a blocking GC Explicit
08-06 05:42:36.854 16756 16821 I art     : Explicit concurrent mark sweep GC freed 94(3KB) AllocSpace objects, 0(0B) LOS objects, 8% free, 183MB/199MB, paused 1.877ms total 60.588ms
08-06 05:42:36.879 16756 16821 I art     : Starting a blocking GC Explicit
08-06 05:42:36.935 16756 16821 I art     : Explicit concurrent mark sweep GC freed 6292(309KB) AllocSpace objects, 4(176KB) LOS objects, 8% free, 183MB/199MB, paused 1.791ms total 55.335ms
08-06 05:42:36.935 16756 19024 I NAPPA_EXPERIMENTATION: MetricNetworkRequestExecutionTime: REQUEST_DURATION_SYSTEM='550',REQUEST_DURATION_OKHTTP='33',REQUEST_SYNCHRONOUS='FALSE',RESPONSE_CODE='200',RESPONSE_METHOD='GET',RESPONSE_LENGTH_OKHTTP='36',RESPONSE_LENGTH_HEADER='36',REQUEST_PROTOCOL='http/1.1',REQUEST_URL='https://project-travel-mate.herokuapp.com/api/number-of-unread-notifications',
08-06 05:42:36.958 16756 16821 I art     : Starting a blocking GC Explicit
08-06 05:42:37.018 16756 16821 I art     : Explicit concurrent mark sweep GC freed 1083(128KB) AllocSpace objects, 1(80KB) LOS objects, 8% free, 183MB/199MB, paused 1.920ms total 60.426ms
08-06 05:42:37.043 16756 16821 I art     : Starting a blocking GC Explicit
08-06 05:42:37.106 16756 16821 I art     : Explicit concurrent mark sweep GC freed 96(4KB) AllocSpace objects, 0(0B) LOS objects, 8% free, 183MB/199MB, paused 1.982ms total 62.380ms
08-06 05:42:37.587 16756 16769 I art     : Starting a blocking GC Explicit
08-06 05:42:37.653 16756 16769 I art     : Explicit concurrent mark sweep GC freed 1613(92KB) AllocSpace objects, 2(36KB) LOS objects, 8% free, 183MB/199MB, paused 1.840ms total 64.741ms
08-06 05:42:37.677 16756 16769 I art     : Starting a blocking GC Explicit
08-06 05:42:37.736 16756 16769 I art     : Explicit concurrent mark sweep GC freed 28(1024B) AllocSpace objects, 0(0B) LOS objects, 8% free, 183MB/199MB, paused 1.856ms total 59.006ms
08-06 05:42:37.761 16756 16769 I art     : Starting a blocking GC Explicit
08-06 05:42:37.787   918  1210 D NetlinkSocketObserver: NeighborEvent{elapsedMs=1839161661, 192.168.2.254, [7C3953A63323], RTM_NEWNEIGH, NUD_REACHABLE}
08-06 05:42:37.822 16756 16769 I art     : Explicit concurrent mark sweep GC freed 3(96B) AllocSpace objects, 0(0B) LOS objects, 8% free, 183MB/199MB, paused 1.891ms total 60.540ms
08-06 05:42:37.846 16756 16769 I art     : Starting a blocking GC Explicit
08-06 05:42:37.907 16756 16769 I art     : Explicit concurrent mark sweep GC freed 15(752B) AllocSpace objects, 0(0B) LOS objects, 8% free, 183MB/199MB, paused 1.957ms total 60.648ms
08-06 05:42:37.931 16756 16769 I art     : Starting a blocking GC Explicit
08-06 05:42:37.992 16756 16769 I art     : Explicit concurrent mark sweep GC freed 13(640B) AllocSpace objects, 0(0B) LOS objects, 8% free, 183MB/199MB, paused 1.975ms total 60.231ms
08-06 05:42:38.240 19046 19046 D AndroidRuntime: >>>>>> START com.android.internal.os.RuntimeInit uid 2000 <<<<<<
08-06 05:42:38.246 19046 19046 D AndroidRuntime: CheckJNI is OFF
08-06 05:42:38.298 19046 19046 D ICU     : No timezone override file found: /data/misc/zoneinfo/current/icu/icu_tzdata.dat
08-06 05:42:38.344 19046 19046 I Radio-JNI: register_android_hardware_Radio DONE
08-06 05:42:38.378 19046 19046 D AndroidRuntime: Calling main entry com.android.commands.input.Input
08-06 05:42:38.380 19046 19046 I Input   : injectMotionEvent: MotionEvent { action=ACTION_DOWN, actionButton=0, id[0]=0, x[0]=117.0, y[0]=170.0, toolType[0]=TOOL_TYPE_UNKNOWN, buttonState=0, metaState=0, flags=0x0, edgeFlags=0x0, pointerCount=1, historySize=0, eventTime=855774792, downTime=855774792, deviceId=0, source=0x1002 }
08-06 05:42:38.386 19046 19046 I Input   : injectMotionEvent: MotionEvent { action=ACTION_UP, actionButton=0, id[0]=0, x[0]=117.0, y[0]=170.0, toolType[0]=TOOL_TYPE_UNKNOWN, buttonState=0, metaState=0, flags=0x0, edgeFlags=0x0, pointerCount=1, historySize=0, eventTime=855774792, downTime=855774792, deviceId=0, source=0x1002 }
08-06 05:42:38.388 19046 19046 D AndroidRuntime: Shutting down VM
08-06 05:42:38.400   512  2967 D audio_hw_primary: out_set_parameters: enter: usecase(1: low-latency-playback) kvpairs: routing=2
08-06 05:42:38.416   512  2967 D audio_hw_primary: select_devices: out_snd_device(2: speaker) in_snd_device(0: none)
08-06 05:42:38.416   512  2967 D msm8974_platform: platform_send_audio_calibration: sending audio calibration for snd_device(2) acdb_id(15)
08-06 05:42:38.416   512  2967 I soundtrigger: audio_extn_sound_trigger_update_device_status: device 0x2 of type 0 for Event 1
08-06 05:42:38.432   512  2967 D audio_hw_primary: enable_snd_device: snd_device(2: speaker)
08-06 05:42:38.435   512  2967 D audio_hw_primary: enable_audio_route: apply and update mixer path: low-latency-playback speaker
08-06 05:42:38.435 16756 17031 I art     : Starting a blocking GC Explicit
08-06 05:42:38.510 16756 17031 I art     : Explicit concurrent mark sweep GC freed 1969(110KB) AllocSpace objects, 2(36KB) LOS objects, 8% free, 183MB/199MB, paused 2.065ms total 74.376ms
08-06 05:42:38.537 16756 17031 I art     : Starting a blocking GC Explicit
08-06 05:42:38.602 16756 17031 I art     : Explicit concurrent mark sweep GC freed 142(5KB) AllocSpace objects, 0(0B) LOS objects, 8% free, 183MB/199MB, paused 2.531ms total 64.177ms
08-06 05:42:38.629 16756 17031 I art     : Starting a blocking GC Explicit
08-06 05:42:38.688 16756 17031 I art     : Explicit concurrent mark sweep GC freed 3(96B) AllocSpace objects, 0(0B) LOS objects, 8% free, 183MB/199MB, paused 1.781ms total 58.660ms
08-06 05:42:38.712 16756 17031 I art     : Starting a blocking GC Explicit
08-06 05:42:38.770 16756 17031 I art     : Explicit concurrent mark sweep GC freed 5(160B) AllocSpace objects, 0(0B) LOS objects, 8% free, 183MB/199MB, paused 2.541ms total 58.287ms
08-06 05:42:38.771 16756 16766 I art     : WaitForGcToComplete blocked for 18.621ms for cause HeapTrim
08-06 05:42:38.796 16756 17031 I art     : Starting a blocking GC Explicit
08-06 05:42:38.856 16756 17031 I art     : Explicit concurrent mark sweep GC freed 12(416B) AllocSpace objects, 0(0B) LOS objects, 8% free, 183MB/199MB, paused 1.802ms total 60.067ms
08-06 05:42:38.979   512  2967 D audio_hw_primary: disable_audio_route: reset and update mixer path: low-latency-playback speaker
08-06 05:42:38.981   512  2967 D audio_hw_primary: disable_snd_device: snd_device(2: speaker)
08-06 05:42:38.989   512  2967 I soundtrigger: audio_extn_sound_trigger_update_device_status: device 0x2 of type 0 for Event 0
08-06 05:42:39.302 16756 16821 I art     : Starting a blocking GC Explicit
08-06 05:42:39.314 19069 19069 D AndroidRuntime: >>>>>> START com.android.internal.os.RuntimeInit uid 2000 <<<<<<
08-06 05:42:39.320 19069 19069 D AndroidRuntime: CheckJNI is OFF
08-06 05:42:39.362 16756 16821 I art     : Explicit concurrent mark sweep GC freed 1584(92KB) AllocSpace objects, 2(36KB) LOS objects, 8% free, 183MB/199MB, paused 1.830ms total 60.232ms
08-06 05:42:39.371 19069 19069 D ICU     : No timezone override file found: /data/misc/zoneinfo/current/icu/icu_tzdata.dat
08-06 05:42:39.386 16756 16821 I art     : Starting a blocking GC Explicit
08-06 05:42:39.417 19069 19069 I Radio-JNI: register_android_hardware_Radio DONE
08-06 05:42:39.446 16756 16821 I art     : Explicit concurrent mark sweep GC freed 30(1088B) AllocSpace objects, 0(0B) LOS objects, 8% free, 183MB/199MB, paused 1.809ms total 59.211ms
08-06 05:42:39.450 19069 19069 D AndroidRuntime: Calling main entry com.android.commands.input.Input
08-06 05:42:39.453 19069 19069 I Input   : injectMotionEvent: MotionEvent { action=ACTION_DOWN, actionButton=0, id[0]=0, x[0]=418.0, y[0]=842.0, toolType[0]=TOOL_TYPE_UNKNOWN, buttonState=0, metaState=0, flags=0x0, edgeFlags=0x0, pointerCount=1, historySize=0, eventTime=855775865, downTime=855775865, deviceId=0, source=0x1002 }
08-06 05:42:39.458 19069 19069 I Input   : injectMotionEvent: MotionEvent { action=ACTION_UP, actionButton=0, id[0]=0, x[0]=418.0, y[0]=842.0, toolType[0]=TOOL_TYPE_UNKNOWN, buttonState=0, metaState=0, flags=0x0, edgeFlags=0x0, pointerCount=1, historySize=0, eventTime=855775865, downTime=855775865, deviceId=0, source=0x1002 }
08-06 05:42:39.460 19069 19069 D AndroidRuntime: Shutting down VM
08-06 05:42:39.470 16756 16821 I art     : Starting a blocking GC Explicit
08-06 05:42:39.472   512  2967 D audio_hw_primary: out_set_parameters: enter: usecase(1: low-latency-playback) kvpairs: routing=2
08-06 05:42:39.474 16756 16819 D Gabe    : call	returning from cache
08-06 05:42:39.485   512  2967 D audio_hw_primary: select_devices: out_snd_device(2: speaker) in_snd_device(0: none)
08-06 05:42:39.485   512  2967 D msm8974_platform: platform_send_audio_calibration: sending audio calibration for snd_device(2) acdb_id(15)
08-06 05:42:39.485   512  2967 I soundtrigger: audio_extn_sound_trigger_update_device_status: device 0x2 of type 0 for Event 1
08-06 05:42:39.497   512  2967 D audio_hw_primary: enable_snd_device: snd_device(2: speaker)
08-06 05:42:39.499   512  2967 D audio_hw_primary: enable_audio_route: apply and update mixer path: low-latency-playback speaker
08-06 05:42:39.505 16756 16756 V MainActivity: url = https://project-travel-mate.herokuapp.com/api/number-of-unread-notifications
08-06 05:42:39.539 16756 16821 I art     : Explicit concurrent mark sweep GC freed 1063(52KB) AllocSpace objects, 0(0B) LOS objects, 8% free, 183MB/199MB, paused 2.325ms total 68.755ms
08-06 05:42:39.547   512  2967 D AudioFlinger: mixer(0xf4740000) throttle end: throttle time(12)
08-06 05:42:39.562 16756 16821 I art     : Starting a blocking GC Explicit
08-06 05:42:39.625 16756 16821 I art     : Explicit concurrent mark sweep GC freed 411(30KB) AllocSpace objects, 0(0B) LOS objects, 8% free, 183MB/199MB, paused 2.585ms total 61.736ms
08-06 05:42:39.654 16756 16821 I art     : Starting a blocking GC Explicit
08-06 05:42:39.708   518   646 I ThermalEngine: ACTION: GPU - Setting GPU[0] to 450000000
08-06 05:42:39.712   918  3961 I ActivityManager: Killing 30350:nappagreedy.com.newsblur/u0a701 (adj 15): empty #17
08-06 05:42:39.723 16756 16821 I art     : Explicit concurrent mark sweep GC freed 729(45KB) AllocSpace objects, 0(0B) LOS objects, 8% free, 183MB/199MB, paused 2.254ms total 69.347ms
08-06 05:42:40.038   512  2967 D audio_hw_primary: disable_audio_route: reset and update mixer path: low-latency-playback speaker
08-06 05:42:40.040   512  2967 D audio_hw_primary: disable_snd_device: snd_device(2: speaker)
08-06 05:42:40.048   512  2967 I soundtrigger: audio_extn_sound_trigger_update_device_status: device 0x2 of type 0 for Event 0
08-06 05:42:40.082 16756 16756 I Choreographer: Skipped 34 frames!  The application may be doing too much work on its main thread.
08-06 05:42:40.152 16756 16769 I art     : Starting a blocking GC Explicit
08-06 05:42:40.213 16756 16769 I art     : Explicit concurrent mark sweep GC freed 4733(257KB) AllocSpace objects, 11(292KB) LOS objects, 8% free, 183MB/199MB, paused 1.952ms total 60.196ms
08-06 05:42:40.233 16756 16769 I art     : Starting a blocking GC Explicit
08-06 05:42:40.292 16756 16769 I art     : Explicit concurrent mark sweep GC freed 2182(100KB) AllocSpace objects, 0(0B) LOS objects, 8% free, 183MB/199MB, paused 1.578ms total 58.848ms
08-06 05:42:40.311 16756 16769 I art     : Starting a blocking GC Explicit
08-06 05:42:40.365 16756 16769 I art     : Explicit concurrent mark sweep GC freed 1029(69KB) AllocSpace objects, 2(120KB) LOS objects, 7% free, 184MB/200MB, paused 1.598ms total 53.184ms
08-06 05:42:40.383 16756 16769 I art     : Starting a blocking GC Explicit
08-06 05:42:40.426 16756 19092 I NAPPA_EXPERIMENTATION: MetricNetworkRequestExecutionTime: REQUEST_DURATION_SYSTEM='919',REQUEST_DURATION_OKHTTP='37',REQUEST_SYNCHRONOUS='FALSE',RESPONSE_CODE='200',RESPONSE_METHOD='GET',RESPONSE_LENGTH_OKHTTP='36',RESPONSE_LENGTH_HEADER='36',REQUEST_PROTOCOL='http/1.1',REQUEST_URL='https://project-travel-mate.herokuapp.com/api/number-of-unread-notifications',
08-06 05:42:40.437 16756 16769 I art     : Explicit concurrent mark sweep GC freed 2445(138KB) AllocSpace objects, 1(80KB) LOS objects, 8% free, 183MB/199MB, paused 1.289ms total 53.455ms
08-06 05:42:40.456 16756 16769 I art     : Starting a blocking GC Explicit
08-06 05:42:40.514 16756 16769 I art     : Explicit concurrent mark sweep GC freed 661(64KB) AllocSpace objects, 0(0B) LOS objects, 8% free, 183MB/199MB, paused 1.231ms total 57.083ms
08-06 05:42:40.903 16756 16821 I art     : Starting a blocking GC Explicit
08-06 05:42:40.962 16756 16821 I art     : Explicit concurrent mark sweep GC freed 2329(106KB) AllocSpace objects, 2(52KB) LOS objects, 8% free, 183MB/199MB, paused 1.298ms total 58.717ms
08-06 05:42:40.985 16756 16821 I art     : Starting a blocking GC Explicit
08-06 05:42:41.038 16756 16821 I art     : Explicit concurrent mark sweep GC freed 158(3KB) AllocSpace objects, 0(0B) LOS objects, 8% free, 183MB/199MB, paused 1.327ms total 52.868ms
08-06 05:42:41.056 16756 16821 I art     : Starting a blocking GC Explicit
08-06 05:42:41.111 16756 16821 I art     : Explicit concurrent mark sweep GC freed 99(1696B) AllocSpace objects, 0(0B) LOS objects, 8% free, 183MB/199MB, paused 1.239ms total 54.064ms
08-06 05:42:41.129 16756 16821 I art     : Starting a blocking GC Explicit
08-06 05:42:41.185 16756 16821 I art     : Explicit concurrent mark sweep GC freed 131(2384B) AllocSpace objects, 0(0B) LOS objects, 8% free, 183MB/199MB, paused 1.333ms total 55.583ms
08-06 05:42:41.206 16756 16821 I art     : Starting a blocking GC Explicit
08-06 05:42:41.263 16756 16821 I art     : Explicit concurrent mark sweep GC freed 108(1984B) AllocSpace objects, 0(0B) LOS objects, 8% free, 183MB/199MB, paused 1.311ms total 56.817ms
08-06 05:42:41.700 16756 16821 I art     : Starting a blocking GC Explicit
08-06 05:42:41.754 16756 16821 I art     : Explicit concurrent mark sweep GC freed 2349(105KB) AllocSpace objects, 2(52KB) LOS objects, 8% free, 183MB/199MB, paused 1.318ms total 53.375ms
08-06 05:42:41.772 16756 16821 I art     : Starting a blocking GC Explicit
08-06 05:42:41.826 16756 16821 I art     : Explicit concurrent mark sweep GC freed 126(2688B) AllocSpace objects, 0(0B) LOS objects, 8% free, 183MB/199MB, paused 1.348ms total 53.049ms
08-06 05:42:41.844 16756 16821 I art     : Starting a blocking GC Explicit
08-06 05:42:41.903 16756 16821 I art     : Explicit concurrent mark sweep GC freed 111(1888B) AllocSpace objects, 0(0B) LOS objects, 8% free, 183MB/199MB, paused 2.711ms total 58.677ms
08-06 05:42:41.922 16756 16821 I art     : Starting a blocking GC Explicit
08-06 05:42:41.980 16756 16821 I art     : Explicit concurrent mark sweep GC freed 111(1904B) AllocSpace objects, 0(0B) LOS objects, 8% free, 183MB/199MB, paused 1.299ms total 57.295ms
08-06 05:42:41.999 16756 16821 I art     : Starting a blocking GC Explicit
08-06 05:42:42.056 16756 16821 I art     : Explicit concurrent mark sweep GC freed 121(2032B) AllocSpace objects, 0(0B) LOS objects, 8% free, 183MB/199MB, paused 1.319ms total 57.127ms
08-06 05:42:42.239 19125 19125 D AndroidRuntime: >>>>>> START com.android.internal.os.RuntimeInit uid 2000 <<<<<<
08-06 05:42:42.244 19125 19125 D AndroidRuntime: CheckJNI is OFF
08-06 05:42:42.285 19125 19125 D ICU     : No timezone override file found: /data/misc/zoneinfo/current/icu/icu_tzdata.dat
08-06 05:42:42.328 19125 19125 I Radio-JNI: register_android_hardware_Radio DONE
08-06 05:42:42.355 19125 19125 D AndroidRuntime: Calling main entry com.android.commands.input.Input
08-06 05:42:42.357 19125 19125 I Input   : injectMotionEvent: MotionEvent { action=ACTION_DOWN, actionButton=0, id[0]=0, x[0]=117.0, y[0]=170.0, toolType[0]=TOOL_TYPE_UNKNOWN, buttonState=0, metaState=0, flags=0x0, edgeFlags=0x0, pointerCount=1, historySize=0, eventTime=855778770, downTime=855778770, deviceId=0, source=0x1002 }
08-06 05:42:42.362 19125 19125 I Input   : injectMotionEvent: MotionEvent { action=ACTION_UP, actionButton=0, id[0]=0, x[0]=117.0, y[0]=170.0, toolType[0]=TOOL_TYPE_UNKNOWN, buttonState=0, metaState=0, flags=0x0, edgeFlags=0x0, pointerCount=1, historySize=0, eventTime=855778770, downTime=855778770, deviceId=0, source=0x1002 }
08-06 05:42:42.364 19125 19125 D AndroidRuntime: Shutting down VM
08-06 05:42:42.370   512  2967 D audio_hw_primary: out_set_parameters: enter: usecase(1: low-latency-playback) kvpairs: routing=2
08-06 05:42:42.383   512  2967 D audio_hw_primary: select_devices: out_snd_device(2: speaker) in_snd_device(0: none)
08-06 05:42:42.383   512  2967 D msm8974_platform: platform_send_audio_calibration: sending audio calibration for snd_device(2) acdb_id(15)
08-06 05:42:42.384   512  2967 I soundtrigger: audio_extn_sound_trigger_update_device_status: device 0x2 of type 0 for Event 1
08-06 05:42:42.394   512  2967 D audio_hw_primary: enable_snd_device: snd_device(2: speaker)
08-06 05:42:42.397   512  2967 D audio_hw_primary: enable_audio_route: apply and update mixer path: low-latency-playback speaker
08-06 05:42:42.510 16756 16769 I art     : Starting a blocking GC Explicit
08-06 05:42:42.568 16756 16769 I art     : Explicit concurrent mark sweep GC freed 2815(128KB) AllocSpace objects, 2(52KB) LOS objects, 7% free, 184MB/200MB, paused 1.395ms total 57.584ms
08-06 05:42:42.588 16756 16769 I art     : Starting a blocking GC Explicit
08-06 05:42:42.636 16756 16769 I art     : Explicit concurrent mark sweep GC freed 168(3KB) AllocSpace objects, 0(0B) LOS objects, 7% free, 184MB/200MB, paused 1.397ms total 47.798ms
08-06 05:42:42.655 16756 16769 I art     : Starting a blocking GC Explicit
08-06 05:42:42.704 16756 16769 I art     : Explicit concurrent mark sweep GC freed 124(2592B) AllocSpace objects, 0(0B) LOS objects, 7% free, 184MB/200MB, paused 1.258ms total 48.541ms
08-06 05:42:42.722 16756 16769 I art     : Starting a blocking GC Explicit
08-06 05:42:42.770 16756 16769 I art     : Explicit concurrent mark sweep GC freed 109(2240B) AllocSpace objects, 0(0B) LOS objects, 7% free, 184MB/200MB, paused 1.181ms total 47.998ms
08-06 05:42:42.788 16756 16769 I art     : Starting a blocking GC Explicit
08-06 05:42:42.836 16756 16769 I art     : Explicit concurrent mark sweep GC freed 109(2048B) AllocSpace objects, 0(0B) LOS objects, 7% free, 184MB/200MB, paused 1.118ms total 47.810ms
08-06 05:42:42.928   512  2967 D audio_hw_primary: disable_audio_route: reset and update mixer path: low-latency-playback speaker
08-06 05:42:42.930   512  2967 D audio_hw_primary: disable_snd_device: snd_device(2: speaker)
08-06 05:42:42.938   512  2967 I soundtrigger: audio_extn_sound_trigger_update_device_status: device 0x2 of type 0 for Event 0
08-06 05:42:43.102 19148 19148 D AndroidRuntime: >>>>>> START com.android.internal.os.RuntimeInit uid 2000 <<<<<<
08-06 05:42:43.108 19148 19148 D AndroidRuntime: CheckJNI is OFF
08-06 05:42:43.150 19148 19148 D ICU     : No timezone override file found: /data/misc/zoneinfo/current/icu/icu_tzdata.dat
08-06 05:42:43.192 19148 19148 I Radio-JNI: register_android_hardware_Radio DONE
08-06 05:42:43.222 19148 19148 D AndroidRuntime: Calling main entry com.android.commands.input.Input
08-06 05:42:43.224 19148 19148 I Input   : injectMotionEvent: MotionEvent { action=ACTION_DOWN, actionButton=0, id[0]=0, x[0]=355.0, y[0]=1674.0, toolType[0]=TOOL_TYPE_UNKNOWN, buttonState=0, metaState=0, flags=0x0, edgeFlags=0x0, pointerCount=1, historySize=0, eventTime=855779637, downTime=855779637, deviceId=0, source=0x1002 }
08-06 05:42:43.229 19148 19148 I Input   : injectMotionEvent: MotionEvent { action=ACTION_UP, actionButton=0, id[0]=0, x[0]=355.0, y[0]=1674.0, toolType[0]=TOOL_TYPE_UNKNOWN, buttonState=0, metaState=0, flags=0x0, edgeFlags=0x0, pointerCount=1, historySize=0, eventTime=855779637, downTime=855779637, deviceId=0, source=0x1002 }
08-06 05:42:43.231 19148 19148 D AndroidRuntime: Shutting down VM
08-06 05:42:43.236 16756 17031 I art     : Starting a blocking GC Explicit
08-06 05:42:43.241   512  2967 D audio_hw_primary: out_set_parameters: enter: usecase(1: low-latency-playback) kvpairs: routing=2
08-06 05:42:43.250 16756 16756 V MainActivity: url = https://project-travel-mate.herokuapp.com/api/number-of-unread-notifications
08-06 05:42:43.254   512  2967 D audio_hw_primary: select_devices: out_snd_device(2: speaker) in_snd_device(0: none)
08-06 05:42:43.254   512  2967 D msm8974_platform: platform_send_audio_calibration: sending audio calibration for snd_device(2) acdb_id(15)
08-06 05:42:43.254   512  2967 I soundtrigger: audio_extn_sound_trigger_update_device_status: device 0x2 of type 0 for Event 1
08-06 05:42:43.263   512  2967 D audio_hw_primary: enable_snd_device: snd_device(2: speaker)
08-06 05:42:43.265   512  2967 D audio_hw_primary: enable_audio_route: apply and update mixer path: low-latency-playback speaker
08-06 05:42:43.296 16756 17031 I art     : Explicit concurrent mark sweep GC freed 3463(152KB) AllocSpace objects, 2(52KB) LOS objects, 7% free, 184MB/200MB, paused 1.882ms total 60.148ms
08-06 05:42:43.307   512  2967 D AudioFlinger: mixer(0xf4740000) throttle end: throttle time(12)
08-06 05:42:43.315 16756 17031 I art     : Starting a blocking GC Explicit
08-06 05:42:43.367 16756 17031 I art     : Explicit concurrent mark sweep GC freed 2466(180KB) AllocSpace objects, 0(0B) LOS objects, 7% free, 184MB/200MB, paused 1.375ms total 52.173ms
08-06 05:42:43.386 16756 17031 I art     : Starting a blocking GC Explicit
08-06 05:42:43.437 16756 17031 I art     : Explicit concurrent mark sweep GC freed 800(47KB) AllocSpace objects, 9(252KB) LOS objects, 7% free, 184MB/200MB, paused 1.393ms total 51.516ms
08-06 05:42:43.455 16756 17031 I art     : Starting a blocking GC Explicit
08-06 05:42:43.503 16756 17031 I art     : Explicit concurrent mark sweep GC freed 34(928B) AllocSpace objects, 0(0B) LOS objects, 7% free, 184MB/200MB, paused 1.317ms total 47.814ms
08-06 05:42:43.521 16756 17031 I art     : Starting a blocking GC Explicit
08-06 05:42:43.570 16756 17031 I art     : Explicit concurrent mark sweep GC freed 3(96B) AllocSpace objects, 0(0B) LOS objects, 7% free, 184MB/200MB, paused 1.398ms total 49.045ms
08-06 05:42:43.788   512  2967 D audio_hw_primary: disable_audio_route: reset and update mixer path: low-latency-playback speaker
08-06 05:42:43.790   512  2967 D audio_hw_primary: disable_snd_device: snd_device(2: speaker)
08-06 05:42:43.799   512  2967 I soundtrigger: audio_extn_sound_trigger_update_device_status: device 0x2 of type 0 for Event 0
08-06 05:42:43.966 16756 16768 I art     : Starting a blocking GC Explicit
08-06 05:42:44.030 16756 16768 I art     : Explicit concurrent mark sweep GC freed 1622(93KB) AllocSpace objects, 2(48KB) LOS objects, 7% free, 184MB/200MB, paused 1.443ms total 63.955ms
08-06 05:42:44.051 16756 16768 I art     : Starting a blocking GC Explicit
08-06 05:42:44.098 16756 19170 I NAPPA_EXPERIMENTATION: MetricNetworkRequestExecutionTime: REQUEST_DURATION_SYSTEM='846',REQUEST_DURATION_OKHTTP='28',REQUEST_SYNCHRONOUS='FALSE',RESPONSE_CODE='200',RESPONSE_METHOD='GET',RESPONSE_LENGTH_OKHTTP='36',RESPONSE_LENGTH_HEADER='36',REQUEST_PROTOCOL='http/1.1',REQUEST_URL='https://project-travel-mate.herokuapp.com/api/number-of-unread-notifications',
08-06 05:42:44.107 16756 16768 I art     : Explicit concurrent mark sweep GC freed 2711(144KB) AllocSpace objects, 2(120KB) LOS objects, 7% free, 184MB/200MB, paused 1.320ms total 55.050ms
08-06 05:42:44.125 16756 16768 I art     : Starting a blocking GC Explicit
08-06 05:42:44.181 16756 16768 I art     : Explicit concurrent mark sweep GC freed 988(118KB) AllocSpace objects, 1(80KB) LOS objects, 7% free, 184MB/200MB, paused 1.246ms total 55.767ms
08-06 05:42:44.201 16756 16768 I art     : Starting a blocking GC Explicit
08-06 05:42:44.258 16756 16768 I art     : Explicit concurrent mark sweep GC freed 90(3KB) AllocSpace objects, 0(0B) LOS objects, 7% free, 184MB/200MB, paused 1.321ms total 56.911ms
08-06 05:42:44.277 16756 16768 I art     : Starting a blocking GC Explicit
08-06 05:42:44.333 16756 16768 I art     : Explicit concurrent mark sweep GC freed 3(96B) AllocSpace objects, 0(0B) LOS objects, 7% free, 184MB/200MB, paused 1.253ms total 55.497ms
08-06 05:42:44.747 16756 16821 I art     : Starting a blocking GC Explicit
08-06 05:42:44.821 16756 16821 I art     : Explicit concurrent mark sweep GC freed 1617(92KB) AllocSpace objects, 2(48KB) LOS objects, 7% free, 184MB/200MB, paused 1.392ms total 72.662ms
08-06 05:42:44.845 16756 16821 I art     : Starting a blocking GC Explicit
08-06 05:42:44.906 16756 16821 I art     : Explicit concurrent mark sweep GC freed 34(1216B) AllocSpace objects, 0(0B) LOS objects, 7% free, 184MB/200MB, paused 1.157ms total 60.169ms
08-06 05:42:44.927 16756 16821 I art     : Starting a blocking GC Explicit
08-06 05:42:44.987 16756 16821 I art     : Explicit concurrent mark sweep GC freed 12(384B) AllocSpace objects, 0(0B) LOS objects, 7% free, 184MB/200MB, paused 1.310ms total 59.685ms
08-06 05:42:45.008 16756 16821 I art     : Starting a blocking GC Explicit
08-06 05:42:45.069 16756 16821 I art     : Explicit concurrent mark sweep GC freed 13(416B) AllocSpace objects, 0(0B) LOS objects, 7% free, 184MB/200MB, paused 1.196ms total 60.725ms
08-06 05:42:45.090 16756 16821 I art     : Starting a blocking GC Explicit
08-06 05:42:45.150 16756 16821 I art     : Explicit concurrent mark sweep GC freed 8(256B) AllocSpace objects, 0(0B) LOS objects, 7% free, 184MB/200MB, paused 1.410ms total 60.432ms
08-06 05:42:45.590 16756 17031 I art     : Starting a blocking GC Explicit
08-06 05:42:45.657 16756 17031 I art     : Explicit concurrent mark sweep GC freed 1617(92KB) AllocSpace objects, 2(48KB) LOS objects, 7% free, 184MB/200MB, paused 1.403ms total 66.270ms
08-06 05:42:45.678 16756 17031 I art     : Starting a blocking GC Explicit
08-06 05:42:45.739 16756 17031 I art     : Explicit concurrent mark sweep GC freed 40(1680B) AllocSpace objects, 0(0B) LOS objects, 7% free, 184MB/200MB, paused 1.459ms total 59.832ms
08-06 05:42:45.758 16756 17031 I art     : Starting a blocking GC Explicit
08-06 05:42:45.816 16756 17031 I art     : Explicit concurrent mark sweep GC freed 13(640B) AllocSpace objects, 0(0B) LOS objects, 7% free, 184MB/200MB, paused 1.318ms total 58.200ms
08-06 05:42:45.836 16756 17031 I art     : Starting a blocking GC Explicit
08-06 05:42:45.896 16756 17031 I art     : Explicit concurrent mark sweep GC freed 3(96B) AllocSpace objects, 0(0B) LOS objects, 7% free, 184MB/200MB, paused 1.371ms total 60.570ms
08-06 05:42:45.916 16756 17031 I art     : Starting a blocking GC Explicit
08-06 05:42:45.974 16756 17031 I art     : Explicit concurrent mark sweep GC freed 3(96B) AllocSpace objects, 0(0B) LOS objects, 7% free, 184MB/200MB, paused 1.334ms total 57.657ms
08-06 05:42:46.043 19202 19202 D AndroidRuntime: >>>>>> START com.android.internal.os.RuntimeInit uid 2000 <<<<<<
08-06 05:42:46.050 19202 19202 D AndroidRuntime: CheckJNI is OFF
08-06 05:42:46.094 19202 19202 D ICU     : No timezone override file found: /data/misc/zoneinfo/current/icu/icu_tzdata.dat
08-06 05:42:46.139 19202 19202 I Radio-JNI: register_android_hardware_Radio DONE
08-06 05:42:46.168 19202 19202 D AndroidRuntime: Calling main entry com.android.commands.input.Input
08-06 05:42:46.171 19202 19202 I Input   : injectMotionEvent: MotionEvent { action=ACTION_DOWN, actionButton=0, id[0]=0, x[0]=747.0, y[0]=608.0, toolType[0]=TOOL_TYPE_UNKNOWN, buttonState=0, metaState=0, flags=0x0, edgeFlags=0x0, pointerCount=1, historySize=0, eventTime=855782584, downTime=855782584, deviceId=0, source=0x1002 }
08-06 05:42:46.177 19202 19202 I Input   : injectMotionEvent: MotionEvent { action=ACTION_UP, actionButton=0, id[0]=0, x[0]=747.0, y[0]=608.0, toolType[0]=TOOL_TYPE_UNKNOWN, buttonState=0, metaState=0, flags=0x0, edgeFlags=0x0, pointerCount=1, historySize=0, eventTime=855782584, downTime=855782584, deviceId=0, source=0x1002 }
08-06 05:42:46.178 19202 19202 D AndroidRuntime: Shutting down VM
08-06 05:42:46.179   918  5952 I ActivityManager: START u0 {cmp=baseline.io.github.project_travel_mate/.utilities.ChecklistActivity} from uid 10696 on display 0
08-06 05:42:46.181   512  2967 D audio_hw_primary: out_set_parameters: enter: usecase(1: low-latency-playback) kvpairs: routing=2
08-06 05:42:46.194   512  2967 D audio_hw_primary: select_devices: out_snd_device(2: speaker) in_snd_device(0: none)
08-06 05:42:46.194   512  2967 D msm8974_platform: platform_send_audio_calibration: sending audio calibration for snd_device(2) acdb_id(15)
08-06 05:42:46.194   512  2967 I soundtrigger: audio_extn_sound_trigger_update_device_status: device 0x2 of type 0 for Event 1
08-06 05:42:46.204   512  2967 D audio_hw_primary: enable_snd_device: snd_device(2: speaker)
08-06 05:42:46.206   512  2967 D audio_hw_primary: enable_audio_route: apply and update mixer path: low-latency-playback speaker
08-06 05:42:46.280 13866 13866 I GoogleInputMethodServic: GoogleInputMethodService.onFinishInput():3138 
08-06 05:42:46.281 13866 13866 I GoogleInputMethodServic: GoogleInputMethodService.onStartInput():1808 
08-06 05:42:46.281   918   936 I ActivityManager: Displayed baseline.io.github.project_travel_mate/.utilities.ChecklistActivity: +89ms
08-06 05:42:46.410 16756 16821 I art     : Starting a blocking GC Explicit
08-06 05:42:46.487 16756 16821 I art     : Explicit concurrent mark sweep GC freed 2524(147KB) AllocSpace objects, 2(48KB) LOS objects, 7% free, 184MB/200MB, paused 1.510ms total 77.266ms
08-06 05:42:46.509 16756 16821 I art     : Starting a blocking GC Explicit
08-06 05:42:46.528   380   380 W SurfaceFlinger: couldn't log to binary event log: overflow.
08-06 05:42:46.568 16756 16821 I art     : Explicit concurrent mark sweep GC freed 324(13KB) AllocSpace objects, 0(0B) LOS objects, 7% free, 184MB/200MB, paused 1.296ms total 58.502ms
08-06 05:42:46.586 16756 16821 I art     : Starting a blocking GC Explicit
08-06 05:42:46.638 16756 16821 I art     : Explicit concurrent mark sweep GC freed 3(96B) AllocSpace objects, 0(0B) LOS objects, 7% free, 184MB/200MB, paused 1.363ms total 51.681ms
08-06 05:42:46.657 16756 16821 I art     : Starting a blocking GC Explicit
08-06 05:42:46.711 16756 16821 I art     : Explicit concurrent mark sweep GC freed 55(1728B) AllocSpace objects, 0(0B) LOS objects, 7% free, 184MB/200MB, paused 1.215ms total 53.530ms
08-06 05:42:46.731 16756 16821 I art     : Starting a blocking GC Explicit
08-06 05:42:46.738   512  2967 D audio_hw_primary: disable_audio_route: reset and update mixer path: low-latency-playback speaker
08-06 05:42:46.739   512  2967 D audio_hw_primary: disable_snd_device: snd_device(2: speaker)
08-06 05:42:46.747   512  2967 I soundtrigger: audio_extn_sound_trigger_update_device_status: device 0x2 of type 0 for Event 0
08-06 05:42:46.787 16756 16821 I art     : Explicit concurrent mark sweep GC freed 11(352B) AllocSpace objects, 0(0B) LOS objects, 7% free, 184MB/200MB, paused 1.355ms total 56.296ms
08-06 05:42:47.223 16756 17031 I art     : Starting a blocking GC Explicit
08-06 05:42:47.293 16756 17031 I art     : Explicit concurrent mark sweep GC freed 1611(93KB) AllocSpace objects, 2(48KB) LOS objects, 7% free, 184MB/200MB, paused 1.411ms total 69.371ms
08-06 05:42:47.315 16756 17031 I art     : Starting a blocking GC Explicit
08-06 05:42:47.372 16756 17031 I art     : Explicit concurrent mark sweep GC freed 62(2544B) AllocSpace objects, 0(0B) LOS objects, 7% free, 184MB/200MB, paused 1.287ms total 57.198ms
08-06 05:42:47.392 16756 17031 I art     : Starting a blocking GC Explicit
08-06 05:42:47.454 16756 17031 I art     : Explicit concurrent mark sweep GC freed 39(1056B) AllocSpace objects, 0(0B) LOS objects, 7% free, 184MB/200MB, paused 1.376ms total 61.596ms
08-06 05:42:47.476 16756 17031 I art     : Starting a blocking GC Explicit
08-06 05:42:47.534 16756 17031 I art     : Explicit concurrent mark sweep GC freed 4(128B) AllocSpace objects, 0(0B) LOS objects, 7% free, 184MB/200MB, paused 1.291ms total 58.046ms
08-06 05:42:47.554 16756 17031 I art     : Starting a blocking GC Explicit
08-06 05:42:47.615 16756 17031 I art     : Explicit concurrent mark sweep GC freed 3(96B) AllocSpace objects, 0(0B) LOS objects, 7% free, 184MB/200MB, paused 1.381ms total 60.815ms
08-06 05:42:48.036 16756 16769 I art     : Starting a blocking GC Explicit
08-06 05:42:48.111 16756 16769 I art     : Explicit concurrent mark sweep GC freed 1586(92KB) AllocSpace objects, 2(48KB) LOS objects, 7% free, 184MB/200MB, paused 1.498ms total 74.748ms
08-06 05:42:48.134 16756 16769 I art     : Starting a blocking GC Explicit
08-06 05:42:48.201 16756 16769 I art     : Explicit concurrent mark sweep GC freed 28(1024B) AllocSpace objects, 0(0B) LOS objects, 7% free, 184MB/200MB, paused 1.370ms total 66.859ms
08-06 05:42:48.221 16756 16769 I art     : Starting a blocking GC Explicit
08-06 05:42:48.288 16756 16769 I art     : Explicit concurrent mark sweep GC freed 3(96B) AllocSpace objects, 0(0B) LOS objects, 7% free, 184MB/200MB, paused 1.483ms total 66.102ms
08-06 05:42:48.310 16756 16769 I art     : Starting a blocking GC Explicit
08-06 05:42:48.374 16756 16769 I art     : Explicit concurrent mark sweep GC freed 3(96B) AllocSpace objects, 0(0B) LOS objects, 7% free, 184MB/200MB, paused 1.376ms total 64.441ms
08-06 05:42:48.394 16756 16769 I art     : Starting a blocking GC Explicit
08-06 05:42:48.463 16756 16769 I art     : Explicit concurrent mark sweep GC freed 39(1056B) AllocSpace objects, 0(0B) LOS objects, 7% free, 184MB/200MB, paused 1.491ms total 68.164ms
08-06 05:42:48.898 16756 16768 I art     : Starting a blocking GC Explicit
08-06 05:42:48.978 16756 16768 I art     : Explicit concurrent mark sweep GC freed 1599(92KB) AllocSpace objects, 2(48KB) LOS objects, 7% free, 184MB/200MB, paused 1.496ms total 78.597ms
08-06 05:42:49.000 16756 16768 I art     : Starting a blocking GC Explicit
08-06 05:42:49.061 16756 16768 I art     : Explicit concurrent mark sweep GC freed 38(1568B) AllocSpace objects, 0(0B) LOS objects, 7% free, 184MB/200MB, paused 1.337ms total 61.545ms
08-06 05:42:49.062 16756 16766 I art     : WaitForGcToComplete blocked for 31.171ms for cause HeapTrim
08-06 05:42:49.081 16756 16768 I art     : Starting a blocking GC Explicit
08-06 05:42:49.148 16756 16768 I art     : Explicit concurrent mark sweep GC freed 3(96B) AllocSpace objects, 0(0B) LOS objects, 7% free, 184MB/200MB, paused 1.396ms total 66.191ms
08-06 05:42:49.170 16756 16768 I art     : Starting a blocking GC Explicit
08-06 05:42:49.234 16756 16768 I art     : Explicit concurrent mark sweep GC freed 3(96B) AllocSpace objects, 0(0B) LOS objects, 7% free, 184MB/200MB, paused 1.344ms total 63.717ms
08-06 05:42:49.254 16756 16768 I art     : Starting a blocking GC Explicit
08-06 05:42:49.315 16756 16768 I art     : Explicit concurrent mark sweep GC freed 3(96B) AllocSpace objects, 0(0B) LOS objects, 7% free, 184MB/200MB, paused 1.351ms total 60.673ms
08-06 05:42:49.757 16756 16821 I art     : Starting a blocking GC Explicit
08-06 05:42:49.836 16756 16821 I art     : Explicit concurrent mark sweep GC freed 1627(93KB) AllocSpace objects, 2(48KB) LOS objects, 7% free, 184MB/200MB, paused 1.584ms total 78.069ms
08-06 05:42:49.859 16756 16821 I art     : Starting a blocking GC Explicit
08-06 05:42:49.924 16756 16821 I art     : Explicit concurrent mark sweep GC freed 40(1600B) AllocSpace objects, 0(0B) LOS objects, 7% free, 184MB/200MB, paused 1.355ms total 64.475ms
08-06 05:42:49.944 16756 16821 I art     : Starting a blocking GC Explicit
08-06 05:42:50.012 16756 16821 I art     : Explicit concurrent mark sweep GC freed 7(320B) AllocSpace objects, 0(0B) LOS objects, 7% free, 184MB/200MB, paused 1.315ms total 68.417ms
08-06 05:42:50.035 16756 16821 I art     : Starting a blocking GC Explicit
08-06 05:42:50.098 16756 16821 I art     : Explicit concurrent mark sweep GC freed 3(96B) AllocSpace objects, 0(0B) LOS objects, 7% free, 184MB/200MB, paused 1.393ms total 62.425ms
08-06 05:42:50.117 16756 16821 I art     : Starting a blocking GC Explicit
08-06 05:42:50.171 16756 16821 I art     : Explicit concurrent mark sweep GC freed 3(96B) AllocSpace objects, 0(0B) LOS objects, 7% free, 184MB/200MB, paused 1.281ms total 53.996ms
08-06 05:42:50.347   918  1210 D NetlinkSocketObserver: NeighborEvent{elapsedMs=1839174222, 192.168.2.254, [7C3953A63323], RTM_NEWNEIGH, NUD_STALE}
08-06 05:42:50.599 16756 17031 I art     : Starting a blocking GC Explicit
08-06 05:42:50.663 16756 17031 I art     : Explicit concurrent mark sweep GC freed 1623(93KB) AllocSpace objects, 2(48KB) LOS objects, 7% free, 184MB/200MB, paused 1.399ms total 63.845ms
08-06 05:42:50.682 16756 17031 I art     : Starting a blocking GC Explicit
08-06 05:42:50.743 16756 17031 I art     : Explicit concurrent mark sweep GC freed 28(1024B) AllocSpace objects, 0(0B) LOS objects, 7% free, 184MB/200MB, paused 1.300ms total 60.224ms
08-06 05:42:50.762 16756 17031 I art     : Starting a blocking GC Explicit
08-06 05:42:50.823 16756 17031 I art     : Explicit concurrent mark sweep GC freed 3(96B) AllocSpace objects, 0(0B) LOS objects, 7% free, 184MB/200MB, paused 1.357ms total 60.182ms
08-06 05:42:50.842 16756 17031 I art     : Starting a blocking GC Explicit
08-06 05:42:50.902 16756 17031 I art     : Explicit concurrent mark sweep GC freed 3(96B) AllocSpace objects, 0(0B) LOS objects, 7% free, 184MB/200MB, paused 1.364ms total 59.183ms
08-06 05:42:50.921 16756 17031 I art     : Starting a blocking GC Explicit
08-06 05:42:50.981 16756 17031 I art     : Explicit concurrent mark sweep GC freed 3(96B) AllocSpace objects, 0(0B) LOS objects, 7% free, 184MB/200MB, paused 1.239ms total 59.663ms
08-06 05:42:50.991 19275 19275 D AndroidRuntime: >>>>>> START com.android.internal.os.RuntimeInit uid 2000 <<<<<<
08-06 05:42:50.998 19275 19275 D AndroidRuntime: CheckJNI is OFF
08-06 05:42:51.040 19275 19275 D ICU     : No timezone override file found: /data/misc/zoneinfo/current/icu/icu_tzdata.dat
08-06 05:42:51.084 19275 19275 I Radio-JNI: register_android_hardware_Radio DONE
08-06 05:42:51.114 19275 19275 D AndroidRuntime: Calling main entry com.android.commands.input.Input
08-06 05:42:51.117 19275 19275 I Input   : injectKeyEvent: KeyEvent { action=ACTION_DOWN, keyCode=KEYCODE_BACK, scanCode=0, metaState=0, flags=0x0, repeatCount=0, eventTime=855787530, downTime=855787530, deviceId=-1, source=0x101 }
08-06 05:42:51.124 19275 19275 I Input   : injectKeyEvent: KeyEvent { action=ACTION_UP, keyCode=KEYCODE_BACK, scanCode=0, metaState=0, flags=0x0, repeatCount=0, eventTime=855787530, downTime=855787530, deviceId=-1, source=0x101 }
08-06 05:42:51.132 19275 19275 D AndroidRuntime: Shutting down VM
08-06 05:42:51.141 16756 16756 V MainActivity: url = https://project-travel-mate.herokuapp.com/api/number-of-unread-notifications
08-06 05:42:51.169 13866 13866 I GoogleInputMethodServic: GoogleInputMethodService.onFinishInput():3138 
08-06 05:42:51.169 13866 13866 I GoogleInputMethodServic: GoogleInputMethodService.onStartInput():1808 
08-06 05:42:51.376 16756 16768 I art     : Starting a blocking GC Explicit
08-06 05:42:51.430 16756 16768 I art     : Explicit concurrent mark sweep GC freed 2105(115KB) AllocSpace objects, 2(48KB) LOS objects, 7% free, 184MB/200MB, paused 1.402ms total 54.307ms
08-06 05:42:51.449 16756 16768 I art     : Starting a blocking GC Explicit
08-06 05:42:51.458   380   380 W SurfaceFlinger: couldn't log to binary event log: overflow.
08-06 05:42:51.502 16756 16768 I art     : Explicit concurrent mark sweep GC freed 524(22KB) AllocSpace objects, 0(0B) LOS objects, 7% free, 184MB/200MB, paused 1.320ms total 52.052ms
08-06 05:42:51.520 16756 16768 I art     : Starting a blocking GC Explicit
08-06 05:42:51.578 16756 16768 I art     : Explicit concurrent mark sweep GC freed 10(400B) AllocSpace objects, 0(0B) LOS objects, 7% free, 184MB/200MB, paused 1.511ms total 57.371ms
08-06 05:42:51.598 16756 16768 I art     : Starting a blocking GC Explicit
08-06 05:42:51.656 16756 16768 I art     : Explicit concurrent mark sweep GC freed 127(6KB) AllocSpace objects, 0(0B) LOS objects, 7% free, 184MB/200MB, paused 1.400ms total 56.928ms
08-06 05:42:51.675 16756 16768 I art     : Starting a blocking GC Explicit
08-06 05:42:51.732 16756 16768 I art     : Explicit concurrent mark sweep GC freed 15(752B) AllocSpace objects, 0(0B) LOS objects, 7% free, 184MB/200MB, paused 1.388ms total 57.607ms
08-06 05:42:51.893 16756 19294 I NAPPA_EXPERIMENTATION: MetricNetworkRequestExecutionTime: REQUEST_DURATION_SYSTEM='749',REQUEST_DURATION_OKHTTP='39',REQUEST_SYNCHRONOUS='FALSE',RESPONSE_CODE='200',RESPONSE_METHOD='GET',RESPONSE_LENGTH_OKHTTP='36',RESPONSE_LENGTH_HEADER='36',REQUEST_PROTOCOL='http/1.1',REQUEST_URL='https://project-travel-mate.herokuapp.com/api/number-of-unread-notifications',
08-06 05:42:52.147 16756 17031 I art     : Starting a blocking GC Explicit
08-06 05:42:52.221 16756 17031 I art     : Explicit concurrent mark sweep GC freed 4398(240KB) AllocSpace objects, 5(248KB) LOS objects, 7% free, 184MB/200MB, paused 1.626ms total 73.166ms
08-06 05:42:52.243 16756 17031 I art     : Starting a blocking GC Explicit
08-06 05:42:52.303 16756 17031 I art     : Explicit concurrent mark sweep GC freed 962(117KB) AllocSpace objects, 0(0B) LOS objects, 7% free, 184MB/200MB, paused 1.333ms total 59.067ms
08-06 05:42:52.322 16756 17031 I art     : Starting a blocking GC Explicit
08-06 05:42:52.381 16756 17031 I art     : Explicit concurrent mark sweep GC freed 3(96B) AllocSpace objects, 0(0B) LOS objects, 7% free, 184MB/200MB, paused 1.243ms total 58.292ms
08-06 05:42:52.400 16756 17031 I art     : Starting a blocking GC Explicit
08-06 05:42:52.454 16756 17031 I art     : Explicit concurrent mark sweep GC freed 39(1056B) AllocSpace objects, 0(0B) LOS objects, 7% free, 184MB/200MB, paused 1.348ms total 54.247ms
08-06 05:42:52.473 16756 17031 I art     : Starting a blocking GC Explicit
08-06 05:42:52.530 16756 17031 I art     : Explicit concurrent mark sweep GC freed 4(128B) AllocSpace objects, 0(0B) LOS objects, 7% free, 184MB/200MB, paused 1.381ms total 56.135ms
08-06 05:42:52.914 19315 19315 D AndroidRuntime: >>>>>> START com.android.internal.os.RuntimeInit uid 2000 <<<<<<
08-06 05:42:52.921 19315 19315 D AndroidRuntime: CheckJNI is OFF
08-06 05:42:52.950 16756 16821 I art     : Starting a blocking GC Explicit
08-06 05:42:52.969 19315 19315 D ICU     : No timezone override file found: /data/misc/zoneinfo/current/icu/icu_tzdata.dat
08-06 05:42:53.016 16756 16821 I art     : Explicit concurrent mark sweep GC freed 1627(93KB) AllocSpace objects, 2(48KB) LOS objects, 7% free, 184MB/200MB, paused 1.519ms total 65.720ms
08-06 05:42:53.018 19315 19315 I Radio-JNI: register_android_hardware_Radio DONE
08-06 05:42:53.036 16756 16821 I art     : Starting a blocking GC Explicit
08-06 05:42:53.049 19315 19315 D AndroidRuntime: Calling main entry com.android.commands.input.Input
08-06 05:42:53.050 19315 19315 I Input   : injectMotionEvent: MotionEvent { action=ACTION_DOWN, actionButton=0, id[0]=0, x[0]=657.0, y[0]=2037.0, toolType[0]=TOOL_TYPE_UNKNOWN, buttonState=0, metaState=0, flags=0x0, edgeFlags=0x0, pointerCount=1, historySize=0, eventTime=855789463, downTime=855789463, deviceId=0, source=0x1002 }
08-06 05:42:53.058 19315 19315 I Input   : injectMotionEvent: MotionEvent { action=ACTION_UP, actionButton=0, id[0]=0, x[0]=657.0, y[0]=2037.0, toolType[0]=TOOL_TYPE_UNKNOWN, buttonState=0, metaState=0, flags=0x0, edgeFlags=0x0, pointerCount=1, historySize=0, eventTime=855789463, downTime=855789463, deviceId=0, source=0x1002 }
08-06 05:42:53.061 19315 19315 D AndroidRuntime: Shutting down VM
08-06 05:42:53.061   918  4413 I ActivityManager: START u0 {cmp=baseline.io.github.project_travel_mate/.utilities.CompassActivity} from uid 10696 on display 0
08-06 05:42:53.063   512  2967 D audio_hw_primary: out_set_parameters: enter: usecase(1: low-latency-playback) kvpairs: routing=2
08-06 05:42:53.076   512  2967 D audio_hw_primary: select_devices: out_snd_device(2: speaker) in_snd_device(0: none)
08-06 05:42:53.076   512  2967 D msm8974_platform: platform_send_audio_calibration: sending audio calibration for snd_device(2) acdb_id(15)
08-06 05:42:53.076   512  2967 I soundtrigger: audio_extn_sound_trigger_update_device_status: device 0x2 of type 0 for Event 1
08-06 05:42:53.088   512  2967 D audio_hw_primary: enable_snd_device: snd_device(2: speaker)
08-06 05:42:53.090 16756 16821 I art     : Explicit concurrent mark sweep GC freed 123(7KB) AllocSpace objects, 0(0B) LOS objects, 7% free, 184MB/200MB, paused 1.646ms total 53.748ms
08-06 05:42:53.090   512  2967 D audio_hw_primary: enable_audio_route: apply and update mixer path: low-latency-playback speaker
08-06 05:42:53.108 16756 16821 I art     : Starting a blocking GC Explicit
08-06 05:42:53.160 16756 16821 I art     : Explicit concurrent mark sweep GC freed 255(28KB) AllocSpace objects, 0(0B) LOS objects, 6% free, 233MB/249MB, paused 1.482ms total 51.602ms
08-06 05:42:53.179 16756 16821 I art     : Starting a blocking GC Explicit
08-06 05:42:53.234 16756 16821 I art     : Explicit concurrent mark sweep GC freed 144(6KB) AllocSpace objects, 0(0B) LOS objects, 6% free, 233MB/249MB, paused 1.446ms total 55.289ms
08-06 05:42:53.253 16756 16821 I art     : Starting a blocking GC Explicit
08-06 05:42:53.308 16756 16821 I art     : Explicit concurrent mark sweep GC freed 3(96B) AllocSpace objects, 0(0B) LOS objects, 6% free, 233MB/249MB, paused 1.507ms total 54.444ms
08-06 05:42:53.621 16756 16756 D CompassActivity: start compass
08-06 05:42:53.623   918  6112 I sensors : batch
08-06 05:42:53.623   918  6112 I sensors : activate
08-06 05:42:53.623   918  5481 I sensors : batch
08-06 05:42:53.623   918  5481 I sensors : activate
08-06 05:42:53.628 16756 16756 I Choreographer: Skipped 33 frames!  The application may be doing too much work on its main thread.
08-06 05:42:53.629   512  2967 D audio_hw_primary: disable_audio_route: reset and update mixer path: low-latency-playback speaker
08-06 05:42:53.632   512  2967 D audio_hw_primary: disable_snd_device: snd_device(2: speaker)
08-06 05:42:53.632   918  3188 I hubconnection: sensorhub said: 'batch 1 flags:0, sampling_rate_Hz:50.00, max_report_latency_us:0'
08-06 05:42:53.634   918  3188 I hubconnection: sensorhub said: 'activate 1 enable:1'
08-06 05:42:53.635   918  3188 I hubconnection: sensorhub said: 'batch 3 flags:0, sampling_rate_Hz:50.00, max_report_latency_us:0'
08-06 05:42:53.636   918  3188 I hubconnection: sensorhub said: 'activate 3 enable:1'
08-06 05:42:53.643   512  2967 I soundtrigger: audio_extn_sound_trigger_update_device_status: device 0x2 of type 0 for Event 0
08-06 05:42:53.689 16756 16768 I art     : Starting a blocking GC Explicit
08-06 05:42:53.699 13866 13866 I GoogleInputMethodServic: GoogleInputMethodService.onFinishInput():3138 
08-06 05:42:53.700 13866 13866 I GoogleInputMethodServic: GoogleInputMethodService.onStartInput():1808 
08-06 05:42:53.747 16756 16768 I art     : Explicit concurrent mark sweep GC freed 1862(103KB) AllocSpace objects, 2(48KB) LOS objects, 6% free, 236MB/252MB, paused 1.357ms total 58.061ms
08-06 05:42:53.765 16756 16768 I art     : Starting a blocking GC Explicit
08-06 05:42:53.816 16756 16768 I art     : Explicit concurrent mark sweep GC freed 72(2640B) AllocSpace objects, 0(0B) LOS objects, 6% free, 236MB/252MB, paused 1.337ms total 50.421ms
08-06 05:42:53.828 16756 16756 D CompassActivity: will set rotation from 0.0 to 179.3009
08-06 05:42:53.828 16756 16756 D CompassActivity: will set rotation from 179.3009 to 178.96002
08-06 05:42:53.828 16756 16756 D CompassActivity: will set rotation from 178.96002 to 178.95221
08-06 05:42:53.828 16756 16756 D CompassActivity: will set rotation from 178.95221 to 179.01929
08-06 05:42:53.828 16756 16756 D CompassActivity: will set rotation from 179.01929 to 179.01782
08-06 05:42:53.834 16756 16768 I art     : Starting a blocking GC Explicit
08-06 05:42:53.835   918   936 I ActivityManager: Displayed baseline.io.github.project_travel_mate/.utilities.CompassActivity: +766ms
08-06 05:42:53.885 16756 16768 I art     : Explicit concurrent mark sweep GC freed 37(2576B) AllocSpace objects, 0(0B) LOS objects, 6% free, 236MB/252MB, paused 1.601ms total 50.278ms
08-06 05:42:53.906 16756 16768 I art     : Starting a blocking GC Explicit
08-06 05:42:53.922 16756 16756 D CompassActivity: will set rotation from 179.01782 to 178.95581
08-06 05:42:53.922 16756 16756 D CompassActivity: will set rotation from 178.95581 to 178.95648
08-06 05:42:53.922 16756 16756 D CompassActivity: will set rotation from 178.95648 to 179.01178
08-06 05:42:53.922 16756 16756 D CompassActivity: will set rotation from 179.01178 to 179.0033
08-06 05:42:53.922 16756 16756 D CompassActivity: will set rotation from 179.0033 to 178.95325
08-06 05:42:53.923 16756 16756 D CompassActivity: will set rotation from 178.95325 to 178.94757
08-06 05:42:53.923 16756 16756 D CompassActivity: will set rotation from 178.94757 to 178.84808
08-06 05:42:53.923 16756 16756 D CompassActivity: will set rotation from 178.84808 to 178.84662
08-06 05:42:53.962 16756 16768 I art     : Explicit concurrent mark sweep GC freed 111(6KB) AllocSpace objects, 0(0B) LOS objects, 6% free, 236MB/252MB, paused 1.267ms total 55.916ms
08-06 05:42:53.982 16756 16768 I art     : Starting a blocking GC Explicit
08-06 05:42:54.015 16756 16756 D CompassActivity: will set rotation from 178.84662 to 178.77844
08-06 05:42:54.016 16756 16756 D CompassActivity: will set rotation from 178.77844 to 178.77258
08-06 05:42:54.016 16756 16756 D CompassActivity: will set rotation from 178.77258 to 178.7779
08-06 05:42:54.016 16756 16756 D CompassActivity: will set rotation from 178.7779 to 178.77069
08-06 05:42:54.016 16756 16756 D CompassActivity: will set rotation from 178.77069 to 178.77533
08-06 05:42:54.016 16756 16756 D CompassActivity: will set rotation from 178.77533 to 178.77441
08-06 05:42:54.016 16756 16756 D CompassActivity: will set rotation from 178.77441 to 178.66504
08-06 05:42:54.016 16756 16756 D CompassActivity: will set rotation from 178.66504 to 178.66968
08-06 05:42:54.017 16756 16756 D CompassActivity: will set rotation from 178.66968 to 178.71521
08-06 05:42:54.017 16756 16756 D CompassActivity: will set rotation from 178.71521 to 178.71423
08-06 05:42:54.035 16756 16768 I art     : Explicit concurrent mark sweep GC freed 180(9KB) AllocSpace objects, 0(0B) LOS objects, 6% free, 236MB/252MB, paused 1.230ms total 52.312ms
08-06 05:42:54.045 16756 16756 D CompassActivity: will set rotation from 178.71423 to 178.71704
08-06 05:42:54.045 16756 16756 D CompassActivity: will set rotation from 178.71704 to 178.7196
08-06 05:42:54.048 16756 16756 D CompassActivity: will set rotation from 178.7196 to 178.719
08-06 05:42:54.048 16756 16756 D CompassActivity: will set rotation from 178.719 to 178.7185
08-06 05:42:54.066 16756 16756 D CompassActivity: will set rotation from 178.7185 to 178.72174
08-06 05:42:54.066 16756 16756 D CompassActivity: will set rotation from 178.72174 to 178.72083
08-06 05:42:54.078   380   380 W SurfaceFlinger: couldn't log to binary event log: overflow.
08-06 05:42:54.086 16756 16756 D CompassActivity: will set rotation from 178.72083 to 178.65405
08-06 05:42:54.086 16756 16756 D CompassActivity: will set rotation from 178.65405 to 178.65747
08-06 05:42:54.106 16756 16756 D CompassActivity: will set rotation from 178.65747 to 178.77087
08-06 05:42:54.106 16756 16756 D CompassActivity: will set rotation from 178.77087 to 178.76892
08-06 05:42:54.126 16756 16756 D CompassActivity: will set rotation from 178.76892 to 178.83752
08-06 05:42:54.126 16756 16756 D CompassActivity: will set rotation from 178.83752 to 178.83386
08-06 05:42:54.146 16756 16756 D CompassActivity: will set rotation from 178.83386 to 178.87177
08-06 05:42:54.146 16756 16756 D CompassActivity: will set rotation from 178.87177 to 178.86926
08-06 05:42:54.166 16756 16756 D CompassActivity: will set rotation from 178.86926 to 178.92871
08-06 05:42:54.166 16756 16756 D CompassActivity: will set rotation from 178.92871 to 178.92572
08-06 05:42:54.186 16756 16756 D CompassActivity: will set rotation from 178.92572 to 179.01318
08-06 05:42:54.186 16756 16756 D CompassActivity: will set rotation from 179.01318 to 179.01471
08-06 05:42:54.206 16756 16756 D CompassActivity: will set rotation from 179.01471 to 179.06311
08-06 05:42:54.207 16756 16756 D CompassActivity: will set rotation from 179.06311 to 179.06323
08-06 05:42:54.295 16756 16756 D CompassActivity: will set rotation from 179.06323 to 179.07983
08-06 05:42:54.296 16756 16756 D CompassActivity: will set rotation from 179.07983 to 179.07874
08-06 05:42:54.296 16756 16756 D CompassActivity: will set rotation from 179.07874 to 179.11926
08-06 05:42:54.296 16756 16756 D CompassActivity: will set rotation from 179.11926 to 179.11786
08-06 05:42:54.296 16756 16756 D CompassActivity: will set rotation from 179.11786 to 179.10095
08-06 05:42:54.296 16756 16756 D CompassActivity: will set rotation from 179.10095 to 179.10388
08-06 05:42:54.296 16756 16756 D CompassActivity: will set rotation from 179.10388 to 179.11633
08-06 05:42:54.296 16756 16756 D CompassActivity: will set rotation from 179.11633 to 179.11652
08-06 05:42:54.305 16756 16756 D CompassActivity: will set rotation from 179.11652 to 179.12341
08-06 05:42:54.306 16756 16756 D CompassActivity: will set rotation from 179.12341 to 179.12317
08-06 05:42:54.325 16756 16756 D CompassActivity: will set rotation from 179.12317 to 179.10156
08-06 05:42:54.325 16756 16756 D CompassActivity: will set rotation from 179.10156 to 179.09961
08-06 05:42:54.346 16756 16756 D CompassActivity: will set rotation from 179.09961 to 179.10822
08-06 05:42:54.346 16756 16756 D CompassActivity: will set rotation from 179.10822 to 179.10675
08-06 05:42:54.365 16756 16756 D CompassActivity: will set rotation from 179.10675 to 179.11267
08-06 05:42:54.365 16756 16756 D CompassActivity: will set rotation from 179.11267 to 179.11035
08-06 05:42:54.385 16756 16756 D CompassActivity: will set rotation from 179.11035 to 179.1388
08-06 05:42:54.385 16756 16756 D CompassActivity: will set rotation from 179.1388 to 179.13904
08-06 05:42:54.405 16756 16756 D CompassActivity: will set rotation from 179.13904 to 179.1698
08-06 05:42:54.406 16756 16756 D CompassActivity: will set rotation from 179.1698 to 179.17242
08-06 05:42:54.425 16756 16756 D CompassActivity: will set rotation from 179.17242 to 179.18091
08-06 05:42:54.425 16756 16756 D CompassActivity: will set rotation from 179.18091 to 179.1806
08-06 05:42:54.441 16756 19303 I art     : Starting a blocking GC Explicit
08-06 05:42:54.450 16756 16756 D CompassActivity: will set rotation from 179.1806 to 179.1842
08-06 05:42:54.451 16756 16756 D CompassActivity: will set rotation from 179.1842 to 179.1831
08-06 05:42:54.467 16756 16756 D CompassActivity: will set rotation from 179.1831 to 179.22449
08-06 05:42:54.468 16756 16756 D CompassActivity: will set rotation from 179.22449 to 179.22485
08-06 05:42:54.485 16756 16756 D CompassActivity: will set rotation from 179.22485 to 179.25018
08-06 05:42:54.485 16756 16756 D CompassActivity: will set rotation from 179.25018 to 179.25122
08-06 05:42:54.505 16756 16756 D CompassActivity: will set rotation from 179.25122 to 179.27112
08-06 05:42:54.505 16756 16756 D CompassActivity: will set rotation from 179.27112 to 179.27075
08-06 05:42:54.510 16756 19303 I art     : Explicit concurrent mark sweep GC freed 2222(128KB) AllocSpace objects, 2(48KB) LOS objects, 6% free, 236MB/252MB, paused 1.410ms total 68.889ms
08-06 05:42:54.525 16756 16756 D CompassActivity: will set rotation from 179.27075 to 179.24951
08-06 05:42:54.525 16756 16756 D CompassActivity: will set rotation from 179.24951 to 179.24872
08-06 05:42:54.533 16756 19303 I art     : Starting a blocking GC Explicit
08-06 05:42:54.545 16756 16756 D CompassActivity: will set rotation from 179.24872 to 179.24835
08-06 05:42:54.545 16756 16756 D CompassActivity: will set rotation from 179.24835 to 179.24811
08-06 05:42:54.567 16756 16756 D CompassActivity: will set rotation from 179.24811 to 179.27191
08-06 05:42:54.567 16756 16756 D CompassActivity: will set rotation from 179.27191 to 179.27258
08-06 05:42:54.585 16756 16756 D CompassActivity: will set rotation from 179.27258 to 179.2727
08-06 05:42:54.585 16756 16756 D CompassActivity: will set rotation from 179.2727 to 179.2721
08-06 05:42:54.600 16756 19303 I art     : Explicit concurrent mark sweep GC freed 754(30KB) AllocSpace objects, 0(0B) LOS objects, 6% free, 236MB/252MB, paused 1.640ms total 65.994ms
08-06 05:42:54.604 16756 16756 D CompassActivity: will set rotation from 179.2721 to 179.27173
08-06 05:42:54.605 16756 16756 D CompassActivity: will set rotation from 179.27173 to 179.27032
08-06 05:42:54.620 16756 19303 I art     : Starting a blocking GC Explicit
08-06 05:42:54.624 16756 16756 D CompassActivity: will set rotation from 179.27032 to 179.27039
08-06 05:42:54.625 16756 16756 D CompassActivity: will set rotation from 179.27039 to 179.26984
08-06 05:42:54.645 16756 16756 D CompassActivity: will set rotation from 179.26984 to 179.2486
08-06 05:42:54.646 16756 16756 D CompassActivity: will set rotation from 179.2486 to 179.2489
08-06 05:42:54.666 16756 16756 D CompassActivity: will set rotation from 179.2489 to 179.19287
08-06 05:42:54.667 16756 16756 D CompassActivity: will set rotation from 179.19287 to 179.19238
08-06 05:42:54.686 16756 16756 D CompassActivity: will set rotation from 179.19238 to 179.19348
08-06 05:42:54.687 16756 16756 D CompassActivity: will set rotation from 179.19348 to 179.19177
08-06 05:42:54.690 16756 19303 I art     : Explicit concurrent mark sweep GC freed 195(9KB) AllocSpace objects, 0(0B) LOS objects, 6% free, 236MB/252MB, paused 1.467ms total 69.605ms
08-06 05:42:54.705 16756 16756 D CompassActivity: will set rotation from 179.19177 to 179.19379
08-06 05:42:54.705 16756 16756 D CompassActivity: will set rotation from 179.19379 to 179.1958
08-06 05:42:54.713 16756 19303 I art     : Starting a blocking GC Explicit
08-06 05:42:54.725 16756 16756 D CompassActivity: will set rotation from 179.1958 to 179.18005
08-06 05:42:54.725 16756 16756 D CompassActivity: will set rotation from 179.18005 to 179.17902
08-06 05:42:54.744 16756 16756 D CompassActivity: will set rotation from 179.17902 to 179.16321
08-06 05:42:54.745 16756 16756 D CompassActivity: will set rotation from 179.16321 to 179.16388
08-06 05:42:54.766 16756 16756 D CompassActivity: will set rotation from 179.16388 to 179.15057
08-06 05:42:54.767 16756 16756 D CompassActivity: will set rotation from 179.15057 to 179.15283
08-06 05:42:54.784 16756 19303 I art     : Explicit concurrent mark sweep GC freed 216(10KB) AllocSpace objects, 0(0B) LOS objects, 6% free, 236MB/252MB, paused 1.566ms total 71.122ms
08-06 05:42:54.785 16756 16756 D CompassActivity: will set rotation from 179.15283 to 179.15723
08-06 05:42:54.786 16756 16756 D CompassActivity: will set rotation from 179.15723 to 179.1571
08-06 05:42:54.805 16756 16756 D CompassActivity: will set rotation from 179.1571 to 179.14313
08-06 05:42:54.806 16756 16756 D CompassActivity: will set rotation from 179.14313 to 179.1427
08-06 05:42:54.806 16756 19303 I art     : Starting a blocking GC Explicit
08-06 05:42:54.824 16756 16756 D CompassActivity: will set rotation from 179.1427 to 179.14807
08-06 05:42:54.825 16756 16756 D CompassActivity: will set rotation from 179.14807 to 179.1482
08-06 05:42:54.844 16756 16756 D CompassActivity: will set rotation from 179.1482 to 179.17072
08-06 05:42:54.845 16756 16756 D CompassActivity: will set rotation from 179.17072 to 179.17133
08-06 05:42:54.867 16756 16756 D CompassActivity: will set rotation from 179.17133 to 179.1947
08-06 05:42:54.867 16756 16756 D CompassActivity: will set rotation from 179.1947 to 179.19336
08-06 05:42:54.875 16756 19303 I art     : Explicit concurrent mark sweep GC freed 200(10KB) AllocSpace objects, 0(0B) LOS objects, 6% free, 236MB/252MB, paused 1.425ms total 68.436ms
08-06 05:42:54.887 16756 16756 D CompassActivity: will set rotation from 179.19336 to 179.1958
08-06 05:42:54.887 16756 16756 D CompassActivity: will set rotation from 179.1958 to 179.19482
08-06 05:42:54.904 16756 16756 D CompassActivity: will set rotation from 179.19482 to 179.19678
08-06 05:42:54.905 16756 16756 D CompassActivity: will set rotation from 179.19678 to 179.19666
08-06 05:42:54.924 16756 16756 D CompassActivity: will set rotation from 179.19666 to 179.19812
08-06 05:42:54.924 16756 16756 D CompassActivity: will set rotation from 179.19812 to 179.19873
08-06 05:42:54.943 16756 16756 D CompassActivity: will set rotation from 179.19873 to 179.22137
08-06 05:42:54.944 16756 16756 D CompassActivity: will set rotation from 179.22137 to 179.22046
08-06 05:42:54.965 16756 16756 D CompassActivity: will set rotation from 179.22046 to 179.24011
08-06 05:42:54.967 16756 16756 D CompassActivity: will set rotation from 179.24011 to 179.23962
08-06 05:42:54.985 16756 16756 D CompassActivity: will set rotation from 179.23962 to 179.20428
08-06 05:42:54.985 16756 16756 D CompassActivity: will set rotation from 179.20428 to 179.20477
08-06 05:42:55.003 16756 16756 D CompassActivity: will set rotation from 179.20477 to 179.20819
08-06 05:42:55.003 16756 16756 D CompassActivity: will set rotation from 179.20819 to 179.20709
08-06 05:42:55.024 16756 16756 D CompassActivity: will set rotation from 179.20709 to 179.2464
08-06 05:42:55.024 16756 16756 D CompassActivity: will set rotation from 179.2464 to 179.24707
08-06 05:42:55.043 16756 16756 D CompassActivity: will set rotation from 179.24707 to 179.26392
08-06 05:42:55.044 16756 16756 D CompassActivity: will set rotation from 179.26392 to 179.26575
08-06 05:42:55.067 16756 16756 D CompassActivity: will set rotation from 179.26575 to 179.28198
08-06 05:42:55.068 16756 16756 D CompassActivity: will set rotation from 179.28198 to 179.28253
08-06 05:42:55.085 16756 16756 D CompassActivity: will set rotation from 179.28253 to 179.2815
08-06 05:42:55.085 16756 16756 D CompassActivity: will set rotation from 179.2815 to 179.28064
08-06 05:42:55.103 16756 16756 D CompassActivity: will set rotation from 179.28064 to 179.27875
08-06 05:42:55.104 16756 16756 D CompassActivity: will set rotation from 179.27875 to 179.28125
08-06 05:42:55.122 16756 16756 D CompassActivity: will set rotation from 179.28125 to 179.28119
08-06 05:42:55.123 16756 16756 D CompassActivity: will set rotation from 179.28119 to 179.28381
08-06 05:42:55.142 16756 16756 D CompassActivity: will set rotation from 179.28381 to 179.30151
08-06 05:42:55.143 16756 16756 D CompassActivity: will set rotation from 179.30151 to 179.30261
08-06 05:42:55.165 16756 16756 D CompassActivity: will set rotation from 179.30261 to 179.30359
08-06 05:42:55.167 16756 16756 D CompassActivity: will set rotation from 179.30359 to 179.30359
08-06 05:42:55.183 16756 16756 D CompassActivity: will set rotation from 179.30359 to 179.30206
08-06 05:42:55.184 16756 16756 D CompassActivity: will set rotation from 179.30206 to 179.30096
08-06 05:42:55.203 16756 16756 D CompassActivity: will set rotation from 179.30096 to 179.26575
08-06 05:42:55.203 16756 16756 D CompassActivity: will set rotation from 179.26575 to 179.26538
08-06 05:42:55.222 16756 16756 D CompassActivity: will set rotation from 179.26538 to 179.26422
08-06 05:42:55.222 16756 16756 D CompassActivity: will set rotation from 179.26422 to 179.26538
08-06 05:42:55.242 16756 16756 D CompassActivity: will set rotation from 179.26538 to 179.21838
08-06 05:42:55.242 16756 16756 D CompassActivity: will set rotation from 179.21838 to 179.21674
08-06 05:42:55.262 16756 16756 D CompassActivity: will set rotation from 179.21674 to 179.22046
08-06 05:42:55.263 16756 16756 D CompassActivity: will set rotation from 179.22046 to 179.21887
08-06 05:42:55.283 16756 16756 D CompassActivity: will set rotation from 179.21887 to 179.22113
08-06 05:42:55.283 16756 16756 D CompassActivity: will set rotation from 179.22113 to 179.21881
08-06 05:42:55.304 16756 16756 D CompassActivity: will set rotation from 179.21881 to 179.23431
08-06 05:42:55.305 16756 16756 D CompassActivity: will set rotation from 179.23431 to 179.23389
08-06 05:42:55.322 16756 16756 D CompassActivity: will set rotation from 179.23389 to 179.21924
08-06 05:42:55.323 16756 16756 D CompassActivity: will set rotation from 179.21924 to 179.2171
08-06 05:42:55.333 16756 16821 I art     : Starting a blocking GC Explicit
08-06 05:42:55.341 16756 16756 D CompassActivity: will set rotation from 179.2171 to 179.21802
08-06 05:42:55.342 16756 16756 D CompassActivity: will set rotation from 179.21802 to 179.21729
08-06 05:42:55.362 16756 16756 D CompassActivity: will set rotation from 179.21729 to 179.22046
08-06 05:42:55.363 16756 16756 D CompassActivity: will set rotation from 179.22046 to 179.2207
08-06 05:42:55.382 16756 16756 D CompassActivity: will set rotation from 179.2207 to 179.20502
08-06 05:42:55.383 16756 16756 D CompassActivity: will set rotation from 179.20502 to 179.20581
08-06 05:42:55.403 16756 16756 D CompassActivity: will set rotation from 179.20581 to 179.1911
08-06 05:42:55.403 16756 16756 D CompassActivity: will set rotation from 179.1911 to 179.19019
08-06 05:42:55.404 16756 16821 I art     : Explicit concurrent mark sweep GC freed 2133(126KB) AllocSpace objects, 2(48KB) LOS objects, 6% free, 236MB/252MB, paused 1.290ms total 69.973ms
08-06 05:42:55.422 16756 16756 D CompassActivity: will set rotation from 179.19019 to 179.15839
08-06 05:42:55.422 16756 16756 D CompassActivity: will set rotation from 179.15839 to 179.15869
08-06 05:42:55.428 16756 16821 I art     : Starting a blocking GC Explicit
08-06 05:42:55.441 16756 16756 D CompassActivity: will set rotation from 179.15869 to 179.14685
08-06 05:42:55.442 16756 16756 D CompassActivity: will set rotation from 179.14685 to 179.14575
08-06 05:42:55.463 16756 16756 D CompassActivity: will set rotation from 179.14575 to 179.11725
08-06 05:42:55.463 16756 16756 D CompassActivity: will set rotation from 179.11725 to 179.117
08-06 05:42:55.483 16756 16756 D CompassActivity: will set rotation from 179.117 to 179.10455
08-06 05:42:55.484 16756 16756 D CompassActivity: will set rotation from 179.10455 to 179.10461
08-06 05:42:55.492 16756 16821 I art     : Explicit concurrent mark sweep GC freed 889(35KB) AllocSpace objects, 0(0B) LOS objects, 6% free, 236MB/252MB, paused 1.488ms total 63.619ms
08-06 05:42:55.507 16756 16756 D CompassActivity: will set rotation from 179.10461 to 179.09302
08-06 05:42:55.507 16756 16756 D CompassActivity: will set rotation from 179.09302 to 179.09174
08-06 05:42:55.513 16756 16821 I art     : Starting a blocking GC Explicit
08-06 05:42:55.524 16756 16756 D CompassActivity: will set rotation from 179.09174 to 179.09625
08-06 05:42:55.524 16756 16756 D CompassActivity: will set rotation from 179.09625 to 179.09692
08-06 05:42:55.541 16756 16756 D CompassActivity: will set rotation from 179.09692 to 179.1034
08-06 05:42:55.541 16756 16756 D CompassActivity: will set rotation from 179.1034 to 179.1029
08-06 05:42:55.561 16756 16756 D CompassActivity: will set rotation from 179.1029 to 179.1073
08-06 05:42:55.563 16756 16756 D CompassActivity: will set rotation from 179.1073 to 179.10718
08-06 05:42:55.578 16756 16821 I art     : Explicit concurrent mark sweep GC freed 204(9KB) AllocSpace objects, 0(0B) LOS objects, 6% free, 236MB/252MB, paused 1.575ms total 64.765ms
08-06 05:42:55.583 16756 16756 D CompassActivity: will set rotation from 179.10718 to 179.1112
08-06 05:42:55.584 16756 16756 D CompassActivity: will set rotation from 179.1112 to 179.11127
08-06 05:42:55.598 16756 16821 I art     : Starting a blocking GC Explicit
08-06 05:42:55.603 16756 16756 D CompassActivity: will set rotation from 179.11127 to 179.0827
08-06 05:42:55.603 16756 16756 D CompassActivity: will set rotation from 179.0827 to 179.08246
08-06 05:42:55.620 16756 16756 D CompassActivity: will set rotation from 179.08246 to 179.05634
08-06 05:42:55.620 16756 16756 D CompassActivity: will set rotation from 179.05634 to 179.05566
08-06 05:42:55.640 16756 16756 D CompassActivity: will set rotation from 179.05566 to 179.06256
08-06 05:42:55.641 16756 16756 D CompassActivity: will set rotation from 179.06256 to 179.06256
08-06 05:42:55.654 16756 16821 I art     : Explicit concurrent mark sweep GC freed 175(8KB) AllocSpace objects, 0(0B) LOS objects, 6% free, 236MB/252MB, paused 1.250ms total 55.925ms
08-06 05:42:55.661 16756 16756 D CompassActivity: will set rotation from 179.06256 to 179.03973
08-06 05:42:55.661 16756 16756 D CompassActivity: will set rotation from 179.03973 to 179.04022
08-06 05:42:55.674 16756 16821 I art     : Starting a blocking GC Explicit
08-06 05:42:55.685 16756 16756 D CompassActivity: will set rotation from 179.04022 to 179.01324
08-06 05:42:55.686 16756 16756 D CompassActivity: will set rotation from 179.01324 to 179.0133
08-06 05:42:55.706 16756 16756 D CompassActivity: will set rotation from 179.0133 to 178.97089
08-06 05:42:55.707 16756 16756 D CompassActivity: will set rotation from 178.97089 to 178.96967
08-06 05:42:55.723 16756 16756 D CompassActivity: will set rotation from 178.96967 to 178.96405
08-06 05:42:55.724 16756 16756 D CompassActivity: will set rotation from 178.96405 to 178.96515
08-06 05:42:55.731 16756 16821 I art     : Explicit concurrent mark sweep GC freed 191(9KB) AllocSpace objects, 0(0B) LOS objects, 6% free, 236MB/252MB, paused 1.225ms total 56.396ms
08-06 05:42:55.740 16756 16756 D CompassActivity: will set rotation from 178.96515 to 178.9577
08-06 05:42:55.741 16756 16756 D CompassActivity: will set rotation from 178.9577 to 178.95734
08-06 05:42:55.760 16756 16756 D CompassActivity: will set rotation from 178.95734 to 178.98297
08-06 05:42:55.761 16756 16756 D CompassActivity: will set rotation from 178.98297 to 178.9823
08-06 05:42:55.783 16756 16756 D CompassActivity: will set rotation from 178.9823 to 178.95813
08-06 05:42:55.783 16756 16756 D CompassActivity: will set rotation from 178.95813 to 178.95978
08-06 05:42:55.804 16756 16756 D CompassActivity: will set rotation from 178.95978 to 178.95514
08-06 05:42:55.805 16756 16756 D CompassActivity: will set rotation from 178.95514 to 178.9555
08-06 05:42:55.820 16756 16756 D CompassActivity: will set rotation from 178.9555 to 178.96399
08-06 05:42:55.820 16756 16756 D CompassActivity: will set rotation from 178.96399 to 178.96436
08-06 05:42:55.841 16756 16756 D CompassActivity: will set rotation from 178.96436 to 178.98737
08-06 05:42:55.842 16756 16756 D CompassActivity: will set rotation from 178.98737 to 178.98804
08-06 05:42:55.860 16756 16756 D CompassActivity: will set rotation from 178.98804 to 179.01147
08-06 05:42:55.860 16756 16756 D CompassActivity: will set rotation from 179.01147 to 179.01208
08-06 05:42:55.873 19368 19368 D AndroidRuntime: >>>>>> START com.android.internal.os.RuntimeInit uid 2000 <<<<<<
08-06 05:42:55.879 16756 16756 D CompassActivity: will set rotation from 179.01208 to 179.01862
08-06 05:42:55.880 19368 19368 D AndroidRuntime: CheckJNI is OFF
08-06 05:42:55.880 16756 16756 D CompassActivity: will set rotation from 179.01862 to 179.01959
08-06 05:42:55.899 16756 16756 D CompassActivity: will set rotation from 179.01959 to 179.02588
08-06 05:42:55.900 16756 16756 D CompassActivity: will set rotation from 179.02588 to 179.02472
08-06 05:42:55.920 16756 16756 D CompassActivity: will set rotation from 179.02472 to 179.01935
08-06 05:42:55.921 16756 16756 D CompassActivity: will set rotation from 179.01935 to 179.01904
08-06 05:42:55.923 19368 19368 D ICU     : No timezone override file found: /data/misc/zoneinfo/current/icu/icu_tzdata.dat
08-06 05:42:55.940 16756 16756 D CompassActivity: will set rotation from 179.01904 to 179.0268
08-06 05:42:55.940 16756 16756 D CompassActivity: will set rotation from 179.0268 to 179.02618
08-06 05:42:55.959 16756 16756 D CompassActivity: will set rotation from 179.02618 to 179.04785
08-06 05:42:55.960 16756 16756 D CompassActivity: will set rotation from 179.04785 to 179.04724
08-06 05:42:55.971 19368 19368 I Radio-JNI: register_android_hardware_Radio DONE
08-06 05:42:55.978 16756 16756 D CompassActivity: will set rotation from 179.04724 to 179.05408
08-06 05:42:55.979 16756 16756 D CompassActivity: will set rotation from 179.05408 to 179.05353
08-06 05:42:56.000 19368 19368 D AndroidRuntime: Calling main entry com.android.commands.input.Input
08-06 05:42:56.000 16756 16756 D CompassActivity: will set rotation from 179.05353 to 179.04346
08-06 05:42:56.001 16756 16756 D CompassActivity: will set rotation from 179.04346 to 179.04254
08-06 05:42:56.001 19368 19368 I Input   : injectKeyEvent: KeyEvent { action=ACTION_DOWN, keyCode=KEYCODE_BACK, scanCode=0, metaState=0, flags=0x0, repeatCount=0, eventTime=855792414, downTime=855792414, deviceId=-1, source=0x101 }
08-06 05:42:56.008 19368 19368 I Input   : injectKeyEvent: KeyEvent { action=ACTION_UP, keyCode=KEYCODE_BACK, scanCode=0, metaState=0, flags=0x0, repeatCount=0, eventTime=855792414, downTime=855792414, deviceId=-1, source=0x101 }
08-06 05:42:56.015 19368 19368 D AndroidRuntime: Shutting down VM
08-06 05:42:56.016   918  4400 I sensors : activate
08-06 05:42:56.017   918  6112 I sensors : activate
08-06 05:42:56.021   918  3188 I hubconnection: sensorhub said: 'activate 1 enable:0'
08-06 05:42:56.023   918  3188 I hubconnection: sensorhub said: 'activate 3 enable:0'
08-06 05:42:56.046 16756 16756 V MainActivity: url = https://project-travel-mate.herokuapp.com/api/number-of-unread-notifications
08-06 05:42:56.170 13866 13866 I GoogleInputMethodServic: GoogleInputMethodService.onFinishInput():3138 
08-06 05:42:56.170 13866 13866 I GoogleInputMethodServic: GoogleInputMethodService.onStartInput():1808 
08-06 05:42:56.174 16756 16769 I art     : Starting a blocking GC Explicit
08-06 05:42:56.229 16756 16769 I art     : Explicit concurrent mark sweep GC freed 2379(131KB) AllocSpace objects, 2(48KB) LOS objects, 6% free, 236MB/252MB, paused 1.524ms total 54.936ms
08-06 05:42:56.248 16756 16769 I art     : Starting a blocking GC Explicit
08-06 05:42:56.297 16756 16769 I art     : Explicit concurrent mark sweep GC freed 555(22KB) AllocSpace objects, 0(0B) LOS objects, 6% free, 236MB/252MB, paused 1.340ms total 49.148ms
08-06 05:42:56.317 16756 16769 I art     : Starting a blocking GC Explicit
08-06 05:42:56.374 16756 16769 I art     : Explicit concurrent mark sweep GC freed 7(288B) AllocSpace objects, 0(0B) LOS objects, 6% free, 236MB/252MB, paused 1.542ms total 57.258ms
08-06 05:42:56.395 16756 16769 I art     : Starting a blocking GC Explicit
08-06 05:42:56.447 16756 16756 D CompassActivity: stop compass
08-06 05:42:56.447   380   380 W SurfaceFlinger: couldn't log to binary event log: overflow.
08-06 05:42:56.458 16756 16769 I art     : Explicit concurrent mark sweep GC freed 46(1280B) AllocSpace objects, 0(0B) LOS objects, 6% free, 236MB/252MB, paused 1.392ms total 62.399ms
08-06 05:42:56.479 16756 16769 I art     : Starting a blocking GC Explicit
08-06 05:42:56.534 16756 16769 I art     : Explicit concurrent mark sweep GC freed 16(736B) AllocSpace objects, 0(0B) LOS objects, 6% free, 236MB/252MB, paused 1.447ms total 54.703ms
08-06 05:42:56.744   518   646 I ThermalEngine: ACTION: GPU - Setting GPU[0] to 390000000
08-06 05:42:56.936 16756 19391 I NAPPA_EXPERIMENTATION: MetricNetworkRequestExecutionTime: REQUEST_DURATION_SYSTEM='889',REQUEST_DURATION_OKHTTP='76',REQUEST_SYNCHRONOUS='FALSE',RESPONSE_CODE='200',RESPONSE_METHOD='GET',RESPONSE_LENGTH_OKHTTP='36',RESPONSE_LENGTH_HEADER='36',REQUEST_PROTOCOL='http/1.1',REQUEST_URL='https://project-travel-mate.herokuapp.com/api/number-of-unread-notifications',
08-06 05:42:57.015 16756 16821 I art     : Starting a blocking GC Explicit
08-06 05:42:57.119 16756 16821 I art     : Explicit concurrent mark sweep GC freed 5663(321KB) AllocSpace objects, 8(52MB) LOS objects, 7% free, 184MB/200MB, paused 2.349ms total 104.205ms
08-06 05:42:57.146 16756 16821 I art     : Starting a blocking GC Explicit
08-06 05:42:57.227 16756 16821 I art     : Explicit concurrent mark sweep GC freed 976(117KB) AllocSpace objects, 0(0B) LOS objects, 7% free, 184MB/200MB, paused 2.584ms total 80.404ms
08-06 05:42:57.258 16756 16821 I art     : Starting a blocking GC Explicit
08-06 05:42:57.326 16756 16821 I art     : Explicit concurrent mark sweep GC freed 3(96B) AllocSpace objects, 0(0B) LOS objects, 7% free, 184MB/200MB, paused 1.924ms total 67.605ms
08-06 05:42:57.352 16756 16821 I art     : Starting a blocking GC Explicit
08-06 05:42:57.421 16756 16821 I art     : Explicit concurrent mark sweep GC freed 3(96B) AllocSpace objects, 0(0B) LOS objects, 7% free, 184MB/200MB, paused 2.024ms total 68.844ms
08-06 05:42:57.447 16756 16821 I art     : Starting a blocking GC Explicit
08-06 05:42:57.517 16756 16821 I art     : Explicit concurrent mark sweep GC freed 40(1088B) AllocSpace objects, 0(0B) LOS objects, 7% free, 184MB/200MB, paused 1.974ms total 69.916ms
08-06 05:42:57.739   518   646 I ThermalEngine: ACTION: GPU - Setting GPU[0] to 450000000
08-06 05:42:57.875 19404 19404 D AndroidRuntime: >>>>>> START com.android.internal.os.RuntimeInit uid 2000 <<<<<<
08-06 05:42:57.883 19404 19404 D AndroidRuntime: CheckJNI is OFF
08-06 05:42:57.929 19404 19404 D ICU     : No timezone override file found: /data/misc/zoneinfo/current/icu/icu_tzdata.dat
08-06 05:42:57.932 16756 16768 I art     : Starting a blocking GC Explicit
08-06 05:42:57.974 19404 19404 I Radio-JNI: register_android_hardware_Radio DONE
08-06 05:42:57.993 16756 16768 I art     : Explicit concurrent mark sweep GC freed 1620(93KB) AllocSpace objects, 2(48KB) LOS objects, 7% free, 184MB/200MB, paused 1.458ms total 60.649ms
08-06 05:42:58.003 19404 19404 D AndroidRuntime: Calling main entry com.android.commands.input.Input
08-06 05:42:58.006 19404 19404 I Input   : injectMotionEvent: MotionEvent { action=ACTION_DOWN, actionButton=0, id[0]=0, x[0]=500.0, y[0]=2000.0, toolType[0]=TOOL_TYPE_UNKNOWN, buttonState=0, metaState=0, flags=0x0, edgeFlags=0x0, pointerCount=1, historySize=0, eventTime=855794418, downTime=855794418, deviceId=0, source=0x1002 }
08-06 05:42:58.012 16756 16768 I art     : Starting a blocking GC Explicit
08-06 05:42:58.013 19404 19404 I Input   : injectMotionEvent: MotionEvent { action=ACTION_MOVE, actionButton=0, id[0]=0, x[0]=500.0, y[0]=2000.0, toolType[0]=TOOL_TYPE_UNKNOWN, buttonState=0, metaState=0, flags=0x0, edgeFlags=0x0, pointerCount=1, historySize=0, eventTime=855794418, downTime=855794418, deviceId=0, source=0x1002 }
08-06 05:42:58.015 19404 19404 I Input   : injectMotionEvent: MotionEvent { action=ACTION_MOVE, actionButton=0, id[0]=0, x[0]=500.0, y[0]=1979.1, toolType[0]=TOOL_TYPE_UNKNOWN, buttonState=0, metaState=0, flags=0x0, edgeFlags=0x0, pointerCount=1, historySize=0, eventTime=855794429, downTime=855794429, deviceId=0, source=0x1002 }
08-06 05:42:58.033 19404 19404 I Input   : injectMotionEvent: MotionEvent { action=ACTION_MOVE, actionButton=0, id[0]=0, x[0]=500.0, y[0]=1944.9, toolType[0]=TOOL_TYPE_UNKNOWN, buttonState=0, metaState=0, flags=0x0, edgeFlags=0x0, pointerCount=1, historySize=0, eventTime=855794447, downTime=855794447, deviceId=0, source=0x1002 }
08-06 05:42:58.054 19404 19404 I Input   : injectMotionEvent: MotionEvent { action=ACTION_MOVE, actionButton=0, id[0]=0, x[0]=500.0, y[0]=1906.9, toolType[0]=TOOL_TYPE_UNKNOWN, buttonState=0, metaState=0, flags=0x0, edgeFlags=0x0, pointerCount=1, historySize=0, eventTime=855794467, downTime=855794467, deviceId=0, source=0x1002 }
08-06 05:42:58.066 19404 19404 I Input   : injectMotionEvent: MotionEvent { action=ACTION_MOVE, actionButton=0, id[0]=0, x[0]=500.0, y[0]=1884.1, toolType[0]=TOOL_TYPE_UNKNOWN, buttonState=0, metaState=0, flags=0x0, edgeFlags=0x0, pointerCount=1, historySize=0, eventTime=855794479, downTime=855794479, deviceId=0, source=0x1002 }
08-06 05:42:58.071 16756 16768 I art     : Explicit concurrent mark sweep GC freed 96(3KB) AllocSpace objects, 0(0B) LOS objects, 7% free, 184MB/200MB, paused 1.713ms total 58.715ms
08-06 05:42:58.082 19404 19404 I Input   : injectMotionEvent: MotionEvent { action=ACTION_MOVE, actionButton=0, id[0]=0, x[0]=500.0, y[0]=1851.8, toolType[0]=TOOL_TYPE_UNKNOWN, buttonState=0, metaState=0, flags=0x0, edgeFlags=0x0, pointerCount=1, historySize=0, eventTime=855794496, downTime=855794496, deviceId=0, source=0x1002 }
08-06 05:42:58.091 16756 16768 I art     : Starting a blocking GC Explicit
08-06 05:42:58.099 19404 19404 I Input   : injectMotionEvent: MotionEvent { action=ACTION_MOVE, actionButton=0, id[0]=0, x[0]=500.0, y[0]=1821.4, toolType[0]=TOOL_TYPE_UNKNOWN, buttonState=0, metaState=0, flags=0x0, edgeFlags=0x0, pointerCount=1, historySize=0, eventTime=855794512, downTime=855794512, deviceId=0, source=0x1002 }
08-06 05:42:58.116 19404 19404 I Input   : injectMotionEvent: MotionEvent { action=ACTION_MOVE, actionButton=0, id[0]=0, x[0]=500.0, y[0]=1789.1, toolType[0]=TOOL_TYPE_UNKNOWN, buttonState=0, metaState=0, flags=0x0, edgeFlags=0x0, pointerCount=1, historySize=0, eventTime=855794529, downTime=855794529, deviceId=0, source=0x1002 }
08-06 05:42:58.132 19404 19404 I Input   : injectMotionEvent: MotionEvent { action=ACTION_MOVE, actionButton=0, id[0]=0, x[0]=500.0, y[0]=1758.7, toolType[0]=TOOL_TYPE_UNKNOWN, buttonState=0, metaState=0, flags=0x0, edgeFlags=0x0, pointerCount=1, historySize=0, eventTime=855794545, downTime=855794545, deviceId=0, source=0x1002 }
08-06 05:42:58.150 16756 16768 I art     : Explicit concurrent mark sweep GC freed 15(608B) AllocSpace objects, 0(0B) LOS objects, 7% free, 184MB/200MB, paused 1.288ms total 58.429ms
08-06 05:42:58.151 19404 19404 I Input   : injectMotionEvent: MotionEvent { action=ACTION_MOVE, actionButton=0, id[0]=0, x[0]=500.0, y[0]=1722.6, toolType[0]=TOOL_TYPE_UNKNOWN, buttonState=0, metaState=0, flags=0x0, edgeFlags=0x0, pointerCount=1, historySize=0, eventTime=855794564, downTime=855794564, deviceId=0, source=0x1002 }
08-06 05:42:58.168 19404 19404 I Input   : injectMotionEvent: MotionEvent { action=ACTION_MOVE, actionButton=0, id[0]=0, x[0]=500.0, y[0]=1690.3, toolType[0]=TOOL_TYPE_UNKNOWN, buttonState=0, metaState=0, flags=0x0, edgeFlags=0x0, pointerCount=1, historySize=0, eventTime=855794581, downTime=855794581, deviceId=0, source=0x1002 }
08-06 05:42:58.172 16756 16768 I art     : Starting a blocking GC Explicit
08-06 05:42:58.183 19404 19404 I Input   : injectMotionEvent: MotionEvent { action=ACTION_MOVE, actionButton=0, id[0]=0, x[0]=500.0, y[0]=1661.8, toolType[0]=TOOL_TYPE_UNKNOWN, buttonState=0, metaState=0, flags=0x0, edgeFlags=0x0, pointerCount=1, historySize=0, eventTime=855794596, downTime=855794596, deviceId=0, source=0x1002 }
08-06 05:42:58.199 19404 19404 I Input   : injectMotionEvent: MotionEvent { action=ACTION_MOVE, actionButton=0, id[0]=0, x[0]=500.0, y[0]=1631.4, toolType[0]=TOOL_TYPE_UNKNOWN, buttonState=0, metaState=0, flags=0x0, edgeFlags=0x0, pointerCount=1, historySize=0, eventTime=855794612, downTime=855794612, deviceId=0, source=0x1002 }
08-06 05:42:58.216 19404 19404 I Input   : injectMotionEvent: MotionEvent { action=ACTION_MOVE, actionButton=0, id[0]=0, x[0]=500.0, y[0]=1599.1, toolType[0]=TOOL_TYPE_UNKNOWN, buttonState=0, metaState=0, flags=0x0, edgeFlags=0x0, pointerCount=1, historySize=0, eventTime=855794629, downTime=855794629, deviceId=0, source=0x1002 }
08-06 05:42:58.232 19404 19404 I Input   : injectMotionEvent: MotionEvent { action=ACTION_MOVE, actionButton=0, id[0]=0, x[0]=500.0, y[0]=1566.8, toolType[0]=TOOL_TYPE_UNKNOWN, buttonState=0, metaState=0, flags=0x0, edgeFlags=0x0, pointerCount=1, historySize=0, eventTime=855794646, downTime=855794646, deviceId=0, source=0x1002 }
08-06 05:42:58.235 16756 16768 I art     : Explicit concurrent mark sweep GC freed 16(672B) AllocSpace objects, 0(0B) LOS objects, 7% free, 184MB/200MB, paused 1.404ms total 62.693ms
08-06 05:42:58.250 19404 19404 I Input   : injectMotionEvent: MotionEvent { action=ACTION_MOVE, actionButton=0, id[0]=0, x[0]=500.0, y[0]=1534.5, toolType[0]=TOOL_TYPE_UNKNOWN, buttonState=0, metaState=0, flags=0x0, edgeFlags=0x0, pointerCount=1, historySize=0, eventTime=855794663, downTime=855794663, deviceId=0, source=0x1002 }
08-06 05:42:58.255 16756 16768 I art     : Starting a blocking GC Explicit
08-06 05:42:58.266 19404 19404 I Input   : injectMotionEvent: MotionEvent { action=ACTION_MOVE, actionButton=0, id[0]=0, x[0]=500.0, y[0]=1504.1, toolType[0]=TOOL_TYPE_UNKNOWN, buttonState=0, metaState=0, flags=0x0, edgeFlags=0x0, pointerCount=1, historySize=0, eventTime=855794679, downTime=855794679, deviceId=0, source=0x1002 }
08-06 05:42:58.282 19404 19404 I Input   : injectMotionEvent: MotionEvent { action=ACTION_MOVE, actionButton=0, id[0]=0, x[0]=500.0, y[0]=1471.8, toolType[0]=TOOL_TYPE_UNKNOWN, buttonState=0, metaState=0, flags=0x0, edgeFlags=0x0, pointerCount=1, historySize=0, eventTime=855794696, downTime=855794696, deviceId=0, source=0x1002 }
08-06 05:42:58.299 19404 19404 I Input   : injectMotionEvent: MotionEvent { action=ACTION_MOVE, actionButton=0, id[0]=0, x[0]=500.0, y[0]=1439.5, toolType[0]=TOOL_TYPE_UNKNOWN, buttonState=0, metaState=0, flags=0x0, edgeFlags=0x0, pointerCount=1, historySize=0, eventTime=855794713, downTime=855794713, deviceId=0, source=0x1002 }
08-06 05:42:58.315 16756 16768 I art     : Explicit concurrent mark sweep GC freed 3(96B) AllocSpace objects, 0(0B) LOS objects, 7% free, 184MB/200MB, paused 1.668ms total 59.043ms
08-06 05:42:58.316 19404 19404 I Input   : injectMotionEvent: MotionEvent { action=ACTION_MOVE, actionButton=0, id[0]=0, x[0]=500.0, y[0]=1409.1001, toolType[0]=TOOL_TYPE_UNKNOWN, buttonState=0, metaState=0, flags=0x0, edgeFlags=0x0, pointerCount=1, historySize=0, eventTime=855794729, downTime=855794729, deviceId=0, source=0x1002 }
08-06 05:42:58.333 19404 19404 I Input   : injectMotionEvent: MotionEvent { action=ACTION_MOVE, actionButton=0, id[0]=0, x[0]=500.0, y[0]=1376.8, toolType[0]=TOOL_TYPE_UNKNOWN, buttonState=0, metaState=0, flags=0x0, edgeFlags=0x0, pointerCount=1, historySize=0, eventTime=855794746, downTime=855794746, deviceId=0, source=0x1002 }
08-06 05:42:58.349 19404 19404 I Input   : injectMotionEvent: MotionEvent { action=ACTION_MOVE, actionButton=0, id[0]=0, x[0]=500.0, y[0]=1344.5, toolType[0]=TOOL_TYPE_UNKNOWN, buttonState=0, metaState=0, flags=0x0, edgeFlags=0x0, pointerCount=1, historySize=0, eventTime=855794763, downTime=855794763, deviceId=0, source=0x1002 }
08-06 05:42:58.366 19404 19404 I Input   : injectMotionEvent: MotionEvent { action=ACTION_MOVE, actionButton=0, id[0]=0, x[0]=500.0, y[0]=1314.1, toolType[0]=TOOL_TYPE_UNKNOWN, buttonState=0, metaState=0, flags=0x0, edgeFlags=0x0, pointerCount=1, historySize=0, eventTime=855794779, downTime=855794779, deviceId=0, source=0x1002 }
08-06 05:42:58.382 19404 19404 I Input   : injectMotionEvent: MotionEvent { action=ACTION_MOVE, actionButton=0, id[0]=0, x[0]=500.0, y[0]=1281.8, toolType[0]=TOOL_TYPE_UNKNOWN, buttonState=0, metaState=0, flags=0x0, edgeFlags=0x0, pointerCount=1, historySize=0, eventTime=855794796, downTime=855794796, deviceId=0, source=0x1002 }
08-06 05:42:58.402 19404 19404 I Input   : injectMotionEvent: MotionEvent { action=ACTION_MOVE, actionButton=0, id[0]=0, x[0]=500.0, y[0]=1245.7, toolType[0]=TOOL_TYPE_UNKNOWN, buttonState=0, metaState=0, flags=0x0, edgeFlags=0x0, pointerCount=1, historySize=0, eventTime=855794815, downTime=855794815, deviceId=0, source=0x1002 }
08-06 05:42:58.417 19404 19404 I Input   : injectMotionEvent: MotionEvent { action=ACTION_MOVE, actionButton=0, id[0]=0, x[0]=500.0, y[0]=1217.2, toolType[0]=TOOL_TYPE_UNKNOWN, buttonState=0, metaState=0, flags=0x0, edgeFlags=0x0, pointerCount=1, historySize=0, eventTime=855794830, downTime=855794830, deviceId=0, source=0x1002 }
08-06 05:42:58.495 19404 19404 I Input   : injectMotionEvent: MotionEvent { action=ACTION_MOVE, actionButton=0, id[0]=0, x[0]=500.0, y[0]=1069.0, toolType[0]=TOOL_TYPE_UNKNOWN, buttonState=0, metaState=0, flags=0x0, edgeFlags=0x0, pointerCount=1, historySize=0, eventTime=855794908, downTime=855794908, deviceId=0, source=0x1002 }
08-06 05:42:58.553 19404 19404 I Input   : injectMotionEvent: MotionEvent { action=ACTION_MOVE, actionButton=0, id[0]=0, x[0]=500.0, y[0]=956.8999, toolType[0]=TOOL_TYPE_UNKNOWN, buttonState=0, metaState=0, flags=0x0, edgeFlags=0x0, pointerCount=1, historySize=0, eventTime=855794967, downTime=855794967, deviceId=0, source=0x1002 }
08-06 05:42:58.623 19404 19404 I Input   : injectMotionEvent: MotionEvent { action=ACTION_MOVE, actionButton=0, id[0]=0, x[0]=500.0, y[0]=825.80005, toolType[0]=TOOL_TYPE_UNKNOWN, buttonState=0, metaState=0, flags=0x0, edgeFlags=0x0, pointerCount=1, historySize=0, eventTime=855795036, downTime=855795036, deviceId=0, source=0x1002 }
08-06 05:42:58.680 19404 19404 I Input   : injectMotionEvent: MotionEvent { action=ACTION_MOVE, actionButton=0, id[0]=0, x[0]=500.0, y[0]=717.5, toolType[0]=TOOL_TYPE_UNKNOWN, buttonState=0, metaState=0, flags=0x0, edgeFlags=0x0, pointerCount=1, historySize=0, eventTime=855795093, downTime=855795093, deviceId=0, source=0x1002 }
08-06 05:42:58.726 16756 16768 I art     : Starting a blocking GC Explicit
08-06 05:42:58.743 19404 19404 I Input   : injectMotionEvent: MotionEvent { action=ACTION_MOVE, actionButton=0, id[0]=0, x[0]=500.0, y[0]=597.80005, toolType[0]=TOOL_TYPE_UNKNOWN, buttonState=0, metaState=0, flags=0x0, edgeFlags=0x0, pointerCount=1, historySize=0, eventTime=855795156, downTime=855795156, deviceId=0, source=0x1002 }
08-06 05:42:58.783 16756 16768 I art     : Explicit concurrent mark sweep GC freed 1635(93KB) AllocSpace objects, 2(48KB) LOS objects, 7% free, 184MB/200MB, paused 1.459ms total 56.349ms
08-06 05:42:58.806 16756 16768 I art     : Starting a blocking GC Explicit
08-06 05:42:58.808 19404 19404 I Input   : injectMotionEvent: MotionEvent { action=ACTION_MOVE, actionButton=0, id[0]=0, x[0]=500.0, y[0]=474.30005, toolType[0]=TOOL_TYPE_UNKNOWN, buttonState=0, metaState=0, flags=0x0, edgeFlags=0x0, pointerCount=1, historySize=0, eventTime=855795221, downTime=855795221, deviceId=0, source=0x1002 }
08-06 05:42:58.855 16756 16768 I art     : Explicit concurrent mark sweep GC freed 28(1024B) AllocSpace objects, 0(0B) LOS objects, 7% free, 184MB/200MB, paused 1.519ms total 48.357ms
08-06 05:42:58.871 19404 19404 I Input   : injectMotionEvent: MotionEvent { action=ACTION_MOVE, actionButton=0, id[0]=0, x[0]=500.0, y[0]=352.70007, toolType[0]=TOOL_TYPE_UNKNOWN, buttonState=0, metaState=0, flags=0x0, edgeFlags=0x0, pointerCount=1, historySize=0, eventTime=855795285, downTime=855795285, deviceId=0, source=0x1002 }
08-06 05:42:58.879 16756 16768 I art     : Starting a blocking GC Explicit
08-06 05:42:58.930 16756 16768 I art     : Explicit concurrent mark sweep GC freed 8(256B) AllocSpace objects, 0(0B) LOS objects, 7% free, 184MB/200MB, paused 1.483ms total 51.320ms
08-06 05:42:58.948 16756 16768 I art     : Starting a blocking GC Explicit
08-06 05:42:58.967 19404 19404 I Input   : injectMotionEvent: MotionEvent { action=ACTION_MOVE, actionButton=0, id[0]=0, x[0]=500.0, y[0]=170.30005, toolType[0]=TOOL_TYPE_UNKNOWN, buttonState=0, metaState=0, flags=0x0, edgeFlags=0x0, pointerCount=1, historySize=0, eventTime=855795381, downTime=855795381, deviceId=0, source=0x1002 }
08-06 05:42:59.004 16756 16768 I art     : Explicit concurrent mark sweep GC freed 17(816B) AllocSpace objects, 0(0B) LOS objects, 7% free, 184MB/200MB, paused 1.424ms total 55.658ms
08-06 05:42:59.006 19404 19404 I Input   : injectMotionEvent: MotionEvent { action=ACTION_UP, actionButton=0, id[0]=0, x[0]=500.0, y[0]=100.0, toolType[0]=TOOL_TYPE_UNKNOWN, buttonState=0, metaState=0, flags=0x0, edgeFlags=0x0, pointerCount=1, historySize=0, eventTime=855795420, downTime=855795420, deviceId=0, source=0x1002 }
08-06 05:42:59.023 16756 16768 I art     : Starting a blocking GC Explicit
08-06 05:42:59.025 17187 17187 I Atfwd_Sendcmd: AtCmdFwd service not ready - Exhausted retry attempts - :6
08-06 05:42:59.025 17187 17187 I Atfwd_Daemon: result : -1 	 ,Init step :2 	 ,qmiErrorCode: 0
08-06 05:42:59.046 19404 19404 D AndroidRuntime: Shutting down VM
08-06 05:42:59.077 16756 16768 I art     : Explicit concurrent mark sweep GC freed 18(800B) AllocSpace objects, 0(0B) LOS objects, 7% free, 184MB/200MB, paused 1.458ms total 53.928ms
08-06 05:42:59.484 16756 16821 I art     : Starting a blocking GC Explicit
08-06 05:42:59.535 16756 16821 I art     : Explicit concurrent mark sweep GC freed 1629(93KB) AllocSpace objects, 2(48KB) LOS objects, 7% free, 184MB/200MB, paused 1.259ms total 50.832ms
08-06 05:42:59.535 16756 16766 I art     : WaitForGcToComplete blocked for 24.665ms for cause HeapTrim
08-06 05:42:59.555 16756 16821 I art     : Starting a blocking GC Explicit
08-06 05:42:59.605 16756 16821 I art     : Explicit concurrent mark sweep GC freed 32(1152B) AllocSpace objects, 0(0B) LOS objects, 7% free, 184MB/200MB, paused 1.239ms total 49.578ms
08-06 05:42:59.627 16756 16821 I art     : Starting a blocking GC Explicit
08-06 05:42:59.681 16756 16821 I art     : Explicit concurrent mark sweep GC freed 5(160B) AllocSpace objects, 0(0B) LOS objects, 7% free, 184MB/200MB, paused 1.281ms total 52.770ms
08-06 05:42:59.701 16756 16821 I art     : Starting a blocking GC Explicit
08-06 05:42:59.745   518   646 I ThermalEngine: ACTION: GPU - Setting GPU[0] to 390000000
08-06 05:42:59.765 16756 16821 I art     : Explicit concurrent mark sweep GC freed 3(96B) AllocSpace objects, 0(0B) LOS objects, 7% free, 184MB/200MB, paused 1.726ms total 63.449ms
08-06 05:42:59.787 16756 16821 I art     : Starting a blocking GC Explicit
08-06 05:42:59.834 19450 19450 D AndroidRuntime: >>>>>> START com.android.internal.os.RuntimeInit uid 2000 <<<<<<
08-06 05:42:59.840 19450 19450 D AndroidRuntime: CheckJNI is OFF
08-06 05:42:59.849 16756 16821 I art     : Explicit concurrent mark sweep GC freed 3(96B) AllocSpace objects, 0(0B) LOS objects, 7% free, 184MB/200MB, paused 1.909ms total 60.773ms
08-06 05:42:59.898 19450 19450 D ICU     : No timezone override file found: /data/misc/zoneinfo/current/icu/icu_tzdata.dat
08-06 05:42:59.943 19450 19450 I Radio-JNI: register_android_hardware_Radio DONE
08-06 05:42:59.975 19450 19450 D AndroidRuntime: Calling main entry com.android.commands.input.Input
08-06 05:42:59.978 19450 19450 I Input   : injectMotionEvent: MotionEvent { action=ACTION_DOWN, actionButton=0, id[0]=0, x[0]=500.0, y[0]=2000.0, toolType[0]=TOOL_TYPE_UNKNOWN, buttonState=0, metaState=0, flags=0x0, edgeFlags=0x0, pointerCount=1, historySize=0, eventTime=855796391, downTime=855796391, deviceId=0, source=0x1002 }
08-06 05:42:59.985 19450 19450 I Input   : injectMotionEvent: MotionEvent { action=ACTION_MOVE, actionButton=0, id[0]=0, x[0]=500.0, y[0]=2000.0, toolType[0]=TOOL_TYPE_UNKNOWN, buttonState=0, metaState=0, flags=0x0, edgeFlags=0x0, pointerCount=1, historySize=0, eventTime=855796391, downTime=855796391, deviceId=0, source=0x1002 }
08-06 05:43:00.003 19450 19450 I Input   : injectMotionEvent: MotionEvent { action=ACTION_MOVE, actionButton=0, id[0]=0, x[0]=500.0, y[0]=1952.5, toolType[0]=TOOL_TYPE_UNKNOWN, buttonState=0, metaState=0, flags=0x0, edgeFlags=0x0, pointerCount=1, historySize=0, eventTime=855796416, downTime=855796416, deviceId=0, source=0x1002 }
08-06 05:43:00.018 19450 19450 I Input   : injectMotionEvent: MotionEvent { action=ACTION_MOVE, actionButton=0, id[0]=0, x[0]=500.0, y[0]=1924.0, toolType[0]=TOOL_TYPE_UNKNOWN, buttonState=0, metaState=0, flags=0x0, edgeFlags=0x0, pointerCount=1, historySize=0, eventTime=855796431, downTime=855796431, deviceId=0, source=0x1002 }
08-06 05:43:00.035 19450 19450 I Input   : injectMotionEvent: MotionEvent { action=ACTION_MOVE, actionButton=0, id[0]=0, x[0]=500.0, y[0]=1889.8, toolType[0]=TOOL_TYPE_UNKNOWN, buttonState=0, metaState=0, flags=0x0, edgeFlags=0x0, pointerCount=1, historySize=0, eventTime=855796449, downTime=855796449, deviceId=0, source=0x1002 }
08-06 05:43:00.079 19450 19450 I Input   : injectMotionEvent: MotionEvent { action=ACTION_MOVE, actionButton=0, id[0]=0, x[0]=500.0, y[0]=1806.2, toolType[0]=TOOL_TYPE_UNKNOWN, buttonState=0, metaState=0, flags=0x0, edgeFlags=0x0, pointerCount=1, historySize=0, eventTime=855796493, downTime=855796493, deviceId=0, source=0x1002 }
08-06 05:43:00.119 19450 19450 I Input   : injectMotionEvent: MotionEvent { action=ACTION_MOVE, actionButton=0, id[0]=0, x[0]=500.0, y[0]=1732.1, toolType[0]=TOOL_TYPE_UNKNOWN, buttonState=0, metaState=0, flags=0x0, edgeFlags=0x0, pointerCount=1, historySize=0, eventTime=855796532, downTime=855796532, deviceId=0, source=0x1002 }
08-06 05:43:00.167 19450 19450 I Input   : injectMotionEvent: MotionEvent { action=ACTION_MOVE, actionButton=0, id[0]=0, x[0]=500.0, y[0]=1640.9, toolType[0]=TOOL_TYPE_UNKNOWN, buttonState=0, metaState=0, flags=0x0, edgeFlags=0x0, pointerCount=1, historySize=0, eventTime=855796580, downTime=855796580, deviceId=0, source=0x1002 }
08-06 05:43:00.208 19450 19450 I Input   : injectMotionEvent: MotionEvent { action=ACTION_MOVE, actionButton=0, id[0]=0, x[0]=500.0, y[0]=1563.0, toolType[0]=TOOL_TYPE_UNKNOWN, buttonState=0, metaState=0, flags=0x0, edgeFlags=0x0, pointerCount=1, historySize=0, eventTime=855796621, downTime=855796621, deviceId=0, source=0x1002 }
08-06 05:43:00.247 19450 19450 I Input   : injectMotionEvent: MotionEvent { action=ACTION_MOVE, actionButton=0, id[0]=0, x[0]=500.0, y[0]=1487.0, toolType[0]=TOOL_TYPE_UNKNOWN, buttonState=0, metaState=0, flags=0x0, edgeFlags=0x0, pointerCount=1, historySize=0, eventTime=855796661, downTime=855796661, deviceId=0, source=0x1002 }
08-06 05:43:00.285 19450 19450 I Input   : injectMotionEvent: MotionEvent { action=ACTION_MOVE, actionButton=0, id[0]=0, x[0]=500.0, y[0]=1414.8, toolType[0]=TOOL_TYPE_UNKNOWN, buttonState=0, metaState=0, flags=0x0, edgeFlags=0x0, pointerCount=1, historySize=0, eventTime=855796699, downTime=855796699, deviceId=0, source=0x1002 }
08-06 05:43:00.322 19450 19450 I Input   : injectMotionEvent: MotionEvent { action=ACTION_MOVE, actionButton=0, id[0]=0, x[0]=500.0, y[0]=1344.5, toolType[0]=TOOL_TYPE_UNKNOWN, buttonState=0, metaState=0, flags=0x0, edgeFlags=0x0, pointerCount=1, historySize=0, eventTime=855796736, downTime=855796736, deviceId=0, source=0x1002 }
08-06 05:43:00.339 16756 17031 I art     : Starting a blocking GC Explicit
08-06 05:43:00.359 19450 19450 I Input   : injectMotionEvent: MotionEvent { action=ACTION_MOVE, actionButton=0, id[0]=0, x[0]=500.0, y[0]=1274.2, toolType[0]=TOOL_TYPE_UNKNOWN, buttonState=0, metaState=0, flags=0x0, edgeFlags=0x0, pointerCount=1, historySize=0, eventTime=855796773, downTime=855796773, deviceId=0, source=0x1002 }
08-06 05:43:00.401 19450 19450 I Input   : injectMotionEvent: MotionEvent { action=ACTION_MOVE, actionButton=0, id[0]=0, x[0]=500.0, y[0]=1196.3, toolType[0]=TOOL_TYPE_UNKNOWN, buttonState=0, metaState=0, flags=0x0, edgeFlags=0x0, pointerCount=1, historySize=0, eventTime=855796814, downTime=855796814, deviceId=0, source=0x1002 }
08-06 05:43:00.415 16756 17031 I art     : Explicit concurrent mark sweep GC freed 1627(93KB) AllocSpace objects, 2(48KB) LOS objects, 7% free, 184MB/200MB, paused 1.733ms total 75.500ms
08-06 05:43:00.439 19450 19450 I Input   : injectMotionEvent: MotionEvent { action=ACTION_MOVE, actionButton=0, id[0]=0, x[0]=500.0, y[0]=1122.2, toolType[0]=TOOL_TYPE_UNKNOWN, buttonState=0, metaState=0, flags=0x0, edgeFlags=0x0, pointerCount=1, historySize=0, eventTime=855796853, downTime=855796853, deviceId=0, source=0x1002 }
08-06 05:43:00.443 16756 17031 I art     : Starting a blocking GC Explicit
08-06 05:43:00.482 19450 19450 I Input   : injectMotionEvent: MotionEvent { action=ACTION_MOVE, actionButton=0, id[0]=0, x[0]=500.0, y[0]=1040.5, toolType[0]=TOOL_TYPE_UNKNOWN, buttonState=0, metaState=0, flags=0x0, edgeFlags=0x0, pointerCount=1, historySize=0, eventTime=855796896, downTime=855796896, deviceId=0, source=0x1002 }
08-06 05:43:00.507 16756 17031 I art     : Explicit concurrent mark sweep GC freed 69(2144B) AllocSpace objects, 0(0B) LOS objects, 7% free, 184MB/200MB, paused 1.930ms total 63.131ms
08-06 05:43:00.522 19450 19450 I Input   : injectMotionEvent: MotionEvent { action=ACTION_MOVE, actionButton=0, id[0]=0, x[0]=500.0, y[0]=966.3999, toolType[0]=TOOL_TYPE_UNKNOWN, buttonState=0, metaState=0, flags=0x0, edgeFlags=0x0, pointerCount=1, historySize=0, eventTime=855796935, downTime=855796935, deviceId=0, source=0x1002 }
08-06 05:43:00.530 16756 17031 I art     : Starting a blocking GC Explicit
08-06 05:43:00.562 19450 19450 I Input   : injectMotionEvent: MotionEvent { action=ACTION_MOVE, actionButton=0, id[0]=0, x[0]=500.0, y[0]=890.4, toolType[0]=TOOL_TYPE_UNKNOWN, buttonState=0, metaState=0, flags=0x0, edgeFlags=0x0, pointerCount=1, historySize=0, eventTime=855796975, downTime=855796975, deviceId=0, source=0x1002 }
08-06 05:43:00.597 16756 17031 I art     : Explicit concurrent mark sweep GC freed 7(224B) AllocSpace objects, 0(0B) LOS objects, 7% free, 184MB/200MB, paused 1.808ms total 62.976ms
08-06 05:43:00.600 19450 19450 I Input   : injectMotionEvent: MotionEvent { action=ACTION_MOVE, actionButton=0, id[0]=0, x[0]=500.0, y[0]=818.2001, toolType[0]=TOOL_TYPE_UNKNOWN, buttonState=0, metaState=0, flags=0x0, edgeFlags=0x0, pointerCount=1, historySize=0, eventTime=855797013, downTime=855797013, deviceId=0, source=0x1002 }
08-06 05:43:00.622 16756 17031 I art     : Starting a blocking GC Explicit
08-06 05:43:00.640 19450 19450 I Input   : injectMotionEvent: MotionEvent { action=ACTION_MOVE, actionButton=0, id[0]=0, x[0]=500.0, y[0]=740.30005, toolType[0]=TOOL_TYPE_UNKNOWN, buttonState=0, metaState=0, flags=0x0, edgeFlags=0x0, pointerCount=1, historySize=0, eventTime=855797054, downTime=855797054, deviceId=0, source=0x1002 }
08-06 05:43:00.679 19450 19450 I Input   : injectMotionEvent: MotionEvent { action=ACTION_MOVE, actionButton=0, id[0]=0, x[0]=500.0, y[0]=666.19995, toolType[0]=TOOL_TYPE_UNKNOWN, buttonState=0, metaState=0, flags=0x0, edgeFlags=0x0, pointerCount=1, historySize=0, eventTime=855797093, downTime=855797093, deviceId=0, source=0x1002 }
08-06 05:43:00.688 16756 17031 I art     : Explicit concurrent mark sweep GC freed 10(320B) AllocSpace objects, 0(0B) LOS objects, 7% free, 184MB/200MB, paused 1.869ms total 65.311ms
08-06 05:43:00.713 16756 17031 I art     : Starting a blocking GC Explicit
08-06 05:43:00.721 19450 19450 I Input   : injectMotionEvent: MotionEvent { action=ACTION_MOVE, actionButton=0, id[0]=0, x[0]=500.0, y[0]=588.30005, toolType[0]=TOOL_TYPE_UNKNOWN, buttonState=0, metaState=0, flags=0x0, edgeFlags=0x0, pointerCount=1, historySize=0, eventTime=855797134, downTime=855797134, deviceId=0, source=0x1002 }
08-06 05:43:00.759 19450 19450 I Input   : injectMotionEvent: MotionEvent { action=ACTION_MOVE, actionButton=0, id[0]=0, x[0]=500.0, y[0]=516.1, toolType[0]=TOOL_TYPE_UNKNOWN, buttonState=0, metaState=0, flags=0x0, edgeFlags=0x0, pointerCount=1, historySize=0, eventTime=855797172, downTime=855797172, deviceId=0, source=0x1002 }
08-06 05:43:00.787 16756 17031 I art     : Explicit concurrent mark sweep GC freed 24(1040B) AllocSpace objects, 0(0B) LOS objects, 7% free, 184MB/200MB, paused 1.850ms total 74.191ms
08-06 05:43:00.795 19450 19450 I Input   : injectMotionEvent: MotionEvent { action=ACTION_MOVE, actionButton=0, id[0]=0, x[0]=500.0, y[0]=447.70007, toolType[0]=TOOL_TYPE_UNKNOWN, buttonState=0, metaState=0, flags=0x0, edgeFlags=0x0, pointerCount=1, historySize=0, eventTime=855797208, downTime=855797208, deviceId=0, source=0x1002 }
08-06 05:43:00.837 19450 19450 I Input   : injectMotionEvent: MotionEvent { action=ACTION_MOVE, actionButton=0, id[0]=0, x[0]=500.0, y[0]=367.8999, toolType[0]=TOOL_TYPE_UNKNOWN, buttonState=0, metaState=0, flags=0x0, edgeFlags=0x0, pointerCount=1, historySize=0, eventTime=855797250, downTime=855797250, deviceId=0, source=0x1002 }
08-06 05:43:00.841 24365  4416 I NetworkScheduler.Stats: Task com.google.android.instantapps.supervisor/ started execution. cause:4 exec_start_elapsed_seconds: 1839184 [CONTEXT service_id=218 ]
08-06 05:43:00.872 24365 24456 E awgp    : Exception occurred while getting SettingsStore instance.
08-06 05:43:00.872 24365 24456 E awgp    : java.util.concurrent.ExecutionException: com.google.android.gms.auth.UserRecoverableAuthException: BadAuthentication
08-06 05:43:00.872 24365 24456 E awgp    : 	at brqx.a(:com.google.android.gms@202614019@20.26.14 (040400-320008519):19)
08-06 05:43:00.872 24365 24456 E awgp    : 	at brqx.get(:com.google.android.gms@202614019@20.26.14 (040400-320008519):13)
08-06 05:43:00.872 24365 24456 E awgp    : 	at awgp.b(:com.google.android.gms@202614019@20.26.14 (040400-320008519):3)
08-06 05:43:00.872 24365 24456 E awgp    : 	at awgp.a(:com.google.android.gms@202614019@20.26.14 (040400-320008519):22)
08-06 05:43:00.872 24365 24456 E awgp    : 	at awcc.a(:com.google.android.gms@202614019@20.26.14 (040400-320008519):4)
08-06 05:43:00.872 24365 24456 E awgp    : 	at awcc.a(:com.google.android.gms@202614019@20.26.14 (040400-320008519):66)
08-06 05:43:00.872 24365 24456 E awgp    : 	at zwo.run(:com.google.android.gms@202614019@20.26.14 (040400-320008519):9)
08-06 05:43:00.872 24365 24456 E awgp    : 	at bmvl.run(:com.google.android.gms@202614019@20.26.14 (040400-320008519):2)
08-06 05:43:00.872 24365 24456 E awgp    : 	at skp.b(:com.google.android.gms@202614019@20.26.14 (040400-320008519):12)
08-06 05:43:00.872 24365 24456 E awgp    : 	at skp.run(:com.google.android.gms@202614019@20.26.14 (040400-320008519):7)
08-06 05:43:00.872 24365 24456 E awgp    : 	at java.util.concurrent.ThreadPoolExecutor.runWorker(ThreadPoolExecutor.java:1113)
08-06 05:43:00.872 24365 24456 E awgp    : 	at java.util.concurrent.ThreadPoolExecutor$Worker.run(ThreadPoolExecutor.java:588)
08-06 05:43:00.872 24365 24456 E awgp    : 	at sql.run(:com.google.android.gms@202614019@20.26.14 (040400-320008519):0)
08-06 05:43:00.872 24365 24456 E awgp    : 	at java.lang.Thread.run(Thread.java:818)
08-06 05:43:00.872 24365 24456 E awgp    : Caused by: com.google.android.gms.auth.UserRecoverableAuthException: BadAuthentication
08-06 05:43:00.872 24365 24456 E awgp    : 	at fww.a(:com.google.android.gms@202614019@20.26.14 (040400-320008519):3)
08-06 05:43:00.872 24365 24456 E awgp    : 	at fwq.a(:com.google.android.gms@202614019@20.26.14 (040400-320008519))
08-06 05:43:00.872 24365 24456 E awgp    : 	at fww.a(:com.google.android.gms@202614019@20.26.14 (040400-320008519):8)
08-06 05:43:00.872 24365 24456 E awgp    : 	at fww.c(:com.google.android.gms@202614019@20.26.14 (040400-320008519):15)
08-06 05:43:00.872 24365 24456 E awgp    : 	at fww.b(:com.google.android.gms@202614019@20.26.14 (040400-320008519):1)
08-06 05:43:00.872 24365 24456 E awgp    : 	at fww.b(:com.google.android.gms@202614019@20.26.14 (040400-320008519):2)
08-06 05:43:00.872 24365 24456 E awgp    : 	at fww.f(:com.google.android.gms@202614019@20.26.14 (040400-320008519))
08-06 05:43:00.872 24365 24456 E awgp    : 	at awhc.call(Unknown Source)
08-06 05:43:00.872 24365 24456 E awgp    : 	at bruk.b(:com.google.android.gms@202614019@20.26.14 (040400-320008519):0)
08-06 05:43:00.872 24365 24456 E awgp    : 	at brtk.run(:com.google.android.gms@202614019@20.26.14 (040400-320008519):3)
08-06 05:43:00.872 24365 24456 E awgp    : 	at brul.run(:com.google.android.gms@202614019@20.26.14 (040400-320008519):0)
08-06 05:43:00.872 24365 24456 E awgp    : 	at brts.execute(:com.google.android.gms@202614019@20.26.14 (040400-320008519):5)
08-06 05:43:00.872 24365 24456 E awgp    : 	at java.util.concurrent.AbstractExecutorService.submit(AbstractExecutorService.java:104)
08-06 05:43:00.872 24365 24456 E awgp    : 	at brqy.b(:com.google.android.gms@202614019@20.26.14 (040400-320008519))
08-06 05:43:00.872 24365 24456 E awgp    : 	at awhd.a(:com.google.android.gms@202614019@20.26.14 (040400-320008519):7)
08-06 05:43:00.872 24365 24456 E awgp    : 	at awcc.a(:com.google.android.gms@202614019@20.26.14 (040400-320008519):3)
08-06 05:43:00.872 24365 24456 E awgp    : 	... 9 more
08-06 05:43:00.882 19450 19450 I Input   : injectMotionEvent: MotionEvent { action=ACTION_MOVE, actionButton=0, id[0]=0, x[0]=500.0, y[0]=282.40002, toolType[0]=TOOL_TYPE_UNKNOWN, buttonState=0, metaState=0, flags=0x0, edgeFlags=0x0, pointerCount=1, historySize=0, eventTime=855797295, downTime=855797295, deviceId=0, source=0x1002 }
08-06 05:43:00.918 19450 19450 I Input   : injectMotionEvent: MotionEvent { action=ACTION_MOVE, actionButton=0, id[0]=0, x[0]=500.0, y[0]=214.0, toolType[0]=TOOL_TYPE_UNKNOWN, buttonState=0, metaState=0, flags=0x0, edgeFlags=0x0, pointerCount=1, historySize=0, eventTime=855797331, downTime=855797331, deviceId=0, source=0x1002 }
08-06 05:43:00.921 24365  4416 I NetworkScheduler.Stats: Task com.google.android.instantapps.supervisor/ finished executing. cause:4 result: 1 elapsed_millis: 85 uptime_millis: 85 exec_start_elapsed_seconds: 1839184 [CONTEXT service_id=218 ]
08-06 05:43:00.956 19450 19450 I Input   : injectMotionEvent: MotionEvent { action=ACTION_MOVE, actionButton=0, id[0]=0, x[0]=500.0, y[0]=139.90002, toolType[0]=TOOL_TYPE_UNKNOWN, buttonState=0, metaState=0, flags=0x0, edgeFlags=0x0, pointerCount=1, historySize=0, eventTime=855797370, downTime=855797370, deviceId=0, source=0x1002 }
08-06 05:43:00.995 19450 19450 I Input   : injectMotionEvent: MotionEvent { action=ACTION_UP, actionButton=0, id[0]=0, x[0]=500.0, y[0]=100.0, toolType[0]=TOOL_TYPE_UNKNOWN, buttonState=0, metaState=0, flags=0x0, edgeFlags=0x0, pointerCount=1, historySize=0, eventTime=855797408, downTime=855797408, deviceId=0, source=0x1002 }
08-06 05:43:01.034 19450 19450 D AndroidRuntime: Shutting down VM
08-06 05:43:01.245 16756 16769 I art     : Starting a blocking GC Explicit
08-06 05:43:01.319 16756 16769 I art     : Explicit concurrent mark sweep GC freed 1620(93KB) AllocSpace objects, 2(48KB) LOS objects, 7% free, 184MB/200MB, paused 2.110ms total 72.303ms
08-06 05:43:01.344 16756 16769 I art     : Starting a blocking GC Explicit
08-06 05:43:01.412 16756 16769 I art     : Explicit concurrent mark sweep GC freed 30(1104B) AllocSpace objects, 0(0B) LOS objects, 7% free, 184MB/200MB, paused 2.046ms total 68.050ms
08-06 05:43:01.438 16756 16769 I art     : Starting a blocking GC Explicit
08-06 05:43:01.507 16756 16769 I art     : Explicit concurrent mark sweep GC freed 40(1088B) AllocSpace objects, 0(0B) LOS objects, 7% free, 184MB/200MB, paused 1.974ms total 68.500ms
08-06 05:43:01.533 16756 16769 I art     : Starting a blocking GC Explicit
08-06 05:43:01.603 16756 16769 I art     : Explicit concurrent mark sweep GC freed 3(96B) AllocSpace objects, 0(0B) LOS objects, 7% free, 184MB/200MB, paused 1.987ms total 69.337ms
08-06 05:43:01.629 16756 16769 I art     : Starting a blocking GC Explicit
08-06 05:43:01.699 16756 16769 I art     : Explicit concurrent mark sweep GC freed 3(96B) AllocSpace objects, 0(0B) LOS objects, 7% free, 184MB/200MB, paused 2.051ms total 69.465ms
08-06 05:43:01.919 19493 19493 D AndroidRuntime: >>>>>> START com.android.internal.os.RuntimeInit uid 2000 <<<<<<
08-06 05:43:01.925 19493 19493 D AndroidRuntime: CheckJNI is OFF
08-06 05:43:01.975 19493 19493 D ICU     : No timezone override file found: /data/misc/zoneinfo/current/icu/icu_tzdata.dat
08-06 05:43:02.022 19493 19493 I Radio-JNI: register_android_hardware_Radio DONE
08-06 05:43:02.055 19493 19493 D AndroidRuntime: Calling main entry com.android.commands.input.Input
08-06 05:43:02.058 19493 19493 I Input   : injectMotionEvent: MotionEvent { action=ACTION_DOWN, actionButton=0, id[0]=0, x[0]=657.0, y[0]=2080.0, toolType[0]=TOOL_TYPE_UNKNOWN, buttonState=0, metaState=0, flags=0x0, edgeFlags=0x0, pointerCount=1, historySize=0, eventTime=855798470, downTime=855798470, deviceId=0, source=0x1002 }
08-06 05:43:02.063 19493 19493 I Input   : injectMotionEvent: MotionEvent { action=ACTION_UP, actionButton=0, id[0]=0, x[0]=657.0, y[0]=2080.0, toolType[0]=TOOL_TYPE_UNKNOWN, buttonState=0, metaState=0, flags=0x0, edgeFlags=0x0, pointerCount=1, historySize=0, eventTime=855798470, downTime=855798470, deviceId=0, source=0x1002 }
08-06 05:43:02.066 19493 19493 D AndroidRuntime: Shutting down VM
08-06 05:43:02.066   918  6029 I ActivityManager: START u0 {cmp=baseline.io.github.project_travel_mate/.utilities.UpcomingWeekendsActivity} from uid 10696 on display 0
08-06 05:43:02.069   512  2967 D audio_hw_primary: out_set_parameters: enter: usecase(1: low-latency-playback) kvpairs: routing=2
08-06 05:43:02.083   512  2967 D audio_hw_primary: select_devices: out_snd_device(2: speaker) in_snd_device(0: none)
08-06 05:43:02.084   512  2967 D msm8974_platform: platform_send_audio_calibration: sending audio calibration for snd_device(2) acdb_id(15)
08-06 05:43:02.084   512  2967 I soundtrigger: audio_extn_sound_trigger_update_device_status: device 0x2 of type 0 for Event 1
08-06 05:43:02.100   512  2967 D audio_hw_primary: enable_snd_device: snd_device(2: speaker)
08-06 05:43:02.104   512  2967 D audio_hw_primary: enable_audio_route: apply and update mixer path: low-latency-playback speaker
08-06 05:43:02.117 16756 16819 D Gabe    : call	returning from cache
08-06 05:43:02.121 16756 16756 V EXECUTING: https://project-travel-mate.herokuapp.com/api/get-upcoming-holidays/2020
08-06 05:43:02.125 16756 16756 V EXECUTING: https://project-travel-mate.herokuapp.com/api/get-upcoming-holidays/2020
08-06 05:43:02.151 16756 19303 I art     : Starting a blocking GC Explicit
08-06 05:43:02.221 16756 19303 I art     : Explicit concurrent mark sweep GC freed 3029(180KB) AllocSpace objects, 2(48KB) LOS objects, 7% free, 184MB/200MB, paused 3.445ms total 69.874ms
08-06 05:43:02.224 13866 13866 I GoogleInputMethodServic: GoogleInputMethodService.onFinishInput():3138 
08-06 05:43:02.225 13866 13866 I GoogleInputMethodServic: GoogleInputMethodService.onStartInput():1808 
08-06 05:43:02.247 16756 19303 I art     : Starting a blocking GC Explicit
08-06 05:43:02.309 16756 19303 I art     : Explicit concurrent mark sweep GC freed 472(19KB) AllocSpace objects, 0(0B) LOS objects, 7% free, 189MB/205MB, paused 2.051ms total 62.549ms
08-06 05:43:02.329   918   936 I ActivityManager: Displayed baseline.io.github.project_travel_mate/.utilities.UpcomingWeekendsActivity: +250ms
08-06 05:43:02.334 16756 19303 I art     : Starting a blocking GC Explicit
08-06 05:43:02.402 16756 19303 I art     : Explicit concurrent mark sweep GC freed 110(2512B) AllocSpace objects, 0(0B) LOS objects, 7% free, 189MB/205MB, paused 2.281ms total 66.716ms
08-06 05:43:02.429 16756 19303 I art     : Starting a blocking GC Explicit
08-06 05:43:02.501 16756 19303 I art     : Explicit concurrent mark sweep GC freed 145(2800B) AllocSpace objects, 0(0B) LOS objects, 7% free, 189MB/205MB, paused 2.179ms total 71.635ms
08-06 05:43:02.527 16756 19303 I art     : Starting a blocking GC Explicit
08-06 05:43:02.591   380   380 W SurfaceFlinger: couldn't log to binary event log: overflow.
08-06 05:43:02.611 16756 19303 I art     : Explicit concurrent mark sweep GC freed 5067(257KB) AllocSpace objects, 5(320KB) LOS objects, 7% free, 189MB/205MB, paused 3.991ms total 84.468ms
08-06 05:43:02.638   512  2967 D audio_hw_primary: disable_audio_route: reset and update mixer path: low-latency-playback speaker
08-06 05:43:02.640   512  2967 D audio_hw_primary: disable_snd_device: snd_device(2: speaker)
08-06 05:43:02.648   512  2967 I soundtrigger: audio_extn_sound_trigger_update_device_status: device 0x2 of type 0 for Event 0
08-06 05:43:02.652 16756 19517 I NAPPA_EXPERIMENTATION: MetricNetworkRequestExecutionTime: REQUEST_DURATION_SYSTEM='526',REQUEST_DURATION_OKHTTP='42',REQUEST_SYNCHRONOUS='FALSE',RESPONSE_CODE='200',RESPONSE_METHOD='GET',RESPONSE_LENGTH_OKHTTP='6426',RESPONSE_LENGTH_HEADER='6426',REQUEST_PROTOCOL='http/1.1',REQUEST_URL='https://project-travel-mate.herokuapp.com/api/get-upcoming-holidays/2020',
08-06 05:43:02.665 16756 16756 V Response: [{"month":"January","date":1,"day":"Wednesday","name":"New Year's Day","type":"Restricted"},{"month":"January","date":2,"day":"Thursday","name":"Guru Govind Singh Jayanti","type":"Restricted"},{"month":"January","date":14,"day":"Tuesday","name":"Lohri","type":"Restricted"},{"month":"January","date":15,"day":"Wednesday","name":"Pongal","type":"Restricted"},{"month":"January","date":15,"day":"Wednesday","name":"Makar Sankranti","type":"Restricted"},{"month":"January","date":25,"day":"Saturday","name":"Chinese New Year","type":"Observance"},{"month":"January","date":26,"day":"Sunday","name":"Republic Day","type":"Gazetted"},{"month":"January","date":30,"day":"Thursday","name":"Vasant Panchami","type":"Restricted"},{"month":"February","date":9,"day":"Sunday","name":"Guru Ravidas Jayanti","type":"Restricted"},{"month":"February","date":14,"day":"Friday","name":"Valentine's Day","type":"Observance"},{"month":"February","date":18,"day":"Tuesday","name":"Maharishi Dayanand Saraswati Jayanti","type":"Restricted"},{"month":"February","date":19,"day":"Wednesday","name":"Shivaji Jayanti","type":"Restricted"},{"month":"February","date":21,"day":"Friday","name":"Maha Shivaratri/Shivaratri","type":"Gazetted"},{"month":"March","date":9,"day":"Monday","name":"Holika Dahana","type":"Restricted"},{"month":"March","date":9,"day":"Monday","name":"Hazarat Ali's Birthday","type":"Restricted"},{"month":"March","date":10,"day":"Tuesday","name":"Holi","type":"Gazetted"},{"month":"March","date":20,"day":"Friday","name":"March Equinox","type":"Season"},{"month":"March","date":25,"day":"Wednesday","name":"Chaitra Sukhladi","type":"Restricted"},{"month":"April","date":2,"day":"Thursday","name":"Rama Navami","type":"Gazetted"},{"month":"April","date":6,"day":"Monday","name":"Mahavir Jayanti","type":"Gazetted"},{"month":"April","date":9,"day":"Thursday","name":"First day of Passover","type":"Observance"},{"month":"April","date":9,"day":"Thursday","name":"Maundy Thursday","type":"Observance,"},{"month":"April","date":10,"day":"Friday","name":"Good Friday","type":"Gazetted"},{"month":"April","date":12,"day":"Sunday","name":"Easter Day","type":"Restricted"},{"month":"April","date":13,"day":"Monday","name":"Vaisakhi","type":"Restricted"},{"month":"April","date":14,"day":"Tuesday","name":"Mesadi/Vaisakhadi","type":"Restricted"},{"month":"April","date":14,"day":"Tuesday","name":"Ambedkar Jayanti","type":"Central"},{"month":"May","date":1,"day":"Friday","name":"May Day","type":"Observance"},{"month":"May","date":7,"day":"Thursday","name":"Buddha Purnima/Vesak","type":"Gazetted"},{"month":"May","date":7,"day":"Thursday","name":"Birthday of Ravindranath","type":"Restricted"},{"month":"May","date":10,"day":"Sunday","name":"Mother's Day","type":"Observance"},{"month":"May","date":22,"day":"Friday","name":"Jamat Ul-Vida","type":"Restricted"},{"month":"May","date":25,"day":"Monday","name":"Ramzan Id/Eid-ul-Fitar","type":"Gazetted"},{"month":"May","date":25,"day":"Monday","name":"Ramzan Id/Eid-ul-Fitar","type":"Muslim,"},{"month":"June","date":21,"day":"Sunday","name":"June Solstice","type":"Season"},{"month":"June","date":21,"day":"Sunday","name":"Father's Day","type":"Observance"},{"month":"June","date":23,"day":"Tuesday","name":"Rath Yatra","type":"Restricted"},{"month":"July","date":5,"day":"Sunday","name":"Guru Purnima","type":"Observance"},{"month":"July","date":31,"day":"Friday","name":"Bakr Id/Eid ul-Adha","type":"Gazetted"},{"month":"August","date":2,"day":"Sunday","name":"Friendship Day","type":"Observance"},{"month":"August","date":3,"day":"Monday","name":"Raksha Bandhan (Rakhi)","type":"Restricted"},{"month":"August","date":11,"day":"Tuesday","name":"Janmashtami (Smarta)","type":"Restricted"},{"month":"August","date":12,"day":"Wednesday","name":"Janmashtami","type":"Gazetted"},{"month":"August","date":15,"day":"Saturday","name":"Independence Day","type":"Gazetted"},{"month":"August","date":16,"day":"Sunday","name":"Parsi New Year","type":"Restricted"},{"month":"August","date":22,"day":"Saturday","name":"Ganesh Chaturthi/Vin
08-06 05:43:02.682 16756 19516 I NAPPA_EXPERIMENTATION: MetricNetworkRequestExecutionTime: REQUEST_DURATION_SYSTEM='560',REQUEST_DURATION_OKHTTP='72',REQUEST_SYNCHRONOUS='FALSE',RESPONSE_CODE='200',RESPONSE_METHOD='GET',RESPONSE_LENGTH_OKHTTP='6426',RESPONSE_LENGTH_HEADER='6426',REQUEST_PROTOCOL='http/1.1',REQUEST_URL='https://project-travel-mate.herokuapp.com/api/get-upcoming-holidays/2020',
08-06 05:43:02.744 16756 16756 V Response: [{"month":"January","date":1,"day":"Wednesday","name":"New Year's Day","type":"Restricted"},{"month":"January","date":2,"day":"Thursday","name":"Guru Govind Singh Jayanti","type":"Restricted"},{"month":"January","date":14,"day":"Tuesday","name":"Lohri","type":"Restricted"},{"month":"January","date":15,"day":"Wednesday","name":"Pongal","type":"Restricted"},{"month":"January","date":15,"day":"Wednesday","name":"Makar Sankranti","type":"Restricted"},{"month":"January","date":25,"day":"Saturday","name":"Chinese New Year","type":"Observance"},{"month":"January","date":26,"day":"Sunday","name":"Republic Day","type":"Gazetted"},{"month":"January","date":30,"day":"Thursday","name":"Vasant Panchami","type":"Restricted"},{"month":"February","date":9,"day":"Sunday","name":"Guru Ravidas Jayanti","type":"Restricted"},{"month":"February","date":14,"day":"Friday","name":"Valentine's Day","type":"Observance"},{"month":"February","date":18,"day":"Tuesday","name":"Maharishi Dayanand Saraswati Jayanti","type":"Restricted"},{"month":"February","date":19,"day":"Wednesday","name":"Shivaji Jayanti","type":"Restricted"},{"month":"February","date":21,"day":"Friday","name":"Maha Shivaratri/Shivaratri","type":"Gazetted"},{"month":"March","date":9,"day":"Monday","name":"Holika Dahana","type":"Restricted"},{"month":"March","date":9,"day":"Monday","name":"Hazarat Ali's Birthday","type":"Restricted"},{"month":"March","date":10,"day":"Tuesday","name":"Holi","type":"Gazetted"},{"month":"March","date":20,"day":"Friday","name":"March Equinox","type":"Season"},{"month":"March","date":25,"day":"Wednesday","name":"Chaitra Sukhladi","type":"Restricted"},{"month":"April","date":2,"day":"Thursday","name":"Rama Navami","type":"Gazetted"},{"month":"April","date":6,"day":"Monday","name":"Mahavir Jayanti","type":"Gazetted"},{"month":"April","date":9,"day":"Thursday","name":"First day of Passover","type":"Observance"},{"month":"April","date":9,"day":"Thursday","name":"Maundy Thursday","type":"Observance,"},{"month":"April","date":10,"day":"Friday","name":"Good Friday","type":"Gazetted"},{"month":"April","date":12,"day":"Sunday","name":"Easter Day","type":"Restricted"},{"month":"April","date":13,"day":"Monday","name":"Vaisakhi","type":"Restricted"},{"month":"April","date":14,"day":"Tuesday","name":"Mesadi/Vaisakhadi","type":"Restricted"},{"month":"April","date":14,"day":"Tuesday","name":"Ambedkar Jayanti","type":"Central"},{"month":"May","date":1,"day":"Friday","name":"May Day","type":"Observance"},{"month":"May","date":7,"day":"Thursday","name":"Buddha Purnima/Vesak","type":"Gazetted"},{"month":"May","date":7,"day":"Thursday","name":"Birthday of Ravindranath","type":"Restricted"},{"month":"May","date":10,"day":"Sunday","name":"Mother's Day","type":"Observance"},{"month":"May","date":22,"day":"Friday","name":"Jamat Ul-Vida","type":"Restricted"},{"month":"May","date":25,"day":"Monday","name":"Ramzan Id/Eid-ul-Fitar","type":"Gazetted"},{"month":"May","date":25,"day":"Monday","name":"Ramzan Id/Eid-ul-Fitar","type":"Muslim,"},{"month":"June","date":21,"day":"Sunday","name":"June Solstice","type":"Season"},{"month":"June","date":21,"day":"Sunday","name":"Father's Day","type":"Observance"},{"month":"June","date":23,"day":"Tuesday","name":"Rath Yatra","type":"Restricted"},{"month":"July","date":5,"day":"Sunday","name":"Guru Purnima","type":"Observance"},{"month":"July","date":31,"day":"Friday","name":"Bakr Id/Eid ul-Adha","type":"Gazetted"},{"month":"August","date":2,"day":"Sunday","name":"Friendship Day","type":"Observance"},{"month":"August","date":3,"day":"Monday","name":"Raksha Bandhan (Rakhi)","type":"Restricted"},{"month":"August","date":11,"day":"Tuesday","name":"Janmashtami (Smarta)","type":"Restricted"},{"month":"August","date":12,"day":"Wednesday","name":"Janmashtami","type":"Gazetted"},{"month":"August","date":15,"day":"Saturday","name":"Independence Day","type":"Gazetted"},{"month":"August","date":16,"day":"Sunday","name":"Parsi New Year","type":"Restricted"},{"month":"August","date":22,"day":"Saturday","name":"Ganesh Chaturthi/Vin
08-06 05:43:03.056 16756 16821 I art     : Starting a blocking GC Explicit
08-06 05:43:03.139 16756 16821 I art     : Explicit concurrent mark sweep GC freed 17720(845KB) AllocSpace objects, 7(4MB) LOS objects, 7% free, 185MB/201MB, paused 2.122ms total 82.546ms
08-06 05:43:03.167 16756 16821 I art     : Starting a blocking GC Explicit
08-06 05:43:03.243 16756 16821 I art     : Explicit concurrent mark sweep GC freed 1688(91KB) AllocSpace objects, 0(0B) LOS objects, 7% free, 185MB/201MB, paused 2.243ms total 75.428ms
08-06 05:43:03.270 16756 16821 I art     : Starting a blocking GC Explicit
08-06 05:43:03.347 16756 16821 I art     : Explicit concurrent mark sweep GC freed 145(2432B) AllocSpace objects, 0(0B) LOS objects, 7% free, 185MB/201MB, paused 2.098ms total 76.871ms
08-06 05:43:03.375 16756 16821 I art     : Starting a blocking GC Explicit
08-06 05:43:03.452 16756 16821 I art     : Explicit concurrent mark sweep GC freed 185(3KB) AllocSpace objects, 0(0B) LOS objects, 7% free, 185MB/201MB, paused 2.304ms total 76.729ms
08-06 05:43:03.480 16756 16821 I art     : Starting a blocking GC Explicit
08-06 05:43:03.557 16756 16821 I art     : Explicit concurrent mark sweep GC freed 148(2528B) AllocSpace objects, 0(0B) LOS objects, 7% free, 185MB/201MB, paused 2.137ms total 77.017ms
08-06 05:43:04.026 17187 17187 I ServiceManager: Waiting for service AtCmdFwd...
08-06 05:43:04.079 16756 17031 I art     : Starting a blocking GC Explicit
08-06 05:43:04.157 16756 17031 I art     : Explicit concurrent mark sweep GC freed 2475(107KB) AllocSpace objects, 2(48KB) LOS objects, 7% free, 185MB/201MB, paused 2.132ms total 77.832ms
08-06 05:43:04.185 16756 17031 I art     : Starting a blocking GC Explicit
08-06 05:43:04.262 16756 17031 I art     : Explicit concurrent mark sweep GC freed 230(5KB) AllocSpace objects, 0(0B) LOS objects, 7% free, 185MB/201MB, paused 2.263ms total 76.246ms
08-06 05:43:04.290 16756 17031 I art     : Starting a blocking GC Explicit
08-06 05:43:04.367 16756 17031 I art     : Explicit concurrent mark sweep GC freed 147(2496B) AllocSpace objects, 0(0B) LOS objects, 7% free, 185MB/201MB, paused 2.056ms total 76.636ms
08-06 05:43:04.395 16756 17031 I art     : Starting a blocking GC Explicit
08-06 05:43:04.473 16756 17031 I art     : Explicit concurrent mark sweep GC freed 184(3KB) AllocSpace objects, 0(0B) LOS objects, 7% free, 185MB/201MB, paused 2.153ms total 77.124ms
08-06 05:43:04.500 16756 17031 I art     : Starting a blocking GC Explicit
08-06 05:43:04.578 16756 17031 I art     : Explicit concurrent mark sweep GC freed 171(2896B) AllocSpace objects, 0(0B) LOS objects, 7% free, 185MB/201MB, paused 2.302ms total 77.009ms
08-06 05:43:04.753   518   646 I ThermalEngine: ACTION: GPU - Setting GPU[0] to 450000000
08-06 05:43:05.020 16756 16768 I art     : Starting a blocking GC Explicit
08-06 05:43:05.027 17187 17187 I ServiceManager: Waiting for service AtCmdFwd...
08-06 05:43:05.088 16756 16768 I art     : Explicit concurrent mark sweep GC freed 2318(104KB) AllocSpace objects, 2(48KB) LOS objects, 7% free, 185MB/201MB, paused 1.409ms total 68.145ms
08-06 05:43:05.112 16756 16768 I art     : Starting a blocking GC Explicit
08-06 05:43:05.169 16756 16768 I art     : Explicit concurrent mark sweep GC freed 158(3KB) AllocSpace objects, 0(0B) LOS objects, 7% free, 185MB/201MB, paused 1.322ms total 56.902ms
08-06 05:43:05.189 16756 16768 I art     : Starting a blocking GC Explicit
08-06 05:43:05.254 16756 16768 I art     : Explicit concurrent mark sweep GC freed 122(2064B) AllocSpace objects, 0(0B) LOS objects, 7% free, 185MB/201MB, paused 1.463ms total 64.900ms
08-06 05:43:05.274 16756 16768 I art     : Starting a blocking GC Explicit
08-06 05:43:05.340 16756 16768 I art     : Explicit concurrent mark sweep GC freed 125(2160B) AllocSpace objects, 0(0B) LOS objects, 7% free, 185MB/201MB, paused 1.434ms total 65.813ms
08-06 05:43:05.360 16756 16768 I art     : Starting a blocking GC Explicit
08-06 05:43:05.427 16756 16768 I art     : Explicit concurrent mark sweep GC freed 131(2224B) AllocSpace objects, 0(0B) LOS objects, 7% free, 185MB/201MB, paused 1.600ms total 66.041ms
08-06 05:43:05.861 16756 16769 I art     : Starting a blocking GC Explicit
08-06 05:43:05.929 16756 16769 I art     : Explicit concurrent mark sweep GC freed 2347(104KB) AllocSpace objects, 2(48KB) LOS objects, 7% free, 185MB/201MB, paused 1.725ms total 66.994ms
08-06 05:43:05.949 16756 16769 I art     : Starting a blocking GC Explicit
08-06 05:43:06.014 16756 16769 I art     : Explicit concurrent mark sweep GC freed 159(3KB) AllocSpace objects, 0(0B) LOS objects, 7% free, 185MB/201MB, paused 1.475ms total 65.438ms
08-06 05:43:06.027 17187 17187 I ServiceManager: Waiting for service AtCmdFwd...
08-06 05:43:06.035 16756 16769 I art     : Starting a blocking GC Explicit
08-06 05:43:06.103 16756 16769 I art     : Explicit concurrent mark sweep GC freed 113(1936B) AllocSpace objects, 0(0B) LOS objects, 7% free, 185MB/201MB, paused 1.646ms total 68.018ms
08-06 05:43:06.128 16756 16769 I art     : Starting a blocking GC Explicit
08-06 05:43:06.193 16756 16769 I art     : Explicit concurrent mark sweep GC freed 134(2288B) AllocSpace objects, 0(0B) LOS objects, 7% free, 185MB/201MB, paused 1.535ms total 64.953ms
08-06 05:43:06.213 16756 16769 I art     : Starting a blocking GC Explicit
08-06 05:43:06.277 16756 16769 I art     : Explicit concurrent mark sweep GC freed 129(2192B) AllocSpace objects, 0(0B) LOS objects, 7% free, 185MB/201MB, paused 1.620ms total 64.251ms
08-06 05:43:06.677 16756 19303 I art     : Starting a blocking GC Explicit
08-06 05:43:06.742 16756 19303 I art     : Explicit concurrent mark sweep GC freed 2300(104KB) AllocSpace objects, 2(48KB) LOS objects, 7% free, 185MB/201MB, paused 1.412ms total 65.396ms
08-06 05:43:06.762 16756 19303 I art     : Starting a blocking GC Explicit
08-06 05:43:06.826 16756 19303 I art     : Explicit concurrent mark sweep GC freed 159(3KB) AllocSpace objects, 0(0B) LOS objects, 7% free, 185MB/201MB, paused 1.445ms total 63.452ms
08-06 05:43:06.846 16756 19303 I art     : Starting a blocking GC Explicit
08-06 05:43:06.906 19560 19560 D AndroidRuntime: >>>>>> START com.android.internal.os.RuntimeInit uid 2000 <<<<<<
08-06 05:43:06.910 16756 19303 I art     : Explicit concurrent mark sweep GC freed 123(2096B) AllocSpace objects, 0(0B) LOS objects, 7% free, 185MB/201MB, paused 1.524ms total 63.417ms
08-06 05:43:06.912 19560 19560 D AndroidRuntime: CheckJNI is OFF
08-06 05:43:06.930 16756 19303 I art     : Starting a blocking GC Explicit
08-06 05:43:06.958 19560 19560 D ICU     : No timezone override file found: /data/misc/zoneinfo/current/icu/icu_tzdata.dat
08-06 05:43:06.991 16756 19303 I art     : Explicit concurrent mark sweep GC freed 123(2096B) AllocSpace objects, 0(0B) LOS objects, 7% free, 185MB/201MB, paused 1.431ms total 60.928ms
08-06 05:43:07.001 19560 19560 I Radio-JNI: register_android_hardware_Radio DONE
08-06 05:43:07.012 16756 19303 I art     : Starting a blocking GC Explicit
08-06 05:43:07.028 17187 17187 I ServiceManager: Waiting for service AtCmdFwd...
08-06 05:43:07.032 19560 19560 D AndroidRuntime: Calling main entry com.android.commands.input.Input
08-06 05:43:07.033 19560 19560 I Input   : injectKeyEvent: KeyEvent { action=ACTION_DOWN, keyCode=KEYCODE_BACK, scanCode=0, metaState=0, flags=0x0, repeatCount=0, eventTime=855803446, downTime=855803446, deviceId=-1, source=0x101 }
08-06 05:43:07.040 19560 19560 I Input   : injectKeyEvent: KeyEvent { action=ACTION_UP, keyCode=KEYCODE_BACK, scanCode=0, metaState=0, flags=0x0, repeatCount=0, eventTime=855803446, downTime=855803446, deviceId=-1, source=0x101 }
08-06 05:43:07.048 19560 19560 D AndroidRuntime: Shutting down VM
08-06 05:43:07.059 16756 16756 V MainActivity: url = https://project-travel-mate.herokuapp.com/api/number-of-unread-notifications
08-06 05:43:07.072 16756 19303 I art     : Explicit concurrent mark sweep GC freed 454(15KB) AllocSpace objects, 0(0B) LOS objects, 7% free, 185MB/201MB, paused 1.623ms total 59.623ms
08-06 05:43:07.090 13866 13866 I GoogleInputMethodServic: GoogleInputMethodService.onFinishInput():3138 
08-06 05:43:07.091 13866 13866 I GoogleInputMethodServic: GoogleInputMethodService.onStartInput():1808 
08-06 05:43:07.425   380   380 W SurfaceFlinger: couldn't log to binary event log: overflow.
08-06 05:43:07.453 16756 16821 I art     : Starting a blocking GC Explicit
08-06 05:43:07.513 16756 16821 I art     : Explicit concurrent mark sweep GC freed 2274(111KB) AllocSpace objects, 2(48KB) LOS objects, 7% free, 185MB/201MB, paused 1.668ms total 59.781ms
08-06 05:43:07.533 16756 16821 I art     : Starting a blocking GC Explicit
08-06 05:43:07.593 16756 16821 I art     : Explicit concurrent mark sweep GC freed 6667(362KB) AllocSpace objects, 13(264KB) LOS objects, 7% free, 184MB/200MB, paused 1.470ms total 59.963ms
08-06 05:43:07.612 16756 16821 I art     : Starting a blocking GC Explicit
08-06 05:43:07.673 16756 16821 I art     : Explicit concurrent mark sweep GC freed 3(96B) AllocSpace objects, 0(0B) LOS objects, 7% free, 184MB/200MB, paused 1.485ms total 60.571ms
08-06 05:43:07.693 16756 16821 I art     : Starting a blocking GC Explicit
08-06 05:43:07.757 16756 16821 I art     : Explicit concurrent mark sweep GC freed 3(96B) AllocSpace objects, 0(0B) LOS objects, 7% free, 184MB/200MB, paused 1.555ms total 63.559ms
08-06 05:43:07.779 16756 16821 I art     : Starting a blocking GC Explicit
08-06 05:43:07.840 16756 16821 I art     : Explicit concurrent mark sweep GC freed 9(496B) AllocSpace objects, 0(0B) LOS objects, 7% free, 184MB/200MB, paused 1.504ms total 60.637ms
08-06 05:43:07.960 16756 19583 I NAPPA_EXPERIMENTATION: MetricNetworkRequestExecutionTime: REQUEST_DURATION_SYSTEM='899',REQUEST_DURATION_OKHTTP='32',REQUEST_SYNCHRONOUS='FALSE',RESPONSE_CODE='200',RESPONSE_METHOD='GET',RESPONSE_LENGTH_OKHTTP='36',RESPONSE_LENGTH_HEADER='36',REQUEST_PROTOCOL='http/1.1',REQUEST_URL='https://project-travel-mate.herokuapp.com/api/number-of-unread-notifications',
08-06 05:43:08.029 17187 17187 I ServiceManager: Waiting for service AtCmdFwd...
08-06 05:43:08.239 16756 19303 I art     : Starting a blocking GC Explicit
08-06 05:43:08.314 16756 19303 I art     : Explicit concurrent mark sweep GC freed 4399(240KB) AllocSpace objects, 5(248KB) LOS objects, 7% free, 185MB/201MB, paused 1.712ms total 74.900ms
08-06 05:43:08.336 16756 19303 I art     : Starting a blocking GC Explicit
08-06 05:43:08.394 16756 19303 I art     : Explicit concurrent mark sweep GC freed 966(117KB) AllocSpace objects, 0(0B) LOS objects, 7% free, 184MB/200MB, paused 1.421ms total 58.260ms
08-06 05:43:08.413 16756 19303 I art     : Starting a blocking GC Explicit
08-06 05:43:08.471 16756 19303 I art     : Explicit concurrent mark sweep GC freed 40(1088B) AllocSpace objects, 0(0B) LOS objects, 7% free, 184MB/200MB, paused 1.449ms total 57.677ms
08-06 05:43:08.491 16756 19303 I art     : Starting a blocking GC Explicit
08-06 05:43:08.549 16756 19303 I art     : Explicit concurrent mark sweep GC freed 3(96B) AllocSpace objects, 0(0B) LOS objects, 7% free, 184MB/200MB, paused 1.434ms total 57.799ms
08-06 05:43:08.568 16756 19303 I art     : Starting a blocking GC Explicit
08-06 05:43:08.625 16756 19303 I art     : Explicit concurrent mark sweep GC freed 3(96B) AllocSpace objects, 0(0B) LOS objects, 7% free, 184MB/200MB, paused 1.441ms total 56.679ms
08-06 05:43:08.834 19605 19605 D AndroidRuntime: >>>>>> START com.android.internal.os.RuntimeInit uid 2000 <<<<<<
08-06 05:43:08.839 19605 19605 D AndroidRuntime: CheckJNI is OFF
08-06 05:43:08.880 19605 19605 D ICU     : No timezone override file found: /data/misc/zoneinfo/current/icu/icu_tzdata.dat
08-06 05:43:08.921 19605 19605 I Radio-JNI: register_android_hardware_Radio DONE
08-06 05:43:08.949 19605 19605 D AndroidRuntime: Calling main entry com.android.commands.input.Input
08-06 05:43:08.957 19605 19605 I Input   : injectMotionEvent: MotionEvent { action=ACTION_DOWN, actionButton=0, id[0]=0, x[0]=657.0, y[0]=2080.0, toolType[0]=TOOL_TYPE_UNKNOWN, buttonState=0, metaState=0, flags=0x0, edgeFlags=0x0, pointerCount=1, historySize=0, eventTime=855805364, downTime=855805364, deviceId=0, source=0x1002 }
08-06 05:43:08.966 19605 19605 I Input   : injectMotionEvent: MotionEvent { action=ACTION_UP, actionButton=0, id[0]=0, x[0]=657.0, y[0]=2080.0, toolType[0]=TOOL_TYPE_UNKNOWN, buttonState=0, metaState=0, flags=0x0, edgeFlags=0x0, pointerCount=1, historySize=0, eventTime=855805364, downTime=855805364, deviceId=0, source=0x1002 }
08-06 05:43:09.005 19605 19605 D AndroidRuntime: Shutting down VM
08-06 05:43:09.005   918  5481 I ActivityManager: START u0 {cmp=baseline.io.github.project_travel_mate/.utilities.UpcomingWeekendsActivity} from uid 10696 on display 0
08-06 05:43:09.007   512  2967 D audio_hw_primary: out_set_parameters: enter: usecase(1: low-latency-playback) kvpairs: routing=2
08-06 05:43:09.020   512  2967 D audio_hw_primary: select_devices: out_snd_device(2: speaker) in_snd_device(0: none)
08-06 05:43:09.020   512  2967 D msm8974_platform: platform_send_audio_calibration: sending audio calibration for snd_device(2) acdb_id(15)
08-06 05:43:09.020   512  2967 I soundtrigger: audio_extn_sound_trigger_update_device_status: device 0x2 of type 0 for Event 1
08-06 05:43:09.029 17187 17187 W Atfwd_Sendcmd: AtCmdFwd service not published, waiting... retryCnt : 1
08-06 05:43:09.031   512  2967 D audio_hw_primary: enable_snd_device: snd_device(2: speaker)
08-06 05:43:09.033   512  2967 D audio_hw_primary: enable_audio_route: apply and update mixer path: low-latency-playback speaker
08-06 05:43:09.034 16756 16768 I art     : Starting a blocking GC Explicit
08-06 05:43:09.037 16756 16819 D Gabe    : call	returning from cache
08-06 05:43:09.039 16756 16756 V EXECUTING: https://project-travel-mate.herokuapp.com/api/get-upcoming-holidays/2020
08-06 05:43:09.041 16756 16756 V EXECUTING: https://project-travel-mate.herokuapp.com/api/get-upcoming-holidays/2020
08-06 05:43:09.086 16756 16768 I art     : Explicit concurrent mark sweep GC freed 2337(149KB) AllocSpace objects, 2(48KB) LOS objects, 7% free, 185MB/201MB, paused 1.679ms total 51.921ms
08-06 05:43:09.105 16756 16768 I art     : Starting a blocking GC Explicit
08-06 05:43:09.126 13866 13866 I GoogleInputMethodServic: GoogleInputMethodService.onFinishInput():3138 
08-06 05:43:09.126 13866 13866 I GoogleInputMethodServic: GoogleInputMethodService.onStartInput():1808 
08-06 05:43:09.161 16756 16768 I art     : Explicit concurrent mark sweep GC freed 1133(47KB) AllocSpace objects, 0(0B) LOS objects, 7% free, 189MB/205MB, paused 1.790ms total 55.638ms
08-06 05:43:09.180 16756 16768 I art     : Starting a blocking GC Explicit
08-06 05:43:09.219   918   936 I ActivityManager: Displayed baseline.io.github.project_travel_mate/.utilities.UpcomingWeekendsActivity: +202ms
08-06 05:43:09.234 16756 16768 I art     : Explicit concurrent mark sweep GC freed 126(5KB) AllocSpace objects, 0(0B) LOS objects, 7% free, 189MB/205MB, paused 1.603ms total 53.488ms
08-06 05:43:09.254 16756 16768 I art     : Starting a blocking GC Explicit
08-06 05:43:09.311 16756 16768 I art     : Explicit concurrent mark sweep GC freed 95(1824B) AllocSpace objects, 0(0B) LOS objects, 7% free, 189MB/205MB, paused 1.658ms total 56.735ms
08-06 05:43:09.331 16756 16768 I art     : Starting a blocking GC Explicit
08-06 05:43:09.387 16756 16768 I art     : Explicit concurrent mark sweep GC freed 72(1360B) AllocSpace objects, 0(0B) LOS objects, 7% free, 189MB/205MB, paused 1.356ms total 55.620ms
08-06 05:43:09.477   380   380 W SurfaceFlinger: couldn't log to binary event log: overflow.
08-06 05:43:09.569   512  2967 D audio_hw_primary: disable_audio_route: reset and update mixer path: low-latency-playback speaker
08-06 05:43:09.571   512  2967 D audio_hw_primary: disable_snd_device: snd_device(2: speaker)
08-06 05:43:09.581   512  2967 I soundtrigger: audio_extn_sound_trigger_update_device_status: device 0x2 of type 0 for Event 0
08-06 05:43:09.605 16756 19629 I NAPPA_EXPERIMENTATION: MetricNetworkRequestExecutionTime: REQUEST_DURATION_SYSTEM='565',REQUEST_DURATION_OKHTTP='37',REQUEST_SYNCHRONOUS='FALSE',RESPONSE_CODE='200',RESPONSE_METHOD='GET',RESPONSE_LENGTH_OKHTTP='6426',RESPONSE_LENGTH_HEADER='6426',REQUEST_PROTOCOL='http/1.1',REQUEST_URL='https://project-travel-mate.herokuapp.com/api/get-upcoming-holidays/2020',
08-06 05:43:09.629 16756 19630 I NAPPA_EXPERIMENTATION: MetricNetworkRequestExecutionTime: REQUEST_DURATION_SYSTEM='587',REQUEST_DURATION_OKHTTP='59',REQUEST_SYNCHRONOUS='FALSE',RESPONSE_CODE='200',RESPONSE_METHOD='GET',RESPONSE_LENGTH_OKHTTP='6426',RESPONSE_LENGTH_HEADER='6426',REQUEST_PROTOCOL='http/1.1',REQUEST_URL='https://project-travel-mate.herokuapp.com/api/get-upcoming-holidays/2020',
08-06 05:43:09.693 16756 16756 V Response: [{"month":"January","date":1,"day":"Wednesday","name":"New Year's Day","type":"Restricted"},{"month":"January","date":2,"day":"Thursday","name":"Guru Govind Singh Jayanti","type":"Restricted"},{"month":"January","date":14,"day":"Tuesday","name":"Lohri","type":"Restricted"},{"month":"January","date":15,"day":"Wednesday","name":"Pongal","type":"Restricted"},{"month":"January","date":15,"day":"Wednesday","name":"Makar Sankranti","type":"Restricted"},{"month":"January","date":25,"day":"Saturday","name":"Chinese New Year","type":"Observance"},{"month":"January","date":26,"day":"Sunday","name":"Republic Day","type":"Gazetted"},{"month":"January","date":30,"day":"Thursday","name":"Vasant Panchami","type":"Restricted"},{"month":"February","date":9,"day":"Sunday","name":"Guru Ravidas Jayanti","type":"Restricted"},{"month":"February","date":14,"day":"Friday","name":"Valentine's Day","type":"Observance"},{"month":"February","date":18,"day":"Tuesday","name":"Maharishi Dayanand Saraswati Jayanti","type":"Restricted"},{"month":"February","date":19,"day":"Wednesday","name":"Shivaji Jayanti","type":"Restricted"},{"month":"February","date":21,"day":"Friday","name":"Maha Shivaratri/Shivaratri","type":"Gazetted"},{"month":"March","date":9,"day":"Monday","name":"Holika Dahana","type":"Restricted"},{"month":"March","date":9,"day":"Monday","name":"Hazarat Ali's Birthday","type":"Restricted"},{"month":"March","date":10,"day":"Tuesday","name":"Holi","type":"Gazetted"},{"month":"March","date":20,"day":"Friday","name":"March Equinox","type":"Season"},{"month":"March","date":25,"day":"Wednesday","name":"Chaitra Sukhladi","type":"Restricted"},{"month":"April","date":2,"day":"Thursday","name":"Rama Navami","type":"Gazetted"},{"month":"April","date":6,"day":"Monday","name":"Mahavir Jayanti","type":"Gazetted"},{"month":"April","date":9,"day":"Thursday","name":"First day of Passover","type":"Observance"},{"month":"April","date":9,"day":"Thursday","name":"Maundy Thursday","type":"Observance,"},{"month":"April","date":10,"day":"Friday","name":"Good Friday","type":"Gazetted"},{"month":"April","date":12,"day":"Sunday","name":"Easter Day","type":"Restricted"},{"month":"April","date":13,"day":"Monday","name":"Vaisakhi","type":"Restricted"},{"month":"April","date":14,"day":"Tuesday","name":"Mesadi/Vaisakhadi","type":"Restricted"},{"month":"April","date":14,"day":"Tuesday","name":"Ambedkar Jayanti","type":"Central"},{"month":"May","date":1,"day":"Friday","name":"May Day","type":"Observance"},{"month":"May","date":7,"day":"Thursday","name":"Buddha Purnima/Vesak","type":"Gazetted"},{"month":"May","date":7,"day":"Thursday","name":"Birthday of Ravindranath","type":"Restricted"},{"month":"May","date":10,"day":"Sunday","name":"Mother's Day","type":"Observance"},{"month":"May","date":22,"day":"Friday","name":"Jamat Ul-Vida","type":"Restricted"},{"month":"May","date":25,"day":"Monday","name":"Ramzan Id/Eid-ul-Fitar","type":"Gazetted"},{"month":"May","date":25,"day":"Monday","name":"Ramzan Id/Eid-ul-Fitar","type":"Muslim,"},{"month":"June","date":21,"day":"Sunday","name":"June Solstice","type":"Season"},{"month":"June","date":21,"day":"Sunday","name":"Father's Day","type":"Observance"},{"month":"June","date":23,"day":"Tuesday","name":"Rath Yatra","type":"Restricted"},{"month":"July","date":5,"day":"Sunday","name":"Guru Purnima","type":"Observance"},{"month":"July","date":31,"day":"Friday","name":"Bakr Id/Eid ul-Adha","type":"Gazetted"},{"month":"August","date":2,"day":"Sunday","name":"Friendship Day","type":"Observance"},{"month":"August","date":3,"day":"Monday","name":"Raksha Bandhan (Rakhi)","type":"Restricted"},{"month":"August","date":11,"day":"Tuesday","name":"Janmashtami (Smarta)","type":"Restricted"},{"month":"August","date":12,"day":"Wednesday","name":"Janmashtami","type":"Gazetted"},{"month":"August","date":15,"day":"Saturday","name":"Independence Day","type":"Gazetted"},{"month":"August","date":16,"day":"Sunday","name":"Parsi New Year","type":"Restricted"},{"month":"August","date":22,"day":"Saturday","name":"Ganesh Chaturthi/Vin
08-06 05:43:09.754 16756 16756 V Response: [{"month":"January","date":1,"day":"Wednesday","name":"New Year's Day","type":"Restricted"},{"month":"January","date":2,"day":"Thursday","name":"Guru Govind Singh Jayanti","type":"Restricted"},{"month":"January","date":14,"day":"Tuesday","name":"Lohri","type":"Restricted"},{"month":"January","date":15,"day":"Wednesday","name":"Pongal","type":"Restricted"},{"month":"January","date":15,"day":"Wednesday","name":"Makar Sankranti","type":"Restricted"},{"month":"January","date":25,"day":"Saturday","name":"Chinese New Year","type":"Observance"},{"month":"January","date":26,"day":"Sunday","name":"Republic Day","type":"Gazetted"},{"month":"January","date":30,"day":"Thursday","name":"Vasant Panchami","type":"Restricted"},{"month":"February","date":9,"day":"Sunday","name":"Guru Ravidas Jayanti","type":"Restricted"},{"month":"February","date":14,"day":"Friday","name":"Valentine's Day","type":"Observance"},{"month":"February","date":18,"day":"Tuesday","name":"Maharishi Dayanand Saraswati Jayanti","type":"Restricted"},{"month":"February","date":19,"day":"Wednesday","name":"Shivaji Jayanti","type":"Restricted"},{"month":"February","date":21,"day":"Friday","name":"Maha Shivaratri/Shivaratri","type":"Gazetted"},{"month":"March","date":9,"day":"Monday","name":"Holika Dahana","type":"Restricted"},{"month":"March","date":9,"day":"Monday","name":"Hazarat Ali's Birthday","type":"Restricted"},{"month":"March","date":10,"day":"Tuesday","name":"Holi","type":"Gazetted"},{"month":"March","date":20,"day":"Friday","name":"March Equinox","type":"Season"},{"month":"March","date":25,"day":"Wednesday","name":"Chaitra Sukhladi","type":"Restricted"},{"month":"April","date":2,"day":"Thursday","name":"Rama Navami","type":"Gazetted"},{"month":"April","date":6,"day":"Monday","name":"Mahavir Jayanti","type":"Gazetted"},{"month":"April","date":9,"day":"Thursday","name":"First day of Passover","type":"Observance"},{"month":"April","date":9,"day":"Thursday","name":"Maundy Thursday","type":"Observance,"},{"month":"April","date":10,"day":"Friday","name":"Good Friday","type":"Gazetted"},{"month":"April","date":12,"day":"Sunday","name":"Easter Day","type":"Restricted"},{"month":"April","date":13,"day":"Monday","name":"Vaisakhi","type":"Restricted"},{"month":"April","date":14,"day":"Tuesday","name":"Mesadi/Vaisakhadi","type":"Restricted"},{"month":"April","date":14,"day":"Tuesday","name":"Ambedkar Jayanti","type":"Central"},{"month":"May","date":1,"day":"Friday","name":"May Day","type":"Observance"},{"month":"May","date":7,"day":"Thursday","name":"Buddha Purnima/Vesak","type":"Gazetted"},{"month":"May","date":7,"day":"Thursday","name":"Birthday of Ravindranath","type":"Restricted"},{"month":"May","date":10,"day":"Sunday","name":"Mother's Day","type":"Observance"},{"month":"May","date":22,"day":"Friday","name":"Jamat Ul-Vida","type":"Restricted"},{"month":"May","date":25,"day":"Monday","name":"Ramzan Id/Eid-ul-Fitar","type":"Gazetted"},{"month":"May","date":25,"day":"Monday","name":"Ramzan Id/Eid-ul-Fitar","type":"Muslim,"},{"month":"June","date":21,"day":"Sunday","name":"June Solstice","type":"Season"},{"month":"June","date":21,"day":"Sunday","name":"Father's Day","type":"Observance"},{"month":"June","date":23,"day":"Tuesday","name":"Rath Yatra","type":"Restricted"},{"month":"July","date":5,"day":"Sunday","name":"Guru Purnima","type":"Observance"},{"month":"July","date":31,"day":"Friday","name":"Bakr Id/Eid ul-Adha","type":"Gazetted"},{"month":"August","date":2,"day":"Sunday","name":"Friendship Day","type":"Observance"},{"month":"August","date":3,"day":"Monday","name":"Raksha Bandhan (Rakhi)","type":"Restricted"},{"month":"August","date":11,"day":"Tuesday","name":"Janmashtami (Smarta)","type":"Restricted"},{"month":"August","date":12,"day":"Wednesday","name":"Janmashtami","type":"Gazetted"},{"month":"August","date":15,"day":"Saturday","name":"Independence Day","type":"Gazetted"},{"month":"August","date":16,"day":"Sunday","name":"Parsi New Year","type":"Restricted"},{"month":"August","date":22,"day":"Saturday","name":"Ganesh Chaturthi/Vin
08-06 05:43:09.770 16756 17031 I art     : Starting a blocking GC Explicit
08-06 05:43:09.833 16756 17031 I art     : Explicit concurrent mark sweep GC freed 20723(869KB) AllocSpace objects, 12(4MB) LOS objects, 7% free, 186MB/202MB, paused 1.447ms total 62.583ms
08-06 05:43:09.852 16756 17031 I art     : Starting a blocking GC Explicit
08-06 05:43:09.909 16756 17031 I art     : Explicit concurrent mark sweep GC freed 3615(327KB) AllocSpace objects, 11(220KB) LOS objects, 7% free, 185MB/201MB, paused 1.434ms total 56.739ms
08-06 05:43:09.928 16756 17031 I art     : Starting a blocking GC Explicit
08-06 05:43:09.992 16756 17031 I art     : Explicit concurrent mark sweep GC freed 129(2416B) AllocSpace objects, 0(0B) LOS objects, 7% free, 185MB/201MB, paused 1.498ms total 63.041ms
08-06 05:43:10.016 16756 17031 I art     : Starting a blocking GC Explicit
08-06 05:43:10.076 16756 17031 I art     : Explicit concurrent mark sweep GC freed 123(2096B) AllocSpace objects, 0(0B) LOS objects, 7% free, 185MB/201MB, paused 1.419ms total 59.518ms
08-06 05:43:10.096 16756 17031 I art     : Starting a blocking GC Explicit
08-06 05:43:10.157 16756 17031 I art     : Explicit concurrent mark sweep GC freed 123(2096B) AllocSpace objects, 0(0B) LOS objects, 7% free, 185MB/201MB, paused 1.447ms total 60.990ms
08-06 05:43:10.157 16756 16766 I art     : WaitForGcToComplete blocked for 61.270ms for cause HeapTrim
08-06 05:43:10.572 16756 16768 I art     : Starting a blocking GC Explicit
08-06 05:43:10.642 16756 16768 I art     : Explicit concurrent mark sweep GC freed 2319(104KB) AllocSpace objects, 2(48KB) LOS objects, 7% free, 185MB/201MB, paused 1.573ms total 69.650ms
08-06 05:43:10.663 16756 16768 I art     : Starting a blocking GC Explicit
08-06 05:43:10.731 16756 16768 I art     : Explicit concurrent mark sweep GC freed 147(2992B) AllocSpace objects, 0(0B) LOS objects, 7% free, 185MB/201MB, paused 1.536ms total 68.063ms
08-06 05:43:10.754 16756 16768 I art     : Starting a blocking GC Explicit
08-06 05:43:10.822 16756 16768 I art     : Explicit concurrent mark sweep GC freed 148(2528B) AllocSpace objects, 0(0B) LOS objects, 7% free, 185MB/201MB, paused 1.392ms total 66.976ms
08-06 05:43:10.841 16756 16768 I art     : Starting a blocking GC Explicit
08-06 05:43:10.889   918  3188 I hubconnection: sensorhub said: 'set_bias 3: -5.6640, 0.0000, 0.0000'
08-06 05:43:10.907 16756 16768 I art     : Explicit concurrent mark sweep GC freed 135(2752B) AllocSpace objects, 0(0B) LOS objects, 7% free, 185MB/201MB, paused 1.507ms total 65.106ms
08-06 05:43:10.927 16756 16768 I art     : Starting a blocking GC Explicit
08-06 05:43:10.993 16756 16768 I art     : Explicit concurrent mark sweep GC freed 133(2640B) AllocSpace objects, 0(0B) LOS objects, 7% free, 185MB/201MB, paused 1.402ms total 65.373ms
08-06 05:43:11.426 16756 16821 I art     : Starting a blocking GC Explicit
08-06 05:43:11.498 16756 16821 I art     : Explicit concurrent mark sweep GC freed 2343(104KB) AllocSpace objects, 2(48KB) LOS objects, 7% free, 185MB/201MB, paused 1.512ms total 71.548ms
08-06 05:43:11.522 16756 16821 I art     : Starting a blocking GC Explicit
08-06 05:43:11.587 16756 16821 I art     : Explicit concurrent mark sweep GC freed 171(3KB) AllocSpace objects, 0(0B) LOS objects, 7% free, 185MB/201MB, paused 1.605ms total 65.551ms
08-06 05:43:11.608 16756 16821 I art     : Starting a blocking GC Explicit
08-06 05:43:11.672 16756 16821 I art     : Explicit concurrent mark sweep GC freed 124(2128B) AllocSpace objects, 0(0B) LOS objects, 7% free, 185MB/201MB, paused 1.529ms total 63.893ms
08-06 05:43:11.693 16756 16821 I art     : Starting a blocking GC Explicit
08-06 05:43:11.760 16756 16821 I art     : Explicit concurrent mark sweep GC freed 123(2096B) AllocSpace objects, 0(0B) LOS objects, 7% free, 185MB/201MB, paused 1.557ms total 67.403ms
08-06 05:43:11.783 16756 16821 I art     : Starting a blocking GC Explicit
08-06 05:43:11.850 16756 16821 I art     : Explicit concurrent mark sweep GC freed 129(2192B) AllocSpace objects, 0(0B) LOS objects, 7% free, 185MB/201MB, paused 1.593ms total 66.754ms
08-06 05:43:12.278 16756 17031 I art     : Starting a blocking GC Explicit
08-06 05:43:12.344 16756 17031 I art     : Explicit concurrent mark sweep GC freed 2301(103KB) AllocSpace objects, 2(48KB) LOS objects, 7% free, 185MB/201MB, paused 1.474ms total 65.648ms
08-06 05:43:12.370 16756 17031 I art     : Starting a blocking GC Explicit
08-06 05:43:12.436 16756 17031 I art     : Explicit concurrent mark sweep GC freed 189(4KB) AllocSpace objects, 0(0B) LOS objects, 7% free, 185MB/201MB, paused 1.736ms total 66.065ms
08-06 05:43:12.456 16756 17031 I art     : Starting a blocking GC Explicit
08-06 05:43:12.523 16756 17031 I art     : Explicit concurrent mark sweep GC freed 164(3KB) AllocSpace objects, 0(0B) LOS objects, 7% free, 185MB/201MB, paused 1.488ms total 66.413ms
08-06 05:43:12.543 16756 17031 I art     : Starting a blocking GC Explicit
08-06 05:43:12.611 16756 17031 I art     : Explicit concurrent mark sweep GC freed 123(2096B) AllocSpace objects, 0(0B) LOS objects, 7% free, 185MB/201MB, paused 1.459ms total 67.288ms
08-06 05:43:12.631 16756 17031 I art     : Starting a blocking GC Explicit
08-06 05:43:12.701 16756 17031 I art     : Explicit concurrent mark sweep GC freed 139(2784B) AllocSpace objects, 0(0B) LOS objects, 7% free, 185MB/201MB, paused 1.751ms total 70.137ms
08-06 05:43:13.145 16756 16768 I art     : Starting a blocking GC Explicit
08-06 05:43:13.216 16756 16768 I art     : Explicit concurrent mark sweep GC freed 2336(104KB) AllocSpace objects, 2(48KB) LOS objects, 7% free, 185MB/201MB, paused 1.523ms total 70.450ms
08-06 05:43:13.239 16756 16768 I art     : Starting a blocking GC Explicit
08-06 05:43:13.298 16756 16768 I art     : Explicit concurrent mark sweep GC freed 148(3024B) AllocSpace objects, 0(0B) LOS objects, 7% free, 185MB/201MB, paused 1.339ms total 59.269ms
08-06 05:43:13.318 16756 16768 I art     : Starting a blocking GC Explicit
08-06 05:43:13.377 16756 16768 I art     : Explicit concurrent mark sweep GC freed 123(2096B) AllocSpace objects, 0(0B) LOS objects, 7% free, 185MB/201MB, paused 1.536ms total 59.409ms
08-06 05:43:13.397 16756 16768 I art     : Starting a blocking GC Explicit
08-06 05:43:13.457 16756 16768 I art     : Explicit concurrent mark sweep GC freed 158(3024B) AllocSpace objects, 0(0B) LOS objects, 7% free, 185MB/201MB, paused 1.405ms total 59.416ms
08-06 05:43:13.477 16756 16768 I art     : Starting a blocking GC Explicit
08-06 05:43:13.538 16756 16768 I art     : Explicit concurrent mark sweep GC freed 124(2128B) AllocSpace objects, 0(0B) LOS objects, 7% free, 185MB/201MB, paused 1.494ms total 60.850ms
08-06 05:43:13.783 19683 19683 D AndroidRuntime: >>>>>> START com.android.internal.os.RuntimeInit uid 2000 <<<<<<
08-06 05:43:13.790 19683 19683 D AndroidRuntime: CheckJNI is OFF
08-06 05:43:13.830 19683 19683 D ICU     : No timezone override file found: /data/misc/zoneinfo/current/icu/icu_tzdata.dat
08-06 05:43:13.872 19683 19683 I Radio-JNI: register_android_hardware_Radio DONE
08-06 05:43:13.901 19683 19683 D AndroidRuntime: Calling main entry com.android.commands.input.Input
08-06 05:43:13.903 19683 19683 I Input   : injectKeyEvent: KeyEvent { action=ACTION_DOWN, keyCode=KEYCODE_BACK, scanCode=0, metaState=0, flags=0x0, repeatCount=0, eventTime=855810316, downTime=855810316, deviceId=-1, source=0x101 }
08-06 05:43:13.908 19683 19683 I Input   : injectKeyEvent: KeyEvent { action=ACTION_UP, keyCode=KEYCODE_BACK, scanCode=0, metaState=0, flags=0x0, repeatCount=0, eventTime=855810316, downTime=855810316, deviceId=-1, source=0x101 }
08-06 05:43:13.914 19683 19683 D AndroidRuntime: Shutting down VM
08-06 05:43:13.934 16756 16756 V MainActivity: url = https://project-travel-mate.herokuapp.com/api/number-of-unread-notifications
08-06 05:43:13.969 13866 13866 I GoogleInputMethodServic: GoogleInputMethodService.onFinishInput():3138 
08-06 05:43:13.970 13866 13866 I GoogleInputMethodServic: GoogleInputMethodService.onStartInput():1808 
08-06 05:43:13.986 16756 16821 I art     : Starting a blocking GC Explicit
08-06 05:43:14.029 17187 17187 I ServiceManager: Waiting for service AtCmdFwd...
08-06 05:43:14.044 16756 16821 I art     : Explicit concurrent mark sweep GC freed 2655(120KB) AllocSpace objects, 2(48KB) LOS objects, 7% free, 185MB/201MB, paused 1.418ms total 57.079ms
08-06 05:43:14.064 16756 16821 I art     : Starting a blocking GC Explicit
08-06 05:43:14.119 16756 16821 I art     : Explicit concurrent mark sweep GC freed 244(9KB) AllocSpace objects, 0(0B) LOS objects, 7% free, 185MB/201MB, paused 1.610ms total 54.620ms
08-06 05:43:14.138 16756 16821 I art     : Starting a blocking GC Explicit
08-06 05:43:14.195 16756 16821 I art     : Explicit concurrent mark sweep GC freed 121(2832B) AllocSpace objects, 0(0B) LOS objects, 7% free, 185MB/201MB, paused 1.470ms total 57.537ms
08-06 05:43:14.215 16756 16821 I art     : Starting a blocking GC Explicit
08-06 05:43:14.284 16756 16821 I art     : Explicit concurrent mark sweep GC freed 126(2256B) AllocSpace objects, 0(0B) LOS objects, 7% free, 185MB/201MB, paused 1.428ms total 68.186ms
08-06 05:43:14.299   380   380 W SurfaceFlinger: couldn't log to binary event log: overflow.
08-06 05:43:14.304 16756 16821 I art     : Starting a blocking GC Explicit
08-06 05:43:14.366 16756 16821 I art     : Explicit concurrent mark sweep GC freed 76(1936B) AllocSpace objects, 1(188KB) LOS objects, 7% free, 185MB/201MB, paused 1.564ms total 62.019ms
08-06 05:43:14.722 16756 19706 I NAPPA_EXPERIMENTATION: MetricNetworkRequestExecutionTime: REQUEST_DURATION_SYSTEM='784',REQUEST_DURATION_OKHTTP='38',REQUEST_SYNCHRONOUS='FALSE',RESPONSE_CODE='200',RESPONSE_METHOD='GET',RESPONSE_LENGTH_OKHTTP='36',RESPONSE_LENGTH_HEADER='36',REQUEST_PROTOCOL='http/1.1',REQUEST_URL='https://project-travel-mate.herokuapp.com/api/number-of-unread-notifications',
08-06 05:43:14.791 16756 17031 I art     : Starting a blocking GC Explicit
08-06 05:43:14.870 16756 17031 I art     : Explicit concurrent mark sweep GC freed 11076(602KB) AllocSpace objects, 18(512KB) LOS objects, 7% free, 185MB/201MB, paused 1.645ms total 78.721ms
08-06 05:43:14.893 16756 17031 I art     : Starting a blocking GC Explicit
08-06 05:43:14.955 16756 17031 I art     : Explicit concurrent mark sweep GC freed 992(118KB) AllocSpace objects, 0(0B) LOS objects, 7% free, 185MB/201MB, paused 1.477ms total 61.320ms
08-06 05:43:14.975 16756 17031 I art     : Starting a blocking GC Explicit
08-06 05:43:15.030 17187 17187 I ServiceManager: Waiting for service AtCmdFwd...
08-06 05:43:15.038 16756 17031 I art     : Explicit concurrent mark sweep GC freed 3(96B) AllocSpace objects, 0(0B) LOS objects, 7% free, 185MB/201MB, paused 1.686ms total 62.919ms
08-06 05:43:15.063 16756 17031 I art     : Starting a blocking GC Explicit
08-06 05:43:15.130 16756 17031 I art     : Explicit concurrent mark sweep GC freed 3(96B) AllocSpace objects, 0(0B) LOS objects, 7% free, 185MB/201MB, paused 1.547ms total 67.214ms
08-06 05:43:15.155 16756 17031 I art     : Starting a blocking GC Explicit
08-06 05:43:15.209 16756 17031 I art     : Explicit concurrent mark sweep GC freed 3(96B) AllocSpace objects, 0(0B) LOS objects, 7% free, 185MB/201MB, paused 1.478ms total 54.016ms
08-06 05:43:15.624 16756 19303 I art     : Starting a blocking GC Explicit
08-06 05:43:15.681 16756 19303 I art     : Explicit concurrent mark sweep GC freed 1629(93KB) AllocSpace objects, 2(48KB) LOS objects, 7% free, 185MB/201MB, paused 1.449ms total 55.885ms
08-06 05:43:15.681 16756 16766 I art     : WaitForGcToComplete blocked for 38.184ms for cause HeapTrim
08-06 05:43:15.684 19718 19718 D AndroidRuntime: >>>>>> START com.android.internal.os.RuntimeInit uid 2000 <<<<<<
08-06 05:43:15.689 19718 19718 D AndroidRuntime: CheckJNI is OFF
08-06 05:43:15.699 16756 19303 I art     : Starting a blocking GC Explicit
08-06 05:43:15.728 19718 19718 D ICU     : No timezone override file found: /data/misc/zoneinfo/current/icu/icu_tzdata.dat
08-06 05:43:15.753 16756 19303 I art     : Explicit concurrent mark sweep GC freed 43(1776B) AllocSpace objects, 0(0B) LOS objects, 7% free, 185MB/201MB, paused 1.428ms total 53.359ms
08-06 05:43:15.768 19718 19718 I Radio-JNI: register_android_hardware_Radio DONE
08-06 05:43:15.775 16756 19303 I art     : Starting a blocking GC Explicit
08-06 05:43:15.796 19718 19718 D AndroidRuntime: Calling main entry com.android.commands.input.Input
08-06 05:43:15.798 19718 19718 I Input   : injectMotionEvent: MotionEvent { action=ACTION_DOWN, actionButton=0, id[0]=0, x[0]=117.0, y[0]=170.0, toolType[0]=TOOL_TYPE_UNKNOWN, buttonState=0, metaState=0, flags=0x0, edgeFlags=0x0, pointerCount=1, historySize=0, eventTime=855812210, downTime=855812210, deviceId=0, source=0x1002 }
08-06 05:43:15.808 19718 19718 I Input   : injectMotionEvent: MotionEvent { action=ACTION_UP, actionButton=0, id[0]=0, x[0]=117.0, y[0]=170.0, toolType[0]=TOOL_TYPE_UNKNOWN, buttonState=0, metaState=0, flags=0x0, edgeFlags=0x0, pointerCount=1, historySize=0, eventTime=855812210, downTime=855812210, deviceId=0, source=0x1002 }
08-06 05:43:15.830 16756 19303 I art     : Explicit concurrent mark sweep GC freed 16(736B) AllocSpace objects, 0(0B) LOS objects, 7% free, 185MB/201MB, paused 1.502ms total 54.849ms
08-06 05:43:15.846 19718 19718 D AndroidRuntime: Shutting down VM
08-06 05:43:15.851 16756 19303 I art     : Starting a blocking GC Explicit
08-06 05:43:15.886   512  2967 D audio_hw_primary: out_set_parameters: enter: usecase(1: low-latency-playback) kvpairs: routing=2
08-06 05:43:15.898   512  2967 D audio_hw_primary: select_devices: out_snd_device(2: speaker) in_snd_device(0: none)
08-06 05:43:15.899   512  2967 D msm8974_platform: platform_send_audio_calibration: sending audio calibration for snd_device(2) acdb_id(15)
08-06 05:43:15.899   512  2967 I soundtrigger: audio_extn_sound_trigger_update_device_status: device 0x2 of type 0 for Event 1
08-06 05:43:15.906 16756 19303 I art     : Explicit concurrent mark sweep GC freed 27(864B) AllocSpace objects, 0(0B) LOS objects, 7% free, 185MB/201MB, paused 1.424ms total 54.733ms
08-06 05:43:15.909   512  2967 D audio_hw_primary: enable_snd_device: snd_device(2: speaker)
08-06 05:43:15.911   512  2967 D audio_hw_primary: enable_audio_route: apply and update mixer path: low-latency-playback speaker
08-06 05:43:15.926 16756 19303 I art     : Starting a blocking GC Explicit
08-06 05:43:15.979 16756 19303 I art     : Explicit concurrent mark sweep GC freed 318(16KB) AllocSpace objects, 0(0B) LOS objects, 7% free, 185MB/201MB, paused 1.595ms total 52.694ms
08-06 05:43:16.030 17187 17187 I ServiceManager: Waiting for service AtCmdFwd...
08-06 05:43:16.096   918  3261 D WifiStateMachine: starting scan for "H369AA63323"WPA_PSK with 2412,5180
08-06 05:43:16.387 16756 19303 I art     : Starting a blocking GC Explicit
08-06 05:43:16.440 16756 19303 I art     : Explicit concurrent mark sweep GC freed 1699(97KB) AllocSpace objects, 2(48KB) LOS objects, 7% free, 185MB/201MB, paused 1.457ms total 52.832ms
08-06 05:43:16.449   512  2967 D audio_hw_primary: disable_audio_route: reset and update mixer path: low-latency-playback speaker
08-06 05:43:16.449   512  2967 D audio_hw_primary: disable_snd_device: snd_device(2: speaker)
08-06 05:43:16.457   512  2967 I soundtrigger: audio_extn_sound_trigger_update_device_status: device 0x2 of type 0 for Event 0
08-06 05:43:16.459 16756 19303 I art     : Starting a blocking GC Explicit
08-06 05:43:16.511 16756 19303 I art     : Explicit concurrent mark sweep GC freed 75(2336B) AllocSpace objects, 0(0B) LOS objects, 7% free, 185MB/201MB, paused 1.413ms total 52.057ms
08-06 05:43:16.530 16756 19303 I art     : Starting a blocking GC Explicit
08-06 05:43:16.586 16756 19303 I art     : Explicit concurrent mark sweep GC freed 3(96B) AllocSpace objects, 0(0B) LOS objects, 7% free, 185MB/201MB, paused 1.346ms total 55.288ms
08-06 05:43:16.603 19741 19741 D AndroidRuntime: >>>>>> START com.android.internal.os.RuntimeInit uid 2000 <<<<<<
08-06 05:43:16.606 16756 19303 I art     : Starting a blocking GC Explicit
08-06 05:43:16.609 19741 19741 D AndroidRuntime: CheckJNI is OFF
08-06 05:43:16.652 19741 19741 D ICU     : No timezone override file found: /data/misc/zoneinfo/current/icu/icu_tzdata.dat
08-06 05:43:16.663 16756 19303 I art     : Explicit concurrent mark sweep GC freed 3(96B) AllocSpace objects, 0(0B) LOS objects, 7% free, 185MB/201MB, paused 1.410ms total 56.382ms
08-06 05:43:16.682 16756 19303 I art     : Starting a blocking GC Explicit
08-06 05:43:16.694 19741 19741 I Radio-JNI: register_android_hardware_Radio DONE
08-06 05:43:16.723 19741 19741 D AndroidRuntime: Calling main entry com.android.commands.input.Input
08-06 05:43:16.725 19741 19741 I Input   : injectMotionEvent: MotionEvent { action=ACTION_DOWN, actionButton=0, id[0]=0, x[0]=405.0, y[0]=661.0, toolType[0]=TOOL_TYPE_UNKNOWN, buttonState=0, metaState=0, flags=0x0, edgeFlags=0x0, pointerCount=1, historySize=0, eventTime=855813138, downTime=855813138, deviceId=0, source=0x1002 }
08-06 05:43:16.730 19741 19741 I Input   : injectMotionEvent: MotionEvent { action=ACTION_UP, actionButton=0, id[0]=0, x[0]=405.0, y[0]=661.0, toolType[0]=TOOL_TYPE_UNKNOWN, buttonState=0, metaState=0, flags=0x0, edgeFlags=0x0, pointerCount=1, historySize=0, eventTime=855813138, downTime=855813138, deviceId=0, source=0x1002 }
08-06 05:43:16.733 19741 19741 D AndroidRuntime: Shutting down VM
08-06 05:43:16.740 16756 19303 I art     : Explicit concurrent mark sweep GC freed 13(416B) AllocSpace objects, 0(0B) LOS objects, 7% free, 185MB/201MB, paused 1.534ms total 57.446ms
08-06 05:43:16.746   512  2967 D audio_hw_primary: out_set_parameters: enter: usecase(1: low-latency-playback) kvpairs: routing=2
08-06 05:43:16.759   512  2967 D audio_hw_primary: select_devices: out_snd_device(2: speaker) in_snd_device(0: none)
08-06 05:43:16.759   512  2967 D msm8974_platform: platform_send_audio_calibration: sending audio calibration for snd_device(2) acdb_id(15)
08-06 05:43:16.759   512  2967 I soundtrigger: audio_extn_sound_trigger_update_device_status: device 0x2 of type 0 for Event 1
08-06 05:43:16.768   512  2967 D audio_hw_primary: enable_snd_device: snd_device(2: speaker)
08-06 05:43:16.770   512  2967 D audio_hw_primary: enable_audio_route: apply and update mixer path: low-latency-playback speaker
08-06 05:43:16.816   512  2967 D AudioFlinger: mixer(0xf4740000) throttle end: throttle time(12)
08-06 05:43:17.031 17187 17187 I ServiceManager: Waiting for service AtCmdFwd...
08-06 05:43:17.131 16756 19303 I art     : Starting a blocking GC Explicit
08-06 05:43:17.205 16756 19303 I art     : Explicit concurrent mark sweep GC freed 3599(164KB) AllocSpace objects, 11(300KB) LOS objects, 7% free, 185MB/201MB, paused 1.590ms total 73.666ms
08-06 05:43:17.225 16756 19303 I art     : Starting a blocking GC Explicit
08-06 05:43:17.283 16756 19303 I art     : Explicit concurrent mark sweep GC freed 930(53KB) AllocSpace objects, 0(0B) LOS objects, 7% free, 185MB/201MB, paused 1.495ms total 57.902ms
08-06 05:43:17.302 16756 19303 I art     : Starting a blocking GC Explicit
08-06 05:43:17.308   512  2967 D audio_hw_primary: disable_audio_route: reset and update mixer path: low-latency-playback speaker
08-06 05:43:17.310   512  2967 D audio_hw_primary: disable_snd_device: snd_device(2: speaker)
08-06 05:43:17.318   512  2967 I soundtrigger: audio_extn_sound_trigger_update_device_status: device 0x2 of type 0 for Event 0
08-06 05:43:17.362 16756 19303 I art     : Explicit concurrent mark sweep GC freed 3(96B) AllocSpace objects, 0(0B) LOS objects, 7% free, 185MB/201MB, paused 1.572ms total 59.096ms
08-06 05:43:17.382 16756 19303 I art     : Starting a blocking GC Explicit
08-06 05:43:17.444 16756 19303 I art     : Explicit concurrent mark sweep GC freed 3(96B) AllocSpace objects, 0(0B) LOS objects, 7% free, 185MB/201MB, paused 1.477ms total 61.854ms
08-06 05:43:17.464 16756 19303 I art     : Starting a blocking GC Explicit
08-06 05:43:17.527 16756 19303 I art     : Explicit concurrent mark sweep GC freed 40(1088B) AllocSpace objects, 0(0B) LOS objects, 7% free, 185MB/201MB, paused 1.357ms total 62.168ms
08-06 05:43:17.947 16756 16821 I art     : Starting a blocking GC Explicit
08-06 05:43:18.029 16756 16821 I art     : Explicit concurrent mark sweep GC freed 1586(92KB) AllocSpace objects, 2(48KB) LOS objects, 7% free, 185MB/201MB, paused 1.751ms total 81.287ms
08-06 05:43:18.031 17187 17187 I ServiceManager: Waiting for service AtCmdFwd...
08-06 05:43:18.052 16756 16821 I art     : Starting a blocking GC Explicit
08-06 05:43:18.115 16756 16821 I art     : Explicit concurrent mark sweep GC freed 28(1024B) AllocSpace objects, 0(0B) LOS objects, 7% free, 185MB/201MB, paused 1.440ms total 62.613ms
08-06 05:43:18.135 16756 16821 I art     : Starting a blocking GC Explicit
08-06 05:43:18.202 16756 16821 I art     : Explicit concurrent mark sweep GC freed 3(96B) AllocSpace objects, 0(0B) LOS objects, 7% free, 185MB/201MB, paused 1.593ms total 67.094ms
08-06 05:43:18.225 16756 16821 I art     : Starting a blocking GC Explicit
08-06 05:43:18.289 16756 16821 I art     : Explicit concurrent mark sweep GC freed 3(96B) AllocSpace objects, 0(0B) LOS objects, 7% free, 185MB/201MB, paused 1.506ms total 63.556ms
08-06 05:43:18.309 16756 16821 I art     : Starting a blocking GC Explicit
08-06 05:43:18.372 16756 16821 I art     : Explicit concurrent mark sweep GC freed 3(96B) AllocSpace objects, 0(0B) LOS objects, 7% free, 185MB/201MB, paused 1.550ms total 62.335ms
08-06 05:43:18.823 16756 17031 I art     : Starting a blocking GC Explicit
08-06 05:43:18.910 16756 17031 I art     : Explicit concurrent mark sweep GC freed 1635(93KB) AllocSpace objects, 2(48KB) LOS objects, 7% free, 185MB/201MB, paused 1.806ms total 86.555ms
08-06 05:43:18.933 16756 17031 I art     : Starting a blocking GC Explicit
08-06 05:43:18.997 16756 17031 I art     : Explicit concurrent mark sweep GC freed 38(1568B) AllocSpace objects, 0(0B) LOS objects, 7% free, 185MB/201MB, paused 1.455ms total 63.285ms
08-06 05:43:19.017 16756 17031 I art     : Starting a blocking GC Explicit
08-06 05:43:19.032 17187 17187 W Atfwd_Sendcmd: AtCmdFwd service not published, waiting... retryCnt : 2
08-06 05:43:19.076 16756 17031 I art     : Explicit concurrent mark sweep GC freed 3(96B) AllocSpace objects, 0(0B) LOS objects, 7% free, 185MB/201MB, paused 1.446ms total 59.080ms
08-06 05:43:19.097 16756 17031 I art     : Starting a blocking GC Explicit
08-06 05:43:19.156 16756 17031 I art     : Explicit concurrent mark sweep GC freed 3(96B) AllocSpace objects, 0(0B) LOS objects, 7% free, 185MB/201MB, paused 1.460ms total 59.003ms
08-06 05:43:19.176 16756 17031 I art     : Starting a blocking GC Explicit
08-06 05:43:19.240 16756 17031 I art     : Explicit concurrent mark sweep GC freed 3(96B) AllocSpace objects, 0(0B) LOS objects, 7% free, 185MB/201MB, paused 1.572ms total 63.770ms
08-06 05:43:19.522 19793 19793 D AndroidRuntime: >>>>>> START com.android.internal.os.RuntimeInit uid 2000 <<<<<<
08-06 05:43:19.528 19793 19793 D AndroidRuntime: CheckJNI is OFF
08-06 05:43:19.571 19793 19793 D ICU     : No timezone override file found: /data/misc/zoneinfo/current/icu/icu_tzdata.dat
08-06 05:43:19.618 19793 19793 I Radio-JNI: register_android_hardware_Radio DONE
08-06 05:43:19.648 19793 19793 D AndroidRuntime: Calling main entry com.android.commands.input.Input
08-06 05:43:19.652 19793 19793 I Input   : injectMotionEvent: MotionEvent { action=ACTION_DOWN, actionButton=0, id[0]=0, x[0]=1341.0, y[0]=197.0, toolType[0]=TOOL_TYPE_UNKNOWN, buttonState=0, metaState=0, flags=0x0, edgeFlags=0x0, pointerCount=1, historySize=0, eventTime=855816064, downTime=855816064, deviceId=0, source=0x1002 }
08-06 05:43:19.662 19793 19793 I Input   : injectMotionEvent: MotionEvent { action=ACTION_UP, actionButton=0, id[0]=0, x[0]=1341.0, y[0]=197.0, toolType[0]=TOOL_TYPE_UNKNOWN, buttonState=0, metaState=0, flags=0x0, edgeFlags=0x0, pointerCount=1, historySize=0, eventTime=855816064, downTime=855816064, deviceId=0, source=0x1002 }
08-06 05:43:19.667 19793 19793 D AndroidRuntime: Shutting down VM
08-06 05:43:19.673   918  3961 I ActivityManager: START u0 {cmp=baseline.io.github.project_travel_mate/.notifications.NotificationsActivity} from uid 10696 on display 0
08-06 05:43:19.675   512  2967 D audio_hw_primary: out_set_parameters: enter: usecase(1: low-latency-playback) kvpairs: routing=2
08-06 05:43:19.683 16756 19303 I art     : Starting a blocking GC Explicit
08-06 05:43:19.688   512  2967 D audio_hw_primary: select_devices: out_snd_device(2: speaker) in_snd_device(0: none)
08-06 05:43:19.689   512  2967 D msm8974_platform: platform_send_audio_calibration: sending audio calibration for snd_device(2) acdb_id(15)
08-06 05:43:19.689   512  2967 I soundtrigger: audio_extn_sound_trigger_update_device_status: device 0x2 of type 0 for Event 1
08-06 05:43:19.701   512  2967 D audio_hw_primary: enable_snd_device: snd_device(2: speaker)
08-06 05:43:19.703   512  2967 D audio_hw_primary: enable_audio_route: apply and update mixer path: low-latency-playback speaker
08-06 05:43:19.711 16756 16819 D Gabe    : call	returning from cache
08-06 05:43:19.716 16756 16756 V EXECUTING: https://project-travel-mate.herokuapp.com/api/get-notifications
08-06 05:43:19.718 16756 16756 V EXECUTING: https://project-travel-mate.herokuapp.com/api/get-notifications
08-06 05:43:19.740 16756 19303 I art     : Explicit concurrent mark sweep GC freed 2800(161KB) AllocSpace objects, 2(48KB) LOS objects, 7% free, 185MB/201MB, paused 1.611ms total 56.529ms
08-06 05:43:19.758 16756 19303 I art     : Starting a blocking GC Explicit
08-06 05:43:19.814 16756 19303 I art     : Explicit concurrent mark sweep GC freed 1101(59KB) AllocSpace objects, 0(0B) LOS objects, 7% free, 189MB/205MB, paused 1.755ms total 56.227ms
08-06 05:43:19.834 16756 19303 I art     : Starting a blocking GC Explicit
08-06 05:43:19.867   918   936 I ActivityManager: Displayed baseline.io.github.project_travel_mate/.notifications.NotificationsActivity: +183ms
08-06 05:43:19.868 13866 13866 I GoogleInputMethodServic: GoogleInputMethodService.onFinishInput():3138 
08-06 05:43:19.868 13866 13866 I GoogleInputMethodServic: GoogleInputMethodService.onStartInput():1808 
08-06 05:43:19.892 16756 19303 I art     : Explicit concurrent mark sweep GC freed 203(8KB) AllocSpace objects, 0(0B) LOS objects, 7% free, 189MB/205MB, paused 1.893ms total 57.713ms
08-06 05:43:19.913 16756 19303 I art     : Starting a blocking GC Explicit
08-06 05:43:19.963 16756 16771 D OpenGLRenderer: endAllStagingAnimators on 0x7f7bf6e400 (RippleDrawable) with handle 0x7f7b2325e0
08-06 05:43:19.972 16756 19303 I art     : Explicit concurrent mark sweep GC freed 132(3KB) AllocSpace objects, 0(0B) LOS objects, 7% free, 189MB/205MB, paused 1.607ms total 58.708ms
08-06 05:43:19.992 16756 19303 I art     : Starting a blocking GC Explicit
08-06 05:43:20.052 16756 19303 I art     : Explicit concurrent mark sweep GC freed 124(3KB) AllocSpace objects, 0(0B) LOS objects, 7% free, 189MB/205MB, paused 1.637ms total 59.324ms
08-06 05:43:20.122   380   380 W SurfaceFlinger: couldn't log to binary event log: overflow.
08-06 05:43:20.239   512  2967 D audio_hw_primary: disable_audio_route: reset and update mixer path: low-latency-playback speaker
08-06 05:43:20.240   512  2967 D audio_hw_primary: disable_snd_device: snd_device(2: speaker)
08-06 05:43:20.248   512  2967 I soundtrigger: audio_extn_sound_trigger_update_device_status: device 0x2 of type 0 for Event 0
08-06 05:43:20.254 16756 19817 I NAPPA_EXPERIMENTATION: MetricNetworkRequestExecutionTime: REQUEST_DURATION_SYSTEM='537',REQUEST_DURATION_OKHTTP='39',REQUEST_SYNCHRONOUS='FALSE',RESPONSE_CODE='200',RESPONSE_METHOD='GET',RESPONSE_LENGTH_OKHTTP='2',RESPONSE_LENGTH_HEADER='2',REQUEST_PROTOCOL='http/1.1',REQUEST_URL='https://project-travel-mate.herokuapp.com/api/get-notifications',
08-06 05:43:20.282 16756 19818 I NAPPA_EXPERIMENTATION: MetricNetworkRequestExecutionTime: REQUEST_DURATION_SYSTEM='563',REQUEST_DURATION_OKHTTP='63',REQUEST_SYNCHRONOUS='FALSE',RESPONSE_CODE='200',RESPONSE_METHOD='GET',RESPONSE_LENGTH_OKHTTP='2',RESPONSE_LENGTH_HEADER='2',REQUEST_PROTOCOL='http/1.1',REQUEST_URL='https://project-travel-mate.herokuapp.com/api/get-notifications',
08-06 05:43:20.422 16756 16756 V Response: [] 
08-06 05:43:20.426 16756 16819 D Gabe    : call	returning from cache
08-06 05:43:20.427 16756 16756 V Response: [] 
08-06 05:43:20.430 16756 16819 D Gabe    : call	returning from cache
08-06 05:43:20.442 16756 16768 I art     : Starting a blocking GC Explicit
08-06 05:43:20.500 16756 16768 I art     : Explicit concurrent mark sweep GC freed 9723(468KB) AllocSpace objects, 9(636KB) LOS objects, 7% free, 190MB/206MB, paused 1.538ms total 58.479ms
08-06 05:43:20.520 16756 16768 I art     : Starting a blocking GC Explicit
08-06 05:43:20.574 16756 16768 I art     : Explicit concurrent mark sweep GC freed 3852(306KB) AllocSpace objects, 0(0B) LOS objects, 7% free, 189MB/205MB, paused 1.311ms total 53.463ms
08-06 05:43:20.593 16756 16768 I art     : Starting a blocking GC Explicit
08-06 05:43:20.646 16756 16768 I art     : Explicit concurrent mark sweep GC freed 338(5KB) AllocSpace objects, 0(0B) LOS objects, 7% free, 189MB/205MB, paused 1.499ms total 52.843ms
08-06 05:43:20.664 16756 16768 I art     : Starting a blocking GC Explicit
08-06 05:43:20.717 16756 16768 I art     : Explicit concurrent mark sweep GC freed 324(5KB) AllocSpace objects, 0(0B) LOS objects, 7% free, 189MB/205MB, paused 1.411ms total 52.631ms
08-06 05:43:20.737 16756 16768 I art     : Starting a blocking GC Explicit
08-06 05:43:20.791 16756 16768 I art     : Explicit concurrent mark sweep GC freed 377(7KB) AllocSpace objects, 0(0B) LOS objects, 7% free, 189MB/205MB, paused 1.498ms total 54.378ms
08-06 05:43:20.791 16756 16766 I art     : WaitForGcToComplete blocked for 37.725ms for cause HeapTrim
08-06 05:43:21.196 16756 16821 I art     : Starting a blocking GC Explicit
08-06 05:43:21.251 16756 16821 I art     : Explicit concurrent mark sweep GC freed 3731(134KB) AllocSpace objects, 2(48KB) LOS objects, 7% free, 189MB/205MB, paused 1.344ms total 54.177ms
08-06 05:43:21.270 16756 16821 I art     : Starting a blocking GC Explicit
08-06 05:43:21.323 16756 16821 I art     : Explicit concurrent mark sweep GC freed 308(5KB) AllocSpace objects, 0(0B) LOS objects, 7% free, 189MB/205MB, paused 1.395ms total 53.191ms
08-06 05:43:21.342 16756 16821 I art     : Starting a blocking GC Explicit
08-06 05:43:21.399 16756 16821 I art     : Explicit concurrent mark sweep GC freed 359(5KB) AllocSpace objects, 0(0B) LOS objects, 7% free, 189MB/205MB, paused 1.518ms total 56.029ms
08-06 05:43:21.418 16756 16821 I art     : Starting a blocking GC Explicit
08-06 05:43:21.474 16756 16821 I art     : Explicit concurrent mark sweep GC freed 330(5KB) AllocSpace objects, 0(0B) LOS objects, 7% free, 189MB/205MB, paused 1.382ms total 55.604ms
08-06 05:43:21.494 16756 16821 I art     : Starting a blocking GC Explicit
08-06 05:43:21.550 16756 16821 I art     : Explicit concurrent mark sweep GC freed 362(5KB) AllocSpace objects, 0(0B) LOS objects, 7% free, 189MB/205MB, paused 1.410ms total 56.076ms
08-06 05:43:21.784   518   646 I ThermalEngine: ACTION: GPU - Setting GPU[0] to 390000000
08-06 05:43:22.002 16756 16768 I art     : Starting a blocking GC Explicit
08-06 05:43:22.069 16756 16768 I art     : Explicit concurrent mark sweep GC freed 3796(128KB) AllocSpace objects, 2(48KB) LOS objects, 7% free, 189MB/205MB, paused 2.231ms total 66.764ms
08-06 05:43:22.094 16756 16768 I art     : Starting a blocking GC Explicit
08-06 05:43:22.167 16756 16768 I art     : Explicit concurrent mark sweep GC freed 426(8KB) AllocSpace objects, 0(0B) LOS objects, 7% free, 189MB/205MB, paused 8.873ms total 72.168ms
08-06 05:43:22.192 16756 16768 I art     : Starting a blocking GC Explicit
08-06 05:43:22.259 16756 16768 I art     : Explicit concurrent mark sweep GC freed 421(6KB) AllocSpace objects, 0(0B) LOS objects, 7% free, 189MB/205MB, paused 2.723ms total 66.863ms
08-06 05:43:22.285 16756 16768 I art     : Starting a blocking GC Explicit
08-06 05:43:22.352 16756 16768 I art     : Explicit concurrent mark sweep GC freed 425(6KB) AllocSpace objects, 0(0B) LOS objects, 7% free, 189MB/205MB, paused 2.187ms total 66.375ms
08-06 05:43:22.377 16756 16768 I art     : Starting a blocking GC Explicit
08-06 05:43:22.446 16756 16768 I art     : Explicit concurrent mark sweep GC freed 361(5KB) AllocSpace objects, 0(0B) LOS objects, 7% free, 189MB/205MB, paused 2.806ms total 68.702ms
08-06 05:43:22.882 16756 16821 I art     : Starting a blocking GC Explicit
08-06 05:43:22.949 16756 16821 I art     : Explicit concurrent mark sweep GC freed 3794(127KB) AllocSpace objects, 2(48KB) LOS objects, 7% free, 189MB/205MB, paused 2.116ms total 66.669ms
08-06 05:43:22.974 16756 16821 I art     : Starting a blocking GC Explicit
08-06 05:43:23.042 16756 16821 I art     : Explicit concurrent mark sweep GC freed 390(7KB) AllocSpace objects, 0(0B) LOS objects, 7% free, 189MB/205MB, paused 1.906ms total 67.098ms
08-06 05:43:23.066 16756 16821 I art     : Starting a blocking GC Explicit
08-06 05:43:23.130 16756 16821 I art     : Explicit concurrent mark sweep GC freed 377(6KB) AllocSpace objects, 0(0B) LOS objects, 7% free, 189MB/205MB, paused 2.041ms total 63.432ms
08-06 05:43:23.156 16756 16821 I art     : Starting a blocking GC Explicit
08-06 05:43:23.222 16756 16821 I art     : Explicit concurrent mark sweep GC freed 400(6KB) AllocSpace objects, 0(0B) LOS objects, 7% free, 189MB/205MB, paused 1.961ms total 66.365ms
08-06 05:43:23.248 16756 16821 I art     : Starting a blocking GC Explicit
08-06 05:43:23.313 16756 16821 I art     : Explicit concurrent mark sweep GC freed 362(5KB) AllocSpace objects, 0(0B) LOS objects, 7% free, 189MB/205MB, paused 2.004ms total 65.176ms
08-06 05:43:23.761 16756 16768 I art     : Starting a blocking GC Explicit
08-06 05:43:23.830 16756 16768 I art     : Explicit concurrent mark sweep GC freed 3796(127KB) AllocSpace objects, 2(48KB) LOS objects, 7% free, 189MB/205MB, paused 2.470ms total 68.540ms
08-06 05:43:23.856 16756 16768 I art     : Starting a blocking GC Explicit
08-06 05:43:23.921 16756 16768 I art     : Explicit concurrent mark sweep GC freed 453(7KB) AllocSpace objects, 0(0B) LOS objects, 7% free, 189MB/205MB, paused 1.998ms total 64.867ms
08-06 05:43:23.945 16756 16768 I art     : Starting a blocking GC Explicit
08-06 05:43:24.010 16756 16768 I art     : Explicit concurrent mark sweep GC freed 407(7KB) AllocSpace objects, 0(0B) LOS objects, 7% free, 189MB/205MB, paused 1.914ms total 64.257ms
08-06 05:43:24.036 16756 16768 I art     : Starting a blocking GC Explicit
08-06 05:43:24.101 16756 16768 I art     : Explicit concurrent mark sweep GC freed 404(6KB) AllocSpace objects, 0(0B) LOS objects, 7% free, 189MB/205MB, paused 2.034ms total 64.850ms
08-06 05:43:24.125 16756 16768 I art     : Starting a blocking GC Explicit
08-06 05:43:24.190 16756 16768 I art     : Explicit concurrent mark sweep GC freed 534(16KB) AllocSpace objects, 0(0B) LOS objects, 7% free, 189MB/205MB, paused 1.914ms total 64.641ms
08-06 05:43:24.590 19873 19873 D AndroidRuntime: >>>>>> START com.android.internal.os.RuntimeInit uid 2000 <<<<<<
08-06 05:43:24.596 19873 19873 D AndroidRuntime: CheckJNI is OFF
08-06 05:43:24.634 16756 16768 I art     : Starting a blocking GC Explicit
08-06 05:43:24.660 19873 19873 D ICU     : No timezone override file found: /data/misc/zoneinfo/current/icu/icu_tzdata.dat
08-06 05:43:24.700 16756 16768 I art     : Explicit concurrent mark sweep GC freed 3744(127KB) AllocSpace objects, 2(48KB) LOS objects, 7% free, 189MB/205MB, paused 2.101ms total 65.514ms
08-06 05:43:24.704 19873 19873 I Radio-JNI: register_android_hardware_Radio DONE
08-06 05:43:24.724 16756 16768 I art     : Starting a blocking GC Explicit
08-06 05:43:24.749 19873 19873 D AndroidRuntime: Calling main entry com.android.commands.input.Input
08-06 05:43:24.751 19873 19873 I Input   : injectKeyEvent: KeyEvent { action=ACTION_DOWN, keyCode=KEYCODE_BACK, scanCode=0, metaState=0, flags=0x0, repeatCount=0, eventTime=855821164, downTime=855821164, deviceId=-1, source=0x101 }
08-06 05:43:24.758 19873 19873 I Input   : injectKeyEvent: KeyEvent { action=ACTION_UP, keyCode=KEYCODE_BACK, scanCode=0, metaState=0, flags=0x0, repeatCount=0, eventTime=855821164, downTime=855821164, deviceId=-1, source=0x101 }
08-06 05:43:24.782 19873 19873 D AndroidRuntime: Shutting down VM
08-06 05:43:24.789 16756 16768 I art     : Explicit concurrent mark sweep GC freed 457(8KB) AllocSpace objects, 0(0B) LOS objects, 7% free, 189MB/205MB, paused 2.149ms total 64.317ms
08-06 05:43:24.814 16756 16768 I art     : Starting a blocking GC Explicit
08-06 05:43:24.820 16756 16756 V MainActivity: url = https://project-travel-mate.herokuapp.com/api/number-of-unread-notifications
08-06 05:43:24.881 16756 16768 I art     : Explicit concurrent mark sweep GC freed 567(18KB) AllocSpace objects, 0(0B) LOS objects, 7% free, 189MB/205MB, paused 2.591ms total 67.002ms
08-06 05:43:24.890 13866 13866 I GoogleInputMethodServic: GoogleInputMethodService.onFinishInput():3138 
08-06 05:43:24.891 13866 13866 I GoogleInputMethodServic: GoogleInputMethodService.onStartInput():1808 
08-06 05:43:24.906 16756 16768 I art     : Starting a blocking GC Explicit
08-06 05:43:24.970 16756 16768 I art     : Explicit concurrent mark sweep GC freed 279(10KB) AllocSpace objects, 0(0B) LOS objects, 7% free, 189MB/205MB, paused 1.847ms total 63.251ms
08-06 05:43:24.995 16756 16768 I art     : Starting a blocking GC Explicit
08-06 05:43:25.087 16756 16768 I art     : Explicit concurrent mark sweep GC freed 95(2320B) AllocSpace objects, 0(0B) LOS objects, 7% free, 189MB/205MB, paused 4.055ms total 91.715ms
08-06 05:43:25.160   380   380 W SurfaceFlinger: couldn't log to binary event log: overflow.
08-06 05:43:25.568 16756 19303 I art     : Starting a blocking GC Explicit
08-06 05:43:25.671 16756 19303 I art     : Explicit concurrent mark sweep GC freed 4277(227KB) AllocSpace objects, 6(4MB) LOS objects, 7% free, 185MB/201MB, paused 3.246ms total 102.016ms
08-06 05:43:25.678 16756 19896 I NAPPA_EXPERIMENTATION: MetricNetworkRequestExecutionTime: REQUEST_DURATION_SYSTEM='855',REQUEST_DURATION_OKHTTP='33',REQUEST_SYNCHRONOUS='FALSE',RESPONSE_CODE='200',RESPONSE_METHOD='GET',RESPONSE_LENGTH_OKHTTP='36',RESPONSE_LENGTH_HEADER='36',REQUEST_PROTOCOL='http/1.1',REQUEST_URL='https://project-travel-mate.herokuapp.com/api/number-of-unread-notifications',
08-06 05:43:25.701 16756 19303 I art     : Starting a blocking GC Explicit
08-06 05:43:25.772 16756 19303 I art     : Explicit concurrent mark sweep GC freed 4825(306KB) AllocSpace objects, 2(56KB) LOS objects, 7% free, 185MB/201MB, paused 2.120ms total 71.175ms
08-06 05:43:25.800 16756 19303 I art     : Starting a blocking GC Explicit
08-06 05:43:25.878 16756 19303 I art     : Explicit concurrent mark sweep GC freed 113(5KB) AllocSpace objects, 0(0B) LOS objects, 7% free, 185MB/201MB, paused 2.373ms total 78.219ms
08-06 05:43:25.906 16756 19303 I art     : Starting a blocking GC Explicit
08-06 05:43:25.985 16756 19303 I art     : Explicit concurrent mark sweep GC freed 14(672B) AllocSpace objects, 0(0B) LOS objects, 7% free, 185MB/201MB, paused 2.197ms total 78.167ms
08-06 05:43:26.018 16756 19303 I art     : Starting a blocking GC Explicit
08-06 05:43:26.094 16756 19303 I art     : Explicit concurrent mark sweep GC freed 3(96B) AllocSpace objects, 0(0B) LOS objects, 7% free, 185MB/201MB, paused 2.161ms total 74.994ms
08-06 05:43:26.581 16756 16821 I art     : Starting a blocking GC Explicit
08-06 05:43:26.660 16756 16821 I art     : Explicit concurrent mark sweep GC freed 1636(93KB) AllocSpace objects, 2(48KB) LOS objects, 7% free, 185MB/201MB, paused 2.337ms total 78.696ms
08-06 05:43:26.687 16756 16821 I art     : Starting a blocking GC Explicit
08-06 05:43:26.689 19908 19908 D AndroidRuntime: >>>>>> START com.android.internal.os.RuntimeInit uid 2000 <<<<<<
08-06 05:43:26.696 19908 19908 D AndroidRuntime: CheckJNI is OFF
08-06 05:43:26.750 19908 19908 D ICU     : No timezone override file found: /data/misc/zoneinfo/current/icu/icu_tzdata.dat
08-06 05:43:26.760 16756 16821 I art     : Explicit concurrent mark sweep GC freed 42(1456B) AllocSpace objects, 0(0B) LOS objects, 7% free, 185MB/201MB, paused 2.257ms total 72.411ms
08-06 05:43:26.788 16756 16821 I art     : Starting a blocking GC Explicit
08-06 05:43:26.796 19908 19908 I Radio-JNI: register_android_hardware_Radio DONE
08-06 05:43:26.827 19908 19908 D AndroidRuntime: Calling main entry com.android.commands.input.Input
08-06 05:43:26.830 19908 19908 I Input   : injectMotionEvent: MotionEvent { action=ACTION_DOWN, actionButton=0, id[0]=0, x[0]=117.0, y[0]=170.0, toolType[0]=TOOL_TYPE_UNKNOWN, buttonState=0, metaState=0, flags=0x0, edgeFlags=0x0, pointerCount=1, historySize=0, eventTime=855823242, downTime=855823242, deviceId=0, source=0x1002 }
08-06 05:43:26.836 19908 19908 I Input   : injectMotionEvent: MotionEvent { action=ACTION_UP, actionButton=0, id[0]=0, x[0]=117.0, y[0]=170.0, toolType[0]=TOOL_TYPE_UNKNOWN, buttonState=0, metaState=0, flags=0x0, edgeFlags=0x0, pointerCount=1, historySize=0, eventTime=855823242, downTime=855823242, deviceId=0, source=0x1002 }
08-06 05:43:26.839 19908 19908 D AndroidRuntime: Shutting down VM
08-06 05:43:26.851   512  2967 D audio_hw_primary: out_set_parameters: enter: usecase(1: low-latency-playback) kvpairs: routing=2
08-06 05:43:26.864 16756 16821 I art     : Explicit concurrent mark sweep GC freed 26(832B) AllocSpace objects, 0(0B) LOS objects, 7% free, 185MB/201MB, paused 2.634ms total 75.879ms
08-06 05:43:26.865   512  2967 D audio_hw_primary: select_devices: out_snd_device(2: speaker) in_snd_device(0: none)
08-06 05:43:26.865   512  2967 D msm8974_platform: platform_send_audio_calibration: sending audio calibration for snd_device(2) acdb_id(15)
08-06 05:43:26.865   512  2967 I soundtrigger: audio_extn_sound_trigger_update_device_status: device 0x2 of type 0 for Event 1
08-06 05:43:26.876   512  2967 D audio_hw_primary: enable_snd_device: snd_device(2: speaker)
08-06 05:43:26.879   512  2967 D audio_hw_primary: enable_audio_route: apply and update mixer path: low-latency-playback speaker
08-06 05:43:26.891 16756 16821 I art     : Starting a blocking GC Explicit
08-06 05:43:26.987 16756 16821 I art     : Explicit concurrent mark sweep GC freed 391(20KB) AllocSpace objects, 0(0B) LOS objects, 7% free, 185MB/201MB, paused 5.058ms total 95.546ms
08-06 05:43:27.020 16756 16821 I art     : Starting a blocking GC Explicit
08-06 05:43:27.122 16756 16821 I art     : Explicit concurrent mark sweep GC freed 25(1104B) AllocSpace objects, 0(0B) LOS objects, 7% free, 185MB/201MB, paused 2.410ms total 101.056ms
08-06 05:43:27.419   512  2967 D audio_hw_primary: disable_audio_route: reset and update mixer path: low-latency-playback speaker
08-06 05:43:27.420   512  2967 D audio_hw_primary: disable_snd_device: snd_device(2: speaker)
08-06 05:43:27.428   512  2967 I soundtrigger: audio_extn_sound_trigger_update_device_status: device 0x2 of type 0 for Event 0
08-06 05:43:27.592 16756 16821 I art     : Starting a blocking GC Explicit
08-06 05:43:27.668 16756 16821 I art     : Explicit concurrent mark sweep GC freed 1628(93KB) AllocSpace objects, 2(48KB) LOS objects, 7% free, 185MB/201MB, paused 2.201ms total 75.688ms
08-06 05:43:27.697 16756 16821 I art     : Starting a blocking GC Explicit
08-06 05:43:27.741 19931 19931 D AndroidRuntime: >>>>>> START com.android.internal.os.RuntimeInit uid 2000 <<<<<<
08-06 05:43:27.747 19931 19931 D AndroidRuntime: CheckJNI is OFF
08-06 05:43:27.770 16756 16821 I art     : Explicit concurrent mark sweep GC freed 50(2000B) AllocSpace objects, 0(0B) LOS objects, 7% free, 185MB/201MB, paused 2.366ms total 73.142ms
08-06 05:43:27.797 16756 16821 I art     : Starting a blocking GC Explicit
08-06 05:43:27.803 19931 19931 D ICU     : No timezone override file found: /data/misc/zoneinfo/current/icu/icu_tzdata.dat
08-06 05:43:27.847 19931 19931 I Radio-JNI: register_android_hardware_Radio DONE
08-06 05:43:27.870 16756 16821 I art     : Explicit concurrent mark sweep GC freed 13(640B) AllocSpace objects, 0(0B) LOS objects, 7% free, 185MB/201MB, paused 2.176ms total 73.284ms
08-06 05:43:27.880 19931 19931 D AndroidRuntime: Calling main entry com.android.commands.input.Input
08-06 05:43:27.882 19931 19931 I Input   : injectMotionEvent: MotionEvent { action=ACTION_DOWN, actionButton=0, id[0]=0, x[0]=418.0, y[0]=842.0, toolType[0]=TOOL_TYPE_UNKNOWN, buttonState=0, metaState=0, flags=0x0, edgeFlags=0x0, pointerCount=1, historySize=0, eventTime=855824294, downTime=855824294, deviceId=0, source=0x1002 }
08-06 05:43:27.887 19931 19931 I Input   : injectMotionEvent: MotionEvent { action=ACTION_UP, actionButton=0, id[0]=0, x[0]=418.0, y[0]=842.0, toolType[0]=TOOL_TYPE_UNKNOWN, buttonState=0, metaState=0, flags=0x0, edgeFlags=0x0, pointerCount=1, historySize=0, eventTime=855824294, downTime=855824294, deviceId=0, source=0x1002 }
08-06 05:43:27.890 19931 19931 D AndroidRuntime: Shutting down VM
08-06 05:43:27.898 16756 16821 I art     : Starting a blocking GC Explicit
08-06 05:43:27.905   512  2967 D audio_hw_primary: out_set_parameters: enter: usecase(1: low-latency-playback) kvpairs: routing=2
08-06 05:43:27.908 16756 16819 D Gabe    : call	returning from cache
08-06 05:43:27.918   512  2967 D audio_hw_primary: select_devices: out_snd_device(2: speaker) in_snd_device(0: none)
08-06 05:43:27.919   512  2967 D msm8974_platform: platform_send_audio_calibration: sending audio calibration for snd_device(2) acdb_id(15)
08-06 05:43:27.919   512  2967 I soundtrigger: audio_extn_sound_trigger_update_device_status: device 0x2 of type 0 for Event 1
08-06 05:43:27.931   512  2967 D audio_hw_primary: enable_snd_device: snd_device(2: speaker)
08-06 05:43:27.934   512  2967 D audio_hw_primary: enable_audio_route: apply and update mixer path: low-latency-playback speaker
08-06 05:43:27.941 16756 16756 V MainActivity: url = https://project-travel-mate.herokuapp.com/api/number-of-unread-notifications
08-06 05:43:27.972 16756 16821 I art     : Explicit concurrent mark sweep GC freed 1034(52KB) AllocSpace objects, 0(0B) LOS objects, 7% free, 185MB/201MB, paused 2.546ms total 74.207ms
08-06 05:43:27.980   512  2967 D AudioFlinger: mixer(0xf4740000) throttle end: throttle time(12)
08-06 05:43:27.998 16756 16821 I art     : Starting a blocking GC Explicit
08-06 05:43:28.073 16756 16821 I art     : Explicit concurrent mark sweep GC freed 451(33KB) AllocSpace objects, 0(0B) LOS objects, 7% free, 185MB/201MB, paused 2.938ms total 74.716ms
08-06 05:43:28.479   512  2967 D audio_hw_primary: disable_audio_route: reset and update mixer path: low-latency-playback speaker
08-06 05:43:28.481   512  2967 D audio_hw_primary: disable_snd_device: snd_device(2: speaker)
08-06 05:43:28.489   512  2967 I soundtrigger: audio_extn_sound_trigger_update_device_status: device 0x2 of type 0 for Event 0
08-06 05:43:28.533 16756 16769 I art     : Starting a blocking GC Explicit
08-06 05:43:28.619 16756 16769 I art     : Explicit concurrent mark sweep GC freed 4669(257KB) AllocSpace objects, 2(52KB) LOS objects, 7% free, 186MB/202MB, paused 2.465ms total 85.781ms
08-06 05:43:28.634 16756 16756 I Choreographer: Skipped 41 frames!  The application may be doing too much work on its main thread.
08-06 05:43:28.646 16756 16769 I art     : Starting a blocking GC Explicit
08-06 05:43:28.722 16756 16769 I art     : Explicit concurrent mark sweep GC freed 1599(83KB) AllocSpace objects, 9(252KB) LOS objects, 7% free, 186MB/202MB, paused 2.430ms total 75.539ms
08-06 05:43:28.749 16756 16769 I art     : Starting a blocking GC Explicit
08-06 05:43:28.837 16756 16769 I art     : Explicit concurrent mark sweep GC freed 3065(166KB) AllocSpace objects, 3(200KB) LOS objects, 7% free, 186MB/202MB, paused 3.484ms total 87.781ms
08-06 05:43:28.850 16756 19954 I NAPPA_EXPERIMENTATION: MetricNetworkRequestExecutionTime: REQUEST_DURATION_SYSTEM='907',REQUEST_DURATION_OKHTTP='35',REQUEST_SYNCHRONOUS='FALSE',RESPONSE_CODE='200',RESPONSE_METHOD='GET',RESPONSE_LENGTH_OKHTTP='36',RESPONSE_LENGTH_HEADER='36',REQUEST_PROTOCOL='http/1.1',REQUEST_URL='https://project-travel-mate.herokuapp.com/api/number-of-unread-notifications',
08-06 05:43:28.865 16756 16769 I art     : Starting a blocking GC Explicit
08-06 05:43:28.950 16756 16769 I art     : Explicit concurrent mark sweep GC freed 2084(157KB) AllocSpace objects, 0(0B) LOS objects, 7% free, 186MB/202MB, paused 2.457ms total 85.400ms
08-06 05:43:28.978 16756 16769 I art     : Starting a blocking GC Explicit
08-06 05:43:29.032 17187 17187 I ServiceManager: Waiting for service AtCmdFwd...
08-06 05:43:29.062 16756 16769 I art     : Explicit concurrent mark sweep GC freed 298(8KB) AllocSpace objects, 0(0B) LOS objects, 7% free, 186MB/202MB, paused 2.343ms total 83.327ms
08-06 05:43:29.532 16756 16768 I art     : Starting a blocking GC Explicit
08-06 05:43:29.620 16756 16768 I art     : Explicit concurrent mark sweep GC freed 2435(107KB) AllocSpace objects, 2(64KB) LOS objects, 7% free, 186MB/202MB, paused 2.585ms total 87.708ms
08-06 05:43:29.652 16756 16768 I art     : Starting a blocking GC Explicit
08-06 05:43:29.745 16756 16768 I art     : Explicit concurrent mark sweep GC freed 236(4KB) AllocSpace objects, 0(0B) LOS objects, 7% free, 186MB/202MB, paused 3.236ms total 92.708ms
08-06 05:43:29.775 16756 16768 I art     : Starting a blocking GC Explicit
08-06 05:43:29.795   518   646 I ThermalEngine: ACTION: GPU - Setting GPU[0] to 450000000
08-06 05:43:29.848 16756 16768 I art     : Explicit concurrent mark sweep GC freed 155(2784B) AllocSpace objects, 0(0B) LOS objects, 7% free, 186MB/202MB, paused 1.525ms total 73.201ms
08-06 05:43:29.869 16756 16768 I art     : Starting a blocking GC Explicit
08-06 05:43:29.938 16756 16768 I art     : Explicit concurrent mark sweep GC freed 136(2304B) AllocSpace objects, 0(0B) LOS objects, 7% free, 186MB/202MB, paused 1.795ms total 68.339ms
08-06 05:43:29.963 16756 16768 I art     : Starting a blocking GC Explicit
08-06 05:43:30.033 17187 17187 I ServiceManager: Waiting for service AtCmdFwd...
08-06 05:43:30.033 16756 16768 I art     : Explicit concurrent mark sweep GC freed 134(2288B) AllocSpace objects, 0(0B) LOS objects, 7% free, 186MB/202MB, paused 1.494ms total 70.034ms
08-06 05:43:30.439 16756 17031 I art     : Starting a blocking GC Explicit
08-06 05:43:30.511 16756 17031 I art     : Explicit concurrent mark sweep GC freed 2320(104KB) AllocSpace objects, 2(64KB) LOS objects, 7% free, 186MB/202MB, paused 1.638ms total 71.268ms
08-06 05:43:30.531 16756 17031 I art     : Starting a blocking GC Explicit
08-06 05:43:30.602 16756 17031 I art     : Explicit concurrent mark sweep GC freed 148(3024B) AllocSpace objects, 0(0B) LOS objects, 7% free, 186MB/202MB, paused 1.535ms total 70.449ms
08-06 05:43:30.623 16756 17031 I art     : Starting a blocking GC Explicit
08-06 05:43:30.695 16756 17031 I art     : Explicit concurrent mark sweep GC freed 158(3KB) AllocSpace objects, 0(0B) LOS objects, 7% free, 186MB/202MB, paused 1.613ms total 71.152ms
08-06 05:43:30.716 16756 17031 I art     : Starting a blocking GC Explicit
08-06 05:43:30.784 19982 19982 D AndroidRuntime: >>>>>> START com.android.internal.os.RuntimeInit uid 2000 <<<<<<
08-06 05:43:30.787 16756 17031 I art     : Explicit concurrent mark sweep GC freed 135(2688B) AllocSpace objects, 0(0B) LOS objects, 7% free, 186MB/202MB, paused 1.862ms total 71.082ms
08-06 05:43:30.790 19982 19982 D AndroidRuntime: CheckJNI is OFF
08-06 05:43:30.808 16756 17031 I art     : Starting a blocking GC Explicit
08-06 05:43:30.836 19982 19982 D ICU     : No timezone override file found: /data/misc/zoneinfo/current/icu/icu_tzdata.dat
08-06 05:43:30.876 16756 17031 I art     : Explicit concurrent mark sweep GC freed 146(2480B) AllocSpace objects, 0(0B) LOS objects, 7% free, 186MB/202MB, paused 1.645ms total 68.015ms
08-06 05:43:30.885 19982 19982 I Radio-JNI: register_android_hardware_Radio DONE
08-06 05:43:30.914 19982 19982 D AndroidRuntime: Calling main entry com.android.commands.am.Am
08-06 05:43:30.922  3167  3167 I Trepn   : Trepn 6.2s: Received intent: com.quicinc.trepn.stop_profiling
08-06 05:43:30.954  3167  3167 I Trepn   : Trepn 6.2s: Trepn has Stopped Profiling.
08-06 05:43:31.033 17187 17187 I ServiceManager: Waiting for service AtCmdFwd...
08-06 05:43:31.067 19982 19982 D AndroidRuntime: Shutting down VM
08-06 05:43:31.070   918  6111 W AppOps  : Finishing op nesting under-run: uid 10078 pkg com.quicinc.trepn code 24 time=0 duration=0 nesting=0
08-06 05:43:31.289 16756 19303 I art     : Starting a blocking GC Explicit
08-06 05:43:31.356 16756 19303 I art     : Explicit concurrent mark sweep GC freed 2283(103KB) AllocSpace objects, 2(64KB) LOS objects, 7% free, 186MB/202MB, paused 1.413ms total 67.265ms
08-06 05:43:31.377 16756 19303 I art     : Starting a blocking GC Explicit
08-06 05:43:31.441 16756 19303 I art     : Explicit concurrent mark sweep GC freed 148(3024B) AllocSpace objects, 0(0B) LOS objects, 7% free, 186MB/202MB, paused 1.428ms total 63.889ms
08-06 05:43:31.461 16756 19303 I art     : Starting a blocking GC Explicit
08-06 05:43:31.526 16756 19303 I art     : Explicit concurrent mark sweep GC freed 160(3KB) AllocSpace objects, 0(0B) LOS objects, 7% free, 186MB/202MB, paused 1.560ms total 64.642ms
08-06 05:43:31.546 16756 19303 I art     : Starting a blocking GC Explicit
08-06 05:43:31.611 16756 19303 I art     : Explicit concurrent mark sweep GC freed 123(2096B) AllocSpace objects, 0(0B) LOS objects, 7% free, 186MB/202MB, paused 1.600ms total 64.263ms
08-06 05:43:31.631 16756 19303 I art     : Starting a blocking GC Explicit
08-06 05:43:31.695 16756 19303 I art     : Explicit concurrent mark sweep GC freed 123(2096B) AllocSpace objects, 0(0B) LOS objects, 7% free, 186MB/202MB, paused 1.482ms total 63.765ms
08-06 05:43:31.695 16756 16766 I art     : WaitForGcToComplete blocked for 35.319ms for cause HeapTrim
08-06 05:43:32.034 17187 17187 I ServiceManager: Waiting for service AtCmdFwd...
08-06 05:43:33.034 17187 17187 I ServiceManager: Waiting for service AtCmdFwd...
08-06 05:43:34.035 17187 17187 W Atfwd_Sendcmd: AtCmdFwd service not published, waiting... retryCnt : 3
