08-05 23:24:35.525 13697 13697 V Response: [{"month":"January","date":1,"day":"Wednesday","name":"New Year's Day","type":"Restricted"},{"month":"January","date":2,"day":"Thursday","name":"Guru Govind Singh Jayanti","type":"Restricted"},{"month":"January","date":14,"day":"Tuesday","name":"Lohri","type":"Restricted"},{"month":"January","date":15,"day":"Wednesday","name":"Pongal","type":"Restricted"},{"month":"January","date":15,"day":"Wednesday","name":"Makar Sankranti","type":"Restricted"},{"month":"January","date":25,"day":"Saturday","name":"Chinese New Year","type":"Observance"},{"month":"January","date":26,"day":"Sunday","name":"Republic Day","type":"Gazetted"},{"month":"January","date":30,"day":"Thursday","name":"Vasant Panchami","type":"Restricted"},{"month":"February","date":9,"day":"Sunday","name":"Guru Ravidas Jayanti","type":"Restricted"},{"month":"February","date":14,"day":"Friday","name":"Valentine's Day","type":"Observance"},{"month":"February","date":18,"day":"Tuesday","name":"Maharishi Dayanand Saraswati Jayanti","type":"Restricted"},{"month":"February","date":19,"day":"Wednesday","name":"Shivaji Jayanti","type":"Restricted"},{"month":"February","date":21,"day":"Friday","name":"Maha Shivaratri/Shivaratri","type":"Gazetted"},{"month":"March","date":9,"day":"Monday","name":"Holika Dahana","type":"Restricted"},{"month":"March","date":9,"day":"Monday","name":"Hazarat Ali's Birthday","type":"Restricted"},{"month":"March","date":10,"day":"Tuesday","name":"Holi","type":"Gazetted"},{"month":"March","date":20,"day":"Friday","name":"March Equinox","type":"Season"},{"month":"March","date":25,"day":"Wednesday","name":"Chaitra Sukhladi","type":"Restricted"},{"month":"April","date":2,"day":"Thursday","name":"Rama Navami","type":"Gazetted"},{"month":"April","date":6,"day":"Monday","name":"Mahavir Jayanti","type":"Gazetted"},{"month":"April","date":9,"day":"Thursday","name":"First day of Passover","type":"Observance"},{"month":"April","date":9,"day":"Thursday","name":"Maundy Thursday","type":"Observance,"},{"month":"April","date":10,"day":"Friday","name":"Good Friday","type":"Gazetted"},{"month":"April","date":12,"day":"Sunday","name":"Easter Day","type":"Restricted"},{"month":"April","date":13,"day":"Monday","name":"Vaisakhi","type":"Restricted"},{"month":"April","date":14,"day":"Tuesday","name":"Mesadi/Vaisakhadi","type":"Restricted"},{"month":"April","date":14,"day":"Tuesday","name":"Ambedkar Jayanti","type":"Central"},{"month":"May","date":1,"day":"Friday","name":"May Day","type":"Observance"},{"month":"May","date":7,"day":"Thursday","name":"Buddha Purnima/Vesak","type":"Gazetted"},{"month":"May","date":7,"day":"Thursday","name":"Birthday of Ravindranath","type":"Restricted"},{"month":"May","date":10,"day":"Sunday","name":"Mother's Day","type":"Observance"},{"month":"May","date":22,"day":"Friday","name":"Jamat Ul-Vida","type":"Restricted"},{"month":"May","date":25,"day":"Monday","name":"Ramzan Id/Eid-ul-Fitar","type":"Gazetted"},{"month":"May","date":25,"day":"Monday","name":"Ramzan Id/Eid-ul-Fitar","type":"Muslim,"},{"month":"June","date":21,"day":"Sunday","name":"June Solstice","type":"Season"},{"month":"June","date":21,"day":"Sunday","name":"Father's Day","type":"Observance"},{"month":"June","date":23,"day":"Tuesday","name":"Rath Yatra","type":"Restricted"},{"month":"July","date":5,"day":"Sunday","name":"Guru Purnima","type":"Observance"},{"month":"July","date":31,"day":"Friday","name":"Bakr Id/Eid ul-Adha","type":"Gazetted"},{"month":"August","date":2,"day":"Sunday","name":"Friendship Day","type":"Observance"},{"month":"August","date":3,"day":"Monday","name":"Raksha Bandhan (Rakhi)","type":"Restricted"},{"month":"August","date":11,"day":"Tuesday","name":"Janmashtami (Smarta)","type":"Restricted"},{"month":"August","date":12,"day":"Wednesday","name":"Janmashtami","type":"Gazetted"},{"month":"August","date":15,"day":"Saturday","name":"Independence Day","type":"Gazetted"},{"month":"August","date":16,"day":"Sunday","name":"Parsi New Year","type":"Restricted"},{"month":"August","date":22,"day":"Saturday","name":"Ganesh Chaturthi/Vin
08-05 23:24:35.528 13697 13697 V Response: [{"month":"January","date":1,"day":"Wednesday","name":"New Year's Day","type":"Restricted"},{"month":"January","date":2,"day":"Thursday","name":"Guru Govind Singh Jayanti","type":"Restricted"},{"month":"January","date":14,"day":"Tuesday","name":"Lohri","type":"Restricted"},{"month":"January","date":15,"day":"Wednesday","name":"Pongal","type":"Restricted"},{"month":"January","date":15,"day":"Wednesday","name":"Makar Sankranti","type":"Restricted"},{"month":"January","date":25,"day":"Saturday","name":"Chinese New Year","type":"Observance"},{"month":"January","date":26,"day":"Sunday","name":"Republic Day","type":"Gazetted"},{"month":"January","date":30,"day":"Thursday","name":"Vasant Panchami","type":"Restricted"},{"month":"February","date":9,"day":"Sunday","name":"Guru Ravidas Jayanti","type":"Restricted"},{"month":"February","date":14,"day":"Friday","name":"Valentine's Day","type":"Observance"},{"month":"February","date":18,"day":"Tuesday","name":"Maharishi Dayanand Saraswati Jayanti","type":"Restricted"},{"month":"February","date":19,"day":"Wednesday","name":"Shivaji Jayanti","type":"Restricted"},{"month":"February","date":21,"day":"Friday","name":"Maha Shivaratri/Shivaratri","type":"Gazetted"},{"month":"March","date":9,"day":"Monday","name":"Holika Dahana","type":"Restricted"},{"month":"March","date":9,"day":"Monday","name":"Hazarat Ali's Birthday","type":"Restricted"},{"month":"March","date":10,"day":"Tuesday","name":"Holi","type":"Gazetted"},{"month":"March","date":20,"day":"Friday","name":"March Equinox","type":"Season"},{"month":"March","date":25,"day":"Wednesday","name":"Chaitra Sukhladi","type":"Restricted"},{"month":"April","date":2,"day":"Thursday","name":"Rama Navami","type":"Gazetted"},{"month":"April","date":6,"day":"Monday","name":"Mahavir Jayanti","type":"Gazetted"},{"month":"April","date":9,"day":"Thursday","name":"First day of Passover","type":"Observance"},{"month":"April","date":9,"day":"Thursday","name":"Maundy Thursday","type":"Observance,"},{"month":"April","date":10,"day":"Friday","name":"Good Friday","type":"Gazetted"},{"month":"April","date":12,"day":"Sunday","name":"Easter Day","type":"Restricted"},{"month":"April","date":13,"day":"Monday","name":"Vaisakhi","type":"Restricted"},{"month":"April","date":14,"day":"Tuesday","name":"Mesadi/Vaisakhadi","type":"Restricted"},{"month":"April","date":14,"day":"Tuesday","name":"Ambedkar Jayanti","type":"Central"},{"month":"May","date":1,"day":"Friday","name":"May Day","type":"Observance"},{"month":"May","date":7,"day":"Thursday","name":"Buddha Purnima/Vesak","type":"Gazetted"},{"month":"May","date":7,"day":"Thursday","name":"Birthday of Ravindranath","type":"Restricted"},{"month":"May","date":10,"day":"Sunday","name":"Mother's Day","type":"Observance"},{"month":"May","date":22,"day":"Friday","name":"Jamat Ul-Vida","type":"Restricted"},{"month":"May","date":25,"day":"Monday","name":"Ramzan Id/Eid-ul-Fitar","type":"Gazetted"},{"month":"May","date":25,"day":"Monday","name":"Ramzan Id/Eid-ul-Fitar","type":"Muslim,"},{"month":"June","date":21,"day":"Sunday","name":"June Solstice","type":"Season"},{"month":"June","date":21,"day":"Sunday","name":"Father's Day","type":"Observance"},{"month":"June","date":23,"day":"Tuesday","name":"Rath Yatra","type":"Restricted"},{"month":"July","date":5,"day":"Sunday","name":"Guru Purnima","type":"Observance"},{"month":"July","date":31,"day":"Friday","name":"Bakr Id/Eid ul-Adha","type":"Gazetted"},{"month":"August","date":2,"day":"Sunday","name":"Friendship Day","type":"Observance"},{"month":"August","date":3,"day":"Monday","name":"Raksha Bandhan (Rakhi)","type":"Restricted"},{"month":"August","date":11,"day":"Tuesday","name":"Janmashtami (Smarta)","type":"Restricted"},{"month":"August","date":12,"day":"Wednesday","name":"Janmashtami","type":"Gazetted"},{"month":"August","date":15,"day":"Saturday","name":"Independence Day","type":"Gazetted"},{"month":"August","date":16,"day":"Sunday","name":"Parsi New Year","type":"Restricted"},{"month":"August","date":22,"day":"Saturday","name":"Ganesh Chaturthi/Vin
08-05 23:24:35.583 13697 13709 I art     : Starting a blocking GC Explicit
08-05 23:24:35.644 13697 13709 I art     : Explicit concurrent mark sweep GC freed 16820(726KB) AllocSpace objects, 11(484KB) LOS objects, 10% free, 142MB/158MB, paused 1.515ms total 61.045ms
08-05 23:24:35.663 13697 13709 I art     : Starting a blocking GC Explicit
08-05 23:24:35.724 13697 13709 I art     : Explicit concurrent mark sweep GC freed 2284(246KB) AllocSpace objects, 1(4MB) LOS objects, 10% free, 137MB/153MB, paused 1.513ms total 60.500ms
08-05 23:24:35.744 13697 13709 I art     : Starting a blocking GC Explicit
08-05 23:24:35.802 13697 13709 I art     : Explicit concurrent mark sweep GC freed 121(2032B) AllocSpace objects, 0(0B) LOS objects, 10% free, 137MB/153MB, paused 1.576ms total 57.805ms
08-05 23:24:35.823 13697 13709 I art     : Starting a blocking GC Explicit
08-05 23:24:35.828 10068 10068 W Atfwd_Sendcmd: AtCmdFwd service not published, waiting... retryCnt : 5
08-05 23:24:35.882 13697 13709 I art     : Explicit concurrent mark sweep GC freed 122(2096B) AllocSpace objects, 0(0B) LOS objects, 10% free, 137MB/153MB, paused 1.749ms total 58.705ms
08-05 23:24:35.902 13697 13709 I art     : Starting a blocking GC Explicit
08-05 23:24:35.962 13697 13709 I art     : Explicit concurrent mark sweep GC freed 102(1760B) AllocSpace objects, 0(0B) LOS objects, 10% free, 137MB/153MB, paused 1.472ms total 59.893ms
08-05 23:24:36.363 13697 13710 I art     : Starting a blocking GC Explicit
08-05 23:24:36.445 13697 13710 I art     : Explicit concurrent mark sweep GC freed 2314(104KB) AllocSpace objects, 2(36KB) LOS objects, 10% free, 137MB/153MB, paused 1.406ms total 81.976ms
08-05 23:24:36.467 13697 13710 I art     : Starting a blocking GC Explicit
08-05 23:24:36.526 13697 13710 I art     : Explicit concurrent mark sweep GC freed 149(3056B) AllocSpace objects, 0(0B) LOS objects, 10% free, 137MB/153MB, paused 1.512ms total 58.435ms
08-05 23:24:36.545 13697 13710 I art     : Starting a blocking GC Explicit
08-05 23:24:36.606 13697 13710 I art     : Explicit concurrent mark sweep GC freed 123(2096B) AllocSpace objects, 0(0B) LOS objects, 10% free, 137MB/153MB, paused 1.566ms total 60.200ms
08-05 23:24:36.626 13697 13710 I art     : Starting a blocking GC Explicit
08-05 23:24:36.687 13697 13710 I art     : Explicit concurrent mark sweep GC freed 122(2064B) AllocSpace objects, 0(0B) LOS objects, 10% free, 137MB/153MB, paused 1.488ms total 61.153ms
08-05 23:24:36.707 13697 13710 I art     : Starting a blocking GC Explicit
08-05 23:24:36.767 13697 13710 I art     : Explicit concurrent mark sweep GC freed 110(1888B) AllocSpace objects, 0(0B) LOS objects, 10% free, 137MB/153MB, paused 1.703ms total 60.522ms
08-05 23:24:37.215 13697 13757 I art     : Starting a blocking GC Explicit
08-05 23:24:37.282 13697 13757 I art     : Explicit concurrent mark sweep GC freed 2352(104KB) AllocSpace objects, 2(36KB) LOS objects, 10% free, 137MB/153MB, paused 1.490ms total 66.776ms
08-05 23:24:37.305 13697 13757 I art     : Starting a blocking GC Explicit
08-05 23:24:37.366 13697 13757 I art     : Explicit concurrent mark sweep GC freed 149(3056B) AllocSpace objects, 0(0B) LOS objects, 10% free, 137MB/153MB, paused 1.637ms total 60.183ms
08-05 23:24:37.386 13697 13757 I art     : Starting a blocking GC Explicit
08-05 23:24:37.447 13697 13757 I art     : Explicit concurrent mark sweep GC freed 136(2704B) AllocSpace objects, 0(0B) LOS objects, 10% free, 137MB/153MB, paused 1.511ms total 61.676ms
08-05 23:24:37.467 13697 13757 I art     : Starting a blocking GC Explicit
08-05 23:24:37.529 13697 13757 I art     : Explicit concurrent mark sweep GC freed 137(2528B) AllocSpace objects, 0(0B) LOS objects, 10% free, 137MB/153MB, paused 1.566ms total 61.701ms
08-05 23:24:37.549 13697 13757 I art     : Starting a blocking GC Explicit
08-05 23:24:37.611 13697 13757 I art     : Explicit concurrent mark sweep GC freed 122(2064B) AllocSpace objects, 0(0B) LOS objects, 10% free, 137MB/153MB, paused 1.603ms total 61.345ms
08-05 23:24:38.048 13697 13758 I art     : Starting a blocking GC Explicit
08-05 23:24:38.111 13697 13758 I art     : Explicit concurrent mark sweep GC freed 2316(104KB) AllocSpace objects, 2(36KB) LOS objects, 10% free, 137MB/153MB, paused 1.595ms total 62.979ms
08-05 23:24:38.131 13697 13758 I art     : Starting a blocking GC Explicit
08-05 23:24:38.194 13697 13758 I art     : Explicit concurrent mark sweep GC freed 171(4KB) AllocSpace objects, 0(0B) LOS objects, 10% free, 137MB/153MB, paused 1.438ms total 62.544ms
08-05 23:24:38.213 13697 13758 I art     : Starting a blocking GC Explicit
08-05 23:24:38.279 13697 13758 I art     : Explicit concurrent mark sweep GC freed 170(3KB) AllocSpace objects, 0(0B) LOS objects, 10% free, 137MB/153MB, paused 1.651ms total 65.225ms
08-05 23:24:38.299 13697 13758 I art     : Starting a blocking GC Explicit
08-05 23:24:38.362 13697 13758 I art     : Explicit concurrent mark sweep GC freed 136(2496B) AllocSpace objects, 0(0B) LOS objects, 10% free, 137MB/153MB, paused 1.589ms total 63.112ms
08-05 23:24:38.382 13697 13758 I art     : Starting a blocking GC Explicit
08-05 23:24:38.447 13697 13758 I art     : Explicit concurrent mark sweep GC freed 134(2720B) AllocSpace objects, 0(0B) LOS objects, 10% free, 137MB/153MB, paused 1.423ms total 64.615ms
08-05 23:24:38.886 13697 13709 I art     : Starting a blocking GC Explicit
08-05 23:24:38.952 13697 13709 I art     : Explicit concurrent mark sweep GC freed 2314(104KB) AllocSpace objects, 2(36KB) LOS objects, 10% free, 137MB/153MB, paused 1.440ms total 65.109ms
08-05 23:24:38.974 13697 13709 I art     : Starting a blocking GC Explicit
08-05 23:24:39.035 13697 13709 I art     : Explicit concurrent mark sweep GC freed 148(3024B) AllocSpace objects, 0(0B) LOS objects, 10% free, 137MB/153MB, paused 1.640ms total 60.894ms
08-05 23:24:39.054 13697 13709 I art     : Starting a blocking GC Explicit
08-05 23:24:39.111 13697 13709 I art     : Explicit concurrent mark sweep GC freed 123(2096B) AllocSpace objects, 0(0B) LOS objects, 10% free, 137MB/153MB, paused 1.365ms total 55.987ms
08-05 23:24:39.130 13697 13709 I art     : Starting a blocking GC Explicit
08-05 23:24:39.185 13697 13709 I art     : Explicit concurrent mark sweep GC freed 123(2096B) AllocSpace objects, 0(0B) LOS objects, 10% free, 137MB/153MB, paused 1.464ms total 55.363ms
08-05 23:24:39.204 13697 13709 I art     : Starting a blocking GC Explicit
08-05 23:24:39.262 13697 13709 I art     : Explicit concurrent mark sweep GC freed 135(2656B) AllocSpace objects, 0(0B) LOS objects, 10% free, 137MB/153MB, paused 1.547ms total 57.972ms
08-05 23:24:39.616 15578 15578 D AndroidRuntime: >>>>>> START com.android.internal.os.RuntimeInit uid 2000 <<<<<<
08-05 23:24:39.622 15578 15578 D AndroidRuntime: CheckJNI is OFF
08-05 23:24:39.667 15578 15578 D ICU     : No timezone override file found: /data/misc/zoneinfo/current/icu/icu_tzdata.dat
08-05 23:24:39.692 13697 13710 I art     : Starting a blocking GC Explicit
08-05 23:24:39.714 15578 15578 I Radio-JNI: register_android_hardware_Radio DONE
08-05 23:24:39.743 15578 15578 D AndroidRuntime: Calling main entry com.android.commands.input.Input
08-05 23:24:39.744 15578 15578 I Input   : injectKeyEvent: KeyEvent { action=ACTION_DOWN, keyCode=KEYCODE_BACK, scanCode=0, metaState=0, flags=0x0, repeatCount=0, eventTime=833096157, downTime=833096157, deviceId=-1, source=0x101 }
08-05 23:24:39.753 13697 13710 I art     : Explicit concurrent mark sweep GC freed 2297(103KB) AllocSpace objects, 2(36KB) LOS objects, 10% free, 137MB/153MB, paused 1.448ms total 60.413ms
08-05 23:24:39.754 15578 15578 I Input   : injectKeyEvent: KeyEvent { action=ACTION_UP, keyCode=KEYCODE_BACK, scanCode=0, metaState=0, flags=0x0, repeatCount=0, eventTime=833096157, downTime=833096157, deviceId=-1, source=0x101 }
08-05 23:24:39.761 15578 15578 D AndroidRuntime: Shutting down VM
08-05 23:24:39.771 13697 13697 V MainActivity: url = https://project-travel-mate.herokuapp.com/api/number-of-unread-notifications
08-05 23:24:39.774 13697 13710 I art     : Starting a blocking GC Explicit
08-05 23:24:39.802 13866 13866 I GoogleInputMethodServic: GoogleInputMethodService.onFinishInput():3138 
08-05 23:24:39.802 13866 13866 I GoogleInputMethodServic: GoogleInputMethodService.onStartInput():1808 
08-05 23:24:39.827 13697 13710 I art     : Explicit concurrent mark sweep GC freed 405(14KB) AllocSpace objects, 0(0B) LOS objects, 10% free, 137MB/153MB, paused 1.450ms total 51.598ms
08-05 23:24:39.846 13697 13710 I art     : Starting a blocking GC Explicit
08-05 23:24:39.901 13697 13710 I art     : Explicit concurrent mark sweep GC freed 188(7KB) AllocSpace objects, 0(0B) LOS objects, 10% free, 137MB/153MB, paused 1.462ms total 54.825ms
08-05 23:24:39.920 13697 13710 I art     : Starting a blocking GC Explicit
08-05 23:24:39.971 13697 13710 I art     : Explicit concurrent mark sweep GC freed 165(4KB) AllocSpace objects, 0(0B) LOS objects, 10% free, 137MB/153MB, paused 1.670ms total 51.025ms
08-05 23:24:39.971 13697 13708 I art     : WaitForGcToComplete blocked for 51.471ms for cause HeapTrim
08-05 23:24:39.990 13697 13710 I art     : Starting a blocking GC Explicit
08-05 23:24:40.051 13697 13710 I art     : Explicit concurrent mark sweep GC freed 120(2800B) AllocSpace objects, 0(0B) LOS objects, 10% free, 137MB/153MB, paused 1.486ms total 60.101ms
08-05 23:24:40.150   380   380 W SurfaceFlinger: couldn't log to binary event log: overflow.
08-05 23:24:40.337 13697 15602 I NAPPA_EXPERIMENTATION: MetricNetworkRequestExecutionTime: REQUEST_DURATION_SYSTEM='564',REQUEST_DURATION_OKHTTP='36',REQUEST_SYNCHRONOUS='FALSE',RESPONSE_CODE='200',RESPONSE_METHOD='GET',RESPONSE_LENGTH_OKHTTP='36',RESPONSE_LENGTH_HEADER='36',REQUEST_PROTOCOL='http/1.1',REQUEST_URL='https://project-travel-mate.herokuapp.com/api/number-of-unread-notifications',
08-05 23:24:40.449 13697 13758 I art     : Starting a blocking GC Explicit
08-05 23:24:40.533 13697 13758 I art     : Explicit concurrent mark sweep GC freed 4616(244KB) AllocSpace objects, 6(424KB) LOS objects, 10% free, 137MB/153MB, paused 1.777ms total 83.417ms
08-05 23:24:40.555 13697 13758 I art     : Starting a blocking GC Explicit
08-05 23:24:40.613 13697 13758 I art     : Explicit concurrent mark sweep GC freed 7582(477KB) AllocSpace objects, 13(264KB) LOS objects, 10% free, 137MB/153MB, paused 1.543ms total 58.012ms
08-05 23:24:40.633 13697 13758 I art     : Starting a blocking GC Explicit
08-05 23:24:40.690 13697 13758 I art     : Explicit concurrent mark sweep GC freed 7(288B) AllocSpace objects, 0(0B) LOS objects, 10% free, 137MB/153MB, paused 1.557ms total 57.413ms
08-05 23:24:40.710 13697 13758 I art     : Starting a blocking GC Explicit
08-05 23:24:40.767 13697 13758 I art     : Explicit concurrent mark sweep GC freed 3(96B) AllocSpace objects, 0(0B) LOS objects, 10% free, 137MB/153MB, paused 1.492ms total 56.657ms
08-05 23:24:40.786 13697 13758 I art     : Starting a blocking GC Explicit
08-05 23:24:40.841 13697 13758 I art     : Explicit concurrent mark sweep GC freed 3(96B) AllocSpace objects, 0(0B) LOS objects, 10% free, 137MB/153MB, paused 1.520ms total 55.304ms
08-05 23:24:41.235 13697 13757 I art     : Starting a blocking GC Explicit
08-05 23:24:41.296 13697 13757 I art     : Explicit concurrent mark sweep GC freed 1631(93KB) AllocSpace objects, 2(36KB) LOS objects, 10% free, 137MB/153MB, paused 1.515ms total 61.213ms
08-05 23:24:41.315 13697 13757 I art     : Starting a blocking GC Explicit
08-05 23:24:41.369 13697 13757 I art     : Explicit concurrent mark sweep GC freed 38(1568B) AllocSpace objects, 0(0B) LOS objects, 10% free, 137MB/153MB, paused 1.496ms total 53.677ms
08-05 23:24:41.391 13697 13757 I art     : Starting a blocking GC Explicit
08-05 23:24:41.441 13697 13757 I art     : Explicit concurrent mark sweep GC freed 5(160B) AllocSpace objects, 0(0B) LOS objects, 10% free, 137MB/153MB, paused 1.461ms total 49.674ms
08-05 23:24:41.460 13697 13757 I art     : Starting a blocking GC Explicit
08-05 23:24:41.508 13697 13757 I art     : Explicit concurrent mark sweep GC freed 18(848B) AllocSpace objects, 0(0B) LOS objects, 10% free, 137MB/153MB, paused 1.451ms total 47.577ms
08-05 23:24:41.529 13697 13757 I art     : Starting a blocking GC Explicit
08-05 23:24:41.549 15616 15616 D AndroidRuntime: >>>>>> START com.android.internal.os.RuntimeInit uid 2000 <<<<<<
08-05 23:24:41.554 15616 15616 D AndroidRuntime: CheckJNI is OFF
08-05 23:24:41.578 13697 13757 I art     : Explicit concurrent mark sweep GC freed 18(800B) AllocSpace objects, 0(0B) LOS objects, 10% free, 137MB/153MB, paused 1.446ms total 48.947ms
08-05 23:24:41.596 15616 15616 D ICU     : No timezone override file found: /data/misc/zoneinfo/current/icu/icu_tzdata.dat
08-05 23:24:41.635 15616 15616 I Radio-JNI: register_android_hardware_Radio DONE
08-05 23:24:41.664 15616 15616 D AndroidRuntime: Calling main entry com.android.commands.input.Input
08-05 23:24:41.666 15616 15616 I Input   : injectMotionEvent: MotionEvent { action=ACTION_DOWN, actionButton=0, id[0]=0, x[0]=117.0, y[0]=170.0, toolType[0]=TOOL_TYPE_UNKNOWN, buttonState=0, metaState=0, flags=0x0, edgeFlags=0x0, pointerCount=1, historySize=0, eventTime=833098079, downTime=833098079, deviceId=0, source=0x1002 }
08-05 23:24:41.675 15616 15616 I Input   : injectMotionEvent: MotionEvent { action=ACTION_UP, actionButton=0, id[0]=0, x[0]=117.0, y[0]=170.0, toolType[0]=TOOL_TYPE_UNKNOWN, buttonState=0, metaState=0, flags=0x0, edgeFlags=0x0, pointerCount=1, historySize=0, eventTime=833098079, downTime=833098079, deviceId=0, source=0x1002 }
08-05 23:24:41.710 15616 15616 D AndroidRuntime: Shutting down VM
08-05 23:24:41.725   512  2967 D audio_hw_primary: out_set_parameters: enter: usecase(1: low-latency-playback) kvpairs: routing=2
08-05 23:24:41.738   512  2967 D audio_hw_primary: select_devices: out_snd_device(2: speaker) in_snd_device(0: none)
08-05 23:24:41.738   512  2967 D msm8974_platform: platform_send_audio_calibration: sending audio calibration for snd_device(2) acdb_id(15)
08-05 23:24:41.738   512  2967 I soundtrigger: audio_extn_sound_trigger_update_device_status: device 0x2 of type 0 for Event 1
08-05 23:24:41.747   512  2967 D audio_hw_primary: enable_snd_device: snd_device(2: speaker)
08-05 23:24:41.750   512  2967 D audio_hw_primary: enable_audio_route: apply and update mixer path: low-latency-playback speaker
08-05 23:24:41.955 13697 13710 I art     : Starting a blocking GC Explicit
08-05 23:24:42.007 13697 13710 I art     : Explicit concurrent mark sweep GC freed 2034(114KB) AllocSpace objects, 2(36KB) LOS objects, 10% free, 137MB/153MB, paused 1.384ms total 51.896ms
08-05 23:24:42.025 13697 13710 I art     : Starting a blocking GC Explicit
08-05 23:24:42.072 13697 13710 I art     : Explicit concurrent mark sweep GC freed 85(3KB) AllocSpace objects, 0(0B) LOS objects, 10% free, 137MB/153MB, paused 1.509ms total 46.500ms
08-05 23:24:42.090 13697 13710 I art     : Starting a blocking GC Explicit
08-05 23:24:42.136 13697 13710 I art     : Explicit concurrent mark sweep GC freed 19(592B) AllocSpace objects, 0(0B) LOS objects, 10% free, 137MB/153MB, paused 1.358ms total 45.940ms
08-05 23:24:42.154 13697 13710 I art     : Starting a blocking GC Explicit
08-05 23:24:42.202 13697 13710 I art     : Explicit concurrent mark sweep GC freed 9(288B) AllocSpace objects, 0(0B) LOS objects, 10% free, 137MB/153MB, paused 1.363ms total 47.398ms
08-05 23:24:42.222 13697 13710 I art     : Starting a blocking GC Explicit
08-05 23:24:42.272 13697 13710 I art     : Explicit concurrent mark sweep GC freed 43(1216B) AllocSpace objects, 0(0B) LOS objects, 10% free, 137MB/153MB, paused 1.314ms total 50.433ms
08-05 23:24:42.289   512  2967 D audio_hw_primary: disable_audio_route: reset and update mixer path: low-latency-playback speaker
08-05 23:24:42.289   512  2967 D audio_hw_primary: disable_snd_device: snd_device(2: speaker)
08-05 23:24:42.297   512  2967 I soundtrigger: audio_extn_sound_trigger_update_device_status: device 0x2 of type 0 for Event 0
08-05 23:24:42.458 15647 15647 D AndroidRuntime: >>>>>> START com.android.internal.os.RuntimeInit uid 2000 <<<<<<
08-05 23:24:42.463 15647 15647 D AndroidRuntime: CheckJNI is OFF
08-05 23:24:42.503 15647 15647 D ICU     : No timezone override file found: /data/misc/zoneinfo/current/icu/icu_tzdata.dat
08-05 23:24:42.545 15647 15647 I Radio-JNI: register_android_hardware_Radio DONE
08-05 23:24:42.575 15647 15647 D AndroidRuntime: Calling main entry com.android.commands.input.Input
08-05 23:24:42.577 15647 15647 I Input   : injectMotionEvent: MotionEvent { action=ACTION_DOWN, actionButton=0, id[0]=0, x[0]=405.0, y[0]=661.0, toolType[0]=TOOL_TYPE_UNKNOWN, buttonState=0, metaState=0, flags=0x0, edgeFlags=0x0, pointerCount=1, historySize=0, eventTime=833098990, downTime=833098990, deviceId=0, source=0x1002 }
08-05 23:24:42.581 15647 15647 I Input   : injectMotionEvent: MotionEvent { action=ACTION_UP, actionButton=0, id[0]=0, x[0]=405.0, y[0]=661.0, toolType[0]=TOOL_TYPE_UNKNOWN, buttonState=0, metaState=0, flags=0x0, edgeFlags=0x0, pointerCount=1, historySize=0, eventTime=833098990, downTime=833098990, deviceId=0, source=0x1002 }
08-05 23:24:42.583 15647 15647 D AndroidRuntime: Shutting down VM
08-05 23:24:42.600   512  2967 D audio_hw_primary: out_set_parameters: enter: usecase(1: low-latency-playback) kvpairs: routing=2
08-05 23:24:42.613   512  2967 D audio_hw_primary: select_devices: out_snd_device(2: speaker) in_snd_device(0: none)
08-05 23:24:42.613   512  2967 D msm8974_platform: platform_send_audio_calibration: sending audio calibration for snd_device(2) acdb_id(15)
08-05 23:24:42.613   512  2967 I soundtrigger: audio_extn_sound_trigger_update_device_status: device 0x2 of type 0 for Event 1
08-05 23:24:42.623   512  2967 D audio_hw_primary: enable_snd_device: snd_device(2: speaker)
08-05 23:24:42.625   512  2967 D audio_hw_primary: enable_audio_route: apply and update mixer path: low-latency-playback speaker
08-05 23:24:42.662 13697 13757 I art     : Waiting for a blocking GC Explicit
08-05 23:24:42.672   512  2967 D AudioFlinger: mixer(0xf4740000) throttle end: throttle time(12)
08-05 23:24:42.703 13697 13757 I art     : WaitForGcToComplete blocked for 41.328ms for cause Explicit
08-05 23:24:42.703 13697 13757 I art     : Starting a blocking GC Explicit
08-05 23:24:42.758 13697 13757 I art     : Explicit concurrent mark sweep GC freed 33(1168B) AllocSpace objects, 0(0B) LOS objects, 8% free, 168MB/184MB, paused 1.692ms total 54.818ms
08-05 23:24:42.777 13697 13757 I art     : Starting a blocking GC Explicit
08-05 23:24:42.831 13697 13757 I art     : Explicit concurrent mark sweep GC freed 12(576B) AllocSpace objects, 0(0B) LOS objects, 8% free, 168MB/184MB, paused 1.632ms total 53.441ms
08-05 23:24:42.850 13697 13757 I art     : Starting a blocking GC Explicit
08-05 23:24:42.905 13697 13757 I art     : Explicit concurrent mark sweep GC freed 39(17KB) AllocSpace objects, 0(0B) LOS objects, 8% free, 168MB/184MB, paused 1.597ms total 54.702ms
08-05 23:24:42.923 13697 13757 I art     : Starting a blocking GC Explicit
08-05 23:24:42.977 13697 13757 I art     : Explicit concurrent mark sweep GC freed 38(9KB) AllocSpace objects, 0(0B) LOS objects, 8% free, 178MB/194MB, paused 1.598ms total 53.818ms
08-05 23:24:42.996 13697 13757 I art     : Starting a blocking GC Explicit
08-05 23:24:43.052 13697 13757 I art     : Explicit concurrent mark sweep GC freed 39(1504B) AllocSpace objects, 0(0B) LOS objects, 8% free, 183MB/199MB, paused 1.651ms total 54.914ms
08-05 23:24:43.180   512  2967 D audio_hw_primary: disable_audio_route: reset and update mixer path: low-latency-playback speaker
08-05 23:24:43.181   512  2967 D audio_hw_primary: disable_snd_device: snd_device(2: speaker)
08-05 23:24:43.188   512  2967 I soundtrigger: audio_extn_sound_trigger_update_device_status: device 0x2 of type 0 for Event 0
08-05 23:24:43.441 13697 13757 I art     : Starting a blocking GC Explicit
08-05 23:24:43.519 13697 13757 I art     : Explicit concurrent mark sweep GC freed 3151(162KB) AllocSpace objects, 11(288KB) LOS objects, 8% free, 183MB/199MB, paused 1.572ms total 77.857ms
08-05 23:24:43.540 13697 13757 I art     : Starting a blocking GC Explicit
08-05 23:24:43.599 13697 13757 I art     : Explicit concurrent mark sweep GC freed 873(49KB) AllocSpace objects, 0(0B) LOS objects, 8% free, 183MB/199MB, paused 1.597ms total 57.823ms
08-05 23:24:43.618 13697 13757 I art     : Starting a blocking GC Explicit
08-05 23:24:43.677 13697 13757 I art     : Explicit concurrent mark sweep GC freed 3(96B) AllocSpace objects, 0(0B) LOS objects, 8% free, 183MB/199MB, paused 1.571ms total 58.751ms
08-05 23:24:43.700 13697 13757 I art     : Starting a blocking GC Explicit
08-05 23:24:43.760 13697 13757 I art     : Explicit concurrent mark sweep GC freed 3(96B) AllocSpace objects, 0(0B) LOS objects, 8% free, 183MB/199MB, paused 1.619ms total 59.279ms
08-05 23:24:43.783 13697 13757 I art     : Starting a blocking GC Explicit
08-05 23:24:43.843 13697 13757 I art     : Explicit concurrent mark sweep GC freed 3(96B) AllocSpace objects, 0(0B) LOS objects, 8% free, 183MB/199MB, paused 1.559ms total 59.889ms
08-05 23:24:44.268 13697 13710 I art     : Starting a blocking GC Explicit
08-05 23:24:44.349 13697 13710 I art     : Explicit concurrent mark sweep GC freed 1631(93KB) AllocSpace objects, 2(36KB) LOS objects, 8% free, 183MB/199MB, paused 1.693ms total 79.624ms
08-05 23:24:44.372 13697 13710 I art     : Starting a blocking GC Explicit
08-05 23:24:44.434 13697 13710 I art     : Explicit concurrent mark sweep GC freed 58(2688B) AllocSpace objects, 0(0B) LOS objects, 8% free, 183MB/199MB, paused 1.495ms total 62.290ms
08-05 23:24:44.454 13697 13710 I art     : Starting a blocking GC Explicit
08-05 23:24:44.522 13697 13710 I art     : Explicit concurrent mark sweep GC freed 14(672B) AllocSpace objects, 0(0B) LOS objects, 8% free, 183MB/199MB, paused 1.685ms total 67.053ms
08-05 23:24:44.544 13697 13710 I art     : Starting a blocking GC Explicit
08-05 23:24:44.612 13697 13710 I art     : Explicit concurrent mark sweep GC freed 3(96B) AllocSpace objects, 0(0B) LOS objects, 8% free, 183MB/199MB, paused 1.514ms total 67.410ms
08-05 23:24:44.634 13697 13710 I art     : Starting a blocking GC Explicit
08-05 23:24:44.699 13697 13710 I art     : Explicit concurrent mark sweep GC freed 3(96B) AllocSpace objects, 0(0B) LOS objects, 8% free, 183MB/199MB, paused 1.571ms total 64.545ms
08-05 23:24:45.108 13697 13709 I art     : Starting a blocking GC Explicit
08-05 23:24:45.172 13697 13709 I art     : Explicit concurrent mark sweep GC freed 1582(91KB) AllocSpace objects, 2(36KB) LOS objects, 8% free, 183MB/199MB, paused 1.580ms total 64.064ms
08-05 23:24:45.192 13697 13709 I art     : Starting a blocking GC Explicit
08-05 23:24:45.250 13697 13709 I art     : Explicit concurrent mark sweep GC freed 64(1984B) AllocSpace objects, 0(0B) LOS objects, 8% free, 183MB/199MB, paused 1.616ms total 58.090ms
08-05 23:24:45.270 13697 13709 I art     : Starting a blocking GC Explicit
08-05 23:24:45.330 13697 13709 I art     : Explicit concurrent mark sweep GC freed 4(128B) AllocSpace objects, 0(0B) LOS objects, 8% free, 183MB/199MB, paused 1.554ms total 60.091ms
08-05 23:24:45.350 13697 13709 I art     : Starting a blocking GC Explicit
08-05 23:24:45.409 13697 13709 I art     : Explicit concurrent mark sweep GC freed 3(96B) AllocSpace objects, 0(0B) LOS objects, 8% free, 183MB/199MB, paused 1.538ms total 58.507ms
08-05 23:24:45.426 15688 15688 D AndroidRuntime: >>>>>> START com.android.internal.os.RuntimeInit uid 2000 <<<<<<
08-05 23:24:45.429 13697 13709 I art     : Starting a blocking GC Explicit
08-05 23:24:45.432 15688 15688 D AndroidRuntime: CheckJNI is OFF
08-05 23:24:45.477 15688 15688 D ICU     : No timezone override file found: /data/misc/zoneinfo/current/icu/icu_tzdata.dat
08-05 23:24:45.487 13697 13709 I art     : Explicit concurrent mark sweep GC freed 3(96B) AllocSpace objects, 0(0B) LOS objects, 8% free, 183MB/199MB, paused 1.489ms total 57.387ms
08-05 23:24:45.523 15688 15688 I Radio-JNI: register_android_hardware_Radio DONE
08-05 23:24:45.552 15688 15688 D AndroidRuntime: Calling main entry com.android.commands.input.Input
08-05 23:24:45.555 15688 15688 I Input   : injectMotionEvent: MotionEvent { action=ACTION_DOWN, actionButton=0, id[0]=0, x[0]=1341.0, y[0]=197.0, toolType[0]=TOOL_TYPE_UNKNOWN, buttonState=0, metaState=0, flags=0x0, edgeFlags=0x0, pointerCount=1, historySize=0, eventTime=833101968, downTime=833101968, deviceId=0, source=0x1002 }
08-05 23:24:45.561 15688 15688 I Input   : injectMotionEvent: MotionEvent { action=ACTION_UP, actionButton=0, id[0]=0, x[0]=1341.0, y[0]=197.0, toolType[0]=TOOL_TYPE_UNKNOWN, buttonState=0, metaState=0, flags=0x0, edgeFlags=0x0, pointerCount=1, historySize=0, eventTime=833101968, downTime=833101968, deviceId=0, source=0x1002 }
08-05 23:24:45.563 15688 15688 D AndroidRuntime: Shutting down VM
08-05 23:24:45.575   918  5132 I ActivityManager: START u0 {cmp=baseline.io.github.project_travel_mate/.notifications.NotificationsActivity} from uid 10696 on display 0
08-05 23:24:45.575   512  2967 D audio_hw_primary: out_set_parameters: enter: usecase(1: low-latency-playback) kvpairs: routing=2
08-05 23:24:45.588   512  2967 D audio_hw_primary: select_devices: out_snd_device(2: speaker) in_snd_device(0: none)
08-05 23:24:45.588   512  2967 D msm8974_platform: platform_send_audio_calibration: sending audio calibration for snd_device(2) acdb_id(15)
08-05 23:24:45.589   512  2967 I soundtrigger: audio_extn_sound_trigger_update_device_status: device 0x2 of type 0 for Event 1
08-05 23:24:45.601   512  2967 D audio_hw_primary: enable_snd_device: snd_device(2: speaker)
08-05 23:24:45.604   512  2967 D audio_hw_primary: enable_audio_route: apply and update mixer path: low-latency-playback speaker
08-05 23:24:45.619 13697 13778 D Gabe    : call	returning from cache
08-05 23:24:45.625 13697 13697 V EXECUTING: https://project-travel-mate.herokuapp.com/api/get-notifications
08-05 23:24:45.631 13697 13697 V EXECUTING: https://project-travel-mate.herokuapp.com/api/get-notifications
08-05 23:24:45.797   918   936 I ActivityManager: Displayed baseline.io.github.project_travel_mate/.notifications.NotificationsActivity: +207ms
08-05 23:24:45.802 13866 13866 I GoogleInputMethodServic: GoogleInputMethodService.onFinishInput():3138 
08-05 23:24:45.802 13866 13866 I GoogleInputMethodServic: GoogleInputMethodService.onStartInput():1808 
08-05 23:24:45.871 13697 13709 I art     : Starting a blocking GC Explicit
08-05 23:24:45.898 13697 13712 D OpenGLRenderer: endAllStagingAnimators on 0x7f7990cc00 (RippleDrawable) with handle 0x7f7caf48c0
08-05 23:24:45.929 13697 13709 I art     : Explicit concurrent mark sweep GC freed 3865(225KB) AllocSpace objects, 2(36KB) LOS objects, 7% free, 188MB/204MB, paused 1.823ms total 56.837ms
08-05 23:24:45.948 13697 13709 I art     : Starting a blocking GC Explicit
08-05 23:24:46.000 13697 13709 I art     : Explicit concurrent mark sweep GC freed 475(19KB) AllocSpace objects, 0(0B) LOS objects, 7% free, 188MB/204MB, paused 1.426ms total 52.468ms
08-05 23:24:46.020 13697 13709 I art     : Starting a blocking GC Explicit
08-05 23:24:46.058   380   380 W SurfaceFlinger: couldn't log to binary event log: overflow.
08-05 23:24:46.074 13697 13709 I art     : Explicit concurrent mark sweep GC freed 101(1760B) AllocSpace objects, 0(0B) LOS objects, 7% free, 188MB/204MB, paused 1.514ms total 54.068ms
08-05 23:24:46.093 13697 13709 I art     : Starting a blocking GC Explicit
08-05 23:24:46.139   512  2967 D audio_hw_primary: disable_audio_route: reset and update mixer path: low-latency-playback speaker
08-05 23:24:46.141   512  2967 D audio_hw_primary: disable_snd_device: snd_device(2: speaker)
08-05 23:24:46.146 13697 13709 I art     : Explicit concurrent mark sweep GC freed 123(2096B) AllocSpace objects, 0(0B) LOS objects, 7% free, 188MB/204MB, paused 1.506ms total 53.140ms
08-05 23:24:46.149   512  2967 I soundtrigger: audio_extn_sound_trigger_update_device_status: device 0x2 of type 0 for Event 0
08-05 23:24:46.166 13697 13709 I art     : Starting a blocking GC Explicit
08-05 23:24:46.221 13697 13709 I art     : Explicit concurrent mark sweep GC freed 103(1728B) AllocSpace objects, 0(0B) LOS objects, 7% free, 188MB/204MB, paused 1.803ms total 55.474ms
08-05 23:24:46.393 13697 15716 I NAPPA_EXPERIMENTATION: MetricNetworkRequestExecutionTime: REQUEST_DURATION_SYSTEM='761',REQUEST_DURATION_OKHTTP='51',REQUEST_SYNCHRONOUS='FALSE',RESPONSE_CODE='200',RESPONSE_METHOD='GET',RESPONSE_LENGTH_OKHTTP='2',RESPONSE_LENGTH_HEADER='2',REQUEST_PROTOCOL='http/1.1',REQUEST_URL='https://project-travel-mate.herokuapp.com/api/get-notifications',
08-05 23:24:46.401 13697 15715 I NAPPA_EXPERIMENTATION: MetricNetworkRequestExecutionTime: REQUEST_DURATION_SYSTEM='774',REQUEST_DURATION_OKHTTP='59',REQUEST_SYNCHRONOUS='FALSE',RESPONSE_CODE='200',RESPONSE_METHOD='GET',RESPONSE_LENGTH_OKHTTP='2',RESPONSE_LENGTH_HEADER='2',REQUEST_PROTOCOL='http/1.1',REQUEST_URL='https://project-travel-mate.herokuapp.com/api/get-notifications',
08-05 23:24:46.526 13697 13697 V Response: [] 
08-05 23:24:46.551 13697 13697 V Response: [] 
08-05 23:24:46.561 13697 13778 W LOTTIE  : Animation contains merge paths. Merge paths are only supported on KitKat+ and must be manually enabled by calling enableMergePathsForKitKatAndAbove().
08-05 23:24:46.569 13697 13778 W LOTTIE  : Animation contains merge paths. Merge paths are only supported on KitKat+ and must be manually enabled by calling enableMergePathsForKitKatAndAbove().
08-05 23:24:46.572 13697 13778 W LOTTIE  : Animation contains merge paths. Merge paths are only supported on KitKat+ and must be manually enabled by calling enableMergePathsForKitKatAndAbove().
08-05 23:24:46.575 13697 13778 W LOTTIE  : Animation contains merge paths. Merge paths are only supported on KitKat+ and must be manually enabled by calling enableMergePathsForKitKatAndAbove().
08-05 23:24:46.578 13697 13778 W LOTTIE  : Animation contains merge paths. Merge paths are only supported on KitKat+ and must be manually enabled by calling enableMergePathsForKitKatAndAbove().
08-05 23:24:46.581 13697 13778 W LOTTIE  : Animation contains merge paths. Merge paths are only supported on KitKat+ and must be manually enabled by calling enableMergePathsForKitKatAndAbove().
08-05 23:24:46.584 13697 13758 I art     : Starting a blocking GC Explicit
08-05 23:24:46.584 13697 13778 W LOTTIE  : Animation contains merge paths. Merge paths are only supported on KitKat+ and must be manually enabled by calling enableMergePathsForKitKatAndAbove().
08-05 23:24:46.586 13697 13697 W LOTTIE  : Animation contains merge paths but they are disabled.
08-05 23:24:46.644 13697 13758 I art     : Explicit concurrent mark sweep GC freed 16574(770KB) AllocSpace objects, 9(624KB) LOS objects, 7% free, 188MB/204MB, paused 1.502ms total 59.701ms
08-05 23:24:46.663 13697 13758 I art     : Starting a blocking GC Explicit
08-05 23:24:46.715 13697 13758 I art     : Explicit concurrent mark sweep GC freed 4156(336KB) AllocSpace objects, 0(0B) LOS objects, 7% free, 188MB/204MB, paused 1.551ms total 51.373ms
08-05 23:24:46.734 13697 13758 I art     : Starting a blocking GC Explicit
08-05 23:24:46.784 13697 13758 I art     : Explicit concurrent mark sweep GC freed 358(5KB) AllocSpace objects, 0(0B) LOS objects, 7% free, 188MB/204MB, paused 1.390ms total 49.797ms
08-05 23:24:46.802 13697 13758 I art     : Starting a blocking GC Explicit
08-05 23:24:46.853 13697 13758 I art     : Explicit concurrent mark sweep GC freed 371(7KB) AllocSpace objects, 0(0B) LOS objects, 7% free, 188MB/204MB, paused 1.762ms total 50.085ms
08-05 23:24:46.871 13697 13758 I art     : Starting a blocking GC Explicit
08-05 23:24:46.922 13697 13758 I art     : Explicit concurrent mark sweep GC freed 315(5KB) AllocSpace objects, 0(0B) LOS objects, 7% free, 188MB/204MB, paused 1.335ms total 50.049ms
08-05 23:24:47.317 13697 13710 I art     : Starting a blocking GC Explicit
08-05 23:24:47.368 13697 13710 I art     : Explicit concurrent mark sweep GC freed 3732(136KB) AllocSpace objects, 2(36KB) LOS objects, 7% free, 188MB/204MB, paused 1.330ms total 50.050ms
08-05 23:24:47.386 13697 13710 I art     : Starting a blocking GC Explicit
08-05 23:24:47.436 13697 13710 I art     : Explicit concurrent mark sweep GC freed 358(7KB) AllocSpace objects, 0(0B) LOS objects, 7% free, 188MB/204MB, paused 1.344ms total 49.566ms
08-05 23:24:47.455 13697 13710 I art     : Starting a blocking GC Explicit
08-05 23:24:47.503 13697 13710 I art     : Explicit concurrent mark sweep GC freed 300(5KB) AllocSpace objects, 0(0B) LOS objects, 7% free, 188MB/204MB, paused 1.320ms total 48.029ms
08-05 23:24:47.523 13697 13710 I art     : Starting a blocking GC Explicit
08-05 23:24:47.573 13697 13710 I art     : Explicit concurrent mark sweep GC freed 284(4KB) AllocSpace objects, 0(0B) LOS objects, 7% free, 188MB/204MB, paused 1.332ms total 49.754ms
08-05 23:24:47.591 13697 13710 I art     : Starting a blocking GC Explicit
08-05 23:24:47.640 13697 13710 I art     : Explicit concurrent mark sweep GC freed 282(4KB) AllocSpace objects, 0(0B) LOS objects, 7% free, 188MB/204MB, paused 1.309ms total 48.273ms
08-05 23:24:48.034 13697 13757 I art     : Starting a blocking GC Explicit
08-05 23:24:48.085 13697 13757 I art     : Explicit concurrent mark sweep GC freed 3450(121KB) AllocSpace objects, 2(36KB) LOS objects, 7% free, 188MB/204MB, paused 1.461ms total 50.328ms
08-05 23:24:48.103 13697 13757 I art     : Starting a blocking GC Explicit
08-05 23:24:48.153 13697 13757 I art     : Explicit concurrent mark sweep GC freed 331(5KB) AllocSpace objects, 0(0B) LOS objects, 7% free, 188MB/204MB, paused 1.321ms total 49.898ms
08-05 23:24:48.172 13697 13757 I art     : Starting a blocking GC Explicit
08-05 23:24:48.220 13697 13757 I art     : Explicit concurrent mark sweep GC freed 283(4KB) AllocSpace objects, 0(0B) LOS objects, 7% free, 188MB/204MB, paused 1.338ms total 47.973ms
08-05 23:24:48.238 13697 13757 I art     : Starting a blocking GC Explicit
08-05 23:24:48.286 13697 13757 I art     : Explicit concurrent mark sweep GC freed 320(5KB) AllocSpace objects, 0(0B) LOS objects, 7% free, 188MB/204MB, paused 1.316ms total 48.009ms
08-05 23:24:48.306 13697 13757 I art     : Starting a blocking GC Explicit
08-05 23:24:48.355 13697 13757 I art     : Explicit concurrent mark sweep GC freed 283(4KB) AllocSpace objects, 0(0B) LOS objects, 7% free, 188MB/204MB, paused 1.300ms total 49.127ms
08-05 23:24:48.458   518   646 I ThermalEngine: ACTION: GPU - Setting GPU[0] to 390000000
08-05 23:24:48.780 13697 13758 I art     : Starting a blocking GC Explicit
08-05 23:24:48.843 13697 13758 I art     : Explicit concurrent mark sweep GC freed 3612(124KB) AllocSpace objects, 2(36KB) LOS objects, 7% free, 188MB/204MB, paused 1.991ms total 62.953ms
08-05 23:24:48.867 13697 13758 I art     : Starting a blocking GC Explicit
08-05 23:24:48.928 13697 13758 I art     : Explicit concurrent mark sweep GC freed 378(6KB) AllocSpace objects, 0(0B) LOS objects, 7% free, 188MB/204MB, paused 1.969ms total 59.770ms
08-05 23:24:48.951 13697 13758 I art     : Starting a blocking GC Explicit
08-05 23:24:49.011 13697 13758 I art     : Explicit concurrent mark sweep GC freed 353(5KB) AllocSpace objects, 0(0B) LOS objects, 7% free, 188MB/204MB, paused 1.970ms total 59.606ms
08-05 23:24:49.034 13697 13758 I art     : Starting a blocking GC Explicit
08-05 23:24:49.096 13697 13758 I art     : Explicit concurrent mark sweep GC freed 353(5KB) AllocSpace objects, 0(0B) LOS objects, 7% free, 188MB/204MB, paused 2.204ms total 61.605ms
08-05 23:24:49.121 13697 13758 I art     : Starting a blocking GC Explicit
08-05 23:24:49.182 13697 13758 I art     : Explicit concurrent mark sweep GC freed 362(5KB) AllocSpace objects, 0(0B) LOS objects, 7% free, 188MB/204MB, paused 2.281ms total 60.778ms
08-05 23:24:49.546   918  1210 D NetlinkSocketObserver: NeighborEvent{elapsedMs=1816493421, 192.168.2.254, [7C3953A63323], RTM_NEWNEIGH, NUD_STALE}
08-05 23:24:49.623 13697 13757 I art     : Starting a blocking GC Explicit
08-05 23:24:49.686 13697 13757 I art     : Explicit concurrent mark sweep GC freed 3777(127KB) AllocSpace objects, 2(36KB) LOS objects, 7% free, 188MB/204MB, paused 2.103ms total 62.675ms
08-05 23:24:49.711 13697 13757 I art     : Starting a blocking GC Explicit
08-05 23:24:49.772 13697 13757 I art     : Explicit concurrent mark sweep GC freed 381(6KB) AllocSpace objects, 0(0B) LOS objects, 7% free, 188MB/204MB, paused 2.027ms total 59.823ms
08-05 23:24:49.795 13697 13757 I art     : Starting a blocking GC Explicit
08-05 23:24:49.856 13697 13757 I art     : Explicit concurrent mark sweep GC freed 355(5KB) AllocSpace objects, 0(0B) LOS objects, 7% free, 188MB/204MB, paused 2.052ms total 60.712ms
08-05 23:24:49.880 13697 13757 I art     : Starting a blocking GC Explicit
08-05 23:24:49.941 13697 13757 I art     : Explicit concurrent mark sweep GC freed 365(6KB) AllocSpace objects, 0(0B) LOS objects, 7% free, 188MB/204MB, paused 2.052ms total 60.574ms
08-05 23:24:49.964 13697 13757 I art     : Starting a blocking GC Explicit
08-05 23:24:50.025 13697 13757 I art     : Explicit concurrent mark sweep GC freed 366(6KB) AllocSpace objects, 0(0B) LOS objects, 7% free, 188MB/204MB, paused 1.987ms total 60.233ms
08-05 23:24:50.440 15780 15780 D AndroidRuntime: >>>>>> START com.android.internal.os.RuntimeInit uid 2000 <<<<<<
08-05 23:24:50.446 15780 15780 D AndroidRuntime: CheckJNI is OFF
08-05 23:24:50.454 13697 13709 I art     : Starting a blocking GC Explicit
08-05 23:24:50.498 15780 15780 D ICU     : No timezone override file found: /data/misc/zoneinfo/current/icu/icu_tzdata.dat
08-05 23:24:50.519 13697 13709 I art     : Explicit concurrent mark sweep GC freed 3731(128KB) AllocSpace objects, 2(36KB) LOS objects, 7% free, 188MB/204MB, paused 2.267ms total 64.489ms
08-05 23:24:50.543 13697 13709 I art     : Starting a blocking GC Explicit
08-05 23:24:50.548 15780 15780 I Radio-JNI: register_android_hardware_Radio DONE
08-05 23:24:50.581 15780 15780 D AndroidRuntime: Calling main entry com.android.commands.input.Input
08-05 23:24:50.583 15780 15780 I Input   : injectKeyEvent: KeyEvent { action=ACTION_DOWN, keyCode=KEYCODE_BACK, scanCode=0, metaState=0, flags=0x0, repeatCount=0, eventTime=833106995, downTime=833106995, deviceId=-1, source=0x101 }
08-05 23:24:50.593 15780 15780 I Input   : injectKeyEvent: KeyEvent { action=ACTION_UP, keyCode=KEYCODE_BACK, scanCode=0, metaState=0, flags=0x0, repeatCount=0, eventTime=833106995, downTime=833106995, deviceId=-1, source=0x101 }
08-05 23:24:50.599 15780 15780 D AndroidRuntime: Shutting down VM
08-05 23:24:50.604 13697 13709 I art     : Explicit concurrent mark sweep GC freed 551(17KB) AllocSpace objects, 0(0B) LOS objects, 7% free, 188MB/204MB, paused 1.947ms total 60.898ms
08-05 23:24:50.622 13697 13697 V MainActivity: url = https://project-travel-mate.herokuapp.com/api/number-of-unread-notifications
08-05 23:24:50.629 13697 13709 I art     : Starting a blocking GC Explicit
08-05 23:24:50.692 13866 13866 I GoogleInputMethodServic: GoogleInputMethodService.onFinishInput():3138 
08-05 23:24:50.693 13866 13866 I GoogleInputMethodServic: GoogleInputMethodService.onStartInput():1808 
08-05 23:24:50.697 13697 13709 I art     : Explicit concurrent mark sweep GC freed 545(17KB) AllocSpace objects, 0(0B) LOS objects, 7% free, 188MB/204MB, paused 2.781ms total 68.234ms
08-05 23:24:50.725 13697 13709 I art     : Starting a blocking GC Explicit
08-05 23:24:50.790 13697 13709 I art     : Explicit concurrent mark sweep GC freed 265(10KB) AllocSpace objects, 0(0B) LOS objects, 7% free, 188MB/204MB, paused 1.938ms total 64.683ms
08-05 23:24:50.816 13697 13709 I art     : Starting a blocking GC Explicit
08-05 23:24:50.899 13697 13709 I art     : Explicit concurrent mark sweep GC freed 100(3040B) AllocSpace objects, 0(0B) LOS objects, 7% free, 188MB/204MB, paused 2.309ms total 82.094ms
08-05 23:24:50.946   380   380 W SurfaceFlinger: couldn't log to binary event log: overflow.
08-05 23:24:51.189 13697 15803 I NAPPA_EXPERIMENTATION: MetricNetworkRequestExecutionTime: REQUEST_DURATION_SYSTEM='566',REQUEST_DURATION_OKHTTP='33',REQUEST_SYNCHRONOUS='FALSE',RESPONSE_CODE='200',RESPONSE_METHOD='GET',RESPONSE_LENGTH_OKHTTP='36',RESPONSE_LENGTH_HEADER='36',REQUEST_PROTOCOL='http/1.1',REQUEST_URL='https://project-travel-mate.herokuapp.com/api/number-of-unread-notifications',
08-05 23:24:51.368 13697 13758 I art     : Starting a blocking GC Explicit
08-05 23:24:51.463 13697 13758 I art     : Explicit concurrent mark sweep GC freed 4476(242KB) AllocSpace objects, 6(4MB) LOS objects, 7% free, 184MB/200MB, paused 2.667ms total 94.777ms
08-05 23:24:51.494 13697 13758 I art     : Starting a blocking GC Explicit
08-05 23:24:51.561 13697 13758 I art     : Explicit concurrent mark sweep GC freed 4688(294KB) AllocSpace objects, 2(56KB) LOS objects, 7% free, 184MB/200MB, paused 2.318ms total 65.836ms
08-05 23:24:51.588 13697 13758 I art     : Starting a blocking GC Explicit
08-05 23:24:51.661 13697 13758 I art     : Explicit concurrent mark sweep GC freed 7(288B) AllocSpace objects, 0(0B) LOS objects, 7% free, 184MB/200MB, paused 2.351ms total 72.968ms
08-05 23:24:51.689 13697 13758 I art     : Starting a blocking GC Explicit
08-05 23:24:51.773 13697 13758 I art     : Explicit concurrent mark sweep GC freed 3(96B) AllocSpace objects, 0(0B) LOS objects, 7% free, 184MB/200MB, paused 2.861ms total 83.707ms
08-05 23:24:51.805 13697 13758 I art     : Starting a blocking GC Explicit
