--------- beginning of main
08-06 03:03:50.458 11161 11161 D AndroidRuntime: >>>>>> START com.android.internal.os.RuntimeInit uid 2000 <<<<<<
08-06 03:03:50.464 11161 11161 D AndroidRuntime: CheckJNI is OFF
08-06 03:03:50.500 11161 11161 D ICU     : No timezone override file found: /data/misc/zoneinfo/current/icu/icu_tzdata.dat
08-06 03:03:50.534 11161 11161 I Radio-JNI: register_android_hardware_Radio DONE
08-06 03:03:50.550 11161 11161 D AndroidRuntime: Calling main entry com.android.commands.monkey.Monkey
--------- beginning of system
08-06 03:03:50.566   918   931 W BroadcastQueue: Skipping deliver [background] BroadcastRecord{9548b3a u-1 android.net.conn.CONNECTIVITY_CHANGE} to ReceiverList{44723eb 11161 (unknown name)/2000/u-1 remote:e5c5f5c}: process crashing
08-06 03:03:50.572  6516  6516 I ServiceManager: Waiting for service AtCmdFwd...
08-06 03:03:50.577   918  4400 I ActivityManager: START u0 {act=android.intent.action.MAIN cat=[android.intent.category.LAUNCHER] flg=0x10200000 cmp=baseline.io.github.project_travel_mate/.SplashActivity} from uid 2000 on display 0
08-06 03:03:50.619 11170 11170 I art     : Late-enabling -Xcheck:jni
08-06 03:03:50.625   918   928 I ActivityManager: Start proc 11170:baseline.io.github.project_travel_mate/u0a696 for activity baseline.io.github.project_travel_mate/.SplashActivity
08-06 03:03:50.639 11161 11161 I art     : System.exit called, status: 0
08-06 03:03:50.639 11161 11161 I AndroidRuntime: VM exiting with result code 0.
08-06 03:03:50.686 16458  6583 I PBSessionCacheImpl: Deleted sessionId[72384646105454640] from persistence.
08-06 03:03:50.694 16458 16488 W SearchServiceCore: Abort, client detached.
08-06 03:03:50.695 16458 16488 I MicroDetectionState: Should stop hotword detection immediately - true
08-06 03:03:50.752 11170 11170 W System  : ClassLoader referenced unknown path: /data/app/baseline.io.github.project_travel_mate-1/lib/arm64
08-06 03:03:50.971 11170 11170 W art     : Before Android 4.1, method android.graphics.PorterDuffColorFilter androidx.vectordrawable.graphics.drawable.VectorDrawableCompat.updateTintFilter(android.graphics.PorterDuffColorFilter, android.content.res.ColorStateList, android.graphics.PorterDuff$Mode) would have incorrectly overridden the package-private method in android.graphics.drawable.Drawable
08-06 03:03:51.019 11170 11170 I art     : Rejecting re-init on previously-failed class java.lang.Class<androidx.core.view.ViewCompat$OnUnhandledKeyEventListenerWrapper>
08-06 03:03:51.019 11170 11170 I art     : Rejecting re-init on previously-failed class java.lang.Class<androidx.core.view.ViewCompat$OnUnhandledKeyEventListenerWrapper>
08-06 03:03:51.087 11170 11185 D OpenGLRenderer: Use EGL_SWAP_BEHAVIOR_PRESERVED: true
08-06 03:03:51.134 11170 11185 I Adreno  : QUALCOMM build                   : fcf4852, I1af360237c
08-06 03:03:51.134 11170 11185 I Adreno  : Build Date                       : 09/23/15
08-06 03:03:51.134 11170 11185 I Adreno  : OpenGL ES Shader Compiler Version: XE031.05.13.02
08-06 03:03:51.134 11170 11185 I Adreno  : Local Branch                     : mybranch14465806
08-06 03:03:51.134 11170 11185 I Adreno  : Remote Branch                    : quic/LA.BF64.1.2.9_v2
08-06 03:03:51.134 11170 11185 I Adreno  : Remote Branch                    : NONE
08-06 03:03:51.134 11170 11185 I Adreno  : Reconstruct Branch               : NOTHING
08-06 03:03:51.141 11170 11185 I OpenGLRenderer: Initialized EGL, version 1.4
08-06 03:03:51.242   918   936 I ActivityManager: Displayed baseline.io.github.project_travel_mate/.SplashActivity: +656ms
08-06 03:03:51.247 13866 13866 I GoogleInputMethodServic: GoogleInputMethodService.onFinishInput():3138 
08-06 03:03:51.248 13866 13866 I GoogleInputMethodServic: GoogleInputMethodService.onStartInput():1808 
08-06 03:03:51.573  6516  6516 I ServiceManager: Waiting for service AtCmdFwd...
08-06 03:03:52.205 11200 11200 D AndroidRuntime: >>>>>> START com.android.internal.os.RuntimeInit uid 2000 <<<<<<
08-06 03:03:52.211 11200 11200 D AndroidRuntime: CheckJNI is OFF
08-06 03:03:52.238 11200 11200 D ICU     : No timezone override file found: /data/misc/zoneinfo/current/icu/icu_tzdata.dat
08-06 03:03:52.262 11200 11200 I Radio-JNI: register_android_hardware_Radio DONE
08-06 03:03:52.277 11200 11200 D AndroidRuntime: Calling main entry com.android.commands.am.Am
08-06 03:03:52.286  3167  3167 I Trepn   : Trepn 6.2s: Received intent: com.quicinc.trepn.start_profiling
08-06 03:03:52.389  3167  3167 W FileUtils: Failed to chmod(/storage/emulated/0/trepn/Trepn_2020.08.06_030352.db): android.system.ErrnoException: chmod failed: EPERM (Operation not permitted)
08-06 03:03:52.475  3167  3167 I Trepn   : Trepn 6.2s: Trepn has Started Profiling.
08-06 03:03:52.478 11200 11200 D AndroidRuntime: Shutting down VM
08-06 03:03:52.574  6516  6516 I ServiceManager: Waiting for service AtCmdFwd...
08-06 03:03:52.967   918  1210 D NetlinkSocketObserver: NeighborEvent{elapsedMs=1829636842, 192.168.2.254, [7C3953A63323], RTM_NEWNEIGH, NUD_PROBE}
08-06 03:03:53.001 11170 11181 I art     : Starting a blocking GC Explicit
08-06 03:03:53.025 11170 11181 I art     : Explicit concurrent mark sweep GC freed 55096(2MB) AllocSpace objects, 2(40KB) LOS objects, 40% free, 20MB/34MB, paused 141us total 24.077ms
08-06 03:03:53.041 11170 11181 I art     : Starting a blocking GC Explicit
08-06 03:03:53.050 11170 11181 I art     : Explicit concurrent mark sweep GC freed 1129(48KB) AllocSpace objects, 0(0B) LOS objects, 40% free, 20MB/34MB, paused 106us total 8.653ms
08-06 03:03:53.058 11170 11181 I art     : Starting a blocking GC Explicit
08-06 03:03:53.066 11170 11181 I art     : Explicit concurrent mark sweep GC freed 3(96B) AllocSpace objects, 0(0B) LOS objects, 40% free, 20MB/34MB, paused 114us total 8.501ms
08-06 03:03:53.074 11170 11181 I art     : Starting a blocking GC Explicit
08-06 03:03:53.082 11170 11181 I art     : Explicit concurrent mark sweep GC freed 3(96B) AllocSpace objects, 0(0B) LOS objects, 40% free, 20MB/34MB, paused 127us total 8.535ms
08-06 03:03:53.090 11170 11181 I art     : Starting a blocking GC Explicit
08-06 03:03:53.110 11170 11181 I art     : Explicit concurrent mark sweep GC freed 452(17KB) AllocSpace objects, 0(0B) LOS objects, 40% free, 20MB/34MB, paused 278us total 20.083ms
08-06 03:03:53.163   918  5481 I ActivityManager: START u0 {cmp=baseline.io.github.project_travel_mate/.MainActivity} from uid 10696 on display 0
08-06 03:03:53.346 11170 11170 W Settings: Setting airplane_mode_on has moved from android.provider.Settings.System to android.provider.Settings.Global, returning read-only value.
08-06 03:03:53.377 11170 11170 V MainActivity: url=https://project-travel-mate.herokuapp.com/api/get-user
08-06 03:03:53.424 11170 11250 W LOTTIE  : Unknown mask mode mode. Defaulting to Add.
08-06 03:03:53.433 11170 11250 W LOTTIE  : You have 5 images. Lottie should primarily be used with shapes. If you are using Adobe Illustrator, convert the Illustrator layers to shape layers.
08-06 03:03:53.434 11170 11250 W LOTTIE  : Unknown mask mode mode. Defaulting to Add.
08-06 03:03:53.434 11170 11250 W LOTTIE  : Unknown mask mode mode. Defaulting to Add.
08-06 03:03:53.480 11170 11170 V CityFragment: url=https://project-travel-mate.herokuapp.com/api/get-all-cities/10
08-06 03:03:53.481 11170 11230 I art     : Starting a blocking GC Explicit
08-06 03:03:53.508 11170 11230 I art     : Explicit concurrent mark sweep GC freed 16546(1203KB) AllocSpace objects, 2(40KB) LOS objects, 40% free, 23MB/38MB, paused 427us total 26.780ms
08-06 03:03:53.517 11170 11230 I art     : Starting a blocking GC Explicit
08-06 03:03:53.530 11170 11230 I art     : Explicit concurrent mark sweep GC freed 1464(72KB) AllocSpace objects, 0(0B) LOS objects, 40% free, 23MB/38MB, paused 321us total 12.408ms
08-06 03:03:53.558 11170 11230 I art     : Starting a blocking GC Explicit
08-06 03:03:53.569 11170 11230 I art     : Explicit concurrent mark sweep GC freed 8(320B) AllocSpace objects, 0(0B) LOS objects, 40% free, 23MB/38MB, paused 207us total 11.038ms
08-06 03:03:53.574  6516  6516 I ServiceManager: Waiting for service AtCmdFwd...
08-06 03:03:53.638 11170 11230 I art     : Starting a blocking GC Explicit
08-06 03:03:53.673 11170 11230 I art     : Explicit concurrent mark sweep GC freed 3(96B) AllocSpace objects, 0(0B) LOS objects, 40% free, 23MB/38MB, paused 237us total 31.549ms
08-06 03:03:53.828 11170 11230 I art     : Starting a blocking GC Explicit
08-06 03:03:53.850 11170 11230 I art     : Explicit concurrent mark sweep GC freed 3(96B) AllocSpace objects, 0(0B) LOS objects, 40% free, 23MB/38MB, paused 392us total 21.323ms
08-06 03:03:53.854 11170 11170 E RecyclerView: No adapter attached; skipping layout
08-06 03:03:53.952 11170 11253 I NAPPA_EXPERIMENTATION: MetricNetworkRequestExecutionTime: REQUEST_DURATION_SYSTEM='470',REQUEST_DURATION_OKHTTP='36',REQUEST_SYNCHRONOUS='FALSE',RESPONSE_CODE='200',RESPONSE_METHOD='GET',RESPONSE_LENGTH_OKHTTP='1588',RESPONSE_LENGTH_HEADER='1588',REQUEST_PROTOCOL='http/1.1',REQUEST_URL='https://project-travel-mate.herokuapp.com/api/get-all-cities/10',
08-06 03:03:53.962 11170 11249 I NAPPA_EXPERIMENTATION: MetricNetworkRequestExecutionTime: REQUEST_DURATION_SYSTEM='562',REQUEST_DURATION_OKHTTP='49',REQUEST_SYNCHRONOUS='FALSE',RESPONSE_CODE='200',RESPONSE_METHOD='GET',RESPONSE_LENGTH_OKHTTP='185',RESPONSE_LENGTH_HEADER='185',REQUEST_PROTOCOL='http/1.1',REQUEST_URL='https://project-travel-mate.herokuapp.com/api/get-user',
08-06 03:03:54.058 11170 11170 V MainActivity: url = https://project-travel-mate.herokuapp.com/api/number-of-unread-notifications
08-06 03:03:54.062   918   936 I ActivityManager: Displayed baseline.io.github.project_travel_mate/.MainActivity: +892ms
08-06 03:03:54.088 13866 13866 I GoogleInputMethodServic: GoogleInputMethodService.onFinishInput():3138 
08-06 03:03:54.089 13866 13866 I GoogleInputMethodServic: GoogleInputMethodService.onStartInput():1808 
08-06 03:03:54.090 11170 11170 E RecyclerView: No adapter attached; skipping layout
08-06 03:03:54.116 11170 11230 I art     : Starting a blocking GC Explicit
08-06 03:03:54.139 11170 11230 I art     : Explicit concurrent mark sweep GC freed 12894(805KB) AllocSpace objects, 7(420KB) LOS objects, 36% free, 28MB/44MB, paused 716us total 21.910ms
08-06 03:03:54.149 11170 11230 I art     : Starting a blocking GC Explicit
08-06 03:03:54.164 11170 11230 I art     : Explicit concurrent mark sweep GC freed 2309(255KB) AllocSpace objects, 0(0B) LOS objects, 36% free, 28MB/44MB, paused 256us total 14.430ms
08-06 03:03:54.167 11170 11170 V CityFragment: result=[{"id":1,"city_name":"Delhi","facts_count":6,"image":"https://upload.wikimedia.org/wikipedia/commons/9/94/%E0%B4%96%E0%B5%81%E0%B4%A4%E0%B5%8D%E0%B4%AC%E0%B5%8D_%E0%B4%AE%E0%B4%BF%E0%B4%A8%E0%B4%BE%E0%B5%BC1.jpg","visit_count":18186},{"id":2,"city_name":"Mumbai","facts_count":0,"image":"https://static1.squarespace.com/static/55917ae2e4b0984fc8c264c4/t/5ad7a037758d464041bfba27/1524102624280/Victoria_Mumbai.jpg","visit_count":6022},{"id":3,"city_name":"Bangalore","facts_count":0,"image":null,"visit_count":5536},{"id":8,"city_name":"Pune","facts_count":0,"image":"https://www.zricks.com/ImagesPostProject/47929//6557d975-20a9-4c6c-a776-8072a1936a76.jpg","visit_count":3324},{"id":4,"city_name":"Chennai","facts_count":0,"image":"http://lh3.ggpht.com/_YLb7tJ8RoAk/SfazBLdgf3I/AAAAAAAANEg/p52_Zz_URxg/s640/Picture%20009.jpg","visit_count":3061},{"id":5,"city_name":"Kolkata","facts_count":0,"image":"https://i.pinimg.com/originals/05/ec/42/05ec42c545b494d12cc612923483b4f0.jpg","visit_count":2211},{"id":9,"city_name":"Jaipur","facts_count":1,"image":"https://www.trodly.com/pictures/attraction/1943.jpg","visit_count":2007},{"id":6,"city_name":"Hyderabad","facts_count":0,"image":"https://i1.trekearth.com/photos/59194/charminar_020_sm.jpg","visit_count":1633},{"id":150,"city_name":"Panjim","facts_count":0,"image":"http://www.nomad4ever.com/wp-content/uploads/2009/04/palm-trees-at-baga-creek-north-goa1.jpg","visit_count":1488},{"id":7,"city_name":"Ahmedabad","facts_count":0,"image":"https://i.pinimg.com/originals/a5/ed/29/a5ed293271669a61f47059f7b0d9cf2c.jpg","visit_count":1115}]
08-06 03:03:54.173 11170 11230 I art     : Starting a blocking GC Explicit
08-06 03:03:54.188 11170 11230 I art     : Explicit concurrent mark sweep GC freed 183(15KB) AllocSpace objects, 0(0B) LOS objects, 36% free, 28MB/44MB, paused 262us total 14.695ms
08-06 03:03:54.196 11170 11230 I art     : Starting a blocking GC Explicit
08-06 03:03:54.210 11170 11230 I art     : Explicit concurrent mark sweep GC freed 97(3040B) AllocSpace objects, 0(0B) LOS objects, 36% free, 28MB/44MB, paused 240us total 13.546ms
08-06 03:03:54.220 11170 11230 I art     : Starting a blocking GC Explicit
08-06 03:03:54.235 11170 11230 I art     : Explicit concurrent mark sweep GC freed 123(3KB) AllocSpace objects, 0(0B) LOS objects, 36% free, 28MB/44MB, paused 267us total 15.160ms
08-06 03:03:54.247 11170 11170 D CityFragment: get cities cities size = 10
08-06 03:03:54.502 11170 11267 I NAPPA_EXPERIMENTATION: MetricNetworkRequestExecutionTime: REQUEST_DURATION_SYSTEM='443',REQUEST_DURATION_OKHTTP='53',REQUEST_SYNCHRONOUS='FALSE',RESPONSE_CODE='200',RESPONSE_METHOD='GET',RESPONSE_LENGTH_OKHTTP='36',RESPONSE_LENGTH_HEADER='36',REQUEST_PROTOCOL='http/1.1',REQUEST_URL='https://project-travel-mate.herokuapp.com/api/number-of-unread-notifications',
08-06 03:03:54.520 11170 11181 I art     : Starting a blocking GC Explicit
08-06 03:03:54.523   380   380 W SurfaceFlinger: couldn't log to binary event log: overflow.
08-06 03:03:54.540 11170 11181 I art     : Explicit concurrent mark sweep GC freed 13951(902KB) AllocSpace objects, 12(584KB) LOS objects, 32% free, 32MB/48MB, paused 1.082ms total 19.910ms
08-06 03:03:54.550 11170 11181 I art     : Starting a blocking GC Explicit
08-06 03:03:54.569 11170 11181 I art     : Explicit concurrent mark sweep GC freed 2722(273KB) AllocSpace objects, 1(4MB) LOS objects, 36% free, 28MB/44MB, paused 905us total 18.912ms
08-06 03:03:54.575  6516  6516 I ServiceManager: Waiting for service AtCmdFwd...
08-06 03:03:54.578 11170 11181 I art     : Starting a blocking GC Explicit
08-06 03:03:54.595 11170 11181 I art     : Explicit concurrent mark sweep GC freed 2183(230KB) AllocSpace objects, 2(56KB) LOS objects, 35% free, 29MB/45MB, paused 473us total 16.994ms
08-06 03:03:54.604 11170 11181 I art     : Starting a blocking GC Explicit
08-06 03:03:54.621 11170 11181 I art     : Explicit concurrent mark sweep GC freed 433(212KB) AllocSpace objects, 0(0B) LOS objects, 35% free, 29MB/45MB, paused 623us total 17.107ms
08-06 03:03:54.627   918  3261 D WifiStateMachine: starting scan for "H369AA63323"WPA_PSK with 2412,5180
08-06 03:03:54.629 11170 11181 I art     : Starting a blocking GC Explicit
08-06 03:03:54.647 11170 11181 I art     : Explicit concurrent mark sweep GC freed 977(176KB) AllocSpace objects, 2(56KB) LOS objects, 34% free, 30MB/46MB, paused 364us total 17.745ms
08-06 03:03:54.942 11170 11181 I art     : Starting a blocking GC Explicit
08-06 03:03:54.964 11170 11181 I art     : Explicit concurrent mark sweep GC freed 13623(1263KB) AllocSpace objects, 19(2MB) LOS objects, 33% free, 32MB/48MB, paused 315us total 22.468ms
08-06 03:03:54.974 11170 11181 I art     : Starting a blocking GC Explicit
08-06 03:03:54.993 11170 11181 I art     : Explicit concurrent mark sweep GC freed 8606(408KB) AllocSpace objects, 3(124KB) LOS objects, 32% free, 32MB/48MB, paused 417us total 18.597ms
08-06 03:03:55.001 11170 11181 I art     : Starting a blocking GC Explicit
08-06 03:03:55.016 11170 11181 I art     : Explicit concurrent mark sweep GC freed 201(19KB) AllocSpace objects, 2(88KB) LOS objects, 32% free, 32MB/48MB, paused 258us total 14.705ms
08-06 03:03:55.024 11170 11181 I art     : Starting a blocking GC Explicit
08-06 03:03:55.041 11170 11181 I art     : Explicit concurrent mark sweep GC freed 63(1488B) AllocSpace objects, 0(0B) LOS objects, 32% free, 32MB/48MB, paused 371us total 16.849ms
08-06 03:03:55.049 11170 11181 I art     : Starting a blocking GC Explicit
08-06 03:03:55.065 11170 11181 I art     : Explicit concurrent mark sweep GC freed 41(736B) AllocSpace objects, 0(0B) LOS objects, 32% free, 32MB/48MB, paused 261us total 15.627ms
08-06 03:03:55.435 11170 11181 I art     : Starting a blocking GC Explicit
08-06 03:03:55.453 11170 11181 I art     : Explicit concurrent mark sweep GC freed 4385(320KB) AllocSpace objects, 7(1388KB) LOS objects, 32% free, 32MB/48MB, paused 260us total 18.290ms
08-06 03:03:55.462 11170 11181 I art     : Starting a blocking GC Explicit
08-06 03:03:55.480 11170 11181 I art     : Explicit concurrent mark sweep GC freed 162(5KB) AllocSpace objects, 0(0B) LOS objects, 32% free, 32MB/48MB, paused 263us total 17.804ms
08-06 03:03:55.489 11170 11181 I art     : Starting a blocking GC Explicit
08-06 03:03:55.508 11170 11181 I art     : Explicit concurrent mark sweep GC freed 28(512B) AllocSpace objects, 0(0B) LOS objects, 32% free, 32MB/48MB, paused 403us total 18.180ms
08-06 03:03:55.516 11170 11181 I art     : Starting a blocking GC Explicit
08-06 03:03:55.534 11170 11181 I art     : Explicit concurrent mark sweep GC freed 50(880B) AllocSpace objects, 0(0B) LOS objects, 32% free, 32MB/48MB, paused 257us total 17.460ms
08-06 03:03:55.543 11170 11181 I art     : Starting a blocking GC Explicit
08-06 03:03:55.561 11170 11181 I art     : Explicit concurrent mark sweep GC freed 51(896B) AllocSpace objects, 0(0B) LOS objects, 32% free, 32MB/48MB, paused 249us total 17.520ms
08-06 03:03:55.576  6516  6516 W Atfwd_Sendcmd: AtCmdFwd service not published, waiting... retryCnt : 1
08-06 03:03:55.911 11170 11183 I art     : Starting a blocking GC Explicit
08-06 03:03:55.936 11170 11183 I art     : Explicit concurrent mark sweep GC freed 2343(110KB) AllocSpace objects, 2(40KB) LOS objects, 32% free, 32MB/48MB, paused 265us total 23.858ms
08-06 03:03:55.949 11170 11183 I art     : Starting a blocking GC Explicit
08-06 03:03:55.967 11170 11183 I art     : Explicit concurrent mark sweep GC freed 80(2304B) AllocSpace objects, 0(0B) LOS objects, 32% free, 32MB/48MB, paused 329us total 18.003ms
08-06 03:03:55.976 11170 11183 I art     : Starting a blocking GC Explicit
08-06 03:03:55.995 11170 11183 I art     : Explicit concurrent mark sweep GC freed 46(784B) AllocSpace objects, 0(0B) LOS objects, 32% free, 32MB/48MB, paused 293us total 18.213ms
08-06 03:03:56.003 11170 11183 I art     : Starting a blocking GC Explicit
08-06 03:03:56.020 11170 11183 I art     : Explicit concurrent mark sweep GC freed 32(608B) AllocSpace objects, 0(0B) LOS objects, 32% free, 32MB/48MB, paused 255us total 16.876ms
08-06 03:03:56.029 11170 11183 I art     : Starting a blocking GC Explicit
08-06 03:03:56.047 11170 11183 I art     : Explicit concurrent mark sweep GC freed 51(896B) AllocSpace objects, 0(0B) LOS objects, 32% free, 32MB/48MB, paused 315us total 17.204ms
08-06 03:03:56.393 11170 11230 I art     : Starting a blocking GC Explicit
08-06 03:03:56.418 11170 11230 I art     : Explicit concurrent mark sweep GC freed 1952(91KB) AllocSpace objects, 2(40KB) LOS objects, 32% free, 32MB/48MB, paused 316us total 23.685ms
08-06 03:03:56.432 11170 11230 I art     : Starting a blocking GC Explicit
08-06 03:03:56.450 11170 11230 I art     : Explicit concurrent mark sweep GC freed 70(1584B) AllocSpace objects, 0(0B) LOS objects, 32% free, 32MB/48MB, paused 241us total 17.907ms
08-06 03:03:56.459 11170 11230 I art     : Starting a blocking GC Explicit
08-06 03:03:56.475 11170 11230 I art     : Explicit concurrent mark sweep GC freed 27(496B) AllocSpace objects, 0(0B) LOS objects, 32% free, 32MB/48MB, paused 252us total 15.967ms
08-06 03:03:56.484 11170 11230 I art     : Starting a blocking GC Explicit
08-06 03:03:56.498 11170 11230 I art     : Explicit concurrent mark sweep GC freed 51(896B) AllocSpace objects, 0(0B) LOS objects, 32% free, 32MB/48MB, paused 221us total 14.523ms
08-06 03:03:56.506 11170 11230 I art     : Starting a blocking GC Explicit
08-06 03:03:56.521 11170 11230 I art     : Explicit concurrent mark sweep GC freed 27(496B) AllocSpace objects, 0(0B) LOS objects, 32% free, 32MB/48MB, paused 227us total 14.703ms
08-06 03:03:56.926 11170 11181 I art     : Starting a blocking GC Explicit
08-06 03:03:56.951 11170 11181 I art     : Explicit concurrent mark sweep GC freed 2049(93KB) AllocSpace objects, 2(40KB) LOS objects, 32% free, 32MB/48MB, paused 276us total 24.489ms
08-06 03:03:56.964 11170 11181 I art     : Starting a blocking GC Explicit
08-06 03:03:56.981 11170 11181 I art     : Explicit concurrent mark sweep GC freed 71(1616B) AllocSpace objects, 0(0B) LOS objects, 32% free, 32MB/48MB, paused 260us total 16.867ms
08-06 03:03:56.990 11170 11181 I art     : Starting a blocking GC Explicit
08-06 03:03:57.007 11170 11181 I art     : Explicit concurrent mark sweep GC freed 27(496B) AllocSpace objects, 0(0B) LOS objects, 32% free, 32MB/48MB, paused 252us total 17.182ms
08-06 03:03:57.016 11170 11181 I art     : Starting a blocking GC Explicit
08-06 03:03:57.034 11170 11181 I art     : Explicit concurrent mark sweep GC freed 52(928B) AllocSpace objects, 0(0B) LOS objects, 32% free, 32MB/48MB, paused 256us total 17.157ms
08-06 03:03:57.043 11170 11181 I art     : Starting a blocking GC Explicit
08-06 03:03:57.061 11170 11181 I art     : Explicit concurrent mark sweep GC freed 29(512B) AllocSpace objects, 0(0B) LOS objects, 32% free, 32MB/48MB, paused 284us total 17.913ms
08-06 03:03:57.389 11170 11183 I art     : Starting a blocking GC Explicit
08-06 03:03:57.408 11170 11183 I art     : Explicit concurrent mark sweep GC freed 1927(91KB) AllocSpace objects, 2(40KB) LOS objects, 32% free, 32MB/48MB, paused 255us total 18.354ms
08-06 03:03:57.417 11170 11183 I art     : Starting a blocking GC Explicit
08-06 03:03:57.435 11170 11183 I art     : Explicit concurrent mark sweep GC freed 70(1584B) AllocSpace objects, 0(0B) LOS objects, 32% free, 32MB/48MB, paused 234us total 17.549ms
08-06 03:03:57.444 11170 11183 I art     : Starting a blocking GC Explicit
08-06 03:03:57.460 11170 11183 I art     : Explicit concurrent mark sweep GC freed 33(592B) AllocSpace objects, 0(0B) LOS objects, 32% free, 32MB/48MB, paused 356us total 15.341ms
08-06 03:03:57.468 11170 11183 I art     : Starting a blocking GC Explicit
08-06 03:03:57.484 11170 11183 I art     : Explicit concurrent mark sweep GC freed 45(800B) AllocSpace objects, 0(0B) LOS objects, 32% free, 32MB/48MB, paused 256us total 15.384ms
08-06 03:03:57.492 11170 11183 I art     : Starting a blocking GC Explicit
08-06 03:03:57.508 11170 11183 I art     : Explicit concurrent mark sweep GC freed 26(464B) AllocSpace objects, 0(0B) LOS objects, 32% free, 32MB/48MB, paused 250us total 15.843ms
08-06 03:03:57.841 11170 11230 I art     : Starting a blocking GC Explicit
08-06 03:03:57.866 11170 11230 I art     : Explicit concurrent mark sweep GC freed 1954(91KB) AllocSpace objects, 2(40KB) LOS objects, 32% free, 32MB/48MB, paused 274us total 23.678ms
08-06 03:03:57.878 11170 11230 I art     : Starting a blocking GC Explicit
08-06 03:03:57.897 11170 11230 I art     : Explicit concurrent mark sweep GC freed 64(1456B) AllocSpace objects, 0(0B) LOS objects, 32% free, 32MB/48MB, paused 296us total 18.331ms
08-06 03:03:57.906 11170 11230 I art     : Starting a blocking GC Explicit
08-06 03:03:57.923 11170 11230 I art     : Explicit concurrent mark sweep GC freed 33(624B) AllocSpace objects, 0(0B) LOS objects, 32% free, 32MB/48MB, paused 254us total 16.803ms
08-06 03:03:57.932 11170 11230 I art     : Starting a blocking GC Explicit
08-06 03:03:57.949 11170 11230 I art     : Explicit concurrent mark sweep GC freed 51(896B) AllocSpace objects, 0(0B) LOS objects, 32% free, 32MB/48MB, paused 255us total 17.180ms
08-06 03:03:57.958 11170 11230 I art     : Starting a blocking GC Explicit
08-06 03:03:57.976 11170 11230 I art     : Explicit concurrent mark sweep GC freed 27(496B) AllocSpace objects, 0(0B) LOS objects, 32% free, 32MB/48MB, paused 244us total 17.619ms
08-06 03:03:58.308 11170 11181 I art     : Starting a blocking GC Explicit
08-06 03:03:58.333 11170 11181 I art     : Explicit concurrent mark sweep GC freed 1953(91KB) AllocSpace objects, 2(40KB) LOS objects, 32% free, 32MB/48MB, paused 290us total 23.542ms
08-06 03:03:58.345 11170 11181 I art     : Starting a blocking GC Explicit
08-06 03:03:58.363 11170 11181 I art     : Explicit concurrent mark sweep GC freed 60(1392B) AllocSpace objects, 0(0B) LOS objects, 32% free, 32MB/48MB, paused 294us total 18.602ms
08-06 03:03:58.373 11170 11181 I art     : Starting a blocking GC Explicit
08-06 03:03:58.390 11170 11181 I art     : Explicit concurrent mark sweep GC freed 37(688B) AllocSpace objects, 0(0B) LOS objects, 32% free, 32MB/48MB, paused 240us total 16.667ms
08-06 03:03:58.399 11170 11181 I art     : Starting a blocking GC Explicit
08-06 03:03:58.416 11170 11181 I art     : Explicit concurrent mark sweep GC freed 51(896B) AllocSpace objects, 0(0B) LOS objects, 32% free, 32MB/48MB, paused 262us total 17.068ms
08-06 03:03:58.425 11170 11181 I art     : Starting a blocking GC Explicit
08-06 03:03:58.442 11170 11181 I art     : Explicit concurrent mark sweep GC freed 27(496B) AllocSpace objects, 0(0B) LOS objects, 32% free, 32MB/48MB, paused 254us total 16.746ms
08-06 03:03:58.767 11170 11183 I art     : Starting a blocking GC Explicit
08-06 03:03:58.791 11170 11183 I art     : Explicit concurrent mark sweep GC freed 1929(91KB) AllocSpace objects, 2(40KB) LOS objects, 32% free, 32MB/48MB, paused 267us total 23.500ms
08-06 03:03:58.804 11170 11183 I art     : Starting a blocking GC Explicit
08-06 03:03:58.822 11170 11183 I art     : Explicit concurrent mark sweep GC freed 70(1584B) AllocSpace objects, 0(0B) LOS objects, 32% free, 32MB/48MB, paused 252us total 18.285ms
08-06 03:03:58.832 11170 11183 I art     : Starting a blocking GC Explicit
08-06 03:03:58.850 11170 11183 I art     : Explicit concurrent mark sweep GC freed 51(896B) AllocSpace objects, 0(0B) LOS objects, 32% free, 32MB/48MB, paused 255us total 17.929ms
08-06 03:03:58.859 11170 11183 I art     : Starting a blocking GC Explicit
08-06 03:03:58.876 11170 11183 I art     : Explicit concurrent mark sweep GC freed 27(496B) AllocSpace objects, 0(0B) LOS objects, 32% free, 32MB/48MB, paused 238us total 17.521ms
08-06 03:03:58.886 11170 11183 I art     : Starting a blocking GC Explicit
08-06 03:03:58.902 11170 11183 I art     : Explicit concurrent mark sweep GC freed 51(896B) AllocSpace objects, 0(0B) LOS objects, 32% free, 32MB/48MB, paused 233us total 16.697ms
08-06 03:03:59.263 11170 11230 I art     : Starting a blocking GC Explicit
08-06 03:03:59.283 11170 11230 I art     : Explicit concurrent mark sweep GC freed 1976(92KB) AllocSpace objects, 2(40KB) LOS objects, 32% free, 32MB/48MB, paused 268us total 19.924ms
08-06 03:03:59.292 11170 11230 I art     : Starting a blocking GC Explicit
08-06 03:03:59.310 11170 11230 I art     : Explicit concurrent mark sweep GC freed 47(1216B) AllocSpace objects, 0(0B) LOS objects, 32% free, 32MB/48MB, paused 256us total 17.533ms
08-06 03:03:59.319 11170 11230 I art     : Starting a blocking GC Explicit
08-06 03:03:59.336 11170 11230 I art     : Explicit concurrent mark sweep GC freed 51(896B) AllocSpace objects, 0(0B) LOS objects, 32% free, 32MB/48MB, paused 254us total 17.140ms
08-06 03:03:59.345 11170 11230 I art     : Starting a blocking GC Explicit
08-06 03:03:59.364 11170 11230 I art     : Explicit concurrent mark sweep GC freed 39(672B) AllocSpace objects, 0(0B) LOS objects, 32% free, 32MB/48MB, paused 307us total 18.026ms
08-06 03:03:59.373 11170 11230 I art     : Starting a blocking GC Explicit
08-06 03:03:59.390 11170 11230 I art     : Explicit concurrent mark sweep GC freed 39(720B) AllocSpace objects, 0(0B) LOS objects, 32% free, 32MB/48MB, paused 240us total 17.182ms
08-06 03:03:59.566   918   937 W ProcessCpuTracker: Skipping unknown process pid 11401
08-06 03:03:59.700 11170 11181 I art     : Starting a blocking GC Explicit
08-06 03:03:59.718 11170 11181 I art     : Explicit concurrent mark sweep GC freed 1906(90KB) AllocSpace objects, 2(40KB) LOS objects, 32% free, 32MB/48MB, paused 242us total 17.570ms
08-06 03:03:59.727 11170 11181 I art     : Starting a blocking GC Explicit
08-06 03:03:59.745 11170 11181 I art     : Explicit concurrent mark sweep GC freed 46(1184B) AllocSpace objects, 0(0B) LOS objects, 32% free, 32MB/48MB, paused 235us total 16.986ms
08-06 03:03:59.754 11170 11181 I art     : Starting a blocking GC Explicit
08-06 03:03:59.769 11170 11181 I art     : Explicit concurrent mark sweep GC freed 51(896B) AllocSpace objects, 0(0B) LOS objects, 32% free, 32MB/48MB, paused 254us total 15.058ms
08-06 03:03:59.777 11170 11181 I art     : Starting a blocking GC Explicit
08-06 03:03:59.793 11170 11181 I art     : Explicit concurrent mark sweep GC freed 27(496B) AllocSpace objects, 0(0B) LOS objects, 32% free, 32MB/48MB, paused 240us total 15.267ms
08-06 03:03:59.801 11170 11181 I art     : Starting a blocking GC Explicit
08-06 03:03:59.817 11170 11181 I art     : Explicit concurrent mark sweep GC freed 51(896B) AllocSpace objects, 0(0B) LOS objects, 32% free, 32MB/48MB, paused 277us total 15.488ms
08-06 03:04:00.025 11399 11399 D AndroidRuntime: >>>>>> START com.android.internal.os.RuntimeInit uid 2000 <<<<<<
08-06 03:04:00.071 11399 11399 D AndroidRuntime: CheckJNI is OFF
08-06 03:04:00.102 11399 11399 D ICU     : No timezone override file found: /data/misc/zoneinfo/current/icu/icu_tzdata.dat
08-06 03:04:00.126 11399 11399 I Radio-JNI: register_android_hardware_Radio DONE
08-06 03:04:00.141 11399 11399 D AndroidRuntime: Calling main entry com.android.commands.input.Input
08-06 03:04:00.142 11170 11183 I art     : Starting a blocking GC Explicit
08-06 03:04:00.142 11399 11399 I Input   : injectMotionEvent: MotionEvent { action=ACTION_DOWN, actionButton=0, id[0]=0, x[0]=346.0, y[0]=709.0, toolType[0]=TOOL_TYPE_UNKNOWN, buttonState=0, metaState=0, flags=0x0, edgeFlags=0x0, pointerCount=1, historySize=0, eventTime=846256555, downTime=846256555, deviceId=0, source=0x1002 }
08-06 03:04:00.148 11399 11399 I Input   : injectMotionEvent: MotionEvent { action=ACTION_UP, actionButton=0, id[0]=0, x[0]=346.0, y[0]=709.0, toolType[0]=TOOL_TYPE_UNKNOWN, buttonState=0, metaState=0, flags=0x0, edgeFlags=0x0, pointerCount=1, historySize=0, eventTime=846256555, downTime=846256555, deviceId=0, source=0x1002 }
08-06 03:04:00.160   918  3714 I ActivityManager: START u0 {cmp=baseline.io.github.project_travel_mate/.destinations.description.FinalCityInfoActivity (has extras)} from uid 10696 on display 0
08-06 03:04:00.162 11170 11183 I art     : Explicit concurrent mark sweep GC freed 3055(269KB) AllocSpace objects, 2(40KB) LOS objects, 32% free, 32MB/48MB, paused 935us total 19.487ms
08-06 03:04:00.166 11399 11399 D AndroidRuntime: Shutting down VM
08-06 03:04:00.172 11170 11183 I art     : Starting a blocking GC Explicit
08-06 03:04:00.186 11170 11250 D Gabe    : call	returning from cache
08-06 03:04:00.192 11170 11183 I art     : Explicit concurrent mark sweep GC freed 1090(87KB) AllocSpace objects, 0(0B) LOS objects, 32% free, 32MB/48MB, paused 715us total 19.484ms
08-06 03:04:00.201 11170 11183 I art     : Starting a blocking GC Explicit
08-06 03:04:00.218 11170 11183 I art     : Explicit concurrent mark sweep GC freed 3663(158KB) AllocSpace objects, 0(0B) LOS objects, 32% free, 33MB/49MB, paused 409us total 17.561ms
08-06 03:04:00.227 11170 11183 I art     : Starting a blocking GC Explicit
08-06 03:04:00.230 11170 11170 V EXECUTING: https://project-travel-mate.herokuapp.com/api/get-city-weather/1
08-06 03:04:00.246 11170 11183 I art     : Explicit concurrent mark sweep GC freed 2344(157KB) AllocSpace objects, 0(0B) LOS objects, 32% free, 33MB/49MB, paused 375us total 18.417ms
08-06 03:04:00.255 11170 11183 I art     : Starting a blocking GC Explicit
08-06 03:04:00.274 11170 11183 I art     : Explicit concurrent mark sweep GC freed 275(15KB) AllocSpace objects, 0(0B) LOS objects, 32% free, 33MB/49MB, paused 664us total 18.048ms
08-06 03:04:00.347 13866 13866 I GoogleInputMethodServic: GoogleInputMethodService.onFinishInput():3138 
08-06 03:04:00.347 13866 13866 I GoogleInputMethodServic: GoogleInputMethodService.onStartInput():1808 
08-06 03:04:00.348   918   936 I ActivityManager: Displayed baseline.io.github.project_travel_mate/.destinations.description.FinalCityInfoActivity: +180ms
08-06 03:04:00.531 11170 11183 I art     : Starting a blocking GC Explicit
08-06 03:04:00.555 11170 11183 I art     : Explicit concurrent mark sweep GC freed 2815(124KB) AllocSpace objects, 2(40KB) LOS objects, 29% free, 37MB/53MB, paused 313us total 24.002ms
08-06 03:04:00.566 11170 11183 I art     : Starting a blocking GC Explicit
08-06 03:04:00.576  6516  6516 I ServiceManager: Waiting for service AtCmdFwd...
08-06 03:04:00.590 11170 11183 I art     : Explicit concurrent mark sweep GC freed 122(2592B) AllocSpace objects, 0(0B) LOS objects, 29% free, 37MB/53MB, paused 320us total 23.849ms
08-06 03:04:00.597   380   380 W SurfaceFlinger: couldn't log to binary event log: overflow.
08-06 03:04:00.602 11170 11183 I art     : Starting a blocking GC Explicit
08-06 03:04:00.622 11170 11183 I art     : Explicit concurrent mark sweep GC freed 99(1696B) AllocSpace objects, 0(0B) LOS objects, 29% free, 37MB/53MB, paused 391us total 19.300ms
08-06 03:04:00.631 11170 11183 I art     : Starting a blocking GC Explicit
08-06 03:04:00.649 11170 11183 I art     : Explicit concurrent mark sweep GC freed 99(1696B) AllocSpace objects, 0(0B) LOS objects, 29% free, 37MB/53MB, paused 298us total 17.579ms
08-06 03:04:00.658 11170 11183 I art     : Starting a blocking GC Explicit
08-06 03:04:00.675 11170 11183 I art     : Explicit concurrent mark sweep GC freed 51(896B) AllocSpace objects, 0(0B) LOS objects, 29% free, 37MB/53MB, paused 324us total 17.217ms
08-06 03:04:00.957 11170 11181 I art     : Starting a blocking GC Explicit
08-06 03:04:00.976 11170 11181 I art     : Explicit concurrent mark sweep GC freed 2214(104KB) AllocSpace objects, 2(40KB) LOS objects, 29% free, 37MB/53MB, paused 440us total 18.990ms
08-06 03:04:00.985 11170 11181 I art     : Starting a blocking GC Explicit
08-06 03:04:01.003 11170 11181 I art     : Explicit concurrent mark sweep GC freed 122(2544B) AllocSpace objects, 0(0B) LOS objects, 29% free, 37MB/53MB, paused 475us total 17.936ms
08-06 03:04:01.012 11170 11181 I art     : Starting a blocking GC Explicit
08-06 03:04:01.031 11170 11181 I art     : Explicit concurrent mark sweep GC freed 398(18KB) AllocSpace objects, 0(0B) LOS objects, 29% free, 37MB/53MB, paused 399us total 18.805ms
08-06 03:04:01.040 11170 11181 I art     : Starting a blocking GC Explicit
08-06 03:04:01.061 11170 11181 I art     : Explicit concurrent mark sweep GC freed 4038(185KB) AllocSpace objects, 2(120KB) LOS objects, 29% free, 37MB/53MB, paused 603us total 21.432ms
08-06 03:04:01.071 11170 11181 I art     : Starting a blocking GC Explicit
08-06 03:04:01.090 11170 11181 I art     : Explicit concurrent mark sweep GC freed 1211(122KB) AllocSpace objects, 1(80KB) LOS objects, 29% free, 37MB/53MB, paused 565us total 18.957ms
08-06 03:04:01.117 11170 11434 I NAPPA_EXPERIMENTATION: MetricNetworkRequestExecutionTime: REQUEST_DURATION_SYSTEM='887',REQUEST_DURATION_OKHTTP='55',REQUEST_SYNCHRONOUS='FALSE',RESPONSE_CODE='200',RESPONSE_METHOD='GET',RESPONSE_LENGTH_OKHTTP='530',RESPONSE_LENGTH_HEADER='530',REQUEST_PROTOCOL='http/1.1',REQUEST_URL='https://project-travel-mate.herokuapp.com/api/get-city/1',
08-06 03:04:01.118 11170 11433 I NAPPA_EXPERIMENTATION: MetricNetworkRequestExecutionTime: REQUEST_DURATION_SYSTEM='888',REQUEST_DURATION_OKHTTP='53',REQUEST_SYNCHRONOUS='FALSE',RESPONSE_CODE='200',RESPONSE_METHOD='GET',RESPONSE_LENGTH_OKHTTP='238',RESPONSE_LENGTH_HEADER='238',REQUEST_PROTOCOL='http/1.1',REQUEST_URL='https://project-travel-mate.herokuapp.com/api/get-city-weather/1',
08-06 03:04:01.168 11170 11434 V Response: {"id":1,"city_name":"Delhi","description":"Delhi, officially the National Capital Territory of Delhi, is the Capital territory of India. During the British Raj, Delhi was part of the province of Punjab and is still historically and culturally connected to the Punjab region.","latitude":"28.613900","longitude":"77.209000","facts_count":6,"images":["https://upload.wikimedia.org/wikipedia/commons/9/94/%E0%B4%96%E0%B5%81%E0%B4%A4%E0%B5%8D%E0%B4%AC%E0%B5%8D_%E0%B4%AE%E0%B4%BF%E0%B4%A8%E0%B4%BE%E0%B5%BC1.jpg"],"has_visited":false}
08-06 03:04:01.366 11170 11183 I art     : Starting a blocking GC Explicit
08-06 03:04:01.388 11170 11183 I art     : Explicit concurrent mark sweep GC freed 5067(366KB) AllocSpace objects, 10(5MB) LOS objects, 29% free, 38MB/54MB, paused 322us total 21.637ms
08-06 03:04:01.397 11170 11183 I art     : Starting a blocking GC Explicit
08-06 03:04:01.418 11170 11183 I art     : Explicit concurrent mark sweep GC freed 263(8KB) AllocSpace objects, 0(0B) LOS objects, 29% free, 38MB/54MB, paused 318us total 20.949ms
08-06 03:04:01.428 11170 11183 I art     : Starting a blocking GC Explicit
08-06 03:04:01.448 11170 11183 I art     : Explicit concurrent mark sweep GC freed 84(1440B) AllocSpace objects, 0(0B) LOS objects, 29% free, 38MB/54MB, paused 374us total 20.248ms
08-06 03:04:01.457 11170 11183 I art     : Starting a blocking GC Explicit
08-06 03:04:01.478 11170 11183 I art     : Explicit concurrent mark sweep GC freed 67(1184B) AllocSpace objects, 0(0B) LOS objects, 29% free, 38MB/54MB, paused 290us total 19.990ms
08-06 03:04:01.487 11170 11183 I art     : Starting a blocking GC Explicit
08-06 03:04:01.508 11170 11183 I art     : Explicit concurrent mark sweep GC freed 136(3KB) AllocSpace objects, 0(0B) LOS objects, 29% free, 38MB/54MB, paused 351us total 21.348ms
08-06 03:04:01.577  6516  6516 I ServiceManager: Waiting for service AtCmdFwd...
08-06 03:04:01.848 11170 11230 I art     : Starting a blocking GC Explicit
08-06 03:04:01.868 11170 11230 I art     : Explicit concurrent mark sweep GC freed 2507(101KB) AllocSpace objects, 2(40KB) LOS objects, 29% free, 38MB/54MB, paused 291us total 19.954ms
08-06 03:04:01.877 11170 11230 I art     : Starting a blocking GC Explicit
08-06 03:04:01.895 11170 11230 I art     : Explicit concurrent mark sweep GC freed 80(2128B) AllocSpace objects, 0(0B) LOS objects, 29% free, 38MB/54MB, paused 269us total 18.219ms
08-06 03:04:01.904 11170 11230 I art     : Starting a blocking GC Explicit
08-06 03:04:01.921 11170 11230 I art     : Explicit concurrent mark sweep GC freed 99(1696B) AllocSpace objects, 0(0B) LOS objects, 29% free, 38MB/54MB, paused 270us total 17.260ms
08-06 03:04:01.929 11170 11230 I art     : Starting a blocking GC Explicit
08-06 03:04:01.946 11170 11230 I art     : Explicit concurrent mark sweep GC freed 51(896B) AllocSpace objects, 0(0B) LOS objects, 29% free, 38MB/54MB, paused 274us total 16.856ms
08-06 03:04:01.955 11170 11230 I art     : Starting a blocking GC Explicit
08-06 03:04:01.972 11170 11230 I art     : Explicit concurrent mark sweep GC freed 99(1696B) AllocSpace objects, 0(0B) LOS objects, 29% free, 38MB/54MB, paused 271us total 17.183ms
08-06 03:04:02.045   518   646 I ThermalEngine: ACTION: GPU - Setting GPU[0] to 510000000
08-06 03:04:02.321 11170 11183 I art     : Starting a blocking GC Explicit
08-06 03:04:02.346 11170 11183 I art     : Explicit concurrent mark sweep GC freed 2481(100KB) AllocSpace objects, 2(40KB) LOS objects, 29% free, 38MB/54MB, paused 390us total 24.584ms
08-06 03:04:02.358 11170 11183 I art     : Starting a blocking GC Explicit
08-06 03:04:02.383 11170 11183 I art     : Explicit concurrent mark sweep GC freed 123(2464B) AllocSpace objects, 0(0B) LOS objects, 29% free, 38MB/54MB, paused 511us total 24.248ms
08-06 03:04:02.395 11170 11183 I art     : Starting a blocking GC Explicit
08-06 03:04:02.420 11170 11183 I art     : Explicit concurrent mark sweep GC freed 142(2416B) AllocSpace objects, 0(0B) LOS objects, 29% free, 38MB/54MB, paused 390us total 24.594ms
08-06 03:04:02.432 11170 11183 I art     : Starting a blocking GC Explicit
08-06 03:04:02.457 11170 11183 I art     : Explicit concurrent mark sweep GC freed 98(1664B) AllocSpace objects, 0(0B) LOS objects, 29% free, 38MB/54MB, paused 530us total 25.126ms
08-06 03:04:02.469 11170 11183 I art     : Starting a blocking GC Explicit
08-06 03:04:02.494 11170 11183 I art     : Explicit concurrent mark sweep GC freed 100(1728B) AllocSpace objects, 0(0B) LOS objects, 29% free, 38MB/54MB, paused 427us total 24.569ms
08-06 03:04:02.577  6516  6516 I ServiceManager: Waiting for service AtCmdFwd...
08-06 03:04:02.843 11170 11181 I art     : Starting a blocking GC Explicit
08-06 03:04:02.870 11170 11181 I art     : Explicit concurrent mark sweep GC freed 2530(101KB) AllocSpace objects, 2(40KB) LOS objects, 29% free, 38MB/54MB, paused 389us total 26.853ms
08-06 03:04:02.883 11170 11181 I art     : Starting a blocking GC Explicit
08-06 03:04:02.908 11170 11181 I art     : Explicit concurrent mark sweep GC freed 117(2352B) AllocSpace objects, 0(0B) LOS objects, 29% free, 38MB/54MB, paused 468us total 25.348ms
08-06 03:04:02.920 11170 11181 I art     : Starting a blocking GC Explicit
08-06 03:04:02.946 11170 11181 I art     : Explicit concurrent mark sweep GC freed 100(1728B) AllocSpace objects, 0(0B) LOS objects, 29% free, 38MB/54MB, paused 376us total 25.051ms
08-06 03:04:02.958 11170 11181 I art     : Starting a blocking GC Explicit
08-06 03:04:02.983 11170 11181 I art     : Explicit concurrent mark sweep GC freed 99(1696B) AllocSpace objects, 0(0B) LOS objects, 29% free, 38MB/54MB, paused 528us total 25.282ms
08-06 03:04:02.996 11170 11181 I art     : Starting a blocking GC Explicit
08-06 03:04:03.021 11170 11181 I art     : Explicit concurrent mark sweep GC freed 147(2496B) AllocSpace objects, 0(0B) LOS objects, 29% free, 38MB/54MB, paused 398us total 25.019ms
08-06 03:04:03.402 11170 11230 I art     : Starting a blocking GC Explicit
08-06 03:04:03.428 11170 11230 I art     : Explicit concurrent mark sweep GC freed 2579(101KB) AllocSpace objects, 2(40KB) LOS objects, 29% free, 38MB/54MB, paused 380us total 25.631ms
08-06 03:04:03.440 11170 11230 I art     : Starting a blocking GC Explicit
08-06 03:04:03.464 11170 11230 I art     : Explicit concurrent mark sweep GC freed 118(2384B) AllocSpace objects, 0(0B) LOS objects, 29% free, 38MB/54MB, paused 380us total 23.943ms
08-06 03:04:03.475 11170 11230 I art     : Starting a blocking GC Explicit
08-06 03:04:03.500 11170 11230 I art     : Explicit concurrent mark sweep GC freed 99(1696B) AllocSpace objects, 0(0B) LOS objects, 29% free, 38MB/54MB, paused 416us total 23.825ms
08-06 03:04:03.512 11170 11230 I art     : Starting a blocking GC Explicit
08-06 03:04:03.536 11170 11230 I art     : Explicit concurrent mark sweep GC freed 147(2496B) AllocSpace objects, 0(0B) LOS objects, 29% free, 38MB/54MB, paused 382us total 24.256ms
08-06 03:04:03.548 11170 11230 I art     : Starting a blocking GC Explicit
08-06 03:04:03.573 11170 11230 I art     : Explicit concurrent mark sweep GC freed 99(1696B) AllocSpace objects, 0(0B) LOS objects, 29% free, 38MB/54MB, paused 382us total 24.587ms
08-06 03:04:03.578  6516  6516 I ServiceManager: Waiting for service AtCmdFwd...
08-06 03:04:03.949 11170 11183 I art     : Starting a blocking GC Explicit
08-06 03:04:03.976 11170 11183 I art     : Explicit concurrent mark sweep GC freed 2576(101KB) AllocSpace objects, 2(40KB) LOS objects, 29% free, 38MB/54MB, paused 396us total 26.635ms
08-06 03:04:03.990 11170 11183 I art     : Starting a blocking GC Explicit
08-06 03:04:04.014 11170 11183 I art     : Explicit concurrent mark sweep GC freed 119(2416B) AllocSpace objects, 0(0B) LOS objects, 29% free, 38MB/54MB, paused 391us total 23.571ms
08-06 03:04:04.026 11170 11183 I art     : Starting a blocking GC Explicit
08-06 03:04:04.049 11170 11183 I art     : Explicit concurrent mark sweep GC freed 99(1696B) AllocSpace objects, 0(0B) LOS objects, 29% free, 38MB/54MB, paused 378us total 22.950ms
08-06 03:04:04.061 11170 11183 I art     : Starting a blocking GC Explicit
08-06 03:04:04.084 11170 11183 I art     : Explicit concurrent mark sweep GC freed 106(1808B) AllocSpace objects, 0(0B) LOS objects, 29% free, 38MB/54MB, paused 459us total 22.675ms
08-06 03:04:04.095 11170 11183 I art     : Starting a blocking GC Explicit
08-06 03:04:04.117 11170 11183 I art     : Explicit concurrent mark sweep GC freed 92(1584B) AllocSpace objects, 0(0B) LOS objects, 29% free, 38MB/54MB, paused 365us total 21.380ms
08-06 03:04:04.493 11170 11181 I art     : Starting a blocking GC Explicit
08-06 03:04:04.517 11170 11181 I art     : Explicit concurrent mark sweep GC freed 2578(101KB) AllocSpace objects, 2(40KB) LOS objects, 29% free, 38MB/54MB, paused 368us total 23.382ms
08-06 03:04:04.528 11170 11181 I art     : Starting a blocking GC Explicit
08-06 03:04:04.552 11170 11181 I art     : Explicit concurrent mark sweep GC freed 149(2880B) AllocSpace objects, 0(0B) LOS objects, 29% free, 38MB/54MB, paused 471us total 23.163ms
08-06 03:04:04.564 11170 11181 I art     : Starting a blocking GC Explicit
08-06 03:04:04.579  6516  6516 I ServiceManager: Waiting for service AtCmdFwd...
08-06 03:04:04.588 11170 11181 I art     : Explicit concurrent mark sweep GC freed 94(1632B) AllocSpace objects, 0(0B) LOS objects, 29% free, 38MB/54MB, paused 416us total 23.576ms
08-06 03:04:04.599 11170 11181 I art     : Starting a blocking GC Explicit
08-06 03:04:04.621 11170 11181 I art     : Explicit concurrent mark sweep GC freed 109(1856B) AllocSpace objects, 0(0B) LOS objects, 29% free, 38MB/54MB, paused 874us total 22.244ms
08-06 03:04:04.633 11170 11181 I art     : Starting a blocking GC Explicit
08-06 03:04:04.655 11170 11181 I art     : Explicit concurrent mark sweep GC freed 111(1904B) AllocSpace objects, 0(0B) LOS objects, 29% free, 38MB/54MB, paused 381us total 21.921ms
08-06 03:04:04.814 11531 11531 D AndroidRuntime: >>>>>> START com.android.internal.os.RuntimeInit uid 2000 <<<<<<
08-06 03:04:04.818 11531 11531 D AndroidRuntime: CheckJNI is OFF
08-06 03:04:04.848 11531 11531 D ICU     : No timezone override file found: /data/misc/zoneinfo/current/icu/icu_tzdata.dat
08-06 03:04:04.879 11531 11531 I Radio-JNI: register_android_hardware_Radio DONE
08-06 03:04:04.900 11531 11531 D AndroidRuntime: Calling main entry com.android.commands.input.Input
08-06 03:04:04.902 11531 11531 I Input   : injectMotionEvent: MotionEvent { action=ACTION_DOWN, actionButton=0, id[0]=0, x[0]=693.0, y[0]=1450.0, toolType[0]=TOOL_TYPE_UNKNOWN, buttonState=0, metaState=0, flags=0x0, edgeFlags=0x0, pointerCount=1, historySize=0, eventTime=846261315, downTime=846261315, deviceId=0, source=0x1002 }
08-06 03:04:04.906 11531 11531 I Input   : injectMotionEvent: MotionEvent { action=ACTION_UP, actionButton=0, id[0]=0, x[0]=693.0, y[0]=1450.0, toolType[0]=TOOL_TYPE_UNKNOWN, buttonState=0, metaState=0, flags=0x0, edgeFlags=0x0, pointerCount=1, historySize=0, eventTime=846261315, downTime=846261315, deviceId=0, source=0x1002 }
08-06 03:04:04.908 11531 11531 D AndroidRuntime: Shutting down VM
08-06 03:04:04.909   918  3359 I ActivityManager: START u0 {cmp=baseline.io.github.project_travel_mate/.destinations.description.CityHistoryActivity} from uid 10696 on display 0
08-06 03:04:04.910   512  2967 D audio_hw_primary: out_set_parameters: enter: usecase(1: low-latency-playback) kvpairs: routing=2
08-06 03:04:04.923   512  2967 D audio_hw_primary: select_devices: out_snd_device(2: speaker) in_snd_device(0: none)
08-06 03:04:04.923   512  2967 D msm8974_platform: platform_send_audio_calibration: sending audio calibration for snd_device(2) acdb_id(15)
08-06 03:04:04.923   512  2967 I soundtrigger: audio_extn_sound_trigger_update_device_status: device 0x2 of type 0 for Event 1
08-06 03:04:04.932   512  2967 D audio_hw_primary: enable_snd_device: snd_device(2: speaker)
08-06 03:04:04.934   512  2967 D audio_hw_primary: enable_audio_route: apply and update mixer path: low-latency-playback speaker
08-06 03:04:04.942 11170 11250 D Gabe    : call	returning from cache
08-06 03:04:04.944 11170 11170 V EXECUTING: https://project-travel-mate.herokuapp.com/api/get-city-information/1
08-06 03:04:05.015 11170 11183 I art     : Starting a blocking GC Explicit
08-06 03:04:05.044 11170 11183 I art     : Explicit concurrent mark sweep GC freed 3444(229KB) AllocSpace objects, 2(40KB) LOS objects, 27% free, 43MB/59MB, paused 613us total 28.670ms
08-06 03:04:05.057 11170 11183 I art     : Starting a blocking GC Explicit
08-06 03:04:05.081 11170 11183 I art     : Explicit concurrent mark sweep GC freed 248(12KB) AllocSpace objects, 0(0B) LOS objects, 27% free, 43MB/59MB, paused 593us total 24.337ms
08-06 03:04:05.085   918   936 I ActivityManager: Displayed baseline.io.github.project_travel_mate/.destinations.description.CityHistoryActivity: +166ms
08-06 03:04:05.088 13866 13866 I GoogleInputMethodServic: GoogleInputMethodService.onFinishInput():3138 
08-06 03:04:05.088 13866 13866 I GoogleInputMethodServic: GoogleInputMethodService.onStartInput():1808 
08-06 03:04:05.093 11170 11183 I art     : Starting a blocking GC Explicit
08-06 03:04:05.120 11170 11183 I art     : Explicit concurrent mark sweep GC freed 146(3056B) AllocSpace objects, 0(0B) LOS objects, 27% free, 43MB/59MB, paused 653us total 26.937ms
08-06 03:04:05.133 11170 11183 I art     : Starting a blocking GC Explicit
08-06 03:04:05.160 11170 11183 I art     : Explicit concurrent mark sweep GC freed 57(992B) AllocSpace objects, 0(0B) LOS objects, 27% free, 43MB/59MB, paused 507us total 26.606ms
08-06 03:04:05.173 11170 11183 I art     : Starting a blocking GC Explicit
08-06 03:04:05.198 11170 11183 I art     : Explicit concurrent mark sweep GC freed 179(3KB) AllocSpace objects, 0(0B) LOS objects, 27% free, 43MB/59MB, paused 447us total 24.268ms
08-06 03:04:05.335   380   380 W SurfaceFlinger: couldn't log to binary event log: overflow.
08-06 03:04:05.471   512  2967 D audio_hw_primary: disable_audio_route: reset and update mixer path: low-latency-playback speaker
08-06 03:04:05.472   512  2967 D audio_hw_primary: disable_snd_device: snd_device(2: speaker)
08-06 03:04:05.481   512  2967 I soundtrigger: audio_extn_sound_trigger_update_device_status: device 0x2 of type 0 for Event 0
08-06 03:04:05.501 11170 11230 I art     : Starting a blocking GC Explicit
08-06 03:04:05.526 11170 11230 I art     : Explicit concurrent mark sweep GC freed 2706(103KB) AllocSpace objects, 2(40KB) LOS objects, 27% free, 43MB/59MB, paused 546us total 25.136ms
08-06 03:04:05.538 11170 11230 I art     : Starting a blocking GC Explicit
08-06 03:04:05.563 11170 11230 I art     : Explicit concurrent mark sweep GC freed 172(4KB) AllocSpace objects, 0(0B) LOS objects, 27% free, 43MB/59MB, paused 659us total 24.309ms
08-06 03:04:05.575 11170 11230 I art     : Starting a blocking GC Explicit
08-06 03:04:05.579  6516  6516 W Atfwd_Sendcmd: AtCmdFwd service not published, waiting... retryCnt : 2
08-06 03:04:05.601 11170 11230 I art     : Explicit concurrent mark sweep GC freed 26(992B) AllocSpace objects, 0(0B) LOS objects, 27% free, 43MB/59MB, paused 555us total 25.312ms
08-06 03:04:05.612 11170 11230 I art     : Starting a blocking GC Explicit
08-06 03:04:05.637 11170 11230 I art     : Explicit concurrent mark sweep GC freed 132(2224B) AllocSpace objects, 0(0B) LOS objects, 27% free, 43MB/59MB, paused 655us total 24.270ms
08-06 03:04:05.649 11170 11230 I art     : Starting a blocking GC Explicit
08-06 03:04:05.673 11170 11230 I art     : Explicit concurrent mark sweep GC freed 17(320B) AllocSpace objects, 0(0B) LOS objects, 27% free, 43MB/59MB, paused 419us total 24.152ms
08-06 03:04:05.809 11170 11555 I NAPPA_EXPERIMENTATION: MetricNetworkRequestExecutionTime: REQUEST_DURATION_SYSTEM='864',REQUEST_DURATION_OKHTTP='36',REQUEST_SYNCHRONOUS='FALSE',RESPONSE_CODE='200',RESPONSE_METHOD='GET',RESPONSE_LENGTH_OKHTTP='55024',RESPONSE_LENGTH_HEADER='55024',REQUEST_PROTOCOL='http/1.1',REQUEST_URL='https://project-travel-mate.herokuapp.com/api/get-city-information/1',
08-06 03:04:05.866   918  1210 D NetlinkSocketObserver: NeighborEvent{elapsedMs=1829649741, 192.168.2.254, [7C3953A63323], RTM_NEWNEIGH, NUD_STALE}
08-06 03:04:05.942 13866 13866 I GoogleInputMethodServic: GoogleInputMethodService.onFinishInput():3138 
08-06 03:04:05.943 13866 13866 I GoogleInputMethodServic: GoogleInputMethodService.onStartInput():1808 
08-06 03:04:05.965 11170 11556 I art     : Starting a blocking GC Explicit
08-06 03:04:05.993 11170 11556 I art     : Explicit concurrent mark sweep GC freed 6375(1472KB) AllocSpace objects, 25(5MB) LOS objects, 28% free, 39MB/55MB, paused 439us total 27.939ms
08-06 03:04:06.006 11170 11556 I art     : Starting a blocking GC Explicit
08-06 03:04:06.033 11170 11556 I art     : Explicit concurrent mark sweep GC freed 1143(121KB) AllocSpace objects, 0(0B) LOS objects, 28% free, 39MB/55MB, paused 390us total 27.145ms
08-06 03:04:06.045 11170 11556 I art     : Starting a blocking GC Explicit
08-06 03:04:06.073 11170 11556 I art     : Explicit concurrent mark sweep GC freed 219(3KB) AllocSpace objects, 0(0B) LOS objects, 28% free, 39MB/55MB, paused 420us total 26.957ms
08-06 03:04:06.085 11170 11556 I art     : Starting a blocking GC Explicit
08-06 03:04:06.113 11170 11556 I art     : Explicit concurrent mark sweep GC freed 146(2464B) AllocSpace objects, 0(0B) LOS objects, 28% free, 39MB/55MB, paused 422us total 27.484ms
08-06 03:04:06.125 11170 11556 I art     : Starting a blocking GC Explicit
08-06 03:04:06.153 11170 11556 I art     : Explicit concurrent mark sweep GC freed 159(2704B) AllocSpace objects, 0(0B) LOS objects, 28% free, 39MB/55MB, paused 539us total 27.654ms
08-06 03:04:06.496 11170 11181 I art     : Starting a blocking GC Explicit
08-06 03:04:06.526 11170 11181 I art     : Explicit concurrent mark sweep GC freed 3074(109KB) AllocSpace objects, 2(40KB) LOS objects, 28% free, 39MB/55MB, paused 431us total 30.053ms
08-06 03:04:06.538 11170 11181 I art     : Starting a blocking GC Explicit
08-06 03:04:06.564 11170 11181 I art     : Explicit concurrent mark sweep GC freed 166(3KB) AllocSpace objects, 0(0B) LOS objects, 28% free, 39MB/55MB, paused 424us total 25.478ms
08-06 03:04:06.577 11170 11181 I art     : Starting a blocking GC Explicit
08-06 03:04:06.603 11170 11181 I art     : Explicit concurrent mark sweep GC freed 151(2624B) AllocSpace objects, 0(0B) LOS objects, 28% free, 39MB/55MB, paused 399us total 25.732ms
08-06 03:04:06.614 11170 11181 I art     : Starting a blocking GC Explicit
08-06 03:04:06.641 11170 11181 I art     : Explicit concurrent mark sweep GC freed 224(3KB) AllocSpace objects, 0(0B) LOS objects, 28% free, 39MB/55MB, paused 378us total 26.625ms
08-06 03:04:06.653 11170 11181 I art     : Starting a blocking GC Explicit
08-06 03:04:06.679 11170 11181 I art     : Explicit concurrent mark sweep GC freed 150(2592B) AllocSpace objects, 0(0B) LOS objects, 28% free, 39MB/55MB, paused 381us total 25.503ms
08-06 03:04:07.051 11170 11556 I art     : Starting a blocking GC Explicit
08-06 03:04:07.079 11170 11556 I art     : Explicit concurrent mark sweep GC freed 3171(111KB) AllocSpace objects, 2(40KB) LOS objects, 28% free, 39MB/55MB, paused 435us total 28.278ms
08-06 03:04:07.092 11170 11556 I art     : Starting a blocking GC Explicit
08-06 03:04:07.119 11170 11556 I art     : Explicit concurrent mark sweep GC freed 166(3KB) AllocSpace objects, 0(0B) LOS objects, 28% free, 39MB/55MB, paused 429us total 27.384ms
08-06 03:04:07.132 11170 11556 I art     : Starting a blocking GC Explicit
08-06 03:04:07.159 11170 11556 I art     : Explicit concurrent mark sweep GC freed 219(3KB) AllocSpace objects, 0(0B) LOS objects, 28% free, 39MB/55MB, paused 409us total 26.696ms
08-06 03:04:07.171 11170 11556 I art     : Starting a blocking GC Explicit
08-06 03:04:07.199 11170 11556 I art     : Explicit concurrent mark sweep GC freed 146(2464B) AllocSpace objects, 0(0B) LOS objects, 28% free, 39MB/55MB, paused 433us total 27.684ms
08-06 03:04:07.211 11170 11556 I art     : Starting a blocking GC Explicit
08-06 03:04:07.239 11170 11556 I art     : Explicit concurrent mark sweep GC freed 182(3KB) AllocSpace objects, 0(0B) LOS objects, 28% free, 39MB/55MB, paused 528us total 27.265ms
08-06 03:04:07.595 11170 11181 I art     : Starting a blocking GC Explicit
08-06 03:04:07.625 11170 11181 I art     : Explicit concurrent mark sweep GC freed 3121(110KB) AllocSpace objects, 2(40KB) LOS objects, 28% free, 39MB/55MB, paused 422us total 29.617ms
08-06 03:04:07.639 11170 11181 I art     : Starting a blocking GC Explicit
08-06 03:04:07.665 11170 11181 I art     : Explicit concurrent mark sweep GC freed 166(3KB) AllocSpace objects, 0(0B) LOS objects, 28% free, 39MB/55MB, paused 409us total 25.375ms
08-06 03:04:07.677 11170 11181 I art     : Starting a blocking GC Explicit
08-06 03:04:07.703 11170 11181 I art     : Explicit concurrent mark sweep GC freed 147(2496B) AllocSpace objects, 0(0B) LOS objects, 28% free, 39MB/55MB, paused 415us total 25.809ms
08-06 03:04:07.715 11170 11181 I art     : Starting a blocking GC Explicit
08-06 03:04:07.742 11170 11181 I art     : Explicit concurrent mark sweep GC freed 219(3KB) AllocSpace objects, 0(0B) LOS objects, 28% free, 39MB/55MB, paused 416us total 26.555ms
08-06 03:04:07.754 11170 11181 I art     : Starting a blocking GC Explicit
08-06 03:04:07.781 11170 11181 I art     : Explicit concurrent mark sweep GC freed 158(3KB) AllocSpace objects, 0(0B) LOS objects, 28% free, 39MB/55MB, paused 424us total 26.299ms
08-06 03:04:08.144 11170 11230 I art     : Starting a blocking GC Explicit
08-06 03:04:08.173 11170 11230 I art     : Explicit concurrent mark sweep GC freed 3117(111KB) AllocSpace objects, 2(40KB) LOS objects, 28% free, 39MB/55MB, paused 574us total 29.453ms
08-06 03:04:08.187 11170 11230 I art     : Starting a blocking GC Explicit
08-06 03:04:08.213 11170 11230 I art     : Explicit concurrent mark sweep GC freed 222(4KB) AllocSpace objects, 0(0B) LOS objects, 28% free, 39MB/55MB, paused 423us total 26.285ms
08-06 03:04:08.225 11170 11230 I art     : Starting a blocking GC Explicit
08-06 03:04:08.251 11170 11230 I art     : Explicit concurrent mark sweep GC freed 147(2496B) AllocSpace objects, 0(0B) LOS objects, 28% free, 39MB/55MB, paused 413us total 25.435ms
08-06 03:04:08.263 11170 11230 I art     : Starting a blocking GC Explicit
08-06 03:04:08.288 11170 11230 I art     : Explicit concurrent mark sweep GC freed 147(2496B) AllocSpace objects, 0(0B) LOS objects, 28% free, 39MB/55MB, paused 517us total 25.063ms
08-06 03:04:08.301 11170 11230 I art     : Starting a blocking GC Explicit
08-06 03:04:08.325 11170 11230 I art     : Explicit concurrent mark sweep GC freed 219(3KB) AllocSpace objects, 0(0B) LOS objects, 28% free, 39MB/55MB, paused 426us total 24.463ms
08-06 03:04:08.682 11170 11183 I art     : Starting a blocking GC Explicit
08-06 03:04:08.712 11170 11183 I art     : Explicit concurrent mark sweep GC freed 3083(110KB) AllocSpace objects, 2(40KB) LOS objects, 28% free, 39MB/55MB, paused 448us total 29.595ms
08-06 03:04:08.727 11170 11183 I art     : Starting a blocking GC Explicit
08-06 03:04:08.752 11170 11183 I art     : Explicit concurrent mark sweep GC freed 166(3KB) AllocSpace objects, 0(0B) LOS objects, 28% free, 39MB/55MB, paused 438us total 25.330ms
08-06 03:04:08.764 11170 11183 I art     : Starting a blocking GC Explicit
08-06 03:04:08.790 11170 11183 I art     : Explicit concurrent mark sweep GC freed 191(3KB) AllocSpace objects, 0(0B) LOS objects, 28% free, 39MB/55MB, paused 509us total 25.924ms
08-06 03:04:08.802 11170 11183 I art     : Starting a blocking GC Explicit
08-06 03:04:08.829 11170 11183 I art     : Explicit concurrent mark sweep GC freed 175(2992B) AllocSpace objects, 0(0B) LOS objects, 28% free, 39MB/55MB, paused 423us total 26.674ms
08-06 03:04:08.842 11170 11183 I art     : Starting a blocking GC Explicit
08-06 03:04:08.868 11170 11183 I art     : Explicit concurrent mark sweep GC freed 147(2496B) AllocSpace objects, 0(0B) LOS objects, 28% free, 39MB/55MB, paused 402us total 26.533ms
08-06 03:04:09.226 11170 11556 I art     : Starting a blocking GC Explicit
08-06 03:04:09.254 11170 11556 I art     : Explicit concurrent mark sweep GC freed 3083(110KB) AllocSpace objects, 2(40KB) LOS objects, 28% free, 39MB/55MB, paused 437us total 27.772ms
08-06 03:04:09.266 11170 11556 I art     : Starting a blocking GC Explicit
08-06 03:04:09.293 11170 11556 I art     : Explicit concurrent mark sweep GC freed 238(4KB) AllocSpace objects, 0(0B) LOS objects, 28% free, 39MB/55MB, paused 430us total 26.598ms
08-06 03:04:09.306 11170 11556 I art     : Starting a blocking GC Explicit
08-06 03:04:09.333 11170 11556 I art     : Explicit concurrent mark sweep GC freed 147(2496B) AllocSpace objects, 0(0B) LOS objects, 28% free, 39MB/55MB, paused 439us total 26.377ms
08-06 03:04:09.345 11170 11556 I art     : Starting a blocking GC Explicit
08-06 03:04:09.371 11170 11556 I art     : Explicit concurrent mark sweep GC freed 147(2496B) AllocSpace objects, 0(0B) LOS objects, 28% free, 39MB/55MB, paused 432us total 26.215ms
08-06 03:04:09.383 11170 11556 I art     : Starting a blocking GC Explicit
08-06 03:04:09.409 11170 11556 I art     : Explicit concurrent mark sweep GC freed 180(3056B) AllocSpace objects, 0(0B) LOS objects, 28% free, 39MB/55MB, paused 455us total 25.775ms
08-06 03:04:09.559 11639 11639 D AndroidRuntime: >>>>>> START com.android.internal.os.RuntimeInit uid 2000 <<<<<<
08-06 03:04:09.565 11639 11639 D AndroidRuntime: CheckJNI is OFF
08-06 03:04:09.596 11639 11639 D ICU     : No timezone override file found: /data/misc/zoneinfo/current/icu/icu_tzdata.dat
08-06 03:04:09.628 11639 11639 I Radio-JNI: register_android_hardware_Radio DONE
08-06 03:04:09.649 11639 11639 D AndroidRuntime: Calling main entry com.android.commands.input.Input
08-06 03:04:09.650 11639 11639 I Input   : injectKeyEvent: KeyEvent { action=ACTION_DOWN, keyCode=KEYCODE_BACK, scanCode=0, metaState=0, flags=0x0, repeatCount=0, eventTime=846266063, downTime=846266063, deviceId=-1, source=0x101 }
08-06 03:04:09.655 11639 11639 I Input   : injectKeyEvent: KeyEvent { action=ACTION_UP, keyCode=KEYCODE_BACK, scanCode=0, metaState=0, flags=0x0, repeatCount=0, eventTime=846266063, downTime=846266063, deviceId=-1, source=0x101 }
08-06 03:04:09.662 11639 11639 D AndroidRuntime: Shutting down VM
08-06 03:04:09.700 13866 13866 I GoogleInputMethodServic: GoogleInputMethodService.onFinishInput():3138 
08-06 03:04:09.701 13866 13866 I GoogleInputMethodServic: GoogleInputMethodService.onStartInput():1808 
08-06 03:04:09.754 11170 11181 I art     : Starting a blocking GC Explicit
08-06 03:04:09.781 11170 11181 I art     : Explicit concurrent mark sweep GC freed 3157(113KB) AllocSpace objects, 2(40KB) LOS objects, 28% free, 39MB/55MB, paused 418us total 26.115ms
08-06 03:04:09.793 11170 11181 I art     : Starting a blocking GC Explicit
08-06 03:04:09.817 11170 11181 I art     : Explicit concurrent mark sweep GC freed 170(3KB) AllocSpace objects, 0(0B) LOS objects, 28% free, 39MB/55MB, paused 424us total 23.486ms
08-06 03:04:09.829 11170 11181 I art     : Starting a blocking GC Explicit
08-06 03:04:09.858 11170 11181 I art     : Explicit concurrent mark sweep GC freed 170(2864B) AllocSpace objects, 0(0B) LOS objects, 28% free, 39MB/55MB, paused 513us total 28.102ms
08-06 03:04:09.873 11170 11181 I art     : Starting a blocking GC Explicit
08-06 03:04:09.904 11170 11181 I art     : Explicit concurrent mark sweep GC freed 195(3KB) AllocSpace objects, 0(0B) LOS objects, 28% free, 39MB/55MB, paused 417us total 30.535ms
08-06 03:04:09.918 11170 11181 I art     : Starting a blocking GC Explicit
08-06 03:04:09.952 11170 11181 I art     : Explicit concurrent mark sweep GC freed 220(3KB) AllocSpace objects, 0(0B) LOS objects, 28% free, 39MB/55MB, paused 420us total 33.481ms
08-06 03:04:10.006   380   380 W SurfaceFlinger: couldn't log to binary event log: overflow.
08-06 03:04:10.260 11170 11230 I art     : Starting a blocking GC Explicit
08-06 03:04:10.293 11170 11230 I art     : Explicit concurrent mark sweep GC freed 2509(101KB) AllocSpace objects, 4(404KB) LOS objects, 29% free, 38MB/54MB, paused 581us total 32.346ms
08-06 03:04:10.306 11170 11230 I art     : Starting a blocking GC Explicit
08-06 03:04:10.329 11170 11230 I art     : Explicit concurrent mark sweep GC freed 4852(341KB) AllocSpace objects, 7(132KB) LOS objects, 29% free, 38MB/54MB, paused 465us total 22.854ms
08-06 03:04:10.340 11170 11230 I art     : Starting a blocking GC Explicit
08-06 03:04:10.363 11170 11230 I art     : Explicit concurrent mark sweep GC freed 106(2016B) AllocSpace objects, 0(0B) LOS objects, 29% free, 38MB/54MB, paused 421us total 22.486ms
08-06 03:04:10.374 11170 11230 I art     : Starting a blocking GC Explicit
08-06 03:04:10.396 11170 11230 I art     : Explicit concurrent mark sweep GC freed 100(1728B) AllocSpace objects, 0(0B) LOS objects, 29% free, 38MB/54MB, paused 428us total 22.173ms
08-06 03:04:10.407 11170 11230 I art     : Starting a blocking GC Explicit
08-06 03:04:10.430 11170 11230 I art     : Explicit concurrent mark sweep GC freed 99(1696B) AllocSpace objects, 0(0B) LOS objects, 29% free, 38MB/54MB, paused 396us total 22.320ms
08-06 03:04:10.753 11170 11556 I art     : Starting a blocking GC Explicit
08-06 03:04:10.778 11170 11556 I art     : Explicit concurrent mark sweep GC freed 2458(100KB) AllocSpace objects, 2(40KB) LOS objects, 29% free, 38MB/54MB, paused 384us total 24.784ms
08-06 03:04:10.790 11170 11556 I art     : Starting a blocking GC Explicit
08-06 03:04:10.813 11170 11556 I art     : Explicit concurrent mark sweep GC freed 127(2896B) AllocSpace objects, 0(0B) LOS objects, 29% free, 38MB/54MB, paused 381us total 22.762ms
08-06 03:04:10.825 11170 11556 I art     : Starting a blocking GC Explicit
08-06 03:04:10.850 11170 11556 I art     : Explicit concurrent mark sweep GC freed 100(1728B) AllocSpace objects, 0(0B) LOS objects, 29% free, 38MB/54MB, paused 421us total 24.934ms
08-06 03:04:10.862 11170 11556 I art     : Starting a blocking GC Explicit
08-06 03:04:10.887 11170 11556 I art     : Explicit concurrent mark sweep GC freed 99(1696B) AllocSpace objects, 0(0B) LOS objects, 29% free, 38MB/54MB, paused 451us total 24.756ms
08-06 03:04:10.899 11170 11556 I art     : Starting a blocking GC Explicit
08-06 03:04:10.923 11170 11556 I art     : Explicit concurrent mark sweep GC freed 99(1696B) AllocSpace objects, 0(0B) LOS objects, 29% free, 38MB/54MB, paused 440us total 23.725ms
08-06 03:04:11.237 11170 11181 I art     : Starting a blocking GC Explicit
08-06 03:04:11.264 11170 11181 I art     : Explicit concurrent mark sweep GC freed 2434(99KB) AllocSpace objects, 2(40KB) LOS objects, 29% free, 38MB/54MB, paused 462us total 26.859ms
08-06 03:04:11.276 11170 11181 I art     : Starting a blocking GC Explicit
08-06 03:04:11.301 11682 11682 D AndroidRuntime: >>>>>> START com.android.internal.os.RuntimeInit uid 2000 <<<<<<
08-06 03:04:11.302 11170 11181 I art     : Explicit concurrent mark sweep GC freed 118(2384B) AllocSpace objects, 0(0B) LOS objects, 29% free, 38MB/54MB, paused 456us total 25.351ms
08-06 03:04:11.306 11682 11682 D AndroidRuntime: CheckJNI is OFF
08-06 03:04:11.314 11170 11181 I art     : Starting a blocking GC Explicit
08-06 03:04:11.338 11170 11181 I art     : Explicit concurrent mark sweep GC freed 100(1728B) AllocSpace objects, 0(0B) LOS objects, 29% free, 38MB/54MB, paused 424us total 24.001ms
08-06 03:04:11.341 11682 11682 D ICU     : No timezone override file found: /data/misc/zoneinfo/current/icu/icu_tzdata.dat
08-06 03:04:11.350 11170 11181 I art     : Starting a blocking GC Explicit
08-06 03:04:11.374 11170 11181 I art     : Explicit concurrent mark sweep GC freed 99(1696B) AllocSpace objects, 0(0B) LOS objects, 29% free, 38MB/54MB, paused 421us total 24.549ms
08-06 03:04:11.376 11682 11682 I Radio-JNI: register_android_hardware_Radio DONE
08-06 03:04:11.387 11170 11181 I art     : Starting a blocking GC Explicit
08-06 03:04:11.399 11682 11682 D AndroidRuntime: Calling main entry com.android.commands.input.Input
08-06 03:04:11.401 11682 11682 I Input   : injectMotionEvent: MotionEvent { action=ACTION_DOWN, actionButton=0, id[0]=0, x[0]=504.0, y[0]=1706.0, toolType[0]=TOOL_TYPE_UNKNOWN, buttonState=0, metaState=0, flags=0x0, edgeFlags=0x0, pointerCount=1, historySize=0, eventTime=846267814, downTime=846267814, deviceId=0, source=0x1002 }
08-06 03:04:11.406 11682 11682 I Input   : injectMotionEvent: MotionEvent { action=ACTION_UP, actionButton=0, id[0]=0, x[0]=504.0, y[0]=1706.0, toolType[0]=TOOL_TYPE_UNKNOWN, buttonState=0, metaState=0, flags=0x0, edgeFlags=0x0, pointerCount=1, historySize=0, eventTime=846267814, downTime=846267814, deviceId=0, source=0x1002 }
08-06 03:04:11.409 11170 11181 I art     : Explicit concurrent mark sweep GC freed 122(2064B) AllocSpace objects, 0(0B) LOS objects, 29% free, 38MB/54MB, paused 429us total 22.306ms
08-06 03:04:11.411 11682 11682 D AndroidRuntime: Shutting down VM
08-06 03:04:11.413   512  2967 D audio_hw_primary: out_set_parameters: enter: usecase(1: low-latency-playback) kvpairs: routing=2
08-06 03:04:11.418   918  5952 I ActivityManager: START u0 {cmp=baseline.io.github.project_travel_mate/.destinations.funfacts.FunFactsActivity (has extras)} from uid 10696 on display 0
08-06 03:04:11.425   512  2967 D audio_hw_primary: select_devices: out_snd_device(2: speaker) in_snd_device(0: none)
08-06 03:04:11.426   512  2967 D msm8974_platform: platform_send_audio_calibration: sending audio calibration for snd_device(2) acdb_id(15)
08-06 03:04:11.426   512  2967 I soundtrigger: audio_extn_sound_trigger_update_device_status: device 0x2 of type 0 for Event 1
08-06 03:04:11.436   512  2967 D audio_hw_primary: enable_snd_device: snd_device(2: speaker)
08-06 03:04:11.438   512  2967 D audio_hw_primary: enable_audio_route: apply and update mixer path: low-latency-playback speaker
08-06 03:04:11.439 11170 11250 D Gabe    : call	returning from cache
08-06 03:04:11.440 11170 11170 V EXECUTING: https://project-travel-mate.herokuapp.com/api/get-city-facts/1
08-06 03:04:11.561   918   936 I ActivityManager: Displayed baseline.io.github.project_travel_mate/.destinations.funfacts.FunFactsActivity: +134ms
08-06 03:04:11.561 13866 13866 I GoogleInputMethodServic: GoogleInputMethodService.onFinishInput():3138 
08-06 03:04:11.562 13866 13866 I GoogleInputMethodServic: GoogleInputMethodService.onStartInput():1808 
08-06 03:04:11.697 11170 11181 I art     : Starting a blocking GC Explicit
08-06 03:04:11.723 11170 11181 I art     : Explicit concurrent mark sweep GC freed 4297(287KB) AllocSpace objects, 2(40KB) LOS objects, 27% free, 42MB/58MB, paused 446us total 25.206ms
08-06 03:04:11.734 11170 11181 I art     : Starting a blocking GC Explicit
08-06 03:04:11.765 11170 11181 I art     : Explicit concurrent mark sweep GC freed 341(9KB) AllocSpace objects, 0(0B) LOS objects, 27% free, 42MB/58MB, paused 456us total 30.351ms
08-06 03:04:11.779 11170 11181 I art     : Starting a blocking GC Explicit
08-06 03:04:11.809   380   380 W SurfaceFlinger: couldn't log to binary event log: overflow.
08-06 03:04:11.811 11170 11181 I art     : Explicit concurrent mark sweep GC freed 177(2976B) AllocSpace objects, 0(0B) LOS objects, 27% free, 42MB/58MB, paused 608us total 31.236ms
08-06 03:04:11.825 11170 11181 I art     : Starting a blocking GC Explicit
08-06 03:04:11.849 11170 11181 I art     : Explicit concurrent mark sweep GC freed 188(3KB) AllocSpace objects, 0(0B) LOS objects, 27% free, 42MB/58MB, paused 430us total 23.646ms
08-06 03:04:11.861 11170 11181 I art     : Starting a blocking GC Explicit
08-06 03:04:11.884 11170 11181 I art     : Explicit concurrent mark sweep GC freed 148(2528B) AllocSpace objects, 0(0B) LOS objects, 27% free, 42MB/58MB, paused 410us total 23.385ms
08-06 03:04:11.968   512  2967 D audio_hw_primary: disable_audio_route: reset and update mixer path: low-latency-playback speaker
08-06 03:04:11.969   512  2967 D audio_hw_primary: disable_snd_device: snd_device(2: speaker)
08-06 03:04:11.978   512  2967 I soundtrigger: audio_extn_sound_trigger_update_device_status: device 0x2 of type 0 for Event 0
08-06 03:04:12.150 11170 11706 I NAPPA_EXPERIMENTATION: MetricNetworkRequestExecutionTime: REQUEST_DURATION_SYSTEM='709',REQUEST_DURATION_OKHTTP='35',REQUEST_SYNCHRONOUS='FALSE',RESPONSE_CODE='200',RESPONSE_METHOD='GET',RESPONSE_LENGTH_OKHTTP='1793',RESPONSE_LENGTH_HEADER='1793',REQUEST_PROTOCOL='http/1.1',REQUEST_URL='https://project-travel-mate.herokuapp.com/api/get-city-facts/1',
08-06 03:04:12.152 11170 11706 V EXECUTING: https://project-travel-mate.herokuapp.com/api/get-city-images/1
08-06 03:04:12.183 11170 11181 I art     : Starting a blocking GC Explicit
08-06 03:04:12.209 11170 11181 I art     : Explicit concurrent mark sweep GC freed 5449(278KB) AllocSpace objects, 5(240KB) LOS objects, 27% free, 43MB/59MB, paused 625us total 26.366ms
08-06 03:04:12.222 11170 11181 I art     : Starting a blocking GC Explicit
08-06 03:04:12.247 11170 11181 I art     : Explicit concurrent mark sweep GC freed 1086(119KB) AllocSpace objects, 0(0B) LOS objects, 27% free, 43MB/59MB, paused 661us total 24.780ms
08-06 03:04:12.260 11170 11181 I art     : Starting a blocking GC Explicit
08-06 03:04:12.284 11170 11181 I art     : Explicit concurrent mark sweep GC freed 61(1024B) AllocSpace objects, 0(0B) LOS objects, 27% free, 43MB/59MB, paused 554us total 24.527ms
08-06 03:04:12.297 11170 11181 I art     : Starting a blocking GC Explicit
08-06 03:04:12.323 11170 11181 I art     : Explicit concurrent mark sweep GC freed 88(1504B) AllocSpace objects, 0(0B) LOS objects, 27% free, 43MB/59MB, paused 779us total 25.502ms
08-06 03:04:12.335 11170 11181 I art     : Starting a blocking GC Explicit
08-06 03:04:12.360 11170 11181 I art     : Explicit concurrent mark sweep GC freed 136(2432B) AllocSpace objects, 0(0B) LOS objects, 26% free, 43MB/59MB, paused 619us total 24.735ms
08-06 03:04:12.682 11170 11183 I art     : Starting a blocking GC Explicit
08-06 03:04:12.708 11170 11183 I art     : Explicit concurrent mark sweep GC freed 2233(96KB) AllocSpace objects, 2(40KB) LOS objects, 26% free, 43MB/59MB, paused 749us total 25.637ms
08-06 03:04:12.720 11170 11183 I art     : Starting a blocking GC Explicit
08-06 03:04:12.745 11170 11183 I art     : Explicit concurrent mark sweep GC freed 152(2960B) AllocSpace objects, 0(0B) LOS objects, 26% free, 43MB/59MB, paused 622us total 24.804ms
08-06 03:04:12.757 11170 11183 I art     : Starting a blocking GC Explicit
08-06 03:04:12.782 11170 11183 I art     : Explicit concurrent mark sweep GC freed 28(544B) AllocSpace objects, 0(0B) LOS objects, 26% free, 43MB/59MB, paused 653us total 24.997ms
08-06 03:04:12.794 11170 11183 I art     : Starting a blocking GC Explicit
08-06 03:04:12.820 11170 11183 I art     : Explicit concurrent mark sweep GC freed 978(66KB) AllocSpace objects, 2(120KB) LOS objects, 26% free, 43MB/59MB, paused 875us total 25.720ms
08-06 03:04:12.833 11170 11183 I art     : Starting a blocking GC Explicit
08-06 03:04:12.860 11170 11183 I art     : Explicit concurrent mark sweep GC freed 2227(127KB) AllocSpace objects, 1(80KB) LOS objects, 26% free, 43MB/59MB, paused 658us total 26.644ms
08-06 03:04:12.870 11170 11728 I NAPPA_EXPERIMENTATION: MetricNetworkRequestExecutionTime: REQUEST_DURATION_SYSTEM='717',REQUEST_DURATION_OKHTTP='32',REQUEST_SYNCHRONOUS='FALSE',RESPONSE_CODE='200',RESPONSE_METHOD='GET',RESPONSE_LENGTH_OKHTTP='183',RESPONSE_LENGTH_HEADER='183',REQUEST_PROTOCOL='http/1.1',REQUEST_URL='https://project-travel-mate.herokuapp.com/api/get-city-images/1',
08-06 03:04:12.909 11170 11728 V RESPONSE: [{"id":17,"image_url":"https://upload.wikimedia.org/wikipedia/commons/9/94/%E0%B4%96%E0%B5%81%E0%B4%A4%E0%B5%8D%E0%B4%AC%E0%B5%8D_%E0%B4%AE%E0%B4%BF%E0%B4%A8%E0%B4%BE%E0%B5%BC1.jpg"}]
08-06 03:04:13.181 11170 11181 I art     : Starting a blocking GC Explicit
08-06 03:04:13.215 11170 11181 I art     : Explicit concurrent mark sweep GC freed 6387(366KB) AllocSpace objects, 3(4MB) LOS objects, 28% free, 39MB/55MB, paused 565us total 33.323ms
08-06 03:04:13.228 11170 11181 I art     : Starting a blocking GC Explicit
08-06 03:04:13.258 11170 11181 I art     : Explicit concurrent mark sweep GC freed 348(11KB) AllocSpace objects, 0(0B) LOS objects, 28% free, 39MB/55MB, paused 479us total 29.370ms
08-06 03:04:13.270 11170 11181 I art     : Starting a blocking GC Explicit
08-06 03:04:13.299 11170 11181 I art     : Explicit concurrent mark sweep GC freed 229(4KB) AllocSpace objects, 0(0B) LOS objects, 28% free, 39MB/55MB, paused 547us total 28.565ms
08-06 03:04:13.313 11170 11181 I art     : Starting a blocking GC Explicit
08-06 03:04:13.341 11170 11181 I art     : Explicit concurrent mark sweep GC freed 157(2880B) AllocSpace objects, 0(0B) LOS objects, 28% free, 39MB/55MB, paused 457us total 28.144ms
08-06 03:04:13.354 11170 11181 I art     : Starting a blocking GC Explicit
08-06 03:04:13.382 11170 11181 I art     : Explicit concurrent mark sweep GC freed 219(3KB) AllocSpace objects, 0(0B) LOS objects, 28% free, 39MB/55MB, paused 458us total 28.283ms
08-06 03:04:13.754 11170 11230 I art     : Starting a blocking GC Explicit
08-06 03:04:13.785 11170 11230 I art     : Explicit concurrent mark sweep GC freed 3168(111KB) AllocSpace objects, 2(40KB) LOS objects, 28% free, 39MB/55MB, paused 484us total 30.254ms
08-06 03:04:13.797 11170 11230 I art     : Starting a blocking GC Explicit
08-06 03:04:13.826 11170 11230 I art     : Explicit concurrent mark sweep GC freed 182(3KB) AllocSpace objects, 0(0B) LOS objects, 28% free, 39MB/55MB, paused 470us total 28.328ms
08-06 03:04:13.838 11170 11230 I art     : Starting a blocking GC Explicit
08-06 03:04:13.865 11170 11230 I art     : Explicit concurrent mark sweep GC freed 219(3KB) AllocSpace objects, 0(0B) LOS objects, 28% free, 39MB/55MB, paused 464us total 27.148ms
08-06 03:04:13.878 11170 11230 I art     : Starting a blocking GC Explicit
08-06 03:04:13.905 11170 11230 I art     : Explicit concurrent mark sweep GC freed 146(2464B) AllocSpace objects, 0(0B) LOS objects, 28% free, 39MB/55MB, paused 465us total 27.324ms
08-06 03:04:13.918 11170 11230 I art     : Starting a blocking GC Explicit
08-06 03:04:13.946 11170 11230 I art     : Explicit concurrent mark sweep GC freed 189(3KB) AllocSpace objects, 0(0B) LOS objects, 28% free, 39MB/55MB, paused 567us total 27.810ms
08-06 03:04:14.064   518   646 I ThermalEngine: ACTION: GPU - Setting GPU[0] to 450000000
08-06 03:04:14.067 11761 11761 D AndroidRuntime: >>>>>> START com.android.internal.os.RuntimeInit uid 2000 <<<<<<
08-06 03:04:14.074 11761 11761 D AndroidRuntime: CheckJNI is OFF
08-06 03:04:14.116 11761 11761 D ICU     : No timezone override file found: /data/misc/zoneinfo/current/icu/icu_tzdata.dat
08-06 03:04:14.158 11761 11761 I Radio-JNI: register_android_hardware_Radio DONE
08-06 03:04:14.186 11761 11761 D AndroidRuntime: Calling main entry com.android.commands.input.Input
08-06 03:04:14.188 11761 11761 I Input   : injectKeyEvent: KeyEvent { action=ACTION_DOWN, keyCode=KEYCODE_BACK, scanCode=0, metaState=0, flags=0x0, repeatCount=0, eventTime=846270601, downTime=846270601, deviceId=-1, source=0x101 }
08-06 03:04:14.192 11761 11761 I Input   : injectKeyEvent: KeyEvent { action=ACTION_UP, keyCode=KEYCODE_BACK, scanCode=0, metaState=0, flags=0x0, repeatCount=0, eventTime=846270601, downTime=846270601, deviceId=-1, source=0x101 }
08-06 03:04:14.202 11761 11761 D AndroidRuntime: Shutting down VM
08-06 03:04:14.241 13866 13866 I GoogleInputMethodServic: GoogleInputMethodService.onFinishInput():3138 
08-06 03:04:14.242 13866 13866 I GoogleInputMethodServic: GoogleInputMethodService.onStartInput():1808 
08-06 03:04:14.322 11170 11183 I art     : Starting a blocking GC Explicit
08-06 03:04:14.358 11170 11183 I art     : Explicit concurrent mark sweep GC freed 3219(114KB) AllocSpace objects, 2(40KB) LOS objects, 28% free, 39MB/55MB, paused 634us total 35.962ms
08-06 03:04:14.379 11170 11183 I art     : Starting a blocking GC Explicit
08-06 03:04:14.412 11170 11183 I art     : Explicit concurrent mark sweep GC freed 247(4KB) AllocSpace objects, 0(0B) LOS objects, 28% free, 39MB/55MB, paused 723us total 32.407ms
08-06 03:04:14.431 11170 11183 I art     : Starting a blocking GC Explicit
08-06 03:04:14.466 11170 11183 I art     : Explicit concurrent mark sweep GC freed 254(4KB) AllocSpace objects, 0(0B) LOS objects, 28% free, 39MB/55MB, paused 832us total 34.408ms
08-06 03:04:14.482 11170 11183 I art     : Starting a blocking GC Explicit
08-06 03:04:14.515 11170 11183 I art     : Explicit concurrent mark sweep GC freed 251(4KB) AllocSpace objects, 0(0B) LOS objects, 28% free, 39MB/55MB, paused 595us total 33.083ms
08-06 03:04:14.532 11170 11183 I art     : Starting a blocking GC Explicit
08-06 03:04:14.545   380   380 W SurfaceFlinger: couldn't log to binary event log: overflow.
08-06 03:04:14.567 11170 11183 I art     : Explicit concurrent mark sweep GC freed 959(38KB) AllocSpace objects, 0(0B) LOS objects, 28% free, 39MB/55MB, paused 718us total 35.078ms
08-06 03:04:14.629   918  3261 D WifiStateMachine: starting scan for "H369AA63323"WPA_PSK with 2412,5180
08-06 03:04:14.939 11170 11181 I art     : Starting a blocking GC Explicit
08-06 03:04:14.975 11170 11181 I art     : Explicit concurrent mark sweep GC freed 2626(104KB) AllocSpace objects, 5(684KB) LOS objects, 29% free, 39MB/55MB, paused 615us total 36.461ms
08-06 03:04:14.992 11170 11181 I art     : Starting a blocking GC Explicit
08-06 03:04:15.022 11170 11181 I art     : Explicit concurrent mark sweep GC freed 5581(268KB) AllocSpace objects, 1(28KB) LOS objects, 29% free, 38MB/54MB, paused 586us total 29.502ms
08-06 03:04:15.037 11170 11181 I art     : Starting a blocking GC Explicit
08-06 03:04:15.067 11170 11181 I art     : Explicit concurrent mark sweep GC freed 152(2752B) AllocSpace objects, 0(0B) LOS objects, 29% free, 38MB/54MB, paused 601us total 29.672ms
08-06 03:04:15.082 11170 11181 I art     : Starting a blocking GC Explicit
08-06 03:04:15.115 11170 11181 I art     : Explicit concurrent mark sweep GC freed 147(2496B) AllocSpace objects, 0(0B) LOS objects, 29% free, 38MB/54MB, paused 591us total 32.573ms
08-06 03:04:15.131 11170 11181 I art     : Starting a blocking GC Explicit
08-06 03:04:15.164 11170 11181 I art     : Explicit concurrent mark sweep GC freed 134(2256B) AllocSpace objects, 0(0B) LOS objects, 29% free, 38MB/54MB, paused 695us total 32.564ms
08-06 03:04:15.537 11170 11230 I art     : Starting a blocking GC Explicit
08-06 03:04:15.571 11170 11230 I art     : Explicit concurrent mark sweep GC freed 2594(102KB) AllocSpace objects, 2(40KB) LOS objects, 29% free, 38MB/54MB, paused 629us total 33.877ms
08-06 03:04:15.580  6516  6516 I ServiceManager: Waiting for service AtCmdFwd...
08-06 03:04:15.587 11170 11230 I art     : Starting a blocking GC Explicit
08-06 03:04:15.618 11170 11230 I art     : Explicit concurrent mark sweep GC freed 166(3KB) AllocSpace objects, 0(0B) LOS objects, 29% free, 38MB/54MB, paused 622us total 30.897ms
08-06 03:04:15.633 11170 11230 I art     : Starting a blocking GC Explicit
08-06 03:04:15.665 11170 11230 I art     : Explicit concurrent mark sweep GC freed 140(2352B) AllocSpace objects, 0(0B) LOS objects, 29% free, 38MB/54MB, paused 708us total 31.063ms
08-06 03:04:15.681 11170 11230 I art     : Starting a blocking GC Explicit
08-06 03:04:15.713 11170 11230 I art     : Explicit concurrent mark sweep GC freed 109(1904B) AllocSpace objects, 0(0B) LOS objects, 29% free, 38MB/54MB, paused 689us total 32.224ms
08-06 03:04:15.729 11170 11230 I art     : Starting a blocking GC Explicit
08-06 03:04:15.762 11170 11230 I art     : Explicit concurrent mark sweep GC freed 144(2432B) AllocSpace objects, 0(0B) LOS objects, 29% free, 38MB/54MB, paused 611us total 32.564ms
08-06 03:04:15.960 11804 11804 D AndroidRuntime: >>>>>> START com.android.internal.os.RuntimeInit uid 2000 <<<<<<
08-06 03:04:15.966 11804 11804 D AndroidRuntime: CheckJNI is OFF
08-06 03:04:16.009 11804 11804 D ICU     : No timezone override file found: /data/misc/zoneinfo/current/icu/icu_tzdata.dat
08-06 03:04:16.051 11804 11804 I Radio-JNI: register_android_hardware_Radio DONE
08-06 03:04:16.081 11804 11804 D AndroidRuntime: Calling main entry com.android.commands.input.Input
08-06 03:04:16.083 11804 11804 I Input   : injectMotionEvent: MotionEvent { action=ACTION_DOWN, actionButton=0, id[0]=0, x[0]=504.0, y[0]=1706.0, toolType[0]=TOOL_TYPE_UNKNOWN, buttonState=0, metaState=0, flags=0x0, edgeFlags=0x0, pointerCount=1, historySize=0, eventTime=846272495, downTime=846272495, deviceId=0, source=0x1002 }
08-06 03:04:16.090 11804 11804 I Input   : injectMotionEvent: MotionEvent { action=ACTION_UP, actionButton=0, id[0]=0, x[0]=504.0, y[0]=1706.0, toolType[0]=TOOL_TYPE_UNKNOWN, buttonState=0, metaState=0, flags=0x0, edgeFlags=0x0, pointerCount=1, historySize=0, eventTime=846272495, downTime=846272495, deviceId=0, source=0x1002 }
08-06 03:04:16.092 11804 11804 D AndroidRuntime: Shutting down VM
08-06 03:04:16.094   512  2967 D audio_hw_primary: out_set_parameters: enter: usecase(1: low-latency-playback) kvpairs: routing=2
08-06 03:04:16.101   918  4413 I ActivityManager: START u0 {cmp=baseline.io.github.project_travel_mate/.destinations.funfacts.FunFactsActivity (has extras)} from uid 10696 on display 0
08-06 03:04:16.107   512  2967 D audio_hw_primary: select_devices: out_snd_device(2: speaker) in_snd_device(0: none)
08-06 03:04:16.107   512  2967 D msm8974_platform: platform_send_audio_calibration: sending audio calibration for snd_device(2) acdb_id(15)
08-06 03:04:16.107   512  2967 I soundtrigger: audio_extn_sound_trigger_update_device_status: device 0x2 of type 0 for Event 1
08-06 03:04:16.116 11170 11230 I art     : Starting a blocking GC Explicit
08-06 03:04:16.120   512  2967 D audio_hw_primary: enable_snd_device: snd_device(2: speaker)
08-06 03:04:16.123   512  2967 D audio_hw_primary: enable_audio_route: apply and update mixer path: low-latency-playback speaker
08-06 03:04:16.130 11170 11250 D Gabe    : call	returning from cache
08-06 03:04:16.131 11170 11170 V EXECUTING: https://project-travel-mate.herokuapp.com/api/get-city-facts/1
08-06 03:04:16.150 11170 11230 I art     : Explicit concurrent mark sweep GC freed 4222(260KB) AllocSpace objects, 2(40KB) LOS objects, 29% free, 38MB/54MB, paused 745us total 33.654ms
08-06 03:04:16.165 11170 11230 I art     : Starting a blocking GC Explicit
08-06 03:04:16.199 11170 11230 I art     : Explicit concurrent mark sweep GC freed 613(24KB) AllocSpace objects, 0(0B) LOS objects, 27% free, 43MB/59MB, paused 958us total 33.970ms
08-06 03:04:16.216 11170 11230 I art     : Starting a blocking GC Explicit
08-06 03:04:16.249 11170 11230 I art     : Explicit concurrent mark sweep GC freed 79(4KB) AllocSpace objects, 0(0B) LOS objects, 27% free, 43MB/59MB, paused 843us total 32.813ms
08-06 03:04:16.266 11170 11230 I art     : Starting a blocking GC Explicit
08-06 03:04:16.274   918   936 I ActivityManager: Displayed baseline.io.github.project_travel_mate/.destinations.funfacts.FunFactsActivity: +162ms
08-06 03:04:16.275 13866 13866 I GoogleInputMethodServic: GoogleInputMethodService.onFinishInput():3138 
08-06 03:04:16.275 13866 13866 I GoogleInputMethodServic: GoogleInputMethodService.onStartInput():1808 
08-06 03:04:16.297 11170 11230 I art     : Explicit concurrent mark sweep GC freed 136(2832B) AllocSpace objects, 0(0B) LOS objects, 27% free, 43MB/59MB, paused 1.036ms total 31.260ms
08-06 03:04:16.315 11170 11230 I art     : Starting a blocking GC Explicit
08-06 03:04:16.350 11170 11230 I art     : Explicit concurrent mark sweep GC freed 23(448B) AllocSpace objects, 0(0B) LOS objects, 27% free, 43MB/59MB, paused 1.044ms total 34.568ms
08-06 03:04:16.531   380   380 W SurfaceFlinger: couldn't log to binary event log: overflow.
08-06 03:04:16.580  6516  6516 I ServiceManager: Waiting for service AtCmdFwd...
08-06 03:04:16.661 11170 11828 I NAPPA_EXPERIMENTATION: MetricNetworkRequestExecutionTime: REQUEST_DURATION_SYSTEM='529',REQUEST_DURATION_OKHTTP='33',REQUEST_SYNCHRONOUS='FALSE',RESPONSE_CODE='200',RESPONSE_METHOD='GET',RESPONSE_LENGTH_OKHTTP='1793',RESPONSE_LENGTH_HEADER='1793',REQUEST_PROTOCOL='http/1.1',REQUEST_URL='https://project-travel-mate.herokuapp.com/api/get-city-facts/1',
08-06 03:04:16.662 11170 11828 V EXECUTING: https://project-travel-mate.herokuapp.com/api/get-city-images/1
08-06 03:04:16.669   512  2967 D audio_hw_primary: disable_audio_route: reset and update mixer path: low-latency-playback speaker
08-06 03:04:16.671   512  2967 D audio_hw_primary: disable_snd_device: snd_device(2: speaker)
08-06 03:04:16.679   512  2967 I soundtrigger: audio_extn_sound_trigger_update_device_status: device 0x2 of type 0 for Event 0
08-06 03:04:16.713 11170 11181 I art     : Starting a blocking GC Explicit
08-06 03:04:16.747 11170 11181 I art     : Explicit concurrent mark sweep GC freed 6121(288KB) AllocSpace objects, 5(240KB) LOS objects, 26% free, 43MB/59MB, paused 908us total 34.284ms
08-06 03:04:16.763 11170 11181 I art     : Starting a blocking GC Explicit
08-06 03:04:16.796 11170 11181 I art     : Explicit concurrent mark sweep GC freed 1114(120KB) AllocSpace objects, 0(0B) LOS objects, 26% free, 43MB/59MB, paused 888us total 32.431ms
08-06 03:04:16.812 11170 11181 I art     : Starting a blocking GC Explicit
08-06 03:04:16.845 11170 11181 I art     : Explicit concurrent mark sweep GC freed 23(416B) AllocSpace objects, 0(0B) LOS objects, 26% free, 43MB/59MB, paused 1.014ms total 32.454ms
08-06 03:04:16.861 11170 11181 I art     : Starting a blocking GC Explicit
08-06 03:04:16.893 11170 11181 I art     : Explicit concurrent mark sweep GC freed 140(2800B) AllocSpace objects, 0(0B) LOS objects, 26% free, 43MB/59MB, paused 888us total 32.145ms
08-06 03:04:16.909 11170 11181 I art     : Starting a blocking GC Explicit
08-06 03:04:16.942 11170 11181 I art     : Explicit concurrent mark sweep GC freed 146(3KB) AllocSpace objects, 0(0B) LOS objects, 26% free, 43MB/59MB, paused 1.073ms total 32.245ms
08-06 03:04:17.267 11170 11840 I NAPPA_EXPERIMENTATION: MetricNetworkRequestExecutionTime: REQUEST_DURATION_SYSTEM='603',REQUEST_DURATION_OKHTTP='31',REQUEST_SYNCHRONOUS='FALSE',RESPONSE_CODE='200',RESPONSE_METHOD='GET',RESPONSE_LENGTH_OKHTTP='183',RESPONSE_LENGTH_HEADER='183',REQUEST_PROTOCOL='http/1.1',REQUEST_URL='https://project-travel-mate.herokuapp.com/api/get-city-images/1',
08-06 03:04:17.294 11170 11183 I art     : Starting a blocking GC Explicit
08-06 03:04:17.309 11170 11840 V RESPONSE: [{"id":17,"image_url":"https://upload.wikimedia.org/wikipedia/commons/9/94/%E0%B4%96%E0%B5%81%E0%B4%A4%E0%B5%8D%E0%B4%AC%E0%B5%8D_%E0%B4%AE%E0%B4%BF%E0%B4%A8%E0%B4%BE%E0%B5%BC1.jpg"}]
08-06 03:04:17.328 11170 11183 I art     : Explicit concurrent mark sweep GC freed 4913(240KB) AllocSpace objects, 5(240KB) LOS objects, 26% free, 43MB/59MB, paused 954us total 33.769ms
08-06 03:04:17.345 11170 11183 I art     : Starting a blocking GC Explicit
08-06 03:04:17.378 11170 11183 I art     : Explicit concurrent mark sweep GC freed 1110(122KB) AllocSpace objects, 0(0B) LOS objects, 26% free, 43MB/59MB, paused 943us total 32.980ms
08-06 03:04:17.394 11170 11183 I art     : Starting a blocking GC Explicit
08-06 03:04:17.426 11170 11183 I art     : Explicit concurrent mark sweep GC freed 3278(129KB) AllocSpace objects, 0(0B) LOS objects, 26% free, 43MB/59MB, paused 684us total 32.393ms
08-06 03:04:17.442 11170 11183 I art     : Starting a blocking GC Explicit
08-06 03:04:17.476 11170 11183 I art     : Explicit concurrent mark sweep GC freed 361(11KB) AllocSpace objects, 1(4MB) LOS objects, 28% free, 39MB/55MB, paused 655us total 33.679ms
08-06 03:04:17.491 11170 11183 I art     : Starting a blocking GC Explicit
08-06 03:04:17.527 11170 11183 I art     : Explicit concurrent mark sweep GC freed 229(4KB) AllocSpace objects, 0(0B) LOS objects, 28% free, 39MB/55MB, paused 765us total 35.610ms
08-06 03:04:17.580  6516  6516 I ServiceManager: Waiting for service AtCmdFwd...
08-06 03:04:17.891 11170 11181 I art     : Starting a blocking GC Explicit
08-06 03:04:17.930 11170 11181 I art     : Explicit concurrent mark sweep GC freed 3184(112KB) AllocSpace objects, 2(40KB) LOS objects, 28% free, 39MB/55MB, paused 655us total 38.657ms
08-06 03:04:17.947 11170 11181 I art     : Starting a blocking GC Explicit
08-06 03:04:17.987 11170 11181 I art     : Explicit concurrent mark sweep GC freed 309(5KB) AllocSpace objects, 0(0B) LOS objects, 28% free, 39MB/55MB, paused 730us total 39.108ms
08-06 03:04:18.004 11170 11181 I art     : Starting a blocking GC Explicit
08-06 03:04:18.041 11170 11181 I art     : Explicit concurrent mark sweep GC freed 220(3KB) AllocSpace objects, 0(0B) LOS objects, 28% free, 39MB/55MB, paused 647us total 37.015ms
08-06 03:04:18.058 11170 11181 I art     : Starting a blocking GC Explicit
08-06 03:04:18.096 11170 11181 I art     : Explicit concurrent mark sweep GC freed 219(3KB) AllocSpace objects, 0(0B) LOS objects, 28% free, 39MB/55MB, paused 683us total 38.444ms
08-06 03:04:18.113 11170 11181 I art     : Starting a blocking GC Explicit
08-06 03:04:18.152 11170 11181 I art     : Explicit concurrent mark sweep GC freed 276(4KB) AllocSpace objects, 0(0B) LOS objects, 28% free, 39MB/55MB, paused 840us total 38.377ms
08-06 03:04:18.527 11170 11556 I art     : Starting a blocking GC Explicit
08-06 03:04:18.565 11170 11556 I art     : Explicit concurrent mark sweep GC freed 3171(111KB) AllocSpace objects, 2(40KB) LOS objects, 28% free, 39MB/55MB, paused 696us total 37.967ms
08-06 03:04:18.582  6516  6516 I ServiceManager: Waiting for service AtCmdFwd...
08-06 03:04:18.582 11170 11556 I art     : Starting a blocking GC Explicit
08-06 03:04:18.620 11170 11556 I art     : Explicit concurrent mark sweep GC freed 256(4KB) AllocSpace objects, 0(0B) LOS objects, 28% free, 39MB/55MB, paused 767us total 37.083ms
08-06 03:04:18.636 11170 11556 I art     : Starting a blocking GC Explicit
08-06 03:04:18.674 11170 11556 I art     : Explicit concurrent mark sweep GC freed 270(4KB) AllocSpace objects, 0(0B) LOS objects, 28% free, 39MB/55MB, paused 734us total 37.101ms
08-06 03:04:18.690 11170 11556 I art     : Starting a blocking GC Explicit
08-06 03:04:18.728 11170 11556 I art     : Explicit concurrent mark sweep GC freed 223(3KB) AllocSpace objects, 0(0B) LOS objects, 28% free, 39MB/55MB, paused 638us total 37.565ms
08-06 03:04:18.745 11170 11556 I art     : Starting a blocking GC Explicit
08-06 03:04:18.781 11170 11556 I art     : Explicit concurrent mark sweep GC freed 220(3KB) AllocSpace objects, 0(0B) LOS objects, 28% free, 39MB/55MB, paused 673us total 36.635ms
08-06 03:04:18.879 11864 11864 D AndroidRuntime: >>>>>> START com.android.internal.os.RuntimeInit uid 2000 <<<<<<
08-06 03:04:18.885 11864 11864 D AndroidRuntime: CheckJNI is OFF
08-06 03:04:18.929 11864 11864 D ICU     : No timezone override file found: /data/misc/zoneinfo/current/icu/icu_tzdata.dat
08-06 03:04:18.971 11864 11864 I Radio-JNI: register_android_hardware_Radio DONE
08-06 03:04:18.999 11864 11864 D AndroidRuntime: Calling main entry com.android.commands.input.Input
08-06 03:04:19.002 11864 11864 I Input   : injectKeyEvent: KeyEvent { action=ACTION_DOWN, keyCode=KEYCODE_BACK, scanCode=0, metaState=0, flags=0x0, repeatCount=0, eventTime=846275414, downTime=846275414, deviceId=-1, source=0x101 }
08-06 03:04:19.008 11864 11864 I Input   : injectKeyEvent: KeyEvent { action=ACTION_UP, keyCode=KEYCODE_BACK, scanCode=0, metaState=0, flags=0x0, repeatCount=0, eventTime=846275414, downTime=846275414, deviceId=-1, source=0x101 }
08-06 03:04:19.016 11864 11864 D AndroidRuntime: Shutting down VM
08-06 03:04:19.063 13866 13866 I GoogleInputMethodServic: GoogleInputMethodService.onFinishInput():3138 
08-06 03:04:19.064 13866 13866 I GoogleInputMethodServic: GoogleInputMethodService.onStartInput():1808 
08-06 03:04:19.169 11170 11183 I art     : Starting a blocking GC Explicit
08-06 03:04:19.207 11170 11183 I art     : Explicit concurrent mark sweep GC freed 3332(116KB) AllocSpace objects, 2(40KB) LOS objects, 28% free, 39MB/55MB, paused 661us total 37.839ms
08-06 03:04:19.226 11170 11183 I art     : Starting a blocking GC Explicit
08-06 03:04:19.266 11170 11183 I art     : Explicit concurrent mark sweep GC freed 243(4KB) AllocSpace objects, 0(0B) LOS objects, 28% free, 39MB/55MB, paused 636us total 39.923ms
08-06 03:04:19.285 11170 11183 I art     : Starting a blocking GC Explicit
08-06 03:04:19.325 11170 11183 I art     : Explicit concurrent mark sweep GC freed 291(4KB) AllocSpace objects, 0(0B) LOS objects, 28% free, 39MB/55MB, paused 737us total 39.097ms
08-06 03:04:19.342 11170 11183 I art     : Starting a blocking GC Explicit
08-06 03:04:19.366   380   380 W SurfaceFlinger: couldn't log to binary event log: overflow.
08-06 03:04:19.378 11170 11183 I art     : Explicit concurrent mark sweep GC freed 973(37KB) AllocSpace objects, 0(0B) LOS objects, 28% free, 39MB/55MB, paused 752us total 35.717ms
08-06 03:04:19.396 11170 11183 I art     : Starting a blocking GC Explicit
08-06 03:04:19.432 11170 11183 I art     : Explicit concurrent mark sweep GC freed 186(4KB) AllocSpace objects, 2(364KB) LOS objects, 28% free, 39MB/55MB, paused 693us total 35.753ms
08-06 03:04:19.582  6516  6516 I ServiceManager: Waiting for service AtCmdFwd...
08-06 03:04:19.809 11170 11556 I art     : Starting a blocking GC Explicit
08-06 03:04:19.844 11170 11556 I art     : Explicit concurrent mark sweep GC freed 8052(368KB) AllocSpace objects, 3(68KB) LOS objects, 29% free, 38MB/54MB, paused 674us total 34.199ms
08-06 03:04:19.860 11170 11556 I art     : Starting a blocking GC Explicit
08-06 03:04:19.893 11170 11556 I art     : Explicit concurrent mark sweep GC freed 182(3KB) AllocSpace objects, 0(0B) LOS objects, 29% free, 38MB/54MB, paused 667us total 33.101ms
08-06 03:04:19.909 11170 11556 I art     : Starting a blocking GC Explicit
08-06 03:04:19.943 11170 11556 I art     : Explicit concurrent mark sweep GC freed 147(2496B) AllocSpace objects, 0(0B) LOS objects, 29% free, 38MB/54MB, paused 667us total 32.899ms
08-06 03:04:19.959 11170 11556 I art     : Starting a blocking GC Explicit
08-06 03:04:19.993 11170 11556 I art     : Explicit concurrent mark sweep GC freed 147(2496B) AllocSpace objects, 0(0B) LOS objects, 29% free, 38MB/54MB, paused 663us total 33.624ms
08-06 03:04:20.009 11170 11556 I art     : Starting a blocking GC Explicit
08-06 03:04:20.043 11170 11556 I art     : Explicit concurrent mark sweep GC freed 147(2496B) AllocSpace objects, 0(0B) LOS objects, 29% free, 38MB/54MB, paused 640us total 33.423ms
08-06 03:04:20.403 11170 11895 I art     : Starting a blocking GC Explicit
08-06 03:04:20.437 11170 11895 I art     : Explicit concurrent mark sweep GC freed 2560(101KB) AllocSpace objects, 2(40KB) LOS objects, 29% free, 38MB/54MB, paused 859us total 34.157ms
08-06 03:04:20.454 11170 11895 I art     : Starting a blocking GC Explicit
08-06 03:04:20.487 11170 11895 I art     : Explicit concurrent mark sweep GC freed 161(3KB) AllocSpace objects, 0(0B) LOS objects, 29% free, 38MB/54MB, paused 732us total 32.783ms
08-06 03:04:20.503 11170 11895 I art     : Starting a blocking GC Explicit
08-06 03:04:20.536 11170 11895 I art     : Explicit concurrent mark sweep GC freed 143(2432B) AllocSpace objects, 0(0B) LOS objects, 29% free, 38MB/54MB, paused 725us total 33.261ms
08-06 03:04:20.552 11170 11895 I art     : Starting a blocking GC Explicit
08-06 03:04:20.583  6516  6516 W Atfwd_Sendcmd: AtCmdFwd service not published, waiting... retryCnt : 3
08-06 03:04:20.585 11170 11895 I art     : Explicit concurrent mark sweep GC freed 132(2256B) AllocSpace objects, 0(0B) LOS objects, 29% free, 38MB/54MB, paused 774us total 32.836ms
08-06 03:04:20.601 11170 11895 I art     : Starting a blocking GC Explicit
08-06 03:04:20.635 11170 11895 I art     : Explicit concurrent mark sweep GC freed 142(2400B) AllocSpace objects, 0(0B) LOS objects, 29% free, 38MB/54MB, paused 708us total 33.236ms
08-06 03:04:20.806 11914 11914 D AndroidRuntime: >>>>>> START com.android.internal.os.RuntimeInit uid 2000 <<<<<<
08-06 03:04:20.813 11914 11914 D AndroidRuntime: CheckJNI is OFF
08-06 03:04:20.852 11914 11914 D ICU     : No timezone override file found: /data/misc/zoneinfo/current/icu/icu_tzdata.dat
08-06 03:04:20.893 11914 11914 I Radio-JNI: register_android_hardware_Radio DONE
08-06 03:04:20.921 11914 11914 D AndroidRuntime: Calling main entry com.android.commands.input.Input
08-06 03:04:20.923 11914 11914 I Input   : injectMotionEvent: MotionEvent { action=ACTION_DOWN, actionButton=0, id[0]=0, x[0]=693.0, y[0]=1450.0, toolType[0]=TOOL_TYPE_UNKNOWN, buttonState=0, metaState=0, flags=0x0, edgeFlags=0x0, pointerCount=1, historySize=0, eventTime=846277336, downTime=846277336, deviceId=0, source=0x1002 }
08-06 03:04:20.927 11914 11914 I Input   : injectMotionEvent: MotionEvent { action=ACTION_UP, actionButton=0, id[0]=0, x[0]=693.0, y[0]=1450.0, toolType[0]=TOOL_TYPE_UNKNOWN, buttonState=0, metaState=0, flags=0x0, edgeFlags=0x0, pointerCount=1, historySize=0, eventTime=846277336, downTime=846277336, deviceId=0, source=0x1002 }
08-06 03:04:20.929 11914 11914 D AndroidRuntime: Shutting down VM
08-06 03:04:20.929   918  4413 I ActivityManager: START u0 {cmp=baseline.io.github.project_travel_mate/.destinations.description.CityHistoryActivity} from uid 10696 on display 0
08-06 03:04:20.931   512  2967 D audio_hw_primary: out_set_parameters: enter: usecase(1: low-latency-playback) kvpairs: routing=2
08-06 03:04:20.944   512  2967 D audio_hw_primary: select_devices: out_snd_device(2: speaker) in_snd_device(0: none)
08-06 03:04:20.944   512  2967 D msm8974_platform: platform_send_audio_calibration: sending audio calibration for snd_device(2) acdb_id(15)
08-06 03:04:20.944   512  2967 I soundtrigger: audio_extn_sound_trigger_update_device_status: device 0x2 of type 0 for Event 1
08-06 03:04:20.954   512  2967 D audio_hw_primary: enable_snd_device: snd_device(2: speaker)
08-06 03:04:20.956   512  2967 D audio_hw_primary: enable_audio_route: apply and update mixer path: low-latency-playback speaker
08-06 03:04:20.963 11170 11250 D Gabe    : call	returning from cache
08-06 03:04:20.965 11170 11170 V EXECUTING: https://project-travel-mate.herokuapp.com/api/get-city-information/1
08-06 03:04:21.033 11170 11183 I art     : Starting a blocking GC Explicit
08-06 03:04:21.069 11170 11183 I art     : Explicit concurrent mark sweep GC freed 3477(161KB) AllocSpace objects, 2(40KB) LOS objects, 26% free, 43MB/59MB, paused 1.116ms total 35.740ms
08-06 03:04:21.085 11170 11183 I art     : Starting a blocking GC Explicit
08-06 03:04:21.113   918   936 I ActivityManager: Displayed baseline.io.github.project_travel_mate/.destinations.description.CityHistoryActivity: +173ms
08-06 03:04:21.113 13866 13866 I GoogleInputMethodServic: GoogleInputMethodService.onFinishInput():3138 
08-06 03:04:21.114 13866 13866 I GoogleInputMethodServic: GoogleInputMethodService.onStartInput():1808 
08-06 03:04:21.116 11170 11183 I art     : Explicit concurrent mark sweep GC freed 244(11KB) AllocSpace objects, 0(0B) LOS objects, 26% free, 43MB/59MB, paused 793us total 31.580ms
08-06 03:04:21.132 11170 11183 I art     : Starting a blocking GC Explicit
08-06 03:04:21.169 11170 11183 I art     : Explicit concurrent mark sweep GC freed 132(2544B) AllocSpace objects, 0(0B) LOS objects, 26% free, 43MB/59MB, paused 1.074ms total 35.959ms
08-06 03:04:21.185 11170 11183 I art     : Starting a blocking GC Explicit
08-06 03:04:21.221 11170 11183 I art     : Explicit concurrent mark sweep GC freed 120(2048B) AllocSpace objects, 0(0B) LOS objects, 26% free, 43MB/59MB, paused 809us total 35.216ms
08-06 03:04:21.238 11170 11183 I art     : Starting a blocking GC Explicit
08-06 03:04:21.274 11170 11183 I art     : Explicit concurrent mark sweep GC freed 23(464B) AllocSpace objects, 0(0B) LOS objects, 26% free, 43MB/59MB, paused 1.048ms total 36.191ms
08-06 03:04:21.352   380   380 W SurfaceFlinger: couldn't log to binary event log: overflow.
08-06 03:04:21.499   512  2967 D audio_hw_primary: disable_audio_route: reset and update mixer path: low-latency-playback speaker
08-06 03:04:21.500   512  2967 D audio_hw_primary: disable_snd_device: snd_device(2: speaker)
08-06 03:04:21.509   512  2967 I soundtrigger: audio_extn_sound_trigger_update_device_status: device 0x2 of type 0 for Event 0
08-06 03:04:21.629 11170 11895 I art     : Starting a blocking GC Explicit
08-06 03:04:21.663 11170 11895 I art     : Explicit concurrent mark sweep GC freed 2677(104KB) AllocSpace objects, 2(40KB) LOS objects, 26% free, 43MB/59MB, paused 925us total 33.588ms
08-06 03:04:21.679 11170 11895 I art     : Starting a blocking GC Explicit
08-06 03:04:21.711 11170 11895 I art     : Explicit concurrent mark sweep GC freed 154(3024B) AllocSpace objects, 0(0B) LOS objects, 26% free, 43MB/59MB, paused 860us total 32.509ms
08-06 03:04:21.728 11170 11895 I art     : Starting a blocking GC Explicit
08-06 03:04:21.763 11170 11895 I art     : Explicit concurrent mark sweep GC freed 2682(133KB) AllocSpace objects, 2(120KB) LOS objects, 26% free, 43MB/59MB, paused 1.137ms total 34.705ms
08-06 03:04:21.779 11170 11895 I art     : Starting a blocking GC Explicit
08-06 03:04:21.783 11170 11940 I NAPPA_EXPERIMENTATION: MetricNetworkRequestExecutionTime: REQUEST_DURATION_SYSTEM='817',REQUEST_DURATION_OKHTTP='32',REQUEST_SYNCHRONOUS='FALSE',RESPONSE_CODE='200',RESPONSE_METHOD='GET',RESPONSE_LENGTH_OKHTTP='55024',RESPONSE_LENGTH_HEADER='55024',REQUEST_PROTOCOL='http/1.1',REQUEST_URL='https://project-travel-mate.herokuapp.com/api/get-city-information/1',
08-06 03:04:21.812 11170 11895 I art     : Explicit concurrent mark sweep GC freed 1226(130KB) AllocSpace objects, 4(352KB) LOS objects, 26% free, 43MB/59MB, paused 879us total 32.794ms
08-06 03:04:21.828 11170 11895 I art     : Starting a blocking GC Explicit
08-06 03:04:21.860 11170 11895 I art     : Explicit concurrent mark sweep GC freed 100(3KB) AllocSpace objects, 0(0B) LOS objects, 26% free, 43MB/59MB, paused 675us total 32.315ms
08-06 03:04:21.898 13866 13866 I GoogleInputMethodServic: GoogleInputMethodService.onFinishInput():3138 
08-06 03:04:21.899 13866 13866 I GoogleInputMethodServic: GoogleInputMethodService.onStartInput():1808 
08-06 03:04:22.218 11170 11181 I art     : Starting a blocking GC Explicit
08-06 03:04:22.262 11170 11181 I art     : Explicit concurrent mark sweep GC freed 4371(1319KB) AllocSpace objects, 19(4MB) LOS objects, 28% free, 39MB/55MB, paused 833us total 43.135ms
08-06 03:04:22.279 11170 11181 I art     : Starting a blocking GC Explicit
08-06 03:04:22.313 11170 11181 I art     : Explicit concurrent mark sweep GC freed 291(6KB) AllocSpace objects, 0(0B) LOS objects, 28% free, 39MB/55MB, paused 694us total 34.179ms
08-06 03:04:22.330 11170 11181 I art     : Starting a blocking GC Explicit
08-06 03:04:22.365 11170 11181 I art     : Explicit concurrent mark sweep GC freed 219(3KB) AllocSpace objects, 0(0B) LOS objects, 28% free, 39MB/55MB, paused 693us total 34.856ms
08-06 03:04:22.381 11170 11181 I art     : Starting a blocking GC Explicit
08-06 03:04:22.416 11170 11181 I art     : Explicit concurrent mark sweep GC freed 219(3KB) AllocSpace objects, 0(0B) LOS objects, 28% free, 39MB/55MB, paused 660us total 34.945ms
08-06 03:04:22.433 11170 11181 I art     : Starting a blocking GC Explicit
08-06 03:04:22.468 11170 11181 I art     : Explicit concurrent mark sweep GC freed 219(3KB) AllocSpace objects, 0(0B) LOS objects, 28% free, 39MB/55MB, paused 715us total 35.507ms
08-06 03:04:22.860 11170 11895 I art     : Starting a blocking GC Explicit
08-06 03:04:22.898 11170 11895 I art     : Explicit concurrent mark sweep GC freed 3342(115KB) AllocSpace objects, 2(40KB) LOS objects, 28% free, 39MB/55MB, paused 712us total 38.156ms
08-06 03:04:22.915 11170 11895 I art     : Starting a blocking GC Explicit
08-06 03:04:22.954 11170 11895 I art     : Explicit concurrent mark sweep GC freed 254(5KB) AllocSpace objects, 0(0B) LOS objects, 28% free, 39MB/55MB, paused 700us total 38.126ms
08-06 03:04:22.971 11170 11895 I art     : Starting a blocking GC Explicit
08-06 03:04:23.010 11170 11895 I art     : Explicit concurrent mark sweep GC freed 290(4KB) AllocSpace objects, 0(0B) LOS objects, 28% free, 39MB/55MB, paused 773us total 39.044ms
08-06 03:04:23.027 11170 11895 I art     : Starting a blocking GC Explicit
08-06 03:04:23.067 11170 11895 I art     : Explicit concurrent mark sweep GC freed 220(3KB) AllocSpace objects, 0(0B) LOS objects, 28% free, 39MB/55MB, paused 719us total 39.070ms
08-06 03:04:23.083 11170 11895 I art     : Starting a blocking GC Explicit
08-06 03:04:23.123 11170 11895 I art     : Explicit concurrent mark sweep GC freed 225(3KB) AllocSpace objects, 0(0B) LOS objects, 28% free, 39MB/55MB, paused 843us total 39.170ms
08-06 03:04:23.513 11170 11183 I art     : Starting a blocking GC Explicit
08-06 03:04:23.554 11170 11183 I art     : Explicit concurrent mark sweep GC freed 3294(113KB) AllocSpace objects, 2(40KB) LOS objects, 28% free, 39MB/55MB, paused 701us total 40.457ms
08-06 03:04:23.571 11170 11183 I art     : Starting a blocking GC Explicit
08-06 03:04:23.611 11170 11183 I art     : Explicit concurrent mark sweep GC freed 309(5KB) AllocSpace objects, 0(0B) LOS objects, 28% free, 39MB/55MB, paused 736us total 39.743ms
08-06 03:04:23.628 11170 11183 I art     : Starting a blocking GC Explicit
08-06 03:04:23.667 11170 11183 I art     : Explicit concurrent mark sweep GC freed 220(3KB) AllocSpace objects, 0(0B) LOS objects, 28% free, 39MB/55MB, paused 735us total 38.402ms
08-06 03:04:23.684 11170 11183 I art     : Starting a blocking GC Explicit
08-06 03:04:23.725 11170 11183 I art     : Explicit concurrent mark sweep GC freed 271(4KB) AllocSpace objects, 0(0B) LOS objects, 28% free, 39MB/55MB, paused 871us total 40.490ms
08-06 03:04:23.742 11170 11183 I art     : Starting a blocking GC Explicit
08-06 03:04:23.780 11170 11183 I art     : Explicit concurrent mark sweep GC freed 239(3KB) AllocSpace objects, 0(0B) LOS objects, 28% free, 39MB/55MB, paused 690us total 37.828ms
08-06 03:04:24.193 11170 11556 I art     : Starting a blocking GC Explicit
08-06 03:04:24.235 11170 11556 I art     : Explicit concurrent mark sweep GC freed 3373(114KB) AllocSpace objects, 2(40KB) LOS objects, 28% free, 39MB/55MB, paused 742us total 40.911ms
08-06 03:04:24.236 11170 11180 I art     : WaitForGcToComplete blocked for 28.349ms for cause HeapTrim
08-06 03:04:24.255 11170 11556 I art     : Starting a blocking GC Explicit
08-06 03:04:24.292 11170 11556 I art     : Explicit concurrent mark sweep GC freed 289(5KB) AllocSpace objects, 0(0B) LOS objects, 28% free, 39MB/55MB, paused 830us total 36.415ms
08-06 03:04:24.308 11170 11556 I art     : Starting a blocking GC Explicit
08-06 03:04:24.347 11170 11556 I art     : Explicit concurrent mark sweep GC freed 240(3KB) AllocSpace objects, 0(0B) LOS objects, 28% free, 39MB/55MB, paused 759us total 38.751ms
08-06 03:04:24.364 11170 11556 I art     : Starting a blocking GC Explicit
08-06 03:04:24.403 11170 11556 I art     : Explicit concurrent mark sweep GC freed 219(3KB) AllocSpace objects, 0(0B) LOS objects, 28% free, 39MB/55MB, paused 707us total 38.720ms
08-06 03:04:24.419 11170 11556 I art     : Starting a blocking GC Explicit
08-06 03:04:24.457 11170 11556 I art     : Explicit concurrent mark sweep GC freed 233(3KB) AllocSpace objects, 0(0B) LOS objects, 28% free, 39MB/55MB, paused 935us total 37.607ms
08-06 03:04:24.649   918   937 W ProcessCpuTracker: Skipping unknown process pid 11993
08-06 03:04:24.842 11170 11230 I art     : Starting a blocking GC Explicit
08-06 03:04:24.884 11170 11230 I art     : Explicit concurrent mark sweep GC freed 3287(113KB) AllocSpace objects, 2(40KB) LOS objects, 28% free, 39MB/55MB, paused 718us total 41.007ms
08-06 03:04:24.900 11170 11230 I art     : Starting a blocking GC Explicit
08-06 03:04:24.940 11170 11230 I art     : Explicit concurrent mark sweep GC freed 238(4KB) AllocSpace objects, 0(0B) LOS objects, 28% free, 39MB/55MB, paused 740us total 38.816ms
08-06 03:04:24.956 11170 11230 I art     : Starting a blocking GC Explicit
08-06 03:04:24.997 11170 11230 I art     : Explicit concurrent mark sweep GC freed 291(4KB) AllocSpace objects, 0(0B) LOS objects, 28% free, 39MB/55MB, paused 833us total 40.713ms
08-06 03:04:25.014 11170 11230 I art     : Starting a blocking GC Explicit
08-06 03:04:25.052 11170 11230 I art     : Explicit concurrent mark sweep GC freed 220(3KB) AllocSpace objects, 0(0B) LOS objects, 28% free, 39MB/55MB, paused 732us total 37.793ms
08-06 03:04:25.069 11170 11230 I art     : Starting a blocking GC Explicit
08-06 03:04:25.110 11170 11230 I art     : Explicit concurrent mark sweep GC freed 290(4KB) AllocSpace objects, 0(0B) LOS objects, 28% free, 39MB/55MB, paused 780us total 40.221ms
08-06 03:04:25.196   918  3188 I hubconnection: sensorhub said: 'set_bias 3: -5.7216, 0.0000, 0.0000'
08-06 03:04:25.471 11170 11181 I art     : Starting a blocking GC Explicit
08-06 03:04:25.511 11170 11181 I art     : Explicit concurrent mark sweep GC freed 3092(110KB) AllocSpace objects, 2(40KB) LOS objects, 28% free, 39MB/55MB, paused 791us total 39.855ms
08-06 03:04:25.531 11170 11181 I art     : Starting a blocking GC Explicit
08-06 03:04:25.567 11170 11181 I art     : Explicit concurrent mark sweep GC freed 303(5KB) AllocSpace objects, 0(0B) LOS objects, 28% free, 39MB/55MB, paused 785us total 35.886ms
08-06 03:04:25.584 11170 11181 I art     : Starting a blocking GC Explicit
08-06 03:04:25.621 11170 11181 I art     : Explicit concurrent mark sweep GC freed 219(3KB) AllocSpace objects, 0(0B) LOS objects, 28% free, 39MB/55MB, paused 736us total 36.955ms
08-06 03:04:25.637 11170 11181 I art     : Starting a blocking GC Explicit
08-06 03:04:25.674 11170 11181 I art     : Explicit concurrent mark sweep GC freed 219(3KB) AllocSpace objects, 0(0B) LOS objects, 28% free, 39MB/55MB, paused 713us total 35.902ms
08-06 03:04:25.690 11170 11181 I art     : Starting a blocking GC Explicit
08-06 03:04:25.727 11170 11181 I art     : Explicit concurrent mark sweep GC freed 241(3KB) AllocSpace objects, 0(0B) LOS objects, 28% free, 39MB/55MB, paused 963us total 36.829ms
08-06 03:04:25.747 12003 12003 D AndroidRuntime: >>>>>> START com.android.internal.os.RuntimeInit uid 2000 <<<<<<
08-06 03:04:25.753 12003 12003 D AndroidRuntime: CheckJNI is OFF
08-06 03:04:25.794 12003 12003 D ICU     : No timezone override file found: /data/misc/zoneinfo/current/icu/icu_tzdata.dat
08-06 03:04:25.838 12003 12003 I Radio-JNI: register_android_hardware_Radio DONE
08-06 03:04:25.868 12003 12003 D AndroidRuntime: Calling main entry com.android.commands.input.Input
08-06 03:04:25.870 12003 12003 I Input   : injectKeyEvent: KeyEvent { action=ACTION_DOWN, keyCode=KEYCODE_BACK, scanCode=0, metaState=0, flags=0x0, repeatCount=0, eventTime=846282283, downTime=846282283, deviceId=-1, source=0x101 }
08-06 03:04:25.878 12003 12003 I Input   : injectKeyEvent: KeyEvent { action=ACTION_UP, keyCode=KEYCODE_BACK, scanCode=0, metaState=0, flags=0x0, repeatCount=0, eventTime=846282283, downTime=846282283, deviceId=-1, source=0x101 }
08-06 03:04:25.885 12003 12003 D AndroidRuntime: Shutting down VM
08-06 03:04:25.925 13866 13866 I GoogleInputMethodServic: GoogleInputMethodService.onFinishInput():3138 
08-06 03:04:25.925 13866 13866 I GoogleInputMethodServic: GoogleInputMethodService.onStartInput():1808 
08-06 03:04:26.084   518   646 I ThermalEngine: ACTION: GPU - Setting GPU[0] to 510000000
08-06 03:04:26.087 11170 11230 I art     : Starting a blocking GC Explicit
08-06 03:04:26.130 11170 11230 I art     : Explicit concurrent mark sweep GC freed 3247(115KB) AllocSpace objects, 2(40KB) LOS objects, 28% free, 39MB/55MB, paused 792us total 42.846ms
08-06 03:04:26.146 11170 11230 I art     : Starting a blocking GC Explicit
08-06 03:04:26.184 11170 11230 I art     : Explicit concurrent mark sweep GC freed 253(5KB) AllocSpace objects, 0(0B) LOS objects, 28% free, 39MB/55MB, paused 586us total 37.498ms
08-06 03:04:26.198 11170 11230 I art     : Starting a blocking GC Explicit
08-06 03:04:26.224   380   380 W SurfaceFlinger: couldn't log to binary event log: overflow.
08-06 03:04:26.229 11170 11230 I art     : Explicit concurrent mark sweep GC freed 222(3KB) AllocSpace objects, 0(0B) LOS objects, 28% free, 39MB/55MB, paused 1.086ms total 30.459ms
08-06 03:04:26.244 11170 11230 I art     : Starting a blocking GC Explicit
08-06 03:04:26.270 11170 11230 I art     : Explicit concurrent mark sweep GC freed 121(2624B) AllocSpace objects, 1(188KB) LOS objects, 28% free, 39MB/55MB, paused 560us total 26.146ms
08-06 03:04:26.282 11170 11230 I art     : Starting a blocking GC Explicit
08-06 03:04:26.308 11170 11230 I art     : Explicit concurrent mark sweep GC freed 4777(340KB) AllocSpace objects, 7(132KB) LOS objects, 29% free, 39MB/55MB, paused 599us total 26.036ms
08-06 03:04:26.642 11170 11181 I art     : Starting a blocking GC Explicit
08-06 03:04:26.673 11170 11181 I art     : Explicit concurrent mark sweep GC freed 2484(100KB) AllocSpace objects, 2(40KB) LOS objects, 29% free, 39MB/55MB, paused 552us total 30.604ms
08-06 03:04:26.690 11170 11181 I art     : Starting a blocking GC Explicit
08-06 03:04:26.717 11170 11181 I art     : Explicit concurrent mark sweep GC freed 166(3KB) AllocSpace objects, 0(0B) LOS objects, 29% free, 39MB/55MB, paused 643us total 26.971ms
08-06 03:04:26.729 11170 11181 I art     : Starting a blocking GC Explicit
08-06 03:04:26.756 11170 11181 I art     : Explicit concurrent mark sweep GC freed 99(1696B) AllocSpace objects, 0(0B) LOS objects, 29% free, 39MB/55MB, paused 512us total 26.533ms
08-06 03:04:26.768 11170 11181 I art     : Starting a blocking GC Explicit
08-06 03:04:26.795 11170 11181 I art     : Explicit concurrent mark sweep GC freed 147(2496B) AllocSpace objects, 0(0B) LOS objects, 29% free, 39MB/55MB, paused 539us total 26.929ms
08-06 03:04:26.808 11170 11181 I art     : Starting a blocking GC Explicit
08-06 03:04:26.835 11170 11181 I art     : Explicit concurrent mark sweep GC freed 98(1664B) AllocSpace objects, 0(0B) LOS objects, 29% free, 39MB/55MB, paused 524us total 27.377ms
08-06 03:04:27.184 11170 11895 I art     : Starting a blocking GC Explicit
08-06 03:04:27.210 11170 11895 I art     : Explicit concurrent mark sweep GC freed 2530(101KB) AllocSpace objects, 2(40KB) LOS objects, 29% free, 39MB/55MB, paused 622us total 26.183ms
08-06 03:04:27.222 11170 11895 I art     : Starting a blocking GC Explicit
08-06 03:04:27.250 11170 11895 I art     : Explicit concurrent mark sweep GC freed 121(2464B) AllocSpace objects, 0(0B) LOS objects, 29% free, 39MB/55MB, paused 498us total 27.023ms
08-06 03:04:27.262 11170 11895 I art     : Starting a blocking GC Explicit
08-06 03:04:27.289 11170 11895 I art     : Explicit concurrent mark sweep GC freed 99(1696B) AllocSpace objects, 0(0B) LOS objects, 29% free, 39MB/55MB, paused 524us total 27.009ms
08-06 03:04:27.301 11170 11895 I art     : Starting a blocking GC Explicit
08-06 03:04:27.328 11170 11895 I art     : Explicit concurrent mark sweep GC freed 147(2496B) AllocSpace objects, 0(0B) LOS objects, 29% free, 39MB/55MB, paused 558us total 26.318ms
08-06 03:04:27.340 11170 11895 I art     : Starting a blocking GC Explicit
08-06 03:04:27.367 11170 11895 I art     : Explicit concurrent mark sweep GC freed 99(1696B) AllocSpace objects, 0(0B) LOS objects, 29% free, 39MB/55MB, paused 624us total 26.746ms
08-06 03:04:27.545 12058 12058 D AndroidRuntime: >>>>>> START com.android.internal.os.RuntimeInit uid 2000 <<<<<<
08-06 03:04:27.550 12058 12058 D AndroidRuntime: CheckJNI is OFF
08-06 03:04:27.581 12058 12058 D ICU     : No timezone override file found: /data/misc/zoneinfo/current/icu/icu_tzdata.dat
08-06 03:04:27.613 12058 12058 I Radio-JNI: register_android_hardware_Radio DONE
08-06 03:04:27.633 12058 12058 D AndroidRuntime: Calling main entry com.android.commands.input.Input
08-06 03:04:27.635 12058 12058 I Input   : injectKeyEvent: KeyEvent { action=ACTION_DOWN, keyCode=KEYCODE_BACK, scanCode=0, metaState=0, flags=0x0, repeatCount=0, eventTime=846284048, downTime=846284048, deviceId=-1, source=0x101 }
08-06 03:04:27.638 12058 12058 I Input   : injectKeyEvent: KeyEvent { action=ACTION_UP, keyCode=KEYCODE_BACK, scanCode=0, metaState=0, flags=0x0, repeatCount=0, eventTime=846284048, downTime=846284048, deviceId=-1, source=0x101 }
08-06 03:04:27.643 12058 12058 D AndroidRuntime: Shutting down VM
08-06 03:04:27.659 11170 11170 V MainActivity: url = https://project-travel-mate.herokuapp.com/api/number-of-unread-notifications
08-06 03:04:27.683 13866 13866 I GoogleInputMethodServic: GoogleInputMethodService.onFinishInput():3138 
08-06 03:04:27.684 13866 13866 I GoogleInputMethodServic: GoogleInputMethodService.onStartInput():1808 
08-06 03:04:27.693 11170 11895 I art     : Starting a blocking GC Explicit
08-06 03:04:27.719 11170 11895 I art     : Explicit concurrent mark sweep GC freed 2915(118KB) AllocSpace objects, 2(40KB) LOS objects, 29% free, 39MB/55MB, paused 761us total 26.206ms
08-06 03:04:27.731 11170 11895 I art     : Starting a blocking GC Explicit
08-06 03:04:27.754 11170 11895 I art     : Explicit concurrent mark sweep GC freed 181(4KB) AllocSpace objects, 0(0B) LOS objects, 29% free, 39MB/55MB, paused 533us total 22.844ms
08-06 03:04:27.765 11170 11895 I art     : Starting a blocking GC Explicit
08-06 03:04:27.789 11170 11895 I art     : Explicit concurrent mark sweep GC freed 168(6KB) AllocSpace objects, 0(0B) LOS objects, 29% free, 39MB/55MB, paused 550us total 24.040ms
08-06 03:04:27.801 11170 11895 I art     : Starting a blocking GC Explicit
08-06 03:04:27.826 11170 11895 I art     : Explicit concurrent mark sweep GC freed 105(2064B) AllocSpace objects, 0(0B) LOS objects, 29% free, 39MB/55MB, paused 530us total 24.293ms
08-06 03:04:27.838 11170 11895 I art     : Starting a blocking GC Explicit
08-06 03:04:27.864 11170 11895 I art     : Explicit concurrent mark sweep GC freed 164(3KB) AllocSpace objects, 0(0B) LOS objects, 29% free, 39MB/55MB, paused 544us total 25.288ms
08-06 03:04:28.180 11170 11556 I art     : Starting a blocking GC Explicit
08-06 03:04:28.211 11170 11556 I art     : Explicit concurrent mark sweep GC freed 2108(94KB) AllocSpace objects, 2(40KB) LOS objects, 29% free, 39MB/55MB, paused 836us total 30.805ms
08-06 03:04:28.226 11170 11556 I art     : Starting a blocking GC Explicit
08-06 03:04:28.254 11170 11556 I art     : Explicit concurrent mark sweep GC freed 227(9KB) AllocSpace objects, 0(0B) LOS objects, 29% free, 39MB/55MB, paused 627us total 28.378ms
08-06 03:04:28.266 11170 11556 I art     : Starting a blocking GC Explicit
08-06 03:04:28.295 11170 11556 I art     : Explicit concurrent mark sweep GC freed 75(1296B) AllocSpace objects, 0(0B) LOS objects, 29% free, 39MB/55MB, paused 650us total 28.371ms
08-06 03:04:28.307 11170 11556 I art     : Starting a blocking GC Explicit
08-06 03:04:28.336 11170 11556 I art     : Explicit concurrent mark sweep GC freed 52(928B) AllocSpace objects, 0(0B) LOS objects, 29% free, 39MB/55MB, paused 601us total 28.464ms
08-06 03:04:28.349 11170 11556 I art     : Starting a blocking GC Explicit
08-06 03:04:28.378 11170 11556 I art     : Explicit concurrent mark sweep GC freed 665(53KB) AllocSpace objects, 2(120KB) LOS objects, 28% free, 39MB/55MB, paused 787us total 29.281ms
08-06 03:04:28.440 11170 12081 I NAPPA_EXPERIMENTATION: MetricNetworkRequestExecutionTime: REQUEST_DURATION_SYSTEM='780',REQUEST_DURATION_OKHTTP='34',REQUEST_SYNCHRONOUS='FALSE',RESPONSE_CODE='200',RESPONSE_METHOD='GET',RESPONSE_LENGTH_OKHTTP='36',RESPONSE_LENGTH_HEADER='36',REQUEST_PROTOCOL='http/1.1',REQUEST_URL='https://project-travel-mate.herokuapp.com/api/number-of-unread-notifications',
08-06 03:04:28.723 11170 11181 I art     : Starting a blocking GC Explicit
08-06 03:04:28.756 11170 11181 I art     : Explicit concurrent mark sweep GC freed 4249(194KB) AllocSpace objects, 3(120KB) LOS objects, 28% free, 39MB/55MB, paused 629us total 32.167ms
08-06 03:04:28.771 11170 11181 I art     : Starting a blocking GC Explicit
08-06 03:04:28.799 11170 11181 I art     : Explicit concurrent mark sweep GC freed 964(112KB) AllocSpace objects, 0(0B) LOS objects, 29% free, 39MB/55MB, paused 631us total 27.840ms
08-06 03:04:28.811 11170 11181 I art     : Starting a blocking GC Explicit
08-06 03:04:28.839 11170 11181 I art     : Explicit concurrent mark sweep GC freed 55(1120B) AllocSpace objects, 0(0B) LOS objects, 29% free, 39MB/55MB, paused 566us total 27.823ms
08-06 03:04:28.852 11170 11181 I art     : Starting a blocking GC Explicit
08-06 03:04:28.879 11170 11181 I art     : Explicit concurrent mark sweep GC freed 74(1264B) AllocSpace objects, 0(0B) LOS objects, 29% free, 39MB/55MB, paused 581us total 27.470ms
08-06 03:04:28.892 11170 11181 I art     : Starting a blocking GC Explicit
08-06 03:04:28.917 11170 11181 I art     : Explicit concurrent mark sweep GC freed 52(928B) AllocSpace objects, 0(0B) LOS objects, 29% free, 39MB/55MB, paused 643us total 25.174ms
08-06 03:04:29.091   518   646 I ThermalEngine: ACTION: GPU - Setting GPU[0] to 450000000
08-06 03:04:29.260 11170 11230 I art     : Starting a blocking GC Explicit
08-06 03:04:29.332 11170 11230 I art     : Explicit concurrent mark sweep GC freed 2033(93KB) AllocSpace objects, 2(40KB) LOS objects, 29% free, 39MB/55MB, paused 1.252ms total 72.139ms
08-06 03:04:29.332 11170 11180 I art     : WaitForGcToComplete blocked for 40.527ms for cause HeapTrim
08-06 03:04:29.343 12103 12103 D AndroidRuntime: >>>>>> START com.android.internal.os.RuntimeInit uid 2000 <<<<<<
08-06 03:04:29.349 12103 12103 D AndroidRuntime: CheckJNI is OFF
08-06 03:04:29.352 11170 11230 I art     : Starting a blocking GC Explicit
08-06 03:04:29.385 11170 11230 I art     : Explicit concurrent mark sweep GC freed 102(2240B) AllocSpace objects, 0(0B) LOS objects, 29% free, 39MB/55MB, paused 768us total 33.349ms
08-06 03:04:29.393 12103 12103 D ICU     : No timezone override file found: /data/misc/zoneinfo/current/icu/icu_tzdata.dat
08-06 03:04:29.402 11170 11230 I art     : Starting a blocking GC Explicit
08-06 03:04:29.433 12103 12103 I Radio-JNI: register_android_hardware_Radio DONE
08-06 03:04:29.435 11170 11230 I art     : Explicit concurrent mark sweep GC freed 81(1488B) AllocSpace objects, 0(0B) LOS objects, 29% free, 39MB/55MB, paused 784us total 32.275ms
08-06 03:04:29.451 11170 11230 I art     : Starting a blocking GC Explicit
08-06 03:04:29.463 12103 12103 D AndroidRuntime: Calling main entry com.android.commands.input.Input
08-06 03:04:29.465 12103 12103 I Input   : injectMotionEvent: MotionEvent { action=ACTION_DOWN, actionButton=0, id[0]=0, x[0]=346.0, y[0]=709.0, toolType[0]=TOOL_TYPE_UNKNOWN, buttonState=0, metaState=0, flags=0x0, edgeFlags=0x0, pointerCount=1, historySize=0, eventTime=846285877, downTime=846285877, deviceId=0, source=0x1002 }
08-06 03:04:29.470 12103 12103 I Input   : injectMotionEvent: MotionEvent { action=ACTION_UP, actionButton=0, id[0]=0, x[0]=346.0, y[0]=709.0, toolType[0]=TOOL_TYPE_UNKNOWN, buttonState=0, metaState=0, flags=0x0, edgeFlags=0x0, pointerCount=1, historySize=0, eventTime=846285877, downTime=846285877, deviceId=0, source=0x1002 }
08-06 03:04:29.482   918  3961 I ActivityManager: START u0 {cmp=baseline.io.github.project_travel_mate/.destinations.description.FinalCityInfoActivity (has extras)} from uid 10696 on display 0
08-06 03:04:29.485 11170 11230 I art     : Explicit concurrent mark sweep GC freed 1135(173KB) AllocSpace objects, 0(0B) LOS objects, 29% free, 39MB/55MB, paused 1.012ms total 33.687ms
08-06 03:04:29.489 12103 12103 D AndroidRuntime: Shutting down VM
08-06 03:04:29.500 11170 11230 I art     : Starting a blocking GC Explicit
08-06 03:04:29.514 11170 11250 D Gabe    : call	returning from cache
08-06 03:04:29.535 11170 11230 I art     : Explicit concurrent mark sweep GC freed 2275(103KB) AllocSpace objects, 0(0B) LOS objects, 28% free, 39MB/55MB, paused 1.225ms total 34.284ms
08-06 03:04:29.549 11170 11170 V EXECUTING: https://project-travel-mate.herokuapp.com/api/get-city-weather/1
08-06 03:04:29.716 13866 13866 I GoogleInputMethodServic: GoogleInputMethodService.onFinishInput():3138 
08-06 03:04:29.716 13866 13866 I GoogleInputMethodServic: GoogleInputMethodService.onStartInput():1808 
08-06 03:04:29.717   918   936 I ActivityManager: Displayed baseline.io.github.project_travel_mate/.destinations.description.FinalCityInfoActivity: +225ms
08-06 03:04:29.886 11170 11181 I art     : Starting a blocking GC Explicit
08-06 03:04:29.929 11170 11181 I art     : Explicit concurrent mark sweep GC freed 4933(266KB) AllocSpace objects, 2(40KB) LOS objects, 26% free, 43MB/59MB, paused 988us total 42.297ms
08-06 03:04:29.945   380   380 W SurfaceFlinger: couldn't log to binary event log: overflow.
08-06 03:04:29.949 11170 11181 I art     : Starting a blocking GC Explicit
08-06 03:04:29.985 11170 11181 I art     : Explicit concurrent mark sweep GC freed 361(12KB) AllocSpace objects, 0(0B) LOS objects, 26% free, 43MB/59MB, paused 806us total 35.489ms
08-06 03:04:30.001 11170 11181 I art     : Starting a blocking GC Explicit
08-06 03:04:30.037 11170 11181 I art     : Explicit concurrent mark sweep GC freed 147(2496B) AllocSpace objects, 0(0B) LOS objects, 26% free, 43MB/59MB, paused 815us total 35.057ms
08-06 03:04:30.053 11170 11181 I art     : Starting a blocking GC Explicit
08-06 03:04:30.090 11170 11181 I art     : Explicit concurrent mark sweep GC freed 185(3KB) AllocSpace objects, 0(0B) LOS objects, 26% free, 43MB/59MB, paused 958us total 36.451ms
08-06 03:04:30.106 11170 11181 I art     : Starting a blocking GC Explicit
08-06 03:04:30.143 11170 11181 I art     : Explicit concurrent mark sweep GC freed 21(384B) AllocSpace objects, 0(0B) LOS objects, 26% free, 43MB/59MB, paused 1.184ms total 36.640ms
08-06 03:04:30.398 11170 12127 I NAPPA_EXPERIMENTATION: MetricNetworkRequestExecutionTime: REQUEST_DURATION_SYSTEM='849',REQUEST_DURATION_OKHTTP='50',REQUEST_SYNCHRONOUS='FALSE',RESPONSE_CODE='200',RESPONSE_METHOD='GET',RESPONSE_LENGTH_OKHTTP='238',RESPONSE_LENGTH_HEADER='238',REQUEST_PROTOCOL='http/1.1',REQUEST_URL='https://project-travel-mate.herokuapp.com/api/get-city-weather/1',
08-06 03:04:30.407 11170 12128 I NAPPA_EXPERIMENTATION: MetricNetworkRequestExecutionTime: REQUEST_DURATION_SYSTEM='856',REQUEST_DURATION_OKHTTP='59',REQUEST_SYNCHRONOUS='FALSE',RESPONSE_CODE='200',RESPONSE_METHOD='GET',RESPONSE_LENGTH_OKHTTP='530',RESPONSE_LENGTH_HEADER='530',REQUEST_PROTOCOL='http/1.1',REQUEST_URL='https://project-travel-mate.herokuapp.com/api/get-city/1',
08-06 03:04:30.440 11170 12128 V Response: {"id":1,"city_name":"Delhi","description":"Delhi, officially the National Capital Territory of Delhi, is the Capital territory of India. During the British Raj, Delhi was part of the province of Punjab and is still historically and culturally connected to the Punjab region.","latitude":"28.613900","longitude":"77.209000","facts_count":6,"images":["https://upload.wikimedia.org/wikipedia/commons/9/94/%E0%B4%96%E0%B5%81%E0%B4%A4%E0%B5%8D%E0%B4%AC%E0%B5%8D_%E0%B4%AE%E0%B4%BF%E0%B4%A8%E0%B4%BE%E0%B5%BC1.jpg"],"has_visited":false}
08-06 03:04:30.494 11170 11556 I art     : Starting a blocking GC Explicit
08-06 03:04:30.532 11170 11556 I art     : Explicit concurrent mark sweep GC freed 7069(341KB) AllocSpace objects, 5(240KB) LOS objects, 26% free, 44MB/60MB, paused 1.132ms total 37.914ms
08-06 03:04:30.549 11170 11556 I art     : Starting a blocking GC Explicit
08-06 03:04:30.584 11170 11556 I art     : Explicit concurrent mark sweep GC freed 2746(212KB) AllocSpace objects, 0(0B) LOS objects, 26% free, 44MB/60MB, paused 769us total 34.901ms
08-06 03:04:30.600 11170 11556 I art     : Starting a blocking GC Explicit
08-06 03:04:30.638 11170 11556 I art     : Explicit concurrent mark sweep GC freed 181(3KB) AllocSpace objects, 1(4MB) LOS objects, 28% free, 40MB/56MB, paused 853us total 37.699ms
08-06 03:04:30.654 11170 11556 I art     : Starting a blocking GC Explicit
08-06 03:04:30.693 11170 11556 I art     : Explicit concurrent mark sweep GC freed 147(2496B) AllocSpace objects, 0(0B) LOS objects, 28% free, 40MB/56MB, paused 819us total 38.769ms
08-06 03:04:30.710 11170 11556 I art     : Starting a blocking GC Explicit
08-06 03:04:30.749 11170 11556 I art     : Explicit concurrent mark sweep GC freed 194(3KB) AllocSpace objects, 0(0B) LOS objects, 28% free, 40MB/56MB, paused 921us total 39.324ms
08-06 03:04:31.109 11170 11895 I art     : Starting a blocking GC Explicit
08-06 03:04:31.152 11170 11895 I art     : Explicit concurrent mark sweep GC freed 2605(102KB) AllocSpace objects, 2(40KB) LOS objects, 28% free, 40MB/56MB, paused 863us total 42.342ms
08-06 03:04:31.169 11170 11895 I art     : Starting a blocking GC Explicit
08-06 03:04:31.210 11170 11895 I art     : Explicit concurrent mark sweep GC freed 176(3KB) AllocSpace objects, 0(0B) LOS objects, 28% free, 40MB/56MB, paused 827us total 41.297ms
08-06 03:04:31.227 11170 11895 I art     : Starting a blocking GC Explicit
08-06 03:04:31.271 11170 11895 I art     : Explicit concurrent mark sweep GC freed 195(3KB) AllocSpace objects, 0(0B) LOS objects, 28% free, 40MB/56MB, paused 857us total 43.400ms
08-06 03:04:31.291 11170 11895 I art     : Starting a blocking GC Explicit
08-06 03:04:31.332 11170 11895 I art     : Explicit concurrent mark sweep GC freed 172(2912B) AllocSpace objects, 0(0B) LOS objects, 28% free, 40MB/56MB, paused 988us total 40.202ms
08-06 03:04:31.348 11170 11895 I art     : Starting a blocking GC Explicit
08-06 03:04:31.390 11170 11895 I art     : Explicit concurrent mark sweep GC freed 170(2880B) AllocSpace objects, 0(0B) LOS objects, 28% free, 40MB/56MB, paused 855us total 40.873ms
08-06 03:04:31.796 11170 11181 I art     : Starting a blocking GC Explicit
08-06 03:04:31.839 11170 11181 I art     : Explicit concurrent mark sweep GC freed 2736(104KB) AllocSpace objects, 2(40KB) LOS objects, 28% free, 40MB/56MB, paused 905us total 43.143ms
08-06 03:04:31.856 11170 11181 I art     : Starting a blocking GC Explicit
08-06 03:04:31.898 11170 11181 I art     : Explicit concurrent mark sweep GC freed 176(3KB) AllocSpace objects, 0(0B) LOS objects, 28% free, 40MB/56MB, paused 941us total 41.451ms
08-06 03:04:31.915 11170 11181 I art     : Starting a blocking GC Explicit
08-06 03:04:31.957 11170 11181 I art     : Explicit concurrent mark sweep GC freed 195(3KB) AllocSpace objects, 0(0B) LOS objects, 28% free, 40MB/56MB, paused 956us total 41.988ms
08-06 03:04:31.975 11170 11181 I art     : Starting a blocking GC Explicit
08-06 03:04:32.018 11170 11181 I art     : Explicit concurrent mark sweep GC freed 194(3KB) AllocSpace objects, 0(0B) LOS objects, 28% free, 40MB/56MB, paused 1.052ms total 42.735ms
08-06 03:04:32.037 11170 11181 I art     : Starting a blocking GC Explicit
08-06 03:04:32.078 11170 11181 I art     : Explicit concurrent mark sweep GC freed 148(2528B) AllocSpace objects, 0(0B) LOS objects, 28% free, 40MB/56MB, paused 892us total 40.992ms
08-06 03:04:32.465 11170 11230 I art     : Starting a blocking GC Explicit
08-06 03:04:32.508 11170 11230 I art     : Explicit concurrent mark sweep GC freed 2676(103KB) AllocSpace objects, 2(40KB) LOS objects, 28% free, 40MB/56MB, paused 862us total 42.697ms
08-06 03:04:32.526 11170 11230 I art     : Starting a blocking GC Explicit
08-06 03:04:32.568 11170 11230 I art     : Explicit concurrent mark sweep GC freed 213(3KB) AllocSpace objects, 0(0B) LOS objects, 28% free, 40MB/56MB, paused 1.127ms total 41.144ms
08-06 03:04:32.585 11170 11230 I art     : Starting a blocking GC Explicit
08-06 03:04:32.610   918  3188 I hubconnection: sensorhub said: 'set_bias 3: -5.1936, 0.0000, 0.0000'
08-06 03:04:32.625 11170 11230 I art     : Explicit concurrent mark sweep GC freed 148(2528B) AllocSpace objects, 0(0B) LOS objects, 28% free, 40MB/56MB, paused 846us total 40.333ms
08-06 03:04:32.642 11170 11230 I art     : Starting a blocking GC Explicit
08-06 03:04:32.683 11170 11230 I art     : Explicit concurrent mark sweep GC freed 173(2928B) AllocSpace objects, 0(0B) LOS objects, 28% free, 40MB/56MB, paused 1.087ms total 40.858ms
08-06 03:04:32.700 11170 11230 I art     : Starting a blocking GC Explicit
08-06 03:04:32.744 11170 11230 I art     : Explicit concurrent mark sweep GC freed 170(2896B) AllocSpace objects, 0(0B) LOS objects, 28% free, 40MB/56MB, paused 860us total 43.196ms
08-06 03:04:33.166 11170 11556 I art     : Starting a blocking GC Explicit
08-06 03:04:33.211 11170 11556 I art     : Explicit concurrent mark sweep GC freed 2771(105KB) AllocSpace objects, 2(40KB) LOS objects, 28% free, 40MB/56MB, paused 842us total 44.637ms
08-06 03:04:33.230 11170 11556 I art     : Starting a blocking GC Explicit
08-06 03:04:33.271 11170 11556 I art     : Explicit concurrent mark sweep GC freed 215(3KB) AllocSpace objects, 0(0B) LOS objects, 28% free, 40MB/56MB, paused 826us total 40.639ms
08-06 03:04:33.288 11170 11556 I art     : Starting a blocking GC Explicit
08-06 03:04:33.329 11170 11556 I art     : Explicit concurrent mark sweep GC freed 147(2496B) AllocSpace objects, 0(0B) LOS objects, 28% free, 40MB/56MB, paused 871us total 40.748ms
08-06 03:04:33.346 11170 11556 I art     : Starting a blocking GC Explicit
08-06 03:04:33.388 11170 11556 I art     : Explicit concurrent mark sweep GC freed 195(3KB) AllocSpace objects, 0(0B) LOS objects, 28% free, 40MB/56MB, paused 794us total 41.593ms
08-06 03:04:33.405 11170 11556 I art     : Starting a blocking GC Explicit
08-06 03:04:33.445 11170 11556 I art     : Explicit concurrent mark sweep GC freed 147(2496B) AllocSpace objects, 0(0B) LOS objects, 28% free, 40MB/56MB, paused 831us total 39.774ms
08-06 03:04:33.844 11170 11183 I art     : Starting a blocking GC Explicit
08-06 03:04:33.887 11170 11183 I art     : Explicit concurrent mark sweep GC freed 2698(103KB) AllocSpace objects, 2(40KB) LOS objects, 28% free, 40MB/56MB, paused 945us total 41.992ms
08-06 03:04:33.904 11170 11183 I art     : Starting a blocking GC Explicit
08-06 03:04:33.946 11170 11183 I art     : Explicit concurrent mark sweep GC freed 191(3KB) AllocSpace objects, 0(0B) LOS objects, 28% free, 40MB/56MB, paused 907us total 41.636ms
08-06 03:04:33.963 11170 11183 I art     : Starting a blocking GC Explicit
08-06 03:04:34.003 11170 11183 I art     : Explicit concurrent mark sweep GC freed 151(2592B) AllocSpace objects, 0(0B) LOS objects, 28% free, 40MB/56MB, paused 911us total 39.928ms
08-06 03:04:34.021 11170 11183 I art     : Starting a blocking GC Explicit
08-06 03:04:34.061 11170 11183 I art     : Explicit concurrent mark sweep GC freed 210(3KB) AllocSpace objects, 0(0B) LOS objects, 28% free, 40MB/56MB, paused 894us total 39.802ms
08-06 03:04:34.078 11170 11183 I art     : Starting a blocking GC Explicit
08-06 03:04:34.119 11170 11183 I art     : Explicit concurrent mark sweep GC freed 170(3KB) AllocSpace objects, 0(0B) LOS objects, 28% free, 40MB/56MB, paused 859us total 41.194ms
08-06 03:04:34.274 12201 12201 D AndroidRuntime: >>>>>> START com.android.internal.os.RuntimeInit uid 2000 <<<<<<
08-06 03:04:34.280 12201 12201 D AndroidRuntime: CheckJNI is OFF
08-06 03:04:34.322 12201 12201 D ICU     : No timezone override file found: /data/misc/zoneinfo/current/icu/icu_tzdata.dat
08-06 03:04:34.364 12201 12201 I Radio-JNI: register_android_hardware_Radio DONE
08-06 03:04:34.392 12201 12201 D AndroidRuntime: Calling main entry com.android.commands.input.Input
08-06 03:04:34.394 12201 12201 I Input   : injectMotionEvent: MotionEvent { action=ACTION_DOWN, actionButton=0, id[0]=0, x[0]=693.0, y[0]=1450.0, toolType[0]=TOOL_TYPE_UNKNOWN, buttonState=0, metaState=0, flags=0x0, edgeFlags=0x0, pointerCount=1, historySize=0, eventTime=846290806, downTime=846290806, deviceId=0, source=0x1002 }
08-06 03:04:34.400 12201 12201 I Input   : injectMotionEvent: MotionEvent { action=ACTION_UP, actionButton=0, id[0]=0, x[0]=693.0, y[0]=1450.0, toolType[0]=TOOL_TYPE_UNKNOWN, buttonState=0, metaState=0, flags=0x0, edgeFlags=0x0, pointerCount=1, historySize=0, eventTime=846290806, downTime=846290806, deviceId=0, source=0x1002 }
08-06 03:04:34.403 12201 12201 D AndroidRuntime: Shutting down VM
08-06 03:04:34.403   918   928 I ActivityManager: START u0 {cmp=baseline.io.github.project_travel_mate/.destinations.description.CityHistoryActivity} from uid 10696 on display 0
08-06 03:04:34.405   512  2967 D audio_hw_primary: out_set_parameters: enter: usecase(1: low-latency-playback) kvpairs: routing=2
08-06 03:04:34.418   512  2967 D audio_hw_primary: select_devices: out_snd_device(2: speaker) in_snd_device(0: none)
08-06 03:04:34.418   512  2967 D msm8974_platform: platform_send_audio_calibration: sending audio calibration for snd_device(2) acdb_id(15)
08-06 03:04:34.418   512  2967 I soundtrigger: audio_extn_sound_trigger_update_device_status: device 0x2 of type 0 for Event 1
08-06 03:04:34.429   512  2967 D audio_hw_primary: enable_snd_device: snd_device(2: speaker)
08-06 03:04:34.431   512  2967 D audio_hw_primary: enable_audio_route: apply and update mixer path: low-latency-playback speaker
08-06 03:04:34.433 11170 11250 D Gabe    : call	returning from cache
08-06 03:04:34.436 11170 11170 V EXECUTING: https://project-travel-mate.herokuapp.com/api/get-city-information/1
08-06 03:04:34.533 11170 11230 I art     : Starting a blocking GC Explicit
08-06 03:04:34.573 11170 11230 I art     : Explicit concurrent mark sweep GC freed 3425(160KB) AllocSpace objects, 2(40KB) LOS objects, 26% free, 44MB/60MB, paused 930us total 39.507ms
08-06 03:04:34.590 11170 11230 I art     : Starting a blocking GC Explicit
08-06 03:04:34.594 13866 13866 I GoogleInputMethodServic: GoogleInputMethodService.onFinishInput():3138 
08-06 03:04:34.594   918   936 I ActivityManager: Displayed baseline.io.github.project_travel_mate/.destinations.description.CityHistoryActivity: +182ms
08-06 03:04:34.595 13866 13866 I GoogleInputMethodServic: GoogleInputMethodService.onStartInput():1808 
08-06 03:04:34.628 11170 11230 I art     : Explicit concurrent mark sweep GC freed 346(12KB) AllocSpace objects, 0(0B) LOS objects, 26% free, 44MB/60MB, paused 1.246ms total 37.430ms
08-06 03:04:34.629   918  3261 D WifiStateMachine: starting scan for "H369AA63323"WPA_PSK with 2412,5180
08-06 03:04:34.645 11170 11230 I art     : Starting a blocking GC Explicit
08-06 03:04:34.684 11170 11230 I art     : Explicit concurrent mark sweep GC freed 96(1696B) AllocSpace objects, 0(0B) LOS objects, 26% free, 44MB/60MB, paused 935us total 38.897ms
08-06 03:04:34.703 11170 11230 I art     : Starting a blocking GC Explicit
08-06 03:04:34.743 11170 11230 I art     : Explicit concurrent mark sweep GC freed 58(1024B) AllocSpace objects, 0(0B) LOS objects, 26% free, 44MB/60MB, paused 1.088ms total 39.684ms
08-06 03:04:34.762 11170 11230 I art     : Starting a blocking GC Explicit
08-06 03:04:34.797 11170 11230 I art     : Explicit concurrent mark sweep GC freed 233(4KB) AllocSpace objects, 0(0B) LOS objects, 26% free, 44MB/60MB, paused 882us total 34.940ms
08-06 03:04:34.851   380   380 W SurfaceFlinger: couldn't log to binary event log: overflow.
08-06 03:04:34.968   512  2967 D audio_hw_primary: disable_audio_route: reset and update mixer path: low-latency-playback speaker
08-06 03:04:34.970   512  2967 D audio_hw_primary: disable_snd_device: snd_device(2: speaker)
08-06 03:04:34.979   512  2967 I soundtrigger: audio_extn_sound_trigger_update_device_status: device 0x2 of type 0 for Event 0
08-06 03:04:35.159 11170 11556 I art     : Starting a blocking GC Explicit
08-06 03:04:35.197 11170 11556 I art     : Explicit concurrent mark sweep GC freed 2600(103KB) AllocSpace objects, 2(40KB) LOS objects, 26% free, 44MB/60MB, paused 1.098ms total 37.588ms
08-06 03:04:35.213 11170 11556 I art     : Starting a blocking GC Explicit
08-06 03:04:35.252 11170 11556 I art     : Explicit concurrent mark sweep GC freed 1171(74KB) AllocSpace objects, 2(120KB) LOS objects, 26% free, 44MB/60MB, paused 1.508ms total 39.113ms
08-06 03:04:35.270 11170 11556 I art     : Starting a blocking GC Explicit
08-06 03:04:35.292 11170 12226 I NAPPA_EXPERIMENTATION: MetricNetworkRequestExecutionTime: REQUEST_DURATION_SYSTEM='855',REQUEST_DURATION_OKHTTP='26',REQUEST_SYNCHRONOUS='FALSE',RESPONSE_CODE='200',RESPONSE_METHOD='GET',RESPONSE_LENGTH_OKHTTP='55024',RESPONSE_LENGTH_HEADER='55024',REQUEST_PROTOCOL='http/1.1',REQUEST_URL='https://project-travel-mate.herokuapp.com/api/get-city-information/1',
08-06 03:04:35.308 11170 11556 I art     : Explicit concurrent mark sweep GC freed 2525(166KB) AllocSpace objects, 1(80KB) LOS objects, 26% free, 44MB/60MB, paused 1.224ms total 38.283ms
08-06 03:04:35.325 11170 11556 I art     : Starting a blocking GC Explicit
08-06 03:04:35.362 11170 11556 I art     : Explicit concurrent mark sweep GC freed 452(29KB) AllocSpace objects, 3(272KB) LOS objects, 26% free, 44MB/60MB, paused 1.158ms total 37.569ms
08-06 03:04:35.379 11170 11556 I art     : Starting a blocking GC Explicit
08-06 03:04:35.417 11170 11556 I art     : Explicit concurrent mark sweep GC freed 29(512B) AllocSpace objects, 0(0B) LOS objects, 26% free, 44MB/60MB, paused 1.184ms total 37.533ms
08-06 03:04:35.460 13866 13866 I GoogleInputMethodServic: GoogleInputMethodService.onFinishInput():3138 
08-06 03:04:35.460 13866 13866 I GoogleInputMethodServic: GoogleInputMethodService.onStartInput():1808 
08-06 03:04:35.583  6516  6516 I ServiceManager: Waiting for service AtCmdFwd...
08-06 03:04:35.782 11170 11230 I art     : Starting a blocking GC Explicit
08-06 03:04:35.831 11170 11230 I art     : Explicit concurrent mark sweep GC freed 4381(1319KB) AllocSpace objects, 19(4MB) LOS objects, 28% free, 40MB/56MB, paused 890us total 48.768ms
08-06 03:04:35.850 11170 11230 I art     : Starting a blocking GC Explicit
08-06 03:04:35.891 11170 11230 I art     : Explicit concurrent mark sweep GC freed 350(7KB) AllocSpace objects, 0(0B) LOS objects, 28% free, 40MB/56MB, paused 876us total 39.890ms
08-06 03:04:35.907 11170 11230 I art     : Starting a blocking GC Explicit
08-06 03:04:35.948 11170 11230 I art     : Explicit concurrent mark sweep GC freed 220(3KB) AllocSpace objects, 0(0B) LOS objects, 28% free, 40MB/56MB, paused 948us total 40.041ms
08-06 03:04:35.964 11170 11230 I art     : Starting a blocking GC Explicit
08-06 03:04:36.006 11170 11230 I art     : Explicit concurrent mark sweep GC freed 270(4KB) AllocSpace objects, 0(0B) LOS objects, 28% free, 40MB/56MB, paused 1.067ms total 40.971ms
08-06 03:04:36.023 11170 11230 I art     : Starting a blocking GC Explicit
08-06 03:04:36.066 11170 11230 I art     : Explicit concurrent mark sweep GC freed 241(4KB) AllocSpace objects, 0(0B) LOS objects, 28% free, 40MB/56MB, paused 850us total 43.318ms
08-06 03:04:36.475 11170 11230 I art     : Starting a blocking GC Explicit
08-06 03:04:36.522 11170 11230 I art     : Explicit concurrent mark sweep GC freed 3404(115KB) AllocSpace objects, 2(40KB) LOS objects, 28% free, 40MB/56MB, paused 1ms total 46.468ms
08-06 03:04:36.542 11170 11230 I art     : Starting a blocking GC Explicit
08-06 03:04:36.584  6516  6516 I ServiceManager: Waiting for service AtCmdFwd...
08-06 03:04:36.587 11170 11230 I art     : Explicit concurrent mark sweep GC freed 315(5KB) AllocSpace objects, 0(0B) LOS objects, 28% free, 40MB/56MB, paused 872us total 44.592ms
08-06 03:04:36.603 11170 11230 I art     : Starting a blocking GC Explicit
08-06 03:04:36.649 11170 11230 I art     : Explicit concurrent mark sweep GC freed 290(4KB) AllocSpace objects, 0(0B) LOS objects, 28% free, 40MB/56MB, paused 955us total 45.057ms
08-06 03:04:36.666 11170 11230 I art     : Starting a blocking GC Explicit
08-06 03:04:36.711 11170 11230 I art     : Explicit concurrent mark sweep GC freed 277(4KB) AllocSpace objects, 0(0B) LOS objects, 28% free, 40MB/56MB, paused 1.129ms total 44.444ms
08-06 03:04:36.729 11170 11230 I art     : Starting a blocking GC Explicit
08-06 03:04:36.771 11170 11230 I art     : Explicit concurrent mark sweep GC freed 245(4KB) AllocSpace objects, 0(0B) LOS objects, 28% free, 40MB/56MB, paused 959us total 42.340ms
08-06 03:04:37.183 11170 11895 I art     : Starting a blocking GC Explicit
08-06 03:04:37.229 11170 11895 I art     : Explicit concurrent mark sweep GC freed 3447(116KB) AllocSpace objects, 2(40KB) LOS objects, 28% free, 40MB/56MB, paused 951us total 44.772ms
08-06 03:04:37.246 11170 11895 I art     : Starting a blocking GC Explicit
08-06 03:04:37.290 11170 11895 I art     : Explicit concurrent mark sweep GC freed 275(5KB) AllocSpace objects, 0(0B) LOS objects, 28% free, 40MB/56MB, paused 1.035ms total 44.130ms
08-06 03:04:37.308 11170 11895 I art     : Starting a blocking GC Explicit
08-06 03:04:37.351 11170 11895 I art     : Explicit concurrent mark sweep GC freed 264(4KB) AllocSpace objects, 0(0B) LOS objects, 28% free, 40MB/56MB, paused 894us total 42.330ms
08-06 03:04:37.368 11170 11895 I art     : Starting a blocking GC Explicit
08-06 03:04:37.413 11170 11895 I art     : Explicit concurrent mark sweep GC freed 290(4KB) AllocSpace objects, 0(0B) LOS objects, 28% free, 40MB/56MB, paused 863us total 44.722ms
08-06 03:04:37.430 11170 11895 I art     : Starting a blocking GC Explicit
08-06 03:04:37.474 11170 11895 I art     : Explicit concurrent mark sweep GC freed 246(4KB) AllocSpace objects, 0(0B) LOS objects, 28% free, 40MB/56MB, paused 1.179ms total 43.712ms
08-06 03:04:37.584  6516  6516 I ServiceManager: Waiting for service AtCmdFwd...
08-06 03:04:37.872 11170 11556 I art     : Starting a blocking GC Explicit
08-06 03:04:37.918 11170 11556 I art     : Explicit concurrent mark sweep GC freed 3358(115KB) AllocSpace objects, 2(40KB) LOS objects, 28% free, 40MB/56MB, paused 986us total 46.138ms
08-06 03:04:37.938 11170 11556 I art     : Starting a blocking GC Explicit
08-06 03:04:37.981 11170 11556 I art     : Explicit concurrent mark sweep GC freed 320(5KB) AllocSpace objects, 0(0B) LOS objects, 28% free, 40MB/56MB, paused 867us total 42.323ms
08-06 03:04:37.998 11170 11556 I art     : Starting a blocking GC Explicit
08-06 03:04:38.040 11170 11556 I art     : Explicit concurrent mark sweep GC freed 235(3KB) AllocSpace objects, 0(0B) LOS objects, 28% free, 40MB/56MB, paused 968us total 41.584ms
08-06 03:04:38.057 11170 11556 I art     : Starting a blocking GC Explicit
08-06 03:04:38.101 11170 11556 I art     : Explicit concurrent mark sweep GC freed 275(4KB) AllocSpace objects, 0(0B) LOS objects, 28% free, 40MB/56MB, paused 903us total 44.218ms
08-06 03:04:38.119 11170 11556 I art     : Starting a blocking GC Explicit
08-06 03:04:38.162 11170 11556 I art     : Explicit concurrent mark sweep GC freed 275(4KB) AllocSpace objects, 0(0B) LOS objects, 28% free, 40MB/56MB, paused 914us total 43.019ms
08-06 03:04:38.558 11170 11181 I art     : Starting a blocking GC Explicit
08-06 03:04:38.585  6516  6516 I ServiceManager: Waiting for service AtCmdFwd...
08-06 03:04:38.606 11170 11181 I art     : Explicit concurrent mark sweep GC freed 3317(113KB) AllocSpace objects, 2(40KB) LOS objects, 28% free, 40MB/56MB, paused 874us total 47.153ms
08-06 03:04:38.626 11170 11181 I art     : Starting a blocking GC Explicit
08-06 03:04:38.668 11170 11181 I art     : Explicit concurrent mark sweep GC freed 309(5KB) AllocSpace objects, 0(0B) LOS objects, 28% free, 40MB/56MB, paused 873us total 41.740ms
08-06 03:04:38.685 11170 11181 I art     : Starting a blocking GC Explicit
08-06 03:04:38.724 11170 11181 I art     : Explicit concurrent mark sweep GC freed 271(4KB) AllocSpace objects, 0(0B) LOS objects, 28% free, 40MB/56MB, paused 998us total 39.451ms
08-06 03:04:38.741 11170 11181 I art     : Starting a blocking GC Explicit
08-06 03:04:38.781 11170 11181 I art     : Explicit concurrent mark sweep GC freed 240(3KB) AllocSpace objects, 0(0B) LOS objects, 28% free, 40MB/56MB, paused 881us total 39.521ms
08-06 03:04:38.798 11170 11181 I art     : Starting a blocking GC Explicit
08-06 03:04:38.841 11170 11181 I art     : Explicit concurrent mark sweep GC freed 231(3KB) AllocSpace objects, 0(0B) LOS objects, 28% free, 40MB/56MB, paused 1.029ms total 42.695ms
08-06 03:04:39.107   518   646 I ThermalEngine: ACTION: GPU - Setting GPU[0] to 510000000
08-06 03:04:39.181 12288 12288 D AndroidRuntime: >>>>>> START com.android.internal.os.RuntimeInit uid 2000 <<<<<<
08-06 03:04:39.186 12288 12288 D AndroidRuntime: CheckJNI is OFF
08-06 03:04:39.208 11170 11183 I art     : Starting a blocking GC Explicit
08-06 03:04:39.220 12288 12288 D ICU     : No timezone override file found: /data/misc/zoneinfo/current/icu/icu_tzdata.dat
08-06 03:04:39.242 11170 11183 I art     : Explicit concurrent mark sweep GC freed 3153(111KB) AllocSpace objects, 2(40KB) LOS objects, 28% free, 40MB/56MB, paused 1.322ms total 34.004ms
08-06 03:04:39.255 11170 11183 I art     : Starting a blocking GC Explicit
08-06 03:04:39.255 12288 12288 I Radio-JNI: register_android_hardware_Radio DONE
08-06 03:04:39.278 12288 12288 D AndroidRuntime: Calling main entry com.android.commands.input.Input
08-06 03:04:39.280 12288 12288 I Input   : injectKeyEvent: KeyEvent { action=ACTION_DOWN, keyCode=KEYCODE_BACK, scanCode=0, metaState=0, flags=0x0, repeatCount=0, eventTime=846295692, downTime=846295692, deviceId=-1, source=0x101 }
08-06 03:04:39.285 12288 12288 I Input   : injectKeyEvent: KeyEvent { action=ACTION_UP, keyCode=KEYCODE_BACK, scanCode=0, metaState=0, flags=0x0, repeatCount=0, eventTime=846295692, downTime=846295692, deviceId=-1, source=0x101 }
08-06 03:04:39.289 11170 11183 I art     : Explicit concurrent mark sweep GC freed 229(4KB) AllocSpace objects, 0(0B) LOS objects, 28% free, 40MB/56MB, paused 1.116ms total 33.231ms
08-06 03:04:39.295 12288 12288 D AndroidRuntime: Shutting down VM
08-06 03:04:39.301 11170 11183 I art     : Starting a blocking GC Explicit
08-06 03:04:39.338 11170 11183 I art     : Explicit concurrent mark sweep GC freed 198(4KB) AllocSpace objects, 0(0B) LOS objects, 28% free, 40MB/56MB, paused 6.374ms total 36.677ms
08-06 03:04:39.340 13866 13866 I GoogleInputMethodServic: GoogleInputMethodService.onFinishInput():3138 
08-06 03:04:39.341 13866 13866 I GoogleInputMethodServic: GoogleInputMethodService.onStartInput():1808 
08-06 03:04:39.352 11170 11183 I art     : Starting a blocking GC Explicit
08-06 03:04:39.385 11170 11183 I art     : Explicit concurrent mark sweep GC freed 272(5KB) AllocSpace objects, 0(0B) LOS objects, 28% free, 40MB/56MB, paused 840us total 32.462ms
08-06 03:04:39.398 11170 11183 I art     : Starting a blocking GC Explicit
08-06 03:04:39.426 11170 11183 I art     : Explicit concurrent mark sweep GC freed 224(3KB) AllocSpace objects, 0(0B) LOS objects, 28% free, 40MB/56MB, paused 563us total 27.271ms
08-06 03:04:39.585  6516  6516 I ServiceManager: Waiting for service AtCmdFwd...
08-06 03:04:39.638   380   380 W SurfaceFlinger: couldn't log to binary event log: overflow.
08-06 03:04:39.748 11170 11183 I art     : Starting a blocking GC Explicit
08-06 03:04:39.784 11170 11183 I art     : Explicit concurrent mark sweep GC freed 2774(105KB) AllocSpace objects, 4(404KB) LOS objects, 28% free, 40MB/56MB, paused 687us total 35.798ms
08-06 03:04:39.798 11170 11183 I art     : Starting a blocking GC Explicit
08-06 03:04:39.831 11170 11183 I art     : Explicit concurrent mark sweep GC freed 4866(342KB) AllocSpace objects, 7(132KB) LOS objects, 28% free, 39MB/55MB, paused 674us total 32.893ms
08-06 03:04:39.844 11170 11183 I art     : Starting a blocking GC Explicit
08-06 03:04:39.876 11170 11183 I art     : Explicit concurrent mark sweep GC freed 146(2464B) AllocSpace objects, 0(0B) LOS objects, 28% free, 39MB/55MB, paused 661us total 32.044ms
08-06 03:04:39.889 11170 11183 I art     : Starting a blocking GC Explicit
08-06 03:04:39.922 11170 11183 I art     : Explicit concurrent mark sweep GC freed 99(1696B) AllocSpace objects, 0(0B) LOS objects, 28% free, 39MB/55MB, paused 738us total 32.946ms
08-06 03:04:39.936 11170 11183 I art     : Starting a blocking GC Explicit
08-06 03:04:39.968 11170 11183 I art     : Explicit concurrent mark sweep GC freed 148(2528B) AllocSpace objects, 0(0B) LOS objects, 28% free, 39MB/55MB, paused 661us total 32.285ms
08-06 03:04:40.310 11170 11230 I art     : Starting a blocking GC Explicit
08-06 03:04:40.345 11170 11230 I art     : Explicit concurrent mark sweep GC freed 2556(102KB) AllocSpace objects, 2(40KB) LOS objects, 28% free, 39MB/55MB, paused 664us total 34.605ms
08-06 03:04:40.360 11170 11230 I art     : Starting a blocking GC Explicit
08-06 03:04:40.392 11170 11230 I art     : Explicit concurrent mark sweep GC freed 171(3KB) AllocSpace objects, 0(0B) LOS objects, 28% free, 39MB/55MB, paused 780us total 31.533ms
08-06 03:04:40.405 11170 11230 I art     : Starting a blocking GC Explicit
08-06 03:04:40.436 11170 11230 I art     : Explicit concurrent mark sweep GC freed 104(1808B) AllocSpace objects, 0(0B) LOS objects, 28% free, 39MB/55MB, paused 660us total 31.692ms
08-06 03:04:40.449 11170 11230 I art     : Starting a blocking GC Explicit
08-06 03:04:40.482 11170 11230 I art     : Explicit concurrent mark sweep GC freed 147(2496B) AllocSpace objects, 0(0B) LOS objects, 28% free, 39MB/55MB, paused 634us total 32.202ms
08-06 03:04:40.495 11170 11230 I art     : Starting a blocking GC Explicit
08-06 03:04:40.527 11170 11230 I art     : Explicit concurrent mark sweep GC freed 147(2496B) AllocSpace objects, 0(0B) LOS objects, 28% free, 39MB/55MB, paused 624us total 31.278ms
08-06 03:04:40.585  6516  6516 W Atfwd_Sendcmd: AtCmdFwd service not published, waiting... retryCnt : 4
08-06 03:04:40.852 11170 11181 I art     : Starting a blocking GC Explicit
08-06 03:04:40.886 11170 11181 I art     : Explicit concurrent mark sweep GC freed 2448(100KB) AllocSpace objects, 2(40KB) LOS objects, 28% free, 39MB/55MB, paused 682us total 33.536ms
08-06 03:04:40.903 11170 11181 I art     : Starting a blocking GC Explicit
08-06 03:04:40.933 11170 11181 I art     : Explicit concurrent mark sweep GC freed 176(3KB) AllocSpace objects, 0(0B) LOS objects, 28% free, 39MB/55MB, paused 665us total 29.822ms
08-06 03:04:40.944 12332 12332 D AndroidRuntime: >>>>>> START com.android.internal.os.RuntimeInit uid 2000 <<<<<<
08-06 03:04:40.946 11170 11181 I art     : Starting a blocking GC Explicit
08-06 03:04:40.949 12332 12332 D AndroidRuntime: CheckJNI is OFF
08-06 03:04:40.976 11170 11181 I art     : Explicit concurrent mark sweep GC freed 110(1872B) AllocSpace objects, 0(0B) LOS objects, 28% free, 39MB/55MB, paused 796us total 29.881ms
08-06 03:04:40.983 12332 12332 D ICU     : No timezone override file found: /data/misc/zoneinfo/current/icu/icu_tzdata.dat
08-06 03:04:40.988 11170 11181 I art     : Starting a blocking GC Explicit
08-06 03:04:41.016 12332 12332 I Radio-JNI: register_android_hardware_Radio DONE
08-06 03:04:41.019 11170 11181 I art     : Explicit concurrent mark sweep GC freed 136(2320B) AllocSpace objects, 0(0B) LOS objects, 28% free, 39MB/55MB, paused 711us total 30.283ms
08-06 03:04:41.031 11170 11181 I art     : Starting a blocking GC Explicit
08-06 03:04:41.039 12332 12332 D AndroidRuntime: Calling main entry com.android.commands.input.Input
08-06 03:04:41.041 12332 12332 I Input   : injectKeyEvent: KeyEvent { action=ACTION_DOWN, keyCode=KEYCODE_BACK, scanCode=0, metaState=0, flags=0x0, repeatCount=0, eventTime=846297453, downTime=846297453, deviceId=-1, source=0x101 }
08-06 03:04:41.046 12332 12332 I Input   : injectKeyEvent: KeyEvent { action=ACTION_UP, keyCode=KEYCODE_BACK, scanCode=0, metaState=0, flags=0x0, repeatCount=0, eventTime=846297453, downTime=846297453, deviceId=-1, source=0x101 }
08-06 03:04:41.051 12332 12332 D AndroidRuntime: Shutting down VM
08-06 03:04:41.060 11170 11181 I art     : Explicit concurrent mark sweep GC freed 252(6KB) AllocSpace objects, 0(0B) LOS objects, 28% free, 39MB/55MB, paused 810us total 28.286ms
08-06 03:04:41.060 11170 11170 V MainActivity: url = https://project-travel-mate.herokuapp.com/api/number-of-unread-notifications
08-06 03:04:41.090 13866 13866 I GoogleInputMethodServic: GoogleInputMethodService.onFinishInput():3138 
08-06 03:04:41.090 13866 13866 I GoogleInputMethodServic: GoogleInputMethodService.onStartInput():1808 
08-06 03:04:41.114   518   646 I ThermalEngine: ACTION: GPU - Setting GPU[0] to 450000000
08-06 03:04:41.374   380   380 W SurfaceFlinger: couldn't log to binary event log: overflow.
08-06 03:04:41.417 11170 11556 I art     : Starting a blocking GC Explicit
08-06 03:04:41.459 11170 11556 I art     : Explicit concurrent mark sweep GC freed 2929(121KB) AllocSpace objects, 2(40KB) LOS objects, 28% free, 39MB/55MB, paused 1.132ms total 41.194ms
08-06 03:04:41.475 11170 11556 I art     : Starting a blocking GC Explicit
08-06 03:04:41.517 11170 11556 I art     : Explicit concurrent mark sweep GC freed 319(12KB) AllocSpace objects, 0(0B) LOS objects, 28% free, 39MB/55MB, paused 1.095ms total 41.365ms
08-06 03:04:41.534 11170 11556 I art     : Starting a blocking GC Explicit
08-06 03:04:41.576 11170 11556 I art     : Explicit concurrent mark sweep GC freed 77(1328B) AllocSpace objects, 0(0B) LOS objects, 28% free, 39MB/55MB, paused 1.173ms total 41.667ms
08-06 03:04:41.593 11170 11556 I art     : Starting a blocking GC Explicit
08-06 03:04:41.634 11170 11556 I art     : Explicit concurrent mark sweep GC freed 97(1664B) AllocSpace objects, 0(0B) LOS objects, 28% free, 39MB/55MB, paused 993us total 41.247ms
08-06 03:04:41.651 11170 11556 I art     : Starting a blocking GC Explicit
08-06 03:04:41.692 11170 11556 I art     : Explicit concurrent mark sweep GC freed 75(1296B) AllocSpace objects, 0(0B) LOS objects, 28% free, 39MB/55MB, paused 1.083ms total 41.095ms
08-06 03:04:41.953 11170 12356 I NAPPA_EXPERIMENTATION: MetricNetworkRequestExecutionTime: REQUEST_DURATION_SYSTEM='892',REQUEST_DURATION_OKHTTP='30',REQUEST_SYNCHRONOUS='FALSE',RESPONSE_CODE='200',RESPONSE_METHOD='GET',RESPONSE_LENGTH_OKHTTP='36',RESPONSE_LENGTH_HEADER='36',REQUEST_PROTOCOL='http/1.1',REQUEST_URL='https://project-travel-mate.herokuapp.com/api/number-of-unread-notifications',
08-06 03:04:42.054 11170 11183 I art     : Starting a blocking GC Explicit
08-06 03:04:42.100 11170 11183 I art     : Explicit concurrent mark sweep GC freed 4832(241KB) AllocSpace objects, 5(240KB) LOS objects, 28% free, 40MB/56MB, paused 921us total 44.754ms
08-06 03:04:42.116 11170 11183 I art     : Starting a blocking GC Explicit
08-06 03:04:42.157 11170 11183 I art     : Explicit concurrent mark sweep GC freed 1028(118KB) AllocSpace objects, 0(0B) LOS objects, 28% free, 40MB/56MB, paused 916us total 40.501ms
08-06 03:04:42.174 11170 11183 I art     : Starting a blocking GC Explicit
08-06 03:04:42.215 11170 11183 I art     : Explicit concurrent mark sweep GC freed 99(1696B) AllocSpace objects, 0(0B) LOS objects, 28% free, 40MB/56MB, paused 926us total 40.975ms
08-06 03:04:42.232 11170 11183 I art     : Starting a blocking GC Explicit
08-06 03:04:42.274 11170 11183 I art     : Explicit concurrent mark sweep GC freed 75(1296B) AllocSpace objects, 0(0B) LOS objects, 28% free, 40MB/56MB, paused 925us total 40.936ms
08-06 03:04:42.291 11170 11183 I art     : Starting a blocking GC Explicit
08-06 03:04:42.332 11170 11183 I art     : Explicit concurrent mark sweep GC freed 99(1696B) AllocSpace objects, 0(0B) LOS objects, 28% free, 40MB/56MB, paused 932us total 40.241ms
08-06 03:04:42.704 11170 11895 I art     : Starting a blocking GC Explicit
08-06 03:04:42.746 11170 11895 I art     : Explicit concurrent mark sweep GC freed 2036(93KB) AllocSpace objects, 2(40KB) LOS objects, 28% free, 40MB/56MB, paused 911us total 41.475ms
08-06 03:04:42.762 11170 11895 I art     : Starting a blocking GC Explicit
08-06 03:04:42.800 11170 11895 I art     : Explicit concurrent mark sweep GC freed 101(2208B) AllocSpace objects, 0(0B) LOS objects, 28% free, 40MB/56MB, paused 908us total 37.846ms
08-06 03:04:42.817 11170 11895 I art     : Starting a blocking GC Explicit
08-06 03:04:42.822 12378 12378 D AndroidRuntime: >>>>>> START com.android.internal.os.RuntimeInit uid 2000 <<<<<<
08-06 03:04:42.828 12378 12378 D AndroidRuntime: CheckJNI is OFF
08-06 03:04:42.858 11170 11895 I art     : Explicit concurrent mark sweep GC freed 81(1488B) AllocSpace objects, 0(0B) LOS objects, 28% free, 40MB/56MB, paused 968us total 41.101ms
08-06 03:04:42.873 12378 12378 D ICU     : No timezone override file found: /data/misc/zoneinfo/current/icu/icu_tzdata.dat
08-06 03:04:42.875 11170 11895 I art     : Starting a blocking GC Explicit
08-06 03:04:42.914 11170 11895 I art     : Explicit concurrent mark sweep GC freed 105(1888B) AllocSpace objects, 0(0B) LOS objects, 28% free, 40MB/56MB, paused 1.006ms total 39.159ms
08-06 03:04:42.917 12378 12378 I Radio-JNI: register_android_hardware_Radio DONE
08-06 03:04:42.931 11170 11895 I art     : Starting a blocking GC Explicit
08-06 03:04:42.947 12378 12378 D AndroidRuntime: Calling main entry com.android.commands.input.Input
08-06 03:04:42.949 12378 12378 I Input   : injectMotionEvent: MotionEvent { action=ACTION_DOWN, actionButton=0, id[0]=0, x[0]=117.0, y[0]=170.0, toolType[0]=TOOL_TYPE_UNKNOWN, buttonState=0, metaState=0, flags=0x0, edgeFlags=0x0, pointerCount=1, historySize=0, eventTime=846299361, downTime=846299361, deviceId=0, source=0x1002 }
08-06 03:04:42.954 12378 12378 I Input   : injectMotionEvent: MotionEvent { action=ACTION_UP, actionButton=0, id[0]=0, x[0]=117.0, y[0]=170.0, toolType[0]=TOOL_TYPE_UNKNOWN, buttonState=0, metaState=0, flags=0x0, edgeFlags=0x0, pointerCount=1, historySize=0, eventTime=846299361, downTime=846299361, deviceId=0, source=0x1002 }
08-06 03:04:42.956 12378 12378 D AndroidRuntime: Shutting down VM
08-06 03:04:42.965   512  2967 D audio_hw_primary: out_set_parameters: enter: usecase(1: low-latency-playback) kvpairs: routing=2
08-06 03:04:42.970 11170 11895 I art     : Explicit concurrent mark sweep GC freed 101(2128B) AllocSpace objects, 0(0B) LOS objects, 28% free, 40MB/56MB, paused 1.029ms total 38.697ms
08-06 03:04:42.978   512  2967 D audio_hw_primary: select_devices: out_snd_device(2: speaker) in_snd_device(0: none)
08-06 03:04:42.978   512  2967 D msm8974_platform: platform_send_audio_calibration: sending audio calibration for snd_device(2) acdb_id(15)
08-06 03:04:42.978   512  2967 I soundtrigger: audio_extn_sound_trigger_update_device_status: device 0x2 of type 0 for Event 1
08-06 03:04:42.988   512  2967 D audio_hw_primary: enable_snd_device: snd_device(2: speaker)
08-06 03:04:42.990   512  2967 D audio_hw_primary: enable_audio_route: apply and update mixer path: low-latency-playback speaker
08-06 03:04:43.333 11170 11895 I art     : Starting a blocking GC Explicit
08-06 03:04:43.374 11170 11895 I art     : Explicit concurrent mark sweep GC freed 2366(114KB) AllocSpace objects, 2(40KB) LOS objects, 28% free, 40MB/56MB, paused 998us total 40.468ms
08-06 03:04:43.391 11170 11895 I art     : Starting a blocking GC Explicit
08-06 03:04:43.428 11170 11895 I art     : Explicit concurrent mark sweep GC freed 149(4KB) AllocSpace objects, 0(0B) LOS objects, 28% free, 40MB/56MB, paused 1.161ms total 36.741ms
08-06 03:04:43.444 11170 11895 I art     : Starting a blocking GC Explicit
08-06 03:04:43.483 11170 11895 I art     : Explicit concurrent mark sweep GC freed 95(1648B) AllocSpace objects, 0(0B) LOS objects, 28% free, 40MB/56MB, paused 905us total 38.923ms
08-06 03:04:43.499 11170 11895 I art     : Starting a blocking GC Explicit
08-06 03:04:43.529   512  2967 D audio_hw_primary: disable_audio_route: reset and update mixer path: low-latency-playback speaker
08-06 03:04:43.529   512  2967 D audio_hw_primary: disable_snd_device: snd_device(2: speaker)
08-06 03:04:43.538 11170 11895 I art     : Explicit concurrent mark sweep GC freed 76(1328B) AllocSpace objects, 0(0B) LOS objects, 28% free, 40MB/56MB, paused 945us total 38.097ms
08-06 03:04:43.538   512  2967 I soundtrigger: audio_extn_sound_trigger_update_device_status: device 0x2 of type 0 for Event 0
08-06 03:04:43.554 11170 11895 I art     : Starting a blocking GC Explicit
08-06 03:04:43.593 11170 11895 I art     : Explicit concurrent mark sweep GC freed 75(1296B) AllocSpace objects, 0(0B) LOS objects, 28% free, 40MB/56MB, paused 889us total 38.350ms
08-06 03:04:43.719 12411 12411 D AndroidRuntime: >>>>>> START com.android.internal.os.RuntimeInit uid 2000 <<<<<<
08-06 03:04:43.725 12411 12411 D AndroidRuntime: CheckJNI is OFF
08-06 03:04:43.766 12411 12411 D ICU     : No timezone override file found: /data/misc/zoneinfo/current/icu/icu_tzdata.dat
08-06 03:04:43.808 12411 12411 I Radio-JNI: register_android_hardware_Radio DONE
08-06 03:04:43.837 12411 12411 D AndroidRuntime: Calling main entry com.android.commands.input.Input
08-06 03:04:43.839 12411 12411 I Input   : injectMotionEvent: MotionEvent { action=ACTION_DOWN, actionButton=0, id[0]=0, x[0]=355.0, y[0]=1674.0, toolType[0]=TOOL_TYPE_UNKNOWN, buttonState=0, metaState=0, flags=0x0, edgeFlags=0x0, pointerCount=1, historySize=0, eventTime=846300251, downTime=846300251, deviceId=0, source=0x1002 }
08-06 03:04:43.842 12411 12411 I Input   : injectMotionEvent: MotionEvent { action=ACTION_UP, actionButton=0, id[0]=0, x[0]=355.0, y[0]=1674.0, toolType[0]=TOOL_TYPE_UNKNOWN, buttonState=0, metaState=0, flags=0x0, edgeFlags=0x0, pointerCount=1, historySize=0, eventTime=846300251, downTime=846300251, deviceId=0, source=0x1002 }
08-06 03:04:43.845 12411 12411 D AndroidRuntime: Shutting down VM
08-06 03:04:43.865   512  2967 D audio_hw_primary: out_set_parameters: enter: usecase(1: low-latency-playback) kvpairs: routing=2
08-06 03:04:43.878   512  2967 D audio_hw_primary: select_devices: out_snd_device(2: speaker) in_snd_device(0: none)
08-06 03:04:43.878   512  2967 D msm8974_platform: platform_send_audio_calibration: sending audio calibration for snd_device(2) acdb_id(15)
08-06 03:04:43.879   512  2967 I soundtrigger: audio_extn_sound_trigger_update_device_status: device 0x2 of type 0 for Event 1
08-06 03:04:43.889   512  2967 D audio_hw_primary: enable_snd_device: snd_device(2: speaker)
08-06 03:04:43.891   512  2967 D audio_hw_primary: enable_audio_route: apply and update mixer path: low-latency-playback speaker
08-06 03:04:43.931   512  2967 D AudioFlinger: mixer(0xf4740000) throttle end: throttle time(12)
08-06 03:04:43.968 11170 11556 I art     : Starting a blocking GC Explicit
08-06 03:04:44.009 11170 11556 I art     : Explicit concurrent mark sweep GC freed 2296(114KB) AllocSpace objects, 2(40KB) LOS objects, 23% free, 51MB/67MB, paused 1.123ms total 41.218ms
08-06 03:04:44.026 11170 11556 I art     : Starting a blocking GC Explicit
08-06 03:04:44.065 11170 11556 I art     : Explicit concurrent mark sweep GC freed 1402(142KB) AllocSpace objects, 0(0B) LOS objects, 17% free, 74MB/90MB, paused 1.009ms total 38.745ms
08-06 03:04:44.082 11170 11556 I art     : Starting a blocking GC Explicit
08-06 03:04:44.120 11170 11556 I art     : Explicit concurrent mark sweep GC freed 5(192B) AllocSpace objects, 0(0B) LOS objects, 17% free, 74MB/90MB, paused 1.009ms total 37.585ms
08-06 03:04:44.137 11170 11556 I art     : Starting a blocking GC Explicit
08-06 03:04:44.175 11170 11556 I art     : Explicit concurrent mark sweep GC freed 3(96B) AllocSpace objects, 0(0B) LOS objects, 17% free, 74MB/90MB, paused 1.006ms total 37.949ms
08-06 03:04:44.192 11170 11556 I art     : Starting a blocking GC Explicit
08-06 03:04:44.230 11170 11556 I art     : Explicit concurrent mark sweep GC freed 3(96B) AllocSpace objects, 0(0B) LOS objects, 17% free, 74MB/90MB, paused 1.022ms total 38.472ms
08-06 03:04:44.419   512  2967 D audio_hw_primary: disable_audio_route: reset and update mixer path: low-latency-playback speaker
08-06 03:04:44.420   512  2967 D audio_hw_primary: disable_snd_device: snd_device(2: speaker)
08-06 03:04:44.427   512  2967 I soundtrigger: audio_extn_sound_trigger_update_device_status: device 0x2 of type 0 for Event 0
08-06 03:04:44.586 11170 11183 I art     : Starting a blocking GC Explicit
08-06 03:04:44.626 11170 11183 I art     : Explicit concurrent mark sweep GC freed 21(1744B) AllocSpace objects, 0(0B) LOS objects, 12% free, 115MB/131MB, paused 1.028ms total 39.626ms
08-06 03:04:44.643 11170 11183 I art     : Starting a blocking GC Explicit
08-06 03:04:44.682 11170 11183 I art     : Explicit concurrent mark sweep GC freed 4(128B) AllocSpace objects, 0(0B) LOS objects, 10% free, 134MB/150MB, paused 966us total 38.692ms
08-06 03:04:44.698 11170 11183 I art     : Starting a blocking GC Explicit
08-06 03:04:44.734 11170 11183 I art     : Explicit concurrent mark sweep GC freed 6(240B) AllocSpace objects, 0(0B) LOS objects, 10% free, 134MB/150MB, paused 950us total 35.481ms
08-06 03:04:44.751 11170 11183 I art     : Starting a blocking GC Explicit
08-06 03:04:44.787 11170 11183 I art     : Explicit concurrent mark sweep GC freed 5(192B) AllocSpace objects, 0(0B) LOS objects, 10% free, 134MB/150MB, paused 989us total 35.782ms
08-06 03:04:44.803 11170 11183 I art     : Starting a blocking GC Explicit
08-06 03:04:44.829 11170 11170 I Choreographer: Skipped 57 frames!  The application may be doing too much work on its main thread.
08-06 03:04:44.829 11170 11170 V MainActivity: url = https://project-travel-mate.herokuapp.com/api/number-of-unread-notifications
08-06 03:04:44.842 11170 11183 I art     : Explicit concurrent mark sweep GC freed 258(11KB) AllocSpace objects, 0(0B) LOS objects, 10% free, 134MB/150MB, paused 1.535ms total 39.424ms
08-06 03:04:45.212 11170 11556 I art     : Starting a blocking GC Explicit
08-06 03:04:45.269 11170 11556 I art     : Explicit concurrent mark sweep GC freed 2982(140KB) AllocSpace objects, 11(288KB) LOS objects, 10% free, 134MB/150MB, paused 1.180ms total 56.845ms
08-06 03:04:45.289 11170 11556 I art     : Starting a blocking GC Explicit
08-06 03:04:45.330 11170 11556 I art     : Explicit concurrent mark sweep GC freed 891(51KB) AllocSpace objects, 0(0B) LOS objects, 10% free, 134MB/150MB, paused 1.045ms total 40.488ms
08-06 03:04:45.347 11170 11556 I art     : Starting a blocking GC Explicit
08-06 03:04:45.389 11170 11556 I art     : Explicit concurrent mark sweep GC freed 3(96B) AllocSpace objects, 0(0B) LOS objects, 10% free, 134MB/150MB, paused 1.053ms total 41.869ms
08-06 03:04:45.406 11170 11556 I art     : Starting a blocking GC Explicit
08-06 03:04:45.447 11170 11556 I art     : Explicit concurrent mark sweep GC freed 3(96B) AllocSpace objects, 0(0B) LOS objects, 10% free, 134MB/150MB, paused 1.077ms total 41.073ms
08-06 03:04:45.464 11170 11556 I art     : Starting a blocking GC Explicit
08-06 03:04:45.507 11170 11556 I art     : Explicit concurrent mark sweep GC freed 3(96B) AllocSpace objects, 0(0B) LOS objects, 10% free, 134MB/150MB, paused 1.224ms total 42.907ms
08-06 03:04:45.664 11170 12444 I NAPPA_EXPERIMENTATION: MetricNetworkRequestExecutionTime: REQUEST_DURATION_SYSTEM='834',REQUEST_DURATION_OKHTTP='32',REQUEST_SYNCHRONOUS='FALSE',RESPONSE_CODE='200',RESPONSE_METHOD='GET',RESPONSE_LENGTH_OKHTTP='36',RESPONSE_LENGTH_HEADER='36',REQUEST_PROTOCOL='http/1.1',REQUEST_URL='https://project-travel-mate.herokuapp.com/api/number-of-unread-notifications',
08-06 03:04:45.902 11170 11183 I art     : Starting a blocking GC Explicit
08-06 03:04:45.951 11170 11183 I art     : Explicit concurrent mark sweep GC freed 4228(230KB) AllocSpace objects, 5(236KB) LOS objects, 10% free, 134MB/150MB, paused 1.078ms total 48.457ms
08-06 03:04:45.968 11170 11183 I art     : Starting a blocking GC Explicit
08-06 03:04:46.015 11170 11183 I art     : Explicit concurrent mark sweep GC freed 956(116KB) AllocSpace objects, 0(0B) LOS objects, 10% free, 134MB/150MB, paused 1.103ms total 46.252ms
08-06 03:04:46.036 11170 11183 I art     : Starting a blocking GC Explicit
08-06 03:04:46.081 11170 11183 I art     : Explicit concurrent mark sweep GC freed 15(752B) AllocSpace objects, 0(0B) LOS objects, 10% free, 134MB/150MB, paused 985us total 44.827ms
08-06 03:04:46.098 11170 11183 I art     : Starting a blocking GC Explicit
08-06 03:04:46.139 11170 11183 I art     : Explicit concurrent mark sweep GC freed 23(1152B) AllocSpace objects, 0(0B) LOS objects, 10% free, 134MB/150MB, paused 987us total 40.150ms
08-06 03:04:46.155 11170 11183 I art     : Starting a blocking GC Explicit
08-06 03:04:46.196 11170 11183 I art     : Explicit concurrent mark sweep GC freed 3(96B) AllocSpace objects, 0(0B) LOS objects, 10% free, 134MB/150MB, paused 993us total 40.378ms
08-06 03:04:46.602 11170 11556 I art     : Starting a blocking GC Explicit
08-06 03:04:46.623 12474 12474 D AndroidRuntime: >>>>>> START com.android.internal.os.RuntimeInit uid 2000 <<<<<<
08-06 03:04:46.629 12474 12474 D AndroidRuntime: CheckJNI is OFF
08-06 03:04:46.645 11170 11556 I art     : Explicit concurrent mark sweep GC freed 1450(83KB) AllocSpace objects, 2(36KB) LOS objects, 10% free, 134MB/150MB, paused 998us total 42.392ms
08-06 03:04:46.662 11170 11556 I art     : Starting a blocking GC Explicit
08-06 03:04:46.674 12474 12474 D ICU     : No timezone override file found: /data/misc/zoneinfo/current/icu/icu_tzdata.dat
08-06 03:04:46.702 11170 11556 I art     : Explicit concurrent mark sweep GC freed 27(944B) AllocSpace objects, 0(0B) LOS objects, 10% free, 134MB/150MB, paused 917us total 39.725ms
08-06 03:04:46.718 12474 12474 I Radio-JNI: register_android_hardware_Radio DONE
08-06 03:04:46.718 11170 11556 I art     : Starting a blocking GC Explicit
08-06 03:04:46.747 12474 12474 D AndroidRuntime: Calling main entry com.android.commands.input.Input
08-06 03:04:46.749 12474 12474 I Input   : injectMotionEvent: MotionEvent { action=ACTION_DOWN, actionButton=0, id[0]=0, x[0]=747.0, y[0]=608.0, toolType[0]=TOOL_TYPE_UNKNOWN, buttonState=0, metaState=0, flags=0x0, edgeFlags=0x0, pointerCount=1, historySize=0, eventTime=846303161, downTime=846303161, deviceId=0, source=0x1002 }
08-06 03:04:46.755 12474 12474 I Input   : injectMotionEvent: MotionEvent { action=ACTION_UP, actionButton=0, id[0]=0, x[0]=747.0, y[0]=608.0, toolType[0]=TOOL_TYPE_UNKNOWN, buttonState=0, metaState=0, flags=0x0, edgeFlags=0x0, pointerCount=1, historySize=0, eventTime=846303161, downTime=846303161, deviceId=0, source=0x1002 }
08-06 03:04:46.757 11170 11556 I art     : Explicit concurrent mark sweep GC freed 14(720B) AllocSpace objects, 0(0B) LOS objects, 10% free, 134MB/150MB, paused 865us total 38.045ms
08-06 03:04:46.757 12474 12474 D AndroidRuntime: Shutting down VM
08-06 03:04:46.759   512  2967 D audio_hw_primary: out_set_parameters: enter: usecase(1: low-latency-playback) kvpairs: routing=2
08-06 03:04:46.767   918  3961 I ActivityManager: START u0 {cmp=baseline.io.github.project_travel_mate/.utilities.ChecklistActivity} from uid 10696 on display 0
08-06 03:04:46.772   512  2967 D audio_hw_primary: select_devices: out_snd_device(2: speaker) in_snd_device(0: none)
08-06 03:04:46.773   512  2967 D msm8974_platform: platform_send_audio_calibration: sending audio calibration for snd_device(2) acdb_id(15)
08-06 03:04:46.773   512  2967 I soundtrigger: audio_extn_sound_trigger_update_device_status: device 0x2 of type 0 for Event 1
08-06 03:04:46.774 11170 11556 I art     : Starting a blocking GC Explicit
08-06 03:04:46.785   512  2967 D audio_hw_primary: enable_snd_device: snd_device(2: speaker)
08-06 03:04:46.787   512  2967 D audio_hw_primary: enable_audio_route: apply and update mixer path: low-latency-playback speaker
08-06 03:04:46.815 11170 11556 I art     : Explicit concurrent mark sweep GC freed 401(43KB) AllocSpace objects, 0(0B) LOS objects, 10% free, 134MB/150MB, paused 1.502ms total 40.610ms
08-06 03:04:46.831 11170 11556 I art     : Starting a blocking GC Explicit
08-06 03:04:46.874 11170 11556 I art     : Explicit concurrent mark sweep GC freed 470(63KB) AllocSpace objects, 0(0B) LOS objects, 10% free, 135MB/151MB, paused 2.118ms total 42.052ms
08-06 03:04:46.966 13866 13866 I GoogleInputMethodServic: GoogleInputMethodService.onFinishInput():3138 
08-06 03:04:46.966   918   936 I ActivityManager: Displayed baseline.io.github.project_travel_mate/.utilities.ChecklistActivity: +189ms
08-06 03:04:46.967 13866 13866 I GoogleInputMethodServic: GoogleInputMethodService.onStartInput():1808 
08-06 03:04:47.214   380   380 W SurfaceFlinger: couldn't log to binary event log: overflow.
08-06 03:04:47.236 11170 11556 I art     : Starting a blocking GC Explicit
08-06 03:04:47.274 11170 11556 I art     : Explicit concurrent mark sweep GC freed 2522(190KB) AllocSpace objects, 2(36KB) LOS objects, 10% free, 135MB/151MB, paused 977us total 37.909ms
08-06 03:04:47.290 11170 11556 I art     : Starting a blocking GC Explicit
08-06 03:04:47.318   512  2967 D audio_hw_primary: disable_audio_route: reset and update mixer path: low-latency-playback speaker
08-06 03:04:47.319   512  2967 D audio_hw_primary: disable_snd_device: snd_device(2: speaker)
08-06 03:04:47.327   512  2967 I soundtrigger: audio_extn_sound_trigger_update_device_status: device 0x2 of type 0 for Event 0
08-06 03:04:47.328 11170 11556 I art     : Explicit concurrent mark sweep GC freed 187(6KB) AllocSpace objects, 0(0B) LOS objects, 10% free, 135MB/151MB, paused 1.021ms total 37.660ms
08-06 03:04:47.345 11170 11556 I art     : Starting a blocking GC Explicit
08-06 03:04:47.384 11170 11556 I art     : Explicit concurrent mark sweep GC freed 53(2384B) AllocSpace objects, 0(0B) LOS objects, 10% free, 135MB/151MB, paused 1.053ms total 38.424ms
08-06 03:04:47.401 11170 11556 I art     : Starting a blocking GC Explicit
08-06 03:04:47.443 11170 11556 I art     : Explicit concurrent mark sweep GC freed 11(352B) AllocSpace objects, 0(0B) LOS objects, 10% free, 135MB/151MB, paused 1.051ms total 42.181ms
08-06 03:04:47.460 11170 11556 I art     : Starting a blocking GC Explicit
08-06 03:04:47.502 11170 11556 I art     : Explicit concurrent mark sweep GC freed 3(96B) AllocSpace objects, 0(0B) LOS objects, 10% free, 135MB/151MB, paused 1.070ms total 42.368ms
08-06 03:04:47.913 11170 11895 I art     : Starting a blocking GC Explicit
08-06 03:04:47.973 11170 11895 I art     : Explicit concurrent mark sweep GC freed 1619(93KB) AllocSpace objects, 2(36KB) LOS objects, 10% free, 135MB/151MB, paused 1.220ms total 58.763ms
08-06 03:04:47.992 11170 11895 I art     : Starting a blocking GC Explicit
08-06 03:04:48.036 11170 11895 I art     : Explicit concurrent mark sweep GC freed 28(1024B) AllocSpace objects, 0(0B) LOS objects, 10% free, 135MB/151MB, paused 1.158ms total 43.448ms
08-06 03:04:48.053 11170 11895 I art     : Starting a blocking GC Explicit
08-06 03:04:48.098 11170 11895 I art     : Explicit concurrent mark sweep GC freed 3(96B) AllocSpace objects, 0(0B) LOS objects, 10% free, 135MB/151MB, paused 1.199ms total 44.440ms
08-06 03:04:48.115 11170 11895 I art     : Starting a blocking GC Explicit
08-06 03:04:48.159 11170 11895 I art     : Explicit concurrent mark sweep GC freed 3(96B) AllocSpace objects, 0(0B) LOS objects, 10% free, 135MB/151MB, paused 1.181ms total 43.684ms
08-06 03:04:48.177 11170 11895 I art     : Starting a blocking GC Explicit
08-06 03:04:48.221 11170 11895 I art     : Explicit concurrent mark sweep GC freed 3(96B) AllocSpace objects, 0(0B) LOS objects, 10% free, 135MB/151MB, paused 1.145ms total 44.183ms
08-06 03:04:48.609 11170 11181 I art     : Starting a blocking GC Explicit
08-06 03:04:48.670 11170 11181 I art     : Explicit concurrent mark sweep GC freed 1580(91KB) AllocSpace objects, 2(36KB) LOS objects, 10% free, 135MB/151MB, paused 1.288ms total 59.968ms
08-06 03:04:48.690 11170 11181 I art     : Starting a blocking GC Explicit
08-06 03:04:48.744 11170 11181 I art     : Explicit concurrent mark sweep GC freed 28(1024B) AllocSpace objects, 0(0B) LOS objects, 10% free, 135MB/151MB, paused 1.197ms total 52.989ms
08-06 03:04:48.764 11170 11181 I art     : Starting a blocking GC Explicit
08-06 03:04:48.813 11170 11181 I art     : Explicit concurrent mark sweep GC freed 3(96B) AllocSpace objects, 0(0B) LOS objects, 10% free, 135MB/151MB, paused 1.196ms total 48.762ms
08-06 03:04:48.831 11170 11181 I art     : Starting a blocking GC Explicit
08-06 03:04:48.878 11170 11181 I art     : Explicit concurrent mark sweep GC freed 34(928B) AllocSpace objects, 0(0B) LOS objects, 10% free, 135MB/151MB, paused 1.082ms total 46.778ms
08-06 03:04:48.896 11170 11181 I art     : Starting a blocking GC Explicit
08-06 03:04:48.945 11170 11181 I art     : Explicit concurrent mark sweep GC freed 3(96B) AllocSpace objects, 0(0B) LOS objects, 10% free, 135MB/151MB, paused 1.102ms total 48.210ms
08-06 03:04:49.379 11170 11183 I art     : Starting a blocking GC Explicit
08-06 03:04:49.439 11170 11183 I art     : Explicit concurrent mark sweep GC freed 1594(92KB) AllocSpace objects, 2(36KB) LOS objects, 10% free, 135MB/151MB, paused 1.306ms total 58.900ms
08-06 03:04:49.458 11170 11183 I art     : Starting a blocking GC Explicit
08-06 03:04:49.505 11170 11183 I art     : Explicit concurrent mark sweep GC freed 45(1840B) AllocSpace objects, 0(0B) LOS objects, 10% free, 135MB/151MB, paused 1.123ms total 47.275ms
08-06 03:04:49.523 11170 11183 I art     : Starting a blocking GC Explicit
08-06 03:04:49.572 11170 11183 I art     : Explicit concurrent mark sweep GC freed 3(96B) AllocSpace objects, 0(0B) LOS objects, 10% free, 135MB/151MB, paused 1.109ms total 49.085ms
08-06 03:04:49.590 11170 11183 I art     : Starting a blocking GC Explicit
08-06 03:04:49.639 11170 11183 I art     : Explicit concurrent mark sweep GC freed 3(96B) AllocSpace objects, 0(0B) LOS objects, 10% free, 135MB/151MB, paused 1.126ms total 48.337ms
08-06 03:04:49.659 11170 11183 I art     : Starting a blocking GC Explicit
08-06 03:04:49.708 11170 11183 I art     : Explicit concurrent mark sweep GC freed 3(96B) AllocSpace objects, 0(0B) LOS objects, 10% free, 135MB/151MB, paused 1.092ms total 48.047ms
08-06 03:04:49.738   918   937 W ProcessCpuTracker: Skipping unknown process pid 12539
08-06 03:04:49.739   918   937 W ProcessCpuTracker: Skipping unknown process pid 12541
08-06 03:04:49.739   918   937 W ProcessCpuTracker: Skipping unknown process pid 12542
08-06 03:04:50.096 11170 11230 I art     : Starting a blocking GC Explicit
08-06 03:04:50.157 11170 11230 I art     : Explicit concurrent mark sweep GC freed 1628(94KB) AllocSpace objects, 2(36KB) LOS objects, 10% free, 135MB/151MB, paused 1.201ms total 60.580ms
08-06 03:04:50.177 11170 11230 I art     : Starting a blocking GC Explicit
08-06 03:04:50.224 11170 11230 I art     : Explicit concurrent mark sweep GC freed 38(1568B) AllocSpace objects, 0(0B) LOS objects, 10% free, 135MB/151MB, paused 1.221ms total 47.109ms
08-06 03:04:50.245 11170 11230 I art     : Starting a blocking GC Explicit
08-06 03:04:50.293 11170 11230 I art     : Explicit concurrent mark sweep GC freed 3(96B) AllocSpace objects, 0(0B) LOS objects, 10% free, 135MB/151MB, paused 1.202ms total 48.079ms
08-06 03:04:50.314 11170 11230 I art     : Starting a blocking GC Explicit
08-06 03:04:50.362 11170 11230 I art     : Explicit concurrent mark sweep GC freed 3(96B) AllocSpace objects, 0(0B) LOS objects, 10% free, 135MB/151MB, paused 1.083ms total 47.318ms
08-06 03:04:50.380 11170 11230 I art     : Starting a blocking GC Explicit
08-06 03:04:50.428 11170 11230 I art     : Explicit concurrent mark sweep GC freed 3(96B) AllocSpace objects, 0(0B) LOS objects, 10% free, 135MB/151MB, paused 1.236ms total 48.093ms
08-06 03:04:50.851 11170 11556 I art     : Starting a blocking GC Explicit
08-06 03:04:50.910 11170 11556 I art     : Explicit concurrent mark sweep GC freed 1613(92KB) AllocSpace objects, 2(36KB) LOS objects, 10% free, 135MB/151MB, paused 1.279ms total 57.828ms
08-06 03:04:50.931 11170 11556 I art     : Starting a blocking GC Explicit
08-06 03:04:50.986 11170 11556 I art     : Explicit concurrent mark sweep GC freed 28(1024B) AllocSpace objects, 0(0B) LOS objects, 10% free, 135MB/151MB, paused 1.100ms total 54.518ms
08-06 03:04:51.007 11170 11556 I art     : Starting a blocking GC Explicit
08-06 03:04:51.053 11170 11556 I art     : Explicit concurrent mark sweep GC freed 3(96B) AllocSpace objects, 0(0B) LOS objects, 10% free, 135MB/151MB, paused 1.068ms total 45.109ms
08-06 03:04:51.070 11170 11556 I art     : Starting a blocking GC Explicit
08-06 03:04:51.113 11170 11556 I art     : Explicit concurrent mark sweep GC freed 3(96B) AllocSpace objects, 0(0B) LOS objects, 10% free, 135MB/151MB, paused 1.099ms total 42.664ms
08-06 03:04:51.130 11170 11556 I art     : Starting a blocking GC Explicit
08-06 03:04:51.173 11170 11556 I art     : Explicit concurrent mark sweep GC freed 3(96B) AllocSpace objects, 0(0B) LOS objects, 10% free, 135MB/151MB, paused 1.204ms total 42.454ms
08-06 03:04:51.561 12563 12563 D AndroidRuntime: >>>>>> START com.android.internal.os.RuntimeInit uid 2000 <<<<<<
08-06 03:04:51.567 11170 11895 I art     : Starting a blocking GC Explicit
08-06 03:04:51.568 12563 12563 D AndroidRuntime: CheckJNI is OFF
08-06 03:04:51.613 11170 11895 I art     : Explicit concurrent mark sweep GC freed 1582(91KB) AllocSpace objects, 2(36KB) LOS objects, 10% free, 135MB/151MB, paused 1.215ms total 46.088ms
08-06 03:04:51.615 12563 12563 D ICU     : No timezone override file found: /data/misc/zoneinfo/current/icu/icu_tzdata.dat
08-06 03:04:51.631 11170 11895 I art     : Starting a blocking GC Explicit
08-06 03:04:51.662 12563 12563 I Radio-JNI: register_android_hardware_Radio DONE
08-06 03:04:51.676 11170 11895 I art     : Explicit concurrent mark sweep GC freed 28(1024B) AllocSpace objects, 0(0B) LOS objects, 10% free, 135MB/151MB, paused 1.194ms total 45.151ms
08-06 03:04:51.692 12563 12563 D AndroidRuntime: Calling main entry com.android.commands.input.Input
08-06 03:04:51.693 11170 11895 I art     : Starting a blocking GC Explicit
08-06 03:04:51.694 12563 12563 I Input   : injectKeyEvent: KeyEvent { action=ACTION_DOWN, keyCode=KEYCODE_BACK, scanCode=0, metaState=0, flags=0x0, repeatCount=0, eventTime=846308107, downTime=846308107, deviceId=-1, source=0x101 }
08-06 03:04:51.702 12563 12563 I Input   : injectKeyEvent: KeyEvent { action=ACTION_UP, keyCode=KEYCODE_BACK, scanCode=0, metaState=0, flags=0x0, repeatCount=0, eventTime=846308107, downTime=846308107, deviceId=-1, source=0x101 }
08-06 03:04:51.708 12563 12563 D AndroidRuntime: Shutting down VM
08-06 03:04:51.720 11170 11170 V MainActivity: url = https://project-travel-mate.herokuapp.com/api/number-of-unread-notifications
08-06 03:04:51.735 11170 11895 I art     : Explicit concurrent mark sweep GC freed 294(12KB) AllocSpace objects, 0(0B) LOS objects, 10% free, 135MB/151MB, paused 1.218ms total 41.745ms
08-06 03:04:51.751 13866 13866 I GoogleInputMethodServic: GoogleInputMethodService.onFinishInput():3138 
08-06 03:04:51.752 13866 13866 I GoogleInputMethodServic: GoogleInputMethodService.onStartInput():1808 
08-06 03:04:51.752 11170 11895 I art     : Starting a blocking GC Explicit
08-06 03:04:51.797 11170 11895 I art     : Explicit concurrent mark sweep GC freed 103(3KB) AllocSpace objects, 0(0B) LOS objects, 10% free, 135MB/151MB, paused 1.289ms total 44.774ms
08-06 03:04:51.815 11170 11895 I art     : Starting a blocking GC Explicit
08-06 03:04:51.852 11170 11895 I art     : Explicit concurrent mark sweep GC freed 137(6KB) AllocSpace objects, 0(0B) LOS objects, 10% free, 135MB/151MB, paused 1.086ms total 37.072ms
08-06 03:04:52.069   380   380 W SurfaceFlinger: couldn't log to binary event log: overflow.
08-06 03:04:52.130   518   646 I ThermalEngine: ACTION: GPU - Setting GPU[0] to 510000000
08-06 03:04:52.213 11170 11895 I art     : Starting a blocking GC Explicit
08-06 03:04:52.263 11170 11895 I art     : Explicit concurrent mark sweep GC freed 2037(113KB) AllocSpace objects, 2(36KB) LOS objects, 10% free, 135MB/151MB, paused 996us total 49.500ms
08-06 03:04:52.281 11170 11895 I art     : Starting a blocking GC Explicit
08-06 03:04:52.318 11170 11895 I art     : Explicit concurrent mark sweep GC freed 170(8KB) AllocSpace objects, 0(0B) LOS objects, 10% free, 135MB/151MB, paused 922us total 36.537ms
08-06 03:04:52.331 11170 11895 I art     : Starting a blocking GC Explicit
08-06 03:04:52.368 11170 11895 I art     : Explicit concurrent mark sweep GC freed 3(96B) AllocSpace objects, 0(0B) LOS objects, 10% free, 135MB/151MB, paused 895us total 36.545ms
08-06 03:04:52.382 11170 11895 I art     : Starting a blocking GC Explicit
08-06 03:04:52.418 11170 11895 I art     : Explicit concurrent mark sweep GC freed 3(96B) AllocSpace objects, 0(0B) LOS objects, 10% free, 135MB/151MB, paused 923us total 36.623ms
08-06 03:04:52.432 11170 11895 I art     : Starting a blocking GC Explicit
08-06 03:04:52.469 11170 11895 I art     : Explicit concurrent mark sweep GC freed 2513(129KB) AllocSpace objects, 3(200KB) LOS objects, 10% free, 135MB/151MB, paused 1.162ms total 37.061ms
08-06 03:04:52.501 11170 12586 I NAPPA_EXPERIMENTATION: MetricNetworkRequestExecutionTime: REQUEST_DURATION_SYSTEM='780',REQUEST_DURATION_OKHTTP='31',REQUEST_SYNCHRONOUS='FALSE',RESPONSE_CODE='200',RESPONSE_METHOD='GET',RESPONSE_LENGTH_OKHTTP='36',RESPONSE_LENGTH_HEADER='36',REQUEST_PROTOCOL='http/1.1',REQUEST_URL='https://project-travel-mate.herokuapp.com/api/number-of-unread-notifications',
08-06 03:04:52.811 11170 11183 I art     : Starting a blocking GC Explicit
08-06 03:04:52.827   918  1210 D NetlinkSocketObserver: NeighborEvent{elapsedMs=1829696702, 192.168.2.254, [7C3953A63323], RTM_NEWNEIGH, NUD_PROBE}
08-06 03:04:52.860 11170 11183 I art     : Explicit concurrent mark sweep GC freed 2832(227KB) AllocSpace objects, 2(36KB) LOS objects, 10% free, 135MB/151MB, paused 991us total 48.723ms
08-06 03:04:52.876 11170 11183 I art     : Starting a blocking GC Explicit
08-06 03:04:52.912 11170 11183 I art     : Explicit concurrent mark sweep GC freed 56(2416B) AllocSpace objects, 0(0B) LOS objects, 10% free, 135MB/151MB, paused 882us total 36.342ms
08-06 03:04:52.926 11170 11183 I art     : Starting a blocking GC Explicit
08-06 03:04:52.960 11170 11183 I art     : Explicit concurrent mark sweep GC freed 3(96B) AllocSpace objects, 0(0B) LOS objects, 10% free, 135MB/151MB, paused 823us total 33.922ms
08-06 03:04:52.973 11170 11183 I art     : Starting a blocking GC Explicit
08-06 03:04:53.007 11170 11183 I art     : Explicit concurrent mark sweep GC freed 3(96B) AllocSpace objects, 0(0B) LOS objects, 10% free, 135MB/151MB, paused 936us total 33.880ms
08-06 03:04:53.020 11170 11183 I art     : Starting a blocking GC Explicit
08-06 03:04:53.054 11170 11183 I art     : Explicit concurrent mark sweep GC freed 3(96B) AllocSpace objects, 0(0B) LOS objects, 10% free, 135MB/151MB, paused 923us total 33.674ms
08-06 03:04:53.361 12608 12608 D AndroidRuntime: >>>>>> START com.android.internal.os.RuntimeInit uid 2000 <<<<<<
08-06 03:04:53.370 12608 12608 D AndroidRuntime: CheckJNI is OFF
08-06 03:04:53.407 12608 12608 D ICU     : No timezone override file found: /data/misc/zoneinfo/current/icu/icu_tzdata.dat
08-06 03:04:53.416 11170 11895 I art     : Starting a blocking GC Explicit
08-06 03:04:53.440 12608 12608 I Radio-JNI: register_android_hardware_Radio DONE
08-06 03:04:53.451 11170 11895 I art     : Explicit concurrent mark sweep GC freed 1595(92KB) AllocSpace objects, 2(36KB) LOS objects, 10% free, 135MB/151MB, paused 1.200ms total 34.198ms
08-06 03:04:53.462 12608 12608 D AndroidRuntime: Calling main entry com.android.commands.input.Input
08-06 03:04:53.464 12608 12608 I Input   : injectMotionEvent: MotionEvent { action=ACTION_DOWN, actionButton=0, id[0]=0, x[0]=657.0, y[0]=2037.0, toolType[0]=TOOL_TYPE_UNKNOWN, buttonState=0, metaState=0, flags=0x0, edgeFlags=0x0, pointerCount=1, historySize=0, eventTime=846309876, downTime=846309876, deviceId=0, source=0x1002 }
08-06 03:04:53.464 11170 11895 I art     : Starting a blocking GC Explicit
08-06 03:04:53.469 12608 12608 I Input   : injectMotionEvent: MotionEvent { action=ACTION_UP, actionButton=0, id[0]=0, x[0]=657.0, y[0]=2037.0, toolType[0]=TOOL_TYPE_UNKNOWN, buttonState=0, metaState=0, flags=0x0, edgeFlags=0x0, pointerCount=1, historySize=0, eventTime=846309876, downTime=846309876, deviceId=0, source=0x1002 }
08-06 03:04:53.471 12608 12608 D AndroidRuntime: Shutting down VM
08-06 03:04:53.474   918  5132 I ActivityManager: START u0 {cmp=baseline.io.github.project_travel_mate/.utilities.CompassActivity} from uid 10696 on display 0
08-06 03:04:53.477   512  2967 D audio_hw_primary: out_set_parameters: enter: usecase(1: low-latency-playback) kvpairs: routing=2
08-06 03:04:53.490   512  2967 D audio_hw_primary: select_devices: out_snd_device(2: speaker) in_snd_device(0: none)
08-06 03:04:53.490   512  2967 D msm8974_platform: platform_send_audio_calibration: sending audio calibration for snd_device(2) acdb_id(15)
08-06 03:04:53.490   512  2967 I soundtrigger: audio_extn_sound_trigger_update_device_status: device 0x2 of type 0 for Event 1
08-06 03:04:53.498 11170 11895 I art     : Explicit concurrent mark sweep GC freed 61(6KB) AllocSpace objects, 0(0B) LOS objects, 10% free, 135MB/151MB, paused 900us total 33.174ms
08-06 03:04:53.499   512  2967 D audio_hw_primary: enable_snd_device: snd_device(2: speaker)
08-06 03:04:53.501   512  2967 D audio_hw_primary: enable_audio_route: apply and update mixer path: low-latency-playback speaker
08-06 03:04:53.511 11170 11895 I art     : Starting a blocking GC Explicit
08-06 03:04:53.543 11170 11895 I art     : Explicit concurrent mark sweep GC freed 297(36KB) AllocSpace objects, 0(0B) LOS objects, 10% free, 135MB/151MB, paused 842us total 32.006ms
08-06 03:04:53.556 11170 11895 I art     : Starting a blocking GC Explicit
08-06 03:04:53.587 11170 11895 I art     : Explicit concurrent mark sweep GC freed 139(6KB) AllocSpace objects, 0(0B) LOS objects, 7% free, 184MB/200MB, paused 951us total 31.336ms
08-06 03:04:53.600 11170 11895 I art     : Starting a blocking GC Explicit
08-06 03:04:53.631 11170 11895 I art     : Explicit concurrent mark sweep GC freed 24(1440B) AllocSpace objects, 0(0B) LOS objects, 7% free, 184MB/200MB, paused 923us total 31.656ms
08-06 03:04:53.904 11170 11170 D CompassActivity: start compass
08-06 03:04:53.905   918  3670 I sensors : batch
08-06 03:04:53.905   918  3670 I sensors : activate
08-06 03:04:53.905   918  3714 I sensors : batch
08-06 03:04:53.905   918  3714 I sensors : activate
08-06 03:04:53.914   918  3188 I hubconnection: sensorhub said: 'batch 1 flags:0, sampling_rate_Hz:50.00, max_report_latency_us:0'
08-06 03:04:53.915   918  3188 I hubconnection: sensorhub said: 'activate 1 enable:1'
08-06 03:04:53.916   918  3188 I hubconnection: sensorhub said: 'batch 3 flags:0, sampling_rate_Hz:50.00, max_report_latency_us:0'
08-06 03:04:53.918   918  3188 I hubconnection: sensorhub said: 'activate 3 enable:1'
08-06 03:04:53.942 11170 11183 I art     : Starting a blocking GC Explicit
08-06 03:04:53.979 11170 11183 I art     : Explicit concurrent mark sweep GC freed 1822(103KB) AllocSpace objects, 2(36KB) LOS objects, 7% free, 187MB/203MB, paused 1.102ms total 36.516ms
08-06 03:04:53.994 11170 11183 I art     : Starting a blocking GC Explicit
08-06 03:04:54.026 11170 11183 I art     : Explicit concurrent mark sweep GC freed 77(2960B) AllocSpace objects, 0(0B) LOS objects, 7% free, 187MB/203MB, paused 825us total 31.186ms
08-06 03:04:54.039 11170 11183 I art     : Starting a blocking GC Explicit
08-06 03:04:54.039   512  2967 D audio_hw_primary: disable_audio_route: reset and update mixer path: low-latency-playback speaker
08-06 03:04:54.040   512  2967 D audio_hw_primary: disable_snd_device: snd_device(2: speaker)
08-06 03:04:54.048   512  2967 I soundtrigger: audio_extn_sound_trigger_update_device_status: device 0x2 of type 0 for Event 0
08-06 03:04:54.074 11170 11170 D CompassActivity: will set rotation from 0.0 to 179.59961
08-06 03:04:54.075 11170 11170 D CompassActivity: will set rotation from 179.59961 to 180.3763
08-06 03:04:54.076 11170 11170 D CompassActivity: will set rotation from 180.3763 to 180.3791
08-06 03:04:54.076 11170 11183 I art     : Explicit concurrent mark sweep GC freed 39(2096B) AllocSpace objects, 0(0B) LOS objects, 7% free, 187MB/203MB, paused 1.067ms total 36.343ms
08-06 03:04:54.079   918   936 I ActivityManager: Displayed baseline.io.github.project_travel_mate/.utilities.CompassActivity: +590ms
08-06 03:04:54.079 13866 13866 I GoogleInputMethodServic: GoogleInputMethodService.onFinishInput():3138 
08-06 03:04:54.080 13866 13866 I GoogleInputMethodServic: GoogleInputMethodService.onStartInput():1808 
08-06 03:04:54.089 11170 11183 I art     : Starting a blocking GC Explicit
08-06 03:04:54.122 11170 11183 I art     : Explicit concurrent mark sweep GC freed 53(3KB) AllocSpace objects, 0(0B) LOS objects, 7% free, 187MB/203MB, paused 1.052ms total 32.237ms
08-06 03:04:54.136   518   646 I ThermalEngine: ACTION: GPU - Setting GPU[0] to 450000000
08-06 03:04:54.140 11170 11183 I art     : Starting a blocking GC Explicit
08-06 03:04:54.156 11170 11170 D CompassActivity: will set rotation from 180.3791 to 180.14151
08-06 03:04:54.157 11170 11170 D CompassActivity: will set rotation from 180.14151 to 180.14148
08-06 03:04:54.157 11170 11170 D CompassActivity: will set rotation from 180.14148 to 180.01714
08-06 03:04:54.157 11170 11170 D CompassActivity: will set rotation from 180.01714 to 180.01704
08-06 03:04:54.157 11170 11170 D CompassActivity: will set rotation from 180.01704 to 180.14589
08-06 03:04:54.158 11170 11170 D CompassActivity: will set rotation from 180.14589 to 180.14732
08-06 03:04:54.158 11170 11170 D CompassActivity: will set rotation from 180.14732 to 179.9649
08-06 03:04:54.158 11170 11170 D CompassActivity: will set rotation from 179.9649 to 179.96765
08-06 03:04:54.186 11170 11183 I art     : Explicit concurrent mark sweep GC freed 89(5KB) AllocSpace objects, 0(0B) LOS objects, 7% free, 187MB/203MB, paused 1.054ms total 45.648ms
08-06 03:04:54.274 11170 11170 D CompassActivity: will set rotation from 179.96765 to 180.06732
08-06 03:04:54.275 11170 11170 D CompassActivity: will set rotation from 180.06732 to 180.07318
08-06 03:04:54.275 11170 11170 D CompassActivity: will set rotation from 180.07318 to 180.01762
08-06 03:04:54.275 11170 11170 D CompassActivity: will set rotation from 180.01762 to 180.0201
08-06 03:04:54.275 11170 11170 D CompassActivity: will set rotation from 180.0201 to 180.04134
08-06 03:04:54.275 11170 11170 D CompassActivity: will set rotation from 180.04134 to 180.04027
08-06 03:04:54.275 11170 11170 D CompassActivity: will set rotation from 180.04027 to 180.11082
08-06 03:04:54.276 11170 11170 D CompassActivity: will set rotation from 180.11082 to 180.10776
08-06 03:04:54.276 11170 11170 D CompassActivity: will set rotation from 180.10776 to 180.16997
08-06 03:04:54.276 11170 11170 D CompassActivity: will set rotation from 180.16997 to 180.17294
08-06 03:04:54.276 11170 11170 D CompassActivity: will set rotation from 180.17294 to 180.1785
08-06 03:04:54.276 11170 11170 D CompassActivity: will set rotation from 180.1785 to 180.1802
08-06 03:04:54.284 11170 11170 D CompassActivity: will set rotation from 180.1802 to 180.18149
08-06 03:04:54.285 11170 11170 D CompassActivity: will set rotation from 180.18149 to 180.17618
08-06 03:04:54.304 11170 11170 D CompassActivity: will set rotation from 180.17618 to 180.1805
08-06 03:04:54.304 11170 11170 D CompassActivity: will set rotation from 180.1805 to 180.17764
08-06 03:04:54.322   380   380 W SurfaceFlinger: couldn't log to binary event log: overflow.
08-06 03:04:54.326 11170 11170 D CompassActivity: will set rotation from 180.17764 to 180.25464
08-06 03:04:54.326 11170 11170 D CompassActivity: will set rotation from 180.25464 to 180.25522
08-06 03:04:54.344 11170 11170 D CompassActivity: will set rotation from 180.25522 to 180.33388
08-06 03:04:54.344 11170 11170 D CompassActivity: will set rotation from 180.33388 to 180.33487
08-06 03:04:54.364 11170 11170 D CompassActivity: will set rotation from 180.33487 to 180.4776
08-06 03:04:54.364 11170 11170 D CompassActivity: will set rotation from 180.4776 to 180.47574
08-06 03:04:54.384 11170 11170 D CompassActivity: will set rotation from 180.47574 to 180.56169
08-06 03:04:54.384 11170 11170 D CompassActivity: will set rotation from 180.56169 to 180.56068
08-06 03:04:54.403 11170 11170 D CompassActivity: will set rotation from 180.56068 to 180.60095
08-06 03:04:54.404 11170 11170 D CompassActivity: will set rotation from 180.60095 to 180.6007
08-06 03:04:54.425 11170 11170 D CompassActivity: will set rotation from 180.6007 to 180.60611
08-06 03:04:54.425 11170 11170 D CompassActivity: will set rotation from 180.60611 to 180.6071
08-06 03:04:54.444 11170 11170 D CompassActivity: will set rotation from 180.6071 to 180.70476
08-06 03:04:54.444 11170 11170 D CompassActivity: will set rotation from 180.70476 to 180.70448
08-06 03:04:54.545 11170 11170 D CompassActivity: will set rotation from 180.70448 to 180.64523
08-06 03:04:54.546 11170 11170 D CompassActivity: will set rotation from 180.64523 to 180.64264
08-06 03:04:54.546 11170 11170 D CompassActivity: will set rotation from 180.64264 to 180.64522
08-06 03:04:54.546 11170 11170 D CompassActivity: will set rotation from 180.64522 to 180.64221
08-06 03:04:54.546 11170 11170 D CompassActivity: will set rotation from 180.64221 to 180.67793
08-06 03:04:54.546 11170 11170 D CompassActivity: will set rotation from 180.67793 to 180.67513
08-06 03:04:54.546 11170 11170 D CompassActivity: will set rotation from 180.67513 to 180.67369
08-06 03:04:54.546 11170 11170 D CompassActivity: will set rotation from 180.67369 to 180.67288
08-06 03:04:54.546 11170 11170 D CompassActivity: will set rotation from 180.67288 to 180.67493
08-06 03:04:54.546 11170 11170 D CompassActivity: will set rotation from 180.67493 to 180.67351
08-06 03:04:54.563 11170 11170 D CompassActivity: will set rotation from 180.67351 to 180.64812
08-06 03:04:54.564 11170 11170 D CompassActivity: will set rotation from 180.64812 to 180.64401
08-06 03:04:54.569 11170 11556 I art     : Starting a blocking GC Explicit
08-06 03:04:54.583 11170 11170 D CompassActivity: will set rotation from 180.64401 to 180.69197
08-06 03:04:54.583 11170 11170 D CompassActivity: will set rotation from 180.69197 to 180.69136
08-06 03:04:54.603 11170 11170 D CompassActivity: will set rotation from 180.69136 to 180.71696
08-06 03:04:54.603 11170 11170 D CompassActivity: will set rotation from 180.71696 to 180.71532
08-06 03:04:54.609 11170 11556 I art     : Explicit concurrent mark sweep GC freed 2068(122KB) AllocSpace objects, 2(36KB) LOS objects, 7% free, 187MB/203MB, paused 967us total 39.426ms
08-06 03:04:54.626 11170 11170 D CompassActivity: will set rotation from 180.71532 to 180.7632
08-06 03:04:54.626 11170 11556 I art     : Starting a blocking GC Explicit
08-06 03:04:54.626 11170 11170 D CompassActivity: will set rotation from 180.7632 to 180.76323
08-06 03:04:54.632   918  3261 D WifiStateMachine: starting scan for "H369AA63323"WPA_PSK with 2412,5180
08-06 03:04:54.644 11170 11170 D CompassActivity: will set rotation from 180.76323 to 180.75998
08-06 03:04:54.644 11170 11170 D CompassActivity: will set rotation from 180.75998 to 180.75989
08-06 03:04:54.663 11170 11170 D CompassActivity: will set rotation from 180.75989 to 180.73294
08-06 03:04:54.663 11170 11170 D CompassActivity: will set rotation from 180.73294 to 180.73198
08-06 03:04:54.673 11170 11556 I art     : Explicit concurrent mark sweep GC freed 681(27KB) AllocSpace objects, 0(0B) LOS objects, 7% free, 187MB/203MB, paused 1.133ms total 47.492ms
08-06 03:04:54.683 11170 11170 D CompassActivity: will set rotation from 180.73198 to 180.728
08-06 03:04:54.683 11170 11170 D CompassActivity: will set rotation from 180.728 to 180.72813
08-06 03:04:54.693 11170 11556 I art     : Starting a blocking GC Explicit
08-06 03:04:54.703 11170 11170 D CompassActivity: will set rotation from 180.72813 to 180.72636
08-06 03:04:54.704 11170 11170 D CompassActivity: will set rotation from 180.72636 to 180.72682
08-06 03:04:54.725 11170 11170 D CompassActivity: will set rotation from 180.72682 to 180.67685
08-06 03:04:54.725 11170 11170 D CompassActivity: will set rotation from 180.67685 to 180.67839
08-06 03:04:54.747 11170 11556 I art     : Explicit concurrent mark sweep GC freed 135(6KB) AllocSpace objects, 0(0B) LOS objects, 7% free, 187MB/203MB, paused 1.232ms total 53.526ms
08-06 03:04:54.749 11170 11170 D CompassActivity: will set rotation from 180.67839 to 180.6354
08-06 03:04:54.749 11170 11170 D CompassActivity: will set rotation from 180.6354 to 180.63673
08-06 03:04:54.763 11170 11170 D CompassActivity: will set rotation from 180.63673 to 180.6384
08-06 03:04:54.763 11170 11170 D CompassActivity: will set rotation from 180.6384 to 180.63925
08-06 03:04:54.765 11170 11556 I art     : Starting a blocking GC Explicit
08-06 03:04:54.782 11170 11170 D CompassActivity: will set rotation from 180.63925 to 180.61678
08-06 03:04:54.783 11170 11170 D CompassActivity: will set rotation from 180.61678 to 180.61661
08-06 03:04:54.803 11170 11170 D CompassActivity: will set rotation from 180.61661 to 180.57706
08-06 03:04:54.804 11170 11170 D CompassActivity: will set rotation from 180.57706 to 180.57576
08-06 03:04:54.807 11170 11556 I art     : Explicit concurrent mark sweep GC freed 143(7KB) AllocSpace objects, 0(0B) LOS objects, 7% free, 187MB/203MB, paused 1.121ms total 41.173ms
08-06 03:04:54.823 11170 11170 D CompassActivity: will set rotation from 180.57576 to 180.57822
08-06 03:04:54.823 11170 11170 D CompassActivity: will set rotation from 180.57822 to 180.57993
08-06 03:04:54.823 11170 11556 I art     : Starting a blocking GC Explicit
08-06 03:04:54.843 11170 11170 D CompassActivity: will set rotation from 180.57993 to 180.5812
08-06 03:04:54.843 11170 11170 D CompassActivity: will set rotation from 180.5812 to 180.58109
08-06 03:04:54.862 11170 11170 D CompassActivity: will set rotation from 180.58109 to 180.56294
08-06 03:04:54.863 11170 11170 D CompassActivity: will set rotation from 180.56294 to 180.56451
08-06 03:04:54.868 11170 11556 I art     : Explicit concurrent mark sweep GC freed 192(8KB) AllocSpace objects, 0(0B) LOS objects, 7% free, 187MB/203MB, paused 1.215ms total 44.859ms
08-06 03:04:54.883 11170 11170 D CompassActivity: will set rotation from 180.56451 to 180.58855
08-06 03:04:54.883 11170 11170 D CompassActivity: will set rotation from 180.58855 to 180.58878
08-06 03:04:54.902 11170 11170 D CompassActivity: will set rotation from 180.58878 to 180.57263
08-06 03:04:54.902 11170 11170 D CompassActivity: will set rotation from 180.57263 to 180.5726
08-06 03:04:54.922 11170 11170 D CompassActivity: will set rotation from 180.5726 to 180.55807
08-06 03:04:54.923 11170 11170 D CompassActivity: will set rotation from 180.55807 to 180.55748
08-06 03:04:54.943 11170 11170 D CompassActivity: will set rotation from 180.55748 to 180.56339
08-06 03:04:54.944 11170 11170 D CompassActivity: will set rotation from 180.56339 to 180.56125
08-06 03:04:54.962 11170 11170 D CompassActivity: will set rotation from 180.56125 to 180.5672
08-06 03:04:54.962 11170 11170 D CompassActivity: will set rotation from 180.5672 to 180.56595
08-06 03:04:54.982 11170 11170 D CompassActivity: will set rotation from 180.56595 to 180.62793
08-06 03:04:54.982 11170 11170 D CompassActivity: will set rotation from 180.62793 to 180.62704
08-06 03:04:55.002 11170 11170 D CompassActivity: will set rotation from 180.62704 to 180.59328
08-06 03:04:55.002 11170 11170 D CompassActivity: will set rotation from 180.59328 to 180.59254
08-06 03:04:55.022 11170 11170 D CompassActivity: will set rotation from 180.59254 to 180.63411
08-06 03:04:55.022 11170 11170 D CompassActivity: will set rotation from 180.63411 to 180.63374
08-06 03:04:55.044 11170 11170 D CompassActivity: will set rotation from 180.63374 to 180.63449
08-06 03:04:55.045 11170 11170 D CompassActivity: will set rotation from 180.63449 to 180.63457
08-06 03:04:55.062 11170 11170 D CompassActivity: will set rotation from 180.63457 to 180.63634
08-06 03:04:55.062 11170 11170 D CompassActivity: will set rotation from 180.63634 to 180.63672
08-06 03:04:55.082 11170 11170 D CompassActivity: will set rotation from 180.63672 to 180.62263
08-06 03:04:55.082 11170 11170 D CompassActivity: will set rotation from 180.62263 to 180.62035
08-06 03:04:55.101 11170 11170 D CompassActivity: will set rotation from 180.62035 to 180.60394
08-06 03:04:55.102 11170 11170 D CompassActivity: will set rotation from 180.60394 to 180.60265
08-06 03:04:55.122 11170 11170 D CompassActivity: will set rotation from 180.60265 to 180.57326
08-06 03:04:55.123 11170 11170 D CompassActivity: will set rotation from 180.57326 to 180.57196
08-06 03:04:55.144 11170 11170 D CompassActivity: will set rotation from 180.57196 to 180.59363
08-06 03:04:55.145 11170 11170 D CompassActivity: will set rotation from 180.59363 to 180.59349
08-06 03:04:55.163 11170 11170 D CompassActivity: will set rotation from 180.59349 to 180.6147
08-06 03:04:55.163 11170 11170 D CompassActivity: will set rotation from 180.6147 to 180.61528
08-06 03:04:55.181 11170 11170 D CompassActivity: will set rotation from 180.61528 to 180.61569
08-06 03:04:55.181 11170 11170 D CompassActivity: will set rotation from 180.61569 to 180.61668
08-06 03:04:55.201 11170 11170 D CompassActivity: will set rotation from 180.61668 to 180.61789
08-06 03:04:55.201 11170 11170 D CompassActivity: will set rotation from 180.61789 to 180.61743
08-06 03:04:55.221 11170 11170 D CompassActivity: will set rotation from 180.61743 to 180.61978
08-06 03:04:55.221 11170 11170 D CompassActivity: will set rotation from 180.61978 to 180.61884
08-06 03:04:55.243 11170 11170 D CompassActivity: will set rotation from 180.61884 to 180.62009
08-06 03:04:55.245 11170 11170 D CompassActivity: will set rotation from 180.62009 to 180.61884
08-06 03:04:55.263 11170 11170 D CompassActivity: will set rotation from 180.61884 to 180.60332
08-06 03:04:55.263 11170 11170 D CompassActivity: will set rotation from 180.60332 to 180.60393
08-06 03:04:55.280 11170 11170 D CompassActivity: will set rotation from 180.60393 to 180.5899
08-06 03:04:55.281 11170 11170 D CompassActivity: will set rotation from 180.5899 to 180.59053
08-06 03:04:55.295 11170 11181 I art     : Starting a blocking GC Explicit
08-06 03:04:55.300 11170 11170 D CompassActivity: will set rotation from 180.59053 to 180.6288
08-06 03:04:55.301 11170 11170 D CompassActivity: will set rotation from 180.6288 to 180.6276
08-06 03:04:55.320 11170 11170 D CompassActivity: will set rotation from 180.6276 to 180.66547
08-06 03:04:55.321 11170 11170 D CompassActivity: will set rotation from 180.66547 to 180.66574
08-06 03:04:55.344 11170 11170 D CompassActivity: will set rotation from 180.66574 to 180.66524
08-06 03:04:55.345 11170 11170 D CompassActivity: will set rotation from 180.66524 to 180.66516
08-06 03:04:55.349 11170 11181 I art     : Explicit concurrent mark sweep GC freed 2018(120KB) AllocSpace objects, 2(36KB) LOS objects, 7% free, 187MB/203MB, paused 1.020ms total 53.651ms
08-06 03:04:55.360 11170 11170 D CompassActivity: will set rotation from 180.66516 to 180.67946
08-06 03:04:55.361 11170 11170 D CompassActivity: will set rotation from 180.67946 to 180.67863
08-06 03:04:55.367 11170 11181 I art     : Starting a blocking GC Explicit
08-06 03:04:55.380 11170 11170 D CompassActivity: will set rotation from 180.67863 to 180.67795
08-06 03:04:55.381 11170 11170 D CompassActivity: will set rotation from 180.67795 to 180.67722
08-06 03:04:55.400 11170 11170 D CompassActivity: will set rotation from 180.67722 to 180.64421
08-06 03:04:55.401 11170 11170 D CompassActivity: will set rotation from 180.64421 to 180.64445
08-06 03:04:55.418 11170 11181 I art     : Explicit concurrent mark sweep GC freed 783(30KB) AllocSpace objects, 0(0B) LOS objects, 7% free, 187MB/203MB, paused 1.172ms total 50.393ms
08-06 03:04:55.421 11170 11170 D CompassActivity: will set rotation from 180.64445 to 180.6631
08-06 03:04:55.421 11170 11170 D CompassActivity: will set rotation from 180.6631 to 180.66415
08-06 03:04:55.435 11170 11181 I art     : Starting a blocking GC Explicit
08-06 03:04:55.444 11170 11170 D CompassActivity: will set rotation from 180.66415 to 180.64981
08-06 03:04:55.444 11170 11170 D CompassActivity: will set rotation from 180.64981 to 180.64972
08-06 03:04:55.461 11170 11170 D CompassActivity: will set rotation from 180.64972 to 180.63527
08-06 03:04:55.461 11170 11170 D CompassActivity: will set rotation from 180.63527 to 180.63377
08-06 03:04:55.482 11170 11170 D CompassActivity: will set rotation from 180.63377 to 180.65158
08-06 03:04:55.482 11170 11170 D CompassActivity: will set rotation from 180.65158 to 180.65157
08-06 03:04:55.482 11170 11181 I art     : Explicit concurrent mark sweep GC freed 132(6KB) AllocSpace objects, 0(0B) LOS objects, 7% free, 187MB/203MB, paused 1.091ms total 46.667ms
08-06 03:04:55.501 11170 11170 D CompassActivity: will set rotation from 180.65157 to 180.65204
08-06 03:04:55.501 11170 11181 I art     : Starting a blocking GC Explicit
08-06 03:04:55.501 11170 11170 D CompassActivity: will set rotation from 180.65204 to 180.65373
08-06 03:04:55.520 11170 11170 D CompassActivity: will set rotation from 180.65373 to 180.66959
08-06 03:04:55.520 11170 11170 D CompassActivity: will set rotation from 180.66959 to 180.67113
08-06 03:04:55.541 11170 11170 D CompassActivity: will set rotation from 180.67113 to 180.63905
08-06 03:04:55.542 11170 11170 D CompassActivity: will set rotation from 180.63905 to 180.63922
08-06 03:04:55.549 11170 11181 I art     : Explicit concurrent mark sweep GC freed 146(7KB) AllocSpace objects, 0(0B) LOS objects, 7% free, 187MB/203MB, paused 1.131ms total 48.010ms
08-06 03:04:55.560 11170 11170 D CompassActivity: will set rotation from 180.63922 to 180.64297
08-06 03:04:55.561 11170 11170 D CompassActivity: will set rotation from 180.64297 to 180.6428
08-06 03:04:55.568 11170 11181 I art     : Starting a blocking GC Explicit
08-06 03:04:55.581 11170 11170 D CompassActivity: will set rotation from 180.6428 to 180.64369
08-06 03:04:55.581 11170 11170 D CompassActivity: will set rotation from 180.64369 to 180.64311
08-06 03:04:55.601 11170 11170 D CompassActivity: will set rotation from 180.64311 to 180.64612
08-06 03:04:55.601 11170 11170 D CompassActivity: will set rotation from 180.64612 to 180.64465
08-06 03:04:55.615 11170 11181 I art     : Explicit concurrent mark sweep GC freed 161(7KB) AllocSpace objects, 0(0B) LOS objects, 7% free, 187MB/203MB, paused 1.135ms total 47.071ms
08-06 03:04:55.620 11170 11170 D CompassActivity: will set rotation from 180.64465 to 180.66353
08-06 03:04:55.621 11170 11170 D CompassActivity: will set rotation from 180.66353 to 180.66455
08-06 03:04:55.641 11170 11170 D CompassActivity: will set rotation from 180.66455 to 180.6656
08-06 03:04:55.642 11170 11170 D CompassActivity: will set rotation from 180.6656 to 180.66586
08-06 03:04:55.660 11170 11170 D CompassActivity: will set rotation from 180.66586 to 180.65135
08-06 03:04:55.660 11170 11170 D CompassActivity: will set rotation from 180.65135 to 180.6523
08-06 03:04:55.679 11170 11170 D CompassActivity: will set rotation from 180.6523 to 180.67177
08-06 03:04:55.680 11170 11170 D CompassActivity: will set rotation from 180.67177 to 180.6723
08-06 03:04:55.700 11170 11170 D CompassActivity: will set rotation from 180.6723 to 180.69017
08-06 03:04:55.700 11170 11170 D CompassActivity: will set rotation from 180.69017 to 180.68939
08-06 03:04:55.720 11170 11170 D CompassActivity: will set rotation from 180.68939 to 180.67221
08-06 03:04:55.720 11170 11170 D CompassActivity: will set rotation from 180.67221 to 180.67445
08-06 03:04:55.741 11170 11170 D CompassActivity: will set rotation from 180.67445 to 180.67603
08-06 03:04:55.742 11170 11170 D CompassActivity: will set rotation from 180.67603 to 180.67615
08-06 03:04:55.765 11170 11170 D CompassActivity: will set rotation from 180.67615 to 180.67517
08-06 03:04:55.766 11170 11170 D CompassActivity: will set rotation from 180.67517 to 180.6726
08-06 03:04:55.778 11170 11170 D CompassActivity: will set rotation from 180.6726 to 180.6528
08-06 03:04:55.778 11170 11170 D CompassActivity: will set rotation from 180.6528 to 180.65225
08-06 03:04:55.798 11170 11170 D CompassActivity: will set rotation from 180.65225 to 180.6663
08-06 03:04:55.798 11170 11170 D CompassActivity: will set rotation from 180.6663 to 180.66557
08-06 03:04:55.819 11170 11170 D CompassActivity: will set rotation from 180.66557 to 180.66681
08-06 03:04:55.819 11170 11170 D CompassActivity: will set rotation from 180.66681 to 180.66496
08-06 03:04:55.838 11170 11170 D CompassActivity: will set rotation from 180.66496 to 180.64879
08-06 03:04:55.838 11170 11170 D CompassActivity: will set rotation from 180.64879 to 180.64777
08-06 03:04:55.858 11170 11170 D CompassActivity: will set rotation from 180.64777 to 180.63333
08-06 03:04:55.859 11170 11170 D CompassActivity: will set rotation from 180.63333 to 180.6347
08-06 03:04:55.878 11170 11170 D CompassActivity: will set rotation from 180.6347 to 180.66588
08-06 03:04:55.879 11170 11170 D CompassActivity: will set rotation from 180.66588 to 180.66577
08-06 03:04:55.897 11170 11170 D CompassActivity: will set rotation from 180.66577 to 180.66496
08-06 03:04:55.898 11170 11170 D CompassActivity: will set rotation from 180.66496 to 180.6656
08-06 03:04:55.918 11170 11170 D CompassActivity: will set rotation from 180.6656 to 180.66518
08-06 03:04:55.918 11170 11170 D CompassActivity: will set rotation from 180.66518 to 180.6652
08-06 03:04:55.937 11170 11170 D CompassActivity: will set rotation from 180.6652 to 180.66483
08-06 03:04:55.938 11170 11170 D CompassActivity: will set rotation from 180.66483 to 180.66643
08-06 03:04:55.959 11170 11170 D CompassActivity: will set rotation from 180.66643 to 180.65108
08-06 03:04:55.959 11170 11170 D CompassActivity: will set rotation from 180.65108 to 180.65161
08-06 03:04:55.978 11170 11170 D CompassActivity: will set rotation from 180.65161 to 180.62083
08-06 03:04:55.978 11170 11170 D CompassActivity: will set rotation from 180.62083 to 180.62036
08-06 03:04:55.998 11170 11170 D CompassActivity: will set rotation from 180.62036 to 180.6222
08-06 03:04:55.998 11170 11170 D CompassActivity: will set rotation from 180.6222 to 180.62111
08-06 03:04:56.006 11170 11181 I art     : Starting a blocking GC Explicit
08-06 03:04:56.017 11170 11170 D CompassActivity: will set rotation from 180.62111 to 180.63747
08-06 03:04:56.018 11170 11170 D CompassActivity: will set rotation from 180.63747 to 180.63666
08-06 03:04:56.037 11170 11170 D CompassActivity: will set rotation from 180.63666 to 180.65265
08-06 03:04:56.038 11170 11170 D CompassActivity: will set rotation from 180.65265 to 180.65163
08-06 03:04:56.059 11170 11181 I art     : Explicit concurrent mark sweep GC freed 2021(119KB) AllocSpace objects, 2(36KB) LOS objects, 7% free, 187MB/203MB, paused 1.043ms total 52.440ms
08-06 03:04:56.061 11170 11170 D CompassActivity: will set rotation from 180.65163 to 180.66736
08-06 03:04:56.061 11170 11170 D CompassActivity: will set rotation from 180.66736 to 180.66673
08-06 03:04:56.077 11170 11181 I art     : Starting a blocking GC Explicit
08-06 03:04:56.079 11170 11170 D CompassActivity: will set rotation from 180.66673 to 180.64908
08-06 03:04:56.080 11170 11170 D CompassActivity: will set rotation from 180.64908 to 180.64876
08-06 03:04:56.098 11170 11170 D CompassActivity: will set rotation from 180.64876 to 180.64827
08-06 03:04:56.099 11170 11170 D CompassActivity: will set rotation from 180.64827 to 180.6456
08-06 03:04:56.117 11170 11170 D CompassActivity: will set rotation from 180.6456 to 180.62935
08-06 03:04:56.118 11170 11170 D CompassActivity: will set rotation from 180.62935 to 180.62915
08-06 03:04:56.125 11170 11181 I art     : Explicit concurrent mark sweep GC freed 748(29KB) AllocSpace objects, 0(0B) LOS objects, 7% free, 187MB/203MB, paused 1.017ms total 47.802ms
08-06 03:04:56.137 11170 11170 D CompassActivity: will set rotation from 180.62915 to 180.64555
08-06 03:04:56.138 11170 11170 D CompassActivity: will set rotation from 180.64555 to 180.64532
08-06 03:04:56.143 11170 11181 I art     : Starting a blocking GC Explicit
08-06 03:04:56.158 11170 11170 D CompassActivity: will set rotation from 180.64532 to 180.64655
08-06 03:04:56.159 11170 11170 D CompassActivity: will set rotation from 180.64655 to 180.6477
08-06 03:04:56.177 11170 11170 D CompassActivity: will set rotation from 180.6477 to 180.66405
08-06 03:04:56.178 11170 11170 D CompassActivity: will set rotation from 180.66405 to 180.66348
08-06 03:04:56.191 11170 11181 I art     : Explicit concurrent mark sweep GC freed 145(6KB) AllocSpace objects, 0(0B) LOS objects, 7% free, 187MB/203MB, paused 1.196ms total 47.688ms
08-06 03:04:56.198 11170 11170 D CompassActivity: will set rotation from 180.66348 to 180.66093
08-06 03:04:56.199 11170 11170 D CompassActivity: will set rotation from 180.66093 to 180.66302
08-06 03:04:56.209 11170 11181 I art     : Starting a blocking GC Explicit
08-06 03:04:56.217 11170 11170 D CompassActivity: will set rotation from 180.66302 to 180.66438
08-06 03:04:56.218 11170 11170 D CompassActivity: will set rotation from 180.66438 to 180.66374
08-06 03:04:56.237 11170 11170 D CompassActivity: will set rotation from 180.66374 to 180.6624
08-06 03:04:56.238 11170 11170 D CompassActivity: will set rotation from 180.6624 to 180.6621
08-06 03:04:56.257 11170 11170 D CompassActivity: will set rotation from 180.6621 to 180.61623
08-06 03:04:56.257 11170 11181 I art     : Explicit concurrent mark sweep GC freed 132(6KB) AllocSpace objects, 0(0B) LOS objects, 7% free, 187MB/203MB, paused 1.184ms total 47.871ms
08-06 03:04:56.258 11170 11170 D CompassActivity: will set rotation from 180.61623 to 180.61537
08-06 03:04:56.276 11170 11181 I art     : Starting a blocking GC Explicit
08-06 03:04:56.278 11170 11170 D CompassActivity: will set rotation from 180.61537 to 180.55692
08-06 03:04:56.278 11170 11170 D CompassActivity: will set rotation from 180.55692 to 180.55693
08-06 03:04:56.280 12663 12663 D AndroidRuntime: >>>>>> START com.android.internal.os.RuntimeInit uid 2000 <<<<<<
08-06 03:04:56.287 12663 12663 D AndroidRuntime: CheckJNI is OFF
08-06 03:04:56.297 11170 11170 D CompassActivity: will set rotation from 180.55693 to 180.54417
08-06 03:04:56.298 11170 11170 D CompassActivity: will set rotation from 180.54417 to 180.54517
08-06 03:04:56.317 11170 11170 D CompassActivity: will set rotation from 180.54517 to 180.54796
08-06 03:04:56.318 11170 11170 D CompassActivity: will set rotation from 180.54796 to 180.5477
08-06 03:04:56.320   918  3188 I hubconnection: sensorhub said: 'set_bias 3: -6.2400, 0.0000, 0.0000'
08-06 03:04:56.325 11170 11181 I art     : Explicit concurrent mark sweep GC freed 146(7KB) AllocSpace objects, 0(0B) LOS objects, 7% free, 187MB/203MB, paused 1.071ms total 49.153ms
08-06 03:04:56.336 12663 12663 D ICU     : No timezone override file found: /data/misc/zoneinfo/current/icu/icu_tzdata.dat
08-06 03:04:56.337 11170 11170 D CompassActivity: will set rotation from 180.5477 to 180.50664
08-06 03:04:56.338 11170 11170 D CompassActivity: will set rotation from 180.50664 to 180.50566
08-06 03:04:56.359 11170 11170 D CompassActivity: will set rotation from 180.50566 to 180.46678
08-06 03:04:56.361 11170 11170 D CompassActivity: will set rotation from 180.46678 to 180.46848
08-06 03:04:56.381 12663 12663 I Radio-JNI: register_android_hardware_Radio DONE
08-06 03:04:56.381 11170 11170 D CompassActivity: will set rotation from 180.46848 to 180.43228
08-06 03:04:56.382 11170 11170 D CompassActivity: will set rotation from 180.43228 to 180.43234
08-06 03:04:56.396 11170 11170 D CompassActivity: will set rotation from 180.43234 to 180.39862
08-06 03:04:56.397 11170 11170 D CompassActivity: will set rotation from 180.39862 to 180.3977
08-06 03:04:56.410 12663 12663 D AndroidRuntime: Calling main entry com.android.commands.input.Input
08-06 03:04:56.411 12663 12663 I Input   : injectKeyEvent: KeyEvent { action=ACTION_DOWN, keyCode=KEYCODE_BACK, scanCode=0, metaState=0, flags=0x0, repeatCount=0, eventTime=846312824, downTime=846312824, deviceId=-1, source=0x101 }
08-06 03:04:56.417 11170 11170 D CompassActivity: will set rotation from 180.3977 to 180.37816
08-06 03:04:56.418 11170 11170 D CompassActivity: will set rotation from 180.37816 to 180.37823
08-06 03:04:56.420 12663 12663 I Input   : injectKeyEvent: KeyEvent { action=ACTION_UP, keyCode=KEYCODE_BACK, scanCode=0, metaState=0, flags=0x0, repeatCount=0, eventTime=846312824, downTime=846312824, deviceId=-1, source=0x101 }
08-06 03:04:56.427 12663 12663 D AndroidRuntime: Shutting down VM
08-06 03:04:56.428   918  4400 I sensors : activate
08-06 03:04:56.429   918  5132 I sensors : activate
08-06 03:04:56.434   918  3188 I hubconnection: sensorhub said: 'activate 1 enable:0'
08-06 03:04:56.436   918  3188 I hubconnection: sensorhub said: 'activate 3 enable:0'
08-06 03:04:56.457 11170 11170 V MainActivity: url = https://project-travel-mate.herokuapp.com/api/number-of-unread-notifications
08-06 03:04:56.587 13866 13866 I GoogleInputMethodServic: GoogleInputMethodService.onFinishInput():3138 
08-06 03:04:56.588 13866 13866 I GoogleInputMethodServic: GoogleInputMethodService.onStartInput():1808 
08-06 03:04:56.708 11170 11230 I art     : Starting a blocking GC Explicit
08-06 03:04:56.755 11170 11230 I art     : Explicit concurrent mark sweep GC freed 2245(123KB) AllocSpace objects, 2(36KB) LOS objects, 7% free, 187MB/203MB, paused 1.306ms total 46.784ms
08-06 03:04:56.775 11170 11230 I art     : Starting a blocking GC Explicit
08-06 03:04:56.826 11170 11230 I art     : Explicit concurrent mark sweep GC freed 255(9KB) AllocSpace objects, 0(0B) LOS objects, 7% free, 187MB/203MB, paused 1.128ms total 50.476ms
08-06 03:04:56.847 11170 11230 I art     : Starting a blocking GC Explicit
08-06 03:04:56.857 11170 11170 D CompassActivity: stop compass
08-06 03:04:56.858   380   380 W SurfaceFlinger: couldn't log to binary event log: overflow.
08-06 03:04:56.889 11170 11230 I art     : Explicit concurrent mark sweep GC freed 50(1664B) AllocSpace objects, 0(0B) LOS objects, 7% free, 187MB/203MB, paused 1.144ms total 41.503ms
08-06 03:04:56.905 11170 11230 I art     : Starting a blocking GC Explicit
08-06 03:04:56.947 11170 11230 I art     : Explicit concurrent mark sweep GC freed 26(976B) AllocSpace objects, 0(0B) LOS objects, 7% free, 187MB/203MB, paused 1.134ms total 40.862ms
08-06 03:04:56.963 11170 11230 I art     : Starting a blocking GC Explicit
08-06 03:04:57.023 11170 11230 I art     : Explicit concurrent mark sweep GC freed 1246(80KB) AllocSpace objects, 3(52MB) LOS objects, 10% free, 135MB/151MB, paused 1.124ms total 59.469ms
08-06 03:04:57.149   518   646 I ThermalEngine: ACTION: GPU - Setting GPU[0] to 390000000
08-06 03:04:57.315 11170 12686 I NAPPA_EXPERIMENTATION: MetricNetworkRequestExecutionTime: REQUEST_DURATION_SYSTEM='856',REQUEST_DURATION_OKHTTP='31',REQUEST_SYNCHRONOUS='FALSE',RESPONSE_CODE='200',RESPONSE_METHOD='GET',RESPONSE_LENGTH_OKHTTP='36',RESPONSE_LENGTH_HEADER='36',REQUEST_PROTOCOL='http/1.1',REQUEST_URL='https://project-travel-mate.herokuapp.com/api/number-of-unread-notifications',
08-06 03:04:57.448 11170 11181 I art     : Starting a blocking GC Explicit
08-06 03:04:57.518 11170 11181 I art     : Explicit concurrent mark sweep GC freed 4383(239KB) AllocSpace objects, 5(236KB) LOS objects, 10% free, 135MB/151MB, paused 2.151ms total 69.286ms
08-06 03:04:57.544 11170 11181 I art     : Starting a blocking GC Explicit
08-06 03:04:57.599 11170 11181 I art     : Explicit concurrent mark sweep GC freed 962(117KB) AllocSpace objects, 0(0B) LOS objects, 10% free, 135MB/151MB, paused 1.941ms total 55.193ms
08-06 03:04:57.623 11170 11181 I art     : Starting a blocking GC Explicit
08-06 03:04:57.678 11170 11181 I art     : Explicit concurrent mark sweep GC freed 3(96B) AllocSpace objects, 0(0B) LOS objects, 10% free, 135MB/151MB, paused 1.976ms total 55.156ms
08-06 03:04:57.702 11170 11181 I art     : Starting a blocking GC Explicit
08-06 03:04:57.754 11170 11181 I art     : Explicit concurrent mark sweep GC freed 3(96B) AllocSpace objects, 0(0B) LOS objects, 10% free, 135MB/151MB, paused 1.636ms total 51.777ms
08-06 03:04:57.777 11170 11181 I art     : Starting a blocking GC Explicit
08-06 03:04:57.831 11170 11181 I art     : Explicit concurrent mark sweep GC freed 3(96B) AllocSpace objects, 0(0B) LOS objects, 10% free, 135MB/151MB, paused 1.774ms total 53.406ms
08-06 03:04:58.147   518   646 I ThermalEngine: ACTION: GPU - Setting GPU[0] to 450000000
08-06 03:04:58.242 11170 11181 I art     : Starting a blocking GC Explicit
08-06 03:04:58.280 12708 12708 D AndroidRuntime: >>>>>> START com.android.internal.os.RuntimeInit uid 2000 <<<<<<
08-06 03:04:58.286 12708 12708 D AndroidRuntime: CheckJNI is OFF
08-06 03:04:58.293 11170 11181 I art     : Explicit concurrent mark sweep GC freed 1646(94KB) AllocSpace objects, 2(36KB) LOS objects, 10% free, 135MB/151MB, paused 1.405ms total 49.562ms
08-06 03:04:58.311 11170 11181 I art     : Starting a blocking GC Explicit
08-06 03:04:58.333 12708 12708 D ICU     : No timezone override file found: /data/misc/zoneinfo/current/icu/icu_tzdata.dat
08-06 03:04:58.360 11170 11181 I art     : Explicit concurrent mark sweep GC freed 42(1696B) AllocSpace objects, 0(0B) LOS objects, 10% free, 135MB/151MB, paused 1.410ms total 48.767ms
08-06 03:04:58.378 11170 11181 I art     : Starting a blocking GC Explicit
08-06 03:04:58.379 12708 12708 I Radio-JNI: register_android_hardware_Radio DONE
08-06 03:04:58.408 12708 12708 D AndroidRuntime: Calling main entry com.android.commands.input.Input
08-06 03:04:58.410 12708 12708 I Input   : injectMotionEvent: MotionEvent { action=ACTION_DOWN, actionButton=0, id[0]=0, x[0]=500.0, y[0]=2000.0, toolType[0]=TOOL_TYPE_UNKNOWN, buttonState=0, metaState=0, flags=0x0, edgeFlags=0x0, pointerCount=1, historySize=0, eventTime=846314822, downTime=846314822, deviceId=0, source=0x1002 }
08-06 03:04:58.415 12708 12708 I Input   : injectMotionEvent: MotionEvent { action=ACTION_MOVE, actionButton=0, id[0]=0, x[0]=500.0, y[0]=2000.0, toolType[0]=TOOL_TYPE_UNKNOWN, buttonState=0, metaState=0, flags=0x0, edgeFlags=0x0, pointerCount=1, historySize=0, eventTime=846314822, downTime=846314822, deviceId=0, source=0x1002 }
08-06 03:04:58.420 11170 11181 I art     : Explicit concurrent mark sweep GC freed 3(96B) AllocSpace objects, 0(0B) LOS objects, 10% free, 135MB/151MB, paused 1.230ms total 41.985ms
08-06 03:04:58.428 12708 12708 I Input   : injectMotionEvent: MotionEvent { action=ACTION_MOVE, actionButton=0, id[0]=0, x[0]=500.0, y[0]=1963.9, toolType[0]=TOOL_TYPE_UNKNOWN, buttonState=0, metaState=0, flags=0x0, edgeFlags=0x0, pointerCount=1, historySize=0, eventTime=846314841, downTime=846314841, deviceId=0, source=0x1002 }
08-06 03:04:58.437 11170 11181 I art     : Starting a blocking GC Explicit
08-06 03:04:58.443 12708 12708 I Input   : injectMotionEvent: MotionEvent { action=ACTION_MOVE, actionButton=0, id[0]=0, x[0]=500.0, y[0]=1933.5, toolType[0]=TOOL_TYPE_UNKNOWN, buttonState=0, metaState=0, flags=0x0, edgeFlags=0x0, pointerCount=1, historySize=0, eventTime=846314857, downTime=846314857, deviceId=0, source=0x1002 }
08-06 03:04:58.469 12708 12708 I Input   : injectMotionEvent: MotionEvent { action=ACTION_MOVE, actionButton=0, id[0]=0, x[0]=500.0, y[0]=1886.0, toolType[0]=TOOL_TYPE_UNKNOWN, buttonState=0, metaState=0, flags=0x0, edgeFlags=0x0, pointerCount=1, historySize=0, eventTime=846314882, downTime=846314882, deviceId=0, source=0x1002 }
08-06 03:04:58.478 12708 12708 I Input   : injectMotionEvent: MotionEvent { action=ACTION_MOVE, actionButton=0, id[0]=0, x[0]=500.0, y[0]=1868.9, toolType[0]=TOOL_TYPE_UNKNOWN, buttonState=0, metaState=0, flags=0x0, edgeFlags=0x0, pointerCount=1, historySize=0, eventTime=846314891, downTime=846314891, deviceId=0, source=0x1002 }
08-06 03:04:58.486 11170 11181 I art     : Explicit concurrent mark sweep GC freed 45(1616B) AllocSpace objects, 0(0B) LOS objects, 10% free, 135MB/151MB, paused 1.629ms total 48.645ms
08-06 03:04:58.495 12708 12708 I Input   : injectMotionEvent: MotionEvent { action=ACTION_MOVE, actionButton=0, id[0]=0, x[0]=500.0, y[0]=1836.6, toolType[0]=TOOL_TYPE_UNKNOWN, buttonState=0, metaState=0, flags=0x0, edgeFlags=0x0, pointerCount=1, historySize=0, eventTime=846314908, downTime=846314908, deviceId=0, source=0x1002 }
08-06 03:04:58.506 11170 11181 I art     : Starting a blocking GC Explicit
08-06 03:04:58.511 12708 12708 I Input   : injectMotionEvent: MotionEvent { action=ACTION_MOVE, actionButton=0, id[0]=0, x[0]=500.0, y[0]=1806.2, toolType[0]=TOOL_TYPE_UNKNOWN, buttonState=0, metaState=0, flags=0x0, edgeFlags=0x0, pointerCount=1, historySize=0, eventTime=846314924, downTime=846314924, deviceId=0, source=0x1002 }
08-06 03:04:58.527 12708 12708 I Input   : injectMotionEvent: MotionEvent { action=ACTION_MOVE, actionButton=0, id[0]=0, x[0]=500.0, y[0]=1775.8, toolType[0]=TOOL_TYPE_UNKNOWN, buttonState=0, metaState=0, flags=0x0, edgeFlags=0x0, pointerCount=1, historySize=0, eventTime=846314940, downTime=846314940, deviceId=0, source=0x1002 }
08-06 03:04:58.543 12708 12708 I Input   : injectMotionEvent: MotionEvent { action=ACTION_MOVE, actionButton=0, id[0]=0, x[0]=500.0, y[0]=1743.5, toolType[0]=TOOL_TYPE_UNKNOWN, buttonState=0, metaState=0, flags=0x0, edgeFlags=0x0, pointerCount=1, historySize=0, eventTime=846314957, downTime=846314957, deviceId=0, source=0x1002 }
08-06 03:04:58.551 11170 11181 I art     : Explicit concurrent mark sweep GC freed 46(1920B) AllocSpace objects, 0(0B) LOS objects, 10% free, 135MB/151MB, paused 1.324ms total 44.809ms
08-06 03:04:58.560 12708 12708 I Input   : injectMotionEvent: MotionEvent { action=ACTION_MOVE, actionButton=0, id[0]=0, x[0]=500.0, y[0]=1711.2, toolType[0]=TOOL_TYPE_UNKNOWN, buttonState=0, metaState=0, flags=0x0, edgeFlags=0x0, pointerCount=1, historySize=0, eventTime=846314974, downTime=846314974, deviceId=0, source=0x1002 }
08-06 03:04:58.577 12708 12708 I Input   : injectMotionEvent: MotionEvent { action=ACTION_MOVE, actionButton=0, id[0]=0, x[0]=500.0, y[0]=1680.8, toolType[0]=TOOL_TYPE_UNKNOWN, buttonState=0, metaState=0, flags=0x0, edgeFlags=0x0, pointerCount=1, historySize=0, eventTime=846314990, downTime=846314990, deviceId=0, source=0x1002 }
08-06 03:04:58.593 12708 12708 I Input   : injectMotionEvent: MotionEvent { action=ACTION_MOVE, actionButton=0, id[0]=0, x[0]=500.0, y[0]=1648.5, toolType[0]=TOOL_TYPE_UNKNOWN, buttonState=0, metaState=0, flags=0x0, edgeFlags=0x0, pointerCount=1, historySize=0, eventTime=846315007, downTime=846315007, deviceId=0, source=0x1002 }
08-06 03:04:58.610 12708 12708 I Input   : injectMotionEvent: MotionEvent { action=ACTION_MOVE, actionButton=0, id[0]=0, x[0]=500.0, y[0]=1618.1, toolType[0]=TOOL_TYPE_UNKNOWN, buttonState=0, metaState=0, flags=0x0, edgeFlags=0x0, pointerCount=1, historySize=0, eventTime=846315023, downTime=846315023, deviceId=0, source=0x1002 }
08-06 03:04:58.627 12708 12708 I Input   : injectMotionEvent: MotionEvent { action=ACTION_MOVE, actionButton=0, id[0]=0, x[0]=500.0, y[0]=1585.8, toolType[0]=TOOL_TYPE_UNKNOWN, buttonState=0, metaState=0, flags=0x0, edgeFlags=0x0, pointerCount=1, historySize=0, eventTime=846315040, downTime=846315040, deviceId=0, source=0x1002 }
08-06 03:04:58.643 12708 12708 I Input   : injectMotionEvent: MotionEvent { action=ACTION_MOVE, actionButton=0, id[0]=0, x[0]=500.0, y[0]=1553.5, toolType[0]=TOOL_TYPE_UNKNOWN, buttonState=0, metaState=0, flags=0x0, edgeFlags=0x0, pointerCount=1, historySize=0, eventTime=846315057, downTime=846315057, deviceId=0, source=0x1002 }
08-06 03:04:58.660 12708 12708 I Input   : injectMotionEvent: MotionEvent { action=ACTION_MOVE, actionButton=0, id[0]=0, x[0]=500.0, y[0]=1523.1001, toolType[0]=TOOL_TYPE_UNKNOWN, buttonState=0, metaState=0, flags=0x0, edgeFlags=0x0, pointerCount=1, historySize=0, eventTime=846315073, downTime=846315073, deviceId=0, source=0x1002 }
08-06 03:04:58.677 12708 12708 I Input   : injectMotionEvent: MotionEvent { action=ACTION_MOVE, actionButton=0, id[0]=0, x[0]=500.0, y[0]=1490.8, toolType[0]=TOOL_TYPE_UNKNOWN, buttonState=0, metaState=0, flags=0x0, edgeFlags=0x0, pointerCount=1, historySize=0, eventTime=846315090, downTime=846315090, deviceId=0, source=0x1002 }
08-06 03:04:58.694 12708 12708 I Input   : injectMotionEvent: MotionEvent { action=ACTION_MOVE, actionButton=0, id[0]=0, x[0]=500.0, y[0]=1458.5, toolType[0]=TOOL_TYPE_UNKNOWN, buttonState=0, metaState=0, flags=0x0, edgeFlags=0x0, pointerCount=1, historySize=0, eventTime=846315107, downTime=846315107, deviceId=0, source=0x1002 }
08-06 03:04:58.713 12708 12708 I Input   : injectMotionEvent: MotionEvent { action=ACTION_MOVE, actionButton=0, id[0]=0, x[0]=500.0, y[0]=1422.4, toolType[0]=TOOL_TYPE_UNKNOWN, buttonState=0, metaState=0, flags=0x0, edgeFlags=0x0, pointerCount=1, historySize=0, eventTime=846315126, downTime=846315126, deviceId=0, source=0x1002 }
08-06 03:04:58.727 12708 12708 I Input   : injectMotionEvent: MotionEvent { action=ACTION_MOVE, actionButton=0, id[0]=0, x[0]=500.0, y[0]=1395.8, toolType[0]=TOOL_TYPE_UNKNOWN, buttonState=0, metaState=0, flags=0x0, edgeFlags=0x0, pointerCount=1, historySize=0, eventTime=846315140, downTime=846315140, deviceId=0, source=0x1002 }
08-06 03:04:58.744 12708 12708 I Input   : injectMotionEvent: MotionEvent { action=ACTION_MOVE, actionButton=0, id[0]=0, x[0]=500.0, y[0]=1361.6001, toolType[0]=TOOL_TYPE_UNKNOWN, buttonState=0, metaState=0, flags=0x0, edgeFlags=0x0, pointerCount=1, historySize=0, eventTime=846315158, downTime=846315158, deviceId=0, source=0x1002 }
08-06 03:04:58.763 12708 12708 I Input   : injectMotionEvent: MotionEvent { action=ACTION_MOVE, actionButton=0, id[0]=0, x[0]=500.0, y[0]=1327.4, toolType[0]=TOOL_TYPE_UNKNOWN, buttonState=0, metaState=0, flags=0x0, edgeFlags=0x0, pointerCount=1, historySize=0, eventTime=846315176, downTime=846315176, deviceId=0, source=0x1002 }
08-06 03:04:58.780 12708 12708 I Input   : injectMotionEvent: MotionEvent { action=ACTION_MOVE, actionButton=0, id[0]=0, x[0]=500.0, y[0]=1295.1001, toolType[0]=TOOL_TYPE_UNKNOWN, buttonState=0, metaState=0, flags=0x0, edgeFlags=0x0, pointerCount=1, historySize=0, eventTime=846315193, downTime=846315193, deviceId=0, source=0x1002 }
08-06 03:04:58.795 12708 12708 I Input   : injectMotionEvent: MotionEvent { action=ACTION_MOVE, actionButton=0, id[0]=0, x[0]=500.0, y[0]=1268.5, toolType[0]=TOOL_TYPE_UNKNOWN, buttonState=0, metaState=0, flags=0x0, edgeFlags=0x0, pointerCount=1, historySize=0, eventTime=846315207, downTime=846315207, deviceId=0, source=0x1002 }
08-06 03:04:58.811 12708 12708 I Input   : injectMotionEvent: MotionEvent { action=ACTION_MOVE, actionButton=0, id[0]=0, x[0]=500.0, y[0]=1236.2, toolType[0]=TOOL_TYPE_UNKNOWN, buttonState=0, metaState=0, flags=0x0, edgeFlags=0x0, pointerCount=1, historySize=0, eventTime=846315224, downTime=846315224, deviceId=0, source=0x1002 }
08-06 03:04:58.829 12708 12708 I Input   : injectMotionEvent: MotionEvent { action=ACTION_MOVE, actionButton=0, id[0]=0, x[0]=500.0, y[0]=1202.0, toolType[0]=TOOL_TYPE_UNKNOWN, buttonState=0, metaState=0, flags=0x0, edgeFlags=0x0, pointerCount=1, historySize=0, eventTime=846315242, downTime=846315242, deviceId=0, source=0x1002 }
08-06 03:04:58.898 12708 12708 I Input   : injectMotionEvent: MotionEvent { action=ACTION_MOVE, actionButton=0, id[0]=0, x[0]=500.0, y[0]=1070.9, toolType[0]=TOOL_TYPE_UNKNOWN, buttonState=0, metaState=0, flags=0x0, edgeFlags=0x0, pointerCount=1, historySize=0, eventTime=846315311, downTime=846315311, deviceId=0, source=0x1002 }
08-06 03:04:58.950 11170 11895 I art     : Starting a blocking GC Explicit
08-06 03:04:58.961 12708 12708 I Input   : injectMotionEvent: MotionEvent { action=ACTION_MOVE, actionButton=0, id[0]=0, x[0]=500.0, y[0]=951.2001, toolType[0]=TOOL_TYPE_UNKNOWN, buttonState=0, metaState=0, flags=0x0, edgeFlags=0x0, pointerCount=1, historySize=0, eventTime=846315374, downTime=846315374, deviceId=0, source=0x1002 }
08-06 03:04:58.994 11170 11895 I art     : Explicit concurrent mark sweep GC freed 1651(94KB) AllocSpace objects, 2(36KB) LOS objects, 10% free, 135MB/151MB, paused 1.102ms total 42.769ms
08-06 03:04:59.012 11170 11895 I art     : Starting a blocking GC Explicit
08-06 03:04:59.024 12708 12708 I Input   : injectMotionEvent: MotionEvent { action=ACTION_MOVE, actionButton=0, id[0]=0, x[0]=500.0, y[0]=831.5, toolType[0]=TOOL_TYPE_UNKNOWN, buttonState=0, metaState=0, flags=0x0, edgeFlags=0x0, pointerCount=1, historySize=0, eventTime=846315437, downTime=846315437, deviceId=0, source=0x1002 }
08-06 03:04:59.054 11170 11895 I art     : Explicit concurrent mark sweep GC freed 38(1568B) AllocSpace objects, 0(0B) LOS objects, 10% free, 135MB/151MB, paused 1.085ms total 41.949ms
08-06 03:04:59.071 11170 11895 I art     : Starting a blocking GC Explicit
08-06 03:04:59.088 12708 12708 I Input   : injectMotionEvent: MotionEvent { action=ACTION_MOVE, actionButton=0, id[0]=0, x[0]=500.0, y[0]=709.8999, toolType[0]=TOOL_TYPE_UNKNOWN, buttonState=0, metaState=0, flags=0x0, edgeFlags=0x0, pointerCount=1, historySize=0, eventTime=846315501, downTime=846315501, deviceId=0, source=0x1002 }
08-06 03:04:59.115 11170 11895 I art     : Explicit concurrent mark sweep GC freed 3(96B) AllocSpace objects, 0(0B) LOS objects, 10% free, 135MB/151MB, paused 1.037ms total 42.858ms
08-06 03:04:59.132 11170 11895 I art     : Starting a blocking GC Explicit
08-06 03:04:59.151 12708 12708 I Input   : injectMotionEvent: MotionEvent { action=ACTION_MOVE, actionButton=0, id[0]=0, x[0]=500.0, y[0]=590.2001, toolType[0]=TOOL_TYPE_UNKNOWN, buttonState=0, metaState=0, flags=0x0, edgeFlags=0x0, pointerCount=1, historySize=0, eventTime=846315564, downTime=846315564, deviceId=0, source=0x1002 }
08-06 03:04:59.172 11170 11895 I art     : Explicit concurrent mark sweep GC freed 3(96B) AllocSpace objects, 0(0B) LOS objects, 10% free, 135MB/151MB, paused 1.067ms total 39.217ms
08-06 03:04:59.190 11170 11895 I art     : Starting a blocking GC Explicit
08-06 03:04:59.215 12708 12708 I Input   : injectMotionEvent: MotionEvent { action=ACTION_MOVE, actionButton=0, id[0]=0, x[0]=500.0, y[0]=466.70007, toolType[0]=TOOL_TYPE_UNKNOWN, buttonState=0, metaState=0, flags=0x0, edgeFlags=0x0, pointerCount=1, historySize=0, eventTime=846315629, downTime=846315629, deviceId=0, source=0x1002 }
08-06 03:04:59.230 11170 11895 I art     : Explicit concurrent mark sweep GC freed 3(96B) AllocSpace objects, 0(0B) LOS objects, 10% free, 135MB/151MB, paused 1.058ms total 39.942ms
08-06 03:04:59.277 12708 12708 I Input   : injectMotionEvent: MotionEvent { action=ACTION_MOVE, actionButton=0, id[0]=0, x[0]=500.0, y[0]=350.80005, toolType[0]=TOOL_TYPE_UNKNOWN, buttonState=0, metaState=0, flags=0x0, edgeFlags=0x0, pointerCount=1, historySize=0, eventTime=846315690, downTime=846315690, deviceId=0, source=0x1002 }
08-06 03:04:59.368 12708 12708 I Input   : injectMotionEvent: MotionEvent { action=ACTION_MOVE, actionButton=0, id[0]=0, x[0]=500.0, y[0]=177.90002, toolType[0]=TOOL_TYPE_UNKNOWN, buttonState=0, metaState=0, flags=0x0, edgeFlags=0x0, pointerCount=1, historySize=0, eventTime=846315781, downTime=846315781, deviceId=0, source=0x1002 }
08-06 03:04:59.405 12708 12708 I Input   : injectMotionEvent: MotionEvent { action=ACTION_MOVE, actionButton=0, id[0]=0, x[0]=500.0, y[0]=107.599976, toolType[0]=TOOL_TYPE_UNKNOWN, buttonState=0, metaState=0, flags=0x0, edgeFlags=0x0, pointerCount=1, historySize=0, eventTime=846315818, downTime=846315818, deviceId=0, source=0x1002 }
08-06 03:04:59.441 12708 12708 I Input   : injectMotionEvent: MotionEvent { action=ACTION_UP, actionButton=0, id[0]=0, x[0]=500.0, y[0]=100.0, toolType[0]=TOOL_TYPE_UNKNOWN, buttonState=0, metaState=0, flags=0x0, edgeFlags=0x0, pointerCount=1, historySize=0, eventTime=846315854, downTime=846315854, deviceId=0, source=0x1002 }
08-06 03:04:59.482 12708 12708 D AndroidRuntime: Shutting down VM
08-06 03:04:59.629 11170 11556 I art     : Starting a blocking GC Explicit
08-06 03:04:59.669 11170 11556 I art     : Explicit concurrent mark sweep GC freed 1607(92KB) AllocSpace objects, 2(36KB) LOS objects, 10% free, 135MB/151MB, paused 1.216ms total 39.636ms
08-06 03:04:59.687 11170 11556 I art     : Starting a blocking GC Explicit
08-06 03:04:59.727 11170 11556 I art     : Explicit concurrent mark sweep GC freed 29(1056B) AllocSpace objects, 0(0B) LOS objects, 10% free, 135MB/151MB, paused 1.050ms total 39.755ms
08-06 03:04:59.743 11170 11556 I art     : Starting a blocking GC Explicit
08-06 03:04:59.785 11170 11556 I art     : Explicit concurrent mark sweep GC freed 3(96B) AllocSpace objects, 0(0B) LOS objects, 10% free, 135MB/151MB, paused 1.057ms total 41.597ms
08-06 03:04:59.802 11170 11556 I art     : Starting a blocking GC Explicit
08-06 03:04:59.847 11170 11556 I art     : Explicit concurrent mark sweep GC freed 34(928B) AllocSpace objects, 0(0B) LOS objects, 10% free, 135MB/151MB, paused 1.081ms total 45.209ms
08-06 03:04:59.864 11170 11556 I art     : Starting a blocking GC Explicit
08-06 03:04:59.902 11170 11556 I art     : Explicit concurrent mark sweep GC freed 5(160B) AllocSpace objects, 0(0B) LOS objects, 10% free, 135MB/151MB, paused 1.004ms total 38.331ms
08-06 03:05:00.240 12757 12757 D AndroidRuntime: >>>>>> START com.android.internal.os.RuntimeInit uid 2000 <<<<<<
08-06 03:05:00.246 12757 12757 D AndroidRuntime: CheckJNI is OFF
08-06 03:05:00.283 12757 12757 D ICU     : No timezone override file found: /data/misc/zoneinfo/current/icu/icu_tzdata.dat
08-06 03:05:00.295 11170 11556 I art     : Starting a blocking GC Explicit
08-06 03:05:00.333 12757 12757 I Radio-JNI: register_android_hardware_Radio DONE
08-06 03:05:00.335 11170 11556 I art     : Explicit concurrent mark sweep GC freed 1587(92KB) AllocSpace objects, 2(36KB) LOS objects, 10% free, 135MB/151MB, paused 1.135ms total 39.517ms
08-06 03:05:00.352 11170 11556 I art     : Starting a blocking GC Explicit
08-06 03:05:00.362 12757 12757 D AndroidRuntime: Calling main entry com.android.commands.input.Input
08-06 03:05:00.365 12757 12757 I Input   : injectMotionEvent: MotionEvent { action=ACTION_DOWN, actionButton=0, id[0]=0, x[0]=500.0, y[0]=2000.0, toolType[0]=TOOL_TYPE_UNKNOWN, buttonState=0, metaState=0, flags=0x0, edgeFlags=0x0, pointerCount=1, historySize=0, eventTime=846316778, downTime=846316778, deviceId=0, source=0x1002 }
08-06 03:05:00.369 12757 12757 I Input   : injectMotionEvent: MotionEvent { action=ACTION_MOVE, actionButton=0, id[0]=0, x[0]=500.0, y[0]=2000.0, toolType[0]=TOOL_TYPE_UNKNOWN, buttonState=0, metaState=0, flags=0x0, edgeFlags=0x0, pointerCount=1, historySize=0, eventTime=846316778, downTime=846316778, deviceId=0, source=0x1002 }
08-06 03:05:00.378 12757 12757 I Input   : injectMotionEvent: MotionEvent { action=ACTION_MOVE, actionButton=0, id[0]=0, x[0]=500.0, y[0]=1975.3, toolType[0]=TOOL_TYPE_UNKNOWN, buttonState=0, metaState=0, flags=0x0, edgeFlags=0x0, pointerCount=1, historySize=0, eventTime=846316791, downTime=846316791, deviceId=0, source=0x1002 }
08-06 03:05:00.395 12757 12757 I Input   : injectMotionEvent: MotionEvent { action=ACTION_MOVE, actionButton=0, id[0]=0, x[0]=500.0, y[0]=1943.0, toolType[0]=TOOL_TYPE_UNKNOWN, buttonState=0, metaState=0, flags=0x0, edgeFlags=0x0, pointerCount=1, historySize=0, eventTime=846316808, downTime=846316808, deviceId=0, source=0x1002 }
08-06 03:05:00.399 11170 11556 I art     : Explicit concurrent mark sweep GC freed 32(1152B) AllocSpace objects, 0(0B) LOS objects, 10% free, 135MB/151MB, paused 1.210ms total 45.985ms
08-06 03:05:00.399 11170 11180 I art     : WaitForGcToComplete blocked for 46.267ms for cause HeapTrim
08-06 03:05:00.413 12757 12757 I Input   : injectMotionEvent: MotionEvent { action=ACTION_MOVE, actionButton=0, id[0]=0, x[0]=500.0, y[0]=1906.9, toolType[0]=TOOL_TYPE_UNKNOWN, buttonState=0, metaState=0, flags=0x0, edgeFlags=0x0, pointerCount=1, historySize=0, eventTime=846316827, downTime=846316827, deviceId=0, source=0x1002 }
08-06 03:05:00.418 11170 11556 I art     : Starting a blocking GC Explicit
08-06 03:05:00.460 11170 11556 I art     : Explicit concurrent mark sweep GC freed 7(224B) AllocSpace objects, 0(0B) LOS objects, 10% free, 135MB/151MB, paused 1.236ms total 41.549ms
08-06 03:05:00.477 11170 11556 I art     : Starting a blocking GC Explicit
08-06 03:05:00.517 11170 11556 I art     : Explicit concurrent mark sweep GC freed 3(96B) AllocSpace objects, 0(0B) LOS objects, 10% free, 135MB/151MB, paused 1.251ms total 39.342ms
08-06 03:05:00.519 12757 12757 I Input   : injectMotionEvent: MotionEvent { action=ACTION_MOVE, actionButton=0, id[0]=0, x[0]=500.0, y[0]=1707.4, toolType[0]=TOOL_TYPE_UNKNOWN, buttonState=0, metaState=0, flags=0x0, edgeFlags=0x0, pointerCount=1, historySize=0, eventTime=846316932, downTime=846316932, deviceId=0, source=0x1002 }
08-06 03:05:00.534 11170 11556 I art     : Starting a blocking GC Explicit
08-06 03:05:00.574 11170 11556 I art     : Explicit concurrent mark sweep GC freed 8(256B) AllocSpace objects, 0(0B) LOS objects, 10% free, 135MB/151MB, paused 1.250ms total 39.178ms
08-06 03:05:00.586  6516  6516 I ServiceManager: Waiting for service AtCmdFwd...
08-06 03:05:00.623 12757 12757 I Input   : injectMotionEvent: MotionEvent { action=ACTION_MOVE, actionButton=0, id[0]=0, x[0]=500.0, y[0]=1509.8, toolType[0]=TOOL_TYPE_UNKNOWN, buttonState=0, metaState=0, flags=0x0, edgeFlags=0x0, pointerCount=1, historySize=0, eventTime=846317036, downTime=846317036, deviceId=0, source=0x1002 }
08-06 03:05:00.661 12757 12757 I Input   : injectMotionEvent: MotionEvent { action=ACTION_MOVE, actionButton=0, id[0]=0, x[0]=500.0, y[0]=1437.6, toolType[0]=TOOL_TYPE_UNKNOWN, buttonState=0, metaState=0, flags=0x0, edgeFlags=0x0, pointerCount=1, historySize=0, eventTime=846317074, downTime=846317074, deviceId=0, source=0x1002 }
08-06 03:05:00.696 12757 12757 I Input   : injectMotionEvent: MotionEvent { action=ACTION_MOVE, actionButton=0, id[0]=0, x[0]=500.0, y[0]=1369.2, toolType[0]=TOOL_TYPE_UNKNOWN, buttonState=0, metaState=0, flags=0x0, edgeFlags=0x0, pointerCount=1, historySize=0, eventTime=846317110, downTime=846317110, deviceId=0, source=0x1002 }
08-06 03:05:00.733 12757 12757 I Input   : injectMotionEvent: MotionEvent { action=ACTION_MOVE, actionButton=0, id[0]=0, x[0]=500.0, y[0]=1300.8, toolType[0]=TOOL_TYPE_UNKNOWN, buttonState=0, metaState=0, flags=0x0, edgeFlags=0x0, pointerCount=1, historySize=0, eventTime=846317146, downTime=846317146, deviceId=0, source=0x1002 }
08-06 03:05:00.769 12757 12757 I Input   : injectMotionEvent: MotionEvent { action=ACTION_MOVE, actionButton=0, id[0]=0, x[0]=500.0, y[0]=1232.3999, toolType[0]=TOOL_TYPE_UNKNOWN, buttonState=0, metaState=0, flags=0x0, edgeFlags=0x0, pointerCount=1, historySize=0, eventTime=846317182, downTime=846317182, deviceId=0, source=0x1002 }
08-06 03:05:00.807 12757 12757 I Input   : injectMotionEvent: MotionEvent { action=ACTION_MOVE, actionButton=0, id[0]=0, x[0]=500.0, y[0]=1160.2, toolType[0]=TOOL_TYPE_UNKNOWN, buttonState=0, metaState=0, flags=0x0, edgeFlags=0x0, pointerCount=1, historySize=0, eventTime=846317220, downTime=846317220, deviceId=0, source=0x1002 }
08-06 03:05:00.845 12757 12757 I Input   : injectMotionEvent: MotionEvent { action=ACTION_MOVE, actionButton=0, id[0]=0, x[0]=500.0, y[0]=1088.0, toolType[0]=TOOL_TYPE_UNKNOWN, buttonState=0, metaState=0, flags=0x0, edgeFlags=0x0, pointerCount=1, historySize=0, eventTime=846317258, downTime=846317258, deviceId=0, source=0x1002 }
08-06 03:05:00.883 12757 12757 I Input   : injectMotionEvent: MotionEvent { action=ACTION_MOVE, actionButton=0, id[0]=0, x[0]=500.0, y[0]=1013.9, toolType[0]=TOOL_TYPE_UNKNOWN, buttonState=0, metaState=0, flags=0x0, edgeFlags=0x0, pointerCount=1, historySize=0, eventTime=846317297, downTime=846317297, deviceId=0, source=0x1002 }
08-06 03:05:00.925 12757 12757 I Input   : injectMotionEvent: MotionEvent { action=ACTION_MOVE, actionButton=0, id[0]=0, x[0]=500.0, y[0]=936.0, toolType[0]=TOOL_TYPE_UNKNOWN, buttonState=0, metaState=0, flags=0x0, edgeFlags=0x0, pointerCount=1, historySize=0, eventTime=846317338, downTime=846317338, deviceId=0, source=0x1002 }
08-06 03:05:00.961 11170 11556 I art     : Starting a blocking GC Explicit
08-06 03:05:00.965 12757 12757 I Input   : injectMotionEvent: MotionEvent { action=ACTION_MOVE, actionButton=0, id[0]=0, x[0]=500.0, y[0]=858.1, toolType[0]=TOOL_TYPE_UNKNOWN, buttonState=0, metaState=0, flags=0x0, edgeFlags=0x0, pointerCount=1, historySize=0, eventTime=846317379, downTime=846317379, deviceId=0, source=0x1002 }
08-06 03:05:01.005 11170 11556 I art     : Explicit concurrent mark sweep GC freed 1620(93KB) AllocSpace objects, 2(36KB) LOS objects, 10% free, 135MB/151MB, paused 1.101ms total 43.762ms
08-06 03:05:01.006 12757 12757 I Input   : injectMotionEvent: MotionEvent { action=ACTION_MOVE, actionButton=0, id[0]=0, x[0]=500.0, y[0]=782.1001, toolType[0]=TOOL_TYPE_UNKNOWN, buttonState=0, metaState=0, flags=0x0, edgeFlags=0x0, pointerCount=1, historySize=0, eventTime=846317419, downTime=846317419, deviceId=0, source=0x1002 }
08-06 03:05:01.021 11170 11556 I art     : Starting a blocking GC Explicit
08-06 03:05:01.047 12757 12757 I Input   : injectMotionEvent: MotionEvent { action=ACTION_MOVE, actionButton=0, id[0]=0, x[0]=500.0, y[0]=702.2999, toolType[0]=TOOL_TYPE_UNKNOWN, buttonState=0, metaState=0, flags=0x0, edgeFlags=0x0, pointerCount=1, historySize=0, eventTime=846317461, downTime=846317461, deviceId=0, source=0x1002 }
08-06 03:05:01.062 11170 11556 I art     : Explicit concurrent mark sweep GC freed 28(1024B) AllocSpace objects, 0(0B) LOS objects, 10% free, 135MB/151MB, paused 1.068ms total 40.343ms
08-06 03:05:01.080 11170 11556 I art     : Starting a blocking GC Explicit
08-06 03:05:01.086 12757 12757 I Input   : injectMotionEvent: MotionEvent { action=ACTION_MOVE, actionButton=0, id[0]=0, x[0]=500.0, y[0]=630.1, toolType[0]=TOOL_TYPE_UNKNOWN, buttonState=0, metaState=0, flags=0x0, edgeFlags=0x0, pointerCount=1, historySize=0, eventTime=846317499, downTime=846317499, deviceId=0, source=0x1002 }
08-06 03:05:01.122 11170 11556 I art     : Explicit concurrent mark sweep GC freed 15(752B) AllocSpace objects, 0(0B) LOS objects, 10% free, 135MB/151MB, paused 1.250ms total 41.969ms
08-06 03:05:01.128 12757 12757 I Input   : injectMotionEvent: MotionEvent { action=ACTION_MOVE, actionButton=0, id[0]=0, x[0]=500.0, y[0]=550.2999, toolType[0]=TOOL_TYPE_UNKNOWN, buttonState=0, metaState=0, flags=0x0, edgeFlags=0x0, pointerCount=1, historySize=0, eventTime=846317541, downTime=846317541, deviceId=0, source=0x1002 }
08-06 03:05:01.139 11170 11556 I art     : Starting a blocking GC Explicit
08-06 03:05:01.156   518   646 I ThermalEngine: ACTION: GPU - Setting GPU[0] to 390000000
08-06 03:05:01.183 12757 12757 I Input   : injectMotionEvent: MotionEvent { action=ACTION_MOVE, actionButton=0, id[0]=0, x[0]=500.0, y[0]=445.79993, toolType[0]=TOOL_TYPE_UNKNOWN, buttonState=0, metaState=0, flags=0x0, edgeFlags=0x0, pointerCount=1, historySize=0, eventTime=846317596, downTime=846317596, deviceId=0, source=0x1002 }
08-06 03:05:01.202 11170 11556 I art     : Explicit concurrent mark sweep GC freed 25(1024B) AllocSpace objects, 0(0B) LOS objects, 10% free, 135MB/151MB, paused 1.542ms total 62.075ms
08-06 03:05:01.222 12757 12757 I Input   : injectMotionEvent: MotionEvent { action=ACTION_MOVE, actionButton=0, id[0]=0, x[0]=500.0, y[0]=371.70007, toolType[0]=TOOL_TYPE_UNKNOWN, buttonState=0, metaState=0, flags=0x0, edgeFlags=0x0, pointerCount=1, historySize=0, eventTime=846317635, downTime=846317635, deviceId=0, source=0x1002 }
08-06 03:05:01.226 11170 11556 I art     : Starting a blocking GC Explicit
08-06 03:05:01.259 12757 12757 I Input   : injectMotionEvent: MotionEvent { action=ACTION_MOVE, actionButton=0, id[0]=0, x[0]=500.0, y[0]=299.5, toolType[0]=TOOL_TYPE_UNKNOWN, buttonState=0, metaState=0, flags=0x0, edgeFlags=0x0, pointerCount=1, historySize=0, eventTime=846317673, downTime=846317673, deviceId=0, source=0x1002 }
08-06 03:05:01.276 11170 11556 I art     : Explicit concurrent mark sweep GC freed 27(1488B) AllocSpace objects, 0(0B) LOS objects, 10% free, 135MB/151MB, paused 1.494ms total 49.923ms
08-06 03:05:01.298 12757 12757 I Input   : injectMotionEvent: MotionEvent { action=ACTION_MOVE, actionButton=0, id[0]=0, x[0]=500.0, y[0]=227.29993, toolType[0]=TOOL_TYPE_UNKNOWN, buttonState=0, metaState=0, flags=0x0, edgeFlags=0x0, pointerCount=1, historySize=0, eventTime=846317711, downTime=846317711, deviceId=0, source=0x1002 }
08-06 03:05:01.335 12757 12757 I Input   : injectMotionEvent: MotionEvent { action=ACTION_MOVE, actionButton=0, id[0]=0, x[0]=500.0, y[0]=157.0, toolType[0]=TOOL_TYPE_UNKNOWN, buttonState=0, metaState=0, flags=0x0, edgeFlags=0x0, pointerCount=1, historySize=0, eventTime=846317748, downTime=846317748, deviceId=0, source=0x1002 }
08-06 03:05:01.372 12757 12757 I Input   : injectMotionEvent: MotionEvent { action=ACTION_UP, actionButton=0, id[0]=0, x[0]=500.0, y[0]=100.0, toolType[0]=TOOL_TYPE_UNKNOWN, buttonState=0, metaState=0, flags=0x0, edgeFlags=0x0, pointerCount=1, historySize=0, eventTime=846317785, downTime=846317785, deviceId=0, source=0x1002 }
08-06 03:05:01.410 12757 12757 D AndroidRuntime: Shutting down VM
08-06 03:05:01.588  6516  6516 I ServiceManager: Waiting for service AtCmdFwd...
08-06 03:05:01.689 11170 11895 I art     : Starting a blocking GC Explicit
08-06 03:05:01.744 11170 11895 I art     : Explicit concurrent mark sweep GC freed 1589(92KB) AllocSpace objects, 2(36KB) LOS objects, 10% free, 135MB/151MB, paused 1.702ms total 54.206ms
08-06 03:05:01.767 11170 11895 I art     : Starting a blocking GC Explicit
08-06 03:05:01.820 11170 11895 I art     : Explicit concurrent mark sweep GC freed 40(1680B) AllocSpace objects, 0(0B) LOS objects, 10% free, 135MB/151MB, paused 1.631ms total 53.121ms
08-06 03:05:01.843 11170 11895 I art     : Starting a blocking GC Explicit
08-06 03:05:01.897 11170 11895 I art     : Explicit concurrent mark sweep GC freed 44(1472B) AllocSpace objects, 0(0B) LOS objects, 10% free, 135MB/151MB, paused 1.625ms total 54.228ms
08-06 03:05:01.920 11170 11895 I art     : Starting a blocking GC Explicit
08-06 03:05:01.974 11170 11895 I art     : Explicit concurrent mark sweep GC freed 3(96B) AllocSpace objects, 0(0B) LOS objects, 10% free, 135MB/151MB, paused 1.714ms total 53.897ms
08-06 03:05:01.997 11170 11895 I art     : Starting a blocking GC Explicit
08-06 03:05:02.051 11170 11895 I art     : Explicit concurrent mark sweep GC freed 3(96B) AllocSpace objects, 0(0B) LOS objects, 10% free, 135MB/151MB, paused 1.706ms total 53.519ms
08-06 03:05:02.291 12805 12805 D AndroidRuntime: >>>>>> START com.android.internal.os.RuntimeInit uid 2000 <<<<<<
08-06 03:05:02.297 12805 12805 D AndroidRuntime: CheckJNI is OFF
08-06 03:05:02.352 12805 12805 D ICU     : No timezone override file found: /data/misc/zoneinfo/current/icu/icu_tzdata.dat
08-06 03:05:02.398 12805 12805 I Radio-JNI: register_android_hardware_Radio DONE
08-06 03:05:02.431 12805 12805 D AndroidRuntime: Calling main entry com.android.commands.input.Input
08-06 03:05:02.433 12805 12805 I Input   : injectMotionEvent: MotionEvent { action=ACTION_DOWN, actionButton=0, id[0]=0, x[0]=657.0, y[0]=2080.0, toolType[0]=TOOL_TYPE_UNKNOWN, buttonState=0, metaState=0, flags=0x0, edgeFlags=0x0, pointerCount=1, historySize=0, eventTime=846318846, downTime=846318846, deviceId=0, source=0x1002 }
08-06 03:05:02.440 12805 12805 I Input   : injectMotionEvent: MotionEvent { action=ACTION_UP, actionButton=0, id[0]=0, x[0]=657.0, y[0]=2080.0, toolType[0]=TOOL_TYPE_UNKNOWN, buttonState=0, metaState=0, flags=0x0, edgeFlags=0x0, pointerCount=1, historySize=0, eventTime=846318846, downTime=846318846, deviceId=0, source=0x1002 }
08-06 03:05:02.444   918  3714 I ActivityManager: START u0 {cmp=baseline.io.github.project_travel_mate/.utilities.UpcomingWeekendsActivity} from uid 10696 on display 0
08-06 03:05:02.445   512  2967 D audio_hw_primary: out_set_parameters: enter: usecase(1: low-latency-playback) kvpairs: routing=2
08-06 03:05:02.450 12805 12805 D AndroidRuntime: Shutting down VM
08-06 03:05:02.459   512  2967 D audio_hw_primary: select_devices: out_snd_device(2: speaker) in_snd_device(0: none)
08-06 03:05:02.459   512  2967 D msm8974_platform: platform_send_audio_calibration: sending audio calibration for snd_device(2) acdb_id(15)
08-06 03:05:02.459   512  2967 I soundtrigger: audio_extn_sound_trigger_update_device_status: device 0x2 of type 0 for Event 1
08-06 03:05:02.479   512  2967 D audio_hw_primary: enable_snd_device: snd_device(2: speaker)
08-06 03:05:02.483   512  2967 D audio_hw_primary: enable_audio_route: apply and update mixer path: low-latency-playback speaker
08-06 03:05:02.490 11170 11183 I art     : Starting a blocking GC Explicit
08-06 03:05:02.490 11170 11250 D Gabe    : call	returning from cache
08-06 03:05:02.500 11170 11170 V EXECUTING: https://project-travel-mate.herokuapp.com/api/get-upcoming-holidays/2020
08-06 03:05:02.504 11170 11170 V EXECUTING: https://project-travel-mate.herokuapp.com/api/get-upcoming-holidays/2020
08-06 03:05:02.543 11170 11183 I art     : Explicit concurrent mark sweep GC freed 2668(203KB) AllocSpace objects, 2(36KB) LOS objects, 10% free, 135MB/151MB, paused 1.769ms total 53.193ms
08-06 03:05:02.565 11170 11183 I art     : Starting a blocking GC Explicit
08-06 03:05:02.589  6516  6516 I ServiceManager: Waiting for service AtCmdFwd...
08-06 03:05:02.615 11170 11183 I art     : Explicit concurrent mark sweep GC freed 800(37KB) AllocSpace objects, 0(0B) LOS objects, 10% free, 140MB/156MB, paused 1.874ms total 49.494ms
08-06 03:05:02.636 11170 11183 I art     : Starting a blocking GC Explicit
08-06 03:05:02.686 11170 11183 I art     : Explicit concurrent mark sweep GC freed 83(4KB) AllocSpace objects, 0(0B) LOS objects, 10% free, 140MB/156MB, paused 1.587ms total 49.713ms
08-06 03:05:02.701 13866 13866 I GoogleInputMethodServic: GoogleInputMethodService.onFinishInput():3138 
08-06 03:05:02.702 13866 13866 I GoogleInputMethodServic: GoogleInputMethodService.onStartInput():1808 
08-06 03:05:02.706 11170 11183 I art     : Starting a blocking GC Explicit
08-06 03:05:02.709   918   936 I ActivityManager: Displayed baseline.io.github.project_travel_mate/.utilities.UpcomingWeekendsActivity: +255ms
08-06 03:05:02.758 11170 11183 I art     : Explicit concurrent mark sweep GC freed 114(2832B) AllocSpace objects, 0(0B) LOS objects, 10% free, 140MB/156MB, paused 2.160ms total 51.804ms
08-06 03:05:02.780 11170 11183 I art     : Starting a blocking GC Explicit
08-06 03:05:02.833 11170 11183 I art     : Explicit concurrent mark sweep GC freed 73(1264B) AllocSpace objects, 0(0B) LOS objects, 10% free, 140MB/156MB, paused 1.728ms total 52.875ms
08-06 03:05:02.964   380   380 W SurfaceFlinger: couldn't log to binary event log: overflow.
08-06 03:05:03.020   512  2967 D audio_hw_primary: disable_audio_route: reset and update mixer path: low-latency-playback speaker
08-06 03:05:03.022   512  2967 D audio_hw_primary: disable_snd_device: snd_device(2: speaker)
08-06 03:05:03.030   512  2967 I soundtrigger: audio_extn_sound_trigger_update_device_status: device 0x2 of type 0 for Event 0
08-06 03:05:03.084 11170 12829 I NAPPA_EXPERIMENTATION: MetricNetworkRequestExecutionTime: REQUEST_DURATION_SYSTEM='578',REQUEST_DURATION_OKHTTP='63',REQUEST_SYNCHRONOUS='FALSE',RESPONSE_CODE='200',RESPONSE_METHOD='GET',RESPONSE_LENGTH_OKHTTP='6426',RESPONSE_LENGTH_HEADER='6426',REQUEST_PROTOCOL='http/1.1',REQUEST_URL='https://project-travel-mate.herokuapp.com/api/get-upcoming-holidays/2020',
08-06 03:05:03.089 11170 12828 I NAPPA_EXPERIMENTATION: MetricNetworkRequestExecutionTime: REQUEST_DURATION_SYSTEM='588',REQUEST_DURATION_OKHTTP='66',REQUEST_SYNCHRONOUS='FALSE',RESPONSE_CODE='200',RESPONSE_METHOD='GET',RESPONSE_LENGTH_OKHTTP='6426',RESPONSE_LENGTH_HEADER='6426',REQUEST_PROTOCOL='http/1.1',REQUEST_URL='https://project-travel-mate.herokuapp.com/api/get-upcoming-holidays/2020',
08-06 03:05:03.184 11170 11170 V Response: [{"month":"January","date":1,"day":"Wednesday","name":"New Year's Day","type":"Restricted"},{"month":"January","date":2,"day":"Thursday","name":"Guru Govind Singh Jayanti","type":"Restricted"},{"month":"January","date":14,"day":"Tuesday","name":"Lohri","type":"Restricted"},{"month":"January","date":15,"day":"Wednesday","name":"Pongal","type":"Restricted"},{"month":"January","date":15,"day":"Wednesday","name":"Makar Sankranti","type":"Restricted"},{"month":"January","date":25,"day":"Saturday","name":"Chinese New Year","type":"Observance"},{"month":"January","date":26,"day":"Sunday","name":"Republic Day","type":"Gazetted"},{"month":"January","date":30,"day":"Thursday","name":"Vasant Panchami","type":"Restricted"},{"month":"February","date":9,"day":"Sunday","name":"Guru Ravidas Jayanti","type":"Restricted"},{"month":"February","date":14,"day":"Friday","name":"Valentine's Day","type":"Observance"},{"month":"February","date":18,"day":"Tuesday","name":"Maharishi Dayanand Saraswati Jayanti","type":"Restricted"},{"month":"February","date":19,"day":"Wednesday","name":"Shivaji Jayanti","type":"Restricted"},{"month":"February","date":21,"day":"Friday","name":"Maha Shivaratri/Shivaratri","type":"Gazetted"},{"month":"March","date":9,"day":"Monday","name":"Holika Dahana","type":"Restricted"},{"month":"March","date":9,"day":"Monday","name":"Hazarat Ali's Birthday","type":"Restricted"},{"month":"March","date":10,"day":"Tuesday","name":"Holi","type":"Gazetted"},{"month":"March","date":20,"day":"Friday","name":"March Equinox","type":"Season"},{"month":"March","date":25,"day":"Wednesday","name":"Chaitra Sukhladi","type":"Restricted"},{"month":"April","date":2,"day":"Thursday","name":"Rama Navami","type":"Gazetted"},{"month":"April","date":6,"day":"Monday","name":"Mahavir Jayanti","type":"Gazetted"},{"month":"April","date":9,"day":"Thursday","name":"First day of Passover","type":"Observance"},{"month":"April","date":9,"day":"Thursday","name":"Maundy Thursday","type":"Observance,"},{"month":"April","date":10,"day":"Friday","name":"Good Friday","type":"Gazetted"},{"month":"April","date":12,"day":"Sunday","name":"Easter Day","type":"Restricted"},{"month":"April","date":13,"day":"Monday","name":"Vaisakhi","type":"Restricted"},{"month":"April","date":14,"day":"Tuesday","name":"Mesadi/Vaisakhadi","type":"Restricted"},{"month":"April","date":14,"day":"Tuesday","name":"Ambedkar Jayanti","type":"Central"},{"month":"May","date":1,"day":"Friday","name":"May Day","type":"Observance"},{"month":"May","date":7,"day":"Thursday","name":"Buddha Purnima/Vesak","type":"Gazetted"},{"month":"May","date":7,"day":"Thursday","name":"Birthday of Ravindranath","type":"Restricted"},{"month":"May","date":10,"day":"Sunday","name":"Mother's Day","type":"Observance"},{"month":"May","date":22,"day":"Friday","name":"Jamat Ul-Vida","type":"Restricted"},{"month":"May","date":25,"day":"Monday","name":"Ramzan Id/Eid-ul-Fitar","type":"Gazetted"},{"month":"May","date":25,"day":"Monday","name":"Ramzan Id/Eid-ul-Fitar","type":"Muslim,"},{"month":"June","date":21,"day":"Sunday","name":"June Solstice","type":"Season"},{"month":"June","date":21,"day":"Sunday","name":"Father's Day","type":"Observance"},{"month":"June","date":23,"day":"Tuesday","name":"Rath Yatra","type":"Restricted"},{"month":"July","date":5,"day":"Sunday","name":"Guru Purnima","type":"Observance"},{"month":"July","date":31,"day":"Friday","name":"Bakr Id/Eid ul-Adha","type":"Gazetted"},{"month":"August","date":2,"day":"Sunday","name":"Friendship Day","type":"Observance"},{"month":"August","date":3,"day":"Monday","name":"Raksha Bandhan (Rakhi)","type":"Restricted"},{"month":"August","date":11,"day":"Tuesday","name":"Janmashtami (Smarta)","type":"Restricted"},{"month":"August","date":12,"day":"Wednesday","name":"Janmashtami","type":"Gazetted"},{"month":"August","date":15,"day":"Saturday","name":"Independence Day","type":"Gazetted"},{"month":"August","date":16,"day":"Sunday","name":"Parsi New Year","type":"Restricted"},{"month":"August","date":22,"day":"Saturday","name":"Ganesh Chaturthi/Vin
08-06 03:05:03.189 11170 11170 V Response: [{"month":"January","date":1,"day":"Wednesday","name":"New Year's Day","type":"Restricted"},{"month":"January","date":2,"day":"Thursday","name":"Guru Govind Singh Jayanti","type":"Restricted"},{"month":"January","date":14,"day":"Tuesday","name":"Lohri","type":"Restricted"},{"month":"January","date":15,"day":"Wednesday","name":"Pongal","type":"Restricted"},{"month":"January","date":15,"day":"Wednesday","name":"Makar Sankranti","type":"Restricted"},{"month":"January","date":25,"day":"Saturday","name":"Chinese New Year","type":"Observance"},{"month":"January","date":26,"day":"Sunday","name":"Republic Day","type":"Gazetted"},{"month":"January","date":30,"day":"Thursday","name":"Vasant Panchami","type":"Restricted"},{"month":"February","date":9,"day":"Sunday","name":"Guru Ravidas Jayanti","type":"Restricted"},{"month":"February","date":14,"day":"Friday","name":"Valentine's Day","type":"Observance"},{"month":"February","date":18,"day":"Tuesday","name":"Maharishi Dayanand Saraswati Jayanti","type":"Restricted"},{"month":"February","date":19,"day":"Wednesday","name":"Shivaji Jayanti","type":"Restricted"},{"month":"February","date":21,"day":"Friday","name":"Maha Shivaratri/Shivaratri","type":"Gazetted"},{"month":"March","date":9,"day":"Monday","name":"Holika Dahana","type":"Restricted"},{"month":"March","date":9,"day":"Monday","name":"Hazarat Ali's Birthday","type":"Restricted"},{"month":"March","date":10,"day":"Tuesday","name":"Holi","type":"Gazetted"},{"month":"March","date":20,"day":"Friday","name":"March Equinox","type":"Season"},{"month":"March","date":25,"day":"Wednesday","name":"Chaitra Sukhladi","type":"Restricted"},{"month":"April","date":2,"day":"Thursday","name":"Rama Navami","type":"Gazetted"},{"month":"April","date":6,"day":"Monday","name":"Mahavir Jayanti","type":"Gazetted"},{"month":"April","date":9,"day":"Thursday","name":"First day of Passover","type":"Observance"},{"month":"April","date":9,"day":"Thursday","name":"Maundy Thursday","type":"Observance,"},{"month":"April","date":10,"day":"Friday","name":"Good Friday","type":"Gazetted"},{"month":"April","date":12,"day":"Sunday","name":"Easter Day","type":"Restricted"},{"month":"April","date":13,"day":"Monday","name":"Vaisakhi","type":"Restricted"},{"month":"April","date":14,"day":"Tuesday","name":"Mesadi/Vaisakhadi","type":"Restricted"},{"month":"April","date":14,"day":"Tuesday","name":"Ambedkar Jayanti","type":"Central"},{"month":"May","date":1,"day":"Friday","name":"May Day","type":"Observance"},{"month":"May","date":7,"day":"Thursday","name":"Buddha Purnima/Vesak","type":"Gazetted"},{"month":"May","date":7,"day":"Thursday","name":"Birthday of Ravindranath","type":"Restricted"},{"month":"May","date":10,"day":"Sunday","name":"Mother's Day","type":"Observance"},{"month":"May","date":22,"day":"Friday","name":"Jamat Ul-Vida","type":"Restricted"},{"month":"May","date":25,"day":"Monday","name":"Ramzan Id/Eid-ul-Fitar","type":"Gazetted"},{"month":"May","date":25,"day":"Monday","name":"Ramzan Id/Eid-ul-Fitar","type":"Muslim,"},{"month":"June","date":21,"day":"Sunday","name":"June Solstice","type":"Season"},{"month":"June","date":21,"day":"Sunday","name":"Father's Day","type":"Observance"},{"month":"June","date":23,"day":"Tuesday","name":"Rath Yatra","type":"Restricted"},{"month":"July","date":5,"day":"Sunday","name":"Guru Purnima","type":"Observance"},{"month":"July","date":31,"day":"Friday","name":"Bakr Id/Eid ul-Adha","type":"Gazetted"},{"month":"August","date":2,"day":"Sunday","name":"Friendship Day","type":"Observance"},{"month":"August","date":3,"day":"Monday","name":"Raksha Bandhan (Rakhi)","type":"Restricted"},{"month":"August","date":11,"day":"Tuesday","name":"Janmashtami (Smarta)","type":"Restricted"},{"month":"August","date":12,"day":"Wednesday","name":"Janmashtami","type":"Gazetted"},{"month":"August","date":15,"day":"Saturday","name":"Independence Day","type":"Gazetted"},{"month":"August","date":16,"day":"Sunday","name":"Parsi New Year","type":"Restricted"},{"month":"August","date":22,"day":"Saturday","name":"Ganesh Chaturthi/Vin
08-06 03:05:03.254 11170 11230 I art     : Starting a blocking GC Explicit
08-06 03:05:03.315 11170 11230 I art     : Explicit concurrent mark sweep GC freed 16726(760KB) AllocSpace objects, 11(484KB) LOS objects, 10% free, 141MB/157MB, paused 1.801ms total 60.121ms
08-06 03:05:03.339 11170 11230 I art     : Starting a blocking GC Explicit
08-06 03:05:03.395 11170 11230 I art     : Explicit concurrent mark sweep GC freed 2292(246KB) AllocSpace objects, 1(4MB) LOS objects, 10% free, 136MB/152MB, paused 1.645ms total 55.986ms
08-06 03:05:03.418 11170 11230 I art     : Starting a blocking GC Explicit
08-06 03:05:03.475 11170 11230 I art     : Explicit concurrent mark sweep GC freed 125(2192B) AllocSpace objects, 0(0B) LOS objects, 10% free, 136MB/152MB, paused 1.694ms total 56.719ms
08-06 03:05:03.499 11170 11230 I art     : Starting a blocking GC Explicit
08-06 03:05:03.559 11170 11230 I art     : Explicit concurrent mark sweep GC freed 123(2096B) AllocSpace objects, 0(0B) LOS objects, 10% free, 136MB/152MB, paused 1.910ms total 60.010ms
08-06 03:05:03.582 11170 11230 I art     : Starting a blocking GC Explicit
08-06 03:05:03.589  6516  6516 I ServiceManager: Waiting for service AtCmdFwd...
08-06 03:05:03.643 11170 11230 I art     : Explicit concurrent mark sweep GC freed 123(2096B) AllocSpace objects, 0(0B) LOS objects, 10% free, 136MB/152MB, paused 1.696ms total 60.804ms
08-06 03:05:04.073 11170 11556 I art     : Starting a blocking GC Explicit
08-06 03:05:04.135 11170 11556 I art     : Explicit concurrent mark sweep GC freed 2321(104KB) AllocSpace objects, 2(36KB) LOS objects, 10% free, 136MB/152MB, paused 1.773ms total 61.592ms
08-06 03:05:04.160 11170 11556 I art     : Starting a blocking GC Explicit
08-06 03:05:04.218 11170 11556 I art     : Explicit concurrent mark sweep GC freed 166(3KB) AllocSpace objects, 0(0B) LOS objects, 10% free, 136MB/152MB, paused 1.823ms total 58.269ms
08-06 03:05:04.242 11170 11556 I art     : Starting a blocking GC Explicit
08-06 03:05:04.303 11170 11556 I art     : Explicit concurrent mark sweep GC freed 137(2320B) AllocSpace objects, 0(0B) LOS objects, 10% free, 136MB/152MB, paused 1.969ms total 60.242ms
08-06 03:05:04.327 11170 11556 I art     : Starting a blocking GC Explicit
08-06 03:05:04.388 11170 11556 I art     : Explicit concurrent mark sweep GC freed 133(2272B) AllocSpace objects, 0(0B) LOS objects, 10% free, 136MB/152MB, paused 1.838ms total 60.071ms
08-06 03:05:04.412 11170 11556 I art     : Starting a blocking GC Explicit
08-06 03:05:04.473 11170 11556 I art     : Explicit concurrent mark sweep GC freed 122(2064B) AllocSpace objects, 0(0B) LOS objects, 10% free, 136MB/152MB, paused 1.787ms total 60.694ms
08-06 03:05:04.590  6516  6516 I ServiceManager: Waiting for service AtCmdFwd...
08-06 03:05:04.898 11170 11183 I art     : Starting a blocking GC Explicit
08-06 03:05:04.961 11170 11183 I art     : Explicit concurrent mark sweep GC freed 2322(104KB) AllocSpace objects, 2(36KB) LOS objects, 10% free, 136MB/152MB, paused 1.824ms total 63.100ms
08-06 03:05:04.986 11170 11183 I art     : Starting a blocking GC Explicit
08-06 03:05:05.047 11170 11183 I art     : Explicit concurrent mark sweep GC freed 158(3KB) AllocSpace objects, 0(0B) LOS objects, 10% free, 136MB/152MB, paused 1.776ms total 60.806ms
08-06 03:05:05.072 11170 11183 I art     : Starting a blocking GC Explicit
08-06 03:05:05.132 11170 11183 I art     : Explicit concurrent mark sweep GC freed 123(2096B) AllocSpace objects, 0(0B) LOS objects, 10% free, 136MB/152MB, paused 1.736ms total 60.199ms
08-06 03:05:05.156 11170 11183 I art     : Starting a blocking GC Explicit
08-06 03:05:05.217 11170 11183 I art     : Explicit concurrent mark sweep GC freed 123(2096B) AllocSpace objects, 0(0B) LOS objects, 10% free, 136MB/152MB, paused 1.682ms total 59.966ms
08-06 03:05:05.241 11170 11183 I art     : Starting a blocking GC Explicit
08-06 03:05:05.301 11170 11183 I art     : Explicit concurrent mark sweep GC freed 123(2096B) AllocSpace objects, 0(0B) LOS objects, 10% free, 136MB/152MB, paused 1.739ms total 60.052ms
08-06 03:05:05.590  6516  6516 W Atfwd_Sendcmd: AtCmdFwd service not published, waiting... retryCnt : 5
08-06 03:05:05.747   918  1210 D NetlinkSocketObserver: NeighborEvent{elapsedMs=1829709621, 192.168.2.254, [7C3953A63323], RTM_NEWNEIGH, NUD_STALE}
08-06 03:05:05.749 11170 11181 I art     : Starting a blocking GC Explicit
08-06 03:05:05.809 11170 11181 I art     : Explicit concurrent mark sweep GC freed 2327(104KB) AllocSpace objects, 2(36KB) LOS objects, 10% free, 136MB/152MB, paused 1.812ms total 60.228ms
08-06 03:05:05.834 11170 11181 I art     : Starting a blocking GC Explicit
08-06 03:05:05.895 11170 11181 I art     : Explicit concurrent mark sweep GC freed 192(4KB) AllocSpace objects, 0(0B) LOS objects, 10% free, 136MB/152MB, paused 1.757ms total 60.426ms
08-06 03:05:05.919 11170 11181 I art     : Starting a blocking GC Explicit
08-06 03:05:05.979 11170 11181 I art     : Explicit concurrent mark sweep GC freed 138(2560B) AllocSpace objects, 0(0B) LOS objects, 10% free, 136MB/152MB, paused 1.794ms total 59.880ms
08-06 03:05:06.003 11170 11181 I art     : Starting a blocking GC Explicit
08-06 03:05:06.064 11170 11181 I art     : Explicit concurrent mark sweep GC freed 123(2096B) AllocSpace objects, 0(0B) LOS objects, 10% free, 136MB/152MB, paused 1.651ms total 60.418ms
08-06 03:05:06.091 11170 11181 I art     : Starting a blocking GC Explicit
08-06 03:05:06.149 11170 11181 I art     : Explicit concurrent mark sweep GC freed 123(2096B) AllocSpace objects, 0(0B) LOS objects, 10% free, 136MB/152MB, paused 1.747ms total 58.287ms
08-06 03:05:06.163   518   646 I ThermalEngine: ACTION: GPU - Setting GPU[0] to 450000000
08-06 03:05:06.585 11170 11895 I art     : Starting a blocking GC Explicit
08-06 03:05:06.638 11170 11895 I art     : Explicit concurrent mark sweep GC freed 2278(103KB) AllocSpace objects, 2(36KB) LOS objects, 10% free, 136MB/152MB, paused 1.344ms total 53.001ms
08-06 03:05:06.659 11170 11895 I art     : Starting a blocking GC Explicit
08-06 03:05:06.707 11170 11895 I art     : Explicit concurrent mark sweep GC freed 147(3008B) AllocSpace objects, 0(0B) LOS objects, 10% free, 136MB/152MB, paused 1.214ms total 47.656ms
08-06 03:05:06.725 11170 11895 I art     : Starting a blocking GC Explicit
08-06 03:05:06.771 11170 11895 I art     : Explicit concurrent mark sweep GC freed 100(1728B) AllocSpace objects, 0(0B) LOS objects, 10% free, 136MB/152MB, paused 1.144ms total 45.872ms
08-06 03:05:06.789 11170 11895 I art     : Starting a blocking GC Explicit
08-06 03:05:06.835 11170 11895 I art     : Explicit concurrent mark sweep GC freed 75(1296B) AllocSpace objects, 0(0B) LOS objects, 10% free, 136MB/152MB, paused 1.117ms total 45.519ms
08-06 03:05:06.852 11170 11895 I art     : Starting a blocking GC Explicit
08-06 03:05:06.902 11170 11895 I art     : Explicit concurrent mark sweep GC freed 130(2528B) AllocSpace objects, 0(0B) LOS objects, 10% free, 136MB/152MB, paused 1.190ms total 49.416ms
08-06 03:05:07.235 12885 12885 D AndroidRuntime: >>>>>> START com.android.internal.os.RuntimeInit uid 2000 <<<<<<
08-06 03:05:07.241 12885 12885 D AndroidRuntime: CheckJNI is OFF
08-06 03:05:07.286 12885 12885 D ICU     : No timezone override file found: /data/misc/zoneinfo/current/icu/icu_tzdata.dat
08-06 03:05:07.320 11170 11230 I art     : Starting a blocking GC Explicit
08-06 03:05:07.331 12885 12885 I Radio-JNI: register_android_hardware_Radio DONE
08-06 03:05:07.361 12885 12885 D AndroidRuntime: Calling main entry com.android.commands.input.Input
08-06 03:05:07.363 12885 12885 I Input   : injectKeyEvent: KeyEvent { action=ACTION_DOWN, keyCode=KEYCODE_BACK, scanCode=0, metaState=0, flags=0x0, repeatCount=0, eventTime=846323776, downTime=846323776, deviceId=-1, source=0x101 }
08-06 03:05:07.371 11170 11230 I art     : Explicit concurrent mark sweep GC freed 2265(103KB) AllocSpace objects, 2(36KB) LOS objects, 10% free, 136MB/152MB, paused 1.207ms total 50.749ms
08-06 03:05:07.372 12885 12885 I Input   : injectKeyEvent: KeyEvent { action=ACTION_UP, keyCode=KEYCODE_BACK, scanCode=0, metaState=0, flags=0x0, repeatCount=0, eventTime=846323776, downTime=846323776, deviceId=-1, source=0x101 }
08-06 03:05:07.381 12885 12885 D AndroidRuntime: Shutting down VM
08-06 03:05:07.390 11170 11230 I art     : Starting a blocking GC Explicit
08-06 03:05:07.392 11170 11170 V MainActivity: url = https://project-travel-mate.herokuapp.com/api/number-of-unread-notifications
08-06 03:05:07.423 13866 13866 I GoogleInputMethodServic: GoogleInputMethodService.onFinishInput():3138 
08-06 03:05:07.424 13866 13866 I GoogleInputMethodServic: GoogleInputMethodService.onStartInput():1808 
08-06 03:05:07.435 11170 11230 I art     : Explicit concurrent mark sweep GC freed 440(16KB) AllocSpace objects, 0(0B) LOS objects, 10% free, 136MB/152MB, paused 1.307ms total 45.294ms
08-06 03:05:07.454 11170 11230 I art     : Starting a blocking GC Explicit
08-06 03:05:07.496 11170 11230 I art     : Explicit concurrent mark sweep GC freed 111(3KB) AllocSpace objects, 0(0B) LOS objects, 10% free, 136MB/152MB, paused 1.114ms total 41.896ms
08-06 03:05:07.514 11170 11230 I art     : Starting a blocking GC Explicit
08-06 03:05:07.559 11170 11230 I art     : Explicit concurrent mark sweep GC freed 163(7KB) AllocSpace objects, 0(0B) LOS objects, 10% free, 136MB/152MB, paused 1.115ms total 44.195ms
08-06 03:05:07.576 11170 11230 I art     : Starting a blocking GC Explicit
08-06 03:05:07.622 11170 11230 I art     : Explicit concurrent mark sweep GC freed 96(1680B) AllocSpace objects, 0(0B) LOS objects, 10% free, 136MB/152MB, paused 1.197ms total 46.112ms
08-06 03:05:07.753   380   380 W SurfaceFlinger: couldn't log to binary event log: overflow.
08-06 03:05:07.995 11170 11230 I art     : Starting a blocking GC Explicit
08-06 03:05:08.054 11170 11230 I art     : Explicit concurrent mark sweep GC freed 4433(230KB) AllocSpace objects, 6(424KB) LOS objects, 10% free, 136MB/152MB, paused 1.427ms total 57.803ms
08-06 03:05:08.072 11170 11230 I art     : Starting a blocking GC Explicit
08-06 03:05:08.075 11170 12908 I NAPPA_EXPERIMENTATION: MetricNetworkRequestExecutionTime: REQUEST_DURATION_SYSTEM='682',REQUEST_DURATION_OKHTTP='37',REQUEST_SYNCHRONOUS='FALSE',RESPONSE_CODE='200',RESPONSE_METHOD='GET',RESPONSE_LENGTH_OKHTTP='36',RESPONSE_LENGTH_HEADER='36',REQUEST_PROTOCOL='http/1.1',REQUEST_URL='https://project-travel-mate.herokuapp.com/api/number-of-unread-notifications',
08-06 03:05:08.118 11170 11230 I art     : Explicit concurrent mark sweep GC freed 7702(488KB) AllocSpace objects, 13(264KB) LOS objects, 10% free, 135MB/151MB, paused 1.184ms total 46.284ms
08-06 03:05:08.136 11170 11230 I art     : Starting a blocking GC Explicit
08-06 03:05:08.182 11170 11230 I art     : Explicit concurrent mark sweep GC freed 133(5KB) AllocSpace objects, 0(0B) LOS objects, 10% free, 135MB/151MB, paused 1.168ms total 46.383ms
08-06 03:05:08.200 11170 11230 I art     : Starting a blocking GC Explicit
08-06 03:05:08.247 11170 11230 I art     : Explicit concurrent mark sweep GC freed 3(96B) AllocSpace objects, 0(0B) LOS objects, 10% free, 135MB/151MB, paused 1.232ms total 46.998ms
08-06 03:05:08.265 11170 11230 I art     : Starting a blocking GC Explicit
08-06 03:05:08.310 11170 11230 I art     : Explicit concurrent mark sweep GC freed 3(96B) AllocSpace objects, 0(0B) LOS objects, 10% free, 135MB/151MB, paused 1.174ms total 44.328ms
08-06 03:05:08.706 11170 11183 I art     : Starting a blocking GC Explicit
08-06 03:05:08.758 11170 11183 I art     : Explicit concurrent mark sweep GC freed 1582(91KB) AllocSpace objects, 2(36KB) LOS objects, 10% free, 135MB/151MB, paused 1.301ms total 51.301ms
08-06 03:05:08.778 11170 11183 I art     : Starting a blocking GC Explicit
08-06 03:05:08.824 11170 11183 I art     : Explicit concurrent mark sweep GC freed 28(1024B) AllocSpace objects, 0(0B) LOS objects, 10% free, 135MB/151MB, paused 1.170ms total 45.778ms
08-06 03:05:08.841 11170 11183 I art     : Starting a blocking GC Explicit
08-06 03:05:08.887 11170 11183 I art     : Explicit concurrent mark sweep GC freed 34(928B) AllocSpace objects, 0(0B) LOS objects, 10% free, 135MB/151MB, paused 1.192ms total 45.306ms
08-06 03:05:08.905 11170 11183 I art     : Starting a blocking GC Explicit
08-06 03:05:08.950 11170 11183 I art     : Explicit concurrent mark sweep GC freed 3(96B) AllocSpace objects, 0(0B) LOS objects, 10% free, 135MB/151MB, paused 1.150ms total 44.888ms
08-06 03:05:08.967 11170 11183 I art     : Starting a blocking GC Explicit
08-06 03:05:09.013 11170 11183 I art     : Explicit concurrent mark sweep GC freed 4(128B) AllocSpace objects, 0(0B) LOS objects, 10% free, 135MB/151MB, paused 1.145ms total 45.855ms
08-06 03:05:09.166 12933 12933 D AndroidRuntime: >>>>>> START com.android.internal.os.RuntimeInit uid 2000 <<<<<<
08-06 03:05:09.171 12933 12933 D AndroidRuntime: CheckJNI is OFF
08-06 03:05:09.211 12933 12933 D ICU     : No timezone override file found: /data/misc/zoneinfo/current/icu/icu_tzdata.dat
08-06 03:05:09.251 12933 12933 I Radio-JNI: register_android_hardware_Radio DONE
08-06 03:05:09.280 12933 12933 D AndroidRuntime: Calling main entry com.android.commands.input.Input
08-06 03:05:09.282 12933 12933 I Input   : injectMotionEvent: MotionEvent { action=ACTION_DOWN, actionButton=0, id[0]=0, x[0]=657.0, y[0]=2080.0, toolType[0]=TOOL_TYPE_UNKNOWN, buttonState=0, metaState=0, flags=0x0, edgeFlags=0x0, pointerCount=1, historySize=0, eventTime=846325694, downTime=846325694, deviceId=0, source=0x1002 }
08-06 03:05:09.311 12933 12933 I Input   : injectMotionEvent: MotionEvent { action=ACTION_UP, actionButton=0, id[0]=0, x[0]=657.0, y[0]=2080.0, toolType[0]=TOOL_TYPE_UNKNOWN, buttonState=0, metaState=0, flags=0x0, edgeFlags=0x0, pointerCount=1, historySize=0, eventTime=846325694, downTime=846325694, deviceId=0, source=0x1002 }
08-06 03:05:09.350 12933 12933 D AndroidRuntime: Shutting down VM
08-06 03:05:09.350   918  6029 I ActivityManager: START u0 {cmp=baseline.io.github.project_travel_mate/.utilities.UpcomingWeekendsActivity} from uid 10696 on display 0
08-06 03:05:09.352   512  2967 D audio_hw_primary: out_set_parameters: enter: usecase(1: low-latency-playback) kvpairs: routing=2
08-06 03:05:09.365   512  2967 D audio_hw_primary: select_devices: out_snd_device(2: speaker) in_snd_device(0: none)
08-06 03:05:09.365   512  2967 D msm8974_platform: platform_send_audio_calibration: sending audio calibration for snd_device(2) acdb_id(15)
08-06 03:05:09.365   512  2967 I soundtrigger: audio_extn_sound_trigger_update_device_status: device 0x2 of type 0 for Event 1
08-06 03:05:09.374   512  2967 D audio_hw_primary: enable_snd_device: snd_device(2: speaker)
08-06 03:05:09.376   512  2967 D audio_hw_primary: enable_audio_route: apply and update mixer path: low-latency-playback speaker
08-06 03:05:09.378 11170 11250 D Gabe    : call	returning from cache
08-06 03:05:09.380 11170 11170 V EXECUTING: https://project-travel-mate.herokuapp.com/api/get-upcoming-holidays/2020
08-06 03:05:09.383 11170 11170 V EXECUTING: https://project-travel-mate.herokuapp.com/api/get-upcoming-holidays/2020
08-06 03:05:09.404 11170 11895 I art     : Starting a blocking GC Explicit
08-06 03:05:09.449 11170 11895 I art     : Explicit concurrent mark sweep GC freed 2711(169KB) AllocSpace objects, 2(36KB) LOS objects, 10% free, 136MB/152MB, paused 1.328ms total 44.865ms
08-06 03:05:09.466 11170 11895 I art     : Starting a blocking GC Explicit
08-06 03:05:09.470 13866 13866 I GoogleInputMethodServic: GoogleInputMethodService.onFinishInput():3138 
08-06 03:05:09.471 13866 13866 I GoogleInputMethodServic: GoogleInputMethodService.onStartInput():1808 
08-06 03:05:09.506 11170 11895 I art     : Explicit concurrent mark sweep GC freed 743(28KB) AllocSpace objects, 0(0B) LOS objects, 10% free, 140MB/156MB, paused 1.380ms total 39.937ms
08-06 03:05:09.523 11170 11895 I art     : Starting a blocking GC Explicit
08-06 03:05:09.565 11170 11895 I art     : Explicit concurrent mark sweep GC freed 79(3040B) AllocSpace objects, 0(0B) LOS objects, 10% free, 140MB/156MB, paused 1.376ms total 41.791ms
08-06 03:05:09.567   918   936 I ActivityManager: Displayed baseline.io.github.project_travel_mate/.utilities.UpcomingWeekendsActivity: +206ms
08-06 03:05:09.582 11170 11895 I art     : Starting a blocking GC Explicit
08-06 03:05:09.628 11170 11895 I art     : Explicit concurrent mark sweep GC freed 62(1072B) AllocSpace objects, 0(0B) LOS objects, 10% free, 140MB/156MB, paused 1.691ms total 45.721ms
08-06 03:05:09.647 11170 11895 I art     : Starting a blocking GC Explicit
08-06 03:05:09.693 11170 11895 I art     : Explicit concurrent mark sweep GC freed 80(1344B) AllocSpace objects, 0(0B) LOS objects, 10% free, 140MB/156MB, paused 1.697ms total 45.135ms
08-06 03:05:09.822   380   380 W SurfaceFlinger: couldn't log to binary event log: overflow.
08-06 03:05:09.909   512  2967 D audio_hw_primary: disable_audio_route: reset and update mixer path: low-latency-playback speaker
08-06 03:05:09.910   512  2967 D audio_hw_primary: disable_snd_device: snd_device(2: speaker)
08-06 03:05:09.917 11170 12957 I NAPPA_EXPERIMENTATION: MetricNetworkRequestExecutionTime: REQUEST_DURATION_SYSTEM='536',REQUEST_DURATION_OKHTTP='45',REQUEST_SYNCHRONOUS='FALSE',RESPONSE_CODE='200',RESPONSE_METHOD='GET',RESPONSE_LENGTH_OKHTTP='6426',RESPONSE_LENGTH_HEADER='6426',REQUEST_PROTOCOL='http/1.1',REQUEST_URL='https://project-travel-mate.herokuapp.com/api/get-upcoming-holidays/2020',
08-06 03:05:09.918   512  2967 I soundtrigger: audio_extn_sound_trigger_update_device_status: device 0x2 of type 0 for Event 0
08-06 03:05:09.932 11170 12958 I NAPPA_EXPERIMENTATION: MetricNetworkRequestExecutionTime: REQUEST_DURATION_SYSTEM='549',REQUEST_DURATION_OKHTTP='58',REQUEST_SYNCHRONOUS='FALSE',RESPONSE_CODE='200',RESPONSE_METHOD='GET',RESPONSE_LENGTH_OKHTTP='6426',RESPONSE_LENGTH_HEADER='6426',REQUEST_PROTOCOL='http/1.1',REQUEST_URL='https://project-travel-mate.herokuapp.com/api/get-upcoming-holidays/2020',
08-06 03:05:10.036 11170 11170 V Response: [{"month":"January","date":1,"day":"Wednesday","name":"New Year's Day","type":"Restricted"},{"month":"January","date":2,"day":"Thursday","name":"Guru Govind Singh Jayanti","type":"Restricted"},{"month":"January","date":14,"day":"Tuesday","name":"Lohri","type":"Restricted"},{"month":"January","date":15,"day":"Wednesday","name":"Pongal","type":"Restricted"},{"month":"January","date":15,"day":"Wednesday","name":"Makar Sankranti","type":"Restricted"},{"month":"January","date":25,"day":"Saturday","name":"Chinese New Year","type":"Observance"},{"month":"January","date":26,"day":"Sunday","name":"Republic Day","type":"Gazetted"},{"month":"January","date":30,"day":"Thursday","name":"Vasant Panchami","type":"Restricted"},{"month":"February","date":9,"day":"Sunday","name":"Guru Ravidas Jayanti","type":"Restricted"},{"month":"February","date":14,"day":"Friday","name":"Valentine's Day","type":"Observance"},{"month":"February","date":18,"day":"Tuesday","name":"Maharishi Dayanand Saraswati Jayanti","type":"Restricted"},{"month":"February","date":19,"day":"Wednesday","name":"Shivaji Jayanti","type":"Restricted"},{"month":"February","date":21,"day":"Friday","name":"Maha Shivaratri/Shivaratri","type":"Gazetted"},{"month":"March","date":9,"day":"Monday","name":"Holika Dahana","type":"Restricted"},{"month":"March","date":9,"day":"Monday","name":"Hazarat Ali's Birthday","type":"Restricted"},{"month":"March","date":10,"day":"Tuesday","name":"Holi","type":"Gazetted"},{"month":"March","date":20,"day":"Friday","name":"March Equinox","type":"Season"},{"month":"March","date":25,"day":"Wednesday","name":"Chaitra Sukhladi","type":"Restricted"},{"month":"April","date":2,"day":"Thursday","name":"Rama Navami","type":"Gazetted"},{"month":"April","date":6,"day":"Monday","name":"Mahavir Jayanti","type":"Gazetted"},{"month":"April","date":9,"day":"Thursday","name":"First day of Passover","type":"Observance"},{"month":"April","date":9,"day":"Thursday","name":"Maundy Thursday","type":"Observance,"},{"month":"April","date":10,"day":"Friday","name":"Good Friday","type":"Gazetted"},{"month":"April","date":12,"day":"Sunday","name":"Easter Day","type":"Restricted"},{"month":"April","date":13,"day":"Monday","name":"Vaisakhi","type":"Restricted"},{"month":"April","date":14,"day":"Tuesday","name":"Mesadi/Vaisakhadi","type":"Restricted"},{"month":"April","date":14,"day":"Tuesday","name":"Ambedkar Jayanti","type":"Central"},{"month":"May","date":1,"day":"Friday","name":"May Day","type":"Observance"},{"month":"May","date":7,"day":"Thursday","name":"Buddha Purnima/Vesak","type":"Gazetted"},{"month":"May","date":7,"day":"Thursday","name":"Birthday of Ravindranath","type":"Restricted"},{"month":"May","date":10,"day":"Sunday","name":"Mother's Day","type":"Observance"},{"month":"May","date":22,"day":"Friday","name":"Jamat Ul-Vida","type":"Restricted"},{"month":"May","date":25,"day":"Monday","name":"Ramzan Id/Eid-ul-Fitar","type":"Gazetted"},{"month":"May","date":25,"day":"Monday","name":"Ramzan Id/Eid-ul-Fitar","type":"Muslim,"},{"month":"June","date":21,"day":"Sunday","name":"June Solstice","type":"Season"},{"month":"June","date":21,"day":"Sunday","name":"Father's Day","type":"Observance"},{"month":"June","date":23,"day":"Tuesday","name":"Rath Yatra","type":"Restricted"},{"month":"July","date":5,"day":"Sunday","name":"Guru Purnima","type":"Observance"},{"month":"July","date":31,"day":"Friday","name":"Bakr Id/Eid ul-Adha","type":"Gazetted"},{"month":"August","date":2,"day":"Sunday","name":"Friendship Day","type":"Observance"},{"month":"August","date":3,"day":"Monday","name":"Raksha Bandhan (Rakhi)","type":"Restricted"},{"month":"August","date":11,"day":"Tuesday","name":"Janmashtami (Smarta)","type":"Restricted"},{"month":"August","date":12,"day":"Wednesday","name":"Janmashtami","type":"Gazetted"},{"month":"August","date":15,"day":"Saturday","name":"Independence Day","type":"Gazetted"},{"month":"August","date":16,"day":"Sunday","name":"Parsi New Year","type":"Restricted"},{"month":"August","date":22,"day":"Saturday","name":"Ganesh Chaturthi/Vin
08-06 03:05:10.039 11170 11170 V Response: [{"month":"January","date":1,"day":"Wednesday","name":"New Year's Day","type":"Restricted"},{"month":"January","date":2,"day":"Thursday","name":"Guru Govind Singh Jayanti","type":"Restricted"},{"month":"January","date":14,"day":"Tuesday","name":"Lohri","type":"Restricted"},{"month":"January","date":15,"day":"Wednesday","name":"Pongal","type":"Restricted"},{"month":"January","date":15,"day":"Wednesday","name":"Makar Sankranti","type":"Restricted"},{"month":"January","date":25,"day":"Saturday","name":"Chinese New Year","type":"Observance"},{"month":"January","date":26,"day":"Sunday","name":"Republic Day","type":"Gazetted"},{"month":"January","date":30,"day":"Thursday","name":"Vasant Panchami","type":"Restricted"},{"month":"February","date":9,"day":"Sunday","name":"Guru Ravidas Jayanti","type":"Restricted"},{"month":"February","date":14,"day":"Friday","name":"Valentine's Day","type":"Observance"},{"month":"February","date":18,"day":"Tuesday","name":"Maharishi Dayanand Saraswati Jayanti","type":"Restricted"},{"month":"February","date":19,"day":"Wednesday","name":"Shivaji Jayanti","type":"Restricted"},{"month":"February","date":21,"day":"Friday","name":"Maha Shivaratri/Shivaratri","type":"Gazetted"},{"month":"March","date":9,"day":"Monday","name":"Holika Dahana","type":"Restricted"},{"month":"March","date":9,"day":"Monday","name":"Hazarat Ali's Birthday","type":"Restricted"},{"month":"March","date":10,"day":"Tuesday","name":"Holi","type":"Gazetted"},{"month":"March","date":20,"day":"Friday","name":"March Equinox","type":"Season"},{"month":"March","date":25,"day":"Wednesday","name":"Chaitra Sukhladi","type":"Restricted"},{"month":"April","date":2,"day":"Thursday","name":"Rama Navami","type":"Gazetted"},{"month":"April","date":6,"day":"Monday","name":"Mahavir Jayanti","type":"Gazetted"},{"month":"April","date":9,"day":"Thursday","name":"First day of Passover","type":"Observance"},{"month":"April","date":9,"day":"Thursday","name":"Maundy Thursday","type":"Observance,"},{"month":"April","date":10,"day":"Friday","name":"Good Friday","type":"Gazetted"},{"month":"April","date":12,"day":"Sunday","name":"Easter Day","type":"Restricted"},{"month":"April","date":13,"day":"Monday","name":"Vaisakhi","type":"Restricted"},{"month":"April","date":14,"day":"Tuesday","name":"Mesadi/Vaisakhadi","type":"Restricted"},{"month":"April","date":14,"day":"Tuesday","name":"Ambedkar Jayanti","type":"Central"},{"month":"May","date":1,"day":"Friday","name":"May Day","type":"Observance"},{"month":"May","date":7,"day":"Thursday","name":"Buddha Purnima/Vesak","type":"Gazetted"},{"month":"May","date":7,"day":"Thursday","name":"Birthday of Ravindranath","type":"Restricted"},{"month":"May","date":10,"day":"Sunday","name":"Mother's Day","type":"Observance"},{"month":"May","date":22,"day":"Friday","name":"Jamat Ul-Vida","type":"Restricted"},{"month":"May","date":25,"day":"Monday","name":"Ramzan Id/Eid-ul-Fitar","type":"Gazetted"},{"month":"May","date":25,"day":"Monday","name":"Ramzan Id/Eid-ul-Fitar","type":"Muslim,"},{"month":"June","date":21,"day":"Sunday","name":"June Solstice","type":"Season"},{"month":"June","date":21,"day":"Sunday","name":"Father's Day","type":"Observance"},{"month":"June","date":23,"day":"Tuesday","name":"Rath Yatra","type":"Restricted"},{"month":"July","date":5,"day":"Sunday","name":"Guru Purnima","type":"Observance"},{"month":"July","date":31,"day":"Friday","name":"Bakr Id/Eid ul-Adha","type":"Gazetted"},{"month":"August","date":2,"day":"Sunday","name":"Friendship Day","type":"Observance"},{"month":"August","date":3,"day":"Monday","name":"Raksha Bandhan (Rakhi)","type":"Restricted"},{"month":"August","date":11,"day":"Tuesday","name":"Janmashtami (Smarta)","type":"Restricted"},{"month":"August","date":12,"day":"Wednesday","name":"Janmashtami","type":"Gazetted"},{"month":"August","date":15,"day":"Saturday","name":"Independence Day","type":"Gazetted"},{"month":"August","date":16,"day":"Sunday","name":"Parsi New Year","type":"Restricted"},{"month":"August","date":22,"day":"Saturday","name":"Ganesh Chaturthi/Vin
08-06 03:05:10.074 11170 11556 I art     : Starting a blocking GC Explicit
08-06 03:05:10.126 11170 11556 I art     : Explicit concurrent mark sweep GC freed 16725(723KB) AllocSpace objects, 11(484KB) LOS objects, 10% free, 141MB/157MB, paused 1.234ms total 51.382ms
08-06 03:05:10.144 11170 11556 I art     : Starting a blocking GC Explicit
08-06 03:05:10.195 11170 11556 I art     : Explicit concurrent mark sweep GC freed 2313(247KB) AllocSpace objects, 1(4MB) LOS objects, 10% free, 136MB/152MB, paused 1.318ms total 50.509ms
08-06 03:05:10.213 11170 11556 I art     : Starting a blocking GC Explicit
08-06 03:05:10.263 11170 11556 I art     : Explicit concurrent mark sweep GC freed 101(1792B) AllocSpace objects, 0(0B) LOS objects, 10% free, 136MB/152MB, paused 1.215ms total 50.043ms
08-06 03:05:10.282 11170 11556 I art     : Starting a blocking GC Explicit
08-06 03:05:10.333 11170 11556 I art     : Explicit concurrent mark sweep GC freed 99(1696B) AllocSpace objects, 0(0B) LOS objects, 10% free, 136MB/152MB, paused 1.173ms total 50.853ms
08-06 03:05:10.351 11170 11556 I art     : Starting a blocking GC Explicit
08-06 03:05:10.401 11170 11556 I art     : Explicit concurrent mark sweep GC freed 99(1696B) AllocSpace objects, 0(0B) LOS objects, 10% free, 136MB/152MB, paused 1.215ms total 49.701ms
08-06 03:05:10.780 11170 11181 I art     : Starting a blocking GC Explicit
08-06 03:05:10.826 11170 11181 I art     : Explicit concurrent mark sweep GC freed 2197(102KB) AllocSpace objects, 2(36KB) LOS objects, 10% free, 136MB/152MB, paused 1.321ms total 45.648ms
08-06 03:05:10.826 11170 11180 I art     : WaitForGcToComplete blocked for 16.678ms for cause HeapTrim
08-06 03:05:10.843 11170 11181 I art     : Starting a blocking GC Explicit
08-06 03:05:10.888 11170 11181 I art     : Explicit concurrent mark sweep GC freed 162(3KB) AllocSpace objects, 0(0B) LOS objects, 10% free, 136MB/152MB, paused 1.213ms total 44.670ms
08-06 03:05:10.905 11170 11181 I art     : Starting a blocking GC Explicit
08-06 03:05:10.952 11170 11181 I art     : Explicit concurrent mark sweep GC freed 99(1696B) AllocSpace objects, 0(0B) LOS objects, 10% free, 136MB/152MB, paused 1.121ms total 46.881ms
08-06 03:05:10.970 11170 11181 I art     : Starting a blocking GC Explicit
08-06 03:05:11.021 11170 11181 I art     : Explicit concurrent mark sweep GC freed 99(1696B) AllocSpace objects, 0(0B) LOS objects, 10% free, 136MB/152MB, paused 1.135ms total 50.892ms
08-06 03:05:11.039 11170 11181 I art     : Starting a blocking GC Explicit
08-06 03:05:11.093 11170 11181 I art     : Explicit concurrent mark sweep GC freed 106(1808B) AllocSpace objects, 0(0B) LOS objects, 10% free, 136MB/152MB, paused 1.469ms total 53.024ms
08-06 03:05:11.525 11170 11183 I art     : Starting a blocking GC Explicit
08-06 03:05:11.581 11170 11183 I art     : Explicit concurrent mark sweep GC freed 2293(103KB) AllocSpace objects, 2(36KB) LOS objects, 10% free, 136MB/152MB, paused 1.335ms total 55.568ms
08-06 03:05:11.602 11170 11183 I art     : Starting a blocking GC Explicit
08-06 03:05:11.653 11170 11183 I art     : Explicit concurrent mark sweep GC freed 126(2688B) AllocSpace objects, 0(0B) LOS objects, 10% free, 136MB/152MB, paused 1.228ms total 50.608ms
08-06 03:05:11.671 11170 11183 I art     : Starting a blocking GC Explicit
08-06 03:05:11.725 11170 11183 I art     : Explicit concurrent mark sweep GC freed 99(1696B) AllocSpace objects, 0(0B) LOS objects, 10% free, 136MB/152MB, paused 1.199ms total 53.688ms
08-06 03:05:11.743 11170 11183 I art     : Starting a blocking GC Explicit
08-06 03:05:11.795 11170 11183 I art     : Explicit concurrent mark sweep GC freed 122(2064B) AllocSpace objects, 0(0B) LOS objects, 10% free, 136MB/152MB, paused 1.283ms total 51.627ms
08-06 03:05:11.814 11170 11183 I art     : Starting a blocking GC Explicit
08-06 03:05:11.868 11170 11183 I art     : Explicit concurrent mark sweep GC freed 131(2560B) AllocSpace objects, 0(0B) LOS objects, 10% free, 136MB/152MB, paused 1.311ms total 53.824ms
08-06 03:05:12.276 11170 11230 I art     : Starting a blocking GC Explicit
08-06 03:05:12.334 11170 11230 I art     : Explicit concurrent mark sweep GC freed 2265(103KB) AllocSpace objects, 2(36KB) LOS objects, 10% free, 136MB/152MB, paused 1.288ms total 57.310ms
08-06 03:05:12.355 11170 11230 I art     : Starting a blocking GC Explicit
08-06 03:05:12.405 11170 11230 I art     : Explicit concurrent mark sweep GC freed 140(3KB) AllocSpace objects, 0(0B) LOS objects, 10% free, 136MB/152MB, paused 1.120ms total 49.092ms
08-06 03:05:12.423 11170 11230 I art     : Starting a blocking GC Explicit
08-06 03:05:12.475 11170 11230 I art     : Explicit concurrent mark sweep GC freed 99(1696B) AllocSpace objects, 0(0B) LOS objects, 10% free, 136MB/152MB, paused 1.122ms total 51.771ms
08-06 03:05:12.493 11170 11230 I art     : Starting a blocking GC Explicit
08-06 03:05:12.546 11170 11230 I art     : Explicit concurrent mark sweep GC freed 104(1760B) AllocSpace objects, 0(0B) LOS objects, 10% free, 136MB/152MB, paused 1.685ms total 52.361ms
08-06 03:05:12.564 11170 11230 I art     : Starting a blocking GC Explicit
08-06 03:05:12.619 11170 11230 I art     : Explicit concurrent mark sweep GC freed 119(2064B) AllocSpace objects, 0(0B) LOS objects, 10% free, 136MB/152MB, paused 1.208ms total 53.964ms
08-06 03:05:13.069 11170 11895 I art     : Starting a blocking GC Explicit
08-06 03:05:13.124 11170 11895 I art     : Explicit concurrent mark sweep GC freed 2358(105KB) AllocSpace objects, 2(36KB) LOS objects, 10% free, 136MB/152MB, paused 1.216ms total 55.132ms
08-06 03:05:13.145 11170 11895 I art     : Starting a blocking GC Explicit
08-06 03:05:13.196 11170 11895 I art     : Explicit concurrent mark sweep GC freed 149(3KB) AllocSpace objects, 0(0B) LOS objects, 10% free, 136MB/152MB, paused 1.407ms total 50.177ms
08-06 03:05:13.214 11170 11895 I art     : Starting a blocking GC Explicit
08-06 03:05:13.267 11170 11895 I art     : Explicit concurrent mark sweep GC freed 121(2048B) AllocSpace objects, 0(0B) LOS objects, 10% free, 136MB/152MB, paused 1.208ms total 52.787ms
08-06 03:05:13.285 11170 11895 I art     : Starting a blocking GC Explicit
08-06 03:05:13.337 11170 11895 I art     : Explicit concurrent mark sweep GC freed 100(1728B) AllocSpace objects, 0(0B) LOS objects, 10% free, 136MB/152MB, paused 1.201ms total 51.669ms
08-06 03:05:13.355 11170 11895 I art     : Starting a blocking GC Explicit
08-06 03:05:13.409 11170 11895 I art     : Explicit concurrent mark sweep GC freed 99(1696B) AllocSpace objects, 0(0B) LOS objects, 10% free, 136MB/152MB, paused 1.159ms total 53.414ms
08-06 03:05:13.812 11170 11556 I art     : Starting a blocking GC Explicit
08-06 03:05:13.866 11170 11556 I art     : Explicit concurrent mark sweep GC freed 2284(104KB) AllocSpace objects, 2(36KB) LOS objects, 10% free, 136MB/152MB, paused 1.457ms total 53.651ms
08-06 03:05:13.884 11170 11556 I art     : Starting a blocking GC Explicit
08-06 03:05:13.935 11170 11556 I art     : Explicit concurrent mark sweep GC freed 130(3KB) AllocSpace objects, 0(0B) LOS objects, 10% free, 136MB/152MB, paused 1.308ms total 50.402ms
08-06 03:05:13.953 11170 11556 I art     : Starting a blocking GC Explicit
08-06 03:05:14.006 11170 11556 I art     : Explicit concurrent mark sweep GC freed 116(1984B) AllocSpace objects, 0(0B) LOS objects, 10% free, 136MB/152MB, paused 1.235ms total 52.531ms
08-06 03:05:14.024 11170 11556 I art     : Starting a blocking GC Explicit
08-06 03:05:14.076 11170 11556 I art     : Explicit concurrent mark sweep GC freed 99(1696B) AllocSpace objects, 0(0B) LOS objects, 10% free, 136MB/152MB, paused 1.241ms total 51.254ms
08-06 03:05:14.094 11170 11556 I art     : Starting a blocking GC Explicit
08-06 03:05:14.147 11170 11556 I art     : Explicit concurrent mark sweep GC freed 102(1728B) AllocSpace objects, 0(0B) LOS objects, 10% free, 136MB/152MB, paused 1.484ms total 52.648ms
08-06 03:05:14.153 13013 13013 D AndroidRuntime: >>>>>> START com.android.internal.os.RuntimeInit uid 2000 <<<<<<
08-06 03:05:14.159 13013 13013 D AndroidRuntime: CheckJNI is OFF
08-06 03:05:14.200 13013 13013 D ICU     : No timezone override file found: /data/misc/zoneinfo/current/icu/icu_tzdata.dat
08-06 03:05:14.243 13013 13013 I Radio-JNI: register_android_hardware_Radio DONE
08-06 03:05:14.273 13013 13013 D AndroidRuntime: Calling main entry com.android.commands.input.Input
08-06 03:05:14.275 13013 13013 I Input   : injectKeyEvent: KeyEvent { action=ACTION_DOWN, keyCode=KEYCODE_BACK, scanCode=0, metaState=0, flags=0x0, repeatCount=0, eventTime=846330688, downTime=846330688, deviceId=-1, source=0x101 }
08-06 03:05:14.287 13013 13013 I Input   : injectKeyEvent: KeyEvent { action=ACTION_UP, keyCode=KEYCODE_BACK, scanCode=0, metaState=0, flags=0x0, repeatCount=0, eventTime=846330688, downTime=846330688, deviceId=-1, source=0x101 }
08-06 03:05:14.296 13013 13013 D AndroidRuntime: Shutting down VM
08-06 03:05:14.312 11170 11170 V MainActivity: url = https://project-travel-mate.herokuapp.com/api/number-of-unread-notifications
08-06 03:05:14.342 13866 13866 I GoogleInputMethodServic: GoogleInputMethodService.onFinishInput():3138 
08-06 03:05:14.343 13866 13866 I GoogleInputMethodServic: GoogleInputMethodService.onStartInput():1808 
08-06 03:05:14.523 11170 11556 I art     : Starting a blocking GC Explicit
08-06 03:05:14.568 11170 11556 I art     : Explicit concurrent mark sweep GC freed 2559(121KB) AllocSpace objects, 2(36KB) LOS objects, 10% free, 136MB/152MB, paused 1.177ms total 44.462ms
08-06 03:05:14.585 11170 11556 I art     : Starting a blocking GC Explicit
08-06 03:05:14.630 11170 11556 I art     : Explicit concurrent mark sweep GC freed 163(4KB) AllocSpace objects, 0(0B) LOS objects, 10% free, 136MB/152MB, paused 1.243ms total 44.357ms
08-06 03:05:14.634   918  3261 D WifiStateMachine: starting scan for "H369AA63323"WPA_PSK with 2412,5180
08-06 03:05:14.648 11170 11556 I art     : Starting a blocking GC Explicit
08-06 03:05:14.678   380   380 W SurfaceFlinger: couldn't log to binary event log: overflow.
08-06 03:05:14.693 11170 11556 I art     : Explicit concurrent mark sweep GC freed 101(2112B) AllocSpace objects, 0(0B) LOS objects, 10% free, 136MB/152MB, paused 1.201ms total 44.769ms
08-06 03:05:14.710 11170 11556 I art     : Starting a blocking GC Explicit
08-06 03:05:14.758 11170 11556 I art     : Explicit concurrent mark sweep GC freed 13(496B) AllocSpace objects, 1(188KB) LOS objects, 10% free, 136MB/152MB, paused 1.190ms total 47.726ms
08-06 03:05:14.776 11170 11556 I art     : Starting a blocking GC Explicit
08-06 03:05:14.824 11170 11556 I art     : Explicit concurrent mark sweep GC freed 3498(176KB) AllocSpace objects, 2(120KB) LOS objects, 10% free, 137MB/153MB, paused 1.264ms total 47.607ms
08-06 03:05:14.834 11170 13038 I NAPPA_EXPERIMENTATION: MetricNetworkRequestExecutionTime: REQUEST_DURATION_SYSTEM='520',REQUEST_DURATION_OKHTTP='35',REQUEST_SYNCHRONOUS='FALSE',RESPONSE_CODE='200',RESPONSE_METHOD='GET',RESPONSE_LENGTH_OKHTTP='36',RESPONSE_LENGTH_HEADER='36',REQUEST_PROTOCOL='http/1.1',REQUEST_URL='https://project-travel-mate.herokuapp.com/api/number-of-unread-notifications',
08-06 03:05:15.212 11170 11556 I art     : Starting a blocking GC Explicit
08-06 03:05:15.276 11170 11556 I art     : Explicit concurrent mark sweep GC freed 8464(540KB) AllocSpace objects, 16(380KB) LOS objects, 10% free, 136MB/152MB, paused 1.323ms total 63.043ms
08-06 03:05:15.296 11170 11556 I art     : Starting a blocking GC Explicit
08-06 03:05:15.344 11170 11556 I art     : Explicit concurrent mark sweep GC freed 53(2032B) AllocSpace objects, 0(0B) LOS objects, 10% free, 136MB/152MB, paused 1.224ms total 47.220ms
08-06 03:05:15.362 11170 11556 I art     : Starting a blocking GC Explicit
08-06 03:05:15.410 11170 11556 I art     : Explicit concurrent mark sweep GC freed 3(96B) AllocSpace objects, 0(0B) LOS objects, 10% free, 136MB/152MB, paused 1.252ms total 48.022ms
08-06 03:05:15.428 11170 11556 I art     : Starting a blocking GC Explicit
08-06 03:05:15.476 11170 11556 I art     : Explicit concurrent mark sweep GC freed 3(96B) AllocSpace objects, 0(0B) LOS objects, 10% free, 136MB/152MB, paused 1.230ms total 47.828ms
08-06 03:05:15.494 11170 11556 I art     : Starting a blocking GC Explicit
08-06 03:05:15.541 11170 11556 I art     : Explicit concurrent mark sweep GC freed 3(96B) AllocSpace objects, 0(0B) LOS objects, 10% free, 136MB/152MB, paused 1.167ms total 46.782ms
08-06 03:05:15.934 11170 11230 I art     : Starting a blocking GC Explicit
08-06 03:05:15.986 11170 11230 I art     : Explicit concurrent mark sweep GC freed 1615(92KB) AllocSpace objects, 2(36KB) LOS objects, 10% free, 136MB/152MB, paused 1.151ms total 51.580ms
08-06 03:05:16.007 11170 11230 I art     : Starting a blocking GC Explicit
08-06 03:05:16.049 11170 11230 I art     : Explicit concurrent mark sweep GC freed 32(1152B) AllocSpace objects, 0(0B) LOS objects, 10% free, 136MB/152MB, paused 1.184ms total 41.227ms
08-06 03:05:16.066 13058 13058 D AndroidRuntime: >>>>>> START com.android.internal.os.RuntimeInit uid 2000 <<<<<<
08-06 03:05:16.067 11170 11230 I art     : Starting a blocking GC Explicit
08-06 03:05:16.071 13058 13058 D AndroidRuntime: CheckJNI is OFF
08-06 03:05:16.109 13058 13058 D ICU     : No timezone override file found: /data/misc/zoneinfo/current/icu/icu_tzdata.dat
08-06 03:05:16.111 11170 11230 I art     : Explicit concurrent mark sweep GC freed 5(160B) AllocSpace objects, 0(0B) LOS objects, 10% free, 136MB/152MB, paused 1.217ms total 43.637ms
08-06 03:05:16.128 11170 11230 I art     : Starting a blocking GC Explicit
08-06 03:05:16.149 13058 13058 I Radio-JNI: register_android_hardware_Radio DONE
08-06 03:05:16.170 11170 11230 I art     : Explicit concurrent mark sweep GC freed 19(880B) AllocSpace objects, 0(0B) LOS objects, 10% free, 136MB/152MB, paused 1.188ms total 41.606ms
08-06 03:05:16.177 13058 13058 D AndroidRuntime: Calling main entry com.android.commands.input.Input
08-06 03:05:16.179 13058 13058 I Input   : injectMotionEvent: MotionEvent { action=ACTION_DOWN, actionButton=0, id[0]=0, x[0]=117.0, y[0]=170.0, toolType[0]=TOOL_TYPE_UNKNOWN, buttonState=0, metaState=0, flags=0x0, edgeFlags=0x0, pointerCount=1, historySize=0, eventTime=846332592, downTime=846332592, deviceId=0, source=0x1002 }
08-06 03:05:16.187 11170 11230 I art     : Starting a blocking GC Explicit
08-06 03:05:16.201 13058 13058 I Input   : injectMotionEvent: MotionEvent { action=ACTION_UP, actionButton=0, id[0]=0, x[0]=117.0, y[0]=170.0, toolType[0]=TOOL_TYPE_UNKNOWN, buttonState=0, metaState=0, flags=0x0, edgeFlags=0x0, pointerCount=1, historySize=0, eventTime=846332592, downTime=846332592, deviceId=0, source=0x1002 }
08-06 03:05:16.233 11170 11230 I art     : Explicit concurrent mark sweep GC freed 13(640B) AllocSpace objects, 0(0B) LOS objects, 10% free, 136MB/152MB, paused 1.320ms total 45.016ms
08-06 03:05:16.242 13058 13058 D AndroidRuntime: Shutting down VM
08-06 03:05:16.281   512  2967 D audio_hw_primary: out_set_parameters: enter: usecase(1: low-latency-playback) kvpairs: routing=2
08-06 03:05:16.294   512  2967 D audio_hw_primary: select_devices: out_snd_device(2: speaker) in_snd_device(0: none)
08-06 03:05:16.294   512  2967 D msm8974_platform: platform_send_audio_calibration: sending audio calibration for snd_device(2) acdb_id(15)
08-06 03:05:16.294   512  2967 I soundtrigger: audio_extn_sound_trigger_update_device_status: device 0x2 of type 0 for Event 1
08-06 03:05:16.304   512  2967 D audio_hw_primary: enable_snd_device: snd_device(2: speaker)
08-06 03:05:16.306   512  2967 D audio_hw_primary: enable_audio_route: apply and update mixer path: low-latency-playback speaker
08-06 03:05:16.622 11170 11556 I art     : Starting a blocking GC Explicit
08-06 03:05:16.663 11170 11556 I art     : Explicit concurrent mark sweep GC freed 2044(114KB) AllocSpace objects, 2(36KB) LOS objects, 10% free, 136MB/152MB, paused 1.109ms total 41.116ms
08-06 03:05:16.681 11170 11556 I art     : Starting a blocking GC Explicit
08-06 03:05:16.721 11170 11556 I art     : Explicit concurrent mark sweep GC freed 67(2640B) AllocSpace objects, 0(0B) LOS objects, 10% free, 136MB/152MB, paused 1.132ms total 40.366ms
08-06 03:05:16.738 11170 11556 I art     : Starting a blocking GC Explicit
08-06 03:05:16.779 11170 11556 I art     : Explicit concurrent mark sweep GC freed 26(848B) AllocSpace objects, 0(0B) LOS objects, 10% free, 136MB/152MB, paused 1.394ms total 40.569ms
08-06 03:05:16.795 11170 11556 I art     : Starting a blocking GC Explicit
08-06 03:05:16.837 11170 11556 I art     : Explicit concurrent mark sweep GC freed 16(784B) AllocSpace objects, 0(0B) LOS objects, 10% free, 136MB/152MB, paused 1.111ms total 41.403ms
08-06 03:05:16.848   512  2967 D audio_hw_primary: disable_audio_route: reset and update mixer path: low-latency-playback speaker
08-06 03:05:16.849   512  2967 D audio_hw_primary: disable_snd_device: snd_device(2: speaker)
08-06 03:05:16.854 11170 11556 I art     : Starting a blocking GC Explicit
08-06 03:05:16.857   512  2967 I soundtrigger: audio_extn_sound_trigger_update_device_status: device 0x2 of type 0 for Event 0
08-06 03:05:16.895 11170 11556 I art     : Explicit concurrent mark sweep GC freed 45(1504B) AllocSpace objects, 0(0B) LOS objects, 10% free, 136MB/152MB, paused 1.127ms total 40.850ms
08-06 03:05:16.995 13092 13092 D AndroidRuntime: >>>>>> START com.android.internal.os.RuntimeInit uid 2000 <<<<<<
08-06 03:05:17.002 13092 13092 D AndroidRuntime: CheckJNI is OFF
08-06 03:05:17.046 13092 13092 D ICU     : No timezone override file found: /data/misc/zoneinfo/current/icu/icu_tzdata.dat
08-06 03:05:17.089 13092 13092 I Radio-JNI: register_android_hardware_Radio DONE
08-06 03:05:17.118 13092 13092 D AndroidRuntime: Calling main entry com.android.commands.input.Input
08-06 03:05:17.121 13092 13092 I Input   : injectMotionEvent: MotionEvent { action=ACTION_DOWN, actionButton=0, id[0]=0, x[0]=405.0, y[0]=661.0, toolType[0]=TOOL_TYPE_UNKNOWN, buttonState=0, metaState=0, flags=0x0, edgeFlags=0x0, pointerCount=1, historySize=0, eventTime=846333533, downTime=846333533, deviceId=0, source=0x1002 }
08-06 03:05:17.125 13092 13092 I Input   : injectMotionEvent: MotionEvent { action=ACTION_UP, actionButton=0, id[0]=0, x[0]=405.0, y[0]=661.0, toolType[0]=TOOL_TYPE_UNKNOWN, buttonState=0, metaState=0, flags=0x0, edgeFlags=0x0, pointerCount=1, historySize=0, eventTime=846333533, downTime=846333533, deviceId=0, source=0x1002 }
08-06 03:05:17.127 13092 13092 D AndroidRuntime: Shutting down VM
08-06 03:05:17.143   512  2967 D audio_hw_primary: out_set_parameters: enter: usecase(1: low-latency-playback) kvpairs: routing=2
08-06 03:05:17.156   512  2967 D audio_hw_primary: select_devices: out_snd_device(2: speaker) in_snd_device(0: none)
08-06 03:05:17.157   512  2967 D msm8974_platform: platform_send_audio_calibration: sending audio calibration for snd_device(2) acdb_id(15)
08-06 03:05:17.157   512  2967 I soundtrigger: audio_extn_sound_trigger_update_device_status: device 0x2 of type 0 for Event 1
08-06 03:05:17.167   512  2967 D audio_hw_primary: enable_snd_device: snd_device(2: speaker)
08-06 03:05:17.170   512  2967 D audio_hw_primary: enable_audio_route: apply and update mixer path: low-latency-playback speaker
08-06 03:05:17.216   512  2967 D AudioFlinger: mixer(0xf4740000) throttle end: throttle time(12)
08-06 03:05:17.279 11170 11181 I art     : Starting a blocking GC Explicit
08-06 03:05:17.326 11170 11181 I art     : Explicit concurrent mark sweep GC freed 33(2160B) AllocSpace objects, 0(0B) LOS objects, 8% free, 167MB/183MB, paused 1.338ms total 46.207ms
08-06 03:05:17.344 11170 11181 I art     : Starting a blocking GC Explicit
08-06 03:05:17.390 11170 11181 I art     : Explicit concurrent mark sweep GC freed 13(608B) AllocSpace objects, 0(0B) LOS objects, 8% free, 167MB/183MB, paused 1.332ms total 45.806ms
08-06 03:05:17.407 11170 11181 I art     : Starting a blocking GC Explicit
08-06 03:05:17.453 11170 11181 I art     : Explicit concurrent mark sweep GC freed 37(17KB) AllocSpace objects, 0(0B) LOS objects, 8% free, 167MB/183MB, paused 1.799ms total 45.260ms
08-06 03:05:17.471 11170 11181 I art     : Starting a blocking GC Explicit
08-06 03:05:17.518 11170 11181 I art     : Explicit concurrent mark sweep GC freed 32(9KB) AllocSpace objects, 0(0B) LOS objects, 8% free, 177MB/193MB, paused 1.423ms total 46.650ms
08-06 03:05:17.536 11170 11181 I art     : Starting a blocking GC Explicit
08-06 03:05:17.583 11170 11181 I art     : Explicit concurrent mark sweep GC freed 47(2272B) AllocSpace objects, 0(0B) LOS objects, 8% free, 177MB/193MB, paused 1.384ms total 47.107ms
08-06 03:05:17.710   512  2967 D audio_hw_primary: disable_audio_route: reset and update mixer path: low-latency-playback speaker
08-06 03:05:17.711   512  2967 D audio_hw_primary: disable_snd_device: snd_device(2: speaker)
08-06 03:05:17.719   512  2967 I soundtrigger: audio_extn_sound_trigger_update_device_status: device 0x2 of type 0 for Event 0
08-06 03:05:17.959 11170 11556 I art     : Starting a blocking GC Explicit
08-06 03:05:18.015 11170 11556 I art     : Explicit concurrent mark sweep GC freed 3148(162KB) AllocSpace objects, 11(288KB) LOS objects, 8% free, 182MB/198MB, paused 1.263ms total 55.106ms
08-06 03:05:18.035 11170 11556 I art     : Starting a blocking GC Explicit
08-06 03:05:18.085 11170 11556 I art     : Explicit concurrent mark sweep GC freed 872(49KB) AllocSpace objects, 0(0B) LOS objects, 8% free, 182MB/198MB, paused 1.201ms total 49.005ms
08-06 03:05:18.103 11170 11556 I art     : Starting a blocking GC Explicit
08-06 03:05:18.120 24365  1228 E WakeLock: GCM_HB_ALARM release without a matched acquire!
08-06 03:05:18.146   918  6111 D ConnectivityService: reportNetworkConnectivity(159, true) by 10012
08-06 03:05:18.146   918  1209 D NetworkMonitor/NetworkAgentInfo [WIFI () - 159]: Forcing reevaluation for UID 10012
08-06 03:05:18.146   918  1209 D NetworkMonitor/NetworkAgentInfo [WIFI () - 159]: Checking http://connectivitycheck.gstatic.com/generate_204 on "H369AA63323", 192.168.2.12=192.168.2.12
08-06 03:05:18.147   918  6112 D ConnectivityService: reportNetworkConnectivity(159, true) by 10012
08-06 03:05:18.150 11170 11556 I art     : Explicit concurrent mark sweep GC freed 3(96B) AllocSpace objects, 0(0B) LOS objects, 8% free, 182MB/198MB, paused 1.065ms total 47.338ms
08-06 03:05:18.168 11170 11556 I art     : Starting a blocking GC Explicit
08-06 03:05:18.214 11170 11556 I art     : Explicit concurrent mark sweep GC freed 3(96B) AllocSpace objects, 0(0B) LOS objects, 8% free, 182MB/198MB, paused 1.153ms total 45.738ms
08-06 03:05:18.232 11170 11556 I art     : Starting a blocking GC Explicit
08-06 03:05:18.270   918  1209 D NetworkMonitor/NetworkAgentInfo [WIFI () - 159]: Probably not a portal: exception java.io.IOException: unexpected end of stream on Connection{connectivitycheck.gstatic.com:80, proxy=HTTP@/192.168.2.12:8080 hostAddress=192.168.2.12 cipherSuite=none protocol=http/1.1} (recycle count=0)
08-06 03:05:18.271   918  3263 D ConnectivityService: NetworkAgentInfo [WIFI () - 159] validation failed
08-06 03:05:18.272   918  3261 E WifiConfigStore:  rewrite network history for "H369AA63323"WPA_PSK
08-06 03:05:18.280 11170 11556 I art     : Explicit concurrent mark sweep GC freed 3(96B) AllocSpace objects, 0(0B) LOS objects, 8% free, 182MB/198MB, paused 1.181ms total 47.575ms
08-06 03:05:18.685 11170 11181 I art     : Starting a blocking GC Explicit
08-06 03:05:18.755 11170 11181 I art     : Explicit concurrent mark sweep GC freed 1582(91KB) AllocSpace objects, 2(36KB) LOS objects, 8% free, 182MB/198MB, paused 1.388ms total 69.587ms
08-06 03:05:18.777 11170 11181 I art     : Starting a blocking GC Explicit
08-06 03:05:18.831 11170 11181 I art     : Explicit concurrent mark sweep GC freed 28(1024B) AllocSpace objects, 0(0B) LOS objects, 8% free, 182MB/198MB, paused 1.327ms total 54.087ms
08-06 03:05:18.853 11170 11181 I art     : Starting a blocking GC Explicit
08-06 03:05:18.908 11170 11181 I art     : Explicit concurrent mark sweep GC freed 34(928B) AllocSpace objects, 0(0B) LOS objects, 8% free, 182MB/198MB, paused 1.300ms total 54.687ms
08-06 03:05:18.930 11170 11181 I art     : Starting a blocking GC Explicit
08-06 03:05:18.984 11170 11181 I art     : Explicit concurrent mark sweep GC freed 3(96B) AllocSpace objects, 0(0B) LOS objects, 8% free, 182MB/198MB, paused 1.352ms total 54.161ms
08-06 03:05:19.005 11170 11181 I art     : Starting a blocking GC Explicit
08-06 03:05:19.059 11170 11181 I art     : Explicit concurrent mark sweep GC freed 9(496B) AllocSpace objects, 0(0B) LOS objects, 8% free, 182MB/198MB, paused 1.277ms total 53.845ms
08-06 03:05:19.272   918  1209 D NetworkMonitor/NetworkAgentInfo [WIFI () - 159]: Checking http://connectivitycheck.gstatic.com/generate_204 on "H369AA63323", 192.168.2.12=192.168.2.12
08-06 03:05:19.394   918  1209 D NetworkMonitor/NetworkAgentInfo [WIFI () - 159]: Probably not a portal: exception java.io.IOException: unexpected end of stream on Connection{connectivitycheck.gstatic.com:80, proxy=HTTP@/192.168.2.12:8080 hostAddress=192.168.2.12 cipherSuite=none protocol=http/1.1} (recycle count=0)
08-06 03:05:19.395   918  3263 D ConnectivityService: NetworkAgentInfo [WIFI () - 159] validation failed
08-06 03:05:19.396   918  3261 E WifiConfigStore:  rewrite network history for "H369AA63323"WPA_PSK
08-06 03:05:19.502 11170 11183 I art     : Starting a blocking GC Explicit
08-06 03:05:19.557 11170 11183 I art     : Explicit concurrent mark sweep GC freed 1594(92KB) AllocSpace objects, 2(36KB) LOS objects, 8% free, 182MB/198MB, paused 1.397ms total 54.659ms
08-06 03:05:19.575 11170 11183 I art     : Starting a blocking GC Explicit
08-06 03:05:19.625 11170 11183 I art     : Explicit concurrent mark sweep GC freed 41(1744B) AllocSpace objects, 0(0B) LOS objects, 8% free, 182MB/198MB, paused 1.312ms total 49.265ms
08-06 03:05:19.643 11170 11183 I art     : Starting a blocking GC Explicit
08-06 03:05:19.694 11170 11183 I art     : Explicit concurrent mark sweep GC freed 3(96B) AllocSpace objects, 0(0B) LOS objects, 8% free, 182MB/198MB, paused 1.271ms total 51.195ms
08-06 03:05:19.713 11170 11183 I art     : Starting a blocking GC Explicit
08-06 03:05:19.763 11170 11183 I art     : Explicit concurrent mark sweep GC freed 14(720B) AllocSpace objects, 0(0B) LOS objects, 8% free, 182MB/198MB, paused 1.266ms total 50.237ms
08-06 03:05:19.782 11170 11183 I art     : Starting a blocking GC Explicit
08-06 03:05:19.833 11170 11183 I art     : Explicit concurrent mark sweep GC freed 14(672B) AllocSpace objects, 0(0B) LOS objects, 8% free, 182MB/198MB, paused 1.240ms total 50.681ms
08-06 03:05:19.932 13144 13144 D AndroidRuntime: >>>>>> START com.android.internal.os.RuntimeInit uid 2000 <<<<<<
08-06 03:05:19.939 13144 13144 D AndroidRuntime: CheckJNI is OFF
08-06 03:05:19.987 13144 13144 D ICU     : No timezone override file found: /data/misc/zoneinfo/current/icu/icu_tzdata.dat
08-06 03:05:20.034 13144 13144 I Radio-JNI: register_android_hardware_Radio DONE
08-06 03:05:20.063 13144 13144 D AndroidRuntime: Calling main entry com.android.commands.input.Input
08-06 03:05:20.065 13144 13144 I Input   : injectMotionEvent: MotionEvent { action=ACTION_DOWN, actionButton=0, id[0]=0, x[0]=1341.0, y[0]=197.0, toolType[0]=TOOL_TYPE_UNKNOWN, buttonState=0, metaState=0, flags=0x0, edgeFlags=0x0, pointerCount=1, historySize=0, eventTime=846336477, downTime=846336477, deviceId=0, source=0x1002 }
08-06 03:05:20.070 13144 13144 I Input   : injectMotionEvent: MotionEvent { action=ACTION_UP, actionButton=0, id[0]=0, x[0]=1341.0, y[0]=197.0, toolType[0]=TOOL_TYPE_UNKNOWN, buttonState=0, metaState=0, flags=0x0, edgeFlags=0x0, pointerCount=1, historySize=0, eventTime=846336477, downTime=846336477, deviceId=0, source=0x1002 }
08-06 03:05:20.072 13144 13144 D AndroidRuntime: Shutting down VM
08-06 03:05:20.086   918  3714 I ActivityManager: START u0 {cmp=baseline.io.github.project_travel_mate/.notifications.NotificationsActivity} from uid 10696 on display 0
08-06 03:05:20.089   512  2967 D audio_hw_primary: out_set_parameters: enter: usecase(1: low-latency-playback) kvpairs: routing=2
08-06 03:05:20.102   512  2967 D audio_hw_primary: select_devices: out_snd_device(2: speaker) in_snd_device(0: none)
08-06 03:05:20.102   512  2967 D msm8974_platform: platform_send_audio_calibration: sending audio calibration for snd_device(2) acdb_id(15)
08-06 03:05:20.102   512  2967 I soundtrigger: audio_extn_sound_trigger_update_device_status: device 0x2 of type 0 for Event 1
08-06 03:05:20.119   512  2967 D audio_hw_primary: enable_snd_device: snd_device(2: speaker)
08-06 03:05:20.121   512  2967 D audio_hw_primary: enable_audio_route: apply and update mixer path: low-latency-playback speaker
08-06 03:05:20.132 11170 11250 D Gabe    : call	returning from cache
08-06 03:05:20.141 11170 11170 V EXECUTING: https://project-travel-mate.herokuapp.com/api/get-notifications
08-06 03:05:20.149 11170 11170 V EXECUTING: https://project-travel-mate.herokuapp.com/api/get-notifications
08-06 03:05:20.272 11170 11230 I art     : Starting a blocking GC Explicit
08-06 03:05:20.302   918   936 I ActivityManager: Displayed baseline.io.github.project_travel_mate/.notifications.NotificationsActivity: +202ms
08-06 03:05:20.303 13866 13866 I GoogleInputMethodServic: GoogleInputMethodService.onFinishInput():3138 
08-06 03:05:20.303 13866 13866 I GoogleInputMethodServic: GoogleInputMethodService.onStartInput():1808 
08-06 03:05:20.315 11170 11230 I art     : Explicit concurrent mark sweep GC freed 3799(224KB) AllocSpace objects, 2(36KB) LOS objects, 7% free, 187MB/203MB, paused 1.341ms total 42.924ms
08-06 03:05:20.334 11170 11230 I art     : Starting a blocking GC Explicit
08-06 03:05:20.383 11170 11230 I art     : Explicit concurrent mark sweep GC freed 385(16KB) AllocSpace objects, 0(0B) LOS objects, 7% free, 187MB/203MB, paused 1.464ms total 48.371ms
08-06 03:05:20.399 11170 11185 D OpenGLRenderer: endAllStagingAnimators on 0x7f94930c00 (RippleDrawable) with handle 0x7f7ae5a0c0
08-06 03:05:20.401 11170 11230 I art     : Starting a blocking GC Explicit
08-06 03:05:20.447 11170 11230 I art     : Explicit concurrent mark sweep GC freed 88(1824B) AllocSpace objects, 0(0B) LOS objects, 7% free, 187MB/203MB, paused 1.215ms total 46.066ms
08-06 03:05:20.465 11170 11230 I art     : Starting a blocking GC Explicit
08-06 03:05:20.513 11170 11230 I art     : Explicit concurrent mark sweep GC freed 139(3KB) AllocSpace objects, 0(0B) LOS objects, 7% free, 187MB/203MB, paused 1.177ms total 47.036ms
08-06 03:05:20.532 11170 11230 I art     : Starting a blocking GC Explicit
08-06 03:05:20.552   380   380 W SurfaceFlinger: couldn't log to binary event log: overflow.
08-06 03:05:20.577 11170 11230 I art     : Explicit concurrent mark sweep GC freed 99(1696B) AllocSpace objects, 0(0B) LOS objects, 7% free, 187MB/203MB, paused 1.272ms total 45.431ms
08-06 03:05:20.659   512  2967 D audio_hw_primary: disable_audio_route: reset and update mixer path: low-latency-playback speaker
08-06 03:05:20.660   512  2967 D audio_hw_primary: disable_snd_device: snd_device(2: speaker)
08-06 03:05:20.667   512  2967 I soundtrigger: audio_extn_sound_trigger_update_device_status: device 0x2 of type 0 for Event 0
08-06 03:05:20.765 11170 13169 I NAPPA_EXPERIMENTATION: MetricNetworkRequestExecutionTime: REQUEST_DURATION_SYSTEM='623',REQUEST_DURATION_OKHTTP='32',REQUEST_SYNCHRONOUS='FALSE',RESPONSE_CODE='200',RESPONSE_METHOD='GET',RESPONSE_LENGTH_OKHTTP='2',RESPONSE_LENGTH_HEADER='2',REQUEST_PROTOCOL='http/1.1',REQUEST_URL='https://project-travel-mate.herokuapp.com/api/get-notifications',
08-06 03:05:20.791 11170 13170 I NAPPA_EXPERIMENTATION: MetricNetworkRequestExecutionTime: REQUEST_DURATION_SYSTEM='641',REQUEST_DURATION_OKHTTP='58',REQUEST_SYNCHRONOUS='FALSE',RESPONSE_CODE='200',RESPONSE_METHOD='GET',RESPONSE_LENGTH_OKHTTP='2',RESPONSE_LENGTH_HEADER='2',REQUEST_PROTOCOL='http/1.1',REQUEST_URL='https://project-travel-mate.herokuapp.com/api/get-notifications',
08-06 03:05:20.909 11170 11170 V Response: [] 
08-06 03:05:20.929 11170 11170 V Response: [] 
08-06 03:05:20.938 11170 11556 I art     : Starting a blocking GC Explicit
08-06 03:05:20.939 11170 11250 W LOTTIE  : Animation contains merge paths. Merge paths are only supported on KitKat+ and must be manually enabled by calling enableMergePathsForKitKatAndAbove().
08-06 03:05:20.948 11170 11250 W LOTTIE  : Animation contains merge paths. Merge paths are only supported on KitKat+ and must be manually enabled by calling enableMergePathsForKitKatAndAbove().
08-06 03:05:20.951 11170 11250 W LOTTIE  : Animation contains merge paths. Merge paths are only supported on KitKat+ and must be manually enabled by calling enableMergePathsForKitKatAndAbove().
08-06 03:05:20.954 11170 11250 W LOTTIE  : Animation contains merge paths. Merge paths are only supported on KitKat+ and must be manually enabled by calling enableMergePathsForKitKatAndAbove().
08-06 03:05:20.957 11170 11250 W LOTTIE  : Animation contains merge paths. Merge paths are only supported on KitKat+ and must be manually enabled by calling enableMergePathsForKitKatAndAbove().
08-06 03:05:20.960 11170 11250 W LOTTIE  : Animation contains merge paths. Merge paths are only supported on KitKat+ and must be manually enabled by calling enableMergePathsForKitKatAndAbove().
08-06 03:05:20.963 11170 11250 W LOTTIE  : Animation contains merge paths. Merge paths are only supported on KitKat+ and must be manually enabled by calling enableMergePathsForKitKatAndAbove().
08-06 03:05:20.964 11170 11170 W LOTTIE  : Animation contains merge paths but they are disabled.
08-06 03:05:20.991 11170 11556 I art     : Explicit concurrent mark sweep GC freed 16437(767KB) AllocSpace objects, 9(624KB) LOS objects, 7% free, 188MB/204MB, paused 1.651ms total 51.928ms
08-06 03:05:21.009 11170 11556 I art     : Starting a blocking GC Explicit
08-06 03:05:21.056 11170 11556 I art     : Explicit concurrent mark sweep GC freed 4189(338KB) AllocSpace objects, 0(0B) LOS objects, 7% free, 187MB/203MB, paused 1.309ms total 47.039ms
08-06 03:05:21.074 11170 11556 I art     : Starting a blocking GC Explicit
08-06 03:05:21.117 11170 11556 I art     : Explicit concurrent mark sweep GC freed 281(4KB) AllocSpace objects, 0(0B) LOS objects, 7% free, 187MB/203MB, paused 1.200ms total 42.819ms
08-06 03:05:21.134 11170 11556 I art     : Starting a blocking GC Explicit
08-06 03:05:21.177 11170 11556 I art     : Explicit concurrent mark sweep GC freed 283(4KB) AllocSpace objects, 0(0B) LOS objects, 7% free, 187MB/203MB, paused 1.215ms total 42.622ms
08-06 03:05:21.194 11170 11556 I art     : Starting a blocking GC Explicit
08-06 03:05:21.239 11170 11556 I art     : Explicit concurrent mark sweep GC freed 337(7KB) AllocSpace objects, 0(0B) LOS objects, 7% free, 187MB/203MB, paused 2.041ms total 44.124ms
08-06 03:05:21.397   918  1209 D NetworkMonitor/NetworkAgentInfo [WIFI () - 159]: Checking http://connectivitycheck.gstatic.com/generate_204 on "H369AA63323", 192.168.2.12=192.168.2.12
08-06 03:05:21.543   918  1209 D NetworkMonitor/NetworkAgentInfo [WIFI () - 159]: Probably not a portal: exception java.io.IOException: unexpected end of stream on Connection{connectivitycheck.gstatic.com:80, proxy=HTTP@/192.168.2.12:8080 hostAddress=192.168.2.12 cipherSuite=none protocol=http/1.1} (recycle count=0)
08-06 03:05:21.544   918  3263 D ConnectivityService: NetworkAgentInfo [WIFI () - 159] validation failed
08-06 03:05:21.546   918  3261 E WifiConfigStore:  rewrite network history for "H369AA63323"WPA_PSK
08-06 03:05:21.629 11170 11181 I art     : Starting a blocking GC Explicit
08-06 03:05:21.675 11170 11181 I art     : Explicit concurrent mark sweep GC freed 3620(132KB) AllocSpace objects, 2(36KB) LOS objects, 7% free, 187MB/203MB, paused 1.439ms total 45.820ms
08-06 03:05:21.693 11170 11181 I art     : Starting a blocking GC Explicit
08-06 03:05:21.737 11170 11181 I art     : Explicit concurrent mark sweep GC freed 269(4KB) AllocSpace objects, 0(0B) LOS objects, 7% free, 187MB/203MB, paused 1.133ms total 43.765ms
08-06 03:05:21.754 11170 11181 I art     : Starting a blocking GC Explicit
08-06 03:05:21.797 11170 11181 I art     : Explicit concurrent mark sweep GC freed 287(4KB) AllocSpace objects, 0(0B) LOS objects, 7% free, 187MB/203MB, paused 1.103ms total 42.510ms
08-06 03:05:21.814 11170 11181 I art     : Starting a blocking GC Explicit
08-06 03:05:21.856 11170 11181 I art     : Explicit concurrent mark sweep GC freed 292(5KB) AllocSpace objects, 0(0B) LOS objects, 7% free, 187MB/203MB, paused 1.274ms total 42.486ms
08-06 03:05:21.873 11170 11181 I art     : Starting a blocking GC Explicit
08-06 03:05:21.917 11170 11181 I art     : Explicit concurrent mark sweep GC freed 276(4KB) AllocSpace objects, 0(0B) LOS objects, 7% free, 187MB/203MB, paused 1.079ms total 43.238ms
08-06 03:05:22.299 11170 11183 I art     : Starting a blocking GC Explicit
08-06 03:05:22.343 11170 11183 I art     : Explicit concurrent mark sweep GC freed 3423(121KB) AllocSpace objects, 2(36KB) LOS objects, 7% free, 187MB/203MB, paused 1.272ms total 44.036ms
08-06 03:05:22.361 11170 11183 I art     : Starting a blocking GC Explicit
08-06 03:05:22.406 11170 11183 I art     : Explicit concurrent mark sweep GC freed 267(5KB) AllocSpace objects, 0(0B) LOS objects, 7% free, 187MB/203MB, paused 1.405ms total 44.798ms
08-06 03:05:22.424 11170 11183 I art     : Starting a blocking GC Explicit
08-06 03:05:22.470 11170 11183 I art     : Explicit concurrent mark sweep GC freed 273(4KB) AllocSpace objects, 0(0B) LOS objects, 7% free, 187MB/203MB, paused 1.133ms total 45.770ms
08-06 03:05:22.487 11170 11183 I art     : Starting a blocking GC Explicit
08-06 03:05:22.531 11170 11183 I art     : Explicit concurrent mark sweep GC freed 284(4KB) AllocSpace objects, 0(0B) LOS objects, 7% free, 187MB/203MB, paused 1.097ms total 43.040ms
08-06 03:05:22.548 11170 11183 I art     : Starting a blocking GC Explicit
08-06 03:05:22.591 11170 11183 I art     : Explicit concurrent mark sweep GC freed 236(3KB) AllocSpace objects, 0(0B) LOS objects, 7% free, 187MB/203MB, paused 1.396ms total 42.684ms
08-06 03:05:23.017 11170 11230 I art     : Starting a blocking GC Explicit
08-06 03:05:23.062 11170 11230 I art     : Explicit concurrent mark sweep GC freed 3632(125KB) AllocSpace objects, 2(36KB) LOS objects, 7% free, 187MB/203MB, paused 1.164ms total 45.322ms
08-06 03:05:23.081 11170 11230 I art     : Starting a blocking GC Explicit
08-06 03:05:23.125 11170 11230 I art     : Explicit concurrent mark sweep GC freed 257(5KB) AllocSpace objects, 0(0B) LOS objects, 7% free, 187MB/203MB, paused 1.266ms total 43.789ms
08-06 03:05:23.126   918  1210 D NetlinkSocketObserver: NeighborEvent{elapsedMs=1829727001, 192.168.2.254, [7C3953A63323], RTM_NEWNEIGH, NUD_REACHABLE}
08-06 03:05:23.142 11170 11230 I art     : Starting a blocking GC Explicit
08-06 03:05:23.185 11170 11230 I art     : Explicit concurrent mark sweep GC freed 274(4KB) AllocSpace objects, 0(0B) LOS objects, 7% free, 187MB/203MB, paused 1.088ms total 42.449ms
08-06 03:05:23.192   518   646 I ThermalEngine: ACTION: GPU - Setting GPU[0] to 390000000
08-06 03:05:23.213 11170 11230 I art     : Starting a blocking GC Explicit
08-06 03:05:23.273 11170 11230 I art     : Explicit concurrent mark sweep GC freed 353(5KB) AllocSpace objects, 0(0B) LOS objects, 7% free, 187MB/203MB, paused 1.777ms total 59.234ms
08-06 03:05:23.297 11170 11230 I art     : Starting a blocking GC Explicit
08-06 03:05:23.358 11170 11230 I art     : Explicit concurrent mark sweep GC freed 353(5KB) AllocSpace objects, 0(0B) LOS objects, 7% free, 187MB/203MB, paused 2.815ms total 60.945ms
08-06 03:05:23.774 11170 11556 I art     : Starting a blocking GC Explicit
08-06 03:05:23.829 11170 11556 I art     : Explicit concurrent mark sweep GC freed 3596(123KB) AllocSpace objects, 2(36KB) LOS objects, 7% free, 187MB/203MB, paused 1.924ms total 55.031ms
08-06 03:05:23.852 11170 11556 I art     : Starting a blocking GC Explicit
08-06 03:05:23.905 11170 11556 I art     : Explicit concurrent mark sweep GC freed 355(6KB) AllocSpace objects, 0(0B) LOS objects, 7% free, 187MB/203MB, paused 1.728ms total 52.689ms
08-06 03:05:23.927 11170 11556 I art     : Starting a blocking GC Explicit
08-06 03:05:23.981 11170 11556 I art     : Explicit concurrent mark sweep GC freed 353(5KB) AllocSpace objects, 0(0B) LOS objects, 7% free, 187MB/203MB, paused 1.688ms total 53.960ms
08-06 03:05:24.003 11170 11556 I art     : Starting a blocking GC Explicit
08-06 03:05:24.057 11170 11556 I art     : Explicit concurrent mark sweep GC freed 285(4KB) AllocSpace objects, 0(0B) LOS objects, 7% free, 187MB/203MB, paused 1.823ms total 53.178ms
08-06 03:05:24.079 11170 11556 I art     : Starting a blocking GC Explicit
08-06 03:05:24.133 11170 11556 I art     : Explicit concurrent mark sweep GC freed 353(5KB) AllocSpace objects, 0(0B) LOS objects, 7% free, 187MB/203MB, paused 1.792ms total 53.769ms
08-06 03:05:24.573 11170 11895 I art     : Starting a blocking GC Explicit
08-06 03:05:24.629 11170 11895 I art     : Explicit concurrent mark sweep GC freed 3694(126KB) AllocSpace objects, 2(36KB) LOS objects, 7% free, 187MB/203MB, paused 1.812ms total 55.231ms
08-06 03:05:24.651 11170 11895 I art     : Starting a blocking GC Explicit
08-06 03:05:24.703 11170 11895 I art     : Explicit concurrent mark sweep GC freed 528(16KB) AllocSpace objects, 0(0B) LOS objects, 7% free, 187MB/203MB, paused 1.663ms total 51.848ms
08-06 03:05:24.725 11170 11895 I art     : Starting a blocking GC Explicit
08-06 03:05:24.778 11170 11895 I art     : Explicit concurrent mark sweep GC freed 292(4KB) AllocSpace objects, 0(0B) LOS objects, 7% free, 187MB/203MB, paused 1.800ms total 52.679ms
08-06 03:05:24.800 11170 11895 I art     : Starting a blocking GC Explicit
08-06 03:05:24.854 11170 11895 I art     : Explicit concurrent mark sweep GC freed 374(6KB) AllocSpace objects, 0(0B) LOS objects, 7% free, 187MB/203MB, paused 1.676ms total 53.831ms
08-06 03:05:24.876 11170 11895 I art     : Starting a blocking GC Explicit
08-06 03:05:24.929 11170 11895 I art     : Explicit concurrent mark sweep GC freed 303(4KB) AllocSpace objects, 0(0B) LOS objects, 7% free, 187MB/203MB, paused 1.966ms total 52.093ms
08-06 03:05:24.936 13227 13227 D AndroidRuntime: >>>>>> START com.android.internal.os.RuntimeInit uid 2000 <<<<<<
08-06 03:05:24.942 13227 13227 D AndroidRuntime: CheckJNI is OFF
08-06 03:05:24.995 13227 13227 D ICU     : No timezone override file found: /data/misc/zoneinfo/current/icu/icu_tzdata.dat
08-06 03:05:25.038 13227 13227 I Radio-JNI: register_android_hardware_Radio DONE
08-06 03:05:25.069 13227 13227 D AndroidRuntime: Calling main entry com.android.commands.input.Input
08-06 03:05:25.072 13227 13227 I Input   : injectKeyEvent: KeyEvent { action=ACTION_DOWN, keyCode=KEYCODE_BACK, scanCode=0, metaState=0, flags=0x0, repeatCount=0, eventTime=846341484, downTime=846341484, deviceId=-1, source=0x101 }
08-06 03:05:25.087 13227 13227 I Input   : injectKeyEvent: KeyEvent { action=ACTION_UP, keyCode=KEYCODE_BACK, scanCode=0, metaState=0, flags=0x0, repeatCount=0, eventTime=846341484, downTime=846341484, deviceId=-1, source=0x101 }
08-06 03:05:25.093 13227 13227 D AndroidRuntime: Shutting down VM
08-06 03:05:25.114 11170 11170 V MainActivity: url = https://project-travel-mate.herokuapp.com/api/number-of-unread-notifications
08-06 03:05:25.186 13866 13866 I GoogleInputMethodServic: GoogleInputMethodService.onFinishInput():3138 
08-06 03:05:25.188 13866 13866 I GoogleInputMethodServic: GoogleInputMethodService.onStartInput():1808 
08-06 03:05:25.373 11170 11183 I art     : Starting a blocking GC Explicit
08-06 03:05:25.440   380   380 W SurfaceFlinger: couldn't log to binary event log: overflow.
08-06 03:05:25.450 11170 11183 I art     : Explicit concurrent mark sweep GC freed 3175(132KB) AllocSpace objects, 2(36KB) LOS objects, 7% free, 187MB/203MB, paused 2.297ms total 75.215ms
08-06 03:05:25.478 11170 11183 I art     : Starting a blocking GC Explicit
08-06 03:05:25.534 11170 11183 I art     : Explicit concurrent mark sweep GC freed 116(4KB) AllocSpace objects, 1(4MB) LOS objects, 8% free, 183MB/199MB, paused 1.722ms total 55.217ms
08-06 03:05:25.546   918  1209 D NetworkMonitor/NetworkAgentInfo [WIFI () - 159]: Checking http://connectivitycheck.gstatic.com/generate_204 on "H369AA63323", 192.168.2.12=192.168.2.12
08-06 03:05:25.556 11170 11183 I art     : Starting a blocking GC Explicit
08-06 03:05:25.586   918  1209 D NetworkMonitor/NetworkAgentInfo [WIFI () - 159]: Probably not a portal: exception java.io.IOException: unexpected end of stream on Connection{connectivitycheck.gstatic.com:80, proxy=HTTP@/192.168.2.12:8080 hostAddress=192.168.2.12 cipherSuite=none protocol=http/1.1} (recycle count=0)
08-06 03:05:25.587   918  3263 D ConnectivityService: NetworkAgentInfo [WIFI () - 159] validation failed
08-06 03:05:25.588   918  3261 E WifiConfigStore:  rewrite network history for "H369AA63323"WPA_PSK
08-06 03:05:25.611 11170 11183 I art     : Explicit concurrent mark sweep GC freed 6300(309KB) AllocSpace objects, 5(256KB) LOS objects, 8% free, 183MB/199MB, paused 2.026ms total 55.091ms
08-06 03:05:25.622 11170 13252 I NAPPA_EXPERIMENTATION: MetricNetworkRequestExecutionTime: REQUEST_DURATION_SYSTEM='507',REQUEST_DURATION_OKHTTP='30',REQUEST_SYNCHRONOUS='FALSE',RESPONSE_CODE='200',RESPONSE_METHOD='GET',RESPONSE_LENGTH_OKHTTP='36',RESPONSE_LENGTH_HEADER='36',REQUEST_PROTOCOL='http/1.1',REQUEST_URL='https://project-travel-mate.herokuapp.com/api/number-of-unread-notifications',
08-06 03:05:25.633 11170 11183 I art     : Starting a blocking GC Explicit
08-06 03:05:25.687 11170 11183 I art     : Explicit concurrent mark sweep GC freed 1082(128KB) AllocSpace objects, 0(0B) LOS objects, 8% free, 183MB/199MB, paused 1.618ms total 53.724ms
08-06 03:05:25.710 11170 11183 I art     : Starting a blocking GC Explicit
08-06 03:05:25.764 11170 11183 I art     : Explicit concurrent mark sweep GC freed 104(4KB) AllocSpace objects, 0(0B) LOS objects, 8% free, 183MB/199MB, paused 1.743ms total 53.925ms
08-06 03:05:26.207 11170 11181 I art     : Starting a blocking GC Explicit
08-06 03:05:26.288 11170 11181 I art     : Explicit concurrent mark sweep GC freed 1624(93KB) AllocSpace objects, 2(36KB) LOS objects, 8% free, 183MB/199MB, paused 2.426ms total 80.161ms
08-06 03:05:26.317 11170 11181 I art     : Starting a blocking GC Explicit
08-06 03:05:26.378 11170 11181 I art     : Explicit concurrent mark sweep GC freed 28(1024B) AllocSpace objects, 0(0B) LOS objects, 8% free, 183MB/199MB, paused 1.981ms total 61.065ms
08-06 03:05:26.403 11170 11181 I art     : Starting a blocking GC Explicit
08-06 03:05:26.464 11170 11181 I art     : Explicit concurrent mark sweep GC freed 3(96B) AllocSpace objects, 0(0B) LOS objects, 8% free, 183MB/199MB, paused 1.869ms total 60.157ms
08-06 03:05:26.488 11170 11181 I art     : Starting a blocking GC Explicit
08-06 03:05:26.549 11170 11181 I art     : Explicit concurrent mark sweep GC freed 3(96B) AllocSpace objects, 0(0B) LOS objects, 8% free, 183MB/199MB, paused 1.978ms total 59.858ms
08-06 03:05:26.573 11170 11181 I art     : Starting a blocking GC Explicit
08-06 03:05:26.634 11170 11181 I art     : Explicit concurrent mark sweep GC freed 3(96B) AllocSpace objects, 0(0B) LOS objects, 8% free, 183MB/199MB, paused 1.899ms total 60.370ms
08-06 03:05:26.982 13271 13271 D AndroidRuntime: >>>>>> START com.android.internal.os.RuntimeInit uid 2000 <<<<<<
08-06 03:05:26.990 13271 13271 D AndroidRuntime: CheckJNI is OFF
08-06 03:05:27.044 13271 13271 D ICU     : No timezone override file found: /data/misc/zoneinfo/current/icu/icu_tzdata.dat
08-06 03:05:27.089 13271 13271 I Radio-JNI: register_android_hardware_Radio DONE
08-06 03:05:27.089 11170 11556 I art     : Starting a blocking GC Explicit
08-06 03:05:27.122 13271 13271 D AndroidRuntime: Calling main entry com.android.commands.input.Input
08-06 03:05:27.124 13271 13271 I Input   : injectMotionEvent: MotionEvent { action=ACTION_DOWN, actionButton=0, id[0]=0, x[0]=117.0, y[0]=170.0, toolType[0]=TOOL_TYPE_UNKNOWN, buttonState=0, metaState=0, flags=0x0, edgeFlags=0x0, pointerCount=1, historySize=0, eventTime=846343537, downTime=846343537, deviceId=0, source=0x1002 }
08-06 03:05:27.130 13271 13271 I Input   : injectMotionEvent: MotionEvent { action=ACTION_UP, actionButton=0, id[0]=0, x[0]=117.0, y[0]=170.0, toolType[0]=TOOL_TYPE_UNKNOWN, buttonState=0, metaState=0, flags=0x0, edgeFlags=0x0, pointerCount=1, historySize=0, eventTime=846343537, downTime=846343537, deviceId=0, source=0x1002 }
08-06 03:05:27.133 13271 13271 D AndroidRuntime: Shutting down VM
08-06 03:05:27.146   512  2967 D audio_hw_primary: out_set_parameters: enter: usecase(1: low-latency-playback) kvpairs: routing=2
08-06 03:05:27.159   512  2967 D audio_hw_primary: select_devices: out_snd_device(2: speaker) in_snd_device(0: none)
08-06 03:05:27.159   512  2967 D msm8974_platform: platform_send_audio_calibration: sending audio calibration for snd_device(2) acdb_id(15)
08-06 03:05:27.159   512  2967 I soundtrigger: audio_extn_sound_trigger_update_device_status: device 0x2 of type 0 for Event 1
08-06 03:05:27.170   512  2967 D audio_hw_primary: enable_snd_device: snd_device(2: speaker)
08-06 03:05:27.173   512  2967 D audio_hw_primary: enable_audio_route: apply and update mixer path: low-latency-playback speaker
08-06 03:05:27.181 11170 11556 I art     : Explicit concurrent mark sweep GC freed 1662(94KB) AllocSpace objects, 2(36KB) LOS objects, 8% free, 183MB/199MB, paused 2.260ms total 91.539ms
08-06 03:05:27.205 11170 11556 I art     : Starting a blocking GC Explicit
08-06 03:05:27.268 11170 11556 I art     : Explicit concurrent mark sweep GC freed 439(21KB) AllocSpace objects, 0(0B) LOS objects, 8% free, 183MB/199MB, paused 2.066ms total 61.947ms
08-06 03:05:27.293 11170 11556 I art     : Starting a blocking GC Explicit
08-06 03:05:27.351 11170 11556 I art     : Explicit concurrent mark sweep GC freed 13(576B) AllocSpace objects, 0(0B) LOS objects, 8% free, 183MB/199MB, paused 1.839ms total 57.659ms
08-06 03:05:27.378 11170 11556 I art     : Starting a blocking GC Explicit
08-06 03:05:27.438 11170 11556 I art     : Explicit concurrent mark sweep GC freed 3(96B) AllocSpace objects, 0(0B) LOS objects, 8% free, 183MB/199MB, paused 2.364ms total 60.196ms
08-06 03:05:27.460 11170 11556 I art     : Starting a blocking GC Explicit
08-06 03:05:27.518 11170 11556 I art     : Explicit concurrent mark sweep GC freed 5(160B) AllocSpace objects, 0(0B) LOS objects, 8% free, 183MB/199MB, paused 1.702ms total 56.916ms
08-06 03:05:27.710   512  2967 D audio_hw_primary: disable_audio_route: reset and update mixer path: low-latency-playback speaker
08-06 03:05:27.711   512  2967 D audio_hw_primary: disable_snd_device: snd_device(2: speaker)
08-06 03:05:27.719   512  2967 I soundtrigger: audio_extn_sound_trigger_update_device_status: device 0x2 of type 0 for Event 0
08-06 03:05:27.961 11170 11556 I art     : Starting a blocking GC Explicit
08-06 03:05:28.027 11170 11556 I art     : Explicit concurrent mark sweep GC freed 1637(93KB) AllocSpace objects, 2(36KB) LOS objects, 8% free, 183MB/199MB, paused 1.900ms total 65.554ms
08-06 03:05:28.051 11170 11556 I art     : Starting a blocking GC Explicit
08-06 03:05:28.079 13296 13296 D AndroidRuntime: >>>>>> START com.android.internal.os.RuntimeInit uid 2000 <<<<<<
08-06 03:05:28.085 13296 13296 D AndroidRuntime: CheckJNI is OFF
08-06 03:05:28.113 11170 11556 I art     : Explicit concurrent mark sweep GC freed 52(2064B) AllocSpace objects, 0(0B) LOS objects, 8% free, 183MB/199MB, paused 1.972ms total 60.909ms
08-06 03:05:28.136 11170 11556 I art     : Starting a blocking GC Explicit
08-06 03:05:28.142 13296 13296 D ICU     : No timezone override file found: /data/misc/zoneinfo/current/icu/icu_tzdata.dat
08-06 03:05:28.184 13296 13296 I Radio-JNI: register_android_hardware_Radio DONE
08-06 03:05:28.193 11170 11556 I art     : Explicit concurrent mark sweep GC freed 13(640B) AllocSpace objects, 0(0B) LOS objects, 8% free, 183MB/199MB, paused 1.879ms total 56.781ms
08-06 03:05:28.216 11170 11556 I art     : Starting a blocking GC Explicit
08-06 03:05:28.218 13296 13296 D AndroidRuntime: Calling main entry com.android.commands.input.Input
08-06 03:05:28.220 13296 13296 I Input   : injectMotionEvent: MotionEvent { action=ACTION_DOWN, actionButton=0, id[0]=0, x[0]=418.0, y[0]=842.0, toolType[0]=TOOL_TYPE_UNKNOWN, buttonState=0, metaState=0, flags=0x0, edgeFlags=0x0, pointerCount=1, historySize=0, eventTime=846344633, downTime=846344633, deviceId=0, source=0x1002 }
08-06 03:05:28.225 13296 13296 I Input   : injectMotionEvent: MotionEvent { action=ACTION_UP, actionButton=0, id[0]=0, x[0]=418.0, y[0]=842.0, toolType[0]=TOOL_TYPE_UNKNOWN, buttonState=0, metaState=0, flags=0x0, edgeFlags=0x0, pointerCount=1, historySize=0, eventTime=846344633, downTime=846344633, deviceId=0, source=0x1002 }
08-06 03:05:28.228 13296 13296 D AndroidRuntime: Shutting down VM
08-06 03:05:28.246   512  2967 D audio_hw_primary: out_set_parameters: enter: usecase(1: low-latency-playback) kvpairs: routing=2
08-06 03:05:28.253 11170 11250 D Gabe    : call	returning from cache
08-06 03:05:28.261   512  2967 D audio_hw_primary: select_devices: out_snd_device(2: speaker) in_snd_device(0: none)
08-06 03:05:28.261   512  2967 D msm8974_platform: platform_send_audio_calibration: sending audio calibration for snd_device(2) acdb_id(15)
08-06 03:05:28.262   512  2967 I soundtrigger: audio_extn_sound_trigger_update_device_status: device 0x2 of type 0 for Event 1
08-06 03:05:28.271   512  2967 D audio_hw_primary: enable_snd_device: snd_device(2: speaker)
08-06 03:05:28.273 11170 11556 I art     : Explicit concurrent mark sweep GC freed 559(30KB) AllocSpace objects, 0(0B) LOS objects, 8% free, 183MB/199MB, paused 2.380ms total 56.510ms
08-06 03:05:28.273   512  2967 D audio_hw_primary: enable_audio_route: apply and update mixer path: low-latency-playback speaker
08-06 03:05:28.284 11170 11170 V MainActivity: url = https://project-travel-mate.herokuapp.com/api/number-of-unread-notifications
08-06 03:05:28.295 11170 11556 I art     : Starting a blocking GC Explicit
08-06 03:05:28.316   512  2967 D AudioFlinger: mixer(0xf4740000) throttle end: throttle time(12)
08-06 03:05:28.352 11170 11556 I art     : Explicit concurrent mark sweep GC freed 634(36KB) AllocSpace objects, 0(0B) LOS objects, 8% free, 183MB/199MB, paused 2.422ms total 56.861ms
08-06 03:05:28.788 11170 11183 I art     : Starting a blocking GC Explicit
08-06 03:05:28.798   512  2967 D audio_hw_primary: disable_audio_route: reset and update mixer path: low-latency-playback speaker
08-06 03:05:28.800   512  2967 D audio_hw_primary: disable_snd_device: snd_device(2: speaker)
08-06 03:05:28.808   512  2967 I soundtrigger: audio_extn_sound_trigger_update_device_status: device 0x2 of type 0 for Event 0
08-06 03:05:28.857 11170 11183 I art     : Explicit concurrent mark sweep GC freed 3418(220KB) AllocSpace objects, 2(36KB) LOS objects, 7% free, 184MB/200MB, paused 2.485ms total 69.048ms
08-06 03:05:28.881 11170 11183 I art     : Starting a blocking GC Explicit
08-06 03:05:28.953 11170 11183 I art     : Explicit concurrent mark sweep GC freed 1720(63KB) AllocSpace objects, 0(0B) LOS objects, 7% free, 184MB/200MB, paused 2.325ms total 71.504ms
08-06 03:05:28.977 11170 11183 I art     : Starting a blocking GC Explicit
08-06 03:05:28.982 11170 11170 I Choreographer: Skipped 41 frames!  The application may be doing too much work on its main thread.
08-06 03:05:29.038 11170 11183 I art     : Explicit concurrent mark sweep GC freed 1340(68KB) AllocSpace objects, 9(252KB) LOS objects, 8% free, 183MB/199MB, paused 2.024ms total 60.259ms
08-06 03:05:29.061 11170 11183 I art     : Starting a blocking GC Explicit
08-06 03:05:29.139 11170 11183 I art     : Explicit concurrent mark sweep GC freed 2844(154KB) AllocSpace objects, 3(200KB) LOS objects, 7% free, 184MB/200MB, paused 3.238ms total 77.555ms
08-06 03:05:29.162 11170 13321 I NAPPA_EXPERIMENTATION: MetricNetworkRequestExecutionTime: REQUEST_DURATION_SYSTEM='875',REQUEST_DURATION_OKHTTP='32',REQUEST_SYNCHRONOUS='FALSE',RESPONSE_CODE='200',RESPONSE_METHOD='GET',RESPONSE_LENGTH_OKHTTP='36',RESPONSE_LENGTH_HEADER='36',REQUEST_PROTOCOL='http/1.1',REQUEST_URL='https://project-travel-mate.herokuapp.com/api/number-of-unread-notifications',
08-06 03:05:29.164 11170 11183 I art     : Starting a blocking GC Explicit
08-06 03:05:29.240 11170 11183 I art     : Explicit concurrent mark sweep GC freed 2273(173KB) AllocSpace objects, 0(0B) LOS objects, 7% free, 184MB/200MB, paused 2.356ms total 75.778ms
08-06 03:05:29.680 11170 11181 I art     : Starting a blocking GC Explicit
08-06 03:05:29.753 11170 11181 I art     : Explicit concurrent mark sweep GC freed 2529(113KB) AllocSpace objects, 2(52KB) LOS objects, 7% free, 184MB/200MB, paused 2.006ms total 72.093ms
08-06 03:05:29.779 11170 11181 I art     : Starting a blocking GC Explicit
08-06 03:05:29.847 11170 11181 I art     : Explicit concurrent mark sweep GC freed 183(3KB) AllocSpace objects, 0(0B) LOS objects, 7% free, 184MB/200MB, paused 1.985ms total 68.511ms
08-06 03:05:29.873 11170 11181 I art     : Starting a blocking GC Explicit
08-06 03:05:29.946 11170 11181 I art     : Explicit concurrent mark sweep GC freed 153(2720B) AllocSpace objects, 0(0B) LOS objects, 7% free, 184MB/200MB, paused 1.976ms total 72.148ms
08-06 03:05:29.974 11170 11181 I art     : Starting a blocking GC Explicit
08-06 03:05:30.043 11170 11181 I art     : Explicit concurrent mark sweep GC freed 159(2880B) AllocSpace objects, 0(0B) LOS objects, 7% free, 184MB/200MB, paused 1.884ms total 68.330ms
08-06 03:05:30.070 11170 11181 I art     : Starting a blocking GC Explicit
08-06 03:05:30.139 11170 11181 I art     : Explicit concurrent mark sweep GC freed 159(2880B) AllocSpace objects, 0(0B) LOS objects, 7% free, 184MB/200MB, paused 2.560ms total 68.613ms
08-06 03:05:30.203   518   646 I ThermalEngine: ACTION: GPU - Setting GPU[0] to 450000000
08-06 03:05:30.553 11170 11183 I art     : Starting a blocking GC Explicit
08-06 03:05:30.590  6516  6516 I Atfwd_Sendcmd: AtCmdFwd service not ready - Exhausted retry attempts - :6
08-06 03:05:30.591  6516  6516 I Atfwd_Daemon: result : -1 	 ,Init step :2 	 ,qmiErrorCode: 0
08-06 03:05:30.612 11170 11183 I art     : Explicit concurrent mark sweep GC freed 2288(104KB) AllocSpace objects, 2(52KB) LOS objects, 7% free, 184MB/200MB, paused 1.254ms total 59.042ms
08-06 03:05:30.632 11170 11183 I art     : Starting a blocking GC Explicit
08-06 03:05:30.690 11170 11183 I art     : Explicit concurrent mark sweep GC freed 147(2992B) AllocSpace objects, 0(0B) LOS objects, 7% free, 184MB/200MB, paused 1.328ms total 57.951ms
08-06 03:05:30.709 11170 11183 I art     : Starting a blocking GC Explicit
08-06 03:05:30.766 11170 11183 I art     : Explicit concurrent mark sweep GC freed 106(1824B) AllocSpace objects, 0(0B) LOS objects, 7% free, 184MB/200MB, paused 1.386ms total 56.322ms
08-06 03:05:30.785 11170 11183 I art     : Starting a blocking GC Explicit
08-06 03:05:30.843 11170 11183 I art     : Explicit concurrent mark sweep GC freed 117(2000B) AllocSpace objects, 0(0B) LOS objects, 7% free, 184MB/200MB, paused 1.298ms total 57.926ms
08-06 03:05:30.862 11170 11183 I art     : Starting a blocking GC Explicit
08-06 03:05:30.920 11170 11183 I art     : Explicit concurrent mark sweep GC freed 153(2896B) AllocSpace objects, 0(0B) LOS objects, 7% free, 184MB/200MB, paused 1.287ms total 57.451ms
08-06 03:05:31.020 13355 13355 D AndroidRuntime: >>>>>> START com.android.internal.os.RuntimeInit uid 2000 <<<<<<
08-06 03:05:31.026 13355 13355 D AndroidRuntime: CheckJNI is OFF
08-06 03:05:31.027   918  1210 D NetlinkSocketObserver: NeighborEvent{elapsedMs=1829734902, 192.168.2.254, [7C3953A63323], RTM_NEWNEIGH, NUD_STALE}
08-06 03:05:31.070 13355 13355 D ICU     : No timezone override file found: /data/misc/zoneinfo/current/icu/icu_tzdata.dat
08-06 03:05:31.112 13355 13355 I Radio-JNI: register_android_hardware_Radio DONE
08-06 03:05:31.141 13355 13355 D AndroidRuntime: Calling main entry com.android.commands.input.Input
08-06 03:05:31.143 13355 13355 I Input   : injectMotionEvent: MotionEvent { action=ACTION_DOWN, actionButton=0, id[0]=0, x[0]=117.0, y[0]=170.0, toolType[0]=TOOL_TYPE_UNKNOWN, buttonState=0, metaState=0, flags=0x0, edgeFlags=0x0, pointerCount=1, historySize=0, eventTime=846347556, downTime=846347556, deviceId=0, source=0x1002 }
08-06 03:05:31.150 13355 13355 I Input   : injectMotionEvent: MotionEvent { action=ACTION_UP, actionButton=0, id[0]=0, x[0]=117.0, y[0]=170.0, toolType[0]=TOOL_TYPE_UNKNOWN, buttonState=0, metaState=0, flags=0x0, edgeFlags=0x0, pointerCount=1, historySize=0, eventTime=846347556, downTime=846347556, deviceId=0, source=0x1002 }
08-06 03:05:31.152 13355 13355 D AndroidRuntime: Shutting down VM
08-06 03:05:31.170   512  2967 D audio_hw_primary: out_set_parameters: enter: usecase(1: low-latency-playback) kvpairs: routing=2
08-06 03:05:31.185   512  2967 D audio_hw_primary: select_devices: out_snd_device(2: speaker) in_snd_device(0: none)
08-06 03:05:31.185   512  2967 D msm8974_platform: platform_send_audio_calibration: sending audio calibration for snd_device(2) acdb_id(15)
08-06 03:05:31.185   512  2967 I soundtrigger: audio_extn_sound_trigger_update_device_status: device 0x2 of type 0 for Event 1
08-06 03:05:31.194   512  2967 D audio_hw_primary: enable_snd_device: snd_device(2: speaker)
08-06 03:05:31.197   512  2967 D audio_hw_primary: enable_audio_route: apply and update mixer path: low-latency-playback speaker
08-06 03:05:31.331 11170 11230 I art     : Starting a blocking GC Explicit
08-06 03:05:31.396 11170 11230 I art     : Explicit concurrent mark sweep GC freed 2719(125KB) AllocSpace objects, 2(52KB) LOS objects, 7% free, 184MB/200MB, paused 1.566ms total 64.550ms
08-06 03:05:31.415 11170 11230 I art     : Starting a blocking GC Explicit
08-06 03:05:31.465 11170 11230 I art     : Explicit concurrent mark sweep GC freed 168(4KB) AllocSpace objects, 0(0B) LOS objects, 7% free, 184MB/200MB, paused 1.207ms total 48.755ms
08-06 03:05:31.482 11170 11230 I art     : Starting a blocking GC Explicit
08-06 03:05:31.534 11170 11230 I art     : Explicit concurrent mark sweep GC freed 123(2096B) AllocSpace objects, 0(0B) LOS objects, 7% free, 184MB/200MB, paused 1.285ms total 51.060ms
08-06 03:05:31.552 11170 11230 I art     : Starting a blocking GC Explicit
08-06 03:05:31.602 11170 11230 I art     : Explicit concurrent mark sweep GC freed 106(1952B) AllocSpace objects, 0(0B) LOS objects, 7% free, 184MB/200MB, paused 1.303ms total 49.253ms
08-06 03:05:31.621 11170 11230 I art     : Starting a blocking GC Explicit
08-06 03:05:31.674 11170 11230 I art     : Explicit concurrent mark sweep GC freed 103(1824B) AllocSpace objects, 0(0B) LOS objects, 7% free, 184MB/200MB, paused 1.136ms total 52.844ms
08-06 03:05:31.739   512  2967 D audio_hw_primary: disable_audio_route: reset and update mixer path: low-latency-playback speaker
08-06 03:05:31.741   512  2967 D audio_hw_primary: disable_snd_device: snd_device(2: speaker)
08-06 03:05:31.749   512  2967 I soundtrigger: audio_extn_sound_trigger_update_device_status: device 0x2 of type 0 for Event 0
08-06 03:05:31.920 13378 13378 D AndroidRuntime: >>>>>> START com.android.internal.os.RuntimeInit uid 2000 <<<<<<
08-06 03:05:31.926 13378 13378 D AndroidRuntime: CheckJNI is OFF
08-06 03:05:31.968 13378 13378 D ICU     : No timezone override file found: /data/misc/zoneinfo/current/icu/icu_tzdata.dat
08-06 03:05:32.010 13378 13378 I Radio-JNI: register_android_hardware_Radio DONE
08-06 03:05:32.040 13378 13378 D AndroidRuntime: Calling main entry com.android.commands.input.Input
08-06 03:05:32.042 13378 13378 I Input   : injectMotionEvent: MotionEvent { action=ACTION_DOWN, actionButton=0, id[0]=0, x[0]=355.0, y[0]=1674.0, toolType[0]=TOOL_TYPE_UNKNOWN, buttonState=0, metaState=0, flags=0x0, edgeFlags=0x0, pointerCount=1, historySize=0, eventTime=846348455, downTime=846348455, deviceId=0, source=0x1002 }
08-06 03:05:32.046 13378 13378 I Input   : injectMotionEvent: MotionEvent { action=ACTION_UP, actionButton=0, id[0]=0, x[0]=355.0, y[0]=1674.0, toolType[0]=TOOL_TYPE_UNKNOWN, buttonState=0, metaState=0, flags=0x0, edgeFlags=0x0, pointerCount=1, historySize=0, eventTime=846348455, downTime=846348455, deviceId=0, source=0x1002 }
08-06 03:05:32.050 13378 13378 D AndroidRuntime: Shutting down VM
08-06 03:05:32.062 11170 11230 I art     : Starting a blocking GC Explicit
08-06 03:05:32.072   512  2967 D audio_hw_primary: out_set_parameters: enter: usecase(1: low-latency-playback) kvpairs: routing=2
08-06 03:05:32.080 11170 11170 V MainActivity: url = https://project-travel-mate.herokuapp.com/api/number-of-unread-notifications
08-06 03:05:32.087   512  2967 D audio_hw_primary: select_devices: out_snd_device(2: speaker) in_snd_device(0: none)
08-06 03:05:32.087   512  2967 D msm8974_platform: platform_send_audio_calibration: sending audio calibration for snd_device(2) acdb_id(15)
08-06 03:05:32.088   512  2967 I soundtrigger: audio_extn_sound_trigger_update_device_status: device 0x2 of type 0 for Event 1
08-06 03:05:32.097   512  2967 D audio_hw_primary: enable_snd_device: snd_device(2: speaker)
08-06 03:05:32.099   512  2967 D audio_hw_primary: enable_audio_route: apply and update mixer path: low-latency-playback speaker
08-06 03:05:32.119 11170 11230 I art     : Explicit concurrent mark sweep GC freed 3444(151KB) AllocSpace objects, 2(52KB) LOS objects, 7% free, 184MB/200MB, paused 2.074ms total 56.178ms
08-06 03:05:32.138 11170 11230 I art     : Starting a blocking GC Explicit
08-06 03:05:32.144   512  2967 D AudioFlinger: mixer(0xf4740000) throttle end: throttle time(12)
08-06 03:05:32.193 11170 11230 I art     : Explicit concurrent mark sweep GC freed 2510(182KB) AllocSpace objects, 0(0B) LOS objects, 7% free, 184MB/200MB, paused 1.461ms total 55.400ms
08-06 03:05:32.212 11170 11230 I art     : Starting a blocking GC Explicit
08-06 03:05:32.264 11170 11230 I art     : Explicit concurrent mark sweep GC freed 826(49KB) AllocSpace objects, 9(252KB) LOS objects, 7% free, 184MB/200MB, paused 1.402ms total 51.888ms
08-06 03:05:32.283 11170 11230 I art     : Starting a blocking GC Explicit
08-06 03:05:32.337 11170 11230 I art     : Explicit concurrent mark sweep GC freed 3(96B) AllocSpace objects, 0(0B) LOS objects, 7% free, 184MB/200MB, paused 1.208ms total 52.921ms
08-06 03:05:32.355 11170 11230 I art     : Starting a blocking GC Explicit
08-06 03:05:32.409 11170 11230 I art     : Explicit concurrent mark sweep GC freed 3(96B) AllocSpace objects, 0(0B) LOS objects, 7% free, 184MB/200MB, paused 1.359ms total 53.841ms
08-06 03:05:32.639   512  2967 D audio_hw_primary: disable_audio_route: reset and update mixer path: low-latency-playback speaker
08-06 03:05:32.640   512  2967 D audio_hw_primary: disable_snd_device: snd_device(2: speaker)
08-06 03:05:32.647 11170 13399 I NAPPA_EXPERIMENTATION: MetricNetworkRequestExecutionTime: REQUEST_DURATION_SYSTEM='565',REQUEST_DURATION_OKHTTP='38',REQUEST_SYNCHRONOUS='FALSE',RESPONSE_CODE='200',RESPONSE_METHOD='GET',RESPONSE_LENGTH_OKHTTP='36',RESPONSE_LENGTH_HEADER='36',REQUEST_PROTOCOL='http/1.1',REQUEST_URL='https://project-travel-mate.herokuapp.com/api/number-of-unread-notifications',
08-06 03:05:32.648   512  2967 I soundtrigger: audio_extn_sound_trigger_update_device_status: device 0x2 of type 0 for Event 0
08-06 03:05:32.801 11170 11230 I art     : Starting a blocking GC Explicit
08-06 03:05:32.874 11170 11230 I art     : Explicit concurrent mark sweep GC freed 4442(241KB) AllocSpace objects, 5(248KB) LOS objects, 7% free, 184MB/200MB, paused 1.428ms total 72.752ms
08-06 03:05:32.897 11170 11230 I art     : Starting a blocking GC Explicit
08-06 03:05:32.953 11170 11230 I art     : Explicit concurrent mark sweep GC freed 962(117KB) AllocSpace objects, 0(0B) LOS objects, 7% free, 184MB/200MB, paused 1.169ms total 55.899ms
08-06 03:05:32.972 11170 11230 I art     : Starting a blocking GC Explicit
08-06 03:05:33.028 11170 11230 I art     : Explicit concurrent mark sweep GC freed 3(96B) AllocSpace objects, 0(0B) LOS objects, 7% free, 184MB/200MB, paused 1.369ms total 55.572ms
08-06 03:05:33.047 11170 11230 I art     : Starting a blocking GC Explicit
08-06 03:05:33.106 11170 11230 I art     : Explicit concurrent mark sweep GC freed 3(96B) AllocSpace objects, 0(0B) LOS objects, 7% free, 184MB/200MB, paused 1.385ms total 57.964ms
08-06 03:05:33.128 11170 11230 I art     : Starting a blocking GC Explicit
08-06 03:05:33.189 11170 11230 I art     : Explicit concurrent mark sweep GC freed 3(96B) AllocSpace objects, 0(0B) LOS objects, 7% free, 184MB/200MB, paused 1.428ms total 60.627ms
08-06 03:05:33.595   918  1209 D NetworkMonitor/NetworkAgentInfo [WIFI () - 159]: Checking http://connectivitycheck.gstatic.com/generate_204 on "H369AA63323", 192.168.2.12=192.168.2.12
08-06 03:05:33.607 11170 11556 I art     : Starting a blocking GC Explicit
08-06 03:05:33.680 11170 11556 I art     : Explicit concurrent mark sweep GC freed 1586(92KB) AllocSpace objects, 2(48KB) LOS objects, 7% free, 184MB/200MB, paused 1.373ms total 73.134ms
08-06 03:05:33.703 11170 11556 I art     : Starting a blocking GC Explicit
08-06 03:05:33.731   918  1209 D NetworkMonitor/NetworkAgentInfo [WIFI () - 159]: Probably not a portal: exception java.io.IOException: unexpected end of stream on Connection{connectivitycheck.gstatic.com:80, proxy=HTTP@/192.168.2.12:8080 hostAddress=192.168.2.12 cipherSuite=none protocol=http/1.1} (recycle count=0)
08-06 03:05:33.733   918  3263 D ConnectivityService: NetworkAgentInfo [WIFI () - 159] validation failed
08-06 03:05:33.737   918  3261 E WifiConfigStore:  rewrite network history for "H369AA63323"WPA_PSK
08-06 03:05:33.769 11170 11556 I art     : Explicit concurrent mark sweep GC freed 37(1312B) AllocSpace objects, 0(0B) LOS objects, 7% free, 184MB/200MB, paused 1.381ms total 65.009ms
08-06 03:05:33.789 11170 11556 I art     : Starting a blocking GC Explicit
08-06 03:05:33.850 11170 11556 I art     : Explicit concurrent mark sweep GC freed 43(1216B) AllocSpace objects, 0(0B) LOS objects, 7% free, 184MB/200MB, paused 1.438ms total 60.976ms
08-06 03:05:33.870 11170 11556 I art     : Starting a blocking GC Explicit
08-06 03:05:33.937 11170 11556 I art     : Explicit concurrent mark sweep GC freed 15(480B) AllocSpace objects, 0(0B) LOS objects, 7% free, 184MB/200MB, paused 1.476ms total 66.752ms
08-06 03:05:33.957 11170 11556 I art     : Starting a blocking GC Explicit
08-06 03:05:34.015 11170 11556 I art     : Explicit concurrent mark sweep GC freed 3(96B) AllocSpace objects, 0(0B) LOS objects, 7% free, 184MB/200MB, paused 1.315ms total 58.092ms
08-06 03:05:34.479 11170 11183 I art     : Starting a blocking GC Explicit
08-06 03:05:34.551 11170 11183 I art     : Explicit concurrent mark sweep GC freed 1598(92KB) AllocSpace objects, 2(48KB) LOS objects, 7% free, 184MB/200MB, paused 1.356ms total 71.722ms
08-06 03:05:34.570 11170 11183 I art     : Starting a blocking GC Explicit
08-06 03:05:34.629 11170 11183 I art     : Explicit concurrent mark sweep GC freed 48(2080B) AllocSpace objects, 0(0B) LOS objects, 7% free, 184MB/200MB, paused 1.345ms total 58.259ms
08-06 03:05:34.636   918  3261 D WifiStateMachine: starting scan for "H369AA63323"WPA_PSK with 2412,5180
08-06 03:05:34.648 11170 11183 I art     : Starting a blocking GC Explicit
08-06 03:05:34.703 11170 11183 I art     : Explicit concurrent mark sweep GC freed 3(96B) AllocSpace objects, 0(0B) LOS objects, 7% free, 184MB/200MB, paused 1.279ms total 54.942ms
08-06 03:05:34.723 11170 11183 I art     : Starting a blocking GC Explicit
08-06 03:05:34.782 11170 11183 I art     : Explicit concurrent mark sweep GC freed 14(720B) AllocSpace objects, 0(0B) LOS objects, 7% free, 184MB/200MB, paused 1.342ms total 58.807ms
08-06 03:05:34.801 11170 11183 I art     : Starting a blocking GC Explicit
08-06 03:05:34.860 11170 11183 I art     : Explicit concurrent mark sweep GC freed 45(1504B) AllocSpace objects, 0(0B) LOS objects, 7% free, 184MB/200MB, paused 1.356ms total 58.915ms
08-06 03:05:34.871 13435 13435 D AndroidRuntime: >>>>>> START com.android.internal.os.RuntimeInit uid 2000 <<<<<<
08-06 03:05:34.877 13435 13435 D AndroidRuntime: CheckJNI is OFF
08-06 03:05:34.921 13435 13435 D ICU     : No timezone override file found: /data/misc/zoneinfo/current/icu/icu_tzdata.dat
08-06 03:05:34.966 13435 13435 I Radio-JNI: register_android_hardware_Radio DONE
08-06 03:05:34.997 13435 13435 D AndroidRuntime: Calling main entry com.android.commands.input.Input
08-06 03:05:35.001 13435 13435 I Input   : injectMotionEvent: MotionEvent { action=ACTION_DOWN, actionButton=0, id[0]=0, x[0]=747.0, y[0]=608.0, toolType[0]=TOOL_TYPE_UNKNOWN, buttonState=0, metaState=0, flags=0x0, edgeFlags=0x0, pointerCount=1, historySize=0, eventTime=846351414, downTime=846351414, deviceId=0, source=0x1002 }
08-06 03:05:35.010 13435 13435 I Input   : injectMotionEvent: MotionEvent { action=ACTION_UP, actionButton=0, id[0]=0, x[0]=747.0, y[0]=608.0, toolType[0]=TOOL_TYPE_UNKNOWN, buttonState=0, metaState=0, flags=0x0, edgeFlags=0x0, pointerCount=1, historySize=0, eventTime=846351414, downTime=846351414, deviceId=0, source=0x1002 }
08-06 03:05:35.013 13435 13435 D AndroidRuntime: Shutting down VM
08-06 03:05:35.016   918  6112 I ActivityManager: START u0 {cmp=baseline.io.github.project_travel_mate/.utilities.ChecklistActivity} from uid 10696 on display 0
08-06 03:05:35.020   512  2967 D audio_hw_primary: out_set_parameters: enter: usecase(1: low-latency-playback) kvpairs: routing=2
08-06 03:05:35.033   512  2967 D audio_hw_primary: select_devices: out_snd_device(2: speaker) in_snd_device(0: none)
08-06 03:05:35.034   512  2967 D msm8974_platform: platform_send_audio_calibration: sending audio calibration for snd_device(2) acdb_id(15)
08-06 03:05:35.034   512  2967 I soundtrigger: audio_extn_sound_trigger_update_device_status: device 0x2 of type 0 for Event 1
08-06 03:05:35.047   512  2967 D audio_hw_primary: enable_snd_device: snd_device(2: speaker)
08-06 03:05:35.050   512  2967 D audio_hw_primary: enable_audio_route: apply and update mixer path: low-latency-playback speaker
08-06 03:05:35.129   918   936 I ActivityManager: Displayed baseline.io.github.project_travel_mate/.utilities.ChecklistActivity: +99ms
08-06 03:05:35.129 13866 13866 I GoogleInputMethodServic: GoogleInputMethodService.onFinishInput():3138 
08-06 03:05:35.129 13866 13866 I GoogleInputMethodServic: GoogleInputMethodService.onStartInput():1808 
08-06 03:05:35.257 11170 11556 I art     : Starting a blocking GC Explicit
08-06 03:05:35.338 11170 11556 I art     : Explicit concurrent mark sweep GC freed 2507(146KB) AllocSpace objects, 2(48KB) LOS objects, 7% free, 184MB/200MB, paused 1.365ms total 79.577ms
08-06 03:05:35.358 11170 11556 I art     : Starting a blocking GC Explicit
08-06 03:05:35.392   380   380 W SurfaceFlinger: couldn't log to binary event log: overflow.
08-06 03:05:35.421 11170 11556 I art     : Explicit concurrent mark sweep GC freed 334(14KB) AllocSpace objects, 0(0B) LOS objects, 7% free, 184MB/200MB, paused 1.244ms total 62.979ms
08-06 03:05:35.439 11170 11556 I art     : Starting a blocking GC Explicit
08-06 03:05:35.491 11170 11556 I art     : Explicit concurrent mark sweep GC freed 17(528B) AllocSpace objects, 0(0B) LOS objects, 7% free, 184MB/200MB, paused 1.182ms total 51.671ms
08-06 03:05:35.512 11170 11556 I art     : Starting a blocking GC Explicit
08-06 03:05:35.564 11170 11556 I art     : Explicit concurrent mark sweep GC freed 57(1792B) AllocSpace objects, 0(0B) LOS objects, 7% free, 184MB/200MB, paused 1.269ms total 51.985ms
08-06 03:05:35.583 11170 11556 I art     : Starting a blocking GC Explicit
08-06 03:05:35.590   512  2967 D audio_hw_primary: disable_audio_route: reset and update mixer path: low-latency-playback speaker
08-06 03:05:35.591   512  2967 D audio_hw_primary: disable_snd_device: snd_device(2: speaker)
08-06 03:05:35.599   512  2967 I soundtrigger: audio_extn_sound_trigger_update_device_status: device 0x2 of type 0 for Event 0
08-06 03:05:35.640 11170 11556 I art     : Explicit concurrent mark sweep GC freed 11(352B) AllocSpace objects, 0(0B) LOS objects, 7% free, 184MB/200MB, paused 1.361ms total 56.831ms
08-06 03:05:36.074 11170 11181 I art     : Starting a blocking GC Explicit
08-06 03:05:36.147 11170 11181 I art     : Explicit concurrent mark sweep GC freed 1623(93KB) AllocSpace objects, 2(48KB) LOS objects, 7% free, 184MB/200MB, paused 1.430ms total 72.420ms
08-06 03:05:36.169 11170 11181 I art     : Starting a blocking GC Explicit
08-06 03:05:36.226 11170 11181 I art     : Explicit concurrent mark sweep GC freed 28(1024B) AllocSpace objects, 0(0B) LOS objects, 7% free, 184MB/200MB, paused 1.303ms total 56.734ms
08-06 03:05:36.245 11170 11181 I art     : Starting a blocking GC Explicit
08-06 03:05:36.307 11170 11181 I art     : Explicit concurrent mark sweep GC freed 3(96B) AllocSpace objects, 0(0B) LOS objects, 7% free, 184MB/200MB, paused 1.400ms total 61.082ms
08-06 03:05:36.329 11170 11181 I art     : Starting a blocking GC Explicit
08-06 03:05:36.392 11170 11181 I art     : Explicit concurrent mark sweep GC freed 3(96B) AllocSpace objects, 0(0B) LOS objects, 7% free, 184MB/200MB, paused 1.405ms total 62.739ms
08-06 03:05:36.416 11170 11181 I art     : Starting a blocking GC Explicit
08-06 03:05:36.476 11170 11181 I art     : Explicit concurrent mark sweep GC freed 3(96B) AllocSpace objects, 0(0B) LOS objects, 7% free, 184MB/200MB, paused 1.301ms total 58.917ms
08-06 03:05:36.476 11170 11180 I art     : WaitForGcToComplete blocked for 59.235ms for cause HeapTrim
08-06 03:05:36.890 11170 11230 I art     : Starting a blocking GC Explicit
08-06 03:05:36.973 11170 11230 I art     : Explicit concurrent mark sweep GC freed 1623(93KB) AllocSpace objects, 2(48KB) LOS objects, 7% free, 184MB/200MB, paused 1.502ms total 82.908ms
08-06 03:05:36.995 11170 11230 I art     : Starting a blocking GC Explicit
08-06 03:05:37.060 11170 11230 I art     : Explicit concurrent mark sweep GC freed 34(1424B) AllocSpace objects, 0(0B) LOS objects, 7% free, 184MB/200MB, paused 1.422ms total 64.498ms
08-06 03:05:37.080 11170 11230 I art     : Starting a blocking GC Explicit
08-06 03:05:37.147 11170 11230 I art     : Explicit concurrent mark sweep GC freed 15(672B) AllocSpace objects, 0(0B) LOS objects, 7% free, 184MB/200MB, paused 1.591ms total 66.737ms
08-06 03:05:37.169 11170 11230 I art     : Starting a blocking GC Explicit
08-06 03:05:37.237 11170 11230 I art     : Explicit concurrent mark sweep GC freed 17(864B) AllocSpace objects, 0(0B) LOS objects, 7% free, 184MB/200MB, paused 1.369ms total 68.030ms
08-06 03:05:37.261 11170 11230 I art     : Starting a blocking GC Explicit
08-06 03:05:37.326 11170 11230 I art     : Explicit concurrent mark sweep GC freed 3(96B) AllocSpace objects, 0(0B) LOS objects, 7% free, 184MB/200MB, paused 1.373ms total 64.655ms
08-06 03:05:37.774 11170 11895 I art     : Starting a blocking GC Explicit
08-06 03:05:37.856 11170 11895 I art     : Explicit concurrent mark sweep GC freed 1634(93KB) AllocSpace objects, 2(48KB) LOS objects, 7% free, 184MB/200MB, paused 1.358ms total 81.540ms
08-06 03:05:37.877 11170 11895 I art     : Starting a blocking GC Explicit
08-06 03:05:37.942 11170 11895 I art     : Explicit concurrent mark sweep GC freed 39(1600B) AllocSpace objects, 0(0B) LOS objects, 7% free, 184MB/200MB, paused 1.383ms total 64.519ms
08-06 03:05:37.962 11170 11895 I art     : Starting a blocking GC Explicit
08-06 03:05:38.027 11170 11895 I art     : Explicit concurrent mark sweep GC freed 3(96B) AllocSpace objects, 0(0B) LOS objects, 7% free, 184MB/200MB, paused 1.295ms total 64.092ms
08-06 03:05:38.050 11170 11895 I art     : Starting a blocking GC Explicit
08-06 03:05:38.119 11170 11895 I art     : Explicit concurrent mark sweep GC freed 3(96B) AllocSpace objects, 0(0B) LOS objects, 7% free, 184MB/200MB, paused 1.400ms total 68.901ms
08-06 03:05:38.142 11170 11895 I art     : Starting a blocking GC Explicit
08-06 03:05:38.200 11170 11895 I art     : Explicit concurrent mark sweep GC freed 3(96B) AllocSpace objects, 0(0B) LOS objects, 7% free, 184MB/200MB, paused 1.324ms total 57.554ms
08-06 03:05:38.230   918   937 W ProcessCpuTracker: Skipping unknown process pid 13487
08-06 03:05:38.231   918   937 W ProcessCpuTracker: Skipping unknown process pid 13490
08-06 03:05:38.231   918   937 W ProcessCpuTracker: Skipping unknown process pid 13491
08-06 03:05:38.634 11170 11183 I art     : Starting a blocking GC Explicit
08-06 03:05:38.723 11170 11183 I art     : Explicit concurrent mark sweep GC freed 1584(92KB) AllocSpace objects, 2(48KB) LOS objects, 7% free, 184MB/200MB, paused 1.548ms total 88.395ms
08-06 03:05:38.751 11170 11183 I art     : Starting a blocking GC Explicit
08-06 03:05:38.818 11170 11183 I art     : Explicit concurrent mark sweep GC freed 28(1024B) AllocSpace objects, 0(0B) LOS objects, 7% free, 184MB/200MB, paused 1.442ms total 66.539ms
08-06 03:05:38.841 11170 11183 I art     : Starting a blocking GC Explicit
08-06 03:05:38.902 11170 11183 I art     : Explicit concurrent mark sweep GC freed 40(1088B) AllocSpace objects, 0(0B) LOS objects, 7% free, 184MB/200MB, paused 1.372ms total 60.727ms
08-06 03:05:38.922 11170 11183 I art     : Starting a blocking GC Explicit
08-06 03:05:38.988 11170 11183 I art     : Explicit concurrent mark sweep GC freed 3(96B) AllocSpace objects, 0(0B) LOS objects, 7% free, 184MB/200MB, paused 1.475ms total 65.522ms
08-06 03:05:39.011 11170 11183 I art     : Starting a blocking GC Explicit
08-06 03:05:39.075 11170 11183 I art     : Explicit concurrent mark sweep GC freed 3(96B) AllocSpace objects, 0(0B) LOS objects, 7% free, 184MB/200MB, paused 1.364ms total 63.859ms
08-06 03:05:39.491 11170 11556 I art     : Starting a blocking GC Explicit
08-06 03:05:39.555 11170 11556 I art     : Explicit concurrent mark sweep GC freed 1586(92KB) AllocSpace objects, 2(48KB) LOS objects, 7% free, 184MB/200MB, paused 1.303ms total 63.719ms
08-06 03:05:39.575 11170 11556 I art     : Starting a blocking GC Explicit
08-06 03:05:39.634 11170 11556 I art     : Explicit concurrent mark sweep GC freed 28(1024B) AllocSpace objects, 0(0B) LOS objects, 7% free, 184MB/200MB, paused 1.379ms total 59.386ms
08-06 03:05:39.654 11170 11556 I art     : Starting a blocking GC Explicit
08-06 03:05:39.716 11170 11556 I art     : Explicit concurrent mark sweep GC freed 3(96B) AllocSpace objects, 0(0B) LOS objects, 7% free, 184MB/200MB, paused 1.382ms total 62.109ms
08-06 03:05:39.735 11170 11556 I art     : Starting a blocking GC Explicit
08-06 03:05:39.795 11170 11556 I art     : Explicit concurrent mark sweep GC freed 3(96B) AllocSpace objects, 0(0B) LOS objects, 7% free, 184MB/200MB, paused 1.412ms total 59.665ms
08-06 03:05:39.812 13505 13505 D AndroidRuntime: >>>>>> START com.android.internal.os.RuntimeInit uid 2000 <<<<<<
08-06 03:05:39.816 11170 11556 I art     : Starting a blocking GC Explicit
08-06 03:05:39.818 13505 13505 D AndroidRuntime: CheckJNI is OFF
08-06 03:05:39.863 13505 13505 D ICU     : No timezone override file found: /data/misc/zoneinfo/current/icu/icu_tzdata.dat
08-06 03:05:39.873 11170 11556 I art     : Explicit concurrent mark sweep GC freed 40(1088B) AllocSpace objects, 0(0B) LOS objects, 7% free, 184MB/200MB, paused 1.252ms total 56.897ms
08-06 03:05:39.910 13505 13505 I Radio-JNI: register_android_hardware_Radio DONE
08-06 03:05:39.940 13505 13505 D AndroidRuntime: Calling main entry com.android.commands.input.Input
08-06 03:05:39.942 13505 13505 I Input   : injectKeyEvent: KeyEvent { action=ACTION_DOWN, keyCode=KEYCODE_BACK, scanCode=0, metaState=0, flags=0x0, repeatCount=0, eventTime=846356355, downTime=846356355, deviceId=-1, source=0x101 }
08-06 03:05:39.949 13505 13505 I Input   : injectKeyEvent: KeyEvent { action=ACTION_UP, keyCode=KEYCODE_BACK, scanCode=0, metaState=0, flags=0x0, repeatCount=0, eventTime=846356355, downTime=846356355, deviceId=-1, source=0x101 }
08-06 03:05:39.956 13505 13505 D AndroidRuntime: Shutting down VM
08-06 03:05:39.972 11170 11170 V MainActivity: url = https://project-travel-mate.herokuapp.com/api/number-of-unread-notifications
08-06 03:05:40.003 13866 13866 I GoogleInputMethodServic: GoogleInputMethodService.onFinishInput():3138 
08-06 03:05:40.003 13866 13866 I GoogleInputMethodServic: GoogleInputMethodService.onStartInput():1808 
08-06 03:05:40.272 11170 11556 I art     : Starting a blocking GC Explicit
08-06 03:05:40.289   380   380 W SurfaceFlinger: couldn't log to binary event log: overflow.
08-06 03:05:40.325 11170 11556 I art     : Explicit concurrent mark sweep GC freed 2521(134KB) AllocSpace objects, 2(48KB) LOS objects, 7% free, 184MB/200MB, paused 1.314ms total 53.315ms
08-06 03:05:40.343 11170 11556 I art     : Starting a blocking GC Explicit
08-06 03:05:40.397 11170 11556 I art     : Explicit concurrent mark sweep GC freed 98(4KB) AllocSpace objects, 0(0B) LOS objects, 7% free, 184MB/200MB, paused 1.328ms total 53.167ms
08-06 03:05:40.417 11170 11556 I art     : Starting a blocking GC Explicit
08-06 03:05:40.473 11170 11556 I art     : Explicit concurrent mark sweep GC freed 127(6KB) AllocSpace objects, 0(0B) LOS objects, 7% free, 184MB/200MB, paused 1.386ms total 55.945ms
08-06 03:05:40.492 11170 11556 I art     : Starting a blocking GC Explicit
08-06 03:05:40.551 11170 11556 I art     : Explicit concurrent mark sweep GC freed 3(96B) AllocSpace objects, 0(0B) LOS objects, 7% free, 184MB/200MB, paused 1.454ms total 58.077ms
08-06 03:05:40.570 11170 11556 I art     : Starting a blocking GC Explicit
08-06 03:05:40.628 11170 11556 I art     : Explicit concurrent mark sweep GC freed 3(96B) AllocSpace objects, 0(0B) LOS objects, 7% free, 184MB/200MB, paused 1.475ms total 58.398ms
08-06 03:05:40.847 11170 13526 I NAPPA_EXPERIMENTATION: MetricNetworkRequestExecutionTime: REQUEST_DURATION_SYSTEM='874',REQUEST_DURATION_OKHTTP='34',REQUEST_SYNCHRONOUS='FALSE',RESPONSE_CODE='200',RESPONSE_METHOD='GET',RESPONSE_LENGTH_OKHTTP='36',RESPONSE_LENGTH_HEADER='36',REQUEST_PROTOCOL='http/1.1',REQUEST_URL='https://project-travel-mate.herokuapp.com/api/number-of-unread-notifications',
08-06 03:05:41.044 11170 11230 I art     : Starting a blocking GC Explicit
08-06 03:05:41.124 11170 11230 I art     : Explicit concurrent mark sweep GC freed 4436(241KB) AllocSpace objects, 5(248KB) LOS objects, 7% free, 184MB/200MB, paused 1.528ms total 79.065ms
08-06 03:05:41.149 11170 11230 I art     : Starting a blocking GC Explicit
08-06 03:05:41.207 11170 11230 I art     : Explicit concurrent mark sweep GC freed 972(117KB) AllocSpace objects, 0(0B) LOS objects, 7% free, 184MB/200MB, paused 1.302ms total 57.779ms
08-06 03:05:41.226 11170 11230 I art     : Starting a blocking GC Explicit
08-06 03:05:41.282 11170 11230 I art     : Explicit concurrent mark sweep GC freed 3(96B) AllocSpace objects, 0(0B) LOS objects, 7% free, 184MB/200MB, paused 1.458ms total 55.227ms
08-06 03:05:41.301 11170 11230 I art     : Starting a blocking GC Explicit
08-06 03:05:41.357 11170 11230 I art     : Explicit concurrent mark sweep GC freed 3(96B) AllocSpace objects, 0(0B) LOS objects, 7% free, 184MB/200MB, paused 1.452ms total 56.316ms
08-06 03:05:41.377 11170 11230 I art     : Starting a blocking GC Explicit
08-06 03:05:41.433 11170 11230 I art     : Explicit concurrent mark sweep GC freed 3(96B) AllocSpace objects, 0(0B) LOS objects, 7% free, 184MB/200MB, paused 1.373ms total 55.818ms
08-06 03:05:41.728 13549 13549 D AndroidRuntime: >>>>>> START com.android.internal.os.RuntimeInit uid 2000 <<<<<<
08-06 03:05:41.733 13549 13549 D AndroidRuntime: CheckJNI is OFF
08-06 03:05:41.779 13549 13549 D ICU     : No timezone override file found: /data/misc/zoneinfo/current/icu/icu_tzdata.dat
08-06 03:05:41.826 13549 13549 I Radio-JNI: register_android_hardware_Radio DONE
08-06 03:05:41.846 11170 11181 I art     : Starting a blocking GC Explicit
08-06 03:05:41.857 13549 13549 D AndroidRuntime: Calling main entry com.android.commands.input.Input
08-06 03:05:41.861 13549 13549 I Input   : injectMotionEvent: MotionEvent { action=ACTION_DOWN, actionButton=0, id[0]=0, x[0]=657.0, y[0]=2037.0, toolType[0]=TOOL_TYPE_UNKNOWN, buttonState=0, metaState=0, flags=0x0, edgeFlags=0x0, pointerCount=1, historySize=0, eventTime=846358272, downTime=846358272, deviceId=0, source=0x1002 }
08-06 03:05:41.867 13549 13549 I Input   : injectMotionEvent: MotionEvent { action=ACTION_UP, actionButton=0, id[0]=0, x[0]=657.0, y[0]=2037.0, toolType[0]=TOOL_TYPE_UNKNOWN, buttonState=0, metaState=0, flags=0x0, edgeFlags=0x0, pointerCount=1, historySize=0, eventTime=846358272, downTime=846358272, deviceId=0, source=0x1002 }
08-06 03:05:41.870 13549 13549 D AndroidRuntime: Shutting down VM
08-06 03:05:41.870   918  4400 I ActivityManager: START u0 {cmp=baseline.io.github.project_travel_mate/.utilities.CompassActivity} from uid 10696 on display 0
08-06 03:05:41.873   512  2967 D audio_hw_primary: out_set_parameters: enter: usecase(1: low-latency-playback) kvpairs: routing=2
08-06 03:05:41.886   512  2967 D audio_hw_primary: select_devices: out_snd_device(2: speaker) in_snd_device(0: none)
08-06 03:05:41.886   512  2967 D msm8974_platform: platform_send_audio_calibration: sending audio calibration for snd_device(2) acdb_id(15)
08-06 03:05:41.886   512  2967 I soundtrigger: audio_extn_sound_trigger_update_device_status: device 0x2 of type 0 for Event 1
08-06 03:05:41.896   512  2967 D audio_hw_primary: enable_snd_device: snd_device(2: speaker)
08-06 03:05:41.898   512  2967 D audio_hw_primary: enable_audio_route: apply and update mixer path: low-latency-playback speaker
08-06 03:05:41.908 11170 11181 I art     : Explicit concurrent mark sweep GC freed 1931(116KB) AllocSpace objects, 2(48KB) LOS objects, 7% free, 184MB/200MB, paused 1.705ms total 60.615ms
08-06 03:05:41.926 11170 11181 I art     : Starting a blocking GC Explicit
08-06 03:05:41.978 11170 11181 I art     : Explicit concurrent mark sweep GC freed 159(16KB) AllocSpace objects, 0(0B) LOS objects, 6% free, 233MB/249MB, paused 1.441ms total 51.884ms
08-06 03:05:41.997 11170 11181 I art     : Starting a blocking GC Explicit
08-06 03:05:42.053 11170 11181 I art     : Explicit concurrent mark sweep GC freed 73(3KB) AllocSpace objects, 0(0B) LOS objects, 6% free, 233MB/249MB, paused 1.455ms total 55.768ms
08-06 03:05:42.072 11170 11181 I art     : Starting a blocking GC Explicit
08-06 03:05:42.124 11170 11181 I art     : Explicit concurrent mark sweep GC freed 12(576B) AllocSpace objects, 0(0B) LOS objects, 6% free, 233MB/249MB, paused 1.442ms total 51.985ms
08-06 03:05:42.143 11170 11181 I art     : Starting a blocking GC Explicit
08-06 03:05:42.196 11170 11181 I art     : Explicit concurrent mark sweep GC freed 17(528B) AllocSpace objects, 0(0B) LOS objects, 6% free, 233MB/249MB, paused 1.423ms total 52.513ms
08-06 03:05:42.431 11170 11170 D CompassActivity: start compass
08-06 03:05:42.432   918   928 I sensors : batch
08-06 03:05:42.433   918   928 I sensors : activate
08-06 03:05:42.433   918  3961 I sensors : batch
08-06 03:05:42.433   918  3961 I sensors : activate
08-06 03:05:42.438 11170 11170 I Choreographer: Skipped 32 frames!  The application may be doing too much work on its main thread.
08-06 03:05:42.439   512  2967 D audio_hw_primary: disable_audio_route: reset and update mixer path: low-latency-playback speaker
08-06 03:05:42.440   512  2967 D audio_hw_primary: disable_snd_device: snd_device(2: speaker)
08-06 03:05:42.443   918  3188 I hubconnection: sensorhub said: 'batch 1 flags:0, sampling_rate_Hz:50.00, max_report_latency_us:0'
08-06 03:05:42.444   918  3188 I hubconnection: sensorhub said: 'activate 1 enable:1'
08-06 03:05:42.446   918  3188 I hubconnection: sensorhub said: 'batch 3 flags:0, sampling_rate_Hz:50.00, max_report_latency_us:0'
08-06 03:05:42.447   918  3188 I hubconnection: sensorhub said: 'activate 3 enable:1'
08-06 03:05:42.448   512  2967 I soundtrigger: audio_extn_sound_trigger_update_device_status: device 0x2 of type 0 for Event 0
08-06 03:05:42.488 13866 13866 I GoogleInputMethodServic: GoogleInputMethodService.onFinishInput():3138 
08-06 03:05:42.488 13866 13866 I GoogleInputMethodServic: GoogleInputMethodService.onStartInput():1808 
08-06 03:05:42.601 11170 11183 I art     : Starting a blocking GC Explicit
08-06 03:05:42.613 11170 11170 D CompassActivity: will set rotation from 0.0 to 178.70612
08-06 03:05:42.614 11170 11170 D CompassActivity: will set rotation from 178.70612 to 178.69312
08-06 03:05:42.614 11170 11170 D CompassActivity: will set rotation from 178.69312 to 178.70435
08-06 03:05:42.620   918   936 I ActivityManager: Displayed baseline.io.github.project_travel_mate/.utilities.CompassActivity: +736ms
08-06 03:05:42.657 11170 11183 I art     : Explicit concurrent mark sweep GC freed 1832(103KB) AllocSpace objects, 2(48KB) LOS objects, 6% free, 236MB/252MB, paused 1.263ms total 55.616ms
08-06 03:05:42.679 11170 11183 I art     : Starting a blocking GC Explicit
08-06 03:05:42.704 11170 11170 D CompassActivity: will set rotation from 178.70435 to 178.88947
08-06 03:05:42.704 11170 11170 D CompassActivity: will set rotation from 178.88947 to 178.88684
08-06 03:05:42.704 11170 11170 D CompassActivity: will set rotation from 178.88684 to 178.82709
08-06 03:05:42.705 11170 11170 D CompassActivity: will set rotation from 178.82709 to 178.82495
08-06 03:05:42.705 11170 11170 D CompassActivity: will set rotation from 178.82495 to 178.60535
08-06 03:05:42.705 11170 11170 D CompassActivity: will set rotation from 178.60535 to 178.60864
08-06 03:05:42.705 11170 11170 D CompassActivity: will set rotation from 178.60864 to 178.531
08-06 03:05:42.705 11170 11170 D CompassActivity: will set rotation from 178.531 to 178.5365
08-06 03:05:42.705 11170 11170 D CompassActivity: will set rotation from 178.5365 to 178.49475
08-06 03:05:42.705 11170 11170 D CompassActivity: will set rotation from 178.49475 to 178.49408
08-06 03:05:42.733 11170 11183 I art     : Explicit concurrent mark sweep GC freed 154(8KB) AllocSpace objects, 0(0B) LOS objects, 6% free, 236MB/252MB, paused 1.320ms total 53.864ms
08-06 03:05:42.753 11170 11183 I art     : Starting a blocking GC Explicit
08-06 03:05:42.796 11170 11170 D CompassActivity: will set rotation from 178.49408 to 178.52881
08-06 03:05:42.796 11170 11170 D CompassActivity: will set rotation from 178.52881 to 178.5268
08-06 03:05:42.797 11170 11170 D CompassActivity: will set rotation from 178.5268 to 178.54443
08-06 03:05:42.797 11170 11170 D CompassActivity: will set rotation from 178.54443 to 178.5492
08-06 03:05:42.797 11170 11170 D CompassActivity: will set rotation from 178.5492 to 178.57037
08-06 03:05:42.797 11170 11170 D CompassActivity: will set rotation from 178.57037 to 178.57446
08-06 03:05:42.797 11170 11170 D CompassActivity: will set rotation from 178.57446 to 178.63232
08-06 03:05:42.797 11170 11170 D CompassActivity: will set rotation from 178.63232 to 178.63013
08-06 03:05:42.797 11170 11170 D CompassActivity: will set rotation from 178.63013 to 178.63696
08-06 03:05:42.797 11170 11170 D CompassActivity: will set rotation from 178.63696 to 178.63348
08-06 03:05:42.806 11170 11183 I art     : Explicit concurrent mark sweep GC freed 206(10KB) AllocSpace objects, 0(0B) LOS objects, 6% free, 236MB/252MB, paused 1.250ms total 52.879ms
08-06 03:05:42.825 11170 11183 I art     : Starting a blocking GC Explicit
08-06 03:05:42.827 11170 11170 D CompassActivity: will set rotation from 178.63348 to 178.73035
08-06 03:05:42.828 11170 11170 D CompassActivity: will set rotation from 178.73035 to 178.729
08-06 03:05:42.833 11170 11170 D CompassActivity: will set rotation from 178.729 to 178.7652
08-06 03:05:42.834 11170 11170 D CompassActivity: will set rotation from 178.7652 to 178.76038
08-06 03:05:42.853 11170 11170 D CompassActivity: will set rotation from 178.76038 to 178.80591
08-06 03:05:42.853 11170 11170 D CompassActivity: will set rotation from 178.80591 to 178.80432
08-06 03:05:42.873 11170 11170 D CompassActivity: will set rotation from 178.80432 to 178.84479
08-06 03:05:42.874 11170 11170 D CompassActivity: will set rotation from 178.84479 to 178.84381
08-06 03:05:42.876   380   380 W SurfaceFlinger: couldn't log to binary event log: overflow.
08-06 03:05:42.878 11170 11183 I art     : Explicit concurrent mark sweep GC freed 232(10KB) AllocSpace objects, 0(0B) LOS objects, 6% free, 236MB/252MB, paused 1.337ms total 51.859ms
08-06 03:05:42.894 11170 11170 D CompassActivity: will set rotation from 178.84381 to 178.94275
08-06 03:05:42.895 11170 11170 D CompassActivity: will set rotation from 178.94275 to 178.94122
08-06 03:05:42.896 11170 11183 I art     : Starting a blocking GC Explicit
08-06 03:05:42.913 11170 11170 D CompassActivity: will set rotation from 178.94122 to 178.96094
08-06 03:05:42.913 11170 11170 D CompassActivity: will set rotation from 178.96094 to 178.95856
08-06 03:05:42.933 11170 11170 D CompassActivity: will set rotation from 178.95856 to 178.97552
08-06 03:05:42.933 11170 11170 D CompassActivity: will set rotation from 178.97552 to 178.97778
08-06 03:05:42.945 11170 11183 I art     : Explicit concurrent mark sweep GC freed 136(6KB) AllocSpace objects, 0(0B) LOS objects, 6% free, 236MB/252MB, paused 1.137ms total 49.023ms
08-06 03:05:42.953 11170 11170 D CompassActivity: will set rotation from 178.97778 to 178.99792
08-06 03:05:42.953 11170 11170 D CompassActivity: will set rotation from 178.99792 to 178.99292
08-06 03:05:42.973 11170 11170 D CompassActivity: will set rotation from 178.99292 to 179.04181
08-06 03:05:42.973 11170 11170 D CompassActivity: will set rotation from 179.04181 to 179.0379
08-06 03:05:43.076 11170 11170 D CompassActivity: will set rotation from 179.0379 to 179.02612
08-06 03:05:43.076 11170 11170 D CompassActivity: will set rotation from 179.02612 to 179.02557
08-06 03:05:43.077 11170 11170 D CompassActivity: will set rotation from 179.02557 to 179.04236
08-06 03:05:43.077 11170 11170 D CompassActivity: will set rotation from 179.04236 to 179.04358
08-06 03:05:43.077 11170 11170 D CompassActivity: will set rotation from 179.04358 to 179.08362
08-06 03:05:43.077 11170 11170 D CompassActivity: will set rotation from 179.08362 to 179.08356
08-06 03:05:43.077 11170 11170 D CompassActivity: will set rotation from 179.08356 to 179.12006
08-06 03:05:43.077 11170 11170 D CompassActivity: will set rotation from 179.12006 to 179.11664
08-06 03:05:43.077 11170 11170 D CompassActivity: will set rotation from 179.11664 to 179.12366
08-06 03:05:43.078 11170 11170 D CompassActivity: will set rotation from 179.12366 to 179.1206
08-06 03:05:43.093 11170 11170 D CompassActivity: will set rotation from 179.1206 to 179.12903
08-06 03:05:43.094 11170 11170 D CompassActivity: will set rotation from 179.12903 to 179.12836
08-06 03:05:43.113 11170 11170 D CompassActivity: will set rotation from 179.12836 to 179.15454
08-06 03:05:43.113 11170 11170 D CompassActivity: will set rotation from 179.15454 to 179.15369
08-06 03:05:43.132 11170 11170 D CompassActivity: will set rotation from 179.15369 to 179.20898
08-06 03:05:43.132 11170 11170 D CompassActivity: will set rotation from 179.20898 to 179.21051
08-06 03:05:43.152 11170 11170 D CompassActivity: will set rotation from 179.21051 to 179.21533
08-06 03:05:43.152 11170 11170 D CompassActivity: will set rotation from 179.21533 to 179.21661
08-06 03:05:43.172 11170 11170 D CompassActivity: will set rotation from 179.21661 to 179.24292
08-06 03:05:43.173 11170 11170 D CompassActivity: will set rotation from 179.24292 to 179.2406
08-06 03:05:43.193 11170 11170 D CompassActivity: will set rotation from 179.2406 to 179.26392
08-06 03:05:43.193 11170 11170 D CompassActivity: will set rotation from 179.26392 to 179.26514
08-06 03:05:43.214 11170 11170 D CompassActivity: will set rotation from 179.26514 to 179.26233
08-06 03:05:43.214 11170 11170 D CompassActivity: will set rotation from 179.26233 to 179.263
08-06 03:05:43.234 11170 11170 D CompassActivity: will set rotation from 179.263 to 179.26111
08-06 03:05:43.234 11170 11170 D CompassActivity: will set rotation from 179.26111 to 179.2594
08-06 03:05:43.252 11170 11170 D CompassActivity: will set rotation from 179.2594 to 179.25916
08-06 03:05:43.252 11170 11170 D CompassActivity: will set rotation from 179.25916 to 179.26044
08-06 03:05:43.272 11170 11170 D CompassActivity: will set rotation from 179.26044 to 179.2331
08-06 03:05:43.272 11170 11170 D CompassActivity: will set rotation from 179.2331 to 179.232
08-06 03:05:43.291 11170 11170 D CompassActivity: will set rotation from 179.232 to 179.20984
08-06 03:05:43.292 11170 11170 D CompassActivity: will set rotation from 179.20984 to 179.20972
08-06 03:05:43.312 11170 11170 D CompassActivity: will set rotation from 179.20972 to 179.1886
08-06 03:05:43.312 11170 11170 D CompassActivity: will set rotation from 179.1886 to 179.18756
08-06 03:05:43.331 11170 11170 D CompassActivity: will set rotation from 179.18756 to 179.18573
08-06 03:05:43.332 11170 11170 D CompassActivity: will set rotation from 179.18573 to 179.18384
08-06 03:05:43.334 11170 11183 I art     : Starting a blocking GC Explicit
08-06 03:05:43.351 11170 11170 D CompassActivity: will set rotation from 179.18384 to 179.2063
08-06 03:05:43.351 11170 11170 D CompassActivity: will set rotation from 179.2063 to 179.20575
08-06 03:05:43.372 11170 11170 D CompassActivity: will set rotation from 179.20575 to 179.23138
08-06 03:05:43.372 11170 11170 D CompassActivity: will set rotation from 179.23138 to 179.23138
08-06 03:05:43.389 11170 11183 I art     : Explicit concurrent mark sweep GC freed 2053(120KB) AllocSpace objects, 2(48KB) LOS objects, 6% free, 236MB/252MB, paused 1.372ms total 54.428ms
08-06 03:05:43.392 11170 11170 D CompassActivity: will set rotation from 179.23138 to 179.25208
08-06 03:05:43.392 11170 11170 D CompassActivity: will set rotation from 179.25208 to 179.255
08-06 03:05:43.408 11170 11183 I art     : Starting a blocking GC Explicit
08-06 03:05:43.412 11170 11170 D CompassActivity: will set rotation from 179.255 to 179.24976
08-06 03:05:43.413 11170 11170 D CompassActivity: will set rotation from 179.24976 to 179.25098
08-06 03:05:43.431 11170 11170 D CompassActivity: will set rotation from 179.25098 to 179.22949
08-06 03:05:43.431 11170 11170 D CompassActivity: will set rotation from 179.22949 to 179.22919
08-06 03:05:43.451 11170 11170 D CompassActivity: will set rotation from 179.22919 to 179.2315
08-06 03:05:43.451 11170 11170 D CompassActivity: will set rotation from 179.2315 to 179.23004
08-06 03:05:43.466 11170 11183 I art     : Explicit concurrent mark sweep GC freed 718(29KB) AllocSpace objects, 0(0B) LOS objects, 6% free, 236MB/252MB, paused 1.217ms total 57.324ms
08-06 03:05:43.472 11170 11170 D CompassActivity: will set rotation from 179.23004 to 179.211
08-06 03:05:43.472 11170 11170 D CompassActivity: will set rotation from 179.211 to 179.20923
08-06 03:05:43.486 11170 11183 I art     : Starting a blocking GC Explicit
08-06 03:05:43.491 11170 11170 D CompassActivity: will set rotation from 179.20923 to 179.21057
08-06 03:05:43.491 11170 11170 D CompassActivity: will set rotation from 179.21057 to 179.2113
08-06 03:05:43.514 11170 11170 D CompassActivity: will set rotation from 179.2113 to 179.24976
08-06 03:05:43.515 11170 11170 D CompassActivity: will set rotation from 179.24976 to 179.24915
08-06 03:05:43.532 11170 11170 D CompassActivity: will set rotation from 179.24915 to 179.26929
08-06 03:05:43.532 11170 11170 D CompassActivity: will set rotation from 179.26929 to 179.26929
08-06 03:05:43.551 11170 11183 I art     : Explicit concurrent mark sweep GC freed 175(8KB) AllocSpace objects, 0(0B) LOS objects, 6% free, 236MB/252MB, paused 1.478ms total 64.491ms
08-06 03:05:43.552 11170 11170 D CompassActivity: will set rotation from 179.26929 to 179.34497
08-06 03:05:43.552 11170 11170 D CompassActivity: will set rotation from 179.34497 to 179.34265
08-06 03:05:43.571 11170 11170 D CompassActivity: will set rotation from 179.34265 to 179.39465
08-06 03:05:43.572 11170 11170 D CompassActivity: will set rotation from 179.39465 to 179.39648
08-06 03:05:43.574 11170 11183 I art     : Starting a blocking GC Explicit
08-06 03:05:43.591 11170 11170 D CompassActivity: will set rotation from 179.39648 to 179.557
08-06 03:05:43.591 11170 11170 D CompassActivity: will set rotation from 179.557 to 179.55573
08-06 03:05:43.613 11170 11170 D CompassActivity: will set rotation from 179.55573 to 179.68823
08-06 03:05:43.614 11170 11170 D CompassActivity: will set rotation from 179.68823 to 179.68866
08-06 03:05:43.631 11170 11170 D CompassActivity: will set rotation from 179.68866 to 179.80054
08-06 03:05:43.631 11170 11170 D CompassActivity: will set rotation from 179.80054 to 179.80164
08-06 03:05:43.640 11170 11183 I art     : Explicit concurrent mark sweep GC freed 189(9KB) AllocSpace objects, 0(0B) LOS objects, 6% free, 236MB/252MB, paused 1.541ms total 65.785ms
08-06 03:05:43.651 11170 11170 D CompassActivity: will set rotation from 179.80164 to 179.90753
08-06 03:05:43.652 11170 11170 D CompassActivity: will set rotation from 179.90753 to 179.90747
08-06 03:05:43.661 11170 11183 I art     : Starting a blocking GC Explicit
08-06 03:05:43.670 11170 11170 D CompassActivity: will set rotation from 179.90747 to 180.01042
08-06 03:05:43.671 11170 11170 D CompassActivity: will set rotation from 180.01042 to 180.01172
08-06 03:05:43.690 11170 11170 D CompassActivity: will set rotation from 180.01172 to 180.10855
08-06 03:05:43.691 11170 11170 D CompassActivity: will set rotation from 180.10855 to 180.10913
08-06 03:05:43.713 11170 11170 D CompassActivity: will set rotation from 180.10913 to 180.18652
08-06 03:05:43.714 11170 11170 D CompassActivity: will set rotation from 180.18652 to 180.18713
08-06 03:05:43.721 11170 11183 I art     : Explicit concurrent mark sweep GC freed 204(9KB) AllocSpace objects, 0(0B) LOS objects, 6% free, 236MB/252MB, paused 1.290ms total 58.827ms
08-06 03:05:43.737 11170 11170 D CompassActivity: will set rotation from 180.18713 to 180.25952
08-06 03:05:43.737 11170 11170 D CompassActivity: will set rotation from 180.25952 to 180.25977
08-06 03:05:43.751 11170 11170 D CompassActivity: will set rotation from 180.25977 to 180.34416
08-06 03:05:43.752 11170 11170 D CompassActivity: will set rotation from 180.34416 to 180.34476
08-06 03:05:43.771 11170 11170 D CompassActivity: will set rotation from 180.34476 to 180.32439
08-06 03:05:43.772 11170 11170 D CompassActivity: will set rotation from 180.32439 to 180.3234
08-06 03:05:43.791 11170 11170 D CompassActivity: will set rotation from 180.3234 to 180.28737
08-06 03:05:43.792 11170 11170 D CompassActivity: will set rotation from 180.28737 to 180.28687
08-06 03:05:43.810 11170 11170 D CompassActivity: will set rotation from 180.28687 to 180.30301
08-06 03:05:43.811 11170 11170 D CompassActivity: will set rotation from 180.30301 to 180.3021
08-06 03:05:43.832 11170 11170 D CompassActivity: will set rotation from 180.3021 to 180.3022
08-06 03:05:43.832 11170 11170 D CompassActivity: will set rotation from 180.3022 to 180.30176
08-06 03:05:43.850 11170 11170 D CompassActivity: will set rotation from 180.30176 to 180.28252
08-06 03:05:43.851 11170 11170 D CompassActivity: will set rotation from 180.28252 to 180.28362
08-06 03:05:43.870 11170 11170 D CompassActivity: will set rotation from 180.28362 to 180.28258
08-06 03:05:43.871 11170 11170 D CompassActivity: will set rotation from 180.28258 to 180.28148
08-06 03:05:43.890 11170 11170 D CompassActivity: will set rotation from 180.28148 to 180.28156
08-06 03:05:43.890 11170 11170 D CompassActivity: will set rotation from 180.28156 to 180.28255
08-06 03:05:43.910 11170 11170 D CompassActivity: will set rotation from 180.28255 to 180.28117
08-06 03:05:43.911 11170 11170 D CompassActivity: will set rotation from 180.28117 to 180.28
08-06 03:05:43.932 11170 11170 D CompassActivity: will set rotation from 180.28 to 180.27922
08-06 03:05:43.933 11170 11170 D CompassActivity: will set rotation from 180.27922 to 180.27881
08-06 03:05:43.949 11170 11170 D CompassActivity: will set rotation from 180.27881 to 180.29472
08-06 03:05:43.949 11170 11170 D CompassActivity: will set rotation from 180.29472 to 180.295
08-06 03:05:43.969 11170 11170 D CompassActivity: will set rotation from 180.295 to 180.24321
08-06 03:05:43.969 11170 11170 D CompassActivity: will set rotation from 180.24321 to 180.2441
08-06 03:05:43.988 11170 11170 D CompassActivity: will set rotation from 180.2441 to 180.24599
08-06 03:05:43.989 11170 11170 D CompassActivity: will set rotation from 180.24599 to 180.24725
08-06 03:05:44.009 11170 11170 D CompassActivity: will set rotation from 180.24725 to 180.2633
08-06 03:05:44.009 11170 11170 D CompassActivity: will set rotation from 180.2633 to 180.26515
08-06 03:05:44.029 11170 11170 D CompassActivity: will set rotation from 180.26515 to 180.26273
08-06 03:05:44.030 11170 11170 D CompassActivity: will set rotation from 180.26273 to 180.2635
08-06 03:05:44.048 11170 11170 D CompassActivity: will set rotation from 180.2635 to 180.24657
08-06 03:05:44.049 11170 11170 D CompassActivity: will set rotation from 180.24657 to 180.2453
08-06 03:05:44.069 11170 11170 D CompassActivity: will set rotation from 180.2453 to 180.24413
08-06 03:05:44.069 11170 11170 D CompassActivity: will set rotation from 180.24413 to 180.24191
08-06 03:05:44.089 11170 11170 D CompassActivity: will set rotation from 180.24191 to 180.24393
08-06 03:05:44.090 11170 11170 D CompassActivity: will set rotation from 180.24393 to 180.24422
08-06 03:05:44.109 11170 11170 D CompassActivity: will set rotation from 180.24422 to 180.22865
08-06 03:05:44.110 11170 11170 D CompassActivity: will set rotation from 180.22865 to 180.22908
08-06 03:05:44.130 11170 11170 D CompassActivity: will set rotation from 180.22908 to 180.1972
08-06 03:05:44.131 11170 11170 D CompassActivity: will set rotation from 180.1972 to 180.19614
08-06 03:05:44.149 11170 11170 D CompassActivity: will set rotation from 180.19614 to 180.21436
08-06 03:05:44.149 11170 11170 D CompassActivity: will set rotation from 180.21436 to 180.21397
08-06 03:05:44.151 11170 11230 I art     : Starting a blocking GC Explicit
08-06 03:05:44.168 11170 11170 D CompassActivity: will set rotation from 180.21397 to 180.21541
08-06 03:05:44.168 11170 11170 D CompassActivity: will set rotation from 180.21541 to 180.21536
08-06 03:05:44.188 11170 11170 D CompassActivity: will set rotation from 180.21536 to 180.18408
08-06 03:05:44.188 11170 11170 D CompassActivity: will set rotation from 180.18408 to 180.18332
08-06 03:05:44.208 11170 11230 I art     : Explicit concurrent mark sweep GC freed 2090(122KB) AllocSpace objects, 2(48KB) LOS objects, 6% free, 236MB/252MB, paused 1.295ms total 56.572ms
08-06 03:05:44.209 11170 11170 D CompassActivity: will set rotation from 180.18332 to 180.13641
08-06 03:05:44.209 11170 11170 D CompassActivity: will set rotation from 180.13641 to 180.13576
08-06 03:05:44.227 11170 11230 I art     : Starting a blocking GC Explicit
08-06 03:05:44.229 11170 11170 D CompassActivity: will set rotation from 180.13576 to 180.13678
08-06 03:05:44.229 11170 11170 D CompassActivity: will set rotation from 180.13678 to 180.13672
08-06 03:05:44.248 11170 11170 D CompassActivity: will set rotation from 180.13672 to 180.1241
08-06 03:05:44.248 11170 11170 D CompassActivity: will set rotation from 180.1241 to 180.12437
08-06 03:05:44.267 11170 11170 D CompassActivity: will set rotation from 180.12437 to 180.0797
08-06 03:05:44.268 11170 11170 D CompassActivity: will set rotation from 180.0797 to 180.07875
08-06 03:05:44.282 11170 11230 I art     : Explicit concurrent mark sweep GC freed 787(31KB) AllocSpace objects, 0(0B) LOS objects, 6% free, 236MB/252MB, paused 1.327ms total 54.424ms
08-06 03:05:44.287 11170 11170 D CompassActivity: will set rotation from 180.07875 to 180.09886
08-06 03:05:44.287 11170 11170 D CompassActivity: will set rotation from 180.09886 to 180.09795
08-06 03:05:44.301 11170 11230 I art     : Starting a blocking GC Explicit
08-06 03:05:44.307 11170 11170 D CompassActivity: will set rotation from 180.09795 to 180.01022
08-06 03:05:44.308 11170 11170 D CompassActivity: will set rotation from 180.01022 to 180.01096
08-06 03:05:44.327 11170 11170 D CompassActivity: will set rotation from 180.01096 to 179.9679
08-06 03:05:44.327 11170 11170 D CompassActivity: will set rotation from 179.9679 to 179.96753
08-06 03:05:44.347 11170 11170 D CompassActivity: will set rotation from 179.96753 to 179.94312
08-06 03:05:44.347 11170 11170 D CompassActivity: will set rotation from 179.94312 to 179.94482
08-06 03:05:44.354 11170 11230 I art     : Explicit concurrent mark sweep GC freed 175(8KB) AllocSpace objects, 0(0B) LOS objects, 6% free, 236MB/252MB, paused 1.195ms total 53.415ms
08-06 03:05:44.367 11170 11170 D CompassActivity: will set rotation from 179.94482 to 179.93695
08-06 03:05:44.367 11170 11170 D CompassActivity: will set rotation from 179.93695 to 179.93628
08-06 03:05:44.374 11170 11230 I art     : Starting a blocking GC Explicit
08-06 03:05:44.387 11170 11170 D CompassActivity: will set rotation from 179.93628 to 179.93011
08-06 03:05:44.388 11170 11170 D CompassActivity: will set rotation from 179.93011 to 179.93054
08-06 03:05:44.407 11170 11170 D CompassActivity: will set rotation from 179.93054 to 179.89276
08-06 03:05:44.408 11170 11170 D CompassActivity: will set rotation from 179.89276 to 179.89343
08-06 03:05:44.427 11170 11170 D CompassActivity: will set rotation from 179.89343 to 179.92151
08-06 03:05:44.427 11170 11170 D CompassActivity: will set rotation from 179.92151 to 179.92175
08-06 03:05:44.431 11170 11230 I art     : Explicit concurrent mark sweep GC freed 175(8KB) AllocSpace objects, 0(0B) LOS objects, 6% free, 236MB/252MB, paused 1.398ms total 56.879ms
08-06 03:05:44.448 11170 11170 D CompassActivity: will set rotation from 179.92175 to 179.88287
08-06 03:05:44.449 11170 11170 D CompassActivity: will set rotation from 179.88287 to 179.88147
08-06 03:05:44.450 11170 11230 I art     : Starting a blocking GC Explicit
08-06 03:05:44.467 11170 11170 D CompassActivity: will set rotation from 179.88147 to 179.84607
08-06 03:05:44.468 11170 11170 D CompassActivity: will set rotation from 179.84607 to 179.84607
08-06 03:05:44.487 11170 11170 D CompassActivity: will set rotation from 179.84607 to 179.81122
08-06 03:05:44.487 11170 11170 D CompassActivity: will set rotation from 179.81122 to 179.81128
08-06 03:05:44.507 11170 11230 I art     : Explicit concurrent mark sweep GC freed 161(7KB) AllocSpace objects, 0(0B) LOS objects, 6% free, 236MB/252MB, paused 1.322ms total 56.263ms
08-06 03:05:44.507 11170 11170 D CompassActivity: will set rotation from 179.81128 to 179.79364
08-06 03:05:44.508 11170 11170 D CompassActivity: will set rotation from 179.79364 to 179.79492
08-06 03:05:44.527 11170 11170 D CompassActivity: will set rotation from 179.79492 to 179.76025
08-06 03:05:44.528 11170 11170 D CompassActivity: will set rotation from 179.76025 to 179.75891
08-06 03:05:44.547 11170 11170 D CompassActivity: will set rotation from 179.75891 to 179.72607
08-06 03:05:44.548 11170 11170 D CompassActivity: will set rotation from 179.72607 to 179.72601
08-06 03:05:44.568 11170 11170 D CompassActivity: will set rotation from 179.72601 to 179.72754
08-06 03:05:44.568 11170 11170 D CompassActivity: will set rotation from 179.72754 to 179.7268
08-06 03:05:44.587 11170 11170 D CompassActivity: will set rotation from 179.7268 to 179.72717
08-06 03:05:44.588 11170 11170 D CompassActivity: will set rotation from 179.72717 to 179.72552
08-06 03:05:44.606 11170 11170 D CompassActivity: will set rotation from 179.72552 to 179.69458
08-06 03:05:44.607 11170 11170 D CompassActivity: will set rotation from 179.69458 to 179.6947
08-06 03:05:44.627 11170 11170 D CompassActivity: will set rotation from 179.6947 to 179.68231
08-06 03:05:44.627 11170 11170 D CompassActivity: will set rotation from 179.68231 to 179.68207
08-06 03:05:44.652 11170 11170 D CompassActivity: will set rotation from 179.68207 to 179.66864
08-06 03:05:44.653 11170 11170 D CompassActivity: will set rotation from 179.66864 to 179.66797
08-06 03:05:44.670 11170 11170 D CompassActivity: will set rotation from 179.66797 to 179.62366
08-06 03:05:44.671 11170 11170 D CompassActivity: will set rotation from 179.62366 to 179.62378
08-06 03:05:44.675 13602 13602 D AndroidRuntime: >>>>>> START com.android.internal.os.RuntimeInit uid 2000 <<<<<<
08-06 03:05:44.682 13602 13602 D AndroidRuntime: CheckJNI is OFF
08-06 03:05:44.686 11170 11170 D CompassActivity: will set rotation from 179.62378 to 179.61365
08-06 03:05:44.687 11170 11170 D CompassActivity: will set rotation from 179.61365 to 179.61401
08-06 03:05:44.706 11170 11170 D CompassActivity: will set rotation from 179.61401 to 179.60205
08-06 03:05:44.706 11170 11170 D CompassActivity: will set rotation from 179.60205 to 179.60315
08-06 03:05:44.723 13602 13602 D ICU     : No timezone override file found: /data/misc/zoneinfo/current/icu/icu_tzdata.dat
08-06 03:05:44.725 11170 11170 D CompassActivity: will set rotation from 179.60315 to 179.60718
08-06 03:05:44.726 11170 11170 D CompassActivity: will set rotation from 179.60718 to 179.60626
08-06 03:05:44.746 11170 11170 D CompassActivity: will set rotation from 179.60626 to 179.59448
08-06 03:05:44.747 11170 11170 D CompassActivity: will set rotation from 179.59448 to 179.59491
08-06 03:05:44.765 13602 13602 I Radio-JNI: register_android_hardware_Radio DONE
08-06 03:05:44.767 11170 11170 D CompassActivity: will set rotation from 179.59491 to 179.57007
08-06 03:05:44.767 11170 11170 D CompassActivity: will set rotation from 179.57007 to 179.57141
08-06 03:05:44.785 11170 11170 D CompassActivity: will set rotation from 179.57141 to 179.54407
08-06 03:05:44.785 11170 11170 D CompassActivity: will set rotation from 179.54407 to 179.54504
08-06 03:05:44.793 13602 13602 D AndroidRuntime: Calling main entry com.android.commands.input.Input
08-06 03:05:44.796 13602 13602 I Input   : injectKeyEvent: KeyEvent { action=ACTION_DOWN, keyCode=KEYCODE_BACK, scanCode=0, metaState=0, flags=0x0, repeatCount=0, eventTime=846361209, downTime=846361209, deviceId=-1, source=0x101 }
08-06 03:05:44.801 13602 13602 I Input   : injectKeyEvent: KeyEvent { action=ACTION_UP, keyCode=KEYCODE_BACK, scanCode=0, metaState=0, flags=0x0, repeatCount=0, eventTime=846361209, downTime=846361209, deviceId=-1, source=0x101 }
08-06 03:05:44.806 11170 11170 D CompassActivity: will set rotation from 179.54504 to 179.52081
08-06 03:05:44.806 13602 13602 D AndroidRuntime: Shutting down VM
08-06 03:05:44.806 11170 11170 D CompassActivity: will set rotation from 179.52081 to 179.52014
08-06 03:05:44.813   918  6111 I sensors : activate
08-06 03:05:44.814   918  3714 I sensors : activate
08-06 03:05:44.818   918  3188 I hubconnection: sensorhub said: 'activate 1 enable:0'
08-06 03:05:44.819   918  3188 I hubconnection: sensorhub said: 'activate 3 enable:0'
08-06 03:05:44.845 11170 11170 V MainActivity: url = https://project-travel-mate.herokuapp.com/api/number-of-unread-notifications
08-06 03:05:44.939 11170 11556 I art     : Starting a blocking GC Explicit
08-06 03:05:44.966 13866 13866 I GoogleInputMethodServic: GoogleInputMethodService.onFinishInput():3138 
08-06 03:05:44.967 13866 13866 I GoogleInputMethodServic: GoogleInputMethodService.onStartInput():1808 
08-06 03:05:44.996 11170 11556 I art     : Explicit concurrent mark sweep GC freed 2418(133KB) AllocSpace objects, 2(48KB) LOS objects, 6% free, 236MB/252MB, paused 1.384ms total 56.585ms
08-06 03:05:45.018 11170 11556 I art     : Starting a blocking GC Explicit
08-06 03:05:45.069 11170 11556 I art     : Explicit concurrent mark sweep GC freed 583(22KB) AllocSpace objects, 0(0B) LOS objects, 6% free, 236MB/252MB, paused 1.290ms total 50.550ms
08-06 03:05:45.087 11170 11556 I art     : Starting a blocking GC Explicit
08-06 03:05:45.150 11170 11556 I art     : Explicit concurrent mark sweep GC freed 26(1344B) AllocSpace objects, 0(0B) LOS objects, 6% free, 236MB/252MB, paused 1.475ms total 62.653ms
08-06 03:05:45.172 11170 11556 I art     : Starting a blocking GC Explicit
08-06 03:05:45.230   518   646 I ThermalEngine: ACTION: GPU - Setting GPU[0] to 390000000
08-06 03:05:45.230   380   380 W SurfaceFlinger: couldn't log to binary event log: overflow.
08-06 03:05:45.231 11170 11170 D CompassActivity: stop compass
08-06 03:05:45.248 11170 11556 I art     : Explicit concurrent mark sweep GC freed 12(416B) AllocSpace objects, 0(0B) LOS objects, 6% free, 236MB/252MB, paused 2.767ms total 75.728ms
08-06 03:05:45.273 11170 11556 I art     : Starting a blocking GC Explicit
08-06 03:05:45.339 11170 11556 I art     : Explicit concurrent mark sweep GC freed 15(704B) AllocSpace objects, 0(0B) LOS objects, 6% free, 236MB/252MB, paused 1.955ms total 65.664ms
08-06 03:05:45.447 11170 13625 I NAPPA_EXPERIMENTATION: MetricNetworkRequestExecutionTime: REQUEST_DURATION_SYSTEM='601',REQUEST_DURATION_OKHTTP='36',REQUEST_SYNCHRONOUS='FALSE',RESPONSE_CODE='200',RESPONSE_METHOD='GET',RESPONSE_LENGTH_OKHTTP='36',RESPONSE_LENGTH_HEADER='36',REQUEST_PROTOCOL='http/1.1',REQUEST_URL='https://project-travel-mate.herokuapp.com/api/number-of-unread-notifications',
08-06 03:05:45.821 11170 11230 I art     : Starting a blocking GC Explicit
08-06 03:05:45.929 11170 11230 I art     : Explicit concurrent mark sweep GC freed 5700(322KB) AllocSpace objects, 8(52MB) LOS objects, 7% free, 184MB/200MB, paused 2.447ms total 107.462ms
08-06 03:05:45.961 11170 11230 I art     : Starting a blocking GC Explicit
08-06 03:05:46.042 11170 11230 I art     : Explicit concurrent mark sweep GC freed 976(117KB) AllocSpace objects, 0(0B) LOS objects, 7% free, 184MB/200MB, paused 2.549ms total 81.079ms
08-06 03:05:46.075 11170 11230 I art     : Starting a blocking GC Explicit
08-06 03:05:46.144 11170 11230 I art     : Explicit concurrent mark sweep GC freed 15(752B) AllocSpace objects, 0(0B) LOS objects, 7% free, 184MB/200MB, paused 2.001ms total 68.203ms
08-06 03:05:46.170 11170 11230 I art     : Starting a blocking GC Explicit
08-06 03:05:46.240 11170 11230 I art     : Explicit concurrent mark sweep GC freed 13(640B) AllocSpace objects, 0(0B) LOS objects, 7% free, 184MB/200MB, paused 2.084ms total 70.082ms
08-06 03:05:46.266 11170 11230 I art     : Starting a blocking GC Explicit
08-06 03:05:46.336 11170 11230 I art     : Explicit concurrent mark sweep GC freed 3(96B) AllocSpace objects, 0(0B) LOS objects, 7% free, 184MB/200MB, paused 2.084ms total 69.209ms
08-06 03:05:46.704 13637 13637 D AndroidRuntime: >>>>>> START com.android.internal.os.RuntimeInit uid 2000 <<<<<<
08-06 03:05:46.711 13637 13637 D AndroidRuntime: CheckJNI is OFF
08-06 03:05:46.776 13637 13637 D ICU     : No timezone override file found: /data/misc/zoneinfo/current/icu/icu_tzdata.dat
08-06 03:05:46.798 11170 11181 I art     : Starting a blocking GC Explicit
08-06 03:05:46.820 13637 13637 I Radio-JNI: register_android_hardware_Radio DONE
08-06 03:05:46.852 13637 13637 D AndroidRuntime: Calling main entry com.android.commands.input.Input
08-06 03:05:46.855 13637 13637 I Input   : injectMotionEvent: MotionEvent { action=ACTION_DOWN, actionButton=0, id[0]=0, x[0]=500.0, y[0]=2000.0, toolType[0]=TOOL_TYPE_UNKNOWN, buttonState=0, metaState=0, flags=0x0, edgeFlags=0x0, pointerCount=1, historySize=0, eventTime=846363267, downTime=846363267, deviceId=0, source=0x1002 }
08-06 03:05:46.860 13637 13637 I Input   : injectMotionEvent: MotionEvent { action=ACTION_MOVE, actionButton=0, id[0]=0, x[0]=500.0, y[0]=2000.0, toolType[0]=TOOL_TYPE_UNKNOWN, buttonState=0, metaState=0, flags=0x0, edgeFlags=0x0, pointerCount=1, historySize=0, eventTime=846363267, downTime=846363267, deviceId=0, source=0x1002 }
08-06 03:05:46.871 13637 13637 I Input   : injectMotionEvent: MotionEvent { action=ACTION_MOVE, actionButton=0, id[0]=0, x[0]=500.0, y[0]=1967.7, toolType[0]=TOOL_TYPE_UNKNOWN, buttonState=0, metaState=0, flags=0x0, edgeFlags=0x0, pointerCount=1, historySize=0, eventTime=846363284, downTime=846363284, deviceId=0, source=0x1002 }
08-06 03:05:46.873 11170 11181 I art     : Explicit concurrent mark sweep GC freed 1658(94KB) AllocSpace objects, 2(48KB) LOS objects, 7% free, 184MB/200MB, paused 6.230ms total 73.608ms
08-06 03:05:46.882 13637 13637 I Input   : injectMotionEvent: MotionEvent { action=ACTION_MOVE, actionButton=0, id[0]=0, x[0]=500.0, y[0]=1944.9, toolType[0]=TOOL_TYPE_UNKNOWN, buttonState=0, metaState=0, flags=0x0, edgeFlags=0x0, pointerCount=1, historySize=0, eventTime=846363296, downTime=846363296, deviceId=0, source=0x1002 }
08-06 03:05:46.899 11170 11181 I art     : Starting a blocking GC Explicit
08-06 03:05:46.906 13637 13637 I Input   : injectMotionEvent: MotionEvent { action=ACTION_MOVE, actionButton=0, id[0]=0, x[0]=500.0, y[0]=1901.2, toolType[0]=TOOL_TYPE_UNKNOWN, buttonState=0, metaState=0, flags=0x0, edgeFlags=0x0, pointerCount=1, historySize=0, eventTime=846363319, downTime=846363319, deviceId=0, source=0x1002 }
08-06 03:05:46.916 13637 13637 I Input   : injectMotionEvent: MotionEvent { action=ACTION_MOVE, actionButton=0, id[0]=0, x[0]=500.0, y[0]=1882.2, toolType[0]=TOOL_TYPE_UNKNOWN, buttonState=0, metaState=0, flags=0x0, edgeFlags=0x0, pointerCount=1, historySize=0, eventTime=846363329, downTime=846363329, deviceId=0, source=0x1002 }
08-06 03:05:46.935 13637 13637 I Input   : injectMotionEvent: MotionEvent { action=ACTION_MOVE, actionButton=0, id[0]=0, x[0]=500.0, y[0]=1846.1, toolType[0]=TOOL_TYPE_UNKNOWN, buttonState=0, metaState=0, flags=0x0, edgeFlags=0x0, pointerCount=1, historySize=0, eventTime=846363348, downTime=846363348, deviceId=0, source=0x1002 }
08-06 03:05:46.950 13637 13637 I Input   : injectMotionEvent: MotionEvent { action=ACTION_MOVE, actionButton=0, id[0]=0, x[0]=500.0, y[0]=1817.6, toolType[0]=TOOL_TYPE_UNKNOWN, buttonState=0, metaState=0, flags=0x0, edgeFlags=0x0, pointerCount=1, historySize=0, eventTime=846363363, downTime=846363363, deviceId=0, source=0x1002 }
08-06 03:05:46.967 13637 13637 I Input   : injectMotionEvent: MotionEvent { action=ACTION_MOVE, actionButton=0, id[0]=0, x[0]=500.0, y[0]=1783.4, toolType[0]=TOOL_TYPE_UNKNOWN, buttonState=0, metaState=0, flags=0x0, edgeFlags=0x0, pointerCount=1, historySize=0, eventTime=846363381, downTime=846363381, deviceId=0, source=0x1002 }
08-06 03:05:46.984 13637 13637 I Input   : injectMotionEvent: MotionEvent { action=ACTION_MOVE, actionButton=0, id[0]=0, x[0]=500.0, y[0]=1751.1, toolType[0]=TOOL_TYPE_UNKNOWN, buttonState=0, metaState=0, flags=0x0, edgeFlags=0x0, pointerCount=1, historySize=0, eventTime=846363398, downTime=846363398, deviceId=0, source=0x1002 }
08-06 03:05:47.006 11170 11181 I art     : Explicit concurrent mark sweep GC freed 104(3KB) AllocSpace objects, 0(0B) LOS objects, 7% free, 184MB/200MB, paused 3.519ms total 106.014ms
08-06 03:05:47.006 13637 13637 I Input   : injectMotionEvent: MotionEvent { action=ACTION_MOVE, actionButton=0, id[0]=0, x[0]=500.0, y[0]=1711.2, toolType[0]=TOOL_TYPE_UNKNOWN, buttonState=0, metaState=0, flags=0x0, edgeFlags=0x0, pointerCount=1, historySize=0, eventTime=846363419, downTime=846363419, deviceId=0, source=0x1002 }
08-06 03:05:47.021 13637 13637 I Input   : injectMotionEvent: MotionEvent { action=ACTION_MOVE, actionButton=0, id[0]=0, x[0]=500.0, y[0]=1682.7, toolType[0]=TOOL_TYPE_UNKNOWN, buttonState=0, metaState=0, flags=0x0, edgeFlags=0x0, pointerCount=1, historySize=0, eventTime=846363434, downTime=846363434, deviceId=0, source=0x1002 }
08-06 03:05:47.032 13637 13637 I Input   : injectMotionEvent: MotionEvent { action=ACTION_MOVE, actionButton=0, id[0]=0, x[0]=500.0, y[0]=1661.8, toolType[0]=TOOL_TYPE_UNKNOWN, buttonState=0, metaState=0, flags=0x0, edgeFlags=0x0, pointerCount=1, historySize=0, eventTime=846363445, downTime=846363445, deviceId=0, source=0x1002 }
08-06 03:05:47.042 11170 11181 I art     : Starting a blocking GC Explicit
08-06 03:05:47.049 13637 13637 I Input   : injectMotionEvent: MotionEvent { action=ACTION_MOVE, actionButton=0, id[0]=0, x[0]=500.0, y[0]=1629.5, toolType[0]=TOOL_TYPE_UNKNOWN, buttonState=0, metaState=0, flags=0x0, edgeFlags=0x0, pointerCount=1, historySize=0, eventTime=846363462, downTime=846363462, deviceId=0, source=0x1002 }
08-06 03:05:47.065 13637 13637 I Input   : injectMotionEvent: MotionEvent { action=ACTION_MOVE, actionButton=0, id[0]=0, x[0]=500.0, y[0]=1599.1, toolType[0]=TOOL_TYPE_UNKNOWN, buttonState=0, metaState=0, flags=0x0, edgeFlags=0x0, pointerCount=1, historySize=0, eventTime=846363478, downTime=846363478, deviceId=0, source=0x1002 }
08-06 03:05:47.084 13637 13637 I Input   : injectMotionEvent: MotionEvent { action=ACTION_MOVE, actionButton=0, id[0]=0, x[0]=500.0, y[0]=1563.0, toolType[0]=TOOL_TYPE_UNKNOWN, buttonState=0, metaState=0, flags=0x0, edgeFlags=0x0, pointerCount=1, historySize=0, eventTime=846363497, downTime=846363497, deviceId=0, source=0x1002 }
08-06 03:05:47.101 13637 13637 I Input   : injectMotionEvent: MotionEvent { action=ACTION_MOVE, actionButton=0, id[0]=0, x[0]=500.0, y[0]=1530.7, toolType[0]=TOOL_TYPE_UNKNOWN, buttonState=0, metaState=0, flags=0x0, edgeFlags=0x0, pointerCount=1, historySize=0, eventTime=846363514, downTime=846363514, deviceId=0, source=0x1002 }
08-06 03:05:47.113 11170 11181 I art     : Explicit concurrent mark sweep GC freed 22(960B) AllocSpace objects, 0(0B) LOS objects, 7% free, 184MB/200MB, paused 1.951ms total 70.962ms
08-06 03:05:47.114 11170 11180 I art     : WaitForGcToComplete blocked for 59.666ms for cause HeapTrim
08-06 03:05:47.115 13637 13637 I Input   : injectMotionEvent: MotionEvent { action=ACTION_MOVE, actionButton=0, id[0]=0, x[0]=500.0, y[0]=1504.1, toolType[0]=TOOL_TYPE_UNKNOWN, buttonState=0, metaState=0, flags=0x0, edgeFlags=0x0, pointerCount=1, historySize=0, eventTime=846363528, downTime=846363528, deviceId=0, source=0x1002 }
08-06 03:05:47.135 13637 13637 I Input   : injectMotionEvent: MotionEvent { action=ACTION_MOVE, actionButton=0, id[0]=0, x[0]=500.0, y[0]=1469.8999, toolType[0]=TOOL_TYPE_UNKNOWN, buttonState=0, metaState=0, flags=0x0, edgeFlags=0x0, pointerCount=1, historySize=0, eventTime=846363546, downTime=846363546, deviceId=0, source=0x1002 }
08-06 03:05:47.144 11170 11181 I art     : Starting a blocking GC Explicit
08-06 03:05:47.153 13637 13637 I Input   : injectMotionEvent: MotionEvent { action=ACTION_MOVE, actionButton=0, id[0]=0, x[0]=500.0, y[0]=1431.9, toolType[0]=TOOL_TYPE_UNKNOWN, buttonState=0, metaState=0, flags=0x0, edgeFlags=0x0, pointerCount=1, historySize=0, eventTime=846363566, downTime=846363566, deviceId=0, source=0x1002 }
08-06 03:05:47.168 13637 13637 I Input   : injectMotionEvent: MotionEvent { action=ACTION_MOVE, actionButton=0, id[0]=0, x[0]=500.0, y[0]=1403.3999, toolType[0]=TOOL_TYPE_UNKNOWN, buttonState=0, metaState=0, flags=0x0, edgeFlags=0x0, pointerCount=1, historySize=0, eventTime=846363581, downTime=846363581, deviceId=0, source=0x1002 }
08-06 03:05:47.183 13637 13637 I Input   : injectMotionEvent: MotionEvent { action=ACTION_MOVE, actionButton=0, id[0]=0, x[0]=500.0, y[0]=1374.9, toolType[0]=TOOL_TYPE_UNKNOWN, buttonState=0, metaState=0, flags=0x0, edgeFlags=0x0, pointerCount=1, historySize=0, eventTime=846363596, downTime=846363596, deviceId=0, source=0x1002 }
08-06 03:05:47.200 13637 13637 I Input   : injectMotionEvent: MotionEvent { action=ACTION_MOVE, actionButton=0, id[0]=0, x[0]=500.0, y[0]=1342.6001, toolType[0]=TOOL_TYPE_UNKNOWN, buttonState=0, metaState=0, flags=0x0, edgeFlags=0x0, pointerCount=1, historySize=0, eventTime=846363613, downTime=846363613, deviceId=0, source=0x1002 }
08-06 03:05:47.217 13637 13637 I Input   : injectMotionEvent: MotionEvent { action=ACTION_MOVE, actionButton=0, id[0]=0, x[0]=500.0, y[0]=1310.3, toolType[0]=TOOL_TYPE_UNKNOWN, buttonState=0, metaState=0, flags=0x0, edgeFlags=0x0, pointerCount=1, historySize=0, eventTime=846363630, downTime=846363630, deviceId=0, source=0x1002 }
08-06 03:05:47.228 11170 11181 I art     : Explicit concurrent mark sweep GC freed 5(192B) AllocSpace objects, 0(0B) LOS objects, 7% free, 184MB/200MB, paused 2.717ms total 83.842ms
08-06 03:05:47.234 13637 13637 I Input   : injectMotionEvent: MotionEvent { action=ACTION_MOVE, actionButton=0, id[0]=0, x[0]=500.0, y[0]=1278.0, toolType[0]=TOOL_TYPE_UNKNOWN, buttonState=0, metaState=0, flags=0x0, edgeFlags=0x0, pointerCount=1, historySize=0, eventTime=846363647, downTime=846363647, deviceId=0, source=0x1002 }
08-06 03:05:47.250 13637 13637 I Input   : injectMotionEvent: MotionEvent { action=ACTION_MOVE, actionButton=0, id[0]=0, x[0]=500.0, y[0]=1247.6, toolType[0]=TOOL_TYPE_UNKNOWN, buttonState=0, metaState=0, flags=0x0, edgeFlags=0x0, pointerCount=1, historySize=0, eventTime=846363663, downTime=846363663, deviceId=0, source=0x1002 }
08-06 03:05:47.260 11170 11181 I art     : Starting a blocking GC Explicit
08-06 03:05:47.269 13637 13637 I Input   : injectMotionEvent: MotionEvent { action=ACTION_MOVE, actionButton=0, id[0]=0, x[0]=500.0, y[0]=1211.5, toolType[0]=TOOL_TYPE_UNKNOWN, buttonState=0, metaState=0, flags=0x0, edgeFlags=0x0, pointerCount=1, historySize=0, eventTime=846363682, downTime=846363682, deviceId=0, source=0x1002 }
08-06 03:05:47.324 11170 11181 I art     : Explicit concurrent mark sweep GC freed 10(336B) AllocSpace objects, 0(0B) LOS objects, 7% free, 184MB/200MB, paused 1.818ms total 63.907ms
08-06 03:05:47.336 13637 13637 I Input   : injectMotionEvent: MotionEvent { action=ACTION_MOVE, actionButton=0, id[0]=0, x[0]=500.0, y[0]=1082.3, toolType[0]=TOOL_TYPE_UNKNOWN, buttonState=0, metaState=0, flags=0x0, edgeFlags=0x0, pointerCount=1, historySize=0, eventTime=846363750, downTime=846363750, deviceId=0, source=0x1002 }
08-06 03:05:47.396 13637 13637 I Input   : injectMotionEvent: MotionEvent { action=ACTION_MOVE, actionButton=0, id[0]=0, x[0]=500.0, y[0]=970.19995, toolType[0]=TOOL_TYPE_UNKNOWN, buttonState=0, metaState=0, flags=0x0, edgeFlags=0x0, pointerCount=1, historySize=0, eventTime=846363809, downTime=846363809, deviceId=0, source=0x1002 }
08-06 03:05:47.453 13637 13637 I Input   : injectMotionEvent: MotionEvent { action=ACTION_MOVE, actionButton=0, id[0]=0, x[0]=500.0, y[0]=861.9, toolType[0]=TOOL_TYPE_UNKNOWN, buttonState=0, metaState=0, flags=0x0, edgeFlags=0x0, pointerCount=1, historySize=0, eventTime=846363866, downTime=846363866, deviceId=0, source=0x1002 }
08-06 03:05:47.516 13637 13637 I Input   : injectMotionEvent: MotionEvent { action=ACTION_MOVE, actionButton=0, id[0]=0, x[0]=500.0, y[0]=740.30005, toolType[0]=TOOL_TYPE_UNKNOWN, buttonState=0, metaState=0, flags=0x0, edgeFlags=0x0, pointerCount=1, historySize=0, eventTime=846363930, downTime=846363930, deviceId=0, source=0x1002 }
08-06 03:05:47.596 13637 13637 I Input   : injectMotionEvent: MotionEvent { action=ACTION_MOVE, actionButton=0, id[0]=0, x[0]=500.0, y[0]=590.2001, toolType[0]=TOOL_TYPE_UNKNOWN, buttonState=0, metaState=0, flags=0x0, edgeFlags=0x0, pointerCount=1, historySize=0, eventTime=846364009, downTime=846364009, deviceId=0, source=0x1002 }
08-06 03:05:47.653 13637 13637 I Input   : injectMotionEvent: MotionEvent { action=ACTION_MOVE, actionButton=0, id[0]=0, x[0]=500.0, y[0]=481.8999, toolType[0]=TOOL_TYPE_UNKNOWN, buttonState=0, metaState=0, flags=0x0, edgeFlags=0x0, pointerCount=1, historySize=0, eventTime=846364066, downTime=846364066, deviceId=0, source=0x1002 }
08-06 03:05:47.712 13637 13637 I Input   : injectMotionEvent: MotionEvent { action=ACTION_MOVE, actionButton=0, id[0]=0, x[0]=500.0, y[0]=369.80005, toolType[0]=TOOL_TYPE_UNKNOWN, buttonState=0, metaState=0, flags=0x0, edgeFlags=0x0, pointerCount=1, historySize=0, eventTime=846364125, downTime=846364125, deviceId=0, source=0x1002 }
08-06 03:05:47.778 11170 11183 I art     : Starting a blocking GC Explicit
08-06 03:05:47.798 13637 13637 I Input   : injectMotionEvent: MotionEvent { action=ACTION_MOVE, actionButton=0, id[0]=0, x[0]=500.0, y[0]=206.40002, toolType[0]=TOOL_TYPE_UNKNOWN, buttonState=0, metaState=0, flags=0x0, edgeFlags=0x0, pointerCount=1, historySize=0, eventTime=846364211, downTime=846364211, deviceId=0, source=0x1002 }
08-06 03:05:47.835 13637 13637 I Input   : injectMotionEvent: MotionEvent { action=ACTION_MOVE, actionButton=0, id[0]=0, x[0]=500.0, y[0]=136.09998, toolType[0]=TOOL_TYPE_UNKNOWN, buttonState=0, metaState=0, flags=0x0, edgeFlags=0x0, pointerCount=1, historySize=0, eventTime=846364248, downTime=846364248, deviceId=0, source=0x1002 }
08-06 03:05:47.844 11170 11183 I art     : Explicit concurrent mark sweep GC freed 1596(92KB) AllocSpace objects, 2(48KB) LOS objects, 7% free, 184MB/200MB, paused 1.878ms total 65.857ms
08-06 03:05:47.868 11170 11183 I art     : Starting a blocking GC Explicit
08-06 03:05:47.875 13637 13637 I Input   : injectMotionEvent: MotionEvent { action=ACTION_UP, actionButton=0, id[0]=0, x[0]=500.0, y[0]=100.0, toolType[0]=TOOL_TYPE_UNKNOWN, buttonState=0, metaState=0, flags=0x0, edgeFlags=0x0, pointerCount=1, historySize=0, eventTime=846364288, downTime=846364288, deviceId=0, source=0x1002 }
08-06 03:05:47.912 13637 13637 D AndroidRuntime: Shutting down VM
08-06 03:05:47.936 11170 11183 I art     : Explicit concurrent mark sweep GC freed 71(2208B) AllocSpace objects, 0(0B) LOS objects, 7% free, 184MB/200MB, paused 1.850ms total 67.444ms
08-06 03:05:47.961 11170 11183 I art     : Starting a blocking GC Explicit
08-06 03:05:48.023 11170 11183 I art     : Explicit concurrent mark sweep GC freed 11(352B) AllocSpace objects, 0(0B) LOS objects, 7% free, 184MB/200MB, paused 1.803ms total 61.217ms
08-06 03:05:48.046 11170 11183 I art     : Starting a blocking GC Explicit
08-06 03:05:48.111 11170 11183 I art     : Explicit concurrent mark sweep GC freed 3(96B) AllocSpace objects, 0(0B) LOS objects, 7% free, 184MB/200MB, paused 1.940ms total 64.582ms
08-06 03:05:48.135 11170 11183 I art     : Starting a blocking GC Explicit
08-06 03:05:48.197 11170 11183 I art     : Explicit concurrent mark sweep GC freed 4(128B) AllocSpace objects, 0(0B) LOS objects, 7% free, 184MB/200MB, paused 1.799ms total 62.159ms
08-06 03:05:48.678 11170 11181 I art     : Starting a blocking GC Explicit
08-06 03:05:48.741 11170 11181 I art     : Explicit concurrent mark sweep GC freed 1592(92KB) AllocSpace objects, 2(48KB) LOS objects, 7% free, 184MB/200MB, paused 1.740ms total 62.942ms
08-06 03:05:48.765 11170 11181 I art     : Starting a blocking GC Explicit
08-06 03:05:48.795 13676 13676 D AndroidRuntime: >>>>>> START com.android.internal.os.RuntimeInit uid 2000 <<<<<<
08-06 03:05:48.801 13676 13676 D AndroidRuntime: CheckJNI is OFF
08-06 03:05:48.829 11170 11181 I art     : Explicit concurrent mark sweep GC freed 28(1024B) AllocSpace objects, 0(0B) LOS objects, 7% free, 184MB/200MB, paused 1.785ms total 63.884ms
08-06 03:05:48.848 13676 13676 D ICU     : No timezone override file found: /data/misc/zoneinfo/current/icu/icu_tzdata.dat
08-06 03:05:48.852 11170 11181 I art     : Starting a blocking GC Explicit
08-06 03:05:48.887 13676 13676 I Radio-JNI: register_android_hardware_Radio DONE
08-06 03:05:48.916 11170 11181 I art     : Explicit concurrent mark sweep GC freed 40(1088B) AllocSpace objects, 0(0B) LOS objects, 7% free, 184MB/200MB, paused 1.910ms total 63.764ms
08-06 03:05:48.920 13676 13676 D AndroidRuntime: Calling main entry com.android.commands.input.Input
08-06 03:05:48.922 13676 13676 I Input   : injectMotionEvent: MotionEvent { action=ACTION_DOWN, actionButton=0, id[0]=0, x[0]=500.0, y[0]=2000.0, toolType[0]=TOOL_TYPE_UNKNOWN, buttonState=0, metaState=0, flags=0x0, edgeFlags=0x0, pointerCount=1, historySize=0, eventTime=846365334, downTime=846365334, deviceId=0, source=0x1002 }
08-06 03:05:48.927 13676 13676 I Input   : injectMotionEvent: MotionEvent { action=ACTION_MOVE, actionButton=0, id[0]=0, x[0]=500.0, y[0]=2000.0, toolType[0]=TOOL_TYPE_UNKNOWN, buttonState=0, metaState=0, flags=0x0, edgeFlags=0x0, pointerCount=1, historySize=0, eventTime=846365334, downTime=846365334, deviceId=0, source=0x1002 }
08-06 03:05:48.934 13676 13676 I Input   : injectMotionEvent: MotionEvent { action=ACTION_MOVE, actionButton=0, id[0]=0, x[0]=500.0, y[0]=1975.3, toolType[0]=TOOL_TYPE_UNKNOWN, buttonState=0, metaState=0, flags=0x0, edgeFlags=0x0, pointerCount=1, historySize=0, eventTime=846365347, downTime=846365347, deviceId=0, source=0x1002 }
08-06 03:05:48.941 11170 11181 I art     : Starting a blocking GC Explicit
08-06 03:05:48.956 13676 13676 I Input   : injectMotionEvent: MotionEvent { action=ACTION_MOVE, actionButton=0, id[0]=0, x[0]=500.0, y[0]=1931.6, toolType[0]=TOOL_TYPE_UNKNOWN, buttonState=0, metaState=0, flags=0x0, edgeFlags=0x0, pointerCount=1, historySize=0, eventTime=846365370, downTime=846365370, deviceId=0, source=0x1002 }
08-06 03:05:48.968 13676 13676 I Input   : injectMotionEvent: MotionEvent { action=ACTION_MOVE, actionButton=0, id[0]=0, x[0]=500.0, y[0]=1910.7, toolType[0]=TOOL_TYPE_UNKNOWN, buttonState=0, metaState=0, flags=0x0, edgeFlags=0x0, pointerCount=1, historySize=0, eventTime=846365381, downTime=846365381, deviceId=0, source=0x1002 }
08-06 03:05:49.021 11170 11181 I art     : Explicit concurrent mark sweep GC freed 11(352B) AllocSpace objects, 0(0B) LOS objects, 7% free, 184MB/200MB, paused 1.845ms total 78.835ms
08-06 03:05:49.045 11170 11181 I art     : Starting a blocking GC Explicit
08-06 03:05:49.067 13676 13676 I Input   : injectMotionEvent: MotionEvent { action=ACTION_MOVE, actionButton=0, id[0]=0, x[0]=500.0, y[0]=1722.6, toolType[0]=TOOL_TYPE_UNKNOWN, buttonState=0, metaState=0, flags=0x0, edgeFlags=0x0, pointerCount=1, historySize=0, eventTime=846365480, downTime=846365480, deviceId=0, source=0x1002 }
08-06 03:05:49.114 11170 11181 I art     : Explicit concurrent mark sweep GC freed 8(256B) AllocSpace objects, 0(0B) LOS objects, 7% free, 184MB/200MB, paused 1.859ms total 68.914ms
08-06 03:05:49.162 13676 13676 I Input   : injectMotionEvent: MotionEvent { action=ACTION_MOVE, actionButton=0, id[0]=0, x[0]=500.0, y[0]=1542.1, toolType[0]=TOOL_TYPE_UNKNOWN, buttonState=0, metaState=0, flags=0x0, edgeFlags=0x0, pointerCount=1, historySize=0, eventTime=846365575, downTime=846365575, deviceId=0, source=0x1002 }
08-06 03:05:49.198 13676 13676 I Input   : injectMotionEvent: MotionEvent { action=ACTION_MOVE, actionButton=0, id[0]=0, x[0]=500.0, y[0]=1473.7, toolType[0]=TOOL_TYPE_UNKNOWN, buttonState=0, metaState=0, flags=0x0, edgeFlags=0x0, pointerCount=1, historySize=0, eventTime=846365611, downTime=846365611, deviceId=0, source=0x1002 }
08-06 03:05:49.234 13676 13676 I Input   : injectMotionEvent: MotionEvent { action=ACTION_MOVE, actionButton=0, id[0]=0, x[0]=500.0, y[0]=1405.3, toolType[0]=TOOL_TYPE_UNKNOWN, buttonState=0, metaState=0, flags=0x0, edgeFlags=0x0, pointerCount=1, historySize=0, eventTime=846365647, downTime=846365647, deviceId=0, source=0x1002 }
08-06 03:05:49.271 13676 13676 I Input   : injectMotionEvent: MotionEvent { action=ACTION_MOVE, actionButton=0, id[0]=0, x[0]=500.0, y[0]=1335.0, toolType[0]=TOOL_TYPE_UNKNOWN, buttonState=0, metaState=0, flags=0x0, edgeFlags=0x0, pointerCount=1, historySize=0, eventTime=846365684, downTime=846365684, deviceId=0, source=0x1002 }
08-06 03:05:49.308 13676 13676 I Input   : injectMotionEvent: MotionEvent { action=ACTION_MOVE, actionButton=0, id[0]=0, x[0]=500.0, y[0]=1264.7, toolType[0]=TOOL_TYPE_UNKNOWN, buttonState=0, metaState=0, flags=0x0, edgeFlags=0x0, pointerCount=1, historySize=0, eventTime=846365721, downTime=846365721, deviceId=0, source=0x1002 }
08-06 03:05:49.345 13676 13676 I Input   : injectMotionEvent: MotionEvent { action=ACTION_MOVE, actionButton=0, id[0]=0, x[0]=500.0, y[0]=1192.5, toolType[0]=TOOL_TYPE_UNKNOWN, buttonState=0, metaState=0, flags=0x0, edgeFlags=0x0, pointerCount=1, historySize=0, eventTime=846365759, downTime=846365759, deviceId=0, source=0x1002 }
08-06 03:05:49.389 13676 13676 I Input   : injectMotionEvent: MotionEvent { action=ACTION_MOVE, actionButton=0, id[0]=0, x[0]=500.0, y[0]=1110.8, toolType[0]=TOOL_TYPE_UNKNOWN, buttonState=0, metaState=0, flags=0x0, edgeFlags=0x0, pointerCount=1, historySize=0, eventTime=846365802, downTime=846365802, deviceId=0, source=0x1002 }
08-06 03:05:49.427 13676 13676 I Input   : injectMotionEvent: MotionEvent { action=ACTION_MOVE, actionButton=0, id[0]=0, x[0]=500.0, y[0]=1038.6001, toolType[0]=TOOL_TYPE_UNKNOWN, buttonState=0, metaState=0, flags=0x0, edgeFlags=0x0, pointerCount=1, historySize=0, eventTime=846365840, downTime=846365840, deviceId=0, source=0x1002 }
08-06 03:05:49.462 13676 13676 I Input   : injectMotionEvent: MotionEvent { action=ACTION_MOVE, actionButton=0, id[0]=0, x[0]=500.0, y[0]=972.1, toolType[0]=TOOL_TYPE_UNKNOWN, buttonState=0, metaState=0, flags=0x0, edgeFlags=0x0, pointerCount=1, historySize=0, eventTime=846365875, downTime=846365875, deviceId=0, source=0x1002 }
08-06 03:05:49.503 13676 13676 I Input   : injectMotionEvent: MotionEvent { action=ACTION_MOVE, actionButton=0, id[0]=0, x[0]=500.0, y[0]=894.19995, toolType[0]=TOOL_TYPE_UNKNOWN, buttonState=0, metaState=0, flags=0x0, edgeFlags=0x0, pointerCount=1, historySize=0, eventTime=846365916, downTime=846365916, deviceId=0, source=0x1002 }
08-06 03:05:49.539 13676 13676 I Input   : injectMotionEvent: MotionEvent { action=ACTION_MOVE, actionButton=0, id[0]=0, x[0]=500.0, y[0]=823.9, toolType[0]=TOOL_TYPE_UNKNOWN, buttonState=0, metaState=0, flags=0x0, edgeFlags=0x0, pointerCount=1, historySize=0, eventTime=846365953, downTime=846365953, deviceId=0, source=0x1002 }
08-06 03:05:49.579 11170 11230 I art     : Starting a blocking GC Explicit
08-06 03:05:49.581 13676 13676 I Input   : injectMotionEvent: MotionEvent { action=ACTION_MOVE, actionButton=0, id[0]=0, x[0]=500.0, y[0]=746.0, toolType[0]=TOOL_TYPE_UNKNOWN, buttonState=0, metaState=0, flags=0x0, edgeFlags=0x0, pointerCount=1, historySize=0, eventTime=846365994, downTime=846365994, deviceId=0, source=0x1002 }
08-06 03:05:49.621 13676 13676 I Input   : injectMotionEvent: MotionEvent { action=ACTION_MOVE, actionButton=0, id[0]=0, x[0]=500.0, y[0]=670.0, toolType[0]=TOOL_TYPE_UNKNOWN, buttonState=0, metaState=0, flags=0x0, edgeFlags=0x0, pointerCount=1, historySize=0, eventTime=846366034, downTime=846366034, deviceId=0, source=0x1002 }
08-06 03:05:49.644 11170 11230 I art     : Explicit concurrent mark sweep GC freed 1604(92KB) AllocSpace objects, 2(48KB) LOS objects, 7% free, 184MB/200MB, paused 1.812ms total 64.900ms
08-06 03:05:49.661 13676 13676 I Input   : injectMotionEvent: MotionEvent { action=ACTION_MOVE, actionButton=0, id[0]=0, x[0]=500.0, y[0]=594.0, toolType[0]=TOOL_TYPE_UNKNOWN, buttonState=0, metaState=0, flags=0x0, edgeFlags=0x0, pointerCount=1, historySize=0, eventTime=846366074, downTime=846366074, deviceId=0, source=0x1002 }
08-06 03:05:49.668 11170 11230 I art     : Starting a blocking GC Explicit
08-06 03:05:49.698 13676 13676 I Input   : injectMotionEvent: MotionEvent { action=ACTION_MOVE, actionButton=0, id[0]=0, x[0]=500.0, y[0]=523.69995, toolType[0]=TOOL_TYPE_UNKNOWN, buttonState=0, metaState=0, flags=0x0, edgeFlags=0x0, pointerCount=1, historySize=0, eventTime=846366111, downTime=846366111, deviceId=0, source=0x1002 }
08-06 03:05:49.735 11170 11230 I art     : Explicit concurrent mark sweep GC freed 42(1696B) AllocSpace objects, 0(0B) LOS objects, 7% free, 184MB/200MB, paused 1.808ms total 66.758ms
08-06 03:05:49.737 13676 13676 I Input   : injectMotionEvent: MotionEvent { action=ACTION_MOVE, actionButton=0, id[0]=0, x[0]=500.0, y[0]=449.59998, toolType[0]=TOOL_TYPE_UNKNOWN, buttonState=0, metaState=0, flags=0x0, edgeFlags=0x0, pointerCount=1, historySize=0, eventTime=846366150, downTime=846366150, deviceId=0, source=0x1002 }
08-06 03:05:49.746   918  1209 D NetworkMonitor/NetworkAgentInfo [WIFI () - 159]: Checking http://connectivitycheck.gstatic.com/generate_204 on "H369AA63323", 192.168.2.12=192.168.2.12
08-06 03:05:49.758 11170 11230 I art     : Starting a blocking GC Explicit
08-06 03:05:49.774 13676 13676 I Input   : injectMotionEvent: MotionEvent { action=ACTION_MOVE, actionButton=0, id[0]=0, x[0]=500.0, y[0]=379.30005, toolType[0]=TOOL_TYPE_UNKNOWN, buttonState=0, metaState=0, flags=0x0, edgeFlags=0x0, pointerCount=1, historySize=0, eventTime=846366187, downTime=846366187, deviceId=0, source=0x1002 }
08-06 03:05:49.809   918  1209 D NetworkMonitor/NetworkAgentInfo [WIFI () - 159]: Probably not a portal: exception java.io.IOException: unexpected end of stream on Connection{connectivitycheck.gstatic.com:80, proxy=HTTP@/192.168.2.12:8080 hostAddress=192.168.2.12 cipherSuite=none protocol=http/1.1} (recycle count=0)
08-06 03:05:49.810   918  3263 D ConnectivityService: NetworkAgentInfo [WIFI () - 159] validation failed
08-06 03:05:49.811   918  3261 E WifiConfigStore:  rewrite network history for "H369AA63323"WPA_PSK
08-06 03:05:49.813 13676 13676 I Input   : injectMotionEvent: MotionEvent { action=ACTION_MOVE, actionButton=0, id[0]=0, x[0]=500.0, y[0]=303.29993, toolType[0]=TOOL_TYPE_UNKNOWN, buttonState=0, metaState=0, flags=0x0, edgeFlags=0x0, pointerCount=1, historySize=0, eventTime=846366227, downTime=846366227, deviceId=0, source=0x1002 }
08-06 03:05:49.825 11170 11230 I art     : Explicit concurrent mark sweep GC freed 14(656B) AllocSpace objects, 0(0B) LOS objects, 7% free, 184MB/200MB, paused 2.082ms total 66.206ms
08-06 03:05:49.848 11170 11230 I art     : Starting a blocking GC Explicit
08-06 03:05:49.859 13676 13676 I Input   : injectMotionEvent: MotionEvent { action=ACTION_MOVE, actionButton=0, id[0]=0, x[0]=500.0, y[0]=217.79993, toolType[0]=TOOL_TYPE_UNKNOWN, buttonState=0, metaState=0, flags=0x0, edgeFlags=0x0, pointerCount=1, historySize=0, eventTime=846366272, downTime=846366272, deviceId=0, source=0x1002 }
08-06 03:05:49.897 13676 13676 I Input   : injectMotionEvent: MotionEvent { action=ACTION_MOVE, actionButton=0, id[0]=0, x[0]=500.0, y[0]=145.59998, toolType[0]=TOOL_TYPE_UNKNOWN, buttonState=0, metaState=0, flags=0x0, edgeFlags=0x0, pointerCount=1, historySize=0, eventTime=846366310, downTime=846366310, deviceId=0, source=0x1002 }
08-06 03:05:49.911 11170 11230 I art     : Explicit concurrent mark sweep GC freed 57(1824B) AllocSpace objects, 0(0B) LOS objects, 7% free, 184MB/200MB, paused 1.828ms total 63.095ms
08-06 03:05:49.936 13676 13676 I Input   : injectMotionEvent: MotionEvent { action=ACTION_UP, actionButton=0, id[0]=0, x[0]=500.0, y[0]=100.0, toolType[0]=TOOL_TYPE_UNKNOWN, buttonState=0, metaState=0, flags=0x0, edgeFlags=0x0, pointerCount=1, historySize=0, eventTime=846366349, downTime=846366349, deviceId=0, source=0x1002 }
08-06 03:05:49.938 11170 11230 I art     : Starting a blocking GC Explicit
08-06 03:05:49.971 13676 13676 D AndroidRuntime: Shutting down VM
08-06 03:05:50.001 11170 11230 I art     : Explicit concurrent mark sweep GC freed 9(384B) AllocSpace objects, 0(0B) LOS objects, 7% free, 184MB/200MB, paused 1.824ms total 63.062ms
08-06 03:05:50.447 11170 11895 I art     : Starting a blocking GC Explicit
08-06 03:05:50.517 11170 11895 I art     : Explicit concurrent mark sweep GC freed 1586(92KB) AllocSpace objects, 2(48KB) LOS objects, 7% free, 184MB/200MB, paused 2.085ms total 70.075ms
08-06 03:05:50.543 11170 11895 I art     : Starting a blocking GC Explicit
08-06 03:05:50.591  6516  6516 I ServiceManager: Waiting for service AtCmdFwd...
08-06 03:05:50.613 11170 11895 I art     : Explicit concurrent mark sweep GC freed 28(1024B) AllocSpace objects, 0(0B) LOS objects, 7% free, 184MB/200MB, paused 2.022ms total 69.726ms
08-06 03:05:50.639 11170 11895 I art     : Starting a blocking GC Explicit
08-06 03:05:50.707 11170 11895 I art     : Explicit concurrent mark sweep GC freed 3(96B) AllocSpace objects, 0(0B) LOS objects, 7% free, 184MB/200MB, paused 2.035ms total 67.908ms
08-06 03:05:50.733 11170 11895 I art     : Starting a blocking GC Explicit
08-06 03:05:50.803 11170 11895 I art     : Explicit concurrent mark sweep GC freed 3(96B) AllocSpace objects, 0(0B) LOS objects, 7% free, 184MB/200MB, paused 2.024ms total 69.173ms
08-06 03:05:50.829 11170 11895 I art     : Starting a blocking GC Explicit
08-06 03:05:50.843 13721 13721 D AndroidRuntime: >>>>>> START com.android.internal.os.RuntimeInit uid 2000 <<<<<<
08-06 03:05:50.850 13721 13721 D AndroidRuntime: CheckJNI is OFF
08-06 03:05:50.898 11170 11895 I art     : Explicit concurrent mark sweep GC freed 40(1088B) AllocSpace objects, 0(0B) LOS objects, 7% free, 184MB/200MB, paused 1.981ms total 68.575ms
08-06 03:05:50.901 13721 13721 D ICU     : No timezone override file found: /data/misc/zoneinfo/current/icu/icu_tzdata.dat
08-06 03:05:50.946 13721 13721 I Radio-JNI: register_android_hardware_Radio DONE
08-06 03:05:50.979 13721 13721 D AndroidRuntime: Calling main entry com.android.commands.input.Input
08-06 03:05:50.981 13721 13721 I Input   : injectMotionEvent: MotionEvent { action=ACTION_DOWN, actionButton=0, id[0]=0, x[0]=657.0, y[0]=2080.0, toolType[0]=TOOL_TYPE_UNKNOWN, buttonState=0, metaState=0, flags=0x0, edgeFlags=0x0, pointerCount=1, historySize=0, eventTime=846367393, downTime=846367393, deviceId=0, source=0x1002 }
08-06 03:05:50.986 13721 13721 I Input   : injectMotionEvent: MotionEvent { action=ACTION_UP, actionButton=0, id[0]=0, x[0]=657.0, y[0]=2080.0, toolType[0]=TOOL_TYPE_UNKNOWN, buttonState=0, metaState=0, flags=0x0, edgeFlags=0x0, pointerCount=1, historySize=0, eventTime=846367393, downTime=846367393, deviceId=0, source=0x1002 }
08-06 03:05:50.989   918  3961 I ActivityManager: START u0 {cmp=baseline.io.github.project_travel_mate/.utilities.UpcomingWeekendsActivity} from uid 10696 on display 0
08-06 03:05:50.992   512  2967 D audio_hw_primary: out_set_parameters: enter: usecase(1: low-latency-playback) kvpairs: routing=2
08-06 03:05:50.993 13721 13721 D AndroidRuntime: Shutting down VM
08-06 03:05:51.005   512  2967 D audio_hw_primary: select_devices: out_snd_device(2: speaker) in_snd_device(0: none)
08-06 03:05:51.005   512  2967 D msm8974_platform: platform_send_audio_calibration: sending audio calibration for snd_device(2) acdb_id(15)
08-06 03:05:51.005   512  2967 I soundtrigger: audio_extn_sound_trigger_update_device_status: device 0x2 of type 0 for Event 1
08-06 03:05:51.019   512  2967 D audio_hw_primary: enable_snd_device: snd_device(2: speaker)
08-06 03:05:51.021   512  2967 D audio_hw_primary: enable_audio_route: apply and update mixer path: low-latency-playback speaker
08-06 03:05:51.033 11170 11250 D Gabe    : call	returning from cache
08-06 03:05:51.037 11170 11170 V EXECUTING: https://project-travel-mate.herokuapp.com/api/get-upcoming-holidays/2020
08-06 03:05:51.041 11170 11170 V EXECUTING: https://project-travel-mate.herokuapp.com/api/get-upcoming-holidays/2020
08-06 03:05:51.133 13866 13866 I GoogleInputMethodServic: GoogleInputMethodService.onFinishInput():3138 
08-06 03:05:51.138 13866 13866 I GoogleInputMethodServic: GoogleInputMethodService.onStartInput():1808 
08-06 03:05:51.250   918   936 I ActivityManager: Displayed baseline.io.github.project_travel_mate/.utilities.UpcomingWeekendsActivity: +249ms
08-06 03:05:51.343 11170 11181 I art     : Starting a blocking GC Explicit
08-06 03:05:51.415 11170 11181 I art     : Explicit concurrent mark sweep GC freed 3420(191KB) AllocSpace objects, 2(48KB) LOS objects, 7% free, 189MB/205MB, paused 1.997ms total 71.689ms
08-06 03:05:51.440 11170 11181 I art     : Starting a blocking GC Explicit
08-06 03:05:51.487   380   380 W SurfaceFlinger: couldn't log to binary event log: overflow.
08-06 03:05:51.507 11170 11181 I art     : Explicit concurrent mark sweep GC freed 393(13KB) AllocSpace objects, 0(0B) LOS objects, 7% free, 189MB/205MB, paused 2.064ms total 65.996ms
08-06 03:05:51.534 11170 11181 I art     : Starting a blocking GC Explicit
08-06 03:05:51.570   512  2967 D audio_hw_primary: disable_audio_route: reset and update mixer path: low-latency-playback speaker
08-06 03:05:51.572   512  2967 D audio_hw_primary: disable_snd_device: snd_device(2: speaker)
08-06 03:05:51.581   512  2967 I soundtrigger: audio_extn_sound_trigger_update_device_status: device 0x2 of type 0 for Event 0
08-06 03:05:51.592  6516  6516 I ServiceManager: Waiting for service AtCmdFwd...
08-06 03:05:51.593 11170 13738 I NAPPA_EXPERIMENTATION: MetricNetworkRequestExecutionTime: REQUEST_DURATION_SYSTEM='555',REQUEST_DURATION_OKHTTP='36',REQUEST_SYNCHRONOUS='FALSE',RESPONSE_CODE='200',RESPONSE_METHOD='GET',RESPONSE_LENGTH_OKHTTP='6426',RESPONSE_LENGTH_HEADER='6426',REQUEST_PROTOCOL='http/1.1',REQUEST_URL='https://project-travel-mate.herokuapp.com/api/get-upcoming-holidays/2020',
08-06 03:05:51.597 11170 11170 V Response: [{"month":"January","date":1,"day":"Wednesday","name":"New Year's Day","type":"Restricted"},{"month":"January","date":2,"day":"Thursday","name":"Guru Govind Singh Jayanti","type":"Restricted"},{"month":"January","date":14,"day":"Tuesday","name":"Lohri","type":"Restricted"},{"month":"January","date":15,"day":"Wednesday","name":"Pongal","type":"Restricted"},{"month":"January","date":15,"day":"Wednesday","name":"Makar Sankranti","type":"Restricted"},{"month":"January","date":25,"day":"Saturday","name":"Chinese New Year","type":"Observance"},{"month":"January","date":26,"day":"Sunday","name":"Republic Day","type":"Gazetted"},{"month":"January","date":30,"day":"Thursday","name":"Vasant Panchami","type":"Restricted"},{"month":"February","date":9,"day":"Sunday","name":"Guru Ravidas Jayanti","type":"Restricted"},{"month":"February","date":14,"day":"Friday","name":"Valentine's Day","type":"Observance"},{"month":"February","date":18,"day":"Tuesday","name":"Maharishi Dayanand Saraswati Jayanti","type":"Restricted"},{"month":"February","date":19,"day":"Wednesday","name":"Shivaji Jayanti","type":"Restricted"},{"month":"February","date":21,"day":"Friday","name":"Maha Shivaratri/Shivaratri","type":"Gazetted"},{"month":"March","date":9,"day":"Monday","name":"Holika Dahana","type":"Restricted"},{"month":"March","date":9,"day":"Monday","name":"Hazarat Ali's Birthday","type":"Restricted"},{"month":"March","date":10,"day":"Tuesday","name":"Holi","type":"Gazetted"},{"month":"March","date":20,"day":"Friday","name":"March Equinox","type":"Season"},{"month":"March","date":25,"day":"Wednesday","name":"Chaitra Sukhladi","type":"Restricted"},{"month":"April","date":2,"day":"Thursday","name":"Rama Navami","type":"Gazetted"},{"month":"April","date":6,"day":"Monday","name":"Mahavir Jayanti","type":"Gazetted"},{"month":"April","date":9,"day":"Thursday","name":"First day of Passover","type":"Observance"},{"month":"April","date":9,"day":"Thursday","name":"Maundy Thursday","type":"Observance,"},{"month":"April","date":10,"day":"Friday","name":"Good Friday","type":"Gazetted"},{"month":"April","date":12,"day":"Sunday","name":"Easter Day","type":"Restricted"},{"month":"April","date":13,"day":"Monday","name":"Vaisakhi","type":"Restricted"},{"month":"April","date":14,"day":"Tuesday","name":"Mesadi/Vaisakhadi","type":"Restricted"},{"month":"April","date":14,"day":"Tuesday","name":"Ambedkar Jayanti","type":"Central"},{"month":"May","date":1,"day":"Friday","name":"May Day","type":"Observance"},{"month":"May","date":7,"day":"Thursday","name":"Buddha Purnima/Vesak","type":"Gazetted"},{"month":"May","date":7,"day":"Thursday","name":"Birthday of Ravindranath","type":"Restricted"},{"month":"May","date":10,"day":"Sunday","name":"Mother's Day","type":"Observance"},{"month":"May","date":22,"day":"Friday","name":"Jamat Ul-Vida","type":"Restricted"},{"month":"May","date":25,"day":"Monday","name":"Ramzan Id/Eid-ul-Fitar","type":"Gazetted"},{"month":"May","date":25,"day":"Monday","name":"Ramzan Id/Eid-ul-Fitar","type":"Muslim,"},{"month":"June","date":21,"day":"Sunday","name":"June Solstice","type":"Season"},{"month":"June","date":21,"day":"Sunday","name":"Father's Day","type":"Observance"},{"month":"June","date":23,"day":"Tuesday","name":"Rath Yatra","type":"Restricted"},{"month":"July","date":5,"day":"Sunday","name":"Guru Purnima","type":"Observance"},{"month":"July","date":31,"day":"Friday","name":"Bakr Id/Eid ul-Adha","type":"Gazetted"},{"month":"August","date":2,"day":"Sunday","name":"Friendship Day","type":"Observance"},{"month":"August","date":3,"day":"Monday","name":"Raksha Bandhan (Rakhi)","type":"Restricted"},{"month":"August","date":11,"day":"Tuesday","name":"Janmashtami (Smarta)","type":"Restricted"},{"month":"August","date":12,"day":"Wednesday","name":"Janmashtami","type":"Gazetted"},{"month":"August","date":15,"day":"Saturday","name":"Independence Day","type":"Gazetted"},{"month":"August","date":16,"day":"Sunday","name":"Parsi New Year","type":"Restricted"},{"month":"August","date":22,"day":"Saturday","name":"Ganesh Chaturthi/Vin
08-06 03:05:51.606 11170 11181 I art     : Explicit concurrent mark sweep GC freed 5841(292KB) AllocSpace objects, 5(256KB) LOS objects, 7% free, 190MB/206MB, paused 2.610ms total 71.581ms
08-06 03:05:51.621 11170 13739 I NAPPA_EXPERIMENTATION: MetricNetworkRequestExecutionTime: REQUEST_DURATION_SYSTEM='579',REQUEST_DURATION_OKHTTP='65',REQUEST_SYNCHRONOUS='FALSE',RESPONSE_CODE='200',RESPONSE_METHOD='GET',RESPONSE_LENGTH_OKHTTP='6426',RESPONSE_LENGTH_HEADER='6426',REQUEST_PROTOCOL='http/1.1',REQUEST_URL='https://project-travel-mate.herokuapp.com/api/get-upcoming-holidays/2020',
08-06 03:05:51.632 11170 11181 I art     : Starting a blocking GC Explicit
08-06 03:05:51.705 11170 11181 I art     : Explicit concurrent mark sweep GC freed 8017(463KB) AllocSpace objects, 4(192KB) LOS objects, 7% free, 189MB/205MB, paused 2.703ms total 73.143ms
08-06 03:05:51.711 11170 11170 V Response: [{"month":"January","date":1,"day":"Wednesday","name":"New Year's Day","type":"Restricted"},{"month":"January","date":2,"day":"Thursday","name":"Guru Govind Singh Jayanti","type":"Restricted"},{"month":"January","date":14,"day":"Tuesday","name":"Lohri","type":"Restricted"},{"month":"January","date":15,"day":"Wednesday","name":"Pongal","type":"Restricted"},{"month":"January","date":15,"day":"Wednesday","name":"Makar Sankranti","type":"Restricted"},{"month":"January","date":25,"day":"Saturday","name":"Chinese New Year","type":"Observance"},{"month":"January","date":26,"day":"Sunday","name":"Republic Day","type":"Gazetted"},{"month":"January","date":30,"day":"Thursday","name":"Vasant Panchami","type":"Restricted"},{"month":"February","date":9,"day":"Sunday","name":"Guru Ravidas Jayanti","type":"Restricted"},{"month":"February","date":14,"day":"Friday","name":"Valentine's Day","type":"Observance"},{"month":"February","date":18,"day":"Tuesday","name":"Maharishi Dayanand Saraswati Jayanti","type":"Restricted"},{"month":"February","date":19,"day":"Wednesday","name":"Shivaji Jayanti","type":"Restricted"},{"month":"February","date":21,"day":"Friday","name":"Maha Shivaratri/Shivaratri","type":"Gazetted"},{"month":"March","date":9,"day":"Monday","name":"Holika Dahana","type":"Restricted"},{"month":"March","date":9,"day":"Monday","name":"Hazarat Ali's Birthday","type":"Restricted"},{"month":"March","date":10,"day":"Tuesday","name":"Holi","type":"Gazetted"},{"month":"March","date":20,"day":"Friday","name":"March Equinox","type":"Season"},{"month":"March","date":25,"day":"Wednesday","name":"Chaitra Sukhladi","type":"Restricted"},{"month":"April","date":2,"day":"Thursday","name":"Rama Navami","type":"Gazetted"},{"month":"April","date":6,"day":"Monday","name":"Mahavir Jayanti","type":"Gazetted"},{"month":"April","date":9,"day":"Thursday","name":"First day of Passover","type":"Observance"},{"month":"April","date":9,"day":"Thursday","name":"Maundy Thursday","type":"Observance,"},{"month":"April","date":10,"day":"Friday","name":"Good Friday","type":"Gazetted"},{"month":"April","date":12,"day":"Sunday","name":"Easter Day","type":"Restricted"},{"month":"April","date":13,"day":"Monday","name":"Vaisakhi","type":"Restricted"},{"month":"April","date":14,"day":"Tuesday","name":"Mesadi/Vaisakhadi","type":"Restricted"},{"month":"April","date":14,"day":"Tuesday","name":"Ambedkar Jayanti","type":"Central"},{"month":"May","date":1,"day":"Friday","name":"May Day","type":"Observance"},{"month":"May","date":7,"day":"Thursday","name":"Buddha Purnima/Vesak","type":"Gazetted"},{"month":"May","date":7,"day":"Thursday","name":"Birthday of Ravindranath","type":"Restricted"},{"month":"May","date":10,"day":"Sunday","name":"Mother's Day","type":"Observance"},{"month":"May","date":22,"day":"Friday","name":"Jamat Ul-Vida","type":"Restricted"},{"month":"May","date":25,"day":"Monday","name":"Ramzan Id/Eid-ul-Fitar","type":"Gazetted"},{"month":"May","date":25,"day":"Monday","name":"Ramzan Id/Eid-ul-Fitar","type":"Muslim,"},{"month":"June","date":21,"day":"Sunday","name":"June Solstice","type":"Season"},{"month":"June","date":21,"day":"Sunday","name":"Father's Day","type":"Observance"},{"month":"June","date":23,"day":"Tuesday","name":"Rath Yatra","type":"Restricted"},{"month":"July","date":5,"day":"Sunday","name":"Guru Purnima","type":"Observance"},{"month":"July","date":31,"day":"Friday","name":"Bakr Id/Eid ul-Adha","type":"Gazetted"},{"month":"August","date":2,"day":"Sunday","name":"Friendship Day","type":"Observance"},{"month":"August","date":3,"day":"Monday","name":"Raksha Bandhan (Rakhi)","type":"Restricted"},{"month":"August","date":11,"day":"Tuesday","name":"Janmashtami (Smarta)","type":"Restricted"},{"month":"August","date":12,"day":"Wednesday","name":"Janmashtami","type":"Gazetted"},{"month":"August","date":15,"day":"Saturday","name":"Independence Day","type":"Gazetted"},{"month":"August","date":16,"day":"Sunday","name":"Parsi New Year","type":"Restricted"},{"month":"August","date":22,"day":"Saturday","name":"Ganesh Chaturthi/Vin
08-06 03:05:51.731 11170 11181 I art     : Starting a blocking GC Explicit
08-06 03:05:51.807 11170 11181 I art     : Explicit concurrent mark sweep GC freed 7124(259KB) AllocSpace objects, 1(4MB) LOS objects, 7% free, 185MB/201MB, paused 2.169ms total 75.587ms
08-06 03:05:52.255 11170 11556 I art     : Starting a blocking GC Explicit
08-06 03:05:52.335 11170 11556 I art     : Explicit concurrent mark sweep GC freed 3717(186KB) AllocSpace objects, 13(268KB) LOS objects, 7% free, 185MB/201MB, paused 2.280ms total 79.093ms
08-06 03:05:52.363 11170 11556 I art     : Starting a blocking GC Explicit
08-06 03:05:52.437 11170 11556 I art     : Explicit concurrent mark sweep GC freed 198(4KB) AllocSpace objects, 0(0B) LOS objects, 7% free, 185MB/201MB, paused 2.066ms total 73.393ms
08-06 03:05:52.465 11170 11556 I art     : Starting a blocking GC Explicit
08-06 03:05:52.543 11170 11556 I art     : Explicit concurrent mark sweep GC freed 171(2896B) AllocSpace objects, 0(0B) LOS objects, 7% free, 185MB/201MB, paused 2.250ms total 77.577ms
08-06 03:05:52.572 11170 11556 I art     : Starting a blocking GC Explicit
08-06 03:05:52.592  6516  6516 I ServiceManager: Waiting for service AtCmdFwd...
08-06 03:05:52.646 11170 11556 I art     : Explicit concurrent mark sweep GC freed 160(3KB) AllocSpace objects, 0(0B) LOS objects, 7% free, 185MB/201MB, paused 1.968ms total 74.092ms
08-06 03:05:52.673 11170 11556 I art     : Starting a blocking GC Explicit
08-06 03:05:52.751 11170 11556 I art     : Explicit concurrent mark sweep GC freed 161(2928B) AllocSpace objects, 0(0B) LOS objects, 7% free, 185MB/201MB, paused 2.230ms total 77.323ms
08-06 03:05:53.236 11170 11183 I art     : Starting a blocking GC Explicit
08-06 03:05:53.304 11170 11183 I art     : Explicit concurrent mark sweep GC freed 2427(106KB) AllocSpace objects, 2(48KB) LOS objects, 7% free, 185MB/201MB, paused 1.887ms total 67.854ms
08-06 03:05:53.331 11170 11183 I art     : Starting a blocking GC Explicit
08-06 03:05:53.404 11170 11183 I art     : Explicit concurrent mark sweep GC freed 182(3KB) AllocSpace objects, 0(0B) LOS objects, 7% free, 185MB/201MB, paused 1.985ms total 72.981ms
08-06 03:05:53.430 11170 11183 I art     : Starting a blocking GC Explicit
08-06 03:05:53.506 11170 11183 I art     : Explicit concurrent mark sweep GC freed 147(2496B) AllocSpace objects, 0(0B) LOS objects, 7% free, 185MB/201MB, paused 2.248ms total 74.970ms
08-06 03:05:53.533 11170 11183 I art     : Starting a blocking GC Explicit
08-06 03:05:53.593  6516  6516 I ServiceManager: Waiting for service AtCmdFwd...
08-06 03:05:53.611 11170 11183 I art     : Explicit concurrent mark sweep GC freed 171(2896B) AllocSpace objects, 0(0B) LOS objects, 7% free, 185MB/201MB, paused 2.338ms total 76.787ms
08-06 03:05:53.638 11170 11183 I art     : Starting a blocking GC Explicit
08-06 03:05:53.715 11170 11183 I art     : Explicit concurrent mark sweep GC freed 146(2464B) AllocSpace objects, 0(0B) LOS objects, 7% free, 185MB/201MB, paused 2.025ms total 76.770ms
08-06 03:05:54.178 11170 11181 I art     : Starting a blocking GC Explicit
08-06 03:05:54.243   518   646 I ThermalEngine: ACTION: GPU - Setting GPU[0] to 450000000
08-06 03:05:54.253 11170 11181 I art     : Explicit concurrent mark sweep GC freed 2393(105KB) AllocSpace objects, 2(48KB) LOS objects, 7% free, 185MB/201MB, paused 1.100ms total 74.689ms
08-06 03:05:54.273 11170 11181 I art     : Starting a blocking GC Explicit
08-06 03:05:54.335 11170 11181 I art     : Explicit concurrent mark sweep GC freed 148(3024B) AllocSpace objects, 0(0B) LOS objects, 7% free, 185MB/201MB, paused 1.467ms total 61.235ms
08-06 03:05:54.355 11170 11181 I art     : Starting a blocking GC Explicit
08-06 03:05:54.424 11170 11181 I art     : Explicit concurrent mark sweep GC freed 122(2064B) AllocSpace objects, 0(0B) LOS objects, 7% free, 185MB/201MB, paused 1.352ms total 68.247ms
08-06 03:05:54.448 11170 11181 I art     : Starting a blocking GC Explicit
08-06 03:05:54.513 11170 11181 I art     : Explicit concurrent mark sweep GC freed 147(2496B) AllocSpace objects, 0(0B) LOS objects, 7% free, 185MB/201MB, paused 1.380ms total 64.912ms
08-06 03:05:54.533 11170 11181 I art     : Starting a blocking GC Explicit
08-06 03:05:54.593  6516  6516 I ServiceManager: Waiting for service AtCmdFwd...
08-06 03:05:54.598 11170 11181 I art     : Explicit concurrent mark sweep GC freed 124(2128B) AllocSpace objects, 0(0B) LOS objects, 7% free, 185MB/201MB, paused 1.486ms total 64.747ms
08-06 03:05:54.640   918  3261 D WifiStateMachine: starting scan for "H369AA63323"WPA_PSK with 2412,5180
08-06 03:05:55.030 11170 11230 I art     : Starting a blocking GC Explicit
08-06 03:05:55.100 11170 11230 I art     : Explicit concurrent mark sweep GC freed 2353(105KB) AllocSpace objects, 2(48KB) LOS objects, 7% free, 185MB/201MB, paused 1.653ms total 68.964ms
08-06 03:05:55.122 11170 11230 I art     : Starting a blocking GC Explicit
08-06 03:05:55.185 11170 11230 I art     : Explicit concurrent mark sweep GC freed 160(3KB) AllocSpace objects, 0(0B) LOS objects, 7% free, 185MB/201MB, paused 1.264ms total 62.877ms
08-06 03:05:55.205 11170 11230 I art     : Starting a blocking GC Explicit
08-06 03:05:55.267 11170 11230 I art     : Explicit concurrent mark sweep GC freed 123(2096B) AllocSpace objects, 0(0B) LOS objects, 7% free, 185MB/201MB, paused 1.336ms total 62.594ms
08-06 03:05:55.287 11170 11230 I art     : Starting a blocking GC Explicit
08-06 03:05:55.345 11170 11230 I art     : Explicit concurrent mark sweep GC freed 122(2064B) AllocSpace objects, 0(0B) LOS objects, 7% free, 185MB/201MB, paused 1.398ms total 58.322ms
08-06 03:05:55.365 11170 11230 I art     : Starting a blocking GC Explicit
08-06 03:05:55.423 11170 11230 I art     : Explicit concurrent mark sweep GC freed 100(1728B) AllocSpace objects, 0(0B) LOS objects, 7% free, 185MB/201MB, paused 1.330ms total 58.086ms
08-06 03:05:55.594  6516  6516 W Atfwd_Sendcmd: AtCmdFwd service not published, waiting... retryCnt : 1
08-06 03:05:55.803 13792 13792 D AndroidRuntime: >>>>>> START com.android.internal.os.RuntimeInit uid 2000 <<<<<<
08-06 03:05:55.809 13792 13792 D AndroidRuntime: CheckJNI is OFF
08-06 03:05:55.845 11170 11895 I art     : Starting a blocking GC Explicit
08-06 03:05:55.854 13792 13792 D ICU     : No timezone override file found: /data/misc/zoneinfo/current/icu/icu_tzdata.dat
08-06 03:05:55.900 13792 13792 I Radio-JNI: register_android_hardware_Radio DONE
08-06 03:05:55.911 11170 11895 I art     : Explicit concurrent mark sweep GC freed 2334(105KB) AllocSpace objects, 2(48KB) LOS objects, 7% free, 185MB/201MB, paused 1.684ms total 65.163ms
08-06 03:05:55.930 13792 13792 D AndroidRuntime: Calling main entry com.android.commands.input.Input
08-06 03:05:55.931 11170 11895 I art     : Starting a blocking GC Explicit
08-06 03:05:55.932 13792 13792 I Input   : injectKeyEvent: KeyEvent { action=ACTION_DOWN, keyCode=KEYCODE_BACK, scanCode=0, metaState=0, flags=0x0, repeatCount=0, eventTime=846372345, downTime=846372345, deviceId=-1, source=0x101 }
08-06 03:05:55.939 13792 13792 I Input   : injectKeyEvent: KeyEvent { action=ACTION_UP, keyCode=KEYCODE_BACK, scanCode=0, metaState=0, flags=0x0, repeatCount=0, eventTime=846372345, downTime=846372345, deviceId=-1, source=0x101 }
08-06 03:05:55.948 13792 13792 D AndroidRuntime: Shutting down VM
08-06 03:05:55.958 11170 11170 V MainActivity: url = https://project-travel-mate.herokuapp.com/api/number-of-unread-notifications
08-06 03:05:55.989 11170 11895 I art     : Explicit concurrent mark sweep GC freed 462(16KB) AllocSpace objects, 0(0B) LOS objects, 7% free, 185MB/201MB, paused 1.528ms total 57.632ms
08-06 03:05:55.993 13866 13866 I GoogleInputMethodServic: GoogleInputMethodService.onFinishInput():3138 
08-06 03:05:55.993 13866 13866 I GoogleInputMethodServic: GoogleInputMethodService.onStartInput():1808 
08-06 03:05:56.009 11170 11895 I art     : Starting a blocking GC Explicit
08-06 03:05:56.064 11170 11895 I art     : Explicit concurrent mark sweep GC freed 216(8KB) AllocSpace objects, 0(0B) LOS objects, 7% free, 185MB/201MB, paused 1.350ms total 54.468ms
08-06 03:05:56.084 11170 11895 I art     : Starting a blocking GC Explicit
08-06 03:05:56.140 11170 11895 I art     : Explicit concurrent mark sweep GC freed 121(3KB) AllocSpace objects, 0(0B) LOS objects, 7% free, 185MB/201MB, paused 1.417ms total 56.344ms
08-06 03:05:56.160 11170 11895 I art     : Starting a blocking GC Explicit
08-06 03:05:56.220 11170 11895 I art     : Explicit concurrent mark sweep GC freed 144(3KB) AllocSpace objects, 0(0B) LOS objects, 7% free, 185MB/201MB, paused 1.516ms total 59.362ms
08-06 03:05:56.324   380   380 W SurfaceFlinger: couldn't log to binary event log: overflow.
08-06 03:05:56.607 11170 11895 I art     : Starting a blocking GC Explicit
08-06 03:05:56.693 11170 11895 I art     : Explicit concurrent mark sweep GC freed 4343(227KB) AllocSpace objects, 5(248KB) LOS objects, 7% free, 185MB/201MB, paused 2.206ms total 86.242ms
08-06 03:05:56.713 11170 11895 I art     : Starting a blocking GC Explicit
08-06 03:05:56.719 11170 13816 I NAPPA_EXPERIMENTATION: MetricNetworkRequestExecutionTime: REQUEST_DURATION_SYSTEM='760',REQUEST_DURATION_OKHTTP='35',REQUEST_SYNCHRONOUS='FALSE',RESPONSE_CODE='200',RESPONSE_METHOD='GET',RESPONSE_LENGTH_OKHTTP='36',RESPONSE_LENGTH_HEADER='36',REQUEST_PROTOCOL='http/1.1',REQUEST_URL='https://project-travel-mate.herokuapp.com/api/number-of-unread-notifications',
08-06 03:05:56.770 11170 11895 I art     : Explicit concurrent mark sweep GC freed 7708(488KB) AllocSpace objects, 13(264KB) LOS objects, 7% free, 185MB/201MB, paused 1.499ms total 56.440ms
08-06 03:05:56.789 11170 11895 I art     : Starting a blocking GC Explicit
08-06 03:05:56.850 11170 11895 I art     : Explicit concurrent mark sweep GC freed 131(4KB) AllocSpace objects, 0(0B) LOS objects, 7% free, 185MB/201MB, paused 1.447ms total 60.302ms
08-06 03:05:56.869 11170 11895 I art     : Starting a blocking GC Explicit
08-06 03:05:56.930 11170 11895 I art     : Explicit concurrent mark sweep GC freed 4(128B) AllocSpace objects, 0(0B) LOS objects, 7% free, 185MB/201MB, paused 1.460ms total 60.227ms
08-06 03:05:56.950 11170 11895 I art     : Starting a blocking GC Explicit
08-06 03:05:57.013 11170 11895 I art     : Explicit concurrent mark sweep GC freed 3(96B) AllocSpace objects, 0(0B) LOS objects, 7% free, 185MB/201MB, paused 1.478ms total 63.311ms
08-06 03:05:57.430 11170 11181 I art     : Starting a blocking GC Explicit
08-06 03:05:57.495 11170 11181 I art     : Explicit concurrent mark sweep GC freed 1599(92KB) AllocSpace objects, 2(48KB) LOS objects, 7% free, 185MB/201MB, paused 1.352ms total 65.224ms
08-06 03:05:57.515 11170 11181 I art     : Starting a blocking GC Explicit
08-06 03:05:57.573 11170 11181 I art     : Explicit concurrent mark sweep GC freed 42(1456B) AllocSpace objects, 0(0B) LOS objects, 7% free, 185MB/201MB, paused 1.392ms total 57.998ms
08-06 03:05:57.593 11170 11181 I art     : Starting a blocking GC Explicit
08-06 03:05:57.646 11170 11181 I art     : Explicit concurrent mark sweep GC freed 7(224B) AllocSpace objects, 0(0B) LOS objects, 7% free, 185MB/201MB, paused 1.280ms total 52.823ms
08-06 03:05:57.667 11170 11181 I art     : Starting a blocking GC Explicit
08-06 03:05:57.720 11170 11181 I art     : Explicit concurrent mark sweep GC freed 7(224B) AllocSpace objects, 0(0B) LOS objects, 7% free, 185MB/201MB, paused 1.327ms total 52.046ms
08-06 03:05:57.742 11170 11181 I art     : Starting a blocking GC Explicit
08-06 03:05:57.757 13830 13830 D AndroidRuntime: >>>>>> START com.android.internal.os.RuntimeInit uid 2000 <<<<<<
08-06 03:05:57.763 13830 13830 D AndroidRuntime: CheckJNI is OFF
08-06 03:05:57.797 11170 11181 I art     : Explicit concurrent mark sweep GC freed 7(224B) AllocSpace objects, 0(0B) LOS objects, 7% free, 185MB/201MB, paused 1.348ms total 54.628ms
08-06 03:05:57.802 13830 13830 D ICU     : No timezone override file found: /data/misc/zoneinfo/current/icu/icu_tzdata.dat
08-06 03:05:57.843 13830 13830 I Radio-JNI: register_android_hardware_Radio DONE
08-06 03:05:57.872 13830 13830 D AndroidRuntime: Calling main entry com.android.commands.input.Input
08-06 03:05:57.876 13830 13830 I Input   : injectMotionEvent: MotionEvent { action=ACTION_DOWN, actionButton=0, id[0]=0, x[0]=657.0, y[0]=2080.0, toolType[0]=TOOL_TYPE_UNKNOWN, buttonState=0, metaState=0, flags=0x0, edgeFlags=0x0, pointerCount=1, historySize=0, eventTime=846374289, downTime=846374289, deviceId=0, source=0x1002 }
08-06 03:05:57.895 13830 13830 I Input   : injectMotionEvent: MotionEvent { action=ACTION_UP, actionButton=0, id[0]=0, x[0]=657.0, y[0]=2080.0, toolType[0]=TOOL_TYPE_UNKNOWN, buttonState=0, metaState=0, flags=0x0, edgeFlags=0x0, pointerCount=1, historySize=0, eventTime=846374289, downTime=846374289, deviceId=0, source=0x1002 }
08-06 03:05:57.897 13830 13830 D AndroidRuntime: Shutting down VM
08-06 03:05:57.898   918   928 I ActivityManager: START u0 {cmp=baseline.io.github.project_travel_mate/.utilities.UpcomingWeekendsActivity} from uid 10696 on display 0
08-06 03:05:57.899   512  2967 D audio_hw_primary: out_set_parameters: enter: usecase(1: low-latency-playback) kvpairs: routing=2
08-06 03:05:57.912   512  2967 D audio_hw_primary: select_devices: out_snd_device(2: speaker) in_snd_device(0: none)
08-06 03:05:57.912   512  2967 D msm8974_platform: platform_send_audio_calibration: sending audio calibration for snd_device(2) acdb_id(15)
08-06 03:05:57.912   512  2967 I soundtrigger: audio_extn_sound_trigger_update_device_status: device 0x2 of type 0 for Event 1
08-06 03:05:57.921   512  2967 D audio_hw_primary: enable_snd_device: snd_device(2: speaker)
08-06 03:05:57.923 11170 11250 D Gabe    : call	returning from cache
08-06 03:05:57.923   512  2967 D audio_hw_primary: enable_audio_route: apply and update mixer path: low-latency-playback speaker
08-06 03:05:57.925 11170 11170 V EXECUTING: https://project-travel-mate.herokuapp.com/api/get-upcoming-holidays/2020
08-06 03:05:57.928 11170 11170 V EXECUTING: https://project-travel-mate.herokuapp.com/api/get-upcoming-holidays/2020
08-06 03:05:58.004 13866 13866 I GoogleInputMethodServic: GoogleInputMethodService.onFinishInput():3138 
08-06 03:05:58.005 13866 13866 I GoogleInputMethodServic: GoogleInputMethodService.onStartInput():1808 
08-06 03:05:58.101   918   936 I ActivityManager: Displayed baseline.io.github.project_travel_mate/.utilities.UpcomingWeekendsActivity: +196ms
08-06 03:05:58.179 11170 11181 I art     : Starting a blocking GC Explicit
08-06 03:05:58.238 11170 11181 I art     : Explicit concurrent mark sweep GC freed 3464(193KB) AllocSpace objects, 2(48KB) LOS objects, 7% free, 189MB/205MB, paused 1.722ms total 58.269ms
08-06 03:05:58.259 11170 11181 I art     : Starting a blocking GC Explicit
08-06 03:05:58.312 11170 11181 I art     : Explicit concurrent mark sweep GC freed 395(15KB) AllocSpace objects, 0(0B) LOS objects, 7% free, 189MB/205MB, paused 1.417ms total 52.974ms
08-06 03:05:58.332 11170 11181 I art     : Starting a blocking GC Explicit
08-06 03:05:58.360   380   380 W SurfaceFlinger: couldn't log to binary event log: overflow.
08-06 03:05:58.387 11170 11181 I art     : Explicit concurrent mark sweep GC freed 100(1728B) AllocSpace objects, 0(0B) LOS objects, 7% free, 189MB/205MB, paused 1.389ms total 54.640ms
08-06 03:05:58.406 11170 11181 I art     : Starting a blocking GC Explicit
08-06 03:05:58.458   512  2967 D audio_hw_primary: disable_audio_route: reset and update mixer path: low-latency-playback speaker
08-06 03:05:58.459   512  2967 D audio_hw_primary: disable_snd_device: snd_device(2: speaker)
08-06 03:05:58.463 11170 11181 I art     : Explicit concurrent mark sweep GC freed 112(1904B) AllocSpace objects, 0(0B) LOS objects, 7% free, 189MB/205MB, paused 1.564ms total 56.207ms
08-06 03:05:58.468   512  2967 I soundtrigger: audio_extn_sound_trigger_update_device_status: device 0x2 of type 0 for Event 0
08-06 03:05:58.482 11170 11181 I art     : Starting a blocking GC Explicit
08-06 03:05:58.540 11170 11181 I art     : Explicit concurrent mark sweep GC freed 114(1920B) AllocSpace objects, 0(0B) LOS objects, 7% free, 189MB/205MB, paused 1.820ms total 57.817ms
08-06 03:05:58.659 11170 13852 I NAPPA_EXPERIMENTATION: MetricNetworkRequestExecutionTime: REQUEST_DURATION_SYSTEM='733',REQUEST_DURATION_OKHTTP='37',REQUEST_SYNCHRONOUS='FALSE',RESPONSE_CODE='200',RESPONSE_METHOD='GET',RESPONSE_LENGTH_OKHTTP='6426',RESPONSE_LENGTH_HEADER='6426',REQUEST_PROTOCOL='http/1.1',REQUEST_URL='https://project-travel-mate.herokuapp.com/api/get-upcoming-holidays/2020',
08-06 03:05:58.687 11170 13853 I NAPPA_EXPERIMENTATION: MetricNetworkRequestExecutionTime: REQUEST_DURATION_SYSTEM='757',REQUEST_DURATION_OKHTTP='56',REQUEST_SYNCHRONOUS='FALSE',RESPONSE_CODE='200',RESPONSE_METHOD='GET',RESPONSE_LENGTH_OKHTTP='6426',RESPONSE_LENGTH_HEADER='6426',REQUEST_PROTOCOL='http/1.1',REQUEST_URL='https://project-travel-mate.herokuapp.com/api/get-upcoming-holidays/2020',
08-06 03:05:58.731 11170 11170 V Response: [{"month":"January","date":1,"day":"Wednesday","name":"New Year's Day","type":"Restricted"},{"month":"January","date":2,"day":"Thursday","name":"Guru Govind Singh Jayanti","type":"Restricted"},{"month":"January","date":14,"day":"Tuesday","name":"Lohri","type":"Restricted"},{"month":"January","date":15,"day":"Wednesday","name":"Pongal","type":"Restricted"},{"month":"January","date":15,"day":"Wednesday","name":"Makar Sankranti","type":"Restricted"},{"month":"January","date":25,"day":"Saturday","name":"Chinese New Year","type":"Observance"},{"month":"January","date":26,"day":"Sunday","name":"Republic Day","type":"Gazetted"},{"month":"January","date":30,"day":"Thursday","name":"Vasant Panchami","type":"Restricted"},{"month":"February","date":9,"day":"Sunday","name":"Guru Ravidas Jayanti","type":"Restricted"},{"month":"February","date":14,"day":"Friday","name":"Valentine's Day","type":"Observance"},{"month":"February","date":18,"day":"Tuesday","name":"Maharishi Dayanand Saraswati Jayanti","type":"Restricted"},{"month":"February","date":19,"day":"Wednesday","name":"Shivaji Jayanti","type":"Restricted"},{"month":"February","date":21,"day":"Friday","name":"Maha Shivaratri/Shivaratri","type":"Gazetted"},{"month":"March","date":9,"day":"Monday","name":"Holika Dahana","type":"Restricted"},{"month":"March","date":9,"day":"Monday","name":"Hazarat Ali's Birthday","type":"Restricted"},{"month":"March","date":10,"day":"Tuesday","name":"Holi","type":"Gazetted"},{"month":"March","date":20,"day":"Friday","name":"March Equinox","type":"Season"},{"month":"March","date":25,"day":"Wednesday","name":"Chaitra Sukhladi","type":"Restricted"},{"month":"April","date":2,"day":"Thursday","name":"Rama Navami","type":"Gazetted"},{"month":"April","date":6,"day":"Monday","name":"Mahavir Jayanti","type":"Gazetted"},{"month":"April","date":9,"day":"Thursday","name":"First day of Passover","type":"Observance"},{"month":"April","date":9,"day":"Thursday","name":"Maundy Thursday","type":"Observance,"},{"month":"April","date":10,"day":"Friday","name":"Good Friday","type":"Gazetted"},{"month":"April","date":12,"day":"Sunday","name":"Easter Day","type":"Restricted"},{"month":"April","date":13,"day":"Monday","name":"Vaisakhi","type":"Restricted"},{"month":"April","date":14,"day":"Tuesday","name":"Mesadi/Vaisakhadi","type":"Restricted"},{"month":"April","date":14,"day":"Tuesday","name":"Ambedkar Jayanti","type":"Central"},{"month":"May","date":1,"day":"Friday","name":"May Day","type":"Observance"},{"month":"May","date":7,"day":"Thursday","name":"Buddha Purnima/Vesak","type":"Gazetted"},{"month":"May","date":7,"day":"Thursday","name":"Birthday of Ravindranath","type":"Restricted"},{"month":"May","date":10,"day":"Sunday","name":"Mother's Day","type":"Observance"},{"month":"May","date":22,"day":"Friday","name":"Jamat Ul-Vida","type":"Restricted"},{"month":"May","date":25,"day":"Monday","name":"Ramzan Id/Eid-ul-Fitar","type":"Gazetted"},{"month":"May","date":25,"day":"Monday","name":"Ramzan Id/Eid-ul-Fitar","type":"Muslim,"},{"month":"June","date":21,"day":"Sunday","name":"June Solstice","type":"Season"},{"month":"June","date":21,"day":"Sunday","name":"Father's Day","type":"Observance"},{"month":"June","date":23,"day":"Tuesday","name":"Rath Yatra","type":"Restricted"},{"month":"July","date":5,"day":"Sunday","name":"Guru Purnima","type":"Observance"},{"month":"July","date":31,"day":"Friday","name":"Bakr Id/Eid ul-Adha","type":"Gazetted"},{"month":"August","date":2,"day":"Sunday","name":"Friendship Day","type":"Observance"},{"month":"August","date":3,"day":"Monday","name":"Raksha Bandhan (Rakhi)","type":"Restricted"},{"month":"August","date":11,"day":"Tuesday","name":"Janmashtami (Smarta)","type":"Restricted"},{"month":"August","date":12,"day":"Wednesday","name":"Janmashtami","type":"Gazetted"},{"month":"August","date":15,"day":"Saturday","name":"Independence Day","type":"Gazetted"},{"month":"August","date":16,"day":"Sunday","name":"Parsi New Year","type":"Restricted"},{"month":"August","date":22,"day":"Saturday","name":"Ganesh Chaturthi/Vin
08-06 03:05:58.735 11170 11170 V Response: [{"month":"January","date":1,"day":"Wednesday","name":"New Year's Day","type":"Restricted"},{"month":"January","date":2,"day":"Thursday","name":"Guru Govind Singh Jayanti","type":"Restricted"},{"month":"January","date":14,"day":"Tuesday","name":"Lohri","type":"Restricted"},{"month":"January","date":15,"day":"Wednesday","name":"Pongal","type":"Restricted"},{"month":"January","date":15,"day":"Wednesday","name":"Makar Sankranti","type":"Restricted"},{"month":"January","date":25,"day":"Saturday","name":"Chinese New Year","type":"Observance"},{"month":"January","date":26,"day":"Sunday","name":"Republic Day","type":"Gazetted"},{"month":"January","date":30,"day":"Thursday","name":"Vasant Panchami","type":"Restricted"},{"month":"February","date":9,"day":"Sunday","name":"Guru Ravidas Jayanti","type":"Restricted"},{"month":"February","date":14,"day":"Friday","name":"Valentine's Day","type":"Observance"},{"month":"February","date":18,"day":"Tuesday","name":"Maharishi Dayanand Saraswati Jayanti","type":"Restricted"},{"month":"February","date":19,"day":"Wednesday","name":"Shivaji Jayanti","type":"Restricted"},{"month":"February","date":21,"day":"Friday","name":"Maha Shivaratri/Shivaratri","type":"Gazetted"},{"month":"March","date":9,"day":"Monday","name":"Holika Dahana","type":"Restricted"},{"month":"March","date":9,"day":"Monday","name":"Hazarat Ali's Birthday","type":"Restricted"},{"month":"March","date":10,"day":"Tuesday","name":"Holi","type":"Gazetted"},{"month":"March","date":20,"day":"Friday","name":"March Equinox","type":"Season"},{"month":"March","date":25,"day":"Wednesday","name":"Chaitra Sukhladi","type":"Restricted"},{"month":"April","date":2,"day":"Thursday","name":"Rama Navami","type":"Gazetted"},{"month":"April","date":6,"day":"Monday","name":"Mahavir Jayanti","type":"Gazetted"},{"month":"April","date":9,"day":"Thursday","name":"First day of Passover","type":"Observance"},{"month":"April","date":9,"day":"Thursday","name":"Maundy Thursday","type":"Observance,"},{"month":"April","date":10,"day":"Friday","name":"Good Friday","type":"Gazetted"},{"month":"April","date":12,"day":"Sunday","name":"Easter Day","type":"Restricted"},{"month":"April","date":13,"day":"Monday","name":"Vaisakhi","type":"Restricted"},{"month":"April","date":14,"day":"Tuesday","name":"Mesadi/Vaisakhadi","type":"Restricted"},{"month":"April","date":14,"day":"Tuesday","name":"Ambedkar Jayanti","type":"Central"},{"month":"May","date":1,"day":"Friday","name":"May Day","type":"Observance"},{"month":"May","date":7,"day":"Thursday","name":"Buddha Purnima/Vesak","type":"Gazetted"},{"month":"May","date":7,"day":"Thursday","name":"Birthday of Ravindranath","type":"Restricted"},{"month":"May","date":10,"day":"Sunday","name":"Mother's Day","type":"Observance"},{"month":"May","date":22,"day":"Friday","name":"Jamat Ul-Vida","type":"Restricted"},{"month":"May","date":25,"day":"Monday","name":"Ramzan Id/Eid-ul-Fitar","type":"Gazetted"},{"month":"May","date":25,"day":"Monday","name":"Ramzan Id/Eid-ul-Fitar","type":"Muslim,"},{"month":"June","date":21,"day":"Sunday","name":"June Solstice","type":"Season"},{"month":"June","date":21,"day":"Sunday","name":"Father's Day","type":"Observance"},{"month":"June","date":23,"day":"Tuesday","name":"Rath Yatra","type":"Restricted"},{"month":"July","date":5,"day":"Sunday","name":"Guru Purnima","type":"Observance"},{"month":"July","date":31,"day":"Friday","name":"Bakr Id/Eid ul-Adha","type":"Gazetted"},{"month":"August","date":2,"day":"Sunday","name":"Friendship Day","type":"Observance"},{"month":"August","date":3,"day":"Monday","name":"Raksha Bandhan (Rakhi)","type":"Restricted"},{"month":"August","date":11,"day":"Tuesday","name":"Janmashtami (Smarta)","type":"Restricted"},{"month":"August","date":12,"day":"Wednesday","name":"Janmashtami","type":"Gazetted"},{"month":"August","date":15,"day":"Saturday","name":"Independence Day","type":"Gazetted"},{"month":"August","date":16,"day":"Sunday","name":"Parsi New Year","type":"Restricted"},{"month":"August","date":22,"day":"Saturday","name":"Ganesh Chaturthi/Vin
08-06 03:05:58.923 11170 11181 I art     : Starting a blocking GC Explicit
08-06 03:05:58.994 11170 11181 I art     : Explicit concurrent mark sweep GC freed 16775(724KB) AllocSpace objects, 12(4MB) LOS objects, 7% free, 186MB/202MB, paused 1.555ms total 70.133ms
08-06 03:05:59.014 11170 11181 I art     : Starting a blocking GC Explicit
08-06 03:05:59.079 11170 11181 I art     : Explicit concurrent mark sweep GC freed 2296(246KB) AllocSpace objects, 0(0B) LOS objects, 7% free, 186MB/202MB, paused 1.533ms total 64.737ms
08-06 03:05:59.099 11170 11181 I art     : Starting a blocking GC Explicit
08-06 03:05:59.164 11170 11181 I art     : Explicit concurrent mark sweep GC freed 147(2496B) AllocSpace objects, 0(0B) LOS objects, 7% free, 186MB/202MB, paused 1.650ms total 64.355ms
08-06 03:05:59.184 11170 11181 I art     : Starting a blocking GC Explicit
08-06 03:05:59.249 11170 11181 I art     : Explicit concurrent mark sweep GC freed 123(2096B) AllocSpace objects, 0(0B) LOS objects, 7% free, 186MB/202MB, paused 1.575ms total 64.537ms
08-06 03:05:59.269 11170 11181 I art     : Starting a blocking GC Explicit
08-06 03:05:59.335 11170 11181 I art     : Explicit concurrent mark sweep GC freed 123(2096B) AllocSpace objects, 0(0B) LOS objects, 7% free, 186MB/202MB, paused 1.415ms total 65.112ms
08-06 03:05:59.739 11170 11230 I art     : Starting a blocking GC Explicit
08-06 03:05:59.812 11170 11230 I art     : Explicit concurrent mark sweep GC freed 2258(103KB) AllocSpace objects, 2(48KB) LOS objects, 7% free, 186MB/202MB, paused 1.525ms total 72.488ms
08-06 03:05:59.834 11170 11230 I art     : Starting a blocking GC Explicit
08-06 03:05:59.902 11170 11230 I art     : Explicit concurrent mark sweep GC freed 209(4KB) AllocSpace objects, 0(0B) LOS objects, 7% free, 186MB/202MB, paused 1.476ms total 67.199ms
08-06 03:05:59.922 11170 11230 I art     : Starting a blocking GC Explicit
08-06 03:05:59.989 11170 11230 I art     : Explicit concurrent mark sweep GC freed 123(2096B) AllocSpace objects, 0(0B) LOS objects, 7% free, 186MB/202MB, paused 1.695ms total 66.555ms
08-06 03:06:00.010 11170 11230 I art     : Starting a blocking GC Explicit
08-06 03:06:00.067 11170 11230 I art     : Explicit concurrent mark sweep GC freed 122(2064B) AllocSpace objects, 0(0B) LOS objects, 7% free, 186MB/202MB, paused 1.347ms total 56.993ms
08-06 03:06:00.087 11170 11230 I art     : Starting a blocking GC Explicit
08-06 03:06:00.154 11170 11230 I art     : Explicit concurrent mark sweep GC freed 124(2128B) AllocSpace objects, 0(0B) LOS objects, 7% free, 186MB/202MB, paused 1.486ms total 66.467ms
08-06 03:06:00.261   518   646 I ThermalEngine: ACTION: GPU - Setting GPU[0] to 390000000
08-06 03:06:00.594  6516  6516 I ServiceManager: Waiting for service AtCmdFwd...
08-06 03:06:00.627 11170 11183 I art     : Starting a blocking GC Explicit
08-06 03:06:00.707 11170 11183 I art     : Explicit concurrent mark sweep GC freed 2378(105KB) AllocSpace objects, 2(48KB) LOS objects, 7% free, 186MB/202MB, paused 2.151ms total 79.977ms
08-06 03:06:00.735 11170 11183 I art     : Starting a blocking GC Explicit
08-06 03:06:00.813 11170 11183 I art     : Explicit concurrent mark sweep GC freed 172(3KB) AllocSpace objects, 0(0B) LOS objects, 7% free, 186MB/202MB, paused 2.342ms total 77.361ms
08-06 03:06:00.841 11170 11183 I art     : Starting a blocking GC Explicit
08-06 03:06:00.922 11170 11183 I art     : Explicit concurrent mark sweep GC freed 208(3KB) AllocSpace objects, 0(0B) LOS objects, 7% free, 186MB/202MB, paused 2.425ms total 80.050ms
08-06 03:06:00.951 11170 11183 I art     : Starting a blocking GC Explicit
08-06 03:06:01.028 11170 11183 I art     : Explicit concurrent mark sweep GC freed 147(2496B) AllocSpace objects, 0(0B) LOS objects, 7% free, 186MB/202MB, paused 2.283ms total 76.878ms
08-06 03:06:01.057 11170 11183 I art     : Starting a blocking GC Explicit
08-06 03:06:01.135 11170 11183 I art     : Explicit concurrent mark sweep GC freed 184(3KB) AllocSpace objects, 0(0B) LOS objects, 7% free, 186MB/202MB, paused 2.327ms total 77.198ms
08-06 03:06:01.257   518   646 I ThermalEngine: ACTION: GPU - Setting GPU[0] to 450000000
08-06 03:06:01.550 11170 11556 I art     : Starting a blocking GC Explicit
08-06 03:06:01.595  6516  6516 I ServiceManager: Waiting for service AtCmdFwd...
08-06 03:06:01.620 11170 11556 I art     : Explicit concurrent mark sweep GC freed 2291(103KB) AllocSpace objects, 2(48KB) LOS objects, 7% free, 186MB/202MB, paused 1.478ms total 69.510ms
08-06 03:06:01.640 11170 11556 I art     : Starting a blocking GC Explicit
08-06 03:06:01.709 11170 11556 I art     : Explicit concurrent mark sweep GC freed 149(3056B) AllocSpace objects, 0(0B) LOS objects, 7% free, 186MB/202MB, paused 1.592ms total 68.754ms
08-06 03:06:01.730 11170 11556 I art     : Starting a blocking GC Explicit
08-06 03:06:01.799 11170 11556 I art     : Explicit concurrent mark sweep GC freed 134(2720B) AllocSpace objects, 0(0B) LOS objects, 7% free, 186MB/202MB, paused 1.601ms total 69.147ms
08-06 03:06:01.820 11170 11556 I art     : Starting a blocking GC Explicit
08-06 03:06:01.890 11170 11556 I art     : Explicit concurrent mark sweep GC freed 194(3KB) AllocSpace objects, 0(0B) LOS objects, 7% free, 186MB/202MB, paused 1.671ms total 69.738ms
08-06 03:06:01.910 11170 11556 I art     : Starting a blocking GC Explicit
08-06 03:06:01.982 11170 11556 I art     : Explicit concurrent mark sweep GC freed 124(2128B) AllocSpace objects, 0(0B) LOS objects, 7% free, 186MB/202MB, paused 1.491ms total 71.160ms
08-06 03:06:02.402 11170 11895 I art     : Starting a blocking GC Explicit
08-06 03:06:02.470 11170 11895 I art     : Explicit concurrent mark sweep GC freed 2296(103KB) AllocSpace objects, 2(48KB) LOS objects, 7% free, 186MB/202MB, paused 1.779ms total 67.517ms
08-06 03:06:02.490 11170 11895 I art     : Starting a blocking GC Explicit
08-06 03:06:02.556 11170 11895 I art     : Explicit concurrent mark sweep GC freed 158(3KB) AllocSpace objects, 0(0B) LOS objects, 7% free, 186MB/202MB, paused 1.581ms total 65.777ms
08-06 03:06:02.557 11170 11180 I art     : WaitForGcToComplete blocked for 60.174ms for cause HeapTrim
08-06 03:06:02.577 11170 11895 I art     : Starting a blocking GC Explicit
08-06 03:06:02.596  6516  6516 I ServiceManager: Waiting for service AtCmdFwd...
08-06 03:06:02.642 11170 11895 I art     : Explicit concurrent mark sweep GC freed 123(2096B) AllocSpace objects, 0(0B) LOS objects, 7% free, 186MB/202MB, paused 1.528ms total 65.258ms
08-06 03:06:02.663 11170 11895 I art     : Starting a blocking GC Explicit
08-06 03:06:02.719 13924 13924 D AndroidRuntime: >>>>>> START com.android.internal.os.RuntimeInit uid 2000 <<<<<<
08-06 03:06:02.725 13924 13924 D AndroidRuntime: CheckJNI is OFF
08-06 03:06:02.729 11170 11895 I art     : Explicit concurrent mark sweep GC freed 123(2096B) AllocSpace objects, 0(0B) LOS objects, 7% free, 186MB/202MB, paused 1.738ms total 65.358ms
08-06 03:06:02.749 11170 11895 I art     : Starting a blocking GC Explicit
08-06 03:06:02.770 13924 13924 D ICU     : No timezone override file found: /data/misc/zoneinfo/current/icu/icu_tzdata.dat
08-06 03:06:02.814 11170 11895 I art     : Explicit concurrent mark sweep GC freed 122(2064B) AllocSpace objects, 0(0B) LOS objects, 7% free, 186MB/202MB, paused 1.609ms total 64.484ms
08-06 03:06:02.817 13924 13924 I Radio-JNI: register_android_hardware_Radio DONE
08-06 03:06:02.847 13924 13924 D AndroidRuntime: Calling main entry com.android.commands.input.Input
08-06 03:06:02.850 13924 13924 I Input   : injectKeyEvent: KeyEvent { action=ACTION_DOWN, keyCode=KEYCODE_BACK, scanCode=0, metaState=0, flags=0x0, repeatCount=0, eventTime=846379263, downTime=846379263, deviceId=-1, source=0x101 }
08-06 03:06:02.856 13924 13924 I Input   : injectKeyEvent: KeyEvent { action=ACTION_UP, keyCode=KEYCODE_BACK, scanCode=0, metaState=0, flags=0x0, repeatCount=0, eventTime=846379263, downTime=846379263, deviceId=-1, source=0x101 }
08-06 03:06:02.863 13924 13924 D AndroidRuntime: Shutting down VM
08-06 03:06:02.882 11170 11170 V MainActivity: url = https://project-travel-mate.herokuapp.com/api/number-of-unread-notifications
08-06 03:06:02.921 13866 13866 I GoogleInputMethodServic: GoogleInputMethodService.onFinishInput():3138 
08-06 03:06:02.922 13866 13866 I GoogleInputMethodServic: GoogleInputMethodService.onStartInput():1808 
08-06 03:06:03.204 11170 11181 I art     : Starting a blocking GC Explicit
08-06 03:06:03.248   380   380 W SurfaceFlinger: couldn't log to binary event log: overflow.
08-06 03:06:03.272 11170 11181 I art     : Explicit concurrent mark sweep GC freed 2685(126KB) AllocSpace objects, 2(48KB) LOS objects, 7% free, 186MB/202MB, paused 1.336ms total 67.635ms
08-06 03:06:03.290 11170 11181 I art     : Starting a blocking GC Explicit
08-06 03:06:03.349 11170 11181 I art     : Explicit concurrent mark sweep GC freed 119(4KB) AllocSpace objects, 1(188KB) LOS objects, 7% free, 186MB/202MB, paused 1.467ms total 58.474ms
08-06 03:06:03.369 11170 11181 I art     : Starting a blocking GC Explicit
08-06 03:06:03.420 11170 11181 I art     : Explicit concurrent mark sweep GC freed 6619(359KB) AllocSpace objects, 13(264KB) LOS objects, 7% free, 185MB/201MB, paused 1.464ms total 51.616ms
08-06 03:06:03.440 11170 11181 I art     : Starting a blocking GC Explicit
08-06 03:06:03.500 11170 11181 I art     : Explicit concurrent mark sweep GC freed 11(464B) AllocSpace objects, 0(0B) LOS objects, 7% free, 185MB/201MB, paused 1.538ms total 59.365ms
08-06 03:06:03.519 11170 11181 I art     : Starting a blocking GC Explicit
08-06 03:06:03.582 11170 11181 I art     : Explicit concurrent mark sweep GC freed 3(96B) AllocSpace objects, 0(0B) LOS objects, 7% free, 185MB/201MB, paused 1.712ms total 62.138ms
08-06 03:06:03.597  6516  6516 I ServiceManager: Waiting for service AtCmdFwd...
08-06 03:06:03.779 11170 13948 I NAPPA_EXPERIMENTATION: MetricNetworkRequestExecutionTime: REQUEST_DURATION_SYSTEM='896',REQUEST_DURATION_OKHTTP='32',REQUEST_SYNCHRONOUS='FALSE',RESPONSE_CODE='200',RESPONSE_METHOD='GET',RESPONSE_LENGTH_OKHTTP='36',RESPONSE_LENGTH_HEADER='36',REQUEST_PROTOCOL='http/1.1',REQUEST_URL='https://project-travel-mate.herokuapp.com/api/number-of-unread-notifications',
08-06 03:06:04.009 11170 11230 I art     : Starting a blocking GC Explicit
08-06 03:06:04.092 11170 11230 I art     : Explicit concurrent mark sweep GC freed 4435(241KB) AllocSpace objects, 5(248KB) LOS objects, 7% free, 185MB/201MB, paused 1.681ms total 82.793ms
08-06 03:06:04.117 11170 11230 I art     : Starting a blocking GC Explicit
08-06 03:06:04.175 11170 11230 I art     : Explicit concurrent mark sweep GC freed 973(117KB) AllocSpace objects, 0(0B) LOS objects, 7% free, 185MB/201MB, paused 1.476ms total 57.326ms
08-06 03:06:04.194 11170 11230 I art     : Starting a blocking GC Explicit
08-06 03:06:04.253 11170 11230 I art     : Explicit concurrent mark sweep GC freed 3(96B) AllocSpace objects, 0(0B) LOS objects, 7% free, 185MB/201MB, paused 1.443ms total 58.653ms
08-06 03:06:04.273 11170 11230 I art     : Starting a blocking GC Explicit
08-06 03:06:04.332 11170 11230 I art     : Explicit concurrent mark sweep GC freed 3(96B) AllocSpace objects, 0(0B) LOS objects, 7% free, 185MB/201MB, paused 1.539ms total 58.934ms
08-06 03:06:04.352 11170 11230 I art     : Starting a blocking GC Explicit
08-06 03:06:04.411 11170 11230 I art     : Explicit concurrent mark sweep GC freed 3(96B) AllocSpace objects, 0(0B) LOS objects, 7% free, 185MB/201MB, paused 1.553ms total 58.363ms
08-06 03:06:04.597  6516  6516 I ServiceManager: Waiting for service AtCmdFwd...
08-06 03:06:04.643 13975 13975 D AndroidRuntime: >>>>>> START com.android.internal.os.RuntimeInit uid 2000 <<<<<<
08-06 03:06:04.648 13975 13975 D AndroidRuntime: CheckJNI is OFF
08-06 03:06:04.689 13975 13975 D ICU     : No timezone override file found: /data/misc/zoneinfo/current/icu/icu_tzdata.dat
08-06 03:06:04.728 13975 13975 I Radio-JNI: register_android_hardware_Radio DONE
08-06 03:06:04.757 13975 13975 D AndroidRuntime: Calling main entry com.android.commands.input.Input
08-06 03:06:04.759 13975 13975 I Input   : injectMotionEvent: MotionEvent { action=ACTION_DOWN, actionButton=0, id[0]=0, x[0]=117.0, y[0]=170.0, toolType[0]=TOOL_TYPE_UNKNOWN, buttonState=0, metaState=0, flags=0x0, edgeFlags=0x0, pointerCount=1, historySize=0, eventTime=846381171, downTime=846381171, deviceId=0, source=0x1002 }
08-06 03:06:04.791 13975 13975 I Input   : injectMotionEvent: MotionEvent { action=ACTION_UP, actionButton=0, id[0]=0, x[0]=117.0, y[0]=170.0, toolType[0]=TOOL_TYPE_UNKNOWN, buttonState=0, metaState=0, flags=0x0, edgeFlags=0x0, pointerCount=1, historySize=0, eventTime=846381171, downTime=846381171, deviceId=0, source=0x1002 }
08-06 03:06:04.831 13975 13975 D AndroidRuntime: Shutting down VM
08-06 03:06:04.841   512  2967 D audio_hw_primary: out_set_parameters: enter: usecase(1: low-latency-playback) kvpairs: routing=2
08-06 03:06:04.842 11170 11181 I art     : Starting a blocking GC Explicit
08-06 03:06:04.854   512  2967 D audio_hw_primary: select_devices: out_snd_device(2: speaker) in_snd_device(0: none)
08-06 03:06:04.854   512  2967 D msm8974_platform: platform_send_audio_calibration: sending audio calibration for snd_device(2) acdb_id(15)
08-06 03:06:04.854   512  2967 I soundtrigger: audio_extn_sound_trigger_update_device_status: device 0x2 of type 0 for Event 1
08-06 03:06:04.864   512  2967 D audio_hw_primary: enable_snd_device: snd_device(2: speaker)
08-06 03:06:04.866   512  2967 D audio_hw_primary: enable_audio_route: apply and update mixer path: low-latency-playback speaker
08-06 03:06:04.894 11170 11181 I art     : Explicit concurrent mark sweep GC freed 1681(95KB) AllocSpace objects, 2(48KB) LOS objects, 7% free, 185MB/201MB, paused 1.590ms total 51.601ms
08-06 03:06:04.913 11170 11181 I art     : Starting a blocking GC Explicit
08-06 03:06:04.970 11170 11181 I art     : Explicit concurrent mark sweep GC freed 64(2592B) AllocSpace objects, 0(0B) LOS objects, 7% free, 185MB/201MB, paused 1.560ms total 57.520ms
08-06 03:06:04.989 11170 11181 I art     : Starting a blocking GC Explicit
08-06 03:06:05.044 11170 11181 I art     : Explicit concurrent mark sweep GC freed 388(19KB) AllocSpace objects, 0(0B) LOS objects, 7% free, 185MB/201MB, paused 1.635ms total 54.486ms
08-06 03:06:05.066 11170 11181 I art     : Starting a blocking GC Explicit
08-06 03:06:05.122 11170 11181 I art     : Explicit concurrent mark sweep GC freed 7(384B) AllocSpace objects, 0(0B) LOS objects, 7% free, 185MB/201MB, paused 1.637ms total 55.148ms
08-06 03:06:05.141 11170 11181 I art     : Starting a blocking GC Explicit
08-06 03:06:05.197 11170 11181 I art     : Explicit concurrent mark sweep GC freed 3(96B) AllocSpace objects, 0(0B) LOS objects, 7% free, 185MB/201MB, paused 1.401ms total 55.647ms
08-06 03:06:05.399   512  2967 D audio_hw_primary: disable_audio_route: reset and update mixer path: low-latency-playback speaker
08-06 03:06:05.401   512  2967 D audio_hw_primary: disable_snd_device: snd_device(2: speaker)
08-06 03:06:05.408   512  2967 I soundtrigger: audio_extn_sound_trigger_update_device_status: device 0x2 of type 0 for Event 0
08-06 03:06:05.572 13999 13999 D AndroidRuntime: >>>>>> START com.android.internal.os.RuntimeInit uid 2000 <<<<<<
08-06 03:06:05.578 13999 13999 D AndroidRuntime: CheckJNI is OFF
08-06 03:06:05.590 11170 11183 I art     : Starting a blocking GC Explicit
08-06 03:06:05.598  6516  6516 W Atfwd_Sendcmd: AtCmdFwd service not published, waiting... retryCnt : 2
08-06 03:06:05.622 13999 13999 D ICU     : No timezone override file found: /data/misc/zoneinfo/current/icu/icu_tzdata.dat
08-06 03:06:05.650 11170 11183 I art     : Explicit concurrent mark sweep GC freed 1591(92KB) AllocSpace objects, 2(48KB) LOS objects, 7% free, 185MB/201MB, paused 1.512ms total 59.283ms
08-06 03:06:05.665 13999 13999 I Radio-JNI: register_android_hardware_Radio DONE
08-06 03:06:05.670 11170 11183 I art     : Starting a blocking GC Explicit
08-06 03:06:05.693 13999 13999 D AndroidRuntime: Calling main entry com.android.commands.input.Input
08-06 03:06:05.696 13999 13999 I Input   : injectMotionEvent: MotionEvent { action=ACTION_DOWN, actionButton=0, id[0]=0, x[0]=405.0, y[0]=661.0, toolType[0]=TOOL_TYPE_UNKNOWN, buttonState=0, metaState=0, flags=0x0, edgeFlags=0x0, pointerCount=1, historySize=0, eventTime=846382108, downTime=846382108, deviceId=0, source=0x1002 }
08-06 03:06:05.700 13999 13999 I Input   : injectMotionEvent: MotionEvent { action=ACTION_UP, actionButton=0, id[0]=0, x[0]=405.0, y[0]=661.0, toolType[0]=TOOL_TYPE_UNKNOWN, buttonState=0, metaState=0, flags=0x0, edgeFlags=0x0, pointerCount=1, historySize=0, eventTime=846382108, downTime=846382108, deviceId=0, source=0x1002 }
08-06 03:06:05.705 13999 13999 D AndroidRuntime: Shutting down VM
08-06 03:06:05.726   512  2967 D audio_hw_primary: out_set_parameters: enter: usecase(1: low-latency-playback) kvpairs: routing=2
08-06 03:06:05.730 11170 11183 I art     : Explicit concurrent mark sweep GC freed 438(19KB) AllocSpace objects, 0(0B) LOS objects, 7% free, 185MB/201MB, paused 1.965ms total 59.737ms
08-06 03:06:05.739   512  2967 D audio_hw_primary: select_devices: out_snd_device(2: speaker) in_snd_device(0: none)
08-06 03:06:05.739   512  2967 D msm8974_platform: platform_send_audio_calibration: sending audio calibration for snd_device(2) acdb_id(15)
08-06 03:06:05.740   512  2967 I soundtrigger: audio_extn_sound_trigger_update_device_status: device 0x2 of type 0 for Event 1
08-06 03:06:05.748   512  2967 D audio_hw_primary: enable_snd_device: snd_device(2: speaker)
08-06 03:06:05.750 11170 11183 I art     : Starting a blocking GC Explicit
08-06 03:06:05.751   512  2967 D audio_hw_primary: enable_audio_route: apply and update mixer path: low-latency-playback speaker
08-06 03:06:05.791   512  2967 D AudioFlinger: mixer(0xf4740000) throttle end: throttle time(12)
08-06 03:06:05.804 11170 11183 I art     : Explicit concurrent mark sweep GC freed 1550(52KB) AllocSpace objects, 0(0B) LOS objects, 7% free, 185MB/201MB, paused 1.442ms total 54.042ms
08-06 03:06:05.825 11170 11183 I art     : Starting a blocking GC Explicit
08-06 03:06:05.884 11170 11183 I art     : Explicit concurrent mark sweep GC freed 912(51KB) AllocSpace objects, 0(0B) LOS objects, 7% free, 185MB/201MB, paused 1.575ms total 58.598ms
08-06 03:06:05.903 11170 11183 I art     : Starting a blocking GC Explicit
08-06 03:06:05.959 11170 11183 I art     : Explicit concurrent mark sweep GC freed 47(1248B) AllocSpace objects, 6(168KB) LOS objects, 7% free, 185MB/201MB, paused 1.439ms total 55.646ms
08-06 03:06:06.268   518   646 I ThermalEngine: ACTION: GPU - Setting GPU[0] to 390000000
08-06 03:06:06.279   512  2967 D audio_hw_primary: disable_audio_route: reset and update mixer path: low-latency-playback speaker
08-06 03:06:06.280   512  2967 D audio_hw_primary: disable_snd_device: snd_device(2: speaker)
08-06 03:06:06.288   512  2967 I soundtrigger: audio_extn_sound_trigger_update_device_status: device 0x2 of type 0 for Event 0
08-06 03:06:06.385 11170 11556 I art     : Starting a blocking GC Explicit
08-06 03:06:06.484 11170 11556 I art     : Explicit concurrent mark sweep GC freed 1610(92KB) AllocSpace objects, 5(132KB) LOS objects, 7% free, 185MB/201MB, paused 2.617ms total 98.668ms
08-06 03:06:06.515 11170 11556 I art     : Starting a blocking GC Explicit
08-06 03:06:06.593 11170 11556 I art     : Explicit concurrent mark sweep GC freed 28(1024B) AllocSpace objects, 0(0B) LOS objects, 7% free, 185MB/201MB, paused 2.152ms total 77.164ms
08-06 03:06:06.625 11170 11556 I art     : Starting a blocking GC Explicit
08-06 03:06:06.705 11170 11556 I art     : Explicit concurrent mark sweep GC freed 3(96B) AllocSpace objects, 0(0B) LOS objects, 7% free, 185MB/201MB, paused 2.276ms total 79.658ms
08-06 03:06:06.733 11170 11556 I art     : Starting a blocking GC Explicit
08-06 03:06:06.812 11170 11556 I art     : Explicit concurrent mark sweep GC freed 3(96B) AllocSpace objects, 0(0B) LOS objects, 7% free, 185MB/201MB, paused 2.207ms total 77.749ms
08-06 03:06:06.840 11170 11556 I art     : Starting a blocking GC Explicit
08-06 03:06:06.918 11170 11556 I art     : Explicit concurrent mark sweep GC freed 40(1088B) AllocSpace objects, 0(0B) LOS objects, 7% free, 185MB/201MB, paused 2.286ms total 77.699ms
08-06 03:06:07.419 11170 11230 I art     : Starting a blocking GC Explicit
08-06 03:06:07.510 11170 11230 I art     : Explicit concurrent mark sweep GC freed 1598(92KB) AllocSpace objects, 2(48KB) LOS objects, 7% free, 185MB/201MB, paused 2.475ms total 90.231ms
08-06 03:06:07.543 11170 11230 I art     : Starting a blocking GC Explicit
08-06 03:06:07.619 11170 11230 I art     : Explicit concurrent mark sweep GC freed 49(2320B) AllocSpace objects, 0(0B) LOS objects, 7% free, 185MB/201MB, paused 2.308ms total 76.202ms
08-06 03:06:07.647 11170 11230 I art     : Starting a blocking GC Explicit
08-06 03:06:07.724 11170 11230 I art     : Explicit concurrent mark sweep GC freed 3(96B) AllocSpace objects, 0(0B) LOS objects, 7% free, 185MB/201MB, paused 2.187ms total 76.591ms
08-06 03:06:07.725 11170 11180 I art     : WaitForGcToComplete blocked for 77.017ms for cause HeapTrim
08-06 03:06:07.752 11170 11230 I art     : Starting a blocking GC Explicit
08-06 03:06:07.830 11170 11230 I art     : Explicit concurrent mark sweep GC freed 15(752B) AllocSpace objects, 0(0B) LOS objects, 7% free, 185MB/201MB, paused 2.274ms total 77.102ms
08-06 03:06:07.858 11170 11230 I art     : Starting a blocking GC Explicit
08-06 03:06:07.935 11170 11230 I art     : Explicit concurrent mark sweep GC freed 50(1632B) AllocSpace objects, 0(0B) LOS objects, 7% free, 185MB/201MB, paused 2.338ms total 77.041ms
08-06 03:06:08.390 11170 11183 I art     : Starting a blocking GC Explicit
08-06 03:06:08.465 11170 11183 I art     : Explicit concurrent mark sweep GC freed 1599(92KB) AllocSpace objects, 2(48KB) LOS objects, 7% free, 185MB/201MB, paused 2.150ms total 73.952ms
08-06 03:06:08.492 11170 11183 I art     : Starting a blocking GC Explicit
08-06 03:06:08.563 11170 11183 I art     : Explicit concurrent mark sweep GC freed 42(1456B) AllocSpace objects, 0(0B) LOS objects, 7% free, 185MB/201MB, paused 2.171ms total 70.995ms
08-06 03:06:08.571 14042 14042 D AndroidRuntime: >>>>>> START com.android.internal.os.RuntimeInit uid 2000 <<<<<<
08-06 03:06:08.577 14042 14042 D AndroidRuntime: CheckJNI is OFF
08-06 03:06:08.591 11170 11183 I art     : Starting a blocking GC Explicit
08-06 03:06:08.629 14042 14042 D ICU     : No timezone override file found: /data/misc/zoneinfo/current/icu/icu_tzdata.dat
08-06 03:06:08.664 11170 11183 I art     : Explicit concurrent mark sweep GC freed 3(96B) AllocSpace objects, 0(0B) LOS objects, 7% free, 185MB/201MB, paused 2.133ms total 72.843ms
08-06 03:06:08.674 14042 14042 I Radio-JNI: register_android_hardware_Radio DONE
08-06 03:06:08.691 11170 11183 I art     : Starting a blocking GC Explicit
08-06 03:06:08.708 14042 14042 D AndroidRuntime: Calling main entry com.android.commands.input.Input
08-06 03:06:08.710 14042 14042 I Input   : injectMotionEvent: MotionEvent { action=ACTION_DOWN, actionButton=0, id[0]=0, x[0]=1341.0, y[0]=197.0, toolType[0]=TOOL_TYPE_UNKNOWN, buttonState=0, metaState=0, flags=0x0, edgeFlags=0x0, pointerCount=1, historySize=0, eventTime=846385123, downTime=846385123, deviceId=0, source=0x1002 }
08-06 03:06:08.715 14042 14042 I Input   : injectMotionEvent: MotionEvent { action=ACTION_UP, actionButton=0, id[0]=0, x[0]=1341.0, y[0]=197.0, toolType[0]=TOOL_TYPE_UNKNOWN, buttonState=0, metaState=0, flags=0x0, edgeFlags=0x0, pointerCount=1, historySize=0, eventTime=846385123, downTime=846385123, deviceId=0, source=0x1002 }
08-06 03:06:08.718 14042 14042 D AndroidRuntime: Shutting down VM
08-06 03:06:08.726   918  4413 I ActivityManager: START u0 {cmp=baseline.io.github.project_travel_mate/.notifications.NotificationsActivity} from uid 10696 on display 0
08-06 03:06:08.728   512  2967 D audio_hw_primary: out_set_parameters: enter: usecase(1: low-latency-playback) kvpairs: routing=2
08-06 03:06:08.741   512  2967 D audio_hw_primary: select_devices: out_snd_device(2: speaker) in_snd_device(0: none)
08-06 03:06:08.741   512  2967 D msm8974_platform: platform_send_audio_calibration: sending audio calibration for snd_device(2) acdb_id(15)
08-06 03:06:08.741   512  2967 I soundtrigger: audio_extn_sound_trigger_update_device_status: device 0x2 of type 0 for Event 1
08-06 03:06:08.759   512  2967 D audio_hw_primary: enable_snd_device: snd_device(2: speaker)
08-06 03:06:08.761   512  2967 D audio_hw_primary: enable_audio_route: apply and update mixer path: low-latency-playback speaker
08-06 03:06:08.770 11170 11183 I art     : Explicit concurrent mark sweep GC freed 95(5KB) AllocSpace objects, 0(0B) LOS objects, 7% free, 185MB/201MB, paused 2.575ms total 78.026ms
08-06 03:06:08.782 11170 11250 D Gabe    : call	returning from cache
08-06 03:06:08.791 11170 11170 V EXECUTING: https://project-travel-mate.herokuapp.com/api/get-notifications
08-06 03:06:08.794 11170 11170 V EXECUTING: https://project-travel-mate.herokuapp.com/api/get-notifications
08-06 03:06:08.796 11170 11183 I art     : Starting a blocking GC Explicit
08-06 03:06:08.888 11170 11183 I art     : Explicit concurrent mark sweep GC freed 1954(114KB) AllocSpace objects, 0(0B) LOS objects, 7% free, 190MB/206MB, paused 3.526ms total 92.242ms
08-06 03:06:08.992 13866 13866 I GoogleInputMethodServic: GoogleInputMethodService.onFinishInput():3138 
08-06 03:06:08.992 13866 13866 I GoogleInputMethodServic: GoogleInputMethodService.onStartInput():1808 
08-06 03:06:08.994   918   936 I ActivityManager: Displayed baseline.io.github.project_travel_mate/.notifications.NotificationsActivity: +253ms
08-06 03:06:09.097 11170 11185 D OpenGLRenderer: endAllStagingAnimators on 0x7f94930c00 (RippleDrawable) with handle 0x7f7c8723e0
08-06 03:06:09.238   380   380 W SurfaceFlinger: couldn't log to binary event log: overflow.
08-06 03:06:09.271   518   646 I ThermalEngine: ACTION: GPU - Setting GPU[0] to 450000000
08-06 03:06:09.308   512  2967 D audio_hw_primary: disable_audio_route: reset and update mixer path: low-latency-playback speaker
08-06 03:06:09.309   512  2967 D audio_hw_primary: disable_snd_device: snd_device(2: speaker)
08-06 03:06:09.317   512  2967 I soundtrigger: audio_extn_sound_trigger_update_device_status: device 0x2 of type 0 for Event 0
08-06 03:06:09.341 11170 11183 I art     : Starting a blocking GC Explicit
08-06 03:06:09.407 11170 11183 I art     : Explicit concurrent mark sweep GC freed 7704(383KB) AllocSpace objects, 8(448KB) LOS objects, 7% free, 190MB/206MB, paused 1.795ms total 66.136ms
08-06 03:06:09.420 11170 14066 I NAPPA_EXPERIMENTATION: MetricNetworkRequestExecutionTime: REQUEST_DURATION_SYSTEM='628',REQUEST_DURATION_OKHTTP='40',REQUEST_SYNCHRONOUS='FALSE',RESPONSE_CODE='200',RESPONSE_METHOD='GET',RESPONSE_LENGTH_OKHTTP='2',RESPONSE_LENGTH_HEADER='2',REQUEST_PROTOCOL='http/1.1',REQUEST_URL='https://project-travel-mate.herokuapp.com/api/get-notifications',
08-06 03:06:09.427 11170 11183 I art     : Starting a blocking GC Explicit
08-06 03:06:09.445 11170 14067 I NAPPA_EXPERIMENTATION: MetricNetworkRequestExecutionTime: REQUEST_DURATION_SYSTEM='649',REQUEST_DURATION_OKHTTP='64',REQUEST_SYNCHRONOUS='FALSE',RESPONSE_CODE='200',RESPONSE_METHOD='GET',RESPONSE_LENGTH_OKHTTP='2',RESPONSE_LENGTH_HEADER='2',REQUEST_PROTOCOL='http/1.1',REQUEST_URL='https://project-travel-mate.herokuapp.com/api/get-notifications',
08-06 03:06:09.484 11170 11183 I art     : Explicit concurrent mark sweep GC freed 2322(260KB) AllocSpace objects, 0(0B) LOS objects, 7% free, 190MB/206MB, paused 1.650ms total 56.529ms
08-06 03:06:09.504 11170 11183 I art     : Starting a blocking GC Explicit
08-06 03:06:09.522 11170 11170 V Response: [] 
08-06 03:06:09.527 11170 11250 D Gabe    : call	returning from cache
08-06 03:06:09.535 11170 11170 V Response: [] 
08-06 03:06:09.539 11170 11250 D Gabe    : call	returning from cache
08-06 03:06:09.561 11170 11183 I art     : Explicit concurrent mark sweep GC freed 466(18KB) AllocSpace objects, 0(0B) LOS objects, 7% free, 190MB/206MB, paused 1.848ms total 56.753ms
08-06 03:06:09.580 11170 11183 I art     : Starting a blocking GC Explicit
08-06 03:06:09.634 11170 11183 I art     : Explicit concurrent mark sweep GC freed 1933(68KB) AllocSpace objects, 1(188KB) LOS objects, 7% free, 190MB/206MB, paused 1.330ms total 54.491ms
08-06 03:06:09.654 11170 11183 I art     : Starting a blocking GC Explicit
08-06 03:06:09.707 11170 11183 I art     : Explicit concurrent mark sweep GC freed 1824(66KB) AllocSpace objects, 0(0B) LOS objects, 7% free, 190MB/206MB, paused 1.657ms total 53.292ms
08-06 03:06:10.104 11170 11183 I art     : Starting a blocking GC Explicit
08-06 03:06:10.159 11170 11183 I art     : Explicit concurrent mark sweep GC freed 3725(131KB) AllocSpace objects, 2(48KB) LOS objects, 7% free, 190MB/206MB, paused 1.569ms total 54.743ms
08-06 03:06:10.178 11170 11183 I art     : Starting a blocking GC Explicit
08-06 03:06:10.232 11170 11183 I art     : Explicit concurrent mark sweep GC freed 554(17KB) AllocSpace objects, 0(0B) LOS objects, 7% free, 190MB/206MB, paused 1.330ms total 53.509ms
08-06 03:06:10.250 11170 11183 I art     : Starting a blocking GC Explicit
08-06 03:06:10.302 11170 11183 I art     : Explicit concurrent mark sweep GC freed 283(4KB) AllocSpace objects, 0(0B) LOS objects, 7% free, 190MB/206MB, paused 1.372ms total 51.704ms
08-06 03:06:10.321 11170 11183 I art     : Starting a blocking GC Explicit
08-06 03:06:10.374 11170 11183 I art     : Explicit concurrent mark sweep GC freed 284(4KB) AllocSpace objects, 0(0B) LOS objects, 7% free, 190MB/206MB, paused 1.450ms total 53.327ms
08-06 03:06:10.394 11170 11183 I art     : Starting a blocking GC Explicit
08-06 03:06:10.450 11170 11183 I art     : Explicit concurrent mark sweep GC freed 357(5KB) AllocSpace objects, 0(0B) LOS objects, 7% free, 190MB/206MB, paused 1.400ms total 56.539ms
08-06 03:06:10.854 11170 11230 I art     : Starting a blocking GC Explicit
08-06 03:06:10.911 11170 11230 I art     : Explicit concurrent mark sweep GC freed 3566(124KB) AllocSpace objects, 2(48KB) LOS objects, 7% free, 190MB/206MB, paused 1.603ms total 56.694ms
08-06 03:06:10.930 11170 11230 I art     : Starting a blocking GC Explicit
08-06 03:06:10.984 11170 11230 I art     : Explicit concurrent mark sweep GC freed 372(6KB) AllocSpace objects, 0(0B) LOS objects, 7% free, 190MB/206MB, paused 1.356ms total 53.428ms
08-06 03:06:11.002 11170 11230 I art     : Starting a blocking GC Explicit
08-06 03:06:11.055 11170 11230 I art     : Explicit concurrent mark sweep GC freed 283(4KB) AllocSpace objects, 0(0B) LOS objects, 7% free, 190MB/206MB, paused 1.312ms total 53.022ms
08-06 03:06:11.075 11170 11230 I art     : Starting a blocking GC Explicit
08-06 03:06:11.131 11170 11230 I art     : Explicit concurrent mark sweep GC freed 351(5KB) AllocSpace objects, 0(0B) LOS objects, 7% free, 190MB/206MB, paused 1.402ms total 55.648ms
08-06 03:06:11.151 11170 11230 I art     : Starting a blocking GC Explicit
08-06 03:06:11.207 11170 11230 I art     : Explicit concurrent mark sweep GC freed 285(4KB) AllocSpace objects, 0(0B) LOS objects, 7% free, 190MB/206MB, paused 1.365ms total 55.328ms
08-06 03:06:11.278   518   646 I ThermalEngine: ACTION: GPU - Setting GPU[0] to 390000000
08-06 03:06:11.642 11170 11230 I art     : Starting a blocking GC Explicit
08-06 03:06:11.711 11170 11230 I art     : Explicit concurrent mark sweep GC freed 3686(125KB) AllocSpace objects, 2(48KB) LOS objects, 7% free, 190MB/206MB, paused 2.281ms total 68.102ms
08-06 03:06:11.736 11170 11230 I art     : Starting a blocking GC Explicit
08-06 03:06:11.801 11170 11230 I art     : Explicit concurrent mark sweep GC freed 447(7KB) AllocSpace objects, 0(0B) LOS objects, 7% free, 190MB/206MB, paused 2.019ms total 64.994ms
08-06 03:06:11.825 11170 11230 I art     : Starting a blocking GC Explicit
08-06 03:06:11.893 11170 11230 I art     : Explicit concurrent mark sweep GC freed 391(6KB) AllocSpace objects, 0(0B) LOS objects, 7% free, 190MB/206MB, paused 2.240ms total 67.156ms
08-06 03:06:11.918 11170 11230 I art     : Starting a blocking GC Explicit
08-06 03:06:11.985 11170 11230 I art     : Explicit concurrent mark sweep GC freed 423(6KB) AllocSpace objects, 0(0B) LOS objects, 7% free, 190MB/206MB, paused 2.067ms total 65.709ms
08-06 03:06:12.010 11170 11230 I art     : Starting a blocking GC Explicit
08-06 03:06:12.077 11170 11230 I art     : Explicit concurrent mark sweep GC freed 352(5KB) AllocSpace objects, 0(0B) LOS objects, 7% free, 190MB/206MB, paused 2.245ms total 66.474ms
08-06 03:06:12.521 11170 11556 I art     : Starting a blocking GC Explicit
08-06 03:06:12.589 11170 11556 I art     : Explicit concurrent mark sweep GC freed 3757(126KB) AllocSpace objects, 2(48KB) LOS objects, 7% free, 190MB/206MB, paused 2.221ms total 67.364ms
08-06 03:06:12.613 11170 11556 I art     : Starting a blocking GC Explicit
08-06 03:06:12.679 11170 11556 I art     : Explicit concurrent mark sweep GC freed 387(6KB) AllocSpace objects, 0(0B) LOS objects, 7% free, 190MB/206MB, paused 2.112ms total 65.702ms
08-06 03:06:12.705 11170 11556 I art     : Starting a blocking GC Explicit
08-06 03:06:12.771 11170 11556 I art     : Explicit concurrent mark sweep GC freed 416(6KB) AllocSpace objects, 0(0B) LOS objects, 7% free, 190MB/206MB, paused 2.081ms total 66.123ms
08-06 03:06:12.796 11170 11556 I art     : Starting a blocking GC Explicit
08-06 03:06:12.861 11170 11556 I art     : Explicit concurrent mark sweep GC freed 402(7KB) AllocSpace objects, 0(0B) LOS objects, 7% free, 190MB/206MB, paused 1.942ms total 64.950ms
08-06 03:06:12.861 11170 11180 I art     : WaitForGcToComplete blocked for 31.188ms for cause HeapTrim
08-06 03:06:12.885 11170 11556 I art     : Starting a blocking GC Explicit
08-06 03:06:12.951 11170 11556 I art     : Explicit concurrent mark sweep GC freed 413(6KB) AllocSpace objects, 0(0B) LOS objects, 7% free, 190MB/206MB, paused 2.044ms total 65.247ms
08-06 03:06:13.400 11170 11556 I art     : Starting a blocking GC Explicit
08-06 03:06:13.466 11170 11556 I art     : Explicit concurrent mark sweep GC freed 3769(128KB) AllocSpace objects, 2(48KB) LOS objects, 7% free, 190MB/206MB, paused 1.942ms total 64.838ms
08-06 03:06:13.490 11170 11556 I art     : Starting a blocking GC Explicit
08-06 03:06:13.556 11170 11556 I art     : Explicit concurrent mark sweep GC freed 617(18KB) AllocSpace objects, 0(0B) LOS objects, 7% free, 190MB/206MB, paused 2.114ms total 65.004ms
08-06 03:06:13.580 11170 11556 I art     : Starting a blocking GC Explicit
08-06 03:06:13.610 14124 14124 D AndroidRuntime: >>>>>> START com.android.internal.os.RuntimeInit uid 2000 <<<<<<
08-06 03:06:13.615 14124 14124 D AndroidRuntime: CheckJNI is OFF
08-06 03:06:13.650 11170 11556 I art     : Explicit concurrent mark sweep GC freed 370(5KB) AllocSpace objects, 0(0B) LOS objects, 7% free, 190MB/206MB, paused 2.050ms total 69.563ms
08-06 03:06:13.667 14124 14124 D ICU     : No timezone override file found: /data/misc/zoneinfo/current/icu/icu_tzdata.dat
08-06 03:06:13.676 11170 11556 I art     : Starting a blocking GC Explicit
08-06 03:06:13.710 14124 14124 I Radio-JNI: register_android_hardware_Radio DONE
08-06 03:06:13.743 14124 14124 D AndroidRuntime: Calling main entry com.android.commands.input.Input
08-06 03:06:13.745 14124 14124 I Input   : injectKeyEvent: KeyEvent { action=ACTION_DOWN, keyCode=KEYCODE_BACK, scanCode=0, metaState=0, flags=0x0, repeatCount=0, eventTime=846390158, downTime=846390158, deviceId=-1, source=0x101 }
08-06 03:06:13.757 11170 11556 I art     : Explicit concurrent mark sweep GC freed 480(7KB) AllocSpace objects, 0(0B) LOS objects, 7% free, 190MB/206MB, paused 2.079ms total 80.339ms
08-06 03:06:13.780 14124 14124 I Input   : injectKeyEvent: KeyEvent { action=ACTION_UP, keyCode=KEYCODE_BACK, scanCode=0, metaState=0, flags=0x0, repeatCount=0, eventTime=846390158, downTime=846390158, deviceId=-1, source=0x101 }
08-06 03:06:13.784 11170 11556 I art     : Starting a blocking GC Explicit
08-06 03:06:13.815 14124 14124 D AndroidRuntime: Shutting down VM
08-06 03:06:13.854 11170 11556 I art     : Explicit concurrent mark sweep GC freed 408(7KB) AllocSpace objects, 0(0B) LOS objects, 7% free, 190MB/206MB, paused 5.484ms total 69.150ms
08-06 03:06:13.856 11170 11170 V MainActivity: url = https://project-travel-mate.herokuapp.com/api/number-of-unread-notifications
08-06 03:06:13.925 13866 13866 I GoogleInputMethodServic: GoogleInputMethodService.onFinishInput():3138 
08-06 03:06:13.926 13866 13866 I GoogleInputMethodServic: GoogleInputMethodService.onStartInput():1808 
08-06 03:06:14.193   380   380 W SurfaceFlinger: couldn't log to binary event log: overflow.
08-06 03:06:14.341 11170 11895 I art     : Starting a blocking GC Explicit
08-06 03:06:14.426 11170 11895 I art     : Explicit concurrent mark sweep GC freed 2495(122KB) AllocSpace objects, 3(4MB) LOS objects, 7% free, 186MB/202MB, paused 2.640ms total 84.284ms
08-06 03:06:14.460 11170 11895 I art     : Starting a blocking GC Explicit
08-06 03:06:14.527 11170 11895 I art     : Explicit concurrent mark sweep GC freed 3804(180KB) AllocSpace objects, 2(56KB) LOS objects, 7% free, 185MB/201MB, paused 2.127ms total 66.936ms
08-06 03:06:14.553 11170 11895 I art     : Starting a blocking GC Explicit
08-06 03:06:14.632 11170 14147 I NAPPA_EXPERIMENTATION: MetricNetworkRequestExecutionTime: REQUEST_DURATION_SYSTEM='774',REQUEST_DURATION_OKHTTP='37',REQUEST_SYNCHRONOUS='FALSE',RESPONSE_CODE='200',RESPONSE_METHOD='GET',RESPONSE_LENGTH_OKHTTP='36',RESPONSE_LENGTH_HEADER='36',REQUEST_PROTOCOL='http/1.1',REQUEST_URL='https://project-travel-mate.herokuapp.com/api/number-of-unread-notifications',
08-06 03:06:14.634 11170 11895 I art     : Explicit concurrent mark sweep GC freed 2581(132KB) AllocSpace objects, 3(200KB) LOS objects, 7% free, 186MB/202MB, paused 2.369ms total 80.752ms
08-06 03:06:14.641   918  3261 D WifiStateMachine: starting scan for "H369AA63323"WPA_PSK with 2412,5180
08-06 03:06:14.661 11170 11895 I art     : Starting a blocking GC Explicit
08-06 03:06:14.739 11170 11895 I art     : Explicit concurrent mark sweep GC freed 1071(127KB) AllocSpace objects, 0(0B) LOS objects, 7% free, 185MB/201MB, paused 2.368ms total 77.374ms
08-06 03:06:14.767 11170 11895 I art     : Starting a blocking GC Explicit
08-06 03:06:14.851 11170 11895 I art     : Explicit concurrent mark sweep GC freed 128(4KB) AllocSpace objects, 0(0B) LOS objects, 7% free, 185MB/201MB, paused 2.927ms total 83.386ms
08-06 03:06:15.325 11170 11181 I art     : Starting a blocking GC Explicit
08-06 03:06:15.405 11170 11181 I art     : Explicit concurrent mark sweep GC freed 1600(92KB) AllocSpace objects, 2(48KB) LOS objects, 7% free, 185MB/201MB, paused 2.268ms total 79.500ms
08-06 03:06:15.432 11170 11181 I art     : Starting a blocking GC Explicit
08-06 03:06:15.507 11170 11181 I art     : Explicit concurrent mark sweep GC freed 42(1456B) AllocSpace objects, 0(0B) LOS objects, 7% free, 185MB/201MB, paused 2.240ms total 74.804ms
08-06 03:06:15.535 11170 11181 I art     : Starting a blocking GC Explicit
08-06 03:06:15.598  6516  6516 I ServiceManager: Waiting for service AtCmdFwd...
08-06 03:06:15.611 11170 11181 I art     : Explicit concurrent mark sweep GC freed 3(96B) AllocSpace objects, 0(0B) LOS objects, 7% free, 185MB/201MB, paused 2.264ms total 75.565ms
08-06 03:06:15.638 11170 11181 I art     : Starting a blocking GC Explicit
08-06 03:06:15.690 14161 14161 D AndroidRuntime: >>>>>> START com.android.internal.os.RuntimeInit uid 2000 <<<<<<
08-06 03:06:15.696 14161 14161 D AndroidRuntime: CheckJNI is OFF
08-06 03:06:15.713 11170 11181 I art     : Explicit concurrent mark sweep GC freed 3(96B) AllocSpace objects, 0(0B) LOS objects, 7% free, 185MB/201MB, paused 2.259ms total 74.915ms
08-06 03:06:15.740 11170 11181 I art     : Starting a blocking GC Explicit
08-06 03:06:15.752 14161 14161 D ICU     : No timezone override file found: /data/misc/zoneinfo/current/icu/icu_tzdata.dat
08-06 03:06:15.795 14161 14161 I Radio-JNI: register_android_hardware_Radio DONE
08-06 03:06:15.814 11170 11181 I art     : Explicit concurrent mark sweep GC freed 3(96B) AllocSpace objects, 0(0B) LOS objects, 7% free, 185MB/201MB, paused 2.288ms total 73.739ms
08-06 03:06:15.829 14161 14161 D AndroidRuntime: Calling main entry com.android.commands.input.Input
08-06 03:06:15.832 14161 14161 I Input   : injectMotionEvent: MotionEvent { action=ACTION_DOWN, actionButton=0, id[0]=0, x[0]=117.0, y[0]=170.0, toolType[0]=TOOL_TYPE_UNKNOWN, buttonState=0, metaState=0, flags=0x0, edgeFlags=0x0, pointerCount=1, historySize=0, eventTime=846392244, downTime=846392244, deviceId=0, source=0x1002 }
08-06 03:06:15.838 14161 14161 I Input   : injectMotionEvent: MotionEvent { action=ACTION_UP, actionButton=0, id[0]=0, x[0]=117.0, y[0]=170.0, toolType[0]=TOOL_TYPE_UNKNOWN, buttonState=0, metaState=0, flags=0x0, edgeFlags=0x0, pointerCount=1, historySize=0, eventTime=846392244, downTime=846392244, deviceId=0, source=0x1002 }
08-06 03:06:15.841 14161 14161 D AndroidRuntime: Shutting down VM
08-06 03:06:15.850   512  2967 D audio_hw_primary: out_set_parameters: enter: usecase(1: low-latency-playback) kvpairs: routing=2
08-06 03:06:15.863   512  2967 D audio_hw_primary: select_devices: out_snd_device(2: speaker) in_snd_device(0: none)
08-06 03:06:15.863   512  2967 D msm8974_platform: platform_send_audio_calibration: sending audio calibration for snd_device(2) acdb_id(15)
08-06 03:06:15.864   512  2967 I soundtrigger: audio_extn_sound_trigger_update_device_status: device 0x2 of type 0 for Event 1
08-06 03:06:15.875   512  2967 D audio_hw_primary: enable_snd_device: snd_device(2: speaker)
08-06 03:06:15.877   512  2967 D audio_hw_primary: enable_audio_route: apply and update mixer path: low-latency-playback speaker
08-06 03:06:16.310 11170 11230 I art     : Starting a blocking GC Explicit
08-06 03:06:16.389 11170 11230 I art     : Explicit concurrent mark sweep GC freed 2047(114KB) AllocSpace objects, 2(48KB) LOS objects, 7% free, 185MB/201MB, paused 2.284ms total 78.799ms
08-06 03:06:16.416 11170 11230 I art     : Starting a blocking GC Explicit
08-06 03:06:16.419   512  2967 D audio_hw_primary: disable_audio_route: reset and update mixer path: low-latency-playback speaker
08-06 03:06:16.420   512  2967 D audio_hw_primary: disable_snd_device: snd_device(2: speaker)
08-06 03:06:16.428   512  2967 I soundtrigger: audio_extn_sound_trigger_update_device_status: device 0x2 of type 0 for Event 0
08-06 03:06:16.487 11170 11230 I art     : Explicit concurrent mark sweep GC freed 72(2976B) AllocSpace objects, 0(0B) LOS objects, 7% free, 185MB/201MB, paused 2.118ms total 71.185ms
08-06 03:06:16.514 11170 11230 I art     : Starting a blocking GC Explicit
08-06 03:06:16.587 11170 11230 I art     : Explicit concurrent mark sweep GC freed 3(96B) AllocSpace objects, 0(0B) LOS objects, 7% free, 185MB/201MB, paused 2.117ms total 72.535ms
08-06 03:06:16.599  6516  6516 I ServiceManager: Waiting for service AtCmdFwd...
08-06 03:06:16.615 11170 11230 I art     : Starting a blocking GC Explicit
08-06 03:06:16.690 11170 11230 I art     : Explicit concurrent mark sweep GC freed 5(160B) AllocSpace objects, 0(0B) LOS objects, 7% free, 185MB/201MB, paused 2.339ms total 74.959ms
08-06 03:06:16.718 11170 11230 I art     : Starting a blocking GC Explicit
08-06 03:06:16.751 14193 14193 D AndroidRuntime: >>>>>> START com.android.internal.os.RuntimeInit uid 2000 <<<<<<
08-06 03:06:16.757 14193 14193 D AndroidRuntime: CheckJNI is OFF
08-06 03:06:16.794 11170 11230 I art     : Explicit concurrent mark sweep GC freed 14(720B) AllocSpace objects, 0(0B) LOS objects, 7% free, 185MB/201MB, paused 2.224ms total 75.494ms
08-06 03:06:16.813 14193 14193 D ICU     : No timezone override file found: /data/misc/zoneinfo/current/icu/icu_tzdata.dat
08-06 03:06:16.859 14193 14193 I Radio-JNI: register_android_hardware_Radio DONE
08-06 03:06:16.891 14193 14193 D AndroidRuntime: Calling main entry com.android.commands.input.Input
08-06 03:06:16.893 14193 14193 I Input   : injectMotionEvent: MotionEvent { action=ACTION_DOWN, actionButton=0, id[0]=0, x[0]=418.0, y[0]=842.0, toolType[0]=TOOL_TYPE_UNKNOWN, buttonState=0, metaState=0, flags=0x0, edgeFlags=0x0, pointerCount=1, historySize=0, eventTime=846393306, downTime=846393306, deviceId=0, source=0x1002 }
08-06 03:06:16.898 14193 14193 I Input   : injectMotionEvent: MotionEvent { action=ACTION_UP, actionButton=0, id[0]=0, x[0]=418.0, y[0]=842.0, toolType[0]=TOOL_TYPE_UNKNOWN, buttonState=0, metaState=0, flags=0x0, edgeFlags=0x0, pointerCount=1, historySize=0, eventTime=846393306, downTime=846393306, deviceId=0, source=0x1002 }
08-06 03:06:16.901 14193 14193 D AndroidRuntime: Shutting down VM
08-06 03:06:16.918   512  2967 D audio_hw_primary: out_set_parameters: enter: usecase(1: low-latency-playback) kvpairs: routing=2
08-06 03:06:16.919 11170 11250 D Gabe    : call	returning from cache
08-06 03:06:16.933   512  2967 D audio_hw_primary: select_devices: out_snd_device(2: speaker) in_snd_device(0: none)
08-06 03:06:16.933   512  2967 D msm8974_platform: platform_send_audio_calibration: sending audio calibration for snd_device(2) acdb_id(15)
08-06 03:06:16.933   512  2967 I soundtrigger: audio_extn_sound_trigger_update_device_status: device 0x2 of type 0 for Event 1
08-06 03:06:16.945   512  2967 D audio_hw_primary: enable_snd_device: snd_device(2: speaker)
08-06 03:06:16.947   512  2967 D audio_hw_primary: enable_audio_route: apply and update mixer path: low-latency-playback speaker
08-06 03:06:16.959 11170 11170 V MainActivity: url = https://project-travel-mate.herokuapp.com/api/number-of-unread-notifications
08-06 03:06:16.992   512  2967 D AudioFlinger: mixer(0xf4740000) throttle end: throttle time(12)
08-06 03:06:17.257 11170 11556 I art     : Starting a blocking GC Explicit
08-06 03:06:17.342 11170 11556 I art     : Explicit concurrent mark sweep GC freed 3921(238KB) AllocSpace objects, 2(48KB) LOS objects, 7% free, 186MB/202MB, paused 3.031ms total 85.175ms
08-06 03:06:17.370 11170 11556 I art     : Starting a blocking GC Explicit
08-06 03:06:17.450 11170 11556 I art     : Explicit concurrent mark sweep GC freed 1440(97KB) AllocSpace objects, 2(120KB) LOS objects, 7% free, 186MB/202MB, paused 3.411ms total 79.229ms
08-06 03:06:17.477 11170 11556 I art     : Starting a blocking GC Explicit
08-06 03:06:17.479   512  2967 D audio_hw_primary: disable_audio_route: reset and update mixer path: low-latency-playback speaker
08-06 03:06:17.481   512  2967 D audio_hw_primary: disable_snd_device: snd_device(2: speaker)
08-06 03:06:17.489   512  2967 I soundtrigger: audio_extn_sound_trigger_update_device_status: device 0x2 of type 0 for Event 0
08-06 03:06:17.506 11170 14208 I NAPPA_EXPERIMENTATION: MetricNetworkRequestExecutionTime: REQUEST_DURATION_SYSTEM='546',REQUEST_DURATION_OKHTTP='35',REQUEST_SYNCHRONOUS='FALSE',RESPONSE_CODE='200',RESPONSE_METHOD='GET',RESPONSE_LENGTH_OKHTTP='36',RESPONSE_LENGTH_HEADER='36',REQUEST_PROTOCOL='http/1.1',REQUEST_URL='https://project-travel-mate.herokuapp.com/api/number-of-unread-notifications',
08-06 03:06:17.559 11170 11556 I art     : Explicit concurrent mark sweep GC freed 2603(159KB) AllocSpace objects, 1(80KB) LOS objects, 7% free, 186MB/202MB, paused 2.667ms total 80.888ms
08-06 03:06:17.586 11170 11556 I art     : Starting a blocking GC Explicit
08-06 03:06:17.599  6516  6516 I ServiceManager: Waiting for service AtCmdFwd...
08-06 03:06:17.669 11170 11556 I art     : Explicit concurrent mark sweep GC freed 2115(120KB) AllocSpace objects, 0(0B) LOS objects, 7% free, 186MB/202MB, paused 2.309ms total 82.687ms
08-06 03:06:17.671 11170 11170 I Choreographer: Skipped 42 frames!  The application may be doing too much work on its main thread.
08-06 03:06:17.695 11170 11556 I art     : Starting a blocking GC Explicit
08-06 03:06:17.776 11170 11556 I art     : Explicit concurrent mark sweep GC freed 1445(76KB) AllocSpace objects, 9(252KB) LOS objects, 7% free, 186MB/202MB, paused 2.685ms total 80.705ms
08-06 03:06:18.246 11170 11556 I art     : Starting a blocking GC Explicit
08-06 03:06:18.333 11170 11556 I art     : Explicit concurrent mark sweep GC freed 3567(163KB) AllocSpace objects, 2(64KB) LOS objects, 7% free, 186MB/202MB, paused 2.317ms total 86.271ms
08-06 03:06:18.361 11170 11556 I art     : Starting a blocking GC Explicit
08-06 03:06:18.439 11170 11556 I art     : Explicit concurrent mark sweep GC freed 242(5KB) AllocSpace objects, 0(0B) LOS objects, 7% free, 186MB/202MB, paused 2.320ms total 76.793ms
08-06 03:06:18.467 11170 11556 I art     : Starting a blocking GC Explicit
08-06 03:06:18.552 11170 11556 I art     : Explicit concurrent mark sweep GC freed 147(2496B) AllocSpace objects, 0(0B) LOS objects, 7% free, 186MB/202MB, paused 2.508ms total 85.033ms
08-06 03:06:18.583 11170 11556 I art     : Starting a blocking GC Explicit
08-06 03:06:18.599  6516  6516 I ServiceManager: Waiting for service AtCmdFwd...
08-06 03:06:18.673 11170 11556 I art     : Explicit concurrent mark sweep GC freed 207(3KB) AllocSpace objects, 0(0B) LOS objects, 7% free, 186MB/202MB, paused 2.431ms total 89.719ms
08-06 03:06:18.704 11170 11556 I art     : Starting a blocking GC Explicit
08-06 03:06:18.791 11170 11556 I art     : Explicit concurrent mark sweep GC freed 185(3KB) AllocSpace objects, 0(0B) LOS objects, 7% free, 186MB/202MB, paused 2.911ms total 86.492ms
08-06 03:06:19.265 11170 11230 I art     : Starting a blocking GC Explicit
08-06 03:06:19.349 11170 11230 I art     : Explicit concurrent mark sweep GC freed 2432(106KB) AllocSpace objects, 2(64KB) LOS objects, 7% free, 186MB/202MB, paused 2.429ms total 83.583ms
08-06 03:06:19.378 11170 11230 I art     : Starting a blocking GC Explicit
08-06 03:06:19.460 11170 11230 I art     : Explicit concurrent mark sweep GC freed 214(4KB) AllocSpace objects, 0(0B) LOS objects, 7% free, 186MB/202MB, paused 2.476ms total 81.012ms
08-06 03:06:19.488 11170 11230 I art     : Starting a blocking GC Explicit
08-06 03:06:19.571 11170 11230 I art     : Explicit concurrent mark sweep GC freed 171(2896B) AllocSpace objects, 0(0B) LOS objects, 7% free, 186MB/202MB, paused 2.362ms total 82.563ms
08-06 03:06:19.600 11170 11230 I art     : Starting a blocking GC Explicit
08-06 03:06:19.600  6516  6516 I ServiceManager: Waiting for service AtCmdFwd...
08-06 03:06:19.682 11170 11230 I art     : Explicit concurrent mark sweep GC freed 147(2496B) AllocSpace objects, 0(0B) LOS objects, 7% free, 186MB/202MB, paused 2.333ms total 82.377ms
08-06 03:06:19.711 11170 11230 I art     : Starting a blocking GC Explicit
08-06 03:06:19.793 11170 11230 I art     : Explicit concurrent mark sweep GC freed 182(3KB) AllocSpace objects, 0(0B) LOS objects, 7% free, 186MB/202MB, paused 2.311ms total 81.959ms
08-06 03:06:19.829 14242 14242 D AndroidRuntime: >>>>>> START com.android.internal.os.RuntimeInit uid 2000 <<<<<<
08-06 03:06:19.836 14242 14242 D AndroidRuntime: CheckJNI is OFF
08-06 03:06:19.891 14242 14242 D ICU     : No timezone override file found: /data/misc/zoneinfo/current/icu/icu_tzdata.dat
08-06 03:06:19.951 14242 14242 I Radio-JNI: register_android_hardware_Radio DONE
08-06 03:06:19.985 14242 14242 D AndroidRuntime: Calling main entry com.android.commands.am.Am
08-06 03:06:19.993  3167  3167 I Trepn   : Trepn 6.2s: Received intent: com.quicinc.trepn.stop_profiling
08-06 03:06:20.037  3167  3167 I Trepn   : Trepn 6.2s: Trepn has Stopped Profiling.
08-06 03:06:20.170 14242 14242 D AndroidRuntime: Shutting down VM
08-06 03:06:20.173   918  3359 W AppOps  : Finishing op nesting under-run: uid 10078 pkg com.quicinc.trepn code 24 time=0 duration=0 nesting=0
08-06 03:06:20.250 11170 11183 I art     : Starting a blocking GC Explicit
08-06 03:06:20.292   518   646 I ThermalEngine: ACTION: GPU - Setting GPU[0] to 450000000
08-06 03:06:20.326 11170 11183 I art     : Explicit concurrent mark sweep GC freed 2402(106KB) AllocSpace objects, 2(64KB) LOS objects, 7% free, 186MB/202MB, paused 1.574ms total 76.013ms
08-06 03:06:20.349 11170 11183 I art     : Starting a blocking GC Explicit
08-06 03:06:20.415 11170 11183 I art     : Explicit concurrent mark sweep GC freed 148(3024B) AllocSpace objects, 0(0B) LOS objects, 7% free, 186MB/202MB, paused 1.514ms total 65.875ms
08-06 03:06:20.436 11170 11183 I art     : Starting a blocking GC Explicit
08-06 03:06:20.502 11170 11183 I art     : Explicit concurrent mark sweep GC freed 127(2176B) AllocSpace objects, 0(0B) LOS objects, 7% free, 186MB/202MB, paused 1.591ms total 65.644ms
08-06 03:06:20.522 11170 11183 I art     : Starting a blocking GC Explicit
08-06 03:06:20.588 11170 11183 I art     : Explicit concurrent mark sweep GC freed 144(2448B) AllocSpace objects, 0(0B) LOS objects, 7% free, 186MB/202MB, paused 1.675ms total 65.170ms
08-06 03:06:20.601  6516  6516 W Atfwd_Sendcmd: AtCmdFwd service not published, waiting... retryCnt : 3
08-06 03:06:20.608 11170 11183 I art     : Starting a blocking GC Explicit
08-06 03:06:20.675 11170 11183 I art     : Explicit concurrent mark sweep GC freed 123(2096B) AllocSpace objects, 0(0B) LOS objects, 7% free, 186MB/202MB, paused 1.474ms total 66.880ms
08-06 03:06:21.841   918  1209 D NetworkMonitor/NetworkAgentInfo [WIFI () - 159]: Checking http://connectivitycheck.gstatic.com/generate_204 on "H369AA63323", 192.168.2.12=192.168.2.12
08-06 03:06:21.966   918  1209 D NetworkMonitor/NetworkAgentInfo [WIFI () - 159]: Probably not a portal: exception java.io.IOException: unexpected end of stream on Connection{connectivitycheck.gstatic.com:80, proxy=HTTP@/192.168.2.12:8080 hostAddress=192.168.2.12 cipherSuite=none protocol=http/1.1} (recycle count=0)
08-06 03:06:21.968   918  3263 D ConnectivityService: NetworkAgentInfo [WIFI () - 159] validation failed
08-06 03:06:21.969   918  3261 E WifiConfigStore:  rewrite network history for "H369AA63323"WPA_PSK
