--------- beginning of main
08-05 23:23:15.567 13688 13688 D AndroidRuntime: >>>>>> START com.android.internal.os.RuntimeInit uid 2000 <<<<<<
08-05 23:23:15.574 13688 13688 D AndroidRuntime: CheckJNI is OFF
08-05 23:23:15.605 13688 13688 D ICU     : No timezone override file found: /data/misc/zoneinfo/current/icu/icu_tzdata.dat
08-05 23:23:15.641 13688 13688 I Radio-JNI: register_android_hardware_Radio DONE
08-05 23:23:15.660 13688 13688 D AndroidRuntime: Calling main entry com.android.commands.monkey.Monkey
--------- beginning of system
08-05 23:23:15.678   918   931 W BroadcastQueue: Skipping deliver [background] BroadcastRecord{2eae46d u-1 android.net.conn.CONNECTIVITY_CHANGE} to ReceiverList{8eaa8a2 13688 (unknown name)/2000/u-1 remote:63caa97}: process crashing
08-05 23:23:15.688   918   929 I ActivityManager: START u0 {act=android.intent.action.MAIN cat=[android.intent.category.LAUNCHER] flg=0x10200000 cmp=baseline.io.github.project_travel_mate/.SplashActivity} from uid 2000 on display 0
08-05 23:23:15.727   918   928 I ActivityManager: Start proc 13697:baseline.io.github.project_travel_mate/u0a696 for activity baseline.io.github.project_travel_mate/.SplashActivity
08-05 23:23:15.727 13697 13697 I art     : Late-enabling -Xcheck:jni
08-05 23:23:15.733 13688 13688 I art     : System.exit called, status: 0
08-05 23:23:15.733 13688 13688 I AndroidRuntime: VM exiting with result code 0.
08-05 23:23:15.796 16458  3075 I PBSessionCacheImpl: Deleted sessionId[72384646105454640] from persistence.
08-05 23:23:15.804 16458 16488 W SearchServiceCore: Abort, client detached.
08-05 23:23:15.805 16458 16488 I MicroDetectionState: Should stop hotword detection immediately - true
08-05 23:23:15.812 13697 13697 W System  : ClassLoader referenced unknown path: /data/app/baseline.io.github.project_travel_mate-1/lib/arm64
08-05 23:23:15.974 13697 13697 W art     : Before Android 4.1, method android.graphics.PorterDuffColorFilter androidx.vectordrawable.graphics.drawable.VectorDrawableCompat.updateTintFilter(android.graphics.PorterDuffColorFilter, android.content.res.ColorStateList, android.graphics.PorterDuff$Mode) would have incorrectly overridden the package-private method in android.graphics.drawable.Drawable
08-05 23:23:16.027 13697 13697 I art     : Rejecting re-init on previously-failed class java.lang.Class<androidx.core.view.ViewCompat$OnUnhandledKeyEventListenerWrapper>
08-05 23:23:16.028 13697 13697 I art     : Rejecting re-init on previously-failed class java.lang.Class<androidx.core.view.ViewCompat$OnUnhandledKeyEventListenerWrapper>
08-05 23:23:16.085 13697 13712 D OpenGLRenderer: Use EGL_SWAP_BEHAVIOR_PRESERVED: true
08-05 23:23:16.135 13697 13712 I Adreno  : QUALCOMM build                   : fcf4852, I1af360237c
08-05 23:23:16.135 13697 13712 I Adreno  : Build Date                       : 09/23/15
08-05 23:23:16.135 13697 13712 I Adreno  : OpenGL ES Shader Compiler Version: XE031.05.13.02
08-05 23:23:16.135 13697 13712 I Adreno  : Local Branch                     : mybranch14465806
08-05 23:23:16.135 13697 13712 I Adreno  : Remote Branch                    : quic/LA.BF64.1.2.9_v2
08-05 23:23:16.135 13697 13712 I Adreno  : Remote Branch                    : NONE
08-05 23:23:16.135 13697 13712 I Adreno  : Reconstruct Branch               : NOTHING
08-05 23:23:16.141 13697 13712 I OpenGLRenderer: Initialized EGL, version 1.4
08-05 23:23:16.261   918   936 I ActivityManager: Displayed baseline.io.github.project_travel_mate/.SplashActivity: +564ms
08-05 23:23:16.263 13866 13866 I GoogleInputMethodServic: GoogleInputMethodService.onFinishInput():3138 
08-05 23:23:16.264 13866 13866 I GoogleInputMethodServic: GoogleInputMethodService.onStartInput():1808 
08-05 23:23:17.289 13727 13727 D AndroidRuntime: >>>>>> START com.android.internal.os.RuntimeInit uid 2000 <<<<<<
08-05 23:23:17.293 13727 13727 D AndroidRuntime: CheckJNI is OFF
08-05 23:23:17.319 13727 13727 D ICU     : No timezone override file found: /data/misc/zoneinfo/current/icu/icu_tzdata.dat
08-05 23:23:17.346 13727 13727 I Radio-JNI: register_android_hardware_Radio DONE
08-05 23:23:17.360 13727 13727 D AndroidRuntime: Calling main entry com.android.commands.am.Am
08-05 23:23:17.367  3167  3167 I Trepn   : Trepn 6.2s: Received intent: com.quicinc.trepn.start_profiling
08-05 23:23:17.477  3167  3167 W FileUtils: Failed to chmod(/storage/emulated/0/trepn/Trepn_2020.08.05_232317.db): android.system.ErrnoException: chmod failed: EPERM (Operation not permitted)
08-05 23:23:17.578  3167  3167 I Trepn   : Trepn 6.2s: Trepn has Started Profiling.
08-05 23:23:17.579 13727 13727 D AndroidRuntime: Shutting down VM
08-05 23:23:18.147 13697 13710 I art     : Starting a blocking GC Explicit
08-05 23:23:18.164 13697 13710 I art     : Explicit concurrent mark sweep GC freed 49202(2MB) AllocSpace objects, 2(40KB) LOS objects, 40% free, 20MB/34MB, paused 119us total 16.323ms
08-05 23:23:18.173 13697 13710 I art     : Starting a blocking GC Explicit
08-05 23:23:18.175   918  6111 I ActivityManager: START u0 {cmp=baseline.io.github.project_travel_mate/.MainActivity} from uid 10696 on display 0
08-05 23:23:18.187 13697 13710 I art     : Explicit concurrent mark sweep GC freed 2299(105KB) AllocSpace objects, 0(0B) LOS objects, 40% free, 20MB/34MB, paused 138us total 14.087ms
08-05 23:23:18.202 13697 13710 I art     : Starting a blocking GC Explicit
08-05 23:23:18.242 13697 13710 I art     : Explicit concurrent mark sweep GC freed 96(27KB) AllocSpace objects, 0(0B) LOS objects, 40% free, 20MB/34MB, paused 15.047ms total 40.748ms
08-05 23:23:18.250 13697 13710 I art     : Starting a blocking GC Explicit
08-05 23:23:18.286 13697 13710 I art     : Explicit concurrent mark sweep GC freed 114(39KB) AllocSpace objects, 0(0B) LOS objects, 40% free, 20MB/34MB, paused 889us total 35.912ms
08-05 23:23:18.293 13697 13710 I art     : Starting a blocking GC Explicit
08-05 23:23:18.311 13697 13710 I art     : Explicit concurrent mark sweep GC freed 38(22KB) AllocSpace objects, 0(0B) LOS objects, 40% free, 20MB/34MB, paused 158us total 17.478ms
08-05 23:23:18.444 13697 13697 W Settings: Setting airplane_mode_on has moved from android.provider.Settings.System to android.provider.Settings.Global, returning read-only value.
08-05 23:23:18.469 13697 13697 V MainActivity: url=https://project-travel-mate.herokuapp.com/api/get-user
08-05 23:23:18.536 13697 13778 W LOTTIE  : Unknown mask mode mode. Defaulting to Add.
08-05 23:23:18.544 13697 13778 W LOTTIE  : You have 5 images. Lottie should primarily be used with shapes. If you are using Adobe Illustrator, convert the Illustrator layers to shape layers.
08-05 23:23:18.546 13697 13778 W LOTTIE  : Unknown mask mode mode. Defaulting to Add.
08-05 23:23:18.546 13697 13778 W LOTTIE  : Unknown mask mode mode. Defaulting to Add.
08-05 23:23:18.597 13697 13697 V CityFragment: url=https://project-travel-mate.herokuapp.com/api/get-all-cities/10
08-05 23:23:18.649 13697 13710 I art     : Starting a blocking GC Explicit
08-05 23:23:18.667 13697 13710 I art     : Explicit concurrent mark sweep GC freed 15027(1067KB) AllocSpace objects, 2(40KB) LOS objects, 40% free, 23MB/38MB, paused 210us total 18.132ms
08-05 23:23:18.707 13697 13710 I art     : Starting a blocking GC Explicit
08-05 23:23:18.738 13697 13710 I art     : Explicit concurrent mark sweep GC freed 435(19KB) AllocSpace objects, 0(0B) LOS objects, 40% free, 23MB/38MB, paused 242us total 29.639ms
08-05 23:23:18.747 13697 13710 I art     : Starting a blocking GC Explicit
08-05 23:23:18.758 13697 13710 I art     : Explicit concurrent mark sweep GC freed 3(96B) AllocSpace objects, 0(0B) LOS objects, 40% free, 23MB/38MB, paused 198us total 11.361ms
08-05 23:23:18.762 13697 13697 E RecyclerView: No adapter attached; skipping layout
08-05 23:23:18.766 13697 13710 I art     : Starting a blocking GC Explicit
08-05 23:23:18.781 13697 13710 I art     : Explicit concurrent mark sweep GC freed 367(100KB) AllocSpace objects, 0(0B) LOS objects, 40% free, 23MB/38MB, paused 377us total 14.881ms
08-05 23:23:18.790 13697 13710 I art     : Starting a blocking GC Explicit
08-05 23:23:18.805 13697 13710 I art     : Explicit concurrent mark sweep GC freed 2419(112KB) AllocSpace objects, 0(0B) LOS objects, 40% free, 23MB/38MB, paused 420us total 14.607ms
08-05 23:23:18.938 13697 13697 V MainActivity: url = https://project-travel-mate.herokuapp.com/api/number-of-unread-notifications
08-05 23:23:18.940   918   936 I ActivityManager: Displayed baseline.io.github.project_travel_mate/.MainActivity: +754ms
08-05 23:23:18.963 13866 13866 I GoogleInputMethodServic: GoogleInputMethodService.onFinishInput():3138 
08-05 23:23:18.964 13866 13866 I GoogleInputMethodServic: GoogleInputMethodService.onStartInput():1808 
08-05 23:23:18.965 13697 13697 E RecyclerView: No adapter attached; skipping layout
08-05 23:23:19.047 13697 13777 I NAPPA_EXPERIMENTATION: MetricNetworkRequestExecutionTime: REQUEST_DURATION_SYSTEM='545',REQUEST_DURATION_OKHTTP='33',REQUEST_SYNCHRONOUS='FALSE',RESPONSE_CODE='200',RESPONSE_METHOD='GET',RESPONSE_LENGTH_OKHTTP='185',RESPONSE_LENGTH_HEADER='185',REQUEST_PROTOCOL='http/1.1',REQUEST_URL='https://project-travel-mate.herokuapp.com/api/get-user',
08-05 23:23:19.072 13697 13781 I NAPPA_EXPERIMENTATION: MetricNetworkRequestExecutionTime: REQUEST_DURATION_SYSTEM='474',REQUEST_DURATION_OKHTTP='53',REQUEST_SYNCHRONOUS='FALSE',RESPONSE_CODE='200',RESPONSE_METHOD='GET',RESPONSE_LENGTH_OKHTTP='1588',RESPONSE_LENGTH_HEADER='1588',REQUEST_PROTOCOL='http/1.1',REQUEST_URL='https://project-travel-mate.herokuapp.com/api/get-all-cities/10',
08-05 23:23:19.074 13697 13697 V CityFragment: result=[{"id":1,"city_name":"Delhi","facts_count":6,"image":"https://upload.wikimedia.org/wikipedia/commons/9/94/%E0%B4%96%E0%B5%81%E0%B4%A4%E0%B5%8D%E0%B4%AC%E0%B5%8D_%E0%B4%AE%E0%B4%BF%E0%B4%A8%E0%B4%BE%E0%B5%BC1.jpg","visit_count":18186},{"id":2,"city_name":"Mumbai","facts_count":0,"image":"https://static1.squarespace.com/static/55917ae2e4b0984fc8c264c4/t/5ad7a037758d464041bfba27/1524102624280/Victoria_Mumbai.jpg","visit_count":6022},{"id":3,"city_name":"Bangalore","facts_count":0,"image":null,"visit_count":5536},{"id":8,"city_name":"Pune","facts_count":0,"image":"https://www.zricks.com/ImagesPostProject/47929//6557d975-20a9-4c6c-a776-8072a1936a76.jpg","visit_count":3324},{"id":4,"city_name":"Chennai","facts_count":0,"image":"http://lh3.ggpht.com/_YLb7tJ8RoAk/SfazBLdgf3I/AAAAAAAANEg/p52_Zz_URxg/s640/Picture%20009.jpg","visit_count":3061},{"id":5,"city_name":"Kolkata","facts_count":0,"image":"https://i.pinimg.com/originals/05/ec/42/05ec42c545b494d12cc612923483b4f0.jpg","visit_count":2211},{"id":9,"city_name":"Jaipur","facts_count":1,"image":"https://www.trodly.com/pictures/attraction/1943.jpg","visit_count":2007},{"id":6,"city_name":"Hyderabad","facts_count":0,"image":"https://i1.trekearth.com/photos/59194/charminar_020_sm.jpg","visit_count":1633},{"id":150,"city_name":"Panjim","facts_count":0,"image":"http://www.nomad4ever.com/wp-content/uploads/2009/04/palm-trees-at-baga-creek-north-goa1.jpg","visit_count":1488},{"id":7,"city_name":"Ahmedabad","facts_count":0,"image":"https://i.pinimg.com/originals/a5/ed/29/a5ed293271669a61f47059f7b0d9cf2c.jpg","visit_count":1115}]
08-05 23:23:19.111 13697 13709 I art     : Starting a blocking GC Explicit
08-05 23:23:19.129 13697 13709 I art     : Explicit concurrent mark sweep GC freed 10774(626KB) AllocSpace objects, 7(420KB) LOS objects, 36% free, 28MB/44MB, paused 277us total 17.830ms
08-05 23:23:19.138 13697 13709 I art     : Starting a blocking GC Explicit
08-05 23:23:19.142 13697 13697 D CityFragment: get cities cities size = 10
08-05 23:23:19.174 13697 13709 I art     : Explicit concurrent mark sweep GC freed 2447(278KB) AllocSpace objects, 1(20KB) LOS objects, 34% free, 30MB/46MB, paused 367us total 35.184ms
08-05 23:23:19.185 13697 13709 I art     : Starting a blocking GC Explicit
08-05 23:23:19.192   380   380 W SurfaceFlinger: couldn't log to binary event log: overflow.
08-05 23:23:19.203 13697 13709 I art     : Explicit concurrent mark sweep GC freed 399(26KB) AllocSpace objects, 0(0B) LOS objects, 34% free, 30MB/46MB, paused 358us total 18.441ms
08-05 23:23:19.211 13697 13709 I art     : Starting a blocking GC Explicit
08-05 23:23:19.226 13697 13709 I art     : Explicit concurrent mark sweep GC freed 252(18KB) AllocSpace objects, 0(0B) LOS objects, 34% free, 30MB/46MB, paused 558us total 14.033ms
08-05 23:23:19.234 13697 13709 I art     : Starting a blocking GC Explicit
08-05 23:23:19.249 13697 13709 I art     : Explicit concurrent mark sweep GC freed 437(34KB) AllocSpace objects, 0(0B) LOS objects, 34% free, 30MB/46MB, paused 455us total 14.966ms
08-05 23:23:19.433 13697 13785 I NAPPA_EXPERIMENTATION: MetricNetworkRequestExecutionTime: REQUEST_DURATION_SYSTEM='494',REQUEST_DURATION_OKHTTP='56',REQUEST_SYNCHRONOUS='FALSE',RESPONSE_CODE='200',RESPONSE_METHOD='GET',RESPONSE_LENGTH_OKHTTP='36',RESPONSE_LENGTH_HEADER='36',REQUEST_PROTOCOL='http/1.1',REQUEST_URL='https://project-travel-mate.herokuapp.com/api/number-of-unread-notifications',
08-05 23:23:19.514 13697 13758 I art     : Starting a blocking GC Explicit
08-05 23:23:19.535 13697 13758 I art     : Explicit concurrent mark sweep GC freed 16522(1385KB) AllocSpace objects, 14(4MB) LOS objects, 34% free, 29MB/45MB, paused 629us total 21.489ms
08-05 23:23:19.545 13697 13758 I art     : Starting a blocking GC Explicit
08-05 23:23:19.562 13697 13758 I art     : Explicit concurrent mark sweep GC freed 10676(549KB) AllocSpace objects, 2(88KB) LOS objects, 35% free, 29MB/45MB, paused 308us total 16.848ms
08-05 23:23:19.570 13697 13758 I art     : Starting a blocking GC Explicit
08-05 23:23:19.586 13697 13758 I art     : Explicit concurrent mark sweep GC freed 494(55KB) AllocSpace objects, 0(0B) LOS objects, 35% free, 29MB/45MB, paused 304us total 15.538ms
08-05 23:23:19.594 13697 13758 I art     : Starting a blocking GC Explicit
08-05 23:23:19.611 13697 13758 I art     : Explicit concurrent mark sweep GC freed 233(8KB) AllocSpace objects, 0(0B) LOS objects, 35% free, 29MB/45MB, paused 387us total 16.650ms
08-05 23:23:19.619 13697 13758 I art     : Starting a blocking GC Explicit
08-05 23:23:19.635 13697 13758 I art     : Explicit concurrent mark sweep GC freed 1719(69KB) AllocSpace objects, 0(0B) LOS objects, 35% free, 29MB/45MB, paused 320us total 16.335ms
08-05 23:23:19.916 13697 13710 I art     : Starting a blocking GC Explicit
08-05 23:23:19.936 13697 13710 I art     : Explicit concurrent mark sweep GC freed 7764(949KB) AllocSpace objects, 15(1676KB) LOS objects, 33% free, 31MB/47MB, paused 281us total 19.527ms
08-05 23:23:19.945 13697 13710 I art     : Starting a blocking GC Explicit
08-05 23:23:19.962 13697 13710 I art     : Explicit concurrent mark sweep GC freed 256(8KB) AllocSpace objects, 0(0B) LOS objects, 33% free, 31MB/47MB, paused 291us total 17.344ms
08-05 23:23:19.971 13697 13710 I art     : Starting a blocking GC Explicit
08-05 23:23:19.989 13697 13710 I art     : Explicit concurrent mark sweep GC freed 63(2816B) AllocSpace objects, 0(0B) LOS objects, 33% free, 31MB/47MB, paused 282us total 17.449ms
08-05 23:23:19.998 13697 13710 I art     : Starting a blocking GC Explicit
08-05 23:23:20.017 13697 13710 I art     : Explicit concurrent mark sweep GC freed 1546(64KB) AllocSpace objects, 0(0B) LOS objects, 33% free, 31MB/47MB, paused 643us total 19.063ms
08-05 23:23:20.026 13697 13710 I art     : Starting a blocking GC Explicit
08-05 23:23:20.043 13697 13710 I art     : Explicit concurrent mark sweep GC freed 522(18KB) AllocSpace objects, 0(0B) LOS objects, 33% free, 31MB/47MB, paused 324us total 17.077ms
08-05 23:23:20.352 13697 13710 I art     : Starting a blocking GC Explicit
08-05 23:23:20.373 13697 13710 I art     : Explicit concurrent mark sweep GC freed 4270(450KB) AllocSpace objects, 11(1532KB) LOS objects, 32% free, 32MB/48MB, paused 272us total 21.604ms
08-05 23:23:20.383 13697 13710 I art     : Starting a blocking GC Explicit
08-05 23:23:20.400 13697 13710 I art     : Explicit concurrent mark sweep GC freed 191(5KB) AllocSpace objects, 0(0B) LOS objects, 32% free, 32MB/48MB, paused 234us total 16.890ms
08-05 23:23:20.410 13697 13710 I art     : Starting a blocking GC Explicit
08-05 23:23:20.427 13697 13710 I art     : Explicit concurrent mark sweep GC freed 35(656B) AllocSpace objects, 0(0B) LOS objects, 32% free, 32MB/48MB, paused 288us total 17.288ms
08-05 23:23:20.437 13697 13710 I art     : Starting a blocking GC Explicit
08-05 23:23:20.454 13697 13710 I art     : Explicit concurrent mark sweep GC freed 49(928B) AllocSpace objects, 0(0B) LOS objects, 32% free, 32MB/48MB, paused 276us total 17.046ms
08-05 23:23:20.463 13697 13710 I art     : Starting a blocking GC Explicit
08-05 23:23:20.479 13697 13710 I art     : Explicit concurrent mark sweep GC freed 54(992B) AllocSpace objects, 0(0B) LOS objects, 32% free, 32MB/48MB, paused 235us total 16.700ms
08-05 23:23:20.481 24577 13837 I SystemUpdate: [Execution,InstallationIntentOperation] Received intent: Intent { act=com.google.android.gms.update.INSTALL_UPDATE cat=[targeted_intent_op_prefix:.update.execution.InstallationIntentOperation] flg=0x4 cmp=com.google.android.gms/.chimera.GmsIntentOperationService (has extras) }.
08-05 23:23:20.503 15866 15866 I Finsky  : [1] xow.onStartJob(3): SCH: onJobSchedulerWakeup with jobId 9010
08-05 23:23:20.511 15866 15866 I Finsky  : [1] xjw.a(9): Scheduling fallback in 43199995 (absolute: 1859604381)
08-05 23:23:20.519 15866 15866 I Finsky  : [1] xjw.a(9): Scheduling fallback in 64799992 (absolute: 1881204386)
08-05 23:23:20.534 15866 15866 I Finsky  : [1] xow.onStartJob(3): SCH: onJobSchedulerWakeup with jobId 9015
08-05 23:23:20.542 15866 15866 I Finsky  : [1] xjw.a(9): Scheduling fallback in 43199996 (absolute: 1859604413)
08-05 23:23:20.549 15866 15866 I Finsky  : [1] xjw.a(9): Scheduling fallback in 64799994 (absolute: 1881204417)
08-05 23:23:20.558 15866 15866 W Finsky  : [1] xow.onStartJob(9): SCH: onJobSchedulerWakeup while already running
08-05 23:23:20.712 24577 13837 W SystemUpdate: [Config,SystemUpdatePolicyCompat] Error getting device policy. This might be WAI given that there is a bug in Android framework API.
08-05 23:23:20.713 24577 13837 W SystemUpdate: [Config,SystemUpdatePolicyCompat] Error getting device policy. This might be WAI given that there is a bug in Android framework API.
08-05 23:23:20.714 24577 13837 I SystemUpdate: [Control,InstallationControl] Installation progress updated to (0x70B, -1.000).
08-05 23:23:20.757 15866 15866 I Finsky  : [1] xkf.handleMessage(8): SCH: DeviceState: DeviceState{currentTime=1596662600753, isCharging=false, isIdle=false, netAny=true, netNotRoaming=true, netUnmetered=true, batteryPercent=100.0}
08-05 23:23:20.764 15866 13850 I Finsky  : [6598] xmu.a(8): SCH: Jobs in database: 1-1337 3-219 3-220 24-77777777 26-1414141414 
08-05 23:23:20.770 15866 15866 I Finsky  : [1] xkg.a(16): SCH: Running job: 26-1414141414
08-05 23:23:20.771 15866 15866 I Finsky  : [1] xkf.handleMessage(61): SCH: RunningQueue size: 1, PendingQueue size: 0
08-05 23:23:20.772 15866 15866 I Finsky  : [1] xkf.handleMessage(64): SCH: Running queue: 26-1414141414 
08-05 23:23:20.792 13697 13710 I art     : Starting a blocking GC Explicit
08-05 23:23:20.809 13697 13710 I art     : Explicit concurrent mark sweep GC freed 2271(109KB) AllocSpace objects, 2(40KB) LOS objects, 32% free, 32MB/48MB, paused 230us total 16.788ms
08-05 23:23:20.811 10068 10068 I ServiceManager: Waiting for service AtCmdFwd...
08-05 23:23:20.816 15866 15951 I Finsky  : [6086] gwt.a(-1): [Counters Flush] Successfully generated counter events
08-05 23:23:20.817 15866 15951 I Finsky  : [6086] gwi.a(1): [Counters Flush] Counters flushed successfully
08-05 23:23:20.817 13697 13710 I art     : Starting a blocking GC Explicit
08-05 23:23:20.825 15866 15951 I Finsky  : [6086] xlr.a(13): SCH: jobFinished: 26-1414141414. TimeElapsed: 55ms.
08-05 23:23:20.826 15866 15866 I Finsky  : [1] xkg.a(39): SCH: Job 26-1414141414 finished. Rescheduling.
08-05 23:23:20.827 15866 15866 I Finsky  : [1] xkf.handleMessage(61): SCH: RunningQueue size: 0, PendingQueue size: 0
08-05 23:23:20.827 15866 15866 I Finsky  : [1] xkf.handleMessage(25): Executor finished
08-05 23:23:20.833 13697 13710 I art     : Explicit concurrent mark sweep GC freed 80(2304B) AllocSpace objects, 0(0B) LOS objects, 32% free, 32MB/48MB, paused 224us total 15.607ms
08-05 23:23:20.842 13697 13710 I art     : Starting a blocking GC Explicit
08-05 23:23:20.847 15866 15866 I Finsky  : [1] xmu.a(8): SCH: Jobs in database: 1-1337 3-219 3-220 24-77777777 26-1414141414 
08-05 23:23:20.849 15866 15866 I Finsky  : [1] xio.a(57): SCH: ConstraintMapping: 24-77777777,  -> L: 0ms, D: 78410078ms, C: false, I: true, N: 0
08-05 23:23:20.849 15866 15866 I Finsky  : [1] xio.a(57): SCH: ConstraintMapping: 1-1337,  -> L: 3691709ms, D: 38552064ms, C: false, I: false, N: 1
08-05 23:23:20.850 15866 15866 I Finsky  : [1] xio.a(57): SCH: ConstraintMapping: 3-219,  -> L: 0ms, D: 70562674ms, C: false, I: true, N: 2
08-05 23:23:20.850 15866 15866 I Finsky  : [1] xio.a(57): SCH: ConstraintMapping: 3-220,  -> L: 0ms, D: 70562716ms, C: true, I: true, N: 2
08-05 23:23:20.850 15866 15866 I Finsky  : [1] xio.a(57): SCH: ConstraintMapping: 26-1414141414,  -> L: 43199971ms, D: 44099971ms, C: false, I: false, N: 0
08-05 23:23:20.858 13697 13710 I art     : Explicit concurrent mark sweep GC freed 27(496B) AllocSpace objects, 0(0B) LOS objects, 32% free, 32MB/48MB, paused 233us total 15.920ms
08-05 23:23:20.866 13697 13710 I art     : Starting a blocking GC Explicit
08-05 23:23:20.871 15866 15866 I Finsky  : [1] xle.a(34): Cancelling existing jobscheduler jobs: 9009 9008 9011 9001 9013 9014 9012 9007 
08-05 23:23:20.871 15866 15866 I Finsky  : [1] xle.a(10): Throttling wakeup for job 9000 (expected to run in 0 ms) due to recent wakeup
08-05 23:23:20.871 15866 15866 I Finsky  : [1] xle.a(27): Scheduling job Id: 9000, L: 30000, D: 78410078, C: false, I: true, N: 0
08-05 23:23:20.876 15866 15866 I Finsky  : [1] xle.a(27): Scheduling job Id: 9002, L: 3691709, D: 38552064, C: false, I: false, N: 1
08-05 23:23:20.877 15866 15866 I Finsky  : [1] xle.a(10): Throttling wakeup for job 9003 (expected to run in 0 ms) due to recent wakeup
08-05 23:23:20.878 15866 15866 I Finsky  : [1] xle.a(27): Scheduling job Id: 9003, L: 30000, D: 70562674, C: false, I: true, N: 2
08-05 23:23:20.879 15866 15866 I Finsky  : [1] xle.a(10): Throttling wakeup for job 9004 (expected to run in 0 ms) due to recent wakeup
08-05 23:23:20.880 15866 15866 I Finsky  : [1] xle.a(27): Scheduling job Id: 9004, L: 30000, D: 70562716, C: true, I: true, N: 2
08-05 23:23:20.881 13697 13710 I art     : Explicit concurrent mark sweep GC freed 51(896B) AllocSpace objects, 0(0B) LOS objects, 32% free, 32MB/48MB, paused 228us total 14.950ms
08-05 23:23:20.883 15866 15866 I Finsky  : [1] xle.a(27): Scheduling job Id: 9005, L: 43199971, D: 44099971, C: false, I: false, N: 0
08-05 23:23:20.884 15866 15866 I Finsky  : [1] xle.a(10): Throttling wakeup for job 9006 (expected to run in 0 ms) due to recent wakeup
08-05 23:23:20.885 15866 15866 I Finsky  : [1] xle.a(27): Scheduling job Id: 9006, L: 30000, D: 78410078, C: false, I: true, N: 0
08-05 23:23:20.888 15866 15866 I Finsky  : [1] xle.a(27): Scheduling job Id: 9015, L: 3691709, D: 38552064, C: false, I: false, N: 1
08-05 23:23:20.890 13697 13710 I art     : Starting a blocking GC Explicit
08-05 23:23:20.890 15866 15866 I Finsky  : [1] xle.a(10): Throttling wakeup for job 9016 (expected to run in 0 ms) due to recent wakeup
08-05 23:23:20.890 15866 15866 I Finsky  : [1] xle.a(27): Scheduling job Id: 9016, L: 30000, D: 70562674, C: false, I: true, N: 2
08-05 23:23:20.894 15866 15866 I Finsky  : [1] xle.a(10): Throttling wakeup for job 9017 (expected to run in 0 ms) due to recent wakeup
08-05 23:23:20.894 15866 15866 I Finsky  : [1] xle.a(27): Scheduling job Id: 9017, L: 30000, D: 70562716, C: true, I: true, N: 2
08-05 23:23:20.896 15866 15866 I Finsky  : [1] xle.a(27): Scheduling job Id: 9018, L: 43199971, D: 44099971, C: false, I: false, N: 0
08-05 23:23:20.904 13697 13710 I art     : Explicit concurrent mark sweep GC freed 27(496B) AllocSpace objects, 0(0B) LOS objects, 32% free, 32MB/48MB, paused 224us total 14.390ms
08-05 23:23:20.932 24577 13837 W SystemUpdate: [Config,SystemUpdatePolicyCompat] Error getting device policy. This might be WAI given that there is a bug in Android framework API.
08-05 23:23:20.995 24577 13837 I SystemUpdate: [Execution,ExecutionManager] Action non-streaming-download executed for 0.51 seconds.
08-05 23:23:21.015 24577 13837 I SystemUpdate: [Execution,ExecutionManager] Action fixed-delay-execution executed for 0.02 seconds.
08-05 23:23:21.211 13697 13709 I art     : Starting a blocking GC Explicit
08-05 23:23:21.231 13697 13709 I art     : Explicit concurrent mark sweep GC freed 1906(90KB) AllocSpace objects, 2(40KB) LOS objects, 32% free, 32MB/48MB, paused 254us total 19.471ms
08-05 23:23:21.244 13697 13709 I art     : Starting a blocking GC Explicit
08-05 23:23:21.261 13697 13709 I art     : Explicit concurrent mark sweep GC freed 56(1344B) AllocSpace objects, 0(0B) LOS objects, 32% free, 32MB/48MB, paused 301us total 16.806ms
08-05 23:23:21.270 13697 13709 I art     : Starting a blocking GC Explicit
08-05 23:23:21.287 13697 13709 I art     : Explicit concurrent mark sweep GC freed 41(736B) AllocSpace objects, 0(0B) LOS objects, 32% free, 32MB/48MB, paused 274us total 16.638ms
08-05 23:23:21.296 13697 13709 I art     : Starting a blocking GC Explicit
08-05 23:23:21.313 13697 13709 I art     : Explicit concurrent mark sweep GC freed 42(736B) AllocSpace objects, 0(0B) LOS objects, 32% free, 32MB/48MB, paused 285us total 16.908ms
08-05 23:23:21.321 13697 13709 I art     : Starting a blocking GC Explicit
08-05 23:23:21.339 13697 13709 I art     : Explicit concurrent mark sweep GC freed 36(656B) AllocSpace objects, 0(0B) LOS objects, 32% free, 32MB/48MB, paused 497us total 17.010ms
08-05 23:23:21.670 13697 13758 I art     : Starting a blocking GC Explicit
08-05 23:23:21.687 13697 13758 I art     : Explicit concurrent mark sweep GC freed 1930(91KB) AllocSpace objects, 2(40KB) LOS objects, 32% free, 32MB/48MB, paused 316us total 17.031ms
08-05 23:23:21.696 13697 13758 I art     : Starting a blocking GC Explicit
08-05 23:23:21.711 13697 13758 I art     : Explicit concurrent mark sweep GC freed 46(1184B) AllocSpace objects, 0(0B) LOS objects, 32% free, 32MB/48MB, paused 248us total 14.751ms
08-05 23:23:21.719 13697 13758 I art     : Starting a blocking GC Explicit
08-05 23:23:21.735 13697 13758 I art     : Explicit concurrent mark sweep GC freed 51(896B) AllocSpace objects, 0(0B) LOS objects, 32% free, 32MB/48MB, paused 236us total 15.033ms
08-05 23:23:21.743 13697 13758 I art     : Starting a blocking GC Explicit
08-05 23:23:21.759 13697 13758 I art     : Explicit concurrent mark sweep GC freed 27(496B) AllocSpace objects, 0(0B) LOS objects, 32% free, 32MB/48MB, paused 243us total 15.527ms
08-05 23:23:21.767 13697 13758 I art     : Starting a blocking GC Explicit
08-05 23:23:21.782 13697 13758 I art     : Explicit concurrent mark sweep GC freed 51(896B) AllocSpace objects, 0(0B) LOS objects, 32% free, 32MB/48MB, paused 242us total 15ms
08-05 23:23:21.811 10068 10068 I ServiceManager: Waiting for service AtCmdFwd...
08-05 23:23:22.123 13697 13757 I art     : Starting a blocking GC Explicit
08-05 23:23:22.143 13697 13757 I art     : Explicit concurrent mark sweep GC freed 1930(91KB) AllocSpace objects, 2(40KB) LOS objects, 32% free, 32MB/48MB, paused 266us total 19.730ms
08-05 23:23:22.156 13697 13757 I art     : Starting a blocking GC Explicit
08-05 23:23:22.173 13697 13757 I art     : Explicit concurrent mark sweep GC freed 70(1584B) AllocSpace objects, 0(0B) LOS objects, 32% free, 32MB/48MB, paused 241us total 16.501ms
08-05 23:23:22.182 13697 13757 I art     : Starting a blocking GC Explicit
08-05 23:23:22.199 13697 13757 I art     : Explicit concurrent mark sweep GC freed 50(864B) AllocSpace objects, 0(0B) LOS objects, 32% free, 32MB/48MB, paused 258us total 16.866ms
08-05 23:23:22.207 13697 13757 I art     : Starting a blocking GC Explicit
08-05 23:23:22.224 13697 13757 I art     : Explicit concurrent mark sweep GC freed 28(528B) AllocSpace objects, 0(0B) LOS objects, 32% free, 32MB/48MB, paused 231us total 16.622ms
08-05 23:23:22.233 13697 13757 I art     : Starting a blocking GC Explicit
08-05 23:23:22.250 13697 13757 I art     : Explicit concurrent mark sweep GC freed 51(896B) AllocSpace objects, 0(0B) LOS objects, 32% free, 32MB/48MB, paused 255us total 17.254ms
08-05 23:23:22.566 13697 13710 I art     : Starting a blocking GC Explicit
08-05 23:23:22.584 13697 13710 I art     : Explicit concurrent mark sweep GC freed 1905(90KB) AllocSpace objects, 2(40KB) LOS objects, 32% free, 32MB/48MB, paused 243us total 17.900ms
08-05 23:23:22.593 13697 13710 I art     : Starting a blocking GC Explicit
08-05 23:23:22.611 13697 13710 I art     : Explicit concurrent mark sweep GC freed 46(1184B) AllocSpace objects, 0(0B) LOS objects, 32% free, 32MB/48MB, paused 227us total 17.316ms
08-05 23:23:22.620 13697 13710 I art     : Starting a blocking GC Explicit
08-05 23:23:22.636 13697 13710 I art     : Explicit concurrent mark sweep GC freed 51(896B) AllocSpace objects, 0(0B) LOS objects, 32% free, 32MB/48MB, paused 246us total 15.938ms
08-05 23:23:22.645 13697 13710 I art     : Starting a blocking GC Explicit
08-05 23:23:22.661 13697 13710 I art     : Explicit concurrent mark sweep GC freed 26(464B) AllocSpace objects, 0(0B) LOS objects, 32% free, 32MB/48MB, paused 231us total 16.212ms
08-05 23:23:22.670 13697 13710 I art     : Starting a blocking GC Explicit
08-05 23:23:22.685 13697 13710 I art     : Explicit concurrent mark sweep GC freed 52(928B) AllocSpace objects, 0(0B) LOS objects, 32% free, 32MB/48MB, paused 244us total 15.506ms
08-05 23:23:22.811 10068 10068 I ServiceManager: Waiting for service AtCmdFwd...
08-05 23:23:23.018 13697 13709 I art     : Starting a blocking GC Explicit
08-05 23:23:23.037 13697 13709 I art     : Explicit concurrent mark sweep GC freed 1929(91KB) AllocSpace objects, 2(40KB) LOS objects, 32% free, 32MB/48MB, paused 259us total 19.114ms
08-05 23:23:23.047 13697 13709 I art     : Starting a blocking GC Explicit
08-05 23:23:23.066 13697 13709 I art     : Explicit concurrent mark sweep GC freed 59(1376B) AllocSpace objects, 0(0B) LOS objects, 32% free, 32MB/48MB, paused 330us total 18.618ms
08-05 23:23:23.075 13697 13709 I art     : Starting a blocking GC Explicit
08-05 23:23:23.092 13697 13709 I art     : Explicit concurrent mark sweep GC freed 38(704B) AllocSpace objects, 0(0B) LOS objects, 32% free, 32MB/48MB, paused 253us total 16.964ms
08-05 23:23:23.101 13697 13709 I art     : Starting a blocking GC Explicit
08-05 23:23:23.119 13697 13709 I art     : Explicit concurrent mark sweep GC freed 51(896B) AllocSpace objects, 0(0B) LOS objects, 32% free, 32MB/48MB, paused 258us total 17.350ms
08-05 23:23:23.128 13697 13709 I art     : Starting a blocking GC Explicit
08-05 23:23:23.145 13697 13709 I art     : Explicit concurrent mark sweep GC freed 27(496B) AllocSpace objects, 0(0B) LOS objects, 32% free, 32MB/48MB, paused 236us total 17.267ms
08-05 23:23:23.502 13697 13758 I art     : Starting a blocking GC Explicit
08-05 23:23:23.522 13697 13758 I art     : Explicit concurrent mark sweep GC freed 1977(92KB) AllocSpace objects, 2(40KB) LOS objects, 32% free, 32MB/48MB, paused 259us total 19.672ms
08-05 23:23:23.534 13697 13758 I art     : Starting a blocking GC Explicit
08-05 23:23:23.550 13697 13758 I art     : Explicit concurrent mark sweep GC freed 70(1584B) AllocSpace objects, 0(0B) LOS objects, 32% free, 32MB/48MB, paused 250us total 16.463ms
08-05 23:23:23.559 13697 13758 I art     : Starting a blocking GC Explicit
08-05 23:23:23.576 13697 13758 I art     : Explicit concurrent mark sweep GC freed 27(496B) AllocSpace objects, 0(0B) LOS objects, 32% free, 32MB/48MB, paused 249us total 16.688ms
08-05 23:23:23.585 13697 13758 I art     : Starting a blocking GC Explicit
08-05 23:23:23.602 13697 13758 I art     : Explicit concurrent mark sweep GC freed 51(896B) AllocSpace objects, 0(0B) LOS objects, 32% free, 32MB/48MB, paused 250us total 16.891ms
08-05 23:23:23.610 13697 13758 I art     : Starting a blocking GC Explicit
08-05 23:23:23.627 13697 13758 I art     : Explicit concurrent mark sweep GC freed 27(496B) AllocSpace objects, 0(0B) LOS objects, 32% free, 32MB/48MB, paused 242us total 16.750ms
08-05 23:23:23.812 10068 10068 I ServiceManager: Waiting for service AtCmdFwd...
08-05 23:23:23.973 13697 13757 I art     : Starting a blocking GC Explicit
08-05 23:23:23.993 13697 13757 I art     : Explicit concurrent mark sweep GC freed 1954(91KB) AllocSpace objects, 2(40KB) LOS objects, 32% free, 32MB/48MB, paused 272us total 19.772ms
08-05 23:23:24.007 13697 13757 I art     : Starting a blocking GC Explicit
08-05 23:23:24.024 13697 13757 I art     : Explicit concurrent mark sweep GC freed 70(1584B) AllocSpace objects, 0(0B) LOS objects, 32% free, 32MB/48MB, paused 234us total 16.804ms
08-05 23:23:24.032 13697 13757 I art     : Starting a blocking GC Explicit
08-05 23:23:24.050 13697 13757 I art     : Explicit concurrent mark sweep GC freed 33(576B) AllocSpace objects, 0(0B) LOS objects, 32% free, 32MB/48MB, paused 310us total 16.980ms
08-05 23:23:24.058 13697 13757 I art     : Starting a blocking GC Explicit
08-05 23:23:24.075 13697 13757 I art     : Explicit concurrent mark sweep GC freed 45(816B) AllocSpace objects, 0(0B) LOS objects, 32% free, 32MB/48MB, paused 246us total 16.963ms
08-05 23:23:24.084 13697 13757 I art     : Starting a blocking GC Explicit
08-05 23:23:24.102 13697 13757 I art     : Explicit concurrent mark sweep GC freed 41(720B) AllocSpace objects, 0(0B) LOS objects, 32% free, 32MB/48MB, paused 285us total 17.499ms
08-05 23:23:24.431 13697 13710 I art     : Starting a blocking GC Explicit
08-05 23:23:24.452 13697 13710 I art     : Explicit concurrent mark sweep GC freed 1940(91KB) AllocSpace objects, 2(40KB) LOS objects, 32% free, 32MB/48MB, paused 260us total 20.040ms
08-05 23:23:24.464 13697 13710 I art     : Starting a blocking GC Explicit
08-05 23:23:24.482 13697 13710 I art     : Explicit concurrent mark sweep GC freed 45(1152B) AllocSpace objects, 0(0B) LOS objects, 32% free, 32MB/48MB, paused 272us total 17.516ms
08-05 23:23:24.490 13697 13710 I art     : Starting a blocking GC Explicit
08-05 23:23:24.507 13697 13710 I art     : Explicit concurrent mark sweep GC freed 52(928B) AllocSpace objects, 0(0B) LOS objects, 32% free, 32MB/48MB, paused 246us total 16.736ms
08-05 23:23:24.516 13697 13710 I art     : Starting a blocking GC Explicit
08-05 23:23:24.533 13697 13710 I art     : Explicit concurrent mark sweep GC freed 37(640B) AllocSpace objects, 0(0B) LOS objects, 32% free, 32MB/48MB, paused 280us total 17.143ms
08-05 23:23:24.542 13697 13710 I art     : Starting a blocking GC Explicit
08-05 23:23:24.559 13697 13710 I art     : Explicit concurrent mark sweep GC freed 41(752B) AllocSpace objects, 0(0B) LOS objects, 32% free, 32MB/48MB, paused 254us total 17.021ms
08-05 23:23:24.812 10068 10068 I ServiceManager: Waiting for service AtCmdFwd...
08-05 23:23:24.849 13697 13709 I art     : Starting a blocking GC Explicit
08-05 23:23:24.868 13697 13709 I art     : Explicit concurrent mark sweep GC freed 1882(90KB) AllocSpace objects, 2(40KB) LOS objects, 32% free, 32MB/48MB, paused 263us total 18.298ms
08-05 23:23:24.878 13697 13709 I art     : Starting a blocking GC Explicit
08-05 23:23:24.896 13697 13709 I art     : Explicit concurrent mark sweep GC freed 46(1184B) AllocSpace objects, 0(0B) LOS objects, 32% free, 32MB/48MB, paused 261us total 17.723ms
08-05 23:23:24.905 13697 13709 I art     : Starting a blocking GC Explicit
08-05 23:23:24.920 13697 13709 I art     : Explicit concurrent mark sweep GC freed 51(896B) AllocSpace objects, 0(0B) LOS objects, 32% free, 32MB/48MB, paused 247us total 15.410ms
08-05 23:23:24.928 13697 13709 I art     : Starting a blocking GC Explicit
08-05 23:23:24.944 13697 13709 I art     : Explicit concurrent mark sweep GC freed 27(496B) AllocSpace objects, 0(0B) LOS objects, 32% free, 32MB/48MB, paused 284us total 15.402ms
08-05 23:23:24.953 13697 13709 I art     : Starting a blocking GC Explicit
08-05 23:23:24.970 13697 13709 I art     : Explicit concurrent mark sweep GC freed 52(928B) AllocSpace objects, 0(0B) LOS objects, 32% free, 32MB/48MB, paused 257us total 16.824ms
08-05 23:23:25.040 13966 13966 D AndroidRuntime: >>>>>> START com.android.internal.os.RuntimeInit uid 2000 <<<<<<
08-05 23:23:25.044 13966 13966 D AndroidRuntime: CheckJNI is OFF
08-05 23:23:25.070 13966 13966 D ICU     : No timezone override file found: /data/misc/zoneinfo/current/icu/icu_tzdata.dat
08-05 23:23:25.095 13966 13966 I Radio-JNI: register_android_hardware_Radio DONE
08-05 23:23:25.112 13966 13966 D AndroidRuntime: Calling main entry com.android.commands.input.Input
08-05 23:23:25.113 13966 13966 I Input   : injectMotionEvent: MotionEvent { action=ACTION_DOWN, actionButton=0, id[0]=0, x[0]=346.0, y[0]=709.0, toolType[0]=TOOL_TYPE_UNKNOWN, buttonState=0, metaState=0, flags=0x0, edgeFlags=0x0, pointerCount=1, historySize=0, eventTime=833021526, downTime=833021526, deviceId=0, source=0x1002 }
08-05 23:23:25.126 13966 13966 I Input   : injectMotionEvent: MotionEvent { action=ACTION_UP, actionButton=0, id[0]=0, x[0]=346.0, y[0]=709.0, toolType[0]=TOOL_TYPE_UNKNOWN, buttonState=0, metaState=0, flags=0x0, edgeFlags=0x0, pointerCount=1, historySize=0, eventTime=833021526, downTime=833021526, deviceId=0, source=0x1002 }
08-05 23:23:25.135   918  5952 I ActivityManager: START u0 {cmp=baseline.io.github.project_travel_mate/.destinations.description.FinalCityInfoActivity (has extras)} from uid 10696 on display 0
08-05 23:23:25.141 13966 13966 D AndroidRuntime: Shutting down VM
08-05 23:23:25.169 13697 13778 D Gabe    : call	returning from cache
08-05 23:23:25.240 13697 13697 V EXECUTING: https://project-travel-mate.herokuapp.com/api/get-city-weather/1
08-05 23:23:25.251 13697 13709 I art     : Starting a blocking GC Explicit
08-05 23:23:25.273 13697 13709 I art     : Explicit concurrent mark sweep GC freed 8569(559KB) AllocSpace objects, 2(40KB) LOS objects, 32% free, 33MB/49MB, paused 359us total 21.527ms
08-05 23:23:25.283 13697 13709 I art     : Starting a blocking GC Explicit
08-05 23:23:25.303 13697 13709 I art     : Explicit concurrent mark sweep GC freed 1158(47KB) AllocSpace objects, 0(0B) LOS objects, 29% free, 37MB/53MB, paused 673us total 19.692ms
08-05 23:23:25.315 13697 13709 I art     : Starting a blocking GC Explicit
08-05 23:23:25.335 13697 13709 I art     : Explicit concurrent mark sweep GC freed 191(13KB) AllocSpace objects, 0(0B) LOS objects, 29% free, 37MB/53MB, paused 570us total 19.841ms
08-05 23:23:25.345 13697 13709 I art     : Starting a blocking GC Explicit
08-05 23:23:25.365 13697 13709 I art     : Explicit concurrent mark sweep GC freed 21(960B) AllocSpace objects, 0(0B) LOS objects, 29% free, 37MB/53MB, paused 333us total 19.339ms
08-05 23:23:25.372   918   936 I ActivityManager: Displayed baseline.io.github.project_travel_mate/.destinations.description.FinalCityInfoActivity: +230ms
08-05 23:23:25.372 13866 13866 I GoogleInputMethodServic: GoogleInputMethodService.onFinishInput():3138 
08-05 23:23:25.373 13866 13866 I GoogleInputMethodServic: GoogleInputMethodService.onStartInput():1808 
08-05 23:23:25.374 13697 13709 I art     : Starting a blocking GC Explicit
08-05 23:23:25.394 13697 13709 I art     : Explicit concurrent mark sweep GC freed 134(3KB) AllocSpace objects, 0(0B) LOS objects, 29% free, 37MB/53MB, paused 567us total 20.110ms
08-05 23:23:25.633   380   380 W SurfaceFlinger: couldn't log to binary event log: overflow.
08-05 23:23:25.652 13697 13709 I art     : Starting a blocking GC Explicit
08-05 23:23:25.669 13697 13709 I art     : Explicit concurrent mark sweep GC freed 2129(94KB) AllocSpace objects, 2(40KB) LOS objects, 29% free, 37MB/53MB, paused 271us total 17.303ms
08-05 23:23:25.677 13697 13709 I art     : Starting a blocking GC Explicit
08-05 23:23:25.694 13697 13709 I art     : Explicit concurrent mark sweep GC freed 70(1584B) AllocSpace objects, 0(0B) LOS objects, 29% free, 37MB/53MB, paused 276us total 16.121ms
08-05 23:23:25.702 13697 13709 I art     : Starting a blocking GC Explicit
08-05 23:23:25.719 13697 13709 I art     : Explicit concurrent mark sweep GC freed 99(1696B) AllocSpace objects, 0(0B) LOS objects, 29% free, 37MB/53MB, paused 364us total 16.406ms
08-05 23:23:25.729 13697 13709 I art     : Starting a blocking GC Explicit
08-05 23:23:25.748 13697 13709 I art     : Explicit concurrent mark sweep GC freed 4324(228KB) AllocSpace objects, 2(120KB) LOS objects, 29% free, 37MB/53MB, paused 444us total 19.322ms
08-05 23:23:25.760 13697 13709 I art     : Starting a blocking GC Explicit
08-05 23:23:25.781 13697 13709 I art     : Explicit concurrent mark sweep GC freed 1495(131KB) AllocSpace objects, 1(80KB) LOS objects, 29% free, 37MB/53MB, paused 490us total 20.798ms
08-05 23:23:25.794 13697 14003 I NAPPA_EXPERIMENTATION: MetricNetworkRequestExecutionTime: REQUEST_DURATION_SYSTEM='554',REQUEST_DURATION_OKHTTP='35',REQUEST_SYNCHRONOUS='FALSE',RESPONSE_CODE='200',RESPONSE_METHOD='GET',RESPONSE_LENGTH_OKHTTP='530',RESPONSE_LENGTH_HEADER='530',REQUEST_PROTOCOL='http/1.1',REQUEST_URL='https://project-travel-mate.herokuapp.com/api/get-city/1',
08-05 23:23:25.813 10068 10068 W Atfwd_Sendcmd: AtCmdFwd service not published, waiting... retryCnt : 1
08-05 23:23:25.824 13697 14002 I NAPPA_EXPERIMENTATION: MetricNetworkRequestExecutionTime: REQUEST_DURATION_SYSTEM='584',REQUEST_DURATION_OKHTTP='65',REQUEST_SYNCHRONOUS='FALSE',RESPONSE_CODE='200',RESPONSE_METHOD='GET',RESPONSE_LENGTH_OKHTTP='238',RESPONSE_LENGTH_HEADER='238',REQUEST_PROTOCOL='http/1.1',REQUEST_URL='https://project-travel-mate.herokuapp.com/api/get-city-weather/1',
08-05 23:23:25.828 13697 14003 V Response: {"id":1,"city_name":"Delhi","description":"Delhi, officially the National Capital Territory of Delhi, is the Capital territory of India. During the British Raj, Delhi was part of the province of Punjab and is still historically and culturally connected to the Punjab region.","latitude":"28.613900","longitude":"77.209000","facts_count":6,"images":["https://upload.wikimedia.org/wikipedia/commons/9/94/%E0%B4%96%E0%B5%81%E0%B4%A4%E0%B5%8D%E0%B4%AC%E0%B5%8D_%E0%B4%AE%E0%B4%BF%E0%B4%A8%E0%B4%BE%E0%B5%BC1.jpg"],"has_visited":false}
08-05 23:23:26.059 13697 13758 I art     : Starting a blocking GC Explicit
08-05 23:23:26.085 13697 13758 I art     : Explicit concurrent mark sweep GC freed 5198(379KB) AllocSpace objects, 10(5MB) LOS objects, 29% free, 38MB/54MB, paused 290us total 25.716ms
08-05 23:23:26.095 13697 13758 I art     : Starting a blocking GC Explicit
08-05 23:23:26.115 13697 13758 I art     : Explicit concurrent mark sweep GC freed 261(8KB) AllocSpace objects, 0(0B) LOS objects, 29% free, 38MB/54MB, paused 278us total 20.438ms
08-05 23:23:26.125 13697 13758 I art     : Starting a blocking GC Explicit
08-05 23:23:26.146 13697 13758 I art     : Explicit concurrent mark sweep GC freed 99(1696B) AllocSpace objects, 0(0B) LOS objects, 29% free, 38MB/54MB, paused 311us total 20.520ms
08-05 23:23:26.155 13697 13758 I art     : Starting a blocking GC Explicit
08-05 23:23:26.176 13697 13758 I art     : Explicit concurrent mark sweep GC freed 135(3KB) AllocSpace objects, 0(0B) LOS objects, 29% free, 38MB/54MB, paused 413us total 20.855ms
08-05 23:23:26.185 13697 13758 I art     : Starting a blocking GC Explicit
08-05 23:23:26.203 13697 13758 I art     : Explicit concurrent mark sweep GC freed 54(1072B) AllocSpace objects, 0(0B) LOS objects, 29% free, 38MB/54MB, paused 294us total 17.485ms
08-05 23:23:26.322   518   646 I ThermalEngine: ACTION: GPU - Setting GPU[0] to 510000000
08-05 23:23:26.538 13697 13710 I art     : Starting a blocking GC Explicit
08-05 23:23:26.568 13697 13710 I art     : Explicit concurrent mark sweep GC freed 2507(101KB) AllocSpace objects, 2(40KB) LOS objects, 29% free, 38MB/54MB, paused 472us total 29.280ms
08-05 23:23:26.584 13697 13710 I art     : Starting a blocking GC Explicit
08-05 23:23:26.609 13697 13710 I art     : Explicit concurrent mark sweep GC freed 176(3KB) AllocSpace objects, 0(0B) LOS objects, 29% free, 38MB/54MB, paused 374us total 24.242ms
08-05 23:23:26.621 13697 13710 I art     : Starting a blocking GC Explicit
08-05 23:23:26.645 13697 13710 I art     : Explicit concurrent mark sweep GC freed 99(1696B) AllocSpace objects, 0(0B) LOS objects, 29% free, 38MB/54MB, paused 378us total 24.153ms
08-05 23:23:26.657 13697 13710 I art     : Starting a blocking GC Explicit
08-05 23:23:26.682 13697 13710 I art     : Explicit concurrent mark sweep GC freed 99(1696B) AllocSpace objects, 0(0B) LOS objects, 29% free, 38MB/54MB, paused 489us total 24.946ms
08-05 23:23:26.694 13697 13710 I art     : Starting a blocking GC Explicit
08-05 23:23:26.719 13697 13710 I art     : Explicit concurrent mark sweep GC freed 146(2464B) AllocSpace objects, 0(0B) LOS objects, 29% free, 38MB/54MB, paused 402us total 24.470ms
08-05 23:23:27.073 13697 13709 I art     : Starting a blocking GC Explicit
08-05 23:23:27.102 13697 13709 I art     : Explicit concurrent mark sweep GC freed 2482(100KB) AllocSpace objects, 2(40KB) LOS objects, 29% free, 38MB/54MB, paused 404us total 28.493ms
08-05 23:23:27.115 13697 13709 I art     : Starting a blocking GC Explicit
08-05 23:23:27.141 13697 13709 I art     : Explicit concurrent mark sweep GC freed 166(3KB) AllocSpace objects, 0(0B) LOS objects, 29% free, 38MB/54MB, paused 383us total 25.518ms
08-05 23:23:27.153 13697 13709 I art     : Starting a blocking GC Explicit
08-05 23:23:27.179 13697 13709 I art     : Explicit concurrent mark sweep GC freed 99(1696B) AllocSpace objects, 0(0B) LOS objects, 29% free, 38MB/54MB, paused 351us total 25.417ms
08-05 23:23:27.191 13697 13709 I art     : Starting a blocking GC Explicit
08-05 23:23:27.217 13697 13709 I art     : Explicit concurrent mark sweep GC freed 99(1696B) AllocSpace objects, 0(0B) LOS objects, 29% free, 38MB/54MB, paused 430us total 25.430ms
08-05 23:23:27.229 13697 13709 I art     : Starting a blocking GC Explicit
08-05 23:23:27.255 13697 13709 I art     : Explicit concurrent mark sweep GC freed 147(2496B) AllocSpace objects, 0(0B) LOS objects, 29% free, 38MB/54MB, paused 380us total 25.524ms
08-05 23:23:27.605 13697 13758 I art     : Starting a blocking GC Explicit
08-05 23:23:27.632 13697 13758 I art     : Explicit concurrent mark sweep GC freed 2482(100KB) AllocSpace objects, 2(40KB) LOS objects, 29% free, 38MB/54MB, paused 411us total 27.269ms
08-05 23:23:27.645 13697 13758 I art     : Starting a blocking GC Explicit
08-05 23:23:27.670 13697 13758 I art     : Explicit concurrent mark sweep GC freed 165(3KB) AllocSpace objects, 0(0B) LOS objects, 29% free, 38MB/54MB, paused 410us total 25.043ms
08-05 23:23:27.683 13697 13758 I art     : Starting a blocking GC Explicit
08-05 23:23:27.707 13697 13758 I art     : Explicit concurrent mark sweep GC freed 100(1728B) AllocSpace objects, 0(0B) LOS objects, 29% free, 38MB/54MB, paused 387us total 24.611ms
08-05 23:23:27.719 13697 13758 I art     : Starting a blocking GC Explicit
08-05 23:23:27.745 13697 13758 I art     : Explicit concurrent mark sweep GC freed 99(1696B) AllocSpace objects, 0(0B) LOS objects, 29% free, 38MB/54MB, paused 404us total 24.953ms
08-05 23:23:27.757 13697 13758 I art     : Starting a blocking GC Explicit
08-05 23:23:27.783 13697 13758 I art     : Explicit concurrent mark sweep GC freed 99(1696B) AllocSpace objects, 0(0B) LOS objects, 29% free, 38MB/54MB, paused 382us total 25.805ms
08-05 23:23:28.170 13697 13757 I art     : Starting a blocking GC Explicit
08-05 23:23:28.198 13697 13757 I art     : Explicit concurrent mark sweep GC freed 2626(102KB) AllocSpace objects, 2(40KB) LOS objects, 29% free, 38MB/54MB, paused 738us total 27.573ms
08-05 23:23:28.210 13697 13757 I art     : Starting a blocking GC Explicit
08-05 23:23:28.233 13697 13757 I art     : Explicit concurrent mark sweep GC freed 118(2384B) AllocSpace objects, 0(0B) LOS objects, 29% free, 38MB/54MB, paused 373us total 23.239ms
08-05 23:23:28.244 13697 13757 I art     : Starting a blocking GC Explicit
08-05 23:23:28.267 13697 13757 I art     : Explicit concurrent mark sweep GC freed 99(1696B) AllocSpace objects, 0(0B) LOS objects, 29% free, 38MB/54MB, paused 365us total 22.506ms
08-05 23:23:28.279 13697 13757 I art     : Starting a blocking GC Explicit
08-05 23:23:28.303 13697 13757 I art     : Explicit concurrent mark sweep GC freed 121(2048B) AllocSpace objects, 0(0B) LOS objects, 29% free, 38MB/54MB, paused 432us total 24.110ms
08-05 23:23:28.315 13697 13757 I art     : Starting a blocking GC Explicit
08-05 23:23:28.339 13697 13757 I art     : Explicit concurrent mark sweep GC freed 125(2144B) AllocSpace objects, 0(0B) LOS objects, 29% free, 38MB/54MB, paused 396us total 24.042ms
08-05 23:23:28.722 13697 13710 I art     : Starting a blocking GC Explicit
08-05 23:23:28.750 13697 13710 I art     : Explicit concurrent mark sweep GC freed 2578(101KB) AllocSpace objects, 2(40KB) LOS objects, 29% free, 38MB/54MB, paused 384us total 27.663ms
08-05 23:23:28.766 13697 13710 I art     : Starting a blocking GC Explicit
08-05 23:23:28.790 13697 13710 I art     : Explicit concurrent mark sweep GC freed 166(3KB) AllocSpace objects, 0(0B) LOS objects, 29% free, 38MB/54MB, paused 367us total 23.818ms
08-05 23:23:28.802 13697 13710 I art     : Starting a blocking GC Explicit
08-05 23:23:28.827 13697 13710 I art     : Explicit concurrent mark sweep GC freed 98(1664B) AllocSpace objects, 0(0B) LOS objects, 29% free, 38MB/54MB, paused 452us total 24.688ms
08-05 23:23:28.839 13697 13710 I art     : Starting a blocking GC Explicit
08-05 23:23:28.864 13697 13710 I art     : Explicit concurrent mark sweep GC freed 100(1728B) AllocSpace objects, 0(0B) LOS objects, 29% free, 38MB/54MB, paused 430us total 24.733ms
08-05 23:23:28.876 13697 13710 I art     : Starting a blocking GC Explicit
08-05 23:23:28.901 13697 13710 I art     : Explicit concurrent mark sweep GC freed 99(1696B) AllocSpace objects, 0(0B) LOS objects, 29% free, 38MB/54MB, paused 413us total 24.463ms
08-05 23:23:29.281 13697 13709 I art     : Starting a blocking GC Explicit
08-05 23:23:29.309 13697 13709 I art     : Explicit concurrent mark sweep GC freed 2626(102KB) AllocSpace objects, 2(40KB) LOS objects, 29% free, 38MB/54MB, paused 366us total 27.076ms
08-05 23:23:29.324 13697 13709 I art     : Starting a blocking GC Explicit
08-05 23:23:29.348 13697 13709 I art     : Explicit concurrent mark sweep GC freed 118(2384B) AllocSpace objects, 0(0B) LOS objects, 29% free, 38MB/54MB, paused 386us total 24.340ms
08-05 23:23:29.360 13697 13709 I art     : Starting a blocking GC Explicit
08-05 23:23:29.383 13697 13709 I art     : Explicit concurrent mark sweep GC freed 99(1696B) AllocSpace objects, 0(0B) LOS objects, 29% free, 38MB/54MB, paused 357us total 23.073ms
08-05 23:23:29.395 13697 13709 I art     : Starting a blocking GC Explicit
08-05 23:23:29.418 13697 13709 I art     : Explicit concurrent mark sweep GC freed 122(2736B) AllocSpace objects, 0(0B) LOS objects, 29% free, 38MB/54MB, paused 374us total 23.027ms
08-05 23:23:29.430 13697 13709 I art     : Starting a blocking GC Explicit
08-05 23:23:29.453 13697 13709 I art     : Explicit concurrent mark sweep GC freed 111(2272B) AllocSpace objects, 0(0B) LOS objects, 29% free, 38MB/54MB, paused 463us total 23.037ms
08-05 23:23:29.812 13697 13757 I art     : Starting a blocking GC Explicit
08-05 23:23:29.816 14088 14088 D AndroidRuntime: >>>>>> START com.android.internal.os.RuntimeInit uid 2000 <<<<<<
08-05 23:23:29.821 14088 14088 D AndroidRuntime: CheckJNI is OFF
08-05 23:23:29.839 13697 13757 I art     : Explicit concurrent mark sweep GC freed 2575(101KB) AllocSpace objects, 2(40KB) LOS objects, 29% free, 38MB/54MB, paused 398us total 25.967ms
08-05 23:23:29.850 13697 13757 I art     : Starting a blocking GC Explicit
08-05 23:23:29.857 14088 14088 D ICU     : No timezone override file found: /data/misc/zoneinfo/current/icu/icu_tzdata.dat
08-05 23:23:29.874 13697 13757 I art     : Explicit concurrent mark sweep GC freed 119(2416B) AllocSpace objects, 0(0B) LOS objects, 29% free, 38MB/54MB, paused 388us total 23.772ms
08-05 23:23:29.887 13697 13757 I art     : Starting a blocking GC Explicit
08-05 23:23:29.890 14088 14088 I Radio-JNI: register_android_hardware_Radio DONE
08-05 23:23:29.910 13697 13757 I art     : Explicit concurrent mark sweep GC freed 98(1664B) AllocSpace objects, 0(0B) LOS objects, 29% free, 38MB/54MB, paused 383us total 23.019ms
08-05 23:23:29.911 14088 14088 D AndroidRuntime: Calling main entry com.android.commands.input.Input
08-05 23:23:29.913 14088 14088 I Input   : injectMotionEvent: MotionEvent { action=ACTION_DOWN, actionButton=0, id[0]=0, x[0]=693.0, y[0]=1450.0, toolType[0]=TOOL_TYPE_UNKNOWN, buttonState=0, metaState=0, flags=0x0, edgeFlags=0x0, pointerCount=1, historySize=0, eventTime=833026326, downTime=833026326, deviceId=0, source=0x1002 }
08-05 23:23:29.919 14088 14088 I Input   : injectMotionEvent: MotionEvent { action=ACTION_UP, actionButton=0, id[0]=0, x[0]=693.0, y[0]=1450.0, toolType[0]=TOOL_TYPE_UNKNOWN, buttonState=0, metaState=0, flags=0x0, edgeFlags=0x0, pointerCount=1, historySize=0, eventTime=833026326, downTime=833026326, deviceId=0, source=0x1002 }
08-05 23:23:29.921 13697 13757 I art     : Starting a blocking GC Explicit
08-05 23:23:29.922 14088 14088 D AndroidRuntime: Shutting down VM
08-05 23:23:29.923   918  6029 I ActivityManager: START u0 {cmp=baseline.io.github.project_travel_mate/.destinations.description.CityHistoryActivity} from uid 10696 on display 0
08-05 23:23:29.925   512  2967 D audio_hw_primary: out_set_parameters: enter: usecase(1: low-latency-playback) kvpairs: routing=2
08-05 23:23:29.937   512  2967 D audio_hw_primary: select_devices: out_snd_device(2: speaker) in_snd_device(0: none)
08-05 23:23:29.938   512  2967 D msm8974_platform: platform_send_audio_calibration: sending audio calibration for snd_device(2) acdb_id(15)
08-05 23:23:29.938   512  2967 I soundtrigger: audio_extn_sound_trigger_update_device_status: device 0x2 of type 0 for Event 1
08-05 23:23:29.946 13697 13757 I art     : Explicit concurrent mark sweep GC freed 287(42KB) AllocSpace objects, 0(0B) LOS objects, 29% free, 38MB/54MB, paused 885us total 24.868ms
08-05 23:23:29.947   512  2967 D audio_hw_primary: enable_snd_device: snd_device(2: speaker)
08-05 23:23:29.950   512  2967 D audio_hw_primary: enable_audio_route: apply and update mixer path: low-latency-playback speaker
08-05 23:23:29.953 13697 13778 D Gabe    : call	returning from cache
08-05 23:23:29.956 13697 13697 V EXECUTING: https://project-travel-mate.herokuapp.com/api/get-city-information/1
08-05 23:23:29.960 13697 13757 I art     : Starting a blocking GC Explicit
08-05 23:23:29.983 13697 13757 I art     : Explicit concurrent mark sweep GC freed 512(76KB) AllocSpace objects, 0(0B) LOS objects, 29% free, 38MB/54MB, paused 472us total 23.432ms
08-05 23:23:30.106   918   936 I ActivityManager: Displayed baseline.io.github.project_travel_mate/.destinations.description.CityHistoryActivity: +176ms
08-05 23:23:30.106 13866 13866 I GoogleInputMethodServic: GoogleInputMethodService.onFinishInput():3138 
08-05 23:23:30.107 13866 13866 I GoogleInputMethodServic: GoogleInputMethodService.onStartInput():1808 
08-05 23:23:30.274 13697 13710 I art     : Starting a blocking GC Explicit
08-05 23:23:30.308 13697 13710 I art     : Explicit concurrent mark sweep GC freed 2866(120KB) AllocSpace objects, 2(40KB) LOS objects, 27% free, 42MB/58MB, paused 632us total 34.096ms
08-05 23:23:30.325 13697 13710 I art     : Starting a blocking GC Explicit
08-05 23:23:30.354   380   380 W SurfaceFlinger: couldn't log to binary event log: overflow.
08-05 23:23:30.361 13697 13710 I art     : Explicit concurrent mark sweep GC freed 302(5KB) AllocSpace objects, 0(0B) LOS objects, 27% free, 42MB/58MB, paused 445us total 35.535ms
08-05 23:23:30.375 13697 13710 I art     : Starting a blocking GC Explicit
08-05 23:23:30.398 13697 13710 I art     : Explicit concurrent mark sweep GC freed 147(2496B) AllocSpace objects, 0(0B) LOS objects, 27% free, 42MB/58MB, paused 393us total 22.666ms
08-05 23:23:30.409 13697 13710 I art     : Starting a blocking GC Explicit
08-05 23:23:30.432 13697 13710 I art     : Explicit concurrent mark sweep GC freed 147(2496B) AllocSpace objects, 0(0B) LOS objects, 27% free, 42MB/58MB, paused 387us total 22.976ms
08-05 23:23:30.444 13697 13710 I art     : Starting a blocking GC Explicit
08-05 23:23:30.469 13697 13710 I art     : Explicit concurrent mark sweep GC freed 147(2496B) AllocSpace objects, 0(0B) LOS objects, 27% free, 42MB/58MB, paused 427us total 24.832ms
08-05 23:23:30.489   512  2967 D audio_hw_primary: disable_audio_route: reset and update mixer path: low-latency-playback speaker
08-05 23:23:30.491   512  2967 D audio_hw_primary: disable_snd_device: snd_device(2: speaker)
08-05 23:23:30.500   512  2967 I soundtrigger: audio_extn_sound_trigger_update_device_status: device 0x2 of type 0 for Event 0
08-05 23:23:30.779 13697 13757 I art     : Starting a blocking GC Explicit
08-05 23:23:30.800 13697 14112 I NAPPA_EXPERIMENTATION: MetricNetworkRequestExecutionTime: REQUEST_DURATION_SYSTEM='843',REQUEST_DURATION_OKHTTP='38',REQUEST_SYNCHRONOUS='FALSE',RESPONSE_CODE='200',RESPONSE_METHOD='GET',RESPONSE_LENGTH_OKHTTP='55024',RESPONSE_LENGTH_HEADER='55024',REQUEST_PROTOCOL='http/1.1',REQUEST_URL='https://project-travel-mate.herokuapp.com/api/get-city-information/1',
08-05 23:23:30.805 13697 13757 I art     : Explicit concurrent mark sweep GC freed 4993(241KB) AllocSpace objects, 5(240KB) LOS objects, 27% free, 42MB/58MB, paused 565us total 25.764ms
08-05 23:23:30.813 10068 10068 I ServiceManager: Waiting for service AtCmdFwd...
08-05 23:23:30.817 13697 13757 I art     : Starting a blocking GC Explicit
08-05 23:23:30.842 13697 13757 I art     : Explicit concurrent mark sweep GC freed 1102(122KB) AllocSpace objects, 3(272KB) LOS objects, 27% free, 43MB/59MB, paused 614us total 24.702ms
08-05 23:23:30.853 13697 13757 I art     : Starting a blocking GC Explicit
08-05 23:23:30.878 13697 13757 I art     : Explicit concurrent mark sweep GC freed 128(2144B) AllocSpace objects, 0(0B) LOS objects, 27% free, 43MB/59MB, paused 518us total 24.616ms
08-05 23:23:30.890 13697 13757 I art     : Starting a blocking GC Explicit
08-05 23:23:30.914 13697 13757 I art     : Explicit concurrent mark sweep GC freed 22(448B) AllocSpace objects, 0(0B) LOS objects, 27% free, 43MB/59MB, paused 389us total 24.078ms
08-05 23:23:30.926 13697 13757 I art     : Starting a blocking GC Explicit
08-05 23:23:30.950 13697 13757 I art     : Explicit concurrent mark sweep GC freed 742(845KB) AllocSpace objects, 11(312KB) LOS objects, 27% free, 43MB/59MB, paused 546us total 24.460ms
08-05 23:23:30.981 13866 13866 I GoogleInputMethodServic: GoogleInputMethodService.onFinishInput():3138 
08-05 23:23:30.982 13866 13866 I GoogleInputMethodServic: GoogleInputMethodService.onStartInput():1808 
08-05 23:23:31.291 13697 13758 I art     : Starting a blocking GC Explicit
08-05 23:23:31.322 13697 13758 I art     : Explicit concurrent mark sweep GC freed 3600(493KB) AllocSpace objects, 8(4MB) LOS objects, 29% free, 39MB/55MB, paused 471us total 30.356ms
08-05 23:23:31.334 13697 13758 I art     : Starting a blocking GC Explicit
08-05 23:23:31.361 13697 13758 I art     : Explicit concurrent mark sweep GC freed 254(5KB) AllocSpace objects, 0(0B) LOS objects, 29% free, 39MB/55MB, paused 415us total 26.764ms
08-05 23:23:31.374 13697 13758 I art     : Starting a blocking GC Explicit
08-05 23:23:31.402 13697 13758 I art     : Explicit concurrent mark sweep GC freed 147(2496B) AllocSpace objects, 0(0B) LOS objects, 29% free, 39MB/55MB, paused 431us total 28.003ms
08-05 23:23:31.414 13697 13758 I art     : Starting a blocking GC Explicit
08-05 23:23:31.442 13697 13758 I art     : Explicit concurrent mark sweep GC freed 220(3KB) AllocSpace objects, 0(0B) LOS objects, 29% free, 39MB/55MB, paused 424us total 27.201ms
08-05 23:23:31.454 13697 13758 I art     : Starting a blocking GC Explicit
08-05 23:23:31.482 13697 13758 I art     : Explicit concurrent mark sweep GC freed 146(2464B) AllocSpace objects, 0(0B) LOS objects, 29% free, 39MB/55MB, paused 438us total 27.531ms
08-05 23:23:31.814 10068 10068 I ServiceManager: Waiting for service AtCmdFwd...
08-05 23:23:31.855 13697 13710 I art     : Starting a blocking GC Explicit
08-05 23:23:31.883 13697 13710 I art     : Explicit concurrent mark sweep GC freed 3185(112KB) AllocSpace objects, 2(40KB) LOS objects, 29% free, 39MB/55MB, paused 423us total 28.159ms
08-05 23:23:31.895 13697 13710 I art     : Starting a blocking GC Explicit
08-05 23:23:31.923 13697 13710 I art     : Explicit concurrent mark sweep GC freed 180(3KB) AllocSpace objects, 0(0B) LOS objects, 29% free, 39MB/55MB, paused 541us total 27.720ms
08-05 23:23:31.936 13697 13710 I art     : Starting a blocking GC Explicit
08-05 23:23:31.964 13697 13710 I art     : Explicit concurrent mark sweep GC freed 206(3KB) AllocSpace objects, 0(0B) LOS objects, 29% free, 39MB/55MB, paused 417us total 28.087ms
08-05 23:23:31.977 13697 13710 I art     : Starting a blocking GC Explicit
08-05 23:23:32.006 13697 13710 I art     : Explicit concurrent mark sweep GC freed 147(2496B) AllocSpace objects, 0(0B) LOS objects, 29% free, 39MB/55MB, paused 495us total 28.802ms
08-05 23:23:32.019 13697 13710 I art     : Starting a blocking GC Explicit
08-05 23:23:32.047 13697 13710 I art     : Explicit concurrent mark sweep GC freed 219(3KB) AllocSpace objects, 0(0B) LOS objects, 29% free, 39MB/55MB, paused 495us total 27.974ms
08-05 23:23:32.392 13697 13709 I art     : Starting a blocking GC Explicit
08-05 23:23:32.420   918  3188 I hubconnection: sensorhub said: 'set_bias 3: -5.7696, 0.0000, 0.0000'
08-05 23:23:32.425 13697 13709 I art     : Explicit concurrent mark sweep GC freed 3023(109KB) AllocSpace objects, 2(40KB) LOS objects, 29% free, 39MB/55MB, paused 880us total 32.429ms
08-05 23:23:32.442 13697 13709 I art     : Starting a blocking GC Explicit
08-05 23:23:32.467 13697 13709 I art     : Explicit concurrent mark sweep GC freed 254(5KB) AllocSpace objects, 0(0B) LOS objects, 29% free, 39MB/55MB, paused 443us total 25.638ms
08-05 23:23:32.479 13697 13709 I art     : Starting a blocking GC Explicit
08-05 23:23:32.506 13697 13709 I art     : Explicit concurrent mark sweep GC freed 147(2496B) AllocSpace objects, 0(0B) LOS objects, 29% free, 39MB/55MB, paused 423us total 26.578ms
08-05 23:23:32.518 13697 13709 I art     : Starting a blocking GC Explicit
08-05 23:23:32.546 13697 13709 I art     : Explicit concurrent mark sweep GC freed 219(3KB) AllocSpace objects, 0(0B) LOS objects, 29% free, 39MB/55MB, paused 400us total 26.912ms
08-05 23:23:32.558 13697 13709 I art     : Starting a blocking GC Explicit
08-05 23:23:32.584 13697 13709 I art     : Explicit concurrent mark sweep GC freed 147(2496B) AllocSpace objects, 0(0B) LOS objects, 29% free, 39MB/55MB, paused 411us total 26.197ms
08-05 23:23:32.670   918  3261 D WifiStateMachine: starting scan for "H369AA63323"WPA_PSK with 2412,5180
08-05 23:23:32.815 10068 10068 I ServiceManager: Waiting for service AtCmdFwd...
08-05 23:23:32.952 13697 13758 I art     : Starting a blocking GC Explicit
08-05 23:23:32.980 13697 13758 I art     : Explicit concurrent mark sweep GC freed 3155(111KB) AllocSpace objects, 2(40KB) LOS objects, 29% free, 39MB/55MB, paused 414us total 27.054ms
08-05 23:23:32.992 13697 13758 I art     : Starting a blocking GC Explicit
08-05 23:23:33.019 13697 13758 I art     : Explicit concurrent mark sweep GC freed 166(3KB) AllocSpace objects, 0(0B) LOS objects, 29% free, 39MB/55MB, paused 401us total 27.174ms
08-05 23:23:33.031 13697 13758 I art     : Starting a blocking GC Explicit
08-05 23:23:33.060 13697 13758 I art     : Explicit concurrent mark sweep GC freed 214(3KB) AllocSpace objects, 0(0B) LOS objects, 29% free, 39MB/55MB, paused 496us total 28.022ms
08-05 23:23:33.072 13697 13758 I art     : Starting a blocking GC Explicit
08-05 23:23:33.100 13697 13758 I art     : Explicit concurrent mark sweep GC freed 153(2640B) AllocSpace objects, 0(0B) LOS objects, 29% free, 39MB/55MB, paused 410us total 27.298ms
08-05 23:23:33.112 13697 13758 I art     : Starting a blocking GC Explicit
08-05 23:23:33.141 13697 13758 I art     : Explicit concurrent mark sweep GC freed 147(2496B) AllocSpace objects, 0(0B) LOS objects, 29% free, 39MB/55MB, paused 522us total 28.310ms
08-05 23:23:33.481 13697 13757 I art     : Starting a blocking GC Explicit
08-05 23:23:33.509 13697 13757 I art     : Explicit concurrent mark sweep GC freed 3046(109KB) AllocSpace objects, 2(40KB) LOS objects, 29% free, 39MB/55MB, paused 520us total 27.857ms
08-05 23:23:33.521 13697 13757 I art     : Starting a blocking GC Explicit
08-05 23:23:33.549 13697 13757 I art     : Explicit concurrent mark sweep GC freed 203(3KB) AllocSpace objects, 0(0B) LOS objects, 29% free, 39MB/55MB, paused 403us total 26.969ms
08-05 23:23:33.561 13697 13757 I art     : Starting a blocking GC Explicit
08-05 23:23:33.587 13697 13757 I art     : Explicit concurrent mark sweep GC freed 147(2496B) AllocSpace objects, 0(0B) LOS objects, 29% free, 39MB/55MB, paused 443us total 26.344ms
08-05 23:23:33.599 13697 13757 I art     : Starting a blocking GC Explicit
08-05 23:23:33.626 13697 13757 I art     : Explicit concurrent mark sweep GC freed 206(3KB) AllocSpace objects, 0(0B) LOS objects, 29% free, 39MB/55MB, paused 464us total 26.661ms
08-05 23:23:33.639 13697 13757 I art     : Starting a blocking GC Explicit
08-05 23:23:33.666 13697 13757 I art     : Explicit concurrent mark sweep GC freed 160(2736B) AllocSpace objects, 0(0B) LOS objects, 29% free, 39MB/55MB, paused 418us total 27.388ms
08-05 23:23:33.816 10068 10068 I ServiceManager: Waiting for service AtCmdFwd...
08-05 23:23:34.053 13697 13710 I art     : Starting a blocking GC Explicit
08-05 23:23:34.081 13697 13710 I art     : Explicit concurrent mark sweep GC freed 3227(112KB) AllocSpace objects, 2(40KB) LOS objects, 29% free, 39MB/55MB, paused 422us total 27.669ms
08-05 23:23:34.094 13697 13710 I art     : Starting a blocking GC Explicit
08-05 23:23:34.121 13697 13710 I art     : Explicit concurrent mark sweep GC freed 166(3KB) AllocSpace objects, 0(0B) LOS objects, 29% free, 39MB/55MB, paused 413us total 27.667ms
08-05 23:23:34.134 13697 13710 I art     : Starting a blocking GC Explicit
08-05 23:23:34.161 13697 13710 I art     : Explicit concurrent mark sweep GC freed 158(2672B) AllocSpace objects, 0(0B) LOS objects, 29% free, 39MB/55MB, paused 462us total 27.065ms
08-05 23:23:34.173 13697 13710 I art     : Starting a blocking GC Explicit
08-05 23:23:34.197 13697 13710 I art     : Explicit concurrent mark sweep GC freed 209(3KB) AllocSpace objects, 0(0B) LOS objects, 29% free, 39MB/55MB, paused 504us total 23.420ms
08-05 23:23:34.209 13697 13710 I art     : Starting a blocking GC Explicit
08-05 23:23:34.233 13697 13710 I art     : Explicit concurrent mark sweep GC freed 146(2464B) AllocSpace objects, 0(0B) LOS objects, 29% free, 39MB/55MB, paused 404us total 23.807ms
08-05 23:23:34.570 13697 13709 I art     : Starting a blocking GC Explicit
08-05 23:23:34.581 14195 14195 D AndroidRuntime: >>>>>> START com.android.internal.os.RuntimeInit uid 2000 <<<<<<
08-05 23:23:34.585 14195 14195 D AndroidRuntime: CheckJNI is OFF
08-05 23:23:34.598 13697 13709 I art     : Explicit concurrent mark sweep GC freed 3001(108KB) AllocSpace objects, 2(40KB) LOS objects, 29% free, 39MB/55MB, paused 583us total 28.148ms
08-05 23:23:34.611 13697 13709 I art     : Starting a blocking GC Explicit
08-05 23:23:34.622 14195 14195 D ICU     : No timezone override file found: /data/misc/zoneinfo/current/icu/icu_tzdata.dat
08-05 23:23:34.637 13697 13709 I art     : Explicit concurrent mark sweep GC freed 177(3KB) AllocSpace objects, 0(0B) LOS objects, 29% free, 39MB/55MB, paused 463us total 26.173ms
08-05 23:23:34.650 13697 13709 I art     : Starting a blocking GC Explicit
08-05 23:23:34.658 14195 14195 I Radio-JNI: register_android_hardware_Radio DONE
08-05 23:23:34.674 13697 13709 I art     : Explicit concurrent mark sweep GC freed 148(2528B) AllocSpace objects, 0(0B) LOS objects, 29% free, 39MB/55MB, paused 439us total 24.062ms
08-05 23:23:34.679 14195 14195 D AndroidRuntime: Calling main entry com.android.commands.input.Input
08-05 23:23:34.681 14195 14195 I Input   : injectKeyEvent: KeyEvent { action=ACTION_DOWN, keyCode=KEYCODE_BACK, scanCode=0, metaState=0, flags=0x0, repeatCount=0, eventTime=833031094, downTime=833031094, deviceId=-1, source=0x101 }
08-05 23:23:34.685 13697 13709 I art     : Starting a blocking GC Explicit
08-05 23:23:34.687 14195 14195 I Input   : injectKeyEvent: KeyEvent { action=ACTION_UP, keyCode=KEYCODE_BACK, scanCode=0, metaState=0, flags=0x0, repeatCount=0, eventTime=833031094, downTime=833031094, deviceId=-1, source=0x101 }
08-05 23:23:34.691 14195 14195 D AndroidRuntime: Shutting down VM
08-05 23:23:34.710 13697 13709 I art     : Explicit concurrent mark sweep GC freed 222(4KB) AllocSpace objects, 0(0B) LOS objects, 29% free, 39MB/55MB, paused 461us total 24.353ms
08-05 23:23:34.722 13697 13709 I art     : Starting a blocking GC Explicit
08-05 23:23:34.737 13866 13866 I GoogleInputMethodServic: GoogleInputMethodService.onFinishInput():3138 
08-05 23:23:34.737 13866 13866 I GoogleInputMethodServic: GoogleInputMethodService.onStartInput():1808 
08-05 23:23:34.746 13697 13709 I art     : Explicit concurrent mark sweep GC freed 158(3KB) AllocSpace objects, 0(0B) LOS objects, 29% free, 39MB/55MB, paused 410us total 24.004ms
08-05 23:23:34.816 10068 10068 I ServiceManager: Waiting for service AtCmdFwd...
08-05 23:23:35.042   380   380 W SurfaceFlinger: couldn't log to binary event log: overflow.
08-05 23:23:35.063 13697 13710 I art     : Starting a blocking GC Explicit
08-05 23:23:35.087 13697 13710 I art     : Explicit concurrent mark sweep GC freed 2941(108KB) AllocSpace objects, 4(404KB) LOS objects, 29% free, 38MB/54MB, paused 409us total 24.520ms
08-05 23:23:35.099 13697 13710 I art     : Starting a blocking GC Explicit
08-05 23:23:35.123 13697 13710 I art     : Explicit concurrent mark sweep GC freed 4806(340KB) AllocSpace objects, 7(132KB) LOS objects, 29% free, 38MB/54MB, paused 403us total 23.742ms
08-05 23:23:35.134 13697 13710 I art     : Starting a blocking GC Explicit
08-05 23:23:35.158 13697 13710 I art     : Explicit concurrent mark sweep GC freed 105(1984B) AllocSpace objects, 0(0B) LOS objects, 29% free, 38MB/54MB, paused 396us total 23.544ms
08-05 23:23:35.170 13697 13710 I art     : Starting a blocking GC Explicit
08-05 23:23:35.193 13697 13710 I art     : Explicit concurrent mark sweep GC freed 99(1696B) AllocSpace objects, 0(0B) LOS objects, 29% free, 38MB/54MB, paused 526us total 23.190ms
08-05 23:23:35.206 13697 13710 I art     : Starting a blocking GC Explicit
08-05 23:23:35.231 13697 13710 I art     : Explicit concurrent mark sweep GC freed 147(2496B) AllocSpace objects, 0(0B) LOS objects, 29% free, 38MB/54MB, paused 419us total 25.073ms
08-05 23:23:35.567 13697 13758 I art     : Starting a blocking GC Explicit
08-05 23:23:35.595 13697 13758 I art     : Explicit concurrent mark sweep GC freed 2483(100KB) AllocSpace objects, 2(40KB) LOS objects, 29% free, 38MB/54MB, paused 515us total 28.185ms
08-05 23:23:35.609 13697 13758 I art     : Starting a blocking GC Explicit
08-05 23:23:35.636 13697 13758 I art     : Explicit concurrent mark sweep GC freed 150(3KB) AllocSpace objects, 0(0B) LOS objects, 29% free, 38MB/54MB, paused 418us total 26.256ms
08-05 23:23:35.648 13697 13758 I art     : Starting a blocking GC Explicit
08-05 23:23:35.674 13697 13758 I art     : Explicit concurrent mark sweep GC freed 100(1728B) AllocSpace objects, 0(0B) LOS objects, 29% free, 38MB/54MB, paused 416us total 25.930ms
08-05 23:23:35.687 13697 13758 I art     : Starting a blocking GC Explicit
08-05 23:23:35.712 13697 13758 I art     : Explicit concurrent mark sweep GC freed 147(2496B) AllocSpace objects, 0(0B) LOS objects, 29% free, 38MB/54MB, paused 407us total 25.085ms
08-05 23:23:35.725 13697 13758 I art     : Starting a blocking GC Explicit
08-05 23:23:35.751 13697 13758 I art     : Explicit concurrent mark sweep GC freed 99(1696B) AllocSpace objects, 0(0B) LOS objects, 29% free, 38MB/54MB, paused 404us total 26.047ms
08-05 23:23:35.816 10068 10068 W Atfwd_Sendcmd: AtCmdFwd service not published, waiting... retryCnt : 2
08-05 23:23:36.066 13697 13709 I art     : Starting a blocking GC Explicit
08-05 23:23:36.088 13697 13709 I art     : Explicit concurrent mark sweep GC freed 2387(98KB) AllocSpace objects, 2(40KB) LOS objects, 29% free, 38MB/54MB, paused 388us total 22.252ms
08-05 23:23:36.099 13697 13709 I art     : Starting a blocking GC Explicit
08-05 23:23:36.122 13697 13709 I art     : Explicit concurrent mark sweep GC freed 118(2384B) AllocSpace objects, 0(0B) LOS objects, 29% free, 38MB/54MB, paused 405us total 22.171ms
08-05 23:23:36.133 13697 13709 I art     : Starting a blocking GC Explicit
08-05 23:23:36.154 13697 13709 I art     : Explicit concurrent mark sweep GC freed 99(1696B) AllocSpace objects, 0(0B) LOS objects, 29% free, 38MB/54MB, paused 389us total 21.332ms
08-05 23:23:36.166 13697 13709 I art     : Starting a blocking GC Explicit
08-05 23:23:36.188 13697 13709 I art     : Explicit concurrent mark sweep GC freed 99(1696B) AllocSpace objects, 0(0B) LOS objects, 29% free, 38MB/54MB, paused 387us total 21.903ms
08-05 23:23:36.199 13697 13709 I art     : Starting a blocking GC Explicit
08-05 23:23:36.222 13697 13709 I art     : Explicit concurrent mark sweep GC freed 99(1696B) AllocSpace objects, 0(0B) LOS objects, 29% free, 38MB/54MB, paused 391us total 22.235ms
08-05 23:23:36.329 14242 14242 D AndroidRuntime: >>>>>> START com.android.internal.os.RuntimeInit uid 2000 <<<<<<
08-05 23:23:36.333 14242 14242 D AndroidRuntime: CheckJNI is OFF
08-05 23:23:36.364 14242 14242 D ICU     : No timezone override file found: /data/misc/zoneinfo/current/icu/icu_tzdata.dat
08-05 23:23:36.395 14242 14242 I Radio-JNI: register_android_hardware_Radio DONE
08-05 23:23:36.416 14242 14242 D AndroidRuntime: Calling main entry com.android.commands.input.Input
08-05 23:23:36.418 14242 14242 I Input   : injectMotionEvent: MotionEvent { action=ACTION_DOWN, actionButton=0, id[0]=0, x[0]=504.0, y[0]=1706.0, toolType[0]=TOOL_TYPE_UNKNOWN, buttonState=0, metaState=0, flags=0x0, edgeFlags=0x0, pointerCount=1, historySize=0, eventTime=833032830, downTime=833032830, deviceId=0, source=0x1002 }
08-05 23:23:36.423 14242 14242 I Input   : injectMotionEvent: MotionEvent { action=ACTION_UP, actionButton=0, id[0]=0, x[0]=504.0, y[0]=1706.0, toolType[0]=TOOL_TYPE_UNKNOWN, buttonState=0, metaState=0, flags=0x0, edgeFlags=0x0, pointerCount=1, historySize=0, eventTime=833032830, downTime=833032830, deviceId=0, source=0x1002 }
08-05 23:23:36.424 14242 14242 D AndroidRuntime: Shutting down VM
08-05 23:23:36.426   512  2967 D audio_hw_primary: out_set_parameters: enter: usecase(1: low-latency-playback) kvpairs: routing=2
08-05 23:23:36.429   918  4400 I ActivityManager: START u0 {cmp=baseline.io.github.project_travel_mate/.destinations.funfacts.FunFactsActivity (has extras)} from uid 10696 on display 0
08-05 23:23:36.439   512  2967 D audio_hw_primary: select_devices: out_snd_device(2: speaker) in_snd_device(0: none)
08-05 23:23:36.439   512  2967 D msm8974_platform: platform_send_audio_calibration: sending audio calibration for snd_device(2) acdb_id(15)
08-05 23:23:36.439   512  2967 I soundtrigger: audio_extn_sound_trigger_update_device_status: device 0x2 of type 0 for Event 1
08-05 23:23:36.450 13697 13778 D Gabe    : call	returning from cache
08-05 23:23:36.452   512  2967 D audio_hw_primary: enable_snd_device: snd_device(2: speaker)
08-05 23:23:36.454   512  2967 D audio_hw_primary: enable_audio_route: apply and update mixer path: low-latency-playback speaker
08-05 23:23:36.456 13697 13697 V EXECUTING: https://project-travel-mate.herokuapp.com/api/get-city-facts/1
08-05 23:23:36.548 13697 13709 I art     : Starting a blocking GC Explicit
08-05 23:23:36.573 13697 13709 I art     : Explicit concurrent mark sweep GC freed 4203(281KB) AllocSpace objects, 2(40KB) LOS objects, 27% free, 42MB/58MB, paused 531us total 24.898ms
08-05 23:23:36.582 13866 13866 I GoogleInputMethodServic: GoogleInputMethodService.onFinishInput():3138 
08-05 23:23:36.582   918   936 I ActivityManager: Displayed baseline.io.github.project_travel_mate/.destinations.funfacts.FunFactsActivity: +145ms
08-05 23:23:36.582 13866 13866 I GoogleInputMethodServic: GoogleInputMethodService.onStartInput():1808 
08-05 23:23:36.585 13697 13709 I art     : Starting a blocking GC Explicit
08-05 23:23:36.612 13697 13709 I art     : Explicit concurrent mark sweep GC freed 320(12KB) AllocSpace objects, 0(0B) LOS objects, 27% free, 42MB/58MB, paused 636us total 27.404ms
08-05 23:23:36.625 13697 13709 I art     : Starting a blocking GC Explicit
08-05 23:23:36.652 13697 13709 I art     : Explicit concurrent mark sweep GC freed 86(1744B) AllocSpace objects, 0(0B) LOS objects, 27% free, 42MB/58MB, paused 531us total 26.796ms
08-05 23:23:36.665 13697 13709 I art     : Starting a blocking GC Explicit
08-05 23:23:36.690 13697 13709 I art     : Explicit concurrent mark sweep GC freed 154(2768B) AllocSpace objects, 0(0B) LOS objects, 27% free, 42MB/58MB, paused 435us total 24.736ms
08-05 23:23:36.701 13697 13709 I art     : Starting a blocking GC Explicit
08-05 23:23:36.725 13697 13709 I art     : Explicit concurrent mark sweep GC freed 147(2496B) AllocSpace objects, 0(0B) LOS objects, 27% free, 42MB/58MB, paused 409us total 23.048ms
08-05 23:23:36.812   380   380 W SurfaceFlinger: couldn't log to binary event log: overflow.
08-05 23:23:36.988   512  2967 D audio_hw_primary: disable_audio_route: reset and update mixer path: low-latency-playback speaker
08-05 23:23:36.989   512  2967 D audio_hw_primary: disable_snd_device: snd_device(2: speaker)
08-05 23:23:36.998   512  2967 I soundtrigger: audio_extn_sound_trigger_update_device_status: device 0x2 of type 0 for Event 0
08-05 23:23:37.022 13697 13758 I art     : Starting a blocking GC Explicit
08-05 23:23:37.050 13697 13758 I art     : Explicit concurrent mark sweep GC freed 2647(103KB) AllocSpace objects, 2(40KB) LOS objects, 27% free, 42MB/58MB, paused 697us total 27.430ms
08-05 23:23:37.062 13697 13758 I art     : Starting a blocking GC Explicit
08-05 23:23:37.088 13697 13758 I art     : Explicit concurrent mark sweep GC freed 50(1296B) AllocSpace objects, 0(0B) LOS objects, 27% free, 42MB/58MB, paused 634us total 25.152ms
08-05 23:23:37.100 13697 13758 I art     : Starting a blocking GC Explicit
08-05 23:23:37.125 13697 13758 I art     : Explicit concurrent mark sweep GC freed 124(2096B) AllocSpace objects, 0(0B) LOS objects, 27% free, 42MB/58MB, paused 589us total 24.936ms
08-05 23:23:37.137 13697 13758 I art     : Starting a blocking GC Explicit
08-05 23:23:37.162 13697 13758 I art     : Explicit concurrent mark sweep GC freed 131(2192B) AllocSpace objects, 0(0B) LOS objects, 27% free, 42MB/58MB, paused 601us total 24.670ms
08-05 23:23:37.174 13697 13758 I art     : Starting a blocking GC Explicit
08-05 23:23:37.198 13697 13758 I art     : Explicit concurrent mark sweep GC freed 17(320B) AllocSpace objects, 0(0B) LOS objects, 27% free, 42MB/58MB, paused 422us total 24.298ms
08-05 23:23:37.359 13697 14273 I NAPPA_EXPERIMENTATION: MetricNetworkRequestExecutionTime: REQUEST_DURATION_SYSTEM='903',REQUEST_DURATION_OKHTTP='37',REQUEST_SYNCHRONOUS='FALSE',RESPONSE_CODE='200',RESPONSE_METHOD='GET',RESPONSE_LENGTH_OKHTTP='1793',RESPONSE_LENGTH_HEADER='1793',REQUEST_PROTOCOL='http/1.1',REQUEST_URL='https://project-travel-mate.herokuapp.com/api/get-city-facts/1',
08-05 23:23:37.363 13697 14273 V EXECUTING: https://project-travel-mate.herokuapp.com/api/get-city-images/1
08-05 23:23:37.493 13697 13710 I art     : Starting a blocking GC Explicit
08-05 23:23:37.520 13697 13710 I art     : Explicit concurrent mark sweep GC freed 5411(277KB) AllocSpace objects, 5(240KB) LOS objects, 26% free, 43MB/59MB, paused 614us total 26.788ms
08-05 23:23:37.533 13697 13710 I art     : Starting a blocking GC Explicit
08-05 23:23:37.559 13697 13710 I art     : Explicit concurrent mark sweep GC freed 1084(119KB) AllocSpace objects, 0(0B) LOS objects, 27% free, 43MB/59MB, paused 669us total 25.694ms
08-05 23:23:37.571 13697 13710 I art     : Starting a blocking GC Explicit
08-05 23:23:37.596 13697 13710 I art     : Explicit concurrent mark sweep GC freed 132(2224B) AllocSpace objects, 0(0B) LOS objects, 27% free, 43MB/59MB, paused 611us total 24.540ms
08-05 23:23:37.608 13697 13710 I art     : Starting a blocking GC Explicit
08-05 23:23:37.633 13697 13710 I art     : Explicit concurrent mark sweep GC freed 17(320B) AllocSpace objects, 0(0B) LOS objects, 27% free, 43MB/59MB, paused 480us total 24.346ms
08-05 23:23:37.645 13697 13710 I art     : Starting a blocking GC Explicit
08-05 23:23:37.671 13697 13710 I art     : Explicit concurrent mark sweep GC freed 134(2288B) AllocSpace objects, 0(0B) LOS objects, 27% free, 43MB/59MB, paused 793us total 25.660ms
08-05 23:23:37.982 13697 13710 I art     : Starting a blocking GC Explicit
08-05 23:23:38.008 13697 13710 I art     : Explicit concurrent mark sweep GC freed 2365(101KB) AllocSpace objects, 2(40KB) LOS objects, 26% free, 43MB/59MB, paused 807us total 25.874ms
08-05 23:23:38.020 13697 13710 I art     : Starting a blocking GC Explicit
08-05 23:23:38.046 13697 13710 I art     : Explicit concurrent mark sweep GC freed 1162(75KB) AllocSpace objects, 2(120KB) LOS objects, 26% free, 43MB/59MB, paused 921us total 26.690ms
08-05 23:23:38.059 13697 13710 I art     : Starting a blocking GC Explicit
08-05 23:23:38.084 13697 13710 I art     : Explicit concurrent mark sweep GC freed 2451(169KB) AllocSpace objects, 1(80KB) LOS objects, 26% free, 43MB/59MB, paused 659us total 25.330ms
08-05 23:23:38.096 13697 14292 I NAPPA_EXPERIMENTATION: MetricNetworkRequestExecutionTime: REQUEST_DURATION_SYSTEM='732',REQUEST_DURATION_OKHTTP='35',REQUEST_SYNCHRONOUS='FALSE',RESPONSE_CODE='200',RESPONSE_METHOD='GET',RESPONSE_LENGTH_OKHTTP='183',RESPONSE_LENGTH_HEADER='183',REQUEST_PROTOCOL='http/1.1',REQUEST_URL='https://project-travel-mate.herokuapp.com/api/get-city-images/1',
08-05 23:23:38.097 13697 13710 I art     : Starting a blocking GC Explicit
08-05 23:23:38.122 13697 13710 I art     : Explicit concurrent mark sweep GC freed 240(15KB) AllocSpace objects, 0(0B) LOS objects, 26% free, 43MB/59MB, paused 690us total 25.034ms
08-05 23:23:38.130 13697 14292 V RESPONSE: [{"id":17,"image_url":"https://upload.wikimedia.org/wikipedia/commons/9/94/%E0%B4%96%E0%B5%81%E0%B4%A4%E0%B5%8D%E0%B4%AC%E0%B5%8D_%E0%B4%AE%E0%B4%BF%E0%B4%A8%E0%B4%BE%E0%B5%BC1.jpg"}]
08-05 23:23:38.135 13697 13710 I art     : Starting a blocking GC Explicit
08-05 23:23:38.160 13697 13710 I art     : Explicit concurrent mark sweep GC freed 189(7KB) AllocSpace objects, 0(0B) LOS objects, 26% free, 43MB/59MB, paused 567us total 25.522ms
08-05 23:23:38.341   518   646 I ThermalEngine: ACTION: GPU - Setting GPU[0] to 450000000
08-05 23:23:38.525 13697 13757 I art     : Starting a blocking GC Explicit
08-05 23:23:38.570 13697 13757 I art     : Explicit concurrent mark sweep GC freed 5810(295KB) AllocSpace objects, 3(4MB) LOS objects, 28% free, 39MB/55MB, paused 754us total 43.826ms
08-05 23:23:38.588 13697 13757 I art     : Starting a blocking GC Explicit
08-05 23:23:38.623 13697 13757 I art     : Explicit concurrent mark sweep GC freed 432(13KB) AllocSpace objects, 0(0B) LOS objects, 28% free, 39MB/55MB, paused 582us total 33.929ms
08-05 23:23:38.639 13697 13757 I art     : Starting a blocking GC Explicit
08-05 23:23:38.674 13697 13757 I art     : Explicit concurrent mark sweep GC freed 219(3KB) AllocSpace objects, 0(0B) LOS objects, 28% free, 39MB/55MB, paused 592us total 35.182ms
08-05 23:23:38.691 13697 13757 I art     : Starting a blocking GC Explicit
08-05 23:23:38.724 13697 13757 I art     : Explicit concurrent mark sweep GC freed 219(3KB) AllocSpace objects, 0(0B) LOS objects, 28% free, 39MB/55MB, paused 573us total 32.578ms
08-05 23:23:38.739 13697 13757 I art     : Starting a blocking GC Explicit
08-05 23:23:38.773 13697 13757 I art     : Explicit concurrent mark sweep GC freed 219(3KB) AllocSpace objects, 0(0B) LOS objects, 28% free, 39MB/55MB, paused 597us total 33.253ms
08-05 23:23:39.161 13697 13758 I art     : Starting a blocking GC Explicit
08-05 23:23:39.199 13697 13758 I art     : Explicit concurrent mark sweep GC freed 3228(112KB) AllocSpace objects, 2(40KB) LOS objects, 28% free, 39MB/55MB, paused 695us total 37.561ms
08-05 23:23:39.202 14319 14319 D AndroidRuntime: >>>>>> START com.android.internal.os.RuntimeInit uid 2000 <<<<<<
08-05 23:23:39.209 14319 14319 D AndroidRuntime: CheckJNI is OFF
08-05 23:23:39.215 13697 13758 I art     : Starting a blocking GC Explicit
08-05 23:23:39.251 13697 13758 I art     : Explicit concurrent mark sweep GC freed 250(4KB) AllocSpace objects, 0(0B) LOS objects, 28% free, 39MB/55MB, paused 807us total 35.168ms
08-05 23:23:39.253 14319 14319 D ICU     : No timezone override file found: /data/misc/zoneinfo/current/icu/icu_tzdata.dat
08-05 23:23:39.267 13697 13758 I art     : Starting a blocking GC Explicit
08-05 23:23:39.299 14319 14319 I Radio-JNI: register_android_hardware_Radio DONE
08-05 23:23:39.303 13697 13758 I art     : Explicit concurrent mark sweep GC freed 249(4KB) AllocSpace objects, 0(0B) LOS objects, 28% free, 39MB/55MB, paused 707us total 35.692ms
08-05 23:23:39.319 13697 13758 I art     : Starting a blocking GC Explicit
08-05 23:23:39.328 14319 14319 D AndroidRuntime: Calling main entry com.android.commands.input.Input
08-05 23:23:39.329 14319 14319 I Input   : injectKeyEvent: KeyEvent { action=ACTION_DOWN, keyCode=KEYCODE_BACK, scanCode=0, metaState=0, flags=0x0, repeatCount=0, eventTime=833035743, downTime=833035743, deviceId=-1, source=0x101 }
08-05 23:23:39.335 14319 14319 I Input   : injectKeyEvent: KeyEvent { action=ACTION_UP, keyCode=KEYCODE_BACK, scanCode=0, metaState=0, flags=0x0, repeatCount=0, eventTime=833035743, downTime=833035743, deviceId=-1, source=0x101 }
08-05 23:23:39.342 14319 14319 D AndroidRuntime: Shutting down VM
08-05 23:23:39.353 13697 13758 I art     : Explicit concurrent mark sweep GC freed 299(6KB) AllocSpace objects, 0(0B) LOS objects, 28% free, 39MB/55MB, paused 721us total 33.703ms
08-05 23:23:39.369 13697 13758 I art     : Starting a blocking GC Explicit
08-05 23:23:39.375 13866 13866 I GoogleInputMethodServic: GoogleInputMethodService.onFinishInput():3138 
08-05 23:23:39.376 13866 13866 I GoogleInputMethodServic: GoogleInputMethodService.onStartInput():1808 
08-05 23:23:39.401 13697 13758 I art     : Explicit concurrent mark sweep GC freed 268(5KB) AllocSpace objects, 0(0B) LOS objects, 28% free, 39MB/55MB, paused 620us total 32.285ms
08-05 23:23:39.664   380   380 W SurfaceFlinger: couldn't log to binary event log: overflow.
08-05 23:23:39.769 13697 13757 I art     : Starting a blocking GC Explicit
08-05 23:23:39.807 13697 13757 I art     : Explicit concurrent mark sweep GC freed 3785(146KB) AllocSpace objects, 6(876KB) LOS objects, 29% free, 38MB/54MB, paused 630us total 37.694ms
08-05 23:23:39.823 13697 13757 I art     : Starting a blocking GC Explicit
08-05 23:23:39.827   918  3188 I hubconnection: sensorhub said: 'set_bias 3: -6.2400, 0.0000, 0.0000'
08-05 23:23:39.856 13697 13757 I art     : Explicit concurrent mark sweep GC freed 5608(269KB) AllocSpace objects, 1(28KB) LOS objects, 29% free, 38MB/54MB, paused 616us total 32.723ms
08-05 23:23:39.872 13697 13757 I art     : Starting a blocking GC Explicit
08-05 23:23:39.904 13697 13757 I art     : Explicit concurrent mark sweep GC freed 147(2496B) AllocSpace objects, 0(0B) LOS objects, 29% free, 38MB/54MB, paused 601us total 31.830ms
08-05 23:23:39.920 13697 13757 I art     : Starting a blocking GC Explicit
08-05 23:23:39.953 13697 13757 I art     : Explicit concurrent mark sweep GC freed 147(2496B) AllocSpace objects, 0(0B) LOS objects, 29% free, 38MB/54MB, paused 612us total 32.437ms
08-05 23:23:39.969 13697 13757 I art     : Starting a blocking GC Explicit
08-05 23:23:40.003 13697 13757 I art     : Explicit concurrent mark sweep GC freed 147(2496B) AllocSpace objects, 0(0B) LOS objects, 29% free, 38MB/54MB, paused 623us total 33.467ms
08-05 23:23:40.370 13697 13758 I art     : Starting a blocking GC Explicit
08-05 23:23:40.405 13697 13758 I art     : Explicit concurrent mark sweep GC freed 2581(101KB) AllocSpace objects, 2(40KB) LOS objects, 29% free, 38MB/54MB, paused 597us total 34.109ms
08-05 23:23:40.422 13697 13758 I art     : Starting a blocking GC Explicit
08-05 23:23:40.453 13697 13758 I art     : Explicit concurrent mark sweep GC freed 166(3KB) AllocSpace objects, 0(0B) LOS objects, 29% free, 38MB/54MB, paused 609us total 30.469ms
08-05 23:23:40.469 13697 13758 I art     : Starting a blocking GC Explicit
08-05 23:23:40.501 13697 13758 I art     : Explicit concurrent mark sweep GC freed 146(2464B) AllocSpace objects, 0(0B) LOS objects, 29% free, 38MB/54MB, paused 612us total 31.829ms
08-05 23:23:40.517 13697 13758 I art     : Starting a blocking GC Explicit
08-05 23:23:40.550 13697 13758 I art     : Explicit concurrent mark sweep GC freed 110(1888B) AllocSpace objects, 0(0B) LOS objects, 29% free, 38MB/54MB, paused 693us total 32.378ms
08-05 23:23:40.565 13697 13758 I art     : Starting a blocking GC Explicit
08-05 23:23:40.597 13697 13758 I art     : Explicit concurrent mark sweep GC freed 136(2304B) AllocSpace objects, 0(0B) LOS objects, 29% free, 38MB/54MB, paused 631us total 31.125ms
08-05 23:23:40.964 13697 13709 I art     : Starting a blocking GC Explicit
08-05 23:23:41.018 13697 13709 I art     : Explicit concurrent mark sweep GC freed 2630(102KB) AllocSpace objects, 2(40KB) LOS objects, 29% free, 38MB/54MB, paused 1.189ms total 54.303ms
08-05 23:23:41.039 13697 13709 I art     : Starting a blocking GC Explicit
08-05 23:23:41.070 13697 13709 I art     : Explicit concurrent mark sweep GC freed 214(3KB) AllocSpace objects, 0(0B) LOS objects, 29% free, 38MB/54MB, paused 571us total 30.481ms
08-05 23:23:41.087 13697 13709 I art     : Starting a blocking GC Explicit
08-05 23:23:41.095 14363 14363 D AndroidRuntime: >>>>>> START com.android.internal.os.RuntimeInit uid 2000 <<<<<<
08-05 23:23:41.101 14363 14363 D AndroidRuntime: CheckJNI is OFF
08-05 23:23:41.116 13697 13709 I art     : Explicit concurrent mark sweep GC freed 99(1696B) AllocSpace objects, 0(0B) LOS objects, 29% free, 38MB/54MB, paused 672us total 29ms
08-05 23:23:41.131 13697 13709 I art     : Starting a blocking GC Explicit
08-05 23:23:41.144 14363 14363 D ICU     : No timezone override file found: /data/misc/zoneinfo/current/icu/icu_tzdata.dat
08-05 23:23:41.163 13697 13709 I art     : Explicit concurrent mark sweep GC freed 147(2496B) AllocSpace objects, 0(0B) LOS objects, 29% free, 38MB/54MB, paused 623us total 31.455ms
08-05 23:23:41.178 13697 13709 I art     : Starting a blocking GC Explicit
08-05 23:23:41.187 14363 14363 I Radio-JNI: register_android_hardware_Radio DONE
08-05 23:23:41.210 13697 13709 I art     : Explicit concurrent mark sweep GC freed 147(2496B) AllocSpace objects, 0(0B) LOS objects, 29% free, 38MB/54MB, paused 597us total 31.518ms
08-05 23:23:41.215 14363 14363 D AndroidRuntime: Calling main entry com.android.commands.input.Input
08-05 23:23:41.218 14363 14363 I Input   : injectMotionEvent: MotionEvent { action=ACTION_DOWN, actionButton=0, id[0]=0, x[0]=504.0, y[0]=1706.0, toolType[0]=TOOL_TYPE_UNKNOWN, buttonState=0, metaState=0, flags=0x0, edgeFlags=0x0, pointerCount=1, historySize=0, eventTime=833037630, downTime=833037630, deviceId=0, source=0x1002 }
08-05 23:23:41.225 14363 14363 I Input   : injectMotionEvent: MotionEvent { action=ACTION_UP, actionButton=0, id[0]=0, x[0]=504.0, y[0]=1706.0, toolType[0]=TOOL_TYPE_UNKNOWN, buttonState=0, metaState=0, flags=0x0, edgeFlags=0x0, pointerCount=1, historySize=0, eventTime=833037630, downTime=833037630, deviceId=0, source=0x1002 }
08-05 23:23:41.226 14363 14363 D AndroidRuntime: Shutting down VM
08-05 23:23:41.228   512  2967 D audio_hw_primary: out_set_parameters: enter: usecase(1: low-latency-playback) kvpairs: routing=2
08-05 23:23:41.231   918  6110 I ActivityManager: START u0 {cmp=baseline.io.github.project_travel_mate/.destinations.funfacts.FunFactsActivity (has extras)} from uid 10696 on display 0
08-05 23:23:41.241   512  2967 D audio_hw_primary: select_devices: out_snd_device(2: speaker) in_snd_device(0: none)
08-05 23:23:41.241   512  2967 D msm8974_platform: platform_send_audio_calibration: sending audio calibration for snd_device(2) acdb_id(15)
08-05 23:23:41.241   512  2967 I soundtrigger: audio_extn_sound_trigger_update_device_status: device 0x2 of type 0 for Event 1
08-05 23:23:41.252   512  2967 D audio_hw_primary: enable_snd_device: snd_device(2: speaker)
08-05 23:23:41.254   512  2967 D audio_hw_primary: enable_audio_route: apply and update mixer path: low-latency-playback speaker
08-05 23:23:41.255 13697 13778 D Gabe    : call	returning from cache
08-05 23:23:41.256 13697 13697 V EXECUTING: https://project-travel-mate.herokuapp.com/api/get-city-facts/1
08-05 23:23:41.408   918   936 I ActivityManager: Displayed baseline.io.github.project_travel_mate/.destinations.funfacts.FunFactsActivity: +167ms
08-05 23:23:41.408 13866 13866 I GoogleInputMethodServic: GoogleInputMethodService.onFinishInput():3138 
08-05 23:23:41.409 13866 13866 I GoogleInputMethodServic: GoogleInputMethodService.onStartInput():1808 
08-05 23:23:41.563 13697 13709 I art     : Starting a blocking GC Explicit
08-05 23:23:41.597 13697 13709 I art     : Explicit concurrent mark sweep GC freed 4162(272KB) AllocSpace objects, 2(40KB) LOS objects, 27% free, 43MB/59MB, paused 627us total 33.266ms
08-05 23:23:41.612 13697 13709 I art     : Starting a blocking GC Explicit
08-05 23:23:41.646 13697 13709 I art     : Explicit concurrent mark sweep GC freed 365(10KB) AllocSpace objects, 0(0B) LOS objects, 27% free, 42MB/58MB, paused 655us total 33.757ms
08-05 23:23:41.662 13697 13709 I art     : Starting a blocking GC Explicit
08-05 23:23:41.666   380   380 W SurfaceFlinger: couldn't log to binary event log: overflow.
08-05 23:23:41.694 13697 13709 I art     : Explicit concurrent mark sweep GC freed 219(3KB) AllocSpace objects, 0(0B) LOS objects, 27% free, 42MB/58MB, paused 630us total 31.495ms
08-05 23:23:41.710 13697 13709 I art     : Starting a blocking GC Explicit
08-05 23:23:41.741 13697 13709 I art     : Explicit concurrent mark sweep GC freed 219(3KB) AllocSpace objects, 0(0B) LOS objects, 27% free, 42MB/58MB, paused 642us total 30.682ms
08-05 23:23:41.756 13697 13709 I art     : Starting a blocking GC Explicit
08-05 23:23:41.789   512  2967 D audio_hw_primary: disable_audio_route: reset and update mixer path: low-latency-playback speaker
08-05 23:23:41.790   512  2967 D audio_hw_primary: disable_snd_device: snd_device(2: speaker)
08-05 23:23:41.790 13697 13709 I art     : Explicit concurrent mark sweep GC freed 228(3KB) AllocSpace objects, 0(0B) LOS objects, 27% free, 42MB/58MB, paused 837us total 33.485ms
08-05 23:23:41.799   512  2967 I soundtrigger: audio_extn_sound_trigger_update_device_status: device 0x2 of type 0 for Event 0
08-05 23:23:41.964 13697 14387 I NAPPA_EXPERIMENTATION: MetricNetworkRequestExecutionTime: REQUEST_DURATION_SYSTEM='707',REQUEST_DURATION_OKHTTP='34',REQUEST_SYNCHRONOUS='FALSE',RESPONSE_CODE='200',RESPONSE_METHOD='GET',RESPONSE_LENGTH_OKHTTP='1793',RESPONSE_LENGTH_HEADER='1793',REQUEST_PROTOCOL='http/1.1',REQUEST_URL='https://project-travel-mate.herokuapp.com/api/get-city-facts/1',
08-05 23:23:41.967 13697 14387 V EXECUTING: https://project-travel-mate.herokuapp.com/api/get-city-images/1
08-05 23:23:42.127 13697 13710 I art     : Starting a blocking GC Explicit
08-05 23:23:42.162 13697 13710 I art     : Explicit concurrent mark sweep GC freed 5227(274KB) AllocSpace objects, 5(240KB) LOS objects, 26% free, 43MB/59MB, paused 959us total 34.197ms
08-05 23:23:42.178 13697 13710 I art     : Starting a blocking GC Explicit
08-05 23:23:42.210 13697 13710 I art     : Explicit concurrent mark sweep GC freed 1091(119KB) AllocSpace objects, 0(0B) LOS objects, 26% free, 43MB/59MB, paused 840us total 32.404ms
08-05 23:23:42.227 13697 13710 I art     : Starting a blocking GC Explicit
08-05 23:23:42.259 13697 13710 I art     : Explicit concurrent mark sweep GC freed 96(1776B) AllocSpace objects, 0(0B) LOS objects, 26% free, 43MB/59MB, paused 892us total 31.645ms
08-05 23:23:42.275 13697 13710 I art     : Starting a blocking GC Explicit
08-05 23:23:42.308 13697 13710 I art     : Explicit concurrent mark sweep GC freed 63(1136B) AllocSpace objects, 0(0B) LOS objects, 26% free, 43MB/59MB, paused 950us total 32.500ms
08-05 23:23:42.325 13697 13710 I art     : Starting a blocking GC Explicit
08-05 23:23:42.357 13697 13710 I art     : Explicit concurrent mark sweep GC freed 131(2192B) AllocSpace objects, 0(0B) LOS objects, 26% free, 43MB/59MB, paused 881us total 31.831ms
08-05 23:23:42.680 13697 14405 I NAPPA_EXPERIMENTATION: MetricNetworkRequestExecutionTime: REQUEST_DURATION_SYSTEM='712',REQUEST_DURATION_OKHTTP='38',REQUEST_SYNCHRONOUS='FALSE',RESPONSE_CODE='200',RESPONSE_METHOD='GET',RESPONSE_LENGTH_OKHTTP='183',RESPONSE_LENGTH_HEADER='183',REQUEST_PROTOCOL='http/1.1',REQUEST_URL='https://project-travel-mate.herokuapp.com/api/get-city-images/1',
08-05 23:23:42.710 13697 13757 I art     : Starting a blocking GC Explicit
08-05 23:23:42.719 13697 14405 V RESPONSE: [{"id":17,"image_url":"https://upload.wikimedia.org/wikipedia/commons/9/94/%E0%B4%96%E0%B5%81%E0%B4%A4%E0%B5%8D%E0%B4%AC%E0%B5%8D_%E0%B4%AE%E0%B4%BF%E0%B4%A8%E0%B4%BE%E0%B5%BC1.jpg"}]
08-05 23:23:42.745 13697 13757 I art     : Explicit concurrent mark sweep GC freed 4843(239KB) AllocSpace objects, 5(240KB) LOS objects, 26% free, 43MB/59MB, paused 948us total 34.680ms
08-05 23:23:42.761 13697 13757 I art     : Starting a blocking GC Explicit
08-05 23:23:42.793 13697 13757 I art     : Explicit concurrent mark sweep GC freed 1176(123KB) AllocSpace objects, 0(0B) LOS objects, 26% free, 43MB/59MB, paused 837us total 32.540ms
08-05 23:23:42.809 13697 13757 I art     : Starting a blocking GC Explicit
08-05 23:23:42.844 13697 13757 I art     : Explicit concurrent mark sweep GC freed 3254(129KB) AllocSpace objects, 0(0B) LOS objects, 26% free, 43MB/59MB, paused 811us total 34.010ms
08-05 23:23:42.860 13697 13757 I art     : Starting a blocking GC Explicit
08-05 23:23:42.897 13697 13757 I art     : Explicit concurrent mark sweep GC freed 385(12KB) AllocSpace objects, 1(4MB) LOS objects, 28% free, 39MB/55MB, paused 677us total 36.820ms
08-05 23:23:42.913 13697 13757 I art     : Starting a blocking GC Explicit
08-05 23:23:42.949 13697 13757 I art     : Explicit concurrent mark sweep GC freed 233(4KB) AllocSpace objects, 0(0B) LOS objects, 28% free, 39MB/55MB, paused 715us total 35.816ms
08-05 23:23:43.352 13697 13710 I art     : Starting a blocking GC Explicit
08-05 23:23:43.395 13697 13710 I art     : Explicit concurrent mark sweep GC freed 3398(115KB) AllocSpace objects, 2(40KB) LOS objects, 28% free, 39MB/55MB, paused 726us total 41.803ms
08-05 23:23:43.415 13697 13710 I art     : Starting a blocking GC Explicit
08-05 23:23:43.452 13697 13710 I art     : Explicit concurrent mark sweep GC freed 241(4KB) AllocSpace objects, 0(0B) LOS objects, 28% free, 39MB/55MB, paused 655us total 37.025ms
08-05 23:23:43.469 13697 13710 I art     : Starting a blocking GC Explicit
08-05 23:23:43.505 13697 13710 I art     : Explicit concurrent mark sweep GC freed 259(4KB) AllocSpace objects, 0(0B) LOS objects, 28% free, 39MB/55MB, paused 775us total 35.817ms
08-05 23:23:43.521 13697 13710 I art     : Starting a blocking GC Explicit
08-05 23:23:43.555 13697 13710 I art     : Explicit concurrent mark sweep GC freed 250(4KB) AllocSpace objects, 0(0B) LOS objects, 28% free, 39MB/55MB, paused 692us total 34.068ms
08-05 23:23:43.572 13697 13710 I art     : Starting a blocking GC Explicit
08-05 23:23:43.607 13697 13710 I art     : Explicit concurrent mark sweep GC freed 191(3KB) AllocSpace objects, 0(0B) LOS objects, 28% free, 39MB/55MB, paused 832us total 34.933ms
08-05 23:23:43.984 14432 14432 D AndroidRuntime: >>>>>> START com.android.internal.os.RuntimeInit uid 2000 <<<<<<
08-05 23:23:43.990 14432 14432 D AndroidRuntime: CheckJNI is OFF
08-05 23:23:43.997 13697 13758 I art     : Starting a blocking GC Explicit
08-05 23:23:44.035 13697 13758 I art     : Explicit concurrent mark sweep GC freed 3258(112KB) AllocSpace objects, 2(40KB) LOS objects, 28% free, 39MB/55MB, paused 705us total 37.447ms
08-05 23:23:44.036 14432 14432 D ICU     : No timezone override file found: /data/misc/zoneinfo/current/icu/icu_tzdata.dat
08-05 23:23:44.051 13697 13758 I art     : Starting a blocking GC Explicit
08-05 23:23:44.082 14432 14432 I Radio-JNI: register_android_hardware_Radio DONE
08-05 23:23:44.087 13697 13758 I art     : Explicit concurrent mark sweep GC freed 238(4KB) AllocSpace objects, 0(0B) LOS objects, 28% free, 39MB/55MB, paused 829us total 35.831ms
08-05 23:23:44.103 13697 13758 I art     : Starting a blocking GC Explicit
08-05 23:23:44.112 14432 14432 D AndroidRuntime: Calling main entry com.android.commands.input.Input
08-05 23:23:44.114 14432 14432 I Input   : injectKeyEvent: KeyEvent { action=ACTION_DOWN, keyCode=KEYCODE_BACK, scanCode=0, metaState=0, flags=0x0, repeatCount=0, eventTime=833040527, downTime=833040527, deviceId=-1, source=0x101 }
08-05 23:23:44.124 14432 14432 I Input   : injectKeyEvent: KeyEvent { action=ACTION_UP, keyCode=KEYCODE_BACK, scanCode=0, metaState=0, flags=0x0, repeatCount=0, eventTime=833040527, downTime=833040527, deviceId=-1, source=0x101 }
08-05 23:23:44.134 14432 14432 D AndroidRuntime: Shutting down VM
08-05 23:23:44.138 13697 13758 I art     : Explicit concurrent mark sweep GC freed 225(3KB) AllocSpace objects, 0(0B) LOS objects, 28% free, 39MB/55MB, paused 673us total 34.896ms
08-05 23:23:44.154 13697 13758 I art     : Starting a blocking GC Explicit
08-05 23:23:44.181 13866 13866 I GoogleInputMethodServic: GoogleInputMethodService.onFinishInput():3138 
08-05 23:23:44.182 13866 13866 I GoogleInputMethodServic: GoogleInputMethodService.onStartInput():1808 
08-05 23:23:44.189 13697 13758 I art     : Explicit concurrent mark sweep GC freed 273(5KB) AllocSpace objects, 0(0B) LOS objects, 28% free, 39MB/55MB, paused 1.005ms total 34.101ms
08-05 23:23:44.206 13697 13758 I art     : Starting a blocking GC Explicit
08-05 23:23:44.240 13697 13758 I art     : Explicit concurrent mark sweep GC freed 249(4KB) AllocSpace objects, 0(0B) LOS objects, 28% free, 39MB/55MB, paused 749us total 33.781ms
08-05 23:23:44.486   380   380 W SurfaceFlinger: couldn't log to binary event log: overflow.
08-05 23:23:44.607 13697 13757 I art     : Starting a blocking GC Explicit
08-05 23:23:44.647 13697 13757 I art     : Explicit concurrent mark sweep GC freed 3741(144KB) AllocSpace objects, 5(684KB) LOS objects, 29% free, 39MB/55MB, paused 699us total 40.631ms
08-05 23:23:44.668 13697 13757 I art     : Starting a blocking GC Explicit
08-05 23:23:44.700 13697 13757 I art     : Explicit concurrent mark sweep GC freed 5600(269KB) AllocSpace objects, 1(28KB) LOS objects, 29% free, 38MB/54MB, paused 645us total 31.112ms
08-05 23:23:44.715 13697 13757 I art     : Starting a blocking GC Explicit
08-05 23:23:44.745 13697 13757 I art     : Explicit concurrent mark sweep GC freed 152(2752B) AllocSpace objects, 0(0B) LOS objects, 29% free, 38MB/54MB, paused 637us total 30.072ms
08-05 23:23:44.760 13697 13757 I art     : Starting a blocking GC Explicit
08-05 23:23:44.791 13697 13757 I art     : Explicit concurrent mark sweep GC freed 147(2496B) AllocSpace objects, 0(0B) LOS objects, 29% free, 38MB/54MB, paused 659us total 30.572ms
08-05 23:23:44.807 13697 13757 I art     : Starting a blocking GC Explicit
08-05 23:23:44.838 13697 13757 I art     : Explicit concurrent mark sweep GC freed 100(1712B) AllocSpace objects, 0(0B) LOS objects, 29% free, 38MB/54MB, paused 800us total 31.202ms
08-05 23:23:45.191 13697 13709 I art     : Starting a blocking GC Explicit
08-05 23:23:45.226 13697 13709 I art     : Explicit concurrent mark sweep GC freed 2579(101KB) AllocSpace objects, 2(40KB) LOS objects, 29% free, 38MB/54MB, paused 686us total 34.457ms
08-05 23:23:45.242 13697 13709 I art     : Starting a blocking GC Explicit
08-05 23:23:45.275 13697 13709 I art     : Explicit concurrent mark sweep GC freed 166(3KB) AllocSpace objects, 0(0B) LOS objects, 29% free, 38MB/54MB, paused 702us total 32.912ms
08-05 23:23:45.291 13697 13709 I art     : Starting a blocking GC Explicit
08-05 23:23:45.326 13697 13709 I art     : Explicit concurrent mark sweep GC freed 147(2496B) AllocSpace objects, 0(0B) LOS objects, 29% free, 38MB/54MB, paused 661us total 34.542ms
08-05 23:23:45.342 13697 13709 I art     : Starting a blocking GC Explicit
08-05 23:23:45.375 13697 13709 I art     : Explicit concurrent mark sweep GC freed 147(2496B) AllocSpace objects, 0(0B) LOS objects, 29% free, 38MB/54MB, paused 641us total 32.761ms
08-05 23:23:45.392 13697 13709 I art     : Starting a blocking GC Explicit
08-05 23:23:45.425 13697 13709 I art     : Explicit concurrent mark sweep GC freed 147(2496B) AllocSpace objects, 0(0B) LOS objects, 29% free, 38MB/54MB, paused 665us total 32.483ms
08-05 23:23:45.775 13697 13758 I art     : Starting a blocking GC Explicit
08-05 23:23:45.813 13697 13758 I art     : Explicit concurrent mark sweep GC freed 2520(100KB) AllocSpace objects, 2(40KB) LOS objects, 29% free, 38MB/54MB, paused 772us total 37.651ms
08-05 23:23:45.819 10068 10068 I ServiceManager: Waiting for service AtCmdFwd...
08-05 23:23:45.832 13697 13758 I art     : Starting a blocking GC Explicit
08-05 23:23:45.866 13697 13758 I art     : Explicit concurrent mark sweep GC freed 178(3KB) AllocSpace objects, 0(0B) LOS objects, 29% free, 38MB/54MB, paused 693us total 33.944ms
08-05 23:23:45.882 13697 13758 I art     : Starting a blocking GC Explicit
08-05 23:23:45.913 14477 14477 D AndroidRuntime: >>>>>> START com.android.internal.os.RuntimeInit uid 2000 <<<<<<
08-05 23:23:45.916 13697 13758 I art     : Explicit concurrent mark sweep GC freed 147(2496B) AllocSpace objects, 0(0B) LOS objects, 29% free, 38MB/54MB, paused 690us total 33.630ms
08-05 23:23:45.919 14477 14477 D AndroidRuntime: CheckJNI is OFF
08-05 23:23:45.933 13697 13758 I art     : Starting a blocking GC Explicit
08-05 23:23:45.963 14477 14477 D ICU     : No timezone override file found: /data/misc/zoneinfo/current/icu/icu_tzdata.dat
08-05 23:23:45.966 13697 13758 I art     : Explicit concurrent mark sweep GC freed 147(2496B) AllocSpace objects, 0(0B) LOS objects, 29% free, 38MB/54MB, paused 679us total 32.549ms
08-05 23:23:45.982 13697 13758 I art     : Starting a blocking GC Explicit
08-05 23:23:46.009 14477 14477 I Radio-JNI: register_android_hardware_Radio DONE
08-05 23:23:46.016 13697 13758 I art     : Explicit concurrent mark sweep GC freed 147(2496B) AllocSpace objects, 0(0B) LOS objects, 29% free, 38MB/54MB, paused 718us total 34.342ms
08-05 23:23:46.040 14477 14477 D AndroidRuntime: Calling main entry com.android.commands.input.Input
08-05 23:23:46.042 14477 14477 I Input   : injectMotionEvent: MotionEvent { action=ACTION_DOWN, actionButton=0, id[0]=0, x[0]=693.0, y[0]=1450.0, toolType[0]=TOOL_TYPE_UNKNOWN, buttonState=0, metaState=0, flags=0x0, edgeFlags=0x0, pointerCount=1, historySize=0, eventTime=833042454, downTime=833042454, deviceId=0, source=0x1002 }
08-05 23:23:46.048 14477 14477 I Input   : injectMotionEvent: MotionEvent { action=ACTION_UP, actionButton=0, id[0]=0, x[0]=693.0, y[0]=1450.0, toolType[0]=TOOL_TYPE_UNKNOWN, buttonState=0, metaState=0, flags=0x0, edgeFlags=0x0, pointerCount=1, historySize=0, eventTime=833042454, downTime=833042454, deviceId=0, source=0x1002 }
08-05 23:23:46.049 14477 14477 D AndroidRuntime: Shutting down VM
08-05 23:23:46.049   918  3961 I ActivityManager: START u0 {cmp=baseline.io.github.project_travel_mate/.destinations.description.CityHistoryActivity} from uid 10696 on display 0
08-05 23:23:46.051   512  2967 D audio_hw_primary: out_set_parameters: enter: usecase(1: low-latency-playback) kvpairs: routing=2
08-05 23:23:46.064   512  2967 D audio_hw_primary: select_devices: out_snd_device(2: speaker) in_snd_device(0: none)
08-05 23:23:46.064   512  2967 D msm8974_platform: platform_send_audio_calibration: sending audio calibration for snd_device(2) acdb_id(15)
08-05 23:23:46.064   512  2967 I soundtrigger: audio_extn_sound_trigger_update_device_status: device 0x2 of type 0 for Event 1
08-05 23:23:46.074   512  2967 D audio_hw_primary: enable_snd_device: snd_device(2: speaker)
08-05 23:23:46.076   512  2967 D audio_hw_primary: enable_audio_route: apply and update mixer path: low-latency-playback speaker
08-05 23:23:46.079 13697 13778 D Gabe    : call	returning from cache
08-05 23:23:46.081 13697 13697 V EXECUTING: https://project-travel-mate.herokuapp.com/api/get-city-information/1
08-05 23:23:46.230 13866 13866 I GoogleInputMethodServic: GoogleInputMethodService.onFinishInput():3138 
08-05 23:23:46.230   918   936 I ActivityManager: Displayed baseline.io.github.project_travel_mate/.destinations.description.CityHistoryActivity: +172ms
08-05 23:23:46.230 13866 13866 I GoogleInputMethodServic: GoogleInputMethodService.onStartInput():1808 
08-05 23:23:46.368 13697 13757 I art     : Starting a blocking GC Explicit
08-05 23:23:46.403 13697 13757 I art     : Explicit concurrent mark sweep GC freed 3066(155KB) AllocSpace objects, 2(40KB) LOS objects, 26% free, 43MB/59MB, paused 778us total 34.652ms
08-05 23:23:46.419 13697 13757 I art     : Starting a blocking GC Explicit
08-05 23:23:46.450 13697 13757 I art     : Explicit concurrent mark sweep GC freed 443(14KB) AllocSpace objects, 0(0B) LOS objects, 27% free, 43MB/59MB, paused 666us total 31.103ms
08-05 23:23:46.466 13697 13757 I art     : Starting a blocking GC Explicit
08-05 23:23:46.489   380   380 W SurfaceFlinger: couldn't log to binary event log: overflow.
08-05 23:23:46.503 13697 13757 I art     : Explicit concurrent mark sweep GC freed 220(3KB) AllocSpace objects, 0(0B) LOS objects, 27% free, 43MB/59MB, paused 706us total 36.290ms
08-05 23:23:46.519 13697 13757 I art     : Starting a blocking GC Explicit
08-05 23:23:46.551 13697 13757 I art     : Explicit concurrent mark sweep GC freed 219(3KB) AllocSpace objects, 0(0B) LOS objects, 27% free, 43MB/59MB, paused 684us total 31.286ms
08-05 23:23:46.567 13697 13757 I art     : Starting a blocking GC Explicit
08-05 23:23:46.600 13697 13757 I art     : Explicit concurrent mark sweep GC freed 219(3KB) AllocSpace objects, 0(0B) LOS objects, 27% free, 43MB/59MB, paused 703us total 33.267ms
08-05 23:23:46.619   512  2967 D audio_hw_primary: disable_audio_route: reset and update mixer path: low-latency-playback speaker
08-05 23:23:46.620   512  2967 D audio_hw_primary: disable_snd_device: snd_device(2: speaker)
08-05 23:23:46.628   512  2967 I soundtrigger: audio_extn_sound_trigger_update_device_status: device 0x2 of type 0 for Event 0
08-05 23:23:46.820 10068 10068 I ServiceManager: Waiting for service AtCmdFwd...
08-05 23:23:46.949 13697 13758 I art     : Starting a blocking GC Explicit
08-05 23:23:46.983 13697 14501 I NAPPA_EXPERIMENTATION: MetricNetworkRequestExecutionTime: REQUEST_DURATION_SYSTEM='901',REQUEST_DURATION_OKHTTP='37',REQUEST_SYNCHRONOUS='FALSE',RESPONSE_CODE='200',RESPONSE_METHOD='GET',RESPONSE_LENGTH_OKHTTP='55024',RESPONSE_LENGTH_HEADER='55024',REQUEST_PROTOCOL='http/1.1',REQUEST_URL='https://project-travel-mate.herokuapp.com/api/get-city-information/1',
08-05 23:23:46.984 13697 13758 I art     : Explicit concurrent mark sweep GC freed 4855(231KB) AllocSpace objects, 5(240KB) LOS objects, 26% free, 43MB/59MB, paused 1.194ms total 34.890ms
08-05 23:23:47.001 13697 13758 I art     : Starting a blocking GC Explicit
08-05 23:23:47.034 13697 13758 I art     : Explicit concurrent mark sweep GC freed 1162(130KB) AllocSpace objects, 3(272KB) LOS objects, 26% free, 43MB/59MB, paused 822us total 33.170ms
08-05 23:23:47.050 13697 13758 I art     : Starting a blocking GC Explicit
08-05 23:23:47.082 13697 13758 I art     : Explicit concurrent mark sweep GC freed 139(2656B) AllocSpace objects, 0(0B) LOS objects, 26% free, 43MB/59MB, paused 853us total 32.067ms
08-05 23:23:47.099 13697 13758 I art     : Starting a blocking GC Explicit
08-05 23:23:47.133 13697 13758 I art     : Explicit concurrent mark sweep GC freed 32(624B) AllocSpace objects, 0(0B) LOS objects, 26% free, 43MB/59MB, paused 920us total 33.528ms
08-05 23:23:47.149 13697 13758 I art     : Starting a blocking GC Explicit
08-05 23:23:47.182 13697 13758 I art     : Explicit concurrent mark sweep GC freed 984(1042KB) AllocSpace objects, 15(300KB) LOS objects, 26% free, 44MB/60MB, paused 941us total 32.590ms
08-05 23:23:47.182 13697 13708 I art     : WaitForGcToComplete blocked for 19.702ms for cause HeapTrim
08-05 23:23:47.193 13866 13866 I GoogleInputMethodServic: GoogleInputMethodService.onFinishInput():3138 
08-05 23:23:47.194 13866 13866 I GoogleInputMethodServic: GoogleInputMethodService.onStartInput():1808 
08-05 23:23:47.550 13697 13710 I art     : Starting a blocking GC Explicit
08-05 23:23:47.590 13697 13710 I art     : Explicit concurrent mark sweep GC freed 3566(281KB) AllocSpace objects, 4(4MB) LOS objects, 28% free, 39MB/55MB, paused 803us total 40.068ms
08-05 23:23:47.610 13697 13710 I art     : Starting a blocking GC Explicit
08-05 23:23:47.648 13697 13710 I art     : Explicit concurrent mark sweep GC freed 334(6KB) AllocSpace objects, 0(0B) LOS objects, 28% free, 39MB/55MB, paused 684us total 37.824ms
08-05 23:23:47.664 13697 13710 I art     : Starting a blocking GC Explicit
08-05 23:23:47.702 13697 13710 I art     : Explicit concurrent mark sweep GC freed 219(3KB) AllocSpace objects, 0(0B) LOS objects, 28% free, 39MB/55MB, paused 721us total 37.962ms
08-05 23:23:47.720 13697 13710 I art     : Starting a blocking GC Explicit
08-05 23:23:47.758 13697 13710 I art     : Explicit concurrent mark sweep GC freed 224(3KB) AllocSpace objects, 0(0B) LOS objects, 28% free, 39MB/55MB, paused 821us total 37.905ms
08-05 23:23:47.774 13697 13710 I art     : Starting a blocking GC Explicit
08-05 23:23:47.811 13697 13710 I art     : Explicit concurrent mark sweep GC freed 296(4KB) AllocSpace objects, 0(0B) LOS objects, 28% free, 39MB/55MB, paused 837us total 36.343ms
08-05 23:23:47.820 10068 10068 I ServiceManager: Waiting for service AtCmdFwd...
08-05 23:23:48.207 13697 13709 I art     : Starting a blocking GC Explicit
08-05 23:23:48.246 13697 13709 I art     : Explicit concurrent mark sweep GC freed 3316(114KB) AllocSpace objects, 2(40KB) LOS objects, 28% free, 39MB/55MB, paused 765us total 38.866ms
08-05 23:23:48.265 13697 13709 I art     : Starting a blocking GC Explicit
08-05 23:23:48.303 13697 13709 I art     : Explicit concurrent mark sweep GC freed 240(4KB) AllocSpace objects, 0(0B) LOS objects, 28% free, 39MB/55MB, paused 710us total 37.681ms
08-05 23:23:48.320 13697 13709 I art     : Starting a blocking GC Explicit
08-05 23:23:48.359 13697 13709 I art     : Explicit concurrent mark sweep GC freed 223(3KB) AllocSpace objects, 0(0B) LOS objects, 28% free, 39MB/55MB, paused 1.132ms total 38.627ms
08-05 23:23:48.376 13697 13709 I art     : Starting a blocking GC Explicit
08-05 23:23:48.413 13697 13709 I art     : Explicit concurrent mark sweep GC freed 286(4KB) AllocSpace objects, 0(0B) LOS objects, 28% free, 39MB/55MB, paused 721us total 37.188ms
08-05 23:23:48.430 13697 13709 I art     : Starting a blocking GC Explicit
08-05 23:23:48.469 13697 13709 I art     : Explicit concurrent mark sweep GC freed 220(3KB) AllocSpace objects, 0(0B) LOS objects, 28% free, 39MB/55MB, paused 730us total 38.708ms
08-05 23:23:48.821 10068 10068 I ServiceManager: Waiting for service AtCmdFwd...
08-05 23:23:48.859 13697 13710 I art     : Starting a blocking GC Explicit
08-05 23:23:48.901 13697 13710 I art     : Explicit concurrent mark sweep GC freed 3299(113KB) AllocSpace objects, 2(40KB) LOS objects, 28% free, 39MB/55MB, paused 734us total 41.518ms
08-05 23:23:48.920 13697 13710 I art     : Starting a blocking GC Explicit
08-05 23:23:48.958 13697 13710 I art     : Explicit concurrent mark sweep GC freed 239(4KB) AllocSpace objects, 0(0B) LOS objects, 28% free, 39MB/55MB, paused 677us total 38.245ms
08-05 23:23:48.975 13697 13710 I art     : Starting a blocking GC Explicit
08-05 23:23:49.013 13697 13710 I art     : Explicit concurrent mark sweep GC freed 289(4KB) AllocSpace objects, 0(0B) LOS objects, 28% free, 39MB/55MB, paused 798us total 37.714ms
08-05 23:23:49.029 13697 13710 I art     : Starting a blocking GC Explicit
08-05 23:23:49.067 13697 13710 I art     : Explicit concurrent mark sweep GC freed 218(3KB) AllocSpace objects, 0(0B) LOS objects, 28% free, 39MB/55MB, paused 945us total 37.176ms
08-05 23:23:49.084 13697 13710 I art     : Starting a blocking GC Explicit
08-05 23:23:49.121 13697 13710 I art     : Explicit concurrent mark sweep GC freed 221(3KB) AllocSpace objects, 0(0B) LOS objects, 28% free, 39MB/55MB, paused 698us total 36.597ms
08-05 23:23:49.518 13697 13757 I art     : Starting a blocking GC Explicit
08-05 23:23:49.560 13697 13757 I art     : Explicit concurrent mark sweep GC freed 3303(113KB) AllocSpace objects, 2(40KB) LOS objects, 28% free, 39MB/55MB, paused 728us total 41.472ms
08-05 23:23:49.579 13697 13757 I art     : Starting a blocking GC Explicit
08-05 23:23:49.616 13697 13757 I art     : Explicit concurrent mark sweep GC freed 286(5KB) AllocSpace objects, 0(0B) LOS objects, 28% free, 39MB/55MB, paused 781us total 36.377ms
08-05 23:23:49.632 13697 13757 I art     : Starting a blocking GC Explicit
08-05 23:23:49.670 13697 13757 I art     : Explicit concurrent mark sweep GC freed 242(4KB) AllocSpace objects, 0(0B) LOS objects, 28% free, 39MB/55MB, paused 717us total 37.315ms
08-05 23:23:49.687 13697 13757 I art     : Starting a blocking GC Explicit
08-05 23:23:49.724 13697 13757 I art     : Explicit concurrent mark sweep GC freed 220(3KB) AllocSpace objects, 0(0B) LOS objects, 28% free, 39MB/55MB, paused 691us total 37.454ms
08-05 23:23:49.741 13697 13757 I art     : Starting a blocking GC Explicit
08-05 23:23:49.779 13697 13757 I art     : Explicit concurrent mark sweep GC freed 236(3KB) AllocSpace objects, 0(0B) LOS objects, 28% free, 39MB/55MB, paused 774us total 38.227ms
08-05 23:23:49.822 10068 10068 I ServiceManager: Waiting for service AtCmdFwd...
08-05 23:23:50.177 13697 13758 I art     : Starting a blocking GC Explicit
08-05 23:23:50.251 13697 13758 I art     : Explicit concurrent mark sweep GC freed 3498(116KB) AllocSpace objects, 2(40KB) LOS objects, 28% free, 39MB/55MB, paused 1.024ms total 72.784ms
08-05 23:23:50.275 13697 13758 I art     : Starting a blocking GC Explicit
08-05 23:23:50.313 13697 13758 I art     : Explicit concurrent mark sweep GC freed 310(5KB) AllocSpace objects, 0(0B) LOS objects, 28% free, 39MB/55MB, paused 731us total 37.749ms
08-05 23:23:50.329 13697 13758 I art     : Starting a blocking GC Explicit
08-05 23:23:50.364 13697 13758 I art     : Explicit concurrent mark sweep GC freed 220(3KB) AllocSpace objects, 0(0B) LOS objects, 28% free, 39MB/55MB, paused 732us total 34.544ms
08-05 23:23:50.380 13697 13758 I art     : Starting a blocking GC Explicit
08-05 23:23:50.415 13697 13758 I art     : Explicit concurrent mark sweep GC freed 195(3KB) AllocSpace objects, 0(0B) LOS objects, 28% free, 39MB/55MB, paused 923us total 34.981ms
08-05 23:23:50.432 13697 13758 I art     : Starting a blocking GC Explicit
08-05 23:23:50.469 13697 13758 I art     : Explicit concurrent mark sweep GC freed 265(4KB) AllocSpace objects, 0(0B) LOS objects, 28% free, 39MB/55MB, paused 816us total 37.456ms
08-05 23:23:50.804 14576 14576 D AndroidRuntime: >>>>>> START com.android.internal.os.RuntimeInit uid 2000 <<<<<<
08-05 23:23:50.811 14576 14576 D AndroidRuntime: CheckJNI is OFF
08-05 23:23:50.822 10068 10068 W Atfwd_Sendcmd: AtCmdFwd service not published, waiting... retryCnt : 3
08-05 23:23:50.854 14576 14576 D ICU     : No timezone override file found: /data/misc/zoneinfo/current/icu/icu_tzdata.dat
08-05 23:23:50.864 13697 13709 I art     : Starting a blocking GC Explicit
08-05 23:23:50.900 14576 14576 I Radio-JNI: register_android_hardware_Radio DONE
08-05 23:23:50.901 13697 13709 I art     : Explicit concurrent mark sweep GC freed 3299(113KB) AllocSpace objects, 2(40KB) LOS objects, 28% free, 39MB/55MB, paused 777us total 37.475ms
08-05 23:23:50.918 13697 13709 I art     : Starting a blocking GC Explicit
08-05 23:23:50.930 14576 14576 D AndroidRuntime: Calling main entry com.android.commands.input.Input
08-05 23:23:50.932 14576 14576 I Input   : injectKeyEvent: KeyEvent { action=ACTION_DOWN, keyCode=KEYCODE_BACK, scanCode=0, metaState=0, flags=0x0, repeatCount=0, eventTime=833047345, downTime=833047345, deviceId=-1, source=0x101 }
08-05 23:23:50.936 14576 14576 I Input   : injectKeyEvent: KeyEvent { action=ACTION_UP, keyCode=KEYCODE_BACK, scanCode=0, metaState=0, flags=0x0, repeatCount=0, eventTime=833047345, downTime=833047345, deviceId=-1, source=0x101 }
08-05 23:23:50.942 14576 14576 D AndroidRuntime: Shutting down VM
08-05 23:23:50.952 13697 13709 I art     : Explicit concurrent mark sweep GC freed 229(4KB) AllocSpace objects, 0(0B) LOS objects, 28% free, 39MB/55MB, paused 836us total 33.821ms
08-05 23:23:50.969 13697 13709 I art     : Starting a blocking GC Explicit
08-05 23:23:50.987 13866 13866 I GoogleInputMethodServic: GoogleInputMethodService.onFinishInput():3138 
08-05 23:23:50.987 13866 13866 I GoogleInputMethodServic: GoogleInputMethodService.onStartInput():1808 
08-05 23:23:51.002 13697 13709 I art     : Explicit concurrent mark sweep GC freed 243(5KB) AllocSpace objects, 0(0B) LOS objects, 28% free, 39MB/55MB, paused 683us total 33.306ms
08-05 23:23:51.019 13697 13709 I art     : Starting a blocking GC Explicit
08-05 23:23:51.051 13697 13709 I art     : Explicit concurrent mark sweep GC freed 312(5KB) AllocSpace objects, 0(0B) LOS objects, 28% free, 39MB/55MB, paused 641us total 31.352ms
08-05 23:23:51.067 13697 13709 I art     : Starting a blocking GC Explicit
08-05 23:23:51.100 13697 13709 I art     : Explicit concurrent mark sweep GC freed 221(3KB) AllocSpace objects, 0(0B) LOS objects, 28% free, 39MB/55MB, paused 659us total 32.921ms
08-05 23:23:51.277   380   380 W SurfaceFlinger: couldn't log to binary event log: overflow.
08-05 23:23:51.458 13697 13710 I art     : Starting a blocking GC Explicit
08-05 23:23:51.492 13697 13710 I art     : Explicit concurrent mark sweep GC freed 2798(106KB) AllocSpace objects, 4(404KB) LOS objects, 28% free, 39MB/55MB, paused 709us total 34.500ms
08-05 23:23:51.509 13697 13710 I art     : Starting a blocking GC Explicit
08-05 23:23:51.542 13697 13710 I art     : Explicit concurrent mark sweep GC freed 4864(342KB) AllocSpace objects, 7(132KB) LOS objects, 29% free, 38MB/54MB, paused 679us total 32.386ms
08-05 23:23:51.558 13697 13710 I art     : Starting a blocking GC Explicit
08-05 23:23:51.590 13697 13710 I art     : Explicit concurrent mark sweep GC freed 147(2496B) AllocSpace objects, 0(0B) LOS objects, 29% free, 38MB/54MB, paused 668us total 31.667ms
08-05 23:23:51.605 13697 13710 I art     : Starting a blocking GC Explicit
08-05 23:23:51.636 13697 13710 I art     : Explicit concurrent mark sweep GC freed 147(2496B) AllocSpace objects, 0(0B) LOS objects, 29% free, 38MB/54MB, paused 676us total 31.271ms
08-05 23:23:51.652 13697 13710 I art     : Starting a blocking GC Explicit
08-05 23:23:51.684 13697 13710 I art     : Explicit concurrent mark sweep GC freed 147(2496B) AllocSpace objects, 0(0B) LOS objects, 29% free, 38MB/54MB, paused 678us total 31.454ms
08-05 23:23:52.054 13697 13758 I art     : Starting a blocking GC Explicit
08-05 23:23:52.090 13697 13758 I art     : Explicit concurrent mark sweep GC freed 2580(101KB) AllocSpace objects, 2(40KB) LOS objects, 29% free, 38MB/54MB, paused 688us total 35.708ms
08-05 23:23:52.106 13697 13758 I art     : Starting a blocking GC Explicit
08-05 23:23:52.139 13697 13758 I art     : Explicit concurrent mark sweep GC freed 166(3KB) AllocSpace objects, 0(0B) LOS objects, 29% free, 38MB/54MB, paused 691us total 32.709ms
08-05 23:23:52.155 13697 13758 I art     : Starting a blocking GC Explicit
08-05 23:23:52.187 13697 13758 I art     : Explicit concurrent mark sweep GC freed 147(2496B) AllocSpace objects, 0(0B) LOS objects, 29% free, 38MB/54MB, paused 721us total 31.835ms
08-05 23:23:52.204 13697 13758 I art     : Starting a blocking GC Explicit
08-05 23:23:52.236 13697 13758 I art     : Explicit concurrent mark sweep GC freed 147(2496B) AllocSpace objects, 0(0B) LOS objects, 29% free, 38MB/54MB, paused 716us total 31.808ms
08-05 23:23:52.252 13697 13758 I art     : Starting a blocking GC Explicit
08-05 23:23:52.285 13697 13758 I art     : Explicit concurrent mark sweep GC freed 147(2496B) AllocSpace objects, 0(0B) LOS objects, 29% free, 38MB/54MB, paused 695us total 32.493ms
08-05 23:23:52.637 13697 13757 I art     : Starting a blocking GC Explicit
08-05 23:23:52.673   918  3261 D WifiStateMachine: starting scan for "H369AA63323"WPA_PSK with 2412,5180
08-05 23:23:52.674 13697 13757 I art     : Explicit concurrent mark sweep GC freed 2533(101KB) AllocSpace objects, 2(40KB) LOS objects, 29% free, 38MB/54MB, paused 719us total 36.919ms
08-05 23:23:52.691 13697 13757 I art     : Starting a blocking GC Explicit
08-05 23:23:52.716 14620 14620 D AndroidRuntime: >>>>>> START com.android.internal.os.RuntimeInit uid 2000 <<<<<<
08-05 23:23:52.722 14620 14620 D AndroidRuntime: CheckJNI is OFF
08-05 23:23:52.726 13697 13757 I art     : Explicit concurrent mark sweep GC freed 166(3KB) AllocSpace objects, 0(0B) LOS objects, 29% free, 38MB/54MB, paused 766us total 35.400ms
08-05 23:23:52.742 13697 13757 I art     : Starting a blocking GC Explicit
08-05 23:23:52.767 14620 14620 D ICU     : No timezone override file found: /data/misc/zoneinfo/current/icu/icu_tzdata.dat
08-05 23:23:52.777 13697 13757 I art     : Explicit concurrent mark sweep GC freed 147(2496B) AllocSpace objects, 0(0B) LOS objects, 29% free, 38MB/54MB, paused 705us total 33.949ms
08-05 23:23:52.793 13697 13757 I art     : Starting a blocking GC Explicit
08-05 23:23:52.811 14620 14620 I Radio-JNI: register_android_hardware_Radio DONE
08-05 23:23:52.828 13697 13757 I art     : Explicit concurrent mark sweep GC freed 147(2496B) AllocSpace objects, 0(0B) LOS objects, 29% free, 38MB/54MB, paused 733us total 34.802ms
08-05 23:23:52.841 14620 14620 D AndroidRuntime: Calling main entry com.android.commands.input.Input
08-05 23:23:52.843 14620 14620 I Input   : injectKeyEvent: KeyEvent { action=ACTION_DOWN, keyCode=KEYCODE_BACK, scanCode=0, metaState=0, flags=0x0, repeatCount=0, eventTime=833049256, downTime=833049256, deviceId=-1, source=0x101 }
08-05 23:23:52.844 13697 13757 I art     : Starting a blocking GC Explicit
08-05 23:23:52.852 14620 14620 I Input   : injectKeyEvent: KeyEvent { action=ACTION_UP, keyCode=KEYCODE_BACK, scanCode=0, metaState=0, flags=0x0, repeatCount=0, eventTime=833049256, downTime=833049256, deviceId=-1, source=0x101 }
08-05 23:23:52.858 14620 14620 D AndroidRuntime: Shutting down VM
08-05 23:23:52.872 13697 13697 V MainActivity: url = https://project-travel-mate.herokuapp.com/api/number-of-unread-notifications
08-05 23:23:52.877 13697 13757 I art     : Explicit concurrent mark sweep GC freed 425(14KB) AllocSpace objects, 0(0B) LOS objects, 29% free, 38MB/54MB, paused 1.212ms total 33.365ms
08-05 23:23:52.932 13866 13866 I GoogleInputMethodServic: GoogleInputMethodService.onFinishInput():3138 
08-05 23:23:52.933 13866 13866 I GoogleInputMethodServic: GoogleInputMethodService.onStartInput():1808 
08-05 23:23:53.243 13697 13709 I art     : Starting a blocking GC Explicit
08-05 23:23:53.279 13697 13709 I art     : Explicit concurrent mark sweep GC freed 2711(114KB) AllocSpace objects, 2(40KB) LOS objects, 29% free, 38MB/54MB, paused 839us total 36.072ms
08-05 23:23:53.295 13697 13709 I art     : Starting a blocking GC Explicit
08-05 23:23:53.332 13697 13709 I art     : Explicit concurrent mark sweep GC freed 304(11KB) AllocSpace objects, 0(0B) LOS objects, 29% free, 38MB/54MB, paused 1.021ms total 36.327ms
08-05 23:23:53.348 13697 13709 I art     : Starting a blocking GC Explicit
08-05 23:23:53.362   518   646 I ThermalEngine: ACTION: GPU - Setting GPU[0] to 510000000
08-05 23:23:53.385 13697 13709 I art     : Explicit concurrent mark sweep GC freed 81(1408B) AllocSpace objects, 0(0B) LOS objects, 29% free, 38MB/54MB, paused 792us total 36.384ms
08-05 23:23:53.401 13697 13709 I art     : Starting a blocking GC Explicit
08-05 23:23:53.431 13697 13709 I art     : Explicit concurrent mark sweep GC freed 71(1680B) AllocSpace objects, 0(0B) LOS objects, 29% free, 38MB/54MB, paused 651us total 30.337ms
08-05 23:23:53.444 13697 13709 I art     : Starting a blocking GC Explicit
08-05 23:23:53.474 13697 13709 I art     : Explicit concurrent mark sweep GC freed 77(1712B) AllocSpace objects, 0(0B) LOS objects, 29% free, 38MB/54MB, paused 569us total 29.644ms
08-05 23:23:53.742 13697 14643 I NAPPA_EXPERIMENTATION: MetricNetworkRequestExecutionTime: REQUEST_DURATION_SYSTEM='869',REQUEST_DURATION_OKHTTP='33',REQUEST_SYNCHRONOUS='FALSE',RESPONSE_CODE='200',RESPONSE_METHOD='GET',RESPONSE_LENGTH_OKHTTP='36',RESPONSE_LENGTH_HEADER='36',REQUEST_PROTOCOL='http/1.1',REQUEST_URL='https://project-travel-mate.herokuapp.com/api/number-of-unread-notifications',
08-05 23:23:53.802 13697 13710 I art     : Starting a blocking GC Explicit
08-05 23:23:53.833 13697 13710 I art     : Explicit concurrent mark sweep GC freed 4754(239KB) AllocSpace objects, 5(240KB) LOS objects, 29% free, 39MB/55MB, paused 627us total 30.136ms
08-05 23:23:53.845 13697 13710 I art     : Starting a blocking GC Explicit
08-05 23:23:53.874 13697 13710 I art     : Explicit concurrent mark sweep GC freed 1007(117KB) AllocSpace objects, 0(0B) LOS objects, 29% free, 39MB/55MB, paused 609us total 28.855ms
08-05 23:23:53.887 13697 13710 I art     : Starting a blocking GC Explicit
08-05 23:23:53.915 13697 13710 I art     : Explicit concurrent mark sweep GC freed 64(1104B) AllocSpace objects, 0(0B) LOS objects, 29% free, 39MB/55MB, paused 690us total 28.359ms
08-05 23:23:53.928 13697 13710 I art     : Starting a blocking GC Explicit
08-05 23:23:53.956 13697 13710 I art     : Explicit concurrent mark sweep GC freed 62(1088B) AllocSpace objects, 0(0B) LOS objects, 29% free, 39MB/55MB, paused 572us total 28.434ms
08-05 23:23:53.969 13697 13710 I art     : Starting a blocking GC Explicit
08-05 23:23:53.999 13697 13710 I art     : Explicit concurrent mark sweep GC freed 64(1104B) AllocSpace objects, 0(0B) LOS objects, 29% free, 39MB/55MB, paused 654us total 29.631ms
08-05 23:23:54.317 13697 13757 I art     : Starting a blocking GC Explicit
08-05 23:23:54.348 13697 13757 I art     : Explicit concurrent mark sweep GC freed 1919(91KB) AllocSpace objects, 2(40KB) LOS objects, 29% free, 39MB/55MB, paused 768us total 30.616ms
08-05 23:23:54.362 13697 13757 I art     : Starting a blocking GC Explicit
08-05 23:23:54.389 13697 13757 I art     : Explicit concurrent mark sweep GC freed 94(1984B) AllocSpace objects, 0(0B) LOS objects, 29% free, 39MB/55MB, paused 583us total 27.103ms
08-05 23:23:54.401 13697 13757 I art     : Starting a blocking GC Explicit
08-05 23:23:54.429 13697 13757 I art     : Explicit concurrent mark sweep GC freed 51(896B) AllocSpace objects, 0(0B) LOS objects, 29% free, 39MB/55MB, paused 627us total 27.428ms
08-05 23:23:54.441 13697 13757 I art     : Starting a blocking GC Explicit
08-05 23:23:54.469 13697 13757 I art     : Explicit concurrent mark sweep GC freed 75(1296B) AllocSpace objects, 0(0B) LOS objects, 29% free, 39MB/55MB, paused 664us total 28.035ms
08-05 23:23:54.481 13697 13757 I art     : Starting a blocking GC Explicit
08-05 23:23:54.512 13697 13757 I art     : Explicit concurrent mark sweep GC freed 53(960B) AllocSpace objects, 0(0B) LOS objects, 29% free, 39MB/55MB, paused 563us total 30.342ms
08-05 23:23:54.538 14665 14665 D AndroidRuntime: >>>>>> START com.android.internal.os.RuntimeInit uid 2000 <<<<<<
08-05 23:23:54.543 14665 14665 D AndroidRuntime: CheckJNI is OFF
08-05 23:23:54.575 14665 14665 D ICU     : No timezone override file found: /data/misc/zoneinfo/current/icu/icu_tzdata.dat
08-05 23:23:54.609 14665 14665 I Radio-JNI: register_android_hardware_Radio DONE
08-05 23:23:54.631 14665 14665 D AndroidRuntime: Calling main entry com.android.commands.input.Input
08-05 23:23:54.632 14665 14665 I Input   : injectMotionEvent: MotionEvent { action=ACTION_DOWN, actionButton=0, id[0]=0, x[0]=346.0, y[0]=709.0, toolType[0]=TOOL_TYPE_UNKNOWN, buttonState=0, metaState=0, flags=0x0, edgeFlags=0x0, pointerCount=1, historySize=0, eventTime=833051045, downTime=833051045, deviceId=0, source=0x1002 }
08-05 23:23:54.638 14665 14665 I Input   : injectMotionEvent: MotionEvent { action=ACTION_UP, actionButton=0, id[0]=0, x[0]=346.0, y[0]=709.0, toolType[0]=TOOL_TYPE_UNKNOWN, buttonState=0, metaState=0, flags=0x0, edgeFlags=0x0, pointerCount=1, historySize=0, eventTime=833051045, downTime=833051045, deviceId=0, source=0x1002 }
08-05 23:23:54.646   918  6110 I ActivityManager: START u0 {cmp=baseline.io.github.project_travel_mate/.destinations.description.FinalCityInfoActivity (has extras)} from uid 10696 on display 0
08-05 23:23:54.659 14665 14665 D AndroidRuntime: Shutting down VM
08-05 23:23:54.679 13697 13778 D Gabe    : call	returning from cache
08-05 23:23:54.699 13697 13697 V EXECUTING: https://project-travel-mate.herokuapp.com/api/get-city-weather/1
08-05 23:23:54.821 13697 13758 I art     : Starting a blocking GC Explicit
08-05 23:23:54.827   918   936 I ActivityManager: Displayed baseline.io.github.project_travel_mate/.destinations.description.FinalCityInfoActivity: +165ms
08-05 23:23:54.827 13866 13866 I GoogleInputMethodServic: GoogleInputMethodService.onFinishInput():3138 
08-05 23:23:54.828 13866 13866 I GoogleInputMethodServic: GoogleInputMethodService.onStartInput():1808 
08-05 23:23:54.851 13697 13758 I art     : Explicit concurrent mark sweep GC freed 6950(440KB) AllocSpace objects, 2(40KB) LOS objects, 26% free, 43MB/59MB, paused 1.042ms total 30.283ms
08-05 23:23:54.865 13697 13758 I art     : Starting a blocking GC Explicit
08-05 23:23:54.899 13697 13758 I art     : Explicit concurrent mark sweep GC freed 468(21KB) AllocSpace objects, 0(0B) LOS objects, 26% free, 43MB/59MB, paused 745us total 33.206ms
08-05 23:23:54.912 13697 13758 I art     : Starting a blocking GC Explicit
08-05 23:23:54.940 13697 13758 I art     : Explicit concurrent mark sweep GC freed 152(2736B) AllocSpace objects, 0(0B) LOS objects, 26% free, 43MB/59MB, paused 625us total 27.592ms
08-05 23:23:54.952 13697 13758 I art     : Starting a blocking GC Explicit
08-05 23:23:54.981 13697 13758 I art     : Explicit concurrent mark sweep GC freed 99(1696B) AllocSpace objects, 0(0B) LOS objects, 26% free, 43MB/59MB, paused 630us total 28.873ms
08-05 23:23:54.993 13697 13758 I art     : Starting a blocking GC Explicit
08-05 23:23:55.023 13697 13758 I art     : Explicit concurrent mark sweep GC freed 147(2496B) AllocSpace objects, 0(0B) LOS objects, 26% free, 43MB/59MB, paused 626us total 29.270ms
08-05 23:23:55.082   380   380 W SurfaceFlinger: couldn't log to binary event log: overflow.
08-05 23:23:55.276 13697 14698 I NAPPA_EXPERIMENTATION: MetricNetworkRequestExecutionTime: REQUEST_DURATION_SYSTEM='576',REQUEST_DURATION_OKHTTP='33',REQUEST_SYNCHRONOUS='FALSE',RESPONSE_CODE='200',RESPONSE_METHOD='GET',RESPONSE_LENGTH_OKHTTP='530',RESPONSE_LENGTH_HEADER='530',REQUEST_PROTOCOL='http/1.1',REQUEST_URL='https://project-travel-mate.herokuapp.com/api/get-city/1',
08-05 23:23:55.300 13697 14697 I NAPPA_EXPERIMENTATION: MetricNetworkRequestExecutionTime: REQUEST_DURATION_SYSTEM='600',REQUEST_DURATION_OKHTTP='56',REQUEST_SYNCHRONOUS='FALSE',RESPONSE_CODE='200',RESPONSE_METHOD='GET',RESPONSE_LENGTH_OKHTTP='238',RESPONSE_LENGTH_HEADER='238',REQUEST_PROTOCOL='http/1.1',REQUEST_URL='https://project-travel-mate.herokuapp.com/api/get-city-weather/1',
08-05 23:23:55.319 13697 14698 V Response: {"id":1,"city_name":"Delhi","description":"Delhi, officially the National Capital Territory of Delhi, is the Capital territory of India. During the British Raj, Delhi was part of the province of Punjab and is still historically and culturally connected to the Punjab region.","latitude":"28.613900","longitude":"77.209000","facts_count":6,"images":["https://upload.wikimedia.org/wikipedia/commons/9/94/%E0%B4%96%E0%B5%81%E0%B4%A4%E0%B5%8D%E0%B4%AC%E0%B5%8D_%E0%B4%AE%E0%B4%BF%E0%B4%A8%E0%B4%BE%E0%B5%BC1.jpg"],"has_visited":false}
08-05 23:23:55.365 13697 13710 I art     : Starting a blocking GC Explicit
08-05 23:23:55.368   518   646 I ThermalEngine: ACTION: GPU - Setting GPU[0] to 450000000
08-05 23:23:55.406 13697 13710 I art     : Explicit concurrent mark sweep GC freed 7391(347KB) AllocSpace objects, 5(240KB) LOS objects, 26% free, 43MB/59MB, paused 1.139ms total 40.833ms
08-05 23:23:55.422 13697 13710 I art     : Starting a blocking GC Explicit
08-05 23:23:55.459 13697 13710 I art     : Explicit concurrent mark sweep GC freed 2587(209KB) AllocSpace objects, 0(0B) LOS objects, 26% free, 44MB/60MB, paused 1.195ms total 36.291ms
08-05 23:23:55.475 13697 13710 I art     : Starting a blocking GC Explicit
08-05 23:23:55.510 13697 13710 I art     : Explicit concurrent mark sweep GC freed 245(5KB) AllocSpace objects, 1(4MB) LOS objects, 28% free, 39MB/55MB, paused 833us total 34.731ms
08-05 23:23:55.526 13697 13710 I art     : Starting a blocking GC Explicit
08-05 23:23:55.562 13697 13710 I art     : Explicit concurrent mark sweep GC freed 157(3KB) AllocSpace objects, 0(0B) LOS objects, 28% free, 39MB/55MB, paused 818us total 36.060ms
08-05 23:23:55.579 13697 13710 I art     : Starting a blocking GC Explicit
08-05 23:23:55.618 13697 13710 I art     : Explicit concurrent mark sweep GC freed 179(3024B) AllocSpace objects, 0(0B) LOS objects, 28% free, 39MB/55MB, paused 1.045ms total 39.090ms
08-05 23:23:55.976 13697 13758 I art     : Starting a blocking GC Explicit
08-05 23:23:56.011 13697 13758 I art     : Explicit concurrent mark sweep GC freed 2572(102KB) AllocSpace objects, 2(40KB) LOS objects, 28% free, 39MB/55MB, paused 761us total 34.954ms
08-05 23:23:56.027 13697 13758 I art     : Starting a blocking GC Explicit
08-05 23:23:56.063 13697 13758 I art     : Explicit concurrent mark sweep GC freed 176(3KB) AllocSpace objects, 0(0B) LOS objects, 28% free, 39MB/55MB, paused 809us total 35.384ms
08-05 23:23:56.078 13697 13758 I art     : Starting a blocking GC Explicit
08-05 23:23:56.114 13697 13758 I art     : Explicit concurrent mark sweep GC freed 147(2496B) AllocSpace objects, 0(0B) LOS objects, 28% free, 39MB/55MB, paused 777us total 35.789ms
08-05 23:23:56.130 13697 13758 I art     : Starting a blocking GC Explicit
08-05 23:23:56.167 13697 13758 I art     : Explicit concurrent mark sweep GC freed 147(2496B) AllocSpace objects, 0(0B) LOS objects, 28% free, 39MB/55MB, paused 822us total 36.177ms
08-05 23:23:56.183 13697 13758 I art     : Starting a blocking GC Explicit
08-05 23:23:56.221 13697 13758 I art     : Explicit concurrent mark sweep GC freed 193(3KB) AllocSpace objects, 0(0B) LOS objects, 28% free, 39MB/55MB, paused 817us total 37.635ms
08-05 23:23:56.618 13697 13757 I art     : Starting a blocking GC Explicit
08-05 23:23:56.663 13697 13757 I art     : Explicit concurrent mark sweep GC freed 2690(104KB) AllocSpace objects, 2(40KB) LOS objects, 28% free, 39MB/55MB, paused 854us total 44.823ms
08-05 23:23:56.683 13697 13757 I art     : Starting a blocking GC Explicit
08-05 23:23:56.723 13697 13757 I art     : Explicit concurrent mark sweep GC freed 223(4KB) AllocSpace objects, 0(0B) LOS objects, 28% free, 39MB/55MB, paused 853us total 39.539ms
08-05 23:23:56.740 13697 13757 I art     : Starting a blocking GC Explicit
08-05 23:23:56.782 13697 13757 I art     : Explicit concurrent mark sweep GC freed 148(2528B) AllocSpace objects, 0(0B) LOS objects, 28% free, 39MB/55MB, paused 855us total 41.561ms
08-05 23:23:56.799 13697 13757 I art     : Starting a blocking GC Explicit
08-05 23:23:56.839 13697 13757 I art     : Explicit concurrent mark sweep GC freed 195(3KB) AllocSpace objects, 0(0B) LOS objects, 28% free, 39MB/55MB, paused 759us total 40.157ms
08-05 23:23:56.856 13697 13757 I art     : Starting a blocking GC Explicit
08-05 23:23:56.899 13697 13757 I art     : Explicit concurrent mark sweep GC freed 147(2496B) AllocSpace objects, 0(0B) LOS objects, 28% free, 39MB/55MB, paused 875us total 42.670ms
08-05 23:23:57.306 13697 13710 I art     : Starting a blocking GC Explicit
08-05 23:23:57.348 13697 13710 I art     : Explicit concurrent mark sweep GC freed 2724(104KB) AllocSpace objects, 2(40KB) LOS objects, 28% free, 39MB/55MB, paused 882us total 42.163ms
08-05 23:23:57.365 13697 13710 I art     : Starting a blocking GC Explicit
08-05 23:23:57.407 13697 13710 I art     : Explicit concurrent mark sweep GC freed 214(3KB) AllocSpace objects, 0(0B) LOS objects, 28% free, 39MB/55MB, paused 838us total 41.329ms
08-05 23:23:57.424 13697 13710 I art     : Starting a blocking GC Explicit
08-05 23:23:57.465 13697 13710 I art     : Explicit concurrent mark sweep GC freed 147(2496B) AllocSpace objects, 0(0B) LOS objects, 28% free, 39MB/55MB, paused 847us total 40.727ms
08-05 23:23:57.482 13697 13710 I art     : Starting a blocking GC Explicit
08-05 23:23:57.524 13697 13710 I art     : Explicit concurrent mark sweep GC freed 195(3KB) AllocSpace objects, 0(0B) LOS objects, 28% free, 39MB/55MB, paused 872us total 42.297ms
08-05 23:23:57.542 13697 13710 I art     : Starting a blocking GC Explicit
08-05 23:23:57.583 13697 13710 I art     : Explicit concurrent mark sweep GC freed 147(2496B) AllocSpace objects, 0(0B) LOS objects, 28% free, 39MB/55MB, paused 915us total 40.949ms
08-05 23:23:58.000 13697 13709 I art     : Starting a blocking GC Explicit
08-05 23:23:58.043 13697 13709 I art     : Explicit concurrent mark sweep GC freed 2748(104KB) AllocSpace objects, 2(40KB) LOS objects, 28% free, 39MB/55MB, paused 1.064ms total 43.282ms
08-05 23:23:58.064 13697 13709 I art     : Starting a blocking GC Explicit
08-05 23:23:58.105 13697 13709 I art     : Explicit concurrent mark sweep GC freed 198(3KB) AllocSpace objects, 0(0B) LOS objects, 28% free, 39MB/55MB, paused 998us total 41.036ms
08-05 23:23:58.122 13697 13709 I art     : Starting a blocking GC Explicit
08-05 23:23:58.163 13697 13709 I art     : Explicit concurrent mark sweep GC freed 187(3KB) AllocSpace objects, 0(0B) LOS objects, 28% free, 39MB/55MB, paused 832us total 41.424ms
08-05 23:23:58.180 13697 13709 I art     : Starting a blocking GC Explicit
08-05 23:23:58.222 13697 13709 I art     : Explicit concurrent mark sweep GC freed 156(2656B) AllocSpace objects, 0(0B) LOS objects, 28% free, 39MB/55MB, paused 840us total 41.520ms
08-05 23:23:58.239 13697 13709 I art     : Starting a blocking GC Explicit
08-05 23:23:58.281 13697 13709 I art     : Explicit concurrent mark sweep GC freed 186(3KB) AllocSpace objects, 0(0B) LOS objects, 28% free, 39MB/55MB, paused 826us total 42.070ms
08-05 23:23:58.670 13697 13758 I art     : Starting a blocking GC Explicit
08-05 23:23:58.715 13697 13758 I art     : Explicit concurrent mark sweep GC freed 2677(103KB) AllocSpace objects, 2(40KB) LOS objects, 28% free, 39MB/55MB, paused 846us total 44.948ms
08-05 23:23:58.734 13697 13758 I art     : Starting a blocking GC Explicit
08-05 23:23:58.775 13697 13758 I art     : Explicit concurrent mark sweep GC freed 192(3KB) AllocSpace objects, 0(0B) LOS objects, 28% free, 39MB/55MB, paused 976us total 40.774ms
08-05 23:23:58.792 13697 13758 I art     : Starting a blocking GC Explicit
08-05 23:23:58.832 13697 13758 I art     : Explicit concurrent mark sweep GC freed 169(2864B) AllocSpace objects, 0(0B) LOS objects, 28% free, 39MB/55MB, paused 847us total 39.627ms
08-05 23:23:58.849 13697 13758 I art     : Starting a blocking GC Explicit
08-05 23:23:58.890 13697 13758 I art     : Explicit concurrent mark sweep GC freed 153(2608B) AllocSpace objects, 0(0B) LOS objects, 28% free, 39MB/55MB, paused 944us total 40.903ms
08-05 23:23:58.907 13697 13758 I art     : Starting a blocking GC Explicit
08-05 23:23:58.945 13697 13758 I art     : Explicit concurrent mark sweep GC freed 195(3KB) AllocSpace objects, 0(0B) LOS objects, 28% free, 39MB/55MB, paused 864us total 38.683ms
08-05 23:23:59.299 13697 13710 I art     : Starting a blocking GC Explicit
08-05 23:23:59.341 13697 13710 I art     : Explicit concurrent mark sweep GC freed 2573(102KB) AllocSpace objects, 2(40KB) LOS objects, 28% free, 39MB/55MB, paused 958us total 41.364ms
08-05 23:23:59.358 13697 13710 I art     : Starting a blocking GC Explicit
08-05 23:23:59.398 13697 13710 I art     : Explicit concurrent mark sweep GC freed 206(4KB) AllocSpace objects, 0(0B) LOS objects, 28% free, 39MB/55MB, paused 880us total 40.010ms
08-05 23:23:59.415 13697 13710 I art     : Starting a blocking GC Explicit
08-05 23:23:59.454 13697 13710 I art     : Explicit concurrent mark sweep GC freed 160(3KB) AllocSpace objects, 0(0B) LOS objects, 28% free, 39MB/55MB, paused 825us total 38.894ms
08-05 23:23:59.458 14763 14763 D AndroidRuntime: >>>>>> START com.android.internal.os.RuntimeInit uid 2000 <<<<<<
08-05 23:23:59.465 14763 14763 D AndroidRuntime: CheckJNI is OFF
08-05 23:23:59.471 13697 13710 I art     : Starting a blocking GC Explicit
08-05 23:23:59.509 14763 14763 D ICU     : No timezone override file found: /data/misc/zoneinfo/current/icu/icu_tzdata.dat
08-05 23:23:59.510 13697 13710 I art     : Explicit concurrent mark sweep GC freed 185(3KB) AllocSpace objects, 0(0B) LOS objects, 28% free, 39MB/55MB, paused 1.037ms total 39.225ms
08-05 23:23:59.527 13697 13710 I art     : Starting a blocking GC Explicit
08-05 23:23:59.555 14763 14763 I Radio-JNI: register_android_hardware_Radio DONE
08-05 23:23:59.568 13697 13710 I art     : Explicit concurrent mark sweep GC freed 161(2768B) AllocSpace objects, 0(0B) LOS objects, 28% free, 39MB/55MB, paused 872us total 40.747ms
08-05 23:23:59.585 14763 14763 D AndroidRuntime: Calling main entry com.android.commands.input.Input
08-05 23:23:59.588 14763 14763 I Input   : injectMotionEvent: MotionEvent { action=ACTION_DOWN, actionButton=0, id[0]=0, x[0]=693.0, y[0]=1450.0, toolType[0]=TOOL_TYPE_UNKNOWN, buttonState=0, metaState=0, flags=0x0, edgeFlags=0x0, pointerCount=1, historySize=0, eventTime=833056000, downTime=833056000, deviceId=0, source=0x1002 }
08-05 23:23:59.596 14763 14763 I Input   : injectMotionEvent: MotionEvent { action=ACTION_UP, actionButton=0, id[0]=0, x[0]=693.0, y[0]=1450.0, toolType[0]=TOOL_TYPE_UNKNOWN, buttonState=0, metaState=0, flags=0x0, edgeFlags=0x0, pointerCount=1, historySize=0, eventTime=833056000, downTime=833056000, deviceId=0, source=0x1002 }
08-05 23:23:59.598 14763 14763 D AndroidRuntime: Shutting down VM
08-05 23:23:59.598   918  3961 I ActivityManager: START u0 {cmp=baseline.io.github.project_travel_mate/.destinations.description.CityHistoryActivity} from uid 10696 on display 0
08-05 23:23:59.599   512  2967 D audio_hw_primary: out_set_parameters: enter: usecase(1: low-latency-playback) kvpairs: routing=2
08-05 23:23:59.612   512  2967 D audio_hw_primary: select_devices: out_snd_device(2: speaker) in_snd_device(0: none)
08-05 23:23:59.612   512  2967 D msm8974_platform: platform_send_audio_calibration: sending audio calibration for snd_device(2) acdb_id(15)
08-05 23:23:59.613   512  2967 I soundtrigger: audio_extn_sound_trigger_update_device_status: device 0x2 of type 0 for Event 1
08-05 23:23:59.622   512  2967 D audio_hw_primary: enable_snd_device: snd_device(2: speaker)
08-05 23:23:59.624   512  2967 D audio_hw_primary: enable_audio_route: apply and update mixer path: low-latency-playback speaker
08-05 23:23:59.628 13697 13778 D Gabe    : call	returning from cache
08-05 23:23:59.630 13697 13697 V EXECUTING: https://project-travel-mate.herokuapp.com/api/get-city-information/1
08-05 23:23:59.780 13866 13866 I GoogleInputMethodServic: GoogleInputMethodService.onFinishInput():3138 
08-05 23:23:59.780   918   936 I ActivityManager: Displayed baseline.io.github.project_travel_mate/.destinations.description.CityHistoryActivity: +175ms
08-05 23:23:59.781 13866 13866 I GoogleInputMethodServic: GoogleInputMethodService.onStartInput():1808 
08-05 23:23:59.918 13697 13757 I art     : Starting a blocking GC Explicit
08-05 23:23:59.958 13697 13757 I art     : Explicit concurrent mark sweep GC freed 3317(158KB) AllocSpace objects, 2(40KB) LOS objects, 26% free, 44MB/60MB, paused 1.046ms total 39.505ms
08-05 23:23:59.975 13697 13757 I art     : Starting a blocking GC Explicit
08-05 23:24:00.022 13697 13757 I art     : Explicit concurrent mark sweep GC freed 488(14KB) AllocSpace objects, 0(0B) LOS objects, 26% free, 44MB/60MB, paused 881us total 46.164ms
08-05 23:24:00.038   380   380 W SurfaceFlinger: couldn't log to binary event log: overflow.
08-05 23:24:00.040 13697 13757 I art     : Starting a blocking GC Explicit
08-05 23:24:00.051   918   931 I ProcessStatsService: Prepared write state in 11ms
08-05 23:24:00.060   918   930 I ProcessStatsService: Pruning old procstats: /data/system/procstats/state-2020-08-04-20-17-00.bin
08-05 23:24:00.076 13697 13757 I art     : Explicit concurrent mark sweep GC freed 290(4KB) AllocSpace objects, 0(0B) LOS objects, 26% free, 44MB/60MB, paused 892us total 35.468ms
08-05 23:24:00.092 13697 13757 I art     : Starting a blocking GC Explicit
08-05 23:24:00.127 13697 13757 I art     : Explicit concurrent mark sweep GC freed 220(3KB) AllocSpace objects, 0(0B) LOS objects, 26% free, 44MB/60MB, paused 881us total 35.506ms
08-05 23:24:00.144 13697 13757 I art     : Starting a blocking GC Explicit
08-05 23:24:00.159   512  2967 D audio_hw_primary: disable_audio_route: reset and update mixer path: low-latency-playback speaker
08-05 23:24:00.160   512  2967 D audio_hw_primary: disable_snd_device: snd_device(2: speaker)
08-05 23:24:00.168   512  2967 I soundtrigger: audio_extn_sound_trigger_update_device_status: device 0x2 of type 0 for Event 0
08-05 23:24:00.183 13697 13757 I art     : Explicit concurrent mark sweep GC freed 252(4KB) AllocSpace objects, 0(0B) LOS objects, 26% free, 44MB/60MB, paused 994us total 38.912ms
08-05 23:24:00.495 13697 14787 I NAPPA_EXPERIMENTATION: MetricNetworkRequestExecutionTime: REQUEST_DURATION_SYSTEM='864',REQUEST_DURATION_OKHTTP='27',REQUEST_SYNCHRONOUS='FALSE',RESPONSE_CODE='200',RESPONSE_METHOD='GET',RESPONSE_LENGTH_OKHTTP='55024',RESPONSE_LENGTH_HEADER='55024',REQUEST_PROTOCOL='http/1.1',REQUEST_URL='https://project-travel-mate.herokuapp.com/api/get-city-information/1',
08-05 23:24:00.541 13697 13710 I art     : Starting a blocking GC Explicit
08-05 23:24:00.580 13697 13710 I art     : Explicit concurrent mark sweep GC freed 4952(243KB) AllocSpace objects, 8(512KB) LOS objects, 26% free, 44MB/60MB, paused 1.059ms total 39.019ms
08-05 23:24:00.597 13697 13710 I art     : Starting a blocking GC Explicit
08-05 23:24:00.635 13697 13710 I art     : Explicit concurrent mark sweep GC freed 2131(1276KB) AllocSpace objects, 16(408KB) LOS objects, 26% free, 44MB/60MB, paused 1.244ms total 37.451ms
08-05 23:24:00.642 13866 13866 I GoogleInputMethodServic: GoogleInputMethodService.onFinishInput():3138 
08-05 23:24:00.643 13866 13866 I GoogleInputMethodServic: GoogleInputMethodService.onStartInput():1808 
08-05 23:24:00.651 13697 13710 I art     : Starting a blocking GC Explicit
08-05 23:24:00.689 13697 13710 I art     : Explicit concurrent mark sweep GC freed 431(56KB) AllocSpace objects, 1(4MB) LOS objects, 28% free, 40MB/56MB, paused 958us total 37.493ms
08-05 23:24:00.705 13697 13710 I art     : Starting a blocking GC Explicit
08-05 23:24:00.747 13697 13710 I art     : Explicit concurrent mark sweep GC freed 298(5KB) AllocSpace objects, 0(0B) LOS objects, 28% free, 40MB/56MB, paused 866us total 41.047ms
08-05 23:24:00.764 13697 13710 I art     : Starting a blocking GC Explicit
08-05 23:24:00.805 13697 13710 I art     : Explicit concurrent mark sweep GC freed 220(3KB) AllocSpace objects, 0(0B) LOS objects, 28% free, 40MB/56MB, paused 852us total 40.395ms
08-05 23:24:01.171 13697 13709 I art     : Starting a blocking GC Explicit
08-05 23:24:01.220 13697 13709 I art     : Explicit concurrent mark sweep GC freed 3229(112KB) AllocSpace objects, 2(40KB) LOS objects, 28% free, 40MB/56MB, paused 939us total 48.773ms
08-05 23:24:01.240 13697 13709 I art     : Starting a blocking GC Explicit
08-05 23:24:01.285 13697 13709 I art     : Explicit concurrent mark sweep GC freed 312(5KB) AllocSpace objects, 0(0B) LOS objects, 28% free, 40MB/56MB, paused 881us total 44.751ms
08-05 23:24:01.304 13697 13709 I art     : Starting a blocking GC Explicit
08-05 23:24:01.344 13697 13709 I art     : Explicit concurrent mark sweep GC freed 299(5KB) AllocSpace objects, 0(0B) LOS objects, 28% free, 40MB/56MB, paused 910us total 39.783ms
08-05 23:24:01.360 13697 13709 I art     : Starting a blocking GC Explicit
08-05 23:24:01.399 13697 13709 I art     : Explicit concurrent mark sweep GC freed 227(3KB) AllocSpace objects, 0(0B) LOS objects, 28% free, 40MB/56MB, paused 849us total 38.421ms
08-05 23:24:01.416 13697 13709 I art     : Starting a blocking GC Explicit
08-05 23:24:01.458 13697 13709 I art     : Explicit concurrent mark sweep GC freed 227(3KB) AllocSpace objects, 0(0B) LOS objects, 28% free, 40MB/56MB, paused 1.036ms total 41.832ms
08-05 23:24:01.857 13697 13710 I art     : Starting a blocking GC Explicit
08-05 23:24:01.904 13697 13710 I art     : Explicit concurrent mark sweep GC freed 3377(115KB) AllocSpace objects, 2(40KB) LOS objects, 28% free, 40MB/56MB, paused 911us total 47.008ms
08-05 23:24:01.921 13697 13710 I art     : Starting a blocking GC Explicit
08-05 23:24:01.968 13697 13710 I art     : Explicit concurrent mark sweep GC freed 316(5KB) AllocSpace objects, 0(0B) LOS objects, 28% free, 40MB/56MB, paused 961us total 46.136ms
08-05 23:24:01.985 13697 13710 I art     : Starting a blocking GC Explicit
08-05 23:24:02.029 13697 13710 I art     : Explicit concurrent mark sweep GC freed 302(5KB) AllocSpace objects, 0(0B) LOS objects, 28% free, 40MB/56MB, paused 948us total 43.980ms
08-05 23:24:02.046 13697 13710 I art     : Starting a blocking GC Explicit
08-05 23:24:02.093 13697 13710 I art     : Explicit concurrent mark sweep GC freed 261(4KB) AllocSpace objects, 0(0B) LOS objects, 28% free, 40MB/56MB, paused 1.192ms total 46.686ms
08-05 23:24:02.114 13697 13710 I art     : Starting a blocking GC Explicit
08-05 23:24:02.156 13697 13710 I art     : Explicit concurrent mark sweep GC freed 260(4KB) AllocSpace objects, 0(0B) LOS objects, 28% free, 40MB/56MB, paused 873us total 42.115ms
08-05 23:24:02.542 13697 13758 I art     : Starting a blocking GC Explicit
08-05 23:24:02.592 13697 13758 I art     : Explicit concurrent mark sweep GC freed 3311(114KB) AllocSpace objects, 2(40KB) LOS objects, 28% free, 40MB/56MB, paused 894us total 49.333ms
08-05 23:24:02.611 13697 13758 I art     : Starting a blocking GC Explicit
08-05 23:24:02.654 13697 13758 I art     : Explicit concurrent mark sweep GC freed 321(6KB) AllocSpace objects, 0(0B) LOS objects, 28% free, 40MB/56MB, paused 872us total 42.423ms
08-05 23:24:02.671 13697 13758 I art     : Starting a blocking GC Explicit
08-05 23:24:02.715 13697 13758 I art     : Explicit concurrent mark sweep GC freed 291(4KB) AllocSpace objects, 0(0B) LOS objects, 28% free, 40MB/56MB, paused 880us total 43.849ms
08-05 23:24:02.732 13697 13758 I art     : Starting a blocking GC Explicit
08-05 23:24:02.775 13697 13758 I art     : Explicit concurrent mark sweep GC freed 220(3KB) AllocSpace objects, 0(0B) LOS objects, 28% free, 40MB/56MB, paused 910us total 42.766ms
08-05 23:24:02.792 13697 13758 I art     : Starting a blocking GC Explicit
08-05 23:24:02.838 13697 13758 I art     : Explicit concurrent mark sweep GC freed 290(4KB) AllocSpace objects, 0(0B) LOS objects, 28% free, 40MB/56MB, paused 944us total 45.038ms
08-05 23:24:03.228 13697 13709 I art     : Starting a blocking GC Explicit
08-05 23:24:03.274 13697 13709 I art     : Explicit concurrent mark sweep GC freed 3301(113KB) AllocSpace objects, 2(40KB) LOS objects, 28% free, 40MB/56MB, paused 895us total 45.287ms
08-05 23:24:03.294 13697 13709 I art     : Starting a blocking GC Explicit
08-05 23:24:03.338 13697 13709 I art     : Explicit concurrent mark sweep GC freed 310(5KB) AllocSpace objects, 0(0B) LOS objects, 28% free, 40MB/56MB, paused 912us total 44.097ms
08-05 23:24:03.355 13697 13709 I art     : Starting a blocking GC Explicit
08-05 23:24:03.400 13697 13709 I art     : Explicit concurrent mark sweep GC freed 291(4KB) AllocSpace objects, 0(0B) LOS objects, 28% free, 40MB/56MB, paused 873us total 44.526ms
08-05 23:24:03.417 13697 13709 I art     : Starting a blocking GC Explicit
08-05 23:24:03.462 13697 13709 I art     : Explicit concurrent mark sweep GC freed 266(4KB) AllocSpace objects, 0(0B) LOS objects, 28% free, 40MB/56MB, paused 988us total 44.572ms
08-05 23:24:03.480 13697 13709 I art     : Starting a blocking GC Explicit
08-05 23:24:03.525 13697 13709 I art     : Explicit concurrent mark sweep GC freed 244(4KB) AllocSpace objects, 0(0B) LOS objects, 28% free, 40MB/56MB, paused 871us total 45.007ms
08-05 23:24:03.545   918  3188 I hubconnection: sensorhub said: 'set_bias 3: -4.9440, 0.0000, 0.0000'
08-05 23:24:03.919 13697 13757 I art     : Starting a blocking GC Explicit
08-05 23:24:03.959 13697 13757 I art     : Explicit concurrent mark sweep GC freed 3300(113KB) AllocSpace objects, 2(40KB) LOS objects, 28% free, 40MB/56MB, paused 896us total 40.357ms
08-05 23:24:03.976 13697 13757 I art     : Starting a blocking GC Explicit
08-05 23:24:04.019 13697 13757 I art     : Explicit concurrent mark sweep GC freed 310(5KB) AllocSpace objects, 0(0B) LOS objects, 28% free, 40MB/56MB, paused 937us total 42.817ms
08-05 23:24:04.036 13697 13757 I art     : Starting a blocking GC Explicit
08-05 23:24:04.077 13697 13757 I art     : Explicit concurrent mark sweep GC freed 220(3KB) AllocSpace objects, 0(0B) LOS objects, 28% free, 40MB/56MB, paused 996us total 40.378ms
08-05 23:24:04.094 13697 13757 I art     : Starting a blocking GC Explicit
08-05 23:24:04.136 13697 13757 I art     : Explicit concurrent mark sweep GC freed 290(4KB) AllocSpace objects, 0(0B) LOS objects, 28% free, 40MB/56MB, paused 929us total 42.264ms
08-05 23:24:04.154 13697 13757 I art     : Starting a blocking GC Explicit
08-05 23:24:04.197 13697 13757 I art     : Explicit concurrent mark sweep GC freed 233(3KB) AllocSpace objects, 0(0B) LOS objects, 28% free, 40MB/56MB, paused 1.119ms total 42.792ms
08-05 23:24:04.376 14860 14860 D AndroidRuntime: >>>>>> START com.android.internal.os.RuntimeInit uid 2000 <<<<<<
08-05 23:24:04.383 14860 14860 D AndroidRuntime: CheckJNI is OFF
08-05 23:24:04.422 14860 14860 D ICU     : No timezone override file found: /data/misc/zoneinfo/current/icu/icu_tzdata.dat
08-05 23:24:04.463 14860 14860 I Radio-JNI: register_android_hardware_Radio DONE
08-05 23:24:04.492 14860 14860 D AndroidRuntime: Calling main entry com.android.commands.input.Input
08-05 23:24:04.494 14860 14860 I Input   : injectKeyEvent: KeyEvent { action=ACTION_DOWN, keyCode=KEYCODE_BACK, scanCode=0, metaState=0, flags=0x0, repeatCount=0, eventTime=833060907, downTime=833060907, deviceId=-1, source=0x101 }
08-05 23:24:04.499 14860 14860 I Input   : injectKeyEvent: KeyEvent { action=ACTION_UP, keyCode=KEYCODE_BACK, scanCode=0, metaState=0, flags=0x0, repeatCount=0, eventTime=833060907, downTime=833060907, deviceId=-1, source=0x101 }
08-05 23:24:04.504 14860 14860 D AndroidRuntime: Shutting down VM
08-05 23:24:04.537 13866 13866 I GoogleInputMethodServic: GoogleInputMethodService.onFinishInput():3138 
08-05 23:24:04.538 13866 13866 I GoogleInputMethodServic: GoogleInputMethodService.onStartInput():1808 
08-05 23:24:04.580 13697 13709 I art     : Starting a blocking GC Explicit
08-05 23:24:04.621 13697 13709 I art     : Explicit concurrent mark sweep GC freed 3319(116KB) AllocSpace objects, 2(40KB) LOS objects, 28% free, 40MB/56MB, paused 786us total 39.797ms
08-05 23:24:04.637 13697 13709 I art     : Starting a blocking GC Explicit
08-05 23:24:04.675 13697 13709 I art     : Explicit concurrent mark sweep GC freed 242(4KB) AllocSpace objects, 0(0B) LOS objects, 28% free, 40MB/56MB, paused 862us total 38.009ms
08-05 23:24:04.692 13697 13709 I art     : Starting a blocking GC Explicit
08-05 23:24:04.738 13697 13709 I art     : Explicit concurrent mark sweep GC freed 290(4KB) AllocSpace objects, 0(0B) LOS objects, 28% free, 40MB/56MB, paused 844us total 44.960ms
08-05 23:24:04.755 13697 13709 I art     : Starting a blocking GC Explicit
08-05 23:24:04.793 13697 13709 I art     : Explicit concurrent mark sweep GC freed 220(3KB) AllocSpace objects, 0(0B) LOS objects, 28% free, 40MB/56MB, paused 807us total 38.525ms
08-05 23:24:04.811 13697 13709 I art     : Starting a blocking GC Explicit
08-05 23:24:04.850 13697 13709 I art     : Explicit concurrent mark sweep GC freed 299(5KB) AllocSpace objects, 0(0B) LOS objects, 28% free, 40MB/56MB, paused 839us total 39.384ms
08-05 23:24:04.860   380   380 W SurfaceFlinger: couldn't log to binary event log: overflow.
08-05 23:24:05.224 13697 13757 I art     : Starting a blocking GC Explicit
08-05 23:24:05.270 13697 13757 I art     : Explicit concurrent mark sweep GC freed 2670(104KB) AllocSpace objects, 4(404KB) LOS objects, 28% free, 40MB/56MB, paused 992us total 45.607ms
08-05 23:24:05.292 13697 13757 I art     : Starting a blocking GC Explicit
08-05 23:24:05.331 13697 13757 I art     : Explicit concurrent mark sweep GC freed 4880(342KB) AllocSpace objects, 7(132KB) LOS objects, 28% free, 39MB/55MB, paused 947us total 38.788ms
08-05 23:24:05.347 13697 13757 I art     : Starting a blocking GC Explicit
08-05 23:24:05.385 13697 13757 I art     : Explicit concurrent mark sweep GC freed 191(3KB) AllocSpace objects, 0(0B) LOS objects, 28% free, 39MB/55MB, paused 832us total 38.129ms
08-05 23:24:05.402 13697 13757 I art     : Starting a blocking GC Explicit
08-05 23:24:05.441 13697 13757 I art     : Explicit concurrent mark sweep GC freed 159(3KB) AllocSpace objects, 0(0B) LOS objects, 28% free, 39MB/55MB, paused 803us total 38.317ms
08-05 23:24:05.457 13697 13757 I art     : Starting a blocking GC Explicit
08-05 23:24:05.497 13697 13757 I art     : Explicit concurrent mark sweep GC freed 186(3KB) AllocSpace objects, 0(0B) LOS objects, 28% free, 39MB/55MB, paused 919us total 38.913ms
08-05 23:24:05.822 10068 10068 I ServiceManager: Waiting for service AtCmdFwd...
08-05 23:24:05.869 13697 13710 I art     : Starting a blocking GC Explicit
08-05 23:24:05.908 13697 13710 I art     : Explicit concurrent mark sweep GC freed 2599(102KB) AllocSpace objects, 2(40KB) LOS objects, 28% free, 39MB/55MB, paused 887us total 39.413ms
08-05 23:24:05.925 13697 13710 I art     : Starting a blocking GC Explicit
08-05 23:24:05.964 13697 13710 I art     : Explicit concurrent mark sweep GC freed 190(3KB) AllocSpace objects, 0(0B) LOS objects, 28% free, 39MB/55MB, paused 935us total 38.436ms
08-05 23:24:05.980 13697 13710 I art     : Starting a blocking GC Explicit
08-05 23:24:06.019 13697 13710 I art     : Explicit concurrent mark sweep GC freed 171(2896B) AllocSpace objects, 0(0B) LOS objects, 28% free, 39MB/55MB, paused 865us total 38.850ms
08-05 23:24:06.036 13697 13710 I art     : Starting a blocking GC Explicit
08-05 23:24:06.077 13697 13710 I art     : Explicit concurrent mark sweep GC freed 147(2496B) AllocSpace objects, 0(0B) LOS objects, 28% free, 39MB/55MB, paused 943us total 40.831ms
08-05 23:24:06.094 13697 13710 I art     : Starting a blocking GC Explicit
08-05 23:24:06.136 13697 13710 I art     : Explicit concurrent mark sweep GC freed 186(3KB) AllocSpace objects, 0(0B) LOS objects, 28% free, 39MB/55MB, paused 991us total 40.865ms
08-05 23:24:06.287 14905 14905 D AndroidRuntime: >>>>>> START com.android.internal.os.RuntimeInit uid 2000 <<<<<<
08-05 23:24:06.293 14905 14905 D AndroidRuntime: CheckJNI is OFF
08-05 23:24:06.335 14905 14905 D ICU     : No timezone override file found: /data/misc/zoneinfo/current/icu/icu_tzdata.dat
08-05 23:24:06.377 14905 14905 I Radio-JNI: register_android_hardware_Radio DONE
08-05 23:24:06.404 14905 14905 D AndroidRuntime: Calling main entry com.android.commands.input.Input
08-05 23:24:06.406 14905 14905 I Input   : injectKeyEvent: KeyEvent { action=ACTION_DOWN, keyCode=KEYCODE_BACK, scanCode=0, metaState=0, flags=0x0, repeatCount=0, eventTime=833062819, downTime=833062819, deviceId=-1, source=0x101 }
08-05 23:24:06.411 14905 14905 I Input   : injectKeyEvent: KeyEvent { action=ACTION_UP, keyCode=KEYCODE_BACK, scanCode=0, metaState=0, flags=0x0, repeatCount=0, eventTime=833062819, downTime=833062819, deviceId=-1, source=0x101 }
08-05 23:24:06.420 14905 14905 D AndroidRuntime: Shutting down VM
08-05 23:24:06.431 13697 13697 V MainActivity: url = https://project-travel-mate.herokuapp.com/api/number-of-unread-notifications
08-05 23:24:06.464 13866 13866 I GoogleInputMethodServic: GoogleInputMethodService.onFinishInput():3138 
08-05 23:24:06.465 13866 13866 I GoogleInputMethodServic: GoogleInputMethodService.onStartInput():1808 
08-05 23:24:06.543 13697 13758 I art     : Starting a blocking GC Explicit
08-05 23:24:06.578 13697 13758 I art     : Explicit concurrent mark sweep GC freed 3192(127KB) AllocSpace objects, 2(40KB) LOS objects, 28% free, 39MB/55MB, paused 1.001ms total 35.109ms
08-05 23:24:06.599 13697 13758 I art     : Starting a blocking GC Explicit
08-05 23:24:06.647 13697 13758 I art     : Explicit concurrent mark sweep GC freed 278(6KB) AllocSpace objects, 0(0B) LOS objects, 28% free, 39MB/55MB, paused 983us total 47.152ms
08-05 23:24:06.669 13697 13758 I art     : Starting a blocking GC Explicit
08-05 23:24:06.715 13697 13758 I art     : Explicit concurrent mark sweep GC freed 245(4KB) AllocSpace objects, 0(0B) LOS objects, 28% free, 39MB/55MB, paused 1.067ms total 46.416ms
08-05 23:24:06.737 13697 13758 I art     : Starting a blocking GC Explicit
08-05 23:24:06.779 13697 13758 I art     : Explicit concurrent mark sweep GC freed 166(2880B) AllocSpace objects, 0(0B) LOS objects, 28% free, 39MB/55MB, paused 1.017ms total 41.717ms
08-05 23:24:06.779   380   380 W SurfaceFlinger: couldn't log to binary event log: overflow.
08-05 23:24:06.797 13697 13758 I art     : Starting a blocking GC Explicit
08-05 23:24:06.823 10068 10068 I ServiceManager: Waiting for service AtCmdFwd...
08-05 23:24:06.836 13697 13758 I art     : Explicit concurrent mark sweep GC freed 143(2960B) AllocSpace objects, 0(0B) LOS objects, 28% free, 39MB/55MB, paused 1.042ms total 39.034ms
08-05 23:24:07.206 13697 13757 I art     : Starting a blocking GC Explicit
08-05 23:24:07.248 13697 13757 I art     : Explicit concurrent mark sweep GC freed 4703(231KB) AllocSpace objects, 4(160KB) LOS objects, 28% free, 40MB/56MB, paused 969us total 41.276ms
08-05 23:24:07.264 13697 13757 I art     : Starting a blocking GC Explicit
08-05 23:24:07.265 13697 14928 I NAPPA_EXPERIMENTATION: MetricNetworkRequestExecutionTime: REQUEST_DURATION_SYSTEM='833',REQUEST_DURATION_OKHTTP='38',REQUEST_SYNCHRONOUS='FALSE',RESPONSE_CODE='200',RESPONSE_METHOD='GET',RESPONSE_LENGTH_OKHTTP='36',RESPONSE_LENGTH_HEADER='36',REQUEST_PROTOCOL='http/1.1',REQUEST_URL='https://project-travel-mate.herokuapp.com/api/number-of-unread-notifications',
08-05 23:24:07.304 13697 13757 I art     : Explicit concurrent mark sweep GC freed 1207(131KB) AllocSpace objects, 1(80KB) LOS objects, 28% free, 39MB/55MB, paused 919us total 39.804ms
08-05 23:24:07.322 13697 13757 I art     : Starting a blocking GC Explicit
08-05 23:24:07.362 13697 13757 I art     : Explicit concurrent mark sweep GC freed 159(4KB) AllocSpace objects, 0(0B) LOS objects, 28% free, 39MB/55MB, paused 914us total 40.255ms
08-05 23:24:07.379 13697 13757 I art     : Starting a blocking GC Explicit
08-05 23:24:07.419 13697 13757 I art     : Explicit concurrent mark sweep GC freed 99(1696B) AllocSpace objects, 0(0B) LOS objects, 28% free, 39MB/55MB, paused 896us total 40.392ms
08-05 23:24:07.436 13697 13757 I art     : Starting a blocking GC Explicit
08-05 23:24:07.477 13697 13757 I art     : Explicit concurrent mark sweep GC freed 75(1296B) AllocSpace objects, 0(0B) LOS objects, 28% free, 39MB/55MB, paused 1.008ms total 40.897ms
08-05 23:24:07.823 10068 10068 I ServiceManager: Waiting for service AtCmdFwd...
08-05 23:24:07.832 13697 13709 I art     : Starting a blocking GC Explicit
08-05 23:24:07.873 13697 13709 I art     : Explicit concurrent mark sweep GC freed 2004(92KB) AllocSpace objects, 2(40KB) LOS objects, 28% free, 39MB/55MB, paused 895us total 40.057ms
08-05 23:24:07.890 13697 13709 I art     : Starting a blocking GC Explicit
08-05 23:24:07.929 13697 13709 I art     : Explicit concurrent mark sweep GC freed 94(1984B) AllocSpace objects, 0(0B) LOS objects, 28% free, 39MB/55MB, paused 937us total 38.754ms
08-05 23:24:07.946 13697 13709 I art     : Starting a blocking GC Explicit
08-05 23:24:07.985 13697 13709 I art     : Explicit concurrent mark sweep GC freed 111(2352B) AllocSpace objects, 0(0B) LOS objects, 28% free, 39MB/55MB, paused 943us total 38.569ms
08-05 23:24:08.001 13697 13709 I art     : Starting a blocking GC Explicit
08-05 23:24:08.041 13697 13709 I art     : Explicit concurrent mark sweep GC freed 86(1872B) AllocSpace objects, 0(0B) LOS objects, 28% free, 39MB/55MB, paused 924us total 39.313ms
08-05 23:24:08.061 13697 13709 I art     : Starting a blocking GC Explicit
08-05 23:24:08.104 13697 13709 I art     : Explicit concurrent mark sweep GC freed 106(1920B) AllocSpace objects, 0(0B) LOS objects, 28% free, 39MB/55MB, paused 922us total 42.842ms
08-05 23:24:08.196 14945 14945 D AndroidRuntime: >>>>>> START com.android.internal.os.RuntimeInit uid 2000 <<<<<<
08-05 23:24:08.202 14945 14945 D AndroidRuntime: CheckJNI is OFF
08-05 23:24:08.244 14945 14945 D ICU     : No timezone override file found: /data/misc/zoneinfo/current/icu/icu_tzdata.dat
08-05 23:24:08.288 14945 14945 I Radio-JNI: register_android_hardware_Radio DONE
08-05 23:24:08.317 14945 14945 D AndroidRuntime: Calling main entry com.android.commands.input.Input
08-05 23:24:08.319 14945 14945 I Input   : injectMotionEvent: MotionEvent { action=ACTION_DOWN, actionButton=0, id[0]=0, x[0]=117.0, y[0]=170.0, toolType[0]=TOOL_TYPE_UNKNOWN, buttonState=0, metaState=0, flags=0x0, edgeFlags=0x0, pointerCount=1, historySize=0, eventTime=833064731, downTime=833064731, deviceId=0, source=0x1002 }
08-05 23:24:08.324 14945 14945 I Input   : injectMotionEvent: MotionEvent { action=ACTION_UP, actionButton=0, id[0]=0, x[0]=117.0, y[0]=170.0, toolType[0]=TOOL_TYPE_UNKNOWN, buttonState=0, metaState=0, flags=0x0, edgeFlags=0x0, pointerCount=1, historySize=0, eventTime=833064731, downTime=833064731, deviceId=0, source=0x1002 }
08-05 23:24:08.327 14945 14945 D AndroidRuntime: Shutting down VM
08-05 23:24:08.337   512  2967 D audio_hw_primary: out_set_parameters: enter: usecase(1: low-latency-playback) kvpairs: routing=2
08-05 23:24:08.351   512  2967 D audio_hw_primary: select_devices: out_snd_device(2: speaker) in_snd_device(0: none)
08-05 23:24:08.351   512  2967 D msm8974_platform: platform_send_audio_calibration: sending audio calibration for snd_device(2) acdb_id(15)
08-05 23:24:08.351   512  2967 I soundtrigger: audio_extn_sound_trigger_update_device_status: device 0x2 of type 0 for Event 1
08-05 23:24:08.362   512  2967 D audio_hw_primary: enable_snd_device: snd_device(2: speaker)
08-05 23:24:08.364   512  2967 D audio_hw_primary: enable_audio_route: apply and update mixer path: low-latency-playback speaker
08-05 23:24:08.497 13697 13757 I art     : Starting a blocking GC Explicit
08-05 23:24:08.540 13697 13757 I art     : Explicit concurrent mark sweep GC freed 2457(116KB) AllocSpace objects, 2(40KB) LOS objects, 28% free, 40MB/56MB, paused 1.028ms total 42.263ms
08-05 23:24:08.558 13697 13757 I art     : Starting a blocking GC Explicit
08-05 23:24:08.595 13697 13757 I art     : Explicit concurrent mark sweep GC freed 128(3KB) AllocSpace objects, 0(0B) LOS objects, 28% free, 40MB/56MB, paused 925us total 37.124ms
08-05 23:24:08.611 13697 13757 I art     : Starting a blocking GC Explicit
08-05 23:24:08.648 13697 13757 I art     : Explicit concurrent mark sweep GC freed 77(1360B) AllocSpace objects, 0(0B) LOS objects, 28% free, 40MB/56MB, paused 868us total 36.411ms
08-05 23:24:08.664 13697 13757 I art     : Starting a blocking GC Explicit
08-05 23:24:08.701 13697 13757 I art     : Explicit concurrent mark sweep GC freed 93(1568B) AllocSpace objects, 0(0B) LOS objects, 28% free, 40MB/56MB, paused 949us total 36.706ms
08-05 23:24:08.717 13697 13757 I art     : Starting a blocking GC Explicit
08-05 23:24:08.754 13697 13757 I art     : Explicit concurrent mark sweep GC freed 81(1424B) AllocSpace objects, 0(0B) LOS objects, 28% free, 40MB/56MB, paused 890us total 37.178ms
08-05 23:24:08.824 10068 10068 I ServiceManager: Waiting for service AtCmdFwd...
08-05 23:24:08.899   512  2967 D audio_hw_primary: disable_audio_route: reset and update mixer path: low-latency-playback speaker
08-05 23:24:08.900   512  2967 D audio_hw_primary: disable_snd_device: snd_device(2: speaker)
08-05 23:24:08.908   512  2967 I soundtrigger: audio_extn_sound_trigger_update_device_status: device 0x2 of type 0 for Event 0
08-05 23:24:09.079 14975 14975 D AndroidRuntime: >>>>>> START com.android.internal.os.RuntimeInit uid 2000 <<<<<<
08-05 23:24:09.085 14975 14975 D AndroidRuntime: CheckJNI is OFF
08-05 23:24:09.125 13697 13758 I art     : Starting a blocking GC Explicit
08-05 23:24:09.129 14975 14975 D ICU     : No timezone override file found: /data/misc/zoneinfo/current/icu/icu_tzdata.dat
08-05 23:24:09.166 13697 13758 I art     : Explicit concurrent mark sweep GC freed 2013(92KB) AllocSpace objects, 2(40KB) LOS objects, 28% free, 40MB/56MB, paused 987us total 41.458ms
08-05 23:24:09.172 14975 14975 I Radio-JNI: register_android_hardware_Radio DONE
08-05 23:24:09.184 13697 13758 I art     : Starting a blocking GC Explicit
08-05 23:24:09.203 14975 14975 D AndroidRuntime: Calling main entry com.android.commands.input.Input
08-05 23:24:09.205 14975 14975 I Input   : injectMotionEvent: MotionEvent { action=ACTION_DOWN, actionButton=0, id[0]=0, x[0]=355.0, y[0]=1674.0, toolType[0]=TOOL_TYPE_UNKNOWN, buttonState=0, metaState=0, flags=0x0, edgeFlags=0x0, pointerCount=1, historySize=0, eventTime=833065618, downTime=833065618, deviceId=0, source=0x1002 }
08-05 23:24:09.209 14975 14975 I Input   : injectMotionEvent: MotionEvent { action=ACTION_UP, actionButton=0, id[0]=0, x[0]=355.0, y[0]=1674.0, toolType[0]=TOOL_TYPE_UNKNOWN, buttonState=0, metaState=0, flags=0x0, edgeFlags=0x0, pointerCount=1, historySize=0, eventTime=833065618, downTime=833065618, deviceId=0, source=0x1002 }
08-05 23:24:09.211 14975 14975 D AndroidRuntime: Shutting down VM
08-05 23:24:09.220   512  2967 D audio_hw_primary: out_set_parameters: enter: usecase(1: low-latency-playback) kvpairs: routing=2
08-05 23:24:09.224 13697 13758 I art     : Explicit concurrent mark sweep GC freed 519(22KB) AllocSpace objects, 0(0B) LOS objects, 28% free, 40MB/56MB, paused 1.646ms total 40.579ms
08-05 23:24:09.235   512  2967 D audio_hw_primary: select_devices: out_snd_device(2: speaker) in_snd_device(0: none)
08-05 23:24:09.235   512  2967 D msm8974_platform: platform_send_audio_calibration: sending audio calibration for snd_device(2) acdb_id(15)
08-05 23:24:09.236   512  2967 I soundtrigger: audio_extn_sound_trigger_update_device_status: device 0x2 of type 0 for Event 1
08-05 23:24:09.241 13697 13758 I art     : Starting a blocking GC Explicit
08-05 23:24:09.245   512  2967 D audio_hw_primary: enable_snd_device: snd_device(2: speaker)
08-05 23:24:09.248   512  2967 D audio_hw_primary: enable_audio_route: apply and update mixer path: low-latency-playback speaker
08-05 23:24:09.279 13697 13758 I art     : Explicit concurrent mark sweep GC freed 53(4KB) AllocSpace objects, 0(0B) LOS objects, 23% free, 51MB/67MB, paused 1.044ms total 37.969ms
08-05 23:24:09.295   512  2967 D AudioFlinger: mixer(0xf4740000) throttle end: throttle time(12)
08-05 23:24:09.296 13697 13758 I art     : Starting a blocking GC Explicit
08-05 23:24:09.333 13697 13758 I art     : Explicit concurrent mark sweep GC freed 1366(140KB) AllocSpace objects, 0(0B) LOS objects, 23% free, 50MB/66MB, paused 983us total 37.045ms
08-05 23:24:09.350 13697 13758 I art     : Starting a blocking GC Explicit
08-05 23:24:09.388 13697 13758 I art     : Explicit concurrent mark sweep GC freed 9(368B) AllocSpace objects, 0(0B) LOS objects, 23% free, 50MB/66MB, paused 945us total 38.266ms
08-05 23:24:09.742 13697 13710 I art     : Waiting for a blocking GC Explicit
08-05 23:24:09.745 13697 13710 I art     : Starting a blocking GC Explicit
08-05 23:24:09.784 13697 13710 I art     : Explicit concurrent mark sweep GC freed 5(192B) AllocSpace objects, 0(0B) LOS objects, 12% free, 115MB/131MB, paused 1.003ms total 38.556ms
08-05 23:24:09.789   512  2967 D audio_hw_primary: disable_audio_route: reset and update mixer path: low-latency-playback speaker
08-05 23:24:09.790   512  2967 D audio_hw_primary: disable_snd_device: snd_device(2: speaker)
08-05 23:24:09.797   512  2967 I soundtrigger: audio_extn_sound_trigger_update_device_status: device 0x2 of type 0 for Event 0
08-05 23:24:09.800 13697 13710 I art     : Starting a blocking GC Explicit
08-05 23:24:09.824 10068 10068 I ServiceManager: Waiting for service AtCmdFwd...
08-05 23:24:09.839 13697 13710 I art     : Explicit concurrent mark sweep GC freed 3(96B) AllocSpace objects, 0(0B) LOS objects, 12% free, 115MB/131MB, paused 1.015ms total 38.406ms
08-05 23:24:09.855 13697 13710 I art     : Starting a blocking GC Explicit
08-05 23:24:09.893 13697 13710 I art     : Explicit concurrent mark sweep GC freed 3(96B) AllocSpace objects, 0(0B) LOS objects, 12% free, 115MB/131MB, paused 1.004ms total 37.592ms
08-05 23:24:09.910 13697 13710 I art     : Starting a blocking GC Explicit
08-05 23:24:09.949 13697 13710 I art     : Explicit concurrent mark sweep GC freed 3(96B) AllocSpace objects, 0(0B) LOS objects, 12% free, 115MB/131MB, paused 1.036ms total 39.362ms
08-05 23:24:09.966 13697 13710 I art     : Starting a blocking GC Explicit
08-05 23:24:10.005 13697 13710 I art     : Explicit concurrent mark sweep GC freed 4(128B) AllocSpace objects, 0(0B) LOS objects, 10% free, 134MB/150MB, paused 1.013ms total 38.978ms
08-05 23:24:10.160 13697 13697 I Choreographer: Skipped 55 frames!  The application may be doing too much work on its main thread.
08-05 23:24:10.161 13697 13697 V MainActivity: url = https://project-travel-mate.herokuapp.com/api/number-of-unread-notifications
08-05 23:24:10.366 13697 13710 I art     : Starting a blocking GC Explicit
08-05 23:24:10.409 13697 13710 I art     : Explicit concurrent mark sweep GC freed 3190(150KB) AllocSpace objects, 11(288KB) LOS objects, 10% free, 134MB/150MB, paused 1.091ms total 42.670ms
08-05 23:24:10.431 13697 13710 I art     : Starting a blocking GC Explicit
08-05 23:24:10.471 13697 13710 I art     : Explicit concurrent mark sweep GC freed 922(53KB) AllocSpace objects, 0(0B) LOS objects, 10% free, 134MB/150MB, paused 978us total 39.762ms
08-05 23:24:10.488 13697 13710 I art     : Starting a blocking GC Explicit
08-05 23:24:10.528 13697 13710 I art     : Explicit concurrent mark sweep GC freed 3(96B) AllocSpace objects, 0(0B) LOS objects, 10% free, 134MB/150MB, paused 979us total 40.116ms
08-05 23:24:10.545 13697 13710 I art     : Starting a blocking GC Explicit
08-05 23:24:10.587 13697 13710 I art     : Explicit concurrent mark sweep GC freed 3(96B) AllocSpace objects, 0(0B) LOS objects, 10% free, 134MB/150MB, paused 1.006ms total 41.189ms
08-05 23:24:10.604 13697 13710 I art     : Starting a blocking GC Explicit
08-05 23:24:10.644 13697 13710 I art     : Explicit concurrent mark sweep GC freed 3(96B) AllocSpace objects, 0(0B) LOS objects, 10% free, 134MB/150MB, paused 905us total 40.257ms
08-05 23:24:10.824 10068 10068 W Atfwd_Sendcmd: AtCmdFwd service not published, waiting... retryCnt : 4
08-05 23:24:10.951   918  3188 I hubconnection: sensorhub said: 'set_bias 3: -6.2400, 0.0000, 0.0000'
08-05 23:24:11.042 13697 13709 I art     : Starting a blocking GC Explicit
08-05 23:24:11.067 13697 15008 I NAPPA_EXPERIMENTATION: MetricNetworkRequestExecutionTime: REQUEST_DURATION_SYSTEM='905',REQUEST_DURATION_OKHTTP='34',REQUEST_SYNCHRONOUS='FALSE',RESPONSE_CODE='200',RESPONSE_METHOD='GET',RESPONSE_LENGTH_OKHTTP='36',RESPONSE_LENGTH_HEADER='36',REQUEST_PROTOCOL='http/1.1',REQUEST_URL='https://project-travel-mate.herokuapp.com/api/number-of-unread-notifications',
08-05 23:24:11.094 13697 13709 I art     : Explicit concurrent mark sweep GC freed 4124(226KB) AllocSpace objects, 5(236KB) LOS objects, 10% free, 134MB/150MB, paused 1.065ms total 51.475ms
08-05 23:24:11.117 13697 13709 I art     : Starting a blocking GC Explicit
08-05 23:24:11.159 13697 13709 I art     : Explicit concurrent mark sweep GC freed 1093(122KB) AllocSpace objects, 0(0B) LOS objects, 10% free, 134MB/150MB, paused 994us total 42.242ms
08-05 23:24:11.176 13697 13709 I art     : Starting a blocking GC Explicit
08-05 23:24:11.219 13697 13709 I art     : Explicit concurrent mark sweep GC freed 3(96B) AllocSpace objects, 0(0B) LOS objects, 10% free, 134MB/150MB, paused 1.034ms total 42.032ms
08-05 23:24:11.236 13697 13709 I art     : Starting a blocking GC Explicit
08-05 23:24:11.283 13697 13709 I art     : Explicit concurrent mark sweep GC freed 3(96B) AllocSpace objects, 0(0B) LOS objects, 10% free, 134MB/150MB, paused 1.071ms total 46.943ms
08-05 23:24:11.304 13697 13709 I art     : Starting a blocking GC Explicit
08-05 23:24:11.351 13697 13709 I art     : Explicit concurrent mark sweep GC freed 3(96B) AllocSpace objects, 0(0B) LOS objects, 10% free, 134MB/150MB, paused 940us total 46.820ms
08-05 23:24:11.721 13697 13757 I art     : Starting a blocking GC Explicit
08-05 23:24:11.771 13697 13757 I art     : Explicit concurrent mark sweep GC freed 1440(83KB) AllocSpace objects, 2(36KB) LOS objects, 10% free, 134MB/150MB, paused 1.054ms total 49.938ms
08-05 23:24:11.788 13697 13757 I art     : Starting a blocking GC Explicit
08-05 23:24:11.830 13697 13757 I art     : Explicit concurrent mark sweep GC freed 39(1568B) AllocSpace objects, 0(0B) LOS objects, 10% free, 134MB/150MB, paused 1.102ms total 41.783ms
08-05 23:24:11.847 13697 13757 I art     : Starting a blocking GC Explicit
08-05 23:24:11.889 13697 13757 I art     : Explicit concurrent mark sweep GC freed 9(288B) AllocSpace objects, 0(0B) LOS objects, 10% free, 134MB/150MB, paused 976us total 41.060ms
08-05 23:24:11.906 13697 13757 I art     : Starting a blocking GC Explicit
08-05 23:24:11.951 13697 13757 I art     : Explicit concurrent mark sweep GC freed 10(320B) AllocSpace objects, 0(0B) LOS objects, 10% free, 134MB/150MB, paused 1.093ms total 44.309ms
08-05 23:24:11.969 13697 13757 I art     : Starting a blocking GC Explicit
08-05 23:24:12.015 13697 13757 I art     : Explicit concurrent mark sweep GC freed 12(384B) AllocSpace objects, 0(0B) LOS objects, 10% free, 134MB/150MB, paused 1.121ms total 45.205ms
08-05 23:24:12.031 15037 15037 D AndroidRuntime: >>>>>> START com.android.internal.os.RuntimeInit uid 2000 <<<<<<
08-05 23:24:12.037 15037 15037 D AndroidRuntime: CheckJNI is OFF
08-05 23:24:12.079 15037 15037 D ICU     : No timezone override file found: /data/misc/zoneinfo/current/icu/icu_tzdata.dat
08-05 23:24:12.122 15037 15037 I Radio-JNI: register_android_hardware_Radio DONE
08-05 23:24:12.152 15037 15037 D AndroidRuntime: Calling main entry com.android.commands.input.Input
08-05 23:24:12.155 15037 15037 I Input   : injectMotionEvent: MotionEvent { action=ACTION_DOWN, actionButton=0, id[0]=0, x[0]=747.0, y[0]=608.0, toolType[0]=TOOL_TYPE_UNKNOWN, buttonState=0, metaState=0, flags=0x0, edgeFlags=0x0, pointerCount=1, historySize=0, eventTime=833068567, downTime=833068567, deviceId=0, source=0x1002 }
08-05 23:24:12.161 15037 15037 I Input   : injectMotionEvent: MotionEvent { action=ACTION_UP, actionButton=0, id[0]=0, x[0]=747.0, y[0]=608.0, toolType[0]=TOOL_TYPE_UNKNOWN, buttonState=0, metaState=0, flags=0x0, edgeFlags=0x0, pointerCount=1, historySize=0, eventTime=833068567, downTime=833068567, deviceId=0, source=0x1002 }
08-05 23:24:12.163 15037 15037 D AndroidRuntime: Shutting down VM
08-05 23:24:12.165   512  2967 D audio_hw_primary: out_set_parameters: enter: usecase(1: low-latency-playback) kvpairs: routing=2
08-05 23:24:12.173   918  5481 I ActivityManager: START u0 {cmp=baseline.io.github.project_travel_mate/.utilities.ChecklistActivity} from uid 10696 on display 0
08-05 23:24:12.178   512  2967 D audio_hw_primary: select_devices: out_snd_device(2: speaker) in_snd_device(0: none)
08-05 23:24:12.179   512  2967 D msm8974_platform: platform_send_audio_calibration: sending audio calibration for snd_device(2) acdb_id(15)
08-05 23:24:12.179   512  2967 I soundtrigger: audio_extn_sound_trigger_update_device_status: device 0x2 of type 0 for Event 1
08-05 23:24:12.191   512  2967 D audio_hw_primary: enable_snd_device: snd_device(2: speaker)
08-05 23:24:12.193   512  2967 D audio_hw_primary: enable_audio_route: apply and update mixer path: low-latency-playback speaker
08-05 23:24:12.400 13697 13709 I art     : Starting a blocking GC Explicit
08-05 23:24:12.446 13697 13709 I art     : Explicit concurrent mark sweep GC freed 10884(620KB) AllocSpace objects, 3(56KB) LOS objects, 10% free, 135MB/151MB, paused 1.717ms total 45.806ms
08-05 23:24:12.463 13697 13709 I art     : Starting a blocking GC Explicit
08-05 23:24:12.508 13697 13709 I art     : Explicit concurrent mark sweep GC freed 23367(968KB) AllocSpace objects, 0(0B) LOS objects, 10% free, 135MB/151MB, paused 1.709ms total 44.546ms
08-05 23:24:12.527 13697 13709 I art     : Starting a blocking GC Explicit
08-05 23:24:12.581 13697 13709 I art     : Explicit concurrent mark sweep GC freed 19051(792KB) AllocSpace objects, 0(0B) LOS objects, 10% free, 135MB/151MB, paused 8.158ms total 53.939ms
08-05 23:24:12.599 13697 13709 I art     : Starting a blocking GC Explicit
08-05 23:24:12.647 13697 13709 I art     : Explicit concurrent mark sweep GC freed 21656(890KB) AllocSpace objects, 0(0B) LOS objects, 10% free, 135MB/151MB, paused 1.787ms total 47.734ms
08-05 23:24:12.665 13697 13709 I art     : Starting a blocking GC Explicit
08-05 23:24:12.676   918  3261 D WifiStateMachine: starting scan for "H369AA63323"WPA_PSK with 2412,5180
08-05 23:24:12.719 13697 13709 I art     : Explicit concurrent mark sweep GC freed 22457(926KB) AllocSpace objects, 0(0B) LOS objects, 10% free, 135MB/151MB, paused 1.914ms total 53.158ms
08-05 23:24:12.728   512  2967 D audio_hw_primary: disable_audio_route: reset and update mixer path: low-latency-playback speaker
08-05 23:24:12.729   512  2967 D audio_hw_primary: disable_snd_device: snd_device(2: speaker)
08-05 23:24:12.740   512  2967 I soundtrigger: audio_extn_sound_trigger_update_device_status: device 0x2 of type 0 for Event 0
08-05 23:24:12.947   918   936 I ActivityManager: Displayed baseline.io.github.project_travel_mate/.utilities.ChecklistActivity: +765ms
08-05 23:24:12.947 13866 13866 I GoogleInputMethodServic: GoogleInputMethodService.onFinishInput():3138 
08-05 23:24:12.947 13697 13697 I Choreographer: Skipped 30 frames!  The application may be doing too much work on its main thread.
08-05 23:24:12.948 13866 13866 I GoogleInputMethodServic: GoogleInputMethodService.onStartInput():1808 
08-05 23:24:13.113 13697 13757 I art     : Starting a blocking GC Explicit
08-05 23:24:13.183 13697 13757 I art     : Explicit concurrent mark sweep GC freed 62506(2MB) AllocSpace objects, 2(36KB) LOS objects, 10% free, 136MB/152MB, paused 1.507ms total 69.373ms
08-05 23:24:13.206 13697 13757 I art     : Starting a blocking GC Explicit
08-05 23:24:13.212   380   380 W SurfaceFlinger: couldn't log to binary event log: overflow.
08-05 23:24:13.257 13697 13757 I art     : Explicit concurrent mark sweep GC freed 1458(144KB) AllocSpace objects, 0(0B) LOS objects, 10% free, 136MB/152MB, paused 1.141ms total 50.388ms
08-05 23:24:13.275 13697 13757 I art     : Starting a blocking GC Explicit
08-05 23:24:13.321 13697 13757 I art     : Explicit concurrent mark sweep GC freed 7(448B) AllocSpace objects, 0(0B) LOS objects, 10% free, 136MB/152MB, paused 1.229ms total 46.109ms
08-05 23:24:13.340 13697 13757 I art     : Starting a blocking GC Explicit
08-05 23:24:13.384 13697 13757 I art     : Explicit concurrent mark sweep GC freed 53(2384B) AllocSpace objects, 0(0B) LOS objects, 10% free, 136MB/152MB, paused 1.244ms total 43.863ms
08-05 23:24:13.402 13697 13757 I art     : Starting a blocking GC Explicit
08-05 23:24:13.448 13697 13757 I art     : Explicit concurrent mark sweep GC freed 11(352B) AllocSpace objects, 0(0B) LOS objects, 10% free, 136MB/152MB, paused 1.223ms total 46.625ms
08-05 23:24:13.840 13697 13709 I art     : Starting a blocking GC Explicit
08-05 23:24:13.912 13697 13709 I art     : Explicit concurrent mark sweep GC freed 1579(91KB) AllocSpace objects, 2(36KB) LOS objects, 10% free, 136MB/152MB, paused 1.350ms total 71.231ms
08-05 23:24:13.935 13697 13709 I art     : Starting a blocking GC Explicit
08-05 23:24:13.993 13697 13709 I art     : Explicit concurrent mark sweep GC freed 40(1680B) AllocSpace objects, 0(0B) LOS objects, 10% free, 136MB/152MB, paused 1.469ms total 57.017ms
08-05 23:24:14.015 13697 13709 I art     : Starting a blocking GC Explicit
08-05 23:24:14.072 13697 13709 I art     : Explicit concurrent mark sweep GC freed 19(880B) AllocSpace objects, 0(0B) LOS objects, 10% free, 136MB/152MB, paused 1.324ms total 56.497ms
08-05 23:24:14.095 13697 13709 I art     : Starting a blocking GC Explicit
08-05 23:24:14.155 13697 13709 I art     : Explicit concurrent mark sweep GC freed 3(96B) AllocSpace objects, 0(0B) LOS objects, 10% free, 136MB/152MB, paused 1.446ms total 59.221ms
08-05 23:24:14.177 13697 13709 I art     : Starting a blocking GC Explicit
08-05 23:24:14.233 13697 13709 I art     : Explicit concurrent mark sweep GC freed 3(96B) AllocSpace objects, 0(0B) LOS objects, 10% free, 136MB/152MB, paused 1.457ms total 55.916ms
08-05 23:24:14.652 13697 13758 I art     : Starting a blocking GC Explicit
08-05 23:24:14.722 13697 13758 I art     : Explicit concurrent mark sweep GC freed 1631(93KB) AllocSpace objects, 2(36KB) LOS objects, 10% free, 136MB/152MB, paused 1.402ms total 69.951ms
08-05 23:24:14.744 13697 13758 I art     : Starting a blocking GC Explicit
08-05 23:24:14.803 13697 13758 I art     : Explicit concurrent mark sweep GC freed 38(1568B) AllocSpace objects, 0(0B) LOS objects, 10% free, 136MB/152MB, paused 1.373ms total 58.916ms
08-05 23:24:14.822 13697 13758 I art     : Starting a blocking GC Explicit
08-05 23:24:14.880 13697 13758 I art     : Explicit concurrent mark sweep GC freed 3(96B) AllocSpace objects, 0(0B) LOS objects, 10% free, 136MB/152MB, paused 1.505ms total 57.530ms
08-05 23:24:14.902 13697 13758 I art     : Starting a blocking GC Explicit
08-05 23:24:14.961 13697 13758 I art     : Explicit concurrent mark sweep GC freed 3(96B) AllocSpace objects, 0(0B) LOS objects, 10% free, 136MB/152MB, paused 1.338ms total 58.800ms
08-05 23:24:14.984 13697 13758 I art     : Starting a blocking GC Explicit
08-05 23:24:15.043 13697 13758 I art     : Explicit concurrent mark sweep GC freed 3(96B) AllocSpace objects, 0(0B) LOS objects, 10% free, 136MB/152MB, paused 1.456ms total 58.937ms
08-05 23:24:15.491 13697 13710 I art     : Starting a blocking GC Explicit
08-05 23:24:15.571 13697 13710 I art     : Explicit concurrent mark sweep GC freed 1618(93KB) AllocSpace objects, 2(36KB) LOS objects, 10% free, 136MB/152MB, paused 1.726ms total 78.736ms
08-05 23:24:15.597 13697 13710 I art     : Starting a blocking GC Explicit
08-05 23:24:15.653 13697 13710 I art     : Explicit concurrent mark sweep GC freed 28(1024B) AllocSpace objects, 0(0B) LOS objects, 10% free, 136MB/152MB, paused 1.373ms total 55.828ms
08-05 23:24:15.672 13697 13710 I art     : Starting a blocking GC Explicit
08-05 23:24:15.728 13697 13710 I art     : Explicit concurrent mark sweep GC freed 3(96B) AllocSpace objects, 0(0B) LOS objects, 10% free, 136MB/152MB, paused 1.463ms total 55.277ms
08-05 23:24:15.747 13697 13710 I art     : Starting a blocking GC Explicit
08-05 23:24:15.804 13697 13710 I art     : Explicit concurrent mark sweep GC freed 3(96B) AllocSpace objects, 0(0B) LOS objects, 10% free, 136MB/152MB, paused 1.466ms total 57.494ms
08-05 23:24:15.827 13697 13710 I art     : Starting a blocking GC Explicit
08-05 23:24:15.881 13697 13710 I art     : Explicit concurrent mark sweep GC freed 3(96B) AllocSpace objects, 0(0B) LOS objects, 10% free, 136MB/152MB, paused 1.369ms total 54.645ms
08-05 23:24:16.306 13697 13757 I art     : Starting a blocking GC Explicit
08-05 23:24:16.369 13697 13757 I art     : Explicit concurrent mark sweep GC freed 1620(93KB) AllocSpace objects, 2(36KB) LOS objects, 10% free, 136MB/152MB, paused 1.463ms total 62.355ms
08-05 23:24:16.388 13697 13757 I art     : Starting a blocking GC Explicit
08-05 23:24:16.442 13697 13757 I art     : Explicit concurrent mark sweep GC freed 28(1024B) AllocSpace objects, 0(0B) LOS objects, 10% free, 136MB/152MB, paused 1.327ms total 53.349ms
08-05 23:24:16.461 13697 13757 I art     : Starting a blocking GC Explicit
08-05 23:24:16.509 13697 13757 I art     : Explicit concurrent mark sweep GC freed 3(96B) AllocSpace objects, 0(0B) LOS objects, 10% free, 136MB/152MB, paused 1.392ms total 48.098ms
08-05 23:24:16.528 13697 13757 I art     : Starting a blocking GC Explicit
08-05 23:24:16.579 13697 13757 I art     : Explicit concurrent mark sweep GC freed 3(96B) AllocSpace objects, 0(0B) LOS objects, 10% free, 136MB/152MB, paused 1.428ms total 51.310ms
08-05 23:24:16.598 13697 13757 I art     : Starting a blocking GC Explicit
08-05 23:24:16.652 13697 13757 I art     : Explicit concurrent mark sweep GC freed 3(96B) AllocSpace objects, 0(0B) LOS objects, 10% free, 136MB/152MB, paused 1.400ms total 54.036ms
08-05 23:24:16.968 15151 15151 D AndroidRuntime: >>>>>> START com.android.internal.os.RuntimeInit uid 2000 <<<<<<
08-05 23:24:16.975 15151 15151 D AndroidRuntime: CheckJNI is OFF
08-05 23:24:17.022 15151 15151 D ICU     : No timezone override file found: /data/misc/zoneinfo/current/icu/icu_tzdata.dat
08-05 23:24:17.068 15151 15151 I Radio-JNI: register_android_hardware_Radio DONE
08-05 23:24:17.074 13697 13709 I art     : Starting a blocking GC Explicit
08-05 23:24:17.100 15151 15151 D AndroidRuntime: Calling main entry com.android.commands.input.Input
08-05 23:24:17.102 15151 15151 I Input   : injectKeyEvent: KeyEvent { action=ACTION_DOWN, keyCode=KEYCODE_BACK, scanCode=0, metaState=0, flags=0x0, repeatCount=0, eventTime=833073515, downTime=833073515, deviceId=-1, source=0x101 }
08-05 23:24:17.108 15151 15151 I Input   : injectKeyEvent: KeyEvent { action=ACTION_UP, keyCode=KEYCODE_BACK, scanCode=0, metaState=0, flags=0x0, repeatCount=0, eventTime=833073515, downTime=833073515, deviceId=-1, source=0x101 }
08-05 23:24:17.116 15151 15151 D AndroidRuntime: Shutting down VM
08-05 23:24:17.127 13697 13697 V MainActivity: url = https://project-travel-mate.herokuapp.com/api/number-of-unread-notifications
08-05 23:24:17.128 13697 13709 I art     : Explicit concurrent mark sweep GC freed 1627(93KB) AllocSpace objects, 2(36KB) LOS objects, 10% free, 136MB/152MB, paused 2.131ms total 53.824ms
08-05 23:24:17.146 13697 13709 I art     : Starting a blocking GC Explicit
08-05 23:24:17.159 13866 13866 I GoogleInputMethodServic: GoogleInputMethodService.onFinishInput():3138 
08-05 23:24:17.160 13866 13866 I GoogleInputMethodServic: GoogleInputMethodService.onStartInput():1808 
08-05 23:24:17.193 13697 13709 I art     : Explicit concurrent mark sweep GC freed 385(15KB) AllocSpace objects, 0(0B) LOS objects, 10% free, 136MB/152MB, paused 1.443ms total 47.332ms
08-05 23:24:17.212 13697 13709 I art     : Starting a blocking GC Explicit
08-05 23:24:17.257 13697 13709 I art     : Explicit concurrent mark sweep GC freed 155(7KB) AllocSpace objects, 0(0B) LOS objects, 10% free, 136MB/152MB, paused 1.351ms total 44.477ms
08-05 23:24:17.278 13697 13709 I art     : Starting a blocking GC Explicit
08-05 23:24:17.338 13697 13709 I art     : Explicit concurrent mark sweep GC freed 19(1664B) AllocSpace objects, 0(0B) LOS objects, 10% free, 136MB/152MB, paused 1.464ms total 59.046ms
08-05 23:24:17.360 13697 13709 I art     : Starting a blocking GC Explicit
08-05 23:24:17.421 13697 13709 I art     : Explicit concurrent mark sweep GC freed 33(1808B) AllocSpace objects, 0(0B) LOS objects, 10% free, 136MB/152MB, paused 1.416ms total 60.560ms
08-05 23:24:17.441   380   380 W SurfaceFlinger: couldn't log to binary event log: overflow.
08-05 23:24:17.817 13697 13710 I art     : Starting a blocking GC Explicit
08-05 23:24:17.886 13697 13710 I art     : Explicit concurrent mark sweep GC freed 4626(244KB) AllocSpace objects, 5(236KB) LOS objects, 10% free, 136MB/152MB, paused 1.890ms total 68.358ms
08-05 23:24:17.905 13697 13710 I art     : Starting a blocking GC Explicit
08-05 23:24:17.919 13697 15174 I NAPPA_EXPERIMENTATION: MetricNetworkRequestExecutionTime: REQUEST_DURATION_SYSTEM='791',REQUEST_DURATION_OKHTTP='35',REQUEST_SYNCHRONOUS='FALSE',RESPONSE_CODE='200',RESPONSE_METHOD='GET',RESPONSE_LENGTH_OKHTTP='36',RESPONSE_LENGTH_HEADER='36',REQUEST_PROTOCOL='http/1.1',REQUEST_URL='https://project-travel-mate.herokuapp.com/api/number-of-unread-notifications',
08-05 23:24:17.959 13697 13710 I art     : Explicit concurrent mark sweep GC freed 1213(134KB) AllocSpace objects, 0(0B) LOS objects, 10% free, 136MB/152MB, paused 1.748ms total 53.836ms
08-05 23:24:17.978 13697 13710 I art     : Starting a blocking GC Explicit
08-05 23:24:18.034 13697 13710 I art     : Explicit concurrent mark sweep GC freed 135(5KB) AllocSpace objects, 0(0B) LOS objects, 10% free, 136MB/152MB, paused 1.683ms total 55.645ms
08-05 23:24:18.056 13697 13710 I art     : Starting a blocking GC Explicit
08-05 23:24:18.108 13697 13710 I art     : Explicit concurrent mark sweep GC freed 3(96B) AllocSpace objects, 0(0B) LOS objects, 10% free, 136MB/152MB, paused 1.490ms total 51.697ms
08-05 23:24:18.127 13697 13710 I art     : Starting a blocking GC Explicit
08-05 23:24:18.181 13697 13710 I art     : Explicit concurrent mark sweep GC freed 3(96B) AllocSpace objects, 0(0B) LOS objects, 10% free, 136MB/152MB, paused 1.520ms total 53.613ms
08-05 23:24:18.582 13697 13757 I art     : Starting a blocking GC Explicit
08-05 23:24:18.641 13697 13757 I art     : Explicit concurrent mark sweep GC freed 1619(92KB) AllocSpace objects, 2(36KB) LOS objects, 10% free, 136MB/152MB, paused 1.640ms total 58.360ms
08-05 23:24:18.661 13697 13757 I art     : Starting a blocking GC Explicit
08-05 23:24:18.714 13697 13757 I art     : Explicit concurrent mark sweep GC freed 28(1024B) AllocSpace objects, 0(0B) LOS objects, 10% free, 136MB/152MB, paused 1.513ms total 52.581ms
08-05 23:24:18.733 13697 13757 I art     : Starting a blocking GC Explicit
08-05 23:24:18.794 13697 13757 I art     : Explicit concurrent mark sweep GC freed 8(256B) AllocSpace objects, 0(0B) LOS objects, 10% free, 136MB/152MB, paused 1.287ms total 60.660ms
08-05 23:24:18.814 13697 13757 I art     : Starting a blocking GC Explicit
08-05 23:24:18.864 13697 13757 I art     : Explicit concurrent mark sweep GC freed 13(416B) AllocSpace objects, 0(0B) LOS objects, 10% free, 136MB/152MB, paused 1.356ms total 49.833ms
08-05 23:24:18.882 13697 13757 I art     : Starting a blocking GC Explicit
08-05 23:24:18.927 15188 15188 D AndroidRuntime: >>>>>> START com.android.internal.os.RuntimeInit uid 2000 <<<<<<
08-05 23:24:18.930 13697 13757 I art     : Explicit concurrent mark sweep GC freed 10(320B) AllocSpace objects, 0(0B) LOS objects, 10% free, 136MB/152MB, paused 1.447ms total 47.704ms
08-05 23:24:18.931 13697 13708 I art     : WaitForGcToComplete blocked for 18.303ms for cause HeapTrim
08-05 23:24:18.932 15188 15188 D AndroidRuntime: CheckJNI is OFF
08-05 23:24:18.975 15188 15188 D ICU     : No timezone override file found: /data/misc/zoneinfo/current/icu/icu_tzdata.dat
08-05 23:24:19.018 15188 15188 I Radio-JNI: register_android_hardware_Radio DONE
08-05 23:24:19.048 15188 15188 D AndroidRuntime: Calling main entry com.android.commands.input.Input
08-05 23:24:19.050 15188 15188 I Input   : injectMotionEvent: MotionEvent { action=ACTION_DOWN, actionButton=0, id[0]=0, x[0]=657.0, y[0]=2037.0, toolType[0]=TOOL_TYPE_UNKNOWN, buttonState=0, metaState=0, flags=0x0, edgeFlags=0x0, pointerCount=1, historySize=0, eventTime=833075463, downTime=833075463, deviceId=0, source=0x1002 }
08-05 23:24:19.056 15188 15188 I Input   : injectMotionEvent: MotionEvent { action=ACTION_UP, actionButton=0, id[0]=0, x[0]=657.0, y[0]=2037.0, toolType[0]=TOOL_TYPE_UNKNOWN, buttonState=0, metaState=0, flags=0x0, edgeFlags=0x0, pointerCount=1, historySize=0, eventTime=833075463, downTime=833075463, deviceId=0, source=0x1002 }
08-05 23:24:19.058 15188 15188 D AndroidRuntime: Shutting down VM
08-05 23:24:19.059   918  6110 I ActivityManager: START u0 {cmp=baseline.io.github.project_travel_mate/.utilities.CompassActivity} from uid 10696 on display 0
08-05 23:24:19.061   512  2967 D audio_hw_primary: out_set_parameters: enter: usecase(1: low-latency-playback) kvpairs: routing=2
08-05 23:24:19.074   512  2967 D audio_hw_primary: select_devices: out_snd_device(2: speaker) in_snd_device(0: none)
08-05 23:24:19.074   512  2967 D msm8974_platform: platform_send_audio_calibration: sending audio calibration for snd_device(2) acdb_id(15)
08-05 23:24:19.074   512  2967 I soundtrigger: audio_extn_sound_trigger_update_device_status: device 0x2 of type 0 for Event 1
08-05 23:24:19.086   512  2967 D audio_hw_primary: enable_snd_device: snd_device(2: speaker)
08-05 23:24:19.088   512  2967 D audio_hw_primary: enable_audio_route: apply and update mixer path: low-latency-playback speaker
08-05 23:24:19.297 13697 13710 I art     : Starting a blocking GC Explicit
08-05 23:24:19.349 13697 13710 I art     : Explicit concurrent mark sweep GC freed 152(9KB) AllocSpace objects, 0(0B) LOS objects, 7% free, 185MB/201MB, paused 1.514ms total 51.390ms
08-05 23:24:19.367 13697 13710 I art     : Starting a blocking GC Explicit
08-05 23:24:19.418 13697 13710 I art     : Explicit concurrent mark sweep GC freed 3(96B) AllocSpace objects, 0(0B) LOS objects, 7% free, 185MB/201MB, paused 1.556ms total 50.053ms
08-05 23:24:19.436 13697 13710 I art     : Starting a blocking GC Explicit
08-05 23:24:19.486 13697 13710 I art     : Explicit concurrent mark sweep GC freed 6(192B) AllocSpace objects, 0(0B) LOS objects, 7% free, 185MB/201MB, paused 1.396ms total 49.848ms
08-05 23:24:19.505 13697 13710 I art     : Starting a blocking GC Explicit
08-05 23:24:19.555 13697 13710 I art     : Explicit concurrent mark sweep GC freed 13(608B) AllocSpace objects, 0(0B) LOS objects, 7% free, 185MB/201MB, paused 1.440ms total 49.779ms
08-05 23:24:19.574 13697 13710 I art     : Starting a blocking GC Explicit
08-05 23:24:19.618   512  2967 D audio_hw_primary: disable_audio_route: reset and update mixer path: low-latency-playback speaker
08-05 23:24:19.619   512  2967 D audio_hw_primary: disable_snd_device: snd_device(2: speaker)
08-05 23:24:19.625 13697 13710 I art     : Explicit concurrent mark sweep GC freed 35(1424B) AllocSpace objects, 0(0B) LOS objects, 7% free, 188MB/204MB, paused 2.053ms total 51.049ms
08-05 23:24:19.627   512  2967 I soundtrigger: audio_extn_sound_trigger_update_device_status: device 0x2 of type 0 for Event 0
08-05 23:24:19.629 13697 13697 D CompassActivity: start compass
08-05 23:24:19.631   918  5952 I sensors : batch
08-05 23:24:19.631   918  5952 I sensors : activate
08-05 23:24:19.631   918  5481 I sensors : batch
08-05 23:24:19.631   918  5481 I sensors : activate
08-05 23:24:19.636 13697 13697 I Choreographer: Skipped 32 frames!  The application may be doing too much work on its main thread.
08-05 23:24:19.637   918  3188 I hubconnection: sensorhub said: 'batch 1 flags:0, sampling_rate_Hz:50.00, max_report_latency_us:0'
08-05 23:24:19.639   918  3188 I hubconnection: sensorhub said: 'activate 1 enable:1'
08-05 23:24:19.642   918  3188 I hubconnection: sensorhub said: 'batch 3 flags:0, sampling_rate_Hz:50.00, max_report_latency_us:0'
08-05 23:24:19.642   918  3188 I hubconnection: sensorhub said: 'activate 3 enable:1'
08-05 23:24:19.688 13866 13866 I GoogleInputMethodServic: GoogleInputMethodService.onFinishInput():3138 
08-05 23:24:19.689 13866 13866 I GoogleInputMethodServic: GoogleInputMethodService.onStartInput():1808 
08-05 23:24:19.812 13697 13697 D CompassActivity: will set rotation from 0.0 to 179.20844
08-05 23:24:19.813 13697 13697 D CompassActivity: will set rotation from 179.20844 to 179.21185
08-05 23:24:19.813 13697 13697 D CompassActivity: will set rotation from 179.21185 to 178.98547
08-05 23:24:19.813 13697 13697 D CompassActivity: will set rotation from 178.98547 to 178.97833
08-05 23:24:19.818   918   936 I ActivityManager: Displayed baseline.io.github.project_travel_mate/.utilities.CompassActivity: +747ms
08-05 23:24:19.905 13697 13697 D CompassActivity: will set rotation from 178.97833 to 179.07855
08-05 23:24:19.906 13697 13697 D CompassActivity: will set rotation from 179.07855 to 179.07373
08-05 23:24:19.906 13697 13697 D CompassActivity: will set rotation from 179.07373 to 178.98322
08-05 23:24:19.906 13697 13697 D CompassActivity: will set rotation from 178.98322 to 178.97339
08-05 23:24:19.906 13697 13697 D CompassActivity: will set rotation from 178.97339 to 179.1399
08-05 23:24:19.906 13697 13697 D CompassActivity: will set rotation from 179.1399 to 179.1336
08-05 23:24:19.906 13697 13697 D CompassActivity: will set rotation from 179.1336 to 179.06519
08-05 23:24:19.906 13697 13697 D CompassActivity: will set rotation from 179.06519 to 179.0675
08-05 23:24:19.906 13697 13697 D CompassActivity: will set rotation from 179.0675 to 179.14929
08-05 23:24:19.907 13697 13697 D CompassActivity: will set rotation from 179.14929 to 179.1565
08-05 23:24:19.997 13697 13697 D CompassActivity: will set rotation from 179.1565 to 179.2312
08-05 23:24:19.997 13697 13697 D CompassActivity: will set rotation from 179.2312 to 179.23431
08-05 23:24:19.997 13697 13697 D CompassActivity: will set rotation from 179.23431 to 179.11047
08-05 23:24:19.997 13697 13697 D CompassActivity: will set rotation from 179.11047 to 179.11401
08-05 23:24:19.997 13697 13697 D CompassActivity: will set rotation from 179.11401 to 179.12872
08-05 23:24:19.997 13697 13697 D CompassActivity: will set rotation from 179.12872 to 179.12622
08-05 23:24:19.998 13697 13697 D CompassActivity: will set rotation from 179.12622 to 179.1352
08-05 23:24:19.998 13697 13697 D CompassActivity: will set rotation from 179.1352 to 179.13208
08-05 23:24:19.998 13697 13697 D CompassActivity: will set rotation from 179.13208 to 179.09204
08-05 23:24:19.998 13697 13697 D CompassActivity: will set rotation from 179.09204 to 179.09113
08-05 23:24:20.011 13697 13710 I art     : Starting a blocking GC Explicit
08-05 23:24:20.022 13697 13697 D CompassActivity: will set rotation from 179.09113 to 179.09778
08-05 23:24:20.022 13697 13697 D CompassActivity: will set rotation from 179.09778 to 179.10004
08-05 23:24:20.037 13697 13697 D CompassActivity: will set rotation from 179.10004 to 179.11267
08-05 23:24:20.037 13697 13697 D CompassActivity: will set rotation from 179.11267 to 179.11108
08-05 23:24:20.057 13697 13697 D CompassActivity: will set rotation from 179.11108 to 179.04028
08-05 23:24:20.058 13697 13697 D CompassActivity: will set rotation from 179.04028 to 179.0393
08-05 23:24:20.059 13697 13710 I art     : Explicit concurrent mark sweep GC freed 2022(119KB) AllocSpace objects, 2(36KB) LOS objects, 7% free, 188MB/204MB, paused 1.442ms total 47.900ms
08-05 23:24:20.061   380   380 W SurfaceFlinger: couldn't log to binary event log: overflow.
08-05 23:24:20.077 13697 13697 D CompassActivity: will set rotation from 179.0393 to 179.09235
08-05 23:24:20.077 13697 13697 D CompassActivity: will set rotation from 179.09235 to 179.09155
08-05 23:24:20.077 13697 13710 I art     : Starting a blocking GC Explicit
08-05 23:24:20.096 13697 13697 D CompassActivity: will set rotation from 179.09155 to 179.17957
08-05 23:24:20.097 13697 13697 D CompassActivity: will set rotation from 179.17957 to 179.18103
08-05 23:24:20.116 13697 13697 D CompassActivity: will set rotation from 179.18103 to 179.22083
08-05 23:24:20.117 13697 13697 D CompassActivity: will set rotation from 179.22083 to 179.22144
08-05 23:24:20.122 13697 13710 I art     : Explicit concurrent mark sweep GC freed 467(20KB) AllocSpace objects, 0(0B) LOS objects, 7% free, 188MB/204MB, paused 1.198ms total 44.680ms
08-05 23:24:20.136 13697 13697 D CompassActivity: will set rotation from 179.22144 to 179.26233
08-05 23:24:20.137 13697 13697 D CompassActivity: will set rotation from 179.26233 to 179.26147
08-05 23:24:20.140 13697 13710 I art     : Starting a blocking GC Explicit
08-05 23:24:20.156 13697 13697 D CompassActivity: will set rotation from 179.26147 to 179.26111
08-05 23:24:20.157 13697 13697 D CompassActivity: will set rotation from 179.26111 to 179.25806
08-05 23:24:20.176 13697 13697 D CompassActivity: will set rotation from 179.25806 to 179.28851
08-05 23:24:20.177 13697 13697 D CompassActivity: will set rotation from 179.28851 to 179.2915
08-05 23:24:20.188 13697 13710 I art     : Explicit concurrent mark sweep GC freed 156(7KB) AllocSpace objects, 0(0B) LOS objects, 7% free, 188MB/204MB, paused 1.291ms total 47.648ms
08-05 23:24:20.211 13697 13710 I art     : Starting a blocking GC Explicit
08-05 23:24:20.258 13697 13710 I art     : Explicit concurrent mark sweep GC freed 117(4KB) AllocSpace objects, 0(0B) LOS objects, 7% free, 188MB/204MB, paused 1.588ms total 47.360ms
08-05 23:24:20.277 13697 13710 I art     : Starting a blocking GC Explicit
08-05 23:24:20.289 13697 13697 D CompassActivity: will set rotation from 179.2915 to 179.32233
08-05 23:24:20.290 13697 13697 D CompassActivity: will set rotation from 179.32233 to 179.32458
08-05 23:24:20.290 13697 13697 D CompassActivity: will set rotation from 179.32458 to 179.32227
08-05 23:24:20.290 13697 13697 D CompassActivity: will set rotation from 179.32227 to 179.32196
08-05 23:24:20.290 13697 13697 D CompassActivity: will set rotation from 179.32196 to 179.29114
08-05 23:24:20.290 13697 13697 D CompassActivity: will set rotation from 179.29114 to 179.2904
08-05 23:24:20.290 13697 13697 D CompassActivity: will set rotation from 179.2904 to 179.3147
08-05 23:24:20.290 13697 13697 D CompassActivity: will set rotation from 179.3147 to 179.3125
08-05 23:24:20.290 13697 13697 D CompassActivity: will set rotation from 179.3125 to 179.31024
08-05 23:24:20.290 13697 13697 D CompassActivity: will set rotation from 179.31024 to 179.31165
08-05 23:24:20.298 13697 13697 D CompassActivity: will set rotation from 179.31165 to 179.33191
08-05 23:24:20.298 13697 13697 D CompassActivity: will set rotation from 179.33191 to 179.33289
08-05 23:24:20.316 13697 13697 D CompassActivity: will set rotation from 179.33289 to 179.3794
08-05 23:24:20.316 13697 13697 D CompassActivity: will set rotation from 179.3794 to 179.37933
08-05 23:24:20.323 13697 13710 I art     : Explicit concurrent mark sweep GC freed 155(9KB) AllocSpace objects, 0(0B) LOS objects, 7% free, 188MB/204MB, paused 1.263ms total 45.591ms
08-05 23:24:20.335 13697 13697 D CompassActivity: will set rotation from 179.37933 to 179.37183
08-05 23:24:20.335 13697 13697 D CompassActivity: will set rotation from 179.37183 to 179.37122
08-05 23:24:20.355 13697 13697 D CompassActivity: will set rotation from 179.37122 to 179.41174
08-05 23:24:20.356 13697 13697 D CompassActivity: will set rotation from 179.41174 to 179.41357
08-05 23:24:20.375 13697 13697 D CompassActivity: will set rotation from 179.41357 to 179.40594
08-05 23:24:20.376 13697 13697 D CompassActivity: will set rotation from 179.40594 to 179.40436
08-05 23:24:20.396 13697 13697 D CompassActivity: will set rotation from 179.40436 to 179.42188
08-05 23:24:20.396 13697 13697 D CompassActivity: will set rotation from 179.42188 to 179.42236
08-05 23:24:20.416 13697 13697 D CompassActivity: will set rotation from 179.42236 to 179.4361
08-05 23:24:20.417 13697 13697 D CompassActivity: will set rotation from 179.4361 to 179.43457
08-05 23:24:20.435 13697 13697 D CompassActivity: will set rotation from 179.43457 to 179.45142
08-05 23:24:20.436 13697 13697 D CompassActivity: will set rotation from 179.45142 to 179.45166
08-05 23:24:20.456 13697 13697 D CompassActivity: will set rotation from 179.45166 to 179.46631
08-05 23:24:20.456 13697 13697 D CompassActivity: will set rotation from 179.46631 to 179.46619
08-05 23:24:20.476 13697 13697 D CompassActivity: will set rotation from 179.46619 to 179.50262
08-05 23:24:20.477 13697 13697 D CompassActivity: will set rotation from 179.50262 to 179.50299
08-05 23:24:20.498 13697 13697 D CompassActivity: will set rotation from 179.50299 to 179.55731
08-05 23:24:20.499 13697 13697 D CompassActivity: will set rotation from 179.55731 to 179.55945
08-05 23:24:20.517 13697 13697 D CompassActivity: will set rotation from 179.55945 to 179.5686
08-05 23:24:20.518 13697 13697 D CompassActivity: will set rotation from 179.5686 to 179.56757
08-05 23:24:20.536 13697 13697 D CompassActivity: will set rotation from 179.56757 to 179.55298
08-05 23:24:20.536 13697 13697 D CompassActivity: will set rotation from 179.55298 to 179.55328
08-05 23:24:20.555 13697 13697 D CompassActivity: will set rotation from 179.55328 to 179.54266
08-05 23:24:20.556 13697 13697 D CompassActivity: will set rotation from 179.54266 to 179.54248
08-05 23:24:20.575 13697 13697 D CompassActivity: will set rotation from 179.54248 to 179.5509
08-05 23:24:20.575 13697 13697 D CompassActivity: will set rotation from 179.5509 to 179.55164
08-05 23:24:20.598 13697 13697 D CompassActivity: will set rotation from 179.55164 to 179.56049
08-05 23:24:20.598 13697 13697 D CompassActivity: will set rotation from 179.56049 to 179.56079
08-05 23:24:20.616 13697 13697 D CompassActivity: will set rotation from 179.56079 to 179.56787
08-05 23:24:20.616 13697 13697 D CompassActivity: will set rotation from 179.56787 to 179.5661
08-05 23:24:20.635 13697 13697 D CompassActivity: will set rotation from 179.5661 to 179.53369
08-05 23:24:20.635 13697 13697 D CompassActivity: will set rotation from 179.53369 to 179.53046
08-05 23:24:20.655 13697 13697 D CompassActivity: will set rotation from 179.53046 to 179.5387
08-05 23:24:20.655 13697 13697 D CompassActivity: will set rotation from 179.5387 to 179.53748
08-05 23:24:20.674 13697 13697 D CompassActivity: will set rotation from 179.53748 to 179.54742
08-05 23:24:20.675 13697 13697 D CompassActivity: will set rotation from 179.54742 to 179.54529
08-05 23:24:20.699 13697 13697 D CompassActivity: will set rotation from 179.54529 to 179.55188
08-05 23:24:20.700 13697 13697 D CompassActivity: will set rotation from 179.55188 to 179.55286
08-05 23:24:20.717 13697 13697 D CompassActivity: will set rotation from 179.55286 to 179.56201
08-05 23:24:20.718 13697 13697 D CompassActivity: will set rotation from 179.56201 to 179.5617
08-05 23:24:20.736 13697 13697 D CompassActivity: will set rotation from 179.5617 to 179.54968
08-05 23:24:20.737 13697 13697 D CompassActivity: will set rotation from 179.54968 to 179.5506
08-05 23:24:20.742 13697 13757 I art     : Starting a blocking GC Explicit
08-05 23:24:20.756 13697 13697 D CompassActivity: will set rotation from 179.5506 to 179.52258
08-05 23:24:20.757 13697 13697 D CompassActivity: will set rotation from 179.52258 to 179.52185
08-05 23:24:20.775 13697 13697 D CompassActivity: will set rotation from 179.52185 to 179.51337
08-05 23:24:20.775 13697 13697 D CompassActivity: will set rotation from 179.51337 to 179.5122
08-05 23:24:20.797 13697 13697 D CompassActivity: will set rotation from 179.5122 to 179.5216
08-05 23:24:20.798 13697 13697 D CompassActivity: will set rotation from 179.5216 to 179.52216
08-05 23:24:20.806 13697 13757 I art     : Explicit concurrent mark sweep GC freed 2122(124KB) AllocSpace objects, 2(36KB) LOS objects, 7% free, 188MB/204MB, paused 1.378ms total 64.311ms
08-05 23:24:20.817 13697 13697 D CompassActivity: will set rotation from 179.52216 to 179.52869
08-05 23:24:20.817 13697 13697 D CompassActivity: will set rotation from 179.52869 to 179.52844
08-05 23:24:20.829 13697 13757 I art     : Starting a blocking GC Explicit
08-05 23:24:20.836 13697 13697 D CompassActivity: will set rotation from 179.52844 to 179.49738
08-05 23:24:20.837 13697 13697 D CompassActivity: will set rotation from 179.49738 to 179.4964
08-05 23:24:20.855 13697 13697 D CompassActivity: will set rotation from 179.4964 to 179.48486
08-05 23:24:20.855 13697 13697 D CompassActivity: will set rotation from 179.48486 to 179.48438
08-05 23:24:20.874 13697 13697 D CompassActivity: will set rotation from 179.48438 to 179.51111
08-05 23:24:20.875 13697 13697 D CompassActivity: will set rotation from 179.51111 to 179.51239
08-05 23:24:20.891 13697 13757 I art     : Explicit concurrent mark sweep GC freed 774(30KB) AllocSpace objects, 0(0B) LOS objects, 7% free, 188MB/204MB, paused 1.462ms total 61.829ms
08-05 23:24:20.900 13697 13697 D CompassActivity: will set rotation from 179.51239 to 179.4845
08-05 23:24:20.901 13697 13697 D CompassActivity: will set rotation from 179.4845 to 179.48438
08-05 23:24:20.913 13697 13757 I art     : Starting a blocking GC Explicit
08-05 23:24:20.918 13697 13697 D CompassActivity: will set rotation from 179.48438 to 179.4585
08-05 23:24:20.919 13697 13697 D CompassActivity: will set rotation from 179.4585 to 179.45831
08-05 23:24:20.935 13697 13697 D CompassActivity: will set rotation from 179.45831 to 179.4516
08-05 23:24:20.935 13697 13697 D CompassActivity: will set rotation from 179.4516 to 179.45276
08-05 23:24:20.955 13697 13697 D CompassActivity: will set rotation from 179.45276 to 179.46442
08-05 23:24:20.955 13697 13697 D CompassActivity: will set rotation from 179.46442 to 179.46448
08-05 23:24:20.974 13697 13697 D CompassActivity: will set rotation from 179.46448 to 179.44122
08-05 23:24:20.975 13697 13697 D CompassActivity: will set rotation from 179.44122 to 179.43823
08-05 23:24:20.975 13697 13757 I art     : Explicit concurrent mark sweep GC freed 175(8KB) AllocSpace objects, 0(0B) LOS objects, 7% free, 188MB/204MB, paused 1.240ms total 61.678ms
08-05 23:24:20.998 13697 13757 I art     : Starting a blocking GC Explicit
08-05 23:24:21.002 13697 13697 D CompassActivity: will set rotation from 179.43823 to 179.43121
08-05 23:24:21.003 13697 13697 D CompassActivity: will set rotation from 179.43121 to 179.42993
08-05 23:24:21.016 13697 13697 D CompassActivity: will set rotation from 179.42993 to 179.43982
08-05 23:24:21.017 13697 13697 D CompassActivity: will set rotation from 179.43982 to 179.44067
08-05 23:24:21.034 13697 13697 D CompassActivity: will set rotation from 179.44067 to 179.43323
08-05 23:24:21.035 13697 13697 D CompassActivity: will set rotation from 179.43323 to 179.43317
08-05 23:24:21.054 13697 13697 D CompassActivity: will set rotation from 179.43317 to 179.44415
08-05 23:24:21.054 13697 13697 D CompassActivity: will set rotation from 179.44415 to 179.44476
08-05 23:24:21.062 13697 13757 I art     : Explicit concurrent mark sweep GC freed 189(9KB) AllocSpace objects, 0(0B) LOS objects, 7% free, 188MB/204MB, paused 1.502ms total 63.200ms
08-05 23:24:21.074 13697 13697 D CompassActivity: will set rotation from 179.44476 to 179.43726
08-05 23:24:21.075 13697 13697 D CompassActivity: will set rotation from 179.43726 to 179.43848
08-05 23:24:21.084 13697 13757 I art     : Starting a blocking GC Explicit
08-05 23:24:21.093 13697 13697 D CompassActivity: will set rotation from 179.43848 to 179.44849
08-05 23:24:21.094 13697 13697 D CompassActivity: will set rotation from 179.44849 to 179.44794
08-05 23:24:21.115 13697 13697 D CompassActivity: will set rotation from 179.44794 to 179.44226
08-05 23:24:21.116 13697 13697 D CompassActivity: will set rotation from 179.44226 to 179.44238
08-05 23:24:21.135 13697 13697 D CompassActivity: will set rotation from 179.44238 to 179.43597
08-05 23:24:21.136 13697 13697 D CompassActivity: will set rotation from 179.43597 to 179.43652
08-05 23:24:21.146 13697 13757 I art     : Explicit concurrent mark sweep GC freed 204(9KB) AllocSpace objects, 0(0B) LOS objects, 7% free, 188MB/204MB, paused 1.424ms total 61.449ms
08-05 23:24:21.154 13697 13697 D CompassActivity: will set rotation from 179.43652 to 179.43036
08-05 23:24:21.154 13697 13697 D CompassActivity: will set rotation from 179.43036 to 179.42981
08-05 23:24:21.173 13697 13697 D CompassActivity: will set rotation from 179.42981 to 179.44055
08-05 23:24:21.174 13697 13697 D CompassActivity: will set rotation from 179.44055 to 179.44165
08-05 23:24:21.192 13697 13697 D CompassActivity: will set rotation from 179.44165 to 179.42151
08-05 23:24:21.193 13697 13697 D CompassActivity: will set rotation from 179.42151 to 179.4195
08-05 23:24:21.214 13697 13697 D CompassActivity: will set rotation from 179.4195 to 179.41302
08-05 23:24:21.214 13697 13697 D CompassActivity: will set rotation from 179.41302 to 179.41461
08-05 23:24:21.234 13697 13697 D CompassActivity: will set rotation from 179.41461 to 179.40967
08-05 23:24:21.234 13697 13697 D CompassActivity: will set rotation from 179.40967 to 179.41174
08-05 23:24:21.254 13697 13697 D CompassActivity: will set rotation from 179.41174 to 179.42285
08-05 23:24:21.255 13697 13697 D CompassActivity: will set rotation from 179.42285 to 179.42249
08-05 23:24:21.275 13697 13697 D CompassActivity: will set rotation from 179.42249 to 179.40314
08-05 23:24:21.275 13697 13697 D CompassActivity: will set rotation from 179.40314 to 179.40063
08-05 23:24:21.294 13697 13697 D CompassActivity: will set rotation from 179.40063 to 179.42749
08-05 23:24:21.294 13697 13697 D CompassActivity: will set rotation from 179.42749 to 179.4267
08-05 23:24:21.318 13697 13697 D CompassActivity: will set rotation from 179.4267 to 179.43835
08-05 23:24:21.318 13697 13697 D CompassActivity: will set rotation from 179.43835 to 179.44086
08-05 23:24:21.334 13697 13697 D CompassActivity: will set rotation from 179.44086 to 179.45227
08-05 23:24:21.334 13697 13697 D CompassActivity: will set rotation from 179.45227 to 179.4538
08-05 23:24:21.352 13697 13697 D CompassActivity: will set rotation from 179.4538 to 179.44818
08-05 23:24:21.352 13697 13697 D CompassActivity: will set rotation from 179.44818 to 179.44824
08-05 23:24:21.371 13697 13697 D CompassActivity: will set rotation from 179.44824 to 179.59888
08-05 23:24:21.372 13697 13697 D CompassActivity: will set rotation from 179.59888 to 179.59741
08-05 23:24:21.391 13697 13697 D CompassActivity: will set rotation from 179.59741 to 179.72858
08-05 23:24:21.391 13697 13697 D CompassActivity: will set rotation from 179.72858 to 179.72809
08-05 23:24:21.414 13697 13697 D CompassActivity: will set rotation from 179.72809 to 179.82153
08-05 23:24:21.415 13697 13697 D CompassActivity: will set rotation from 179.82153 to 179.82202
08-05 23:24:21.431 13697 13697 D CompassActivity: will set rotation from 179.82202 to 179.92639
08-05 23:24:21.431 13697 13697 D CompassActivity: will set rotation from 179.92639 to 179.92578
08-05 23:24:21.451 13697 13697 D CompassActivity: will set rotation from 179.92578 to 179.99731
08-05 23:24:21.451 13697 13697 D CompassActivity: will set rotation from 179.99731 to 179.99713
08-05 23:24:21.471 13697 13697 D CompassActivity: will set rotation from 179.99713 to 180.08409
08-05 23:24:21.471 13697 13697 D CompassActivity: will set rotation from 180.08409 to 180.08444
08-05 23:24:21.491 13697 13697 D CompassActivity: will set rotation from 180.08444 to 180.18114
08-05 23:24:21.491 13697 13697 D CompassActivity: will set rotation from 180.18114 to 180.17992
08-05 23:24:21.514 13697 13697 D CompassActivity: will set rotation from 180.17992 to 180.25682
08-05 23:24:21.515 13697 13697 D CompassActivity: will set rotation from 180.25682 to 180.25537
08-05 23:24:21.535 13697 13697 D CompassActivity: will set rotation from 180.25537 to 180.28444
08-05 23:24:21.537 13697 13697 D CompassActivity: will set rotation from 180.28444 to 180.285
08-05 23:24:21.553 13697 13697 D CompassActivity: will set rotation from 180.285 to 180.29689
08-05 23:24:21.553 13697 13758 I art     : Starting a blocking GC Explicit
08-05 23:24:21.557 13697 13697 D CompassActivity: will set rotation from 180.29689 to 180.2965
08-05 23:24:21.571 13697 13697 D CompassActivity: will set rotation from 180.2965 to 180.29173
08-05 23:24:21.572 13697 13697 D CompassActivity: will set rotation from 180.29173 to 180.29173
08-05 23:24:21.591 13697 13697 D CompassActivity: will set rotation from 180.29173 to 180.27527
08-05 23:24:21.591 13697 13697 D CompassActivity: will set rotation from 180.27527 to 180.27544
08-05 23:24:21.611 13697 13697 D CompassActivity: will set rotation from 180.27544 to 180.25742
08-05 23:24:21.612 13697 13697 D CompassActivity: will set rotation from 180.25742 to 180.25833
08-05 23:24:21.612 13697 13758 I art     : Explicit concurrent mark sweep GC freed 2056(120KB) AllocSpace objects, 2(36KB) LOS objects, 7% free, 188MB/204MB, paused 1.453ms total 58.908ms
08-05 23:24:21.633 13697 13758 I art     : Starting a blocking GC Explicit
08-05 23:24:21.634 13697 13697 D CompassActivity: will set rotation from 180.25833 to 180.24094
08-05 23:24:21.634 13697 13697 D CompassActivity: will set rotation from 180.24094 to 180.24046
08-05 23:24:21.652 13697 13697 D CompassActivity: will set rotation from 180.24046 to 180.22513
08-05 23:24:21.653 13697 13697 D CompassActivity: will set rotation from 180.22513 to 180.22499
08-05 23:24:21.671 13697 13697 D CompassActivity: will set rotation from 180.22499 to 180.1933
08-05 23:24:21.672 13697 13697 D CompassActivity: will set rotation from 180.1933 to 180.19255
08-05 23:24:21.690 13697 13697 D CompassActivity: will set rotation from 180.19255 to 180.16043
08-05 23:24:21.691 13697 13758 I art     : Explicit concurrent mark sweep GC freed 739(29KB) AllocSpace objects, 0(0B) LOS objects, 7% free, 188MB/204MB, paused 1.405ms total 57.369ms
08-05 23:24:21.691 13697 13697 D CompassActivity: will set rotation from 180.16043 to 180.16254
08-05 23:24:21.711 13697 13697 D CompassActivity: will set rotation from 180.16254 to 180.16512
08-05 23:24:21.711 13697 13697 D CompassActivity: will set rotation from 180.16512 to 180.16685
08-05 23:24:21.711 13697 13758 I art     : Starting a blocking GC Explicit
08-05 23:24:21.735 13697 13697 D CompassActivity: will set rotation from 180.16685 to 180.16922
08-05 23:24:21.736 13697 13697 D CompassActivity: will set rotation from 180.16922 to 180.17122
08-05 23:24:21.754 13697 13697 D CompassActivity: will set rotation from 180.17122 to 180.15622
08-05 23:24:21.754 13697 13697 D CompassActivity: will set rotation from 180.15622 to 180.15594
08-05 23:24:21.766 13697 13758 I art     : Explicit concurrent mark sweep GC freed 187(9KB) AllocSpace objects, 0(0B) LOS objects, 7% free, 188MB/204MB, paused 2.052ms total 54.478ms
08-05 23:24:21.772 13697 13697 D CompassActivity: will set rotation from 180.15594 to 180.14061
08-05 23:24:21.772 13697 13697 D CompassActivity: will set rotation from 180.14061 to 180.14136
08-05 23:24:21.786 13697 13758 I art     : Starting a blocking GC Explicit
08-05 23:24:21.793 13697 13697 D CompassActivity: will set rotation from 180.14136 to 180.13005
08-05 23:24:21.794 13697 13697 D CompassActivity: will set rotation from 180.13005 to 180.13013
08-05 23:24:21.810 13697 13697 D CompassActivity: will set rotation from 180.13013 to 180.1018
08-05 23:24:21.811 13697 13697 D CompassActivity: will set rotation from 180.1018 to 180.1009
08-05 23:24:21.834 13697 13697 D CompassActivity: will set rotation from 180.1009 to 180.10468
08-05 23:24:21.835 13697 13697 D CompassActivity: will set rotation from 180.10468 to 180.10538
08-05 23:24:21.844 13697 13758 I art     : Explicit concurrent mark sweep GC freed 176(8KB) AllocSpace objects, 0(0B) LOS objects, 7% free, 188MB/204MB, paused 1.568ms total 58.062ms
08-05 23:24:21.854 13697 13697 D CompassActivity: will set rotation from 180.10538 to 180.10689
08-05 23:24:21.855 13697 13697 D CompassActivity: will set rotation from 180.10689 to 180.10754
08-05 23:24:21.865 15239 15239 D AndroidRuntime: >>>>>> START com.android.internal.os.RuntimeInit uid 2000 <<<<<<
08-05 23:24:21.868 13697 13758 I art     : Starting a blocking GC Explicit
08-05 23:24:21.871 13697 13697 D CompassActivity: will set rotation from 180.10754 to 180.11113
08-05 23:24:21.872 13697 13697 D CompassActivity: will set rotation from 180.11113 to 180.11116
08-05 23:24:21.873 15239 15239 D AndroidRuntime: CheckJNI is OFF
08-05 23:24:21.890 13697 13697 D CompassActivity: will set rotation from 180.11116 to 180.14424
08-05 23:24:21.890 13697 13697 D CompassActivity: will set rotation from 180.14424 to 180.1449
08-05 23:24:21.910 13697 13697 D CompassActivity: will set rotation from 180.1449 to 180.13228
08-05 23:24:21.911 13697 13697 D CompassActivity: will set rotation from 180.13228 to 180.13382
08-05 23:24:21.918 15239 15239 D ICU     : No timezone override file found: /data/misc/zoneinfo/current/icu/icu_tzdata.dat
08-05 23:24:21.922 13697 13758 I art     : Explicit concurrent mark sweep GC freed 175(8KB) AllocSpace objects, 0(0B) LOS objects, 7% free, 188MB/204MB, paused 1.328ms total 53.455ms
08-05 23:24:21.932 13697 13697 D CompassActivity: will set rotation from 180.13382 to 180.13533
08-05 23:24:21.933 13697 13697 D CompassActivity: will set rotation from 180.13533 to 180.13522
08-05 23:24:21.951 13697 13697 D CompassActivity: will set rotation from 180.13522 to 180.1208
08-05 23:24:21.951 13697 13697 D CompassActivity: will set rotation from 180.1208 to 180.11903
08-05 23:24:21.964 15239 15239 I Radio-JNI: register_android_hardware_Radio DONE
08-05 23:24:21.969 13697 13697 D CompassActivity: will set rotation from 180.11903 to 180.10442
08-05 23:24:21.970 13697 13697 D CompassActivity: will set rotation from 180.10442 to 180.10399
08-05 23:24:21.989 13697 13697 D CompassActivity: will set rotation from 180.10399 to 180.09328
08-05 23:24:21.990 13697 13697 D CompassActivity: will set rotation from 180.09328 to 180.09424
08-05 23:24:21.992 15239 15239 D AndroidRuntime: Calling main entry com.android.commands.input.Input
08-05 23:24:21.995 15239 15239 I Input   : injectKeyEvent: KeyEvent { action=ACTION_DOWN, keyCode=KEYCODE_BACK, scanCode=0, metaState=0, flags=0x0, repeatCount=0, eventTime=833078408, downTime=833078408, deviceId=-1, source=0x101 }
08-05 23:24:22.005 15239 15239 I Input   : injectKeyEvent: KeyEvent { action=ACTION_UP, keyCode=KEYCODE_BACK, scanCode=0, metaState=0, flags=0x0, repeatCount=0, eventTime=833078408, downTime=833078408, deviceId=-1, source=0x101 }
08-05 23:24:22.012 13697 13697 D CompassActivity: will set rotation from 180.09424 to 180.12834
08-05 23:24:22.012 15239 15239 D AndroidRuntime: Shutting down VM
08-05 23:24:22.012 13697 13697 D CompassActivity: will set rotation from 180.12834 to 180.12897
08-05 23:24:22.014   918  6029 I sensors : activate
08-05 23:24:22.015   918  6111 I sensors : activate
08-05 23:24:22.020   918  3188 I hubconnection: sensorhub said: 'activate 1 enable:0'
08-05 23:24:22.021   918  3188 I hubconnection: sensorhub said: 'activate 3 enable:0'
08-05 23:24:22.047 13697 13697 V MainActivity: url = https://project-travel-mate.herokuapp.com/api/number-of-unread-notifications
08-05 23:24:22.180 13866 13866 I GoogleInputMethodServic: GoogleInputMethodService.onFinishInput():3138 
08-05 23:24:22.181 13866 13866 I GoogleInputMethodServic: GoogleInputMethodService.onStartInput():1808 
08-05 23:24:22.310 13697 13709 I art     : Starting a blocking GC Explicit
08-05 23:24:22.358 13697 13709 I art     : Explicit concurrent mark sweep GC freed 2282(124KB) AllocSpace objects, 2(36KB) LOS objects, 7% free, 188MB/204MB, paused 1.212ms total 47.712ms
08-05 23:24:22.376 13697 13709 I art     : Starting a blocking GC Explicit
08-05 23:24:22.423 13697 13709 I art     : Explicit concurrent mark sweep GC freed 255(9KB) AllocSpace objects, 0(0B) LOS objects, 7% free, 188MB/204MB, paused 1.206ms total 47.089ms
08-05 23:24:22.441 13697 13709 I art     : Starting a blocking GC Explicit
08-05 23:24:22.446 13697 13697 D CompassActivity: stop compass
08-05 23:24:22.447   380   380 W SurfaceFlinger: couldn't log to binary event log: overflow.
08-05 23:24:22.488 13697 13709 I art     : Explicit concurrent mark sweep GC freed 21(896B) AllocSpace objects, 0(0B) LOS objects, 7% free, 188MB/204MB, paused 1.461ms total 46.780ms
08-05 23:24:22.506 13697 13709 I art     : Starting a blocking GC Explicit
08-05 23:24:22.554 13697 13709 I art     : Explicit concurrent mark sweep GC freed 127(6KB) AllocSpace objects, 0(0B) LOS objects, 7% free, 188MB/204MB, paused 1.339ms total 47.755ms
08-05 23:24:22.572 13697 13709 I art     : Starting a blocking GC Explicit
08-05 23:24:22.635 13697 13709 I art     : Explicit concurrent mark sweep GC freed 1143(75KB) AllocSpace objects, 3(52MB) LOS objects, 10% free, 136MB/152MB, paused 1.359ms total 62.656ms
08-05 23:24:22.933 13697 15262 I NAPPA_EXPERIMENTATION: MetricNetworkRequestExecutionTime: REQUEST_DURATION_SYSTEM='884',REQUEST_DURATION_OKHTTP='33',REQUEST_SYNCHRONOUS='FALSE',RESPONSE_CODE='200',RESPONSE_METHOD='GET',RESPONSE_LENGTH_OKHTTP='36',RESPONSE_LENGTH_HEADER='36',REQUEST_PROTOCOL='http/1.1',REQUEST_URL='https://project-travel-mate.herokuapp.com/api/number-of-unread-notifications',
08-05 23:24:23.024 13697 13710 I art     : Starting a blocking GC Explicit
08-05 23:24:23.095 13697 13710 I art     : Explicit concurrent mark sweep GC freed 4396(240KB) AllocSpace objects, 5(236KB) LOS objects, 10% free, 136MB/152MB, paused 1.569ms total 70.087ms
08-05 23:24:23.118 13697 13710 I art     : Starting a blocking GC Explicit
08-05 23:24:23.173 13697 13710 I art     : Explicit concurrent mark sweep GC freed 972(117KB) AllocSpace objects, 0(0B) LOS objects, 10% free, 136MB/152MB, paused 1.388ms total 55.062ms
08-05 23:24:23.192 13697 13710 I art     : Starting a blocking GC Explicit
08-05 23:24:23.250 13697 13710 I art     : Explicit concurrent mark sweep GC freed 39(1056B) AllocSpace objects, 0(0B) LOS objects, 10% free, 136MB/152MB, paused 1.469ms total 57.049ms
08-05 23:24:23.272 13697 13710 I art     : Starting a blocking GC Explicit
08-05 23:24:23.324 13697 13710 I art     : Explicit concurrent mark sweep GC freed 4(128B) AllocSpace objects, 0(0B) LOS objects, 10% free, 136MB/152MB, paused 1.368ms total 50.931ms
08-05 23:24:23.342 13697 13710 I art     : Starting a blocking GC Explicit
08-05 23:24:23.393 13697 13710 I art     : Explicit concurrent mark sweep GC freed 3(96B) AllocSpace objects, 0(0B) LOS objects, 10% free, 136MB/152MB, paused 1.443ms total 50.845ms
08-05 23:24:23.773 15284 15284 D AndroidRuntime: >>>>>> START com.android.internal.os.RuntimeInit uid 2000 <<<<<<
08-05 23:24:23.780 15284 15284 D AndroidRuntime: CheckJNI is OFF
08-05 23:24:23.789 13697 13709 I art     : Starting a blocking GC Explicit
08-05 23:24:23.821 15284 15284 D ICU     : No timezone override file found: /data/misc/zoneinfo/current/icu/icu_tzdata.dat
08-05 23:24:23.839 13697 13709 I art     : Explicit concurrent mark sweep GC freed 1609(93KB) AllocSpace objects, 2(36KB) LOS objects, 10% free, 136MB/152MB, paused 1.400ms total 50.187ms
08-05 23:24:23.859 13697 13709 I art     : Starting a blocking GC Explicit
08-05 23:24:23.865 15284 15284 I Radio-JNI: register_android_hardware_Radio DONE
08-05 23:24:23.893 15284 15284 D AndroidRuntime: Calling main entry com.android.commands.input.Input
08-05 23:24:23.896 15284 15284 I Input   : injectMotionEvent: MotionEvent { action=ACTION_DOWN, actionButton=0, id[0]=0, x[0]=500.0, y[0]=2000.0, toolType[0]=TOOL_TYPE_UNKNOWN, buttonState=0, metaState=0, flags=0x0, edgeFlags=0x0, pointerCount=1, historySize=0, eventTime=833080309, downTime=833080309, deviceId=0, source=0x1002 }
08-05 23:24:23.903 15284 15284 I Input   : injectMotionEvent: MotionEvent { action=ACTION_MOVE, actionButton=0, id[0]=0, x[0]=500.0, y[0]=2000.0, toolType[0]=TOOL_TYPE_UNKNOWN, buttonState=0, metaState=0, flags=0x0, edgeFlags=0x0, pointerCount=1, historySize=0, eventTime=833080309, downTime=833080309, deviceId=0, source=0x1002 }
08-05 23:24:23.908 13697 13709 I art     : Explicit concurrent mark sweep GC freed 46(1824B) AllocSpace objects, 0(0B) LOS objects, 10% free, 136MB/152MB, paused 1.300ms total 48.466ms
08-05 23:24:23.917 15284 15284 I Input   : injectMotionEvent: MotionEvent { action=ACTION_MOVE, actionButton=0, id[0]=0, x[0]=500.0, y[0]=1960.1, toolType[0]=TOOL_TYPE_UNKNOWN, buttonState=0, metaState=0, flags=0x0, edgeFlags=0x0, pointerCount=1, historySize=0, eventTime=833080330, downTime=833080330, deviceId=0, source=0x1002 }
08-05 23:24:23.929 13697 13709 I art     : Starting a blocking GC Explicit
08-05 23:24:23.933 15284 15284 I Input   : injectMotionEvent: MotionEvent { action=ACTION_MOVE, actionButton=0, id[0]=0, x[0]=500.0, y[0]=1929.7, toolType[0]=TOOL_TYPE_UNKNOWN, buttonState=0, metaState=0, flags=0x0, edgeFlags=0x0, pointerCount=1, historySize=0, eventTime=833080346, downTime=833080346, deviceId=0, source=0x1002 }
08-05 23:24:23.955 15284 15284 I Input   : injectMotionEvent: MotionEvent { action=ACTION_MOVE, actionButton=0, id[0]=0, x[0]=500.0, y[0]=1887.9, toolType[0]=TOOL_TYPE_UNKNOWN, buttonState=0, metaState=0, flags=0x0, edgeFlags=0x0, pointerCount=1, historySize=0, eventTime=833080368, downTime=833080368, deviceId=0, source=0x1002 }
08-05 23:24:23.966 15284 15284 I Input   : injectMotionEvent: MotionEvent { action=ACTION_MOVE, actionButton=0, id[0]=0, x[0]=500.0, y[0]=1865.1, toolType[0]=TOOL_TYPE_UNKNOWN, buttonState=0, metaState=0, flags=0x0, edgeFlags=0x0, pointerCount=1, historySize=0, eventTime=833080380, downTime=833080380, deviceId=0, source=0x1002 }
08-05 23:24:23.984 13697 13709 I art     : Explicit concurrent mark sweep GC freed 62(2112B) AllocSpace objects, 0(0B) LOS objects, 10% free, 136MB/152MB, paused 1.479ms total 54.541ms
08-05 23:24:23.984 15284 15284 I Input   : injectMotionEvent: MotionEvent { action=ACTION_MOVE, actionButton=0, id[0]=0, x[0]=500.0, y[0]=1832.8, toolType[0]=TOOL_TYPE_UNKNOWN, buttonState=0, metaState=0, flags=0x0, edgeFlags=0x0, pointerCount=1, historySize=0, eventTime=833080397, downTime=833080397, deviceId=0, source=0x1002 }
08-05 23:24:24.000 15284 15284 I Input   : injectMotionEvent: MotionEvent { action=ACTION_MOVE, actionButton=0, id[0]=0, x[0]=500.0, y[0]=1802.4, toolType[0]=TOOL_TYPE_UNKNOWN, buttonState=0, metaState=0, flags=0x0, edgeFlags=0x0, pointerCount=1, historySize=0, eventTime=833080413, downTime=833080413, deviceId=0, source=0x1002 }
08-05 23:24:24.003 13697 13709 I art     : Starting a blocking GC Explicit
08-05 23:24:24.016 15284 15284 I Input   : injectMotionEvent: MotionEvent { action=ACTION_MOVE, actionButton=0, id[0]=0, x[0]=500.0, y[0]=1772.0, toolType[0]=TOOL_TYPE_UNKNOWN, buttonState=0, metaState=0, flags=0x0, edgeFlags=0x0, pointerCount=1, historySize=0, eventTime=833080429, downTime=833080429, deviceId=0, source=0x1002 }
08-05 23:24:24.033 15284 15284 I Input   : injectMotionEvent: MotionEvent { action=ACTION_MOVE, actionButton=0, id[0]=0, x[0]=500.0, y[0]=1739.7, toolType[0]=TOOL_TYPE_UNKNOWN, buttonState=0, metaState=0, flags=0x0, edgeFlags=0x0, pointerCount=1, historySize=0, eventTime=833080446, downTime=833080446, deviceId=0, source=0x1002 }
08-05 23:24:24.050 15284 15284 I Input   : injectMotionEvent: MotionEvent { action=ACTION_MOVE, actionButton=0, id[0]=0, x[0]=500.0, y[0]=1707.4, toolType[0]=TOOL_TYPE_UNKNOWN, buttonState=0, metaState=0, flags=0x0, edgeFlags=0x0, pointerCount=1, historySize=0, eventTime=833080463, downTime=833080463, deviceId=0, source=0x1002 }
08-05 23:24:24.058 13697 13709 I art     : Explicit concurrent mark sweep GC freed 17(864B) AllocSpace objects, 0(0B) LOS objects, 10% free, 136MB/152MB, paused 1.976ms total 54.166ms
08-05 23:24:24.067 15284 15284 I Input   : injectMotionEvent: MotionEvent { action=ACTION_MOVE, actionButton=0, id[0]=0, x[0]=500.0, y[0]=1675.1, toolType[0]=TOOL_TYPE_UNKNOWN, buttonState=0, metaState=0, flags=0x0, edgeFlags=0x0, pointerCount=1, historySize=0, eventTime=833080480, downTime=833080480, deviceId=0, source=0x1002 }
08-05 23:24:24.079 13697 13709 I art     : Starting a blocking GC Explicit
08-05 23:24:24.085 15284 15284 I Input   : injectMotionEvent: MotionEvent { action=ACTION_MOVE, actionButton=0, id[0]=0, x[0]=500.0, y[0]=1642.8, toolType[0]=TOOL_TYPE_UNKNOWN, buttonState=0, metaState=0, flags=0x0, edgeFlags=0x0, pointerCount=1, historySize=0, eventTime=833080497, downTime=833080497, deviceId=0, source=0x1002 }
08-05 23:24:24.099 15284 15284 I Input   : injectMotionEvent: MotionEvent { action=ACTION_MOVE, actionButton=0, id[0]=0, x[0]=500.0, y[0]=1612.4, toolType[0]=TOOL_TYPE_UNKNOWN, buttonState=0, metaState=0, flags=0x0, edgeFlags=0x0, pointerCount=1, historySize=0, eventTime=833080513, downTime=833080513, deviceId=0, source=0x1002 }
08-05 23:24:24.116 15284 15284 I Input   : injectMotionEvent: MotionEvent { action=ACTION_MOVE, actionButton=0, id[0]=0, x[0]=500.0, y[0]=1582.0, toolType[0]=TOOL_TYPE_UNKNOWN, buttonState=0, metaState=0, flags=0x0, edgeFlags=0x0, pointerCount=1, historySize=0, eventTime=833080529, downTime=833080529, deviceId=0, source=0x1002 }
08-05 23:24:24.129 13697 13709 I art     : Explicit concurrent mark sweep GC freed 16(672B) AllocSpace objects, 0(0B) LOS objects, 10% free, 136MB/152MB, paused 1.601ms total 49.635ms
08-05 23:24:24.134 15284 15284 I Input   : injectMotionEvent: MotionEvent { action=ACTION_MOVE, actionButton=0, id[0]=0, x[0]=500.0, y[0]=1547.8, toolType[0]=TOOL_TYPE_UNKNOWN, buttonState=0, metaState=0, flags=0x0, edgeFlags=0x0, pointerCount=1, historySize=0, eventTime=833080547, downTime=833080547, deviceId=0, source=0x1002 }
08-05 23:24:24.150 15284 15284 I Input   : injectMotionEvent: MotionEvent { action=ACTION_MOVE, actionButton=0, id[0]=0, x[0]=500.0, y[0]=1517.4, toolType[0]=TOOL_TYPE_UNKNOWN, buttonState=0, metaState=0, flags=0x0, edgeFlags=0x0, pointerCount=1, historySize=0, eventTime=833080563, downTime=833080563, deviceId=0, source=0x1002 }
08-05 23:24:24.167 15284 15284 I Input   : injectMotionEvent: MotionEvent { action=ACTION_MOVE, actionButton=0, id[0]=0, x[0]=500.0, y[0]=1485.1, toolType[0]=TOOL_TYPE_UNKNOWN, buttonState=0, metaState=0, flags=0x0, edgeFlags=0x0, pointerCount=1, historySize=0, eventTime=833080580, downTime=833080580, deviceId=0, source=0x1002 }
08-05 23:24:24.183 15284 15284 I Input   : injectMotionEvent: MotionEvent { action=ACTION_MOVE, actionButton=0, id[0]=0, x[0]=500.0, y[0]=1454.7, toolType[0]=TOOL_TYPE_UNKNOWN, buttonState=0, metaState=0, flags=0x0, edgeFlags=0x0, pointerCount=1, historySize=0, eventTime=833080596, downTime=833080596, deviceId=0, source=0x1002 }
08-05 23:24:24.199 15284 15284 I Input   : injectMotionEvent: MotionEvent { action=ACTION_MOVE, actionButton=0, id[0]=0, x[0]=500.0, y[0]=1422.4, toolType[0]=TOOL_TYPE_UNKNOWN, buttonState=0, metaState=0, flags=0x0, edgeFlags=0x0, pointerCount=1, historySize=0, eventTime=833080613, downTime=833080613, deviceId=0, source=0x1002 }
08-05 23:24:24.216 15284 15284 I Input   : injectMotionEvent: MotionEvent { action=ACTION_MOVE, actionButton=0, id[0]=0, x[0]=500.0, y[0]=1392.0, toolType[0]=TOOL_TYPE_UNKNOWN, buttonState=0, metaState=0, flags=0x0, edgeFlags=0x0, pointerCount=1, historySize=0, eventTime=833080629, downTime=833080629, deviceId=0, source=0x1002 }
08-05 23:24:24.233 15284 15284 I Input   : injectMotionEvent: MotionEvent { action=ACTION_MOVE, actionButton=0, id[0]=0, x[0]=500.0, y[0]=1359.7, toolType[0]=TOOL_TYPE_UNKNOWN, buttonState=0, metaState=0, flags=0x0, edgeFlags=0x0, pointerCount=1, historySize=0, eventTime=833080646, downTime=833080646, deviceId=0, source=0x1002 }
08-05 23:24:24.249 15284 15284 I Input   : injectMotionEvent: MotionEvent { action=ACTION_MOVE, actionButton=0, id[0]=0, x[0]=500.0, y[0]=1329.3, toolType[0]=TOOL_TYPE_UNKNOWN, buttonState=0, metaState=0, flags=0x0, edgeFlags=0x0, pointerCount=1, historySize=0, eventTime=833080662, downTime=833080662, deviceId=0, source=0x1002 }
08-05 23:24:24.266 15284 15284 I Input   : injectMotionEvent: MotionEvent { action=ACTION_MOVE, actionButton=0, id[0]=0, x[0]=500.0, y[0]=1297.0, toolType[0]=TOOL_TYPE_UNKNOWN, buttonState=0, metaState=0, flags=0x0, edgeFlags=0x0, pointerCount=1, historySize=0, eventTime=833080679, downTime=833080679, deviceId=0, source=0x1002 }
08-05 23:24:24.283 15284 15284 I Input   : injectMotionEvent: MotionEvent { action=ACTION_MOVE, actionButton=0, id[0]=0, x[0]=500.0, y[0]=1264.7, toolType[0]=TOOL_TYPE_UNKNOWN, buttonState=0, metaState=0, flags=0x0, edgeFlags=0x0, pointerCount=1, historySize=0, eventTime=833080696, downTime=833080696, deviceId=0, source=0x1002 }
08-05 23:24:24.305 15284 15284 I Input   : injectMotionEvent: MotionEvent { action=ACTION_MOVE, actionButton=0, id[0]=0, x[0]=500.0, y[0]=1222.8999, toolType[0]=TOOL_TYPE_UNKNOWN, buttonState=0, metaState=0, flags=0x0, edgeFlags=0x0, pointerCount=1, historySize=0, eventTime=833080718, downTime=833080718, deviceId=0, source=0x1002 }
08-05 23:24:24.317 15284 15284 I Input   : injectMotionEvent: MotionEvent { action=ACTION_MOVE, actionButton=0, id[0]=0, x[0]=500.0, y[0]=1200.1, toolType[0]=TOOL_TYPE_UNKNOWN, buttonState=0, metaState=0, flags=0x0, edgeFlags=0x0, pointerCount=1, historySize=0, eventTime=833080730, downTime=833080730, deviceId=0, source=0x1002 }
08-05 23:24:24.391 15284 15284 I Input   : injectMotionEvent: MotionEvent { action=ACTION_MOVE, actionButton=0, id[0]=0, x[0]=500.0, y[0]=1057.6001, toolType[0]=TOOL_TYPE_UNKNOWN, buttonState=0, metaState=0, flags=0x0, edgeFlags=0x0, pointerCount=1, historySize=0, eventTime=833080805, downTime=833080805, deviceId=0, source=0x1002 }
08-05 23:24:24.458 15284 15284 I Input   : injectMotionEvent: MotionEvent { action=ACTION_MOVE, actionButton=0, id[0]=0, x[0]=500.0, y[0]=932.2001, toolType[0]=TOOL_TYPE_UNKNOWN, buttonState=0, metaState=0, flags=0x0, edgeFlags=0x0, pointerCount=1, historySize=0, eventTime=833080871, downTime=833080871, deviceId=0, source=0x1002 }
08-05 23:24:24.524 15284 15284 I Input   : injectMotionEvent: MotionEvent { action=ACTION_MOVE, actionButton=0, id[0]=0, x[0]=500.0, y[0]=806.7999, toolType[0]=TOOL_TYPE_UNKNOWN, buttonState=0, metaState=0, flags=0x0, edgeFlags=0x0, pointerCount=1, historySize=0, eventTime=833080937, downTime=833080937, deviceId=0, source=0x1002 }
08-05 23:24:24.543 13697 13758 I art     : Starting a blocking GC Explicit
08-05 23:24:24.578 15284 15284 I Input   : injectMotionEvent: MotionEvent { action=ACTION_MOVE, actionButton=0, id[0]=0, x[0]=500.0, y[0]=702.2999, toolType[0]=TOOL_TYPE_UNKNOWN, buttonState=0, metaState=0, flags=0x0, edgeFlags=0x0, pointerCount=1, historySize=0, eventTime=833080992, downTime=833080992, deviceId=0, source=0x1002 }
08-05 23:24:24.591 13697 13758 I art     : Explicit concurrent mark sweep GC freed 1626(93KB) AllocSpace objects, 2(36KB) LOS objects, 10% free, 136MB/152MB, paused 1.304ms total 47.412ms
08-05 23:24:24.610 13697 13758 I art     : Starting a blocking GC Explicit
08-05 23:24:24.639 15284 15284 I Input   : injectMotionEvent: MotionEvent { action=ACTION_MOVE, actionButton=0, id[0]=0, x[0]=500.0, y[0]=586.4, toolType[0]=TOOL_TYPE_UNKNOWN, buttonState=0, metaState=0, flags=0x0, edgeFlags=0x0, pointerCount=1, historySize=0, eventTime=833081053, downTime=833081053, deviceId=0, source=0x1002 }
08-05 23:24:24.656 13697 13758 I art     : Explicit concurrent mark sweep GC freed 28(1024B) AllocSpace objects, 0(0B) LOS objects, 10% free, 136MB/152MB, paused 1.348ms total 46.632ms
08-05 23:24:24.675 13697 13758 I art     : Starting a blocking GC Explicit
08-05 23:24:24.701 15284 15284 I Input   : injectMotionEvent: MotionEvent { action=ACTION_MOVE, actionButton=0, id[0]=0, x[0]=500.0, y[0]=470.5, toolType[0]=TOOL_TYPE_UNKNOWN, buttonState=0, metaState=0, flags=0x0, edgeFlags=0x0, pointerCount=1, historySize=0, eventTime=833081114, downTime=833081114, deviceId=0, source=0x1002 }
08-05 23:24:24.722 13697 13758 I art     : Explicit concurrent mark sweep GC freed 3(96B) AllocSpace objects, 0(0B) LOS objects, 10% free, 136MB/152MB, paused 1.304ms total 46.150ms
08-05 23:24:24.741 13697 13758 I art     : Starting a blocking GC Explicit
08-05 23:24:24.762 15284 15284 I Input   : injectMotionEvent: MotionEvent { action=ACTION_MOVE, actionButton=0, id[0]=0, x[0]=500.0, y[0]=352.70007, toolType[0]=TOOL_TYPE_UNKNOWN, buttonState=0, metaState=0, flags=0x0, edgeFlags=0x0, pointerCount=1, historySize=0, eventTime=833081176, downTime=833081176, deviceId=0, source=0x1002 }
08-05 23:24:24.792 13697 13758 I art     : Explicit concurrent mark sweep GC freed 8(256B) AllocSpace objects, 0(0B) LOS objects, 10% free, 136MB/152MB, paused 1.296ms total 50.696ms
08-05 23:24:24.811 13697 13758 I art     : Starting a blocking GC Explicit
08-05 23:24:24.860 13697 13758 I art     : Explicit concurrent mark sweep GC freed 3(96B) AllocSpace objects, 0(0B) LOS objects, 10% free, 136MB/152MB, paused 1.490ms total 48.679ms
08-05 23:24:24.862 15284 15284 I Input   : injectMotionEvent: MotionEvent { action=ACTION_MOVE, actionButton=0, id[0]=0, x[0]=500.0, y[0]=164.59998, toolType[0]=TOOL_TYPE_UNKNOWN, buttonState=0, metaState=0, flags=0x0, edgeFlags=0x0, pointerCount=1, historySize=0, eventTime=833081275, downTime=833081275, deviceId=0, source=0x1002 }
08-05 23:24:24.899 15284 15284 I Input   : injectMotionEvent: MotionEvent { action=ACTION_UP, actionButton=0, id[0]=0, x[0]=500.0, y[0]=100.0, toolType[0]=TOOL_TYPE_UNKNOWN, buttonState=0, metaState=0, flags=0x0, edgeFlags=0x0, pointerCount=1, historySize=0, eventTime=833081313, downTime=833081313, deviceId=0, source=0x1002 }
08-05 23:24:24.936 15284 15284 D AndroidRuntime: Shutting down VM
08-05 23:24:25.234 13697 13758 I art     : Starting a blocking GC Explicit
08-05 23:24:25.287 13697 13758 I art     : Explicit concurrent mark sweep GC freed 1626(93KB) AllocSpace objects, 2(36KB) LOS objects, 10% free, 136MB/152MB, paused 1.405ms total 52.943ms
08-05 23:24:25.306 13697 13758 I art     : Starting a blocking GC Explicit
08-05 23:24:25.354 13697 13758 I art     : Explicit concurrent mark sweep GC freed 30(1088B) AllocSpace objects, 0(0B) LOS objects, 10% free, 136MB/152MB, paused 1.252ms total 46.921ms
08-05 23:24:25.371 13697 13758 I art     : Starting a blocking GC Explicit
08-05 23:24:25.417 13697 13758 I art     : Explicit concurrent mark sweep GC freed 7(224B) AllocSpace objects, 0(0B) LOS objects, 10% free, 136MB/152MB, paused 1.349ms total 45.423ms
08-05 23:24:25.437 13697 13758 I art     : Starting a blocking GC Explicit
08-05 23:24:25.483 13697 13758 I art     : Explicit concurrent mark sweep GC freed 7(224B) AllocSpace objects, 0(0B) LOS objects, 10% free, 136MB/152MB, paused 1.296ms total 45.730ms
08-05 23:24:25.504 13697 13758 I art     : Starting a blocking GC Explicit
08-05 23:24:25.550 13697 13758 I art     : Explicit concurrent mark sweep GC freed 6(192B) AllocSpace objects, 0(0B) LOS objects, 10% free, 136MB/152MB, paused 1.280ms total 45.645ms
08-05 23:24:25.708 15333 15333 D AndroidRuntime: >>>>>> START com.android.internal.os.RuntimeInit uid 2000 <<<<<<
08-05 23:24:25.713 15333 15333 D AndroidRuntime: CheckJNI is OFF
08-05 23:24:25.752 15333 15333 D ICU     : No timezone override file found: /data/misc/zoneinfo/current/icu/icu_tzdata.dat
08-05 23:24:25.792 15333 15333 I Radio-JNI: register_android_hardware_Radio DONE
08-05 23:24:25.821 15333 15333 D AndroidRuntime: Calling main entry com.android.commands.input.Input
08-05 23:24:25.823 15333 15333 I Input   : injectMotionEvent: MotionEvent { action=ACTION_DOWN, actionButton=0, id[0]=0, x[0]=500.0, y[0]=2000.0, toolType[0]=TOOL_TYPE_UNKNOWN, buttonState=0, metaState=0, flags=0x0, edgeFlags=0x0, pointerCount=1, historySize=0, eventTime=833082236, downTime=833082236, deviceId=0, source=0x1002 }
08-05 23:24:25.827 15333 15333 I Input   : injectMotionEvent: MotionEvent { action=ACTION_MOVE, actionButton=0, id[0]=0, x[0]=500.0, y[0]=2000.0, toolType[0]=TOOL_TYPE_UNKNOWN, buttonState=0, metaState=0, flags=0x0, edgeFlags=0x0, pointerCount=1, historySize=0, eventTime=833082236, downTime=833082236, deviceId=0, source=0x1002 }
08-05 23:24:25.835 15333 15333 I Input   : injectMotionEvent: MotionEvent { action=ACTION_MOVE, actionButton=0, id[0]=0, x[0]=500.0, y[0]=1977.2, toolType[0]=TOOL_TYPE_UNKNOWN, buttonState=0, metaState=0, flags=0x0, edgeFlags=0x0, pointerCount=1, historySize=0, eventTime=833082248, downTime=833082248, deviceId=0, source=0x1002 }
08-05 23:24:25.853 15333 15333 I Input   : injectMotionEvent: MotionEvent { action=ACTION_MOVE, actionButton=0, id[0]=0, x[0]=500.0, y[0]=1943.0, toolType[0]=TOOL_TYPE_UNKNOWN, buttonState=0, metaState=0, flags=0x0, edgeFlags=0x0, pointerCount=1, historySize=0, eventTime=833082266, downTime=833082266, deviceId=0, source=0x1002 }
08-05 23:24:25.868 15333 15333 I Input   : injectMotionEvent: MotionEvent { action=ACTION_MOVE, actionButton=0, id[0]=0, x[0]=500.0, y[0]=1914.5, toolType[0]=TOOL_TYPE_UNKNOWN, buttonState=0, metaState=0, flags=0x0, edgeFlags=0x0, pointerCount=1, historySize=0, eventTime=833082281, downTime=833082281, deviceId=0, source=0x1002 }
08-05 23:24:25.915 15333 15333 I Input   : injectMotionEvent: MotionEvent { action=ACTION_MOVE, actionButton=0, id[0]=0, x[0]=500.0, y[0]=1825.2, toolType[0]=TOOL_TYPE_UNKNOWN, buttonState=0, metaState=0, flags=0x0, edgeFlags=0x0, pointerCount=1, historySize=0, eventTime=833082328, downTime=833082328, deviceId=0, source=0x1002 }
08-05 23:24:25.927 13697 13710 I art     : Starting a blocking GC Explicit
08-05 23:24:25.951 15333 15333 I Input   : injectMotionEvent: MotionEvent { action=ACTION_MOVE, actionButton=0, id[0]=0, x[0]=500.0, y[0]=1754.9, toolType[0]=TOOL_TYPE_UNKNOWN, buttonState=0, metaState=0, flags=0x0, edgeFlags=0x0, pointerCount=1, historySize=0, eventTime=833082365, downTime=833082365, deviceId=0, source=0x1002 }
08-05 23:24:25.978 13697 13710 I art     : Explicit concurrent mark sweep GC freed 1633(94KB) AllocSpace objects, 2(36KB) LOS objects, 10% free, 136MB/152MB, paused 1.505ms total 50.787ms
08-05 23:24:25.991 15333 15333 I Input   : injectMotionEvent: MotionEvent { action=ACTION_MOVE, actionButton=0, id[0]=0, x[0]=500.0, y[0]=1680.8, toolType[0]=TOOL_TYPE_UNKNOWN, buttonState=0, metaState=0, flags=0x0, edgeFlags=0x0, pointerCount=1, historySize=0, eventTime=833082404, downTime=833082404, deviceId=0, source=0x1002 }
08-05 23:24:25.997 13697 13710 I art     : Starting a blocking GC Explicit
08-05 23:24:26.030 15333 15333 I Input   : injectMotionEvent: MotionEvent { action=ACTION_MOVE, actionButton=0, id[0]=0, x[0]=500.0, y[0]=1604.8, toolType[0]=TOOL_TYPE_UNKNOWN, buttonState=0, metaState=0, flags=0x0, edgeFlags=0x0, pointerCount=1, historySize=0, eventTime=833082444, downTime=833082444, deviceId=0, source=0x1002 }
08-05 23:24:26.044 13697 13710 I art     : Explicit concurrent mark sweep GC freed 50(2000B) AllocSpace objects, 0(0B) LOS objects, 10% free, 136MB/152MB, paused 1.243ms total 46.994ms
08-05 23:24:26.063 13697 13710 I art     : Starting a blocking GC Explicit
08-05 23:24:26.070 15333 15333 I Input   : injectMotionEvent: MotionEvent { action=ACTION_MOVE, actionButton=0, id[0]=0, x[0]=500.0, y[0]=1528.8, toolType[0]=TOOL_TYPE_UNKNOWN, buttonState=0, metaState=0, flags=0x0, edgeFlags=0x0, pointerCount=1, historySize=0, eventTime=833082484, downTime=833082484, deviceId=0, source=0x1002 }
08-05 23:24:26.108 15333 15333 I Input   : injectMotionEvent: MotionEvent { action=ACTION_MOVE, actionButton=0, id[0]=0, x[0]=500.0, y[0]=1456.6, toolType[0]=TOOL_TYPE_UNKNOWN, buttonState=0, metaState=0, flags=0x0, edgeFlags=0x0, pointerCount=1, historySize=0, eventTime=833082522, downTime=833082522, deviceId=0, source=0x1002 }
08-05 23:24:26.113 13697 13710 I art     : Explicit concurrent mark sweep GC freed 20(864B) AllocSpace objects, 0(0B) LOS objects, 10% free, 136MB/152MB, paused 1.519ms total 49.180ms
08-05 23:24:26.132 13697 13710 I art     : Starting a blocking GC Explicit
08-05 23:24:26.148 15333 15333 I Input   : injectMotionEvent: MotionEvent { action=ACTION_MOVE, actionButton=0, id[0]=0, x[0]=500.0, y[0]=1382.5, toolType[0]=TOOL_TYPE_UNKNOWN, buttonState=0, metaState=0, flags=0x0, edgeFlags=0x0, pointerCount=1, historySize=0, eventTime=833082561, downTime=833082561, deviceId=0, source=0x1002 }
08-05 23:24:26.184 13697 13710 I art     : Explicit concurrent mark sweep GC freed 5(160B) AllocSpace objects, 0(0B) LOS objects, 10% free, 136MB/152MB, paused 1.420ms total 51.519ms
08-05 23:24:26.186 15333 15333 I Input   : injectMotionEvent: MotionEvent { action=ACTION_MOVE, actionButton=0, id[0]=0, x[0]=500.0, y[0]=1310.3, toolType[0]=TOOL_TYPE_UNKNOWN, buttonState=0, metaState=0, flags=0x0, edgeFlags=0x0, pointerCount=1, historySize=0, eventTime=833082599, downTime=833082599, deviceId=0, source=0x1002 }
08-05 23:24:26.203 13697 13710 I art     : Starting a blocking GC Explicit
08-05 23:24:26.228 15333 15333 I Input   : injectMotionEvent: MotionEvent { action=ACTION_MOVE, actionButton=0, id[0]=0, x[0]=500.0, y[0]=1232.3999, toolType[0]=TOOL_TYPE_UNKNOWN, buttonState=0, metaState=0, flags=0x0, edgeFlags=0x0, pointerCount=1, historySize=0, eventTime=833082640, downTime=833082640, deviceId=0, source=0x1002 }
08-05 23:24:26.249 13697 13710 I art     : Explicit concurrent mark sweep GC freed 43(1184B) AllocSpace objects, 0(0B) LOS objects, 10% free, 136MB/152MB, paused 1.241ms total 46.274ms
08-05 23:24:26.267 15333 15333 I Input   : injectMotionEvent: MotionEvent { action=ACTION_MOVE, actionButton=0, id[0]=0, x[0]=500.0, y[0]=1156.3999, toolType[0]=TOOL_TYPE_UNKNOWN, buttonState=0, metaState=0, flags=0x0, edgeFlags=0x0, pointerCount=1, historySize=0, eventTime=833082680, downTime=833082680, deviceId=0, source=0x1002 }
08-05 23:24:26.304 15333 15333 I Input   : injectMotionEvent: MotionEvent { action=ACTION_MOVE, actionButton=0, id[0]=0, x[0]=500.0, y[0]=1084.2, toolType[0]=TOOL_TYPE_UNKNOWN, buttonState=0, metaState=0, flags=0x0, edgeFlags=0x0, pointerCount=1, historySize=0, eventTime=833082718, downTime=833082718, deviceId=0, source=0x1002 }
08-05 23:24:26.338 15333 15333 I Input   : injectMotionEvent: MotionEvent { action=ACTION_MOVE, actionButton=0, id[0]=0, x[0]=500.0, y[0]=1019.60004, toolType[0]=TOOL_TYPE_UNKNOWN, buttonState=0, metaState=0, flags=0x0, edgeFlags=0x0, pointerCount=1, historySize=0, eventTime=833082752, downTime=833082752, deviceId=0, source=0x1002 }
08-05 23:24:26.372 15333 15333 I Input   : injectMotionEvent: MotionEvent { action=ACTION_MOVE, actionButton=0, id[0]=0, x[0]=500.0, y[0]=956.8999, toolType[0]=TOOL_TYPE_UNKNOWN, buttonState=0, metaState=0, flags=0x0, edgeFlags=0x0, pointerCount=1, historySize=0, eventTime=833082785, downTime=833082785, deviceId=0, source=0x1002 }
08-05 23:24:26.408 15333 15333 I Input   : injectMotionEvent: MotionEvent { action=ACTION_MOVE, actionButton=0, id[0]=0, x[0]=500.0, y[0]=888.5, toolType[0]=TOOL_TYPE_UNKNOWN, buttonState=0, metaState=0, flags=0x0, edgeFlags=0x0, pointerCount=1, historySize=0, eventTime=833082821, downTime=833082821, deviceId=0, source=0x1002 }
08-05 23:24:26.420   518   646 I ThermalEngine: ACTION: GPU - Setting GPU[0] to 390000000
08-05 23:24:26.457 15333 15333 I Input   : injectMotionEvent: MotionEvent { action=ACTION_MOVE, actionButton=0, id[0]=0, x[0]=500.0, y[0]=793.5, toolType[0]=TOOL_TYPE_UNKNOWN, buttonState=0, metaState=0, flags=0x0, edgeFlags=0x0, pointerCount=1, historySize=0, eventTime=833082871, downTime=833082871, deviceId=0, source=0x1002 }
08-05 23:24:26.507 15333 15333 I Input   : injectMotionEvent: MotionEvent { action=ACTION_MOVE, actionButton=0, id[0]=0, x[0]=500.0, y[0]=700.4, toolType[0]=TOOL_TYPE_UNKNOWN, buttonState=0, metaState=0, flags=0x0, edgeFlags=0x0, pointerCount=1, historySize=0, eventTime=833082920, downTime=833082920, deviceId=0, source=0x1002 }
08-05 23:24:26.549 15333 15333 I Input   : injectMotionEvent: MotionEvent { action=ACTION_MOVE, actionButton=0, id[0]=0, x[0]=500.0, y[0]=620.6, toolType[0]=TOOL_TYPE_UNKNOWN, buttonState=0, metaState=0, flags=0x0, edgeFlags=0x0, pointerCount=1, historySize=0, eventTime=833082962, downTime=833082962, deviceId=0, source=0x1002 }
08-05 23:24:26.588 15333 15333 I Input   : injectMotionEvent: MotionEvent { action=ACTION_MOVE, actionButton=0, id[0]=0, x[0]=500.0, y[0]=546.5, toolType[0]=TOOL_TYPE_UNKNOWN, buttonState=0, metaState=0, flags=0x0, edgeFlags=0x0, pointerCount=1, historySize=0, eventTime=833083001, downTime=833083001, deviceId=0, source=0x1002 }
08-05 23:24:26.626 15333 15333 I Input   : injectMotionEvent: MotionEvent { action=ACTION_MOVE, actionButton=0, id[0]=0, x[0]=500.0, y[0]=474.30005, toolType[0]=TOOL_TYPE_UNKNOWN, buttonState=0, metaState=0, flags=0x0, edgeFlags=0x0, pointerCount=1, historySize=0, eventTime=833083039, downTime=833083039, deviceId=0, source=0x1002 }
08-05 23:24:26.664 15333 15333 I Input   : injectMotionEvent: MotionEvent { action=ACTION_MOVE, actionButton=0, id[0]=0, x[0]=500.0, y[0]=402.09998, toolType[0]=TOOL_TYPE_UNKNOWN, buttonState=0, metaState=0, flags=0x0, edgeFlags=0x0, pointerCount=1, historySize=0, eventTime=833083077, downTime=833083077, deviceId=0, source=0x1002 }
08-05 23:24:26.682 13697 13757 I art     : Starting a blocking GC Explicit
08-05 23:24:26.703 15333 15333 I Input   : injectMotionEvent: MotionEvent { action=ACTION_MOVE, actionButton=0, id[0]=0, x[0]=500.0, y[0]=326.09998, toolType[0]=TOOL_TYPE_UNKNOWN, buttonState=0, metaState=0, flags=0x0, edgeFlags=0x0, pointerCount=1, historySize=0, eventTime=833083117, downTime=833083117, deviceId=0, source=0x1002 }
08-05 23:24:26.740 15333 15333 I Input   : injectMotionEvent: MotionEvent { action=ACTION_MOVE, actionButton=0, id[0]=0, x[0]=500.0, y[0]=257.69995, toolType[0]=TOOL_TYPE_UNKNOWN, buttonState=0, metaState=0, flags=0x0, edgeFlags=0x0, pointerCount=1, historySize=0, eventTime=833083153, downTime=833083153, deviceId=0, source=0x1002 }
08-05 23:24:26.741 13697 13757 I art     : Explicit concurrent mark sweep GC freed 1630(93KB) AllocSpace objects, 2(36KB) LOS objects, 10% free, 136MB/152MB, paused 2.091ms total 58.262ms
08-05 23:24:26.763 13697 13757 I art     : Starting a blocking GC Explicit
08-05 23:24:26.779 15333 15333 I Input   : injectMotionEvent: MotionEvent { action=ACTION_MOVE, actionButton=0, id[0]=0, x[0]=500.0, y[0]=183.6001, toolType[0]=TOOL_TYPE_UNKNOWN, buttonState=0, metaState=0, flags=0x0, edgeFlags=0x0, pointerCount=1, historySize=0, eventTime=833083192, downTime=833083192, deviceId=0, source=0x1002 }
08-05 23:24:26.816 15333 15333 I Input   : injectMotionEvent: MotionEvent { action=ACTION_MOVE, actionButton=0, id[0]=0, x[0]=500.0, y[0]=111.400024, toolType[0]=TOOL_TYPE_UNKNOWN, buttonState=0, metaState=0, flags=0x0, edgeFlags=0x0, pointerCount=1, historySize=0, eventTime=833083230, downTime=833083230, deviceId=0, source=0x1002 }
08-05 23:24:26.823 13697 13757 I art     : Explicit concurrent mark sweep GC freed 48(1888B) AllocSpace objects, 0(0B) LOS objects, 10% free, 136MB/152MB, paused 2.089ms total 60.061ms
08-05 23:24:26.845 13697 13757 I art     : Starting a blocking GC Explicit
08-05 23:24:26.853 15333 15333 I Input   : injectMotionEvent: MotionEvent { action=ACTION_UP, actionButton=0, id[0]=0, x[0]=500.0, y[0]=100.0, toolType[0]=TOOL_TYPE_UNKNOWN, buttonState=0, metaState=0, flags=0x0, edgeFlags=0x0, pointerCount=1, historySize=0, eventTime=833083267, downTime=833083267, deviceId=0, source=0x1002 }
08-05 23:24:26.890 15333 15333 D AndroidRuntime: Shutting down VM
08-05 23:24:26.902 13697 13757 I art     : Explicit concurrent mark sweep GC freed 9(288B) AllocSpace objects, 0(0B) LOS objects, 10% free, 136MB/152MB, paused 1.754ms total 55.874ms
08-05 23:24:26.934 13697 13757 I art     : Starting a blocking GC Explicit
08-05 23:24:26.990 13697 13757 I art     : Explicit concurrent mark sweep GC freed 4(128B) AllocSpace objects, 0(0B) LOS objects, 10% free, 136MB/152MB, paused 1.603ms total 55.327ms
08-05 23:24:27.013 13697 13757 I art     : Starting a blocking GC Explicit
08-05 23:24:27.075 13697 13757 I art     : Explicit concurrent mark sweep GC freed 5(176B) AllocSpace objects, 0(0B) LOS objects, 10% free, 136MB/152MB, paused 1.876ms total 61.983ms
08-05 23:24:27.524 13697 13758 I art     : Starting a blocking GC Explicit
08-05 23:24:27.589 13697 13758 I art     : Explicit concurrent mark sweep GC freed 1620(93KB) AllocSpace objects, 2(36KB) LOS objects, 10% free, 136MB/152MB, paused 2.094ms total 64.991ms
08-05 23:24:27.615 13697 13758 I art     : Starting a blocking GC Explicit
08-05 23:24:27.678 13697 13758 I art     : Explicit concurrent mark sweep GC freed 28(1024B) AllocSpace objects, 0(0B) LOS objects, 10% free, 136MB/152MB, paused 2.080ms total 63.150ms
08-05 23:24:27.703 13697 13758 I art     : Starting a blocking GC Explicit
08-05 23:24:27.767 13697 13758 I art     : Explicit concurrent mark sweep GC freed 3(96B) AllocSpace objects, 0(0B) LOS objects, 10% free, 136MB/152MB, paused 1.979ms total 63.285ms
08-05 23:24:27.773 15371 15371 D AndroidRuntime: >>>>>> START com.android.internal.os.RuntimeInit uid 2000 <<<<<<
08-05 23:24:27.780 15371 15371 D AndroidRuntime: CheckJNI is OFF
08-05 23:24:27.793 13697 13758 I art     : Starting a blocking GC Explicit
08-05 23:24:27.832 15371 15371 D ICU     : No timezone override file found: /data/misc/zoneinfo/current/icu/icu_tzdata.dat
08-05 23:24:27.856 13697 13758 I art     : Explicit concurrent mark sweep GC freed 3(96B) AllocSpace objects, 0(0B) LOS objects, 10% free, 136MB/152MB, paused 2.028ms total 62.039ms
08-05 23:24:27.878 15371 15371 I Radio-JNI: register_android_hardware_Radio DONE
08-05 23:24:27.882 13697 13758 I art     : Starting a blocking GC Explicit
08-05 23:24:27.910 15371 15371 D AndroidRuntime: Calling main entry com.android.commands.input.Input
08-05 23:24:27.912 15371 15371 I Input   : injectMotionEvent: MotionEvent { action=ACTION_DOWN, actionButton=0, id[0]=0, x[0]=657.0, y[0]=2080.0, toolType[0]=TOOL_TYPE_UNKNOWN, buttonState=0, metaState=0, flags=0x0, edgeFlags=0x0, pointerCount=1, historySize=0, eventTime=833084325, downTime=833084325, deviceId=0, source=0x1002 }
08-05 23:24:27.918 15371 15371 I Input   : injectMotionEvent: MotionEvent { action=ACTION_UP, actionButton=0, id[0]=0, x[0]=657.0, y[0]=2080.0, toolType[0]=TOOL_TYPE_UNKNOWN, buttonState=0, metaState=0, flags=0x0, edgeFlags=0x0, pointerCount=1, historySize=0, eventTime=833084325, downTime=833084325, deviceId=0, source=0x1002 }
08-05 23:24:27.920 15371 15371 D AndroidRuntime: Shutting down VM
08-05 23:24:27.923   918   929 I ActivityManager: START u0 {cmp=baseline.io.github.project_travel_mate/.utilities.UpcomingWeekendsActivity} from uid 10696 on display 0
08-05 23:24:27.924   512  2967 D audio_hw_primary: out_set_parameters: enter: usecase(1: low-latency-playback) kvpairs: routing=2
08-05 23:24:27.938   512  2967 D audio_hw_primary: select_devices: out_snd_device(2: speaker) in_snd_device(0: none)
08-05 23:24:27.938   512  2967 D msm8974_platform: platform_send_audio_calibration: sending audio calibration for snd_device(2) acdb_id(15)
08-05 23:24:27.938   512  2967 I soundtrigger: audio_extn_sound_trigger_update_device_status: device 0x2 of type 0 for Event 1
08-05 23:24:27.949 13697 13758 I art     : Explicit concurrent mark sweep GC freed 27(4KB) AllocSpace objects, 0(0B) LOS objects, 10% free, 136MB/152MB, paused 2.464ms total 66.642ms
08-05 23:24:27.956   512  2967 D audio_hw_primary: enable_snd_device: snd_device(2: speaker)
08-05 23:24:27.958   512  2967 D audio_hw_primary: enable_audio_route: apply and update mixer path: low-latency-playback speaker
08-05 23:24:27.978 13697 13778 D Gabe    : call	returning from cache
08-05 23:24:27.983 13697 13697 V EXECUTING: https://project-travel-mate.herokuapp.com/api/get-upcoming-holidays/2020
08-05 23:24:27.987 13697 13697 V EXECUTING: https://project-travel-mate.herokuapp.com/api/get-upcoming-holidays/2020
08-05 23:24:28.085 13866 13866 I GoogleInputMethodServic: GoogleInputMethodService.onFinishInput():3138 
08-05 23:24:28.085 13866 13866 I GoogleInputMethodServic: GoogleInputMethodService.onStartInput():1808 
08-05 23:24:28.212   918   936 I ActivityManager: Displayed baseline.io.github.project_travel_mate/.utilities.UpcomingWeekendsActivity: +278ms
08-05 23:24:28.378 13697 13710 I art     : Starting a blocking GC Explicit
08-05 23:24:28.443 13697 13710 I art     : Explicit concurrent mark sweep GC freed 3588(236KB) AllocSpace objects, 2(36KB) LOS objects, 10% free, 140MB/156MB, paused 2.542ms total 64.700ms
08-05 23:24:28.469 13697 13710 I art     : Starting a blocking GC Explicit
08-05 23:24:28.470   380   380 W SurfaceFlinger: couldn't log to binary event log: overflow.
08-05 23:24:28.499   512  2967 D audio_hw_primary: disable_audio_route: reset and update mixer path: low-latency-playback speaker
08-05 23:24:28.502   512  2967 D audio_hw_primary: disable_snd_device: snd_device(2: speaker)
08-05 23:24:28.514   512  2967 I soundtrigger: audio_extn_sound_trigger_update_device_status: device 0x2 of type 0 for Event 0
08-05 23:24:28.542 13697 13710 I art     : Explicit concurrent mark sweep GC freed 5521(277KB) AllocSpace objects, 6(400KB) LOS objects, 10% free, 141MB/157MB, paused 3.231ms total 72.644ms
08-05 23:24:28.565 13697 13710 I art     : Starting a blocking GC Explicit
08-05 23:24:28.565 13697 15395 I NAPPA_EXPERIMENTATION: MetricNetworkRequestExecutionTime: REQUEST_DURATION_SYSTEM='576',REQUEST_DURATION_OKHTTP='37',REQUEST_SYNCHRONOUS='FALSE',RESPONSE_CODE='200',RESPONSE_METHOD='GET',RESPONSE_LENGTH_OKHTTP='6426',RESPONSE_LENGTH_HEADER='6426',REQUEST_PROTOCOL='http/1.1',REQUEST_URL='https://project-travel-mate.herokuapp.com/api/get-upcoming-holidays/2020',
08-05 23:24:28.571 13697 13697 V Response: [{"month":"January","date":1,"day":"Wednesday","name":"New Year's Day","type":"Restricted"},{"month":"January","date":2,"day":"Thursday","name":"Guru Govind Singh Jayanti","type":"Restricted"},{"month":"January","date":14,"day":"Tuesday","name":"Lohri","type":"Restricted"},{"month":"January","date":15,"day":"Wednesday","name":"Pongal","type":"Restricted"},{"month":"January","date":15,"day":"Wednesday","name":"Makar Sankranti","type":"Restricted"},{"month":"January","date":25,"day":"Saturday","name":"Chinese New Year","type":"Observance"},{"month":"January","date":26,"day":"Sunday","name":"Republic Day","type":"Gazetted"},{"month":"January","date":30,"day":"Thursday","name":"Vasant Panchami","type":"Restricted"},{"month":"February","date":9,"day":"Sunday","name":"Guru Ravidas Jayanti","type":"Restricted"},{"month":"February","date":14,"day":"Friday","name":"Valentine's Day","type":"Observance"},{"month":"February","date":18,"day":"Tuesday","name":"Maharishi Dayanand Saraswati Jayanti","type":"Restricted"},{"month":"February","date":19,"day":"Wednesday","name":"Shivaji Jayanti","type":"Restricted"},{"month":"February","date":21,"day":"Friday","name":"Maha Shivaratri/Shivaratri","type":"Gazetted"},{"month":"March","date":9,"day":"Monday","name":"Holika Dahana","type":"Restricted"},{"month":"March","date":9,"day":"Monday","name":"Hazarat Ali's Birthday","type":"Restricted"},{"month":"March","date":10,"day":"Tuesday","name":"Holi","type":"Gazetted"},{"month":"March","date":20,"day":"Friday","name":"March Equinox","type":"Season"},{"month":"March","date":25,"day":"Wednesday","name":"Chaitra Sukhladi","type":"Restricted"},{"month":"April","date":2,"day":"Thursday","name":"Rama Navami","type":"Gazetted"},{"month":"April","date":6,"day":"Monday","name":"Mahavir Jayanti","type":"Gazetted"},{"month":"April","date":9,"day":"Thursday","name":"First day of Passover","type":"Observance"},{"month":"April","date":9,"day":"Thursday","name":"Maundy Thursday","type":"Observance,"},{"month":"April","date":10,"day":"Friday","name":"Good Friday","type":"Gazetted"},{"month":"April","date":12,"day":"Sunday","name":"Easter Day","type":"Restricted"},{"month":"April","date":13,"day":"Monday","name":"Vaisakhi","type":"Restricted"},{"month":"April","date":14,"day":"Tuesday","name":"Mesadi/Vaisakhadi","type":"Restricted"},{"month":"April","date":14,"day":"Tuesday","name":"Ambedkar Jayanti","type":"Central"},{"month":"May","date":1,"day":"Friday","name":"May Day","type":"Observance"},{"month":"May","date":7,"day":"Thursday","name":"Buddha Purnima/Vesak","type":"Gazetted"},{"month":"May","date":7,"day":"Thursday","name":"Birthday of Ravindranath","type":"Restricted"},{"month":"May","date":10,"day":"Sunday","name":"Mother's Day","type":"Observance"},{"month":"May","date":22,"day":"Friday","name":"Jamat Ul-Vida","type":"Restricted"},{"month":"May","date":25,"day":"Monday","name":"Ramzan Id/Eid-ul-Fitar","type":"Gazetted"},{"month":"May","date":25,"day":"Monday","name":"Ramzan Id/Eid-ul-Fitar","type":"Muslim,"},{"month":"June","date":21,"day":"Sunday","name":"June Solstice","type":"Season"},{"month":"June","date":21,"day":"Sunday","name":"Father's Day","type":"Observance"},{"month":"June","date":23,"day":"Tuesday","name":"Rath Yatra","type":"Restricted"},{"month":"July","date":5,"day":"Sunday","name":"Guru Purnima","type":"Observance"},{"month":"July","date":31,"day":"Friday","name":"Bakr Id/Eid ul-Adha","type":"Gazetted"},{"month":"August","date":2,"day":"Sunday","name":"Friendship Day","type":"Observance"},{"month":"August","date":3,"day":"Monday","name":"Raksha Bandhan (Rakhi)","type":"Restricted"},{"month":"August","date":11,"day":"Tuesday","name":"Janmashtami (Smarta)","type":"Restricted"},{"month":"August","date":12,"day":"Wednesday","name":"Janmashtami","type":"Gazetted"},{"month":"August","date":15,"day":"Saturday","name":"Independence Day","type":"Gazetted"},{"month":"August","date":16,"day":"Sunday","name":"Parsi New Year","type":"Restricted"},{"month":"August","date":22,"day":"Saturday","name":"Ganesh Chaturthi/Vin
08-05 23:24:28.599 13697 15394 I NAPPA_EXPERIMENTATION: MetricNetworkRequestExecutionTime: REQUEST_DURATION_SYSTEM='615',REQUEST_DURATION_OKHTTP='66',REQUEST_SYNCHRONOUS='FALSE',RESPONSE_CODE='200',RESPONSE_METHOD='GET',RESPONSE_LENGTH_OKHTTP='6426',RESPONSE_LENGTH_HEADER='6426',REQUEST_PROTOCOL='http/1.1',REQUEST_URL='https://project-travel-mate.herokuapp.com/api/get-upcoming-holidays/2020',
08-05 23:24:28.628 13697 13710 I art     : Explicit concurrent mark sweep GC freed 6086(413KB) AllocSpace objects, 3(48KB) LOS objects, 10% free, 141MB/157MB, paused 2.363ms total 62.850ms
08-05 23:24:28.653 13697 13710 I art     : Starting a blocking GC Explicit
08-05 23:24:28.697 13697 13697 V Response: [{"month":"January","date":1,"day":"Wednesday","name":"New Year's Day","type":"Restricted"},{"month":"January","date":2,"day":"Thursday","name":"Guru Govind Singh Jayanti","type":"Restricted"},{"month":"January","date":14,"day":"Tuesday","name":"Lohri","type":"Restricted"},{"month":"January","date":15,"day":"Wednesday","name":"Pongal","type":"Restricted"},{"month":"January","date":15,"day":"Wednesday","name":"Makar Sankranti","type":"Restricted"},{"month":"January","date":25,"day":"Saturday","name":"Chinese New Year","type":"Observance"},{"month":"January","date":26,"day":"Sunday","name":"Republic Day","type":"Gazetted"},{"month":"January","date":30,"day":"Thursday","name":"Vasant Panchami","type":"Restricted"},{"month":"February","date":9,"day":"Sunday","name":"Guru Ravidas Jayanti","type":"Restricted"},{"month":"February","date":14,"day":"Friday","name":"Valentine's Day","type":"Observance"},{"month":"February","date":18,"day":"Tuesday","name":"Maharishi Dayanand Saraswati Jayanti","type":"Restricted"},{"month":"February","date":19,"day":"Wednesday","name":"Shivaji Jayanti","type":"Restricted"},{"month":"February","date":21,"day":"Friday","name":"Maha Shivaratri/Shivaratri","type":"Gazetted"},{"month":"March","date":9,"day":"Monday","name":"Holika Dahana","type":"Restricted"},{"month":"March","date":9,"day":"Monday","name":"Hazarat Ali's Birthday","type":"Restricted"},{"month":"March","date":10,"day":"Tuesday","name":"Holi","type":"Gazetted"},{"month":"March","date":20,"day":"Friday","name":"March Equinox","type":"Season"},{"month":"March","date":25,"day":"Wednesday","name":"Chaitra Sukhladi","type":"Restricted"},{"month":"April","date":2,"day":"Thursday","name":"Rama Navami","type":"Gazetted"},{"month":"April","date":6,"day":"Monday","name":"Mahavir Jayanti","type":"Gazetted"},{"month":"April","date":9,"day":"Thursday","name":"First day of Passover","type":"Observance"},{"month":"April","date":9,"day":"Thursday","name":"Maundy Thursday","type":"Observance,"},{"month":"April","date":10,"day":"Friday","name":"Good Friday","type":"Gazetted"},{"month":"April","date":12,"day":"Sunday","name":"Easter Day","type":"Restricted"},{"month":"April","date":13,"day":"Monday","name":"Vaisakhi","type":"Restricted"},{"month":"April","date":14,"day":"Tuesday","name":"Mesadi/Vaisakhadi","type":"Restricted"},{"month":"April","date":14,"day":"Tuesday","name":"Ambedkar Jayanti","type":"Central"},{"month":"May","date":1,"day":"Friday","name":"May Day","type":"Observance"},{"month":"May","date":7,"day":"Thursday","name":"Buddha Purnima/Vesak","type":"Gazetted"},{"month":"May","date":7,"day":"Thursday","name":"Birthday of Ravindranath","type":"Restricted"},{"month":"May","date":10,"day":"Sunday","name":"Mother's Day","type":"Observance"},{"month":"May","date":22,"day":"Friday","name":"Jamat Ul-Vida","type":"Restricted"},{"month":"May","date":25,"day":"Monday","name":"Ramzan Id/Eid-ul-Fitar","type":"Gazetted"},{"month":"May","date":25,"day":"Monday","name":"Ramzan Id/Eid-ul-Fitar","type":"Muslim,"},{"month":"June","date":21,"day":"Sunday","name":"June Solstice","type":"Season"},{"month":"June","date":21,"day":"Sunday","name":"Father's Day","type":"Observance"},{"month":"June","date":23,"day":"Tuesday","name":"Rath Yatra","type":"Restricted"},{"month":"July","date":5,"day":"Sunday","name":"Guru Purnima","type":"Observance"},{"month":"July","date":31,"day":"Friday","name":"Bakr Id/Eid ul-Adha","type":"Gazetted"},{"month":"August","date":2,"day":"Sunday","name":"Friendship Day","type":"Observance"},{"month":"August","date":3,"day":"Monday","name":"Raksha Bandhan (Rakhi)","type":"Restricted"},{"month":"August","date":11,"day":"Tuesday","name":"Janmashtami (Smarta)","type":"Restricted"},{"month":"August","date":12,"day":"Wednesday","name":"Janmashtami","type":"Gazetted"},{"month":"August","date":15,"day":"Saturday","name":"Independence Day","type":"Gazetted"},{"month":"August","date":16,"day":"Sunday","name":"Parsi New Year","type":"Restricted"},{"month":"August","date":22,"day":"Saturday","name":"Ganesh Chaturthi/Vin
08-05 23:24:28.723 13697 13710 I art     : Explicit concurrent mark sweep GC freed 7097(280KB) AllocSpace objects, 0(0B) LOS objects, 10% free, 141MB/157MB, paused 3.141ms total 69.502ms
08-05 23:24:28.747 13697 13710 I art     : Starting a blocking GC Explicit
08-05 23:24:28.812 13697 13710 I art     : Explicit concurrent mark sweep GC freed 2587(96KB) AllocSpace objects, 1(4MB) LOS objects, 10% free, 137MB/153MB, paused 2.101ms total 64.370ms
08-05 23:24:29.253 13697 13757 I art     : Starting a blocking GC Explicit
08-05 23:24:29.329 13697 13757 I art     : Explicit concurrent mark sweep GC freed 2681(116KB) AllocSpace objects, 8(156KB) LOS objects, 10% free, 137MB/153MB, paused 2.418ms total 74.469ms
08-05 23:24:29.356 13697 13757 I art     : Starting a blocking GC Explicit
08-05 23:24:29.425 13697 13757 I art     : Explicit concurrent mark sweep GC freed 1180(72KB) AllocSpace objects, 5(100KB) LOS objects, 10% free, 137MB/153MB, paused 2.265ms total 69.348ms
08-05 23:24:29.451 13697 13757 I art     : Starting a blocking GC Explicit
08-05 23:24:29.520 13697 13757 I art     : Explicit concurrent mark sweep GC freed 155(3024B) AllocSpace objects, 0(0B) LOS objects, 10% free, 137MB/153MB, paused 2.063ms total 68.514ms
08-05 23:24:29.546 13697 13757 I art     : Starting a blocking GC Explicit
08-05 23:24:29.591 15866 15983 I PlayCommon: [6109] aqxs.c(23): Preparing logs for uploading
08-05 23:24:29.592 15866 15983 W PlayCommon: [6109] aqxs.a(1): No account for auth token provided
08-05 23:24:29.593 15866 15983 I PlayCommon: [6109] aqxs.c(176): Connecting to server: https://play.googleapis.com/play/log?format=raw&proto_v2=true
08-05 23:24:29.617 13697 13757 I art     : Explicit concurrent mark sweep GC freed 147(2496B) AllocSpace objects, 0(0B) LOS objects, 10% free, 137MB/153MB, paused 2.040ms total 70.026ms
08-05 23:24:29.617 13697 13708 I art     : WaitForGcToComplete blocked for 25.219ms for cause HeapTrim
08-05 23:24:29.643 13697 13757 I art     : Starting a blocking GC Explicit
08-05 23:24:29.714 13697 13757 I art     : Explicit concurrent mark sweep GC freed 124(2112B) AllocSpace objects, 0(0B) LOS objects, 10% free, 137MB/153MB, paused 2.766ms total 70.088ms
08-05 23:24:29.743   918  5132 I AccountManagerService: getTypesVisibleToCaller: isPermitted? true
08-05 23:24:29.877 15866 15983 I PlayCommon: [6109] aqxs.c(208): Successfully uploaded logs.
08-05 23:24:30.140 13697 13710 I art     : Starting a blocking GC Explicit
08-05 23:24:30.212 13697 13710 I art     : Explicit concurrent mark sweep GC freed 2326(104KB) AllocSpace objects, 2(36KB) LOS objects, 10% free, 137MB/153MB, paused 2.221ms total 71.870ms
08-05 23:24:30.239 13697 13710 I art     : Starting a blocking GC Explicit
08-05 23:24:30.310 13697 13710 I art     : Explicit concurrent mark sweep GC freed 207(4KB) AllocSpace objects, 0(0B) LOS objects, 10% free, 137MB/153MB, paused 2.413ms total 70.714ms
08-05 23:24:30.337 13697 13710 I art     : Starting a blocking GC Explicit
08-05 23:24:30.407 13697 13710 I art     : Explicit concurrent mark sweep GC freed 125(2144B) AllocSpace objects, 0(0B) LOS objects, 10% free, 137MB/153MB, paused 2.077ms total 69.562ms
08-05 23:24:30.425   518   646 I ThermalEngine: ACTION: GPU - Setting GPU[0] to 450000000
08-05 23:24:30.434 13697 13710 I art     : Starting a blocking GC Explicit
08-05 23:24:30.490 13697 13710 I art     : Explicit concurrent mark sweep GC freed 123(2096B) AllocSpace objects, 0(0B) LOS objects, 10% free, 137MB/153MB, paused 1.393ms total 56.231ms
08-05 23:24:30.510 13697 13710 I art     : Starting a blocking GC Explicit
08-05 23:24:30.567 13697 13710 I art     : Explicit concurrent mark sweep GC freed 123(2096B) AllocSpace objects, 0(0B) LOS objects, 10% free, 137MB/153MB, paused 1.393ms total 57.103ms
08-05 23:24:30.825 10068 10068 I ServiceManager: Waiting for service AtCmdFwd...
08-05 23:24:31.000 13697 13758 I art     : Starting a blocking GC Explicit
08-05 23:24:31.062 13697 13758 I art     : Explicit concurrent mark sweep GC freed 2303(104KB) AllocSpace objects, 2(36KB) LOS objects, 10% free, 137MB/153MB, paused 1.694ms total 62.272ms
08-05 23:24:31.084 13697 13758 I art     : Starting a blocking GC Explicit
08-05 23:24:31.147 13697 13758 I art     : Explicit concurrent mark sweep GC freed 173(3KB) AllocSpace objects, 0(0B) LOS objects, 10% free, 137MB/153MB, paused 1.476ms total 61.960ms
08-05 23:24:31.166 13697 13758 I art     : Starting a blocking GC Explicit
08-05 23:24:31.227 13697 13758 I art     : Explicit concurrent mark sweep GC freed 108(1872B) AllocSpace objects, 0(0B) LOS objects, 10% free, 137MB/153MB, paused 1.669ms total 60.916ms
08-05 23:24:31.247 13697 13758 I art     : Starting a blocking GC Explicit
08-05 23:24:31.310 13697 13758 I art     : Explicit concurrent mark sweep GC freed 153(2976B) AllocSpace objects, 0(0B) LOS objects, 10% free, 137MB/153MB, paused 1.509ms total 62.439ms
08-05 23:24:31.333 13697 13758 I art     : Starting a blocking GC Explicit
08-05 23:24:31.392 13697 13758 I art     : Explicit concurrent mark sweep GC freed 123(2096B) AllocSpace objects, 0(0B) LOS objects, 10% free, 137MB/153MB, paused 1.547ms total 58.879ms
08-05 23:24:31.821 13697 13709 I art     : Starting a blocking GC Explicit
08-05 23:24:31.826 10068 10068 I ServiceManager: Waiting for service AtCmdFwd...
08-05 23:24:31.886 13697 13709 I art     : Explicit concurrent mark sweep GC freed 2302(103KB) AllocSpace objects, 2(36KB) LOS objects, 10% free, 137MB/153MB, paused 1.471ms total 63.974ms
08-05 23:24:31.909 13697 13709 I art     : Starting a blocking GC Explicit
08-05 23:24:31.966 13697 13709 I art     : Explicit concurrent mark sweep GC freed 157(3KB) AllocSpace objects, 0(0B) LOS objects, 10% free, 137MB/153MB, paused 1.493ms total 56.736ms
08-05 23:24:31.985 13697 13709 I art     : Starting a blocking GC Explicit
08-05 23:24:32.046 13697 13709 I art     : Explicit concurrent mark sweep GC freed 132(2656B) AllocSpace objects, 0(0B) LOS objects, 10% free, 137MB/153MB, paused 1.601ms total 60.907ms
08-05 23:24:32.066 13697 13709 I art     : Starting a blocking GC Explicit
08-05 23:24:32.125 13697 13709 I art     : Explicit concurrent mark sweep GC freed 103(1776B) AllocSpace objects, 0(0B) LOS objects, 10% free, 137MB/153MB, paused 1.385ms total 59.046ms
08-05 23:24:32.145 13697 13709 I art     : Starting a blocking GC Explicit
08-05 23:24:32.202 13697 13709 I art     : Explicit concurrent mark sweep GC freed 123(2096B) AllocSpace objects, 0(0B) LOS objects, 10% free, 137MB/153MB, paused 1.322ms total 56.802ms
08-05 23:24:32.615 13697 13757 I art     : Starting a blocking GC Explicit
08-05 23:24:32.673 13697 13757 I art     : Explicit concurrent mark sweep GC freed 2304(104KB) AllocSpace objects, 2(36KB) LOS objects, 10% free, 137MB/153MB, paused 1.411ms total 58.189ms
08-05 23:24:32.678   918  3261 D WifiStateMachine: starting scan for "H369AA63323"WPA_PSK with 2412,5180
08-05 23:24:32.693 13697 13757 I art     : Starting a blocking GC Explicit
08-05 23:24:32.721 15453 15453 D AndroidRuntime: >>>>>> START com.android.internal.os.RuntimeInit uid 2000 <<<<<<
08-05 23:24:32.727 15453 15453 D AndroidRuntime: CheckJNI is OFF
08-05 23:24:32.751 13697 13757 I art     : Explicit concurrent mark sweep GC freed 157(3KB) AllocSpace objects, 0(0B) LOS objects, 10% free, 137MB/153MB, paused 1.484ms total 58.116ms
08-05 23:24:32.770 13697 13757 I art     : Starting a blocking GC Explicit
08-05 23:24:32.773 15453 15453 D ICU     : No timezone override file found: /data/misc/zoneinfo/current/icu/icu_tzdata.dat
08-05 23:24:32.815 15453 15453 I Radio-JNI: register_android_hardware_Radio DONE
08-05 23:24:32.826 10068 10068 I ServiceManager: Waiting for service AtCmdFwd...
08-05 23:24:32.827 13697 13757 I art     : Explicit concurrent mark sweep GC freed 100(1728B) AllocSpace objects, 0(0B) LOS objects, 10% free, 137MB/153MB, paused 1.557ms total 56.745ms
08-05 23:24:32.845 15453 15453 D AndroidRuntime: Calling main entry com.android.commands.input.Input
08-05 23:24:32.846 13697 13757 I art     : Starting a blocking GC Explicit
08-05 23:24:32.847 15453 15453 I Input   : injectKeyEvent: KeyEvent { action=ACTION_DOWN, keyCode=KEYCODE_BACK, scanCode=0, metaState=0, flags=0x0, repeatCount=0, eventTime=833089260, downTime=833089260, deviceId=-1, source=0x101 }
08-05 23:24:32.854 15453 15453 I Input   : injectKeyEvent: KeyEvent { action=ACTION_UP, keyCode=KEYCODE_BACK, scanCode=0, metaState=0, flags=0x0, repeatCount=0, eventTime=833089260, downTime=833089260, deviceId=-1, source=0x101 }
08-05 23:24:32.859 15453 15453 D AndroidRuntime: Shutting down VM
08-05 23:24:32.876 13697 13697 V MainActivity: url = https://project-travel-mate.herokuapp.com/api/number-of-unread-notifications
08-05 23:24:32.900 13697 13757 I art     : Explicit concurrent mark sweep GC freed 407(15KB) AllocSpace objects, 0(0B) LOS objects, 10% free, 137MB/153MB, paused 1.461ms total 53.351ms
08-05 23:24:32.911 13866 13866 I GoogleInputMethodServic: GoogleInputMethodService.onFinishInput():3138 
08-05 23:24:32.911 13866 13866 I GoogleInputMethodServic: GoogleInputMethodService.onStartInput():1808 
08-05 23:24:32.921 13697 13757 I art     : Starting a blocking GC Explicit
08-05 23:24:32.971 13697 13757 I art     : Explicit concurrent mark sweep GC freed 207(8KB) AllocSpace objects, 0(0B) LOS objects, 10% free, 137MB/153MB, paused 1.491ms total 49.767ms
08-05 23:24:33.242   380   380 W SurfaceFlinger: couldn't log to binary event log: overflow.
08-05 23:24:33.343 13697 13709 I art     : Starting a blocking GC Explicit
08-05 23:24:33.402 13697 13709 I art     : Explicit concurrent mark sweep GC freed 2059(102KB) AllocSpace objects, 2(36KB) LOS objects, 10% free, 137MB/153MB, paused 1.625ms total 59.210ms
08-05 23:24:33.421 13697 13709 I art     : Starting a blocking GC Explicit
08-05 23:24:33.471 13697 13709 I art     : Explicit concurrent mark sweep GC freed 1040(49KB) AllocSpace objects, 0(0B) LOS objects, 10% free, 137MB/153MB, paused 1.416ms total 49.174ms
08-05 23:24:33.489 13697 13709 I art     : Starting a blocking GC Explicit
08-05 23:24:33.544 13697 13709 I art     : Explicit concurrent mark sweep GC freed 5595(311KB) AllocSpace objects, 13(264KB) LOS objects, 10% free, 136MB/152MB, paused 1.446ms total 54.920ms
08-05 23:24:33.563 13697 13709 I art     : Starting a blocking GC Explicit
08-05 23:24:33.619 13697 13709 I art     : Explicit concurrent mark sweep GC freed 572(51KB) AllocSpace objects, 1(80KB) LOS objects, 10% free, 136MB/152MB, paused 1.600ms total 55.509ms
08-05 23:24:33.638 13697 13709 I art     : Starting a blocking GC Explicit
08-05 23:24:33.680 13697 15476 I NAPPA_EXPERIMENTATION: MetricNetworkRequestExecutionTime: REQUEST_DURATION_SYSTEM='803',REQUEST_DURATION_OKHTTP='33',REQUEST_SYNCHRONOUS='FALSE',RESPONSE_CODE='200',RESPONSE_METHOD='GET',RESPONSE_LENGTH_OKHTTP='36',RESPONSE_LENGTH_HEADER='36',REQUEST_PROTOCOL='http/1.1',REQUEST_URL='https://project-travel-mate.herokuapp.com/api/number-of-unread-notifications',
08-05 23:24:33.693 13697 13709 I art     : Explicit concurrent mark sweep GC freed 2037(90KB) AllocSpace objects, 2(120KB) LOS objects, 10% free, 136MB/152MB, paused 1.489ms total 54.828ms
08-05 23:24:33.827 10068 10068 I ServiceManager: Waiting for service AtCmdFwd...
08-05 23:24:34.110 13697 13710 I art     : Starting a blocking GC Explicit
08-05 23:24:34.167 13697 13710 I art     : Explicit concurrent mark sweep GC freed 2708(213KB) AllocSpace objects, 2(36KB) LOS objects, 10% free, 136MB/152MB, paused 1.383ms total 56.544ms
08-05 23:24:34.186 13697 13710 I art     : Starting a blocking GC Explicit
08-05 23:24:34.240 13697 13710 I art     : Explicit concurrent mark sweep GC freed 34(1248B) AllocSpace objects, 0(0B) LOS objects, 10% free, 136MB/152MB, paused 1.494ms total 53.848ms
08-05 23:24:34.259 13697 13710 I art     : Starting a blocking GC Explicit
08-05 23:24:34.312 13697 13710 I art     : Explicit concurrent mark sweep GC freed 40(1088B) AllocSpace objects, 0(0B) LOS objects, 10% free, 136MB/152MB, paused 1.456ms total 52.941ms
08-05 23:24:34.332 13697 13710 I art     : Starting a blocking GC Explicit
08-05 23:24:34.385 13697 13710 I art     : Explicit concurrent mark sweep GC freed 3(96B) AllocSpace objects, 0(0B) LOS objects, 10% free, 136MB/152MB, paused 1.407ms total 53.451ms
08-05 23:24:34.404 13697 13710 I art     : Starting a blocking GC Explicit
08-05 23:24:34.458 13697 13710 I art     : Explicit concurrent mark sweep GC freed 3(96B) AllocSpace objects, 0(0B) LOS objects, 10% free, 136MB/152MB, paused 1.551ms total 53.634ms
08-05 23:24:34.657 15499 15499 D AndroidRuntime: >>>>>> START com.android.internal.os.RuntimeInit uid 2000 <<<<<<
08-05 23:24:34.662 15499 15499 D AndroidRuntime: CheckJNI is OFF
08-05 23:24:34.701 15499 15499 D ICU     : No timezone override file found: /data/misc/zoneinfo/current/icu/icu_tzdata.dat
08-05 23:24:34.744 15499 15499 I Radio-JNI: register_android_hardware_Radio DONE
08-05 23:24:34.771 15499 15499 D AndroidRuntime: Calling main entry com.android.commands.input.Input
08-05 23:24:34.773 15499 15499 I Input   : injectMotionEvent: MotionEvent { action=ACTION_DOWN, actionButton=0, id[0]=0, x[0]=657.0, y[0]=2080.0, toolType[0]=TOOL_TYPE_UNKNOWN, buttonState=0, metaState=0, flags=0x0, edgeFlags=0x0, pointerCount=1, historySize=0, eventTime=833091186, downTime=833091186, deviceId=0, source=0x1002 }
08-05 23:24:34.776   918  1210 D NetlinkSocketObserver: NeighborEvent{elapsedMs=1816478651, 192.168.2.254, [7C3953A63323], RTM_NEWNEIGH, NUD_REACHABLE}
08-05 23:24:34.792 15499 15499 I Input   : injectMotionEvent: MotionEvent { action=ACTION_UP, actionButton=0, id[0]=0, x[0]=657.0, y[0]=2080.0, toolType[0]=TOOL_TYPE_UNKNOWN, buttonState=0, metaState=0, flags=0x0, edgeFlags=0x0, pointerCount=1, historySize=0, eventTime=833091186, downTime=833091186, deviceId=0, source=0x1002 }
08-05 23:24:34.828 10068 10068 I ServiceManager: Waiting for service AtCmdFwd...
08-05 23:24:34.832 15499 15499 D AndroidRuntime: Shutting down VM
08-05 23:24:34.832   918  6029 I ActivityManager: START u0 {cmp=baseline.io.github.project_travel_mate/.utilities.UpcomingWeekendsActivity} from uid 10696 on display 0
08-05 23:24:34.834   512  2967 D audio_hw_primary: out_set_parameters: enter: usecase(1: low-latency-playback) kvpairs: routing=2
08-05 23:24:34.847   512  2967 D audio_hw_primary: select_devices: out_snd_device(2: speaker) in_snd_device(0: none)
08-05 23:24:34.847   512  2967 D msm8974_platform: platform_send_audio_calibration: sending audio calibration for snd_device(2) acdb_id(15)
08-05 23:24:34.847   512  2967 I soundtrigger: audio_extn_sound_trigger_update_device_status: device 0x2 of type 0 for Event 1
08-05 23:24:34.853 13697 13758 I art     : Starting a blocking GC Explicit
08-05 23:24:34.856   512  2967 D audio_hw_primary: enable_snd_device: snd_device(2: speaker)
08-05 23:24:34.858   512  2967 D audio_hw_primary: enable_audio_route: apply and update mixer path: low-latency-playback speaker
08-05 23:24:34.860 13697 13778 D Gabe    : call	returning from cache
08-05 23:24:34.863 13697 13697 V EXECUTING: https://project-travel-mate.herokuapp.com/api/get-upcoming-holidays/2020
08-05 23:24:34.865 13697 13697 V EXECUTING: https://project-travel-mate.herokuapp.com/api/get-upcoming-holidays/2020
08-05 23:24:34.902 13697 13758 I art     : Explicit concurrent mark sweep GC freed 2316(148KB) AllocSpace objects, 2(36KB) LOS objects, 10% free, 136MB/152MB, paused 1.684ms total 49.092ms
08-05 23:24:34.921 13697 13758 I art     : Starting a blocking GC Explicit
08-05 23:24:34.957 13866 13866 I GoogleInputMethodServic: GoogleInputMethodService.onFinishInput():3138 
08-05 23:24:34.958 13866 13866 I GoogleInputMethodServic: GoogleInputMethodService.onStartInput():1808 
08-05 23:24:34.970 13697 13758 I art     : Explicit concurrent mark sweep GC freed 1059(44KB) AllocSpace objects, 0(0B) LOS objects, 10% free, 141MB/157MB, paused 2.177ms total 49.583ms
08-05 23:24:34.989 13697 13758 I art     : Starting a blocking GC Explicit
08-05 23:24:35.039 13697 13758 I art     : Explicit concurrent mark sweep GC freed 138(7KB) AllocSpace objects, 0(0B) LOS objects, 10% free, 141MB/157MB, paused 1.768ms total 49.452ms
08-05 23:24:35.057 13697 13758 I art     : Starting a blocking GC Explicit
08-05 23:24:35.059   918   936 I ActivityManager: Displayed baseline.io.github.project_travel_mate/.utilities.UpcomingWeekendsActivity: +220ms
08-05 23:24:35.109 13697 13758 I art     : Explicit concurrent mark sweep GC freed 111(3KB) AllocSpace objects, 0(0B) LOS objects, 10% free, 141MB/157MB, paused 1.780ms total 51.953ms
08-05 23:24:35.130 13697 13758 I art     : Starting a blocking GC Explicit
08-05 23:24:35.181 13697 13758 I art     : Explicit concurrent mark sweep GC freed 81(1360B) AllocSpace objects, 0(0B) LOS objects, 10% free, 141MB/157MB, paused 1.633ms total 51.199ms
08-05 23:24:35.312   380   380 W SurfaceFlinger: couldn't log to binary event log: overflow.
08-05 23:24:35.399   512  2967 D audio_hw_primary: disable_audio_route: reset and update mixer path: low-latency-playback speaker
08-05 23:24:35.400   512  2967 D audio_hw_primary: disable_snd_device: snd_device(2: speaker)
08-05 23:24:35.409   512  2967 I soundtrigger: audio_extn_sound_trigger_update_device_status: device 0x2 of type 0 for Event 0
08-05 23:24:35.435 13697 15525 I NAPPA_EXPERIMENTATION: MetricNetworkRequestExecutionTime: REQUEST_DURATION_SYSTEM='569',REQUEST_DURATION_OKHTTP='48',REQUEST_SYNCHRONOUS='FALSE',RESPONSE_CODE='200',RESPONSE_METHOD='GET',RESPONSE_LENGTH_OKHTTP='6426',RESPONSE_LENGTH_HEADER='6426',REQUEST_PROTOCOL='http/1.1',REQUEST_URL='https://project-travel-mate.herokuapp.com/api/get-upcoming-holidays/2020',
08-05 23:24:35.442 13697 15524 I NAPPA_EXPERIMENTATION: MetricNetworkRequestExecutionTime: REQUEST_DURATION_SYSTEM='578',REQUEST_DURATION_OKHTTP='56',REQUEST_SYNCHRONOUS='FALSE',RESPONSE_CODE='200',RESPONSE_METHOD='GET',RESPONSE_LENGTH_OKHTTP='6426',RESPONSE_LENGTH_HEADER='6426',REQUEST_PROTOCOL='http/1.1',REQUEST_URL='https://project-travel-mate.herokuapp.com/api/get-upcoming-holidays/2020',
08-05 23:24:35.525 13697 13697 V Response: [{"month":"January","date":1,"day":"Wednesday","name":"New Year's Day","type":"Restricted"},{"month":"January","date":2,"day":"Thursday","name":"Guru Govind Singh Jayanti","type":"Restricted"},{"month":"January","date":14,"day":"Tuesday","name":"Lohri","type":"Restricted"},{"month":"January","date":15,"day":"Wednesday","name":"Pongal","type":"Restricted"},{"month":"January","date":15,"day":"Wednesday","name":"Makar Sankranti","type":"Restricted"},{"month":"January","date":25,"day":"Saturday","name":"Chinese New Year","type":"Observance"},{"month":"January","date":26,"day":"Sunday","name":"Republic Day","type":"Gazetted"},{"month":"January","date":30,"day":"Thursday","name":"Vasant Panchami","type":"Restricted"},{"month":"February","date":9,"day":"Sunday","name":"Guru Ravidas Jayanti","type":"Restricted"},{"month":"February","date":14,"day":"Friday","name":"Valentine's Day","type":"Observance"},{"month":"February","date":18,"day":"Tuesday","name":"Maharishi Dayanand Saraswati Jayanti","type":"Restricted"},{"month":"February","date":19,"day":"Wednesday","name":"Shivaji Jayanti","type":"Restricted"},{"month":"February","date":21,"day":"Friday","name":"Maha Shivaratri/Shivaratri","type":"Gazetted"},{"month":"March","date":9,"day":"Monday","name":"Holika Dahana","type":"Restricted"},{"month":"March","date":9,"day":"Monday","name":"Hazarat Ali's Birthday","type":"Restricted"},{"month":"March","date":10,"day":"Tuesday","name":"Holi","type":"Gazetted"},{"month":"March","date":20,"day":"Friday","name":"March Equinox","type":"Season"},{"month":"March","date":25,"day":"Wednesday","name":"Chaitra Sukhladi","type":"Restricted"},{"month":"April","date":2,"day":"Thursday","name":"Rama Navami","type":"Gazetted"},{"month":"April","date":6,"day":"Monday","name":"Mahavir Jayanti","type":"Gazetted"},{"month":"April","date":9,"day":"Thursday","name":"First day of Passover","type":"Observance"},{"month":"April","date":9,"day":"Thursday","name":"Maundy Thursday","type":"Observance,"},{"month":"April","date":10,"day":"Friday","name":"Good Friday","type":"Gazetted"},{"month":"April","date":12,"day":"Sunday","name":"Easter Day","type":"Restricted"},{"month":"April","date":13,"day":"Monday","name":"Vaisakhi","type":"Restricted"},{"month":"April","date":14,"day":"Tuesday","name":"Mesadi/Vaisakhadi","type":"Restricted"},{"month":"April","date":14,"day":"Tuesday","name":"Ambedkar Jayanti","type":"Central"},{"month":"May","date":1,"day":"Friday","name":"May Day","type":"Observance"},{"month":"May","date":7,"day":"Thursday","name":"Buddha Purnima/Vesak","type":"Gazetted"},{"month":"May","date":7,"day":"Thursday","name":"Birthday of Ravindranath","type":"Restricted"},{"month":"May","date":10,"day":"Sunday","name":"Mother's Day","type":"Observance"},{"month":"May","date":22,"day":"Friday","name":"Jamat Ul-Vida","type":"Restricted"},{"month":"May","date":25,"day":"Monday","name":"Ramzan Id/Eid-ul-Fitar","type":"Gazetted"},{"month":"May","date":25,"day":"Monday","name":"Ramzan Id/Eid-ul-Fitar","type":"Muslim,"},{"month":"June","date":21,"day":"Sunday","name":"June Solstice","type":"Season"},{"month":"June","date":21,"day":"Sunday","name":"Father's Day","type":"Observance"},{"month":"June","date":23,"day":"Tuesday","name":"Rath Yatra","type":"Restricted"},{"month":"July","date":5,"day":"Sunday","name":"Guru Purnima","type":"Observance"},{"month":"July","date":31,"day":"Friday","name":"Bakr Id/Eid ul-Adha","type":"Gazetted"},{"month":"August","date":2,"day":"Sunday","name":"Friendship Day","type":"Observance"},{"month":"August","date":3,"day":"Monday","name":"Raksha Bandhan (Rakhi)","type":"Restricted"},{"month":"August","date":11,"day":"Tuesday","name":"Janmashtami (Smarta)","type":"Restricted"},{"month":"August","date":12,"day":"Wednesday","name":"Janmashtami","type":"Gazetted"},{"month":"August","date":15,"day":"Saturday","name":"Independence Day","type":"Gazetted"},{"month":"August","date":16,"day":"Sunday","name":"Parsi New Year","type":"Restricted"},{"month":"August","date":22,"day":"Saturday","name":"Ganesh Chaturthi/Vin
08-05 23:24:35.528 13697 13697 V Response: [{"month":"January","date":1,"day":"Wednesday","name":"New Year's Day","type":"Restricted"},{"month":"January","date":2,"day":"Thursday","name":"Guru Govind Singh Jayanti","type":"Restricted"},{"month":"January","date":14,"day":"Tuesday","name":"Lohri","type":"Restricted"},{"month":"January","date":15,"day":"Wednesday","name":"Pongal","type":"Restricted"},{"month":"January","date":15,"day":"Wednesday","name":"Makar Sankranti","type":"Restricted"},{"month":"January","date":25,"day":"Saturday","name":"Chinese New Year","type":"Observance"},{"month":"January","date":26,"day":"Sunday","name":"Republic Day","type":"Gazetted"},{"month":"January","date":30,"day":"Thursday","name":"Vasant Panchami","type":"Restricted"},{"month":"February","date":9,"day":"Sunday","name":"Guru Ravidas Jayanti","type":"Restricted"},{"month":"February","date":14,"day":"Friday","name":"Valentine's Day","type":"Observance"},{"month":"February","date":18,"day":"Tuesday","name":"Maharishi Dayanand Saraswati Jayanti","type":"Restricted"},{"month":"February","date":19,"day":"Wednesday","name":"Shivaji Jayanti","type":"Restricted"},{"month":"February","date":21,"day":"Friday","name":"Maha Shivaratri/Shivaratri","type":"Gazetted"},{"month":"March","date":9,"day":"Monday","name":"Holika Dahana","type":"Restricted"},{"month":"March","date":9,"day":"Monday","name":"Hazarat Ali's Birthday","type":"Restricted"},{"month":"March","date":10,"day":"Tuesday","name":"Holi","type":"Gazetted"},{"month":"March","date":20,"day":"Friday","name":"March Equinox","type":"Season"},{"month":"March","date":25,"day":"Wednesday","name":"Chaitra Sukhladi","type":"Restricted"},{"month":"April","date":2,"day":"Thursday","name":"Rama Navami","type":"Gazetted"},{"month":"April","date":6,"day":"Monday","name":"Mahavir Jayanti","type":"Gazetted"},{"month":"April","date":9,"day":"Thursday","name":"First day of Passover","type":"Observance"},{"month":"April","date":9,"day":"Thursday","name":"Maundy Thursday","type":"Observance,"},{"month":"April","date":10,"day":"Friday","name":"Good Friday","type":"Gazetted"},{"month":"April","date":12,"day":"Sunday","name":"Easter Day","type":"Restricted"},{"month":"April","date":13,"day":"Monday","name":"Vaisakhi","type":"Restricted"},{"month":"April","date":14,"day":"Tuesday","name":"Mesadi/Vaisakhadi","type":"Restricted"},{"month":"April","date":14,"day":"Tuesday","name":"Ambedkar Jayanti","type":"Central"},{"month":"May","date":1,"day":"Friday","name":"May Day","type":"Observance"},{"month":"May","date":7,"day":"Thursday","name":"Buddha Purnima/Vesak","type":"Gazetted"},{"month":"May","date":7,"day":"Thursday","name":"Birthday of Ravindranath","type":"Restricted"},{"month":"May","date":10,"day":"Sunday","name":"Mother's Day","type":"Observance"},{"month":"May","date":22,"day":"Friday","name":"Jamat Ul-Vida","type":"Restricted"},{"month":"May","date":25,"day":"Monday","name":"Ramzan Id/Eid-ul-Fitar","type":"Gazetted"},{"month":"May","date":25,"day":"Monday","name":"Ramzan Id/Eid-ul-Fitar","type":"Muslim,"},{"month":"June","date":21,"day":"Sunday","name":"June Solstice","type":"Season"},{"month":"June","date":21,"day":"Sunday","name":"Father's Day","type":"Observance"},{"month":"June","date":23,"day":"Tuesday","name":"Rath Yatra","type":"Restricted"},{"month":"July","date":5,"day":"Sunday","name":"Guru Purnima","type":"Observance"},{"month":"July","date":31,"day":"Friday","name":"Bakr Id/Eid ul-Adha","type":"Gazetted"},{"month":"August","date":2,"day":"Sunday","name":"Friendship Day","type":"Observance"},{"month":"August","date":3,"day":"Monday","name":"Raksha Bandhan (Rakhi)","type":"Restricted"},{"month":"August","date":11,"day":"Tuesday","name":"Janmashtami (Smarta)","type":"Restricted"},{"month":"August","date":12,"day":"Wednesday","name":"Janmashtami","type":"Gazetted"},{"month":"August","date":15,"day":"Saturday","name":"Independence Day","type":"Gazetted"},{"month":"August","date":16,"day":"Sunday","name":"Parsi New Year","type":"Restricted"},{"month":"August","date":22,"day":"Saturday","name":"Ganesh Chaturthi/Vin
08-05 23:24:35.583 13697 13709 I art     : Starting a blocking GC Explicit
08-05 23:24:35.644 13697 13709 I art     : Explicit concurrent mark sweep GC freed 16820(726KB) AllocSpace objects, 11(484KB) LOS objects, 10% free, 142MB/158MB, paused 1.515ms total 61.045ms
08-05 23:24:35.663 13697 13709 I art     : Starting a blocking GC Explicit
08-05 23:24:35.724 13697 13709 I art     : Explicit concurrent mark sweep GC freed 2284(246KB) AllocSpace objects, 1(4MB) LOS objects, 10% free, 137MB/153MB, paused 1.513ms total 60.500ms
08-05 23:24:35.744 13697 13709 I art     : Starting a blocking GC Explicit
08-05 23:24:35.802 13697 13709 I art     : Explicit concurrent mark sweep GC freed 121(2032B) AllocSpace objects, 0(0B) LOS objects, 10% free, 137MB/153MB, paused 1.576ms total 57.805ms
08-05 23:24:35.823 13697 13709 I art     : Starting a blocking GC Explicit
08-05 23:24:35.828 10068 10068 W Atfwd_Sendcmd: AtCmdFwd service not published, waiting... retryCnt : 5
08-05 23:24:35.882 13697 13709 I art     : Explicit concurrent mark sweep GC freed 122(2096B) AllocSpace objects, 0(0B) LOS objects, 10% free, 137MB/153MB, paused 1.749ms total 58.705ms
08-05 23:24:35.902 13697 13709 I art     : Starting a blocking GC Explicit
08-05 23:24:35.962 13697 13709 I art     : Explicit concurrent mark sweep GC freed 102(1760B) AllocSpace objects, 0(0B) LOS objects, 10% free, 137MB/153MB, paused 1.472ms total 59.893ms
08-05 23:24:36.363 13697 13710 I art     : Starting a blocking GC Explicit
08-05 23:24:36.445 13697 13710 I art     : Explicit concurrent mark sweep GC freed 2314(104KB) AllocSpace objects, 2(36KB) LOS objects, 10% free, 137MB/153MB, paused 1.406ms total 81.976ms
08-05 23:24:36.467 13697 13710 I art     : Starting a blocking GC Explicit
08-05 23:24:36.526 13697 13710 I art     : Explicit concurrent mark sweep GC freed 149(3056B) AllocSpace objects, 0(0B) LOS objects, 10% free, 137MB/153MB, paused 1.512ms total 58.435ms
08-05 23:24:36.545 13697 13710 I art     : Starting a blocking GC Explicit
08-05 23:24:36.606 13697 13710 I art     : Explicit concurrent mark sweep GC freed 123(2096B) AllocSpace objects, 0(0B) LOS objects, 10% free, 137MB/153MB, paused 1.566ms total 60.200ms
08-05 23:24:36.626 13697 13710 I art     : Starting a blocking GC Explicit
08-05 23:24:36.687 13697 13710 I art     : Explicit concurrent mark sweep GC freed 122(2064B) AllocSpace objects, 0(0B) LOS objects, 10% free, 137MB/153MB, paused 1.488ms total 61.153ms
08-05 23:24:36.707 13697 13710 I art     : Starting a blocking GC Explicit
08-05 23:24:36.767 13697 13710 I art     : Explicit concurrent mark sweep GC freed 110(1888B) AllocSpace objects, 0(0B) LOS objects, 10% free, 137MB/153MB, paused 1.703ms total 60.522ms
08-05 23:24:37.215 13697 13757 I art     : Starting a blocking GC Explicit
08-05 23:24:37.282 13697 13757 I art     : Explicit concurrent mark sweep GC freed 2352(104KB) AllocSpace objects, 2(36KB) LOS objects, 10% free, 137MB/153MB, paused 1.490ms total 66.776ms
08-05 23:24:37.305 13697 13757 I art     : Starting a blocking GC Explicit
08-05 23:24:37.366 13697 13757 I art     : Explicit concurrent mark sweep GC freed 149(3056B) AllocSpace objects, 0(0B) LOS objects, 10% free, 137MB/153MB, paused 1.637ms total 60.183ms
08-05 23:24:37.386 13697 13757 I art     : Starting a blocking GC Explicit
08-05 23:24:37.447 13697 13757 I art     : Explicit concurrent mark sweep GC freed 136(2704B) AllocSpace objects, 0(0B) LOS objects, 10% free, 137MB/153MB, paused 1.511ms total 61.676ms
08-05 23:24:37.467 13697 13757 I art     : Starting a blocking GC Explicit
08-05 23:24:37.529 13697 13757 I art     : Explicit concurrent mark sweep GC freed 137(2528B) AllocSpace objects, 0(0B) LOS objects, 10% free, 137MB/153MB, paused 1.566ms total 61.701ms
08-05 23:24:37.549 13697 13757 I art     : Starting a blocking GC Explicit
08-05 23:24:37.611 13697 13757 I art     : Explicit concurrent mark sweep GC freed 122(2064B) AllocSpace objects, 0(0B) LOS objects, 10% free, 137MB/153MB, paused 1.603ms total 61.345ms
08-05 23:24:38.048 13697 13758 I art     : Starting a blocking GC Explicit
08-05 23:24:38.111 13697 13758 I art     : Explicit concurrent mark sweep GC freed 2316(104KB) AllocSpace objects, 2(36KB) LOS objects, 10% free, 137MB/153MB, paused 1.595ms total 62.979ms
08-05 23:24:38.131 13697 13758 I art     : Starting a blocking GC Explicit
08-05 23:24:38.194 13697 13758 I art     : Explicit concurrent mark sweep GC freed 171(4KB) AllocSpace objects, 0(0B) LOS objects, 10% free, 137MB/153MB, paused 1.438ms total 62.544ms
08-05 23:24:38.213 13697 13758 I art     : Starting a blocking GC Explicit
08-05 23:24:38.279 13697 13758 I art     : Explicit concurrent mark sweep GC freed 170(3KB) AllocSpace objects, 0(0B) LOS objects, 10% free, 137MB/153MB, paused 1.651ms total 65.225ms
08-05 23:24:38.299 13697 13758 I art     : Starting a blocking GC Explicit
08-05 23:24:38.362 13697 13758 I art     : Explicit concurrent mark sweep GC freed 136(2496B) AllocSpace objects, 0(0B) LOS objects, 10% free, 137MB/153MB, paused 1.589ms total 63.112ms
08-05 23:24:38.382 13697 13758 I art     : Starting a blocking GC Explicit
08-05 23:24:38.447 13697 13758 I art     : Explicit concurrent mark sweep GC freed 134(2720B) AllocSpace objects, 0(0B) LOS objects, 10% free, 137MB/153MB, paused 1.423ms total 64.615ms
08-05 23:24:38.886 13697 13709 I art     : Starting a blocking GC Explicit
08-05 23:24:38.952 13697 13709 I art     : Explicit concurrent mark sweep GC freed 2314(104KB) AllocSpace objects, 2(36KB) LOS objects, 10% free, 137MB/153MB, paused 1.440ms total 65.109ms
08-05 23:24:38.974 13697 13709 I art     : Starting a blocking GC Explicit
08-05 23:24:39.035 13697 13709 I art     : Explicit concurrent mark sweep GC freed 148(3024B) AllocSpace objects, 0(0B) LOS objects, 10% free, 137MB/153MB, paused 1.640ms total 60.894ms
08-05 23:24:39.054 13697 13709 I art     : Starting a blocking GC Explicit
08-05 23:24:39.111 13697 13709 I art     : Explicit concurrent mark sweep GC freed 123(2096B) AllocSpace objects, 0(0B) LOS objects, 10% free, 137MB/153MB, paused 1.365ms total 55.987ms
08-05 23:24:39.130 13697 13709 I art     : Starting a blocking GC Explicit
08-05 23:24:39.185 13697 13709 I art     : Explicit concurrent mark sweep GC freed 123(2096B) AllocSpace objects, 0(0B) LOS objects, 10% free, 137MB/153MB, paused 1.464ms total 55.363ms
08-05 23:24:39.204 13697 13709 I art     : Starting a blocking GC Explicit
08-05 23:24:39.262 13697 13709 I art     : Explicit concurrent mark sweep GC freed 135(2656B) AllocSpace objects, 0(0B) LOS objects, 10% free, 137MB/153MB, paused 1.547ms total 57.972ms
08-05 23:24:39.616 15578 15578 D AndroidRuntime: >>>>>> START com.android.internal.os.RuntimeInit uid 2000 <<<<<<
08-05 23:24:39.622 15578 15578 D AndroidRuntime: CheckJNI is OFF
08-05 23:24:39.667 15578 15578 D ICU     : No timezone override file found: /data/misc/zoneinfo/current/icu/icu_tzdata.dat
08-05 23:24:39.692 13697 13710 I art     : Starting a blocking GC Explicit
08-05 23:24:39.714 15578 15578 I Radio-JNI: register_android_hardware_Radio DONE
08-05 23:24:39.743 15578 15578 D AndroidRuntime: Calling main entry com.android.commands.input.Input
08-05 23:24:39.744 15578 15578 I Input   : injectKeyEvent: KeyEvent { action=ACTION_DOWN, keyCode=KEYCODE_BACK, scanCode=0, metaState=0, flags=0x0, repeatCount=0, eventTime=833096157, downTime=833096157, deviceId=-1, source=0x101 }
08-05 23:24:39.753 13697 13710 I art     : Explicit concurrent mark sweep GC freed 2297(103KB) AllocSpace objects, 2(36KB) LOS objects, 10% free, 137MB/153MB, paused 1.448ms total 60.413ms
08-05 23:24:39.754 15578 15578 I Input   : injectKeyEvent: KeyEvent { action=ACTION_UP, keyCode=KEYCODE_BACK, scanCode=0, metaState=0, flags=0x0, repeatCount=0, eventTime=833096157, downTime=833096157, deviceId=-1, source=0x101 }
08-05 23:24:39.761 15578 15578 D AndroidRuntime: Shutting down VM
08-05 23:24:39.771 13697 13697 V MainActivity: url = https://project-travel-mate.herokuapp.com/api/number-of-unread-notifications
08-05 23:24:39.774 13697 13710 I art     : Starting a blocking GC Explicit
08-05 23:24:39.802 13866 13866 I GoogleInputMethodServic: GoogleInputMethodService.onFinishInput():3138 
08-05 23:24:39.802 13866 13866 I GoogleInputMethodServic: GoogleInputMethodService.onStartInput():1808 
08-05 23:24:39.827 13697 13710 I art     : Explicit concurrent mark sweep GC freed 405(14KB) AllocSpace objects, 0(0B) LOS objects, 10% free, 137MB/153MB, paused 1.450ms total 51.598ms
08-05 23:24:39.846 13697 13710 I art     : Starting a blocking GC Explicit
08-05 23:24:39.901 13697 13710 I art     : Explicit concurrent mark sweep GC freed 188(7KB) AllocSpace objects, 0(0B) LOS objects, 10% free, 137MB/153MB, paused 1.462ms total 54.825ms
08-05 23:24:39.920 13697 13710 I art     : Starting a blocking GC Explicit
08-05 23:24:39.971 13697 13710 I art     : Explicit concurrent mark sweep GC freed 165(4KB) AllocSpace objects, 0(0B) LOS objects, 10% free, 137MB/153MB, paused 1.670ms total 51.025ms
08-05 23:24:39.971 13697 13708 I art     : WaitForGcToComplete blocked for 51.471ms for cause HeapTrim
08-05 23:24:39.990 13697 13710 I art     : Starting a blocking GC Explicit
08-05 23:24:40.051 13697 13710 I art     : Explicit concurrent mark sweep GC freed 120(2800B) AllocSpace objects, 0(0B) LOS objects, 10% free, 137MB/153MB, paused 1.486ms total 60.101ms
08-05 23:24:40.150   380   380 W SurfaceFlinger: couldn't log to binary event log: overflow.
08-05 23:24:40.337 13697 15602 I NAPPA_EXPERIMENTATION: MetricNetworkRequestExecutionTime: REQUEST_DURATION_SYSTEM='564',REQUEST_DURATION_OKHTTP='36',REQUEST_SYNCHRONOUS='FALSE',RESPONSE_CODE='200',RESPONSE_METHOD='GET',RESPONSE_LENGTH_OKHTTP='36',RESPONSE_LENGTH_HEADER='36',REQUEST_PROTOCOL='http/1.1',REQUEST_URL='https://project-travel-mate.herokuapp.com/api/number-of-unread-notifications',
08-05 23:24:40.449 13697 13758 I art     : Starting a blocking GC Explicit
08-05 23:24:40.533 13697 13758 I art     : Explicit concurrent mark sweep GC freed 4616(244KB) AllocSpace objects, 6(424KB) LOS objects, 10% free, 137MB/153MB, paused 1.777ms total 83.417ms
08-05 23:24:40.555 13697 13758 I art     : Starting a blocking GC Explicit
08-05 23:24:40.613 13697 13758 I art     : Explicit concurrent mark sweep GC freed 7582(477KB) AllocSpace objects, 13(264KB) LOS objects, 10% free, 137MB/153MB, paused 1.543ms total 58.012ms
08-05 23:24:40.633 13697 13758 I art     : Starting a blocking GC Explicit
08-05 23:24:40.690 13697 13758 I art     : Explicit concurrent mark sweep GC freed 7(288B) AllocSpace objects, 0(0B) LOS objects, 10% free, 137MB/153MB, paused 1.557ms total 57.413ms
08-05 23:24:40.710 13697 13758 I art     : Starting a blocking GC Explicit
08-05 23:24:40.767 13697 13758 I art     : Explicit concurrent mark sweep GC freed 3(96B) AllocSpace objects, 0(0B) LOS objects, 10% free, 137MB/153MB, paused 1.492ms total 56.657ms
08-05 23:24:40.786 13697 13758 I art     : Starting a blocking GC Explicit
08-05 23:24:40.841 13697 13758 I art     : Explicit concurrent mark sweep GC freed 3(96B) AllocSpace objects, 0(0B) LOS objects, 10% free, 137MB/153MB, paused 1.520ms total 55.304ms
08-05 23:24:41.235 13697 13757 I art     : Starting a blocking GC Explicit
08-05 23:24:41.296 13697 13757 I art     : Explicit concurrent mark sweep GC freed 1631(93KB) AllocSpace objects, 2(36KB) LOS objects, 10% free, 137MB/153MB, paused 1.515ms total 61.213ms
08-05 23:24:41.315 13697 13757 I art     : Starting a blocking GC Explicit
08-05 23:24:41.369 13697 13757 I art     : Explicit concurrent mark sweep GC freed 38(1568B) AllocSpace objects, 0(0B) LOS objects, 10% free, 137MB/153MB, paused 1.496ms total 53.677ms
08-05 23:24:41.391 13697 13757 I art     : Starting a blocking GC Explicit
08-05 23:24:41.441 13697 13757 I art     : Explicit concurrent mark sweep GC freed 5(160B) AllocSpace objects, 0(0B) LOS objects, 10% free, 137MB/153MB, paused 1.461ms total 49.674ms
08-05 23:24:41.460 13697 13757 I art     : Starting a blocking GC Explicit
08-05 23:24:41.508 13697 13757 I art     : Explicit concurrent mark sweep GC freed 18(848B) AllocSpace objects, 0(0B) LOS objects, 10% free, 137MB/153MB, paused 1.451ms total 47.577ms
08-05 23:24:41.529 13697 13757 I art     : Starting a blocking GC Explicit
08-05 23:24:41.549 15616 15616 D AndroidRuntime: >>>>>> START com.android.internal.os.RuntimeInit uid 2000 <<<<<<
08-05 23:24:41.554 15616 15616 D AndroidRuntime: CheckJNI is OFF
08-05 23:24:41.578 13697 13757 I art     : Explicit concurrent mark sweep GC freed 18(800B) AllocSpace objects, 0(0B) LOS objects, 10% free, 137MB/153MB, paused 1.446ms total 48.947ms
08-05 23:24:41.596 15616 15616 D ICU     : No timezone override file found: /data/misc/zoneinfo/current/icu/icu_tzdata.dat
08-05 23:24:41.635 15616 15616 I Radio-JNI: register_android_hardware_Radio DONE
08-05 23:24:41.664 15616 15616 D AndroidRuntime: Calling main entry com.android.commands.input.Input
08-05 23:24:41.666 15616 15616 I Input   : injectMotionEvent: MotionEvent { action=ACTION_DOWN, actionButton=0, id[0]=0, x[0]=117.0, y[0]=170.0, toolType[0]=TOOL_TYPE_UNKNOWN, buttonState=0, metaState=0, flags=0x0, edgeFlags=0x0, pointerCount=1, historySize=0, eventTime=833098079, downTime=833098079, deviceId=0, source=0x1002 }
08-05 23:24:41.675 15616 15616 I Input   : injectMotionEvent: MotionEvent { action=ACTION_UP, actionButton=0, id[0]=0, x[0]=117.0, y[0]=170.0, toolType[0]=TOOL_TYPE_UNKNOWN, buttonState=0, metaState=0, flags=0x0, edgeFlags=0x0, pointerCount=1, historySize=0, eventTime=833098079, downTime=833098079, deviceId=0, source=0x1002 }
08-05 23:24:41.710 15616 15616 D AndroidRuntime: Shutting down VM
08-05 23:24:41.725   512  2967 D audio_hw_primary: out_set_parameters: enter: usecase(1: low-latency-playback) kvpairs: routing=2
08-05 23:24:41.738   512  2967 D audio_hw_primary: select_devices: out_snd_device(2: speaker) in_snd_device(0: none)
08-05 23:24:41.738   512  2967 D msm8974_platform: platform_send_audio_calibration: sending audio calibration for snd_device(2) acdb_id(15)
08-05 23:24:41.738   512  2967 I soundtrigger: audio_extn_sound_trigger_update_device_status: device 0x2 of type 0 for Event 1
08-05 23:24:41.747   512  2967 D audio_hw_primary: enable_snd_device: snd_device(2: speaker)
08-05 23:24:41.750   512  2967 D audio_hw_primary: enable_audio_route: apply and update mixer path: low-latency-playback speaker
08-05 23:24:41.955 13697 13710 I art     : Starting a blocking GC Explicit
08-05 23:24:42.007 13697 13710 I art     : Explicit concurrent mark sweep GC freed 2034(114KB) AllocSpace objects, 2(36KB) LOS objects, 10% free, 137MB/153MB, paused 1.384ms total 51.896ms
08-05 23:24:42.025 13697 13710 I art     : Starting a blocking GC Explicit
08-05 23:24:42.072 13697 13710 I art     : Explicit concurrent mark sweep GC freed 85(3KB) AllocSpace objects, 0(0B) LOS objects, 10% free, 137MB/153MB, paused 1.509ms total 46.500ms
08-05 23:24:42.090 13697 13710 I art     : Starting a blocking GC Explicit
08-05 23:24:42.136 13697 13710 I art     : Explicit concurrent mark sweep GC freed 19(592B) AllocSpace objects, 0(0B) LOS objects, 10% free, 137MB/153MB, paused 1.358ms total 45.940ms
08-05 23:24:42.154 13697 13710 I art     : Starting a blocking GC Explicit
08-05 23:24:42.202 13697 13710 I art     : Explicit concurrent mark sweep GC freed 9(288B) AllocSpace objects, 0(0B) LOS objects, 10% free, 137MB/153MB, paused 1.363ms total 47.398ms
08-05 23:24:42.222 13697 13710 I art     : Starting a blocking GC Explicit
08-05 23:24:42.272 13697 13710 I art     : Explicit concurrent mark sweep GC freed 43(1216B) AllocSpace objects, 0(0B) LOS objects, 10% free, 137MB/153MB, paused 1.314ms total 50.433ms
08-05 23:24:42.289   512  2967 D audio_hw_primary: disable_audio_route: reset and update mixer path: low-latency-playback speaker
08-05 23:24:42.289   512  2967 D audio_hw_primary: disable_snd_device: snd_device(2: speaker)
08-05 23:24:42.297   512  2967 I soundtrigger: audio_extn_sound_trigger_update_device_status: device 0x2 of type 0 for Event 0
08-05 23:24:42.458 15647 15647 D AndroidRuntime: >>>>>> START com.android.internal.os.RuntimeInit uid 2000 <<<<<<
08-05 23:24:42.463 15647 15647 D AndroidRuntime: CheckJNI is OFF
08-05 23:24:42.503 15647 15647 D ICU     : No timezone override file found: /data/misc/zoneinfo/current/icu/icu_tzdata.dat
08-05 23:24:42.545 15647 15647 I Radio-JNI: register_android_hardware_Radio DONE
08-05 23:24:42.575 15647 15647 D AndroidRuntime: Calling main entry com.android.commands.input.Input
08-05 23:24:42.577 15647 15647 I Input   : injectMotionEvent: MotionEvent { action=ACTION_DOWN, actionButton=0, id[0]=0, x[0]=405.0, y[0]=661.0, toolType[0]=TOOL_TYPE_UNKNOWN, buttonState=0, metaState=0, flags=0x0, edgeFlags=0x0, pointerCount=1, historySize=0, eventTime=833098990, downTime=833098990, deviceId=0, source=0x1002 }
08-05 23:24:42.581 15647 15647 I Input   : injectMotionEvent: MotionEvent { action=ACTION_UP, actionButton=0, id[0]=0, x[0]=405.0, y[0]=661.0, toolType[0]=TOOL_TYPE_UNKNOWN, buttonState=0, metaState=0, flags=0x0, edgeFlags=0x0, pointerCount=1, historySize=0, eventTime=833098990, downTime=833098990, deviceId=0, source=0x1002 }
08-05 23:24:42.583 15647 15647 D AndroidRuntime: Shutting down VM
08-05 23:24:42.600   512  2967 D audio_hw_primary: out_set_parameters: enter: usecase(1: low-latency-playback) kvpairs: routing=2
08-05 23:24:42.613   512  2967 D audio_hw_primary: select_devices: out_snd_device(2: speaker) in_snd_device(0: none)
08-05 23:24:42.613   512  2967 D msm8974_platform: platform_send_audio_calibration: sending audio calibration for snd_device(2) acdb_id(15)
08-05 23:24:42.613   512  2967 I soundtrigger: audio_extn_sound_trigger_update_device_status: device 0x2 of type 0 for Event 1
08-05 23:24:42.623   512  2967 D audio_hw_primary: enable_snd_device: snd_device(2: speaker)
08-05 23:24:42.625   512  2967 D audio_hw_primary: enable_audio_route: apply and update mixer path: low-latency-playback speaker
08-05 23:24:42.662 13697 13757 I art     : Waiting for a blocking GC Explicit
08-05 23:24:42.672   512  2967 D AudioFlinger: mixer(0xf4740000) throttle end: throttle time(12)
08-05 23:24:42.703 13697 13757 I art     : WaitForGcToComplete blocked for 41.328ms for cause Explicit
08-05 23:24:42.703 13697 13757 I art     : Starting a blocking GC Explicit
08-05 23:24:42.758 13697 13757 I art     : Explicit concurrent mark sweep GC freed 33(1168B) AllocSpace objects, 0(0B) LOS objects, 8% free, 168MB/184MB, paused 1.692ms total 54.818ms
08-05 23:24:42.777 13697 13757 I art     : Starting a blocking GC Explicit
08-05 23:24:42.831 13697 13757 I art     : Explicit concurrent mark sweep GC freed 12(576B) AllocSpace objects, 0(0B) LOS objects, 8% free, 168MB/184MB, paused 1.632ms total 53.441ms
08-05 23:24:42.850 13697 13757 I art     : Starting a blocking GC Explicit
08-05 23:24:42.905 13697 13757 I art     : Explicit concurrent mark sweep GC freed 39(17KB) AllocSpace objects, 0(0B) LOS objects, 8% free, 168MB/184MB, paused 1.597ms total 54.702ms
08-05 23:24:42.923 13697 13757 I art     : Starting a blocking GC Explicit
08-05 23:24:42.977 13697 13757 I art     : Explicit concurrent mark sweep GC freed 38(9KB) AllocSpace objects, 0(0B) LOS objects, 8% free, 178MB/194MB, paused 1.598ms total 53.818ms
08-05 23:24:42.996 13697 13757 I art     : Starting a blocking GC Explicit
08-05 23:24:43.052 13697 13757 I art     : Explicit concurrent mark sweep GC freed 39(1504B) AllocSpace objects, 0(0B) LOS objects, 8% free, 183MB/199MB, paused 1.651ms total 54.914ms
08-05 23:24:43.180   512  2967 D audio_hw_primary: disable_audio_route: reset and update mixer path: low-latency-playback speaker
08-05 23:24:43.181   512  2967 D audio_hw_primary: disable_snd_device: snd_device(2: speaker)
08-05 23:24:43.188   512  2967 I soundtrigger: audio_extn_sound_trigger_update_device_status: device 0x2 of type 0 for Event 0
08-05 23:24:43.441 13697 13757 I art     : Starting a blocking GC Explicit
08-05 23:24:43.519 13697 13757 I art     : Explicit concurrent mark sweep GC freed 3151(162KB) AllocSpace objects, 11(288KB) LOS objects, 8% free, 183MB/199MB, paused 1.572ms total 77.857ms
08-05 23:24:43.540 13697 13757 I art     : Starting a blocking GC Explicit
08-05 23:24:43.599 13697 13757 I art     : Explicit concurrent mark sweep GC freed 873(49KB) AllocSpace objects, 0(0B) LOS objects, 8% free, 183MB/199MB, paused 1.597ms total 57.823ms
08-05 23:24:43.618 13697 13757 I art     : Starting a blocking GC Explicit
08-05 23:24:43.677 13697 13757 I art     : Explicit concurrent mark sweep GC freed 3(96B) AllocSpace objects, 0(0B) LOS objects, 8% free, 183MB/199MB, paused 1.571ms total 58.751ms
08-05 23:24:43.700 13697 13757 I art     : Starting a blocking GC Explicit
08-05 23:24:43.760 13697 13757 I art     : Explicit concurrent mark sweep GC freed 3(96B) AllocSpace objects, 0(0B) LOS objects, 8% free, 183MB/199MB, paused 1.619ms total 59.279ms
08-05 23:24:43.783 13697 13757 I art     : Starting a blocking GC Explicit
08-05 23:24:43.843 13697 13757 I art     : Explicit concurrent mark sweep GC freed 3(96B) AllocSpace objects, 0(0B) LOS objects, 8% free, 183MB/199MB, paused 1.559ms total 59.889ms
08-05 23:24:44.268 13697 13710 I art     : Starting a blocking GC Explicit
08-05 23:24:44.349 13697 13710 I art     : Explicit concurrent mark sweep GC freed 1631(93KB) AllocSpace objects, 2(36KB) LOS objects, 8% free, 183MB/199MB, paused 1.693ms total 79.624ms
08-05 23:24:44.372 13697 13710 I art     : Starting a blocking GC Explicit
08-05 23:24:44.434 13697 13710 I art     : Explicit concurrent mark sweep GC freed 58(2688B) AllocSpace objects, 0(0B) LOS objects, 8% free, 183MB/199MB, paused 1.495ms total 62.290ms
08-05 23:24:44.454 13697 13710 I art     : Starting a blocking GC Explicit
08-05 23:24:44.522 13697 13710 I art     : Explicit concurrent mark sweep GC freed 14(672B) AllocSpace objects, 0(0B) LOS objects, 8% free, 183MB/199MB, paused 1.685ms total 67.053ms
08-05 23:24:44.544 13697 13710 I art     : Starting a blocking GC Explicit
08-05 23:24:44.612 13697 13710 I art     : Explicit concurrent mark sweep GC freed 3(96B) AllocSpace objects, 0(0B) LOS objects, 8% free, 183MB/199MB, paused 1.514ms total 67.410ms
08-05 23:24:44.634 13697 13710 I art     : Starting a blocking GC Explicit
08-05 23:24:44.699 13697 13710 I art     : Explicit concurrent mark sweep GC freed 3(96B) AllocSpace objects, 0(0B) LOS objects, 8% free, 183MB/199MB, paused 1.571ms total 64.545ms
08-05 23:24:45.108 13697 13709 I art     : Starting a blocking GC Explicit
08-05 23:24:45.172 13697 13709 I art     : Explicit concurrent mark sweep GC freed 1582(91KB) AllocSpace objects, 2(36KB) LOS objects, 8% free, 183MB/199MB, paused 1.580ms total 64.064ms
08-05 23:24:45.192 13697 13709 I art     : Starting a blocking GC Explicit
08-05 23:24:45.250 13697 13709 I art     : Explicit concurrent mark sweep GC freed 64(1984B) AllocSpace objects, 0(0B) LOS objects, 8% free, 183MB/199MB, paused 1.616ms total 58.090ms
08-05 23:24:45.270 13697 13709 I art     : Starting a blocking GC Explicit
08-05 23:24:45.330 13697 13709 I art     : Explicit concurrent mark sweep GC freed 4(128B) AllocSpace objects, 0(0B) LOS objects, 8% free, 183MB/199MB, paused 1.554ms total 60.091ms
08-05 23:24:45.350 13697 13709 I art     : Starting a blocking GC Explicit
08-05 23:24:45.409 13697 13709 I art     : Explicit concurrent mark sweep GC freed 3(96B) AllocSpace objects, 0(0B) LOS objects, 8% free, 183MB/199MB, paused 1.538ms total 58.507ms
08-05 23:24:45.426 15688 15688 D AndroidRuntime: >>>>>> START com.android.internal.os.RuntimeInit uid 2000 <<<<<<
08-05 23:24:45.429 13697 13709 I art     : Starting a blocking GC Explicit
08-05 23:24:45.432 15688 15688 D AndroidRuntime: CheckJNI is OFF
08-05 23:24:45.477 15688 15688 D ICU     : No timezone override file found: /data/misc/zoneinfo/current/icu/icu_tzdata.dat
08-05 23:24:45.487 13697 13709 I art     : Explicit concurrent mark sweep GC freed 3(96B) AllocSpace objects, 0(0B) LOS objects, 8% free, 183MB/199MB, paused 1.489ms total 57.387ms
08-05 23:24:45.523 15688 15688 I Radio-JNI: register_android_hardware_Radio DONE
08-05 23:24:45.552 15688 15688 D AndroidRuntime: Calling main entry com.android.commands.input.Input
08-05 23:24:45.555 15688 15688 I Input   : injectMotionEvent: MotionEvent { action=ACTION_DOWN, actionButton=0, id[0]=0, x[0]=1341.0, y[0]=197.0, toolType[0]=TOOL_TYPE_UNKNOWN, buttonState=0, metaState=0, flags=0x0, edgeFlags=0x0, pointerCount=1, historySize=0, eventTime=833101968, downTime=833101968, deviceId=0, source=0x1002 }
08-05 23:24:45.561 15688 15688 I Input   : injectMotionEvent: MotionEvent { action=ACTION_UP, actionButton=0, id[0]=0, x[0]=1341.0, y[0]=197.0, toolType[0]=TOOL_TYPE_UNKNOWN, buttonState=0, metaState=0, flags=0x0, edgeFlags=0x0, pointerCount=1, historySize=0, eventTime=833101968, downTime=833101968, deviceId=0, source=0x1002 }
08-05 23:24:45.563 15688 15688 D AndroidRuntime: Shutting down VM
08-05 23:24:45.575   918  5132 I ActivityManager: START u0 {cmp=baseline.io.github.project_travel_mate/.notifications.NotificationsActivity} from uid 10696 on display 0
08-05 23:24:45.575   512  2967 D audio_hw_primary: out_set_parameters: enter: usecase(1: low-latency-playback) kvpairs: routing=2
08-05 23:24:45.588   512  2967 D audio_hw_primary: select_devices: out_snd_device(2: speaker) in_snd_device(0: none)
08-05 23:24:45.588   512  2967 D msm8974_platform: platform_send_audio_calibration: sending audio calibration for snd_device(2) acdb_id(15)
08-05 23:24:45.589   512  2967 I soundtrigger: audio_extn_sound_trigger_update_device_status: device 0x2 of type 0 for Event 1
08-05 23:24:45.601   512  2967 D audio_hw_primary: enable_snd_device: snd_device(2: speaker)
08-05 23:24:45.604   512  2967 D audio_hw_primary: enable_audio_route: apply and update mixer path: low-latency-playback speaker
08-05 23:24:45.619 13697 13778 D Gabe    : call	returning from cache
08-05 23:24:45.625 13697 13697 V EXECUTING: https://project-travel-mate.herokuapp.com/api/get-notifications
08-05 23:24:45.631 13697 13697 V EXECUTING: https://project-travel-mate.herokuapp.com/api/get-notifications
08-05 23:24:45.797   918   936 I ActivityManager: Displayed baseline.io.github.project_travel_mate/.notifications.NotificationsActivity: +207ms
08-05 23:24:45.802 13866 13866 I GoogleInputMethodServic: GoogleInputMethodService.onFinishInput():3138 
08-05 23:24:45.802 13866 13866 I GoogleInputMethodServic: GoogleInputMethodService.onStartInput():1808 
08-05 23:24:45.871 13697 13709 I art     : Starting a blocking GC Explicit
08-05 23:24:45.898 13697 13712 D OpenGLRenderer: endAllStagingAnimators on 0x7f7990cc00 (RippleDrawable) with handle 0x7f7caf48c0
08-05 23:24:45.929 13697 13709 I art     : Explicit concurrent mark sweep GC freed 3865(225KB) AllocSpace objects, 2(36KB) LOS objects, 7% free, 188MB/204MB, paused 1.823ms total 56.837ms
08-05 23:24:45.948 13697 13709 I art     : Starting a blocking GC Explicit
08-05 23:24:46.000 13697 13709 I art     : Explicit concurrent mark sweep GC freed 475(19KB) AllocSpace objects, 0(0B) LOS objects, 7% free, 188MB/204MB, paused 1.426ms total 52.468ms
08-05 23:24:46.020 13697 13709 I art     : Starting a blocking GC Explicit
08-05 23:24:46.058   380   380 W SurfaceFlinger: couldn't log to binary event log: overflow.
08-05 23:24:46.074 13697 13709 I art     : Explicit concurrent mark sweep GC freed 101(1760B) AllocSpace objects, 0(0B) LOS objects, 7% free, 188MB/204MB, paused 1.514ms total 54.068ms
08-05 23:24:46.093 13697 13709 I art     : Starting a blocking GC Explicit
08-05 23:24:46.139   512  2967 D audio_hw_primary: disable_audio_route: reset and update mixer path: low-latency-playback speaker
08-05 23:24:46.141   512  2967 D audio_hw_primary: disable_snd_device: snd_device(2: speaker)
08-05 23:24:46.146 13697 13709 I art     : Explicit concurrent mark sweep GC freed 123(2096B) AllocSpace objects, 0(0B) LOS objects, 7% free, 188MB/204MB, paused 1.506ms total 53.140ms
08-05 23:24:46.149   512  2967 I soundtrigger: audio_extn_sound_trigger_update_device_status: device 0x2 of type 0 for Event 0
08-05 23:24:46.166 13697 13709 I art     : Starting a blocking GC Explicit
08-05 23:24:46.221 13697 13709 I art     : Explicit concurrent mark sweep GC freed 103(1728B) AllocSpace objects, 0(0B) LOS objects, 7% free, 188MB/204MB, paused 1.803ms total 55.474ms
08-05 23:24:46.393 13697 15716 I NAPPA_EXPERIMENTATION: MetricNetworkRequestExecutionTime: REQUEST_DURATION_SYSTEM='761',REQUEST_DURATION_OKHTTP='51',REQUEST_SYNCHRONOUS='FALSE',RESPONSE_CODE='200',RESPONSE_METHOD='GET',RESPONSE_LENGTH_OKHTTP='2',RESPONSE_LENGTH_HEADER='2',REQUEST_PROTOCOL='http/1.1',REQUEST_URL='https://project-travel-mate.herokuapp.com/api/get-notifications',
08-05 23:24:46.401 13697 15715 I NAPPA_EXPERIMENTATION: MetricNetworkRequestExecutionTime: REQUEST_DURATION_SYSTEM='774',REQUEST_DURATION_OKHTTP='59',REQUEST_SYNCHRONOUS='FALSE',RESPONSE_CODE='200',RESPONSE_METHOD='GET',RESPONSE_LENGTH_OKHTTP='2',RESPONSE_LENGTH_HEADER='2',REQUEST_PROTOCOL='http/1.1',REQUEST_URL='https://project-travel-mate.herokuapp.com/api/get-notifications',
08-05 23:24:46.526 13697 13697 V Response: [] 
08-05 23:24:46.551 13697 13697 V Response: [] 
08-05 23:24:46.561 13697 13778 W LOTTIE  : Animation contains merge paths. Merge paths are only supported on KitKat+ and must be manually enabled by calling enableMergePathsForKitKatAndAbove().
08-05 23:24:46.569 13697 13778 W LOTTIE  : Animation contains merge paths. Merge paths are only supported on KitKat+ and must be manually enabled by calling enableMergePathsForKitKatAndAbove().
08-05 23:24:46.572 13697 13778 W LOTTIE  : Animation contains merge paths. Merge paths are only supported on KitKat+ and must be manually enabled by calling enableMergePathsForKitKatAndAbove().
08-05 23:24:46.575 13697 13778 W LOTTIE  : Animation contains merge paths. Merge paths are only supported on KitKat+ and must be manually enabled by calling enableMergePathsForKitKatAndAbove().
08-05 23:24:46.578 13697 13778 W LOTTIE  : Animation contains merge paths. Merge paths are only supported on KitKat+ and must be manually enabled by calling enableMergePathsForKitKatAndAbove().
08-05 23:24:46.581 13697 13778 W LOTTIE  : Animation contains merge paths. Merge paths are only supported on KitKat+ and must be manually enabled by calling enableMergePathsForKitKatAndAbove().
08-05 23:24:46.584 13697 13758 I art     : Starting a blocking GC Explicit
08-05 23:24:46.584 13697 13778 W LOTTIE  : Animation contains merge paths. Merge paths are only supported on KitKat+ and must be manually enabled by calling enableMergePathsForKitKatAndAbove().
08-05 23:24:46.586 13697 13697 W LOTTIE  : Animation contains merge paths but they are disabled.
08-05 23:24:46.644 13697 13758 I art     : Explicit concurrent mark sweep GC freed 16574(770KB) AllocSpace objects, 9(624KB) LOS objects, 7% free, 188MB/204MB, paused 1.502ms total 59.701ms
08-05 23:24:46.663 13697 13758 I art     : Starting a blocking GC Explicit
08-05 23:24:46.715 13697 13758 I art     : Explicit concurrent mark sweep GC freed 4156(336KB) AllocSpace objects, 0(0B) LOS objects, 7% free, 188MB/204MB, paused 1.551ms total 51.373ms
08-05 23:24:46.734 13697 13758 I art     : Starting a blocking GC Explicit
08-05 23:24:46.784 13697 13758 I art     : Explicit concurrent mark sweep GC freed 358(5KB) AllocSpace objects, 0(0B) LOS objects, 7% free, 188MB/204MB, paused 1.390ms total 49.797ms
08-05 23:24:46.802 13697 13758 I art     : Starting a blocking GC Explicit
08-05 23:24:46.853 13697 13758 I art     : Explicit concurrent mark sweep GC freed 371(7KB) AllocSpace objects, 0(0B) LOS objects, 7% free, 188MB/204MB, paused 1.762ms total 50.085ms
08-05 23:24:46.871 13697 13758 I art     : Starting a blocking GC Explicit
08-05 23:24:46.922 13697 13758 I art     : Explicit concurrent mark sweep GC freed 315(5KB) AllocSpace objects, 0(0B) LOS objects, 7% free, 188MB/204MB, paused 1.335ms total 50.049ms
08-05 23:24:47.317 13697 13710 I art     : Starting a blocking GC Explicit
08-05 23:24:47.368 13697 13710 I art     : Explicit concurrent mark sweep GC freed 3732(136KB) AllocSpace objects, 2(36KB) LOS objects, 7% free, 188MB/204MB, paused 1.330ms total 50.050ms
08-05 23:24:47.386 13697 13710 I art     : Starting a blocking GC Explicit
08-05 23:24:47.436 13697 13710 I art     : Explicit concurrent mark sweep GC freed 358(7KB) AllocSpace objects, 0(0B) LOS objects, 7% free, 188MB/204MB, paused 1.344ms total 49.566ms
08-05 23:24:47.455 13697 13710 I art     : Starting a blocking GC Explicit
08-05 23:24:47.503 13697 13710 I art     : Explicit concurrent mark sweep GC freed 300(5KB) AllocSpace objects, 0(0B) LOS objects, 7% free, 188MB/204MB, paused 1.320ms total 48.029ms
08-05 23:24:47.523 13697 13710 I art     : Starting a blocking GC Explicit
08-05 23:24:47.573 13697 13710 I art     : Explicit concurrent mark sweep GC freed 284(4KB) AllocSpace objects, 0(0B) LOS objects, 7% free, 188MB/204MB, paused 1.332ms total 49.754ms
08-05 23:24:47.591 13697 13710 I art     : Starting a blocking GC Explicit
08-05 23:24:47.640 13697 13710 I art     : Explicit concurrent mark sweep GC freed 282(4KB) AllocSpace objects, 0(0B) LOS objects, 7% free, 188MB/204MB, paused 1.309ms total 48.273ms
08-05 23:24:48.034 13697 13757 I art     : Starting a blocking GC Explicit
08-05 23:24:48.085 13697 13757 I art     : Explicit concurrent mark sweep GC freed 3450(121KB) AllocSpace objects, 2(36KB) LOS objects, 7% free, 188MB/204MB, paused 1.461ms total 50.328ms
08-05 23:24:48.103 13697 13757 I art     : Starting a blocking GC Explicit
08-05 23:24:48.153 13697 13757 I art     : Explicit concurrent mark sweep GC freed 331(5KB) AllocSpace objects, 0(0B) LOS objects, 7% free, 188MB/204MB, paused 1.321ms total 49.898ms
08-05 23:24:48.172 13697 13757 I art     : Starting a blocking GC Explicit
08-05 23:24:48.220 13697 13757 I art     : Explicit concurrent mark sweep GC freed 283(4KB) AllocSpace objects, 0(0B) LOS objects, 7% free, 188MB/204MB, paused 1.338ms total 47.973ms
08-05 23:24:48.238 13697 13757 I art     : Starting a blocking GC Explicit
08-05 23:24:48.286 13697 13757 I art     : Explicit concurrent mark sweep GC freed 320(5KB) AllocSpace objects, 0(0B) LOS objects, 7% free, 188MB/204MB, paused 1.316ms total 48.009ms
08-05 23:24:48.306 13697 13757 I art     : Starting a blocking GC Explicit
08-05 23:24:48.355 13697 13757 I art     : Explicit concurrent mark sweep GC freed 283(4KB) AllocSpace objects, 0(0B) LOS objects, 7% free, 188MB/204MB, paused 1.300ms total 49.127ms
08-05 23:24:48.458   518   646 I ThermalEngine: ACTION: GPU - Setting GPU[0] to 390000000
08-05 23:24:48.780 13697 13758 I art     : Starting a blocking GC Explicit
08-05 23:24:48.843 13697 13758 I art     : Explicit concurrent mark sweep GC freed 3612(124KB) AllocSpace objects, 2(36KB) LOS objects, 7% free, 188MB/204MB, paused 1.991ms total 62.953ms
08-05 23:24:48.867 13697 13758 I art     : Starting a blocking GC Explicit
08-05 23:24:48.928 13697 13758 I art     : Explicit concurrent mark sweep GC freed 378(6KB) AllocSpace objects, 0(0B) LOS objects, 7% free, 188MB/204MB, paused 1.969ms total 59.770ms
08-05 23:24:48.951 13697 13758 I art     : Starting a blocking GC Explicit
08-05 23:24:49.011 13697 13758 I art     : Explicit concurrent mark sweep GC freed 353(5KB) AllocSpace objects, 0(0B) LOS objects, 7% free, 188MB/204MB, paused 1.970ms total 59.606ms
08-05 23:24:49.034 13697 13758 I art     : Starting a blocking GC Explicit
08-05 23:24:49.096 13697 13758 I art     : Explicit concurrent mark sweep GC freed 353(5KB) AllocSpace objects, 0(0B) LOS objects, 7% free, 188MB/204MB, paused 2.204ms total 61.605ms
08-05 23:24:49.121 13697 13758 I art     : Starting a blocking GC Explicit
08-05 23:24:49.182 13697 13758 I art     : Explicit concurrent mark sweep GC freed 362(5KB) AllocSpace objects, 0(0B) LOS objects, 7% free, 188MB/204MB, paused 2.281ms total 60.778ms
08-05 23:24:49.546   918  1210 D NetlinkSocketObserver: NeighborEvent{elapsedMs=1816493421, 192.168.2.254, [7C3953A63323], RTM_NEWNEIGH, NUD_STALE}
08-05 23:24:49.623 13697 13757 I art     : Starting a blocking GC Explicit
08-05 23:24:49.686 13697 13757 I art     : Explicit concurrent mark sweep GC freed 3777(127KB) AllocSpace objects, 2(36KB) LOS objects, 7% free, 188MB/204MB, paused 2.103ms total 62.675ms
08-05 23:24:49.711 13697 13757 I art     : Starting a blocking GC Explicit
08-05 23:24:49.772 13697 13757 I art     : Explicit concurrent mark sweep GC freed 381(6KB) AllocSpace objects, 0(0B) LOS objects, 7% free, 188MB/204MB, paused 2.027ms total 59.823ms
08-05 23:24:49.795 13697 13757 I art     : Starting a blocking GC Explicit
08-05 23:24:49.856 13697 13757 I art     : Explicit concurrent mark sweep GC freed 355(5KB) AllocSpace objects, 0(0B) LOS objects, 7% free, 188MB/204MB, paused 2.052ms total 60.712ms
08-05 23:24:49.880 13697 13757 I art     : Starting a blocking GC Explicit
08-05 23:24:49.941 13697 13757 I art     : Explicit concurrent mark sweep GC freed 365(6KB) AllocSpace objects, 0(0B) LOS objects, 7% free, 188MB/204MB, paused 2.052ms total 60.574ms
08-05 23:24:49.964 13697 13757 I art     : Starting a blocking GC Explicit
08-05 23:24:50.025 13697 13757 I art     : Explicit concurrent mark sweep GC freed 366(6KB) AllocSpace objects, 0(0B) LOS objects, 7% free, 188MB/204MB, paused 1.987ms total 60.233ms
08-05 23:24:50.440 15780 15780 D AndroidRuntime: >>>>>> START com.android.internal.os.RuntimeInit uid 2000 <<<<<<
08-05 23:24:50.446 15780 15780 D AndroidRuntime: CheckJNI is OFF
08-05 23:24:50.454 13697 13709 I art     : Starting a blocking GC Explicit
08-05 23:24:50.498 15780 15780 D ICU     : No timezone override file found: /data/misc/zoneinfo/current/icu/icu_tzdata.dat
08-05 23:24:50.519 13697 13709 I art     : Explicit concurrent mark sweep GC freed 3731(128KB) AllocSpace objects, 2(36KB) LOS objects, 7% free, 188MB/204MB, paused 2.267ms total 64.489ms
08-05 23:24:50.543 13697 13709 I art     : Starting a blocking GC Explicit
08-05 23:24:50.548 15780 15780 I Radio-JNI: register_android_hardware_Radio DONE
08-05 23:24:50.581 15780 15780 D AndroidRuntime: Calling main entry com.android.commands.input.Input
08-05 23:24:50.583 15780 15780 I Input   : injectKeyEvent: KeyEvent { action=ACTION_DOWN, keyCode=KEYCODE_BACK, scanCode=0, metaState=0, flags=0x0, repeatCount=0, eventTime=833106995, downTime=833106995, deviceId=-1, source=0x101 }
08-05 23:24:50.593 15780 15780 I Input   : injectKeyEvent: KeyEvent { action=ACTION_UP, keyCode=KEYCODE_BACK, scanCode=0, metaState=0, flags=0x0, repeatCount=0, eventTime=833106995, downTime=833106995, deviceId=-1, source=0x101 }
08-05 23:24:50.599 15780 15780 D AndroidRuntime: Shutting down VM
08-05 23:24:50.604 13697 13709 I art     : Explicit concurrent mark sweep GC freed 551(17KB) AllocSpace objects, 0(0B) LOS objects, 7% free, 188MB/204MB, paused 1.947ms total 60.898ms
08-05 23:24:50.622 13697 13697 V MainActivity: url = https://project-travel-mate.herokuapp.com/api/number-of-unread-notifications
08-05 23:24:50.629 13697 13709 I art     : Starting a blocking GC Explicit
08-05 23:24:50.692 13866 13866 I GoogleInputMethodServic: GoogleInputMethodService.onFinishInput():3138 
08-05 23:24:50.693 13866 13866 I GoogleInputMethodServic: GoogleInputMethodService.onStartInput():1808 
08-05 23:24:50.697 13697 13709 I art     : Explicit concurrent mark sweep GC freed 545(17KB) AllocSpace objects, 0(0B) LOS objects, 7% free, 188MB/204MB, paused 2.781ms total 68.234ms
08-05 23:24:50.725 13697 13709 I art     : Starting a blocking GC Explicit
08-05 23:24:50.790 13697 13709 I art     : Explicit concurrent mark sweep GC freed 265(10KB) AllocSpace objects, 0(0B) LOS objects, 7% free, 188MB/204MB, paused 1.938ms total 64.683ms
08-05 23:24:50.816 13697 13709 I art     : Starting a blocking GC Explicit
08-05 23:24:50.899 13697 13709 I art     : Explicit concurrent mark sweep GC freed 100(3040B) AllocSpace objects, 0(0B) LOS objects, 7% free, 188MB/204MB, paused 2.309ms total 82.094ms
08-05 23:24:50.946   380   380 W SurfaceFlinger: couldn't log to binary event log: overflow.
08-05 23:24:51.189 13697 15803 I NAPPA_EXPERIMENTATION: MetricNetworkRequestExecutionTime: REQUEST_DURATION_SYSTEM='566',REQUEST_DURATION_OKHTTP='33',REQUEST_SYNCHRONOUS='FALSE',RESPONSE_CODE='200',RESPONSE_METHOD='GET',RESPONSE_LENGTH_OKHTTP='36',RESPONSE_LENGTH_HEADER='36',REQUEST_PROTOCOL='http/1.1',REQUEST_URL='https://project-travel-mate.herokuapp.com/api/number-of-unread-notifications',
08-05 23:24:51.368 13697 13758 I art     : Starting a blocking GC Explicit
08-05 23:24:51.463 13697 13758 I art     : Explicit concurrent mark sweep GC freed 4476(242KB) AllocSpace objects, 6(4MB) LOS objects, 7% free, 184MB/200MB, paused 2.667ms total 94.777ms
08-05 23:24:51.494 13697 13758 I art     : Starting a blocking GC Explicit
08-05 23:24:51.561 13697 13758 I art     : Explicit concurrent mark sweep GC freed 4688(294KB) AllocSpace objects, 2(56KB) LOS objects, 7% free, 184MB/200MB, paused 2.318ms total 65.836ms
08-05 23:24:51.588 13697 13758 I art     : Starting a blocking GC Explicit
08-05 23:24:51.661 13697 13758 I art     : Explicit concurrent mark sweep GC freed 7(288B) AllocSpace objects, 0(0B) LOS objects, 7% free, 184MB/200MB, paused 2.351ms total 72.968ms
08-05 23:24:51.689 13697 13758 I art     : Starting a blocking GC Explicit
08-05 23:24:51.773 13697 13758 I art     : Explicit concurrent mark sweep GC freed 3(96B) AllocSpace objects, 0(0B) LOS objects, 7% free, 184MB/200MB, paused 2.861ms total 83.707ms
08-05 23:24:51.805 13697 13758 I art     : Starting a blocking GC Explicit
08-05 23:24:51.877 13697 13758 I art     : Explicit concurrent mark sweep GC freed 3(96B) AllocSpace objects, 0(0B) LOS objects, 7% free, 184MB/200MB, paused 2.288ms total 71.597ms
08-05 23:24:52.323 13697 13710 I art     : Starting a blocking GC Explicit
08-05 23:24:52.399 13697 13710 I art     : Explicit concurrent mark sweep GC freed 1619(92KB) AllocSpace objects, 2(36KB) LOS objects, 7% free, 184MB/200MB, paused 2.245ms total 74.690ms
08-05 23:24:52.425 13697 13710 I art     : Starting a blocking GC Explicit
08-05 23:24:52.490 15815 15815 D AndroidRuntime: >>>>>> START com.android.internal.os.RuntimeInit uid 2000 <<<<<<
08-05 23:24:52.494 13697 13710 I art     : Explicit concurrent mark sweep GC freed 28(1024B) AllocSpace objects, 0(0B) LOS objects, 7% free, 184MB/200MB, paused 2.304ms total 68.298ms
08-05 23:24:52.496 15815 15815 D AndroidRuntime: CheckJNI is OFF
08-05 23:24:52.521 13697 13710 I art     : Starting a blocking GC Explicit
08-05 23:24:52.548 15815 15815 D ICU     : No timezone override file found: /data/misc/zoneinfo/current/icu/icu_tzdata.dat
08-05 23:24:52.590 13697 13710 I art     : Explicit concurrent mark sweep GC freed 3(96B) AllocSpace objects, 0(0B) LOS objects, 7% free, 184MB/200MB, paused 2.443ms total 69.122ms
08-05 23:24:52.595 15815 15815 I Radio-JNI: register_android_hardware_Radio DONE
08-05 23:24:52.617 13697 13710 I art     : Starting a blocking GC Explicit
08-05 23:24:52.628 15815 15815 D AndroidRuntime: Calling main entry com.android.commands.input.Input
08-05 23:24:52.630 15815 15815 I Input   : injectMotionEvent: MotionEvent { action=ACTION_DOWN, actionButton=0, id[0]=0, x[0]=117.0, y[0]=170.0, toolType[0]=TOOL_TYPE_UNKNOWN, buttonState=0, metaState=0, flags=0x0, edgeFlags=0x0, pointerCount=1, historySize=0, eventTime=833109042, downTime=833109042, deviceId=0, source=0x1002 }
08-05 23:24:52.635 15815 15815 I Input   : injectMotionEvent: MotionEvent { action=ACTION_UP, actionButton=0, id[0]=0, x[0]=117.0, y[0]=170.0, toolType[0]=TOOL_TYPE_UNKNOWN, buttonState=0, metaState=0, flags=0x0, edgeFlags=0x0, pointerCount=1, historySize=0, eventTime=833109042, downTime=833109042, deviceId=0, source=0x1002 }
08-05 23:24:52.637 15815 15815 D AndroidRuntime: Shutting down VM
08-05 23:24:52.651   512  2967 D audio_hw_primary: out_set_parameters: enter: usecase(1: low-latency-playback) kvpairs: routing=2
08-05 23:24:52.665   512  2967 D audio_hw_primary: select_devices: out_snd_device(2: speaker) in_snd_device(0: none)
08-05 23:24:52.665   512  2967 D msm8974_platform: platform_send_audio_calibration: sending audio calibration for snd_device(2) acdb_id(15)
08-05 23:24:52.666   512  2967 I soundtrigger: audio_extn_sound_trigger_update_device_status: device 0x2 of type 0 for Event 1
08-05 23:24:52.681   918  3261 D WifiStateMachine: starting scan for "H369AA63323"WPA_PSK with 2412,5180
08-05 23:24:52.681   512  2967 D audio_hw_primary: enable_snd_device: snd_device(2: speaker)
08-05 23:24:52.684   512  2967 D audio_hw_primary: enable_audio_route: apply and update mixer path: low-latency-playback speaker
08-05 23:24:52.689 13697 13710 I art     : Explicit concurrent mark sweep GC freed 68(2464B) AllocSpace objects, 0(0B) LOS objects, 7% free, 184MB/200MB, paused 2.526ms total 72.044ms
08-05 23:24:52.723 13697 13710 I art     : Starting a blocking GC Explicit
08-05 23:24:52.790 13697 13710 I art     : Explicit concurrent mark sweep GC freed 404(20KB) AllocSpace objects, 0(0B) LOS objects, 7% free, 184MB/200MB, paused 2.142ms total 66.994ms
08-05 23:24:53.230   512  2967 D audio_hw_primary: disable_audio_route: reset and update mixer path: low-latency-playback speaker
08-05 23:24:53.231   512  2967 D audio_hw_primary: disable_snd_device: snd_device(2: speaker)
08-05 23:24:53.240   512  2967 I soundtrigger: audio_extn_sound_trigger_update_device_status: device 0x2 of type 0 for Event 0
08-05 23:24:53.251 13697 13757 I art     : Starting a blocking GC Explicit
08-05 23:24:53.320 13697 13757 I art     : Explicit concurrent mark sweep GC freed 1638(94KB) AllocSpace objects, 2(36KB) LOS objects, 7% free, 184MB/200MB, paused 2.439ms total 68.619ms
08-05 23:24:53.347 13697 13757 I art     : Starting a blocking GC Explicit
08-05 23:24:53.416 13697 13757 I art     : Explicit concurrent mark sweep GC freed 59(2512B) AllocSpace objects, 0(0B) LOS objects, 7% free, 184MB/200MB, paused 2.316ms total 68.175ms
08-05 23:24:53.443 13697 13757 I art     : Starting a blocking GC Explicit
08-05 23:24:53.511 13697 13757 I art     : Explicit concurrent mark sweep GC freed 16(736B) AllocSpace objects, 0(0B) LOS objects, 7% free, 184MB/200MB, paused 2.244ms total 67.930ms
08-05 23:24:53.538 13697 13757 I art     : Starting a blocking GC Explicit
08-05 23:24:53.542 15838 15838 D AndroidRuntime: >>>>>> START com.android.internal.os.RuntimeInit uid 2000 <<<<<<
08-05 23:24:53.548 15838 15838 D AndroidRuntime: CheckJNI is OFF
08-05 23:24:53.598 15838 15838 D ICU     : No timezone override file found: /data/misc/zoneinfo/current/icu/icu_tzdata.dat
08-05 23:24:53.608 13697 13757 I art     : Explicit concurrent mark sweep GC freed 3(96B) AllocSpace objects, 0(0B) LOS objects, 7% free, 184MB/200MB, paused 2.216ms total 69.424ms
08-05 23:24:53.635 13697 13757 I art     : Starting a blocking GC Explicit
08-05 23:24:53.645 15838 15838 I Radio-JNI: register_android_hardware_Radio DONE
08-05 23:24:53.677 15838 15838 D AndroidRuntime: Calling main entry com.android.commands.input.Input
08-05 23:24:53.679 15838 15838 I Input   : injectMotionEvent: MotionEvent { action=ACTION_DOWN, actionButton=0, id[0]=0, x[0]=418.0, y[0]=842.0, toolType[0]=TOOL_TYPE_UNKNOWN, buttonState=0, metaState=0, flags=0x0, edgeFlags=0x0, pointerCount=1, historySize=0, eventTime=833110091, downTime=833110091, deviceId=0, source=0x1002 }
08-05 23:24:53.684 15838 15838 I Input   : injectMotionEvent: MotionEvent { action=ACTION_UP, actionButton=0, id[0]=0, x[0]=418.0, y[0]=842.0, toolType[0]=TOOL_TYPE_UNKNOWN, buttonState=0, metaState=0, flags=0x0, edgeFlags=0x0, pointerCount=1, historySize=0, eventTime=833110091, downTime=833110091, deviceId=0, source=0x1002 }
08-05 23:24:53.686 15838 15838 D AndroidRuntime: Shutting down VM
08-05 23:24:53.704 13697 13757 I art     : Explicit concurrent mark sweep GC freed 10(320B) AllocSpace objects, 0(0B) LOS objects, 7% free, 184MB/200MB, paused 2.494ms total 69.020ms
08-05 23:24:53.711   512  2967 D audio_hw_primary: out_set_parameters: enter: usecase(1: low-latency-playback) kvpairs: routing=2
08-05 23:24:53.716 13697 13778 D Gabe    : call	returning from cache
08-05 23:24:53.724   512  2967 D audio_hw_primary: select_devices: out_snd_device(2: speaker) in_snd_device(0: none)
08-05 23:24:53.724   512  2967 D msm8974_platform: platform_send_audio_calibration: sending audio calibration for snd_device(2) acdb_id(15)
08-05 23:24:53.725   512  2967 I soundtrigger: audio_extn_sound_trigger_update_device_status: device 0x2 of type 0 for Event 1
08-05 23:24:53.736   512  2967 D audio_hw_primary: enable_snd_device: snd_device(2: speaker)
08-05 23:24:53.738   512  2967 D audio_hw_primary: enable_audio_route: apply and update mixer path: low-latency-playback speaker
08-05 23:24:53.751 13697 13697 V MainActivity: url = https://project-travel-mate.herokuapp.com/api/number-of-unread-notifications
08-05 23:24:53.787   512  2967 D AudioFlinger: mixer(0xf4740000) throttle end: throttle time(12)
08-05 23:24:54.150 13697 13709 I art     : Starting a blocking GC Explicit
08-05 23:24:54.228 13697 13709 I art     : Explicit concurrent mark sweep GC freed 4128(255KB) AllocSpace objects, 2(36KB) LOS objects, 7% free, 184MB/200MB, paused 2.744ms total 77.682ms
08-05 23:24:54.255 13697 13709 I art     : Starting a blocking GC Explicit
08-05 23:24:54.279   512  2967 D audio_hw_primary: disable_audio_route: reset and update mixer path: low-latency-playback speaker
08-05 23:24:54.280   512  2967 D audio_hw_primary: disable_snd_device: snd_device(2: speaker)
08-05 23:24:54.288   512  2967 I soundtrigger: audio_extn_sound_trigger_update_device_status: device 0x2 of type 0 for Event 0
08-05 23:24:54.331 13697 13709 I art     : Explicit concurrent mark sweep GC freed 655(37KB) AllocSpace objects, 0(0B) LOS objects, 7% free, 184MB/200MB, paused 3.004ms total 75.467ms
08-05 23:24:54.357 13697 13709 I art     : Starting a blocking GC Explicit
08-05 23:24:54.437 13697 13709 I art     : Explicit concurrent mark sweep GC freed 1567(59KB) AllocSpace objects, 0(0B) LOS objects, 7% free, 185MB/201MB, paused 2.448ms total 79.197ms
08-05 23:24:54.456 13697 13697 I Choreographer: Skipped 41 frames!  The application may be doing too much work on its main thread.
08-05 23:24:54.463 13697 13709 I art     : Starting a blocking GC Explicit
08-05 23:24:54.467   518   646 I ThermalEngine: ACTION: GPU - Setting GPU[0] to 450000000
08-05 23:24:54.522 13697 13709 I art     : Explicit concurrent mark sweep GC freed 2380(142KB) AllocSpace objects, 11(372KB) LOS objects, 7% free, 185MB/201MB, paused 2.307ms total 58.271ms
08-05 23:24:54.542 13697 13709 I art     : Starting a blocking GC Explicit
08-05 23:24:54.567 13697 15861 I NAPPA_EXPERIMENTATION: MetricNetworkRequestExecutionTime: REQUEST_DURATION_SYSTEM='814',REQUEST_DURATION_OKHTTP='31',REQUEST_SYNCHRONOUS='FALSE',RESPONSE_CODE='200',RESPONSE_METHOD='GET',RESPONSE_LENGTH_OKHTTP='36',RESPONSE_LENGTH_HEADER='36',REQUEST_PROTOCOL='http/1.1',REQUEST_URL='https://project-travel-mate.herokuapp.com/api/number-of-unread-notifications',
08-05 23:24:54.606 13697 13709 I art     : Explicit concurrent mark sweep GC freed 2697(184KB) AllocSpace objects, 1(80KB) LOS objects, 7% free, 185MB/201MB, paused 1.984ms total 63.355ms
08-05 23:24:55.013 13697 13709 I art     : Starting a blocking GC Explicit
08-05 23:24:55.082 13697 13709 I art     : Explicit concurrent mark sweep GC freed 3679(177KB) AllocSpace objects, 2(52KB) LOS objects, 7% free, 185MB/201MB, paused 1.565ms total 68.079ms
08-05 23:24:55.104 13697 13709 I art     : Starting a blocking GC Explicit
08-05 23:24:55.166 13697 13709 I art     : Explicit concurrent mark sweep GC freed 168(3KB) AllocSpace objects, 0(0B) LOS objects, 7% free, 185MB/201MB, paused 1.519ms total 62.025ms
08-05 23:24:55.187 13697 13709 I art     : Starting a blocking GC Explicit
08-05 23:24:55.249 13697 13709 I art     : Explicit concurrent mark sweep GC freed 159(3056B) AllocSpace objects, 0(0B) LOS objects, 7% free, 185MB/201MB, paused 1.615ms total 62.246ms
08-05 23:24:55.269 13697 13709 I art     : Starting a blocking GC Explicit
08-05 23:24:55.334 13697 13709 I art     : Explicit concurrent mark sweep GC freed 127(2224B) AllocSpace objects, 0(0B) LOS objects, 7% free, 185MB/201MB, paused 1.512ms total 64.255ms
08-05 23:24:55.357 13697 13709 I art     : Starting a blocking GC Explicit
08-05 23:24:55.422 13697 13709 I art     : Explicit concurrent mark sweep GC freed 179(4KB) AllocSpace objects, 0(0B) LOS objects, 7% free, 185MB/201MB, paused 1.713ms total 64.573ms
08-05 23:24:55.850 13697 13757 I art     : Starting a blocking GC Explicit
08-05 23:24:55.920 13697 13757 I art     : Explicit concurrent mark sweep GC freed 2306(104KB) AllocSpace objects, 2(52KB) LOS objects, 7% free, 185MB/201MB, paused 1.479ms total 70.225ms
08-05 23:24:55.942 13697 13757 I art     : Starting a blocking GC Explicit
08-05 23:24:56.002 13697 13757 I art     : Explicit concurrent mark sweep GC freed 160(3KB) AllocSpace objects, 0(0B) LOS objects, 7% free, 185MB/201MB, paused 1.540ms total 59.645ms
08-05 23:24:56.022 13697 13757 I art     : Starting a blocking GC Explicit
08-05 23:24:56.084 13697 13757 I art     : Explicit concurrent mark sweep GC freed 140(2976B) AllocSpace objects, 0(0B) LOS objects, 7% free, 185MB/201MB, paused 1.583ms total 62.119ms
08-05 23:24:56.105 13697 13757 I art     : Starting a blocking GC Explicit
08-05 23:24:56.172 13697 13757 I art     : Explicit concurrent mark sweep GC freed 123(2096B) AllocSpace objects, 0(0B) LOS objects, 7% free, 185MB/201MB, paused 1.633ms total 66.814ms
08-05 23:24:56.192 13697 13757 I art     : Starting a blocking GC Explicit
08-05 23:24:56.259 13697 13757 I art     : Explicit concurrent mark sweep GC freed 183(3KB) AllocSpace objects, 0(0B) LOS objects, 7% free, 185MB/201MB, paused 1.631ms total 66.990ms
08-05 23:24:56.476 15903 15903 D AndroidRuntime: >>>>>> START com.android.internal.os.RuntimeInit uid 2000 <<<<<<
08-05 23:24:56.482 15903 15903 D AndroidRuntime: CheckJNI is OFF
08-05 23:24:56.522 15903 15903 D ICU     : No timezone override file found: /data/misc/zoneinfo/current/icu/icu_tzdata.dat
08-05 23:24:56.566 15903 15903 I Radio-JNI: register_android_hardware_Radio DONE
08-05 23:24:56.595 15903 15903 D AndroidRuntime: Calling main entry com.android.commands.input.Input
08-05 23:24:56.597 15903 15903 I Input   : injectMotionEvent: MotionEvent { action=ACTION_DOWN, actionButton=0, id[0]=0, x[0]=117.0, y[0]=170.0, toolType[0]=TOOL_TYPE_UNKNOWN, buttonState=0, metaState=0, flags=0x0, edgeFlags=0x0, pointerCount=1, historySize=0, eventTime=833113009, downTime=833113009, deviceId=0, source=0x1002 }
08-05 23:24:56.601 15903 15903 I Input   : injectMotionEvent: MotionEvent { action=ACTION_UP, actionButton=0, id[0]=0, x[0]=117.0, y[0]=170.0, toolType[0]=TOOL_TYPE_UNKNOWN, buttonState=0, metaState=0, flags=0x0, edgeFlags=0x0, pointerCount=1, historySize=0, eventTime=833113009, downTime=833113009, deviceId=0, source=0x1002 }
08-05 23:24:56.604 15903 15903 D AndroidRuntime: Shutting down VM
08-05 23:24:56.607   512  2967 D audio_hw_primary: out_set_parameters: enter: usecase(1: low-latency-playback) kvpairs: routing=2
08-05 23:24:56.620   512  2967 D audio_hw_primary: select_devices: out_snd_device(2: speaker) in_snd_device(0: none)
08-05 23:24:56.620   512  2967 D msm8974_platform: platform_send_audio_calibration: sending audio calibration for snd_device(2) acdb_id(15)
08-05 23:24:56.620   512  2967 I soundtrigger: audio_extn_sound_trigger_update_device_status: device 0x2 of type 0 for Event 1
08-05 23:24:56.630   512  2967 D audio_hw_primary: enable_snd_device: snd_device(2: speaker)
08-05 23:24:56.632   512  2967 D audio_hw_primary: enable_audio_route: apply and update mixer path: low-latency-playback speaker
08-05 23:24:56.699 13697 13709 I art     : Starting a blocking GC Explicit
08-05 23:24:56.764 13697 13709 I art     : Explicit concurrent mark sweep GC freed 2767(126KB) AllocSpace objects, 2(52KB) LOS objects, 7% free, 185MB/201MB, paused 1.371ms total 64.849ms
08-05 23:24:56.786 13697 13709 I art     : Starting a blocking GC Explicit
08-05 23:24:56.849 13697 13709 I art     : Explicit concurrent mark sweep GC freed 189(4KB) AllocSpace objects, 0(0B) LOS objects, 7% free, 185MB/201MB, paused 1.700ms total 62.553ms
08-05 23:24:56.869 13697 13709 I art     : Starting a blocking GC Explicit
08-05 23:24:56.926 13697 13709 I art     : Explicit concurrent mark sweep GC freed 124(2128B) AllocSpace objects, 0(0B) LOS objects, 7% free, 185MB/201MB, paused 1.481ms total 56.244ms
08-05 23:24:56.945 13697 13709 I art     : Starting a blocking GC Explicit
08-05 23:24:57.001 13697 13709 I art     : Explicit concurrent mark sweep GC freed 101(1760B) AllocSpace objects, 0(0B) LOS objects, 7% free, 185MB/201MB, paused 1.421ms total 55.764ms
08-05 23:24:57.021 13697 13709 I art     : Starting a blocking GC Explicit
08-05 23:24:57.079 13697 13709 I art     : Explicit concurrent mark sweep GC freed 131(2384B) AllocSpace objects, 0(0B) LOS objects, 7% free, 185MB/201MB, paused 1.452ms total 58.204ms
08-05 23:24:57.170   512  2967 D audio_hw_primary: disable_audio_route: reset and update mixer path: low-latency-playback speaker
08-05 23:24:57.171   512  2967 D audio_hw_primary: disable_snd_device: snd_device(2: speaker)
08-05 23:24:57.179   512  2967 I soundtrigger: audio_extn_sound_trigger_update_device_status: device 0x2 of type 0 for Event 0
08-05 23:24:57.353 15931 15931 D AndroidRuntime: >>>>>> START com.android.internal.os.RuntimeInit uid 2000 <<<<<<
08-05 23:24:57.359 15931 15931 D AndroidRuntime: CheckJNI is OFF
08-05 23:24:57.403 15931 15931 D ICU     : No timezone override file found: /data/misc/zoneinfo/current/icu/icu_tzdata.dat
08-05 23:24:57.445 15931 15931 I Radio-JNI: register_android_hardware_Radio DONE
08-05 23:24:57.475 15931 15931 D AndroidRuntime: Calling main entry com.android.commands.input.Input
08-05 23:24:57.477 15931 15931 I Input   : injectMotionEvent: MotionEvent { action=ACTION_DOWN, actionButton=0, id[0]=0, x[0]=355.0, y[0]=1674.0, toolType[0]=TOOL_TYPE_UNKNOWN, buttonState=0, metaState=0, flags=0x0, edgeFlags=0x0, pointerCount=1, historySize=0, eventTime=833113889, downTime=833113889, deviceId=0, source=0x1002 }
08-05 23:24:57.478 13697 13757 I art     : Starting a blocking GC Explicit
08-05 23:24:57.481 15931 15931 I Input   : injectMotionEvent: MotionEvent { action=ACTION_UP, actionButton=0, id[0]=0, x[0]=355.0, y[0]=1674.0, toolType[0]=TOOL_TYPE_UNKNOWN, buttonState=0, metaState=0, flags=0x0, edgeFlags=0x0, pointerCount=1, historySize=0, eventTime=833113889, downTime=833113889, deviceId=0, source=0x1002 }
08-05 23:24:57.483 15931 15931 D AndroidRuntime: Shutting down VM
08-05 23:24:57.493   512  2967 D audio_hw_primary: out_set_parameters: enter: usecase(1: low-latency-playback) kvpairs: routing=2
08-05 23:24:57.504 13697 13697 V MainActivity: url = https://project-travel-mate.herokuapp.com/api/number-of-unread-notifications
08-05 23:24:57.507   512  2967 D audio_hw_primary: select_devices: out_snd_device(2: speaker) in_snd_device(0: none)
08-05 23:24:57.507   512  2967 D msm8974_platform: platform_send_audio_calibration: sending audio calibration for snd_device(2) acdb_id(15)
08-05 23:24:57.507   512  2967 I soundtrigger: audio_extn_sound_trigger_update_device_status: device 0x2 of type 0 for Event 1
08-05 23:24:57.516   512  2967 D audio_hw_primary: enable_snd_device: snd_device(2: speaker)
08-05 23:24:57.518   512  2967 D audio_hw_primary: enable_audio_route: apply and update mixer path: low-latency-playback speaker
08-05 23:24:57.542 13697 13757 I art     : Explicit concurrent mark sweep GC freed 3450(151KB) AllocSpace objects, 2(52KB) LOS objects, 7% free, 185MB/201MB, paused 2.341ms total 63.776ms
08-05 23:24:57.556   512  2967 D AudioFlinger: mixer(0xf4740000) throttle end: throttle time(12)
08-05 23:24:57.562 13697 13757 I art     : Starting a blocking GC Explicit
08-05 23:24:57.622 13697 13757 I art     : Explicit concurrent mark sweep GC freed 2512(181KB) AllocSpace objects, 0(0B) LOS objects, 7% free, 185MB/201MB, paused 1.597ms total 59.840ms
08-05 23:24:57.641 13697 13757 I art     : Starting a blocking GC Explicit
08-05 23:24:57.700 13697 13757 I art     : Explicit concurrent mark sweep GC freed 828(49KB) AllocSpace objects, 9(252KB) LOS objects, 7% free, 185MB/201MB, paused 1.530ms total 59.235ms
08-05 23:24:57.720 13697 13757 I art     : Starting a blocking GC Explicit
08-05 23:24:57.789 13697 13757 I art     : Explicit concurrent mark sweep GC freed 3(96B) AllocSpace objects, 0(0B) LOS objects, 7% free, 185MB/201MB, paused 1.853ms total 68.716ms
08-05 23:24:57.813 13697 13757 I art     : Starting a blocking GC Explicit
08-05 23:24:57.874 13697 13757 I art     : Explicit concurrent mark sweep GC freed 3(96B) AllocSpace objects, 0(0B) LOS objects, 7% free, 185MB/201MB, paused 1.857ms total 60.570ms
08-05 23:24:58.041   512  2967 D audio_hw_primary: disable_audio_route: reset and update mixer path: low-latency-playback speaker
08-05 23:24:58.042   512  2967 D audio_hw_primary: disable_snd_device: snd_device(2: speaker)
08-05 23:24:58.050   512  2967 I soundtrigger: audio_extn_sound_trigger_update_device_status: device 0x2 of type 0 for Event 0
08-05 23:24:58.279 13697 13710 I art     : Starting a blocking GC Explicit
08-05 23:24:58.351 13697 13710 I art     : Explicit concurrent mark sweep GC freed 4225(226KB) AllocSpace objects, 5(248KB) LOS objects, 7% free, 185MB/201MB, paused 1.854ms total 72.248ms
08-05 23:24:58.358 13697 15971 I NAPPA_EXPERIMENTATION: MetricNetworkRequestExecutionTime: REQUEST_DURATION_SYSTEM='853',REQUEST_DURATION_OKHTTP='33',REQUEST_SYNCHRONOUS='FALSE',RESPONSE_CODE='200',RESPONSE_METHOD='GET',RESPONSE_LENGTH_OKHTTP='36',RESPONSE_LENGTH_HEADER='36',REQUEST_PROTOCOL='http/1.1',REQUEST_URL='https://project-travel-mate.herokuapp.com/api/number-of-unread-notifications',
08-05 23:24:58.372 13697 13710 I art     : Starting a blocking GC Explicit
08-05 23:24:58.439 13697 13710 I art     : Explicit concurrent mark sweep GC freed 1096(128KB) AllocSpace objects, 0(0B) LOS objects, 7% free, 185MB/201MB, paused 1.613ms total 66.991ms
08-05 23:24:58.460 13697 13710 I art     : Starting a blocking GC Explicit
08-05 23:24:58.525 13697 13710 I art     : Explicit concurrent mark sweep GC freed 92(4KB) AllocSpace objects, 0(0B) LOS objects, 7% free, 185MB/201MB, paused 1.576ms total 65.382ms
08-05 23:24:58.546 13697 13710 I art     : Starting a blocking GC Explicit
08-05 23:24:58.617 13697 13710 I art     : Explicit concurrent mark sweep GC freed 3(96B) AllocSpace objects, 0(0B) LOS objects, 7% free, 185MB/201MB, paused 1.695ms total 70.354ms
08-05 23:24:58.640 13697 13710 I art     : Starting a blocking GC Explicit
08-05 23:24:58.706 13697 13710 I art     : Explicit concurrent mark sweep GC freed 3(96B) AllocSpace objects, 0(0B) LOS objects, 7% free, 185MB/201MB, paused 1.587ms total 66.022ms
08-05 23:24:59.128 13697 13757 I art     : Starting a blocking GC Explicit
08-05 23:24:59.201 13697 13757 I art     : Explicit concurrent mark sweep GC freed 1610(93KB) AllocSpace objects, 2(48KB) LOS objects, 7% free, 185MB/201MB, paused 1.548ms total 72.454ms
08-05 23:24:59.221 13697 13757 I art     : Starting a blocking GC Explicit
08-05 23:24:59.288 13697 13757 I art     : Explicit concurrent mark sweep GC freed 94(3KB) AllocSpace objects, 0(0B) LOS objects, 7% free, 185MB/201MB, paused 1.573ms total 66.757ms
08-05 23:24:59.312 13697 13757 I art     : Starting a blocking GC Explicit
08-05 23:24:59.384 13697 13757 I art     : Explicit concurrent mark sweep GC freed 11(352B) AllocSpace objects, 0(0B) LOS objects, 7% free, 185MB/201MB, paused 1.577ms total 71.814ms
08-05 23:24:59.406 13697 13757 I art     : Starting a blocking GC Explicit
08-05 23:24:59.475 13697 13757 I art     : Explicit concurrent mark sweep GC freed 16(784B) AllocSpace objects, 0(0B) LOS objects, 7% free, 185MB/201MB, paused 1.595ms total 67.921ms
08-05 23:24:59.496 13697 13757 I art     : Starting a blocking GC Explicit
08-05 23:24:59.568 13697 13757 I art     : Explicit concurrent mark sweep GC freed 13(640B) AllocSpace objects, 0(0B) LOS objects, 7% free, 185MB/201MB, paused 1.739ms total 72.251ms
08-05 23:24:59.989 13697 13710 I art     : Starting a blocking GC Explicit
08-05 23:25:00.057 13697 13710 I art     : Explicit concurrent mark sweep GC freed 1586(92KB) AllocSpace objects, 2(48KB) LOS objects, 7% free, 185MB/201MB, paused 1.598ms total 67.242ms
08-05 23:25:00.077 13697 13710 I art     : Starting a blocking GC Explicit
08-05 23:25:00.142 13697 13710 I art     : Explicit concurrent mark sweep GC freed 28(1024B) AllocSpace objects, 0(0B) LOS objects, 7% free, 185MB/201MB, paused 1.491ms total 64.998ms
08-05 23:25:00.163 13697 13710 I art     : Starting a blocking GC Explicit
08-05 23:25:00.232 13697 13710 I art     : Explicit concurrent mark sweep GC freed 3(96B) AllocSpace objects, 0(0B) LOS objects, 7% free, 185MB/201MB, paused 1.655ms total 68.323ms
08-05 23:25:00.252 13697 13710 I art     : Starting a blocking GC Explicit
08-05 23:25:00.315 16009 16009 D AndroidRuntime: >>>>>> START com.android.internal.os.RuntimeInit uid 2000 <<<<<<
08-05 23:25:00.321 16009 16009 D AndroidRuntime: CheckJNI is OFF
08-05 23:25:00.322 13697 13710 I art     : Explicit concurrent mark sweep GC freed 40(1088B) AllocSpace objects, 0(0B) LOS objects, 7% free, 185MB/201MB, paused 1.620ms total 69.394ms
08-05 23:25:00.342 13697 13710 I art     : Starting a blocking GC Explicit
08-05 23:25:00.366 16009 16009 D ICU     : No timezone override file found: /data/misc/zoneinfo/current/icu/icu_tzdata.dat
08-05 23:25:00.409 13697 13710 I art     : Explicit concurrent mark sweep GC freed 3(96B) AllocSpace objects, 0(0B) LOS objects, 7% free, 185MB/201MB, paused 1.707ms total 66.183ms
08-05 23:25:00.410 16009 16009 I Radio-JNI: register_android_hardware_Radio DONE
08-05 23:25:00.441 16009 16009 D AndroidRuntime: Calling main entry com.android.commands.input.Input
08-05 23:25:00.443 16009 16009 I Input   : injectMotionEvent: MotionEvent { action=ACTION_DOWN, actionButton=0, id[0]=0, x[0]=747.0, y[0]=608.0, toolType[0]=TOOL_TYPE_UNKNOWN, buttonState=0, metaState=0, flags=0x0, edgeFlags=0x0, pointerCount=1, historySize=0, eventTime=833116856, downTime=833116856, deviceId=0, source=0x1002 }
08-05 23:25:00.449 16009 16009 I Input   : injectMotionEvent: MotionEvent { action=ACTION_UP, actionButton=0, id[0]=0, x[0]=747.0, y[0]=608.0, toolType[0]=TOOL_TYPE_UNKNOWN, buttonState=0, metaState=0, flags=0x0, edgeFlags=0x0, pointerCount=1, historySize=0, eventTime=833116856, downTime=833116856, deviceId=0, source=0x1002 }
08-05 23:25:00.451   918  6111 I ActivityManager: START u0 {cmp=baseline.io.github.project_travel_mate/.utilities.ChecklistActivity} from uid 10696 on display 0
08-05 23:25:00.452   512  2967 D audio_hw_primary: out_set_parameters: enter: usecase(1: low-latency-playback) kvpairs: routing=2
08-05 23:25:00.455 16009 16009 D AndroidRuntime: Shutting down VM
08-05 23:25:00.466   512  2967 D audio_hw_primary: select_devices: out_snd_device(2: speaker) in_snd_device(0: none)
08-05 23:25:00.466   512  2967 D msm8974_platform: platform_send_audio_calibration: sending audio calibration for snd_device(2) acdb_id(15)
08-05 23:25:00.466   512  2967 I soundtrigger: audio_extn_sound_trigger_update_device_status: device 0x2 of type 0 for Event 1
08-05 23:25:00.479   512  2967 D audio_hw_primary: enable_snd_device: snd_device(2: speaker)
08-05 23:25:00.481   512  2967 D audio_hw_primary: enable_audio_route: apply and update mixer path: low-latency-playback speaker
08-05 23:25:00.803 13697 13757 I art     : Starting a blocking GC Explicit
08-05 23:25:00.828 10068 10068 I Atfwd_Sendcmd: AtCmdFwd service not ready - Exhausted retry attempts - :6
08-05 23:25:00.828 10068 10068 I Atfwd_Daemon: result : -1 	 ,Init step :2 	 ,qmiErrorCode: 0
08-05 23:25:00.890 13697 13757 I art     : Explicit concurrent mark sweep GC freed 108406(4MB) AllocSpace objects, 2(48KB) LOS objects, 7% free, 186MB/202MB, paused 2.277ms total 86.120ms
08-05 23:25:00.912 13697 13757 I art     : Starting a blocking GC Explicit
08-05 23:25:00.981 13697 13757 I art     : Explicit concurrent mark sweep GC freed 36592(1602KB) AllocSpace objects, 0(0B) LOS objects, 7% free, 186MB/202MB, paused 1.983ms total 69.381ms
08-05 23:25:00.981 13697 13708 I art     : WaitForGcToComplete blocked for 60.547ms for cause HeapTrim
08-05 23:25:00.984 13866 13866 I ShortcutsDataManager: ShortcutsDataManager.onContentChanged():89 onContentChanged()
08-05 23:25:01.001 13697 13757 I art     : Starting a blocking GC Explicit
08-05 23:25:01.018   512  2967 D audio_hw_primary: disable_audio_route: reset and update mixer path: low-latency-playback speaker
08-05 23:25:01.020   512  2967 D audio_hw_primary: disable_snd_device: snd_device(2: speaker)
08-05 23:25:01.029   512  2967 I soundtrigger: audio_extn_sound_trigger_update_device_status: device 0x2 of type 0 for Event 0
08-05 23:25:01.061 13697 13757 I art     : Explicit concurrent mark sweep GC freed 1280(117KB) AllocSpace objects, 0(0B) LOS objects, 7% free, 186MB/202MB, paused 1.928ms total 59.944ms
08-05 23:25:01.082 13697 13757 I art     : Starting a blocking GC Explicit
08-05 23:25:01.141 13697 13757 I art     : Explicit concurrent mark sweep GC freed 217(13KB) AllocSpace objects, 0(0B) LOS objects, 7% free, 186MB/202MB, paused 1.669ms total 58.084ms
08-05 23:25:01.144 13866 13866 I GoogleInputMethodServic: GoogleInputMethodService.onFinishInput():3138 
08-05 23:25:01.144 13697 13697 I Choreographer: Skipped 36 frames!  The application may be doing too much work on its main thread.
08-05 23:25:01.144 13866 13866 I GoogleInputMethodServic: GoogleInputMethodService.onStartInput():1808 
08-05 23:25:01.145   918   936 I ActivityManager: Displayed baseline.io.github.project_travel_mate/.utilities.ChecklistActivity: +686ms
08-05 23:25:01.145 13866 13866 I ShortcutsDataManager: AbstractContentDataManager.startImportContentTask():208 startImportContentTask()
08-05 23:25:01.146 13866 13938 I ShortcutsDataManager: AbstractContentDataManager$ImportContentTask.doInBackground():222 doInBackground()
08-05 23:25:01.147 13866 13938 I PersonalDictionaryDataH: PersonalDictionaryDataHandler.beginProcess():111 LanguageTags = [en-US]
08-05 23:25:01.160 13866 13938 I ShortcutsDataManager: AbstractContentDataManager.importRecords():312 importRecords() : Success : Count = 0
08-05 23:25:01.163 13697 13757 I art     : Starting a blocking GC Explicit
08-05 23:25:01.168 13866 13938 I ShortcutsDataManager: AbstractContentDataManager.importContentData():262 importContentData() : Ending import process
08-05 23:25:01.188 13866 13938 I PersonalLanguageModelUp: PersonalLanguageModelUpdater$UpdateOperation.performInternal():160 run() : Added 0 words and 0 shortcuts
08-05 23:25:01.188 13866 13938 I DynamicLanguageModelOpe: DynamicLanguageModelOperation.perform():37 perform() : 4 : coc : Completed
08-05 23:25:01.189 13866 13950 I Delight5Decoder: Delight5DecoderWrapper.loadLanguageModel():578 loadLanguageModel() : 4, version [n/a]
08-05 23:25:01.189 13866 13866 I ShortcutsDataManager: AbstractContentDataManager$ImportContentTask.onPostExecute():233 onPostExecute() : Result = [2,0]
08-05 23:25:01.189 13866 13866 I ShortcutsDataManager: ShortcutsDataManager.onImportFinished():99 onImportFinished() : Result = 2 : Count = 0
08-05 23:25:01.190 13866 13950 I Delight5Decoder: Delight5DecoderWrapper.loadLanguageModel():616 Loaded dynamic LM 4.en
08-05 23:25:01.223 13697 13757 I art     : Explicit concurrent mark sweep GC freed 599(24KB) AllocSpace objects, 0(0B) LOS objects, 7% free, 186MB/202MB, paused 1.327ms total 60.130ms
08-05 23:25:01.392   380   380 W SurfaceFlinger: couldn't log to binary event log: overflow.
08-05 23:25:01.624 13697 13757 I art     : Starting a blocking GC Explicit
08-05 23:25:01.696 13697 13757 I art     : Explicit concurrent mark sweep GC freed 1887(103KB) AllocSpace objects, 2(48KB) LOS objects, 7% free, 186MB/202MB, paused 1.471ms total 71.914ms
08-05 23:25:01.718 13697 13757 I art     : Starting a blocking GC Explicit
08-05 23:25:01.791 13697 13757 I art     : Explicit concurrent mark sweep GC freed 36(1280B) AllocSpace objects, 0(0B) LOS objects, 7% free, 186MB/202MB, paused 1.596ms total 72.969ms
08-05 23:25:01.814 13697 13757 I art     : Starting a blocking GC Explicit
08-05 23:25:01.887 13697 13757 I art     : Explicit concurrent mark sweep GC freed 3(96B) AllocSpace objects, 0(0B) LOS objects, 7% free, 186MB/202MB, paused 1.538ms total 72.570ms
08-05 23:25:01.913 13697 13757 I art     : Starting a blocking GC Explicit
08-05 23:25:01.984 13697 13757 I art     : Explicit concurrent mark sweep GC freed 14(720B) AllocSpace objects, 0(0B) LOS objects, 7% free, 186MB/202MB, paused 1.488ms total 70.998ms
08-05 23:25:02.006 13697 13757 I art     : Starting a blocking GC Explicit
08-05 23:25:02.083 13697 13757 I art     : Explicit concurrent mark sweep GC freed 14(672B) AllocSpace objects, 0(0B) LOS objects, 7% free, 186MB/202MB, paused 1.597ms total 76.747ms
08-05 23:25:02.491   518   646 I ThermalEngine: ACTION: GPU - Setting GPU[0] to 390000000
08-05 23:25:02.583 13697 13758 I art     : Starting a blocking GC Explicit
08-05 23:25:02.686 13697 13758 I art     : Explicit concurrent mark sweep GC freed 1643(94KB) AllocSpace objects, 2(48KB) LOS objects, 7% free, 186MB/202MB, paused 2.725ms total 102.639ms
08-05 23:25:02.718 13697 13758 I art     : Starting a blocking GC Explicit
08-05 23:25:02.810 13697 13758 I art     : Explicit concurrent mark sweep GC freed 38(1568B) AllocSpace objects, 0(0B) LOS objects, 7% free, 186MB/202MB, paused 2.726ms total 91.252ms
08-05 23:25:02.845 13697 13758 I art     : Starting a blocking GC Explicit
08-05 23:25:02.946 13697 13758 I art     : Explicit concurrent mark sweep GC freed 3(96B) AllocSpace objects, 0(0B) LOS objects, 7% free, 186MB/202MB, paused 2.511ms total 100.063ms
08-05 23:25:02.980 13697 13758 I art     : Starting a blocking GC Explicit
08-05 23:25:03.070 13697 13758 I art     : Explicit concurrent mark sweep GC freed 3(96B) AllocSpace objects, 0(0B) LOS objects, 7% free, 186MB/202MB, paused 2.748ms total 89.982ms
08-05 23:25:03.106 13697 13758 I art     : Starting a blocking GC Explicit
08-05 23:25:03.205 13697 13758 I art     : Explicit concurrent mark sweep GC freed 3(96B) AllocSpace objects, 0(0B) LOS objects, 7% free, 186MB/202MB, paused 2.590ms total 97.769ms
08-05 23:25:03.485   518   646 I ThermalEngine: ACTION: GPU - Setting GPU[0] to 450000000
08-05 23:25:03.558 13697 13710 I art     : Starting a blocking GC Explicit
08-05 23:25:03.648 13697 13710 I art     : Explicit concurrent mark sweep GC freed 1624(93KB) AllocSpace objects, 2(48KB) LOS objects, 7% free, 186MB/202MB, paused 1.652ms total 89.819ms
08-05 23:25:03.674 13697 13710 I art     : Starting a blocking GC Explicit
08-05 23:25:03.754 13697 13710 I art     : Explicit concurrent mark sweep GC freed 28(1024B) AllocSpace objects, 0(0B) LOS objects, 7% free, 186MB/202MB, paused 1.560ms total 79.523ms
08-05 23:25:03.776 13697 13710 I art     : Starting a blocking GC Explicit
08-05 23:25:03.857 13697 13710 I art     : Explicit concurrent mark sweep GC freed 3(96B) AllocSpace objects, 0(0B) LOS objects, 7% free, 186MB/202MB, paused 1.413ms total 80.318ms
08-05 23:25:03.884 13697 13710 I art     : Starting a blocking GC Explicit
08-05 23:25:03.966 13697 13710 I art     : Explicit concurrent mark sweep GC freed 3(96B) AllocSpace objects, 0(0B) LOS objects, 7% free, 186MB/202MB, paused 1.437ms total 82.111ms
08-05 23:25:03.990 13697 13710 I art     : Starting a blocking GC Explicit
08-05 23:25:04.075 13697 13710 I art     : Explicit concurrent mark sweep GC freed 3(96B) AllocSpace objects, 0(0B) LOS objects, 7% free, 186MB/202MB, paused 1.575ms total 85.061ms
08-05 23:25:04.539 13697 13709 I art     : Starting a blocking GC Explicit
08-05 23:25:04.643 13697 13709 I art     : Explicit concurrent mark sweep GC freed 1624(93KB) AllocSpace objects, 2(48KB) LOS objects, 7% free, 186MB/202MB, paused 1.677ms total 103.283ms
08-05 23:25:04.667 13697 13709 I art     : Starting a blocking GC Explicit
08-05 23:25:04.740 13697 13709 I art     : Explicit concurrent mark sweep GC freed 28(1024B) AllocSpace objects, 0(0B) LOS objects, 7% free, 186MB/202MB, paused 1.418ms total 72.336ms
08-05 23:25:04.762 13697 13709 I art     : Starting a blocking GC Explicit
08-05 23:25:04.831 13697 13709 I art     : Explicit concurrent mark sweep GC freed 3(96B) AllocSpace objects, 0(0B) LOS objects, 7% free, 186MB/202MB, paused 1.530ms total 69.058ms
08-05 23:25:04.853 13697 13709 I art     : Starting a blocking GC Explicit
08-05 23:25:04.929 13697 13709 I art     : Explicit concurrent mark sweep GC freed 3(96B) AllocSpace objects, 0(0B) LOS objects, 7% free, 186MB/202MB, paused 1.569ms total 75.323ms
08-05 23:25:04.951 13697 13709 I art     : Starting a blocking GC Explicit
08-05 23:25:05.028 13697 13709 I art     : Explicit concurrent mark sweep GC freed 15(752B) AllocSpace objects, 0(0B) LOS objects, 7% free, 186MB/202MB, paused 1.633ms total 76.636ms
08-05 23:25:05.253 16095 16095 D AndroidRuntime: >>>>>> START com.android.internal.os.RuntimeInit uid 2000 <<<<<<
08-05 23:25:05.259 16095 16095 D AndroidRuntime: CheckJNI is OFF
08-05 23:25:05.299 16095 16095 D ICU     : No timezone override file found: /data/misc/zoneinfo/current/icu/icu_tzdata.dat
08-05 23:25:05.340 16095 16095 I Radio-JNI: register_android_hardware_Radio DONE
08-05 23:25:05.369 16095 16095 D AndroidRuntime: Calling main entry com.android.commands.input.Input
08-05 23:25:05.371 16095 16095 I Input   : injectKeyEvent: KeyEvent { action=ACTION_DOWN, keyCode=KEYCODE_BACK, scanCode=0, metaState=0, flags=0x0, repeatCount=0, eventTime=833121784, downTime=833121784, deviceId=-1, source=0x101 }
08-05 23:25:05.376 16095 16095 I Input   : injectKeyEvent: KeyEvent { action=ACTION_UP, keyCode=KEYCODE_BACK, scanCode=0, metaState=0, flags=0x0, repeatCount=0, eventTime=833121784, downTime=833121784, deviceId=-1, source=0x101 }
08-05 23:25:05.382 16095 16095 D AndroidRuntime: Shutting down VM
08-05 23:25:05.397 13697 13697 V MainActivity: url = https://project-travel-mate.herokuapp.com/api/number-of-unread-notifications
08-05 23:25:05.428 13866 13866 I GoogleInputMethodServic: GoogleInputMethodService.onFinishInput():3138 
08-05 23:25:05.428 13866 13866 I GoogleInputMethodServic: GoogleInputMethodService.onStartInput():1808 
08-05 23:25:05.460 13697 13757 I art     : Starting a blocking GC Explicit
08-05 23:25:05.528 13697 13757 I art     : Explicit concurrent mark sweep GC freed 2139(116KB) AllocSpace objects, 2(48KB) LOS objects, 7% free, 186MB/202MB, paused 1.539ms total 67.446ms
08-05 23:25:05.552 13697 13757 I art     : Starting a blocking GC Explicit
08-05 23:25:05.618 13697 13757 I art     : Explicit concurrent mark sweep GC freed 97(4KB) AllocSpace objects, 0(0B) LOS objects, 7% free, 186MB/202MB, paused 1.665ms total 65.595ms
08-05 23:25:05.639 13697 13757 I art     : Starting a blocking GC Explicit
08-05 23:25:05.706 13697 13757 I art     : Explicit concurrent mark sweep GC freed 22(1184B) AllocSpace objects, 0(0B) LOS objects, 7% free, 186MB/202MB, paused 1.321ms total 66.828ms
08-05 23:25:05.728 13697 13757 I art     : Starting a blocking GC Explicit
08-05 23:25:05.747   380   380 W SurfaceFlinger: couldn't log to binary event log: overflow.
08-05 23:25:05.794 13697 13757 I art     : Explicit concurrent mark sweep GC freed 479(21KB) AllocSpace objects, 0(0B) LOS objects, 7% free, 186MB/202MB, paused 1.484ms total 65.389ms
08-05 23:25:05.815 13697 13757 I art     : Starting a blocking GC Explicit
08-05 23:25:05.886 13697 13757 I art     : Explicit concurrent mark sweep GC freed 239(30KB) AllocSpace objects, 1(24KB) LOS objects, 7% free, 186MB/202MB, paused 1.752ms total 71.304ms
08-05 23:25:06.155 13697 16119 I NAPPA_EXPERIMENTATION: MetricNetworkRequestExecutionTime: REQUEST_DURATION_SYSTEM='757',REQUEST_DURATION_OKHTTP='35',REQUEST_SYNCHRONOUS='FALSE',RESPONSE_CODE='200',RESPONSE_METHOD='GET',RESPONSE_LENGTH_OKHTTP='36',RESPONSE_LENGTH_HEADER='36',REQUEST_PROTOCOL='http/1.1',REQUEST_URL='https://project-travel-mate.herokuapp.com/api/number-of-unread-notifications',
08-05 23:25:06.317 13697 13758 I art     : Starting a blocking GC Explicit
08-05 23:25:06.412 13697 13758 I art     : Explicit concurrent mark sweep GC freed 4552(247KB) AllocSpace objects, 5(248KB) LOS objects, 7% free, 186MB/202MB, paused 1.941ms total 93.643ms
08-05 23:25:06.436 13697 13758 I art     : Starting a blocking GC Explicit
08-05 23:25:06.514 13697 13758 I art     : Explicit concurrent mark sweep GC freed 962(117KB) AllocSpace objects, 0(0B) LOS objects, 7% free, 186MB/202MB, paused 1.869ms total 77.415ms
08-05 23:25:06.539 13697 13758 I art     : Starting a blocking GC Explicit
08-05 23:25:06.613 13697 13758 I art     : Explicit concurrent mark sweep GC freed 3(96B) AllocSpace objects, 0(0B) LOS objects, 7% free, 186MB/202MB, paused 1.515ms total 74.303ms
08-05 23:25:06.635 13697 13758 I art     : Starting a blocking GC Explicit
08-05 23:25:06.706 13697 13758 I art     : Explicit concurrent mark sweep GC freed 3(96B) AllocSpace objects, 0(0B) LOS objects, 7% free, 186MB/202MB, paused 1.570ms total 70.647ms
08-05 23:25:06.728 13697 13758 I art     : Starting a blocking GC Explicit
08-05 23:25:06.799 13697 13758 I art     : Explicit concurrent mark sweep GC freed 3(96B) AllocSpace objects, 0(0B) LOS objects, 7% free, 186MB/202MB, paused 1.661ms total 71.038ms
08-05 23:25:07.160 16132 16132 D AndroidRuntime: >>>>>> START com.android.internal.os.RuntimeInit uid 2000 <<<<<<
08-05 23:25:07.165 16132 16132 D AndroidRuntime: CheckJNI is OFF
08-05 23:25:07.207 16132 16132 D ICU     : No timezone override file found: /data/misc/zoneinfo/current/icu/icu_tzdata.dat
08-05 23:25:07.232 13697 13709 I art     : Starting a blocking GC Explicit
08-05 23:25:07.254 16132 16132 I Radio-JNI: register_android_hardware_Radio DONE
08-05 23:25:07.284 16132 16132 D AndroidRuntime: Calling main entry com.android.commands.input.Input
08-05 23:25:07.286 16132 16132 I Input   : injectMotionEvent: MotionEvent { action=ACTION_DOWN, actionButton=0, id[0]=0, x[0]=657.0, y[0]=2037.0, toolType[0]=TOOL_TYPE_UNKNOWN, buttonState=0, metaState=0, flags=0x0, edgeFlags=0x0, pointerCount=1, historySize=0, eventTime=833123699, downTime=833123699, deviceId=0, source=0x1002 }
08-05 23:25:07.292 16132 16132 I Input   : injectMotionEvent: MotionEvent { action=ACTION_UP, actionButton=0, id[0]=0, x[0]=657.0, y[0]=2037.0, toolType[0]=TOOL_TYPE_UNKNOWN, buttonState=0, metaState=0, flags=0x0, edgeFlags=0x0, pointerCount=1, historySize=0, eventTime=833123699, downTime=833123699, deviceId=0, source=0x1002 }
08-05 23:25:07.295 16132 16132 D AndroidRuntime: Shutting down VM
08-05 23:25:07.295   918  3961 I ActivityManager: START u0 {cmp=baseline.io.github.project_travel_mate/.utilities.CompassActivity} from uid 10696 on display 0
08-05 23:25:07.298   512  2967 D audio_hw_primary: out_set_parameters: enter: usecase(1: low-latency-playback) kvpairs: routing=2
08-05 23:25:07.311 13697 13709 I art     : Explicit concurrent mark sweep GC freed 1673(94KB) AllocSpace objects, 2(48KB) LOS objects, 7% free, 186MB/202MB, paused 1.676ms total 78.018ms
08-05 23:25:07.311   512  2967 D audio_hw_primary: select_devices: out_snd_device(2: speaker) in_snd_device(0: none)
08-05 23:25:07.311   512  2967 D msm8974_platform: platform_send_audio_calibration: sending audio calibration for snd_device(2) acdb_id(15)
08-05 23:25:07.311   512  2967 I soundtrigger: audio_extn_sound_trigger_update_device_status: device 0x2 of type 0 for Event 1
08-05 23:25:07.324   512  2967 D audio_hw_primary: enable_snd_device: snd_device(2: speaker)
08-05 23:25:07.326   512  2967 D audio_hw_primary: enable_audio_route: apply and update mixer path: low-latency-playback speaker
08-05 23:25:07.334 13697 13709 I art     : Starting a blocking GC Explicit
08-05 23:25:07.394 13697 13709 I art     : Explicit concurrent mark sweep GC freed 343(33KB) AllocSpace objects, 0(0B) LOS objects, 6% free, 235MB/251MB, paused 1.529ms total 60.300ms
08-05 23:25:07.415 13697 13709 I art     : Starting a blocking GC Explicit
08-05 23:25:07.480 13697 13709 I art     : Explicit concurrent mark sweep GC freed 175(11KB) AllocSpace objects, 0(0B) LOS objects, 6% free, 235MB/251MB, paused 1.702ms total 65.233ms
08-05 23:25:07.502 13697 13709 I art     : Starting a blocking GC Explicit
08-05 23:25:07.572 13697 13709 I art     : Explicit concurrent mark sweep GC freed 3(96B) AllocSpace objects, 0(0B) LOS objects, 6% free, 235MB/251MB, paused 1.719ms total 69.394ms
08-05 23:25:07.595 13697 13709 I art     : Starting a blocking GC Explicit
08-05 23:25:07.663 13697 13709 I art     : Explicit concurrent mark sweep GC freed 3(96B) AllocSpace objects, 0(0B) LOS objects, 6% free, 235MB/251MB, paused 1.679ms total 68.133ms
08-05 23:25:07.853 13697 13697 D CompassActivity: start compass
08-05 23:25:07.854   918  5481 I sensors : batch
08-05 23:25:07.854   918  5481 I sensors : activate
08-05 23:25:07.855   918  3670 I sensors : batch
08-05 23:25:07.855   918  3670 I sensors : activate
08-05 23:25:07.859   512  2967 D audio_hw_primary: disable_audio_route: reset and update mixer path: low-latency-playback speaker
08-05 23:25:07.859 13697 13697 I Choreographer: Skipped 32 frames!  The application may be doing too much work on its main thread.
08-05 23:25:07.860   512  2967 D audio_hw_primary: disable_snd_device: snd_device(2: speaker)
08-05 23:25:07.862   918  3188 I hubconnection: sensorhub said: 'batch 1 flags:0, sampling_rate_Hz:50.00, max_report_latency_us:0'
08-05 23:25:07.863   918  3188 I hubconnection: sensorhub said: 'activate 1 enable:1'
08-05 23:25:07.865   918  3188 I hubconnection: sensorhub said: 'batch 3 flags:0, sampling_rate_Hz:50.00, max_report_latency_us:0'
08-05 23:25:07.866   918  3188 I hubconnection: sensorhub said: 'activate 3 enable:1'
08-05 23:25:07.868   512  2967 I soundtrigger: audio_extn_sound_trigger_update_device_status: device 0x2 of type 0 for Event 0
08-05 23:25:07.913 13866 13866 I GoogleInputMethodServic: GoogleInputMethodService.onFinishInput():3138 
08-05 23:25:07.914 13866 13866 I GoogleInputMethodServic: GoogleInputMethodService.onStartInput():1808 
08-05 23:25:08.023 13697 13697 D CompassActivity: will set rotation from 0.0 to 179.57074
08-05 23:25:08.023 13697 13697 D CompassActivity: will set rotation from 179.57074 to 179.57709
08-05 23:25:08.029   918   936 I ActivityManager: Displayed baseline.io.github.project_travel_mate/.utilities.CompassActivity: +723ms
08-05 23:25:08.076 13697 13757 I art     : Starting a blocking GC Explicit
08-05 23:25:08.116 13697 13697 D CompassActivity: will set rotation from 179.57709 to 179.41644
08-05 23:25:08.117 13697 13697 D CompassActivity: will set rotation from 179.41644 to 179.42078
08-05 23:25:08.117 13697 13697 D CompassActivity: will set rotation from 179.42078 to 179.3678
08-05 23:25:08.117 13697 13697 D CompassActivity: will set rotation from 179.3678 to 179.36432
08-05 23:25:08.117 13697 13697 D CompassActivity: will set rotation from 179.36432 to 179.56488
08-05 23:25:08.117 13697 13697 D CompassActivity: will set rotation from 179.56488 to 179.56787
08-05 23:25:08.117 13697 13697 D CompassActivity: will set rotation from 179.56787 to 179.59595
08-05 23:25:08.117 13697 13697 D CompassActivity: will set rotation from 179.59595 to 179.59705
08-05 23:25:08.117 13697 13697 D CompassActivity: will set rotation from 179.59705 to 179.51233
08-05 23:25:08.118 13697 13697 D CompassActivity: will set rotation from 179.51233 to 179.5086
08-05 23:25:08.144 13697 13757 I art     : Explicit concurrent mark sweep GC freed 1909(108KB) AllocSpace objects, 2(48KB) LOS objects, 6% free, 238MB/254MB, paused 1.574ms total 66.999ms
08-05 23:25:08.166 13697 13757 I art     : Starting a blocking GC Explicit
08-05 23:25:08.210 13697 13697 D CompassActivity: will set rotation from 179.5086 to 179.53809
08-05 23:25:08.210 13697 13697 D CompassActivity: will set rotation from 179.53809 to 179.53802
08-05 23:25:08.211 13697 13697 D CompassActivity: will set rotation from 179.53802 to 179.40753
08-05 23:25:08.211 13697 13697 D CompassActivity: will set rotation from 179.40753 to 179.40875
08-05 23:25:08.211 13697 13697 D CompassActivity: will set rotation from 179.40875 to 179.2619
08-05 23:25:08.211 13697 13697 D CompassActivity: will set rotation from 179.2619 to 179.2608
08-05 23:25:08.211 13697 13697 D CompassActivity: will set rotation from 179.2608 to 179.35205
08-05 23:25:08.211 13697 13697 D CompassActivity: will set rotation from 179.35205 to 179.35126
08-05 23:25:08.211 13697 13697 D CompassActivity: will set rotation from 179.35126 to 179.33154
08-05 23:25:08.211 13697 13697 D CompassActivity: will set rotation from 179.33154 to 179.33185
08-05 23:25:08.236 13697 13697 D CompassActivity: will set rotation from 179.33185 to 179.31763
08-05 23:25:08.236 13697 13697 D CompassActivity: will set rotation from 179.31763 to 179.31854
08-05 23:25:08.237 13697 13757 I art     : Explicit concurrent mark sweep GC freed 285(13KB) AllocSpace objects, 0(0B) LOS objects, 6% free, 238MB/254MB, paused 1.568ms total 71.057ms
08-05 23:25:08.248 13697 13697 D CompassActivity: will set rotation from 179.31854 to 179.34863
08-05 23:25:08.248 13697 13697 D CompassActivity: will set rotation from 179.34863 to 179.34924
08-05 23:25:08.258 13697 13757 I art     : Starting a blocking GC Explicit
08-05 23:25:08.269 13697 13697 D CompassActivity: will set rotation from 179.34924 to 179.33344
08-05 23:25:08.270 13697 13697 D CompassActivity: will set rotation from 179.33344 to 179.33252
08-05 23:25:08.283   380   380 W SurfaceFlinger: couldn't log to binary event log: overflow.
08-05 23:25:08.288 13697 13697 D CompassActivity: will set rotation from 179.33252 to 179.28082
08-05 23:25:08.288 13697 13697 D CompassActivity: will set rotation from 179.28082 to 179.27942
08-05 23:25:08.307 13697 13697 D CompassActivity: will set rotation from 179.27942 to 179.34735
08-05 23:25:08.308 13697 13697 D CompassActivity: will set rotation from 179.34735 to 179.3446
08-05 23:25:08.319 13697 13757 I art     : Explicit concurrent mark sweep GC freed 253(11KB) AllocSpace objects, 0(0B) LOS objects, 6% free, 238MB/254MB, paused 1.805ms total 61.528ms
08-05 23:25:08.328 13697 13697 D CompassActivity: will set rotation from 179.3446 to 179.41248
08-05 23:25:08.328 13697 13697 D CompassActivity: will set rotation from 179.41248 to 179.40808
08-05 23:25:08.340 13697 13757 I art     : Starting a blocking GC Explicit
08-05 23:25:08.347 13697 13697 D CompassActivity: will set rotation from 179.40808 to 179.39697
08-05 23:25:08.347 13697 13697 D CompassActivity: will set rotation from 179.39697 to 179.3935
08-05 23:25:08.367 13697 13697 D CompassActivity: will set rotation from 179.3935 to 179.38428
08-05 23:25:08.368 13697 13697 D CompassActivity: will set rotation from 179.38428 to 179.38196
08-05 23:25:08.388 13697 13697 D CompassActivity: will set rotation from 179.38196 to 179.36816
08-05 23:25:08.389 13697 13697 D CompassActivity: will set rotation from 179.36816 to 179.36603
08-05 23:25:08.408 13697 13757 I art     : Explicit concurrent mark sweep GC freed 176(8KB) AllocSpace objects, 0(0B) LOS objects, 6% free, 238MB/254MB, paused 1.734ms total 67.623ms
08-05 23:25:08.431 13697 13757 I art     : Starting a blocking GC Explicit
08-05 23:25:08.493 13697 13697 D CompassActivity: will set rotation from 179.36603 to 179.48004
08-05 23:25:08.493 13697 13697 D CompassActivity: will set rotation from 179.48004 to 179.47974
08-05 23:25:08.493 13697 13697 D CompassActivity: will set rotation from 179.47974 to 179.46173
08-05 23:25:08.494 13697 13697 D CompassActivity: will set rotation from 179.46173 to 179.4632
08-05 23:25:08.494 13697 13697 D CompassActivity: will set rotation from 179.4632 to 179.47858
08-05 23:25:08.494 13697 13697 D CompassActivity: will set rotation from 179.47858 to 179.47827
08-05 23:25:08.494 13697 13757 I art     : Explicit concurrent mark sweep GC freed 107(4KB) AllocSpace objects, 0(0B) LOS objects, 6% free, 238MB/254MB, paused 1.620ms total 63.019ms
08-05 23:25:08.494 13697 13697 D CompassActivity: will set rotation from 179.47827 to 179.4627
08-05 23:25:08.494 13697 13697 D CompassActivity: will set rotation from 179.4627 to 179.46405
08-05 23:25:08.494 13697 13697 D CompassActivity: will set rotation from 179.46405 to 179.42023
08-05 23:25:08.494 13697 13697 D CompassActivity: will set rotation from 179.42023 to 179.42102
08-05 23:25:08.511 13697 13697 D CompassActivity: will set rotation from 179.42102 to 179.3822
08-05 23:25:08.511 13697 13697 D CompassActivity: will set rotation from 179.3822 to 179.38116
08-05 23:25:08.526 13697 13697 D CompassActivity: will set rotation from 179.38116 to 179.42688
08-05 23:25:08.527 13697 13697 D CompassActivity: will set rotation from 179.42688 to 179.4281
08-05 23:25:08.546 13697 13697 D CompassActivity: will set rotation from 179.4281 to 179.41833
08-05 23:25:08.546 13697 13697 D CompassActivity: will set rotation from 179.41833 to 179.41864
08-05 23:25:08.567 13697 13697 D CompassActivity: will set rotation from 179.41864 to 179.45898
08-05 23:25:08.569 13697 13697 D CompassActivity: will set rotation from 179.45898 to 179.45905
08-05 23:25:08.588 13697 13697 D CompassActivity: will set rotation from 179.45905 to 179.49597
08-05 23:25:08.589 13697 13697 D CompassActivity: will set rotation from 179.49597 to 179.49512
08-05 23:25:08.607 13697 13697 D CompassActivity: will set rotation from 179.49512 to 179.53015
08-05 23:25:08.607 13697 13697 D CompassActivity: will set rotation from 179.53015 to 179.52893
08-05 23:25:08.626 13697 13697 D CompassActivity: will set rotation from 179.52893 to 179.51276
08-05 23:25:08.627 13697 13697 D CompassActivity: will set rotation from 179.51276 to 179.51385
08-05 23:25:08.646 13697 13697 D CompassActivity: will set rotation from 179.51385 to 179.52277
08-05 23:25:08.647 13697 13697 D CompassActivity: will set rotation from 179.52277 to 179.52106
08-05 23:25:08.666 13697 13697 D CompassActivity: will set rotation from 179.52106 to 179.52856
08-05 23:25:08.667 13697 13697 D CompassActivity: will set rotation from 179.52856 to 179.52832
08-05 23:25:08.688 13697 13697 D CompassActivity: will set rotation from 179.52832 to 179.55957
08-05 23:25:08.688 13697 13697 D CompassActivity: will set rotation from 179.55957 to 179.56165
08-05 23:25:08.706 13697 13697 D CompassActivity: will set rotation from 179.56165 to 179.58868
08-05 23:25:08.707 13697 13697 D CompassActivity: will set rotation from 179.58868 to 179.58826
08-05 23:25:08.726 13697 13697 D CompassActivity: will set rotation from 179.58826 to 179.59436
08-05 23:25:08.727 13697 13697 D CompassActivity: will set rotation from 179.59436 to 179.59448
08-05 23:25:08.746 13697 13697 D CompassActivity: will set rotation from 179.59448 to 179.59839
08-05 23:25:08.746 13697 13697 D CompassActivity: will set rotation from 179.59839 to 179.599
08-05 23:25:08.765 13697 13697 D CompassActivity: will set rotation from 179.599 to 179.60168
08-05 23:25:08.766 13697 13697 D CompassActivity: will set rotation from 179.60168 to 179.60217
08-05 23:25:08.786 13697 13697 D CompassActivity: will set rotation from 179.60217 to 179.56238
08-05 23:25:08.787 13697 13697 D CompassActivity: will set rotation from 179.56238 to 179.56165
08-05 23:25:08.806 13697 13697 D CompassActivity: will set rotation from 179.56165 to 179.52368
08-05 23:25:08.806 13697 13697 D CompassActivity: will set rotation from 179.52368 to 179.52417
08-05 23:25:08.825 13697 13697 D CompassActivity: will set rotation from 179.52417 to 179.53351
08-05 23:25:08.826 13697 13697 D CompassActivity: will set rotation from 179.53351 to 179.53369
08-05 23:25:08.845 13697 13697 D CompassActivity: will set rotation from 179.53369 to 179.55939
08-05 23:25:08.846 13697 13697 D CompassActivity: will set rotation from 179.55939 to 179.56067
08-05 23:25:08.865 13697 13697 D CompassActivity: will set rotation from 179.56067 to 179.54498
08-05 23:25:08.866 13697 13697 D CompassActivity: will set rotation from 179.54498 to 179.54395
08-05 23:25:08.887 13697 13697 D CompassActivity: will set rotation from 179.54395 to 179.5506
08-05 23:25:08.887 13697 13697 D CompassActivity: will set rotation from 179.5506 to 179.55078
08-05 23:25:08.906 13697 13697 D CompassActivity: will set rotation from 179.55078 to 179.53857
08-05 23:25:08.907 13697 13697 D CompassActivity: will set rotation from 179.53857 to 179.53784
08-05 23:25:08.915 13697 13710 I art     : Starting a blocking GC Explicit
08-05 23:25:08.926 13697 13697 D CompassActivity: will set rotation from 179.53784 to 179.54541
08-05 23:25:08.927 13697 13697 D CompassActivity: will set rotation from 179.54541 to 179.54395
08-05 23:25:08.946 13697 13697 D CompassActivity: will set rotation from 179.54395 to 179.52893
08-05 23:25:08.947 13697 13697 D CompassActivity: will set rotation from 179.52893 to 179.52917
08-05 23:25:08.966 13697 13697 D CompassActivity: will set rotation from 179.52917 to 179.51624
08-05 23:25:08.967 13697 13697 D CompassActivity: will set rotation from 179.51624 to 179.5163
08-05 23:25:08.988 13697 13697 D CompassActivity: will set rotation from 179.5163 to 179.52258
08-05 23:25:08.988 13697 13697 D CompassActivity: will set rotation from 179.52258 to 179.52112
08-05 23:25:08.993 13697 13710 I art     : Explicit concurrent mark sweep GC freed 2103(126KB) AllocSpace objects, 2(48KB) LOS objects, 6% free, 238MB/254MB, paused 1.519ms total 78.412ms
08-05 23:25:09.006 13697 13697 D CompassActivity: will set rotation from 179.52112 to 179.52582
08-05 23:25:09.006 13697 13697 D CompassActivity: will set rotation from 179.52582 to 179.52563
08-05 23:25:09.016 13697 13710 I art     : Starting a blocking GC Explicit
08-05 23:25:09.025 13697 13697 D CompassActivity: will set rotation from 179.52563 to 179.51385
08-05 23:25:09.025 13697 13697 D CompassActivity: will set rotation from 179.51385 to 179.51215
08-05 23:25:09.045 13697 13697 D CompassActivity: will set rotation from 179.51215 to 179.52087
08-05 23:25:09.046 13697 13697 D CompassActivity: will set rotation from 179.52087 to 179.51929
08-05 23:25:09.065 13697 13697 D CompassActivity: will set rotation from 179.51929 to 179.52502
08-05 23:25:09.066 13697 13697 D CompassActivity: will set rotation from 179.52502 to 179.52429
08-05 23:25:09.089 13697 13710 I art     : Explicit concurrent mark sweep GC freed 936(37KB) AllocSpace objects, 0(0B) LOS objects, 6% free, 238MB/254MB, paused 2.269ms total 73.021ms
08-05 23:25:09.089 13697 13697 D CompassActivity: will set rotation from 179.52429 to 179.54877
08-05 23:25:09.091 13697 13697 D CompassActivity: will set rotation from 179.54877 to 179.54803
08-05 23:25:09.106 13697 13697 D CompassActivity: will set rotation from 179.54803 to 179.57031
08-05 23:25:09.107 13697 13697 D CompassActivity: will set rotation from 179.57031 to 179.56921
08-05 23:25:09.113 13697 13710 I art     : Starting a blocking GC Explicit
08-05 23:25:09.124 13697 13697 D CompassActivity: will set rotation from 179.56921 to 179.57373
08-05 23:25:09.125 13697 13697 D CompassActivity: will set rotation from 179.57373 to 179.57568
08-05 23:25:09.144 13697 13697 D CompassActivity: will set rotation from 179.57568 to 179.5799
08-05 23:25:09.145 13697 13697 D CompassActivity: will set rotation from 179.5799 to 179.5802
08-05 23:25:09.164 13697 13697 D CompassActivity: will set rotation from 179.5802 to 179.62091
08-05 23:25:09.165 13697 13697 D CompassActivity: will set rotation from 179.62091 to 179.62122
08-05 23:25:09.188 13697 13710 I art     : Explicit concurrent mark sweep GC freed 189(9KB) AllocSpace objects, 0(0B) LOS objects, 6% free, 238MB/254MB, paused 2.141ms total 75.459ms
08-05 23:25:09.191 13697 13697 D CompassActivity: will set rotation from 179.62122 to 179.62378
08-05 23:25:09.192 13697 13697 D CompassActivity: will set rotation from 179.62378 to 179.62292
08-05 23:25:09.208 13697 13697 D CompassActivity: will set rotation from 179.62292 to 179.64374
08-05 23:25:09.209 13697 13697 D CompassActivity: will set rotation from 179.64374 to 179.6416
08-05 23:25:09.212 13697 13710 I art     : Starting a blocking GC Explicit
08-05 23:25:09.224 13697 13697 D CompassActivity: will set rotation from 179.6416 to 179.64355
08-05 23:25:09.225 13697 13697 D CompassActivity: will set rotation from 179.64355 to 179.6441
08-05 23:25:09.244 13697 13697 D CompassActivity: will set rotation from 179.6441 to 179.64752
08-05 23:25:09.244 13697 13697 D CompassActivity: will set rotation from 179.64752 to 179.64832
08-05 23:25:09.264 13697 13697 D CompassActivity: will set rotation from 179.64832 to 179.63379
08-05 23:25:09.265 13697 13697 D CompassActivity: will set rotation from 179.63379 to 179.63379
08-05 23:25:09.288 13697 13710 I art     : Explicit concurrent mark sweep GC freed 255(11KB) AllocSpace objects, 0(0B) LOS objects, 6% free, 238MB/254MB, paused 1.880ms total 76.045ms
08-05 23:25:09.289 13697 13697 D CompassActivity: will set rotation from 179.63379 to 179.6222
08-05 23:25:09.289 13697 13697 D CompassActivity: will set rotation from 179.6222 to 179.62152
08-05 23:25:09.305 13697 13697 D CompassActivity: will set rotation from 179.62152 to 179.60742
08-05 23:25:09.305 13697 13697 D CompassActivity: will set rotation from 179.60742 to 179.60815
08-05 23:25:09.312 13697 13710 I art     : Starting a blocking GC Explicit
08-05 23:25:09.324 13697 13697 D CompassActivity: will set rotation from 179.60815 to 179.59528
08-05 23:25:09.325 13697 13697 D CompassActivity: will set rotation from 179.59528 to 179.59637
08-05 23:25:09.345 13697 13697 D CompassActivity: will set rotation from 179.59637 to 179.58398
08-05 23:25:09.345 13697 13697 D CompassActivity: will set rotation from 179.58398 to 179.58429
08-05 23:25:09.364 13697 13697 D CompassActivity: will set rotation from 179.58429 to 179.5874
08-05 23:25:09.364 13697 13697 D CompassActivity: will set rotation from 179.5874 to 179.5852
08-05 23:25:09.386 13697 13697 D CompassActivity: will set rotation from 179.5852 to 179.60565
08-05 23:25:09.387 13697 13710 I art     : Explicit concurrent mark sweep GC freed 218(10KB) AllocSpace objects, 0(0B) LOS objects, 6% free, 238MB/254MB, paused 1.593ms total 74.692ms
08-05 23:25:09.387 13697 13697 D CompassActivity: will set rotation from 179.60565 to 179.60742
08-05 23:25:09.404 13697 13697 D CompassActivity: will set rotation from 179.60742 to 179.5924
08-05 23:25:09.405 13697 13697 D CompassActivity: will set rotation from 179.5924 to 179.59406
08-05 23:25:09.423 13697 13697 D CompassActivity: will set rotation from 179.59406 to 179.57947
08-05 23:25:09.423 13697 13697 D CompassActivity: will set rotation from 179.57947 to 179.58032
08-05 23:25:09.443 13697 13697 D CompassActivity: will set rotation from 179.58032 to 179.586
08-05 23:25:09.443 13697 13697 D CompassActivity: will set rotation from 179.586 to 179.58594
08-05 23:25:09.464 13697 13697 D CompassActivity: will set rotation from 179.58594 to 179.6084
08-05 23:25:09.464 13697 13697 D CompassActivity: will set rotation from 179.6084 to 179.60938
08-05 23:25:09.487 13697 13697 D CompassActivity: will set rotation from 179.60938 to 179.6148
08-05 23:25:09.488 13697 13697 D CompassActivity: will set rotation from 179.6148 to 179.61334
08-05 23:25:09.506 13697 13697 D CompassActivity: will set rotation from 179.61334 to 179.61688
08-05 23:25:09.507 13697 13697 D CompassActivity: will set rotation from 179.61688 to 179.61823
08-05 23:25:09.527 13697 13697 D CompassActivity: will set rotation from 179.61823 to 179.62103
08-05 23:25:09.527 13697 13697 D CompassActivity: will set rotation from 179.62103 to 179.62018
08-05 23:25:09.545 13697 13697 D CompassActivity: will set rotation from 179.62018 to 179.62463
08-05 23:25:09.547 13697 13697 D CompassActivity: will set rotation from 179.62463 to 179.62463
08-05 23:25:09.563 13697 13697 D CompassActivity: will set rotation from 179.62463 to 179.62701
08-05 23:25:09.563 13697 13697 D CompassActivity: will set rotation from 179.62701 to 179.62634
08-05 23:25:09.582 13697 13697 D CompassActivity: will set rotation from 179.62634 to 179.61212
08-05 23:25:09.583 13697 13697 D CompassActivity: will set rotation from 179.61212 to 179.612
08-05 23:25:09.604 13697 13697 D CompassActivity: will set rotation from 179.612 to 179.62842
08-05 23:25:09.605 13697 13697 D CompassActivity: will set rotation from 179.62842 to 179.62854
08-05 23:25:09.623 13697 13697 D CompassActivity: will set rotation from 179.62854 to 179.63141
08-05 23:25:09.623 13697 13697 D CompassActivity: will set rotation from 179.63141 to 179.63165
08-05 23:25:09.642 13697 13697 D CompassActivity: will set rotation from 179.63165 to 179.60046
08-05 23:25:09.642 13697 13697 D CompassActivity: will set rotation from 179.60046 to 179.59961
08-05 23:25:09.662 13697 13697 D CompassActivity: will set rotation from 179.59961 to 179.57141
08-05 23:25:09.662 13697 13697 D CompassActivity: will set rotation from 179.57141 to 179.57166
08-05 23:25:09.682 13697 13697 D CompassActivity: will set rotation from 179.57166 to 179.54498
08-05 23:25:09.682 13697 13697 D CompassActivity: will set rotation from 179.54498 to 179.544
08-05 23:25:09.703 13697 13697 D CompassActivity: will set rotation from 179.544 to 179.51709
08-05 23:25:09.703 13697 13697 D CompassActivity: will set rotation from 179.51709 to 179.5166
08-05 23:25:09.722 13697 13697 D CompassActivity: will set rotation from 179.5166 to 179.50513
08-05 23:25:09.722 13697 13697 D CompassActivity: will set rotation from 179.50513 to 179.50409
08-05 23:25:09.742 13697 13697 D CompassActivity: will set rotation from 179.50409 to 179.49268
08-05 23:25:09.742 13697 13697 D CompassActivity: will set rotation from 179.49268 to 179.4931
08-05 23:25:09.761 13697 13697 D CompassActivity: will set rotation from 179.4931 to 179.48303
08-05 23:25:09.762 13697 13697 D CompassActivity: will set rotation from 179.48303 to 179.48236
08-05 23:25:09.781 13697 13697 D CompassActivity: will set rotation from 179.48236 to 179.47375
08-05 23:25:09.782 13697 13697 D CompassActivity: will set rotation from 179.47375 to 179.4751
08-05 23:25:09.804 13697 13697 D CompassActivity: will set rotation from 179.4751 to 179.48364
08-05 23:25:09.805 13697 13697 D CompassActivity: will set rotation from 179.48364 to 179.48468
08-05 23:25:09.818 13697 13710 I art     : Starting a blocking GC Explicit
08-05 23:25:09.825 13697 13697 D CompassActivity: will set rotation from 179.48468 to 179.46118
08-05 23:25:09.825 13697 13697 D CompassActivity: will set rotation from 179.46118 to 179.46143
08-05 23:25:09.843 13697 13697 D CompassActivity: will set rotation from 179.46143 to 179.45227
08-05 23:25:09.844 13697 13697 D CompassActivity: will set rotation from 179.45227 to 179.45142
08-05 23:25:09.862 13697 13697 D CompassActivity: will set rotation from 179.45142 to 179.44342
08-05 23:25:09.863 13697 13697 D CompassActivity: will set rotation from 179.44342 to 179.44244
08-05 23:25:09.881 13697 13697 D CompassActivity: will set rotation from 179.44244 to 179.46533
08-05 23:25:09.882 13697 13697 D CompassActivity: will set rotation from 179.46533 to 179.46527
08-05 23:25:09.901 13697 13697 D CompassActivity: will set rotation from 179.46527 to 179.47339
08-05 23:25:09.902 13697 13697 D CompassActivity: will set rotation from 179.47339 to 179.47247
08-05 23:25:09.903 13697 13710 I art     : Explicit concurrent mark sweep GC freed 2098(124KB) AllocSpace objects, 2(48KB) LOS objects, 6% free, 238MB/254MB, paused 1.824ms total 84.400ms
08-05 23:25:09.922 13697 13697 D CompassActivity: will set rotation from 179.47247 to 179.4624
08-05 23:25:09.922 13697 13697 D CompassActivity: will set rotation from 179.4624 to 179.46118
08-05 23:25:09.925 13697 13710 I art     : Starting a blocking GC Explicit
08-05 23:25:09.941 13697 13697 D CompassActivity: will set rotation from 179.46118 to 179.45264
08-05 23:25:09.942 13697 13697 D CompassActivity: will set rotation from 179.45264 to 179.4527
08-05 23:25:09.961 13697 13697 D CompassActivity: will set rotation from 179.4527 to 179.46008
08-05 23:25:09.962 13697 13697 D CompassActivity: will set rotation from 179.46008 to 179.45789
08-05 23:25:09.982 13697 13697 D CompassActivity: will set rotation from 179.45789 to 179.4491
08-05 23:25:09.983 13697 13697 D CompassActivity: will set rotation from 179.4491 to 179.45123
08-05 23:25:09.998 13697 13710 I art     : Explicit concurrent mark sweep GC freed 852(34KB) AllocSpace objects, 0(0B) LOS objects, 6% free, 238MB/254MB, paused 1.882ms total 73.410ms
08-05 23:25:10.007 13697 13697 D CompassActivity: will set rotation from 179.45123 to 179.45734
08-05 23:25:10.008 13697 13697 D CompassActivity: will set rotation from 179.45734 to 179.45709
08-05 23:25:10.022 13697 13697 D CompassActivity: will set rotation from 179.45709 to 179.43414
08-05 23:25:10.022 13697 13697 D CompassActivity: will set rotation from 179.43414 to 179.43494
08-05 23:25:10.023 13697 13710 I art     : Starting a blocking GC Explicit
08-05 23:25:10.042 13697 13697 D CompassActivity: will set rotation from 179.43494 to 179.40936
08-05 23:25:10.042 13697 13697 D CompassActivity: will set rotation from 179.40936 to 179.40973
08-05 23:25:10.061 13697 13697 D CompassActivity: will set rotation from 179.40973 to 179.41931
08-05 23:25:10.061 13697 13697 D CompassActivity: will set rotation from 179.41931 to 179.41931
08-05 23:25:10.081 13697 13697 D CompassActivity: will set rotation from 179.41931 to 179.4126
08-05 23:25:10.082 13697 13697 D CompassActivity: will set rotation from 179.4126 to 179.41309
08-05 23:25:10.094 13697 13710 I art     : Explicit concurrent mark sweep GC freed 218(10KB) AllocSpace objects, 0(0B) LOS objects, 6% free, 238MB/254MB, paused 1.515ms total 70.647ms
08-05 23:25:10.101 13697 13697 D CompassActivity: will set rotation from 179.41309 to 179.43634
08-05 23:25:10.102 13697 13697 D CompassActivity: will set rotation from 179.43634 to 179.4364
08-05 23:25:10.103 16175 16175 D AndroidRuntime: >>>>>> START com.android.internal.os.RuntimeInit uid 2000 <<<<<<
08-05 23:25:10.109 16175 16175 D AndroidRuntime: CheckJNI is OFF
08-05 23:25:10.117 13697 13710 I art     : Starting a blocking GC Explicit
08-05 23:25:10.122 13697 13697 D CompassActivity: will set rotation from 179.4364 to 179.44556
08-05 23:25:10.122 13697 13697 D CompassActivity: will set rotation from 179.44556 to 179.44586
08-05 23:25:10.142 13697 13697 D CompassActivity: will set rotation from 179.44586 to 179.43811
08-05 23:25:10.142 13697 13697 D CompassActivity: will set rotation from 179.43811 to 179.43817
08-05 23:25:10.153 16175 16175 D ICU     : No timezone override file found: /data/misc/zoneinfo/current/icu/icu_tzdata.dat
08-05 23:25:10.161 13697 13697 D CompassActivity: will set rotation from 179.43817 to 179.41681
08-05 23:25:10.161 13697 13697 D CompassActivity: will set rotation from 179.41681 to 179.41724
08-05 23:25:10.180 13697 13697 D CompassActivity: will set rotation from 179.41724 to 179.42615
08-05 23:25:10.181 13697 13697 D CompassActivity: will set rotation from 179.42615 to 179.42676
08-05 23:25:10.189 13697 13710 I art     : Explicit concurrent mark sweep GC freed 216(10KB) AllocSpace objects, 0(0B) LOS objects, 6% free, 238MB/254MB, paused 1.801ms total 71.595ms
08-05 23:25:10.200 13697 13697 D CompassActivity: will set rotation from 179.42676 to 179.43378
08-05 23:25:10.201 13697 13697 D CompassActivity: will set rotation from 179.43378 to 179.43439
08-05 23:25:10.204 16175 16175 I Radio-JNI: register_android_hardware_Radio DONE
08-05 23:25:10.211 13697 13710 I art     : Starting a blocking GC Explicit
08-05 23:25:10.221 13697 13697 D CompassActivity: will set rotation from 179.43439 to 179.4126
08-05 23:25:10.223 13697 13697 D CompassActivity: will set rotation from 179.4126 to 179.41095
08-05 23:25:10.232 16175 16175 D AndroidRuntime: Calling main entry com.android.commands.input.Input
08-05 23:25:10.235 16175 16175 I Input   : injectKeyEvent: KeyEvent { action=ACTION_DOWN, keyCode=KEYCODE_BACK, scanCode=0, metaState=0, flags=0x0, repeatCount=0, eventTime=833126647, downTime=833126647, deviceId=-1, source=0x101 }
08-05 23:25:10.243 13697 13697 D CompassActivity: will set rotation from 179.41095 to 179.40363
08-05 23:25:10.244 16175 16175 I Input   : injectKeyEvent: KeyEvent { action=ACTION_UP, keyCode=KEYCODE_BACK, scanCode=0, metaState=0, flags=0x0, repeatCount=0, eventTime=833126647, downTime=833126647, deviceId=-1, source=0x101 }
08-05 23:25:10.244 13697 13697 D CompassActivity: will set rotation from 179.40363 to 179.40521
08-05 23:25:10.252 16175 16175 D AndroidRuntime: Shutting down VM
08-05 23:25:10.254   918  4400 I sensors : activate
08-05 23:25:10.255   918  5132 I sensors : activate
08-05 23:25:10.259   918  3188 I hubconnection: sensorhub said: 'activate 1 enable:0'
08-05 23:25:10.261   918  3188 I hubconnection: sensorhub said: 'activate 3 enable:0'
08-05 23:25:10.281 13697 13710 I art     : Explicit concurrent mark sweep GC freed 379(15KB) AllocSpace objects, 0(0B) LOS objects, 6% free, 238MB/254MB, paused 1.456ms total 69.607ms
08-05 23:25:10.285 13697 13697 V MainActivity: url = https://project-travel-mate.herokuapp.com/api/number-of-unread-notifications
08-05 23:25:10.399 13866 13866 I GoogleInputMethodServic: GoogleInputMethodService.onFinishInput():3138 
08-05 23:25:10.399 13866 13866 I GoogleInputMethodServic: GoogleInputMethodService.onStartInput():1808 
08-05 23:25:10.498   518   646 I ThermalEngine: ACTION: GPU - Setting GPU[0] to 390000000
08-05 23:25:10.668 13697 13697 D CompassActivity: stop compass
08-05 23:25:10.668   380   380 W SurfaceFlinger: couldn't log to binary event log: overflow.
08-05 23:25:10.719 13697 13757 I art     : Starting a blocking GC Explicit
08-05 23:25:10.808 13697 13757 I art     : Explicit concurrent mark sweep GC freed 2063(114KB) AllocSpace objects, 2(48KB) LOS objects, 6% free, 238MB/254MB, paused 2.160ms total 89.051ms
08-05 23:25:10.835 13697 13757 I art     : Starting a blocking GC Explicit
08-05 23:25:10.927 13697 13757 I art     : Explicit concurrent mark sweep GC freed 1373(85KB) AllocSpace objects, 3(52MB) LOS objects, 7% free, 186MB/202MB, paused 2.319ms total 91.507ms
08-05 23:25:10.955 13697 13757 I art     : Starting a blocking GC Explicit
08-05 23:25:11.037 13697 13757 I art     : Explicit concurrent mark sweep GC freed 2581(132KB) AllocSpace objects, 3(200KB) LOS objects, 7% free, 186MB/202MB, paused 2.835ms total 81.983ms
08-05 23:25:11.057 13697 16200 I NAPPA_EXPERIMENTATION: MetricNetworkRequestExecutionTime: REQUEST_DURATION_SYSTEM='770',REQUEST_DURATION_OKHTTP='37',REQUEST_SYNCHRONOUS='FALSE',RESPONSE_CODE='200',RESPONSE_METHOD='GET',RESPONSE_LENGTH_OKHTTP='36',RESPONSE_LENGTH_HEADER='36',REQUEST_PROTOCOL='http/1.1',REQUEST_URL='https://project-travel-mate.herokuapp.com/api/number-of-unread-notifications',
08-05 23:25:11.066 13697 13757 I art     : Starting a blocking GC Explicit
08-05 23:25:11.160 13697 13757 I art     : Explicit concurrent mark sweep GC freed 1088(128KB) AllocSpace objects, 0(0B) LOS objects, 7% free, 186MB/202MB, paused 2.964ms total 93.793ms
08-05 23:25:11.192 13697 13757 I art     : Starting a blocking GC Explicit
08-05 23:25:11.290 13697 13757 I art     : Explicit concurrent mark sweep GC freed 147(5KB) AllocSpace objects, 0(0B) LOS objects, 7% free, 186MB/202MB, paused 3.053ms total 97.290ms
08-05 23:25:11.768 13697 16120 I art     : Starting a blocking GC Explicit
08-05 23:25:11.855 13697 16120 I art     : Explicit concurrent mark sweep GC freed 1615(93KB) AllocSpace objects, 2(48KB) LOS objects, 7% free, 186MB/202MB, paused 2.336ms total 86.964ms
08-05 23:25:11.887 13697 16120 I art     : Starting a blocking GC Explicit
08-05 23:25:11.986 13697 16120 I art     : Explicit concurrent mark sweep GC freed 41(1664B) AllocSpace objects, 0(0B) LOS objects, 7% free, 186MB/202MB, paused 2.109ms total 98.715ms
08-05 23:25:12.016 13697 16120 I art     : Starting a blocking GC Explicit
08-05 23:25:12.104 13697 16120 I art     : Explicit concurrent mark sweep GC freed 17(544B) AllocSpace objects, 0(0B) LOS objects, 7% free, 186MB/202MB, paused 2.773ms total 88.258ms
08-05 23:25:12.137 13697 16120 I art     : Starting a blocking GC Explicit
08-05 23:25:12.151 16214 16214 D AndroidRuntime: >>>>>> START com.android.internal.os.RuntimeInit uid 2000 <<<<<<
08-05 23:25:12.158 16214 16214 D AndroidRuntime: CheckJNI is OFF
08-05 23:25:12.214 16214 16214 D ICU     : No timezone override file found: /data/misc/zoneinfo/current/icu/icu_tzdata.dat
08-05 23:25:12.225 13697 16120 I art     : Explicit concurrent mark sweep GC freed 10(320B) AllocSpace objects, 0(0B) LOS objects, 7% free, 186MB/202MB, paused 2.178ms total 88.387ms
08-05 23:25:12.256 13697 16120 I art     : Starting a blocking GC Explicit
08-05 23:25:12.260 16214 16214 I Radio-JNI: register_android_hardware_Radio DONE
08-05 23:25:12.291 16214 16214 D AndroidRuntime: Calling main entry com.android.commands.input.Input
08-05 23:25:12.294 16214 16214 I Input   : injectMotionEvent: MotionEvent { action=ACTION_DOWN, actionButton=0, id[0]=0, x[0]=500.0, y[0]=2000.0, toolType[0]=TOOL_TYPE_UNKNOWN, buttonState=0, metaState=0, flags=0x0, edgeFlags=0x0, pointerCount=1, historySize=0, eventTime=833128706, downTime=833128706, deviceId=0, source=0x1002 }
08-05 23:25:12.299 16214 16214 I Input   : injectMotionEvent: MotionEvent { action=ACTION_MOVE, actionButton=0, id[0]=0, x[0]=500.0, y[0]=2000.0, toolType[0]=TOOL_TYPE_UNKNOWN, buttonState=0, metaState=0, flags=0x0, edgeFlags=0x0, pointerCount=1, historySize=0, eventTime=833128706, downTime=833128706, deviceId=0, source=0x1002 }
08-05 23:25:12.304 16214 16214 I Input   : injectMotionEvent: MotionEvent { action=ACTION_MOVE, actionButton=0, id[0]=0, x[0]=500.0, y[0]=1977.2, toolType[0]=TOOL_TYPE_UNKNOWN, buttonState=0, metaState=0, flags=0x0, edgeFlags=0x0, pointerCount=1, historySize=0, eventTime=833128718, downTime=833128718, deviceId=0, source=0x1002 }
08-05 23:25:12.324 16214 16214 I Input   : injectMotionEvent: MotionEvent { action=ACTION_MOVE, actionButton=0, id[0]=0, x[0]=500.0, y[0]=1941.1, toolType[0]=TOOL_TYPE_UNKNOWN, buttonState=0, metaState=0, flags=0x0, edgeFlags=0x0, pointerCount=1, historySize=0, eventTime=833128737, downTime=833128737, deviceId=0, source=0x1002 }
08-05 23:25:12.349 13697 16120 I art     : Explicit concurrent mark sweep GC freed 51(1488B) AllocSpace objects, 0(0B) LOS objects, 7% free, 186MB/202MB, paused 2.811ms total 92.266ms
08-05 23:25:12.353 16214 16214 I Input   : injectMotionEvent: MotionEvent { action=ACTION_MOVE, actionButton=0, id[0]=0, x[0]=500.0, y[0]=1886.0, toolType[0]=TOOL_TYPE_UNKNOWN, buttonState=0, metaState=0, flags=0x0, edgeFlags=0x0, pointerCount=1, historySize=0, eventTime=833128766, downTime=833128766, deviceId=0, source=0x1002 }
08-05 23:25:12.374 16214 16214 I Input   : injectMotionEvent: MotionEvent { action=ACTION_MOVE, actionButton=0, id[0]=0, x[0]=500.0, y[0]=1846.1, toolType[0]=TOOL_TYPE_UNKNOWN, buttonState=0, metaState=0, flags=0x0, edgeFlags=0x0, pointerCount=1, historySize=0, eventTime=833128787, downTime=833128787, deviceId=0, source=0x1002 }
08-05 23:25:12.389 16214 16214 I Input   : injectMotionEvent: MotionEvent { action=ACTION_MOVE, actionButton=0, id[0]=0, x[0]=500.0, y[0]=1817.6, toolType[0]=TOOL_TYPE_UNKNOWN, buttonState=0, metaState=0, flags=0x0, edgeFlags=0x0, pointerCount=1, historySize=0, eventTime=833128802, downTime=833128802, deviceId=0, source=0x1002 }
08-05 23:25:12.405 16214 16214 I Input   : injectMotionEvent: MotionEvent { action=ACTION_MOVE, actionButton=0, id[0]=0, x[0]=500.0, y[0]=1787.2, toolType[0]=TOOL_TYPE_UNKNOWN, buttonState=0, metaState=0, flags=0x0, edgeFlags=0x0, pointerCount=1, historySize=0, eventTime=833128818, downTime=833128818, deviceId=0, source=0x1002 }
08-05 23:25:12.422 16214 16214 I Input   : injectMotionEvent: MotionEvent { action=ACTION_MOVE, actionButton=0, id[0]=0, x[0]=500.0, y[0]=1754.9, toolType[0]=TOOL_TYPE_UNKNOWN, buttonState=0, metaState=0, flags=0x0, edgeFlags=0x0, pointerCount=1, historySize=0, eventTime=833128835, downTime=833128835, deviceId=0, source=0x1002 }
08-05 23:25:12.439 16214 16214 I Input   : injectMotionEvent: MotionEvent { action=ACTION_MOVE, actionButton=0, id[0]=0, x[0]=500.0, y[0]=1722.6, toolType[0]=TOOL_TYPE_UNKNOWN, buttonState=0, metaState=0, flags=0x0, edgeFlags=0x0, pointerCount=1, historySize=0, eventTime=833128852, downTime=833128852, deviceId=0, source=0x1002 }
08-05 23:25:12.457 16214 16214 I Input   : injectMotionEvent: MotionEvent { action=ACTION_MOVE, actionButton=0, id[0]=0, x[0]=500.0, y[0]=1688.4, toolType[0]=TOOL_TYPE_UNKNOWN, buttonState=0, metaState=0, flags=0x0, edgeFlags=0x0, pointerCount=1, historySize=0, eventTime=833128870, downTime=833128870, deviceId=0, source=0x1002 }
08-05 23:25:12.472 16214 16214 I Input   : injectMotionEvent: MotionEvent { action=ACTION_MOVE, actionButton=0, id[0]=0, x[0]=500.0, y[0]=1659.9, toolType[0]=TOOL_TYPE_UNKNOWN, buttonState=0, metaState=0, flags=0x0, edgeFlags=0x0, pointerCount=1, historySize=0, eventTime=833128885, downTime=833128885, deviceId=0, source=0x1002 }
08-05 23:25:12.489 16214 16214 I Input   : injectMotionEvent: MotionEvent { action=ACTION_MOVE, actionButton=0, id[0]=0, x[0]=500.0, y[0]=1627.6, toolType[0]=TOOL_TYPE_UNKNOWN, buttonState=0, metaState=0, flags=0x0, edgeFlags=0x0, pointerCount=1, historySize=0, eventTime=833128902, downTime=833128902, deviceId=0, source=0x1002 }
08-05 23:25:12.507 16214 16214 I Input   : injectMotionEvent: MotionEvent { action=ACTION_MOVE, actionButton=0, id[0]=0, x[0]=500.0, y[0]=1593.4, toolType[0]=TOOL_TYPE_UNKNOWN, buttonState=0, metaState=0, flags=0x0, edgeFlags=0x0, pointerCount=1, historySize=0, eventTime=833128920, downTime=833128920, deviceId=0, source=0x1002 }
08-05 23:25:12.525 16214 16214 I Input   : injectMotionEvent: MotionEvent { action=ACTION_MOVE, actionButton=0, id[0]=0, x[0]=500.0, y[0]=1559.2, toolType[0]=TOOL_TYPE_UNKNOWN, buttonState=0, metaState=0, flags=0x0, edgeFlags=0x0, pointerCount=1, historySize=0, eventTime=833128938, downTime=833128938, deviceId=0, source=0x1002 }
08-05 23:25:12.540 16214 16214 I Input   : injectMotionEvent: MotionEvent { action=ACTION_MOVE, actionButton=0, id[0]=0, x[0]=500.0, y[0]=1528.8, toolType[0]=TOOL_TYPE_UNKNOWN, buttonState=0, metaState=0, flags=0x0, edgeFlags=0x0, pointerCount=1, historySize=0, eventTime=833128954, downTime=833128954, deviceId=0, source=0x1002 }
08-05 23:25:12.557 16214 16214 I Input   : injectMotionEvent: MotionEvent { action=ACTION_MOVE, actionButton=0, id[0]=0, x[0]=500.0, y[0]=1498.4, toolType[0]=TOOL_TYPE_UNKNOWN, buttonState=0, metaState=0, flags=0x0, edgeFlags=0x0, pointerCount=1, historySize=0, eventTime=833128970, downTime=833128970, deviceId=0, source=0x1002 }
08-05 23:25:12.573 16214 16214 I Input   : injectMotionEvent: MotionEvent { action=ACTION_MOVE, actionButton=0, id[0]=0, x[0]=500.0, y[0]=1468.0, toolType[0]=TOOL_TYPE_UNKNOWN, buttonState=0, metaState=0, flags=0x0, edgeFlags=0x0, pointerCount=1, historySize=0, eventTime=833128986, downTime=833128986, deviceId=0, source=0x1002 }
08-05 23:25:12.589 16214 16214 I Input   : injectMotionEvent: MotionEvent { action=ACTION_MOVE, actionButton=0, id[0]=0, x[0]=500.0, y[0]=1437.6, toolType[0]=TOOL_TYPE_UNKNOWN, buttonState=0, metaState=0, flags=0x0, edgeFlags=0x0, pointerCount=1, historySize=0, eventTime=833129002, downTime=833129002, deviceId=0, source=0x1002 }
08-05 23:25:12.605 16214 16214 I Input   : injectMotionEvent: MotionEvent { action=ACTION_MOVE, actionButton=0, id[0]=0, x[0]=500.0, y[0]=1407.2, toolType[0]=TOOL_TYPE_UNKNOWN, buttonState=0, metaState=0, flags=0x0, edgeFlags=0x0, pointerCount=1, historySize=0, eventTime=833129018, downTime=833129018, deviceId=0, source=0x1002 }
08-05 23:25:12.623 16214 16214 I Input   : injectMotionEvent: MotionEvent { action=ACTION_MOVE, actionButton=0, id[0]=0, x[0]=500.0, y[0]=1371.1, toolType[0]=TOOL_TYPE_UNKNOWN, buttonState=0, metaState=0, flags=0x0, edgeFlags=0x0, pointerCount=1, historySize=0, eventTime=833129037, downTime=833129037, deviceId=0, source=0x1002 }
08-05 23:25:12.638 16214 16214 I Input   : injectMotionEvent: MotionEvent { action=ACTION_MOVE, actionButton=0, id[0]=0, x[0]=500.0, y[0]=1342.6001, toolType[0]=TOOL_TYPE_UNKNOWN, buttonState=0, metaState=0, flags=0x0, edgeFlags=0x0, pointerCount=1, historySize=0, eventTime=833129052, downTime=833129052, deviceId=0, source=0x1002 }
08-05 23:25:12.657 16214 16214 I Input   : injectMotionEvent: MotionEvent { action=ACTION_MOVE, actionButton=0, id[0]=0, x[0]=500.0, y[0]=1306.5, toolType[0]=TOOL_TYPE_UNKNOWN, buttonState=0, metaState=0, flags=0x0, edgeFlags=0x0, pointerCount=1, historySize=0, eventTime=833129071, downTime=833129071, deviceId=0, source=0x1002 }
08-05 23:25:12.672 16214 16214 I Input   : injectMotionEvent: MotionEvent { action=ACTION_MOVE, actionButton=0, id[0]=0, x[0]=500.0, y[0]=1279.8999, toolType[0]=TOOL_TYPE_UNKNOWN, buttonState=0, metaState=0, flags=0x0, edgeFlags=0x0, pointerCount=1, historySize=0, eventTime=833129085, downTime=833129085, deviceId=0, source=0x1002 }
08-05 23:25:12.683   918  3261 D WifiStateMachine: starting scan for "H369AA63323"WPA_PSK with 2412,5180
08-05 23:25:12.692 16214 16214 I Input   : injectMotionEvent: MotionEvent { action=ACTION_MOVE, actionButton=0, id[0]=0, x[0]=500.0, y[0]=1241.9, toolType[0]=TOOL_TYPE_UNKNOWN, buttonState=0, metaState=0, flags=0x0, edgeFlags=0x0, pointerCount=1, historySize=0, eventTime=833129105, downTime=833129105, deviceId=0, source=0x1002 }
08-05 23:25:12.712 16214 16214 I Input   : injectMotionEvent: MotionEvent { action=ACTION_MOVE, actionButton=0, id[0]=0, x[0]=500.0, y[0]=1203.9, toolType[0]=TOOL_TYPE_UNKNOWN, buttonState=0, metaState=0, flags=0x0, edgeFlags=0x0, pointerCount=1, historySize=0, eventTime=833129125, downTime=833129125, deviceId=0, source=0x1002 }
08-05 23:25:12.780 16214 16214 I Input   : injectMotionEvent: MotionEvent { action=ACTION_MOVE, actionButton=0, id[0]=0, x[0]=500.0, y[0]=1074.7, toolType[0]=TOOL_TYPE_UNKNOWN, buttonState=0, metaState=0, flags=0x0, edgeFlags=0x0, pointerCount=1, historySize=0, eventTime=833129193, downTime=833129193, deviceId=0, source=0x1002 }
08-05 23:25:12.839 16214 16214 I Input   : injectMotionEvent: MotionEvent { action=ACTION_MOVE, actionButton=0, id[0]=0, x[0]=500.0, y[0]=962.6, toolType[0]=TOOL_TYPE_UNKNOWN, buttonState=0, metaState=0, flags=0x0, edgeFlags=0x0, pointerCount=1, historySize=0, eventTime=833129252, downTime=833129252, deviceId=0, source=0x1002 }
08-05 23:25:12.854 13697 13710 I art     : Starting a blocking GC Explicit
08-05 23:25:12.898 16214 16214 I Input   : injectMotionEvent: MotionEvent { action=ACTION_MOVE, actionButton=0, id[0]=0, x[0]=500.0, y[0]=850.5, toolType[0]=TOOL_TYPE_UNKNOWN, buttonState=0, metaState=0, flags=0x0, edgeFlags=0x0, pointerCount=1, historySize=0, eventTime=833129311, downTime=833129311, deviceId=0, source=0x1002 }
08-05 23:25:12.939 13697 13710 I art     : Explicit concurrent mark sweep GC freed 1651(94KB) AllocSpace objects, 2(48KB) LOS objects, 7% free, 186MB/202MB, paused 2.190ms total 84.588ms
08-05 23:25:12.959 16214 16214 I Input   : injectMotionEvent: MotionEvent { action=ACTION_MOVE, actionButton=0, id[0]=0, x[0]=500.0, y[0]=734.6, toolType[0]=TOOL_TYPE_UNKNOWN, buttonState=0, metaState=0, flags=0x0, edgeFlags=0x0, pointerCount=1, historySize=0, eventTime=833129372, downTime=833129372, deviceId=0, source=0x1002 }
08-05 23:25:12.966 13697 13710 I art     : Starting a blocking GC Explicit
08-05 23:25:13.018 16214 16214 I Input   : injectMotionEvent: MotionEvent { action=ACTION_MOVE, actionButton=0, id[0]=0, x[0]=500.0, y[0]=622.5, toolType[0]=TOOL_TYPE_UNKNOWN, buttonState=0, metaState=0, flags=0x0, edgeFlags=0x0, pointerCount=1, historySize=0, eventTime=833129431, downTime=833129431, deviceId=0, source=0x1002 }
08-05 23:25:13.061 13697 13710 I art     : Explicit concurrent mark sweep GC freed 49(1984B) AllocSpace objects, 0(0B) LOS objects, 7% free, 186MB/202MB, paused 12.438ms total 94.192ms
08-05 23:25:13.082 16214 16214 I Input   : injectMotionEvent: MotionEvent { action=ACTION_MOVE, actionButton=0, id[0]=0, x[0]=500.0, y[0]=500.90002, toolType[0]=TOOL_TYPE_UNKNOWN, buttonState=0, metaState=0, flags=0x0, edgeFlags=0x0, pointerCount=1, historySize=0, eventTime=833129495, downTime=833129495, deviceId=0, source=0x1002 }
08-05 23:25:13.088 13697 13710 I art     : Starting a blocking GC Explicit
08-05 23:25:13.142 16214 16214 I Input   : injectMotionEvent: MotionEvent { action=ACTION_MOVE, actionButton=0, id[0]=0, x[0]=500.0, y[0]=385.0, toolType[0]=TOOL_TYPE_UNKNOWN, buttonState=0, metaState=0, flags=0x0, edgeFlags=0x0, pointerCount=1, historySize=0, eventTime=833129556, downTime=833129556, deviceId=0, source=0x1002 }
08-05 23:25:13.167 13697 13710 I art     : Explicit concurrent mark sweep GC freed 8(256B) AllocSpace objects, 0(0B) LOS objects, 7% free, 186MB/202MB, paused 2.144ms total 78.463ms
08-05 23:25:13.199 13697 13710 I art     : Starting a blocking GC Explicit
08-05 23:25:13.230 16214 16214 I Input   : injectMotionEvent: MotionEvent { action=ACTION_MOVE, actionButton=0, id[0]=0, x[0]=500.0, y[0]=217.79993, toolType[0]=TOOL_TYPE_UNKNOWN, buttonState=0, metaState=0, flags=0x0, edgeFlags=0x0, pointerCount=1, historySize=0, eventTime=833129644, downTime=833129644, deviceId=0, source=0x1002 }
08-05 23:25:13.266 16214 16214 I Input   : injectMotionEvent: MotionEvent { action=ACTION_MOVE, actionButton=0, id[0]=0, x[0]=500.0, y[0]=149.40002, toolType[0]=TOOL_TYPE_UNKNOWN, buttonState=0, metaState=0, flags=0x0, edgeFlags=0x0, pointerCount=1, historySize=0, eventTime=833129680, downTime=833129680, deviceId=0, source=0x1002 }
08-05 23:25:13.286 13697 13710 I art     : Explicit concurrent mark sweep GC freed 46(1280B) AllocSpace objects, 0(0B) LOS objects, 7% free, 186MB/202MB, paused 2.089ms total 86.590ms
08-05 23:25:13.302 16214 16214 I Input   : injectMotionEvent: MotionEvent { action=ACTION_UP, actionButton=0, id[0]=0, x[0]=500.0, y[0]=100.0, toolType[0]=TOOL_TYPE_UNKNOWN, buttonState=0, metaState=0, flags=0x0, edgeFlags=0x0, pointerCount=1, historySize=0, eventTime=833129715, downTime=833129715, deviceId=0, source=0x1002 }
08-05 23:25:13.319 13697 13710 I art     : Starting a blocking GC Explicit
08-05 23:25:13.338 16214 16214 D AndroidRuntime: Shutting down VM
08-05 23:25:13.399 13697 13710 I art     : Explicit concurrent mark sweep GC freed 14(448B) AllocSpace objects, 0(0B) LOS objects, 7% free, 186MB/202MB, paused 2.128ms total 79.802ms
08-05 23:25:13.882 13697 13710 I art     : Starting a blocking GC Explicit
08-05 23:25:13.966 13697 13710 I art     : Explicit concurrent mark sweep GC freed 1598(92KB) AllocSpace objects, 2(48KB) LOS objects, 7% free, 186MB/202MB, paused 2.055ms total 83.709ms
08-05 23:25:13.993 13697 13710 I art     : Starting a blocking GC Explicit
08-05 23:25:14.072 13697 13710 I art     : Explicit concurrent mark sweep GC freed 28(1040B) AllocSpace objects, 0(0B) LOS objects, 7% free, 186MB/202MB, paused 2.050ms total 78.392ms
08-05 23:25:14.099 13697 13710 I art     : Starting a blocking GC Explicit
08-05 23:25:14.179 13697 13710 I art     : Explicit concurrent mark sweep GC freed 14(720B) AllocSpace objects, 0(0B) LOS objects, 7% free, 186MB/202MB, paused 2.265ms total 80.142ms
08-05 23:25:14.205 13697 13710 I art     : Starting a blocking GC Explicit
08-05 23:25:14.231 16255 16255 D AndroidRuntime: >>>>>> START com.android.internal.os.RuntimeInit uid 2000 <<<<<<
08-05 23:25:14.236 16255 16255 D AndroidRuntime: CheckJNI is OFF
08-05 23:25:14.280 16255 16255 D ICU     : No timezone override file found: /data/misc/zoneinfo/current/icu/icu_tzdata.dat
08-05 23:25:14.286 13697 13710 I art     : Explicit concurrent mark sweep GC freed 51(1664B) AllocSpace objects, 0(0B) LOS objects, 7% free, 186MB/202MB, paused 2.216ms total 80.166ms
08-05 23:25:14.314 13697 13710 I art     : Starting a blocking GC Explicit
08-05 23:25:14.324 16255 16255 I Radio-JNI: register_android_hardware_Radio DONE
08-05 23:25:14.356 16255 16255 D AndroidRuntime: Calling main entry com.android.commands.input.Input
08-05 23:25:14.358 16255 16255 I Input   : injectMotionEvent: MotionEvent { action=ACTION_DOWN, actionButton=0, id[0]=0, x[0]=500.0, y[0]=2000.0, toolType[0]=TOOL_TYPE_UNKNOWN, buttonState=0, metaState=0, flags=0x0, edgeFlags=0x0, pointerCount=1, historySize=0, eventTime=833130770, downTime=833130770, deviceId=0, source=0x1002 }
08-05 23:25:14.363 16255 16255 I Input   : injectMotionEvent: MotionEvent { action=ACTION_MOVE, actionButton=0, id[0]=0, x[0]=500.0, y[0]=2000.0, toolType[0]=TOOL_TYPE_UNKNOWN, buttonState=0, metaState=0, flags=0x0, edgeFlags=0x0, pointerCount=1, historySize=0, eventTime=833130770, downTime=833130770, deviceId=0, source=0x1002 }
08-05 23:25:14.374 16255 16255 I Input   : injectMotionEvent: MotionEvent { action=ACTION_MOVE, actionButton=0, id[0]=0, x[0]=500.0, y[0]=1967.7, toolType[0]=TOOL_TYPE_UNKNOWN, buttonState=0, metaState=0, flags=0x0, edgeFlags=0x0, pointerCount=1, historySize=0, eventTime=833130787, downTime=833130787, deviceId=0, source=0x1002 }
08-05 23:25:14.391 16255 16255 I Input   : injectMotionEvent: MotionEvent { action=ACTION_MOVE, actionButton=0, id[0]=0, x[0]=500.0, y[0]=1935.4, toolType[0]=TOOL_TYPE_UNKNOWN, buttonState=0, metaState=0, flags=0x0, edgeFlags=0x0, pointerCount=1, historySize=0, eventTime=833130804, downTime=833130804, deviceId=0, source=0x1002 }
08-05 23:25:14.403 13697 13710 I art     : Explicit concurrent mark sweep GC freed 7(224B) AllocSpace objects, 0(0B) LOS objects, 7% free, 186MB/202MB, paused 2.395ms total 88.007ms
08-05 23:25:14.410 16255 16255 I Input   : injectMotionEvent: MotionEvent { action=ACTION_MOVE, actionButton=0, id[0]=0, x[0]=500.0, y[0]=1899.3, toolType[0]=TOOL_TYPE_UNKNOWN, buttonState=0, metaState=0, flags=0x0, edgeFlags=0x0, pointerCount=1, historySize=0, eventTime=833130823, downTime=833130823, deviceId=0, source=0x1002 }
08-05 23:25:14.520 16255 16255 I Input   : injectMotionEvent: MotionEvent { action=ACTION_MOVE, actionButton=0, id[0]=0, x[0]=500.0, y[0]=1690.3, toolType[0]=TOOL_TYPE_UNKNOWN, buttonState=0, metaState=0, flags=0x0, edgeFlags=0x0, pointerCount=1, historySize=0, eventTime=833130933, downTime=833130933, deviceId=0, source=0x1002 }
08-05 23:25:14.619 16255 16255 I Input   : injectMotionEvent: MotionEvent { action=ACTION_MOVE, actionButton=0, id[0]=0, x[0]=500.0, y[0]=1500.3, toolType[0]=TOOL_TYPE_UNKNOWN, buttonState=0, metaState=0, flags=0x0, edgeFlags=0x0, pointerCount=1, historySize=0, eventTime=833131033, downTime=833131033, deviceId=0, source=0x1002 }
08-05 23:25:14.660 16255 16255 I Input   : injectMotionEvent: MotionEvent { action=ACTION_MOVE, actionButton=0, id[0]=0, x[0]=500.0, y[0]=1424.3, toolType[0]=TOOL_TYPE_UNKNOWN, buttonState=0, metaState=0, flags=0x0, edgeFlags=0x0, pointerCount=1, historySize=0, eventTime=833131073, downTime=833131073, deviceId=0, source=0x1002 }
08-05 23:25:14.697 16255 16255 I Input   : injectMotionEvent: MotionEvent { action=ACTION_MOVE, actionButton=0, id[0]=0, x[0]=500.0, y[0]=1352.1001, toolType[0]=TOOL_TYPE_UNKNOWN, buttonState=0, metaState=0, flags=0x0, edgeFlags=0x0, pointerCount=1, historySize=0, eventTime=833131111, downTime=833131111, deviceId=0, source=0x1002 }
08-05 23:25:14.735 16255 16255 I Input   : injectMotionEvent: MotionEvent { action=ACTION_MOVE, actionButton=0, id[0]=0, x[0]=500.0, y[0]=1281.8, toolType[0]=TOOL_TYPE_UNKNOWN, buttonState=0, metaState=0, flags=0x0, edgeFlags=0x0, pointerCount=1, historySize=0, eventTime=833131148, downTime=833131148, deviceId=0, source=0x1002 }
08-05 23:25:14.773 16255 16255 I Input   : injectMotionEvent: MotionEvent { action=ACTION_MOVE, actionButton=0, id[0]=0, x[0]=500.0, y[0]=1209.6, toolType[0]=TOOL_TYPE_UNKNOWN, buttonState=0, metaState=0, flags=0x0, edgeFlags=0x0, pointerCount=1, historySize=0, eventTime=833131186, downTime=833131186, deviceId=0, source=0x1002 }
08-05 23:25:14.811 16255 16255 I Input   : injectMotionEvent: MotionEvent { action=ACTION_MOVE, actionButton=0, id[0]=0, x[0]=500.0, y[0]=1135.5, toolType[0]=TOOL_TYPE_UNKNOWN, buttonState=0, metaState=0, flags=0x0, edgeFlags=0x0, pointerCount=1, historySize=0, eventTime=833131225, downTime=833131225, deviceId=0, source=0x1002 }
08-05 23:25:14.851 16255 16255 I Input   : injectMotionEvent: MotionEvent { action=ACTION_MOVE, actionButton=0, id[0]=0, x[0]=500.0, y[0]=1063.3, toolType[0]=TOOL_TYPE_UNKNOWN, buttonState=0, metaState=0, flags=0x0, edgeFlags=0x0, pointerCount=1, historySize=0, eventTime=833131263, downTime=833131263, deviceId=0, source=0x1002 }
08-05 23:25:14.882 13697 13757 I art     : Starting a blocking GC Explicit
08-05 23:25:14.892 16255 16255 I Input   : injectMotionEvent: MotionEvent { action=ACTION_MOVE, actionButton=0, id[0]=0, x[0]=500.0, y[0]=983.49994, toolType[0]=TOOL_TYPE_UNKNOWN, buttonState=0, metaState=0, flags=0x0, edgeFlags=0x0, pointerCount=1, historySize=0, eventTime=833131305, downTime=833131305, deviceId=0, source=0x1002 }
08-05 23:25:14.929 16255 16255 I Input   : injectMotionEvent: MotionEvent { action=ACTION_MOVE, actionButton=0, id[0]=0, x[0]=500.0, y[0]=911.2999, toolType[0]=TOOL_TYPE_UNKNOWN, buttonState=0, metaState=0, flags=0x0, edgeFlags=0x0, pointerCount=1, historySize=0, eventTime=833131343, downTime=833131343, deviceId=0, source=0x1002 }
08-05 23:25:14.962 13697 13757 I art     : Explicit concurrent mark sweep GC freed 1616(93KB) AllocSpace objects, 2(48KB) LOS objects, 7% free, 186MB/202MB, paused 2.120ms total 79.543ms
08-05 23:25:14.967 16255 16255 I Input   : injectMotionEvent: MotionEvent { action=ACTION_MOVE, actionButton=0, id[0]=0, x[0]=500.0, y[0]=839.1, toolType[0]=TOOL_TYPE_UNKNOWN, buttonState=0, metaState=0, flags=0x0, edgeFlags=0x0, pointerCount=1, historySize=0, eventTime=833131381, downTime=833131381, deviceId=0, source=0x1002 }
08-05 23:25:14.990 13697 13757 I art     : Starting a blocking GC Explicit
08-05 23:25:15.006 16255 16255 I Input   : injectMotionEvent: MotionEvent { action=ACTION_MOVE, actionButton=0, id[0]=0, x[0]=500.0, y[0]=766.9, toolType[0]=TOOL_TYPE_UNKNOWN, buttonState=0, metaState=0, flags=0x0, edgeFlags=0x0, pointerCount=1, historySize=0, eventTime=833131419, downTime=833131419, deviceId=0, source=0x1002 }
08-05 23:25:15.044 16255 16255 I Input   : injectMotionEvent: MotionEvent { action=ACTION_MOVE, actionButton=0, id[0]=0, x[0]=500.0, y[0]=694.7001, toolType[0]=TOOL_TYPE_UNKNOWN, buttonState=0, metaState=0, flags=0x0, edgeFlags=0x0, pointerCount=1, historySize=0, eventTime=833131457, downTime=833131457, deviceId=0, source=0x1002 }
08-05 23:25:15.081 16255 16255 I Input   : injectMotionEvent: MotionEvent { action=ACTION_MOVE, actionButton=0, id[0]=0, x[0]=500.0, y[0]=624.4, toolType[0]=TOOL_TYPE_UNKNOWN, buttonState=0, metaState=0, flags=0x0, edgeFlags=0x0, pointerCount=1, historySize=0, eventTime=833131494, downTime=833131494, deviceId=0, source=0x1002 }
08-05 23:25:15.090 13697 13757 I art     : Explicit concurrent mark sweep GC freed 38(1568B) AllocSpace objects, 0(0B) LOS objects, 7% free, 186MB/202MB, paused 2.160ms total 99.598ms
08-05 23:25:15.120 16255 16255 I Input   : injectMotionEvent: MotionEvent { action=ACTION_MOVE, actionButton=0, id[0]=0, x[0]=500.0, y[0]=550.2999, toolType[0]=TOOL_TYPE_UNKNOWN, buttonState=0, metaState=0, flags=0x0, edgeFlags=0x0, pointerCount=1, historySize=0, eventTime=833131533, downTime=833131533, deviceId=0, source=0x1002 }
08-05 23:25:15.121 13697 13757 I art     : Starting a blocking GC Explicit
08-05 23:25:15.163 16255 16255 I Input   : injectMotionEvent: MotionEvent { action=ACTION_MOVE, actionButton=0, id[0]=0, x[0]=500.0, y[0]=468.59998, toolType[0]=TOOL_TYPE_UNKNOWN, buttonState=0, metaState=0, flags=0x0, edgeFlags=0x0, pointerCount=1, historySize=0, eventTime=833131576, downTime=833131576, deviceId=0, source=0x1002 }
08-05 23:25:15.200 13697 13757 I art     : Explicit concurrent mark sweep GC freed 7(224B) AllocSpace objects, 0(0B) LOS objects, 7% free, 186MB/202MB, paused 2.152ms total 78.471ms
08-05 23:25:15.201 16255 16255 I Input   : injectMotionEvent: MotionEvent { action=ACTION_MOVE, actionButton=0, id[0]=0, x[0]=500.0, y[0]=394.5, toolType[0]=TOOL_TYPE_UNKNOWN, buttonState=0, metaState=0, flags=0x0, edgeFlags=0x0, pointerCount=1, historySize=0, eventTime=833131615, downTime=833131615, deviceId=0, source=0x1002 }
08-05 23:25:15.227 13697 13757 I art     : Starting a blocking GC Explicit
08-05 23:25:15.240 16255 16255 I Input   : injectMotionEvent: MotionEvent { action=ACTION_MOVE, actionButton=0, id[0]=0, x[0]=500.0, y[0]=322.29993, toolType[0]=TOOL_TYPE_UNKNOWN, buttonState=0, metaState=0, flags=0x0, edgeFlags=0x0, pointerCount=1, historySize=0, eventTime=833131653, downTime=833131653, deviceId=0, source=0x1002 }
08-05 23:25:15.279 16255 16255 I Input   : injectMotionEvent: MotionEvent { action=ACTION_MOVE, actionButton=0, id[0]=0, x[0]=500.0, y[0]=248.20007, toolType[0]=TOOL_TYPE_UNKNOWN, buttonState=0, metaState=0, flags=0x0, edgeFlags=0x0, pointerCount=1, historySize=0, eventTime=833131692, downTime=833131692, deviceId=0, source=0x1002 }
08-05 23:25:15.315 13697 13757 I art     : Explicit concurrent mark sweep GC freed 46(1280B) AllocSpace objects, 0(0B) LOS objects, 7% free, 186MB/202MB, paused 2.096ms total 87.299ms
08-05 23:25:15.317 16255 16255 I Input   : injectMotionEvent: MotionEvent { action=ACTION_MOVE, actionButton=0, id[0]=0, x[0]=500.0, y[0]=176.0, toolType[0]=TOOL_TYPE_UNKNOWN, buttonState=0, metaState=0, flags=0x0, edgeFlags=0x0, pointerCount=1, historySize=0, eventTime=833131730, downTime=833131730, deviceId=0, source=0x1002 }
08-05 23:25:15.342 13697 13757 I art     : Starting a blocking GC Explicit
08-05 23:25:15.355 16255 16255 I Input   : injectMotionEvent: MotionEvent { action=ACTION_MOVE, actionButton=0, id[0]=0, x[0]=500.0, y[0]=103.79993, toolType[0]=TOOL_TYPE_UNKNOWN, buttonState=0, metaState=0, flags=0x0, edgeFlags=0x0, pointerCount=1, historySize=0, eventTime=833131768, downTime=833131768, deviceId=0, source=0x1002 }
08-05 23:25:15.395 16255 16255 I Input   : injectMotionEvent: MotionEvent { action=ACTION_UP, actionButton=0, id[0]=0, x[0]=500.0, y[0]=100.0, toolType[0]=TOOL_TYPE_UNKNOWN, buttonState=0, metaState=0, flags=0x0, edgeFlags=0x0, pointerCount=1, historySize=0, eventTime=833131808, downTime=833131808, deviceId=0, source=0x1002 }
08-05 23:25:15.423 13697 13757 I art     : Explicit concurrent mark sweep GC freed 7(224B) AllocSpace objects, 0(0B) LOS objects, 7% free, 186MB/202MB, paused 2.060ms total 80.642ms
08-05 23:25:15.434 16255 16255 D AndroidRuntime: Shutting down VM
08-05 23:25:15.886 13697 13710 I art     : Starting a blocking GC Explicit
08-05 23:25:15.983 13697 13710 I art     : Explicit concurrent mark sweep GC freed 1592(92KB) AllocSpace objects, 2(48KB) LOS objects, 7% free, 186MB/202MB, paused 2.362ms total 96.267ms
08-05 23:25:16.013 13697 13710 I art     : Starting a blocking GC Explicit
08-05 23:25:16.101 13697 13710 I art     : Explicit concurrent mark sweep GC freed 28(1040B) AllocSpace objects, 0(0B) LOS objects, 7% free, 186MB/202MB, paused 2.368ms total 87.650ms
08-05 23:25:16.132 13697 13710 I art     : Starting a blocking GC Explicit
08-05 23:25:16.221 13697 13710 I art     : Explicit concurrent mark sweep GC freed 3(96B) AllocSpace objects, 0(0B) LOS objects, 7% free, 186MB/202MB, paused 2.444ms total 87.894ms
08-05 23:25:16.251 13697 13710 I art     : Starting a blocking GC Explicit
08-05 23:25:16.310 16297 16297 D AndroidRuntime: >>>>>> START com.android.internal.os.RuntimeInit uid 2000 <<<<<<
08-05 23:25:16.316 16297 16297 D AndroidRuntime: CheckJNI is OFF
08-05 23:25:16.339 13697 13710 I art     : Explicit concurrent mark sweep GC freed 40(1088B) AllocSpace objects, 0(0B) LOS objects, 7% free, 186MB/202MB, paused 2.467ms total 87.608ms
08-05 23:25:16.369 13697 13710 I art     : Starting a blocking GC Explicit
08-05 23:25:16.373 16297 16297 D ICU     : No timezone override file found: /data/misc/zoneinfo/current/icu/icu_tzdata.dat
08-05 23:25:16.418 16297 16297 I Radio-JNI: register_android_hardware_Radio DONE
08-05 23:25:16.449 16297 16297 D AndroidRuntime: Calling main entry com.android.commands.input.Input
08-05 23:25:16.451 16297 16297 I Input   : injectMotionEvent: MotionEvent { action=ACTION_DOWN, actionButton=0, id[0]=0, x[0]=657.0, y[0]=2080.0, toolType[0]=TOOL_TYPE_UNKNOWN, buttonState=0, metaState=0, flags=0x0, edgeFlags=0x0, pointerCount=1, historySize=0, eventTime=833132864, downTime=833132864, deviceId=0, source=0x1002 }
08-05 23:25:16.453 13697 13710 I art     : Explicit concurrent mark sweep GC freed 3(96B) AllocSpace objects, 0(0B) LOS objects, 7% free, 186MB/202MB, paused 2.230ms total 83.800ms
08-05 23:25:16.457 16297 16297 I Input   : injectMotionEvent: MotionEvent { action=ACTION_UP, actionButton=0, id[0]=0, x[0]=657.0, y[0]=2080.0, toolType[0]=TOOL_TYPE_UNKNOWN, buttonState=0, metaState=0, flags=0x0, edgeFlags=0x0, pointerCount=1, historySize=0, eventTime=833132864, downTime=833132864, deviceId=0, source=0x1002 }
08-05 23:25:16.459 16297 16297 D AndroidRuntime: Shutting down VM
08-05 23:25:16.459   918  3359 I ActivityManager: START u0 {cmp=baseline.io.github.project_travel_mate/.utilities.UpcomingWeekendsActivity} from uid 10696 on display 0
08-05 23:25:16.463   512  2967 D audio_hw_primary: out_set_parameters: enter: usecase(1: low-latency-playback) kvpairs: routing=2
08-05 23:25:16.476   512  2967 D audio_hw_primary: select_devices: out_snd_device(2: speaker) in_snd_device(0: none)
08-05 23:25:16.476   512  2967 D msm8974_platform: platform_send_audio_calibration: sending audio calibration for snd_device(2) acdb_id(15)
08-05 23:25:16.477   512  2967 I soundtrigger: audio_extn_sound_trigger_update_device_status: device 0x2 of type 0 for Event 1
08-05 23:25:16.487   512  2967 D audio_hw_primary: enable_snd_device: snd_device(2: speaker)
08-05 23:25:16.490   512  2967 D audio_hw_primary: enable_audio_route: apply and update mixer path: low-latency-playback speaker
08-05 23:25:16.512 13697 13778 D Gabe    : call	returning from cache
08-05 23:25:16.515 13697 13697 V EXECUTING: https://project-travel-mate.herokuapp.com/api/get-upcoming-holidays/2020
08-05 23:25:16.519 13697 13697 V EXECUTING: https://project-travel-mate.herokuapp.com/api/get-upcoming-holidays/2020
08-05 23:25:16.611 13866 13866 I GoogleInputMethodServic: GoogleInputMethodService.onFinishInput():3138 
08-05 23:25:16.611 13866 13866 I GoogleInputMethodServic: GoogleInputMethodService.onStartInput():1808 
08-05 23:25:16.736   918   936 I ActivityManager: Displayed baseline.io.github.project_travel_mate/.utilities.UpcomingWeekendsActivity: +262ms
08-05 23:25:16.919 13697 13758 I art     : Starting a blocking GC Explicit
08-05 23:25:16.977   380   380 W SurfaceFlinger: couldn't log to binary event log: overflow.
08-05 23:25:17.001 13697 13758 I art     : Explicit concurrent mark sweep GC freed 3629(195KB) AllocSpace objects, 2(48KB) LOS objects, 7% free, 191MB/207MB, paused 2.713ms total 81.726ms
08-05 23:25:17.028   512  2967 D audio_hw_primary: disable_audio_route: reset and update mixer path: low-latency-playback speaker
08-05 23:25:17.029   512  2967 D audio_hw_primary: disable_snd_device: snd_device(2: speaker)
08-05 23:25:17.029 13697 13758 I art     : Starting a blocking GC Explicit
08-05 23:25:17.036   512  2967 I soundtrigger: audio_extn_sound_trigger_update_device_status: device 0x2 of type 0 for Event 0
08-05 23:25:17.119 13697 13758 I art     : Explicit concurrent mark sweep GC freed 442(14KB) AllocSpace objects, 0(0B) LOS objects, 7% free, 191MB/207MB, paused 3.376ms total 89.478ms
08-05 23:25:17.147 13697 13758 I art     : Starting a blocking GC Explicit
08-05 23:25:17.226 13697 13758 I art     : Explicit concurrent mark sweep GC freed 177(4KB) AllocSpace objects, 0(0B) LOS objects, 7% free, 191MB/207MB, paused 2.399ms total 78.852ms
08-05 23:25:17.254 13697 13758 I art     : Starting a blocking GC Explicit
08-05 23:25:17.333 13697 13758 I art     : Explicit concurrent mark sweep GC freed 160(3KB) AllocSpace objects, 0(0B) LOS objects, 7% free, 191MB/207MB, paused 2.306ms total 77.802ms
08-05 23:25:17.360 13697 13758 I art     : Starting a blocking GC Explicit
08-05 23:25:17.412 13697 16311 I NAPPA_EXPERIMENTATION: MetricNetworkRequestExecutionTime: REQUEST_DURATION_SYSTEM='890',REQUEST_DURATION_OKHTTP='37',REQUEST_SYNCHRONOUS='FALSE',RESPONSE_CODE='200',RESPONSE_METHOD='GET',RESPONSE_LENGTH_OKHTTP='6426',RESPONSE_LENGTH_HEADER='6426',REQUEST_PROTOCOL='http/1.1',REQUEST_URL='https://project-travel-mate.herokuapp.com/api/get-upcoming-holidays/2020',
08-05 23:25:17.435 13697 16310 I NAPPA_EXPERIMENTATION: MetricNetworkRequestExecutionTime: REQUEST_DURATION_SYSTEM='919',REQUEST_DURATION_OKHTTP='53',REQUEST_SYNCHRONOUS='FALSE',RESPONSE_CODE='200',RESPONSE_METHOD='GET',RESPONSE_LENGTH_OKHTTP='6426',RESPONSE_LENGTH_HEADER='6426',REQUEST_PROTOCOL='http/1.1',REQUEST_URL='https://project-travel-mate.herokuapp.com/api/get-upcoming-holidays/2020',
08-05 23:25:17.444 13697 13758 I art     : Explicit concurrent mark sweep GC freed 5332(282KB) AllocSpace objects, 7(416KB) LOS objects, 7% free, 191MB/207MB, paused 2.396ms total 83.160ms
08-05 23:25:17.538 13697 13697 V Response: [{"month":"January","date":1,"day":"Wednesday","name":"New Year's Day","type":"Restricted"},{"month":"January","date":2,"day":"Thursday","name":"Guru Govind Singh Jayanti","type":"Restricted"},{"month":"January","date":14,"day":"Tuesday","name":"Lohri","type":"Restricted"},{"month":"January","date":15,"day":"Wednesday","name":"Pongal","type":"Restricted"},{"month":"January","date":15,"day":"Wednesday","name":"Makar Sankranti","type":"Restricted"},{"month":"January","date":25,"day":"Saturday","name":"Chinese New Year","type":"Observance"},{"month":"January","date":26,"day":"Sunday","name":"Republic Day","type":"Gazetted"},{"month":"January","date":30,"day":"Thursday","name":"Vasant Panchami","type":"Restricted"},{"month":"February","date":9,"day":"Sunday","name":"Guru Ravidas Jayanti","type":"Restricted"},{"month":"February","date":14,"day":"Friday","name":"Valentine's Day","type":"Observance"},{"month":"February","date":18,"day":"Tuesday","name":"Maharishi Dayanand Saraswati Jayanti","type":"Restricted"},{"month":"February","date":19,"day":"Wednesday","name":"Shivaji Jayanti","type":"Restricted"},{"month":"February","date":21,"day":"Friday","name":"Maha Shivaratri/Shivaratri","type":"Gazetted"},{"month":"March","date":9,"day":"Monday","name":"Holika Dahana","type":"Restricted"},{"month":"March","date":9,"day":"Monday","name":"Hazarat Ali's Birthday","type":"Restricted"},{"month":"March","date":10,"day":"Tuesday","name":"Holi","type":"Gazetted"},{"month":"March","date":20,"day":"Friday","name":"March Equinox","type":"Season"},{"month":"March","date":25,"day":"Wednesday","name":"Chaitra Sukhladi","type":"Restricted"},{"month":"April","date":2,"day":"Thursday","name":"Rama Navami","type":"Gazetted"},{"month":"April","date":6,"day":"Monday","name":"Mahavir Jayanti","type":"Gazetted"},{"month":"April","date":9,"day":"Thursday","name":"First day of Passover","type":"Observance"},{"month":"April","date":9,"day":"Thursday","name":"Maundy Thursday","type":"Observance,"},{"month":"April","date":10,"day":"Friday","name":"Good Friday","type":"Gazetted"},{"month":"April","date":12,"day":"Sunday","name":"Easter Day","type":"Restricted"},{"month":"April","date":13,"day":"Monday","name":"Vaisakhi","type":"Restricted"},{"month":"April","date":14,"day":"Tuesday","name":"Mesadi/Vaisakhadi","type":"Restricted"},{"month":"April","date":14,"day":"Tuesday","name":"Ambedkar Jayanti","type":"Central"},{"month":"May","date":1,"day":"Friday","name":"May Day","type":"Observance"},{"month":"May","date":7,"day":"Thursday","name":"Buddha Purnima/Vesak","type":"Gazetted"},{"month":"May","date":7,"day":"Thursday","name":"Birthday of Ravindranath","type":"Restricted"},{"month":"May","date":10,"day":"Sunday","name":"Mother's Day","type":"Observance"},{"month":"May","date":22,"day":"Friday","name":"Jamat Ul-Vida","type":"Restricted"},{"month":"May","date":25,"day":"Monday","name":"Ramzan Id/Eid-ul-Fitar","type":"Gazetted"},{"month":"May","date":25,"day":"Monday","name":"Ramzan Id/Eid-ul-Fitar","type":"Muslim,"},{"month":"June","date":21,"day":"Sunday","name":"June Solstice","type":"Season"},{"month":"June","date":21,"day":"Sunday","name":"Father's Day","type":"Observance"},{"month":"June","date":23,"day":"Tuesday","name":"Rath Yatra","type":"Restricted"},{"month":"July","date":5,"day":"Sunday","name":"Guru Purnima","type":"Observance"},{"month":"July","date":31,"day":"Friday","name":"Bakr Id/Eid ul-Adha","type":"Gazetted"},{"month":"August","date":2,"day":"Sunday","name":"Friendship Day","type":"Observance"},{"month":"August","date":3,"day":"Monday","name":"Raksha Bandhan (Rakhi)","type":"Restricted"},{"month":"August","date":11,"day":"Tuesday","name":"Janmashtami (Smarta)","type":"Restricted"},{"month":"August","date":12,"day":"Wednesday","name":"Janmashtami","type":"Gazetted"},{"month":"August","date":15,"day":"Saturday","name":"Independence Day","type":"Gazetted"},{"month":"August","date":16,"day":"Sunday","name":"Parsi New Year","type":"Restricted"},{"month":"August","date":22,"day":"Saturday","name":"Ganesh Chaturthi/Vin
08-05 23:25:17.542 13697 13697 V Response: [{"month":"January","date":1,"day":"Wednesday","name":"New Year's Day","type":"Restricted"},{"month":"January","date":2,"day":"Thursday","name":"Guru Govind Singh Jayanti","type":"Restricted"},{"month":"January","date":14,"day":"Tuesday","name":"Lohri","type":"Restricted"},{"month":"January","date":15,"day":"Wednesday","name":"Pongal","type":"Restricted"},{"month":"January","date":15,"day":"Wednesday","name":"Makar Sankranti","type":"Restricted"},{"month":"January","date":25,"day":"Saturday","name":"Chinese New Year","type":"Observance"},{"month":"January","date":26,"day":"Sunday","name":"Republic Day","type":"Gazetted"},{"month":"January","date":30,"day":"Thursday","name":"Vasant Panchami","type":"Restricted"},{"month":"February","date":9,"day":"Sunday","name":"Guru Ravidas Jayanti","type":"Restricted"},{"month":"February","date":14,"day":"Friday","name":"Valentine's Day","type":"Observance"},{"month":"February","date":18,"day":"Tuesday","name":"Maharishi Dayanand Saraswati Jayanti","type":"Restricted"},{"month":"February","date":19,"day":"Wednesday","name":"Shivaji Jayanti","type":"Restricted"},{"month":"February","date":21,"day":"Friday","name":"Maha Shivaratri/Shivaratri","type":"Gazetted"},{"month":"March","date":9,"day":"Monday","name":"Holika Dahana","type":"Restricted"},{"month":"March","date":9,"day":"Monday","name":"Hazarat Ali's Birthday","type":"Restricted"},{"month":"March","date":10,"day":"Tuesday","name":"Holi","type":"Gazetted"},{"month":"March","date":20,"day":"Friday","name":"March Equinox","type":"Season"},{"month":"March","date":25,"day":"Wednesday","name":"Chaitra Sukhladi","type":"Restricted"},{"month":"April","date":2,"day":"Thursday","name":"Rama Navami","type":"Gazetted"},{"month":"April","date":6,"day":"Monday","name":"Mahavir Jayanti","type":"Gazetted"},{"month":"April","date":9,"day":"Thursday","name":"First day of Passover","type":"Observance"},{"month":"April","date":9,"day":"Thursday","name":"Maundy Thursday","type":"Observance,"},{"month":"April","date":10,"day":"Friday","name":"Good Friday","type":"Gazetted"},{"month":"April","date":12,"day":"Sunday","name":"Easter Day","type":"Restricted"},{"month":"April","date":13,"day":"Monday","name":"Vaisakhi","type":"Restricted"},{"month":"April","date":14,"day":"Tuesday","name":"Mesadi/Vaisakhadi","type":"Restricted"},{"month":"April","date":14,"day":"Tuesday","name":"Ambedkar Jayanti","type":"Central"},{"month":"May","date":1,"day":"Friday","name":"May Day","type":"Observance"},{"month":"May","date":7,"day":"Thursday","name":"Buddha Purnima/Vesak","type":"Gazetted"},{"month":"May","date":7,"day":"Thursday","name":"Birthday of Ravindranath","type":"Restricted"},{"month":"May","date":10,"day":"Sunday","name":"Mother's Day","type":"Observance"},{"month":"May","date":22,"day":"Friday","name":"Jamat Ul-Vida","type":"Restricted"},{"month":"May","date":25,"day":"Monday","name":"Ramzan Id/Eid-ul-Fitar","type":"Gazetted"},{"month":"May","date":25,"day":"Monday","name":"Ramzan Id/Eid-ul-Fitar","type":"Muslim,"},{"month":"June","date":21,"day":"Sunday","name":"June Solstice","type":"Season"},{"month":"June","date":21,"day":"Sunday","name":"Father's Day","type":"Observance"},{"month":"June","date":23,"day":"Tuesday","name":"Rath Yatra","type":"Restricted"},{"month":"July","date":5,"day":"Sunday","name":"Guru Purnima","type":"Observance"},{"month":"July","date":31,"day":"Friday","name":"Bakr Id/Eid ul-Adha","type":"Gazetted"},{"month":"August","date":2,"day":"Sunday","name":"Friendship Day","type":"Observance"},{"month":"August","date":3,"day":"Monday","name":"Raksha Bandhan (Rakhi)","type":"Restricted"},{"month":"August","date":11,"day":"Tuesday","name":"Janmashtami (Smarta)","type":"Restricted"},{"month":"August","date":12,"day":"Wednesday","name":"Janmashtami","type":"Gazetted"},{"month":"August","date":15,"day":"Saturday","name":"Independence Day","type":"Gazetted"},{"month":"August","date":16,"day":"Sunday","name":"Parsi New Year","type":"Restricted"},{"month":"August","date":22,"day":"Saturday","name":"Ganesh Chaturthi/Vin
08-05 23:25:17.904 13697 16120 I art     : Starting a blocking GC Explicit
08-05 23:25:18.007 13697 16120 I art     : Explicit concurrent mark sweep GC freed 13522(676KB) AllocSpace objects, 5(4MB) LOS objects, 7% free, 187MB/203MB, paused 2.640ms total 102.361ms
08-05 23:25:18.040 13697 16120 I art     : Starting a blocking GC Explicit
08-05 23:25:18.130 13697 16120 I art     : Explicit concurrent mark sweep GC freed 484(15KB) AllocSpace objects, 0(0B) LOS objects, 7% free, 187MB/203MB, paused 2.432ms total 89.761ms
08-05 23:25:18.160 13697 16120 I art     : Starting a blocking GC Explicit
08-05 23:25:18.253 13697 16120 I art     : Explicit concurrent mark sweep GC freed 245(4KB) AllocSpace objects, 0(0B) LOS objects, 7% free, 187MB/203MB, paused 2.510ms total 92.623ms
08-05 23:25:18.284 13697 16120 I art     : Starting a blocking GC Explicit
08-05 23:25:18.378 13697 16120 I art     : Explicit concurrent mark sweep GC freed 172(2928B) AllocSpace objects, 0(0B) LOS objects, 7% free, 187MB/203MB, paused 2.328ms total 93.582ms
08-05 23:25:18.410 13697 16120 I art     : Starting a blocking GC Explicit
08-05 23:25:18.505 13697 16120 I art     : Explicit concurrent mark sweep GC freed 194(3KB) AllocSpace objects, 0(0B) LOS objects, 7% free, 187MB/203MB, paused 2.551ms total 94.968ms
08-05 23:25:18.992 13697 13710 I art     : Starting a blocking GC Explicit
08-05 23:25:19.089 13697 13710 I art     : Explicit concurrent mark sweep GC freed 2430(105KB) AllocSpace objects, 2(48KB) LOS objects, 7% free, 187MB/203MB, paused 2.583ms total 96.843ms
08-05 23:25:19.121 13697 13710 I art     : Starting a blocking GC Explicit
08-05 23:25:19.217 13697 13710 I art     : Explicit concurrent mark sweep GC freed 196(3KB) AllocSpace objects, 0(0B) LOS objects, 7% free, 187MB/203MB, paused 2.597ms total 95.520ms
08-05 23:25:19.249 13697 13710 I art     : Starting a blocking GC Explicit
08-05 23:25:19.347 13697 13710 I art     : Explicit concurrent mark sweep GC freed 232(4KB) AllocSpace objects, 0(0B) LOS objects, 7% free, 187MB/203MB, paused 2.431ms total 97.106ms
08-05 23:25:19.378 13697 13710 I art     : Starting a blocking GC Explicit
08-05 23:25:19.474 13697 13710 I art     : Explicit concurrent mark sweep GC freed 193(3KB) AllocSpace objects, 0(0B) LOS objects, 7% free, 187MB/203MB, paused 2.622ms total 95.673ms
08-05 23:25:19.508 13697 13710 I art     : Starting a blocking GC Explicit
08-05 23:25:19.598 13697 13710 I art     : Explicit concurrent mark sweep GC freed 173(2960B) AllocSpace objects, 0(0B) LOS objects, 7% free, 187MB/203MB, paused 2.344ms total 90.214ms
08-05 23:25:20.094 13697 13758 I art     : Starting a blocking GC Explicit
08-05 23:25:20.193 13697 13758 I art     : Explicit concurrent mark sweep GC freed 2466(106KB) AllocSpace objects, 2(48KB) LOS objects, 7% free, 187MB/203MB, paused 2.521ms total 98.244ms
08-05 23:25:20.225 13697 13758 I art     : Starting a blocking GC Explicit
08-05 23:25:20.320 13697 13758 I art     : Explicit concurrent mark sweep GC freed 277(6KB) AllocSpace objects, 0(0B) LOS objects, 7% free, 187MB/203MB, paused 2.696ms total 94.857ms
08-05 23:25:20.352 13697 13758 I art     : Starting a blocking GC Explicit
08-05 23:25:20.450 13697 13758 I art     : Explicit concurrent mark sweep GC freed 182(3KB) AllocSpace objects, 0(0B) LOS objects, 7% free, 187MB/203MB, paused 2.581ms total 97.800ms
08-05 23:25:20.483 13697 13758 I art     : Starting a blocking GC Explicit
08-05 23:25:20.513   518   646 I ThermalEngine: ACTION: GPU - Setting GPU[0] to 450000000
08-05 23:25:20.568 13697 13758 I art     : Explicit concurrent mark sweep GC freed 199(3KB) AllocSpace objects, 0(0B) LOS objects, 7% free, 187MB/203MB, paused 1.754ms total 84.424ms
08-05 23:25:20.594 13697 13758 I art     : Starting a blocking GC Explicit
08-05 23:25:20.673 13697 13758 I art     : Explicit concurrent mark sweep GC freed 153(2592B) AllocSpace objects, 0(0B) LOS objects, 7% free, 187MB/203MB, paused 1.724ms total 79.596ms
08-05 23:25:20.829 10068 10068 I ServiceManager: Waiting for service AtCmdFwd...
08-05 23:25:21.081 13697 13757 I art     : Starting a blocking GC Explicit
08-05 23:25:21.163 13697 13757 I art     : Explicit concurrent mark sweep GC freed 2286(103KB) AllocSpace objects, 2(48KB) LOS objects, 7% free, 187MB/203MB, paused 1.704ms total 81.730ms
08-05 23:25:21.185 13697 13757 I art     : Starting a blocking GC Explicit
08-05 23:25:21.263 13697 13757 I art     : Explicit concurrent mark sweep GC freed 208(4KB) AllocSpace objects, 0(0B) LOS objects, 7% free, 187MB/203MB, paused 1.798ms total 77.015ms
08-05 23:25:21.268 16355 16355 D AndroidRuntime: >>>>>> START com.android.internal.os.RuntimeInit uid 2000 <<<<<<
08-05 23:25:21.274 16355 16355 D AndroidRuntime: CheckJNI is OFF
08-05 23:25:21.285 13697 13757 I art     : Starting a blocking GC Explicit
08-05 23:25:21.318 16355 16355 D ICU     : No timezone override file found: /data/misc/zoneinfo/current/icu/icu_tzdata.dat
08-05 23:25:21.362 13697 13757 I art     : Explicit concurrent mark sweep GC freed 148(2528B) AllocSpace objects, 0(0B) LOS objects, 7% free, 187MB/203MB, paused 1.770ms total 76.732ms
08-05 23:25:21.365 16355 16355 I Radio-JNI: register_android_hardware_Radio DONE
08-05 23:25:21.384 13697 13757 I art     : Starting a blocking GC Explicit
08-05 23:25:21.396 16355 16355 D AndroidRuntime: Calling main entry com.android.commands.input.Input
08-05 23:25:21.398 16355 16355 I Input   : injectKeyEvent: KeyEvent { action=ACTION_DOWN, keyCode=KEYCODE_BACK, scanCode=0, metaState=0, flags=0x0, repeatCount=0, eventTime=833137811, downTime=833137811, deviceId=-1, source=0x101 }
08-05 23:25:21.405 16355 16355 I Input   : injectKeyEvent: KeyEvent { action=ACTION_UP, keyCode=KEYCODE_BACK, scanCode=0, metaState=0, flags=0x0, repeatCount=0, eventTime=833137811, downTime=833137811, deviceId=-1, source=0x101 }
08-05 23:25:21.412 16355 16355 D AndroidRuntime: Shutting down VM
08-05 23:25:21.422 13697 13697 V MainActivity: url = https://project-travel-mate.herokuapp.com/api/number-of-unread-notifications
08-05 23:25:21.452 13866 13866 I GoogleInputMethodServic: GoogleInputMethodService.onFinishInput():3138 
08-05 23:25:21.453 13866 13866 I GoogleInputMethodServic: GoogleInputMethodService.onStartInput():1808 
08-05 23:25:21.458 13697 13757 I art     : Explicit concurrent mark sweep GC freed 461(15KB) AllocSpace objects, 0(0B) LOS objects, 7% free, 187MB/203MB, paused 2.239ms total 73.029ms
08-05 23:25:21.480 13697 13757 I art     : Starting a blocking GC Explicit
08-05 23:25:21.549 13697 13757 I art     : Explicit concurrent mark sweep GC freed 132(4KB) AllocSpace objects, 0(0B) LOS objects, 7% free, 187MB/203MB, paused 2ms total 68.694ms
08-05 23:25:21.782   380   380 W SurfaceFlinger: couldn't log to binary event log: overflow.
08-05 23:25:21.829 10068 10068 I ServiceManager: Waiting for service AtCmdFwd...
08-05 23:25:21.940 13697 13757 I art     : Starting a blocking GC Explicit
08-05 23:25:22.048 13697 13757 I art     : Explicit concurrent mark sweep GC freed 2094(106KB) AllocSpace objects, 4(412KB) LOS objects, 7% free, 187MB/203MB, paused 2.005ms total 106.877ms
08-05 23:25:22.048 13697 13708 I art     : WaitForGcToComplete blocked for 45.702ms for cause HeapTrim
08-05 23:25:22.077 13697 13757 I art     : Starting a blocking GC Explicit
08-05 23:25:22.137 13697 16378 I NAPPA_EXPERIMENTATION: MetricNetworkRequestExecutionTime: REQUEST_DURATION_SYSTEM='714',REQUEST_DURATION_OKHTTP='43',REQUEST_SYNCHRONOUS='FALSE',RESPONSE_CODE='200',RESPONSE_METHOD='GET',RESPONSE_LENGTH_OKHTTP='36',RESPONSE_LENGTH_HEADER='36',REQUEST_PROTOCOL='http/1.1',REQUEST_URL='https://project-travel-mate.herokuapp.com/api/number-of-unread-notifications',
08-05 23:25:22.148 13697 13757 I art     : Explicit concurrent mark sweep GC freed 9336(503KB) AllocSpace objects, 15(384KB) LOS objects, 7% free, 187MB/203MB, paused 1.685ms total 70.323ms
08-05 23:25:22.169 13697 13757 I art     : Starting a blocking GC Explicit
08-05 23:25:22.244 13697 13757 I art     : Explicit concurrent mark sweep GC freed 1072(119KB) AllocSpace objects, 1(80KB) LOS objects, 7% free, 187MB/203MB, paused 1.699ms total 74.770ms
08-05 23:25:22.266 13697 13757 I art     : Starting a blocking GC Explicit
08-05 23:25:22.345 13697 13757 I art     : Explicit concurrent mark sweep GC freed 50(3KB) AllocSpace objects, 0(0B) LOS objects, 7% free, 187MB/203MB, paused 1.738ms total 78.481ms
08-05 23:25:22.372 13697 13757 I art     : Starting a blocking GC Explicit
08-05 23:25:22.450 13697 13757 I art     : Explicit concurrent mark sweep GC freed 3(96B) AllocSpace objects, 0(0B) LOS objects, 7% free, 187MB/203MB, paused 1.771ms total 77.403ms
08-05 23:25:22.830 10068 10068 I ServiceManager: Waiting for service AtCmdFwd...
08-05 23:25:22.857 13697 13758 I art     : Starting a blocking GC Explicit
08-05 23:25:22.940 13697 13758 I art     : Explicit concurrent mark sweep GC freed 1589(92KB) AllocSpace objects, 2(48KB) LOS objects, 7% free, 187MB/203MB, paused 1.710ms total 83.309ms
08-05 23:25:22.962 13697 13758 I art     : Starting a blocking GC Explicit
08-05 23:25:23.038 13697 13758 I art     : Explicit concurrent mark sweep GC freed 45(1840B) AllocSpace objects, 0(0B) LOS objects, 7% free, 187MB/203MB, paused 1.728ms total 75.652ms
08-05 23:25:23.061 13697 13758 I art     : Starting a blocking GC Explicit
08-05 23:25:23.128 13697 13758 I art     : Explicit concurrent mark sweep GC freed 25(1216B) AllocSpace objects, 0(0B) LOS objects, 7% free, 187MB/203MB, paused 1.576ms total 66.571ms
08-05 23:25:23.148 13697 13758 I art     : Starting a blocking GC Explicit
08-05 23:25:23.199 16398 16398 D AndroidRuntime: >>>>>> START com.android.internal.os.RuntimeInit uid 2000 <<<<<<
08-05 23:25:23.204 16398 16398 D AndroidRuntime: CheckJNI is OFF
08-05 23:25:23.212 13697 13758 I art     : Explicit concurrent mark sweep GC freed 21(656B) AllocSpace objects, 0(0B) LOS objects, 7% free, 187MB/203MB, paused 1.590ms total 63.775ms
08-05 23:25:23.233 13697 13758 I art     : Starting a blocking GC Explicit
08-05 23:25:23.244 16398 16398 D ICU     : No timezone override file found: /data/misc/zoneinfo/current/icu/icu_tzdata.dat
08-05 23:25:23.284 16398 16398 I Radio-JNI: register_android_hardware_Radio DONE
08-05 23:25:23.299 13697 13758 I art     : Explicit concurrent mark sweep GC freed 44(1216B) AllocSpace objects, 0(0B) LOS objects, 7% free, 187MB/203MB, paused 1.777ms total 64.933ms
08-05 23:25:23.311 16398 16398 D AndroidRuntime: Calling main entry com.android.commands.input.Input
08-05 23:25:23.313 16398 16398 I Input   : injectMotionEvent: MotionEvent { action=ACTION_DOWN, actionButton=0, id[0]=0, x[0]=657.0, y[0]=2080.0, toolType[0]=TOOL_TYPE_UNKNOWN, buttonState=0, metaState=0, flags=0x0, edgeFlags=0x0, pointerCount=1, historySize=0, eventTime=833139726, downTime=833139726, deviceId=0, source=0x1002 }
08-05 23:25:23.337 16398 16398 I Input   : injectMotionEvent: MotionEvent { action=ACTION_UP, actionButton=0, id[0]=0, x[0]=657.0, y[0]=2080.0, toolType[0]=TOOL_TYPE_UNKNOWN, buttonState=0, metaState=0, flags=0x0, edgeFlags=0x0, pointerCount=1, historySize=0, eventTime=833139726, downTime=833139726, deviceId=0, source=0x1002 }
08-05 23:25:23.372 16398 16398 D AndroidRuntime: Shutting down VM
08-05 23:25:23.372   918  3714 I ActivityManager: START u0 {cmp=baseline.io.github.project_travel_mate/.utilities.UpcomingWeekendsActivity} from uid 10696 on display 0
08-05 23:25:23.374   512  2967 D audio_hw_primary: out_set_parameters: enter: usecase(1: low-latency-playback) kvpairs: routing=2
08-05 23:25:23.387   512  2967 D audio_hw_primary: select_devices: out_snd_device(2: speaker) in_snd_device(0: none)
08-05 23:25:23.387   512  2967 D msm8974_platform: platform_send_audio_calibration: sending audio calibration for snd_device(2) acdb_id(15)
08-05 23:25:23.388   512  2967 I soundtrigger: audio_extn_sound_trigger_update_device_status: device 0x2 of type 0 for Event 1
08-05 23:25:23.397 13697 13778 D Gabe    : call	returning from cache
08-05 23:25:23.397   512  2967 D audio_hw_primary: enable_snd_device: snd_device(2: speaker)
08-05 23:25:23.399 13697 13697 V EXECUTING: https://project-travel-mate.herokuapp.com/api/get-upcoming-holidays/2020
08-05 23:25:23.400   512  2967 D audio_hw_primary: enable_audio_route: apply and update mixer path: low-latency-playback speaker
08-05 23:25:23.402 13697 13697 V EXECUTING: https://project-travel-mate.herokuapp.com/api/get-upcoming-holidays/2020
08-05 23:25:23.482 13866 13866 I GoogleInputMethodServic: GoogleInputMethodService.onFinishInput():3138 
08-05 23:25:23.482 13866 13866 I GoogleInputMethodServic: GoogleInputMethodService.onStartInput():1808 
08-05 23:25:23.581   918   936 I ActivityManager: Displayed baseline.io.github.project_travel_mate/.utilities.UpcomingWeekendsActivity: +202ms
08-05 23:25:23.689 13697 13710 I art     : Starting a blocking GC Explicit
08-05 23:25:23.761 13697 13710 I art     : Explicit concurrent mark sweep GC freed 3509(193KB) AllocSpace objects, 2(48KB) LOS objects, 7% free, 191MB/207MB, paused 1.591ms total 71.473ms
08-05 23:25:23.782 13697 13710 I art     : Starting a blocking GC Explicit
08-05 23:25:23.830 10068 10068 I ServiceManager: Waiting for service AtCmdFwd...
08-05 23:25:23.834   380   380 W SurfaceFlinger: couldn't log to binary event log: overflow.
08-05 23:25:23.856 13697 13710 I art     : Explicit concurrent mark sweep GC freed 413(15KB) AllocSpace objects, 0(0B) LOS objects, 7% free, 191MB/207MB, paused 1.617ms total 73.850ms
08-05 23:25:23.877 13697 13710 I art     : Starting a blocking GC Explicit
08-05 23:25:23.939   512  2967 D audio_hw_primary: disable_audio_route: reset and update mixer path: low-latency-playback speaker
08-05 23:25:23.940   512  2967 D audio_hw_primary: disable_snd_device: snd_device(2: speaker)
08-05 23:25:23.949   512  2967 I soundtrigger: audio_extn_sound_trigger_update_device_status: device 0x2 of type 0 for Event 0
08-05 23:25:23.952 13697 13710 I art     : Explicit concurrent mark sweep GC freed 5279(266KB) AllocSpace objects, 6(400KB) LOS objects, 7% free, 191MB/207MB, paused 2.576ms total 74.117ms
08-05 23:25:23.976 13697 13710 I art     : Starting a blocking GC Explicit
08-05 23:25:23.978 13697 16419 I NAPPA_EXPERIMENTATION: MetricNetworkRequestExecutionTime: REQUEST_DURATION_SYSTEM='576',REQUEST_DURATION_OKHTTP='55',REQUEST_SYNCHRONOUS='FALSE',RESPONSE_CODE='200',RESPONSE_METHOD='GET',RESPONSE_LENGTH_OKHTTP='6426',RESPONSE_LENGTH_HEADER='6426',REQUEST_PROTOCOL='http/1.1',REQUEST_URL='https://project-travel-mate.herokuapp.com/api/get-upcoming-holidays/2020',
08-05 23:25:23.984 13697 16418 I NAPPA_EXPERIMENTATION: MetricNetworkRequestExecutionTime: REQUEST_DURATION_SYSTEM='583',REQUEST_DURATION_OKHTTP='58',REQUEST_SYNCHRONOUS='FALSE',RESPONSE_CODE='200',RESPONSE_METHOD='GET',RESPONSE_LENGTH_OKHTTP='6426',RESPONSE_LENGTH_HEADER='6426',REQUEST_PROTOCOL='http/1.1',REQUEST_URL='https://project-travel-mate.herokuapp.com/api/get-upcoming-holidays/2020',
08-05 23:25:24.046 13697 13710 I art     : Explicit concurrent mark sweep GC freed 2176(254KB) AllocSpace objects, 3(48KB) LOS objects, 7% free, 191MB/207MB, paused 1.975ms total 69.416ms
08-05 23:25:24.068 13697 13710 I art     : Starting a blocking GC Explicit
08-05 23:25:24.137 13697 13710 I art     : Explicit concurrent mark sweep GC freed 211(5KB) AllocSpace objects, 0(0B) LOS objects, 7% free, 191MB/207MB, paused 1.946ms total 68.683ms
08-05 23:25:24.141 13697 13697 V Response: [{"month":"January","date":1,"day":"Wednesday","name":"New Year's Day","type":"Restricted"},{"month":"January","date":2,"day":"Thursday","name":"Guru Govind Singh Jayanti","type":"Restricted"},{"month":"January","date":14,"day":"Tuesday","name":"Lohri","type":"Restricted"},{"month":"January","date":15,"day":"Wednesday","name":"Pongal","type":"Restricted"},{"month":"January","date":15,"day":"Wednesday","name":"Makar Sankranti","type":"Restricted"},{"month":"January","date":25,"day":"Saturday","name":"Chinese New Year","type":"Observance"},{"month":"January","date":26,"day":"Sunday","name":"Republic Day","type":"Gazetted"},{"month":"January","date":30,"day":"Thursday","name":"Vasant Panchami","type":"Restricted"},{"month":"February","date":9,"day":"Sunday","name":"Guru Ravidas Jayanti","type":"Restricted"},{"month":"February","date":14,"day":"Friday","name":"Valentine's Day","type":"Observance"},{"month":"February","date":18,"day":"Tuesday","name":"Maharishi Dayanand Saraswati Jayanti","type":"Restricted"},{"month":"February","date":19,"day":"Wednesday","name":"Shivaji Jayanti","type":"Restricted"},{"month":"February","date":21,"day":"Friday","name":"Maha Shivaratri/Shivaratri","type":"Gazetted"},{"month":"March","date":9,"day":"Monday","name":"Holika Dahana","type":"Restricted"},{"month":"March","date":9,"day":"Monday","name":"Hazarat Ali's Birthday","type":"Restricted"},{"month":"March","date":10,"day":"Tuesday","name":"Holi","type":"Gazetted"},{"month":"March","date":20,"day":"Friday","name":"March Equinox","type":"Season"},{"month":"March","date":25,"day":"Wednesday","name":"Chaitra Sukhladi","type":"Restricted"},{"month":"April","date":2,"day":"Thursday","name":"Rama Navami","type":"Gazetted"},{"month":"April","date":6,"day":"Monday","name":"Mahavir Jayanti","type":"Gazetted"},{"month":"April","date":9,"day":"Thursday","name":"First day of Passover","type":"Observance"},{"month":"April","date":9,"day":"Thursday","name":"Maundy Thursday","type":"Observance,"},{"month":"April","date":10,"day":"Friday","name":"Good Friday","type":"Gazetted"},{"month":"April","date":12,"day":"Sunday","name":"Easter Day","type":"Restricted"},{"month":"April","date":13,"day":"Monday","name":"Vaisakhi","type":"Restricted"},{"month":"April","date":14,"day":"Tuesday","name":"Mesadi/Vaisakhadi","type":"Restricted"},{"month":"April","date":14,"day":"Tuesday","name":"Ambedkar Jayanti","type":"Central"},{"month":"May","date":1,"day":"Friday","name":"May Day","type":"Observance"},{"month":"May","date":7,"day":"Thursday","name":"Buddha Purnima/Vesak","type":"Gazetted"},{"month":"May","date":7,"day":"Thursday","name":"Birthday of Ravindranath","type":"Restricted"},{"month":"May","date":10,"day":"Sunday","name":"Mother's Day","type":"Observance"},{"month":"May","date":22,"day":"Friday","name":"Jamat Ul-Vida","type":"Restricted"},{"month":"May","date":25,"day":"Monday","name":"Ramzan Id/Eid-ul-Fitar","type":"Gazetted"},{"month":"May","date":25,"day":"Monday","name":"Ramzan Id/Eid-ul-Fitar","type":"Muslim,"},{"month":"June","date":21,"day":"Sunday","name":"June Solstice","type":"Season"},{"month":"June","date":21,"day":"Sunday","name":"Father's Day","type":"Observance"},{"month":"June","date":23,"day":"Tuesday","name":"Rath Yatra","type":"Restricted"},{"month":"July","date":5,"day":"Sunday","name":"Guru Purnima","type":"Observance"},{"month":"July","date":31,"day":"Friday","name":"Bakr Id/Eid ul-Adha","type":"Gazetted"},{"month":"August","date":2,"day":"Sunday","name":"Friendship Day","type":"Observance"},{"month":"August","date":3,"day":"Monday","name":"Raksha Bandhan (Rakhi)","type":"Restricted"},{"month":"August","date":11,"day":"Tuesday","name":"Janmashtami (Smarta)","type":"Restricted"},{"month":"August","date":12,"day":"Wednesday","name":"Janmashtami","type":"Gazetted"},{"month":"August","date":15,"day":"Saturday","name":"Independence Day","type":"Gazetted"},{"month":"August","date":16,"day":"Sunday","name":"Parsi New Year","type":"Restricted"},{"month":"August","date":22,"day":"Saturday","name":"Ganesh Chaturthi/Vin
08-05 23:25:24.145 13697 13697 V Response: [{"month":"January","date":1,"day":"Wednesday","name":"New Year's Day","type":"Restricted"},{"month":"January","date":2,"day":"Thursday","name":"Guru Govind Singh Jayanti","type":"Restricted"},{"month":"January","date":14,"day":"Tuesday","name":"Lohri","type":"Restricted"},{"month":"January","date":15,"day":"Wednesday","name":"Pongal","type":"Restricted"},{"month":"January","date":15,"day":"Wednesday","name":"Makar Sankranti","type":"Restricted"},{"month":"January","date":25,"day":"Saturday","name":"Chinese New Year","type":"Observance"},{"month":"January","date":26,"day":"Sunday","name":"Republic Day","type":"Gazetted"},{"month":"January","date":30,"day":"Thursday","name":"Vasant Panchami","type":"Restricted"},{"month":"February","date":9,"day":"Sunday","name":"Guru Ravidas Jayanti","type":"Restricted"},{"month":"February","date":14,"day":"Friday","name":"Valentine's Day","type":"Observance"},{"month":"February","date":18,"day":"Tuesday","name":"Maharishi Dayanand Saraswati Jayanti","type":"Restricted"},{"month":"February","date":19,"day":"Wednesday","name":"Shivaji Jayanti","type":"Restricted"},{"month":"February","date":21,"day":"Friday","name":"Maha Shivaratri/Shivaratri","type":"Gazetted"},{"month":"March","date":9,"day":"Monday","name":"Holika Dahana","type":"Restricted"},{"month":"March","date":9,"day":"Monday","name":"Hazarat Ali's Birthday","type":"Restricted"},{"month":"March","date":10,"day":"Tuesday","name":"Holi","type":"Gazetted"},{"month":"March","date":20,"day":"Friday","name":"March Equinox","type":"Season"},{"month":"March","date":25,"day":"Wednesday","name":"Chaitra Sukhladi","type":"Restricted"},{"month":"April","date":2,"day":"Thursday","name":"Rama Navami","type":"Gazetted"},{"month":"April","date":6,"day":"Monday","name":"Mahavir Jayanti","type":"Gazetted"},{"month":"April","date":9,"day":"Thursday","name":"First day of Passover","type":"Observance"},{"month":"April","date":9,"day":"Thursday","name":"Maundy Thursday","type":"Observance,"},{"month":"April","date":10,"day":"Friday","name":"Good Friday","type":"Gazetted"},{"month":"April","date":12,"day":"Sunday","name":"Easter Day","type":"Restricted"},{"month":"April","date":13,"day":"Monday","name":"Vaisakhi","type":"Restricted"},{"month":"April","date":14,"day":"Tuesday","name":"Mesadi/Vaisakhadi","type":"Restricted"},{"month":"April","date":14,"day":"Tuesday","name":"Ambedkar Jayanti","type":"Central"},{"month":"May","date":1,"day":"Friday","name":"May Day","type":"Observance"},{"month":"May","date":7,"day":"Thursday","name":"Buddha Purnima/Vesak","type":"Gazetted"},{"month":"May","date":7,"day":"Thursday","name":"Birthday of Ravindranath","type":"Restricted"},{"month":"May","date":10,"day":"Sunday","name":"Mother's Day","type":"Observance"},{"month":"May","date":22,"day":"Friday","name":"Jamat Ul-Vida","type":"Restricted"},{"month":"May","date":25,"day":"Monday","name":"Ramzan Id/Eid-ul-Fitar","type":"Gazetted"},{"month":"May","date":25,"day":"Monday","name":"Ramzan Id/Eid-ul-Fitar","type":"Muslim,"},{"month":"June","date":21,"day":"Sunday","name":"June Solstice","type":"Season"},{"month":"June","date":21,"day":"Sunday","name":"Father's Day","type":"Observance"},{"month":"June","date":23,"day":"Tuesday","name":"Rath Yatra","type":"Restricted"},{"month":"July","date":5,"day":"Sunday","name":"Guru Purnima","type":"Observance"},{"month":"July","date":31,"day":"Friday","name":"Bakr Id/Eid ul-Adha","type":"Gazetted"},{"month":"August","date":2,"day":"Sunday","name":"Friendship Day","type":"Observance"},{"month":"August","date":3,"day":"Monday","name":"Raksha Bandhan (Rakhi)","type":"Restricted"},{"month":"August","date":11,"day":"Tuesday","name":"Janmashtami (Smarta)","type":"Restricted"},{"month":"August","date":12,"day":"Wednesday","name":"Janmashtami","type":"Gazetted"},{"month":"August","date":15,"day":"Saturday","name":"Independence Day","type":"Gazetted"},{"month":"August","date":16,"day":"Sunday","name":"Parsi New Year","type":"Restricted"},{"month":"August","date":22,"day":"Saturday","name":"Ganesh Chaturthi/Vin
08-05 23:25:24.555 13697 13709 I art     : Starting a blocking GC Explicit
08-05 23:25:24.641 13697 13709 I art     : Explicit concurrent mark sweep GC freed 11430(436KB) AllocSpace objects, 3(4MB) LOS objects, 7% free, 188MB/204MB, paused 1.838ms total 85.840ms
08-05 23:25:24.667 13697 13709 I art     : Starting a blocking GC Explicit
08-05 23:25:24.744 13697 13709 I art     : Explicit concurrent mark sweep GC freed 452(14KB) AllocSpace objects, 0(0B) LOS objects, 7% free, 188MB/204MB, paused 1.717ms total 77.068ms
08-05 23:25:24.767 13697 13709 I art     : Starting a blocking GC Explicit
08-05 23:25:24.831 10068 10068 I ServiceManager: Waiting for service AtCmdFwd...
08-05 23:25:24.845 13697 13709 I art     : Explicit concurrent mark sweep GC freed 147(2496B) AllocSpace objects, 0(0B) LOS objects, 7% free, 188MB/204MB, paused 1.747ms total 77.404ms
08-05 23:25:24.868 13697 13709 I art     : Starting a blocking GC Explicit
08-05 23:25:24.949 13697 13709 I art     : Explicit concurrent mark sweep GC freed 147(2496B) AllocSpace objects, 0(0B) LOS objects, 7% free, 188MB/204MB, paused 2.033ms total 81.273ms
08-05 23:25:24.973 13697 13709 I art     : Starting a blocking GC Explicit
08-05 23:25:25.062 13697 13709 I art     : Explicit concurrent mark sweep GC freed 171(2896B) AllocSpace objects, 0(0B) LOS objects, 7% free, 188MB/204MB, paused 1.919ms total 88.580ms
08-05 23:25:25.505 13697 13757 I art     : Starting a blocking GC Explicit
08-05 23:25:25.595 13697 13757 I art     : Explicit concurrent mark sweep GC freed 2371(105KB) AllocSpace objects, 2(48KB) LOS objects, 7% free, 188MB/204MB, paused 1.894ms total 89.449ms
08-05 23:25:25.620 13697 13757 I art     : Starting a blocking GC Explicit
08-05 23:25:25.704 13697 13757 I art     : Explicit concurrent mark sweep GC freed 194(3KB) AllocSpace objects, 0(0B) LOS objects, 7% free, 188MB/204MB, paused 1.773ms total 84.560ms
08-05 23:25:25.727 13697 13757 I art     : Starting a blocking GC Explicit
08-05 23:25:25.812 13697 13757 I art     : Explicit concurrent mark sweep GC freed 170(2864B) AllocSpace objects, 0(0B) LOS objects, 7% free, 188MB/204MB, paused 1.911ms total 83.902ms
08-05 23:25:25.831 10068 10068 W Atfwd_Sendcmd: AtCmdFwd service not published, waiting... retryCnt : 1
08-05 23:25:25.837 13697 13757 I art     : Starting a blocking GC Explicit
08-05 23:25:25.921 13697 13757 I art     : Explicit concurrent mark sweep GC freed 148(2528B) AllocSpace objects, 0(0B) LOS objects, 7% free, 188MB/204MB, paused 1.670ms total 83.860ms
08-05 23:25:25.945 13697 13757 I art     : Starting a blocking GC Explicit
08-05 23:25:26.026 13697 13757 I art     : Explicit concurrent mark sweep GC freed 175(3KB) AllocSpace objects, 0(0B) LOS objects, 7% free, 188MB/204MB, paused 1.756ms total 80.602ms
08-05 23:25:26.462 13697 13758 I art     : Starting a blocking GC Explicit
08-05 23:25:26.550 13697 13758 I art     : Explicit concurrent mark sweep GC freed 2411(107KB) AllocSpace objects, 2(48KB) LOS objects, 7% free, 188MB/204MB, paused 1.972ms total 86.995ms
08-05 23:25:26.575 13697 13758 I art     : Starting a blocking GC Explicit
08-05 23:25:26.657 13697 13758 I art     : Explicit concurrent mark sweep GC freed 183(3KB) AllocSpace objects, 0(0B) LOS objects, 7% free, 188MB/204MB, paused 1.925ms total 81.917ms
08-05 23:25:26.680 13697 13758 I art     : Starting a blocking GC Explicit
08-05 23:25:26.761 13697 13758 I art     : Explicit concurrent mark sweep GC freed 171(2896B) AllocSpace objects, 0(0B) LOS objects, 7% free, 188MB/204MB, paused 1.803ms total 80.443ms
08-05 23:25:26.784 13697 13758 I art     : Starting a blocking GC Explicit
08-05 23:25:26.872 13697 13758 I art     : Explicit concurrent mark sweep GC freed 147(2496B) AllocSpace objects, 0(0B) LOS objects, 7% free, 188MB/204MB, paused 1.761ms total 87.244ms
08-05 23:25:26.898 13697 13758 I art     : Starting a blocking GC Explicit
08-05 23:25:26.982 13697 13758 I art     : Explicit concurrent mark sweep GC freed 171(2896B) AllocSpace objects, 0(0B) LOS objects, 7% free, 188MB/204MB, paused 1.843ms total 83.756ms
08-05 23:25:27.414 13697 13710 I art     : Starting a blocking GC Explicit
08-05 23:25:27.504 13697 13710 I art     : Explicit concurrent mark sweep GC freed 2369(105KB) AllocSpace objects, 2(48KB) LOS objects, 7% free, 188MB/204MB, paused 1.792ms total 89.510ms
08-05 23:25:27.530 13697 13710 I art     : Starting a blocking GC Explicit
08-05 23:25:27.613 13697 13710 I art     : Explicit concurrent mark sweep GC freed 196(3KB) AllocSpace objects, 0(0B) LOS objects, 7% free, 188MB/204MB, paused 1.667ms total 82.836ms
08-05 23:25:27.636 13697 13710 I art     : Starting a blocking GC Explicit
08-05 23:25:27.709 13697 13710 I art     : Explicit concurrent mark sweep GC freed 148(2528B) AllocSpace objects, 0(0B) LOS objects, 7% free, 188MB/204MB, paused 1.787ms total 72.337ms
08-05 23:25:27.731 13697 13710 I art     : Starting a blocking GC Explicit
08-05 23:25:27.806 13697 13710 I art     : Explicit concurrent mark sweep GC freed 123(2096B) AllocSpace objects, 0(0B) LOS objects, 7% free, 188MB/204MB, paused 1.820ms total 74.991ms
08-05 23:25:27.829 13697 13710 I art     : Starting a blocking GC Explicit
08-05 23:25:27.910 13697 13710 I art     : Explicit concurrent mark sweep GC freed 159(2688B) AllocSpace objects, 0(0B) LOS objects, 7% free, 188MB/204MB, paused 1.934ms total 80.950ms
08-05 23:25:28.156 16505 16505 D AndroidRuntime: >>>>>> START com.android.internal.os.RuntimeInit uid 2000 <<<<<<
08-05 23:25:28.162 16505 16505 D AndroidRuntime: CheckJNI is OFF
08-05 23:25:28.205 16505 16505 D ICU     : No timezone override file found: /data/misc/zoneinfo/current/icu/icu_tzdata.dat
08-05 23:25:28.247 16505 16505 I Radio-JNI: register_android_hardware_Radio DONE
08-05 23:25:28.277 16505 16505 D AndroidRuntime: Calling main entry com.android.commands.input.Input
08-05 23:25:28.279 16505 16505 I Input   : injectKeyEvent: KeyEvent { action=ACTION_DOWN, keyCode=KEYCODE_BACK, scanCode=0, metaState=0, flags=0x0, repeatCount=0, eventTime=833144691, downTime=833144691, deviceId=-1, source=0x101 }
08-05 23:25:28.286 16505 16505 I Input   : injectKeyEvent: KeyEvent { action=ACTION_UP, keyCode=KEYCODE_BACK, scanCode=0, metaState=0, flags=0x0, repeatCount=0, eventTime=833144691, downTime=833144691, deviceId=-1, source=0x101 }
08-05 23:25:28.295 16505 16505 D AndroidRuntime: Shutting down VM
08-05 23:25:28.306 13697 13697 V MainActivity: url = https://project-travel-mate.herokuapp.com/api/number-of-unread-notifications
08-05 23:25:28.345 13697 13710 I art     : Starting a blocking GC Explicit
08-05 23:25:28.350 13866 13866 I GoogleInputMethodServic: GoogleInputMethodService.onFinishInput():3138 
08-05 23:25:28.351 13866 13866 I GoogleInputMethodServic: GoogleInputMethodService.onStartInput():1808 
08-05 23:25:28.421 13697 13710 I art     : Explicit concurrent mark sweep GC freed 2746(124KB) AllocSpace objects, 2(48KB) LOS objects, 7% free, 188MB/204MB, paused 1.687ms total 74.946ms
08-05 23:25:28.447 13697 13710 I art     : Starting a blocking GC Explicit
08-05 23:25:28.515 13697 13710 I art     : Explicit concurrent mark sweep GC freed 211(6KB) AllocSpace objects, 0(0B) LOS objects, 7% free, 188MB/204MB, paused 1.696ms total 67.526ms
08-05 23:25:28.537 13697 13710 I art     : Starting a blocking GC Explicit
08-05 23:25:28.613 13697 13710 I art     : Explicit concurrent mark sweep GC freed 171(3KB) AllocSpace objects, 0(0B) LOS objects, 7% free, 188MB/204MB, paused 2.323ms total 75.394ms
08-05 23:25:28.638 13697 13710 I art     : Starting a blocking GC Explicit
08-05 23:25:28.689   380   380 W SurfaceFlinger: couldn't log to binary event log: overflow.
08-05 23:25:28.716 13697 13710 I art     : Explicit concurrent mark sweep GC freed 160(3KB) AllocSpace objects, 0(0B) LOS objects, 7% free, 188MB/204MB, paused 1.631ms total 77.811ms
08-05 23:25:28.739 13697 13710 I art     : Starting a blocking GC Explicit
08-05 23:25:28.817 13697 13710 I art     : Explicit concurrent mark sweep GC freed 41(1360B) AllocSpace objects, 1(188KB) LOS objects, 7% free, 187MB/203MB, paused 1.843ms total 78.333ms
08-05 23:25:29.081 13697 16533 I NAPPA_EXPERIMENTATION: MetricNetworkRequestExecutionTime: REQUEST_DURATION_SYSTEM='773',REQUEST_DURATION_OKHTTP='33',REQUEST_SYNCHRONOUS='FALSE',RESPONSE_CODE='200',RESPONSE_METHOD='GET',RESPONSE_LENGTH_OKHTTP='36',RESPONSE_LENGTH_HEADER='36',REQUEST_PROTOCOL='http/1.1',REQUEST_URL='https://project-travel-mate.herokuapp.com/api/number-of-unread-notifications',
08-05 23:25:29.237 13697 13709 I art     : Starting a blocking GC Explicit
08-05 23:25:29.337 13697 13709 I art     : Explicit concurrent mark sweep GC freed 11101(603KB) AllocSpace objects, 18(512KB) LOS objects, 7% free, 187MB/203MB, paused 1.981ms total 99.716ms
08-05 23:25:29.366 13697 13709 I art     : Starting a blocking GC Explicit
08-05 23:25:29.443 13697 13709 I art     : Explicit concurrent mark sweep GC freed 983(118KB) AllocSpace objects, 0(0B) LOS objects, 7% free, 187MB/203MB, paused 1.784ms total 77.441ms
08-05 23:25:29.466 13697 13709 I art     : Starting a blocking GC Explicit
08-05 23:25:29.544 13697 13709 I art     : Explicit concurrent mark sweep GC freed 14(672B) AllocSpace objects, 0(0B) LOS objects, 7% free, 187MB/203MB, paused 1.676ms total 77.334ms
08-05 23:25:29.566 13697 13709 I art     : Starting a blocking GC Explicit
08-05 23:25:29.641 13697 13709 I art     : Explicit concurrent mark sweep GC freed 3(96B) AllocSpace objects, 0(0B) LOS objects, 7% free, 187MB/203MB, paused 1.778ms total 74.161ms
08-05 23:25:29.663 13697 13709 I art     : Starting a blocking GC Explicit
08-05 23:25:29.738 13697 13709 I art     : Explicit concurrent mark sweep GC freed 3(96B) AllocSpace objects, 0(0B) LOS objects, 7% free, 187MB/203MB, paused 1.805ms total 74.218ms
08-05 23:25:30.055 16546 16546 D AndroidRuntime: >>>>>> START com.android.internal.os.RuntimeInit uid 2000 <<<<<<
08-05 23:25:30.060 16546 16546 D AndroidRuntime: CheckJNI is OFF
08-05 23:25:30.098 16546 16546 D ICU     : No timezone override file found: /data/misc/zoneinfo/current/icu/icu_tzdata.dat
08-05 23:25:30.142 16546 16546 I Radio-JNI: register_android_hardware_Radio DONE
08-05 23:25:30.159 13697 13757 I art     : Starting a blocking GC Explicit
08-05 23:25:30.169 16546 16546 D AndroidRuntime: Calling main entry com.android.commands.input.Input
08-05 23:25:30.171 16546 16546 I Input   : injectMotionEvent: MotionEvent { action=ACTION_DOWN, actionButton=0, id[0]=0, x[0]=117.0, y[0]=170.0, toolType[0]=TOOL_TYPE_UNKNOWN, buttonState=0, metaState=0, flags=0x0, edgeFlags=0x0, pointerCount=1, historySize=0, eventTime=833146584, downTime=833146584, deviceId=0, source=0x1002 }
08-05 23:25:30.203 16546 16546 I Input   : injectMotionEvent: MotionEvent { action=ACTION_UP, actionButton=0, id[0]=0, x[0]=117.0, y[0]=170.0, toolType[0]=TOOL_TYPE_UNKNOWN, buttonState=0, metaState=0, flags=0x0, edgeFlags=0x0, pointerCount=1, historySize=0, eventTime=833146584, downTime=833146584, deviceId=0, source=0x1002 }
08-05 23:25:30.234 13697 13757 I art     : Explicit concurrent mark sweep GC freed 1601(92KB) AllocSpace objects, 2(48KB) LOS objects, 7% free, 187MB/203MB, paused 1.819ms total 74.099ms
08-05 23:25:30.242 16546 16546 D AndroidRuntime: Shutting down VM
08-05 23:25:30.255 13697 13757 I art     : Starting a blocking GC Explicit
08-05 23:25:30.263   512  2967 D audio_hw_primary: out_set_parameters: enter: usecase(1: low-latency-playback) kvpairs: routing=2
08-05 23:25:30.276   512  2967 D audio_hw_primary: select_devices: out_snd_device(2: speaker) in_snd_device(0: none)
08-05 23:25:30.276   512  2967 D msm8974_platform: platform_send_audio_calibration: sending audio calibration for snd_device(2) acdb_id(15)
08-05 23:25:30.276   512  2967 I soundtrigger: audio_extn_sound_trigger_update_device_status: device 0x2 of type 0 for Event 1
08-05 23:25:30.286   512  2967 D audio_hw_primary: enable_snd_device: snd_device(2: speaker)
08-05 23:25:30.288   512  2967 D audio_hw_primary: enable_audio_route: apply and update mixer path: low-latency-playback speaker
08-05 23:25:30.322 13697 13757 I art     : Explicit concurrent mark sweep GC freed 89(2784B) AllocSpace objects, 0(0B) LOS objects, 7% free, 187MB/203MB, paused 1.753ms total 66.631ms
08-05 23:25:30.344 13697 13757 I art     : Starting a blocking GC Explicit
08-05 23:25:30.415 13697 13757 I art     : Explicit concurrent mark sweep GC freed 390(20KB) AllocSpace objects, 0(0B) LOS objects, 7% free, 187MB/203MB, paused 1.641ms total 70.382ms
08-05 23:25:30.438 13697 13757 I art     : Starting a blocking GC Explicit
08-05 23:25:30.505 13697 13757 I art     : Explicit concurrent mark sweep GC freed 25(1104B) AllocSpace objects, 0(0B) LOS objects, 7% free, 187MB/203MB, paused 1.619ms total 66.470ms
08-05 23:25:30.527 13697 13757 I art     : Starting a blocking GC Explicit
08-05 23:25:30.595 13697 13757 I art     : Explicit concurrent mark sweep GC freed 3(96B) AllocSpace objects, 0(0B) LOS objects, 7% free, 187MB/203MB, paused 1.597ms total 67.294ms
08-05 23:25:30.830   512  2967 D audio_hw_primary: disable_audio_route: reset and update mixer path: low-latency-playback speaker
08-05 23:25:30.832 10068 10068 I ServiceManager: Waiting for service AtCmdFwd...
08-05 23:25:30.832   512  2967 D audio_hw_primary: disable_snd_device: snd_device(2: speaker)
08-05 23:25:30.845   512  2967 I soundtrigger: audio_extn_sound_trigger_update_device_status: device 0x2 of type 0 for Event 0
08-05 23:25:30.984 16569 16569 D AndroidRuntime: >>>>>> START com.android.internal.os.RuntimeInit uid 2000 <<<<<<
08-05 23:25:30.990 16569 16569 D AndroidRuntime: CheckJNI is OFF
08-05 23:25:30.995 13697 13709 I art     : Starting a blocking GC Explicit
08-05 23:25:31.034 16569 16569 D ICU     : No timezone override file found: /data/misc/zoneinfo/current/icu/icu_tzdata.dat
08-05 23:25:31.071 13697 13709 I art     : Explicit concurrent mark sweep GC freed 1594(92KB) AllocSpace objects, 2(48KB) LOS objects, 7% free, 187MB/203MB, paused 1.801ms total 75.701ms
08-05 23:25:31.078 16569 16569 I Radio-JNI: register_android_hardware_Radio DONE
08-05 23:25:31.094 13697 13709 I art     : Starting a blocking GC Explicit
08-05 23:25:31.109 16569 16569 D AndroidRuntime: Calling main entry com.android.commands.input.Input
08-05 23:25:31.111 16569 16569 I Input   : injectMotionEvent: MotionEvent { action=ACTION_DOWN, actionButton=0, id[0]=0, x[0]=405.0, y[0]=661.0, toolType[0]=TOOL_TYPE_UNKNOWN, buttonState=0, metaState=0, flags=0x0, edgeFlags=0x0, pointerCount=1, historySize=0, eventTime=833147523, downTime=833147523, deviceId=0, source=0x1002 }
08-05 23:25:31.115 16569 16569 I Input   : injectMotionEvent: MotionEvent { action=ACTION_UP, actionButton=0, id[0]=0, x[0]=405.0, y[0]=661.0, toolType[0]=TOOL_TYPE_UNKNOWN, buttonState=0, metaState=0, flags=0x0, edgeFlags=0x0, pointerCount=1, historySize=0, eventTime=833147523, downTime=833147523, deviceId=0, source=0x1002 }
08-05 23:25:31.117 16569 16569 D AndroidRuntime: Shutting down VM
08-05 23:25:31.138   512  2967 D audio_hw_primary: out_set_parameters: enter: usecase(1: low-latency-playback) kvpairs: routing=2
08-05 23:25:31.151   512  2967 D audio_hw_primary: select_devices: out_snd_device(2: speaker) in_snd_device(0: none)
08-05 23:25:31.151   512  2967 D msm8974_platform: platform_send_audio_calibration: sending audio calibration for snd_device(2) acdb_id(15)
08-05 23:25:31.151   512  2967 I soundtrigger: audio_extn_sound_trigger_update_device_status: device 0x2 of type 0 for Event 1
08-05 23:25:31.161   512  2967 D audio_hw_primary: enable_snd_device: snd_device(2: speaker)
08-05 23:25:31.163   512  2967 D audio_hw_primary: enable_audio_route: apply and update mixer path: low-latency-playback speaker
08-05 23:25:31.170 13697 13709 I art     : Explicit concurrent mark sweep GC freed 1114(43KB) AllocSpace objects, 0(0B) LOS objects, 7% free, 187MB/203MB, paused 2.450ms total 76.321ms
08-05 23:25:31.198 13697 13709 I art     : Starting a blocking GC Explicit
08-05 23:25:31.211   512  2967 D AudioFlinger: mixer(0xf4740000) throttle end: throttle time(12)
08-05 23:25:31.266 13697 13709 I art     : Explicit concurrent mark sweep GC freed 1043(34KB) AllocSpace objects, 0(0B) LOS objects, 7% free, 187MB/203MB, paused 1.656ms total 67.548ms
08-05 23:25:31.287 13697 13709 I art     : Starting a blocking GC Explicit
08-05 23:25:31.355 13697 13709 I art     : Explicit concurrent mark sweep GC freed 808(46KB) AllocSpace objects, 0(0B) LOS objects, 7% free, 187MB/203MB, paused 1.792ms total 67.828ms
08-05 23:25:31.378 13697 13709 I art     : Starting a blocking GC Explicit
08-05 23:25:31.451 13697 13709 I art     : Explicit concurrent mark sweep GC freed 3(96B) AllocSpace objects, 9(252KB) LOS objects, 7% free, 187MB/203MB, paused 1.661ms total 73.107ms
08-05 23:25:31.710   512  2967 D audio_hw_primary: disable_audio_route: reset and update mixer path: low-latency-playback speaker
08-05 23:25:31.712   512  2967 D audio_hw_primary: disable_snd_device: snd_device(2: speaker)
08-05 23:25:31.720   512  2967 I soundtrigger: audio_extn_sound_trigger_update_device_status: device 0x2 of type 0 for Event 0
08-05 23:25:31.832 10068 10068 I ServiceManager: Waiting for service AtCmdFwd...
08-05 23:25:31.875 13697 13710 I art     : Starting a blocking GC Explicit
08-05 23:25:31.975 13697 13710 I art     : Explicit concurrent mark sweep GC freed 1624(93KB) AllocSpace objects, 2(48KB) LOS objects, 7% free, 187MB/203MB, paused 2.006ms total 99.191ms
08-05 23:25:31.999 13697 13710 I art     : Starting a blocking GC Explicit
08-05 23:25:32.083 13697 13710 I art     : Explicit concurrent mark sweep GC freed 39(1600B) AllocSpace objects, 0(0B) LOS objects, 7% free, 187MB/203MB, paused 2.020ms total 84.146ms
08-05 23:25:32.108 13697 13710 I art     : Starting a blocking GC Explicit
08-05 23:25:32.190 13697 13710 I art     : Explicit concurrent mark sweep GC freed 14(848B) AllocSpace objects, 0(0B) LOS objects, 7% free, 187MB/203MB, paused 1.764ms total 81.116ms
08-05 23:25:32.217 13697 13710 I art     : Starting a blocking GC Explicit
08-05 23:25:32.295 13697 13710 I art     : Explicit concurrent mark sweep GC freed 40(1088B) AllocSpace objects, 0(0B) LOS objects, 7% free, 187MB/203MB, paused 1.783ms total 77.542ms
08-05 23:25:32.318 13697 13710 I art     : Starting a blocking GC Explicit
08-05 23:25:32.402 13697 13710 I art     : Explicit concurrent mark sweep GC freed 3(96B) AllocSpace objects, 0(0B) LOS objects, 7% free, 187MB/203MB, paused 2.126ms total 83.860ms
08-05 23:25:32.537   518   646 I ThermalEngine: ACTION: GPU - Setting GPU[0] to 390000000
08-05 23:25:32.686   918  3261 D WifiStateMachine: starting scan for "H369AA63323"WPA_PSK with 2412,5180
08-05 23:25:32.833 10068 10068 I ServiceManager: Waiting for service AtCmdFwd...
08-05 23:25:32.873 13697 13758 I art     : Starting a blocking GC Explicit
08-05 23:25:32.997 13697 13758 I art     : Explicit concurrent mark sweep GC freed 1601(92KB) AllocSpace objects, 2(48KB) LOS objects, 7% free, 187MB/203MB, paused 3.929ms total 123.081ms
08-05 23:25:33.029 13697 13758 I art     : Starting a blocking GC Explicit
08-05 23:25:33.129 13697 13758 I art     : Explicit concurrent mark sweep GC freed 38(1568B) AllocSpace objects, 0(0B) LOS objects, 7% free, 187MB/203MB, paused 2.657ms total 99.651ms
08-05 23:25:33.162 13697 13758 I art     : Starting a blocking GC Explicit
08-05 23:25:33.268 13697 13758 I art     : Explicit concurrent mark sweep GC freed 39(1056B) AllocSpace objects, 0(0B) LOS objects, 7% free, 187MB/203MB, paused 2.900ms total 105.427ms
08-05 23:25:33.306 13697 13758 I art     : Starting a blocking GC Explicit
08-05 23:25:33.394 13697 13758 I art     : Explicit concurrent mark sweep GC freed 4(128B) AllocSpace objects, 0(0B) LOS objects, 7% free, 187MB/203MB, paused 2.336ms total 88.051ms
08-05 23:25:33.425 13697 13758 I art     : Starting a blocking GC Explicit
08-05 23:25:33.516 13697 13758 I art     : Explicit concurrent mark sweep GC freed 3(96B) AllocSpace objects, 0(0B) LOS objects, 7% free, 187MB/203MB, paused 2.501ms total 90.773ms
08-05 23:25:33.834 10068 10068 I ServiceManager: Waiting for service AtCmdFwd...
08-05 23:25:33.887 13697 13757 I art     : Starting a blocking GC Explicit
08-05 23:25:33.982 13697 13757 I art     : Explicit concurrent mark sweep GC freed 1602(92KB) AllocSpace objects, 2(48KB) LOS objects, 7% free, 187MB/203MB, paused 2.485ms total 93.876ms
08-05 23:25:33.997 16610 16610 D AndroidRuntime: >>>>>> START com.android.internal.os.RuntimeInit uid 2000 <<<<<<
08-05 23:25:34.004 16610 16610 D AndroidRuntime: CheckJNI is OFF
08-05 23:25:34.013 13697 13757 I art     : Starting a blocking GC Explicit
08-05 23:25:34.058 16610 16610 D ICU     : No timezone override file found: /data/misc/zoneinfo/current/icu/icu_tzdata.dat
08-05 23:25:34.102 16610 16610 I Radio-JNI: register_android_hardware_Radio DONE
08-05 23:25:34.103 13697 13757 I art     : Explicit concurrent mark sweep GC freed 42(1456B) AllocSpace objects, 0(0B) LOS objects, 7% free, 187MB/203MB, paused 2.566ms total 89.588ms
08-05 23:25:34.135 13697 13757 I art     : Starting a blocking GC Explicit
08-05 23:25:34.137 16610 16610 D AndroidRuntime: Calling main entry com.android.commands.input.Input
08-05 23:25:34.140 16610 16610 I Input   : injectMotionEvent: MotionEvent { action=ACTION_DOWN, actionButton=0, id[0]=0, x[0]=1341.0, y[0]=197.0, toolType[0]=TOOL_TYPE_UNKNOWN, buttonState=0, metaState=0, flags=0x0, edgeFlags=0x0, pointerCount=1, historySize=0, eventTime=833150552, downTime=833150552, deviceId=0, source=0x1002 }
08-05 23:25:34.146 16610 16610 I Input   : injectMotionEvent: MotionEvent { action=ACTION_UP, actionButton=0, id[0]=0, x[0]=1341.0, y[0]=197.0, toolType[0]=TOOL_TYPE_UNKNOWN, buttonState=0, metaState=0, flags=0x0, edgeFlags=0x0, pointerCount=1, historySize=0, eventTime=833150552, downTime=833150552, deviceId=0, source=0x1002 }
08-05 23:25:34.148 16610 16610 D AndroidRuntime: Shutting down VM
08-05 23:25:34.164   918  3670 I ActivityManager: START u0 {cmp=baseline.io.github.project_travel_mate/.notifications.NotificationsActivity} from uid 10696 on display 0
08-05 23:25:34.167   512  2967 D audio_hw_primary: out_set_parameters: enter: usecase(1: low-latency-playback) kvpairs: routing=2
08-05 23:25:34.180   512  2967 D audio_hw_primary: select_devices: out_snd_device(2: speaker) in_snd_device(0: none)
08-05 23:25:34.181   512  2967 D msm8974_platform: platform_send_audio_calibration: sending audio calibration for snd_device(2) acdb_id(15)
08-05 23:25:34.181   512  2967 I soundtrigger: audio_extn_sound_trigger_update_device_status: device 0x2 of type 0 for Event 1
08-05 23:25:34.192   512  2967 D audio_hw_primary: enable_snd_device: snd_device(2: speaker)
08-05 23:25:34.194   512  2967 D audio_hw_primary: enable_audio_route: apply and update mixer path: low-latency-playback speaker
08-05 23:25:34.211 13697 13778 D Gabe    : call	returning from cache
08-05 23:25:34.225 13697 13697 V EXECUTING: https://project-travel-mate.herokuapp.com/api/get-notifications
08-05 23:25:34.227 13697 13757 I art     : Explicit concurrent mark sweep GC freed 472(30KB) AllocSpace objects, 0(0B) LOS objects, 7% free, 187MB/203MB, paused 2.856ms total 92.197ms
08-05 23:25:34.228 13697 13697 V EXECUTING: https://project-travel-mate.herokuapp.com/api/get-notifications
08-05 23:25:34.255 13697 13757 I art     : Starting a blocking GC Explicit
08-05 23:25:34.341 13697 13757 I art     : Explicit concurrent mark sweep GC freed 1646(88KB) AllocSpace objects, 0(0B) LOS objects, 7% free, 191MB/207MB, paused 2.940ms total 85.968ms
08-05 23:25:34.370 13697 13757 I art     : Starting a blocking GC Explicit
08-05 23:25:34.423 13866 13866 I GoogleInputMethodServic: GoogleInputMethodService.onFinishInput():3138 
08-05 23:25:34.424 13866 13866 I GoogleInputMethodServic: GoogleInputMethodService.onStartInput():1808 
08-05 23:25:34.426   918   936 I ActivityManager: Displayed baseline.io.github.project_travel_mate/.notifications.NotificationsActivity: +246ms
08-05 23:25:34.458 13697 13757 I art     : Explicit concurrent mark sweep GC freed 378(18KB) AllocSpace objects, 0(0B) LOS objects, 7% free, 191MB/207MB, paused 2.645ms total 87.904ms
08-05 23:25:34.529 13697 13712 D OpenGLRenderer: endAllStagingAnimators on 0x7f7990cc00 (RippleDrawable) with handle 0x7f7acefac0
08-05 23:25:34.537   518   646 I ThermalEngine: ACTION: GPU - Setting GPU[0] to 450000000
08-05 23:25:34.647   380   380 W SurfaceFlinger: couldn't log to binary event log: overflow.
08-05 23:25:34.730   512  2967 D audio_hw_primary: disable_audio_route: reset and update mixer path: low-latency-playback speaker
08-05 23:25:34.731   512  2967 D audio_hw_primary: disable_snd_device: snd_device(2: speaker)
08-05 23:25:34.739   512  2967 I soundtrigger: audio_extn_sound_trigger_update_device_status: device 0x2 of type 0 for Event 0
08-05 23:25:34.812 13697 16634 I NAPPA_EXPERIMENTATION: MetricNetworkRequestExecutionTime: REQUEST_DURATION_SYSTEM='586',REQUEST_DURATION_OKHTTP='34',REQUEST_SYNCHRONOUS='FALSE',RESPONSE_CODE='200',RESPONSE_METHOD='GET',RESPONSE_LENGTH_OKHTTP='2',RESPONSE_LENGTH_HEADER='2',REQUEST_PROTOCOL='http/1.1',REQUEST_URL='https://project-travel-mate.herokuapp.com/api/get-notifications',
08-05 23:25:34.834 10068 10068 I ServiceManager: Waiting for service AtCmdFwd...
08-05 23:25:34.840 13697 16635 I NAPPA_EXPERIMENTATION: MetricNetworkRequestExecutionTime: REQUEST_DURATION_SYSTEM='611',REQUEST_DURATION_OKHTTP='52',REQUEST_SYNCHRONOUS='FALSE',RESPONSE_CODE='200',RESPONSE_METHOD='GET',RESPONSE_LENGTH_OKHTTP='2',RESPONSE_LENGTH_HEADER='2',REQUEST_PROTOCOL='http/1.1',REQUEST_URL='https://project-travel-mate.herokuapp.com/api/get-notifications',
08-05 23:25:34.859 13697 13710 I art     : Starting a blocking GC Explicit
08-05 23:25:34.933 13697 13710 I art     : Explicit concurrent mark sweep GC freed 7737(395KB) AllocSpace objects, 8(448KB) LOS objects, 7% free, 192MB/208MB, paused 1.995ms total 73.716ms
08-05 23:25:34.956 13697 13710 I art     : Starting a blocking GC Explicit
08-05 23:25:34.975 13697 13697 V Response: [] 
08-05 23:25:34.979 13697 13778 D Gabe    : call	returning from cache
08-05 23:25:34.980 13697 13697 V Response: [] 
08-05 23:25:34.983 13697 13778 D Gabe    : call	returning from cache
08-05 23:25:35.026 13697 13710 I art     : Explicit concurrent mark sweep GC freed 2698(259KB) AllocSpace objects, 0(0B) LOS objects, 7% free, 192MB/208MB, paused 1.639ms total 70.576ms
08-05 23:25:35.048 13697 13710 I art     : Starting a blocking GC Explicit
08-05 23:25:35.115 13697 13710 I art     : Explicit concurrent mark sweep GC freed 1772(62KB) AllocSpace objects, 1(188KB) LOS objects, 7% free, 192MB/208MB, paused 1.540ms total 66.395ms
08-05 23:25:35.136 13697 13710 I art     : Starting a blocking GC Explicit
08-05 23:25:35.204 13697 13710 I art     : Explicit concurrent mark sweep GC freed 1936(68KB) AllocSpace objects, 0(0B) LOS objects, 7% free, 192MB/208MB, paused 1.756ms total 67.667ms
08-05 23:25:35.225 13697 13710 I art     : Starting a blocking GC Explicit
08-05 23:25:35.292 13697 13710 I art     : Explicit concurrent mark sweep GC freed 467(8KB) AllocSpace objects, 0(0B) LOS objects, 7% free, 192MB/208MB, paused 1.640ms total 66.783ms
08-05 23:25:35.691 13697 16120 I art     : Starting a blocking GC Explicit
08-05 23:25:35.759 13697 16120 I art     : Explicit concurrent mark sweep GC freed 3699(129KB) AllocSpace objects, 2(48KB) LOS objects, 7% free, 192MB/208MB, paused 1.627ms total 67.174ms
08-05 23:25:35.780 13697 16120 I art     : Starting a blocking GC Explicit
08-05 23:25:35.835 10068 10068 W Atfwd_Sendcmd: AtCmdFwd service not published, waiting... retryCnt : 2
08-05 23:25:35.846 13697 16120 I art     : Explicit concurrent mark sweep GC freed 555(17KB) AllocSpace objects, 0(0B) LOS objects, 7% free, 192MB/208MB, paused 1.543ms total 65.638ms
08-05 23:25:35.867 13697 16120 I art     : Starting a blocking GC Explicit
08-05 23:25:35.932 13697 16120 I art     : Explicit concurrent mark sweep GC freed 364(5KB) AllocSpace objects, 0(0B) LOS objects, 7% free, 192MB/208MB, paused 1.527ms total 64.862ms
08-05 23:25:35.953 13697 16120 I art     : Starting a blocking GC Explicit
08-05 23:25:36.023 13697 16120 I art     : Explicit concurrent mark sweep GC freed 433(7KB) AllocSpace objects, 0(0B) LOS objects, 7% free, 192MB/208MB, paused 1.811ms total 69.459ms
08-05 23:25:36.045 13697 16120 I art     : Starting a blocking GC Explicit
08-05 23:25:36.111 13697 16120 I art     : Explicit concurrent mark sweep GC freed 362(5KB) AllocSpace objects, 0(0B) LOS objects, 7% free, 192MB/208MB, paused 1.536ms total 65.930ms
08-05 23:25:36.517 13697 13758 I art     : Starting a blocking GC Explicit
08-05 23:25:36.543   518   646 I ThermalEngine: ACTION: GPU - Setting GPU[0] to 390000000
08-05 23:25:36.613 13697 13758 I art     : Explicit concurrent mark sweep GC freed 3727(126KB) AllocSpace objects, 2(48KB) LOS objects, 7% free, 192MB/208MB, paused 2.286ms total 96.245ms
08-05 23:25:36.641 13697 13758 I art     : Starting a blocking GC Explicit
08-05 23:25:36.721 13697 13758 I art     : Explicit concurrent mark sweep GC freed 469(8KB) AllocSpace objects, 0(0B) LOS objects, 7% free, 192MB/208MB, paused 2.464ms total 79.750ms
08-05 23:25:36.751 13697 13758 I art     : Starting a blocking GC Explicit
08-05 23:25:36.831 13697 13758 I art     : Explicit concurrent mark sweep GC freed 472(7KB) AllocSpace objects, 0(0B) LOS objects, 7% free, 192MB/208MB, paused 2.129ms total 79.709ms
08-05 23:25:36.858 13697 13758 I art     : Starting a blocking GC Explicit
08-05 23:25:36.939 13697 13758 I art     : Explicit concurrent mark sweep GC freed 469(7KB) AllocSpace objects, 0(0B) LOS objects, 7% free, 192MB/208MB, paused 2.438ms total 80.261ms
08-05 23:25:36.968 13697 13758 I art     : Starting a blocking GC Explicit
08-05 23:25:37.048 13697 13758 I art     : Explicit concurrent mark sweep GC freed 447(7KB) AllocSpace objects, 0(0B) LOS objects, 7% free, 192MB/208MB, paused 2.156ms total 79.545ms
08-05 23:25:37.496 13697 16120 I art     : Starting a blocking GC Explicit
08-05 23:25:37.580 13697 16120 I art     : Explicit concurrent mark sweep GC freed 3866(128KB) AllocSpace objects, 2(48KB) LOS objects, 7% free, 192MB/208MB, paused 2.493ms total 83.548ms
08-05 23:25:37.609 13697 16120 I art     : Starting a blocking GC Explicit
08-05 23:25:37.690 13697 16120 I art     : Explicit concurrent mark sweep GC freed 489(8KB) AllocSpace objects, 0(0B) LOS objects, 7% free, 192MB/208MB, paused 2.434ms total 80.123ms
08-05 23:25:37.719 13697 16120 I art     : Starting a blocking GC Explicit
08-05 23:25:37.800 13697 16120 I art     : Explicit concurrent mark sweep GC freed 451(7KB) AllocSpace objects, 0(0B) LOS objects, 7% free, 192MB/208MB, paused 2.829ms total 80.995ms
08-05 23:25:37.829 13697 16120 I art     : Starting a blocking GC Explicit
08-05 23:25:37.909 13697 16120 I art     : Explicit concurrent mark sweep GC freed 479(7KB) AllocSpace objects, 0(0B) LOS objects, 7% free, 192MB/208MB, paused 2.385ms total 80.534ms
08-05 23:25:37.938 13697 16120 I art     : Starting a blocking GC Explicit
08-05 23:25:38.020 13697 16120 I art     : Explicit concurrent mark sweep GC freed 450(7KB) AllocSpace objects, 0(0B) LOS objects, 7% free, 192MB/208MB, paused 2.575ms total 81.411ms
08-05 23:25:38.020 13697 13708 I art     : WaitForGcToComplete blocked for 22.172ms for cause HeapTrim
08-05 23:25:38.477 13697 13757 I art     : Starting a blocking GC Explicit
08-05 23:25:38.558 13697 13757 I art     : Explicit concurrent mark sweep GC freed 3968(132KB) AllocSpace objects, 2(48KB) LOS objects, 7% free, 192MB/208MB, paused 2.434ms total 79.888ms
08-05 23:25:38.585 13697 13757 I art     : Starting a blocking GC Explicit
08-05 23:25:38.665 13697 13757 I art     : Explicit concurrent mark sweep GC freed 523(9KB) AllocSpace objects, 0(0B) LOS objects, 7% free, 192MB/208MB, paused 2.164ms total 79.411ms
08-05 23:25:38.693 13697 13757 I art     : Starting a blocking GC Explicit
08-05 23:25:38.773 13697 13757 I art     : Explicit concurrent mark sweep GC freed 582(17KB) AllocSpace objects, 0(0B) LOS objects, 7% free, 192MB/208MB, paused 2.568ms total 79.416ms
08-05 23:25:38.800 13697 13757 I art     : Starting a blocking GC Explicit
08-05 23:25:38.879 13697 13757 I art     : Explicit concurrent mark sweep GC freed 492(7KB) AllocSpace objects, 0(0B) LOS objects, 7% free, 192MB/208MB, paused 2.385ms total 78.678ms
08-05 23:25:38.907 13697 13757 I art     : Starting a blocking GC Explicit
08-05 23:25:38.993 13697 13757 I art     : Explicit concurrent mark sweep GC freed 493(7KB) AllocSpace objects, 0(0B) LOS objects, 7% free, 192MB/208MB, paused 2.324ms total 85.424ms
08-05 23:25:39.004 16691 16691 D AndroidRuntime: >>>>>> START com.android.internal.os.RuntimeInit uid 2000 <<<<<<
08-05 23:25:39.010 16691 16691 D AndroidRuntime: CheckJNI is OFF
08-05 23:25:39.064 16691 16691 D ICU     : No timezone override file found: /data/misc/zoneinfo/current/icu/icu_tzdata.dat
08-05 23:25:39.107 16691 16691 I Radio-JNI: register_android_hardware_Radio DONE
08-05 23:25:39.139 16691 16691 D AndroidRuntime: Calling main entry com.android.commands.input.Input
08-05 23:25:39.141 16691 16691 I Input   : injectKeyEvent: KeyEvent { action=ACTION_DOWN, keyCode=KEYCODE_BACK, scanCode=0, metaState=0, flags=0x0, repeatCount=0, eventTime=833155554, downTime=833155554, deviceId=-1, source=0x101 }
08-05 23:25:39.149 16691 16691 I Input   : injectKeyEvent: KeyEvent { action=ACTION_UP, keyCode=KEYCODE_BACK, scanCode=0, metaState=0, flags=0x0, repeatCount=0, eventTime=833155554, downTime=833155554, deviceId=-1, source=0x101 }
08-05 23:25:39.171 16691 16691 D AndroidRuntime: Shutting down VM
08-05 23:25:39.194 13697 13697 V MainActivity: url = https://project-travel-mate.herokuapp.com/api/number-of-unread-notifications
08-05 23:25:39.264 13866 13866 I GoogleInputMethodServic: GoogleInputMethodService.onFinishInput():3138 
08-05 23:25:39.265 13866 13866 I GoogleInputMethodServic: GoogleInputMethodService.onStartInput():1808 
08-05 23:25:39.479 13697 16120 I art     : Starting a blocking GC Explicit
08-05 23:25:39.534   380   380 W SurfaceFlinger: couldn't log to binary event log: overflow.
08-05 23:25:39.586 13697 16120 I art     : Explicit concurrent mark sweep GC freed 3291(135KB) AllocSpace objects, 2(48KB) LOS objects, 7% free, 192MB/208MB, paused 2.232ms total 106.715ms
08-05 23:25:39.616 13697 16120 I art     : Starting a blocking GC Explicit
08-05 23:25:39.713 13697 16120 I art     : Explicit concurrent mark sweep GC freed 2659(135KB) AllocSpace objects, 4(4MB) LOS objects, 7% free, 188MB/204MB, paused 3.100ms total 96.445ms
08-05 23:25:39.728 13697 16712 I NAPPA_EXPERIMENTATION: MetricNetworkRequestExecutionTime: REQUEST_DURATION_SYSTEM='533',REQUEST_DURATION_OKHTTP='35',REQUEST_SYNCHRONOUS='FALSE',RESPONSE_CODE='200',RESPONSE_METHOD='GET',RESPONSE_LENGTH_OKHTTP='36',RESPONSE_LENGTH_HEADER='36',REQUEST_PROTOCOL='http/1.1',REQUEST_URL='https://project-travel-mate.herokuapp.com/api/number-of-unread-notifications',
08-05 23:25:39.744 13697 16120 I art     : Starting a blocking GC Explicit
08-05 23:25:39.838 13697 16120 I art     : Explicit concurrent mark sweep GC freed 4801(305KB) AllocSpace objects, 2(56KB) LOS objects, 7% free, 187MB/203MB, paused 3.148ms total 93.601ms
08-05 23:25:39.872 13697 16120 I art     : Starting a blocking GC Explicit
08-05 23:25:39.976 13697 16120 I art     : Explicit concurrent mark sweep GC freed 100(4KB) AllocSpace objects, 0(0B) LOS objects, 7% free, 187MB/203MB, paused 3.220ms total 103.155ms
08-05 23:25:40.010 13697 16120 I art     : Starting a blocking GC Explicit
08-05 23:25:40.115 13697 16120 I art     : Explicit concurrent mark sweep GC freed 3(96B) AllocSpace objects, 0(0B) LOS objects, 7% free, 187MB/203MB, paused 2.925ms total 104.184ms
08-05 23:25:40.506 13697 13757 I art     : Starting a blocking GC Explicit
08-05 23:25:40.608 13697 13757 I art     : Explicit concurrent mark sweep GC freed 1639(93KB) AllocSpace objects, 2(48KB) LOS objects, 7% free, 187MB/203MB, paused 2.505ms total 102.388ms
08-05 23:25:40.641 13697 13757 I art     : Starting a blocking GC Explicit
08-05 23:25:40.734 13697 13757 I art     : Explicit concurrent mark sweep GC freed 42(1456B) AllocSpace objects, 0(0B) LOS objects, 7% free, 187MB/203MB, paused 2.533ms total 92.678ms
08-05 23:25:40.766 13697 13757 I art     : Starting a blocking GC Explicit
08-05 23:25:40.862 13697 13757 I art     : Explicit concurrent mark sweep GC freed 3(96B) AllocSpace objects, 0(0B) LOS objects, 7% free, 187MB/203MB, paused 2.617ms total 95.622ms
08-05 23:25:40.895 13697 13757 I art     : Starting a blocking GC Explicit
08-05 23:25:40.989 13697 13757 I art     : Explicit concurrent mark sweep GC freed 14(720B) AllocSpace objects, 0(0B) LOS objects, 7% free, 187MB/203MB, paused 2.605ms total 93.850ms
08-05 23:25:41.022 13697 13757 I art     : Starting a blocking GC Explicit
08-05 23:25:41.040 16728 16728 D AndroidRuntime: >>>>>> START com.android.internal.os.RuntimeInit uid 2000 <<<<<<
08-05 23:25:41.046 16728 16728 D AndroidRuntime: CheckJNI is OFF
08-05 23:25:41.095 16728 16728 D ICU     : No timezone override file found: /data/misc/zoneinfo/current/icu/icu_tzdata.dat
08-05 23:25:41.114 13697 13757 I art     : Explicit concurrent mark sweep GC freed 14(672B) AllocSpace objects, 0(0B) LOS objects, 7% free, 187MB/203MB, paused 2.737ms total 91.659ms
08-05 23:25:41.142 16728 16728 I Radio-JNI: register_android_hardware_Radio DONE
08-05 23:25:41.173 16728 16728 D AndroidRuntime: Calling main entry com.android.commands.input.Input
08-05 23:25:41.175 16728 16728 I Input   : injectMotionEvent: MotionEvent { action=ACTION_DOWN, actionButton=0, id[0]=0, x[0]=117.0, y[0]=170.0, toolType[0]=TOOL_TYPE_UNKNOWN, buttonState=0, metaState=0, flags=0x0, edgeFlags=0x0, pointerCount=1, historySize=0, eventTime=833157587, downTime=833157587, deviceId=0, source=0x1002 }
08-05 23:25:41.179 16728 16728 I Input   : injectMotionEvent: MotionEvent { action=ACTION_UP, actionButton=0, id[0]=0, x[0]=117.0, y[0]=170.0, toolType[0]=TOOL_TYPE_UNKNOWN, buttonState=0, metaState=0, flags=0x0, edgeFlags=0x0, pointerCount=1, historySize=0, eventTime=833157587, downTime=833157587, deviceId=0, source=0x1002 }
08-05 23:25:41.182 16728 16728 D AndroidRuntime: Shutting down VM
08-05 23:25:41.189   512  2967 D audio_hw_primary: out_set_parameters: enter: usecase(1: low-latency-playback) kvpairs: routing=2
08-05 23:25:41.203   512  2967 D audio_hw_primary: select_devices: out_snd_device(2: speaker) in_snd_device(0: none)
08-05 23:25:41.203   512  2967 D msm8974_platform: platform_send_audio_calibration: sending audio calibration for snd_device(2) acdb_id(15)
08-05 23:25:41.203   512  2967 I soundtrigger: audio_extn_sound_trigger_update_device_status: device 0x2 of type 0 for Event 1
08-05 23:25:41.216   512  2967 D audio_hw_primary: enable_snd_device: snd_device(2: speaker)
08-05 23:25:41.218   512  2967 D audio_hw_primary: enable_audio_route: apply and update mixer path: low-latency-playback speaker
08-05 23:25:41.612 13697 13758 I art     : Starting a blocking GC Explicit
08-05 23:25:41.704 13697 13758 I art     : Explicit concurrent mark sweep GC freed 2050(114KB) AllocSpace objects, 2(48KB) LOS objects, 7% free, 187MB/203MB, paused 2.400ms total 92.067ms
08-05 23:25:41.735 13697 13758 I art     : Starting a blocking GC Explicit
08-05 23:25:41.768   512  2967 D audio_hw_primary: disable_audio_route: reset and update mixer path: low-latency-playback speaker
08-05 23:25:41.770   512  2967 D audio_hw_primary: disable_snd_device: snd_device(2: speaker)
08-05 23:25:41.779   512  2967 I soundtrigger: audio_extn_sound_trigger_update_device_status: device 0x2 of type 0 for Event 0
08-05 23:25:41.821 13697 13758 I art     : Explicit concurrent mark sweep GC freed 72(2976B) AllocSpace objects, 0(0B) LOS objects, 7% free, 187MB/203MB, paused 2.430ms total 85.668ms
08-05 23:25:41.851 13697 13758 I art     : Starting a blocking GC Explicit
08-05 23:25:41.943 13697 13758 I art     : Explicit concurrent mark sweep GC freed 3(96B) AllocSpace objects, 0(0B) LOS objects, 7% free, 187MB/203MB, paused 2.593ms total 91.295ms
08-05 23:25:41.974 13697 13758 I art     : Starting a blocking GC Explicit
08-05 23:25:42.065 13697 13758 I art     : Explicit concurrent mark sweep GC freed 5(160B) AllocSpace objects, 0(0B) LOS objects, 7% free, 187MB/203MB, paused 2.586ms total 90.518ms
08-05 23:25:42.073 16751 16751 D AndroidRuntime: >>>>>> START com.android.internal.os.RuntimeInit uid 2000 <<<<<<
08-05 23:25:42.080 16751 16751 D AndroidRuntime: CheckJNI is OFF
08-05 23:25:42.098 13697 13758 I art     : Starting a blocking GC Explicit
08-05 23:25:42.129 16751 16751 D ICU     : No timezone override file found: /data/misc/zoneinfo/current/icu/icu_tzdata.dat
08-05 23:25:42.173 16751 16751 I Radio-JNI: register_android_hardware_Radio DONE
08-05 23:25:42.189 13697 13758 I art     : Explicit concurrent mark sweep GC freed 3(96B) AllocSpace objects, 0(0B) LOS objects, 7% free, 187MB/203MB, paused 2.633ms total 91.019ms
08-05 23:25:42.209 16751 16751 D AndroidRuntime: Calling main entry com.android.commands.input.Input
08-05 23:25:42.212 16751 16751 I Input   : injectMotionEvent: MotionEvent { action=ACTION_DOWN, actionButton=0, id[0]=0, x[0]=418.0, y[0]=842.0, toolType[0]=TOOL_TYPE_UNKNOWN, buttonState=0, metaState=0, flags=0x0, edgeFlags=0x0, pointerCount=1, historySize=0, eventTime=833158625, downTime=833158625, deviceId=0, source=0x1002 }
08-05 23:25:42.218 16751 16751 I Input   : injectMotionEvent: MotionEvent { action=ACTION_UP, actionButton=0, id[0]=0, x[0]=418.0, y[0]=842.0, toolType[0]=TOOL_TYPE_UNKNOWN, buttonState=0, metaState=0, flags=0x0, edgeFlags=0x0, pointerCount=1, historySize=0, eventTime=833158625, downTime=833158625, deviceId=0, source=0x1002 }
08-05 23:25:42.220 16751 16751 D AndroidRuntime: Shutting down VM
08-05 23:25:42.243   512  2967 D audio_hw_primary: out_set_parameters: enter: usecase(1: low-latency-playback) kvpairs: routing=2
08-05 23:25:42.248 13697 13778 D Gabe    : call	returning from cache
08-05 23:25:42.257   512  2967 D audio_hw_primary: select_devices: out_snd_device(2: speaker) in_snd_device(0: none)
08-05 23:25:42.257   512  2967 D msm8974_platform: platform_send_audio_calibration: sending audio calibration for snd_device(2) acdb_id(15)
08-05 23:25:42.257   512  2967 I soundtrigger: audio_extn_sound_trigger_update_device_status: device 0x2 of type 0 for Event 1
08-05 23:25:42.267   512  2967 D audio_hw_primary: enable_snd_device: snd_device(2: speaker)
08-05 23:25:42.269   512  2967 D audio_hw_primary: enable_audio_route: apply and update mixer path: low-latency-playback speaker
08-05 23:25:42.278 13697 13697 V MainActivity: url = https://project-travel-mate.herokuapp.com/api/number-of-unread-notifications
08-05 23:25:42.316   512  2967 D AudioFlinger: mixer(0xf4740000) throttle end: throttle time(12)
08-05 23:25:42.667 13697 13757 I art     : Starting a blocking GC Explicit
08-05 23:25:42.772 13697 13757 I art     : Explicit concurrent mark sweep GC freed 4216(261KB) AllocSpace objects, 2(48KB) LOS objects, 7% free, 188MB/204MB, paused 3.277ms total 104.837ms
08-05 23:25:42.803 13697 13757 I art     : Starting a blocking GC Explicit
08-05 23:25:42.809   512  2967 D audio_hw_primary: disable_audio_route: reset and update mixer path: low-latency-playback speaker
08-05 23:25:42.810   512  2967 D audio_hw_primary: disable_snd_device: snd_device(2: speaker)
08-05 23:25:42.817   512  2967 I soundtrigger: audio_extn_sound_trigger_update_device_status: device 0x2 of type 0 for Event 0
08-05 23:25:42.904 13697 13757 I art     : Explicit concurrent mark sweep GC freed 3656(187KB) AllocSpace objects, 3(200KB) LOS objects, 7% free, 188MB/204MB, paused 4.052ms total 100.203ms
08-05 23:25:42.904 13697 16764 I NAPPA_EXPERIMENTATION: MetricNetworkRequestExecutionTime: REQUEST_DURATION_SYSTEM='625',REQUEST_DURATION_OKHTTP='34',REQUEST_SYNCHRONOUS='FALSE',RESPONSE_CODE='200',RESPONSE_METHOD='GET',RESPONSE_LENGTH_OKHTTP='36',RESPONSE_LENGTH_HEADER='36',REQUEST_PROTOCOL='http/1.1',REQUEST_URL='https://project-travel-mate.herokuapp.com/api/number-of-unread-notifications',
08-05 23:25:42.938 13697 13757 I art     : Starting a blocking GC Explicit
08-05 23:25:42.966 13697 13697 I Choreographer: Skipped 40 frames!  The application may be doing too much work on its main thread.
08-05 23:25:43.035 13697 13757 I art     : Explicit concurrent mark sweep GC freed 2718(188KB) AllocSpace objects, 9(252KB) LOS objects, 7% free, 188MB/204MB, paused 2.997ms total 96.370ms
08-05 23:25:43.065 13697 13757 I art     : Starting a blocking GC Explicit
08-05 23:25:43.170 13697 13757 I art     : Explicit concurrent mark sweep GC freed 1348(85KB) AllocSpace objects, 0(0B) LOS objects, 7% free, 188MB/204MB, paused 4.009ms total 104.842ms
08-05 23:25:43.201 13697 13757 I art     : Starting a blocking GC Explicit
08-05 23:25:43.298 13697 13757 I art     : Explicit concurrent mark sweep GC freed 1106(33KB) AllocSpace objects, 0(0B) LOS objects, 7% free, 188MB/204MB, paused 2.386ms total 96.232ms
08-05 23:25:43.669 13697 13758 I art     : Starting a blocking GC Explicit
08-05 23:25:43.775 13697 13758 I art     : Explicit concurrent mark sweep GC freed 2288(104KB) AllocSpace objects, 2(64KB) LOS objects, 7% free, 188MB/204MB, paused 2.622ms total 105.572ms
08-05 23:25:43.808 13697 13758 I art     : Starting a blocking GC Explicit
08-05 23:25:43.917 13697 13758 I art     : Explicit concurrent mark sweep GC freed 247(4KB) AllocSpace objects, 0(0B) LOS objects, 7% free, 188MB/204MB, paused 2.313ms total 108.911ms
08-05 23:25:43.949 13697 13758 I art     : Starting a blocking GC Explicit
08-05 23:25:44.043 13697 13758 I art     : Explicit concurrent mark sweep GC freed 197(3KB) AllocSpace objects, 0(0B) LOS objects, 7% free, 188MB/204MB, paused 2.435ms total 93.730ms
08-05 23:25:44.075 13697 13758 I art     : Starting a blocking GC Explicit
08-05 23:25:44.181 13697 13758 I art     : Explicit concurrent mark sweep GC freed 247(4KB) AllocSpace objects, 0(0B) LOS objects, 7% free, 188MB/204MB, paused 2.516ms total 105.762ms
08-05 23:25:44.213 13697 13758 I art     : Starting a blocking GC Explicit
08-05 23:25:44.317 13697 13758 I art     : Explicit concurrent mark sweep GC freed 232(4KB) AllocSpace objects, 0(0B) LOS objects, 7% free, 188MB/204MB, paused 2.565ms total 103.668ms
08-05 23:25:44.340   918  3188 I hubconnection: sensorhub said: 'set_bias 3: -5.0688, 0.0000, 0.0000'
08-05 23:25:44.693 13697 13710 I art     : Starting a blocking GC Explicit
08-05 23:25:44.794 13697 13710 I art     : Explicit concurrent mark sweep GC freed 2275(103KB) AllocSpace objects, 2(64KB) LOS objects, 7% free, 188MB/204MB, paused 2.624ms total 100.478ms
08-05 23:25:44.826 13697 13710 I art     : Starting a blocking GC Explicit
08-05 23:25:44.924 13697 13710 I art     : Explicit concurrent mark sweep GC freed 230(4KB) AllocSpace objects, 0(0B) LOS objects, 7% free, 188MB/204MB, paused 2.628ms total 97.798ms
08-05 23:25:44.957 13697 13710 I art     : Starting a blocking GC Explicit
08-05 23:25:45.058 13697 13710 I art     : Explicit concurrent mark sweep GC freed 194(3KB) AllocSpace objects, 0(0B) LOS objects, 7% free, 188MB/204MB, paused 2.573ms total 100.415ms
08-05 23:25:45.089 13697 13710 I art     : Starting a blocking GC Explicit
08-05 23:25:45.152 16800 16800 D AndroidRuntime: >>>>>> START com.android.internal.os.RuntimeInit uid 2000 <<<<<<
08-05 23:25:45.158 16800 16800 D AndroidRuntime: CheckJNI is OFF
08-05 23:25:45.188 13697 13710 I art     : Explicit concurrent mark sweep GC freed 196(3KB) AllocSpace objects, 0(0B) LOS objects, 7% free, 188MB/204MB, paused 2.557ms total 98.488ms
08-05 23:25:45.214 16800 16800 D ICU     : No timezone override file found: /data/misc/zoneinfo/current/icu/icu_tzdata.dat
08-05 23:25:45.219 13697 13710 I art     : Starting a blocking GC Explicit
08-05 23:25:45.258 16800 16800 I Radio-JNI: register_android_hardware_Radio DONE
08-05 23:25:45.290 16800 16800 D AndroidRuntime: Calling main entry com.android.commands.am.Am
08-05 23:25:45.298  3167  3167 I Trepn   : Trepn 6.2s: Received intent: com.quicinc.trepn.stop_profiling
08-05 23:25:45.318 13697 13710 I art     : Explicit concurrent mark sweep GC freed 232(4KB) AllocSpace objects, 0(0B) LOS objects, 7% free, 188MB/204MB, paused 2.542ms total 97.910ms
08-05 23:25:45.325  3167  3167 I Trepn   : Trepn 6.2s: Trepn has Stopped Profiling.
08-05 23:25:45.464 16800 16800 D AndroidRuntime: Shutting down VM
08-05 23:25:45.487   918  6111 W AppOps  : Finishing op nesting under-run: uid 10078 pkg com.quicinc.trepn code 24 time=0 duration=0 nesting=0
08-05 23:25:45.557   518   646 I ThermalEngine: ACTION: GPU - Setting GPU[0] to 450000000
08-05 23:25:45.749 13697 16120 I art     : Starting a blocking GC Explicit
08-05 23:25:45.822 13697 16120 I art     : Explicit concurrent mark sweep GC freed 2310(104KB) AllocSpace objects, 2(64KB) LOS objects, 7% free, 188MB/204MB, paused 1.777ms total 72.884ms
08-05 23:25:45.835 10068 10068 I ServiceManager: Waiting for service AtCmdFwd...
08-05 23:25:45.844 13697 16120 I art     : Starting a blocking GC Explicit
08-05 23:25:45.924 13697 16120 I art     : Explicit concurrent mark sweep GC freed 172(3KB) AllocSpace objects, 0(0B) LOS objects, 7% free, 188MB/204MB, paused 1.715ms total 79.502ms
08-05 23:25:45.947 13697 16120 I art     : Starting a blocking GC Explicit
08-05 23:25:46.026 13697 16120 I art     : Explicit concurrent mark sweep GC freed 147(2496B) AllocSpace objects, 0(0B) LOS objects, 7% free, 188MB/204MB, paused 1.903ms total 77.846ms
08-05 23:25:46.049 13697 16120 I art     : Starting a blocking GC Explicit
08-05 23:25:46.129 13697 16120 I art     : Explicit concurrent mark sweep GC freed 164(2784B) AllocSpace objects, 0(0B) LOS objects, 7% free, 188MB/204MB, paused 2.030ms total 79.940ms
08-05 23:25:46.153 13697 16120 I art     : Starting a blocking GC Explicit
08-05 23:25:46.237 13697 16120 I art     : Explicit concurrent mark sweep GC freed 155(2640B) AllocSpace objects, 0(0B) LOS objects, 7% free, 188MB/204MB, paused 1.757ms total 83.343ms
08-05 23:25:46.836 10068 10068 I ServiceManager: Waiting for service AtCmdFwd...
08-05 23:25:47.836 10068 10068 I ServiceManager: Waiting for service AtCmdFwd...
08-05 23:25:48.837 10068 10068 I ServiceManager: Waiting for service AtCmdFwd...
