--------- beginning of main
--------- beginning of system
08-05 16:46:14.188 13595 13595 D Nappa   : Selected prefetching strategy STRATEGY_GREEDY_VISIT_FREQUENCY_AND_TIME
08-05 16:46:14.210 13595 13610 D Nappa   : Updating activity map nappagreedy.com.ak.uobtimetable.MainActivity: 1
08-05 16:46:14.210 13595 13610 D Nappa   : Updating activity map nappagreedy.com.ak.uobtimetable.WelcomeActivity: 2
08-05 16:46:14.210 13595 13610 D Nappa   : Updating activity map nappagreedy.com.ak.uobtimetable.CourseListActivity: 3
08-05 16:46:14.311 13595 13610 D Nappa   : registerActivity: (already in) nappagreedy.com.ak.uobtimetable.MainActivity
08-05 16:46:14.415 13595 13610 D Nappa   : registerActivity: (already in) nappagreedy.com.ak.uobtimetable.WelcomeActivity
08-05 16:46:14.419 13595 13613 D Nappa   : {nappagreedy.com.ak.uobtimetable.WelcomeActivity=2, nappagreedy.com.ak.uobtimetable.MainActivity=1, nappagreedy.com.ak.uobtimetable.CourseListActivity=3}
08-05 16:46:14.528 13595 13610 D Nappa   : registerActivity: (already in) nappagreedy.com.ak.uobtimetable.WelcomeActivity
08-05 16:46:14.630 13595 13610 D Nappa   : registerActivity: (already in) nappagreedy.com.ak.uobtimetable.CourseListActivity
08-05 16:46:14.631 13595 13613 D Nappa   : {nappagreedy.com.ak.uobtimetable.WelcomeActivity=2, nappagreedy.com.ak.uobtimetable.MainActivity=1, nappagreedy.com.ak.uobtimetable.CourseListActivity=3}
08-05 16:46:14.733 13595 13610 D Nappa   : registerActivity: (already in) nappagreedy.com.ak.uobtimetable.CourseListActivity
08-05 16:46:14.835 13595 13610 D Nappa   : registerActivity: (already in) nappagreedy.com.ak.uobtimetable.MainActivity
08-05 16:46:14.836 13595 13613 D Nappa   : {nappagreedy.com.ak.uobtimetable.WelcomeActivity=2, nappagreedy.com.ak.uobtimetable.MainActivity=1, nappagreedy.com.ak.uobtimetable.CourseListActivity=3}
08-05 16:46:14.839 13595 13610 D Nappa   : Extended Startup-time: 651 ms
08-05 16:46:14.841 13595 13595 D Nappa   : Startup-time: 653 ms
08-05 16:46:15.007 13595 13595 D Nappa   : setCurrentActivity - MetricStrategyAccuracy - 
08-05 16:46:15.007 13595 13595 D Nappa   : madePredictionFromActivity = false, 
08-05 16:46:15.007 13595 13595 D Nappa   : fromActivity = null, 
08-05 16:46:15.007 13595 13595 D Nappa   : predictedNextActivityFromActivity = [], 
08-05 16:46:15.007 13595 13595 D Nappa   : activity.getClass().getCanonicalName() = nappagreedy.com.ak.uobtimetable.MainActivity, 
08-05 16:46:15.007 13595 13595 D Nappa   : setCurrentActivity - MetricStrategyAccuracy - 
08-05 16:46:15.007 13595 13595 D Nappa   : madePredictionFromExtra = false, 
08-05 16:46:15.007 13595 13595 D Nappa   : fromActivity = null, 
08-05 16:46:15.007 13595 13595 D Nappa   : predictedNextActivityFromExtra = [], 
08-05 16:46:15.007 13595 13595 D Nappa   : activity.getClass().getCanonicalName() = nappagreedy.com.ak.uobtimetable.MainActivity, 
08-05 16:46:15.008 13595 13595 D Nappa   : PREFETCH_ON_EXTRA - setCurrentActivity - logs - from activity - made prediction isfalse
08-05 16:46:15.108 13595 13595 D Nappa   : registerActivity: (already in) nappagreedy.com.ak.uobtimetable.MainActivity
08-05 16:46:15.109 13595 13595 D Nappa   : SHOULD_PREFETCH false
08-05 16:46:15.109 13595 13595 D Nappa   : STATS Number of requests not prefetched: 0
08-05 16:46:15.109 13595 13595 D Nappa   : STATS Number of requests prefetched: 0
08-05 16:46:15.109 13595 13595 D Nappa   : STATS Time saved until now: 0.0
08-05 16:46:15.143 13595 13595 D Nappa   : Stayed on nappagreedy.com.ak.uobtimetable.MainActivity for 33 ms
08-05 16:46:15.227 13595 13595 D Nappa   : setCurrentActivity - MetricStrategyAccuracy - 
08-05 16:46:15.227 13595 13595 D Nappa   : madePredictionFromActivity = false, 
08-05 16:46:15.227 13595 13595 D Nappa   : fromActivity = nappagreedy.com.ak.uobtimetable.MainActivity, 
08-05 16:46:15.227 13595 13595 D Nappa   : predictedNextActivityFromActivity = [], 
08-05 16:46:15.227 13595 13595 D Nappa   : activity.getClass().getCanonicalName() = nappagreedy.com.ak.uobtimetable.WelcomeActivity, 
08-05 16:46:15.227 13595 13595 D Nappa   : setCurrentActivity - MetricStrategyAccuracy - 
08-05 16:46:15.227 13595 13595 D Nappa   : madePredictionFromExtra = false, 
08-05 16:46:15.227 13595 13595 D Nappa   : fromActivity = nappagreedy.com.ak.uobtimetable.MainActivity, 
08-05 16:46:15.227 13595 13595 D Nappa   : predictedNextActivityFromExtra = [], 
08-05 16:46:15.227 13595 13595 D Nappa   : activity.getClass().getCanonicalName() = nappagreedy.com.ak.uobtimetable.WelcomeActivity, 
08-05 16:46:15.227 13595 13595 D Nappa   : PREFETCH_ON_EXTRA - setCurrentActivity - logs - from activity - made prediction isfalse
08-05 16:46:15.328 13595 13595 D Nappa   : registerActivity: (already in) nappagreedy.com.ak.uobtimetable.WelcomeActivity
08-05 16:46:15.329 13595 13595 D Nappa   : SHOULD_PREFETCH true
08-05 16:46:15.408 13595 13613 D Nappa   : PREFETCH_ON_EXTRA - setCurrentActivity - logs - from extra - made prediction isfalse
08-05 16:46:15.429 13595 13595 D Nappa   : registerActivity: (already in) nappagreedy.com.ak.uobtimetable.WelcomeActivity
08-05 16:46:15.429 13595 13595 D Nappa   : SUCCESSORS nappagreedy.com.ak.uobtimetable.CourseListActivity
08-05 16:46:15.430 13595 13595 D Nappa   : STATS Number of requests not prefetched: 0
08-05 16:46:15.430 13595 13595 D Nappa   : STATS Number of requests prefetched: 0
08-05 16:46:15.430 13595 13595 D Nappa   : STATS Time saved until now: 0.0
08-05 16:46:15.628 13595 13613 D Nappa   : PREFETCH_ON_EXTRA - setCurrentActivity - logs - from extra - made prediction isfalse
08-05 16:46:15.930 13595 13613 D Nappa   : PREFETCH_ON_EXTRA - setCurrentActivity - starting new prediction
08-05 16:46:15.930 13595 13613 D Nappa   : Current node - currentActivityName - nappagreedy.com.ak.uobtimetable.WelcomeActivity
08-05 16:46:15.930 13595 13613 D Nappa   : Current node - activityGraph.getCurrent() - nappagreedy.com.ak.uobtimetable.WelcomeActivity
08-05 16:46:15.935 13595 13613 D Nappa   : PREFETCH_ON_EXTRA - setCurrentActivity - finished new prediction
08-05 16:46:20.983 13595 13595 D Nappa   : Stayed on nappagreedy.com.ak.uobtimetable.WelcomeActivity for 5553 ms
08-05 16:46:21.016 13595 13595 D Nappa   : setCurrentActivity - MetricStrategyAccuracy - 
08-05 16:46:21.016 13595 13595 D Nappa   : madePredictionFromActivity = true, 
08-05 16:46:21.016 13595 13595 D Nappa   : fromActivity = nappagreedy.com.ak.uobtimetable.WelcomeActivity, 
08-05 16:46:21.016 13595 13595 D Nappa   : predictedNextActivityFromActivity = [nappagreedy.com.ak.uobtimetable.CourseListActivity, nappagreedy.com.ak.uobtimetable.MainActivity, nappagreedy.com.ak.uobtimetable.WelcomeActivity], 
08-05 16:46:21.016 13595 13595 D Nappa   : activity.getClass().getCanonicalName() = nappagreedy.com.ak.uobtimetable.CourseListActivity, 
08-05 16:46:21.016 13595 13595 D Nappa   : setCurrentActivity - MetricStrategyAccuracy - 
08-05 16:46:21.016 13595 13595 D Nappa   : madePredictionFromExtra = false, 
08-05 16:46:21.016 13595 13595 D Nappa   : fromActivity = nappagreedy.com.ak.uobtimetable.WelcomeActivity, 
08-05 16:46:21.016 13595 13595 D Nappa   : predictedNextActivityFromExtra = [], 
08-05 16:46:21.016 13595 13595 D Nappa   : activity.getClass().getCanonicalName() = nappagreedy.com.ak.uobtimetable.CourseListActivity, 
08-05 16:46:21.016 13595 13595 D Nappa   : PREFETCH_ON_EXTRA - setCurrentActivity - logs - from activity - made prediction istrue
08-05 16:46:21.016 13595 13595 D Nappa   : PREFETCH_ON_EXTRA - setCurrentActivity - logs - from activity - start
08-05 16:46:21.016 13595 13595 D Nappa   : setCurrentActivity - MetricStrategyAccuracy - checking prediction VS current activity for activities
08-05 16:46:21.016 13595 13595 D Nappa   : PREFETCH_ON_EXTRA - setCurrentActivity - logs - from activity- finished
08-05 16:46:21.036 13595 13805 D Nappa   : TAG okHttpClient initialized
08-05 16:46:21.049 13595 13805 D Nappa   : F1_SCORE add_intercept_url - (new) - https://uob-timetable-api.adriankeenan.co.uk/courses
08-05 16:46:21.049 13595 13805 D Nappa   : F1_SCORE add_fn_url - (new) - https://uob-timetable-api.adriankeenan.co.uk/courses
08-05 16:46:21.049 13595 13805 D Nappa   : -------------F1_SCORE #0 -----------
08-05 16:46:21.049 13595 13805 D Nappa   : F1_SCORE - Intercept list (1)= [https://uob-timetable-api.adriankeenan.co.uk/courses]
08-05 16:46:21.049 13595 13805 D Nappa   : F1_SCORE - Prefetch list (0)= []
08-05 16:46:21.049 13595 13805 D Nappa   : F1_SCORE - TP list (0)= []
08-05 16:46:21.049 13595 13805 D Nappa   : F1_SCORE - FN list (1)= [https://uob-timetable-api.adriankeenan.co.uk/courses]
08-05 16:46:21.116 13595 13595 D Nappa   : registerActivity: (already in) nappagreedy.com.ak.uobtimetable.CourseListActivity
08-05 16:46:21.117 13595 13595 D Nappa   : SHOULD_PREFETCH true
08-05 16:46:21.150 13595 13613 D Nappa   : registerActivity: (already in) nappagreedy.com.ak.uobtimetable.CourseListActivity
08-05 16:46:21.150 13595 13613 D Nappa   : PARENTS 
08-05 16:46:21.150 13595 13613 D Nappa   : Of: nappagreedy.com.ak.uobtimetable.CourseListActivity -> 
08-05 16:46:21.150 13595 13613 D Nappa   : PARENTS nappagreedy.com.ak.uobtimetable.WelcomeActivity
08-05 16:46:21.150 13595 13613 D Nappa   : PARENTS nappagreedy.com.ak.uobtimetable.MainActivity
08-05 16:46:21.150 13595 13613 D Nappa   : PARENTS nappagreedy.com.ak.uobtimetable.CourseListActivity
08-05 16:46:21.217 13595 13595 D Nappa   : registerActivity: (already in) nappagreedy.com.ak.uobtimetable.CourseListActivity
08-05 16:46:21.217 13595 13595 D Nappa   : SUCCESSORS nappagreedy.com.ak.uobtimetable.MainActivity
08-05 16:46:21.218 13595 13595 D Nappa   : STATS Number of requests not prefetched: 0
08-05 16:46:21.218 13595 13595 D Nappa   : STATS Number of requests prefetched: 0
08-05 16:46:21.218 13595 13595 D Nappa   : STATS Time saved until now: 0.0
08-05 16:46:21.417 13595 13613 D Nappa   : PREFETCH_ON_EXTRA - setCurrentActivity - logs - from extra - made prediction isfalse
08-05 16:46:21.718 13595 13613 D Nappa   : PREFETCH_ON_EXTRA - setCurrentActivity - starting new prediction
08-05 16:46:21.718 13595 13613 D Nappa   : Current node - currentActivityName - nappagreedy.com.ak.uobtimetable.CourseListActivity
08-05 16:46:21.718 13595 13613 D Nappa   : Current node - activityGraph.getCurrent() - nappagreedy.com.ak.uobtimetable.CourseListActivity
08-05 16:46:21.720 13595 13613 D Nappa   : PREFETCH_ON_EXTRA - setCurrentActivity - finished new prediction
08-05 16:46:29.563 13595 13613 D Nappa   : PREFETCH_ON_EXTRA - notifyExtras- start
08-05 16:46:29.566 13595 13613 D Nappa   : PREFETCH_ON_EXTRA - notifyExtras- end
08-05 16:46:29.566 13595 13613 D Nappa   : PREFSTRAT2 ADDING NEW ACTEXTRADATA
08-05 16:46:29.583 13595 13595 D Nappa   : Stayed on nappagreedy.com.ak.uobtimetable.CourseListActivity for 8365 ms
08-05 16:46:29.671 13595 14035 D Nappa   : TAG okHttpClient initialized
08-05 16:46:29.673 13595 14035 D Nappa   : F1_SCORE add_intercept_url - (new) - https://uob-timetable-api.adriankeenan.co.uk/sessions?dept=BD002&course=CFIEFAAF%2F02AA%2F0%2FFT&level=ALL+Courses
08-05 16:46:29.673 13595 14035 D Nappa   : F1_SCORE add_fn_url - (new) - https://uob-timetable-api.adriankeenan.co.uk/sessions?dept=BD002&course=CFIEFAAF%2F02AA%2F0%2FFT&level=ALL+Courses
08-05 16:46:29.673 13595 14035 D Nappa   : -------------F1_SCORE #3 -----------
08-05 16:46:29.674 13595 14035 D Nappa   : F1_SCORE - Intercept list (2)= [https://uob-timetable-api.adriankeenan.co.uk/courses, https://uob-timetable-api.adriankeenan.co.uk/sessions?dept=BD002&course=CFIEFAAF%2F02AA%2F0%2FFT&level=ALL+Courses]
08-05 16:46:29.674 13595 14035 D Nappa   : F1_SCORE - Prefetch list (0)= []
08-05 16:46:29.674 13595 14035 D Nappa   : F1_SCORE - TP list (0)= []
08-05 16:46:29.674 13595 14035 D Nappa   : F1_SCORE - FN list (2)= [https://uob-timetable-api.adriankeenan.co.uk/courses, https://uob-timetable-api.adriankeenan.co.uk/sessions?dept=BD002&course=CFIEFAAF%2F02AA%2F0%2FFT&level=ALL+Courses]
08-05 16:46:29.774 13595 13613 D Nappa   : registerActivity: (already in) nappagreedy.com.ak.uobtimetable.CourseListActivity
08-05 16:46:29.774 13595 13613 D Nappa   : PARENTS 
08-05 16:46:29.774 13595 13613 D Nappa   : Of: nappagreedy.com.ak.uobtimetable.CourseListActivity -> 
08-05 16:46:29.774 13595 13613 D Nappa   : PARENTS nappagreedy.com.ak.uobtimetable.WelcomeActivity
08-05 16:46:29.774 13595 13613 D Nappa   : PARENTS nappagreedy.com.ak.uobtimetable.MainActivity
08-05 16:46:29.774 13595 13613 D Nappa   : PARENTS nappagreedy.com.ak.uobtimetable.CourseListActivity
08-05 16:46:29.774 13595 13613 D Nappa   : PARENTS has extra: (forceRefreshSessions, true)
08-05 16:46:29.957 13595 13595 D Nappa   : setCurrentActivity - MetricStrategyAccuracy - 
08-05 16:46:29.957 13595 13595 D Nappa   : madePredictionFromActivity = true, 
08-05 16:46:29.957 13595 13595 D Nappa   : fromActivity = nappagreedy.com.ak.uobtimetable.CourseListActivity, 
08-05 16:46:29.957 13595 13595 D Nappa   : predictedNextActivityFromActivity = [nappagreedy.com.ak.uobtimetable.MainActivity, nappagreedy.com.ak.uobtimetable.WelcomeActivity, nappagreedy.com.ak.uobtimetable.CourseListActivity], 
08-05 16:46:29.957 13595 13595 D Nappa   : activity.getClass().getCanonicalName() = nappagreedy.com.ak.uobtimetable.MainActivity, 
08-05 16:46:29.957 13595 13595 D Nappa   : setCurrentActivity - MetricStrategyAccuracy - 
08-05 16:46:29.957 13595 13595 D Nappa   : madePredictionFromExtra = true, 
08-05 16:46:29.957 13595 13595 D Nappa   : fromActivity = nappagreedy.com.ak.uobtimetable.CourseListActivity, 
08-05 16:46:29.957 13595 13595 D Nappa   : predictedNextActivityFromExtra = [nappagreedy.com.ak.uobtimetable.MainActivity, nappagreedy.com.ak.uobtimetable.WelcomeActivity, nappagreedy.com.ak.uobtimetable.CourseListActivity], 
08-05 16:46:29.957 13595 13595 D Nappa   : activity.getClass().getCanonicalName() = nappagreedy.com.ak.uobtimetable.MainActivity, 
08-05 16:46:29.957 13595 13595 D Nappa   : PREFETCH_ON_EXTRA - setCurrentActivity - logs - from activity - made prediction istrue
08-05 16:46:29.957 13595 13595 D Nappa   : PREFETCH_ON_EXTRA - setCurrentActivity - logs - from activity - start
08-05 16:46:29.957 13595 13595 D Nappa   : setCurrentActivity - MetricStrategyAccuracy - checking prediction VS current activity for activities
08-05 16:46:29.958 13595 13595 D Nappa   : PREFETCH_ON_EXTRA - setCurrentActivity - logs - from activity- finished
08-05 16:46:30.058 13595 13595 D Nappa   : registerActivity: (already in) nappagreedy.com.ak.uobtimetable.MainActivity
08-05 16:46:30.059 13595 13595 D Nappa   : SHOULD_PREFETCH true
08-05 16:46:30.159 13595 13595 D Nappa   : registerActivity: (already in) nappagreedy.com.ak.uobtimetable.MainActivity
08-05 16:46:30.159 13595 13595 D Nappa   : SUCCESSORS nappagreedy.com.ak.uobtimetable.WelcomeActivity
08-05 16:46:30.160 13595 13595 D Nappa   : STATS Number of requests not prefetched: 2
08-05 16:46:30.160 13595 13595 D Nappa   : STATS Number of requests prefetched: 0
08-05 16:46:30.160 13595 13595 D Nappa   : STATS Time saved until now: 0.0
08-05 16:46:30.358 13595 13613 D Nappa   : PREFETCH_ON_EXTRA - setCurrentActivity - logs - from extra - made prediction istrue
08-05 16:46:30.358 13595 13613 D Nappa   : PREFETCH_ON_EXTRA - setCurrentActivity - logs - from extra - start
08-05 16:46:30.358 13595 13613 D Nappa   : setCurrentActivity - MetricStrategyAccuracy - checking prediction VS current activity for extras
08-05 16:46:30.359 13595 13613 D Nappa   : PREFETCH_ON_EXTRA - setCurrentActivity - logs - from extra- finished
08-05 16:46:30.660 13595 13613 D Nappa   : PREFETCH_ON_EXTRA - setCurrentActivity - starting new prediction
08-05 16:46:30.660 13595 13613 D Nappa   : Current node - currentActivityName - nappagreedy.com.ak.uobtimetable.MainActivity
08-05 16:46:30.660 13595 13613 D Nappa   : Current node - activityGraph.getCurrent() - nappagreedy.com.ak.uobtimetable.MainActivity
08-05 16:46:30.663 13595 13613 D Nappa   : PREFETCH_ON_EXTRA - setCurrentActivity - finished new prediction
08-05 16:46:40.202 13595 13595 D Nappa   : Stayed on nappagreedy.com.ak.uobtimetable.MainActivity for 10041 ms
08-05 16:46:40.255 13595 14302 D Nappa   : TAG okHttpClient initialized
08-05 16:46:40.255 13595 13595 D Nappa   : setCurrentActivity - MetricStrategyAccuracy - 
08-05 16:46:40.255 13595 13595 D Nappa   : madePredictionFromActivity = true, 
08-05 16:46:40.255 13595 13595 D Nappa   : fromActivity = nappagreedy.com.ak.uobtimetable.MainActivity, 
08-05 16:46:40.255 13595 13595 D Nappa   : predictedNextActivityFromActivity = [nappagreedy.com.ak.uobtimetable.WelcomeActivity, nappagreedy.com.ak.uobtimetable.CourseListActivity, nappagreedy.com.ak.uobtimetable.MainActivity], 
08-05 16:46:40.255 13595 13595 D Nappa   : activity.getClass().getCanonicalName() = nappagreedy.com.ak.uobtimetable.CourseListActivity, 
08-05 16:46:40.256 13595 13595 D Nappa   : setCurrentActivity - MetricStrategyAccuracy - 
08-05 16:46:40.256 13595 13595 D Nappa   : madePredictionFromExtra = false, 
08-05 16:46:40.256 13595 13595 D Nappa   : fromActivity = nappagreedy.com.ak.uobtimetable.MainActivity, 
08-05 16:46:40.256 13595 13595 D Nappa   : predictedNextActivityFromExtra = [], 
08-05 16:46:40.256 13595 13595 D Nappa   : activity.getClass().getCanonicalName() = nappagreedy.com.ak.uobtimetable.CourseListActivity, 
08-05 16:46:40.256 13595 13595 D Nappa   : PREFETCH_ON_EXTRA - setCurrentActivity - logs - from activity - made prediction istrue
08-05 16:46:40.256 13595 13595 D Nappa   : PREFETCH_ON_EXTRA - setCurrentActivity - logs - from activity - start
08-05 16:46:40.256 13595 13595 D Nappa   : setCurrentActivity - MetricStrategyAccuracy - checking prediction VS current activity for activities
08-05 16:46:40.256 13595 13595 D Nappa   : PREFETCH_ON_EXTRA - setCurrentActivity - logs - from activity- finished
08-05 16:46:40.257 13595 14302 D Nappa   : F1_SCORE add_intercept_url - (already in) - https://uob-timetable-api.adriankeenan.co.uk/courses
08-05 16:46:40.257 13595 14302 D Nappa   : F1_SCORE add_fn_url - (already in) - https://uob-timetable-api.adriankeenan.co.uk/courses
08-05 16:46:40.257 13595 14302 D Nappa   : -------------F1_SCORE #5 -----------
08-05 16:46:40.257 13595 14302 D Nappa   : F1_SCORE - Intercept list (2)= [https://uob-timetable-api.adriankeenan.co.uk/courses, https://uob-timetable-api.adriankeenan.co.uk/sessions?dept=BD002&course=CFIEFAAF%2F02AA%2F0%2FFT&level=ALL+Courses]
08-05 16:46:40.257 13595 14302 D Nappa   : F1_SCORE - Prefetch list (0)= []
08-05 16:46:40.257 13595 14302 D Nappa   : F1_SCORE - TP list (0)= []
08-05 16:46:40.257 13595 14302 D Nappa   : F1_SCORE - FN list (2)= [https://uob-timetable-api.adriankeenan.co.uk/courses, https://uob-timetable-api.adriankeenan.co.uk/sessions?dept=BD002&course=CFIEFAAF%2F02AA%2F0%2FFT&level=ALL+Courses]
08-05 16:46:40.356 13595 13595 D Nappa   : registerActivity: (already in) nappagreedy.com.ak.uobtimetable.CourseListActivity
08-05 16:46:40.357 13595 13595 D Nappa   : SHOULD_PREFETCH false
08-05 16:46:40.357 13595 13595 D Nappa   : STATS Number of requests not prefetched: 2
08-05 16:46:40.357 13595 13595 D Nappa   : STATS Number of requests prefetched: 1
08-05 16:46:40.357 13595 13595 D Nappa   : STATS Time saved until now: 0.045
08-05 16:46:40.357 13595 13613 D Nappa   : registerActivity: (already in) nappagreedy.com.ak.uobtimetable.CourseListActivity
08-05 16:46:40.357 13595 13613 D Nappa   : PARENTS 
08-05 16:46:40.357 13595 13613 D Nappa   : Of: nappagreedy.com.ak.uobtimetable.CourseListActivity -> 
08-05 16:46:40.357 13595 13613 D Nappa   : PARENTS nappagreedy.com.ak.uobtimetable.WelcomeActivity
08-05 16:46:40.357 13595 13613 D Nappa   : PARENTS nappagreedy.com.ak.uobtimetable.MainActivity
08-05 16:46:40.357 13595 13613 D Nappa   : PARENTS nappagreedy.com.ak.uobtimetable.CourseListActivity
08-05 16:46:40.357 13595 13613 D Nappa   : PARENTS has extra: (forceRefreshSessions, true)
08-05 16:46:40.657 13595 13613 D Nappa   : PREFETCH_ON_EXTRA - setCurrentActivity - logs - from extra - made prediction isfalse
08-05 16:46:56.775 13595 13613 D Nappa   : PREFETCH_ON_EXTRA - notifyExtras- start
08-05 16:46:56.778 13595 13613 D Nappa   : PREFETCH_ON_EXTRA - notifyExtras- end
08-05 16:46:56.778 13595 13613 D Nappa   : PREFSTRAT2 ADDING NEW ACTEXTRADATA
08-05 16:46:56.791 13595 13595 D Nappa   : Stayed on nappagreedy.com.ak.uobtimetable.CourseListActivity for 16434 ms
08-05 16:46:56.908 13595 14585 D Nappa   : TAG okHttpClient initialized
08-05 16:46:56.910 13595 14585 D Nappa   : F1_SCORE add_intercept_url - (new) - https://uob-timetable-api.adriankeenan.co.uk/sessions?dept=CM010&course=BSAIFAAF%2F02AA%2F0%2FFT&level=Foundation+Year
08-05 16:46:56.910 13595 14585 D Nappa   : F1_SCORE add_fn_url - (new) - https://uob-timetable-api.adriankeenan.co.uk/sessions?dept=CM010&course=BSAIFAAF%2F02AA%2F0%2FFT&level=Foundation+Year
08-05 16:46:56.910 13595 14585 D Nappa   : -------------F1_SCORE #7 -----------
08-05 16:46:56.911 13595 14585 D Nappa   : F1_SCORE - Intercept list (3)= [https://uob-timetable-api.adriankeenan.co.uk/courses, https://uob-timetable-api.adriankeenan.co.uk/sessions?dept=BD002&course=CFIEFAAF%2F02AA%2F0%2FFT&level=ALL+Courses, https://uob-timetable-api.adriankeenan.co.uk/sessions?dept=CM010&course=BSAIFAAF%2F02AA%2F0%2FFT&level=Foundation+Year]
08-05 16:46:56.911 13595 14585 D Nappa   : F1_SCORE - Prefetch list (0)= []
08-05 16:46:56.911 13595 14585 D Nappa   : F1_SCORE - TP list (0)= []
08-05 16:46:56.911 13595 14585 D Nappa   : F1_SCORE - FN list (3)= [https://uob-timetable-api.adriankeenan.co.uk/courses, https://uob-timetable-api.adriankeenan.co.uk/sessions?dept=BD002&course=CFIEFAAF%2F02AA%2F0%2FFT&level=ALL+Courses, https://uob-timetable-api.adriankeenan.co.uk/sessions?dept=CM010&course=BSAIFAAF%2F02AA%2F0%2FFT&level=Foundation+Year]
08-05 16:46:56.933 13595 13595 D Nappa   : setCurrentActivity - MetricStrategyAccuracy - 
08-05 16:46:56.933 13595 13595 D Nappa   : madePredictionFromActivity = false, 
08-05 16:46:56.933 13595 13595 D Nappa   : fromActivity = nappagreedy.com.ak.uobtimetable.CourseListActivity, 
08-05 16:46:56.933 13595 13595 D Nappa   : predictedNextActivityFromActivity = [], 
08-05 16:46:56.933 13595 13595 D Nappa   : activity.getClass().getCanonicalName() = nappagreedy.com.ak.uobtimetable.MainActivity, 
08-05 16:46:56.933 13595 13595 D Nappa   : setCurrentActivity - MetricStrategyAccuracy - 
08-05 16:46:56.933 13595 13595 D Nappa   : madePredictionFromExtra = true, 
08-05 16:46:56.933 13595 13595 D Nappa   : fromActivity = nappagreedy.com.ak.uobtimetable.CourseListActivity, 
08-05 16:46:56.933 13595 13595 D Nappa   : predictedNextActivityFromExtra = [nappagreedy.com.ak.uobtimetable.MainActivity, nappagreedy.com.ak.uobtimetable.WelcomeActivity, nappagreedy.com.ak.uobtimetable.CourseListActivity], 
08-05 16:46:56.933 13595 13595 D Nappa   : activity.getClass().getCanonicalName() = nappagreedy.com.ak.uobtimetable.MainActivity, 
08-05 16:46:56.933 13595 13595 D Nappa   : PREFETCH_ON_EXTRA - setCurrentActivity - logs - from activity - made prediction isfalse
08-05 16:46:57.010 13595 13613 D Nappa   : registerActivity: (already in) nappagreedy.com.ak.uobtimetable.CourseListActivity
08-05 16:46:57.011 13595 13613 D Nappa   : PARENTS 
08-05 16:46:57.011 13595 13613 D Nappa   : Of: nappagreedy.com.ak.uobtimetable.CourseListActivity -> 
08-05 16:46:57.011 13595 13613 D Nappa   : PARENTS nappagreedy.com.ak.uobtimetable.WelcomeActivity
08-05 16:46:57.011 13595 13613 D Nappa   : PARENTS nappagreedy.com.ak.uobtimetable.MainActivity
08-05 16:46:57.011 13595 13613 D Nappa   : PARENTS nappagreedy.com.ak.uobtimetable.CourseListActivity
08-05 16:46:57.011 13595 13613 D Nappa   : PARENTS has extra: (forceRefreshSessions, true)
08-05 16:46:57.033 13595 13595 D Nappa   : registerActivity: (already in) nappagreedy.com.ak.uobtimetable.MainActivity
08-05 16:46:57.034 13595 13595 D Nappa   : SHOULD_PREFETCH true
08-05 16:46:57.134 13595 13595 D Nappa   : registerActivity: (already in) nappagreedy.com.ak.uobtimetable.MainActivity
08-05 16:46:57.134 13595 13595 D Nappa   : SUCCESSORS nappagreedy.com.ak.uobtimetable.WelcomeActivity
08-05 16:46:57.134 13595 13595 D Nappa   : STATS Number of requests not prefetched: 2
08-05 16:46:57.134 13595 13595 D Nappa   : STATS Number of requests prefetched: 1
08-05 16:46:57.134 13595 13595 D Nappa   : STATS Time saved until now: 0.045
08-05 16:46:57.236 13595 13595 D Nappa   : TAG okHttpClient initialized
08-05 16:46:57.333 13595 13613 D Nappa   : PREFETCH_ON_EXTRA - setCurrentActivity - logs - from extra - made prediction istrue
08-05 16:46:57.333 13595 13613 D Nappa   : PREFETCH_ON_EXTRA - setCurrentActivity - logs - from extra - start
08-05 16:46:57.334 13595 13613 D Nappa   : setCurrentActivity - MetricStrategyAccuracy - checking prediction VS current activity for extras
08-05 16:46:57.334 13595 13613 D Nappa   : PREFETCH_ON_EXTRA - setCurrentActivity - logs - from extra- finished
08-05 16:46:57.634 13595 13613 D Nappa   : PREFETCH_ON_EXTRA - setCurrentActivity - starting new prediction
08-05 16:46:57.635 13595 13613 D Nappa   : Current node - currentActivityName - nappagreedy.com.ak.uobtimetable.MainActivity
08-05 16:46:57.635 13595 13613 D Nappa   : Current node - activityGraph.getCurrent() - nappagreedy.com.ak.uobtimetable.MainActivity
08-05 16:46:57.638 13595 13613 D Nappa   : PREFETCH_ON_EXTRA - setCurrentActivity - finished new prediction
08-05 16:47:03.577 13595 13595 D Nappa   : Stayed on nappagreedy.com.ak.uobtimetable.MainActivity for 6443 ms
08-05 16:47:03.625 13595 14716 D Nappa   : TAG okHttpClient initialized
08-05 16:47:03.625 13595 13595 D Nappa   : setCurrentActivity - MetricStrategyAccuracy - 
08-05 16:47:03.625 13595 13595 D Nappa   : madePredictionFromActivity = true, 
08-05 16:47:03.625 13595 13595 D Nappa   : fromActivity = nappagreedy.com.ak.uobtimetable.MainActivity, 
08-05 16:47:03.625 13595 13595 D Nappa   : predictedNextActivityFromActivity = [nappagreedy.com.ak.uobtimetable.WelcomeActivity, nappagreedy.com.ak.uobtimetable.CourseListActivity, nappagreedy.com.ak.uobtimetable.MainActivity], 
08-05 16:47:03.625 13595 13595 D Nappa   : activity.getClass().getCanonicalName() = nappagreedy.com.ak.uobtimetable.CourseListActivity, 
08-05 16:47:03.625 13595 13595 D Nappa   : setCurrentActivity - MetricStrategyAccuracy - 
08-05 16:47:03.625 13595 13595 D Nappa   : madePredictionFromExtra = false, 
08-05 16:47:03.625 13595 13595 D Nappa   : fromActivity = nappagreedy.com.ak.uobtimetable.MainActivity, 
08-05 16:47:03.625 13595 13595 D Nappa   : predictedNextActivityFromExtra = [], 
08-05 16:47:03.625 13595 13595 D Nappa   : activity.getClass().getCanonicalName() = nappagreedy.com.ak.uobtimetable.CourseListActivity, 
08-05 16:47:03.626 13595 13595 D Nappa   : PREFETCH_ON_EXTRA - setCurrentActivity - logs - from activity - made prediction istrue
08-05 16:47:03.626 13595 13595 D Nappa   : PREFETCH_ON_EXTRA - setCurrentActivity - logs - from activity - start
08-05 16:47:03.626 13595 13595 D Nappa   : setCurrentActivity - MetricStrategyAccuracy - checking prediction VS current activity for activities
08-05 16:47:03.626 13595 13595 D Nappa   : PREFETCH_ON_EXTRA - setCurrentActivity - logs - from activity- finished
08-05 16:47:03.627 13595 14716 D Nappa   : F1_SCORE add_intercept_url - (already in) - https://uob-timetable-api.adriankeenan.co.uk/courses
08-05 16:47:03.627 13595 14716 D Nappa   : F1_SCORE add_fn_url - (already in) - https://uob-timetable-api.adriankeenan.co.uk/courses
08-05 16:47:03.627 13595 14716 D Nappa   : -------------F1_SCORE #9 -----------
08-05 16:47:03.627 13595 14716 D Nappa   : F1_SCORE - Intercept list (3)= [https://uob-timetable-api.adriankeenan.co.uk/courses, https://uob-timetable-api.adriankeenan.co.uk/sessions?dept=BD002&course=CFIEFAAF%2F02AA%2F0%2FFT&level=ALL+Courses, https://uob-timetable-api.adriankeenan.co.uk/sessions?dept=CM010&course=BSAIFAAF%2F02AA%2F0%2FFT&level=Foundation+Year]
08-05 16:47:03.627 13595 14716 D Nappa   : F1_SCORE - Prefetch list (0)= []
08-05 16:47:03.627 13595 14716 D Nappa   : F1_SCORE - TP list (0)= []
08-05 16:47:03.627 13595 14716 D Nappa   : F1_SCORE - FN list (3)= [https://uob-timetable-api.adriankeenan.co.uk/courses, https://uob-timetable-api.adriankeenan.co.uk/sessions?dept=BD002&course=CFIEFAAF%2F02AA%2F0%2FFT&level=ALL+Courses, https://uob-timetable-api.adriankeenan.co.uk/sessions?dept=CM010&course=BSAIFAAF%2F02AA%2F0%2FFT&level=Foundation+Year]
08-05 16:47:03.726 13595 13595 D Nappa   : registerActivity: (already in) nappagreedy.com.ak.uobtimetable.CourseListActivity
08-05 16:47:03.727 13595 13595 D Nappa   : SHOULD_PREFETCH false
08-05 16:47:03.727 13595 13595 D Nappa   : STATS Number of requests not prefetched: 3
08-05 16:47:03.727 13595 13613 D Nappa   : registerActivity: (already in) nappagreedy.com.ak.uobtimetable.CourseListActivity
08-05 16:47:03.727 13595 13595 D Nappa   : STATS Number of requests prefetched: 2
08-05 16:47:03.727 13595 13613 D Nappa   : PARENTS 
08-05 16:47:03.727 13595 13613 D Nappa   : Of: nappagreedy.com.ak.uobtimetable.CourseListActivity -> 
08-05 16:47:03.727 13595 13595 D Nappa   : STATS Time saved until now: 0.09
08-05 16:47:03.727 13595 13613 D Nappa   : PARENTS nappagreedy.com.ak.uobtimetable.WelcomeActivity
08-05 16:47:03.727 13595 13613 D Nappa   : PARENTS nappagreedy.com.ak.uobtimetable.MainActivity
08-05 16:47:03.727 13595 13613 D Nappa   : PARENTS nappagreedy.com.ak.uobtimetable.CourseListActivity
08-05 16:47:03.727 13595 13613 D Nappa   : PARENTS has extra: (forceRefreshSessions, true)
08-05 16:47:04.026 13595 13613 D Nappa   : PREFETCH_ON_EXTRA - setCurrentActivity - logs - from extra - made prediction isfalse
08-05 16:47:12.490 13595 13613 D Nappa   : PREFETCH_ON_EXTRA - notifyExtras- start
08-05 16:47:12.494 13595 13613 D Nappa   : PREFETCH_ON_EXTRA - notifyExtras- end
08-05 16:47:12.494 13595 13613 D Nappa   : PREFSTRAT2 ADDING NEW ACTEXTRADATA
08-05 16:47:12.509 13595 13595 D Nappa   : Stayed on nappagreedy.com.ak.uobtimetable.CourseListActivity for 8782 ms
08-05 16:47:12.633 13595 14853 D Nappa   : TAG okHttpClient initialized
08-05 16:47:12.635 13595 14853 D Nappa   : F1_SCORE add_intercept_url - (already in) - https://uob-timetable-api.adriankeenan.co.uk/sessions?dept=CM010&course=BSAIFAAF%2F02AA%2F0%2FFT&level=Foundation+Year
08-05 16:47:12.635 13595 14853 D Nappa   : F1_SCORE add_fn_url - (already in) - https://uob-timetable-api.adriankeenan.co.uk/sessions?dept=CM010&course=BSAIFAAF%2F02AA%2F0%2FFT&level=Foundation+Year
08-05 16:47:12.635 13595 14853 D Nappa   : -------------F1_SCORE #11 -----------
08-05 16:47:12.635 13595 14853 D Nappa   : F1_SCORE - Intercept list (3)= [https://uob-timetable-api.adriankeenan.co.uk/courses, https://uob-timetable-api.adriankeenan.co.uk/sessions?dept=BD002&course=CFIEFAAF%2F02AA%2F0%2FFT&level=ALL+Courses, https://uob-timetable-api.adriankeenan.co.uk/sessions?dept=CM010&course=BSAIFAAF%2F02AA%2F0%2FFT&level=Foundation+Year]
08-05 16:47:12.635 13595 14853 D Nappa   : F1_SCORE - Prefetch list (0)= []
08-05 16:47:12.636 13595 14853 D Nappa   : F1_SCORE - TP list (0)= []
08-05 16:47:12.636 13595 14853 D Nappa   : F1_SCORE - FN list (3)= [https://uob-timetable-api.adriankeenan.co.uk/courses, https://uob-timetable-api.adriankeenan.co.uk/sessions?dept=BD002&course=CFIEFAAF%2F02AA%2F0%2FFT&level=ALL+Courses, https://uob-timetable-api.adriankeenan.co.uk/sessions?dept=CM010&course=BSAIFAAF%2F02AA%2F0%2FFT&level=Foundation+Year]
08-05 16:47:12.658 13595 13595 D Nappa   : setCurrentActivity - MetricStrategyAccuracy - 
08-05 16:47:12.658 13595 13595 D Nappa   : madePredictionFromActivity = false, 
08-05 16:47:12.658 13595 13595 D Nappa   : fromActivity = nappagreedy.com.ak.uobtimetable.CourseListActivity, 
08-05 16:47:12.658 13595 13595 D Nappa   : predictedNextActivityFromActivity = [], 
08-05 16:47:12.658 13595 13595 D Nappa   : activity.getClass().getCanonicalName() = nappagreedy.com.ak.uobtimetable.MainActivity, 
08-05 16:47:12.658 13595 13595 D Nappa   : setCurrentActivity - MetricStrategyAccuracy - 
08-05 16:47:12.658 13595 13595 D Nappa   : madePredictionFromExtra = true, 
08-05 16:47:12.658 13595 13595 D Nappa   : fromActivity = nappagreedy.com.ak.uobtimetable.CourseListActivity, 
08-05 16:47:12.658 13595 13595 D Nappa   : predictedNextActivityFromExtra = [nappagreedy.com.ak.uobtimetable.MainActivity, nappagreedy.com.ak.uobtimetable.WelcomeActivity, nappagreedy.com.ak.uobtimetable.CourseListActivity], 
08-05 16:47:12.658 13595 13595 D Nappa   : activity.getClass().getCanonicalName() = nappagreedy.com.ak.uobtimetable.MainActivity, 
08-05 16:47:12.658 13595 13595 D Nappa   : PREFETCH_ON_EXTRA - setCurrentActivity - logs - from activity - made prediction isfalse
08-05 16:47:12.736 13595 13613 D Nappa   : registerActivity: (already in) nappagreedy.com.ak.uobtimetable.CourseListActivity
08-05 16:47:12.736 13595 13613 D Nappa   : PARENTS 
08-05 16:47:12.736 13595 13613 D Nappa   : Of: nappagreedy.com.ak.uobtimetable.CourseListActivity -> 
08-05 16:47:12.736 13595 13613 D Nappa   : PARENTS nappagreedy.com.ak.uobtimetable.WelcomeActivity
08-05 16:47:12.736 13595 13613 D Nappa   : PARENTS nappagreedy.com.ak.uobtimetable.MainActivity
08-05 16:47:12.736 13595 13613 D Nappa   : PARENTS nappagreedy.com.ak.uobtimetable.CourseListActivity
08-05 16:47:12.736 13595 13613 D Nappa   : PARENTS has extra: (forceRefreshSessions, true)
08-05 16:47:12.758 13595 13595 D Nappa   : registerActivity: (already in) nappagreedy.com.ak.uobtimetable.MainActivity
08-05 16:47:12.759 13595 13595 D Nappa   : SHOULD_PREFETCH true
08-05 16:47:12.859 13595 13595 D Nappa   : registerActivity: (already in) nappagreedy.com.ak.uobtimetable.MainActivity
08-05 16:47:12.860 13595 13595 D Nappa   : SUCCESSORS nappagreedy.com.ak.uobtimetable.WelcomeActivity
08-05 16:47:12.860 13595 13595 D Nappa   : STATS Number of requests not prefetched: 3
08-05 16:47:12.860 13595 13595 D Nappa   : STATS Number of requests prefetched: 3
08-05 16:47:12.860 13595 13595 D Nappa   : STATS Time saved until now: 0.155
08-05 16:47:12.948 13595 13595 D Nappa   : TAG okHttpClient initialized
08-05 16:47:13.058 13595 13613 D Nappa   : PREFETCH_ON_EXTRA - setCurrentActivity - logs - from extra - made prediction istrue
08-05 16:47:13.058 13595 13613 D Nappa   : PREFETCH_ON_EXTRA - setCurrentActivity - logs - from extra - start
08-05 16:47:13.059 13595 13613 D Nappa   : setCurrentActivity - MetricStrategyAccuracy - checking prediction VS current activity for extras
08-05 16:47:13.059 13595 13613 D Nappa   : PREFETCH_ON_EXTRA - setCurrentActivity - logs - from extra- finished
08-05 16:47:13.360 13595 13613 D Nappa   : PREFETCH_ON_EXTRA - setCurrentActivity - starting new prediction
08-05 16:47:13.360 13595 13613 D Nappa   : Current node - currentActivityName - nappagreedy.com.ak.uobtimetable.MainActivity
08-05 16:47:13.360 13595 13613 D Nappa   : Current node - activityGraph.getCurrent() - nappagreedy.com.ak.uobtimetable.MainActivity
08-05 16:47:13.365 13595 13613 D Nappa   : PREFETCH_ON_EXTRA - setCurrentActivity - finished new prediction
