08-04 19:03:10.736 23597 23610 I art     : Explicit concurrent mark sweep GC freed 339(15KB) AllocSpace objects, 0(0B) LOS objects, 39% free, 24MB/40MB, paused 451us total 34.292ms
08-04 19:03:10.752 23597 23610 I art     : Starting a blocking GC Explicit
08-04 19:03:10.788 23597 23610 I art     : Explicit concurrent mark sweep GC freed 3(96B) AllocSpace objects, 0(0B) LOS objects, 39% free, 24MB/40MB, paused 457us total 35.057ms
08-04 19:03:10.797 23597 24182 D OK      : calling: https://oauth.reddit.com/r/askscience/hot/.json
08-04 19:03:10.797 23597 24182 D CustomInterceptor: NETWORK-PROVIDER https://oauth.reddit.com/r/askscience/hot/.json
08-04 19:03:10.797 23597 24182 D Nappa   : F1_SCORE add_intercept_url - (new) - https://oauth.reddit.com/r/askscience/hot/.json
08-04 19:03:10.798 23597 24182 D Nappa   : F1_SCORE add_fn_url - (new) - https://oauth.reddit.com/r/askscience/hot/.json
08-04 19:03:10.798 23597 24182 D Nappa   : -------------F1_SCORE #1 -----------
08-04 19:03:10.798 23597 24182 D Nappa   : F1_SCORE - Intercept list (2)= [https://oauth.reddit.com/r/askscience/about.json, https://oauth.reddit.com/r/askscience/hot/.json]
08-04 19:03:10.798 23597 24182 D Nappa   : F1_SCORE - Prefetch list (0)= []
08-04 19:03:10.798 23597 24182 D Nappa   : F1_SCORE - TP list (0)= []
08-04 19:03:10.798 23597 24182 D Nappa   : F1_SCORE - FN list (2)= [https://oauth.reddit.com/r/askscience/about.json, https://oauth.reddit.com/r/askscience/hot/.json]
08-04 19:03:10.798 23597 24182 I NAPPA_EXPERIMENTATION: MetricPrefetchingAccuracy: LOG_ID='2',F1_SCORE_1='0.0',F1_SCORE_2='0.0',TRUE_POSITIVE='0',FALSE_POSITIVE='0',FALSE_NEGATIVE='2',
08-04 19:03:10.798 23597 24182 D CustomInterceptor: HEADER REQUEST
08-04 19:03:10.798 23597 24182 D CustomInterceptor: Authorization bearer -vv7wE75CCVZuUmgJJFxR34x-bqc
08-04 19:03:10.798 23597 24182 D CustomInterceptor: Cache-Control max-age=300, max-stale=300
08-04 19:03:10.798 23597 24182 D CustomInterceptor: User-Agent nappatfpr.org.quantumbadger.redreader/1.9.10
08-04 19:03:10.798 23597 24182 D CustomInterceptor: CACHED STATS: size = '1', maxSize = '100', hitCount = '1', createCount = '0', putCount = '1', evictionCount = '0', missCount = '2', toString = 'LruCache[maxSize=100,hits=1,misses=2,hitRate=33%]', 
08-04 19:03:10.799 23597 24182 D CustomInterceptor: PREFLIB NOT A GET REQUEST OR NOT IN CACHEGET
08-04 19:03:10.805 23597 23610 I art     : Starting a blocking GC Explicit
08-04 19:03:10.841 23597 23610 I art     : Explicit concurrent mark sweep GC freed 282(17KB) AllocSpace objects, 0(0B) LOS objects, 39% free, 24MB/40MB, paused 472us total 35.542ms
08-04 19:03:10.860 23597 23610 I art     : Starting a blocking GC Explicit
08-04 19:03:10.897 23597 23610 I art     : Explicit concurrent mark sweep GC freed 17(688B) AllocSpace objects, 0(0B) LOS objects, 39% free, 24MB/40MB, paused 678us total 37.238ms
08-04 19:03:10.898 23597 23620 D Nappa   : registerActivity: (already in) nappatfpr.org.quantumbadger.redreader.activities.PostListingActivity
08-04 19:03:10.898 23597 23620 D Nappa   : PARENTS 
08-04 19:03:10.898 23597 23620 D Nappa   : Of: nappatfpr.org.quantumbadger.redreader.activities.PostListingActivity -> 
08-04 19:03:10.898 23597 23620 D Nappa   : PARENTS nappatfpr.org.quantumbadger.redreader.activities.MainActivity
08-04 19:03:11.033 23597 24182 D CustomInterceptor: CACHE_CONTROL SETTING NEW MAX-AGE
08-04 19:03:11.034 23597 24182 D CustomInterceptor: HEADER RESPONSE
08-04 19:03:11.035 23597 24182 D CustomInterceptor: accept-ranges bytes
08-04 19:03:11.035 23597 24182 D CustomInterceptor: access-control-allow-origin *
08-04 19:03:11.035 23597 24182 D CustomInterceptor: access-control-expose-headers X-Moose
08-04 19:03:11.035 23597 24182 D CustomInterceptor: Cache-Control public, immutable, max-age=300, only-if-cached, max-stale=300
08-04 19:03:11.035 23597 24182 D CustomInterceptor: content-type application/json; charset=UTF-8
08-04 19:03:11.035 23597 24182 D CustomInterceptor: date Tue, 04 Aug 2020 17:03:06 GMT
08-04 19:03:11.035 23597 24182 D CustomInterceptor: Expires Tue, 04 Aug 2020 17:08:11 GMT+00:00
08-04 19:03:11.035 23597 24182 D CustomInterceptor: server snooserv
08-04 19:03:11.035 23597 24182 D CustomInterceptor: set-cookie edgebucket=QSNfKxyfYh0BLxoNxU; Domain=reddit.com; Max-Age=63071999; Path=/; secure=
08-04 19:03:11.035 23597 24182 D CustomInterceptor: strict-transport-security max-age=15552000; includeSubDomains; preload
08-04 19:03:11.035 23597 24182 D CustomInterceptor: vary accept-encoding
08-04 19:03:11.035 23597 24182 D CustomInterceptor: via 1.1 varnish
08-04 19:03:11.035 23597 24182 D CustomInterceptor: x-content-type-options nosniff
08-04 19:03:11.035 23597 24182 D CustomInterceptor: x-frame-options SAMEORIGIN
08-04 19:03:11.035 23597 24182 D CustomInterceptor: x-moose majestic
08-04 19:03:11.035 23597 24182 D CustomInterceptor: x-ua-compatible IE=edge
08-04 19:03:11.035 23597 24182 D CustomInterceptor: x-xss-protection 1; mode=block
08-04 19:03:11.036 23597 24182 D CustomInterceptor: CACHEABLE true
08-04 19:03:11.036 23597 24182 D CustomInterceptor: REQ https://oauth.reddit.com/r/askscience/hot/.json
08-04 19:03:11.036 23597 24182 D CustomInterceptor: REQ_SERV_BY net
08-04 19:03:11.036 23597 24182 D CustomInterceptor: PREFLIB Adding response to lrucache - https://oauth.reddit.com/r/askscience/hot/.json
08-04 19:03:11.048 23597 24182 D CustomInterceptor: interceptor_finished : return_type #3 : request served from remote and added to cache
08-04 19:03:11.052 23597 24182 I NAPPA_EXPERIMENTATION: MetricNetworkRequestExecutionTime: REQUEST_DURATION_SYSTEM='254',REQUEST_DURATION_OKHTTP='0',REQUEST_SYNCHRONOUS='TRUE',RESPONSE_CODE='200',RESPONSE_METHOD='GET',RESPONSE_LENGTH_OKHTTP='157524',RESPONSE_LENGTH_HEADER='-2',REQUEST_PROTOCOL='h2',REQUEST_URL='https://oauth.reddit.com/r/askscience/hot/.json',
08-04 19:03:11.052 23597 24182 D OK      : request got status: 200
08-04 19:03:11.059 23597 24170 I PostListingFragment: Precaching images: OFF
08-04 19:03:11.059 23597 24170 I PostListingFragment: Precaching comments: OFF
08-04 19:03:11.180 23597 23609 I art     : Starting a blocking GC Explicit
08-04 19:03:11.225 23597 23609 I art     : Explicit concurrent mark sweep GC freed 9339(952KB) AllocSpace objects, 6(776KB) LOS objects, 38% free, 25MB/41MB, paused 642us total 43.862ms
08-04 19:03:11.242 23597 23609 I art     : Starting a blocking GC Explicit
08-04 19:03:11.283 23597 23609 I art     : Explicit concurrent mark sweep GC freed 3165(117KB) AllocSpace objects, 0(0B) LOS objects, 38% free, 25MB/41MB, paused 711us total 41.185ms
08-04 19:03:11.301 23597 23609 I art     : Starting a blocking GC Explicit
08-04 19:03:11.343 23597 23609 I art     : Explicit concurrent mark sweep GC freed 2831(108KB) AllocSpace objects, 0(0B) LOS objects, 38% free, 25MB/41MB, paused 610us total 42.363ms
08-04 19:03:11.361 23597 23609 I art     : Starting a blocking GC Explicit
08-04 19:03:11.404 23597 23609 I art     : Explicit concurrent mark sweep GC freed 3591(130KB) AllocSpace objects, 0(0B) LOS objects, 38% free, 25MB/41MB, paused 544us total 43.109ms
08-04 19:03:11.422 23597 23609 I art     : Starting a blocking GC Explicit
08-04 19:03:11.464 23597 23609 I art     : Explicit concurrent mark sweep GC freed 2995(111KB) AllocSpace objects, 0(0B) LOS objects, 38% free, 25MB/41MB, paused 608us total 42.051ms
08-04 19:03:11.752 23597 23959 I art     : Starting a blocking GC Explicit
08-04 19:03:11.794 23597 23959 I art     : Explicit concurrent mark sweep GC freed 18734(887KB) AllocSpace objects, 1(20KB) LOS objects, 38% free, 25MB/41MB, paused 466us total 41.489ms
08-04 19:03:11.812 23597 23959 I art     : Starting a blocking GC Explicit
08-04 19:03:11.853 23597 23959 I art     : Explicit concurrent mark sweep GC freed 713(31KB) AllocSpace objects, 0(0B) LOS objects, 38% free, 25MB/41MB, paused 488us total 41.688ms
08-04 19:03:11.871 23597 23959 I art     : Starting a blocking GC Explicit
08-04 19:03:11.910 23597 23959 I art     : Explicit concurrent mark sweep GC freed 25(1024B) AllocSpace objects, 0(0B) LOS objects, 38% free, 25MB/41MB, paused 471us total 39.476ms
08-04 19:03:11.911 23597 23608 I art     : WaitForGcToComplete blocked for 5.238ms for cause HeapTrim
08-04 19:03:11.928 23597 23959 I art     : Starting a blocking GC Explicit
08-04 19:03:11.968 23597 23959 I art     : Explicit concurrent mark sweep GC freed 3(96B) AllocSpace objects, 0(0B) LOS objects, 38% free, 25MB/41MB, paused 501us total 38.902ms
08-04 19:03:11.985 23597 23959 I art     : Starting a blocking GC Explicit
08-04 19:03:12.024 23597 23959 I art     : Explicit concurrent mark sweep GC freed 279(14KB) AllocSpace objects, 0(0B) LOS objects, 38% free, 25MB/41MB, paused 453us total 38.877ms
08-04 19:03:12.367 23597 23703 I art     : Starting a blocking GC Explicit
08-04 19:03:12.420 23597 23703 I art     : Explicit concurrent mark sweep GC freed 1612(99KB) AllocSpace objects, 1(20KB) LOS objects, 38% free, 25MB/41MB, paused 496us total 53.256ms
08-04 19:03:12.440 23597 23703 I art     : Starting a blocking GC Explicit
08-04 19:03:12.484 23597 23703 I art     : Explicit concurrent mark sweep GC freed 38(1424B) AllocSpace objects, 0(0B) LOS objects, 38% free, 25MB/41MB, paused 473us total 43.633ms
08-04 19:03:12.502 23597 23703 I art     : Starting a blocking GC Explicit
08-04 19:03:12.547 23597 23703 I art     : Explicit concurrent mark sweep GC freed 3(96B) AllocSpace objects, 0(0B) LOS objects, 38% free, 25MB/41MB, paused 425us total 44.125ms
08-04 19:03:12.564 23597 23703 I art     : Starting a blocking GC Explicit
08-04 19:03:12.607 23597 23703 I art     : Explicit concurrent mark sweep GC freed 3(96B) AllocSpace objects, 0(0B) LOS objects, 38% free, 25MB/41MB, paused 526us total 42.487ms
08-04 19:03:12.625 23597 23703 I art     : Starting a blocking GC Explicit
08-04 19:03:12.669 23597 23703 I art     : Explicit concurrent mark sweep GC freed 3(96B) AllocSpace objects, 0(0B) LOS objects, 38% free, 25MB/41MB, paused 432us total 44.084ms
08-04 19:03:13.002 23597 23610 I art     : Starting a blocking GC Explicit
08-04 19:03:13.055 23597 23610 I art     : Explicit concurrent mark sweep GC freed 1556(95KB) AllocSpace objects, 1(20KB) LOS objects, 38% free, 25MB/41MB, paused 480us total 52.309ms
08-04 19:03:13.075 23597 23610 I art     : Starting a blocking GC Explicit
08-04 19:03:13.119 23597 23610 I art     : Explicit concurrent mark sweep GC freed 28(1024B) AllocSpace objects, 0(0B) LOS objects, 38% free, 25MB/41MB, paused 472us total 43.506ms
08-04 19:03:13.137 23597 23610 I art     : Starting a blocking GC Explicit
08-04 19:03:13.180 23597 23610 I art     : Explicit concurrent mark sweep GC freed 3(96B) AllocSpace objects, 0(0B) LOS objects, 38% free, 25MB/41MB, paused 468us total 43.015ms
08-04 19:03:13.198 23597 23610 I art     : Starting a blocking GC Explicit
08-04 19:03:13.243 23597 23610 I art     : Explicit concurrent mark sweep GC freed 3(96B) AllocSpace objects, 0(0B) LOS objects, 38% free, 25MB/41MB, paused 464us total 44.104ms
08-04 19:03:13.261 23597 23610 I art     : Starting a blocking GC Explicit
08-04 19:03:13.303 23597 23610 I art     : Explicit concurrent mark sweep GC freed 3(96B) AllocSpace objects, 0(0B) LOS objects, 38% free, 25MB/41MB, paused 447us total 42.188ms
08-04 19:03:13.398  8429  8429 I Finsky  : [1] xow.onStartJob(3): SCH: onJobSchedulerWakeup with jobId 9016
08-04 19:03:13.405  8429  8429 I Finsky  : [1] xjw.a(9): Scheduling fallback in 43199998 (absolute: 1757597278)
08-04 19:03:13.409  8429  8429 I Finsky  : [1] xjw.a(9): Scheduling fallback in 64799997 (absolute: 1779197281)
08-04 19:03:13.414  8429  8429 I Finsky  : [1] xow.onStartJob(3): SCH: onJobSchedulerWakeup with jobId 9009
08-04 19:03:13.421  8429  8429 I Finsky  : [1] xjw.a(9): Scheduling fallback in 43199998 (absolute: 1757597293)
08-04 19:03:13.424  8429  8429 I Finsky  : [1] xjw.a(9): Scheduling fallback in 64799998 (absolute: 1779197296)
08-04 19:03:13.428  8429  8429 W Finsky  : [1] xow.onStartJob(9): SCH: onJobSchedulerWakeup while already running
08-04 19:03:13.487  8429  8429 I Finsky  : [1] xkf.handleMessage(8): SCH: DeviceState: DeviceState{currentTime=1596560593482, isCharging=false, isIdle=false, netAny=true, netNotRoaming=true, netUnmetered=true, batteryPercent=100.0}
08-04 19:03:13.493  8429 23565 I Finsky  : [6056] xmu.a(8): SCH: Jobs in database: 1-1337 3-197 3-198 12-1 24-77777777 26-1414141414 
08-04 19:03:13.497  8429  8429 I Finsky  : [1] xkg.a(16): SCH: Running job: 12-1
08-04 19:03:13.498  8429  8429 I Finsky  : [1] ContentSyncJob.a(16): [ContentSync] job started
08-04 19:03:13.499  8429  8429 I Finsky  : [1] xkf.handleMessage(61): SCH: RunningQueue size: 1, PendingQueue size: 0
08-04 19:03:13.499  8429  8429 I Finsky  : [1] xkf.handleMessage(64): SCH: Running queue: 12-1 
08-04 19:03:13.576  8429 23575 I Finsky  : [6060] dzn.a(22): Completed 0 account content syncs with 0 successful.
08-04 19:03:13.577  8429  8429 I Finsky  : [1] ContentSyncJob.a(1): [ContentSync] Installation state replication succeeded.
08-04 19:03:13.577  8429  8429 I Finsky  : [1] xlr.a(13): SCH: jobFinished: 12-1. TimeElapsed: 79ms.
08-04 19:03:13.578  8429  8429 I Finsky  : [1] xkg.a(36): SCH: Job 12-1 finished. Not rescheduling.
08-04 19:03:13.578  8429  8429 I Finsky  : [1] xkf.handleMessage(61): SCH: RunningQueue size: 0, PendingQueue size: 0
08-04 19:03:13.578  8429  8429 I Finsky  : [1] xkf.handleMessage(25): Executor finished
08-04 19:03:13.594  8429  8429 I Finsky  : [1] xmu.a(8): SCH: Jobs in database: 1-1337 3-197 3-198 24-77777777 26-1414141414 
08-04 19:03:13.596  8429  8429 I Finsky  : [1] xio.a(57): SCH: ConstraintMapping: 24-77777777,  -> L: 0ms, D: 7607242ms, C: false, I: true, N: 0
08-04 19:03:13.597  8429  8429 I Finsky  : [1] xio.a(57): SCH: ConstraintMapping: 1-1337,  -> L: 10959310ms, D: 54159310ms, C: false, I: false, N: 1
08-04 19:03:13.597  8429  8429 I Finsky  : [1] xio.a(57): SCH: ConstraintMapping: 3-197,  -> L: 0ms, D: 79037237ms, C: false, I: true, N: 2
08-04 19:03:13.598  8429  8429 I Finsky  : [1] xio.a(57): SCH: ConstraintMapping: 3-198,  -> L: 0ms, D: 79037296ms, C: true, I: true, N: 2
08-04 19:03:13.598 23597 23609 I art     : Starting a blocking GC Explicit
08-04 19:03:13.598  8429  8429 I Finsky  : [1] xio.a(57): SCH: ConstraintMapping: 26-1414141414,  -> L: 15072442ms, D: 15972442ms, C: false, I: false, N: 0
08-04 19:03:13.608  8429  8429 I Finsky  : [1] xle.a(34): Cancelling existing jobscheduler jobs: 9001 9013 9015 9019 9010 9017 9018 9014 
08-04 19:03:13.609  8429  8429 I Finsky  : [1] xle.a(10): Throttling wakeup for job 9000 (expected to run in 0 ms) due to recent wakeup
08-04 19:03:13.609  8429  8429 I Finsky  : [1] xle.a(27): Scheduling job Id: 9000, L: 30000, D: 7607242, C: false, I: true, N: 0
08-04 19:03:13.610  8429  8429 I Finsky  : [1] xle.a(27): Scheduling job Id: 9002, L: 10959310, D: 54159310, C: false, I: false, N: 1
08-04 19:03:13.612  8429  8429 I Finsky  : [1] xle.a(10): Throttling wakeup for job 9003 (expected to run in 0 ms) due to recent wakeup
08-04 19:03:13.612  8429  8429 I Finsky  : [1] xle.a(27): Scheduling job Id: 9003, L: 30000, D: 79037237, C: false, I: true, N: 2
08-04 19:03:13.614  8429  8429 I Finsky  : [1] xle.a(10): Throttling wakeup for job 9004 (expected to run in 0 ms) due to recent wakeup
08-04 19:03:13.614  8429  8429 I Finsky  : [1] xle.a(27): Scheduling job Id: 9004, L: 30000, D: 79037296, C: true, I: true, N: 2
08-04 19:03:13.615  8429  8429 I Finsky  : [1] xle.a(27): Scheduling job Id: 9005, L: 15072442, D: 15972442, C: false, I: false, N: 0
08-04 19:03:13.617  8429  8429 I Finsky  : [1] xle.a(10): Throttling wakeup for job 9006 (expected to run in 0 ms) due to recent wakeup
08-04 19:03:13.617  8429  8429 I Finsky  : [1] xle.a(27): Scheduling job Id: 9006, L: 30000, D: 7607242, C: false, I: true, N: 0
08-04 19:03:13.619  8429  8429 I Finsky  : [1] xle.a(27): Scheduling job Id: 9007, L: 10959310, D: 54159310, C: false, I: false, N: 1
08-04 19:03:13.620  8429  8429 I Finsky  : [1] xle.a(10): Throttling wakeup for job 9008 (expected to run in 0 ms) due to recent wakeup
08-04 19:03:13.621  8429  8429 I Finsky  : [1] xle.a(27): Scheduling job Id: 9008, L: 30000, D: 79037237, C: false, I: true, N: 2
08-04 19:03:13.622  8429  8429 I Finsky  : [1] xle.a(10): Throttling wakeup for job 9009 (expected to run in 0 ms) due to recent wakeup
08-04 19:03:13.623  8429  8429 I Finsky  : [1] xle.a(27): Scheduling job Id: 9009, L: 30000, D: 79037296, C: true, I: true, N: 2
08-04 19:03:13.624  8429  8429 I Finsky  : [1] xle.a(27): Scheduling job Id: 9011, L: 15072442, D: 15972442, C: false, I: false, N: 0
08-04 19:03:13.636 23597 23609 I art     : Explicit concurrent mark sweep GC freed 1551(95KB) AllocSpace objects, 1(20KB) LOS objects, 38% free, 25MB/41MB, paused 447us total 38.211ms
08-04 19:03:13.654 23597 23609 I art     : Starting a blocking GC Explicit
08-04 19:03:13.693 23597 23609 I art     : Explicit concurrent mark sweep GC freed 28(1024B) AllocSpace objects, 0(0B) LOS objects, 38% free, 25MB/41MB, paused 416us total 38.773ms
08-04 19:03:13.709   918  3188 I hubconnection: sensorhub said: 'set_bias 3: -6.7200, 0.0000, 0.0000'
08-04 19:03:13.711 23597 23609 I art     : Starting a blocking GC Explicit
08-04 19:03:13.751 23597 23609 I art     : Explicit concurrent mark sweep GC freed 3(96B) AllocSpace objects, 0(0B) LOS objects, 38% free, 25MB/41MB, paused 447us total 40.197ms
08-04 19:03:13.769 23597 23609 I art     : Starting a blocking GC Explicit
08-04 19:03:13.806 23597 23609 I art     : Explicit concurrent mark sweep GC freed 3(96B) AllocSpace objects, 0(0B) LOS objects, 38% free, 25MB/41MB, paused 391us total 36.363ms
08-04 19:03:13.822 23597 23609 I art     : Starting a blocking GC Explicit
08-04 19:03:13.856 23597 23609 I art     : Explicit concurrent mark sweep GC freed 3(96B) AllocSpace objects, 0(0B) LOS objects, 38% free, 25MB/41MB, paused 398us total 33.148ms
08-04 19:03:14.159 23597 23959 I art     : Starting a blocking GC Explicit
08-04 19:03:14.221 23597 23959 I art     : Explicit concurrent mark sweep GC freed 1548(90KB) AllocSpace objects, 1(20KB) LOS objects, 38% free, 25MB/41MB, paused 523us total 60.516ms
08-04 19:03:14.246 23597 23959 I art     : Starting a blocking GC Explicit
08-04 19:03:14.294 23597 23959 I art     : Explicit concurrent mark sweep GC freed 28(1024B) AllocSpace objects, 0(0B) LOS objects, 38% free, 25MB/41MB, paused 462us total 47.594ms
08-04 19:03:14.312 23597 23959 I art     : Starting a blocking GC Explicit
08-04 19:03:14.356 23597 23959 I art     : Explicit concurrent mark sweep GC freed 3(96B) AllocSpace objects, 0(0B) LOS objects, 38% free, 25MB/41MB, paused 437us total 43.546ms
08-04 19:03:14.373 23597 23959 I art     : Starting a blocking GC Explicit
08-04 19:03:14.417 23597 23959 I art     : Explicit concurrent mark sweep GC freed 3(96B) AllocSpace objects, 0(0B) LOS objects, 38% free, 25MB/41MB, paused 442us total 42.920ms
08-04 19:03:14.438 23597 23959 I art     : Starting a blocking GC Explicit
08-04 19:03:14.484 23597 23959 I art     : Explicit concurrent mark sweep GC freed 3(96B) AllocSpace objects, 0(0B) LOS objects, 38% free, 25MB/41MB, paused 434us total 45.304ms
08-04 19:03:14.811 23597 23703 I art     : Starting a blocking GC Explicit
08-04 19:03:14.859 23597 23703 I art     : Explicit concurrent mark sweep GC freed 1552(90KB) AllocSpace objects, 1(20KB) LOS objects, 38% free, 25MB/41MB, paused 441us total 47.502ms
08-04 19:03:14.877 23597 23703 I art     : Starting a blocking GC Explicit
08-04 19:03:14.917 23597 23703 I art     : Explicit concurrent mark sweep GC freed 28(1024B) AllocSpace objects, 0(0B) LOS objects, 38% free, 25MB/41MB, paused 533us total 40.263ms
08-04 19:03:14.934 23597 23703 I art     : Starting a blocking GC Explicit
08-04 19:03:14.976 23597 23703 I art     : Explicit concurrent mark sweep GC freed 3(96B) AllocSpace objects, 0(0B) LOS objects, 38% free, 25MB/41MB, paused 467us total 40.950ms
08-04 19:03:14.993 23597 23703 I art     : Starting a blocking GC Explicit
08-04 19:03:15.034 23597 23703 I art     : Explicit concurrent mark sweep GC freed 3(96B) AllocSpace objects, 0(0B) LOS objects, 38% free, 25MB/41MB, paused 465us total 40.581ms
08-04 19:03:15.052 23597 23703 I art     : Starting a blocking GC Explicit
08-04 19:03:15.094 23597 23703 I art     : Explicit concurrent mark sweep GC freed 3(96B) AllocSpace objects, 0(0B) LOS objects, 38% free, 25MB/41MB, paused 498us total 41.523ms
08-04 19:03:15.276 24251 24251 D AndroidRuntime: >>>>>> START com.android.internal.os.RuntimeInit uid 2000 <<<<<<
08-04 19:03:15.283 24251 24251 D AndroidRuntime: CheckJNI is OFF
08-04 19:03:15.325 24251 24251 D ICU     : No timezone override file found: /data/misc/zoneinfo/current/icu/icu_tzdata.dat
08-04 19:03:15.367 24251 24251 I Radio-JNI: register_android_hardware_Radio DONE
08-04 19:03:15.396 24251 24251 D AndroidRuntime: Calling main entry com.android.commands.input.Input
08-04 19:03:15.398 24251 24251 I Input   : injectMotionEvent: MotionEvent { action=ACTION_DOWN, actionButton=0, id[0]=0, x[0]=600.0, y[0]=700.0, toolType[0]=TOOL_TYPE_UNKNOWN, buttonState=0, metaState=0, flags=0x0, edgeFlags=0x0, pointerCount=1, historySize=0, eventTime=731011811, downTime=731011811, deviceId=0, source=0x1002 }
08-04 19:03:15.405 24251 24251 I Input   : injectMotionEvent: MotionEvent { action=ACTION_UP, actionButton=0, id[0]=0, x[0]=600.0, y[0]=700.0, toolType[0]=TOOL_TYPE_UNKNOWN, buttonState=0, metaState=0, flags=0x0, edgeFlags=0x0, pointerCount=1, historySize=0, eventTime=731011811, downTime=731011811, deviceId=0, source=0x1002 }
08-04 19:03:15.407 23597 23597 I RRChoreographer: Using modern Choreographer
08-04 19:03:15.408 24251 24251 D AndroidRuntime: Shutting down VM
08-04 19:03:15.424 23597 23610 I art     : Starting a blocking GC Explicit
08-04 19:03:15.425   512  2967 D audio_hw_primary: out_set_parameters: enter: usecase(1: low-latency-playback) kvpairs: routing=2
08-04 19:03:15.432 23597 23597 D NappaIntentExtras: ==================
08-04 19:03:15.433 23597 23597 D NappaIntentExtras: Log #3
08-04 19:03:15.433 23597 23597 D NappaIntentExtras: ------------------
08-04 19:03:15.433 23597 23597 D NappaIntentExtras: activity nappatfpr.org.quantumbadger.redreader.activities.ImageViewActivity
08-04 19:03:15.433 23597 23597 D NappaIntentExtras: 	- No extras registered
08-04 19:03:15.433 23597 23597 D NappaIntentExtras: activity nappatfpr.org.quantumbadger.redreader.activities.CommentListingActivity
08-04 19:03:15.433 23597 23597 D NappaIntentExtras: 	- No extras registered
08-04 19:03:15.433 23597 23597 D NappaIntentExtras: activity nappatfpr.org.quantumbadger.redreader.activities.PostListingActivity
08-04 19:03:15.433 23597 23597 D NappaIntentExtras: 	- No extras registered
08-04 19:03:15.433 23597 23597 D NappaIntentExtras: activity nappatfpr.org.quantumbadger.redreader.activities.MainActivity
08-04 19:03:15.433 23597 23597 D NappaIntentExtras: 	- No extras registered
08-04 19:03:15.433 23597 23597 D NappaIntentExtras: activity nappatfpr.org.quantumbadger.redreader.activities.WebViewActivity
08-04 19:03:15.433 23597 23597 D NappaIntentExtras: 	- No extras registered
08-04 19:03:15.433 23597 23597 D NappaIntentExtras: ==================
08-04 19:03:15.434   918  5481 I ActivityManager: START u0 {dat=https://oauth.reddit.com/... cmp=nappatfpr.org.quantumbadger.redreader/.activities.CommentListingActivity} from uid 10664 on display 0
08-04 19:03:15.439   512  2967 D audio_hw_primary: select_devices: out_snd_device(2: speaker) in_snd_device(0: none)
08-04 19:03:15.439   512  2967 D msm8974_platform: platform_send_audio_calibration: sending audio calibration for snd_device(2) acdb_id(15)
08-04 19:03:15.439   512  2967 I soundtrigger: audio_extn_sound_trigger_update_device_status: device 0x2 of type 0 for Event 1
08-04 19:03:15.442 23597 23597 D NappaLifecycleObserver: nappatfpr.org.quantumbadger.redreader.activities.PostListingActivity - onPause
08-04 19:03:15.443 23597 23597 D Nappa   : Stayed on nappatfpr.org.quantumbadger.redreader.activities.PostListingActivity for 5698 ms
08-04 19:03:15.449   512  2967 D audio_hw_primary: enable_snd_device: snd_device(2: speaker)
08-04 19:03:15.451   512  2967 D audio_hw_primary: enable_audio_route: apply and update mixer path: low-latency-playback speaker
08-04 19:03:15.464 23597 23597 I AppCompatViewInflater: app:theme is now deprecated. Please move to using android:theme instead.
08-04 19:03:15.466 23597 23610 I art     : Explicit concurrent mark sweep GC freed 2694(146KB) AllocSpace objects, 1(20KB) LOS objects, 38% free, 25MB/41MB, paused 815us total 41.759ms
08-04 19:03:15.483 23597 23610 I art     : Starting a blocking GC Explicit
08-04 19:03:15.491 23597 23597 D NappaLifecycleObserver: nappatfpr.org.quantumbadger.redreader.activities.CommentListingActivity - onResume
08-04 19:03:15.491 23597 23597 D Nappa   : setCurrentActivity - MetricStrategyAccuracy - 
08-04 19:03:15.491 23597 23597 D Nappa   : madePredictionFromActivity = true, 
08-04 19:03:15.491 23597 23597 D Nappa   : fromActivity = nappatfpr.org.quantumbadger.redreader.activities.PostListingActivity, 
08-04 19:03:15.491 23597 23597 D Nappa   : predictedNextActivityFromActivity = [nappatfpr.org.quantumbadger.redreader.activities.CommentListingActivity], 
08-04 19:03:15.491 23597 23597 D Nappa   : activity.getClass().getCanonicalName() = nappatfpr.org.quantumbadger.redreader.activities.CommentListingActivity, 
08-04 19:03:15.491 23597 23597 D Nappa   : setCurrentActivity - MetricStrategyAccuracy - 
08-04 19:03:15.491 23597 23597 D Nappa   : madePredictionFromExtra = false, 
08-04 19:03:15.491 23597 23597 D Nappa   : fromActivity = nappatfpr.org.quantumbadger.redreader.activities.PostListingActivity, 
08-04 19:03:15.491 23597 23597 D Nappa   : predictedNextActivityFromExtra = [], 
08-04 19:03:15.491 23597 23597 D Nappa   : activity.getClass().getCanonicalName() = nappatfpr.org.quantumbadger.redreader.activities.CommentListingActivity, 
08-04 19:03:15.491 23597 23597 D Nappa   : PREFETCH_ON_EXTRA - setCurrentActivity - logs - from activity - made prediction istrue
08-04 19:03:15.491 23597 23597 D Nappa   : PREFETCH_ON_EXTRA - setCurrentActivity - logs - from activity - start
08-04 19:03:15.491 23597 23597 D Nappa   : setCurrentActivity - MetricStrategyAccuracy - checking prediction VS current activity for activities
08-04 19:03:15.491 23597 23597 D TfprPrefetchingStrategy: MetricStrategyAccuracy inc hits count1 | from act
08-04 19:03:15.492 23597 23597 I NAPPA_EXPERIMENTATION: MetricStrategyAccuracy: LOG_ID='1',EXECUTION_COUNT='1',CASES_COUNT='1',HIT_PERCENTAGE_TOTAL='100.0',HIT_PERCENTAGE_WHEN_PREDICTED='100.0',HIT_COUNT='1',MISS_COUNT='0',INSUFFICIENT_SCORE_COUNT='0',EXCEPTION_COUNT='0',NO_SUCCESSOR_COUNT='0',
08-04 19:03:15.492 23597 23597 D Nappa   : PREFETCH_ON_EXTRA - setCurrentActivity - logs - from activity- finished
08-04 19:03:15.492 23597 24280 D OK      : calling: https://oauth.reddit.com/comments/gvc7k9/.json?sort=confidence
08-04 19:03:15.492 23597 24280 D CustomInterceptor: NETWORK-PROVIDER https://oauth.reddit.com/comments/gvc7k9/.json?sort=confidence
08-04 19:03:15.492 23597 24280 D Nappa   : F1_SCORE add_intercept_url - (new) - https://oauth.reddit.com/comments/gvc7k9/.json?sort=confidence
08-04 19:03:15.492 23597 24280 D Nappa   : F1_SCORE add_fn_url - (new) - https://oauth.reddit.com/comments/gvc7k9/.json?sort=confidence
08-04 19:03:15.492 23597 24280 D Nappa   : -------------F1_SCORE #2 -----------
08-04 19:03:15.492 23597 24280 D Nappa   : F1_SCORE - Intercept list (3)= [https://oauth.reddit.com/r/askscience/about.json, https://oauth.reddit.com/r/askscience/hot/.json, https://oauth.reddit.com/comments/gvc7k9/.json?sort=confidence]
08-04 19:03:15.492 23597 24280 D Nappa   : F1_SCORE - Prefetch list (0)= []
08-04 19:03:15.492 23597 24280 D Nappa   : F1_SCORE - TP list (0)= []
08-04 19:03:15.492 23597 24280 D Nappa   : F1_SCORE - FN list (3)= [https://oauth.reddit.com/r/askscience/about.json, https://oauth.reddit.com/r/askscience/hot/.json, https://oauth.reddit.com/comments/gvc7k9/.json?sort=confidence]
08-04 19:03:15.493 23597 24280 I NAPPA_EXPERIMENTATION: MetricPrefetchingAccuracy: LOG_ID='3',F1_SCORE_1='0.0',F1_SCORE_2='0.0',TRUE_POSITIVE='0',FALSE_POSITIVE='0',FALSE_NEGATIVE='3',
08-04 19:03:15.493 23597 24280 D CustomInterceptor: HEADER REQUEST
08-04 19:03:15.493 23597 24280 D CustomInterceptor: Authorization bearer -vv7wE75CCVZuUmgJJFxR34x-bqc
08-04 19:03:15.493 23597 24280 D CustomInterceptor: Cache-Control max-age=300, max-stale=300
08-04 19:03:15.493 23597 24280 D CustomInterceptor: User-Agent nappatfpr.org.quantumbadger.redreader/1.9.10
08-04 19:03:15.493 23597 24280 D CustomInterceptor: CACHED STATS: size = '2', maxSize = '100', hitCount = '2', createCount = '0', putCount = '2', evictionCount = '0', missCount = '3', toString = 'LruCache[maxSize=100,hits=2,misses=3,hitRate=40%]', 
08-04 19:03:15.493 23597 24280 D CustomInterceptor: PREFLIB NOT A GET REQUEST OR NOT IN CACHEGET
08-04 19:03:15.522 23597 23610 I art     : Explicit concurrent mark sweep GC freed 1462(147KB) AllocSpace objects, 0(0B) LOS objects, 38% free, 25MB/41MB, paused 633us total 38.058ms
08-04 19:03:15.538 23597 23610 I art     : Starting a blocking GC Explicit
08-04 19:03:15.578 23597 23610 I art     : Explicit concurrent mark sweep GC freed 264(12KB) AllocSpace objects, 0(0B) LOS objects, 38% free, 25MB/41MB, paused 594us total 39.096ms
08-04 19:03:15.592 23597 23597 D Nappa   : registerActivity: (already in) nappatfpr.org.quantumbadger.redreader.activities.CommentListingActivity
08-04 19:03:15.592 23597 23597 D ActivityNode: ACTNODE UPDATING AFTER LOADING FROM DB
08-04 19:03:15.592 23597 23597 D ActivityGraph: LARDataCalculatedUpdate nappatfpr.org.quantumbadger.redreader.activities.CommentListingActivity Pagerank: 0.25 HITS-Authority: 1.0 HITS-Hub: 1.0 SALSA-Authority: 1.0 SALSA-Hub: 1.0
08-04 19:03:15.592 23597 23620 D Nappa   : registerActivity: (already in) nappatfpr.org.quantumbadger.redreader.activities.CommentListingActivity
08-04 19:03:15.592 23597 23597 D Nappa   : SHOULD_PREFETCH true
08-04 19:03:15.592 23597 23620 D Nappa   : PARENTS 
08-04 19:03:15.592 23597 23620 D Nappa   : Of: nappatfpr.org.quantumbadger.redreader.activities.CommentListingActivity -> 
08-04 19:03:15.593 23597 23620 D Nappa   : PARENTS nappatfpr.org.quantumbadger.redreader.activities.PostListingActivity
08-04 19:03:15.593 23597 23620 D Nappa   : PARENTS nappatfpr.org.quantumbadger.redreader.activities.MainActivity
08-04 19:03:15.595 23597 23610 I art     : Starting a blocking GC Explicit
08-04 19:03:15.636 23597 23610 I art     : Explicit concurrent mark sweep GC freed 131(7KB) AllocSpace objects, 0(0B) LOS objects, 38% free, 25MB/41MB, paused 577us total 40.333ms
08-04 19:03:15.653 23597 23610 I art     : Starting a blocking GC Explicit
08-04 19:03:15.693 23597 23597 D Nappa   : registerActivity: (already in) nappatfpr.org.quantumbadger.redreader.activities.CommentListingActivity
08-04 19:03:15.693 23597 23597 D Nappa   : STATS Number of requests not prefetched: 3
08-04 19:03:15.693 23597 23597 D Nappa   : STATS Number of requests prefetched: 0
08-04 19:03:15.693 23597 23610 I art     : Explicit concurrent mark sweep GC freed 21(768B) AllocSpace objects, 0(0B) LOS objects, 38% free, 25MB/41MB, paused 634us total 39.562ms
08-04 19:03:15.693 23597 23597 D Nappa   : STATS Time saved until now: 0.0
08-04 19:03:15.747 23597 24280 D CustomInterceptor: CACHE_CONTROL SETTING NEW MAX-AGE
08-04 19:03:15.748 23597 24280 D CustomInterceptor: HEADER RESPONSE
08-04 19:03:15.748 23597 24280 D CustomInterceptor: accept-ranges bytes
08-04 19:03:15.748 23597 24280 D CustomInterceptor: access-control-allow-origin *
08-04 19:03:15.748 23597 24280 D CustomInterceptor: access-control-expose-headers X-Moose
08-04 19:03:15.748 23597 24280 D CustomInterceptor: Cache-Control public, immutable, max-age=300, only-if-cached, max-stale=300
08-04 19:03:15.748 23597 24280 D CustomInterceptor: content-type application/json; charset=UTF-8
08-04 19:03:15.748 23597 24280 D CustomInterceptor: date Tue, 04 Aug 2020 17:03:10 GMT
08-04 19:03:15.748 23597 24280 D CustomInterceptor: Expires Tue, 04 Aug 2020 17:08:15 GMT+00:00
08-04 19:03:15.748 23597 24280 D CustomInterceptor: server snooserv
08-04 19:03:15.748 23597 24280 D CustomInterceptor: set-cookie edgebucket=sMhUbtzYmHcv5D4j0k; Domain=reddit.com; Max-Age=63071999; Path=/; secure=
08-04 19:03:15.748 23597 24280 D CustomInterceptor: strict-transport-security max-age=15552000; includeSubDomains; preload
08-04 19:03:15.748 23597 24280 D CustomInterceptor: vary accept-encoding
08-04 19:03:15.748 23597 24280 D CustomInterceptor: via 1.1 varnish
08-04 19:03:15.748 23597 24280 D CustomInterceptor: x-content-type-options nosniff
08-04 19:03:15.748 23597 24280 D CustomInterceptor: x-frame-options SAMEORIGIN
08-04 19:03:15.748 23597 24280 D CustomInterceptor: x-moose majestic
08-04 19:03:15.749 23597 24280 D CustomInterceptor: x-ua-compatible IE=edge
08-04 19:03:15.749 23597 24280 D CustomInterceptor: x-xss-protection 1; mode=block
08-04 19:03:15.749 23597 24280 D CustomInterceptor: CACHEABLE true
08-04 19:03:15.749 23597 24280 D CustomInterceptor: REQ https://oauth.reddit.com/comments/gvc7k9/.json?sort=confidence
08-04 19:03:15.749 23597 24280 D CustomInterceptor: REQ_SERV_BY net
08-04 19:03:15.749 23597 24280 D CustomInterceptor: PREFLIB Adding response to lrucache - https://oauth.reddit.com/comments/gvc7k9/.json?sort=confidence
08-04 19:03:15.804 23597 23597 D ActivityNode: Observer - successor visit time - MainActivity - Updating the visit time from the successors list:
08-04 19:03:15.804 23597 23597 D ActivityNode: [AggregateVisitTimeByActivity{nappatfpr.org.quantumbadger.redreader.activities.PostListingActivity : 139907 ms}]
08-04 19:03:15.804 23597 24280 D CustomInterceptor: interceptor_finished : return_type #3 : request served from remote and added to cache
08-04 19:03:15.804 23597 23597 D ActivityNode: Observer - successor visit time - PostListingActivity - Updating the visit time from the successors list:
08-04 19:03:15.804 23597 23597 D ActivityNode: [AggregateVisitTimeByActivity{nappatfpr.org.quantumbadger.redreader.activities.CommentListingActivity : 181639 ms}, AggregateVisitTimeByActivity{nappatfpr.org.quantumbadger.redreader.activities.WebViewActivity : 70915 ms}, AggregateVisitTimeByActivity{nappatfpr.org.quantumbadger.redreader.activities.ImageViewActivity : 4749 ms}]
08-04 19:03:15.804 23597 23597 D ActivityNode: Observer - visit time - PostListingActivity - New aggregate visit time found is 234825 ms
08-04 19:03:15.804 23597 23597 D ActivityNode: Observer - successor visit time - ImageViewActivity - Updating the visit time from the successors list:
08-04 19:03:15.804 23597 23597 D ActivityNode: [AggregateVisitTimeByActivity{nappatfpr.org.quantumbadger.redreader.activities.WebViewActivity : 20735 ms}]
08-04 19:03:15.810   918   936 I ActivityManager: Displayed nappatfpr.org.quantumbadger.redreader/.activities.CommentListingActivity: +366ms
08-04 19:03:15.810 23597 23597 D ActivityNode: Observer - session data - sourceMainActivity
08-04 19:03:15.810 23597 23597 D ActivityNode: destinations:
08-04 19:03:15.810 23597 23597 D ActivityNode: 	nappatfpr.org.quantumbadger.redreader.activities.PostListingActivity( count 25)
08-04 19:03:15.810 23597 23597 D ActivityNode: Observer - session data - sourcePostListingActivity
08-04 19:03:15.810 23597 23597 D ActivityNode: destinations:
08-04 19:03:15.810 23597 23597 D ActivityNode: 	nappatfpr.org.quantumbadger.redreader.activities.CommentListingActivity( count 41)
08-04 19:03:15.810 23597 23597 D ActivityNode: 	nappatfpr.org.quantumbadger.redreader.activities.WebViewActivity( count 12)
08-04 19:03:15.810 23597 23597 D ActivityNode: 	nappatfpr.org.quantumbadger.redreader.activities.ImageViewActivity( count 4)
08-04 19:03:15.810 13866 13866 I GoogleInputMethodServic: GoogleInputMethodService.onFinishInput():3138 
08-04 19:03:15.810 23597 23597 D ActivityNode: Observer - session data - sourceCommentListingActivity
08-04 19:03:15.810 23597 23597 D ActivityNode: destinations:
08-04 19:03:15.810 23597 23597 D ActivityNode: Observer - session data - sourceWebViewActivity
08-04 19:03:15.810 23597 23597 D ActivityNode: destinations:
08-04 19:03:15.810 23597 23597 D ActivityNode: Observer - session data - sourceImageViewActivity
08-04 19:03:15.810 23597 23597 D ActivityNode: destinations:
08-04 19:03:15.810 23597 23597 D ActivityNode: 	nappatfpr.org.quantumbadger.redreader.activities.WebViewActivity( count 4)
08-04 19:03:15.810 13866 13866 I GoogleInputMethodServic: GoogleInputMethodService.onStartInput():1808 
08-04 19:03:15.817 23597 24280 I NAPPA_EXPERIMENTATION: MetricNetworkRequestExecutionTime: REQUEST_DURATION_SYSTEM='325',REQUEST_DURATION_OKHTTP='0',REQUEST_SYNCHRONOUS='TRUE',RESPONSE_CODE='200',RESPONSE_METHOD='GET',RESPONSE_LENGTH_OKHTTP='672610',RESPONSE_LENGTH_HEADER='-2',REQUEST_PROTOCOL='h2',REQUEST_URL='https://oauth.reddit.com/comments/gvc7k9/.json?sort=confidence',
08-04 19:03:15.817 23597 24280 D OK      : request got status: 200
08-04 19:03:15.820 23597 24170 I CommentListingActivity: COMMENTS session changed to 6abf1969-6fb8-4ce6-a6b6-4d39117365fd
08-04 19:03:15.892 23597 23620 D Nappa   : PREFETCH_ON_EXTRA - setCurrentActivity - logs - from extra - made prediction isfalse
08-04 19:03:15.976 23597 23610 I art     : Starting a blocking GC Explicit
08-04 19:03:15.989   512  2967 D audio_hw_primary: disable_audio_route: reset and update mixer path: low-latency-playback speaker
08-04 19:03:15.991   512  2967 D audio_hw_primary: disable_snd_device: snd_device(2: speaker)
08-04 19:03:16.000   512  2967 I soundtrigger: audio_extn_sound_trigger_update_device_status: device 0x2 of type 0 for Event 0
08-04 19:03:16.054 23597 23610 I art     : Explicit concurrent mark sweep GC freed 32789(3MB) AllocSpace objects, 6(2MB) LOS objects, 34% free, 30MB/46MB, paused 1.345ms total 77.422ms
08-04 19:03:16.070   380   380 W SurfaceFlinger: couldn't log to binary event log: overflow.
08-04 19:03:16.077 23597 23610 I art     : Starting a blocking GC Explicit
08-04 19:03:16.134 23597 23610 I art     : Explicit concurrent mark sweep GC freed 13835(1099KB) AllocSpace objects, 2(84KB) LOS objects, 34% free, 30MB/46MB, paused 821us total 56.717ms
08-04 19:03:16.154 23597 23610 I art     : Starting a blocking GC Explicit
08-04 19:03:16.193 23597 23620 D Nappa   : PREFETCH_ON_EXTRA - setCurrentActivity - starting new prediction
08-04 19:03:16.193 23597 23620 D Nappa   : Current node - currentActivityName - nappatfpr.org.quantumbadger.redreader.activities.CommentListingActivity
08-04 19:03:16.193 23597 23620 D Nappa   : Current node - activityGraph.getCurrent() - nappatfpr.org.quantumbadger.redreader.activities.CommentListingActivity
08-04 19:03:16.193 23597 23620 I NAPPA_EXPERIMENTATION: MetricNappaPrefetchingStrategyExecutionTime: STRATEGY_CLASS='TfprPrefetchingStrategy',DURATION='2136',NUMBER_OF_URLS='0',NUMBER_OF_SELECTED_CHILDREN_NODES='0',NUMBER_OF_CHILDREN_NODES='0',STRATEGY_RUN_SUCCESSFULLY='True',
08-04 19:03:16.194 23597 23620 D TfprPrefetchingStrategy: ==================================
08-04 19:03:16.194 23597 23620 D TfprPrefetchingStrategy: Starting Run #2
08-04 19:03:16.194 23597 23620 D TfprPrefetchingStrategy: ----------------------------------
08-04 19:03:16.194 23597 23620 D TfprPrefetchingStrategy: Node data CommentListingActivity 
08-04 19:03:16.194 23597 23620 D TfprPrefetchingStrategy: 	Successors:
08-04 19:03:16.194 23597 23620 D TfprPrefetchingStrategy: 
08-04 19:03:16.194 23597 23620 D TfprPrefetchingStrategy: 	Ancestors:
08-04 19:03:16.194 23597 23620 D TfprPrefetchingStrategy: 		PostListingActivity (0 hits)
08-04 19:03:16.194 23597 23620 D TfprPrefetchingStrategy: 
08-04 19:03:16.194 23597 23620 D TfprPrefetchingStrategy: MetricStrategyAccuracy inc execution count2 | act = true; extra = false
08-04 19:03:16.194 23597 23620 D TfprPrefetchingStrategy: MetricStrategyAccuracy inc no sucessor count1 | act = true; extra = false
08-04 19:03:16.194 23597 23620 D TfprPrefetchingStrategy: Node has no successor
08-04 19:03:16.194 23597 23620 D TfprPrefetchingStrategy: Next visited child will be []
08-04 19:03:16.194 23597 23620 D TfprPrefetchingStrategy: ==================================
08-04 19:03:16.194 23597 23620 D Nappa   : PREFETCH_ON_EXTRA - setCurrentActivity - finished new prediction
08-04 19:03:16.210 23597 23610 I art     : Explicit concurrent mark sweep GC freed 19531(918KB) AllocSpace objects, 1(68KB) LOS objects, 34% free, 30MB/46MB, paused 933us total 55.978ms
08-04 19:03:16.230 23597 23610 I art     : Starting a blocking GC Explicit
08-04 19:03:16.287 23597 23610 I art     : Explicit concurrent mark sweep GC freed 122(4KB) AllocSpace objects, 0(0B) LOS objects, 34% free, 30MB/46MB, paused 522us total 56.825ms
08-04 19:03:16.307 23597 23610 I art     : Starting a blocking GC Explicit
08-04 19:03:16.358 23597 23610 I art     : Explicit concurrent mark sweep GC freed 7(224B) AllocSpace objects, 0(0B) LOS objects, 34% free, 30MB/46MB, paused 445us total 50.179ms
08-04 19:03:16.657 23597 23609 I art     : Starting a blocking GC Explicit
08-04 19:03:16.715 23597 23609 I art     : Explicit concurrent mark sweep GC freed 1547(91KB) AllocSpace objects, 1(20KB) LOS objects, 34% free, 30MB/46MB, paused 478us total 58.184ms
08-04 19:03:16.736 23597 23609 I art     : Starting a blocking GC Explicit
08-04 19:03:16.789 23597 23609 I art     : Explicit concurrent mark sweep GC freed 28(1024B) AllocSpace objects, 0(0B) LOS objects, 34% free, 30MB/46MB, paused 476us total 52.896ms
08-04 19:03:16.810 23597 23609 I art     : Starting a blocking GC Explicit
08-04 19:03:16.866 23597 23609 I art     : Explicit concurrent mark sweep GC freed 49(1920B) AllocSpace objects, 0(0B) LOS objects, 34% free, 30MB/46MB, paused 448us total 56.171ms
08-04 19:03:16.886 23597 23609 I art     : Starting a blocking GC Explicit
08-04 19:03:16.947 23597 23609 I art     : Explicit concurrent mark sweep GC freed 3(96B) AllocSpace objects, 0(0B) LOS objects, 34% free, 30MB/46MB, paused 506us total 60.522ms
08-04 19:03:16.970 23597 23609 I art     : Starting a blocking GC Explicit
08-04 19:03:17.028 23597 23609 I art     : Explicit concurrent mark sweep GC freed 3(96B) AllocSpace objects, 0(0B) LOS objects, 34% free, 30MB/46MB, paused 512us total 57.046ms
08-04 19:03:17.028 23597 23608 I art     : WaitForGcToComplete blocked for 57.343ms for cause HeapTrim
08-04 19:03:17.371 23597 23959 I art     : Starting a blocking GC Explicit
08-04 19:03:17.439 23597 23959 I art     : Explicit concurrent mark sweep GC freed 1548(90KB) AllocSpace objects, 1(20KB) LOS objects, 34% free, 30MB/46MB, paused 527us total 68.203ms
08-04 19:03:17.464 23597 23959 I art     : Starting a blocking GC Explicit
08-04 19:03:17.530 23597 23959 I art     : Explicit concurrent mark sweep GC freed 28(1024B) AllocSpace objects, 0(0B) LOS objects, 34% free, 30MB/46MB, paused 530us total 65.301ms
08-04 19:03:17.553 23597 23959 I art     : Starting a blocking GC Explicit
08-04 19:03:17.615 23597 23959 I art     : Explicit concurrent mark sweep GC freed 3(96B) AllocSpace objects, 0(0B) LOS objects, 34% free, 30MB/46MB, paused 446us total 61.174ms
08-04 19:03:17.635 23597 23959 I art     : Starting a blocking GC Explicit
08-04 19:03:17.704 23597 23959 I art     : Explicit concurrent mark sweep GC freed 3(96B) AllocSpace objects, 0(0B) LOS objects, 34% free, 30MB/46MB, paused 512us total 68.715ms
08-04 19:03:17.727 23597 23959 I art     : Starting a blocking GC Explicit
08-04 19:03:17.773 23377 23377 I ServiceManager: Waiting for service AtCmdFwd...
08-04 19:03:17.791 23597 23959 I art     : Explicit concurrent mark sweep GC freed 3(96B) AllocSpace objects, 0(0B) LOS objects, 34% free, 30MB/46MB, paused 481us total 63.509ms
08-04 19:03:18.135 23597 23610 I art     : Starting a blocking GC Explicit
08-04 19:03:18.216 23597 23610 I art     : Explicit concurrent mark sweep GC freed 1548(92KB) AllocSpace objects, 1(20KB) LOS objects, 34% free, 30MB/46MB, paused 531us total 80.340ms
08-04 19:03:18.240 23597 23610 I art     : Starting a blocking GC Explicit
08-04 19:03:18.308 23597 23610 I art     : Explicit concurrent mark sweep GC freed 28(1024B) AllocSpace objects, 0(0B) LOS objects, 34% free, 30MB/46MB, paused 563us total 67.562ms
08-04 19:03:18.332 23597 23610 I art     : Starting a blocking GC Explicit
08-04 19:03:18.393 23597 23610 I art     : Explicit concurrent mark sweep GC freed 3(96B) AllocSpace objects, 0(0B) LOS objects, 34% free, 30MB/46MB, paused 493us total 61.067ms
08-04 19:03:18.414 23597 23610 I art     : Starting a blocking GC Explicit
08-04 19:03:18.479 23597 23610 I art     : Explicit concurrent mark sweep GC freed 3(96B) AllocSpace objects, 0(0B) LOS objects, 34% free, 30MB/46MB, paused 481us total 64.670ms
08-04 19:03:18.501 23597 23610 I art     : Starting a blocking GC Explicit
08-04 19:03:18.565 23597 23610 I art     : Explicit concurrent mark sweep GC freed 3(96B) AllocSpace objects, 0(0B) LOS objects, 34% free, 30MB/46MB, paused 483us total 64.269ms
08-04 19:03:18.773 23377 23377 I ServiceManager: Waiting for service AtCmdFwd...
08-04 19:03:18.903 23597 23703 I art     : Starting a blocking GC Explicit
08-04 19:03:18.980 23597 23703 I art     : Explicit concurrent mark sweep GC freed 1552(96KB) AllocSpace objects, 1(20KB) LOS objects, 34% free, 30MB/46MB, paused 548us total 76.436ms
08-04 19:03:19.002 23597 23703 I art     : Starting a blocking GC Explicit
08-04 19:03:19.065 23597 23703 I art     : Explicit concurrent mark sweep GC freed 28(1024B) AllocSpace objects, 0(0B) LOS objects, 34% free, 30MB/46MB, paused 493us total 63.061ms
08-04 19:03:19.086 23597 23703 I art     : Starting a blocking GC Explicit
08-04 19:03:19.148 23597 23703 I art     : Explicit concurrent mark sweep GC freed 3(96B) AllocSpace objects, 0(0B) LOS objects, 34% free, 30MB/46MB, paused 528us total 61.780ms
08-04 19:03:19.169 23597 23703 I art     : Starting a blocking GC Explicit
08-04 19:03:19.233 23597 23703 I art     : Explicit concurrent mark sweep GC freed 3(96B) AllocSpace objects, 0(0B) LOS objects, 34% free, 30MB/46MB, paused 482us total 63.981ms
08-04 19:03:19.257 23597 23703 I art     : Starting a blocking GC Explicit
08-04 19:03:19.319 23597 23703 I art     : Explicit concurrent mark sweep GC freed 3(96B) AllocSpace objects, 0(0B) LOS objects, 34% free, 30MB/46MB, paused 491us total 62.003ms
08-04 19:03:19.638   918  3188 I hubconnection: sensorhub said: 'set_bias 3: -6.2400, 0.0000, 0.0000'
08-04 19:03:19.645 23597 23609 I art     : Starting a blocking GC Explicit
08-04 19:03:19.709 23597 23609 I art     : Explicit concurrent mark sweep GC freed 1551(92KB) AllocSpace objects, 1(20KB) LOS objects, 34% free, 30MB/46MB, paused 502us total 63.804ms
08-04 19:03:19.729 23597 23609 I art     : Starting a blocking GC Explicit
08-04 19:03:19.774 23377 23377 I ServiceManager: Waiting for service AtCmdFwd...
08-04 19:03:19.784 23597 23609 I art     : Explicit concurrent mark sweep GC freed 28(1024B) AllocSpace objects, 0(0B) LOS objects, 34% free, 30MB/46MB, paused 517us total 53.820ms
08-04 19:03:19.804 23597 23609 I art     : Starting a blocking GC Explicit
08-04 19:03:19.863 23597 23609 I art     : Explicit concurrent mark sweep GC freed 3(96B) AllocSpace objects, 0(0B) LOS objects, 34% free, 30MB/46MB, paused 491us total 58.393ms
08-04 19:03:19.883 23597 23609 I art     : Starting a blocking GC Explicit
08-04 19:03:19.942 23597 23609 I art     : Explicit concurrent mark sweep GC freed 3(96B) AllocSpace objects, 0(0B) LOS objects, 34% free, 30MB/46MB, paused 509us total 58.788ms
08-04 19:03:19.962 23597 23609 I art     : Starting a blocking GC Explicit
08-04 19:03:20.022 23597 23609 I art     : Explicit concurrent mark sweep GC freed 3(96B) AllocSpace objects, 0(0B) LOS objects, 34% free, 30MB/46MB, paused 504us total 58.863ms
08-04 19:03:20.211 24343 24343 D AndroidRuntime: >>>>>> START com.android.internal.os.RuntimeInit uid 2000 <<<<<<
08-04 19:03:20.218 24343 24343 D AndroidRuntime: CheckJNI is OFF
08-04 19:03:20.260 24343 24343 D ICU     : No timezone override file found: /data/misc/zoneinfo/current/icu/icu_tzdata.dat
08-04 19:03:20.302 24343 24343 I Radio-JNI: register_android_hardware_Radio DONE
08-04 19:03:20.331 24343 24343 D AndroidRuntime: Calling main entry com.android.commands.input.Input
08-04 19:03:20.333 24343 24343 I Input   : injectKeyEvent: KeyEvent { action=ACTION_DOWN, keyCode=KEYCODE_BACK, scanCode=0, metaState=0, flags=0x0, repeatCount=0, eventTime=731016746, downTime=731016746, deviceId=-1, source=0x101 }
08-04 19:03:20.339 24343 24343 I Input   : injectKeyEvent: KeyEvent { action=ACTION_UP, keyCode=KEYCODE_BACK, scanCode=0, metaState=0, flags=0x0, repeatCount=0, eventTime=731016746, downTime=731016746, deviceId=-1, source=0x101 }
08-04 19:03:20.344 24343 24343 D AndroidRuntime: Shutting down VM
08-04 19:03:20.344 23597 23597 D NappaLifecycleObserver: nappatfpr.org.quantumbadger.redreader.activities.CommentListingActivity - onPause
08-04 19:03:20.344 23597 23597 D Nappa   : Stayed on nappatfpr.org.quantumbadger.redreader.activities.CommentListingActivity for 4651 ms
08-04 19:03:20.351 23597 23959 I art     : Starting a blocking GC Explicit
08-04 19:03:20.351 23597 23597 D NappaLifecycleObserver: nappatfpr.org.quantumbadger.redreader.activities.PostListingActivity - onResume
08-04 19:03:20.352 23597 23597 D Nappa   : setCurrentActivity - MetricStrategyAccuracy - 
08-04 19:03:20.352 23597 23597 D Nappa   : madePredictionFromActivity = true, 
08-04 19:03:20.352 23597 23597 D Nappa   : fromActivity = nappatfpr.org.quantumbadger.redreader.activities.CommentListingActivity, 
08-04 19:03:20.352 23597 23597 D Nappa   : predictedNextActivityFromActivity = [], 
