08-04 19:03:45.733 23597 23597 D NappaLifecycleObserver: F1_SCORE - Intercept list (5)= [https://oauth.reddit.com/r/askscience/about.json, https://oauth.reddit.com/r/askscience/hot/.json, https://oauth.reddit.com/comments/gvc7k9/.json?sort=confidence, https://oauth.reddit.com/comments/hwnhe2/.json?sort=confidence, https://oauth.reddit.com/comments/hza888/.json?sort=confidence]
08-04 19:03:45.733 23597 23597 D NappaLifecycleObserver: F1_SCORE - Prefetch list (0)= []
08-04 19:03:45.733 23597 23597 D NappaLifecycleObserver: F1_SCORE - TP list (0)= []
08-04 19:03:45.733 23597 23597 D NappaLifecycleObserver: F1_SCORE - FN list (5)= [https://oauth.reddit.com/r/askscience/about.json, https://oauth.reddit.com/r/askscience/hot/.json, https://oauth.reddit.com/comments/gvc7k9/.json?sort=confidence, https://oauth.reddit.com/comments/hwnhe2/.json?sort=confidence, https://oauth.reddit.com/comments/hza888/.json?sort=confidence]
08-04 19:03:45.734 23597 23597 I NAPPA_EXPERIMENTATION: MetricPrefetchingAccuracy: LOG_ID='10',F1_SCORE_1='0.0',F1_SCORE_2='0.0',TRUE_POSITIVE='0',FALSE_POSITIVE='0',FALSE_NEGATIVE='5',
08-04 19:03:45.778 23377 23377 I ServiceManager: Waiting for service AtCmdFwd...
08-04 19:03:45.972 23597 23959 I art     : Starting a blocking GC Explicit
08-04 19:03:46.047 23597 23959 I art     : Explicit concurrent mark sweep GC freed 1688(111KB) AllocSpace objects, 1(20KB) LOS objects, 34% free, 30MB/46MB, paused 514us total 73.971ms
08-04 19:03:46.071 23597 23959 I art     : Starting a blocking GC Explicit
08-04 19:03:46.115 23597 23959 I art     : Explicit concurrent mark sweep GC freed 46801(2MB) AllocSpace objects, 5(140KB) LOS objects, 36% free, 27MB/43MB, paused 455us total 43.362ms
08-04 19:03:46.133 23597 23959 I art     : Starting a blocking GC Explicit
08-04 19:03:46.170 23597 23959 I art     : Explicit concurrent mark sweep GC freed 3(96B) AllocSpace objects, 0(0B) LOS objects, 36% free, 27MB/43MB, paused 445us total 36.987ms
08-04 19:03:46.188 23597 23959 I art     : Starting a blocking GC Explicit
08-04 19:03:46.229 23597 23959 I art     : Explicit concurrent mark sweep GC freed 3(96B) AllocSpace objects, 0(0B) LOS objects, 36% free, 27MB/43MB, paused 448us total 40.219ms
08-04 19:03:46.246 23597 23959 I art     : Starting a blocking GC Explicit
08-04 19:03:46.262   918  3261 D WifiStateMachine: starting scan for "H369AA63323"WPA_PSK with 2412,5180
08-04 19:03:46.287 23597 23959 I art     : Explicit concurrent mark sweep GC freed 3(96B) AllocSpace objects, 0(0B) LOS objects, 36% free, 27MB/43MB, paused 505us total 40.412ms
08-04 19:03:46.597 23597 23703 I art     : Starting a blocking GC Explicit
08-04 19:03:46.641 23597 23703 I art     : Explicit concurrent mark sweep GC freed 1548(92KB) AllocSpace objects, 1(20KB) LOS objects, 36% free, 27MB/43MB, paused 484us total 43.471ms
08-04 19:03:46.665 23597 23703 I art     : Starting a blocking GC Explicit
08-04 19:03:46.704 23597 23703 I art     : Explicit concurrent mark sweep GC freed 28(1024B) AllocSpace objects, 0(0B) LOS objects, 36% free, 27MB/43MB, paused 458us total 38.006ms
08-04 19:03:46.721 23597 23703 I art     : Starting a blocking GC Explicit
08-04 19:03:46.759 23597 23703 I art     : Explicit concurrent mark sweep GC freed 3(96B) AllocSpace objects, 0(0B) LOS objects, 36% free, 27MB/43MB, paused 459us total 38.219ms
08-04 19:03:46.776 23597 23703 I art     : Starting a blocking GC Explicit
08-04 19:03:46.778 23377 23377 I ServiceManager: Waiting for service AtCmdFwd...
08-04 19:03:46.816 23597 23703 I art     : Explicit concurrent mark sweep GC freed 3(96B) AllocSpace objects, 0(0B) LOS objects, 36% free, 27MB/43MB, paused 462us total 38.930ms
08-04 19:03:46.833 23597 23703 I art     : Starting a blocking GC Explicit
08-04 19:03:46.872 23597 23703 I art     : Explicit concurrent mark sweep GC freed 3(96B) AllocSpace objects, 0(0B) LOS objects, 36% free, 27MB/43MB, paused 456us total 38.816ms
08-04 19:03:47.079 24980 24980 D AndroidRuntime: >>>>>> START com.android.internal.os.RuntimeInit uid 2000 <<<<<<
08-04 19:03:47.086 24980 24980 D AndroidRuntime: CheckJNI is OFF
08-04 19:03:47.128 24980 24980 D ICU     : No timezone override file found: /data/misc/zoneinfo/current/icu/icu_tzdata.dat
08-04 19:03:47.170 24980 24980 I Radio-JNI: register_android_hardware_Radio DONE
08-04 19:03:47.178 23597 23610 I art     : Starting a blocking GC Explicit
08-04 19:03:47.199 24980 24980 D AndroidRuntime: Calling main entry com.android.commands.input.Input
08-04 19:03:47.201 24980 24980 I Input   : injectKeyEvent: KeyEvent { action=ACTION_DOWN, keyCode=KEYCODE_BACK, scanCode=0, metaState=0, flags=0x0, repeatCount=0, eventTime=731043614, downTime=731043614, deviceId=-1, source=0x101 }
08-04 19:03:47.208 24980 24980 I Input   : injectKeyEvent: KeyEvent { action=ACTION_UP, keyCode=KEYCODE_BACK, scanCode=0, metaState=0, flags=0x0, repeatCount=0, eventTime=731043614, downTime=731043614, deviceId=-1, source=0x101 }
08-04 19:03:47.213 23597 23597 D NappaLifecycleObserver: nappatfpr.org.quantumbadger.redreader.activities.PostListingActivity - onPause
08-04 19:03:47.214 23597 23597 D Nappa   : Stayed on nappatfpr.org.quantumbadger.redreader.activities.PostListingActivity for 1818 ms
08-04 19:03:47.214 24980 24980 D AndroidRuntime: Shutting down VM
08-04 19:03:47.220 23597 23610 I art     : Explicit concurrent mark sweep GC freed 1580(94KB) AllocSpace objects, 1(20KB) LOS objects, 36% free, 27MB/43MB, paused 496us total 41.850ms
08-04 19:03:47.228 23597 23597 D NappaLifecycleObserver: nappatfpr.org.quantumbadger.redreader.activities.MainActivity - onResume
08-04 19:03:47.229 23597 23597 D Nappa   : setCurrentActivity - MetricStrategyAccuracy - 
08-04 19:03:47.229 23597 23597 D Nappa   : madePredictionFromActivity = false, 
08-04 19:03:47.229 23597 23597 D Nappa   : fromActivity = nappatfpr.org.quantumbadger.redreader.activities.PostListingActivity, 
08-04 19:03:47.229 23597 23597 D Nappa   : predictedNextActivityFromActivity = [], 
08-04 19:03:47.229 23597 23597 D Nappa   : activity.getClass().getCanonicalName() = nappatfpr.org.quantumbadger.redreader.activities.MainActivity, 
08-04 19:03:47.229 23597 23597 D Nappa   : setCurrentActivity - MetricStrategyAccuracy - 
08-04 19:03:47.229 23597 23597 D Nappa   : madePredictionFromExtra = false, 
08-04 19:03:47.229 23597 23597 D Nappa   : fromActivity = nappatfpr.org.quantumbadger.redreader.activities.PostListingActivity, 
08-04 19:03:47.229 23597 23597 D Nappa   : predictedNextActivityFromExtra = [], 
08-04 19:03:47.229 23597 23597 D Nappa   : activity.getClass().getCanonicalName() = nappatfpr.org.quantumbadger.redreader.activities.MainActivity, 
08-04 19:03:47.229 23597 23597 D Nappa   : PREFETCH_ON_EXTRA - setCurrentActivity - logs - from activity - made prediction isfalse
08-04 19:03:47.239 23597 23610 I art     : Starting a blocking GC Explicit
08-04 19:03:47.274 23597 23610 I art     : Explicit concurrent mark sweep GC freed 158(13KB) AllocSpace objects, 0(0B) LOS objects, 36% free, 27MB/43MB, paused 488us total 34.805ms
08-04 19:03:47.291 23597 23610 I art     : Starting a blocking GC Explicit
08-04 19:03:47.330 23597 23597 D Nappa   : registerActivity: (already in) nappatfpr.org.quantumbadger.redreader.activities.MainActivity
08-04 19:03:47.330 23597 23597 D ActivityGraph: LARDataCalculatedUpdate nappatfpr.org.quantumbadger.redreader.activities.MainActivity Pagerank: 0.25 HITS-Authority: 1.0 HITS-Hub: 1.0 SALSA-Authority: 1.0 SALSA-Hub: 1.0
08-04 19:03:47.330 23597 23597 D Nappa   : SHOULD_PREFETCH false
08-04 19:03:47.330 23597 23597 D Nappa   : STATS Number of requests not prefetched: 6
08-04 19:03:47.330 23597 23597 D Nappa   : STATS Number of requests prefetched: 0
08-04 19:03:47.330 23597 23597 D Nappa   : STATS Time saved until now: 0.0
08-04 19:03:47.330 23597 23610 I art     : Explicit concurrent mark sweep GC freed 17(624B) AllocSpace objects, 0(0B) LOS objects, 36% free, 27MB/43MB, paused 540us total 38.999ms
08-04 19:03:47.353 23597 23610 I art     : Starting a blocking GC Explicit
08-04 19:03:47.360 13866 13866 I GoogleInputMethodServic: GoogleInputMethodService.onFinishInput():3138 
08-04 19:03:47.360 23597 23597 D ActivityNode: Observer - visit time - PostListingActivity - New aggregate visit time found is 243501 ms
08-04 19:03:47.360 23597 23597 D ActivityNode: Observer - successor visit time - PostListingActivity - Updating the visit time from the successors list:
08-04 19:03:47.360 23597 23597 D ActivityNode: [AggregateVisitTimeByActivity{nappatfpr.org.quantumbadger.redreader.activities.CommentListingActivity : 202994 ms}, AggregateVisitTimeByActivity{nappatfpr.org.quantumbadger.redreader.activities.WebViewActivity : 70915 ms}, AggregateVisitTimeByActivity{nappatfpr.org.quantumbadger.redreader.activities.ImageViewActivity : 4749 ms}]
08-04 19:03:47.360 23597 23597 D ActivityNode: Observer - successor visit time - MainActivity - Updating the visit time from the successors list:
08-04 19:03:47.360 23597 23597 D ActivityNode: [AggregateVisitTimeByActivity{nappatfpr.org.quantumbadger.redreader.activities.PostListingActivity : 139907 ms}]
08-04 19:03:47.361 23597 23597 D ActivityNode: Observer - successor visit time - ImageViewActivity - Updating the visit time from the successors list:
08-04 19:03:47.361 23597 23597 D ActivityNode: [AggregateVisitTimeByActivity{nappatfpr.org.quantumbadger.redreader.activities.WebViewActivity : 20735 ms}]
08-04 19:03:47.361 13866 13866 I GoogleInputMethodServic: GoogleInputMethodService.onStartInput():1808 
08-04 19:03:47.388 23597 23610 I art     : Explicit concurrent mark sweep GC freed 404(31KB) AllocSpace objects, 0(0B) LOS objects, 36% free, 27MB/43MB, paused 433us total 34.174ms
08-04 19:03:47.404 23597 23610 I art     : Starting a blocking GC Explicit
08-04 19:03:47.439 23597 23610 I art     : Explicit concurrent mark sweep GC freed 230(8KB) AllocSpace objects, 0(0B) LOS objects, 36% free, 27MB/43MB, paused 488us total 34.615ms
08-04 19:03:47.462   518   646 I ThermalEngine: ACTION: GPU - Setting GPU[0] to 510000000
08-04 19:03:47.629 23597 23620 D Nappa   : PREFETCH_ON_EXTRA - setCurrentActivity - logs - from extra - made prediction isfalse
08-04 19:03:47.668 23597 23597 D NappaLifecycleObserver: nappatfpr.org.quantumbadger.redreader.activities.PostListingActivity - onDestroy
08-04 19:03:47.669 23597 23597 D NappaLifecycleObserver: -------------F1_SCORE #10 -----------
08-04 19:03:47.669 23597 23597 D NappaLifecycleObserver: F1_SCORE - Intercept list (5)= [https://oauth.reddit.com/r/askscience/about.json, https://oauth.reddit.com/r/askscience/hot/.json, https://oauth.reddit.com/comments/gvc7k9/.json?sort=confidence, https://oauth.reddit.com/comments/hwnhe2/.json?sort=confidence, https://oauth.reddit.com/comments/hza888/.json?sort=confidence]
08-04 19:03:47.669 23597 23597 D NappaLifecycleObserver: F1_SCORE - Prefetch list (0)= []
08-04 19:03:47.669 23597 23597 D NappaLifecycleObserver: F1_SCORE - TP list (0)= []
08-04 19:03:47.669 23597 23597 D NappaLifecycleObserver: F1_SCORE - FN list (5)= [https://oauth.reddit.com/r/askscience/about.json, https://oauth.reddit.com/r/askscience/hot/.json, https://oauth.reddit.com/comments/gvc7k9/.json?sort=confidence, https://oauth.reddit.com/comments/hwnhe2/.json?sort=confidence, https://oauth.reddit.com/comments/hza888/.json?sort=confidence]
08-04 19:03:47.669 23597 23597 I NAPPA_EXPERIMENTATION: MetricPrefetchingAccuracy: LOG_ID='11',F1_SCORE_1='0.0',F1_SCORE_2='0.0',TRUE_POSITIVE='0',FALSE_POSITIVE='0',FALSE_NEGATIVE='5',
08-04 19:03:47.721 23597 23609 I art     : Starting a blocking GC Explicit
08-04 19:03:47.763 23597 23609 I art     : Explicit concurrent mark sweep GC freed 1702(116KB) AllocSpace objects, 1(20KB) LOS objects, 36% free, 27MB/43MB, paused 468us total 40.853ms
08-04 19:03:47.779 23377 23377 W Atfwd_Sendcmd: AtCmdFwd service not published, waiting... retryCnt : 5
08-04 19:03:47.780 23597 23609 I art     : Starting a blocking GC Explicit
08-04 19:03:47.819 23597 23609 I art     : Explicit concurrent mark sweep GC freed 158(7KB) AllocSpace objects, 0(0B) LOS objects, 36% free, 27MB/43MB, paused 475us total 39.249ms
08-04 19:03:47.837 23597 23609 I art     : Starting a blocking GC Explicit
08-04 19:03:47.879 23597 23609 I art     : Explicit concurrent mark sweep GC freed 3(96B) AllocSpace objects, 0(0B) LOS objects, 36% free, 27MB/43MB, paused 481us total 41.238ms
08-04 19:03:47.896 23597 23609 I art     : Starting a blocking GC Explicit
08-04 19:03:47.938 23597 23609 I art     : Explicit concurrent mark sweep GC freed 3(96B) AllocSpace objects, 0(0B) LOS objects, 36% free, 27MB/43MB, paused 492us total 40.953ms
08-04 19:03:47.955 23597 23609 I art     : Starting a blocking GC Explicit
08-04 19:03:47.997 23597 23609 I art     : Explicit concurrent mark sweep GC freed 3(96B) AllocSpace objects, 0(0B) LOS objects, 36% free, 27MB/43MB, paused 469us total 41.871ms
08-04 19:03:48.289 23597 23959 I art     : Starting a blocking GC Explicit
08-04 19:03:48.339 23597 23959 I art     : Explicit concurrent mark sweep GC freed 1552(96KB) AllocSpace objects, 1(20KB) LOS objects, 36% free, 27MB/43MB, paused 544us total 49.809ms
08-04 19:03:48.360 23597 23959 I art     : Starting a blocking GC Explicit
08-04 19:03:48.402 23597 23959 I art     : Explicit concurrent mark sweep GC freed 28(1024B) AllocSpace objects, 0(0B) LOS objects, 36% free, 27MB/43MB, paused 480us total 41.522ms
08-04 19:03:48.420 23597 23959 I art     : Starting a blocking GC Explicit
08-04 19:03:48.460 23597 23959 I art     : Explicit concurrent mark sweep GC freed 3(96B) AllocSpace objects, 0(0B) LOS objects, 36% free, 27MB/43MB, paused 452us total 40.154ms
08-04 19:03:48.467   518   646 I ThermalEngine: ACTION: GPU - Setting GPU[0] to 450000000
08-04 19:03:48.489 23597 23959 I art     : Starting a blocking GC Explicit
08-04 19:03:48.527 23597 23959 I art     : Explicit concurrent mark sweep GC freed 3(96B) AllocSpace objects, 0(0B) LOS objects, 36% free, 27MB/43MB, paused 475us total 37.696ms
08-04 19:03:48.544 23597 23959 I art     : Starting a blocking GC Explicit
08-04 19:03:48.584 23597 23959 I art     : Explicit concurrent mark sweep GC freed 3(96B) AllocSpace objects, 0(0B) LOS objects, 36% free, 27MB/43MB, paused 458us total 39.057ms
08-04 19:03:48.867 23597 23703 I art     : Starting a blocking GC Explicit
08-04 19:03:48.918 23597 23703 I art     : Explicit concurrent mark sweep GC freed 1546(92KB) AllocSpace objects, 1(20KB) LOS objects, 36% free, 27MB/43MB, paused 535us total 50.240ms
08-04 19:03:48.940 23597 23703 I art     : Starting a blocking GC Explicit
08-04 19:03:48.982 23597 23703 I art     : Explicit concurrent mark sweep GC freed 28(1024B) AllocSpace objects, 0(0B) LOS objects, 36% free, 27MB/43MB, paused 491us total 42.114ms
08-04 19:03:49.000 23597 23703 I art     : Starting a blocking GC Explicit
08-04 19:03:49.017 25028 25028 D AndroidRuntime: >>>>>> START com.android.internal.os.RuntimeInit uid 2000 <<<<<<
08-04 19:03:49.023 25028 25028 D AndroidRuntime: CheckJNI is OFF
08-04 19:03:49.042 23597 23703 I art     : Explicit concurrent mark sweep GC freed 3(96B) AllocSpace objects, 0(0B) LOS objects, 36% free, 27MB/43MB, paused 490us total 42.271ms
08-04 19:03:49.060 23597 23703 I art     : Starting a blocking GC Explicit
08-04 19:03:49.070 25028 25028 D ICU     : No timezone override file found: /data/misc/zoneinfo/current/icu/icu_tzdata.dat
08-04 19:03:49.101 23597 23703 I art     : Explicit concurrent mark sweep GC freed 3(96B) AllocSpace objects, 0(0B) LOS objects, 36% free, 27MB/43MB, paused 513us total 40.789ms
08-04 19:03:49.114 25028 25028 I Radio-JNI: register_android_hardware_Radio DONE
08-04 19:03:49.118 23597 23703 I art     : Starting a blocking GC Explicit
08-04 19:03:49.144 25028 25028 D AndroidRuntime: Calling main entry com.android.commands.input.Input
08-04 19:03:49.146 25028 25028 I Input   : injectMotionEvent: MotionEvent { action=ACTION_DOWN, actionButton=0, id[0]=0, x[0]=600.0, y[0]=1536.0, toolType[0]=TOOL_TYPE_UNKNOWN, buttonState=0, metaState=0, flags=0x0, edgeFlags=0x0, pointerCount=1, historySize=0, eventTime=731045558, downTime=731045558, deviceId=0, source=0x1002 }
08-04 19:03:49.152 25028 25028 I Input   : injectMotionEvent: MotionEvent { action=ACTION_UP, actionButton=0, id[0]=0, x[0]=600.0, y[0]=1536.0, toolType[0]=TOOL_TYPE_UNKNOWN, buttonState=0, metaState=0, flags=0x0, edgeFlags=0x0, pointerCount=1, historySize=0, eventTime=731045558, downTime=731045558, deviceId=0, source=0x1002 }
08-04 19:03:49.155 25028 25028 D AndroidRuntime: Shutting down VM
08-04 19:03:49.159 23597 23703 I art     : Explicit concurrent mark sweep GC freed 6(192B) AllocSpace objects, 0(0B) LOS objects, 36% free, 27MB/43MB, paused 518us total 40.682ms
08-04 19:03:49.171 23597 23597 D NappaIntentExtras: ==================
08-04 19:03:49.171 23597 23597 D NappaIntentExtras: Log #8
08-04 19:03:49.172 23597 23597 D NappaIntentExtras: ------------------
08-04 19:03:49.172 23597 23597 D NappaIntentExtras: activity nappatfpr.org.quantumbadger.redreader.activities.ImageViewActivity
08-04 19:03:49.172 23597 23597 D NappaIntentExtras: 	- No extras registered
08-04 19:03:49.172 23597 23597 D NappaIntentExtras: activity nappatfpr.org.quantumbadger.redreader.activities.CommentListingActivity
08-04 19:03:49.172 23597 23597 D NappaIntentExtras: 	- No extras registered
08-04 19:03:49.172 23597 23597 D NappaIntentExtras: activity nappatfpr.org.quantumbadger.redreader.activities.PostListingActivity
08-04 19:03:49.172 23597 23597 D NappaIntentExtras: 	- No extras registered
08-04 19:03:49.172 23597 23597 D NappaIntentExtras: activity nappatfpr.org.quantumbadger.redreader.activities.MainActivity
08-04 19:03:49.172 23597 23597 D NappaIntentExtras: 	- No extras registered
08-04 19:03:49.172 23597 23597 D NappaIntentExtras: activity nappatfpr.org.quantumbadger.redreader.activities.WebViewActivity
08-04 19:03:49.172 23597 23597 D NappaIntentExtras: 	- No extras registered
08-04 19:03:49.172 23597 23597 D NappaIntentExtras: ==================
08-04 19:03:49.173   918  4413 I ActivityManager: START u0 {dat=https://oauth.reddit.com/... cmp=nappatfpr.org.quantumbadger.redreader/.activities.PostListingActivity} from uid 10664 on display 0
08-04 19:03:49.173   512  2967 D audio_hw_primary: out_set_parameters: enter: usecase(1: low-latency-playback) kvpairs: routing=2
08-04 19:03:49.183 23597 23597 D NappaLifecycleObserver: nappatfpr.org.quantumbadger.redreader.activities.MainActivity - onPause
08-04 19:03:49.183 23597 23597 D Nappa   : Stayed on nappatfpr.org.quantumbadger.redreader.activities.MainActivity for 1853 ms
08-04 19:03:49.187   512  2967 D audio_hw_primary: select_devices: out_snd_device(2: speaker) in_snd_device(0: none)
08-04 19:03:49.187   512  2967 D msm8974_platform: platform_send_audio_calibration: sending audio calibration for snd_device(2) acdb_id(15)
08-04 19:03:49.187   512  2967 I soundtrigger: audio_extn_sound_trigger_update_device_status: device 0x2 of type 0 for Event 1
08-04 19:03:49.197   512  2967 D audio_hw_primary: enable_snd_device: snd_device(2: speaker)
08-04 19:03:49.199 23597 23597 I AppCompatViewInflater: app:theme is now deprecated. Please move to using android:theme instead.
08-04 19:03:49.200   512  2967 D audio_hw_primary: enable_audio_route: apply and update mixer path: low-latency-playback speaker
08-04 19:03:49.215 23597 23597 D NappaLifecycleObserver: nappatfpr.org.quantumbadger.redreader.activities.PostListingActivity - onResume
08-04 19:03:49.215 23597 23597 D Nappa   : setCurrentActivity - MetricStrategyAccuracy - 
08-04 19:03:49.215 23597 23597 D Nappa   : madePredictionFromActivity = false, 
08-04 19:03:49.215 23597 23597 D Nappa   : fromActivity = nappatfpr.org.quantumbadger.redreader.activities.MainActivity, 
08-04 19:03:49.215 23597 23597 D Nappa   : predictedNextActivityFromActivity = [], 
08-04 19:03:49.215 23597 23597 D Nappa   : activity.getClass().getCanonicalName() = nappatfpr.org.quantumbadger.redreader.activities.PostListingActivity, 
08-04 19:03:49.215 23597 23597 D Nappa   : setCurrentActivity - MetricStrategyAccuracy - 
08-04 19:03:49.215 23597 23597 D Nappa   : madePredictionFromExtra = false, 
08-04 19:03:49.215 23597 23597 D Nappa   : fromActivity = nappatfpr.org.quantumbadger.redreader.activities.MainActivity, 
08-04 19:03:49.215 23597 23597 D Nappa   : predictedNextActivityFromExtra = [], 
08-04 19:03:49.215 23597 23597 D Nappa   : activity.getClass().getCanonicalName() = nappatfpr.org.quantumbadger.redreader.activities.PostListingActivity, 
08-04 19:03:49.215 23597 23597 D Nappa   : PREFETCH_ON_EXTRA - setCurrentActivity - logs - from activity - made prediction isfalse
08-04 19:03:49.221 23597 25053 D OK      : calling: https://oauth.reddit.com/r/askscience/about.json
08-04 19:03:49.221 23597 25053 D CustomInterceptor: NETWORK-PROVIDER https://oauth.reddit.com/r/askscience/about.json
08-04 19:03:49.221 23597 25053 D Nappa   : F1_SCORE add_intercept_url - (already in) - https://oauth.reddit.com/r/askscience/about.json
08-04 19:03:49.221 23597 25053 D Nappa   : F1_SCORE add_fn_url - (already in) - https://oauth.reddit.com/r/askscience/about.json
08-04 19:03:49.222 23597 25053 D Nappa   : -------------F1_SCORE #11 -----------
08-04 19:03:49.222 23597 25053 D Nappa   : F1_SCORE - Intercept list (5)= [https://oauth.reddit.com/r/askscience/about.json, https://oauth.reddit.com/r/askscience/hot/.json, https://oauth.reddit.com/comments/gvc7k9/.json?sort=confidence, https://oauth.reddit.com/comments/hwnhe2/.json?sort=confidence, https://oauth.reddit.com/comments/hza888/.json?sort=confidence]
08-04 19:03:49.222 23597 25053 D Nappa   : F1_SCORE - Prefetch list (0)= []
08-04 19:03:49.222 23597 25053 D Nappa   : F1_SCORE - TP list (0)= []
08-04 19:03:49.222 23597 25053 D Nappa   : F1_SCORE - FN list (5)= [https://oauth.reddit.com/r/askscience/about.json, https://oauth.reddit.com/r/askscience/hot/.json, https://oauth.reddit.com/comments/gvc7k9/.json?sort=confidence, https://oauth.reddit.com/comments/hwnhe2/.json?sort=confidence, https://oauth.reddit.com/comments/hza888/.json?sort=confidence]
08-04 19:03:49.222 23597 25053 I NAPPA_EXPERIMENTATION: MetricPrefetchingAccuracy: LOG_ID='12',F1_SCORE_1='0.0',F1_SCORE_2='0.0',TRUE_POSITIVE='0',FALSE_POSITIVE='0',FALSE_NEGATIVE='5',
08-04 19:03:49.222 23597 25053 D CustomInterceptor: HEADER REQUEST
08-04 19:03:49.222 23597 25053 D CustomInterceptor: Authorization bearer -vv7wE75CCVZuUmgJJFxR34x-bqc
08-04 19:03:49.222 23597 25053 D CustomInterceptor: Cache-Control max-age=300, max-stale=300
08-04 19:03:49.222 23597 25053 D CustomInterceptor: User-Agent nappatfpr.org.quantumbadger.redreader/1.9.10
08-04 19:03:49.222 23597 25053 D CustomInterceptor: CACHED STATS: size = '5', maxSize = '100', hitCount = '5', createCount = '0', putCount = '5', evictionCount = '0', missCount = '6', toString = 'LruCache[maxSize=100,hits=5,misses=6,hitRate=45%]', 
08-04 19:03:49.222 23597 25053 D CustomInterceptor: PREFLIB GET REQUEST https://oauth.reddit.com/r/askscience/about.json
08-04 19:03:49.223 23597 25053 D CustomInterceptor: PREFLIB found https://oauth.reddit.com/r/askscience/about.json, sending it back
08-04 19:03:49.223 23597 25053 D CustomInterceptor: CONTENT {"kind": "t5", "data": {"user_flair_background_color": null, "submit_text_html": "&lt;!-- SC_OFF --&gt;&lt;div class=\"md\"&gt;&lt;h2&gt;Please state your question succinctly in the title and include a question mark.&lt;/h2&gt;\n\n&lt;h2&gt;All submissions are placed in the spam filter for moderator review, so please be patient.&lt;/h2&gt;\n\n&lt;h2&gt;Is the answer to your question a number? Then you most likely want to post to &lt;a href=\"/r/estimation\"&gt;/r/estimation&lt;/a&gt; or &lt;a href=\"/r/theydidthemath\"&gt;/r/theydidthemath&lt;/a&gt;&lt;/h2&gt;\n\n&lt;h1&gt;&lt;a href=\"http://www.reddit.com/r/askscience/wiki/index#wiki_asking_askscience\"&gt;Read our rules and guidelines before asking your question.&lt;/a&gt;&lt;/h1&gt;\n\n&lt;p&gt;Use the &lt;a href=\"http://www.reddit.com/r/askscience/search\"&gt;reddit search function&lt;/a&gt; and google &amp;#39;site:reddit.com&lt;a href=\"/r/askscience\"&gt;/r/askscience&lt;/a&gt;: search terms&amp;#39; before posting in order to avoid repeat questions.&lt;/p&gt;\n\n&lt;p&gt;&lt;strong&gt;Instructions for flairing your post:&lt;/strong&gt;&lt;/p&gt;\n\n&lt;p&gt;Once you click &amp;quot;submit,&amp;quot; there will be an option that is highlighted in yellow under the post that says &amp;quot;Please Click This To Categorize Your Post.&amp;quot; Once you click it, a menu will pop up and you will be able to choose what field your question falls under.&lt;/p&gt;\n\n&lt;p&gt;Thanks for asking your question in AskScience! :)&lt;/p&gt;\n&lt;/div&gt;&lt;!-- SC_ON --&gt;", "restrict_posting": true, "user_is_banned": null, "free_form_reports": true, "wiki_enabled": true, "user_is_muted": null, "user_can_flair_in_sr": null, "display_name": "askscience", "header_img": "https://a.thumbs.redditmedia.com/KtS37yyOy-MnvMyMfKgjib6M07bHEZMAUu5lCIkEF40.png", "title": "AskScience: Got Questions? Get Answers.", "allow_galleries": true, "icon_size": [256, 256], "primary_color": "#373c3f", "active_user_count": 8781, "icon_img": "https://b.thumbs.redditmedia.com/VXukRtebQAtdj6BUMLlOjCh3XnLH9_oScHxsDJ-vsio.png", "display_name_prefixed": "r/askscience", "accounts_active": 8781, "public_traffic": false, "subscribers": 19438631, "user_flair_richtext": [], "name": "t5_2qm4e", "quarantine": false, "hide_ads": false, "emojis_enabled": false, "advertiser_category": "Lifestyles", "public_description": "Ask a science question, get a science answer.", "comment_score_hide_mins": 360, "user_has_favorited": null, "user_flair_template_id": null, "community_icon": "", "banner_background_image": "https://styles.redditmedia.com/t5_2qm4e/styles/bannerBackgroundImage_ht6xxd9rylf01.png?width=4000&amp;s=50a3be97fb21f1ebe05b65d0069c12ad49e21e99", "original_content_tag_enabled": false, "submit_text": "##Please state your question succinctly in the title and include a question mark.\n\n##All submissions are placed in the spam filter for moderator review, so please be patient.\n\n##Is the answer to your question a number? Then you most likely want to post to /r/estimation or /r/theydidthemath\n\n#[Read our rules and guidelines before asking your question.](http://www.reddit.com/r/askscience/wiki/index#wiki_asking_askscience)\n\nUse the [reddit search function](http://www.reddit.com/r/askscience/search) and google 'site:reddit.com/r/askscience: search terms' before posting in order to avoid repeat questions.\n\n**Instructions for flairing your post:**\n\nOnce you click \"submit,\" there will be an option that is highlighted in yellow under the post that says \"Please Click This To Categorize Your Post.\" Once you click it, a menu will pop up and you will be able to choose what field your question falls under.\n\nThanks for asking your question in AskScience! :)", "description_html": "&lt;!-- SC_OFF --&gt;&lt;div class=\"md\"&gt;&lt;h3&gt;Please read our &lt;a href=\"http://goo.gl/NZf5gP\"&gt;&lt;strong&gt;guidelines&lt;/strong&gt;&lt;/a&gt; and &lt;a href=\"http://goo.gl/hfiJiJ\"&gt;&lt;strong&gt;FAQ&lt;/strong&gt;&lt;/a&gt; before posting&lt;/h3&gt;\n\n&lt;ul&gt;\n&lt;
08-04 19:03:49.223 23597 25053 D CustomInterceptor: interceptor_finished : return_type #2 : request served from cache
08-04 19:03:49.224 23597 25053 I NAPPA_EXPERIMENTATION: MetricNetworkRequestExecutionTime: REQUEST_DURATION_SYSTEM='3',REQUEST_DURATION_OKHTTP='0',REQUEST_SYNCHRONOUS='TRUE',RESPONSE_CODE='200',RESPONSE_METHOD='GET',RESPONSE_LENGTH_OKHTTP='19957',RESPONSE_LENGTH_HEADER='-2',REQUEST_PROTOCOL='http/1.1',REQUEST_URL='https://oauth.reddit.com/r/askscience/about.json',
08-04 19:03:49.224 23597 25053 D OK      : request got status: 200
08-04 19:03:49.315 23597 23597 D Nappa   : registerActivity: (already in) nappatfpr.org.quantumbadger.redreader.activities.PostListingActivity
08-04 19:03:49.316 23597 23597 D ActivityNode: ACTNODE UPDATING AFTER LOADING FROM DB
08-04 19:03:49.316 23597 23597 D ActivityGraph: LARDataCalculatedUpdate nappatfpr.org.quantumbadger.redreader.activities.PostListingActivity Pagerank: 0.25 HITS-Authority: 1.0 HITS-Hub: 1.0 SALSA-Authority: 1.0 SALSA-Hub: 1.0
08-04 19:03:49.316 23597 23597 D Nappa   : SHOULD_PREFETCH true
08-04 19:03:49.322 23597 23620 D Nappa   : registerActivity: (already in) nappatfpr.org.quantumbadger.redreader.activities.PostListingActivity
08-04 19:03:49.322 23597 23620 D Nappa   : PARENTS 
08-04 19:03:49.322 23597 23620 D Nappa   : Of: nappatfpr.org.quantumbadger.redreader.activities.PostListingActivity -> 
08-04 19:03:49.322 23597 23620 D Nappa   : PARENTS nappatfpr.org.quantumbadger.redreader.activities.MainActivity
08-04 19:03:49.416 23597 23597 D Nappa   : registerActivity: (already in) nappatfpr.org.quantumbadger.redreader.activities.PostListingActivity
08-04 19:03:49.417 23597 23597 D Nappa   : SUCCESSORS nappatfpr.org.quantumbadger.redreader.activities.WebViewActivity
08-04 19:03:49.417 23597 23597 D Nappa   : SUCCESSORS nappatfpr.org.quantumbadger.redreader.activities.CommentListingActivity
08-04 19:03:49.417 23597 23597 D Nappa   : SUCCESSORS nappatfpr.org.quantumbadger.redreader.activities.ImageViewActivity
08-04 19:03:49.417 23597 23597 D Nappa   : STATS Number of requests not prefetched: 6
08-04 19:03:49.417 23597 23597 D Nappa   : STATS Number of requests prefetched: 1
08-04 19:03:49.417 23597 23597 D Nappa   : STATS Time saved until now: 0.145
08-04 19:03:49.459 23597 23610 I art     : Starting a blocking GC Explicit
08-04 19:03:49.500 23597 23597 D ActivityNode: Observer - successor visit time - MainActivity - Updating the visit time from the successors list:
08-04 19:03:49.500 23597 23597 D ActivityNode: [AggregateVisitTimeByActivity{nappatfpr.org.quantumbadger.redreader.activities.PostListingActivity : 139907 ms}]
08-04 19:03:49.500 23597 23597 D ActivityNode: Observer - visit time - MainActivity - New aggregate visit time found is 75503 ms
08-04 19:03:49.500 23597 23597 D ActivityNode: Observer - successor visit time - PostListingActivity - Updating the visit time from the successors list:
08-04 19:03:49.500 23597 23597 D ActivityNode: [AggregateVisitTimeByActivity{nappatfpr.org.quantumbadger.redreader.activities.CommentListingActivity : 202994 ms}, AggregateVisitTimeByActivity{nappatfpr.org.quantumbadger.redreader.activities.WebViewActivity : 70915 ms}, AggregateVisitTimeByActivity{nappatfpr.org.quantumbadger.redreader.activities.ImageViewActivity : 4749 ms}]
08-04 19:03:49.500 23597 23610 I art     : Explicit concurrent mark sweep GC freed 4616(391KB) AllocSpace objects, 7(276KB) LOS objects, 36% free, 27MB/43MB, paused 920us total 40.633ms
08-04 19:03:49.519 23597 23610 I art     : Starting a blocking GC Explicit
08-04 19:03:49.525 23597 23597 D ActivityNode: Observer - successor visit time - ImageViewActivity - Updating the visit time from the successors list:
08-04 19:03:49.525 23597 23597 D ActivityNode: [AggregateVisitTimeByActivity{nappatfpr.org.quantumbadger.redreader.activities.WebViewActivity : 20735 ms}]
08-04 19:03:49.530   918   936 I ActivityManager: Displayed nappatfpr.org.quantumbadger.redreader/.activities.PostListingActivity: +347ms
08-04 19:03:49.531 13866 13866 I GoogleInputMethodServic: GoogleInputMethodService.onFinishInput():3138 
08-04 19:03:49.531 23597 23597 D ActivityNode: Observer - session data - sourceMainActivity
08-04 19:03:49.531 23597 23597 D ActivityNode: destinations:
08-04 19:03:49.531 23597 23597 D ActivityNode: 	nappatfpr.org.quantumbadger.redreader.activities.PostListingActivity( count 26)
08-04 19:03:49.531 23597 23597 D ActivityNode: Observer - session data - sourceCommentListingActivity
08-04 19:03:49.531 23597 23597 D ActivityNode: destinations:
08-04 19:03:49.531 23597 23597 D ActivityNode: Observer - session data - sourcePostListingActivity
08-04 19:03:49.531 23597 23597 D ActivityNode: destinations:
08-04 19:03:49.531 23597 23597 D ActivityNode: 	nappatfpr.org.quantumbadger.redreader.activities.CommentListingActivity( count 45)
08-04 19:03:49.531 23597 23597 D ActivityNode: 	nappatfpr.org.quantumbadger.redreader.activities.WebViewActivity( count 12)
08-04 19:03:49.531 23597 23597 D ActivityNode: 	nappatfpr.org.quantumbadger.redreader.activities.ImageViewActivity( count 4)
08-04 19:03:49.531 23597 23597 D ActivityNode: Observer - session data - sourceWebViewActivity
08-04 19:03:49.531 23597 23597 D ActivityNode: destinations:
08-04 19:03:49.531 23597 23597 D ActivityNode: Observer - session data - sourceImageViewActivity
08-04 19:03:49.531 23597 23597 D ActivityNode: destinations:
08-04 19:03:49.531 23597 23597 D ActivityNode: 	nappatfpr.org.quantumbadger.redreader.activities.WebViewActivity( count 4)
08-04 19:03:49.531 13866 13866 I GoogleInputMethodServic: GoogleInputMethodService.onStartInput():1808 
08-04 19:03:49.560 23597 23610 I art     : Explicit concurrent mark sweep GC freed 1477(87KB) AllocSpace objects, 0(0B) LOS objects, 36% free, 27MB/43MB, paused 517us total 40.246ms
08-04 19:03:49.579 23597 23610 I art     : Starting a blocking GC Explicit
08-04 19:03:49.615 23597 23610 I art     : Explicit concurrent mark sweep GC freed 230(13KB) AllocSpace objects, 0(0B) LOS objects, 36% free, 27MB/43MB, paused 448us total 36.006ms
08-04 19:03:49.615 23597 23620 D Nappa   : PREFETCH_ON_EXTRA - setCurrentActivity - logs - from extra - made prediction isfalse
08-04 19:03:49.633 23597 23610 I art     : Starting a blocking GC Explicit
08-04 19:03:49.676 23597 23610 I art     : Explicit concurrent mark sweep GC freed 14(1024B) AllocSpace objects, 0(0B) LOS objects, 36% free, 27MB/43MB, paused 513us total 42.164ms
08-04 19:03:49.695 23597 23610 I art     : Starting a blocking GC Explicit
08-04 19:03:49.739   512  2967 D audio_hw_primary: disable_audio_route: reset and update mixer path: low-latency-playback speaker
08-04 19:03:49.741   512  2967 D audio_hw_primary: disable_snd_device: snd_device(2: speaker)
08-04 19:03:49.743 23597 23610 I art     : Explicit concurrent mark sweep GC freed 4(128B) AllocSpace objects, 0(0B) LOS objects, 36% free, 27MB/43MB, paused 514us total 47.663ms
08-04 19:03:49.749   512  2967 I soundtrigger: audio_extn_sound_trigger_update_device_status: device 0x2 of type 0 for Event 0
08-04 19:03:49.788   380   380 W SurfaceFlinger: couldn't log to binary event log: overflow.
08-04 19:03:49.917 23597 23620 D Nappa   : PREFETCH_ON_EXTRA - setCurrentActivity - starting new prediction
08-04 19:03:49.917 23597 23620 D Nappa   : Current node - currentActivityName - nappatfpr.org.quantumbadger.redreader.activities.PostListingActivity
08-04 19:03:49.917 23597 23620 D Nappa   : Current node - activityGraph.getCurrent() - nappatfpr.org.quantumbadger.redreader.activities.PostListingActivity
08-04 19:03:49.919 23597 23620 I NAPPA_EXPERIMENTATION: MetricNappaPrefetchingStrategyExecutionTime: STRATEGY_CLASS='TfprPrefetchingStrategy',DURATION='1502761',NUMBER_OF_URLS='0',NUMBER_OF_SELECTED_CHILDREN_NODES='1',NUMBER_OF_CHILDREN_NODES='3',STRATEGY_RUN_SUCCESSFULLY='True',
08-04 19:03:49.919 23597 23620 D TfprPrefetchingStrategy: ==================================
08-04 19:03:49.919 23597 23620 D TfprPrefetchingStrategy: Starting Run #7
08-04 19:03:49.920 23597 23620 D TfprPrefetchingStrategy: ----------------------------------
08-04 19:03:49.921 23597 23620 D TfprPrefetchingStrategy: Node data PostListingActivity 
08-04 19:03:49.921 23597 23620 D TfprPrefetchingStrategy: 	Successors:
08-04 19:03:49.921 23597 23620 D TfprPrefetchingStrategy: 		WebViewActivity (0 hits)
08-04 19:03:49.921 23597 23620 D TfprPrefetchingStrategy: 		CommentListingActivity (5 hits)
08-04 19:03:49.921 23597 23620 D TfprPrefetchingStrategy: 		ImageViewActivity (0 hits)
08-04 19:03:49.921 23597 23620 D TfprPrefetchingStrategy: 	Ancestors:
08-04 19:03:49.921 23597 23620 D TfprPrefetchingStrategy: 		MainActivity (0 hits)
08-04 19:03:49.921 23597 23620 D TfprPrefetchingStrategy: 
08-04 19:03:49.921 23597 23620 D TfprPrefetchingStrategy: MetricStrategyAccuracy inc execution count7 | act = true; extra = false
08-04 19:03:49.921 23597 23620 D TfprPrefetchingStrategy: ===
08-04 19:03:49.921 23597 23620 D TfprPrefetchingStrategy: calculateVisitTimeScores
08-04 19:03:49.921 23597 23620 D TfprPrefetchingStrategy: -------- Node CommentListingActivity-----------
08-04 19:03:49.921 23597 23620 D TfprPrefetchingStrategy: tfprNode.aggregateVisitTime = 202994
08-04 19:03:49.921 23597 23620 D TfprPrefetchingStrategy: tfprNode.totalAggregateVisitTimeFromSuccessors = 0
08-04 19:03:49.921 23597 23620 D TfprPrefetchingStrategy: tfprNode.aggregateVisitTimeFromSuccessors = {}
08-04 19:03:49.921 23597 23620 D TfprPrefetchingStrategy: -------- Node ImageViewActivity-----------
08-04 19:03:49.921 23597 23620 D TfprPrefetchingStrategy: tfprNode.aggregateVisitTime = 4749
08-04 19:03:49.921 23597 23620 D TfprPrefetchingStrategy: tfprNode.totalAggregateVisitTimeFromSuccessors = 20735
08-04 19:03:49.921 23597 23620 D TfprPrefetchingStrategy: tfprNode.aggregateVisitTimeFromSuccessors = {nappatfpr.org.quantumbadger.redreader.activities.WebViewActivity=20735}
08-04 19:03:49.921 23597 23620 D TfprPrefetchingStrategy: -------- Node WebViewActivity-----------
08-04 19:03:49.922 23597 23620 D TfprPrefetchingStrategy: tfprNode.aggregateVisitTime = 91650
08-04 19:03:49.922 23597 23620 D TfprPrefetchingStrategy: tfprNode.totalAggregateVisitTimeFromSuccessors = 0
08-04 19:03:49.922 23597 23620 D TfprPrefetchingStrategy: tfprNode.aggregateVisitTimeFromSuccessors = {}
08-04 19:03:49.922 23597 23620 D TfprPrefetchingStrategy: -------- Node PostListingActivity-----------
08-04 19:03:49.922 23597 23620 D TfprPrefetchingStrategy: tfprNode.aggregateVisitTime = 243501
08-04 19:03:49.922 23597 23620 D TfprPrefetchingStrategy: tfprNode.totalAggregateVisitTimeFromSuccessors = 278658
08-04 19:03:49.922 23597 23620 D TfprPrefetchingStrategy: tfprNode.aggregateVisitTimeFromSuccessors = {nappatfpr.org.quantumbadger.redreader.activities.ImageViewActivity=4749, nappatfpr.org.quantumbadger.redreader.activities.WebViewActivity=70915, nappatfpr.org.quantumbadger.redreader.activities.CommentListingActivity=202994}
08-04 19:03:49.922 23597 23620 D TfprPrefetchingStrategy: -------- Graph -----------
08-04 19:03:49.922 23597 23620 D TfprPrefetchingStrategy: tfprGraph.aggregateVisitTimeFromSuccessors = 542894
08-04 19:03:49.922 23597 23620 D TfprPrefetchingStrategy: ===
08-04 19:03:49.922 23597 23620 D TfprPrefetchingStrategy: ===
08-04 19:03:49.922 23597 23620 D TfprPrefetchingStrategy: runTfprAlgorithm
08-04 19:03:49.922 23597 23620 D TfprPrefetchingStrategy: ------------- TFPR calculation #1 of 10 -----------
08-04 19:03:49.922 23597 23620 D TfprPrefetchingStrategy: node CommentListingActivity score = 0.3178243
08-04 19:03:49.922 23597 23620 D TfprPrefetchingStrategy: node ImageViewActivity score = 0.00743543
08-04 19:03:49.922 23597 23620 D TfprPrefetchingStrategy: node WebViewActivity score = 0.14461017
08-04 19:03:49.922 23597 23620 D TfprPrefetchingStrategy: node PostListingActivity score = 0.38124543
08-04 19:03:49.922 23597 23620 D TfprPrefetchingStrategy: ------------- TFPR calculation #2 of 10 -----------
08-04 19:03:49.922 23597 23620 D TfprPrefetchingStrategy: node CommentListingActivity score = 0.35948318
08-04 19:03:49.922 23597 23620 D TfprPrefetchingStrategy: node ImageViewActivity score = 0.00841003
08-04 19:03:49.922 23597 23620 D TfprPrefetchingStrategy: node WebViewActivity score = 0.1593097
08-04 19:03:49.922 23597 23620 D TfprPrefetchingStrategy: node PostListingActivity score = 0.38124543
08-04 19:03:49.922 23597 23620 D TfprPrefetchingStrategy: ------------- TFPR calculation #3 of 10 -----------
08-04 19:03:49.922 23597 23620 D TfprPrefetchingStrategy: node CommentListingActivity score = 0.35948318
08-04 19:03:49.922 23597 23620 D TfprPrefetchingStrategy: node ImageViewActivity score = 0.00841003
08-04 19:03:49.923 23597 23620 D TfprPrefetchingStrategy: node WebViewActivity score = 0.1593097
08-04 19:03:49.923 23597 23620 D TfprPrefetchingStrategy: node PostListingActivity score = 0.38124543
08-04 19:03:49.923 23597 23620 D TfprPrefetchingStrategy: ------------- TFPR calculation #4 of 10 -----------
08-04 19:03:49.923 23597 23620 D TfprPrefetchingStrategy: node CommentListingActivity score = 0.35948318
08-04 19:03:49.923 23597 23620 D TfprPrefetchingStrategy: node ImageViewActivity score = 0.00841003
08-04 19:03:49.923 23597 23620 D TfprPrefetchingStrategy: node WebViewActivity score = 0.1593097
08-04 19:03:49.923 23597 23620 D TfprPrefetchingStrategy: node PostListingActivity score = 0.38124543
08-04 19:03:49.923 23597 23620 D TfprPrefetchingStrategy: ------------- TFPR calculation #5 of 10 -----------
08-04 19:03:49.923 23597 23620 D TfprPrefetchingStrategy: node CommentListingActivity score = 0.35948318
08-04 19:03:49.923 23597 23620 D TfprPrefetchingStrategy: node ImageViewActivity score = 0.00841003
08-04 19:03:49.923 23597 23620 D TfprPrefetchingStrategy: node WebViewActivity score = 0.1593097
08-04 19:03:49.923 23597 23620 D TfprPrefetchingStrategy: node PostListingActivity score = 0.38124543
08-04 19:03:49.923 23597 23620 D TfprPrefetchingStrategy: ------------- TFPR calculation #6 of 10 -----------
08-04 19:03:49.923 23597 23620 D TfprPrefetchingStrategy: node CommentListingActivity score = 0.35948318
08-04 19:03:49.923 23597 23620 D TfprPrefetchingStrategy: node ImageViewActivity score = 0.00841003
08-04 19:03:49.923 23597 23620 D TfprPrefetchingStrategy: node WebViewActivity score = 0.1593097
08-04 19:03:49.923 23597 23620 D TfprPrefetchingStrategy: node PostListingActivity score = 0.38124543
08-04 19:03:49.923 23597 23620 D TfprPrefetchingStrategy: ------------- TFPR calculation #7 of 10 -----------
08-04 19:03:49.923 23597 23620 D TfprPrefetchingStrategy: node CommentListingActivity score = 0.35948318
08-04 19:03:49.923 23597 23620 D TfprPrefetchingStrategy: node ImageViewActivity score = 0.00841003
08-04 19:03:49.923 23597 23620 D TfprPrefetchingStrategy: node WebViewActivity score = 0.1593097
08-04 19:03:49.923 23597 23620 D TfprPrefetchingStrategy: node PostListingActivity score = 0.38124543
08-04 19:03:49.923 23597 23620 D TfprPrefetchingStrategy: ------------- TFPR calculation #8 of 10 -----------
08-04 19:03:49.923 23597 23620 D TfprPrefetchingStrategy: node CommentListingActivity score = 0.35948318
08-04 19:03:49.924 23597 23620 D TfprPrefetchingStrategy: node ImageViewActivity score = 0.00841003
08-04 19:03:49.924 23597 23620 D TfprPrefetchingStrategy: node WebViewActivity score = 0.1593097
08-04 19:03:49.924 23597 23620 D TfprPrefetchingStrategy: node PostListingActivity score = 0.38124543
08-04 19:03:49.924 23597 23620 D TfprPrefetchingStrategy: ------------- TFPR calculation #9 of 10 -----------
08-04 19:03:49.924 23597 23620 D TfprPrefetchingStrategy: node CommentListingActivity score = 0.35948318
08-04 19:03:49.924 23597 23620 D TfprPrefetchingStrategy: node ImageViewActivity score = 0.00841003
08-04 19:03:49.924 23597 23620 D TfprPrefetchingStrategy: node WebViewActivity score = 0.1593097
08-04 19:03:49.924 23597 23620 D TfprPrefetchingStrategy: node PostListingActivity score = 0.38124543
08-04 19:03:49.924 23597 23620 D TfprPrefetchingStrategy: ------------- TFPR calculation #10 of 10 -----------
08-04 19:03:49.924 23597 23620 D TfprPrefetchingStrategy: node CommentListingActivity score = 0.35948318
08-04 19:03:49.924 23597 23620 D TfprPrefetchingStrategy: node ImageViewActivity score = 0.00841003
08-04 19:03:49.924 23597 23620 D TfprPrefetchingStrategy: node WebViewActivity score = 0.1593097
08-04 19:03:49.924 23597 23620 D TfprPrefetchingStrategy: node PostListingActivity score = 0.38124543
08-04 19:03:49.924 23597 23620 D TfprPrefetchingStrategy: ===
08-04 19:03:49.924 23597 23620 D TfprPrefetchingStrategy: ===
08-04 19:03:49.924 23597 23620 D TfprPrefetchingStrategy: getSuccessorListSortByTfprScore
08-04 19:03:49.924 23597 23620 D TfprPrefetchingStrategy: Successors before the sort [TfprNode{WebViewActivity : TFPR = 0.1593097}, TfprNode{CommentListingActivity : TFPR = 0.35948318}, TfprNode{ImageViewActivity : TFPR = 0.00841003}]
08-04 19:03:49.924 23597 23620 D TfprPrefetchingStrategy: Successors sorted by highest to lowest score (N2 - N1 comparator) are [TfprNode{CommentListingActivity : TFPR = 0.35948318}, TfprNode{WebViewActivity : TFPR = 0.1593097}, TfprNode{ImageViewActivity : TFPR = 0.00841003}]
08-04 19:03:49.924 23597 23620 D TfprPrefetchingStrategy: Selected the following nodes:
08-04 19:03:49.924 23597 23620 D TfprPrefetchingStrategy: #1 - CommentListingActivity with score 0.35948318
08-04 19:03:49.924 23597 23620 D TfprPrefetchingStrategy: successors with high score = [CommentListingActivity 
08-04 19:03:49.924 23597 23620 D TfprPrefetchingStrategy: 	Successors:
08-04 19:03:49.924 23597 23620 D TfprPrefetchingStrategy: 
08-04 19:03:49.924 23597 23620 D TfprPrefetchingStrategy: 	Ancestors:
08-04 19:03:49.924 23597 23620 D TfprPrefetchingStrategy: 		PostListingActivity (0 hits)
08-04 19:03:49.924 23597 23620 D TfprPrefetchingStrategy: 
08-04 19:03:49.924 23597 23620 D TfprPrefetchingStrategy: ]
08-04 19:03:49.924 23597 23620 D TfprPrefetchingStrategy: ===
08-04 19:03:49.924 23597 23620 D TfprPrefetchingStrategy: Selected node CommentListingActivity containing the URLS []
08-04 19:03:49.925 23597 23620 D TfprPrefetchingStrategy: Next visited child will be [nappatfpr.org.quantumbadger.redreader.activities.CommentListingActivity]
08-04 19:03:49.925 23597 23620 D TfprPrefetchingStrategy: ==================================
08-04 19:03:49.925 23597 23620 D Nappa   : PREFETCH_ON_EXTRA - setCurrentActivity - finished new prediction
08-04 19:03:50.055 23597 23610 I art     : Starting a blocking GC Explicit
08-04 19:03:50.097 23597 23610 I art     : Explicit concurrent mark sweep GC freed 2710(166KB) AllocSpace objects, 1(20KB) LOS objects, 36% free, 27MB/43MB, paused 524us total 42.395ms
08-04 19:03:50.116 23597 23610 I art     : Starting a blocking GC Explicit
08-04 19:03:50.155 23597 23610 I art     : Explicit concurrent mark sweep GC freed 28(1024B) AllocSpace objects, 0(0B) LOS objects, 36% free, 27MB/43MB, paused 740us total 39.563ms
08-04 19:03:50.173 23597 23610 I art     : Starting a blocking GC Explicit
08-04 19:03:50.214 23597 23610 I art     : Explicit concurrent mark sweep GC freed 3(96B) AllocSpace objects, 0(0B) LOS objects, 36% free, 27MB/43MB, paused 483us total 40.414ms
08-04 19:03:50.231 23597 23610 I art     : Starting a blocking GC Explicit
08-04 19:03:50.271 23597 23610 I art     : Explicit concurrent mark sweep GC freed 3(96B) AllocSpace objects, 0(0B) LOS objects, 36% free, 27MB/43MB, paused 450us total 39.734ms
08-04 19:03:50.289 23597 23610 I art     : Starting a blocking GC Explicit
08-04 19:03:50.328 23597 23610 I art     : Explicit concurrent mark sweep GC freed 3(96B) AllocSpace objects, 0(0B) LOS objects, 36% free, 27MB/43MB, paused 500us total 39.217ms
08-04 19:03:50.423 23597 25075 D OK      : calling: https://oauth.reddit.com/r/askscience/hot/.json
08-04 19:03:50.423 23597 25075 D CustomInterceptor: NETWORK-PROVIDER https://oauth.reddit.com/r/askscience/hot/.json
08-04 19:03:50.423 23597 25075 D Nappa   : F1_SCORE add_intercept_url - (already in) - https://oauth.reddit.com/r/askscience/hot/.json
08-04 19:03:50.423 23597 25075 D Nappa   : F1_SCORE add_fn_url - (already in) - https://oauth.reddit.com/r/askscience/hot/.json
08-04 19:03:50.424 23597 25075 D Nappa   : -------------F1_SCORE #12 -----------
08-04 19:03:50.424 23597 25075 D Nappa   : F1_SCORE - Intercept list (5)= [https://oauth.reddit.com/r/askscience/about.json, https://oauth.reddit.com/r/askscience/hot/.json, https://oauth.reddit.com/comments/gvc7k9/.json?sort=confidence, https://oauth.reddit.com/comments/hwnhe2/.json?sort=confidence, https://oauth.reddit.com/comments/hza888/.json?sort=confidence]
08-04 19:03:50.424 23597 25075 D Nappa   : F1_SCORE - Prefetch list (0)= []
08-04 19:03:50.424 23597 25075 D Nappa   : F1_SCORE - TP list (0)= []
08-04 19:03:50.424 23597 25075 D Nappa   : F1_SCORE - FN list (5)= [https://oauth.reddit.com/r/askscience/about.json, https://oauth.reddit.com/r/askscience/hot/.json, https://oauth.reddit.com/comments/gvc7k9/.json?sort=confidence, https://oauth.reddit.com/comments/hwnhe2/.json?sort=confidence, https://oauth.reddit.com/comments/hza888/.json?sort=confidence]
08-04 19:03:50.424 23597 25075 I NAPPA_EXPERIMENTATION: MetricPrefetchingAccuracy: LOG_ID='13',F1_SCORE_1='0.0',F1_SCORE_2='0.0',TRUE_POSITIVE='0',FALSE_POSITIVE='0',FALSE_NEGATIVE='5',
08-04 19:03:50.424 23597 25075 D CustomInterceptor: HEADER REQUEST
08-04 19:03:50.424 23597 25075 D CustomInterceptor: Authorization bearer -vv7wE75CCVZuUmgJJFxR34x-bqc
08-04 19:03:50.424 23597 25075 D CustomInterceptor: Cache-Control max-age=300, max-stale=300
08-04 19:03:50.424 23597 25075 D CustomInterceptor: User-Agent nappatfpr.org.quantumbadger.redreader/1.9.10
08-04 19:03:50.425 23597 25075 D CustomInterceptor: CACHED STATS: size = '5', maxSize = '100', hitCount = '6', createCount = '0', putCount = '5', evictionCount = '0', missCount = '6', toString = 'LruCache[maxSize=100,hits=6,misses=6,hitRate=50%]', 
08-04 19:03:50.425 23597 25075 D CustomInterceptor: PREFLIB GET REQUEST https://oauth.reddit.com/r/askscience/hot/.json
08-04 19:03:50.425 23597 25075 D CustomInterceptor: PREFLIB found https://oauth.reddit.com/r/askscience/hot/.json, sending it back
