--------- beginning of main
--------- beginning of system
08-06 16:21:22.149 11596 11596 D Nappa   : Selected prefetching strategy STRATEGY_GREEDY_VISIT_FREQUENCY_AND_TIME
08-06 16:21:22.201 11596 11611 D Nappa   : Updating activity map nappagreedy.com.ak.uobtimetable.MainActivity: 1
08-06 16:21:22.201 11596 11611 D Nappa   : Updating activity map nappagreedy.com.ak.uobtimetable.WelcomeActivity: 2
08-06 16:21:22.201 11596 11611 D Nappa   : Updating activity map nappagreedy.com.ak.uobtimetable.CourseListActivity: 3
08-06 16:21:22.302 11596 11611 D Nappa   : registerActivity: (already in) nappagreedy.com.ak.uobtimetable.MainActivity
08-06 16:21:22.415 11596 11611 D Nappa   : registerActivity: (already in) nappagreedy.com.ak.uobtimetable.WelcomeActivity
08-06 16:21:22.420 11596 11614 D Nappa   : {nappagreedy.com.ak.uobtimetable.WelcomeActivity=2, nappagreedy.com.ak.uobtimetable.MainActivity=1, nappagreedy.com.ak.uobtimetable.CourseListActivity=3}
08-06 16:21:22.541 11596 11611 D Nappa   : registerActivity: (already in) nappagreedy.com.ak.uobtimetable.WelcomeActivity
08-06 16:21:22.644 11596 11611 D Nappa   : registerActivity: (already in) nappagreedy.com.ak.uobtimetable.CourseListActivity
08-06 16:21:22.646 11596 11614 D Nappa   : {nappagreedy.com.ak.uobtimetable.WelcomeActivity=2, nappagreedy.com.ak.uobtimetable.MainActivity=1, nappagreedy.com.ak.uobtimetable.CourseListActivity=3}
08-06 16:21:22.753 11596 11611 D Nappa   : registerActivity: (already in) nappagreedy.com.ak.uobtimetable.CourseListActivity
08-06 16:21:22.855 11596 11611 D Nappa   : registerActivity: (already in) nappagreedy.com.ak.uobtimetable.MainActivity
08-06 16:21:22.857 11596 11614 D Nappa   : {nappagreedy.com.ak.uobtimetable.WelcomeActivity=2, nappagreedy.com.ak.uobtimetable.MainActivity=1, nappagreedy.com.ak.uobtimetable.CourseListActivity=3}
08-06 16:21:22.863 11596 11611 D Nappa   : Extended Startup-time: 714 ms
08-06 16:21:22.866 11596 11596 D Nappa   : Startup-time: 717 ms
08-06 16:21:23.047 11596 11596 D Nappa   : setCurrentActivity - MetricStrategyAccuracy - 
08-06 16:21:23.047 11596 11596 D Nappa   : madePredictionFromActivity = false, 
08-06 16:21:23.047 11596 11596 D Nappa   : fromActivity = null, 
08-06 16:21:23.047 11596 11596 D Nappa   : predictedNextActivityFromActivity = [], 
08-06 16:21:23.047 11596 11596 D Nappa   : activity.getClass().getCanonicalName() = nappagreedy.com.ak.uobtimetable.MainActivity, 
08-06 16:21:23.047 11596 11596 D Nappa   : setCurrentActivity - MetricStrategyAccuracy - 
08-06 16:21:23.047 11596 11596 D Nappa   : madePredictionFromExtra = false, 
08-06 16:21:23.047 11596 11596 D Nappa   : fromActivity = null, 
08-06 16:21:23.047 11596 11596 D Nappa   : predictedNextActivityFromExtra = [], 
08-06 16:21:23.047 11596 11596 D Nappa   : activity.getClass().getCanonicalName() = nappagreedy.com.ak.uobtimetable.MainActivity, 
08-06 16:21:23.047 11596 11596 D Nappa   : PREFETCH_ON_EXTRA - setCurrentActivity - logs - from activity - made prediction isfalse
08-06 16:21:23.148 11596 11596 D Nappa   : registerActivity: (already in) nappagreedy.com.ak.uobtimetable.MainActivity
08-06 16:21:23.148 11596 11596 D Nappa   : SHOULD_PREFETCH false
08-06 16:21:23.148 11596 11596 D Nappa   : STATS Number of requests not prefetched: 0
08-06 16:21:23.148 11596 11596 D Nappa   : STATS Number of requests prefetched: 0
08-06 16:21:23.148 11596 11596 D Nappa   : STATS Time saved until now: 0.0
08-06 16:21:23.170 11596 11596 D Nappa   : Stayed on nappagreedy.com.ak.uobtimetable.MainActivity for 22 ms
08-06 16:21:23.255 11596 11596 D Nappa   : setCurrentActivity - MetricStrategyAccuracy - 
08-06 16:21:23.255 11596 11596 D Nappa   : madePredictionFromActivity = false, 
08-06 16:21:23.255 11596 11596 D Nappa   : fromActivity = nappagreedy.com.ak.uobtimetable.MainActivity, 
08-06 16:21:23.255 11596 11596 D Nappa   : predictedNextActivityFromActivity = [], 
08-06 16:21:23.255 11596 11596 D Nappa   : activity.getClass().getCanonicalName() = nappagreedy.com.ak.uobtimetable.WelcomeActivity, 
08-06 16:21:23.255 11596 11596 D Nappa   : setCurrentActivity - MetricStrategyAccuracy - 
08-06 16:21:23.255 11596 11596 D Nappa   : madePredictionFromExtra = false, 
08-06 16:21:23.255 11596 11596 D Nappa   : fromActivity = nappagreedy.com.ak.uobtimetable.MainActivity, 
08-06 16:21:23.255 11596 11596 D Nappa   : predictedNextActivityFromExtra = [], 
08-06 16:21:23.255 11596 11596 D Nappa   : activity.getClass().getCanonicalName() = nappagreedy.com.ak.uobtimetable.WelcomeActivity, 
08-06 16:21:23.255 11596 11596 D Nappa   : PREFETCH_ON_EXTRA - setCurrentActivity - logs - from activity - made prediction isfalse
08-06 16:21:23.356 11596 11596 D Nappa   : registerActivity: (already in) nappagreedy.com.ak.uobtimetable.WelcomeActivity
08-06 16:21:23.357 11596 11596 D Nappa   : SHOULD_PREFETCH true
08-06 16:21:23.449 11596 11614 D Nappa   : PREFETCH_ON_EXTRA - setCurrentActivity - logs - from extra - made prediction isfalse
08-06 16:21:23.457 11596 11596 D Nappa   : registerActivity: (already in) nappagreedy.com.ak.uobtimetable.WelcomeActivity
08-06 16:21:23.458 11596 11596 D Nappa   : SUCCESSORS nappagreedy.com.ak.uobtimetable.CourseListActivity
08-06 16:21:23.458 11596 11596 D Nappa   : STATS Number of requests not prefetched: 0
08-06 16:21:23.458 11596 11596 D Nappa   : STATS Number of requests prefetched: 0
08-06 16:21:23.458 11596 11596 D Nappa   : STATS Time saved until now: 0.0
08-06 16:21:23.656 11596 11614 D Nappa   : PREFETCH_ON_EXTRA - setCurrentActivity - logs - from extra - made prediction isfalse
08-06 16:21:23.958 11596 11614 D Nappa   : PREFETCH_ON_EXTRA - setCurrentActivity - starting new prediction
08-06 16:21:23.959 11596 11614 D Nappa   : Current node - currentActivityName - nappagreedy.com.ak.uobtimetable.WelcomeActivity
08-06 16:21:23.959 11596 11614 D Nappa   : Current node - activityGraph.getCurrent() - nappagreedy.com.ak.uobtimetable.WelcomeActivity
08-06 16:21:23.964 11596 11614 D Nappa   : PREFETCH_ON_EXTRA - setCurrentActivity - finished new prediction
08-06 16:21:29.256 11596 11596 D Nappa   : Stayed on nappagreedy.com.ak.uobtimetable.WelcomeActivity for 5798 ms
08-06 16:21:29.295 11596 11596 D Nappa   : setCurrentActivity - MetricStrategyAccuracy - 
08-06 16:21:29.295 11596 11596 D Nappa   : madePredictionFromActivity = true, 
08-06 16:21:29.295 11596 11596 D Nappa   : fromActivity = nappagreedy.com.ak.uobtimetable.WelcomeActivity, 
08-06 16:21:29.295 11596 11596 D Nappa   : predictedNextActivityFromActivity = [nappagreedy.com.ak.uobtimetable.CourseListActivity, nappagreedy.com.ak.uobtimetable.MainActivity, nappagreedy.com.ak.uobtimetable.WelcomeActivity], 
08-06 16:21:29.295 11596 11596 D Nappa   : activity.getClass().getCanonicalName() = nappagreedy.com.ak.uobtimetable.CourseListActivity, 
08-06 16:21:29.295 11596 11596 D Nappa   : setCurrentActivity - MetricStrategyAccuracy - 
08-06 16:21:29.295 11596 11596 D Nappa   : madePredictionFromExtra = false, 
08-06 16:21:29.295 11596 11596 D Nappa   : fromActivity = nappagreedy.com.ak.uobtimetable.WelcomeActivity, 
08-06 16:21:29.295 11596 11596 D Nappa   : predictedNextActivityFromExtra = [], 
08-06 16:21:29.295 11596 11596 D Nappa   : activity.getClass().getCanonicalName() = nappagreedy.com.ak.uobtimetable.CourseListActivity, 
08-06 16:21:29.295 11596 11596 D Nappa   : PREFETCH_ON_EXTRA - setCurrentActivity - logs - from activity - made prediction istrue
08-06 16:21:29.297 11596 11596 D Nappa   : PREFETCH_ON_EXTRA - setCurrentActivity - logs - from activity - start
08-06 16:21:29.297 11596 11596 D Nappa   : setCurrentActivity - MetricStrategyAccuracy - checking prediction VS current activity for activities
08-06 16:21:29.298 11596 11596 D Nappa   : PREFETCH_ON_EXTRA - setCurrentActivity - logs - from activity- finished
08-06 16:21:29.324 11596 11807 D Nappa   : TAG okHttpClient initialized
08-06 16:21:29.340 11596 11807 D Nappa   : F1_SCORE add_intercept_url - (new) - https://uob-timetable-api.adriankeenan.co.uk/courses
08-06 16:21:29.340 11596 11807 D Nappa   : F1_SCORE add_fn_url - (new) - https://uob-timetable-api.adriankeenan.co.uk/courses
08-06 16:21:29.341 11596 11807 D Nappa   : -------------F1_SCORE #0 -----------
08-06 16:21:29.341 11596 11807 D Nappa   : F1_SCORE - Intercept list (1)= [https://uob-timetable-api.adriankeenan.co.uk/courses]
08-06 16:21:29.341 11596 11807 D Nappa   : F1_SCORE - Prefetch list (0)= []
08-06 16:21:29.341 11596 11807 D Nappa   : F1_SCORE - TP list (0)= []
08-06 16:21:29.341 11596 11807 D Nappa   : F1_SCORE - FN list (1)= [https://uob-timetable-api.adriankeenan.co.uk/courses]
08-06 16:21:29.398 11596 11596 D Nappa   : registerActivity: (already in) nappagreedy.com.ak.uobtimetable.CourseListActivity
08-06 16:21:29.398 11596 11596 D Nappa   : SHOULD_PREFETCH true
08-06 16:21:29.441 11596 11614 D Nappa   : registerActivity: (already in) nappagreedy.com.ak.uobtimetable.CourseListActivity
08-06 16:21:29.441 11596 11614 D Nappa   : PARENTS 
08-06 16:21:29.441 11596 11614 D Nappa   : Of: nappagreedy.com.ak.uobtimetable.CourseListActivity -> 
08-06 16:21:29.441 11596 11614 D Nappa   : PARENTS nappagreedy.com.ak.uobtimetable.WelcomeActivity
08-06 16:21:29.441 11596 11614 D Nappa   : PARENTS nappagreedy.com.ak.uobtimetable.MainActivity
08-06 16:21:29.441 11596 11614 D Nappa   : PARENTS nappagreedy.com.ak.uobtimetable.CourseListActivity
08-06 16:21:29.499 11596 11596 D Nappa   : registerActivity: (already in) nappagreedy.com.ak.uobtimetable.CourseListActivity
08-06 16:21:29.499 11596 11596 D Nappa   : SUCCESSORS nappagreedy.com.ak.uobtimetable.MainActivity
08-06 16:21:29.499 11596 11596 D Nappa   : STATS Number of requests not prefetched: 0
08-06 16:21:29.499 11596 11596 D Nappa   : STATS Number of requests prefetched: 0
08-06 16:21:29.499 11596 11596 D Nappa   : STATS Time saved until now: 0.0
08-06 16:21:29.698 11596 11614 D Nappa   : PREFETCH_ON_EXTRA - setCurrentActivity - logs - from extra - made prediction isfalse
08-06 16:21:30.000 11596 11614 D Nappa   : PREFETCH_ON_EXTRA - setCurrentActivity - starting new prediction
08-06 16:21:30.000 11596 11614 D Nappa   : Current node - currentActivityName - nappagreedy.com.ak.uobtimetable.CourseListActivity
08-06 16:21:30.000 11596 11614 D Nappa   : Current node - activityGraph.getCurrent() - nappagreedy.com.ak.uobtimetable.CourseListActivity
08-06 16:21:30.003 11596 11614 D Nappa   : PREFETCH_ON_EXTRA - setCurrentActivity - finished new prediction
08-06 16:21:38.196 11596 11614 D Nappa   : PREFETCH_ON_EXTRA - notifyExtras- start
08-06 16:21:38.201 11596 11614 D Nappa   : PREFETCH_ON_EXTRA - notifyExtras- end
08-06 16:21:38.201 11596 11614 D Nappa   : PREFSTRAT2 ADDING NEW ACTEXTRADATA
08-06 16:21:38.226 11596 11596 D Nappa   : Stayed on nappagreedy.com.ak.uobtimetable.CourseListActivity for 8726 ms
08-06 16:21:38.343 11596 12017 D Nappa   : TAG okHttpClient initialized
08-06 16:21:38.346 11596 12017 D Nappa   : F1_SCORE add_intercept_url - (new) - https://uob-timetable-api.adriankeenan.co.uk/sessions?dept=BD002&course=CFIEFAAF%2F02AA%2F0%2FFT&level=ALL+Courses
08-06 16:21:38.346 11596 12017 D Nappa   : F1_SCORE add_fn_url - (new) - https://uob-timetable-api.adriankeenan.co.uk/sessions?dept=BD002&course=CFIEFAAF%2F02AA%2F0%2FFT&level=ALL+Courses
08-06 16:21:38.346 11596 12017 D Nappa   : -------------F1_SCORE #3 -----------
08-06 16:21:38.347 11596 12017 D Nappa   : F1_SCORE - Intercept list (2)= [https://uob-timetable-api.adriankeenan.co.uk/courses, https://uob-timetable-api.adriankeenan.co.uk/sessions?dept=BD002&course=CFIEFAAF%2F02AA%2F0%2FFT&level=ALL+Courses]
08-06 16:21:38.347 11596 12017 D Nappa   : F1_SCORE - Prefetch list (0)= []
08-06 16:21:38.347 11596 12017 D Nappa   : F1_SCORE - TP list (0)= []
08-06 16:21:38.347 11596 12017 D Nappa   : F1_SCORE - FN list (2)= [https://uob-timetable-api.adriankeenan.co.uk/courses, https://uob-timetable-api.adriankeenan.co.uk/sessions?dept=BD002&course=CFIEFAAF%2F02AA%2F0%2FFT&level=ALL+Courses]
08-06 16:21:38.447 11596 11614 D Nappa   : registerActivity: (already in) nappagreedy.com.ak.uobtimetable.CourseListActivity
08-06 16:21:38.447 11596 11614 D Nappa   : PARENTS 
08-06 16:21:38.447 11596 11614 D Nappa   : Of: nappagreedy.com.ak.uobtimetable.CourseListActivity -> 
08-06 16:21:38.447 11596 11614 D Nappa   : PARENTS nappagreedy.com.ak.uobtimetable.WelcomeActivity
08-06 16:21:38.447 11596 11614 D Nappa   : PARENTS nappagreedy.com.ak.uobtimetable.MainActivity
08-06 16:21:38.447 11596 11614 D Nappa   : PARENTS nappagreedy.com.ak.uobtimetable.CourseListActivity
08-06 16:21:38.447 11596 11614 D Nappa   : PARENTS has extra: (forceRefreshSessions, true)
08-06 16:21:38.663 11596 11596 D Nappa   : setCurrentActivity - MetricStrategyAccuracy - 
08-06 16:21:38.663 11596 11596 D Nappa   : madePredictionFromActivity = true, 
08-06 16:21:38.663 11596 11596 D Nappa   : fromActivity = nappagreedy.com.ak.uobtimetable.CourseListActivity, 
08-06 16:21:38.663 11596 11596 D Nappa   : predictedNextActivityFromActivity = [nappagreedy.com.ak.uobtimetable.MainActivity, nappagreedy.com.ak.uobtimetable.WelcomeActivity, nappagreedy.com.ak.uobtimetable.CourseListActivity], 
08-06 16:21:38.663 11596 11596 D Nappa   : activity.getClass().getCanonicalName() = nappagreedy.com.ak.uobtimetable.MainActivity, 
08-06 16:21:38.663 11596 11596 D Nappa   : setCurrentActivity - MetricStrategyAccuracy - 
08-06 16:21:38.663 11596 11596 D Nappa   : madePredictionFromExtra = true, 
08-06 16:21:38.663 11596 11596 D Nappa   : fromActivity = nappagreedy.com.ak.uobtimetable.CourseListActivity, 
08-06 16:21:38.663 11596 11596 D Nappa   : predictedNextActivityFromExtra = [nappagreedy.com.ak.uobtimetable.MainActivity, nappagreedy.com.ak.uobtimetable.WelcomeActivity, nappagreedy.com.ak.uobtimetable.CourseListActivity], 
08-06 16:21:38.663 11596 11596 D Nappa   : activity.getClass().getCanonicalName() = nappagreedy.com.ak.uobtimetable.MainActivity, 
08-06 16:21:38.664 11596 11596 D Nappa   : PREFETCH_ON_EXTRA - setCurrentActivity - logs - from activity - made prediction istrue
08-06 16:21:38.664 11596 11596 D Nappa   : PREFETCH_ON_EXTRA - setCurrentActivity - logs - from activity - start
08-06 16:21:38.664 11596 11596 D Nappa   : setCurrentActivity - MetricStrategyAccuracy - checking prediction VS current activity for activities
08-06 16:21:38.664 11596 11596 D Nappa   : PREFETCH_ON_EXTRA - setCurrentActivity - logs - from activity- finished
08-06 16:21:38.765 11596 11596 D Nappa   : registerActivity: (already in) nappagreedy.com.ak.uobtimetable.MainActivity
08-06 16:21:38.765 11596 11596 D Nappa   : SHOULD_PREFETCH true
08-06 16:21:38.865 11596 11596 D Nappa   : registerActivity: (already in) nappagreedy.com.ak.uobtimetable.MainActivity
08-06 16:21:38.866 11596 11596 D Nappa   : SUCCESSORS nappagreedy.com.ak.uobtimetable.WelcomeActivity
08-06 16:21:38.866 11596 11596 D Nappa   : STATS Number of requests not prefetched: 2
08-06 16:21:38.866 11596 11596 D Nappa   : STATS Number of requests prefetched: 0
08-06 16:21:38.866 11596 11596 D Nappa   : STATS Time saved until now: 0.0
08-06 16:21:39.064 11596 11614 D Nappa   : PREFETCH_ON_EXTRA - setCurrentActivity - logs - from extra - made prediction istrue
08-06 16:21:39.065 11596 11614 D Nappa   : PREFETCH_ON_EXTRA - setCurrentActivity - logs - from extra - start
08-06 16:21:39.065 11596 11614 D Nappa   : setCurrentActivity - MetricStrategyAccuracy - checking prediction VS current activity for extras
08-06 16:21:39.065 11596 11614 D Nappa   : PREFETCH_ON_EXTRA - setCurrentActivity - logs - from extra- finished
08-06 16:21:39.366 11596 11614 D Nappa   : PREFETCH_ON_EXTRA - setCurrentActivity - starting new prediction
08-06 16:21:39.366 11596 11614 D Nappa   : Current node - currentActivityName - nappagreedy.com.ak.uobtimetable.MainActivity
08-06 16:21:39.366 11596 11614 D Nappa   : Current node - activityGraph.getCurrent() - nappagreedy.com.ak.uobtimetable.MainActivity
08-06 16:21:39.370 11596 11614 D Nappa   : PREFETCH_ON_EXTRA - setCurrentActivity - finished new prediction
08-06 16:21:49.110 11596 11596 D Nappa   : Stayed on nappagreedy.com.ak.uobtimetable.MainActivity for 10244 ms
08-06 16:21:49.159 11596 11596 D Nappa   : setCurrentActivity - MetricStrategyAccuracy - 
08-06 16:21:49.159 11596 11596 D Nappa   : madePredictionFromActivity = true, 
08-06 16:21:49.159 11596 11596 D Nappa   : fromActivity = nappagreedy.com.ak.uobtimetable.MainActivity, 
08-06 16:21:49.159 11596 11596 D Nappa   : predictedNextActivityFromActivity = [nappagreedy.com.ak.uobtimetable.WelcomeActivity, nappagreedy.com.ak.uobtimetable.CourseListActivity, nappagreedy.com.ak.uobtimetable.MainActivity], 
08-06 16:21:49.159 11596 11596 D Nappa   : activity.getClass().getCanonicalName() = nappagreedy.com.ak.uobtimetable.CourseListActivity, 
08-06 16:21:49.159 11596 12325 D Nappa   : TAG okHttpClient initialized
08-06 16:21:49.159 11596 11596 D Nappa   : setCurrentActivity - MetricStrategyAccuracy - 
08-06 16:21:49.159 11596 11596 D Nappa   : madePredictionFromExtra = false, 
08-06 16:21:49.159 11596 11596 D Nappa   : fromActivity = nappagreedy.com.ak.uobtimetable.MainActivity, 
08-06 16:21:49.159 11596 11596 D Nappa   : predictedNextActivityFromExtra = [], 
08-06 16:21:49.159 11596 11596 D Nappa   : activity.getClass().getCanonicalName() = nappagreedy.com.ak.uobtimetable.CourseListActivity, 
08-06 16:21:49.159 11596 11596 D Nappa   : PREFETCH_ON_EXTRA - setCurrentActivity - logs - from activity - made prediction istrue
08-06 16:21:49.159 11596 11596 D Nappa   : PREFETCH_ON_EXTRA - setCurrentActivity - logs - from activity - start
08-06 16:21:49.159 11596 11596 D Nappa   : setCurrentActivity - MetricStrategyAccuracy - checking prediction VS current activity for activities
08-06 16:21:49.159 11596 11596 D Nappa   : PREFETCH_ON_EXTRA - setCurrentActivity - logs - from activity- finished
08-06 16:21:49.160 11596 12325 D Nappa   : F1_SCORE add_intercept_url - (already in) - https://uob-timetable-api.adriankeenan.co.uk/courses
08-06 16:21:49.160 11596 12325 D Nappa   : F1_SCORE add_fn_url - (already in) - https://uob-timetable-api.adriankeenan.co.uk/courses
08-06 16:21:49.160 11596 12325 D Nappa   : -------------F1_SCORE #5 -----------
08-06 16:21:49.160 11596 12325 D Nappa   : F1_SCORE - Intercept list (2)= [https://uob-timetable-api.adriankeenan.co.uk/courses, https://uob-timetable-api.adriankeenan.co.uk/sessions?dept=BD002&course=CFIEFAAF%2F02AA%2F0%2FFT&level=ALL+Courses]
08-06 16:21:49.160 11596 12325 D Nappa   : F1_SCORE - Prefetch list (0)= []
08-06 16:21:49.160 11596 12325 D Nappa   : F1_SCORE - TP list (0)= []
08-06 16:21:49.160 11596 12325 D Nappa   : F1_SCORE - FN list (2)= [https://uob-timetable-api.adriankeenan.co.uk/courses, https://uob-timetable-api.adriankeenan.co.uk/sessions?dept=BD002&course=CFIEFAAF%2F02AA%2F0%2FFT&level=ALL+Courses]
08-06 16:21:49.260 11596 11596 D Nappa   : registerActivity: (already in) nappagreedy.com.ak.uobtimetable.CourseListActivity
08-06 16:21:49.260 11596 11614 D Nappa   : registerActivity: (already in) nappagreedy.com.ak.uobtimetable.CourseListActivity
08-06 16:21:49.260 11596 11614 D Nappa   : PARENTS 
08-06 16:21:49.260 11596 11614 D Nappa   : Of: nappagreedy.com.ak.uobtimetable.CourseListActivity -> 
08-06 16:21:49.260 11596 11596 D Nappa   : SHOULD_PREFETCH false
08-06 16:21:49.260 11596 11614 D Nappa   : PARENTS nappagreedy.com.ak.uobtimetable.WelcomeActivity
08-06 16:21:49.260 11596 11596 D Nappa   : STATS Number of requests not prefetched: 2
08-06 16:21:49.260 11596 11614 D Nappa   : PARENTS nappagreedy.com.ak.uobtimetable.MainActivity
08-06 16:21:49.260 11596 11596 D Nappa   : STATS Number of requests prefetched: 1
08-06 16:21:49.260 11596 11614 D Nappa   : PARENTS nappagreedy.com.ak.uobtimetable.CourseListActivity
08-06 16:21:49.260 11596 11596 D Nappa   : STATS Time saved until now: 0.034
08-06 16:21:49.260 11596 11614 D Nappa   : PARENTS has extra: (forceRefreshSessions, true)
08-06 16:21:49.560 11596 11614 D Nappa   : PREFETCH_ON_EXTRA - setCurrentActivity - logs - from extra - made prediction isfalse
08-06 16:22:06.163 11596 11614 D Nappa   : PREFETCH_ON_EXTRA - notifyExtras- start
08-06 16:22:06.168 11596 11614 D Nappa   : PREFETCH_ON_EXTRA - notifyExtras- end
08-06 16:22:06.168 11596 11614 D Nappa   : PREFSTRAT2 ADDING NEW ACTEXTRADATA
08-06 16:22:06.182 11596 11596 D Nappa   : Stayed on nappagreedy.com.ak.uobtimetable.CourseListActivity for 16922 ms
08-06 16:22:06.354 11596 12600 D Nappa   : TAG okHttpClient initialized
08-06 16:22:06.358 11596 12600 D Nappa   : F1_SCORE add_intercept_url - (new) - https://uob-timetable-api.adriankeenan.co.uk/sessions?dept=CM010&course=BSAIFAAF%2F02AA%2F0%2FFT&level=Foundation+Year
08-06 16:22:06.358 11596 12600 D Nappa   : F1_SCORE add_fn_url - (new) - https://uob-timetable-api.adriankeenan.co.uk/sessions?dept=CM010&course=BSAIFAAF%2F02AA%2F0%2FFT&level=Foundation+Year
08-06 16:22:06.358 11596 12600 D Nappa   : -------------F1_SCORE #7 -----------
08-06 16:22:06.358 11596 12600 D Nappa   : F1_SCORE - Intercept list (3)= [https://uob-timetable-api.adriankeenan.co.uk/courses, https://uob-timetable-api.adriankeenan.co.uk/sessions?dept=BD002&course=CFIEFAAF%2F02AA%2F0%2FFT&level=ALL+Courses, https://uob-timetable-api.adriankeenan.co.uk/sessions?dept=CM010&course=BSAIFAAF%2F02AA%2F0%2FFT&level=Foundation+Year]
08-06 16:22:06.358 11596 12600 D Nappa   : F1_SCORE - Prefetch list (0)= []
08-06 16:22:06.358 11596 12600 D Nappa   : F1_SCORE - TP list (0)= []
08-06 16:22:06.358 11596 12600 D Nappa   : F1_SCORE - FN list (3)= [https://uob-timetable-api.adriankeenan.co.uk/courses, https://uob-timetable-api.adriankeenan.co.uk/sessions?dept=BD002&course=CFIEFAAF%2F02AA%2F0%2FFT&level=ALL+Courses, https://uob-timetable-api.adriankeenan.co.uk/sessions?dept=CM010&course=BSAIFAAF%2F02AA%2F0%2FFT&level=Foundation+Year]
08-06 16:22:06.384 11596 11596 D Nappa   : setCurrentActivity - MetricStrategyAccuracy - 
08-06 16:22:06.384 11596 11596 D Nappa   : madePredictionFromActivity = false, 
08-06 16:22:06.384 11596 11596 D Nappa   : fromActivity = nappagreedy.com.ak.uobtimetable.CourseListActivity, 
08-06 16:22:06.384 11596 11596 D Nappa   : predictedNextActivityFromActivity = [], 
08-06 16:22:06.384 11596 11596 D Nappa   : activity.getClass().getCanonicalName() = nappagreedy.com.ak.uobtimetable.MainActivity, 
08-06 16:22:06.384 11596 11596 D Nappa   : setCurrentActivity - MetricStrategyAccuracy - 
08-06 16:22:06.384 11596 11596 D Nappa   : madePredictionFromExtra = true, 
08-06 16:22:06.384 11596 11596 D Nappa   : fromActivity = nappagreedy.com.ak.uobtimetable.CourseListActivity, 
08-06 16:22:06.384 11596 11596 D Nappa   : predictedNextActivityFromExtra = [nappagreedy.com.ak.uobtimetable.MainActivity, nappagreedy.com.ak.uobtimetable.WelcomeActivity, nappagreedy.com.ak.uobtimetable.CourseListActivity], 
08-06 16:22:06.384 11596 11596 D Nappa   : activity.getClass().getCanonicalName() = nappagreedy.com.ak.uobtimetable.MainActivity, 
08-06 16:22:06.384 11596 11596 D Nappa   : PREFETCH_ON_EXTRA - setCurrentActivity - logs - from activity - made prediction isfalse
08-06 16:22:06.458 11596 11614 D Nappa   : registerActivity: (already in) nappagreedy.com.ak.uobtimetable.CourseListActivity
08-06 16:22:06.458 11596 11614 D Nappa   : PARENTS 
08-06 16:22:06.458 11596 11614 D Nappa   : Of: nappagreedy.com.ak.uobtimetable.CourseListActivity -> 
08-06 16:22:06.458 11596 11614 D Nappa   : PARENTS nappagreedy.com.ak.uobtimetable.WelcomeActivity
08-06 16:22:06.459 11596 11614 D Nappa   : PARENTS nappagreedy.com.ak.uobtimetable.MainActivity
08-06 16:22:06.459 11596 11614 D Nappa   : PARENTS nappagreedy.com.ak.uobtimetable.CourseListActivity
08-06 16:22:06.459 11596 11614 D Nappa   : PARENTS has extra: (forceRefreshSessions, true)
08-06 16:22:06.485 11596 11596 D Nappa   : registerActivity: (already in) nappagreedy.com.ak.uobtimetable.MainActivity
08-06 16:22:06.485 11596 11596 D Nappa   : SHOULD_PREFETCH true
08-06 16:22:06.586 11596 11596 D Nappa   : registerActivity: (already in) nappagreedy.com.ak.uobtimetable.MainActivity
08-06 16:22:06.586 11596 11596 D Nappa   : SUCCESSORS nappagreedy.com.ak.uobtimetable.WelcomeActivity
08-06 16:22:06.586 11596 11596 D Nappa   : STATS Number of requests not prefetched: 2
08-06 16:22:06.586 11596 11596 D Nappa   : STATS Number of requests prefetched: 1
08-06 16:22:06.586 11596 11596 D Nappa   : STATS Time saved until now: 0.034
08-06 16:22:06.744 11596 11596 D Nappa   : TAG okHttpClient initialized
08-06 16:22:06.785 11596 11614 D Nappa   : PREFETCH_ON_EXTRA - setCurrentActivity - logs - from extra - made prediction istrue
08-06 16:22:06.785 11596 11614 D Nappa   : PREFETCH_ON_EXTRA - setCurrentActivity - logs - from extra - start
08-06 16:22:06.785 11596 11614 D Nappa   : setCurrentActivity - MetricStrategyAccuracy - checking prediction VS current activity for extras
08-06 16:22:06.785 11596 11614 D Nappa   : PREFETCH_ON_EXTRA - setCurrentActivity - logs - from extra- finished
08-06 16:22:07.086 11596 11614 D Nappa   : PREFETCH_ON_EXTRA - setCurrentActivity - starting new prediction
08-06 16:22:07.086 11596 11614 D Nappa   : Current node - currentActivityName - nappagreedy.com.ak.uobtimetable.MainActivity
08-06 16:22:07.086 11596 11614 D Nappa   : Current node - activityGraph.getCurrent() - nappagreedy.com.ak.uobtimetable.MainActivity
08-06 16:22:07.090 11596 11614 D Nappa   : PREFETCH_ON_EXTRA - setCurrentActivity - finished new prediction
08-06 16:22:13.113 11596 11596 D Nappa   : Stayed on nappagreedy.com.ak.uobtimetable.MainActivity for 6527 ms
08-06 16:22:13.164 11596 12722 D Nappa   : TAG okHttpClient initialized
08-06 16:22:13.164 11596 11596 D Nappa   : setCurrentActivity - MetricStrategyAccuracy - 
08-06 16:22:13.164 11596 11596 D Nappa   : madePredictionFromActivity = true, 
08-06 16:22:13.164 11596 11596 D Nappa   : fromActivity = nappagreedy.com.ak.uobtimetable.MainActivity, 
08-06 16:22:13.164 11596 11596 D Nappa   : predictedNextActivityFromActivity = [nappagreedy.com.ak.uobtimetable.WelcomeActivity, nappagreedy.com.ak.uobtimetable.CourseListActivity, nappagreedy.com.ak.uobtimetable.MainActivity], 
08-06 16:22:13.164 11596 11596 D Nappa   : activity.getClass().getCanonicalName() = nappagreedy.com.ak.uobtimetable.CourseListActivity, 
08-06 16:22:13.165 11596 11596 D Nappa   : setCurrentActivity - MetricStrategyAccuracy - 
08-06 16:22:13.165 11596 11596 D Nappa   : madePredictionFromExtra = false, 
08-06 16:22:13.165 11596 11596 D Nappa   : fromActivity = nappagreedy.com.ak.uobtimetable.MainActivity, 
08-06 16:22:13.165 11596 11596 D Nappa   : predictedNextActivityFromExtra = [], 
08-06 16:22:13.165 11596 11596 D Nappa   : activity.getClass().getCanonicalName() = nappagreedy.com.ak.uobtimetable.CourseListActivity, 
08-06 16:22:13.165 11596 11596 D Nappa   : PREFETCH_ON_EXTRA - setCurrentActivity - logs - from activity - made prediction istrue
08-06 16:22:13.165 11596 11596 D Nappa   : PREFETCH_ON_EXTRA - setCurrentActivity - logs - from activity - start
08-06 16:22:13.165 11596 11596 D Nappa   : setCurrentActivity - MetricStrategyAccuracy - checking prediction VS current activity for activities
08-06 16:22:13.165 11596 11596 D Nappa   : PREFETCH_ON_EXTRA - setCurrentActivity - logs - from activity- finished
08-06 16:22:13.166 11596 12722 D Nappa   : F1_SCORE add_intercept_url - (already in) - https://uob-timetable-api.adriankeenan.co.uk/courses
08-06 16:22:13.167 11596 12722 D Nappa   : F1_SCORE add_fn_url - (already in) - https://uob-timetable-api.adriankeenan.co.uk/courses
08-06 16:22:13.167 11596 12722 D Nappa   : -------------F1_SCORE #9 -----------
08-06 16:22:13.167 11596 12722 D Nappa   : F1_SCORE - Intercept list (3)= [https://uob-timetable-api.adriankeenan.co.uk/courses, https://uob-timetable-api.adriankeenan.co.uk/sessions?dept=BD002&course=CFIEFAAF%2F02AA%2F0%2FFT&level=ALL+Courses, https://uob-timetable-api.adriankeenan.co.uk/sessions?dept=CM010&course=BSAIFAAF%2F02AA%2F0%2FFT&level=Foundation+Year]
08-06 16:22:13.167 11596 12722 D Nappa   : F1_SCORE - Prefetch list (0)= []
08-06 16:22:13.167 11596 12722 D Nappa   : F1_SCORE - TP list (0)= []
08-06 16:22:13.167 11596 12722 D Nappa   : F1_SCORE - FN list (3)= [https://uob-timetable-api.adriankeenan.co.uk/courses, https://uob-timetable-api.adriankeenan.co.uk/sessions?dept=BD002&course=CFIEFAAF%2F02AA%2F0%2FFT&level=ALL+Courses, https://uob-timetable-api.adriankeenan.co.uk/sessions?dept=CM010&course=BSAIFAAF%2F02AA%2F0%2FFT&level=Foundation+Year]
08-06 16:22:13.265 11596 11596 D Nappa   : registerActivity: (already in) nappagreedy.com.ak.uobtimetable.CourseListActivity
08-06 16:22:13.266 11596 11596 D Nappa   : SHOULD_PREFETCH false
08-06 16:22:13.266 11596 11596 D Nappa   : STATS Number of requests not prefetched: 3
08-06 16:22:13.266 11596 11596 D Nappa   : STATS Number of requests prefetched: 2
08-06 16:22:13.266 11596 11596 D Nappa   : STATS Time saved until now: 0.068
08-06 16:22:13.267 11596 11614 D Nappa   : registerActivity: (already in) nappagreedy.com.ak.uobtimetable.CourseListActivity
08-06 16:22:13.267 11596 11614 D Nappa   : PARENTS 
08-06 16:22:13.267 11596 11614 D Nappa   : Of: nappagreedy.com.ak.uobtimetable.CourseListActivity -> 
08-06 16:22:13.267 11596 11614 D Nappa   : PARENTS nappagreedy.com.ak.uobtimetable.WelcomeActivity
08-06 16:22:13.267 11596 11614 D Nappa   : PARENTS nappagreedy.com.ak.uobtimetable.MainActivity
08-06 16:22:13.267 11596 11614 D Nappa   : PARENTS nappagreedy.com.ak.uobtimetable.CourseListActivity
08-06 16:22:13.267 11596 11614 D Nappa   : PARENTS has extra: (forceRefreshSessions, true)
08-06 16:22:13.566 11596 11614 D Nappa   : PREFETCH_ON_EXTRA - setCurrentActivity - logs - from extra - made prediction isfalse
08-06 16:22:22.227 11596 11614 D Nappa   : PREFETCH_ON_EXTRA - notifyExtras- start
08-06 16:22:22.231 11596 11614 D Nappa   : PREFETCH_ON_EXTRA - notifyExtras- end
08-06 16:22:22.231 11596 11614 D Nappa   : PREFSTRAT2 ADDING NEW ACTEXTRADATA
08-06 16:22:22.243 11596 11596 D Nappa   : Stayed on nappagreedy.com.ak.uobtimetable.CourseListActivity for 8977 ms
08-06 16:22:22.439 11596 11596 D Nappa   : setCurrentActivity - MetricStrategyAccuracy - 
08-06 16:22:22.439 11596 11596 D Nappa   : madePredictionFromActivity = false, 
08-06 16:22:22.439 11596 11596 D Nappa   : fromActivity = nappagreedy.com.ak.uobtimetable.CourseListActivity, 
08-06 16:22:22.439 11596 11596 D Nappa   : predictedNextActivityFromActivity = [], 
08-06 16:22:22.439 11596 11596 D Nappa   : activity.getClass().getCanonicalName() = nappagreedy.com.ak.uobtimetable.MainActivity, 
08-06 16:22:22.439 11596 11596 D Nappa   : setCurrentActivity - MetricStrategyAccuracy - 
08-06 16:22:22.439 11596 11596 D Nappa   : madePredictionFromExtra = true, 
08-06 16:22:22.439 11596 11596 D Nappa   : fromActivity = nappagreedy.com.ak.uobtimetable.CourseListActivity, 
08-06 16:22:22.439 11596 11596 D Nappa   : predictedNextActivityFromExtra = [nappagreedy.com.ak.uobtimetable.MainActivity, nappagreedy.com.ak.uobtimetable.WelcomeActivity, nappagreedy.com.ak.uobtimetable.CourseListActivity], 
08-06 16:22:22.439 11596 11596 D Nappa   : activity.getClass().getCanonicalName() = nappagreedy.com.ak.uobtimetable.MainActivity, 
08-06 16:22:22.439 11596 11596 D Nappa   : PREFETCH_ON_EXTRA - setCurrentActivity - logs - from activity - made prediction isfalse
08-06 16:22:22.448 11596 12848 D Nappa   : TAG okHttpClient initialized
08-06 16:22:22.454 11596 12848 D Nappa   : F1_SCORE add_intercept_url - (already in) - https://uob-timetable-api.adriankeenan.co.uk/sessions?dept=CM010&course=BSAIFAAF%2F02AA%2F0%2FFT&level=Foundation+Year
08-06 16:22:22.454 11596 12848 D Nappa   : F1_SCORE add_fn_url - (already in) - https://uob-timetable-api.adriankeenan.co.uk/sessions?dept=CM010&course=BSAIFAAF%2F02AA%2F0%2FFT&level=Foundation+Year
08-06 16:22:22.454 11596 12848 D Nappa   : -------------F1_SCORE #11 -----------
08-06 16:22:22.454 11596 12848 D Nappa   : F1_SCORE - Intercept list (3)= [https://uob-timetable-api.adriankeenan.co.uk/courses, https://uob-timetable-api.adriankeenan.co.uk/sessions?dept=BD002&course=CFIEFAAF%2F02AA%2F0%2FFT&level=ALL+Courses, https://uob-timetable-api.adriankeenan.co.uk/sessions?dept=CM010&course=BSAIFAAF%2F02AA%2F0%2FFT&level=Foundation+Year]
08-06 16:22:22.454 11596 12848 D Nappa   : F1_SCORE - Prefetch list (0)= []
08-06 16:22:22.454 11596 12848 D Nappa   : F1_SCORE - TP list (0)= []
08-06 16:22:22.455 11596 12848 D Nappa   : F1_SCORE - FN list (3)= [https://uob-timetable-api.adriankeenan.co.uk/courses, https://uob-timetable-api.adriankeenan.co.uk/sessions?dept=BD002&course=CFIEFAAF%2F02AA%2F0%2FFT&level=ALL+Courses, https://uob-timetable-api.adriankeenan.co.uk/sessions?dept=CM010&course=BSAIFAAF%2F02AA%2F0%2FFT&level=Foundation+Year]
08-06 16:22:22.551 11596 11596 D Nappa   : registerActivity: (already in) nappagreedy.com.ak.uobtimetable.MainActivity
08-06 16:22:22.551 11596 11596 D Nappa   : SHOULD_PREFETCH true
08-06 16:22:22.567 11596 11614 D Nappa   : registerActivity: (already in) nappagreedy.com.ak.uobtimetable.MainActivity
08-06 16:22:22.567 11596 11614 D Nappa   : PARENTS 
08-06 16:22:22.567 11596 11614 D Nappa   : Of: nappagreedy.com.ak.uobtimetable.MainActivity -> 
08-06 16:22:22.567 11596 11614 D Nappa   : PARENTS nappagreedy.com.ak.uobtimetable.CourseListActivity
08-06 16:22:22.567 11596 11614 D Nappa   : PARENTS has extra: (forceRefreshSessions, true)
08-06 16:22:22.567 11596 11614 D Nappa   : PARENTS nappagreedy.com.ak.uobtimetable.WelcomeActivity
08-06 16:22:22.567 11596 11614 D Nappa   : PARENTS nappagreedy.com.ak.uobtimetable.MainActivity
08-06 16:22:22.653 11596 11596 D Nappa   : registerActivity: (already in) nappagreedy.com.ak.uobtimetable.MainActivity
08-06 16:22:22.653 11596 11596 D Nappa   : SUCCESSORS nappagreedy.com.ak.uobtimetable.WelcomeActivity
08-06 16:22:22.654 11596 11596 D Nappa   : STATS Number of requests not prefetched: 3
08-06 16:22:22.654 11596 11596 D Nappa   : STATS Number of requests prefetched: 3
08-06 16:22:22.654 11596 11596 D Nappa   : STATS Time saved until now: 0.12100001
08-06 16:22:22.744 11596 11596 D Nappa   : TAG okHttpClient initialized
08-06 16:22:22.840 11596 11614 D Nappa   : PREFETCH_ON_EXTRA - setCurrentActivity - logs - from extra - made prediction istrue
08-06 16:22:22.840 11596 11614 D Nappa   : PREFETCH_ON_EXTRA - setCurrentActivity - logs - from extra - start
08-06 16:22:22.840 11596 11614 D Nappa   : setCurrentActivity - MetricStrategyAccuracy - checking prediction VS current activity for extras
08-06 16:22:22.840 11596 11614 D Nappa   : PREFETCH_ON_EXTRA - setCurrentActivity - logs - from extra- finished
08-06 16:22:23.154 11596 11614 D Nappa   : PREFETCH_ON_EXTRA - setCurrentActivity - starting new prediction
08-06 16:22:23.154 11596 11614 D Nappa   : Current node - currentActivityName - nappagreedy.com.ak.uobtimetable.MainActivity
08-06 16:22:23.154 11596 11614 D Nappa   : Current node - activityGraph.getCurrent() - nappagreedy.com.ak.uobtimetable.MainActivity
08-06 16:22:23.158 11596 11614 D Nappa   : PREFETCH_ON_EXTRA - setCurrentActivity - finished new prediction
