08-05 11:16:34.402  4512  4512 D NappaLifecycleObserver: F1_SCORE - Intercept list (8)= [https://project-travel-mate.herokuapp.com/api/get-user, https://project-travel-mate.herokuapp.com/api/get-all-cities/10, https://project-travel-mate.herokuapp.com/api/number-of-unread-notifications, https://project-travel-mate.herokuapp.com/api/get-city-weather/1, https://project-travel-mate.herokuapp.com/api/get-city/1, https://project-travel-mate.herokuapp.com/api/get-city-information/1, https://project-travel-mate.herokuapp.com/api/get-city-facts/1, https://project-travel-mate.herokuapp.com/api/get-city-images/1]
08-05 11:16:34.403  4512  4512 D NappaLifecycleObserver: F1_SCORE - Prefetch list (0)= []
08-05 11:16:34.403  4512  4512 D NappaLifecycleObserver: F1_SCORE - TP list (0)= []
08-05 11:16:34.403  4512  4512 D NappaLifecycleObserver: F1_SCORE - FN list (8)= [https://project-travel-mate.herokuapp.com/api/get-user, https://project-travel-mate.herokuapp.com/api/get-all-cities/10, https://project-travel-mate.herokuapp.com/api/number-of-unread-notifications, https://project-travel-mate.herokuapp.com/api/get-city-weather/1, https://project-travel-mate.herokuapp.com/api/get-city/1, https://project-travel-mate.herokuapp.com/api/get-city-information/1, https://project-travel-mate.herokuapp.com/api/get-city-facts/1, https://project-travel-mate.herokuapp.com/api/get-city-images/1]
08-05 11:16:34.403  4512  4512 I NAPPA_EXPERIMENTATION: MetricPrefetchingAccuracy: LOG_ID='16',F1_SCORE_1='0.0',F1_SCORE_2='0.0',TRUE_POSITIVE='0',FALSE_POSITIVE='0',FALSE_NEGATIVE='8',
08-05 11:16:34.581 13866 13882 I PeriodicStatsRunner: PeriodicStatsRunner.call():175 call()
08-05 11:16:34.582 13866 13882 I PeriodicStatsRunner: PeriodicStatsRunner.call():179 No submit PeriodicStats since input started.
08-05 11:16:34.582  4512  4524 I art     : Starting a blocking GC Explicit
08-05 11:16:34.607  4512  4524 I art     : Explicit concurrent mark sweep GC freed 2934(143KB) AllocSpace objects, 2(40KB) LOS objects, 28% free, 39MB/55MB, paused 456us total 25.695ms
08-05 11:16:34.617  4512  4524 I art     : Starting a blocking GC Explicit
08-05 11:16:34.640  4512  4524 I art     : Explicit concurrent mark sweep GC freed 4519(349KB) AllocSpace objects, 7(132KB) LOS objects, 28% free, 39MB/55MB, paused 437us total 23.331ms
08-05 11:16:34.650  4512  4524 I art     : Starting a blocking GC Explicit
08-05 11:16:34.673  4512  4524 I art     : Explicit concurrent mark sweep GC freed 100(1728B) AllocSpace objects, 0(0B) LOS objects, 28% free, 39MB/55MB, paused 526us total 23.548ms
08-05 11:16:34.683  4512  4524 I art     : Starting a blocking GC Explicit
08-05 11:16:34.707  4512  4524 I art     : Explicit concurrent mark sweep GC freed 99(1696B) AllocSpace objects, 0(0B) LOS objects, 28% free, 39MB/55MB, paused 473us total 23.968ms
08-05 11:16:34.717  4512  4524 I art     : Starting a blocking GC Explicit
08-05 11:16:34.741  4512  4524 I art     : Explicit concurrent mark sweep GC freed 99(1696B) AllocSpace objects, 0(0B) LOS objects, 28% free, 39MB/55MB, paused 435us total 23.525ms
08-05 11:16:35.055  4512  4523 I art     : Starting a blocking GC Explicit
08-05 11:16:35.083  4512  4523 I art     : Explicit concurrent mark sweep GC freed 2616(111KB) AllocSpace objects, 2(40KB) LOS objects, 28% free, 39MB/55MB, paused 456us total 27.082ms
08-05 11:16:35.095  4512  4523 I art     : Starting a blocking GC Explicit
08-05 11:16:35.118  4512  4523 I art     : Explicit concurrent mark sweep GC freed 136(3KB) AllocSpace objects, 0(0B) LOS objects, 28% free, 39MB/55MB, paused 555us total 22.675ms
08-05 11:16:35.128  4512  4523 I art     : Starting a blocking GC Explicit
08-05 11:16:35.150  4512  4523 I art     : Explicit concurrent mark sweep GC freed 99(1696B) AllocSpace objects, 0(0B) LOS objects, 28% free, 39MB/55MB, paused 431us total 22.543ms
08-05 11:16:35.160  4512  4523 I art     : Starting a blocking GC Explicit
08-05 11:16:35.183  4512  4523 I art     : Explicit concurrent mark sweep GC freed 99(1696B) AllocSpace objects, 0(0B) LOS objects, 28% free, 39MB/55MB, paused 388us total 22.567ms
08-05 11:16:35.193  4512  4523 I art     : Starting a blocking GC Explicit
08-05 11:16:35.215  4512  4523 I art     : Explicit concurrent mark sweep GC freed 99(1696B) AllocSpace objects, 0(0B) LOS objects, 28% free, 39MB/55MB, paused 414us total 22.306ms
08-05 11:16:35.502  5498  5498 D AndroidRuntime: >>>>>> START com.android.internal.os.RuntimeInit uid 2000 <<<<<<
08-05 11:16:35.506  5498  5498 D AndroidRuntime: CheckJNI is OFF
08-05 11:16:35.516  4512  4580 I art     : Starting a blocking GC Explicit
08-05 11:16:35.534  5498  5498 D ICU     : No timezone override file found: /data/misc/zoneinfo/current/icu/icu_tzdata.dat
08-05 11:16:35.540  4512  4580 I art     : Explicit concurrent mark sweep GC freed 2590(110KB) AllocSpace objects, 2(40KB) LOS objects, 28% free, 39MB/55MB, paused 451us total 23.916ms
08-05 11:16:35.550  4512  4580 I art     : Starting a blocking GC Explicit
08-05 11:16:35.562  5498  5498 I Radio-JNI: register_android_hardware_Radio DONE
08-05 11:16:35.572  4512  4580 I art     : Explicit concurrent mark sweep GC freed 126(2704B) AllocSpace objects, 0(0B) LOS objects, 28% free, 39MB/55MB, paused 422us total 22.405ms
08-05 11:16:35.578  5498  5498 D AndroidRuntime: Calling main entry com.android.commands.input.Input
08-05 11:16:35.579  5498  5498 I Input   : injectKeyEvent: KeyEvent { action=ACTION_DOWN, keyCode=KEYCODE_BACK, scanCode=0, metaState=0, flags=0x0, repeatCount=0, eventTime=789411992, downTime=789411992, deviceId=-1, source=0x101 }
08-05 11:16:35.581  4512  4580 I art     : Starting a blocking GC Explicit
08-05 11:16:35.584  5498  5498 I Input   : injectKeyEvent: KeyEvent { action=ACTION_UP, keyCode=KEYCODE_BACK, scanCode=0, metaState=0, flags=0x0, repeatCount=0, eventTime=789411992, downTime=789411992, deviceId=-1, source=0x101 }
08-05 11:16:35.590  4512  4512 D NappaLifecycleObserver: nappagreedy.io.github.project_travel_mate.destinations.description.FinalCityInfoActivity - onPause
08-05 11:16:35.590  5498  5498 D AndroidRuntime: Shutting down VM
08-05 11:16:35.590  4512  4512 D Nappa   : Stayed on nappagreedy.io.github.project_travel_mate.destinations.description.FinalCityInfoActivity for 1523 ms
08-05 11:16:35.594  4512  4512 D NappaLifecycleObserver: nappagreedy.io.github.project_travel_mate.MainActivity - onResume
08-05 11:16:35.594  4512  4512 D Nappa   : setCurrentActivity - MetricStrategyAccuracy - 
08-05 11:16:35.594  4512  4512 D Nappa   : madePredictionFromActivity = false, 
08-05 11:16:35.594  4512  4512 D Nappa   : fromActivity = nappagreedy.io.github.project_travel_mate.destinations.description.FinalCityInfoActivity, 
08-05 11:16:35.594  4512  4512 D Nappa   : predictedNextActivityFromActivity = [], 
08-05 11:16:35.594  4512  4512 D Nappa   : activity.getClass().getCanonicalName() = nappagreedy.io.github.project_travel_mate.MainActivity, 
08-05 11:16:35.594  4512  4512 D Nappa   : setCurrentActivity - MetricStrategyAccuracy - 
08-05 11:16:35.594  4512  4512 D Nappa   : madePredictionFromExtra = false, 
08-05 11:16:35.594  4512  4512 D Nappa   : fromActivity = nappagreedy.io.github.project_travel_mate.destinations.description.FinalCityInfoActivity, 
08-05 11:16:35.594  4512  4512 D Nappa   : predictedNextActivityFromExtra = [], 
08-05 11:16:35.594  4512  4512 D Nappa   : activity.getClass().getCanonicalName() = nappagreedy.io.github.project_travel_mate.MainActivity, 
08-05 11:16:35.594  4512  4512 D Nappa   : PREFETCH_ON_EXTRA - setCurrentActivity - logs - from activity - made prediction isfalse
08-05 11:16:35.604  4512  4580 I art     : Explicit concurrent mark sweep GC freed 276(18KB) AllocSpace objects, 0(0B) LOS objects, 28% free, 39MB/55MB, paused 491us total 22.029ms
08-05 11:16:35.613  4512  4580 I art     : Starting a blocking GC Explicit
08-05 11:16:35.634  4512  4580 I art     : Explicit concurrent mark sweep GC freed 33(1184B) AllocSpace objects, 0(0B) LOS objects, 28% free, 39MB/55MB, paused 499us total 20.396ms
08-05 11:16:35.643  4512  4580 I art     : Starting a blocking GC Explicit
08-05 11:16:35.666  4512  4580 I art     : Explicit concurrent mark sweep GC freed 5(192B) AllocSpace objects, 0(0B) LOS objects, 28% free, 39MB/55MB, paused 500us total 22.577ms
08-05 11:16:35.695  4512  4512 D Nappa   : registerActivity: (already in) nappagreedy.io.github.project_travel_mate.MainActivity
08-05 11:16:35.695  4512  4512 D ActivityGraph: LARDataCalculatedUpdate nappagreedy.io.github.project_travel_mate.MainActivity Pagerank: 0.25 HITS-Authority: 1.0 HITS-Hub: 1.0 SALSA-Authority: 1.0 SALSA-Hub: 1.0
08-05 11:16:35.695  4512  4512 D Nappa   : SHOULD_PREFETCH false
08-05 11:16:35.695  4512  4512 D Nappa   : STATS Number of requests not prefetched: 8
08-05 11:16:35.695  4512  4512 D Nappa   : STATS Number of requests prefetched: 3
08-05 11:16:35.695  4512  4512 D Nappa   : STATS Time saved until now: 0.114999995
08-05 11:16:35.702  4512  4512 V MainActivity: url = https://project-travel-mate.herokuapp.com/api/number-of-unread-notifications
08-05 11:16:35.703  4512  4512 D Nappa   : TAG okHttpClient initialized
08-05 11:16:35.704  4512  5521 D CustomInterceptor: NETWORK-PROVIDER https://project-travel-mate.herokuapp.com/api/number-of-unread-notifications
08-05 11:16:35.704  4512  5521 D Nappa   : F1_SCORE add_intercept_url - (already in) - https://project-travel-mate.herokuapp.com/api/number-of-unread-notifications
08-05 11:16:35.705  4512  5521 D Nappa   : F1_SCORE add_fn_url - (already in) - https://project-travel-mate.herokuapp.com/api/number-of-unread-notifications
08-05 11:16:35.705  4512  5521 D Nappa   : -------------F1_SCORE #16 -----------
08-05 11:16:35.705  4512  5521 D Nappa   : F1_SCORE - Intercept list (8)= [https://project-travel-mate.herokuapp.com/api/get-user, https://project-travel-mate.herokuapp.com/api/get-all-cities/10, https://project-travel-mate.herokuapp.com/api/number-of-unread-notifications, https://project-travel-mate.herokuapp.com/api/get-city-weather/1, https://project-travel-mate.herokuapp.com/api/get-city/1, https://project-travel-mate.herokuapp.com/api/get-city-information/1, https://project-travel-mate.herokuapp.com/api/get-city-facts/1, https://project-travel-mate.herokuapp.com/api/get-city-images/1]
08-05 11:16:35.705  4512  5521 D Nappa   : F1_SCORE - Prefetch list (0)= []
08-05 11:16:35.705  4512  5521 D Nappa   : F1_SCORE - TP list (0)= []
08-05 11:16:35.705  4512  5521 D Nappa   : F1_SCORE - FN list (8)= [https://project-travel-mate.herokuapp.com/api/get-user, https://project-travel-mate.herokuapp.com/api/get-all-cities/10, https://project-travel-mate.herokuapp.com/api/number-of-unread-notifications, https://project-travel-mate.herokuapp.com/api/get-city-weather/1, https://project-travel-mate.herokuapp.com/api/get-city/1, https://project-travel-mate.herokuapp.com/api/get-city-information/1, https://project-travel-mate.herokuapp.com/api/get-city-facts/1, https://project-travel-mate.herokuapp.com/api/get-city-images/1]
08-05 11:16:35.705  4512  5521 I NAPPA_EXPERIMENTATION: MetricPrefetchingAccuracy: LOG_ID='17',F1_SCORE_1='0.0',F1_SCORE_2='0.0',TRUE_POSITIVE='0',FALSE_POSITIVE='0',FALSE_NEGATIVE='8',
08-05 11:16:35.705  4512  5521 D CustomInterceptor: HEADER REQUEST
08-05 11:16:35.705  4512  5521 D CustomInterceptor: Authorization Token e817cf733b7893037942a7dc5507f3c5a98408e6
08-05 11:16:35.705  4512  5521 D CustomInterceptor: Cache-Control max-age=300, max-stale=300
08-05 11:16:35.705  4512  5521 D CustomInterceptor: CACHED STATS: size = '8', maxSize = '100', hitCount = '11', createCount = '0', putCount = '8', evictionCount = '0', missCount = '8', toString = 'LruCache[maxSize=100,hits=11,misses=8,hitRate=57%]', 
08-05 11:16:35.705  4512  5521 D CustomInterceptor: PREFLIB GET REQUEST https://project-travel-mate.herokuapp.com/api/number-of-unread-notifications
08-05 11:16:35.705  4512  5521 D CustomInterceptor: PREFLIB found https://project-travel-mate.herokuapp.com/api/number-of-unread-notifications, sending it back
08-05 11:16:35.705  4512  5521 D CustomInterceptor: CONTENT {"number_of_unread_notifications":0}
08-05 11:16:35.705  4512  5521 D CustomInterceptor: interceptor_finished : return_type #2 : request served from cache
08-05 11:16:35.706  4512  5521 I NAPPA_EXPERIMENTATION: MetricNetworkRequestExecutionTime: REQUEST_DURATION_SYSTEM='3',REQUEST_DURATION_OKHTTP='0',REQUEST_SYNCHRONOUS='FALSE',RESPONSE_CODE='200',RESPONSE_METHOD='GET',RESPONSE_LENGTH_OKHTTP='36',RESPONSE_LENGTH_HEADER='-2',REQUEST_PROTOCOL='http/1.1',REQUEST_URL='https://project-travel-mate.herokuapp.com/api/number-of-unread-notifications',
08-05 11:16:35.731  4512  4512 D ActivityNode: Observer - visit time - FinalCityInfoActivity - New aggregate visit time found is 79402 ms
08-05 11:16:35.762 13866 13866 I GoogleInputMethodServic: GoogleInputMethodService.onFinishInput():3138 
08-05 11:16:35.764 13866 13866 I GoogleInputMethodServic: GoogleInputMethodService.onStartInput():1808 
08-05 11:16:35.805  4512  4533 D Nappa   : registerActivity: (already in) nappagreedy.io.github.project_travel_mate.MainActivity
08-05 11:16:35.805  4512  4533 D Nappa   : PARENTS 
08-05 11:16:35.805  4512  4533 D Nappa   : Of: nappagreedy.io.github.project_travel_mate.MainActivity -> 
08-05 11:16:35.805  4512  4533 D Nappa   : PARENTS nappagreedy.io.github.project_travel_mate.SplashActivity
08-05 11:16:35.948  4512  4524 I art     : Starting a blocking GC Explicit
08-05 11:16:35.981  4512  4524 I art     : Explicit concurrent mark sweep GC freed 3366(186KB) AllocSpace objects, 2(40KB) LOS objects, 28% free, 39MB/55MB, paused 551us total 33.347ms
08-05 11:16:35.993  4512  4524 I art     : Starting a blocking GC Explicit
08-05 11:16:35.995  4512  4533 D Nappa   : PREFETCH_ON_EXTRA - setCurrentActivity - logs - from extra - made prediction isfalse
08-05 11:16:36.019  4512  4524 I art     : Explicit concurrent mark sweep GC freed 403(13KB) AllocSpace objects, 0(0B) LOS objects, 28% free, 39MB/55MB, paused 459us total 25.780ms
08-05 11:16:36.019   380   380 W SurfaceFlinger: couldn't log to binary event log: overflow.
08-05 11:16:36.021  4512  4512 D NappaLifecycleObserver: nappagreedy.io.github.project_travel_mate.destinations.description.FinalCityInfoActivity - onDestroy
08-05 11:16:36.021  4512  4512 D NappaLifecycleObserver: -------------F1_SCORE #17 -----------
08-05 11:16:36.021  4512  4512 D NappaLifecycleObserver: F1_SCORE - Intercept list (8)= [https://project-travel-mate.herokuapp.com/api/get-user, https://project-travel-mate.herokuapp.com/api/get-all-cities/10, https://project-travel-mate.herokuapp.com/api/number-of-unread-notifications, https://project-travel-mate.herokuapp.com/api/get-city-weather/1, https://project-travel-mate.herokuapp.com/api/get-city/1, https://project-travel-mate.herokuapp.com/api/get-city-information/1, https://project-travel-mate.herokuapp.com/api/get-city-facts/1, https://project-travel-mate.herokuapp.com/api/get-city-images/1]
08-05 11:16:36.021  4512  4512 D NappaLifecycleObserver: F1_SCORE - Prefetch list (0)= []
08-05 11:16:36.021  4512  4512 D NappaLifecycleObserver: F1_SCORE - TP list (0)= []
08-05 11:16:36.021  4512  4512 D NappaLifecycleObserver: F1_SCORE - FN list (8)= [https://project-travel-mate.herokuapp.com/api/get-user, https://project-travel-mate.herokuapp.com/api/get-all-cities/10, https://project-travel-mate.herokuapp.com/api/number-of-unread-notifications, https://project-travel-mate.herokuapp.com/api/get-city-weather/1, https://project-travel-mate.herokuapp.com/api/get-city/1, https://project-travel-mate.herokuapp.com/api/get-city-information/1, https://project-travel-mate.herokuapp.com/api/get-city-facts/1, https://project-travel-mate.herokuapp.com/api/get-city-images/1]
08-05 11:16:36.021  4512  4512 I NAPPA_EXPERIMENTATION: MetricPrefetchingAccuracy: LOG_ID='18',F1_SCORE_1='0.0',F1_SCORE_2='0.0',TRUE_POSITIVE='0',FALSE_POSITIVE='0',FALSE_NEGATIVE='8',
08-05 11:16:36.029  4512  4524 I art     : Starting a blocking GC Explicit
08-05 11:16:36.053  4512  4524 I art     : Explicit concurrent mark sweep GC freed 229(29KB) AllocSpace objects, 0(0B) LOS objects, 28% free, 39MB/55MB, paused 652us total 23.852ms
08-05 11:16:36.064  4512  4524 I art     : Starting a blocking GC Explicit
08-05 11:16:36.086  4512  4524 I art     : Explicit concurrent mark sweep GC freed 169(7KB) AllocSpace objects, 0(0B) LOS objects, 28% free, 39MB/55MB, paused 501us total 22.005ms
08-05 11:16:36.095  4512  4524 I art     : Starting a blocking GC Explicit
08-05 11:16:36.119  4512  4524 I art     : Explicit concurrent mark sweep GC freed 51(896B) AllocSpace objects, 0(0B) LOS objects, 28% free, 39MB/55MB, paused 493us total 23.665ms
08-05 11:16:36.439  4512  4523 I art     : Starting a blocking GC Explicit
08-05 11:16:36.465  4512  4523 I art     : Explicit concurrent mark sweep GC freed 2141(107KB) AllocSpace objects, 2(40KB) LOS objects, 28% free, 39MB/55MB, paused 467us total 26.138ms
08-05 11:16:36.475  4512  4523 I art     : Starting a blocking GC Explicit
08-05 11:16:36.498  4512  4523 I art     : Explicit concurrent mark sweep GC freed 78(1904B) AllocSpace objects, 0(0B) LOS objects, 28% free, 39MB/55MB, paused 490us total 23.478ms
08-05 11:16:36.508  4512  4523 I art     : Starting a blocking GC Explicit
08-05 11:16:36.531  4512  4523 I art     : Explicit concurrent mark sweep GC freed 51(896B) AllocSpace objects, 0(0B) LOS objects, 28% free, 39MB/55MB, paused 453us total 23.342ms
08-05 11:16:36.541  4512  4523 I art     : Starting a blocking GC Explicit
08-05 11:16:36.565  4512  4523 I art     : Explicit concurrent mark sweep GC freed 51(896B) AllocSpace objects, 0(0B) LOS objects, 28% free, 39MB/55MB, paused 465us total 24.274ms
08-05 11:16:36.575  4512  4523 I art     : Starting a blocking GC Explicit
08-05 11:16:36.598  4512  4523 I art     : Explicit concurrent mark sweep GC freed 51(896B) AllocSpace objects, 0(0B) LOS objects, 28% free, 39MB/55MB, paused 467us total 23.656ms
08-05 11:16:36.924  4512  4628 I art     : Starting a blocking GC Explicit
08-05 11:16:36.950  4512  4628 I art     : Explicit concurrent mark sweep GC freed 2135(104KB) AllocSpace objects, 2(40KB) LOS objects, 28% free, 39MB/55MB, paused 576us total 25.175ms
08-05 11:16:36.960  4512  4628 I art     : Starting a blocking GC Explicit
08-05 11:16:36.984  4512  4628 I art     : Explicit concurrent mark sweep GC freed 78(1904B) AllocSpace objects, 0(0B) LOS objects, 28% free, 39MB/55MB, paused 485us total 24.487ms
08-05 11:16:36.994  4512  4628 I art     : Starting a blocking GC Explicit
08-05 11:16:37.017  4512  4628 I art     : Explicit concurrent mark sweep GC freed 51(896B) AllocSpace objects, 0(0B) LOS objects, 28% free, 39MB/55MB, paused 576us total 23.227ms
08-05 11:16:37.027  4512  4628 I art     : Starting a blocking GC Explicit
08-05 11:16:37.048  4512  4628 I art     : Explicit concurrent mark sweep GC freed 51(896B) AllocSpace objects, 0(0B) LOS objects, 28% free, 39MB/55MB, paused 459us total 21.091ms
08-05 11:16:37.057  4512  4628 I art     : Starting a blocking GC Explicit
08-05 11:16:37.080  4512  4628 I art     : Explicit concurrent mark sweep GC freed 51(896B) AllocSpace objects, 0(0B) LOS objects, 28% free, 39MB/55MB, paused 466us total 22.594ms
08-05 11:16:37.155  5550  5550 D AndroidRuntime: >>>>>> START com.android.internal.os.RuntimeInit uid 2000 <<<<<<
08-05 11:16:37.159  5550  5550 D AndroidRuntime: CheckJNI is OFF
08-05 11:16:37.187  5550  5550 D ICU     : No timezone override file found: /data/misc/zoneinfo/current/icu/icu_tzdata.dat
08-05 11:16:37.213  5550  5550 I Radio-JNI: register_android_hardware_Radio DONE
08-05 11:16:37.230  5550  5550 D AndroidRuntime: Calling main entry com.android.commands.input.Input
08-05 11:16:37.233  5550  5550 I Input   : injectMotionEvent: MotionEvent { action=ACTION_DOWN, actionButton=0, id[0]=0, x[0]=346.0, y[0]=709.0, toolType[0]=TOOL_TYPE_UNKNOWN, buttonState=0, metaState=0, flags=0x0, edgeFlags=0x0, pointerCount=1, historySize=0, eventTime=789413646, downTime=789413646, deviceId=0, source=0x1002 }
08-05 11:16:37.239  5550  5550 I Input   : injectMotionEvent: MotionEvent { action=ACTION_UP, actionButton=0, id[0]=0, x[0]=346.0, y[0]=709.0, toolType[0]=TOOL_TYPE_UNKNOWN, buttonState=0, metaState=0, flags=0x0, edgeFlags=0x0, pointerCount=1, historySize=0, eventTime=789413646, downTime=789413646, deviceId=0, source=0x1002 }
08-05 11:16:37.240  4512  4512 D NappaIntentExtras: ==================
08-05 11:16:37.240  4512  4512 D NappaIntentExtras: Log #7
08-05 11:16:37.240  4512  4512 D NappaIntentExtras: ------------------
08-05 11:16:37.240  4512  4533 D Nappa   : PREFETCH_ON_EXTRA - notifyExtras- start
08-05 11:16:37.240  4512  4512 D NappaIntentExtras: activity nappagreedy.io.github.project_travel_mate.destinations.description.CityHistoryActivity
08-05 11:16:37.240  4512  4512 D NappaIntentExtras: 	- No extras registered
08-05 11:16:37.240  4512  4512 D NappaIntentExtras: activity nappagreedy.io.github.project_travel_mate.MainActivity
08-05 11:16:37.240  4512  4512 D NappaIntentExtras: 	- 1 extras registered
08-05 11:16:37.240  4512  4512 D NappaIntentExtras: 	- cityobject_ : objects.City@d7a9ae7
08-05 11:16:37.240  4512  4512 D NappaIntentExtras: activity nappagreedy.io.github.project_travel_mate.SplashActivity
08-05 11:16:37.240  4512  4512 D NappaIntentExtras: 	- No extras registered
08-05 11:16:37.240  4512  4512 D NappaIntentExtras: activity nappagreedy.io.github.project_travel_mate.utilities.CompassActivity
08-05 11:16:37.240  4512  4512 D NappaIntentExtras: 	- No extras registered
08-05 11:16:37.240  4512  4512 D NappaIntentExtras: activity nappagreedy.io.github.project_travel_mate.notifications.NotificationsActivity
08-05 11:16:37.241  4512  4512 D NappaIntentExtras: 	- No extras registered
08-05 11:16:37.241  4512  4512 D NappaIntentExtras: activity nappagreedy.io.github.project_travel_mate.destinations.funfacts.FunFactsActivity
08-05 11:16:37.241  4512  4512 D NappaIntentExtras: 	- No extras registered
08-05 11:16:37.241  4512  4512 D NappaIntentExtras: activity nappagreedy.io.github.project_travel_mate.utilities.UpcomingWeekendsActivity
08-05 11:16:37.241  4512  4512 D NappaIntentExtras: 	- No extras registered
08-05 11:16:37.241  4512  4512 D NappaIntentExtras: activity nappagreedy.io.github.project_travel_mate.utilities.ChecklistActivity
08-05 11:16:37.241  4512  4512 D NappaIntentExtras: 	- No extras registered
08-05 11:16:37.241  4512  4512 D NappaIntentExtras: activity nappagreedy.io.github.project_travel_mate.destinations.description.FinalCityInfoActivity
08-05 11:16:37.241  4512  4533 I NAPPA_EXPERIMENTATION: MetricNappaPrefetchingStrategyExecutionTime: STRATEGY_CLASS='GreedyPrefetchingStrategyOnVisitFrequencyAndTime',DURATION='462500',NUMBER_OF_URLS='0',NUMBER_OF_SELECTED_CHILDREN_NODES='1',NUMBER_OF_CHILDREN_NODES='5',STRATEGY_RUN_SUCCESSFULLY='True',
08-05 11:16:37.241  4512  4512 D NappaIntentExtras: 	- 1 extras registered
08-05 11:16:37.241  4512  4512 D NappaIntentExtras: 	- cityobject_ : objects.City@4167f64
08-05 11:16:37.241  4512  4533 D GreedyPrefetchingStrategyOnVisitFrequencyAndTime: ==================================
08-05 11:16:37.241  4512  4512 D NappaIntentExtras: ==================
08-05 11:16:37.241  4512  4533 D GreedyPrefetchingStrategyOnVisitFrequencyAndTime: Starting Run #10
08-05 11:16:37.241  4512  4533 D GreedyPrefetchingStrategyOnVisitFrequencyAndTime: ----------------------------------
08-05 11:16:37.241  4512  4533 D GreedyPrefetchingStrategyOnVisitFrequencyAndTime: Node data MainActivity 
08-05 11:16:37.241  4512  4533 D GreedyPrefetchingStrategyOnVisitFrequencyAndTime: 	Successors:
08-05 11:16:37.241  4512  4533 D GreedyPrefetchingStrategyOnVisitFrequencyAndTime: 		UpcomingWeekendsActivity (0 hits)
08-05 11:16:37.241  4512  4533 D GreedyPrefetchingStrategyOnVisitFrequencyAndTime: 		ChecklistActivity (0 hits)
08-05 11:16:37.241  4512  4533 D GreedyPrefetchingStrategyOnVisitFrequencyAndTime: 		FinalCityInfoActivity (1 hits)
08-05 11:16:37.241  4512  4533 D GreedyPrefetchingStrategyOnVisitFrequencyAndTime: 		NotificationsActivity (0 hits)
08-05 11:16:37.241  4512  4533 D GreedyPrefetchingStrategyOnVisitFrequencyAndTime: 		CompassActivity (0 hits)
08-05 11:16:37.241  4512  4533 D GreedyPrefetchingStrategyOnVisitFrequencyAndTime: 	Ancestors:
08-05 11:16:37.241  4512  4533 D GreedyPrefetchingStrategyOnVisitFrequencyAndTime: 		SplashActivity (0 hits)
08-05 11:16:37.241  4512  4533 D GreedyPrefetchingStrategyOnVisitFrequencyAndTime: 
08-05 11:16:37.241  4512  4533 D GreedyPrefetchingStrategyOnVisitFrequencyAndTime: MetricStrategyAccuracy inc execution count10 | act = false; extra = true
08-05 11:16:37.241  4512  4533 D GreedyPrefetchingStrategyOnVisitFrequencyAndTime: ------------- Recursion #1 -----------
08-05 11:16:37.241  4512  4533 D GreedyPrefetchingStrategyOnVisitFrequencyAndTime: Best successors so far []
08-05 11:16:37.241  4512  4533 D GreedyPrefetchingStrategyOnVisitFrequencyAndTime: Checking node MainActivity with 5 successors
08-05 11:16:37.241  4512  4533 D GreedyPrefetchingStrategyOnVisitFrequencyAndTime: Check successor UpcomingWeekendsActivity
08-05 11:16:37.241  4512  4533 D GreedyPrefetchingStrategyOnVisitFrequencyAndTime: Data:
08-05 11:16:37.241  4512  4533 D GreedyPrefetchingStrategyOnVisitFrequencyAndTime: 	- Successor time = 74006.0
08-05 11:16:37.241  4512  4533 D GreedyPrefetchingStrategyOnVisitFrequencyAndTime: 	- Successor frequency = 16
08-05 11:16:37.241  4512  4533 D GreedyPrefetchingStrategyOnVisitFrequencyAndTime: 	- Aggregated time = 245568.0
08-05 11:16:37.241  4512  4533 D GreedyPrefetchingStrategyOnVisitFrequencyAndTime: 	- Aggregated frequency = 49
08-05 11:16:37.241  4512  4533 D GreedyPrefetchingStrategyOnVisitFrequencyAndTime: Calculated scores:
08-05 11:16:37.241  4512  4533 D GreedyPrefetchingStrategyOnVisitFrequencyAndTime: 	- Parent score = 1.0
08-05 11:16:37.242  4512  4533 D GreedyPrefetchingStrategyOnVisitFrequencyAndTime: 	- Successor time score = 0.15068331
08-05 11:16:37.242  4512  4533 D GreedyPrefetchingStrategyOnVisitFrequencyAndTime: 	- Successor frequency score = 0.1632653
08-05 11:16:37.242  4512  4533 D GreedyPrefetchingStrategyOnVisitFrequencyAndTime: 	- Successor final score = 0.31394863
08-05 11:16:37.242  4512  4533 D GreedyPrefetchingStrategyOnVisitFrequencyAndTime: Switch best successor
08-05 11:16:37.242  4512  4533 D GreedyPrefetchingStrategyOnVisitFrequencyAndTime: Check successor ChecklistActivity
08-05 11:16:37.242  4512  4533 D GreedyPrefetchingStrategyOnVisitFrequencyAndTime: Data:
08-05 11:16:37.242  4512  4533 D GreedyPrefetchingStrategyOnVisitFrequencyAndTime: 	- Successor time = 36594.0
08-05 11:16:37.242  4512  4533 D GreedyPrefetchingStrategyOnVisitFrequencyAndTime: 	- Successor frequency = 8
08-05 11:16:37.242  4512  4533 D GreedyPrefetchingStrategyOnVisitFrequencyAndTime: 	- Aggregated time = 245568.0
08-05 11:16:37.242  4512  4533 D GreedyPrefetchingStrategyOnVisitFrequencyAndTime: 	- Aggregated frequency = 49
08-05 11:16:37.242  4512  4533 D GreedyPrefetchingStrategyOnVisitFrequencyAndTime: Calculated scores:
08-05 11:16:37.242  4512  4533 D GreedyPrefetchingStrategyOnVisitFrequencyAndTime: 	- Parent score = 1.0
08-05 11:16:37.242  4512  4533 D GreedyPrefetchingStrategyOnVisitFrequencyAndTime: 	- Successor time score = 0.07450889
08-05 11:16:37.242  4512  4533 D GreedyPrefetchingStrategyOnVisitFrequencyAndTime: 	- Successor frequency score = 0.08163265
08-05 11:16:37.242  4512  4533 D GreedyPrefetchingStrategyOnVisitFrequencyAndTime: 	- Successor final score = 0.15614155
08-05 11:16:37.242  4512  4533 D GreedyPrefetchingStrategyOnVisitFrequencyAndTime: Check successor FinalCityInfoActivity
08-05 11:16:37.242  4512  4533 D GreedyPrefetchingStrategyOnVisitFrequencyAndTime: Data:
08-05 11:16:37.242  4512  4533 D GreedyPrefetchingStrategyOnVisitFrequencyAndTime: 	- Successor time = 79402.0
08-05 11:16:37.242  4512  4533 D GreedyPrefetchingStrategyOnVisitFrequencyAndTime: 	- Successor frequency = 9
08-05 11:16:37.242  4512  4533 D GreedyPrefetchingStrategyOnVisitFrequencyAndTime: 	- Aggregated time = 245568.0
08-05 11:16:37.242  4512  4533 D GreedyPrefetchingStrategyOnVisitFrequencyAndTime: 	- Aggregated frequency = 49
08-05 11:16:37.242  4512  4533 D GreedyPrefetchingStrategyOnVisitFrequencyAndTime: Calculated scores:
08-05 11:16:37.242  4512  4533 D GreedyPrefetchingStrategyOnVisitFrequencyAndTime: 	- Parent score = 1.0
08-05 11:16:37.242  4512  4533 D GreedyPrefetchingStrategyOnVisitFrequencyAndTime: 	- Successor time score = 0.16167009
08-05 11:16:37.242  4512  4533 D GreedyPrefetchingStrategyOnVisitFrequencyAndTime: 	- Successor frequency score = 0.091836736
08-05 11:16:37.242  4512  4533 D GreedyPrefetchingStrategyOnVisitFrequencyAndTime: 	- Successor final score = 0.25350684
08-05 11:16:37.242  4512  4533 D GreedyPrefetchingStrategyOnVisitFrequencyAndTime: Check successor NotificationsActivity
08-05 11:16:37.242  4512  4533 D GreedyPrefetchingStrategyOnVisitFrequencyAndTime: Data:
08-05 11:16:37.242  4512  4533 D GreedyPrefetchingStrategyOnVisitFrequencyAndTime: 	- Successor time = 37220.0
08-05 11:16:37.242  4512  4533 D GreedyPrefetchingStrategyOnVisitFrequencyAndTime: 	- Successor frequency = 8
08-05 11:16:37.243  4512  4533 D GreedyPrefetchingStrategyOnVisitFrequencyAndTime: 	- Aggregated time = 245568.0
08-05 11:16:37.243  4512  4533 D GreedyPrefetchingStrategyOnVisitFrequencyAndTime: 	- Aggregated frequency = 49
08-05 11:16:37.243  4512  4533 D GreedyPrefetchingStrategyOnVisitFrequencyAndTime: Calculated scores:
08-05 11:16:37.243  4512  4533 D GreedyPrefetchingStrategyOnVisitFrequencyAndTime: 	- Parent score = 1.0
08-05 11:16:37.243  4512  4533 D GreedyPrefetchingStrategyOnVisitFrequencyAndTime: 	- Successor time score = 0.07578349
08-05 11:16:37.243  4512  4533 D GreedyPrefetchingStrategyOnVisitFrequencyAndTime: 	- Successor frequency score = 0.08163265
08-05 11:16:37.243  4512  4533 D GreedyPrefetchingStrategyOnVisitFrequencyAndTime: 	- Successor final score = 0.15741614
08-05 11:16:37.244  4512  4533 D GreedyPrefetchingStrategyOnVisitFrequencyAndTime: Check successor CompassActivity
08-05 11:16:37.244  4512  4533 D GreedyPrefetchingStrategyOnVisitFrequencyAndTime: Data:
08-05 11:16:37.245  4512  4533 D GreedyPrefetchingStrategyOnVisitFrequencyAndTime: 	- Successor time = 18346.0
08-05 11:16:37.245  4512  4533 D GreedyPrefetchingStrategyOnVisitFrequencyAndTime: 	- Successor frequency = 8
08-05 11:16:37.245  4512  4533 D GreedyPrefetchingStrategyOnVisitFrequencyAndTime: 	- Aggregated time = 245568.0
08-05 11:16:37.245  4512  4533 D GreedyPrefetchingStrategyOnVisitFrequencyAndTime: 	- Aggregated frequency = 49
08-05 11:16:37.245  4512  4533 D GreedyPrefetchingStrategyOnVisitFrequencyAndTime: Calculated scores:
08-05 11:16:37.245  4512  4533 D GreedyPrefetchingStrategyOnVisitFrequencyAndTime: 	- Parent score = 1.0
08-05 11:16:37.245  4512  4533 D GreedyPrefetchingStrategyOnVisitFrequencyAndTime: 	- Successor time score = 0.037354216
08-05 11:16:37.245  4512  4533 D GreedyPrefetchingStrategyOnVisitFrequencyAndTime: 	- Successor frequency score = 0.08163265
08-05 11:16:37.245  4512  4533 D GreedyPrefetchingStrategyOnVisitFrequencyAndTime: 	- Successor final score = 0.11898687
08-05 11:16:37.245  4512  4533 D GreedyPrefetchingStrategyOnVisitFrequencyAndTime: Best successor has score 0.31394863 which is lower than the acceptable threshold of 0.6
08-05 11:16:37.245  4512  4533 D GreedyPrefetchingStrategyOnVisitFrequencyAndTime: MetricStrategyAccuracy inc insufficient score count3 | act = false; extra = true
08-05 11:16:37.245  4512  4533 D GreedyPrefetchingStrategyOnVisitFrequencyAndTime: Next visited child will be []
08-05 11:16:37.245  4512  4533 D GreedyPrefetchingStrategyOnVisitFrequencyAndTime: ==================================
08-05 11:16:37.245  4512  4533 D Nappa   : PREFETCH_ON_EXTRA - notifyExtras- end
08-05 11:16:37.245  4512  4533 D Nappa   : PREFSTRAT2 ADDING NEW ACTEXTRADATA
08-05 11:16:37.246   918  6110 I ActivityManager: START u0 {cmp=nappagreedy.io.github.project_travel_mate/.destinations.description.FinalCityInfoActivity (has extras)} from uid 10677 on display 0
08-05 11:16:37.252  4512  4512 D NappaLifecycleObserver: nappagreedy.io.github.project_travel_mate.MainActivity - onPause
08-05 11:16:37.252  5550  5550 D AndroidRuntime: Shutting down VM
08-05 11:16:37.252  4512  4512 D Nappa   : Stayed on nappagreedy.io.github.project_travel_mate.MainActivity for 1557 ms
08-05 11:16:37.259  4512  4512 D ActivityNode: Observer - intent extra - SplashActivity
08-05 11:16:37.259  4512  4512 D ActivityNode: Extras:
08-05 11:16:37.259  4512  4512 D ActivityNode: Observer - intent extra - FinalCityInfoActivity
08-05 11:16:37.259  4512  4512 D ActivityNode: Extras:
08-05 11:16:37.259  4512  4512 D ActivityNode: 	activity ID 3( key cityobject_)
08-05 11:16:37.259  4512  4512 D ActivityNode: 	activity ID 3( key cityobject_)
08-05 11:16:37.259  4512  4512 D ActivityNode: 	activity ID 3( key cityobject_)
08-05 11:16:37.259  4512  4512 D ActivityNode: 	activity ID 3( key cityobject_)
08-05 11:16:37.259  4512  4512 D ActivityNode: 	activity ID 3( key cityobject_)
08-05 11:16:37.259  4512  4512 D ActivityNode: 	activity ID 3( key cityobject_)
08-05 11:16:37.259  4512  4512 D ActivityNode: 	activity ID 3( key cityobject_)
08-05 11:16:37.259  4512  4512 D ActivityNode: 	activity ID 3( key cityobject_)
08-05 11:16:37.259  4512  4512 D ActivityNode: 	activity ID 3( key cityobject_)
08-05 11:16:37.259  4512  4512 D ActivityNode: 	activity ID 3( key cityobject_)
08-05 11:16:37.259  4512  4512 D ActivityNode: Observer - intent extra - MainActivity
08-05 11:16:37.259  4512  4512 D ActivityNode: Extras:
08-05 11:16:37.259  4512  4512 D ActivityNode: 	activity ID 2( key cityobject_)
08-05 11:16:37.259  4512  4512 D ActivityNode: 	activity ID 2( key cityobject_)
08-05 11:16:37.259  4512  4512 D ActivityNode: 	activity ID 2( key cityobject_)
08-05 11:16:37.259  4512  4512 D ActivityNode: 	activity ID 2( key cityobject_)
08-05 11:16:37.259  4512  4512 D ActivityNode: 	activity ID 2( key cityobject_)
08-05 11:16:37.259  4512  4512 D ActivityNode: 	activity ID 2( key cityobject_)
08-05 11:16:37.259  4512  4512 D ActivityNode: 	activity ID 2( key cityobject_)
08-05 11:16:37.259  4512  4512 D ActivityNode: 	activity ID 2( key cityobject_)
08-05 11:16:37.259  4512  4512 D ActivityNode: 	activity ID 2( key cityobject_)
08-05 11:16:37.259  4512  4512 D ActivityNode: 	activity ID 2( key cityobject_)
08-05 11:16:37.269  4512  4645 D Gabe    : call	returning from cache
08-05 11:16:37.285  4512  4512 D Nappa   : TAG okHttpClient initialized
08-05 11:16:37.287  4512  4512 V EXECUTING: https://project-travel-mate.herokuapp.com/api/get-city-weather/1
08-05 11:16:37.288  4512  5576 D CustomInterceptor: NETWORK-PROVIDER https://project-travel-mate.herokuapp.com/api/get-city-weather/1
08-05 11:16:37.288  4512  5576 D Nappa   : F1_SCORE add_intercept_url - (already in) - https://project-travel-mate.herokuapp.com/api/get-city-weather/1
08-05 11:16:37.288  4512  5576 D Nappa   : F1_SCORE add_fn_url - (already in) - https://project-travel-mate.herokuapp.com/api/get-city-weather/1
08-05 11:16:37.288  4512  5576 D Nappa   : -------------F1_SCORE #18 -----------
08-05 11:16:37.288  4512  5576 D Nappa   : F1_SCORE - Intercept list (8)= [https://project-travel-mate.herokuapp.com/api/get-user, https://project-travel-mate.herokuapp.com/api/get-all-cities/10, https://project-travel-mate.herokuapp.com/api/number-of-unread-notifications, https://project-travel-mate.herokuapp.com/api/get-city-weather/1, https://project-travel-mate.herokuapp.com/api/get-city/1, https://project-travel-mate.herokuapp.com/api/get-city-information/1, https://project-travel-mate.herokuapp.com/api/get-city-facts/1, https://project-travel-mate.herokuapp.com/api/get-city-images/1]
08-05 11:16:37.288  4512  5576 D Nappa   : F1_SCORE - Prefetch list (0)= []
08-05 11:16:37.288  4512  5576 D Nappa   : F1_SCORE - TP list (0)= []
08-05 11:16:37.288  4512  5576 D Nappa   : F1_SCORE - FN list (8)= [https://project-travel-mate.herokuapp.com/api/get-user, https://project-travel-mate.herokuapp.com/api/get-all-cities/10, https://project-travel-mate.herokuapp.com/api/number-of-unread-notifications, https://project-travel-mate.herokuapp.com/api/get-city-weather/1, https://project-travel-mate.herokuapp.com/api/get-city/1, https://project-travel-mate.herokuapp.com/api/get-city-information/1, https://project-travel-mate.herokuapp.com/api/get-city-facts/1, https://project-travel-mate.herokuapp.com/api/get-city-images/1]
08-05 11:16:37.288  4512  5576 I NAPPA_EXPERIMENTATION: MetricPrefetchingAccuracy: LOG_ID='19',F1_SCORE_1='0.0',F1_SCORE_2='0.0',TRUE_POSITIVE='0',FALSE_POSITIVE='0',FALSE_NEGATIVE='8',
08-05 11:16:37.289  4512  5576 D CustomInterceptor: HEADER REQUEST
08-05 11:16:37.289  4512  5576 D CustomInterceptor: Authorization Token e817cf733b7893037942a7dc5507f3c5a98408e6
08-05 11:16:37.289  4512  5576 D CustomInterceptor: Cache-Control max-age=300, max-stale=300
08-05 11:16:37.289  4512  4512 D NappaLifecycleObserver: nappagreedy.io.github.project_travel_mate.destinations.description.FinalCityInfoActivity - onResume
08-05 11:16:37.289  4512  5576 D CustomInterceptor: CACHED STATS: size = '8', maxSize = '100', hitCount = '12', createCount = '0', putCount = '8', evictionCount = '0', missCount = '8', toString = 'LruCache[maxSize=100,hits=12,misses=8,hitRate=60%]', 
08-05 11:16:37.289  4512  4512 D Nappa   : setCurrentActivity - MetricStrategyAccuracy - 
08-05 11:16:37.289  4512  4512 D Nappa   : madePredictionFromActivity = false, 
08-05 11:16:37.289  4512  4512 D Nappa   : fromActivity = nappagreedy.io.github.project_travel_mate.MainActivity, 
08-05 11:16:37.289  4512  4512 D Nappa   : predictedNextActivityFromActivity = [], 
08-05 11:16:37.289  4512  4512 D Nappa   : activity.getClass().getCanonicalName() = nappagreedy.io.github.project_travel_mate.destinations.description.FinalCityInfoActivity, 
08-05 11:16:37.289  4512  5576 D CustomInterceptor: PREFLIB GET REQUEST https://project-travel-mate.herokuapp.com/api/get-city-weather/1
08-05 11:16:37.289  4512  4512 D Nappa   : setCurrentActivity - MetricStrategyAccuracy - 
08-05 11:16:37.289  4512  4512 D Nappa   : madePredictionFromExtra = true, 
08-05 11:16:37.289  4512  4512 D Nappa   : fromActivity = nappagreedy.io.github.project_travel_mate.MainActivity, 
08-05 11:16:37.289  4512  4512 D Nappa   : predictedNextActivityFromExtra = [], 
08-05 11:16:37.289  4512  4512 D Nappa   : activity.getClass().getCanonicalName() = nappagreedy.io.github.project_travel_mate.destinations.description.FinalCityInfoActivity, 
08-05 11:16:37.289  4512  5576 D CustomInterceptor: PREFLIB found https://project-travel-mate.herokuapp.com/api/get-city-weather/1, sending it back
08-05 11:16:37.289  4512  4512 D Nappa   : PREFETCH_ON_EXTRA - setCurrentActivity - logs - from activity - made prediction isfalse
08-05 11:16:37.289  4512  5576 D CustomInterceptor: CONTENT {"temp":33.15,"temp_units":"C","max_temp":33.33,"min_temp":33.0,"code":721,"condensed":"Haze","description":"haze","icon":"http://openweathermap.org/img/w/50n.png","humidity":70,"humidity_units":"%","pressure":1000,"pressure_units":"hPa"}
08-05 11:16:37.289  4512  5576 D CustomInterceptor: interceptor_finished : return_type #2 : request served from cache
08-05 11:16:37.289  4512  5576 I NAPPA_EXPERIMENTATION: MetricNetworkRequestExecutionTime: REQUEST_DURATION_SYSTEM='2',REQUEST_DURATION_OKHTTP='0',REQUEST_SYNCHRONOUS='FALSE',RESPONSE_CODE='200',RESPONSE_METHOD='GET',RESPONSE_LENGTH_OKHTTP='238',RESPONSE_LENGTH_HEADER='-2',REQUEST_PROTOCOL='http/1.1',REQUEST_URL='https://project-travel-mate.herokuapp.com/api/get-city-weather/1',
08-05 11:16:37.290  4512  5577 D CustomInterceptor: NETWORK-PROVIDER https://project-travel-mate.herokuapp.com/api/get-city/1
08-05 11:16:37.290  4512  5577 D Nappa   : F1_SCORE add_intercept_url - (already in) - https://project-travel-mate.herokuapp.com/api/get-city/1
08-05 11:16:37.290  4512  5577 D Nappa   : F1_SCORE add_fn_url - (already in) - https://project-travel-mate.herokuapp.com/api/get-city/1
08-05 11:16:37.290  4512  5577 D Nappa   : -------------F1_SCORE #19 -----------
08-05 11:16:37.290  4512  5577 D Nappa   : F1_SCORE - Intercept list (8)= [https://project-travel-mate.herokuapp.com/api/get-user, https://project-travel-mate.herokuapp.com/api/get-all-cities/10, https://project-travel-mate.herokuapp.com/api/number-of-unread-notifications, https://project-travel-mate.herokuapp.com/api/get-city-weather/1, https://project-travel-mate.herokuapp.com/api/get-city/1, https://project-travel-mate.herokuapp.com/api/get-city-information/1, https://project-travel-mate.herokuapp.com/api/get-city-facts/1, https://project-travel-mate.herokuapp.com/api/get-city-images/1]
08-05 11:16:37.290  4512  5577 D Nappa   : F1_SCORE - Prefetch list (0)= []
08-05 11:16:37.290  4512  5577 D Nappa   : F1_SCORE - TP list (0)= []
08-05 11:16:37.290  4512  5577 D Nappa   : F1_SCORE - FN list (8)= [https://project-travel-mate.herokuapp.com/api/get-user, https://project-travel-mate.herokuapp.com/api/get-all-cities/10, https://project-travel-mate.herokuapp.com/api/number-of-unread-notifications, https://project-travel-mate.herokuapp.com/api/get-city-weather/1, https://project-travel-mate.herokuapp.com/api/get-city/1, https://project-travel-mate.herokuapp.com/api/get-city-information/1, https://project-travel-mate.herokuapp.com/api/get-city-facts/1, https://project-travel-mate.herokuapp.com/api/get-city-images/1]
08-05 11:16:37.291  4512  5577 I NAPPA_EXPERIMENTATION: MetricPrefetchingAccuracy: LOG_ID='20',F1_SCORE_1='0.0',F1_SCORE_2='0.0',TRUE_POSITIVE='0',FALSE_POSITIVE='0',FALSE_NEGATIVE='8',
08-05 11:16:37.291  4512  5577 D CustomInterceptor: HEADER REQUEST
08-05 11:16:37.291  4512  5577 D CustomInterceptor: Authorization Token e817cf733b7893037942a7dc5507f3c5a98408e6
08-05 11:16:37.291  4512  5577 D CustomInterceptor: Cache-Control max-age=300, max-stale=300
08-05 11:16:37.291  4512  5577 D CustomInterceptor: CACHED STATS: size = '8', maxSize = '100', hitCount = '13', createCount = '0', putCount = '8', evictionCount = '0', missCount = '8', toString = 'LruCache[maxSize=100,hits=13,misses=8,hitRate=61%]', 
08-05 11:16:37.291  4512  5577 D CustomInterceptor: PREFLIB GET REQUEST https://project-travel-mate.herokuapp.com/api/get-city/1
08-05 11:16:37.291  4512  5577 D CustomInterceptor: PREFLIB found https://project-travel-mate.herokuapp.com/api/get-city/1, sending it back
08-05 11:16:37.291  4512  5577 D CustomInterceptor: CONTENT {"id":1,"city_name":"Delhi","description":"Delhi, officially the National Capital Territory of Delhi, is the Capital territory of India. During the British Raj, Delhi was part of the province of Punjab and is still historically and culturally connected to the Punjab region.","latitude":"28.613900","longitude":"77.209000","facts_count":6,"images":["https://upload.wikimedia.org/wikipedia/commons/9/94/%E0%B4%96%E0%B5%81%E0%B4%A4%E0%B5%8D%E0%B4%AC%E0%B5%8D_%E0%B4%AE%E0%B4%BF%E0%B4%A8%E0%B4%BE%E0%B5%BC1.jpg"],"has_visited":false}
08-05 11:16:37.291  4512  5577 D CustomInterceptor: interceptor_finished : return_type #2 : request served from cache
08-05 11:16:37.291  4512  5577 I NAPPA_EXPERIMENTATION: MetricNetworkRequestExecutionTime: REQUEST_DURATION_SYSTEM='3',REQUEST_DURATION_OKHTTP='0',REQUEST_SYNCHRONOUS='FALSE',RESPONSE_CODE='200',RESPONSE_METHOD='GET',RESPONSE_LENGTH_OKHTTP='530',RESPONSE_LENGTH_HEADER='-2',REQUEST_PROTOCOL='http/1.1',REQUEST_URL='https://project-travel-mate.herokuapp.com/api/get-city/1',
08-05 11:16:37.291  4512  5577 V Response: {"id":1,"city_name":"Delhi","description":"Delhi, officially the National Capital Territory of Delhi, is the Capital territory of India. During the British Raj, Delhi was part of the province of Punjab and is still historically and culturally connected to the Punjab region.","latitude":"28.613900","longitude":"77.209000","facts_count":6,"images":["https://upload.wikimedia.org/wikipedia/commons/9/94/%E0%B4%96%E0%B5%81%E0%B4%A4%E0%B5%8D%E0%B4%AC%E0%B5%8D_%E0%B4%AE%E0%B4%BF%E0%B4%A8%E0%B4%BE%E0%B5%BC1.jpg"],"has_visited":false}
08-05 11:16:37.352  4512  4628 I art     : Starting a blocking GC Explicit
08-05 11:16:37.382  4512  4628 I art     : Explicit concurrent mark sweep GC freed 7607(581KB) AllocSpace objects, 2(40KB) LOS objects, 28% free, 39MB/55MB, paused 593us total 28.911ms
08-05 11:16:37.388  4512  4533 D Nappa   : registerActivity: (already in) nappagreedy.io.github.project_travel_mate.MainActivity
08-05 11:16:37.388  4512  4533 D Nappa   : PARENTS 
08-05 11:16:37.388  4512  4533 D Nappa   : Of: nappagreedy.io.github.project_travel_mate.MainActivity -> 
08-05 11:16:37.388  4512  4533 D Nappa   : PARENTS nappagreedy.io.github.project_travel_mate.SplashActivity
08-05 11:16:37.389  4512  4512 D Nappa   : registerActivity: (already in) nappagreedy.io.github.project_travel_mate.destinations.description.FinalCityInfoActivity
08-05 11:16:37.389  4512  4512 D ActivityNode: ACTNODE UPDATING AFTER LOADING FROM DB
08-05 11:16:37.389  4512  4512 D ActivityGraph: LARDataCalculatedUpdate nappagreedy.io.github.project_travel_mate.destinations.description.FinalCityInfoActivity Pagerank: 0.25 HITS-Authority: 1.0 HITS-Hub: 1.0 SALSA-Authority: 1.0 SALSA-Hub: 1.0
08-05 11:16:37.389  4512  4512 D Nappa   : SHOULD_PREFETCH true
08-05 11:16:37.392  4512  4628 I art     : Starting a blocking GC Explicit
08-05 11:16:37.419  4512  4628 I art     : Explicit concurrent mark sweep GC freed 787(36KB) AllocSpace objects, 0(0B) LOS objects, 28% free, 39MB/55MB, paused 603us total 26.723ms
08-05 11:16:37.430  4512  4628 I art     : Starting a blocking GC Explicit
08-05 11:16:37.456  4512  4628 I art     : Explicit concurrent mark sweep GC freed 3(96B) AllocSpace objects, 0(0B) LOS objects, 28% free, 39MB/55MB, paused 591us total 26.035ms
08-05 11:16:37.466  4512  4628 I art     : Starting a blocking GC Explicit
08-05 11:16:37.489  4512  4533 D Nappa   : registerActivity: (already in) nappagreedy.io.github.project_travel_mate.destinations.description.FinalCityInfoActivity
08-05 11:16:37.489  4512  4533 D Nappa   : PARENTS 
08-05 11:16:37.489  4512  4533 D Nappa   : Of: nappagreedy.io.github.project_travel_mate.destinations.description.FinalCityInfoActivity -> 
08-05 11:16:37.489  4512  4533 D Nappa   : PARENTS nappagreedy.io.github.project_travel_mate.MainActivity
08-05 11:16:37.489  4512  4533 D Nappa   : PARENTS has extra: (cityobject_, objects.City@d7a9ae7)
08-05 11:16:37.489  4512  4533 D Nappa   : PARENTS nappagreedy.io.github.project_travel_mate.SplashActivity
08-05 11:16:37.490  4512  4512 D Nappa   : registerActivity: (already in) nappagreedy.io.github.project_travel_mate.destinations.description.FinalCityInfoActivity
08-05 11:16:37.490  4512  4512 D Nappa   : SUCCESSORS nappagreedy.io.github.project_travel_mate.destinations.funfacts.FunFactsActivity
08-05 11:16:37.491  4512  4512 D Nappa   : SUCCESSORS nappagreedy.io.github.project_travel_mate.destinations.description.CityHistoryActivity
08-05 11:16:37.491  4512  4512 D Nappa   : STATS Number of requests not prefetched: 8
08-05 11:16:37.491  4512  4512 D Nappa   : STATS Number of requests prefetched: 6
08-05 11:16:37.491  4512  4512 D Nappa   : STATS Time saved until now: 0.28199998
08-05 11:16:37.493  4512  4628 I art     : Explicit concurrent mark sweep GC freed 82(6KB) AllocSpace objects, 0(0B) LOS objects, 28% free, 39MB/55MB, paused 822us total 26.540ms
08-05 11:16:37.495  4512  4512 D ActivityNode: Observer - intent extra - CityHistoryActivity
08-05 11:16:37.495  4512  4512 D ActivityNode: Extras:
08-05 11:16:37.495  4512  4512 D ActivityNode: Observer - intent extra - CompassActivity
08-05 11:16:37.495  4512  4512 D ActivityNode: Extras:
08-05 11:16:37.495  4512  4512 D ActivityNode: Observer - intent extra - FunFactsActivity
08-05 11:16:37.495  4512  4512 D ActivityNode: Extras:
08-05 11:16:37.495  4512  4512 D ActivityNode: Observer - intent extra - ChecklistActivity
08-05 11:16:37.495  4512  4512 D ActivityNode: Extras:
08-05 11:16:37.495  4512  4512 D ActivityNode: Observer - intent extra - UpcomingWeekendsActivity
08-05 11:16:37.495  4512  4512 D ActivityNode: Extras:
08-05 11:16:37.495  4512  4512 D ActivityNode: Observer - intent extra - NotificationsActivity
08-05 11:16:37.495  4512  4512 D ActivityNode: Extras:
08-05 11:16:37.504  4512  4628 I art     : Starting a blocking GC Explicit
08-05 11:16:37.529  4512  4628 I art     : Explicit concurrent mark sweep GC freed 741(35KB) AllocSpace objects, 0(0B) LOS objects, 28% free, 39MB/55MB, paused 499us total 24.435ms
08-05 11:16:37.548  4512  4512 D ActivityNode: Observer - visit time - MainActivity - New aggregate visit time found is 212500 ms
08-05 11:16:37.574  4512  4512 D ActivityNode: Observer - session data - sourceCityHistoryActivity
08-05 11:16:37.574  4512  4512 D ActivityNode: destinations:
08-05 11:16:37.574  4512  4512 D ActivityNode: Observer - session data - sourceFinalCityInfoActivity
08-05 11:16:37.574  4512  4512 D ActivityNode: destinations:
08-05 11:16:37.574  4512  4512 D ActivityNode: 	nappagreedy.io.github.project_travel_mate.destinations.description.CityHistoryActivity( count 14)
08-05 11:16:37.574  4512  4512 D ActivityNode: 	nappagreedy.io.github.project_travel_mate.destinations.funfacts.FunFactsActivity( count 10)
08-05 11:16:37.574  4512  4512 D ActivityNode: Observer - session data - sourceSplashActivity
08-05 11:16:37.574  4512  4512 D ActivityNode: destinations:
08-05 11:16:37.574  4512  4512 D ActivityNode: 	nappagreedy.io.github.project_travel_mate.MainActivity( count 5)
08-05 11:16:37.574  4512  4512 D ActivityNode: Observer - session data - sourceMainActivity
08-05 11:16:37.574  4512  4512 D ActivityNode: destinations:
