08-05 14:54:58.739 10696 10696 I Atfwd_Daemon: result : -1 	 ,Init step :2 	 ,qmiErrorCode: 0
08-05 14:54:58.768 14315 14800 I art     : Explicit concurrent mark sweep GC freed 26(944B) AllocSpace objects, 0(0B) LOS objects, 27% free, 41MB/57MB, paused 466us total 29.954ms
08-05 14:54:58.780 14315 14800 I art     : Starting a blocking GC Explicit
08-05 14:54:58.810 14315 14800 I art     : Explicit concurrent mark sweep GC freed 3(96B) AllocSpace objects, 0(0B) LOS objects, 27% free, 41MB/57MB, paused 464us total 30.084ms
08-05 14:54:58.821 14315 14800 I art     : Starting a blocking GC Explicit
08-05 14:54:58.851 14315 14800 I art     : Explicit concurrent mark sweep GC freed 3(96B) AllocSpace objects, 0(0B) LOS objects, 27% free, 41MB/57MB, paused 478us total 29.951ms
08-05 14:54:58.863 14315 14800 I art     : Starting a blocking GC Explicit
08-05 14:54:58.884   918   928 I AccountManagerService: getTypesVisibleToCaller: isPermitted? true
08-05 14:54:58.892   918   929 I AccountManagerService: getTypesVisibleToCaller: isPermitted? true
08-05 14:54:58.893 14315 14800 I art     : Explicit concurrent mark sweep GC freed 3(96B) AllocSpace objects, 0(0B) LOS objects, 27% free, 41MB/57MB, paused 494us total 30.091ms
08-05 14:54:58.897   918  3670 I AccountManagerService: getTypesVisibleToCaller: isPermitted? true
08-05 14:54:58.902   918  3714 I AccountManagerService: getTypesVisibleToCaller: isPermitted? true
08-05 14:54:58.908   918  3961 I AccountManagerService: getTypesVisibleToCaller: isPermitted? true
08-05 14:54:58.918   918  4400 I AccountManagerService: getTypesVisibleToCaller: isPermitted? true
08-05 14:54:58.923   918  6029 I AccountManagerService: getTypesVisibleToCaller: isPermitted? true
08-05 14:54:58.935   918  3696 I AccountManagerService: getTypesVisibleToCaller: isPermitted? true
08-05 14:54:58.941   918  6111 I AccountManagerService: getTypesVisibleToCaller: isPermitted? true
08-05 14:54:58.951   918  3359 I AccountManagerService: getTypesVisibleToCaller: isPermitted? true
08-05 14:54:58.956   918  5952 I AccountManagerService: getTypesVisibleToCaller: isPermitted? true
08-05 14:54:58.961   918  3670 I AccountManagerService: getTypesVisibleToCaller: isPermitted? true
08-05 14:54:58.968   918   929 I AccountManagerService: getTypesVisibleToCaller: isPermitted? true
08-05 14:54:58.974   918  3961 I AccountManagerService: getTypesVisibleToCaller: isPermitted? true
08-05 14:54:58.981   918  4400 I AccountManagerService: getTypesVisibleToCaller: isPermitted? true
08-05 14:54:58.988   918  6029 I AccountManagerService: getTypesVisibleToCaller: isPermitted? true
08-05 14:54:58.994   918  3696 I AccountManagerService: getTypesVisibleToCaller: isPermitted? true
08-05 14:54:59.000   918  6111 I AccountManagerService: getTypesVisibleToCaller: isPermitted? true
08-05 14:54:59.005   918  3359 I AccountManagerService: getTypesVisibleToCaller: isPermitted? true
08-05 14:54:59.013   918  5952 I AccountManagerService: getTypesVisibleToCaller: isPermitted? true
08-05 14:54:59.020   918  3670 I AccountManagerService: getTypesVisibleToCaller: isPermitted? true
08-05 14:54:59.029   918  3714 I AccountManagerService: getTypesVisibleToCaller: isPermitted? true
08-05 14:54:59.036   918  6112 I AccountManagerService: getTypesVisibleToCaller: isPermitted? true
08-05 14:54:59.041   918  6110 I AccountManagerService: getTypesVisibleToCaller: isPermitted? true
08-05 14:54:59.046   918  4413 I AccountManagerService: getTypesVisibleToCaller: isPermitted? true
08-05 14:54:59.053   918  5481 I AccountManagerService: getTypesVisibleToCaller: isPermitted? true
08-05 14:54:59.062   918  5132 I AccountManagerService: getTypesVisibleToCaller: isPermitted? true
08-05 14:54:59.068   918   928 I AccountManagerService: getTypesVisibleToCaller: isPermitted? true
08-05 14:54:59.075   918  5132 I AccountManagerService: getTypesVisibleToCaller: isPermitted? true
08-05 14:54:59.080   918   928 I AccountManagerService: getTypesVisibleToCaller: isPermitted? true
08-05 14:54:59.086   918   929 I AccountManagerService: getTypesVisibleToCaller: isPermitted? true
08-05 14:54:59.095   918  3961 I AccountManagerService: getTypesVisibleToCaller: isPermitted? true
08-05 14:54:59.099   918  4400 I AccountManagerService: getTypesVisibleToCaller: isPermitted? true
08-05 14:54:59.105   918  6029 I AccountManagerService: getTypesVisibleToCaller: isPermitted? true
08-05 14:54:59.171 14315 14799 I art     : Starting a blocking GC Explicit
08-05 14:54:59.204 24365 23174 W Conscrypt: Could not set socket write timeout: java.net.SocketException: Socket closed
08-05 14:54:59.204 24365 23174 E art     : invalid stream - problem with parameter iterator in /data/app/com.google.android.gms-2/base.apk:classes3.dex for method void com.google.android.gms.org.conscrypt.ConscryptFileDescriptorSocket.setSoWriteTimeout(int)
08-05 14:54:59.207 14315 14799 I art     : Explicit concurrent mark sweep GC freed 1540(91KB) AllocSpace objects, 1(20KB) LOS objects, 27% free, 41MB/57MB, paused 505us total 34.924ms
08-05 14:54:59.210 24365 23174 W Conscrypt: 	at com.google.android.gms.org.conscrypt.Platform.setSocketWriteTimeout(:com.google.android.gms@202614019@20.26.14 (040400-320008519):2)
08-05 14:54:59.210 24365 23174 W Conscrypt: 	at com.google.android.gms.org.conscrypt.ConscryptFileDescriptorSocket.setSoWriteTimeout(:com.google.android.gms@202614019@20.26.14 (040400-320008519))
08-05 14:54:59.220 14315 14799 I art     : Starting a blocking GC Explicit
08-05 14:54:59.244 24365 23174 W Conscrypt: Could not set socket write timeout: java.net.SocketException: Socket closed
08-05 14:54:59.244 24365 23174 E art     : invalid stream - problem with parameter iterator in /data/app/com.google.android.gms-2/base.apk:classes3.dex for method void com.google.android.gms.org.conscrypt.ConscryptFileDescriptorSocket.setSoWriteTimeout(int)
08-05 14:54:59.244 24365 23174 W Conscrypt: 	at com.google.android.gms.org.conscrypt.Platform.setSocketWriteTimeout(:com.google.android.gms@202614019@20.26.14 (040400-320008519):2)
08-05 14:54:59.244 24365 23174 W Conscrypt: 	at com.google.android.gms.org.conscrypt.ConscryptFileDescriptorSocket.setSoWriteTimeout(:com.google.android.gms@202614019@20.26.14 (040400-320008519))
08-05 14:54:59.249 15421 15421 D AndroidRuntime: >>>>>> START com.android.internal.os.RuntimeInit uid 2000 <<<<<<
08-05 14:54:59.251 14315 14799 I art     : Explicit concurrent mark sweep GC freed 38(1504B) AllocSpace objects, 0(0B) LOS objects, 27% free, 41MB/57MB, paused 477us total 30.862ms
08-05 14:54:59.253 15421 15421 D AndroidRuntime: CheckJNI is OFF
08-05 14:54:59.260   918  6111 I AccountManagerService: getTypesVisibleToCaller: isPermitted? true
08-05 14:54:59.264 14315 14799 I art     : Starting a blocking GC Explicit
08-05 14:54:59.286 15421 15421 D ICU     : No timezone override file found: /data/misc/zoneinfo/current/icu/icu_tzdata.dat
08-05 14:54:59.295 14315 14799 I art     : Explicit concurrent mark sweep GC freed 4(160B) AllocSpace objects, 0(0B) LOS objects, 27% free, 41MB/57MB, paused 507us total 31.136ms
08-05 14:54:59.307 14315 14799 I art     : Starting a blocking GC Explicit
08-05 14:54:59.318 24365 23174 E CCTUploader: Clearcut transport failed to make network request. Use 190 milliseconds.
08-05 14:54:59.318 24365 23174 E CCTUploader: java.io.IOException: unexpected end of stream on Connection{play.googleapis.com:443, proxy=HTTP@192.168.2.12:8080 hostAddress=192.168.2.12 cipherSuite=TLS_AES_256_GCM_SHA384 protocol=http/1.1} (recycle count=0)
08-05 14:54:59.318 24365 23174 E CCTUploader: 	at com.android.okhttp.internal.http.HttpConnection.readResponse(HttpConnection.java:210)
08-05 14:54:59.318 24365 23174 E CCTUploader: 	at com.android.okhttp.internal.http.HttpTransport.readResponseHeaders(HttpTransport.java:80)
08-05 14:54:59.318 24365 23174 E CCTUploader: 	at com.android.okhttp.internal.http.HttpEngine.readNetworkResponse(HttpEngine.java:904)
08-05 14:54:59.318 24365 23174 E CCTUploader: 	at com.android.okhttp.internal.http.HttpEngine.readResponse(HttpEngine.java:788)
08-05 14:54:59.318 24365 23174 E CCTUploader: 	at com.android.okhttp.internal.huc.HttpURLConnectionImpl.execute(HttpURLConnectionImpl.java:439)
08-05 14:54:59.318 24365 23174 E CCTUploader: 	at com.android.okhttp.internal.huc.HttpURLConnectionImpl.getResponse(HttpURLConnectionImpl.java:384)
08-05 14:54:59.318 24365 23174 E CCTUploader: 	at com.android.okhttp.internal.huc.HttpURLConnectionImpl.getResponseCode(HttpURLConnectionImpl.java:497)
08-05 14:54:59.318 24365 23174 E CCTUploader: 	at com.android.okhttp.internal.huc.DelegatingHttpsURLConnection.getResponseCode(DelegatingHttpsURLConnection.java:105)
08-05 14:54:59.318 24365 23174 E CCTUploader: 	at com.android.okhttp.internal.huc.HttpsURLConnectionImpl.getResponseCode(HttpsURLConnectionImpl.java)
08-05 14:54:59.318 24365 23174 E CCTUploader: 	at aboy.a(:com.google.android.gms@202614019@20.26.14 (040400-320008519):29)
08-05 14:54:59.318 24365 23174 E CCTUploader: 	at aboy.execute(:com.google.android.gms@202614019@20.26.14 (040400-320008519):8)
08-05 14:54:59.318 24365 23174 E CCTUploader: 	at aboy.execute(:com.google.android.gms@202614019@20.26.14 (040400-320008519):7)
08-05 14:54:59.318 24365 23174 E CCTUploader: 	at rbc.a(:com.google.android.gms@202614019@20.26.14 (040400-320008519):7)
08-05 14:54:59.318 24365 23174 E CCTUploader: 	at rbc.a(:com.google.android.gms@202614019@20.26.14 (040400-320008519):30)
08-05 14:54:59.318 24365 23174 E CCTUploader: 	at com.google.android.gms.clearcut.uploader.QosUploaderChimeraService.a(:com.google.android.gms@202614019@20.26.14 (040400-320008519):110)
08-05 14:54:59.318 24365 23174 E CCTUploader: 	at com.google.android.gms.clearcut.uploader.QosUploaderChimeraService.a(:com.google.android.gms@202614019@20.26.14 (040400-320008519):2)
08-05 14:54:59.318 24365 23174 E CCTUploader: 	at aegr.call(Unknown Source)
08-05 14:54:59.318 24365 23174 E CCTUploader: 	at java.util.concurrent.FutureTask.run(FutureTask.java:237)
08-05 14:54:59.318 24365 23174 E CCTUploader: 	at skp.b(:com.google.android.gms@202614019@20.26.14 (040400-320008519):12)
08-05 14:54:59.318 24365 23174 E CCTUploader: 	at skp.run(:com.google.android.gms@202614019@20.26.14 (040400-320008519):7)
08-05 14:54:59.318 24365 23174 E CCTUploader: 	at java.util.concurrent.ThreadPoolExecutor.runWorker(ThreadPoolExecutor.java:1113)
08-05 14:54:59.318 24365 23174 E CCTUploader: 	at java.util.concurrent.ThreadPoolExecutor$Worker.run(ThreadPoolExecutor.java:588)
08-05 14:54:59.318 24365 23174 E CCTUploader: 	at sql.run(:com.google.android.gms@202614019@20.26.14 (040400-320008519):0)
08-05 14:54:59.318 24365 23174 E CCTUploader: 	at java.lang.Thread.run(Thread.java:818)
08-05 14:54:59.318 24365 23174 E CCTUploader: Caused by: java.io.EOFException: \n not found: size=0 content=...
08-05 14:54:59.318 24365 23174 E CCTUploader: 	at com.android.okhttp.okio.RealBufferedSource.readUtf8LineStrict(RealBufferedSource.java:200)
08-05 14:54:59.318 24365 23174 E CCTUploader: 	at com.android.okhttp.internal.http.HttpConnection.readResponse(HttpConnection.java:191)
08-05 14:54:59.318 24365 23174 E CCTUploader: 	... 23 more
08-05 14:54:59.318 15421 15421 I Radio-JNI: register_android_hardware_Radio DONE
08-05 14:54:59.337 14315 14799 I art     : Explicit concurrent mark sweep GC freed 3(96B) AllocSpace objects, 0(0B) LOS objects, 27% free, 41MB/57MB, paused 429us total 29.345ms
08-05 14:54:59.339 15421 15421 D AndroidRuntime: Calling main entry com.android.commands.input.Input
08-05 14:54:59.341 15421 15421 I Input   : injectMotionEvent: MotionEvent { action=ACTION_DOWN, actionButton=0, id[0]=0, x[0]=81.0, y[0]=176.0, toolType[0]=TOOL_TYPE_UNKNOWN, buttonState=0, metaState=0, flags=0x0, edgeFlags=0x0, pointerCount=1, historySize=0, eventTime=802515754, downTime=802515754, deviceId=0, source=0x1002 }
08-05 14:54:59.346 15421 15421 I Input   : injectMotionEvent: MotionEvent { action=ACTION_UP, actionButton=0, id[0]=0, x[0]=81.0, y[0]=176.0, toolType[0]=TOOL_TYPE_UNKNOWN, buttonState=0, metaState=0, flags=0x0, edgeFlags=0x0, pointerCount=1, historySize=0, eventTime=802515754, downTime=802515754, deviceId=0, source=0x1002 }
08-05 14:54:59.348 14315 14799 I art     : Starting a blocking GC Explicit
08-05 14:54:59.349 15421 15421 D AndroidRuntime: Shutting down VM
08-05 14:54:59.365   512  2967 D audio_hw_primary: out_set_parameters: enter: usecase(1: low-latency-playback) kvpairs: routing=2
08-05 14:54:59.378   512  2967 D audio_hw_primary: select_devices: out_snd_device(2: speaker) in_snd_device(0: none)
08-05 14:54:59.378   512  2967 D msm8974_platform: platform_send_audio_calibration: sending audio calibration for snd_device(2) acdb_id(15)
08-05 14:54:59.378   512  2967 I soundtrigger: audio_extn_sound_trigger_update_device_status: device 0x2 of type 0 for Event 1
08-05 14:54:59.379 14315 14799 I art     : Explicit concurrent mark sweep GC freed 27(976B) AllocSpace objects, 0(0B) LOS objects, 27% free, 41MB/57MB, paused 477us total 31.289ms
08-05 14:54:59.389   512  2967 D audio_hw_primary: enable_snd_device: snd_device(2: speaker)
08-05 14:54:59.391   512  2967 D audio_hw_primary: enable_audio_route: apply and update mixer path: low-latency-playback speaker
08-05 14:54:59.398 13866 13866 I GoogleInputMethodServic: GoogleInputMethodService.onFinishInput():3138 
08-05 14:54:59.398 13866 13866 I GoogleInputMethodServic: GoogleInputMethodService.onStartInput():1808 
08-05 14:54:59.644 14315 14521 I art     : Starting a blocking GC Explicit
08-05 14:54:59.675 24365 29098 I NetworkScheduler.Stats: Task com.google.android.gms/com.google.android.gms.clearcut.uploader.QosUploaderService finished executing. cause:5 result: 2 elapsed_millis: 1231 uptime_millis: 1230 exec_start_elapsed_seconds: 1785902 [CONTEXT service_id=218 ]
08-05 14:54:59.677 14315 14521 I art     : Explicit concurrent mark sweep GC freed 2016(115KB) AllocSpace objects, 1(20KB) LOS objects, 27% free, 41MB/57MB, paused 580us total 33.303ms
08-05 14:54:59.691 14315 14521 I art     : Starting a blocking GC Explicit
08-05 14:54:59.724 14315 14521 I art     : Explicit concurrent mark sweep GC freed 202(12KB) AllocSpace objects, 0(0B) LOS objects, 27% free, 41MB/57MB, paused 511us total 32.647ms
08-05 14:54:59.735 14315 14521 I art     : Starting a blocking GC Explicit
08-05 14:54:59.765 14315 14521 I art     : Explicit concurrent mark sweep GC freed 3(96B) AllocSpace objects, 0(0B) LOS objects, 27% free, 41MB/57MB, paused 466us total 29.394ms
08-05 14:54:59.776 14315 14521 I art     : Starting a blocking GC Explicit
08-05 14:54:59.806 14315 14521 I art     : Explicit concurrent mark sweep GC freed 4(128B) AllocSpace objects, 0(0B) LOS objects, 27% free, 41MB/57MB, paused 440us total 30.009ms
08-05 14:54:59.818 14315 14521 I art     : Starting a blocking GC Explicit
08-05 14:54:59.849 14315 14521 I art     : Explicit concurrent mark sweep GC freed 3(96B) AllocSpace objects, 0(0B) LOS objects, 27% free, 41MB/57MB, paused 434us total 30.896ms
08-05 14:54:59.929   512  2967 D audio_hw_primary: disable_audio_route: reset and update mixer path: low-latency-playback speaker
08-05 14:54:59.930   512  2967 D audio_hw_primary: disable_snd_device: snd_device(2: speaker)
08-05 14:54:59.937   512  2967 I soundtrigger: audio_extn_sound_trigger_update_device_status: device 0x2 of type 0 for Event 0
08-05 14:55:00.163 14315 14328 I art     : Starting a blocking GC Explicit
08-05 14:55:00.202 14315 14328 I art     : Explicit concurrent mark sweep GC freed 1513(88KB) AllocSpace objects, 1(20KB) LOS objects, 27% free, 41MB/57MB, paused 503us total 38.241ms
08-05 14:55:00.215 14315 14328 I art     : Starting a blocking GC Explicit
08-05 14:55:00.251 14315 14328 I art     : Explicit concurrent mark sweep GC freed 26(944B) AllocSpace objects, 0(0B) LOS objects, 27% free, 41MB/57MB, paused 498us total 35.687ms
08-05 14:55:00.264 14315 14328 I art     : Starting a blocking GC Explicit
08-05 14:55:00.301 14315 14328 I art     : Explicit concurrent mark sweep GC freed 3(96B) AllocSpace objects, 0(0B) LOS objects, 27% free, 41MB/57MB, paused 497us total 36.711ms
08-05 14:55:00.313 14315 14328 I art     : Starting a blocking GC Explicit
08-05 14:55:00.350 14315 14328 I art     : Explicit concurrent mark sweep GC freed 3(96B) AllocSpace objects, 0(0B) LOS objects, 27% free, 41MB/57MB, paused 505us total 36.267ms
08-05 14:55:00.363 14315 14328 I art     : Starting a blocking GC Explicit
08-05 14:55:00.399 14315 14328 I art     : Explicit concurrent mark sweep GC freed 3(96B) AllocSpace objects, 0(0B) LOS objects, 27% free, 41MB/57MB, paused 495us total 36.412ms
08-05 14:55:00.694 14315 14800 I art     : Starting a blocking GC Explicit
08-05 14:55:00.731 14315 14800 I art     : Explicit concurrent mark sweep GC freed 1513(88KB) AllocSpace objects, 1(20KB) LOS objects, 27% free, 41MB/57MB, paused 521us total 36.774ms
08-05 14:55:00.744 14315 14800 I art     : Starting a blocking GC Explicit
08-05 14:55:00.778 14315 14800 I art     : Explicit concurrent mark sweep GC freed 26(944B) AllocSpace objects, 0(0B) LOS objects, 27% free, 41MB/57MB, paused 485us total 34.492ms
08-05 14:55:00.791 14315 14800 I art     : Starting a blocking GC Explicit
08-05 14:55:00.827 14315 14800 I art     : Explicit concurrent mark sweep GC freed 3(96B) AllocSpace objects, 0(0B) LOS objects, 27% free, 41MB/57MB, paused 562us total 35.894ms
08-05 14:55:00.839 14315 14800 I art     : Starting a blocking GC Explicit
08-05 14:55:00.874 14315 14800 I art     : Explicit concurrent mark sweep GC freed 3(96B) AllocSpace objects, 0(0B) LOS objects, 27% free, 41MB/57MB, paused 487us total 34.536ms
08-05 14:55:00.886 14315 14800 I art     : Starting a blocking GC Explicit
08-05 14:55:00.921 14315 14800 I art     : Explicit concurrent mark sweep GC freed 3(96B) AllocSpace objects, 0(0B) LOS objects, 27% free, 41MB/57MB, paused 480us total 34.477ms
08-05 14:55:01.032 15471 15471 D AndroidRuntime: >>>>>> START com.android.internal.os.RuntimeInit uid 2000 <<<<<<
08-05 14:55:01.039 15471 15471 D AndroidRuntime: CheckJNI is OFF
08-05 14:55:01.072 15471 15471 D ICU     : No timezone override file found: /data/misc/zoneinfo/current/icu/icu_tzdata.dat
08-05 14:55:01.107 15471 15471 I Radio-JNI: register_android_hardware_Radio DONE
08-05 14:55:01.128 15471 15471 D AndroidRuntime: Calling main entry com.android.commands.input.Input
08-05 14:55:01.130 15471 15471 I Input   : injectMotionEvent: MotionEvent { action=ACTION_DOWN, actionButton=0, id[0]=0, x[0]=436.0, y[0]=1770.0, toolType[0]=TOOL_TYPE_UNKNOWN, buttonState=0, metaState=0, flags=0x0, edgeFlags=0x0, pointerCount=1, historySize=0, eventTime=802517543, downTime=802517543, deviceId=0, source=0x1002 }
08-05 14:55:01.134 15471 15471 I Input   : injectMotionEvent: MotionEvent { action=ACTION_UP, actionButton=0, id[0]=0, x[0]=436.0, y[0]=1770.0, toolType[0]=TOOL_TYPE_UNKNOWN, buttonState=0, metaState=0, flags=0x0, edgeFlags=0x0, pointerCount=1, historySize=0, eventTime=802517543, downTime=802517543, deviceId=0, source=0x1002 }
08-05 14:55:01.136 15471 15471 D AndroidRuntime: Shutting down VM
08-05 14:55:01.148 14315 14315 D MainActivity: NavigationItemSelected: Courses
08-05 14:55:01.149 14315 14315 D NappaIntentExtras: ==================
08-05 14:55:01.149 14315 14315 D NappaIntentExtras: Log #5
08-05 14:55:01.149 14315 14315 D NappaIntentExtras: ------------------
08-05 14:55:01.149 14315 14315 D NappaIntentExtras: activity nappagreedy.com.ak.uobtimetable.WelcomeActivity
08-05 14:55:01.149 14315 14315 D NappaIntentExtras: 	- No extras registered
08-05 14:55:01.149 14315 14315 D NappaIntentExtras: activity nappagreedy.com.ak.uobtimetable.MainActivity
08-05 14:55:01.149 14315 14315 D NappaIntentExtras: 	- No extras registered
08-05 14:55:01.150 14315 14315 D NappaIntentExtras: activity nappagreedy.com.ak.uobtimetable.CourseListActivity
08-05 14:55:01.150 14315 14315 D NappaIntentExtras: 	- 1 extras registered
08-05 14:55:01.150 14315 14315 D NappaIntentExtras: 	- forceRefreshSessions : true
08-05 14:55:01.150 14315 14315 D NappaIntentExtras: ==================
08-05 14:55:01.150   918  4400 I ActivityManager: START u0 {cmp=nappagreedy.com.ak.uobtimetable/.CourseListActivity} from uid 10687 on display 0
08-05 14:55:01.153   512  2967 D audio_hw_primary: out_set_parameters: enter: usecase(1: low-latency-playback) kvpairs: routing=2
08-05 14:55:01.166   512  2967 D audio_hw_primary: select_devices: out_snd_device(2: speaker) in_snd_device(0: none)
08-05 14:55:01.166   512  2967 D msm8974_platform: platform_send_audio_calibration: sending audio calibration for snd_device(2) acdb_id(15)
08-05 14:55:01.166   512  2967 I soundtrigger: audio_extn_sound_trigger_update_device_status: device 0x2 of type 0 for Event 1
08-05 14:55:01.173 14315 14315 D NappaLifecycleObserver: nappagreedy.com.ak.uobtimetable.MainActivity - onPause
08-05 14:55:01.173 14315 14315 D Nappa   : Stayed on nappagreedy.com.ak.uobtimetable.MainActivity for 6087 ms
08-05 14:55:01.173 14315 14315 D MainActivity: OnPause
08-05 14:55:01.176   512  2967 D audio_hw_primary: enable_snd_device: snd_device(2: speaker)
08-05 14:55:01.179   512  2967 D audio_hw_primary: enable_audio_route: apply and update mixer path: low-latency-playback speaker
08-05 14:55:01.207 14315 14315 D CourseListActivity: onCreate
08-05 14:55:01.208 14315 14315 D NappaLifecycleObserver: nappagreedy.com.ak.uobtimetable.CourseListActivity - onResume
08-05 14:55:01.208 14315 14315 D Nappa   : setCurrentActivity - MetricStrategyAccuracy - 
08-05 14:55:01.208 14315 14315 D Nappa   : madePredictionFromActivity = true, 
08-05 14:55:01.208 14315 14315 D Nappa   : fromActivity = nappagreedy.com.ak.uobtimetable.MainActivity, 
08-05 14:55:01.208 14315 14315 D Nappa   : predictedNextActivityFromActivity = [nappagreedy.com.ak.uobtimetable.WelcomeActivity, nappagreedy.com.ak.uobtimetable.CourseListActivity, nappagreedy.com.ak.uobtimetable.MainActivity], 
08-05 14:55:01.208 14315 14315 D Nappa   : activity.getClass().getCanonicalName() = nappagreedy.com.ak.uobtimetable.CourseListActivity, 
08-05 14:55:01.208 14315 14315 D Nappa   : setCurrentActivity - MetricStrategyAccuracy - 
08-05 14:55:01.208 14315 14315 D Nappa   : madePredictionFromExtra = false, 
08-05 14:55:01.208 14315 14315 D Nappa   : fromActivity = nappagreedy.com.ak.uobtimetable.MainActivity, 
08-05 14:55:01.208 14315 14315 D Nappa   : predictedNextActivityFromExtra = [], 
08-05 14:55:01.208 14315 14315 D Nappa   : activity.getClass().getCanonicalName() = nappagreedy.com.ak.uobtimetable.CourseListActivity, 
08-05 14:55:01.208 14315 15502 D Nappa   : TAG okHttpClient initialized
08-05 14:55:01.209 14315 14315 D Nappa   : PREFETCH_ON_EXTRA - setCurrentActivity - logs - from activity - made prediction istrue
08-05 14:55:01.209 14315 14315 D Nappa   : PREFETCH_ON_EXTRA - setCurrentActivity - logs - from activity - start
08-05 14:55:01.209 14315 14315 D Nappa   : setCurrentActivity - MetricStrategyAccuracy - checking prediction VS current activity for activities
08-05 14:55:01.209 14315 15502 D HTTP    : Request for: https://uob-timetable-api.adriankeenan.co.uk/courses
08-05 14:55:01.209 14315 14315 D GreedyPrefetchingStrategyOnVisitFrequencyAndTime: MetricStrategyAccuracy inc hits count6 | from act
08-05 14:55:01.209 14315 14315 I NAPPA_EXPERIMENTATION: MetricStrategyAccuracy: LOG_ID='6',EXECUTION_COUNT='6',CASES_COUNT='6',HIT_PERCENTAGE_TOTAL='100.0',HIT_PERCENTAGE_WHEN_PREDICTED='100.0',HIT_COUNT='6',MISS_COUNT='0',INSUFFICIENT_SCORE_COUNT='0',EXCEPTION_COUNT='0',NO_SUCCESSOR_COUNT='0',
08-05 14:55:01.209 14315 14315 D Nappa   : PREFETCH_ON_EXTRA - setCurrentActivity - logs - from activity- finished
08-05 14:55:01.209 14315 15502 D CustomInterceptor: NETWORK-PROVIDER https://uob-timetable-api.adriankeenan.co.uk/courses
08-05 14:55:01.210 14315 15502 D Nappa   : F1_SCORE add_intercept_url - (already in) - https://uob-timetable-api.adriankeenan.co.uk/courses
08-05 14:55:01.210 14315 15502 D Nappa   : F1_SCORE add_fn_url - (already in) - https://uob-timetable-api.adriankeenan.co.uk/courses
08-05 14:55:01.210 14315 15502 D Nappa   : -------------F1_SCORE #9 -----------
08-05 14:55:01.210 14315 15502 D Nappa   : F1_SCORE - Intercept list (3)= [https://uob-timetable-api.adriankeenan.co.uk/courses, https://uob-timetable-api.adriankeenan.co.uk/sessions?dept=BD002&course=CFIEFAAF%2F02AA%2F0%2FFT&level=ALL+Courses, https://uob-timetable-api.adriankeenan.co.uk/sessions?dept=CM010&course=BSAIFAAF%2F02AA%2F0%2FFT&level=Foundation+Year]
08-05 14:55:01.210 14315 15502 D Nappa   : F1_SCORE - Prefetch list (0)= []
08-05 14:55:01.210 14315 15502 D Nappa   : F1_SCORE - TP list (0)= []
08-05 14:55:01.210 14315 15502 D Nappa   : F1_SCORE - FN list (3)= [https://uob-timetable-api.adriankeenan.co.uk/courses, https://uob-timetable-api.adriankeenan.co.uk/sessions?dept=BD002&course=CFIEFAAF%2F02AA%2F0%2FFT&level=ALL+Courses, https://uob-timetable-api.adriankeenan.co.uk/sessions?dept=CM010&course=BSAIFAAF%2F02AA%2F0%2FFT&level=Foundation+Year]
08-05 14:55:01.210 14315 15502 I NAPPA_EXPERIMENTATION: MetricPrefetchingAccuracy: LOG_ID='10',F1_SCORE_1='0.0',F1_SCORE_2='0.0',TRUE_POSITIVE='0',FALSE_POSITIVE='0',FALSE_NEGATIVE='3',
08-05 14:55:01.210 14315 15502 D CustomInterceptor: HEADER REQUEST
08-05 14:55:01.210 14315 15502 D CustomInterceptor: API-Version 2
08-05 14:55:01.210 14315 15502 D CustomInterceptor: App-Version 21
08-05 14:55:01.210 14315 15502 D CustomInterceptor: Cache-Control max-age=300, max-stale=300
08-05 14:55:01.210 14315 15502 D CustomInterceptor: User-Agent Dalvik/2.1.0 (Linux; U; Android 6.0; Nexus 6P Build/MDB08K)
08-05 14:55:01.210 14315 15502 D CustomInterceptor: CACHED STATS: size = '3', maxSize = '100', hitCount = '4', createCount = '0', putCount = '3', evictionCount = '0', missCount = '3', toString = 'LruCache[maxSize=100,hits=4,misses=3,hitRate=57%]', 
08-05 14:55:01.210 14315 15502 D CustomInterceptor: PREFLIB GET REQUEST https://uob-timetable-api.adriankeenan.co.uk/courses
08-05 14:55:01.211 14315 15502 D CustomInterceptor: PREFLIB found https://uob-timetable-api.adriankeenan.co.uk/courses, sending it back
08-05 14:55:01.229 14315 14328 I art     : Starting a blocking GC Explicit
08-05 14:55:01.309 14315 14315 D Nappa   : registerActivity: (already in) nappagreedy.com.ak.uobtimetable.CourseListActivity
08-05 14:55:01.309 14315 14315 D ActivityGraph: LARDataCalculatedUpdate nappagreedy.com.ak.uobtimetable.CourseListActivity Pagerank: 0.25 HITS-Authority: 1.0 HITS-Hub: 1.0 SALSA-Authority: 1.0 SALSA-Hub: 1.0
08-05 14:55:01.309 14315 14315 D Nappa   : SHOULD_PREFETCH false
08-05 14:55:01.309 14315 14315 D Nappa   : STATS Number of requests not prefetched: 3
08-05 14:55:01.309 14315 14315 D Nappa   : STATS Number of requests prefetched: 2
08-05 14:55:01.309 14315 14315 D Nappa   : STATS Time saved until now: 0.114
08-05 14:55:01.310 14315 14333 D Nappa   : registerActivity: (already in) nappagreedy.com.ak.uobtimetable.CourseListActivity
08-05 14:55:01.310 14315 14333 D Nappa   : PARENTS 
08-05 14:55:01.310 14315 14333 D Nappa   : Of: nappagreedy.com.ak.uobtimetable.CourseListActivity -> 
08-05 14:55:01.310 14315 14333 D Nappa   : PARENTS nappagreedy.com.ak.uobtimetable.WelcomeActivity
08-05 14:55:01.310 14315 14333 D Nappa   : PARENTS nappagreedy.com.ak.uobtimetable.MainActivity
08-05 14:55:01.310 14315 14333 D Nappa   : PARENTS nappagreedy.com.ak.uobtimetable.CourseListActivity
08-05 14:55:01.310 14315 14333 D Nappa   : PARENTS has extra: (forceRefreshSessions, true)
08-05 14:55:01.313 14315 14315 D ActivityNode: Observer - visit time - MainActivity - New aggregate visit time found is 47137 ms
08-05 14:55:01.374 14315 14328 I art     : Explicit concurrent mark sweep GC freed 4997(295KB) AllocSpace objects, 1(20KB) LOS objects, 18% free, 71MB/87MB, paused 1.172ms total 144.924ms
08-05 14:55:01.375 14315 15502 D CustomInterceptor: CONTENT {
08-05 14:55:01.375 14315 15502 D CustomInterceptor:     "api_version": 2,
08-05 14:55:01.375 14315 15502 D CustomInterceptor:     "response_time": 0.69,
08-05 14:55:01.375 14315 15502 D CustomInterceptor:     "error": false,
08-05 14:55:01.375 14315 15502 D CustomInterceptor:     "courses": [
08-05 14:55:01.375 14315 15502 D CustomInterceptor:         {
08-05 14:55:01.375 14315 15502 D CustomInterceptor:             "id": "MBXBB\/10AA\/1\/PT",
08-05 14:55:01.375 14315 15502 D CustomInterceptor:             "name": "(Executive) Business Administration - Exec MBA - Ltn - Year 1 Oct PT",
08-05 14:55:01.375 14315 15502 D CustomInterceptor:             "name_start": "(Executive) Business Administration",
08-05 14:55:01.375 14315 15502 D CustomInterceptor:             "name_end": "Exec MBA - Ltn - Year 1 Oct PT",
08-05 14:55:01.375 14315 15502 D CustomInterceptor:             "level": "ALL Courses",
08-05 14:55:01.375 14315 15502 D CustomInterceptor:             "department": {
08-05 14:55:01.375 14315 15502 D CustomInterceptor:                 "id": "BU003",
08-05 14:55:01.375 14315 15502 D CustomInterceptor:                 "name": "Department of Strategy and Management",
08-05 14:55:01.375 14315 15502 D CustomInterceptor:                 "course_count": 1370
08-05 14:55:01.375 14315 15502 D CustomInterceptor:             },
08-05 14:55:01.375 14315 15502 D CustomInterceptor:             "session_url": "https:\/\/uob-timetable-api.adriankeenan.co.uk\/sessions?dept=BU003&course=MBXBB%2F10AA%2F1%2FPT&level=ALL+Courses"
08-05 14:55:01.375 14315 15502 D CustomInterceptor:         },
08-05 14:55:01.375 14315 15502 D CustomInterceptor:         {
08-05 14:55:01.375 14315 15502 D CustomInterceptor:             "id": "MBXBB\/10AA\/1\/PT",
08-05 14:55:01.375 14315 15502 D CustomInterceptor:             "name": "(Executive) Business Administration - Exec MBA - Ltn - Year 1 Oct PT",
08-05 14:55:01.375 14315 15502 D CustomInterceptor:             "name_start": "(Executive) Business Administration",
08-05 14:55:01.375 14315 15502 D CustomInterceptor:             "name_end": "Exec MBA - Ltn - Year 1 Oct PT",
08-05 14:55:01.375 14315 15502 D CustomInterceptor:             "level": "Postgraduate",
08-05 14:55:01.375 14315 15502 D CustomInterceptor:             "department": {
08-05 14:55:01.375 14315 15502 D CustomInterceptor:                 "id": "BU003",
08-05 14:55:01.375 14315 15502 D CustomInterceptor:                 "name": "Department of Strategy and Management",
08-05 14:55:01.375 14315 15502 D CustomInterceptor:                 "course_count": 1370
08-05 14:55:01.375 14315 15502 D CustomInterceptor:             },
08-05 14:55:01.375 14315 15502 D CustomInterceptor:             "session_url": "https:\/\/uob-timetable-api.adriankeenan.co.uk\/sessions?dept=BU003&course=MBXBB%2F10AA%2F1%2FPT&level=Postgraduate"
08-05 14:55:01.375 14315 15502 D CustomInterceptor:         },
08-05 14:55:01.375 14315 15502 D CustomInterceptor:         {
08-05 14:55:01.375 14315 15502 D CustomInterceptor:             "id": "MBXBB\/03AA\/2\/PT",
08-05 14:55:01.375 14315 15502 D CustomInterceptor:             "name": "(Executive) Business Administration - Exec MBA - Ltn - Year 2 Mar PT",
08-05 14:55:01.375 14315 15502 D CustomInterceptor:             "name_start": "(Executive) Business Administration",
08-05 14:55:01.375 14315 15502 D CustomInterceptor:             "name_end": "Exec MBA - Ltn - Year 2 Mar PT",
08-05 14:55:01.375 14315 15502 D CustomInterceptor:             "level": "Postgraduate",
08-05 14:55:01.375 14315 15502 D CustomInterceptor:             "department": {
08-05 14:55:01.375 14315 15502 D CustomInterceptor:                 "id": "BU003",
08-05 14:55:01.375 14315 15502 D CustomInterceptor:                 "name": "Department of Strategy and Management",
08-05 14:55:01.375 14315 15502 D CustomInterceptor:                 "course_count": 1370
08-05 14:55:01.375 14315 15502 D CustomInterceptor:             },
08-05 14:55:01.375 14315 15502 D CustomInterceptor:             "session_url": "https:\/\/uob-timetable-api.adriankeenan.co.uk\/sessions?dept=BU003&course=MBXBB%2F03AA%2F2%2FPT&level=Postgraduate"
08-05 14:55:01.375 14315 15502 D CustomInterceptor:         },
08-05 14:55:01.375 14315 15502 D CustomInterceptor:         {
08-05 14:55:01.375 14315 15502 D CustomInterceptor:             "id": "MBXBB\/03AA\/2\/PT",
08-05 14:55:01.375 14315 15502 D CustomInterceptor:             "name": "(Executive) Business Administration - Exec MBA - Ltn - Year 2 Mar PT",
08-05 14:55:01.375 14315 15502 D CustomInterceptor:             "name_start": "(Executive) Business Administration",
08-05 14:55:01.375 14315 15502 D CustomInterceptor:             "name_end": "Exec MBA - Ltn - Year 2 Mar PT",
08-05 14:55:01.375 14315 15502 D CustomInterceptor:             "level": "ALL Courses",
08-05 14:55:01.375 14315 15502 D CustomInterceptor:             "department": {
08-05 14:55:01.375 14315 15502 D CustomInterceptor:                 "id": "BU003",
08-05 14:55:01.375 14315 15502 D CustomInterceptor:                 "name": "Department of Strategy and Management",
08-05 14:55:01.375 14315 15502 D CustomInterceptor:                 "course_count": 1370
08-05 14:55:01.375 14315 15502 D CustomInterceptor:             },
08-05 14:55:01.375 14315 15502 D CustomInterceptor:             "session_url": "https:\/\/uob-timetable-api.adriankeenan.co.uk\/sessions?dept=BU003&course=MBXBB%2F03AA%2F2%2FPT&level=ALL+Courses"
08-05 14:55:01.375 14315 15502 D CustomInterceptor:         },
08-05 14:55:01.375 14315 15502 D CustomInterceptor:         {
08-05 14:55:01.375 14315 15502 D CustomInterceptor:             "id": "MBXBB\/10AA\/2\/PT",
08-05 14:55:01.375 14315 15502 D CustomInterceptor:             "name": "(Executive) Business Administration - Exec MBA - Ltn - Year 2 Oct PT",
08-05 14:55:01.375 14315 15502 D CustomInterceptor:             "name_start": "(Executive) Business Administration",
08-05 14:55:01.375 14315 15502 D CustomInterceptor:             "name_end": "Exec MBA - Ltn - Year 2 Oct PT",
08-05 14:55:01.375 14315 15502 D CustomInterceptor:             "level": "Postgraduate",
08-05 14:55:01.375 14315 15502 D CustomInterceptor:             "department": {
08-05 14:55:01.375 14315 15502 D CustomInterceptor:                 "id": "BU003",
08-05 14:55:01.375 14315 15502 D CustomInterceptor:                 "name": "Department of Strategy and Management",
08-05 14:55:01.375 14315 15502 D CustomInterceptor:                 "course_count": 1370
08-05 14:55:01.375 14315 15502 D CustomInterceptor:             },
08-05 14:55:01.375 14315 15502 D CustomInterceptor:             "session_url": "https:\/\/uob-timetable-api.adriankeenan.co.uk\/sessions?dept=BU003&course=MBXBB%2F10AA%2F2%2FPT&level=Postgraduate"
08-05 14:55:01.375 14315 15502 D CustomInterceptor:         },
08-05 14:55:01.375 14315 15502 D CustomInterceptor:         {
08-05 14:55:01.375 14315 15502 D CustomInterceptor:             "id": "MBXBB\/10AA\/2\/PT",
08-05 14:55:01.375 14315 15502 D CustomInterceptor:             "name": "(Executive) Business Administration - Exec MBA - Ltn - Year 2 Oct PT",
08-05 14:55:01.375 14315 15502 D CustomInterceptor:             "name_start": "(Executive) Business Administration",
08-05 14:55:01.375 14315 15502 D CustomInterceptor:             "name_end": "Exec MBA - Ltn - Year 2 Oct PT",
08-05 14:55:01.375 14315 15502 D CustomInterceptor:             "level": "ALL Courses",
08-05 14:55:01.375 14315 15502 D CustomInterceptor:             "department": {
08-05 14:55:01.375 14315 15502 D CustomInterceptor:                 "id": "BU003",
08-05 14:55:01.375 14315 15502 D CustomInterceptor:                 "name": "Department of Strategy and Management",
08-05 14:55:01.375 14315 15502 D CustomInterceptor:                 "course_count": 1370
08-05 14:55:01.375 14315 15502 D CustomInterceptor:             },
08-05 14:55:01.375 14315 15502 D CustomInterceptor:             "session_url": "https:\/\/uob-timetable-api.adriankeenan.co.uk\/sessions?dept=BU003&course=MBXBB%2F10AA%2F2%2FPT&level=ALL+Courses"
08-05 14:55:01.375 14315 15502 D CustomInterceptor:         },
08-05 14:55:01.375 14315 15502 D CustomInterceptor:         {
08-05 14:55:01.375 14315 15502 D CustomInterceptor:             "id": "PDAPAAAP\/02AA\/1\/PT",
08-05 14:55:01.375 14315 15502 D CustomInterceptor:             "name": "Academic Practice (Apprenticeship) - PG Dip - Ltn - Year 1 Feb PT",
08-05 14:55:01.375 14315 15502 D CustomInterceptor:             "name_st
08-05 14:55:01.376   918   936 I ActivityManager: Displayed nappagreedy.com.ak.uobtimetable/.CourseListActivity: +202ms
08-05 14:55:01.379 13866 13866 I GoogleInputMethodServic: GoogleInputMethodService.onFinishInput():3138 
08-05 14:55:01.379 14315 15502 D CustomInterceptor: interceptor_finished : return_type #2 : request served from cache
08-05 14:55:01.379 13866 13866 I GoogleInputMethodServic: GoogleInputMethodService.onStartInput():1808 
08-05 14:55:01.389 14315 14328 I art     : Starting a blocking GC Explicit
08-05 14:55:01.537 14315 15502 I NAPPA_EXPERIMENTATION: MetricNetworkRequestExecutionTime: REQUEST_DURATION_SYSTEM='328',REQUEST_DURATION_OKHTTP='0',REQUEST_SYNCHRONOUS='TRUE',RESPONSE_CODE='200',RESPONSE_METHOD='GET',RESPONSE_LENGTH_OKHTTP='7859794',RESPONSE_LENGTH_HEADER='-2',REQUEST_PROTOCOL='http/1.1',REQUEST_URL='https://uob-timetable-api.adriankeenan.co.uk/courses',
08-05 14:55:01.546 14315 14328 I art     : Explicit concurrent mark sweep GC freed 803(43KB) AllocSpace objects, 2(29MB) LOS objects, 19% free, 68MB/84MB, paused 734us total 156.773ms
08-05 14:55:01.561 14315 14328 I art     : Starting a blocking GC Explicit
08-05 14:55:01.597 14315 14328 I art     : Explicit concurrent mark sweep GC freed 1974(11MB) AllocSpace objects, 1(7MB) LOS objects, 19% free, 64MB/80MB, paused 569us total 36.185ms
08-05 14:55:01.609 14315 14333 D Nappa   : PREFETCH_ON_EXTRA - setCurrentActivity - logs - from extra - made prediction isfalse
08-05 14:55:01.610 14315 14328 I art     : Starting a blocking GC Explicit
08-05 14:55:01.644 14315 14328 I art     : Explicit concurrent mark sweep GC freed 80(15KB) AllocSpace objects, 0(0B) LOS objects, 19% free, 64MB/80MB, paused 500us total 33.512ms
08-05 14:55:01.655 14315 14328 I art     : Starting a blocking GC Explicit
08-05 14:55:01.685 14315 14328 I art     : Explicit concurrent mark sweep GC freed 21(960B) AllocSpace objects, 0(0B) LOS objects, 19% free, 64MB/80MB, paused 496us total 29.739ms
08-05 14:55:01.718   512  2967 D audio_hw_primary: disable_audio_route: reset and update mixer path: low-latency-playback speaker
08-05 14:55:01.719   512  2967 D audio_hw_primary: disable_snd_device: snd_device(2: speaker)
08-05 14:55:01.727   512  2967 I soundtrigger: audio_extn_sound_trigger_update_device_status: device 0x2 of type 0 for Event 0
08-05 14:55:01.747 14315 15502 I HTTP    : Response was compressed.
08-05 14:55:01.749 14315 14315 D MainActivity: Saving state
08-05 14:55:01.749 14315 14315 D MainActivity: Saving current fragment: SessionListsFragment
08-05 14:55:01.749 14315 14315 D MainActivity: Saving current index: 2
08-05 14:55:01.750 14315 14315 D SessionListsFragment: Saving state
08-05 14:55:01.970 14315 14521 I art     : Starting a blocking GC Explicit
08-05 14:55:02.017 14315 14521 I art     : Explicit concurrent mark sweep GC freed 82506(3MB) AllocSpace objects, 0(0B) LOS objects, 21% free, 58MB/74MB, paused 794us total 46.858ms
08-05 14:55:02.031 14315 14521 I art     : Starting a blocking GC Explicit
08-05 14:55:02.073 14315 14521 I art     : Explicit concurrent mark sweep GC freed 31081(1465KB) AllocSpace objects, 0(0B) LOS objects, 21% free, 58MB/74MB, paused 881us total 42.348ms
08-05 14:55:02.086 14315 14521 I art     : Starting a blocking GC Explicit
08-05 14:55:02.126 14315 14521 I art     : Explicit concurrent mark sweep GC freed 28977(1352KB) AllocSpace objects, 0(0B) LOS objects, 21% free, 58MB/74MB, paused 881us total 39.954ms
08-05 14:55:02.139 14315 14521 I art     : Starting a blocking GC Explicit
08-05 14:55:02.179 14315 14521 I art     : Explicit concurrent mark sweep GC freed 29424(1391KB) AllocSpace objects, 0(0B) LOS objects, 21% free, 58MB/74MB, paused 864us total 40.361ms
08-05 14:55:02.192 14315 14521 I art     : Starting a blocking GC Explicit
08-05 14:55:02.234 14315 14521 I art     : Explicit concurrent mark sweep GC freed 28113(1315KB) AllocSpace objects, 0(0B) LOS objects, 21% free, 58MB/74MB, paused 892us total 41.211ms
08-05 14:55:02.534 14315 14328 I art     : Starting a blocking GC Explicit
08-05 14:55:02.598 14315 14328 I art     : Explicit concurrent mark sweep GC freed 186016(8MB) AllocSpace objects, 1(20KB) LOS objects, 20% free, 60MB/76MB, paused 802us total 63.467ms
08-05 14:55:02.613 14315 14328 I art     : Starting a blocking GC Explicit
08-05 14:55:02.646   518   646 I ThermalEngine: ACTION: GPU - Setting GPU[0] to 450000000
08-05 14:55:02.663 14315 14328 I art     : Explicit concurrent mark sweep GC freed 39318(1862KB) AllocSpace objects, 0(0B) LOS objects, 20% free, 60MB/76MB, paused 1.361ms total 50.483ms
08-05 14:55:02.681 14315 14328 I art     : Starting a blocking GC Explicit
08-05 14:55:02.740 14315 14328 I art     : Explicit concurrent mark sweep GC freed 41372(1940KB) AllocSpace objects, 0(0B) LOS objects, 20% free, 60MB/76MB, paused 1.365ms total 58.829ms
08-05 14:55:02.759 14315 14328 I art     : Starting a blocking GC Explicit
08-05 14:55:02.819 14315 14328 I art     : Explicit concurrent mark sweep GC freed 41539(1935KB) AllocSpace objects, 0(0B) LOS objects, 20% free, 61MB/77MB, paused 1.362ms total 60.097ms
08-05 14:55:02.838 14315 14328 I art     : Starting a blocking GC Explicit
08-05 14:55:02.898 14315 14328 I art     : Explicit concurrent mark sweep GC freed 41916(1957KB) AllocSpace objects, 0(0B) LOS objects, 20% free, 61MB/77MB, paused 1.427ms total 59.934ms
08-05 14:55:03.226 14315 14328 I art     : Starting a blocking GC Explicit
08-05 14:55:03.312 14315 14328 I art     : Explicit concurrent mark sweep GC freed 211198(9MB) AllocSpace objects, 1(20KB) LOS objects, 20% free, 63MB/79MB, paused 1.308ms total 85.780ms
08-05 14:55:03.333 14315 14328 I art     : Starting a blocking GC Explicit
08-05 14:55:03.398 14315 14328 I art     : Explicit concurrent mark sweep GC freed 53974(2MB) AllocSpace objects, 0(0B) LOS objects, 20% free, 63MB/79MB, paused 1.402ms total 64.910ms
08-05 14:55:03.418 14315 14328 I art     : Starting a blocking GC Explicit
08-05 14:55:03.485 14315 14328 I art     : Explicit concurrent mark sweep GC freed 46790(2MB) AllocSpace objects, 0(0B) LOS objects, 20% free, 63MB/79MB, paused 1.558ms total 66.826ms
08-05 14:55:03.506 14315 14328 I art     : Starting a blocking GC Explicit
08-05 14:55:03.573 14315 14328 I art     : Explicit concurrent mark sweep GC freed 46205(2MB) AllocSpace objects, 0(0B) LOS objects, 19% free, 64MB/80MB, paused 1.563ms total 67.357ms
08-05 14:55:03.593 14315 14328 I art     : Starting a blocking GC Explicit
08-05 14:55:03.662 14315 14328 I art     : Explicit concurrent mark sweep GC freed 45186(2MB) AllocSpace objects, 0(0B) LOS objects, 19% free, 64MB/80MB, paused 1.645ms total 68.915ms
08-05 14:55:03.980 14315 14799 I art     : Starting a blocking GC Explicit
08-05 14:55:04.075 14315 14799 I art     : Explicit concurrent mark sweep GC freed 209029(9MB) AllocSpace objects, 1(20KB) LOS objects, 19% free, 66MB/82MB, paused 1.523ms total 94.134ms
08-05 14:55:04.098 14315 14799 I art     : Starting a blocking GC Explicit
08-05 14:55:04.172 14315 14799 I art     : Explicit concurrent mark sweep GC freed 57951(2MB) AllocSpace objects, 0(0B) LOS objects, 19% free, 66MB/82MB, paused 1.636ms total 73.980ms
08-05 14:55:04.194 14315 14799 I art     : Starting a blocking GC Explicit
08-05 14:55:04.271 14315 14799 I art     : Explicit concurrent mark sweep GC freed 52185(2MB) AllocSpace objects, 0(0B) LOS objects, 19% free, 66MB/82MB, paused 1.767ms total 76.628ms
08-05 14:55:04.293 14315 14799 I art     : Starting a blocking GC Explicit
08-05 14:55:04.371 14315 14799 I art     : Explicit concurrent mark sweep GC freed 52506(2MB) AllocSpace objects, 0(0B) LOS objects, 19% free, 67MB/83MB, paused 1.823ms total 77.489ms
08-05 14:55:04.393 14315 14799 I art     : Starting a blocking GC Explicit
08-05 14:55:04.473 14315 14799 I art     : Explicit concurrent mark sweep GC freed 52575(2MB) AllocSpace objects, 0(0B) LOS objects, 19% free, 67MB/83MB, paused 1.818ms total 79.997ms
08-05 14:55:04.578 14315 15502 I Service : getCourses response time: 0.69
08-05 14:55:04.587 14315 14315 I SettingsManager: Getting string: savedCourse
08-05 14:55:04.793 14315 14800 I art     : Starting a blocking GC Explicit
08-05 14:55:04.889 14315 14800 I art     : Explicit concurrent mark sweep GC freed 64649(3MB) AllocSpace objects, 2(15MB) LOS objects, 23% free, 52MB/68MB, paused 699us total 95.357ms
08-05 14:55:04.913 14315 14800 I art     : Starting a blocking GC Explicit
08-05 14:55:04.996 14315 14800 I art     : Explicit concurrent mark sweep GC freed 789(68KB) AllocSpace objects, 0(0B) LOS objects, 23% free, 52MB/68MB, paused 769us total 82.176ms
08-05 14:55:05.021 14315 14800 I art     : Starting a blocking GC Explicit
08-05 14:55:05.105 14315 14800 I art     : Explicit concurrent mark sweep GC freed 3(96B) AllocSpace objects, 0(0B) LOS objects, 23% free, 52MB/68MB, paused 703us total 83.981ms
08-05 14:55:05.131 14315 14800 I art     : Starting a blocking GC Explicit
08-05 14:55:05.217 14315 14800 I art     : Explicit concurrent mark sweep GC freed 3(96B) AllocSpace objects, 0(0B) LOS objects, 23% free, 52MB/68MB, paused 706us total 85.047ms
08-05 14:55:05.242 14315 14800 I art     : Starting a blocking GC Explicit
08-05 14:55:05.324 14315 14800 I art     : Explicit concurrent mark sweep GC freed 3(96B) AllocSpace objects, 0(0B) LOS objects, 23% free, 52MB/68MB, paused 675us total 81.340ms
08-05 14:55:05.686 14315 14327 I art     : Starting a blocking GC Explicit
08-05 14:55:05.788 14315 14327 I art     : Explicit concurrent mark sweep GC freed 1513(87KB) AllocSpace objects, 1(20KB) LOS objects, 23% free, 52MB/68MB, paused 716us total 101.599ms
08-05 14:55:05.814 14315 14327 I art     : Starting a blocking GC Explicit
08-05 14:55:05.892 14315 14327 I art     : Explicit concurrent mark sweep GC freed 26(944B) AllocSpace objects, 0(0B) LOS objects, 23% free, 52MB/68MB, paused 696us total 77.276ms
08-05 14:55:05.917 14315 14327 I art     : Starting a blocking GC Explicit
08-05 14:55:06.002 14315 14327 I art     : Explicit concurrent mark sweep GC freed 3(96B) AllocSpace objects, 0(0B) LOS objects, 23% free, 52MB/68MB, paused 796us total 85.217ms
08-05 14:55:06.028 14315 14327 I art     : Starting a blocking GC Explicit
08-05 14:55:06.112 14315 14327 I art     : Explicit concurrent mark sweep GC freed 3(96B) AllocSpace objects, 0(0B) LOS objects, 23% free, 52MB/68MB, paused 692us total 84ms
08-05 14:55:06.138 14315 14327 I art     : Starting a blocking GC Explicit
08-05 14:55:06.222 14315 14327 I art     : Explicit concurrent mark sweep GC freed 4(128B) AllocSpace objects, 0(0B) LOS objects, 23% free, 52MB/68MB, paused 709us total 83.907ms
08-05 14:55:06.613 14315 14521 I art     : Starting a blocking GC Explicit
08-05 14:55:06.709 14315 14521 I art     : Explicit concurrent mark sweep GC freed 1518(91KB) AllocSpace objects, 1(20KB) LOS objects, 23% free, 52MB/68MB, paused 741us total 95.916ms
08-05 14:55:06.734 14315 14521 I art     : Starting a blocking GC Explicit
08-05 14:55:06.820 14315 14521 I art     : Explicit concurrent mark sweep GC freed 26(944B) AllocSpace objects, 0(0B) LOS objects, 23% free, 52MB/68MB, paused 706us total 85.356ms
08-05 14:55:06.846 14315 14521 I art     : Starting a blocking GC Explicit
08-05 14:55:06.931 14315 14521 I art     : Explicit concurrent mark sweep GC freed 3(96B) AllocSpace objects, 0(0B) LOS objects, 23% free, 52MB/68MB, paused 695us total 84.790ms
08-05 14:55:06.957 14315 14521 I art     : Starting a blocking GC Explicit
08-05 14:55:07.041 14315 14521 I art     : Explicit concurrent mark sweep GC freed 3(96B) AllocSpace objects, 0(0B) LOS objects, 23% free, 52MB/68MB, paused 675us total 83.914ms
08-05 14:55:07.066 14315 14521 I art     : Starting a blocking GC Explicit
08-05 14:55:07.152 14315 14521 I art     : Explicit concurrent mark sweep GC freed 3(96B) AllocSpace objects, 0(0B) LOS objects, 23% free, 52MB/68MB, paused 654us total 85.446ms
08-05 14:55:07.490 14315 14799 I art     : Starting a blocking GC Explicit
08-05 14:55:07.571 14315 14799 I art     : Explicit concurrent mark sweep GC freed 1513(87KB) AllocSpace objects, 1(20KB) LOS objects, 23% free, 52MB/68MB, paused 694us total 80.610ms
08-05 14:55:07.595   918  3261 D WifiStateMachine: starting scan for "H369AA63323"WPA_PSK with 2412,5180
08-05 14:55:07.595 14315 14799 I art     : Starting a blocking GC Explicit
08-05 14:55:07.655   518   646 I ThermalEngine: ACTION: GPU - Setting GPU[0] to 510000000
08-05 14:55:07.670 14315 14799 I art     : Explicit concurrent mark sweep GC freed 26(944B) AllocSpace objects, 0(0B) LOS objects, 23% free, 52MB/68MB, paused 690us total 75.115ms
08-05 14:55:07.671 14315 14325 I art     : WaitForGcToComplete blocked for 72.553ms for cause HeapTrim
08-05 14:55:07.695 14315 14799 I art     : Starting a blocking GC Explicit
08-05 14:55:07.759 14315 14799 I art     : Explicit concurrent mark sweep GC freed 3(96B) AllocSpace objects, 0(0B) LOS objects, 23% free, 52MB/68MB, paused 513us total 64.059ms
08-05 14:55:07.779 14315 14799 I art     : Starting a blocking GC Explicit
08-05 14:55:07.841 14315 14799 I art     : Explicit concurrent mark sweep GC freed 3(96B) AllocSpace objects, 0(0B) LOS objects, 23% free, 52MB/68MB, paused 538us total 62.119ms
08-05 14:55:07.861 14315 14799 I art     : Starting a blocking GC Explicit
08-05 14:55:07.888 15589 15589 D AndroidRuntime: >>>>>> START com.android.internal.os.RuntimeInit uid 2000 <<<<<<
08-05 14:55:07.893 15589 15589 D AndroidRuntime: CheckJNI is OFF
