08-05 16:47:02.242 13595 13606 I art     : Explicit concurrent mark sweep GC freed 3(96B) AllocSpace objects, 0(0B) LOS objects, 27% free, 41MB/57MB, paused 604us total 41.983ms
08-05 16:47:02.249   512  2967 D audio_hw_primary: disable_audio_route: reset and update mixer path: low-latency-playback speaker
08-05 16:47:02.249   512  2967 D audio_hw_primary: disable_snd_device: snd_device(2: speaker)
08-05 16:47:02.257   512  2967 I soundtrigger: audio_extn_sound_trigger_update_device_status: device 0x2 of type 0 for Event 0
08-05 16:47:02.258 13595 13606 I art     : Starting a blocking GC Explicit
08-05 16:47:02.299 13595 13606 I art     : Explicit concurrent mark sweep GC freed 3(96B) AllocSpace objects, 0(0B) LOS objects, 27% free, 41MB/57MB, paused 597us total 41.552ms
08-05 16:47:02.639 13595 13607 I art     : Starting a blocking GC Explicit
08-05 16:47:02.694 13595 13607 I art     : Explicit concurrent mark sweep GC freed 1513(88KB) AllocSpace objects, 1(20KB) LOS objects, 27% free, 41MB/57MB, paused 716us total 54.521ms
08-05 16:47:02.714 13595 13607 I art     : Starting a blocking GC Explicit
08-05 16:47:02.759 13595 13607 I art     : Explicit concurrent mark sweep GC freed 28(1008B) AllocSpace objects, 0(0B) LOS objects, 27% free, 41MB/57MB, paused 663us total 44.363ms
08-05 16:47:02.775 13595 13607 I art     : Starting a blocking GC Explicit
08-05 16:47:02.820 13595 13607 I art     : Explicit concurrent mark sweep GC freed 3(96B) AllocSpace objects, 0(0B) LOS objects, 27% free, 41MB/57MB, paused 662us total 45.048ms
08-05 16:47:02.836 13595 13607 I art     : Starting a blocking GC Explicit
08-05 16:47:02.880 13595 13607 I art     : Explicit concurrent mark sweep GC freed 3(96B) AllocSpace objects, 0(0B) LOS objects, 27% free, 41MB/57MB, paused 667us total 43.862ms
08-05 16:47:02.897 13595 13607 I art     : Starting a blocking GC Explicit
08-05 16:47:02.939 13595 13607 I art     : Explicit concurrent mark sweep GC freed 3(96B) AllocSpace objects, 0(0B) LOS objects, 27% free, 41MB/57MB, paused 657us total 41.526ms
08-05 16:47:03.269 13595 13606 I art     : Starting a blocking GC Explicit
08-05 16:47:03.325 13595 13606 I art     : Explicit concurrent mark sweep GC freed 1514(88KB) AllocSpace objects, 1(20KB) LOS objects, 27% free, 41MB/57MB, paused 724us total 54.955ms
08-05 16:47:03.345 13595 13606 I art     : Starting a blocking GC Explicit
08-05 16:47:03.386 13595 13606 I art     : Explicit concurrent mark sweep GC freed 33(1168B) AllocSpace objects, 0(0B) LOS objects, 27% free, 41MB/57MB, paused 633us total 39.876ms
08-05 16:47:03.401 13595 13606 I art     : Starting a blocking GC Explicit
08-05 16:47:03.432 14693 14693 D AndroidRuntime: >>>>>> START com.android.internal.os.RuntimeInit uid 2000 <<<<<<
08-05 16:47:03.437 14693 14693 D AndroidRuntime: CheckJNI is OFF
08-05 16:47:03.439 13595 13606 I art     : Explicit concurrent mark sweep GC freed 9(288B) AllocSpace objects, 0(0B) LOS objects, 27% free, 41MB/57MB, paused 684us total 38.127ms
08-05 16:47:03.454 13595 13606 I art     : Starting a blocking GC Explicit
08-05 16:47:03.478 14693 14693 D ICU     : No timezone override file found: /data/misc/zoneinfo/current/icu/icu_tzdata.dat
08-05 16:47:03.492 13595 13606 I art     : Explicit concurrent mark sweep GC freed 9(288B) AllocSpace objects, 0(0B) LOS objects, 27% free, 41MB/57MB, paused 671us total 38.211ms
08-05 16:47:03.506 13595 13606 I art     : Starting a blocking GC Explicit
08-05 16:47:03.520 14693 14693 I Radio-JNI: register_android_hardware_Radio DONE
08-05 16:47:03.546 13595 13606 I art     : Explicit concurrent mark sweep GC freed 10(320B) AllocSpace objects, 0(0B) LOS objects, 27% free, 41MB/57MB, paused 606us total 39.005ms
08-05 16:47:03.549 14693 14693 D AndroidRuntime: Calling main entry com.android.commands.input.Input
08-05 16:47:03.551 14693 14693 I Input   : injectMotionEvent: MotionEvent { action=ACTION_DOWN, actionButton=0, id[0]=0, x[0]=436.0, y[0]=1770.0, toolType[0]=TOOL_TYPE_UNKNOWN, buttonState=0, metaState=0, flags=0x0, edgeFlags=0x0, pointerCount=1, historySize=0, eventTime=809239963, downTime=809239963, deviceId=0, source=0x1002 }
08-05 16:47:03.557 14693 14693 I Input   : injectMotionEvent: MotionEvent { action=ACTION_UP, actionButton=0, id[0]=0, x[0]=436.0, y[0]=1770.0, toolType[0]=TOOL_TYPE_UNKNOWN, buttonState=0, metaState=0, flags=0x0, edgeFlags=0x0, pointerCount=1, historySize=0, eventTime=809239963, downTime=809239963, deviceId=0, source=0x1002 }
08-05 16:47:03.558 14693 14693 D AndroidRuntime: Shutting down VM
08-05 16:47:03.563 13595 13595 D MainActivity: NavigationItemSelected: Courses
08-05 16:47:03.565 13595 13595 D NappaIntentExtras: ==================
08-05 16:47:03.565 13595 13595 D NappaIntentExtras: Log #5
08-05 16:47:03.565 13595 13595 D NappaIntentExtras: ------------------
08-05 16:47:03.565 13595 13595 D NappaIntentExtras: activity nappagreedy.com.ak.uobtimetable.WelcomeActivity
08-05 16:47:03.565   512  2967 D audio_hw_primary: out_set_parameters: enter: usecase(1: low-latency-playback) kvpairs: routing=2
08-05 16:47:03.565 13595 13595 D NappaIntentExtras: 	- No extras registered
08-05 16:47:03.565 13595 13595 D NappaIntentExtras: activity nappagreedy.com.ak.uobtimetable.MainActivity
08-05 16:47:03.565 13595 13595 D NappaIntentExtras: 	- No extras registered
08-05 16:47:03.565 13595 13595 D NappaIntentExtras: activity nappagreedy.com.ak.uobtimetable.CourseListActivity
08-05 16:47:03.565 13595 13595 D NappaIntentExtras: 	- 1 extras registered
08-05 16:47:03.565 13595 13595 D NappaIntentExtras: 	- forceRefreshSessions : true
08-05 16:47:03.565 13595 13595 D NappaIntentExtras: ==================
08-05 16:47:03.567   918  5481 I ActivityManager: START u0 {cmp=nappagreedy.com.ak.uobtimetable/.CourseListActivity} from uid 10687 on display 0
08-05 16:47:03.576 13595 13595 D NappaLifecycleObserver: nappagreedy.com.ak.uobtimetable.MainActivity - onPause
08-05 16:47:03.577 13595 13595 D Nappa   : Stayed on nappagreedy.com.ak.uobtimetable.MainActivity for 6443 ms
08-05 16:47:03.577 13595 13595 D MainActivity: OnPause
08-05 16:47:03.579   512  2967 D audio_hw_primary: select_devices: out_snd_device(2: speaker) in_snd_device(0: none)
08-05 16:47:03.579   512  2967 D msm8974_platform: platform_send_audio_calibration: sending audio calibration for snd_device(2) acdb_id(15)
08-05 16:47:03.579   512  2967 I soundtrigger: audio_extn_sound_trigger_update_device_status: device 0x2 of type 0 for Event 1
08-05 16:47:03.589   512  2967 D audio_hw_primary: enable_snd_device: snd_device(2: speaker)
08-05 16:47:03.591   512  2967 D audio_hw_primary: enable_audio_route: apply and update mixer path: low-latency-playback speaker
08-05 16:47:03.623 13595 13595 D CourseListActivity: onCreate
08-05 16:47:03.625 13595 13595 D NappaLifecycleObserver: nappagreedy.com.ak.uobtimetable.CourseListActivity - onResume
08-05 16:47:03.625 13595 14716 D Nappa   : TAG okHttpClient initialized
08-05 16:47:03.625 13595 13595 D Nappa   : setCurrentActivity - MetricStrategyAccuracy - 
08-05 16:47:03.625 13595 13595 D Nappa   : madePredictionFromActivity = true, 
08-05 16:47:03.625 13595 13595 D Nappa   : fromActivity = nappagreedy.com.ak.uobtimetable.MainActivity, 
08-05 16:47:03.625 13595 13595 D Nappa   : predictedNextActivityFromActivity = [nappagreedy.com.ak.uobtimetable.WelcomeActivity, nappagreedy.com.ak.uobtimetable.CourseListActivity, nappagreedy.com.ak.uobtimetable.MainActivity], 
08-05 16:47:03.625 13595 13595 D Nappa   : activity.getClass().getCanonicalName() = nappagreedy.com.ak.uobtimetable.CourseListActivity, 
08-05 16:47:03.625 13595 13595 D Nappa   : setCurrentActivity - MetricStrategyAccuracy - 
08-05 16:47:03.625 13595 13595 D Nappa   : madePredictionFromExtra = false, 
08-05 16:47:03.625 13595 13595 D Nappa   : fromActivity = nappagreedy.com.ak.uobtimetable.MainActivity, 
08-05 16:47:03.625 13595 13595 D Nappa   : predictedNextActivityFromExtra = [], 
08-05 16:47:03.625 13595 13595 D Nappa   : activity.getClass().getCanonicalName() = nappagreedy.com.ak.uobtimetable.CourseListActivity, 
08-05 16:47:03.625 13595 14716 D HTTP    : Request for: https://uob-timetable-api.adriankeenan.co.uk/courses
08-05 16:47:03.626 13595 13595 D Nappa   : PREFETCH_ON_EXTRA - setCurrentActivity - logs - from activity - made prediction istrue
08-05 16:47:03.626 13595 13595 D Nappa   : PREFETCH_ON_EXTRA - setCurrentActivity - logs - from activity - start
08-05 16:47:03.626 13595 13595 D Nappa   : setCurrentActivity - MetricStrategyAccuracy - checking prediction VS current activity for activities
08-05 16:47:03.626 13595 13595 D GreedyPrefetchingStrategyOnVisitFrequencyAndTime: MetricStrategyAccuracy inc hits count6 | from act
08-05 16:47:03.626 13595 13595 I NAPPA_EXPERIMENTATION: MetricStrategyAccuracy: LOG_ID='6',EXECUTION_COUNT='6',CASES_COUNT='6',HIT_PERCENTAGE_TOTAL='100.0',HIT_PERCENTAGE_WHEN_PREDICTED='100.0',HIT_COUNT='6',MISS_COUNT='0',INSUFFICIENT_SCORE_COUNT='0',EXCEPTION_COUNT='0',NO_SUCCESSOR_COUNT='0',
08-05 16:47:03.626 13595 13595 D Nappa   : PREFETCH_ON_EXTRA - setCurrentActivity - logs - from activity- finished
08-05 16:47:03.627 13595 14716 D CustomInterceptor: NETWORK-PROVIDER https://uob-timetable-api.adriankeenan.co.uk/courses
08-05 16:47:03.627 13595 14716 D Nappa   : F1_SCORE add_intercept_url - (already in) - https://uob-timetable-api.adriankeenan.co.uk/courses
08-05 16:47:03.627 13595 14716 D Nappa   : F1_SCORE add_fn_url - (already in) - https://uob-timetable-api.adriankeenan.co.uk/courses
08-05 16:47:03.627 13595 14716 D Nappa   : -------------F1_SCORE #9 -----------
08-05 16:47:03.627 13595 14716 D Nappa   : F1_SCORE - Intercept list (3)= [https://uob-timetable-api.adriankeenan.co.uk/courses, https://uob-timetable-api.adriankeenan.co.uk/sessions?dept=BD002&course=CFIEFAAF%2F02AA%2F0%2FFT&level=ALL+Courses, https://uob-timetable-api.adriankeenan.co.uk/sessions?dept=CM010&course=BSAIFAAF%2F02AA%2F0%2FFT&level=Foundation+Year]
08-05 16:47:03.627 13595 14716 D Nappa   : F1_SCORE - Prefetch list (0)= []
08-05 16:47:03.627 13595 14716 D Nappa   : F1_SCORE - TP list (0)= []
08-05 16:47:03.627 13595 14716 D Nappa   : F1_SCORE - FN list (3)= [https://uob-timetable-api.adriankeenan.co.uk/courses, https://uob-timetable-api.adriankeenan.co.uk/sessions?dept=BD002&course=CFIEFAAF%2F02AA%2F0%2FFT&level=ALL+Courses, https://uob-timetable-api.adriankeenan.co.uk/sessions?dept=CM010&course=BSAIFAAF%2F02AA%2F0%2FFT&level=Foundation+Year]
08-05 16:47:03.627 13595 14716 I NAPPA_EXPERIMENTATION: MetricPrefetchingAccuracy: LOG_ID='10',F1_SCORE_1='0.0',F1_SCORE_2='0.0',TRUE_POSITIVE='0',FALSE_POSITIVE='0',FALSE_NEGATIVE='3',
08-05 16:47:03.627 13595 14716 D CustomInterceptor: HEADER REQUEST
08-05 16:47:03.627 13595 14716 D CustomInterceptor: API-Version 2
08-05 16:47:03.627 13595 14716 D CustomInterceptor: App-Version 21
08-05 16:47:03.627 13595 14716 D CustomInterceptor: Cache-Control max-age=300, max-stale=300
08-05 16:47:03.627 13595 14716 D CustomInterceptor: User-Agent Dalvik/2.1.0 (Linux; U; Android 6.0; Nexus 6P Build/MDB08K)
08-05 16:47:03.627 13595 14716 D CustomInterceptor: CACHED STATS: size = '3', maxSize = '100', hitCount = '4', createCount = '0', putCount = '3', evictionCount = '0', missCount = '3', toString = 'LruCache[maxSize=100,hits=4,misses=3,hitRate=57%]', 
08-05 16:47:03.628 13595 14716 D CustomInterceptor: PREFLIB GET REQUEST https://uob-timetable-api.adriankeenan.co.uk/courses
08-05 16:47:03.628 13595 14716 D CustomInterceptor: PREFLIB found https://uob-timetable-api.adriankeenan.co.uk/courses, sending it back
08-05 16:47:03.726 13595 13595 D Nappa   : registerActivity: (already in) nappagreedy.com.ak.uobtimetable.CourseListActivity
08-05 16:47:03.727 13595 13595 D ActivityGraph: LARDataCalculatedUpdate nappagreedy.com.ak.uobtimetable.CourseListActivity Pagerank: 0.25 HITS-Authority: 1.0 HITS-Hub: 1.0 SALSA-Authority: 1.0 SALSA-Hub: 1.0
08-05 16:47:03.727 13595 13595 D Nappa   : SHOULD_PREFETCH false
08-05 16:47:03.727 13595 13595 D Nappa   : STATS Number of requests not prefetched: 3
08-05 16:47:03.727 13595 13613 D Nappa   : registerActivity: (already in) nappagreedy.com.ak.uobtimetable.CourseListActivity
08-05 16:47:03.727 13595 13595 D Nappa   : STATS Number of requests prefetched: 2
08-05 16:47:03.727 13595 13613 D Nappa   : PARENTS 
08-05 16:47:03.727 13595 13613 D Nappa   : Of: nappagreedy.com.ak.uobtimetable.CourseListActivity -> 
08-05 16:47:03.727 13595 13595 D Nappa   : STATS Time saved until now: 0.09
08-05 16:47:03.727 13595 13613 D Nappa   : PARENTS nappagreedy.com.ak.uobtimetable.WelcomeActivity
08-05 16:47:03.727 13595 13613 D Nappa   : PARENTS nappagreedy.com.ak.uobtimetable.MainActivity
08-05 16:47:03.727 13595 13613 D Nappa   : PARENTS nappagreedy.com.ak.uobtimetable.CourseListActivity
08-05 16:47:03.727 13595 13613 D Nappa   : PARENTS has extra: (forceRefreshSessions, true)
08-05 16:47:03.791 13595 14716 D CustomInterceptor: CONTENT {
08-05 16:47:03.791 13595 14716 D CustomInterceptor:     "api_version": 2,
08-05 16:47:03.791 13595 14716 D CustomInterceptor:     "response_time": 0.69,
08-05 16:47:03.791 13595 14716 D CustomInterceptor:     "error": false,
08-05 16:47:03.791 13595 14716 D CustomInterceptor:     "courses": [
08-05 16:47:03.791 13595 14716 D CustomInterceptor:         {
08-05 16:47:03.791 13595 14716 D CustomInterceptor:             "id": "MBXBB\/10AA\/1\/PT",
08-05 16:47:03.791 13595 14716 D CustomInterceptor:             "name": "(Executive) Business Administration - Exec MBA - Ltn - Year 1 Oct PT",
08-05 16:47:03.791 13595 14716 D CustomInterceptor:             "name_start": "(Executive) Business Administration",
08-05 16:47:03.791 13595 14716 D CustomInterceptor:             "name_end": "Exec MBA - Ltn - Year 1 Oct PT",
08-05 16:47:03.791 13595 14716 D CustomInterceptor:             "level": "ALL Courses",
08-05 16:47:03.791 13595 14716 D CustomInterceptor:             "department": {
08-05 16:47:03.791 13595 14716 D CustomInterceptor:                 "id": "BU003",
08-05 16:47:03.791 13595 14716 D CustomInterceptor:                 "name": "Department of Strategy and Management",
08-05 16:47:03.791 13595 14716 D CustomInterceptor:                 "course_count": 1370
08-05 16:47:03.791 13595 14716 D CustomInterceptor:             },
08-05 16:47:03.791 13595 14716 D CustomInterceptor:             "session_url": "https:\/\/uob-timetable-api.adriankeenan.co.uk\/sessions?dept=BU003&course=MBXBB%2F10AA%2F1%2FPT&level=ALL+Courses"
08-05 16:47:03.791 13595 14716 D CustomInterceptor:         },
08-05 16:47:03.791 13595 14716 D CustomInterceptor:         {
08-05 16:47:03.791 13595 14716 D CustomInterceptor:             "id": "MBXBB\/10AA\/1\/PT",
08-05 16:47:03.791 13595 14716 D CustomInterceptor:             "name": "(Executive) Business Administration - Exec MBA - Ltn - Year 1 Oct PT",
08-05 16:47:03.791 13595 14716 D CustomInterceptor:             "name_start": "(Executive) Business Administration",
08-05 16:47:03.791 13595 14716 D CustomInterceptor:             "name_end": "Exec MBA - Ltn - Year 1 Oct PT",
08-05 16:47:03.791 13595 14716 D CustomInterceptor:             "level": "Postgraduate",
08-05 16:47:03.791 13595 14716 D CustomInterceptor:             "department": {
08-05 16:47:03.791 13595 14716 D CustomInterceptor:                 "id": "BU003",
08-05 16:47:03.791 13595 14716 D CustomInterceptor:                 "name": "Department of Strategy and Management",
08-05 16:47:03.791 13595 14716 D CustomInterceptor:                 "course_count": 1370
08-05 16:47:03.791 13595 14716 D CustomInterceptor:             },
08-05 16:47:03.791 13595 14716 D CustomInterceptor:             "session_url": "https:\/\/uob-timetable-api.adriankeenan.co.uk\/sessions?dept=BU003&course=MBXBB%2F10AA%2F1%2FPT&level=Postgraduate"
08-05 16:47:03.791 13595 14716 D CustomInterceptor:         },
08-05 16:47:03.791 13595 14716 D CustomInterceptor:         {
08-05 16:47:03.791 13595 14716 D CustomInterceptor:             "id": "MBXBB\/03AA\/2\/PT",
08-05 16:47:03.791 13595 14716 D CustomInterceptor:             "name": "(Executive) Business Administration - Exec MBA - Ltn - Year 2 Mar PT",
08-05 16:47:03.791 13595 14716 D CustomInterceptor:             "name_start": "(Executive) Business Administration",
08-05 16:47:03.791 13595 14716 D CustomInterceptor:             "name_end": "Exec MBA - Ltn - Year 2 Mar PT",
08-05 16:47:03.791 13595 14716 D CustomInterceptor:             "level": "Postgraduate",
08-05 16:47:03.791 13595 14716 D CustomInterceptor:             "department": {
08-05 16:47:03.791 13595 14716 D CustomInterceptor:                 "id": "BU003",
08-05 16:47:03.791 13595 14716 D CustomInterceptor:                 "name": "Department of Strategy and Management",
08-05 16:47:03.791 13595 14716 D CustomInterceptor:                 "course_count": 1370
08-05 16:47:03.791 13595 14716 D CustomInterceptor:             },
08-05 16:47:03.791 13595 14716 D CustomInterceptor:             "session_url": "https:\/\/uob-timetable-api.adriankeenan.co.uk\/sessions?dept=BU003&course=MBXBB%2F03AA%2F2%2FPT&level=Postgraduate"
08-05 16:47:03.791 13595 14716 D CustomInterceptor:         },
08-05 16:47:03.791 13595 14716 D CustomInterceptor:         {
08-05 16:47:03.791 13595 14716 D CustomInterceptor:             "id": "MBXBB\/03AA\/2\/PT",
08-05 16:47:03.791 13595 14716 D CustomInterceptor:             "name": "(Executive) Business Administration - Exec MBA - Ltn - Year 2 Mar PT",
08-05 16:47:03.791 13595 14716 D CustomInterceptor:             "name_start": "(Executive) Business Administration",
08-05 16:47:03.791 13595 14716 D CustomInterceptor:             "name_end": "Exec MBA - Ltn - Year 2 Mar PT",
08-05 16:47:03.791 13595 14716 D CustomInterceptor:             "level": "ALL Courses",
08-05 16:47:03.791 13595 14716 D CustomInterceptor:             "department": {
08-05 16:47:03.791 13595 14716 D CustomInterceptor:                 "id": "BU003",
08-05 16:47:03.791 13595 14716 D CustomInterceptor:                 "name": "Department of Strategy and Management",
08-05 16:47:03.791 13595 14716 D CustomInterceptor:                 "course_count": 1370
08-05 16:47:03.791 13595 14716 D CustomInterceptor:             },
08-05 16:47:03.791 13595 14716 D CustomInterceptor:             "session_url": "https:\/\/uob-timetable-api.adriankeenan.co.uk\/sessions?dept=BU003&course=MBXBB%2F03AA%2F2%2FPT&level=ALL+Courses"
08-05 16:47:03.791 13595 14716 D CustomInterceptor:         },
08-05 16:47:03.791 13595 14716 D CustomInterceptor:         {
08-05 16:47:03.791 13595 14716 D CustomInterceptor:             "id": "MBXBB\/10AA\/2\/PT",
08-05 16:47:03.791 13595 14716 D CustomInterceptor:             "name": "(Executive) Business Administration - Exec MBA - Ltn - Year 2 Oct PT",
08-05 16:47:03.791 13595 14716 D CustomInterceptor:             "name_start": "(Executive) Business Administration",
08-05 16:47:03.791 13595 14716 D CustomInterceptor:             "name_end": "Exec MBA - Ltn - Year 2 Oct PT",
08-05 16:47:03.791 13595 14716 D CustomInterceptor:             "level": "Postgraduate",
08-05 16:47:03.791 13595 14716 D CustomInterceptor:             "department": {
08-05 16:47:03.791 13595 14716 D CustomInterceptor:                 "id": "BU003",
08-05 16:47:03.791 13595 14716 D CustomInterceptor:                 "name": "Department of Strategy and Management",
08-05 16:47:03.791 13595 14716 D CustomInterceptor:                 "course_count": 1370
08-05 16:47:03.791 13595 14716 D CustomInterceptor:             },
08-05 16:47:03.791 13595 14716 D CustomInterceptor:             "session_url": "https:\/\/uob-timetable-api.adriankeenan.co.uk\/sessions?dept=BU003&course=MBXBB%2F10AA%2F2%2FPT&level=Postgraduate"
08-05 16:47:03.791 13595 14716 D CustomInterceptor:         },
08-05 16:47:03.791 13595 14716 D CustomInterceptor:         {
08-05 16:47:03.791 13595 14716 D CustomInterceptor:             "id": "MBXBB\/10AA\/2\/PT",
08-05 16:47:03.791 13595 14716 D CustomInterceptor:             "name": "(Executive) Business Administration - Exec MBA - Ltn - Year 2 Oct PT",
08-05 16:47:03.791 13595 14716 D CustomInterceptor:             "name_start": "(Executive) Business Administration",
08-05 16:47:03.791 13595 14716 D CustomInterceptor:             "name_end": "Exec MBA - Ltn - Year 2 Oct PT",
08-05 16:47:03.791 13595 14716 D CustomInterceptor:             "level": "ALL Courses",
08-05 16:47:03.791 13595 14716 D CustomInterceptor:             "department": {
08-05 16:47:03.791 13595 14716 D CustomInterceptor:                 "id": "BU003",
08-05 16:47:03.791 13595 14716 D CustomInterceptor:                 "name": "Department of Strategy and Management",
08-05 16:47:03.791 13595 14716 D CustomInterceptor:                 "course_count": 1370
08-05 16:47:03.791 13595 14716 D CustomInterceptor:             },
08-05 16:47:03.791 13595 14716 D CustomInterceptor:             "session_url": "https:\/\/uob-timetable-api.adriankeenan.co.uk\/sessions?dept=BU003&course=MBXBB%2F10AA%2F2%2FPT&level=ALL+Courses"
08-05 16:47:03.791 13595 14716 D CustomInterceptor:         },
08-05 16:47:03.791 13595 14716 D CustomInterceptor:         {
08-05 16:47:03.791 13595 14716 D CustomInterceptor:             "id": "PDAPAAAP\/02AA\/1\/PT",
08-05 16:47:03.791 13595 14716 D CustomInterceptor:             "name": "Academic Practice (Apprenticeship) - PG Dip - Ltn - Year 1 Feb PT",
08-05 16:47:03.791 13595 14716 D CustomInterceptor:             "name_st
08-05 16:47:03.794 13595 14716 D CustomInterceptor: interceptor_finished : return_type #2 : request served from cache
08-05 16:47:03.794 13595 13595 D ActivityNode: Observer - visit time - MainActivity - New aggregate visit time found is 80623 ms
08-05 16:47:03.821 24365 17236 I NetworkScheduler.Stats: Task com.google.android.gms/com.google.android.gms.icing.service.IcingGcmTaskService started execution. cause:4 exec_start_elapsed_seconds: 1792627 [CONTEXT service_id=218 ]
08-05 16:47:03.824   918   936 I ActivityManager: Displayed nappagreedy.com.ak.uobtimetable/.CourseListActivity: +244ms
08-05 16:47:03.825 13866 13866 I GoogleInputMethodServic: GoogleInputMethodService.onFinishInput():3138 
08-05 16:47:03.825 13866 13866 I GoogleInputMethodServic: GoogleInputMethodService.onStartInput():1808 
08-05 16:47:03.831 24365 23174 I NetworkScheduler.Stats: Task com.google.android.gms/com.google.android.gms.icing.service.IcingGcmTaskService finished executing. cause:4 result: 1 elapsed_millis: 27 uptime_millis: 27 exec_start_elapsed_seconds: 1792627 [CONTEXT service_id=218 ]
08-05 16:47:03.872 24365 17236 I NetworkScheduler.Stats: Task com.google.android.gms/com.google.android.gms.stats.PlatformStatsCollectorService started execution. cause:5 exec_start_elapsed_seconds: 1792627 [CONTEXT service_id=218 ]
08-05 16:47:03.876 13595 13803 I art     : Waiting for a blocking GC Explicit
08-05 16:47:03.880   918  6111 I AccountManagerService: getTypesVisibleToCaller: isPermitted? true
08-05 16:47:03.884 24365 23174 I NetworkScheduler.Stats: Task com.google.android.gms/com.google.android.gms.stats.PlatformStatsCollectorService finished executing. cause:5 result: 1 elapsed_millis: 29 uptime_millis: 29 exec_start_elapsed_seconds: 1792627 [CONTEXT service_id=218 ]
08-05 16:47:03.933 13595 13605 I art     : Background sticky concurrent mark sweep GC freed 4644(251KB) AllocSpace objects, 1(14MB) LOS objects, 0% free, 67MB/67MB, paused 1.313ms total 263.343ms
08-05 16:47:03.933 13595 13803 I art     : WaitForGcToComplete blocked for 57.207ms for cause Explicit
08-05 16:47:03.933 13595 13803 I art     : Starting a blocking GC Explicit
08-05 16:47:03.965 13595 14716 I NAPPA_EXPERIMENTATION: MetricNetworkRequestExecutionTime: REQUEST_DURATION_SYSTEM='339',REQUEST_DURATION_OKHTTP='0',REQUEST_SYNCHRONOUS='TRUE',RESPONSE_CODE='200',RESPONSE_METHOD='GET',RESPONSE_LENGTH_OKHTTP='7859794',RESPONSE_LENGTH_HEADER='-2',REQUEST_PROTOCOL='http/1.1',REQUEST_URL='https://uob-timetable-api.adriankeenan.co.uk/courses',
08-05 16:47:03.983 13595 13803 I art     : Explicit concurrent mark sweep GC freed 1755(4MB) AllocSpace objects, 2(15MB) LOS objects, 16% free, 78MB/94MB, paused 807us total 49.343ms
08-05 16:47:03.983 13595 13605 I art     : WaitForGcToComplete blocked for 49.624ms for cause Background
08-05 16:47:03.998 13595 13803 I art     : Starting a blocking GC Explicit
08-05 16:47:04.026 13595 13613 D Nappa   : PREFETCH_ON_EXTRA - setCurrentActivity - logs - from extra - made prediction isfalse
08-05 16:47:04.043 13595 13803 I art     : Explicit concurrent mark sweep GC freed 1427(6MB) AllocSpace objects, 1(7MB) LOS objects, 19% free, 64MB/80MB, paused 749us total 44.624ms
08-05 16:47:04.058 13595 13803 I art     : Starting a blocking GC Explicit
08-05 16:47:04.097 13595 13803 I art     : Explicit concurrent mark sweep GC freed 39(1824B) AllocSpace objects, 0(0B) LOS objects, 19% free, 64MB/80MB, paused 683us total 38.672ms
08-05 16:47:04.112 13595 13803 I art     : Starting a blocking GC Explicit
08-05 16:47:04.128   512  2967 D audio_hw_primary: disable_audio_route: reset and update mixer path: low-latency-playback speaker
08-05 16:47:04.129   512  2967 D audio_hw_primary: disable_snd_device: snd_device(2: speaker)
08-05 16:47:04.136   512  2967 I soundtrigger: audio_extn_sound_trigger_update_device_status: device 0x2 of type 0 for Event 0
08-05 16:47:04.166 13595 14716 I HTTP    : Response was compressed.
08-05 16:47:04.168 13595 13803 I art     : Explicit concurrent mark sweep GC freed 74(3KB) AllocSpace objects, 0(0B) LOS objects, 16% free, 79MB/95MB, paused 841us total 56.218ms
08-05 16:47:04.182 13595 13803 I art     : Starting a blocking GC Explicit
08-05 16:47:04.195 13595 13595 D MainActivity: Saving state
08-05 16:47:04.195 13595 13595 D MainActivity: Saving current fragment: SessionListsFragment
08-05 16:47:04.195 13595 13595 D MainActivity: Saving current index: 2
08-05 16:47:04.196 13595 13595 D SessionListsFragment: Saving state
08-05 16:47:04.234 13595 13803 I art     : Explicit concurrent mark sweep GC freed 31124(1441KB) AllocSpace objects, 2(22MB) LOS objects, 21% free, 57MB/73MB, paused 1.048ms total 52.242ms
08-05 16:47:04.541 13595 13803 I art     : Starting a blocking GC Explicit
08-05 16:47:04.611 13595 13803 I art     : Explicit concurrent mark sweep GC freed 199067(9MB) AllocSpace objects, 1(20KB) LOS objects, 21% free, 59MB/75MB, paused 959us total 68.889ms
08-05 16:47:04.629 13595 13803 I art     : Starting a blocking GC Explicit
08-05 16:47:04.682 13595 13803 I art     : Explicit concurrent mark sweep GC freed 46433(2MB) AllocSpace objects, 0(0B) LOS objects, 21% free, 58MB/74MB, paused 1.112ms total 53.032ms
08-05 16:47:04.699 13595 13803 I art     : Starting a blocking GC Explicit
08-05 16:47:04.754 13595 13803 I art     : Explicit concurrent mark sweep GC freed 39152(1856KB) AllocSpace objects, 0(0B) LOS objects, 21% free, 59MB/75MB, paused 1.737ms total 53.927ms
08-05 16:47:04.772 13595 13803 I art     : Starting a blocking GC Explicit
08-05 16:47:04.826 13595 13803 I art     : Explicit concurrent mark sweep GC freed 38455(1817KB) AllocSpace objects, 0(0B) LOS objects, 21% free, 59MB/75MB, paused 1.232ms total 54.042ms
08-05 16:47:04.844 13595 13803 I art     : Starting a blocking GC Explicit
08-05 16:47:04.899 13595 13803 I art     : Explicit concurrent mark sweep GC freed 39512(1869KB) AllocSpace objects, 0(0B) LOS objects, 21% free, 59MB/75MB, paused 1.257ms total 55.330ms
08-05 16:47:05.222 13595 14034 I art     : Starting a blocking GC Explicit
08-05 16:47:05.304 13595 14034 I art     : Explicit concurrent mark sweep GC freed 205815(9MB) AllocSpace objects, 1(20KB) LOS objects, 20% free, 61MB/77MB, paused 1.218ms total 82.155ms
08-05 16:47:05.326 13595 14034 I art     : Starting a blocking GC Explicit
08-05 16:47:05.386 13595 14034 I art     : Explicit concurrent mark sweep GC freed 50467(2MB) AllocSpace objects, 0(0B) LOS objects, 20% free, 61MB/77MB, paused 1.258ms total 59.741ms
08-05 16:47:05.405 13595 14034 I art     : Starting a blocking GC Explicit
08-05 16:47:05.467 13595 14034 I art     : Explicit concurrent mark sweep GC freed 43466(2MB) AllocSpace objects, 0(0B) LOS objects, 20% free, 62MB/78MB, paused 1.508ms total 61.781ms
08-05 16:47:05.486 13595 14034 I art     : Starting a blocking GC Explicit
08-05 16:47:05.552 13595 14034 I art     : Explicit concurrent mark sweep GC freed 44280(2MB) AllocSpace objects, 0(0B) LOS objects, 20% free, 62MB/78MB, paused 1.474ms total 65.586ms
08-05 16:47:05.572 13595 14034 I art     : Starting a blocking GC Explicit
08-05 16:47:05.636 13595 14034 I art     : Explicit concurrent mark sweep GC freed 44847(2MB) AllocSpace objects, 0(0B) LOS objects, 20% free, 62MB/78MB, paused 1.412ms total 63.378ms
08-05 16:47:05.959 13595 14597 I art     : Starting a blocking GC Explicit
08-05 16:47:06.049 13595 14597 I art     : Explicit concurrent mark sweep GC freed 210003(9MB) AllocSpace objects, 1(20KB) LOS objects, 19% free, 64MB/80MB, paused 1.370ms total 90.295ms
08-05 16:47:06.071 13595 14597 I art     : Starting a blocking GC Explicit
08-05 16:47:06.142 13595 14597 I art     : Explicit concurrent mark sweep GC freed 57738(2MB) AllocSpace objects, 0(0B) LOS objects, 19% free, 64MB/80MB, paused 1.561ms total 70.748ms
08-05 16:47:06.163 13595 14597 I art     : Starting a blocking GC Explicit
08-05 16:47:06.235 13595 14597 I art     : Explicit concurrent mark sweep GC freed 49455(2MB) AllocSpace objects, 0(0B) LOS objects, 19% free, 65MB/81MB, paused 1.694ms total 71.730ms
08-05 16:47:06.256 13595 14597 I art     : Starting a blocking GC Explicit
08-05 16:47:06.328 13595 14597 I art     : Explicit concurrent mark sweep GC freed 49499(2MB) AllocSpace objects, 0(0B) LOS objects, 19% free, 65MB/81MB, paused 1.666ms total 71.715ms
08-05 16:47:06.349 13595 14597 I art     : Starting a blocking GC Explicit
08-05 16:47:06.422 13595 14597 I art     : Explicit concurrent mark sweep GC freed 50093(2MB) AllocSpace objects, 0(0B) LOS objects, 19% free, 65MB/81MB, paused 1.661ms total 72.584ms
08-05 16:47:06.749 13595 13607 I art     : Starting a blocking GC Explicit
08-05 16:47:06.849 13595 13607 I art     : Explicit concurrent mark sweep GC freed 218916(10MB) AllocSpace objects, 1(20KB) LOS objects, 19% free, 67MB/83MB, paused 1.724ms total 99.401ms
08-05 16:47:06.873 13595 13607 I art     : Starting a blocking GC Explicit
08-05 16:47:06.954 13595 13607 I art     : Explicit concurrent mark sweep GC freed 63379(2MB) AllocSpace objects, 0(0B) LOS objects, 19% free, 67MB/83MB, paused 1.755ms total 80.567ms
08-05 16:47:06.972 13595 14716 I Service : getCourses response time: 0.69
08-05 16:47:06.977 13595 13607 I art     : Starting a blocking GC Explicit
08-05 16:47:06.982 13595 13595 I SettingsManager: Getting string: savedCourse
08-05 16:47:07.054 13595 13607 I art     : Explicit concurrent mark sweep GC freed 16952(847KB) AllocSpace objects, 1(14MB) LOS objects, 23% free, 52MB/68MB, paused 938us total 76.155ms
08-05 16:47:07.076 13595 13607 I art     : Starting a blocking GC Explicit
08-05 16:47:07.151 13595 13607 I art     : Explicit concurrent mark sweep GC freed 669(27KB) AllocSpace objects, 0(0B) LOS objects, 23% free, 52MB/68MB, paused 822us total 75.419ms
08-05 16:47:07.176 13595 13607 I art     : Starting a blocking GC Explicit
08-05 16:47:07.261 13595 13607 I art     : Explicit concurrent mark sweep GC freed 744(65KB) AllocSpace objects, 0(0B) LOS objects, 23% free, 52MB/68MB, paused 734us total 84.640ms
08-05 16:47:07.631 13595 14034 I art     : Starting a blocking GC Explicit
08-05 16:47:07.742 13595 14034 I art     : Explicit concurrent mark sweep GC freed 1515(88KB) AllocSpace objects, 1(20KB) LOS objects, 23% free, 52MB/68MB, paused 760us total 110.364ms
08-05 16:47:07.772 13595 14034 I art     : Starting a blocking GC Explicit
08-05 16:47:07.858 13595 14034 I art     : Explicit concurrent mark sweep GC freed 26(944B) AllocSpace objects, 0(0B) LOS objects, 23% free, 52MB/68MB, paused 880us total 85.731ms
08-05 16:47:07.884 13595 14034 I art     : Starting a blocking GC Explicit
08-05 16:47:07.964 13595 14034 I art     : Explicit concurrent mark sweep GC freed 3(96B) AllocSpace objects, 0(0B) LOS objects, 23% free, 52MB/68MB, paused 717us total 79.893ms
08-05 16:47:07.990 13595 14034 I art     : Starting a blocking GC Explicit
08-05 16:47:08.077 13595 14034 I art     : Explicit concurrent mark sweep GC freed 3(96B) AllocSpace objects, 0(0B) LOS objects, 23% free, 52MB/68MB, paused 726us total 86.779ms
08-05 16:47:08.104 13595 14034 I art     : Starting a blocking GC Explicit
08-05 16:47:08.188 13595 14034 I art     : Explicit concurrent mark sweep GC freed 3(96B) AllocSpace objects, 0(0B) LOS objects, 23% free, 52MB/68MB, paused 718us total 84.400ms
08-05 16:47:08.559 13595 13606 I art     : Starting a blocking GC Explicit
08-05 16:47:08.664 13595 13606 I art     : Explicit concurrent mark sweep GC freed 1515(88KB) AllocSpace objects, 1(20KB) LOS objects, 23% free, 52MB/68MB, paused 662us total 104.014ms
08-05 16:47:08.686   918  3261 D WifiStateMachine: starting scan for "H369AA63323"WPA_PSK with 2412,5180
08-05 16:47:08.690 13595 13606 I art     : Starting a blocking GC Explicit
08-05 16:47:08.774 13595 13606 I art     : Explicit concurrent mark sweep GC freed 27(976B) AllocSpace objects, 0(0B) LOS objects, 23% free, 52MB/68MB, paused 668us total 84.310ms
08-05 16:47:08.800 13595 13606 I art     : Starting a blocking GC Explicit
08-05 16:47:08.883 13595 13606 I art     : Explicit concurrent mark sweep GC freed 3(96B) AllocSpace objects, 0(0B) LOS objects, 23% free, 52MB/68MB, paused 708us total 82.517ms
08-05 16:47:08.909 13595 13606 I art     : Starting a blocking GC Explicit
08-05 16:47:08.994 13595 13606 I art     : Explicit concurrent mark sweep GC freed 3(96B) AllocSpace objects, 0(0B) LOS objects, 23% free, 52MB/68MB, paused 733us total 84.815ms
08-05 16:47:09.020 13595 13606 I art     : Starting a blocking GC Explicit
08-05 16:47:09.103 13595 13606 I art     : Explicit concurrent mark sweep GC freed 3(96B) AllocSpace objects, 0(0B) LOS objects, 23% free, 52MB/68MB, paused 701us total 82.410ms
08-05 16:47:09.483 13595 14597 I art     : Starting a blocking GC Explicit
08-05 16:47:09.583 13595 14597 I art     : Explicit concurrent mark sweep GC freed 1516(90KB) AllocSpace objects, 1(20KB) LOS objects, 23% free, 52MB/68MB, paused 711us total 100.200ms
08-05 16:47:09.610 13595 14597 I art     : Starting a blocking GC Explicit
08-05 16:47:09.695 13595 14597 I art     : Explicit concurrent mark sweep GC freed 26(944B) AllocSpace objects, 0(0B) LOS objects, 23% free, 52MB/68MB, paused 675us total 84.601ms
08-05 16:47:09.721 13595 14597 I art     : Starting a blocking GC Explicit
08-05 16:47:09.805 13595 14597 I art     : Explicit concurrent mark sweep GC freed 3(96B) AllocSpace objects, 0(0B) LOS objects, 23% free, 52MB/68MB, paused 643us total 83.233ms
08-05 16:47:09.830 13595 14597 I art     : Starting a blocking GC Explicit
08-05 16:47:09.900 13595 14597 I art     : Explicit concurrent mark sweep GC freed 3(96B) AllocSpace objects, 0(0B) LOS objects, 23% free, 52MB/68MB, paused 694us total 70.476ms
08-05 16:47:09.925 13595 14597 I art     : Starting a blocking GC Explicit
08-05 16:47:10.003 13595 14597 I art     : Explicit concurrent mark sweep GC freed 3(96B) AllocSpace objects, 0(0B) LOS objects, 23% free, 52MB/68MB, paused 726us total 77.761ms
08-05 16:47:10.360 14797 14797 D AndroidRuntime: >>>>>> START com.android.internal.os.RuntimeInit uid 2000 <<<<<<
08-05 16:47:10.366 14797 14797 D AndroidRuntime: CheckJNI is OFF
08-05 16:47:10.375 13595 13607 I art     : Starting a blocking GC Explicit
08-05 16:47:10.418 14797 14797 D ICU     : No timezone override file found: /data/misc/zoneinfo/current/icu/icu_tzdata.dat
08-05 16:47:10.465 13595 13607 I art     : Explicit concurrent mark sweep GC freed 1513(87KB) AllocSpace objects, 1(20KB) LOS objects, 23% free, 52MB/68MB, paused 721us total 89.503ms
08-05 16:47:10.472 14797 14797 I Radio-JNI: register_android_hardware_Radio DONE
08-05 16:47:10.490 13595 13607 I art     : Starting a blocking GC Explicit
08-05 16:47:10.504 14797 14797 D AndroidRuntime: Calling main entry com.android.commands.input.Input
08-05 16:47:10.505 14797 14797 I Input   : injectMotionEvent: MotionEvent { action=ACTION_DOWN, actionButton=0, id[0]=0, x[0]=648.0, y[0]=709.0, toolType[0]=TOOL_TYPE_UNKNOWN, buttonState=0, metaState=0, flags=0x0, edgeFlags=0x0, pointerCount=1, historySize=0, eventTime=809246918, downTime=809246918, deviceId=0, source=0x1002 }
08-05 16:47:10.512 14797 14797 I Input   : injectMotionEvent: MotionEvent { action=ACTION_UP, actionButton=0, id[0]=0, x[0]=648.0, y[0]=709.0, toolType[0]=TOOL_TYPE_UNKNOWN, buttonState=0, metaState=0, flags=0x0, edgeFlags=0x0, pointerCount=1, historySize=0, eventTime=809246918, downTime=809246918, deviceId=0, source=0x1002 }
08-05 16:47:10.513 14797 14797 D AndroidRuntime: Shutting down VM
08-05 16:47:10.565 13595 13607 I art     : Explicit concurrent mark sweep GC freed 44(1824B) AllocSpace objects, 0(0B) LOS objects, 23% free, 52MB/68MB, paused 709us total 74.206ms
08-05 16:47:10.579   512  2967 D audio_hw_primary: out_set_parameters: enter: usecase(1: low-latency-playback) kvpairs: routing=2
08-05 16:47:10.590 13595 13607 I art     : Starting a blocking GC Explicit
08-05 16:47:10.592   512  2967 D audio_hw_primary: select_devices: out_snd_device(2: speaker) in_snd_device(0: none)
08-05 16:47:10.592   512  2967 D msm8974_platform: platform_send_audio_calibration: sending audio calibration for snd_device(2) acdb_id(15)
08-05 16:47:10.592   512  2967 I soundtrigger: audio_extn_sound_trigger_update_device_status: device 0x2 of type 0 for Event 1
08-05 16:47:10.603   512  2967 D audio_hw_primary: enable_snd_device: snd_device(2: speaker)
08-05 16:47:10.605   512  2967 D audio_hw_primary: enable_audio_route: apply and update mixer path: low-latency-playback speaker
08-05 16:47:10.664 13595 13607 I art     : Explicit concurrent mark sweep GC freed 689(50KB) AllocSpace objects, 1(20KB) LOS objects, 23% free, 52MB/68MB, paused 855us total 74.319ms
08-05 16:47:10.688 13595 13607 I art     : Starting a blocking GC Explicit
08-05 16:47:10.766 13595 13607 I art     : Explicit concurrent mark sweep GC freed 176(11KB) AllocSpace objects, 0(0B) LOS objects, 23% free, 52MB/68MB, paused 686us total 77.482ms
08-05 16:47:10.790 13595 13607 I art     : Starting a blocking GC Explicit
08-05 16:47:10.869 13595 13607 I art     : Explicit concurrent mark sweep GC freed 22(944B) AllocSpace objects, 0(0B) LOS objects, 23% free, 52MB/68MB, paused 639us total 78.125ms
08-05 16:47:11.148   512  2967 D audio_hw_primary: disable_audio_route: reset and update mixer path: low-latency-playback speaker
08-05 16:47:11.150   512  2967 D audio_hw_primary: disable_snd_device: snd_device(2: speaker)
08-05 16:47:11.159   512  2967 I soundtrigger: audio_extn_sound_trigger_update_device_status: device 0x2 of type 0 for Event 0
08-05 16:47:11.228 13595 13607 I art     : Starting a blocking GC Explicit
08-05 16:47:11.323 13595 13607 I art     : Explicit concurrent mark sweep GC freed 1515(88KB) AllocSpace objects, 1(20KB) LOS objects, 23% free, 52MB/68MB, paused 692us total 94.481ms
08-05 16:47:11.354 13595 13607 I art     : Starting a blocking GC Explicit
08-05 16:47:11.433 13595 13607 I art     : Explicit concurrent mark sweep GC freed 34(1200B) AllocSpace objects, 0(0B) LOS objects, 23% free, 52MB/68MB, paused 657us total 78.827ms
08-05 16:47:11.458 13595 13607 I art     : Starting a blocking GC Explicit
08-05 16:47:11.534 13595 13607 I art     : Explicit concurrent mark sweep GC freed 5(160B) AllocSpace objects, 0(0B) LOS objects, 23% free, 52MB/68MB, paused 689us total 75.736ms
08-05 16:47:11.559 13595 13607 I art     : Starting a blocking GC Explicit
08-05 16:47:11.639 13595 13607 I art     : Explicit concurrent mark sweep GC freed 3(96B) AllocSpace objects, 0(0B) LOS objects, 23% free, 52MB/68MB, paused 677us total 79.726ms
08-05 16:47:11.664 13595 13607 I art     : Starting a blocking GC Explicit
08-05 16:47:11.739 13595 13607 I art     : Explicit concurrent mark sweep GC freed 3(96B) AllocSpace objects, 0(0B) LOS objects, 23% free, 52MB/68MB, paused 687us total 75.129ms
08-05 16:47:12.063 13595 14597 I art     : Starting a blocking GC Explicit
08-05 16:47:12.154 13595 14597 I art     : Explicit concurrent mark sweep GC freed 1513(87KB) AllocSpace objects, 1(20KB) LOS objects, 23% free, 52MB/68MB, paused 691us total 90.343ms
08-05 16:47:12.180 13595 14597 I art     : Starting a blocking GC Explicit
08-05 16:47:12.272 13595 14597 I art     : Explicit concurrent mark sweep GC freed 33(1168B) AllocSpace objects, 0(0B) LOS objects, 23% free, 52MB/68MB, paused 945us total 91.951ms
08-05 16:47:12.300 13595 14597 I art     : Starting a blocking GC Explicit
08-05 16:47:12.308 14830 14830 D AndroidRuntime: >>>>>> START com.android.internal.os.RuntimeInit uid 2000 <<<<<<
08-05 16:47:12.313 14830 14830 D AndroidRuntime: CheckJNI is OFF
08-05 16:47:12.360 14830 14830 D ICU     : No timezone override file found: /data/misc/zoneinfo/current/icu/icu_tzdata.dat
08-05 16:47:12.382 13595 14597 I art     : Explicit concurrent mark sweep GC freed 16(512B) AllocSpace objects, 0(0B) LOS objects, 23% free, 52MB/68MB, paused 778us total 82.359ms
08-05 16:47:12.409 14830 14830 I Radio-JNI: register_android_hardware_Radio DONE
08-05 16:47:12.410 13595 14597 I art     : Starting a blocking GC Explicit
08-05 16:47:12.439 14830 14830 D AndroidRuntime: Calling main entry com.android.commands.input.Input
08-05 16:47:12.441 14830 14830 I Input   : injectMotionEvent: MotionEvent { action=ACTION_DOWN, actionButton=0, id[0]=0, x[0]=1197.0, y[0]=1456.0, toolType[0]=TOOL_TYPE_UNKNOWN, buttonState=0, metaState=0, flags=0x0, edgeFlags=0x0, pointerCount=1, historySize=0, eventTime=809248853, downTime=809248853, deviceId=0, source=0x1002 }
08-05 16:47:12.447 14830 14830 I Input   : injectMotionEvent: MotionEvent { action=ACTION_UP, actionButton=0, id[0]=0, x[0]=1197.0, y[0]=1456.0, toolType[0]=TOOL_TYPE_UNKNOWN, buttonState=0, metaState=0, flags=0x0, edgeFlags=0x0, pointerCount=1, historySize=0, eventTime=809248853, downTime=809248853, deviceId=0, source=0x1002 }
08-05 16:47:12.449 14830 14830 D AndroidRuntime: Shutting down VM
08-05 16:47:12.458   512  2967 D audio_hw_primary: out_set_parameters: enter: usecase(1: low-latency-playback) kvpairs: routing=2
08-05 16:47:12.471   512  2967 D audio_hw_primary: select_devices: out_snd_device(2: speaker) in_snd_device(0: none)
08-05 16:47:12.471   512  2967 D msm8974_platform: platform_send_audio_calibration: sending audio calibration for snd_device(2) acdb_id(15)
08-05 16:47:12.471   512  2967 I soundtrigger: audio_extn_sound_trigger_update_device_status: device 0x2 of type 0 for Event 1
08-05 16:47:12.478 13595 13619 D OpenGLRenderer: endAllStagingAnimators on 0x7f80d44c00 (RippleDrawable) with handle 0x7f78c3ea40
08-05 16:47:12.482   512  2967 D audio_hw_primary: enable_snd_device: snd_device(2: speaker)
08-05 16:47:12.484   512  2967 D audio_hw_primary: enable_audio_route: apply and update mixer path: low-latency-playback speaker
08-05 16:47:12.489 13595 13595 I SettingsManager: Setting string: savedCourse
08-05 16:47:12.489 13595 14597 I art     : Explicit concurrent mark sweep GC freed 1700(77KB) AllocSpace objects, 0(0B) LOS objects, 23% free, 52MB/68MB, paused 1.303ms total 79.063ms
08-05 16:47:12.490   918  5481 W BackupManagerService: dataChanged but no participant pkg='nappagreedy.com.ak.uobtimetable' uid=10687
08-05 16:47:12.490 13595 13595 D NappaIntentExtras: ==================
08-05 16:47:12.490 13595 13613 D Nappa   : PREFETCH_ON_EXTRA - notifyExtras- start
08-05 16:47:12.490 13595 13595 D NappaIntentExtras: Log #6
08-05 16:47:12.490 13595 13595 D NappaIntentExtras: ------------------
08-05 16:47:12.490 13595 13595 D NappaIntentExtras: activity nappagreedy.com.ak.uobtimetable.WelcomeActivity
08-05 16:47:12.491 13595 13595 D NappaIntentExtras: 	- No extras registered
08-05 16:47:12.491 13595 13595 D NappaIntentExtras: activity nappagreedy.com.ak.uobtimetable.MainActivity
08-05 16:47:12.491 13595 13595 D NappaIntentExtras: 	- No extras registered
08-05 16:47:12.491 13595 13595 D NappaIntentExtras: activity nappagreedy.com.ak.uobtimetable.CourseListActivity
08-05 16:47:12.491 13595 13595 D NappaIntentExtras: 	- 1 extras registered
08-05 16:47:12.491 13595 13595 D NappaIntentExtras: 	- forceRefreshSessions : true
08-05 16:47:12.491 13595 13595 D NappaIntentExtras: ==================
08-05 16:47:12.491 13595 13613 I NAPPA_EXPERIMENTATION: MetricNappaPrefetchingStrategyExecutionTime: STRATEGY_CLASS='GreedyPrefetchingStrategyOnVisitFrequencyAndTime',DURATION='673490',NUMBER_OF_URLS='0',NUMBER_OF_SELECTED_CHILDREN_NODES='3',NUMBER_OF_CHILDREN_NODES='1',STRATEGY_RUN_SUCCESSFULLY='True',
08-05 16:47:12.491 13595 13613 D GreedyPrefetchingStrategyOnVisitFrequencyAndTime: ==================================
08-05 16:47:12.491 13595 13613 D GreedyPrefetchingStrategyOnVisitFrequencyAndTime: Starting Run #7
08-05 16:47:12.491 13595 13613 D GreedyPrefetchingStrategyOnVisitFrequencyAndTime: ----------------------------------
08-05 16:47:12.491 13595 13613 D GreedyPrefetchingStrategyOnVisitFrequencyAndTime: Node data CourseListActivity 
08-05 16:47:12.491 13595 13613 D GreedyPrefetchingStrategyOnVisitFrequencyAndTime: 	Successors:
08-05 16:47:12.491 13595 13613 D GreedyPrefetchingStrategyOnVisitFrequencyAndTime: 		MainActivity (2 hits)
08-05 16:47:12.491 13595 13613 D GreedyPrefetchingStrategyOnVisitFrequencyAndTime: 	Ancestors:
08-05 16:47:12.491 13595 13613 D GreedyPrefetchingStrategyOnVisitFrequencyAndTime: 		WelcomeActivity (0 hits)
08-05 16:47:12.491 13595 13613 D GreedyPrefetchingStrategyOnVisitFrequencyAndTime: 
08-05 16:47:12.491 13595 13613 D GreedyPrefetchingStrategyOnVisitFrequencyAndTime: MetricStrategyAccuracy inc execution count7 | act = false; extra = true
08-05 16:47:12.492   918  4413 I ActivityManager: START u0 {flg=0x4000000 cmp=nappagreedy.com.ak.uobtimetable/.MainActivity (has extras)} from uid 10687 on display 0
08-05 16:47:12.492 13595 13613 D GreedyPrefetchingStrategyOnVisitFrequencyAndTime: ------------- Recursion #1 -----------
08-05 16:47:12.492 13595 13613 D GreedyPrefetchingStrategyOnVisitFrequencyAndTime: Best successors so far []
08-05 16:47:12.492 13595 13613 D GreedyPrefetchingStrategyOnVisitFrequencyAndTime: Checking node CourseListActivity with 1 successors
08-05 16:47:12.492 13595 13613 D GreedyPrefetchingStrategyOnVisitFrequencyAndTime: Check successor MainActivity
08-05 16:47:12.492 13595 13613 D GreedyPrefetchingStrategyOnVisitFrequencyAndTime: Data:
08-05 16:47:12.492 13595 13613 D GreedyPrefetchingStrategyOnVisitFrequencyAndTime: 	- Successor time = 80623.0
08-05 16:47:12.492 13595 13613 D GreedyPrefetchingStrategyOnVisitFrequencyAndTime: 	- Successor frequency = 14
08-05 16:47:12.492 13595 13613 D GreedyPrefetchingStrategyOnVisitFrequencyAndTime: 	- Aggregated time = 80623.0
08-05 16:47:12.492 13595 13613 D GreedyPrefetchingStrategyOnVisitFrequencyAndTime: 	- Aggregated frequency = 14
08-05 16:47:12.492 13595 13613 D GreedyPrefetchingStrategyOnVisitFrequencyAndTime: Calculated scores:
08-05 16:47:12.492 13595 13613 D GreedyPrefetchingStrategyOnVisitFrequencyAndTime: 	- Parent score = 1.0
08-05 16:47:12.492 13595 13613 D GreedyPrefetchingStrategyOnVisitFrequencyAndTime: 	- Successor time score = 0.5
08-05 16:47:12.492 13595 13613 D GreedyPrefetchingStrategyOnVisitFrequencyAndTime: 	- Successor frequency score = 0.5
08-05 16:47:12.492 13595 13613 D GreedyPrefetchingStrategyOnVisitFrequencyAndTime: 	- Successor final score = 1.0
08-05 16:47:12.492 13595 13613 D GreedyPrefetchingStrategyOnVisitFrequencyAndTime: Switch best successor
08-05 16:47:12.492 13595 13613 D GreedyPrefetchingStrategyOnVisitFrequencyAndTime: CourseListActivity best successor is MainActivity with score 1.0 containing the URLS []
08-05 16:47:12.492 13595 13613 D GreedyPrefetchingStrategyOnVisitFrequencyAndTime: ------------- Recursion #2 -----------
08-05 16:47:12.492 13595 13613 D GreedyPrefetchingStrategyOnVisitFrequencyAndTime: Best successors so far [MainActivity]
08-05 16:47:12.492 13595 13613 D GreedyPrefetchingStrategyOnVisitFrequencyAndTime: Checking node MainActivity with 1 successors
08-05 16:47:12.492 13595 13613 D GreedyPrefetchingStrategyOnVisitFrequencyAndTime: Check successor WelcomeActivity
08-05 16:47:12.492 13595 13613 D GreedyPrefetchingStrategyOnVisitFrequencyAndTime: Data:
08-05 16:47:12.492 13595 13613 D GreedyPrefetchingStrategyOnVisitFrequencyAndTime: 	- Successor time = 27595.0
08-05 16:47:12.492 13595 13613 D GreedyPrefetchingStrategyOnVisitFrequencyAndTime: 	- Successor frequency = 5
08-05 16:47:12.492 13595 13613 D GreedyPrefetchingStrategyOnVisitFrequencyAndTime: 	- Aggregated time = 27595.0
08-05 16:47:12.492 13595 13613 D GreedyPrefetchingStrategyOnVisitFrequencyAndTime: 	- Aggregated frequency = 5
08-05 16:47:12.493 13595 13613 D GreedyPrefetchingStrategyOnVisitFrequencyAndTime: Calculated scores:
08-05 16:47:12.493 13595 13613 D GreedyPrefetchingStrategyOnVisitFrequencyAndTime: 	- Parent score = 1.0
08-05 16:47:12.493 13595 13613 D GreedyPrefetchingStrategyOnVisitFrequencyAndTime: 	- Successor time score = 0.5
08-05 16:47:12.493 13595 13613 D GreedyPrefetchingStrategyOnVisitFrequencyAndTime: 	- Successor frequency score = 0.5
08-05 16:47:12.493 13595 13613 D GreedyPrefetchingStrategyOnVisitFrequencyAndTime: 	- Successor final score = 1.0
08-05 16:47:12.493 13595 13613 D GreedyPrefetchingStrategyOnVisitFrequencyAndTime: Switch best successor
08-05 16:47:12.493 13595 13613 D GreedyPrefetchingStrategyOnVisitFrequencyAndTime: MainActivity best successor is WelcomeActivity with score 1.0 containing the URLS []
08-05 16:47:12.493 13595 13613 D GreedyPrefetchingStrategyOnVisitFrequencyAndTime: ------------- Recursion #3 -----------
