08-06 06:25:42.897 24296 24309 I art     : Explicit concurrent mark sweep GC freed 3(96B) AllocSpace objects, 0(0B) LOS objects, 30% free, 36MB/52MB, paused 464us total 65.257ms
08-06 06:25:42.920 24296 24309 I art     : Starting a blocking GC Explicit
08-06 06:25:42.989 24296 24309 I art     : Explicit concurrent mark sweep GC freed 3(96B) AllocSpace objects, 0(0B) LOS objects, 30% free, 36MB/52MB, paused 467us total 68.849ms
08-06 06:25:43.120 25325 25325 D AndroidRuntime: >>>>>> START com.android.internal.os.RuntimeInit uid 2000 <<<<<<
08-06 06:25:43.126 25325 25325 D AndroidRuntime: CheckJNI is OFF
08-06 06:25:43.168 25325 25325 D ICU     : No timezone override file found: /data/misc/zoneinfo/current/icu/icu_tzdata.dat
08-06 06:25:43.212 25325 25325 I Radio-JNI: register_android_hardware_Radio DONE
08-06 06:25:43.240 25325 25325 D AndroidRuntime: Calling main entry com.android.commands.input.Input
08-06 06:25:43.242 25325 25325 I Input   : injectMotionEvent: MotionEvent { action=ACTION_DOWN, actionButton=0, id[0]=0, x[0]=310.0, y[0]=906.0, toolType[0]=TOOL_TYPE_UNKNOWN, buttonState=0, metaState=0, flags=0x0, edgeFlags=0x0, pointerCount=1, historySize=0, eventTime=858359655, downTime=858359655, deviceId=0, source=0x1002 }
08-06 06:25:43.247 25325 25325 I Input   : injectMotionEvent: MotionEvent { action=ACTION_UP, actionButton=0, id[0]=0, x[0]=310.0, y[0]=906.0, toolType[0]=TOOL_TYPE_UNKNOWN, buttonState=0, metaState=0, flags=0x0, edgeFlags=0x0, pointerCount=1, historySize=0, eventTime=858359655, downTime=858359655, deviceId=0, source=0x1002 }
08-06 06:25:43.250 25325 25325 D AndroidRuntime: Shutting down VM
08-06 06:25:43.317 24296 24315 I art     : Starting a blocking GC Explicit
08-06 06:25:43.332   512  2967 D audio_hw_primary: out_set_parameters: enter: usecase(1: low-latency-playback) kvpairs: routing=2
08-06 06:25:43.345   512  2967 D audio_hw_primary: select_devices: out_snd_device(2: speaker) in_snd_device(0: none)
08-06 06:25:43.345   512  2967 D msm8974_platform: platform_send_audio_calibration: sending audio calibration for snd_device(2) acdb_id(15)
08-06 06:25:43.346   512  2967 I soundtrigger: audio_extn_sound_trigger_update_device_status: device 0x2 of type 0 for Event 1
08-06 06:25:43.350 13866 13866 I GoogleInputMethodServic: GoogleInputMethodService.onFinishInput():3138 
08-06 06:25:43.353 13866 13866 I GoogleInputMethodServic: GoogleInputMethodService.onStartInput():1808 
08-06 06:25:43.357   512  2967 D audio_hw_primary: enable_snd_device: snd_device(2: speaker)
08-06 06:25:43.360   512  2967 D audio_hw_primary: enable_audio_route: apply and update mixer path: low-latency-playback speaker
08-06 06:25:43.365 13866 13866 I GoogleInputMethodServic: GoogleInputMethodService.onFinishInput():3138 
08-06 06:25:43.366 13866 13866 I GoogleInputMethodServic: GoogleInputMethodService.onStartInput():1808 
08-06 06:25:43.393 24296 24315 I art     : Explicit concurrent mark sweep GC freed 1764(99KB) AllocSpace objects, 1(20KB) LOS objects, 30% free, 36MB/52MB, paused 757us total 76.406ms
08-06 06:25:43.416 24296 24315 I art     : Starting a blocking GC Explicit
08-06 06:25:43.482 24296 24315 I art     : Explicit concurrent mark sweep GC freed 553(22KB) AllocSpace objects, 0(0B) LOS objects, 30% free, 36MB/52MB, paused 538us total 66.227ms
08-06 06:25:43.504 24296 24315 I art     : Starting a blocking GC Explicit
08-06 06:25:43.568 24296 24315 I art     : Explicit concurrent mark sweep GC freed 706(63KB) AllocSpace objects, 0(0B) LOS objects, 30% free, 36MB/52MB, paused 419us total 63.565ms
08-06 06:25:43.592 24296 24315 I art     : Starting a blocking GC Explicit
08-06 06:25:43.658 24296 24315 I art     : Explicit concurrent mark sweep GC freed 3(96B) AllocSpace objects, 0(0B) LOS objects, 30% free, 36MB/52MB, paused 432us total 65.629ms
08-06 06:25:43.681 24296 24311 D OpenGLRenderer: endAllStagingAnimators on 0x7f94af1c00 (ListPopupWindow$DropDownListView) with handle 0x7f91075020
08-06 06:25:43.682 24296 24315 I art     : Starting a blocking GC Explicit
08-06 06:25:43.743 24296 24315 I art     : Explicit concurrent mark sweep GC freed 32(1280B) AllocSpace objects, 0(0B) LOS objects, 30% free, 36MB/52MB, paused 465us total 60.762ms
08-06 06:25:43.909   512  2967 D audio_hw_primary: disable_audio_route: reset and update mixer path: low-latency-playback speaker
08-06 06:25:43.909   512  2967 D audio_hw_primary: disable_snd_device: snd_device(2: speaker)
08-06 06:25:43.918   512  2967 I soundtrigger: audio_extn_sound_trigger_update_device_status: device 0x2 of type 0 for Event 0
08-06 06:25:44.070 24296 24309 I art     : Starting a blocking GC Explicit
08-06 06:25:44.162 24296 24309 I art     : Explicit concurrent mark sweep GC freed 1516(85KB) AllocSpace objects, 1(20KB) LOS objects, 30% free, 36MB/52MB, paused 480us total 91.580ms
08-06 06:25:44.186 24296 24309 I art     : Starting a blocking GC Explicit
08-06 06:25:44.259 24296 24309 I art     : Explicit concurrent mark sweep GC freed 371(26KB) AllocSpace objects, 0(0B) LOS objects, 30% free, 36MB/52MB, paused 489us total 71.884ms
08-06 06:25:44.282 24296 24309 I art     : Starting a blocking GC Explicit
08-06 06:25:44.353 24296 24309 I art     : Explicit concurrent mark sweep GC freed 3(96B) AllocSpace objects, 0(0B) LOS objects, 30% free, 36MB/52MB, paused 466us total 70.660ms
08-06 06:25:44.377 24296 24309 I art     : Starting a blocking GC Explicit
08-06 06:25:44.449 24296 24309 I art     : Explicit concurrent mark sweep GC freed 3(96B) AllocSpace objects, 0(0B) LOS objects, 30% free, 36MB/52MB, paused 472us total 71.626ms
08-06 06:25:44.473 24296 24309 I art     : Starting a blocking GC Explicit
08-06 06:25:44.540 24296 24309 I art     : Explicit concurrent mark sweep GC freed 3(96B) AllocSpace objects, 0(0B) LOS objects, 30% free, 36MB/52MB, paused 480us total 66.814ms
08-06 06:25:44.746 13866 13882 I PeriodicStatsRunner: PeriodicStatsRunner.call():175 call()
08-06 06:25:44.746 13866 13882 I PeriodicStatsRunner: PeriodicStatsRunner.call():179 No submit PeriodicStats since input started.
08-06 06:25:44.759 13866 13882 I PeriodicStatsRunner: PeriodicStatsRunner.call():175 call()
08-06 06:25:44.760 13866 13882 I PeriodicStatsRunner: PeriodicStatsRunner.call():179 No submit PeriodicStats since input started.
08-06 06:25:44.864 24296 24783 I art     : Starting a blocking GC Explicit
08-06 06:25:44.944 24296 24783 I art     : Explicit concurrent mark sweep GC freed 1293(75KB) AllocSpace objects, 1(20KB) LOS objects, 30% free, 36MB/52MB, paused 470us total 79.468ms
08-06 06:25:44.967 24296 24783 I art     : Starting a blocking GC Explicit
08-06 06:25:45.010 25358 25358 D AndroidRuntime: >>>>>> START com.android.internal.os.RuntimeInit uid 2000 <<<<<<
08-06 06:25:45.016 25358 25358 D AndroidRuntime: CheckJNI is OFF
08-06 06:25:45.037 24296 24783 I art     : Explicit concurrent mark sweep GC freed 18(624B) AllocSpace objects, 0(0B) LOS objects, 30% free, 36MB/52MB, paused 494us total 69.630ms
08-06 06:25:45.061 24296 24783 I art     : Starting a blocking GC Explicit
08-06 06:25:45.068 25358 25358 D ICU     : No timezone override file found: /data/misc/zoneinfo/current/icu/icu_tzdata.dat
08-06 06:25:45.111 25358 25358 I Radio-JNI: register_android_hardware_Radio DONE
08-06 06:25:45.131 24296 24783 I art     : Explicit concurrent mark sweep GC freed 3(96B) AllocSpace objects, 0(0B) LOS objects, 30% free, 36MB/52MB, paused 480us total 70.268ms
08-06 06:25:45.141 25358 25358 D AndroidRuntime: Calling main entry com.android.commands.input.Input
08-06 06:25:45.143 25358 25358 I Input   : injectMotionEvent: MotionEvent { action=ACTION_DOWN, actionButton=0, id[0]=0, x[0]=648.0, y[0]=709.0, toolType[0]=TOOL_TYPE_UNKNOWN, buttonState=0, metaState=0, flags=0x0, edgeFlags=0x0, pointerCount=1, historySize=0, eventTime=858361556, downTime=858361556, deviceId=0, source=0x1002 }
08-06 06:25:45.151 25358 25358 I Input   : injectMotionEvent: MotionEvent { action=ACTION_UP, actionButton=0, id[0]=0, x[0]=648.0, y[0]=709.0, toolType[0]=TOOL_TYPE_UNKNOWN, buttonState=0, metaState=0, flags=0x0, edgeFlags=0x0, pointerCount=1, historySize=0, eventTime=858361556, downTime=858361556, deviceId=0, source=0x1002 }
08-06 06:25:45.153 25358 25358 D AndroidRuntime: Shutting down VM
08-06 06:25:45.155 24296 24783 I art     : Starting a blocking GC Explicit
08-06 06:25:45.219   512  2967 D audio_hw_primary: out_set_parameters: enter: usecase(1: low-latency-playback) kvpairs: routing=2
08-06 06:25:45.221 24296 24783 I art     : Explicit concurrent mark sweep GC freed 67(3KB) AllocSpace objects, 0(0B) LOS objects, 30% free, 36MB/52MB, paused 771us total 66.464ms
08-06 06:25:45.232   512  2967 D audio_hw_primary: select_devices: out_snd_device(2: speaker) in_snd_device(0: none)
08-06 06:25:45.232   512  2967 D msm8974_platform: platform_send_audio_calibration: sending audio calibration for snd_device(2) acdb_id(15)
08-06 06:25:45.233   512  2967 I soundtrigger: audio_extn_sound_trigger_update_device_status: device 0x2 of type 0 for Event 1
08-06 06:25:45.242   512  2967 D audio_hw_primary: enable_snd_device: snd_device(2: speaker)
08-06 06:25:45.243 24296 24783 I art     : Starting a blocking GC Explicit
08-06 06:25:45.244   512  2967 D audio_hw_primary: enable_audio_route: apply and update mixer path: low-latency-playback speaker
08-06 06:25:45.306 24296 24783 I art     : Explicit concurrent mark sweep GC freed 686(53KB) AllocSpace objects, 1(20KB) LOS objects, 30% free, 36MB/52MB, paused 472us total 62.650ms
08-06 06:25:45.622 24296 24308 I art     : Starting a blocking GC Explicit
08-06 06:25:45.702 24296 24308 I art     : Explicit concurrent mark sweep GC freed 1442(82KB) AllocSpace objects, 1(20KB) LOS objects, 30% free, 36MB/52MB, paused 429us total 79.183ms
08-06 06:25:45.729 24296 24308 I art     : Starting a blocking GC Explicit
08-06 06:25:45.779   512  2967 D audio_hw_primary: disable_audio_route: reset and update mixer path: low-latency-playback speaker
08-06 06:25:45.781   512  2967 D audio_hw_primary: disable_snd_device: snd_device(2: speaker)
08-06 06:25:45.790   512  2967 I soundtrigger: audio_extn_sound_trigger_update_device_status: device 0x2 of type 0 for Event 0
08-06 06:25:45.808 24296 24308 I art     : Explicit concurrent mark sweep GC freed 28(960B) AllocSpace objects, 0(0B) LOS objects, 30% free, 36MB/52MB, paused 558us total 78.528ms
08-06 06:25:45.835 24296 24308 I art     : Starting a blocking GC Explicit
08-06 06:25:45.914 24296 24308 I art     : Explicit concurrent mark sweep GC freed 3(96B) AllocSpace objects, 0(0B) LOS objects, 30% free, 36MB/52MB, paused 448us total 78.078ms
08-06 06:25:45.940 24296 24308 I art     : Starting a blocking GC Explicit
08-06 06:25:46.014 24296 24308 I art     : Explicit concurrent mark sweep GC freed 5(160B) AllocSpace objects, 0(0B) LOS objects, 30% free, 36MB/52MB, paused 494us total 72.983ms
08-06 06:25:46.040 24296 24308 I art     : Starting a blocking GC Explicit
08-06 06:25:46.109 24296 24308 I art     : Explicit concurrent mark sweep GC freed 3(96B) AllocSpace objects, 0(0B) LOS objects, 30% free, 36MB/52MB, paused 450us total 68.600ms
08-06 06:25:46.444 24296 24309 I art     : Starting a blocking GC Explicit
08-06 06:25:46.517 24296 24309 I art     : Explicit concurrent mark sweep GC freed 1295(75KB) AllocSpace objects, 1(20KB) LOS objects, 30% free, 36MB/52MB, paused 476us total 72.279ms
08-06 06:25:46.540 24296 24309 I art     : Starting a blocking GC Explicit
08-06 06:25:46.608 24296 24309 I art     : Explicit concurrent mark sweep GC freed 18(624B) AllocSpace objects, 0(0B) LOS objects, 30% free, 36MB/52MB, paused 516us total 67.516ms
08-06 06:25:46.630 24296 24309 I art     : Starting a blocking GC Explicit
08-06 06:25:46.700 24296 24309 I art     : Explicit concurrent mark sweep GC freed 3(96B) AllocSpace objects, 0(0B) LOS objects, 30% free, 36MB/52MB, paused 455us total 68.819ms
08-06 06:25:46.723 24296 24309 I art     : Starting a blocking GC Explicit
08-06 06:25:46.793 24296 24309 I art     : Explicit concurrent mark sweep GC freed 3(96B) AllocSpace objects, 0(0B) LOS objects, 30% free, 36MB/52MB, paused 481us total 69.541ms
08-06 06:25:46.817 24296 24309 I art     : Starting a blocking GC Explicit
08-06 06:25:46.890 24296 24309 I art     : Explicit concurrent mark sweep GC freed 7(224B) AllocSpace objects, 0(0B) LOS objects, 30% free, 36MB/52MB, paused 561us total 73.552ms
08-06 06:25:46.947 25401 25401 D AndroidRuntime: >>>>>> START com.android.internal.os.RuntimeInit uid 2000 <<<<<<
08-06 06:25:46.953 25401 25401 D AndroidRuntime: CheckJNI is OFF
08-06 06:25:46.996 25401 25401 D ICU     : No timezone override file found: /data/misc/zoneinfo/current/icu/icu_tzdata.dat
08-06 06:25:47.045 25401 25401 I Radio-JNI: register_android_hardware_Radio DONE
08-06 06:25:47.077 25401 25401 D AndroidRuntime: Calling main entry com.android.commands.input.Input
08-06 06:25:47.079 25401 25401 I Input   : injectMotionEvent: MotionEvent { action=ACTION_DOWN, actionButton=0, id[0]=0, x[0]=1197.0, y[0]=1456.0, toolType[0]=TOOL_TYPE_UNKNOWN, buttonState=0, metaState=0, flags=0x0, edgeFlags=0x0, pointerCount=1, historySize=0, eventTime=858363492, downTime=858363492, deviceId=0, source=0x1002 }
08-06 06:25:47.087 25401 25401 I Input   : injectMotionEvent: MotionEvent { action=ACTION_UP, actionButton=0, id[0]=0, x[0]=1197.0, y[0]=1456.0, toolType[0]=TOOL_TYPE_UNKNOWN, buttonState=0, metaState=0, flags=0x0, edgeFlags=0x0, pointerCount=1, historySize=0, eventTime=858363492, downTime=858363492, deviceId=0, source=0x1002 }
08-06 06:25:47.088 25401 25401 D AndroidRuntime: Shutting down VM
08-06 06:25:47.104   512  2967 D audio_hw_primary: out_set_parameters: enter: usecase(1: low-latency-playback) kvpairs: routing=2
08-06 06:25:47.117   512  2967 D audio_hw_primary: select_devices: out_snd_device(2: speaker) in_snd_device(0: none)
08-06 06:25:47.118   512  2967 D msm8974_platform: platform_send_audio_calibration: sending audio calibration for snd_device(2) acdb_id(15)
08-06 06:25:47.118   512  2967 I soundtrigger: audio_extn_sound_trigger_update_device_status: device 0x2 of type 0 for Event 1
08-06 06:25:47.125 24296 24311 D OpenGLRenderer: endAllStagingAnimators on 0x7f94a61c00 (RippleDrawable) with handle 0x7f7f5cf860
08-06 06:25:47.129   512  2967 D audio_hw_primary: enable_snd_device: snd_device(2: speaker)
08-06 06:25:47.132   512  2967 D audio_hw_primary: enable_audio_route: apply and update mixer path: low-latency-playback speaker
08-06 06:25:47.134 24296 24296 I SettingsManager: Setting string: savedCourse
08-06 06:25:47.141   918  3714 W BackupManagerService: dataChanged but no participant pkg='baseline.com.ak.uobtimetable' uid=10710
08-06 06:25:47.142   918  6110 I ActivityManager: START u0 {flg=0x4000000 cmp=baseline.com.ak.uobtimetable/.MainActivity (has extras)} from uid 10710 on display 0
08-06 06:25:47.155   918  3696 W InputMethodManagerService: Focus gain on non-focused client com.android.internal.view.IInputMethodClient$Stub$Proxy@9455f65 (uid=10710 pid=24296)
08-06 06:25:47.171 24296 24296 D MainActivity: OnDestroy
08-06 06:25:47.197 24296 24296 D MainActivity: onCreate
08-06 06:25:47.198 24296 24296 I SettingsManager: Getting string: savedSessions
08-06 06:25:47.198 24296 24296 I SettingsManager: Getting string: savedSessions
08-06 06:25:47.207 24296 24296 I SettingsManager: Getting string: savedSessionsCourseName
08-06 06:25:47.207 24296 24296 I SettingsManager: Getting string: savedSessionsCourseName
08-06 06:25:47.207 24296 24296 I SettingsManager: Getting string: savedSessionsDateRange
08-06 06:25:47.207 24296 24296 I SettingsManager: Getting string: savedSessionsDateRange
08-06 06:25:47.207 24296 24296 I Settings: 10 saved sessions - Bedfordshire International and EU Foundation Year - Int Foun - Ltn - Y0 Feb FT - Weeks: 24-38 (8 Jun 2020-20 Sep 2020)
08-06 06:25:47.237 24296 24308 I art     : Starting a blocking GC Explicit
08-06 06:25:47.253 24296 24296 I SettingsManager: Getting string: savedCourse
08-06 06:25:47.254 24296 24296 D MainActivity: sessionListFragmentArg: updateSessions
08-06 06:25:47.254 24296 24296 D MainActivity: showTermDatesConfigChange: false
08-06 06:25:47.254 24296 24296 D MainActivity: showTermDatesShortcut: false
08-06 06:25:47.255 24296 24296 D MainActivity: Setting initial fragment: SessionListsFragment
08-06 06:25:47.257 24296 24296 I SettingsManager: Getting int: launchCount
08-06 06:25:47.258 24296 24296 D SessionListsFragment: onCreateView
08-06 06:25:47.262 24296 24296 I SettingsManager: Getting string: savedCourse
08-06 06:25:47.266 24296 24296 I SettingsManager: Getting string: savedSessions
08-06 06:25:47.276 24296 24296 D SessionListsFragment: loadArgument: updateSessions
08-06 06:25:47.276 24296 24296 D SessionListsFragment: initialIndex: -1
08-06 06:25:47.279 24296 25424 D HTTP    : Request for: https://uob-timetable-api.adriankeenan.co.uk/sessions?dept=CM010&course=BSAIFAAF%2F02AA%2F0%2FFT&level=Foundation+Year
08-06 06:25:47.295 24296 24296 D TermDatesFragment: WebView loaded
08-06 06:25:47.295 24296 24296 D MainActivity: OnResume
08-06 06:25:47.323 24296 24308 I art     : Explicit concurrent mark sweep GC freed 20799(1002KB) AllocSpace objects, 3(152KB) LOS objects, 29% free, 38MB/54MB, paused 1.141ms total 86.581ms
08-06 06:25:47.346 24296 24308 I art     : Starting a blocking GC Explicit
08-06 06:25:47.389 24296 24296 I TermDatesFragment: Webview load %: 10
08-06 06:25:47.412 24296 24308 I art     : Explicit concurrent mark sweep GC freed 1591(79KB) AllocSpace objects, 1(1228KB) LOS objects, 30% free, 37MB/53MB, paused 1.174ms total 65.809ms
08-06 06:25:47.426   918   936 I ActivityManager: Displayed baseline.com.ak.uobtimetable/.MainActivity: +269ms
08-06 06:25:47.427 13866 13866 I GoogleInputMethodServic: GoogleInputMethodService.onFinishInput():3138 
08-06 06:25:47.428 13866 13866 I GoogleInputMethodServic: GoogleInputMethodService.onStartInput():1808 
08-06 06:25:47.433 24296 24308 I art     : Starting a blocking GC Explicit
08-06 06:25:47.498 24296 24308 I art     : Explicit concurrent mark sweep GC freed 28700(1332KB) AllocSpace objects, 3(200KB) LOS objects, 30% free, 36MB/52MB, paused 1.395ms total 64.872ms
08-06 06:25:47.519 24296 24308 I art     : Starting a blocking GC Explicit
08-06 06:25:47.545 24296 25424 I NAPPA_EXPERIMENTATION: MetricNetworkRequestExecutionTime: REQUEST_DURATION_SYSTEM='264',REQUEST_DURATION_OKHTTP='41',REQUEST_SYNCHRONOUS='TRUE',RESPONSE_CODE='200',RESPONSE_METHOD='GET',RESPONSE_LENGTH_OKHTTP='-1',RESPONSE_LENGTH_HEADER='1214',REQUEST_PROTOCOL='http/1.1',REQUEST_URL='https://uob-timetable-api.adriankeenan.co.uk/sessions?dept=CM010&course=BSAIFAAF%2F02AA%2F0%2FFT&level=Foundation+Year',
08-06 06:25:47.559 24296 24296 I TermDatesFragment: Webview load %: 70
08-06 06:25:47.560 24296 24296 I TermDatesFragment: Webview load %: 100
08-06 06:25:47.560 24296 24296 I TermDatesFragment: Webview load %: 100
08-06 06:25:47.573 24296 24308 I art     : Explicit concurrent mark sweep GC freed 3153(247KB) AllocSpace objects, 2(120KB) LOS objects, 30% free, 35MB/51MB, paused 522us total 54.305ms
08-06 06:25:47.593 24296 24308 I art     : Starting a blocking GC Explicit
08-06 06:25:47.601 24296 25424 I HTTP    : Response was compressed.
08-06 06:25:47.612 24296 25424 I Service : getSessions response time: 1.10
08-06 06:25:47.613 24296 24296 I SettingsManager: Getting string: savedSessions
08-06 06:25:47.614 24296 24296 I SettingsManager: Getting string: savedSessions
08-06 06:25:47.623 24296 24296 I Service : Sessions updated: 10
08-06 06:25:47.623 24296 24296 I Service : Sessions removed from new list: 0
08-06 06:25:47.632 24296 24296 I SettingsManager: Setting string: savedSessions
08-06 06:25:47.640   918  6029 W BackupManagerService: dataChanged but no participant pkg='baseline.com.ak.uobtimetable' uid=10710
08-06 06:25:47.640 24296 24296 I SettingsManager: Setting date: savedSessionsTime
08-06 06:25:47.647   918  5481 W BackupManagerService: dataChanged but no participant pkg='baseline.com.ak.uobtimetable' uid=10710
08-06 06:25:47.647 24296 24296 I SettingsManager: Setting string: savedSessionsCourseName
08-06 06:25:47.654   918  4400 W BackupManagerService: dataChanged but no participant pkg='baseline.com.ak.uobtimetable' uid=10710
08-06 06:25:47.655 24296 24296 I SettingsManager: Setting string: savedSessionsDateRange
08-06 06:25:47.655 24296 24308 I art     : Explicit concurrent mark sweep GC freed 16004(793KB) AllocSpace objects, 5(92KB) LOS objects, 30% free, 36MB/52MB, paused 776us total 61.372ms
08-06 06:25:47.655   918  3961 W BackupManagerService: dataChanged but no participant pkg='baseline.com.ak.uobtimetable' uid=10710
08-06 06:25:47.655 24296 24296 I SettingsManager: Setting string: timetableUrl
08-06 06:25:47.656   918  3670 W BackupManagerService: dataChanged but no participant pkg='baseline.com.ak.uobtimetable' uid=10710
08-06 06:25:47.656 24296 24296 I SettingsManager: Getting boolean: notifySessionRemindersEnabled
08-06 06:25:47.656 24296 24296 I SettingsManager: Getting int: notifySessionRemindersMinutes
08-06 06:25:47.656 24296 24296 I SettingsManager: Getting boolean: showHiddenSessions
08-06 06:25:47.659 24296 24296 I SessionReminderNotifier: Created session reminder alarm for f7b4771250a919bd729c1c5a4a459c77 at Mon 08:30:00 10/08/20
08-06 06:25:47.661 24296 24296 I SessionReminderNotifier: Created session reminder alarm for a7f879aabdeb78622c8820a5fb7b64cd at Tue 08:30:00 11/08/20
08-06 06:25:47.664 24296 24296 I SessionReminderNotifier: Created session reminder alarm for 7bc8d7e2c2055711f597c3d9078c6ea3 at Tue 08:30:00 11/08/20
08-06 06:25:47.666 24296 24296 I SessionReminderNotifier: Created session reminder alarm for 53c0527a6f009a1f2fd223834d3bfe51 at Tue 10:30:00 11/08/20
08-06 06:25:47.668 24296 24296 I SessionReminderNotifier: Created session reminder alarm for e0fc978b5db8218778540b4053344581 at Tue 11:00:00 11/08/20
08-06 06:25:47.669   512  2967 D audio_hw_primary: disable_audio_route: reset and update mixer path: low-latency-playback speaker
08-06 06:25:47.671   512  2967 D audio_hw_primary: disable_snd_device: snd_device(2: speaker)
08-06 06:25:47.671 24296 24296 I SessionReminderNotifier: Created session reminder alarm for 199afb0100f329ff65a09e1b0cd9deba at Tue 11:30:00 11/08/20
08-06 06:25:47.673 24296 24296 I SessionReminderNotifier: Created session reminder alarm for 21712fef61090882c855a1425543edb5 at Tue 13:30:00 11/08/20
08-06 06:25:47.675 24296 24296 I SessionReminderNotifier: Created session reminder alarm for 65ca4d97f031f29a4d02bbb45a705d8f at Wed 08:30:00 12/08/20
08-06 06:25:47.677 24296 24296 I SessionReminderNotifier: Created session reminder alarm for eeda7741b0bcab58fd9f46dc6ef1d942 at Wed 08:30:00 12/08/20
08-06 06:25:47.678   512  2967 I soundtrigger: audio_extn_sound_trigger_update_device_status: device 0x2 of type 0 for Event 0
08-06 06:25:47.679 24296 24296 I SessionReminderNotifier: Created session reminder alarm for c276c1b2075a0beb67f1b3d1e580f920 at Wed 11:00:00 12/08/20
08-06 06:25:47.680 24296 24296 I SessionReminderNotifier: Created session reminder alarm for 8b1f3627e42ae13a6f6ba0a83903dde1 at Wed 13:30:00 12/08/20
08-06 06:25:47.682 24296 24296 I SessionReminderNotifier: Created session reminder alarm for 79fe0b5c3b887a13ba29db5a33fa2800 at Thu 08:30:00 06/08/20
08-06 06:25:47.684 24296 24296 I SessionReminderNotifier: Created session reminder alarm for cb9dfc8231cdba2be0835dc5709690e1 at Thu 08:30:00 06/08/20
08-06 06:25:47.685 24296 24296 I SessionReminderNotifier: Created session reminder alarm for f850dc24d6de60b7b89fa9e1a8c224c5 at Thu 12:00:00 06/08/20
08-06 06:25:47.687 24296 24296 I SessionReminderNotifier: Created session reminder alarm for 2ba1034116e4fffdd592dbf0796a43d5 at Fri 08:30:00 07/08/20
08-06 06:25:47.687 24296 24296 I SettingsManager: Getting boolean: showHiddenSessions
08-06 06:25:47.687 24296 24296 D SessionListsFragment: 1 sessions for day 0
08-06 06:25:47.687 24296 24296 D SessionListsFragment: 6 sessions for day 1
08-06 06:25:47.687 24296 24296 D SessionListsFragment: 4 sessions for day 2
08-06 06:25:47.688 24296 24296 D SessionListsFragment: 3 sessions for day 3
08-06 06:25:47.688 24296 24296 D SessionListsFragment: 1 sessions for day 4
08-06 06:25:47.728 24296 24296 I SettingsManager: Getting boolean: showHiddenSessions
08-06 06:25:47.729 24296 24296 D SessionListsFragment: Refreshed ViewPager
08-06 06:25:47.729 24296 24296 I SettingsManager: Getting boolean: showHiddenSessions
08-06 06:25:47.729 24296 24296 I SettingsManager: Getting boolean: completedTutorial
08-06 06:25:47.729 24296 24296 I SettingsManager: Getting boolean: showHiddenSessions
08-06 06:25:47.730 24296 24296 I SettingsManager: Getting date: savedSessionsTime
08-06 06:25:47.960 24296 24315 I art     : Starting a blocking GC Explicit
08-06 06:25:48.049 24296 24315 I art     : Explicit concurrent mark sweep GC freed 103383(4MB) AllocSpace objects, 1(20KB) LOS objects, 30% free, 37MB/53MB, paused 1.312ms total 88.255ms
08-06 06:25:48.072 24296 24315 I art     : Starting a blocking GC Explicit
08-06 06:25:48.147 24296 24315 I art     : Explicit concurrent mark sweep GC freed 36646(1599KB) AllocSpace objects, 0(0B) LOS objects, 30% free, 37MB/53MB, paused 1.395ms total 74.749ms
08-06 06:25:48.169 24296 24315 I art     : Starting a blocking GC Explicit
08-06 06:25:48.246 24296 24315 I art     : Explicit concurrent mark sweep GC freed 33481(1385KB) AllocSpace objects, 0(0B) LOS objects, 30% free, 37MB/53MB, paused 1.331ms total 76.447ms
08-06 06:25:48.269 24296 24315 I art     : Starting a blocking GC Explicit
08-06 06:25:48.348 24296 24315 I art     : Explicit concurrent mark sweep GC freed 32971(1378KB) AllocSpace objects, 0(0B) LOS objects, 29% free, 37MB/53MB, paused 1.378ms total 79.309ms
08-06 06:25:48.351 13866 13882 I PeriodicStatsRunner: PeriodicStatsRunner.call():175 call()
08-06 06:25:48.351 13866 13882 I PeriodicStatsRunner: PeriodicStatsRunner.call():179 No submit PeriodicStats since input started.
08-06 06:25:48.365 13866 13882 I PeriodicStatsRunner: PeriodicStatsRunner.call():175 call()
08-06 06:25:48.365 13866 13882 I PeriodicStatsRunner: PeriodicStatsRunner.call():179 No submit PeriodicStats since input started.
08-06 06:25:48.372 24296 24315 I art     : Starting a blocking GC Explicit
08-06 06:25:48.452 24296 24315 I art     : Explicit concurrent mark sweep GC freed 33213(1364KB) AllocSpace objects, 0(0B) LOS objects, 29% free, 37MB/53MB, paused 1.385ms total 79.655ms
08-06 06:25:48.545 24296 24296 I Choreographer: Skipped 47 frames!  The application may be doing too much work on its main thread.
08-06 06:25:48.789 24296 24783 I art     : Starting a blocking GC Explicit
08-06 06:25:48.876 24296 24783 I art     : Explicit concurrent mark sweep GC freed 37146(1544KB) AllocSpace objects, 1(20KB) LOS objects, 29% free, 37MB/53MB, paused 597us total 86.180ms
08-06 06:25:48.900 24296 24783 I art     : Starting a blocking GC Explicit
08-06 06:25:48.964 24296 24783 I art     : Explicit concurrent mark sweep GC freed 122761(11MB) AllocSpace objects, 3(136KB) LOS objects, 37% free, 26MB/42MB, paused 552us total 63.569ms
08-06 06:25:48.979 24296 24783 I art     : Starting a blocking GC Explicit
08-06 06:25:49.021 24296 24783 I art     : Explicit concurrent mark sweep GC freed 3(96B) AllocSpace objects, 0(0B) LOS objects, 37% free, 26MB/42MB, paused 512us total 42.290ms
08-06 06:25:49.037 24296 24783 I art     : Starting a blocking GC Explicit
08-06 06:25:49.083 24296 24783 I art     : Explicit concurrent mark sweep GC freed 3(96B) AllocSpace objects, 0(0B) LOS objects, 37% free, 26MB/42MB, paused 528us total 45.696ms
08-06 06:25:49.099 24296 24783 I art     : Starting a blocking GC Explicit
08-06 06:25:49.144 24296 24783 I art     : Explicit concurrent mark sweep GC freed 3(96B) AllocSpace objects, 0(0B) LOS objects, 37% free, 26MB/42MB, paused 488us total 45.059ms
08-06 06:25:49.501 24296 24308 I art     : Starting a blocking GC Explicit
08-06 06:25:49.544 24296 24308 I art     : Explicit concurrent mark sweep GC freed 1433(80KB) AllocSpace objects, 1(20KB) LOS objects, 37% free, 26MB/42MB, paused 496us total 42.754ms
08-06 06:25:49.559 24296 24308 I art     : Starting a blocking GC Explicit
08-06 06:25:49.603 24296 24308 I art     : Explicit concurrent mark sweep GC freed 29(1008B) AllocSpace objects, 0(0B) LOS objects, 37% free, 26MB/42MB, paused 496us total 43.150ms
08-06 06:25:49.619 24296 24308 I art     : Starting a blocking GC Explicit
08-06 06:25:49.660 24296 24308 I art     : Explicit concurrent mark sweep GC freed 4(160B) AllocSpace objects, 0(0B) LOS objects, 37% free, 26MB/42MB, paused 519us total 41.481ms
08-06 06:25:49.676 24296 24308 I art     : Starting a blocking GC Explicit
08-06 06:25:49.722 24296 24308 I art     : Explicit concurrent mark sweep GC freed 3(96B) AllocSpace objects, 0(0B) LOS objects, 37% free, 26MB/42MB, paused 558us total 45.680ms
08-06 06:25:49.738 24296 24308 I art     : Starting a blocking GC Explicit
08-06 06:25:49.784 24296 24308 I art     : Explicit concurrent mark sweep GC freed 3(96B) AllocSpace objects, 0(0B) LOS objects, 37% free, 26MB/42MB, paused 534us total 45.560ms
08-06 06:25:50.142 24296 24315 I art     : Starting a blocking GC Explicit
08-06 06:25:50.192 24296 24315 I art     : Explicit concurrent mark sweep GC freed 1293(75KB) AllocSpace objects, 1(20KB) LOS objects, 37% free, 26MB/42MB, paused 558us total 50.015ms
08-06 06:25:50.208 24296 24315 I art     : Starting a blocking GC Explicit
08-06 06:25:50.253 24296 24315 I art     : Explicit concurrent mark sweep GC freed 18(624B) AllocSpace objects, 0(0B) LOS objects, 37% free, 26MB/42MB, paused 494us total 44.471ms
08-06 06:25:50.269 24296 24315 I art     : Starting a blocking GC Explicit
08-06 06:25:50.306 24365 12204 I NetworkScheduler.Stats: Task com.google.android.gms/com.google.android.gms.icing.service.IcingGcmTaskService started execution. cause:4 exec_start_elapsed_seconds: 1841754 [CONTEXT service_id=218 ]
08-06 06:25:50.307 24296 24315 I art     : Explicit concurrent mark sweep GC freed 3(96B) AllocSpace objects, 0(0B) LOS objects, 37% free, 26MB/42MB, paused 473us total 37.247ms
08-06 06:25:50.313 24365 31017 I NetworkScheduler.Stats: Task com.google.android.gms/com.google.android.gms.icing.service.IcingGcmTaskService finished executing. cause:4 result: 1 elapsed_millis: 30 uptime_millis: 31 exec_start_elapsed_seconds: 1841754 [CONTEXT service_id=218 ]
08-06 06:25:50.320 24296 24315 I art     : Starting a blocking GC Explicit
08-06 06:25:50.332 19440 25468 W Gcs.WfaEliRefreshTask: [28644] afk.b: NULL eligibility response.
08-06 06:25:50.332 24365 31017 I NetworkScheduler.Stats: Task com.google.android.apps.gcs/ started execution. cause:5 exec_start_elapsed_seconds: 1841754 [CONTEXT service_id=218 ]
08-06 06:25:50.334 24365 31017 I NetworkScheduler.Stats: Task com.google.android.apps.gcs/ finished executing. cause:5 result: 3 elapsed_millis: 7 uptime_millis: 6 exec_start_elapsed_seconds: 1841754 [CONTEXT service_id=218 ]
08-06 06:25:50.357 24296 24315 I art     : Explicit concurrent mark sweep GC freed 3(96B) AllocSpace objects, 0(0B) LOS objects, 37% free, 26MB/42MB, paused 504us total 36.357ms
08-06 06:25:50.371 24296 24315 I art     : Starting a blocking GC Explicit
08-06 06:25:50.411 24296 24315 I art     : Explicit concurrent mark sweep GC freed 3(96B) AllocSpace objects, 0(0B) LOS objects, 37% free, 26MB/42MB, paused 510us total 39.256ms
08-06 06:25:50.746 24296 24309 I art     : Starting a blocking GC Explicit
08-06 06:25:50.800 24296 24309 I art     : Explicit concurrent mark sweep GC freed 1293(75KB) AllocSpace objects, 1(20KB) LOS objects, 37% free, 26MB/42MB, paused 543us total 52.713ms
08-06 06:25:50.818 24296 24309 I art     : Starting a blocking GC Explicit
08-06 06:25:50.865 24296 24309 I art     : Explicit concurrent mark sweep GC freed 18(624B) AllocSpace objects, 0(0B) LOS objects, 37% free, 26MB/42MB, paused 517us total 46.636ms
08-06 06:25:50.881 24296 24309 I art     : Starting a blocking GC Explicit
08-06 06:25:50.926 24296 24309 I art     : Explicit concurrent mark sweep GC freed 3(96B) AllocSpace objects, 0(0B) LOS objects, 37% free, 26MB/42MB, paused 524us total 45.055ms
08-06 06:25:50.942 24296 24309 I art     : Starting a blocking GC Explicit
08-06 06:25:50.988 24296 24309 I art     : Explicit concurrent mark sweep GC freed 3(96B) AllocSpace objects, 0(0B) LOS objects, 37% free, 26MB/42MB, paused 626us total 45.056ms
08-06 06:25:51.003 24296 24309 I art     : Starting a blocking GC Explicit
08-06 06:25:51.050 24296 24309 I art     : Explicit concurrent mark sweep GC freed 3(96B) AllocSpace objects, 0(0B) LOS objects, 37% free, 26MB/42MB, paused 536us total 46.317ms
08-06 06:25:51.386 24296 24783 I art     : Starting a blocking GC Explicit
08-06 06:25:51.428 24296 24783 I art     : Explicit concurrent mark sweep GC freed 1317(76KB) AllocSpace objects, 1(20KB) LOS objects, 37% free, 26MB/42MB, paused 533us total 42.028ms
08-06 06:25:51.443 24296 24783 I art     : Starting a blocking GC Explicit
08-06 06:25:51.486 24296 24783 I art     : Explicit concurrent mark sweep GC freed 18(624B) AllocSpace objects, 0(0B) LOS objects, 37% free, 26MB/42MB, paused 485us total 42.141ms
08-06 06:25:51.501 24296 24783 I art     : Starting a blocking GC Explicit
08-06 06:25:51.546 24296 24783 I art     : Explicit concurrent mark sweep GC freed 3(96B) AllocSpace objects, 0(0B) LOS objects, 37% free, 26MB/42MB, paused 492us total 44.486ms
08-06 06:25:51.561 24296 24783 I art     : Starting a blocking GC Explicit
08-06 06:25:51.606 24296 24783 I art     : Explicit concurrent mark sweep GC freed 15(656B) AllocSpace objects, 0(0B) LOS objects, 37% free, 26MB/42MB, paused 605us total 44.186ms
08-06 06:25:51.622 24296 24783 I art     : Starting a blocking GC Explicit
08-06 06:25:51.663 24296 24783 I art     : Explicit concurrent mark sweep GC freed 4(160B) AllocSpace objects, 0(0B) LOS objects, 37% free, 26MB/42MB, paused 480us total 40.261ms
08-06 06:25:51.829   518   646 I ThermalEngine: ACTION: GPU - Setting GPU[0] to 510000000
08-06 06:25:51.859 25489 25489 D AndroidRuntime: >>>>>> START com.android.internal.os.RuntimeInit uid 2000 <<<<<<
08-06 06:25:51.865 25489 25489 D AndroidRuntime: CheckJNI is OFF
08-06 06:25:51.898 25489 25489 D ICU     : No timezone override file found: /data/misc/zoneinfo/current/icu/icu_tzdata.dat
08-06 06:25:51.930 25489 25489 I Radio-JNI: register_android_hardware_Radio DONE
08-06 06:25:51.952 25489 25489 D AndroidRuntime: Calling main entry com.android.commands.input.Input
08-06 06:25:51.954 25489 25489 I Input   : injectMotionEvent: MotionEvent { action=ACTION_DOWN, actionButton=0, id[0]=0, x[0]=81.0, y[0]=176.0, toolType[0]=TOOL_TYPE_UNKNOWN, buttonState=0, metaState=0, flags=0x0, edgeFlags=0x0, pointerCount=1, historySize=0, eventTime=858368367, downTime=858368367, deviceId=0, source=0x1002 }
08-06 06:25:51.958 25489 25489 I Input   : injectMotionEvent: MotionEvent { action=ACTION_UP, actionButton=0, id[0]=0, x[0]=81.0, y[0]=176.0, toolType[0]=TOOL_TYPE_UNKNOWN, buttonState=0, metaState=0, flags=0x0, edgeFlags=0x0, pointerCount=1, historySize=0, eventTime=858368367, downTime=858368367, deviceId=0, source=0x1002 }
08-06 06:25:51.961 25489 25489 D AndroidRuntime: Shutting down VM
08-06 06:25:51.969 24296 24309 I art     : Starting a blocking GC Explicit
08-06 06:25:51.973   512  2967 D audio_hw_primary: out_set_parameters: enter: usecase(1: low-latency-playback) kvpairs: routing=2
08-06 06:25:51.987   512  2967 D audio_hw_primary: select_devices: out_snd_device(2: speaker) in_snd_device(0: none)
08-06 06:25:51.987   512  2967 D msm8974_platform: platform_send_audio_calibration: sending audio calibration for snd_device(2) acdb_id(15)
08-06 06:25:51.987   512  2967 I soundtrigger: audio_extn_sound_trigger_update_device_status: device 0x2 of type 0 for Event 1
08-06 06:25:52.000   512  2967 D audio_hw_primary: enable_snd_device: snd_device(2: speaker)
08-06 06:25:52.002   512  2967 D audio_hw_primary: enable_audio_route: apply and update mixer path: low-latency-playback speaker
08-06 06:25:52.007 13866 13866 I GoogleInputMethodServic: GoogleInputMethodService.onFinishInput():3138 
08-06 06:25:52.008 13866 13866 I GoogleInputMethodServic: GoogleInputMethodService.onStartInput():1808 
08-06 06:25:52.011 24296 24309 I art     : Explicit concurrent mark sweep GC freed 1416(79KB) AllocSpace objects, 1(20KB) LOS objects, 37% free, 26MB/42MB, paused 455us total 41.763ms
08-06 06:25:52.023 24296 24309 I art     : Starting a blocking GC Explicit
08-06 06:25:52.053 24296 24309 I art     : Explicit concurrent mark sweep GC freed 270(15KB) AllocSpace objects, 0(0B) LOS objects, 37% free, 26MB/42MB, paused 347us total 29.385ms
08-06 06:25:52.065 24296 24309 I art     : Starting a blocking GC Explicit
08-06 06:25:52.096 24296 24309 I art     : Explicit concurrent mark sweep GC freed 280(15KB) AllocSpace objects, 0(0B) LOS objects, 37% free, 26MB/42MB, paused 336us total 30.935ms
08-06 06:25:52.108 24296 24309 I art     : Starting a blocking GC Explicit
08-06 06:25:52.139 24296 24309 I art     : Explicit concurrent mark sweep GC freed 7(384B) AllocSpace objects, 0(0B) LOS objects, 37% free, 26MB/42MB, paused 469us total 31.092ms
08-06 06:25:52.151 24296 24309 I art     : Starting a blocking GC Explicit
08-06 06:25:52.186 24296 24309 I art     : Explicit concurrent mark sweep GC freed 3(96B) AllocSpace objects, 0(0B) LOS objects, 37% free, 26MB/42MB, paused 369us total 34.632ms
08-06 06:25:52.429 13866 13882 I PeriodicStatsRunner: PeriodicStatsRunner.call():175 call()
08-06 06:25:52.430 13866 13882 I PeriodicStatsRunner: PeriodicStatsRunner.call():179 No submit PeriodicStats since input started.
08-06 06:25:52.466 24296 24315 I art     : Starting a blocking GC Explicit
08-06 06:25:52.501 24296 24315 I art     : Explicit concurrent mark sweep GC freed 1298(75KB) AllocSpace objects, 1(20KB) LOS objects, 37% free, 26MB/42MB, paused 367us total 34.639ms
08-06 06:25:52.514 24296 24315 I art     : Starting a blocking GC Explicit
08-06 06:25:52.547 24296 24315 I art     : Explicit concurrent mark sweep GC freed 26(880B) AllocSpace objects, 0(0B) LOS objects, 37% free, 26MB/42MB, paused 418us total 32.766ms
08-06 06:25:52.551   512  2967 D audio_hw_primary: disable_audio_route: reset and update mixer path: low-latency-playback speaker
08-06 06:25:52.552   512  2967 D audio_hw_primary: disable_snd_device: snd_device(2: speaker)
08-06 06:25:52.559 24296 24315 I art     : Starting a blocking GC Explicit
08-06 06:25:52.560   512  2967 I soundtrigger: audio_extn_sound_trigger_update_device_status: device 0x2 of type 0 for Event 0
08-06 06:25:52.591 24296 24315 I art     : Explicit concurrent mark sweep GC freed 3(96B) AllocSpace objects, 0(0B) LOS objects, 37% free, 26MB/42MB, paused 358us total 31.668ms
08-06 06:25:52.603 24296 24315 I art     : Starting a blocking GC Explicit
08-06 06:25:52.635 24296 24315 I art     : Explicit concurrent mark sweep GC freed 3(96B) AllocSpace objects, 0(0B) LOS objects, 37% free, 26MB/42MB, paused 347us total 32.197ms
08-06 06:25:52.647 24296 24315 I art     : Starting a blocking GC Explicit
08-06 06:25:52.679 24296 24315 I art     : Explicit concurrent mark sweep GC freed 3(96B) AllocSpace objects, 0(0B) LOS objects, 37% free, 26MB/42MB, paused 360us total 31.900ms
08-06 06:25:52.983 24296 24783 I art     : Starting a blocking GC Explicit
08-06 06:25:53.028 24296 24783 I art     : Explicit concurrent mark sweep GC freed 1295(75KB) AllocSpace objects, 1(20KB) LOS objects, 37% free, 26MB/42MB, paused 400us total 44.620ms
08-06 06:25:53.045 24296 24783 I art     : Starting a blocking GC Explicit
08-06 06:25:53.080 24296 24783 I art     : Explicit concurrent mark sweep GC freed 18(624B) AllocSpace objects, 0(0B) LOS objects, 37% free, 26MB/42MB, paused 383us total 34.829ms
08-06 06:25:53.092 24296 24783 I art     : Starting a blocking GC Explicit
08-06 06:25:53.127 24296 24783 I art     : Explicit concurrent mark sweep GC freed 3(96B) AllocSpace objects, 0(0B) LOS objects, 37% free, 26MB/42MB, paused 370us total 34.654ms
08-06 06:25:53.139 24296 24783 I art     : Starting a blocking GC Explicit
08-06 06:25:53.174 24296 24783 I art     : Explicit concurrent mark sweep GC freed 3(96B) AllocSpace objects, 0(0B) LOS objects, 37% free, 26MB/42MB, paused 329us total 34.108ms
08-06 06:25:53.186 24296 24783 I art     : Starting a blocking GC Explicit
08-06 06:25:53.219 24296 24783 I art     : Explicit concurrent mark sweep GC freed 3(96B) AllocSpace objects, 0(0B) LOS objects, 37% free, 26MB/42MB, paused 368us total 32.823ms
08-06 06:25:53.511 24296 24308 I art     : Starting a blocking GC Explicit
08-06 06:25:53.550 24296 24308 I art     : Explicit concurrent mark sweep GC freed 1293(75KB) AllocSpace objects, 1(20KB) LOS objects, 37% free, 26MB/42MB, paused 378us total 38.776ms
08-06 06:25:53.563 24296 24308 I art     : Starting a blocking GC Explicit
08-06 06:25:53.595 24296 24308 I art     : Explicit concurrent mark sweep GC freed 18(624B) AllocSpace objects, 0(0B) LOS objects, 37% free, 26MB/42MB, paused 359us total 31.790ms
08-06 06:25:53.607 24296 24308 I art     : Starting a blocking GC Explicit
08-06 06:25:53.614 25533 25533 D AndroidRuntime: >>>>>> START com.android.internal.os.RuntimeInit uid 2000 <<<<<<
08-06 06:25:53.619 25533 25533 D AndroidRuntime: CheckJNI is OFF
08-06 06:25:53.641 24296 24308 I art     : Explicit concurrent mark sweep GC freed 6(192B) AllocSpace objects, 0(0B) LOS objects, 37% free, 26MB/42MB, paused 499us total 34.121ms
08-06 06:25:53.653 24296 24308 I art     : Starting a blocking GC Explicit
08-06 06:25:53.657 25533 25533 D ICU     : No timezone override file found: /data/misc/zoneinfo/current/icu/icu_tzdata.dat
08-06 06:25:53.684 24296 24308 I art     : Explicit concurrent mark sweep GC freed 8(256B) AllocSpace objects, 0(0B) LOS objects, 37% free, 26MB/42MB, paused 345us total 29.777ms
08-06 06:25:53.690 25533 25533 I Radio-JNI: register_android_hardware_Radio DONE
08-06 06:25:53.695 24296 24308 I art     : Starting a blocking GC Explicit
08-06 06:25:53.711 25533 25533 D AndroidRuntime: Calling main entry com.android.commands.input.Input
08-06 06:25:53.713 25533 25533 I Input   : injectMotionEvent: MotionEvent { action=ACTION_DOWN, actionButton=0, id[0]=0, x[0]=436.0, y[0]=1770.0, toolType[0]=TOOL_TYPE_UNKNOWN, buttonState=0, metaState=0, flags=0x0, edgeFlags=0x0, pointerCount=1, historySize=0, eventTime=858370125, downTime=858370125, deviceId=0, source=0x1002 }
08-06 06:25:53.717 25533 25533 I Input   : injectMotionEvent: MotionEvent { action=ACTION_UP, actionButton=0, id[0]=0, x[0]=436.0, y[0]=1770.0, toolType[0]=TOOL_TYPE_UNKNOWN, buttonState=0, metaState=0, flags=0x0, edgeFlags=0x0, pointerCount=1, historySize=0, eventTime=858370125, downTime=858370125, deviceId=0, source=0x1002 }
08-06 06:25:53.719 25533 25533 D AndroidRuntime: Shutting down VM
08-06 06:25:53.725 24296 24308 I art     : Explicit concurrent mark sweep GC freed 15(592B) AllocSpace objects, 0(0B) LOS objects, 37% free, 26MB/42MB, paused 442us total 29.065ms
08-06 06:25:53.726 24296 24296 D MainActivity: NavigationItemSelected: Courses
08-06 06:25:53.728   512  2967 D audio_hw_primary: out_set_parameters: enter: usecase(1: low-latency-playback) kvpairs: routing=2
08-06 06:25:53.729   918   928 I ActivityManager: START u0 {cmp=baseline.com.ak.uobtimetable/.CourseListActivity} from uid 10710 on display 0
08-06 06:25:53.741   512  2967 D audio_hw_primary: select_devices: out_snd_device(2: speaker) in_snd_device(0: none)
08-06 06:25:53.741   512  2967 D msm8974_platform: platform_send_audio_calibration: sending audio calibration for snd_device(2) acdb_id(15)
08-06 06:25:53.741   512  2967 I soundtrigger: audio_extn_sound_trigger_update_device_status: device 0x2 of type 0 for Event 1
08-06 06:25:53.748 24296 24296 D MainActivity: OnPause
08-06 06:25:53.753   512  2967 D audio_hw_primary: enable_snd_device: snd_device(2: speaker)
08-06 06:25:53.755   512  2967 D audio_hw_primary: enable_audio_route: apply and update mixer path: low-latency-playback speaker
08-06 06:25:53.776 24296 24296 D CourseListActivity: onCreate
08-06 06:25:53.778 24296 25556 D HTTP    : Request for: https://uob-timetable-api.adriankeenan.co.uk/courses
08-06 06:25:53.852   918   936 I ActivityManager: Displayed baseline.com.ak.uobtimetable/.CourseListActivity: +103ms
08-06 06:25:53.852 13866 13866 I GoogleInputMethodServic: GoogleInputMethodService.onFinishInput():3138 
08-06 06:25:53.853 13866 13866 I GoogleInputMethodServic: GoogleInputMethodService.onStartInput():1808 
08-06 06:25:53.982 24296 25556 I NAPPA_EXPERIMENTATION: MetricNetworkRequestExecutionTime: REQUEST_DURATION_SYSTEM='204',REQUEST_DURATION_OKHTTP='34',REQUEST_SYNCHRONOUS='TRUE',RESPONSE_CODE='200',RESPONSE_METHOD='GET',RESPONSE_LENGTH_OKHTTP='-1',RESPONSE_LENGTH_HEADER='-2',REQUEST_PROTOCOL='http/1.1',REQUEST_URL='https://uob-timetable-api.adriankeenan.co.uk/courses',
08-06 06:25:53.984 24296 24309 I art     : Starting a blocking GC Explicit
08-06 06:25:54.022 24296 24309 I art     : Explicit concurrent mark sweep GC freed 6529(362KB) AllocSpace objects, 4(220KB) LOS objects, 36% free, 28MB/44MB, paused 445us total 37.496ms
08-06 06:25:54.037 24296 24309 I art     : Starting a blocking GC Explicit
08-06 06:25:54.073 24296 24309 I art     : Explicit concurrent mark sweep GC freed 1580(153KB) AllocSpace objects, 0(0B) LOS objects, 33% free, 31MB/47MB, paused 450us total 35.233ms
08-06 06:25:54.085 24296 24309 I art     : Starting a blocking GC Explicit
08-06 06:25:54.120 24296 24309 I art     : Explicit concurrent mark sweep GC freed 33(1248B) AllocSpace objects, 0(0B) LOS objects, 31% free, 34MB/50MB, paused 394us total 34.446ms
08-06 06:25:54.132 24296 24309 I art     : Starting a blocking GC Explicit
08-06 06:25:54.161 24296 24309 I art     : Explicit concurrent mark sweep GC freed 33(1248B) AllocSpace objects, 0(0B) LOS objects, 30% free, 36MB/52MB, paused 369us total 28.915ms
08-06 06:25:54.172 24296 24309 I art     : Starting a blocking GC Explicit
08-06 06:25:54.206 24296 24309 I art     : Explicit concurrent mark sweep GC freed 1921(11MB) AllocSpace objects, 0(0B) LOS objects, 24% free, 48MB/64MB, paused 431us total 32.955ms
08-06 06:25:54.241 24296 24296 D MainActivity: Saving state
08-06 06:25:54.242 24296 24296 D MainActivity: Saving current fragment: SessionListsFragment
08-06 06:25:54.242 24296 24296 D MainActivity: Saving current index: 3
08-06 06:25:54.242 24296 24296 D SessionListsFragment: Saving state
08-06 06:25:54.288   512  2967 D audio_hw_primary: disable_audio_route: reset and update mixer path: low-latency-playback speaker
08-06 06:25:54.289   512  2967 D audio_hw_primary: disable_snd_device: snd_device(2: speaker)
08-06 06:25:54.296   512  2967 I soundtrigger: audio_extn_sound_trigger_update_device_status: device 0x2 of type 0 for Event 0
08-06 06:25:54.367 24296 25556 I HTTP    : Response was compressed.
08-06 06:25:54.495 24296 24309 I art     : Starting a blocking GC Explicit
08-06 06:25:54.531 24296 24309 I art     : Explicit concurrent mark sweep GC freed 36290(1726KB) AllocSpace objects, 0(0B) LOS objects, 27% free, 42MB/58MB, paused 599us total 35.267ms
08-06 06:25:54.542 24296 24309 I art     : Starting a blocking GC Explicit
08-06 06:25:54.578 24296 24309 I art     : Explicit concurrent mark sweep GC freed 26812(1263KB) AllocSpace objects, 0(0B) LOS objects, 27% free, 42MB/58MB, paused 681us total 35.836ms
08-06 06:25:54.578 24296 24307 I art     : WaitForGcToComplete blocked for 34.579ms for cause HeapTrim
08-06 06:25:54.590 24296 24309 I art     : Starting a blocking GC Explicit
08-06 06:25:54.628 24296 24309 I art     : Explicit concurrent mark sweep GC freed 27165(1274KB) AllocSpace objects, 0(0B) LOS objects, 27% free, 42MB/58MB, paused 783us total 37.844ms
08-06 06:25:54.640 24296 24309 I art     : Starting a blocking GC Explicit
08-06 06:25:54.678 24296 24309 I art     : Explicit concurrent mark sweep GC freed 27152(1282KB) AllocSpace objects, 0(0B) LOS objects, 27% free, 42MB/58MB, paused 825us total 37.859ms
08-06 06:25:54.690 24296 24309 I art     : Starting a blocking GC Explicit
08-06 06:25:54.729 24296 24309 I art     : Explicit concurrent mark sweep GC freed 27892(1298KB) AllocSpace objects, 0(0B) LOS objects, 27% free, 42MB/58MB, paused 666us total 38.798ms
08-06 06:25:54.894 19469 19469 I ServiceManager: Waiting for service AtCmdFwd...
08-06 06:25:55.019 24296 24783 I art     : Starting a blocking GC Explicit
08-06 06:25:55.081 24296 24783 I art     : Explicit concurrent mark sweep GC freed 180479(8MB) AllocSpace objects, 1(20KB) LOS objects, 26% free, 44MB/60MB, paused 642us total 61.722ms
08-06 06:25:55.097 24296 24783 I art     : Starting a blocking GC Explicit
08-06 06:25:55.138 24296 24783 I art     : Explicit concurrent mark sweep GC freed 36704(1725KB) AllocSpace objects, 0(0B) LOS objects, 26% free, 44MB/60MB, paused 742us total 40.395ms
08-06 06:25:55.152 24296 24783 I art     : Starting a blocking GC Explicit
08-06 06:25:55.194 24296 24783 I art     : Explicit concurrent mark sweep GC freed 30538(1437KB) AllocSpace objects, 0(0B) LOS objects, 26% free, 44MB/60MB, paused 809us total 41.703ms
08-06 06:25:55.208 24296 24783 I art     : Starting a blocking GC Explicit
08-06 06:25:55.252 24296 24783 I art     : Explicit concurrent mark sweep GC freed 31200(1483KB) AllocSpace objects, 0(0B) LOS objects, 26% free, 45MB/61MB, paused 907us total 44.710ms
08-06 06:25:55.266 24296 24783 I art     : Starting a blocking GC Explicit
08-06 06:25:55.310 24296 24783 I art     : Explicit concurrent mark sweep GC freed 31495(1476KB) AllocSpace objects, 0(0B) LOS objects, 26% free, 45MB/61MB, paused 880us total 44.042ms
08-06 06:25:55.600 24296 24309 I art     : Starting a blocking GC Explicit
