--------- beginning of main
08-06 02:02:40.204  3784  3784 D CarrierServiceBindHelper: Receive action: android.intent.action.PACKAGE_REMOVED
08-06 02:02:40.234   918  6110 I AccountManagerService: getTypesVisibleToCaller: isPermitted? true
08-06 02:02:40.239 15866 15866 I Finsky  : [1] uah.a(18): PackageMonitorReceiverImpl - Received: android.intent.action.PACKAGE_REMOVED, [jsPREe6yOOhrMreoEvcpPvP36yUmihacpIgcKsaLph8]
08-06 02:02:40.239 15866 15866 I Finsky  : [1] ubi.d(9): Invalidating cached PackageState for baseline.com.ak.uobtimetable
08-06 02:02:40.244 24365 21855 I Fitness : FitCleanupIntentOperation received Intent android.intent.action.PACKAGE_REMOVED [CONTEXT service_id=17 ]
08-06 02:02:40.248 15866 15866 I Finsky  : [1] lzi.c(2): Frosting ID looked up on UI thread. Caller should move to a background thread.
08-06 02:02:40.257 15866 15866 I Finsky  : [1] nqb.c(3): Installer: package baseline.com.ak.uobtimetable was removed. replacing: true
08-06 02:02:40.258 15866 15866 I Finsky  : [1] nra.a(188): Installer: Notifying status update. package=baseline.com.ak.uobtimetable, status=UNINSTALLED
08-06 02:02:40.262  3784  3784 D CarrierServiceBindHelper: Receive action: android.intent.action.PACKAGE_ADDED
08-06 02:02:40.262  3784  3784 D CarrierServiceBindHelper: Receive action: android.intent.action.PACKAGE_REPLACED
08-06 02:02:40.263  3784  3784 D CarrierServiceBindHelper: mHandler: 3
08-06 02:02:40.263  3784  3784 D CarrierServiceBindHelper: mHandler: 3
08-06 02:02:40.263  3784  3784 D CarrierServiceBindHelper: mHandler: 3
08-06 02:02:40.263  3784  3784 D CarrierConfigLoader: mHandler: 9 phoneId: 0
08-06 02:02:40.275   918  6111 I AccountManagerService: getTypesVisibleToCaller: isPermitted? true
08-06 02:02:40.276 15866 15866 I Finsky  : [1] lzi.c(2): Frosting ID looked up on UI thread. Caller should move to a background thread.
08-06 02:02:40.290 15866 21864 I Finsky  : [6889] ejf.a(-1): Cancelled 0 ongoing asset module downloads for package baseline.com.ak.uobtimetable due to a concurrent app update.
08-06 02:02:40.310 15866 15866 I Finsky  : [1] nra.a(220): Installer: found apps to install. isMultiUserMode=false, apps=[]
08-06 02:02:40.337 15866 16054 I Finsky  : [6134] odj.b(52): IQ: Notifying installation update. package=baseline.com.ak.uobtimetable, status=UNINSTALLED
08-06 02:02:40.380 24577 21871 I Auth    : [SupervisedAccountIntentOperation] onHandleIntent(): android.intent.action.PACKAGE_ADDED
08-06 02:02:40.381 24577 21861 I ChromeSync: [Sync,SyncIntentOperation] Handling the intent: Intent { act=android.intent.action.PACKAGE_ADDED dat=package:baseline.com.ak.uobtimetable flg=0x4000010 cmp=com.google.android.gms/.chimera.GmsIntentOperationService (has extras) }.
--------- beginning of system
08-06 02:02:40.391   918  3961 W ActivityManager: Unable to start service Intent { act=com.google.android.gms.auth.key.retrieval.service.START pkg=com.google.android.gms } U=0: not found
08-06 02:02:40.417 15866 15866 I Finsky  : [1] uah.a(18): PackageMonitorReceiverImpl - Received: android.intent.action.PACKAGE_ADDED, [jsPREe6yOOhrMreoEvcpPvP36yUmihacpIgcKsaLph8]
08-06 02:02:40.417 15866 15866 I Finsky  : [1] ubi.d(9): Invalidating cached PackageState for baseline.com.ak.uobtimetable
08-06 02:02:40.440 15866 15866 I Finsky  : [1] lzi.c(2): Frosting ID looked up on UI thread. Caller should move to a background thread.
08-06 02:02:40.443   918  3714 W ActivityManager: Unbind failed: could not find connection for android.os.BinderProxy@b235532
08-06 02:02:40.444 15866 21862 I Finsky  : [6887] lyv.run(-1): Wrote row to frosting DB: 3102
08-06 02:02:40.456 24577 24621 E GmsClient: unable to connect to service: com.google.android.gms.auth.key.retrieval.service.START on com.google.android.gms
08-06 02:02:40.457 15866 15866 I Finsky  : [1] agsx.a(4): Do not start WearSupportService due to Wear service optimization
08-06 02:02:40.513 15866 21864 I Finsky  : [6889] ejc.a(-1): Asset module broadcast after update successful for package baseline.com.ak.uobtimetable. 0 sessions broadcast.
08-06 02:02:40.524   918  4400 I AccountManagerService: getTypesVisibleToCaller: isPermitted? true
08-06 02:02:40.526 24577 21861 I ChromeSync: [Persistence,AffiliationManager] One of affiliation or grouping data for android://bz0hZa4nAJEtd0n5sRlXG7KAqctUMWVefv7Ki4mh1p6slZ9YO-n9gS9j8m9YCrsIyI2wIxrDHraumF9Y6pBLTA==@baseline.com.ak.uobtimetable/ was not found. Marking affiliation data as stale...
08-06 02:02:40.527 15866 15866 I Finsky  : [1] lzi.c(2): Frosting ID looked up on UI thread. Caller should move to a background thread.
08-06 02:02:40.578 15866 21863 I Finsky  : [6888] gzn.a(-1): [ContentSync] finished, scheduled=false
08-06 02:02:40.606 15866 16054 I Finsky  : [6134] odj.b(40): IQ: No matching installs to run for jobs: []
08-06 02:02:40.628   918  5132 I AccountManagerService: getTypesVisibleToCaller: isPermitted? true
08-06 02:02:40.637 15866 21862 I Finsky  : [6887] lyv.run(-1): Wrote row to frosting DB: 3103
08-06 02:02:40.661 24577 21870 I FontLog : Package baseline.com.ak.uobtimetable has no metadata [CONTEXT service_id=132 ]
08-06 02:02:40.759 24577 13336 I Icing   : IndexChimeraService.getServiceInterface callingPackage=com.google.android.gms componentName=AppsCorpus serviceId=36
08-06 02:02:40.771 21885 21885 D AndroidRuntime: >>>>>> START com.android.internal.os.RuntimeInit uid 2000 <<<<<<
08-06 02:02:40.772 15866 21862 I Finsky  : [6887] lyv.run(-1): Wrote row to frosting DB: 3104
08-06 02:02:40.774 21885 21885 D AndroidRuntime: CheckJNI is OFF
08-06 02:02:40.799 21885 21885 D ICU     : No timezone override file found: /data/misc/zoneinfo/current/icu/icu_tzdata.dat
08-06 02:02:40.803 15866 21862 I Finsky  : [6887] lyv.run(-1): Wrote row to frosting DB: 3105
08-06 02:02:40.821 15866 15866 I Finsky  : [1] xmu.a(8): SCH: Jobs in database: 1-1337 3-219 3-220 12-1 24-77777777 26-1414141414 
08-06 02:02:40.823 15866 15866 I Finsky  : [1] xio.a(57): SCH: ConstraintMapping: 24-77777777,  -> L: 0ms, D: 68850103ms, C: false, I: true, N: 0
08-06 02:02:40.824 15866 15866 I Finsky  : [1] xio.a(57): SCH: ConstraintMapping: 1-1337, 12-1,  -> L: 14443ms, D: 28992086ms, C: false, I: false, N: 1
08-06 02:02:40.824 15866 15866 I Finsky  : [1] xio.a(57): SCH: ConstraintMapping: 3-219,  -> L: 0ms, D: 61002700ms, C: false, I: true, N: 2
08-06 02:02:40.825 15866 15866 I Finsky  : [1] xio.a(57): SCH: ConstraintMapping: 3-220,  -> L: 0ms, D: 61002742ms, C: true, I: true, N: 2
08-06 02:02:40.825 15866 15866 I Finsky  : [1] xio.a(57): SCH: ConstraintMapping: 26-1414141414,  -> L: 33639996ms, D: 34539996ms, C: false, I: false, N: 0
08-06 02:02:40.830 21885 21885 I Radio-JNI: register_android_hardware_Radio DONE
08-06 02:02:40.845 21885 21885 D AndroidRuntime: Calling main entry com.android.commands.monkey.Monkey
08-06 02:02:40.848 15866 15866 I Finsky  : [1] xle.a(34): Cancelling existing jobscheduler jobs: 9000 9003 9004 9002 9009 9007 9006 9005 9010 9008 
08-06 02:02:40.848 15866 15866 I Finsky  : [1] xle.a(27): Scheduling job Id: 9001, L: 0, D: 68850103, C: false, I: true, N: 0
08-06 02:02:40.850 15866 15866 I Finsky  : [1] xle.a(27): Scheduling job Id: 9011, L: 14443, D: 28992086, C: false, I: false, N: 1
08-06 02:02:40.852 15866 15866 I Finsky  : [1] xle.a(27): Scheduling job Id: 9012, L: 0, D: 61002700, C: false, I: true, N: 2
08-06 02:02:40.855 15866 15866 I Finsky  : [1] xle.a(27): Scheduling job Id: 9013, L: 0, D: 61002742, C: true, I: true, N: 2
08-06 02:02:40.856 15866 15866 I Finsky  : [1] xle.a(27): Scheduling job Id: 9014, L: 33639996, D: 34539996, C: false, I: false, N: 0
08-06 02:02:40.859 15866 15866 I Finsky  : [1] xle.a(27): Scheduling job Id: 9015, L: 0, D: 68850103, C: false, I: true, N: 0
08-06 02:02:40.860 15866 15866 I Finsky  : [1] xle.a(27): Scheduling job Id: 9016, L: 14443, D: 28992086, C: false, I: false, N: 1
08-06 02:02:40.862 15866 15866 I Finsky  : [1] xle.a(27): Scheduling job Id: 9017, L: 0, D: 61002700, C: false, I: true, N: 2
08-06 02:02:40.864 15866 15866 I Finsky  : [1] xle.a(27): Scheduling job Id: 9018, L: 0, D: 61002742, C: true, I: true, N: 2
08-06 02:02:40.864   918   931 W BroadcastQueue: Skipping deliver [background] BroadcastRecord{13fd365 u-1 android.net.conn.CONNECTIVITY_CHANGE} to ReceiverList{fb3f83a 21885 (unknown name)/2000/u-1 remote:bf192cf}: process crashing
08-06 02:02:40.865 15866 15866 I Finsky  : [1] xle.a(27): Scheduling job Id: 9019, L: 33639996, D: 34539996, C: false, I: false, N: 0
08-06 02:02:40.869 15866 21863 I Finsky  : [6888] gzn.a(-1): [ContentSync] finished, scheduled=true
08-06 02:02:40.879   918   928 I ActivityManager: START u0 {act=android.intent.action.MAIN cat=[android.intent.category.LAUNCHER] flg=0x10200000 cmp=baseline.com.ak.uobtimetable/.MainActivity} from uid 2000 on display 0
08-06 02:02:40.882   918  6029 I AccountManagerService: getTypesVisibleToCaller: isPermitted? true
08-06 02:02:40.893 24577  7875 W Icing   : No valid account for uploading user actions
08-06 02:02:40.902   918  3359 I ActivityManager: Start proc 21902:baseline.com.ak.uobtimetable/u0a710 for activity baseline.com.ak.uobtimetable/.MainActivity
08-06 02:02:40.902 21902 21902 I art     : Late-enabling -Xcheck:jni
08-06 02:02:40.923 21885 21885 I art     : System.exit called, status: 0
08-06 02:02:40.923 21885 21885 I AndroidRuntime: VM exiting with result code 0.
08-06 02:02:40.939 21902 21902 W System  : ClassLoader referenced unknown path: /data/app/baseline.com.ak.uobtimetable-2/lib/arm64
08-06 02:02:40.947 21902 21902 E Application: Can't init Bugsnag - No key
08-06 02:02:40.947 21902 21902 E Application: java.lang.Exception: Can't init Bugsnag - No key
08-06 02:02:40.947 21902 21902 E Application: 	at baseline.com.ak.uobtimetable.Utilities.Logging.Logger.error(Logger.java:79)
08-06 02:02:40.947 21902 21902 E Application: 	at baseline.com.ak.uobtimetable.MyApplication.onCreate(MyApplication.java:52)
08-06 02:02:40.947 21902 21902 E Application: 	at android.app.Instrumentation.callApplicationOnCreate(Instrumentation.java:1013)
08-06 02:02:40.947 21902 21902 E Application: 	at android.app.ActivityThread.handleBindApplication(ActivityThread.java:4707)
08-06 02:02:40.947 21902 21902 E Application: 	at android.app.ActivityThread.-wrap1(ActivityThread.java)
08-06 02:02:40.947 21902 21902 E Application: 	at android.app.ActivityThread$H.handleMessage(ActivityThread.java:1405)
08-06 02:02:40.947 21902 21902 E Application: 	at android.os.Handler.dispatchMessage(Handler.java:102)
08-06 02:02:40.947 21902 21902 E Application: 	at android.os.Looper.loop(Looper.java:148)
08-06 02:02:40.947 21902 21902 E Application: 	at android.app.ActivityThread.main(ActivityThread.java:5417)
08-06 02:02:40.947 21902 21902 E Application: 	at java.lang.reflect.Method.invoke(Native Method)
08-06 02:02:40.947 21902 21902 E Application: 	at com.android.internal.os.ZygoteInit$MethodAndArgsCaller.run(ZygoteInit.java:726)
08-06 02:02:40.947 21902 21902 E Application: 	at com.android.internal.os.ZygoteInit.main(ZygoteInit.java:616)
08-06 02:02:40.949 21902 21902 I Application: API level: 23
08-06 02:02:40.950 21902 21902 I Application: API level name: M
08-06 02:02:40.950 21902 21902 I Application: Target API level: 29
08-06 02:02:40.950 21902 21902 I Application: Git commit hash: d26bf1fa
08-06 02:02:40.951 21902 21902 I Application: Git branch: master
08-06 02:02:40.951 21902 21902 I Application: Build type: Debug
08-06 02:02:40.953 21902 21902 I Application: Build keys: Release
08-06 02:02:40.953 24577 13336 I Icing   : IndexChimeraService.getServiceInterface callingPackage=com.google.android.gms componentName=null serviceId=30
08-06 02:02:40.954 21902 21902 I Application: Version code: 21
08-06 02:02:40.954 21902 21902 I Application: Version name: 2.5
08-06 02:02:40.954 21902 21902 I Application: Build date: 22:30 03/08/20
08-06 02:02:40.956 21902 21902 I Application: Package update date: 23:40 05/08/20
08-06 02:02:40.956 21902 21902 I SettingsManager: Getting int: launchCount
08-06 02:02:40.957 21902 21902 I SettingsManager: Setting int: launchCount
08-06 02:02:40.965   918  6112 W BackupManagerService: dataChanged but no participant pkg='baseline.com.ak.uobtimetable' uid=10710
08-06 02:02:40.965 21902 21902 I Application: Launch count: 1
08-06 02:02:40.967 21902 21902 I Application: Network: TYPE_WIFI
08-06 02:02:40.968 21902 21902 I Application: Tablet layout: false
08-06 02:02:40.981 21902 21902 W art     : Before Android 4.1, method android.graphics.PorterDuffColorFilter androidx.vectordrawable.graphics.drawable.VectorDrawableCompat.updateTintFilter(android.graphics.PorterDuffColorFilter, android.content.res.ColorStateList, android.graphics.PorterDuff$Mode) would have incorrectly overridden the package-private method in android.graphics.drawable.Drawable
08-06 02:02:40.988 16458 14157 I PBSessionCacheImpl: Deleted sessionId[72384646105454640] from persistence.
08-06 02:02:40.991 16458 16488 W SearchServiceCore: Abort, client detached.
08-06 02:02:40.992 16458 16488 I MicroDetectionState: Should stop hotword detection immediately - true
08-06 02:02:40.994 21902 21902 I art     : Rejecting re-init on previously-failed class java.lang.Class<androidx.core.view.ViewCompat$OnUnhandledKeyEventListenerWrapper>
08-06 02:02:40.994 21902 21902 I art     : Rejecting re-init on previously-failed class java.lang.Class<androidx.core.view.ViewCompat$OnUnhandledKeyEventListenerWrapper>
08-06 02:02:41.055 21902 21902 D MainActivity: onCreate
08-06 02:02:41.055 21902 21902 I SettingsManager: Getting string: savedSessions
08-06 02:02:41.056 21902 21902 I Settings: No saved sessions
08-06 02:02:41.086 21902 21902 I SettingsManager: Getting string: savedCourse
08-06 02:02:41.087   918  4413 I ActivityManager: START u0 {flg=0x14000000 cmp=baseline.com.ak.uobtimetable/.WelcomeActivity} from uid 10710 on display 0
08-06 02:02:41.097 21902 21902 D MainActivity: OnResume
08-06 02:02:41.102 21902 21917 D OpenGLRenderer: Use EGL_SWAP_BEHAVIOR_PRESERVED: true
08-06 02:02:41.109 21902 21902 D MainActivity: OnPause
08-06 02:02:41.152 24577  7875 I Icing   : Usage reports ok 2, Failed Usage reports 0, indexed 0, rejected 0
08-06 02:02:41.155 24577  7875 W Icing   : No valid account for uploading user actions
08-06 02:02:41.204 24577  7875 I Icing   : Usage reports ok 1, Failed Usage reports 0, indexed 0, rejected 0
08-06 02:02:41.205 24577  7875 I Icing   : Indexing com.google.android.gms-internal.3p:MobileApplication from com.google.android.gms using seqno 763
08-06 02:02:41.209 24577  7875 I Icing   : Indexing com.google.android.gms-internal.3p:MobileApplication from com.google.android.gms using seqno 763
08-06 02:02:41.227 21902 21917 I Adreno  : QUALCOMM build                   : fcf4852, I1af360237c
08-06 02:02:41.227 21902 21917 I Adreno  : Build Date                       : 09/23/15
08-06 02:02:41.227 21902 21917 I Adreno  : OpenGL ES Shader Compiler Version: XE031.05.13.02
08-06 02:02:41.227 21902 21917 I Adreno  : Local Branch                     : mybranch14465806
08-06 02:02:41.227 21902 21917 I Adreno  : Remote Branch                    : quic/LA.BF64.1.2.9_v2
08-06 02:02:41.227 21902 21917 I Adreno  : Remote Branch                    : NONE
08-06 02:02:41.227 21902 21917 I Adreno  : Reconstruct Branch               : NOTHING
08-06 02:02:41.233 21902 21917 I OpenGLRenderer: Initialized EGL, version 1.4
08-06 02:02:41.242 24577 13336 I Icing   : IndexChimeraService.getServiceInterface callingPackage=com.google.android.gms componentName=null serviceId=36
08-06 02:02:41.246 24577  7875 W Icing   : No valid account for uploading user actions
08-06 02:02:41.258 24577  7875 I Icing   : Usage reports ok 0, Failed Usage reports 0, indexed 0, rejected 0
08-06 02:02:41.408   918   936 I ActivityManager: Displayed baseline.com.ak.uobtimetable/.WelcomeActivity: +298ms (total +520ms)
08-06 02:02:41.415 13866 13866 I GoogleInputMethodServic: GoogleInputMethodService.onFinishInput():3138 
08-06 02:02:41.417 13866 13866 I GoogleInputMethodServic: GoogleInputMethodService.onStartInput():1808 
08-06 02:02:41.686 21902 21902 D MainActivity: Saving state
08-06 02:02:42.155 24577  7875 I Icing   : Indexing com.google.android.gms-apps from com.google.android.gms
08-06 02:02:42.237 24577  7875 I Icing   : Indexing done com.google.android.gms-apps
08-06 02:02:42.242 24577  7875 I Icing   : Indexing com.google.android.gms-apps from com.google.android.gms
08-06 02:02:42.243 24577  7875 I Icing   : Indexing done com.google.android.gms-apps
08-06 02:02:42.526 21931 21931 D AndroidRuntime: >>>>>> START com.android.internal.os.RuntimeInit uid 2000 <<<<<<
08-06 02:02:42.531 21931 21931 D AndroidRuntime: CheckJNI is OFF
08-06 02:02:42.562 21931 21931 D ICU     : No timezone override file found: /data/misc/zoneinfo/current/icu/icu_tzdata.dat
08-06 02:02:42.597 21931 21931 I Radio-JNI: register_android_hardware_Radio DONE
08-06 02:02:42.616 21931 21931 D AndroidRuntime: Calling main entry com.android.commands.am.Am
08-06 02:02:42.628  3167  3167 I Trepn   : Trepn 6.2s: Received intent: com.quicinc.trepn.start_profiling
08-06 02:02:42.656   918   918 I ActivityManager: Start proc 21940:com.google.android.youtube/u0a75 for service com.google.android.youtube/androidx.work.impl.background.systemjob.SystemJobService
08-06 02:02:42.703 21940 21940 W ResourceType: ResTable_typeSpec entry count inconsistent: given 37, previously 42
08-06 02:02:42.704 21940 21940 W ResourceType: ResTable_typeSpec entry count inconsistent: given 2527, previously 2530
08-06 02:02:42.705 21940 21940 W ResourceType: ResTable_typeSpec entry count inconsistent: given 2542, previously 2545
08-06 02:02:42.705 21940 21940 W ResourceType: ResTable_typeSpec entry count inconsistent: given 303, previously 1691
08-06 02:02:42.750 21940 21940 W FileProviderCompat: isPatchingNecessary returned true and in == null: false
08-06 02:02:42.761 21940 21940 W PatchedPackageManager: patching ProviderInfo. Metadata was not null
08-06 02:02:42.762 21940 21940 W PatchedPackageManager: resolveContentProvider flags: 128 ret: ContentProviderInfo{name=com.google.android.youtube.fileprovider className=com.google.android.apps.youtube.app.common.util.MainAppFileProviderCompat}
08-06 02:02:42.780  3167  3167 W FileUtils: Failed to chmod(/storage/emulated/0/trepn/Trepn_2020.08.06_020242.db): android.system.ErrnoException: chmod failed: EPERM (Operation not permitted)
08-06 02:02:42.875  3167  3167 I Trepn   : Trepn 6.2s: Trepn has Started Profiling.
08-06 02:02:42.876 21931 21931 D AndroidRuntime: Shutting down VM
08-06 02:02:42.892 21940 21966 W YouTube : Fetching the Gservices key 'failsafe_clear_cache_release_13_02' before the end of the bulk initialization
08-06 02:02:42.952 21940 21961 W GooglePlayServicesUtil: Google Play services out of date for com.google.android.youtube.  Requires 202990000 but found 202614019
08-06 02:02:43.026 21940 21961 E linker  : readlink('/proc/self/fd/21') failed: Permission denied [fd=21]
08-06 02:02:43.026 21940 21961 E linker  : warning: unable to get realpath for the library "/data/data/com.google.android.youtube/cache/1592423383555.dex". Will use given name.
08-06 02:02:43.105   918  3359 D ConnectivityService: listenForNetwork for Listen from uid/pid:10075/21940 for NetworkRequest [ id=3733, legacyType=-1, [ Capabilities: INTERNET&NOT_RESTRICTED&TRUSTED] ]
08-06 02:02:43.245 21940 21991 E linker  : readlink('/proc/self/fd/28') failed: Permission denied [fd=28]
08-06 02:02:43.246 21940 21991 E linker  : warning: unable to get realpath for the library "/data/app/com.google.android.youtube-1/lib/arm64/libcronet.85.0.4183.18.so". Will use given name.
08-06 02:02:43.286 21902 21914 I art     : Starting a blocking GC Explicit
08-06 02:02:43.286 21940 21973 E GEL_DELAYED_EVENT_DEBUG: Failed delayed event dispatch, no dispatchers.
08-06 02:02:43.304 21902 21914 I art     : Explicit concurrent mark sweep GC freed 10294(1303KB) AllocSpace objects, 3(1360KB) LOS objects, 40% free, 21MB/36MB, paused 134us total 17.574ms
08-06 02:02:43.310 21902 21914 I art     : Starting a blocking GC Explicit
08-06 02:02:43.320 21902 21914 I art     : Explicit concurrent mark sweep GC freed 582(26KB) AllocSpace objects, 0(0B) LOS objects, 40% free, 21MB/36MB, paused 89us total 9.741ms
08-06 02:02:43.327 21902 21914 I art     : Starting a blocking GC Explicit
08-06 02:02:43.336 21902 21914 I art     : Explicit concurrent mark sweep GC freed 3(96B) AllocSpace objects, 0(0B) LOS objects, 40% free, 21MB/36MB, paused 100us total 9.160ms
08-06 02:02:43.341 21902 21914 I art     : Starting a blocking GC Explicit
08-06 02:02:43.342 21940 22037 E linker  : readlink('/proc/self/fd/29') failed: Permission denied [fd=29]
08-06 02:02:43.342 21940 22037 E linker  : warning: unable to get realpath for the library "/data/data/com.google.android.gms/app_chimera/m/00000039/oat/arm64/DynamiteLoader.odex". Will use given name.
08-06 02:02:43.350 21902 21914 I art     : Explicit concurrent mark sweep GC freed 3(96B) AllocSpace objects, 0(0B) LOS objects, 40% free, 21MB/36MB, paused 102us total 8.805ms
08-06 02:02:43.357 21902 21914 I art     : Starting a blocking GC Explicit
08-06 02:02:43.366 21902 21914 I art     : Explicit concurrent mark sweep GC freed 3(96B) AllocSpace objects, 0(0B) LOS objects, 40% free, 21MB/36MB, paused 107us total 8.784ms
08-06 02:02:43.603 21902 21913 I art     : Starting a blocking GC Explicit
08-06 02:02:43.614 21902 21913 I art     : Explicit concurrent mark sweep GC freed 1272(74KB) AllocSpace objects, 1(20KB) LOS objects, 40% free, 21MB/36MB, paused 101us total 10.469ms
08-06 02:02:43.620 21902 21913 I art     : Starting a blocking GC Explicit
08-06 02:02:43.630 21902 21913 I art     : Explicit concurrent mark sweep GC freed 18(624B) AllocSpace objects, 0(0B) LOS objects, 40% free, 21MB/36MB, paused 88us total 9.471ms
08-06 02:02:43.636 21902 21913 I art     : Starting a blocking GC Explicit
08-06 02:02:43.645 21902 21913 I art     : Explicit concurrent mark sweep GC freed 3(96B) AllocSpace objects, 0(0B) LOS objects, 40% free, 21MB/36MB, paused 84us total 9.296ms
08-06 02:02:43.651 21902 21913 I art     : Starting a blocking GC Explicit
08-06 02:02:43.660 21902 21913 I art     : Explicit concurrent mark sweep GC freed 3(96B) AllocSpace objects, 0(0B) LOS objects, 40% free, 21MB/36MB, paused 79us total 9.120ms
08-06 02:02:43.666 21902 21913 I art     : Starting a blocking GC Explicit
08-06 02:02:43.674 21902 21913 I art     : Explicit concurrent mark sweep GC freed 3(96B) AllocSpace objects, 0(0B) LOS objects, 40% free, 21MB/36MB, paused 78us total 8.404ms
08-06 02:02:43.695   918  4413 I AccountManagerService: getTypesVisibleToCaller: isPermitted? true
08-06 02:02:43.928 21902 21914 I art     : Starting a blocking GC Explicit
08-06 02:02:43.941 21902 21914 I art     : Explicit concurrent mark sweep GC freed 1271(74KB) AllocSpace objects, 1(20KB) LOS objects, 40% free, 21MB/36MB, paused 105us total 12.211ms
08-06 02:02:43.947 21902 21914 I art     : Starting a blocking GC Explicit
08-06 02:02:43.958 21902 21914 I art     : Explicit concurrent mark sweep GC freed 18(624B) AllocSpace objects, 0(0B) LOS objects, 40% free, 21MB/36MB, paused 91us total 10.524ms
08-06 02:02:43.964 21902 21914 I art     : Starting a blocking GC Explicit
08-06 02:02:43.972 21902 21914 I art     : Explicit concurrent mark sweep GC freed 3(96B) AllocSpace objects, 0(0B) LOS objects, 40% free, 21MB/36MB, paused 86us total 8.711ms
08-06 02:02:43.978 21902 21914 I art     : Starting a blocking GC Explicit
08-06 02:02:43.986 21902 21914 I art     : Explicit concurrent mark sweep GC freed 3(96B) AllocSpace objects, 0(0B) LOS objects, 40% free, 21MB/36MB, paused 82us total 8.242ms
08-06 02:02:43.991 21902 21914 I art     : Starting a blocking GC Explicit
08-06 02:02:44.000 21902 21914 I art     : Explicit concurrent mark sweep GC freed 3(96B) AllocSpace objects, 0(0B) LOS objects, 40% free, 21MB/36MB, paused 82us total 8.301ms
08-06 02:02:44.000 21940 22050 I FA      : App measurement initialized, version: 31021
08-06 02:02:44.000 21940 22050 I FA      : To enable debug logging run: adb shell setprop log.tag.FA VERBOSE
08-06 02:02:44.001 21940 22050 I FA      : To enable faster debug mode event logging run:
08-06 02:02:44.001 21940 22050 I FA      :   adb shell setprop debug.firebase.analytics.app com.google.android.youtube
08-06 02:02:44.085 21940 21991 I art     : Rejecting re-init on previously-failed class java.lang.Class<qxt>
08-06 02:02:44.086 21940 21991 I art     : Rejecting re-init on previously-failed class java.lang.Class<qxt>
08-06 02:02:44.103 21940 21991 I art     : Rejecting re-init on previously-failed class java.lang.Class<qxt>
08-06 02:02:44.104 21940 21991 I art     : Rejecting re-init on previously-failed class java.lang.Class<qxt>
08-06 02:02:44.106 21940 21991 I art     : Rejecting re-init on previously-failed class java.lang.Class<qxt>
08-06 02:02:44.106 21940 21991 I art     : Rejecting re-init on previously-failed class java.lang.Class<qxt>
08-06 02:02:44.108 21940 21991 I art     : Rejecting re-init on previously-failed class java.lang.Class<qxt>
08-06 02:02:44.108 21940 21991 I art     : Rejecting re-init on previously-failed class java.lang.Class<qxt>
08-06 02:02:44.110 21940 21991 I art     : Rejecting re-init on previously-failed class java.lang.Class<qxt>
08-06 02:02:44.111 21940 21991 I art     : Rejecting re-init on previously-failed class java.lang.Class<qxt>
08-06 02:02:44.193 21940 21968 W YT.MDX.agyr: CastAppId for type 0 not found. Defaulting to mainCastAppId.
08-06 02:02:44.254 21902 21913 I art     : Starting a blocking GC Explicit
08-06 02:02:44.262 21369 21369 I ServiceManager: Waiting for service AtCmdFwd...
08-06 02:02:44.265 21902 21913 I art     : Explicit concurrent mark sweep GC freed 1268(74KB) AllocSpace objects, 1(20KB) LOS objects, 40% free, 21MB/36MB, paused 104us total 11.481ms
08-06 02:02:44.272 21902 21913 I art     : Starting a blocking GC Explicit
08-06 02:02:44.282 21902 21913 I art     : Explicit concurrent mark sweep GC freed 18(624B) AllocSpace objects, 0(0B) LOS objects, 40% free, 21MB/36MB, paused 86us total 10.173ms
08-06 02:02:44.283 21940 21968 W YT.MDX.agyr: CastAppId for type 0 not found. Defaulting to mainCastAppId.
08-06 02:02:44.288 21902 21913 I art     : Starting a blocking GC Explicit
08-06 02:02:44.297 21902 21913 I art     : Explicit concurrent mark sweep GC freed 3(96B) AllocSpace objects, 0(0B) LOS objects, 40% free, 21MB/36MB, paused 78us total 8.905ms
08-06 02:02:44.302 21902 21913 I art     : Starting a blocking GC Explicit
08-06 02:02:44.311 21902 21913 I art     : Explicit concurrent mark sweep GC freed 3(96B) AllocSpace objects, 0(0B) LOS objects, 40% free, 21MB/36MB, paused 77us total 8.609ms
08-06 02:02:44.316 21902 21913 I art     : Starting a blocking GC Explicit
08-06 02:02:44.325 21902 21913 I art     : Explicit concurrent mark sweep GC freed 3(96B) AllocSpace objects, 0(0B) LOS objects, 40% free, 21MB/36MB, paused 82us total 8.489ms
08-06 02:02:44.346 24365 24365 I Herrevad: [1] abng.a: updateListenState
08-06 02:02:44.584 21902 21914 I art     : Starting a blocking GC Explicit
08-06 02:02:44.600 21902 21914 I art     : Explicit concurrent mark sweep GC freed 1268(74KB) AllocSpace objects, 1(20KB) LOS objects, 40% free, 21MB/36MB, paused 137us total 14.897ms
08-06 02:02:44.609 21902 21914 I art     : Starting a blocking GC Explicit
08-06 02:02:44.621 21902 21914 I art     : Explicit concurrent mark sweep GC freed 18(624B) AllocSpace objects, 0(0B) LOS objects, 40% free, 21MB/36MB, paused 103us total 11.119ms
08-06 02:02:44.627 21902 21914 I art     : Starting a blocking GC Explicit
08-06 02:02:44.637 21902 21914 I art     : Explicit concurrent mark sweep GC freed 3(96B) AllocSpace objects, 0(0B) LOS objects, 40% free, 21MB/36MB, paused 99us total 10.104ms
08-06 02:02:44.643 21902 21914 I art     : Starting a blocking GC Explicit
08-06 02:02:44.653 21902 21914 I art     : Explicit concurrent mark sweep GC freed 3(96B) AllocSpace objects, 0(0B) LOS objects, 40% free, 21MB/36MB, paused 98us total 10.150ms
08-06 02:02:44.660 21902 21914 I art     : Starting a blocking GC Explicit
08-06 02:02:44.670 21902 21914 I art     : Explicit concurrent mark sweep GC freed 3(96B) AllocSpace objects, 0(0B) LOS objects, 40% free, 21MB/36MB, paused 89us total 9.747ms
08-06 02:02:44.969 21902 21913 I art     : Starting a blocking GC Explicit
08-06 02:02:44.983 21902 21913 I art     : Explicit concurrent mark sweep GC freed 1268(74KB) AllocSpace objects, 1(20KB) LOS objects, 40% free, 21MB/36MB, paused 116us total 13.427ms
08-06 02:02:44.992 21902 21913 I art     : Starting a blocking GC Explicit
08-06 02:02:45.005 21902 21913 I art     : Explicit concurrent mark sweep GC freed 18(624B) AllocSpace objects, 0(0B) LOS objects, 40% free, 21MB/36MB, paused 109us total 13.303ms
08-06 02:02:45.014 21902 21913 I art     : Starting a blocking GC Explicit
08-06 02:02:45.025 21902 21913 I art     : Explicit concurrent mark sweep GC freed 3(96B) AllocSpace objects, 0(0B) LOS objects, 40% free, 21MB/36MB, paused 90us total 10.270ms
08-06 02:02:45.030 21902 21913 I art     : Starting a blocking GC Explicit
08-06 02:02:45.041 21902 21913 I art     : Explicit concurrent mark sweep GC freed 3(96B) AllocSpace objects, 0(0B) LOS objects, 40% free, 21MB/36MB, paused 92us total 10.010ms
08-06 02:02:45.047 21902 21913 I art     : Starting a blocking GC Explicit
08-06 02:02:45.057 21902 21913 I art     : Explicit concurrent mark sweep GC freed 3(96B) AllocSpace objects, 0(0B) LOS objects, 40% free, 21MB/36MB, paused 89us total 10.179ms
08-06 02:02:45.263 21369 21369 I ServiceManager: Waiting for service AtCmdFwd...
08-06 02:02:45.356 21902 21914 I art     : Starting a blocking GC Explicit
08-06 02:02:45.373 21902 21914 I art     : Explicit concurrent mark sweep GC freed 1268(74KB) AllocSpace objects, 1(20KB) LOS objects, 40% free, 21MB/36MB, paused 124us total 16.223ms
08-06 02:02:45.383 21902 21914 I art     : Starting a blocking GC Explicit
08-06 02:02:45.397 21902 21914 I art     : Explicit concurrent mark sweep GC freed 18(624B) AllocSpace objects, 0(0B) LOS objects, 40% free, 21MB/36MB, paused 144us total 13.327ms
08-06 02:02:45.407 21902 21914 I art     : Starting a blocking GC Explicit
08-06 02:02:45.418 21902 21914 I art     : Explicit concurrent mark sweep GC freed 3(96B) AllocSpace objects, 0(0B) LOS objects, 40% free, 21MB/36MB, paused 100us total 10.448ms
08-06 02:02:45.424 21902 21914 I art     : Starting a blocking GC Explicit
08-06 02:02:45.434 21902 21914 I art     : Explicit concurrent mark sweep GC freed 3(96B) AllocSpace objects, 0(0B) LOS objects, 40% free, 21MB/36MB, paused 97us total 10.177ms
08-06 02:02:45.440 21902 21914 I art     : Starting a blocking GC Explicit
08-06 02:02:45.450 21902 21914 I art     : Explicit concurrent mark sweep GC freed 3(96B) AllocSpace objects, 0(0B) LOS objects, 40% free, 21MB/36MB, paused 95us total 10.100ms
08-06 02:02:45.758 21902 21913 I art     : Starting a blocking GC Explicit
08-06 02:02:45.774 21902 21913 I art     : Explicit concurrent mark sweep GC freed 1268(74KB) AllocSpace objects, 1(20KB) LOS objects, 40% free, 21MB/36MB, paused 123us total 15.984ms
08-06 02:02:45.785 21902 21913 I art     : Starting a blocking GC Explicit
08-06 02:02:45.799 21902 21913 I art     : Explicit concurrent mark sweep GC freed 18(624B) AllocSpace objects, 0(0B) LOS objects, 40% free, 21MB/36MB, paused 117us total 13.246ms
08-06 02:02:45.807 21902 21913 I art     : Starting a blocking GC Explicit
08-06 02:02:45.818 21902 21913 I art     : Explicit concurrent mark sweep GC freed 3(96B) AllocSpace objects, 0(0B) LOS objects, 40% free, 21MB/36MB, paused 96us total 10.264ms
08-06 02:02:45.824 21902 21913 I art     : Starting a blocking GC Explicit
08-06 02:02:45.834 21902 21913 I art     : Explicit concurrent mark sweep GC freed 3(96B) AllocSpace objects, 0(0B) LOS objects, 40% free, 21MB/36MB, paused 95us total 9.985ms
08-06 02:02:45.840 21902 21913 I art     : Starting a blocking GC Explicit
08-06 02:02:45.850 21902 21913 I art     : Explicit concurrent mark sweep GC freed 3(96B) AllocSpace objects, 0(0B) LOS objects, 40% free, 21MB/36MB, paused 90us total 10.179ms
08-06 02:02:46.144 21902 21914 I art     : Starting a blocking GC Explicit
08-06 02:02:46.159 21902 21914 I art     : Explicit concurrent mark sweep GC freed 1268(74KB) AllocSpace objects, 1(20KB) LOS objects, 40% free, 21MB/36MB, paused 124us total 14.910ms
08-06 02:02:46.168 21902 21914 I art     : Starting a blocking GC Explicit
08-06 02:02:46.179 21902 21914 I art     : Explicit concurrent mark sweep GC freed 18(624B) AllocSpace objects, 0(0B) LOS objects, 40% free, 21MB/36MB, paused 103us total 10.546ms
08-06 02:02:46.185 21902 21914 I art     : Starting a blocking GC Explicit
08-06 02:02:46.195 21902 21914 I art     : Explicit concurrent mark sweep GC freed 3(96B) AllocSpace objects, 0(0B) LOS objects, 40% free, 21MB/36MB, paused 98us total 10.205ms
08-06 02:02:46.202 21902 21914 I art     : Starting a blocking GC Explicit
08-06 02:02:46.211 21902 21914 I art     : Explicit concurrent mark sweep GC freed 3(96B) AllocSpace objects, 0(0B) LOS objects, 40% free, 21MB/36MB, paused 87us total 9.635ms
08-06 02:02:46.217 21902 21914 I art     : Starting a blocking GC Explicit
08-06 02:02:46.227 21902 21914 I art     : Explicit concurrent mark sweep GC freed 3(96B) AllocSpace objects, 0(0B) LOS objects, 40% free, 21MB/36MB, paused 98us total 9.850ms
08-06 02:02:46.264 21369 21369 I ServiceManager: Waiting for service AtCmdFwd...
08-06 02:02:46.539 21902 21913 I art     : Starting a blocking GC Explicit
08-06 02:02:46.556 21902 21913 I art     : Explicit concurrent mark sweep GC freed 1268(74KB) AllocSpace objects, 1(20KB) LOS objects, 40% free, 21MB/36MB, paused 146us total 16.295ms
08-06 02:02:46.567 21902 21913 I art     : Starting a blocking GC Explicit
08-06 02:02:46.578 21902 21913 I art     : Explicit concurrent mark sweep GC freed 18(624B) AllocSpace objects, 0(0B) LOS objects, 40% free, 21MB/36MB, paused 92us total 10.286ms
08-06 02:02:46.584 21902 21913 I art     : Starting a blocking GC Explicit
08-06 02:02:46.595 21902 21913 I art     : Explicit concurrent mark sweep GC freed 3(96B) AllocSpace objects, 0(0B) LOS objects, 40% free, 21MB/36MB, paused 92us total 10.553ms
08-06 02:02:46.601 21902 21913 I art     : Starting a blocking GC Explicit
08-06 02:02:46.611 21902 21913 I art     : Explicit concurrent mark sweep GC freed 3(96B) AllocSpace objects, 0(0B) LOS objects, 40% free, 21MB/36MB, paused 86us total 9.782ms
08-06 02:02:46.617 21902 21913 I art     : Starting a blocking GC Explicit
08-06 02:02:46.627 21902 21913 I art     : Explicit concurrent mark sweep GC freed 3(96B) AllocSpace objects, 0(0B) LOS objects, 40% free, 21MB/36MB, paused 85us total 9.698ms
08-06 02:02:46.883 21902 21914 I art     : Starting a blocking GC Explicit
08-06 02:02:46.895 21902 21914 I art     : Explicit concurrent mark sweep GC freed 1268(74KB) AllocSpace objects, 1(20KB) LOS objects, 40% free, 21MB/36MB, paused 112us total 11.848ms
08-06 02:02:46.901 21902 21914 I art     : Starting a blocking GC Explicit
08-06 02:02:46.912 21902 21914 I art     : Explicit concurrent mark sweep GC freed 18(624B) AllocSpace objects, 0(0B) LOS objects, 40% free, 21MB/36MB, paused 94us total 10.397ms
08-06 02:02:46.918 21902 21914 I art     : Starting a blocking GC Explicit
08-06 02:02:46.927 21902 21914 I art     : Explicit concurrent mark sweep GC freed 3(96B) AllocSpace objects, 0(0B) LOS objects, 40% free, 21MB/36MB, paused 86us total 9.091ms
08-06 02:02:46.932 21902 21914 I art     : Starting a blocking GC Explicit
08-06 02:02:46.941 21902 21914 I art     : Explicit concurrent mark sweep GC freed 3(96B) AllocSpace objects, 0(0B) LOS objects, 40% free, 21MB/36MB, paused 82us total 8.448ms
08-06 02:02:46.946 21902 21914 I art     : Starting a blocking GC Explicit
08-06 02:02:46.955 21902 21914 I art     : Explicit concurrent mark sweep GC freed 3(96B) AllocSpace objects, 0(0B) LOS objects, 40% free, 21MB/36MB, paused 83us total 8.668ms
08-06 02:02:47.264 21369 21369 I ServiceManager: Waiting for service AtCmdFwd...
08-06 02:02:47.266 21902 21913 I art     : Starting a blocking GC Explicit
08-06 02:02:47.280 21902 21913 I art     : Explicit concurrent mark sweep GC freed 1268(74KB) AllocSpace objects, 1(20KB) LOS objects, 40% free, 21MB/36MB, paused 107us total 14.507ms
08-06 02:02:47.287 21902 21913 I art     : Starting a blocking GC Explicit
08-06 02:02:47.299 21902 21913 I art     : Explicit concurrent mark sweep GC freed 18(624B) AllocSpace objects, 0(0B) LOS objects, 40% free, 21MB/36MB, paused 103us total 11.845ms
08-06 02:02:47.306 21902 21913 I art     : Starting a blocking GC Explicit
08-06 02:02:47.317 21902 21913 I art     : Explicit concurrent mark sweep GC freed 3(96B) AllocSpace objects, 0(0B) LOS objects, 40% free, 21MB/36MB, paused 122us total 10.331ms
08-06 02:02:47.323 21902 21913 I art     : Starting a blocking GC Explicit
08-06 02:02:47.333 21902 21913 I art     : Explicit concurrent mark sweep GC freed 3(96B) AllocSpace objects, 0(0B) LOS objects, 40% free, 21MB/36MB, paused 91us total 9.954ms
08-06 02:02:47.339 21902 21913 I art     : Starting a blocking GC Explicit
08-06 02:02:47.349 21902 21913 I art     : Explicit concurrent mark sweep GC freed 3(96B) AllocSpace objects, 0(0B) LOS objects, 40% free, 21MB/36MB, paused 92us total 9.956ms
08-06 02:02:47.605 21902 21914 I art     : Starting a blocking GC Explicit
08-06 02:02:47.618 21902 21914 I art     : Explicit concurrent mark sweep GC freed 1268(74KB) AllocSpace objects, 1(20KB) LOS objects, 40% free, 21MB/36MB, paused 113us total 12.004ms
08-06 02:02:47.624 21902 21914 I art     : Starting a blocking GC Explicit
08-06 02:02:47.634 21902 21914 I art     : Explicit concurrent mark sweep GC freed 18(624B) AllocSpace objects, 0(0B) LOS objects, 40% free, 21MB/36MB, paused 109us total 10.403ms
08-06 02:02:47.641 21902 21914 I art     : Starting a blocking GC Explicit
08-06 02:02:47.650 21902 21914 I art     : Explicit concurrent mark sweep GC freed 3(96B) AllocSpace objects, 0(0B) LOS objects, 40% free, 21MB/36MB, paused 104us total 9.635ms
08-06 02:02:47.656 21902 21914 I art     : Starting a blocking GC Explicit
08-06 02:02:47.666 21902 21914 I art     : Explicit concurrent mark sweep GC freed 3(96B) AllocSpace objects, 0(0B) LOS objects, 40% free, 21MB/36MB, paused 100us total 9.508ms
08-06 02:02:47.672 21902 21914 I art     : Starting a blocking GC Explicit
08-06 02:02:47.681 21902 21914 I art     : Explicit concurrent mark sweep GC freed 3(96B) AllocSpace objects, 0(0B) LOS objects, 40% free, 21MB/36MB, paused 91us total 9.779ms
08-06 02:02:47.884 22212 22212 D AndroidRuntime: >>>>>> START com.android.internal.os.RuntimeInit uid 2000 <<<<<<
08-06 02:02:47.888 22212 22212 D AndroidRuntime: CheckJNI is OFF
08-06 02:02:47.905 21902 21913 I art     : Starting a blocking GC Explicit
08-06 02:02:47.913 22212 22212 D ICU     : No timezone override file found: /data/misc/zoneinfo/current/icu/icu_tzdata.dat
08-06 02:02:47.914 21902 21913 I art     : Explicit concurrent mark sweep GC freed 1268(74KB) AllocSpace objects, 1(20KB) LOS objects, 40% free, 21MB/36MB, paused 97us total 8.887ms
08-06 02:02:47.919 21902 21913 I art     : Starting a blocking GC Explicit
08-06 02:02:47.928 21902 21913 I art     : Explicit concurrent mark sweep GC freed 18(624B) AllocSpace objects, 0(0B) LOS objects, 40% free, 21MB/36MB, paused 85us total 8.816ms
08-06 02:02:47.933 21902 21913 I art     : Starting a blocking GC Explicit
08-06 02:02:47.937 22212 22212 I Radio-JNI: register_android_hardware_Radio DONE
08-06 02:02:47.942 21902 21913 I art     : Explicit concurrent mark sweep GC freed 3(96B) AllocSpace objects, 0(0B) LOS objects, 40% free, 21MB/36MB, paused 88us total 8.821ms
08-06 02:02:47.947   918  1210 D NetlinkSocketObserver: NeighborEvent{elapsedMs=1825971822, 192.168.2.254, [7C3953A63323], RTM_NEWNEIGH, NUD_REACHABLE}
08-06 02:02:47.947 21902 21913 I art     : Starting a blocking GC Explicit
08-06 02:02:47.953 22212 22212 D AndroidRuntime: Calling main entry com.android.commands.input.Input
08-06 02:02:47.955 22212 22212 I Input   : injectMotionEvent: MotionEvent { action=ACTION_DOWN, actionButton=0, id[0]=0, x[0]=711.0, y[0]=1664.0, toolType[0]=TOOL_TYPE_UNKNOWN, buttonState=0, metaState=0, flags=0x0, edgeFlags=0x0, pointerCount=1, historySize=0, eventTime=842584368, downTime=842584368, deviceId=0, source=0x1002 }
08-06 02:02:47.956 21902 21913 I art     : Explicit concurrent mark sweep GC freed 3(96B) AllocSpace objects, 0(0B) LOS objects, 40% free, 21MB/36MB, paused 114us total 9.020ms
08-06 02:02:47.959 22212 22212 I Input   : injectMotionEvent: MotionEvent { action=ACTION_UP, actionButton=0, id[0]=0, x[0]=711.0, y[0]=1664.0, toolType[0]=TOOL_TYPE_UNKNOWN, buttonState=0, metaState=0, flags=0x0, edgeFlags=0x0, pointerCount=1, historySize=0, eventTime=842584368, downTime=842584368, deviceId=0, source=0x1002 }
08-06 02:02:47.962 22212 22212 D AndroidRuntime: Shutting down VM
08-06 02:02:47.963 21902 21913 I art     : Starting a blocking GC Explicit
08-06 02:02:47.972   918   928 I ActivityManager: START u0 {flg=0x14000000 cmp=baseline.com.ak.uobtimetable/.CourseListActivity} from uid 10710 on display 0
08-06 02:02:47.973   512  2967 D audio_hw_primary: out_set_parameters: enter: usecase(1: low-latency-playback) kvpairs: routing=2
08-06 02:02:47.980 21902 21913 I art     : Explicit concurrent mark sweep GC freed 51(5KB) AllocSpace objects, 0(0B) LOS objects, 40% free, 21MB/36MB, paused 160us total 17.530ms
08-06 02:02:47.986   512  2967 D audio_hw_primary: select_devices: out_snd_device(2: speaker) in_snd_device(0: none)
08-06 02:02:47.986   512  2967 D msm8974_platform: platform_send_audio_calibration: sending audio calibration for snd_device(2) acdb_id(15)
08-06 02:02:47.986   512  2967 I soundtrigger: audio_extn_sound_trigger_update_device_status: device 0x2 of type 0 for Event 1
08-06 02:02:47.992   918   937 W ProcessCpuTracker: Skipping unknown process pid 22220
08-06 02:02:47.993   918   937 W ProcessCpuTracker: Skipping unknown process pid 22222
08-06 02:02:47.993   918   937 W ProcessCpuTracker: Skipping unknown process pid 22223
08-06 02:02:47.995   512  2967 D audio_hw_primary: enable_snd_device: snd_device(2: speaker)
08-06 02:02:47.997   512  2967 D audio_hw_primary: enable_audio_route: apply and update mixer path: low-latency-playback speaker
08-06 02:02:48.008 21902 21902 D CourseListActivity: onCreate
08-06 02:02:48.030 21902 22239 D HTTP    : Request for: https://uob-timetable-api.adriankeenan.co.uk/courses
08-06 02:02:48.097 13866 13866 I GoogleInputMethodServic: GoogleInputMethodService.onFinishInput():3138 
08-06 02:02:48.098   918   936 I ActivityManager: Displayed baseline.com.ak.uobtimetable/.CourseListActivity: +117ms
08-06 02:02:48.098 13866 13866 I GoogleInputMethodServic: GoogleInputMethodService.onStartInput():1808 
08-06 02:02:48.128 21902 21917 D OpenGLRenderer: endAllStagingAnimators on 0x7f949c6800 (RippleDrawable) with handle 0x7f99f113e0
08-06 02:02:48.197 21902 22237 I art     : Starting a blocking GC Explicit
08-06 02:02:48.211 21902 22237 I art     : Explicit concurrent mark sweep GC freed 4950(388KB) AllocSpace objects, 1(20KB) LOS objects, 40% free, 22MB/37MB, paused 164us total 14.022ms
08-06 02:02:48.217 21902 22237 I art     : Starting a blocking GC Explicit
08-06 02:02:48.229 21902 22237 I art     : Explicit concurrent mark sweep GC freed 377(19KB) AllocSpace objects, 0(0B) LOS objects, 40% free, 22MB/37MB, paused 135us total 11.750ms
08-06 02:02:48.235 21902 22237 I art     : Starting a blocking GC Explicit
08-06 02:02:48.246 21902 22237 I art     : Explicit concurrent mark sweep GC freed 4(128B) AllocSpace objects, 0(0B) LOS objects, 40% free, 22MB/37MB, paused 133us total 11.566ms
08-06 02:02:48.252 21902 22237 I art     : Starting a blocking GC Explicit
08-06 02:02:48.265 21369 21369 I ServiceManager: Waiting for service AtCmdFwd...
08-06 02:02:48.265 21902 22237 I art     : Explicit concurrent mark sweep GC freed 4(128B) AllocSpace objects, 0(0B) LOS objects, 40% free, 22MB/37MB, paused 135us total 12.991ms
08-06 02:02:48.273 21902 22237 I art     : Starting a blocking GC Explicit
08-06 02:02:48.286 21902 22237 I art     : Explicit concurrent mark sweep GC freed 4(128B) AllocSpace objects, 0(0B) LOS objects, 40% free, 22MB/37MB, paused 197us total 12.525ms
08-06 02:02:48.528 21902 22239 I NAPPA_EXPERIMENTATION: MetricNetworkRequestExecutionTime: REQUEST_DURATION_SYSTEM='495',REQUEST_DURATION_OKHTTP='34',REQUEST_SYNCHRONOUS='TRUE',RESPONSE_CODE='200',RESPONSE_METHOD='GET',RESPONSE_LENGTH_OKHTTP='-1',RESPONSE_LENGTH_HEADER='-2',REQUEST_PROTOCOL='http/1.1',REQUEST_URL='https://uob-timetable-api.adriankeenan.co.uk/courses',
08-06 02:02:48.541   512  2967 D audio_hw_primary: disable_audio_route: reset and update mixer path: low-latency-playback speaker
08-06 02:02:48.542   512  2967 D audio_hw_primary: disable_snd_device: snd_device(2: speaker)
08-06 02:02:48.548 21902 21913 I art     : Starting a blocking GC Explicit
08-06 02:02:48.549   512  2967 I soundtrigger: audio_extn_sound_trigger_update_device_status: device 0x2 of type 0 for Event 0
08-06 02:02:48.562 21902 21913 I art     : Explicit concurrent mark sweep GC freed 4152(265KB) AllocSpace objects, 4(220KB) LOS objects, 38% free, 25MB/41MB, paused 158us total 14.407ms
08-06 02:02:48.569 21902 21913 I art     : Starting a blocking GC Explicit
08-06 02:02:48.581 21902 21913 I art     : Explicit concurrent mark sweep GC freed 1034(119KB) AllocSpace objects, 0(0B) LOS objects, 37% free, 26MB/42MB, paused 147us total 11.641ms
08-06 02:02:48.586 21902 21913 I art     : Starting a blocking GC Explicit
08-06 02:02:48.597 21902 21913 I art     : Explicit concurrent mark sweep GC freed 20(640B) AllocSpace objects, 0(0B) LOS objects, 35% free, 28MB/44MB, paused 190us total 10.962ms
08-06 02:02:48.603 21902 21913 I art     : Starting a blocking GC Explicit
08-06 02:02:48.613 21902 21913 I art     : Explicit concurrent mark sweep GC freed 18(592B) AllocSpace objects, 0(0B) LOS objects, 34% free, 30MB/46MB, paused 131us total 10.163ms
08-06 02:02:48.619 21902 21913 I art     : Starting a blocking GC Explicit
08-06 02:02:48.629 21902 21913 I art     : Explicit concurrent mark sweep GC freed 18(592B) AllocSpace objects, 0(0B) LOS objects, 33% free, 31MB/47MB, paused 136us total 10.410ms
08-06 02:02:48.857 21902 22239 I HTTP    : Response was compressed.
08-06 02:02:48.892 21902 21913 I art     : Waiting for a blocking GC Explicit
08-06 02:02:48.900 21902 21913 I art     : WaitForGcToComplete blocked for 7.716ms for cause Explicit
08-06 02:02:48.900 21902 21913 I art     : Starting a blocking GC Explicit
08-06 02:02:48.928 21902 21913 I art     : Explicit concurrent mark sweep GC freed 12537(585KB) AllocSpace objects, 2(22MB) LOS objects, 29% free, 37MB/53MB, paused 288us total 27.537ms
08-06 02:02:48.936 21902 21913 I art     : Starting a blocking GC Explicit
08-06 02:02:48.950 21902 21913 I art     : Explicit concurrent mark sweep GC freed 15536(725KB) AllocSpace objects, 0(0B) LOS objects, 29% free, 37MB/53MB, paused 226us total 13.785ms
08-06 02:02:48.956 21902 21913 I art     : Starting a blocking GC Explicit
08-06 02:02:48.969 21902 21913 I art     : Explicit concurrent mark sweep GC freed 10736(513KB) AllocSpace objects, 0(0B) LOS objects, 29% free, 37MB/53MB, paused 201us total 12.197ms
08-06 02:02:48.974 21902 21913 I art     : Starting a blocking GC Explicit
08-06 02:02:48.987 21902 21913 I art     : Explicit concurrent mark sweep GC freed 10021(484KB) AllocSpace objects, 0(0B) LOS objects, 29% free, 38MB/54MB, paused 198us total 12.104ms
08-06 02:02:48.992 21902 21913 I art     : Starting a blocking GC Explicit
08-06 02:02:49.004 21902 21913 I art     : Explicit concurrent mark sweep GC freed 9746(460KB) AllocSpace objects, 0(0B) LOS objects, 29% free, 38MB/54MB, paused 185us total 11.651ms
08-06 02:02:49.265 21369 21369 W Atfwd_Sendcmd: AtCmdFwd service not published, waiting... retryCnt : 2
08-06 02:02:49.272 21902 21914 I art     : Starting a blocking GC Explicit
08-06 02:02:49.307 21902 21914 I art     : Explicit concurrent mark sweep GC freed 163995(7MB) AllocSpace objects, 1(20KB) LOS objects, 28% free, 39MB/55MB, paused 315us total 34.293ms
08-06 02:02:49.316 21902 21914 I art     : Starting a blocking GC Explicit
08-06 02:02:49.334 21902 21914 I art     : Explicit concurrent mark sweep GC freed 21250(992KB) AllocSpace objects, 0(0B) LOS objects, 28% free, 39MB/55MB, paused 270us total 17.854ms
08-06 02:02:49.342 21902 21914 I art     : Starting a blocking GC Explicit
08-06 02:02:49.358 21902 21914 I art     : Explicit concurrent mark sweep GC freed 13168(622KB) AllocSpace objects, 0(0B) LOS objects, 28% free, 39MB/55MB, paused 332us total 15.946ms
08-06 02:02:49.365 21902 21914 I art     : Starting a blocking GC Explicit
08-06 02:02:49.380 21902 21914 I art     : Explicit concurrent mark sweep GC freed 12102(569KB) AllocSpace objects, 0(0B) LOS objects, 28% free, 39MB/55MB, paused 276us total 15.346ms
08-06 02:02:49.387 21902 21914 I art     : Starting a blocking GC Explicit
08-06 02:02:49.403 21902 21914 I art     : Explicit concurrent mark sweep GC freed 12665(609KB) AllocSpace objects, 0(0B) LOS objects, 28% free, 39MB/55MB, paused 280us total 15.644ms
08-06 02:02:49.672 21902 22237 I art     : Starting a blocking GC Explicit
08-06 02:02:49.712 21902 22237 I art     : Explicit concurrent mark sweep GC freed 164571(7MB) AllocSpace objects, 1(20KB) LOS objects, 27% free, 41MB/57MB, paused 393us total 40ms
08-06 02:02:49.723 21902 22237 I art     : Starting a blocking GC Explicit
08-06 02:02:49.745 21902 22237 I art     : Explicit concurrent mark sweep GC freed 22795(1071KB) AllocSpace objects, 0(0B) LOS objects, 28% free, 41MB/57MB, paused 702us total 22.161ms
