--------- beginning of main
08-06 17:37:58.759   918  3247 I InputReader: Reconfiguring input devices.  changes=0x00000010
08-06 17:37:58.782   918  3247 I InputReader: Reconfiguring input devices.  changes=0x00000010
08-06 17:37:58.786   918  3247 I InputReader: Reconfiguring input devices.  changes=0x00000010
08-06 17:37:58.837   918  3670 I AccountManagerService: getTypesVisibleToCaller: isPermitted? true
08-06 17:37:58.853  3784  3784 D CarrierServiceBindHelper: Receive action: android.intent.action.PACKAGE_REMOVED
08-06 17:37:58.868 24365  7767 I Fitness : FitCleanupIntentOperation received Intent android.intent.action.PACKAGE_REMOVED [CONTEXT service_id=17 ]
08-06 17:37:58.869 12162 12162 I Finsky  : [1] uah.a(18): PackageMonitorReceiverImpl - Received: android.intent.action.PACKAGE_REMOVED, [jsPREe6yOOhrMreoEvcpPvP36yUmihacpIgcKsaLph8]
08-06 17:37:58.870 12162 12162 I Finsky  : [1] ubi.d(9): Invalidating cached PackageState for baseline.com.ak.uobtimetable
08-06 17:37:58.879   918  4413 I AccountManagerService: getTypesVisibleToCaller: isPermitted? true
08-06 17:37:58.884 12162 12162 I Finsky  : [1] lzi.c(2): Frosting ID looked up on UI thread. Caller should move to a background thread.
08-06 17:37:58.887 12162 12162 I Finsky  : [1] nqb.c(3): Installer: package baseline.com.ak.uobtimetable was removed. replacing: true
08-06 17:37:58.888 12162 12162 I Finsky  : [1] nra.a(188): Installer: Notifying status update. package=baseline.com.ak.uobtimetable, status=UNINSTALLED
08-06 17:37:58.891 12162  7692 I Finsky  : [6955] gzn.a(-1): [ContentSync] finished, scheduled=false
08-06 17:37:58.896 12162  7693 I Finsky  : [6956] ejf.a(-1): Cancelled 0 ongoing asset module downloads for package baseline.com.ak.uobtimetable due to a concurrent app update.
08-06 17:37:58.900 12162 12162 I Finsky  : [1] lzi.c(2): Frosting ID looked up on UI thread. Caller should move to a background thread.
08-06 17:37:58.907   918   927 I art     : Background partial concurrent mark sweep GC freed 22508(1609KB) AllocSpace objects, 1(20KB) LOS objects, 18% free, 69MB/85MB, paused 1.637ms total 221.104ms
08-06 17:37:58.910 12162 12162 I Finsky  : [1] nra.a(220): Installer: found apps to install. isMultiUserMode=false, apps=[]
08-06 17:37:58.912  3784  3784 D CarrierServiceBindHelper: Receive action: android.intent.action.PACKAGE_ADDED
08-06 17:37:58.912  3784  3784 D CarrierServiceBindHelper: Receive action: android.intent.action.PACKAGE_REPLACED
08-06 17:37:58.912  3784  3784 D CarrierServiceBindHelper: mHandler: 3
08-06 17:37:58.912  3784  3784 D CarrierServiceBindHelper: mHandler: 3
08-06 17:37:58.912  3784  3784 D CarrierServiceBindHelper: mHandler: 3
08-06 17:37:58.912  3784  3784 D CarrierConfigLoader: mHandler: 9 phoneId: 0
08-06 17:37:58.924 12162 12269 I Finsky  : [6285] odj.b(52): IQ: Notifying installation update. package=baseline.com.ak.uobtimetable, status=UNINSTALLED
08-06 17:37:58.928 12162  7691 I Finsky  : [6954] lyv.run(-1): Wrote row to frosting DB: 3436
08-06 17:37:58.940 12162 12162 I Finsky  : [1] uah.a(18): PackageMonitorReceiverImpl - Received: android.intent.action.PACKAGE_ADDED, [jsPREe6yOOhrMreoEvcpPvP36yUmihacpIgcKsaLph8]
08-06 17:37:58.941 12162 12162 I Finsky  : [1] ubi.d(9): Invalidating cached PackageState for baseline.com.ak.uobtimetable
08-06 17:37:58.943 12162 12162 I Finsky  : [1] lzi.c(2): Frosting ID looked up on UI thread. Caller should move to a background thread.
08-06 17:37:58.946 24577  7775 I Auth    : [SupervisedAccountIntentOperation] onHandleIntent(): android.intent.action.PACKAGE_ADDED
08-06 17:37:58.948 12162  7692 I Finsky  : [6955] gzn.a(-1): [ContentSync] finished, scheduled=false
08-06 17:37:58.948 24577  7772 I ChromeSync: [Sync,SyncIntentOperation] Handling the intent: Intent { act=android.intent.action.PACKAGE_ADDED dat=package:baseline.com.ak.uobtimetable flg=0x4000010 cmp=com.google.android.gms/.chimera.GmsIntentOperationService (has extras) }.
08-06 17:37:58.949 12162 12162 I Finsky  : [1] agsx.a(4): Do not start WearSupportService due to Wear service optimization
--------- beginning of system
08-06 17:37:58.952   918  6029 W ActivityManager: Unable to start service Intent { act=com.google.android.gms.auth.key.retrieval.service.START pkg=com.google.android.gms } U=0: not found
08-06 17:37:58.961 12162  7691 I Finsky  : [6954] lyv.run(-1): Wrote row to frosting DB: 3437
08-06 17:37:58.963   918  6111 W ActivityManager: Unbind failed: could not find connection for android.os.BinderProxy@849426e
08-06 17:37:58.963 24577 24621 E GmsClient: unable to connect to service: com.google.android.gms.auth.key.retrieval.service.START on com.google.android.gms
08-06 17:37:58.967 12162 12162 I Finsky  : [1] lzi.c(2): Frosting ID looked up on UI thread. Caller should move to a background thread.
08-06 17:37:58.968 12162  7693 I Finsky  : [6956] ejc.a(-1): Asset module broadcast after update successful for package baseline.com.ak.uobtimetable. 0 sessions broadcast.
08-06 17:37:58.970 12162 12269 I Finsky  : [6285] odj.b(40): IQ: No matching installs to run for jobs: []
08-06 17:37:58.977 12162  7691 I Finsky  : [6954] lyv.run(-1): Wrote row to frosting DB: 3438
08-06 17:37:58.983 12162  7691 I Finsky  : [6954] lyv.run(-1): Wrote row to frosting DB: 3439
08-06 17:37:59.001   918  6112 I AccountManagerService: getTypesVisibleToCaller: isPermitted? true
08-06 17:37:59.005 24577  7772 I ChromeSync: [Persistence,AffiliationManager] One of affiliation or grouping data for android://bz0hZa4nAJEtd0n5sRlXG7KAqctUMWVefv7Ki4mh1p6slZ9YO-n9gS9j8m9YCrsIyI2wIxrDHraumF9Y6pBLTA==@baseline.com.ak.uobtimetable/ was not found. Marking affiliation data as stale...
08-06 17:37:59.041 24577   815 I Icing   : Indexing com.google.android.gms-internal.3p:MobileApplication from com.google.android.gms using seqno 763
08-06 17:37:59.045   918  6029 I AccountManagerService: getTypesVisibleToCaller: isPermitted? true
08-06 17:37:59.051 24577  7772 I FontLog : Package baseline.com.ak.uobtimetable has no metadata [CONTEXT service_id=132 ]
08-06 17:37:59.084   918   929 I AccountManagerService: getTypesVisibleToCaller: isPermitted? true
08-06 17:37:59.491  7789  7789 D AndroidRuntime: >>>>>> START com.android.internal.os.RuntimeInit uid 2000 <<<<<<
08-06 17:37:59.497  7789  7789 D AndroidRuntime: CheckJNI is OFF
08-06 17:37:59.542  7789  7789 D ICU     : No timezone override file found: /data/misc/zoneinfo/current/icu/icu_tzdata.dat
08-06 17:37:59.581  7789  7789 I Radio-JNI: register_android_hardware_Radio DONE
08-06 17:37:59.605  7789  7789 D AndroidRuntime: Calling main entry com.android.commands.monkey.Monkey
08-06 17:37:59.629   918   931 W BroadcastQueue: Skipping deliver [background] BroadcastRecord{a633146 u-1 android.net.conn.CONNECTIVITY_CHANGE} to ReceiverList{7637f07 7789 (unknown name)/2000/u-1 remote:77c1b88}: process crashing
08-06 17:37:59.644   918  4413 I ActivityManager: START u0 {act=android.intent.action.MAIN cat=[android.intent.category.LAUNCHER] flg=0x10200000 cmp=baseline.com.ak.uobtimetable/.MainActivity} from uid 2000 on display 0
08-06 17:37:59.697  7798  7798 I art     : Late-enabling -Xcheck:jni
08-06 17:37:59.697   918  5952 I ActivityManager: Start proc 7798:baseline.com.ak.uobtimetable/u0a710 for activity baseline.com.ak.uobtimetable/.MainActivity
08-06 17:37:59.704  7789  7789 I art     : System.exit called, status: 0
08-06 17:37:59.704  7789  7789 I AndroidRuntime: VM exiting with result code 0.
08-06 17:37:59.756 26121 10711 I PBSessionCacheImpl: Deleted sessionId[114882969641334449] from persistence.
08-06 17:37:59.760 26121 26151 W SearchServiceCore: Abort, client detached.
08-06 17:37:59.761  7798  7798 W System  : ClassLoader referenced unknown path: /data/app/baseline.com.ak.uobtimetable-1/lib/arm64
08-06 17:37:59.761 26121 26151 I MicroDetectionState: Should stop hotword detection immediately - true
08-06 17:37:59.772  7798  7798 E Application: Can't init Bugsnag - No key
08-06 17:37:59.772  7798  7798 E Application: java.lang.Exception: Can't init Bugsnag - No key
08-06 17:37:59.772  7798  7798 E Application: 	at baseline.com.ak.uobtimetable.Utilities.Logging.Logger.error(Logger.java:79)
08-06 17:37:59.772  7798  7798 E Application: 	at baseline.com.ak.uobtimetable.MyApplication.onCreate(MyApplication.java:52)
08-06 17:37:59.772  7798  7798 E Application: 	at android.app.Instrumentation.callApplicationOnCreate(Instrumentation.java:1013)
08-06 17:37:59.772  7798  7798 E Application: 	at android.app.ActivityThread.handleBindApplication(ActivityThread.java:4707)
08-06 17:37:59.772  7798  7798 E Application: 	at android.app.ActivityThread.-wrap1(ActivityThread.java)
08-06 17:37:59.772  7798  7798 E Application: 	at android.app.ActivityThread$H.handleMessage(ActivityThread.java:1405)
08-06 17:37:59.772  7798  7798 E Application: 	at android.os.Handler.dispatchMessage(Handler.java:102)
08-06 17:37:59.772  7798  7798 E Application: 	at android.os.Looper.loop(Looper.java:148)
08-06 17:37:59.772  7798  7798 E Application: 	at android.app.ActivityThread.main(ActivityThread.java:5417)
08-06 17:37:59.772  7798  7798 E Application: 	at java.lang.reflect.Method.invoke(Native Method)
08-06 17:37:59.772  7798  7798 E Application: 	at com.android.internal.os.ZygoteInit$MethodAndArgsCaller.run(ZygoteInit.java:726)
08-06 17:37:59.772  7798  7798 E Application: 	at com.android.internal.os.ZygoteInit.main(ZygoteInit.java:616)
08-06 17:37:59.776  7798  7798 I Application: API level: 23
08-06 17:37:59.777  7798  7798 I Application: API level name: M
08-06 17:37:59.778  7798  7798 I Application: Target API level: 29
08-06 17:37:59.778  7798  7798 I Application: Git commit hash: d26bf1fa
08-06 17:37:59.778  7798  7798 I Application: Git branch: master
08-06 17:37:59.778  7798  7798 I Application: Build type: Debug
08-06 17:37:59.784  7798  7798 I Application: Build keys: Release
08-06 17:37:59.784  7798  7798 I Application: Version code: 21
08-06 17:37:59.785  7798  7798 I Application: Version name: 2.5
08-06 17:37:59.786  7798  7798 I Application: Build date: 22:30 03/08/20
08-06 17:37:59.787  7798  7798 I Application: Package update date: 23:40 05/08/20
08-06 17:37:59.790  7798  7798 I SettingsManager: Getting int: launchCount
08-06 17:37:59.791  7798  7798 I SettingsManager: Setting int: launchCount
08-06 17:37:59.802   918  3961 W BackupManagerService: dataChanged but no participant pkg='baseline.com.ak.uobtimetable' uid=10710
08-06 17:37:59.802  7798  7798 I Application: Launch count: 1
08-06 17:37:59.805  7798  7798 I Application: Network: TYPE_WIFI
08-06 17:37:59.806  7798  7798 I Application: Tablet layout: false
08-06 17:37:59.831  7798  7798 W art     : Before Android 4.1, method android.graphics.PorterDuffColorFilter androidx.vectordrawable.graphics.drawable.VectorDrawableCompat.updateTintFilter(android.graphics.PorterDuffColorFilter, android.content.res.ColorStateList, android.graphics.PorterDuff$Mode) would have incorrectly overridden the package-private method in android.graphics.drawable.Drawable
08-06 17:37:59.852  7798  7798 I art     : Rejecting re-init on previously-failed class java.lang.Class<androidx.core.view.ViewCompat$OnUnhandledKeyEventListenerWrapper>
08-06 17:37:59.852  7798  7798 I art     : Rejecting re-init on previously-failed class java.lang.Class<androidx.core.view.ViewCompat$OnUnhandledKeyEventListenerWrapper>
08-06 17:37:59.939  7798  7798 D MainActivity: onCreate
08-06 17:37:59.939  7798  7798 I SettingsManager: Getting string: savedSessions
08-06 17:37:59.939  7798  7798 I Settings: No saved sessions
08-06 17:37:59.981  7798  7798 I SettingsManager: Getting string: savedCourse
08-06 17:37:59.982   918  4400 I ActivityManager: START u0 {flg=0x14000000 cmp=baseline.com.ak.uobtimetable/.WelcomeActivity} from uid 10710 on display 0
08-06 17:38:00.003  7798  7798 D MainActivity: OnResume
08-06 17:38:00.015  7798  7814 D OpenGLRenderer: Use EGL_SWAP_BEHAVIOR_PRESERVED: true
08-06 17:38:00.033  7798  7798 D MainActivity: OnPause
08-06 17:38:00.047 24577  7726 I Icing   : Indexing com.google.android.gms-apps from com.google.android.gms
08-06 17:38:00.164 24577  7726 I Icing   : Indexing done com.google.android.gms-apps
08-06 17:38:00.232  7798  7814 I Adreno  : QUALCOMM build                   : fcf4852, I1af360237c
08-06 17:38:00.232  7798  7814 I Adreno  : Build Date                       : 09/23/15
08-06 17:38:00.232  7798  7814 I Adreno  : OpenGL ES Shader Compiler Version: XE031.05.13.02
08-06 17:38:00.232  7798  7814 I Adreno  : Local Branch                     : mybranch14465806
08-06 17:38:00.232  7798  7814 I Adreno  : Remote Branch                    : quic/LA.BF64.1.2.9_v2
08-06 17:38:00.232  7798  7814 I Adreno  : Remote Branch                    : NONE
08-06 17:38:00.232  7798  7814 I Adreno  : Reconstruct Branch               : NOTHING
08-06 17:38:00.238  7798  7814 I OpenGLRenderer: Initialized EGL, version 1.4
08-06 17:38:00.417   918   936 I ActivityManager: Displayed baseline.com.ak.uobtimetable/.WelcomeActivity: +382ms (total +757ms)
08-06 17:38:00.424 13866 13866 I GoogleInputMethodServic: GoogleInputMethodService.onFinishInput():3138 
08-06 17:38:00.427 13866 13866 I GoogleInputMethodServic: GoogleInputMethodService.onStartInput():1808 
08-06 17:38:00.486  7798  7798 D MainActivity: Saving state
08-06 17:38:01.139  2174  2174 I Atfwd_Sendcmd: AtCmdFwd service not ready - Exhausted retry attempts - :6
08-06 17:38:01.139  2174  2174 I Atfwd_Daemon: result : -1 	 ,Init step :2 	 ,qmiErrorCode: 0
08-06 17:38:01.393  7839  7839 D AndroidRuntime: >>>>>> START com.android.internal.os.RuntimeInit uid 2000 <<<<<<
08-06 17:38:01.399  7839  7839 D AndroidRuntime: CheckJNI is OFF
08-06 17:38:01.439  7839  7839 D ICU     : No timezone override file found: /data/misc/zoneinfo/current/icu/icu_tzdata.dat
08-06 17:38:01.484  7839  7839 I Radio-JNI: register_android_hardware_Radio DONE
08-06 17:38:01.508  7839  7839 D AndroidRuntime: Calling main entry com.android.commands.am.Am
08-06 17:38:01.522 26540 26540 I Trepn   : Trepn 6.2s: Received intent: com.quicinc.trepn.start_profiling
08-06 17:38:01.642 26540 26540 W FileUtils: Failed to chmod(/storage/emulated/0/trepn/Trepn_2020.08.06_173801.db): android.system.ErrnoException: chmod failed: EPERM (Operation not permitted)
08-06 17:38:01.737 26540 26540 I Trepn   : Trepn 6.2s: Trepn has Started Profiling.
08-06 17:38:01.739  7839  7839 D AndroidRuntime: Shutting down VM
08-06 17:38:02.210  7798  7811 I art     : Starting a blocking GC Explicit
08-06 17:38:02.232  7798  7811 I art     : Explicit concurrent mark sweep GC freed 4407(970KB) AllocSpace objects, 3(1360KB) LOS objects, 40% free, 21MB/36MB, paused 143us total 21.768ms
08-06 17:38:02.243  7798  7811 I art     : Starting a blocking GC Explicit
08-06 17:38:02.259  7798  7811 I art     : Explicit concurrent mark sweep GC freed 576(25KB) AllocSpace objects, 0(0B) LOS objects, 40% free, 21MB/36MB, paused 134us total 15.172ms
08-06 17:38:02.269  7798  7811 I art     : Starting a blocking GC Explicit
08-06 17:38:02.282  7798  7811 I art     : Explicit concurrent mark sweep GC freed 3(96B) AllocSpace objects, 0(0B) LOS objects, 40% free, 21MB/36MB, paused 131us total 13.072ms
08-06 17:38:02.290  7798  7811 I art     : Starting a blocking GC Explicit
08-06 17:38:02.303  7798  7811 I art     : Explicit concurrent mark sweep GC freed 3(96B) AllocSpace objects, 0(0B) LOS objects, 40% free, 21MB/36MB, paused 126us total 13.220ms
08-06 17:38:02.311  7798  7811 I art     : Starting a blocking GC Explicit
08-06 17:38:02.324  7798  7811 I art     : Explicit concurrent mark sweep GC freed 3(96B) AllocSpace objects, 0(0B) LOS objects, 40% free, 21MB/36MB, paused 119us total 13.085ms
08-06 17:38:02.620  7798  7828 I art     : Starting a blocking GC Explicit
08-06 17:38:02.640  7798  7828 I art     : Explicit concurrent mark sweep GC freed 1275(74KB) AllocSpace objects, 1(20KB) LOS objects, 40% free, 21MB/36MB, paused 164us total 19.823ms
08-06 17:38:02.652  7798  7828 I art     : Starting a blocking GC Explicit
08-06 17:38:02.668  7798  7828 I art     : Explicit concurrent mark sweep GC freed 18(624B) AllocSpace objects, 0(0B) LOS objects, 40% free, 21MB/36MB, paused 133us total 15.203ms
08-06 17:38:02.675  7798  7828 I art     : Starting a blocking GC Explicit
08-06 17:38:02.688  7798  7828 I art     : Explicit concurrent mark sweep GC freed 3(96B) AllocSpace objects, 0(0B) LOS objects, 40% free, 21MB/36MB, paused 129us total 12.969ms
08-06 17:38:02.695  7798  7828 I art     : Starting a blocking GC Explicit
08-06 17:38:02.709  7798  7828 I art     : Explicit concurrent mark sweep GC freed 3(96B) AllocSpace objects, 0(0B) LOS objects, 40% free, 21MB/36MB, paused 127us total 12.965ms
08-06 17:38:02.716  7798  7828 I art     : Starting a blocking GC Explicit
08-06 17:38:02.729  7798  7828 I art     : Explicit concurrent mark sweep GC freed 3(96B) AllocSpace objects, 0(0B) LOS objects, 40% free, 21MB/36MB, paused 124us total 12.801ms
08-06 17:38:02.986  7798  7812 I art     : Starting a blocking GC Explicit
08-06 17:38:03.001  7798  7812 I art     : Explicit concurrent mark sweep GC freed 1271(74KB) AllocSpace objects, 1(20KB) LOS objects, 40% free, 21MB/36MB, paused 149us total 14.707ms
08-06 17:38:03.011  7798  7812 I art     : Starting a blocking GC Explicit
08-06 17:38:03.027  7798  7812 I art     : Explicit concurrent mark sweep GC freed 18(624B) AllocSpace objects, 0(0B) LOS objects, 40% free, 21MB/36MB, paused 151us total 15.374ms
08-06 17:38:03.034  7798  7812 I art     : Starting a blocking GC Explicit
08-06 17:38:03.048  7798  7812 I art     : Explicit concurrent mark sweep GC freed 3(96B) AllocSpace objects, 0(0B) LOS objects, 40% free, 21MB/36MB, paused 132us total 13.195ms
08-06 17:38:03.055  7798  7812 I art     : Starting a blocking GC Explicit
08-06 17:38:03.069  7798  7812 I art     : Explicit concurrent mark sweep GC freed 3(96B) AllocSpace objects, 0(0B) LOS objects, 40% free, 21MB/36MB, paused 133us total 13.385ms
08-06 17:38:03.076  7798  7812 I art     : Starting a blocking GC Explicit
08-06 17:38:03.089  7798  7812 I art     : Explicit concurrent mark sweep GC freed 3(96B) AllocSpace objects, 0(0B) LOS objects, 40% free, 21MB/36MB, paused 129us total 12.777ms
08-06 17:38:03.365  7798  7811 I art     : Starting a blocking GC Explicit
08-06 17:38:03.386  7798  7811 I art     : Explicit concurrent mark sweep GC freed 1268(74KB) AllocSpace objects, 1(20KB) LOS objects, 40% free, 21MB/36MB, paused 158us total 19.809ms
08-06 17:38:03.394  7798  7811 I art     : Starting a blocking GC Explicit
08-06 17:38:03.407  7798  7811 I art     : Explicit concurrent mark sweep GC freed 18(624B) AllocSpace objects, 0(0B) LOS objects, 40% free, 21MB/36MB, paused 125us total 13.328ms
08-06 17:38:03.415  7798  7811 I art     : Starting a blocking GC Explicit
08-06 17:38:03.428  7798  7811 I art     : Explicit concurrent mark sweep GC freed 3(96B) AllocSpace objects, 0(0B) LOS objects, 40% free, 21MB/36MB, paused 116us total 13.060ms
08-06 17:38:03.435  7798  7811 I art     : Starting a blocking GC Explicit
08-06 17:38:03.449  7798  7811 I art     : Explicit concurrent mark sweep GC freed 3(96B) AllocSpace objects, 0(0B) LOS objects, 40% free, 21MB/36MB, paused 118us total 13.052ms
08-06 17:38:03.456  7798  7811 I art     : Starting a blocking GC Explicit
08-06 17:38:03.469  7798  7811 I art     : Explicit concurrent mark sweep GC freed 3(96B) AllocSpace objects, 0(0B) LOS objects, 40% free, 21MB/36MB, paused 125us total 12.850ms
08-06 17:38:03.771  7798  7828 I art     : Starting a blocking GC Explicit
08-06 17:38:03.788  7798  7828 I art     : Explicit concurrent mark sweep GC freed 1268(74KB) AllocSpace objects, 1(20KB) LOS objects, 40% free, 21MB/36MB, paused 175us total 16.181ms
08-06 17:38:03.799  7798  7828 I art     : Starting a blocking GC Explicit
08-06 17:38:03.812  7798  7828 I art     : Explicit concurrent mark sweep GC freed 18(624B) AllocSpace objects, 0(0B) LOS objects, 40% free, 21MB/36MB, paused 131us total 13.203ms
08-06 17:38:03.820  7798  7828 I art     : Starting a blocking GC Explicit
08-06 17:38:03.832  7798  7828 I art     : Explicit concurrent mark sweep GC freed 3(96B) AllocSpace objects, 0(0B) LOS objects, 40% free, 21MB/36MB, paused 132us total 12.541ms
08-06 17:38:03.840  7798  7828 I art     : Starting a blocking GC Explicit
08-06 17:38:03.853  7798  7828 I art     : Explicit concurrent mark sweep GC freed 3(96B) AllocSpace objects, 0(0B) LOS objects, 40% free, 21MB/36MB, paused 122us total 13.168ms
08-06 17:38:03.861  7798  7828 I art     : Starting a blocking GC Explicit
08-06 17:38:03.874  7798  7828 I art     : Explicit concurrent mark sweep GC freed 3(96B) AllocSpace objects, 0(0B) LOS objects, 40% free, 21MB/36MB, paused 129us total 12.721ms
08-06 17:38:04.186  7798  7812 I art     : Starting a blocking GC Explicit
08-06 17:38:04.204  7798  7812 I art     : Explicit concurrent mark sweep GC freed 1268(74KB) AllocSpace objects, 1(20KB) LOS objects, 40% free, 21MB/36MB, paused 147us total 16.790ms
08-06 17:38:04.214  7798  7812 I art     : Starting a blocking GC Explicit
08-06 17:38:04.227  7798  7812 I art     : Explicit concurrent mark sweep GC freed 18(624B) AllocSpace objects, 0(0B) LOS objects, 40% free, 21MB/36MB, paused 130us total 13.193ms
08-06 17:38:04.235  7798  7812 I art     : Starting a blocking GC Explicit
08-06 17:38:04.248  7798  7812 I art     : Explicit concurrent mark sweep GC freed 3(96B) AllocSpace objects, 0(0B) LOS objects, 40% free, 21MB/36MB, paused 131us total 13.472ms
08-06 17:38:04.256  7798  7812 I art     : Starting a blocking GC Explicit
08-06 17:38:04.269  7798  7812 I art     : Explicit concurrent mark sweep GC freed 3(96B) AllocSpace objects, 0(0B) LOS objects, 40% free, 21MB/36MB, paused 135us total 12.933ms
08-06 17:38:04.277  7798  7812 I art     : Starting a blocking GC Explicit
08-06 17:38:04.290  7798  7812 I art     : Explicit concurrent mark sweep GC freed 3(96B) AllocSpace objects, 0(0B) LOS objects, 40% free, 21MB/36MB, paused 132us total 13.285ms
08-06 17:38:04.542  7931  7931 I art     : Late-enabling -Xcheck:jni
08-06 17:38:04.543   918   918 I ActivityManager: Start proc 7931:baseline.com.newsblur/u0a698 for service baseline.com.newsblur/.service.NBSyncService
08-06 17:38:04.547 12162 12162 I Finsky  : [1] xow.onStartJob(3): SCH: onJobSchedulerWakeup with jobId 9007
08-06 17:38:04.553 12162 12162 I Finsky  : [1] xjw.a(9): Scheduling fallback in 43199995 (absolute: 1925288422)
08-06 17:38:04.555 12162 12162 I Finsky  : [1] xjw.a(9): Scheduling fallback in 64799998 (absolute: 1946888428)
08-06 17:38:04.584   918  3261 D WifiStateMachine: starting scan for "H369AA63323"WPA_PSK with 2412,5180
08-06 17:38:04.585  7798  7811 I art     : Starting a blocking GC Explicit
08-06 17:38:04.588  7931  7931 W System  : ClassLoader referenced unknown path: /data/app/baseline.com.newsblur-1/lib/arm64
08-06 17:38:04.597  7798  7811 I art     : Explicit concurrent mark sweep GC freed 1268(74KB) AllocSpace objects, 1(20KB) LOS objects, 40% free, 21MB/36MB, paused 111us total 11.851ms
08-06 17:38:04.603  7798  7811 I art     : Starting a blocking GC Explicit
08-06 17:38:04.615  7798  7811 I art     : Explicit concurrent mark sweep GC freed 18(624B) AllocSpace objects, 0(0B) LOS objects, 40% free, 21MB/36MB, paused 113us total 11.673ms
08-06 17:38:04.622  7798  7811 I art     : Starting a blocking GC Explicit
08-06 17:38:04.634  7798  7811 I art     : Explicit concurrent mark sweep GC freed 3(96B) AllocSpace objects, 0(0B) LOS objects, 40% free, 21MB/36MB, paused 110us total 11.741ms
08-06 17:38:04.641  7798  7811 I art     : Starting a blocking GC Explicit
08-06 17:38:04.652  7798  7811 I art     : Explicit concurrent mark sweep GC freed 3(96B) AllocSpace objects, 0(0B) LOS objects, 40% free, 21MB/36MB, paused 108us total 11.276ms
08-06 17:38:04.659  7798  7811 I art     : Starting a blocking GC Explicit
08-06 17:38:04.672  7798  7811 I art     : Explicit concurrent mark sweep GC freed 3(96B) AllocSpace objects, 0(0B) LOS objects, 40% free, 21MB/36MB, paused 117us total 12.288ms
08-06 17:38:04.691 12162 12162 I Finsky  : [1] xkf.handleMessage(8): SCH: DeviceState: DeviceState{currentTime=1596728284687, isCharging=false, isIdle=false, netAny=true, netNotRoaming=true, netUnmetered=true, batteryPercent=100.0}
08-06 17:38:04.696 12162  7692 I Finsky  : [6955] xmu.a(8): SCH: Jobs in database: 1-1337 3-225 3-226 12-1 24-77777777 26-1414141414 
08-06 17:38:04.699 12162 12162 I Finsky  : [1] xkg.a(16): SCH: Running job: 12-1
08-06 17:38:04.700 12162 12162 I Finsky  : [1] ContentSyncJob.a(16): [ContentSync] job started
08-06 17:38:04.700 12162 12162 I Finsky  : [1] xkf.handleMessage(61): SCH: RunningQueue size: 1, PendingQueue size: 0
08-06 17:38:04.701 12162 12162 I Finsky  : [1] xkf.handleMessage(64): SCH: Running queue: 12-1 
08-06 17:38:04.772 12162  7738 I Finsky  : [6965] dzn.a(22): Completed 0 account content syncs with 0 successful.
08-06 17:38:04.773 12162 12162 I Finsky  : [1] ContentSyncJob.a(1): [ContentSync] Installation state replication succeeded.
08-06 17:38:04.773 12162 12162 I Finsky  : [1] xlr.a(13): SCH: jobFinished: 12-1. TimeElapsed: 74ms.
08-06 17:38:04.774 12162 12162 I Finsky  : [1] xkg.a(36): SCH: Job 12-1 finished. Not rescheduling.
08-06 17:38:04.774 12162 12162 I Finsky  : [1] xkf.handleMessage(61): SCH: RunningQueue size: 0, PendingQueue size: 0
08-06 17:38:04.775 12162 12162 I Finsky  : [1] xkf.handleMessage(25): Executor finished
08-06 17:38:04.790 12162 12162 I Finsky  : [1] xmu.a(8): SCH: Jobs in database: 1-1337 3-225 3-226 24-77777777 26-1414141414 
08-06 17:38:04.793 12162 12162 I Finsky  : [1] xio.a(57): SCH: ConstraintMapping: 24-77777777,  -> L: 0ms, D: 12726134ms, C: false, I: true, N: 0
08-06 17:38:04.794 12162 12162 I Finsky  : [1] xio.a(57): SCH: ConstraintMapping: 1-1337,  -> L: 16068119ms, D: 59268119ms, C: false, I: false, N: 1
08-06 17:38:04.794 12162 12162 I Finsky  : [1] xio.a(57): SCH: ConstraintMapping: 3-225,  -> L: 0ms, D: 55852063ms, C: false, I: true, N: 2
08-06 17:38:04.795 12162 12162 I Finsky  : [1] xio.a(57): SCH: ConstraintMapping: 3-226,  -> L: 0ms, D: 55852106ms, C: true, I: true, N: 2
08-06 17:38:04.795 12162 12162 I Finsky  : [1] xio.a(57): SCH: ConstraintMapping: 26-1414141414,  -> L: 20849507ms, D: 21749507ms, C: false, I: false, N: 0
08-06 17:38:04.807 12162 12162 I Finsky  : [1] xle.a(34): Cancelling existing jobscheduler jobs: 9019 9017 9001 9018 9012 9016 9014 9013 9011 
08-06 17:38:04.808 12162 12162 I Finsky  : [1] xle.a(10): Throttling wakeup for job 9000 (expected to run in 0 ms) due to recent wakeup
08-06 17:38:04.808 12162 12162 I Finsky  : [1] xle.a(27): Scheduling job Id: 9000, L: 30000, D: 12726134, C: false, I: true, N: 0
08-06 17:38:04.811 12162 12162 I Finsky  : [1] xle.a(27): Scheduling job Id: 9002, L: 16068119, D: 59268119, C: false, I: false, N: 1
08-06 17:38:04.812 12162 12162 I Finsky  : [1] xle.a(10): Throttling wakeup for job 9003 (expected to run in 0 ms) due to recent wakeup
08-06 17:38:04.813 12162 12162 I Finsky  : [1] xle.a(27): Scheduling job Id: 9003, L: 30000, D: 55852063, C: false, I: true, N: 2
08-06 17:38:04.814 12162 12162 I Finsky  : [1] xle.a(10): Throttling wakeup for job 9004 (expected to run in 0 ms) due to recent wakeup
08-06 17:38:04.815 12162 12162 I Finsky  : [1] xle.a(27): Scheduling job Id: 9004, L: 30000, D: 55852106, C: true, I: true, N: 2
08-06 17:38:04.817 12162 12162 I Finsky  : [1] xle.a(27): Scheduling job Id: 9005, L: 20849507, D: 21749507, C: false, I: false, N: 0
08-06 17:38:04.818 12162 12162 I Finsky  : [1] xle.a(10): Throttling wakeup for job 9006 (expected to run in 0 ms) due to recent wakeup
08-06 17:38:04.819 12162 12162 I Finsky  : [1] xle.a(27): Scheduling job Id: 9006, L: 30000, D: 12726134, C: false, I: true, N: 0
08-06 17:38:04.820 12162 12162 I Finsky  : [1] xle.a(27): Scheduling job Id: 9008, L: 16068119, D: 59268119, C: false, I: false, N: 1
08-06 17:38:04.822 12162 12162 I Finsky  : [1] xle.a(10): Throttling wakeup for job 9009 (expected to run in 0 ms) due to recent wakeup
08-06 17:38:04.822 12162 12162 I Finsky  : [1] xle.a(27): Scheduling job Id: 9009, L: 30000, D: 55852063, C: false, I: true, N: 2
08-06 17:38:04.824 12162 12162 I Finsky  : [1] xle.a(10): Throttling wakeup for job 9010 (expected to run in 0 ms) due to recent wakeup
08-06 17:38:04.825 12162 12162 I Finsky  : [1] xle.a(27): Scheduling job Id: 9010, L: 30000, D: 55852106, C: true, I: true, N: 2
08-06 17:38:04.826 12162 12162 I Finsky  : [1] xle.a(27): Scheduling job Id: 9015, L: 20849507, D: 21749507, C: false, I: false, N: 0
08-06 17:38:04.925  7798  7828 I art     : Starting a blocking GC Explicit
08-06 17:38:04.939  7798  7828 I art     : Explicit concurrent mark sweep GC freed 1268(74KB) AllocSpace objects, 1(20KB) LOS objects, 40% free, 21MB/36MB, paused 137us total 13.551ms
08-06 17:38:04.946  7798  7828 I art     : Starting a blocking GC Explicit
08-06 17:38:04.960  7798  7828 I art     : Explicit concurrent mark sweep GC freed 18(624B) AllocSpace objects, 0(0B) LOS objects, 40% free, 21MB/36MB, paused 118us total 13.224ms
08-06 17:38:04.967  7798  7828 I art     : Starting a blocking GC Explicit
08-06 17:38:04.981  7798  7828 I art     : Explicit concurrent mark sweep GC freed 3(96B) AllocSpace objects, 0(0B) LOS objects, 40% free, 21MB/36MB, paused 130us total 12.911ms
08-06 17:38:04.989  7798  7828 I art     : Starting a blocking GC Explicit
08-06 17:38:05.001  7798  7828 I art     : Explicit concurrent mark sweep GC freed 3(96B) AllocSpace objects, 0(0B) LOS objects, 40% free, 21MB/36MB, paused 124us total 12.583ms
08-06 17:38:05.009  7798  7828 I art     : Starting a blocking GC Explicit
08-06 17:38:05.022  7798  7828 I art     : Explicit concurrent mark sweep GC freed 3(96B) AllocSpace objects, 0(0B) LOS objects, 40% free, 21MB/36MB, paused 124us total 12.649ms
08-06 17:38:05.316  7798  7812 I art     : Starting a blocking GC Explicit
08-06 17:38:05.330  7798  7812 I art     : Explicit concurrent mark sweep GC freed 1268(74KB) AllocSpace objects, 1(20KB) LOS objects, 40% free, 21MB/36MB, paused 150us total 14.331ms
08-06 17:38:05.341  7798  7812 I art     : Starting a blocking GC Explicit
08-06 17:38:05.354  7798  7812 I art     : Explicit concurrent mark sweep GC freed 18(624B) AllocSpace objects, 0(0B) LOS objects, 40% free, 21MB/36MB, paused 129us total 12.882ms
08-06 17:38:05.361  7798  7812 I art     : Starting a blocking GC Explicit
08-06 17:38:05.374  7798  7812 I art     : Explicit concurrent mark sweep GC freed 3(96B) AllocSpace objects, 0(0B) LOS objects, 40% free, 21MB/36MB, paused 129us total 12.718ms
08-06 17:38:05.382  7798  7812 I art     : Starting a blocking GC Explicit
08-06 17:38:05.395  7798  7812 I art     : Explicit concurrent mark sweep GC freed 3(96B) AllocSpace objects, 0(0B) LOS objects, 40% free, 21MB/36MB, paused 131us total 13.003ms
08-06 17:38:05.402  7798  7812 I art     : Starting a blocking GC Explicit
08-06 17:38:05.416  7798  7812 I art     : Explicit concurrent mark sweep GC freed 3(96B) AllocSpace objects, 0(0B) LOS objects, 40% free, 21MB/36MB, paused 127us total 13.236ms
08-06 17:38:05.664  7798  7811 I art     : Starting a blocking GC Explicit
08-06 17:38:05.676  7798  7811 I art     : Explicit concurrent mark sweep GC freed 1268(74KB) AllocSpace objects, 1(20KB) LOS objects, 40% free, 21MB/36MB, paused 115us total 11.853ms
08-06 17:38:05.682  7798  7811 I art     : Starting a blocking GC Explicit
08-06 17:38:05.694  7798  7811 I art     : Explicit concurrent mark sweep GC freed 18(624B) AllocSpace objects, 0(0B) LOS objects, 40% free, 21MB/36MB, paused 111us total 11.151ms
08-06 17:38:05.700  7798  7811 I art     : Starting a blocking GC Explicit
08-06 17:38:05.712  7798  7811 I art     : Explicit concurrent mark sweep GC freed 3(96B) AllocSpace objects, 0(0B) LOS objects, 40% free, 21MB/36MB, paused 110us total 11.113ms
08-06 17:38:05.718  7798  7811 I art     : Starting a blocking GC Explicit
08-06 17:38:05.730  7798  7811 I art     : Explicit concurrent mark sweep GC freed 3(96B) AllocSpace objects, 0(0B) LOS objects, 40% free, 21MB/36MB, paused 112us total 11.322ms
08-06 17:38:05.737  7798  7811 I art     : Starting a blocking GC Explicit
08-06 17:38:05.748  7798  7811 I art     : Explicit concurrent mark sweep GC freed 3(96B) AllocSpace objects, 0(0B) LOS objects, 40% free, 21MB/36MB, paused 112us total 11.163ms
08-06 17:38:06.065  7798  7828 I art     : Starting a blocking GC Explicit
08-06 17:38:06.081  7798  7828 I art     : Explicit concurrent mark sweep GC freed 1268(74KB) AllocSpace objects, 1(20KB) LOS objects, 40% free, 21MB/36MB, paused 159us total 15.189ms
08-06 17:38:06.096  7798  7828 I art     : Starting a blocking GC Explicit
08-06 17:38:06.109  7798  7828 I art     : Explicit concurrent mark sweep GC freed 18(624B) AllocSpace objects, 0(0B) LOS objects, 40% free, 21MB/36MB, paused 133us total 13.273ms
08-06 17:38:06.117  7798  7828 I art     : Starting a blocking GC Explicit
08-06 17:38:06.130  7798  7828 I art     : Explicit concurrent mark sweep GC freed 3(96B) AllocSpace objects, 0(0B) LOS objects, 40% free, 21MB/36MB, paused 132us total 12.876ms
08-06 17:38:06.138  7798  7828 I art     : Starting a blocking GC Explicit
08-06 17:38:06.151  7798  7828 I art     : Explicit concurrent mark sweep GC freed 3(96B) AllocSpace objects, 0(0B) LOS objects, 40% free, 21MB/36MB, paused 132us total 12.588ms
08-06 17:38:06.158  7798  7828 I art     : Starting a blocking GC Explicit
08-06 17:38:06.171  7798  7828 I art     : Explicit concurrent mark sweep GC freed 3(96B) AllocSpace objects, 0(0B) LOS objects, 40% free, 21MB/36MB, paused 125us total 12.625ms
08-06 17:38:06.477  7798  7812 I art     : Starting a blocking GC Explicit
08-06 17:38:06.490  7798  7812 I art     : Explicit concurrent mark sweep GC freed 1268(74KB) AllocSpace objects, 1(20KB) LOS objects, 40% free, 21MB/36MB, paused 127us total 13.510ms
08-06 17:38:06.498  7798  7812 I art     : Starting a blocking GC Explicit
08-06 17:38:06.510  7798  7812 I art     : Explicit concurrent mark sweep GC freed 18(624B) AllocSpace objects, 0(0B) LOS objects, 40% free, 21MB/36MB, paused 144us total 11.820ms
08-06 17:38:06.518  7798  7812 I art     : Starting a blocking GC Explicit
08-06 17:38:06.530  7798  7812 I art     : Explicit concurrent mark sweep GC freed 3(96B) AllocSpace objects, 0(0B) LOS objects, 40% free, 21MB/36MB, paused 126us total 12.313ms
08-06 17:38:06.537  7798  7812 I art     : Starting a blocking GC Explicit
08-06 17:38:06.549  7798  7812 I art     : Explicit concurrent mark sweep GC freed 3(96B) AllocSpace objects, 0(0B) LOS objects, 40% free, 21MB/36MB, paused 145us total 11.521ms
08-06 17:38:06.556  7798  7812 I art     : Starting a blocking GC Explicit
08-06 17:38:06.568  7798  7812 I art     : Explicit concurrent mark sweep GC freed 3(96B) AllocSpace objects, 0(0B) LOS objects, 40% free, 21MB/36MB, paused 123us total 12.114ms
08-06 17:38:06.860  7798  7811 I art     : Starting a blocking GC Explicit
08-06 17:38:06.873  7798  7811 I art     : Explicit concurrent mark sweep GC freed 1268(74KB) AllocSpace objects, 1(20KB) LOS objects, 40% free, 21MB/36MB, paused 129us total 13.211ms
08-06 17:38:06.881  7798  7811 I art     : Starting a blocking GC Explicit
08-06 17:38:06.894  7798  7811 I art     : Explicit concurrent mark sweep GC freed 18(624B) AllocSpace objects, 0(0B) LOS objects, 40% free, 21MB/36MB, paused 123us total 12.584ms
08-06 17:38:06.901  7798  7811 I art     : Starting a blocking GC Explicit
08-06 17:38:06.914  7798  7811 I art     : Explicit concurrent mark sweep GC freed 3(96B) AllocSpace objects, 0(0B) LOS objects, 40% free, 21MB/36MB, paused 125us total 12.588ms
08-06 17:38:06.921  7798  7811 I art     : Starting a blocking GC Explicit
08-06 17:38:06.934  7798  7811 I art     : Explicit concurrent mark sweep GC freed 3(96B) AllocSpace objects, 0(0B) LOS objects, 40% free, 21MB/36MB, paused 127us total 12.551ms
08-06 17:38:06.942  7798  7811 I art     : Starting a blocking GC Explicit
08-06 17:38:06.954  7798  7811 I art     : Explicit concurrent mark sweep GC freed 3(96B) AllocSpace objects, 0(0B) LOS objects, 40% free, 21MB/36MB, paused 130us total 12.307ms
08-06 17:38:06.960  8003  8003 D AndroidRuntime: >>>>>> START com.android.internal.os.RuntimeInit uid 2000 <<<<<<
08-06 17:38:06.965  8003  8003 D AndroidRuntime: CheckJNI is OFF
08-06 17:38:06.998  8003  8003 D ICU     : No timezone override file found: /data/misc/zoneinfo/current/icu/icu_tzdata.dat
08-06 17:38:07.030  8003  8003 I Radio-JNI: register_android_hardware_Radio DONE
08-06 17:38:07.053  8003  8003 D AndroidRuntime: Calling main entry com.android.commands.input.Input
08-06 17:38:07.055  8003  8003 I Input   : injectMotionEvent: MotionEvent { action=ACTION_DOWN, actionButton=0, id[0]=0, x[0]=711.0, y[0]=1664.0, toolType[0]=TOOL_TYPE_UNKNOWN, buttonState=0, metaState=0, flags=0x0, edgeFlags=0x0, pointerCount=1, historySize=0, eventTime=898703467, downTime=898703467, deviceId=0, source=0x1002 }
08-06 17:38:07.063  8003  8003 I Input   : injectMotionEvent: MotionEvent { action=ACTION_UP, actionButton=0, id[0]=0, x[0]=711.0, y[0]=1664.0, toolType[0]=TOOL_TYPE_UNKNOWN, buttonState=0, metaState=0, flags=0x0, edgeFlags=0x0, pointerCount=1, historySize=0, eventTime=898703467, downTime=898703467, deviceId=0, source=0x1002 }
08-06 17:38:07.065  8003  8003 D AndroidRuntime: Shutting down VM
08-06 17:38:07.088   918  6112 I ActivityManager: START u0 {flg=0x14000000 cmp=baseline.com.ak.uobtimetable/.CourseListActivity} from uid 10710 on display 0
08-06 17:38:07.089   512  2967 D audio_hw_primary: out_set_parameters: enter: usecase(1: low-latency-playback) kvpairs: routing=2
08-06 17:38:07.102   512  2967 D audio_hw_primary: select_devices: out_snd_device(2: speaker) in_snd_device(0: none)
08-06 17:38:07.103   512  2967 D msm8974_platform: platform_send_audio_calibration: sending audio calibration for snd_device(2) acdb_id(15)
08-06 17:38:07.103   512  2967 I soundtrigger: audio_extn_sound_trigger_update_device_status: device 0x2 of type 0 for Event 1
08-06 17:38:07.114   512  2967 D audio_hw_primary: enable_snd_device: snd_device(2: speaker)
08-06 17:38:07.116   512  2967 D audio_hw_primary: enable_audio_route: apply and update mixer path: low-latency-playback speaker
08-06 17:38:07.132  7798  7798 D CourseListActivity: onCreate
08-06 17:38:07.162  7798  8035 D HTTP    : Request for: https://uob-timetable-api.adriankeenan.co.uk/courses
08-06 17:38:07.196  7798  7812 I art     : Starting a blocking GC Explicit
08-06 17:38:07.212  7798  7812 I art     : Explicit concurrent mark sweep GC freed 4791(377KB) AllocSpace objects, 1(20KB) LOS objects, 40% free, 22MB/37MB, paused 244us total 16.163ms
08-06 17:38:07.220  7798  7812 I art     : Starting a blocking GC Explicit
08-06 17:38:07.234   918   936 I ActivityManager: Displayed baseline.com.ak.uobtimetable/.CourseListActivity: +132ms
08-06 17:38:07.237  7798  7812 I art     : Explicit concurrent mark sweep GC freed 508(32KB) AllocSpace objects, 0(0B) LOS objects, 40% free, 22MB/37MB, paused 292us total 16.341ms
08-06 17:38:07.238 13866 13866 I GoogleInputMethodServic: GoogleInputMethodService.onFinishInput():3138 
08-06 17:38:07.239 13866 13866 I GoogleInputMethodServic: GoogleInputMethodService.onStartInput():1808 
08-06 17:38:07.246  7798  7812 I art     : Starting a blocking GC Explicit
08-06 17:38:07.261  7798  7812 I art     : Explicit concurrent mark sweep GC freed 53(2864B) AllocSpace objects, 0(0B) LOS objects, 40% free, 22MB/37MB, paused 203us total 14.856ms
08-06 17:38:07.265  7798  7814 D OpenGLRenderer: endAllStagingAnimators on 0x7f949db800 (RippleDrawable) with handle 0x7f99f112e0
08-06 17:38:07.270  7798  7812 I art     : Starting a blocking GC Explicit
08-06 17:38:07.283  7798  7812 I art     : Explicit concurrent mark sweep GC freed 16(640B) AllocSpace objects, 0(0B) LOS objects, 40% free, 22MB/37MB, paused 208us total 13.531ms
08-06 17:38:07.292  7798  7812 I art     : Starting a blocking GC Explicit
08-06 17:38:07.305  7798  7812 I art     : Explicit concurrent mark sweep GC freed 12(384B) AllocSpace objects, 0(0B) LOS objects, 40% free, 22MB/37MB, paused 207us total 13.415ms
08-06 17:38:07.565  7798  7828 I art     : Starting a blocking GC Explicit
08-06 17:38:07.580  7798  7828 I art     : Explicit concurrent mark sweep GC freed 3818(240KB) AllocSpace objects, 4(220KB) LOS objects, 40% free, 22MB/37MB, paused 198us total 14.956ms
08-06 17:38:07.587  7798  7828 I art     : Starting a blocking GC Explicit
08-06 17:38:07.602  7798  7828 I art     : Explicit concurrent mark sweep GC freed 994(117KB) AllocSpace objects, 0(0B) LOS objects, 40% free, 22MB/37MB, paused 182us total 14.113ms
08-06 17:38:07.607  7798  8035 I NAPPA_EXPERIMENTATION: MetricNetworkRequestExecutionTime: REQUEST_DURATION_SYSTEM='440',REQUEST_DURATION_OKHTTP='41',REQUEST_SYNCHRONOUS='TRUE',RESPONSE_CODE='200',RESPONSE_METHOD='GET',RESPONSE_LENGTH_OKHTTP='-1',RESPONSE_LENGTH_HEADER='-2',REQUEST_PROTOCOL='http/1.1',REQUEST_URL='https://uob-timetable-api.adriankeenan.co.uk/courses',
08-06 17:38:07.609  7798  7828 I art     : Starting a blocking GC Explicit
08-06 17:38:07.625  7798  7828 I art     : Explicit concurrent mark sweep GC freed 227(20KB) AllocSpace objects, 0(0B) LOS objects, 40% free, 22MB/38MB, paused 429us total 15.004ms
08-06 17:38:07.632  7798  7828 I art     : Starting a blocking GC Explicit
08-06 17:38:07.647  7798  7828 I art     : Explicit concurrent mark sweep GC freed 94(3KB) AllocSpace objects, 0(0B) LOS objects, 39% free, 24MB/40MB, paused 215us total 14.872ms
08-06 17:38:07.655  7798  7828 I art     : Starting a blocking GC Explicit
08-06 17:38:07.659   512  2967 D audio_hw_primary: disable_audio_route: reset and update mixer path: low-latency-playback speaker
08-06 17:38:07.660   512  2967 D audio_hw_primary: disable_snd_device: snd_device(2: speaker)
08-06 17:38:07.669  7798  7828 I art     : Explicit concurrent mark sweep GC freed 33(1136B) AllocSpace objects, 0(0B) LOS objects, 38% free, 26MB/42MB, paused 175us total 13.692ms
08-06 17:38:07.670   512  2967 I soundtrigger: audio_extn_sound_trigger_update_device_status: device 0x2 of type 0 for Event 0
08-06 17:38:07.919  7798  7812 I art     : Starting a blocking GC Explicit
08-06 17:38:07.934  7798  7812 I art     : Explicit concurrent mark sweep GC freed 84(4KB) AllocSpace objects, 0(0B) LOS objects, 26% free, 44MB/60MB, paused 204us total 14.924ms
08-06 17:38:07.942  7798  7812 I art     : Starting a blocking GC Explicit
08-06 17:38:07.961  7798  8035 I HTTP    : Response was compressed.
08-06 17:38:07.973  7798  7812 I art     : Explicit concurrent mark sweep GC freed 2439(113KB) AllocSpace objects, 0(0B) LOS objects, 21% free, 60MB/76MB, paused 480us total 31.157ms
08-06 17:38:07.980  7798  7812 I art     : Starting a blocking GC Explicit
08-06 17:38:08.000  7798  7812 I art     : Explicit concurrent mark sweep GC freed 11234(524KB) AllocSpace objects, 2(22MB) LOS objects, 29% free, 37MB/53MB, paused 250us total 19.803ms
08-06 17:38:08.008  7798  7812 I art     : Starting a blocking GC Explicit
08-06 17:38:08.022  7798  7812 I art     : Explicit concurrent mark sweep GC freed 15264(714KB) AllocSpace objects, 0(0B) LOS objects, 29% free, 37MB/53MB, paused 223us total 14.340ms
08-06 17:38:08.029  7798  7812 I art     : Starting a blocking GC Explicit
08-06 17:38:08.044  7798  7812 I art     : Explicit concurrent mark sweep GC freed 12643(586KB) AllocSpace objects, 0(0B) LOS objects, 29% free, 37MB/53MB, paused 246us total 14.680ms
08-06 17:38:08.299   518   646 I ThermalEngine: ACTION: GPU - Setting GPU[0] to 450000000
08-06 17:38:08.313  7798  7828 I art     : Starting a blocking GC Explicit
08-06 17:38:08.353  7798  7828 I art     : Explicit concurrent mark sweep GC freed 161604(7MB) AllocSpace objects, 1(20KB) LOS objects, 28% free, 39MB/55MB, paused 446us total 39.469ms
08-06 17:38:08.365  7798  7828 I art     : Starting a blocking GC Explicit
08-06 17:38:08.390  7798  7828 I art     : Explicit concurrent mark sweep GC freed 27309(1284KB) AllocSpace objects, 0(0B) LOS objects, 28% free, 39MB/55MB, paused 465us total 25.343ms
08-06 17:38:08.402  7798  7828 I art     : Starting a blocking GC Explicit
08-06 17:38:08.427  7798  7828 I art     : Explicit concurrent mark sweep GC freed 20257(946KB) AllocSpace objects, 0(0B) LOS objects, 28% free, 39MB/55MB, paused 434us total 24.601ms
08-06 17:38:08.438  7798  7828 I art     : Starting a blocking GC Explicit
08-06 17:38:08.464  7798  7828 I art     : Explicit concurrent mark sweep GC freed 20550(967KB) AllocSpace objects, 0(0B) LOS objects, 28% free, 39MB/55MB, paused 434us total 25.422ms
08-06 17:38:08.475  7798  7828 I art     : Starting a blocking GC Explicit
08-06 17:38:08.502  7798  7828 I art     : Explicit concurrent mark sweep GC freed 20522(969KB) AllocSpace objects, 0(0B) LOS objects, 28% free, 39MB/55MB, paused 527us total 26.203ms
08-06 17:38:08.780  7798  8041 I art     : Starting a blocking GC Explicit
08-06 17:38:08.826  7798  8041 I art     : Explicit concurrent mark sweep GC freed 167266(7MB) AllocSpace objects, 1(20KB) LOS objects, 27% free, 41MB/57MB, paused 588us total 46.059ms
08-06 17:38:08.840  7798  8041 I art     : Starting a blocking GC Explicit
08-06 17:38:08.872  7798  8041 I art     : Explicit concurrent mark sweep GC freed 30948(1454KB) AllocSpace objects, 0(0B) LOS objects, 27% free, 41MB/57MB, paused 783us total 31.150ms
08-06 17:38:08.885  7798  8041 I art     : Starting a blocking GC Explicit
08-06 17:38:08.916  7798  8041 I art     : Explicit concurrent mark sweep GC freed 24579(1149KB) AllocSpace objects, 0(0B) LOS objects, 27% free, 41MB/57MB, paused 577us total 30.828ms
08-06 17:38:08.929  7798  8041 I art     : Starting a blocking GC Explicit
08-06 17:38:08.961  7798  8041 I art     : Explicit concurrent mark sweep GC freed 24395(1138KB) AllocSpace objects, 0(0B) LOS objects, 27% free, 41MB/57MB, paused 649us total 31.248ms
08-06 17:38:08.974  7798  8041 I art     : Starting a blocking GC Explicit
08-06 17:38:09.006  7798  8041 I art     : Explicit concurrent mark sweep GC freed 24599(1149KB) AllocSpace objects, 0(0B) LOS objects, 27% free, 41MB/57MB, paused 577us total 31.524ms
08-06 17:38:09.106   918  3714 I ActivityManager: Killing 32335:nappagreedy.com.newsblur/u0a701 (adj 15): empty #17
08-06 17:38:09.288  7798  7828 I art     : Starting a blocking GC Explicit
08-06 17:38:09.344  7798  7828 I art     : Explicit concurrent mark sweep GC freed 173361(7MB) AllocSpace objects, 1(20KB) LOS objects, 26% free, 43MB/59MB, paused 677us total 55.240ms
08-06 17:38:09.360  7798  7828 I art     : Starting a blocking GC Explicit
08-06 17:38:09.395  7798  7828 I art     : Explicit concurrent mark sweep GC freed 34359(1607KB) AllocSpace objects, 0(0B) LOS objects, 26% free, 43MB/59MB, paused 682us total 35.166ms
08-06 17:38:09.409  7798  7828 I art     : Starting a blocking GC Explicit
08-06 17:38:09.446  7798  7828 I art     : Explicit concurrent mark sweep GC freed 27323(1283KB) AllocSpace objects, 0(0B) LOS objects, 26% free, 43MB/59MB, paused 703us total 36.194ms
08-06 17:38:09.461  7798  7828 I art     : Starting a blocking GC Explicit
08-06 17:38:09.499  7798  7828 I art     : Explicit concurrent mark sweep GC freed 28388(1340KB) AllocSpace objects, 0(0B) LOS objects, 26% free, 43MB/59MB, paused 720us total 37.676ms
08-06 17:38:09.514  7798  7828 I art     : Starting a blocking GC Explicit
08-06 17:38:09.552  7798  7828 I art     : Explicit concurrent mark sweep GC freed 28676(1350KB) AllocSpace objects, 0(0B) LOS objects, 26% free, 43MB/59MB, paused 797us total 38.179ms
08-06 17:38:09.769 26121 26151 I WorkerManager: dispose()
08-06 17:38:09.769 26121 26151 W ThreadPoolDumper: Queue length for executor EventBus is now 11. Perhaps some tasks are too long, or the pool is too small.
08-06 17:38:09.843  7798  8041 I art     : Starting a blocking GC Explicit
08-06 17:38:09.903  7798  8041 I art     : Explicit concurrent mark sweep GC freed 177527(8MB) AllocSpace objects, 1(20KB) LOS objects, 26% free, 45MB/61MB, paused 829us total 59.922ms
08-06 17:38:09.920  7798  8041 I art     : Starting a blocking GC Explicit
08-06 17:38:09.961  7798  8041 I art     : Explicit concurrent mark sweep GC freed 35802(1705KB) AllocSpace objects, 0(0B) LOS objects, 26% free, 45MB/61MB, paused 789us total 40.787ms
08-06 17:38:09.961  7798  7810 I art     : WaitForGcToComplete blocked for 22.323ms for cause HeapTrim
08-06 17:38:09.977  7798  8041 I art     : Starting a blocking GC Explicit
08-06 17:38:10.018  7798  8041 I art     : Explicit concurrent mark sweep GC freed 31101(1465KB) AllocSpace objects, 0(0B) LOS objects, 25% free, 45MB/61MB, paused 818us total 40.846ms
08-06 17:38:10.034  7798  8041 I art     : Starting a blocking GC Explicit
08-06 17:38:10.076  7798  8041 I art     : Explicit concurrent mark sweep GC freed 30728(1434KB) AllocSpace objects, 0(0B) LOS objects, 25% free, 45MB/61MB, paused 948us total 42.127ms
08-06 17:38:10.092  7798  8041 I art     : Starting a blocking GC Explicit
08-06 17:38:10.136  7798  8041 I art     : Explicit concurrent mark sweep GC freed 32381(1514KB) AllocSpace objects, 0(0B) LOS objects, 25% free, 46MB/62MB, paused 873us total 44.151ms
08-06 17:38:10.417  7798  7828 I art     : Starting a blocking GC Explicit
08-06 17:38:10.485  7798  7828 I art     : Explicit concurrent mark sweep GC freed 180687(8MB) AllocSpace objects, 1(20KB) LOS objects, 25% free, 47MB/63MB, paused 918us total 67.684ms
08-06 17:38:10.505  7798  7828 I art     : Starting a blocking GC Explicit
08-06 17:38:10.555  7798  7828 I art     : Explicit concurrent mark sweep GC freed 43469(2039KB) AllocSpace objects, 0(0B) LOS objects, 25% free, 47MB/63MB, paused 1.530ms total 49.895ms
08-06 17:38:10.573  7798  7828 I art     : Starting a blocking GC Explicit
08-06 17:38:10.623  7798  7828 I art     : Explicit concurrent mark sweep GC freed 36565(1729KB) AllocSpace objects, 0(0B) LOS objects, 24% free, 48MB/64MB, paused 1.069ms total 49.755ms
08-06 17:38:10.641  7798  7828 I art     : Starting a blocking GC Explicit
08-06 17:38:10.693  7798  7828 I art     : Explicit concurrent mark sweep GC freed 34042(1599KB) AllocSpace objects, 0(0B) LOS objects, 24% free, 48MB/64MB, paused 1.056ms total 51.585ms
08-06 17:38:10.711  7798  7828 I art     : Starting a blocking GC Explicit
08-06 17:38:10.764  7798  8035 I Service : getCourses response time: 0.69
08-06 17:38:10.764  7798  7828 I art     : Explicit concurrent mark sweep GC freed 35449(1720KB) AllocSpace objects, 0(0B) LOS objects, 24% free, 48MB/64MB, paused 1.090ms total 52.744ms
08-06 17:38:10.770  7798  7798 I SettingsManager: Getting string: savedCourse
08-06 17:38:11.055  7798  7828 I art     : Starting a blocking GC Explicit
08-06 17:38:11.129  7798  7828 I art     : Explicit concurrent mark sweep GC freed 4810(235KB) AllocSpace objects, 2(15MB) LOS objects, 32% free, 33MB/49MB, paused 297us total 73.307ms
08-06 17:38:11.154  7798  7828 I art     : Starting a blocking GC Explicit
08-06 17:38:11.210  7798  7828 I art     : Explicit concurrent mark sweep GC freed 65(2672B) AllocSpace objects, 0(0B) LOS objects, 32% free, 33MB/49MB, paused 274us total 55.693ms
08-06 17:38:11.230  7798  7828 I art     : Starting a blocking GC Explicit
08-06 17:38:11.285  7798  7828 I art     : Explicit concurrent mark sweep GC freed 3(96B) AllocSpace objects, 0(0B) LOS objects, 32% free, 33MB/49MB, paused 256us total 54.616ms
08-06 17:38:11.306  7798  7828 I art     : Starting a blocking GC Explicit
08-06 17:38:11.362  7798  7828 I art     : Explicit concurrent mark sweep GC freed 3(96B) AllocSpace objects, 0(0B) LOS objects, 32% free, 33MB/49MB, paused 306us total 56.290ms
08-06 17:38:11.382  7798  7828 I art     : Starting a blocking GC Explicit
08-06 17:38:11.438  7798  7828 I art     : Explicit concurrent mark sweep GC freed 3(96B) AllocSpace objects, 0(0B) LOS objects, 32% free, 33MB/49MB, paused 283us total 55.614ms
08-06 17:38:11.562   918  3188 I hubconnection: sensorhub said: 'set_bias 3: -5.5872, 0.0000, 0.0000'
08-06 17:38:11.753  7798  8041 I art     : Starting a blocking GC Explicit
08-06 17:38:11.811  7798  8041 I art     : Explicit concurrent mark sweep GC freed 1274(74KB) AllocSpace objects, 1(20KB) LOS objects, 32% free, 33MB/49MB, paused 299us total 56.843ms
08-06 17:38:11.830  7798  8041 I art     : Starting a blocking GC Explicit
08-06 17:38:11.884  7798  8041 I art     : Explicit concurrent mark sweep GC freed 18(624B) AllocSpace objects, 0(0B) LOS objects, 32% free, 33MB/49MB, paused 244us total 53.759ms
08-06 17:38:11.905  7798  8041 I art     : Starting a blocking GC Explicit
08-06 17:38:11.961  7798  8041 I art     : Explicit concurrent mark sweep GC freed 3(96B) AllocSpace objects, 0(0B) LOS objects, 32% free, 33MB/49MB, paused 262us total 55.592ms
08-06 17:38:11.982  7798  8041 I art     : Starting a blocking GC Explicit
08-06 17:38:12.037  7798  8041 I art     : Explicit concurrent mark sweep GC freed 3(96B) AllocSpace objects, 0(0B) LOS objects, 32% free, 33MB/49MB, paused 262us total 54.817ms
08-06 17:38:12.058  7798  8041 I art     : Starting a blocking GC Explicit
08-06 17:38:12.114  7798  8041 I art     : Explicit concurrent mark sweep GC freed 3(96B) AllocSpace objects, 0(0B) LOS objects, 32% free, 33MB/49MB, paused 260us total 55.633ms
08-06 17:38:12.478  7798  7812 I art     : Starting a blocking GC Explicit
08-06 17:38:12.534  7798  7812 I art     : Explicit concurrent mark sweep GC freed 1275(74KB) AllocSpace objects, 1(20KB) LOS objects, 32% free, 33MB/49MB, paused 263us total 55.754ms
08-06 17:38:12.553  7798  7812 I art     : Starting a blocking GC Explicit
08-06 17:38:12.610  7798  7812 I art     : Explicit concurrent mark sweep GC freed 20(704B) AllocSpace objects, 0(0B) LOS objects, 32% free, 33MB/49MB, paused 276us total 56.376ms
08-06 17:38:12.630  7798  7812 I art     : Starting a blocking GC Explicit
08-06 17:38:12.687  7798  7812 I art     : Explicit concurrent mark sweep GC freed 3(96B) AllocSpace objects, 0(0B) LOS objects, 32% free, 33MB/49MB, paused 274us total 56.281ms
08-06 17:38:12.707  7798  7812 I art     : Starting a blocking GC Explicit
08-06 17:38:12.762  7798  7812 I art     : Explicit concurrent mark sweep GC freed 3(96B) AllocSpace objects, 0(0B) LOS objects, 32% free, 33MB/49MB, paused 262us total 54.322ms
08-06 17:38:12.783  7798  7812 I art     : Starting a blocking GC Explicit
08-06 17:38:12.834  7798  7812 I art     : Explicit concurrent mark sweep GC freed 3(96B) AllocSpace objects, 0(0B) LOS objects, 32% free, 33MB/49MB, paused 273us total 51.420ms
08-06 17:38:13.172  7798  7828 I art     : Starting a blocking GC Explicit
08-06 17:38:13.239  7798  7828 I art     : Explicit concurrent mark sweep GC freed 1274(74KB) AllocSpace objects, 1(20KB) LOS objects, 32% free, 33MB/49MB, paused 294us total 66.937ms
08-06 17:38:13.263  7798  7828 I art     : Starting a blocking GC Explicit
08-06 17:38:13.318  7798  7828 I art     : Explicit concurrent mark sweep GC freed 18(624B) AllocSpace objects, 0(0B) LOS objects, 32% free, 33MB/49MB, paused 284us total 54.400ms
08-06 17:38:13.338  7798  7828 I art     : Starting a blocking GC Explicit
08-06 17:38:13.386  7798  7828 I art     : Explicit concurrent mark sweep GC freed 3(96B) AllocSpace objects, 0(0B) LOS objects, 32% free, 33MB/49MB, paused 266us total 48.276ms
08-06 17:38:13.405  7798  7828 I art     : Starting a blocking GC Explicit
08-06 17:38:13.456  7798  7828 I art     : Explicit concurrent mark sweep GC freed 3(96B) AllocSpace objects, 0(0B) LOS objects, 32% free, 33MB/49MB, paused 278us total 50.897ms
08-06 17:38:13.476  7798  7828 I art     : Starting a blocking GC Explicit
08-06 17:38:13.529  7798  7828 I art     : Explicit concurrent mark sweep GC freed 3(96B) AllocSpace objects, 0(0B) LOS objects, 32% free, 33MB/49MB, paused 268us total 52.409ms
08-06 17:38:13.846  7798  8041 I art     : Starting a blocking GC Explicit
08-06 17:38:13.854  8159  8159 D AndroidRuntime: >>>>>> START com.android.internal.os.RuntimeInit uid 2000 <<<<<<
08-06 17:38:13.860  8159  8159 D AndroidRuntime: CheckJNI is OFF
08-06 17:38:13.899  7798  8041 I art     : Explicit concurrent mark sweep GC freed 1274(74KB) AllocSpace objects, 1(20KB) LOS objects, 32% free, 33MB/49MB, paused 258us total 52.310ms
08-06 17:38:13.906  8159  8159 D ICU     : No timezone override file found: /data/misc/zoneinfo/current/icu/icu_tzdata.dat
08-06 17:38:13.919  7798  8041 I art     : Starting a blocking GC Explicit
08-06 17:38:13.951  8159  8159 I Radio-JNI: register_android_hardware_Radio DONE
08-06 17:38:13.971  7798  8041 I art     : Explicit concurrent mark sweep GC freed 18(624B) AllocSpace objects, 0(0B) LOS objects, 32% free, 33MB/49MB, paused 271us total 51.932ms
08-06 17:38:13.981  8159  8159 D AndroidRuntime: Calling main entry com.android.commands.input.Input
08-06 17:38:13.983  8159  8159 I Input   : injectMotionEvent: MotionEvent { action=ACTION_DOWN, actionButton=0, id[0]=0, x[0]=526.0, y[0]=704.0, toolType[0]=TOOL_TYPE_UNKNOWN, buttonState=0, metaState=0, flags=0x0, edgeFlags=0x0, pointerCount=1, historySize=0, eventTime=898710395, downTime=898710395, deviceId=0, source=0x1002 }
08-06 17:38:13.990  7798  8041 I art     : Starting a blocking GC Explicit
08-06 17:38:13.991  8159  8159 I Input   : injectMotionEvent: MotionEvent { action=ACTION_UP, actionButton=0, id[0]=0, x[0]=526.0, y[0]=704.0, toolType[0]=TOOL_TYPE_UNKNOWN, buttonState=0, metaState=0, flags=0x0, edgeFlags=0x0, pointerCount=1, historySize=0, eventTime=898710395, downTime=898710395, deviceId=0, source=0x1002 }
08-06 17:38:13.993  8159  8159 D AndroidRuntime: Shutting down VM
08-06 17:38:14.040  7798  8041 I art     : Explicit concurrent mark sweep GC freed 21(656B) AllocSpace objects, 0(0B) LOS objects, 32% free, 33MB/49MB, paused 344us total 49.332ms
08-06 17:38:14.059  7798  8041 I art     : Starting a blocking GC Explicit
08-06 17:38:14.074   512  2967 D audio_hw_primary: out_set_parameters: enter: usecase(1: low-latency-playback) kvpairs: routing=2
08-06 17:38:14.088   512  2967 D audio_hw_primary: select_devices: out_snd_device(2: speaker) in_snd_device(0: none)
08-06 17:38:14.088   512  2967 D msm8974_platform: platform_send_audio_calibration: sending audio calibration for snd_device(2) acdb_id(15)
08-06 17:38:14.088   512  2967 I soundtrigger: audio_extn_sound_trigger_update_device_status: device 0x2 of type 0 for Event 1
08-06 17:38:14.099   512  2967 D audio_hw_primary: enable_snd_device: snd_device(2: speaker)
08-06 17:38:14.101   512  2967 D audio_hw_primary: enable_audio_route: apply and update mixer path: low-latency-playback speaker
08-06 17:38:14.108  7798  8041 I art     : Explicit concurrent mark sweep GC freed 611(47KB) AllocSpace objects, 1(20KB) LOS objects, 32% free, 33MB/49MB, paused 463us total 48.148ms
08-06 17:38:14.125  7798  8041 I art     : Starting a blocking GC Explicit
08-06 17:38:14.172  7798  8041 I art     : Explicit concurrent mark sweep GC freed 165(12KB) AllocSpace objects, 0(0B) LOS objects, 32% free, 33MB/49MB, paused 304us total 46.468ms
08-06 17:38:14.464  7798  8041 I art     : Starting a blocking GC Explicit
08-06 17:38:14.528  7798  8041 I art     : Explicit concurrent mark sweep GC freed 1389(79KB) AllocSpace objects, 1(20KB) LOS objects, 32% free, 33MB/49MB, paused 274us total 63.918ms
08-06 17:38:14.553  7798  8041 I art     : Starting a blocking GC Explicit
08-06 17:38:14.616  7798  8041 I art     : Explicit concurrent mark sweep GC freed 28(960B) AllocSpace objects, 0(0B) LOS objects, 32% free, 33MB/49MB, paused 266us total 63.070ms
08-06 17:38:14.640   512  2967 D audio_hw_primary: disable_audio_route: reset and update mixer path: low-latency-playback speaker
08-06 17:38:14.641  7798  8041 I art     : Starting a blocking GC Explicit
08-06 17:38:14.642   512  2967 D audio_hw_primary: disable_snd_device: snd_device(2: speaker)
08-06 17:38:14.653   512  2967 I soundtrigger: audio_extn_sound_trigger_update_device_status: device 0x2 of type 0 for Event 0
08-06 17:38:14.705  7798  8041 I art     : Explicit concurrent mark sweep GC freed 3(96B) AllocSpace objects, 0(0B) LOS objects, 32% free, 33MB/49MB, paused 264us total 63.565ms
08-06 17:38:14.730  7798  8041 I art     : Starting a blocking GC Explicit
08-06 17:38:14.793  7798  8041 I art     : Explicit concurrent mark sweep GC freed 5(160B) AllocSpace objects, 0(0B) LOS objects, 32% free, 33MB/49MB, paused 235us total 62.824ms
08-06 17:38:14.818  7798  8041 I art     : Starting a blocking GC Explicit
08-06 17:38:14.876  7798  8041 I art     : Explicit concurrent mark sweep GC freed 3(96B) AllocSpace objects, 0(0B) LOS objects, 32% free, 33MB/49MB, paused 239us total 58.550ms
08-06 17:38:15.181  7798  7811 I art     : Starting a blocking GC Explicit
08-06 17:38:15.240  7798  7811 I art     : Explicit concurrent mark sweep GC freed 1280(75KB) AllocSpace objects, 1(20KB) LOS objects, 32% free, 33MB/49MB, paused 251us total 58.091ms
08-06 17:38:15.259  7798  7811 I art     : Starting a blocking GC Explicit
08-06 17:38:15.306  7798  7811 I art     : Explicit concurrent mark sweep GC freed 20(688B) AllocSpace objects, 0(0B) LOS objects, 32% free, 33MB/49MB, paused 258us total 47.603ms
08-06 17:38:15.325  7798  7811 I art     : Starting a blocking GC Explicit
08-06 17:38:15.375  7798  7811 I art     : Explicit concurrent mark sweep GC freed 3(96B) AllocSpace objects, 0(0B) LOS objects, 32% free, 33MB/49MB, paused 253us total 49.666ms
08-06 17:38:15.394  7798  7811 I art     : Starting a blocking GC Explicit
08-06 17:38:15.445  7798  7811 I art     : Explicit concurrent mark sweep GC freed 3(96B) AllocSpace objects, 0(0B) LOS objects, 32% free, 33MB/49MB, paused 248us total 50.222ms
08-06 17:38:15.465  7798  7811 I art     : Starting a blocking GC Explicit
08-06 17:38:15.511  7798  7811 I art     : Explicit concurrent mark sweep GC freed 3(96B) AllocSpace objects, 0(0B) LOS objects, 32% free, 33MB/49MB, paused 256us total 46.059ms
08-06 17:38:15.760  8203  8203 D AndroidRuntime: >>>>>> START com.android.internal.os.RuntimeInit uid 2000 <<<<<<
08-06 17:38:15.766  8203  8203 D AndroidRuntime: CheckJNI is OFF
08-06 17:38:15.807  7798  7811 I art     : Starting a blocking GC Explicit
08-06 17:38:15.811  8203  8203 D ICU     : No timezone override file found: /data/misc/zoneinfo/current/icu/icu_tzdata.dat
08-06 17:38:15.860  8203  8203 I Radio-JNI: register_android_hardware_Radio DONE
08-06 17:38:15.871  7798  7811 I art     : Explicit concurrent mark sweep GC freed 1298(75KB) AllocSpace objects, 1(20KB) LOS objects, 32% free, 33MB/49MB, paused 349us total 64.101ms
08-06 17:38:15.892  8203  8203 D AndroidRuntime: Calling main entry com.android.commands.input.Input
08-06 17:38:15.895  7798  7811 I art     : Starting a blocking GC Explicit
08-06 17:38:15.896  8203  8203 I Input   : injectMotionEvent: MotionEvent { action=ACTION_DOWN, actionButton=0, id[0]=0, x[0]=1197.0, y[0]=1456.0, toolType[0]=TOOL_TYPE_UNKNOWN, buttonState=0, metaState=0, flags=0x0, edgeFlags=0x0, pointerCount=1, historySize=0, eventTime=898712308, downTime=898712308, deviceId=0, source=0x1002 }
08-06 17:38:15.901  8203  8203 I Input   : injectMotionEvent: MotionEvent { action=ACTION_UP, actionButton=0, id[0]=0, x[0]=1197.0, y[0]=1456.0, toolType[0]=TOOL_TYPE_UNKNOWN, buttonState=0, metaState=0, flags=0x0, edgeFlags=0x0, pointerCount=1, historySize=0, eventTime=898712308, downTime=898712308, deviceId=0, source=0x1002 }
08-06 17:38:15.903  8203  8203 D AndroidRuntime: Shutting down VM
08-06 17:38:15.913   512  2967 D audio_hw_primary: out_set_parameters: enter: usecase(1: low-latency-playback) kvpairs: routing=2
08-06 17:38:15.926   512  2967 D audio_hw_primary: select_devices: out_snd_device(2: speaker) in_snd_device(0: none)
08-06 17:38:15.926   512  2967 D msm8974_platform: platform_send_audio_calibration: sending audio calibration for snd_device(2) acdb_id(15)
08-06 17:38:15.926   512  2967 I soundtrigger: audio_extn_sound_trigger_update_device_status: device 0x2 of type 0 for Event 1
08-06 17:38:15.931  7798  7814 D OpenGLRenderer: endAllStagingAnimators on 0x7f829f4800 (RippleDrawable) with handle 0x7f7e0d8e00
08-06 17:38:15.937   512  2967 D audio_hw_primary: enable_snd_device: snd_device(2: speaker)
08-06 17:38:15.940   512  2967 D audio_hw_primary: enable_audio_route: apply and update mixer path: low-latency-playback speaker
08-06 17:38:15.943  7798  7798 I SettingsManager: Setting string: savedCourse
08-06 17:38:15.948  7798  7811 I art     : Explicit concurrent mark sweep GC freed 2887(139KB) AllocSpace objects, 1(20KB) LOS objects, 32% free, 33MB/49MB, paused 339us total 53.627ms
08-06 17:38:15.949   918  5952 W BackupManagerService: dataChanged but no participant pkg='baseline.com.ak.uobtimetable' uid=10710
08-06 17:38:15.950   918  6110 I ActivityManager: START u0 {flg=0x4000000 cmp=baseline.com.ak.uobtimetable/.MainActivity (has extras)} from uid 10710 on display 0
08-06 17:38:15.963   918  3670 W InputMethodManagerService: Focus gain on non-focused client com.android.internal.view.IInputMethodClient$Stub$Proxy@49c24db (uid=10710 pid=7798)
08-06 17:38:15.969  7798  7811 I art     : Starting a blocking GC Explicit
08-06 17:38:15.987  7798  7798 D MainActivity: OnDestroy
08-06 17:38:16.012  7798  7798 D MainActivity: onCreate
08-06 17:38:16.012  7798  7798 I SettingsManager: Getting string: savedSessions
08-06 17:38:16.012  7798  7798 I Settings: No saved sessions
08-06 17:38:16.019  7798  7811 I art     : Explicit concurrent mark sweep GC freed 624(35KB) AllocSpace objects, 0(0B) LOS objects, 32% free, 33MB/49MB, paused 472us total 49.682ms
08-06 17:38:16.038  7798  7811 I art     : Starting a blocking GC Explicit
08-06 17:38:16.055  7798  7798 I SettingsManager: Getting string: savedCourse
08-06 17:38:16.056  7798  7798 D MainActivity: sessionListFragmentArg: updateSessions
08-06 17:38:16.056  7798  7798 D MainActivity: showTermDatesConfigChange: false
08-06 17:38:16.057  7798  7798 D MainActivity: showTermDatesShortcut: false
08-06 17:38:16.059  7798  7798 D MainActivity: Setting initial fragment: SessionListsFragment
08-06 17:38:16.062  7798  7798 I SettingsManager: Getting int: launchCount
08-06 17:38:16.067  7798  7798 D SessionListsFragment: onCreateView
08-06 17:38:16.082  7798  7798 I SettingsManager: Getting string: savedCourse
08-06 17:38:16.089  7798  7798 I SettingsManager: Getting string: savedSessions
08-06 17:38:16.089  7798  7798 D SessionListsFragment: loadArgument: updateSessions
08-06 17:38:16.089  7798  7798 D SessionListsFragment: initialIndex: -1
08-06 17:38:16.093  7798  8226 D HTTP    : Request for: https://uob-timetable-api.adriankeenan.co.uk/sessions?dept=BD002&course=CFIEFAAF%2F02AA%2F0%2FFT&level=ALL+Courses
08-06 17:38:16.094  7798  7811 I art     : Explicit concurrent mark sweep GC freed 5054(290KB) AllocSpace objects, 3(1380KB) LOS objects, 32% free, 33MB/49MB, paused 1.131ms total 56.463ms
08-06 17:38:16.097  7798  7798 I WebViewFactory: Loading com.google.android.webview version 84.0.4147.89 (code 414708953)
08-06 17:38:16.116  7798  7811 I art     : Starting a blocking GC Explicit
08-06 17:38:16.170  7798  7811 I art     : Explicit concurrent mark sweep GC freed 4808(372KB) AllocSpace objects, 1(56KB) LOS objects, 31% free, 34MB/50MB, paused 1.224ms total 53.060ms
08-06 17:38:16.197  7798  7798 I cr_LibraryLoader: Loaded native library version number "84.0.4147.89"
08-06 17:38:16.197  7798  7798 I cr_CachingUmaRecorder: Flushed 5 samples from 5 histograms.
08-06 17:38:16.233  7798  7798 E chromium: [ERROR:filesystem_posix.cc(62)] mkdir /data/user/0/baseline.com.ak.uobtimetable/cache/WebView/Crashpad: No such file or directory (2)
08-06 17:38:16.279  7798  8226 I NAPPA_EXPERIMENTATION: MetricNetworkRequestExecutionTime: REQUEST_DURATION_SYSTEM='184',REQUEST_DURATION_OKHTTP='35',REQUEST_SYNCHRONOUS='TRUE',RESPONSE_CODE='200',RESPONSE_METHOD='GET',RESPONSE_LENGTH_OKHTTP='-1',RESPONSE_LENGTH_HEADER='867',REQUEST_PROTOCOL='http/1.1',REQUEST_URL='https://uob-timetable-api.adriankeenan.co.uk/sessions?dept=BD002&course=CFIEFAAF%2F02AA%2F0%2FFT&level=ALL+Courses',
08-06 17:38:16.315   518   646 I ThermalEngine: ACTION: GPU - Setting GPU[0] to 390000000
08-06 17:38:16.320  7798  8226 I HTTP    : Response was compressed.
08-06 17:38:16.326   918  3359 D ConnectivityService: listenForNetwork for Listen from uid/pid:10710/7798 for NetworkRequest [ id=4125, legacyType=-1, [ Capabilities: INTERNET&NOT_RESTRICTED&TRUSTED] ]
08-06 17:38:16.336  7798  8226 I Service : getSessions response time: 1.12
08-06 17:38:16.379  7798  8242 W cr_media: Requires BLUETOOTH permission
08-06 17:38:16.383  7798  8259 E libEGL  : validate_display:255 error 3008 (EGL_BAD_DISPLAY)
08-06 17:38:16.394  7798  7798 D TermDatesFragment: WebView loaded
08-06 17:38:16.394  7798  7798 D MainActivity: OnResume
08-06 17:38:16.447  7798  7798 I SettingsManager: Getting string: savedSessions
08-06 17:38:16.467  7798  7798 I SettingsManager: Setting string: savedSessions
08-06 17:38:16.477   918  5481 W BackupManagerService: dataChanged but no participant pkg='baseline.com.ak.uobtimetable' uid=10710
08-06 17:38:16.478  7798  7798 I SettingsManager: Setting date: savedSessionsTime
08-06 17:38:16.479   512  2967 D audio_hw_primary: disable_audio_route: reset and update mixer path: low-latency-playback speaker
08-06 17:38:16.480   512  2967 D audio_hw_primary: disable_snd_device: snd_device(2: speaker)
08-06 17:38:16.490   512  2967 I soundtrigger: audio_extn_sound_trigger_update_device_status: device 0x2 of type 0 for Event 0
08-06 17:38:16.501   918  6111 W BackupManagerService: dataChanged but no participant pkg='baseline.com.ak.uobtimetable' uid=10710
08-06 17:38:16.502  7798  7798 I SettingsManager: Setting string: savedSessionsCourseName
08-06 17:38:16.509   918   928 W BackupManagerService: dataChanged but no participant pkg='baseline.com.ak.uobtimetable' uid=10710
08-06 17:38:16.509  7798  7798 I SettingsManager: Setting string: savedSessionsDateRange
08-06 17:38:16.516   918  5952 W BackupManagerService: dataChanged but no participant pkg='baseline.com.ak.uobtimetable' uid=10710
08-06 17:38:16.517  7798  7798 I SettingsManager: Setting string: timetableUrl
08-06 17:38:16.524   918  3961 W BackupManagerService: dataChanged but no participant pkg='baseline.com.ak.uobtimetable' uid=10710
08-06 17:38:16.524  7798  7798 I SettingsManager: Getting boolean: notifySessionRemindersEnabled
08-06 17:38:16.524  7798  7798 I SettingsManager: Getting int: notifySessionRemindersMinutes
08-06 17:38:16.524  7798  7798 I SettingsManager: Getting boolean: showHiddenSessions
08-06 17:38:16.542  7798  7811 I art     : Starting a blocking GC Explicit
08-06 17:38:16.572  7798  7798 I SessionReminderNotifier: Created session reminder alarm for f7b4771250a919bd729c1c5a4a459c77 at Mon 08:30:00 10/08/20
08-06 17:38:16.574  7798  7798 I SessionReminderNotifier: Created session reminder alarm for a7f879aabdeb78622c8820a5fb7b64cd at Tue 08:30:00 11/08/20
08-06 17:38:16.576  7798  7798 I SessionReminderNotifier: Created session reminder alarm for 7bc8d7e2c2055711f597c3d9078c6ea3 at Tue 08:30:00 11/08/20
08-06 17:38:16.578  7798  7798 I SessionReminderNotifier: Created session reminder alarm for e0fc978b5db8218778540b4053344581 at Tue 11:00:00 11/08/20
08-06 17:38:16.581  7798  7798 I SessionReminderNotifier: Created session reminder alarm for 21712fef61090882c855a1425543edb5 at Tue 13:30:00 11/08/20
08-06 17:38:16.583  7798  7798 I SessionReminderNotifier: Created session reminder alarm for 65ca4d97f031f29a4d02bbb45a705d8f at Wed 08:30:00 12/08/20
08-06 17:38:16.585  7798  7798 I SessionReminderNotifier: Created session reminder alarm for eeda7741b0bcab58fd9f46dc6ef1d942 at Wed 08:30:00 12/08/20
08-06 17:38:16.587  7798  7798 I SessionReminderNotifier: Created session reminder alarm for c276c1b2075a0beb67f1b3d1e580f920 at Wed 11:00:00 12/08/20
08-06 17:38:16.590  7798  7798 I SessionReminderNotifier: Created session reminder alarm for 79fe0b5c3b887a13ba29db5a33fa2800 at Thu 08:30:00 13/08/20
08-06 17:38:16.592  7798  7798 I SessionReminderNotifier: Created session reminder alarm for 2ba1034116e4fffdd592dbf0796a43d5 at Fri 08:30:00 07/08/20
08-06 17:38:16.592  7798  7798 I SettingsManager: Getting boolean: showHiddenSessions
08-06 17:38:16.593  7798  7798 D SessionListsFragment: 1 sessions for day 0
08-06 17:38:16.593  7798  7798 D SessionListsFragment: 4 sessions for day 1
08-06 17:38:16.593  7798  7798 D SessionListsFragment: 3 sessions for day 2
08-06 17:38:16.593  7798  7798 D SessionListsFragment: 1 sessions for day 3
08-06 17:38:16.594  7798  7798 D SessionListsFragment: 1 sessions for day 4
08-06 17:38:16.627  7798  7798 I SettingsManager: Getting boolean: showHiddenSessions
08-06 17:38:16.628  7798  7798 D SessionListsFragment: Refreshed ViewPager
08-06 17:38:16.628  7798  7798 I SettingsManager: Getting boolean: showHiddenSessions
08-06 17:38:16.629  7798  7798 I SettingsManager: Getting boolean: completedTutorial
08-06 17:38:16.630  7798  7811 I art     : Explicit concurrent mark sweep GC freed 22700(1479KB) AllocSpace objects, 11(360KB) LOS objects, 31% free, 35MB/51MB, paused 1.398ms total 87.546ms
08-06 17:38:16.652  7798  7798 I SettingsManager: Getting boolean: showHiddenSessions
08-06 17:38:16.652  7798  7798 I SettingsManager: Getting date: savedSessionsTime
08-06 17:38:16.661  7798  7811 I art     : Starting a blocking GC Explicit
08-06 17:38:16.666  7798  7798 I TermDatesFragment: Webview load %: 10
08-06 17:38:16.750  7798  7811 I art     : Explicit concurrent mark sweep GC freed 11107(792KB) AllocSpace objects, 6(232KB) LOS objects, 30% free, 35MB/51MB, paused 2.799ms total 89.231ms
08-06 17:38:16.783  7798  7811 I art     : Starting a blocking GC Explicit
08-06 17:38:16.882  7798  7811 I art     : Explicit concurrent mark sweep GC freed 37524(1547KB) AllocSpace objects, 1(80KB) LOS objects, 30% free, 36MB/52MB, paused 1.687ms total 98.478ms
08-06 17:38:16.918  7798  7811 I art     : Starting a blocking GC Explicit
08-06 17:38:17.016  7798  7811 I art     : Explicit concurrent mark sweep GC freed 34756(1506KB) AllocSpace objects, 0(0B) LOS objects, 30% free, 36MB/52MB, paused 1.658ms total 97.676ms
08-06 17:38:17.052  7798  7811 I art     : Starting a blocking GC Explicit
08-06 17:38:17.149  7798  7811 I art     : Explicit concurrent mark sweep GC freed 29188(1194KB) AllocSpace objects, 0(0B) LOS objects, 30% free, 36MB/52MB, paused 889us total 96.885ms
08-06 17:38:17.496  7798  7812 I art     : Starting a blocking GC Explicit
08-06 17:38:17.616  7798  7812 I art     : Explicit concurrent mark sweep GC freed 96702(3MB) AllocSpace objects, 1(20KB) LOS objects, 30% free, 36MB/52MB, paused 854us total 119.060ms
08-06 17:38:17.642  7798  7798 I Choreographer: Skipped 58 frames!  The application may be doing too much work on its main thread.
08-06 17:38:17.652  7798  7812 I art     : Starting a blocking GC Explicit
08-06 17:38:17.751  7798  7812 I art     : Explicit concurrent mark sweep GC freed 32243(1420KB) AllocSpace objects, 0(0B) LOS objects, 30% free, 36MB/52MB, paused 1.511ms total 98.781ms
08-06 17:38:17.787  7798  7812 I art     : Starting a blocking GC Explicit
08-06 17:38:17.851   918   936 I ActivityManager: Displayed baseline.com.ak.uobtimetable/.MainActivity: +1s869ms
08-06 17:38:17.885  7798  7812 I art     : Explicit concurrent mark sweep GC freed 6746(308KB) AllocSpace objects, 0(0B) LOS objects, 30% free, 36MB/52MB, paused 1.452ms total 97.136ms
08-06 17:38:17.919  7798  7812 I art     : Starting a blocking GC Explicit
08-06 17:38:18.045  7798  7812 I art     : Explicit concurrent mark sweep GC freed 35598(1410KB) AllocSpace objects, 0(0B) LOS objects, 30% free, 36MB/52MB, paused 1.938ms total 125.606ms
08-06 17:38:18.095  7798  7812 I art     : Starting a blocking GC Explicit
08-06 17:38:18.216  7798  7812 I art     : Explicit concurrent mark sweep GC freed 47570(1945KB) AllocSpace objects, 0(0B) LOS objects, 30% free, 37MB/53MB, paused 1.658ms total 120.022ms
08-06 17:38:18.250  7798  7798 I TermDatesFragment: Webview load %: 70
08-06 17:38:18.270  7798  7798 I TermDatesFragment: Webview load %: 80
08-06 17:38:18.272  7798  7798 I TermDatesFragment: Webview load %: 100
08-06 17:38:18.273  7798  7798 I TermDatesFragment: Webview load %: 100
08-06 17:38:18.583  7798  7812 I art     : Starting a blocking GC Explicit
08-06 17:38:18.693  7798  7812 I art     : Explicit concurrent mark sweep GC freed 3534(233KB) AllocSpace objects, 1(20KB) LOS objects, 30% free, 36MB/52MB, paused 666us total 109.372ms
08-06 17:38:18.730  7798  7812 I art     : Starting a blocking GC Explicit
08-06 17:38:18.797  7798  7812 I art     : Explicit concurrent mark sweep GC freed 121645(11MB) AllocSpace objects, 3(136KB) LOS objects, 38% free, 25MB/41MB, paused 696us total 67.182ms
08-06 17:38:18.819  7798  7812 I art     : Starting a blocking GC Explicit
08-06 17:38:18.868  7798  7812 I art     : Explicit concurrent mark sweep GC freed 67(3KB) AllocSpace objects, 0(0B) LOS objects, 38% free, 25MB/41MB, paused 640us total 47.928ms
08-06 17:38:18.891  7798  7812 I art     : Starting a blocking GC Explicit
08-06 17:38:18.942  7798  7812 I art     : Explicit concurrent mark sweep GC freed 3(96B) AllocSpace objects, 0(0B) LOS objects, 38% free, 25MB/41MB, paused 620us total 50.868ms
08-06 17:38:18.972  7798  7812 I art     : Starting a blocking GC Explicit
08-06 17:38:19.023  7798  7812 I art     : Explicit concurrent mark sweep GC freed 3(96B) AllocSpace objects, 0(0B) LOS objects, 38% free, 25MB/41MB, paused 532us total 50.266ms
08-06 17:38:19.404  7798  7812 I art     : Starting a blocking GC Explicit
08-06 17:38:19.464  7798  7812 I art     : Explicit concurrent mark sweep GC freed 1322(76KB) AllocSpace objects, 1(20KB) LOS objects, 38% free, 25MB/41MB, paused 1.206ms total 59.451ms
08-06 17:38:19.491  7798  7812 I art     : Starting a blocking GC Explicit
08-06 17:38:19.541  7798  7812 I art     : Explicit concurrent mark sweep GC freed 19(688B) AllocSpace objects, 0(0B) LOS objects, 38% free, 25MB/41MB, paused 530us total 49.538ms
08-06 17:38:19.563  7798  7812 I art     : Starting a blocking GC Explicit
08-06 17:38:19.611  7798  7812 I art     : Explicit concurrent mark sweep GC freed 3(96B) AllocSpace objects, 0(0B) LOS objects, 38% free, 25MB/41MB, paused 531us total 48.258ms
08-06 17:38:19.635  7798  7812 I art     : Starting a blocking GC Explicit
08-06 17:38:19.684  7798  7812 I art     : Explicit concurrent mark sweep GC freed 3(96B) AllocSpace objects, 0(0B) LOS objects, 38% free, 25MB/41MB, paused 511us total 49.033ms
08-06 17:38:19.708  7798  7812 I art     : Starting a blocking GC Explicit
08-06 17:38:19.760  7798  7812 I art     : Explicit concurrent mark sweep GC freed 3(96B) AllocSpace objects, 0(0B) LOS objects, 38% free, 25MB/41MB, paused 586us total 51.977ms
08-06 17:38:20.154  7798  8041 I art     : Starting a blocking GC Explicit
08-06 17:38:20.205  7798  8041 I art     : Explicit concurrent mark sweep GC freed 1293(75KB) AllocSpace objects, 1(20KB) LOS objects, 38% free, 25MB/41MB, paused 659us total 50.984ms
08-06 17:38:20.227  7798  8041 I art     : Starting a blocking GC Explicit
08-06 17:38:20.273  7798  8041 I art     : Explicit concurrent mark sweep GC freed 18(624B) AllocSpace objects, 0(0B) LOS objects, 38% free, 25MB/41MB, paused 635us total 45.805ms
08-06 17:38:20.273  7798  7810 I art     : WaitForGcToComplete blocked for 33.297ms for cause HeapTrim
08-06 17:38:20.297  7798  8041 I art     : Starting a blocking GC Explicit
08-06 17:38:20.342  7798  8041 I art     : Explicit concurrent mark sweep GC freed 3(96B) AllocSpace objects, 0(0B) LOS objects, 38% free, 25MB/41MB, paused 641us total 44.923ms
08-06 17:38:20.365  7798  8041 I art     : Starting a blocking GC Explicit
08-06 17:38:20.413  7798  8041 I art     : Explicit concurrent mark sweep GC freed 3(96B) AllocSpace objects, 0(0B) LOS objects, 38% free, 25MB/41MB, paused 654us total 48.090ms
08-06 17:38:20.436  7798  8041 I art     : Starting a blocking GC Explicit
08-06 17:38:20.483  7798  8041 I art     : Explicit concurrent mark sweep GC freed 3(96B) AllocSpace objects, 0(0B) LOS objects, 38% free, 25MB/41MB, paused 661us total 47.255ms
08-06 17:38:20.795  8313  8313 D AndroidRuntime: >>>>>> START com.android.internal.os.RuntimeInit uid 2000 <<<<<<
08-06 17:38:20.802  8313  8313 D AndroidRuntime: CheckJNI is OFF
08-06 17:38:20.824  7798  7828 I art     : Starting a blocking GC Explicit
08-06 17:38:20.855  8313  8313 D ICU     : No timezone override file found: /data/misc/zoneinfo/current/icu/icu_tzdata.dat
08-06 17:38:20.873  7798  7828 I art     : Explicit concurrent mark sweep GC freed 1293(75KB) AllocSpace objects, 1(20KB) LOS objects, 38% free, 25MB/41MB, paused 768us total 49.022ms
08-06 17:38:20.895  7798  7828 I art     : Starting a blocking GC Explicit
08-06 17:38:20.901  8313  8313 I Radio-JNI: register_android_hardware_Radio DONE
08-06 17:38:20.933  8313  8313 D AndroidRuntime: Calling main entry com.android.commands.input.Input
08-06 17:38:20.935  8313  8313 I Input   : injectMotionEvent: MotionEvent { action=ACTION_DOWN, actionButton=0, id[0]=0, x[0]=1215.0, y[0]=1450.0, toolType[0]=TOOL_TYPE_UNKNOWN, buttonState=0, metaState=0, flags=0x0, edgeFlags=0x0, pointerCount=1, historySize=0, eventTime=898717348, downTime=898717348, deviceId=0, source=0x1002 }
08-06 17:38:20.941  8313  8313 I Input   : injectMotionEvent: MotionEvent { action=ACTION_UP, actionButton=0, id[0]=0, x[0]=1215.0, y[0]=1450.0, toolType[0]=TOOL_TYPE_UNKNOWN, buttonState=0, metaState=0, flags=0x0, edgeFlags=0x0, pointerCount=1, historySize=0, eventTime=898717348, downTime=898717348, deviceId=0, source=0x1002 }
08-06 17:38:20.943  7798  7828 I art     : Explicit concurrent mark sweep GC freed 20(656B) AllocSpace objects, 0(0B) LOS objects, 38% free, 25MB/41MB, paused 782us total 47.407ms
08-06 17:38:20.943  8313  8313 D AndroidRuntime: Shutting down VM
08-06 17:38:20.949   512  2967 D audio_hw_primary: out_set_parameters: enter: usecase(1: low-latency-playback) kvpairs: routing=2
08-06 17:38:20.963   512  2967 D audio_hw_primary: select_devices: out_snd_device(2: speaker) in_snd_device(0: none)
08-06 17:38:20.963   512  2967 D msm8974_platform: platform_send_audio_calibration: sending audio calibration for snd_device(2) acdb_id(15)
08-06 17:38:20.963   512  2967 I soundtrigger: audio_extn_sound_trigger_update_device_status: device 0x2 of type 0 for Event 1
08-06 17:38:20.973  7798  7828 I art     : Starting a blocking GC Explicit
08-06 17:38:20.974   512  2967 D audio_hw_primary: enable_snd_device: snd_device(2: speaker)
08-06 17:38:20.976   512  2967 D audio_hw_primary: enable_audio_route: apply and update mixer path: low-latency-playback speaker
08-06 17:38:21.020  7798  7828 I art     : Explicit concurrent mark sweep GC freed 312(26KB) AllocSpace objects, 0(0B) LOS objects, 38% free, 25MB/41MB, paused 817us total 46.127ms
08-06 17:38:21.042  7798  7828 I art     : Starting a blocking GC Explicit
08-06 17:38:21.091  7798  7828 I art     : Explicit concurrent mark sweep GC freed 301(21KB) AllocSpace objects, 0(0B) LOS objects, 38% free, 25MB/41MB, paused 723us total 48.698ms
08-06 17:38:21.113  7798  7828 I art     : Starting a blocking GC Explicit
08-06 17:38:21.140  2174  2174 I ServiceManager: Waiting for service AtCmdFwd...
08-06 17:38:21.174  7798  7828 I art     : Explicit concurrent mark sweep GC freed 835(61KB) AllocSpace objects, 1(40KB) LOS objects, 38% free, 25MB/41MB, paused 1.301ms total 59.907ms
08-06 17:38:21.519   512  2967 D audio_hw_primary: disable_audio_route: reset and update mixer path: low-latency-playback speaker
08-06 17:38:21.520   512  2967 D audio_hw_primary: disable_snd_device: snd_device(2: speaker)
08-06 17:38:21.528   512  2967 I soundtrigger: audio_extn_sound_trigger_update_device_status: device 0x2 of type 0 for Event 0
08-06 17:38:21.553  7798  7828 I art     : Starting a blocking GC Explicit
08-06 17:38:21.601  7798  7828 I art     : Explicit concurrent mark sweep GC freed 1396(79KB) AllocSpace objects, 1(20KB) LOS objects, 38% free, 25MB/41MB, paused 591us total 47.519ms
08-06 17:38:21.624  7798  7828 I art     : Starting a blocking GC Explicit
08-06 17:38:21.673  7798  7828 I art     : Explicit concurrent mark sweep GC freed 166(10KB) AllocSpace objects, 0(0B) LOS objects, 38% free, 25MB/41MB, paused 626us total 48.816ms
08-06 17:38:21.696  7798  7828 I art     : Starting a blocking GC Explicit
08-06 17:38:21.746  7798  7828 I art     : Explicit concurrent mark sweep GC freed 3(96B) AllocSpace objects, 0(0B) LOS objects, 38% free, 25MB/41MB, paused 539us total 49.637ms
08-06 17:38:21.769  7798  7828 I art     : Starting a blocking GC Explicit
08-06 17:38:21.820  7798  7828 I art     : Explicit concurrent mark sweep GC freed 3(96B) AllocSpace objects, 0(0B) LOS objects, 38% free, 25MB/41MB, paused 721us total 50.291ms
08-06 17:38:21.843  7798  7828 I art     : Starting a blocking GC Explicit
08-06 17:38:21.893  7798  7828 I art     : Explicit concurrent mark sweep GC freed 3(96B) AllocSpace objects, 0(0B) LOS objects, 38% free, 25MB/41MB, paused 547us total 49.409ms
08-06 17:38:22.141  2174  2174 I ServiceManager: Waiting for service AtCmdFwd...
08-06 17:38:22.246  7798  8041 I art     : Starting a blocking GC Explicit
08-06 17:38:22.295  7798  8041 I art     : Explicit concurrent mark sweep GC freed 1293(75KB) AllocSpace objects, 1(20KB) LOS objects, 38% free, 25MB/41MB, paused 658us total 49.251ms
08-06 17:38:22.318  7798  8041 I art     : Starting a blocking GC Explicit
08-06 17:38:22.367  7798  8041 I art     : Explicit concurrent mark sweep GC freed 18(624B) AllocSpace objects, 0(0B) LOS objects, 38% free, 25MB/41MB, paused 838us total 48.726ms
08-06 17:38:22.389  7798  8041 I art     : Starting a blocking GC Explicit
08-06 17:38:22.436  7798  8041 I art     : Explicit concurrent mark sweep GC freed 3(96B) AllocSpace objects, 0(0B) LOS objects, 38% free, 25MB/41MB, paused 688us total 46.671ms
08-06 17:38:22.459  7798  8041 I art     : Starting a blocking GC Explicit
08-06 17:38:22.508  7798  8041 I art     : Explicit concurrent mark sweep GC freed 3(96B) AllocSpace objects, 0(0B) LOS objects, 38% free, 25MB/41MB, paused 862us total 48.679ms
08-06 17:38:22.530  7798  8041 I art     : Starting a blocking GC Explicit
08-06 17:38:22.578  7798  8041 I art     : Explicit concurrent mark sweep GC freed 3(96B) AllocSpace objects, 0(0B) LOS objects, 38% free, 25MB/41MB, paused 847us total 47.638ms
08-06 17:38:22.885  8356  8356 D AndroidRuntime: >>>>>> START com.android.internal.os.RuntimeInit uid 2000 <<<<<<
08-06 17:38:22.892  8356  8356 D AndroidRuntime: CheckJNI is OFF
08-06 17:38:22.950  8356  8356 D ICU     : No timezone override file found: /data/misc/zoneinfo/current/icu/icu_tzdata.dat
08-06 17:38:22.955  7798  7828 I art     : Starting a blocking GC Explicit
08-06 17:38:22.991  8356  8356 I Radio-JNI: register_android_hardware_Radio DONE
08-06 17:38:23.000  7798  7828 I art     : Explicit concurrent mark sweep GC freed 1322(76KB) AllocSpace objects, 1(20KB) LOS objects, 38% free, 25MB/41MB, paused 1.796ms total 45.195ms
08-06 17:38:23.022  7798  7828 I art     : Starting a blocking GC Explicit
08-06 17:38:23.024  8356  8356 D AndroidRuntime: Calling main entry com.android.commands.input.Input
08-06 17:38:23.027  8356  8356 I Input   : injectMotionEvent: MotionEvent { action=ACTION_DOWN, actionButton=0, id[0]=0, x[0]=1215.0, y[0]=1482.0, toolType[0]=TOOL_TYPE_UNKNOWN, buttonState=0, metaState=0, flags=0x0, edgeFlags=0x0, pointerCount=1, historySize=0, eventTime=898719439, downTime=898719439, deviceId=0, source=0x1002 }
08-06 17:38:23.032  8356  8356 I Input   : injectMotionEvent: MotionEvent { action=ACTION_UP, actionButton=0, id[0]=0, x[0]=1215.0, y[0]=1482.0, toolType[0]=TOOL_TYPE_UNKNOWN, buttonState=0, metaState=0, flags=0x0, edgeFlags=0x0, pointerCount=1, historySize=0, eventTime=898719439, downTime=898719439, deviceId=0, source=0x1002 }
08-06 17:38:23.033  8356  8356 D AndroidRuntime: Shutting down VM
08-06 17:38:23.048  7798  7798 I SettingsManager: Setting boolean: completedTutorial
08-06 17:38:23.055   512  2967 D audio_hw_primary: out_set_parameters: enter: usecase(1: low-latency-playback) kvpairs: routing=2
08-06 17:38:23.064   918  4413 W BackupManagerService: dataChanged but no participant pkg='baseline.com.ak.uobtimetable' uid=10710
08-06 17:38:23.069   512  2967 D audio_hw_primary: select_devices: out_snd_device(2: speaker) in_snd_device(0: none)
08-06 17:38:23.069   512  2967 D msm8974_platform: platform_send_audio_calibration: sending audio calibration for snd_device(2) acdb_id(15)
08-06 17:38:23.069   512  2967 I soundtrigger: audio_extn_sound_trigger_update_device_status: device 0x2 of type 0 for Event 1
08-06 17:38:23.077  7798  7828 I art     : Explicit concurrent mark sweep GC freed 93(16KB) AllocSpace objects, 1(20KB) LOS objects, 38% free, 25MB/41MB, paused 1.635ms total 55.036ms
08-06 17:38:23.083 13866 13866 I GoogleInputMethodServic: GoogleInputMethodService.onFinishInput():3138 
08-06 17:38:23.084 13866 13866 I GoogleInputMethodServic: GoogleInputMethodService.onStartInput():1808 
08-06 17:38:23.084   512  2967 D audio_hw_primary: enable_snd_device: snd_device(2: speaker)
08-06 17:38:23.086   512  2967 D audio_hw_primary: enable_audio_route: apply and update mixer path: low-latency-playback speaker
08-06 17:38:23.097  7798  7828 I art     : Starting a blocking GC Explicit
08-06 17:38:23.141  2174  2174 I ServiceManager: Waiting for service AtCmdFwd...
08-06 17:38:23.145  7798  7828 I art     : Explicit concurrent mark sweep GC freed 125(4KB) AllocSpace objects, 0(0B) LOS objects, 38% free, 25MB/41MB, paused 644us total 47.253ms
08-06 17:38:23.169  7798  7828 I art     : Starting a blocking GC Explicit
08-06 17:38:23.229  7798  7828 I art     : Explicit concurrent mark sweep GC freed 987(68KB) AllocSpace objects, 1(40KB) LOS objects, 38% free, 25MB/41MB, paused 1.112ms total 59.586ms
08-06 17:38:23.262  7798  7828 I art     : Starting a blocking GC Explicit
08-06 17:38:23.320  7798  7828 I art     : Explicit concurrent mark sweep GC freed 3(96B) AllocSpace objects, 0(0B) LOS objects, 38% free, 25MB/41MB, paused 548us total 57.506ms
08-06 17:38:23.619   512  2967 D audio_hw_primary: disable_audio_route: reset and update mixer path: low-latency-playback speaker
08-06 17:38:23.620   512  2967 D audio_hw_primary: disable_snd_device: snd_device(2: speaker)
08-06 17:38:23.630   512  2967 I soundtrigger: audio_extn_sound_trigger_update_device_status: device 0x2 of type 0 for Event 0
08-06 17:38:23.657  7798  7811 I art     : Starting a blocking GC Explicit
08-06 17:38:23.718  7798  7811 I art     : Explicit concurrent mark sweep GC freed 1293(75KB) AllocSpace objects, 1(20KB) LOS objects, 38% free, 25MB/41MB, paused 597us total 60.670ms
08-06 17:38:23.745  7798  7811 I art     : Starting a blocking GC Explicit
08-06 17:38:23.798  7798  7811 I art     : Explicit concurrent mark sweep GC freed 18(624B) AllocSpace objects, 0(0B) LOS objects, 38% free, 25MB/41MB, paused 808us total 52.116ms
08-06 17:38:23.827  7798  7811 I art     : Starting a blocking GC Explicit
08-06 17:38:23.877  7798  7811 I art     : Explicit concurrent mark sweep GC freed 3(96B) AllocSpace objects, 0(0B) LOS objects, 38% free, 25MB/41MB, paused 679us total 49.219ms
08-06 17:38:23.906  7798  7811 I art     : Starting a blocking GC Explicit
08-06 17:38:23.956  7798  7811 I art     : Explicit concurrent mark sweep GC freed 3(96B) AllocSpace objects, 0(0B) LOS objects, 38% free, 25MB/41MB, paused 596us total 49.789ms
08-06 17:38:23.979  7798  7811 I art     : Starting a blocking GC Explicit
08-06 17:38:24.029  7798  7811 I art     : Explicit concurrent mark sweep GC freed 3(96B) AllocSpace objects, 0(0B) LOS objects, 38% free, 25MB/41MB, paused 825us total 49.507ms
08-06 17:38:24.142  2174  2174 I ServiceManager: Waiting for service AtCmdFwd...
08-06 17:38:24.373  7798  8041 I art     : Starting a blocking GC Explicit
08-06 17:38:24.421  7798  8041 I art     : Explicit concurrent mark sweep GC freed 1293(75KB) AllocSpace objects, 1(20KB) LOS objects, 38% free, 25MB/41MB, paused 677us total 47.830ms
08-06 17:38:24.444  7798  8041 I art     : Starting a blocking GC Explicit
08-06 17:38:24.491  7798  8041 I art     : Explicit concurrent mark sweep GC freed 18(624B) AllocSpace objects, 0(0B) LOS objects, 38% free, 25MB/41MB, paused 630us total 46.324ms
08-06 17:38:24.513  7798  8041 I art     : Starting a blocking GC Explicit
08-06 17:38:24.561  7798  8041 I art     : Explicit concurrent mark sweep GC freed 3(96B) AllocSpace objects, 0(0B) LOS objects, 38% free, 25MB/41MB, paused 586us total 47.269ms
08-06 17:38:24.583  7798  8041 I art     : Starting a blocking GC Explicit
08-06 17:38:24.587   918  3261 D WifiStateMachine: starting scan for "H369AA63323"WPA_PSK with 2412,5180
08-06 17:38:24.632  7798  8041 I art     : Explicit concurrent mark sweep GC freed 3(96B) AllocSpace objects, 0(0B) LOS objects, 38% free, 25MB/41MB, paused 779us total 48.457ms
08-06 17:38:24.654  7798  8041 I art     : Starting a blocking GC Explicit
08-06 17:38:24.702  7798  8041 I art     : Explicit concurrent mark sweep GC freed 3(96B) AllocSpace objects, 0(0B) LOS objects, 38% free, 25MB/41MB, paused 511us total 47.051ms
08-06 17:38:24.927  8397  8397 D AndroidRuntime: >>>>>> START com.android.internal.os.RuntimeInit uid 2000 <<<<<<
08-06 17:38:24.933  8397  8397 D AndroidRuntime: CheckJNI is OFF
08-06 17:38:24.983  8397  8397 D ICU     : No timezone override file found: /data/misc/zoneinfo/current/icu/icu_tzdata.dat
08-06 17:38:25.030  8397  8397 I Radio-JNI: register_android_hardware_Radio DONE
08-06 17:38:25.040  7798  7812 I art     : Starting a blocking GC Explicit
08-06 17:38:25.063  8397  8397 D AndroidRuntime: Calling main entry com.android.commands.input.Input
08-06 17:38:25.066  8397  8397 I Input   : injectMotionEvent: MotionEvent { action=ACTION_DOWN, actionButton=0, id[0]=0, x[0]=81.0, y[0]=176.0, toolType[0]=TOOL_TYPE_UNKNOWN, buttonState=0, metaState=0, flags=0x0, edgeFlags=0x0, pointerCount=1, historySize=0, eventTime=898721478, downTime=898721478, deviceId=0, source=0x1002 }
08-06 17:38:25.071  8397  8397 I Input   : injectMotionEvent: MotionEvent { action=ACTION_UP, actionButton=0, id[0]=0, x[0]=81.0, y[0]=176.0, toolType[0]=TOOL_TYPE_UNKNOWN, buttonState=0, metaState=0, flags=0x0, edgeFlags=0x0, pointerCount=1, historySize=0, eventTime=898721478, downTime=898721478, deviceId=0, source=0x1002 }
08-06 17:38:25.073  8397  8397 D AndroidRuntime: Shutting down VM
08-06 17:38:25.083   512  2967 D audio_hw_primary: out_set_parameters: enter: usecase(1: low-latency-playback) kvpairs: routing=2
08-06 17:38:25.089  7798  7812 I art     : Explicit concurrent mark sweep GC freed 1316(76KB) AllocSpace objects, 1(20KB) LOS objects, 38% free, 25MB/41MB, paused 801us total 47.949ms
08-06 17:38:25.096   512  2967 D audio_hw_primary: select_devices: out_snd_device(2: speaker) in_snd_device(0: none)
08-06 17:38:25.096   512  2967 D msm8974_platform: platform_send_audio_calibration: sending audio calibration for snd_device(2) acdb_id(15)
08-06 17:38:25.097   512  2967 I soundtrigger: audio_extn_sound_trigger_update_device_status: device 0x2 of type 0 for Event 1
08-06 17:38:25.115  7798  7812 I art     : Starting a blocking GC Explicit
08-06 17:38:25.116   512  2967 D audio_hw_primary: enable_snd_device: snd_device(2: speaker)
08-06 17:38:25.119   512  2967 D audio_hw_primary: enable_audio_route: apply and update mixer path: low-latency-playback speaker
08-06 17:38:25.142  2174  2174 I ServiceManager: Waiting for service AtCmdFwd...
08-06 17:38:25.161  7798  7812 I art     : Explicit concurrent mark sweep GC freed 38(1472B) AllocSpace objects, 0(0B) LOS objects, 38% free, 25MB/41MB, paused 739us total 45.149ms
08-06 17:38:25.186  7798  7812 I art     : Starting a blocking GC Explicit
08-06 17:38:25.231  7798  7812 I art     : Explicit concurrent mark sweep GC freed 392(20KB) AllocSpace objects, 0(0B) LOS objects, 38% free, 25MB/41MB, paused 798us total 44.717ms
08-06 17:38:25.254  7798  7812 I art     : Starting a blocking GC Explicit
08-06 17:38:25.303  7798  7812 I art     : Explicit concurrent mark sweep GC freed 7(384B) AllocSpace objects, 0(0B) LOS objects, 38% free, 25MB/41MB, paused 679us total 48.638ms
08-06 17:38:25.326  7798  7812 I art     : Starting a blocking GC Explicit
08-06 17:38:25.330   518   646 I ThermalEngine: ACTION: GPU - Setting GPU[0] to 450000000
08-06 17:38:25.366  7798  7812 I art     : Explicit concurrent mark sweep GC freed 3(96B) AllocSpace objects, 0(0B) LOS objects, 38% free, 25MB/41MB, paused 601us total 38.931ms
08-06 17:38:25.366  7798  7810 I art     : WaitForGcToComplete blocked for 23.654ms for cause HeapTrim
08-06 17:38:25.659   512  2967 D audio_hw_primary: disable_audio_route: reset and update mixer path: low-latency-playback speaker
08-06 17:38:25.660   512  2967 D audio_hw_primary: disable_snd_device: snd_device(2: speaker)
08-06 17:38:25.667  7798  7812 I art     : Starting a blocking GC Explicit
08-06 17:38:25.668   512  2967 I soundtrigger: audio_extn_sound_trigger_update_device_status: device 0x2 of type 0 for Event 0
08-06 17:38:25.707  7798  7812 I art     : Explicit concurrent mark sweep GC freed 1304(75KB) AllocSpace objects, 1(20KB) LOS objects, 38% free, 25MB/41MB, paused 409us total 39.434ms
08-06 17:38:25.722  7798  7812 I art     : Starting a blocking GC Explicit
08-06 17:38:25.760  7798  7812 I art     : Explicit concurrent mark sweep GC freed 20(688B) AllocSpace objects, 0(0B) LOS objects, 38% free, 25MB/41MB, paused 397us total 37.419ms
08-06 17:38:25.775  7798  7812 I art     : Starting a blocking GC Explicit
08-06 17:38:25.813  7798  7812 I art     : Explicit concurrent mark sweep GC freed 3(96B) AllocSpace objects, 0(0B) LOS objects, 38% free, 25MB/41MB, paused 414us total 38.216ms
08-06 17:38:25.828  7798  7812 I art     : Starting a blocking GC Explicit
08-06 17:38:25.868  7798  7812 I art     : Explicit concurrent mark sweep GC freed 5(160B) AllocSpace objects, 0(0B) LOS objects, 38% free, 25MB/41MB, paused 448us total 39.149ms
08-06 17:38:25.883  7798  7812 I art     : Starting a blocking GC Explicit
08-06 17:38:25.924  7798  7812 I art     : Explicit concurrent mark sweep GC freed 3(96B) AllocSpace objects, 0(0B) LOS objects, 38% free, 25MB/41MB, paused 404us total 40.215ms
08-06 17:38:26.143  2174  2174 W Atfwd_Sendcmd: AtCmdFwd service not published, waiting... retryCnt : 1
08-06 17:38:26.245  7798  8041 I art     : Starting a blocking GC Explicit
08-06 17:38:26.301  7798  8041 I art     : Explicit concurrent mark sweep GC freed 1293(75KB) AllocSpace objects, 1(20KB) LOS objects, 38% free, 25MB/41MB, paused 429us total 55.276ms
08-06 17:38:26.322  7798  8041 I art     : Starting a blocking GC Explicit
08-06 17:38:26.360  7798  8041 I art     : Explicit concurrent mark sweep GC freed 18(624B) AllocSpace objects, 0(0B) LOS objects, 38% free, 25MB/41MB, paused 409us total 37.492ms
08-06 17:38:26.374  7798  8041 I art     : Starting a blocking GC Explicit
08-06 17:38:26.413  7798  8041 I art     : Explicit concurrent mark sweep GC freed 3(96B) AllocSpace objects, 0(0B) LOS objects, 38% free, 25MB/41MB, paused 415us total 37.978ms
08-06 17:38:26.428  7798  8041 I art     : Starting a blocking GC Explicit
08-06 17:38:26.466  7798  8041 I art     : Explicit concurrent mark sweep GC freed 3(96B) AllocSpace objects, 0(0B) LOS objects, 38% free, 25MB/41MB, paused 410us total 38.505ms
08-06 17:38:26.481  7798  8041 I art     : Starting a blocking GC Explicit
08-06 17:38:26.520  7798  8041 I art     : Explicit concurrent mark sweep GC freed 3(96B) AllocSpace objects, 0(0B) LOS objects, 38% free, 25MB/41MB, paused 399us total 38.701ms
08-06 17:38:26.840  7798  7811 I art     : Starting a blocking GC Explicit
08-06 17:38:26.876  8443  8443 D AndroidRuntime: >>>>>> START com.android.internal.os.RuntimeInit uid 2000 <<<<<<
08-06 17:38:26.881  8443  8443 D AndroidRuntime: CheckJNI is OFF
08-06 17:38:26.885  7798  7811 I art     : Explicit concurrent mark sweep GC freed 1332(77KB) AllocSpace objects, 1(20KB) LOS objects, 38% free, 25MB/41MB, paused 533us total 44.185ms
08-06 17:38:26.901  7798  7811 I art     : Starting a blocking GC Explicit
08-06 17:38:26.925  8443  8443 D ICU     : No timezone override file found: /data/misc/zoneinfo/current/icu/icu_tzdata.dat
08-06 17:38:26.936  7798  7811 I art     : Explicit concurrent mark sweep GC freed 30(1040B) AllocSpace objects, 0(0B) LOS objects, 38% free, 25MB/41MB, paused 461us total 35.319ms
08-06 17:38:26.951  7798  7811 I art     : Starting a blocking GC Explicit
08-06 17:38:26.966  8443  8443 I Radio-JNI: register_android_hardware_Radio DONE
08-06 17:38:26.988  7798  7811 I art     : Explicit concurrent mark sweep GC freed 6(192B) AllocSpace objects, 0(0B) LOS objects, 38% free, 25MB/41MB, paused 387us total 36.955ms
08-06 17:38:26.996  8443  8443 D AndroidRuntime: Calling main entry com.android.commands.input.Input
08-06 17:38:26.998  8443  8443 I Input   : injectMotionEvent: MotionEvent { action=ACTION_DOWN, actionButton=0, id[0]=0, x[0]=436.0, y[0]=1770.0, toolType[0]=TOOL_TYPE_UNKNOWN, buttonState=0, metaState=0, flags=0x0, edgeFlags=0x0, pointerCount=1, historySize=0, eventTime=898723410, downTime=898723410, deviceId=0, source=0x1002 }
08-06 17:38:27.002  7798  7811 I art     : Starting a blocking GC Explicit
08-06 17:38:27.004  8443  8443 I Input   : injectMotionEvent: MotionEvent { action=ACTION_UP, actionButton=0, id[0]=0, x[0]=436.0, y[0]=1770.0, toolType[0]=TOOL_TYPE_UNKNOWN, buttonState=0, metaState=0, flags=0x0, edgeFlags=0x0, pointerCount=1, historySize=0, eventTime=898723410, downTime=898723410, deviceId=0, source=0x1002 }
08-06 17:38:27.006  8443  8443 D AndroidRuntime: Shutting down VM
08-06 17:38:27.016  7798  7798 D MainActivity: NavigationItemSelected: Courses
08-06 17:38:27.017   918  3696 I ActivityManager: START u0 {cmp=baseline.com.ak.uobtimetable/.CourseListActivity} from uid 10710 on display 0
08-06 17:38:27.021   512  2967 D audio_hw_primary: out_set_parameters: enter: usecase(1: low-latency-playback) kvpairs: routing=2
08-06 17:38:27.027  7798  7798 D MainActivity: OnPause
08-06 17:38:27.034   512  2967 D audio_hw_primary: select_devices: out_snd_device(2: speaker) in_snd_device(0: none)
08-06 17:38:27.034   512  2967 D msm8974_platform: platform_send_audio_calibration: sending audio calibration for snd_device(2) acdb_id(15)
08-06 17:38:27.034   512  2967 I soundtrigger: audio_extn_sound_trigger_update_device_status: device 0x2 of type 0 for Event 1
08-06 17:38:27.041  7798  7811 I art     : Explicit concurrent mark sweep GC freed 219(8KB) AllocSpace objects, 0(0B) LOS objects, 38% free, 25MB/41MB, paused 725us total 38.330ms
08-06 17:38:27.044   512  2967 D audio_hw_primary: enable_snd_device: snd_device(2: speaker)
08-06 17:38:27.046   512  2967 D audio_hw_primary: enable_audio_route: apply and update mixer path: low-latency-playback speaker
08-06 17:38:27.054  7798  7811 I art     : Starting a blocking GC Explicit
08-06 17:38:27.079  7798  7798 D CourseListActivity: onCreate
08-06 17:38:27.081  7798  8466 D HTTP    : Request for: https://uob-timetable-api.adriankeenan.co.uk/courses
08-06 17:38:27.093  7798  7811 I art     : Explicit concurrent mark sweep GC freed 2262(122KB) AllocSpace objects, 0(0B) LOS objects, 38% free, 25MB/41MB, paused 702us total 38.061ms
08-06 17:38:27.139   918   936 I ActivityManager: Displayed baseline.com.ak.uobtimetable/.CourseListActivity: +111ms
08-06 17:38:27.140 13866 13866 I GoogleInputMethodServic: GoogleInputMethodService.onFinishInput():3138 
08-06 17:38:27.141 13866 13866 I GoogleInputMethodServic: GoogleInputMethodService.onStartInput():1808 
08-06 17:38:27.348  7798  8466 I NAPPA_EXPERIMENTATION: MetricNetworkRequestExecutionTime: REQUEST_DURATION_SYSTEM='266',REQUEST_DURATION_OKHTTP='34',REQUEST_SYNCHRONOUS='TRUE',RESPONSE_CODE='200',RESPONSE_METHOD='GET',RESPONSE_LENGTH_OKHTTP='-1',RESPONSE_LENGTH_HEADER='-2',REQUEST_PROTOCOL='http/1.1',REQUEST_URL='https://uob-timetable-api.adriankeenan.co.uk/courses',
08-06 17:38:27.389  7798  7812 I art     : Starting a blocking GC Explicit
08-06 17:38:27.433  7798  7812 I art     : Explicit concurrent mark sweep GC freed 4675(266KB) AllocSpace objects, 4(220KB) LOS objects, 35% free, 29MB/45MB, paused 466us total 43.189ms
08-06 17:38:27.448  7798  7812 I art     : Starting a blocking GC Explicit
08-06 17:38:27.483  7798  7812 I art     : Explicit concurrent mark sweep GC freed 1049(120KB) AllocSpace objects, 0(0B) LOS objects, 32% free, 32MB/48MB, paused 488us total 35.207ms
08-06 17:38:27.499  7798  7812 I art     : Starting a blocking GC Explicit
08-06 17:38:27.517  7798  7798 D MainActivity: Saving state
08-06 17:38:27.518  7798  7798 D MainActivity: Saving current fragment: SessionListsFragment
08-06 17:38:27.518  7798  7798 D MainActivity: Saving current index: 3
08-06 17:38:27.519  7798  7798 D SessionListsFragment: Saving state
08-06 17:38:27.536  7798  7812 I art     : Explicit concurrent mark sweep GC freed 190(7KB) AllocSpace objects, 0(0B) LOS objects, 30% free, 35MB/51MB, paused 511us total 36.378ms
08-06 17:38:27.550  7798  7812 I art     : Starting a blocking GC Explicit
08-06 17:38:27.588   512  2967 D audio_hw_primary: disable_audio_route: reset and update mixer path: low-latency-playback speaker
08-06 17:38:27.589   512  2967 D audio_hw_primary: disable_snd_device: snd_device(2: speaker)
08-06 17:38:27.589  7798  7812 I art     : Explicit concurrent mark sweep GC freed 1978(11MB) AllocSpace objects, 0(0B) LOS objects, 24% free, 48MB/64MB, paused 482us total 39.068ms
08-06 17:38:27.596   512  2967 I soundtrigger: audio_extn_sound_trigger_update_device_status: device 0x2 of type 0 for Event 0
08-06 17:38:27.603  7798  7812 I art     : Starting a blocking GC Explicit
08-06 17:38:27.638  7798  7812 I art     : Explicit concurrent mark sweep GC freed 40(13KB) AllocSpace objects, 0(0B) LOS objects, 24% free, 48MB/64MB, paused 494us total 34.845ms
08-06 17:38:27.787  7798  8466 I HTTP    : Response was compressed.
08-06 17:38:27.861   918  3188 I hubconnection: sensorhub said: 'set_bias 3: -5.7600, 0.0000, 0.0000'
08-06 17:38:27.943  7798  7828 I art     : Starting a blocking GC Explicit
08-06 17:38:27.986  7798  7828 I art     : Explicit concurrent mark sweep GC freed 39201(1862KB) AllocSpace objects, 0(0B) LOS objects, 27% free, 41MB/57MB, paused 747us total 43.636ms
08-06 17:38:28.003  7798  7828 I art     : Starting a blocking GC Explicit
08-06 17:38:28.045  7798  7828 I art     : Explicit concurrent mark sweep GC freed 27489(1292KB) AllocSpace objects, 0(0B) LOS objects, 27% free, 41MB/57MB, paused 706us total 42.316ms
08-06 17:38:28.061  7798  7828 I art     : Starting a blocking GC Explicit
08-06 17:38:28.105  7798  7828 I art     : Explicit concurrent mark sweep GC freed 28272(1330KB) AllocSpace objects, 0(0B) LOS objects, 27% free, 42MB/58MB, paused 1.026ms total 44.487ms
08-06 17:38:28.120  7798  7828 I art     : Starting a blocking GC Explicit
08-06 17:38:28.166  7798  7828 I art     : Explicit concurrent mark sweep GC freed 28449(1338KB) AllocSpace objects, 0(0B) LOS objects, 27% free, 42MB/58MB, paused 872us total 45.052ms
08-06 17:38:28.181  7798  7828 I art     : Starting a blocking GC Explicit
08-06 17:38:28.227  7798  7828 I art     : Explicit concurrent mark sweep GC freed 29262(1372KB) AllocSpace objects, 0(0B) LOS objects, 27% free, 42MB/58MB, paused 881us total 45.844ms
08-06 17:38:28.340   518   646 I ThermalEngine: ACTION: GPU - Setting GPU[0] to 390000000
08-06 17:38:28.553  7798  7811 I art     : Starting a blocking GC Explicit
08-06 17:38:28.641  7798  7811 I art     : Explicit concurrent mark sweep GC freed 181651(8MB) AllocSpace objects, 1(20KB) LOS objects, 26% free, 44MB/60MB, paused 1.425ms total 87.125ms
08-06 17:38:28.669  7798  7811 I art     : Starting a blocking GC Explicit
08-06 17:38:28.741  7798  7811 I art     : Explicit concurrent mark sweep GC freed 52098(2MB) AllocSpace objects, 0(0B) LOS objects, 26% free, 44MB/60MB, paused 1.852ms total 71.620ms
08-06 17:38:28.768  7798  7811 I art     : Starting a blocking GC Explicit
08-06 17:38:28.842  7798  7811 I art     : Explicit concurrent mark sweep GC freed 46521(2MB) AllocSpace objects, 0(0B) LOS objects, 26% free, 44MB/60MB, paused 1.654ms total 73.996ms
08-06 17:38:28.870  7798  7811 I art     : Starting a blocking GC Explicit
08-06 17:38:28.944  7798  7811 I art     : Explicit concurrent mark sweep GC freed 46399(2MB) AllocSpace objects, 0(0B) LOS objects, 26% free, 45MB/61MB, paused 1.763ms total 73.102ms
08-06 17:38:28.973  7798  7811 I art     : Starting a blocking GC Explicit
08-06 17:38:29.050  7798  7811 I art     : Explicit concurrent mark sweep GC freed 48310(2MB) AllocSpace objects, 0(0B) LOS objects, 26% free, 45MB/61MB, paused 1.638ms total 76.460ms
08-06 17:38:29.393  7798  7828 I art     : Starting a blocking GC Explicit
08-06 17:38:29.502  7798  7828 I art     : Explicit concurrent mark sweep GC freed 200337(9MB) AllocSpace objects, 1(20KB) LOS objects, 25% free, 47MB/63MB, paused 1.600ms total 108.589ms
08-06 17:38:29.536  7798  7828 I art     : Starting a blocking GC Explicit
08-06 17:38:29.629  7798  7828 I art     : Explicit concurrent mark sweep GC freed 64887(2MB) AllocSpace objects, 0(0B) LOS objects, 25% free, 47MB/63MB, paused 1.871ms total 92.655ms
08-06 17:38:29.661  7798  7828 I art     : Starting a blocking GC Explicit
08-06 17:38:29.745  7798  7828 I art     : Explicit concurrent mark sweep GC freed 53929(2MB) AllocSpace objects, 0(0B) LOS objects, 25% free, 47MB/63MB, paused 1.687ms total 83.792ms
08-06 17:38:29.779  7798  7828 I art     : Starting a blocking GC Explicit
08-06 17:38:29.872  7798  7828 I art     : Explicit concurrent mark sweep GC freed 56756(2MB) AllocSpace objects, 0(0B) LOS objects, 24% free, 48MB/64MB, paused 1.928ms total 92.767ms
08-06 17:38:29.907  7798  7828 I art     : Starting a blocking GC Explicit
08-06 17:38:29.999  7798  7828 I art     : Explicit concurrent mark sweep GC freed 56377(2MB) AllocSpace objects, 0(0B) LOS objects, 24% free, 48MB/64MB, paused 2.056ms total 92.277ms
08-06 17:38:30.348  7798  7812 I art     : Starting a blocking GC Explicit
08-06 17:38:30.472  7798  7812 I art     : Explicit concurrent mark sweep GC freed 199098(9MB) AllocSpace objects, 1(20KB) LOS objects, 24% free, 50MB/66MB, paused 1.951ms total 123.308ms
08-06 17:38:30.510  7798  7812 I art     : Starting a blocking GC Explicit
08-06 17:38:30.625  7798  7812 I art     : Explicit concurrent mark sweep GC freed 76759(3MB) AllocSpace objects, 0(0B) LOS objects, 23% free, 50MB/66MB, paused 2.225ms total 114.941ms
08-06 17:38:30.664  7798  7812 I art     : Starting a blocking GC Explicit
08-06 17:38:30.791  7798  7812 I art     : Explicit concurrent mark sweep GC freed 73214(3MB) AllocSpace objects, 0(0B) LOS objects, 23% free, 51MB/67MB, paused 2.423ms total 126.037ms
08-06 17:38:30.791  7798  7810 I art     : WaitForGcToComplete blocked for 83.633ms for cause HeapTrim
08-06 17:38:30.828  7798  7812 I art     : Starting a blocking GC Explicit
08-06 17:38:30.942  7798  7812 I art     : Explicit concurrent mark sweep GC freed 66886(3MB) AllocSpace objects, 0(0B) LOS objects, 23% free, 51MB/67MB, paused 2.215ms total 113.939ms
08-06 17:38:30.979  7798  7812 I art     : Starting a blocking GC Explicit
08-06 17:38:31.080  7798  8466 I Service : getCourses response time: 0.69
08-06 17:38:31.089  7798  7812 I art     : Explicit concurrent mark sweep GC freed 64507(3MB) AllocSpace objects, 0(0B) LOS objects, 23% free, 51MB/67MB, paused 2.372ms total 110.040ms
08-06 17:38:31.090  7798  7798 I SettingsManager: Getting string: savedCourse
08-06 17:38:31.143  2174  2174 I ServiceManager: Waiting for service AtCmdFwd...
08-06 17:38:31.440  7798  7828 I art     : Starting a blocking GC Explicit
08-06 17:38:31.570  7798  7828 I art     : Explicit concurrent mark sweep GC freed 5601(265KB) AllocSpace objects, 2(15MB) LOS objects, 30% free, 37MB/53MB, paused 749us total 130.530ms
08-06 17:38:31.610  7798  7828 I art     : Starting a blocking GC Explicit
08-06 17:38:31.715  7798  7828 I art     : Explicit concurrent mark sweep GC freed 770(67KB) AllocSpace objects, 0(0B) LOS objects, 30% free, 37MB/53MB, paused 827us total 105.099ms
08-06 17:38:31.756  7798  7828 I art     : Starting a blocking GC Explicit
08-06 17:38:31.873  7798  7828 I art     : Explicit concurrent mark sweep GC freed 9(320B) AllocSpace objects, 0(0B) LOS objects, 30% free, 37MB/53MB, paused 653us total 115.980ms
08-06 17:38:31.923  7798  7828 I art     : Starting a blocking GC Explicit
08-06 17:38:32.035  7798  7828 I art     : Explicit concurrent mark sweep GC freed 3(96B) AllocSpace objects, 0(0B) LOS objects, 30% free, 37MB/53MB, paused 647us total 111.276ms
08-06 17:38:32.081  7798  7828 I art     : Starting a blocking GC Explicit
08-06 17:38:32.144  2174  2174 I ServiceManager: Waiting for service AtCmdFwd...
08-06 17:38:32.196  7798  7828 I art     : Explicit concurrent mark sweep GC freed 3(96B) AllocSpace objects, 0(0B) LOS objects, 30% free, 37MB/53MB, paused 655us total 115.074ms
08-06 17:38:32.453  7798  8041 I art     : Starting a blocking GC Explicit
08-06 17:38:32.579  7798  8041 I art     : Explicit concurrent mark sweep GC freed 1294(75KB) AllocSpace objects, 1(20KB) LOS objects, 30% free, 37MB/53MB, paused 642us total 125.843ms
08-06 17:38:32.620  7798  8041 I art     : Starting a blocking GC Explicit
08-06 17:38:32.730  7798  8041 I art     : Explicit concurrent mark sweep GC freed 20(720B) AllocSpace objects, 0(0B) LOS objects, 30% free, 37MB/53MB, paused 1.220ms total 109.232ms
08-06 17:38:32.777  7798  8041 I art     : Starting a blocking GC Explicit
08-06 17:38:32.886  7798  8041 I art     : Explicit concurrent mark sweep GC freed 4(128B) AllocSpace objects, 0(0B) LOS objects, 30% free, 37MB/53MB, paused 574us total 107.972ms
08-06 17:38:32.927  7798  8041 I art     : Starting a blocking GC Explicit
08-06 17:38:33.033  7798  8041 I art     : Explicit concurrent mark sweep GC freed 3(96B) AllocSpace objects, 0(0B) LOS objects, 30% free, 37MB/53MB, paused 585us total 106.034ms
08-06 17:38:33.075  7798  8041 I art     : Starting a blocking GC Explicit
08-06 17:38:33.144  2174  2174 I ServiceManager: Waiting for service AtCmdFwd...
08-06 17:38:33.183  7798  8041 I art     : Explicit concurrent mark sweep GC freed 3(96B) AllocSpace objects, 0(0B) LOS objects, 30% free, 37MB/53MB, paused 674us total 107.640ms
08-06 17:38:33.539  7798  7811 I art     : Starting a blocking GC Explicit
08-06 17:38:33.651  7798  7811 I art     : Explicit concurrent mark sweep GC freed 1293(75KB) AllocSpace objects, 1(20KB) LOS objects, 30% free, 37MB/53MB, paused 746us total 110.944ms
08-06 17:38:33.692  7798  7811 I art     : Starting a blocking GC Explicit
08-06 17:38:33.796  7798  7811 I art     : Explicit concurrent mark sweep GC freed 18(624B) AllocSpace objects, 0(0B) LOS objects, 30% free, 37MB/53MB, paused 716us total 103.439ms
08-06 17:38:33.835  7798  7811 I art     : Starting a blocking GC Explicit
08-06 17:38:33.889  8538  8538 D AndroidRuntime: >>>>>> START com.android.internal.os.RuntimeInit uid 2000 <<<<<<
08-06 17:38:33.895  8538  8538 D AndroidRuntime: CheckJNI is OFF
08-06 17:38:33.938  7798  7811 I art     : Explicit concurrent mark sweep GC freed 3(96B) AllocSpace objects, 0(0B) LOS objects, 30% free, 37MB/53MB, paused 812us total 102.269ms
08-06 17:38:33.950  8538  8538 D ICU     : No timezone override file found: /data/misc/zoneinfo/current/icu/icu_tzdata.dat
08-06 17:38:33.977  7798  7811 I art     : Starting a blocking GC Explicit
08-06 17:38:33.994  8538  8538 I Radio-JNI: register_android_hardware_Radio DONE
08-06 17:38:34.026  8538  8538 D AndroidRuntime: Calling main entry com.android.commands.input.Input
08-06 17:38:34.029  8538  8538 I Input   : injectMotionEvent: MotionEvent { action=ACTION_DOWN, actionButton=0, id[0]=0, x[0]=558.0, y[0]=368.0, toolType[0]=TOOL_TYPE_UNKNOWN, buttonState=0, metaState=0, flags=0x0, edgeFlags=0x0, pointerCount=1, historySize=0, eventTime=898730441, downTime=898730441, deviceId=0, source=0x1002 }
08-06 17:38:34.034  8538  8538 I Input   : injectMotionEvent: MotionEvent { action=ACTION_UP, actionButton=0, id[0]=0, x[0]=558.0, y[0]=368.0, toolType[0]=TOOL_TYPE_UNKNOWN, buttonState=0, metaState=0, flags=0x0, edgeFlags=0x0, pointerCount=1, historySize=0, eventTime=898730441, downTime=898730441, deviceId=0, source=0x1002 }
08-06 17:38:34.035  8538  8538 D AndroidRuntime: Shutting down VM
08-06 17:38:34.086  7798  7811 I art     : Explicit concurrent mark sweep GC freed 178(32KB) AllocSpace objects, 0(0B) LOS objects, 30% free, 37MB/53MB, paused 908us total 108.736ms
08-06 17:38:34.122  7798  7811 I art     : Starting a blocking GC Explicit
08-06 17:38:34.145  2174  2174 I ServiceManager: Waiting for service AtCmdFwd...
08-06 17:38:34.221  7798  7811 I art     : Explicit concurrent mark sweep GC freed 638(56KB) AllocSpace objects, 0(0B) LOS objects, 30% free, 37MB/53MB, paused 874us total 98.670ms
08-06 17:38:34.350   518   646 I ThermalEngine: ACTION: GPU - Setting GPU[0] to 450000000
08-06 17:38:34.549  7798  7828 I art     : Starting a blocking GC Explicit
08-06 17:38:34.626  7798  7828 I art     : Explicit concurrent mark sweep GC freed 1791(100KB) AllocSpace objects, 1(20KB) LOS objects, 30% free, 37MB/53MB, paused 431us total 76.900ms
08-06 17:38:34.650  7798  7828 I art     : Starting a blocking GC Explicit
08-06 17:38:34.717  7798  7828 I art     : Explicit concurrent mark sweep GC freed 45(1616B) AllocSpace objects, 0(0B) LOS objects, 30% free, 37MB/53MB, paused 429us total 66.432ms
08-06 17:38:34.741  7798  7828 I art     : Starting a blocking GC Explicit
08-06 17:38:34.809  7798  7828 I art     : Explicit concurrent mark sweep GC freed 11(416B) AllocSpace objects, 0(0B) LOS objects, 30% free, 37MB/53MB, paused 426us total 67.860ms
08-06 17:38:34.833  7798  7828 I art     : Starting a blocking GC Explicit
08-06 17:38:34.872 24365  8032 I NetworkScheduler.Stats: Task com.google.android.gms/com.google.android.gms.icing.service.IcingGcmTaskService started execution. cause:4 exec_start_elapsed_seconds: 1882118 [CONTEXT service_id=218 ]
08-06 17:38:34.887 24365  3719 I NetworkScheduler.Stats: Task com.google.android.gms/com.google.android.gms.icing.service.IcingGcmTaskService finished executing. cause:4 result: 1 elapsed_millis: 42 uptime_millis: 42 exec_start_elapsed_seconds: 1882118 [CONTEXT service_id=218 ]
08-06 17:38:34.888 24577  8148 I Icing   : Indexing com.google.android.gms-internal.3p:MobileApplication from com.google.android.gms using seqno 763
08-06 17:38:34.897  7798  7828 I art     : Explicit concurrent mark sweep GC freed 3(96B) AllocSpace objects, 0(0B) LOS objects, 30% free, 37MB/53MB, paused 438us total 63.741ms
08-06 17:38:34.918  7798  7828 I art     : Starting a blocking GC Explicit
08-06 17:38:34.941  7541  8572 W Gcs.WfaEliRefreshTask: [29610] afk.b: NULL eligibility response.
08-06 17:38:34.941 24365  3719 I NetworkScheduler.Stats: Task com.google.android.apps.gcs/ started execution. cause:5 exec_start_elapsed_seconds: 1882118 [CONTEXT service_id=218 ]
08-06 17:38:34.944 24365  3719 I NetworkScheduler.Stats: Task com.google.android.apps.gcs/ finished executing. cause:5 result: 3 elapsed_millis: 9 uptime_millis: 8 exec_start_elapsed_seconds: 1882118 [CONTEXT service_id=218 ]
08-06 17:38:34.952 24365  3719 I NetworkScheduler.Stats: Task com.google.android.gms/com.google.android.gms.measurement.PackageMeasurementTaskService started execution. cause:5 exec_start_elapsed_seconds: 1882118 [CONTEXT service_id=218 ]
08-06 17:38:34.979  7798  7828 I art     : Explicit concurrent mark sweep GC freed 3(96B) AllocSpace objects, 0(0B) LOS objects, 30% free, 37MB/53MB, paused 416us total 60.735ms
08-06 17:38:35.146  2174  2174 I ServiceManager: Waiting for service AtCmdFwd...
08-06 17:38:35.243 24365  3807 E NetworkScheduler.ATC: Called cancelTask for already completed task com.google.android.gms/.measurement.PackageMeasurementTaskService{u=0 tag="Measurement.PackageMeasurementTaskService.UPLOAD_TASK_TAG" trigger=window{start=1809s,end=3620s,earliest=-30s,latest=1780s} requirements=[NET_CONNECTED] attributes=[PERSISTED] scheduled=-1839s last_run=0s jid=N/A status=ACTIVE retries=0 client_lib=GMS_TASK_SCHEDULER-202614000} :1 [CONTEXT service_id=218 ]
08-06 17:38:35.245 24365  3807 I NetworkScheduler.Stats: Task com.google.android.gms/com.google.android.gms.measurement.PackageMeasurementTaskService finished executing. cause:5 result: 1 elapsed_millis: 327 uptime_millis: 328 exec_start_elapsed_seconds: 1882118 [CONTEXT service_id=218 ]
08-06 17:38:35.250 24365  3807 E SQLiteDatabase: Error inserting service_kind=0 source=16 tag=Measurement.PackageMeasurementTaskService.UPLOAD_TASK_TAG requires_charging=0 target_package=com.google.android.gms source_version=202614000 required_network_type=0 flex_time=1809000 persistence_level=1 target_class=com.google.android.gms.measurement.PackageMeasurementTaskService runtime=1596728315244 retry_strategy={"maximum_backoff_seconds":{"3600":0},"initial_backoff_seconds":{"30":0},"retry_policy":{"0":0}} preferred_network_type=1 required_idleness_state=0 preferred_charging_state=1 last_runtime=0 period=3620000 task_type=0 job_id=-1 user_id=0
08-06 17:38:35.250 24365  3807 E SQLiteDatabase: android.database.sqlite.SQLiteConstraintException: UNIQUE constraint failed: pending_ops.tag, pending_ops.target_class, pending_ops.target_package, pending_ops.user_id (code 2067)
08-06 17:38:35.250 24365  3807 E SQLiteDatabase: 	at android.database.sqlite.SQLiteConnection.nativeExecuteForLastInsertedRowId(Native Method)
08-06 17:38:35.250 24365  3807 E SQLiteDatabase: 	at android.database.sqlite.SQLiteConnection.executeForLastInsertedRowId(SQLiteConnection.java:780)
08-06 17:38:35.250 24365  3807 E SQLiteDatabase: 	at android.database.sqlite.SQLiteSession.executeForLastInsertedRowId(SQLiteSession.java:788)
08-06 17:38:35.250 24365  3807 E SQLiteDatabase: 	at android.database.sqlite.SQLiteStatement.executeInsert(SQLiteStatement.java:86)
08-06 17:38:35.250 24365  3807 E SQLiteDatabase: 	at android.database.sqlite.SQLiteDatabase.insertWithOnConflict(SQLiteDatabase.java:1471)
08-06 17:38:35.250 24365  3807 E SQLiteDatabase: 	at android.database.sqlite.SQLiteDatabase.insert(SQLiteDatabase.java:1341)
08-06 17:38:35.250 24365  3807 E SQLiteDatabase: 	at aqmx.a(:com.google.android.gms@202614019@20.26.14 (040400-320008519):175)
08-06 17:38:35.250 24365  3807 E SQLiteDatabase: 	at aqlx.a(:com.google.android.gms@202614019@20.26.14 (040400-320008519):180)
08-06 17:38:35.250 24365  3807 E SQLiteDatabase: 	at aqlx.a(:com.google.android.gms@202614019@20.26.14 (040400-320008519):22)
08-06 17:38:35.250 24365  3807 E SQLiteDatabase: 	at aqlx.a(:com.google.android.gms@202614019@20.26.14 (040400-320008519):175)
08-06 17:38:35.250 24365  3807 E SQLiteDatabase: 	at aqih.run(:com.google.android.gms@202614019@20.26.14 (040400-320008519):9)
08-06 17:38:35.250 24365  3807 E SQLiteDatabase: 	at skp.b(:com.google.android.gms@202614019@20.26.14 (040400-320008519):12)
08-06 17:38:35.250 24365  3807 E SQLiteDatabase: 	at skp.run(:com.google.android.gms@202614019@20.26.14 (040400-320008519):8)
08-06 17:38:35.250 24365  3807 E SQLiteDatabase: 	at java.util.concurrent.ThreadPoolExecutor.runWorker(ThreadPoolExecutor.java:1113)
08-06 17:38:35.250 24365  3807 E SQLiteDatabase: 	at java.util.concurrent.ThreadPoolExecutor$Worker.run(ThreadPoolExecutor.java:588)
08-06 17:38:35.250 24365  3807 E SQLiteDatabase: 	at sql.run(:com.google.android.gms@202614019@20.26.14 (040400-320008519):0)
08-06 17:38:35.250 24365  3807 E SQLiteDatabase: 	at java.lang.Thread.run(Thread.java:818)
08-06 17:38:35.309  7798  8041 I art     : Starting a blocking GC Explicit
08-06 17:38:35.385  7798  8041 I art     : Explicit concurrent mark sweep GC freed 1293(75KB) AllocSpace objects, 1(20KB) LOS objects, 30% free, 37MB/53MB, paused 465us total 75.372ms
08-06 17:38:35.408  7798  8041 I art     : Starting a blocking GC Explicit
08-06 17:38:35.479  7798  8041 I art     : Explicit concurrent mark sweep GC freed 18(624B) AllocSpace objects, 0(0B) LOS objects, 30% free, 37MB/53MB, paused 470us total 70.794ms
08-06 17:38:35.503  7798  8041 I art     : Starting a blocking GC Explicit
08-06 17:38:35.574  7798  8041 I art     : Explicit concurrent mark sweep GC freed 3(96B) AllocSpace objects, 0(0B) LOS objects, 30% free, 37MB/53MB, paused 456us total 70.197ms
08-06 17:38:35.597  7798  8041 I art     : Starting a blocking GC Explicit
08-06 17:38:35.669  7798  8041 I art     : Explicit concurrent mark sweep GC freed 3(96B) AllocSpace objects, 0(0B) LOS objects, 30% free, 37MB/53MB, paused 456us total 71.088ms
08-06 17:38:35.692  7798  8041 I art     : Starting a blocking GC Explicit
08-06 17:38:35.767  7798  8041 I art     : Explicit concurrent mark sweep GC freed 6(192B) AllocSpace objects, 0(0B) LOS objects, 30% free, 37MB/53MB, paused 538us total 74.898ms
08-06 17:38:35.827  8586  8586 D AndroidRuntime: >>>>>> START com.android.internal.os.RuntimeInit uid 2000 <<<<<<
08-06 17:38:35.833  8586  8586 D AndroidRuntime: CheckJNI is OFF
08-06 17:38:35.874  8586  8586 D ICU     : No timezone override file found: /data/misc/zoneinfo/current/icu/icu_tzdata.dat
08-06 17:38:35.915  8586  8586 I Radio-JNI: register_android_hardware_Radio DONE
08-06 17:38:35.943  8586  8586 D AndroidRuntime: Calling main entry com.android.commands.input.Input
08-06 17:38:35.945  8586  8586 I Input   : injectMotionEvent: MotionEvent { action=ACTION_DOWN, actionButton=0, id[0]=0, x[0]=945.0, y[0]=1376.0, toolType[0]=TOOL_TYPE_UNKNOWN, buttonState=0, metaState=0, flags=0x0, edgeFlags=0x0, pointerCount=1, historySize=0, eventTime=898732357, downTime=898732357, deviceId=0, source=0x1002 }
08-06 17:38:35.952  8586  8586 I Input   : injectMotionEvent: MotionEvent { action=ACTION_UP, actionButton=0, id[0]=0, x[0]=945.0, y[0]=1376.0, toolType[0]=TOOL_TYPE_UNKNOWN, buttonState=0, metaState=0, flags=0x0, edgeFlags=0x0, pointerCount=1, historySize=0, eventTime=898732357, downTime=898732357, deviceId=0, source=0x1002 }
08-06 17:38:35.953  8586  8586 D AndroidRuntime: Shutting down VM
08-06 17:38:36.020   512  2967 D audio_hw_primary: out_set_parameters: enter: usecase(1: low-latency-playback) kvpairs: routing=2
08-06 17:38:36.027 13866 13866 I GoogleInputMethodServic: GoogleInputMethodService.onFinishInput():3138 
08-06 17:38:36.027 13866 13866 I GoogleInputMethodServic: GoogleInputMethodService.onStartInput():1808 
08-06 17:38:36.033   512  2967 D audio_hw_primary: select_devices: out_snd_device(2: speaker) in_snd_device(0: none)
08-06 17:38:36.033   512  2967 D msm8974_platform: platform_send_audio_calibration: sending audio calibration for snd_device(2) acdb_id(15)
08-06 17:38:36.034   512  2967 I soundtrigger: audio_extn_sound_trigger_update_device_status: device 0x2 of type 0 for Event 1
08-06 17:38:36.043 13866 13866 I GoogleInputMethodServic: GoogleInputMethodService.onFinishInput():3138 
08-06 17:38:36.043 13866 13866 I GoogleInputMethodServic: GoogleInputMethodService.onStartInput():1808 
08-06 17:38:36.045   512  2967 D audio_hw_primary: enable_snd_device: snd_device(2: speaker)
08-06 17:38:36.048   512  2967 D audio_hw_primary: enable_audio_route: apply and update mixer path: low-latency-playback speaker
08-06 17:38:36.093  7798  7828 I art     : Starting a blocking GC Explicit
08-06 17:38:36.146  2174  2174 W Atfwd_Sendcmd: AtCmdFwd service not published, waiting... retryCnt : 2
08-06 17:38:36.167  7798  7828 I art     : Explicit concurrent mark sweep GC freed 2225(130KB) AllocSpace objects, 1(20KB) LOS objects, 30% free, 37MB/53MB, paused 522us total 73.097ms
08-06 17:38:36.189  7798  7828 I art     : Starting a blocking GC Explicit
08-06 17:38:36.253  7798  7828 I art     : Explicit concurrent mark sweep GC freed 775(65KB) AllocSpace objects, 0(0B) LOS objects, 30% free, 37MB/53MB, paused 470us total 64.246ms
08-06 17:38:36.275  7798  7828 I art     : Starting a blocking GC Explicit
08-06 17:38:36.340  7798  7828 I art     : Explicit concurrent mark sweep GC freed 5(192B) AllocSpace objects, 0(0B) LOS objects, 30% free, 37MB/53MB, paused 430us total 64.369ms
08-06 17:38:36.355   518   646 I ThermalEngine: ACTION: GPU - Setting GPU[0] to 390000000
08-06 17:38:36.365  7798  7814 D OpenGLRenderer: endAllStagingAnimators on 0x7f94af7400 (ListPopupWindow$DropDownListView) with handle 0x7f79eda7a0
08-06 17:38:36.377  7798  7828 I art     : Starting a blocking GC Explicit
08-06 17:38:36.477  7798  7828 I art     : Explicit concurrent mark sweep GC freed 123(5KB) AllocSpace objects, 0(0B) LOS objects, 30% free, 37MB/53MB, paused 960us total 98.782ms
08-06 17:38:36.517  7798  7828 I art     : Starting a blocking GC Explicit
08-06 17:38:36.598   512  2967 D audio_hw_primary: disable_audio_route: reset and update mixer path: low-latency-playback speaker
08-06 17:38:36.599   512  2967 D audio_hw_primary: disable_snd_device: snd_device(2: speaker)
08-06 17:38:36.606   512  2967 I soundtrigger: audio_extn_sound_trigger_update_device_status: device 0x2 of type 0 for Event 0
08-06 17:38:36.623  7798  7828 I art     : Explicit concurrent mark sweep GC freed 555(38KB) AllocSpace objects, 0(0B) LOS objects, 30% free, 37MB/53MB, paused 648us total 105.757ms
08-06 17:38:36.977  7798  7811 I art     : Starting a blocking GC Explicit
08-06 17:38:37.111  7798  7811 I art     : Explicit concurrent mark sweep GC freed 1293(75KB) AllocSpace objects, 1(20KB) LOS objects, 30% free, 37MB/53MB, paused 712us total 133.457ms
08-06 17:38:37.154  7798  7811 I art     : Starting a blocking GC Explicit
08-06 17:38:37.259  7798  7811 I art     : Explicit concurrent mark sweep GC freed 32(1072B) AllocSpace objects, 0(0B) LOS objects, 30% free, 37MB/53MB, paused 819us total 104.789ms
08-06 17:38:37.299  7798  7811 I art     : Starting a blocking GC Explicit
08-06 17:38:37.404  7798  7811 I art     : Explicit concurrent mark sweep GC freed 3(96B) AllocSpace objects, 0(0B) LOS objects, 30% free, 37MB/53MB, paused 578us total 104.037ms
08-06 17:38:37.443  7798  7811 I art     : Starting a blocking GC Explicit
08-06 17:38:37.549  7798  7811 I art     : Explicit concurrent mark sweep GC freed 3(96B) AllocSpace objects, 0(0B) LOS objects, 30% free, 37MB/53MB, paused 727us total 105.486ms
08-06 17:38:37.588  7798  7811 I art     : Starting a blocking GC Explicit
08-06 17:38:37.695  7798  7811 I art     : Explicit concurrent mark sweep GC freed 3(96B) AllocSpace objects, 0(0B) LOS objects, 30% free, 37MB/53MB, paused 676us total 105.982ms
08-06 17:38:37.817  8619  8619 D AndroidRuntime: >>>>>> START com.android.internal.os.RuntimeInit uid 2000 <<<<<<
08-06 17:38:37.826  8619  8619 D AndroidRuntime: CheckJNI is OFF
08-06 17:38:37.884  8619  8619 D ICU     : No timezone override file found: /data/misc/zoneinfo/current/icu/icu_tzdata.dat
08-06 17:38:37.930  8619  8619 I Radio-JNI: register_android_hardware_Radio DONE
08-06 17:38:37.969  8619  8619 D AndroidRuntime: Calling main entry com.android.commands.input.Input
08-06 17:38:37.972  8619  8619 I Input   : injectMotionEvent: MotionEvent { action=ACTION_DOWN, actionButton=0, id[0]=0, x[0]=481.0, y[0]=544.0, toolType[0]=TOOL_TYPE_UNKNOWN, buttonState=0, metaState=0, flags=0x0, edgeFlags=0x0, pointerCount=1, historySize=0, eventTime=898734384, downTime=898734384, deviceId=0, source=0x1002 }
08-06 17:38:37.976  8619  8619 I Input   : injectMotionEvent: MotionEvent { action=ACTION_UP, actionButton=0, id[0]=0, x[0]=481.0, y[0]=544.0, toolType[0]=TOOL_TYPE_UNKNOWN, buttonState=0, metaState=0, flags=0x0, edgeFlags=0x0, pointerCount=1, historySize=0, eventTime=898734384, downTime=898734384, deviceId=0, source=0x1002 }
08-06 17:38:37.978  8619  8619 D AndroidRuntime: Shutting down VM
08-06 17:38:38.055  7798  7811 I art     : Starting a blocking GC Explicit
08-06 17:38:38.162  7798  7811 I art     : Explicit concurrent mark sweep GC freed 2019(107KB) AllocSpace objects, 1(20KB) LOS objects, 30% free, 37MB/53MB, paused 1.180ms total 106.573ms
08-06 17:38:38.204  7798  7811 I art     : Starting a blocking GC Explicit
08-06 17:38:38.302  7798  7811 I art     : Explicit concurrent mark sweep GC freed 113(5KB) AllocSpace objects, 0(0B) LOS objects, 30% free, 37MB/53MB, paused 760us total 97.474ms
08-06 17:38:38.343  7798  7811 I art     : Starting a blocking GC Explicit
08-06 17:38:38.449  7798  7811 I art     : Explicit concurrent mark sweep GC freed 313(13KB) AllocSpace objects, 0(0B) LOS objects, 30% free, 37MB/53MB, paused 944us total 104.697ms
08-06 17:38:38.489  7798  7811 I art     : Starting a blocking GC Explicit
08-06 17:38:38.596  7798  7811 I art     : Explicit concurrent mark sweep GC freed 28(1200B) AllocSpace objects, 0(0B) LOS objects, 30% free, 37MB/53MB, paused 1.094ms total 105.868ms
08-06 17:38:38.636  7798  7811 I art     : Starting a blocking GC Explicit
08-06 17:38:38.740  7798  7811 I art     : Explicit concurrent mark sweep GC freed 19(640B) AllocSpace objects, 0(0B) LOS objects, 30% free, 37MB/53MB, paused 810us total 103.835ms
08-06 17:38:39.110  7798  7812 I art     : Starting a blocking GC Explicit
08-06 17:38:39.250  7798  7812 I art     : Explicit concurrent mark sweep GC freed 1296(75KB) AllocSpace objects, 1(20KB) LOS objects, 30% free, 37MB/53MB, paused 773us total 139.074ms
08-06 17:38:39.288  7798  7812 I art     : Starting a blocking GC Explicit
08-06 17:38:39.392  7798  7812 I art     : Explicit concurrent mark sweep GC freed 18(624B) AllocSpace objects, 0(0B) LOS objects, 30% free, 37MB/53MB, paused 682us total 103.938ms
08-06 17:38:39.432  7798  7812 I art     : Starting a blocking GC Explicit
08-06 17:38:39.537  7798  7812 I art     : Explicit concurrent mark sweep GC freed 3(96B) AllocSpace objects, 0(0B) LOS objects, 30% free, 37MB/53MB, paused 699us total 104.214ms
08-06 17:38:39.576  7798  7812 I art     : Starting a blocking GC Explicit
08-06 17:38:39.686  7798  7812 I art     : Explicit concurrent mark sweep GC freed 6(192B) AllocSpace objects, 0(0B) LOS objects, 30% free, 37MB/53MB, paused 1.078ms total 108.997ms
08-06 17:38:39.731  7798  7812 I art     : Starting a blocking GC Explicit
08-06 17:38:39.842  7798  7812 I art     : Explicit concurrent mark sweep GC freed 21(672B) AllocSpace objects, 0(0B) LOS objects, 30% free, 37MB/53MB, paused 664us total 109.666ms
08-06 17:38:39.857  8652  8652 D AndroidRuntime: >>>>>> START com.android.internal.os.RuntimeInit uid 2000 <<<<<<
08-06 17:38:39.863  8652  8652 D AndroidRuntime: CheckJNI is OFF
08-06 17:38:39.927  8652  8652 D ICU     : No timezone override file found: /data/misc/zoneinfo/current/icu/icu_tzdata.dat
08-06 17:38:39.976  8652  8652 I Radio-JNI: register_android_hardware_Radio DONE
08-06 17:38:40.009  8652  8652 D AndroidRuntime: Calling main entry com.android.commands.input.Input
08-06 17:38:40.012  8652  8652 I Input   : injectMotionEvent: MotionEvent { action=ACTION_DOWN, actionButton=0, id[0]=0, x[0]=310.0, y[0]=906.0, toolType[0]=TOOL_TYPE_UNKNOWN, buttonState=0, metaState=0, flags=0x0, edgeFlags=0x0, pointerCount=1, historySize=0, eventTime=898736424, downTime=898736424, deviceId=0, source=0x1002 }
08-06 17:38:40.017  8652  8652 I Input   : injectMotionEvent: MotionEvent { action=ACTION_UP, actionButton=0, id[0]=0, x[0]=310.0, y[0]=906.0, toolType[0]=TOOL_TYPE_UNKNOWN, buttonState=0, metaState=0, flags=0x0, edgeFlags=0x0, pointerCount=1, historySize=0, eventTime=898736424, downTime=898736424, deviceId=0, source=0x1002 }
08-06 17:38:40.019  8652  8652 D AndroidRuntime: Shutting down VM
08-06 17:38:40.087   512  2967 D audio_hw_primary: out_set_parameters: enter: usecase(1: low-latency-playback) kvpairs: routing=2
08-06 17:38:40.096  7798  7811 I art     : Starting a blocking GC Explicit
08-06 17:38:40.099 13866 13866 I GoogleInputMethodServic: GoogleInputMethodService.onFinishInput():3138 
08-06 17:38:40.101 13866 13866 I GoogleInputMethodServic: GoogleInputMethodService.onStartInput():1808 
08-06 17:38:40.101   512  2967 D audio_hw_primary: select_devices: out_snd_device(2: speaker) in_snd_device(0: none)
08-06 17:38:40.101   512  2967 D msm8974_platform: platform_send_audio_calibration: sending audio calibration for snd_device(2) acdb_id(15)
08-06 17:38:40.102   512  2967 I soundtrigger: audio_extn_sound_trigger_update_device_status: device 0x2 of type 0 for Event 1
08-06 17:38:40.119   512  2967 D audio_hw_primary: enable_snd_device: snd_device(2: speaker)
08-06 17:38:40.122   512  2967 D audio_hw_primary: enable_audio_route: apply and update mixer path: low-latency-playback speaker
08-06 17:38:40.123 13866 13866 I GoogleInputMethodServic: GoogleInputMethodService.onFinishInput():3138 
08-06 17:38:40.124 13866 13866 I GoogleInputMethodServic: GoogleInputMethodService.onStartInput():1808 
08-06 17:38:40.215  7798  7811 I art     : Explicit concurrent mark sweep GC freed 2043(112KB) AllocSpace objects, 1(20KB) LOS objects, 30% free, 37MB/53MB, paused 1.157ms total 119.278ms
08-06 17:38:40.252  7798  7811 I art     : Starting a blocking GC Explicit
08-06 17:38:40.351  7798  7811 I art     : Explicit concurrent mark sweep GC freed 292(11KB) AllocSpace objects, 0(0B) LOS objects, 30% free, 37MB/53MB, paused 872us total 99.041ms
08-06 17:38:40.396  7798  7811 I art     : Starting a blocking GC Explicit
08-06 17:38:40.430  7798  7814 D OpenGLRenderer: endAllStagingAnimators on 0x7f995fe400 (ListPopupWindow$DropDownListView) with handle 0x7f78cb0440
08-06 17:38:40.513  7798  7811 I art     : Explicit concurrent mark sweep GC freed 768(65KB) AllocSpace objects, 0(0B) LOS objects, 30% free, 37MB/53MB, paused 715us total 115.836ms
08-06 17:38:40.554  7798  7811 I art     : Starting a blocking GC Explicit
08-06 17:38:40.661  7798  7811 I art     : Explicit concurrent mark sweep GC freed 33(1424B) AllocSpace objects, 0(0B) LOS objects, 30% free, 37MB/53MB, paused 824us total 106.218ms
08-06 17:38:40.679   512  2967 D audio_hw_primary: disable_audio_route: reset and update mixer path: low-latency-playback speaker
08-06 17:38:40.680   512  2967 D audio_hw_primary: disable_snd_device: snd_device(2: speaker)
08-06 17:38:40.688   512  2967 I soundtrigger: audio_extn_sound_trigger_update_device_status: device 0x2 of type 0 for Event 0
08-06 17:38:40.701  7798  7811 I art     : Starting a blocking GC Explicit
08-06 17:38:40.808  7798  7811 I art     : Explicit concurrent mark sweep GC freed 476(31KB) AllocSpace objects, 0(0B) LOS objects, 30% free, 37MB/53MB, paused 745us total 106.902ms
08-06 17:38:41.168  7798  7828 I art     : Starting a blocking GC Explicit
08-06 17:38:41.296  7798  7828 I art     : Explicit concurrent mark sweep GC freed 1293(75KB) AllocSpace objects, 1(20KB) LOS objects, 30% free, 37MB/53MB, paused 708us total 126.975ms
08-06 17:38:41.334  7798  7828 I art     : Starting a blocking GC Explicit
08-06 17:38:41.437  7798  7828 I art     : Explicit concurrent mark sweep GC freed 18(624B) AllocSpace objects, 0(0B) LOS objects, 30% free, 37MB/53MB, paused 681us total 101.885ms
08-06 17:38:41.475  7798  7828 I art     : Starting a blocking GC Explicit
08-06 17:38:41.579  7798  7828 I art     : Explicit concurrent mark sweep GC freed 3(96B) AllocSpace objects, 0(0B) LOS objects, 30% free, 37MB/53MB, paused 736us total 103.661ms
08-06 17:38:41.619  7798  7828 I art     : Starting a blocking GC Explicit
08-06 17:38:41.724  7798  7828 I art     : Explicit concurrent mark sweep GC freed 3(96B) AllocSpace objects, 0(0B) LOS objects, 30% free, 37MB/53MB, paused 682us total 104.068ms
08-06 17:38:41.763  7798  7828 I art     : Starting a blocking GC Explicit
08-06 17:38:41.866  7798  7828 I art     : Explicit concurrent mark sweep GC freed 3(96B) AllocSpace objects, 0(0B) LOS objects, 30% free, 37MB/53MB, paused 840us total 102.185ms
08-06 17:38:41.887  8686  8686 D AndroidRuntime: >>>>>> START com.android.internal.os.RuntimeInit uid 2000 <<<<<<
08-06 17:38:41.893  8686  8686 D AndroidRuntime: CheckJNI is OFF
08-06 17:38:41.942  8686  8686 D ICU     : No timezone override file found: /data/misc/zoneinfo/current/icu/icu_tzdata.dat
08-06 17:38:41.986  8686  8686 I Radio-JNI: register_android_hardware_Radio DONE
08-06 17:38:42.019  8686  8686 D AndroidRuntime: Calling main entry com.android.commands.input.Input
08-06 17:38:42.022  8686  8686 I Input   : injectMotionEvent: MotionEvent { action=ACTION_DOWN, actionButton=0, id[0]=0, x[0]=648.0, y[0]=709.0, toolType[0]=TOOL_TYPE_UNKNOWN, buttonState=0, metaState=0, flags=0x0, edgeFlags=0x0, pointerCount=1, historySize=0, eventTime=898738434, downTime=898738434, deviceId=0, source=0x1002 }
08-06 17:38:42.027  8686  8686 I Input   : injectMotionEvent: MotionEvent { action=ACTION_UP, actionButton=0, id[0]=0, x[0]=648.0, y[0]=709.0, toolType[0]=TOOL_TYPE_UNKNOWN, buttonState=0, metaState=0, flags=0x0, edgeFlags=0x0, pointerCount=1, historySize=0, eventTime=898738434, downTime=898738434, deviceId=0, source=0x1002 }
08-06 17:38:42.030  8686  8686 D AndroidRuntime: Shutting down VM
08-06 17:38:42.097   512  2967 D audio_hw_primary: out_set_parameters: enter: usecase(1: low-latency-playback) kvpairs: routing=2
08-06 17:38:42.111   512  2967 D audio_hw_primary: select_devices: out_snd_device(2: speaker) in_snd_device(0: none)
08-06 17:38:42.111   512  2967 D msm8974_platform: platform_send_audio_calibration: sending audio calibration for snd_device(2) acdb_id(15)
08-06 17:38:42.111   512  2967 I soundtrigger: audio_extn_sound_trigger_update_device_status: device 0x2 of type 0 for Event 1
08-06 17:38:42.122   512  2967 D audio_hw_primary: enable_snd_device: snd_device(2: speaker)
08-06 17:38:42.124   512  2967 D audio_hw_primary: enable_audio_route: apply and update mixer path: low-latency-playback speaker
08-06 17:38:42.238  7798  8041 I art     : Starting a blocking GC Explicit
08-06 17:38:42.384  7798  8041 I art     : Explicit concurrent mark sweep GC freed 2059(133KB) AllocSpace objects, 2(40KB) LOS objects, 30% free, 37MB/53MB, paused 1.129ms total 146.470ms
08-06 17:38:42.433  7798  8041 I art     : Starting a blocking GC Explicit
08-06 17:38:42.560  7798  8041 I art     : Explicit concurrent mark sweep GC freed 151(6KB) AllocSpace objects, 0(0B) LOS objects, 30% free, 37MB/53MB, paused 813us total 127.205ms
08-06 17:38:42.610  7798  8041 I art     : Starting a blocking GC Explicit
08-06 17:38:42.679   512  2967 D audio_hw_primary: disable_audio_route: reset and update mixer path: low-latency-playback speaker
08-06 17:38:42.680   512  2967 D audio_hw_primary: disable_snd_device: snd_device(2: speaker)
08-06 17:38:42.689   918  3188 I hubconnection: sensorhub said: 'set_bias 3: -6.2400, 0.0000, 0.0000'
08-06 17:38:42.690   512  2967 I soundtrigger: audio_extn_sound_trigger_update_device_status: device 0x2 of type 0 for Event 0
08-06 17:38:42.734  7798  8041 I art     : Explicit concurrent mark sweep GC freed 9(288B) AllocSpace objects, 0(0B) LOS objects, 30% free, 37MB/53MB, paused 1.092ms total 124.032ms
08-06 17:38:42.780  7798  8041 I art     : Starting a blocking GC Explicit
08-06 17:38:42.902  7798  8041 I art     : Explicit concurrent mark sweep GC freed 5(160B) AllocSpace objects, 0(0B) LOS objects, 30% free, 37MB/53MB, paused 733us total 121.156ms
08-06 17:38:42.949  7798  8041 I art     : Starting a blocking GC Explicit
08-06 17:38:43.050  7798  8041 I art     : Explicit concurrent mark sweep GC freed 3(96B) AllocSpace objects, 0(0B) LOS objects, 30% free, 37MB/53MB, paused 922us total 100.502ms
08-06 17:38:43.305  7798  7828 I art     : Starting a blocking GC Explicit
08-06 17:38:43.411  7798  7828 I art     : Explicit concurrent mark sweep GC freed 1295(75KB) AllocSpace objects, 1(20KB) LOS objects, 30% free, 37MB/53MB, paused 678us total 105.062ms
08-06 17:38:43.451  7798  7828 I art     : Starting a blocking GC Explicit
08-06 17:38:43.556  7798  7828 I art     : Explicit concurrent mark sweep GC freed 18(624B) AllocSpace objects, 0(0B) LOS objects, 30% free, 37MB/53MB, paused 737us total 104.730ms
08-06 17:38:43.596  7798  7828 I art     : Starting a blocking GC Explicit
08-06 17:38:43.702  7798  7828 I art     : Explicit concurrent mark sweep GC freed 3(96B) AllocSpace objects, 0(0B) LOS objects, 30% free, 37MB/53MB, paused 612us total 105.922ms
08-06 17:38:43.743  7798  7828 I art     : Starting a blocking GC Explicit
08-06 17:38:43.886  7798  7828 I art     : Explicit concurrent mark sweep GC freed 19(608B) AllocSpace objects, 0(0B) LOS objects, 30% free, 37MB/53MB, paused 1.544ms total 142.241ms
08-06 17:38:43.934  7798  7828 I art     : Starting a blocking GC Explicit
08-06 17:38:43.951  8719  8719 D AndroidRuntime: >>>>>> START com.android.internal.os.RuntimeInit uid 2000 <<<<<<
08-06 17:38:43.958  8719  8719 D AndroidRuntime: CheckJNI is OFF
08-06 17:38:44.030  8719  8719 D ICU     : No timezone override file found: /data/misc/zoneinfo/current/icu/icu_tzdata.dat
08-06 17:38:44.051  7798  7828 I art     : Explicit concurrent mark sweep GC freed 16(512B) AllocSpace objects, 0(0B) LOS objects, 30% free, 37MB/53MB, paused 778us total 116.788ms
08-06 17:38:44.075  8719  8719 I Radio-JNI: register_android_hardware_Radio DONE
08-06 17:38:44.107  8719  8719 D AndroidRuntime: Calling main entry com.android.commands.input.Input
08-06 17:38:44.109  8719  8719 I Input   : injectMotionEvent: MotionEvent { action=ACTION_DOWN, actionButton=0, id[0]=0, x[0]=1197.0, y[0]=1456.0, toolType[0]=TOOL_TYPE_UNKNOWN, buttonState=0, metaState=0, flags=0x0, edgeFlags=0x0, pointerCount=1, historySize=0, eventTime=898740522, downTime=898740522, deviceId=0, source=0x1002 }
08-06 17:38:44.114  8719  8719 I Input   : injectMotionEvent: MotionEvent { action=ACTION_UP, actionButton=0, id[0]=0, x[0]=1197.0, y[0]=1456.0, toolType[0]=TOOL_TYPE_UNKNOWN, buttonState=0, metaState=0, flags=0x0, edgeFlags=0x0, pointerCount=1, historySize=0, eventTime=898740522, downTime=898740522, deviceId=0, source=0x1002 }
08-06 17:38:44.119   512  2967 D audio_hw_primary: out_set_parameters: enter: usecase(1: low-latency-playback) kvpairs: routing=2
08-06 17:38:44.120  8719  8719 D AndroidRuntime: Shutting down VM
08-06 17:38:44.133   512  2967 D audio_hw_primary: select_devices: out_snd_device(2: speaker) in_snd_device(0: none)
08-06 17:38:44.133   512  2967 D msm8974_platform: platform_send_audio_calibration: sending audio calibration for snd_device(2) acdb_id(15)
08-06 17:38:44.133   512  2967 I soundtrigger: audio_extn_sound_trigger_update_device_status: device 0x2 of type 0 for Event 1
08-06 17:38:44.147  7798  7798 I SettingsManager: Setting string: savedCourse
08-06 17:38:44.150   512  2967 D audio_hw_primary: enable_snd_device: snd_device(2: speaker)
08-06 17:38:44.152   512  2967 D audio_hw_primary: enable_audio_route: apply and update mixer path: low-latency-playback speaker
08-06 17:38:44.157   918  3359 W BackupManagerService: dataChanged but no participant pkg='baseline.com.ak.uobtimetable' uid=10710
08-06 17:38:44.159   918  3670 I ActivityManager: START u0 {flg=0x4000000 cmp=baseline.com.ak.uobtimetable/.MainActivity (has extras)} from uid 10710 on display 0
08-06 17:38:44.175   918  3696 W InputMethodManagerService: Focus gain on non-focused client com.android.internal.view.IInputMethodClient$Stub$Proxy@49c24db (uid=10710 pid=7798)
08-06 17:38:44.198  7798  7798 D MainActivity: OnDestroy
08-06 17:38:44.247  7798  7798 D MainActivity: onCreate
08-06 17:38:44.247  7798  7798 I SettingsManager: Getting string: savedSessions
08-06 17:38:44.247  7798  7798 I SettingsManager: Getting string: savedSessions
08-06 17:38:44.262  7798  7798 I SettingsManager: Getting string: savedSessionsCourseName
08-06 17:38:44.262  7798  7798 I SettingsManager: Getting string: savedSessionsCourseName
08-06 17:38:44.262  7798  7798 I SettingsManager: Getting string: savedSessionsDateRange
08-06 17:38:44.262  7798  7798 I SettingsManager: Getting string: savedSessionsDateRange
08-06 17:38:44.262  7798  7798 I Settings: 10 saved sessions - Bedfordshire International and EU Foundation Year - Int Foun - Ltn - Y0 Feb FT - Weeks: 24-38 (8 Jun 2020-20 Sep 2020)
08-06 17:38:44.305  7798  7798 I SettingsManager: Getting string: savedCourse
08-06 17:38:44.306  7798  7798 D MainActivity: sessionListFragmentArg: updateSessions
08-06 17:38:44.306  7798  7798 D MainActivity: showTermDatesConfigChange: false
08-06 17:38:44.307  7798  7798 D MainActivity: showTermDatesShortcut: false
08-06 17:38:44.308  7798  7798 D MainActivity: Setting initial fragment: SessionListsFragment
08-06 17:38:44.309  7798  7798 I SettingsManager: Getting int: launchCount
08-06 17:38:44.310  7798  7798 D SessionListsFragment: onCreateView
08-06 17:38:44.316  7798  7798 I SettingsManager: Getting string: savedCourse
08-06 17:38:44.325  7798  7798 I SettingsManager: Getting string: savedSessions
08-06 17:38:44.339  7798  7798 D SessionListsFragment: loadArgument: updateSessions
08-06 17:38:44.340  7798  7798 D SessionListsFragment: initialIndex: -1
08-06 17:38:44.360  7798  8742 D HTTP    : Request for: https://uob-timetable-api.adriankeenan.co.uk/sessions?dept=CM010&course=BSAIFAAF%2F02AA%2F0%2FFT&level=Foundation+Year
08-06 17:38:44.375  7798  7798 D TermDatesFragment: WebView loaded
08-06 17:38:44.376  7798  7798 D MainActivity: OnResume
08-06 17:38:44.385  7798  7798 I TermDatesFragment: Webview load %: 10
08-06 17:38:44.445   918   927 I art     : Background partial concurrent mark sweep GC freed 74862(8MB) AllocSpace objects, 147(2MB) LOS objects, 18% free, 69MB/85MB, paused 3.576ms total 325.338ms
08-06 17:38:44.483  7798  7811 I art     : Starting a blocking GC Explicit
08-06 17:38:44.512   918   936 I ActivityManager: Displayed baseline.com.ak.uobtimetable/.MainActivity: +334ms
08-06 17:38:44.512 13866 13866 I GoogleInputMethodServic: GoogleInputMethodService.onFinishInput():3138 
08-06 17:38:44.513 13866 13866 I GoogleInputMethodServic: GoogleInputMethodService.onStartInput():1808 
08-06 17:38:44.583  7798  8742 I NAPPA_EXPERIMENTATION: MetricNetworkRequestExecutionTime: REQUEST_DURATION_SYSTEM='221',REQUEST_DURATION_OKHTTP='31',REQUEST_SYNCHRONOUS='TRUE',RESPONSE_CODE='200',RESPONSE_METHOD='GET',RESPONSE_LENGTH_OKHTTP='-1',RESPONSE_LENGTH_HEADER='1214',REQUEST_PROTOCOL='http/1.1',REQUEST_URL='https://uob-timetable-api.adriankeenan.co.uk/sessions?dept=CM010&course=BSAIFAAF%2F02AA%2F0%2FFT&level=Foundation+Year',
08-06 17:38:44.589   918  3261 D WifiStateMachine: starting scan for "H369AA63323"WPA_PSK with 2412,5180
08-06 17:38:44.594  7798  7798 I TermDatesFragment: Webview load %: 70
08-06 17:38:44.596  7798  7811 I art     : Explicit concurrent mark sweep GC freed 24427(1193KB) AllocSpace objects, 7(1580KB) LOS objects, 29% free, 37MB/53MB, paused 993us total 112.862ms
08-06 17:38:44.609  7798  7798 I TermDatesFragment: Webview load %: 100
08-06 17:38:44.609  7798  7798 I TermDatesFragment: Webview load %: 100
08-06 17:38:44.637  7798  7811 I art     : Starting a blocking GC Explicit
08-06 17:38:44.644  7798  8742 I HTTP    : Response was compressed.
08-06 17:38:44.665  7798  8742 I Service : getSessions response time: 1.10
08-06 17:38:44.666  7798  7798 I SettingsManager: Getting string: savedSessions
08-06 17:38:44.667  7798  7798 I SettingsManager: Getting string: savedSessions
08-06 17:38:44.678  7798  7798 I Service : Sessions updated: 10
08-06 17:38:44.678  7798  7798 I Service : Sessions removed from new list: 0
08-06 17:38:44.691  7798  7798 I SettingsManager: Setting string: savedSessions
08-06 17:38:44.698   918  3359 W BackupManagerService: dataChanged but no participant pkg='baseline.com.ak.uobtimetable' uid=10710
08-06 17:38:44.698  7798  7798 I SettingsManager: Setting date: savedSessionsTime
08-06 17:38:44.701   512  2967 D audio_hw_primary: disable_audio_route: reset and update mixer path: low-latency-playback speaker
08-06 17:38:44.702   512  2967 D audio_hw_primary: disable_snd_device: snd_device(2: speaker)
08-06 17:38:44.707   918   928 W BackupManagerService: dataChanged but no participant pkg='baseline.com.ak.uobtimetable' uid=10710
08-06 17:38:44.707  7798  7798 I SettingsManager: Setting string: savedSessionsCourseName
08-06 17:38:44.710   512  2967 I soundtrigger: audio_extn_sound_trigger_update_device_status: device 0x2 of type 0 for Event 0
08-06 17:38:44.715   918  3696 W BackupManagerService: dataChanged but no participant pkg='baseline.com.ak.uobtimetable' uid=10710
08-06 17:38:44.715  7798  7798 I SettingsManager: Setting string: savedSessionsDateRange
08-06 17:38:44.716   918  4413 W BackupManagerService: dataChanged but no participant pkg='baseline.com.ak.uobtimetable' uid=10710
08-06 17:38:44.716  7798  7798 I SettingsManager: Setting string: timetableUrl
08-06 17:38:44.717   918  3670 W BackupManagerService: dataChanged but no participant pkg='baseline.com.ak.uobtimetable' uid=10710
08-06 17:38:44.717  7798  7798 I SettingsManager: Getting boolean: notifySessionRemindersEnabled
08-06 17:38:44.717  7798  7798 I SettingsManager: Getting int: notifySessionRemindersMinutes
08-06 17:38:44.717  7798  7798 I SettingsManager: Getting boolean: showHiddenSessions
08-06 17:38:44.721  7798  7798 I SessionReminderNotifier: Created session reminder alarm for f7b4771250a919bd729c1c5a4a459c77 at Mon 08:30:00 10/08/20
08-06 17:38:44.724  7798  7798 I SessionReminderNotifier: Created session reminder alarm for a7f879aabdeb78622c8820a5fb7b64cd at Tue 08:30:00 11/08/20
08-06 17:38:44.729  7798  7811 I art     : Explicit concurrent mark sweep GC freed 55741(2MB) AllocSpace objects, 6(132KB) LOS objects, 30% free, 36MB/52MB, paused 1.134ms total 91.929ms
08-06 17:38:44.729  7798  7798 I SessionReminderNotifier: Created session reminder alarm for 7bc8d7e2c2055711f597c3d9078c6ea3 at Tue 08:30:00 11/08/20
08-06 17:38:44.732  7798  7798 I SessionReminderNotifier: Created session reminder alarm for 53c0527a6f009a1f2fd223834d3bfe51 at Tue 10:30:00 11/08/20
08-06 17:38:44.735  7798  7798 I SessionReminderNotifier: Created session reminder alarm for e0fc978b5db8218778540b4053344581 at Tue 11:00:00 11/08/20
08-06 17:38:44.738  7798  7798 I SessionReminderNotifier: Created session reminder alarm for 199afb0100f329ff65a09e1b0cd9deba at Tue 11:30:00 11/08/20
08-06 17:38:44.742  7798  7798 I SessionReminderNotifier: Created session reminder alarm for 21712fef61090882c855a1425543edb5 at Tue 13:30:00 11/08/20
08-06 17:38:44.745  7798  7798 I SessionReminderNotifier: Created session reminder alarm for 65ca4d97f031f29a4d02bbb45a705d8f at Wed 08:30:00 12/08/20
08-06 17:38:44.749  7798  7798 I SessionReminderNotifier: Created session reminder alarm for eeda7741b0bcab58fd9f46dc6ef1d942 at Wed 08:30:00 12/08/20
08-06 17:38:44.751  7798  7798 I SessionReminderNotifier: Created session reminder alarm for c276c1b2075a0beb67f1b3d1e580f920 at Wed 11:00:00 12/08/20
08-06 17:38:44.753  7798  7798 I SessionReminderNotifier: Created session reminder alarm for 8b1f3627e42ae13a6f6ba0a83903dde1 at Wed 13:30:00 12/08/20
08-06 17:38:44.756  7798  7798 I SessionReminderNotifier: Created session reminder alarm for 79fe0b5c3b887a13ba29db5a33fa2800 at Thu 08:30:00 13/08/20
08-06 17:38:44.758  7798  7798 I SessionReminderNotifier: Created session reminder alarm for cb9dfc8231cdba2be0835dc5709690e1 at Thu 08:30:00 13/08/20
08-06 17:38:44.762  7798  7798 I SessionReminderNotifier: Created session reminder alarm for f850dc24d6de60b7b89fa9e1a8c224c5 at Thu 12:00:00 13/08/20
08-06 17:38:44.762  7798  7811 I art     : Starting a blocking GC Explicit
08-06 17:38:44.765  7798  7798 I SessionReminderNotifier: Created session reminder alarm for 2ba1034116e4fffdd592dbf0796a43d5 at Fri 08:30:00 07/08/20
08-06 17:38:44.765  7798  7798 I SettingsManager: Getting boolean: showHiddenSessions
08-06 17:38:44.765  7798  7798 D SessionListsFragment: 1 sessions for day 0
08-06 17:38:44.766  7798  7798 D SessionListsFragment: 6 sessions for day 1
08-06 17:38:44.766  7798  7798 D SessionListsFragment: 4 sessions for day 2
08-06 17:38:44.766  7798  7798 D SessionListsFragment: 3 sessions for day 3
08-06 17:38:44.766  7798  7798 D SessionListsFragment: 1 sessions for day 4
08-06 17:38:44.828  7798  7798 I SettingsManager: Getting boolean: showHiddenSessions
08-06 17:38:44.829  7798  7798 D SessionListsFragment: Refreshed ViewPager
08-06 17:38:44.829  7798  7798 I SettingsManager: Getting boolean: showHiddenSessions
08-06 17:38:44.829  7798  7798 I SettingsManager: Getting boolean: completedTutorial
08-06 17:38:44.829  7798  7798 I SettingsManager: Getting boolean: showHiddenSessions
08-06 17:38:44.829  7798  7798 I SettingsManager: Getting date: savedSessionsTime
08-06 17:38:44.847  7798  7811 I art     : Explicit concurrent mark sweep GC freed 4484(219KB) AllocSpace objects, 0(0B) LOS objects, 30% free, 36MB/52MB, paused 2.103ms total 84.099ms
08-06 17:38:44.880  7798  7811 I art     : Starting a blocking GC Explicit
08-06 17:38:44.987  7798  7811 I art     : Explicit concurrent mark sweep GC freed 42370(1699KB) AllocSpace objects, 0(0B) LOS objects, 30% free, 36MB/52MB, paused 2.003ms total 106.603ms
08-06 17:38:45.024  7798  7811 I art     : Starting a blocking GC Explicit
08-06 17:38:45.133  7798  7811 I art     : Explicit concurrent mark sweep GC freed 38344(1563KB) AllocSpace objects, 0(0B) LOS objects, 30% free, 36MB/52MB, paused 1.908ms total 108.602ms
08-06 17:38:45.481  7798  7812 I art     : Starting a blocking GC Explicit
08-06 17:38:45.614  7798  7812 I art     : Explicit concurrent mark sweep GC freed 123953(4MB) AllocSpace objects, 1(20KB) LOS objects, 29% free, 37MB/53MB, paused 1.968ms total 132.163ms
08-06 17:38:45.653  7798  7812 I art     : Starting a blocking GC Explicit
08-06 17:38:45.769  7798  7812 I art     : Explicit concurrent mark sweep GC freed 47478(2MB) AllocSpace objects, 0(0B) LOS objects, 29% free, 37MB/53MB, paused 2.017ms total 115.453ms
08-06 17:38:45.806  7798  7812 I art     : Starting a blocking GC Explicit
08-06 17:38:45.857  7798  7798 I Choreographer: Skipped 60 frames!  The application may be doing too much work on its main thread.
08-06 17:38:45.925  7798  7812 I art     : Explicit concurrent mark sweep GC freed 27668(1153KB) AllocSpace objects, 0(0B) LOS objects, 29% free, 37MB/53MB, paused 1.241ms total 118.932ms
08-06 17:38:45.966  7798  7812 I art     : Starting a blocking GC Explicit
08-06 17:38:46.075  7798  7812 I art     : Explicit concurrent mark sweep GC freed 882(69KB) AllocSpace objects, 0(0B) LOS objects, 29% free, 37MB/53MB, paused 952us total 108.382ms
08-06 17:38:46.117  7798  7812 I art     : Starting a blocking GC Explicit
08-06 17:38:46.146  2174  2174 I ServiceManager: Waiting for service AtCmdFwd...
08-06 17:38:46.188  7798  7812 I art     : Explicit concurrent mark sweep GC freed 121951(11MB) AllocSpace objects, 3(136KB) LOS objects, 37% free, 26MB/42MB, paused 922us total 70.798ms
08-06 17:38:46.554  7798  8041 I art     : Starting a blocking GC Explicit
08-06 17:38:46.606  7798  8041 I art     : Explicit concurrent mark sweep GC freed 1445(80KB) AllocSpace objects, 1(20KB) LOS objects, 37% free, 26MB/42MB, paused 1.024ms total 51.979ms
08-06 17:38:46.630  7798  8041 I art     : Starting a blocking GC Explicit
08-06 17:38:46.680  7798  8041 I art     : Explicit concurrent mark sweep GC freed 49(1632B) AllocSpace objects, 0(0B) LOS objects, 37% free, 26MB/42MB, paused 729us total 49.677ms
08-06 17:38:46.703  7798  8041 I art     : Starting a blocking GC Explicit
08-06 17:38:46.753  7798  8041 I art     : Explicit concurrent mark sweep GC freed 5(192B) AllocSpace objects, 0(0B) LOS objects, 37% free, 26MB/42MB, paused 813us total 49.759ms
08-06 17:38:46.776  7798  8041 I art     : Starting a blocking GC Explicit
08-06 17:38:46.828  7798  8041 I art     : Explicit concurrent mark sweep GC freed 3(96B) AllocSpace objects, 0(0B) LOS objects, 37% free, 26MB/42MB, paused 765us total 51.739ms
08-06 17:38:46.852  7798  8041 I art     : Starting a blocking GC Explicit
08-06 17:38:46.903  7798  8041 I art     : Explicit concurrent mark sweep GC freed 3(96B) AllocSpace objects, 0(0B) LOS objects, 37% free, 26MB/42MB, paused 614us total 50.448ms
08-06 17:38:47.147  2174  2174 I ServiceManager: Waiting for service AtCmdFwd...
08-06 17:38:47.249  7798  7828 I art     : Starting a blocking GC Explicit
08-06 17:38:47.315  7798  7828 I art     : Explicit concurrent mark sweep GC freed 1293(75KB) AllocSpace objects, 1(20KB) LOS objects, 37% free, 26MB/42MB, paused 690us total 65.332ms
08-06 17:38:47.345  7798  7828 I art     : Starting a blocking GC Explicit
08-06 17:38:47.401  7798  7828 I art     : Explicit concurrent mark sweep GC freed 18(624B) AllocSpace objects, 0(0B) LOS objects, 37% free, 26MB/42MB, paused 1.108ms total 55.724ms
08-06 17:38:47.428  7798  7828 I art     : Starting a blocking GC Explicit
08-06 17:38:47.481  7798  7828 I art     : Explicit concurrent mark sweep GC freed 3(96B) AllocSpace objects, 0(0B) LOS objects, 37% free, 26MB/42MB, paused 795us total 53.080ms
08-06 17:38:47.505  7798  7828 I art     : Starting a blocking GC Explicit
08-06 17:38:47.558  7798  7828 I art     : Explicit concurrent mark sweep GC freed 3(96B) AllocSpace objects, 0(0B) LOS objects, 37% free, 26MB/42MB, paused 789us total 52.155ms
08-06 17:38:47.582  7798  7828 I art     : Starting a blocking GC Explicit
08-06 17:38:47.634  7798  7828 I art     : Explicit concurrent mark sweep GC freed 3(96B) AllocSpace objects, 0(0B) LOS objects, 37% free, 26MB/42MB, paused 881us total 52.089ms
08-06 17:38:47.994  7798  7811 I art     : Starting a blocking GC Explicit
08-06 17:38:48.057  7798  7811 I art     : Explicit concurrent mark sweep GC freed 1293(75KB) AllocSpace objects, 1(20KB) LOS objects, 37% free, 26MB/42MB, paused 693us total 62.710ms
08-06 17:38:48.087  7798  7811 I art     : Starting a blocking GC Explicit
08-06 17:38:48.138  7798  7811 I art     : Explicit concurrent mark sweep GC freed 18(624B) AllocSpace objects, 0(0B) LOS objects, 37% free, 26MB/42MB, paused 882us total 51.091ms
08-06 17:38:48.148  2174  2174 I ServiceManager: Waiting for service AtCmdFwd...
08-06 17:38:48.162  7798  7811 I art     : Starting a blocking GC Explicit
08-06 17:38:48.213  7798  7811 I art     : Explicit concurrent mark sweep GC freed 3(96B) AllocSpace objects, 0(0B) LOS objects, 37% free, 26MB/42MB, paused 855us total 51.339ms
08-06 17:38:48.238  7798  7811 I art     : Starting a blocking GC Explicit
08-06 17:38:48.289  7798  7811 I art     : Explicit concurrent mark sweep GC freed 3(96B) AllocSpace objects, 0(0B) LOS objects, 37% free, 26MB/42MB, paused 754us total 51.464ms
08-06 17:38:48.313  7798  7811 I art     : Starting a blocking GC Explicit
08-06 17:38:48.364  7798  7811 I art     : Explicit concurrent mark sweep GC freed 3(96B) AllocSpace objects, 0(0B) LOS objects, 37% free, 26MB/42MB, paused 798us total 51.004ms
08-06 17:38:48.700  7798  7812 I art     : Starting a blocking GC Explicit
08-06 17:38:48.750  7798  7812 I art     : Explicit concurrent mark sweep GC freed 1293(75KB) AllocSpace objects, 1(20KB) LOS objects, 37% free, 26MB/42MB, paused 922us total 50.467ms
08-06 17:38:48.774  7798  7812 I art     : Starting a blocking GC Explicit
08-06 17:38:48.823  7798  7812 I art     : Explicit concurrent mark sweep GC freed 18(624B) AllocSpace objects, 0(0B) LOS objects, 37% free, 26MB/42MB, paused 664us total 49.124ms
08-06 17:38:48.847  7798  7812 I art     : Starting a blocking GC Explicit
08-06 17:38:48.898  7798  7812 I art     : Explicit concurrent mark sweep GC freed 13(448B) AllocSpace objects, 0(0B) LOS objects, 37% free, 26MB/42MB, paused 881us total 50.368ms
08-06 17:38:48.924  7798  7812 I art     : Starting a blocking GC Explicit
08-06 17:38:48.985  7798  7812 I art     : Explicit concurrent mark sweep GC freed 6(576B) AllocSpace objects, 0(0B) LOS objects, 37% free, 26MB/42MB, paused 683us total 60.767ms
08-06 17:38:49.011  7798  7812 I art     : Starting a blocking GC Explicit
08-06 17:38:49.025  8786  8786 D AndroidRuntime: >>>>>> START com.android.internal.os.RuntimeInit uid 2000 <<<<<<
08-06 17:38:49.032  8786  8786 D AndroidRuntime: CheckJNI is OFF
08-06 17:38:49.065  7798  7812 I art     : Explicit concurrent mark sweep GC freed 5(128B) AllocSpace objects, 0(0B) LOS objects, 37% free, 26MB/42MB, paused 798us total 53.777ms
08-06 17:38:49.095  8786  8786 D ICU     : No timezone override file found: /data/misc/zoneinfo/current/icu/icu_tzdata.dat
08-06 17:38:49.140  8786  8786 I Radio-JNI: register_android_hardware_Radio DONE
08-06 17:38:49.148  2174  2174 I ServiceManager: Waiting for service AtCmdFwd...
08-06 17:38:49.174  8786  8786 D AndroidRuntime: Calling main entry com.android.commands.input.Input
08-06 17:38:49.176  8786  8786 I Input   : injectMotionEvent: MotionEvent { action=ACTION_DOWN, actionButton=0, id[0]=0, x[0]=81.0, y[0]=176.0, toolType[0]=TOOL_TYPE_UNKNOWN, buttonState=0, metaState=0, flags=0x0, edgeFlags=0x0, pointerCount=1, historySize=0, eventTime=898745588, downTime=898745588, deviceId=0, source=0x1002 }
08-06 17:38:49.182  8786  8786 I Input   : injectMotionEvent: MotionEvent { action=ACTION_UP, actionButton=0, id[0]=0, x[0]=81.0, y[0]=176.0, toolType[0]=TOOL_TYPE_UNKNOWN, buttonState=0, metaState=0, flags=0x0, edgeFlags=0x0, pointerCount=1, historySize=0, eventTime=898745588, downTime=898745588, deviceId=0, source=0x1002 }
08-06 17:38:49.184  8786  8786 D AndroidRuntime: Shutting down VM
08-06 17:38:49.191   512  2967 D audio_hw_primary: out_set_parameters: enter: usecase(1: low-latency-playback) kvpairs: routing=2
08-06 17:38:49.204   512  2967 D audio_hw_primary: select_devices: out_snd_device(2: speaker) in_snd_device(0: none)
08-06 17:38:49.204   512  2967 D msm8974_platform: platform_send_audio_calibration: sending audio calibration for snd_device(2) acdb_id(15)
08-06 17:38:49.204   512  2967 I soundtrigger: audio_extn_sound_trigger_update_device_status: device 0x2 of type 0 for Event 1
08-06 17:38:49.215   512  2967 D audio_hw_primary: enable_snd_device: snd_device(2: speaker)
08-06 17:38:49.218   512  2967 D audio_hw_primary: enable_audio_route: apply and update mixer path: low-latency-playback speaker
08-06 17:38:49.227 13866 13866 I GoogleInputMethodServic: GoogleInputMethodService.onFinishInput():3138 
08-06 17:38:49.228 13866 13866 I GoogleInputMethodServic: GoogleInputMethodService.onStartInput():1808 
08-06 17:38:49.418  7798  8041 I art     : Starting a blocking GC Explicit
08-06 17:38:49.479  7798  8041 I art     : Explicit concurrent mark sweep GC freed 1791(99KB) AllocSpace objects, 1(20KB) LOS objects, 37% free, 26MB/42MB, paused 1.177ms total 60.596ms
08-06 17:38:49.508  7798  8041 I art     : Starting a blocking GC Explicit
08-06 17:38:49.565  7798  8041 I art     : Explicit concurrent mark sweep GC freed 176(11KB) AllocSpace objects, 0(0B) LOS objects, 37% free, 26MB/42MB, paused 737us total 56.072ms
08-06 17:38:49.592  7798  8041 I art     : Starting a blocking GC Explicit
08-06 17:38:49.652  7798  8041 I art     : Explicit concurrent mark sweep GC freed 12(416B) AllocSpace objects, 0(0B) LOS objects, 37% free, 26MB/42MB, paused 862us total 58.981ms
08-06 17:38:49.677  7798  8041 I art     : Starting a blocking GC Explicit
08-06 17:38:49.727  7798  8041 I art     : Explicit concurrent mark sweep GC freed 5(160B) AllocSpace objects, 0(0B) LOS objects, 37% free, 26MB/42MB, paused 817us total 50.054ms
08-06 17:38:49.749  7798  8041 I art     : Starting a blocking GC Explicit
08-06 17:38:49.768   512  2967 D audio_hw_primary: disable_audio_route: reset and update mixer path: low-latency-playback speaker
08-06 17:38:49.770   512  2967 D audio_hw_primary: disable_snd_device: snd_device(2: speaker)
08-06 17:38:49.778   512  2967 I soundtrigger: audio_extn_sound_trigger_update_device_status: device 0x2 of type 0 for Event 0
08-06 17:38:49.799  7798  8041 I art     : Explicit concurrent mark sweep GC freed 3(96B) AllocSpace objects, 0(0B) LOS objects, 37% free, 26MB/42MB, paused 788us total 49.355ms
08-06 17:38:50.139  7798  7812 I art     : Starting a blocking GC Explicit
08-06 17:38:50.149  2174  2174 I ServiceManager: Waiting for service AtCmdFwd...
08-06 17:38:50.206  7798  7812 I art     : Explicit concurrent mark sweep GC freed 1293(75KB) AllocSpace objects, 1(20KB) LOS objects, 37% free, 26MB/42MB, paused 786us total 65.925ms
08-06 17:38:50.235  7798  7812 I art     : Starting a blocking GC Explicit
08-06 17:38:50.289  7798  7812 I art     : Explicit concurrent mark sweep GC freed 20(688B) AllocSpace objects, 0(0B) LOS objects, 37% free, 26MB/42MB, paused 956us total 53.352ms
08-06 17:38:50.319  7798  7812 I art     : Starting a blocking GC Explicit
08-06 17:38:50.372  7798  7812 I art     : Explicit concurrent mark sweep GC freed 3(96B) AllocSpace objects, 0(0B) LOS objects, 37% free, 26MB/42MB, paused 853us total 52.435ms
08-06 17:38:50.402  7798  7812 I art     : Starting a blocking GC Explicit
08-06 17:38:50.454  7798  7812 I art     : Explicit concurrent mark sweep GC freed 3(96B) AllocSpace objects, 0(0B) LOS objects, 37% free, 26MB/42MB, paused 643us total 51.643ms
08-06 17:38:50.476  7798  7812 I art     : Starting a blocking GC Explicit
08-06 17:38:50.525  7798  7812 I art     : Explicit concurrent mark sweep GC freed 3(96B) AllocSpace objects, 0(0B) LOS objects, 37% free, 26MB/42MB, paused 803us total 48.176ms
08-06 17:38:50.875  7798  8041 I art     : Starting a blocking GC Explicit
08-06 17:38:50.932  7798  8041 I art     : Explicit concurrent mark sweep GC freed 1305(75KB) AllocSpace objects, 1(20KB) LOS objects, 37% free, 26MB/42MB, paused 1.146ms total 56.149ms
08-06 17:38:50.955  7798  8041 I art     : Starting a blocking GC Explicit
08-06 17:38:51.009  7798  8041 I art     : Explicit concurrent mark sweep GC freed 27(912B) AllocSpace objects, 0(0B) LOS objects, 37% free, 26MB/42MB, paused 1.322ms total 52.995ms
08-06 17:38:51.033  7798  8041 I art     : Starting a blocking GC Explicit
08-06 17:38:51.083  7798  8041 I art     : Explicit concurrent mark sweep GC freed 11(352B) AllocSpace objects, 0(0B) LOS objects, 37% free, 26MB/42MB, paused 784us total 49.543ms
08-06 17:38:51.091  8830  8830 D AndroidRuntime: >>>>>> START com.android.internal.os.RuntimeInit uid 2000 <<<<<<
08-06 17:38:51.097  8830  8830 D AndroidRuntime: CheckJNI is OFF
08-06 17:38:51.107  7798  8041 I art     : Starting a blocking GC Explicit
08-06 17:38:51.145  8830  8830 D ICU     : No timezone override file found: /data/misc/zoneinfo/current/icu/icu_tzdata.dat
08-06 17:38:51.149  2174  2174 W Atfwd_Sendcmd: AtCmdFwd service not published, waiting... retryCnt : 3
08-06 17:38:51.151  7798  8041 I art     : Explicit concurrent mark sweep GC freed 3(96B) AllocSpace objects, 0(0B) LOS objects, 37% free, 26MB/42MB, paused 679us total 43.680ms
08-06 17:38:51.173  7798  8041 I art     : Starting a blocking GC Explicit
08-06 17:38:51.190  8830  8830 I Radio-JNI: register_android_hardware_Radio DONE
08-06 17:38:51.221  8830  8830 D AndroidRuntime: Calling main entry com.android.commands.input.Input
08-06 17:38:51.222  7798  8041 I art     : Explicit concurrent mark sweep GC freed 3(96B) AllocSpace objects, 0(0B) LOS objects, 37% free, 26MB/42MB, paused 852us total 48.547ms
08-06 17:38:51.224  8830  8830 I Input   : injectMotionEvent: MotionEvent { action=ACTION_DOWN, actionButton=0, id[0]=0, x[0]=436.0, y[0]=1770.0, toolType[0]=TOOL_TYPE_UNKNOWN, buttonState=0, metaState=0, flags=0x0, edgeFlags=0x0, pointerCount=1, historySize=0, eventTime=898747637, downTime=898747637, deviceId=0, source=0x1002 }
08-06 17:38:51.231  8830  8830 I Input   : injectMotionEvent: MotionEvent { action=ACTION_UP, actionButton=0, id[0]=0, x[0]=436.0, y[0]=1770.0, toolType[0]=TOOL_TYPE_UNKNOWN, buttonState=0, metaState=0, flags=0x0, edgeFlags=0x0, pointerCount=1, historySize=0, eventTime=898747637, downTime=898747637, deviceId=0, source=0x1002 }
08-06 17:38:51.233  8830  8830 D AndroidRuntime: Shutting down VM
08-06 17:38:51.241  7798  7798 D MainActivity: NavigationItemSelected: Courses
08-06 17:38:51.243   512  2967 D audio_hw_primary: out_set_parameters: enter: usecase(1: low-latency-playback) kvpairs: routing=2
08-06 17:38:51.244   918   928 I ActivityManager: START u0 {cmp=baseline.com.ak.uobtimetable/.CourseListActivity} from uid 10710 on display 0
08-06 17:38:51.253  7798  7798 D MainActivity: OnPause
08-06 17:38:51.256   512  2967 D audio_hw_primary: select_devices: out_snd_device(2: speaker) in_snd_device(0: none)
08-06 17:38:51.256   512  2967 D msm8974_platform: platform_send_audio_calibration: sending audio calibration for snd_device(2) acdb_id(15)
08-06 17:38:51.257   512  2967 I soundtrigger: audio_extn_sound_trigger_update_device_status: device 0x2 of type 0 for Event 1
08-06 17:38:51.267   918   937 W ProcessCpuTracker: Skipping unknown process pid 8838
08-06 17:38:51.267   918   937 W ProcessCpuTracker: Skipping unknown process pid 8840
08-06 17:38:51.268   918   937 W ProcessCpuTracker: Skipping unknown process pid 8841
08-06 17:38:51.270   512  2967 D audio_hw_primary: enable_snd_device: snd_device(2: speaker)
08-06 17:38:51.273   512  2967 D audio_hw_primary: enable_audio_route: apply and update mixer path: low-latency-playback speaker
08-06 17:38:51.319  7798  7798 D CourseListActivity: onCreate
08-06 17:38:51.321  7798  8853 D HTTP    : Request for: https://uob-timetable-api.adriankeenan.co.uk/courses
08-06 17:38:51.394 13866 13866 I GoogleInputMethodServic: GoogleInputMethodService.onFinishInput():3138 
08-06 17:38:51.395 13866 13866 I GoogleInputMethodServic: GoogleInputMethodService.onStartInput():1808 
08-06 17:38:51.395   918   936 I ActivityManager: Displayed baseline.com.ak.uobtimetable/.CourseListActivity: +140ms
08-06 17:38:51.521  7798  8853 I NAPPA_EXPERIMENTATION: MetricNetworkRequestExecutionTime: REQUEST_DURATION_SYSTEM='198',REQUEST_DURATION_OKHTTP='37',REQUEST_SYNCHRONOUS='TRUE',RESPONSE_CODE='200',RESPONSE_METHOD='GET',RESPONSE_LENGTH_OKHTTP='-1',RESPONSE_LENGTH_HEADER='-2',REQUEST_PROTOCOL='http/1.1',REQUEST_URL='https://uob-timetable-api.adriankeenan.co.uk/courses',
08-06 17:38:51.581  7798  7811 I art     : Starting a blocking GC Explicit
08-06 17:38:51.655  7798  7811 I art     : Explicit concurrent mark sweep GC freed 6561(364KB) AllocSpace objects, 4(220KB) LOS objects, 32% free, 33MB/49MB, paused 1.380ms total 73.852ms
08-06 17:38:51.661  7798  7810 I art     : WaitForGcToComplete blocked for 54.059ms for cause HeapTrim
08-06 17:38:51.678  7798  7811 I art     : Starting a blocking GC Explicit
08-06 17:38:51.725  7798  7811 I art     : Explicit concurrent mark sweep GC freed 1601(154KB) AllocSpace objects, 0(0B) LOS objects, 30% free, 36MB/52MB, paused 995us total 46.644ms
08-06 17:38:51.746  7798  7811 I art     : Starting a blocking GC Explicit
08-06 17:38:51.775  7798  7798 D MainActivity: Saving state
08-06 17:38:51.775  7798  7798 D MainActivity: Saving current fragment: SessionListsFragment
08-06 17:38:51.775  7798  7798 D MainActivity: Saving current index: 3
08-06 17:38:51.777  7798  7798 D SessionListsFragment: Saving state
08-06 17:38:51.799  7798  7811 I art     : Explicit concurrent mark sweep GC freed 2093(11MB) AllocSpace objects, 0(0B) LOS objects, 24% free, 48MB/64MB, paused 1.375ms total 53.195ms
08-06 17:38:51.809   512  2967 D audio_hw_primary: disable_audio_route: reset and update mixer path: low-latency-playback speaker
08-06 17:38:51.810   512  2967 D audio_hw_primary: disable_snd_device: snd_device(2: speaker)
08-06 17:38:51.818   512  2967 I soundtrigger: audio_extn_sound_trigger_update_device_status: device 0x2 of type 0 for Event 0
08-06 17:38:51.820  7798  7811 I art     : Starting a blocking GC Explicit
08-06 17:38:51.866  7798  7811 I art     : Explicit concurrent mark sweep GC freed 49(1904B) AllocSpace objects, 0(0B) LOS objects, 24% free, 48MB/64MB, paused 892us total 46.302ms
08-06 17:38:51.887  7798  7811 I art     : Starting a blocking GC Explicit
08-06 17:38:51.933  7798  7811 I art     : Explicit concurrent mark sweep GC freed 47(1760B) AllocSpace objects, 0(0B) LOS objects, 24% free, 48MB/64MB, paused 840us total 45.619ms
08-06 17:38:51.983  7798  8853 I HTTP    : Response was compressed.
08-06 17:38:52.216   918  1209 D NetworkMonitor/NetworkAgentInfo [WIFI () - 159]: Checking http://connectivitycheck.gstatic.com/generate_204 on "H369AA63323", 192.168.2.12=192.168.2.12
08-06 17:38:52.267  7798  7812 I art     : Starting a blocking GC Explicit
08-06 17:38:52.303   918  1209 D NetworkMonitor/NetworkAgentInfo [WIFI () - 159]: Probably not a portal: exception java.io.IOException: unexpected end of stream on Connection{connectivitycheck.gstatic.com:80, proxy=HTTP@/192.168.2.12:8080 hostAddress=192.168.2.12 cipherSuite=none protocol=http/1.1} (recycle count=0)
08-06 17:38:52.304   918  3263 D ConnectivityService: NetworkAgentInfo [WIFI () - 159] validation failed
08-06 17:38:52.304   918  3261 E WifiConfigStore:  rewrite network history for "H369AA63323"WPA_PSK
08-06 17:38:52.340  7798  7812 I art     : Explicit concurrent mark sweep GC freed 98097(4MB) AllocSpace objects, 0(0B) LOS objects, 27% free, 42MB/58MB, paused 1.259ms total 73.369ms
08-06 17:38:52.366  7798  7812 I art     : Starting a blocking GC Explicit
08-06 17:38:52.431  7798  7812 I art     : Explicit concurrent mark sweep GC freed 44236(2MB) AllocSpace objects, 0(0B) LOS objects, 27% free, 43MB/59MB, paused 1.888ms total 65.102ms
08-06 17:38:52.457  7798  7812 I art     : Starting a blocking GC Explicit
08-06 17:38:52.525  7798  7812 I art     : Explicit concurrent mark sweep GC freed 42791(2019KB) AllocSpace objects, 0(0B) LOS objects, 26% free, 43MB/59MB, paused 1.748ms total 68.105ms
08-06 17:38:52.550  7798  7812 I art     : Starting a blocking GC Explicit
08-06 17:38:52.620  7798  7812 I art     : Explicit concurrent mark sweep GC freed 43036(2020KB) AllocSpace objects, 0(0B) LOS objects, 26% free, 43MB/59MB, paused 1.722ms total 69.192ms
08-06 17:38:52.646  7798  7812 I art     : Starting a blocking GC Explicit
08-06 17:38:52.719  7798  7812 I art     : Explicit concurrent mark sweep GC freed 44934(2MB) AllocSpace objects, 0(0B) LOS objects, 26% free, 44MB/60MB, paused 1.731ms total 72.147ms
08-06 17:38:53.068  7798  8041 I art     : Starting a blocking GC Explicit
08-06 17:38:53.178  7798  8041 I art     : Explicit concurrent mark sweep GC freed 200602(9MB) AllocSpace objects, 1(20KB) LOS objects, 25% free, 45MB/61MB, paused 1.689ms total 109.749ms
08-06 17:38:53.211  7798  8041 I art     : Starting a blocking GC Explicit
08-06 17:38:53.299  7798  8041 I art     : Explicit concurrent mark sweep GC freed 62801(2MB) AllocSpace objects, 0(0B) LOS objects, 25% free, 46MB/62MB, paused 1.779ms total 88.408ms
08-06 17:38:53.332  7798  8041 I art     : Starting a blocking GC Explicit
08-06 17:38:53.413  7798  8041 I art     : Explicit concurrent mark sweep GC freed 51370(2MB) AllocSpace objects, 0(0B) LOS objects, 25% free, 46MB/62MB, paused 1.828ms total 81.437ms
08-06 17:38:53.444  7798  8041 I art     : Starting a blocking GC Explicit
08-06 17:38:53.529  7798  8041 I art     : Explicit concurrent mark sweep GC freed 51086(2MB) AllocSpace objects, 0(0B) LOS objects, 25% free, 46MB/62MB, paused 1.786ms total 84.137ms
08-06 17:38:53.560  7798  8041 I art     : Starting a blocking GC Explicit
08-06 17:38:53.645  7798  8041 I art     : Explicit concurrent mark sweep GC freed 51036(2MB) AllocSpace objects, 0(0B) LOS objects, 25% free, 47MB/63MB, paused 1.757ms total 85.006ms
08-06 17:38:53.992  7798  7812 I art     : Starting a blocking GC Explicit
08-06 17:38:54.106  7798  7812 I art     : Explicit concurrent mark sweep GC freed 198685(9MB) AllocSpace objects, 1(20KB) LOS objects, 24% free, 48MB/64MB, paused 2.274ms total 113.351ms
08-06 17:38:54.139  7798  7812 I art     : Starting a blocking GC Explicit
08-06 17:38:54.232  7798  7812 I art     : Explicit concurrent mark sweep GC freed 62570(2MB) AllocSpace objects, 0(0B) LOS objects, 24% free, 49MB/65MB, paused 1.978ms total 92.644ms
08-06 17:38:54.266  7798  7812 I art     : Starting a blocking GC Explicit
08-06 17:38:54.361  7798  7812 I art     : Explicit concurrent mark sweep GC freed 56601(2MB) AllocSpace objects, 0(0B) LOS objects, 24% free, 49MB/65MB, paused 2.132ms total 94.736ms
08-06 17:38:54.394  7798  7812 I art     : Starting a blocking GC Explicit
08-06 17:38:54.493  7798  7812 I art     : Explicit concurrent mark sweep GC freed 58119(2MB) AllocSpace objects, 0(0B) LOS objects, 24% free, 49MB/65MB, paused 2.229ms total 97.872ms
08-06 17:38:54.527  7798  7812 I art     : Starting a blocking GC Explicit
08-06 17:38:54.628  7798  7812 I art     : Explicit concurrent mark sweep GC freed 59941(2MB) AllocSpace objects, 0(0B) LOS objects, 24% free, 50MB/66MB, paused 2.255ms total 100.835ms
08-06 17:38:54.984  7798  7828 I art     : Starting a blocking GC Explicit
08-06 17:38:55.120  7798  7828 I art     : Explicit concurrent mark sweep GC freed 217199(9MB) AllocSpace objects, 1(20KB) LOS objects, 23% free, 52MB/68MB, paused 2.082ms total 135.719ms
08-06 17:38:55.157  7798  7828 I art     : Starting a blocking GC Explicit
08-06 17:38:55.274  7798  7828 I art     : Explicit concurrent mark sweep GC freed 77080(3MB) AllocSpace objects, 0(0B) LOS objects, 23% free, 52MB/68MB, paused 2.325ms total 116.066ms
08-06 17:38:55.304  7798  8853 I Service : getCourses response time: 0.69
08-06 17:38:55.311  7798  7798 I SettingsManager: Getting string: savedCourse
08-06 17:38:55.313  7798  7828 I art     : Starting a blocking GC Explicit
08-06 17:38:55.418  7798  7828 I art     : Explicit concurrent mark sweep GC freed 21258(1049KB) AllocSpace objects, 1(14MB) LOS objects, 29% free, 37MB/53MB, paused 1.336ms total 105.288ms
08-06 17:38:55.458  7798  7828 I art     : Starting a blocking GC Explicit
08-06 17:38:55.565  7798  7828 I art     : Explicit concurrent mark sweep GC freed 851(37KB) AllocSpace objects, 0(0B) LOS objects, 29% free, 37MB/53MB, paused 862us total 106.941ms
08-06 17:38:55.608  7798  7828 I art     : Starting a blocking GC Explicit
08-06 17:38:55.720  7798  7828 I art     : Explicit concurrent mark sweep GC freed 704(65KB) AllocSpace objects, 0(0B) LOS objects, 29% free, 37MB/53MB, paused 1.007ms total 112.057ms
08-06 17:38:56.002  7798  8041 I art     : Starting a blocking GC Explicit
08-06 17:38:56.141  7798  8041 I art     : Explicit concurrent mark sweep GC freed 1293(75KB) AllocSpace objects, 1(20KB) LOS objects, 29% free, 37MB/53MB, paused 1.309ms total 137.679ms
08-06 17:38:56.183  7798  8041 I art     : Starting a blocking GC Explicit
08-06 17:38:56.312  7798  8041 I art     : Explicit concurrent mark sweep GC freed 18(624B) AllocSpace objects, 0(0B) LOS objects, 29% free, 37MB/53MB, paused 947us total 129.069ms
08-06 17:38:56.357  7798  8041 I art     : Starting a blocking GC Explicit
08-06 17:38:56.467  7798  8041 I art     : Explicit concurrent mark sweep GC freed 3(96B) AllocSpace objects, 0(0B) LOS objects, 29% free, 37MB/53MB, paused 747us total 110.034ms
08-06 17:38:56.511  7798  8041 I art     : Starting a blocking GC Explicit
08-06 17:38:56.629  7798  8041 I art     : Explicit concurrent mark sweep GC freed 3(96B) AllocSpace objects, 0(0B) LOS objects, 29% free, 37MB/53MB, paused 875us total 116.996ms
08-06 17:38:56.671  7798  8041 I art     : Starting a blocking GC Explicit
08-06 17:38:56.780  7798  8041 I art     : Explicit concurrent mark sweep GC freed 3(96B) AllocSpace objects, 0(0B) LOS objects, 29% free, 37MB/53MB, paused 722us total 108.347ms
08-06 17:38:56.780  7798  7810 I art     : WaitForGcToComplete blocked for 55.433ms for cause HeapTrim
08-06 17:38:57.036  7798  7812 I art     : Starting a blocking GC Explicit
08-06 17:38:57.159  7798  7812 I art     : Explicit concurrent mark sweep GC freed 1296(75KB) AllocSpace objects, 1(20KB) LOS objects, 29% free, 37MB/53MB, paused 1.208ms total 122.664ms
08-06 17:38:57.204  7798  7812 I art     : Starting a blocking GC Explicit
08-06 17:38:57.312  7798  7812 I art     : Explicit concurrent mark sweep GC freed 18(624B) AllocSpace objects, 0(0B) LOS objects, 29% free, 37MB/53MB, paused 731us total 107.546ms
08-06 17:38:57.354  7798  7812 I art     : Starting a blocking GC Explicit
08-06 17:38:57.462  7798  7812 I art     : Explicit concurrent mark sweep GC freed 3(96B) AllocSpace objects, 0(0B) LOS objects, 29% free, 37MB/53MB, paused 699us total 108.270ms
08-06 17:38:57.510  7798  7812 I art     : Starting a blocking GC Explicit
08-06 17:38:57.613  7798  7812 I art     : Explicit concurrent mark sweep GC freed 3(96B) AllocSpace objects, 0(0B) LOS objects, 29% free, 37MB/53MB, paused 792us total 102.151ms
08-06 17:38:57.653  7798  7812 I art     : Starting a blocking GC Explicit
08-06 17:38:57.758  7798  7812 I art     : Explicit concurrent mark sweep GC freed 3(96B) AllocSpace objects, 0(0B) LOS objects, 29% free, 37MB/53MB, paused 955us total 105.258ms
08-06 17:38:58.125  7798  7828 I art     : Starting a blocking GC Explicit
08-06 17:38:58.129  8930  8930 D AndroidRuntime: >>>>>> START com.android.internal.os.RuntimeInit uid 2000 <<<<<<
08-06 17:38:58.136  8930  8930 D AndroidRuntime: CheckJNI is OFF
08-06 17:38:58.189  8930  8930 D ICU     : No timezone override file found: /data/misc/zoneinfo/current/icu/icu_tzdata.dat
08-06 17:38:58.231  8930  8930 I Radio-JNI: register_android_hardware_Radio DONE
08-06 17:38:58.234  7798  7828 I art     : Explicit concurrent mark sweep GC freed 1293(75KB) AllocSpace objects, 1(20KB) LOS objects, 29% free, 37MB/53MB, paused 892us total 108.322ms
08-06 17:38:58.264  8930  8930 D AndroidRuntime: Calling main entry com.android.commands.input.Input
08-06 17:38:58.267  8930  8930 I Input   : injectMotionEvent: MotionEvent { action=ACTION_DOWN, actionButton=0, id[0]=0, x[0]=648.0, y[0]=709.0, toolType[0]=TOOL_TYPE_UNKNOWN, buttonState=0, metaState=0, flags=0x0, edgeFlags=0x0, pointerCount=1, historySize=0, eventTime=898754679, downTime=898754679, deviceId=0, source=0x1002 }
08-06 17:38:58.272  8930  8930 I Input   : injectMotionEvent: MotionEvent { action=ACTION_UP, actionButton=0, id[0]=0, x[0]=648.0, y[0]=709.0, toolType[0]=TOOL_TYPE_UNKNOWN, buttonState=0, metaState=0, flags=0x0, edgeFlags=0x0, pointerCount=1, historySize=0, eventTime=898754679, downTime=898754679, deviceId=0, source=0x1002 }
08-06 17:38:58.274  7798  7828 I art     : Starting a blocking GC Explicit
08-06 17:38:58.275  8930  8930 D AndroidRuntime: Shutting down VM
08-06 17:38:58.341   512  2967 D audio_hw_primary: out_set_parameters: enter: usecase(1: low-latency-playback) kvpairs: routing=2
08-06 17:38:58.354   512  2967 D audio_hw_primary: select_devices: out_snd_device(2: speaker) in_snd_device(0: none)
08-06 17:38:58.355   512  2967 D msm8974_platform: platform_send_audio_calibration: sending audio calibration for snd_device(2) acdb_id(15)
08-06 17:38:58.355   512  2967 I soundtrigger: audio_extn_sound_trigger_update_device_status: device 0x2 of type 0 for Event 1
08-06 17:38:58.366   512  2967 D audio_hw_primary: enable_snd_device: snd_device(2: speaker)
08-06 17:38:58.368   512  2967 D audio_hw_primary: enable_audio_route: apply and update mixer path: low-latency-playback speaker
08-06 17:38:58.385  7798  7828 I art     : Explicit concurrent mark sweep GC freed 612(47KB) AllocSpace objects, 1(20KB) LOS objects, 29% free, 37MB/53MB, paused 1.078ms total 110.850ms
08-06 17:38:58.423  7798  7828 I art     : Starting a blocking GC Explicit
08-06 17:38:58.548  7798  7828 I art     : Explicit concurrent mark sweep GC freed 263(15KB) AllocSpace objects, 0(0B) LOS objects, 29% free, 37MB/53MB, paused 1.388ms total 124.316ms
08-06 17:38:58.604  7798  7828 I art     : Starting a blocking GC Explicit
08-06 17:38:58.751  7798  7828 I art     : Explicit concurrent mark sweep GC freed 45(1872B) AllocSpace objects, 0(0B) LOS objects, 29% free, 37MB/53MB, paused 1.375ms total 146.303ms
08-06 17:38:58.808  7798  7828 I art     : Starting a blocking GC Explicit
08-06 17:38:58.910   512  2967 D audio_hw_primary: disable_audio_route: reset and update mixer path: low-latency-playback speaker
08-06 17:38:58.912   512  2967 D audio_hw_primary: disable_snd_device: snd_device(2: speaker)
08-06 17:38:58.922   512  2967 I soundtrigger: audio_extn_sound_trigger_update_device_status: device 0x2 of type 0 for Event 0
08-06 17:38:58.945  7798  7828 I art     : Explicit concurrent mark sweep GC freed 9(320B) AllocSpace objects, 0(0B) LOS objects, 29% free, 37MB/53MB, paused 734us total 136.592ms
08-06 17:38:58.988   918  3188 I hubconnection: sensorhub said: 'set_bias 3: -5.7600, 0.0000, 0.0000'
08-06 17:38:59.242  7798  8041 I art     : Starting a blocking GC Explicit
08-06 17:38:59.352  7798  8041 I art     : Explicit concurrent mark sweep GC freed 1295(75KB) AllocSpace objects, 1(20KB) LOS objects, 29% free, 37MB/53MB, paused 802us total 109.823ms
08-06 17:38:59.394  7798  8041 I art     : Starting a blocking GC Explicit
08-06 17:38:59.517  7798  8041 I art     : Explicit concurrent mark sweep GC freed 22(752B) AllocSpace objects, 0(0B) LOS objects, 29% free, 37MB/53MB, paused 1.036ms total 122.092ms
08-06 17:38:59.562  7798  8041 I art     : Starting a blocking GC Explicit
08-06 17:38:59.665  7798  8041 I art     : Explicit concurrent mark sweep GC freed 3(96B) AllocSpace objects, 0(0B) LOS objects, 29% free, 37MB/53MB, paused 760us total 103.357ms
08-06 17:38:59.706  7798  8041 I art     : Starting a blocking GC Explicit
08-06 17:38:59.815  7798  8041 I art     : Explicit concurrent mark sweep GC freed 3(96B) AllocSpace objects, 0(0B) LOS objects, 29% free, 37MB/53MB, paused 779us total 108.283ms
08-06 17:38:59.856  7798  8041 I art     : Starting a blocking GC Explicit
08-06 17:38:59.963  7798  8041 I art     : Explicit concurrent mark sweep GC freed 3(96B) AllocSpace objects, 0(0B) LOS objects, 29% free, 37MB/53MB, paused 740us total 106.682ms
08-06 17:39:00.062   918   937 W ProcessCpuTracker: Skipping unknown process pid 8962
08-06 17:39:00.062   918   937 W ProcessCpuTracker: Skipping unknown process pid 8964
08-06 17:39:00.067   918   937 W ProcessCpuTracker: Skipping unknown process pid 8965
08-06 17:39:00.192  8966  8966 D AndroidRuntime: >>>>>> START com.android.internal.os.RuntimeInit uid 2000 <<<<<<
08-06 17:39:00.198  8966  8966 D AndroidRuntime: CheckJNI is OFF
08-06 17:39:00.258  8966  8966 D ICU     : No timezone override file found: /data/misc/zoneinfo/current/icu/icu_tzdata.dat
08-06 17:39:00.284  7798  7828 I art     : Starting a blocking GC Explicit
08-06 17:39:00.306  8966  8966 I Radio-JNI: register_android_hardware_Radio DONE
08-06 17:39:00.337  8966  8966 D AndroidRuntime: Calling main entry com.android.commands.input.Input
08-06 17:39:00.340  8966  8966 I Input   : injectMotionEvent: MotionEvent { action=ACTION_DOWN, actionButton=0, id[0]=0, x[0]=1197.0, y[0]=1456.0, toolType[0]=TOOL_TYPE_UNKNOWN, buttonState=0, metaState=0, flags=0x0, edgeFlags=0x0, pointerCount=1, historySize=0, eventTime=898756752, downTime=898756752, deviceId=0, source=0x1002 }
08-06 17:39:00.345  8966  8966 I Input   : injectMotionEvent: MotionEvent { action=ACTION_UP, actionButton=0, id[0]=0, x[0]=1197.0, y[0]=1456.0, toolType[0]=TOOL_TYPE_UNKNOWN, buttonState=0, metaState=0, flags=0x0, edgeFlags=0x0, pointerCount=1, historySize=0, eventTime=898756752, downTime=898756752, deviceId=0, source=0x1002 }
08-06 17:39:00.347  8966  8966 D AndroidRuntime: Shutting down VM
08-06 17:39:00.355   512  2967 D audio_hw_primary: out_set_parameters: enter: usecase(1: low-latency-playback) kvpairs: routing=2
08-06 17:39:00.370   512  2967 D audio_hw_primary: select_devices: out_snd_device(2: speaker) in_snd_device(0: none)
08-06 17:39:00.370   512  2967 D msm8974_platform: platform_send_audio_calibration: sending audio calibration for snd_device(2) acdb_id(15)
08-06 17:39:00.370   512  2967 I soundtrigger: audio_extn_sound_trigger_update_device_status: device 0x2 of type 0 for Event 1
08-06 17:39:00.372  7798  7798 I SettingsManager: Setting string: savedCourse
08-06 17:39:00.373   918   928 W BackupManagerService: dataChanged but no participant pkg='baseline.com.ak.uobtimetable' uid=10710
08-06 17:39:00.374   918  6112 I ActivityManager: START u0 {flg=0x4000000 cmp=baseline.com.ak.uobtimetable/.MainActivity (has extras)} from uid 10710 on display 0
08-06 17:39:00.382   512  2967 D audio_hw_primary: enable_snd_device: snd_device(2: speaker)
08-06 17:39:00.385   512  2967 D audio_hw_primary: enable_audio_route: apply and update mixer path: low-latency-playback speaker
08-06 17:39:00.390   918  6110 W InputMethodManagerService: Focus gain on non-focused client com.android.internal.view.IInputMethodClient$Stub$Proxy@49c24db (uid=10710 pid=7798)
08-06 17:39:00.394  7798  7828 I art     : Explicit concurrent mark sweep GC freed 3526(178KB) AllocSpace objects, 1(20KB) LOS objects, 29% free, 37MB/53MB, paused 1.393ms total 109.036ms
08-06 17:39:00.410  7798  7798 D MainActivity: OnDestroy
08-06 17:39:00.430  7798  7828 I art     : Starting a blocking GC Explicit
08-06 17:39:00.445  7798  7798 D MainActivity: onCreate
08-06 17:39:00.445  7798  7798 I SettingsManager: Getting string: savedSessions
08-06 17:39:00.445  7798  7798 I SettingsManager: Getting string: savedSessions
08-06 17:39:00.459  7798  7798 I SettingsManager: Getting string: savedSessionsCourseName
08-06 17:39:00.459  7798  7798 I SettingsManager: Getting string: savedSessionsCourseName
08-06 17:39:00.459  7798  7798 I SettingsManager: Getting string: savedSessionsDateRange
08-06 17:39:00.459  7798  7798 I SettingsManager: Getting string: savedSessionsDateRange
08-06 17:39:00.459  7798  7798 I Settings: 15 saved sessions - Artificial Intelligence and Robotics (with Foundation Year) - BSc (Hons) - Ltn - Y0 Feb FT - Weeks: 24-38 (8 Jun 2020-20 Sep 2020)
08-06 17:39:00.499  7798  7798 I SettingsManager: Getting string: savedCourse
08-06 17:39:00.500  7798  7798 D MainActivity: sessionListFragmentArg: updateSessions
08-06 17:39:00.500  7798  7798 D MainActivity: showTermDatesConfigChange: false
08-06 17:39:00.500  7798  7798 D MainActivity: showTermDatesShortcut: false
08-06 17:39:00.501  7798  7798 D MainActivity: Setting initial fragment: SessionListsFragment
08-06 17:39:00.503  7798  7798 I SettingsManager: Getting int: launchCount
08-06 17:39:00.504  7798  7798 D SessionListsFragment: onCreateView
08-06 17:39:00.511  7798  7798 I SettingsManager: Getting string: savedCourse
08-06 17:39:00.518  7798  7798 I SettingsManager: Getting string: savedSessions
08-06 17:39:00.533  7798  7798 D SessionListsFragment: loadArgument: updateSessions
08-06 17:39:00.533  7798  7798 D SessionListsFragment: initialIndex: -1
08-06 17:39:00.537  7798  8989 D HTTP    : Request for: https://uob-timetable-api.adriankeenan.co.uk/sessions?dept=CM010&course=BSAIFAAF%2F02AA%2F0%2FFT&level=Foundation+Year
08-06 17:39:00.552  7798  7828 I art     : Explicit concurrent mark sweep GC freed 17732(818KB) AllocSpace objects, 2(1340KB) LOS objects, 29% free, 37MB/53MB, paused 2.786ms total 121.321ms
08-06 17:39:00.574  7798  7798 D TermDatesFragment: WebView loaded
08-06 17:39:00.575  7798  7798 D MainActivity: OnResume
08-06 17:39:00.615  7798  7828 I art     : Starting a blocking GC Explicit
08-06 17:39:00.681  7798  7798 I TermDatesFragment: Webview load %: 10
08-06 17:39:00.711   918   936 I ActivityManager: Displayed baseline.com.ak.uobtimetable/.MainActivity: +316ms
08-06 17:39:00.712 13866 13866 I GoogleInputMethodServic: GoogleInputMethodService.onFinishInput():3138 
08-06 17:39:00.712 13866 13866 I GoogleInputMethodServic: GoogleInputMethodService.onStartInput():1808 
08-06 17:39:00.716  7798  7828 I art     : Explicit concurrent mark sweep GC freed 5312(288KB) AllocSpace objects, 4(240KB) LOS objects, 29% free, 37MB/53MB, paused 1.877ms total 100.644ms
08-06 17:39:00.754  7798  7828 I art     : Starting a blocking GC Explicit
08-06 17:39:00.776  7798  8989 I NAPPA_EXPERIMENTATION: MetricNetworkRequestExecutionTime: REQUEST_DURATION_SYSTEM='236',REQUEST_DURATION_OKHTTP='74',REQUEST_SYNCHRONOUS='TRUE',RESPONSE_CODE='200',RESPONSE_METHOD='GET',RESPONSE_LENGTH_OKHTTP='-1',RESPONSE_LENGTH_HEADER='1214',REQUEST_PROTOCOL='http/1.1',REQUEST_URL='https://uob-timetable-api.adriankeenan.co.uk/sessions?dept=CM010&course=BSAIFAAF%2F02AA%2F0%2FFT&level=Foundation+Year',
08-06 17:39:00.782  7798  7798 I TermDatesFragment: Webview load %: 70
08-06 17:39:00.797  7798  7798 I TermDatesFragment: Webview load %: 100
08-06 17:39:00.797  7798  7798 I TermDatesFragment: Webview load %: 100
08-06 17:39:00.810  7798  8989 I HTTP    : Response was compressed.
08-06 17:39:00.827  7798  8989 I Service : getSessions response time: 1.10
08-06 17:39:00.828  7798  7798 I SettingsManager: Getting string: savedSessions
08-06 17:39:00.829  7798  7798 I SettingsManager: Getting string: savedSessions
08-06 17:39:00.842  7798  7828 I art     : Explicit concurrent mark sweep GC freed 45669(2MB) AllocSpace objects, 3(112KB) LOS objects, 30% free, 36MB/52MB, paused 1.454ms total 87.575ms
08-06 17:39:00.845  7798  7798 I Service : Sessions updated: 15
08-06 17:39:00.845  7798  7798 I Service : Sessions removed from new list: 0
08-06 17:39:00.858  7798  7798 I SettingsManager: Setting string: savedSessions
08-06 17:39:00.859   918   929 W BackupManagerService: dataChanged but no participant pkg='baseline.com.ak.uobtimetable' uid=10710
08-06 17:39:00.860  7798  7798 I SettingsManager: Setting date: savedSessionsTime
08-06 17:39:00.872   918  3670 W BackupManagerService: dataChanged but no participant pkg='baseline.com.ak.uobtimetable' uid=10710
08-06 17:39:00.872  7798  7798 I SettingsManager: Setting string: savedSessionsCourseName
08-06 17:39:00.873   918  6029 W BackupManagerService: dataChanged but no participant pkg='baseline.com.ak.uobtimetable' uid=10710
08-06 17:39:00.873  7798  7798 I SettingsManager: Setting string: savedSessionsDateRange
08-06 17:39:00.873   918  5481 W BackupManagerService: dataChanged but no participant pkg='baseline.com.ak.uobtimetable' uid=10710
08-06 17:39:00.874  7798  7798 I SettingsManager: Setting string: timetableUrl
08-06 17:39:00.874   918  5952 W BackupManagerService: dataChanged but no participant pkg='baseline.com.ak.uobtimetable' uid=10710
08-06 17:39:00.874  7798  7798 I SettingsManager: Getting boolean: notifySessionRemindersEnabled
08-06 17:39:00.874  7798  7798 I SettingsManager: Getting int: notifySessionRemindersMinutes
08-06 17:39:00.874  7798  7798 I SettingsManager: Getting boolean: showHiddenSessions
08-06 17:39:00.877  7798  7798 I SessionReminderNotifier: Created session reminder alarm for f7b4771250a919bd729c1c5a4a459c77 at Mon 08:30:00 10/08/20
08-06 17:39:00.878  7798  7828 I art     : Starting a blocking GC Explicit
08-06 17:39:00.880  7798  7798 I SessionReminderNotifier: Created session reminder alarm for a7f879aabdeb78622c8820a5fb7b64cd at Tue 08:30:00 11/08/20
08-06 17:39:00.883  7798  7798 I SessionReminderNotifier: Created session reminder alarm for 7bc8d7e2c2055711f597c3d9078c6ea3 at Tue 08:30:00 11/08/20
08-06 17:39:00.888  7798  7798 I SessionReminderNotifier: Created session reminder alarm for 53c0527a6f009a1f2fd223834d3bfe51 at Tue 10:30:00 11/08/20
08-06 17:39:00.891  7798  7798 I SessionReminderNotifier: Created session reminder alarm for e0fc978b5db8218778540b4053344581 at Tue 11:00:00 11/08/20
08-06 17:39:00.894  7798  7798 I SessionReminderNotifier: Created session reminder alarm for 199afb0100f329ff65a09e1b0cd9deba at Tue 11:30:00 11/08/20
08-06 17:39:00.896  7798  7798 I SessionReminderNotifier: Created session reminder alarm for 21712fef61090882c855a1425543edb5 at Tue 13:30:00 11/08/20
08-06 17:39:00.900  7798  7798 I SessionReminderNotifier: Created session reminder alarm for 65ca4d97f031f29a4d02bbb45a705d8f at Wed 08:30:00 12/08/20
08-06 17:39:00.905  7798  7798 I SessionReminderNotifier: Created session reminder alarm for eeda7741b0bcab58fd9f46dc6ef1d942 at Wed 08:30:00 12/08/20
08-06 17:39:00.908  7798  7798 I SessionReminderNotifier: Created session reminder alarm for c276c1b2075a0beb67f1b3d1e580f920 at Wed 11:00:00 12/08/20
08-06 17:39:00.911  7798  7798 I SessionReminderNotifier: Created session reminder alarm for 8b1f3627e42ae13a6f6ba0a83903dde1 at Wed 13:30:00 12/08/20
08-06 17:39:00.914  7798  7798 I SessionReminderNotifier: Created session reminder alarm for 79fe0b5c3b887a13ba29db5a33fa2800 at Thu 08:30:00 13/08/20
08-06 17:39:00.919  7798  7798 I SessionReminderNotifier: Created session reminder alarm for cb9dfc8231cdba2be0835dc5709690e1 at Thu 08:30:00 13/08/20
08-06 17:39:00.924  7798  7798 I SessionReminderNotifier: Created session reminder alarm for f850dc24d6de60b7b89fa9e1a8c224c5 at Thu 12:00:00 13/08/20
08-06 17:39:00.927  7798  7798 I SessionReminderNotifier: Created session reminder alarm for 2ba1034116e4fffdd592dbf0796a43d5 at Fri 08:30:00 07/08/20
08-06 17:39:00.927  7798  7798 I SettingsManager: Getting boolean: showHiddenSessions
08-06 17:39:00.927  7798  7798 D SessionListsFragment: 1 sessions for day 0
08-06 17:39:00.928  7798  7798 D SessionListsFragment: 6 sessions for day 1
08-06 17:39:00.928  7798  7798 D SessionListsFragment: 4 sessions for day 2
08-06 17:39:00.928  7798  7798 D SessionListsFragment: 3 sessions for day 3
08-06 17:39:00.928  7798  7798 D SessionListsFragment: 1 sessions for day 4
08-06 17:39:00.929   512  2967 D audio_hw_primary: disable_audio_route: reset and update mixer path: low-latency-playback speaker
08-06 17:39:00.930   512  2967 D audio_hw_primary: disable_snd_device: snd_device(2: speaker)
08-06 17:39:00.941   512  2967 I soundtrigger: audio_extn_sound_trigger_update_device_status: device 0x2 of type 0 for Event 0
08-06 17:39:00.974  7798  7828 I art     : Explicit concurrent mark sweep GC freed 12740(622KB) AllocSpace objects, 1(20KB) LOS objects, 30% free, 36MB/52MB, paused 2.136ms total 95.963ms
08-06 17:39:01.018  7798  7798 I SettingsManager: Getting boolean: showHiddenSessions
08-06 17:39:01.019  7798  7798 D SessionListsFragment: Refreshed ViewPager
08-06 17:39:01.019  7798  7798 I SettingsManager: Getting boolean: showHiddenSessions
08-06 17:39:01.020  7798  7798 I SettingsManager: Getting boolean: completedTutorial
08-06 17:39:01.020  7798  7798 I SettingsManager: Getting boolean: showHiddenSessions
08-06 17:39:01.020  7798  7798 I SettingsManager: Getting date: savedSessionsTime
08-06 17:39:01.326  7798  7811 I art     : Starting a blocking GC Explicit
08-06 17:39:01.449  7798  7811 I art     : Explicit concurrent mark sweep GC freed 109726(4MB) AllocSpace objects, 1(20KB) LOS objects, 30% free, 37MB/53MB, paused 1.763ms total 122.249ms
08-06 17:39:01.485  7798  7811 I art     : Starting a blocking GC Explicit
08-06 17:39:01.598  7798  7811 I art     : Explicit concurrent mark sweep GC freed 49854(2MB) AllocSpace objects, 0(0B) LOS objects, 30% free, 37MB/53MB, paused 2.158ms total 112.548ms
08-06 17:39:01.638  7798  7811 I art     : Starting a blocking GC Explicit
08-06 17:39:01.755  7798  7811 I art     : Explicit concurrent mark sweep GC freed 48256(1993KB) AllocSpace objects, 0(0B) LOS objects, 29% free, 37MB/53MB, paused 1.955ms total 116.303ms
08-06 17:39:01.793  7798  7811 I art     : Starting a blocking GC Explicit
08-06 17:39:01.912  7798  7811 I art     : Explicit concurrent mark sweep GC freed 48119(1974KB) AllocSpace objects, 0(0B) LOS objects, 29% free, 37MB/53MB, paused 2.042ms total 118.317ms
08-06 17:39:01.951  7798  7811 I art     : Starting a blocking GC Explicit
08-06 17:39:02.066  7798  7811 I art     : Explicit concurrent mark sweep GC freed 46707(1925KB) AllocSpace objects, 0(0B) LOS objects, 29% free, 37MB/53MB, paused 2.070ms total 114.852ms
08-06 17:39:02.165  7798  7798 I Choreographer: Skipped 68 frames!  The application may be doing too much work on its main thread.
08-06 17:39:02.434  7798  7811 I art     : Starting a blocking GC Explicit
08-06 17:39:02.552  7798  7811 I art     : Explicit concurrent mark sweep GC freed 35572(1498KB) AllocSpace objects, 1(20KB) LOS objects, 29% free, 37MB/53MB, paused 917us total 116.875ms
08-06 17:39:02.593  7798  7811 I art     : Starting a blocking GC Explicit
08-06 17:39:02.671  7798  7811 I art     : Explicit concurrent mark sweep GC freed 122353(11MB) AllocSpace objects, 3(136KB) LOS objects, 37% free, 26MB/42MB, paused 845us total 77.459ms
08-06 17:39:02.693  7798  7811 I art     : Starting a blocking GC Explicit
08-06 17:39:02.741  7798  7811 I art     : Explicit concurrent mark sweep GC freed 65(2096B) AllocSpace objects, 0(0B) LOS objects, 37% free, 26MB/42MB, paused 978us total 47.690ms
08-06 17:39:02.765  7798  7811 I art     : Starting a blocking GC Explicit
08-06 17:39:02.817  7798  7811 I art     : Explicit concurrent mark sweep GC freed 41(1312B) AllocSpace objects, 0(0B) LOS objects, 37% free, 26MB/42MB, paused 746us total 52.095ms
08-06 17:39:02.840  7798  7811 I art     : Starting a blocking GC Explicit
08-06 17:39:02.893  7798  7811 I art     : Explicit concurrent mark sweep GC freed 12(384B) AllocSpace objects, 0(0B) LOS objects, 37% free, 26MB/42MB, paused 734us total 51.906ms
08-06 17:39:03.276  7798  7828 I art     : Starting a blocking GC Explicit
08-06 17:39:03.343  7798  7828 I art     : Explicit concurrent mark sweep GC freed 1294(75KB) AllocSpace objects, 1(20KB) LOS objects, 37% free, 26MB/42MB, paused 885us total 66.640ms
08-06 17:39:03.371  7798  7828 I art     : Starting a blocking GC Explicit
08-06 17:39:03.426  7798  7828 I art     : Explicit concurrent mark sweep GC freed 18(624B) AllocSpace objects, 0(0B) LOS objects, 37% free, 26MB/42MB, paused 935us total 54.084ms
08-06 17:39:03.450  7798  7828 I art     : Starting a blocking GC Explicit
08-06 17:39:03.504  7798  7828 I art     : Explicit concurrent mark sweep GC freed 3(96B) AllocSpace objects, 0(0B) LOS objects, 37% free, 26MB/42MB, paused 1.158ms total 53.422ms
08-06 17:39:03.528  7798  7828 I art     : Starting a blocking GC Explicit
08-06 17:39:03.581  7798  7828 I art     : Explicit concurrent mark sweep GC freed 3(96B) AllocSpace objects, 0(0B) LOS objects, 37% free, 26MB/42MB, paused 753us total 52.978ms
08-06 17:39:03.605  7798  7828 I art     : Starting a blocking GC Explicit
08-06 17:39:03.660  7798  7828 I art     : Explicit concurrent mark sweep GC freed 3(96B) AllocSpace objects, 0(0B) LOS objects, 37% free, 26MB/42MB, paused 930us total 54.207ms
08-06 17:39:04.018  7798  8041 I art     : Starting a blocking GC Explicit
08-06 17:39:04.076  7798  8041 I art     : Explicit concurrent mark sweep GC freed 1293(75KB) AllocSpace objects, 1(20KB) LOS objects, 37% free, 26MB/42MB, paused 956us total 57.327ms
08-06 17:39:04.100  7798  8041 I art     : Starting a blocking GC Explicit
08-06 17:39:04.153  7798  8041 I art     : Explicit concurrent mark sweep GC freed 18(624B) AllocSpace objects, 0(0B) LOS objects, 37% free, 26MB/42MB, paused 735us total 52.395ms
08-06 17:39:04.177  7798  8041 I art     : Starting a blocking GC Explicit
08-06 17:39:04.230  7798  8041 I art     : Explicit concurrent mark sweep GC freed 3(96B) AllocSpace objects, 0(0B) LOS objects, 37% free, 26MB/42MB, paused 933us total 52.868ms
08-06 17:39:04.254  7798  8041 I art     : Starting a blocking GC Explicit
08-06 17:39:04.308  7798  8041 I art     : Explicit concurrent mark sweep GC freed 3(96B) AllocSpace objects, 0(0B) LOS objects, 37% free, 26MB/42MB, paused 703us total 53.096ms
08-06 17:39:04.332  7798  8041 I art     : Starting a blocking GC Explicit
08-06 17:39:04.385  7798  8041 I art     : Explicit concurrent mark sweep GC freed 3(96B) AllocSpace objects, 0(0B) LOS objects, 37% free, 26MB/42MB, paused 722us total 52.482ms
08-06 17:39:04.590   918  3261 D WifiStateMachine: starting scan for "H369AA63323"WPA_PSK with 2412,5180
08-06 17:39:04.738  7798  7812 I art     : Starting a blocking GC Explicit
08-06 17:39:04.793  7798  7812 I art     : Explicit concurrent mark sweep GC freed 1293(75KB) AllocSpace objects, 1(20KB) LOS objects, 37% free, 26MB/42MB, paused 842us total 55.140ms
08-06 17:39:04.817  7798  7812 I art     : Starting a blocking GC Explicit
08-06 17:39:04.870  7798  7812 I art     : Explicit concurrent mark sweep GC freed 18(624B) AllocSpace objects, 0(0B) LOS objects, 37% free, 26MB/42MB, paused 1.084ms total 52.417ms
08-06 17:39:04.893  7798  7812 I art     : Starting a blocking GC Explicit
08-06 17:39:04.944  7798  7812 I art     : Explicit concurrent mark sweep GC freed 3(96B) AllocSpace objects, 0(0B) LOS objects, 37% free, 26MB/42MB, paused 825us total 50.294ms
08-06 17:39:04.967  7798  7812 I art     : Starting a blocking GC Explicit
08-06 17:39:05.019  7798  7812 I art     : Explicit concurrent mark sweep GC freed 3(96B) AllocSpace objects, 0(0B) LOS objects, 37% free, 26MB/42MB, paused 871us total 51.359ms
08-06 17:39:05.042  7798  7812 I art     : Starting a blocking GC Explicit
08-06 17:39:05.095  7798  7812 I art     : Explicit concurrent mark sweep GC freed 3(96B) AllocSpace objects, 0(0B) LOS objects, 37% free, 26MB/42MB, paused 1.128ms total 52.529ms
08-06 17:39:05.243  9040  9040 D AndroidRuntime: >>>>>> START com.android.internal.os.RuntimeInit uid 2000 <<<<<<
08-06 17:39:05.252  9040  9040 D AndroidRuntime: CheckJNI is OFF
08-06 17:39:05.308  9040  9040 D ICU     : No timezone override file found: /data/misc/zoneinfo/current/icu/icu_tzdata.dat
08-06 17:39:05.358  9040  9040 I Radio-JNI: register_android_hardware_Radio DONE
08-06 17:39:05.389  9040  9040 D AndroidRuntime: Calling main entry com.android.commands.input.Input
08-06 17:39:05.392  9040  9040 I Input   : injectMotionEvent: MotionEvent { action=ACTION_DOWN, actionButton=0, id[0]=0, x[0]=81.0, y[0]=176.0, toolType[0]=TOOL_TYPE_UNKNOWN, buttonState=0, metaState=0, flags=0x0, edgeFlags=0x0, pointerCount=1, historySize=0, eventTime=898761805, downTime=898761805, deviceId=0, source=0x1002 }
08-06 17:39:05.398  9040  9040 I Input   : injectMotionEvent: MotionEvent { action=ACTION_UP, actionButton=0, id[0]=0, x[0]=81.0, y[0]=176.0, toolType[0]=TOOL_TYPE_UNKNOWN, buttonState=0, metaState=0, flags=0x0, edgeFlags=0x0, pointerCount=1, historySize=0, eventTime=898761805, downTime=898761805, deviceId=0, source=0x1002 }
08-06 17:39:05.400  9040  9040 D AndroidRuntime: Shutting down VM
08-06 17:39:05.411   512  2967 D audio_hw_primary: out_set_parameters: enter: usecase(1: low-latency-playback) kvpairs: routing=2
08-06 17:39:05.425   512  2967 D audio_hw_primary: select_devices: out_snd_device(2: speaker) in_snd_device(0: none)
08-06 17:39:05.425   512  2967 D msm8974_platform: platform_send_audio_calibration: sending audio calibration for snd_device(2) acdb_id(15)
08-06 17:39:05.425   512  2967 I soundtrigger: audio_extn_sound_trigger_update_device_status: device 0x2 of type 0 for Event 1
08-06 17:39:05.440 13866 13866 I GoogleInputMethodServic: GoogleInputMethodService.onFinishInput():3138 
08-06 17:39:05.441 13866 13866 I GoogleInputMethodServic: GoogleInputMethodService.onStartInput():1808 
08-06 17:39:05.444   512  2967 D audio_hw_primary: enable_snd_device: snd_device(2: speaker)
08-06 17:39:05.446   512  2967 D audio_hw_primary: enable_audio_route: apply and update mixer path: low-latency-playback speaker
08-06 17:39:05.456  7798  7812 I art     : Starting a blocking GC Explicit
08-06 17:39:05.513  7798  7812 I art     : Explicit concurrent mark sweep GC freed 1792(98KB) AllocSpace objects, 1(20KB) LOS objects, 37% free, 26MB/42MB, paused 1.234ms total 55.464ms
08-06 17:39:05.537  7798  7812 I art     : Starting a blocking GC Explicit
08-06 17:39:05.593  7798  7812 I art     : Explicit concurrent mark sweep GC freed 182(11KB) AllocSpace objects, 0(0B) LOS objects, 37% free, 26MB/42MB, paused 930us total 55.352ms
08-06 17:39:05.616  7798  7812 I art     : Starting a blocking GC Explicit
08-06 17:39:05.667  7798  7812 I art     : Explicit concurrent mark sweep GC freed 3(96B) AllocSpace objects, 0(0B) LOS objects, 37% free, 26MB/42MB, paused 904us total 49.891ms
08-06 17:39:05.690  7798  7812 I art     : Starting a blocking GC Explicit
08-06 17:39:05.740  7798  7812 I art     : Explicit concurrent mark sweep GC freed 3(96B) AllocSpace objects, 0(0B) LOS objects, 37% free, 26MB/42MB, paused 1.231ms total 50.378ms
08-06 17:39:05.765  7798  7812 I art     : Starting a blocking GC Explicit
08-06 17:39:05.817  7798  7812 I art     : Explicit concurrent mark sweep GC freed 3(96B) AllocSpace objects, 0(0B) LOS objects, 37% free, 26MB/42MB, paused 887us total 51.593ms
08-06 17:39:05.991   512  2967 D audio_hw_primary: disable_audio_route: reset and update mixer path: low-latency-playback speaker
08-06 17:39:05.993   512  2967 D audio_hw_primary: disable_snd_device: snd_device(2: speaker)
08-06 17:39:06.001   512  2967 I soundtrigger: audio_extn_sound_trigger_update_device_status: device 0x2 of type 0 for Event 0
08-06 17:39:06.150  2174  2174 I ServiceManager: Waiting for service AtCmdFwd...
08-06 17:39:06.162  7798  7812 I art     : Starting a blocking GC Explicit
08-06 17:39:06.227  7798  7812 I art     : Explicit concurrent mark sweep GC freed 1296(75KB) AllocSpace objects, 1(20KB) LOS objects, 37% free, 26MB/42MB, paused 774us total 64.445ms
08-06 17:39:06.257  7798  7812 I art     : Starting a blocking GC Explicit
08-06 17:39:06.310  7798  7812 I art     : Explicit concurrent mark sweep GC freed 22(752B) AllocSpace objects, 0(0B) LOS objects, 37% free, 26MB/42MB, paused 852us total 52.713ms
08-06 17:39:06.334  7798  7812 I art     : Starting a blocking GC Explicit
08-06 17:39:06.388  7798  7812 I art     : Explicit concurrent mark sweep GC freed 3(96B) AllocSpace objects, 0(0B) LOS objects, 37% free, 26MB/42MB, paused 705us total 53.183ms
08-06 17:39:06.411  7798  7812 I art     : Starting a blocking GC Explicit
08-06 17:39:06.465  7798  7812 I art     : Explicit concurrent mark sweep GC freed 3(96B) AllocSpace objects, 0(0B) LOS objects, 37% free, 26MB/42MB, paused 715us total 52.793ms
08-06 17:39:06.489  7798  7812 I art     : Starting a blocking GC Explicit
08-06 17:39:06.542  7798  7812 I art     : Explicit concurrent mark sweep GC freed 3(96B) AllocSpace objects, 0(0B) LOS objects, 37% free, 26MB/42MB, paused 909us total 52.806ms
08-06 17:39:06.878  7798  7828 I art     : Starting a blocking GC Explicit
08-06 17:39:06.938  7798  7828 I art     : Explicit concurrent mark sweep GC freed 1293(75KB) AllocSpace objects, 1(20KB) LOS objects, 37% free, 26MB/42MB, paused 916us total 59.349ms
08-06 17:39:06.961  7798  7828 I art     : Starting a blocking GC Explicit
08-06 17:39:07.011  7798  7828 I art     : Explicit concurrent mark sweep GC freed 18(624B) AllocSpace objects, 0(0B) LOS objects, 37% free, 26MB/42MB, paused 892us total 49.553ms
08-06 17:39:07.034  7798  7828 I art     : Starting a blocking GC Explicit
08-06 17:39:07.093  7798  7828 I art     : Explicit concurrent mark sweep GC freed 9(288B) AllocSpace objects, 0(0B) LOS objects, 37% free, 26MB/42MB, paused 836us total 58.297ms
08-06 17:39:07.115  7798  7828 I art     : Starting a blocking GC Explicit
08-06 17:39:07.151  2174  2174 I ServiceManager: Waiting for service AtCmdFwd...
08-06 17:39:07.172  7798  7828 I art     : Explicit concurrent mark sweep GC freed 11(352B) AllocSpace objects, 0(0B) LOS objects, 37% free, 26MB/42MB, paused 1.053ms total 56.190ms
08-06 17:39:07.196  7798  7828 I art     : Starting a blocking GC Explicit
08-06 17:39:07.246  7798  7828 I art     : Explicit concurrent mark sweep GC freed 13(416B) AllocSpace objects, 0(0B) LOS objects, 37% free, 26MB/42MB, paused 1.093ms total 48.793ms
08-06 17:39:07.310  9078  9078 D AndroidRuntime: >>>>>> START com.android.internal.os.RuntimeInit uid 2000 <<<<<<
08-06 17:39:07.318  9078  9078 D AndroidRuntime: CheckJNI is OFF
08-06 17:39:07.369  9078  9078 D ICU     : No timezone override file found: /data/misc/zoneinfo/current/icu/icu_tzdata.dat
08-06 17:39:07.415  9078  9078 I Radio-JNI: register_android_hardware_Radio DONE
08-06 17:39:07.449  9078  9078 D AndroidRuntime: Calling main entry com.android.commands.input.Input
08-06 17:39:07.452  9078  9078 I Input   : injectMotionEvent: MotionEvent { action=ACTION_DOWN, actionButton=0, id[0]=0, x[0]=360.0, y[0]=1098.0, toolType[0]=TOOL_TYPE_UNKNOWN, buttonState=0, metaState=0, flags=0x0, edgeFlags=0x0, pointerCount=1, historySize=0, eventTime=898763864, downTime=898763864, deviceId=0, source=0x1002 }
08-06 17:39:07.457  9078  9078 I Input   : injectMotionEvent: MotionEvent { action=ACTION_UP, actionButton=0, id[0]=0, x[0]=360.0, y[0]=1098.0, toolType[0]=TOOL_TYPE_UNKNOWN, buttonState=0, metaState=0, flags=0x0, edgeFlags=0x0, pointerCount=1, historySize=0, eventTime=898763864, downTime=898763864, deviceId=0, source=0x1002 }
08-06 17:39:07.461  9078  9078 D AndroidRuntime: Shutting down VM
08-06 17:39:07.474  7798  7798 D MainActivity: NavigationItemSelected: Term dates
08-06 17:39:07.476   512  2967 D audio_hw_primary: out_set_parameters: enter: usecase(1: low-latency-playback) kvpairs: routing=2
08-06 17:39:07.491   512  2967 D audio_hw_primary: select_devices: out_snd_device(2: speaker) in_snd_device(0: none)
08-06 17:39:07.491   512  2967 D msm8974_platform: platform_send_audio_calibration: sending audio calibration for snd_device(2) acdb_id(15)
08-06 17:39:07.491   512  2967 I soundtrigger: audio_extn_sound_trigger_update_device_status: device 0x2 of type 0 for Event 1
08-06 17:39:07.502   512  2967 D audio_hw_primary: enable_snd_device: snd_device(2: speaker)
08-06 17:39:07.504   512  2967 D audio_hw_primary: enable_audio_route: apply and update mixer path: low-latency-playback speaker
08-06 17:39:07.609  7798  7812 I art     : Starting a blocking GC Explicit
08-06 17:39:07.657  7798  7812 I art     : Explicit concurrent mark sweep GC freed 1826(97KB) AllocSpace objects, 1(20KB) LOS objects, 37% free, 26MB/42MB, paused 947us total 47.691ms
08-06 17:39:07.677  7798  7812 I art     : Starting a blocking GC Explicit
08-06 17:39:07.724  7798  7812 I art     : Explicit concurrent mark sweep GC freed 219(16KB) AllocSpace objects, 0(0B) LOS objects, 37% free, 26MB/42MB, paused 914us total 46.445ms
08-06 17:39:07.745  7798  7812 I art     : Starting a blocking GC Explicit
08-06 17:39:07.794  7798  7812 I art     : Explicit concurrent mark sweep GC freed 11(352B) AllocSpace objects, 0(0B) LOS objects, 37% free, 26MB/42MB, paused 860us total 48.836ms
08-06 17:39:07.816  7798  7812 I art     : Starting a blocking GC Explicit
08-06 17:39:07.866  7798  7812 I art     : Explicit concurrent mark sweep GC freed 10(320B) AllocSpace objects, 0(0B) LOS objects, 37% free, 26MB/42MB, paused 782us total 48.815ms
08-06 17:39:07.888  7798  7812 I art     : Starting a blocking GC Explicit
08-06 17:39:07.910 13866 13866 I GoogleInputMethodServic: GoogleInputMethodService.onFinishInput():3138 
08-06 17:39:07.910 13866 13866 I GoogleInputMethodServic: GoogleInputMethodService.onStartInput():1808 
08-06 17:39:07.938  7798  7812 I art     : Explicit concurrent mark sweep GC freed 37(1344B) AllocSpace objects, 0(0B) LOS objects, 37% free, 26MB/42MB, paused 857us total 49.283ms
08-06 17:39:08.049   512  2967 D audio_hw_primary: disable_audio_route: reset and update mixer path: low-latency-playback speaker
08-06 17:39:08.050   512  2967 D audio_hw_primary: disable_snd_device: snd_device(2: speaker)
08-06 17:39:08.060   512  2967 I soundtrigger: audio_extn_sound_trigger_update_device_status: device 0x2 of type 0 for Event 0
08-06 17:39:08.151  2174  2174 I ServiceManager: Waiting for service AtCmdFwd...
08-06 17:39:08.313  7798  7812 I art     : Starting a blocking GC Explicit
08-06 17:39:08.375  7798  7812 I art     : Explicit concurrent mark sweep GC freed 1390(79KB) AllocSpace objects, 1(20KB) LOS objects, 37% free, 26MB/42MB, paused 1.403ms total 62.538ms
08-06 17:39:08.401  7798  7812 I art     : Starting a blocking GC Explicit
08-06 17:39:08.460  7798  7812 I art     : Explicit concurrent mark sweep GC freed 28(944B) AllocSpace objects, 0(0B) LOS objects, 37% free, 26MB/42MB, paused 1.328ms total 57.937ms
08-06 17:39:08.486  7798  7812 I art     : Starting a blocking GC Explicit
08-06 17:39:08.544  7798  7812 I art     : Explicit concurrent mark sweep GC freed 13(416B) AllocSpace objects, 0(0B) LOS objects, 37% free, 26MB/42MB, paused 1.227ms total 57.797ms
08-06 17:39:08.570  7798  7812 I art     : Starting a blocking GC Explicit
08-06 17:39:08.628  7798  7812 I art     : Explicit concurrent mark sweep GC freed 15(480B) AllocSpace objects, 0(0B) LOS objects, 37% free, 26MB/42MB, paused 1.155ms total 57.529ms
08-06 17:39:08.654  7798  7812 I art     : Starting a blocking GC Explicit
08-06 17:39:08.712  7798  7812 I art     : Explicit concurrent mark sweep GC freed 13(416B) AllocSpace objects, 0(0B) LOS objects, 37% free, 26MB/42MB, paused 1.076ms total 57.185ms
08-06 17:39:09.092  7798  7812 I art     : Starting a blocking GC Explicit
08-06 17:39:09.152  2174  2174 I ServiceManager: Waiting for service AtCmdFwd...
08-06 17:39:09.162  7798  7812 I art     : Explicit concurrent mark sweep GC freed 1355(77KB) AllocSpace objects, 1(20KB) LOS objects, 37% free, 26MB/42MB, paused 1.059ms total 69.746ms
08-06 17:39:09.188  7798  7812 I art     : Starting a blocking GC Explicit
08-06 17:39:09.244  7798  7812 I art     : Explicit concurrent mark sweep GC freed 37(1232B) AllocSpace objects, 0(0B) LOS objects, 37% free, 26MB/42MB, paused 1.093ms total 55.700ms
08-06 17:39:09.270  7798  7812 I art     : Starting a blocking GC Explicit
08-06 17:39:09.329  7798  7812 I art     : Explicit concurrent mark sweep GC freed 23(736B) AllocSpace objects, 0(0B) LOS objects, 37% free, 26MB/42MB, paused 1.256ms total 58.010ms
08-06 17:39:09.355  7798  7812 I art     : Starting a blocking GC Explicit
08-06 17:39:09.409  7798  7812 I art     : Explicit concurrent mark sweep GC freed 11(352B) AllocSpace objects, 0(0B) LOS objects, 37% free, 26MB/42MB, paused 1.087ms total 54.300ms
08-06 17:39:09.432  7798  7812 I art     : Starting a blocking GC Explicit
08-06 17:39:09.482  7798  7812 I art     : Explicit concurrent mark sweep GC freed 3(96B) AllocSpace objects, 0(0B) LOS objects, 37% free, 26MB/42MB, paused 739us total 50.069ms
08-06 17:39:09.856  7798  8041 I art     : Starting a blocking GC Explicit
08-06 17:39:09.918  7798  8041 I art     : Explicit concurrent mark sweep GC freed 1293(75KB) AllocSpace objects, 1(20KB) LOS objects, 37% free, 26MB/42MB, paused 871us total 61.664ms
08-06 17:39:09.942  7798  8041 I art     : Starting a blocking GC Explicit
08-06 17:39:10.001  7798  8041 I art     : Explicit concurrent mark sweep GC freed 18(624B) AllocSpace objects, 0(0B) LOS objects, 37% free, 26MB/42MB, paused 1.263ms total 58.300ms
08-06 17:39:10.029  7798  8041 I art     : Starting a blocking GC Explicit
08-06 17:39:10.082  7798  8041 I art     : Explicit concurrent mark sweep GC freed 3(96B) AllocSpace objects, 0(0B) LOS objects, 37% free, 26MB/42MB, paused 720us total 53.147ms
08-06 17:39:10.107  7798  8041 I art     : Starting a blocking GC Explicit
08-06 17:39:10.152  2174  2174 I ServiceManager: Waiting for service AtCmdFwd...
08-06 17:39:10.160  7798  8041 I art     : Explicit concurrent mark sweep GC freed 3(96B) AllocSpace objects, 0(0B) LOS objects, 37% free, 26MB/42MB, paused 849us total 53.052ms
08-06 17:39:10.184  7798  8041 I art     : Starting a blocking GC Explicit
08-06 17:39:10.238  7798  8041 I art     : Explicit concurrent mark sweep GC freed 3(96B) AllocSpace objects, 0(0B) LOS objects, 37% free, 26MB/42MB, paused 923us total 53.198ms
08-06 17:39:10.622  7798  7828 I art     : Starting a blocking GC Explicit
08-06 17:39:10.693  7798  7828 I art     : Explicit concurrent mark sweep GC freed 1293(75KB) AllocSpace objects, 1(20KB) LOS objects, 37% free, 26MB/42MB, paused 875us total 68.990ms
08-06 17:39:10.722  7798  7828 I art     : Starting a blocking GC Explicit
08-06 17:39:10.774  7798  7828 I art     : Explicit concurrent mark sweep GC freed 18(624B) AllocSpace objects, 0(0B) LOS objects, 37% free, 26MB/42MB, paused 727us total 51.319ms
08-06 17:39:10.798  7798  7828 I art     : Starting a blocking GC Explicit
08-06 17:39:10.851  7798  7828 I art     : Explicit concurrent mark sweep GC freed 3(96B) AllocSpace objects, 0(0B) LOS objects, 37% free, 26MB/42MB, paused 788us total 52.750ms
08-06 17:39:10.875  7798  7828 I art     : Starting a blocking GC Explicit
08-06 17:39:10.928  7798  7828 I art     : Explicit concurrent mark sweep GC freed 3(96B) AllocSpace objects, 0(0B) LOS objects, 37% free, 26MB/42MB, paused 945us total 52.847ms
08-06 17:39:10.952  7798  7828 I art     : Starting a blocking GC Explicit
08-06 17:39:11.005  7798  7828 I art     : Explicit concurrent mark sweep GC freed 3(96B) AllocSpace objects, 0(0B) LOS objects, 37% free, 26MB/42MB, paused 724us total 52.551ms
08-06 17:39:11.154  2174  2174 W Atfwd_Sendcmd: AtCmdFwd service not published, waiting... retryCnt : 4
08-06 17:39:11.384  7798  7811 I art     : Starting a blocking GC Explicit
08-06 17:39:11.453  7798  7811 I art     : Explicit concurrent mark sweep GC freed 1293(75KB) AllocSpace objects, 1(20KB) LOS objects, 37% free, 26MB/42MB, paused 950us total 68.302ms
08-06 17:39:11.480  7798  7811 I art     : Starting a blocking GC Explicit
08-06 17:39:11.534  7798  7811 I art     : Explicit concurrent mark sweep GC freed 18(624B) AllocSpace objects, 0(0B) LOS objects, 37% free, 26MB/42MB, paused 726us total 53.393ms
08-06 17:39:11.558  7798  7811 I art     : Starting a blocking GC Explicit
08-06 17:39:11.614  7798  7811 I art     : Explicit concurrent mark sweep GC freed 3(96B) AllocSpace objects, 0(0B) LOS objects, 37% free, 26MB/42MB, paused 1.451ms total 54.924ms
08-06 17:39:11.644  7798  7811 I art     : Starting a blocking GC Explicit
08-06 17:39:11.702  7798  7811 I art     : Explicit concurrent mark sweep GC freed 3(96B) AllocSpace objects, 0(0B) LOS objects, 37% free, 26MB/42MB, paused 1.198ms total 57.135ms
08-06 17:39:11.727  7798  7811 I art     : Starting a blocking GC Explicit
08-06 17:39:11.776  7798  7811 I art     : Explicit concurrent mark sweep GC freed 3(96B) AllocSpace objects, 0(0B) LOS objects, 37% free, 26MB/42MB, paused 865us total 49.329ms
08-06 17:39:12.134  7798  7812 I art     : Starting a blocking GC Explicit
08-06 17:39:12.197  7798  7812 I art     : Explicit concurrent mark sweep GC freed 1293(75KB) AllocSpace objects, 1(20KB) LOS objects, 37% free, 26MB/42MB, paused 771us total 62.786ms
08-06 17:39:12.220  7798  7812 I art     : Starting a blocking GC Explicit
08-06 17:39:12.273  7798  7812 I art     : Explicit concurrent mark sweep GC freed 18(624B) AllocSpace objects, 0(0B) LOS objects, 37% free, 26MB/42MB, paused 891us total 51.975ms
08-06 17:39:12.297  7798  7812 I art     : Starting a blocking GC Explicit
08-06 17:39:12.349  7798  7812 I art     : Explicit concurrent mark sweep GC freed 3(96B) AllocSpace objects, 0(0B) LOS objects, 37% free, 26MB/42MB, paused 1.069ms total 51.773ms
08-06 17:39:12.372  7798  7812 I art     : Starting a blocking GC Explicit
08-06 17:39:12.415  9168  9168 D AndroidRuntime: >>>>>> START com.android.internal.os.RuntimeInit uid 2000 <<<<<<
08-06 17:39:12.421  9168  9168 D AndroidRuntime: CheckJNI is OFF
08-06 17:39:12.425  7798  7812 I art     : Explicit concurrent mark sweep GC freed 3(96B) AllocSpace objects, 0(0B) LOS objects, 37% free, 26MB/42MB, paused 1ms total 52.795ms
08-06 17:39:12.448  7798  7812 I art     : Starting a blocking GC Explicit
08-06 17:39:12.473  9168  9168 D ICU     : No timezone override file found: /data/misc/zoneinfo/current/icu/icu_tzdata.dat
08-06 17:39:12.499  7798  7812 I art     : Explicit concurrent mark sweep GC freed 3(96B) AllocSpace objects, 0(0B) LOS objects, 37% free, 26MB/42MB, paused 1.131ms total 50.128ms
08-06 17:39:12.519  9168  9168 I Radio-JNI: register_android_hardware_Radio DONE
08-06 17:39:12.551  9168  9168 D AndroidRuntime: Calling main entry com.android.commands.am.Am
08-06 17:39:12.568 26540 26540 I Trepn   : Trepn 6.2s: Received intent: com.quicinc.trepn.stop_profiling
08-06 17:39:12.614 26540 26540 I Trepn   : Trepn 6.2s: Trepn has Stopped Profiling.
08-06 17:39:12.746  9168  9168 D AndroidRuntime: Shutting down VM
08-06 17:39:12.748   918  3670 W AppOps  : Finishing op nesting under-run: uid 10078 pkg com.quicinc.trepn code 24 time=0 duration=0 nesting=0
08-06 17:39:12.836  7798  8041 I art     : Starting a blocking GC Explicit
08-06 17:39:12.883  7798  8041 I art     : Explicit concurrent mark sweep GC freed 1293(75KB) AllocSpace objects, 1(20KB) LOS objects, 37% free, 26MB/42MB, paused 732us total 45.698ms
08-06 17:39:12.905  7798  8041 I art     : Starting a blocking GC Explicit
08-06 17:39:12.957  7798  8041 I art     : Explicit concurrent mark sweep GC freed 18(624B) AllocSpace objects, 0(0B) LOS objects, 37% free, 26MB/42MB, paused 737us total 51.490ms
08-06 17:39:12.980  7798  8041 I art     : Starting a blocking GC Explicit
08-06 17:39:13.033  7798  8041 I art     : Explicit concurrent mark sweep GC freed 3(96B) AllocSpace objects, 0(0B) LOS objects, 37% free, 26MB/42MB, paused 890us total 52.690ms
08-06 17:39:13.057  7798  8041 I art     : Starting a blocking GC Explicit
08-06 17:39:13.108  7798  8041 I art     : Explicit concurrent mark sweep GC freed 3(96B) AllocSpace objects, 0(0B) LOS objects, 37% free, 26MB/42MB, paused 708us total 49.999ms
08-06 17:39:13.131  7798  8041 I art     : Starting a blocking GC Explicit
08-06 17:39:13.183  7798  8041 I art     : Explicit concurrent mark sweep GC freed 3(96B) AllocSpace objects, 0(0B) LOS objects, 37% free, 26MB/42MB, paused 734us total 51.629ms
08-06 17:39:13.412   518   646 I ThermalEngine: ACTION: GPU - Setting GPU[0] to 450000000
