--------- beginning of main
08-06 02:35:01.138 24365 17955 I Fitness : FitCleanupIntentOperation received Intent android.intent.action.PACKAGE_REMOVED [CONTEXT service_id=17 ]
08-06 02:35:01.140   918  3714 I AccountManagerService: getTypesVisibleToCaller: isPermitted? true
08-06 02:35:01.140 15866 15866 I Finsky  : [1] uah.a(18): PackageMonitorReceiverImpl - Received: android.intent.action.PACKAGE_REMOVED, [jsPREe6yOOhrMreoEvcpPvP36yUmihacpIgcKsaLph8]
08-06 02:35:01.141 15866 15866 I Finsky  : [1] ubi.d(9): Invalidating cached PackageState for baseline.com.ak.uobtimetable
08-06 02:35:01.145  3784  3784 D CarrierServiceBindHelper: Receive action: android.intent.action.PACKAGE_ADDED
08-06 02:35:01.145  3784  3784 D CarrierServiceBindHelper: Receive action: android.intent.action.PACKAGE_REPLACED
08-06 02:35:01.145  3784  3784 D CarrierServiceBindHelper: mHandler: 3
08-06 02:35:01.145  3784  3784 D CarrierServiceBindHelper: mHandler: 3
08-06 02:35:01.145  3784  3784 D CarrierServiceBindHelper: mHandler: 3
08-06 02:35:01.145  3784  3784 D CarrierConfigLoader: mHandler: 9 phoneId: 0
08-06 02:35:01.158 15866 15866 I Finsky  : [1] lzi.c(2): Frosting ID looked up on UI thread. Caller should move to a background thread.
08-06 02:35:01.162   918  3670 I AccountManagerService: getTypesVisibleToCaller: isPermitted? true
08-06 02:35:01.175 15866 15866 I Finsky  : [1] nqb.c(3): Installer: package baseline.com.ak.uobtimetable was removed. replacing: true
08-06 02:35:01.175 15866 15866 I Finsky  : [1] nra.a(188): Installer: Notifying status update. package=baseline.com.ak.uobtimetable, status=UNINSTALLED
08-06 02:35:01.204 15866 15866 I Finsky  : [1] lzi.c(2): Frosting ID looked up on UI thread. Caller should move to a background thread.
08-06 02:35:01.211 15866 17974 I Finsky  : [6941] ejf.a(-1): Cancelled 0 ongoing asset module downloads for package baseline.com.ak.uobtimetable due to a concurrent app update.
08-06 02:35:01.219 15866 15866 I Finsky  : [1] nra.a(220): Installer: found apps to install. isMultiUserMode=false, apps=[]
08-06 02:35:01.296 15866 16054 I Finsky  : [6134] odj.b(52): IQ: Notifying installation update. package=baseline.com.ak.uobtimetable, status=UNINSTALLED
08-06 02:35:01.320 24577 17969 I Auth    : [SupervisedAccountIntentOperation] onHandleIntent(): android.intent.action.PACKAGE_ADDED
08-06 02:35:01.321 24577 17969 I ChromeSync: [Sync,SyncIntentOperation] Handling the intent: Intent { act=android.intent.action.PACKAGE_ADDED dat=package:baseline.com.ak.uobtimetable flg=0x4000010 cmp=com.google.android.gms/.chimera.GmsIntentOperationService (has extras) }.
08-06 02:35:01.327 15866 17959 I Finsky  : [6939] lyv.run(-1): Wrote row to frosting DB: 3122
--------- beginning of system
08-06 02:35:01.366   918   928 W ActivityManager: Unable to start service Intent { act=com.google.android.gms.auth.key.retrieval.service.START pkg=com.google.android.gms } U=0: not found
08-06 02:35:01.370 15866 15866 I Finsky  : [1] uah.a(18): PackageMonitorReceiverImpl - Received: android.intent.action.PACKAGE_ADDED, [jsPREe6yOOhrMreoEvcpPvP36yUmihacpIgcKsaLph8]
08-06 02:35:01.371 15866 15866 I Finsky  : [1] ubi.d(9): Invalidating cached PackageState for baseline.com.ak.uobtimetable
08-06 02:35:01.401 15866 15866 I Finsky  : [1] lzi.c(2): Frosting ID looked up on UI thread. Caller should move to a background thread.
08-06 02:35:01.403   918  3670 W ActivityManager: Unbind failed: could not find connection for android.os.BinderProxy@b50a31c
08-06 02:35:01.407 24577 24621 E GmsClient: unable to connect to service: com.google.android.gms.auth.key.retrieval.service.START on com.google.android.gms
08-06 02:35:01.417 15866 17971 I Finsky  : [6940] gzn.a(-1): [ContentSync] finished, scheduled=false
08-06 02:35:01.418 15866 15866 I Finsky  : [1] agsx.a(4): Do not start WearSupportService due to Wear service optimization
08-06 02:35:01.420   918  3359 I AccountManagerService: getTypesVisibleToCaller: isPermitted? true
08-06 02:35:01.421 24577 17969 I ChromeSync: [Persistence,AffiliationManager] One of affiliation or grouping data for android://bz0hZa4nAJEtd0n5sRlXG7KAqctUMWVefv7Ki4mh1p6slZ9YO-n9gS9j8m9YCrsIyI2wIxrDHraumF9Y6pBLTA==@baseline.com.ak.uobtimetable/ was not found. Marking affiliation data as stale...
08-06 02:35:01.423 15866 17974 I Finsky  : [6941] ejc.a(-1): Asset module broadcast after update successful for package baseline.com.ak.uobtimetable. 0 sessions broadcast.
08-06 02:35:01.429 15866 15866 I Finsky  : [1] lzi.c(2): Frosting ID looked up on UI thread. Caller should move to a background thread.
08-06 02:35:01.442 15866 16054 I Finsky  : [6134] odj.b(40): IQ: No matching installs to run for jobs: []
08-06 02:35:01.517   918   929 I AccountManagerService: getTypesVisibleToCaller: isPermitted? true
08-06 02:35:01.522 24577 17973 I FontLog : Package baseline.com.ak.uobtimetable has no metadata [CONTEXT service_id=132 ]
08-06 02:35:01.559 15866 17959 I Finsky  : [6939] lyv.run(-1): Wrote row to frosting DB: 3123
08-06 02:35:01.617 15866 17959 I Finsky  : [6939] lyv.run(-1): Wrote row to frosting DB: 3124
08-06 02:35:01.628 24577 13294 I Icing   : IndexChimeraService.getServiceInterface callingPackage=com.google.android.gms componentName=AppsCorpus serviceId=36
08-06 02:35:01.631 15866 15866 I Finsky  : [1] xmu.a(8): SCH: Jobs in database: 1-1337 3-219 3-220 12-1 24-77777777 26-1414141414 
08-06 02:35:01.634 15866 15866 I Finsky  : [1] xio.a(57): SCH: ConstraintMapping: 24-77777777,  -> L: 0ms, D: 66909293ms, C: false, I: true, N: 0
08-06 02:35:01.634 15866 15866 I Finsky  : [1] xio.a(57): SCH: ConstraintMapping: 1-1337, 12-1,  -> L: 14568ms, D: 27051276ms, C: false, I: false, N: 1
08-06 02:35:01.634 15866 15866 I Finsky  : [1] xio.a(57): SCH: ConstraintMapping: 3-219,  -> L: 0ms, D: 59061890ms, C: false, I: true, N: 2
08-06 02:35:01.635 15866 15866 I Finsky  : [1] xio.a(57): SCH: ConstraintMapping: 3-220,  -> L: 0ms, D: 59061932ms, C: true, I: true, N: 2
08-06 02:35:01.635 15866 15866 I Finsky  : [1] xio.a(57): SCH: ConstraintMapping: 26-1414141414,  -> L: 31699186ms, D: 32599186ms, C: false, I: false, N: 0
08-06 02:35:01.663 15866 15866 I Finsky  : [1] xle.a(34): Cancelling existing jobscheduler jobs: 9005 9002 9010 9006 9008 9003 9000 9004 9009 9007 
08-06 02:35:01.664 15866 15866 I Finsky  : [1] xle.a(27): Scheduling job Id: 9001, L: 0, D: 66909293, C: false, I: true, N: 0
08-06 02:35:01.668 15866 15866 I Finsky  : [1] xle.a(27): Scheduling job Id: 9011, L: 14568, D: 27051276, C: false, I: false, N: 1
08-06 02:35:01.669 15866 15866 I Finsky  : [1] xle.a(27): Scheduling job Id: 9012, L: 0, D: 59061890, C: false, I: true, N: 2
08-06 02:35:01.670 15866 15866 I Finsky  : [1] xle.a(27): Scheduling job Id: 9013, L: 0, D: 59061932, C: true, I: true, N: 2
08-06 02:35:01.671 15866 15866 I Finsky  : [1] xle.a(27): Scheduling job Id: 9014, L: 31699186, D: 32599186, C: false, I: false, N: 0
08-06 02:35:01.672 15866 15866 I Finsky  : [1] xle.a(27): Scheduling job Id: 9015, L: 0, D: 66909293, C: false, I: true, N: 0
08-06 02:35:01.676 15866 15866 I Finsky  : [1] xle.a(27): Scheduling job Id: 9016, L: 14568, D: 27051276, C: false, I: false, N: 1
08-06 02:35:01.678 15866 15866 I Finsky  : [1] xle.a(27): Scheduling job Id: 9017, L: 0, D: 59061890, C: false, I: true, N: 2
08-06 02:35:01.680 15866 15866 I Finsky  : [1] xle.a(27): Scheduling job Id: 9018, L: 0, D: 59061932, C: true, I: true, N: 2
08-06 02:35:01.684 15866 15866 I Finsky  : [1] xle.a(27): Scheduling job Id: 9019, L: 31699186, D: 32599186, C: false, I: false, N: 0
08-06 02:35:01.687 15866 17971 I Finsky  : [6940] gzn.a(-1): [ContentSync] finished, scheduled=true
08-06 02:35:01.694 17985 17985 D AndroidRuntime: >>>>>> START com.android.internal.os.RuntimeInit uid 2000 <<<<<<
08-06 02:35:01.697 15866 17959 I Finsky  : [6939] lyv.run(-1): Wrote row to frosting DB: 3125
08-06 02:35:01.698 17985 17985 D AndroidRuntime: CheckJNI is OFF
08-06 02:35:01.721 17985 17985 D ICU     : No timezone override file found: /data/misc/zoneinfo/current/icu/icu_tzdata.dat
08-06 02:35:01.743 17985 17985 I Radio-JNI: register_android_hardware_Radio DONE
08-06 02:35:01.758 17985 17985 D AndroidRuntime: Calling main entry com.android.commands.monkey.Monkey
08-06 02:35:01.773 24577  7391 W Icing   : No valid account for uploading user actions
08-06 02:35:01.774   918   931 W BroadcastQueue: Skipping deliver [background] BroadcastRecord{4c8d5b9 u-1 android.net.conn.CONNECTIVITY_CHANGE} to ReceiverList{b78dfe 17985 (unknown name)/2000/u-1 remote:4df7003}: process crashing
08-06 02:35:01.784   918  6112 I AccountManagerService: getTypesVisibleToCaller: isPermitted? true
08-06 02:35:01.784   918  4413 I ActivityManager: START u0 {act=android.intent.action.MAIN cat=[android.intent.category.LAUNCHER] flg=0x10200000 cmp=baseline.com.ak.uobtimetable/.MainActivity} from uid 2000 on display 0
08-06 02:35:01.792   918   932 I sensors : batch
08-06 02:35:01.806   918  3188 I hubconnection: sensorhub said: 'batch 31 flags:0, sampling_rate_Hz:15.00, max_report_latency_us:0'
08-06 02:35:01.811   918  3714 I ActivityManager: Start proc 18001:baseline.com.ak.uobtimetable/u0a710 for activity baseline.com.ak.uobtimetable/.MainActivity
08-06 02:35:01.812 18001 18001 I art     : Late-enabling -Xcheck:jni
08-06 02:35:01.833 17985 17985 I art     : System.exit called, status: 0
08-06 02:35:01.833 17985 17985 I AndroidRuntime: VM exiting with result code 0.
08-06 02:35:01.836   918   932 I sensors : flush
08-06 02:35:01.841   918  3188 I hubconnection: sensorhub said: 'flush 31'
08-06 02:35:01.841   918  3188 I hubconnection: saw sensor 31 flushed
08-06 02:35:01.857 24577 13294 I Icing   : IndexChimeraService.getServiceInterface callingPackage=com.google.android.gms componentName=null serviceId=30
08-06 02:35:01.877 18001 18001 W System  : ClassLoader referenced unknown path: /data/app/baseline.com.ak.uobtimetable-1/lib/arm64
08-06 02:35:01.882 18001 18001 E Application: Can't init Bugsnag - No key
08-06 02:35:01.882 18001 18001 E Application: java.lang.Exception: Can't init Bugsnag - No key
08-06 02:35:01.882 18001 18001 E Application: 	at baseline.com.ak.uobtimetable.Utilities.Logging.Logger.error(Logger.java:79)
08-06 02:35:01.882 18001 18001 E Application: 	at baseline.com.ak.uobtimetable.MyApplication.onCreate(MyApplication.java:52)
08-06 02:35:01.882 18001 18001 E Application: 	at android.app.Instrumentation.callApplicationOnCreate(Instrumentation.java:1013)
08-06 02:35:01.882 18001 18001 E Application: 	at android.app.ActivityThread.handleBindApplication(ActivityThread.java:4707)
08-06 02:35:01.882 18001 18001 E Application: 	at android.app.ActivityThread.-wrap1(ActivityThread.java)
08-06 02:35:01.882 18001 18001 E Application: 	at android.app.ActivityThread$H.handleMessage(ActivityThread.java:1405)
08-06 02:35:01.882 18001 18001 E Application: 	at android.os.Handler.dispatchMessage(Handler.java:102)
08-06 02:35:01.882 18001 18001 E Application: 	at android.os.Looper.loop(Looper.java:148)
08-06 02:35:01.882 18001 18001 E Application: 	at android.app.ActivityThread.main(ActivityThread.java:5417)
08-06 02:35:01.882 18001 18001 E Application: 	at java.lang.reflect.Method.invoke(Native Method)
08-06 02:35:01.882 18001 18001 E Application: 	at com.android.internal.os.ZygoteInit$MethodAndArgsCaller.run(ZygoteInit.java:726)
08-06 02:35:01.882 18001 18001 E Application: 	at com.android.internal.os.ZygoteInit.main(ZygoteInit.java:616)
08-06 02:35:01.883 24577  7391 I Icing   : Usage reports ok 2, Failed Usage reports 0, indexed 0, rejected 0
08-06 02:35:01.885 18001 18001 I Application: API level: 23
08-06 02:35:01.885 18001 18001 I Application: API level name: M
08-06 02:35:01.885 24577  7391 W Icing   : No valid account for uploading user actions
08-06 02:35:01.890 16458 14157 I PBSessionCacheImpl: Deleted sessionId[72384646105454640] from persistence.
08-06 02:35:01.894 16458 16488 W SearchServiceCore: Abort, client detached.
08-06 02:35:01.894 16458 16488 I MicroDetectionState: Should stop hotword detection immediately - true
08-06 02:35:01.902 18001 18001 I Application: Target API level: 29
08-06 02:35:01.902 18001 18001 I Application: Git commit hash: d26bf1fa
08-06 02:35:01.902 18001 18001 I Application: Git branch: master
08-06 02:35:01.902 18001 18001 I Application: Build type: Debug
08-06 02:35:01.906 18001 18001 I Application: Build keys: Release
08-06 02:35:01.906 18001 18001 I Application: Version code: 21
08-06 02:35:01.907 18001 18001 I Application: Version name: 2.5
08-06 02:35:01.907 18001 18001 I Application: Build date: 22:30 03/08/20
08-06 02:35:01.908 18001 18001 I Application: Package update date: 23:40 05/08/20
08-06 02:35:01.908 18001 18001 I SettingsManager: Getting int: launchCount
08-06 02:35:01.908 18001 18001 I SettingsManager: Setting int: launchCount
08-06 02:35:01.920   918  5952 W BackupManagerService: dataChanged but no participant pkg='baseline.com.ak.uobtimetable' uid=10710
08-06 02:35:01.921 18001 18001 I Application: Launch count: 1
08-06 02:35:01.924 18001 18001 I Application: Network: TYPE_WIFI
08-06 02:35:01.924 18001 18001 I Application: Tablet layout: false
08-06 02:35:01.931 24577  7391 I Icing   : Usage reports ok 1, Failed Usage reports 0, indexed 0, rejected 0
08-06 02:35:01.932 24577  7391 I Icing   : Indexing com.google.android.gms-internal.3p:MobileApplication from com.google.android.gms using seqno 763
08-06 02:35:01.935 24577  7391 I Icing   : Indexing com.google.android.gms-internal.3p:MobileApplication from com.google.android.gms using seqno 763
08-06 02:35:01.938 18001 18001 W art     : Before Android 4.1, method android.graphics.PorterDuffColorFilter androidx.vectordrawable.graphics.drawable.VectorDrawableCompat.updateTintFilter(android.graphics.PorterDuffColorFilter, android.content.res.ColorStateList, android.graphics.PorterDuff$Mode) would have incorrectly overridden the package-private method in android.graphics.drawable.Drawable
08-06 02:35:01.951 18001 18001 I art     : Rejecting re-init on previously-failed class java.lang.Class<androidx.core.view.ViewCompat$OnUnhandledKeyEventListenerWrapper>
08-06 02:35:01.952 18001 18001 I art     : Rejecting re-init on previously-failed class java.lang.Class<androidx.core.view.ViewCompat$OnUnhandledKeyEventListenerWrapper>
08-06 02:35:01.953 24577 13294 I Icing   : IndexChimeraService.getServiceInterface callingPackage=com.google.android.gms componentName=null serviceId=36
08-06 02:35:01.955 24577  7391 W Icing   : No valid account for uploading user actions
08-06 02:35:01.963 24577  7391 I Icing   : Usage reports ok 0, Failed Usage reports 0, indexed 0, rejected 0
08-06 02:35:02.018 18001 18001 D MainActivity: onCreate
08-06 02:35:02.018 18001 18001 I SettingsManager: Getting string: savedSessions
08-06 02:35:02.018 18001 18001 I Settings: No saved sessions
08-06 02:35:02.050 18001 18001 I SettingsManager: Getting string: savedCourse
08-06 02:35:02.051   918  6110 I ActivityManager: START u0 {flg=0x14000000 cmp=baseline.com.ak.uobtimetable/.WelcomeActivity} from uid 10710 on display 0
08-06 02:35:02.062 18001 18001 D MainActivity: OnResume
08-06 02:35:02.069 18001 18020 D OpenGLRenderer: Use EGL_SWAP_BEHAVIOR_PRESERVED: true
08-06 02:35:02.076 18001 18001 D MainActivity: OnPause
08-06 02:35:02.178 18001 18020 I Adreno  : QUALCOMM build                   : fcf4852, I1af360237c
08-06 02:35:02.178 18001 18020 I Adreno  : Build Date                       : 09/23/15
08-06 02:35:02.178 18001 18020 I Adreno  : OpenGL ES Shader Compiler Version: XE031.05.13.02
08-06 02:35:02.178 18001 18020 I Adreno  : Local Branch                     : mybranch14465806
08-06 02:35:02.178 18001 18020 I Adreno  : Remote Branch                    : quic/LA.BF64.1.2.9_v2
08-06 02:35:02.178 18001 18020 I Adreno  : Remote Branch                    : NONE
08-06 02:35:02.178 18001 18020 I Adreno  : Reconstruct Branch               : NOTHING
08-06 02:35:02.181 18001 18020 I OpenGLRenderer: Initialized EGL, version 1.4
08-06 02:35:02.347 13866 13866 I GoogleInputMethodServic: GoogleInputMethodService.onFinishInput():3138 
08-06 02:35:02.347   918   936 I ActivityManager: Displayed baseline.com.ak.uobtimetable/.WelcomeActivity: +270ms (total +549ms)
08-06 02:35:02.349 13866 13866 I GoogleInputMethodServic: GoogleInputMethodService.onStartInput():1808 
08-06 02:35:02.606 18001 18001 D MainActivity: Saving state
08-06 02:35:02.886 24577  7391 I Icing   : Indexing com.google.android.gms-apps from com.google.android.gms
08-06 02:35:02.953 24577  7391 I Icing   : Indexing done com.google.android.gms-apps
08-06 02:35:02.954 24577  7391 I Icing   : Indexing com.google.android.gms-apps from com.google.android.gms
08-06 02:35:02.955 24577  7391 I Icing   : Indexing done com.google.android.gms-apps
08-06 02:35:03.390 18036 18036 D AndroidRuntime: >>>>>> START com.android.internal.os.RuntimeInit uid 2000 <<<<<<
08-06 02:35:03.397 18036 18036 D AndroidRuntime: CheckJNI is OFF
08-06 02:35:03.433 18036 18036 D ICU     : No timezone override file found: /data/misc/zoneinfo/current/icu/icu_tzdata.dat
08-06 02:35:03.467 18036 18036 I Radio-JNI: register_android_hardware_Radio DONE
08-06 02:35:03.484 18036 18036 D AndroidRuntime: Calling main entry com.android.commands.am.Am
08-06 02:35:03.490  3167  3167 I Trepn   : Trepn 6.2s: Received intent: com.quicinc.trepn.start_profiling
08-06 02:35:03.613  3167  3167 W FileUtils: Failed to chmod(/storage/emulated/0/trepn/Trepn_2020.08.06_023503.db): android.system.ErrnoException: chmod failed: EPERM (Operation not permitted)
08-06 02:35:03.765  3167  3167 I Trepn   : Trepn 6.2s: Trepn has Started Profiling.
08-06 02:35:03.767 18036 18036 D AndroidRuntime: Shutting down VM
08-06 02:35:04.250 18001 18013 I art     : Starting a blocking GC Explicit
08-06 02:35:04.276 18001 18013 I art     : Explicit concurrent mark sweep GC freed 11523(1362KB) AllocSpace objects, 3(1360KB) LOS objects, 40% free, 21MB/36MB, paused 171us total 25.691ms
08-06 02:35:04.287 18001 18013 I art     : Starting a blocking GC Explicit
08-06 02:35:04.300 18001 18013 I art     : Explicit concurrent mark sweep GC freed 582(26KB) AllocSpace objects, 0(0B) LOS objects, 40% free, 21MB/36MB, paused 110us total 12.369ms
08-06 02:35:04.308 18001 18013 I art     : Starting a blocking GC Explicit
08-06 02:35:04.318 18001 18013 I art     : Explicit concurrent mark sweep GC freed 3(96B) AllocSpace objects, 0(0B) LOS objects, 40% free, 21MB/36MB, paused 92us total 9.998ms
08-06 02:35:04.324 18001 18013 I art     : Starting a blocking GC Explicit
08-06 02:35:04.334 18001 18013 I art     : Explicit concurrent mark sweep GC freed 3(96B) AllocSpace objects, 0(0B) LOS objects, 40% free, 21MB/36MB, paused 94us total 10.074ms
08-06 02:35:04.340 18001 18013 I art     : Starting a blocking GC Explicit
08-06 02:35:04.350 18001 18013 I art     : Explicit concurrent mark sweep GC freed 3(96B) AllocSpace objects, 0(0B) LOS objects, 40% free, 21MB/36MB, paused 91us total 9.840ms
08-06 02:35:04.622 18001 18012 I art     : Starting a blocking GC Explicit
08-06 02:35:04.636 18001 18012 I art     : Explicit concurrent mark sweep GC freed 1272(74KB) AllocSpace objects, 1(20KB) LOS objects, 40% free, 21MB/36MB, paused 115us total 12.966ms
08-06 02:35:04.646 18001 18012 I art     : Starting a blocking GC Explicit
08-06 02:35:04.658 18001 18012 I art     : Explicit concurrent mark sweep GC freed 18(624B) AllocSpace objects, 0(0B) LOS objects, 40% free, 21MB/36MB, paused 95us total 12.232ms
08-06 02:35:04.664 18001 18012 I art     : Starting a blocking GC Explicit
08-06 02:35:04.675 18001 18012 I art     : Explicit concurrent mark sweep GC freed 3(96B) AllocSpace objects, 0(0B) LOS objects, 40% free, 21MB/36MB, paused 92us total 10.112ms
08-06 02:35:04.681 18001 18012 I art     : Starting a blocking GC Explicit
08-06 02:35:04.691 18001 18012 I art     : Explicit concurrent mark sweep GC freed 3(96B) AllocSpace objects, 0(0B) LOS objects, 40% free, 21MB/36MB, paused 95us total 9.952ms
08-06 02:35:04.697 18001 18012 I art     : Starting a blocking GC Explicit
08-06 02:35:04.707 18001 18012 I art     : Explicit concurrent mark sweep GC freed 3(96B) AllocSpace objects, 0(0B) LOS objects, 40% free, 21MB/36MB, paused 90us total 10.059ms
08-06 02:35:04.985 13136 13136 I ServiceManager: Waiting for service AtCmdFwd...
08-06 02:35:05.007 18001 18013 I art     : Starting a blocking GC Explicit
08-06 02:35:05.021 18001 18013 I art     : Explicit concurrent mark sweep GC freed 1271(74KB) AllocSpace objects, 1(20KB) LOS objects, 40% free, 21MB/36MB, paused 123us total 13.571ms
08-06 02:35:05.028 18001 18013 I art     : Starting a blocking GC Explicit
08-06 02:35:05.040 18001 18013 I art     : Explicit concurrent mark sweep GC freed 18(624B) AllocSpace objects, 0(0B) LOS objects, 40% free, 21MB/36MB, paused 122us total 11.565ms
08-06 02:35:05.046 18001 18013 I art     : Starting a blocking GC Explicit
08-06 02:35:05.057 18001 18013 I art     : Explicit concurrent mark sweep GC freed 3(96B) AllocSpace objects, 0(0B) LOS objects, 40% free, 21MB/36MB, paused 121us total 10.867ms
08-06 02:35:05.064 18001 18013 I art     : Starting a blocking GC Explicit
08-06 02:35:05.074 18001 18013 I art     : Explicit concurrent mark sweep GC freed 3(96B) AllocSpace objects, 0(0B) LOS objects, 40% free, 21MB/36MB, paused 95us total 9.787ms
08-06 02:35:05.079 18001 18013 I art     : Starting a blocking GC Explicit
08-06 02:35:05.089 18001 18013 I art     : Explicit concurrent mark sweep GC freed 3(96B) AllocSpace objects, 0(0B) LOS objects, 40% free, 21MB/36MB, paused 92us total 9.581ms
08-06 02:35:05.389 18001 18012 I art     : Starting a blocking GC Explicit
08-06 02:35:05.405 18001 18012 I art     : Explicit concurrent mark sweep GC freed 1268(74KB) AllocSpace objects, 1(20KB) LOS objects, 40% free, 21MB/36MB, paused 147us total 15.383ms
08-06 02:35:05.415 18001 18012 I art     : Starting a blocking GC Explicit
08-06 02:35:05.427 18001 18012 I art     : Explicit concurrent mark sweep GC freed 18(624B) AllocSpace objects, 0(0B) LOS objects, 40% free, 21MB/36MB, paused 129us total 12.013ms
08-06 02:35:05.433 18001 18012 I art     : Starting a blocking GC Explicit
08-06 02:35:05.444 18001 18012 I art     : Explicit concurrent mark sweep GC freed 3(96B) AllocSpace objects, 0(0B) LOS objects, 40% free, 21MB/36MB, paused 97us total 10.642ms
08-06 02:35:05.450 18001 18012 I art     : Starting a blocking GC Explicit
08-06 02:35:05.461 18001 18012 I art     : Explicit concurrent mark sweep GC freed 3(96B) AllocSpace objects, 0(0B) LOS objects, 40% free, 21MB/36MB, paused 90us total 10.134ms
08-06 02:35:05.466 18001 18012 I art     : Starting a blocking GC Explicit
08-06 02:35:05.476 18001 18012 I art     : Explicit concurrent mark sweep GC freed 3(96B) AllocSpace objects, 0(0B) LOS objects, 40% free, 21MB/36MB, paused 90us total 9.860ms
08-06 02:35:05.782 18001 18013 I art     : Starting a blocking GC Explicit
08-06 02:35:05.797 18001 18013 I art     : Explicit concurrent mark sweep GC freed 1268(74KB) AllocSpace objects, 1(20KB) LOS objects, 40% free, 21MB/36MB, paused 133us total 14.395ms
08-06 02:35:05.807 18001 18013 I art     : Starting a blocking GC Explicit
08-06 02:35:05.820 18001 18013 I art     : Explicit concurrent mark sweep GC freed 18(624B) AllocSpace objects, 0(0B) LOS objects, 40% free, 21MB/36MB, paused 173us total 12.411ms
08-06 02:35:05.826 18001 18013 I art     : Starting a blocking GC Explicit
08-06 02:35:05.837 18001 18013 I art     : Explicit concurrent mark sweep GC freed 3(96B) AllocSpace objects, 0(0B) LOS objects, 40% free, 21MB/36MB, paused 214us total 10.688ms
08-06 02:35:05.843 18001 18013 I art     : Starting a blocking GC Explicit
08-06 02:35:05.853 18001 18013 I art     : Explicit concurrent mark sweep GC freed 3(96B) AllocSpace objects, 0(0B) LOS objects, 40% free, 21MB/36MB, paused 100us total 10.061ms
08-06 02:35:05.860 18001 18013 I art     : Starting a blocking GC Explicit
08-06 02:35:05.870 18001 18013 I art     : Explicit concurrent mark sweep GC freed 3(96B) AllocSpace objects, 0(0B) LOS objects, 40% free, 21MB/36MB, paused 93us total 10.079ms
08-06 02:35:05.986 13136 13136 I ServiceManager: Waiting for service AtCmdFwd...
08-06 02:35:06.169 18001 18012 I art     : Starting a blocking GC Explicit
08-06 02:35:06.186 18001 18012 I art     : Explicit concurrent mark sweep GC freed 1268(74KB) AllocSpace objects, 1(20KB) LOS objects, 40% free, 21MB/36MB, paused 141us total 16.269ms
08-06 02:35:06.198 18001 18012 I art     : Starting a blocking GC Explicit
08-06 02:35:06.209 18001 18012 I art     : Explicit concurrent mark sweep GC freed 18(624B) AllocSpace objects, 0(0B) LOS objects, 40% free, 21MB/36MB, paused 110us total 10.720ms
08-06 02:35:06.215 18001 18012 I art     : Starting a blocking GC Explicit
08-06 02:35:06.226 18001 18012 I art     : Explicit concurrent mark sweep GC freed 3(96B) AllocSpace objects, 0(0B) LOS objects, 40% free, 21MB/36MB, paused 93us total 10.443ms
08-06 02:35:06.233 18001 18012 I art     : Starting a blocking GC Explicit
08-06 02:35:06.243 18001 18012 I art     : Explicit concurrent mark sweep GC freed 3(96B) AllocSpace objects, 0(0B) LOS objects, 40% free, 21MB/36MB, paused 84us total 9.993ms
08-06 02:35:06.249 18001 18012 I art     : Starting a blocking GC Explicit
08-06 02:35:06.258 18001 18012 I art     : Explicit concurrent mark sweep GC freed 3(96B) AllocSpace objects, 0(0B) LOS objects, 40% free, 21MB/36MB, paused 88us total 9.493ms
08-06 02:35:06.566 18001 18013 I art     : Starting a blocking GC Explicit
08-06 02:35:06.581 18001 18013 I art     : Explicit concurrent mark sweep GC freed 1268(74KB) AllocSpace objects, 1(20KB) LOS objects, 40% free, 21MB/36MB, paused 131us total 14.874ms
08-06 02:35:06.590 18001 18013 I art     : Starting a blocking GC Explicit
08-06 02:35:06.601 18001 18013 I art     : Explicit concurrent mark sweep GC freed 18(624B) AllocSpace objects, 0(0B) LOS objects, 40% free, 21MB/36MB, paused 104us total 10.745ms
08-06 02:35:06.608 18001 18013 I art     : Starting a blocking GC Explicit
08-06 02:35:06.618 18001 18013 I art     : Explicit concurrent mark sweep GC freed 3(96B) AllocSpace objects, 0(0B) LOS objects, 40% free, 21MB/36MB, paused 98us total 10.395ms
08-06 02:35:06.625 18001 18013 I art     : Starting a blocking GC Explicit
08-06 02:35:06.635 18001 18013 I art     : Explicit concurrent mark sweep GC freed 3(96B) AllocSpace objects, 0(0B) LOS objects, 40% free, 21MB/36MB, paused 98us total 9.996ms
08-06 02:35:06.641 18001 18013 I art     : Starting a blocking GC Explicit
08-06 02:35:06.651 18001 18013 I art     : Explicit concurrent mark sweep GC freed 3(96B) AllocSpace objects, 0(0B) LOS objects, 40% free, 21MB/36MB, paused 89us total 9.959ms
08-06 02:35:06.939 18001 18012 I art     : Starting a blocking GC Explicit
08-06 02:35:06.954 18001 18012 I art     : Explicit concurrent mark sweep GC freed 1268(74KB) AllocSpace objects, 1(20KB) LOS objects, 40% free, 21MB/36MB, paused 120us total 15.002ms
08-06 02:35:06.965 18001 18012 I art     : Starting a blocking GC Explicit
08-06 02:35:06.976 18001 18012 I art     : Explicit concurrent mark sweep GC freed 18(624B) AllocSpace objects, 0(0B) LOS objects, 40% free, 21MB/36MB, paused 96us total 11.145ms
08-06 02:35:06.983 18001 18012 I art     : Starting a blocking GC Explicit
08-06 02:35:06.987 13136 13136 I ServiceManager: Waiting for service AtCmdFwd...
08-06 02:35:06.993 18001 18012 I art     : Explicit concurrent mark sweep GC freed 3(96B) AllocSpace objects, 0(0B) LOS objects, 40% free, 21MB/36MB, paused 89us total 10.386ms
08-06 02:35:06.999 18001 18012 I art     : Starting a blocking GC Explicit
08-06 02:35:07.009 18001 18012 I art     : Explicit concurrent mark sweep GC freed 3(96B) AllocSpace objects, 0(0B) LOS objects, 40% free, 21MB/36MB, paused 88us total 10.012ms
08-06 02:35:07.015 18001 18012 I art     : Starting a blocking GC Explicit
08-06 02:35:07.025 18001 18012 I art     : Explicit concurrent mark sweep GC freed 3(96B) AllocSpace objects, 0(0B) LOS objects, 40% free, 21MB/36MB, paused 87us total 9.824ms
08-06 02:35:07.314 18001 18013 I art     : Starting a blocking GC Explicit
08-06 02:35:07.329 18001 18013 I art     : Explicit concurrent mark sweep GC freed 1268(74KB) AllocSpace objects, 1(20KB) LOS objects, 40% free, 21MB/36MB, paused 121us total 14.821ms
08-06 02:35:07.339 18001 18013 I art     : Starting a blocking GC Explicit
08-06 02:35:07.350 18001 18013 I art     : Explicit concurrent mark sweep GC freed 18(624B) AllocSpace objects, 0(0B) LOS objects, 40% free, 21MB/36MB, paused 97us total 10.698ms
08-06 02:35:07.356 18001 18013 I art     : Starting a blocking GC Explicit
08-06 02:35:07.366 18001 18013 I art     : Explicit concurrent mark sweep GC freed 3(96B) AllocSpace objects, 0(0B) LOS objects, 40% free, 21MB/36MB, paused 100us total 10.338ms
08-06 02:35:07.373 18001 18013 I art     : Starting a blocking GC Explicit
08-06 02:35:07.383 18001 18013 I art     : Explicit concurrent mark sweep GC freed 3(96B) AllocSpace objects, 0(0B) LOS objects, 40% free, 21MB/36MB, paused 95us total 10.379ms
08-06 02:35:07.389 18001 18013 I art     : Starting a blocking GC Explicit
08-06 02:35:07.400 18001 18013 I art     : Explicit concurrent mark sweep GC freed 3(96B) AllocSpace objects, 0(0B) LOS objects, 40% free, 21MB/36MB, paused 96us total 10.192ms
08-06 02:35:07.691 18001 18012 I art     : Starting a blocking GC Explicit
08-06 02:35:07.703 18001 18012 I art     : Explicit concurrent mark sweep GC freed 1268(74KB) AllocSpace objects, 1(20KB) LOS objects, 40% free, 21MB/36MB, paused 100us total 11.364ms
08-06 02:35:07.709 18001 18012 I art     : Starting a blocking GC Explicit
08-06 02:35:07.719 18001 18012 I art     : Explicit concurrent mark sweep GC freed 18(624B) AllocSpace objects, 0(0B) LOS objects, 40% free, 21MB/36MB, paused 83us total 9.982ms
08-06 02:35:07.724 18001 18012 I art     : Starting a blocking GC Explicit
08-06 02:35:07.733 18001 18012 I art     : Explicit concurrent mark sweep GC freed 3(96B) AllocSpace objects, 0(0B) LOS objects, 40% free, 21MB/36MB, paused 87us total 8.925ms
08-06 02:35:07.739 18001 18012 I art     : Starting a blocking GC Explicit
08-06 02:35:07.747 18001 18012 I art     : Explicit concurrent mark sweep GC freed 3(96B) AllocSpace objects, 0(0B) LOS objects, 40% free, 21MB/36MB, paused 77us total 8.407ms
08-06 02:35:07.753 18001 18012 I art     : Starting a blocking GC Explicit
08-06 02:35:07.761 18001 18012 I art     : Explicit concurrent mark sweep GC freed 3(96B) AllocSpace objects, 0(0B) LOS objects, 40% free, 21MB/36MB, paused 78us total 8.562ms
08-06 02:35:07.987 13136 13136 I ServiceManager: Waiting for service AtCmdFwd...
08-06 02:35:08.020 18001 18013 I art     : Starting a blocking GC Explicit
08-06 02:35:08.037 18001 18013 I art     : Explicit concurrent mark sweep GC freed 1268(74KB) AllocSpace objects, 1(20KB) LOS objects, 40% free, 21MB/36MB, paused 137us total 15.913ms
08-06 02:35:08.047 18001 18013 I art     : Starting a blocking GC Explicit
08-06 02:35:08.060 18001 18013 I art     : Explicit concurrent mark sweep GC freed 18(624B) AllocSpace objects, 0(0B) LOS objects, 40% free, 21MB/36MB, paused 107us total 12.803ms
08-06 02:35:08.070 18001 18013 I art     : Starting a blocking GC Explicit
08-06 02:35:08.083 18001 18013 I art     : Explicit concurrent mark sweep GC freed 3(96B) AllocSpace objects, 0(0B) LOS objects, 40% free, 21MB/36MB, paused 103us total 12.545ms
08-06 02:35:08.091 18001 18013 I art     : Starting a blocking GC Explicit
08-06 02:35:08.101 18001 18013 I art     : Explicit concurrent mark sweep GC freed 3(96B) AllocSpace objects, 0(0B) LOS objects, 40% free, 21MB/36MB, paused 93us total 10.112ms
08-06 02:35:08.107 18001 18013 I art     : Starting a blocking GC Explicit
08-06 02:35:08.117 18001 18013 I art     : Explicit concurrent mark sweep GC freed 3(96B) AllocSpace objects, 0(0B) LOS objects, 40% free, 21MB/36MB, paused 94us total 9.881ms
08-06 02:35:08.411 18001 18012 I art     : Starting a blocking GC Explicit
08-06 02:35:08.428 18001 18012 I art     : Explicit concurrent mark sweep GC freed 1268(74KB) AllocSpace objects, 1(20KB) LOS objects, 40% free, 21MB/36MB, paused 272us total 16.593ms
08-06 02:35:08.438 18001 18012 I art     : Starting a blocking GC Explicit
08-06 02:35:08.452 18001 18012 I art     : Explicit concurrent mark sweep GC freed 18(624B) AllocSpace objects, 0(0B) LOS objects, 40% free, 21MB/36MB, paused 116us total 13.749ms
08-06 02:35:08.461 18001 18012 I art     : Starting a blocking GC Explicit
08-06 02:35:08.472 18001 18012 I art     : Explicit concurrent mark sweep GC freed 3(96B) AllocSpace objects, 0(0B) LOS objects, 40% free, 21MB/36MB, paused 86us total 10.885ms
08-06 02:35:08.478 18001 18012 I art     : Starting a blocking GC Explicit
08-06 02:35:08.488 18001 18012 I art     : Explicit concurrent mark sweep GC freed 3(96B) AllocSpace objects, 0(0B) LOS objects, 40% free, 21MB/36MB, paused 87us total 9.569ms
08-06 02:35:08.494 18001 18012 I art     : Starting a blocking GC Explicit
08-06 02:35:08.503 18001 18012 I art     : Explicit concurrent mark sweep GC freed 3(96B) AllocSpace objects, 0(0B) LOS objects, 40% free, 21MB/36MB, paused 80us total 8.867ms
08-06 02:35:08.763 18001 18013 I art     : Starting a blocking GC Explicit
08-06 02:35:08.774 18001 18013 I art     : Explicit concurrent mark sweep GC freed 1268(74KB) AllocSpace objects, 1(20KB) LOS objects, 40% free, 21MB/36MB, paused 105us total 10.336ms
08-06 02:35:08.780 18001 18013 I art     : Starting a blocking GC Explicit
08-06 02:35:08.790 18001 18013 I art     : Explicit concurrent mark sweep GC freed 18(624B) AllocSpace objects, 0(0B) LOS objects, 40% free, 21MB/36MB, paused 98us total 10.193ms
08-06 02:35:08.796 18001 18013 I art     : Starting a blocking GC Explicit
08-06 02:35:08.806 18001 18013 I art     : Explicit concurrent mark sweep GC freed 3(96B) AllocSpace objects, 0(0B) LOS objects, 40% free, 21MB/36MB, paused 92us total 9.815ms
08-06 02:35:08.812 18001 18013 I art     : Starting a blocking GC Explicit
08-06 02:35:08.822 18001 18013 I art     : Explicit concurrent mark sweep GC freed 3(96B) AllocSpace objects, 0(0B) LOS objects, 40% free, 21MB/36MB, paused 92us total 9.913ms
08-06 02:35:08.828 18001 18013 I art     : Starting a blocking GC Explicit
08-06 02:35:08.838 18001 18013 I art     : Explicit concurrent mark sweep GC freed 3(96B) AllocSpace objects, 0(0B) LOS objects, 40% free, 21MB/36MB, paused 97us total 9.316ms
08-06 02:35:08.886 18234 18234 D AndroidRuntime: >>>>>> START com.android.internal.os.RuntimeInit uid 2000 <<<<<<
08-06 02:35:08.890 18234 18234 D AndroidRuntime: CheckJNI is OFF
08-06 02:35:08.915 18234 18234 D ICU     : No timezone override file found: /data/misc/zoneinfo/current/icu/icu_tzdata.dat
08-06 02:35:08.940 18234 18234 I Radio-JNI: register_android_hardware_Radio DONE
08-06 02:35:08.957 18234 18234 D AndroidRuntime: Calling main entry com.android.commands.input.Input
08-06 02:35:08.959 18234 18234 I Input   : injectMotionEvent: MotionEvent { action=ACTION_DOWN, actionButton=0, id[0]=0, x[0]=711.0, y[0]=1664.0, toolType[0]=TOOL_TYPE_UNKNOWN, buttonState=0, metaState=0, flags=0x0, edgeFlags=0x0, pointerCount=1, historySize=0, eventTime=844525372, downTime=844525372, deviceId=0, source=0x1002 }
08-06 02:35:08.966 18234 18234 I Input   : injectMotionEvent: MotionEvent { action=ACTION_UP, actionButton=0, id[0]=0, x[0]=711.0, y[0]=1664.0, toolType[0]=TOOL_TYPE_UNKNOWN, buttonState=0, metaState=0, flags=0x0, edgeFlags=0x0, pointerCount=1, historySize=0, eventTime=844525372, downTime=844525372, deviceId=0, source=0x1002 }
08-06 02:35:08.967 18234 18234 D AndroidRuntime: Shutting down VM
08-06 02:35:08.981   918  5952 I ActivityManager: START u0 {flg=0x14000000 cmp=baseline.com.ak.uobtimetable/.CourseListActivity} from uid 10710 on display 0
08-06 02:35:08.982   512  2967 D audio_hw_primary: out_set_parameters: enter: usecase(1: low-latency-playback) kvpairs: routing=2
08-06 02:35:08.988 13136 13136 I ServiceManager: Waiting for service AtCmdFwd...
08-06 02:35:08.995   512  2967 D audio_hw_primary: select_devices: out_snd_device(2: speaker) in_snd_device(0: none)
08-06 02:35:08.995   512  2967 D msm8974_platform: platform_send_audio_calibration: sending audio calibration for snd_device(2) acdb_id(15)
08-06 02:35:08.995   512  2967 I soundtrigger: audio_extn_sound_trigger_update_device_status: device 0x2 of type 0 for Event 1
08-06 02:35:09.008   512  2967 D audio_hw_primary: enable_snd_device: snd_device(2: speaker)
08-06 02:35:09.009   512  2967 D audio_hw_primary: enable_audio_route: apply and update mixer path: low-latency-playback speaker
08-06 02:35:09.020 18001 18001 D CourseListActivity: onCreate
08-06 02:35:09.048 18001 18270 D HTTP    : Request for: https://uob-timetable-api.adriankeenan.co.uk/courses
08-06 02:35:09.058 18001 18012 I art     : Starting a blocking GC Explicit
08-06 02:35:09.071 18001 18012 I art     : Explicit concurrent mark sweep GC freed 4669(372KB) AllocSpace objects, 1(20KB) LOS objects, 40% free, 22MB/37MB, paused 142us total 12.424ms
08-06 02:35:09.076 18001 18012 I art     : Starting a blocking GC Explicit
08-06 02:35:09.087 18001 18012 I art     : Explicit concurrent mark sweep GC freed 374(19KB) AllocSpace objects, 0(0B) LOS objects, 40% free, 22MB/36MB, paused 310us total 10.738ms
08-06 02:35:09.093 18001 18012 I art     : Starting a blocking GC Explicit
08-06 02:35:09.105 18001 18012 I art     : Explicit concurrent mark sweep GC freed 106(3KB) AllocSpace objects, 0(0B) LOS objects, 40% free, 22MB/37MB, paused 165us total 11.432ms
08-06 02:35:09.110 18001 18012 I art     : Starting a blocking GC Explicit
08-06 02:35:09.121 13866 13866 I GoogleInputMethodServic: GoogleInputMethodService.onFinishInput():3138 
08-06 02:35:09.121   918   936 I ActivityManager: Displayed baseline.com.ak.uobtimetable/.CourseListActivity: +130ms
08-06 02:35:09.122 18001 18012 I art     : Explicit concurrent mark sweep GC freed 25(880B) AllocSpace objects, 0(0B) LOS objects, 40% free, 22MB/37MB, paused 165us total 11.507ms
08-06 02:35:09.123 13866 13866 I GoogleInputMethodServic: GoogleInputMethodService.onStartInput():1808 
08-06 02:35:09.129 18001 18012 I art     : Starting a blocking GC Explicit
08-06 02:35:09.142 18001 18012 I art     : Explicit concurrent mark sweep GC freed 95(6KB) AllocSpace objects, 0(0B) LOS objects, 40% free, 22MB/37MB, paused 188us total 12.365ms
08-06 02:35:09.146 18001 18020 D OpenGLRenderer: endAllStagingAnimators on 0x7f949fb800 (RippleDrawable) with handle 0x7f99f12420
08-06 02:35:09.373 18001 18013 I art     : Starting a blocking GC Explicit
08-06 02:35:09.392 18001 18013 I art     : Explicit concurrent mark sweep GC freed 1431(87KB) AllocSpace objects, 1(20KB) LOS objects, 40% free, 22MB/37MB, paused 191us total 18.997ms
08-06 02:35:09.399 18001 18013 I art     : Starting a blocking GC Explicit
08-06 02:35:09.410 18001 18013 I art     : Explicit concurrent mark sweep GC freed 27(912B) AllocSpace objects, 0(0B) LOS objects, 40% free, 22MB/37MB, paused 132us total 10.772ms
08-06 02:35:09.416 18001 18013 I art     : Starting a blocking GC Explicit
08-06 02:35:09.427 18001 18013 I art     : Explicit concurrent mark sweep GC freed 4(128B) AllocSpace objects, 0(0B) LOS objects, 40% free, 22MB/37MB, paused 144us total 10.820ms
08-06 02:35:09.432 18001 18013 I art     : Starting a blocking GC Explicit
08-06 02:35:09.443 18001 18013 I art     : Explicit concurrent mark sweep GC freed 4(128B) AllocSpace objects, 0(0B) LOS objects, 40% free, 22MB/37MB, paused 131us total 10.727ms
08-06 02:35:09.449 18001 18013 I art     : Starting a blocking GC Explicit
08-06 02:35:09.460 18001 18013 I art     : Explicit concurrent mark sweep GC freed 762(61KB) AllocSpace objects, 0(0B) LOS objects, 40% free, 22MB/37MB, paused 195us total 11.096ms
08-06 02:35:09.533 18001 18270 I NAPPA_EXPERIMENTATION: MetricNetworkRequestExecutionTime: REQUEST_DURATION_SYSTEM='480',REQUEST_DURATION_OKHTTP='39',REQUEST_SYNCHRONOUS='TRUE',RESPONSE_CODE='200',RESPONSE_METHOD='GET',RESPONSE_LENGTH_OKHTTP='-1',RESPONSE_LENGTH_HEADER='-2',REQUEST_PROTOCOL='http/1.1',REQUEST_URL='https://uob-timetable-api.adriankeenan.co.uk/courses',
08-06 02:35:09.549   512  2967 D audio_hw_primary: disable_audio_route: reset and update mixer path: low-latency-playback speaker
08-06 02:35:09.550   512  2967 D audio_hw_primary: disable_snd_device: snd_device(2: speaker)
08-06 02:35:09.558   512  2967 I soundtrigger: audio_extn_sound_trigger_update_device_status: device 0x2 of type 0 for Event 0
08-06 02:35:09.722 18001 18274 I art     : Starting a blocking GC Explicit
08-06 02:35:09.735 18001 18274 I art     : Explicit concurrent mark sweep GC freed 54(4KB) AllocSpace objects, 0(0B) LOS objects, 26% free, 44MB/60MB, paused 186us total 12.842ms
08-06 02:35:09.741 18001 18274 I art     : Starting a blocking GC Explicit
08-06 02:35:09.753 18001 18274 I art     : Explicit concurrent mark sweep GC freed 12(448B) AllocSpace objects, 0(0B) LOS objects, 26% free, 44MB/60MB, paused 144us total 11.499ms
08-06 02:35:09.759 18001 18274 I art     : Starting a blocking GC Explicit
08-06 02:35:09.769 18001 18274 I art     : Explicit concurrent mark sweep GC freed 12(448B) AllocSpace objects, 0(0B) LOS objects, 26% free, 44MB/60MB, paused 171us total 10.513ms
08-06 02:35:09.775 18001 18274 I art     : Starting a blocking GC Explicit
08-06 02:35:09.785 18001 18274 I art     : Explicit concurrent mark sweep GC freed 12(448B) AllocSpace objects, 0(0B) LOS objects, 26% free, 44MB/60MB, paused 143us total 9.860ms
08-06 02:35:09.791 18001 18274 I art     : Starting a blocking GC Explicit
08-06 02:35:09.801 18001 18274 I art     : Explicit concurrent mark sweep GC freed 12(448B) AllocSpace objects, 0(0B) LOS objects, 26% free, 44MB/60MB, paused 150us total 9.955ms
08-06 02:35:09.889 18001 18270 I HTTP    : Response was compressed.
08-06 02:35:09.989 13136 13136 W Atfwd_Sendcmd: AtCmdFwd service not published, waiting... retryCnt : 1
08-06 02:35:10.059 18001 18274 I art     : Starting a blocking GC Explicit
08-06 02:35:10.076 18001 18274 I art     : Explicit concurrent mark sweep GC freed 53956(2MB) AllocSpace objects, 0(0B) LOS objects, 29% free, 38MB/54MB, paused 228us total 17.611ms
08-06 02:35:10.084 18001 18274 I art     : Starting a blocking GC Explicit
08-06 02:35:10.099 18001 18274 I art     : Explicit concurrent mark sweep GC freed 12730(596KB) AllocSpace objects, 0(0B) LOS objects, 29% free, 38MB/54MB, paused 232us total 14.392ms
08-06 02:35:10.105 18001 18274 I art     : Starting a blocking GC Explicit
08-06 02:35:10.120 18001 18274 I art     : Explicit concurrent mark sweep GC freed 11335(529KB) AllocSpace objects, 0(0B) LOS objects, 29% free, 38MB/54MB, paused 226us total 14.234ms
08-06 02:35:10.126 18001 18274 I art     : Starting a blocking GC Explicit
08-06 02:35:10.139 18001 18274 I art     : Explicit concurrent mark sweep GC freed 11159(521KB) AllocSpace objects, 0(0B) LOS objects, 29% free, 38MB/54MB, paused 215us total 13.445ms
08-06 02:35:10.146 18001 18274 I art     : Starting a blocking GC Explicit
08-06 02:35:10.160 18001 18274 I art     : Explicit concurrent mark sweep GC freed 11014(520KB) AllocSpace objects, 0(0B) LOS objects, 29% free, 38MB/54MB, paused 215us total 13.707ms
08-06 02:35:10.420 18001 18271 I art     : Starting a blocking GC Explicit
08-06 02:35:10.450 18001 18271 I art     : Explicit concurrent mark sweep GC freed 156794(7MB) AllocSpace objects, 1(20KB) LOS objects, 28% free, 39MB/55MB, paused 297us total 29.820ms
08-06 02:35:10.459 18001 18271 I art     : Starting a blocking GC Explicit
08-06 02:35:10.475 18001 18271 I art     : Explicit concurrent mark sweep GC freed 18458(867KB) AllocSpace objects, 0(0B) LOS objects, 28% free, 39MB/55MB, paused 265us total 15.626ms
08-06 02:35:10.482 18001 18271 I art     : Starting a blocking GC Explicit
08-06 02:35:10.498 18001 18271 I art     : Explicit concurrent mark sweep GC freed 12683(598KB) AllocSpace objects, 0(0B) LOS objects, 28% free, 39MB/55MB, paused 345us total 16.206ms
08-06 02:35:10.505 18001 18271 I art     : Starting a blocking GC Explicit
08-06 02:35:10.522 18001 18271 I art     : Explicit concurrent mark sweep GC freed 12959(610KB) AllocSpace objects, 0(0B) LOS objects, 28% free, 40MB/56MB, paused 294us total 16.175ms
08-06 02:35:10.529 18001 18271 I art     : Starting a blocking GC Explicit
08-06 02:35:10.546 18001 18271 I art     : Explicit concurrent mark sweep GC freed 13234(629KB) AllocSpace objects, 0(0B) LOS objects, 28% free, 40MB/56MB, paused 354us total 16.584ms
08-06 02:35:10.812 18001 18271 I art     : Starting a blocking GC Explicit
08-06 02:35:10.849 18001 18271 I art     : Explicit concurrent mark sweep GC freed 163057(7MB) AllocSpace objects, 1(20KB) LOS objects, 27% free, 41MB/57MB, paused 404us total 36.640ms
08-06 02:35:10.858 18001 18271 I art     : Starting a blocking GC Explicit
08-06 02:35:10.877 18001 18271 I art     : Explicit concurrent mark sweep GC freed 20907(974KB) AllocSpace objects, 0(0B) LOS objects, 27% free, 41MB/57MB, paused 281us total 18.636ms
08-06 02:35:10.885 18001 18271 I art     : Starting a blocking GC Explicit
08-06 02:35:10.905 18001 18271 I art     : Explicit concurrent mark sweep GC freed 15089(703KB) AllocSpace objects, 0(0B) LOS objects, 27% free, 41MB/57MB, paused 326us total 19.384ms
08-06 02:35:10.913 18001 18271 I art     : Starting a blocking GC Explicit
08-06 02:35:10.933 18001 18271 I art     : Explicit concurrent mark sweep GC freed 15223(711KB) AllocSpace objects, 0(0B) LOS objects, 27% free, 41MB/57MB, paused 327us total 19.361ms
08-06 02:35:10.941 18001 18271 I art     : Starting a blocking GC Explicit
08-06 02:35:10.961 18001 18271 I art     : Explicit concurrent mark sweep GC freed 15626(733KB) AllocSpace objects, 0(0B) LOS objects, 27% free, 41MB/57MB, paused 306us total 19.577ms
08-06 02:35:11.217 18001 18271 I art     : Starting a blocking GC Explicit
08-06 02:35:11.254 18001 18271 I art     : Explicit concurrent mark sweep GC freed 156329(7MB) AllocSpace objects, 1(20KB) LOS objects, 27% free, 43MB/59MB, paused 428us total 37.563ms
08-06 02:35:11.264 18001 18271 I art     : Starting a blocking GC Explicit
08-06 02:35:11.287 18001 18271 I art     : Explicit concurrent mark sweep GC freed 22003(1027KB) AllocSpace objects, 0(0B) LOS objects, 27% free, 43MB/59MB, paused 372us total 22.527ms
08-06 02:35:11.297 18001 18271 I art     : Starting a blocking GC Explicit
08-06 02:35:11.319 18001 18271 I art     : Explicit concurrent mark sweep GC freed 17652(830KB) AllocSpace objects, 0(0B) LOS objects, 27% free, 43MB/59MB, paused 386us total 21.921ms
08-06 02:35:11.328 18001 18271 I art     : Starting a blocking GC Explicit
08-06 02:35:11.351 18001 18271 I art     : Explicit concurrent mark sweep GC freed 17545(821KB) AllocSpace objects, 0(0B) LOS objects, 26% free, 43MB/59MB, paused 394us total 22.885ms
08-06 02:35:11.360 18001 18271 I art     : Starting a blocking GC Explicit
08-06 02:35:11.383 18001 18271 I art     : Explicit concurrent mark sweep GC freed 17641(833KB) AllocSpace objects, 0(0B) LOS objects, 26% free, 43MB/59MB, paused 409us total 22.932ms
08-06 02:35:11.650 18001 18274 I art     : Starting a blocking GC Explicit
08-06 02:35:11.695 18001 18274 I art     : Explicit concurrent mark sweep GC freed 163115(7MB) AllocSpace objects, 1(20KB) LOS objects, 26% free, 45MB/61MB, paused 530us total 43.962ms
08-06 02:35:11.707 18001 18274 I art     : Starting a blocking GC Explicit
08-06 02:35:11.732 18001 18274 I art     : Explicit concurrent mark sweep GC freed 23816(1164KB) AllocSpace objects, 0(0B) LOS objects, 26% free, 44MB/60MB, paused 509us total 25.051ms
08-06 02:35:11.742 18001 18274 I art     : Starting a blocking GC Explicit
08-06 02:35:11.769 18001 18274 I art     : Explicit concurrent mark sweep GC freed 19485(907KB) AllocSpace objects, 0(0B) LOS objects, 26% free, 45MB/61MB, paused 509us total 26.544ms
08-06 02:35:11.779 18001 18274 I art     : Starting a blocking GC Explicit
08-06 02:35:11.806 18001 18274 I art     : Explicit concurrent mark sweep GC freed 19716(921KB) AllocSpace objects, 0(0B) LOS objects, 26% free, 45MB/61MB, paused 460us total 26.388ms
08-06 02:35:11.816 18001 18274 I art     : Starting a blocking GC Explicit
08-06 02:35:11.843 18001 18274 I art     : Explicit concurrent mark sweep GC freed 18239(874KB) AllocSpace objects, 0(0B) LOS objects, 26% free, 45MB/61MB, paused 423us total 26.927ms
08-06 02:35:12.112 18001 18274 I art     : Starting a blocking GC Explicit
08-06 02:35:12.159 18001 18274 I art     : Explicit concurrent mark sweep GC freed 163863(7MB) AllocSpace objects, 1(20KB) LOS objects, 25% free, 46MB/62MB, paused 516us total 47.065ms
08-06 02:35:12.172 18001 18274 I art     : Starting a blocking GC Explicit
08-06 02:35:12.201 18001 18274 I art     : Explicit concurrent mark sweep GC freed 24146(1123KB) AllocSpace objects, 0(0B) LOS objects, 25% free, 46MB/62MB, paused 456us total 28.431ms
08-06 02:35:12.211 18001 18274 I art     : Starting a blocking GC Explicit
08-06 02:35:12.241 18001 18274 I art     : Explicit concurrent mark sweep GC freed 22078(1025KB) AllocSpace objects, 0(0B) LOS objects, 25% free, 46MB/62MB, paused 500us total 29.728ms
08-06 02:35:12.252 18001 18274 I art     : Starting a blocking GC Explicit
08-06 02:35:12.283 18001 18274 I art     : Explicit concurrent mark sweep GC freed 22578(1056KB) AllocSpace objects, 0(0B) LOS objects, 25% free, 46MB/62MB, paused 1.323ms total 30.992ms
08-06 02:35:12.294 18001 18274 I art     : Starting a blocking GC Explicit
08-06 02:35:12.325 18001 18274 I art     : Explicit concurrent mark sweep GC freed 22451(1053KB) AllocSpace objects, 0(0B) LOS objects, 25% free, 47MB/63MB, paused 509us total 30.418ms
08-06 02:35:12.592 18001 18274 I art     : Starting a blocking GC Explicit
08-06 02:35:12.645 18001 18274 I art     : Explicit concurrent mark sweep GC freed 165488(7MB) AllocSpace objects, 1(20KB) LOS objects, 24% free, 48MB/64MB, paused 1.711ms total 53.102ms
08-06 02:35:12.658 18001 18274 I art     : Starting a blocking GC Explicit
08-06 02:35:12.664 18001 18270 I Service : getCourses response time: 0.69
08-06 02:35:12.681 18001 18001 I SettingsManager: Getting string: savedCourse
08-06 02:35:12.690 18001 18274 I art     : Explicit concurrent mark sweep GC freed 15477(777KB) AllocSpace objects, 0(0B) LOS objects, 24% free, 48MB/64MB, paused 179us total 31.823ms
08-06 02:35:12.701 18001 18274 I art     : Starting a blocking GC Explicit
08-06 02:35:12.734 18001 18274 I art     : Explicit concurrent mark sweep GC freed 401(21KB) AllocSpace objects, 1(14MB) LOS objects, 32% free, 33MB/49MB, paused 316us total 33.191ms
08-06 02:35:12.746 18001 18274 I art     : Starting a blocking GC Explicit
08-06 02:35:12.776 18001 18274 I art     : Explicit concurrent mark sweep GC freed 331(11KB) AllocSpace objects, 0(0B) LOS objects, 32% free, 33MB/49MB, paused 169us total 29.669ms
08-06 02:35:12.788 18001 18274 I art     : Starting a blocking GC Explicit
08-06 02:35:12.818 18001 18274 I art     : Explicit concurrent mark sweep GC freed 41(1776B) AllocSpace objects, 0(0B) LOS objects, 32% free, 33MB/49MB, paused 126us total 29.900ms
08-06 02:35:13.132 18001 18012 I art     : Starting a blocking GC Explicit
08-06 02:35:13.186 18001 18012 I art     : Explicit concurrent mark sweep GC freed 1271(74KB) AllocSpace objects, 1(20KB) LOS objects, 32% free, 33MB/49MB, paused 174us total 53.906ms
08-06 02:35:13.202 18001 18012 I art     : Starting a blocking GC Explicit
08-06 02:35:13.239 18001 18012 I art     : Explicit concurrent mark sweep GC freed 18(624B) AllocSpace objects, 0(0B) LOS objects, 32% free, 33MB/49MB, paused 172us total 36.636ms
08-06 02:35:13.252 18001 18012 I art     : Starting a blocking GC Explicit
08-06 02:35:13.286 18001 18012 I art     : Explicit concurrent mark sweep GC freed 3(96B) AllocSpace objects, 0(0B) LOS objects, 32% free, 33MB/49MB, paused 141us total 34.555ms
08-06 02:35:13.299 18001 18012 I art     : Starting a blocking GC Explicit
08-06 02:35:13.335 18001 18012 I art     : Explicit concurrent mark sweep GC freed 3(96B) AllocSpace objects, 0(0B) LOS objects, 32% free, 33MB/49MB, paused 134us total 35.703ms
08-06 02:35:13.348 18001 18012 I art     : Starting a blocking GC Explicit
08-06 02:35:13.384 18001 18012 I art     : Explicit concurrent mark sweep GC freed 3(96B) AllocSpace objects, 0(0B) LOS objects, 32% free, 33MB/49MB, paused 148us total 35.776ms
08-06 02:35:13.661   518   646 I ThermalEngine: ACTION: GPU - Setting GPU[0] to 510000000
08-06 02:35:13.709 18001 18013 I art     : Starting a blocking GC Explicit
08-06 02:35:13.763 18001 18013 I art     : Explicit concurrent mark sweep GC freed 1274(74KB) AllocSpace objects, 1(20KB) LOS objects, 32% free, 33MB/49MB, paused 222us total 53.395ms
08-06 02:35:13.782 18001 18013 I art     : Starting a blocking GC Explicit
08-06 02:35:13.824 18001 18013 I art     : Explicit concurrent mark sweep GC freed 18(624B) AllocSpace objects, 0(0B) LOS objects, 32% free, 33MB/49MB, paused 200us total 42.255ms
08-06 02:35:13.840 18001 18013 I art     : Starting a blocking GC Explicit
08-06 02:35:13.883 18001 18013 I art     : Explicit concurrent mark sweep GC freed 3(96B) AllocSpace objects, 0(0B) LOS objects, 32% free, 33MB/49MB, paused 185us total 42.459ms
08-06 02:35:13.899 18001 18013 I art     : Starting a blocking GC Explicit
08-06 02:35:13.943 18001 18013 I art     : Explicit concurrent mark sweep GC freed 3(96B) AllocSpace objects, 0(0B) LOS objects, 32% free, 33MB/49MB, paused 197us total 44.095ms
08-06 02:35:13.959 18001 18013 I art     : Starting a blocking GC Explicit
08-06 02:35:14.002 18001 18013 I art     : Explicit concurrent mark sweep GC freed 3(96B) AllocSpace objects, 0(0B) LOS objects, 32% free, 33MB/49MB, paused 196us total 42.587ms
08-06 02:35:14.310 18001 18271 I art     : Starting a blocking GC Explicit
08-06 02:35:14.369 18001 18271 I art     : Explicit concurrent mark sweep GC freed 1275(74KB) AllocSpace objects, 1(20KB) LOS objects, 32% free, 33MB/49MB, paused 192us total 59.228ms
08-06 02:35:14.386 18001 18271 I art     : Starting a blocking GC Explicit
08-06 02:35:14.424 18001 18271 I art     : Explicit concurrent mark sweep GC freed 20(704B) AllocSpace objects, 0(0B) LOS objects, 32% free, 33MB/49MB, paused 183us total 37.564ms
08-06 02:35:14.424 18001 18011 I art     : WaitForGcToComplete blocked for 32.541ms for cause HeapTrim
08-06 02:35:14.439 18001 18271 I art     : Starting a blocking GC Explicit
08-06 02:35:14.482 18001 18271 I art     : Explicit concurrent mark sweep GC freed 3(96B) AllocSpace objects, 0(0B) LOS objects, 32% free, 33MB/49MB, paused 187us total 42.203ms
08-06 02:35:14.498 18001 18271 I art     : Starting a blocking GC Explicit
08-06 02:35:14.540 18001 18271 I art     : Explicit concurrent mark sweep GC freed 3(96B) AllocSpace objects, 0(0B) LOS objects, 32% free, 33MB/49MB, paused 185us total 42.290ms
08-06 02:35:14.556 18001 18271 I art     : Starting a blocking GC Explicit
08-06 02:35:14.599 18001 18271 I art     : Explicit concurrent mark sweep GC freed 3(96B) AllocSpace objects, 0(0B) LOS objects, 32% free, 33MB/49MB, paused 187us total 42.251ms
08-06 02:35:14.747   918  1210 D NetlinkSocketObserver: NeighborEvent{elapsedMs=1827918622, 192.168.2.254, [7C3953A63323], RTM_NEWNEIGH, NUD_STALE}
08-06 02:35:14.918 18001 18012 I art     : Starting a blocking GC Explicit
08-06 02:35:14.975 18001 18012 I art     : Explicit concurrent mark sweep GC freed 1274(74KB) AllocSpace objects, 1(20KB) LOS objects, 32% free, 33MB/49MB, paused 217us total 57.244ms
08-06 02:35:14.990 13136 13136 I ServiceManager: Waiting for service AtCmdFwd...
08-06 02:35:14.994 18001 18012 I art     : Starting a blocking GC Explicit
08-06 02:35:15.033 18001 18012 I art     : Explicit concurrent mark sweep GC freed 18(624B) AllocSpace objects, 0(0B) LOS objects, 32% free, 33MB/49MB, paused 185us total 38.604ms
08-06 02:35:15.048 18001 18012 I art     : Starting a blocking GC Explicit
08-06 02:35:15.092 18001 18012 I art     : Explicit concurrent mark sweep GC freed 3(96B) AllocSpace objects, 0(0B) LOS objects, 32% free, 33MB/49MB, paused 209us total 43.589ms
08-06 02:35:15.108 18001 18012 I art     : Starting a blocking GC Explicit
08-06 02:35:15.151 18001 18012 I art     : Explicit concurrent mark sweep GC freed 3(96B) AllocSpace objects, 0(0B) LOS objects, 32% free, 33MB/49MB, paused 189us total 42.679ms
08-06 02:35:15.167 18001 18012 I art     : Starting a blocking GC Explicit
08-06 02:35:15.209 18001 18012 I art     : Explicit concurrent mark sweep GC freed 3(96B) AllocSpace objects, 0(0B) LOS objects, 32% free, 33MB/49MB, paused 177us total 41.814ms
08-06 02:35:15.505 18001 18013 I art     : Starting a blocking GC Explicit
08-06 02:35:15.550 18001 18013 I art     : Explicit concurrent mark sweep GC freed 1274(74KB) AllocSpace objects, 1(20KB) LOS objects, 32% free, 33MB/49MB, paused 202us total 44.537ms
08-06 02:35:15.567 18001 18013 I art     : Starting a blocking GC Explicit
08-06 02:35:15.607 18001 18013 I art     : Explicit concurrent mark sweep GC freed 18(624B) AllocSpace objects, 0(0B) LOS objects, 32% free, 33MB/49MB, paused 244us total 40.511ms
08-06 02:35:15.623 18001 18013 I art     : Starting a blocking GC Explicit
08-06 02:35:15.637 18412 18412 D AndroidRuntime: >>>>>> START com.android.internal.os.RuntimeInit uid 2000 <<<<<<
08-06 02:35:15.642 18412 18412 D AndroidRuntime: CheckJNI is OFF
08-06 02:35:15.663 18001 18013 I art     : Explicit concurrent mark sweep GC freed 3(96B) AllocSpace objects, 0(0B) LOS objects, 32% free, 33MB/49MB, paused 190us total 39.498ms
08-06 02:35:15.677 18001 18013 I art     : Starting a blocking GC Explicit
08-06 02:35:15.678 18412 18412 D ICU     : No timezone override file found: /data/misc/zoneinfo/current/icu/icu_tzdata.dat
08-06 02:35:15.711 18412 18412 I Radio-JNI: register_android_hardware_Radio DONE
08-06 02:35:15.715 18001 18013 I art     : Explicit concurrent mark sweep GC freed 3(96B) AllocSpace objects, 0(0B) LOS objects, 32% free, 33MB/49MB, paused 189us total 37.981ms
08-06 02:35:15.730 18001 18013 I art     : Starting a blocking GC Explicit
08-06 02:35:15.733 18412 18412 D AndroidRuntime: Calling main entry com.android.commands.input.Input
08-06 02:35:15.735 18412 18412 I Input   : injectMotionEvent: MotionEvent { action=ACTION_DOWN, actionButton=0, id[0]=0, x[0]=526.0, y[0]=704.0, toolType[0]=TOOL_TYPE_UNKNOWN, buttonState=0, metaState=0, flags=0x0, edgeFlags=0x0, pointerCount=1, historySize=0, eventTime=844532148, downTime=844532148, deviceId=0, source=0x1002 }
08-06 02:35:15.741 18412 18412 I Input   : injectMotionEvent: MotionEvent { action=ACTION_UP, actionButton=0, id[0]=0, x[0]=526.0, y[0]=704.0, toolType[0]=TOOL_TYPE_UNKNOWN, buttonState=0, metaState=0, flags=0x0, edgeFlags=0x0, pointerCount=1, historySize=0, eventTime=844532148, downTime=844532148, deviceId=0, source=0x1002 }
08-06 02:35:15.742 18412 18412 D AndroidRuntime: Shutting down VM
08-06 02:35:15.769 18001 18013 I art     : Explicit concurrent mark sweep GC freed 19(608B) AllocSpace objects, 0(0B) LOS objects, 32% free, 33MB/49MB, paused 205us total 38.979ms
08-06 02:35:15.809   512  2967 D audio_hw_primary: out_set_parameters: enter: usecase(1: low-latency-playback) kvpairs: routing=2
08-06 02:35:15.821   512  2967 D audio_hw_primary: select_devices: out_snd_device(2: speaker) in_snd_device(0: none)
08-06 02:35:15.821   512  2967 D msm8974_platform: platform_send_audio_calibration: sending audio calibration for snd_device(2) acdb_id(15)
08-06 02:35:15.822   512  2967 I soundtrigger: audio_extn_sound_trigger_update_device_status: device 0x2 of type 0 for Event 1
08-06 02:35:15.832   512  2967 D audio_hw_primary: enable_snd_device: snd_device(2: speaker)
08-06 02:35:15.834   512  2967 D audio_hw_primary: enable_audio_route: apply and update mixer path: low-latency-playback speaker
08-06 02:35:15.990 13136 13136 I ServiceManager: Waiting for service AtCmdFwd...
08-06 02:35:16.014 18001 18013 I art     : Starting a blocking GC Explicit
08-06 02:35:16.072 18001 18013 I art     : Explicit concurrent mark sweep GC freed 2033(133KB) AllocSpace objects, 2(40KB) LOS objects, 32% free, 33MB/49MB, paused 305us total 57.879ms
08-06 02:35:16.094 18001 18013 I art     : Starting a blocking GC Explicit
08-06 02:35:16.139 18001 18013 I art     : Explicit concurrent mark sweep GC freed 147(6KB) AllocSpace objects, 0(0B) LOS objects, 32% free, 33MB/49MB, paused 198us total 44.634ms
08-06 02:35:16.159 18001 18013 I art     : Starting a blocking GC Explicit
08-06 02:35:16.211 18001 18013 I art     : Explicit concurrent mark sweep GC freed 7(224B) AllocSpace objects, 0(0B) LOS objects, 32% free, 33MB/49MB, paused 201us total 51.846ms
08-06 02:35:16.231 18001 18013 I art     : Starting a blocking GC Explicit
08-06 02:35:16.274 18001 18013 I art     : Explicit concurrent mark sweep GC freed 5(192B) AllocSpace objects, 0(0B) LOS objects, 32% free, 33MB/49MB, paused 190us total 42.504ms
08-06 02:35:16.294 18001 18013 I art     : Starting a blocking GC Explicit
08-06 02:35:16.348 18001 18013 I art     : Explicit concurrent mark sweep GC freed 5(160B) AllocSpace objects, 0(0B) LOS objects, 32% free, 33MB/49MB, paused 218us total 54.131ms
08-06 02:35:16.370   512  2967 D audio_hw_primary: disable_audio_route: reset and update mixer path: low-latency-playback speaker
08-06 02:35:16.372   512  2967 D audio_hw_primary: disable_snd_device: snd_device(2: speaker)
08-06 02:35:16.381   512  2967 I soundtrigger: audio_extn_sound_trigger_update_device_status: device 0x2 of type 0 for Event 0
08-06 02:35:16.642 18001 18012 I art     : Starting a blocking GC Explicit
08-06 02:35:16.685 18001 18012 I art     : Explicit concurrent mark sweep GC freed 1280(75KB) AllocSpace objects, 1(20KB) LOS objects, 32% free, 33MB/49MB, paused 191us total 43.317ms
08-06 02:35:16.701 18001 18012 I art     : Starting a blocking GC Explicit
08-06 02:35:16.743 18001 18012 I art     : Explicit concurrent mark sweep GC freed 22(752B) AllocSpace objects, 0(0B) LOS objects, 32% free, 33MB/49MB, paused 178us total 41.893ms
08-06 02:35:16.759 18001 18012 I art     : Starting a blocking GC Explicit
08-06 02:35:16.800 18001 18012 I art     : Explicit concurrent mark sweep GC freed 3(96B) AllocSpace objects, 0(0B) LOS objects, 32% free, 33MB/49MB, paused 197us total 40.306ms
08-06 02:35:16.816 18001 18012 I art     : Starting a blocking GC Explicit
08-06 02:35:16.824 15866 15866 I Finsky  : [1] xow.onStartJob(3): SCH: onJobSchedulerWakeup with jobId 9016
08-06 02:35:16.831 15866 15866 I Finsky  : [1] xjw.a(9): Scheduling fallback in 43199994 (absolute: 1871120699)
08-06 02:35:16.835 15866 15866 I Finsky  : [1] xjw.a(9): Scheduling fallback in 64799996 (absolute: 1892720706)
08-06 02:35:16.839 15866 15866 I Finsky  : [1] xow.onStartJob(3): SCH: onJobSchedulerWakeup with jobId 9011
08-06 02:35:16.844 15866 15866 I Finsky  : [1] xjw.a(9): Scheduling fallback in 43199995 (absolute: 1871120714)
08-06 02:35:16.846 15866 15866 I Finsky  : [1] xjw.a(9): Scheduling fallback in 64799999 (absolute: 1892720719)
08-06 02:35:16.848 15866 15866 W Finsky  : [1] xow.onStartJob(9): SCH: onJobSchedulerWakeup while already running
08-06 02:35:16.854 18001 18012 I art     : Explicit concurrent mark sweep GC freed 3(96B) AllocSpace objects, 0(0B) LOS objects, 32% free, 33MB/49MB, paused 163us total 37.871ms
08-06 02:35:16.868 18001 18012 I art     : Starting a blocking GC Explicit
08-06 02:35:16.905 18001 18012 I art     : Explicit concurrent mark sweep GC freed 3(96B) AllocSpace objects, 0(0B) LOS objects, 32% free, 33MB/49MB, paused 184us total 36.574ms
08-06 02:35:16.954 15866 15866 I Finsky  : [1] xkf.handleMessage(8): SCH: DeviceState: DeviceState{currentTime=1596674116951, isCharging=false, isIdle=false, netAny=true, netNotRoaming=true, netUnmetered=true, batteryPercent=100.0}
08-06 02:35:16.964 15866 17971 I Finsky  : [6940] xmu.a(8): SCH: Jobs in database: 1-1337 3-219 3-220 12-1 24-77777777 26-1414141414 
08-06 02:35:16.967 15866 15866 I Finsky  : [1] xkg.a(16): SCH: Running job: 12-1
08-06 02:35:16.968 15866 15866 I Finsky  : [1] ContentSyncJob.a(16): [ContentSync] job started
08-06 02:35:16.969 15866 15866 I Finsky  : [1] xkf.handleMessage(61): SCH: RunningQueue size: 1, PendingQueue size: 0
08-06 02:35:16.969 15866 15866 I Finsky  : [1] xkf.handleMessage(64): SCH: Running queue: 12-1 
08-06 02:35:16.991 13136 13136 I ServiceManager: Waiting for service AtCmdFwd...
08-06 02:35:17.038 15866 17989 I Finsky  : [6945] dzn.a(22): Completed 0 account content syncs with 0 successful.
08-06 02:35:17.039 15866 15866 I Finsky  : [1] ContentSyncJob.a(1): [ContentSync] Installation state replication succeeded.
08-06 02:35:17.039 15866 15866 I Finsky  : [1] xlr.a(13): SCH: jobFinished: 12-1. TimeElapsed: 71ms.
08-06 02:35:17.040 15866 15866 I Finsky  : [1] xkg.a(36): SCH: Job 12-1 finished. Not rescheduling.
08-06 02:35:17.041 15866 15866 I Finsky  : [1] xkf.handleMessage(61): SCH: RunningQueue size: 0, PendingQueue size: 0
08-06 02:35:17.041 15866 15866 I Finsky  : [1] xkf.handleMessage(25): Executor finished
08-06 02:35:17.074 15866 15866 I Finsky  : [1] xmu.a(8): SCH: Jobs in database: 1-1337 3-219 3-220 24-77777777 26-1414141414 
08-06 02:35:17.077 15866 15866 I Finsky  : [1] xio.a(57): SCH: ConstraintMapping: 24-77777777,  -> L: 0ms, D: 66893850ms, C: false, I: true, N: 0
08-06 02:35:17.078 15866 15866 I Finsky  : [1] xio.a(57): SCH: ConstraintMapping: 1-1337,  -> L: 8617058ms, D: 27035833ms, C: false, I: false, N: 1
08-06 02:35:17.078 15866 15866 I Finsky  : [1] xio.a(57): SCH: ConstraintMapping: 3-219,  -> L: 0ms, D: 59046447ms, C: false, I: true, N: 2
08-06 02:35:17.079 15866 15866 I Finsky  : [1] xio.a(57): SCH: ConstraintMapping: 3-220,  -> L: 0ms, D: 59046489ms, C: true, I: true, N: 2
08-06 02:35:17.080 15866 15866 I Finsky  : [1] xio.a(57): SCH: ConstraintMapping: 26-1414141414,  -> L: 31683743ms, D: 32583743ms, C: false, I: false, N: 0
08-06 02:35:17.106 15866 15866 I Finsky  : [1] xle.a(34): Cancelling existing jobscheduler jobs: 9017 9018 9015 9001 9019 9014 9012 9013 
08-06 02:35:17.108 15866 15866 I Finsky  : [1] xle.a(10): Throttling wakeup for job 9000 (expected to run in 0 ms) due to recent wakeup
08-06 02:35:17.109 15866 15866 I Finsky  : [1] xle.a(27): Scheduling job Id: 9000, L: 30000, D: 66893850, C: false, I: true, N: 0
08-06 02:35:17.110 15866 15866 I Finsky  : [1] xle.a(27): Scheduling job Id: 9002, L: 8617058, D: 27035833, C: false, I: false, N: 1
08-06 02:35:17.112 15866 15866 I Finsky  : [1] xle.a(10): Throttling wakeup for job 9003 (expected to run in 0 ms) due to recent wakeup
08-06 02:35:17.112 15866 15866 I Finsky  : [1] xle.a(27): Scheduling job Id: 9003, L: 30000, D: 59046447, C: false, I: true, N: 2
08-06 02:35:17.114 15866 15866 I Finsky  : [1] xle.a(10): Throttling wakeup for job 9004 (expected to run in 0 ms) due to recent wakeup
08-06 02:35:17.114 15866 15866 I Finsky  : [1] xle.a(27): Scheduling job Id: 9004, L: 30000, D: 59046489, C: true, I: true, N: 2
08-06 02:35:17.116 15866 15866 I Finsky  : [1] xle.a(27): Scheduling job Id: 9005, L: 31683743, D: 32583743, C: false, I: false, N: 0
08-06 02:35:17.117 15866 15866 I Finsky  : [1] xle.a(10): Throttling wakeup for job 9006 (expected to run in 0 ms) due to recent wakeup
08-06 02:35:17.118 15866 15866 I Finsky  : [1] xle.a(27): Scheduling job Id: 9006, L: 30000, D: 66893850, C: false, I: true, N: 0
08-06 02:35:17.119 15866 15866 I Finsky  : [1] xle.a(27): Scheduling job Id: 9007, L: 8617058, D: 27035833, C: false, I: false, N: 1
08-06 02:35:17.121 15866 15866 I Finsky  : [1] xle.a(10): Throttling wakeup for job 9008 (expected to run in 0 ms) due to recent wakeup
08-06 02:35:17.121 15866 15866 I Finsky  : [1] xle.a(27): Scheduling job Id: 9008, L: 30000, D: 59046447, C: false, I: true, N: 2
08-06 02:35:17.122 15866 15866 I Finsky  : [1] xle.a(10): Throttling wakeup for job 9009 (expected to run in 0 ms) due to recent wakeup
08-06 02:35:17.123 15866 15866 I Finsky  : [1] xle.a(27): Scheduling job Id: 9009, L: 30000, D: 59046489, C: true, I: true, N: 2
08-06 02:35:17.125 15866 15866 I Finsky  : [1] xle.a(27): Scheduling job Id: 9010, L: 31683743, D: 32583743, C: false, I: false, N: 0
08-06 02:35:17.158 18001 18274 I art     : Starting a blocking GC Explicit
08-06 02:35:17.195 18001 18274 I art     : Explicit concurrent mark sweep GC freed 1279(75KB) AllocSpace objects, 1(20KB) LOS objects, 32% free, 33MB/49MB, paused 187us total 36.819ms
08-06 02:35:17.210 18001 18274 I art     : Starting a blocking GC Explicit
08-06 02:35:17.246 18001 18274 I art     : Explicit concurrent mark sweep GC freed 18(624B) AllocSpace objects, 0(0B) LOS objects, 32% free, 33MB/49MB, paused 193us total 36.492ms
08-06 02:35:17.261 18001 18274 I art     : Starting a blocking GC Explicit
08-06 02:35:17.300 18001 18274 I art     : Explicit concurrent mark sweep GC freed 3(96B) AllocSpace objects, 0(0B) LOS objects, 32% free, 33MB/49MB, paused 217us total 38.110ms
08-06 02:35:17.315 18001 18274 I art     : Starting a blocking GC Explicit
08-06 02:35:17.355 18001 18274 I art     : Explicit concurrent mark sweep GC freed 3(96B) AllocSpace objects, 0(0B) LOS objects, 32% free, 33MB/49MB, paused 188us total 40.102ms
08-06 02:35:17.366 18457 18457 D AndroidRuntime: >>>>>> START com.android.internal.os.RuntimeInit uid 2000 <<<<<<
08-06 02:35:17.370 18457 18457 D AndroidRuntime: CheckJNI is OFF
08-06 02:35:17.371 18001 18274 I art     : Starting a blocking GC Explicit
08-06 02:35:17.403 18457 18457 D ICU     : No timezone override file found: /data/misc/zoneinfo/current/icu/icu_tzdata.dat
08-06 02:35:17.408 18001 18274 I art     : Explicit concurrent mark sweep GC freed 3(96B) AllocSpace objects, 0(0B) LOS objects, 32% free, 33MB/49MB, paused 186us total 37.741ms
08-06 02:35:17.436 18457 18457 I Radio-JNI: register_android_hardware_Radio DONE
08-06 02:35:17.457 18457 18457 D AndroidRuntime: Calling main entry com.android.commands.input.Input
08-06 02:35:17.459 18457 18457 I Input   : injectMotionEvent: MotionEvent { action=ACTION_DOWN, actionButton=0, id[0]=0, x[0]=1197.0, y[0]=1456.0, toolType[0]=TOOL_TYPE_UNKNOWN, buttonState=0, metaState=0, flags=0x0, edgeFlags=0x0, pointerCount=1, historySize=0, eventTime=844533872, downTime=844533872, deviceId=0, source=0x1002 }
08-06 02:35:17.465 18457 18457 I Input   : injectMotionEvent: MotionEvent { action=ACTION_UP, actionButton=0, id[0]=0, x[0]=1197.0, y[0]=1456.0, toolType[0]=TOOL_TYPE_UNKNOWN, buttonState=0, metaState=0, flags=0x0, edgeFlags=0x0, pointerCount=1, historySize=0, eventTime=844533872, downTime=844533872, deviceId=0, source=0x1002 }
08-06 02:35:17.466 18457 18457 D AndroidRuntime: Shutting down VM
08-06 02:35:17.471   512  2967 D audio_hw_primary: out_set_parameters: enter: usecase(1: low-latency-playback) kvpairs: routing=2
08-06 02:35:17.484   512  2967 D audio_hw_primary: select_devices: out_snd_device(2: speaker) in_snd_device(0: none)
08-06 02:35:17.484   512  2967 D msm8974_platform: platform_send_audio_calibration: sending audio calibration for snd_device(2) acdb_id(15)
08-06 02:35:17.484   512  2967 I soundtrigger: audio_extn_sound_trigger_update_device_status: device 0x2 of type 0 for Event 1
08-06 02:35:17.496   512  2967 D audio_hw_primary: enable_snd_device: snd_device(2: speaker)
08-06 02:35:17.498   512  2967 D audio_hw_primary: enable_audio_route: apply and update mixer path: low-latency-playback speaker
08-06 02:35:17.501 18001 18020 D OpenGLRenderer: endAllStagingAnimators on 0x7f816b9400 (RippleDrawable) with handle 0x7f804ed640
08-06 02:35:17.510 18001 18001 I SettingsManager: Setting string: savedCourse
08-06 02:35:17.520   918  3961 W BackupManagerService: dataChanged but no participant pkg='baseline.com.ak.uobtimetable' uid=10710
08-06 02:35:17.521   918  4400 I ActivityManager: START u0 {flg=0x4000000 cmp=baseline.com.ak.uobtimetable/.MainActivity (has extras)} from uid 10710 on display 0
08-06 02:35:17.535   918  5481 W InputMethodManagerService: Focus gain on non-focused client com.android.internal.view.IInputMethodClient$Stub$Proxy@1ee0e8 (uid=10710 pid=18001)
08-06 02:35:17.543 18001 18001 D MainActivity: OnDestroy
08-06 02:35:17.567 18001 18001 D MainActivity: onCreate
08-06 02:35:17.567 18001 18001 I SettingsManager: Getting string: savedSessions
08-06 02:35:17.567 18001 18001 I Settings: No saved sessions
08-06 02:35:17.599 18001 18001 I SettingsManager: Getting string: savedCourse
08-06 02:35:17.600 18001 18001 D MainActivity: sessionListFragmentArg: updateSessions
08-06 02:35:17.600 18001 18001 D MainActivity: showTermDatesConfigChange: false
08-06 02:35:17.600 18001 18001 D MainActivity: showTermDatesShortcut: false
08-06 02:35:17.602 18001 18001 D MainActivity: Setting initial fragment: SessionListsFragment
08-06 02:35:17.605 18001 18001 I SettingsManager: Getting int: launchCount
08-06 02:35:17.610 18001 18001 D SessionListsFragment: onCreateView
08-06 02:35:17.623 18001 18001 I SettingsManager: Getting string: savedCourse
08-06 02:35:17.627 18001 18001 I SettingsManager: Getting string: savedSessions
08-06 02:35:17.627 18001 18001 D SessionListsFragment: loadArgument: updateSessions
08-06 02:35:17.627 18001 18001 D SessionListsFragment: initialIndex: -1
08-06 02:35:17.629 18001 18491 D HTTP    : Request for: https://uob-timetable-api.adriankeenan.co.uk/sessions?dept=BD002&course=CFIEFAAF%2F02AA%2F0%2FFT&level=ALL+Courses
08-06 02:35:17.632 18001 18001 I WebViewFactory: Loading com.google.android.webview version 84.0.4147.89 (code 414708953)
08-06 02:35:17.653 18001 18012 I art     : Starting a blocking GC Explicit
08-06 02:35:17.708 18001 18012 I art     : Explicit concurrent mark sweep GC freed 12083(776KB) AllocSpace objects, 4(1380KB) LOS objects, 31% free, 34MB/50MB, paused 481us total 54.323ms
08-06 02:35:17.715 18001 18001 I cr_LibraryLoader: Loaded native library version number "84.0.4147.89"
08-06 02:35:17.716 18001 18001 I cr_CachingUmaRecorder: Flushed 5 samples from 5 histograms.
08-06 02:35:17.724 18001 18012 I art     : Starting a blocking GC Explicit
08-06 02:35:17.750 18001 18001 E chromium: [ERROR:filesystem_posix.cc(62)] mkdir /data/user/0/baseline.com.ak.uobtimetable/cache/WebView/Crashpad: No such file or directory (2)
08-06 02:35:17.765 18001 18012 I art     : Explicit concurrent mark sweep GC freed 3651(330KB) AllocSpace objects, 3(96KB) LOS objects, 31% free, 34MB/50MB, paused 522us total 41.544ms
08-06 02:35:17.786 18001 18012 I art     : Starting a blocking GC Explicit
08-06 02:35:17.830   918  6111 D ConnectivityService: listenForNetwork for Listen from uid/pid:10710/18001 for NetworkRequest [ id=3752, legacyType=-1, [ Capabilities: INTERNET&NOT_RESTRICTED&TRUSTED] ]
08-06 02:35:17.840 18001 18012 I art     : Explicit concurrent mark sweep GC freed 2202(172KB) AllocSpace objects, 2(120KB) LOS objects, 31% free, 35MB/51MB, paused 1.337ms total 53.201ms
08-06 02:35:17.854 18001 18012 I art     : Starting a blocking GC Explicit
08-06 02:35:17.871 18001 18507 W cr_media: Requires BLUETOOTH permission
08-06 02:35:17.879 18001 18519 E libEGL  : validate_display:255 error 3008 (EGL_BAD_DISPLAY)
08-06 02:35:17.884 18001 18001 D TermDatesFragment: WebView loaded
08-06 02:35:17.884 18001 18001 D MainActivity: OnResume
08-06 02:35:17.893 18001 18491 I NAPPA_EXPERIMENTATION: MetricNetworkRequestExecutionTime: REQUEST_DURATION_SYSTEM='263',REQUEST_DURATION_OKHTTP='33',REQUEST_SYNCHRONOUS='TRUE',RESPONSE_CODE='200',RESPONSE_METHOD='GET',RESPONSE_LENGTH_OKHTTP='-1',RESPONSE_LENGTH_HEADER='867',REQUEST_PROTOCOL='http/1.1',REQUEST_URL='https://uob-timetable-api.adriankeenan.co.uk/sessions?dept=BD002&course=CFIEFAAF%2F02AA%2F0%2FFT&level=ALL+Courses',
08-06 02:35:17.903 18001 18012 I art     : Explicit concurrent mark sweep GC freed 2987(250KB) AllocSpace objects, 1(80KB) LOS objects, 31% free, 35MB/51MB, paused 738us total 48.823ms
08-06 02:35:17.912 18001 18001 I TermDatesFragment: Webview load %: 10
08-06 02:35:17.931 18001 18012 I art     : Starting a blocking GC Explicit
08-06 02:35:17.940 18001 18491 I HTTP    : Response was compressed.
08-06 02:35:17.952 18001 18491 I Service : getSessions response time: 1.12
08-06 02:35:17.978 18001 18012 I art     : Explicit concurrent mark sweep GC freed 6659(366KB) AllocSpace objects, 0(0B) LOS objects, 31% free, 35MB/51MB, paused 655us total 46.504ms
08-06 02:35:17.991 13136 13136 I ServiceManager: Waiting for service AtCmdFwd...
08-06 02:35:18.028 18001 18001 I SettingsManager: Getting string: savedSessions
08-06 02:35:18.031   918   936 I ActivityManager: Displayed baseline.com.ak.uobtimetable/.MainActivity: +492ms
08-06 02:35:18.036 18001 18001 I SettingsManager: Setting string: savedSessions
08-06 02:35:18.038   512  2967 D audio_hw_primary: disable_audio_route: reset and update mixer path: low-latency-playback speaker
08-06 02:35:18.039   512  2967 D audio_hw_primary: disable_snd_device: snd_device(2: speaker)
08-06 02:35:18.042   918  5132 W BackupManagerService: dataChanged but no participant pkg='baseline.com.ak.uobtimetable' uid=10710
08-06 02:35:18.043 18001 18001 I SettingsManager: Setting date: savedSessionsTime
08-06 02:35:18.046   512  2967 I soundtrigger: audio_extn_sound_trigger_update_device_status: device 0x2 of type 0 for Event 0
08-06 02:35:18.051   918  6112 W BackupManagerService: dataChanged but no participant pkg='baseline.com.ak.uobtimetable' uid=10710
08-06 02:35:18.051 18001 18001 I SettingsManager: Setting string: savedSessionsCourseName
08-06 02:35:18.056   918   929 W BackupManagerService: dataChanged but no participant pkg='baseline.com.ak.uobtimetable' uid=10710
08-06 02:35:18.056 18001 18001 I SettingsManager: Setting string: savedSessionsDateRange
08-06 02:35:18.061   918  3670 W BackupManagerService: dataChanged but no participant pkg='baseline.com.ak.uobtimetable' uid=10710
08-06 02:35:18.061 18001 18001 I SettingsManager: Setting string: timetableUrl
08-06 02:35:18.066   918  6111 W BackupManagerService: dataChanged but no participant pkg='baseline.com.ak.uobtimetable' uid=10710
08-06 02:35:18.066 18001 18001 I SettingsManager: Getting boolean: notifySessionRemindersEnabled
08-06 02:35:18.067 18001 18001 I SettingsManager: Getting int: notifySessionRemindersMinutes
08-06 02:35:18.067 18001 18001 I SettingsManager: Getting boolean: showHiddenSessions
08-06 02:35:18.095 18001 18001 I SessionReminderNotifier: Created session reminder alarm for f7b4771250a919bd729c1c5a4a459c77 at Mon 08:30:00 10/08/20
08-06 02:35:18.097 18001 18001 I SessionReminderNotifier: Created session reminder alarm for a7f879aabdeb78622c8820a5fb7b64cd at Tue 08:30:00 11/08/20
08-06 02:35:18.099 18001 18001 I SessionReminderNotifier: Created session reminder alarm for 7bc8d7e2c2055711f597c3d9078c6ea3 at Tue 08:30:00 11/08/20
08-06 02:35:18.100 18001 18001 I SessionReminderNotifier: Created session reminder alarm for e0fc978b5db8218778540b4053344581 at Tue 11:00:00 11/08/20
08-06 02:35:18.101 18001 18001 I SessionReminderNotifier: Created session reminder alarm for 21712fef61090882c855a1425543edb5 at Tue 13:30:00 11/08/20
08-06 02:35:18.102 18001 18001 I SessionReminderNotifier: Created session reminder alarm for 65ca4d97f031f29a4d02bbb45a705d8f at Wed 08:30:00 12/08/20
08-06 02:35:18.104 18001 18001 I SessionReminderNotifier: Created session reminder alarm for eeda7741b0bcab58fd9f46dc6ef1d942 at Wed 08:30:00 12/08/20
08-06 02:35:18.106 18001 18001 I SessionReminderNotifier: Created session reminder alarm for c276c1b2075a0beb67f1b3d1e580f920 at Wed 11:00:00 12/08/20
08-06 02:35:18.108 18001 18001 I SessionReminderNotifier: Created session reminder alarm for 79fe0b5c3b887a13ba29db5a33fa2800 at Thu 08:30:00 06/08/20
08-06 02:35:18.109 18001 18001 I SessionReminderNotifier: Created session reminder alarm for 2ba1034116e4fffdd592dbf0796a43d5 at Fri 08:30:00 07/08/20
08-06 02:35:18.110 18001 18001 I SettingsManager: Getting boolean: showHiddenSessions
08-06 02:35:18.111 18001 18001 D SessionListsFragment: 1 sessions for day 0
08-06 02:35:18.111 18001 18001 D SessionListsFragment: 4 sessions for day 1
08-06 02:35:18.111 18001 18001 D SessionListsFragment: 3 sessions for day 2
08-06 02:35:18.111 18001 18001 D SessionListsFragment: 1 sessions for day 3
08-06 02:35:18.111 18001 18001 D SessionListsFragment: 1 sessions for day 4
08-06 02:35:18.158 18001 18001 I SettingsManager: Getting boolean: showHiddenSessions
08-06 02:35:18.159 18001 18001 D SessionListsFragment: Refreshed ViewPager
08-06 02:35:18.159 18001 18001 I SettingsManager: Getting boolean: showHiddenSessions
08-06 02:35:18.160 18001 18001 I SettingsManager: Getting boolean: completedTutorial
08-06 02:35:18.174 18001 18001 I SettingsManager: Getting boolean: showHiddenSessions
08-06 02:35:18.174 18001 18001 I SettingsManager: Getting date: savedSessionsTime
08-06 02:35:18.183 13866 13866 I GoogleInputMethodServic: GoogleInputMethodService.onFinishInput():3138 
08-06 02:35:18.184 13866 13866 I GoogleInputMethodServic: GoogleInputMethodService.onStartInput():1808 
08-06 02:35:18.255 18001 18271 I art     : Starting a blocking GC Explicit
08-06 02:35:18.328 18001 18271 I art     : Explicit concurrent mark sweep GC freed 70980(3MB) AllocSpace objects, 13(432KB) LOS objects, 30% free, 36MB/52MB, paused 981us total 72.594ms
08-06 02:35:18.346 18001 18271 I art     : Starting a blocking GC Explicit
08-06 02:35:18.400 18001 18271 I art     : Explicit concurrent mark sweep GC freed 33991(1529KB) AllocSpace objects, 1(40KB) LOS objects, 30% free, 36MB/52MB, paused 892us total 53.732ms
08-06 02:35:18.416 18001 18271 I art     : Starting a blocking GC Explicit
08-06 02:35:18.470 18001 18271 I art     : Explicit concurrent mark sweep GC freed 27786(1155KB) AllocSpace objects, 0(0B) LOS objects, 30% free, 36MB/52MB, paused 971us total 53.556ms
08-06 02:35:18.487 18001 18271 I art     : Starting a blocking GC Explicit
08-06 02:35:18.544 18001 18271 I art     : Explicit concurrent mark sweep GC freed 32126(1319KB) AllocSpace objects, 0(0B) LOS objects, 30% free, 36MB/52MB, paused 966us total 56.601ms
08-06 02:35:18.560 18001 18271 I art     : Starting a blocking GC Explicit
08-06 02:35:18.619 18001 18271 I art     : Explicit concurrent mark sweep GC freed 31157(1289KB) AllocSpace objects, 0(0B) LOS objects, 30% free, 36MB/52MB, paused 929us total 58.515ms
08-06 02:35:18.725 18001 18001 I Choreographer: Skipped 32 frames!  The application may be doing too much work on its main thread.
08-06 02:35:18.796 18001 18001 I TermDatesFragment: Webview load %: 70
08-06 02:35:18.825 18001 18001 I TermDatesFragment: Webview load %: 100
08-06 02:35:18.825 18001 18001 I TermDatesFragment: Webview load %: 100
08-06 02:35:18.894 18001 18271 I art     : Starting a blocking GC Explicit
08-06 02:35:18.959 18001 18271 I art     : Explicit concurrent mark sweep GC freed 16896(743KB) AllocSpace objects, 1(20KB) LOS objects, 30% free, 36MB/52MB, paused 462us total 65.293ms
08-06 02:35:18.981 18001 18271 I art     : Starting a blocking GC Explicit
08-06 02:35:18.992 13136 13136 I ServiceManager: Waiting for service AtCmdFwd...
08-06 02:35:19.038 18001 18271 I art     : Explicit concurrent mark sweep GC freed 694(47KB) AllocSpace objects, 0(0B) LOS objects, 30% free, 36MB/52MB, paused 344us total 57.034ms
08-06 02:35:19.056 18001 18271 I art     : Starting a blocking GC Explicit
08-06 02:35:19.098 18001 18271 I art     : Explicit concurrent mark sweep GC freed 121472(11MB) AllocSpace objects, 3(136KB) LOS objects, 38% free, 25MB/41MB, paused 315us total 41.709ms
08-06 02:35:19.108 18001 18271 I art     : Starting a blocking GC Explicit
08-06 02:35:19.135 18001 18271 I art     : Explicit concurrent mark sweep GC freed 3(96B) AllocSpace objects, 0(0B) LOS objects, 38% free, 25MB/41MB, paused 324us total 26.785ms
08-06 02:35:19.146 18001 18271 I art     : Starting a blocking GC Explicit
08-06 02:35:19.174 18001 18271 I art     : Explicit concurrent mark sweep GC freed 3(96B) AllocSpace objects, 0(0B) LOS objects, 38% free, 25MB/41MB, paused 301us total 28.492ms
08-06 02:35:19.502 18001 18012 I art     : Starting a blocking GC Explicit
08-06 02:35:19.540 18001 18012 I art     : Explicit concurrent mark sweep GC freed 1294(75KB) AllocSpace objects, 1(20KB) LOS objects, 38% free, 25MB/41MB, paused 343us total 38.150ms
08-06 02:35:19.554 18001 18012 I art     : Starting a blocking GC Explicit
08-06 02:35:19.585 18001 18012 I art     : Explicit concurrent mark sweep GC freed 18(624B) AllocSpace objects, 0(0B) LOS objects, 38% free, 25MB/41MB, paused 313us total 30.172ms
08-06 02:35:19.596 18001 18012 I art     : Starting a blocking GC Explicit
08-06 02:35:19.627 18001 18012 I art     : Explicit concurrent mark sweep GC freed 3(96B) AllocSpace objects, 0(0B) LOS objects, 38% free, 25MB/41MB, paused 375us total 30.892ms
08-06 02:35:19.639 18001 18012 I art     : Starting a blocking GC Explicit
08-06 02:35:19.669 18001 18012 I art     : Explicit concurrent mark sweep GC freed 3(96B) AllocSpace objects, 0(0B) LOS objects, 38% free, 25MB/41MB, paused 300us total 29.832ms
08-06 02:35:19.681 18001 18012 I art     : Starting a blocking GC Explicit
08-06 02:35:19.710 18001 18012 I art     : Explicit concurrent mark sweep GC freed 3(96B) AllocSpace objects, 0(0B) LOS objects, 38% free, 25MB/41MB, paused 319us total 29.109ms
08-06 02:35:19.992 13136 13136 W Atfwd_Sendcmd: AtCmdFwd service not published, waiting... retryCnt : 2
08-06 02:35:20.043 18001 18013 I art     : Starting a blocking GC Explicit
08-06 02:35:20.077 18001 18013 I art     : Explicit concurrent mark sweep GC freed 1439(80KB) AllocSpace objects, 1(20KB) LOS objects, 38% free, 25MB/41MB, paused 456us total 33.786ms
08-06 02:35:20.089 18001 18013 I art     : Starting a blocking GC Explicit
08-06 02:35:20.118 18001 18013 I art     : Explicit concurrent mark sweep GC freed 20(704B) AllocSpace objects, 0(0B) LOS objects, 38% free, 25MB/41MB, paused 306us total 28.896ms
08-06 02:35:20.129 18001 18013 I art     : Starting a blocking GC Explicit
08-06 02:35:20.158 18001 18013 I art     : Explicit concurrent mark sweep GC freed 3(96B) AllocSpace objects, 0(0B) LOS objects, 38% free, 25MB/41MB, paused 305us total 28.804ms
08-06 02:35:20.169 18001 18013 I art     : Starting a blocking GC Explicit
08-06 02:35:20.199 18001 18013 I art     : Explicit concurrent mark sweep GC freed 3(96B) AllocSpace objects, 0(0B) LOS objects, 38% free, 25MB/41MB, paused 300us total 29.561ms
08-06 02:35:20.210 18001 18013 I art     : Starting a blocking GC Explicit
08-06 02:35:20.241 18001 18013 I art     : Explicit concurrent mark sweep GC freed 3(96B) AllocSpace objects, 0(0B) LOS objects, 38% free, 25MB/41MB, paused 303us total 30.145ms
08-06 02:35:20.574 18001 18271 I art     : Starting a blocking GC Explicit
08-06 02:35:20.610 18001 18271 I art     : Explicit concurrent mark sweep GC freed 1323(76KB) AllocSpace objects, 1(20KB) LOS objects, 38% free, 25MB/41MB, paused 281us total 35.171ms
08-06 02:35:20.624 18001 18271 I art     : Starting a blocking GC Explicit
08-06 02:35:20.653 18001 18271 I art     : Explicit concurrent mark sweep GC freed 18(624B) AllocSpace objects, 0(0B) LOS objects, 38% free, 25MB/41MB, paused 315us total 29.105ms
08-06 02:35:20.665 18001 18271 I art     : Starting a blocking GC Explicit
08-06 02:35:20.670   518   646 I ThermalEngine: ACTION: GPU - Setting GPU[0] to 450000000
08-06 02:35:20.703 18001 18271 I art     : Explicit concurrent mark sweep GC freed 3(96B) AllocSpace objects, 0(0B) LOS objects, 38% free, 25MB/41MB, paused 414us total 38.173ms
08-06 02:35:20.718 18001 18271 I art     : Starting a blocking GC Explicit
08-06 02:35:20.757 18001 18271 I art     : Explicit concurrent mark sweep GC freed 3(96B) AllocSpace objects, 0(0B) LOS objects, 38% free, 25MB/41MB, paused 427us total 38.491ms
08-06 02:35:20.772 18001 18271 I art     : Starting a blocking GC Explicit
08-06 02:35:20.811 18001 18271 I art     : Explicit concurrent mark sweep GC freed 3(96B) AllocSpace objects, 0(0B) LOS objects, 38% free, 25MB/41MB, paused 426us total 39.518ms
08-06 02:35:21.160 18001 18013 I art     : Starting a blocking GC Explicit
08-06 02:35:21.206 18001 18013 I art     : Explicit concurrent mark sweep GC freed 1293(75KB) AllocSpace objects, 1(20KB) LOS objects, 38% free, 25MB/41MB, paused 406us total 45.734ms
08-06 02:35:21.221 18001 18013 I art     : Starting a blocking GC Explicit
08-06 02:35:21.262 18001 18013 I art     : Explicit concurrent mark sweep GC freed 18(624B) AllocSpace objects, 0(0B) LOS objects, 38% free, 25MB/41MB, paused 417us total 40.763ms
08-06 02:35:21.277 18001 18013 I art     : Starting a blocking GC Explicit
08-06 02:35:21.317 18001 18013 I art     : Explicit concurrent mark sweep GC freed 3(96B) AllocSpace objects, 0(0B) LOS objects, 38% free, 25MB/41MB, paused 572us total 39.977ms
08-06 02:35:21.332 18001 18013 I art     : Starting a blocking GC Explicit
08-06 02:35:21.371 18001 18013 I art     : Explicit concurrent mark sweep GC freed 3(96B) AllocSpace objects, 0(0B) LOS objects, 38% free, 25MB/41MB, paused 387us total 38.522ms
08-06 02:35:21.385 18001 18013 I art     : Starting a blocking GC Explicit
08-06 02:35:21.426 18001 18013 I art     : Explicit concurrent mark sweep GC freed 3(96B) AllocSpace objects, 0(0B) LOS objects, 38% free, 25MB/41MB, paused 395us total 40.611ms
08-06 02:35:21.754 18001 18012 I art     : Starting a blocking GC Explicit
08-06 02:35:21.793 18001 18012 I art     : Explicit concurrent mark sweep GC freed 1306(76KB) AllocSpace objects, 1(20KB) LOS objects, 38% free, 25MB/41MB, paused 492us total 38.801ms
08-06 02:35:21.808 18001 18012 I art     : Starting a blocking GC Explicit
08-06 02:35:21.846 18001 18012 I art     : Explicit concurrent mark sweep GC freed 23(1248B) AllocSpace objects, 0(0B) LOS objects, 38% free, 25MB/41MB, paused 382us total 36.906ms
08-06 02:35:21.860 18001 18012 I art     : Starting a blocking GC Explicit
08-06 02:35:21.896 18001 18012 I art     : Explicit concurrent mark sweep GC freed 3(96B) AllocSpace objects, 0(0B) LOS objects, 38% free, 25MB/41MB, paused 390us total 35.079ms
08-06 02:35:21.910 18001 18012 I art     : Starting a blocking GC Explicit
08-06 02:35:21.949 18001 18012 I art     : Explicit concurrent mark sweep GC freed 5(128B) AllocSpace objects, 0(0B) LOS objects, 38% free, 25MB/41MB, paused 384us total 38.748ms
08-06 02:35:21.966 18001 18012 I art     : Starting a blocking GC Explicit
08-06 02:35:22.001 18001 18012 I art     : Explicit concurrent mark sweep GC freed 29(1136B) AllocSpace objects, 0(0B) LOS objects, 38% free, 25MB/41MB, paused 382us total 35.523ms
08-06 02:35:22.246 18598 18598 D AndroidRuntime: >>>>>> START com.android.internal.os.RuntimeInit uid 2000 <<<<<<
08-06 02:35:22.252 18598 18598 D AndroidRuntime: CheckJNI is OFF
08-06 02:35:22.296 18598 18598 D ICU     : No timezone override file found: /data/misc/zoneinfo/current/icu/icu_tzdata.dat
08-06 02:35:22.323 18001 18012 I art     : Starting a blocking GC Explicit
08-06 02:35:22.339 18598 18598 I Radio-JNI: register_android_hardware_Radio DONE
08-06 02:35:22.360 18001 18012 I art     : Explicit concurrent mark sweep GC freed 1350(77KB) AllocSpace objects, 1(20KB) LOS objects, 38% free, 25MB/41MB, paused 454us total 36.962ms
08-06 02:35:22.370 18598 18598 D AndroidRuntime: Calling main entry com.android.commands.input.Input
08-06 02:35:22.372 18598 18598 I Input   : injectMotionEvent: MotionEvent { action=ACTION_DOWN, actionButton=0, id[0]=0, x[0]=1215.0, y[0]=1450.0, toolType[0]=TOOL_TYPE_UNKNOWN, buttonState=0, metaState=0, flags=0x0, edgeFlags=0x0, pointerCount=1, historySize=0, eventTime=844538784, downTime=844538784, deviceId=0, source=0x1002 }
08-06 02:35:22.375 18001 18012 I art     : Starting a blocking GC Explicit
08-06 02:35:22.379 18598 18598 I Input   : injectMotionEvent: MotionEvent { action=ACTION_UP, actionButton=0, id[0]=0, x[0]=1215.0, y[0]=1450.0, toolType[0]=TOOL_TYPE_UNKNOWN, buttonState=0, metaState=0, flags=0x0, edgeFlags=0x0, pointerCount=1, historySize=0, eventTime=844538784, downTime=844538784, deviceId=0, source=0x1002 }
08-06 02:35:22.381 18598 18598 D AndroidRuntime: Shutting down VM
08-06 02:35:22.396   512  2967 D audio_hw_primary: out_set_parameters: enter: usecase(1: low-latency-playback) kvpairs: routing=2
08-06 02:35:22.409   512  2967 D audio_hw_primary: select_devices: out_snd_device(2: speaker) in_snd_device(0: none)
08-06 02:35:22.409   512  2967 D msm8974_platform: platform_send_audio_calibration: sending audio calibration for snd_device(2) acdb_id(15)
08-06 02:35:22.409   512  2967 I soundtrigger: audio_extn_sound_trigger_update_device_status: device 0x2 of type 0 for Event 1
08-06 02:35:22.412 18001 18012 I art     : Explicit concurrent mark sweep GC freed 281(17KB) AllocSpace objects, 0(0B) LOS objects, 38% free, 25MB/41MB, paused 670us total 36.935ms
08-06 02:35:22.421   512  2967 D audio_hw_primary: enable_snd_device: snd_device(2: speaker)
08-06 02:35:22.424   512  2967 D audio_hw_primary: enable_audio_route: apply and update mixer path: low-latency-playback speaker
08-06 02:35:22.427 18001 18012 I art     : Starting a blocking GC Explicit
08-06 02:35:22.460 18001 18012 I art     : Explicit concurrent mark sweep GC freed 289(26KB) AllocSpace objects, 0(0B) LOS objects, 38% free, 25MB/41MB, paused 404us total 32.848ms
08-06 02:35:22.473 18001 18012 I art     : Starting a blocking GC Explicit
08-06 02:35:22.506 18001 18012 I art     : Explicit concurrent mark sweep GC freed 215(13KB) AllocSpace objects, 0(0B) LOS objects, 38% free, 25MB/41MB, paused 416us total 32.259ms
08-06 02:35:22.519 18001 18012 I art     : Starting a blocking GC Explicit
08-06 02:35:22.550 18001 18012 I art     : Explicit concurrent mark sweep GC freed 831(60KB) AllocSpace objects, 1(40KB) LOS objects, 38% free, 25MB/41MB, paused 388us total 31.401ms
08-06 02:35:22.673   518   646 I ThermalEngine: ACTION: GPU - Setting GPU[0] to 510000000
08-06 02:35:22.829 18001 18013 I art     : Starting a blocking GC Explicit
08-06 02:35:22.859 18001 18013 I art     : Explicit concurrent mark sweep GC freed 1293(75KB) AllocSpace objects, 1(20KB) LOS objects, 38% free, 25MB/41MB, paused 316us total 29.343ms
08-06 02:35:22.870 18001 18013 I art     : Starting a blocking GC Explicit
08-06 02:35:22.896 18001 18013 I art     : Explicit concurrent mark sweep GC freed 18(624B) AllocSpace objects, 0(0B) LOS objects, 38% free, 25MB/41MB, paused 307us total 26.109ms
08-06 02:35:22.907 18001 18013 I art     : Starting a blocking GC Explicit
08-06 02:35:22.934 18001 18013 I art     : Explicit concurrent mark sweep GC freed 3(96B) AllocSpace objects, 0(0B) LOS objects, 38% free, 25MB/41MB, paused 320us total 27.519ms
08-06 02:35:22.945 18001 18013 I art     : Starting a blocking GC Explicit
08-06 02:35:22.958   512  2967 D audio_hw_primary: disable_audio_route: reset and update mixer path: low-latency-playback speaker
08-06 02:35:22.959   512  2967 D audio_hw_primary: disable_snd_device: snd_device(2: speaker)
08-06 02:35:22.966   512  2967 I soundtrigger: audio_extn_sound_trigger_update_device_status: device 0x2 of type 0 for Event 0
08-06 02:35:22.974 18001 18013 I art     : Explicit concurrent mark sweep GC freed 3(96B) AllocSpace objects, 0(0B) LOS objects, 38% free, 25MB/41MB, paused 310us total 28.154ms
08-06 02:35:22.985 18001 18013 I art     : Starting a blocking GC Explicit
08-06 02:35:23.013 18001 18013 I art     : Explicit concurrent mark sweep GC freed 5(176B) AllocSpace objects, 0(0B) LOS objects, 38% free, 25MB/41MB, paused 311us total 28.462ms
08-06 02:35:23.321 18001 18271 I art     : Starting a blocking GC Explicit
08-06 02:35:23.362 18001 18271 I art     : Explicit concurrent mark sweep GC freed 1293(75KB) AllocSpace objects, 1(20KB) LOS objects, 38% free, 25MB/41MB, paused 359us total 39.554ms
08-06 02:35:23.376 18001 18271 I art     : Starting a blocking GC Explicit
08-06 02:35:23.407 18001 18271 I art     : Explicit concurrent mark sweep GC freed 18(624B) AllocSpace objects, 0(0B) LOS objects, 38% free, 25MB/41MB, paused 318us total 30.110ms
08-06 02:35:23.418 18001 18271 I art     : Starting a blocking GC Explicit
08-06 02:35:23.449 18001 18271 I art     : Explicit concurrent mark sweep GC freed 3(96B) AllocSpace objects, 0(0B) LOS objects, 38% free, 25MB/41MB, paused 310us total 29.936ms
08-06 02:35:23.460 18001 18271 I art     : Starting a blocking GC Explicit
08-06 02:35:23.489 18001 18271 I art     : Explicit concurrent mark sweep GC freed 3(96B) AllocSpace objects, 0(0B) LOS objects, 38% free, 25MB/41MB, paused 300us total 28.701ms
08-06 02:35:23.500 18001 18271 I art     : Starting a blocking GC Explicit
08-06 02:35:23.530 18001 18271 I art     : Explicit concurrent mark sweep GC freed 3(96B) AllocSpace objects, 0(0B) LOS objects, 38% free, 25MB/41MB, paused 441us total 30.236ms
08-06 02:35:23.804 18001 18274 I art     : Starting a blocking GC Explicit
08-06 02:35:23.835 18001 18274 I art     : Explicit concurrent mark sweep GC freed 1293(75KB) AllocSpace objects, 1(20KB) LOS objects, 38% free, 25MB/41MB, paused 340us total 29.987ms
08-06 02:35:23.846 18001 18274 I art     : Starting a blocking GC Explicit
08-06 02:35:23.873 18001 18274 I art     : Explicit concurrent mark sweep GC freed 18(624B) AllocSpace objects, 0(0B) LOS objects, 38% free, 25MB/41MB, paused 306us total 26.271ms
08-06 02:35:23.883 18001 18274 I art     : Starting a blocking GC Explicit
08-06 02:35:23.911 18001 18274 I art     : Explicit concurrent mark sweep GC freed 3(96B) AllocSpace objects, 0(0B) LOS objects, 38% free, 25MB/41MB, paused 322us total 27.603ms
08-06 02:35:23.922 18001 18274 I art     : Starting a blocking GC Explicit
08-06 02:35:23.950 18001 18274 I art     : Explicit concurrent mark sweep GC freed 3(96B) AllocSpace objects, 0(0B) LOS objects, 38% free, 25MB/41MB, paused 316us total 28.416ms
08-06 02:35:23.961 18001 18274 I art     : Starting a blocking GC Explicit
08-06 02:35:23.990 18001 18274 I art     : Explicit concurrent mark sweep GC freed 3(96B) AllocSpace objects, 0(0B) LOS objects, 38% free, 25MB/41MB, paused 311us total 28.171ms
08-06 02:35:24.059 18641 18641 D AndroidRuntime: >>>>>> START com.android.internal.os.RuntimeInit uid 2000 <<<<<<
08-06 02:35:24.066 18641 18641 D AndroidRuntime: CheckJNI is OFF
08-06 02:35:24.111 18641 18641 D ICU     : No timezone override file found: /data/misc/zoneinfo/current/icu/icu_tzdata.dat
08-06 02:35:24.152 18641 18641 I Radio-JNI: register_android_hardware_Radio DONE
08-06 02:35:24.177 18641 18641 D AndroidRuntime: Calling main entry com.android.commands.input.Input
08-06 02:35:24.180 18641 18641 I Input   : injectMotionEvent: MotionEvent { action=ACTION_DOWN, actionButton=0, id[0]=0, x[0]=1215.0, y[0]=1482.0, toolType[0]=TOOL_TYPE_UNKNOWN, buttonState=0, metaState=0, flags=0x0, edgeFlags=0x0, pointerCount=1, historySize=0, eventTime=844540593, downTime=844540593, deviceId=0, source=0x1002 }
08-06 02:35:24.186 18641 18641 I Input   : injectMotionEvent: MotionEvent { action=ACTION_UP, actionButton=0, id[0]=0, x[0]=1215.0, y[0]=1482.0, toolType[0]=TOOL_TYPE_UNKNOWN, buttonState=0, metaState=0, flags=0x0, edgeFlags=0x0, pointerCount=1, historySize=0, eventTime=844540593, downTime=844540593, deviceId=0, source=0x1002 }
08-06 02:35:24.188 18641 18641 D AndroidRuntime: Shutting down VM
08-06 02:35:24.199   512  2967 D audio_hw_primary: out_set_parameters: enter: usecase(1: low-latency-playback) kvpairs: routing=2
08-06 02:35:24.211 18001 18001 I SettingsManager: Setting boolean: completedTutorial
08-06 02:35:24.213   512  2967 D audio_hw_primary: select_devices: out_snd_device(2: speaker) in_snd_device(0: none)
08-06 02:35:24.213   512  2967 D msm8974_platform: platform_send_audio_calibration: sending audio calibration for snd_device(2) acdb_id(15)
08-06 02:35:24.213   512  2967 I soundtrigger: audio_extn_sound_trigger_update_device_status: device 0x2 of type 0 for Event 1
08-06 02:35:24.222   512  2967 D audio_hw_primary: enable_snd_device: snd_device(2: speaker)
08-06 02:35:24.224   512  2967 D audio_hw_primary: enable_audio_route: apply and update mixer path: low-latency-playback speaker
08-06 02:35:24.226   918  6110 W BackupManagerService: dataChanged but no participant pkg='baseline.com.ak.uobtimetable' uid=10710
08-06 02:35:24.229 18001 18020 D OpenGLRenderer: endAllStagingAnimators on 0x7f81514000 (RippleDrawable) with handle 0x7f78e09000
08-06 02:35:24.234   918  3670 W InputMethodManagerService: Window already focused, ignoring focus gain of: com.android.internal.view.IInputMethodClient$Stub$Proxy@83cb98d attribute=null, token = android.os.BinderProxy@16f865
08-06 02:35:24.290 18001 18013 I art     : Starting a blocking GC Explicit
08-06 02:35:24.322 18001 18013 I art     : Explicit concurrent mark sweep GC freed 1754(109KB) AllocSpace objects, 2(40KB) LOS objects, 38% free, 25MB/41MB, paused 317us total 31.557ms
08-06 02:35:24.333 18001 18013 I art     : Starting a blocking GC Explicit
08-06 02:35:24.361 18001 18013 I art     : Explicit concurrent mark sweep GC freed 1024(69KB) AllocSpace objects, 1(40KB) LOS objects, 38% free, 25MB/41MB, paused 284us total 27.355ms
08-06 02:35:24.373 18001 18013 I art     : Starting a blocking GC Explicit
08-06 02:35:24.404 18001 18013 I art     : Explicit concurrent mark sweep GC freed 3(96B) AllocSpace objects, 0(0B) LOS objects, 38% free, 25MB/41MB, paused 347us total 30.860ms
08-06 02:35:24.417 18001 18013 I art     : Starting a blocking GC Explicit
08-06 02:35:24.450 18001 18013 I art     : Explicit concurrent mark sweep GC freed 3(96B) AllocSpace objects, 0(0B) LOS objects, 38% free, 25MB/41MB, paused 321us total 32.616ms
08-06 02:35:24.462 18001 18013 I art     : Starting a blocking GC Explicit
08-06 02:35:24.487 18001 18013 I art     : Explicit concurrent mark sweep GC freed 3(96B) AllocSpace objects, 0(0B) LOS objects, 38% free, 25MB/41MB, paused 308us total 25.468ms
08-06 02:35:24.743 18001 18274 I art     : Starting a blocking GC Explicit
08-06 02:35:24.769   512  2967 D audio_hw_primary: disable_audio_route: reset and update mixer path: low-latency-playback speaker
08-06 02:35:24.771   512  2967 D audio_hw_primary: disable_snd_device: snd_device(2: speaker)
08-06 02:35:24.780 18001 18274 I art     : Explicit concurrent mark sweep GC freed 1293(75KB) AllocSpace objects, 1(20KB) LOS objects, 38% free, 25MB/41MB, paused 356us total 36.164ms
08-06 02:35:24.782   512  2967 I soundtrigger: audio_extn_sound_trigger_update_device_status: device 0x2 of type 0 for Event 0
08-06 02:35:24.792 18001 18274 I art     : Starting a blocking GC Explicit
08-06 02:35:24.822 18001 18274 I art     : Explicit concurrent mark sweep GC freed 18(624B) AllocSpace objects, 0(0B) LOS objects, 38% free, 25MB/41MB, paused 323us total 29.918ms
08-06 02:35:24.833 18001 18274 I art     : Starting a blocking GC Explicit
08-06 02:35:24.863 18001 18274 I art     : Explicit concurrent mark sweep GC freed 3(96B) AllocSpace objects, 0(0B) LOS objects, 38% free, 25MB/41MB, paused 315us total 29.346ms
08-06 02:35:24.874 18001 18274 I art     : Starting a blocking GC Explicit
08-06 02:35:24.904 18001 18274 I art     : Explicit concurrent mark sweep GC freed 3(96B) AllocSpace objects, 0(0B) LOS objects, 38% free, 25MB/41MB, paused 326us total 28.991ms
08-06 02:35:24.915 18001 18274 I art     : Starting a blocking GC Explicit
08-06 02:35:24.944 18001 18274 I art     : Explicit concurrent mark sweep GC freed 3(96B) AllocSpace objects, 0(0B) LOS objects, 38% free, 25MB/41MB, paused 313us total 29.292ms
08-06 02:35:25.240 18001 18012 I art     : Starting a blocking GC Explicit
08-06 02:35:25.278 18001 18012 I art     : Explicit concurrent mark sweep GC freed 1293(75KB) AllocSpace objects, 1(20KB) LOS objects, 38% free, 25MB/41MB, paused 351us total 37.728ms
08-06 02:35:25.293 18001 18012 I art     : Starting a blocking GC Explicit
08-06 02:35:25.322 18001 18012 I art     : Explicit concurrent mark sweep GC freed 18(624B) AllocSpace objects, 0(0B) LOS objects, 38% free, 25MB/41MB, paused 343us total 28.846ms
08-06 02:35:25.334 18001 18012 I art     : Starting a blocking GC Explicit
08-06 02:35:25.363 18001 18012 I art     : Explicit concurrent mark sweep GC freed 3(96B) AllocSpace objects, 0(0B) LOS objects, 38% free, 25MB/41MB, paused 317us total 29.333ms
08-06 02:35:25.374 18001 18012 I art     : Starting a blocking GC Explicit
08-06 02:35:25.404 18001 18012 I art     : Explicit concurrent mark sweep GC freed 3(96B) AllocSpace objects, 0(0B) LOS objects, 38% free, 25MB/41MB, paused 317us total 29.537ms
08-06 02:35:25.416 18001 18012 I art     : Starting a blocking GC Explicit
08-06 02:35:25.444 18001 18012 I art     : Explicit concurrent mark sweep GC freed 3(96B) AllocSpace objects, 0(0B) LOS objects, 38% free, 25MB/41MB, paused 324us total 28.489ms
08-06 02:35:25.716 18001 18271 I art     : Starting a blocking GC Explicit
08-06 02:35:25.746 18001 18271 I art     : Explicit concurrent mark sweep GC freed 1293(75KB) AllocSpace objects, 1(20KB) LOS objects, 38% free, 25MB/41MB, paused 332us total 29.814ms
08-06 02:35:25.758 18001 18271 I art     : Starting a blocking GC Explicit
08-06 02:35:25.786 18001 18271 I art     : Explicit concurrent mark sweep GC freed 18(624B) AllocSpace objects, 0(0B) LOS objects, 38% free, 25MB/41MB, paused 313us total 27.688ms
08-06 02:35:25.797 18001 18271 I art     : Starting a blocking GC Explicit
08-06 02:35:25.825 18001 18271 I art     : Explicit concurrent mark sweep GC freed 3(96B) AllocSpace objects, 0(0B) LOS objects, 38% free, 25MB/41MB, paused 320us total 27.696ms
08-06 02:35:25.836 18001 18271 I art     : Starting a blocking GC Explicit
08-06 02:35:25.837 18696 18696 D AndroidRuntime: >>>>>> START com.android.internal.os.RuntimeInit uid 2000 <<<<<<
08-06 02:35:25.842 18696 18696 D AndroidRuntime: CheckJNI is OFF
08-06 02:35:25.864 18001 18271 I art     : Explicit concurrent mark sweep GC freed 3(96B) AllocSpace objects, 0(0B) LOS objects, 38% free, 25MB/41MB, paused 324us total 28.059ms
08-06 02:35:25.875 18001 18271 I art     : Starting a blocking GC Explicit
08-06 02:35:25.879 18696 18696 D ICU     : No timezone override file found: /data/misc/zoneinfo/current/icu/icu_tzdata.dat
08-06 02:35:25.903 18001 18271 I art     : Explicit concurrent mark sweep GC freed 3(96B) AllocSpace objects, 0(0B) LOS objects, 38% free, 25MB/41MB, paused 324us total 28.238ms
08-06 02:35:25.916 18696 18696 I Radio-JNI: register_android_hardware_Radio DONE
08-06 02:35:25.937 18696 18696 D AndroidRuntime: Calling main entry com.android.commands.input.Input
08-06 02:35:25.940 18696 18696 I Input   : injectMotionEvent: MotionEvent { action=ACTION_DOWN, actionButton=0, id[0]=0, x[0]=81.0, y[0]=176.0, toolType[0]=TOOL_TYPE_UNKNOWN, buttonState=0, metaState=0, flags=0x0, edgeFlags=0x0, pointerCount=1, historySize=0, eventTime=844542352, downTime=844542352, deviceId=0, source=0x1002 }
08-06 02:35:25.947 18696 18696 I Input   : injectMotionEvent: MotionEvent { action=ACTION_UP, actionButton=0, id[0]=0, x[0]=81.0, y[0]=176.0, toolType[0]=TOOL_TYPE_UNKNOWN, buttonState=0, metaState=0, flags=0x0, edgeFlags=0x0, pointerCount=1, historySize=0, eventTime=844542352, downTime=844542352, deviceId=0, source=0x1002 }
08-06 02:35:25.949 18696 18696 D AndroidRuntime: Shutting down VM
08-06 02:35:25.963   512  2967 D audio_hw_primary: out_set_parameters: enter: usecase(1: low-latency-playback) kvpairs: routing=2
08-06 02:35:25.976   512  2967 D audio_hw_primary: select_devices: out_snd_device(2: speaker) in_snd_device(0: none)
08-06 02:35:25.976   512  2967 D msm8974_platform: platform_send_audio_calibration: sending audio calibration for snd_device(2) acdb_id(15)
08-06 02:35:25.976   512  2967 I soundtrigger: audio_extn_sound_trigger_update_device_status: device 0x2 of type 0 for Event 1
08-06 02:35:25.991   512  2967 D audio_hw_primary: enable_snd_device: snd_device(2: speaker)
08-06 02:35:25.993   512  2967 D audio_hw_primary: enable_audio_route: apply and update mixer path: low-latency-playback speaker
08-06 02:35:26.018 13866 13866 I GoogleInputMethodServic: GoogleInputMethodService.onFinishInput():3138 
08-06 02:35:26.019 13866 13866 I GoogleInputMethodServic: GoogleInputMethodService.onStartInput():1808 
08-06 02:35:26.167 18001 18274 I art     : Starting a blocking GC Explicit
08-06 02:35:26.197 18001 18274 I art     : Explicit concurrent mark sweep GC freed 1713(96KB) AllocSpace objects, 1(20KB) LOS objects, 38% free, 25MB/41MB, paused 323us total 30.114ms
08-06 02:35:26.209 18001 18274 I art     : Starting a blocking GC Explicit
08-06 02:35:26.237 18001 18274 I art     : Explicit concurrent mark sweep GC freed 34(1312B) AllocSpace objects, 0(0B) LOS objects, 38% free, 25MB/41MB, paused 308us total 28.391ms
08-06 02:35:26.248 18001 18274 I art     : Starting a blocking GC Explicit
08-06 02:35:26.274 18001 18274 I art     : Explicit concurrent mark sweep GC freed 3(96B) AllocSpace objects, 0(0B) LOS objects, 38% free, 25MB/41MB, paused 301us total 25.470ms
08-06 02:35:26.284 18001 18274 I art     : Starting a blocking GC Explicit
08-06 02:35:26.310 18001 18274 I art     : Explicit concurrent mark sweep GC freed 3(96B) AllocSpace objects, 0(0B) LOS objects, 38% free, 25MB/41MB, paused 295us total 25.822ms
08-06 02:35:26.320 18001 18274 I art     : Starting a blocking GC Explicit
08-06 02:35:26.346 18001 18274 I art     : Explicit concurrent mark sweep GC freed 3(96B) AllocSpace objects, 0(0B) LOS objects, 38% free, 25MB/41MB, paused 329us total 25.627ms
08-06 02:35:26.528   512  2967 D audio_hw_primary: disable_audio_route: reset and update mixer path: low-latency-playback speaker
08-06 02:35:26.530   512  2967 D audio_hw_primary: disable_snd_device: snd_device(2: speaker)
08-06 02:35:26.538   512  2967 I soundtrigger: audio_extn_sound_trigger_update_device_status: device 0x2 of type 0 for Event 0
08-06 02:35:26.636 18001 18274 I art     : Starting a blocking GC Explicit
08-06 02:35:26.666 18001 18274 I art     : Explicit concurrent mark sweep GC freed 1311(76KB) AllocSpace objects, 1(20KB) LOS objects, 38% free, 25MB/41MB, paused 325us total 29.695ms
08-06 02:35:26.677 18001 18274 I art     : Starting a blocking GC Explicit
08-06 02:35:26.706 18001 18274 I art     : Explicit concurrent mark sweep GC freed 30(1008B) AllocSpace objects, 0(0B) LOS objects, 38% free, 25MB/41MB, paused 314us total 28.562ms
08-06 02:35:26.717 18001 18274 I art     : Starting a blocking GC Explicit
08-06 02:35:26.746 18001 18274 I art     : Explicit concurrent mark sweep GC freed 3(96B) AllocSpace objects, 0(0B) LOS objects, 38% free, 25MB/41MB, paused 326us total 28.696ms
08-06 02:35:26.757 18001 18274 I art     : Starting a blocking GC Explicit
08-06 02:35:26.787 18001 18274 I art     : Explicit concurrent mark sweep GC freed 3(96B) AllocSpace objects, 0(0B) LOS objects, 38% free, 25MB/41MB, paused 346us total 29.219ms
08-06 02:35:26.798 18001 18274 I art     : Starting a blocking GC Explicit
08-06 02:35:26.828 18001 18274 I art     : Explicit concurrent mark sweep GC freed 3(96B) AllocSpace objects, 0(0B) LOS objects, 38% free, 25MB/41MB, paused 328us total 29.378ms
08-06 02:35:27.135 18001 18271 I art     : Starting a blocking GC Explicit
08-06 02:35:27.169 18001 18271 I art     : Explicit concurrent mark sweep GC freed 1293(75KB) AllocSpace objects, 1(20KB) LOS objects, 38% free, 25MB/41MB, paused 281us total 33.886ms
08-06 02:35:27.180 18001 18271 I art     : Starting a blocking GC Explicit
08-06 02:35:27.207 18001 18271 I art     : Explicit concurrent mark sweep GC freed 18(624B) AllocSpace objects, 0(0B) LOS objects, 38% free, 25MB/41MB, paused 308us total 26.804ms
08-06 02:35:27.217 18001 18271 I art     : Starting a blocking GC Explicit
08-06 02:35:27.242 18001 18271 I art     : Explicit concurrent mark sweep GC freed 3(96B) AllocSpace objects, 0(0B) LOS objects, 38% free, 25MB/41MB, paused 302us total 25.411ms
08-06 02:35:27.252 18001 18271 I art     : Starting a blocking GC Explicit
08-06 02:35:27.278 18001 18271 I art     : Explicit concurrent mark sweep GC freed 3(96B) AllocSpace objects, 0(0B) LOS objects, 38% free, 25MB/41MB, paused 318us total 25.214ms
08-06 02:35:27.288 18001 18271 I art     : Starting a blocking GC Explicit
08-06 02:35:27.315 18001 18271 I art     : Explicit concurrent mark sweep GC freed 3(96B) AllocSpace objects, 0(0B) LOS objects, 38% free, 25MB/41MB, paused 302us total 27.294ms
08-06 02:35:27.589 18750 18750 D AndroidRuntime: >>>>>> START com.android.internal.os.RuntimeInit uid 2000 <<<<<<
08-06 02:35:27.594 18750 18750 D AndroidRuntime: CheckJNI is OFF
08-06 02:35:27.621 18001 18012 I art     : Starting a blocking GC Explicit
08-06 02:35:27.630 18750 18750 D ICU     : No timezone override file found: /data/misc/zoneinfo/current/icu/icu_tzdata.dat
08-06 02:35:27.654 18001 18012 I art     : Explicit concurrent mark sweep GC freed 1299(75KB) AllocSpace objects, 1(20KB) LOS objects, 38% free, 25MB/41MB, paused 406us total 32.759ms
08-06 02:35:27.665 18001 18012 I art     : Starting a blocking GC Explicit
08-06 02:35:27.667 18750 18750 I Radio-JNI: register_android_hardware_Radio DONE
08-06 02:35:27.689 18750 18750 D AndroidRuntime: Calling main entry com.android.commands.input.Input
08-06 02:35:27.692 18750 18750 I Input   : injectMotionEvent: MotionEvent { action=ACTION_DOWN, actionButton=0, id[0]=0, x[0]=436.0, y[0]=1770.0, toolType[0]=TOOL_TYPE_UNKNOWN, buttonState=0, metaState=0, flags=0x0, edgeFlags=0x0, pointerCount=1, historySize=0, eventTime=844544104, downTime=844544104, deviceId=0, source=0x1002 }
08-06 02:35:27.692 18001 18012 I art     : Explicit concurrent mark sweep GC freed 23(784B) AllocSpace objects, 0(0B) LOS objects, 38% free, 25MB/41MB, paused 319us total 26.168ms
08-06 02:35:27.697 18750 18750 I Input   : injectMotionEvent: MotionEvent { action=ACTION_UP, actionButton=0, id[0]=0, x[0]=436.0, y[0]=1770.0, toolType[0]=TOOL_TYPE_UNKNOWN, buttonState=0, metaState=0, flags=0x0, edgeFlags=0x0, pointerCount=1, historySize=0, eventTime=844544104, downTime=844544104, deviceId=0, source=0x1002 }
08-06 02:35:27.701 18750 18750 D AndroidRuntime: Shutting down VM
08-06 02:35:27.702 18001 18012 I art     : Starting a blocking GC Explicit
08-06 02:35:27.714 18001 18001 D MainActivity: NavigationItemSelected: Courses
08-06 02:35:27.715   918  5132 I ActivityManager: START u0 {cmp=baseline.com.ak.uobtimetable/.CourseListActivity} from uid 10710 on display 0
08-06 02:35:27.716   512  2967 D audio_hw_primary: out_set_parameters: enter: usecase(1: low-latency-playback) kvpairs: routing=2
08-06 02:35:27.728 18001 18012 I art     : Explicit concurrent mark sweep GC freed 39(1712B) AllocSpace objects, 0(0B) LOS objects, 38% free, 25MB/41MB, paused 312us total 26.450ms
08-06 02:35:27.729   512  2967 D audio_hw_primary: select_devices: out_snd_device(2: speaker) in_snd_device(0: none)
08-06 02:35:27.729   512  2967 D msm8974_platform: platform_send_audio_calibration: sending audio calibration for snd_device(2) acdb_id(15)
08-06 02:35:27.729   512  2967 I soundtrigger: audio_extn_sound_trigger_update_device_status: device 0x2 of type 0 for Event 1
08-06 02:35:27.738   512  2967 D audio_hw_primary: enable_snd_device: snd_device(2: speaker)
08-06 02:35:27.739 18001 18012 I art     : Starting a blocking GC Explicit
08-06 02:35:27.740   512  2967 D audio_hw_primary: enable_audio_route: apply and update mixer path: low-latency-playback speaker
08-06 02:35:27.741 18001 18001 D MainActivity: OnPause
08-06 02:35:27.768 18001 18012 I art     : Explicit concurrent mark sweep GC freed 1934(90KB) AllocSpace objects, 0(0B) LOS objects, 38% free, 25MB/41MB, paused 822us total 28.556ms
08-06 02:35:27.773 18001 18001 D CourseListActivity: onCreate
08-06 02:35:27.774 18001 18773 D HTTP    : Request for: https://uob-timetable-api.adriankeenan.co.uk/courses
08-06 02:35:27.778 18001 18012 I art     : Starting a blocking GC Explicit
08-06 02:35:27.806 18001 18012 I art     : Explicit concurrent mark sweep GC freed 962(65KB) AllocSpace objects, 0(0B) LOS objects, 38% free, 25MB/41MB, paused 373us total 28.069ms
08-06 02:35:27.836   918   936 I ActivityManager: Displayed baseline.com.ak.uobtimetable/.CourseListActivity: +94ms
08-06 02:35:27.836 13866 13866 I GoogleInputMethodServic: GoogleInputMethodService.onFinishInput():3138 
08-06 02:35:27.837 13866 13866 I GoogleInputMethodServic: GoogleInputMethodService.onStartInput():1808 
08-06 02:35:28.039 18001 18773 I NAPPA_EXPERIMENTATION: MetricNetworkRequestExecutionTime: REQUEST_DURATION_SYSTEM='263',REQUEST_DURATION_OKHTTP='38',REQUEST_SYNCHRONOUS='TRUE',RESPONSE_CODE='200',RESPONSE_METHOD='GET',RESPONSE_LENGTH_OKHTTP='-1',RESPONSE_LENGTH_HEADER='-2',REQUEST_PROTOCOL='http/1.1',REQUEST_URL='https://uob-timetable-api.adriankeenan.co.uk/courses',
08-06 02:35:28.073 18001 18012 I art     : Starting a blocking GC Explicit
08-06 02:35:28.114 18001 18012 I art     : Explicit concurrent mark sweep GC freed 4274(240KB) AllocSpace objects, 4(220KB) LOS objects, 35% free, 28MB/44MB, paused 382us total 40.186ms
08-06 02:35:28.125 18001 18012 I art     : Starting a blocking GC Explicit
08-06 02:35:28.152 18001 18012 I art     : Explicit concurrent mark sweep GC freed 1003(118KB) AllocSpace objects, 0(0B) LOS objects, 33% free, 31MB/47MB, paused 319us total 26.470ms
08-06 02:35:28.163 18001 18012 I art     : Starting a blocking GC Explicit
08-06 02:35:28.188 18001 18012 I art     : Explicit concurrent mark sweep GC freed 15(384B) AllocSpace objects, 0(0B) LOS objects, 31% free, 34MB/50MB, paused 328us total 24.968ms
08-06 02:35:28.199 18001 18012 I art     : Starting a blocking GC Explicit
08-06 02:35:28.214 18001 18001 D MainActivity: Saving state
08-06 02:35:28.215 18001 18001 D MainActivity: Saving current fragment: SessionListsFragment
08-06 02:35:28.215 18001 18001 D MainActivity: Saving current index: 3
08-06 02:35:28.216 18001 18001 D SessionListsFragment: Saving state
08-06 02:35:28.227 18001 18012 I art     : Explicit concurrent mark sweep GC freed 180(7KB) AllocSpace objects, 0(0B) LOS objects, 30% free, 36MB/52MB, paused 392us total 27.542ms
08-06 02:35:28.237 18001 18012 I art     : Starting a blocking GC Explicit
08-06 02:35:28.266 18001 18012 I art     : Explicit concurrent mark sweep GC freed 1965(11MB) AllocSpace objects, 0(0B) LOS objects, 24% free, 48MB/64MB, paused 387us total 29.369ms
08-06 02:35:28.280   512  2967 D audio_hw_primary: disable_audio_route: reset and update mixer path: low-latency-playback speaker
08-06 02:35:28.281   512  2967 D audio_hw_primary: disable_snd_device: snd_device(2: speaker)
08-06 02:35:28.288   512  2967 I soundtrigger: audio_extn_sound_trigger_update_device_status: device 0x2 of type 0 for Event 0
08-06 02:35:28.435 18001 18773 I HTTP    : Response was compressed.
08-06 02:35:28.555 18001 18271 I art     : Starting a blocking GC Explicit
08-06 02:35:28.587 18001 18271 I art     : Explicit concurrent mark sweep GC freed 30963(1480KB) AllocSpace objects, 0(0B) LOS objects, 27% free, 41MB/57MB, paused 550us total 31.347ms
08-06 02:35:28.597 18001 18271 I art     : Starting a blocking GC Explicit
08-06 02:35:28.629 18001 18271 I art     : Explicit concurrent mark sweep GC freed 22749(1073KB) AllocSpace objects, 0(0B) LOS objects, 27% free, 41MB/57MB, paused 621us total 31.470ms
08-06 02:35:28.640 18001 18271 I art     : Starting a blocking GC Explicit
08-06 02:35:28.672 18001 18271 I art     : Explicit concurrent mark sweep GC freed 23486(1095KB) AllocSpace objects, 0(0B) LOS objects, 27% free, 41MB/57MB, paused 600us total 31.423ms
08-06 02:35:28.683 18001 18271 I art     : Starting a blocking GC Explicit
08-06 02:35:28.687   518   646 I ThermalEngine: ACTION: GPU - Setting GPU[0] to 450000000
08-06 02:35:28.724 18001 18271 I art     : Explicit concurrent mark sweep GC freed 27205(1282KB) AllocSpace objects, 0(0B) LOS objects, 27% free, 41MB/57MB, paused 885us total 41.288ms
08-06 02:35:28.738 18001 18271 I art     : Starting a blocking GC Explicit
08-06 02:35:28.780 18001 18271 I art     : Explicit concurrent mark sweep GC freed 30885(1448KB) AllocSpace objects, 0(0B) LOS objects, 27% free, 42MB/58MB, paused 813us total 41.632ms
08-06 02:35:29.091 18001 18274 I art     : Starting a blocking GC Explicit
08-06 02:35:29.155 18001 18274 I art     : Explicit concurrent mark sweep GC freed 192585(8MB) AllocSpace objects, 1(20KB) LOS objects, 26% free, 43MB/59MB, paused 753us total 64.032ms
08-06 02:35:29.172 18001 18274 I art     : Starting a blocking GC Explicit
08-06 02:35:29.220 18001 18274 I art     : Explicit concurrent mark sweep GC freed 43517(2044KB) AllocSpace objects, 0(0B) LOS objects, 26% free, 43MB/59MB, paused 832us total 47.407ms
08-06 02:35:29.236 18001 18274 I art     : Starting a blocking GC Explicit
08-06 02:35:29.285 18001 18274 I art     : Explicit concurrent mark sweep GC freed 35497(1689KB) AllocSpace objects, 0(0B) LOS objects, 26% free, 44MB/60MB, paused 1.008ms total 47.893ms
08-06 02:35:29.301 18001 18274 I art     : Starting a blocking GC Explicit
08-06 02:35:29.351 18001 18274 I art     : Explicit concurrent mark sweep GC freed 36334(1706KB) AllocSpace objects, 0(0B) LOS objects, 26% free, 44MB/60MB, paused 894us total 49.986ms
08-06 02:35:29.368 18001 18274 I art     : Starting a blocking GC Explicit
08-06 02:35:29.419 18001 18274 I art     : Explicit concurrent mark sweep GC freed 36246(1698KB) AllocSpace objects, 0(0B) LOS objects, 26% free, 44MB/60MB, paused 984us total 49.932ms
08-06 02:35:29.730 18001 18012 I art     : Starting a blocking GC Explicit
08-06 02:35:29.807 18001 18012 I art     : Explicit concurrent mark sweep GC freed 201816(9MB) AllocSpace objects, 1(20KB) LOS objects, 25% free, 46MB/62MB, paused 918us total 75.934ms
08-06 02:35:29.807 18001 18011 I art     : WaitForGcToComplete blocked for 26.940ms for cause HeapTrim
08-06 02:35:29.827 18001 18012 I art     : Starting a blocking GC Explicit
08-06 02:35:29.882 18001 18012 I art     : Explicit concurrent mark sweep GC freed 48402(2MB) AllocSpace objects, 0(0B) LOS objects, 25% free, 46MB/62MB, paused 1.089ms total 53.894ms
08-06 02:35:29.900 18001 18012 I art     : Starting a blocking GC Explicit
08-06 02:35:29.956 18001 18012 I art     : Explicit concurrent mark sweep GC freed 41396(1946KB) AllocSpace objects, 0(0B) LOS objects, 25% free, 46MB/62MB, paused 1.268ms total 56.270ms
08-06 02:35:29.974 18001 18012 I art     : Starting a blocking GC Explicit
08-06 02:35:29.993 13136 13136 I ServiceManager: Waiting for service AtCmdFwd...
08-06 02:35:30.032 18001 18012 I art     : Explicit concurrent mark sweep GC freed 40652(1914KB) AllocSpace objects, 0(0B) LOS objects, 25% free, 47MB/63MB, paused 1.144ms total 57.304ms
08-06 02:35:30.050 18001 18012 I art     : Starting a blocking GC Explicit
08-06 02:35:30.109 18001 18012 I art     : Explicit concurrent mark sweep GC freed 40700(1914KB) AllocSpace objects, 0(0B) LOS objects, 25% free, 47MB/63MB, paused 1.382ms total 58.125ms
08-06 02:35:30.418 18001 18012 I art     : Starting a blocking GC Explicit
08-06 02:35:30.499 18001 18012 I art     : Explicit concurrent mark sweep GC freed 196852(9MB) AllocSpace objects, 1(20KB) LOS objects, 24% free, 49MB/65MB, paused 1.134ms total 80.932ms
08-06 02:35:30.521 18001 18012 I art     : Starting a blocking GC Explicit
08-06 02:35:30.584 18001 18012 I art     : Explicit concurrent mark sweep GC freed 53509(2MB) AllocSpace objects, 0(0B) LOS objects, 24% free, 49MB/65MB, paused 1.248ms total 62.436ms
08-06 02:35:30.604 18001 18012 I art     : Starting a blocking GC Explicit
08-06 02:35:30.670 18001 18012 I art     : Explicit concurrent mark sweep GC freed 46002(2MB) AllocSpace objects, 0(0B) LOS objects, 24% free, 49MB/65MB, paused 1.405ms total 65.921ms
08-06 02:35:30.691 18001 18012 I art     : Starting a blocking GC Explicit
08-06 02:35:30.757 18001 18012 I art     : Explicit concurrent mark sweep GC freed 46538(2MB) AllocSpace objects, 0(0B) LOS objects, 24% free, 49MB/65MB, paused 1.309ms total 65.881ms
08-06 02:35:30.778 18001 18012 I art     : Starting a blocking GC Explicit
08-06 02:35:30.845 18001 18012 I art     : Explicit concurrent mark sweep GC freed 46677(2MB) AllocSpace objects, 0(0B) LOS objects, 24% free, 50MB/66MB, paused 1.439ms total 66.894ms
08-06 02:35:30.993 13136 13136 I ServiceManager: Waiting for service AtCmdFwd...
08-06 02:35:31.161 18001 18013 I art     : Starting a blocking GC Explicit
08-06 02:35:31.221 18001 18773 I Service : getCourses response time: 0.69
08-06 02:35:31.235 18001 18001 I SettingsManager: Getting string: savedCourse
08-06 02:35:31.251 18001 18013 I art     : Explicit concurrent mark sweep GC freed 205575(9MB) AllocSpace objects, 1(20KB) LOS objects, 23% free, 51MB/67MB, paused 583us total 89.293ms
08-06 02:35:31.273 18001 18013 I art     : Starting a blocking GC Explicit
08-06 02:35:31.339 18001 18013 I art     : Explicit concurrent mark sweep GC freed 3167(145KB) AllocSpace objects, 1(14MB) LOS objects, 30% free, 36MB/52MB, paused 913us total 66.089ms
08-06 02:35:31.361 18001 18013 I art     : Starting a blocking GC Explicit
08-06 02:35:31.433 18001 18013 I art     : Explicit concurrent mark sweep GC freed 324(9KB) AllocSpace objects, 0(0B) LOS objects, 30% free, 36MB/52MB, paused 507us total 72.105ms
08-06 02:35:31.457 18001 18013 I art     : Starting a blocking GC Explicit
08-06 02:35:31.535 18001 18013 I art     : Explicit concurrent mark sweep GC freed 648(62KB) AllocSpace objects, 0(0B) LOS objects, 30% free, 36MB/52MB, paused 497us total 77.577ms
08-06 02:35:31.560 18001 18013 I art     : Starting a blocking GC Explicit
08-06 02:35:31.634 18001 18013 I art     : Explicit concurrent mark sweep GC freed 3(96B) AllocSpace objects, 0(0B) LOS objects, 30% free, 36MB/52MB, paused 505us total 74.245ms
08-06 02:35:31.992 18001 18274 I art     : Starting a blocking GC Explicit
08-06 02:35:31.993 13136 13136 I ServiceManager: Waiting for service AtCmdFwd...
08-06 02:35:32.086 18001 18274 I art     : Explicit concurrent mark sweep GC freed 1293(75KB) AllocSpace objects, 1(20KB) LOS objects, 30% free, 36MB/52MB, paused 508us total 93.626ms
08-06 02:35:32.111 18001 18274 I art     : Starting a blocking GC Explicit
08-06 02:35:32.180 18001 18274 I art     : Explicit concurrent mark sweep GC freed 18(624B) AllocSpace objects, 0(0B) LOS objects, 30% free, 36MB/52MB, paused 419us total 68.546ms
08-06 02:35:32.201 18001 18274 I art     : Starting a blocking GC Explicit
08-06 02:35:32.229 24365  4416 I NetworkScheduler.Stats: Task com.google.android.gms/com.google.android.gms.icing.service.IcingGcmTaskService started execution. cause:4 exec_start_elapsed_seconds: 1827936 [CONTEXT service_id=218 ]
08-06 02:35:32.235 24365 32102 I NetworkScheduler.Stats: Task com.google.android.gms/com.google.android.gms.icing.service.IcingGcmTaskService finished executing. cause:4 result: 1 elapsed_millis: 26 uptime_millis: 27 exec_start_elapsed_seconds: 1827936 [CONTEXT service_id=218 ]
08-06 02:35:32.260 18001 18274 I art     : Explicit concurrent mark sweep GC freed 3(96B) AllocSpace objects, 0(0B) LOS objects, 30% free, 36MB/52MB, paused 422us total 58.478ms
08-06 02:35:32.280 18001 18274 I art     : Starting a blocking GC Explicit
08-06 02:35:32.340 18001 18274 I art     : Explicit concurrent mark sweep GC freed 3(96B) AllocSpace objects, 0(0B) LOS objects, 30% free, 36MB/52MB, paused 433us total 59.426ms
08-06 02:35:32.361 18001 18274 I art     : Starting a blocking GC Explicit
08-06 02:35:32.429 18001 18274 I art     : Explicit concurrent mark sweep GC freed 3(96B) AllocSpace objects, 0(0B) LOS objects, 30% free, 36MB/52MB, paused 473us total 68.115ms
08-06 02:35:32.792 18001 18271 I art     : Starting a blocking GC Explicit
08-06 02:35:32.888 18001 18271 I art     : Explicit concurrent mark sweep GC freed 1294(75KB) AllocSpace objects, 1(20KB) LOS objects, 30% free, 36MB/52MB, paused 488us total 95.390ms
08-06 02:35:32.916 18001 18271 I art     : Starting a blocking GC Explicit
08-06 02:35:32.989 18001 18271 I art     : Explicit concurrent mark sweep GC freed 31(1040B) AllocSpace objects, 0(0B) LOS objects, 30% free, 36MB/52MB, paused 432us total 73.476ms
08-06 02:35:32.994 13136 13136 I ServiceManager: Waiting for service AtCmdFwd...
08-06 02:35:33.013 18001 18271 I art     : Starting a blocking GC Explicit
08-06 02:35:33.079 18001 18271 I art     : Explicit concurrent mark sweep GC freed 34(1888B) AllocSpace objects, 0(0B) LOS objects, 30% free, 36MB/52MB, paused 471us total 65.659ms
08-06 02:35:33.102 18001 18271 I art     : Starting a blocking GC Explicit
08-06 02:35:33.170 18001 18271 I art     : Explicit concurrent mark sweep GC freed 9(320B) AllocSpace objects, 0(0B) LOS objects, 30% free, 36MB/52MB, paused 468us total 67.474ms
08-06 02:35:33.194 18001 18271 I art     : Starting a blocking GC Explicit
08-06 02:35:33.270 18001 18271 I art     : Explicit concurrent mark sweep GC freed 3(96B) AllocSpace objects, 0(0B) LOS objects, 30% free, 36MB/52MB, paused 497us total 75.361ms
08-06 02:35:33.633 18001 18012 I art     : Starting a blocking GC Explicit
08-06 02:35:33.729 18001 18012 I art     : Explicit concurrent mark sweep GC freed 1294(75KB) AllocSpace objects, 1(20KB) LOS objects, 30% free, 36MB/52MB, paused 474us total 95.232ms
08-06 02:35:33.755 18001 18012 I art     : Starting a blocking GC Explicit
08-06 02:35:33.830 18001 18012 I art     : Explicit concurrent mark sweep GC freed 18(624B) AllocSpace objects, 0(0B) LOS objects, 30% free, 36MB/52MB, paused 467us total 75.015ms
08-06 02:35:33.854 18001 18012 I art     : Starting a blocking GC Explicit
08-06 02:35:33.930 18001 18012 I art     : Explicit concurrent mark sweep GC freed 3(96B) AllocSpace objects, 0(0B) LOS objects, 30% free, 36MB/52MB, paused 445us total 75.604ms
08-06 02:35:33.956 18001 18012 I art     : Starting a blocking GC Explicit
08-06 02:35:33.995 13136 13136 I ServiceManager: Waiting for service AtCmdFwd...
08-06 02:35:34.024 18001 18012 I art     : Explicit concurrent mark sweep GC freed 3(96B) AllocSpace objects, 0(0B) LOS objects, 30% free, 36MB/52MB, paused 464us total 67.973ms
08-06 02:35:34.047 18001 18012 I art     : Starting a blocking GC Explicit
08-06 02:35:34.113 18001 18012 I art     : Explicit concurrent mark sweep GC freed 3(96B) AllocSpace objects, 0(0B) LOS objects, 30% free, 36MB/52MB, paused 491us total 66.008ms
08-06 02:35:34.380   918  3261 D WifiStateMachine: starting scan for "H369AA63323"WPA_PSK with 2412,5180
08-06 02:35:34.463 18001 18013 I art     : Starting a blocking GC Explicit
08-06 02:35:34.498 18865 18865 D AndroidRuntime: >>>>>> START com.android.internal.os.RuntimeInit uid 2000 <<<<<<
08-06 02:35:34.504 18865 18865 D AndroidRuntime: CheckJNI is OFF
08-06 02:35:34.537 18001 18013 I art     : Explicit concurrent mark sweep GC freed 1293(75KB) AllocSpace objects, 1(20KB) LOS objects, 30% free, 36MB/52MB, paused 494us total 73.788ms
08-06 02:35:34.551 18865 18865 D ICU     : No timezone override file found: /data/misc/zoneinfo/current/icu/icu_tzdata.dat
08-06 02:35:34.560 18001 18013 I art     : Starting a blocking GC Explicit
08-06 02:35:34.595 18865 18865 I Radio-JNI: register_android_hardware_Radio DONE
08-06 02:35:34.624 18865 18865 D AndroidRuntime: Calling main entry com.android.commands.input.Input
08-06 02:35:34.627 18865 18865 I Input   : injectMotionEvent: MotionEvent { action=ACTION_DOWN, actionButton=0, id[0]=0, x[0]=558.0, y[0]=368.0, toolType[0]=TOOL_TYPE_UNKNOWN, buttonState=0, metaState=0, flags=0x0, edgeFlags=0x0, pointerCount=1, historySize=0, eventTime=844551039, downTime=844551039, deviceId=0, source=0x1002 }
08-06 02:35:34.631 18001 18013 I art     : Explicit concurrent mark sweep GC freed 18(624B) AllocSpace objects, 0(0B) LOS objects, 30% free, 36MB/52MB, paused 763us total 70.408ms
08-06 02:35:34.633 18865 18865 I Input   : injectMotionEvent: MotionEvent { action=ACTION_UP, actionButton=0, id[0]=0, x[0]=558.0, y[0]=368.0, toolType[0]=TOOL_TYPE_UNKNOWN, buttonState=0, metaState=0, flags=0x0, edgeFlags=0x0, pointerCount=1, historySize=0, eventTime=844551039, downTime=844551039, deviceId=0, source=0x1002 }
08-06 02:35:34.634 18865 18865 D AndroidRuntime: Shutting down VM
08-06 02:35:34.654 18001 18013 I art     : Starting a blocking GC Explicit
08-06 02:35:34.694   518   646 I ThermalEngine: ACTION: GPU - Setting GPU[0] to 510000000
08-06 02:35:34.717 18001 18013 I art     : Explicit concurrent mark sweep GC freed 728(83KB) AllocSpace objects, 0(0B) LOS objects, 30% free, 36MB/52MB, paused 706us total 62.567ms
08-06 02:35:34.742 18001 18013 I art     : Starting a blocking GC Explicit
08-06 02:35:34.798 18001 18013 I art     : Explicit concurrent mark sweep GC freed 202(13KB) AllocSpace objects, 0(0B) LOS objects, 30% free, 36MB/52MB, paused 392us total 55.077ms
08-06 02:35:34.815 18001 18013 I art     : Starting a blocking GC Explicit
08-06 02:35:34.866 18001 18013 I art     : Explicit concurrent mark sweep GC freed 50(2080B) AllocSpace objects, 0(0B) LOS objects, 30% free, 36MB/52MB, paused 334us total 51.121ms
08-06 02:35:34.995 13136 13136 W Atfwd_Sendcmd: AtCmdFwd service not published, waiting... retryCnt : 3
08-06 02:35:35.144 18001 18013 I art     : Starting a blocking GC Explicit
08-06 02:35:35.206 18001 18013 I art     : Explicit concurrent mark sweep GC freed 1629(90KB) AllocSpace objects, 1(20KB) LOS objects, 30% free, 36MB/52MB, paused 431us total 62.064ms
08-06 02:35:35.227 18001 18013 I art     : Starting a blocking GC Explicit
08-06 02:35:35.280 18001 18013 I art     : Explicit concurrent mark sweep GC freed 33(1104B) AllocSpace objects, 0(0B) LOS objects, 30% free, 36MB/52MB, paused 307us total 52.988ms
08-06 02:35:35.297 18001 18013 I art     : Starting a blocking GC Explicit
08-06 02:35:35.348 18001 18013 I art     : Explicit concurrent mark sweep GC freed 8(288B) AllocSpace objects, 0(0B) LOS objects, 30% free, 36MB/52MB, paused 334us total 50.414ms
08-06 02:35:35.367 18001 18013 I art     : Starting a blocking GC Explicit
08-06 02:35:35.424 18001 18013 I art     : Explicit concurrent mark sweep GC freed 6(224B) AllocSpace objects, 0(0B) LOS objects, 30% free, 36MB/52MB, paused 342us total 56.858ms
08-06 02:35:35.443 18001 18013 I art     : Starting a blocking GC Explicit
08-06 02:35:35.501 18001 18013 I art     : Explicit concurrent mark sweep GC freed 3(96B) AllocSpace objects, 0(0B) LOS objects, 30% free, 36MB/52MB, paused 349us total 58.320ms
08-06 02:35:35.815 18001 18274 I art     : Starting a blocking GC Explicit
08-06 02:35:35.893 18001 18274 I art     : Explicit concurrent mark sweep GC freed 1293(75KB) AllocSpace objects, 1(20KB) LOS objects, 30% free, 36MB/52MB, paused 370us total 77.316ms
08-06 02:35:35.912 18001 18274 I art     : Starting a blocking GC Explicit
08-06 02:35:35.964 18001 18274 I art     : Explicit concurrent mark sweep GC freed 18(624B) AllocSpace objects, 0(0B) LOS objects, 30% free, 36MB/52MB, paused 346us total 52.339ms
08-06 02:35:35.983 18001 18274 I art     : Starting a blocking GC Explicit
08-06 02:35:36.038 18001 18274 I art     : Explicit concurrent mark sweep GC freed 3(96B) AllocSpace objects, 0(0B) LOS objects, 30% free, 36MB/52MB, paused 354us total 55.045ms
08-06 02:35:36.057 18001 18274 I art     : Starting a blocking GC Explicit
08-06 02:35:36.113 18001 18274 I art     : Explicit concurrent mark sweep GC freed 3(96B) AllocSpace objects, 0(0B) LOS objects, 30% free, 36MB/52MB, paused 347us total 56.470ms
08-06 02:35:36.132 18001 18274 I art     : Starting a blocking GC Explicit
08-06 02:35:36.184 18001 18274 I art     : Explicit concurrent mark sweep GC freed 3(96B) AllocSpace objects, 0(0B) LOS objects, 30% free, 36MB/52MB, paused 333us total 52.179ms
08-06 02:35:36.293 18909 18909 D AndroidRuntime: >>>>>> START com.android.internal.os.RuntimeInit uid 2000 <<<<<<
08-06 02:35:36.300 18909 18909 D AndroidRuntime: CheckJNI is OFF
08-06 02:35:36.335 18909 18909 D ICU     : No timezone override file found: /data/misc/zoneinfo/current/icu/icu_tzdata.dat
08-06 02:35:36.370 18909 18909 I Radio-JNI: register_android_hardware_Radio DONE
08-06 02:35:36.391 18909 18909 D AndroidRuntime: Calling main entry com.android.commands.input.Input
08-06 02:35:36.393 18909 18909 I Input   : injectMotionEvent: MotionEvent { action=ACTION_DOWN, actionButton=0, id[0]=0, x[0]=945.0, y[0]=1376.0, toolType[0]=TOOL_TYPE_UNKNOWN, buttonState=0, metaState=0, flags=0x0, edgeFlags=0x0, pointerCount=1, historySize=0, eventTime=844552806, downTime=844552806, deviceId=0, source=0x1002 }
08-06 02:35:36.399 18909 18909 I Input   : injectMotionEvent: MotionEvent { action=ACTION_UP, actionButton=0, id[0]=0, x[0]=945.0, y[0]=1376.0, toolType[0]=TOOL_TYPE_UNKNOWN, buttonState=0, metaState=0, flags=0x0, edgeFlags=0x0, pointerCount=1, historySize=0, eventTime=844552806, downTime=844552806, deviceId=0, source=0x1002 }
08-06 02:35:36.401 18909 18909 D AndroidRuntime: Shutting down VM
08-06 02:35:36.475   512  2967 D audio_hw_primary: out_set_parameters: enter: usecase(1: low-latency-playback) kvpairs: routing=2
08-06 02:35:36.488   512  2967 D audio_hw_primary: select_devices: out_snd_device(2: speaker) in_snd_device(0: none)
08-06 02:35:36.488   512  2967 D msm8974_platform: platform_send_audio_calibration: sending audio calibration for snd_device(2) acdb_id(15)
08-06 02:35:36.488   512  2967 I soundtrigger: audio_extn_sound_trigger_update_device_status: device 0x2 of type 0 for Event 1
08-06 02:35:36.492 18001 18013 I art     : Starting a blocking GC Explicit
08-06 02:35:36.493 13866 13866 I GoogleInputMethodServic: GoogleInputMethodService.onFinishInput():3138 
08-06 02:35:36.494 13866 13866 I GoogleInputMethodServic: GoogleInputMethodService.onStartInput():1808 
08-06 02:35:36.503   512  2967 D audio_hw_primary: enable_snd_device: snd_device(2: speaker)
08-06 02:35:36.506   512  2967 D audio_hw_primary: enable_audio_route: apply and update mixer path: low-latency-playback speaker
08-06 02:35:36.510 13866 13866 I GoogleInputMethodServic: GoogleInputMethodService.onFinishInput():3138 
08-06 02:35:36.511 13866 13866 I GoogleInputMethodServic: GoogleInputMethodService.onStartInput():1808 
08-06 02:35:36.558 18001 18013 I art     : Explicit concurrent mark sweep GC freed 2128(125KB) AllocSpace objects, 1(20KB) LOS objects, 30% free, 36MB/52MB, paused 659us total 66.209ms
08-06 02:35:36.577 18001 18013 I art     : Starting a blocking GC Explicit
08-06 02:35:36.628 18001 18013 I art     : Explicit concurrent mark sweep GC freed 249(10KB) AllocSpace objects, 0(0B) LOS objects, 30% free, 36MB/52MB, paused 329us total 50.359ms
08-06 02:35:36.645 18001 18013 I art     : Starting a blocking GC Explicit
08-06 02:35:36.694 18001 18013 I art     : Explicit concurrent mark sweep GC freed 640(59KB) AllocSpace objects, 0(0B) LOS objects, 30% free, 36MB/52MB, paused 315us total 48.921ms
08-06 02:35:36.710 18001 18013 I art     : Starting a blocking GC Explicit
08-06 02:35:36.760 18001 18013 I art     : Explicit concurrent mark sweep GC freed 3(96B) AllocSpace objects, 0(0B) LOS objects, 30% free, 36MB/52MB, paused 390us total 49.584ms
08-06 02:35:36.777 18001 18013 I art     : Starting a blocking GC Explicit
08-06 02:35:36.811 18001 18020 D OpenGLRenderer: endAllStagingAnimators on 0x7f78d90400 (ListPopupWindow$DropDownListView) with handle 0x7f7d0a7260
08-06 02:35:36.826 18001 18013 I art     : Explicit concurrent mark sweep GC freed 13(512B) AllocSpace objects, 0(0B) LOS objects, 30% free, 36MB/52MB, paused 318us total 48.624ms
08-06 02:35:37.049   512  2967 D audio_hw_primary: disable_audio_route: reset and update mixer path: low-latency-playback speaker
08-06 02:35:37.050   512  2967 D audio_hw_primary: disable_snd_device: snd_device(2: speaker)
08-06 02:35:37.059   512  2967 I soundtrigger: audio_extn_sound_trigger_update_device_status: device 0x2 of type 0 for Event 0
08-06 02:35:37.138 18001 18274 I art     : Starting a blocking GC Explicit
08-06 02:35:37.208 18001 18274 I art     : Explicit concurrent mark sweep GC freed 1409(80KB) AllocSpace objects, 1(20KB) LOS objects, 30% free, 36MB/52MB, paused 378us total 69.360ms
08-06 02:35:37.225 18001 18274 I art     : Starting a blocking GC Explicit
08-06 02:35:37.277 18001 18274 I art     : Explicit concurrent mark sweep GC freed 564(38KB) AllocSpace objects, 0(0B) LOS objects, 30% free, 36MB/52MB, paused 403us total 51.491ms
08-06 02:35:37.294 18001 18274 I art     : Starting a blocking GC Explicit
08-06 02:35:37.351 18001 18274 I art     : Explicit concurrent mark sweep GC freed 3(96B) AllocSpace objects, 0(0B) LOS objects, 30% free, 36MB/52MB, paused 365us total 56.778ms
08-06 02:35:37.370 18001 18274 I art     : Starting a blocking GC Explicit
08-06 02:35:37.430 18001 18274 I art     : Explicit concurrent mark sweep GC freed 3(96B) AllocSpace objects, 0(0B) LOS objects, 30% free, 36MB/52MB, paused 358us total 59.126ms
08-06 02:35:37.450 18001 18274 I art     : Starting a blocking GC Explicit
08-06 02:35:37.508 18001 18274 I art     : Explicit concurrent mark sweep GC freed 3(96B) AllocSpace objects, 0(0B) LOS objects, 30% free, 36MB/52MB, paused 417us total 58.024ms
08-06 02:35:37.702   518   646 I ThermalEngine: ACTION: GPU - Setting GPU[0] to 450000000
08-06 02:35:37.813 18001 18012 I art     : Starting a blocking GC Explicit
08-06 02:35:37.890 18001 18012 I art     : Explicit concurrent mark sweep GC freed 1293(75KB) AllocSpace objects, 1(20KB) LOS objects, 30% free, 36MB/52MB, paused 485us total 76.961ms
08-06 02:35:37.913 18001 18012 I art     : Starting a blocking GC Explicit
08-06 02:35:37.981 18001 18012 I art     : Explicit concurrent mark sweep GC freed 18(624B) AllocSpace objects, 0(0B) LOS objects, 30% free, 36MB/52MB, paused 469us total 66.936ms
08-06 02:35:38.004 18001 18012 I art     : Starting a blocking GC Explicit
08-06 02:35:38.062 18001 18012 I art     : Explicit concurrent mark sweep GC freed 3(96B) AllocSpace objects, 0(0B) LOS objects, 30% free, 36MB/52MB, paused 431us total 57.893ms
08-06 02:35:38.083 18001 18012 I art     : Starting a blocking GC Explicit
08-06 02:35:38.140 18001 18012 I art     : Explicit concurrent mark sweep GC freed 3(96B) AllocSpace objects, 0(0B) LOS objects, 30% free, 36MB/52MB, paused 420us total 56.923ms
08-06 02:35:38.161 18001 18012 I art     : Starting a blocking GC Explicit
08-06 02:35:38.182 18942 18942 D AndroidRuntime: >>>>>> START com.android.internal.os.RuntimeInit uid 2000 <<<<<<
08-06 02:35:38.188 18942 18942 D AndroidRuntime: CheckJNI is OFF
08-06 02:35:38.221 18001 18012 I art     : Explicit concurrent mark sweep GC freed 3(96B) AllocSpace objects, 0(0B) LOS objects, 30% free, 36MB/52MB, paused 446us total 59.801ms
08-06 02:35:38.231 18942 18942 D ICU     : No timezone override file found: /data/misc/zoneinfo/current/icu/icu_tzdata.dat
08-06 02:35:38.276 18942 18942 I Radio-JNI: register_android_hardware_Radio DONE
08-06 02:35:38.305 18942 18942 D AndroidRuntime: Calling main entry com.android.commands.input.Input
08-06 02:35:38.307 18942 18942 I Input   : injectMotionEvent: MotionEvent { action=ACTION_DOWN, actionButton=0, id[0]=0, x[0]=481.0, y[0]=544.0, toolType[0]=TOOL_TYPE_UNKNOWN, buttonState=0, metaState=0, flags=0x0, edgeFlags=0x0, pointerCount=1, historySize=0, eventTime=844554719, downTime=844554719, deviceId=0, source=0x1002 }
08-06 02:35:38.314 18942 18942 I Input   : injectMotionEvent: MotionEvent { action=ACTION_UP, actionButton=0, id[0]=0, x[0]=481.0, y[0]=544.0, toolType[0]=TOOL_TYPE_UNKNOWN, buttonState=0, metaState=0, flags=0x0, edgeFlags=0x0, pointerCount=1, historySize=0, eventTime=844554719, downTime=844554719, deviceId=0, source=0x1002 }
08-06 02:35:38.316 18942 18942 D AndroidRuntime: Shutting down VM
08-06 02:35:38.533 18001 18271 I art     : Starting a blocking GC Explicit
08-06 02:35:38.604 18001 18271 I art     : Explicit concurrent mark sweep GC freed 2070(108KB) AllocSpace objects, 1(20KB) LOS objects, 30% free, 36MB/52MB, paused 437us total 70.408ms
08-06 02:35:38.626 18001 18271 I art     : Starting a blocking GC Explicit
08-06 02:35:38.687 18001 18271 I art     : Explicit concurrent mark sweep GC freed 379(17KB) AllocSpace objects, 0(0B) LOS objects, 30% free, 36MB/52MB, paused 436us total 60.576ms
08-06 02:35:38.711 18001 18271 I art     : Starting a blocking GC Explicit
08-06 02:35:38.773 18001 18271 I art     : Explicit concurrent mark sweep GC freed 24(1104B) AllocSpace objects, 0(0B) LOS objects, 30% free, 36MB/52MB, paused 468us total 61.866ms
08-06 02:35:38.796 18001 18271 I art     : Starting a blocking GC Explicit
08-06 02:35:38.859 18001 18271 I art     : Explicit concurrent mark sweep GC freed 18(576B) AllocSpace objects, 0(0B) LOS objects, 30% free, 36MB/52MB, paused 419us total 62.511ms
08-06 02:35:38.883 18001 18271 I art     : Starting a blocking GC Explicit
08-06 02:35:38.946 18001 18271 I art     : Explicit concurrent mark sweep GC freed 9(288B) AllocSpace objects, 0(0B) LOS objects, 30% free, 36MB/52MB, paused 447us total 62.757ms
08-06 02:35:39.271 18001 18012 I art     : Starting a blocking GC Explicit
08-06 02:35:39.363 18001 18012 I art     : Explicit concurrent mark sweep GC freed 1301(75KB) AllocSpace objects, 1(20KB) LOS objects, 30% free, 36MB/52MB, paused 465us total 92.135ms
08-06 02:35:39.387 18001 18012 I art     : Starting a blocking GC Explicit
08-06 02:35:39.457 18001 18012 I art     : Explicit concurrent mark sweep GC freed 18(624B) AllocSpace objects, 0(0B) LOS objects, 30% free, 36MB/52MB, paused 529us total 70.035ms
08-06 02:35:39.481 18001 18012 I art     : Starting a blocking GC Explicit
08-06 02:35:39.551 18001 18012 I art     : Explicit concurrent mark sweep GC freed 3(96B) AllocSpace objects, 0(0B) LOS objects, 30% free, 36MB/52MB, paused 460us total 70.249ms
08-06 02:35:39.575 18001 18012 I art     : Starting a blocking GC Explicit
08-06 02:35:39.637 18001 18012 I art     : Explicit concurrent mark sweep GC freed 3(96B) AllocSpace objects, 0(0B) LOS objects, 30% free, 36MB/52MB, paused 446us total 61.445ms
08-06 02:35:39.659 18001 18012 I art     : Starting a blocking GC Explicit
08-06 02:35:39.725 18001 18012 I art     : Explicit concurrent mark sweep GC freed 3(96B) AllocSpace objects, 0(0B) LOS objects, 30% free, 36MB/52MB, paused 468us total 66.143ms
08-06 02:35:40.058 18001 18013 I art     : Starting a blocking GC Explicit
08-06 02:35:40.089 18986 18986 D AndroidRuntime: >>>>>> START com.android.internal.os.RuntimeInit uid 2000 <<<<<<
08-06 02:35:40.095 18986 18986 D AndroidRuntime: CheckJNI is OFF
08-06 02:35:40.134 18001 18013 I art     : Explicit concurrent mark sweep GC freed 1310(76KB) AllocSpace objects, 1(20KB) LOS objects, 30% free, 36MB/52MB, paused 504us total 75.956ms
08-06 02:35:40.142 18986 18986 D ICU     : No timezone override file found: /data/misc/zoneinfo/current/icu/icu_tzdata.dat
08-06 02:35:40.158 18001 18013 I art     : Starting a blocking GC Explicit
08-06 02:35:40.190 18986 18986 I Radio-JNI: register_android_hardware_Radio DONE
08-06 02:35:40.219 18986 18986 D AndroidRuntime: Calling main entry com.android.commands.input.Input
08-06 02:35:40.222 18986 18986 I Input   : injectMotionEvent: MotionEvent { action=ACTION_DOWN, actionButton=0, id[0]=0, x[0]=310.0, y[0]=906.0, toolType[0]=TOOL_TYPE_UNKNOWN, buttonState=0, metaState=0, flags=0x0, edgeFlags=0x0, pointerCount=1, historySize=0, eventTime=844556634, downTime=844556634, deviceId=0, source=0x1002 }
08-06 02:35:40.223 18001 18013 I art     : Explicit concurrent mark sweep GC freed 28(944B) AllocSpace objects, 0(0B) LOS objects, 30% free, 36MB/52MB, paused 478us total 64.882ms
08-06 02:35:40.223 18001 18011 I art     : WaitForGcToComplete blocked for 16.827ms for cause HeapTrim
08-06 02:35:40.228 18986 18986 I Input   : injectMotionEvent: MotionEvent { action=ACTION_UP, actionButton=0, id[0]=0, x[0]=310.0, y[0]=906.0, toolType[0]=TOOL_TYPE_UNKNOWN, buttonState=0, metaState=0, flags=0x0, edgeFlags=0x0, pointerCount=1, historySize=0, eventTime=844556634, downTime=844556634, deviceId=0, source=0x1002 }
08-06 02:35:40.231 18986 18986 D AndroidRuntime: Shutting down VM
08-06 02:35:40.245 18001 18013 I art     : Starting a blocking GC Explicit
08-06 02:35:40.296   512  2967 D audio_hw_primary: out_set_parameters: enter: usecase(1: low-latency-playback) kvpairs: routing=2
08-06 02:35:40.309   512  2967 D audio_hw_primary: select_devices: out_snd_device(2: speaker) in_snd_device(0: none)
08-06 02:35:40.309   512  2967 D msm8974_platform: platform_send_audio_calibration: sending audio calibration for snd_device(2) acdb_id(15)
08-06 02:35:40.310 18001 18013 I art     : Explicit concurrent mark sweep GC freed 58(2400B) AllocSpace objects, 0(0B) LOS objects, 30% free, 36MB/52MB, paused 487us total 64.567ms
08-06 02:35:40.310   512  2967 I soundtrigger: audio_extn_sound_trigger_update_device_status: device 0x2 of type 0 for Event 1
08-06 02:35:40.316 13866 13866 I GoogleInputMethodServic: GoogleInputMethodService.onFinishInput():3138 
08-06 02:35:40.317 13866 13866 I GoogleInputMethodServic: GoogleInputMethodService.onStartInput():1808 
08-06 02:35:40.321   512  2967 D audio_hw_primary: enable_snd_device: snd_device(2: speaker)
08-06 02:35:40.323   512  2967 D audio_hw_primary: enable_audio_route: apply and update mixer path: low-latency-playback speaker
08-06 02:35:40.331 13866 13866 I GoogleInputMethodServic: GoogleInputMethodService.onFinishInput():3138 
08-06 02:35:40.332 13866 13866 I GoogleInputMethodServic: GoogleInputMethodService.onStartInput():1808 
08-06 02:35:40.336 18001 18013 I art     : Starting a blocking GC Explicit
08-06 02:35:40.402 18001 18013 I art     : Explicit concurrent mark sweep GC freed 818(39KB) AllocSpace objects, 0(0B) LOS objects, 30% free, 36MB/52MB, paused 502us total 66.007ms
08-06 02:35:40.425 18001 18013 I art     : Starting a blocking GC Explicit
08-06 02:35:40.489 18001 18013 I art     : Explicit concurrent mark sweep GC freed 802(66KB) AllocSpace objects, 0(0B) LOS objects, 30% free, 36MB/52MB, paused 459us total 63.332ms
08-06 02:35:40.647 18001 18020 D OpenGLRenderer: endAllStagingAnimators on 0x7f9498cc00 (ListPopupWindow$DropDownListView) with handle 0x7f7d207fa0
08-06 02:35:40.794 18001 18274 I art     : Starting a blocking GC Explicit
08-06 02:35:40.869   512  2967 D audio_hw_primary: disable_audio_route: reset and update mixer path: low-latency-playback speaker
08-06 02:35:40.871   512  2967 D audio_hw_primary: disable_snd_device: snd_device(2: speaker)
08-06 02:35:40.876 18001 18274 I art     : Explicit concurrent mark sweep GC freed 1411(80KB) AllocSpace objects, 1(20KB) LOS objects, 30% free, 36MB/52MB, paused 475us total 81.762ms
08-06 02:35:40.880   512  2967 I soundtrigger: audio_extn_sound_trigger_update_device_status: device 0x2 of type 0 for Event 0
08-06 02:35:40.900 18001 18274 I art     : Starting a blocking GC Explicit
08-06 02:35:40.970 18001 18274 I art     : Explicit concurrent mark sweep GC freed 507(32KB) AllocSpace objects, 0(0B) LOS objects, 30% free, 36MB/52MB, paused 450us total 69.706ms
08-06 02:35:40.993 18001 18274 I art     : Starting a blocking GC Explicit
08-06 02:35:41.063 18001 18274 I art     : Explicit concurrent mark sweep GC freed 3(96B) AllocSpace objects, 0(0B) LOS objects, 30% free, 36MB/52MB, paused 453us total 69.479ms
08-06 02:35:41.086 18001 18274 I art     : Starting a blocking GC Explicit
08-06 02:35:41.157 18001 18274 I art     : Explicit concurrent mark sweep GC freed 3(96B) AllocSpace objects, 0(0B) LOS objects, 30% free, 36MB/52MB, paused 454us total 69.869ms
08-06 02:35:41.181 18001 18274 I art     : Starting a blocking GC Explicit
08-06 02:35:41.246 18001 18274 I art     : Explicit concurrent mark sweep GC freed 3(96B) AllocSpace objects, 0(0B) LOS objects, 30% free, 36MB/52MB, paused 459us total 64.725ms
08-06 02:35:41.571 18001 18271 I art     : Starting a blocking GC Explicit
08-06 02:35:41.653 18001 18271 I art     : Explicit concurrent mark sweep GC freed 1293(75KB) AllocSpace objects, 1(20KB) LOS objects, 30% free, 36MB/52MB, paused 475us total 81.771ms
08-06 02:35:41.677 18001 18271 I art     : Starting a blocking GC Explicit
08-06 02:35:41.744 18001 18271 I art     : Explicit concurrent mark sweep GC freed 18(624B) AllocSpace objects, 0(0B) LOS objects, 30% free, 36MB/52MB, paused 444us total 67.614ms
08-06 02:35:41.768 18001 18271 I art     : Starting a blocking GC Explicit
08-06 02:35:41.835 18001 18271 I art     : Explicit concurrent mark sweep GC freed 3(96B) AllocSpace objects, 0(0B) LOS objects, 30% free, 36MB/52MB, paused 458us total 66.657ms
08-06 02:35:41.857 18001 18271 I art     : Starting a blocking GC Explicit
08-06 02:35:41.925 18001 18271 I art     : Explicit concurrent mark sweep GC freed 3(96B) AllocSpace objects, 0(0B) LOS objects, 30% free, 36MB/52MB, paused 451us total 67.379ms
08-06 02:35:41.948 18001 18271 I art     : Starting a blocking GC Explicit
08-06 02:35:42.016 18001 18271 I art     : Explicit concurrent mark sweep GC freed 3(96B) AllocSpace objects, 0(0B) LOS objects, 30% free, 36MB/52MB, paused 450us total 67.098ms
08-06 02:35:42.030 19025 19025 D AndroidRuntime: >>>>>> START com.android.internal.os.RuntimeInit uid 2000 <<<<<<
08-06 02:35:42.036 19025 19025 D AndroidRuntime: CheckJNI is OFF
08-06 02:35:42.079 19025 19025 D ICU     : No timezone override file found: /data/misc/zoneinfo/current/icu/icu_tzdata.dat
08-06 02:35:42.122 19025 19025 I Radio-JNI: register_android_hardware_Radio DONE
08-06 02:35:42.152 19025 19025 D AndroidRuntime: Calling main entry com.android.commands.input.Input
08-06 02:35:42.154 19025 19025 I Input   : injectMotionEvent: MotionEvent { action=ACTION_DOWN, actionButton=0, id[0]=0, x[0]=648.0, y[0]=709.0, toolType[0]=TOOL_TYPE_UNKNOWN, buttonState=0, metaState=0, flags=0x0, edgeFlags=0x0, pointerCount=1, historySize=0, eventTime=844558567, downTime=844558567, deviceId=0, source=0x1002 }
08-06 02:35:42.161 19025 19025 I Input   : injectMotionEvent: MotionEvent { action=ACTION_UP, actionButton=0, id[0]=0, x[0]=648.0, y[0]=709.0, toolType[0]=TOOL_TYPE_UNKNOWN, buttonState=0, metaState=0, flags=0x0, edgeFlags=0x0, pointerCount=1, historySize=0, eventTime=844558567, downTime=844558567, deviceId=0, source=0x1002 }
08-06 02:35:42.164 19025 19025 D AndroidRuntime: Shutting down VM
08-06 02:35:42.233   512  2967 D audio_hw_primary: out_set_parameters: enter: usecase(1: low-latency-playback) kvpairs: routing=2
08-06 02:35:42.246   512  2967 D audio_hw_primary: select_devices: out_snd_device(2: speaker) in_snd_device(0: none)
08-06 02:35:42.246   512  2967 D msm8974_platform: platform_send_audio_calibration: sending audio calibration for snd_device(2) acdb_id(15)
08-06 02:35:42.246   512  2967 I soundtrigger: audio_extn_sound_trigger_update_device_status: device 0x2 of type 0 for Event 1
08-06 02:35:42.256   512  2967 D audio_hw_primary: enable_snd_device: snd_device(2: speaker)
08-06 02:35:42.259   512  2967 D audio_hw_primary: enable_audio_route: apply and update mixer path: low-latency-playback speaker
08-06 02:35:42.341 18001 18271 I art     : Starting a blocking GC Explicit
08-06 02:35:42.423 18001 18271 I art     : Explicit concurrent mark sweep GC freed 2061(133KB) AllocSpace objects, 2(40KB) LOS objects, 30% free, 36MB/52MB, paused 497us total 82.138ms
08-06 02:35:42.452 18001 18271 I art     : Starting a blocking GC Explicit
08-06 02:35:42.522 18001 18271 I art     : Explicit concurrent mark sweep GC freed 149(6KB) AllocSpace objects, 0(0B) LOS objects, 30% free, 36MB/52MB, paused 434us total 69.642ms
08-06 02:35:42.551 18001 18271 I art     : Starting a blocking GC Explicit
08-06 02:35:42.624 18001 18271 I art     : Explicit concurrent mark sweep GC freed 3(96B) AllocSpace objects, 0(0B) LOS objects, 30% free, 36MB/52MB, paused 432us total 72.082ms
08-06 02:35:42.653 18001 18271 I art     : Starting a blocking GC Explicit
08-06 02:35:42.730 18001 18271 I art     : Explicit concurrent mark sweep GC freed 9(320B) AllocSpace objects, 0(0B) LOS objects, 30% free, 36MB/52MB, paused 445us total 76.889ms
08-06 02:35:42.759 18001 18271 I art     : Starting a blocking GC Explicit
08-06 02:35:42.800   512  2967 D audio_hw_primary: disable_audio_route: reset and update mixer path: low-latency-playback speaker
08-06 02:35:42.801   512  2967 D audio_hw_primary: disable_snd_device: snd_device(2: speaker)
08-06 02:35:42.810   512  2967 I soundtrigger: audio_extn_sound_trigger_update_device_status: device 0x2 of type 0 for Event 0
08-06 02:35:42.840 18001 18271 I art     : Explicit concurrent mark sweep GC freed 5(160B) AllocSpace objects, 0(0B) LOS objects, 30% free, 36MB/52MB, paused 456us total 80.102ms
08-06 02:35:43.178 18001 18012 I art     : Starting a blocking GC Explicit
08-06 02:35:43.257 18001 18012 I art     : Explicit concurrent mark sweep GC freed 1293(75KB) AllocSpace objects, 1(20KB) LOS objects, 30% free, 36MB/52MB, paused 479us total 78.413ms
08-06 02:35:43.280 18001 18012 I art     : Starting a blocking GC Explicit
08-06 02:35:43.345 18001 18012 I art     : Explicit concurrent mark sweep GC freed 22(752B) AllocSpace objects, 0(0B) LOS objects, 30% free, 36MB/52MB, paused 454us total 64.796ms
08-06 02:35:43.369 18001 18012 I art     : Starting a blocking GC Explicit
08-06 02:35:43.438 18001 18012 I art     : Explicit concurrent mark sweep GC freed 3(96B) AllocSpace objects, 0(0B) LOS objects, 30% free, 36MB/52MB, paused 480us total 68.505ms
08-06 02:35:43.462 18001 18012 I art     : Starting a blocking GC Explicit
08-06 02:35:43.530 18001 18012 I art     : Explicit concurrent mark sweep GC freed 3(96B) AllocSpace objects, 0(0B) LOS objects, 30% free, 36MB/52MB, paused 486us total 67.215ms
08-06 02:35:43.553 18001 18012 I art     : Starting a blocking GC Explicit
08-06 02:35:43.621 18001 18012 I art     : Explicit concurrent mark sweep GC freed 3(96B) AllocSpace objects, 0(0B) LOS objects, 30% free, 36MB/52MB, paused 467us total 68.018ms
08-06 02:35:43.949 18001 18274 I art     : Starting a blocking GC Explicit
08-06 02:35:43.951 19062 19062 D AndroidRuntime: >>>>>> START com.android.internal.os.RuntimeInit uid 2000 <<<<<<
08-06 02:35:43.960 19062 19062 D AndroidRuntime: CheckJNI is OFF
08-06 02:35:44.014 19062 19062 D ICU     : No timezone override file found: /data/misc/zoneinfo/current/icu/icu_tzdata.dat
08-06 02:35:44.043 18001 18274 I art     : Explicit concurrent mark sweep GC freed 1313(76KB) AllocSpace objects, 1(20KB) LOS objects, 30% free, 36MB/52MB, paused 489us total 93.551ms
08-06 02:35:44.065 19062 19062 I Radio-JNI: register_android_hardware_Radio DONE
08-06 02:35:44.071 18001 18274 I art     : Starting a blocking GC Explicit
08-06 02:35:44.095 19062 19062 D AndroidRuntime: Calling main entry com.android.commands.input.Input
08-06 02:35:44.098 19062 19062 I Input   : injectMotionEvent: MotionEvent { action=ACTION_DOWN, actionButton=0, id[0]=0, x[0]=1197.0, y[0]=1456.0, toolType[0]=TOOL_TYPE_UNKNOWN, buttonState=0, metaState=0, flags=0x0, edgeFlags=0x0, pointerCount=1, historySize=0, eventTime=844560510, downTime=844560510, deviceId=0, source=0x1002 }
08-06 02:35:44.105 19062 19062 I Input   : injectMotionEvent: MotionEvent { action=ACTION_UP, actionButton=0, id[0]=0, x[0]=1197.0, y[0]=1456.0, toolType[0]=TOOL_TYPE_UNKNOWN, buttonState=0, metaState=0, flags=0x0, edgeFlags=0x0, pointerCount=1, historySize=0, eventTime=844560510, downTime=844560510, deviceId=0, source=0x1002 }
08-06 02:35:44.106 19062 19062 D AndroidRuntime: Shutting down VM
08-06 02:35:44.121   512  2967 D audio_hw_primary: out_set_parameters: enter: usecase(1: low-latency-playback) kvpairs: routing=2
08-06 02:35:44.134   512  2967 D audio_hw_primary: select_devices: out_snd_device(2: speaker) in_snd_device(0: none)
08-06 02:35:44.134   512  2967 D msm8974_platform: platform_send_audio_calibration: sending audio calibration for snd_device(2) acdb_id(15)
08-06 02:35:44.134   512  2967 I soundtrigger: audio_extn_sound_trigger_update_device_status: device 0x2 of type 0 for Event 1
08-06 02:35:44.138 18001 18020 D OpenGLRenderer: endAllStagingAnimators on 0x7f813be000 (RippleDrawable) with handle 0x7f7d227040
08-06 02:35:44.142 18001 18274 I art     : Explicit concurrent mark sweep GC freed 307(15KB) AllocSpace objects, 0(0B) LOS objects, 30% free, 36MB/52MB, paused 474us total 70.325ms
08-06 02:35:44.145   512  2967 D audio_hw_primary: enable_snd_device: snd_device(2: speaker)
08-06 02:35:44.147 18001 18001 I SettingsManager: Setting string: savedCourse
08-06 02:35:44.148   512  2967 D audio_hw_primary: enable_audio_route: apply and update mixer path: low-latency-playback speaker
08-06 02:35:44.161   918  3961 W BackupManagerService: dataChanged but no participant pkg='baseline.com.ak.uobtimetable' uid=10710
08-06 02:35:44.162   918  3714 I ActivityManager: START u0 {flg=0x4000000 cmp=baseline.com.ak.uobtimetable/.MainActivity (has extras)} from uid 10710 on display 0
08-06 02:35:44.166 18001 18274 I art     : Starting a blocking GC Explicit
08-06 02:35:44.174   918  6112 W InputMethodManagerService: Focus gain on non-focused client com.android.internal.view.IInputMethodClient$Stub$Proxy@1ee0e8 (uid=10710 pid=18001)
08-06 02:35:44.191 18001 18001 D MainActivity: OnDestroy
08-06 02:35:44.214 18001 18001 D MainActivity: onCreate
08-06 02:35:44.214 18001 18001 I SettingsManager: Getting string: savedSessions
08-06 02:35:44.214 18001 18001 I SettingsManager: Getting string: savedSessions
08-06 02:35:44.223 18001 18001 I SettingsManager: Getting string: savedSessionsCourseName
08-06 02:35:44.223 18001 18001 I SettingsManager: Getting string: savedSessionsCourseName
08-06 02:35:44.223 18001 18001 I SettingsManager: Getting string: savedSessionsDateRange
08-06 02:35:44.223 18001 18001 I SettingsManager: Getting string: savedSessionsDateRange
08-06 02:35:44.224 18001 18001 I Settings: 10 saved sessions - Bedfordshire International and EU Foundation Year - Int Foun - Ltn - Y0 Feb FT - Weeks: 24-38 (8 Jun 2020-20 Sep 2020)
08-06 02:35:44.234 18001 18274 I art     : Explicit concurrent mark sweep GC freed 10810(511KB) AllocSpace objects, 1(20KB) LOS objects, 30% free, 37MB/53MB, paused 1.010ms total 67.793ms
08-06 02:35:44.256 18001 18274 I art     : Starting a blocking GC Explicit
08-06 02:35:44.267 18001 18001 I SettingsManager: Getting string: savedCourse
08-06 02:35:44.268 18001 18001 D MainActivity: sessionListFragmentArg: updateSessions
08-06 02:35:44.268 18001 18001 D MainActivity: showTermDatesConfigChange: false
08-06 02:35:44.268 18001 18001 D MainActivity: showTermDatesShortcut: false
08-06 02:35:44.269 18001 18001 D MainActivity: Setting initial fragment: SessionListsFragment
08-06 02:35:44.270 18001 18001 I SettingsManager: Getting int: launchCount
08-06 02:35:44.271 18001 18001 D SessionListsFragment: onCreateView
08-06 02:35:44.275 18001 18001 I SettingsManager: Getting string: savedCourse
08-06 02:35:44.280 18001 18001 I SettingsManager: Getting string: savedSessions
08-06 02:35:44.289 18001 18001 D SessionListsFragment: loadArgument: updateSessions
08-06 02:35:44.289 18001 18001 D SessionListsFragment: initialIndex: -1
08-06 02:35:44.291 18001 19085 D HTTP    : Request for: https://uob-timetable-api.adriankeenan.co.uk/sessions?dept=CM010&course=BSAIFAAF%2F02AA%2F0%2FFT&level=Foundation+Year
08-06 02:35:44.304 18001 18001 D TermDatesFragment: WebView loaded
08-06 02:35:44.305 18001 18001 D MainActivity: OnResume
08-06 02:35:44.331 18001 18274 I art     : Explicit concurrent mark sweep GC freed 8783(417KB) AllocSpace objects, 1(112KB) LOS objects, 29% free, 38MB/54MB, paused 1.344ms total 74.890ms
08-06 02:35:44.353 18001 18274 I art     : Starting a blocking GC Explicit
08-06 02:35:44.391 18001 18001 I TermDatesFragment: Webview load %: 10
08-06 02:35:44.415   918   936 I ActivityManager: Displayed baseline.com.ak.uobtimetable/.MainActivity: +238ms
08-06 02:35:44.415 13866 13866 I GoogleInputMethodServic: GoogleInputMethodService.onFinishInput():3138 
08-06 02:35:44.416 13866 13866 I GoogleInputMethodServic: GoogleInputMethodService.onStartInput():1808 
08-06 02:35:44.417 18001 18274 I art     : Explicit concurrent mark sweep GC freed 2334(140KB) AllocSpace objects, 2(1268KB) LOS objects, 30% free, 37MB/53MB, paused 840us total 64.236ms
08-06 02:35:44.527 18001 18001 I TermDatesFragment: Webview load %: 70
08-06 02:35:44.533 18001 19085 I NAPPA_EXPERIMENTATION: MetricNetworkRequestExecutionTime: REQUEST_DURATION_SYSTEM='240',REQUEST_DURATION_OKHTTP='46',REQUEST_SYNCHRONOUS='TRUE',RESPONSE_CODE='200',RESPONSE_METHOD='GET',RESPONSE_LENGTH_OKHTTP='-1',RESPONSE_LENGTH_HEADER='1214',REQUEST_PROTOCOL='http/1.1',REQUEST_URL='https://uob-timetable-api.adriankeenan.co.uk/sessions?dept=CM010&course=BSAIFAAF%2F02AA%2F0%2FFT&level=Foundation+Year',
08-06 02:35:44.536 18001 18001 I TermDatesFragment: Webview load %: 100
08-06 02:35:44.537 18001 18001 I TermDatesFragment: Webview load %: 100
08-06 02:35:44.570 18001 19085 I HTTP    : Response was compressed.
08-06 02:35:44.583 18001 19085 I Service : getSessions response time: 1.10
08-06 02:35:44.583 18001 18001 I SettingsManager: Getting string: savedSessions
08-06 02:35:44.584 18001 18001 I SettingsManager: Getting string: savedSessions
08-06 02:35:44.594 18001 18001 I Service : Sessions updated: 10
08-06 02:35:44.594 18001 18001 I Service : Sessions removed from new list: 0
08-06 02:35:44.599   918  4413 I AccountManagerService: getTypesVisibleToCaller: isPermitted? true
08-06 02:35:44.603 18001 18001 I SettingsManager: Setting string: savedSessions
08-06 02:35:44.611   918  3670 W BackupManagerService: dataChanged but no participant pkg='baseline.com.ak.uobtimetable' uid=10710
08-06 02:35:44.611 18001 18001 I SettingsManager: Setting date: savedSessionsTime
08-06 02:35:44.619   918   929 W BackupManagerService: dataChanged but no participant pkg='baseline.com.ak.uobtimetable' uid=10710
08-06 02:35:44.619 18001 18001 I SettingsManager: Setting string: savedSessionsCourseName
08-06 02:35:44.625   918  6110 W BackupManagerService: dataChanged but no participant pkg='baseline.com.ak.uobtimetable' uid=10710
08-06 02:35:44.626 18001 18001 I SettingsManager: Setting string: savedSessionsDateRange
08-06 02:35:44.626   918  5952 W BackupManagerService: dataChanged but no participant pkg='baseline.com.ak.uobtimetable' uid=10710
08-06 02:35:44.626 18001 18001 I SettingsManager: Setting string: timetableUrl
08-06 02:35:44.626   918  5481 W BackupManagerService: dataChanged but no participant pkg='baseline.com.ak.uobtimetable' uid=10710
08-06 02:35:44.627 18001 18001 I SettingsManager: Getting boolean: notifySessionRemindersEnabled
08-06 02:35:44.627 18001 18001 I SettingsManager: Getting int: notifySessionRemindersMinutes
08-06 02:35:44.627 18001 18001 I SettingsManager: Getting boolean: showHiddenSessions
08-06 02:35:44.629 18001 18001 I SessionReminderNotifier: Created session reminder alarm for f7b4771250a919bd729c1c5a4a459c77 at Mon 08:30:00 10/08/20
08-06 02:35:44.637 18001 18001 I SessionReminderNotifier: Created session reminder alarm for a7f879aabdeb78622c8820a5fb7b64cd at Tue 08:30:00 11/08/20
08-06 02:35:44.639 18001 18001 I SessionReminderNotifier: Created session reminder alarm for 7bc8d7e2c2055711f597c3d9078c6ea3 at Tue 08:30:00 11/08/20
08-06 02:35:44.640 18001 18001 I SessionReminderNotifier: Created session reminder alarm for 53c0527a6f009a1f2fd223834d3bfe51 at Tue 10:30:00 11/08/20
08-06 02:35:44.642 18001 18001 I SessionReminderNotifier: Created session reminder alarm for e0fc978b5db8218778540b4053344581 at Tue 11:00:00 11/08/20
08-06 02:35:44.645 18001 18001 I SessionReminderNotifier: Created session reminder alarm for 199afb0100f329ff65a09e1b0cd9deba at Tue 11:30:00 11/08/20
08-06 02:35:44.647 18001 18001 I SessionReminderNotifier: Created session reminder alarm for 21712fef61090882c855a1425543edb5 at Tue 13:30:00 11/08/20
08-06 02:35:44.653 18001 18001 I SessionReminderNotifier: Created session reminder alarm for 65ca4d97f031f29a4d02bbb45a705d8f at Wed 08:30:00 12/08/20
08-06 02:35:44.655 18001 18001 I SessionReminderNotifier: Created session reminder alarm for eeda7741b0bcab58fd9f46dc6ef1d942 at Wed 08:30:00 12/08/20
08-06 02:35:44.658 18001 18001 I SessionReminderNotifier: Created session reminder alarm for c276c1b2075a0beb67f1b3d1e580f920 at Wed 11:00:00 12/08/20
08-06 02:35:44.661 18001 18001 I SessionReminderNotifier: Created session reminder alarm for 8b1f3627e42ae13a6f6ba0a83903dde1 at Wed 13:30:00 12/08/20
08-06 02:35:44.664 18001 18001 I SessionReminderNotifier: Created session reminder alarm for 79fe0b5c3b887a13ba29db5a33fa2800 at Thu 08:30:00 06/08/20
08-06 02:35:44.666 18001 18001 I SessionReminderNotifier: Created session reminder alarm for cb9dfc8231cdba2be0835dc5709690e1 at Thu 08:30:00 06/08/20
08-06 02:35:44.668 18001 18001 I SessionReminderNotifier: Created session reminder alarm for f850dc24d6de60b7b89fa9e1a8c224c5 at Thu 12:00:00 06/08/20
08-06 02:35:44.670 18001 18001 I SessionReminderNotifier: Created session reminder alarm for 2ba1034116e4fffdd592dbf0796a43d5 at Fri 08:30:00 07/08/20
08-06 02:35:44.670 18001 18001 I SettingsManager: Getting boolean: showHiddenSessions
08-06 02:35:44.670 18001 18001 D SessionListsFragment: 1 sessions for day 0
08-06 02:35:44.670 18001 18001 D SessionListsFragment: 6 sessions for day 1
08-06 02:35:44.671 18001 18001 D SessionListsFragment: 4 sessions for day 2
08-06 02:35:44.671 18001 18001 D SessionListsFragment: 3 sessions for day 3
08-06 02:35:44.671 18001 18001 D SessionListsFragment: 1 sessions for day 4
08-06 02:35:44.688   512  2967 D audio_hw_primary: disable_audio_route: reset and update mixer path: low-latency-playback speaker
08-06 02:35:44.689   512  2967 D audio_hw_primary: disable_snd_device: snd_device(2: speaker)
08-06 02:35:44.697   512  2967 I soundtrigger: audio_extn_sound_trigger_update_device_status: device 0x2 of type 0 for Event 0
08-06 02:35:44.710 18001 18271 I art     : Starting a blocking GC Explicit
08-06 02:35:44.715 18001 18001 I SettingsManager: Getting boolean: showHiddenSessions
08-06 02:35:44.715 18001 18001 D SessionListsFragment: Refreshed ViewPager
08-06 02:35:44.715 18001 18001 I SettingsManager: Getting boolean: showHiddenSessions
08-06 02:35:44.716 18001 18001 I SettingsManager: Getting boolean: completedTutorial
08-06 02:35:44.716 18001 18001 I SettingsManager: Getting boolean: showHiddenSessions
08-06 02:35:44.716 18001 18001 I SettingsManager: Getting date: savedSessionsTime
08-06 02:35:44.778 18001 18271 I art     : Explicit concurrent mark sweep GC freed 69798(3MB) AllocSpace objects, 10(392KB) LOS objects, 30% free, 36MB/52MB, paused 1.243ms total 67.310ms
08-06 02:35:44.798 18001 18271 I art     : Starting a blocking GC Explicit
08-06 02:35:44.861 18001 18271 I art     : Explicit concurrent mark sweep GC freed 33467(1432KB) AllocSpace objects, 0(0B) LOS objects, 30% free, 36MB/52MB, paused 1.179ms total 62.930ms
08-06 02:35:44.882 18001 18271 I art     : Starting a blocking GC Explicit
08-06 02:35:44.948 18001 18271 I art     : Explicit concurrent mark sweep GC freed 30896(1267KB) AllocSpace objects, 0(0B) LOS objects, 30% free, 36MB/52MB, paused 1.113ms total 66.364ms
08-06 02:35:44.971 18001 18271 I art     : Starting a blocking GC Explicit
08-06 02:35:45.036 18001 18271 I art     : Explicit concurrent mark sweep GC freed 28420(1173KB) AllocSpace objects, 0(0B) LOS objects, 30% free, 36MB/52MB, paused 1.212ms total 64.647ms
08-06 02:35:45.057 18001 18271 I art     : Starting a blocking GC Explicit
08-06 02:35:45.125 18001 18271 I art     : Explicit concurrent mark sweep GC freed 26891(1114KB) AllocSpace objects, 0(0B) LOS objects, 30% free, 36MB/52MB, paused 2.144ms total 67.400ms
08-06 02:35:45.402 24577 24587 I art     : Background sticky concurrent mark sweep GC freed 250043(6MB) AllocSpace objects, 4(80KB) LOS objects, 10% free, 46MB/52MB, paused 9.907ms total 62.729ms
08-06 02:35:45.451 18001 18012 I art     : Starting a blocking GC Explicit
08-06 02:35:45.560 18001 18012 I art     : Explicit concurrent mark sweep GC freed 138036(5MB) AllocSpace objects, 1(20KB) LOS objects, 29% free, 37MB/53MB, paused 1.364ms total 108.959ms
08-06 02:35:45.571 18001 18001 I Choreographer: Skipped 50 frames!  The application may be doing too much work on its main thread.
08-06 02:35:45.583 18001 18012 I art     : Starting a blocking GC Explicit
08-06 02:35:45.654 18001 18012 I art     : Explicit concurrent mark sweep GC freed 9562(569KB) AllocSpace objects, 0(0B) LOS objects, 29% free, 37MB/53MB, paused 567us total 70.437ms
08-06 02:35:45.677 18001 18012 I art     : Starting a blocking GC Explicit
08-06 02:35:45.735 18001 18012 I art     : Explicit concurrent mark sweep GC freed 121973(11MB) AllocSpace objects, 3(136KB) LOS objects, 37% free, 26MB/42MB, paused 531us total 57.578ms
08-06 02:35:45.751 18001 18012 I art     : Starting a blocking GC Explicit
08-06 02:35:45.786 18001 18012 I art     : Explicit concurrent mark sweep GC freed 3(96B) AllocSpace objects, 0(0B) LOS objects, 37% free, 26MB/42MB, paused 790us total 35.382ms
08-06 02:35:45.803 18001 18012 I art     : Starting a blocking GC Explicit
08-06 02:35:45.837 18001 18012 I art     : Explicit concurrent mark sweep GC freed 97(4KB) AllocSpace objects, 0(0B) LOS objects, 37% free, 26MB/42MB, paused 508us total 34.396ms
08-06 02:35:46.173 18001 18013 I art     : Starting a blocking GC Explicit
08-06 02:35:46.216 18001 18013 I art     : Explicit concurrent mark sweep GC freed 1423(81KB) AllocSpace objects, 1(20KB) LOS objects, 37% free, 26MB/42MB, paused 544us total 43.004ms
08-06 02:35:46.231 18001 18013 I art     : Starting a blocking GC Explicit
08-06 02:35:46.273 18001 18013 I art     : Explicit concurrent mark sweep GC freed 18(624B) AllocSpace objects, 0(0B) LOS objects, 37% free, 26MB/42MB, paused 557us total 41.602ms
08-06 02:35:46.289 18001 18013 I art     : Starting a blocking GC Explicit
08-06 02:35:46.333 18001 18013 I art     : Explicit concurrent mark sweep GC freed 23(864B) AllocSpace objects, 0(0B) LOS objects, 37% free, 26MB/42MB, paused 556us total 43.695ms
08-06 02:35:46.348 18001 18013 I art     : Starting a blocking GC Explicit
08-06 02:35:46.390 18001 18013 I art     : Explicit concurrent mark sweep GC freed 44(1424B) AllocSpace objects, 0(0B) LOS objects, 37% free, 26MB/42MB, paused 729us total 41.242ms
08-06 02:35:46.405 18001 18013 I art     : Starting a blocking GC Explicit
08-06 02:35:46.447 18001 18013 I art     : Explicit concurrent mark sweep GC freed 35(1120B) AllocSpace objects, 0(0B) LOS objects, 37% free, 26MB/42MB, paused 504us total 41.410ms
08-06 02:35:46.785 18001 18012 I art     : Starting a blocking GC Explicit
08-06 02:35:46.843 18001 18012 I art     : Explicit concurrent mark sweep GC freed 1350(77KB) AllocSpace objects, 1(20KB) LOS objects, 37% free, 26MB/42MB, paused 593us total 57.529ms
08-06 02:35:46.861 18001 18012 I art     : Starting a blocking GC Explicit
08-06 02:35:46.908 18001 18012 I art     : Explicit concurrent mark sweep GC freed 18(624B) AllocSpace objects, 0(0B) LOS objects, 37% free, 26MB/42MB, paused 586us total 46.437ms
08-06 02:35:46.924 18001 18012 I art     : Starting a blocking GC Explicit
08-06 02:35:46.969 18001 18012 I art     : Explicit concurrent mark sweep GC freed 3(96B) AllocSpace objects, 0(0B) LOS objects, 37% free, 26MB/42MB, paused 562us total 44.172ms
08-06 02:35:46.984 18001 18012 I art     : Starting a blocking GC Explicit
08-06 02:35:47.032 18001 18012 I art     : Explicit concurrent mark sweep GC freed 3(96B) AllocSpace objects, 0(0B) LOS objects, 37% free, 26MB/42MB, paused 530us total 47.369ms
08-06 02:35:47.048 18001 18012 I art     : Starting a blocking GC Explicit
08-06 02:35:47.093 18001 18012 I art     : Explicit concurrent mark sweep GC freed 3(96B) AllocSpace objects, 0(0B) LOS objects, 37% free, 26MB/42MB, paused 550us total 43.836ms
08-06 02:35:47.430 18001 18271 I art     : Starting a blocking GC Explicit
08-06 02:35:47.487 18001 18271 I art     : Explicit concurrent mark sweep GC freed 1293(75KB) AllocSpace objects, 1(20KB) LOS objects, 37% free, 26MB/42MB, paused 579us total 57.117ms
08-06 02:35:47.508 18001 18271 I art     : Starting a blocking GC Explicit
08-06 02:35:47.552 18001 18271 I art     : Explicit concurrent mark sweep GC freed 18(624B) AllocSpace objects, 0(0B) LOS objects, 37% free, 26MB/42MB, paused 544us total 43.653ms
08-06 02:35:47.568 18001 18271 I art     : Starting a blocking GC Explicit
08-06 02:35:47.615 18001 18271 I art     : Explicit concurrent mark sweep GC freed 3(96B) AllocSpace objects, 0(0B) LOS objects, 37% free, 26MB/42MB, paused 564us total 46.406ms
08-06 02:35:47.631 18001 18271 I art     : Starting a blocking GC Explicit
08-06 02:35:47.677 18001 18271 I art     : Explicit concurrent mark sweep GC freed 3(96B) AllocSpace objects, 0(0B) LOS objects, 37% free, 26MB/42MB, paused 559us total 45.391ms
08-06 02:35:47.693 18001 18271 I art     : Starting a blocking GC Explicit
08-06 02:35:47.740 18001 18271 I art     : Explicit concurrent mark sweep GC freed 16(688B) AllocSpace objects, 0(0B) LOS objects, 37% free, 26MB/42MB, paused 540us total 47.064ms
08-06 02:35:48.080 18001 18274 I art     : Starting a blocking GC Explicit
08-06 02:35:48.137 18001 18274 I art     : Explicit concurrent mark sweep GC freed 1304(76KB) AllocSpace objects, 1(20KB) LOS objects, 37% free, 26MB/42MB, paused 514us total 56.735ms
08-06 02:35:48.155 18001 18274 I art     : Starting a blocking GC Explicit
08-06 02:35:48.201 18001 18274 I art     : Explicit concurrent mark sweep GC freed 18(624B) AllocSpace objects, 0(0B) LOS objects, 37% free, 26MB/42MB, paused 504us total 45.457ms
08-06 02:35:48.217 18001 18274 I art     : Starting a blocking GC Explicit
08-06 02:35:48.264 18001 18274 I art     : Explicit concurrent mark sweep GC freed 3(96B) AllocSpace objects, 0(0B) LOS objects, 37% free, 26MB/42MB, paused 475us total 46.228ms
08-06 02:35:48.280 18001 18274 I art     : Starting a blocking GC Explicit
08-06 02:35:48.322 18001 18274 I art     : Explicit concurrent mark sweep GC freed 3(96B) AllocSpace objects, 0(0B) LOS objects, 37% free, 26MB/42MB, paused 498us total 42.557ms
08-06 02:35:48.338 18001 18274 I art     : Starting a blocking GC Explicit
08-06 02:35:48.382 18001 18274 I art     : Explicit concurrent mark sweep GC freed 3(96B) AllocSpace objects, 0(0B) LOS objects, 37% free, 26MB/42MB, paused 457us total 43.277ms
08-06 02:35:48.747 18001 18274 I art     : Starting a blocking GC Explicit
08-06 02:35:48.793 18001 18274 I art     : Explicit concurrent mark sweep GC freed 1312(76KB) AllocSpace objects, 1(20KB) LOS objects, 37% free, 26MB/42MB, paused 487us total 45.468ms
08-06 02:35:48.809 18001 18274 I art     : Starting a blocking GC Explicit
08-06 02:35:48.851 18001 18274 I art     : Explicit concurrent mark sweep GC freed 42(1568B) AllocSpace objects, 0(0B) LOS objects, 37% free, 26MB/42MB, paused 502us total 40.889ms
08-06 02:35:48.865 18001 18274 I art     : Starting a blocking GC Explicit
08-06 02:35:48.899 19157 19157 D AndroidRuntime: >>>>>> START com.android.internal.os.RuntimeInit uid 2000 <<<<<<
08-06 02:35:48.904 19157 19157 D AndroidRuntime: CheckJNI is OFF
08-06 02:35:48.906 18001 18274 I art     : Explicit concurrent mark sweep GC freed 56(1712B) AllocSpace objects, 0(0B) LOS objects, 37% free, 26MB/42MB, paused 514us total 40.798ms
08-06 02:35:48.921 18001 18274 I art     : Starting a blocking GC Explicit
08-06 02:35:48.949 19157 19157 D ICU     : No timezone override file found: /data/misc/zoneinfo/current/icu/icu_tzdata.dat
08-06 02:35:48.963 18001 18274 I art     : Explicit concurrent mark sweep GC freed 151(10KB) AllocSpace objects, 0(0B) LOS objects, 37% free, 26MB/42MB, paused 510us total 41.189ms
08-06 02:35:48.979 18001 18274 I art     : Starting a blocking GC Explicit
08-06 02:35:48.996 19157 19157 I Radio-JNI: register_android_hardware_Radio DONE
08-06 02:35:49.022 18001 18274 I art     : Explicit concurrent mark sweep GC freed 3(96B) AllocSpace objects, 0(0B) LOS objects, 37% free, 26MB/42MB, paused 477us total 42.249ms
08-06 02:35:49.025 19157 19157 D AndroidRuntime: Calling main entry com.android.commands.input.Input
08-06 02:35:49.027 19157 19157 I Input   : injectMotionEvent: MotionEvent { action=ACTION_DOWN, actionButton=0, id[0]=0, x[0]=81.0, y[0]=176.0, toolType[0]=TOOL_TYPE_UNKNOWN, buttonState=0, metaState=0, flags=0x0, edgeFlags=0x0, pointerCount=1, historySize=0, eventTime=844565440, downTime=844565440, deviceId=0, source=0x1002 }
08-06 02:35:49.036 19157 19157 I Input   : injectMotionEvent: MotionEvent { action=ACTION_UP, actionButton=0, id[0]=0, x[0]=81.0, y[0]=176.0, toolType[0]=TOOL_TYPE_UNKNOWN, buttonState=0, metaState=0, flags=0x0, edgeFlags=0x0, pointerCount=1, historySize=0, eventTime=844565440, downTime=844565440, deviceId=0, source=0x1002 }
08-06 02:35:49.038 19157 19157 D AndroidRuntime: Shutting down VM
08-06 02:35:49.057   512  2967 D audio_hw_primary: out_set_parameters: enter: usecase(1: low-latency-playback) kvpairs: routing=2
08-06 02:35:49.070   512  2967 D audio_hw_primary: select_devices: out_snd_device(2: speaker) in_snd_device(0: none)
08-06 02:35:49.070   512  2967 D msm8974_platform: platform_send_audio_calibration: sending audio calibration for snd_device(2) acdb_id(15)
08-06 02:35:49.071   512  2967 I soundtrigger: audio_extn_sound_trigger_update_device_status: device 0x2 of type 0 for Event 1
08-06 02:35:49.084   512  2967 D audio_hw_primary: enable_snd_device: snd_device(2: speaker)
08-06 02:35:49.087   512  2967 D audio_hw_primary: enable_audio_route: apply and update mixer path: low-latency-playback speaker
08-06 02:35:49.090 13866 13866 I GoogleInputMethodServic: GoogleInputMethodService.onFinishInput():3138 
08-06 02:35:49.091 13866 13866 I GoogleInputMethodServic: GoogleInputMethodService.onStartInput():1808 
08-06 02:35:49.327 18001 18012 I art     : Starting a blocking GC Explicit
08-06 02:35:49.373 18001 18012 I art     : Explicit concurrent mark sweep GC freed 1710(96KB) AllocSpace objects, 1(20KB) LOS objects, 37% free, 26MB/42MB, paused 688us total 46.119ms
08-06 02:35:49.391 18001 18012 I art     : Starting a blocking GC Explicit
08-06 02:35:49.429 18001 18012 I art     : Explicit concurrent mark sweep GC freed 28(1120B) AllocSpace objects, 0(0B) LOS objects, 37% free, 26MB/42MB, paused 456us total 37.372ms
08-06 02:35:49.443 18001 18012 I art     : Starting a blocking GC Explicit
08-06 02:35:49.484 18001 18012 I art     : Explicit concurrent mark sweep GC freed 11(384B) AllocSpace objects, 0(0B) LOS objects, 37% free, 26MB/42MB, paused 482us total 40.756ms
08-06 02:35:49.500 18001 18012 I art     : Starting a blocking GC Explicit
08-06 02:35:49.542 18001 18012 I art     : Explicit concurrent mark sweep GC freed 21(976B) AllocSpace objects, 0(0B) LOS objects, 37% free, 26MB/42MB, paused 511us total 41.382ms
08-06 02:35:49.560 18001 18012 I art     : Starting a blocking GC Explicit
08-06 02:35:49.600 18001 18012 I art     : Explicit concurrent mark sweep GC freed 11(352B) AllocSpace objects, 0(0B) LOS objects, 37% free, 26MB/42MB, paused 496us total 39.376ms
08-06 02:35:49.626   918  1210 D NetlinkSocketObserver: NeighborEvent{elapsedMs=1827953501, 192.168.2.254, [7C3953A63323], RTM_NEWNEIGH, NUD_REACHABLE}
08-06 02:35:49.630   512  2967 D audio_hw_primary: disable_audio_route: reset and update mixer path: low-latency-playback speaker
08-06 02:35:49.631   512  2967 D audio_hw_primary: disable_snd_device: snd_device(2: speaker)
08-06 02:35:49.641   512  2967 I soundtrigger: audio_extn_sound_trigger_update_device_status: device 0x2 of type 0 for Event 0
08-06 02:35:49.898 18001 18013 I art     : Starting a blocking GC Explicit
08-06 02:35:49.958 18001 18013 I art     : Explicit concurrent mark sweep GC freed 1293(75KB) AllocSpace objects, 1(20KB) LOS objects, 37% free, 26MB/42MB, paused 541us total 59.683ms
08-06 02:35:49.977 18001 18013 I art     : Starting a blocking GC Explicit
08-06 02:35:49.995 13136 13136 I ServiceManager: Waiting for service AtCmdFwd...
08-06 02:35:50.018 18001 18013 I art     : Explicit concurrent mark sweep GC freed 20(688B) AllocSpace objects, 0(0B) LOS objects, 37% free, 26MB/42MB, paused 516us total 40.894ms
08-06 02:35:50.034 18001 18013 I art     : Starting a blocking GC Explicit
08-06 02:35:50.077 18001 18013 I art     : Explicit concurrent mark sweep GC freed 3(96B) AllocSpace objects, 0(0B) LOS objects, 37% free, 26MB/42MB, paused 495us total 42.669ms
08-06 02:35:50.093 18001 18013 I art     : Starting a blocking GC Explicit
08-06 02:35:50.136 18001 18013 I art     : Explicit concurrent mark sweep GC freed 3(96B) AllocSpace objects, 0(0B) LOS objects, 37% free, 26MB/42MB, paused 489us total 42.663ms
08-06 02:35:50.152 18001 18013 I art     : Starting a blocking GC Explicit
08-06 02:35:50.194 18001 18013 I art     : Explicit concurrent mark sweep GC freed 3(96B) AllocSpace objects, 0(0B) LOS objects, 37% free, 26MB/42MB, paused 498us total 42.271ms
08-06 02:35:50.491 18001 18271 I art     : Starting a blocking GC Explicit
08-06 02:35:50.541 18001 18271 I art     : Explicit concurrent mark sweep GC freed 1293(75KB) AllocSpace objects, 1(20KB) LOS objects, 37% free, 26MB/42MB, paused 546us total 50.402ms
08-06 02:35:50.558 18001 18271 I art     : Starting a blocking GC Explicit
08-06 02:35:50.599 18001 18271 I art     : Explicit concurrent mark sweep GC freed 18(624B) AllocSpace objects, 0(0B) LOS objects, 37% free, 26MB/42MB, paused 502us total 40.820ms
08-06 02:35:50.599 18001 18011 I art     : WaitForGcToComplete blocked for 38.448ms for cause HeapTrim
08-06 02:35:50.614 18001 18271 I art     : Starting a blocking GC Explicit
08-06 02:35:50.654 18001 18271 I art     : Explicit concurrent mark sweep GC freed 3(96B) AllocSpace objects, 0(0B) LOS objects, 37% free, 26MB/42MB, paused 490us total 40.021ms
08-06 02:35:50.670 18001 18271 I art     : Starting a blocking GC Explicit
08-06 02:35:50.711 18001 18271 I art     : Explicit concurrent mark sweep GC freed 5(160B) AllocSpace objects, 0(0B) LOS objects, 37% free, 26MB/42MB, paused 469us total 41.660ms
08-06 02:35:50.727 18001 18271 I art     : Starting a blocking GC Explicit
08-06 02:35:50.770 18001 18271 I art     : Explicit concurrent mark sweep GC freed 9(288B) AllocSpace objects, 0(0B) LOS objects, 37% free, 26MB/42MB, paused 480us total 42.052ms
08-06 02:35:50.829 19201 19201 D AndroidRuntime: >>>>>> START com.android.internal.os.RuntimeInit uid 2000 <<<<<<
08-06 02:35:50.835 19201 19201 D AndroidRuntime: CheckJNI is OFF
08-06 02:35:50.877 19201 19201 D ICU     : No timezone override file found: /data/misc/zoneinfo/current/icu/icu_tzdata.dat
08-06 02:35:50.922 19201 19201 I Radio-JNI: register_android_hardware_Radio DONE
08-06 02:35:50.951 19201 19201 D AndroidRuntime: Calling main entry com.android.commands.input.Input
08-06 02:35:50.953 19201 19201 I Input   : injectMotionEvent: MotionEvent { action=ACTION_DOWN, actionButton=0, id[0]=0, x[0]=436.0, y[0]=1770.0, toolType[0]=TOOL_TYPE_UNKNOWN, buttonState=0, metaState=0, flags=0x0, edgeFlags=0x0, pointerCount=1, historySize=0, eventTime=844567366, downTime=844567366, deviceId=0, source=0x1002 }
08-06 02:35:50.960 19201 19201 I Input   : injectMotionEvent: MotionEvent { action=ACTION_UP, actionButton=0, id[0]=0, x[0]=436.0, y[0]=1770.0, toolType[0]=TOOL_TYPE_UNKNOWN, buttonState=0, metaState=0, flags=0x0, edgeFlags=0x0, pointerCount=1, historySize=0, eventTime=844567366, downTime=844567366, deviceId=0, source=0x1002 }
08-06 02:35:50.964 19201 19201 D AndroidRuntime: Shutting down VM
08-06 02:35:50.975 18001 18001 D MainActivity: NavigationItemSelected: Courses
08-06 02:35:50.977   918  6111 I ActivityManager: START u0 {cmp=baseline.com.ak.uobtimetable/.CourseListActivity} from uid 10710 on display 0
08-06 02:35:50.979   512  2967 D audio_hw_primary: out_set_parameters: enter: usecase(1: low-latency-playback) kvpairs: routing=2
08-06 02:35:50.989 18001 18001 D MainActivity: OnPause
08-06 02:35:50.992   512  2967 D audio_hw_primary: select_devices: out_snd_device(2: speaker) in_snd_device(0: none)
08-06 02:35:50.992   512  2967 D msm8974_platform: platform_send_audio_calibration: sending audio calibration for snd_device(2) acdb_id(15)
08-06 02:35:50.992   512  2967 I soundtrigger: audio_extn_sound_trigger_update_device_status: device 0x2 of type 0 for Event 1
08-06 02:35:50.996 13136 13136 I ServiceManager: Waiting for service AtCmdFwd...
08-06 02:35:51.015   512  2967 D audio_hw_primary: enable_snd_device: snd_device(2: speaker)
08-06 02:35:51.017   512  2967 D audio_hw_primary: enable_audio_route: apply and update mixer path: low-latency-playback speaker
08-06 02:35:51.042 18001 18001 D CourseListActivity: onCreate
08-06 02:35:51.044 18001 19234 D HTTP    : Request for: https://uob-timetable-api.adriankeenan.co.uk/courses
08-06 02:35:51.105 18001 18012 I art     : Starting a blocking GC Explicit
08-06 02:35:51.118   918   936 I ActivityManager: Displayed baseline.com.ak.uobtimetable/.CourseListActivity: +125ms
08-06 02:35:51.119 13866 13866 I GoogleInputMethodServic: GoogleInputMethodService.onFinishInput():3138 
08-06 02:35:51.120 13866 13866 I GoogleInputMethodServic: GoogleInputMethodService.onStartInput():1808 
08-06 02:35:51.156 18001 18012 I art     : Explicit concurrent mark sweep GC freed 3996(219KB) AllocSpace objects, 1(20KB) LOS objects, 37% free, 26MB/42MB, paused 655us total 50.222ms
08-06 02:35:51.171 18001 18012 I art     : Starting a blocking GC Explicit
08-06 02:35:51.209 18001 18012 I art     : Explicit concurrent mark sweep GC freed 1117(86KB) AllocSpace objects, 0(0B) LOS objects, 37% free, 26MB/42MB, paused 617us total 38.430ms
08-06 02:35:51.224 18001 18012 I art     : Starting a blocking GC Explicit
08-06 02:35:51.266 18001 18012 I art     : Explicit concurrent mark sweep GC freed 1888(77KB) AllocSpace objects, 2(120KB) LOS objects, 37% free, 26MB/42MB, paused 553us total 41.512ms
08-06 02:35:51.274 18001 19234 I NAPPA_EXPERIMENTATION: MetricNetworkRequestExecutionTime: REQUEST_DURATION_SYSTEM='228',REQUEST_DURATION_OKHTTP='34',REQUEST_SYNCHRONOUS='TRUE',RESPONSE_CODE='200',RESPONSE_METHOD='GET',RESPONSE_LENGTH_OKHTTP='-1',RESPONSE_LENGTH_HEADER='-2',REQUEST_PROTOCOL='http/1.1',REQUEST_URL='https://uob-timetable-api.adriankeenan.co.uk/courses',
08-06 02:35:51.281 18001 18012 I art     : Starting a blocking GC Explicit
08-06 02:35:51.328 18001 18012 I art     : Explicit concurrent mark sweep GC freed 1082(129KB) AllocSpace objects, 1(80KB) LOS objects, 35% free, 29MB/45MB, paused 590us total 45.953ms
08-06 02:35:51.345 18001 18012 I art     : Starting a blocking GC Explicit
08-06 02:35:51.387 18001 18012 I art     : Explicit concurrent mark sweep GC freed 53(3KB) AllocSpace objects, 0(0B) LOS objects, 32% free, 32MB/48MB, paused 517us total 40.798ms
08-06 02:35:51.490 18001 18001 D MainActivity: Saving state
08-06 02:35:51.490 18001 18001 D MainActivity: Saving current fragment: SessionListsFragment
08-06 02:35:51.490 18001 18001 D MainActivity: Saving current index: 3
08-06 02:35:51.491 18001 18001 D SessionListsFragment: Saving state
08-06 02:35:51.568   512  2967 D audio_hw_primary: disable_audio_route: reset and update mixer path: low-latency-playback speaker
08-06 02:35:51.569   512  2967 D audio_hw_primary: disable_snd_device: snd_device(2: speaker)
08-06 02:35:51.577   512  2967 I soundtrigger: audio_extn_sound_trigger_update_device_status: device 0x2 of type 0 for Event 0
08-06 02:35:51.664 18001 19234 I HTTP    : Response was compressed.
08-06 02:35:51.684 18001 18271 I art     : Starting a blocking GC Explicit
08-06 02:35:51.737 18001 18271 I art     : Explicit concurrent mark sweep GC freed 33940(1577KB) AllocSpace objects, 2(22MB) LOS objects, 27% free, 42MB/58MB, paused 772us total 52.667ms
08-06 02:35:51.752 18001 18271 I art     : Starting a blocking GC Explicit
08-06 02:35:51.798 18001 18271 I art     : Explicit concurrent mark sweep GC freed 37178(1772KB) AllocSpace objects, 0(0B) LOS objects, 27% free, 42MB/58MB, paused 860us total 45.549ms
08-06 02:35:51.814 18001 18271 I art     : Starting a blocking GC Explicit
08-06 02:35:51.862 18001 18271 I art     : Explicit concurrent mark sweep GC freed 34352(1614KB) AllocSpace objects, 0(0B) LOS objects, 27% free, 42MB/58MB, paused 1.038ms total 48.033ms
08-06 02:35:51.878 18001 18271 I art     : Starting a blocking GC Explicit
08-06 02:35:51.925 18001 18271 I art     : Explicit concurrent mark sweep GC freed 34400(1609KB) AllocSpace objects, 0(0B) LOS objects, 27% free, 42MB/58MB, paused 954us total 46.994ms
08-06 02:35:51.940 18001 18271 I art     : Starting a blocking GC Explicit
08-06 02:35:51.989 18001 18271 I art     : Explicit concurrent mark sweep GC freed 34579(1629KB) AllocSpace objects, 0(0B) LOS objects, 27% free, 42MB/58MB, paused 973us total 48.579ms
08-06 02:35:51.996 13136 13136 I ServiceManager: Waiting for service AtCmdFwd...
08-06 02:35:52.303 18001 18274 I art     : Starting a blocking GC Explicit
08-06 02:35:52.373 18001 18274 I art     : Explicit concurrent mark sweep GC freed 198104(9MB) AllocSpace objects, 1(20KB) LOS objects, 26% free, 44MB/60MB, paused 883us total 70.278ms
08-06 02:35:52.393 18001 18274 I art     : Starting a blocking GC Explicit
08-06 02:35:52.446 18001 18274 I art     : Explicit concurrent mark sweep GC freed 47199(2MB) AllocSpace objects, 0(0B) LOS objects, 26% free, 44MB/60MB, paused 1.094ms total 53.232ms
08-06 02:35:52.464 18001 18274 I art     : Starting a blocking GC Explicit
08-06 02:35:52.518 18001 18274 I art     : Explicit concurrent mark sweep GC freed 38854(1846KB) AllocSpace objects, 0(0B) LOS objects, 26% free, 44MB/60MB, paused 1.159ms total 54.142ms
08-06 02:35:52.536 18001 18274 I art     : Starting a blocking GC Explicit
08-06 02:35:52.591 18001 18274 I art     : Explicit concurrent mark sweep GC freed 39770(1867KB) AllocSpace objects, 0(0B) LOS objects, 26% free, 45MB/61MB, paused 1.082ms total 55.158ms
08-06 02:35:52.609 18001 18274 I art     : Starting a blocking GC Explicit
08-06 02:35:52.666 18001 18274 I art     : Explicit concurrent mark sweep GC freed 40318(1883KB) AllocSpace objects, 0(0B) LOS objects, 25% free, 45MB/61MB, paused 1.449ms total 57.043ms
08-06 02:35:52.974 18001 18012 I art     : Starting a blocking GC Explicit
08-06 02:35:52.996 13136 13136 I ServiceManager: Waiting for service AtCmdFwd...
08-06 02:35:53.050 18001 18012 I art     : Explicit concurrent mark sweep GC freed 197588(9MB) AllocSpace objects, 1(20KB) LOS objects, 25% free, 47MB/63MB, paused 1.015ms total 75.774ms
08-06 02:35:53.071 18001 18012 I art     : Starting a blocking GC Explicit
08-06 02:35:53.130 18001 18012 I art     : Explicit concurrent mark sweep GC freed 51340(2MB) AllocSpace objects, 0(0B) LOS objects, 25% free, 47MB/63MB, paused 1.200ms total 58.920ms
08-06 02:35:53.149 18001 18012 I art     : Starting a blocking GC Explicit
08-06 02:35:53.209 18001 18012 I art     : Explicit concurrent mark sweep GC freed 43155(2035KB) AllocSpace objects, 0(0B) LOS objects, 25% free, 47MB/63MB, paused 1.295ms total 59.729ms
08-06 02:35:53.228 18001 18012 I art     : Starting a blocking GC Explicit
08-06 02:35:53.291 18001 18012 I art     : Explicit concurrent mark sweep GC freed 44000(2MB) AllocSpace objects, 0(0B) LOS objects, 24% free, 48MB/64MB, paused 1.353ms total 62.804ms
08-06 02:35:53.310 18001 18012 I art     : Starting a blocking GC Explicit
08-06 02:35:53.375 18001 18012 I art     : Explicit concurrent mark sweep GC freed 44745(2MB) AllocSpace objects, 0(0B) LOS objects, 24% free, 48MB/64MB, paused 1.424ms total 64.616ms
08-06 02:35:53.690 18001 18274 I art     : Starting a blocking GC Explicit
08-06 02:35:53.782 18001 18274 I art     : Explicit concurrent mark sweep GC freed 207160(9MB) AllocSpace objects, 1(20KB) LOS objects, 24% free, 50MB/66MB, paused 1.220ms total 90.875ms
08-06 02:35:53.803 18001 18274 I art     : Starting a blocking GC Explicit
08-06 02:35:53.874 18001 18274 I art     : Explicit concurrent mark sweep GC freed 57702(2MB) AllocSpace objects, 0(0B) LOS objects, 24% free, 50MB/66MB, paused 1.560ms total 70.499ms
08-06 02:35:53.895 18001 18274 I art     : Starting a blocking GC Explicit
08-06 02:35:53.969 18001 18274 I art     : Explicit concurrent mark sweep GC freed 51354(2MB) AllocSpace objects, 0(0B) LOS objects, 23% free, 50MB/66MB, paused 1.463ms total 73.185ms
08-06 02:35:53.990 18001 18274 I art     : Starting a blocking GC Explicit
08-06 02:35:53.997 13136 13136 I ServiceManager: Waiting for service AtCmdFwd...
08-06 02:35:54.064 18001 18274 I art     : Explicit concurrent mark sweep GC freed 50612(2MB) AllocSpace objects, 0(0B) LOS objects, 23% free, 51MB/67MB, paused 1.513ms total 73.744ms
08-06 02:35:54.085 18001 18274 I art     : Starting a blocking GC Explicit
08-06 02:35:54.161 18001 18274 I art     : Explicit concurrent mark sweep GC freed 51390(2MB) AllocSpace objects, 0(0B) LOS objects, 23% free, 51MB/67MB, paused 1.593ms total 75.095ms
08-06 02:35:54.445 18001 19234 I Service : getCourses response time: 0.69
08-06 02:35:54.461 18001 18001 I SettingsManager: Getting string: savedCourse
08-06 02:35:54.478 18001 18274 I art     : Starting a blocking GC Explicit
08-06 02:35:54.570 18001 18274 I art     : Explicit concurrent mark sweep GC freed 159869(7MB) AllocSpace objects, 2(15MB) LOS objects, 29% free, 37MB/53MB, paused 748us total 91.419ms
08-06 02:35:54.592 18001 18274 I art     : Starting a blocking GC Explicit
08-06 02:35:54.667 18001 18274 I art     : Explicit concurrent mark sweep GC freed 785(31KB) AllocSpace objects, 0(0B) LOS objects, 29% free, 37MB/53MB, paused 520us total 74.991ms
08-06 02:35:54.693 18001 18274 I art     : Starting a blocking GC Explicit
08-06 02:35:54.766 18001 18274 I art     : Explicit concurrent mark sweep GC freed 696(64KB) AllocSpace objects, 0(0B) LOS objects, 29% free, 37MB/53MB, paused 561us total 72.607ms
08-06 02:35:54.790 18001 18274 I art     : Starting a blocking GC Explicit
08-06 02:35:54.863 18001 18274 I art     : Explicit concurrent mark sweep GC freed 3(96B) AllocSpace objects, 0(0B) LOS objects, 29% free, 37MB/53MB, paused 542us total 72.714ms
08-06 02:35:54.888 18001 18274 I art     : Starting a blocking GC Explicit
08-06 02:35:54.971 18001 18274 I art     : Explicit concurrent mark sweep GC freed 3(96B) AllocSpace objects, 0(0B) LOS objects, 29% free, 37MB/53MB, paused 493us total 82.097ms
08-06 02:35:54.997 13136 13136 W Atfwd_Sendcmd: AtCmdFwd service not published, waiting... retryCnt : 4
08-06 02:35:55.323 18001 18012 I art     : Starting a blocking GC Explicit
08-06 02:35:55.424 18001 18012 I art     : Explicit concurrent mark sweep GC freed 1316(76KB) AllocSpace objects, 1(20KB) LOS objects, 29% free, 37MB/53MB, paused 562us total 100.862ms
08-06 02:35:55.450 18001 18012 I art     : Starting a blocking GC Explicit
08-06 02:35:55.532 18001 18012 I art     : Explicit concurrent mark sweep GC freed 18(624B) AllocSpace objects, 0(0B) LOS objects, 29% free, 37MB/53MB, paused 567us total 82.313ms
08-06 02:35:55.558 18001 18012 I art     : Starting a blocking GC Explicit
08-06 02:35:55.640 18001 18012 I art     : Explicit concurrent mark sweep GC freed 3(96B) AllocSpace objects, 0(0B) LOS objects, 29% free, 37MB/53MB, paused 560us total 81.781ms
08-06 02:35:55.665 18001 18012 I art     : Starting a blocking GC Explicit
08-06 02:35:55.749 18001 18012 I art     : Explicit concurrent mark sweep GC freed 3(96B) AllocSpace objects, 0(0B) LOS objects, 29% free, 37MB/53MB, paused 539us total 83.582ms
08-06 02:35:55.749 18001 18011 I art     : WaitForGcToComplete blocked for 83.924ms for cause HeapTrim
08-06 02:35:55.774 18001 18012 I art     : Starting a blocking GC Explicit
08-06 02:35:55.854 18001 18012 I art     : Explicit concurrent mark sweep GC freed 3(96B) AllocSpace objects, 0(0B) LOS objects, 29% free, 37MB/53MB, paused 551us total 79.619ms
08-06 02:35:56.227 18001 18013 I art     : Starting a blocking GC Explicit
08-06 02:35:56.325 18001 18013 I art     : Explicit concurrent mark sweep GC freed 1296(75KB) AllocSpace objects, 1(20KB) LOS objects, 29% free, 37MB/53MB, paused 568us total 97.064ms
08-06 02:35:56.350 18001 18013 I art     : Starting a blocking GC Explicit
08-06 02:35:56.433 18001 18013 I art     : Explicit concurrent mark sweep GC freed 18(624B) AllocSpace objects, 0(0B) LOS objects, 29% free, 37MB/53MB, paused 545us total 82.200ms
08-06 02:35:56.459 18001 18013 I art     : Starting a blocking GC Explicit
08-06 02:35:56.542 18001 18013 I art     : Explicit concurrent mark sweep GC freed 3(96B) AllocSpace objects, 0(0B) LOS objects, 29% free, 37MB/53MB, paused 533us total 83.185ms
08-06 02:35:56.568 18001 18013 I art     : Starting a blocking GC Explicit
08-06 02:35:56.651 18001 18013 I art     : Explicit concurrent mark sweep GC freed 3(96B) AllocSpace objects, 0(0B) LOS objects, 29% free, 37MB/53MB, paused 527us total 82.565ms
08-06 02:35:56.677 18001 18013 I art     : Starting a blocking GC Explicit
08-06 02:35:56.763 18001 18013 I art     : Explicit concurrent mark sweep GC freed 3(96B) AllocSpace objects, 0(0B) LOS objects, 29% free, 37MB/53MB, paused 514us total 85.994ms
08-06 02:35:57.124 18001 18274 I art     : Starting a blocking GC Explicit
08-06 02:35:57.219 18001 18274 I art     : Explicit concurrent mark sweep GC freed 1293(75KB) AllocSpace objects, 1(20KB) LOS objects, 29% free, 37MB/53MB, paused 543us total 94.586ms
08-06 02:35:57.244 18001 18274 I art     : Starting a blocking GC Explicit
08-06 02:35:57.316 18001 18274 I art     : Explicit concurrent mark sweep GC freed 18(624B) AllocSpace objects, 0(0B) LOS objects, 29% free, 37MB/53MB, paused 541us total 71.401ms
08-06 02:35:57.340 18001 18274 I art     : Starting a blocking GC Explicit
08-06 02:35:57.411 18001 18274 I art     : Explicit concurrent mark sweep GC freed 3(96B) AllocSpace objects, 0(0B) LOS objects, 29% free, 37MB/53MB, paused 531us total 71.711ms
08-06 02:35:57.437 18001 18274 I art     : Starting a blocking GC Explicit
08-06 02:35:57.516 18001 18274 I art     : Explicit concurrent mark sweep GC freed 3(96B) AllocSpace objects, 0(0B) LOS objects, 29% free, 37MB/53MB, paused 573us total 79.299ms
08-06 02:35:57.541 18001 18274 I art     : Starting a blocking GC Explicit
08-06 02:35:57.621 18001 18274 I art     : Explicit concurrent mark sweep GC freed 3(96B) AllocSpace objects, 0(0B) LOS objects, 29% free, 37MB/53MB, paused 574us total 80.235ms
08-06 02:35:57.776 19317 19317 D AndroidRuntime: >>>>>> START com.android.internal.os.RuntimeInit uid 2000 <<<<<<
08-06 02:35:57.785 19317 19317 D AndroidRuntime: CheckJNI is OFF
08-06 02:35:57.828 19317 19317 D ICU     : No timezone override file found: /data/misc/zoneinfo/current/icu/icu_tzdata.dat
08-06 02:35:57.870 19317 19317 I Radio-JNI: register_android_hardware_Radio DONE
08-06 02:35:57.899 19317 19317 D AndroidRuntime: Calling main entry com.android.commands.input.Input
08-06 02:35:57.902 19317 19317 I Input   : injectMotionEvent: MotionEvent { action=ACTION_DOWN, actionButton=0, id[0]=0, x[0]=648.0, y[0]=709.0, toolType[0]=TOOL_TYPE_UNKNOWN, buttonState=0, metaState=0, flags=0x0, edgeFlags=0x0, pointerCount=1, historySize=0, eventTime=844574314, downTime=844574314, deviceId=0, source=0x1002 }
08-06 02:35:57.906 19317 19317 I Input   : injectMotionEvent: MotionEvent { action=ACTION_UP, actionButton=0, id[0]=0, x[0]=648.0, y[0]=709.0, toolType[0]=TOOL_TYPE_UNKNOWN, buttonState=0, metaState=0, flags=0x0, edgeFlags=0x0, pointerCount=1, historySize=0, eventTime=844574314, downTime=844574314, deviceId=0, source=0x1002 }
08-06 02:35:57.908 19317 19317 D AndroidRuntime: Shutting down VM
08-06 02:35:57.973   512  2967 D audio_hw_primary: out_set_parameters: enter: usecase(1: low-latency-playback) kvpairs: routing=2
08-06 02:35:57.987   512  2967 D audio_hw_primary: select_devices: out_snd_device(2: speaker) in_snd_device(0: none)
08-06 02:35:57.987   512  2967 D msm8974_platform: platform_send_audio_calibration: sending audio calibration for snd_device(2) acdb_id(15)
08-06 02:35:57.987 18001 18012 I art     : Starting a blocking GC Explicit
08-06 02:35:57.987   512  2967 I soundtrigger: audio_extn_sound_trigger_update_device_status: device 0x2 of type 0 for Event 1
08-06 02:35:57.998   512  2967 D audio_hw_primary: enable_snd_device: snd_device(2: speaker)
08-06 02:35:58.001   512  2967 D audio_hw_primary: enable_audio_route: apply and update mixer path: low-latency-playback speaker
08-06 02:35:58.066 18001 18012 I art     : Explicit concurrent mark sweep GC freed 2043(131KB) AllocSpace objects, 2(40KB) LOS objects, 29% free, 37MB/53MB, paused 658us total 78.108ms
08-06 02:35:58.090 18001 18012 I art     : Starting a blocking GC Explicit
08-06 02:35:58.165 18001 18012 I art     : Explicit concurrent mark sweep GC freed 162(7KB) AllocSpace objects, 0(0B) LOS objects, 29% free, 37MB/53MB, paused 482us total 75.104ms
08-06 02:35:58.193 18001 18012 I art     : Starting a blocking GC Explicit
08-06 02:35:58.273 18001 18012 I art     : Explicit concurrent mark sweep GC freed 7(240B) AllocSpace objects, 0(0B) LOS objects, 29% free, 37MB/53MB, paused 552us total 79.816ms
08-06 02:35:58.303 18001 18012 I art     : Starting a blocking GC Explicit
08-06 02:35:58.394 18001 18012 I art     : Explicit concurrent mark sweep GC freed 5(192B) AllocSpace objects, 0(0B) LOS objects, 29% free, 37MB/53MB, paused 531us total 90.022ms
08-06 02:35:58.423 18001 18012 I art     : Starting a blocking GC Explicit
08-06 02:35:58.514 18001 18012 I art     : Explicit concurrent mark sweep GC freed 9(288B) AllocSpace objects, 0(0B) LOS objects, 29% free, 37MB/53MB, paused 532us total 90.278ms
08-06 02:35:58.539   512  2967 D audio_hw_primary: disable_audio_route: reset and update mixer path: low-latency-playback speaker
08-06 02:35:58.541   512  2967 D audio_hw_primary: disable_snd_device: snd_device(2: speaker)
08-06 02:35:58.553   512  2967 I soundtrigger: audio_extn_sound_trigger_update_device_status: device 0x2 of type 0 for Event 0
08-06 02:35:58.872 18001 18013 I art     : Starting a blocking GC Explicit
08-06 02:35:58.953 18001 18013 I art     : Explicit concurrent mark sweep GC freed 1293(75KB) AllocSpace objects, 1(20KB) LOS objects, 29% free, 37MB/53MB, paused 532us total 80.710ms
08-06 02:35:58.978 18001 18013 I art     : Starting a blocking GC Explicit
08-06 02:35:59.056 18001 18013 I art     : Explicit concurrent mark sweep GC freed 22(752B) AllocSpace objects, 0(0B) LOS objects, 29% free, 37MB/53MB, paused 546us total 77.831ms
08-06 02:35:59.081 18001 18013 I art     : Starting a blocking GC Explicit
08-06 02:35:59.153 18001 18013 I art     : Explicit concurrent mark sweep GC freed 3(96B) AllocSpace objects, 0(0B) LOS objects, 29% free, 37MB/53MB, paused 502us total 71.447ms
08-06 02:35:59.177 18001 18013 I art     : Starting a blocking GC Explicit
08-06 02:35:59.246 18001 18013 I art     : Explicit concurrent mark sweep GC freed 3(96B) AllocSpace objects, 0(0B) LOS objects, 29% free, 37MB/53MB, paused 516us total 68.452ms
08-06 02:35:59.270 18001 18013 I art     : Starting a blocking GC Explicit
08-06 02:35:59.341 18001 18013 I art     : Explicit concurrent mark sweep GC freed 3(96B) AllocSpace objects, 0(0B) LOS objects, 29% free, 37MB/53MB, paused 539us total 70.726ms
08-06 02:35:59.678 18001 18012 I art     : Starting a blocking GC Explicit
08-06 02:35:59.693 19350 19350 D AndroidRuntime: >>>>>> START com.android.internal.os.RuntimeInit uid 2000 <<<<<<
08-06 02:35:59.701 19350 19350 D AndroidRuntime: CheckJNI is OFF
08-06 02:35:59.754 19350 19350 D ICU     : No timezone override file found: /data/misc/zoneinfo/current/icu/icu_tzdata.dat
08-06 02:35:59.773 18001 18012 I art     : Explicit concurrent mark sweep GC freed 1313(76KB) AllocSpace objects, 1(20KB) LOS objects, 29% free, 37MB/53MB, paused 512us total 95.392ms
08-06 02:35:59.796 18001 18012 I art     : Starting a blocking GC Explicit
08-06 02:35:59.798 19350 19350 I Radio-JNI: register_android_hardware_Radio DONE
08-06 02:35:59.826 19350 19350 D AndroidRuntime: Calling main entry com.android.commands.input.Input
08-06 02:35:59.828 19350 19350 I Input   : injectMotionEvent: MotionEvent { action=ACTION_DOWN, actionButton=0, id[0]=0, x[0]=1197.0, y[0]=1456.0, toolType[0]=TOOL_TYPE_UNKNOWN, buttonState=0, metaState=0, flags=0x0, edgeFlags=0x0, pointerCount=1, historySize=0, eventTime=844576241, downTime=844576241, deviceId=0, source=0x1002 }
08-06 02:35:59.834 19350 19350 I Input   : injectMotionEvent: MotionEvent { action=ACTION_UP, actionButton=0, id[0]=0, x[0]=1197.0, y[0]=1456.0, toolType[0]=TOOL_TYPE_UNKNOWN, buttonState=0, metaState=0, flags=0x0, edgeFlags=0x0, pointerCount=1, historySize=0, eventTime=844576241, downTime=844576241, deviceId=0, source=0x1002 }
08-06 02:35:59.836 19350 19350 D AndroidRuntime: Shutting down VM
08-06 02:35:59.851   512  2967 D audio_hw_primary: out_set_parameters: enter: usecase(1: low-latency-playback) kvpairs: routing=2
08-06 02:35:59.864   512  2967 D audio_hw_primary: select_devices: out_snd_device(2: speaker) in_snd_device(0: none)
08-06 02:35:59.864   512  2967 D msm8974_platform: platform_send_audio_calibration: sending audio calibration for snd_device(2) acdb_id(15)
08-06 02:35:59.864   512  2967 I soundtrigger: audio_extn_sound_trigger_update_device_status: device 0x2 of type 0 for Event 1
08-06 02:35:59.867 18001 18012 I art     : Explicit concurrent mark sweep GC freed 33(1200B) AllocSpace objects, 0(0B) LOS objects, 29% free, 37MB/53MB, paused 754us total 70.667ms
08-06 02:35:59.876   512  2967 D audio_hw_primary: enable_snd_device: snd_device(2: speaker)
08-06 02:35:59.879   512  2967 D audio_hw_primary: enable_audio_route: apply and update mixer path: low-latency-playback speaker
08-06 02:35:59.892 18001 18012 I art     : Starting a blocking GC Explicit
08-06 02:35:59.918 18001 18020 D OpenGLRenderer: endAllStagingAnimators on 0x7f949fcc00 (RippleDrawable) with handle 0x7f7d227020
08-06 02:35:59.925 18001 18001 I SettingsManager: Setting string: savedCourse
08-06 02:35:59.926   918  6029 W BackupManagerService: dataChanged but no participant pkg='baseline.com.ak.uobtimetable' uid=10710
08-06 02:35:59.927   918  3961 I ActivityManager: START u0 {flg=0x4000000 cmp=baseline.com.ak.uobtimetable/.MainActivity (has extras)} from uid 10710 on display 0
08-06 02:35:59.941   918  4400 W InputMethodManagerService: Focus gain on non-focused client com.android.internal.view.IInputMethodClient$Stub$Proxy@1ee0e8 (uid=10710 pid=18001)
08-06 02:35:59.953 18001 18001 D MainActivity: OnDestroy
08-06 02:35:59.961 18001 18012 I art     : Explicit concurrent mark sweep GC freed 5079(234KB) AllocSpace objects, 0(0B) LOS objects, 29% free, 37MB/53MB, paused 840us total 69.059ms
08-06 02:35:59.979 18001 18001 D MainActivity: onCreate
08-06 02:35:59.980 18001 18001 I SettingsManager: Getting string: savedSessions
08-06 02:35:59.980 18001 18001 I SettingsManager: Getting string: savedSessions
08-06 02:35:59.984 18001 18012 I art     : Starting a blocking GC Explicit
08-06 02:35:59.994 18001 18001 I SettingsManager: Getting string: savedSessionsCourseName
08-06 02:35:59.994 18001 18001 I SettingsManager: Getting string: savedSessionsCourseName
08-06 02:35:59.994 18001 18001 I SettingsManager: Getting string: savedSessionsDateRange
08-06 02:35:59.994 18001 18001 I SettingsManager: Getting string: savedSessionsDateRange
08-06 02:35:59.994 18001 18001 I Settings: 15 saved sessions - Artificial Intelligence and Robotics (with Foundation Year) - BSc (Hons) - Ltn - Y0 Feb FT - Weeks: 24-38 (8 Jun 2020-20 Sep 2020)
08-06 02:36:00.037 18001 18001 I SettingsManager: Getting string: savedCourse
08-06 02:36:00.038 18001 18001 D MainActivity: sessionListFragmentArg: updateSessions
08-06 02:36:00.038 18001 18001 D MainActivity: showTermDatesConfigChange: false
08-06 02:36:00.038 18001 18001 D MainActivity: showTermDatesShortcut: false
08-06 02:36:00.039 18001 18001 D MainActivity: Setting initial fragment: SessionListsFragment
08-06 02:36:00.040 18001 18001 I SettingsManager: Getting int: launchCount
08-06 02:36:00.040 18001 18001 D SessionListsFragment: onCreateView
08-06 02:36:00.045 18001 18001 I SettingsManager: Getting string: savedCourse
08-06 02:36:00.049 18001 18001 I SettingsManager: Getting string: savedSessions
08-06 02:36:00.062 18001 18001 D SessionListsFragment: loadArgument: updateSessions
08-06 02:36:00.062 18001 18001 D SessionListsFragment: initialIndex: -1
08-06 02:36:00.064 18001 19374 D HTTP    : Request for: https://uob-timetable-api.adriankeenan.co.uk/sessions?dept=CM010&course=BSAIFAAF%2F02AA%2F0%2FFT&level=Foundation+Year
08-06 02:36:00.066 18001 18012 I art     : Explicit concurrent mark sweep GC freed 14286(661KB) AllocSpace objects, 2(1340KB) LOS objects, 29% free, 37MB/53MB, paused 1.655ms total 81.417ms
08-06 02:36:00.081 18001 18001 D TermDatesFragment: WebView loaded
08-06 02:36:00.081 18001 18001 D MainActivity: OnResume
08-06 02:36:00.090 18001 18012 I art     : Starting a blocking GC Explicit
08-06 02:36:00.097 18001 18001 I TermDatesFragment: Webview load %: 10
08-06 02:36:00.164 18001 18012 I art     : Explicit concurrent mark sweep GC freed 3556(189KB) AllocSpace objects, 1(40KB) LOS objects, 29% free, 37MB/53MB, paused 1.196ms total 73.250ms
08-06 02:36:00.192 13866 13866 I GoogleInputMethodServic: GoogleInputMethodService.onFinishInput():3138 
08-06 02:36:00.192 13866 13866 I GoogleInputMethodServic: GoogleInputMethodService.onStartInput():1808 
08-06 02:36:00.193   918   936 I ActivityManager: Displayed baseline.com.ak.uobtimetable/.MainActivity: +251ms
08-06 02:36:00.290 18001 18001 I TermDatesFragment: Webview load %: 70
08-06 02:36:00.301 18001 18001 I TermDatesFragment: Webview load %: 100
08-06 02:36:00.301 18001 18001 I TermDatesFragment: Webview load %: 100
08-06 02:36:00.305 18001 19374 I NAPPA_EXPERIMENTATION: MetricNetworkRequestExecutionTime: REQUEST_DURATION_SYSTEM='239',REQUEST_DURATION_OKHTTP='59',REQUEST_SYNCHRONOUS='TRUE',RESPONSE_CODE='200',RESPONSE_METHOD='GET',RESPONSE_LENGTH_OKHTTP='-1',RESPONSE_LENGTH_HEADER='1214',REQUEST_PROTOCOL='http/1.1',REQUEST_URL='https://uob-timetable-api.adriankeenan.co.uk/sessions?dept=CM010&course=BSAIFAAF%2F02AA%2F0%2FFT&level=Foundation+Year',
08-06 02:36:00.340 18001 19374 I HTTP    : Response was compressed.
08-06 02:36:00.355 18001 19374 I Service : getSessions response time: 1.10
08-06 02:36:00.356 18001 18001 I SettingsManager: Getting string: savedSessions
08-06 02:36:00.357 18001 18001 I SettingsManager: Getting string: savedSessions
08-06 02:36:00.369 18001 18001 I Service : Sessions updated: 15
08-06 02:36:00.369 18001 18001 I Service : Sessions removed from new list: 0
08-06 02:36:00.380 18001 18001 I SettingsManager: Setting string: savedSessions
08-06 02:36:00.381   918  3696 W BackupManagerService: dataChanged but no participant pkg='baseline.com.ak.uobtimetable' uid=10710
08-06 02:36:00.381 18001 18001 I SettingsManager: Setting date: savedSessionsTime
08-06 02:36:00.392   918   928 W BackupManagerService: dataChanged but no participant pkg='baseline.com.ak.uobtimetable' uid=10710
08-06 02:36:00.393 18001 18001 I SettingsManager: Setting string: savedSessionsCourseName
08-06 02:36:00.393   918  4413 W BackupManagerService: dataChanged but no participant pkg='baseline.com.ak.uobtimetable' uid=10710
08-06 02:36:00.393 18001 18001 I SettingsManager: Setting string: savedSessionsDateRange
08-06 02:36:00.394   918  3670 W BackupManagerService: dataChanged but no participant pkg='baseline.com.ak.uobtimetable' uid=10710
08-06 02:36:00.394 18001 18001 I SettingsManager: Setting string: timetableUrl
08-06 02:36:00.394   918   929 W BackupManagerService: dataChanged but no participant pkg='baseline.com.ak.uobtimetable' uid=10710
08-06 02:36:00.394 18001 18001 I SettingsManager: Getting boolean: notifySessionRemindersEnabled
08-06 02:36:00.394 18001 18001 I SettingsManager: Getting int: notifySessionRemindersMinutes
08-06 02:36:00.394 18001 18001 I SettingsManager: Getting boolean: showHiddenSessions
08-06 02:36:00.397 18001 18001 I SessionReminderNotifier: Created session reminder alarm for f7b4771250a919bd729c1c5a4a459c77 at Mon 08:30:00 10/08/20
08-06 02:36:00.399 18001 18001 I SessionReminderNotifier: Created session reminder alarm for a7f879aabdeb78622c8820a5fb7b64cd at Tue 08:30:00 11/08/20
08-06 02:36:00.406 18001 18001 I SessionReminderNotifier: Created session reminder alarm for 7bc8d7e2c2055711f597c3d9078c6ea3 at Tue 08:30:00 11/08/20
08-06 02:36:00.408 18001 18001 I SessionReminderNotifier: Created session reminder alarm for 53c0527a6f009a1f2fd223834d3bfe51 at Tue 10:30:00 11/08/20
08-06 02:36:00.409   512  2967 D audio_hw_primary: disable_audio_route: reset and update mixer path: low-latency-playback speaker
08-06 02:36:00.410   512  2967 D audio_hw_primary: disable_snd_device: snd_device(2: speaker)
08-06 02:36:00.410 18001 18001 I SessionReminderNotifier: Created session reminder alarm for e0fc978b5db8218778540b4053344581 at Tue 11:00:00 11/08/20
08-06 02:36:00.413 18001 18001 I SessionReminderNotifier: Created session reminder alarm for 199afb0100f329ff65a09e1b0cd9deba at Tue 11:30:00 11/08/20
08-06 02:36:00.414 18001 18001 I SessionReminderNotifier: Created session reminder alarm for 21712fef61090882c855a1425543edb5 at Tue 13:30:00 11/08/20
08-06 02:36:00.417 18001 18001 I SessionReminderNotifier: Created session reminder alarm for 65ca4d97f031f29a4d02bbb45a705d8f at Wed 08:30:00 12/08/20
08-06 02:36:00.420 18001 18001 I SessionReminderNotifier: Created session reminder alarm for eeda7741b0bcab58fd9f46dc6ef1d942 at Wed 08:30:00 12/08/20
08-06 02:36:00.420   512  2967 I soundtrigger: audio_extn_sound_trigger_update_device_status: device 0x2 of type 0 for Event 0
08-06 02:36:00.424 18001 18001 I SessionReminderNotifier: Created session reminder alarm for c276c1b2075a0beb67f1b3d1e580f920 at Wed 11:00:00 12/08/20
08-06 02:36:00.426 18001 18001 I SessionReminderNotifier: Created session reminder alarm for 8b1f3627e42ae13a6f6ba0a83903dde1 at Wed 13:30:00 12/08/20
08-06 02:36:00.428 18001 18001 I SessionReminderNotifier: Created session reminder alarm for 79fe0b5c3b887a13ba29db5a33fa2800 at Thu 08:30:00 06/08/20
08-06 02:36:00.430 18001 18001 I SessionReminderNotifier: Created session reminder alarm for cb9dfc8231cdba2be0835dc5709690e1 at Thu 08:30:00 06/08/20
08-06 02:36:00.432 18001 18001 I SessionReminderNotifier: Created session reminder alarm for f850dc24d6de60b7b89fa9e1a8c224c5 at Thu 12:00:00 06/08/20
08-06 02:36:00.435 18001 18001 I SessionReminderNotifier: Created session reminder alarm for 2ba1034116e4fffdd592dbf0796a43d5 at Fri 08:30:00 07/08/20
08-06 02:36:00.435 18001 18001 I SettingsManager: Getting boolean: showHiddenSessions
08-06 02:36:00.435 18001 18001 D SessionListsFragment: 1 sessions for day 0
08-06 02:36:00.435 18001 18001 D SessionListsFragment: 6 sessions for day 1
08-06 02:36:00.435 18001 18001 D SessionListsFragment: 4 sessions for day 2
08-06 02:36:00.435 18001 18001 D SessionListsFragment: 3 sessions for day 3
08-06 02:36:00.435 18001 18001 D SessionListsFragment: 1 sessions for day 4
08-06 02:36:00.463 18001 18271 I art     : Starting a blocking GC Explicit
08-06 02:36:00.479 18001 18001 I SettingsManager: Getting boolean: showHiddenSessions
08-06 02:36:00.479 18001 18001 D SessionListsFragment: Refreshed ViewPager
08-06 02:36:00.480 18001 18001 I SettingsManager: Getting boolean: showHiddenSessions
08-06 02:36:00.480 18001 18001 I SettingsManager: Getting boolean: completedTutorial
08-06 02:36:00.480 18001 18001 I SettingsManager: Getting boolean: showHiddenSessions
08-06 02:36:00.480 18001 18001 I SettingsManager: Getting date: savedSessionsTime
08-06 02:36:00.536 18001 18271 I art     : Explicit concurrent mark sweep GC freed 79019(3MB) AllocSpace objects, 9(380KB) LOS objects, 30% free, 36MB/52MB, paused 1.295ms total 72.665ms
08-06 02:36:00.557 18001 18271 I art     : Starting a blocking GC Explicit
08-06 02:36:00.626 18001 18271 I art     : Explicit concurrent mark sweep GC freed 35328(1496KB) AllocSpace objects, 0(0B) LOS objects, 30% free, 36MB/52MB, paused 1.842ms total 68.251ms
08-06 02:36:00.648 18001 18271 I art     : Starting a blocking GC Explicit
08-06 02:36:00.718 18001 18271 I art     : Explicit concurrent mark sweep GC freed 30989(1274KB) AllocSpace objects, 0(0B) LOS objects, 30% free, 36MB/52MB, paused 1.326ms total 69.339ms
08-06 02:36:00.740 18001 18271 I art     : Starting a blocking GC Explicit
08-06 02:36:00.815 18001 18271 I art     : Explicit concurrent mark sweep GC freed 30807(1277KB) AllocSpace objects, 0(0B) LOS objects, 30% free, 37MB/53MB, paused 1.465ms total 74.266ms
08-06 02:36:00.838 18001 18271 I art     : Starting a blocking GC Explicit
08-06 02:36:00.914 18001 18271 I art     : Explicit concurrent mark sweep GC freed 27769(1149KB) AllocSpace objects, 0(0B) LOS objects, 30% free, 37MB/53MB, paused 1.386ms total 75.262ms
08-06 02:36:00.914 18001 18011 I art     : WaitForGcToComplete blocked for 59.462ms for cause HeapTrim
08-06 02:36:01.235 18001 18013 I art     : Starting a blocking GC Explicit
08-06 02:36:01.339 18001 18013 I art     : Explicit concurrent mark sweep GC freed 136179(5MB) AllocSpace objects, 1(20KB) LOS objects, 29% free, 38MB/54MB, paused 1.456ms total 103.370ms
08-06 02:36:01.339 18001 18001 I Choreographer: Skipped 50 frames!  The application may be doing too much work on its main thread.
08-06 02:36:01.362 18001 18013 I art     : Starting a blocking GC Explicit
08-06 02:36:01.429 18001 18013 I art     : Explicit concurrent mark sweep GC freed 6480(442KB) AllocSpace objects, 0(0B) LOS objects, 29% free, 37MB/53MB, paused 548us total 67.162ms
08-06 02:36:01.452 18001 18013 I art     : Starting a blocking GC Explicit
08-06 02:36:01.512 18001 18013 I art     : Explicit concurrent mark sweep GC freed 121695(11MB) AllocSpace objects, 3(136KB) LOS objects, 37% free, 26MB/42MB, paused 527us total 60.008ms
08-06 02:36:01.528 18001 18013 I art     : Starting a blocking GC Explicit
08-06 02:36:01.567 18001 18013 I art     : Explicit concurrent mark sweep GC freed 3(96B) AllocSpace objects, 0(0B) LOS objects, 37% free, 26MB/42MB, paused 528us total 38.872ms
08-06 02:36:01.583 18001 18013 I art     : Starting a blocking GC Explicit
08-06 02:36:01.623 18001 18013 I art     : Explicit concurrent mark sweep GC freed 154(6KB) AllocSpace objects, 0(0B) LOS objects, 37% free, 26MB/42MB, paused 548us total 40.011ms
08-06 02:36:01.971 18001 18271 I art     : Starting a blocking GC Explicit
08-06 02:36:02.030 18001 18271 I art     : Explicit concurrent mark sweep GC freed 1366(79KB) AllocSpace objects, 1(20KB) LOS objects, 37% free, 26MB/42MB, paused 630us total 58.326ms
08-06 02:36:02.051 18001 18271 I art     : Starting a blocking GC Explicit
08-06 02:36:02.095 18001 18271 I art     : Explicit concurrent mark sweep GC freed 38(1392B) AllocSpace objects, 0(0B) LOS objects, 37% free, 26MB/42MB, paused 522us total 43.875ms
08-06 02:36:02.111 18001 18271 I art     : Starting a blocking GC Explicit
08-06 02:36:02.155 18001 18271 I art     : Explicit concurrent mark sweep GC freed 41(1328B) AllocSpace objects, 0(0B) LOS objects, 37% free, 26MB/42MB, paused 690us total 43.548ms
08-06 02:36:02.170 18001 18271 I art     : Starting a blocking GC Explicit
08-06 02:36:02.213 18001 18271 I art     : Explicit concurrent mark sweep GC freed 38(1216B) AllocSpace objects, 0(0B) LOS objects, 37% free, 26MB/42MB, paused 537us total 42.218ms
08-06 02:36:02.229 18001 18271 I art     : Starting a blocking GC Explicit
08-06 02:36:02.272 18001 18271 I art     : Explicit concurrent mark sweep GC freed 39(1248B) AllocSpace objects, 0(0B) LOS objects, 37% free, 26MB/42MB, paused 765us total 43.164ms
08-06 02:36:02.615 18001 18013 I art     : Starting a blocking GC Explicit
08-06 02:36:02.672 18001 18013 I art     : Explicit concurrent mark sweep GC freed 1316(76KB) AllocSpace objects, 1(20KB) LOS objects, 37% free, 26MB/42MB, paused 607us total 56.546ms
08-06 02:36:02.692 18001 18013 I art     : Starting a blocking GC Explicit
08-06 02:36:02.740 18001 18013 I art     : Explicit concurrent mark sweep GC freed 18(624B) AllocSpace objects, 0(0B) LOS objects, 37% free, 26MB/42MB, paused 566us total 47.531ms
08-06 02:36:02.757 18001 18013 I art     : Starting a blocking GC Explicit
08-06 02:36:02.806 18001 18013 I art     : Explicit concurrent mark sweep GC freed 3(96B) AllocSpace objects, 0(0B) LOS objects, 37% free, 26MB/42MB, paused 570us total 48.699ms
08-06 02:36:02.826 18001 18013 I art     : Starting a blocking GC Explicit
08-06 02:36:02.872 18001 18013 I art     : Explicit concurrent mark sweep GC freed 3(96B) AllocSpace objects, 0(0B) LOS objects, 37% free, 26MB/42MB, paused 583us total 45.937ms
08-06 02:36:02.889 18001 18013 I art     : Starting a blocking GC Explicit
08-06 02:36:02.937 18001 18013 I art     : Explicit concurrent mark sweep GC freed 3(96B) AllocSpace objects, 0(0B) LOS objects, 37% free, 26MB/42MB, paused 568us total 47.474ms
08-06 02:36:03.294 18001 18274 I art     : Starting a blocking GC Explicit
08-06 02:36:03.354 18001 18274 I art     : Explicit concurrent mark sweep GC freed 1293(75KB) AllocSpace objects, 1(20KB) LOS objects, 37% free, 26MB/42MB, paused 583us total 59.889ms
08-06 02:36:03.373 18001 18274 I art     : Starting a blocking GC Explicit
08-06 02:36:03.420 18001 18274 I art     : Explicit concurrent mark sweep GC freed 18(624B) AllocSpace objects, 0(0B) LOS objects, 37% free, 26MB/42MB, paused 565us total 46.735ms
08-06 02:36:03.437 18001 18274 I art     : Starting a blocking GC Explicit
08-06 02:36:03.482 18001 18274 I art     : Explicit concurrent mark sweep GC freed 3(96B) AllocSpace objects, 0(0B) LOS objects, 37% free, 26MB/42MB, paused 558us total 44.618ms
08-06 02:36:03.498 18001 18274 I art     : Starting a blocking GC Explicit
08-06 02:36:03.546 18001 18274 I art     : Explicit concurrent mark sweep GC freed 3(96B) AllocSpace objects, 0(0B) LOS objects, 37% free, 26MB/42MB, paused 577us total 47.555ms
08-06 02:36:03.563 18001 18274 I art     : Starting a blocking GC Explicit
08-06 02:36:03.610 18001 18274 I art     : Explicit concurrent mark sweep GC freed 3(96B) AllocSpace objects, 0(0B) LOS objects, 37% free, 26MB/42MB, paused 574us total 47.086ms
08-06 02:36:03.747   918  1210 D NetlinkSocketObserver: NeighborEvent{elapsedMs=1827967622, 192.168.2.254, [7C3953A63323], RTM_NEWNEIGH, NUD_STALE}
08-06 02:36:03.967 18001 18271 I art     : Starting a blocking GC Explicit
08-06 02:36:04.019 18001 18271 I art     : Explicit concurrent mark sweep GC freed 1293(75KB) AllocSpace objects, 1(20KB) LOS objects, 37% free, 26MB/42MB, paused 541us total 51.929ms
08-06 02:36:04.035 18001 18271 I art     : Starting a blocking GC Explicit
08-06 02:36:04.083 18001 18271 I art     : Explicit concurrent mark sweep GC freed 18(624B) AllocSpace objects, 0(0B) LOS objects, 37% free, 26MB/42MB, paused 536us total 46.870ms
08-06 02:36:04.099 18001 18271 I art     : Starting a blocking GC Explicit
08-06 02:36:04.137 18001 18271 I art     : Explicit concurrent mark sweep GC freed 3(96B) AllocSpace objects, 0(0B) LOS objects, 37% free, 26MB/42MB, paused 509us total 37.605ms
08-06 02:36:04.152 18001 18271 I art     : Starting a blocking GC Explicit
08-06 02:36:04.193 18001 18271 I art     : Explicit concurrent mark sweep GC freed 3(96B) AllocSpace objects, 0(0B) LOS objects, 37% free, 26MB/42MB, paused 548us total 41.253ms
08-06 02:36:04.209 18001 18271 I art     : Starting a blocking GC Explicit
08-06 02:36:04.253 18001 18271 I art     : Explicit concurrent mark sweep GC freed 3(96B) AllocSpace objects, 0(0B) LOS objects, 37% free, 26MB/42MB, paused 583us total 43.238ms
08-06 02:36:04.580 18001 18274 I art     : Starting a blocking GC Explicit
08-06 02:36:04.622 18001 18274 I art     : Explicit concurrent mark sweep GC freed 1337(77KB) AllocSpace objects, 1(20KB) LOS objects, 37% free, 26MB/42MB, paused 687us total 42.072ms
08-06 02:36:04.624 19437 19437 D AndroidRuntime: >>>>>> START com.android.internal.os.RuntimeInit uid 2000 <<<<<<
08-06 02:36:04.631 19437 19437 D AndroidRuntime: CheckJNI is OFF
08-06 02:36:04.639 18001 18274 I art     : Starting a blocking GC Explicit
08-06 02:36:04.672 19437 19437 D ICU     : No timezone override file found: /data/misc/zoneinfo/current/icu/icu_tzdata.dat
08-06 02:36:04.680 18001 18274 I art     : Explicit concurrent mark sweep GC freed 70(2224B) AllocSpace objects, 0(0B) LOS objects, 37% free, 26MB/42MB, paused 717us total 40.651ms
08-06 02:36:04.696 18001 18274 I art     : Starting a blocking GC Explicit
08-06 02:36:04.719 19437 19437 I Radio-JNI: register_android_hardware_Radio DONE
08-06 02:36:04.740 18001 18274 I art     : Explicit concurrent mark sweep GC freed 151(10KB) AllocSpace objects, 0(0B) LOS objects, 37% free, 26MB/42MB, paused 560us total 44.399ms
08-06 02:36:04.749 19437 19437 D AndroidRuntime: Calling main entry com.android.commands.input.Input
08-06 02:36:04.751 19437 19437 I Input   : injectMotionEvent: MotionEvent { action=ACTION_DOWN, actionButton=0, id[0]=0, x[0]=81.0, y[0]=176.0, toolType[0]=TOOL_TYPE_UNKNOWN, buttonState=0, metaState=0, flags=0x0, edgeFlags=0x0, pointerCount=1, historySize=0, eventTime=844581163, downTime=844581163, deviceId=0, source=0x1002 }
08-06 02:36:04.756 18001 18274 I art     : Starting a blocking GC Explicit
08-06 02:36:04.758 19437 19437 I Input   : injectMotionEvent: MotionEvent { action=ACTION_UP, actionButton=0, id[0]=0, x[0]=81.0, y[0]=176.0, toolType[0]=TOOL_TYPE_UNKNOWN, buttonState=0, metaState=0, flags=0x0, edgeFlags=0x0, pointerCount=1, historySize=0, eventTime=844581163, downTime=844581163, deviceId=0, source=0x1002 }
08-06 02:36:04.760 19437 19437 D AndroidRuntime: Shutting down VM
08-06 02:36:04.773   512  2967 D audio_hw_primary: out_set_parameters: enter: usecase(1: low-latency-playback) kvpairs: routing=2
08-06 02:36:04.786   512  2967 D audio_hw_primary: select_devices: out_snd_device(2: speaker) in_snd_device(0: none)
08-06 02:36:04.786   512  2967 D msm8974_platform: platform_send_audio_calibration: sending audio calibration for snd_device(2) acdb_id(15)
08-06 02:36:04.786   512  2967 I soundtrigger: audio_extn_sound_trigger_update_device_status: device 0x2 of type 0 for Event 1
08-06 02:36:04.798 18001 18274 I art     : Explicit concurrent mark sweep GC freed 42(1456B) AllocSpace objects, 0(0B) LOS objects, 37% free, 26MB/42MB, paused 733us total 42.307ms
08-06 02:36:04.801   512  2967 D audio_hw_primary: enable_snd_device: snd_device(2: speaker)
08-06 02:36:04.804   512  2967 D audio_hw_primary: enable_audio_route: apply and update mixer path: low-latency-playback speaker
08-06 02:36:04.807 13866 13866 I GoogleInputMethodServic: GoogleInputMethodService.onFinishInput():3138 
08-06 02:36:04.808 13866 13866 I GoogleInputMethodServic: GoogleInputMethodService.onStartInput():1808 
08-06 02:36:04.815 18001 18274 I art     : Starting a blocking GC Explicit
08-06 02:36:04.854 18001 18274 I art     : Explicit concurrent mark sweep GC freed 108(4KB) AllocSpace objects, 0(0B) LOS objects, 37% free, 26MB/42MB, paused 648us total 38.867ms
08-06 02:36:05.164 18001 18274 I art     : Starting a blocking GC Explicit
08-06 02:36:05.213 18001 18274 I art     : Explicit concurrent mark sweep GC freed 1573(90KB) AllocSpace objects, 1(20KB) LOS objects, 37% free, 26MB/42MB, paused 573us total 48.615ms
08-06 02:36:05.230 18001 18274 I art     : Starting a blocking GC Explicit
08-06 02:36:05.275 18001 18274 I art     : Explicit concurrent mark sweep GC freed 32(1232B) AllocSpace objects, 0(0B) LOS objects, 37% free, 26MB/42MB, paused 503us total 44.133ms
08-06 02:36:05.290 18001 18274 I art     : Starting a blocking GC Explicit
08-06 02:36:05.332 18001 18274 I art     : Explicit concurrent mark sweep GC freed 3(96B) AllocSpace objects, 0(0B) LOS objects, 37% free, 26MB/42MB, paused 538us total 41.037ms
08-06 02:36:05.347 18001 18274 I art     : Starting a blocking GC Explicit
08-06 02:36:05.350   512  2967 D audio_hw_primary: disable_audio_route: reset and update mixer path: low-latency-playback speaker
08-06 02:36:05.350   512  2967 D audio_hw_primary: disable_snd_device: snd_device(2: speaker)
08-06 02:36:05.358   512  2967 I soundtrigger: audio_extn_sound_trigger_update_device_status: device 0x2 of type 0 for Event 0
08-06 02:36:05.388 18001 18274 I art     : Explicit concurrent mark sweep GC freed 3(96B) AllocSpace objects, 0(0B) LOS objects, 37% free, 26MB/42MB, paused 523us total 40.698ms
08-06 02:36:05.403 18001 18274 I art     : Starting a blocking GC Explicit
08-06 02:36:05.444 18001 18274 I art     : Explicit concurrent mark sweep GC freed 3(96B) AllocSpace objects, 0(0B) LOS objects, 37% free, 26MB/42MB, paused 498us total 40.747ms
08-06 02:36:05.771 18001 18012 I art     : Starting a blocking GC Explicit
08-06 02:36:05.832 18001 18012 I art     : Explicit concurrent mark sweep GC freed 1293(75KB) AllocSpace objects, 1(20KB) LOS objects, 37% free, 26MB/42MB, paused 612us total 60.378ms
08-06 02:36:05.852 18001 18012 I art     : Starting a blocking GC Explicit
08-06 02:36:05.895 18001 18012 I art     : Explicit concurrent mark sweep GC freed 20(688B) AllocSpace objects, 0(0B) LOS objects, 37% free, 26MB/42MB, paused 556us total 42.780ms
08-06 02:36:05.911 18001 18012 I art     : Starting a blocking GC Explicit
08-06 02:36:05.954 18001 18012 I art     : Explicit concurrent mark sweep GC freed 3(96B) AllocSpace objects, 0(0B) LOS objects, 37% free, 26MB/42MB, paused 521us total 42.691ms
08-06 02:36:05.970 18001 18012 I art     : Starting a blocking GC Explicit
08-06 02:36:06.011 18001 18012 I art     : Explicit concurrent mark sweep GC freed 3(96B) AllocSpace objects, 0(0B) LOS objects, 37% free, 26MB/42MB, paused 522us total 41.225ms
08-06 02:36:06.027 18001 18012 I art     : Starting a blocking GC Explicit
08-06 02:36:06.069 18001 18012 I art     : Explicit concurrent mark sweep GC freed 3(96B) AllocSpace objects, 0(0B) LOS objects, 37% free, 26MB/42MB, paused 567us total 41.491ms
08-06 02:36:06.379 18001 18271 I art     : Starting a blocking GC Explicit
08-06 02:36:06.427 18001 18271 I art     : Explicit concurrent mark sweep GC freed 1295(75KB) AllocSpace objects, 1(20KB) LOS objects, 37% free, 26MB/42MB, paused 539us total 47.442ms
08-06 02:36:06.444 18001 18271 I art     : Starting a blocking GC Explicit
08-06 02:36:06.486 18001 18271 I art     : Explicit concurrent mark sweep GC freed 24(816B) AllocSpace objects, 0(0B) LOS objects, 37% free, 26MB/42MB, paused 579us total 41.718ms
08-06 02:36:06.502 18001 18271 I art     : Starting a blocking GC Explicit
08-06 02:36:06.527 19482 19482 D AndroidRuntime: >>>>>> START com.android.internal.os.RuntimeInit uid 2000 <<<<<<
08-06 02:36:06.532 19482 19482 D AndroidRuntime: CheckJNI is OFF
08-06 02:36:06.542 18001 18271 I art     : Explicit concurrent mark sweep GC freed 11(352B) AllocSpace objects, 0(0B) LOS objects, 37% free, 26MB/42MB, paused 509us total 40.532ms
08-06 02:36:06.558 18001 18271 I art     : Starting a blocking GC Explicit
08-06 02:36:06.575 19482 19482 D ICU     : No timezone override file found: /data/misc/zoneinfo/current/icu/icu_tzdata.dat
08-06 02:36:06.598 18001 18271 I art     : Explicit concurrent mark sweep GC freed 9(288B) AllocSpace objects, 0(0B) LOS objects, 37% free, 26MB/42MB, paused 634us total 39.638ms
08-06 02:36:06.613 18001 18271 I art     : Starting a blocking GC Explicit
08-06 02:36:06.620 19482 19482 I Radio-JNI: register_android_hardware_Radio DONE
08-06 02:36:06.649 19482 19482 D AndroidRuntime: Calling main entry com.android.commands.input.Input
08-06 02:36:06.652 19482 19482 I Input   : injectMotionEvent: MotionEvent { action=ACTION_DOWN, actionButton=0, id[0]=0, x[0]=360.0, y[0]=1098.0, toolType[0]=TOOL_TYPE_UNKNOWN, buttonState=0, metaState=0, flags=0x0, edgeFlags=0x0, pointerCount=1, historySize=0, eventTime=844583064, downTime=844583064, deviceId=0, source=0x1002 }
08-06 02:36:06.653 18001 18271 I art     : Explicit concurrent mark sweep GC freed 8(256B) AllocSpace objects, 0(0B) LOS objects, 37% free, 26MB/42MB, paused 581us total 39.172ms
08-06 02:36:06.658 19482 19482 I Input   : injectMotionEvent: MotionEvent { action=ACTION_UP, actionButton=0, id[0]=0, x[0]=360.0, y[0]=1098.0, toolType[0]=TOOL_TYPE_UNKNOWN, buttonState=0, metaState=0, flags=0x0, edgeFlags=0x0, pointerCount=1, historySize=0, eventTime=844583064, downTime=844583064, deviceId=0, source=0x1002 }
08-06 02:36:06.660 19482 19482 D AndroidRuntime: Shutting down VM
08-06 02:36:06.674 18001 18001 D MainActivity: NavigationItemSelected: Term dates
08-06 02:36:06.678   512  2967 D audio_hw_primary: out_set_parameters: enter: usecase(1: low-latency-playback) kvpairs: routing=2
08-06 02:36:06.691   512  2967 D audio_hw_primary: select_devices: out_snd_device(2: speaker) in_snd_device(0: none)
08-06 02:36:06.691   512  2967 D msm8974_platform: platform_send_audio_calibration: sending audio calibration for snd_device(2) acdb_id(15)
08-06 02:36:06.691   512  2967 I soundtrigger: audio_extn_sound_trigger_update_device_status: device 0x2 of type 0 for Event 1
08-06 02:36:06.701   512  2967 D audio_hw_primary: enable_snd_device: snd_device(2: speaker)
08-06 02:36:06.703   512  2967 D audio_hw_primary: enable_audio_route: apply and update mixer path: low-latency-playback speaker
08-06 02:36:06.959 18001 18274 I art     : Starting a blocking GC Explicit
08-06 02:36:07.010 18001 18274 I art     : Explicit concurrent mark sweep GC freed 1837(97KB) AllocSpace objects, 1(20KB) LOS objects, 37% free, 26MB/42MB, paused 1.069ms total 50.964ms
08-06 02:36:07.028 18001 18274 I art     : Starting a blocking GC Explicit
08-06 02:36:07.069 18001 18274 I art     : Explicit concurrent mark sweep GC freed 221(16KB) AllocSpace objects, 0(0B) LOS objects, 37% free, 26MB/42MB, paused 538us total 40.904ms
08-06 02:36:07.085 18001 18274 I art     : Starting a blocking GC Explicit
08-06 02:36:07.109 13866 13866 I GoogleInputMethodServic: GoogleInputMethodService.onFinishInput():3138 
08-06 02:36:07.110 13866 13866 I GoogleInputMethodServic: GoogleInputMethodService.onStartInput():1808 
08-06 02:36:07.124 18001 18274 I art     : Explicit concurrent mark sweep GC freed 34(1248B) AllocSpace objects, 0(0B) LOS objects, 37% free, 26MB/42MB, paused 625us total 39.507ms
08-06 02:36:07.139 18001 18274 I art     : Starting a blocking GC Explicit
08-06 02:36:07.179 18001 18274 I art     : Explicit concurrent mark sweep GC freed 14(448B) AllocSpace objects, 0(0B) LOS objects, 37% free, 26MB/42MB, paused 513us total 39.384ms
08-06 02:36:07.196 18001 18274 I art     : Starting a blocking GC Explicit
08-06 02:36:07.239   512  2967 D audio_hw_primary: disable_audio_route: reset and update mixer path: low-latency-playback speaker
08-06 02:36:07.239 18001 18274 I art     : Explicit concurrent mark sweep GC freed 8(256B) AllocSpace objects, 0(0B) LOS objects, 37% free, 26MB/42MB, paused 532us total 42.993ms
08-06 02:36:07.242   512  2967 D audio_hw_primary: disable_snd_device: snd_device(2: speaker)
08-06 02:36:07.250   512  2967 I soundtrigger: audio_extn_sound_trigger_update_device_status: device 0x2 of type 0 for Event 0
08-06 02:36:07.590 18001 18012 I art     : Starting a blocking GC Explicit
08-06 02:36:07.642 18001 18012 I art     : Explicit concurrent mark sweep GC freed 1342(77KB) AllocSpace objects, 1(20KB) LOS objects, 37% free, 26MB/42MB, paused 722us total 52.378ms
08-06 02:36:07.660 18001 18012 I art     : Starting a blocking GC Explicit
08-06 02:36:07.705 18001 18012 I art     : Explicit concurrent mark sweep GC freed 25(848B) AllocSpace objects, 0(0B) LOS objects, 37% free, 26MB/42MB, paused 565us total 44.513ms
08-06 02:36:07.722 18001 18012 I art     : Starting a blocking GC Explicit
08-06 02:36:07.766 18001 18012 I art     : Explicit concurrent mark sweep GC freed 11(352B) AllocSpace objects, 0(0B) LOS objects, 37% free, 26MB/42MB, paused 517us total 43.527ms
08-06 02:36:07.782 18001 18012 I art     : Starting a blocking GC Explicit
08-06 02:36:07.827 18001 18012 I art     : Explicit concurrent mark sweep GC freed 11(352B) AllocSpace objects, 0(0B) LOS objects, 37% free, 26MB/42MB, paused 574us total 44.276ms
08-06 02:36:07.845 18001 18012 I art     : Starting a blocking GC Explicit
08-06 02:36:07.887 18001 18012 I art     : Explicit concurrent mark sweep GC freed 9(288B) AllocSpace objects, 0(0B) LOS objects, 37% free, 26MB/42MB, paused 560us total 42.008ms
08-06 02:36:08.231 18001 18012 I art     : Starting a blocking GC Explicit
08-06 02:36:08.283 18001 18012 I art     : Explicit concurrent mark sweep GC freed 1341(77KB) AllocSpace objects, 1(20KB) LOS objects, 37% free, 26MB/42MB, paused 528us total 50.909ms
08-06 02:36:08.303 18001 18012 I art     : Starting a blocking GC Explicit
08-06 02:36:08.344 18001 18012 I art     : Explicit concurrent mark sweep GC freed 31(1040B) AllocSpace objects, 0(0B) LOS objects, 37% free, 26MB/42MB, paused 639us total 40.686ms
08-06 02:36:08.362 18001 18012 I art     : Starting a blocking GC Explicit
08-06 02:36:08.409 18001 18012 I art     : Explicit concurrent mark sweep GC freed 16(512B) AllocSpace objects, 0(0B) LOS objects, 37% free, 26MB/42MB, paused 678us total 46.539ms
08-06 02:36:08.426 18001 18012 I art     : Starting a blocking GC Explicit
08-06 02:36:08.474 18001 18012 I art     : Explicit concurrent mark sweep GC freed 20(640B) AllocSpace objects, 0(0B) LOS objects, 37% free, 26MB/42MB, paused 553us total 48.139ms
08-06 02:36:08.490 18001 18012 I art     : Starting a blocking GC Explicit
08-06 02:36:08.534 18001 18012 I art     : Explicit concurrent mark sweep GC freed 19(608B) AllocSpace objects, 0(0B) LOS objects, 37% free, 26MB/42MB, paused 582us total 43.630ms
08-06 02:36:08.899 18001 18271 I art     : Starting a blocking GC Explicit
08-06 02:36:08.962 18001 18271 I art     : Explicit concurrent mark sweep GC freed 1299(75KB) AllocSpace objects, 1(20KB) LOS objects, 37% free, 26MB/42MB, paused 621us total 61.617ms
08-06 02:36:08.980 18001 18271 I art     : Starting a blocking GC Explicit
08-06 02:36:09.029 18001 18271 I art     : Explicit concurrent mark sweep GC freed 18(624B) AllocSpace objects, 0(0B) LOS objects, 37% free, 26MB/42MB, paused 581us total 48.462ms
08-06 02:36:09.045 18001 18271 I art     : Starting a blocking GC Explicit
08-06 02:36:09.091 18001 18271 I art     : Explicit concurrent mark sweep GC freed 3(96B) AllocSpace objects, 0(0B) LOS objects, 37% free, 26MB/42MB, paused 557us total 44.993ms
08-06 02:36:09.107 18001 18271 I art     : Starting a blocking GC Explicit
08-06 02:36:09.155 18001 18271 I art     : Explicit concurrent mark sweep GC freed 3(96B) AllocSpace objects, 0(0B) LOS objects, 37% free, 26MB/42MB, paused 552us total 47.170ms
08-06 02:36:09.171 18001 18271 I art     : Starting a blocking GC Explicit
08-06 02:36:09.219 18001 18271 I art     : Explicit concurrent mark sweep GC freed 3(96B) AllocSpace objects, 0(0B) LOS objects, 37% free, 26MB/42MB, paused 585us total 47.075ms
08-06 02:36:09.574 18001 18274 I art     : Starting a blocking GC Explicit
08-06 02:36:09.616 18001 18274 I art     : Explicit concurrent mark sweep GC freed 1293(75KB) AllocSpace objects, 1(20KB) LOS objects, 37% free, 26MB/42MB, paused 573us total 42.119ms
08-06 02:36:09.632 18001 18274 I art     : Starting a blocking GC Explicit
08-06 02:36:09.675 18001 18274 I art     : Explicit concurrent mark sweep GC freed 18(624B) AllocSpace objects, 0(0B) LOS objects, 37% free, 26MB/42MB, paused 547us total 42.561ms
08-06 02:36:09.691 18001 18274 I art     : Starting a blocking GC Explicit
08-06 02:36:09.739 18001 18274 I art     : Explicit concurrent mark sweep GC freed 3(96B) AllocSpace objects, 0(0B) LOS objects, 37% free, 26MB/42MB, paused 572us total 47.869ms
08-06 02:36:09.755 18001 18274 I art     : Starting a blocking GC Explicit
08-06 02:36:09.803 18001 18274 I art     : Explicit concurrent mark sweep GC freed 3(96B) AllocSpace objects, 0(0B) LOS objects, 37% free, 26MB/42MB, paused 553us total 47.094ms
08-06 02:36:09.819 18001 18274 I art     : Starting a blocking GC Explicit
08-06 02:36:09.867 18001 18274 I art     : Explicit concurrent mark sweep GC freed 3(96B) AllocSpace objects, 0(0B) LOS objects, 37% free, 26MB/42MB, paused 672us total 47.801ms
08-06 02:36:10.229 18001 18012 I art     : Starting a blocking GC Explicit
08-06 02:36:10.288 18001 18012 I art     : Explicit concurrent mark sweep GC freed 1293(75KB) AllocSpace objects, 1(20KB) LOS objects, 37% free, 26MB/42MB, paused 568us total 58.613ms
08-06 02:36:10.309 18001 18012 I art     : Starting a blocking GC Explicit
08-06 02:36:10.356 18001 18012 I art     : Explicit concurrent mark sweep GC freed 18(624B) AllocSpace objects, 0(0B) LOS objects, 37% free, 26MB/42MB, paused 564us total 46.622ms
08-06 02:36:10.373 18001 18012 I art     : Starting a blocking GC Explicit
08-06 02:36:10.420 18001 18012 I art     : Explicit concurrent mark sweep GC freed 3(96B) AllocSpace objects, 0(0B) LOS objects, 37% free, 26MB/42MB, paused 553us total 46.962ms
08-06 02:36:10.437 18001 18012 I art     : Starting a blocking GC Explicit
08-06 02:36:10.480 18001 18012 I art     : Explicit concurrent mark sweep GC freed 3(96B) AllocSpace objects, 0(0B) LOS objects, 37% free, 26MB/42MB, paused 499us total 42.772ms
08-06 02:36:10.495 18001 18012 I art     : Starting a blocking GC Explicit
08-06 02:36:10.533 18001 18012 I art     : Explicit concurrent mark sweep GC freed 3(96B) AllocSpace objects, 0(0B) LOS objects, 37% free, 26MB/42MB, paused 510us total 37.809ms
08-06 02:36:10.873 18001 18013 I art     : Starting a blocking GC Explicit
08-06 02:36:10.925 18001 18013 I art     : Explicit concurrent mark sweep GC freed 1293(75KB) AllocSpace objects, 1(20KB) LOS objects, 37% free, 26MB/42MB, paused 575us total 51.030ms
08-06 02:36:10.941 18001 18013 I art     : Starting a blocking GC Explicit
08-06 02:36:10.981 18001 18013 I art     : Explicit concurrent mark sweep GC freed 18(624B) AllocSpace objects, 0(0B) LOS objects, 37% free, 26MB/42MB, paused 541us total 39.864ms
08-06 02:36:10.996 18001 18013 I art     : Starting a blocking GC Explicit
08-06 02:36:11.037 18001 18013 I art     : Explicit concurrent mark sweep GC freed 3(96B) AllocSpace objects, 0(0B) LOS objects, 37% free, 26MB/42MB, paused 622us total 40.755ms
08-06 02:36:11.053 18001 18013 I art     : Starting a blocking GC Explicit
08-06 02:36:11.097 18001 18013 I art     : Explicit concurrent mark sweep GC freed 3(96B) AllocSpace objects, 0(0B) LOS objects, 37% free, 26MB/42MB, paused 609us total 43.466ms
08-06 02:36:11.112 18001 18013 I art     : Starting a blocking GC Explicit
08-06 02:36:11.157 18001 18013 I art     : Explicit concurrent mark sweep GC freed 3(96B) AllocSpace objects, 0(0B) LOS objects, 37% free, 26MB/42MB, paused 668us total 44.875ms
08-06 02:36:11.505 18001 18271 I art     : Starting a blocking GC Explicit
08-06 02:36:11.511 19581 19581 D AndroidRuntime: >>>>>> START com.android.internal.os.RuntimeInit uid 2000 <<<<<<
08-06 02:36:11.518 19581 19581 D AndroidRuntime: CheckJNI is OFF
08-06 02:36:11.552 18001 18271 I art     : Explicit concurrent mark sweep GC freed 1293(75KB) AllocSpace objects, 1(20KB) LOS objects, 37% free, 26MB/42MB, paused 566us total 47.325ms
08-06 02:36:11.566 19581 19581 D ICU     : No timezone override file found: /data/misc/zoneinfo/current/icu/icu_tzdata.dat
08-06 02:36:11.568 18001 18271 I art     : Starting a blocking GC Explicit
08-06 02:36:11.612 18001 18271 I art     : Explicit concurrent mark sweep GC freed 18(624B) AllocSpace objects, 0(0B) LOS objects, 37% free, 26MB/42MB, paused 588us total 44.106ms
08-06 02:36:11.616 19581 19581 I Radio-JNI: register_android_hardware_Radio DONE
08-06 02:36:11.628 18001 18271 I art     : Starting a blocking GC Explicit
08-06 02:36:11.647 19581 19581 D AndroidRuntime: Calling main entry com.android.commands.am.Am
08-06 02:36:11.657  3167  3167 I Trepn   : Trepn 6.2s: Received intent: com.quicinc.trepn.stop_profiling
08-06 02:36:11.672 18001 18271 I art     : Explicit concurrent mark sweep GC freed 3(96B) AllocSpace objects, 0(0B) LOS objects, 37% free, 26MB/42MB, paused 552us total 43.451ms
08-06 02:36:11.687 18001 18271 I art     : Starting a blocking GC Explicit
08-06 02:36:11.708  3167  3167 I Trepn   : Trepn 6.2s: Trepn has Stopped Profiling.
08-06 02:36:11.727 18001 18271 I art     : Explicit concurrent mark sweep GC freed 3(96B) AllocSpace objects, 0(0B) LOS objects, 37% free, 26MB/42MB, paused 704us total 39.829ms
08-06 02:36:11.743 18001 18271 I art     : Starting a blocking GC Explicit
08-06 02:36:11.790 18001 18271 I art     : Explicit concurrent mark sweep GC freed 3(96B) AllocSpace objects, 0(0B) LOS objects, 37% free, 26MB/42MB, paused 563us total 46.248ms
08-06 02:36:11.917 19581 19581 D AndroidRuntime: Shutting down VM
08-06 02:36:11.934   918  3359 W AppOps  : Finishing op nesting under-run: uid 10078 pkg com.quicinc.trepn code 24 time=0 duration=0 nesting=0
08-06 02:36:12.110 18001 18274 I art     : Starting a blocking GC Explicit
08-06 02:36:12.161 18001 18274 I art     : Explicit concurrent mark sweep GC freed 1293(75KB) AllocSpace objects, 1(20KB) LOS objects, 37% free, 26MB/42MB, paused 596us total 51.162ms
08-06 02:36:12.178 18001 18274 I art     : Starting a blocking GC Explicit
08-06 02:36:12.222 18001 18274 I art     : Explicit concurrent mark sweep GC freed 18(624B) AllocSpace objects, 0(0B) LOS objects, 37% free, 26MB/42MB, paused 535us total 44.147ms
08-06 02:36:12.238 18001 18274 I art     : Starting a blocking GC Explicit
08-06 02:36:12.279 18001 18274 I art     : Explicit concurrent mark sweep GC freed 3(96B) AllocSpace objects, 0(0B) LOS objects, 37% free, 26MB/42MB, paused 555us total 40.040ms
08-06 02:36:12.294 18001 18274 I art     : Starting a blocking GC Explicit
08-06 02:36:12.334 18001 18274 I art     : Explicit concurrent mark sweep GC freed 3(96B) AllocSpace objects, 0(0B) LOS objects, 37% free, 26MB/42MB, paused 530us total 39.991ms
08-06 02:36:12.350 18001 18274 I art     : Starting a blocking GC Explicit
08-06 02:36:12.391 18001 18274 I art     : Explicit concurrent mark sweep GC freed 3(96B) AllocSpace objects, 0(0B) LOS objects, 37% free, 26MB/42MB, paused 530us total 40.728ms
08-06 02:36:14.383   918  3261 D WifiStateMachine: starting scan for "H369AA63323"WPA_PSK with 2412,5180
