--------- beginning of main
08-06 12:42:22.598   918  3359 I AccountManagerService: getTypesVisibleToCaller: isPermitted? true
08-06 12:42:22.602 24365 12356 I Fitness : FitCleanupIntentOperation received Intent android.intent.action.PACKAGE_REMOVED [CONTEXT service_id=17 ]
08-06 12:42:22.603 12162 12162 I Finsky  : [1] uah.a(18): PackageMonitorReceiverImpl - Received: android.intent.action.PACKAGE_REMOVED, [jsPREe6yOOhrMreoEvcpPvP36yUmihacpIgcKsaLph8]
08-06 12:42:22.603 12162 12162 I Finsky  : [1] ubi.d(9): Invalidating cached PackageState for baseline.com.ak.uobtimetable
08-06 12:42:22.607 12162 12162 I Finsky  : [1] lzi.c(2): Frosting ID looked up on UI thread. Caller should move to a background thread.
08-06 12:42:22.612 12162 12162 I Finsky  : [1] nqb.c(3): Installer: package baseline.com.ak.uobtimetable was removed. replacing: true
08-06 12:42:22.613 12162 12162 I Finsky  : [1] nra.a(188): Installer: Notifying status update. package=baseline.com.ak.uobtimetable, status=UNINSTALLED
08-06 12:42:22.615  3784  3784 D CarrierServiceBindHelper: Receive action: android.intent.action.PACKAGE_ADDED
08-06 12:42:22.615  3784  3784 D CarrierServiceBindHelper: Receive action: android.intent.action.PACKAGE_REPLACED
08-06 12:42:22.616  3784  3784 D CarrierServiceBindHelper: mHandler: 3
08-06 12:42:22.616  3784  3784 D CarrierServiceBindHelper: mHandler: 3
08-06 12:42:22.616  3784  3784 D CarrierServiceBindHelper: mHandler: 3
08-06 12:42:22.616  3784  3784 D CarrierConfigLoader: mHandler: 9 phoneId: 0
08-06 12:42:22.621 12162 12162 I Finsky  : [1] lzi.c(2): Frosting ID looked up on UI thread. Caller should move to a background thread.
08-06 12:42:22.628 12162 12361 I Finsky  : [6468] ejf.a(-1): Cancelled 0 ongoing asset module downloads for package baseline.com.ak.uobtimetable due to a concurrent app update.
08-06 12:42:22.638 12162 12162 I Finsky  : [1] nra.a(220): Installer: found apps to install. isMultiUserMode=false, apps=[]
08-06 12:42:22.639   918  6111 I AccountManagerService: getTypesVisibleToCaller: isPermitted? true
08-06 12:42:22.679 12162 12269 I Finsky  : [6285] odj.b(52): IQ: Notifying installation update. package=baseline.com.ak.uobtimetable, status=UNINSTALLED
08-06 12:42:22.701 12162 12359 I Finsky  : [6466] lyv.run(-1): Wrote row to frosting DB: 3316
08-06 12:42:22.719 24577 12354 I ChromeSync: [Sync,SyncIntentOperation] Handling the intent: Intent { act=android.intent.action.PACKAGE_ADDED dat=package:baseline.com.ak.uobtimetable flg=0x4000010 cmp=com.google.android.gms/.chimera.GmsIntentOperationService (has extras) }.
08-06 12:42:22.720 24577 12353 I Auth    : [SupervisedAccountIntentOperation] onHandleIntent(): android.intent.action.PACKAGE_ADDED
08-06 12:42:22.737 12162 12162 I Finsky  : [1] uah.a(18): PackageMonitorReceiverImpl - Received: android.intent.action.PACKAGE_ADDED, [jsPREe6yOOhrMreoEvcpPvP36yUmihacpIgcKsaLph8]
08-06 12:42:22.737 12162 12162 I Finsky  : [1] ubi.d(9): Invalidating cached PackageState for baseline.com.ak.uobtimetable
--------- beginning of system
08-06 12:42:22.740   918  3670 W ActivityManager: Unable to start service Intent { act=com.google.android.gms.auth.key.retrieval.service.START pkg=com.google.android.gms } U=0: not found
08-06 12:42:22.748 12162 12162 I Finsky  : [1] lzi.c(2): Frosting ID looked up on UI thread. Caller should move to a background thread.
08-06 12:42:22.803 12162 12162 I Finsky  : [1] agsx.a(4): Do not start WearSupportService due to Wear service optimization
08-06 12:42:22.834 12162 12361 I Finsky  : [6468] ejc.a(-1): Asset module broadcast after update successful for package baseline.com.ak.uobtimetable. 0 sessions broadcast.
08-06 12:42:22.850   918  6112 I AccountManagerService: getTypesVisibleToCaller: isPermitted? true
08-06 12:42:22.854 24577 12354 I ChromeSync: [Persistence,AffiliationManager] One of affiliation or grouping data for android://bz0hZa4nAJEtd0n5sRlXG7KAqctUMWVefv7Ki4mh1p6slZ9YO-n9gS9j8m9YCrsIyI2wIxrDHraumF9Y6pBLTA==@baseline.com.ak.uobtimetable/ was not found. Marking affiliation data as stale...
08-06 12:42:22.857 12162 12162 I Finsky  : [1] lzi.c(2): Frosting ID looked up on UI thread. Caller should move to a background thread.
08-06 12:42:22.865   918  5952 W ActivityManager: Unbind failed: could not find connection for android.os.BinderProxy@858c2d4
08-06 12:42:22.886 24577 24621 E GmsClient: unable to connect to service: com.google.android.gms.auth.key.retrieval.service.START on com.google.android.gms
08-06 12:42:22.897  6991  6991 I ServiceManager: Waiting for service AtCmdFwd...
08-06 12:42:22.915 12162 12360 I Finsky  : [6467] gzn.a(-1): [ContentSync] finished, scheduled=false
08-06 12:42:22.929 12162 12359 I Finsky  : [6466] lyv.run(-1): Wrote row to frosting DB: 3317
08-06 12:42:22.938   918  3670 I AccountManagerService: getTypesVisibleToCaller: isPermitted? true
08-06 12:42:22.945 12162 12269 I Finsky  : [6285] odj.b(40): IQ: No matching installs to run for jobs: []
08-06 12:42:22.980 24577 12370 I FontLog : Package baseline.com.ak.uobtimetable has no metadata [CONTEXT service_id=132 ]
08-06 12:42:23.034 12162 12359 I Finsky  : [6466] lyv.run(-1): Wrote row to frosting DB: 3318
08-06 12:42:23.055 12162 12162 I Finsky  : [1] xmu.a(8): SCH: Jobs in database: 1-1337 3-225 3-226 12-1 24-77777777 26-1414141414 
08-06 12:42:23.057 12162 12162 I Finsky  : [1] xio.a(57): SCH: ConstraintMapping: 24-77777777,  -> L: 0ms, D: 30467870ms, C: false, I: true, N: 0
08-06 12:42:23.058 12162 12162 I Finsky  : [1] xio.a(57): SCH: ConstraintMapping: 1-1337, 12-1,  -> L: 14572ms, D: 33809856ms, C: false, I: false, N: 1
08-06 12:42:23.059 12162 12162 I Finsky  : [1] xio.a(57): SCH: ConstraintMapping: 3-225,  -> L: 0ms, D: 73593799ms, C: false, I: true, N: 2
08-06 12:42:23.059 12162 12162 I Finsky  : [1] xio.a(57): SCH: ConstraintMapping: 3-226,  -> L: 0ms, D: 73593842ms, C: true, I: true, N: 2
08-06 12:42:23.059 12162 12162 I Finsky  : [1] xio.a(57): SCH: ConstraintMapping: 26-1414141414,  -> L: 38591243ms, D: 39491243ms, C: false, I: false, N: 0
08-06 12:42:23.075 24577 13294 I Icing   : IndexChimeraService.getServiceInterface callingPackage=com.google.android.gms componentName=AppsCorpus serviceId=36
08-06 12:42:23.123 12162 12162 I Finsky  : [1] xle.a(34): Cancelling existing jobscheduler jobs: 9014 9017 9000 9013 9016 9011 9012 9015 9007 9018 
08-06 12:42:23.124 12162 12162 I Finsky  : [1] xle.a(27): Scheduling job Id: 9001, L: 0, D: 30467870, C: false, I: true, N: 0
08-06 12:42:23.125 12162 12360 I Finsky  : [6467] gzn.a(-1): [ContentSync] finished, scheduled=true
08-06 12:42:23.127 12162 12162 I Finsky  : [1] xle.a(27): Scheduling job Id: 9002, L: 14572, D: 33809856, C: false, I: false, N: 1
08-06 12:42:23.129 12162 12162 I Finsky  : [1] xle.a(27): Scheduling job Id: 9003, L: 0, D: 73593799, C: false, I: true, N: 2
08-06 12:42:23.131 12162 12162 I Finsky  : [1] xle.a(27): Scheduling job Id: 9004, L: 0, D: 73593842, C: true, I: true, N: 2
08-06 12:42:23.132 12162 12162 I Finsky  : [1] xle.a(27): Scheduling job Id: 9005, L: 38591243, D: 39491243, C: false, I: false, N: 0
08-06 12:42:23.135 12162 12162 I Finsky  : [1] xle.a(27): Scheduling job Id: 9006, L: 0, D: 30467870, C: false, I: true, N: 0
08-06 12:42:23.138 12162 12162 I Finsky  : [1] xle.a(27): Scheduling job Id: 9008, L: 14572, D: 33809856, C: false, I: false, N: 1
08-06 12:42:23.140 12162 12162 I Finsky  : [1] xle.a(27): Scheduling job Id: 9009, L: 0, D: 73593799, C: false, I: true, N: 2
08-06 12:42:23.142 12162 12359 I Finsky  : [6466] lyv.run(-1): Wrote row to frosting DB: 3319
08-06 12:42:23.143 12162 12162 I Finsky  : [1] xle.a(27): Scheduling job Id: 9010, L: 0, D: 73593842, C: true, I: true, N: 2
08-06 12:42:23.145 12162 12162 I Finsky  : [1] xle.a(27): Scheduling job Id: 9019, L: 38591243, D: 39491243, C: false, I: false, N: 0
08-06 12:42:23.153 12386 12386 D AndroidRuntime: >>>>>> START com.android.internal.os.RuntimeInit uid 2000 <<<<<<
08-06 12:42:23.157 12386 12386 D AndroidRuntime: CheckJNI is OFF
08-06 12:42:23.179 12386 12386 D ICU     : No timezone override file found: /data/misc/zoneinfo/current/icu/icu_tzdata.dat
08-06 12:42:23.185   918  6110 I AccountManagerService: getTypesVisibleToCaller: isPermitted? true
08-06 12:42:23.201 24577 19565 W Icing   : No valid account for uploading user actions
08-06 12:42:23.207 12386 12386 I Radio-JNI: register_android_hardware_Radio DONE
08-06 12:42:23.223 12386 12386 D AndroidRuntime: Calling main entry com.android.commands.monkey.Monkey
08-06 12:42:23.232 24577 13294 I Icing   : IndexChimeraService.getServiceInterface callingPackage=com.google.android.gms componentName=null serviceId=30
08-06 12:42:23.238   918   931 W BroadcastQueue: Skipping deliver [background] BroadcastRecord{f50741b u-1 android.net.conn.CONNECTIVITY_CHANGE} to ReceiverList{83d9b8 12386 (unknown name)/2000/u-1 remote:a5bbb15}: process crashing
08-06 12:42:23.267   918  5132 I ActivityManager: START u0 {act=android.intent.action.MAIN cat=[android.intent.category.LAUNCHER] flg=0x10200000 cmp=baseline.com.ak.uobtimetable/.MainActivity} from uid 2000 on display 0
08-06 12:42:23.270 24577 19565 I Icing   : Usage reports ok 1, Failed Usage reports 0, indexed 0, rejected 0
08-06 12:42:23.275 24577 19565 W Icing   : No valid account for uploading user actions
08-06 12:42:23.293 24577 19565 I Icing   : Usage reports ok 0, Failed Usage reports 0, indexed 0, rejected 0
08-06 12:42:23.294 24577 19565 I Icing   : Indexing com.google.android.gms-internal.3p:MobileApplication from com.google.android.gms using seqno 763
08-06 12:42:23.297 24577 19565 I Icing   : Indexing com.google.android.gms-internal.3p:MobileApplication from com.google.android.gms using seqno 763
08-06 12:42:23.301 12401 12401 I art     : Late-enabling -Xcheck:jni
08-06 12:42:23.302   918  6110 I ActivityManager: Start proc 12401:baseline.com.ak.uobtimetable/u0a710 for activity baseline.com.ak.uobtimetable/.MainActivity
08-06 12:42:23.323 12386 12386 I art     : System.exit called, status: 0
08-06 12:42:23.324 12386 12386 I AndroidRuntime: VM exiting with result code 0.
08-06 12:42:23.344 12401 12401 W System  : ClassLoader referenced unknown path: /data/app/baseline.com.ak.uobtimetable-1/lib/arm64
08-06 12:42:23.350 12401 12401 E Application: Can't init Bugsnag - No key
08-06 12:42:23.350 12401 12401 E Application: java.lang.Exception: Can't init Bugsnag - No key
08-06 12:42:23.350 12401 12401 E Application: 	at baseline.com.ak.uobtimetable.Utilities.Logging.Logger.error(Logger.java:79)
08-06 12:42:23.350 12401 12401 E Application: 	at baseline.com.ak.uobtimetable.MyApplication.onCreate(MyApplication.java:52)
08-06 12:42:23.350 12401 12401 E Application: 	at android.app.Instrumentation.callApplicationOnCreate(Instrumentation.java:1013)
08-06 12:42:23.350 12401 12401 E Application: 	at android.app.ActivityThread.handleBindApplication(ActivityThread.java:4707)
08-06 12:42:23.350 12401 12401 E Application: 	at android.app.ActivityThread.-wrap1(ActivityThread.java)
08-06 12:42:23.350 12401 12401 E Application: 	at android.app.ActivityThread$H.handleMessage(ActivityThread.java:1405)
08-06 12:42:23.350 12401 12401 E Application: 	at android.os.Handler.dispatchMessage(Handler.java:102)
08-06 12:42:23.350 12401 12401 E Application: 	at android.os.Looper.loop(Looper.java:148)
08-06 12:42:23.350 12401 12401 E Application: 	at android.app.ActivityThread.main(ActivityThread.java:5417)
08-06 12:42:23.350 12401 12401 E Application: 	at java.lang.reflect.Method.invoke(Native Method)
08-06 12:42:23.350 12401 12401 E Application: 	at com.android.internal.os.ZygoteInit$MethodAndArgsCaller.run(ZygoteInit.java:726)
08-06 12:42:23.350 12401 12401 E Application: 	at com.android.internal.os.ZygoteInit.main(ZygoteInit.java:616)
08-06 12:42:23.352 12401 12401 I Application: API level: 23
08-06 12:42:23.354 12401 12401 I Application: API level name: M
08-06 12:42:23.354 12401 12401 I Application: Target API level: 29
08-06 12:42:23.354 12401 12401 I Application: Git commit hash: d26bf1fa
08-06 12:42:23.354 12401 12401 I Application: Git branch: master
08-06 12:42:23.354 12401 12401 I Application: Build type: Debug
08-06 12:42:23.356 24577 13294 I Icing   : IndexChimeraService.getServiceInterface callingPackage=com.google.android.gms componentName=null serviceId=36
08-06 12:42:23.357 12401 12401 I Application: Build keys: Release
08-06 12:42:23.357 12401 12401 I Application: Version code: 21
08-06 12:42:23.358 12401 12401 I Application: Version name: 2.5
08-06 12:42:23.358 12401 12401 I Application: Build date: 22:30 03/08/20
08-06 12:42:23.358 12401 12401 I Application: Package update date: 23:40 05/08/20
08-06 12:42:23.359 12401 12401 I SettingsManager: Getting int: launchCount
08-06 12:42:23.359 12401 12401 I SettingsManager: Setting int: launchCount
08-06 12:42:23.361 24577 19565 W Icing   : No valid account for uploading user actions
08-06 12:42:23.374 16458 28535 I PBSessionCacheImpl: Deleted sessionId[72384646105454640] from persistence.
08-06 12:42:23.374   918   928 W BackupManagerService: dataChanged but no participant pkg='baseline.com.ak.uobtimetable' uid=10710
08-06 12:42:23.374 12401 12401 I Application: Launch count: 1
08-06 12:42:23.377 12401 12401 I Application: Network: TYPE_WIFI
08-06 12:42:23.377 12401 12401 I Application: Tablet layout: false
08-06 12:42:23.379 16458 16488 W SearchServiceCore: Abort, client detached.
08-06 12:42:23.379 16458 16488 I MicroDetectionState: Should stop hotword detection immediately - true
08-06 12:42:23.390 12401 12401 W art     : Before Android 4.1, method android.graphics.PorterDuffColorFilter androidx.vectordrawable.graphics.drawable.VectorDrawableCompat.updateTintFilter(android.graphics.PorterDuffColorFilter, android.content.res.ColorStateList, android.graphics.PorterDuff$Mode) would have incorrectly overridden the package-private method in android.graphics.drawable.Drawable
08-06 12:42:23.405 24577 19565 I Icing   : Usage reports ok 1, Failed Usage reports 0, indexed 0, rejected 0
08-06 12:42:23.406 12401 12401 I art     : Rejecting re-init on previously-failed class java.lang.Class<androidx.core.view.ViewCompat$OnUnhandledKeyEventListenerWrapper>
08-06 12:42:23.406 12401 12401 I art     : Rejecting re-init on previously-failed class java.lang.Class<androidx.core.view.ViewCompat$OnUnhandledKeyEventListenerWrapper>
08-06 12:42:23.467 12401 12401 D MainActivity: onCreate
08-06 12:42:23.467 12401 12401 I SettingsManager: Getting string: savedSessions
08-06 12:42:23.467 12401 12401 I Settings: No saved sessions
08-06 12:42:23.498 12401 12401 I SettingsManager: Getting string: savedCourse
08-06 12:42:23.499   918  6111 I ActivityManager: START u0 {flg=0x14000000 cmp=baseline.com.ak.uobtimetable/.WelcomeActivity} from uid 10710 on display 0
08-06 12:42:23.509 12401 12401 D MainActivity: OnResume
08-06 12:42:23.517 12401 12417 D OpenGLRenderer: Use EGL_SWAP_BEHAVIOR_PRESERVED: true
08-06 12:42:23.526 12401 12401 D MainActivity: OnPause
08-06 12:42:23.661 12401 12417 I Adreno  : QUALCOMM build                   : fcf4852, I1af360237c
08-06 12:42:23.661 12401 12417 I Adreno  : Build Date                       : 09/23/15
08-06 12:42:23.661 12401 12417 I Adreno  : OpenGL ES Shader Compiler Version: XE031.05.13.02
08-06 12:42:23.661 12401 12417 I Adreno  : Local Branch                     : mybranch14465806
08-06 12:42:23.661 12401 12417 I Adreno  : Remote Branch                    : quic/LA.BF64.1.2.9_v2
08-06 12:42:23.661 12401 12417 I Adreno  : Remote Branch                    : NONE
08-06 12:42:23.661 12401 12417 I Adreno  : Reconstruct Branch               : NOTHING
08-06 12:42:23.669 12401 12417 I OpenGLRenderer: Initialized EGL, version 1.4
08-06 12:42:23.894   918   936 I ActivityManager: Displayed baseline.com.ak.uobtimetable/.WelcomeActivity: +367ms (total +621ms)
08-06 12:42:23.897  6991  6991 W Atfwd_Sendcmd: AtCmdFwd service not published, waiting... retryCnt : 5
08-06 12:42:23.901 13866 13866 I GoogleInputMethodServic: GoogleInputMethodService.onFinishInput():3138 
08-06 12:42:23.902 13866 13866 I GoogleInputMethodServic: GoogleInputMethodService.onStartInput():1808 
08-06 12:42:24.086 12401 12401 D MainActivity: Saving state
08-06 12:42:24.274 24577 19565 I Icing   : Indexing com.google.android.gms-apps from com.google.android.gms
08-06 12:42:24.388 24577 19565 I Icing   : Indexing done com.google.android.gms-apps
08-06 12:42:24.884 12435 12435 D AndroidRuntime: >>>>>> START com.android.internal.os.RuntimeInit uid 2000 <<<<<<
08-06 12:42:24.891 12435 12435 D AndroidRuntime: CheckJNI is OFF
08-06 12:42:24.924 12435 12435 D ICU     : No timezone override file found: /data/misc/zoneinfo/current/icu/icu_tzdata.dat
08-06 12:42:24.954 12435 12435 I Radio-JNI: register_android_hardware_Radio DONE
08-06 12:42:24.970 12435 12435 D AndroidRuntime: Calling main entry com.android.commands.am.Am
08-06 12:42:24.980 14970 14970 I Trepn   : Trepn 6.2s: Received intent: com.quicinc.trepn.start_profiling
08-06 12:42:25.068 14970 14970 W FileUtils: Failed to chmod(/storage/emulated/0/trepn/Trepn_2020.08.06_124225.db): android.system.ErrnoException: chmod failed: EPERM (Operation not permitted)
08-06 12:42:25.149 14970 14970 I Trepn   : Trepn 6.2s: Trepn has Started Profiling.
08-06 12:42:25.151 12435 12435 D AndroidRuntime: Shutting down VM
08-06 12:42:25.614 12401 12413 I art     : Starting a blocking GC Explicit
08-06 12:42:25.635 12401 12413 I art     : Explicit concurrent mark sweep GC freed 2540(383KB) AllocSpace objects, 2(1340KB) LOS objects, 40% free, 21MB/36MB, paused 112us total 20.506ms
08-06 12:42:25.645 12401 12413 I art     : Starting a blocking GC Explicit
08-06 12:42:25.656 12401 12413 I art     : Explicit concurrent mark sweep GC freed 343(15KB) AllocSpace objects, 0(0B) LOS objects, 40% free, 21MB/36MB, paused 91us total 10.955ms
08-06 12:42:25.662 12401 12413 I art     : Starting a blocking GC Explicit
08-06 12:42:25.674 12401 12413 I art     : Explicit concurrent mark sweep GC freed 3(96B) AllocSpace objects, 0(0B) LOS objects, 40% free, 21MB/36MB, paused 99us total 11.076ms
08-06 12:42:25.680 12401 12413 I art     : Starting a blocking GC Explicit
08-06 12:42:25.690 12401 12413 I art     : Explicit concurrent mark sweep GC freed 3(96B) AllocSpace objects, 0(0B) LOS objects, 40% free, 21MB/36MB, paused 95us total 9.986ms
08-06 12:42:25.696 12401 12413 I art     : Starting a blocking GC Explicit
08-06 12:42:25.706 12401 12413 I art     : Explicit concurrent mark sweep GC freed 3(96B) AllocSpace objects, 0(0B) LOS objects, 40% free, 21MB/36MB, paused 92us total 10.005ms
08-06 12:42:25.976 12401 12421 I art     : Starting a blocking GC Explicit
08-06 12:42:25.992 12401 12421 I art     : Explicit concurrent mark sweep GC freed 1275(74KB) AllocSpace objects, 1(20KB) LOS objects, 40% free, 21MB/36MB, paused 122us total 15.034ms
08-06 12:42:26.001 12401 12421 I art     : Starting a blocking GC Explicit
08-06 12:42:26.012 12401 12421 I art     : Explicit concurrent mark sweep GC freed 18(624B) AllocSpace objects, 0(0B) LOS objects, 40% free, 21MB/36MB, paused 104us total 10.903ms
08-06 12:42:26.018 12401 12421 I art     : Starting a blocking GC Explicit
08-06 12:42:26.029 12401 12421 I art     : Explicit concurrent mark sweep GC freed 3(96B) AllocSpace objects, 0(0B) LOS objects, 40% free, 21MB/36MB, paused 95us total 10.345ms
08-06 12:42:26.035 12401 12421 I art     : Starting a blocking GC Explicit
08-06 12:42:26.045 12401 12421 I art     : Explicit concurrent mark sweep GC freed 3(96B) AllocSpace objects, 0(0B) LOS objects, 40% free, 21MB/36MB, paused 96us total 10.180ms
08-06 12:42:26.051 12401 12421 I art     : Starting a blocking GC Explicit
08-06 12:42:26.062 12401 12421 I art     : Explicit concurrent mark sweep GC freed 3(96B) AllocSpace objects, 0(0B) LOS objects, 40% free, 21MB/36MB, paused 98us total 10.152ms
08-06 12:42:26.343 12401 12414 I art     : Starting a blocking GC Explicit
08-06 12:42:26.356 12401 12414 I art     : Explicit concurrent mark sweep GC freed 1271(74KB) AllocSpace objects, 1(20KB) LOS objects, 40% free, 21MB/36MB, paused 117us total 12.837ms
08-06 12:42:26.363 12401 12414 I art     : Starting a blocking GC Explicit
08-06 12:42:26.374 12401 12414 I art     : Explicit concurrent mark sweep GC freed 18(624B) AllocSpace objects, 0(0B) LOS objects, 40% free, 21MB/36MB, paused 129us total 11.059ms
08-06 12:42:26.380 12401 12414 I art     : Starting a blocking GC Explicit
08-06 12:42:26.390 12401 12414 I art     : Explicit concurrent mark sweep GC freed 3(96B) AllocSpace objects, 0(0B) LOS objects, 40% free, 21MB/36MB, paused 110us total 9.385ms
08-06 12:42:26.395 12401 12414 I art     : Starting a blocking GC Explicit
08-06 12:42:26.405 12401 12414 I art     : Explicit concurrent mark sweep GC freed 3(96B) AllocSpace objects, 0(0B) LOS objects, 40% free, 21MB/36MB, paused 97us total 9.289ms
08-06 12:42:26.410 12401 12414 I art     : Starting a blocking GC Explicit
08-06 12:42:26.419 12401 12414 I art     : Explicit concurrent mark sweep GC freed 3(96B) AllocSpace objects, 0(0B) LOS objects, 40% free, 21MB/36MB, paused 94us total 9.153ms
08-06 12:42:26.720 12401 12413 I art     : Starting a blocking GC Explicit
08-06 12:42:26.734 12401 12413 I art     : Explicit concurrent mark sweep GC freed 1268(74KB) AllocSpace objects, 1(20KB) LOS objects, 40% free, 21MB/36MB, paused 126us total 13.794ms
08-06 12:42:26.744 12401 12413 I art     : Starting a blocking GC Explicit
08-06 12:42:26.755 12401 12413 I art     : Explicit concurrent mark sweep GC freed 18(624B) AllocSpace objects, 0(0B) LOS objects, 40% free, 21MB/36MB, paused 99us total 10.627ms
08-06 12:42:26.761 12401 12413 I art     : Starting a blocking GC Explicit
08-06 12:42:26.771 12401 12413 I art     : Explicit concurrent mark sweep GC freed 3(96B) AllocSpace objects, 0(0B) LOS objects, 40% free, 21MB/36MB, paused 87us total 10.025ms
08-06 12:42:26.777 12401 12413 I art     : Starting a blocking GC Explicit
08-06 12:42:26.787 12401 12413 I art     : Explicit concurrent mark sweep GC freed 3(96B) AllocSpace objects, 0(0B) LOS objects, 40% free, 21MB/36MB, paused 103us total 9.888ms
08-06 12:42:26.793 12401 12413 I art     : Starting a blocking GC Explicit
08-06 12:42:26.803 12401 12413 I art     : Explicit concurrent mark sweep GC freed 3(96B) AllocSpace objects, 0(0B) LOS objects, 40% free, 21MB/36MB, paused 84us total 9.857ms
08-06 12:42:27.098 12401 12421 I art     : Starting a blocking GC Explicit
08-06 12:42:27.114 12401 12421 I art     : Explicit concurrent mark sweep GC freed 1268(74KB) AllocSpace objects, 1(20KB) LOS objects, 40% free, 21MB/36MB, paused 123us total 15.525ms
08-06 12:42:27.121 12401 12421 I art     : Starting a blocking GC Explicit
08-06 12:42:27.133 12401 12421 I art     : Explicit concurrent mark sweep GC freed 18(624B) AllocSpace objects, 0(0B) LOS objects, 40% free, 21MB/36MB, paused 106us total 11.364ms
08-06 12:42:27.139 12401 12421 I art     : Starting a blocking GC Explicit
08-06 12:42:27.150 12401 12421 I art     : Explicit concurrent mark sweep GC freed 3(96B) AllocSpace objects, 0(0B) LOS objects, 40% free, 21MB/36MB, paused 96us total 10.364ms
08-06 12:42:27.156 12401 12421 I art     : Starting a blocking GC Explicit
08-06 12:42:27.166 12401 12421 I art     : Explicit concurrent mark sweep GC freed 3(96B) AllocSpace objects, 0(0B) LOS objects, 40% free, 21MB/36MB, paused 104us total 9.841ms
08-06 12:42:27.171 12401 12421 I art     : Starting a blocking GC Explicit
08-06 12:42:27.181 12401 12421 I art     : Explicit concurrent mark sweep GC freed 3(96B) AllocSpace objects, 0(0B) LOS objects, 40% free, 21MB/36MB, paused 91us total 9.742ms
08-06 12:42:27.464 12401 12414 I art     : Starting a blocking GC Explicit
08-06 12:42:27.480 12401 12414 I art     : Explicit concurrent mark sweep GC freed 1268(74KB) AllocSpace objects, 1(20KB) LOS objects, 40% free, 21MB/36MB, paused 125us total 14.981ms
08-06 12:42:27.489 12401 12414 I art     : Starting a blocking GC Explicit
08-06 12:42:27.500 12401 12414 I art     : Explicit concurrent mark sweep GC freed 18(624B) AllocSpace objects, 0(0B) LOS objects, 40% free, 21MB/36MB, paused 99us total 10.727ms
08-06 12:42:27.506 12401 12414 I art     : Starting a blocking GC Explicit
08-06 12:42:27.517 12401 12414 I art     : Explicit concurrent mark sweep GC freed 3(96B) AllocSpace objects, 0(0B) LOS objects, 40% free, 21MB/36MB, paused 112us total 10.254ms
08-06 12:42:27.523 12401 12414 I art     : Starting a blocking GC Explicit
08-06 12:42:27.533 12401 12414 I art     : Explicit concurrent mark sweep GC freed 3(96B) AllocSpace objects, 0(0B) LOS objects, 40% free, 21MB/36MB, paused 98us total 9.942ms
08-06 12:42:27.539 12401 12414 I art     : Starting a blocking GC Explicit
08-06 12:42:27.549 12401 12414 I art     : Explicit concurrent mark sweep GC freed 3(96B) AllocSpace objects, 0(0B) LOS objects, 40% free, 21MB/36MB, paused 93us total 9.960ms
08-06 12:42:27.834 12401 12413 I art     : Starting a blocking GC Explicit
08-06 12:42:27.847 12401 12413 I art     : Explicit concurrent mark sweep GC freed 1268(74KB) AllocSpace objects, 1(20KB) LOS objects, 40% free, 21MB/36MB, paused 193us total 12.722ms
08-06 12:42:27.853 12401 12413 I art     : Starting a blocking GC Explicit
08-06 12:42:27.864 12401 12413 I art     : Explicit concurrent mark sweep GC freed 18(624B) AllocSpace objects, 0(0B) LOS objects, 40% free, 21MB/36MB, paused 98us total 10.986ms
08-06 12:42:27.871 12401 12413 I art     : Starting a blocking GC Explicit
08-06 12:42:27.881 12401 12413 I art     : Explicit concurrent mark sweep GC freed 3(96B) AllocSpace objects, 0(0B) LOS objects, 40% free, 21MB/36MB, paused 92us total 10.370ms
08-06 12:42:27.887 12401 12413 I art     : Starting a blocking GC Explicit
08-06 12:42:27.898 12401 12413 I art     : Explicit concurrent mark sweep GC freed 3(96B) AllocSpace objects, 0(0B) LOS objects, 40% free, 21MB/36MB, paused 95us total 10.252ms
08-06 12:42:27.904 12401 12413 I art     : Starting a blocking GC Explicit
08-06 12:42:27.914 12401 12413 I art     : Explicit concurrent mark sweep GC freed 3(96B) AllocSpace objects, 0(0B) LOS objects, 40% free, 21MB/36MB, paused 90us total 10.180ms
08-06 12:42:28.203 12401 12421 I art     : Starting a blocking GC Explicit
08-06 12:42:28.217 12401 12421 I art     : Explicit concurrent mark sweep GC freed 1268(74KB) AllocSpace objects, 1(20KB) LOS objects, 40% free, 21MB/36MB, paused 122us total 12.744ms
08-06 12:42:28.225 12401 12421 I art     : Starting a blocking GC Explicit
08-06 12:42:28.239 12401 12421 I art     : Explicit concurrent mark sweep GC freed 18(624B) AllocSpace objects, 0(0B) LOS objects, 40% free, 21MB/36MB, paused 118us total 13.063ms
08-06 12:42:28.247 12401 12421 I art     : Starting a blocking GC Explicit
08-06 12:42:28.257 12401 12421 I art     : Explicit concurrent mark sweep GC freed 3(96B) AllocSpace objects, 0(0B) LOS objects, 40% free, 21MB/36MB, paused 99us total 10.044ms
08-06 12:42:28.263 12401 12421 I art     : Starting a blocking GC Explicit
08-06 12:42:28.274 12401 12421 I art     : Explicit concurrent mark sweep GC freed 3(96B) AllocSpace objects, 0(0B) LOS objects, 40% free, 21MB/36MB, paused 97us total 10.245ms
08-06 12:42:28.280 12401 12421 I art     : Starting a blocking GC Explicit
08-06 12:42:28.290 12401 12421 I art     : Explicit concurrent mark sweep GC freed 3(96B) AllocSpace objects, 0(0B) LOS objects, 40% free, 21MB/36MB, paused 95us total 9.765ms
08-06 12:42:28.585 12401 12414 I art     : Starting a blocking GC Explicit
08-06 12:42:28.600 12401 12414 I art     : Explicit concurrent mark sweep GC freed 1268(74KB) AllocSpace objects, 1(20KB) LOS objects, 40% free, 21MB/36MB, paused 121us total 14.618ms
08-06 12:42:28.608 12401 12414 I art     : Starting a blocking GC Explicit
08-06 12:42:28.619 12401 12414 I art     : Explicit concurrent mark sweep GC freed 18(624B) AllocSpace objects, 0(0B) LOS objects, 40% free, 21MB/36MB, paused 98us total 10.827ms
08-06 12:42:28.626 12401 12414 I art     : Starting a blocking GC Explicit
08-06 12:42:28.636 12401 12414 I art     : Explicit concurrent mark sweep GC freed 3(96B) AllocSpace objects, 0(0B) LOS objects, 40% free, 21MB/36MB, paused 103us total 10.388ms
08-06 12:42:28.642 12401 12414 I art     : Starting a blocking GC Explicit
08-06 12:42:28.652 12401 12414 I art     : Explicit concurrent mark sweep GC freed 3(96B) AllocSpace objects, 0(0B) LOS objects, 40% free, 21MB/36MB, paused 97us total 10.011ms
08-06 12:42:28.658 12401 12414 I art     : Starting a blocking GC Explicit
08-06 12:42:28.668 12401 12414 I art     : Explicit concurrent mark sweep GC freed 3(96B) AllocSpace objects, 0(0B) LOS objects, 40% free, 21MB/36MB, paused 108us total 10.037ms
08-06 12:42:28.969 12401 12413 I art     : Starting a blocking GC Explicit
08-06 12:42:28.983 12401 12413 I art     : Explicit concurrent mark sweep GC freed 1268(74KB) AllocSpace objects, 1(20KB) LOS objects, 40% free, 21MB/36MB, paused 117us total 13.684ms
08-06 12:42:28.991 12401 12413 I art     : Starting a blocking GC Explicit
08-06 12:42:29.005 12401 12413 I art     : Explicit concurrent mark sweep GC freed 18(624B) AllocSpace objects, 0(0B) LOS objects, 40% free, 21MB/36MB, paused 107us total 13.503ms
08-06 12:42:29.014 12401 12413 I art     : Starting a blocking GC Explicit
08-06 12:42:29.025 12401 12413 I art     : Explicit concurrent mark sweep GC freed 3(96B) AllocSpace objects, 0(0B) LOS objects, 40% free, 21MB/36MB, paused 89us total 10.733ms
08-06 12:42:29.031 12401 12413 I art     : Starting a blocking GC Explicit
08-06 12:42:29.041 12401 12413 I art     : Explicit concurrent mark sweep GC freed 3(96B) AllocSpace objects, 0(0B) LOS objects, 40% free, 21MB/36MB, paused 87us total 9.904ms
08-06 12:42:29.047 12401 12413 I art     : Starting a blocking GC Explicit
08-06 12:42:29.057 12401 12413 I art     : Explicit concurrent mark sweep GC freed 3(96B) AllocSpace objects, 0(0B) LOS objects, 40% free, 21MB/36MB, paused 84us total 9.908ms
08-06 12:42:29.304 12401 12421 I art     : Starting a blocking GC Explicit
08-06 12:42:29.315 12401 12421 I art     : Explicit concurrent mark sweep GC freed 1268(74KB) AllocSpace objects, 1(20KB) LOS objects, 40% free, 21MB/36MB, paused 106us total 11.220ms
08-06 12:42:29.322 12401 12421 I art     : Starting a blocking GC Explicit
08-06 12:42:29.333 12401 12421 I art     : Explicit concurrent mark sweep GC freed 18(624B) AllocSpace objects, 0(0B) LOS objects, 40% free, 21MB/36MB, paused 95us total 10.191ms
08-06 12:42:29.338 12401 12421 I art     : Starting a blocking GC Explicit
08-06 12:42:29.348 12401 12421 I art     : Explicit concurrent mark sweep GC freed 3(96B) AllocSpace objects, 0(0B) LOS objects, 40% free, 21MB/36MB, paused 93us total 9.613ms
08-06 12:42:29.354 12401 12421 I art     : Starting a blocking GC Explicit
08-06 12:42:29.363 12401 12421 I art     : Explicit concurrent mark sweep GC freed 3(96B) AllocSpace objects, 0(0B) LOS objects, 40% free, 21MB/36MB, paused 90us total 9.508ms
08-06 12:42:29.369 12401 12421 I art     : Starting a blocking GC Explicit
08-06 12:42:29.378 12401 12421 I art     : Explicit concurrent mark sweep GC freed 3(96B) AllocSpace objects, 0(0B) LOS objects, 40% free, 21MB/36MB, paused 91us total 9.101ms
08-06 12:42:29.645 12401 12414 I art     : Starting a blocking GC Explicit
08-06 12:42:29.660 12401 12414 I art     : Explicit concurrent mark sweep GC freed 1268(74KB) AllocSpace objects, 1(20KB) LOS objects, 40% free, 21MB/36MB, paused 123us total 14.951ms
08-06 12:42:29.669 12401 12414 I art     : Starting a blocking GC Explicit
08-06 12:42:29.681 12401 12414 I art     : Explicit concurrent mark sweep GC freed 18(624B) AllocSpace objects, 0(0B) LOS objects, 40% free, 21MB/36MB, paused 103us total 11.303ms
08-06 12:42:29.687 12401 12414 I art     : Starting a blocking GC Explicit
08-06 12:42:29.698 12401 12414 I art     : Explicit concurrent mark sweep GC freed 3(96B) AllocSpace objects, 0(0B) LOS objects, 40% free, 21MB/36MB, paused 101us total 10.325ms
08-06 12:42:29.704 12401 12414 I art     : Starting a blocking GC Explicit
08-06 12:42:29.714 12401 12414 I art     : Explicit concurrent mark sweep GC freed 3(96B) AllocSpace objects, 0(0B) LOS objects, 40% free, 21MB/36MB, paused 99us total 10.375ms
08-06 12:42:29.720 12401 12414 I art     : Starting a blocking GC Explicit
08-06 12:42:29.730 12401 12414 I art     : Explicit concurrent mark sweep GC freed 3(96B) AllocSpace objects, 0(0B) LOS objects, 40% free, 21MB/36MB, paused 102us total 9.955ms
08-06 12:42:29.989 12401 12413 I art     : Starting a blocking GC Explicit
08-06 12:42:30.002 12401 12413 I art     : Explicit concurrent mark sweep GC freed 1268(74KB) AllocSpace objects, 1(20KB) LOS objects, 40% free, 21MB/36MB, paused 121us total 12.981ms
08-06 12:42:30.009 12401 12413 I art     : Starting a blocking GC Explicit
08-06 12:42:30.021 12401 12413 I art     : Explicit concurrent mark sweep GC freed 18(624B) AllocSpace objects, 0(0B) LOS objects, 40% free, 21MB/36MB, paused 100us total 11.444ms
08-06 12:42:30.027 12401 12413 I art     : Starting a blocking GC Explicit
08-06 12:42:30.037 12401 12413 I art     : Explicit concurrent mark sweep GC freed 3(96B) AllocSpace objects, 0(0B) LOS objects, 40% free, 21MB/36MB, paused 90us total 9.745ms
08-06 12:42:30.043 12401 12413 I art     : Starting a blocking GC Explicit
08-06 12:42:30.052 12401 12413 I art     : Explicit concurrent mark sweep GC freed 3(96B) AllocSpace objects, 0(0B) LOS objects, 40% free, 21MB/36MB, paused 92us total 9.422ms
08-06 12:42:30.058 12401 12413 I art     : Starting a blocking GC Explicit
08-06 12:42:30.068 12401 12413 I art     : Explicit concurrent mark sweep GC freed 3(96B) AllocSpace objects, 0(0B) LOS objects, 40% free, 21MB/36MB, paused 151us total 9.690ms
08-06 12:42:30.268 12591 12591 D AndroidRuntime: >>>>>> START com.android.internal.os.RuntimeInit uid 2000 <<<<<<
08-06 12:42:30.272 12591 12591 D AndroidRuntime: CheckJNI is OFF
08-06 12:42:30.296 12591 12591 D ICU     : No timezone override file found: /data/misc/zoneinfo/current/icu/icu_tzdata.dat
08-06 12:42:30.321 12591 12591 I Radio-JNI: register_android_hardware_Radio DONE
08-06 12:42:30.338 12591 12591 D AndroidRuntime: Calling main entry com.android.commands.input.Input
08-06 12:42:30.339 12591 12591 I Input   : injectMotionEvent: MotionEvent { action=ACTION_DOWN, actionButton=0, id[0]=0, x[0]=711.0, y[0]=1664.0, toolType[0]=TOOL_TYPE_UNKNOWN, buttonState=0, metaState=0, flags=0x0, edgeFlags=0x0, pointerCount=1, historySize=0, eventTime=880966752, downTime=880966752, deviceId=0, source=0x1002 }
08-06 12:42:30.343 12591 12591 I Input   : injectMotionEvent: MotionEvent { action=ACTION_UP, actionButton=0, id[0]=0, x[0]=711.0, y[0]=1664.0, toolType[0]=TOOL_TYPE_UNKNOWN, buttonState=0, metaState=0, flags=0x0, edgeFlags=0x0, pointerCount=1, historySize=0, eventTime=880966752, downTime=880966752, deviceId=0, source=0x1002 }
08-06 12:42:30.347 12591 12591 D AndroidRuntime: Shutting down VM
08-06 12:42:30.350   918  6110 I ActivityManager: START u0 {flg=0x14000000 cmp=baseline.com.ak.uobtimetable/.CourseListActivity} from uid 10710 on display 0
08-06 12:42:30.350   512  2967 D audio_hw_primary: out_set_parameters: enter: usecase(1: low-latency-playback) kvpairs: routing=2
08-06 12:42:30.357 12401 12414 I art     : Starting a blocking GC Explicit
08-06 12:42:30.364   512  2967 D audio_hw_primary: select_devices: out_snd_device(2: speaker) in_snd_device(0: none)
08-06 12:42:30.364   512  2967 D msm8974_platform: platform_send_audio_calibration: sending audio calibration for snd_device(2) acdb_id(15)
08-06 12:42:30.364   512  2967 I soundtrigger: audio_extn_sound_trigger_update_device_status: device 0x2 of type 0 for Event 1
08-06 12:42:30.369 12401 12414 I art     : Explicit concurrent mark sweep GC freed 1634(100KB) AllocSpace objects, 1(20KB) LOS objects, 40% free, 21MB/36MB, paused 216us total 12.038ms
08-06 12:42:30.374   512  2967 D audio_hw_primary: enable_snd_device: snd_device(2: speaker)
08-06 12:42:30.376 12401 12414 I art     : Starting a blocking GC Explicit
08-06 12:42:30.376   512  2967 D audio_hw_primary: enable_audio_route: apply and update mixer path: low-latency-playback speaker
08-06 12:42:30.388 12401 12414 I art     : Explicit concurrent mark sweep GC freed 1494(96KB) AllocSpace objects, 0(0B) LOS objects, 40% free, 21MB/36MB, paused 355us total 12.256ms
08-06 12:42:30.393 12401 12401 D CourseListActivity: onCreate
08-06 12:42:30.394 12401 12414 I art     : Starting a blocking GC Explicit
08-06 12:42:30.405 12401 12414 I art     : Explicit concurrent mark sweep GC freed 790(90KB) AllocSpace objects, 0(0B) LOS objects, 40% free, 22MB/36MB, paused 401us total 11.350ms
08-06 12:42:30.411 12401 12414 I art     : Starting a blocking GC Explicit
08-06 12:42:30.422 12401 12615 D HTTP    : Request for: https://uob-timetable-api.adriankeenan.co.uk/courses
08-06 12:42:30.424 12401 12414 I art     : Explicit concurrent mark sweep GC freed 701(58KB) AllocSpace objects, 0(0B) LOS objects, 40% free, 22MB/36MB, paused 369us total 12.389ms
08-06 12:42:30.430 12401 12414 I art     : Starting a blocking GC Explicit
08-06 12:42:30.442 12401 12414 I art     : Explicit concurrent mark sweep GC freed 359(40KB) AllocSpace objects, 0(0B) LOS objects, 40% free, 22MB/36MB, paused 156us total 11.690ms
08-06 12:42:30.488   918   936 I ActivityManager: Displayed baseline.com.ak.uobtimetable/.CourseListActivity: +127ms
08-06 12:42:30.489 13866 13866 I GoogleInputMethodServic: GoogleInputMethodService.onFinishInput():3138 
08-06 12:42:30.490 13866 13866 I GoogleInputMethodServic: GoogleInputMethodService.onStartInput():1808 
08-06 12:42:30.515 12401 12417 D OpenGLRenderer: endAllStagingAnimators on 0x7f949be000 (RippleDrawable) with handle 0x7f99f05180
08-06 12:42:30.661 12401 12615 I NAPPA_EXPERIMENTATION: MetricNetworkRequestExecutionTime: REQUEST_DURATION_SYSTEM='235',REQUEST_DURATION_OKHTTP='40',REQUEST_SYNCHRONOUS='TRUE',RESPONSE_CODE='200',RESPONSE_METHOD='GET',RESPONSE_LENGTH_OKHTTP='-1',RESPONSE_LENGTH_HEADER='-2',REQUEST_PROTOCOL='http/1.1',REQUEST_URL='https://uob-timetable-api.adriankeenan.co.uk/courses',
08-06 12:42:30.677 12401 12421 I art     : Starting a blocking GC Explicit
08-06 12:42:30.700 12401 12421 I art     : Explicit concurrent mark sweep GC freed 4354(285KB) AllocSpace objects, 4(220KB) LOS objects, 40% free, 23MB/39MB, paused 214us total 22.897ms
08-06 12:42:30.709 12401 12421 I art     : Starting a blocking GC Explicit
08-06 12:42:30.724 12401 12421 I art     : Explicit concurrent mark sweep GC freed 1042(119KB) AllocSpace objects, 0(0B) LOS objects, 38% free, 25MB/41MB, paused 206us total 15.622ms
08-06 12:42:30.733 12401 12421 I art     : Starting a blocking GC Explicit
08-06 12:42:30.750 12401 12421 I art     : Explicit concurrent mark sweep GC freed 28(1136B) AllocSpace objects, 0(0B) LOS objects, 37% free, 26MB/42MB, paused 220us total 16.268ms
08-06 12:42:30.757 12401 12421 I art     : Starting a blocking GC Explicit
08-06 12:42:30.769 12401 12421 I art     : Explicit concurrent mark sweep GC freed 31(1216B) AllocSpace objects, 0(0B) LOS objects, 35% free, 28MB/44MB, paused 223us total 11.763ms
08-06 12:42:30.776 12401 12421 I art     : Starting a blocking GC Explicit
08-06 12:42:30.787 12401 12421 I art     : Explicit concurrent mark sweep GC freed 10(272B) AllocSpace objects, 0(0B) LOS objects, 34% free, 30MB/46MB, paused 144us total 10.769ms
08-06 12:42:30.918   512  2967 D audio_hw_primary: disable_audio_route: reset and update mixer path: low-latency-playback speaker
08-06 12:42:30.920   512  2967 D audio_hw_primary: disable_snd_device: snd_device(2: speaker)
08-06 12:42:30.928   512  2967 I soundtrigger: audio_extn_sound_trigger_update_device_status: device 0x2 of type 0 for Event 0
08-06 12:42:31.029 12401 12615 I HTTP    : Response was compressed.
08-06 12:42:31.052 12401 12414 I art     : Starting a blocking GC Explicit
08-06 12:42:31.072 12401 12414 I art     : Explicit concurrent mark sweep GC freed 16755(782KB) AllocSpace objects, 2(22MB) LOS objects, 29% free, 37MB/53MB, paused 210us total 19.483ms
08-06 12:42:31.077   918  1209 D NetworkMonitor/NetworkAgentInfo [WIFI () - 159]: Checking http://connectivitycheck.gstatic.com/generate_204 on "H369AA63323", 192.168.2.12=192.168.2.12
08-06 12:42:31.079 12401 12414 I art     : Starting a blocking GC Explicit
08-06 12:42:31.092 12401 12414 I art     : Explicit concurrent mark sweep GC freed 13110(612KB) AllocSpace objects, 0(0B) LOS objects, 29% free, 37MB/53MB, paused 220us total 12.488ms
08-06 12:42:31.098 12401 12414 I art     : Starting a blocking GC Explicit
08-06 12:42:31.110 12401 12414 I art     : Explicit concurrent mark sweep GC freed 10408(482KB) AllocSpace objects, 0(0B) LOS objects, 29% free, 37MB/53MB, paused 173us total 11.914ms
08-06 12:42:31.115 12401 12414 I art     : Starting a blocking GC Explicit
08-06 12:42:31.127 12401 12414 I art     : Explicit concurrent mark sweep GC freed 9688(456KB) AllocSpace objects, 0(0B) LOS objects, 29% free, 37MB/53MB, paused 229us total 11.840ms
08-06 12:42:31.133 12401 12414 I art     : Starting a blocking GC Explicit
08-06 12:42:31.141   918  1209 D NetworkMonitor/NetworkAgentInfo [WIFI () - 159]: Probably not a portal: exception java.io.IOException: unexpected end of stream on Connection{connectivitycheck.gstatic.com:80, proxy=HTTP@/192.168.2.12:8080 hostAddress=192.168.2.12 cipherSuite=none protocol=http/1.1} (recycle count=0)
08-06 12:42:31.142   918  3263 D ConnectivityService: NetworkAgentInfo [WIFI () - 159] validation failed
08-06 12:42:31.142   918  3261 E WifiConfigStore:  rewrite network history for "H369AA63323"WPA_PSK
08-06 12:42:31.145 12401 12414 I art     : Explicit concurrent mark sweep GC freed 9193(442KB) AllocSpace objects, 0(0B) LOS objects, 29% free, 37MB/53MB, paused 356us total 12.048ms
08-06 12:42:31.399 12401 12616 I art     : Starting a blocking GC Explicit
08-06 12:42:31.426 12401 12616 I art     : Explicit concurrent mark sweep GC freed 150920(6MB) AllocSpace objects, 1(20KB) LOS objects, 28% free, 39MB/55MB, paused 307us total 27.301ms
08-06 12:42:31.434 12401 12616 I art     : Starting a blocking GC Explicit
08-06 12:42:31.449 12401 12616 I art     : Explicit concurrent mark sweep GC freed 16396(770KB) AllocSpace objects, 0(0B) LOS objects, 28% free, 39MB/55MB, paused 260us total 15.302ms
08-06 12:42:31.456 12401 12616 I art     : Starting a blocking GC Explicit
08-06 12:42:31.472 12401 12616 I art     : Explicit concurrent mark sweep GC freed 12295(577KB) AllocSpace objects, 0(0B) LOS objects, 28% free, 39MB/55MB, paused 249us total 15.185ms
08-06 12:42:31.479 12401 12616 I art     : Starting a blocking GC Explicit
08-06 12:42:31.494 12401 12616 I art     : Explicit concurrent mark sweep GC freed 12230(569KB) AllocSpace objects, 0(0B) LOS objects, 28% free, 39MB/55MB, paused 240us total 14.957ms
08-06 12:42:31.501 12401 12616 I art     : Starting a blocking GC Explicit
08-06 12:42:31.516 12401 12616 I art     : Explicit concurrent mark sweep GC freed 11565(543KB) AllocSpace objects, 0(0B) LOS objects, 28% free, 39MB/55MB, paused 261us total 14.926ms
08-06 12:42:31.775 12401 12414 I art     : Starting a blocking GC Explicit
08-06 12:42:31.805 12401 12414 I art     : Explicit concurrent mark sweep GC freed 151982(7MB) AllocSpace objects, 1(20KB) LOS objects, 28% free, 40MB/56MB, paused 298us total 29.931ms
08-06 12:42:31.814 12401 12414 I art     : Starting a blocking GC Explicit
08-06 12:42:31.834 12401 12414 I art     : Explicit concurrent mark sweep GC freed 19207(902KB) AllocSpace objects, 0(0B) LOS objects, 28% free, 40MB/56MB, paused 278us total 19.530ms
08-06 12:42:31.842 12401 12414 I art     : Starting a blocking GC Explicit
08-06 12:42:31.860 12401 12414 I art     : Explicit concurrent mark sweep GC freed 14269(688KB) AllocSpace objects, 0(0B) LOS objects, 28% free, 40MB/56MB, paused 295us total 17.799ms
08-06 12:42:31.868 12401 12414 I art     : Starting a blocking GC Explicit
08-06 12:42:31.886 12401 12414 I art     : Explicit concurrent mark sweep GC freed 13872(652KB) AllocSpace objects, 0(0B) LOS objects, 28% free, 40MB/56MB, paused 288us total 17.818ms
08-06 12:42:31.894 12401 12414 I art     : Starting a blocking GC Explicit
08-06 12:42:31.912 12401 12414 I art     : Explicit concurrent mark sweep GC freed 14275(670KB) AllocSpace objects, 0(0B) LOS objects, 28% free, 41MB/57MB, paused 298us total 18.229ms
08-06 12:42:32.167 12401 12616 I art     : Starting a blocking GC Explicit
08-06 12:42:32.202 12401 12616 I art     : Explicit concurrent mark sweep GC freed 151227(6MB) AllocSpace objects, 1(20KB) LOS objects, 27% free, 42MB/58MB, paused 364us total 34.369ms
08-06 12:42:32.213 12401 12616 I art     : Starting a blocking GC Explicit
08-06 12:42:32.233 12401 12616 I art     : Explicit concurrent mark sweep GC freed 20691(978KB) AllocSpace objects, 0(0B) LOS objects, 27% free, 42MB/58MB, paused 402us total 20.372ms
08-06 12:42:32.242 12401 12616 I art     : Starting a blocking GC Explicit
08-06 12:42:32.263 12401 12616 I art     : Explicit concurrent mark sweep GC freed 16226(783KB) AllocSpace objects, 0(0B) LOS objects, 27% free, 42MB/58MB, paused 321us total 20.790ms
08-06 12:42:32.272 12401 12616 I art     : Starting a blocking GC Explicit
08-06 12:42:32.293 12401 12616 I art     : Explicit concurrent mark sweep GC freed 16384(774KB) AllocSpace objects, 0(0B) LOS objects, 27% free, 42MB/58MB, paused 368us total 21.001ms
08-06 12:42:32.302 12401 12616 I art     : Starting a blocking GC Explicit
08-06 12:42:32.323 12401 12616 I art     : Explicit concurrent mark sweep GC freed 16360(772KB) AllocSpace objects, 0(0B) LOS objects, 27% free, 42MB/58MB, paused 363us total 21.148ms
08-06 12:42:32.589 12401 12616 I art     : Starting a blocking GC Explicit
08-06 12:42:32.630 12401 12616 I art     : Explicit concurrent mark sweep GC freed 160672(7MB) AllocSpace objects, 1(20KB) LOS objects, 26% free, 44MB/60MB, paused 445us total 40.433ms
08-06 12:42:32.641 12401 12616 I art     : Starting a blocking GC Explicit
08-06 12:42:32.667 12401 12616 I art     : Explicit concurrent mark sweep GC freed 24678(1163KB) AllocSpace objects, 0(0B) LOS objects, 26% free, 43MB/59MB, paused 553us total 26.321ms
08-06 12:42:32.676 12401 12616 I art     : Starting a blocking GC Explicit
08-06 12:42:32.700 12401 12616 I art     : Explicit concurrent mark sweep GC freed 18481(865KB) AllocSpace objects, 0(0B) LOS objects, 26% free, 44MB/60MB, paused 390us total 23.247ms
08-06 12:42:32.709 12401 12616 I art     : Starting a blocking GC Explicit
08-06 12:42:32.733 12401 12616 I art     : Explicit concurrent mark sweep GC freed 18152(855KB) AllocSpace objects, 0(0B) LOS objects, 26% free, 44MB/60MB, paused 388us total 23.468ms
08-06 12:42:32.742 12401 12616 I art     : Starting a blocking GC Explicit
08-06 12:42:32.767 12401 12616 I art     : Explicit concurrent mark sweep GC freed 18746(879KB) AllocSpace objects, 0(0B) LOS objects, 26% free, 44MB/60MB, paused 457us total 25.063ms
08-06 12:42:33.026 12401 12414 I art     : Starting a blocking GC Explicit
08-06 12:42:33.067 12401 12414 I art     : Explicit concurrent mark sweep GC freed 160651(7MB) AllocSpace objects, 1(20KB) LOS objects, 25% free, 45MB/61MB, paused 458us total 40.785ms
08-06 12:42:33.077 12401 12414 I art     : Starting a blocking GC Explicit
08-06 12:42:33.104 12401 12414 I art     : Explicit concurrent mark sweep GC freed 25544(1196KB) AllocSpace objects, 0(0B) LOS objects, 25% free, 45MB/61MB, paused 463us total 26.616ms
08-06 12:42:33.114 12401 12414 I art     : Starting a blocking GC Explicit
08-06 12:42:33.142 12401 12414 I art     : Explicit concurrent mark sweep GC freed 21115(983KB) AllocSpace objects, 0(0B) LOS objects, 25% free, 45MB/61MB, paused 462us total 27.355ms
08-06 12:42:33.152 12401 12414 I art     : Starting a blocking GC Explicit
08-06 12:42:33.176   918  3188 I hubconnection: sensorhub said: 'set_bias 3: -5.7600, 0.0000, 0.0000'
08-06 12:42:33.180 12401 12414 I art     : Explicit concurrent mark sweep GC freed 20765(971KB) AllocSpace objects, 0(0B) LOS objects, 25% free, 46MB/62MB, paused 475us total 28.302ms
08-06 12:42:33.191 12401 12414 I art     : Starting a blocking GC Explicit
08-06 12:42:33.219 12401 12414 I art     : Explicit concurrent mark sweep GC freed 20852(971KB) AllocSpace objects, 0(0B) LOS objects, 25% free, 46MB/62MB, paused 572us total 27.970ms
08-06 12:42:33.486 12401 12616 I art     : Starting a blocking GC Explicit
08-06 12:42:33.539 12401 12616 I art     : Explicit concurrent mark sweep GC freed 161013(7MB) AllocSpace objects, 1(20KB) LOS objects, 25% free, 47MB/63MB, paused 574us total 52.807ms
08-06 12:42:33.551 12401 12616 I art     : Starting a blocking GC Explicit
08-06 12:42:33.582 12401 12616 I art     : Explicit concurrent mark sweep GC freed 27419(1283KB) AllocSpace objects, 0(0B) LOS objects, 25% free, 47MB/63MB, paused 533us total 31.457ms
08-06 12:42:33.593 12401 12616 I art     : Starting a blocking GC Explicit
08-06 12:42:33.625 12401 12616 I art     : Explicit concurrent mark sweep GC freed 21429(1015KB) AllocSpace objects, 0(0B) LOS objects, 25% free, 47MB/63MB, paused 535us total 31.464ms
08-06 12:42:33.625 12401 12412 I art     : WaitForGcToComplete blocked for 25.202ms for cause HeapTrim
08-06 12:42:33.635 12401 12616 I art     : Starting a blocking GC Explicit
08-06 12:42:33.667 12401 12616 I art     : Explicit concurrent mark sweep GC freed 22913(1078KB) AllocSpace objects, 0(0B) LOS objects, 25% free, 47MB/63MB, paused 593us total 31.131ms
08-06 12:42:33.678 12401 12616 I art     : Starting a blocking GC Explicit
08-06 12:42:33.709 12401 12616 I art     : Explicit concurrent mark sweep GC freed 22478(1061KB) AllocSpace objects, 0(0B) LOS objects, 24% free, 48MB/64MB, paused 530us total 30.938ms
08-06 12:42:33.809 12401 12615 I Service : getCourses response time: 0.69
08-06 12:42:33.816 12401 12401 I SettingsManager: Getting string: savedCourse
08-06 12:42:33.961 12401 12413 I art     : Starting a blocking GC Explicit
08-06 12:42:34.004 12401 12413 I art     : Explicit concurrent mark sweep GC freed 57756(2MB) AllocSpace objects, 2(15MB) LOS objects, 32% free, 33MB/49MB, paused 149us total 42.732ms
08-06 12:42:34.015 12401 12413 I art     : Starting a blocking GC Explicit
08-06 12:42:34.047 12401 12413 I art     : Explicit concurrent mark sweep GC freed 77(3KB) AllocSpace objects, 0(0B) LOS objects, 32% free, 33MB/49MB, paused 140us total 31.765ms
08-06 12:42:34.059 12401 12413 I art     : Starting a blocking GC Explicit
08-06 12:42:34.091 12401 12413 I art     : Explicit concurrent mark sweep GC freed 3(96B) AllocSpace objects, 0(0B) LOS objects, 32% free, 33MB/49MB, paused 138us total 32.098ms
08-06 12:42:34.103 12401 12413 I art     : Starting a blocking GC Explicit
08-06 12:42:34.138 12401 12413 I art     : Explicit concurrent mark sweep GC freed 3(96B) AllocSpace objects, 0(0B) LOS objects, 32% free, 33MB/49MB, paused 146us total 35.004ms
08-06 12:42:34.150 12401 12413 I art     : Starting a blocking GC Explicit
08-06 12:42:34.185 12401 12413 I art     : Explicit concurrent mark sweep GC freed 3(96B) AllocSpace objects, 0(0B) LOS objects, 32% free, 33MB/49MB, paused 141us total 34.745ms
08-06 12:42:34.331   518   646 I ThermalEngine: ACTION: GPU - Setting GPU[0] to 510000000
08-06 12:42:34.500 12401 12414 I art     : Starting a blocking GC Explicit
08-06 12:42:34.554 12401 12414 I art     : Explicit concurrent mark sweep GC freed 1274(74KB) AllocSpace objects, 1(20KB) LOS objects, 32% free, 33MB/49MB, paused 208us total 54.310ms
08-06 12:42:34.571 12401 12414 I art     : Starting a blocking GC Explicit
08-06 12:42:34.614 12401 12414 I art     : Explicit concurrent mark sweep GC freed 18(624B) AllocSpace objects, 0(0B) LOS objects, 32% free, 33MB/49MB, paused 197us total 42.819ms
08-06 12:42:34.630 12401 12414 I art     : Starting a blocking GC Explicit
08-06 12:42:34.674 12401 12414 I art     : Explicit concurrent mark sweep GC freed 3(96B) AllocSpace objects, 0(0B) LOS objects, 32% free, 33MB/49MB, paused 202us total 43.280ms
08-06 12:42:34.689 12401 12414 I art     : Starting a blocking GC Explicit
08-06 12:42:34.733 12401 12414 I art     : Explicit concurrent mark sweep GC freed 3(96B) AllocSpace objects, 0(0B) LOS objects, 32% free, 33MB/49MB, paused 197us total 42.953ms
08-06 12:42:34.748 12401 12414 I art     : Starting a blocking GC Explicit
08-06 12:42:34.791 12401 12414 I art     : Explicit concurrent mark sweep GC freed 3(96B) AllocSpace objects, 0(0B) LOS objects, 32% free, 33MB/49MB, paused 199us total 42.612ms
08-06 12:42:35.098 12401 12421 I art     : Starting a blocking GC Explicit
08-06 12:42:35.151 12401 12421 I art     : Explicit concurrent mark sweep GC freed 1274(74KB) AllocSpace objects, 1(20KB) LOS objects, 32% free, 33MB/49MB, paused 222us total 53.009ms
08-06 12:42:35.171 12401 12421 I art     : Starting a blocking GC Explicit
08-06 12:42:35.215 12401 12421 I art     : Explicit concurrent mark sweep GC freed 18(624B) AllocSpace objects, 0(0B) LOS objects, 32% free, 33MB/49MB, paused 196us total 43.806ms
08-06 12:42:35.231 12401 12421 I art     : Starting a blocking GC Explicit
08-06 12:42:35.273 12401 12421 I art     : Explicit concurrent mark sweep GC freed 3(96B) AllocSpace objects, 0(0B) LOS objects, 32% free, 33MB/49MB, paused 195us total 42.253ms
08-06 12:42:35.289 12401 12421 I art     : Starting a blocking GC Explicit
08-06 12:42:35.332 12401 12421 I art     : Explicit concurrent mark sweep GC freed 3(96B) AllocSpace objects, 0(0B) LOS objects, 32% free, 33MB/49MB, paused 192us total 42.493ms
08-06 12:42:35.348 12401 12421 I art     : Starting a blocking GC Explicit
08-06 12:42:35.392 12401 12421 I art     : Explicit concurrent mark sweep GC freed 3(96B) AllocSpace objects, 0(0B) LOS objects, 32% free, 33MB/49MB, paused 195us total 44.100ms
08-06 12:42:35.701 12401 12413 I art     : Starting a blocking GC Explicit
08-06 12:42:35.759 12401 12413 I art     : Explicit concurrent mark sweep GC freed 1275(74KB) AllocSpace objects, 1(20KB) LOS objects, 32% free, 33MB/49MB, paused 237us total 57.197ms
08-06 12:42:35.782 12401 12413 I art     : Starting a blocking GC Explicit
08-06 12:42:35.826 12401 12413 I art     : Explicit concurrent mark sweep GC freed 20(720B) AllocSpace objects, 0(0B) LOS objects, 32% free, 33MB/49MB, paused 193us total 44.068ms
08-06 12:42:35.842 12401 12413 I art     : Starting a blocking GC Explicit
08-06 12:42:35.885 12401 12413 I art     : Explicit concurrent mark sweep GC freed 3(96B) AllocSpace objects, 0(0B) LOS objects, 32% free, 33MB/49MB, paused 184us total 42.487ms
08-06 12:42:35.900 12401 12413 I art     : Starting a blocking GC Explicit
08-06 12:42:35.942 12401 12413 I art     : Explicit concurrent mark sweep GC freed 3(96B) AllocSpace objects, 0(0B) LOS objects, 32% free, 33MB/49MB, paused 195us total 42.043ms
08-06 12:42:35.958 12401 12413 I art     : Starting a blocking GC Explicit
08-06 12:42:36.003 12401 12413 I art     : Explicit concurrent mark sweep GC freed 3(96B) AllocSpace objects, 0(0B) LOS objects, 32% free, 33MB/49MB, paused 187us total 43.946ms
08-06 12:42:36.321 12401 12414 I art     : Starting a blocking GC Explicit
08-06 12:42:36.376 12401 12414 I art     : Explicit concurrent mark sweep GC freed 1274(74KB) AllocSpace objects, 1(20KB) LOS objects, 32% free, 33MB/49MB, paused 316us total 54.605ms
08-06 12:42:36.393 12401 12414 I art     : Starting a blocking GC Explicit
08-06 12:42:36.431 12401 12414 I art     : Explicit concurrent mark sweep GC freed 18(624B) AllocSpace objects, 0(0B) LOS objects, 32% free, 33MB/49MB, paused 189us total 38.032ms
08-06 12:42:36.447 12401 12414 I art     : Starting a blocking GC Explicit
08-06 12:42:36.490 12401 12414 I art     : Explicit concurrent mark sweep GC freed 3(96B) AllocSpace objects, 0(0B) LOS objects, 32% free, 33MB/49MB, paused 198us total 42.760ms
08-06 12:42:36.506 12401 12414 I art     : Starting a blocking GC Explicit
08-06 12:42:36.549 12401 12414 I art     : Explicit concurrent mark sweep GC freed 3(96B) AllocSpace objects, 0(0B) LOS objects, 32% free, 33MB/49MB, paused 196us total 43.189ms
08-06 12:42:36.565 12401 12414 I art     : Starting a blocking GC Explicit
08-06 12:42:36.607 12401 12414 I art     : Explicit concurrent mark sweep GC freed 3(96B) AllocSpace objects, 0(0B) LOS objects, 32% free, 33MB/49MB, paused 195us total 41.828ms
08-06 12:42:36.865 12401 12421 I art     : Starting a blocking GC Explicit
08-06 12:42:36.910 12401 12421 I art     : Explicit concurrent mark sweep GC freed 1274(74KB) AllocSpace objects, 1(20KB) LOS objects, 32% free, 33MB/49MB, paused 204us total 44.810ms
08-06 12:42:36.926 12401 12421 I art     : Starting a blocking GC Explicit
08-06 12:42:36.968 12401 12421 I art     : Explicit concurrent mark sweep GC freed 18(624B) AllocSpace objects, 0(0B) LOS objects, 32% free, 33MB/49MB, paused 198us total 41.854ms
08-06 12:42:36.983 12401 12421 I art     : Starting a blocking GC Explicit
08-06 12:42:37.022 12401 12421 I art     : Explicit concurrent mark sweep GC freed 3(96B) AllocSpace objects, 0(0B) LOS objects, 32% free, 33MB/49MB, paused 198us total 38.495ms
08-06 12:42:37.036 12756 12756 D AndroidRuntime: >>>>>> START com.android.internal.os.RuntimeInit uid 2000 <<<<<<
08-06 12:42:37.037 12401 12421 I art     : Starting a blocking GC Explicit
08-06 12:42:37.041 12756 12756 D AndroidRuntime: CheckJNI is OFF
08-06 12:42:37.075 12756 12756 D ICU     : No timezone override file found: /data/misc/zoneinfo/current/icu/icu_tzdata.dat
08-06 12:42:37.078 12401 12421 I art     : Explicit concurrent mark sweep GC freed 3(96B) AllocSpace objects, 0(0B) LOS objects, 32% free, 33MB/49MB, paused 225us total 40.363ms
08-06 12:42:37.093 12401 12421 I art     : Starting a blocking GC Explicit
08-06 12:42:37.111 12756 12756 I Radio-JNI: register_android_hardware_Radio DONE
08-06 12:42:37.131 12401 12421 I art     : Explicit concurrent mark sweep GC freed 3(96B) AllocSpace objects, 0(0B) LOS objects, 32% free, 33MB/49MB, paused 206us total 37.995ms
08-06 12:42:37.132 12756 12756 D AndroidRuntime: Calling main entry com.android.commands.input.Input
08-06 12:42:37.134 12756 12756 I Input   : injectMotionEvent: MotionEvent { action=ACTION_DOWN, actionButton=0, id[0]=0, x[0]=526.0, y[0]=704.0, toolType[0]=TOOL_TYPE_UNKNOWN, buttonState=0, metaState=0, flags=0x0, edgeFlags=0x0, pointerCount=1, historySize=0, eventTime=880973547, downTime=880973547, deviceId=0, source=0x1002 }
08-06 12:42:37.140 12756 12756 I Input   : injectMotionEvent: MotionEvent { action=ACTION_UP, actionButton=0, id[0]=0, x[0]=526.0, y[0]=704.0, toolType[0]=TOOL_TYPE_UNKNOWN, buttonState=0, metaState=0, flags=0x0, edgeFlags=0x0, pointerCount=1, historySize=0, eventTime=880973547, downTime=880973547, deviceId=0, source=0x1002 }
08-06 12:42:37.141 12756 12756 D AndroidRuntime: Shutting down VM
08-06 12:42:37.214   512  2967 D audio_hw_primary: out_set_parameters: enter: usecase(1: low-latency-playback) kvpairs: routing=2
08-06 12:42:37.227   512  2967 D audio_hw_primary: select_devices: out_snd_device(2: speaker) in_snd_device(0: none)
08-06 12:42:37.227   512  2967 D msm8974_platform: platform_send_audio_calibration: sending audio calibration for snd_device(2) acdb_id(15)
08-06 12:42:37.227   512  2967 I soundtrigger: audio_extn_sound_trigger_update_device_status: device 0x2 of type 0 for Event 1
08-06 12:42:37.238   512  2967 D audio_hw_primary: enable_snd_device: snd_device(2: speaker)
08-06 12:42:37.240   512  2967 D audio_hw_primary: enable_audio_route: apply and update mixer path: low-latency-playback speaker
08-06 12:42:37.373 12401 12414 I art     : Starting a blocking GC Explicit
08-06 12:42:37.418 12401 12414 I art     : Explicit concurrent mark sweep GC freed 2049(133KB) AllocSpace objects, 2(40KB) LOS objects, 32% free, 33MB/49MB, paused 192us total 44.195ms
08-06 12:42:37.435 12401 12414 I art     : Starting a blocking GC Explicit
08-06 12:42:37.478 12401 12414 I art     : Explicit concurrent mark sweep GC freed 148(6KB) AllocSpace objects, 0(0B) LOS objects, 32% free, 33MB/49MB, paused 222us total 42.805ms
08-06 12:42:37.494 12401 12414 I art     : Starting a blocking GC Explicit
08-06 12:42:37.536 12401 12414 I art     : Explicit concurrent mark sweep GC freed 3(96B) AllocSpace objects, 0(0B) LOS objects, 32% free, 33MB/49MB, paused 179us total 42.210ms
08-06 12:42:37.553 12401 12414 I art     : Starting a blocking GC Explicit
08-06 12:42:37.596 12401 12414 I art     : Explicit concurrent mark sweep GC freed 3(96B) AllocSpace objects, 0(0B) LOS objects, 32% free, 33MB/49MB, paused 177us total 42.629ms
08-06 12:42:37.612 12401 12414 I art     : Starting a blocking GC Explicit
08-06 12:42:37.655 12401 12414 I art     : Explicit concurrent mark sweep GC freed 9(320B) AllocSpace objects, 0(0B) LOS objects, 32% free, 33MB/49MB, paused 204us total 42.453ms
08-06 12:42:37.779   512  2967 D audio_hw_primary: disable_audio_route: reset and update mixer path: low-latency-playback speaker
08-06 12:42:37.780   512  2967 D audio_hw_primary: disable_snd_device: snd_device(2: speaker)
08-06 12:42:37.790   512  2967 I soundtrigger: audio_extn_sound_trigger_update_device_status: device 0x2 of type 0 for Event 0
08-06 12:42:37.948 12401 12616 I art     : Starting a blocking GC Explicit
08-06 12:42:37.999 12401 12616 I art     : Explicit concurrent mark sweep GC freed 1327(77KB) AllocSpace objects, 1(20KB) LOS objects, 32% free, 33MB/49MB, paused 206us total 50.668ms
08-06 12:42:38.018 12401 12616 I art     : Starting a blocking GC Explicit
08-06 12:42:38.067 12401 12616 I art     : Explicit concurrent mark sweep GC freed 20(688B) AllocSpace objects, 0(0B) LOS objects, 32% free, 33MB/49MB, paused 197us total 48.939ms
08-06 12:42:38.082 12401 12616 I art     : Starting a blocking GC Explicit
08-06 12:42:38.124 12401 12616 I art     : Explicit concurrent mark sweep GC freed 5(160B) AllocSpace objects, 0(0B) LOS objects, 32% free, 33MB/49MB, paused 208us total 41.254ms
08-06 12:42:38.139 12401 12616 I art     : Starting a blocking GC Explicit
08-06 12:42:38.182 12401 12616 I art     : Explicit concurrent mark sweep GC freed 3(96B) AllocSpace objects, 0(0B) LOS objects, 32% free, 33MB/49MB, paused 216us total 42.645ms
08-06 12:42:38.198 12401 12616 I art     : Starting a blocking GC Explicit
08-06 12:42:38.241 12401 12616 I art     : Explicit concurrent mark sweep GC freed 3(96B) AllocSpace objects, 0(0B) LOS objects, 32% free, 33MB/49MB, paused 201us total 42.834ms
08-06 12:42:38.508 12401 12413 I art     : Starting a blocking GC Explicit
08-06 12:42:38.552 12401 12413 I art     : Explicit concurrent mark sweep GC freed 1280(75KB) AllocSpace objects, 1(20KB) LOS objects, 32% free, 33MB/49MB, paused 203us total 44.437ms
08-06 12:42:38.569 12401 12413 I art     : Starting a blocking GC Explicit
08-06 12:42:38.611 12401 12413 I art     : Explicit concurrent mark sweep GC freed 18(624B) AllocSpace objects, 0(0B) LOS objects, 32% free, 33MB/49MB, paused 199us total 42.363ms
08-06 12:42:38.626 12401 12413 I art     : Starting a blocking GC Explicit
08-06 12:42:38.667 12401 12413 I art     : Explicit concurrent mark sweep GC freed 3(96B) AllocSpace objects, 0(0B) LOS objects, 32% free, 33MB/49MB, paused 205us total 40.769ms
08-06 12:42:38.683 12401 12413 I art     : Starting a blocking GC Explicit
08-06 12:42:38.724 12401 12413 I art     : Explicit concurrent mark sweep GC freed 3(96B) AllocSpace objects, 0(0B) LOS objects, 32% free, 33MB/49MB, paused 185us total 41.202ms
08-06 12:42:38.739 12401 12413 I art     : Starting a blocking GC Explicit
08-06 12:42:38.782 12401 12413 I art     : Explicit concurrent mark sweep GC freed 3(96B) AllocSpace objects, 0(0B) LOS objects, 32% free, 33MB/49MB, paused 188us total 42.176ms
08-06 12:42:38.825 12801 12801 D AndroidRuntime: >>>>>> START com.android.internal.os.RuntimeInit uid 2000 <<<<<<
08-06 12:42:38.830 12801 12801 D AndroidRuntime: CheckJNI is OFF
08-06 12:42:38.863 12801 12801 D ICU     : No timezone override file found: /data/misc/zoneinfo/current/icu/icu_tzdata.dat
08-06 12:42:38.904 12801 12801 I Radio-JNI: register_android_hardware_Radio DONE
08-06 12:42:38.930 12801 12801 D AndroidRuntime: Calling main entry com.android.commands.input.Input
08-06 12:42:38.933 12801 12801 I Input   : injectMotionEvent: MotionEvent { action=ACTION_DOWN, actionButton=0, id[0]=0, x[0]=1197.0, y[0]=1456.0, toolType[0]=TOOL_TYPE_UNKNOWN, buttonState=0, metaState=0, flags=0x0, edgeFlags=0x0, pointerCount=1, historySize=0, eventTime=880975345, downTime=880975345, deviceId=0, source=0x1002 }
08-06 12:42:38.942 12801 12801 I Input   : injectMotionEvent: MotionEvent { action=ACTION_UP, actionButton=0, id[0]=0, x[0]=1197.0, y[0]=1456.0, toolType[0]=TOOL_TYPE_UNKNOWN, buttonState=0, metaState=0, flags=0x0, edgeFlags=0x0, pointerCount=1, historySize=0, eventTime=880975345, downTime=880975345, deviceId=0, source=0x1002 }
08-06 12:42:38.943 12801 12801 D AndroidRuntime: Shutting down VM
08-06 12:42:38.960   512  2967 D audio_hw_primary: out_set_parameters: enter: usecase(1: low-latency-playback) kvpairs: routing=2
08-06 12:42:38.973   512  2967 D audio_hw_primary: select_devices: out_snd_device(2: speaker) in_snd_device(0: none)
08-06 12:42:38.973   512  2967 D msm8974_platform: platform_send_audio_calibration: sending audio calibration for snd_device(2) acdb_id(15)
08-06 12:42:38.973   512  2967 I soundtrigger: audio_extn_sound_trigger_update_device_status: device 0x2 of type 0 for Event 1
08-06 12:42:38.983   512  2967 D audio_hw_primary: enable_snd_device: snd_device(2: speaker)
08-06 12:42:38.986   512  2967 D audio_hw_primary: enable_audio_route: apply and update mixer path: low-latency-playback speaker
08-06 12:42:39.012 12401 12417 D OpenGLRenderer: endAllStagingAnimators on 0x7f811ed800 (RippleDrawable) with handle 0x7f80491cc0
08-06 12:42:39.020 12401 12401 I SettingsManager: Setting string: savedCourse
08-06 12:42:39.025   918  6110 W BackupManagerService: dataChanged but no participant pkg='baseline.com.ak.uobtimetable' uid=10710
08-06 12:42:39.026   918  3670 I ActivityManager: START u0 {flg=0x4000000 cmp=baseline.com.ak.uobtimetable/.MainActivity (has extras)} from uid 10710 on display 0
08-06 12:42:39.040   918  3961 W InputMethodManagerService: Focus gain on non-focused client com.android.internal.view.IInputMethodClient$Stub$Proxy@737158c (uid=10710 pid=12401)
08-06 12:42:39.048 12401 12401 D MainActivity: OnDestroy
08-06 12:42:39.050 12401 12414 I art     : Starting a blocking GC Explicit
08-06 12:42:39.069 12401 12401 D MainActivity: onCreate
08-06 12:42:39.069 12401 12401 I SettingsManager: Getting string: savedSessions
08-06 12:42:39.069 12401 12401 I Settings: No saved sessions
08-06 12:42:39.094 12401 12414 I art     : Explicit concurrent mark sweep GC freed 4736(253KB) AllocSpace objects, 2(40KB) LOS objects, 31% free, 34MB/50MB, paused 318us total 44.003ms
08-06 12:42:39.101 12401 12401 I SettingsManager: Getting string: savedCourse
08-06 12:42:39.102 12401 12401 D MainActivity: sessionListFragmentArg: updateSessions
08-06 12:42:39.102 12401 12401 D MainActivity: showTermDatesConfigChange: false
08-06 12:42:39.102 12401 12401 D MainActivity: showTermDatesShortcut: false
08-06 12:42:39.104 12401 12401 D MainActivity: Setting initial fragment: SessionListsFragment
08-06 12:42:39.107 12401 12401 I SettingsManager: Getting int: launchCount
08-06 12:42:39.110 12401 12414 I art     : Starting a blocking GC Explicit
08-06 12:42:39.113 12401 12401 D SessionListsFragment: onCreateView
08-06 12:42:39.124 12401 12401 I SettingsManager: Getting string: savedCourse
08-06 12:42:39.128 12401 12401 I SettingsManager: Getting string: savedSessions
08-06 12:42:39.128 12401 12401 D SessionListsFragment: loadArgument: updateSessions
08-06 12:42:39.128 12401 12401 D SessionListsFragment: initialIndex: -1
08-06 12:42:39.131 12401 12834 D HTTP    : Request for: https://uob-timetable-api.adriankeenan.co.uk/sessions?dept=BD002&course=CFIEFAAF%2F02AA%2F0%2FFT&level=ALL+Courses
08-06 12:42:39.132 12401 12401 I WebViewFactory: Loading com.google.android.webview version 84.0.4147.89 (code 414708953)
08-06 12:42:39.156 12401 12414 I art     : Explicit concurrent mark sweep GC freed 6868(415KB) AllocSpace objects, 4(1436KB) LOS objects, 32% free, 33MB/49MB, paused 512us total 46.353ms
08-06 12:42:39.175 12401 12414 I art     : Starting a blocking GC Explicit
08-06 12:42:39.213 12401 12401 I cr_LibraryLoader: Loaded native library version number "84.0.4147.89"
08-06 12:42:39.215 12401 12401 I cr_CachingUmaRecorder: Flushed 5 samples from 5 histograms.
08-06 12:42:39.219 12401 12414 I art     : Explicit concurrent mark sweep GC freed 3877(350KB) AllocSpace objects, 2(40KB) LOS objects, 31% free, 34MB/50MB, paused 754us total 44.458ms
08-06 12:42:39.234 12401 12414 I art     : Starting a blocking GC Explicit
08-06 12:42:39.250 12401 12401 E chromium: [ERROR:filesystem_posix.cc(62)] mkdir /data/user/0/baseline.com.ak.uobtimetable/cache/WebView/Crashpad: No such file or directory (2)
08-06 12:42:39.278 12401 12414 I art     : Explicit concurrent mark sweep GC freed 1690(184KB) AllocSpace objects, 0(0B) LOS objects, 31% free, 34MB/50MB, paused 820us total 43.493ms
08-06 12:42:39.299 12401 12414 I art     : Starting a blocking GC Explicit
08-06 12:42:39.340   918  3359 D ConnectivityService: listenForNetwork for Listen from uid/pid:10710/12401 for NetworkRequest [ id=3973, legacyType=-1, [ Capabilities: INTERNET&NOT_RESTRICTED&TRUSTED] ]
08-06 12:42:39.352 12401 12414 I art     : Explicit concurrent mark sweep GC freed 3305(210KB) AllocSpace objects, 2(120KB) LOS objects, 31% free, 35MB/51MB, paused 877us total 52.835ms
08-06 12:42:39.367 12401 12834 I NAPPA_EXPERIMENTATION: MetricNetworkRequestExecutionTime: REQUEST_DURATION_SYSTEM='234',REQUEST_DURATION_OKHTTP='35',REQUEST_SYNCHRONOUS='TRUE',RESPONSE_CODE='200',RESPONSE_METHOD='GET',RESPONSE_LENGTH_OKHTTP='-1',RESPONSE_LENGTH_HEADER='867',REQUEST_PROTOCOL='http/1.1',REQUEST_URL='https://uob-timetable-api.adriankeenan.co.uk/sessions?dept=BD002&course=CFIEFAAF%2F02AA%2F0%2FFT&level=ALL+Courses',
08-06 12:42:39.380 12401 12851 W cr_media: Requires BLUETOOTH permission
08-06 12:42:39.390 12401 12864 E libEGL  : validate_display:255 error 3008 (EGL_BAD_DISPLAY)
08-06 12:42:39.393 12401 12401 D TermDatesFragment: WebView loaded
08-06 12:42:39.394 12401 12401 D MainActivity: OnResume
08-06 12:42:39.411 12401 12834 I HTTP    : Response was compressed.
08-06 12:42:39.429 12401 12834 I Service : getSessions response time: 1.12
08-06 12:42:39.482 12401 12401 I TermDatesFragment: Webview load %: 10
08-06 12:42:39.511 12401 12401 I SettingsManager: Getting string: savedSessions
08-06 12:42:39.514   918   936 I ActivityManager: Displayed baseline.com.ak.uobtimetable/.MainActivity: +470ms
08-06 12:42:39.518   512  2967 D audio_hw_primary: disable_audio_route: reset and update mixer path: low-latency-playback speaker
08-06 12:42:39.519   512  2967 D audio_hw_primary: disable_snd_device: snd_device(2: speaker)
08-06 12:42:39.520 12401 12401 I SettingsManager: Setting string: savedSessions
08-06 12:42:39.527   512  2967 I soundtrigger: audio_extn_sound_trigger_update_device_status: device 0x2 of type 0 for Event 0
08-06 12:42:39.527   918  4400 W BackupManagerService: dataChanged but no participant pkg='baseline.com.ak.uobtimetable' uid=10710
08-06 12:42:39.527 12401 12401 I SettingsManager: Setting date: savedSessionsTime
08-06 12:42:39.534   918  3696 W BackupManagerService: dataChanged but no participant pkg='baseline.com.ak.uobtimetable' uid=10710
08-06 12:42:39.534 12401 12401 I SettingsManager: Setting string: savedSessionsCourseName
08-06 12:42:39.539   918  5132 W BackupManagerService: dataChanged but no participant pkg='baseline.com.ak.uobtimetable' uid=10710
08-06 12:42:39.539 12401 12401 I SettingsManager: Setting string: savedSessionsDateRange
08-06 12:42:39.544   918  6112 W BackupManagerService: dataChanged but no participant pkg='baseline.com.ak.uobtimetable' uid=10710
08-06 12:42:39.544 12401 12401 I SettingsManager: Setting string: timetableUrl
08-06 12:42:39.549   918  3359 W BackupManagerService: dataChanged but no participant pkg='baseline.com.ak.uobtimetable' uid=10710
08-06 12:42:39.549 12401 12401 I SettingsManager: Getting boolean: notifySessionRemindersEnabled
08-06 12:42:39.549 12401 12401 I SettingsManager: Getting int: notifySessionRemindersMinutes
08-06 12:42:39.549 12401 12401 I SettingsManager: Getting boolean: showHiddenSessions
08-06 12:42:39.577 12401 12401 I SessionReminderNotifier: Created session reminder alarm for f7b4771250a919bd729c1c5a4a459c77 at Mon 08:30:00 10/08/20
08-06 12:42:39.579 12401 12401 I SessionReminderNotifier: Created session reminder alarm for a7f879aabdeb78622c8820a5fb7b64cd at Tue 08:30:00 11/08/20
08-06 12:42:39.580 12401 12401 I SessionReminderNotifier: Created session reminder alarm for 7bc8d7e2c2055711f597c3d9078c6ea3 at Tue 08:30:00 11/08/20
08-06 12:42:39.581 12401 12401 I SessionReminderNotifier: Created session reminder alarm for e0fc978b5db8218778540b4053344581 at Tue 11:00:00 11/08/20
08-06 12:42:39.582 12401 12401 I SessionReminderNotifier: Created session reminder alarm for 21712fef61090882c855a1425543edb5 at Tue 13:30:00 11/08/20
08-06 12:42:39.583 12401 12401 I SessionReminderNotifier: Created session reminder alarm for 65ca4d97f031f29a4d02bbb45a705d8f at Wed 08:30:00 12/08/20
08-06 12:42:39.584 12401 12401 I SessionReminderNotifier: Created session reminder alarm for eeda7741b0bcab58fd9f46dc6ef1d942 at Wed 08:30:00 12/08/20
08-06 12:42:39.585 12401 12401 I SessionReminderNotifier: Created session reminder alarm for c276c1b2075a0beb67f1b3d1e580f920 at Wed 11:00:00 12/08/20
08-06 12:42:39.586 12401 12401 I SessionReminderNotifier: Created session reminder alarm for 79fe0b5c3b887a13ba29db5a33fa2800 at Thu 08:30:00 13/08/20
08-06 12:42:39.587 12401 12401 I SessionReminderNotifier: Created session reminder alarm for 2ba1034116e4fffdd592dbf0796a43d5 at Fri 08:30:00 07/08/20
08-06 12:42:39.587 12401 12401 I SettingsManager: Getting boolean: showHiddenSessions
08-06 12:42:39.589 12401 12401 D SessionListsFragment: 1 sessions for day 0
08-06 12:42:39.589 12401 12401 D SessionListsFragment: 4 sessions for day 1
08-06 12:42:39.589 12401 12401 D SessionListsFragment: 3 sessions for day 2
08-06 12:42:39.589 12401 12401 D SessionListsFragment: 1 sessions for day 3
08-06 12:42:39.589 12401 12401 D SessionListsFragment: 1 sessions for day 4
08-06 12:42:39.622 12401 12616 I art     : Starting a blocking GC Explicit
08-06 12:42:39.633 12401 12401 I SettingsManager: Getting boolean: showHiddenSessions
08-06 12:42:39.634 12401 12401 D SessionListsFragment: Refreshed ViewPager
08-06 12:42:39.634 12401 12401 I SettingsManager: Getting boolean: showHiddenSessions
08-06 12:42:39.635 12401 12401 I SettingsManager: Getting boolean: completedTutorial
08-06 12:42:39.649 12401 12401 I SettingsManager: Getting boolean: showHiddenSessions
08-06 12:42:39.649 12401 12401 I SettingsManager: Getting date: savedSessionsTime
08-06 12:42:39.659 13866 13866 I GoogleInputMethodServic: GoogleInputMethodService.onFinishInput():3138 
08-06 12:42:39.660 13866 13866 I GoogleInputMethodServic: GoogleInputMethodService.onStartInput():1808 
08-06 12:42:39.682 12401 12616 I art     : Explicit concurrent mark sweep GC freed 30637(1805KB) AllocSpace objects, 9(320KB) LOS objects, 30% free, 36MB/52MB, paused 1.645ms total 59.761ms
08-06 12:42:39.699 12401 12616 I art     : Starting a blocking GC Explicit
08-06 12:42:39.750 12401 12616 I art     : Explicit concurrent mark sweep GC freed 31210(1446KB) AllocSpace objects, 1(80KB) LOS objects, 30% free, 36MB/52MB, paused 769us total 50.337ms
08-06 12:42:39.765 12401 12616 I art     : Starting a blocking GC Explicit
08-06 12:42:39.817 12401 12616 I art     : Explicit concurrent mark sweep GC freed 30731(1260KB) AllocSpace objects, 0(0B) LOS objects, 30% free, 36MB/52MB, paused 819us total 52.068ms
08-06 12:42:39.834 12401 12616 I art     : Starting a blocking GC Explicit
08-06 12:42:39.888 12401 12616 I art     : Explicit concurrent mark sweep GC freed 29226(1210KB) AllocSpace objects, 0(0B) LOS objects, 30% free, 36MB/52MB, paused 927us total 53.870ms
08-06 12:42:39.904 12401 12616 I art     : Starting a blocking GC Explicit
08-06 12:42:39.958 12401 12616 I art     : Explicit concurrent mark sweep GC freed 28088(1169KB) AllocSpace objects, 0(0B) LOS objects, 30% free, 36MB/52MB, paused 868us total 54.506ms
08-06 12:42:40.175 12401 12401 I Choreographer: Skipped 30 frames!  The application may be doing too much work on its main thread.
08-06 12:42:40.235 12401 12401 I TermDatesFragment: Webview load %: 70
08-06 12:42:40.244 12401 12413 I art     : Starting a blocking GC Explicit
08-06 12:42:40.270 12401 12401 I TermDatesFragment: Webview load %: 100
08-06 12:42:40.270 12401 12401 I TermDatesFragment: Webview load %: 100
08-06 12:42:40.323 12401 12413 I art     : Explicit concurrent mark sweep GC freed 67036(2MB) AllocSpace objects, 1(20KB) LOS objects, 30% free, 36MB/52MB, paused 434us total 78.272ms
08-06 12:42:40.340 12401 12413 I art     : Starting a blocking GC Explicit
08-06 12:42:40.394 12401 12413 I art     : Explicit concurrent mark sweep GC freed 1681(154KB) AllocSpace objects, 0(0B) LOS objects, 30% free, 36MB/52MB, paused 588us total 53.694ms
08-06 12:42:40.417 12401 12413 I art     : Starting a blocking GC Explicit
08-06 12:42:40.467 12401 12413 I art     : Explicit concurrent mark sweep GC freed 135(6KB) AllocSpace objects, 0(0B) LOS objects, 30% free, 36MB/52MB, paused 280us total 49.881ms
08-06 12:42:40.485 12401 12413 I art     : Starting a blocking GC Explicit
08-06 12:42:40.526 12401 12413 I art     : Explicit concurrent mark sweep GC freed 121609(11MB) AllocSpace objects, 3(136KB) LOS objects, 38% free, 25MB/41MB, paused 280us total 40.554ms
08-06 12:42:40.536 12401 12413 I art     : Starting a blocking GC Explicit
08-06 12:42:40.564 12401 12413 I art     : Explicit concurrent mark sweep GC freed 3(96B) AllocSpace objects, 0(0B) LOS objects, 38% free, 25MB/41MB, paused 303us total 27.371ms
08-06 12:42:40.885 12401 12421 I art     : Starting a blocking GC Explicit
08-06 12:42:40.923 12401 12421 I art     : Explicit concurrent mark sweep GC freed 1293(75KB) AllocSpace objects, 1(20KB) LOS objects, 38% free, 25MB/41MB, paused 348us total 37.901ms
08-06 12:42:40.938 12401 12421 I art     : Starting a blocking GC Explicit
08-06 12:42:40.968 12401 12421 I art     : Explicit concurrent mark sweep GC freed 18(624B) AllocSpace objects, 0(0B) LOS objects, 38% free, 25MB/41MB, paused 322us total 30.603ms
08-06 12:42:40.980 12401 12421 I art     : Starting a blocking GC Explicit
08-06 12:42:41.010 12401 12421 I art     : Explicit concurrent mark sweep GC freed 3(96B) AllocSpace objects, 0(0B) LOS objects, 38% free, 25MB/41MB, paused 311us total 29.376ms
08-06 12:42:41.022 12401 12421 I art     : Starting a blocking GC Explicit
08-06 12:42:41.051 12401 12421 I art     : Explicit concurrent mark sweep GC freed 4(160B) AllocSpace objects, 0(0B) LOS objects, 38% free, 25MB/41MB, paused 305us total 28.813ms
08-06 12:42:41.062 12401 12421 I art     : Starting a blocking GC Explicit
08-06 12:42:41.092 12401 12421 I art     : Explicit concurrent mark sweep GC freed 3(96B) AllocSpace objects, 0(0B) LOS objects, 38% free, 25MB/41MB, paused 308us total 29.931ms
08-06 12:42:41.348   518   646 I ThermalEngine: ACTION: GPU - Setting GPU[0] to 450000000
08-06 12:42:41.445 12401 12616 I art     : Starting a blocking GC Explicit
08-06 12:42:41.499 12401 12616 I art     : Explicit concurrent mark sweep GC freed 1442(80KB) AllocSpace objects, 1(20KB) LOS objects, 38% free, 25MB/41MB, paused 496us total 53.716ms
08-06 12:42:41.518 12401 12616 I art     : Starting a blocking GC Explicit
08-06 12:42:41.529   918  3261 D WifiStateMachine: starting scan for "H369AA63323"WPA_PSK with 2412,5180
08-06 12:42:41.558 12401 12616 I art     : Explicit concurrent mark sweep GC freed 21(768B) AllocSpace objects, 0(0B) LOS objects, 38% free, 25MB/41MB, paused 402us total 39.879ms
08-06 12:42:41.572 12401 12616 I art     : Starting a blocking GC Explicit
08-06 12:42:41.608 12401 12616 I art     : Explicit concurrent mark sweep GC freed 3(96B) AllocSpace objects, 0(0B) LOS objects, 38% free, 25MB/41MB, paused 453us total 35.337ms
08-06 12:42:41.622 12401 12616 I art     : Starting a blocking GC Explicit
08-06 12:42:41.658 12401 12616 I art     : Explicit concurrent mark sweep GC freed 3(96B) AllocSpace objects, 0(0B) LOS objects, 38% free, 25MB/41MB, paused 408us total 35.394ms
08-06 12:42:41.673 12401 12616 I art     : Starting a blocking GC Explicit
08-06 12:42:41.713 12401 12616 I art     : Explicit concurrent mark sweep GC freed 3(96B) AllocSpace objects, 0(0B) LOS objects, 38% free, 25MB/41MB, paused 426us total 40.335ms
08-06 12:42:42.065 12401 12413 I art     : Starting a blocking GC Explicit
08-06 12:42:42.101 12401 12413 I art     : Explicit concurrent mark sweep GC freed 1323(76KB) AllocSpace objects, 1(20KB) LOS objects, 38% free, 25MB/41MB, paused 417us total 35.783ms
08-06 12:42:42.119 12401 12413 I art     : Starting a blocking GC Explicit
08-06 12:42:42.156 12401 12413 I art     : Explicit concurrent mark sweep GC freed 18(624B) AllocSpace objects, 0(0B) LOS objects, 38% free, 25MB/41MB, paused 409us total 37.321ms
08-06 12:42:42.171 12401 12413 I art     : Starting a blocking GC Explicit
08-06 12:42:42.209 12401 12413 I art     : Explicit concurrent mark sweep GC freed 3(96B) AllocSpace objects, 0(0B) LOS objects, 38% free, 25MB/41MB, paused 387us total 37.352ms
08-06 12:42:42.223 12401 12413 I art     : Starting a blocking GC Explicit
08-06 12:42:42.263 12401 12413 I art     : Explicit concurrent mark sweep GC freed 3(96B) AllocSpace objects, 0(0B) LOS objects, 38% free, 25MB/41MB, paused 428us total 39.331ms
08-06 12:42:42.278 12401 12413 I art     : Starting a blocking GC Explicit
08-06 12:42:42.317 12401 12413 I art     : Explicit concurrent mark sweep GC freed 3(96B) AllocSpace objects, 0(0B) LOS objects, 38% free, 25MB/41MB, paused 505us total 39.287ms
08-06 12:42:42.664 12401 12414 I art     : Starting a blocking GC Explicit
08-06 12:42:42.712 12401 12414 I art     : Explicit concurrent mark sweep GC freed 1293(75KB) AllocSpace objects, 1(20KB) LOS objects, 38% free, 25MB/41MB, paused 514us total 48.494ms
08-06 12:42:42.727 12401 12414 I art     : Starting a blocking GC Explicit
08-06 12:42:42.729 12162 12162 I Finsky  : [1] xow.onStartJob(3): SCH: onJobSchedulerWakeup with jobId 9008
08-06 12:42:42.740 12162 12162 I Finsky  : [1] xjw.a(9): Scheduling fallback in 43199998 (absolute: 1907566612)
08-06 12:42:42.743 12162 12162 I Finsky  : [1] xjw.a(9): Scheduling fallback in 64799998 (absolute: 1929166615)
08-06 12:42:42.748 12162 12162 I Finsky  : [1] xow.onStartJob(3): SCH: onJobSchedulerWakeup with jobId 9002
08-06 12:42:42.758 12162 12162 I Finsky  : [1] xjw.a(9): Scheduling fallback in 43199997 (absolute: 1907566624)
08-06 12:42:42.760 12401 12414 I art     : Explicit concurrent mark sweep GC freed 18(624B) AllocSpace objects, 0(0B) LOS objects, 38% free, 25MB/41MB, paused 373us total 32.735ms
08-06 12:42:42.761 12162 12162 I Finsky  : [1] xjw.a(9): Scheduling fallback in 64799998 (absolute: 1929166633)
08-06 12:42:42.764 12162 12162 W Finsky  : [1] xow.onStartJob(9): SCH: onJobSchedulerWakeup while already running
08-06 12:42:42.773 12401 12414 I art     : Starting a blocking GC Explicit
08-06 12:42:42.811 12401 12414 I art     : Explicit concurrent mark sweep GC freed 3(96B) AllocSpace objects, 0(0B) LOS objects, 38% free, 25MB/41MB, paused 421us total 37.877ms
08-06 12:42:42.819 12162 12162 I Finsky  : [1] xkf.handleMessage(8): SCH: DeviceState: DeviceState{currentTime=1596710562813, isCharging=false, isIdle=false, netAny=true, netNotRoaming=true, netUnmetered=true, batteryPercent=100.0}
08-06 12:42:42.825 12401 12414 I art     : Starting a blocking GC Explicit
08-06 12:42:42.830 12162 12360 I Finsky  : [6467] xmu.a(8): SCH: Jobs in database: 1-1337 3-225 3-226 12-1 24-77777777 26-1414141414 
08-06 12:42:42.838 12162 12162 I Finsky  : [1] xkg.a(16): SCH: Running job: 12-1
08-06 12:42:42.839 12162 12162 I Finsky  : [1] ContentSyncJob.a(16): [ContentSync] job started
08-06 12:42:42.840 12162 12162 I Finsky  : [1] xkf.handleMessage(61): SCH: RunningQueue size: 1, PendingQueue size: 0
08-06 12:42:42.840 12162 12162 I Finsky  : [1] xkf.handleMessage(64): SCH: Running queue: 12-1 
08-06 12:42:42.860 12401 12414 I art     : Explicit concurrent mark sweep GC freed 3(96B) AllocSpace objects, 0(0B) LOS objects, 38% free, 25MB/41MB, paused 386us total 34.912ms
08-06 12:42:42.874 12401 12414 I art     : Starting a blocking GC Explicit
08-06 12:42:42.908 12401 12414 I art     : Explicit concurrent mark sweep GC freed 3(96B) AllocSpace objects, 0(0B) LOS objects, 38% free, 25MB/41MB, paused 383us total 33.308ms
08-06 12:42:42.915 12162 12393 I Finsky  : [6474] dzn.a(22): Completed 0 account content syncs with 0 successful.
08-06 12:42:42.916 12162 12162 I Finsky  : [1] ContentSyncJob.a(1): [ContentSync] Installation state replication succeeded.
08-06 12:42:42.917 12162 12162 I Finsky  : [1] xlr.a(13): SCH: jobFinished: 12-1. TimeElapsed: 78ms.
08-06 12:42:42.917 12162 12162 I Finsky  : [1] xkg.a(36): SCH: Job 12-1 finished. Not rescheduling.
08-06 12:42:42.918 12162 12162 I Finsky  : [1] xkf.handleMessage(61): SCH: RunningQueue size: 0, PendingQueue size: 0
08-06 12:42:42.918 12162 12162 I Finsky  : [1] xkf.handleMessage(25): Executor finished
08-06 12:42:42.934 12162 12162 I Finsky  : [1] xmu.a(8): SCH: Jobs in database: 1-1337 3-225 3-226 24-77777777 26-1414141414 
08-06 12:42:42.936 12162 12162 I Finsky  : [1] xio.a(57): SCH: ConstraintMapping: 24-77777777,  -> L: 0ms, D: 30447991ms, C: false, I: true, N: 0
08-06 12:42:42.936 12162 12162 I Finsky  : [1] xio.a(57): SCH: ConstraintMapping: 1-1337,  -> L: 15595835ms, D: 33789977ms, C: false, I: false, N: 1
08-06 12:42:42.937 12162 12162 I Finsky  : [1] xio.a(57): SCH: ConstraintMapping: 3-225,  -> L: 0ms, D: 73573920ms, C: false, I: true, N: 2
08-06 12:42:42.937 12162 12162 I Finsky  : [1] xio.a(57): SCH: ConstraintMapping: 3-226,  -> L: 0ms, D: 73573963ms, C: true, I: true, N: 2
08-06 12:42:42.938 12162 12162 I Finsky  : [1] xio.a(57): SCH: ConstraintMapping: 26-1414141414,  -> L: 38571364ms, D: 39471364ms, C: false, I: false, N: 0
08-06 12:42:42.949 12162 12162 I Finsky  : [1] xle.a(34): Cancelling existing jobscheduler jobs: 9009 9019 9010 9005 9001 9006 9003 9004 
08-06 12:42:42.950 12162 12162 I Finsky  : [1] xle.a(10): Throttling wakeup for job 9000 (expected to run in 0 ms) due to recent wakeup
08-06 12:42:42.950 12162 12162 I Finsky  : [1] xle.a(27): Scheduling job Id: 9000, L: 30000, D: 30447991, C: false, I: true, N: 0
08-06 12:42:42.952 12162 12162 I Finsky  : [1] xle.a(27): Scheduling job Id: 9002, L: 15595835, D: 33789977, C: false, I: false, N: 1
08-06 12:42:42.954 12162 12162 I Finsky  : [1] xle.a(10): Throttling wakeup for job 9007 (expected to run in 0 ms) due to recent wakeup
08-06 12:42:42.954 12162 12162 I Finsky  : [1] xle.a(27): Scheduling job Id: 9007, L: 30000, D: 73573920, C: false, I: true, N: 2
08-06 12:42:42.955 12162 12162 I Finsky  : [1] xle.a(10): Throttling wakeup for job 9011 (expected to run in 0 ms) due to recent wakeup
08-06 12:42:42.956 12162 12162 I Finsky  : [1] xle.a(27): Scheduling job Id: 9011, L: 30000, D: 73573963, C: true, I: true, N: 2
08-06 12:42:42.958 12162 12162 I Finsky  : [1] xle.a(27): Scheduling job Id: 9012, L: 38571364, D: 39471364, C: false, I: false, N: 0
08-06 12:42:42.959 12162 12162 I Finsky  : [1] xle.a(10): Throttling wakeup for job 9013 (expected to run in 0 ms) due to recent wakeup
08-06 12:42:42.960 12162 12162 I Finsky  : [1] xle.a(27): Scheduling job Id: 9013, L: 30000, D: 30447991, C: false, I: true, N: 0
08-06 12:42:42.961 12162 12162 I Finsky  : [1] xle.a(27): Scheduling job Id: 9014, L: 15595835, D: 33789977, C: false, I: false, N: 1
08-06 12:42:42.963 12162 12162 I Finsky  : [1] xle.a(10): Throttling wakeup for job 9015 (expected to run in 0 ms) due to recent wakeup
08-06 12:42:42.963 12162 12162 I Finsky  : [1] xle.a(27): Scheduling job Id: 9015, L: 30000, D: 73573920, C: false, I: true, N: 2
08-06 12:42:42.965 12162 12162 I Finsky  : [1] xle.a(10): Throttling wakeup for job 9016 (expected to run in 0 ms) due to recent wakeup
08-06 12:42:42.965 12162 12162 I Finsky  : [1] xle.a(27): Scheduling job Id: 9016, L: 30000, D: 73573963, C: true, I: true, N: 2
08-06 12:42:42.967 12162 12162 I Finsky  : [1] xle.a(27): Scheduling job Id: 9017, L: 38571364, D: 39471364, C: false, I: false, N: 0
08-06 12:42:43.229 12401 12616 I art     : Starting a blocking GC Explicit
08-06 12:42:43.276 12401 12616 I art     : Explicit concurrent mark sweep GC freed 1311(76KB) AllocSpace objects, 1(20KB) LOS objects, 38% free, 25MB/41MB, paused 692us total 47.253ms
08-06 12:42:43.295 12401 12616 I art     : Starting a blocking GC Explicit
08-06 12:42:43.339 12401 12616 I art     : Explicit concurrent mark sweep GC freed 18(624B) AllocSpace objects, 0(0B) LOS objects, 38% free, 25MB/41MB, paused 501us total 43.407ms
08-06 12:42:43.348   518   646 I ThermalEngine: ACTION: GPU - Setting GPU[0] to 510000000
08-06 12:42:43.355 12401 12616 I art     : Starting a blocking GC Explicit
08-06 12:42:43.396 12401 12616 I art     : Explicit concurrent mark sweep GC freed 6(144B) AllocSpace objects, 0(0B) LOS objects, 38% free, 25MB/41MB, paused 302us total 40.372ms
08-06 12:42:43.409 12401 12616 I art     : Starting a blocking GC Explicit
08-06 12:42:43.443 12401 12616 I art     : Explicit concurrent mark sweep GC freed 29(1136B) AllocSpace objects, 0(0B) LOS objects, 38% free, 25MB/41MB, paused 495us total 33.371ms
08-06 12:42:43.454 12401 12616 I art     : Starting a blocking GC Explicit
08-06 12:42:43.482 12401 12616 I art     : Explicit concurrent mark sweep GC freed 36(912B) AllocSpace objects, 0(0B) LOS objects, 38% free, 25MB/41MB, paused 305us total 28.166ms
08-06 12:42:43.657 12949 12949 D AndroidRuntime: >>>>>> START com.android.internal.os.RuntimeInit uid 2000 <<<<<<
08-06 12:42:43.663 12949 12949 D AndroidRuntime: CheckJNI is OFF
08-06 12:42:43.697 12949 12949 D ICU     : No timezone override file found: /data/misc/zoneinfo/current/icu/icu_tzdata.dat
08-06 12:42:43.731 12949 12949 I Radio-JNI: register_android_hardware_Radio DONE
08-06 12:42:43.751 12949 12949 D AndroidRuntime: Calling main entry com.android.commands.input.Input
08-06 12:42:43.753 12949 12949 I Input   : injectMotionEvent: MotionEvent { action=ACTION_DOWN, actionButton=0, id[0]=0, x[0]=1215.0, y[0]=1450.0, toolType[0]=TOOL_TYPE_UNKNOWN, buttonState=0, metaState=0, flags=0x0, edgeFlags=0x0, pointerCount=1, historySize=0, eventTime=880980166, downTime=880980166, deviceId=0, source=0x1002 }
08-06 12:42:43.759 12949 12949 I Input   : injectMotionEvent: MotionEvent { action=ACTION_UP, actionButton=0, id[0]=0, x[0]=1215.0, y[0]=1450.0, toolType[0]=TOOL_TYPE_UNKNOWN, buttonState=0, metaState=0, flags=0x0, edgeFlags=0x0, pointerCount=1, historySize=0, eventTime=880980166, downTime=880980166, deviceId=0, source=0x1002 }
08-06 12:42:43.762 12949 12949 D AndroidRuntime: Shutting down VM
08-06 12:42:43.765   512  2967 D audio_hw_primary: out_set_parameters: enter: usecase(1: low-latency-playback) kvpairs: routing=2
08-06 12:42:43.780   512  2967 D audio_hw_primary: select_devices: out_snd_device(2: speaker) in_snd_device(0: none)
08-06 12:42:43.780   512  2967 D msm8974_platform: platform_send_audio_calibration: sending audio calibration for snd_device(2) acdb_id(15)
08-06 12:42:43.780   512  2967 I soundtrigger: audio_extn_sound_trigger_update_device_status: device 0x2 of type 0 for Event 1
08-06 12:42:43.793   512  2967 D audio_hw_primary: enable_snd_device: snd_device(2: speaker)
08-06 12:42:43.795   512  2967 D audio_hw_primary: enable_audio_route: apply and update mixer path: low-latency-playback speaker
08-06 12:42:43.819 12401 12414 I art     : Starting a blocking GC Explicit
08-06 12:42:43.848 12401 12414 I art     : Explicit concurrent mark sweep GC freed 1730(111KB) AllocSpace objects, 1(20KB) LOS objects, 38% free, 25MB/41MB, paused 397us total 28.841ms
08-06 12:42:43.860 12401 12414 I art     : Starting a blocking GC Explicit
08-06 12:42:43.888 12401 12414 I art     : Explicit concurrent mark sweep GC freed 1192(84KB) AllocSpace objects, 1(40KB) LOS objects, 38% free, 25MB/41MB, paused 309us total 27.972ms
08-06 12:42:43.899 12401 12414 I art     : Starting a blocking GC Explicit
08-06 12:42:43.930 12401 12414 I art     : Explicit concurrent mark sweep GC freed 3(96B) AllocSpace objects, 0(0B) LOS objects, 38% free, 25MB/41MB, paused 294us total 30.783ms
08-06 12:42:43.944 12401 12414 I art     : Starting a blocking GC Explicit
08-06 12:42:43.978 12401 12414 I art     : Explicit concurrent mark sweep GC freed 3(96B) AllocSpace objects, 0(0B) LOS objects, 38% free, 25MB/41MB, paused 406us total 34.182ms
08-06 12:42:43.993 12401 12414 I art     : Starting a blocking GC Explicit
08-06 12:42:44.019 12401 12414 I art     : Explicit concurrent mark sweep GC freed 3(96B) AllocSpace objects, 0(0B) LOS objects, 38% free, 25MB/41MB, paused 284us total 25.989ms
08-06 12:42:44.298 12401 12413 I art     : Starting a blocking GC Explicit
08-06 12:42:44.336 12401 12413 I art     : Explicit concurrent mark sweep GC freed 1293(75KB) AllocSpace objects, 1(20KB) LOS objects, 38% free, 25MB/41MB, paused 345us total 38.422ms
08-06 12:42:44.341   512  2967 D audio_hw_primary: disable_audio_route: reset and update mixer path: low-latency-playback speaker
08-06 12:42:44.344   512  2967 D audio_hw_primary: disable_snd_device: snd_device(2: speaker)
08-06 12:42:44.353   512  2967 I soundtrigger: audio_extn_sound_trigger_update_device_status: device 0x2 of type 0 for Event 0
08-06 12:42:44.353 12401 12413 I art     : Starting a blocking GC Explicit
08-06 12:42:44.383 12401 12413 I art     : Explicit concurrent mark sweep GC freed 18(624B) AllocSpace objects, 0(0B) LOS objects, 38% free, 25MB/41MB, paused 322us total 29.712ms
08-06 12:42:44.394 12401 12413 I art     : Starting a blocking GC Explicit
08-06 12:42:44.424 12401 12413 I art     : Explicit concurrent mark sweep GC freed 3(96B) AllocSpace objects, 0(0B) LOS objects, 38% free, 25MB/41MB, paused 296us total 29.080ms
08-06 12:42:44.435 12401 12413 I art     : Starting a blocking GC Explicit
08-06 12:42:44.465 12401 12413 I art     : Explicit concurrent mark sweep GC freed 3(96B) AllocSpace objects, 0(0B) LOS objects, 38% free, 25MB/41MB, paused 314us total 29.430ms
08-06 12:42:44.476 12401 12413 I art     : Starting a blocking GC Explicit
08-06 12:42:44.505 12401 12413 I art     : Explicit concurrent mark sweep GC freed 5(176B) AllocSpace objects, 0(0B) LOS objects, 38% free, 25MB/41MB, paused 303us total 29.285ms
08-06 12:42:44.800 12401 12616 I art     : Starting a blocking GC Explicit
08-06 12:42:44.840 12401 12616 I art     : Explicit concurrent mark sweep GC freed 1293(75KB) AllocSpace objects, 1(20KB) LOS objects, 38% free, 25MB/41MB, paused 357us total 39.258ms
08-06 12:42:44.854 12401 12616 I art     : Starting a blocking GC Explicit
08-06 12:42:44.885 12401 12616 I art     : Explicit concurrent mark sweep GC freed 18(624B) AllocSpace objects, 0(0B) LOS objects, 38% free, 25MB/41MB, paused 319us total 30.428ms
08-06 12:42:44.897 12401 12616 I art     : Starting a blocking GC Explicit
08-06 12:42:44.928 12401 12616 I art     : Explicit concurrent mark sweep GC freed 3(96B) AllocSpace objects, 0(0B) LOS objects, 38% free, 25MB/41MB, paused 348us total 30.985ms
08-06 12:42:44.939 12401 12616 I art     : Starting a blocking GC Explicit
08-06 12:42:44.969 12401 12616 I art     : Explicit concurrent mark sweep GC freed 3(96B) AllocSpace objects, 0(0B) LOS objects, 38% free, 25MB/41MB, paused 317us total 29.615ms
08-06 12:42:44.981 12401 12616 I art     : Starting a blocking GC Explicit
08-06 12:42:45.010 12401 12616 I art     : Explicit concurrent mark sweep GC freed 3(96B) AllocSpace objects, 0(0B) LOS objects, 38% free, 25MB/41MB, paused 303us total 28.937ms
08-06 12:42:45.297 12401 12414 I art     : Starting a blocking GC Explicit
08-06 12:42:45.328 12401 12414 I art     : Explicit concurrent mark sweep GC freed 1293(75KB) AllocSpace objects, 1(20KB) LOS objects, 38% free, 25MB/41MB, paused 356us total 30.084ms
08-06 12:42:45.339 12401 12414 I art     : Starting a blocking GC Explicit
08-06 12:42:45.369 12401 12414 I art     : Explicit concurrent mark sweep GC freed 18(624B) AllocSpace objects, 0(0B) LOS objects, 38% free, 25MB/41MB, paused 320us total 29.777ms
08-06 12:42:45.380 12401 12414 I art     : Starting a blocking GC Explicit
08-06 12:42:45.409 12401 12414 I art     : Explicit concurrent mark sweep GC freed 4(128B) AllocSpace objects, 0(0B) LOS objects, 38% free, 25MB/41MB, paused 385us total 28.417ms
08-06 12:42:45.421 12401 12414 I art     : Starting a blocking GC Explicit
08-06 12:42:45.433 12992 12992 D AndroidRuntime: >>>>>> START com.android.internal.os.RuntimeInit uid 2000 <<<<<<
08-06 12:42:45.439 12992 12992 D AndroidRuntime: CheckJNI is OFF
08-06 12:42:45.455 12401 12414 I art     : Explicit concurrent mark sweep GC freed 8(256B) AllocSpace objects, 0(0B) LOS objects, 38% free, 25MB/41MB, paused 296us total 33.147ms
08-06 12:42:45.467 12401 12414 I art     : Starting a blocking GC Explicit
08-06 12:42:45.480 12992 12992 D ICU     : No timezone override file found: /data/misc/zoneinfo/current/icu/icu_tzdata.dat
08-06 12:42:45.497 12401 12414 I art     : Explicit concurrent mark sweep GC freed 8(256B) AllocSpace objects, 0(0B) LOS objects, 38% free, 25MB/41MB, paused 366us total 29.681ms
08-06 12:42:45.517 12992 12992 I Radio-JNI: register_android_hardware_Radio DONE
08-06 12:42:45.538 12992 12992 D AndroidRuntime: Calling main entry com.android.commands.input.Input
08-06 12:42:45.540 12992 12992 I Input   : injectMotionEvent: MotionEvent { action=ACTION_DOWN, actionButton=0, id[0]=0, x[0]=1215.0, y[0]=1482.0, toolType[0]=TOOL_TYPE_UNKNOWN, buttonState=0, metaState=0, flags=0x0, edgeFlags=0x0, pointerCount=1, historySize=0, eventTime=880981953, downTime=880981953, deviceId=0, source=0x1002 }
08-06 12:42:45.550 12992 12992 I Input   : injectMotionEvent: MotionEvent { action=ACTION_UP, actionButton=0, id[0]=0, x[0]=1215.0, y[0]=1482.0, toolType[0]=TOOL_TYPE_UNKNOWN, buttonState=0, metaState=0, flags=0x0, edgeFlags=0x0, pointerCount=1, historySize=0, eventTime=880981953, downTime=880981953, deviceId=0, source=0x1002 }
08-06 12:42:45.551 12992 12992 D AndroidRuntime: Shutting down VM
08-06 12:42:45.564   512  2967 D audio_hw_primary: out_set_parameters: enter: usecase(1: low-latency-playback) kvpairs: routing=2
08-06 12:42:45.577   512  2967 D audio_hw_primary: select_devices: out_snd_device(2: speaker) in_snd_device(0: none)
08-06 12:42:45.577   512  2967 D msm8974_platform: platform_send_audio_calibration: sending audio calibration for snd_device(2) acdb_id(15)
08-06 12:42:45.577   512  2967 I soundtrigger: audio_extn_sound_trigger_update_device_status: device 0x2 of type 0 for Event 1
08-06 12:42:45.579 12401 12401 I SettingsManager: Setting boolean: completedTutorial
08-06 12:42:45.587   918  4400 W BackupManagerService: dataChanged but no participant pkg='baseline.com.ak.uobtimetable' uid=10710
08-06 12:42:45.587   512  2967 D audio_hw_primary: enable_snd_device: snd_device(2: speaker)
08-06 12:42:45.589   512  2967 D audio_hw_primary: enable_audio_route: apply and update mixer path: low-latency-playback speaker
08-06 12:42:45.590 12401 12417 D OpenGLRenderer: endAllStagingAnimators on 0x7f949ad800 (RippleDrawable) with handle 0x7f78d4cbc0
08-06 12:42:45.596   918  5481 W InputMethodManagerService: Window already focused, ignoring focus gain of: com.android.internal.view.IInputMethodClient$Stub$Proxy@79fb39b attribute=null, token = android.os.BinderProxy@b58fef9
08-06 12:42:45.775 12401 12413 I art     : Starting a blocking GC Explicit
08-06 12:42:45.826 12401 12413 I art     : Explicit concurrent mark sweep GC freed 1713(109KB) AllocSpace objects, 2(40KB) LOS objects, 38% free, 25MB/41MB, paused 637us total 49.762ms
08-06 12:42:45.840 12401 12413 I art     : Starting a blocking GC Explicit
08-06 12:42:45.866 12401 12413 I art     : Explicit concurrent mark sweep GC freed 1042(70KB) AllocSpace objects, 1(40KB) LOS objects, 38% free, 25MB/41MB, paused 278us total 25.420ms
08-06 12:42:45.876 12401 12413 I art     : Starting a blocking GC Explicit
08-06 12:42:45.902 12401 12413 I art     : Explicit concurrent mark sweep GC freed 3(96B) AllocSpace objects, 0(0B) LOS objects, 38% free, 25MB/41MB, paused 297us total 25.458ms
08-06 12:42:45.912 12401 12413 I art     : Starting a blocking GC Explicit
08-06 12:42:45.940 12401 12413 I art     : Explicit concurrent mark sweep GC freed 3(96B) AllocSpace objects, 0(0B) LOS objects, 38% free, 25MB/41MB, paused 302us total 28.204ms
08-06 12:42:45.951 12401 12413 I art     : Starting a blocking GC Explicit
08-06 12:42:45.980 12401 12413 I art     : Explicit concurrent mark sweep GC freed 3(96B) AllocSpace objects, 0(0B) LOS objects, 38% free, 25MB/41MB, paused 305us total 28.024ms
08-06 12:42:46.129   512  2967 D audio_hw_primary: disable_audio_route: reset and update mixer path: low-latency-playback speaker
08-06 12:42:46.131   512  2967 D audio_hw_primary: disable_snd_device: snd_device(2: speaker)
08-06 12:42:46.140   512  2967 I soundtrigger: audio_extn_sound_trigger_update_device_status: device 0x2 of type 0 for Event 0
08-06 12:42:46.281 12401 12414 I art     : Starting a blocking GC Explicit
08-06 12:42:46.328 12401 12414 I art     : Explicit concurrent mark sweep GC freed 1293(75KB) AllocSpace objects, 1(20KB) LOS objects, 38% free, 25MB/41MB, paused 553us total 46.860ms
08-06 12:42:46.344 12401 12414 I art     : Starting a blocking GC Explicit
08-06 12:42:46.374 12401 12414 I art     : Explicit concurrent mark sweep GC freed 18(624B) AllocSpace objects, 0(0B) LOS objects, 38% free, 25MB/41MB, paused 313us total 29.509ms
08-06 12:42:46.385 12401 12414 I art     : Starting a blocking GC Explicit
08-06 12:42:46.414 12401 12414 I art     : Explicit concurrent mark sweep GC freed 3(96B) AllocSpace objects, 0(0B) LOS objects, 38% free, 25MB/41MB, paused 319us total 28.829ms
08-06 12:42:46.425 12401 12414 I art     : Starting a blocking GC Explicit
08-06 12:42:46.455 12401 12414 I art     : Explicit concurrent mark sweep GC freed 3(96B) AllocSpace objects, 0(0B) LOS objects, 38% free, 25MB/41MB, paused 314us total 29.531ms
08-06 12:42:46.467 12401 12414 I art     : Starting a blocking GC Explicit
08-06 12:42:46.497 12401 12414 I art     : Explicit concurrent mark sweep GC freed 3(96B) AllocSpace objects, 0(0B) LOS objects, 38% free, 25MB/41MB, paused 327us total 30.442ms
08-06 12:42:46.510   918  3188 I hubconnection: sensorhub said: 'set_bias 3: -6.2400, 0.0000, 0.0000'
08-06 12:42:46.801 12401 12421 I art     : Starting a blocking GC Explicit
08-06 12:42:46.832 12401 12421 I art     : Explicit concurrent mark sweep GC freed 1293(75KB) AllocSpace objects, 1(20KB) LOS objects, 38% free, 25MB/41MB, paused 357us total 29.827ms
08-06 12:42:46.843 12401 12421 I art     : Starting a blocking GC Explicit
08-06 12:42:46.869 12401 12421 I art     : Explicit concurrent mark sweep GC freed 18(624B) AllocSpace objects, 0(0B) LOS objects, 38% free, 25MB/41MB, paused 300us total 25.648ms
08-06 12:42:46.879 12401 12421 I art     : Starting a blocking GC Explicit
08-06 12:42:46.905 12401 12421 I art     : Explicit concurrent mark sweep GC freed 3(96B) AllocSpace objects, 0(0B) LOS objects, 38% free, 25MB/41MB, paused 304us total 25.601ms
08-06 12:42:46.916 12401 12421 I art     : Starting a blocking GC Explicit
08-06 12:42:46.943 12401 12421 I art     : Explicit concurrent mark sweep GC freed 3(96B) AllocSpace objects, 0(0B) LOS objects, 38% free, 25MB/41MB, paused 309us total 26.682ms
08-06 12:42:46.953 12401 12421 I art     : Starting a blocking GC Explicit
08-06 12:42:46.981 12401 12421 I art     : Explicit concurrent mark sweep GC freed 3(96B) AllocSpace objects, 0(0B) LOS objects, 38% free, 25MB/41MB, paused 336us total 27.056ms
08-06 12:42:47.190 13047 13047 D AndroidRuntime: >>>>>> START com.android.internal.os.RuntimeInit uid 2000 <<<<<<
08-06 12:42:47.195 13047 13047 D AndroidRuntime: CheckJNI is OFF
08-06 12:42:47.229 13047 13047 D ICU     : No timezone override file found: /data/misc/zoneinfo/current/icu/icu_tzdata.dat
08-06 12:42:47.262 12401 12616 I art     : Starting a blocking GC Explicit
08-06 12:42:47.263 13047 13047 I Radio-JNI: register_android_hardware_Radio DONE
08-06 12:42:47.286 13047 13047 D AndroidRuntime: Calling main entry com.android.commands.input.Input
08-06 12:42:47.288 13047 13047 I Input   : injectMotionEvent: MotionEvent { action=ACTION_DOWN, actionButton=0, id[0]=0, x[0]=81.0, y[0]=176.0, toolType[0]=TOOL_TYPE_UNKNOWN, buttonState=0, metaState=0, flags=0x0, edgeFlags=0x0, pointerCount=1, historySize=0, eventTime=880983701, downTime=880983701, deviceId=0, source=0x1002 }
08-06 12:42:47.292 13047 13047 I Input   : injectMotionEvent: MotionEvent { action=ACTION_UP, actionButton=0, id[0]=0, x[0]=81.0, y[0]=176.0, toolType[0]=TOOL_TYPE_UNKNOWN, buttonState=0, metaState=0, flags=0x0, edgeFlags=0x0, pointerCount=1, historySize=0, eventTime=880983701, downTime=880983701, deviceId=0, source=0x1002 }
08-06 12:42:47.293 12401 12616 I art     : Explicit concurrent mark sweep GC freed 1293(75KB) AllocSpace objects, 1(20KB) LOS objects, 38% free, 25MB/41MB, paused 627us total 29.868ms
08-06 12:42:47.294 13047 13047 D AndroidRuntime: Shutting down VM
08-06 12:42:47.298   512  2967 D audio_hw_primary: out_set_parameters: enter: usecase(1: low-latency-playback) kvpairs: routing=2
08-06 12:42:47.304 12401 12616 I art     : Starting a blocking GC Explicit
08-06 12:42:47.311   512  2967 D audio_hw_primary: select_devices: out_snd_device(2: speaker) in_snd_device(0: none)
08-06 12:42:47.311   512  2967 D msm8974_platform: platform_send_audio_calibration: sending audio calibration for snd_device(2) acdb_id(15)
08-06 12:42:47.311   512  2967 I soundtrigger: audio_extn_sound_trigger_update_device_status: device 0x2 of type 0 for Event 1
08-06 12:42:47.323   512  2967 D audio_hw_primary: enable_snd_device: snd_device(2: speaker)
08-06 12:42:47.325   512  2967 D audio_hw_primary: enable_audio_route: apply and update mixer path: low-latency-playback speaker
08-06 12:42:47.330 12401 12616 I art     : Explicit concurrent mark sweep GC freed 58(2016B) AllocSpace objects, 0(0B) LOS objects, 38% free, 25MB/41MB, paused 471us total 25.253ms
08-06 12:42:47.340 12401 12616 I art     : Starting a blocking GC Explicit
08-06 12:42:47.350 13866 13866 I GoogleInputMethodServic: GoogleInputMethodService.onFinishInput():3138 
08-06 12:42:47.350 13866 13866 I GoogleInputMethodServic: GoogleInputMethodService.onStartInput():1808 
08-06 12:42:47.367 12401 12616 I art     : Explicit concurrent mark sweep GC freed 20(1104B) AllocSpace objects, 0(0B) LOS objects, 38% free, 25MB/41MB, paused 346us total 26.948ms
08-06 12:42:47.377 12401 12616 I art     : Starting a blocking GC Explicit
08-06 12:42:47.403 12401 12616 I art     : Explicit concurrent mark sweep GC freed 370(19KB) AllocSpace objects, 0(0B) LOS objects, 38% free, 25MB/41MB, paused 280us total 25.141ms
08-06 12:42:47.413 12401 12616 I art     : Starting a blocking GC Explicit
08-06 12:42:47.437 12401 12616 I art     : Explicit concurrent mark sweep GC freed 7(384B) AllocSpace objects, 0(0B) LOS objects, 38% free, 25MB/41MB, paused 277us total 24.275ms
08-06 12:42:47.703 12401 12413 I art     : Starting a blocking GC Explicit
08-06 12:42:47.734 12401 12413 I art     : Explicit concurrent mark sweep GC freed 1296(75KB) AllocSpace objects, 1(20KB) LOS objects, 38% free, 25MB/41MB, paused 295us total 30.311ms
08-06 12:42:47.746 12401 12413 I art     : Starting a blocking GC Explicit
08-06 12:42:47.774 12401 12413 I art     : Explicit concurrent mark sweep GC freed 28(944B) AllocSpace objects, 0(0B) LOS objects, 38% free, 25MB/41MB, paused 310us total 27.915ms
08-06 12:42:47.785 12401 12413 I art     : Starting a blocking GC Explicit
08-06 12:42:47.811 12401 12413 I art     : Explicit concurrent mark sweep GC freed 3(96B) AllocSpace objects, 0(0B) LOS objects, 38% free, 25MB/41MB, paused 318us total 26.354ms
08-06 12:42:47.822 12401 12413 I art     : Starting a blocking GC Explicit
08-06 12:42:47.850 12401 12413 I art     : Explicit concurrent mark sweep GC freed 3(96B) AllocSpace objects, 0(0B) LOS objects, 38% free, 25MB/41MB, paused 298us total 27.497ms
08-06 12:42:47.858   512  2967 D audio_hw_primary: disable_audio_route: reset and update mixer path: low-latency-playback speaker
08-06 12:42:47.859   512  2967 D audio_hw_primary: disable_snd_device: snd_device(2: speaker)
08-06 12:42:47.861 12401 12413 I art     : Starting a blocking GC Explicit
08-06 12:42:47.867   512  2967 I soundtrigger: audio_extn_sound_trigger_update_device_status: device 0x2 of type 0 for Event 0
08-06 12:42:47.888 12401 12413 I art     : Explicit concurrent mark sweep GC freed 3(96B) AllocSpace objects, 0(0B) LOS objects, 38% free, 25MB/41MB, paused 303us total 27.018ms
08-06 12:42:48.179 12401 12413 I art     : Starting a blocking GC Explicit
08-06 12:42:48.221 12401 12413 I art     : Explicit concurrent mark sweep GC freed 1293(75KB) AllocSpace objects, 1(20KB) LOS objects, 38% free, 25MB/41MB, paused 379us total 41.704ms
08-06 12:42:48.242 12401 12413 I art     : Starting a blocking GC Explicit
08-06 12:42:48.273 12401 12413 I art     : Explicit concurrent mark sweep GC freed 20(688B) AllocSpace objects, 0(0B) LOS objects, 38% free, 25MB/41MB, paused 319us total 30.446ms
08-06 12:42:48.284 12401 12413 I art     : Starting a blocking GC Explicit
08-06 12:42:48.313 12401 12413 I art     : Explicit concurrent mark sweep GC freed 3(96B) AllocSpace objects, 0(0B) LOS objects, 38% free, 25MB/41MB, paused 310us total 28.704ms
08-06 12:42:48.325 12401 12413 I art     : Starting a blocking GC Explicit
08-06 12:42:48.355 12401 12413 I art     : Explicit concurrent mark sweep GC freed 3(96B) AllocSpace objects, 0(0B) LOS objects, 38% free, 25MB/41MB, paused 322us total 29.776ms
08-06 12:42:48.367 12401 12413 I art     : Starting a blocking GC Explicit
08-06 12:42:48.397 12401 12413 I art     : Explicit concurrent mark sweep GC freed 3(96B) AllocSpace objects, 0(0B) LOS objects, 38% free, 25MB/41MB, paused 317us total 29.953ms
08-06 12:42:48.679 12401 12414 I art     : Starting a blocking GC Explicit
08-06 12:42:48.713 12401 12414 I art     : Explicit concurrent mark sweep GC freed 1293(75KB) AllocSpace objects, 1(20KB) LOS objects, 38% free, 25MB/41MB, paused 319us total 33.543ms
08-06 12:42:48.724 12401 12414 I art     : Starting a blocking GC Explicit
08-06 12:42:48.753 12401 12414 I art     : Explicit concurrent mark sweep GC freed 18(624B) AllocSpace objects, 0(0B) LOS objects, 38% free, 25MB/41MB, paused 320us total 28.795ms
08-06 12:42:48.764 12401 12414 I art     : Starting a blocking GC Explicit
08-06 12:42:48.792 12401 12414 I art     : Explicit concurrent mark sweep GC freed 3(96B) AllocSpace objects, 0(0B) LOS objects, 38% free, 25MB/41MB, paused 320us total 27.803ms
08-06 12:42:48.803 12401 12414 I art     : Starting a blocking GC Explicit
08-06 12:42:48.831 12401 12414 I art     : Explicit concurrent mark sweep GC freed 3(96B) AllocSpace objects, 0(0B) LOS objects, 38% free, 25MB/41MB, paused 325us total 27.976ms
08-06 12:42:48.842 12401 12414 I art     : Starting a blocking GC Explicit
08-06 12:42:48.870 12401 12414 I art     : Explicit concurrent mark sweep GC freed 3(96B) AllocSpace objects, 0(0B) LOS objects, 38% free, 25MB/41MB, paused 305us total 27.771ms
08-06 12:42:48.870 12401 12412 I art     : WaitForGcToComplete blocked for 21.959ms for cause HeapTrim
08-06 12:42:48.897  6991  6991 I Atfwd_Sendcmd: AtCmdFwd service not ready - Exhausted retry attempts - :6
08-06 12:42:48.897  6991  6991 I Atfwd_Daemon: result : -1 	 ,Init step :2 	 ,qmiErrorCode: 0
08-06 12:42:48.973 13092 13092 D AndroidRuntime: >>>>>> START com.android.internal.os.RuntimeInit uid 2000 <<<<<<
08-06 12:42:48.978 13092 13092 D AndroidRuntime: CheckJNI is OFF
08-06 12:42:49.010 13092 13092 D ICU     : No timezone override file found: /data/misc/zoneinfo/current/icu/icu_tzdata.dat
08-06 12:42:49.043 13092 13092 I Radio-JNI: register_android_hardware_Radio DONE
08-06 12:42:49.064 13092 13092 D AndroidRuntime: Calling main entry com.android.commands.input.Input
08-06 12:42:49.066 13092 13092 I Input   : injectMotionEvent: MotionEvent { action=ACTION_DOWN, actionButton=0, id[0]=0, x[0]=436.0, y[0]=1770.0, toolType[0]=TOOL_TYPE_UNKNOWN, buttonState=0, metaState=0, flags=0x0, edgeFlags=0x0, pointerCount=1, historySize=0, eventTime=880985479, downTime=880985479, deviceId=0, source=0x1002 }
08-06 12:42:49.071 13092 13092 I Input   : injectMotionEvent: MotionEvent { action=ACTION_UP, actionButton=0, id[0]=0, x[0]=436.0, y[0]=1770.0, toolType[0]=TOOL_TYPE_UNKNOWN, buttonState=0, metaState=0, flags=0x0, edgeFlags=0x0, pointerCount=1, historySize=0, eventTime=880985479, downTime=880985479, deviceId=0, source=0x1002 }
08-06 12:42:49.073 13092 13092 D AndroidRuntime: Shutting down VM
08-06 12:42:49.083 12401 12401 D MainActivity: NavigationItemSelected: Courses
08-06 12:42:49.087   512  2967 D audio_hw_primary: out_set_parameters: enter: usecase(1: low-latency-playback) kvpairs: routing=2
08-06 12:42:49.088   918   929 I ActivityManager: START u0 {cmp=baseline.com.ak.uobtimetable/.CourseListActivity} from uid 10710 on display 0
08-06 12:42:49.100   512  2967 D audio_hw_primary: select_devices: out_snd_device(2: speaker) in_snd_device(0: none)
08-06 12:42:49.100   512  2967 D msm8974_platform: platform_send_audio_calibration: sending audio calibration for snd_device(2) acdb_id(15)
08-06 12:42:49.100   512  2967 I soundtrigger: audio_extn_sound_trigger_update_device_status: device 0x2 of type 0 for Event 1
08-06 12:42:49.109 12401 12401 D MainActivity: OnPause
08-06 12:42:49.111   512  2967 D audio_hw_primary: enable_snd_device: snd_device(2: speaker)
08-06 12:42:49.113   512  2967 D audio_hw_primary: enable_audio_route: apply and update mixer path: low-latency-playback speaker
08-06 12:42:49.141 12401 12401 D CourseListActivity: onCreate
08-06 12:42:49.143 12401 13125 D HTTP    : Request for: https://uob-timetable-api.adriankeenan.co.uk/courses
08-06 12:42:49.165 12401 12616 I art     : Starting a blocking GC Explicit
08-06 12:42:49.195 12401 12616 I art     : Explicit concurrent mark sweep GC freed 3938(215KB) AllocSpace objects, 1(20KB) LOS objects, 38% free, 25MB/41MB, paused 508us total 28.680ms
08-06 12:42:49.207 12401 12616 I art     : Starting a blocking GC Explicit
08-06 12:42:49.208   918   936 I ActivityManager: Displayed baseline.com.ak.uobtimetable/.CourseListActivity: +98ms
08-06 12:42:49.208 13866 13866 I GoogleInputMethodServic: GoogleInputMethodService.onFinishInput():3138 
08-06 12:42:49.210 13866 13866 I GoogleInputMethodServic: GoogleInputMethodService.onStartInput():1808 
08-06 12:42:49.235 12401 12616 I art     : Explicit concurrent mark sweep GC freed 679(36KB) AllocSpace objects, 0(0B) LOS objects, 38% free, 25MB/41MB, paused 411us total 28.520ms
08-06 12:42:49.248 12401 12616 I art     : Starting a blocking GC Explicit
08-06 12:42:49.275 12401 12616 I art     : Explicit concurrent mark sweep GC freed 77(5KB) AllocSpace objects, 0(0B) LOS objects, 38% free, 25MB/41MB, paused 340us total 26.263ms
08-06 12:42:49.285 12401 12616 I art     : Starting a blocking GC Explicit
08-06 12:42:49.313 12401 12616 I art     : Explicit concurrent mark sweep GC freed 9(480B) AllocSpace objects, 0(0B) LOS objects, 38% free, 25MB/41MB, paused 366us total 27.599ms
08-06 12:42:49.324 12401 12616 I art     : Starting a blocking GC Explicit
08-06 12:42:49.354 12401 12616 I art     : Explicit concurrent mark sweep GC freed 2280(122KB) AllocSpace objects, 2(120KB) LOS objects, 38% free, 25MB/41MB, paused 404us total 29.532ms
08-06 12:42:49.390 12401 13125 I NAPPA_EXPERIMENTATION: MetricNetworkRequestExecutionTime: REQUEST_DURATION_SYSTEM='246',REQUEST_DURATION_OKHTTP='34',REQUEST_SYNCHRONOUS='TRUE',RESPONSE_CODE='200',RESPONSE_METHOD='GET',RESPONSE_LENGTH_OKHTTP='-1',RESPONSE_LENGTH_HEADER='-2',REQUEST_PROTOCOL='http/1.1',REQUEST_URL='https://uob-timetable-api.adriankeenan.co.uk/courses',
08-06 12:42:49.568 12401 12401 D MainActivity: Saving state
08-06 12:42:49.569 12401 12401 D MainActivity: Saving current fragment: SessionListsFragment
08-06 12:42:49.569 12401 12401 D MainActivity: Saving current index: 3
08-06 12:42:49.570 12401 12401 D SessionListsFragment: Saving state
08-06 12:42:49.613 12401 12413 I art     : Starting a blocking GC Explicit
08-06 12:42:49.638 12401 12413 I art     : Explicit concurrent mark sweep GC freed 54(2976B) AllocSpace objects, 0(0B) LOS objects, 24% free, 48MB/64MB, paused 366us total 24.941ms
08-06 12:42:49.648 12401 12413 I art     : Starting a blocking GC Explicit
08-06 12:42:49.659   512  2967 D audio_hw_primary: disable_audio_route: reset and update mixer path: low-latency-playback speaker
08-06 12:42:49.660   512  2967 D audio_hw_primary: disable_snd_device: snd_device(2: speaker)
08-06 12:42:49.669   512  2967 I soundtrigger: audio_extn_sound_trigger_update_device_status: device 0x2 of type 0 for Event 0
08-06 12:42:49.675 12401 12413 I art     : Explicit concurrent mark sweep GC freed 23(864B) AllocSpace objects, 0(0B) LOS objects, 24% free, 48MB/64MB, paused 372us total 26.215ms
08-06 12:42:49.685 12401 12413 I art     : Starting a blocking GC Explicit
08-06 12:42:49.711 12401 12413 I art     : Explicit concurrent mark sweep GC freed 21(800B) AllocSpace objects, 0(0B) LOS objects, 24% free, 48MB/64MB, paused 356us total 25.971ms
08-06 12:42:49.721 12401 12413 I art     : Starting a blocking GC Explicit
08-06 12:42:49.754 12401 13125 I HTTP    : Response was compressed.
08-06 12:42:49.755 12401 12413 I art     : Explicit concurrent mark sweep GC freed 104(4KB) AllocSpace objects, 0(0B) LOS objects, 20% free, 63MB/79MB, paused 489us total 33.977ms
08-06 12:42:49.765 12401 12413 I art     : Starting a blocking GC Explicit
08-06 12:42:49.799 12401 12413 I art     : Explicit concurrent mark sweep GC freed 21138(979KB) AllocSpace objects, 2(22MB) LOS objects, 28% free, 41MB/57MB, paused 537us total 33.965ms
08-06 12:42:50.087 12401 12414 I art     : Starting a blocking GC Explicit
08-06 12:42:50.136 12401 12414 I art     : Explicit concurrent mark sweep GC freed 179165(8MB) AllocSpace objects, 1(20KB) LOS objects, 27% free, 42MB/58MB, paused 516us total 47.985ms
08-06 12:42:50.149 12401 12414 I art     : Starting a blocking GC Explicit
08-06 12:42:50.183 12401 12414 I art     : Explicit concurrent mark sweep GC freed 32025(1513KB) AllocSpace objects, 0(0B) LOS objects, 27% free, 42MB/58MB, paused 596us total 33.580ms
08-06 12:42:50.195 12401 12414 I art     : Starting a blocking GC Explicit
08-06 12:42:50.229 12401 12414 I art     : Explicit concurrent mark sweep GC freed 25595(1196KB) AllocSpace objects, 0(0B) LOS objects, 27% free, 42MB/58MB, paused 569us total 33.311ms
08-06 12:42:50.241 12401 12414 I art     : Starting a blocking GC Explicit
08-06 12:42:50.277 12401 12414 I art     : Explicit concurrent mark sweep GC freed 25681(1209KB) AllocSpace objects, 0(0B) LOS objects, 27% free, 42MB/58MB, paused 687us total 35.368ms
08-06 12:42:50.289 12401 12414 I art     : Starting a blocking GC Explicit
08-06 12:42:50.325 12401 12414 I art     : Explicit concurrent mark sweep GC freed 26077(1241KB) AllocSpace objects, 0(0B) LOS objects, 27% free, 43MB/59MB, paused 654us total 35.462ms
08-06 12:42:50.361   518   646 I ThermalEngine: ACTION: GPU - Setting GPU[0] to 450000000
08-06 12:42:50.630 12401 12414 I art     : Starting a blocking GC Explicit
08-06 12:42:50.700 12401 12414 I art     : Explicit concurrent mark sweep GC freed 192961(8MB) AllocSpace objects, 1(20KB) LOS objects, 26% free, 44MB/60MB, paused 1.209ms total 69.172ms
08-06 12:42:50.718 12401 12414 I art     : Starting a blocking GC Explicit
08-06 12:42:50.769 12401 12414 I art     : Explicit concurrent mark sweep GC freed 43519(2032KB) AllocSpace objects, 0(0B) LOS objects, 26% free, 44MB/60MB, paused 951us total 50.562ms
08-06 12:42:50.786 12401 12414 I art     : Starting a blocking GC Explicit
08-06 12:42:50.839 12401 12414 I art     : Explicit concurrent mark sweep GC freed 38567(1803KB) AllocSpace objects, 0(0B) LOS objects, 26% free, 45MB/61MB, paused 1.176ms total 52.873ms
08-06 12:42:50.858 12401 12414 I art     : Starting a blocking GC Explicit
08-06 12:42:50.910 12401 12414 I art     : Explicit concurrent mark sweep GC freed 35846(1679KB) AllocSpace objects, 0(0B) LOS objects, 26% free, 45MB/61MB, paused 1.078ms total 52.306ms
08-06 12:42:50.928 12401 12414 I art     : Starting a blocking GC Explicit
08-06 12:42:50.982 12401 12414 I art     : Explicit concurrent mark sweep GC freed 38428(1815KB) AllocSpace objects, 0(0B) LOS objects, 25% free, 45MB/61MB, paused 1.104ms total 53.795ms
08-06 12:42:51.298 12401 12414 I art     : Starting a blocking GC Explicit
08-06 12:42:51.376 12401 12414 I art     : Explicit concurrent mark sweep GC freed 203301(9MB) AllocSpace objects, 1(20KB) LOS objects, 25% free, 47MB/63MB, paused 1.166ms total 77.805ms
08-06 12:42:51.397 12401 12414 I art     : Starting a blocking GC Explicit
08-06 12:42:51.456 12401 12414 I art     : Explicit concurrent mark sweep GC freed 51005(2MB) AllocSpace objects, 0(0B) LOS objects, 25% free, 47MB/63MB, paused 1.217ms total 57.913ms
08-06 12:42:51.475 12401 12414 I art     : Starting a blocking GC Explicit
08-06 12:42:51.534 12401 12414 I art     : Explicit concurrent mark sweep GC freed 42348(1979KB) AllocSpace objects, 0(0B) LOS objects, 25% free, 47MB/63MB, paused 1.336ms total 58.573ms
08-06 12:42:51.553 12401 12414 I art     : Starting a blocking GC Explicit
08-06 12:42:51.613 12401 12414 I art     : Explicit concurrent mark sweep GC freed 42291(2MB) AllocSpace objects, 0(0B) LOS objects, 24% free, 48MB/64MB, paused 1.313ms total 60.297ms
08-06 12:42:51.632 12401 12414 I art     : Starting a blocking GC Explicit
08-06 12:42:51.694 12401 12414 I art     : Explicit concurrent mark sweep GC freed 43835(2MB) AllocSpace objects, 0(0B) LOS objects, 24% free, 48MB/64MB, paused 1.329ms total 61.727ms
08-06 12:42:52.007 12401 12616 I art     : Starting a blocking GC Explicit
08-06 12:42:52.096 12401 12616 I art     : Explicit concurrent mark sweep GC freed 209006(9MB) AllocSpace objects, 1(20KB) LOS objects, 24% free, 50MB/66MB, paused 1.765ms total 89.103ms
08-06 12:42:52.117 12401 12616 I art     : Starting a blocking GC Explicit
08-06 12:42:52.186 12401 12616 I art     : Explicit concurrent mark sweep GC freed 56816(2MB) AllocSpace objects, 0(0B) LOS objects, 24% free, 50MB/66MB, paused 1.575ms total 68.698ms
08-06 12:42:52.207 12401 12616 I art     : Starting a blocking GC Explicit
08-06 12:42:52.277 12401 12616 I art     : Explicit concurrent mark sweep GC freed 49528(2MB) AllocSpace objects, 0(0B) LOS objects, 23% free, 50MB/66MB, paused 1.401ms total 69.414ms
08-06 12:42:52.298 12401 12616 I art     : Starting a blocking GC Explicit
08-06 12:42:52.370 12401 12616 I art     : Explicit concurrent mark sweep GC freed 48424(2MB) AllocSpace objects, 0(0B) LOS objects, 23% free, 51MB/67MB, paused 1.516ms total 70.852ms
08-06 12:42:52.391 12401 12616 I art     : Starting a blocking GC Explicit
08-06 12:42:52.464 12401 12616 I art     : Explicit concurrent mark sweep GC freed 50026(2MB) AllocSpace objects, 0(0B) LOS objects, 23% free, 51MB/67MB, paused 1.700ms total 72.882ms
08-06 12:42:52.530 12401 13125 I Service : getCourses response time: 0.69
08-06 12:42:52.538 12401 12401 I SettingsManager: Getting string: savedCourse
08-06 12:42:52.797 12401 12616 I art     : Starting a blocking GC Explicit
08-06 12:42:52.919 12401 12616 I art     : Explicit concurrent mark sweep GC freed 43535(2MB) AllocSpace objects, 2(15MB) LOS objects, 30% free, 36MB/52MB, paused 561us total 121.771ms
08-06 12:42:52.946 12401 12616 I art     : Starting a blocking GC Explicit
08-06 12:42:53.020 12401 12616 I art     : Explicit concurrent mark sweep GC freed 747(66KB) AllocSpace objects, 0(0B) LOS objects, 30% free, 36MB/52MB, paused 483us total 73.903ms
08-06 12:42:53.044 12401 12616 I art     : Starting a blocking GC Explicit
08-06 12:42:53.117 12401 12616 I art     : Explicit concurrent mark sweep GC freed 3(96B) AllocSpace objects, 0(0B) LOS objects, 30% free, 36MB/52MB, paused 491us total 72.424ms
08-06 12:42:53.141 12401 12616 I art     : Starting a blocking GC Explicit
08-06 12:42:53.218 12401 12616 I art     : Explicit concurrent mark sweep GC freed 3(96B) AllocSpace objects, 0(0B) LOS objects, 30% free, 36MB/52MB, paused 532us total 77.053ms
08-06 12:42:53.242 12401 12616 I art     : Starting a blocking GC Explicit
08-06 12:42:53.320 12401 12616 I art     : Explicit concurrent mark sweep GC freed 3(96B) AllocSpace objects, 0(0B) LOS objects, 30% free, 36MB/52MB, paused 497us total 77.495ms
08-06 12:42:53.682 12401 12421 I art     : Starting a blocking GC Explicit
08-06 12:42:53.779 12401 12421 I art     : Explicit concurrent mark sweep GC freed 1293(75KB) AllocSpace objects, 1(20KB) LOS objects, 30% free, 36MB/52MB, paused 606us total 96.885ms
08-06 12:42:53.807 12401 12421 I art     : Starting a blocking GC Explicit
08-06 12:42:53.887 12401 12421 I art     : Explicit concurrent mark sweep GC freed 18(624B) AllocSpace objects, 0(0B) LOS objects, 30% free, 36MB/52MB, paused 488us total 79.673ms
08-06 12:42:53.911 12401 12421 I art     : Starting a blocking GC Explicit
08-06 12:42:53.985 12401 12421 I art     : Explicit concurrent mark sweep GC freed 3(96B) AllocSpace objects, 0(0B) LOS objects, 30% free, 36MB/52MB, paused 469us total 73.434ms
08-06 12:42:54.009 12401 12421 I art     : Starting a blocking GC Explicit
08-06 12:42:54.088 12401 12421 I art     : Explicit concurrent mark sweep GC freed 3(96B) AllocSpace objects, 0(0B) LOS objects, 30% free, 36MB/52MB, paused 504us total 79.269ms
08-06 12:42:54.113 12401 12421 I art     : Starting a blocking GC Explicit
08-06 12:42:54.190 12401 12421 I art     : Explicit concurrent mark sweep GC freed 4(128B) AllocSpace objects, 0(0B) LOS objects, 30% free, 36MB/52MB, paused 538us total 77.208ms
08-06 12:42:54.550 12401 12414 I art     : Starting a blocking GC Explicit
08-06 12:42:54.628 12401 12414 I art     : Explicit concurrent mark sweep GC freed 1337(77KB) AllocSpace objects, 1(20KB) LOS objects, 30% free, 36MB/52MB, paused 464us total 77.280ms
08-06 12:42:54.650 12401 12414 I art     : Starting a blocking GC Explicit
08-06 12:42:54.721 12401 12414 I art     : Explicit concurrent mark sweep GC freed 24(848B) AllocSpace objects, 0(0B) LOS objects, 30% free, 36MB/52MB, paused 465us total 70.414ms
08-06 12:42:54.745 12401 12414 I art     : Starting a blocking GC Explicit
08-06 12:42:54.823 12401 12414 I art     : Explicit concurrent mark sweep GC freed 3(96B) AllocSpace objects, 0(0B) LOS objects, 30% free, 36MB/52MB, paused 487us total 77.827ms
08-06 12:42:54.848 12401 12414 I art     : Starting a blocking GC Explicit
08-06 12:42:54.926 12401 12414 I art     : Explicit concurrent mark sweep GC freed 3(96B) AllocSpace objects, 0(0B) LOS objects, 30% free, 36MB/52MB, paused 586us total 78.204ms
08-06 12:42:54.950 12401 12414 I art     : Starting a blocking GC Explicit
08-06 12:42:55.024 12401 12414 I art     : Explicit concurrent mark sweep GC freed 3(96B) AllocSpace objects, 0(0B) LOS objects, 30% free, 36MB/52MB, paused 488us total 73.113ms
08-06 12:42:55.385 12401 12421 I art     : Starting a blocking GC Explicit
08-06 12:42:55.456 12401 12421 I art     : Explicit concurrent mark sweep GC freed 1293(75KB) AllocSpace objects, 1(20KB) LOS objects, 30% free, 36MB/52MB, paused 474us total 70.478ms
08-06 12:42:55.480 12401 12421 I art     : Starting a blocking GC Explicit
08-06 12:42:55.552 12401 12421 I art     : Explicit concurrent mark sweep GC freed 18(624B) AllocSpace objects, 0(0B) LOS objects, 30% free, 36MB/52MB, paused 490us total 71.954ms
08-06 12:42:55.576 12401 12421 I art     : Starting a blocking GC Explicit
08-06 12:42:55.647 12401 12421 I art     : Explicit concurrent mark sweep GC freed 3(96B) AllocSpace objects, 0(0B) LOS objects, 30% free, 36MB/52MB, paused 473us total 71.325ms
08-06 12:42:55.671 12401 12421 I art     : Starting a blocking GC Explicit
08-06 12:42:55.744 12401 12421 I art     : Explicit concurrent mark sweep GC freed 3(96B) AllocSpace objects, 0(0B) LOS objects, 30% free, 36MB/52MB, paused 475us total 72.787ms
08-06 12:42:55.767 12401 12421 I art     : Starting a blocking GC Explicit
08-06 12:42:55.836 12401 12421 I art     : Explicit concurrent mark sweep GC freed 3(96B) AllocSpace objects, 0(0B) LOS objects, 30% free, 36MB/52MB, paused 490us total 68.452ms
08-06 12:42:55.879 13219 13219 D AndroidRuntime: >>>>>> START com.android.internal.os.RuntimeInit uid 2000 <<<<<<
08-06 12:42:55.885 13219 13219 D AndroidRuntime: CheckJNI is OFF
08-06 12:42:55.929 13219 13219 D ICU     : No timezone override file found: /data/misc/zoneinfo/current/icu/icu_tzdata.dat
08-06 12:42:55.978 13219 13219 I Radio-JNI: register_android_hardware_Radio DONE
08-06 12:42:56.009 13219 13219 D AndroidRuntime: Calling main entry com.android.commands.input.Input
08-06 12:42:56.013 13219 13219 I Input   : injectMotionEvent: MotionEvent { action=ACTION_DOWN, actionButton=0, id[0]=0, x[0]=558.0, y[0]=368.0, toolType[0]=TOOL_TYPE_UNKNOWN, buttonState=0, metaState=0, flags=0x0, edgeFlags=0x0, pointerCount=1, historySize=0, eventTime=880992425, downTime=880992425, deviceId=0, source=0x1002 }
08-06 12:42:56.026 13219 13219 I Input   : injectMotionEvent: MotionEvent { action=ACTION_UP, actionButton=0, id[0]=0, x[0]=558.0, y[0]=368.0, toolType[0]=TOOL_TYPE_UNKNOWN, buttonState=0, metaState=0, flags=0x0, edgeFlags=0x0, pointerCount=1, historySize=0, eventTime=880992425, downTime=880992425, deviceId=0, source=0x1002 }
08-06 12:42:56.028 13219 13219 D AndroidRuntime: Shutting down VM
08-06 12:42:56.177 12401 12421 I art     : Starting a blocking GC Explicit
08-06 12:42:56.246 12401 12421 I art     : Explicit concurrent mark sweep GC freed 2184(169KB) AllocSpace objects, 1(20KB) LOS objects, 30% free, 36MB/52MB, paused 510us total 69.592ms
08-06 12:42:56.269 12401 12421 I art     : Starting a blocking GC Explicit
08-06 12:42:56.330 12401 12421 I art     : Explicit concurrent mark sweep GC freed 102(5KB) AllocSpace objects, 0(0B) LOS objects, 30% free, 36MB/52MB, paused 449us total 60.787ms
08-06 12:42:56.352 12401 12421 I art     : Starting a blocking GC Explicit
08-06 12:42:56.370   518   646 I ThermalEngine: ACTION: GPU - Setting GPU[0] to 510000000
08-06 12:42:56.415 12401 12421 I art     : Explicit concurrent mark sweep GC freed 30(1248B) AllocSpace objects, 0(0B) LOS objects, 30% free, 36MB/52MB, paused 329us total 62.035ms
08-06 12:42:56.435 12401 12421 I art     : Starting a blocking GC Explicit
08-06 12:42:56.487 12401 12421 I art     : Explicit concurrent mark sweep GC freed 286(12KB) AllocSpace objects, 0(0B) LOS objects, 30% free, 36MB/52MB, paused 460us total 51.932ms
08-06 12:42:56.506 12401 12421 I art     : Starting a blocking GC Explicit
08-06 12:42:56.556 12401 12421 I art     : Explicit concurrent mark sweep GC freed 24(1072B) AllocSpace objects, 0(0B) LOS objects, 30% free, 36MB/52MB, paused 350us total 49.187ms
08-06 12:42:56.860 12401 12616 I art     : Starting a blocking GC Explicit
08-06 12:42:56.929 12401 12616 I art     : Explicit concurrent mark sweep GC freed 1317(76KB) AllocSpace objects, 1(20KB) LOS objects, 30% free, 36MB/52MB, paused 367us total 69.293ms
08-06 12:42:56.948 12401 12616 I art     : Starting a blocking GC Explicit
08-06 12:42:57.002 12401 12616 I art     : Explicit concurrent mark sweep GC freed 18(624B) AllocSpace objects, 0(0B) LOS objects, 30% free, 36MB/52MB, paused 360us total 53.624ms
08-06 12:42:57.021 12401 12616 I art     : Starting a blocking GC Explicit
08-06 12:42:57.078 12401 12616 I art     : Explicit concurrent mark sweep GC freed 3(96B) AllocSpace objects, 0(0B) LOS objects, 30% free, 36MB/52MB, paused 374us total 57.118ms
08-06 12:42:57.097 12401 12616 I art     : Starting a blocking GC Explicit
08-06 12:42:57.151 12401 12616 I art     : Explicit concurrent mark sweep GC freed 3(96B) AllocSpace objects, 0(0B) LOS objects, 30% free, 36MB/52MB, paused 351us total 53.495ms
08-06 12:42:57.171 12401 12616 I art     : Starting a blocking GC Explicit
08-06 12:42:57.224 12401 12616 I art     : Explicit concurrent mark sweep GC freed 3(96B) AllocSpace objects, 0(0B) LOS objects, 30% free, 36MB/52MB, paused 423us total 53.226ms
08-06 12:42:57.517 12401 12414 I art     : Starting a blocking GC Explicit
08-06 12:42:57.584 12401 12414 I art     : Explicit concurrent mark sweep GC freed 1293(75KB) AllocSpace objects, 1(20KB) LOS objects, 30% free, 36MB/52MB, paused 372us total 66.753ms
08-06 12:42:57.603 12401 12414 I art     : Starting a blocking GC Explicit
08-06 12:42:57.656 12401 12414 I art     : Explicit concurrent mark sweep GC freed 18(624B) AllocSpace objects, 0(0B) LOS objects, 30% free, 36MB/52MB, paused 335us total 52.513ms
08-06 12:42:57.675 12401 12414 I art     : Starting a blocking GC Explicit
08-06 12:42:57.699 13253 13253 D AndroidRuntime: >>>>>> START com.android.internal.os.RuntimeInit uid 2000 <<<<<<
08-06 12:42:57.704 13253 13253 D AndroidRuntime: CheckJNI is OFF
08-06 12:42:57.732 12401 12414 I art     : Explicit concurrent mark sweep GC freed 6(192B) AllocSpace objects, 0(0B) LOS objects, 30% free, 36MB/52MB, paused 394us total 57.560ms
08-06 12:42:57.742 13253 13253 D ICU     : No timezone override file found: /data/misc/zoneinfo/current/icu/icu_tzdata.dat
08-06 12:42:57.751 12401 12414 I art     : Starting a blocking GC Explicit
08-06 12:42:57.775 13253 13253 I Radio-JNI: register_android_hardware_Radio DONE
08-06 12:42:57.797 13253 13253 D AndroidRuntime: Calling main entry com.android.commands.input.Input
08-06 12:42:57.799 13253 13253 I Input   : injectMotionEvent: MotionEvent { action=ACTION_DOWN, actionButton=0, id[0]=0, x[0]=945.0, y[0]=1376.0, toolType[0]=TOOL_TYPE_UNKNOWN, buttonState=0, metaState=0, flags=0x0, edgeFlags=0x0, pointerCount=1, historySize=0, eventTime=880994211, downTime=880994211, deviceId=0, source=0x1002 }
08-06 12:42:57.803 12401 12414 I art     : Explicit concurrent mark sweep GC freed 11(352B) AllocSpace objects, 0(0B) LOS objects, 30% free, 36MB/52MB, paused 313us total 51.191ms
08-06 12:42:57.804 13253 13253 I Input   : injectMotionEvent: MotionEvent { action=ACTION_UP, actionButton=0, id[0]=0, x[0]=945.0, y[0]=1376.0, toolType[0]=TOOL_TYPE_UNKNOWN, buttonState=0, metaState=0, flags=0x0, edgeFlags=0x0, pointerCount=1, historySize=0, eventTime=880994211, downTime=880994211, deviceId=0, source=0x1002 }
08-06 12:42:57.806 13253 13253 D AndroidRuntime: Shutting down VM
08-06 12:42:57.820 12401 12414 I art     : Starting a blocking GC Explicit
08-06 12:42:57.870 12401 12414 I art     : Explicit concurrent mark sweep GC freed 31(1104B) AllocSpace objects, 0(0B) LOS objects, 30% free, 36MB/52MB, paused 331us total 49.622ms
08-06 12:42:57.878   512  2967 D audio_hw_primary: out_set_parameters: enter: usecase(1: low-latency-playback) kvpairs: routing=2
08-06 12:42:57.890   512  2967 D audio_hw_primary: select_devices: out_snd_device(2: speaker) in_snd_device(0: none)
08-06 12:42:57.890   512  2967 D msm8974_platform: platform_send_audio_calibration: sending audio calibration for snd_device(2) acdb_id(15)
08-06 12:42:57.891   512  2967 I soundtrigger: audio_extn_sound_trigger_update_device_status: device 0x2 of type 0 for Event 1
08-06 12:42:57.895 13866 13866 I GoogleInputMethodServic: GoogleInputMethodService.onFinishInput():3138 
08-06 12:42:57.895 13866 13866 I GoogleInputMethodServic: GoogleInputMethodService.onStartInput():1808 
08-06 12:42:57.900   512  2967 D audio_hw_primary: enable_snd_device: snd_device(2: speaker)
08-06 12:42:57.902   512  2967 D audio_hw_primary: enable_audio_route: apply and update mixer path: low-latency-playback speaker
08-06 12:42:57.906 13866 13866 I GoogleInputMethodServic: GoogleInputMethodService.onFinishInput():3138 
08-06 12:42:57.907 13866 13866 I GoogleInputMethodServic: GoogleInputMethodService.onStartInput():1808 
08-06 12:42:58.131 12401 12413 I art     : Starting a blocking GC Explicit
08-06 12:42:58.181 12401 12413 I art     : Explicit concurrent mark sweep GC freed 2264(130KB) AllocSpace objects, 1(20KB) LOS objects, 30% free, 36MB/52MB, paused 312us total 49.980ms
08-06 12:42:58.198 12401 12413 I art     : Starting a blocking GC Explicit
08-06 12:42:58.231 12401 12417 D OpenGLRenderer: endAllStagingAnimators on 0x7f99ef4c00 (ListPopupWindow$DropDownListView) with handle 0x7f7a0d3e60
08-06 12:42:58.246 12401 12413 I art     : Explicit concurrent mark sweep GC freed 802(67KB) AllocSpace objects, 0(0B) LOS objects, 30% free, 36MB/52MB, paused 310us total 48.025ms
08-06 12:42:58.262 12401 12413 I art     : Starting a blocking GC Explicit
08-06 12:42:58.312 12401 12413 I art     : Explicit concurrent mark sweep GC freed 30(1248B) AllocSpace objects, 0(0B) LOS objects, 30% free, 36MB/52MB, paused 338us total 49.367ms
08-06 12:42:58.329 12401 12413 I art     : Starting a blocking GC Explicit
08-06 12:42:58.376   518   646 I ThermalEngine: ACTION: GPU - Setting GPU[0] to 450000000
08-06 12:42:58.389 12401 12413 I art     : Explicit concurrent mark sweep GC freed 547(37KB) AllocSpace objects, 0(0B) LOS objects, 30% free, 36MB/52MB, paused 436us total 59.547ms
08-06 12:42:58.410 12401 12413 I art     : Starting a blocking GC Explicit
08-06 12:42:58.439   512  2967 D audio_hw_primary: disable_audio_route: reset and update mixer path: low-latency-playback speaker
08-06 12:42:58.439   512  2967 D audio_hw_primary: disable_snd_device: snd_device(2: speaker)
08-06 12:42:58.447   512  2967 I soundtrigger: audio_extn_sound_trigger_update_device_status: device 0x2 of type 0 for Event 0
08-06 12:42:58.478 12401 12413 I art     : Explicit concurrent mark sweep GC freed 3(96B) AllocSpace objects, 0(0B) LOS objects, 30% free, 36MB/52MB, paused 492us total 67.375ms
08-06 12:42:58.797 12401 12421 I art     : Starting a blocking GC Explicit
08-06 12:42:58.897 12401 12421 I art     : Explicit concurrent mark sweep GC freed 1293(75KB) AllocSpace objects, 1(20KB) LOS objects, 30% free, 36MB/52MB, paused 492us total 99.229ms
08-06 12:42:58.922 12401 12421 I art     : Starting a blocking GC Explicit
08-06 12:42:58.992 12401 12421 I art     : Explicit concurrent mark sweep GC freed 18(624B) AllocSpace objects, 0(0B) LOS objects, 30% free, 36MB/52MB, paused 464us total 69.885ms
08-06 12:42:59.015 12401 12421 I art     : Starting a blocking GC Explicit
08-06 12:42:59.082 12401 12421 I art     : Explicit concurrent mark sweep GC freed 3(96B) AllocSpace objects, 0(0B) LOS objects, 30% free, 36MB/52MB, paused 455us total 66.504ms
08-06 12:42:59.105 12401 12421 I art     : Starting a blocking GC Explicit
08-06 12:42:59.172 12401 12421 I art     : Explicit concurrent mark sweep GC freed 3(96B) AllocSpace objects, 0(0B) LOS objects, 30% free, 36MB/52MB, paused 478us total 67.036ms
08-06 12:42:59.195 12401 12421 I art     : Starting a blocking GC Explicit
08-06 12:42:59.263 12401 12421 I art     : Explicit concurrent mark sweep GC freed 3(96B) AllocSpace objects, 0(0B) LOS objects, 30% free, 36MB/52MB, paused 475us total 67.882ms
08-06 12:42:59.562 13298 13298 D AndroidRuntime: >>>>>> START com.android.internal.os.RuntimeInit uid 2000 <<<<<<
08-06 12:42:59.567 13298 13298 D AndroidRuntime: CheckJNI is OFF
08-06 12:42:59.575 12401 12616 I art     : Starting a blocking GC Explicit
08-06 12:42:59.607 13298 13298 D ICU     : No timezone override file found: /data/misc/zoneinfo/current/icu/icu_tzdata.dat
08-06 12:42:59.635 12401 12616 I art     : Explicit concurrent mark sweep GC freed 1293(75KB) AllocSpace objects, 1(20KB) LOS objects, 30% free, 36MB/52MB, paused 430us total 59.940ms
08-06 12:42:59.637 12401 12412 I art     : WaitForGcToComplete blocked for 8.778ms for cause HeapTrim
08-06 12:42:59.647 13298 13298 I Radio-JNI: register_android_hardware_Radio DONE
08-06 12:42:59.656 12401 12616 I art     : Starting a blocking GC Explicit
08-06 12:42:59.676 13298 13298 D AndroidRuntime: Calling main entry com.android.commands.input.Input
08-06 12:42:59.677 13298 13298 I Input   : injectMotionEvent: MotionEvent { action=ACTION_DOWN, actionButton=0, id[0]=0, x[0]=481.0, y[0]=544.0, toolType[0]=TOOL_TYPE_UNKNOWN, buttonState=0, metaState=0, flags=0x0, edgeFlags=0x0, pointerCount=1, historySize=0, eventTime=880996090, downTime=880996090, deviceId=0, source=0x1002 }
08-06 12:42:59.682 13298 13298 I Input   : injectMotionEvent: MotionEvent { action=ACTION_UP, actionButton=0, id[0]=0, x[0]=481.0, y[0]=544.0, toolType[0]=TOOL_TYPE_UNKNOWN, buttonState=0, metaState=0, flags=0x0, edgeFlags=0x0, pointerCount=1, historySize=0, eventTime=880996090, downTime=880996090, deviceId=0, source=0x1002 }
08-06 12:42:59.684 13298 13298 D AndroidRuntime: Shutting down VM
08-06 12:42:59.717 12401 12616 I art     : Explicit concurrent mark sweep GC freed 178(7KB) AllocSpace objects, 0(0B) LOS objects, 30% free, 36MB/52MB, paused 526us total 60.151ms
08-06 12:42:59.739 12401 12616 I art     : Starting a blocking GC Explicit
08-06 12:42:59.802 12401 12616 I art     : Explicit concurrent mark sweep GC freed 601(27KB) AllocSpace objects, 0(0B) LOS objects, 30% free, 36MB/52MB, paused 523us total 62.895ms
08-06 12:42:59.825 12401 12616 I art     : Starting a blocking GC Explicit
08-06 12:42:59.886 12401 12616 I art     : Explicit concurrent mark sweep GC freed 85(3KB) AllocSpace objects, 0(0B) LOS objects, 30% free, 36MB/52MB, paused 419us total 60.573ms
08-06 12:42:59.908 12401 12616 I art     : Starting a blocking GC Explicit
08-06 12:42:59.971 12401 12616 I art     : Explicit concurrent mark sweep GC freed 13(464B) AllocSpace objects, 0(0B) LOS objects, 30% free, 36MB/52MB, paused 414us total 62.141ms
08-06 12:43:00.274 12401 12421 I art     : Starting a blocking GC Explicit
08-06 12:43:00.342 12401 12421 I art     : Explicit concurrent mark sweep GC freed 1629(90KB) AllocSpace objects, 1(20KB) LOS objects, 30% free, 36MB/52MB, paused 585us total 67.463ms
08-06 12:43:00.364 12401 12421 I art     : Starting a blocking GC Explicit
08-06 12:43:00.427 12401 12421 I art     : Explicit concurrent mark sweep GC freed 35(1232B) AllocSpace objects, 0(0B) LOS objects, 30% free, 36MB/52MB, paused 465us total 63.047ms
08-06 12:43:00.449 12401 12421 I art     : Starting a blocking GC Explicit
08-06 12:43:00.520 12401 12421 I art     : Explicit concurrent mark sweep GC freed 3(96B) AllocSpace objects, 0(0B) LOS objects, 30% free, 36MB/52MB, paused 460us total 70.459ms
08-06 12:43:00.543 12401 12421 I art     : Starting a blocking GC Explicit
08-06 12:43:00.615 12401 12421 I art     : Explicit concurrent mark sweep GC freed 3(96B) AllocSpace objects, 0(0B) LOS objects, 30% free, 36MB/52MB, paused 463us total 71.247ms
08-06 12:43:00.638 12401 12421 I art     : Starting a blocking GC Explicit
08-06 12:43:00.708 12401 12421 I art     : Explicit concurrent mark sweep GC freed 3(96B) AllocSpace objects, 0(0B) LOS objects, 30% free, 36MB/52MB, paused 491us total 70.177ms
08-06 12:43:01.031 12401 12413 I art     : Starting a blocking GC Explicit
08-06 12:43:01.111 12401 12413 I art     : Explicit concurrent mark sweep GC freed 1293(75KB) AllocSpace objects, 1(20KB) LOS objects, 30% free, 36MB/52MB, paused 465us total 79.674ms
08-06 12:43:01.134 12401 12413 I art     : Starting a blocking GC Explicit
08-06 12:43:01.202 12401 12413 I art     : Explicit concurrent mark sweep GC freed 18(624B) AllocSpace objects, 0(0B) LOS objects, 30% free, 36MB/52MB, paused 450us total 67.385ms
08-06 12:43:01.224 12401 12413 I art     : Starting a blocking GC Explicit
08-06 12:43:01.293 12401 12413 I art     : Explicit concurrent mark sweep GC freed 3(96B) AllocSpace objects, 0(0B) LOS objects, 30% free, 36MB/52MB, paused 456us total 68.502ms
08-06 12:43:01.316 12401 12413 I art     : Starting a blocking GC Explicit
08-06 12:43:01.389 12401 12413 I art     : Explicit concurrent mark sweep GC freed 6(192B) AllocSpace objects, 0(0B) LOS objects, 30% free, 36MB/52MB, paused 571us total 72.910ms
08-06 12:43:01.414 12401 12413 I art     : Starting a blocking GC Explicit
08-06 12:43:01.476 13342 13342 D AndroidRuntime: >>>>>> START com.android.internal.os.RuntimeInit uid 2000 <<<<<<
08-06 12:43:01.481 13342 13342 D AndroidRuntime: CheckJNI is OFF
08-06 12:43:01.486 12401 12413 I art     : Explicit concurrent mark sweep GC freed 15(480B) AllocSpace objects, 0(0B) LOS objects, 30% free, 36MB/52MB, paused 448us total 71.845ms
08-06 12:43:01.527 13342 13342 D ICU     : No timezone override file found: /data/misc/zoneinfo/current/icu/icu_tzdata.dat
08-06 12:43:01.533   918  3261 D WifiStateMachine: starting scan for "H369AA63323"WPA_PSK with 2412,5180
08-06 12:43:01.569 13342 13342 I Radio-JNI: register_android_hardware_Radio DONE
08-06 12:43:01.598 13342 13342 D AndroidRuntime: Calling main entry com.android.commands.input.Input
08-06 12:43:01.600 13342 13342 I Input   : injectMotionEvent: MotionEvent { action=ACTION_DOWN, actionButton=0, id[0]=0, x[0]=310.0, y[0]=906.0, toolType[0]=TOOL_TYPE_UNKNOWN, buttonState=0, metaState=0, flags=0x0, edgeFlags=0x0, pointerCount=1, historySize=0, eventTime=880998012, downTime=880998012, deviceId=0, source=0x1002 }
08-06 12:43:01.607 13342 13342 I Input   : injectMotionEvent: MotionEvent { action=ACTION_UP, actionButton=0, id[0]=0, x[0]=310.0, y[0]=906.0, toolType[0]=TOOL_TYPE_UNKNOWN, buttonState=0, metaState=0, flags=0x0, edgeFlags=0x0, pointerCount=1, historySize=0, eventTime=880998012, downTime=880998012, deviceId=0, source=0x1002 }
08-06 12:43:01.608 13342 13342 D AndroidRuntime: Shutting down VM
08-06 12:43:01.677   512  2967 D audio_hw_primary: out_set_parameters: enter: usecase(1: low-latency-playback) kvpairs: routing=2
08-06 12:43:01.687 13866 13866 I GoogleInputMethodServic: GoogleInputMethodService.onFinishInput():3138 
08-06 12:43:01.688 13866 13866 I GoogleInputMethodServic: GoogleInputMethodService.onStartInput():1808 
08-06 12:43:01.690   512  2967 D audio_hw_primary: select_devices: out_snd_device(2: speaker) in_snd_device(0: none)
08-06 12:43:01.690   512  2967 D msm8974_platform: platform_send_audio_calibration: sending audio calibration for snd_device(2) acdb_id(15)
08-06 12:43:01.690   512  2967 I soundtrigger: audio_extn_sound_trigger_update_device_status: device 0x2 of type 0 for Event 1
08-06 12:43:01.704 13866 13866 I GoogleInputMethodServic: GoogleInputMethodService.onFinishInput():3138 
08-06 12:43:01.705   512  2967 D audio_hw_primary: enable_snd_device: snd_device(2: speaker)
08-06 12:43:01.705 13866 13866 I GoogleInputMethodServic: GoogleInputMethodService.onStartInput():1808 
08-06 12:43:01.708   512  2967 D audio_hw_primary: enable_audio_route: apply and update mixer path: low-latency-playback speaker
08-06 12:43:01.808 12401 12421 I art     : Starting a blocking GC Explicit
08-06 12:43:01.875 12401 12421 I art     : Explicit concurrent mark sweep GC freed 2265(119KB) AllocSpace objects, 1(20KB) LOS objects, 30% free, 36MB/52MB, paused 506us total 67.233ms
08-06 12:43:01.898 12401 12421 I art     : Starting a blocking GC Explicit
08-06 12:43:01.913   918   927 I art     : Background partial concurrent mark sweep GC freed 94906(10MB) AllocSpace objects, 150(2MB) LOS objects, 18% free, 70MB/86MB, paused 1.914ms total 235.587ms
08-06 12:43:01.958 12401 12421 I art     : Explicit concurrent mark sweep GC freed 727(64KB) AllocSpace objects, 0(0B) LOS objects, 30% free, 36MB/52MB, paused 427us total 60.014ms
08-06 12:43:01.979 12401 12421 I art     : Starting a blocking GC Explicit
08-06 12:43:02.002 12401 12417 D OpenGLRenderer: endAllStagingAnimators on 0x7f94a95400 (ListPopupWindow$DropDownListView) with handle 0x7f7c09fbc0
08-06 12:43:02.041 12401 12421 I art     : Explicit concurrent mark sweep GC freed 30(1136B) AllocSpace objects, 0(0B) LOS objects, 30% free, 36MB/52MB, paused 426us total 61.455ms
08-06 12:43:02.062 12401 12421 I art     : Starting a blocking GC Explicit
08-06 12:43:02.128 12401 12421 I art     : Explicit concurrent mark sweep GC freed 255(11KB) AllocSpace objects, 0(0B) LOS objects, 30% free, 36MB/52MB, paused 523us total 65.672ms
08-06 12:43:02.151 12401 12421 I art     : Starting a blocking GC Explicit
08-06 12:43:02.216 12401 12421 I art     : Explicit concurrent mark sweep GC freed 356(26KB) AllocSpace objects, 0(0B) LOS objects, 30% free, 36MB/52MB, paused 475us total 64.509ms
08-06 12:43:02.239   512  2967 D audio_hw_primary: disable_audio_route: reset and update mixer path: low-latency-playback speaker
08-06 12:43:02.240   512  2967 D audio_hw_primary: disable_snd_device: snd_device(2: speaker)
08-06 12:43:02.248   512  2967 I soundtrigger: audio_extn_sound_trigger_update_device_status: device 0x2 of type 0 for Event 0
08-06 12:43:02.549 12401 12616 I art     : Starting a blocking GC Explicit
08-06 12:43:02.643 12401 12616 I art     : Explicit concurrent mark sweep GC freed 1293(75KB) AllocSpace objects, 1(20KB) LOS objects, 30% free, 36MB/52MB, paused 481us total 94.017ms
08-06 12:43:02.666 12401 12616 I art     : Starting a blocking GC Explicit
08-06 12:43:02.732 12401 12616 I art     : Explicit concurrent mark sweep GC freed 18(624B) AllocSpace objects, 0(0B) LOS objects, 30% free, 36MB/52MB, paused 484us total 65.463ms
08-06 12:43:02.756 12401 12616 I art     : Starting a blocking GC Explicit
08-06 12:43:02.826 12401 12616 I art     : Explicit concurrent mark sweep GC freed 3(96B) AllocSpace objects, 0(0B) LOS objects, 30% free, 36MB/52MB, paused 462us total 69.985ms
08-06 12:43:02.850 12401 12616 I art     : Starting a blocking GC Explicit
08-06 12:43:02.913 12401 12616 I art     : Explicit concurrent mark sweep GC freed 3(96B) AllocSpace objects, 0(0B) LOS objects, 30% free, 36MB/52MB, paused 470us total 63.563ms
08-06 12:43:02.936 12401 12616 I art     : Starting a blocking GC Explicit
08-06 12:43:03.002 12401 12616 I art     : Explicit concurrent mark sweep GC freed 3(96B) AllocSpace objects, 0(0B) LOS objects, 30% free, 36MB/52MB, paused 465us total 65.557ms
08-06 12:43:03.172   918  1209 D NetworkMonitor/NetworkAgentInfo [WIFI () - 159]: Checking http://connectivitycheck.gstatic.com/generate_204 on "H369AA63323", 192.168.2.12=192.168.2.12
08-06 12:43:03.295   918  1209 D NetworkMonitor/NetworkAgentInfo [WIFI () - 159]: Probably not a portal: exception java.io.IOException: unexpected end of stream on Connection{connectivitycheck.gstatic.com:80, proxy=HTTP@/192.168.2.12:8080 hostAddress=192.168.2.12 cipherSuite=none protocol=http/1.1} (recycle count=0)
08-06 12:43:03.296   918  3263 D ConnectivityService: NetworkAgentInfo [WIFI () - 159] validation failed
08-06 12:43:03.297   918  3261 E WifiConfigStore:  rewrite network history for "H369AA63323"WPA_PSK
08-06 12:43:03.320 12401 12413 I art     : Starting a blocking GC Explicit
08-06 12:43:03.377 13380 13380 D AndroidRuntime: >>>>>> START com.android.internal.os.RuntimeInit uid 2000 <<<<<<
08-06 12:43:03.383 13380 13380 D AndroidRuntime: CheckJNI is OFF
08-06 12:43:03.391 12401 12413 I art     : Explicit concurrent mark sweep GC freed 1293(75KB) AllocSpace objects, 1(20KB) LOS objects, 30% free, 36MB/52MB, paused 534us total 71.138ms
08-06 12:43:03.414 12401 12413 I art     : Starting a blocking GC Explicit
08-06 12:43:03.432 13380 13380 D ICU     : No timezone override file found: /data/misc/zoneinfo/current/icu/icu_tzdata.dat
08-06 12:43:03.477 13380 13380 I Radio-JNI: register_android_hardware_Radio DONE
08-06 12:43:03.485 12401 12413 I art     : Explicit concurrent mark sweep GC freed 18(624B) AllocSpace objects, 0(0B) LOS objects, 30% free, 36MB/52MB, paused 535us total 70.646ms
08-06 12:43:03.508 13380 13380 D AndroidRuntime: Calling main entry com.android.commands.input.Input
08-06 12:43:03.509 12401 12413 I art     : Starting a blocking GC Explicit
08-06 12:43:03.511 13380 13380 I Input   : injectMotionEvent: MotionEvent { action=ACTION_DOWN, actionButton=0, id[0]=0, x[0]=648.0, y[0]=709.0, toolType[0]=TOOL_TYPE_UNKNOWN, buttonState=0, metaState=0, flags=0x0, edgeFlags=0x0, pointerCount=1, historySize=0, eventTime=880999923, downTime=880999923, deviceId=0, source=0x1002 }
08-06 12:43:03.517 13380 13380 I Input   : injectMotionEvent: MotionEvent { action=ACTION_UP, actionButton=0, id[0]=0, x[0]=648.0, y[0]=709.0, toolType[0]=TOOL_TYPE_UNKNOWN, buttonState=0, metaState=0, flags=0x0, edgeFlags=0x0, pointerCount=1, historySize=0, eventTime=880999923, downTime=880999923, deviceId=0, source=0x1002 }
08-06 12:43:03.519 13380 13380 D AndroidRuntime: Shutting down VM
08-06 12:43:03.575 12401 12413 I art     : Explicit concurrent mark sweep GC freed 21(768B) AllocSpace objects, 0(0B) LOS objects, 30% free, 36MB/52MB, paused 528us total 65.961ms
08-06 12:43:03.585   512  2967 D audio_hw_primary: out_set_parameters: enter: usecase(1: low-latency-playback) kvpairs: routing=2
08-06 12:43:03.598   512  2967 D audio_hw_primary: select_devices: out_snd_device(2: speaker) in_snd_device(0: none)
08-06 12:43:03.599   512  2967 D msm8974_platform: platform_send_audio_calibration: sending audio calibration for snd_device(2) acdb_id(15)
08-06 12:43:03.599   512  2967 I soundtrigger: audio_extn_sound_trigger_update_device_status: device 0x2 of type 0 for Event 1
08-06 12:43:03.599 12401 12413 I art     : Starting a blocking GC Explicit
08-06 12:43:03.608   512  2967 D audio_hw_primary: enable_snd_device: snd_device(2: speaker)
08-06 12:43:03.610   512  2967 D audio_hw_primary: enable_audio_route: apply and update mixer path: low-latency-playback speaker
08-06 12:43:03.666 12401 12413 I art     : Explicit concurrent mark sweep GC freed 675(49KB) AllocSpace objects, 1(20KB) LOS objects, 30% free, 36MB/52MB, paused 719us total 66.410ms
08-06 12:43:03.690 12401 12413 I art     : Starting a blocking GC Explicit
08-06 12:43:03.751 12401 12413 I art     : Explicit concurrent mark sweep GC freed 194(13KB) AllocSpace objects, 0(0B) LOS objects, 30% free, 36MB/52MB, paused 405us total 61.165ms
08-06 12:43:04.058 12401 12421 I art     : Starting a blocking GC Explicit
08-06 12:43:04.135 12401 12421 I art     : Explicit concurrent mark sweep GC freed 1314(76KB) AllocSpace objects, 1(20KB) LOS objects, 30% free, 36MB/52MB, paused 427us total 77.279ms
08-06 12:43:04.149   512  2967 D audio_hw_primary: disable_audio_route: reset and update mixer path: low-latency-playback speaker
08-06 12:43:04.150   512  2967 D audio_hw_primary: disable_snd_device: snd_device(2: speaker)
08-06 12:43:04.159   512  2967 I soundtrigger: audio_extn_sound_trigger_update_device_status: device 0x2 of type 0 for Event 0
08-06 12:43:04.162 12401 12421 I art     : Starting a blocking GC Explicit
08-06 12:43:04.230 12401 12421 I art     : Explicit concurrent mark sweep GC freed 24(816B) AllocSpace objects, 0(0B) LOS objects, 30% free, 36MB/52MB, paused 455us total 67.657ms
08-06 12:43:04.253 12401 12421 I art     : Starting a blocking GC Explicit
08-06 12:43:04.320 12401 12421 I art     : Explicit concurrent mark sweep GC freed 5(160B) AllocSpace objects, 0(0B) LOS objects, 30% free, 36MB/52MB, paused 436us total 67.022ms
08-06 12:43:04.344 12401 12421 I art     : Starting a blocking GC Explicit
08-06 12:43:04.422 12401 12421 I art     : Explicit concurrent mark sweep GC freed 3(96B) AllocSpace objects, 0(0B) LOS objects, 30% free, 36MB/52MB, paused 435us total 77.733ms
08-06 12:43:04.446 12401 12421 I art     : Starting a blocking GC Explicit
08-06 12:43:04.516 12401 12421 I art     : Explicit concurrent mark sweep GC freed 3(96B) AllocSpace objects, 0(0B) LOS objects, 30% free, 36MB/52MB, paused 449us total 70.162ms
08-06 12:43:04.836 12401 12413 I art     : Starting a blocking GC Explicit
08-06 12:43:04.914 12401 12413 I art     : Explicit concurrent mark sweep GC freed 1295(75KB) AllocSpace objects, 1(20KB) LOS objects, 30% free, 36MB/52MB, paused 463us total 77.581ms
08-06 12:43:04.938 12401 12413 I art     : Starting a blocking GC Explicit
08-06 12:43:05.004 12401 12413 I art     : Explicit concurrent mark sweep GC freed 18(624B) AllocSpace objects, 0(0B) LOS objects, 30% free, 36MB/52MB, paused 457us total 66.575ms
08-06 12:43:05.027 12401 12413 I art     : Starting a blocking GC Explicit
08-06 12:43:05.096 12401 12413 I art     : Explicit concurrent mark sweep GC freed 3(96B) AllocSpace objects, 0(0B) LOS objects, 30% free, 36MB/52MB, paused 468us total 68.654ms
08-06 12:43:05.119 12401 12413 I art     : Starting a blocking GC Explicit
08-06 12:43:05.192 12401 12413 I art     : Explicit concurrent mark sweep GC freed 3(96B) AllocSpace objects, 0(0B) LOS objects, 30% free, 36MB/52MB, paused 468us total 72.695ms
08-06 12:43:05.215 12401 12413 I art     : Starting a blocking GC Explicit
08-06 12:43:05.291 12401 12413 I art     : Explicit concurrent mark sweep GC freed 9(288B) AllocSpace objects, 0(0B) LOS objects, 30% free, 36MB/52MB, paused 477us total 75.518ms
08-06 12:43:05.331 13425 13425 D AndroidRuntime: >>>>>> START com.android.internal.os.RuntimeInit uid 2000 <<<<<<
08-06 12:43:05.338 13425 13425 D AndroidRuntime: CheckJNI is OFF
08-06 12:43:05.380 13425 13425 D ICU     : No timezone override file found: /data/misc/zoneinfo/current/icu/icu_tzdata.dat
08-06 12:43:05.425 13425 13425 I Radio-JNI: register_android_hardware_Radio DONE
08-06 12:43:05.458 13425 13425 D AndroidRuntime: Calling main entry com.android.commands.input.Input
08-06 12:43:05.461 13425 13425 I Input   : injectMotionEvent: MotionEvent { action=ACTION_DOWN, actionButton=0, id[0]=0, x[0]=1197.0, y[0]=1456.0, toolType[0]=TOOL_TYPE_UNKNOWN, buttonState=0, metaState=0, flags=0x0, edgeFlags=0x0, pointerCount=1, historySize=0, eventTime=881001873, downTime=881001873, deviceId=0, source=0x1002 }
08-06 12:43:05.478 13425 13425 I Input   : injectMotionEvent: MotionEvent { action=ACTION_UP, actionButton=0, id[0]=0, x[0]=1197.0, y[0]=1456.0, toolType[0]=TOOL_TYPE_UNKNOWN, buttonState=0, metaState=0, flags=0x0, edgeFlags=0x0, pointerCount=1, historySize=0, eventTime=881001873, downTime=881001873, deviceId=0, source=0x1002 }
08-06 12:43:05.480 13425 13425 D AndroidRuntime: Shutting down VM
08-06 12:43:05.486   512  2967 D audio_hw_primary: out_set_parameters: enter: usecase(1: low-latency-playback) kvpairs: routing=2
08-06 12:43:05.500   512  2967 D audio_hw_primary: select_devices: out_snd_device(2: speaker) in_snd_device(0: none)
08-06 12:43:05.500   512  2967 D msm8974_platform: platform_send_audio_calibration: sending audio calibration for snd_device(2) acdb_id(15)
08-06 12:43:05.500   512  2967 I soundtrigger: audio_extn_sound_trigger_update_device_status: device 0x2 of type 0 for Event 1
08-06 12:43:05.508 12401 12417 D OpenGLRenderer: endAllStagingAnimators on 0x7f99ef4c00 (RippleDrawable) with handle 0x7f79f3f4e0
08-06 12:43:05.512   512  2967 D audio_hw_primary: enable_snd_device: snd_device(2: speaker)
08-06 12:43:05.515   512  2967 D audio_hw_primary: enable_audio_route: apply and update mixer path: low-latency-playback speaker
08-06 12:43:05.516 12401 12401 I SettingsManager: Setting string: savedCourse
08-06 12:43:05.524   918  6029 W BackupManagerService: dataChanged but no participant pkg='baseline.com.ak.uobtimetable' uid=10710
08-06 12:43:05.525   918  3359 I ActivityManager: START u0 {flg=0x4000000 cmp=baseline.com.ak.uobtimetable/.MainActivity (has extras)} from uid 10710 on display 0
08-06 12:43:05.540   918  3714 W InputMethodManagerService: Focus gain on non-focused client com.android.internal.view.IInputMethodClient$Stub$Proxy@737158c (uid=10710 pid=12401)
08-06 12:43:05.558 12401 12401 D MainActivity: OnDestroy
08-06 12:43:05.583 12401 12401 D MainActivity: onCreate
08-06 12:43:05.583 12401 12401 I SettingsManager: Getting string: savedSessions
08-06 12:43:05.583 12401 12401 I SettingsManager: Getting string: savedSessions
08-06 12:43:05.592 12401 12401 I SettingsManager: Getting string: savedSessionsCourseName
08-06 12:43:05.592 12401 12401 I SettingsManager: Getting string: savedSessionsCourseName
08-06 12:43:05.593 12401 12401 I SettingsManager: Getting string: savedSessionsDateRange
08-06 12:43:05.593 12401 12401 I SettingsManager: Getting string: savedSessionsDateRange
08-06 12:43:05.593 12401 12401 I Settings: 10 saved sessions - Bedfordshire International and EU Foundation Year - Int Foun - Ltn - Y0 Feb FT - Weeks: 24-38 (8 Jun 2020-20 Sep 2020)
08-06 12:43:05.621 12401 12616 I art     : Starting a blocking GC Explicit
08-06 12:43:05.640 12401 12401 I SettingsManager: Getting string: savedCourse
08-06 12:43:05.641 12401 12401 D MainActivity: sessionListFragmentArg: updateSessions
08-06 12:43:05.641 12401 12401 D MainActivity: showTermDatesConfigChange: false
08-06 12:43:05.641 12401 12401 D MainActivity: showTermDatesShortcut: false
08-06 12:43:05.642 12401 12401 D MainActivity: Setting initial fragment: SessionListsFragment
08-06 12:43:05.643 12401 12401 I SettingsManager: Getting int: launchCount
08-06 12:43:05.644 12401 12401 D SessionListsFragment: onCreateView
08-06 12:43:05.650 12401 12401 I SettingsManager: Getting string: savedCourse
08-06 12:43:05.655 12401 12401 I SettingsManager: Getting string: savedSessions
08-06 12:43:05.666 12401 12401 D SessionListsFragment: loadArgument: updateSessions
08-06 12:43:05.666 12401 12401 D SessionListsFragment: initialIndex: -1
08-06 12:43:05.669 12401 13449 D HTTP    : Request for: https://uob-timetable-api.adriankeenan.co.uk/sessions?dept=CM010&course=BSAIFAAF%2F02AA%2F0%2FFT&level=Foundation+Year
08-06 12:43:05.684 12401 12401 D TermDatesFragment: WebView loaded
08-06 12:43:05.685 12401 12401 D MainActivity: OnResume
08-06 12:43:05.718 12401 12616 I art     : Explicit concurrent mark sweep GC freed 20895(1007KB) AllocSpace objects, 4(1380KB) LOS objects, 30% free, 37MB/53MB, paused 1.197ms total 97.250ms
08-06 12:43:05.741 12401 12616 I art     : Starting a blocking GC Explicit
08-06 12:43:05.772 12401 12401 I TermDatesFragment: Webview load %: 10
08-06 12:43:05.798   918   936 I ActivityManager: Displayed baseline.com.ak.uobtimetable/.MainActivity: +256ms
08-06 12:43:05.798 13866 13866 I GoogleInputMethodServic: GoogleInputMethodService.onFinishInput():3138 
08-06 12:43:05.799 13866 13866 I GoogleInputMethodServic: GoogleInputMethodService.onStartInput():1808 
08-06 12:43:05.808 12401 12616 I art     : Explicit concurrent mark sweep GC freed 1655(86KB) AllocSpace objects, 0(0B) LOS objects, 30% free, 37MB/53MB, paused 1.113ms total 66.646ms
08-06 12:43:05.830 12401 12616 I art     : Starting a blocking GC Explicit
08-06 12:43:05.885 12401 12616 I art     : Explicit concurrent mark sweep GC freed 27279(1240KB) AllocSpace objects, 1(80KB) LOS objects, 30% free, 35MB/51MB, paused 609us total 54.662ms
08-06 12:43:05.890 12401 12401 I TermDatesFragment: Webview load %: 70
08-06 12:43:05.902 12401 12401 I TermDatesFragment: Webview load %: 100
08-06 12:43:05.902 12401 12401 I TermDatesFragment: Webview load %: 100
08-06 12:43:05.905 12401 12616 I art     : Starting a blocking GC Explicit
08-06 12:43:05.959 12401 12616 I art     : Explicit concurrent mark sweep GC freed 2911(179KB) AllocSpace objects, 4(240KB) LOS objects, 30% free, 36MB/52MB, paused 1.484ms total 54.235ms
08-06 12:43:05.978 12401 12616 I art     : Starting a blocking GC Explicit
08-06 12:43:05.998 12401 13449 I NAPPA_EXPERIMENTATION: MetricNetworkRequestExecutionTime: REQUEST_DURATION_SYSTEM='327',REQUEST_DURATION_OKHTTP='30',REQUEST_SYNCHRONOUS='TRUE',RESPONSE_CODE='200',RESPONSE_METHOD='GET',RESPONSE_LENGTH_OKHTTP='-1',RESPONSE_LENGTH_HEADER='1214',REQUEST_PROTOCOL='http/1.1',REQUEST_URL='https://uob-timetable-api.adriankeenan.co.uk/sessions?dept=CM010&course=BSAIFAAF%2F02AA%2F0%2FFT&level=Foundation+Year',
08-06 12:43:06.031 12401 12616 I art     : Explicit concurrent mark sweep GC freed 1541(150KB) AllocSpace objects, 0(0B) LOS objects, 30% free, 35MB/51MB, paused 546us total 52.559ms
08-06 12:43:06.049   512  2967 D audio_hw_primary: disable_audio_route: reset and update mixer path: low-latency-playback speaker
08-06 12:43:06.050 12401 13449 I HTTP    : Response was compressed.
08-06 12:43:06.050   512  2967 D audio_hw_primary: disable_snd_device: snd_device(2: speaker)
08-06 12:43:06.052   918   928 I AccountManagerService: getTypesVisibleToCaller: isPermitted? true
08-06 12:43:06.063   512  2967 I soundtrigger: audio_extn_sound_trigger_update_device_status: device 0x2 of type 0 for Event 0
08-06 12:43:06.076 12401 13449 I Service : getSessions response time: 1.10
08-06 12:43:06.085 12401 12401 I SettingsManager: Getting string: savedSessions
08-06 12:43:06.086 12401 12401 I SettingsManager: Getting string: savedSessions
08-06 12:43:06.098 12401 12401 I Service : Sessions updated: 10
08-06 12:43:06.098 12401 12401 I Service : Sessions removed from new list: 0
08-06 12:43:06.107 12401 12401 I SettingsManager: Setting string: savedSessions
08-06 12:43:06.112   918   929 W BackupManagerService: dataChanged but no participant pkg='baseline.com.ak.uobtimetable' uid=10710
08-06 12:43:06.113 12401 12401 I SettingsManager: Setting date: savedSessionsTime
08-06 12:43:06.118   918  3696 W BackupManagerService: dataChanged but no participant pkg='baseline.com.ak.uobtimetable' uid=10710
08-06 12:43:06.118 12401 12401 I SettingsManager: Setting string: savedSessionsCourseName
08-06 12:43:06.122   918  6111 W BackupManagerService: dataChanged but no participant pkg='baseline.com.ak.uobtimetable' uid=10710
08-06 12:43:06.122 12401 12401 I SettingsManager: Setting string: savedSessionsDateRange
08-06 12:43:06.122   918   928 W BackupManagerService: dataChanged but no participant pkg='baseline.com.ak.uobtimetable' uid=10710
08-06 12:43:06.123 12401 12401 I SettingsManager: Setting string: timetableUrl
08-06 12:43:06.123   918  6029 W BackupManagerService: dataChanged but no participant pkg='baseline.com.ak.uobtimetable' uid=10710
08-06 12:43:06.123 12401 12401 I SettingsManager: Getting boolean: notifySessionRemindersEnabled
08-06 12:43:06.123 12401 12401 I SettingsManager: Getting int: notifySessionRemindersMinutes
08-06 12:43:06.123 12401 12401 I SettingsManager: Getting boolean: showHiddenSessions
08-06 12:43:06.125 12401 12401 I SessionReminderNotifier: Created session reminder alarm for f7b4771250a919bd729c1c5a4a459c77 at Mon 08:30:00 10/08/20
08-06 12:43:06.128 12401 12401 I SessionReminderNotifier: Created session reminder alarm for a7f879aabdeb78622c8820a5fb7b64cd at Tue 08:30:00 11/08/20
08-06 12:43:06.130 12401 12401 I SessionReminderNotifier: Created session reminder alarm for 7bc8d7e2c2055711f597c3d9078c6ea3 at Tue 08:30:00 11/08/20
08-06 12:43:06.132 12401 12401 I SessionReminderNotifier: Created session reminder alarm for 53c0527a6f009a1f2fd223834d3bfe51 at Tue 10:30:00 11/08/20
08-06 12:43:06.133 12401 12401 I SessionReminderNotifier: Created session reminder alarm for e0fc978b5db8218778540b4053344581 at Tue 11:00:00 11/08/20
08-06 12:43:06.135 12401 12401 I SessionReminderNotifier: Created session reminder alarm for 199afb0100f329ff65a09e1b0cd9deba at Tue 11:30:00 11/08/20
08-06 12:43:06.137 12401 12401 I SessionReminderNotifier: Created session reminder alarm for 21712fef61090882c855a1425543edb5 at Tue 13:30:00 11/08/20
08-06 12:43:06.139 12401 12401 I SessionReminderNotifier: Created session reminder alarm for 65ca4d97f031f29a4d02bbb45a705d8f at Wed 08:30:00 12/08/20
08-06 12:43:06.140 12401 12401 I SessionReminderNotifier: Created session reminder alarm for eeda7741b0bcab58fd9f46dc6ef1d942 at Wed 08:30:00 12/08/20
08-06 12:43:06.142 12401 12401 I SessionReminderNotifier: Created session reminder alarm for c276c1b2075a0beb67f1b3d1e580f920 at Wed 11:00:00 12/08/20
08-06 12:43:06.144 12401 12401 I SessionReminderNotifier: Created session reminder alarm for 8b1f3627e42ae13a6f6ba0a83903dde1 at Wed 13:30:00 12/08/20
08-06 12:43:06.145 12401 12401 I SessionReminderNotifier: Created session reminder alarm for 79fe0b5c3b887a13ba29db5a33fa2800 at Thu 08:30:00 13/08/20
08-06 12:43:06.147 12401 12401 I SessionReminderNotifier: Created session reminder alarm for cb9dfc8231cdba2be0835dc5709690e1 at Thu 08:30:00 13/08/20
08-06 12:43:06.149 12401 12401 I SessionReminderNotifier: Created session reminder alarm for f850dc24d6de60b7b89fa9e1a8c224c5 at Thu 12:00:00 06/08/20
08-06 12:43:06.150 12401 12401 I SessionReminderNotifier: Created session reminder alarm for 2ba1034116e4fffdd592dbf0796a43d5 at Fri 08:30:00 07/08/20
08-06 12:43:06.150 12401 12401 I SettingsManager: Getting boolean: showHiddenSessions
08-06 12:43:06.151 12401 12401 D SessionListsFragment: 1 sessions for day 0
08-06 12:43:06.151 12401 12401 D SessionListsFragment: 6 sessions for day 1
08-06 12:43:06.151 12401 12401 D SessionListsFragment: 4 sessions for day 2
08-06 12:43:06.151 12401 12401 D SessionListsFragment: 3 sessions for day 3
08-06 12:43:06.151 12401 12401 D SessionListsFragment: 1 sessions for day 4
08-06 12:43:06.194 12401 12401 I SettingsManager: Getting boolean: showHiddenSessions
08-06 12:43:06.195 12401 12401 D SessionListsFragment: Refreshed ViewPager
08-06 12:43:06.195 12401 12401 I SettingsManager: Getting boolean: showHiddenSessions
08-06 12:43:06.195 12401 12401 I SettingsManager: Getting boolean: completedTutorial
08-06 12:43:06.195 12401 12401 I SettingsManager: Getting boolean: showHiddenSessions
08-06 12:43:06.195 12401 12401 I SettingsManager: Getting date: savedSessionsTime
08-06 12:43:06.334 12401 12421 I art     : Starting a blocking GC Explicit
08-06 12:43:06.422 12401 12421 I art     : Explicit concurrent mark sweep GC freed 81176(3MB) AllocSpace objects, 6(112KB) LOS objects, 30% free, 36MB/52MB, paused 1.109ms total 87.184ms
08-06 12:43:06.454 12401 12421 I art     : Starting a blocking GC Explicit
08-06 12:43:06.516 12401 12421 I art     : Explicit concurrent mark sweep GC freed 152828(12MB) AllocSpace objects, 3(136KB) LOS objects, 38% free, 25MB/41MB, paused 1.212ms total 61.475ms
08-06 12:43:06.529 12401 12421 I art     : Starting a blocking GC Explicit
08-06 12:43:06.564 12401 12421 I art     : Explicit concurrent mark sweep GC freed 22444(937KB) AllocSpace objects, 0(0B) LOS objects, 38% free, 25MB/41MB, paused 948us total 35.064ms
08-06 12:43:06.577 12401 12421 I art     : Starting a blocking GC Explicit
08-06 12:43:06.612 12401 12421 I art     : Explicit concurrent mark sweep GC freed 17658(736KB) AllocSpace objects, 0(0B) LOS objects, 38% free, 25MB/41MB, paused 1.002ms total 35.390ms
08-06 12:43:06.625 12401 12421 I art     : Starting a blocking GC Explicit
08-06 12:43:06.660 12401 12421 I art     : Explicit concurrent mark sweep GC freed 18746(773KB) AllocSpace objects, 0(0B) LOS objects, 38% free, 25MB/41MB, paused 1.143ms total 35.421ms
08-06 12:43:06.810 24577 24587 I art     : Background sticky concurrent mark sweep GC freed 238636(6MB) AllocSpace objects, 4(80KB) LOS objects, 10% free, 46MB/52MB, paused 7.613ms total 67.294ms
08-06 12:43:06.950 12401 12414 I art     : Starting a blocking GC Explicit
08-06 12:43:07.005 12401 12401 I Choreographer: Skipped 47 frames!  The application may be doing too much work on its main thread.
08-06 12:43:07.007 12401 12414 I art     : Explicit concurrent mark sweep GC freed 119605(4MB) AllocSpace objects, 1(20KB) LOS objects, 37% free, 26MB/42MB, paused 1.200ms total 56.621ms
08-06 12:43:07.021 12401 12414 I art     : Starting a blocking GC Explicit
08-06 12:43:07.060 12401 12414 I art     : Explicit concurrent mark sweep GC freed 3266(299KB) AllocSpace objects, 0(0B) LOS objects, 37% free, 26MB/42MB, paused 514us total 38.716ms
08-06 12:43:07.074 12401 12414 I art     : Starting a blocking GC Explicit
08-06 12:43:07.110 12401 12414 I art     : Explicit concurrent mark sweep GC freed 51(2240B) AllocSpace objects, 0(0B) LOS objects, 37% free, 26MB/42MB, paused 506us total 35.713ms
08-06 12:43:07.125 12401 12414 I art     : Starting a blocking GC Explicit
08-06 12:43:07.160 12401 12414 I art     : Explicit concurrent mark sweep GC freed 3(96B) AllocSpace objects, 0(0B) LOS objects, 37% free, 26MB/42MB, paused 512us total 35.549ms
08-06 12:43:07.175 12401 12414 I art     : Starting a blocking GC Explicit
08-06 12:43:07.210 12401 12414 I art     : Explicit concurrent mark sweep GC freed 3(96B) AllocSpace objects, 0(0B) LOS objects, 37% free, 26MB/42MB, paused 527us total 35.399ms
08-06 12:43:07.556 12401 13458 I art     : Starting a blocking GC Explicit
08-06 12:43:07.606 12401 13458 I art     : Explicit concurrent mark sweep GC freed 1517(85KB) AllocSpace objects, 1(20KB) LOS objects, 37% free, 26MB/42MB, paused 672us total 49.847ms
08-06 12:43:07.621 12401 13458 I art     : Starting a blocking GC Explicit
08-06 12:43:07.660 12401 13458 I art     : Explicit concurrent mark sweep GC freed 18(624B) AllocSpace objects, 0(0B) LOS objects, 37% free, 26MB/42MB, paused 511us total 38.462ms
08-06 12:43:07.674 12401 13458 I art     : Starting a blocking GC Explicit
08-06 12:43:07.710 12401 13458 I art     : Explicit concurrent mark sweep GC freed 3(96B) AllocSpace objects, 0(0B) LOS objects, 37% free, 26MB/42MB, paused 527us total 35.539ms
08-06 12:43:07.724 12401 13458 I art     : Starting a blocking GC Explicit
08-06 12:43:07.762 12401 13458 I art     : Explicit concurrent mark sweep GC freed 4(160B) AllocSpace objects, 0(0B) LOS objects, 37% free, 26MB/42MB, paused 601us total 37.496ms
08-06 12:43:07.776 12401 13458 I art     : Starting a blocking GC Explicit
08-06 12:43:07.785 24577 24587 I art     : Background partial concurrent mark sweep GC freed 298890(7MB) AllocSpace objects, 2(216KB) LOS objects, 25% free, 46MB/62MB, paused 3.621ms total 118.548ms
08-06 12:43:07.814 12401 13458 I art     : Explicit concurrent mark sweep GC freed 22(800B) AllocSpace objects, 0(0B) LOS objects, 37% free, 26MB/42MB, paused 525us total 37.213ms
08-06 12:43:08.128 12401 12421 I art     : Starting a blocking GC Explicit
08-06 12:43:08.172 12401 12421 I art     : Explicit concurrent mark sweep GC freed 1425(79KB) AllocSpace objects, 1(20KB) LOS objects, 37% free, 26MB/42MB, paused 540us total 43.275ms
08-06 12:43:08.190 12401 12421 I art     : Starting a blocking GC Explicit
08-06 12:43:08.233 12401 12421 I art     : Explicit concurrent mark sweep GC freed 18(624B) AllocSpace objects, 0(0B) LOS objects, 37% free, 26MB/42MB, paused 554us total 42.872ms
08-06 12:43:08.249 12401 12421 I art     : Starting a blocking GC Explicit
08-06 12:43:08.293 12401 12421 I art     : Explicit concurrent mark sweep GC freed 3(96B) AllocSpace objects, 0(0B) LOS objects, 37% free, 26MB/42MB, paused 558us total 43.411ms
08-06 12:43:08.308 12401 12421 I art     : Starting a blocking GC Explicit
08-06 12:43:08.355 12401 12421 I art     : Explicit concurrent mark sweep GC freed 3(96B) AllocSpace objects, 0(0B) LOS objects, 37% free, 26MB/42MB, paused 549us total 46.037ms
08-06 12:43:08.370 12401 12421 I art     : Starting a blocking GC Explicit
08-06 12:43:08.413 12401 12421 I art     : Explicit concurrent mark sweep GC freed 3(96B) AllocSpace objects, 0(0B) LOS objects, 37% free, 26MB/42MB, paused 560us total 42.754ms
08-06 12:43:08.780 12401 12413 I art     : Starting a blocking GC Explicit
08-06 12:43:08.841 12401 12413 I art     : Explicit concurrent mark sweep GC freed 1293(75KB) AllocSpace objects, 1(20KB) LOS objects, 37% free, 26MB/42MB, paused 575us total 60.484ms
08-06 12:43:08.859 12401 12413 I art     : Starting a blocking GC Explicit
08-06 12:43:08.902 12401 12413 I art     : Explicit concurrent mark sweep GC freed 18(624B) AllocSpace objects, 0(0B) LOS objects, 37% free, 26MB/42MB, paused 537us total 43.020ms
08-06 12:43:08.918 12401 12413 I art     : Starting a blocking GC Explicit
08-06 12:43:08.965 12401 12413 I art     : Explicit concurrent mark sweep GC freed 3(96B) AllocSpace objects, 0(0B) LOS objects, 37% free, 26MB/42MB, paused 554us total 46.565ms
08-06 12:43:08.981 12401 12413 I art     : Starting a blocking GC Explicit
08-06 12:43:09.025 12401 12413 I art     : Explicit concurrent mark sweep GC freed 3(96B) AllocSpace objects, 0(0B) LOS objects, 37% free, 26MB/42MB, paused 548us total 44.589ms
08-06 12:43:09.041 12401 12413 I art     : Starting a blocking GC Explicit
08-06 12:43:09.086 12401 12413 I art     : Explicit concurrent mark sweep GC freed 3(96B) AllocSpace objects, 0(0B) LOS objects, 37% free, 26MB/42MB, paused 542us total 44.913ms
08-06 12:43:09.439 12401 12616 I art     : Starting a blocking GC Explicit
08-06 12:43:09.494 12401 12616 I art     : Explicit concurrent mark sweep GC freed 1317(76KB) AllocSpace objects, 1(20KB) LOS objects, 37% free, 26MB/42MB, paused 531us total 54.472ms
08-06 12:43:09.510 12401 12616 I art     : Starting a blocking GC Explicit
08-06 12:43:09.556 12401 12616 I art     : Explicit concurrent mark sweep GC freed 18(624B) AllocSpace objects, 0(0B) LOS objects, 37% free, 26MB/42MB, paused 531us total 45.639ms
08-06 12:43:09.572 12401 12616 I art     : Starting a blocking GC Explicit
08-06 12:43:09.618 12401 12616 I art     : Explicit concurrent mark sweep GC freed 3(96B) AllocSpace objects, 0(0B) LOS objects, 37% free, 26MB/42MB, paused 526us total 45.923ms
08-06 12:43:09.633 12401 12616 I art     : Starting a blocking GC Explicit
08-06 12:43:09.680 12401 12616 I art     : Explicit concurrent mark sweep GC freed 3(96B) AllocSpace objects, 0(0B) LOS objects, 37% free, 26MB/42MB, paused 521us total 46.310ms
08-06 12:43:09.695 12401 12616 I art     : Starting a blocking GC Explicit
08-06 12:43:09.740 12401 12616 I art     : Explicit concurrent mark sweep GC freed 3(96B) AllocSpace objects, 0(0B) LOS objects, 37% free, 26MB/42MB, paused 477us total 44.100ms
08-06 12:43:10.056 12401 13458 I art     : Starting a blocking GC Explicit
08-06 12:43:10.101 12401 13458 I art     : Explicit concurrent mark sweep GC freed 1306(76KB) AllocSpace objects, 1(20KB) LOS objects, 37% free, 26MB/42MB, paused 457us total 44.827ms
08-06 12:43:10.115 12401 13458 I art     : Starting a blocking GC Explicit
08-06 12:43:10.152 12401 13458 I art     : Explicit concurrent mark sweep GC freed 18(624B) AllocSpace objects, 0(0B) LOS objects, 37% free, 26MB/42MB, paused 488us total 35.827ms
08-06 12:43:10.167 12401 13458 I art     : Starting a blocking GC Explicit
08-06 12:43:10.204 12401 13458 I art     : Explicit concurrent mark sweep GC freed 5(128B) AllocSpace objects, 0(0B) LOS objects, 37% free, 26MB/42MB, paused 482us total 36.644ms
08-06 12:43:10.217 12401 13458 I art     : Starting a blocking GC Explicit
08-06 12:43:10.253 12401 13458 I art     : Explicit concurrent mark sweep GC freed 29(1136B) AllocSpace objects, 0(0B) LOS objects, 37% free, 26MB/42MB, paused 498us total 35.254ms
08-06 12:43:10.266 12401 13458 I art     : Starting a blocking GC Explicit
08-06 12:43:10.275 13532 13532 D AndroidRuntime: >>>>>> START com.android.internal.os.RuntimeInit uid 2000 <<<<<<
08-06 12:43:10.280 13532 13532 D AndroidRuntime: CheckJNI is OFF
08-06 12:43:10.303 12401 13458 I art     : Explicit concurrent mark sweep GC freed 37(928B) AllocSpace objects, 0(0B) LOS objects, 37% free, 26MB/42MB, paused 492us total 36.159ms
08-06 12:43:10.323 13532 13532 D ICU     : No timezone override file found: /data/misc/zoneinfo/current/icu/icu_tzdata.dat
08-06 12:43:10.365 13532 13532 I Radio-JNI: register_android_hardware_Radio DONE
08-06 12:43:10.394 13532 13532 D AndroidRuntime: Calling main entry com.android.commands.input.Input
08-06 12:43:10.396 13532 13532 I Input   : injectMotionEvent: MotionEvent { action=ACTION_DOWN, actionButton=0, id[0]=0, x[0]=81.0, y[0]=176.0, toolType[0]=TOOL_TYPE_UNKNOWN, buttonState=0, metaState=0, flags=0x0, edgeFlags=0x0, pointerCount=1, historySize=0, eventTime=881006809, downTime=881006809, deviceId=0, source=0x1002 }
08-06 12:43:10.402 13532 13532 I Input   : injectMotionEvent: MotionEvent { action=ACTION_UP, actionButton=0, id[0]=0, x[0]=81.0, y[0]=176.0, toolType[0]=TOOL_TYPE_UNKNOWN, buttonState=0, metaState=0, flags=0x0, edgeFlags=0x0, pointerCount=1, historySize=0, eventTime=881006809, downTime=881006809, deviceId=0, source=0x1002 }
08-06 12:43:10.403 13532 13532 D AndroidRuntime: Shutting down VM
08-06 12:43:10.408   512  2967 D audio_hw_primary: out_set_parameters: enter: usecase(1: low-latency-playback) kvpairs: routing=2
08-06 12:43:10.421   512  2967 D audio_hw_primary: select_devices: out_snd_device(2: speaker) in_snd_device(0: none)
08-06 12:43:10.421   512  2967 D msm8974_platform: platform_send_audio_calibration: sending audio calibration for snd_device(2) acdb_id(15)
08-06 12:43:10.421   512  2967 I soundtrigger: audio_extn_sound_trigger_update_device_status: device 0x2 of type 0 for Event 1
08-06 12:43:10.433   512  2967 D audio_hw_primary: enable_snd_device: snd_device(2: speaker)
08-06 12:43:10.435   512  2967 D audio_hw_primary: enable_audio_route: apply and update mixer path: low-latency-playback speaker
08-06 12:43:10.441 13866 13866 I GoogleInputMethodServic: GoogleInputMethodService.onFinishInput():3138 
08-06 12:43:10.442 13866 13866 I GoogleInputMethodServic: GoogleInputMethodService.onStartInput():1808 
08-06 12:43:10.595 12401 12421 I art     : Starting a blocking GC Explicit
08-06 12:43:10.632 12401 12421 I art     : Explicit concurrent mark sweep GC freed 1731(97KB) AllocSpace objects, 1(20KB) LOS objects, 37% free, 26MB/42MB, paused 462us total 37.484ms
08-06 12:43:10.646 12401 12421 I art     : Starting a blocking GC Explicit
08-06 12:43:10.684 12401 12421 I art     : Explicit concurrent mark sweep GC freed 176(11KB) AllocSpace objects, 0(0B) LOS objects, 37% free, 26MB/42MB, paused 476us total 37.324ms
08-06 12:43:10.699 12401 12421 I art     : Starting a blocking GC Explicit
08-06 12:43:10.739 12401 12421 I art     : Explicit concurrent mark sweep GC freed 3(96B) AllocSpace objects, 0(0B) LOS objects, 37% free, 26MB/42MB, paused 530us total 39.717ms
08-06 12:43:10.754 12401 12421 I art     : Starting a blocking GC Explicit
08-06 12:43:10.794 12401 12421 I art     : Explicit concurrent mark sweep GC freed 3(96B) AllocSpace objects, 0(0B) LOS objects, 37% free, 26MB/42MB, paused 448us total 39.528ms
08-06 12:43:10.810 12401 12421 I art     : Starting a blocking GC Explicit
08-06 12:43:10.849 12401 12421 I art     : Explicit concurrent mark sweep GC freed 12(416B) AllocSpace objects, 0(0B) LOS objects, 37% free, 26MB/42MB, paused 483us total 39.238ms
08-06 12:43:10.979   512  2967 D audio_hw_primary: disable_audio_route: reset and update mixer path: low-latency-playback speaker
08-06 12:43:10.980   512  2967 D audio_hw_primary: disable_snd_device: snd_device(2: speaker)
08-06 12:43:10.989   512  2967 I soundtrigger: audio_extn_sound_trigger_update_device_status: device 0x2 of type 0 for Event 0
08-06 12:43:11.086   918  1210 D NetlinkSocketObserver: NeighborEvent{elapsedMs=1864394961, 192.168.2.254, [7C3953A63323], RTM_NEWNEIGH, NUD_REACHABLE}
08-06 12:43:11.154 12401 13458 I art     : Starting a blocking GC Explicit
08-06 12:43:11.200 12401 13458 I art     : Explicit concurrent mark sweep GC freed 1295(75KB) AllocSpace objects, 1(20KB) LOS objects, 37% free, 26MB/42MB, paused 507us total 45.189ms
08-06 12:43:11.215 12401 13458 I art     : Starting a blocking GC Explicit
08-06 12:43:11.257 12401 13458 I art     : Explicit concurrent mark sweep GC freed 20(688B) AllocSpace objects, 0(0B) LOS objects, 37% free, 26MB/42MB, paused 588us total 42.076ms
08-06 12:43:11.272 12401 13458 I art     : Starting a blocking GC Explicit
08-06 12:43:11.313 12401 13458 I art     : Explicit concurrent mark sweep GC freed 3(96B) AllocSpace objects, 0(0B) LOS objects, 37% free, 26MB/42MB, paused 489us total 40.095ms
08-06 12:43:11.327 12401 13458 I art     : Starting a blocking GC Explicit
08-06 12:43:11.370 12401 13458 I art     : Explicit concurrent mark sweep GC freed 3(96B) AllocSpace objects, 0(0B) LOS objects, 37% free, 26MB/42MB, paused 497us total 41.979ms
08-06 12:43:11.385 12401 13458 I art     : Starting a blocking GC Explicit
08-06 12:43:11.427 12401 13458 I art     : Explicit concurrent mark sweep GC freed 3(96B) AllocSpace objects, 0(0B) LOS objects, 37% free, 26MB/42MB, paused 644us total 42.175ms
08-06 12:43:11.745 12401 12616 I art     : Starting a blocking GC Explicit
08-06 12:43:11.786 12401 12616 I art     : Explicit concurrent mark sweep GC freed 1293(75KB) AllocSpace objects, 1(20KB) LOS objects, 37% free, 26MB/42MB, paused 509us total 40.854ms
08-06 12:43:11.801 12401 12616 I art     : Starting a blocking GC Explicit
08-06 12:43:11.840 12401 12616 I art     : Explicit concurrent mark sweep GC freed 18(624B) AllocSpace objects, 0(0B) LOS objects, 37% free, 26MB/42MB, paused 474us total 39.445ms
08-06 12:43:11.855 12401 12616 I art     : Starting a blocking GC Explicit
08-06 12:43:11.896 12401 12616 I art     : Explicit concurrent mark sweep GC freed 3(96B) AllocSpace objects, 0(0B) LOS objects, 37% free, 26MB/42MB, paused 506us total 40.029ms
08-06 12:43:11.910 12401 12616 I art     : Starting a blocking GC Explicit
08-06 12:43:11.950 12401 12616 I art     : Explicit concurrent mark sweep GC freed 3(96B) AllocSpace objects, 0(0B) LOS objects, 37% free, 26MB/42MB, paused 483us total 39.238ms
08-06 12:43:11.965 12401 12616 I art     : Starting a blocking GC Explicit
08-06 12:43:12.003 12401 12616 I art     : Explicit concurrent mark sweep GC freed 3(96B) AllocSpace objects, 0(0B) LOS objects, 37% free, 26MB/42MB, paused 489us total 38.590ms
08-06 12:43:12.187 13584 13584 D AndroidRuntime: >>>>>> START com.android.internal.os.RuntimeInit uid 2000 <<<<<<
08-06 12:43:12.194 13584 13584 D AndroidRuntime: CheckJNI is OFF
08-06 12:43:12.237 13584 13584 D ICU     : No timezone override file found: /data/misc/zoneinfo/current/icu/icu_tzdata.dat
08-06 12:43:12.280 13584 13584 I Radio-JNI: register_android_hardware_Radio DONE
08-06 12:43:12.309 13584 13584 D AndroidRuntime: Calling main entry com.android.commands.input.Input
08-06 12:43:12.311 13584 13584 I Input   : injectMotionEvent: MotionEvent { action=ACTION_DOWN, actionButton=0, id[0]=0, x[0]=436.0, y[0]=1770.0, toolType[0]=TOOL_TYPE_UNKNOWN, buttonState=0, metaState=0, flags=0x0, edgeFlags=0x0, pointerCount=1, historySize=0, eventTime=881008724, downTime=881008724, deviceId=0, source=0x1002 }
08-06 12:43:12.316 13584 13584 I Input   : injectMotionEvent: MotionEvent { action=ACTION_UP, actionButton=0, id[0]=0, x[0]=436.0, y[0]=1770.0, toolType[0]=TOOL_TYPE_UNKNOWN, buttonState=0, metaState=0, flags=0x0, edgeFlags=0x0, pointerCount=1, historySize=0, eventTime=881008724, downTime=881008724, deviceId=0, source=0x1002 }
08-06 12:43:12.318 13584 13584 D AndroidRuntime: Shutting down VM
08-06 12:43:12.326 12401 12401 D MainActivity: NavigationItemSelected: Courses
08-06 12:43:12.329   512  2967 D audio_hw_primary: out_set_parameters: enter: usecase(1: low-latency-playback) kvpairs: routing=2
08-06 12:43:12.329   918  5132 I ActivityManager: START u0 {cmp=baseline.com.ak.uobtimetable/.CourseListActivity} from uid 10710 on display 0
08-06 12:43:12.337 12401 12401 D MainActivity: OnPause
08-06 12:43:12.342   512  2967 D audio_hw_primary: select_devices: out_snd_device(2: speaker) in_snd_device(0: none)
08-06 12:43:12.342   512  2967 D msm8974_platform: platform_send_audio_calibration: sending audio calibration for snd_device(2) acdb_id(15)
08-06 12:43:12.342   512  2967 I soundtrigger: audio_extn_sound_trigger_update_device_status: device 0x2 of type 0 for Event 1
08-06 12:43:12.361   512  2967 D audio_hw_primary: enable_snd_device: snd_device(2: speaker)
08-06 12:43:12.363   512  2967 D audio_hw_primary: enable_audio_route: apply and update mixer path: low-latency-playback speaker
08-06 12:43:12.365 12401 12414 I art     : Starting a blocking GC Explicit
08-06 12:43:12.392 12401 12401 D CourseListActivity: onCreate
08-06 12:43:12.394 12401 13613 D HTTP    : Request for: https://uob-timetable-api.adriankeenan.co.uk/courses
08-06 12:43:12.408 12401 12414 I art     : Explicit concurrent mark sweep GC freed 3734(203KB) AllocSpace objects, 1(20KB) LOS objects, 37% free, 26MB/42MB, paused 800us total 43.645ms
08-06 12:43:12.423 12401 12414 I art     : Starting a blocking GC Explicit
08-06 12:43:12.452   918   936 I ActivityManager: Displayed baseline.com.ak.uobtimetable/.CourseListActivity: +114ms
08-06 12:43:12.453 13866 13866 I GoogleInputMethodServic: GoogleInputMethodService.onFinishInput():3138 
08-06 12:43:12.453 13866 13866 I GoogleInputMethodServic: GoogleInputMethodService.onStartInput():1808 
08-06 12:43:12.463 12401 12414 I art     : Explicit concurrent mark sweep GC freed 750(45KB) AllocSpace objects, 0(0B) LOS objects, 37% free, 26MB/42MB, paused 771us total 40.069ms
08-06 12:43:12.481 12401 12414 I art     : Starting a blocking GC Explicit
08-06 12:43:12.519 12401 12414 I art     : Explicit concurrent mark sweep GC freed 159(9KB) AllocSpace objects, 0(0B) LOS objects, 37% free, 26MB/42MB, paused 536us total 37.970ms
08-06 12:43:12.536 12401 12414 I art     : Starting a blocking GC Explicit
08-06 12:43:12.578 12401 12414 I art     : Explicit concurrent mark sweep GC freed 815(63KB) AllocSpace objects, 2(120KB) LOS objects, 37% free, 26MB/42MB, paused 912us total 41.808ms
08-06 12:43:12.592 12401 12414 I art     : Starting a blocking GC Explicit
08-06 12:43:12.630 12401 13613 I NAPPA_EXPERIMENTATION: MetricNetworkRequestExecutionTime: REQUEST_DURATION_SYSTEM='235',REQUEST_DURATION_OKHTTP='33',REQUEST_SYNCHRONOUS='TRUE',RESPONSE_CODE='200',RESPONSE_METHOD='GET',RESPONSE_LENGTH_OKHTTP='-1',RESPONSE_LENGTH_HEADER='-2',REQUEST_PROTOCOL='http/1.1',REQUEST_URL='https://uob-timetable-api.adriankeenan.co.uk/courses',
08-06 12:43:12.634 12401 12414 I art     : Explicit concurrent mark sweep GC freed 2178(137KB) AllocSpace objects, 1(80KB) LOS objects, 37% free, 26MB/42MB, paused 547us total 42.252ms
08-06 12:43:12.826 12401 12401 D MainActivity: Saving state
08-06 12:43:12.826 12401 12401 D MainActivity: Saving current fragment: SessionListsFragment
08-06 12:43:12.826 12401 12401 D MainActivity: Saving current index: 3
08-06 12:43:12.827 12401 12401 D SessionListsFragment: Saving state
08-06 12:43:12.898   512  2967 D audio_hw_primary: disable_audio_route: reset and update mixer path: low-latency-playback speaker
08-06 12:43:12.899   512  2967 D audio_hw_primary: disable_snd_device: snd_device(2: speaker)
08-06 12:43:12.906   512  2967 I soundtrigger: audio_extn_sound_trigger_update_device_status: device 0x2 of type 0 for Event 0
08-06 12:43:12.940 12401 13458 I art     : Starting a blocking GC Explicit
08-06 12:43:12.976 12401 13458 I art     : Explicit concurrent mark sweep GC freed 81(3KB) AllocSpace objects, 0(0B) LOS objects, 24% free, 48MB/64MB, paused 554us total 36.257ms
08-06 12:43:12.991 12401 13458 I art     : Starting a blocking GC Explicit
08-06 12:43:13.009 12401 13613 I HTTP    : Response was compressed.
08-06 12:43:13.012 24365 14427 I NetworkScheduler.Stats: Task com.google.android.gms/com.google.android.gms.icing.service.IcingGcmTaskService started execution. cause:4 exec_start_elapsed_seconds: 1864396 [CONTEXT service_id=218 ]
08-06 12:43:13.017 24365 31017 I NetworkScheduler.Stats: Task com.google.android.gms/com.google.android.gms.icing.service.IcingGcmTaskService finished executing. cause:4 result: 1 elapsed_millis: 36 uptime_millis: 36 exec_start_elapsed_seconds: 1864396 [CONTEXT service_id=218 ]
08-06 12:43:13.048 12401 13458 I art     : Explicit concurrent mark sweep GC freed 16439(759KB) AllocSpace objects, 0(0B) LOS objects, 19% free, 64MB/80MB, paused 742us total 56.155ms
08-06 12:43:13.062 12401 13458 I art     : Starting a blocking GC Explicit
08-06 12:43:13.113 12401 13458 I art     : Explicit concurrent mark sweep GC freed 31082(1453KB) AllocSpace objects, 2(22MB) LOS objects, 27% free, 42MB/58MB, paused 781us total 50.907ms
08-06 12:43:13.128 12401 13458 I art     : Starting a blocking GC Explicit
08-06 12:43:13.174 12401 13458 I art     : Explicit concurrent mark sweep GC freed 34399(1637KB) AllocSpace objects, 0(0B) LOS objects, 27% free, 42MB/58MB, paused 855us total 45.822ms
08-06 12:43:13.189 12401 13458 I art     : Starting a blocking GC Explicit
08-06 12:43:13.236 12401 13458 I art     : Explicit concurrent mark sweep GC freed 33008(1553KB) AllocSpace objects, 0(0B) LOS objects, 27% free, 42MB/58MB, paused 861us total 46.431ms
08-06 12:43:13.546 12401 13458 I art     : Starting a blocking GC Explicit
08-06 12:43:13.616 12401 13458 I art     : Explicit concurrent mark sweep GC freed 193412(8MB) AllocSpace objects, 1(20KB) LOS objects, 26% free, 44MB/60MB, paused 961us total 68.962ms
08-06 12:43:13.633 12401 13458 I art     : Starting a blocking GC Explicit
08-06 12:43:13.685 12401 13458 I art     : Explicit concurrent mark sweep GC freed 44946(2MB) AllocSpace objects, 0(0B) LOS objects, 26% free, 44MB/60MB, paused 1.142ms total 51.266ms
08-06 12:43:13.702 12401 13458 I art     : Starting a blocking GC Explicit
08-06 12:43:13.754 12401 13458 I art     : Explicit concurrent mark sweep GC freed 37278(1765KB) AllocSpace objects, 0(0B) LOS objects, 26% free, 44MB/60MB, paused 1.045ms total 52.087ms
08-06 12:43:13.771 12401 13458 I art     : Starting a blocking GC Explicit
08-06 12:43:13.824 12401 13458 I art     : Explicit concurrent mark sweep GC freed 36887(1726KB) AllocSpace objects, 0(0B) LOS objects, 26% free, 44MB/60MB, paused 1.102ms total 52.026ms
08-06 12:43:13.840 12401 13458 I art     : Starting a blocking GC Explicit
08-06 12:43:13.895 12401 13458 I art     : Explicit concurrent mark sweep GC freed 37384(1778KB) AllocSpace objects, 0(0B) LOS objects, 26% free, 45MB/61MB, paused 1.101ms total 54.055ms
08-06 12:43:13.900  6991  6993 E QC-QMI  : qmi_client [6991] 616: failed to locate client data
08-06 12:43:13.901   519   519 E QC-QMI  : qmuxd: RX on fd=18 returned error=0 errno[2:No such file or directory]
08-06 12:43:13.901   519   519 E QC-QMI  : QMUX qmux_client_id=616 not found in qmux client list, unable to remove
08-06 12:43:13.902  6991  6991 I Atfwd_Daemon: Stop the daemon....
08-06 12:43:13.909 13638 13638 W ATFWD-daemon: type=1400 audit(0.0:740163): avc: denied { read write } for name="diag" dev="tmpfs" ino=1296 scontext=u:r:atfwd:s0 tcontext=u:object_r:diag_device:s0 tclass=chr_file permissive=0
08-06 12:43:13.924 13638 13638 I libmdmdetect: ESOC framework not supported
08-06 12:43:13.925 13638 13638 I libmdmdetect: Found internal modem: modem
08-06 12:43:13.925 13638 13638 E Diag_Lib:  Diag_LSM_Init: Failed to open handle to diag driver, error = 13
08-06 12:43:13.929 13638 13638 I Atfwd_Daemon: result : 255 	 ,Init step :0 	 ,qmiErrorCode: 0
08-06 12:43:13.929 13638 13638 I Atfwd_Daemon: result : 0 	 ,Init step :1 	 ,qmiErrorCode: 0
08-06 12:43:13.930 13638 13638 I ServiceManager: Waiting for service AtCmdFwd...
08-06 12:43:14.204 12401 12414 I art     : Starting a blocking GC Explicit
08-06 12:43:14.283 12401 12414 I art     : Explicit concurrent mark sweep GC freed 199028(9MB) AllocSpace objects, 1(20KB) LOS objects, 25% free, 46MB/62MB, paused 982us total 78.352ms
08-06 12:43:14.303 12401 12414 I art     : Starting a blocking GC Explicit
08-06 12:43:14.363 12401 12414 I art     : Explicit concurrent mark sweep GC freed 50272(2MB) AllocSpace objects, 0(0B) LOS objects, 25% free, 46MB/62MB, paused 1.295ms total 60.008ms
08-06 12:43:14.381 12401 12414 I art     : Starting a blocking GC Explicit
08-06 12:43:14.441 12401 12414 I art     : Explicit concurrent mark sweep GC freed 41469(1946KB) AllocSpace objects, 0(0B) LOS objects, 25% free, 47MB/63MB, paused 1.253ms total 59.188ms
08-06 12:43:14.459 12401 12414 I art     : Starting a blocking GC Explicit
08-06 12:43:14.518 12401 12414 I art     : Explicit concurrent mark sweep GC freed 41475(1945KB) AllocSpace objects, 0(0B) LOS objects, 25% free, 47MB/63MB, paused 1.324ms total 58.495ms
08-06 12:43:14.536 12401 12414 I art     : Starting a blocking GC Explicit
08-06 12:43:14.596 12401 12414 I art     : Explicit concurrent mark sweep GC freed 41996(1982KB) AllocSpace objects, 0(0B) LOS objects, 25% free, 47MB/63MB, paused 1.245ms total 59.823ms
08-06 12:43:14.906 12401 13458 I art     : Starting a blocking GC Explicit
08-06 12:43:14.930 13638 13638 I ServiceManager: Waiting for service AtCmdFwd...
08-06 12:43:14.994 12401 13458 I art     : Explicit concurrent mark sweep GC freed 206664(9MB) AllocSpace objects, 1(20KB) LOS objects, 24% free, 49MB/65MB, paused 1.274ms total 87.506ms
08-06 12:43:15.016 12401 13458 I art     : Starting a blocking GC Explicit
08-06 12:43:15.084 12401 13458 I art     : Explicit concurrent mark sweep GC freed 55025(2MB) AllocSpace objects, 0(0B) LOS objects, 24% free, 49MB/65MB, paused 1.358ms total 67.292ms
08-06 12:43:15.105 12401 13458 I art     : Starting a blocking GC Explicit
08-06 12:43:15.175 12401 13458 I art     : Explicit concurrent mark sweep GC freed 48066(2MB) AllocSpace objects, 0(0B) LOS objects, 24% free, 50MB/66MB, paused 1.602ms total 69.772ms
08-06 12:43:15.175 12401 12412 I art     : WaitForGcToComplete blocked for 70.059ms for cause HeapTrim
08-06 12:43:15.196 12401 13458 I art     : Starting a blocking GC Explicit
08-06 12:43:15.267 12401 13458 I art     : Explicit concurrent mark sweep GC freed 48548(2MB) AllocSpace objects, 0(0B) LOS objects, 24% free, 50MB/66MB, paused 1.546ms total 71.175ms
08-06 12:43:15.288 12401 13458 I art     : Starting a blocking GC Explicit
08-06 12:43:15.361 12401 13458 I art     : Explicit concurrent mark sweep GC freed 48147(2MB) AllocSpace objects, 0(0B) LOS objects, 23% free, 50MB/66MB, paused 1.596ms total 72.509ms
08-06 12:43:15.676 12401 13458 I art     : Starting a blocking GC Explicit
08-06 12:43:15.775 12401 13458 I art     : Explicit concurrent mark sweep GC freed 208900(9MB) AllocSpace objects, 1(20KB) LOS objects, 23% free, 52MB/68MB, paused 1.630ms total 98.088ms
08-06 12:43:15.797 12401 13458 I art     : Starting a blocking GC Explicit
08-06 12:43:15.827 12401 13613 I Service : getCourses response time: 0.69
08-06 12:43:15.830 12401 12401 I SettingsManager: Getting string: savedCourse
08-06 12:43:15.870 12401 13458 I art     : Explicit concurrent mark sweep GC freed 42589(2MB) AllocSpace objects, 0(0B) LOS objects, 23% free, 52MB/68MB, paused 1.009ms total 72.888ms
08-06 12:43:15.892 12401 13458 I art     : Starting a blocking GC Explicit
08-06 12:43:15.930 13638 13638 I ServiceManager: Waiting for service AtCmdFwd...
08-06 12:43:15.969 12401 13458 I art     : Explicit concurrent mark sweep GC freed 1166(50KB) AllocSpace objects, 1(14MB) LOS objects, 29% free, 37MB/53MB, paused 639us total 76.900ms
08-06 12:43:15.994 12401 13458 I art     : Starting a blocking GC Explicit
08-06 12:43:16.074 12401 13458 I art     : Explicit concurrent mark sweep GC freed 281(15KB) AllocSpace objects, 0(0B) LOS objects, 29% free, 37MB/53MB, paused 544us total 80.244ms
08-06 12:43:16.099 12401 13458 I art     : Starting a blocking GC Explicit
08-06 12:43:16.182 12401 13458 I art     : Explicit concurrent mark sweep GC freed 573(54KB) AllocSpace objects, 0(0B) LOS objects, 29% free, 37MB/53MB, paused 567us total 82.865ms
08-06 12:43:16.565 12401 12421 I art     : Starting a blocking GC Explicit
08-06 12:43:16.644 12401 12421 I art     : Explicit concurrent mark sweep GC freed 1293(75KB) AllocSpace objects, 1(20KB) LOS objects, 29% free, 37MB/53MB, paused 529us total 78.200ms
08-06 12:43:16.668 12401 12421 I art     : Starting a blocking GC Explicit
08-06 12:43:16.737 12401 12421 I art     : Explicit concurrent mark sweep GC freed 18(624B) AllocSpace objects, 0(0B) LOS objects, 29% free, 37MB/53MB, paused 590us total 69.002ms
08-06 12:43:16.761 12401 12421 I art     : Starting a blocking GC Explicit
08-06 12:43:16.842 12401 12421 I art     : Explicit concurrent mark sweep GC freed 3(96B) AllocSpace objects, 0(0B) LOS objects, 29% free, 37MB/53MB, paused 546us total 80.705ms
08-06 12:43:16.868 12401 12421 I art     : Starting a blocking GC Explicit
08-06 12:43:16.931 13638 13638 I ServiceManager: Waiting for service AtCmdFwd...
08-06 12:43:16.953 12401 12421 I art     : Explicit concurrent mark sweep GC freed 3(96B) AllocSpace objects, 0(0B) LOS objects, 29% free, 37MB/53MB, paused 553us total 84.741ms
08-06 12:43:16.978 12401 12421 I art     : Starting a blocking GC Explicit
08-06 12:43:17.059 12401 12421 I art     : Explicit concurrent mark sweep GC freed 3(96B) AllocSpace objects, 0(0B) LOS objects, 29% free, 37MB/53MB, paused 527us total 80.744ms
08-06 12:43:17.411 12401 12414 I art     : Starting a blocking GC Explicit
08-06 12:43:17.512 12401 12414 I art     : Explicit concurrent mark sweep GC freed 1295(75KB) AllocSpace objects, 1(20KB) LOS objects, 29% free, 37MB/53MB, paused 537us total 100.385ms
08-06 12:43:17.537 12401 12414 I art     : Starting a blocking GC Explicit
08-06 12:43:17.615 12401 12414 I art     : Explicit concurrent mark sweep GC freed 19(656B) AllocSpace objects, 0(0B) LOS objects, 29% free, 37MB/53MB, paused 545us total 78.288ms
08-06 12:43:17.634   918  3188 I hubconnection: sensorhub said: 'set_bias 3: -5.7984, 0.0000, 0.0000'
08-06 12:43:17.641 12401 12414 I art     : Starting a blocking GC Explicit
08-06 12:43:17.722 12401 12414 I art     : Explicit concurrent mark sweep GC freed 3(96B) AllocSpace objects, 0(0B) LOS objects, 29% free, 37MB/53MB, paused 542us total 81.172ms
08-06 12:43:17.748 12401 12414 I art     : Starting a blocking GC Explicit
08-06 12:43:17.830 12401 12414 I art     : Explicit concurrent mark sweep GC freed 3(96B) AllocSpace objects, 0(0B) LOS objects, 29% free, 37MB/53MB, paused 556us total 81.986ms
08-06 12:43:17.856 12401 12414 I art     : Starting a blocking GC Explicit
08-06 12:43:17.932 13638 13638 I ServiceManager: Waiting for service AtCmdFwd...
08-06 12:43:17.937 12401 12414 I art     : Explicit concurrent mark sweep GC freed 3(96B) AllocSpace objects, 0(0B) LOS objects, 29% free, 37MB/53MB, paused 562us total 81.120ms
08-06 12:43:17.978   918   937 W ProcessCpuTracker: Skipping unknown process pid 13688
08-06 12:43:17.978   918   937 W ProcessCpuTracker: Skipping unknown process pid 13690
08-06 12:43:17.979   918   937 W ProcessCpuTracker: Skipping unknown process pid 13691
08-06 12:43:18.312 12401 12413 I art     : Starting a blocking GC Explicit
08-06 12:43:18.401 12401 12413 I art     : Explicit concurrent mark sweep GC freed 1293(75KB) AllocSpace objects, 1(20KB) LOS objects, 29% free, 37MB/53MB, paused 540us total 89.544ms
08-06 12:43:18.426 12401 12413 I art     : Starting a blocking GC Explicit
08-06 12:43:18.511 12401 12413 I art     : Explicit concurrent mark sweep GC freed 18(624B) AllocSpace objects, 0(0B) LOS objects, 29% free, 37MB/53MB, paused 525us total 84.430ms
08-06 12:43:18.536 12401 12413 I art     : Starting a blocking GC Explicit
08-06 12:43:18.611 12401 12413 I art     : Explicit concurrent mark sweep GC freed 3(96B) AllocSpace objects, 0(0B) LOS objects, 29% free, 37MB/53MB, paused 768us total 75.295ms
08-06 12:43:18.634 12401 12413 I art     : Starting a blocking GC Explicit
08-06 12:43:18.704 12401 12413 I art     : Explicit concurrent mark sweep GC freed 3(96B) AllocSpace objects, 0(0B) LOS objects, 29% free, 37MB/53MB, paused 607us total 69.328ms
08-06 12:43:18.729 12401 12413 I art     : Starting a blocking GC Explicit
08-06 12:43:18.806 12401 12413 I art     : Explicit concurrent mark sweep GC freed 3(96B) AllocSpace objects, 0(0B) LOS objects, 29% free, 37MB/53MB, paused 558us total 76.611ms
08-06 12:43:18.932 13638 13638 W Atfwd_Sendcmd: AtCmdFwd service not published, waiting... retryCnt : 1
08-06 12:43:19.111 13702 13702 D AndroidRuntime: >>>>>> START com.android.internal.os.RuntimeInit uid 2000 <<<<<<
08-06 12:43:19.118 13702 13702 D AndroidRuntime: CheckJNI is OFF
08-06 12:43:19.150 12401 13458 I art     : Starting a blocking GC Explicit
08-06 12:43:19.164 13702 13702 D ICU     : No timezone override file found: /data/misc/zoneinfo/current/icu/icu_tzdata.dat
08-06 12:43:19.211 13702 13702 I Radio-JNI: register_android_hardware_Radio DONE
08-06 12:43:19.231 12401 13458 I art     : Explicit concurrent mark sweep GC freed 1293(75KB) AllocSpace objects, 1(20KB) LOS objects, 29% free, 37MB/53MB, paused 554us total 80.778ms
08-06 12:43:19.242 13702 13702 D AndroidRuntime: Calling main entry com.android.commands.input.Input
08-06 12:43:19.244 13702 13702 I Input   : injectMotionEvent: MotionEvent { action=ACTION_DOWN, actionButton=0, id[0]=0, x[0]=648.0, y[0]=709.0, toolType[0]=TOOL_TYPE_UNKNOWN, buttonState=0, metaState=0, flags=0x0, edgeFlags=0x0, pointerCount=1, historySize=0, eventTime=881015657, downTime=881015657, deviceId=0, source=0x1002 }
08-06 12:43:19.251 13702 13702 I Input   : injectMotionEvent: MotionEvent { action=ACTION_UP, actionButton=0, id[0]=0, x[0]=648.0, y[0]=709.0, toolType[0]=TOOL_TYPE_UNKNOWN, buttonState=0, metaState=0, flags=0x0, edgeFlags=0x0, pointerCount=1, historySize=0, eventTime=881015657, downTime=881015657, deviceId=0, source=0x1002 }
08-06 12:43:19.253 13702 13702 D AndroidRuntime: Shutting down VM
08-06 12:43:19.256 12401 13458 I art     : Starting a blocking GC Explicit
08-06 12:43:19.319   512  2967 D audio_hw_primary: out_set_parameters: enter: usecase(1: low-latency-playback) kvpairs: routing=2
08-06 12:43:19.330 12401 13458 I art     : Explicit concurrent mark sweep GC freed 205(20KB) AllocSpace objects, 1(20KB) LOS objects, 29% free, 37MB/53MB, paused 1.005ms total 73.319ms
08-06 12:43:19.332   512  2967 D audio_hw_primary: select_devices: out_snd_device(2: speaker) in_snd_device(0: none)
08-06 12:43:19.332   512  2967 D msm8974_platform: platform_send_audio_calibration: sending audio calibration for snd_device(2) acdb_id(15)
08-06 12:43:19.332   512  2967 I soundtrigger: audio_extn_sound_trigger_update_device_status: device 0x2 of type 0 for Event 1
08-06 12:43:19.343   512  2967 D audio_hw_primary: enable_snd_device: snd_device(2: speaker)
08-06 12:43:19.345   512  2967 D audio_hw_primary: enable_audio_route: apply and update mixer path: low-latency-playback speaker
08-06 12:43:19.352 12401 13458 I art     : Starting a blocking GC Explicit
08-06 12:43:19.421 12401 13458 I art     : Explicit concurrent mark sweep GC freed 628(39KB) AllocSpace objects, 0(0B) LOS objects, 29% free, 37MB/53MB, paused 597us total 69.149ms
08-06 12:43:19.446 12401 13458 I art     : Starting a blocking GC Explicit
08-06 12:43:19.522 12401 13458 I art     : Explicit concurrent mark sweep GC freed 97(4KB) AllocSpace objects, 0(0B) LOS objects, 29% free, 37MB/53MB, paused 545us total 75.119ms
08-06 12:43:19.546 12401 13458 I art     : Starting a blocking GC Explicit
08-06 12:43:19.629 12401 13458 I art     : Explicit concurrent mark sweep GC freed 7(240B) AllocSpace objects, 0(0B) LOS objects, 29% free, 37MB/53MB, paused 853us total 82.174ms
08-06 12:43:19.879   512  2967 D audio_hw_primary: disable_audio_route: reset and update mixer path: low-latency-playback speaker
08-06 12:43:19.881   512  2967 D audio_hw_primary: disable_snd_device: snd_device(2: speaker)
08-06 12:43:19.891   512  2967 I soundtrigger: audio_extn_sound_trigger_update_device_status: device 0x2 of type 0 for Event 0
08-06 12:43:19.981 12401 13458 I art     : Starting a blocking GC Explicit
08-06 12:43:20.073 12401 13458 I art     : Explicit concurrent mark sweep GC freed 1295(75KB) AllocSpace objects, 1(20KB) LOS objects, 29% free, 37MB/53MB, paused 523us total 92.608ms
08-06 12:43:20.104 12401 13458 I art     : Starting a blocking GC Explicit
08-06 12:43:20.184 12401 13458 I art     : Explicit concurrent mark sweep GC freed 26(880B) AllocSpace objects, 0(0B) LOS objects, 29% free, 37MB/53MB, paused 506us total 80.428ms
08-06 12:43:20.208 12401 13458 I art     : Starting a blocking GC Explicit
08-06 12:43:20.284 12401 13458 I art     : Explicit concurrent mark sweep GC freed 5(160B) AllocSpace objects, 0(0B) LOS objects, 29% free, 37MB/53MB, paused 542us total 76.160ms
08-06 12:43:20.285 12401 12412 I art     : WaitForGcToComplete blocked for 17.105ms for cause HeapTrim
08-06 12:43:20.309 12401 13458 I art     : Starting a blocking GC Explicit
08-06 12:43:20.386 12401 13458 I art     : Explicit concurrent mark sweep GC freed 3(96B) AllocSpace objects, 0(0B) LOS objects, 29% free, 37MB/53MB, paused 533us total 76.456ms
08-06 12:43:20.411 12401 13458 I art     : Starting a blocking GC Explicit
08-06 12:43:20.486 12401 13458 I art     : Explicit concurrent mark sweep GC freed 3(96B) AllocSpace objects, 0(0B) LOS objects, 29% free, 37MB/53MB, paused 501us total 75.410ms
08-06 12:43:20.801 12401 12616 I art     : Starting a blocking GC Explicit
08-06 12:43:20.886 12401 12616 I art     : Explicit concurrent mark sweep GC freed 1293(75KB) AllocSpace objects, 1(20KB) LOS objects, 29% free, 37MB/53MB, paused 542us total 84.666ms
08-06 12:43:20.911 12401 12616 I art     : Starting a blocking GC Explicit
08-06 12:43:20.989 12401 12616 I art     : Explicit concurrent mark sweep GC freed 20(688B) AllocSpace objects, 0(0B) LOS objects, 29% free, 37MB/53MB, paused 637us total 77.984ms
08-06 12:43:21.017 12401 12616 I art     : Starting a blocking GC Explicit
08-06 12:43:21.041 13735 13735 D AndroidRuntime: >>>>>> START com.android.internal.os.RuntimeInit uid 2000 <<<<<<
08-06 12:43:21.046 13735 13735 D AndroidRuntime: CheckJNI is OFF
08-06 12:43:21.093 13735 13735 D ICU     : No timezone override file found: /data/misc/zoneinfo/current/icu/icu_tzdata.dat
08-06 12:43:21.096 12401 12616 I art     : Explicit concurrent mark sweep GC freed 15(480B) AllocSpace objects, 0(0B) LOS objects, 29% free, 37MB/53MB, paused 561us total 78.358ms
08-06 12:43:21.123 12401 12616 I art     : Starting a blocking GC Explicit
08-06 12:43:21.140 13735 13735 I Radio-JNI: register_android_hardware_Radio DONE
08-06 12:43:21.169 13735 13735 D AndroidRuntime: Calling main entry com.android.commands.input.Input
08-06 12:43:21.172 13735 13735 I Input   : injectMotionEvent: MotionEvent { action=ACTION_DOWN, actionButton=0, id[0]=0, x[0]=1197.0, y[0]=1456.0, toolType[0]=TOOL_TYPE_UNKNOWN, buttonState=0, metaState=0, flags=0x0, edgeFlags=0x0, pointerCount=1, historySize=0, eventTime=881017584, downTime=881017584, deviceId=0, source=0x1002 }
08-06 12:43:21.177 13735 13735 I Input   : injectMotionEvent: MotionEvent { action=ACTION_UP, actionButton=0, id[0]=0, x[0]=1197.0, y[0]=1456.0, toolType[0]=TOOL_TYPE_UNKNOWN, buttonState=0, metaState=0, flags=0x0, edgeFlags=0x0, pointerCount=1, historySize=0, eventTime=881017584, downTime=881017584, deviceId=0, source=0x1002 }
08-06 12:43:21.178 13735 13735 D AndroidRuntime: Shutting down VM
08-06 12:43:21.192   512  2967 D audio_hw_primary: out_set_parameters: enter: usecase(1: low-latency-playback) kvpairs: routing=2
08-06 12:43:21.197 12401 12616 I art     : Explicit concurrent mark sweep GC freed 38(1344B) AllocSpace objects, 0(0B) LOS objects, 29% free, 37MB/53MB, paused 532us total 73.057ms
08-06 12:43:21.205   512  2967 D audio_hw_primary: select_devices: out_snd_device(2: speaker) in_snd_device(0: none)
08-06 12:43:21.206   512  2967 D msm8974_platform: platform_send_audio_calibration: sending audio calibration for snd_device(2) acdb_id(15)
08-06 12:43:21.206   512  2967 I soundtrigger: audio_extn_sound_trigger_update_device_status: device 0x2 of type 0 for Event 1
08-06 12:43:21.209 12401 12417 D OpenGLRenderer: endAllStagingAnimators on 0x7f81345000 (RippleDrawable) with handle 0x7f79f3fb20
08-06 12:43:21.215   512  2967 D audio_hw_primary: enable_snd_device: snd_device(2: speaker)
08-06 12:43:21.217   512  2967 D audio_hw_primary: enable_audio_route: apply and update mixer path: low-latency-playback speaker
08-06 12:43:21.218 12401 12401 I SettingsManager: Setting string: savedCourse
08-06 12:43:21.219   918  4413 W BackupManagerService: dataChanged but no participant pkg='baseline.com.ak.uobtimetable' uid=10710
08-06 12:43:21.219   918  3714 I ActivityManager: START u0 {flg=0x4000000 cmp=baseline.com.ak.uobtimetable/.MainActivity (has extras)} from uid 10710 on display 0
08-06 12:43:21.221 12401 12616 I art     : Starting a blocking GC Explicit
08-06 12:43:21.235   918  3670 W InputMethodManagerService: Focus gain on non-focused client com.android.internal.view.IInputMethodClient$Stub$Proxy@737158c (uid=10710 pid=12401)
08-06 12:43:21.251 12401 12401 D MainActivity: OnDestroy
08-06 12:43:21.275 12401 12401 D MainActivity: onCreate
08-06 12:43:21.275 12401 12401 I SettingsManager: Getting string: savedSessions
08-06 12:43:21.275 12401 12401 I SettingsManager: Getting string: savedSessions
08-06 12:43:21.285 12401 12401 I SettingsManager: Getting string: savedSessionsCourseName
08-06 12:43:21.285 12401 12401 I SettingsManager: Getting string: savedSessionsCourseName
08-06 12:43:21.285 12401 12401 I SettingsManager: Getting string: savedSessionsDateRange
08-06 12:43:21.286 12401 12401 I SettingsManager: Getting string: savedSessionsDateRange
08-06 12:43:21.286 12401 12401 I Settings: 15 saved sessions - Artificial Intelligence and Robotics (with Foundation Year) - BSc (Hons) - Ltn - Y0 Feb FT - Weeks: 24-38 (8 Jun 2020-20 Sep 2020)
08-06 12:43:21.296 12401 12616 I art     : Explicit concurrent mark sweep GC freed 11629(537KB) AllocSpace objects, 0(0B) LOS objects, 29% free, 37MB/53MB, paused 879us total 74.798ms
08-06 12:43:21.330 12401 12401 I SettingsManager: Getting string: savedCourse
08-06 12:43:21.331 12401 12401 D MainActivity: sessionListFragmentArg: updateSessions
08-06 12:43:21.331 12401 12401 D MainActivity: showTermDatesConfigChange: false
08-06 12:43:21.331 12401 12401 D MainActivity: showTermDatesShortcut: false
08-06 12:43:21.331 12401 12401 D MainActivity: Setting initial fragment: SessionListsFragment
08-06 12:43:21.332 12401 12401 I SettingsManager: Getting int: launchCount
08-06 12:43:21.333 12401 12401 D SessionListsFragment: onCreateView
08-06 12:43:21.338 12401 12401 I SettingsManager: Getting string: savedCourse
08-06 12:43:21.342 12401 12401 I SettingsManager: Getting string: savedSessions
08-06 12:43:21.353 12401 12401 D SessionListsFragment: loadArgument: updateSessions
08-06 12:43:21.353 12401 12401 D SessionListsFragment: initialIndex: -1
08-06 12:43:21.355 12401 13760 D HTTP    : Request for: https://uob-timetable-api.adriankeenan.co.uk/sessions?dept=CM010&course=BSAIFAAF%2F02AA%2F0%2FFT&level=Foundation+Year
08-06 12:43:21.369 12401 12401 D TermDatesFragment: WebView loaded
08-06 12:43:21.369 12401 12401 D MainActivity: OnResume
08-06 12:43:21.444 12401 12401 I TermDatesFragment: Webview load %: 10
08-06 12:43:21.468   918   936 I ActivityManager: Displayed baseline.com.ak.uobtimetable/.MainActivity: +229ms
08-06 12:43:21.469 13866 13866 I GoogleInputMethodServic: GoogleInputMethodService.onFinishInput():3138 
08-06 12:43:21.470 13866 13866 I GoogleInputMethodServic: GoogleInputMethodService.onStartInput():1808 
08-06 12:43:21.535   918  3261 D WifiStateMachine: starting scan for "H369AA63323"WPA_PSK with 2412,5180
08-06 12:43:21.589 12401 13760 I NAPPA_EXPERIMENTATION: MetricNetworkRequestExecutionTime: REQUEST_DURATION_SYSTEM='232',REQUEST_DURATION_OKHTTP='67',REQUEST_SYNCHRONOUS='TRUE',RESPONSE_CODE='200',RESPONSE_METHOD='GET',RESPONSE_LENGTH_OKHTTP='-1',RESPONSE_LENGTH_HEADER='1214',REQUEST_PROTOCOL='http/1.1',REQUEST_URL='https://uob-timetable-api.adriankeenan.co.uk/sessions?dept=CM010&course=BSAIFAAF%2F02AA%2F0%2FFT&level=Foundation+Year',
08-06 12:43:21.592 12401 12401 I TermDatesFragment: Webview load %: 70
08-06 12:43:21.594 12401 13458 I art     : Starting a blocking GC Explicit
08-06 12:43:21.605 12401 12401 I TermDatesFragment: Webview load %: 100
08-06 12:43:21.605 12401 12401 I TermDatesFragment: Webview load %: 100
08-06 12:43:21.640 12401 13760 I HTTP    : Response was compressed.
08-06 12:43:21.654 12401 13760 I Service : getSessions response time: 1.10
08-06 12:43:21.654 12401 12401 I SettingsManager: Getting string: savedSessions
08-06 12:43:21.655 12401 12401 I SettingsManager: Getting string: savedSessions
08-06 12:43:21.676 12401 13458 I art     : Explicit concurrent mark sweep GC freed 20305(971KB) AllocSpace objects, 7(1576KB) LOS objects, 29% free, 38MB/54MB, paused 1.082ms total 81.485ms
08-06 12:43:21.681 12401 12401 I Service : Sessions updated: 15
08-06 12:43:21.681 12401 12401 I Service : Sessions removed from new list: 0
08-06 12:43:21.692 12401 12401 I SettingsManager: Setting string: savedSessions
08-06 12:43:21.692   918  3961 W BackupManagerService: dataChanged but no participant pkg='baseline.com.ak.uobtimetable' uid=10710
08-06 12:43:21.693 12401 12401 I SettingsManager: Setting date: savedSessionsTime
08-06 12:43:21.701 12401 13458 I art     : Starting a blocking GC Explicit
08-06 12:43:21.703   918  4413 W BackupManagerService: dataChanged but no participant pkg='baseline.com.ak.uobtimetable' uid=10710
08-06 12:43:21.704 12401 12401 I SettingsManager: Setting string: savedSessionsCourseName
08-06 12:43:21.704   918  3714 W BackupManagerService: dataChanged but no participant pkg='baseline.com.ak.uobtimetable' uid=10710
08-06 12:43:21.704 12401 12401 I SettingsManager: Setting string: savedSessionsDateRange
08-06 12:43:21.704   918  3670 W BackupManagerService: dataChanged but no participant pkg='baseline.com.ak.uobtimetable' uid=10710
08-06 12:43:21.705 12401 12401 I SettingsManager: Setting string: timetableUrl
08-06 12:43:21.705   918  4400 W BackupManagerService: dataChanged but no participant pkg='baseline.com.ak.uobtimetable' uid=10710
08-06 12:43:21.705 12401 12401 I SettingsManager: Getting boolean: notifySessionRemindersEnabled
08-06 12:43:21.705 12401 12401 I SettingsManager: Getting int: notifySessionRemindersMinutes
08-06 12:43:21.705 12401 12401 I SettingsManager: Getting boolean: showHiddenSessions
08-06 12:43:21.707 12401 12401 I SessionReminderNotifier: Created session reminder alarm for f7b4771250a919bd729c1c5a4a459c77 at Mon 08:30:00 10/08/20
08-06 12:43:21.709 12401 12401 I SessionReminderNotifier: Created session reminder alarm for a7f879aabdeb78622c8820a5fb7b64cd at Tue 08:30:00 11/08/20
08-06 12:43:21.711 12401 12401 I SessionReminderNotifier: Created session reminder alarm for 7bc8d7e2c2055711f597c3d9078c6ea3 at Tue 08:30:00 11/08/20
08-06 12:43:21.713 12401 12401 I SessionReminderNotifier: Created session reminder alarm for 53c0527a6f009a1f2fd223834d3bfe51 at Tue 10:30:00 11/08/20
08-06 12:43:21.715 12401 12401 I SessionReminderNotifier: Created session reminder alarm for e0fc978b5db8218778540b4053344581 at Tue 11:00:00 11/08/20
08-06 12:43:21.717 12401 12401 I SessionReminderNotifier: Created session reminder alarm for 199afb0100f329ff65a09e1b0cd9deba at Tue 11:30:00 11/08/20
08-06 12:43:21.719 12401 12401 I SessionReminderNotifier: Created session reminder alarm for 21712fef61090882c855a1425543edb5 at Tue 13:30:00 11/08/20
08-06 12:43:21.721 12401 12401 I SessionReminderNotifier: Created session reminder alarm for 65ca4d97f031f29a4d02bbb45a705d8f at Wed 08:30:00 12/08/20
08-06 12:43:21.723 12401 12401 I SessionReminderNotifier: Created session reminder alarm for eeda7741b0bcab58fd9f46dc6ef1d942 at Wed 08:30:00 12/08/20
08-06 12:43:21.725 12401 12401 I SessionReminderNotifier: Created session reminder alarm for c276c1b2075a0beb67f1b3d1e580f920 at Wed 11:00:00 12/08/20
08-06 12:43:21.727 12401 12401 I SessionReminderNotifier: Created session reminder alarm for 8b1f3627e42ae13a6f6ba0a83903dde1 at Wed 13:30:00 12/08/20
08-06 12:43:21.729 12401 12401 I SessionReminderNotifier: Created session reminder alarm for 79fe0b5c3b887a13ba29db5a33fa2800 at Thu 08:30:00 13/08/20
08-06 12:43:21.731 12401 12401 I SessionReminderNotifier: Created session reminder alarm for cb9dfc8231cdba2be0835dc5709690e1 at Thu 08:30:00 13/08/20
08-06 12:43:21.733 12401 12401 I SessionReminderNotifier: Created session reminder alarm for f850dc24d6de60b7b89fa9e1a8c224c5 at Thu 12:00:00 06/08/20
08-06 12:43:21.735 12401 12401 I SessionReminderNotifier: Created session reminder alarm for 2ba1034116e4fffdd592dbf0796a43d5 at Fri 08:30:00 07/08/20
08-06 12:43:21.735 12401 12401 I SettingsManager: Getting boolean: showHiddenSessions
08-06 12:43:21.735 12401 12401 D SessionListsFragment: 1 sessions for day 0
08-06 12:43:21.735 12401 12401 D SessionListsFragment: 6 sessions for day 1
08-06 12:43:21.735 12401 12401 D SessionListsFragment: 4 sessions for day 2
08-06 12:43:21.735 12401 12401 D SessionListsFragment: 3 sessions for day 3
08-06 12:43:21.735 12401 12401 D SessionListsFragment: 1 sessions for day 4
08-06 12:43:21.758   512  2967 D audio_hw_primary: disable_audio_route: reset and update mixer path: low-latency-playback speaker
08-06 12:43:21.759   512  2967 D audio_hw_primary: disable_snd_device: snd_device(2: speaker)
08-06 12:43:21.768   512  2967 I soundtrigger: audio_extn_sound_trigger_update_device_status: device 0x2 of type 0 for Event 0
08-06 12:43:21.775 12401 13458 I art     : Explicit concurrent mark sweep GC freed 18258(986KB) AllocSpace objects, 3(76KB) LOS objects, 29% free, 37MB/53MB, paused 1.348ms total 74.498ms
08-06 12:43:21.787 12401 12401 I SettingsManager: Getting boolean: showHiddenSessions
08-06 12:43:21.787 12401 12401 D SessionListsFragment: Refreshed ViewPager
08-06 12:43:21.788 12401 12401 I SettingsManager: Getting boolean: showHiddenSessions
08-06 12:43:21.788 12401 12401 I SettingsManager: Getting boolean: completedTutorial
08-06 12:43:21.788 12401 12401 I SettingsManager: Getting boolean: showHiddenSessions
08-06 12:43:21.788 12401 12401 I SettingsManager: Getting date: savedSessionsTime
08-06 12:43:21.799 12401 13458 I art     : Starting a blocking GC Explicit
08-06 12:43:21.868 12401 13458 I art     : Explicit concurrent mark sweep GC freed 61220(2MB) AllocSpace objects, 1(80KB) LOS objects, 30% free, 36MB/52MB, paused 1.292ms total 69.243ms
08-06 12:43:21.889 12401 13458 I art     : Starting a blocking GC Explicit
08-06 12:43:21.960 12401 13458 I art     : Explicit concurrent mark sweep GC freed 29677(1214KB) AllocSpace objects, 0(0B) LOS objects, 30% free, 36MB/52MB, paused 1.400ms total 70.201ms
08-06 12:43:21.982 12401 13458 I art     : Starting a blocking GC Explicit
08-06 12:43:22.055 12401 13458 I art     : Explicit concurrent mark sweep GC freed 32372(1319KB) AllocSpace objects, 0(0B) LOS objects, 30% free, 36MB/52MB, paused 1.252ms total 72.455ms
08-06 12:43:22.375 12401 12421 I art     : Starting a blocking GC Explicit
08-06 12:43:22.472 12401 12421 I art     : Explicit concurrent mark sweep GC freed 139204(5MB) AllocSpace objects, 1(20KB) LOS objects, 29% free, 37MB/53MB, paused 1.383ms total 97.045ms
08-06 12:43:22.496 12401 12421 I art     : Starting a blocking GC Explicit
08-06 12:43:22.575 12401 12421 I art     : Explicit concurrent mark sweep GC freed 40473(1812KB) AllocSpace objects, 0(0B) LOS objects, 29% free, 37MB/53MB, paused 1.450ms total 78.493ms
08-06 12:43:22.599 12401 12421 I art     : Starting a blocking GC Explicit
08-06 12:43:22.662 12401 12401 I Choreographer: Skipped 51 frames!  The application may be doing too much work on its main thread.
08-06 12:43:22.678 12401 12421 I art     : Explicit concurrent mark sweep GC freed 29231(1202KB) AllocSpace objects, 0(0B) LOS objects, 29% free, 37MB/53MB, paused 1.225ms total 79.253ms
08-06 12:43:22.704 12401 12421 I art     : Starting a blocking GC Explicit
08-06 12:43:22.772 12401 12421 I art     : Explicit concurrent mark sweep GC freed 1302(92KB) AllocSpace objects, 0(0B) LOS objects, 29% free, 37MB/53MB, paused 502us total 67.807ms
08-06 12:43:22.794 12401 12421 I art     : Starting a blocking GC Explicit
08-06 12:43:22.852 12401 12421 I art     : Explicit concurrent mark sweep GC freed 121529(11MB) AllocSpace objects, 3(136KB) LOS objects, 37% free, 26MB/42MB, paused 533us total 57.222ms
08-06 12:43:23.206 12401 12616 I art     : Starting a blocking GC Explicit
08-06 12:43:23.255 12401 12616 I art     : Explicit concurrent mark sweep GC freed 1517(85KB) AllocSpace objects, 1(20KB) LOS objects, 37% free, 26MB/42MB, paused 580us total 48.971ms
08-06 12:43:23.272 12401 12616 I art     : Starting a blocking GC Explicit
08-06 12:43:23.316 12401 12616 I art     : Explicit concurrent mark sweep GC freed 18(624B) AllocSpace objects, 0(0B) LOS objects, 37% free, 26MB/42MB, paused 543us total 43.592ms
08-06 12:43:23.332 12401 12616 I art     : Starting a blocking GC Explicit
08-06 12:43:23.380 12401 12616 I art     : Explicit concurrent mark sweep GC freed 13(512B) AllocSpace objects, 0(0B) LOS objects, 37% free, 26MB/42MB, paused 545us total 46.986ms
08-06 12:43:23.399 12401 12616 I art     : Starting a blocking GC Explicit
08-06 12:43:23.441 12401 12616 I art     : Explicit concurrent mark sweep GC freed 35(1152B) AllocSpace objects, 0(0B) LOS objects, 37% free, 26MB/42MB, paused 674us total 42.145ms
08-06 12:43:23.457 12401 12616 I art     : Starting a blocking GC Explicit
08-06 12:43:23.500 12401 12616 I art     : Explicit concurrent mark sweep GC freed 44(1424B) AllocSpace objects, 0(0B) LOS objects, 37% free, 26MB/42MB, paused 539us total 42.731ms
08-06 12:43:23.841 12401 12414 I art     : Starting a blocking GC Explicit
08-06 12:43:23.901 12401 12414 I art     : Explicit concurrent mark sweep GC freed 1360(77KB) AllocSpace objects, 1(20KB) LOS objects, 37% free, 26MB/42MB, paused 556us total 59.247ms
08-06 12:43:23.920 12401 12414 I art     : Starting a blocking GC Explicit
08-06 12:43:23.933 13638 13638 I ServiceManager: Waiting for service AtCmdFwd...
08-06 12:43:23.967 12401 12414 I art     : Explicit concurrent mark sweep GC freed 18(624B) AllocSpace objects, 0(0B) LOS objects, 37% free, 26MB/42MB, paused 573us total 46.728ms
08-06 12:43:23.983 12401 12414 I art     : Starting a blocking GC Explicit
08-06 12:43:24.031 12401 12414 I art     : Explicit concurrent mark sweep GC freed 3(96B) AllocSpace objects, 0(0B) LOS objects, 37% free, 26MB/42MB, paused 565us total 47.545ms
08-06 12:43:24.047 12401 12414 I art     : Starting a blocking GC Explicit
08-06 12:43:24.095 12401 12414 I art     : Explicit concurrent mark sweep GC freed 3(96B) AllocSpace objects, 0(0B) LOS objects, 37% free, 26MB/42MB, paused 570us total 47.788ms
08-06 12:43:24.112 12401 12414 I art     : Starting a blocking GC Explicit
08-06 12:43:24.161 12401 12414 I art     : Explicit concurrent mark sweep GC freed 3(96B) AllocSpace objects, 0(0B) LOS objects, 37% free, 26MB/42MB, paused 562us total 49.027ms
08-06 12:43:24.498 12401 12413 I art     : Starting a blocking GC Explicit
08-06 12:43:24.562 12401 12413 I art     : Explicit concurrent mark sweep GC freed 1293(75KB) AllocSpace objects, 1(20KB) LOS objects, 37% free, 26MB/42MB, paused 602us total 63.671ms
08-06 12:43:24.582 12401 12413 I art     : Starting a blocking GC Explicit
08-06 12:43:24.629 12401 12413 I art     : Explicit concurrent mark sweep GC freed 18(624B) AllocSpace objects, 0(0B) LOS objects, 37% free, 26MB/42MB, paused 534us total 45.903ms
08-06 12:43:24.645 12401 12413 I art     : Starting a blocking GC Explicit
08-06 12:43:24.691 12401 12413 I art     : Explicit concurrent mark sweep GC freed 3(96B) AllocSpace objects, 0(0B) LOS objects, 37% free, 26MB/42MB, paused 550us total 45.594ms
08-06 12:43:24.707 12401 12413 I art     : Starting a blocking GC Explicit
08-06 12:43:24.755 12401 12413 I art     : Explicit concurrent mark sweep GC freed 3(96B) AllocSpace objects, 0(0B) LOS objects, 37% free, 26MB/42MB, paused 568us total 47.765ms
08-06 12:43:24.772 12401 12413 I art     : Starting a blocking GC Explicit
08-06 12:43:24.818 12401 12413 I art     : Explicit concurrent mark sweep GC freed 3(96B) AllocSpace objects, 0(0B) LOS objects, 37% free, 26MB/42MB, paused 608us total 45.304ms
08-06 12:43:24.934 13638 13638 I ServiceManager: Waiting for service AtCmdFwd...
08-06 12:43:25.171 12401 12421 I art     : Starting a blocking GC Explicit
08-06 12:43:25.234 12401 12421 I art     : Explicit concurrent mark sweep GC freed 1293(75KB) AllocSpace objects, 1(20KB) LOS objects, 37% free, 26MB/42MB, paused 583us total 62.621ms
08-06 12:43:25.253 12401 12421 I art     : Starting a blocking GC Explicit
08-06 12:43:25.298 12401 12421 I art     : Explicit concurrent mark sweep GC freed 18(624B) AllocSpace objects, 0(0B) LOS objects, 37% free, 26MB/42MB, paused 587us total 45.366ms
08-06 12:43:25.315 12401 12421 I art     : Starting a blocking GC Explicit
08-06 12:43:25.362 12401 12421 I art     : Explicit concurrent mark sweep GC freed 3(96B) AllocSpace objects, 0(0B) LOS objects, 37% free, 26MB/42MB, paused 545us total 47.068ms
08-06 12:43:25.378 12401 12421 I art     : Starting a blocking GC Explicit
08-06 12:43:25.422 12401 12421 I art     : Explicit concurrent mark sweep GC freed 3(96B) AllocSpace objects, 0(0B) LOS objects, 37% free, 26MB/42MB, paused 517us total 43.756ms
08-06 12:43:25.423 12401 12412 I art     : WaitForGcToComplete blocked for 36.344ms for cause HeapTrim
08-06 12:43:25.440 12401 12421 I art     : Starting a blocking GC Explicit
08-06 12:43:25.479 12401 12421 I art     : Explicit concurrent mark sweep GC freed 3(96B) AllocSpace objects, 0(0B) LOS objects, 37% free, 26MB/42MB, paused 498us total 39.233ms
08-06 12:43:25.830 12401 13458 I art     : Starting a blocking GC Explicit
08-06 12:43:25.875 12401 13458 I art     : Explicit concurrent mark sweep GC freed 1313(76KB) AllocSpace objects, 1(20KB) LOS objects, 37% free, 26MB/42MB, paused 626us total 44.903ms
08-06 12:43:25.892 12401 13458 I art     : Starting a blocking GC Explicit
08-06 12:43:25.935 13638 13638 I ServiceManager: Waiting for service AtCmdFwd...
08-06 12:43:25.935 12401 13458 I art     : Explicit concurrent mark sweep GC freed 73(2352B) AllocSpace objects, 0(0B) LOS objects, 37% free, 26MB/42MB, paused 529us total 43.087ms
08-06 12:43:25.951 12401 13458 I art     : Starting a blocking GC Explicit
08-06 12:43:25.988 13824 13824 D AndroidRuntime: >>>>>> START com.android.internal.os.RuntimeInit uid 2000 <<<<<<
08-06 12:43:25.993 13824 13824 D AndroidRuntime: CheckJNI is OFF
08-06 12:43:25.994 12401 13458 I art     : Explicit concurrent mark sweep GC freed 24(912B) AllocSpace objects, 0(0B) LOS objects, 37% free, 26MB/42MB, paused 591us total 42.824ms
08-06 12:43:26.010 12401 13458 I art     : Starting a blocking GC Explicit
08-06 12:43:26.038 13824 13824 D ICU     : No timezone override file found: /data/misc/zoneinfo/current/icu/icu_tzdata.dat
08-06 12:43:26.051 12401 13458 I art     : Explicit concurrent mark sweep GC freed 151(10KB) AllocSpace objects, 0(0B) LOS objects, 37% free, 26MB/42MB, paused 556us total 41.260ms
08-06 12:43:26.067 12401 13458 I art     : Starting a blocking GC Explicit
08-06 12:43:26.082 13824 13824 I Radio-JNI: register_android_hardware_Radio DONE
08-06 12:43:26.110 12401 13458 I art     : Explicit concurrent mark sweep GC freed 3(96B) AllocSpace objects, 0(0B) LOS objects, 37% free, 26MB/42MB, paused 518us total 43.067ms
08-06 12:43:26.111 13824 13824 D AndroidRuntime: Calling main entry com.android.commands.input.Input
08-06 12:43:26.114 13824 13824 I Input   : injectMotionEvent: MotionEvent { action=ACTION_DOWN, actionButton=0, id[0]=0, x[0]=81.0, y[0]=176.0, toolType[0]=TOOL_TYPE_UNKNOWN, buttonState=0, metaState=0, flags=0x0, edgeFlags=0x0, pointerCount=1, historySize=0, eventTime=881022526, downTime=881022526, deviceId=0, source=0x1002 }
08-06 12:43:26.120 13824 13824 I Input   : injectMotionEvent: MotionEvent { action=ACTION_UP, actionButton=0, id[0]=0, x[0]=81.0, y[0]=176.0, toolType[0]=TOOL_TYPE_UNKNOWN, buttonState=0, metaState=0, flags=0x0, edgeFlags=0x0, pointerCount=1, historySize=0, eventTime=881022526, downTime=881022526, deviceId=0, source=0x1002 }
08-06 12:43:26.122 13824 13824 D AndroidRuntime: Shutting down VM
08-06 12:43:26.130   512  2967 D audio_hw_primary: out_set_parameters: enter: usecase(1: low-latency-playback) kvpairs: routing=2
08-06 12:43:26.142   512  2967 D audio_hw_primary: select_devices: out_snd_device(2: speaker) in_snd_device(0: none)
08-06 12:43:26.143   512  2967 D msm8974_platform: platform_send_audio_calibration: sending audio calibration for snd_device(2) acdb_id(15)
08-06 12:43:26.143   512  2967 I soundtrigger: audio_extn_sound_trigger_update_device_status: device 0x2 of type 0 for Event 1
08-06 12:43:26.153   512  2967 D audio_hw_primary: enable_snd_device: snd_device(2: speaker)
08-06 12:43:26.156   512  2967 D audio_hw_primary: enable_audio_route: apply and update mixer path: low-latency-playback speaker
08-06 12:43:26.160 13866 13866 I GoogleInputMethodServic: GoogleInputMethodService.onFinishInput():3138 
08-06 12:43:26.161 13866 13866 I GoogleInputMethodServic: GoogleInputMethodService.onStartInput():1808 
08-06 12:43:26.417 12401 12414 I art     : Starting a blocking GC Explicit
08-06 12:43:26.464 12401 12414 I art     : Explicit concurrent mark sweep GC freed 1710(96KB) AllocSpace objects, 1(20KB) LOS objects, 37% free, 26MB/42MB, paused 514us total 47.165ms
08-06 12:43:26.483 12401 12414 I art     : Starting a blocking GC Explicit
08-06 12:43:26.523 12401 12414 I art     : Explicit concurrent mark sweep GC freed 34(1312B) AllocSpace objects, 0(0B) LOS objects, 37% free, 26MB/42MB, paused 538us total 39.934ms
08-06 12:43:26.539 12401 12414 I art     : Starting a blocking GC Explicit
08-06 12:43:26.577 12401 12414 I art     : Explicit concurrent mark sweep GC freed 6(224B) AllocSpace objects, 0(0B) LOS objects, 37% free, 26MB/42MB, paused 526us total 38.351ms
08-06 12:43:26.593 12401 12414 I art     : Starting a blocking GC Explicit
08-06 12:43:26.636 12401 12414 I art     : Explicit concurrent mark sweep GC freed 5(160B) AllocSpace objects, 0(0B) LOS objects, 37% free, 26MB/42MB, paused 536us total 42.885ms
08-06 12:43:26.651 12401 12414 I art     : Starting a blocking GC Explicit
08-06 12:43:26.692 12401 12414 I art     : Explicit concurrent mark sweep GC freed 3(96B) AllocSpace objects, 0(0B) LOS objects, 37% free, 26MB/42MB, paused 507us total 40.454ms
08-06 12:43:26.698   512  2967 D audio_hw_primary: disable_audio_route: reset and update mixer path: low-latency-playback speaker
08-06 12:43:26.699   512  2967 D audio_hw_primary: disable_snd_device: snd_device(2: speaker)
08-06 12:43:26.707   512  2967 I soundtrigger: audio_extn_sound_trigger_update_device_status: device 0x2 of type 0 for Event 0
08-06 12:43:26.935 13638 13638 I ServiceManager: Waiting for service AtCmdFwd...
08-06 12:43:27.011 12401 12616 I art     : Starting a blocking GC Explicit
08-06 12:43:27.065 12401 12616 I art     : Explicit concurrent mark sweep GC freed 1293(75KB) AllocSpace objects, 1(20KB) LOS objects, 37% free, 26MB/42MB, paused 581us total 52.851ms
08-06 12:43:27.083 12401 12616 I art     : Starting a blocking GC Explicit
08-06 12:43:27.127 12401 12616 I art     : Explicit concurrent mark sweep GC freed 20(688B) AllocSpace objects, 0(0B) LOS objects, 37% free, 26MB/42MB, paused 559us total 43.342ms
08-06 12:43:27.143 12401 12616 I art     : Starting a blocking GC Explicit
08-06 12:43:27.187 12401 12616 I art     : Explicit concurrent mark sweep GC freed 3(96B) AllocSpace objects, 0(0B) LOS objects, 37% free, 26MB/42MB, paused 560us total 43.640ms
08-06 12:43:27.203 12401 12616 I art     : Starting a blocking GC Explicit
08-06 12:43:27.246 12401 12616 I art     : Explicit concurrent mark sweep GC freed 3(96B) AllocSpace objects, 0(0B) LOS objects, 37% free, 26MB/42MB, paused 549us total 42.573ms
08-06 12:43:27.262 12401 12616 I art     : Starting a blocking GC Explicit
08-06 12:43:27.305 12401 12616 I art     : Explicit concurrent mark sweep GC freed 3(96B) AllocSpace objects, 0(0B) LOS objects, 37% free, 26MB/42MB, paused 559us total 43.398ms
08-06 12:43:27.587   918  1210 D NetlinkSocketObserver: NeighborEvent{elapsedMs=1864411461, 192.168.2.254, [7C3953A63323], RTM_NEWNEIGH, NUD_STALE}
08-06 12:43:27.611 12401 13458 I art     : Starting a blocking GC Explicit
08-06 12:43:27.660 12401 13458 I art     : Explicit concurrent mark sweep GC freed 1293(75KB) AllocSpace objects, 1(20KB) LOS objects, 37% free, 26MB/42MB, paused 560us total 48.623ms
08-06 12:43:27.676 12401 13458 I art     : Starting a blocking GC Explicit
08-06 12:43:27.718 12401 13458 I art     : Explicit concurrent mark sweep GC freed 18(624B) AllocSpace objects, 0(0B) LOS objects, 37% free, 26MB/42MB, paused 607us total 41.268ms
08-06 12:43:27.733 12401 13458 I art     : Starting a blocking GC Explicit
08-06 12:43:27.774 12401 13458 I art     : Explicit concurrent mark sweep GC freed 4(128B) AllocSpace objects, 0(0B) LOS objects, 37% free, 26MB/42MB, paused 555us total 40.742ms
08-06 12:43:27.790 12401 13458 I art     : Starting a blocking GC Explicit
08-06 12:43:27.835 12401 13458 I art     : Explicit concurrent mark sweep GC freed 10(320B) AllocSpace objects, 0(0B) LOS objects, 37% free, 26MB/42MB, paused 587us total 45.012ms
08-06 12:43:27.851 12401 13458 I art     : Starting a blocking GC Explicit
08-06 12:43:27.893 12401 13458 I art     : Explicit concurrent mark sweep GC freed 9(288B) AllocSpace objects, 0(0B) LOS objects, 37% free, 26MB/42MB, paused 516us total 41.834ms
08-06 12:43:27.914 13875 13875 D AndroidRuntime: >>>>>> START com.android.internal.os.RuntimeInit uid 2000 <<<<<<
08-06 12:43:27.920 13875 13875 D AndroidRuntime: CheckJNI is OFF
08-06 12:43:27.937 13638 13638 I ServiceManager: Waiting for service AtCmdFwd...
08-06 12:43:27.962 13875 13875 D ICU     : No timezone override file found: /data/misc/zoneinfo/current/icu/icu_tzdata.dat
08-06 12:43:28.004 13875 13875 I Radio-JNI: register_android_hardware_Radio DONE
08-06 12:43:28.033 13875 13875 D AndroidRuntime: Calling main entry com.android.commands.input.Input
08-06 12:43:28.036 13875 13875 I Input   : injectMotionEvent: MotionEvent { action=ACTION_DOWN, actionButton=0, id[0]=0, x[0]=360.0, y[0]=1098.0, toolType[0]=TOOL_TYPE_UNKNOWN, buttonState=0, metaState=0, flags=0x0, edgeFlags=0x0, pointerCount=1, historySize=0, eventTime=881024448, downTime=881024448, deviceId=0, source=0x1002 }
08-06 12:43:28.041 13875 13875 I Input   : injectMotionEvent: MotionEvent { action=ACTION_UP, actionButton=0, id[0]=0, x[0]=360.0, y[0]=1098.0, toolType[0]=TOOL_TYPE_UNKNOWN, buttonState=0, metaState=0, flags=0x0, edgeFlags=0x0, pointerCount=1, historySize=0, eventTime=881024448, downTime=881024448, deviceId=0, source=0x1002 }
08-06 12:43:28.044 13875 13875 D AndroidRuntime: Shutting down VM
08-06 12:43:28.061 12401 12401 D MainActivity: NavigationItemSelected: Term dates
08-06 12:43:28.065   512  2967 D audio_hw_primary: out_set_parameters: enter: usecase(1: low-latency-playback) kvpairs: routing=2
08-06 12:43:28.079   512  2967 D audio_hw_primary: select_devices: out_snd_device(2: speaker) in_snd_device(0: none)
08-06 12:43:28.079   512  2967 D msm8974_platform: platform_send_audio_calibration: sending audio calibration for snd_device(2) acdb_id(15)
08-06 12:43:28.079   512  2967 I soundtrigger: audio_extn_sound_trigger_update_device_status: device 0x2 of type 0 for Event 1
08-06 12:43:28.089   512  2967 D audio_hw_primary: enable_snd_device: snd_device(2: speaker)
08-06 12:43:28.091   512  2967 D audio_hw_primary: enable_audio_route: apply and update mixer path: low-latency-playback speaker
08-06 12:43:28.216 12401 12414 I art     : Starting a blocking GC Explicit
08-06 12:43:28.257 12401 12414 I art     : Explicit concurrent mark sweep GC freed 1833(97KB) AllocSpace objects, 1(20KB) LOS objects, 37% free, 26MB/42MB, paused 631us total 40.756ms
08-06 12:43:28.272 12401 12414 I art     : Starting a blocking GC Explicit
08-06 12:43:28.312 12401 12414 I art     : Explicit concurrent mark sweep GC freed 225(16KB) AllocSpace objects, 0(0B) LOS objects, 37% free, 26MB/42MB, paused 553us total 39.439ms
08-06 12:43:28.328 12401 12414 I art     : Starting a blocking GC Explicit
08-06 12:43:28.367 12401 12414 I art     : Explicit concurrent mark sweep GC freed 8(256B) AllocSpace objects, 0(0B) LOS objects, 37% free, 26MB/42MB, paused 581us total 39.330ms
08-06 12:43:28.383 12401 12414 I art     : Starting a blocking GC Explicit
08-06 12:43:28.423 12401 12414 I art     : Explicit concurrent mark sweep GC freed 9(288B) AllocSpace objects, 0(0B) LOS objects, 37% free, 26MB/42MB, paused 618us total 39.574ms
08-06 12:43:28.437 12401 12414 I art     : Starting a blocking GC Explicit
08-06 12:43:28.477 12401 12414 I art     : Explicit concurrent mark sweep GC freed 9(288B) AllocSpace objects, 0(0B) LOS objects, 37% free, 26MB/42MB, paused 629us total 39.743ms
08-06 12:43:28.496 13866 13866 I GoogleInputMethodServic: GoogleInputMethodService.onFinishInput():3138 
08-06 12:43:28.497 13866 13866 I GoogleInputMethodServic: GoogleInputMethodService.onStartInput():1808 
08-06 12:43:28.629   512  2967 D audio_hw_primary: disable_audio_route: reset and update mixer path: low-latency-playback speaker
08-06 12:43:28.630   512  2967 D audio_hw_primary: disable_snd_device: snd_device(2: speaker)
08-06 12:43:28.640   512  2967 I soundtrigger: audio_extn_sound_trigger_update_device_status: device 0x2 of type 0 for Event 0
08-06 12:43:28.820 12401 13458 I art     : Starting a blocking GC Explicit
08-06 12:43:28.871 12401 13458 I art     : Explicit concurrent mark sweep GC freed 1366(78KB) AllocSpace objects, 1(20KB) LOS objects, 37% free, 26MB/42MB, paused 579us total 50.924ms
08-06 12:43:28.891 12401 13458 I art     : Starting a blocking GC Explicit
08-06 12:43:28.936 12401 13458 I art     : Explicit concurrent mark sweep GC freed 28(944B) AllocSpace objects, 0(0B) LOS objects, 37% free, 26MB/42MB, paused 518us total 44.640ms
08-06 12:43:28.937 13638 13638 W Atfwd_Sendcmd: AtCmdFwd service not published, waiting... retryCnt : 2
08-06 12:43:28.952 12401 13458 I art     : Starting a blocking GC Explicit
08-06 12:43:28.995 12401 13458 I art     : Explicit concurrent mark sweep GC freed 9(288B) AllocSpace objects, 0(0B) LOS objects, 37% free, 26MB/42MB, paused 562us total 42.266ms
08-06 12:43:29.011 12401 13458 I art     : Starting a blocking GC Explicit
08-06 12:43:29.055 12401 13458 I art     : Explicit concurrent mark sweep GC freed 12(384B) AllocSpace objects, 0(0B) LOS objects, 37% free, 26MB/42MB, paused 601us total 43.905ms
08-06 12:43:29.072 12401 13458 I art     : Starting a blocking GC Explicit
08-06 12:43:29.115 12401 13458 I art     : Explicit concurrent mark sweep GC freed 10(320B) AllocSpace objects, 0(0B) LOS objects, 37% free, 26MB/42MB, paused 511us total 42.710ms
08-06 12:43:29.457 12401 12421 I art     : Starting a blocking GC Explicit
08-06 12:43:29.508 12401 12421 I art     : Explicit concurrent mark sweep GC freed 1339(77KB) AllocSpace objects, 1(20KB) LOS objects, 37% free, 26MB/42MB, paused 751us total 51.096ms
08-06 12:43:29.527 12401 12421 I art     : Starting a blocking GC Explicit
08-06 12:43:29.572 12401 12421 I art     : Explicit concurrent mark sweep GC freed 27(912B) AllocSpace objects, 0(0B) LOS objects, 37% free, 26MB/42MB, paused 571us total 44.183ms
08-06 12:43:29.588 12401 12421 I art     : Starting a blocking GC Explicit
08-06 12:43:29.633 12401 12421 I art     : Explicit concurrent mark sweep GC freed 10(320B) AllocSpace objects, 0(0B) LOS objects, 37% free, 26MB/42MB, paused 514us total 44.173ms
08-06 12:43:29.650 12401 12421 I art     : Starting a blocking GC Explicit
08-06 12:43:29.695 12401 12421 I art     : Explicit concurrent mark sweep GC freed 9(288B) AllocSpace objects, 0(0B) LOS objects, 37% free, 26MB/42MB, paused 526us total 44.750ms
08-06 12:43:29.712 12401 12421 I art     : Starting a blocking GC Explicit
08-06 12:43:29.760 12401 12421 I art     : Explicit concurrent mark sweep GC freed 20(640B) AllocSpace objects, 0(0B) LOS objects, 37% free, 26MB/42MB, paused 561us total 47.707ms
08-06 12:43:30.124 12401 13458 I art     : Starting a blocking GC Explicit
08-06 12:43:30.182 12401 13458 I art     : Explicit concurrent mark sweep GC freed 1335(76KB) AllocSpace objects, 1(20KB) LOS objects, 37% free, 26MB/42MB, paused 606us total 57.177ms
08-06 12:43:30.202 12401 13458 I art     : Starting a blocking GC Explicit
08-06 12:43:30.247 12401 13458 I art     : Explicit concurrent mark sweep GC freed 18(624B) AllocSpace objects, 0(0B) LOS objects, 37% free, 26MB/42MB, paused 549us total 44.903ms
08-06 12:43:30.263 12401 13458 I art     : Starting a blocking GC Explicit
08-06 12:43:30.312 12401 13458 I art     : Explicit concurrent mark sweep GC freed 3(96B) AllocSpace objects, 0(0B) LOS objects, 37% free, 26MB/42MB, paused 578us total 48.693ms
08-06 12:43:30.329 12401 13458 I art     : Starting a blocking GC Explicit
08-06 12:43:30.376 12401 13458 I art     : Explicit concurrent mark sweep GC freed 3(96B) AllocSpace objects, 0(0B) LOS objects, 37% free, 26MB/42MB, paused 558us total 46.829ms
08-06 12:43:30.392 12401 13458 I art     : Starting a blocking GC Explicit
08-06 12:43:30.440 12401 13458 I art     : Explicit concurrent mark sweep GC freed 3(96B) AllocSpace objects, 0(0B) LOS objects, 37% free, 26MB/42MB, paused 584us total 47.428ms
08-06 12:43:30.802 12401 12421 I art     : Starting a blocking GC Explicit
08-06 12:43:30.870 12401 12421 I art     : Explicit concurrent mark sweep GC freed 1293(75KB) AllocSpace objects, 1(20KB) LOS objects, 37% free, 26MB/42MB, paused 825us total 67.381ms
08-06 12:43:30.892 12401 12421 I art     : Starting a blocking GC Explicit
08-06 12:43:30.939 12401 12421 I art     : Explicit concurrent mark sweep GC freed 18(624B) AllocSpace objects, 0(0B) LOS objects, 37% free, 26MB/42MB, paused 591us total 46.253ms
08-06 12:43:30.955 12401 12421 I art     : Starting a blocking GC Explicit
08-06 12:43:31.001 12401 12421 I art     : Explicit concurrent mark sweep GC freed 3(96B) AllocSpace objects, 0(0B) LOS objects, 37% free, 26MB/42MB, paused 551us total 45.910ms
08-06 12:43:31.017 12401 12421 I art     : Starting a blocking GC Explicit
08-06 12:43:31.066 12401 12421 I art     : Explicit concurrent mark sweep GC freed 3(96B) AllocSpace objects, 0(0B) LOS objects, 37% free, 26MB/42MB, paused 586us total 48.373ms
08-06 12:43:31.083 12401 12421 I art     : Starting a blocking GC Explicit
08-06 12:43:31.130 12401 12421 I art     : Explicit concurrent mark sweep GC freed 3(96B) AllocSpace objects, 0(0B) LOS objects, 37% free, 26MB/42MB, paused 552us total 47.585ms
08-06 12:43:31.492 12401 12413 I art     : Starting a blocking GC Explicit
08-06 12:43:31.550 12401 12413 I art     : Explicit concurrent mark sweep GC freed 1293(75KB) AllocSpace objects, 1(20KB) LOS objects, 37% free, 26MB/42MB, paused 654us total 56.851ms
08-06 12:43:31.570 12401 12413 I art     : Starting a blocking GC Explicit
08-06 12:43:31.617 12401 12413 I art     : Explicit concurrent mark sweep GC freed 18(624B) AllocSpace objects, 0(0B) LOS objects, 37% free, 26MB/42MB, paused 560us total 46.519ms
08-06 12:43:31.633 12401 12413 I art     : Starting a blocking GC Explicit
08-06 12:43:31.680 12401 12413 I art     : Explicit concurrent mark sweep GC freed 3(96B) AllocSpace objects, 0(0B) LOS objects, 37% free, 26MB/42MB, paused 558us total 46.561ms
08-06 12:43:31.696 12401 12413 I art     : Starting a blocking GC Explicit
08-06 12:43:31.744 12401 12413 I art     : Explicit concurrent mark sweep GC freed 3(96B) AllocSpace objects, 0(0B) LOS objects, 37% free, 26MB/42MB, paused 550us total 47.804ms
08-06 12:43:31.760 12401 12413 I art     : Starting a blocking GC Explicit
08-06 12:43:31.807 12401 12413 I art     : Explicit concurrent mark sweep GC freed 3(96B) AllocSpace objects, 0(0B) LOS objects, 37% free, 26MB/42MB, paused 570us total 46.668ms
08-06 12:43:32.164 12401 12616 I art     : Starting a blocking GC Explicit
08-06 12:43:32.224 12401 12616 I art     : Explicit concurrent mark sweep GC freed 1293(75KB) AllocSpace objects, 1(20KB) LOS objects, 37% free, 26MB/42MB, paused 583us total 59.009ms
08-06 12:43:32.244 12401 12616 I art     : Starting a blocking GC Explicit
08-06 12:43:32.291 12401 12616 I art     : Explicit concurrent mark sweep GC freed 18(624B) AllocSpace objects, 0(0B) LOS objects, 37% free, 26MB/42MB, paused 616us total 46.952ms
08-06 12:43:32.308 12401 12616 I art     : Starting a blocking GC Explicit
08-06 12:43:32.351 12401 12616 I art     : Explicit concurrent mark sweep GC freed 3(96B) AllocSpace objects, 0(0B) LOS objects, 37% free, 26MB/42MB, paused 554us total 42.627ms
08-06 12:43:32.366 12401 12616 I art     : Starting a blocking GC Explicit
08-06 12:43:32.407 12401 12616 I art     : Explicit concurrent mark sweep GC freed 3(96B) AllocSpace objects, 0(0B) LOS objects, 37% free, 26MB/42MB, paused 555us total 40.399ms
08-06 12:43:32.422 12401 12616 I art     : Starting a blocking GC Explicit
08-06 12:43:32.463 12401 12616 I art     : Explicit concurrent mark sweep GC freed 3(96B) AllocSpace objects, 0(0B) LOS objects, 37% free, 26MB/42MB, paused 552us total 40.829ms
08-06 12:43:32.809 12401 12414 I art     : Starting a blocking GC Explicit
08-06 12:43:32.853 12401 12414 I art     : Explicit concurrent mark sweep GC freed 1293(75KB) AllocSpace objects, 1(20KB) LOS objects, 37% free, 26MB/42MB, paused 581us total 44.563ms
08-06 12:43:32.869 12401 12414 I art     : Starting a blocking GC Explicit
08-06 12:43:32.913 12401 12414 I art     : Explicit concurrent mark sweep GC freed 18(624B) AllocSpace objects, 0(0B) LOS objects, 37% free, 26MB/42MB, paused 614us total 43.977ms
08-06 12:43:32.914 13993 13993 D AndroidRuntime: >>>>>> START com.android.internal.os.RuntimeInit uid 2000 <<<<<<
08-06 12:43:32.920 13993 13993 D AndroidRuntime: CheckJNI is OFF
08-06 12:43:32.929 12401 12414 I art     : Starting a blocking GC Explicit
08-06 12:43:32.965 13993 13993 D ICU     : No timezone override file found: /data/misc/zoneinfo/current/icu/icu_tzdata.dat
08-06 12:43:32.973 12401 12414 I art     : Explicit concurrent mark sweep GC freed 3(96B) AllocSpace objects, 0(0B) LOS objects, 37% free, 26MB/42MB, paused 559us total 43.322ms
08-06 12:43:32.989 12401 12414 I art     : Starting a blocking GC Explicit
08-06 12:43:33.013 13993 13993 I Radio-JNI: register_android_hardware_Radio DONE
08-06 12:43:33.034 12401 12414 I art     : Explicit concurrent mark sweep GC freed 3(96B) AllocSpace objects, 0(0B) LOS objects, 37% free, 26MB/42MB, paused 590us total 44.625ms
08-06 12:43:33.042 13993 13993 D AndroidRuntime: Calling main entry com.android.commands.am.Am
08-06 12:43:33.050 12401 12414 I art     : Starting a blocking GC Explicit
08-06 12:43:33.053 14970 14970 I Trepn   : Trepn 6.2s: Received intent: com.quicinc.trepn.stop_profiling
08-06 12:43:33.090 12401 12414 I art     : Explicit concurrent mark sweep GC freed 3(96B) AllocSpace objects, 0(0B) LOS objects, 37% free, 26MB/42MB, paused 499us total 40.018ms
08-06 12:43:33.104 14970 14970 I Trepn   : Trepn 6.2s: Trepn has Stopped Profiling.
08-06 12:43:33.437 12401 13458 I art     : Starting a blocking GC Explicit
08-06 12:43:33.501 12401 13458 I art     : Explicit concurrent mark sweep GC freed 1293(75KB) AllocSpace objects, 1(20KB) LOS objects, 37% free, 26MB/42MB, paused 670us total 63.025ms
08-06 12:43:33.520 12401 13458 I art     : Starting a blocking GC Explicit
08-06 12:43:33.563 12401 13458 I art     : Explicit concurrent mark sweep GC freed 18(624B) AllocSpace objects, 0(0B) LOS objects, 37% free, 26MB/42MB, paused 534us total 42.097ms
08-06 12:43:33.566 13993 13993 D AndroidRuntime: Shutting down VM
08-06 12:43:33.571   918  6029 W AppOps  : Finishing op nesting under-run: uid 10078 pkg com.quicinc.trepn code 24 time=0 duration=0 nesting=0
08-06 12:43:33.579 12401 13458 I art     : Starting a blocking GC Explicit
08-06 12:43:33.614 12401 13458 I art     : Explicit concurrent mark sweep GC freed 3(96B) AllocSpace objects, 0(0B) LOS objects, 37% free, 26MB/42MB, paused 493us total 34.978ms
08-06 12:43:33.628 12401 13458 I art     : Starting a blocking GC Explicit
08-06 12:43:33.665 12401 13458 I art     : Explicit concurrent mark sweep GC freed 3(96B) AllocSpace objects, 0(0B) LOS objects, 37% free, 26MB/42MB, paused 501us total 36.487ms
08-06 12:43:33.679 12401 13458 I art     : Starting a blocking GC Explicit
08-06 12:43:33.718 12401 13458 I art     : Explicit concurrent mark sweep GC freed 3(96B) AllocSpace objects, 0(0B) LOS objects, 37% free, 26MB/42MB, paused 553us total 38.728ms
08-06 12:43:34.042 12401 12421 I art     : Starting a blocking GC Explicit
08-06 12:43:34.085 12401 12421 I art     : Explicit concurrent mark sweep GC freed 1293(75KB) AllocSpace objects, 1(20KB) LOS objects, 37% free, 26MB/42MB, paused 569us total 42.608ms
08-06 12:43:34.100 12401 12421 I art     : Starting a blocking GC Explicit
08-06 12:43:34.142 12401 12421 I art     : Explicit concurrent mark sweep GC freed 18(624B) AllocSpace objects, 0(0B) LOS objects, 37% free, 26MB/42MB, paused 546us total 41.499ms
08-06 12:43:34.157 12401 12421 I art     : Starting a blocking GC Explicit
08-06 12:43:34.200 12401 12421 I art     : Explicit concurrent mark sweep GC freed 3(96B) AllocSpace objects, 0(0B) LOS objects, 37% free, 26MB/42MB, paused 529us total 42.685ms
08-06 12:43:34.216 12401 12421 I art     : Starting a blocking GC Explicit
08-06 12:43:34.258 12401 12421 I art     : Explicit concurrent mark sweep GC freed 3(96B) AllocSpace objects, 0(0B) LOS objects, 37% free, 26MB/42MB, paused 545us total 41.651ms
08-06 12:43:34.273 12401 12421 I art     : Starting a blocking GC Explicit
08-06 12:43:34.314 12401 12421 I art     : Explicit concurrent mark sweep GC freed 3(96B) AllocSpace objects, 0(0B) LOS objects, 37% free, 26MB/42MB, paused 517us total 40.224ms
08-06 12:43:35.413   918  3188 I hubconnection: sensorhub said: 'set_bias 3: -6.2400, 0.0000, 0.0000'
