--------- beginning of main
08-06 06:25:04.791  3784  3784 D CarrierServiceBindHelper: Receive action: android.intent.action.PACKAGE_REMOVED
08-06 06:25:04.819   918  3359 I AccountManagerService: getTypesVisibleToCaller: isPermitted? true
08-06 06:25:04.829 24365 24248 I Fitness : FitCleanupIntentOperation received Intent android.intent.action.PACKAGE_REMOVED [CONTEXT service_id=17 ]
08-06 06:25:04.840 14692 14692 I Finsky  : [1] uah.a(18): PackageMonitorReceiverImpl - Received: android.intent.action.PACKAGE_REMOVED, [jsPREe6yOOhrMreoEvcpPvP36yUmihacpIgcKsaLph8]
08-06 06:25:04.842 14692 14692 I Finsky  : [1] ubi.d(9): Invalidating cached PackageState for baseline.com.ak.uobtimetable
08-06 06:25:04.863  3784  3784 D CarrierServiceBindHelper: Receive action: android.intent.action.PACKAGE_ADDED
08-06 06:25:04.863  3784  3784 D CarrierServiceBindHelper: Receive action: android.intent.action.PACKAGE_REPLACED
08-06 06:25:04.865  3784  3784 D CarrierServiceBindHelper: mHandler: 3
08-06 06:25:04.865  3784  3784 D CarrierServiceBindHelper: mHandler: 3
08-06 06:25:04.865  3784  3784 D CarrierServiceBindHelper: mHandler: 3
08-06 06:25:04.865  3784  3784 D CarrierConfigLoader: mHandler: 9 phoneId: 0
08-06 06:25:04.869 14692 14692 I Finsky  : [1] lzi.c(2): Frosting ID looked up on UI thread. Caller should move to a background thread.
08-06 06:25:04.878   918  6110 I AccountManagerService: getTypesVisibleToCaller: isPermitted? true
08-06 06:25:04.885 14692 14692 I Finsky  : [1] nqb.c(3): Installer: package baseline.com.ak.uobtimetable was removed. replacing: true
08-06 06:25:04.887 14692 14692 I Finsky  : [1] nra.a(188): Installer: Notifying status update. package=baseline.com.ak.uobtimetable, status=UNINSTALLED
08-06 06:25:04.904 14692 14692 I Finsky  : [1] lzi.c(2): Frosting ID looked up on UI thread. Caller should move to a background thread.
08-06 06:25:04.908 14692 24269 I Finsky  : [6477] ejf.a(-1): Cancelled 0 ongoing asset module downloads for package baseline.com.ak.uobtimetable due to a concurrent app update.
08-06 06:25:04.917 14692 14692 I Finsky  : [1] nra.a(220): Installer: found apps to install. isMultiUserMode=false, apps=[]
08-06 06:25:04.958 14692 14876 I Finsky  : [6220] odj.b(52): IQ: Notifying installation update. package=baseline.com.ak.uobtimetable, status=UNINSTALLED
08-06 06:25:04.998 14692 24260 I Finsky  : [6475] lyv.run(-1): Wrote row to frosting DB: 3236
08-06 06:25:05.006 24577 24251 I Auth    : [SupervisedAccountIntentOperation] onHandleIntent(): android.intent.action.PACKAGE_ADDED
08-06 06:25:05.010 24577 24263 I ChromeSync: [Sync,SyncIntentOperation] Handling the intent: Intent { act=android.intent.action.PACKAGE_ADDED dat=package:baseline.com.ak.uobtimetable flg=0x4000010 cmp=com.google.android.gms/.chimera.GmsIntentOperationService (has extras) }.
--------- beginning of system
08-06 06:25:05.040   918  3714 W ActivityManager: Unable to start service Intent { act=com.google.android.gms.auth.key.retrieval.service.START pkg=com.google.android.gms } U=0: not found
08-06 06:25:05.040   918   929 W ActivityManager: Unbind failed: could not find connection for android.os.BinderProxy@849b486
08-06 06:25:05.041 24577 24621 E GmsClient: unable to connect to service: com.google.android.gms.auth.key.retrieval.service.START on com.google.android.gms
08-06 06:25:05.047 14692 14692 I Finsky  : [1] uah.a(18): PackageMonitorReceiverImpl - Received: android.intent.action.PACKAGE_ADDED, [jsPREe6yOOhrMreoEvcpPvP36yUmihacpIgcKsaLph8]
08-06 06:25:05.048 14692 14692 I Finsky  : [1] ubi.d(9): Invalidating cached PackageState for baseline.com.ak.uobtimetable
08-06 06:25:05.050 14692 14692 I Finsky  : [1] lzi.c(2): Frosting ID looked up on UI thread. Caller should move to a background thread.
08-06 06:25:05.063 14692 14876 I Finsky  : [6220] odj.b(40): IQ: No matching installs to run for jobs: []
08-06 06:25:05.065 14692 14692 I Finsky  : [1] agsx.a(4): Do not start WearSupportService due to Wear service optimization
08-06 06:25:05.068 14692 24260 I Finsky  : [6475] lyv.run(-1): Wrote row to frosting DB: 3237
08-06 06:25:05.083 14692 24268 I Finsky  : [6476] gzn.a(-1): [ContentSync] finished, scheduled=false
08-06 06:25:05.097 14692 24269 I Finsky  : [6477] ejc.a(-1): Asset module broadcast after update successful for package baseline.com.ak.uobtimetable. 0 sessions broadcast.
08-06 06:25:05.126 14692 14692 I Finsky  : [1] lzi.c(2): Frosting ID looked up on UI thread. Caller should move to a background thread.
08-06 06:25:05.166   918   928 I AccountManagerService: getTypesVisibleToCaller: isPermitted? true
08-06 06:25:05.168 24577 24263 I ChromeSync: [Persistence,AffiliationManager] One of affiliation or grouping data for android://bz0hZa4nAJEtd0n5sRlXG7KAqctUMWVefv7Ki4mh1p6slZ9YO-n9gS9j8m9YCrsIyI2wIxrDHraumF9Y6pBLTA==@baseline.com.ak.uobtimetable/ was not found. Marking affiliation data as stale...
08-06 06:25:05.229 24577 24257 I FontLog : Package baseline.com.ak.uobtimetable has no metadata [CONTEXT service_id=132 ]
08-06 06:25:05.275 14692 24260 I Finsky  : [6475] lyv.run(-1): Wrote row to frosting DB: 3238
08-06 06:25:05.321   918  3714 I AccountManagerService: getTypesVisibleToCaller: isPermitted? true
08-06 06:25:05.368 24279 24279 D AndroidRuntime: >>>>>> START com.android.internal.os.RuntimeInit uid 2000 <<<<<<
08-06 06:25:05.371 24279 24279 D AndroidRuntime: CheckJNI is OFF
08-06 06:25:05.378 14692 24260 I Finsky  : [6475] lyv.run(-1): Wrote row to frosting DB: 3239
08-06 06:25:05.397 24279 24279 D ICU     : No timezone override file found: /data/misc/zoneinfo/current/icu/icu_tzdata.dat
08-06 06:25:05.421 24279 24279 I Radio-JNI: register_android_hardware_Radio DONE
08-06 06:25:05.422 24577 13336 I Icing   : IndexChimeraService.getServiceInterface callingPackage=com.google.android.gms componentName=AppsCorpus serviceId=36
08-06 06:25:05.436 24279 24279 D AndroidRuntime: Calling main entry com.android.commands.monkey.Monkey
08-06 06:25:05.454   918   931 W BroadcastQueue: Skipping deliver [background] BroadcastRecord{458fd0d u-1 android.net.conn.CONNECTIVITY_CHANGE} to ReceiverList{cfb2d3 24279 (unknown name)/2000/u-1 remote:464aa37}: process crashing
08-06 06:25:05.465   918  3961 I ActivityManager: START u0 {act=android.intent.action.MAIN cat=[android.intent.category.LAUNCHER] flg=0x10200000 cmp=baseline.com.ak.uobtimetable/.MainActivity} from uid 2000 on display 0
08-06 06:25:05.469   918   929 I AccountManagerService: getTypesVisibleToCaller: isPermitted? true
08-06 06:25:05.480 24577 24786 W Icing   : No valid account for uploading user actions
08-06 06:25:05.485 24296 24296 I art     : Late-enabling -Xcheck:jni
08-06 06:25:05.486   918  3670 I ActivityManager: Start proc 24296:baseline.com.ak.uobtimetable/u0a710 for activity baseline.com.ak.uobtimetable/.MainActivity
08-06 06:25:05.493 24279 24279 I art     : System.exit called, status: 0
08-06 06:25:05.493 24279 24279 I AndroidRuntime: VM exiting with result code 0.
08-06 06:25:05.514 14692 14692 I Finsky  : [1] xmu.a(8): SCH: Jobs in database: 1-1337 3-221 3-222 12-1 24-77777777 26-1414141414 
08-06 06:25:05.519 14692 14692 I Finsky  : [1] xio.a(57): SCH: ConstraintMapping: 24-77777777,  -> L: 0ms, D: 53105408ms, C: false, I: true, N: 0
08-06 06:25:05.520 14692 14692 I Finsky  : [1] xio.a(57): SCH: ConstraintMapping: 1-1337, 12-1,  -> L: 14383ms, D: 56447403ms, C: false, I: false, N: 1
08-06 06:25:05.522 14692 14692 I Finsky  : [1] xio.a(57): SCH: ConstraintMapping: 3-221,  -> L: 0ms, D: 74583908ms, C: false, I: true, N: 2
08-06 06:25:05.523 14692 14692 I Finsky  : [1] xio.a(57): SCH: ConstraintMapping: 3-222,  -> L: 0ms, D: 74583980ms, C: true, I: true, N: 2
08-06 06:25:05.523 14692 14692 I Finsky  : [1] xio.a(57): SCH: ConstraintMapping: 26-1414141414,  -> L: 17895301ms, D: 18795301ms, C: false, I: false, N: 0
08-06 06:25:05.527 24296 24296 W System  : ClassLoader referenced unknown path: /data/app/baseline.com.ak.uobtimetable-2/lib/arm64
08-06 06:25:05.528 14692 24268 I Finsky  : [6476] gzn.a(-1): [ContentSync] finished, scheduled=true
08-06 06:25:05.532 24577 13336 I Icing   : IndexChimeraService.getServiceInterface callingPackage=com.google.android.gms componentName=null serviceId=30
08-06 06:25:05.537 24296 24296 E Application: Can't init Bugsnag - No key
08-06 06:25:05.537 24296 24296 E Application: java.lang.Exception: Can't init Bugsnag - No key
08-06 06:25:05.537 24296 24296 E Application: 	at baseline.com.ak.uobtimetable.Utilities.Logging.Logger.error(Logger.java:79)
08-06 06:25:05.537 24296 24296 E Application: 	at baseline.com.ak.uobtimetable.MyApplication.onCreate(MyApplication.java:52)
08-06 06:25:05.537 24296 24296 E Application: 	at android.app.Instrumentation.callApplicationOnCreate(Instrumentation.java:1013)
08-06 06:25:05.537 24296 24296 E Application: 	at android.app.ActivityThread.handleBindApplication(ActivityThread.java:4707)
08-06 06:25:05.537 24296 24296 E Application: 	at android.app.ActivityThread.-wrap1(ActivityThread.java)
08-06 06:25:05.537 24296 24296 E Application: 	at android.app.ActivityThread$H.handleMessage(ActivityThread.java:1405)
08-06 06:25:05.537 24296 24296 E Application: 	at android.os.Handler.dispatchMessage(Handler.java:102)
08-06 06:25:05.537 24296 24296 E Application: 	at android.os.Looper.loop(Looper.java:148)
08-06 06:25:05.537 24296 24296 E Application: 	at android.app.ActivityThread.main(ActivityThread.java:5417)
08-06 06:25:05.537 24296 24296 E Application: 	at java.lang.reflect.Method.invoke(Native Method)
08-06 06:25:05.537 24296 24296 E Application: 	at com.android.internal.os.ZygoteInit$MethodAndArgsCaller.run(ZygoteInit.java:726)
08-06 06:25:05.537 24296 24296 E Application: 	at com.android.internal.os.ZygoteInit.main(ZygoteInit.java:616)
08-06 06:25:05.539 24296 24296 I Application: API level: 23
08-06 06:25:05.540 24296 24296 I Application: API level name: M
08-06 06:25:05.545 14692 14692 I Finsky  : [1] xle.a(34): Cancelling existing jobscheduler jobs: 9010 9000 9007 9008 9003 9002 9009 9004 9006 9005 
08-06 06:25:05.545 14692 14692 I Finsky  : [1] xle.a(27): Scheduling job Id: 9001, L: 0, D: 53105408, C: false, I: true, N: 0
08-06 06:25:05.547 14692 14692 I Finsky  : [1] xle.a(27): Scheduling job Id: 9011, L: 14383, D: 56447403, C: false, I: false, N: 1
08-06 06:25:05.548 24296 24296 I Application: Target API level: 29
08-06 06:25:05.548 24296 24296 I Application: Git commit hash: d26bf1fa
08-06 06:25:05.548 24296 24296 I Application: Git branch: master
08-06 06:25:05.548 24296 24296 I Application: Build type: Debug
08-06 06:25:05.549 14692 14692 I Finsky  : [1] xle.a(27): Scheduling job Id: 9012, L: 0, D: 74583908, C: false, I: true, N: 2
08-06 06:25:05.550 24296 24296 I Application: Build keys: Release
08-06 06:25:05.550 14692 14692 I Finsky  : [1] xle.a(27): Scheduling job Id: 9013, L: 0, D: 74583980, C: true, I: true, N: 2
08-06 06:25:05.551 24296 24296 I Application: Version code: 21
08-06 06:25:05.551 24296 24296 I Application: Version name: 2.5
08-06 06:25:05.551 24296 24296 I Application: Build date: 22:30 03/08/20
08-06 06:25:05.552 14692 14692 I Finsky  : [1] xle.a(27): Scheduling job Id: 9014, L: 17895301, D: 18795301, C: false, I: false, N: 0
08-06 06:25:05.552 24296 24296 I Application: Package update date: 23:40 05/08/20
08-06 06:25:05.552 24296 24296 I SettingsManager: Getting int: launchCount
08-06 06:25:05.553 24296 24296 I SettingsManager: Setting int: launchCount
08-06 06:25:05.553 14692 14692 I Finsky  : [1] xle.a(27): Scheduling job Id: 9015, L: 0, D: 53105408, C: false, I: true, N: 0
08-06 06:25:05.554 14692 14692 I Finsky  : [1] xle.a(27): Scheduling job Id: 9016, L: 14383, D: 56447403, C: false, I: false, N: 1
08-06 06:25:05.557 14692 14692 I Finsky  : [1] xle.a(27): Scheduling job Id: 9017, L: 0, D: 74583908, C: false, I: true, N: 2
08-06 06:25:05.559 14692 14692 I Finsky  : [1] xle.a(27): Scheduling job Id: 9018, L: 0, D: 74583980, C: true, I: true, N: 2
08-06 06:25:05.560   918  6029 W BackupManagerService: dataChanged but no participant pkg='baseline.com.ak.uobtimetable' uid=10710
08-06 06:25:05.560 24296 24296 I Application: Launch count: 1
08-06 06:25:05.561 14692 14692 I Finsky  : [1] xle.a(27): Scheduling job Id: 9019, L: 17895301, D: 18795301, C: false, I: false, N: 0
08-06 06:25:05.562 24296 24296 I Application: Network: TYPE_WIFI
08-06 06:25:05.562 24296 24296 I Application: Tablet layout: false
08-06 06:25:05.573 16458  6583 I PBSessionCacheImpl: Deleted sessionId[72384646105454640] from persistence.
08-06 06:25:05.575 24296 24296 W art     : Before Android 4.1, method android.graphics.PorterDuffColorFilter androidx.vectordrawable.graphics.drawable.VectorDrawableCompat.updateTintFilter(android.graphics.PorterDuffColorFilter, android.content.res.ColorStateList, android.graphics.PorterDuff$Mode) would have incorrectly overridden the package-private method in android.graphics.drawable.Drawable
08-06 06:25:05.576 16458 16488 W SearchServiceCore: Abort, client detached.
08-06 06:25:05.577 16458 16488 I MicroDetectionState: Should stop hotword detection immediately - true
08-06 06:25:05.592 24296 24296 I art     : Rejecting re-init on previously-failed class java.lang.Class<androidx.core.view.ViewCompat$OnUnhandledKeyEventListenerWrapper>
08-06 06:25:05.592 24296 24296 I art     : Rejecting re-init on previously-failed class java.lang.Class<androidx.core.view.ViewCompat$OnUnhandledKeyEventListenerWrapper>
08-06 06:25:05.626 24577 24786 I Icing   : Usage reports ok 3, Failed Usage reports 0, indexed 0, rejected 0
08-06 06:25:05.630 24577 24786 W Icing   : No valid account for uploading user actions
08-06 06:25:05.647 24577 24786 I Icing   : Usage reports ok 0, Failed Usage reports 0, indexed 0, rejected 0
08-06 06:25:05.648 24577 24786 I Icing   : Indexing com.google.android.gms-internal.3p:MobileApplication from com.google.android.gms using seqno 763
08-06 06:25:05.650 24296 24296 D MainActivity: onCreate
08-06 06:25:05.650 24296 24296 I SettingsManager: Getting string: savedSessions
08-06 06:25:05.650 24296 24296 I Settings: No saved sessions
08-06 06:25:05.651 24577 24786 I Icing   : Indexing com.google.android.gms-internal.3p:MobileApplication from com.google.android.gms using seqno 763
08-06 06:25:05.680 24296 24296 I SettingsManager: Getting string: savedCourse
08-06 06:25:05.681   918   928 I ActivityManager: START u0 {flg=0x14000000 cmp=baseline.com.ak.uobtimetable/.WelcomeActivity} from uid 10710 on display 0
08-06 06:25:05.689 24296 24296 D MainActivity: OnResume
08-06 06:25:05.690 24577 13336 I Icing   : IndexChimeraService.getServiceInterface callingPackage=com.google.android.gms componentName=null serviceId=36
08-06 06:25:05.694 24577 24786 W Icing   : No valid account for uploading user actions
08-06 06:25:05.695 24296 24311 D OpenGLRenderer: Use EGL_SWAP_BEHAVIOR_PRESERVED: true
08-06 06:25:05.702 24296 24296 D MainActivity: OnPause
08-06 06:25:05.707 24577 24786 I Icing   : Usage reports ok 0, Failed Usage reports 0, indexed 0, rejected 0
08-06 06:25:05.815 24296 24311 I Adreno  : QUALCOMM build                   : fcf4852, I1af360237c
08-06 06:25:05.815 24296 24311 I Adreno  : Build Date                       : 09/23/15
08-06 06:25:05.815 24296 24311 I Adreno  : OpenGL ES Shader Compiler Version: XE031.05.13.02
08-06 06:25:05.815 24296 24311 I Adreno  : Local Branch                     : mybranch14465806
08-06 06:25:05.815 24296 24311 I Adreno  : Remote Branch                    : quic/LA.BF64.1.2.9_v2
08-06 06:25:05.815 24296 24311 I Adreno  : Remote Branch                    : NONE
08-06 06:25:05.815 24296 24311 I Adreno  : Reconstruct Branch               : NOTHING
08-06 06:25:05.820 24296 24311 I OpenGLRenderer: Initialized EGL, version 1.4
08-06 06:25:06.015   918   936 I ActivityManager: Displayed baseline.com.ak.uobtimetable/.WelcomeActivity: +312ms (total +543ms)
08-06 06:25:06.021 13866 13866 I GoogleInputMethodServic: GoogleInputMethodService.onFinishInput():3138 
08-06 06:25:06.022 13866 13866 I GoogleInputMethodServic: GoogleInputMethodService.onStartInput():1808 
08-06 06:25:06.277 24296 24296 D MainActivity: Saving state
08-06 06:25:06.629 24577 24786 I Icing   : Indexing com.google.android.gms-apps from com.google.android.gms
08-06 06:25:06.709 24577 24786 I Icing   : Indexing done com.google.android.gms-apps
08-06 06:25:07.080 24326 24326 D AndroidRuntime: >>>>>> START com.android.internal.os.RuntimeInit uid 2000 <<<<<<
08-06 06:25:07.086 24326 24326 D AndroidRuntime: CheckJNI is OFF
08-06 06:25:07.118 24326 24326 D ICU     : No timezone override file found: /data/misc/zoneinfo/current/icu/icu_tzdata.dat
08-06 06:25:07.148 24326 24326 I Radio-JNI: register_android_hardware_Radio DONE
08-06 06:25:07.164 24326 24326 D AndroidRuntime: Calling main entry com.android.commands.am.Am
08-06 06:25:07.173  3167  3167 I Trepn   : Trepn 6.2s: Received intent: com.quicinc.trepn.start_profiling
08-06 06:25:07.338  3167  3167 W FileUtils: Failed to chmod(/storage/emulated/0/trepn/Trepn_2020.08.06_062507.db): android.system.ErrnoException: chmod failed: EPERM (Operation not permitted)
08-06 06:25:07.514  3167  3167 I Trepn   : Trepn 6.2s: Trepn has Started Profiling.
08-06 06:25:07.516 24326 24326 D AndroidRuntime: Shutting down VM
08-06 06:25:07.999 24296 24309 I art     : Starting a blocking GC Explicit
08-06 06:25:08.031 24296 24309 I art     : Explicit concurrent mark sweep GC freed 22193(1883KB) AllocSpace objects, 3(1360KB) LOS objects, 40% free, 21MB/36MB, paused 308us total 31.520ms
08-06 06:25:08.043 24296 24309 I art     : Starting a blocking GC Explicit
08-06 06:25:08.053 24296 24309 I art     : Explicit concurrent mark sweep GC freed 582(26KB) AllocSpace objects, 0(0B) LOS objects, 40% free, 21MB/36MB, paused 92us total 9.574ms
08-06 06:25:08.058 24296 24309 I art     : Starting a blocking GC Explicit
08-06 06:25:08.068 24296 24309 I art     : Explicit concurrent mark sweep GC freed 3(96B) AllocSpace objects, 0(0B) LOS objects, 40% free, 21MB/36MB, paused 92us total 9.604ms
08-06 06:25:08.074 24296 24309 I art     : Starting a blocking GC Explicit
08-06 06:25:08.083 24296 24309 I art     : Explicit concurrent mark sweep GC freed 3(96B) AllocSpace objects, 0(0B) LOS objects, 40% free, 21MB/36MB, paused 85us total 9.489ms
08-06 06:25:08.089 24296 24309 I art     : Starting a blocking GC Explicit
08-06 06:25:08.099 24296 24309 I art     : Explicit concurrent mark sweep GC freed 3(96B) AllocSpace objects, 0(0B) LOS objects, 40% free, 21MB/36MB, paused 94us total 9.723ms
08-06 06:25:08.370 24296 24315 I art     : Starting a blocking GC Explicit
08-06 06:25:08.389 24296 24315 I art     : Explicit concurrent mark sweep GC freed 1274(74KB) AllocSpace objects, 1(20KB) LOS objects, 40% free, 21MB/36MB, paused 133us total 18.075ms
08-06 06:25:08.399 24296 24315 I art     : Starting a blocking GC Explicit
08-06 06:25:08.412 24296 24315 I art     : Explicit concurrent mark sweep GC freed 18(624B) AllocSpace objects, 0(0B) LOS objects, 40% free, 21MB/36MB, paused 101us total 12.804ms
08-06 06:25:08.421 24296 24315 I art     : Starting a blocking GC Explicit
08-06 06:25:08.431 24296 24315 I art     : Explicit concurrent mark sweep GC freed 3(96B) AllocSpace objects, 0(0B) LOS objects, 40% free, 21MB/36MB, paused 83us total 9.860ms
08-06 06:25:08.437 24296 24315 I art     : Starting a blocking GC Explicit
08-06 06:25:08.447 24296 24315 I art     : Explicit concurrent mark sweep GC freed 3(96B) AllocSpace objects, 0(0B) LOS objects, 40% free, 21MB/36MB, paused 109us total 9.694ms
08-06 06:25:08.453 24296 24315 I art     : Starting a blocking GC Explicit
08-06 06:25:08.463 24296 24315 I art     : Explicit concurrent mark sweep GC freed 3(96B) AllocSpace objects, 0(0B) LOS objects, 40% free, 21MB/36MB, paused 97us total 10.234ms
08-06 06:25:08.728 24296 24308 I art     : Starting a blocking GC Explicit
08-06 06:25:08.742 24296 24308 I art     : Explicit concurrent mark sweep GC freed 1271(74KB) AllocSpace objects, 1(20KB) LOS objects, 40% free, 21MB/36MB, paused 111us total 13.356ms
08-06 06:25:08.749 24296 24308 I art     : Starting a blocking GC Explicit
08-06 06:25:08.761 24296 24308 I art     : Explicit concurrent mark sweep GC freed 18(624B) AllocSpace objects, 0(0B) LOS objects, 40% free, 21MB/36MB, paused 94us total 11.664ms
08-06 06:25:08.766 24296 24308 I art     : Starting a blocking GC Explicit
08-06 06:25:08.776 24296 24308 I art     : Explicit concurrent mark sweep GC freed 3(96B) AllocSpace objects, 0(0B) LOS objects, 40% free, 21MB/36MB, paused 100us total 9.874ms
08-06 06:25:08.782 24296 24308 I art     : Starting a blocking GC Explicit
08-06 06:25:08.792 24296 24308 I art     : Explicit concurrent mark sweep GC freed 3(96B) AllocSpace objects, 0(0B) LOS objects, 40% free, 21MB/36MB, paused 89us total 9.472ms
08-06 06:25:08.797 24296 24308 I art     : Starting a blocking GC Explicit
08-06 06:25:08.807 24296 24308 I art     : Explicit concurrent mark sweep GC freed 3(96B) AllocSpace objects, 0(0B) LOS objects, 40% free, 21MB/36MB, paused 91us total 9.405ms
08-06 06:25:09.085 24296 24309 I art     : Starting a blocking GC Explicit
08-06 06:25:09.103 24296 24309 I art     : Explicit concurrent mark sweep GC freed 1268(74KB) AllocSpace objects, 1(20KB) LOS objects, 40% free, 21MB/36MB, paused 134us total 18.441ms
08-06 06:25:09.115 24296 24309 I art     : Starting a blocking GC Explicit
08-06 06:25:09.127 24296 24309 I art     : Explicit concurrent mark sweep GC freed 18(624B) AllocSpace objects, 0(0B) LOS objects, 40% free, 21MB/36MB, paused 88us total 11.012ms
08-06 06:25:09.133 24296 24309 I art     : Starting a blocking GC Explicit
08-06 06:25:09.143 24296 24309 I art     : Explicit concurrent mark sweep GC freed 3(96B) AllocSpace objects, 0(0B) LOS objects, 40% free, 21MB/36MB, paused 83us total 10.149ms
08-06 06:25:09.149 24296 24309 I art     : Starting a blocking GC Explicit
08-06 06:25:09.159 24296 24309 I art     : Explicit concurrent mark sweep GC freed 3(96B) AllocSpace objects, 0(0B) LOS objects, 40% free, 21MB/36MB, paused 90us total 9.650ms
08-06 06:25:09.164 24296 24309 I art     : Starting a blocking GC Explicit
08-06 06:25:09.174 24296 24309 I art     : Explicit concurrent mark sweep GC freed 3(96B) AllocSpace objects, 0(0B) LOS objects, 40% free, 21MB/36MB, paused 88us total 9.647ms
08-06 06:25:09.469 24296 24315 I art     : Starting a blocking GC Explicit
08-06 06:25:09.482 24296 24315 I art     : Explicit concurrent mark sweep GC freed 1268(74KB) AllocSpace objects, 1(20KB) LOS objects, 40% free, 21MB/36MB, paused 112us total 12.571ms
08-06 06:25:09.489 24296 24315 I art     : Starting a blocking GC Explicit
08-06 06:25:09.500 24296 24315 I art     : Explicit concurrent mark sweep GC freed 18(624B) AllocSpace objects, 0(0B) LOS objects, 40% free, 21MB/36MB, paused 96us total 10.785ms
08-06 06:25:09.507 24296 24315 I art     : Starting a blocking GC Explicit
08-06 06:25:09.517 24296 24315 I art     : Explicit concurrent mark sweep GC freed 3(96B) AllocSpace objects, 0(0B) LOS objects, 40% free, 21MB/36MB, paused 92us total 10.385ms
08-06 06:25:09.523 24296 24315 I art     : Starting a blocking GC Explicit
08-06 06:25:09.534 24296 24315 I art     : Explicit concurrent mark sweep GC freed 3(96B) AllocSpace objects, 0(0B) LOS objects, 40% free, 21MB/36MB, paused 87us total 10.182ms
08-06 06:25:09.541 24296 24315 I art     : Starting a blocking GC Explicit
08-06 06:25:09.550 24296 24315 I art     : Explicit concurrent mark sweep GC freed 3(96B) AllocSpace objects, 0(0B) LOS objects, 40% free, 21MB/36MB, paused 84us total 9.677ms
08-06 06:25:09.859 24296 24308 I art     : Starting a blocking GC Explicit
08-06 06:25:09.875 24296 24308 I art     : Explicit concurrent mark sweep GC freed 1268(74KB) AllocSpace objects, 1(20KB) LOS objects, 40% free, 21MB/36MB, paused 125us total 15.812ms
08-06 06:25:09.884 19469 19469 I ServiceManager: Waiting for service AtCmdFwd...
08-06 06:25:09.885 24296 24308 I art     : Starting a blocking GC Explicit
08-06 06:25:09.896 24296 24308 I art     : Explicit concurrent mark sweep GC freed 18(624B) AllocSpace objects, 0(0B) LOS objects, 40% free, 21MB/36MB, paused 98us total 11.322ms
08-06 06:25:09.903 24296 24308 I art     : Starting a blocking GC Explicit
08-06 06:25:09.913 24296 24308 I art     : Explicit concurrent mark sweep GC freed 3(96B) AllocSpace objects, 0(0B) LOS objects, 40% free, 21MB/36MB, paused 86us total 10.564ms
08-06 06:25:09.920 24296 24308 I art     : Starting a blocking GC Explicit
08-06 06:25:09.929 24296 24308 I art     : Explicit concurrent mark sweep GC freed 3(96B) AllocSpace objects, 0(0B) LOS objects, 40% free, 21MB/36MB, paused 90us total 9.522ms
08-06 06:25:09.935 24296 24308 I art     : Starting a blocking GC Explicit
08-06 06:25:09.945 24296 24308 I art     : Explicit concurrent mark sweep GC freed 3(96B) AllocSpace objects, 0(0B) LOS objects, 40% free, 21MB/36MB, paused 90us total 9.793ms
08-06 06:25:10.255 24296 24309 I art     : Starting a blocking GC Explicit
08-06 06:25:10.272 24296 24309 I art     : Explicit concurrent mark sweep GC freed 1268(74KB) AllocSpace objects, 1(20KB) LOS objects, 40% free, 21MB/36MB, paused 123us total 16.342ms
08-06 06:25:10.283 24296 24309 I art     : Starting a blocking GC Explicit
08-06 06:25:10.297 24296 24309 I art     : Explicit concurrent mark sweep GC freed 18(624B) AllocSpace objects, 0(0B) LOS objects, 40% free, 21MB/36MB, paused 197us total 13.529ms
08-06 06:25:10.306 24296 24309 I art     : Starting a blocking GC Explicit
08-06 06:25:10.316 24296 24309 I art     : Explicit concurrent mark sweep GC freed 3(96B) AllocSpace objects, 0(0B) LOS objects, 40% free, 21MB/36MB, paused 93us total 10.230ms
08-06 06:25:10.322 24296 24309 I art     : Starting a blocking GC Explicit
08-06 06:25:10.332 24296 24309 I art     : Explicit concurrent mark sweep GC freed 3(96B) AllocSpace objects, 0(0B) LOS objects, 40% free, 21MB/36MB, paused 89us total 9.937ms
08-06 06:25:10.338 24296 24309 I art     : Starting a blocking GC Explicit
08-06 06:25:10.349 24296 24309 I art     : Explicit concurrent mark sweep GC freed 3(96B) AllocSpace objects, 0(0B) LOS objects, 40% free, 21MB/36MB, paused 86us total 10.387ms
08-06 06:25:10.654 24296 24315 I art     : Starting a blocking GC Explicit
08-06 06:25:10.670 24296 24315 I art     : Explicit concurrent mark sweep GC freed 1268(74KB) AllocSpace objects, 1(20KB) LOS objects, 40% free, 21MB/36MB, paused 126us total 15.195ms
08-06 06:25:10.680 24296 24315 I art     : Starting a blocking GC Explicit
08-06 06:25:10.693 24296 24315 I art     : Explicit concurrent mark sweep GC freed 18(624B) AllocSpace objects, 0(0B) LOS objects, 40% free, 21MB/36MB, paused 104us total 12.863ms
08-06 06:25:10.702 24296 24315 I art     : Starting a blocking GC Explicit
08-06 06:25:10.713 24296 24315 I art     : Explicit concurrent mark sweep GC freed 3(96B) AllocSpace objects, 0(0B) LOS objects, 40% free, 21MB/36MB, paused 90us total 10.232ms
08-06 06:25:10.719 24296 24315 I art     : Starting a blocking GC Explicit
08-06 06:25:10.729 24296 24315 I art     : Explicit concurrent mark sweep GC freed 3(96B) AllocSpace objects, 0(0B) LOS objects, 40% free, 21MB/36MB, paused 91us total 10.007ms
08-06 06:25:10.735 24296 24315 I art     : Starting a blocking GC Explicit
08-06 06:25:10.745 24296 24315 I art     : Explicit concurrent mark sweep GC freed 3(96B) AllocSpace objects, 0(0B) LOS objects, 40% free, 21MB/36MB, paused 91us total 10.167ms
08-06 06:25:10.885 19469 19469 I ServiceManager: Waiting for service AtCmdFwd...
08-06 06:25:11.027 13866 13882 I PeriodicStatsRunner: PeriodicStatsRunner.call():175 call()
08-06 06:25:11.027 13866 13882 I PeriodicStatsRunner: PeriodicStatsRunner.call():179 No submit PeriodicStats since input started.
08-06 06:25:11.045 24296 24308 I art     : Starting a blocking GC Explicit
08-06 06:25:11.057 24296 24308 I art     : Explicit concurrent mark sweep GC freed 1268(74KB) AllocSpace objects, 1(20KB) LOS objects, 40% free, 21MB/36MB, paused 106us total 11.496ms
08-06 06:25:11.063 24296 24308 I art     : Starting a blocking GC Explicit
08-06 06:25:11.073 24296 24308 I art     : Explicit concurrent mark sweep GC freed 18(624B) AllocSpace objects, 0(0B) LOS objects, 40% free, 21MB/36MB, paused 90us total 10.107ms
08-06 06:25:11.079 24296 24308 I art     : Starting a blocking GC Explicit
08-06 06:25:11.089 24296 24308 I art     : Explicit concurrent mark sweep GC freed 3(96B) AllocSpace objects, 0(0B) LOS objects, 40% free, 21MB/36MB, paused 87us total 10.369ms
08-06 06:25:11.095 24296 24308 I art     : Starting a blocking GC Explicit
08-06 06:25:11.105 24296 24308 I art     : Explicit concurrent mark sweep GC freed 3(96B) AllocSpace objects, 0(0B) LOS objects, 40% free, 21MB/36MB, paused 86us total 9.811ms
08-06 06:25:11.111 24296 24308 I art     : Starting a blocking GC Explicit
08-06 06:25:11.121 24296 24308 I art     : Explicit concurrent mark sweep GC freed 3(96B) AllocSpace objects, 0(0B) LOS objects, 40% free, 21MB/36MB, paused 90us total 9.957ms
08-06 06:25:11.346   918  1210 D NetlinkSocketObserver: NeighborEvent{elapsedMs=1841715221, 192.168.2.254, [7C3953A63323], RTM_NEWNEIGH, NUD_STALE}
08-06 06:25:11.393 24296 24309 I art     : Starting a blocking GC Explicit
08-06 06:25:11.404 24296 24309 I art     : Explicit concurrent mark sweep GC freed 1268(74KB) AllocSpace objects, 1(20KB) LOS objects, 40% free, 21MB/36MB, paused 101us total 11.107ms
08-06 06:25:11.410 24296 24309 I art     : Starting a blocking GC Explicit
08-06 06:25:11.419 24296 24309 I art     : Explicit concurrent mark sweep GC freed 18(624B) AllocSpace objects, 0(0B) LOS objects, 40% free, 21MB/36MB, paused 86us total 9.095ms
08-06 06:25:11.425 24296 24309 I art     : Starting a blocking GC Explicit
08-06 06:25:11.434 24296 24309 I art     : Explicit concurrent mark sweep GC freed 3(96B) AllocSpace objects, 0(0B) LOS objects, 40% free, 21MB/36MB, paused 85us total 8.915ms
08-06 06:25:11.439 24296 24309 I art     : Starting a blocking GC Explicit
08-06 06:25:11.448 24296 24309 I art     : Explicit concurrent mark sweep GC freed 3(96B) AllocSpace objects, 0(0B) LOS objects, 40% free, 21MB/36MB, paused 82us total 8.664ms
08-06 06:25:11.453 24296 24309 I art     : Starting a blocking GC Explicit
08-06 06:25:11.462 24296 24309 I art     : Explicit concurrent mark sweep GC freed 3(96B) AllocSpace objects, 0(0B) LOS objects, 40% free, 21MB/36MB, paused 82us total 8.701ms
08-06 06:25:11.727 24296 24315 I art     : Starting a blocking GC Explicit
08-06 06:25:11.739 24296 24315 I art     : Explicit concurrent mark sweep GC freed 1268(74KB) AllocSpace objects, 1(20KB) LOS objects, 40% free, 21MB/36MB, paused 114us total 12.385ms
08-06 06:25:11.747 24296 24315 I art     : Starting a blocking GC Explicit
08-06 06:25:11.758 24296 24315 I art     : Explicit concurrent mark sweep GC freed 18(624B) AllocSpace objects, 0(0B) LOS objects, 40% free, 21MB/36MB, paused 102us total 10.734ms
08-06 06:25:11.764 24296 24315 I art     : Starting a blocking GC Explicit
08-06 06:25:11.774 24296 24315 I art     : Explicit concurrent mark sweep GC freed 3(96B) AllocSpace objects, 0(0B) LOS objects, 40% free, 21MB/36MB, paused 98us total 10.439ms
08-06 06:25:11.781 24296 24315 I art     : Starting a blocking GC Explicit
08-06 06:25:11.791 24296 24315 I art     : Explicit concurrent mark sweep GC freed 3(96B) AllocSpace objects, 0(0B) LOS objects, 40% free, 21MB/36MB, paused 85us total 10.211ms
08-06 06:25:11.797 24296 24315 I art     : Starting a blocking GC Explicit
08-06 06:25:11.807 24296 24315 I art     : Explicit concurrent mark sweep GC freed 3(96B) AllocSpace objects, 0(0B) LOS objects, 40% free, 21MB/36MB, paused 82us total 9.608ms
08-06 06:25:11.886 19469 19469 I ServiceManager: Waiting for service AtCmdFwd...
08-06 06:25:12.118 24296 24308 I art     : Starting a blocking GC Explicit
08-06 06:25:12.133 24296 24308 I art     : Explicit concurrent mark sweep GC freed 1268(74KB) AllocSpace objects, 1(20KB) LOS objects, 40% free, 21MB/36MB, paused 128us total 14.686ms
08-06 06:25:12.142 24296 24308 I art     : Starting a blocking GC Explicit
08-06 06:25:12.154 24296 24308 I art     : Explicit concurrent mark sweep GC freed 18(624B) AllocSpace objects, 0(0B) LOS objects, 40% free, 21MB/36MB, paused 98us total 11.209ms
08-06 06:25:12.160 24296 24308 I art     : Starting a blocking GC Explicit
08-06 06:25:12.171 24296 24308 I art     : Explicit concurrent mark sweep GC freed 3(96B) AllocSpace objects, 0(0B) LOS objects, 40% free, 21MB/36MB, paused 89us total 10.290ms
08-06 06:25:12.176 24296 24308 I art     : Starting a blocking GC Explicit
08-06 06:25:12.186 24296 24308 I art     : Explicit concurrent mark sweep GC freed 3(96B) AllocSpace objects, 0(0B) LOS objects, 40% free, 21MB/36MB, paused 95us total 9.703ms
08-06 06:25:12.193 24296 24308 I art     : Starting a blocking GC Explicit
08-06 06:25:12.203 24296 24308 I art     : Explicit concurrent mark sweep GC freed 3(96B) AllocSpace objects, 0(0B) LOS objects, 40% free, 21MB/36MB, paused 90us total 9.926ms
08-06 06:25:12.440 24296 24309 I art     : Starting a blocking GC Explicit
08-06 06:25:12.450 24296 24309 I art     : Explicit concurrent mark sweep GC freed 1268(74KB) AllocSpace objects, 1(20KB) LOS objects, 40% free, 21MB/36MB, paused 104us total 10.641ms
08-06 06:25:12.457 24296 24309 I art     : Starting a blocking GC Explicit
08-06 06:25:12.467 24296 24309 I art     : Explicit concurrent mark sweep GC freed 18(624B) AllocSpace objects, 0(0B) LOS objects, 40% free, 21MB/36MB, paused 145us total 9.807ms
08-06 06:25:12.472 24296 24309 I art     : Starting a blocking GC Explicit
08-06 06:25:12.483 24296 24309 I art     : Explicit concurrent mark sweep GC freed 3(96B) AllocSpace objects, 0(0B) LOS objects, 40% free, 21MB/36MB, paused 90us total 10.364ms
08-06 06:25:12.488 24296 24309 I art     : Starting a blocking GC Explicit
08-06 06:25:12.498 24296 24309 I art     : Explicit concurrent mark sweep GC freed 3(96B) AllocSpace objects, 0(0B) LOS objects, 40% free, 21MB/36MB, paused 95us total 9.380ms
08-06 06:25:12.503 24296 24309 I art     : Starting a blocking GC Explicit
08-06 06:25:12.513 24296 24309 I art     : Explicit concurrent mark sweep GC freed 3(96B) AllocSpace objects, 0(0B) LOS objects, 40% free, 21MB/36MB, paused 93us total 9.301ms
08-06 06:25:12.691 24502 24502 D AndroidRuntime: >>>>>> START com.android.internal.os.RuntimeInit uid 2000 <<<<<<
08-06 06:25:12.694 24502 24502 D AndroidRuntime: CheckJNI is OFF
08-06 06:25:12.719 24502 24502 D ICU     : No timezone override file found: /data/misc/zoneinfo/current/icu/icu_tzdata.dat
08-06 06:25:12.745 24502 24502 I Radio-JNI: register_android_hardware_Radio DONE
08-06 06:25:12.760 24502 24502 D AndroidRuntime: Calling main entry com.android.commands.input.Input
08-06 06:25:12.762 24502 24502 I Input   : injectMotionEvent: MotionEvent { action=ACTION_DOWN, actionButton=0, id[0]=0, x[0]=711.0, y[0]=1664.0, toolType[0]=TOOL_TYPE_UNKNOWN, buttonState=0, metaState=0, flags=0x0, edgeFlags=0x0, pointerCount=1, historySize=0, eventTime=858329175, downTime=858329175, deviceId=0, source=0x1002 }
08-06 06:25:12.767 24502 24502 I Input   : injectMotionEvent: MotionEvent { action=ACTION_UP, actionButton=0, id[0]=0, x[0]=711.0, y[0]=1664.0, toolType[0]=TOOL_TYPE_UNKNOWN, buttonState=0, metaState=0, flags=0x0, edgeFlags=0x0, pointerCount=1, historySize=0, eventTime=858329175, downTime=858329175, deviceId=0, source=0x1002 }
08-06 06:25:12.767 24502 24502 D AndroidRuntime: Shutting down VM
08-06 06:25:12.780   512  2967 D audio_hw_primary: out_set_parameters: enter: usecase(1: low-latency-playback) kvpairs: routing=2
08-06 06:25:12.781   918  3359 I ActivityManager: START u0 {flg=0x14000000 cmp=baseline.com.ak.uobtimetable/.CourseListActivity} from uid 10710 on display 0
08-06 06:25:12.791 24296 24315 I art     : Starting a blocking GC Explicit
08-06 06:25:12.793   512  2967 D audio_hw_primary: select_devices: out_snd_device(2: speaker) in_snd_device(0: none)
08-06 06:25:12.793   512  2967 D msm8974_platform: platform_send_audio_calibration: sending audio calibration for snd_device(2) acdb_id(15)
08-06 06:25:12.793   512  2967 I soundtrigger: audio_extn_sound_trigger_update_device_status: device 0x2 of type 0 for Event 1
08-06 06:25:12.804 24296 24315 I art     : Explicit concurrent mark sweep GC freed 1806(112KB) AllocSpace objects, 1(20KB) LOS objects, 40% free, 21MB/36MB, paused 283us total 12.838ms
08-06 06:25:12.805   512  2967 D audio_hw_primary: enable_snd_device: snd_device(2: speaker)
08-06 06:25:12.808   512  2967 D audio_hw_primary: enable_audio_route: apply and update mixer path: low-latency-playback speaker
08-06 06:25:12.811 24296 24315 I art     : Starting a blocking GC Explicit
08-06 06:25:12.822 24296 24315 I art     : Explicit concurrent mark sweep GC freed 1450(98KB) AllocSpace objects, 0(0B) LOS objects, 40% free, 21MB/36MB, paused 368us total 11.362ms
08-06 06:25:12.823 24296 24296 D CourseListActivity: onCreate
08-06 06:25:12.828 24296 24315 I art     : Starting a blocking GC Explicit
08-06 06:25:12.840 24296 24315 I art     : Explicit concurrent mark sweep GC freed 873(94KB) AllocSpace objects, 0(0B) LOS objects, 40% free, 22MB/36MB, paused 287us total 11.832ms
08-06 06:25:12.846 24296 24315 I art     : Starting a blocking GC Explicit
08-06 06:25:12.853 24296 24536 D HTTP    : Request for: https://uob-timetable-api.adriankeenan.co.uk/courses
08-06 06:25:12.858 24296 24315 I art     : Explicit concurrent mark sweep GC freed 624(52KB) AllocSpace objects, 0(0B) LOS objects, 40% free, 22MB/36MB, paused 426us total 11.908ms
08-06 06:25:12.864 24296 24315 I art     : Starting a blocking GC Explicit
08-06 06:25:12.874 24296 24315 I art     : Explicit concurrent mark sweep GC freed 281(33KB) AllocSpace objects, 0(0B) LOS objects, 40% free, 22MB/36MB, paused 153us total 10.289ms
08-06 06:25:12.886 19469 19469 I ServiceManager: Waiting for service AtCmdFwd...
08-06 06:25:12.918 13866 13866 I GoogleInputMethodServic: GoogleInputMethodService.onFinishInput():3138 
08-06 06:25:12.919   918   936 I ActivityManager: Displayed baseline.com.ak.uobtimetable/.CourseListActivity: +129ms
08-06 06:25:12.919 13866 13866 I GoogleInputMethodServic: GoogleInputMethodService.onStartInput():1808 
08-06 06:25:12.935 24296 24311 D OpenGLRenderer: endAllStagingAnimators on 0x7f949c8800 (RippleDrawable) with handle 0x7f9a1e7f60
08-06 06:25:13.082 24296 24315 I art     : Starting a blocking GC Explicit
08-06 06:25:13.098 24296 24315 I art     : Explicit concurrent mark sweep GC freed 1609(96KB) AllocSpace objects, 1(20KB) LOS objects, 40% free, 22MB/37MB, paused 604us total 15.558ms
08-06 06:25:13.106 24296 24315 I art     : Starting a blocking GC Explicit
08-06 06:25:13.122 24296 24315 I art     : Explicit concurrent mark sweep GC freed 45(1504B) AllocSpace objects, 0(0B) LOS objects, 40% free, 22MB/37MB, paused 130us total 15.805ms
08-06 06:25:13.128 24296 24315 I art     : Starting a blocking GC Explicit
08-06 06:25:13.140 24296 24315 I art     : Explicit concurrent mark sweep GC freed 4(128B) AllocSpace objects, 0(0B) LOS objects, 40% free, 22MB/37MB, paused 132us total 11.100ms
08-06 06:25:13.146 24296 24315 I art     : Starting a blocking GC Explicit
08-06 06:25:13.157 24296 24315 I art     : Explicit concurrent mark sweep GC freed 4(128B) AllocSpace objects, 0(0B) LOS objects, 40% free, 22MB/37MB, paused 140us total 10.878ms
08-06 06:25:13.164 24296 24315 I art     : Starting a blocking GC Explicit
08-06 06:25:13.177 24296 24315 I art     : Explicit concurrent mark sweep GC freed 40(1856B) AllocSpace objects, 0(0B) LOS objects, 40% free, 22MB/37MB, paused 150us total 12.845ms
08-06 06:25:13.348   512  2967 D audio_hw_primary: disable_audio_route: reset and update mixer path: low-latency-playback speaker
08-06 06:25:13.349   512  2967 D audio_hw_primary: disable_snd_device: snd_device(2: speaker)
08-06 06:25:13.356   512  2967 I soundtrigger: audio_extn_sound_trigger_update_device_status: device 0x2 of type 0 for Event 0
08-06 06:25:13.377 24296 24536 I NAPPA_EXPERIMENTATION: MetricNetworkRequestExecutionTime: REQUEST_DURATION_SYSTEM='522',REQUEST_DURATION_OKHTTP='40',REQUEST_SYNCHRONOUS='TRUE',RESPONSE_CODE='200',RESPONSE_METHOD='GET',RESPONSE_LENGTH_OKHTTP='-1',RESPONSE_LENGTH_HEADER='-2',REQUEST_PROTOCOL='http/1.1',REQUEST_URL='https://uob-timetable-api.adriankeenan.co.uk/courses',
08-06 06:25:13.435 24296 24308 I art     : Starting a blocking GC Explicit
08-06 06:25:13.453 24296 24308 I art     : Explicit concurrent mark sweep GC freed 4155(265KB) AllocSpace objects, 4(220KB) LOS objects, 35% free, 28MB/44MB, paused 151us total 17.802ms
08-06 06:25:13.459 24296 24308 I art     : Starting a blocking GC Explicit
08-06 06:25:13.470 24296 24308 I art     : Explicit concurrent mark sweep GC freed 1040(119KB) AllocSpace objects, 0(0B) LOS objects, 34% free, 30MB/46MB, paused 140us total 11.293ms
08-06 06:25:13.476 24296 24308 I art     : Starting a blocking GC Explicit
08-06 06:25:13.488 24296 24308 I art     : Explicit concurrent mark sweep GC freed 20(640B) AllocSpace objects, 0(0B) LOS objects, 33% free, 31MB/47MB, paused 138us total 11.367ms
08-06 06:25:13.493 24296 24308 I art     : Starting a blocking GC Explicit
08-06 06:25:13.505 24296 24308 I art     : Explicit concurrent mark sweep GC freed 18(592B) AllocSpace objects, 0(0B) LOS objects, 32% free, 33MB/49MB, paused 127us total 11.025ms
08-06 06:25:13.511 24296 24308 I art     : Starting a blocking GC Explicit
08-06 06:25:13.523 24296 24308 I art     : Explicit concurrent mark sweep GC freed 1586(9MB) AllocSpace objects, 0(0B) LOS objects, 33% free, 32MB/48MB, paused 291us total 12.145ms
08-06 06:25:13.708 24296 24536 I HTTP    : Response was compressed.
08-06 06:25:13.782 24296 24309 I art     : Starting a blocking GC Explicit
08-06 06:25:13.798 24296 24309 I art     : Explicit concurrent mark sweep GC freed 17826(828KB) AllocSpace objects, 0(0B) LOS objects, 29% free, 37MB/53MB, paused 226us total 15.467ms
08-06 06:25:13.805 24296 24309 I art     : Starting a blocking GC Explicit
08-06 06:25:13.818 24296 24309 I art     : Explicit concurrent mark sweep GC freed 10770(511KB) AllocSpace objects, 0(0B) LOS objects, 29% free, 37MB/53MB, paused 247us total 12.905ms
08-06 06:25:13.824 24296 24309 I art     : Starting a blocking GC Explicit
08-06 06:25:13.837 24296 24309 I art     : Explicit concurrent mark sweep GC freed 10213(491KB) AllocSpace objects, 0(0B) LOS objects, 29% free, 37MB/53MB, paused 201us total 12.171ms
08-06 06:25:13.843 24296 24309 I art     : Starting a blocking GC Explicit
08-06 06:25:13.855 24296 24309 I art     : Explicit concurrent mark sweep GC freed 9942(480KB) AllocSpace objects, 0(0B) LOS objects, 29% free, 38MB/54MB, paused 202us total 11.902ms
08-06 06:25:13.860 24296 24309 I art     : Starting a blocking GC Explicit
08-06 06:25:13.873 24296 24309 I art     : Explicit concurrent mark sweep GC freed 10192(473KB) AllocSpace objects, 0(0B) LOS objects, 29% free, 38MB/54MB, paused 201us total 12.051ms
08-06 06:25:13.886 19469 19469 I ServiceManager: Waiting for service AtCmdFwd...
08-06 06:25:14.138 24296 24315 I art     : Starting a blocking GC Explicit
08-06 06:25:14.168 24296 24315 I art     : Explicit concurrent mark sweep GC freed 160243(7MB) AllocSpace objects, 1(20KB) LOS objects, 28% free, 39MB/55MB, paused 323us total 29.437ms
08-06 06:25:14.176 24296 24315 I art     : Starting a blocking GC Explicit
08-06 06:25:14.193 24296 24315 I art     : Explicit concurrent mark sweep GC freed 19286(900KB) AllocSpace objects, 0(0B) LOS objects, 28% free, 39MB/55MB, paused 263us total 16.905ms
08-06 06:25:14.201 24296 24315 I art     : Starting a blocking GC Explicit
08-06 06:25:14.217 24296 24315 I art     : Explicit concurrent mark sweep GC freed 13158(621KB) AllocSpace objects, 0(0B) LOS objects, 28% free, 39MB/55MB, paused 264us total 15.813ms
08-06 06:25:14.224 24296 24315 I art     : Starting a blocking GC Explicit
08-06 06:25:14.240 24296 24315 I art     : Explicit concurrent mark sweep GC freed 12562(591KB) AllocSpace objects, 0(0B) LOS objects, 28% free, 39MB/55MB, paused 270us total 15.412ms
08-06 06:25:14.247 24296 24315 I art     : Starting a blocking GC Explicit
08-06 06:25:14.263 24296 24315 I art     : Explicit concurrent mark sweep GC freed 12847(617KB) AllocSpace objects, 0(0B) LOS objects, 28% free, 39MB/55MB, paused 269us total 15.931ms
08-06 06:25:14.533 24296 24315 I art     : Starting a blocking GC Explicit
08-06 06:25:14.569 24296 24315 I art     : Explicit concurrent mark sweep GC freed 163550(7MB) AllocSpace objects, 1(20KB) LOS objects, 27% free, 41MB/57MB, paused 467us total 35.258ms
08-06 06:25:14.578 24296 24315 I art     : Starting a blocking GC Explicit
08-06 06:25:14.599 24296 24315 I art     : Explicit concurrent mark sweep GC freed 21972(1032KB) AllocSpace objects, 0(0B) LOS objects, 28% free, 41MB/57MB, paused 307us total 20.348ms
08-06 06:25:14.607 24296 24315 I art     : Starting a blocking GC Explicit
08-06 06:25:14.625 24296 24315 I art     : Explicit concurrent mark sweep GC freed 14679(687KB) AllocSpace objects, 0(0B) LOS objects, 27% free, 41MB/57MB, paused 317us total 17.874ms
08-06 06:25:14.633 24296 24315 I art     : Starting a blocking GC Explicit
08-06 06:25:14.652 24296 24315 I art     : Explicit concurrent mark sweep GC freed 15186(709KB) AllocSpace objects, 0(0B) LOS objects, 27% free, 41MB/57MB, paused 311us total 19.276ms
08-06 06:25:14.661 24296 24315 I art     : Starting a blocking GC Explicit
08-06 06:25:14.680 24296 24315 I art     : Explicit concurrent mark sweep GC freed 15514(727KB) AllocSpace objects, 0(0B) LOS objects, 27% free, 41MB/57MB, paused 313us total 18.946ms
08-06 06:25:14.886 19469 19469 W Atfwd_Sendcmd: AtCmdFwd service not published, waiting... retryCnt : 1
08-06 06:25:14.945 24296 24309 I art     : Starting a blocking GC Explicit
08-06 06:25:14.989 24296 24309 I art     : Explicit concurrent mark sweep GC freed 162910(7MB) AllocSpace objects, 1(20KB) LOS objects, 27% free, 42MB/58MB, paused 477us total 43.782ms
08-06 06:25:14.999 24296 24309 I art     : Starting a blocking GC Explicit
08-06 06:25:15.020 24296 24309 I art     : Explicit concurrent mark sweep GC freed 23488(1092KB) AllocSpace objects, 0(0B) LOS objects, 27% free, 42MB/58MB, paused 372us total 21.493ms
08-06 06:25:15.029 24296 24309 I art     : Starting a blocking GC Explicit
08-06 06:25:15.052 24296 24309 I art     : Explicit concurrent mark sweep GC freed 17395(820KB) AllocSpace objects, 0(0B) LOS objects, 27% free, 42MB/58MB, paused 397us total 22.171ms
08-06 06:25:15.061 24296 24309 I art     : Starting a blocking GC Explicit
08-06 06:25:15.083 24296 24309 I art     : Explicit concurrent mark sweep GC freed 17612(825KB) AllocSpace objects, 0(0B) LOS objects, 27% free, 43MB/59MB, paused 401us total 22.349ms
08-06 06:25:15.093 24296 24309 I art     : Starting a blocking GC Explicit
08-06 06:25:15.115 24296 24309 I art     : Explicit concurrent mark sweep GC freed 17743(829KB) AllocSpace objects, 0(0B) LOS objects, 27% free, 43MB/59MB, paused 378us total 22.776ms
08-06 06:25:15.385 24296 24309 I art     : Starting a blocking GC Explicit
08-06 06:25:15.426 24296 24309 I art     : Explicit concurrent mark sweep GC freed 162618(7MB) AllocSpace objects, 1(20KB) LOS objects, 26% free, 44MB/60MB, paused 417us total 40.213ms
08-06 06:25:15.439 24296 24309 I art     : Starting a blocking GC Explicit
08-06 06:25:15.463 24296 24309 I art     : Explicit concurrent mark sweep GC freed 25215(1178KB) AllocSpace objects, 0(0B) LOS objects, 26% free, 44MB/60MB, paused 417us total 24.511ms
08-06 06:25:15.473 24296 24309 I art     : Starting a blocking GC Explicit
08-06 06:25:15.499 24296 24309 I art     : Explicit concurrent mark sweep GC freed 19511(935KB) AllocSpace objects, 0(0B) LOS objects, 26% free, 44MB/60MB, paused 434us total 26.017ms
08-06 06:25:15.509 24296 24309 I art     : Starting a blocking GC Explicit
08-06 06:25:15.535 24296 24309 I art     : Explicit concurrent mark sweep GC freed 19395(956KB) AllocSpace objects, 0(0B) LOS objects, 26% free, 44MB/60MB, paused 464us total 26.033ms
08-06 06:25:15.545 24296 24309 I art     : Starting a blocking GC Explicit
08-06 06:25:15.571 24296 24309 I art     : Explicit concurrent mark sweep GC freed 19042(893KB) AllocSpace objects, 0(0B) LOS objects, 26% free, 45MB/61MB, paused 421us total 25.449ms
08-06 06:25:15.839 24296 24308 I art     : Starting a blocking GC Explicit
08-06 06:25:15.885 24296 24308 I art     : Explicit concurrent mark sweep GC freed 163862(7MB) AllocSpace objects, 1(20KB) LOS objects, 25% free, 46MB/62MB, paused 568us total 46.734ms
08-06 06:25:15.898 24296 24308 I art     : Starting a blocking GC Explicit
08-06 06:25:15.928 24296 24308 I art     : Explicit concurrent mark sweep GC freed 27036(1262KB) AllocSpace objects, 0(0B) LOS objects, 25% free, 46MB/62MB, paused 482us total 29.861ms
08-06 06:25:15.939 24296 24308 I art     : Starting a blocking GC Explicit
08-06 06:25:15.967 24296 24308 I art     : Explicit concurrent mark sweep GC freed 22997(1075KB) AllocSpace objects, 0(0B) LOS objects, 25% free, 46MB/62MB, paused 489us total 28.680ms
08-06 06:25:15.978 24296 24308 I art     : Starting a blocking GC Explicit
08-06 06:25:16.008 24296 24308 I art     : Explicit concurrent mark sweep GC freed 21391(997KB) AllocSpace objects, 0(0B) LOS objects, 25% free, 46MB/62MB, paused 504us total 29.739ms
08-06 06:25:16.019 24296 24308 I art     : Starting a blocking GC Explicit
08-06 06:25:16.049 24296 24308 I art     : Explicit concurrent mark sweep GC freed 22218(1029KB) AllocSpace objects, 0(0B) LOS objects, 25% free, 46MB/62MB, paused 535us total 30.116ms
08-06 06:25:16.310 24296 24309 I art     : Starting a blocking GC Explicit
08-06 06:25:16.360 24296 24309 I art     : Explicit concurrent mark sweep GC freed 158283(7MB) AllocSpace objects, 1(20KB) LOS objects, 24% free, 48MB/64MB, paused 555us total 50.546ms
08-06 06:25:16.373 24296 24309 I art     : Starting a blocking GC Explicit
08-06 06:25:16.407 24296 24309 I art     : Explicit concurrent mark sweep GC freed 28385(1332KB) AllocSpace objects, 0(0B) LOS objects, 24% free, 48MB/64MB, paused 559us total 33.950ms
08-06 06:25:16.418 24296 24309 I art     : Starting a blocking GC Explicit
08-06 06:25:16.451 24296 24309 I art     : Explicit concurrent mark sweep GC freed 23689(1160KB) AllocSpace objects, 0(0B) LOS objects, 24% free, 48MB/64MB, paused 610us total 33.097ms
08-06 06:25:16.463 24296 24309 I art     : Starting a blocking GC Explicit
08-06 06:25:16.475 24296 24536 I Service : getCourses response time: 0.69
08-06 06:25:16.485 24296 24296 I SettingsManager: Getting string: savedCourse
08-06 06:25:16.494 24296 24309 I art     : Explicit concurrent mark sweep GC freed 12635(595KB) AllocSpace objects, 0(0B) LOS objects, 24% free, 48MB/64MB, paused 193us total 31.304ms
08-06 06:25:16.505 24296 24309 I art     : Starting a blocking GC Explicit
08-06 06:25:16.540 24296 24309 I art     : Explicit concurrent mark sweep GC freed 411(21KB) AllocSpace objects, 1(14MB) LOS objects, 32% free, 33MB/49MB, paused 326us total 33.886ms
08-06 06:25:16.808 24296 24309 I art     : Starting a blocking GC Explicit
08-06 06:25:16.853 24296 24309 I art     : Explicit concurrent mark sweep GC freed 1591(85KB) AllocSpace objects, 1(20KB) LOS objects, 32% free, 33MB/49MB, paused 147us total 44.634ms
08-06 06:25:16.867 24296 24309 I art     : Starting a blocking GC Explicit
08-06 06:25:16.902 24296 24309 I art     : Explicit concurrent mark sweep GC freed 55(2256B) AllocSpace objects, 0(0B) LOS objects, 32% free, 33MB/49MB, paused 145us total 34.776ms
08-06 06:25:16.914 24296 24309 I art     : Starting a blocking GC Explicit
08-06 06:25:16.951 24296 24309 I art     : Explicit concurrent mark sweep GC freed 3(96B) AllocSpace objects, 0(0B) LOS objects, 32% free, 33MB/49MB, paused 141us total 36.614ms
08-06 06:25:16.964 24296 24309 I art     : Starting a blocking GC Explicit
08-06 06:25:17.000 24296 24309 I art     : Explicit concurrent mark sweep GC freed 3(96B) AllocSpace objects, 0(0B) LOS objects, 32% free, 33MB/49MB, paused 149us total 36.082ms
08-06 06:25:17.013 24296 24309 I art     : Starting a blocking GC Explicit
08-06 06:25:17.049 24296 24309 I art     : Explicit concurrent mark sweep GC freed 3(96B) AllocSpace objects, 0(0B) LOS objects, 32% free, 33MB/49MB, paused 150us total 35.206ms
08-06 06:25:17.349 24296 24308 I art     : Starting a blocking GC Explicit
08-06 06:25:17.398 24296 24308 I art     : Explicit concurrent mark sweep GC freed 1274(74KB) AllocSpace objects, 1(20KB) LOS objects, 32% free, 33MB/49MB, paused 160us total 48.459ms
08-06 06:25:17.414 24296 24308 I art     : Starting a blocking GC Explicit
08-06 06:25:17.451 24296 24308 I art     : Explicit concurrent mark sweep GC freed 18(640B) AllocSpace objects, 0(0B) LOS objects, 32% free, 33MB/49MB, paused 141us total 36.079ms
08-06 06:25:17.463 24296 24308 I art     : Starting a blocking GC Explicit
08-06 06:25:17.498 24296 24308 I art     : Explicit concurrent mark sweep GC freed 3(96B) AllocSpace objects, 0(0B) LOS objects, 32% free, 33MB/49MB, paused 133us total 34.623ms
08-06 06:25:17.511 24296 24308 I art     : Starting a blocking GC Explicit
08-06 06:25:17.547 24296 24308 I art     : Explicit concurrent mark sweep GC freed 3(96B) AllocSpace objects, 0(0B) LOS objects, 32% free, 33MB/49MB, paused 138us total 35.922ms
08-06 06:25:17.560 24296 24308 I art     : Starting a blocking GC Explicit
08-06 06:25:17.596 24296 24308 I art     : Explicit concurrent mark sweep GC freed 3(96B) AllocSpace objects, 0(0B) LOS objects, 32% free, 33MB/49MB, paused 139us total 35.614ms
08-06 06:25:17.912 24296 24315 I art     : Starting a blocking GC Explicit
08-06 06:25:17.919 13866 13882 I PeriodicStatsRunner: PeriodicStatsRunner.call():175 call()
08-06 06:25:17.919 13866 13882 I PeriodicStatsRunner: PeriodicStatsRunner.call():179 No submit PeriodicStats since input started.
08-06 06:25:17.962 24296 24315 I art     : Explicit concurrent mark sweep GC freed 1274(74KB) AllocSpace objects, 1(20KB) LOS objects, 32% free, 33MB/49MB, paused 153us total 50.423ms
08-06 06:25:17.977 24296 24315 I art     : Starting a blocking GC Explicit
08-06 06:25:18.009 24296 24315 I art     : Explicit concurrent mark sweep GC freed 18(624B) AllocSpace objects, 0(0B) LOS objects, 32% free, 33MB/49MB, paused 149us total 32.020ms
08-06 06:25:18.021 24296 24315 I art     : Starting a blocking GC Explicit
08-06 06:25:18.056 24296 24315 I art     : Explicit concurrent mark sweep GC freed 3(96B) AllocSpace objects, 0(0B) LOS objects, 32% free, 33MB/49MB, paused 141us total 34.809ms
08-06 06:25:18.068 24296 24315 I art     : Starting a blocking GC Explicit
08-06 06:25:18.105 24296 24315 I art     : Explicit concurrent mark sweep GC freed 3(96B) AllocSpace objects, 0(0B) LOS objects, 32% free, 33MB/49MB, paused 148us total 35.916ms
08-06 06:25:18.105 24296 24307 I art     : WaitForGcToComplete blocked for 7.019ms for cause HeapTrim
08-06 06:25:18.118 24296 24315 I art     : Starting a blocking GC Explicit
08-06 06:25:18.154 24296 24315 I art     : Explicit concurrent mark sweep GC freed 4(128B) AllocSpace objects, 0(0B) LOS objects, 32% free, 33MB/49MB, paused 134us total 36.148ms
08-06 06:25:18.473 24296 24308 I art     : Starting a blocking GC Explicit
08-06 06:25:18.527 24296 24308 I art     : Explicit concurrent mark sweep GC freed 1276(75KB) AllocSpace objects, 1(20KB) LOS objects, 32% free, 33MB/49MB, paused 156us total 53.441ms
08-06 06:25:18.543 24296 24308 I art     : Starting a blocking GC Explicit
08-06 06:25:18.577 24296 24308 I art     : Explicit concurrent mark sweep GC freed 18(640B) AllocSpace objects, 0(0B) LOS objects, 32% free, 33MB/49MB, paused 144us total 33.517ms
08-06 06:25:18.589 24296 24308 I art     : Starting a blocking GC Explicit
08-06 06:25:18.623 24296 24308 I art     : Explicit concurrent mark sweep GC freed 3(96B) AllocSpace objects, 0(0B) LOS objects, 32% free, 33MB/49MB, paused 133us total 34.528ms
08-06 06:25:18.636 24296 24308 I art     : Starting a blocking GC Explicit
08-06 06:25:18.672 24296 24308 I art     : Explicit concurrent mark sweep GC freed 3(96B) AllocSpace objects, 0(0B) LOS objects, 32% free, 33MB/49MB, paused 139us total 35.811ms
08-06 06:25:18.685 24296 24308 I art     : Starting a blocking GC Explicit
08-06 06:25:18.721 24296 24308 I art     : Explicit concurrent mark sweep GC freed 3(96B) AllocSpace objects, 0(0B) LOS objects, 32% free, 33MB/49MB, paused 134us total 35.460ms
08-06 06:25:19.035 24296 24309 I art     : Starting a blocking GC Explicit
08-06 06:25:19.077 24296 24309 I art     : Explicit concurrent mark sweep GC freed 1274(74KB) AllocSpace objects, 1(20KB) LOS objects, 32% free, 33MB/49MB, paused 168us total 41.691ms
08-06 06:25:19.090 24296 24309 I art     : Starting a blocking GC Explicit
08-06 06:25:19.124 24296 24309 I art     : Explicit concurrent mark sweep GC freed 18(624B) AllocSpace objects, 0(0B) LOS objects, 32% free, 33MB/49MB, paused 144us total 33.765ms
08-06 06:25:19.135 24296 24309 I art     : Starting a blocking GC Explicit
08-06 06:25:19.167 24296 24309 I art     : Explicit concurrent mark sweep GC freed 3(96B) AllocSpace objects, 0(0B) LOS objects, 32% free, 33MB/49MB, paused 143us total 31.122ms
08-06 06:25:19.178 24296 24309 I art     : Starting a blocking GC Explicit
08-06 06:25:19.209 24296 24309 I art     : Explicit concurrent mark sweep GC freed 3(96B) AllocSpace objects, 0(0B) LOS objects, 32% free, 33MB/49MB, paused 140us total 31.064ms
08-06 06:25:19.221 24296 24309 I art     : Starting a blocking GC Explicit
08-06 06:25:19.253 24296 24309 I art     : Explicit concurrent mark sweep GC freed 3(96B) AllocSpace objects, 0(0B) LOS objects, 32% free, 33MB/49MB, paused 141us total 32.040ms
08-06 06:25:19.329 24692 24692 D AndroidRuntime: >>>>>> START com.android.internal.os.RuntimeInit uid 2000 <<<<<<
08-06 06:25:19.333 24692 24692 D AndroidRuntime: CheckJNI is OFF
08-06 06:25:19.360 24692 24692 D ICU     : No timezone override file found: /data/misc/zoneinfo/current/icu/icu_tzdata.dat
08-06 06:25:19.386 24692 24692 I Radio-JNI: register_android_hardware_Radio DONE
08-06 06:25:19.402 24692 24692 D AndroidRuntime: Calling main entry com.android.commands.input.Input
08-06 06:25:19.404 24692 24692 I Input   : injectMotionEvent: MotionEvent { action=ACTION_DOWN, actionButton=0, id[0]=0, x[0]=526.0, y[0]=704.0, toolType[0]=TOOL_TYPE_UNKNOWN, buttonState=0, metaState=0, flags=0x0, edgeFlags=0x0, pointerCount=1, historySize=0, eventTime=858335816, downTime=858335816, deviceId=0, source=0x1002 }
08-06 06:25:19.410 24692 24692 I Input   : injectMotionEvent: MotionEvent { action=ACTION_UP, actionButton=0, id[0]=0, x[0]=526.0, y[0]=704.0, toolType[0]=TOOL_TYPE_UNKNOWN, buttonState=0, metaState=0, flags=0x0, edgeFlags=0x0, pointerCount=1, historySize=0, eventTime=858335816, downTime=858335816, deviceId=0, source=0x1002 }
08-06 06:25:19.412 24692 24692 D AndroidRuntime: Shutting down VM
08-06 06:25:19.479   512  2967 D audio_hw_primary: out_set_parameters: enter: usecase(1: low-latency-playback) kvpairs: routing=2
08-06 06:25:19.492   512  2967 D audio_hw_primary: select_devices: out_snd_device(2: speaker) in_snd_device(0: none)
08-06 06:25:19.492   512  2967 D msm8974_platform: platform_send_audio_calibration: sending audio calibration for snd_device(2) acdb_id(15)
08-06 06:25:19.492   512  2967 I soundtrigger: audio_extn_sound_trigger_update_device_status: device 0x2 of type 0 for Event 1
08-06 06:25:19.503   512  2967 D audio_hw_primary: enable_snd_device: snd_device(2: speaker)
08-06 06:25:19.505   512  2967 D audio_hw_primary: enable_audio_route: apply and update mixer path: low-latency-playback speaker
08-06 06:25:19.505 24296 24315 I art     : Starting a blocking GC Explicit
08-06 06:25:19.539 24296 24315 I art     : Explicit concurrent mark sweep GC freed 1976(130KB) AllocSpace objects, 2(40KB) LOS objects, 32% free, 33MB/49MB, paused 194us total 34.398ms
08-06 06:25:19.551 24296 24315 I art     : Starting a blocking GC Explicit
08-06 06:25:19.585 24296 24315 I art     : Explicit concurrent mark sweep GC freed 211(9KB) AllocSpace objects, 0(0B) LOS objects, 32% free, 33MB/49MB, paused 218us total 32.944ms
08-06 06:25:19.597 24296 24315 I art     : Starting a blocking GC Explicit
08-06 06:25:19.629 24296 24315 I art     : Explicit concurrent mark sweep GC freed 9(288B) AllocSpace objects, 0(0B) LOS objects, 32% free, 33MB/49MB, paused 136us total 32.063ms
08-06 06:25:19.642 24296 24315 I art     : Starting a blocking GC Explicit
08-06 06:25:19.676 24296 24315 I art     : Explicit concurrent mark sweep GC freed 7(240B) AllocSpace objects, 0(0B) LOS objects, 32% free, 33MB/49MB, paused 139us total 33.673ms
08-06 06:25:19.689 24296 24315 I art     : Starting a blocking GC Explicit
08-06 06:25:19.726 24296 24315 I art     : Explicit concurrent mark sweep GC freed 3(96B) AllocSpace objects, 0(0B) LOS objects, 32% free, 33MB/49MB, paused 171us total 37.217ms
08-06 06:25:19.887 19469 19469 I ServiceManager: Waiting for service AtCmdFwd...
08-06 06:25:19.964 24726 24726 I art     : Late-enabling -Xcheck:jni
08-06 06:25:19.965   918   918 I ActivityManager: Start proc 24726:nappatfpr.com.newsblur/u0a704 for service nappatfpr.com.newsblur/.service.NBSyncService
08-06 06:25:19.969 14692 14692 I Finsky  : [1] xow.onStartJob(3): SCH: onJobSchedulerWakeup with jobId 9011
08-06 06:25:19.977 14692 14692 I Finsky  : [1] xjw.a(9): Scheduling fallback in 43199997 (absolute: 1884923849)
08-06 06:25:19.980 14692 14692 I Finsky  : [1] xjw.a(9): Scheduling fallback in 64799998 (absolute: 1906523853)
08-06 06:25:20.002 24726 24726 W System  : ClassLoader referenced unknown path: /data/app/nappatfpr.com.newsblur-1/lib/arm64
08-06 06:25:20.021 24296 24308 I art     : Starting a blocking GC Explicit
08-06 06:25:20.048   512  2967 D audio_hw_primary: disable_audio_route: reset and update mixer path: low-latency-playback speaker
08-06 06:25:20.049   512  2967 D audio_hw_primary: disable_snd_device: snd_device(2: speaker)
08-06 06:25:20.058   512  2967 I soundtrigger: audio_extn_sound_trigger_update_device_status: device 0x2 of type 0 for Event 0
08-06 06:25:20.060 24296 24308 I art     : Explicit concurrent mark sweep GC freed 1277(75KB) AllocSpace objects, 1(20KB) LOS objects, 32% free, 33MB/49MB, paused 128us total 38.552ms
08-06 06:25:20.074 24296 24308 I art     : Starting a blocking GC Explicit
08-06 06:25:20.075 14692 14692 I Finsky  : [1] xkf.handleMessage(8): SCH: DeviceState: DeviceState{currentTime=1596687920069, isCharging=false, isIdle=false, netAny=true, netNotRoaming=true, netUnmetered=true, batteryPercent=100.0}
08-06 06:25:20.079 14692 24268 I Finsky  : [6476] xmu.a(8): SCH: Jobs in database: 1-1337 3-221 3-222 12-1 24-77777777 26-1414141414 
08-06 06:25:20.083 14692 14692 I Finsky  : [1] xkg.a(16): SCH: Running job: 12-1
08-06 06:25:20.084 14692 14692 I Finsky  : [1] ContentSyncJob.a(16): [ContentSync] job started
08-06 06:25:20.085 14692 14692 I Finsky  : [1] xkf.handleMessage(61): SCH: RunningQueue size: 1, PendingQueue size: 0
08-06 06:25:20.085 14692 14692 I Finsky  : [1] xkf.handleMessage(64): SCH: Running queue: 12-1 
08-06 06:25:20.108 24296 24308 I art     : Explicit concurrent mark sweep GC freed 24(816B) AllocSpace objects, 0(0B) LOS objects, 32% free, 33MB/49MB, paused 120us total 33.584ms
08-06 06:25:20.120 24296 24308 I art     : Starting a blocking GC Explicit
08-06 06:25:20.152 24296 24308 I art     : Explicit concurrent mark sweep GC freed 5(160B) AllocSpace objects, 0(0B) LOS objects, 32% free, 33MB/49MB, paused 123us total 31.041ms
08-06 06:25:20.164 24296 24308 I art     : Starting a blocking GC Explicit
08-06 06:25:20.173 14692 24283 I Finsky  : [6480] dzn.a(22): Completed 0 account content syncs with 0 successful.
08-06 06:25:20.173 14692 14692 I Finsky  : [1] ContentSyncJob.a(1): [ContentSync] Installation state replication succeeded.
08-06 06:25:20.174 14692 14692 I Finsky  : [1] xlr.a(13): SCH: jobFinished: 12-1. TimeElapsed: 90ms.
08-06 06:25:20.174 14692 14692 I Finsky  : [1] xkg.a(36): SCH: Job 12-1 finished. Not rescheduling.
08-06 06:25:20.175 14692 14692 I Finsky  : [1] xkf.handleMessage(61): SCH: RunningQueue size: 0, PendingQueue size: 0
08-06 06:25:20.175 14692 14692 I Finsky  : [1] xkf.handleMessage(25): Executor finished
08-06 06:25:20.184   918  5481 I ActivityManager: Killing 9314:com.google.android.webview:webview_service/u0a74 (adj 15): empty #17
08-06 06:25:20.196 24296 24308 I art     : Explicit concurrent mark sweep GC freed 3(96B) AllocSpace objects, 0(0B) LOS objects, 32% free, 33MB/49MB, paused 120us total 31.976ms
08-06 06:25:20.200 14692 14692 I Finsky  : [1] xmu.a(8): SCH: Jobs in database: 1-1337 3-221 3-222 24-77777777 26-1414141414 
08-06 06:25:20.202 14692 14692 I Finsky  : [1] xio.a(57): SCH: ConstraintMapping: 24-77777777,  -> L: 0ms, D: 53090725ms, C: false, I: true, N: 0
08-06 06:25:20.202 14692 14692 I Finsky  : [1] xio.a(57): SCH: ConstraintMapping: 1-1337,  -> L: 13232717ms, D: 56432717ms, C: false, I: false, N: 1
08-06 06:25:20.203 14692 14692 I Finsky  : [1] xio.a(57): SCH: ConstraintMapping: 3-221,  -> L: 0ms, D: 74569224ms, C: false, I: true, N: 2
08-06 06:25:20.203 14692 14692 I Finsky  : [1] xio.a(57): SCH: ConstraintMapping: 3-222,  -> L: 0ms, D: 74569297ms, C: true, I: true, N: 2
08-06 06:25:20.204 14692 14692 I Finsky  : [1] xio.a(57): SCH: ConstraintMapping: 26-1414141414,  -> L: 17880618ms, D: 18780618ms, C: false, I: false, N: 0
08-06 06:25:20.209 24296 24308 I art     : Starting a blocking GC Explicit
08-06 06:25:20.233 14692 14692 I Finsky  : [1] xle.a(34): Cancelling existing jobscheduler jobs: 9001 9016 9017 9012 9014 9018 9013 9015 9019 
08-06 06:25:20.233 14692 14692 I Finsky  : [1] xle.a(10): Throttling wakeup for job 9000 (expected to run in 0 ms) due to recent wakeup
08-06 06:25:20.234 14692 14692 I Finsky  : [1] xle.a(27): Scheduling job Id: 9000, L: 30000, D: 53090725, C: false, I: true, N: 0
08-06 06:25:20.236 14692 14692 I Finsky  : [1] xle.a(27): Scheduling job Id: 9002, L: 13232717, D: 56432717, C: false, I: false, N: 1
08-06 06:25:20.238 14692 14692 I Finsky  : [1] xle.a(10): Throttling wakeup for job 9003 (expected to run in 0 ms) due to recent wakeup
08-06 06:25:20.238 14692 14692 I Finsky  : [1] xle.a(27): Scheduling job Id: 9003, L: 30000, D: 74569224, C: false, I: true, N: 2
08-06 06:25:20.240 14692 14692 I Finsky  : [1] xle.a(10): Throttling wakeup for job 9004 (expected to run in 0 ms) due to recent wakeup
08-06 06:25:20.241 14692 14692 I Finsky  : [1] xle.a(27): Scheduling job Id: 9004, L: 30000, D: 74569297, C: true, I: true, N: 2
08-06 06:25:20.241 24296 24308 I art     : Explicit concurrent mark sweep GC freed 3(96B) AllocSpace objects, 0(0B) LOS objects, 32% free, 33MB/49MB, paused 119us total 32.452ms
08-06 06:25:20.242 14692 14692 I Finsky  : [1] xle.a(27): Scheduling job Id: 9005, L: 17880618, D: 18780618, C: false, I: false, N: 0
08-06 06:25:20.244 14692 14692 I Finsky  : [1] xle.a(10): Throttling wakeup for job 9006 (expected to run in 0 ms) due to recent wakeup
08-06 06:25:20.244 14692 14692 I Finsky  : [1] xle.a(27): Scheduling job Id: 9006, L: 30000, D: 53090725, C: false, I: true, N: 0
08-06 06:25:20.246 14692 14692 I Finsky  : [1] xle.a(27): Scheduling job Id: 9007, L: 13232717, D: 56432717, C: false, I: false, N: 1
08-06 06:25:20.247 14692 14692 I Finsky  : [1] xle.a(10): Throttling wakeup for job 9008 (expected to run in 0 ms) due to recent wakeup
08-06 06:25:20.247 14692 14692 I Finsky  : [1] xle.a(27): Scheduling job Id: 9008, L: 30000, D: 74569224, C: false, I: true, N: 2
08-06 06:25:20.249 14692 14692 I Finsky  : [1] xle.a(10): Throttling wakeup for job 9009 (expected to run in 0 ms) due to recent wakeup
08-06 06:25:20.250 14692 14692 I Finsky  : [1] xle.a(27): Scheduling job Id: 9009, L: 30000, D: 74569297, C: true, I: true, N: 2
08-06 06:25:20.251 14692 14692 I Finsky  : [1] xle.a(27): Scheduling job Id: 9010, L: 17880618, D: 18780618, C: false, I: false, N: 0
08-06 06:25:20.524 24296 24315 I art     : Starting a blocking GC Explicit
08-06 06:25:20.557   918  4400 I ActivityManager: Killing 6047:baseline.com.newsblur/u0a698 (adj 15): empty #17
08-06 06:25:20.575 24296 24315 I art     : Explicit concurrent mark sweep GC freed 1279(75KB) AllocSpace objects, 1(20KB) LOS objects, 32% free, 33MB/49MB, paused 155us total 51.704ms
08-06 06:25:20.589 24296 24315 I art     : Starting a blocking GC Explicit
08-06 06:25:20.622 24296 24315 I art     : Explicit concurrent mark sweep GC freed 20(704B) AllocSpace objects, 0(0B) LOS objects, 32% free, 33MB/49MB, paused 137us total 33.286ms
08-06 06:25:20.634 24296 24315 I art     : Starting a blocking GC Explicit
08-06 06:25:20.666 24296 24315 I art     : Explicit concurrent mark sweep GC freed 3(96B) AllocSpace objects, 0(0B) LOS objects, 32% free, 33MB/49MB, paused 131us total 31.258ms
08-06 06:25:20.677 24296 24315 I art     : Starting a blocking GC Explicit
08-06 06:25:20.708 24296 24315 I art     : Explicit concurrent mark sweep GC freed 3(96B) AllocSpace objects, 0(0B) LOS objects, 32% free, 33MB/49MB, paused 135us total 30.874ms
08-06 06:25:20.719 24296 24315 I art     : Starting a blocking GC Explicit
08-06 06:25:20.751 24296 24315 I art     : Explicit concurrent mark sweep GC freed 3(96B) AllocSpace objects, 0(0B) LOS objects, 32% free, 33MB/49MB, paused 141us total 31.280ms
08-06 06:25:20.888 19469 19469 I ServiceManager: Waiting for service AtCmdFwd...
08-06 06:25:20.946 24759 24759 D AndroidRuntime: >>>>>> START com.android.internal.os.RuntimeInit uid 2000 <<<<<<
08-06 06:25:20.951 24759 24759 D AndroidRuntime: CheckJNI is OFF
08-06 06:25:20.977 24759 24759 D ICU     : No timezone override file found: /data/misc/zoneinfo/current/icu/icu_tzdata.dat
08-06 06:25:20.997 24296 24309 I art     : Starting a blocking GC Explicit
08-06 06:25:21.002 24759 24759 I Radio-JNI: register_android_hardware_Radio DONE
08-06 06:25:21.019 24759 24759 D AndroidRuntime: Calling main entry com.android.commands.input.Input
08-06 06:25:21.021 24759 24759 I Input   : injectMotionEvent: MotionEvent { action=ACTION_DOWN, actionButton=0, id[0]=0, x[0]=1197.0, y[0]=1456.0, toolType[0]=TOOL_TYPE_UNKNOWN, buttonState=0, metaState=0, flags=0x0, edgeFlags=0x0, pointerCount=1, historySize=0, eventTime=858337434, downTime=858337434, deviceId=0, source=0x1002 }
08-06 06:25:21.025 24759 24759 I Input   : injectMotionEvent: MotionEvent { action=ACTION_UP, actionButton=0, id[0]=0, x[0]=1197.0, y[0]=1456.0, toolType[0]=TOOL_TYPE_UNKNOWN, buttonState=0, metaState=0, flags=0x0, edgeFlags=0x0, pointerCount=1, historySize=0, eventTime=858337434, downTime=858337434, deviceId=0, source=0x1002 }
08-06 06:25:21.027 24759 24759 D AndroidRuntime: Shutting down VM
08-06 06:25:21.034 24296 24309 I art     : Explicit concurrent mark sweep GC freed 1281(75KB) AllocSpace objects, 1(20KB) LOS objects, 32% free, 33MB/49MB, paused 165us total 36.784ms
08-06 06:25:21.045   512  2967 D audio_hw_primary: out_set_parameters: enter: usecase(1: low-latency-playback) kvpairs: routing=2
08-06 06:25:21.047 24296 24309 I art     : Starting a blocking GC Explicit
08-06 06:25:21.058   512  2967 D audio_hw_primary: select_devices: out_snd_device(2: speaker) in_snd_device(0: none)
08-06 06:25:21.058   512  2967 D msm8974_platform: platform_send_audio_calibration: sending audio calibration for snd_device(2) acdb_id(15)
08-06 06:25:21.058   512  2967 I soundtrigger: audio_extn_sound_trigger_update_device_status: device 0x2 of type 0 for Event 1
08-06 06:25:21.060 24296 24296 I SettingsManager: Setting string: savedCourse
08-06 06:25:21.067   918  6111 W BackupManagerService: dataChanged but no participant pkg='baseline.com.ak.uobtimetable' uid=10710
08-06 06:25:21.067   918   929 I ActivityManager: START u0 {flg=0x4000000 cmp=baseline.com.ak.uobtimetable/.MainActivity (has extras)} from uid 10710 on display 0
08-06 06:25:21.071   512  2967 D audio_hw_primary: enable_snd_device: snd_device(2: speaker)
08-06 06:25:21.073   512  2967 D audio_hw_primary: enable_audio_route: apply and update mixer path: low-latency-playback speaker
08-06 06:25:21.079   918   928 W InputMethodManagerService: Focus gain on non-focused client com.android.internal.view.IInputMethodClient$Stub$Proxy@9455f65 (uid=10710 pid=24296)
08-06 06:25:21.085 24296 24309 I art     : Explicit concurrent mark sweep GC freed 2700(129KB) AllocSpace objects, 1(20KB) LOS objects, 32% free, 33MB/49MB, paused 252us total 37.388ms
08-06 06:25:21.086 24296 24296 D MainActivity: OnDestroy
08-06 06:25:21.098 24296 24309 I art     : Starting a blocking GC Explicit
08-06 06:25:21.105 24296 24296 D MainActivity: onCreate
08-06 06:25:21.105 24296 24296 I SettingsManager: Getting string: savedSessions
08-06 06:25:21.105 24296 24296 I Settings: No saved sessions
08-06 06:25:21.129 24296 24296 I SettingsManager: Getting string: savedCourse
08-06 06:25:21.130 24296 24296 D MainActivity: sessionListFragmentArg: updateSessions
08-06 06:25:21.130 24296 24296 D MainActivity: showTermDatesConfigChange: false
08-06 06:25:21.130 24296 24296 D MainActivity: showTermDatesShortcut: false
08-06 06:25:21.132 24296 24296 D MainActivity: Setting initial fragment: SessionListsFragment
08-06 06:25:21.133 24296 24309 I art     : Explicit concurrent mark sweep GC freed 665(51KB) AllocSpace objects, 2(1340KB) LOS objects, 32% free, 33MB/49MB, paused 505us total 35.353ms
08-06 06:25:21.135 24296 24296 I SettingsManager: Getting int: launchCount
08-06 06:25:21.138 24296 24296 D SessionListsFragment: onCreateView
08-06 06:25:21.147 24296 24309 I art     : Starting a blocking GC Explicit
08-06 06:25:21.150 24296 24296 I SettingsManager: Getting string: savedCourse
08-06 06:25:21.153 24296 24296 I SettingsManager: Getting string: savedSessions
08-06 06:25:21.153 24296 24296 D SessionListsFragment: loadArgument: updateSessions
08-06 06:25:21.153 24296 24296 D SessionListsFragment: initialIndex: -1
08-06 06:25:21.155 24296 24784 D HTTP    : Request for: https://uob-timetable-api.adriankeenan.co.uk/sessions?dept=BD002&course=CFIEFAAF%2F02AA%2F0%2FFT&level=ALL+Courses
08-06 06:25:21.156 24296 24296 I WebViewFactory: Loading com.google.android.webview version 84.0.4147.89 (code 414708953)
08-06 06:25:21.185 24296 24309 I art     : Explicit concurrent mark sweep GC freed 5790(356KB) AllocSpace objects, 1(56KB) LOS objects, 32% free, 33MB/49MB, paused 487us total 37.940ms
08-06 06:25:21.199 24296 24309 I art     : Starting a blocking GC Explicit
08-06 06:25:21.224 24296 24296 I cr_LibraryLoader: Loaded native library version number "84.0.4147.89"
08-06 06:25:21.224 24296 24296 I cr_CachingUmaRecorder: Flushed 5 samples from 5 histograms.
08-06 06:25:21.235   918  3359 I ActivityManager: Start proc 24791:com.google.android.webview:webview_service/u0a74 for service com.google.android.webview/org.chromium.android_webview.services.VariationsSeedServer
08-06 06:25:21.240 24296 24309 I art     : Explicit concurrent mark sweep GC freed 4215(346KB) AllocSpace objects, 2(40KB) LOS objects, 31% free, 34MB/50MB, paused 650us total 41.328ms
08-06 06:25:21.263 24296 24296 E chromium: [ERROR:filesystem_posix.cc(62)] mkdir /data/user/0/baseline.com.ak.uobtimetable/cache/WebView/Crashpad: No such file or directory (2)
08-06 06:25:21.276 24791 24791 I LoadedApk: No resource references to update in package com.google.android.webview_translations
08-06 06:25:21.318   918  6112 D ConnectivityService: listenForNetwork for Listen from uid/pid:10710/24296 for NetworkRequest [ id=3897, legacyType=-1, [ Capabilities: INTERNET&NOT_RESTRICTED&TRUSTED] ]
08-06 06:25:21.342 24296 24814 W cr_media: Requires BLUETOOTH permission
08-06 06:25:21.352 24296 24827 E libEGL  : validate_display:255 error 3008 (EGL_BAD_DISPLAY)
08-06 06:25:21.354 24296 24296 D TermDatesFragment: WebView loaded
08-06 06:25:21.355 24296 24296 D MainActivity: OnResume
08-06 06:25:21.385 24296 24296 I TermDatesFragment: Webview load %: 10
08-06 06:25:21.481 24296 24784 I NAPPA_EXPERIMENTATION: MetricNetworkRequestExecutionTime: REQUEST_DURATION_SYSTEM='325',REQUEST_DURATION_OKHTTP='54',REQUEST_SYNCHRONOUS='TRUE',RESPONSE_CODE='200',RESPONSE_METHOD='GET',RESPONSE_LENGTH_OKHTTP='-1',RESPONSE_LENGTH_HEADER='867',REQUEST_PROTOCOL='http/1.1',REQUEST_URL='https://uob-timetable-api.adriankeenan.co.uk/sessions?dept=BD002&course=CFIEFAAF%2F02AA%2F0%2FFT&level=ALL+Courses',
08-06 06:25:21.485 24296 24308 I art     : Starting a blocking GC Explicit
08-06 06:25:21.487   918   936 I ActivityManager: Displayed baseline.com.ak.uobtimetable/.MainActivity: +404ms
08-06 06:25:21.488 13866 13866 I GoogleInputMethodServic: GoogleInputMethodService.onFinishInput():3138 
08-06 06:25:21.489 13866 13866 I GoogleInputMethodServic: GoogleInputMethodService.onStartInput():1808 
08-06 06:25:21.520 24296 24784 I HTTP    : Response was compressed.
08-06 06:25:21.531 24296 24308 I art     : Explicit concurrent mark sweep GC freed 10954(770KB) AllocSpace objects, 4(220KB) LOS objects, 31% free, 35MB/51MB, paused 436us total 45.258ms
08-06 06:25:21.535 24296 24784 I Service : getSessions response time: 1.12
08-06 06:25:21.535 24296 24296 I SettingsManager: Getting string: savedSessions
08-06 06:25:21.542 24296 24296 I SettingsManager: Setting string: savedSessions
08-06 06:25:21.543 24296 24308 I art     : Starting a blocking GC Explicit
08-06 06:25:21.548   918  3714 W BackupManagerService: dataChanged but no participant pkg='baseline.com.ak.uobtimetable' uid=10710
08-06 06:25:21.548 24296 24296 I SettingsManager: Setting date: savedSessionsTime
08-06 06:25:21.555   918  6112 W BackupManagerService: dataChanged but no participant pkg='baseline.com.ak.uobtimetable' uid=10710
08-06 06:25:21.555 24296 24296 I SettingsManager: Setting string: savedSessionsCourseName
08-06 06:25:21.563   918  5132 W BackupManagerService: dataChanged but no participant pkg='baseline.com.ak.uobtimetable' uid=10710
08-06 06:25:21.563 24296 24296 I SettingsManager: Setting string: savedSessionsDateRange
08-06 06:25:21.568   918  3961 W BackupManagerService: dataChanged but no participant pkg='baseline.com.ak.uobtimetable' uid=10710
08-06 06:25:21.568 24296 24296 I SettingsManager: Setting string: timetableUrl
08-06 06:25:21.573   918  5481 W BackupManagerService: dataChanged but no participant pkg='baseline.com.ak.uobtimetable' uid=10710
08-06 06:25:21.574 24296 24296 I SettingsManager: Getting boolean: notifySessionRemindersEnabled
08-06 06:25:21.574 24296 24296 I SettingsManager: Getting int: notifySessionRemindersMinutes
08-06 06:25:21.574 24296 24296 I SettingsManager: Getting boolean: showHiddenSessions
08-06 06:25:21.580 24296 24308 I art     : Explicit concurrent mark sweep GC freed 12170(801KB) AllocSpace objects, 6(140KB) LOS objects, 31% free, 35MB/51MB, paused 1.062ms total 37.033ms
08-06 06:25:21.592 24296 24308 I art     : Starting a blocking GC Explicit
08-06 06:25:21.601 24296 24296 I SessionReminderNotifier: Created session reminder alarm for f7b4771250a919bd729c1c5a4a459c77 at Mon 08:30:00 10/08/20
08-06 06:25:21.602 24296 24296 I SessionReminderNotifier: Created session reminder alarm for a7f879aabdeb78622c8820a5fb7b64cd at Tue 08:30:00 11/08/20
08-06 06:25:21.603 24296 24296 I SessionReminderNotifier: Created session reminder alarm for 7bc8d7e2c2055711f597c3d9078c6ea3 at Tue 08:30:00 11/08/20
08-06 06:25:21.604 24296 24296 I SessionReminderNotifier: Created session reminder alarm for e0fc978b5db8218778540b4053344581 at Tue 11:00:00 11/08/20
08-06 06:25:21.605 24296 24296 I SessionReminderNotifier: Created session reminder alarm for 21712fef61090882c855a1425543edb5 at Tue 13:30:00 11/08/20
08-06 06:25:21.606 24296 24296 I SessionReminderNotifier: Created session reminder alarm for 65ca4d97f031f29a4d02bbb45a705d8f at Wed 08:30:00 12/08/20
08-06 06:25:21.607 24296 24296 I SessionReminderNotifier: Created session reminder alarm for eeda7741b0bcab58fd9f46dc6ef1d942 at Wed 08:30:00 12/08/20
08-06 06:25:21.608 24296 24296 I SessionReminderNotifier: Created session reminder alarm for c276c1b2075a0beb67f1b3d1e580f920 at Wed 11:00:00 12/08/20
08-06 06:25:21.609 24296 24296 I SessionReminderNotifier: Created session reminder alarm for 79fe0b5c3b887a13ba29db5a33fa2800 at Thu 08:30:00 06/08/20
08-06 06:25:21.610 24296 24296 I SessionReminderNotifier: Created session reminder alarm for 2ba1034116e4fffdd592dbf0796a43d5 at Fri 08:30:00 07/08/20
08-06 06:25:21.610 24296 24296 I SettingsManager: Getting boolean: showHiddenSessions
08-06 06:25:21.611 24296 24296 D SessionListsFragment: 1 sessions for day 0
08-06 06:25:21.611 24296 24296 D SessionListsFragment: 4 sessions for day 1
08-06 06:25:21.611 24296 24296 D SessionListsFragment: 3 sessions for day 2
08-06 06:25:21.611 24296 24296 D SessionListsFragment: 1 sessions for day 3
08-06 06:25:21.611 24296 24296 D SessionListsFragment: 1 sessions for day 4
08-06 06:25:21.618   512  2967 D audio_hw_primary: disable_audio_route: reset and update mixer path: low-latency-playback speaker
08-06 06:25:21.619   512  2967 D audio_hw_primary: disable_snd_device: snd_device(2: speaker)
08-06 06:25:21.628   512  2967 I soundtrigger: audio_extn_sound_trigger_update_device_status: device 0x2 of type 0 for Event 0
08-06 06:25:21.631 24296 24308 I art     : Explicit concurrent mark sweep GC freed 4928(245KB) AllocSpace objects, 0(0B) LOS objects, 31% free, 35MB/51MB, paused 710us total 38.737ms
08-06 06:25:21.644 24296 24308 I art     : Starting a blocking GC Explicit
08-06 06:25:21.649 24296 24296 I SettingsManager: Getting boolean: showHiddenSessions
08-06 06:25:21.650 24296 24296 D SessionListsFragment: Refreshed ViewPager
08-06 06:25:21.650 24296 24296 I SettingsManager: Getting boolean: showHiddenSessions
08-06 06:25:21.650 24296 24296 I SettingsManager: Getting boolean: completedTutorial
08-06 06:25:21.662 24296 24296 I SettingsManager: Getting boolean: showHiddenSessions
08-06 06:25:21.662 24296 24296 I SettingsManager: Getting date: savedSessionsTime
08-06 06:25:21.688 24296 24308 I art     : Explicit concurrent mark sweep GC freed 15855(796KB) AllocSpace objects, 3(200KB) LOS objects, 30% free, 36MB/52MB, paused 795us total 43.949ms
08-06 06:25:21.702 24296 24308 I art     : Starting a blocking GC Explicit
08-06 06:25:21.745 24296 24308 I art     : Explicit concurrent mark sweep GC freed 31104(1392KB) AllocSpace objects, 0(0B) LOS objects, 30% free, 36MB/52MB, paused 674us total 43.174ms
08-06 06:25:21.779   518   646 I ThermalEngine: ACTION: GPU - Setting GPU[0] to 510000000
08-06 06:25:21.888 19469 19469 I ServiceManager: Waiting for service AtCmdFwd...
08-06 06:25:22.020 24296 24315 I art     : Starting a blocking GC Explicit
08-06 06:25:22.094 24296 24315 I art     : Explicit concurrent mark sweep GC freed 133301(5MB) AllocSpace objects, 1(20KB) LOS objects, 30% free, 36MB/52MB, paused 1.025ms total 73.160ms
08-06 06:25:22.110 24296 24315 I art     : Starting a blocking GC Explicit
08-06 06:25:22.162 24296 24315 I art     : Explicit concurrent mark sweep GC freed 3809(339KB) AllocSpace objects, 0(0B) LOS objects, 30% free, 36MB/52MB, paused 439us total 51.811ms
08-06 06:25:22.169 24296 24296 I TermDatesFragment: Webview load %: 70
08-06 06:25:22.179 24296 24315 I art     : Starting a blocking GC Explicit
08-06 06:25:22.183 24296 24296 I TermDatesFragment: Webview load %: 100
08-06 06:25:22.183 24296 24296 I TermDatesFragment: Webview load %: 100
08-06 06:25:22.230 24296 24315 I art     : Explicit concurrent mark sweep GC freed 195(14KB) AllocSpace objects, 0(0B) LOS objects, 30% free, 36MB/52MB, paused 347us total 50.786ms
08-06 06:25:22.247 24296 24315 I art     : Starting a blocking GC Explicit
08-06 06:25:22.301 24296 24315 I art     : Explicit concurrent mark sweep GC freed 37(1616B) AllocSpace objects, 0(0B) LOS objects, 30% free, 36MB/52MB, paused 309us total 53.915ms
08-06 06:25:22.320 24296 24315 I art     : Starting a blocking GC Explicit
08-06 06:25:22.376 24296 24315 I art     : Explicit concurrent mark sweep GC freed 130(6KB) AllocSpace objects, 0(0B) LOS objects, 30% free, 36MB/52MB, paused 301us total 55.895ms
08-06 06:25:22.681 24296 24783 I art     : Starting a blocking GC Explicit
08-06 06:25:22.740 24296 24783 I art     : Explicit concurrent mark sweep GC freed 122898(11MB) AllocSpace objects, 4(156KB) LOS objects, 38% free, 25MB/41MB, paused 349us total 58.777ms
08-06 06:25:22.750 24296 24783 I art     : Starting a blocking GC Explicit
08-06 06:25:22.776 24296 24783 I art     : Explicit concurrent mark sweep GC freed 18(624B) AllocSpace objects, 0(0B) LOS objects, 38% free, 25MB/41MB, paused 296us total 25.464ms
08-06 06:25:22.786 24296 24783 I art     : Starting a blocking GC Explicit
08-06 06:25:22.813 24296 24783 I art     : Explicit concurrent mark sweep GC freed 3(96B) AllocSpace objects, 0(0B) LOS objects, 38% free, 25MB/41MB, paused 307us total 26.755ms
08-06 06:25:22.824 24296 24783 I art     : Starting a blocking GC Explicit
08-06 06:25:22.852 24296 24783 I art     : Explicit concurrent mark sweep GC freed 3(96B) AllocSpace objects, 0(0B) LOS objects, 38% free, 25MB/41MB, paused 300us total 28.200ms
08-06 06:25:22.864 24296 24783 I art     : Starting a blocking GC Explicit
08-06 06:25:22.889 19469 19469 I ServiceManager: Waiting for service AtCmdFwd...
08-06 06:25:22.894 24296 24783 I art     : Explicit concurrent mark sweep GC freed 3(96B) AllocSpace objects, 0(0B) LOS objects, 38% free, 25MB/41MB, paused 317us total 29.808ms
08-06 06:25:23.079   918  1209 D NetworkMonitor/NetworkAgentInfo [WIFI () - 159]: Checking http://connectivitycheck.gstatic.com/generate_204 on "H369AA63323", 192.168.2.12=192.168.2.12
08-06 06:25:23.165   918  1209 D NetworkMonitor/NetworkAgentInfo [WIFI () - 159]: Probably not a portal: exception java.io.IOException: unexpected end of stream on Connection{connectivitycheck.gstatic.com:80, proxy=HTTP@/192.168.2.12:8080 hostAddress=192.168.2.12 cipherSuite=none protocol=http/1.1} (recycle count=0)
08-06 06:25:23.166   918  3263 D ConnectivityService: NetworkAgentInfo [WIFI () - 159] validation failed
08-06 06:25:23.168   918  3261 E WifiConfigStore:  rewrite network history for "H369AA63323"WPA_PSK
08-06 06:25:23.227 24296 24308 I art     : Starting a blocking GC Explicit
08-06 06:25:23.263 24296 24308 I art     : Explicit concurrent mark sweep GC freed 1305(76KB) AllocSpace objects, 1(20KB) LOS objects, 38% free, 25MB/41MB, paused 622us total 35.198ms
08-06 06:25:23.279 24296 24308 I art     : Starting a blocking GC Explicit
08-06 06:25:23.305 24296 24308 I art     : Explicit concurrent mark sweep GC freed 50(1664B) AllocSpace objects, 0(0B) LOS objects, 38% free, 25MB/41MB, paused 298us total 25.249ms
08-06 06:25:23.315 24296 24308 I art     : Starting a blocking GC Explicit
08-06 06:25:23.340 24296 24308 I art     : Explicit concurrent mark sweep GC freed 23(736B) AllocSpace objects, 0(0B) LOS objects, 38% free, 25MB/41MB, paused 283us total 24.965ms
08-06 06:25:23.350 24296 24308 I art     : Starting a blocking GC Explicit
08-06 06:25:23.375 24296 24308 I art     : Explicit concurrent mark sweep GC freed 23(736B) AllocSpace objects, 0(0B) LOS objects, 38% free, 25MB/41MB, paused 433us total 24.895ms
08-06 06:25:23.385 24296 24308 I art     : Starting a blocking GC Explicit
08-06 06:25:23.411 24296 24308 I art     : Explicit concurrent mark sweep GC freed 26(832B) AllocSpace objects, 0(0B) LOS objects, 38% free, 25MB/41MB, paused 448us total 25.892ms
08-06 06:25:23.733 24296 24783 I art     : Starting a blocking GC Explicit
08-06 06:25:23.765 24296 24783 I art     : Explicit concurrent mark sweep GC freed 1349(77KB) AllocSpace objects, 1(20KB) LOS objects, 38% free, 25MB/41MB, paused 289us total 31.672ms
08-06 06:25:23.780 24296 24783 I art     : Starting a blocking GC Explicit
08-06 06:25:23.815 24296 24783 I art     : Explicit concurrent mark sweep GC freed 24(816B) AllocSpace objects, 0(0B) LOS objects, 38% free, 25MB/41MB, paused 288us total 34.170ms
08-06 06:25:23.828 24296 24783 I art     : Starting a blocking GC Explicit
08-06 06:25:23.863 24296 24783 I art     : Explicit concurrent mark sweep GC freed 9(288B) AllocSpace objects, 0(0B) LOS objects, 38% free, 25MB/41MB, paused 334us total 34.896ms
08-06 06:25:23.876 24296 24783 I art     : Starting a blocking GC Explicit
08-06 06:25:23.890 19469 19469 I ServiceManager: Waiting for service AtCmdFwd...
08-06 06:25:23.909 24296 24783 I art     : Explicit concurrent mark sweep GC freed 8(256B) AllocSpace objects, 0(0B) LOS objects, 38% free, 25MB/41MB, paused 382us total 32.427ms
08-06 06:25:23.920 24296 24783 I art     : Starting a blocking GC Explicit
08-06 06:25:23.948 24296 24783 I art     : Explicit concurrent mark sweep GC freed 4(160B) AllocSpace objects, 0(0B) LOS objects, 38% free, 25MB/41MB, paused 536us total 28.087ms
08-06 06:25:24.279 24296 24309 I art     : Starting a blocking GC Explicit
08-06 06:25:24.318 24296 24309 I art     : Explicit concurrent mark sweep GC freed 1293(75KB) AllocSpace objects, 1(20KB) LOS objects, 38% free, 25MB/41MB, paused 360us total 38.202ms
08-06 06:25:24.334 24296 24309 I art     : Starting a blocking GC Explicit
08-06 06:25:24.363 24296 24309 I art     : Explicit concurrent mark sweep GC freed 18(624B) AllocSpace objects, 0(0B) LOS objects, 38% free, 25MB/41MB, paused 317us total 29.300ms
08-06 06:25:24.375 24296 24309 I art     : Starting a blocking GC Explicit
08-06 06:25:24.405 24296 24309 I art     : Explicit concurrent mark sweep GC freed 3(96B) AllocSpace objects, 0(0B) LOS objects, 38% free, 25MB/41MB, paused 309us total 29.726ms
08-06 06:25:24.417 24296 24309 I art     : Starting a blocking GC Explicit
08-06 06:25:24.447 24296 24309 I art     : Explicit concurrent mark sweep GC freed 3(96B) AllocSpace objects, 0(0B) LOS objects, 38% free, 25MB/41MB, paused 381us total 30.417ms
08-06 06:25:24.459 24296 24309 I art     : Starting a blocking GC Explicit
08-06 06:25:24.488 24296 24309 I art     : Explicit concurrent mark sweep GC freed 3(96B) AllocSpace objects, 0(0B) LOS objects, 38% free, 25MB/41MB, paused 303us total 28.833ms
08-06 06:25:24.809 24296 24308 I art     : Starting a blocking GC Explicit
08-06 06:25:24.851 24296 24308 I art     : Explicit concurrent mark sweep GC freed 1293(75KB) AllocSpace objects, 1(20KB) LOS objects, 38% free, 25MB/41MB, paused 320us total 42.035ms
08-06 06:25:24.865 24296 24308 I art     : Starting a blocking GC Explicit
08-06 06:25:24.890 19469 19469 W Atfwd_Sendcmd: AtCmdFwd service not published, waiting... retryCnt : 2
08-06 06:25:24.896 24296 24308 I art     : Explicit concurrent mark sweep GC freed 18(624B) AllocSpace objects, 0(0B) LOS objects, 38% free, 25MB/41MB, paused 316us total 30.109ms
08-06 06:25:24.907 24296 24308 I art     : Starting a blocking GC Explicit
08-06 06:25:24.937 24296 24308 I art     : Explicit concurrent mark sweep GC freed 3(96B) AllocSpace objects, 0(0B) LOS objects, 38% free, 25MB/41MB, paused 330us total 29.910ms
08-06 06:25:24.949 24296 24308 I art     : Starting a blocking GC Explicit
08-06 06:25:24.978 24296 24308 I art     : Explicit concurrent mark sweep GC freed 3(96B) AllocSpace objects, 0(0B) LOS objects, 38% free, 25MB/41MB, paused 282us total 29.022ms
08-06 06:25:24.990 24296 24308 I art     : Starting a blocking GC Explicit
08-06 06:25:25.018 24296 24308 I art     : Explicit concurrent mark sweep GC freed 3(96B) AllocSpace objects, 0(0B) LOS objects, 38% free, 25MB/41MB, paused 297us total 28.218ms
08-06 06:25:25.351 24296 24783 I art     : Starting a blocking GC Explicit
08-06 06:25:25.388 24296 24783 I art     : Explicit concurrent mark sweep GC freed 1341(78KB) AllocSpace objects, 1(20KB) LOS objects, 38% free, 25MB/41MB, paused 379us total 36.077ms
08-06 06:25:25.403 24296 24783 I art     : Starting a blocking GC Explicit
08-06 06:25:25.432 24296 24783 I art     : Explicit concurrent mark sweep GC freed 73(2496B) AllocSpace objects, 0(0B) LOS objects, 38% free, 25MB/41MB, paused 303us total 28.990ms
08-06 06:25:25.443 24296 24783 I art     : Starting a blocking GC Explicit
08-06 06:25:25.471 24296 24783 I art     : Explicit concurrent mark sweep GC freed 150(10KB) AllocSpace objects, 0(0B) LOS objects, 38% free, 25MB/41MB, paused 322us total 27.576ms
08-06 06:25:25.482 24296 24783 I art     : Starting a blocking GC Explicit
08-06 06:25:25.511 24296 24783 I art     : Explicit concurrent mark sweep GC freed 3(96B) AllocSpace objects, 0(0B) LOS objects, 38% free, 25MB/41MB, paused 312us total 28.487ms
08-06 06:25:25.522 24296 24783 I art     : Starting a blocking GC Explicit
08-06 06:25:25.551 24296 24783 I art     : Explicit concurrent mark sweep GC freed 3(96B) AllocSpace objects, 0(0B) LOS objects, 38% free, 25MB/41MB, paused 337us total 28.395ms
08-06 06:25:25.725 24918 24918 D AndroidRuntime: >>>>>> START com.android.internal.os.RuntimeInit uid 2000 <<<<<<
08-06 06:25:25.730 24918 24918 D AndroidRuntime: CheckJNI is OFF
08-06 06:25:25.760 24918 24918 D ICU     : No timezone override file found: /data/misc/zoneinfo/current/icu/icu_tzdata.dat
08-06 06:25:25.791 24918 24918 I Radio-JNI: register_android_hardware_Radio DONE
08-06 06:25:25.811 24918 24918 D AndroidRuntime: Calling main entry com.android.commands.input.Input
08-06 06:25:25.813 24918 24918 I Input   : injectMotionEvent: MotionEvent { action=ACTION_DOWN, actionButton=0, id[0]=0, x[0]=1215.0, y[0]=1450.0, toolType[0]=TOOL_TYPE_UNKNOWN, buttonState=0, metaState=0, flags=0x0, edgeFlags=0x0, pointerCount=1, historySize=0, eventTime=858342226, downTime=858342226, deviceId=0, source=0x1002 }
08-06 06:25:25.817 24918 24918 I Input   : injectMotionEvent: MotionEvent { action=ACTION_UP, actionButton=0, id[0]=0, x[0]=1215.0, y[0]=1450.0, toolType[0]=TOOL_TYPE_UNKNOWN, buttonState=0, metaState=0, flags=0x0, edgeFlags=0x0, pointerCount=1, historySize=0, eventTime=858342226, downTime=858342226, deviceId=0, source=0x1002 }
08-06 06:25:25.818 24918 24918 D AndroidRuntime: Shutting down VM
08-06 06:25:25.832   512  2967 D audio_hw_primary: out_set_parameters: enter: usecase(1: low-latency-playback) kvpairs: routing=2
08-06 06:25:25.845   512  2967 D audio_hw_primary: select_devices: out_snd_device(2: speaker) in_snd_device(0: none)
08-06 06:25:25.845   512  2967 D msm8974_platform: platform_send_audio_calibration: sending audio calibration for snd_device(2) acdb_id(15)
08-06 06:25:25.845   512  2967 I soundtrigger: audio_extn_sound_trigger_update_device_status: device 0x2 of type 0 for Event 1
08-06 06:25:25.858   512  2967 D audio_hw_primary: enable_snd_device: snd_device(2: speaker)
08-06 06:25:25.861   512  2967 D audio_hw_primary: enable_audio_route: apply and update mixer path: low-latency-playback speaker
08-06 06:25:25.864 24296 24783 I art     : Starting a blocking GC Explicit
08-06 06:25:25.891 24296 24783 I art     : Explicit concurrent mark sweep GC freed 1644(107KB) AllocSpace objects, 1(20KB) LOS objects, 38% free, 25MB/41MB, paused 487us total 26.895ms
08-06 06:25:25.904 24296 24783 I art     : Starting a blocking GC Explicit
08-06 06:25:25.931 24296 24783 I art     : Explicit concurrent mark sweep GC freed 277(16KB) AllocSpace objects, 0(0B) LOS objects, 38% free, 25MB/41MB, paused 286us total 27.205ms
08-06 06:25:25.942 24296 24783 I art     : Starting a blocking GC Explicit
08-06 06:25:25.972 24296 24783 I art     : Explicit concurrent mark sweep GC freed 834(61KB) AllocSpace objects, 1(40KB) LOS objects, 38% free, 25MB/41MB, paused 316us total 29.761ms
08-06 06:25:25.984 24296 24783 I art     : Starting a blocking GC Explicit
08-06 06:25:26.017 24296 24783 I art     : Explicit concurrent mark sweep GC freed 3(96B) AllocSpace objects, 0(0B) LOS objects, 38% free, 25MB/41MB, paused 309us total 32.017ms
08-06 06:25:26.030 24296 24783 I art     : Starting a blocking GC Explicit
08-06 06:25:26.061 24296 24783 I art     : Explicit concurrent mark sweep GC freed 3(96B) AllocSpace objects, 0(0B) LOS objects, 38% free, 25MB/41MB, paused 285us total 30.930ms
08-06 06:25:26.352 24296 24308 I art     : Starting a blocking GC Explicit
08-06 06:25:26.390   512  2967 D audio_hw_primary: disable_audio_route: reset and update mixer path: low-latency-playback speaker
08-06 06:25:26.392 24296 24308 I art     : Explicit concurrent mark sweep GC freed 1294(75KB) AllocSpace objects, 1(20KB) LOS objects, 38% free, 25MB/41MB, paused 431us total 39.724ms
08-06 06:25:26.395   512  2967 D audio_hw_primary: disable_snd_device: snd_device(2: speaker)
08-06 06:25:26.402   512  2967 I soundtrigger: audio_extn_sound_trigger_update_device_status: device 0x2 of type 0 for Event 0
08-06 06:25:26.405 24296 24308 I art     : Starting a blocking GC Explicit
08-06 06:25:26.433 24296 24308 I art     : Explicit concurrent mark sweep GC freed 18(624B) AllocSpace objects, 0(0B) LOS objects, 38% free, 25MB/41MB, paused 282us total 28.232ms
08-06 06:25:26.444 24296 24308 I art     : Starting a blocking GC Explicit
08-06 06:25:26.470 24296 24308 I art     : Explicit concurrent mark sweep GC freed 3(96B) AllocSpace objects, 0(0B) LOS objects, 38% free, 25MB/41MB, paused 293us total 26.480ms
08-06 06:25:26.482 24296 24308 I art     : Starting a blocking GC Explicit
08-06 06:25:26.488 13866 13882 I PeriodicStatsRunner: PeriodicStatsRunner.call():175 call()
08-06 06:25:26.488 13866 13882 I PeriodicStatsRunner: PeriodicStatsRunner.call():179 No submit PeriodicStats since input started.
08-06 06:25:26.511 24296 24308 I art     : Explicit concurrent mark sweep GC freed 5(176B) AllocSpace objects, 0(0B) LOS objects, 38% free, 25MB/41MB, paused 327us total 28.667ms
08-06 06:25:26.522 24296 24308 I art     : Starting a blocking GC Explicit
08-06 06:25:26.551 24296 24308 I art     : Explicit concurrent mark sweep GC freed 3(96B) AllocSpace objects, 0(0B) LOS objects, 38% free, 25MB/41MB, paused 306us total 28.861ms
08-06 06:25:26.865 24296 24309 I art     : Starting a blocking GC Explicit
08-06 06:25:26.906 24296 24309 I art     : Explicit concurrent mark sweep GC freed 1293(75KB) AllocSpace objects, 1(20KB) LOS objects, 38% free, 25MB/41MB, paused 348us total 40.092ms
08-06 06:25:26.919 24296 24309 I art     : Starting a blocking GC Explicit
08-06 06:25:26.949 24296 24309 I art     : Explicit concurrent mark sweep GC freed 18(624B) AllocSpace objects, 0(0B) LOS objects, 38% free, 25MB/41MB, paused 317us total 30.203ms
08-06 06:25:26.961 24296 24309 I art     : Starting a blocking GC Explicit
08-06 06:25:26.992 24296 24309 I art     : Explicit concurrent mark sweep GC freed 3(96B) AllocSpace objects, 0(0B) LOS objects, 38% free, 25MB/41MB, paused 327us total 30.402ms
08-06 06:25:27.003 24296 24309 I art     : Starting a blocking GC Explicit
08-06 06:25:27.032 24296 24309 I art     : Explicit concurrent mark sweep GC freed 3(96B) AllocSpace objects, 0(0B) LOS objects, 38% free, 25MB/41MB, paused 321us total 28.813ms
08-06 06:25:27.044 24296 24309 I art     : Starting a blocking GC Explicit
08-06 06:25:27.073 24296 24309 I art     : Explicit concurrent mark sweep GC freed 3(96B) AllocSpace objects, 0(0B) LOS objects, 38% free, 25MB/41MB, paused 308us total 28.578ms
08-06 06:25:27.361 24296 24783 I art     : Starting a blocking GC Explicit
08-06 06:25:27.396 24296 24783 I art     : Explicit concurrent mark sweep GC freed 1293(75KB) AllocSpace objects, 1(20KB) LOS objects, 38% free, 25MB/41MB, paused 383us total 34.466ms
08-06 06:25:27.409 24296 24783 I art     : Starting a blocking GC Explicit
08-06 06:25:27.438 24296 24783 I art     : Explicit concurrent mark sweep GC freed 18(624B) AllocSpace objects, 0(0B) LOS objects, 38% free, 25MB/41MB, paused 328us total 28.820ms
08-06 06:25:27.450 24296 24783 I art     : Starting a blocking GC Explicit
08-06 06:25:27.470 24965 24965 D AndroidRuntime: >>>>>> START com.android.internal.os.RuntimeInit uid 2000 <<<<<<
08-06 06:25:27.475 24965 24965 D AndroidRuntime: CheckJNI is OFF
08-06 06:25:27.480 24296 24783 I art     : Explicit concurrent mark sweep GC freed 5(160B) AllocSpace objects, 0(0B) LOS objects, 38% free, 25MB/41MB, paused 359us total 29.632ms
08-06 06:25:27.493 24296 24783 I art     : Starting a blocking GC Explicit
08-06 06:25:27.512 24965 24965 D ICU     : No timezone override file found: /data/misc/zoneinfo/current/icu/icu_tzdata.dat
08-06 06:25:27.522 24296 24783 I art     : Explicit concurrent mark sweep GC freed 7(224B) AllocSpace objects, 0(0B) LOS objects, 38% free, 25MB/41MB, paused 400us total 29.151ms
08-06 06:25:27.533 24296 24783 I art     : Starting a blocking GC Explicit
08-06 06:25:27.547 24965 24965 I Radio-JNI: register_android_hardware_Radio DONE
08-06 06:25:27.562 24296 24783 I art     : Explicit concurrent mark sweep GC freed 8(256B) AllocSpace objects, 0(0B) LOS objects, 38% free, 25MB/41MB, paused 287us total 28.296ms
08-06 06:25:27.571 24965 24965 D AndroidRuntime: Calling main entry com.android.commands.input.Input
08-06 06:25:27.573 24965 24965 I Input   : injectMotionEvent: MotionEvent { action=ACTION_DOWN, actionButton=0, id[0]=0, x[0]=1215.0, y[0]=1482.0, toolType[0]=TOOL_TYPE_UNKNOWN, buttonState=0, metaState=0, flags=0x0, edgeFlags=0x0, pointerCount=1, historySize=0, eventTime=858343986, downTime=858343986, deviceId=0, source=0x1002 }
08-06 06:25:27.581 24965 24965 I Input   : injectMotionEvent: MotionEvent { action=ACTION_UP, actionButton=0, id[0]=0, x[0]=1215.0, y[0]=1482.0, toolType[0]=TOOL_TYPE_UNKNOWN, buttonState=0, metaState=0, flags=0x0, edgeFlags=0x0, pointerCount=1, historySize=0, eventTime=858343986, downTime=858343986, deviceId=0, source=0x1002 }
08-06 06:25:27.582 24965 24965 D AndroidRuntime: Shutting down VM
08-06 06:25:27.597   512  2967 D audio_hw_primary: out_set_parameters: enter: usecase(1: low-latency-playback) kvpairs: routing=2
08-06 06:25:27.610   512  2967 D audio_hw_primary: select_devices: out_snd_device(2: speaker) in_snd_device(0: none)
08-06 06:25:27.610   512  2967 D msm8974_platform: platform_send_audio_calibration: sending audio calibration for snd_device(2) acdb_id(15)
08-06 06:25:27.610   512  2967 I soundtrigger: audio_extn_sound_trigger_update_device_status: device 0x2 of type 0 for Event 1
08-06 06:25:27.613 24296 24296 I SettingsManager: Setting boolean: completedTutorial
08-06 06:25:27.619   918  5481 W BackupManagerService: dataChanged but no participant pkg='baseline.com.ak.uobtimetable' uid=10710
08-06 06:25:27.620   512  2967 D audio_hw_primary: enable_snd_device: snd_device(2: speaker)
08-06 06:25:27.622   512  2967 D audio_hw_primary: enable_audio_route: apply and update mixer path: low-latency-playback speaker
08-06 06:25:27.648 24296 24311 D OpenGLRenderer: endAllStagingAnimators on 0x7f9107b800 (RippleDrawable) with handle 0x7f819f51e0
08-06 06:25:27.652   918  6111 W InputMethodManagerService: Window already focused, ignoring focus gain of: com.android.internal.view.IInputMethodClient$Stub$Proxy@f43b4a attribute=null, token = android.os.BinderProxy@67d208e
08-06 06:25:27.823 24296 24783 I art     : Starting a blocking GC Explicit
08-06 06:25:27.850 24296 24783 I art     : Explicit concurrent mark sweep GC freed 1709(109KB) AllocSpace objects, 2(40KB) LOS objects, 38% free, 25MB/41MB, paused 288us total 26.710ms
08-06 06:25:27.861 24296 24783 I art     : Starting a blocking GC Explicit
08-06 06:25:27.888 24296 24783 I art     : Explicit concurrent mark sweep GC freed 180(8KB) AllocSpace objects, 0(0B) LOS objects, 38% free, 25MB/41MB, paused 314us total 26.485ms
08-06 06:25:27.898 24296 24783 I art     : Starting a blocking GC Explicit
08-06 06:25:27.923 24296 24783 I art     : Explicit concurrent mark sweep GC freed 865(62KB) AllocSpace objects, 1(40KB) LOS objects, 38% free, 25MB/41MB, paused 302us total 25.167ms
08-06 06:25:27.934 24296 24783 I art     : Starting a blocking GC Explicit
08-06 06:25:27.960 24296 24783 I art     : Explicit concurrent mark sweep GC freed 3(96B) AllocSpace objects, 0(0B) LOS objects, 38% free, 25MB/41MB, paused 313us total 26.031ms
08-06 06:25:27.970 24296 24783 I art     : Starting a blocking GC Explicit
08-06 06:25:27.998 24296 24783 I art     : Explicit concurrent mark sweep GC freed 3(96B) AllocSpace objects, 0(0B) LOS objects, 38% free, 25MB/41MB, paused 328us total 27.901ms
08-06 06:25:28.158   512  2967 D audio_hw_primary: disable_audio_route: reset and update mixer path: low-latency-playback speaker
08-06 06:25:28.159   512  2967 D audio_hw_primary: disable_snd_device: snd_device(2: speaker)
08-06 06:25:28.168   512  2967 I soundtrigger: audio_extn_sound_trigger_update_device_status: device 0x2 of type 0 for Event 0
08-06 06:25:28.289 24296 24315 I art     : Starting a blocking GC Explicit
08-06 06:25:28.328 24296 24315 I art     : Explicit concurrent mark sweep GC freed 1293(75KB) AllocSpace objects, 1(20KB) LOS objects, 38% free, 25MB/41MB, paused 479us total 39.236ms
08-06 06:25:28.342 24296 24315 I art     : Starting a blocking GC Explicit
08-06 06:25:28.372 24296 24315 I art     : Explicit concurrent mark sweep GC freed 18(624B) AllocSpace objects, 0(0B) LOS objects, 38% free, 25MB/41MB, paused 319us total 30.139ms
08-06 06:25:28.384 24296 24315 I art     : Starting a blocking GC Explicit
08-06 06:25:28.415 24296 24315 I art     : Explicit concurrent mark sweep GC freed 3(96B) AllocSpace objects, 0(0B) LOS objects, 38% free, 25MB/41MB, paused 312us total 29.984ms
08-06 06:25:28.426 24296 24315 I art     : Starting a blocking GC Explicit
08-06 06:25:28.456 24296 24315 I art     : Explicit concurrent mark sweep GC freed 3(96B) AllocSpace objects, 0(0B) LOS objects, 38% free, 25MB/41MB, paused 321us total 29.555ms
08-06 06:25:28.468 24296 24315 I art     : Starting a blocking GC Explicit
08-06 06:25:28.497 24296 24315 I art     : Explicit concurrent mark sweep GC freed 3(96B) AllocSpace objects, 0(0B) LOS objects, 38% free, 25MB/41MB, paused 314us total 28.715ms
08-06 06:25:28.797 24296 24308 I art     : Starting a blocking GC Explicit
08-06 06:25:28.836 24296 24308 I art     : Explicit concurrent mark sweep GC freed 1293(75KB) AllocSpace objects, 1(20KB) LOS objects, 38% free, 25MB/41MB, paused 365us total 38.140ms
08-06 06:25:28.847 24296 24308 I art     : Starting a blocking GC Explicit
08-06 06:25:28.876 24296 24308 I art     : Explicit concurrent mark sweep GC freed 18(624B) AllocSpace objects, 0(0B) LOS objects, 38% free, 25MB/41MB, paused 300us total 28.334ms
08-06 06:25:28.886 24296 24308 I art     : Starting a blocking GC Explicit
08-06 06:25:28.914 24296 24308 I art     : Explicit concurrent mark sweep GC freed 3(96B) AllocSpace objects, 0(0B) LOS objects, 38% free, 25MB/41MB, paused 305us total 26.943ms
08-06 06:25:28.924 24296 24308 I art     : Starting a blocking GC Explicit
08-06 06:25:28.952 24296 24308 I art     : Explicit concurrent mark sweep GC freed 3(96B) AllocSpace objects, 0(0B) LOS objects, 38% free, 25MB/41MB, paused 307us total 27.393ms
08-06 06:25:28.963 24296 24308 I art     : Starting a blocking GC Explicit
08-06 06:25:28.991 24296 24308 I art     : Explicit concurrent mark sweep GC freed 3(96B) AllocSpace objects, 0(0B) LOS objects, 38% free, 25MB/41MB, paused 352us total 28.244ms
08-06 06:25:29.231 25022 25022 D AndroidRuntime: >>>>>> START com.android.internal.os.RuntimeInit uid 2000 <<<<<<
08-06 06:25:29.236 25022 25022 D AndroidRuntime: CheckJNI is OFF
08-06 06:25:29.271 25022 25022 D ICU     : No timezone override file found: /data/misc/zoneinfo/current/icu/icu_tzdata.dat
08-06 06:25:29.280 24296 24309 I art     : Starting a blocking GC Explicit
08-06 06:25:29.305 25022 25022 I Radio-JNI: register_android_hardware_Radio DONE
08-06 06:25:29.310 24296 24309 I art     : Explicit concurrent mark sweep GC freed 1293(75KB) AllocSpace objects, 1(20KB) LOS objects, 38% free, 25MB/41MB, paused 346us total 29.412ms
08-06 06:25:29.321 24296 24309 I art     : Starting a blocking GC Explicit
08-06 06:25:29.328 25022 25022 D AndroidRuntime: Calling main entry com.android.commands.input.Input
08-06 06:25:29.330 25022 25022 I Input   : injectMotionEvent: MotionEvent { action=ACTION_DOWN, actionButton=0, id[0]=0, x[0]=81.0, y[0]=176.0, toolType[0]=TOOL_TYPE_UNKNOWN, buttonState=0, metaState=0, flags=0x0, edgeFlags=0x0, pointerCount=1, historySize=0, eventTime=858345743, downTime=858345743, deviceId=0, source=0x1002 }
08-06 06:25:29.334 25022 25022 I Input   : injectMotionEvent: MotionEvent { action=ACTION_UP, actionButton=0, id[0]=0, x[0]=81.0, y[0]=176.0, toolType[0]=TOOL_TYPE_UNKNOWN, buttonState=0, metaState=0, flags=0x0, edgeFlags=0x0, pointerCount=1, historySize=0, eventTime=858345743, downTime=858345743, deviceId=0, source=0x1002 }
08-06 06:25:29.335 25022 25022 D AndroidRuntime: Shutting down VM
08-06 06:25:29.346   512  2967 D audio_hw_primary: out_set_parameters: enter: usecase(1: low-latency-playback) kvpairs: routing=2
08-06 06:25:29.348 24296 24309 I art     : Explicit concurrent mark sweep GC freed 42(1504B) AllocSpace objects, 0(0B) LOS objects, 38% free, 25MB/41MB, paused 344us total 26.796ms
08-06 06:25:29.359   512  2967 D audio_hw_primary: select_devices: out_snd_device(2: speaker) in_snd_device(0: none)
08-06 06:25:29.359   512  2967 D msm8974_platform: platform_send_audio_calibration: sending audio calibration for snd_device(2) acdb_id(15)
08-06 06:25:29.359   512  2967 I soundtrigger: audio_extn_sound_trigger_update_device_status: device 0x2 of type 0 for Event 1
08-06 06:25:29.360 24296 24309 I art     : Starting a blocking GC Explicit
08-06 06:25:29.371   512  2967 D audio_hw_primary: enable_snd_device: snd_device(2: speaker)
08-06 06:25:29.374   512  2967 D audio_hw_primary: enable_audio_route: apply and update mixer path: low-latency-playback speaker
08-06 06:25:29.387 24296 24309 I art     : Explicit concurrent mark sweep GC freed 21(688B) AllocSpace objects, 0(0B) LOS objects, 38% free, 25MB/41MB, paused 367us total 26.400ms
08-06 06:25:29.397 24296 24309 I art     : Starting a blocking GC Explicit
08-06 06:25:29.399 13866 13866 I GoogleInputMethodServic: GoogleInputMethodService.onFinishInput():3138 
08-06 06:25:29.406 13866 13866 I GoogleInputMethodServic: GoogleInputMethodService.onStartInput():1808 
08-06 06:25:29.423 24296 24309 I art     : Explicit concurrent mark sweep GC freed 293(16KB) AllocSpace objects, 0(0B) LOS objects, 38% free, 25MB/41MB, paused 296us total 26.133ms
08-06 06:25:29.434 24296 24309 I art     : Starting a blocking GC Explicit
08-06 06:25:29.459 24296 24309 I art     : Explicit concurrent mark sweep GC freed 99(4KB) AllocSpace objects, 0(0B) LOS objects, 38% free, 25MB/41MB, paused 290us total 24.589ms
08-06 06:25:29.726 24296 24309 I art     : Starting a blocking GC Explicit
08-06 06:25:29.755 24296 24309 I art     : Explicit concurrent mark sweep GC freed 1295(75KB) AllocSpace objects, 1(20KB) LOS objects, 38% free, 25MB/41MB, paused 295us total 29.425ms
08-06 06:25:29.768 24296 24309 I art     : Starting a blocking GC Explicit
08-06 06:25:29.793 24296 24309 I art     : Explicit concurrent mark sweep GC freed 29(976B) AllocSpace objects, 0(0B) LOS objects, 38% free, 25MB/41MB, paused 333us total 24.665ms
08-06 06:25:29.803 24296 24309 I art     : Starting a blocking GC Explicit
08-06 06:25:29.831 24296 24309 I art     : Explicit concurrent mark sweep GC freed 3(96B) AllocSpace objects, 0(0B) LOS objects, 38% free, 25MB/41MB, paused 287us total 27.654ms
08-06 06:25:29.842 24296 24309 I art     : Starting a blocking GC Explicit
08-06 06:25:29.870 24296 24309 I art     : Explicit concurrent mark sweep GC freed 3(96B) AllocSpace objects, 0(0B) LOS objects, 38% free, 25MB/41MB, paused 331us total 27.105ms
08-06 06:25:29.881 24296 24309 I art     : Starting a blocking GC Explicit
08-06 06:25:29.908 24296 24309 I art     : Explicit concurrent mark sweep GC freed 3(96B) AllocSpace objects, 0(0B) LOS objects, 38% free, 25MB/41MB, paused 309us total 26.958ms
08-06 06:25:29.909   512  2967 D audio_hw_primary: disable_audio_route: reset and update mixer path: low-latency-playback speaker
08-06 06:25:29.909   512  2967 D audio_hw_primary: disable_snd_device: snd_device(2: speaker)
08-06 06:25:29.918   512  2967 I soundtrigger: audio_extn_sound_trigger_update_device_status: device 0x2 of type 0 for Event 0
08-06 06:25:30.201 24296 24315 I art     : Starting a blocking GC Explicit
08-06 06:25:30.237 24296 24315 I art     : Explicit concurrent mark sweep GC freed 1293(75KB) AllocSpace objects, 1(20KB) LOS objects, 38% free, 25MB/41MB, paused 316us total 35.368ms
08-06 06:25:30.249 24296 24315 I art     : Starting a blocking GC Explicit
08-06 06:25:30.278 24296 24315 I art     : Explicit concurrent mark sweep GC freed 20(688B) AllocSpace objects, 0(0B) LOS objects, 38% free, 25MB/41MB, paused 322us total 29.033ms
08-06 06:25:30.289 24296 24315 I art     : Starting a blocking GC Explicit
08-06 06:25:30.319 24296 24315 I art     : Explicit concurrent mark sweep GC freed 3(96B) AllocSpace objects, 0(0B) LOS objects, 38% free, 25MB/41MB, paused 341us total 29.366ms
08-06 06:25:30.330 24296 24315 I art     : Starting a blocking GC Explicit
08-06 06:25:30.360 24296 24315 I art     : Explicit concurrent mark sweep GC freed 3(96B) AllocSpace objects, 0(0B) LOS objects, 38% free, 25MB/41MB, paused 314us total 29.257ms
08-06 06:25:30.371 24296 24315 I art     : Starting a blocking GC Explicit
08-06 06:25:30.401 24296 24315 I art     : Explicit concurrent mark sweep GC freed 3(96B) AllocSpace objects, 0(0B) LOS objects, 38% free, 25MB/41MB, paused 315us total 29.284ms
08-06 06:25:30.677 24296 24783 I art     : Starting a blocking GC Explicit
08-06 06:25:30.707 24296 24783 I art     : Explicit concurrent mark sweep GC freed 1293(75KB) AllocSpace objects, 1(20KB) LOS objects, 38% free, 25MB/41MB, paused 327us total 30.179ms
08-06 06:25:30.719 24296 24783 I art     : Starting a blocking GC Explicit
08-06 06:25:30.748 24296 24783 I art     : Explicit concurrent mark sweep GC freed 18(624B) AllocSpace objects, 0(0B) LOS objects, 38% free, 25MB/41MB, paused 333us total 29.629ms
08-06 06:25:30.760 24296 24783 I art     : Starting a blocking GC Explicit
08-06 06:25:30.788 24296 24783 I art     : Explicit concurrent mark sweep GC freed 3(96B) AllocSpace objects, 0(0B) LOS objects, 38% free, 25MB/41MB, paused 319us total 28.082ms
08-06 06:25:30.800 24296 24783 I art     : Starting a blocking GC Explicit
08-06 06:25:30.827 24296 24783 I art     : Explicit concurrent mark sweep GC freed 3(96B) AllocSpace objects, 0(0B) LOS objects, 38% free, 25MB/41MB, paused 332us total 27.278ms
08-06 06:25:30.839 24296 24783 I art     : Starting a blocking GC Explicit
08-06 06:25:30.867 24296 24783 I art     : Explicit concurrent mark sweep GC freed 3(96B) AllocSpace objects, 0(0B) LOS objects, 38% free, 25MB/41MB, paused 388us total 27.986ms
08-06 06:25:31.009 25070 25070 D AndroidRuntime: >>>>>> START com.android.internal.os.RuntimeInit uid 2000 <<<<<<
08-06 06:25:31.015 25070 25070 D AndroidRuntime: CheckJNI is OFF
08-06 06:25:31.045 25070 25070 D ICU     : No timezone override file found: /data/misc/zoneinfo/current/icu/icu_tzdata.dat
08-06 06:25:31.075 25070 25070 I Radio-JNI: register_android_hardware_Radio DONE
08-06 06:25:31.096 25070 25070 D AndroidRuntime: Calling main entry com.android.commands.input.Input
08-06 06:25:31.098 25070 25070 I Input   : injectMotionEvent: MotionEvent { action=ACTION_DOWN, actionButton=0, id[0]=0, x[0]=436.0, y[0]=1770.0, toolType[0]=TOOL_TYPE_UNKNOWN, buttonState=0, metaState=0, flags=0x0, edgeFlags=0x0, pointerCount=1, historySize=0, eventTime=858347511, downTime=858347511, deviceId=0, source=0x1002 }
08-06 06:25:31.102 25070 25070 I Input   : injectMotionEvent: MotionEvent { action=ACTION_UP, actionButton=0, id[0]=0, x[0]=436.0, y[0]=1770.0, toolType[0]=TOOL_TYPE_UNKNOWN, buttonState=0, metaState=0, flags=0x0, edgeFlags=0x0, pointerCount=1, historySize=0, eventTime=858347511, downTime=858347511, deviceId=0, source=0x1002 }
08-06 06:25:31.103 25070 25070 D AndroidRuntime: Shutting down VM
08-06 06:25:31.116 24296 24296 D MainActivity: NavigationItemSelected: Courses
08-06 06:25:31.118   918   928 I ActivityManager: START u0 {cmp=baseline.com.ak.uobtimetable/.CourseListActivity} from uid 10710 on display 0
08-06 06:25:31.118   512  2967 D audio_hw_primary: out_set_parameters: enter: usecase(1: low-latency-playback) kvpairs: routing=2
08-06 06:25:31.131   512  2967 D audio_hw_primary: select_devices: out_snd_device(2: speaker) in_snd_device(0: none)
08-06 06:25:31.131   512  2967 D msm8974_platform: platform_send_audio_calibration: sending audio calibration for snd_device(2) acdb_id(15)
08-06 06:25:31.131   512  2967 I soundtrigger: audio_extn_sound_trigger_update_device_status: device 0x2 of type 0 for Event 1
08-06 06:25:31.143 24296 24296 D MainActivity: OnPause
08-06 06:25:31.146   512  2967 D audio_hw_primary: enable_snd_device: snd_device(2: speaker)
08-06 06:25:31.148   512  2967 D audio_hw_primary: enable_audio_route: apply and update mixer path: low-latency-playback speaker
08-06 06:25:31.167 24296 24315 I art     : Starting a blocking GC Explicit
08-06 06:25:31.179 24296 24296 D CourseListActivity: onCreate
08-06 06:25:31.181 24296 25101 D HTTP    : Request for: https://uob-timetable-api.adriankeenan.co.uk/courses
08-06 06:25:31.195 24296 24315 I art     : Explicit concurrent mark sweep GC freed 3814(210KB) AllocSpace objects, 1(20KB) LOS objects, 38% free, 25MB/41MB, paused 511us total 27.995ms
08-06 06:25:31.206 24296 24315 I art     : Starting a blocking GC Explicit
08-06 06:25:31.232 24296 24315 I art     : Explicit concurrent mark sweep GC freed 793(42KB) AllocSpace objects, 0(0B) LOS objects, 38% free, 25MB/41MB, paused 430us total 25.908ms
08-06 06:25:31.238   918   936 I ActivityManager: Displayed baseline.com.ak.uobtimetable/.CourseListActivity: +94ms
08-06 06:25:31.239 13866 13866 I GoogleInputMethodServic: GoogleInputMethodService.onFinishInput():3138 
08-06 06:25:31.239 13866 13866 I GoogleInputMethodServic: GoogleInputMethodService.onStartInput():1808 
08-06 06:25:31.243 24296 24315 I art     : Starting a blocking GC Explicit
08-06 06:25:31.270 24296 24315 I art     : Explicit concurrent mark sweep GC freed 85(3KB) AllocSpace objects, 0(0B) LOS objects, 38% free, 25MB/41MB, paused 376us total 26.486ms
08-06 06:25:31.282 24296 24315 I art     : Starting a blocking GC Explicit
08-06 06:25:31.303   918   927 I art     : Background partial concurrent mark sweep GC freed 92761(9MB) AllocSpace objects, 122(2MB) LOS objects, 18% free, 69MB/85MB, paused 1.442ms total 183.859ms
08-06 06:25:31.312 24296 24315 I art     : Explicit concurrent mark sweep GC freed 2284(122KB) AllocSpace objects, 3(200KB) LOS objects, 38% free, 25MB/41MB, paused 511us total 29.826ms
08-06 06:25:31.323 24296 24315 I art     : Starting a blocking GC Explicit
08-06 06:25:31.350 24296 24315 I art     : Explicit concurrent mark sweep GC freed 1007(118KB) AllocSpace objects, 0(0B) LOS objects, 38% free, 25MB/41MB, paused 379us total 26.496ms
08-06 06:25:31.353 24296 25101 I NAPPA_EXPERIMENTATION: MetricNetworkRequestExecutionTime: REQUEST_DURATION_SYSTEM='170',REQUEST_DURATION_OKHTTP='39',REQUEST_SYNCHRONOUS='TRUE',RESPONSE_CODE='200',RESPONSE_METHOD='GET',RESPONSE_LENGTH_OKHTTP='-1',RESPONSE_LENGTH_HEADER='-2',REQUEST_PROTOCOL='http/1.1',REQUEST_URL='https://uob-timetable-api.adriankeenan.co.uk/courses',
08-06 06:25:31.609 24296 24308 I art     : Starting a blocking GC Explicit
08-06 06:25:31.617 24296 24296 D MainActivity: Saving state
08-06 06:25:31.617 24296 24296 D MainActivity: Saving current fragment: SessionListsFragment
08-06 06:25:31.617 24296 24296 D MainActivity: Saving current index: 3
08-06 06:25:31.618 24296 24296 D SessionListsFragment: Saving state
08-06 06:25:31.635 24296 24308 I art     : Explicit concurrent mark sweep GC freed 199(9KB) AllocSpace objects, 0(0B) LOS objects, 24% free, 48MB/64MB, paused 412us total 26.547ms
08-06 06:25:31.645 24296 24308 I art     : Starting a blocking GC Explicit
08-06 06:25:31.670 24296 24308 I art     : Explicit concurrent mark sweep GC freed 49(3KB) AllocSpace objects, 0(0B) LOS objects, 24% free, 48MB/64MB, paused 355us total 24.831ms
08-06 06:25:31.679   512  2967 D audio_hw_primary: disable_audio_route: reset and update mixer path: low-latency-playback speaker
08-06 06:25:31.680 24296 24308 I art     : Starting a blocking GC Explicit
08-06 06:25:31.680   512  2967 D audio_hw_primary: disable_snd_device: snd_device(2: speaker)
08-06 06:25:31.687   512  2967 I soundtrigger: audio_extn_sound_trigger_update_device_status: device 0x2 of type 0 for Event 0
08-06 06:25:31.705 24296 24308 I art     : Explicit concurrent mark sweep GC freed 31(1120B) AllocSpace objects, 0(0B) LOS objects, 24% free, 48MB/64MB, paused 347us total 24.502ms
08-06 06:25:31.715 24296 24308 I art     : Starting a blocking GC Explicit
08-06 06:25:31.740 24296 24308 I art     : Explicit concurrent mark sweep GC freed 21(800B) AllocSpace objects, 0(0B) LOS objects, 24% free, 48MB/64MB, paused 352us total 24.706ms
08-06 06:25:31.750 24296 24308 I art     : Starting a blocking GC Explicit
08-06 06:25:31.761 24296 25101 I HTTP    : Response was compressed.
08-06 06:25:31.788 24296 24308 I art     : Explicit concurrent mark sweep GC freed 12988(598KB) AllocSpace objects, 0(0B) LOS objects, 20% free, 63MB/79MB, paused 597us total 38.162ms
08-06 06:25:32.083 24296 24308 I art     : Starting a blocking GC Explicit
08-06 06:25:32.140 24296 24308 I art     : Explicit concurrent mark sweep GC freed 181470(8MB) AllocSpace objects, 3(22MB) LOS objects, 27% free, 42MB/58MB, paused 524us total 57.392ms
08-06 06:25:32.154 24296 24308 I art     : Starting a blocking GC Explicit
08-06 06:25:32.188 24296 24308 I art     : Explicit concurrent mark sweep GC freed 35375(1670KB) AllocSpace objects, 0(0B) LOS objects, 27% free, 42MB/58MB, paused 573us total 34.388ms
08-06 06:25:32.200 24296 24308 I art     : Starting a blocking GC Explicit
08-06 06:25:32.236 24296 24308 I art     : Explicit concurrent mark sweep GC freed 25957(1212KB) AllocSpace objects, 0(0B) LOS objects, 27% free, 42MB/58MB, paused 651us total 35.096ms
08-06 06:25:32.248 24296 24308 I art     : Starting a blocking GC Explicit
08-06 06:25:32.283 24296 24308 I art     : Explicit concurrent mark sweep GC freed 26414(1245KB) AllocSpace objects, 0(0B) LOS objects, 27% free, 42MB/58MB, paused 663us total 35.124ms
08-06 06:25:32.296 24296 24308 I art     : Starting a blocking GC Explicit
08-06 06:25:32.332 24296 24308 I art     : Explicit concurrent mark sweep GC freed 26434(1259KB) AllocSpace objects, 0(0B) LOS objects, 27% free, 43MB/59MB, paused 626us total 36.075ms
08-06 06:25:32.616 24296 24308 I art     : Starting a blocking GC Explicit
08-06 06:25:32.671 24296 24308 I art     : Explicit concurrent mark sweep GC freed 177883(8MB) AllocSpace objects, 1(20KB) LOS objects, 26% free, 44MB/60MB, paused 631us total 55.121ms
08-06 06:25:32.685 24296 24308 I art     : Starting a blocking GC Explicit
08-06 06:25:32.724 24296 24308 I art     : Explicit concurrent mark sweep GC freed 34687(1622KB) AllocSpace objects, 0(0B) LOS objects, 26% free, 44MB/60MB, paused 712us total 38.741ms
08-06 06:25:32.738 24296 24308 I art     : Starting a blocking GC Explicit
08-06 06:25:32.777 24296 24308 I art     : Explicit concurrent mark sweep GC freed 29702(1387KB) AllocSpace objects, 0(0B) LOS objects, 26% free, 44MB/60MB, paused 777us total 39.542ms
08-06 06:25:32.791 24296 24308 I art     : Starting a blocking GC Explicit
08-06 06:25:32.832 24296 24308 I art     : Explicit concurrent mark sweep GC freed 30099(1405KB) AllocSpace objects, 0(0B) LOS objects, 26% free, 45MB/61MB, paused 759us total 40.321ms
08-06 06:25:32.845 24296 24308 I art     : Starting a blocking GC Explicit
08-06 06:25:32.887 24296 24308 I art     : Explicit concurrent mark sweep GC freed 29839(1392KB) AllocSpace objects, 0(0B) LOS objects, 26% free, 45MB/61MB, paused 758us total 40.990ms
08-06 06:25:33.179 24296 24309 I art     : Starting a blocking GC Explicit
08-06 06:25:33.240 24296 24309 I art     : Explicit concurrent mark sweep GC freed 184704(8MB) AllocSpace objects, 1(20KB) LOS objects, 25% free, 46MB/62MB, paused 742us total 61.101ms
08-06 06:25:33.256 24296 24309 I art     : Starting a blocking GC Explicit
08-06 06:25:33.301 24296 24309 I art     : Explicit concurrent mark sweep GC freed 38709(1829KB) AllocSpace objects, 0(0B) LOS objects, 25% free, 46MB/62MB, paused 800us total 44.315ms
08-06 06:25:33.316 24296 24309 I art     : Starting a blocking GC Explicit
08-06 06:25:33.362 24296 24309 I art     : Explicit concurrent mark sweep GC freed 33084(1555KB) AllocSpace objects, 0(0B) LOS objects, 25% free, 47MB/63MB, paused 867us total 45.975ms
08-06 06:25:33.362 24296 24307 I art     : WaitForGcToComplete blocked for 33.648ms for cause HeapTrim
08-06 06:25:33.377 24296 24309 I art     : Starting a blocking GC Explicit
08-06 06:25:33.424 24296 24309 I art     : Explicit concurrent mark sweep GC freed 33806(1588KB) AllocSpace objects, 0(0B) LOS objects, 25% free, 47MB/63MB, paused 967us total 46.438ms
08-06 06:25:33.439 24296 24309 I art     : Starting a blocking GC Explicit
08-06 06:25:33.486 24296 24309 I art     : Explicit concurrent mark sweep GC freed 33417(1568KB) AllocSpace objects, 0(0B) LOS objects, 25% free, 47MB/63MB, paused 839us total 46.515ms
08-06 06:25:33.793 24296 24309 I art     : Starting a blocking GC Explicit
08-06 06:25:33.867 24296 24309 I art     : Explicit concurrent mark sweep GC freed 194973(9MB) AllocSpace objects, 1(20KB) LOS objects, 24% free, 49MB/65MB, paused 919us total 74.327ms
08-06 06:25:33.884 24296 24309 I art     : Starting a blocking GC Explicit
08-06 06:25:33.935 24296 24309 I art     : Explicit concurrent mark sweep GC freed 43240(2017KB) AllocSpace objects, 0(0B) LOS objects, 24% free, 49MB/65MB, paused 996us total 50.637ms
08-06 06:25:33.951 24296 24309 I art     : Starting a blocking GC Explicit
08-06 06:25:34.002 24296 24309 I art     : Explicit concurrent mark sweep GC freed 37153(1736KB) AllocSpace objects, 0(0B) LOS objects, 24% free, 49MB/65MB, paused 1.025ms total 50.869ms
08-06 06:25:34.018 24296 24309 I art     : Starting a blocking GC Explicit
08-06 06:25:34.072 24296 24309 I art     : Explicit concurrent mark sweep GC freed 38253(1785KB) AllocSpace objects, 0(0B) LOS objects, 24% free, 49MB/65MB, paused 1.102ms total 53.616ms
08-06 06:25:34.089 24296 24309 I art     : Starting a blocking GC Explicit
08-06 06:25:34.142 24296 24309 I art     : Explicit concurrent mark sweep GC freed 37230(1732KB) AllocSpace objects, 0(0B) LOS objects, 24% free, 50MB/66MB, paused 1.174ms total 53.321ms
08-06 06:25:34.400 13866 13882 I PeriodicStatsRunner: PeriodicStatsRunner.call():175 call()
08-06 06:25:34.400 13866 13882 I PeriodicStatsRunner: PeriodicStatsRunner.call():179 No submit PeriodicStats since input started.
08-06 06:25:34.434 24296 24783 I art     : Starting a blocking GC Explicit
08-06 06:25:34.512 24296 24783 I art     : Explicit concurrent mark sweep GC freed 191366(8MB) AllocSpace objects, 1(20KB) LOS objects, 23% free, 51MB/67MB, paused 995us total 76.984ms
08-06 06:25:34.530 24296 24783 I art     : Starting a blocking GC Explicit
08-06 06:25:34.532 24296 25101 I Service : getCourses response time: 0.69
08-06 06:25:34.538 24296 24296 I SettingsManager: Getting string: savedCourse
08-06 06:25:34.582 24296 24783 I art     : Explicit concurrent mark sweep GC freed 21690(1067KB) AllocSpace objects, 0(0B) LOS objects, 23% free, 51MB/67MB, paused 746us total 51.837ms
08-06 06:25:34.599 24296 24783 I art     : Starting a blocking GC Explicit
08-06 06:25:34.654 24296 24783 I art     : Explicit concurrent mark sweep GC freed 760(30KB) AllocSpace objects, 1(14MB) LOS objects, 30% free, 36MB/52MB, paused 418us total 54.770ms
08-06 06:25:34.671 24296 24783 I art     : Starting a blocking GC Explicit
08-06 06:25:34.726 24296 24783 I art     : Explicit concurrent mark sweep GC freed 730(65KB) AllocSpace objects, 0(0B) LOS objects, 30% free, 36MB/52MB, paused 348us total 55.225ms
08-06 06:25:34.745 24296 24783 I art     : Starting a blocking GC Explicit
08-06 06:25:34.804 24296 24783 I art     : Explicit concurrent mark sweep GC freed 5(192B) AllocSpace objects, 0(0B) LOS objects, 30% free, 36MB/52MB, paused 480us total 58.177ms
08-06 06:25:34.891 19469 19469 I ServiceManager: Waiting for service AtCmdFwd...
08-06 06:25:35.156 24296 24309 I art     : Starting a blocking GC Explicit
08-06 06:25:35.253 24296 24309 I art     : Explicit concurrent mark sweep GC freed 1293(75KB) AllocSpace objects, 1(20KB) LOS objects, 30% free, 36MB/52MB, paused 566us total 96.608ms
08-06 06:25:35.280 24296 24309 I art     : Starting a blocking GC Explicit
08-06 06:25:35.357 24296 24309 I art     : Explicit concurrent mark sweep GC freed 18(624B) AllocSpace objects, 0(0B) LOS objects, 30% free, 36MB/52MB, paused 512us total 77.055ms
08-06 06:25:35.381 24296 24309 I art     : Starting a blocking GC Explicit
08-06 06:25:35.458 24296 24309 I art     : Explicit concurrent mark sweep GC freed 3(96B) AllocSpace objects, 0(0B) LOS objects, 30% free, 36MB/52MB, paused 508us total 76.813ms
08-06 06:25:35.482 24296 24309 I art     : Starting a blocking GC Explicit
08-06 06:25:35.559 24296 24309 I art     : Explicit concurrent mark sweep GC freed 3(96B) AllocSpace objects, 0(0B) LOS objects, 30% free, 36MB/52MB, paused 473us total 76.170ms
08-06 06:25:35.584 24296 24309 I art     : Starting a blocking GC Explicit
08-06 06:25:35.655   918  3188 I hubconnection: sensorhub said: 'set_bias 3: -5.5872, 0.0000, 0.0000'
08-06 06:25:35.661 24296 24309 I art     : Explicit concurrent mark sweep GC freed 3(96B) AllocSpace objects, 0(0B) LOS objects, 30% free, 36MB/52MB, paused 485us total 76.728ms
08-06 06:25:35.891 19469 19469 I ServiceManager: Waiting for service AtCmdFwd...
08-06 06:25:36.011 24296 24308 I art     : Starting a blocking GC Explicit
08-06 06:25:36.091 24296 24308 I art     : Explicit concurrent mark sweep GC freed 1293(75KB) AllocSpace objects, 1(20KB) LOS objects, 30% free, 36MB/52MB, paused 365us total 79.295ms
08-06 06:25:36.111 24296 24308 I art     : Starting a blocking GC Explicit
08-06 06:25:36.169 24296 24308 I art     : Explicit concurrent mark sweep GC freed 18(624B) AllocSpace objects, 0(0B) LOS objects, 30% free, 36MB/52MB, paused 346us total 57.637ms
08-06 06:25:36.189 24296 24308 I art     : Starting a blocking GC Explicit
08-06 06:25:36.239 13866 13882 I PeriodicStatsRunner: PeriodicStatsRunner.call():175 call()
08-06 06:25:36.240 13866 13882 I PeriodicStatsRunner: PeriodicStatsRunner.call():179 No submit PeriodicStats since input started.
08-06 06:25:36.245 24296 24308 I art     : Explicit concurrent mark sweep GC freed 5(160B) AllocSpace objects, 0(0B) LOS objects, 30% free, 36MB/52MB, paused 358us total 56.063ms
08-06 06:25:36.264 24296 24308 I art     : Starting a blocking GC Explicit
08-06 06:25:36.321 24296 24308 I art     : Explicit concurrent mark sweep GC freed 3(96B) AllocSpace objects, 0(0B) LOS objects, 30% free, 36MB/52MB, paused 350us total 57.320ms
08-06 06:25:36.341 24296 24308 I art     : Starting a blocking GC Explicit
08-06 06:25:36.400 24296 24308 I art     : Explicit concurrent mark sweep GC freed 3(96B) AllocSpace objects, 0(0B) LOS objects, 30% free, 36MB/52MB, paused 362us total 59.120ms
08-06 06:25:36.458   918   928 I ActivityManager: Killing 21563:nappagreedy.com.newsblur/u0a701 (adj 15): empty #17
08-06 06:25:36.506   918  3261 D WifiStateMachine: starting scan for "H369AA63323"WPA_PSK with 2412,5180
08-06 06:25:36.708 24296 24315 I art     : Starting a blocking GC Explicit
08-06 06:25:36.782 24296 24315 I art     : Explicit concurrent mark sweep GC freed 1336(77KB) AllocSpace objects, 1(20KB) LOS objects, 30% free, 36MB/52MB, paused 363us total 73.692ms
08-06 06:25:36.802 24296 24315 I art     : Starting a blocking GC Explicit
08-06 06:25:36.860 24296 24315 I art     : Explicit concurrent mark sweep GC freed 24(848B) AllocSpace objects, 0(0B) LOS objects, 30% free, 36MB/52MB, paused 364us total 57.376ms
08-06 06:25:36.879 24296 24315 I art     : Starting a blocking GC Explicit
08-06 06:25:36.892 19469 19469 I ServiceManager: Waiting for service AtCmdFwd...
08-06 06:25:36.937 24296 24315 I art     : Explicit concurrent mark sweep GC freed 3(96B) AllocSpace objects, 0(0B) LOS objects, 30% free, 36MB/52MB, paused 354us total 57.093ms
08-06 06:25:36.955 24296 24315 I art     : Starting a blocking GC Explicit
08-06 06:25:37.013 24296 24315 I art     : Explicit concurrent mark sweep GC freed 3(96B) AllocSpace objects, 0(0B) LOS objects, 30% free, 36MB/52MB, paused 353us total 57.279ms
08-06 06:25:37.032 24296 24315 I art     : Starting a blocking GC Explicit
08-06 06:25:37.091 24296 24315 I art     : Explicit concurrent mark sweep GC freed 3(96B) AllocSpace objects, 0(0B) LOS objects, 30% free, 36MB/52MB, paused 339us total 58.996ms
08-06 06:25:37.414 24296 24308 I art     : Starting a blocking GC Explicit
08-06 06:25:37.475 24296 24308 I art     : Explicit concurrent mark sweep GC freed 1294(75KB) AllocSpace objects, 1(20KB) LOS objects, 30% free, 36MB/52MB, paused 367us total 60.467ms
08-06 06:25:37.495 24296 24308 I art     : Starting a blocking GC Explicit
08-06 06:25:37.551 24296 24308 I art     : Explicit concurrent mark sweep GC freed 18(624B) AllocSpace objects, 0(0B) LOS objects, 30% free, 36MB/52MB, paused 351us total 56.334ms
08-06 06:25:37.569 24296 24308 I art     : Starting a blocking GC Explicit
08-06 06:25:37.624 24296 24308 I art     : Explicit concurrent mark sweep GC freed 3(96B) AllocSpace objects, 0(0B) LOS objects, 30% free, 36MB/52MB, paused 346us total 54.645ms
08-06 06:25:37.643 24296 24308 I art     : Starting a blocking GC Explicit
08-06 06:25:37.700 24296 24308 I art     : Explicit concurrent mark sweep GC freed 3(96B) AllocSpace objects, 0(0B) LOS objects, 30% free, 36MB/52MB, paused 351us total 56.536ms
08-06 06:25:37.719 24296 24308 I art     : Starting a blocking GC Explicit
08-06 06:25:37.771 24296 24308 I art     : Explicit concurrent mark sweep GC freed 3(96B) AllocSpace objects, 0(0B) LOS objects, 30% free, 36MB/52MB, paused 360us total 51.524ms
08-06 06:25:37.774 25204 25204 D AndroidRuntime: >>>>>> START com.android.internal.os.RuntimeInit uid 2000 <<<<<<
08-06 06:25:37.780 25204 25204 D AndroidRuntime: CheckJNI is OFF
08-06 06:25:37.812 25204 25204 D ICU     : No timezone override file found: /data/misc/zoneinfo/current/icu/icu_tzdata.dat
08-06 06:25:37.843 25204 25204 I Radio-JNI: register_android_hardware_Radio DONE
08-06 06:25:37.865 25204 25204 D AndroidRuntime: Calling main entry com.android.commands.input.Input
08-06 06:25:37.867 25204 25204 I Input   : injectMotionEvent: MotionEvent { action=ACTION_DOWN, actionButton=0, id[0]=0, x[0]=558.0, y[0]=368.0, toolType[0]=TOOL_TYPE_UNKNOWN, buttonState=0, metaState=0, flags=0x0, edgeFlags=0x0, pointerCount=1, historySize=0, eventTime=858354280, downTime=858354280, deviceId=0, source=0x1002 }
08-06 06:25:37.876 25204 25204 I Input   : injectMotionEvent: MotionEvent { action=ACTION_UP, actionButton=0, id[0]=0, x[0]=558.0, y[0]=368.0, toolType[0]=TOOL_TYPE_UNKNOWN, buttonState=0, metaState=0, flags=0x0, edgeFlags=0x0, pointerCount=1, historySize=0, eventTime=858354280, downTime=858354280, deviceId=0, source=0x1002 }
08-06 06:25:37.877 25204 25204 D AndroidRuntime: Shutting down VM
08-06 06:25:37.893 19469 19469 I ServiceManager: Waiting for service AtCmdFwd...
08-06 06:25:38.048 24296 24308 I art     : Starting a blocking GC Explicit
08-06 06:25:38.104 24296 24308 I art     : Explicit concurrent mark sweep GC freed 2216(170KB) AllocSpace objects, 1(20KB) LOS objects, 30% free, 36MB/52MB, paused 343us total 56.471ms
08-06 06:25:38.123 24296 24308 I art     : Starting a blocking GC Explicit
08-06 06:25:38.175 24296 24308 I art     : Explicit concurrent mark sweep GC freed 81(4KB) AllocSpace objects, 0(0B) LOS objects, 30% free, 36MB/52MB, paused 406us total 51.956ms
08-06 06:25:38.193 24296 24308 I art     : Starting a blocking GC Explicit
08-06 06:25:38.244 24296 24308 I art     : Explicit concurrent mark sweep GC freed 297(13KB) AllocSpace objects, 0(0B) LOS objects, 30% free, 36MB/52MB, paused 333us total 51.069ms
08-06 06:25:38.263 24296 24308 I art     : Starting a blocking GC Explicit
08-06 06:25:38.315 24296 24308 I art     : Explicit concurrent mark sweep GC freed 8(288B) AllocSpace objects, 0(0B) LOS objects, 30% free, 36MB/52MB, paused 311us total 50.974ms
08-06 06:25:38.332 24296 24308 I art     : Starting a blocking GC Explicit
08-06 06:25:38.383 24296 24308 I art     : Explicit concurrent mark sweep GC freed 24(1072B) AllocSpace objects, 0(0B) LOS objects, 30% free, 36MB/52MB, paused 303us total 50.201ms
08-06 06:25:38.700 24296 24783 I art     : Starting a blocking GC Explicit
08-06 06:25:38.765 24296 24783 I art     : Explicit concurrent mark sweep GC freed 1362(78KB) AllocSpace objects, 1(20KB) LOS objects, 30% free, 36MB/52MB, paused 373us total 64.227ms
08-06 06:25:38.784 24296 24783 I art     : Starting a blocking GC Explicit
08-06 06:25:38.844 24296 24783 I art     : Explicit concurrent mark sweep GC freed 18(624B) AllocSpace objects, 0(0B) LOS objects, 30% free, 36MB/52MB, paused 345us total 59.570ms
08-06 06:25:38.863 24296 24783 I art     : Starting a blocking GC Explicit
08-06 06:25:38.893 19469 19469 I ServiceManager: Waiting for service AtCmdFwd...
08-06 06:25:38.921 24296 24783 I art     : Explicit concurrent mark sweep GC freed 3(96B) AllocSpace objects, 0(0B) LOS objects, 30% free, 36MB/52MB, paused 349us total 57.588ms
08-06 06:25:38.941 24296 24783 I art     : Starting a blocking GC Explicit
08-06 06:25:38.999 24296 24783 I art     : Explicit concurrent mark sweep GC freed 3(96B) AllocSpace objects, 0(0B) LOS objects, 30% free, 36MB/52MB, paused 352us total 57.259ms
08-06 06:25:39.019 24296 24783 I art     : Starting a blocking GC Explicit
08-06 06:25:39.077 24296 24783 I art     : Explicit concurrent mark sweep GC freed 3(96B) AllocSpace objects, 0(0B) LOS objects, 30% free, 36MB/52MB, paused 457us total 57.965ms
08-06 06:25:39.357 24296 24309 I art     : Starting a blocking GC Explicit
08-06 06:25:39.425 24296 24309 I art     : Explicit concurrent mark sweep GC freed 1293(75KB) AllocSpace objects, 1(20KB) LOS objects, 30% free, 36MB/52MB, paused 371us total 68.470ms
08-06 06:25:39.445 24296 24309 I art     : Starting a blocking GC Explicit
08-06 06:25:39.501 24296 24309 I art     : Explicit concurrent mark sweep GC freed 18(624B) AllocSpace objects, 0(0B) LOS objects, 30% free, 36MB/52MB, paused 348us total 56.319ms
08-06 06:25:39.519 24296 24309 I art     : Starting a blocking GC Explicit
08-06 06:25:39.537 25239 25239 D AndroidRuntime: >>>>>> START com.android.internal.os.RuntimeInit uid 2000 <<<<<<
08-06 06:25:39.542 25239 25239 D AndroidRuntime: CheckJNI is OFF
08-06 06:25:39.572 24296 24309 I art     : Explicit concurrent mark sweep GC freed 4(128B) AllocSpace objects, 0(0B) LOS objects, 30% free, 36MB/52MB, paused 359us total 51.735ms
08-06 06:25:39.576 25239 25239 D ICU     : No timezone override file found: /data/misc/zoneinfo/current/icu/icu_tzdata.dat
08-06 06:25:39.592 24296 24309 I art     : Starting a blocking GC Explicit
08-06 06:25:39.613 25239 25239 I Radio-JNI: register_android_hardware_Radio DONE
08-06 06:25:39.634 25239 25239 D AndroidRuntime: Calling main entry com.android.commands.input.Input
08-06 06:25:39.636 25239 25239 I Input   : injectMotionEvent: MotionEvent { action=ACTION_DOWN, actionButton=0, id[0]=0, x[0]=945.0, y[0]=1376.0, toolType[0]=TOOL_TYPE_UNKNOWN, buttonState=0, metaState=0, flags=0x0, edgeFlags=0x0, pointerCount=1, historySize=0, eventTime=858356049, downTime=858356049, deviceId=0, source=0x1002 }
08-06 06:25:39.642 25239 25239 I Input   : injectMotionEvent: MotionEvent { action=ACTION_UP, actionButton=0, id[0]=0, x[0]=945.0, y[0]=1376.0, toolType[0]=TOOL_TYPE_UNKNOWN, buttonState=0, metaState=0, flags=0x0, edgeFlags=0x0, pointerCount=1, historySize=0, eventTime=858356049, downTime=858356049, deviceId=0, source=0x1002 }
08-06 06:25:39.645 24296 24309 I art     : Explicit concurrent mark sweep GC freed 12(384B) AllocSpace objects, 0(0B) LOS objects, 30% free, 36MB/52MB, paused 718us total 52.819ms
08-06 06:25:39.646 25239 25239 D AndroidRuntime: Shutting down VM
08-06 06:25:39.663 24296 24309 I art     : Starting a blocking GC Explicit
08-06 06:25:39.714 24296 24309 I art     : Explicit concurrent mark sweep GC freed 32(1136B) AllocSpace objects, 0(0B) LOS objects, 30% free, 36MB/52MB, paused 305us total 50.554ms
08-06 06:25:39.727   512  2967 D audio_hw_primary: out_set_parameters: enter: usecase(1: low-latency-playback) kvpairs: routing=2
08-06 06:25:39.740   512  2967 D audio_hw_primary: select_devices: out_snd_device(2: speaker) in_snd_device(0: none)
08-06 06:25:39.740   512  2967 D msm8974_platform: platform_send_audio_calibration: sending audio calibration for snd_device(2) acdb_id(15)
08-06 06:25:39.740   512  2967 I soundtrigger: audio_extn_sound_trigger_update_device_status: device 0x2 of type 0 for Event 1
08-06 06:25:39.745 13866 13866 I GoogleInputMethodServic: GoogleInputMethodService.onFinishInput():3138 
08-06 06:25:39.745 13866 13866 I GoogleInputMethodServic: GoogleInputMethodService.onStartInput():1808 
08-06 06:25:39.751   512  2967 D audio_hw_primary: enable_snd_device: snd_device(2: speaker)
08-06 06:25:39.753   512  2967 D audio_hw_primary: enable_audio_route: apply and update mixer path: low-latency-playback speaker
08-06 06:25:39.758 13866 13866 I GoogleInputMethodServic: GoogleInputMethodService.onFinishInput():3138 
08-06 06:25:39.759 13866 13866 I GoogleInputMethodServic: GoogleInputMethodService.onStartInput():1808 
08-06 06:25:39.894 19469 19469 W Atfwd_Sendcmd: AtCmdFwd service not published, waiting... retryCnt : 3
08-06 06:25:39.986 24296 24308 I art     : Starting a blocking GC Explicit
08-06 06:25:40.051 24296 24308 I art     : Explicit concurrent mark sweep GC freed 2264(130KB) AllocSpace objects, 1(20KB) LOS objects, 30% free, 36MB/52MB, paused 338us total 64.346ms
08-06 06:25:40.073 24296 24308 I art     : Starting a blocking GC Explicit
08-06 06:25:40.080 24296 24311 D OpenGLRenderer: endAllStagingAnimators on 0x7f8040f800 (ListPopupWindow$DropDownListView) with handle 0x7f9487f2a0
08-06 06:25:40.125 24296 24308 I art     : Explicit concurrent mark sweep GC freed 729(64KB) AllocSpace objects, 0(0B) LOS objects, 30% free, 36MB/52MB, paused 348us total 52.250ms
08-06 06:25:40.142 24296 24308 I art     : Starting a blocking GC Explicit
08-06 06:25:40.193 24296 24308 I art     : Explicit concurrent mark sweep GC freed 223(9KB) AllocSpace objects, 0(0B) LOS objects, 30% free, 36MB/52MB, paused 337us total 50.745ms
08-06 06:25:40.212 24296 24308 I art     : Starting a blocking GC Explicit
08-06 06:25:40.269 24296 24308 I art     : Explicit concurrent mark sweep GC freed 427(32KB) AllocSpace objects, 0(0B) LOS objects, 30% free, 36MB/52MB, paused 347us total 57.553ms
08-06 06:25:40.288 24296 24308 I art     : Starting a blocking GC Explicit
08-06 06:25:40.288   512  2967 D audio_hw_primary: disable_audio_route: reset and update mixer path: low-latency-playback speaker
08-06 06:25:40.289   512  2967 D audio_hw_primary: disable_snd_device: snd_device(2: speaker)
08-06 06:25:40.297   512  2967 I soundtrigger: audio_extn_sound_trigger_update_device_status: device 0x2 of type 0 for Event 0
08-06 06:25:40.346 24296 24308 I art     : Explicit concurrent mark sweep GC freed 3(96B) AllocSpace objects, 0(0B) LOS objects, 30% free, 36MB/52MB, paused 347us total 57.739ms
08-06 06:25:40.661 24296 24315 I art     : Starting a blocking GC Explicit
08-06 06:25:40.722 24296 24315 I art     : Explicit concurrent mark sweep GC freed 1293(75KB) AllocSpace objects, 1(20KB) LOS objects, 30% free, 36MB/52MB, paused 372us total 60.879ms
08-06 06:25:40.742 24296 24315 I art     : Starting a blocking GC Explicit
08-06 06:25:40.797 24296 24315 I art     : Explicit concurrent mark sweep GC freed 18(624B) AllocSpace objects, 0(0B) LOS objects, 30% free, 36MB/52MB, paused 361us total 54.228ms
08-06 06:25:40.816 24296 24315 I art     : Starting a blocking GC Explicit
08-06 06:25:40.871 24296 24315 I art     : Explicit concurrent mark sweep GC freed 3(96B) AllocSpace objects, 0(0B) LOS objects, 30% free, 36MB/52MB, paused 348us total 54.640ms
08-06 06:25:40.891 24296 24315 I art     : Starting a blocking GC Explicit
08-06 06:25:40.944 24296 24315 I art     : Explicit concurrent mark sweep GC freed 3(96B) AllocSpace objects, 0(0B) LOS objects, 30% free, 36MB/52MB, paused 359us total 52.693ms
08-06 06:25:40.962 24296 24315 I art     : Starting a blocking GC Explicit
08-06 06:25:41.018 24296 24315 I art     : Explicit concurrent mark sweep GC freed 3(96B) AllocSpace objects, 0(0B) LOS objects, 30% free, 36MB/52MB, paused 371us total 55.544ms
08-06 06:25:41.286 25282 25282 D AndroidRuntime: >>>>>> START com.android.internal.os.RuntimeInit uid 2000 <<<<<<
08-06 06:25:41.291 25282 25282 D AndroidRuntime: CheckJNI is OFF
08-06 06:25:41.318 24296 24309 I art     : Starting a blocking GC Explicit
08-06 06:25:41.327 25282 25282 D ICU     : No timezone override file found: /data/misc/zoneinfo/current/icu/icu_tzdata.dat
08-06 06:25:41.361 25282 25282 I Radio-JNI: register_android_hardware_Radio DONE
08-06 06:25:41.379 24296 24309 I art     : Explicit concurrent mark sweep GC freed 1293(75KB) AllocSpace objects, 1(20KB) LOS objects, 30% free, 36MB/52MB, paused 366us total 60.700ms
08-06 06:25:41.383 25282 25282 D AndroidRuntime: Calling main entry com.android.commands.input.Input
08-06 06:25:41.385 25282 25282 I Input   : injectMotionEvent: MotionEvent { action=ACTION_DOWN, actionButton=0, id[0]=0, x[0]=481.0, y[0]=544.0, toolType[0]=TOOL_TYPE_UNKNOWN, buttonState=0, metaState=0, flags=0x0, edgeFlags=0x0, pointerCount=1, historySize=0, eventTime=858357798, downTime=858357798, deviceId=0, source=0x1002 }
08-06 06:25:41.393 25282 25282 I Input   : injectMotionEvent: MotionEvent { action=ACTION_UP, actionButton=0, id[0]=0, x[0]=481.0, y[0]=544.0, toolType[0]=TOOL_TYPE_UNKNOWN, buttonState=0, metaState=0, flags=0x0, edgeFlags=0x0, pointerCount=1, historySize=0, eventTime=858357798, downTime=858357798, deviceId=0, source=0x1002 }
08-06 06:25:41.394 25282 25282 D AndroidRuntime: Shutting down VM
08-06 06:25:41.401 24296 24309 I art     : Starting a blocking GC Explicit
08-06 06:25:41.452 24296 24309 I art     : Explicit concurrent mark sweep GC freed 362(14KB) AllocSpace objects, 0(0B) LOS objects, 30% free, 36MB/52MB, paused 560us total 50.228ms
08-06 06:25:41.470 24296 24309 I art     : Starting a blocking GC Explicit
08-06 06:25:41.524 24296 24309 I art     : Explicit concurrent mark sweep GC freed 426(20KB) AllocSpace objects, 0(0B) LOS objects, 30% free, 36MB/52MB, paused 353us total 53.622ms
08-06 06:25:41.541 24296 24309 I art     : Starting a blocking GC Explicit
08-06 06:25:41.580   918  3188 I hubconnection: sensorhub said: 'set_bias 3: -6.2400, 0.0000, 0.0000'
08-06 06:25:41.588 24296 24309 I art     : Explicit concurrent mark sweep GC freed 48(2096B) AllocSpace objects, 0(0B) LOS objects, 30% free, 36MB/52MB, paused 307us total 47.081ms
08-06 06:25:41.604 24296 24309 I art     : Starting a blocking GC Explicit
08-06 06:25:41.652 24296 24309 I art     : Explicit concurrent mark sweep GC freed 20(768B) AllocSpace objects, 0(0B) LOS objects, 30% free, 36MB/52MB, paused 299us total 47.443ms
08-06 06:25:41.929 24296 24783 I art     : Starting a blocking GC Explicit
08-06 06:25:41.994 24296 24783 I art     : Explicit concurrent mark sweep GC freed 1619(90KB) AllocSpace objects, 1(20KB) LOS objects, 30% free, 36MB/52MB, paused 330us total 65.213ms
08-06 06:25:42.013 24296 24783 I art     : Starting a blocking GC Explicit
08-06 06:25:42.064 24296 24783 I art     : Explicit concurrent mark sweep GC freed 49(1648B) AllocSpace objects, 0(0B) LOS objects, 30% free, 36MB/52MB, paused 304us total 50.123ms
08-06 06:25:42.081 24296 24783 I art     : Starting a blocking GC Explicit
08-06 06:25:42.132 24296 24783 I art     : Explicit concurrent mark sweep GC freed 6(224B) AllocSpace objects, 0(0B) LOS objects, 30% free, 36MB/52MB, paused 344us total 50.542ms
08-06 06:25:42.150 24296 24783 I art     : Starting a blocking GC Explicit
08-06 06:25:42.207 24296 24783 I art     : Explicit concurrent mark sweep GC freed 3(96B) AllocSpace objects, 0(0B) LOS objects, 30% free, 36MB/52MB, paused 425us total 57.508ms
08-06 06:25:42.228 24296 24783 I art     : Starting a blocking GC Explicit
08-06 06:25:42.283 24296 24783 I art     : Explicit concurrent mark sweep GC freed 3(96B) AllocSpace objects, 0(0B) LOS objects, 30% free, 36MB/52MB, paused 360us total 54.853ms
08-06 06:25:42.592 24296 24309 I art     : Starting a blocking GC Explicit
08-06 06:25:42.663 24296 24309 I art     : Explicit concurrent mark sweep GC freed 1293(75KB) AllocSpace objects, 1(20KB) LOS objects, 30% free, 36MB/52MB, paused 353us total 71.203ms
08-06 06:25:42.682 24296 24309 I art     : Starting a blocking GC Explicit
08-06 06:25:42.736 24296 24309 I art     : Explicit concurrent mark sweep GC freed 18(624B) AllocSpace objects, 0(0B) LOS objects, 30% free, 36MB/52MB, paused 355us total 53.928ms
08-06 06:25:42.755 24296 24309 I art     : Starting a blocking GC Explicit
08-06 06:25:42.808 24296 24309 I art     : Explicit concurrent mark sweep GC freed 3(96B) AllocSpace objects, 0(0B) LOS objects, 30% free, 36MB/52MB, paused 352us total 52.811ms
08-06 06:25:42.814   518   646 I ThermalEngine: ACTION: GPU - Setting GPU[0] to 450000000
08-06 06:25:42.831 24296 24309 I art     : Starting a blocking GC Explicit
08-06 06:25:42.897 24296 24309 I art     : Explicit concurrent mark sweep GC freed 3(96B) AllocSpace objects, 0(0B) LOS objects, 30% free, 36MB/52MB, paused 464us total 65.257ms
08-06 06:25:42.920 24296 24309 I art     : Starting a blocking GC Explicit
08-06 06:25:42.989 24296 24309 I art     : Explicit concurrent mark sweep GC freed 3(96B) AllocSpace objects, 0(0B) LOS objects, 30% free, 36MB/52MB, paused 467us total 68.849ms
08-06 06:25:43.120 25325 25325 D AndroidRuntime: >>>>>> START com.android.internal.os.RuntimeInit uid 2000 <<<<<<
08-06 06:25:43.126 25325 25325 D AndroidRuntime: CheckJNI is OFF
08-06 06:25:43.168 25325 25325 D ICU     : No timezone override file found: /data/misc/zoneinfo/current/icu/icu_tzdata.dat
08-06 06:25:43.212 25325 25325 I Radio-JNI: register_android_hardware_Radio DONE
08-06 06:25:43.240 25325 25325 D AndroidRuntime: Calling main entry com.android.commands.input.Input
08-06 06:25:43.242 25325 25325 I Input   : injectMotionEvent: MotionEvent { action=ACTION_DOWN, actionButton=0, id[0]=0, x[0]=310.0, y[0]=906.0, toolType[0]=TOOL_TYPE_UNKNOWN, buttonState=0, metaState=0, flags=0x0, edgeFlags=0x0, pointerCount=1, historySize=0, eventTime=858359655, downTime=858359655, deviceId=0, source=0x1002 }
08-06 06:25:43.247 25325 25325 I Input   : injectMotionEvent: MotionEvent { action=ACTION_UP, actionButton=0, id[0]=0, x[0]=310.0, y[0]=906.0, toolType[0]=TOOL_TYPE_UNKNOWN, buttonState=0, metaState=0, flags=0x0, edgeFlags=0x0, pointerCount=1, historySize=0, eventTime=858359655, downTime=858359655, deviceId=0, source=0x1002 }
08-06 06:25:43.250 25325 25325 D AndroidRuntime: Shutting down VM
08-06 06:25:43.317 24296 24315 I art     : Starting a blocking GC Explicit
08-06 06:25:43.332   512  2967 D audio_hw_primary: out_set_parameters: enter: usecase(1: low-latency-playback) kvpairs: routing=2
08-06 06:25:43.345   512  2967 D audio_hw_primary: select_devices: out_snd_device(2: speaker) in_snd_device(0: none)
08-06 06:25:43.345   512  2967 D msm8974_platform: platform_send_audio_calibration: sending audio calibration for snd_device(2) acdb_id(15)
08-06 06:25:43.346   512  2967 I soundtrigger: audio_extn_sound_trigger_update_device_status: device 0x2 of type 0 for Event 1
08-06 06:25:43.350 13866 13866 I GoogleInputMethodServic: GoogleInputMethodService.onFinishInput():3138 
08-06 06:25:43.353 13866 13866 I GoogleInputMethodServic: GoogleInputMethodService.onStartInput():1808 
08-06 06:25:43.357   512  2967 D audio_hw_primary: enable_snd_device: snd_device(2: speaker)
08-06 06:25:43.360   512  2967 D audio_hw_primary: enable_audio_route: apply and update mixer path: low-latency-playback speaker
08-06 06:25:43.365 13866 13866 I GoogleInputMethodServic: GoogleInputMethodService.onFinishInput():3138 
08-06 06:25:43.366 13866 13866 I GoogleInputMethodServic: GoogleInputMethodService.onStartInput():1808 
08-06 06:25:43.393 24296 24315 I art     : Explicit concurrent mark sweep GC freed 1764(99KB) AllocSpace objects, 1(20KB) LOS objects, 30% free, 36MB/52MB, paused 757us total 76.406ms
08-06 06:25:43.416 24296 24315 I art     : Starting a blocking GC Explicit
08-06 06:25:43.482 24296 24315 I art     : Explicit concurrent mark sweep GC freed 553(22KB) AllocSpace objects, 0(0B) LOS objects, 30% free, 36MB/52MB, paused 538us total 66.227ms
08-06 06:25:43.504 24296 24315 I art     : Starting a blocking GC Explicit
08-06 06:25:43.568 24296 24315 I art     : Explicit concurrent mark sweep GC freed 706(63KB) AllocSpace objects, 0(0B) LOS objects, 30% free, 36MB/52MB, paused 419us total 63.565ms
08-06 06:25:43.592 24296 24315 I art     : Starting a blocking GC Explicit
08-06 06:25:43.658 24296 24315 I art     : Explicit concurrent mark sweep GC freed 3(96B) AllocSpace objects, 0(0B) LOS objects, 30% free, 36MB/52MB, paused 432us total 65.629ms
08-06 06:25:43.681 24296 24311 D OpenGLRenderer: endAllStagingAnimators on 0x7f94af1c00 (ListPopupWindow$DropDownListView) with handle 0x7f91075020
08-06 06:25:43.682 24296 24315 I art     : Starting a blocking GC Explicit
08-06 06:25:43.743 24296 24315 I art     : Explicit concurrent mark sweep GC freed 32(1280B) AllocSpace objects, 0(0B) LOS objects, 30% free, 36MB/52MB, paused 465us total 60.762ms
08-06 06:25:43.909   512  2967 D audio_hw_primary: disable_audio_route: reset and update mixer path: low-latency-playback speaker
08-06 06:25:43.909   512  2967 D audio_hw_primary: disable_snd_device: snd_device(2: speaker)
08-06 06:25:43.918   512  2967 I soundtrigger: audio_extn_sound_trigger_update_device_status: device 0x2 of type 0 for Event 0
08-06 06:25:44.070 24296 24309 I art     : Starting a blocking GC Explicit
08-06 06:25:44.162 24296 24309 I art     : Explicit concurrent mark sweep GC freed 1516(85KB) AllocSpace objects, 1(20KB) LOS objects, 30% free, 36MB/52MB, paused 480us total 91.580ms
08-06 06:25:44.186 24296 24309 I art     : Starting a blocking GC Explicit
08-06 06:25:44.259 24296 24309 I art     : Explicit concurrent mark sweep GC freed 371(26KB) AllocSpace objects, 0(0B) LOS objects, 30% free, 36MB/52MB, paused 489us total 71.884ms
08-06 06:25:44.282 24296 24309 I art     : Starting a blocking GC Explicit
08-06 06:25:44.353 24296 24309 I art     : Explicit concurrent mark sweep GC freed 3(96B) AllocSpace objects, 0(0B) LOS objects, 30% free, 36MB/52MB, paused 466us total 70.660ms
08-06 06:25:44.377 24296 24309 I art     : Starting a blocking GC Explicit
08-06 06:25:44.449 24296 24309 I art     : Explicit concurrent mark sweep GC freed 3(96B) AllocSpace objects, 0(0B) LOS objects, 30% free, 36MB/52MB, paused 472us total 71.626ms
08-06 06:25:44.473 24296 24309 I art     : Starting a blocking GC Explicit
08-06 06:25:44.540 24296 24309 I art     : Explicit concurrent mark sweep GC freed 3(96B) AllocSpace objects, 0(0B) LOS objects, 30% free, 36MB/52MB, paused 480us total 66.814ms
08-06 06:25:44.746 13866 13882 I PeriodicStatsRunner: PeriodicStatsRunner.call():175 call()
08-06 06:25:44.746 13866 13882 I PeriodicStatsRunner: PeriodicStatsRunner.call():179 No submit PeriodicStats since input started.
08-06 06:25:44.759 13866 13882 I PeriodicStatsRunner: PeriodicStatsRunner.call():175 call()
08-06 06:25:44.760 13866 13882 I PeriodicStatsRunner: PeriodicStatsRunner.call():179 No submit PeriodicStats since input started.
08-06 06:25:44.864 24296 24783 I art     : Starting a blocking GC Explicit
08-06 06:25:44.944 24296 24783 I art     : Explicit concurrent mark sweep GC freed 1293(75KB) AllocSpace objects, 1(20KB) LOS objects, 30% free, 36MB/52MB, paused 470us total 79.468ms
08-06 06:25:44.967 24296 24783 I art     : Starting a blocking GC Explicit
08-06 06:25:45.010 25358 25358 D AndroidRuntime: >>>>>> START com.android.internal.os.RuntimeInit uid 2000 <<<<<<
08-06 06:25:45.016 25358 25358 D AndroidRuntime: CheckJNI is OFF
08-06 06:25:45.037 24296 24783 I art     : Explicit concurrent mark sweep GC freed 18(624B) AllocSpace objects, 0(0B) LOS objects, 30% free, 36MB/52MB, paused 494us total 69.630ms
08-06 06:25:45.061 24296 24783 I art     : Starting a blocking GC Explicit
08-06 06:25:45.068 25358 25358 D ICU     : No timezone override file found: /data/misc/zoneinfo/current/icu/icu_tzdata.dat
08-06 06:25:45.111 25358 25358 I Radio-JNI: register_android_hardware_Radio DONE
08-06 06:25:45.131 24296 24783 I art     : Explicit concurrent mark sweep GC freed 3(96B) AllocSpace objects, 0(0B) LOS objects, 30% free, 36MB/52MB, paused 480us total 70.268ms
08-06 06:25:45.141 25358 25358 D AndroidRuntime: Calling main entry com.android.commands.input.Input
08-06 06:25:45.143 25358 25358 I Input   : injectMotionEvent: MotionEvent { action=ACTION_DOWN, actionButton=0, id[0]=0, x[0]=648.0, y[0]=709.0, toolType[0]=TOOL_TYPE_UNKNOWN, buttonState=0, metaState=0, flags=0x0, edgeFlags=0x0, pointerCount=1, historySize=0, eventTime=858361556, downTime=858361556, deviceId=0, source=0x1002 }
08-06 06:25:45.151 25358 25358 I Input   : injectMotionEvent: MotionEvent { action=ACTION_UP, actionButton=0, id[0]=0, x[0]=648.0, y[0]=709.0, toolType[0]=TOOL_TYPE_UNKNOWN, buttonState=0, metaState=0, flags=0x0, edgeFlags=0x0, pointerCount=1, historySize=0, eventTime=858361556, downTime=858361556, deviceId=0, source=0x1002 }
08-06 06:25:45.153 25358 25358 D AndroidRuntime: Shutting down VM
08-06 06:25:45.155 24296 24783 I art     : Starting a blocking GC Explicit
08-06 06:25:45.219   512  2967 D audio_hw_primary: out_set_parameters: enter: usecase(1: low-latency-playback) kvpairs: routing=2
08-06 06:25:45.221 24296 24783 I art     : Explicit concurrent mark sweep GC freed 67(3KB) AllocSpace objects, 0(0B) LOS objects, 30% free, 36MB/52MB, paused 771us total 66.464ms
08-06 06:25:45.232   512  2967 D audio_hw_primary: select_devices: out_snd_device(2: speaker) in_snd_device(0: none)
08-06 06:25:45.232   512  2967 D msm8974_platform: platform_send_audio_calibration: sending audio calibration for snd_device(2) acdb_id(15)
08-06 06:25:45.233   512  2967 I soundtrigger: audio_extn_sound_trigger_update_device_status: device 0x2 of type 0 for Event 1
08-06 06:25:45.242   512  2967 D audio_hw_primary: enable_snd_device: snd_device(2: speaker)
08-06 06:25:45.243 24296 24783 I art     : Starting a blocking GC Explicit
08-06 06:25:45.244   512  2967 D audio_hw_primary: enable_audio_route: apply and update mixer path: low-latency-playback speaker
08-06 06:25:45.306 24296 24783 I art     : Explicit concurrent mark sweep GC freed 686(53KB) AllocSpace objects, 1(20KB) LOS objects, 30% free, 36MB/52MB, paused 472us total 62.650ms
08-06 06:25:45.622 24296 24308 I art     : Starting a blocking GC Explicit
08-06 06:25:45.702 24296 24308 I art     : Explicit concurrent mark sweep GC freed 1442(82KB) AllocSpace objects, 1(20KB) LOS objects, 30% free, 36MB/52MB, paused 429us total 79.183ms
08-06 06:25:45.729 24296 24308 I art     : Starting a blocking GC Explicit
08-06 06:25:45.779   512  2967 D audio_hw_primary: disable_audio_route: reset and update mixer path: low-latency-playback speaker
08-06 06:25:45.781   512  2967 D audio_hw_primary: disable_snd_device: snd_device(2: speaker)
08-06 06:25:45.790   512  2967 I soundtrigger: audio_extn_sound_trigger_update_device_status: device 0x2 of type 0 for Event 0
08-06 06:25:45.808 24296 24308 I art     : Explicit concurrent mark sweep GC freed 28(960B) AllocSpace objects, 0(0B) LOS objects, 30% free, 36MB/52MB, paused 558us total 78.528ms
08-06 06:25:45.835 24296 24308 I art     : Starting a blocking GC Explicit
08-06 06:25:45.914 24296 24308 I art     : Explicit concurrent mark sweep GC freed 3(96B) AllocSpace objects, 0(0B) LOS objects, 30% free, 36MB/52MB, paused 448us total 78.078ms
08-06 06:25:45.940 24296 24308 I art     : Starting a blocking GC Explicit
08-06 06:25:46.014 24296 24308 I art     : Explicit concurrent mark sweep GC freed 5(160B) AllocSpace objects, 0(0B) LOS objects, 30% free, 36MB/52MB, paused 494us total 72.983ms
08-06 06:25:46.040 24296 24308 I art     : Starting a blocking GC Explicit
08-06 06:25:46.109 24296 24308 I art     : Explicit concurrent mark sweep GC freed 3(96B) AllocSpace objects, 0(0B) LOS objects, 30% free, 36MB/52MB, paused 450us total 68.600ms
08-06 06:25:46.444 24296 24309 I art     : Starting a blocking GC Explicit
08-06 06:25:46.517 24296 24309 I art     : Explicit concurrent mark sweep GC freed 1295(75KB) AllocSpace objects, 1(20KB) LOS objects, 30% free, 36MB/52MB, paused 476us total 72.279ms
08-06 06:25:46.540 24296 24309 I art     : Starting a blocking GC Explicit
08-06 06:25:46.608 24296 24309 I art     : Explicit concurrent mark sweep GC freed 18(624B) AllocSpace objects, 0(0B) LOS objects, 30% free, 36MB/52MB, paused 516us total 67.516ms
08-06 06:25:46.630 24296 24309 I art     : Starting a blocking GC Explicit
08-06 06:25:46.700 24296 24309 I art     : Explicit concurrent mark sweep GC freed 3(96B) AllocSpace objects, 0(0B) LOS objects, 30% free, 36MB/52MB, paused 455us total 68.819ms
08-06 06:25:46.723 24296 24309 I art     : Starting a blocking GC Explicit
08-06 06:25:46.793 24296 24309 I art     : Explicit concurrent mark sweep GC freed 3(96B) AllocSpace objects, 0(0B) LOS objects, 30% free, 36MB/52MB, paused 481us total 69.541ms
08-06 06:25:46.817 24296 24309 I art     : Starting a blocking GC Explicit
08-06 06:25:46.890 24296 24309 I art     : Explicit concurrent mark sweep GC freed 7(224B) AllocSpace objects, 0(0B) LOS objects, 30% free, 36MB/52MB, paused 561us total 73.552ms
08-06 06:25:46.947 25401 25401 D AndroidRuntime: >>>>>> START com.android.internal.os.RuntimeInit uid 2000 <<<<<<
08-06 06:25:46.953 25401 25401 D AndroidRuntime: CheckJNI is OFF
08-06 06:25:46.996 25401 25401 D ICU     : No timezone override file found: /data/misc/zoneinfo/current/icu/icu_tzdata.dat
08-06 06:25:47.045 25401 25401 I Radio-JNI: register_android_hardware_Radio DONE
08-06 06:25:47.077 25401 25401 D AndroidRuntime: Calling main entry com.android.commands.input.Input
08-06 06:25:47.079 25401 25401 I Input   : injectMotionEvent: MotionEvent { action=ACTION_DOWN, actionButton=0, id[0]=0, x[0]=1197.0, y[0]=1456.0, toolType[0]=TOOL_TYPE_UNKNOWN, buttonState=0, metaState=0, flags=0x0, edgeFlags=0x0, pointerCount=1, historySize=0, eventTime=858363492, downTime=858363492, deviceId=0, source=0x1002 }
08-06 06:25:47.087 25401 25401 I Input   : injectMotionEvent: MotionEvent { action=ACTION_UP, actionButton=0, id[0]=0, x[0]=1197.0, y[0]=1456.0, toolType[0]=TOOL_TYPE_UNKNOWN, buttonState=0, metaState=0, flags=0x0, edgeFlags=0x0, pointerCount=1, historySize=0, eventTime=858363492, downTime=858363492, deviceId=0, source=0x1002 }
08-06 06:25:47.088 25401 25401 D AndroidRuntime: Shutting down VM
08-06 06:25:47.104   512  2967 D audio_hw_primary: out_set_parameters: enter: usecase(1: low-latency-playback) kvpairs: routing=2
08-06 06:25:47.117   512  2967 D audio_hw_primary: select_devices: out_snd_device(2: speaker) in_snd_device(0: none)
08-06 06:25:47.118   512  2967 D msm8974_platform: platform_send_audio_calibration: sending audio calibration for snd_device(2) acdb_id(15)
08-06 06:25:47.118   512  2967 I soundtrigger: audio_extn_sound_trigger_update_device_status: device 0x2 of type 0 for Event 1
08-06 06:25:47.125 24296 24311 D OpenGLRenderer: endAllStagingAnimators on 0x7f94a61c00 (RippleDrawable) with handle 0x7f7f5cf860
08-06 06:25:47.129   512  2967 D audio_hw_primary: enable_snd_device: snd_device(2: speaker)
08-06 06:25:47.132   512  2967 D audio_hw_primary: enable_audio_route: apply and update mixer path: low-latency-playback speaker
08-06 06:25:47.134 24296 24296 I SettingsManager: Setting string: savedCourse
08-06 06:25:47.141   918  3714 W BackupManagerService: dataChanged but no participant pkg='baseline.com.ak.uobtimetable' uid=10710
08-06 06:25:47.142   918  6110 I ActivityManager: START u0 {flg=0x4000000 cmp=baseline.com.ak.uobtimetable/.MainActivity (has extras)} from uid 10710 on display 0
08-06 06:25:47.155   918  3696 W InputMethodManagerService: Focus gain on non-focused client com.android.internal.view.IInputMethodClient$Stub$Proxy@9455f65 (uid=10710 pid=24296)
08-06 06:25:47.171 24296 24296 D MainActivity: OnDestroy
08-06 06:25:47.197 24296 24296 D MainActivity: onCreate
08-06 06:25:47.198 24296 24296 I SettingsManager: Getting string: savedSessions
08-06 06:25:47.198 24296 24296 I SettingsManager: Getting string: savedSessions
08-06 06:25:47.207 24296 24296 I SettingsManager: Getting string: savedSessionsCourseName
08-06 06:25:47.207 24296 24296 I SettingsManager: Getting string: savedSessionsCourseName
08-06 06:25:47.207 24296 24296 I SettingsManager: Getting string: savedSessionsDateRange
08-06 06:25:47.207 24296 24296 I SettingsManager: Getting string: savedSessionsDateRange
08-06 06:25:47.207 24296 24296 I Settings: 10 saved sessions - Bedfordshire International and EU Foundation Year - Int Foun - Ltn - Y0 Feb FT - Weeks: 24-38 (8 Jun 2020-20 Sep 2020)
08-06 06:25:47.237 24296 24308 I art     : Starting a blocking GC Explicit
08-06 06:25:47.253 24296 24296 I SettingsManager: Getting string: savedCourse
08-06 06:25:47.254 24296 24296 D MainActivity: sessionListFragmentArg: updateSessions
08-06 06:25:47.254 24296 24296 D MainActivity: showTermDatesConfigChange: false
08-06 06:25:47.254 24296 24296 D MainActivity: showTermDatesShortcut: false
08-06 06:25:47.255 24296 24296 D MainActivity: Setting initial fragment: SessionListsFragment
08-06 06:25:47.257 24296 24296 I SettingsManager: Getting int: launchCount
08-06 06:25:47.258 24296 24296 D SessionListsFragment: onCreateView
08-06 06:25:47.262 24296 24296 I SettingsManager: Getting string: savedCourse
08-06 06:25:47.266 24296 24296 I SettingsManager: Getting string: savedSessions
08-06 06:25:47.276 24296 24296 D SessionListsFragment: loadArgument: updateSessions
08-06 06:25:47.276 24296 24296 D SessionListsFragment: initialIndex: -1
08-06 06:25:47.279 24296 25424 D HTTP    : Request for: https://uob-timetable-api.adriankeenan.co.uk/sessions?dept=CM010&course=BSAIFAAF%2F02AA%2F0%2FFT&level=Foundation+Year
08-06 06:25:47.295 24296 24296 D TermDatesFragment: WebView loaded
08-06 06:25:47.295 24296 24296 D MainActivity: OnResume
08-06 06:25:47.323 24296 24308 I art     : Explicit concurrent mark sweep GC freed 20799(1002KB) AllocSpace objects, 3(152KB) LOS objects, 29% free, 38MB/54MB, paused 1.141ms total 86.581ms
08-06 06:25:47.346 24296 24308 I art     : Starting a blocking GC Explicit
08-06 06:25:47.389 24296 24296 I TermDatesFragment: Webview load %: 10
08-06 06:25:47.412 24296 24308 I art     : Explicit concurrent mark sweep GC freed 1591(79KB) AllocSpace objects, 1(1228KB) LOS objects, 30% free, 37MB/53MB, paused 1.174ms total 65.809ms
08-06 06:25:47.426   918   936 I ActivityManager: Displayed baseline.com.ak.uobtimetable/.MainActivity: +269ms
08-06 06:25:47.427 13866 13866 I GoogleInputMethodServic: GoogleInputMethodService.onFinishInput():3138 
08-06 06:25:47.428 13866 13866 I GoogleInputMethodServic: GoogleInputMethodService.onStartInput():1808 
08-06 06:25:47.433 24296 24308 I art     : Starting a blocking GC Explicit
08-06 06:25:47.498 24296 24308 I art     : Explicit concurrent mark sweep GC freed 28700(1332KB) AllocSpace objects, 3(200KB) LOS objects, 30% free, 36MB/52MB, paused 1.395ms total 64.872ms
08-06 06:25:47.519 24296 24308 I art     : Starting a blocking GC Explicit
08-06 06:25:47.545 24296 25424 I NAPPA_EXPERIMENTATION: MetricNetworkRequestExecutionTime: REQUEST_DURATION_SYSTEM='264',REQUEST_DURATION_OKHTTP='41',REQUEST_SYNCHRONOUS='TRUE',RESPONSE_CODE='200',RESPONSE_METHOD='GET',RESPONSE_LENGTH_OKHTTP='-1',RESPONSE_LENGTH_HEADER='1214',REQUEST_PROTOCOL='http/1.1',REQUEST_URL='https://uob-timetable-api.adriankeenan.co.uk/sessions?dept=CM010&course=BSAIFAAF%2F02AA%2F0%2FFT&level=Foundation+Year',
08-06 06:25:47.559 24296 24296 I TermDatesFragment: Webview load %: 70
08-06 06:25:47.560 24296 24296 I TermDatesFragment: Webview load %: 100
08-06 06:25:47.560 24296 24296 I TermDatesFragment: Webview load %: 100
08-06 06:25:47.573 24296 24308 I art     : Explicit concurrent mark sweep GC freed 3153(247KB) AllocSpace objects, 2(120KB) LOS objects, 30% free, 35MB/51MB, paused 522us total 54.305ms
08-06 06:25:47.593 24296 24308 I art     : Starting a blocking GC Explicit
08-06 06:25:47.601 24296 25424 I HTTP    : Response was compressed.
08-06 06:25:47.612 24296 25424 I Service : getSessions response time: 1.10
08-06 06:25:47.613 24296 24296 I SettingsManager: Getting string: savedSessions
08-06 06:25:47.614 24296 24296 I SettingsManager: Getting string: savedSessions
08-06 06:25:47.623 24296 24296 I Service : Sessions updated: 10
08-06 06:25:47.623 24296 24296 I Service : Sessions removed from new list: 0
08-06 06:25:47.632 24296 24296 I SettingsManager: Setting string: savedSessions
08-06 06:25:47.640   918  6029 W BackupManagerService: dataChanged but no participant pkg='baseline.com.ak.uobtimetable' uid=10710
08-06 06:25:47.640 24296 24296 I SettingsManager: Setting date: savedSessionsTime
08-06 06:25:47.647   918  5481 W BackupManagerService: dataChanged but no participant pkg='baseline.com.ak.uobtimetable' uid=10710
08-06 06:25:47.647 24296 24296 I SettingsManager: Setting string: savedSessionsCourseName
08-06 06:25:47.654   918  4400 W BackupManagerService: dataChanged but no participant pkg='baseline.com.ak.uobtimetable' uid=10710
08-06 06:25:47.655 24296 24296 I SettingsManager: Setting string: savedSessionsDateRange
08-06 06:25:47.655 24296 24308 I art     : Explicit concurrent mark sweep GC freed 16004(793KB) AllocSpace objects, 5(92KB) LOS objects, 30% free, 36MB/52MB, paused 776us total 61.372ms
08-06 06:25:47.655   918  3961 W BackupManagerService: dataChanged but no participant pkg='baseline.com.ak.uobtimetable' uid=10710
08-06 06:25:47.655 24296 24296 I SettingsManager: Setting string: timetableUrl
08-06 06:25:47.656   918  3670 W BackupManagerService: dataChanged but no participant pkg='baseline.com.ak.uobtimetable' uid=10710
08-06 06:25:47.656 24296 24296 I SettingsManager: Getting boolean: notifySessionRemindersEnabled
08-06 06:25:47.656 24296 24296 I SettingsManager: Getting int: notifySessionRemindersMinutes
08-06 06:25:47.656 24296 24296 I SettingsManager: Getting boolean: showHiddenSessions
08-06 06:25:47.659 24296 24296 I SessionReminderNotifier: Created session reminder alarm for f7b4771250a919bd729c1c5a4a459c77 at Mon 08:30:00 10/08/20
08-06 06:25:47.661 24296 24296 I SessionReminderNotifier: Created session reminder alarm for a7f879aabdeb78622c8820a5fb7b64cd at Tue 08:30:00 11/08/20
08-06 06:25:47.664 24296 24296 I SessionReminderNotifier: Created session reminder alarm for 7bc8d7e2c2055711f597c3d9078c6ea3 at Tue 08:30:00 11/08/20
08-06 06:25:47.666 24296 24296 I SessionReminderNotifier: Created session reminder alarm for 53c0527a6f009a1f2fd223834d3bfe51 at Tue 10:30:00 11/08/20
08-06 06:25:47.668 24296 24296 I SessionReminderNotifier: Created session reminder alarm for e0fc978b5db8218778540b4053344581 at Tue 11:00:00 11/08/20
08-06 06:25:47.669   512  2967 D audio_hw_primary: disable_audio_route: reset and update mixer path: low-latency-playback speaker
08-06 06:25:47.671   512  2967 D audio_hw_primary: disable_snd_device: snd_device(2: speaker)
08-06 06:25:47.671 24296 24296 I SessionReminderNotifier: Created session reminder alarm for 199afb0100f329ff65a09e1b0cd9deba at Tue 11:30:00 11/08/20
08-06 06:25:47.673 24296 24296 I SessionReminderNotifier: Created session reminder alarm for 21712fef61090882c855a1425543edb5 at Tue 13:30:00 11/08/20
08-06 06:25:47.675 24296 24296 I SessionReminderNotifier: Created session reminder alarm for 65ca4d97f031f29a4d02bbb45a705d8f at Wed 08:30:00 12/08/20
08-06 06:25:47.677 24296 24296 I SessionReminderNotifier: Created session reminder alarm for eeda7741b0bcab58fd9f46dc6ef1d942 at Wed 08:30:00 12/08/20
08-06 06:25:47.678   512  2967 I soundtrigger: audio_extn_sound_trigger_update_device_status: device 0x2 of type 0 for Event 0
08-06 06:25:47.679 24296 24296 I SessionReminderNotifier: Created session reminder alarm for c276c1b2075a0beb67f1b3d1e580f920 at Wed 11:00:00 12/08/20
08-06 06:25:47.680 24296 24296 I SessionReminderNotifier: Created session reminder alarm for 8b1f3627e42ae13a6f6ba0a83903dde1 at Wed 13:30:00 12/08/20
08-06 06:25:47.682 24296 24296 I SessionReminderNotifier: Created session reminder alarm for 79fe0b5c3b887a13ba29db5a33fa2800 at Thu 08:30:00 06/08/20
08-06 06:25:47.684 24296 24296 I SessionReminderNotifier: Created session reminder alarm for cb9dfc8231cdba2be0835dc5709690e1 at Thu 08:30:00 06/08/20
08-06 06:25:47.685 24296 24296 I SessionReminderNotifier: Created session reminder alarm for f850dc24d6de60b7b89fa9e1a8c224c5 at Thu 12:00:00 06/08/20
08-06 06:25:47.687 24296 24296 I SessionReminderNotifier: Created session reminder alarm for 2ba1034116e4fffdd592dbf0796a43d5 at Fri 08:30:00 07/08/20
08-06 06:25:47.687 24296 24296 I SettingsManager: Getting boolean: showHiddenSessions
08-06 06:25:47.687 24296 24296 D SessionListsFragment: 1 sessions for day 0
08-06 06:25:47.687 24296 24296 D SessionListsFragment: 6 sessions for day 1
08-06 06:25:47.687 24296 24296 D SessionListsFragment: 4 sessions for day 2
08-06 06:25:47.688 24296 24296 D SessionListsFragment: 3 sessions for day 3
08-06 06:25:47.688 24296 24296 D SessionListsFragment: 1 sessions for day 4
08-06 06:25:47.728 24296 24296 I SettingsManager: Getting boolean: showHiddenSessions
08-06 06:25:47.729 24296 24296 D SessionListsFragment: Refreshed ViewPager
08-06 06:25:47.729 24296 24296 I SettingsManager: Getting boolean: showHiddenSessions
08-06 06:25:47.729 24296 24296 I SettingsManager: Getting boolean: completedTutorial
08-06 06:25:47.729 24296 24296 I SettingsManager: Getting boolean: showHiddenSessions
08-06 06:25:47.730 24296 24296 I SettingsManager: Getting date: savedSessionsTime
08-06 06:25:47.960 24296 24315 I art     : Starting a blocking GC Explicit
08-06 06:25:48.049 24296 24315 I art     : Explicit concurrent mark sweep GC freed 103383(4MB) AllocSpace objects, 1(20KB) LOS objects, 30% free, 37MB/53MB, paused 1.312ms total 88.255ms
08-06 06:25:48.072 24296 24315 I art     : Starting a blocking GC Explicit
08-06 06:25:48.147 24296 24315 I art     : Explicit concurrent mark sweep GC freed 36646(1599KB) AllocSpace objects, 0(0B) LOS objects, 30% free, 37MB/53MB, paused 1.395ms total 74.749ms
08-06 06:25:48.169 24296 24315 I art     : Starting a blocking GC Explicit
08-06 06:25:48.246 24296 24315 I art     : Explicit concurrent mark sweep GC freed 33481(1385KB) AllocSpace objects, 0(0B) LOS objects, 30% free, 37MB/53MB, paused 1.331ms total 76.447ms
08-06 06:25:48.269 24296 24315 I art     : Starting a blocking GC Explicit
08-06 06:25:48.348 24296 24315 I art     : Explicit concurrent mark sweep GC freed 32971(1378KB) AllocSpace objects, 0(0B) LOS objects, 29% free, 37MB/53MB, paused 1.378ms total 79.309ms
08-06 06:25:48.351 13866 13882 I PeriodicStatsRunner: PeriodicStatsRunner.call():175 call()
08-06 06:25:48.351 13866 13882 I PeriodicStatsRunner: PeriodicStatsRunner.call():179 No submit PeriodicStats since input started.
08-06 06:25:48.365 13866 13882 I PeriodicStatsRunner: PeriodicStatsRunner.call():175 call()
08-06 06:25:48.365 13866 13882 I PeriodicStatsRunner: PeriodicStatsRunner.call():179 No submit PeriodicStats since input started.
08-06 06:25:48.372 24296 24315 I art     : Starting a blocking GC Explicit
08-06 06:25:48.452 24296 24315 I art     : Explicit concurrent mark sweep GC freed 33213(1364KB) AllocSpace objects, 0(0B) LOS objects, 29% free, 37MB/53MB, paused 1.385ms total 79.655ms
08-06 06:25:48.545 24296 24296 I Choreographer: Skipped 47 frames!  The application may be doing too much work on its main thread.
08-06 06:25:48.789 24296 24783 I art     : Starting a blocking GC Explicit
08-06 06:25:48.876 24296 24783 I art     : Explicit concurrent mark sweep GC freed 37146(1544KB) AllocSpace objects, 1(20KB) LOS objects, 29% free, 37MB/53MB, paused 597us total 86.180ms
08-06 06:25:48.900 24296 24783 I art     : Starting a blocking GC Explicit
08-06 06:25:48.964 24296 24783 I art     : Explicit concurrent mark sweep GC freed 122761(11MB) AllocSpace objects, 3(136KB) LOS objects, 37% free, 26MB/42MB, paused 552us total 63.569ms
08-06 06:25:48.979 24296 24783 I art     : Starting a blocking GC Explicit
08-06 06:25:49.021 24296 24783 I art     : Explicit concurrent mark sweep GC freed 3(96B) AllocSpace objects, 0(0B) LOS objects, 37% free, 26MB/42MB, paused 512us total 42.290ms
08-06 06:25:49.037 24296 24783 I art     : Starting a blocking GC Explicit
08-06 06:25:49.083 24296 24783 I art     : Explicit concurrent mark sweep GC freed 3(96B) AllocSpace objects, 0(0B) LOS objects, 37% free, 26MB/42MB, paused 528us total 45.696ms
08-06 06:25:49.099 24296 24783 I art     : Starting a blocking GC Explicit
08-06 06:25:49.144 24296 24783 I art     : Explicit concurrent mark sweep GC freed 3(96B) AllocSpace objects, 0(0B) LOS objects, 37% free, 26MB/42MB, paused 488us total 45.059ms
08-06 06:25:49.501 24296 24308 I art     : Starting a blocking GC Explicit
08-06 06:25:49.544 24296 24308 I art     : Explicit concurrent mark sweep GC freed 1433(80KB) AllocSpace objects, 1(20KB) LOS objects, 37% free, 26MB/42MB, paused 496us total 42.754ms
08-06 06:25:49.559 24296 24308 I art     : Starting a blocking GC Explicit
08-06 06:25:49.603 24296 24308 I art     : Explicit concurrent mark sweep GC freed 29(1008B) AllocSpace objects, 0(0B) LOS objects, 37% free, 26MB/42MB, paused 496us total 43.150ms
08-06 06:25:49.619 24296 24308 I art     : Starting a blocking GC Explicit
08-06 06:25:49.660 24296 24308 I art     : Explicit concurrent mark sweep GC freed 4(160B) AllocSpace objects, 0(0B) LOS objects, 37% free, 26MB/42MB, paused 519us total 41.481ms
08-06 06:25:49.676 24296 24308 I art     : Starting a blocking GC Explicit
08-06 06:25:49.722 24296 24308 I art     : Explicit concurrent mark sweep GC freed 3(96B) AllocSpace objects, 0(0B) LOS objects, 37% free, 26MB/42MB, paused 558us total 45.680ms
08-06 06:25:49.738 24296 24308 I art     : Starting a blocking GC Explicit
08-06 06:25:49.784 24296 24308 I art     : Explicit concurrent mark sweep GC freed 3(96B) AllocSpace objects, 0(0B) LOS objects, 37% free, 26MB/42MB, paused 534us total 45.560ms
08-06 06:25:50.142 24296 24315 I art     : Starting a blocking GC Explicit
08-06 06:25:50.192 24296 24315 I art     : Explicit concurrent mark sweep GC freed 1293(75KB) AllocSpace objects, 1(20KB) LOS objects, 37% free, 26MB/42MB, paused 558us total 50.015ms
08-06 06:25:50.208 24296 24315 I art     : Starting a blocking GC Explicit
08-06 06:25:50.253 24296 24315 I art     : Explicit concurrent mark sweep GC freed 18(624B) AllocSpace objects, 0(0B) LOS objects, 37% free, 26MB/42MB, paused 494us total 44.471ms
08-06 06:25:50.269 24296 24315 I art     : Starting a blocking GC Explicit
08-06 06:25:50.306 24365 12204 I NetworkScheduler.Stats: Task com.google.android.gms/com.google.android.gms.icing.service.IcingGcmTaskService started execution. cause:4 exec_start_elapsed_seconds: 1841754 [CONTEXT service_id=218 ]
08-06 06:25:50.307 24296 24315 I art     : Explicit concurrent mark sweep GC freed 3(96B) AllocSpace objects, 0(0B) LOS objects, 37% free, 26MB/42MB, paused 473us total 37.247ms
08-06 06:25:50.313 24365 31017 I NetworkScheduler.Stats: Task com.google.android.gms/com.google.android.gms.icing.service.IcingGcmTaskService finished executing. cause:4 result: 1 elapsed_millis: 30 uptime_millis: 31 exec_start_elapsed_seconds: 1841754 [CONTEXT service_id=218 ]
08-06 06:25:50.320 24296 24315 I art     : Starting a blocking GC Explicit
08-06 06:25:50.332 19440 25468 W Gcs.WfaEliRefreshTask: [28644] afk.b: NULL eligibility response.
08-06 06:25:50.332 24365 31017 I NetworkScheduler.Stats: Task com.google.android.apps.gcs/ started execution. cause:5 exec_start_elapsed_seconds: 1841754 [CONTEXT service_id=218 ]
08-06 06:25:50.334 24365 31017 I NetworkScheduler.Stats: Task com.google.android.apps.gcs/ finished executing. cause:5 result: 3 elapsed_millis: 7 uptime_millis: 6 exec_start_elapsed_seconds: 1841754 [CONTEXT service_id=218 ]
08-06 06:25:50.357 24296 24315 I art     : Explicit concurrent mark sweep GC freed 3(96B) AllocSpace objects, 0(0B) LOS objects, 37% free, 26MB/42MB, paused 504us total 36.357ms
08-06 06:25:50.371 24296 24315 I art     : Starting a blocking GC Explicit
08-06 06:25:50.411 24296 24315 I art     : Explicit concurrent mark sweep GC freed 3(96B) AllocSpace objects, 0(0B) LOS objects, 37% free, 26MB/42MB, paused 510us total 39.256ms
08-06 06:25:50.746 24296 24309 I art     : Starting a blocking GC Explicit
08-06 06:25:50.800 24296 24309 I art     : Explicit concurrent mark sweep GC freed 1293(75KB) AllocSpace objects, 1(20KB) LOS objects, 37% free, 26MB/42MB, paused 543us total 52.713ms
08-06 06:25:50.818 24296 24309 I art     : Starting a blocking GC Explicit
08-06 06:25:50.865 24296 24309 I art     : Explicit concurrent mark sweep GC freed 18(624B) AllocSpace objects, 0(0B) LOS objects, 37% free, 26MB/42MB, paused 517us total 46.636ms
08-06 06:25:50.881 24296 24309 I art     : Starting a blocking GC Explicit
08-06 06:25:50.926 24296 24309 I art     : Explicit concurrent mark sweep GC freed 3(96B) AllocSpace objects, 0(0B) LOS objects, 37% free, 26MB/42MB, paused 524us total 45.055ms
08-06 06:25:50.942 24296 24309 I art     : Starting a blocking GC Explicit
08-06 06:25:50.988 24296 24309 I art     : Explicit concurrent mark sweep GC freed 3(96B) AllocSpace objects, 0(0B) LOS objects, 37% free, 26MB/42MB, paused 626us total 45.056ms
08-06 06:25:51.003 24296 24309 I art     : Starting a blocking GC Explicit
08-06 06:25:51.050 24296 24309 I art     : Explicit concurrent mark sweep GC freed 3(96B) AllocSpace objects, 0(0B) LOS objects, 37% free, 26MB/42MB, paused 536us total 46.317ms
08-06 06:25:51.386 24296 24783 I art     : Starting a blocking GC Explicit
08-06 06:25:51.428 24296 24783 I art     : Explicit concurrent mark sweep GC freed 1317(76KB) AllocSpace objects, 1(20KB) LOS objects, 37% free, 26MB/42MB, paused 533us total 42.028ms
08-06 06:25:51.443 24296 24783 I art     : Starting a blocking GC Explicit
08-06 06:25:51.486 24296 24783 I art     : Explicit concurrent mark sweep GC freed 18(624B) AllocSpace objects, 0(0B) LOS objects, 37% free, 26MB/42MB, paused 485us total 42.141ms
08-06 06:25:51.501 24296 24783 I art     : Starting a blocking GC Explicit
08-06 06:25:51.546 24296 24783 I art     : Explicit concurrent mark sweep GC freed 3(96B) AllocSpace objects, 0(0B) LOS objects, 37% free, 26MB/42MB, paused 492us total 44.486ms
08-06 06:25:51.561 24296 24783 I art     : Starting a blocking GC Explicit
08-06 06:25:51.606 24296 24783 I art     : Explicit concurrent mark sweep GC freed 15(656B) AllocSpace objects, 0(0B) LOS objects, 37% free, 26MB/42MB, paused 605us total 44.186ms
08-06 06:25:51.622 24296 24783 I art     : Starting a blocking GC Explicit
08-06 06:25:51.663 24296 24783 I art     : Explicit concurrent mark sweep GC freed 4(160B) AllocSpace objects, 0(0B) LOS objects, 37% free, 26MB/42MB, paused 480us total 40.261ms
08-06 06:25:51.829   518   646 I ThermalEngine: ACTION: GPU - Setting GPU[0] to 510000000
08-06 06:25:51.859 25489 25489 D AndroidRuntime: >>>>>> START com.android.internal.os.RuntimeInit uid 2000 <<<<<<
08-06 06:25:51.865 25489 25489 D AndroidRuntime: CheckJNI is OFF
08-06 06:25:51.898 25489 25489 D ICU     : No timezone override file found: /data/misc/zoneinfo/current/icu/icu_tzdata.dat
08-06 06:25:51.930 25489 25489 I Radio-JNI: register_android_hardware_Radio DONE
08-06 06:25:51.952 25489 25489 D AndroidRuntime: Calling main entry com.android.commands.input.Input
08-06 06:25:51.954 25489 25489 I Input   : injectMotionEvent: MotionEvent { action=ACTION_DOWN, actionButton=0, id[0]=0, x[0]=81.0, y[0]=176.0, toolType[0]=TOOL_TYPE_UNKNOWN, buttonState=0, metaState=0, flags=0x0, edgeFlags=0x0, pointerCount=1, historySize=0, eventTime=858368367, downTime=858368367, deviceId=0, source=0x1002 }
08-06 06:25:51.958 25489 25489 I Input   : injectMotionEvent: MotionEvent { action=ACTION_UP, actionButton=0, id[0]=0, x[0]=81.0, y[0]=176.0, toolType[0]=TOOL_TYPE_UNKNOWN, buttonState=0, metaState=0, flags=0x0, edgeFlags=0x0, pointerCount=1, historySize=0, eventTime=858368367, downTime=858368367, deviceId=0, source=0x1002 }
08-06 06:25:51.961 25489 25489 D AndroidRuntime: Shutting down VM
08-06 06:25:51.969 24296 24309 I art     : Starting a blocking GC Explicit
08-06 06:25:51.973   512  2967 D audio_hw_primary: out_set_parameters: enter: usecase(1: low-latency-playback) kvpairs: routing=2
08-06 06:25:51.987   512  2967 D audio_hw_primary: select_devices: out_snd_device(2: speaker) in_snd_device(0: none)
08-06 06:25:51.987   512  2967 D msm8974_platform: platform_send_audio_calibration: sending audio calibration for snd_device(2) acdb_id(15)
08-06 06:25:51.987   512  2967 I soundtrigger: audio_extn_sound_trigger_update_device_status: device 0x2 of type 0 for Event 1
08-06 06:25:52.000   512  2967 D audio_hw_primary: enable_snd_device: snd_device(2: speaker)
08-06 06:25:52.002   512  2967 D audio_hw_primary: enable_audio_route: apply and update mixer path: low-latency-playback speaker
08-06 06:25:52.007 13866 13866 I GoogleInputMethodServic: GoogleInputMethodService.onFinishInput():3138 
08-06 06:25:52.008 13866 13866 I GoogleInputMethodServic: GoogleInputMethodService.onStartInput():1808 
08-06 06:25:52.011 24296 24309 I art     : Explicit concurrent mark sweep GC freed 1416(79KB) AllocSpace objects, 1(20KB) LOS objects, 37% free, 26MB/42MB, paused 455us total 41.763ms
08-06 06:25:52.023 24296 24309 I art     : Starting a blocking GC Explicit
08-06 06:25:52.053 24296 24309 I art     : Explicit concurrent mark sweep GC freed 270(15KB) AllocSpace objects, 0(0B) LOS objects, 37% free, 26MB/42MB, paused 347us total 29.385ms
08-06 06:25:52.065 24296 24309 I art     : Starting a blocking GC Explicit
08-06 06:25:52.096 24296 24309 I art     : Explicit concurrent mark sweep GC freed 280(15KB) AllocSpace objects, 0(0B) LOS objects, 37% free, 26MB/42MB, paused 336us total 30.935ms
08-06 06:25:52.108 24296 24309 I art     : Starting a blocking GC Explicit
08-06 06:25:52.139 24296 24309 I art     : Explicit concurrent mark sweep GC freed 7(384B) AllocSpace objects, 0(0B) LOS objects, 37% free, 26MB/42MB, paused 469us total 31.092ms
08-06 06:25:52.151 24296 24309 I art     : Starting a blocking GC Explicit
08-06 06:25:52.186 24296 24309 I art     : Explicit concurrent mark sweep GC freed 3(96B) AllocSpace objects, 0(0B) LOS objects, 37% free, 26MB/42MB, paused 369us total 34.632ms
08-06 06:25:52.429 13866 13882 I PeriodicStatsRunner: PeriodicStatsRunner.call():175 call()
08-06 06:25:52.430 13866 13882 I PeriodicStatsRunner: PeriodicStatsRunner.call():179 No submit PeriodicStats since input started.
08-06 06:25:52.466 24296 24315 I art     : Starting a blocking GC Explicit
08-06 06:25:52.501 24296 24315 I art     : Explicit concurrent mark sweep GC freed 1298(75KB) AllocSpace objects, 1(20KB) LOS objects, 37% free, 26MB/42MB, paused 367us total 34.639ms
08-06 06:25:52.514 24296 24315 I art     : Starting a blocking GC Explicit
08-06 06:25:52.547 24296 24315 I art     : Explicit concurrent mark sweep GC freed 26(880B) AllocSpace objects, 0(0B) LOS objects, 37% free, 26MB/42MB, paused 418us total 32.766ms
08-06 06:25:52.551   512  2967 D audio_hw_primary: disable_audio_route: reset and update mixer path: low-latency-playback speaker
08-06 06:25:52.552   512  2967 D audio_hw_primary: disable_snd_device: snd_device(2: speaker)
08-06 06:25:52.559 24296 24315 I art     : Starting a blocking GC Explicit
08-06 06:25:52.560   512  2967 I soundtrigger: audio_extn_sound_trigger_update_device_status: device 0x2 of type 0 for Event 0
08-06 06:25:52.591 24296 24315 I art     : Explicit concurrent mark sweep GC freed 3(96B) AllocSpace objects, 0(0B) LOS objects, 37% free, 26MB/42MB, paused 358us total 31.668ms
08-06 06:25:52.603 24296 24315 I art     : Starting a blocking GC Explicit
08-06 06:25:52.635 24296 24315 I art     : Explicit concurrent mark sweep GC freed 3(96B) AllocSpace objects, 0(0B) LOS objects, 37% free, 26MB/42MB, paused 347us total 32.197ms
08-06 06:25:52.647 24296 24315 I art     : Starting a blocking GC Explicit
08-06 06:25:52.679 24296 24315 I art     : Explicit concurrent mark sweep GC freed 3(96B) AllocSpace objects, 0(0B) LOS objects, 37% free, 26MB/42MB, paused 360us total 31.900ms
08-06 06:25:52.983 24296 24783 I art     : Starting a blocking GC Explicit
08-06 06:25:53.028 24296 24783 I art     : Explicit concurrent mark sweep GC freed 1295(75KB) AllocSpace objects, 1(20KB) LOS objects, 37% free, 26MB/42MB, paused 400us total 44.620ms
08-06 06:25:53.045 24296 24783 I art     : Starting a blocking GC Explicit
08-06 06:25:53.080 24296 24783 I art     : Explicit concurrent mark sweep GC freed 18(624B) AllocSpace objects, 0(0B) LOS objects, 37% free, 26MB/42MB, paused 383us total 34.829ms
08-06 06:25:53.092 24296 24783 I art     : Starting a blocking GC Explicit
08-06 06:25:53.127 24296 24783 I art     : Explicit concurrent mark sweep GC freed 3(96B) AllocSpace objects, 0(0B) LOS objects, 37% free, 26MB/42MB, paused 370us total 34.654ms
08-06 06:25:53.139 24296 24783 I art     : Starting a blocking GC Explicit
08-06 06:25:53.174 24296 24783 I art     : Explicit concurrent mark sweep GC freed 3(96B) AllocSpace objects, 0(0B) LOS objects, 37% free, 26MB/42MB, paused 329us total 34.108ms
08-06 06:25:53.186 24296 24783 I art     : Starting a blocking GC Explicit
08-06 06:25:53.219 24296 24783 I art     : Explicit concurrent mark sweep GC freed 3(96B) AllocSpace objects, 0(0B) LOS objects, 37% free, 26MB/42MB, paused 368us total 32.823ms
08-06 06:25:53.511 24296 24308 I art     : Starting a blocking GC Explicit
08-06 06:25:53.550 24296 24308 I art     : Explicit concurrent mark sweep GC freed 1293(75KB) AllocSpace objects, 1(20KB) LOS objects, 37% free, 26MB/42MB, paused 378us total 38.776ms
08-06 06:25:53.563 24296 24308 I art     : Starting a blocking GC Explicit
08-06 06:25:53.595 24296 24308 I art     : Explicit concurrent mark sweep GC freed 18(624B) AllocSpace objects, 0(0B) LOS objects, 37% free, 26MB/42MB, paused 359us total 31.790ms
08-06 06:25:53.607 24296 24308 I art     : Starting a blocking GC Explicit
08-06 06:25:53.614 25533 25533 D AndroidRuntime: >>>>>> START com.android.internal.os.RuntimeInit uid 2000 <<<<<<
08-06 06:25:53.619 25533 25533 D AndroidRuntime: CheckJNI is OFF
08-06 06:25:53.641 24296 24308 I art     : Explicit concurrent mark sweep GC freed 6(192B) AllocSpace objects, 0(0B) LOS objects, 37% free, 26MB/42MB, paused 499us total 34.121ms
08-06 06:25:53.653 24296 24308 I art     : Starting a blocking GC Explicit
08-06 06:25:53.657 25533 25533 D ICU     : No timezone override file found: /data/misc/zoneinfo/current/icu/icu_tzdata.dat
08-06 06:25:53.684 24296 24308 I art     : Explicit concurrent mark sweep GC freed 8(256B) AllocSpace objects, 0(0B) LOS objects, 37% free, 26MB/42MB, paused 345us total 29.777ms
08-06 06:25:53.690 25533 25533 I Radio-JNI: register_android_hardware_Radio DONE
08-06 06:25:53.695 24296 24308 I art     : Starting a blocking GC Explicit
08-06 06:25:53.711 25533 25533 D AndroidRuntime: Calling main entry com.android.commands.input.Input
08-06 06:25:53.713 25533 25533 I Input   : injectMotionEvent: MotionEvent { action=ACTION_DOWN, actionButton=0, id[0]=0, x[0]=436.0, y[0]=1770.0, toolType[0]=TOOL_TYPE_UNKNOWN, buttonState=0, metaState=0, flags=0x0, edgeFlags=0x0, pointerCount=1, historySize=0, eventTime=858370125, downTime=858370125, deviceId=0, source=0x1002 }
08-06 06:25:53.717 25533 25533 I Input   : injectMotionEvent: MotionEvent { action=ACTION_UP, actionButton=0, id[0]=0, x[0]=436.0, y[0]=1770.0, toolType[0]=TOOL_TYPE_UNKNOWN, buttonState=0, metaState=0, flags=0x0, edgeFlags=0x0, pointerCount=1, historySize=0, eventTime=858370125, downTime=858370125, deviceId=0, source=0x1002 }
08-06 06:25:53.719 25533 25533 D AndroidRuntime: Shutting down VM
08-06 06:25:53.725 24296 24308 I art     : Explicit concurrent mark sweep GC freed 15(592B) AllocSpace objects, 0(0B) LOS objects, 37% free, 26MB/42MB, paused 442us total 29.065ms
08-06 06:25:53.726 24296 24296 D MainActivity: NavigationItemSelected: Courses
08-06 06:25:53.728   512  2967 D audio_hw_primary: out_set_parameters: enter: usecase(1: low-latency-playback) kvpairs: routing=2
08-06 06:25:53.729   918   928 I ActivityManager: START u0 {cmp=baseline.com.ak.uobtimetable/.CourseListActivity} from uid 10710 on display 0
08-06 06:25:53.741   512  2967 D audio_hw_primary: select_devices: out_snd_device(2: speaker) in_snd_device(0: none)
08-06 06:25:53.741   512  2967 D msm8974_platform: platform_send_audio_calibration: sending audio calibration for snd_device(2) acdb_id(15)
08-06 06:25:53.741   512  2967 I soundtrigger: audio_extn_sound_trigger_update_device_status: device 0x2 of type 0 for Event 1
08-06 06:25:53.748 24296 24296 D MainActivity: OnPause
08-06 06:25:53.753   512  2967 D audio_hw_primary: enable_snd_device: snd_device(2: speaker)
08-06 06:25:53.755   512  2967 D audio_hw_primary: enable_audio_route: apply and update mixer path: low-latency-playback speaker
08-06 06:25:53.776 24296 24296 D CourseListActivity: onCreate
08-06 06:25:53.778 24296 25556 D HTTP    : Request for: https://uob-timetable-api.adriankeenan.co.uk/courses
08-06 06:25:53.852   918   936 I ActivityManager: Displayed baseline.com.ak.uobtimetable/.CourseListActivity: +103ms
08-06 06:25:53.852 13866 13866 I GoogleInputMethodServic: GoogleInputMethodService.onFinishInput():3138 
08-06 06:25:53.853 13866 13866 I GoogleInputMethodServic: GoogleInputMethodService.onStartInput():1808 
08-06 06:25:53.982 24296 25556 I NAPPA_EXPERIMENTATION: MetricNetworkRequestExecutionTime: REQUEST_DURATION_SYSTEM='204',REQUEST_DURATION_OKHTTP='34',REQUEST_SYNCHRONOUS='TRUE',RESPONSE_CODE='200',RESPONSE_METHOD='GET',RESPONSE_LENGTH_OKHTTP='-1',RESPONSE_LENGTH_HEADER='-2',REQUEST_PROTOCOL='http/1.1',REQUEST_URL='https://uob-timetable-api.adriankeenan.co.uk/courses',
08-06 06:25:53.984 24296 24309 I art     : Starting a blocking GC Explicit
08-06 06:25:54.022 24296 24309 I art     : Explicit concurrent mark sweep GC freed 6529(362KB) AllocSpace objects, 4(220KB) LOS objects, 36% free, 28MB/44MB, paused 445us total 37.496ms
08-06 06:25:54.037 24296 24309 I art     : Starting a blocking GC Explicit
08-06 06:25:54.073 24296 24309 I art     : Explicit concurrent mark sweep GC freed 1580(153KB) AllocSpace objects, 0(0B) LOS objects, 33% free, 31MB/47MB, paused 450us total 35.233ms
08-06 06:25:54.085 24296 24309 I art     : Starting a blocking GC Explicit
08-06 06:25:54.120 24296 24309 I art     : Explicit concurrent mark sweep GC freed 33(1248B) AllocSpace objects, 0(0B) LOS objects, 31% free, 34MB/50MB, paused 394us total 34.446ms
08-06 06:25:54.132 24296 24309 I art     : Starting a blocking GC Explicit
08-06 06:25:54.161 24296 24309 I art     : Explicit concurrent mark sweep GC freed 33(1248B) AllocSpace objects, 0(0B) LOS objects, 30% free, 36MB/52MB, paused 369us total 28.915ms
08-06 06:25:54.172 24296 24309 I art     : Starting a blocking GC Explicit
08-06 06:25:54.206 24296 24309 I art     : Explicit concurrent mark sweep GC freed 1921(11MB) AllocSpace objects, 0(0B) LOS objects, 24% free, 48MB/64MB, paused 431us total 32.955ms
08-06 06:25:54.241 24296 24296 D MainActivity: Saving state
08-06 06:25:54.242 24296 24296 D MainActivity: Saving current fragment: SessionListsFragment
08-06 06:25:54.242 24296 24296 D MainActivity: Saving current index: 3
08-06 06:25:54.242 24296 24296 D SessionListsFragment: Saving state
08-06 06:25:54.288   512  2967 D audio_hw_primary: disable_audio_route: reset and update mixer path: low-latency-playback speaker
08-06 06:25:54.289   512  2967 D audio_hw_primary: disable_snd_device: snd_device(2: speaker)
08-06 06:25:54.296   512  2967 I soundtrigger: audio_extn_sound_trigger_update_device_status: device 0x2 of type 0 for Event 0
08-06 06:25:54.367 24296 25556 I HTTP    : Response was compressed.
08-06 06:25:54.495 24296 24309 I art     : Starting a blocking GC Explicit
08-06 06:25:54.531 24296 24309 I art     : Explicit concurrent mark sweep GC freed 36290(1726KB) AllocSpace objects, 0(0B) LOS objects, 27% free, 42MB/58MB, paused 599us total 35.267ms
08-06 06:25:54.542 24296 24309 I art     : Starting a blocking GC Explicit
08-06 06:25:54.578 24296 24309 I art     : Explicit concurrent mark sweep GC freed 26812(1263KB) AllocSpace objects, 0(0B) LOS objects, 27% free, 42MB/58MB, paused 681us total 35.836ms
08-06 06:25:54.578 24296 24307 I art     : WaitForGcToComplete blocked for 34.579ms for cause HeapTrim
08-06 06:25:54.590 24296 24309 I art     : Starting a blocking GC Explicit
08-06 06:25:54.628 24296 24309 I art     : Explicit concurrent mark sweep GC freed 27165(1274KB) AllocSpace objects, 0(0B) LOS objects, 27% free, 42MB/58MB, paused 783us total 37.844ms
08-06 06:25:54.640 24296 24309 I art     : Starting a blocking GC Explicit
08-06 06:25:54.678 24296 24309 I art     : Explicit concurrent mark sweep GC freed 27152(1282KB) AllocSpace objects, 0(0B) LOS objects, 27% free, 42MB/58MB, paused 825us total 37.859ms
08-06 06:25:54.690 24296 24309 I art     : Starting a blocking GC Explicit
08-06 06:25:54.729 24296 24309 I art     : Explicit concurrent mark sweep GC freed 27892(1298KB) AllocSpace objects, 0(0B) LOS objects, 27% free, 42MB/58MB, paused 666us total 38.798ms
08-06 06:25:54.894 19469 19469 I ServiceManager: Waiting for service AtCmdFwd...
08-06 06:25:55.019 24296 24783 I art     : Starting a blocking GC Explicit
08-06 06:25:55.081 24296 24783 I art     : Explicit concurrent mark sweep GC freed 180479(8MB) AllocSpace objects, 1(20KB) LOS objects, 26% free, 44MB/60MB, paused 642us total 61.722ms
08-06 06:25:55.097 24296 24783 I art     : Starting a blocking GC Explicit
08-06 06:25:55.138 24296 24783 I art     : Explicit concurrent mark sweep GC freed 36704(1725KB) AllocSpace objects, 0(0B) LOS objects, 26% free, 44MB/60MB, paused 742us total 40.395ms
08-06 06:25:55.152 24296 24783 I art     : Starting a blocking GC Explicit
08-06 06:25:55.194 24296 24783 I art     : Explicit concurrent mark sweep GC freed 30538(1437KB) AllocSpace objects, 0(0B) LOS objects, 26% free, 44MB/60MB, paused 809us total 41.703ms
08-06 06:25:55.208 24296 24783 I art     : Starting a blocking GC Explicit
08-06 06:25:55.252 24296 24783 I art     : Explicit concurrent mark sweep GC freed 31200(1483KB) AllocSpace objects, 0(0B) LOS objects, 26% free, 45MB/61MB, paused 907us total 44.710ms
08-06 06:25:55.266 24296 24783 I art     : Starting a blocking GC Explicit
08-06 06:25:55.310 24296 24783 I art     : Explicit concurrent mark sweep GC freed 31495(1476KB) AllocSpace objects, 0(0B) LOS objects, 26% free, 45MB/61MB, paused 880us total 44.042ms
08-06 06:25:55.600 24296 24309 I art     : Starting a blocking GC Explicit
08-06 06:25:55.664 24296 24309 I art     : Explicit concurrent mark sweep GC freed 183793(8MB) AllocSpace objects, 1(20KB) LOS objects, 25% free, 46MB/62MB, paused 894us total 63.858ms
08-06 06:25:55.680 24296 24309 I art     : Starting a blocking GC Explicit
08-06 06:25:55.727 24296 24309 I art     : Explicit concurrent mark sweep GC freed 40110(1874KB) AllocSpace objects, 0(0B) LOS objects, 25% free, 46MB/62MB, paused 862us total 45.984ms
08-06 06:25:55.742 24296 24309 I art     : Starting a blocking GC Explicit
08-06 06:25:55.792 24296 24309 I art     : Explicit concurrent mark sweep GC freed 35040(1642KB) AllocSpace objects, 0(0B) LOS objects, 25% free, 47MB/63MB, paused 1.016ms total 49.843ms
08-06 06:25:55.807 24296 24309 I art     : Starting a blocking GC Explicit
08-06 06:25:55.839   518   646 I ThermalEngine: ACTION: GPU - Setting GPU[0] to 450000000
08-06 06:25:55.863 24296 24309 I art     : Explicit concurrent mark sweep GC freed 35998(1690KB) AllocSpace objects, 0(0B) LOS objects, 25% free, 47MB/63MB, paused 1.324ms total 55.483ms
08-06 06:25:55.882 24296 24309 I art     : Starting a blocking GC Explicit
08-06 06:25:55.894 19469 19469 I ServiceManager: Waiting for service AtCmdFwd...
08-06 06:25:55.947 24296 24309 I art     : Explicit concurrent mark sweep GC freed 43960(2MB) AllocSpace objects, 0(0B) LOS objects, 25% free, 47MB/63MB, paused 1.439ms total 64.760ms
08-06 06:25:56.264 24296 24309 I art     : Starting a blocking GC Explicit
08-06 06:25:56.277   918  1210 D NetlinkSocketObserver: NeighborEvent{elapsedMs=1841760152, 192.168.2.254, [7C3953A63323], RTM_NEWNEIGH, NUD_PROBE}
08-06 06:25:56.352 24296 24309 I art     : Explicit concurrent mark sweep GC freed 206070(9MB) AllocSpace objects, 1(20KB) LOS objects, 24% free, 49MB/65MB, paused 1.173ms total 87.407ms
08-06 06:25:56.374 24296 24309 I art     : Starting a blocking GC Explicit
08-06 06:25:56.443 24296 24309 I art     : Explicit concurrent mark sweep GC freed 56066(2MB) AllocSpace objects, 0(0B) LOS objects, 24% free, 49MB/65MB, paused 1.311ms total 68.468ms
08-06 06:25:56.463 24296 24309 I art     : Starting a blocking GC Explicit
08-06 06:25:56.507   918  3261 D WifiStateMachine: starting scan for "H369AA63323"WPA_PSK with 2412,5180
08-06 06:25:56.534 24296 24309 I art     : Explicit concurrent mark sweep GC freed 49429(2MB) AllocSpace objects, 0(0B) LOS objects, 24% free, 50MB/66MB, paused 1.397ms total 70.484ms
08-06 06:25:56.555 24296 24309 I art     : Starting a blocking GC Explicit
08-06 06:25:56.626 24296 24309 I art     : Explicit concurrent mark sweep GC freed 48834(2MB) AllocSpace objects, 0(0B) LOS objects, 24% free, 50MB/66MB, paused 1.570ms total 70.381ms
08-06 06:25:56.647 24296 24309 I art     : Starting a blocking GC Explicit
08-06 06:25:56.719 24296 24309 I art     : Explicit concurrent mark sweep GC freed 49925(2MB) AllocSpace objects, 0(0B) LOS objects, 23% free, 50MB/66MB, paused 1.339ms total 72.086ms
08-06 06:25:56.895 19469 19469 I ServiceManager: Waiting for service AtCmdFwd...
08-06 06:25:57.008 13866 13882 I PeriodicStatsRunner: PeriodicStatsRunner.call():175 call()
08-06 06:25:57.012 13866 13882 I PeriodicStatsRunner: PeriodicStatsRunner.call():179 No submit PeriodicStats since input started.
08-06 06:25:57.034 24296 24308 I art     : Starting a blocking GC Explicit
08-06 06:25:57.132 24296 24308 I art     : Explicit concurrent mark sweep GC freed 210062(9MB) AllocSpace objects, 1(20KB) LOS objects, 23% free, 52MB/68MB, paused 1.378ms total 98.259ms
08-06 06:25:57.155 24296 24308 I art     : Starting a blocking GC Explicit
08-06 06:25:57.169 24296 25556 I Service : getCourses response time: 0.69
08-06 06:25:57.178 24296 24296 I SettingsManager: Getting string: savedCourse
08-06 06:25:57.226 24296 24308 I art     : Explicit concurrent mark sweep GC freed 31825(1543KB) AllocSpace objects, 0(0B) LOS objects, 23% free, 52MB/68MB, paused 988us total 70.376ms
08-06 06:25:57.248 24296 24308 I art     : Starting a blocking GC Explicit
08-06 06:25:57.321 24296 24308 I art     : Explicit concurrent mark sweep GC freed 968(43KB) AllocSpace objects, 1(14MB) LOS objects, 29% free, 37MB/53MB, paused 664us total 72.206ms
08-06 06:25:57.344 24296 24308 I art     : Starting a blocking GC Explicit
08-06 06:25:57.426 24296 24308 I art     : Explicit concurrent mark sweep GC freed 277(14KB) AllocSpace objects, 0(0B) LOS objects, 29% free, 37MB/53MB, paused 541us total 81.319ms
08-06 06:25:57.451 24296 24308 I art     : Starting a blocking GC Explicit
08-06 06:25:57.533 24296 24308 I art     : Explicit concurrent mark sweep GC freed 575(54KB) AllocSpace objects, 0(0B) LOS objects, 29% free, 37MB/53MB, paused 545us total 81.466ms
08-06 06:25:57.896 19469 19469 I ServiceManager: Waiting for service AtCmdFwd...
08-06 06:25:57.897 24296 24315 I art     : Starting a blocking GC Explicit
08-06 06:25:57.991 24296 24315 I art     : Explicit concurrent mark sweep GC freed 1293(75KB) AllocSpace objects, 1(20KB) LOS objects, 29% free, 37MB/53MB, paused 548us total 94.444ms
08-06 06:25:58.017 24296 24315 I art     : Starting a blocking GC Explicit
08-06 06:25:58.101 24296 24315 I art     : Explicit concurrent mark sweep GC freed 18(624B) AllocSpace objects, 0(0B) LOS objects, 29% free, 37MB/53MB, paused 554us total 83.942ms
08-06 06:25:58.127 24296 24315 I art     : Starting a blocking GC Explicit
08-06 06:25:58.210 24296 24315 I art     : Explicit concurrent mark sweep GC freed 3(96B) AllocSpace objects, 0(0B) LOS objects, 29% free, 37MB/53MB, paused 536us total 83.180ms
08-06 06:25:58.235 24296 24315 I art     : Starting a blocking GC Explicit
08-06 06:25:58.320 24296 24315 I art     : Explicit concurrent mark sweep GC freed 3(96B) AllocSpace objects, 0(0B) LOS objects, 29% free, 37MB/53MB, paused 552us total 84.008ms
08-06 06:25:58.344 24296 24315 I art     : Starting a blocking GC Explicit
08-06 06:25:58.428 24296 24315 I art     : Explicit concurrent mark sweep GC freed 3(96B) AllocSpace objects, 0(0B) LOS objects, 29% free, 37MB/53MB, paused 624us total 83.251ms
08-06 06:25:58.791 24296 24783 I art     : Starting a blocking GC Explicit
08-06 06:25:58.853 13866 13882 I PeriodicStatsRunner: PeriodicStatsRunner.call():175 call()
08-06 06:25:58.853 13866 13882 I PeriodicStatsRunner: PeriodicStatsRunner.call():179 No submit PeriodicStats since input started.
08-06 06:25:58.879 24296 24783 I art     : Explicit concurrent mark sweep GC freed 1295(75KB) AllocSpace objects, 1(20KB) LOS objects, 29% free, 37MB/53MB, paused 546us total 88.125ms
08-06 06:25:58.896 19469 19469 I ServiceManager: Waiting for service AtCmdFwd...
08-06 06:25:58.903 24296 24783 I art     : Starting a blocking GC Explicit
08-06 06:25:58.978 24296 24783 I art     : Explicit concurrent mark sweep GC freed 19(688B) AllocSpace objects, 0(0B) LOS objects, 29% free, 37MB/53MB, paused 721us total 74.185ms
08-06 06:25:59.003 24296 24783 I art     : Starting a blocking GC Explicit
08-06 06:25:59.087 24296 24783 I art     : Explicit concurrent mark sweep GC freed 3(96B) AllocSpace objects, 0(0B) LOS objects, 29% free, 37MB/53MB, paused 547us total 83.511ms
08-06 06:25:59.113 24296 24783 I art     : Starting a blocking GC Explicit
08-06 06:25:59.192 24296 24783 I art     : Explicit concurrent mark sweep GC freed 3(96B) AllocSpace objects, 0(0B) LOS objects, 29% free, 37MB/53MB, paused 510us total 78.569ms
08-06 06:25:59.217 24296 24783 I art     : Starting a blocking GC Explicit
08-06 06:25:59.302 24296 24783 I art     : Explicit concurrent mark sweep GC freed 3(96B) AllocSpace objects, 0(0B) LOS objects, 29% free, 37MB/53MB, paused 528us total 84.788ms
08-06 06:25:59.673 24296 24308 I art     : Starting a blocking GC Explicit
08-06 06:25:59.781 24296 24308 I art     : Explicit concurrent mark sweep GC freed 1293(75KB) AllocSpace objects, 1(20KB) LOS objects, 29% free, 37MB/53MB, paused 587us total 107.387ms
08-06 06:25:59.810 24296 24308 I art     : Starting a blocking GC Explicit
08-06 06:25:59.893 24296 24308 I art     : Explicit concurrent mark sweep GC freed 18(624B) AllocSpace objects, 0(0B) LOS objects, 29% free, 37MB/53MB, paused 549us total 82.856ms
08-06 06:25:59.896 19469 19469 W Atfwd_Sendcmd: AtCmdFwd service not published, waiting... retryCnt : 4
08-06 06:25:59.919 24296 24308 I art     : Starting a blocking GC Explicit
08-06 06:25:59.996 24296 24308 I art     : Explicit concurrent mark sweep GC freed 3(96B) AllocSpace objects, 0(0B) LOS objects, 29% free, 37MB/53MB, paused 515us total 76.863ms
08-06 06:26:00.019 24296 24308 I art     : Starting a blocking GC Explicit
08-06 06:26:00.083 24296 24308 I art     : Explicit concurrent mark sweep GC freed 3(96B) AllocSpace objects, 0(0B) LOS objects, 29% free, 37MB/53MB, paused 485us total 63.544ms
08-06 06:26:00.105 24296 24308 I art     : Starting a blocking GC Explicit
08-06 06:26:00.173 24296 24308 I art     : Explicit concurrent mark sweep GC freed 3(96B) AllocSpace objects, 0(0B) LOS objects, 29% free, 37MB/53MB, paused 523us total 68.120ms
08-06 06:26:00.487 24296 24315 I art     : Starting a blocking GC Explicit
08-06 06:26:00.494 25650 25650 D AndroidRuntime: >>>>>> START com.android.internal.os.RuntimeInit uid 2000 <<<<<<
08-06 06:26:00.501 25650 25650 D AndroidRuntime: CheckJNI is OFF
08-06 06:26:00.546 25650 25650 D ICU     : No timezone override file found: /data/misc/zoneinfo/current/icu/icu_tzdata.dat
08-06 06:26:00.569 24296 24315 I art     : Explicit concurrent mark sweep GC freed 1293(75KB) AllocSpace objects, 1(20KB) LOS objects, 29% free, 37MB/53MB, paused 565us total 81.699ms
08-06 06:26:00.594 24296 24315 I art     : Starting a blocking GC Explicit
08-06 06:26:00.594 25650 25650 I Radio-JNI: register_android_hardware_Radio DONE
08-06 06:26:00.624 25650 25650 D AndroidRuntime: Calling main entry com.android.commands.input.Input
08-06 06:26:00.627 25650 25650 I Input   : injectMotionEvent: MotionEvent { action=ACTION_DOWN, actionButton=0, id[0]=0, x[0]=648.0, y[0]=709.0, toolType[0]=TOOL_TYPE_UNKNOWN, buttonState=0, metaState=0, flags=0x0, edgeFlags=0x0, pointerCount=1, historySize=0, eventTime=858377039, downTime=858377039, deviceId=0, source=0x1002 }
08-06 06:26:00.634 25650 25650 I Input   : injectMotionEvent: MotionEvent { action=ACTION_UP, actionButton=0, id[0]=0, x[0]=648.0, y[0]=709.0, toolType[0]=TOOL_TYPE_UNKNOWN, buttonState=0, metaState=0, flags=0x0, edgeFlags=0x0, pointerCount=1, historySize=0, eventTime=858377039, downTime=858377039, deviceId=0, source=0x1002 }
08-06 06:26:00.635 25650 25650 D AndroidRuntime: Shutting down VM
08-06 06:26:00.672 24296 24315 I art     : Explicit concurrent mark sweep GC freed 34(1248B) AllocSpace objects, 0(0B) LOS objects, 29% free, 37MB/53MB, paused 510us total 77.631ms
08-06 06:26:00.695 24296 24315 I art     : Starting a blocking GC Explicit
08-06 06:26:00.701   512  2967 D audio_hw_primary: out_set_parameters: enter: usecase(1: low-latency-playback) kvpairs: routing=2
08-06 06:26:00.715   512  2967 D audio_hw_primary: select_devices: out_snd_device(2: speaker) in_snd_device(0: none)
08-06 06:26:00.715   512  2967 D msm8974_platform: platform_send_audio_calibration: sending audio calibration for snd_device(2) acdb_id(15)
08-06 06:26:00.715   512  2967 I soundtrigger: audio_extn_sound_trigger_update_device_status: device 0x2 of type 0 for Event 1
08-06 06:26:00.725   512  2967 D audio_hw_primary: enable_snd_device: snd_device(2: speaker)
08-06 06:26:00.728   512  2967 D audio_hw_primary: enable_audio_route: apply and update mixer path: low-latency-playback speaker
08-06 06:26:00.766 24296 24315 I art     : Explicit concurrent mark sweep GC freed 673(48KB) AllocSpace objects, 1(20KB) LOS objects, 29% free, 37MB/53MB, paused 611us total 70.668ms
08-06 06:26:00.789 24296 24315 I art     : Starting a blocking GC Explicit
08-06 06:26:00.845   518   646 I ThermalEngine: ACTION: GPU - Setting GPU[0] to 510000000
08-06 06:26:00.860 24296 24315 I art     : Explicit concurrent mark sweep GC freed 173(12KB) AllocSpace objects, 0(0B) LOS objects, 29% free, 37MB/53MB, paused 495us total 71.210ms
08-06 06:26:00.884 24296 24315 I art     : Starting a blocking GC Explicit
08-06 06:26:00.948 24296 24315 I art     : Explicit concurrent mark sweep GC freed 43(1840B) AllocSpace objects, 0(0B) LOS objects, 29% free, 37MB/53MB, paused 721us total 63.664ms
08-06 06:26:01.260   512  2967 D audio_hw_primary: disable_audio_route: reset and update mixer path: low-latency-playback speaker
08-06 06:26:01.262   512  2967 D audio_hw_primary: disable_snd_device: snd_device(2: speaker)
08-06 06:26:01.271   512  2967 I soundtrigger: audio_extn_sound_trigger_update_device_status: device 0x2 of type 0 for Event 0
08-06 06:26:01.276 24296 24783 I art     : Starting a blocking GC Explicit
08-06 06:26:01.357 24296 24783 I art     : Explicit concurrent mark sweep GC freed 1296(75KB) AllocSpace objects, 1(20KB) LOS objects, 29% free, 37MB/53MB, paused 437us total 80.699ms
08-06 06:26:01.383 24296 24783 I art     : Starting a blocking GC Explicit
08-06 06:26:01.460 24296 24783 I art     : Explicit concurrent mark sweep GC freed 26(880B) AllocSpace objects, 0(0B) LOS objects, 29% free, 37MB/53MB, paused 417us total 76.822ms
08-06 06:26:01.485 24296 24783 I art     : Starting a blocking GC Explicit
08-06 06:26:01.551 24296 24783 I art     : Explicit concurrent mark sweep GC freed 3(96B) AllocSpace objects, 0(0B) LOS objects, 29% free, 37MB/53MB, paused 370us total 65.485ms
08-06 06:26:01.570 24296 24783 I art     : Starting a blocking GC Explicit
08-06 06:26:01.631 24296 24783 I art     : Explicit concurrent mark sweep GC freed 5(160B) AllocSpace objects, 0(0B) LOS objects, 29% free, 37MB/53MB, paused 414us total 60.314ms
08-06 06:26:01.652 24296 24783 I art     : Starting a blocking GC Explicit
08-06 06:26:01.716 24296 24783 I art     : Explicit concurrent mark sweep GC freed 3(96B) AllocSpace objects, 0(0B) LOS objects, 29% free, 37MB/53MB, paused 409us total 63.960ms
08-06 06:26:01.852   518   646 I ThermalEngine: ACTION: GPU - Setting GPU[0] to 450000000
08-06 06:26:02.032 24296 24309 I art     : Starting a blocking GC Explicit
08-06 06:26:02.120 24296 24309 I art     : Explicit concurrent mark sweep GC freed 1293(75KB) AllocSpace objects, 1(20KB) LOS objects, 29% free, 37MB/53MB, paused 550us total 87.469ms
08-06 06:26:02.144 24296 24309 I art     : Starting a blocking GC Explicit
08-06 06:26:02.218 24296 24309 I art     : Explicit concurrent mark sweep GC freed 18(624B) AllocSpace objects, 0(0B) LOS objects, 29% free, 37MB/53MB, paused 582us total 73.670ms
08-06 06:26:02.243 24296 24309 I art     : Starting a blocking GC Explicit
08-06 06:26:02.317 24296 24309 I art     : Explicit concurrent mark sweep GC freed 3(96B) AllocSpace objects, 0(0B) LOS objects, 29% free, 37MB/53MB, paused 603us total 74.283ms
08-06 06:26:02.343 24296 24309 I art     : Starting a blocking GC Explicit
08-06 06:26:02.421 24296 24309 I art     : Explicit concurrent mark sweep GC freed 12(384B) AllocSpace objects, 0(0B) LOS objects, 29% free, 37MB/53MB, paused 818us total 77.418ms
08-06 06:26:02.442 25685 25685 D AndroidRuntime: >>>>>> START com.android.internal.os.RuntimeInit uid 2000 <<<<<<
08-06 06:26:02.448 25685 25685 D AndroidRuntime: CheckJNI is OFF
08-06 06:26:02.451 24296 24309 I art     : Starting a blocking GC Explicit
08-06 06:26:02.491 25685 25685 D ICU     : No timezone override file found: /data/misc/zoneinfo/current/icu/icu_tzdata.dat
08-06 06:26:02.524 24296 24309 I art     : Explicit concurrent mark sweep GC freed 17(544B) AllocSpace objects, 0(0B) LOS objects, 29% free, 37MB/53MB, paused 528us total 73.308ms
08-06 06:26:02.537 25685 25685 I Radio-JNI: register_android_hardware_Radio DONE
08-06 06:26:02.568 25685 25685 D AndroidRuntime: Calling main entry com.android.commands.input.Input
08-06 06:26:02.570 25685 25685 I Input   : injectMotionEvent: MotionEvent { action=ACTION_DOWN, actionButton=0, id[0]=0, x[0]=1197.0, y[0]=1456.0, toolType[0]=TOOL_TYPE_UNKNOWN, buttonState=0, metaState=0, flags=0x0, edgeFlags=0x0, pointerCount=1, historySize=0, eventTime=858378983, downTime=858378983, deviceId=0, source=0x1002 }
08-06 06:26:02.575 25685 25685 I Input   : injectMotionEvent: MotionEvent { action=ACTION_UP, actionButton=0, id[0]=0, x[0]=1197.0, y[0]=1456.0, toolType[0]=TOOL_TYPE_UNKNOWN, buttonState=0, metaState=0, flags=0x0, edgeFlags=0x0, pointerCount=1, historySize=0, eventTime=858378983, downTime=858378983, deviceId=0, source=0x1002 }
08-06 06:26:02.576 25685 25685 D AndroidRuntime: Shutting down VM
08-06 06:26:02.588   512  2967 D audio_hw_primary: out_set_parameters: enter: usecase(1: low-latency-playback) kvpairs: routing=2
08-06 06:26:02.601   512  2967 D audio_hw_primary: select_devices: out_snd_device(2: speaker) in_snd_device(0: none)
08-06 06:26:02.602   512  2967 D msm8974_platform: platform_send_audio_calibration: sending audio calibration for snd_device(2) acdb_id(15)
08-06 06:26:02.602   512  2967 I soundtrigger: audio_extn_sound_trigger_update_device_status: device 0x2 of type 0 for Event 1
08-06 06:26:02.607 24296 24311 D OpenGLRenderer: endAllStagingAnimators on 0x7f810ffc00 (RippleDrawable) with handle 0x7f7a75c380
08-06 06:26:02.612   512  2967 D audio_hw_primary: enable_snd_device: snd_device(2: speaker)
08-06 06:26:02.614 24296 24296 I SettingsManager: Setting string: savedCourse
08-06 06:26:02.614   512  2967 D audio_hw_primary: enable_audio_route: apply and update mixer path: low-latency-playback speaker
08-06 06:26:02.615   918  3696 W BackupManagerService: dataChanged but no participant pkg='baseline.com.ak.uobtimetable' uid=10710
08-06 06:26:02.616   918  4400 I ActivityManager: START u0 {flg=0x4000000 cmp=baseline.com.ak.uobtimetable/.MainActivity (has extras)} from uid 10710 on display 0
08-06 06:26:02.633   918   928 W InputMethodManagerService: Focus gain on non-focused client com.android.internal.view.IInputMethodClient$Stub$Proxy@9455f65 (uid=10710 pid=24296)
08-06 06:26:02.648 24296 24296 D MainActivity: OnDestroy
08-06 06:26:02.673 24296 24296 D MainActivity: onCreate
08-06 06:26:02.673 24296 24296 I SettingsManager: Getting string: savedSessions
08-06 06:26:02.673 24296 24296 I SettingsManager: Getting string: savedSessions
08-06 06:26:02.684 24296 24296 I SettingsManager: Getting string: savedSessionsCourseName
08-06 06:26:02.684 24296 24296 I SettingsManager: Getting string: savedSessionsCourseName
08-06 06:26:02.684 24296 24296 I SettingsManager: Getting string: savedSessionsDateRange
08-06 06:26:02.684 24296 24296 I SettingsManager: Getting string: savedSessionsDateRange
08-06 06:26:02.684 24296 24296 I Settings: 15 saved sessions - Artificial Intelligence and Robotics (with Foundation Year) - BSc (Hons) - Ltn - Y0 Feb FT - Weeks: 24-38 (8 Jun 2020-20 Sep 2020)
08-06 06:26:02.726 24296 24296 I SettingsManager: Getting string: savedCourse
08-06 06:26:02.727 24296 24296 D MainActivity: sessionListFragmentArg: updateSessions
08-06 06:26:02.727 24296 24296 D MainActivity: showTermDatesConfigChange: false
08-06 06:26:02.727 24296 24296 D MainActivity: showTermDatesShortcut: false
08-06 06:26:02.728 24296 24296 D MainActivity: Setting initial fragment: SessionListsFragment
08-06 06:26:02.729 24296 24296 I SettingsManager: Getting int: launchCount
08-06 06:26:02.730 24296 24296 D SessionListsFragment: onCreateView
08-06 06:26:02.734 24296 24296 I SettingsManager: Getting string: savedCourse
08-06 06:26:02.738 24296 24296 I SettingsManager: Getting string: savedSessions
08-06 06:26:02.748 24296 24296 D SessionListsFragment: loadArgument: updateSessions
08-06 06:26:02.748 24296 24296 D SessionListsFragment: initialIndex: -1
08-06 06:26:02.752 24296 25717 D HTTP    : Request for: https://uob-timetable-api.adriankeenan.co.uk/sessions?dept=CM010&course=BSAIFAAF%2F02AA%2F0%2FFT&level=Foundation+Year
08-06 06:26:02.763 24296 24296 D TermDatesFragment: WebView loaded
08-06 06:26:02.764 24296 24296 D MainActivity: OnResume
08-06 06:26:02.839 24296 24296 I TermDatesFragment: Webview load %: 10
08-06 06:26:02.844 24296 24315 I art     : Starting a blocking GC Explicit
08-06 06:26:02.862 13866 13866 I GoogleInputMethodServic: GoogleInputMethodService.onFinishInput():3138 
08-06 06:26:02.862 13866 13866 I GoogleInputMethodServic: GoogleInputMethodService.onStartInput():1808 
08-06 06:26:02.863   918   936 I ActivityManager: Displayed baseline.com.ak.uobtimetable/.MainActivity: +228ms
08-06 06:26:02.924 24296 24315 I art     : Explicit concurrent mark sweep GC freed 23259(1090KB) AllocSpace objects, 3(1360KB) LOS objects, 29% free, 37MB/53MB, paused 720us total 79.562ms
08-06 06:26:02.952 24296 24315 I art     : Starting a blocking GC Explicit
08-06 06:26:03.014 24296 24315 I art     : Explicit concurrent mark sweep GC freed 41268(1863KB) AllocSpace objects, 4(240KB) LOS objects, 30% free, 36MB/52MB, paused 717us total 61.861ms
08-06 06:26:03.019 24296 25717 I NAPPA_EXPERIMENTATION: MetricNetworkRequestExecutionTime: REQUEST_DURATION_SYSTEM='266',REQUEST_DURATION_OKHTTP='40',REQUEST_SYNCHRONOUS='TRUE',RESPONSE_CODE='200',RESPONSE_METHOD='GET',RESPONSE_LENGTH_OKHTTP='-1',RESPONSE_LENGTH_HEADER='1214',REQUEST_PROTOCOL='http/1.1',REQUEST_URL='https://uob-timetable-api.adriankeenan.co.uk/sessions?dept=CM010&course=BSAIFAAF%2F02AA%2F0%2FFT&level=Foundation+Year',
08-06 06:26:03.026 24296 24296 I TermDatesFragment: Webview load %: 70
08-06 06:26:03.037 24296 24315 I art     : Starting a blocking GC Explicit
08-06 06:26:03.040 24296 24296 I TermDatesFragment: Webview load %: 100
08-06 06:26:03.040 24296 24296 I TermDatesFragment: Webview load %: 100
08-06 06:26:03.051 24296 25717 I HTTP    : Response was compressed.
08-06 06:26:03.066 24296 25717 I Service : getSessions response time: 1.10
08-06 06:26:03.066 24296 24296 I SettingsManager: Getting string: savedSessions
08-06 06:26:03.067 24296 24296 I SettingsManager: Getting string: savedSessions
08-06 06:26:03.077 24296 24296 I Service : Sessions updated: 15
08-06 06:26:03.077 24296 24296 I Service : Sessions removed from new list: 0
08-06 06:26:03.086 24296 24296 I SettingsManager: Setting string: savedSessions
08-06 06:26:03.087   918  3696 W BackupManagerService: dataChanged but no participant pkg='baseline.com.ak.uobtimetable' uid=10710
08-06 06:26:03.087 24296 24296 I SettingsManager: Setting date: savedSessionsTime
08-06 06:26:03.096 24296 24315 I art     : Explicit concurrent mark sweep GC freed 17697(927KB) AllocSpace objects, 4(132KB) LOS objects, 30% free, 36MB/52MB, paused 725us total 58.787ms
08-06 06:26:03.097   918  4400 W BackupManagerService: dataChanged but no participant pkg='baseline.com.ak.uobtimetable' uid=10710
08-06 06:26:03.097 24296 24296 I SettingsManager: Setting string: savedSessionsCourseName
08-06 06:26:03.098   918   928 W BackupManagerService: dataChanged but no participant pkg='baseline.com.ak.uobtimetable' uid=10710
08-06 06:26:03.098 24296 24296 I SettingsManager: Setting string: savedSessionsDateRange
08-06 06:26:03.098   918  5952 W BackupManagerService: dataChanged but no participant pkg='baseline.com.ak.uobtimetable' uid=10710
08-06 06:26:03.099 24296 24296 I SettingsManager: Setting string: timetableUrl
08-06 06:26:03.099   918  4413 W BackupManagerService: dataChanged but no participant pkg='baseline.com.ak.uobtimetable' uid=10710
08-06 06:26:03.099 24296 24296 I SettingsManager: Getting boolean: notifySessionRemindersEnabled
08-06 06:26:03.099 24296 24296 I SettingsManager: Getting int: notifySessionRemindersMinutes
08-06 06:26:03.099 24296 24296 I SettingsManager: Getting boolean: showHiddenSessions
08-06 06:26:03.102 24296 24296 I SessionReminderNotifier: Created session reminder alarm for f7b4771250a919bd729c1c5a4a459c77 at Mon 08:30:00 10/08/20
08-06 06:26:03.104 24296 24296 I SessionReminderNotifier: Created session reminder alarm for a7f879aabdeb78622c8820a5fb7b64cd at Tue 08:30:00 11/08/20
08-06 06:26:03.106 24296 24296 I SessionReminderNotifier: Created session reminder alarm for 7bc8d7e2c2055711f597c3d9078c6ea3 at Tue 08:30:00 11/08/20
08-06 06:26:03.108 24296 24296 I SessionReminderNotifier: Created session reminder alarm for 53c0527a6f009a1f2fd223834d3bfe51 at Tue 10:30:00 11/08/20
08-06 06:26:03.111 24296 24296 I SessionReminderNotifier: Created session reminder alarm for e0fc978b5db8218778540b4053344581 at Tue 11:00:00 11/08/20
08-06 06:26:03.113 24296 24296 I SessionReminderNotifier: Created session reminder alarm for 199afb0100f329ff65a09e1b0cd9deba at Tue 11:30:00 11/08/20
08-06 06:26:03.115 24296 24296 I SessionReminderNotifier: Created session reminder alarm for 21712fef61090882c855a1425543edb5 at Tue 13:30:00 11/08/20
08-06 06:26:03.117 24296 24315 I art     : Starting a blocking GC Explicit
08-06 06:26:03.118 24296 24296 I SessionReminderNotifier: Created session reminder alarm for 65ca4d97f031f29a4d02bbb45a705d8f at Wed 08:30:00 12/08/20
08-06 06:26:03.120 24296 24296 I SessionReminderNotifier: Created session reminder alarm for eeda7741b0bcab58fd9f46dc6ef1d942 at Wed 08:30:00 12/08/20
08-06 06:26:03.122 24296 24296 I SessionReminderNotifier: Created session reminder alarm for c276c1b2075a0beb67f1b3d1e580f920 at Wed 11:00:00 12/08/20
08-06 06:26:03.124 24296 24296 I SessionReminderNotifier: Created session reminder alarm for 8b1f3627e42ae13a6f6ba0a83903dde1 at Wed 13:30:00 12/08/20
08-06 06:26:03.126 24296 24296 I SessionReminderNotifier: Created session reminder alarm for 79fe0b5c3b887a13ba29db5a33fa2800 at Thu 08:30:00 06/08/20
08-06 06:26:03.127 24296 24296 I SessionReminderNotifier: Created session reminder alarm for cb9dfc8231cdba2be0835dc5709690e1 at Thu 08:30:00 06/08/20
08-06 06:26:03.129 24296 24296 I SessionReminderNotifier: Created session reminder alarm for f850dc24d6de60b7b89fa9e1a8c224c5 at Thu 12:00:00 06/08/20
08-06 06:26:03.131 24296 24296 I SessionReminderNotifier: Created session reminder alarm for 2ba1034116e4fffdd592dbf0796a43d5 at Fri 08:30:00 07/08/20
08-06 06:26:03.131 24296 24296 I SettingsManager: Getting boolean: showHiddenSessions
08-06 06:26:03.132 24296 24296 D SessionListsFragment: 1 sessions for day 0
08-06 06:26:03.132 24296 24296 D SessionListsFragment: 6 sessions for day 1
08-06 06:26:03.132 24296 24296 D SessionListsFragment: 4 sessions for day 2
08-06 06:26:03.132 24296 24296 D SessionListsFragment: 3 sessions for day 3
08-06 06:26:03.132 24296 24296 D SessionListsFragment: 1 sessions for day 4
08-06 06:26:03.160   512  2967 D audio_hw_primary: disable_audio_route: reset and update mixer path: low-latency-playback speaker
08-06 06:26:03.164   512  2967 D audio_hw_primary: disable_snd_device: snd_device(2: speaker)
08-06 06:26:03.172   512  2967 I soundtrigger: audio_extn_sound_trigger_update_device_status: device 0x2 of type 0 for Event 0
08-06 06:26:03.176 24296 24315 I art     : Explicit concurrent mark sweep GC freed 3775(190KB) AllocSpace objects, 0(0B) LOS objects, 30% free, 36MB/52MB, paused 974us total 58.508ms
08-06 06:26:03.179 24296 24296 I SettingsManager: Getting boolean: showHiddenSessions
08-06 06:26:03.179 24296 24296 D SessionListsFragment: Refreshed ViewPager
08-06 06:26:03.180 24296 24296 I SettingsManager: Getting boolean: showHiddenSessions
08-06 06:26:03.180 24296 24296 I SettingsManager: Getting boolean: completedTutorial
08-06 06:26:03.180 24296 24296 I SettingsManager: Getting boolean: showHiddenSessions
08-06 06:26:03.180 24296 24296 I SettingsManager: Getting date: savedSessionsTime
08-06 06:26:03.197 24296 24315 I art     : Starting a blocking GC Explicit
08-06 06:26:03.263 24296 24315 I art     : Explicit concurrent mark sweep GC freed 28362(1140KB) AllocSpace objects, 0(0B) LOS objects, 30% free, 36MB/52MB, paused 1.259ms total 65.633ms
08-06 06:26:03.562 24296 24783 I art     : Starting a blocking GC Explicit
08-06 06:26:03.654 24296 24783 I art     : Explicit concurrent mark sweep GC freed 129796(5MB) AllocSpace objects, 1(20KB) LOS objects, 29% free, 37MB/53MB, paused 1.385ms total 92.009ms
08-06 06:26:03.678 24296 24783 I art     : Starting a blocking GC Explicit
08-06 06:26:03.756 24296 24783 I art     : Explicit concurrent mark sweep GC freed 40686(1814KB) AllocSpace objects, 0(0B) LOS objects, 29% free, 37MB/53MB, paused 1.515ms total 77.374ms
08-06 06:26:03.780 24296 24783 I art     : Starting a blocking GC Explicit
08-06 06:26:03.860 24296 24783 I art     : Explicit concurrent mark sweep GC freed 35150(1456KB) AllocSpace objects, 0(0B) LOS objects, 29% free, 37MB/53MB, paused 1.342ms total 80.315ms
08-06 06:26:03.884 24296 24783 I art     : Starting a blocking GC Explicit
08-06 06:26:03.967 24296 24783 I art     : Explicit concurrent mark sweep GC freed 34230(1415KB) AllocSpace objects, 0(0B) LOS objects, 29% free, 37MB/53MB, paused 1.440ms total 82.724ms
08-06 06:26:03.991 24296 24783 I art     : Starting a blocking GC Explicit
08-06 06:26:03.994 24296 24296 I Choreographer: Skipped 47 frames!  The application may be doing too much work on its main thread.
08-06 06:26:04.065 24296 24783 I art     : Explicit concurrent mark sweep GC freed 9878(433KB) AllocSpace objects, 0(0B) LOS objects, 29% free, 37MB/53MB, paused 596us total 73.765ms
08-06 06:26:04.419 24296 24783 I art     : Starting a blocking GC Explicit
08-06 06:26:04.524 24296 24783 I art     : Explicit concurrent mark sweep GC freed 1957(119KB) AllocSpace objects, 1(20KB) LOS objects, 29% free, 37MB/53MB, paused 644us total 104.370ms
08-06 06:26:04.552 24296 24783 I art     : Starting a blocking GC Explicit
08-06 06:26:04.622 24296 24783 I art     : Explicit concurrent mark sweep GC freed 121355(11MB) AllocSpace objects, 3(136KB) LOS objects, 37% free, 26MB/42MB, paused 550us total 69.579ms
08-06 06:26:04.637 24296 24783 I art     : Starting a blocking GC Explicit
08-06 06:26:04.683 24296 24783 I art     : Explicit concurrent mark sweep GC freed 3(96B) AllocSpace objects, 0(0B) LOS objects, 37% free, 26MB/42MB, paused 557us total 44.962ms
08-06 06:26:04.699 24296 24783 I art     : Starting a blocking GC Explicit
08-06 06:26:04.747 24296 24783 I art     : Explicit concurrent mark sweep GC freed 4(160B) AllocSpace objects, 0(0B) LOS objects, 37% free, 26MB/42MB, paused 545us total 47.660ms
08-06 06:26:04.763 24296 24783 I art     : Starting a blocking GC Explicit
08-06 06:26:04.808 24296 24783 I art     : Explicit concurrent mark sweep GC freed 29(1024B) AllocSpace objects, 0(0B) LOS objects, 37% free, 26MB/42MB, paused 927us total 44.649ms
08-06 06:26:04.808 24296 24307 I art     : WaitForGcToComplete blocked for 26.799ms for cause HeapTrim
08-06 06:26:05.158 24296 24309 I art     : Starting a blocking GC Explicit
08-06 06:26:05.209 24296 24309 I art     : Explicit concurrent mark sweep GC freed 1416(79KB) AllocSpace objects, 1(20KB) LOS objects, 37% free, 26MB/42MB, paused 740us total 50.382ms
08-06 06:26:05.227 24296 24309 I art     : Starting a blocking GC Explicit
08-06 06:26:05.273 24296 24309 I art     : Explicit concurrent mark sweep GC freed 18(624B) AllocSpace objects, 0(0B) LOS objects, 37% free, 26MB/42MB, paused 558us total 45.385ms
08-06 06:26:05.289 24296 24309 I art     : Starting a blocking GC Explicit
08-06 06:26:05.336 24296 24309 I art     : Explicit concurrent mark sweep GC freed 3(96B) AllocSpace objects, 0(0B) LOS objects, 37% free, 26MB/42MB, paused 551us total 46.593ms
08-06 06:26:05.352 24296 24309 I art     : Starting a blocking GC Explicit
08-06 06:26:05.399 24296 24309 I art     : Explicit concurrent mark sweep GC freed 3(96B) AllocSpace objects, 0(0B) LOS objects, 37% free, 26MB/42MB, paused 514us total 45.849ms
08-06 06:26:05.415 24296 24309 I art     : Starting a blocking GC Explicit
08-06 06:26:05.463 24296 24309 I art     : Explicit concurrent mark sweep GC freed 3(96B) AllocSpace objects, 0(0B) LOS objects, 37% free, 26MB/42MB, paused 563us total 48.324ms
08-06 06:26:05.830 24296 24315 I art     : Starting a blocking GC Explicit
08-06 06:26:05.889 24296 24315 I art     : Explicit concurrent mark sweep GC freed 1293(75KB) AllocSpace objects, 1(20KB) LOS objects, 37% free, 26MB/42MB, paused 599us total 58.015ms
08-06 06:26:05.906 24296 24315 I art     : Starting a blocking GC Explicit
08-06 06:26:05.955 24296 24315 I art     : Explicit concurrent mark sweep GC freed 18(624B) AllocSpace objects, 0(0B) LOS objects, 37% free, 26MB/42MB, paused 553us total 48.823ms
08-06 06:26:05.972 24296 24315 I art     : Starting a blocking GC Explicit
08-06 06:26:06.019 24296 24315 I art     : Explicit concurrent mark sweep GC freed 3(96B) AllocSpace objects, 0(0B) LOS objects, 37% free, 26MB/42MB, paused 560us total 47.111ms
08-06 06:26:06.036 24296 24315 I art     : Starting a blocking GC Explicit
08-06 06:26:06.085 24296 24315 I art     : Explicit concurrent mark sweep GC freed 3(96B) AllocSpace objects, 0(0B) LOS objects, 37% free, 26MB/42MB, paused 563us total 49.038ms
08-06 06:26:06.102 24296 24315 I art     : Starting a blocking GC Explicit
08-06 06:26:06.148 24296 24315 I art     : Explicit concurrent mark sweep GC freed 3(96B) AllocSpace objects, 0(0B) LOS objects, 37% free, 26MB/42MB, paused 665us total 45.896ms
08-06 06:26:06.492 24296 24783 I art     : Starting a blocking GC Explicit
08-06 06:26:06.546 24296 24783 I art     : Explicit concurrent mark sweep GC freed 1293(75KB) AllocSpace objects, 1(20KB) LOS objects, 37% free, 26MB/42MB, paused 576us total 53.155ms
08-06 06:26:06.566 24296 24783 I art     : Starting a blocking GC Explicit
08-06 06:26:06.613 24296 24783 I art     : Explicit concurrent mark sweep GC freed 18(624B) AllocSpace objects, 0(0B) LOS objects, 37% free, 26MB/42MB, paused 574us total 46.586ms
08-06 06:26:06.629 24296 24783 I art     : Starting a blocking GC Explicit
08-06 06:26:06.677 24296 24783 I art     : Explicit concurrent mark sweep GC freed 3(96B) AllocSpace objects, 0(0B) LOS objects, 37% free, 26MB/42MB, paused 552us total 47.058ms
08-06 06:26:06.693 24296 24783 I art     : Starting a blocking GC Explicit
08-06 06:26:06.739 24296 24783 I art     : Explicit concurrent mark sweep GC freed 3(96B) AllocSpace objects, 0(0B) LOS objects, 37% free, 26MB/42MB, paused 583us total 45.152ms
08-06 06:26:06.755 24296 24783 I art     : Starting a blocking GC Explicit
08-06 06:26:06.778   918  3188 I hubconnection: sensorhub said: 'set_bias 3: -6.0288, 0.0000, 0.0000'
08-06 06:26:06.803 24296 24783 I art     : Explicit concurrent mark sweep GC freed 3(96B) AllocSpace objects, 0(0B) LOS objects, 37% free, 26MB/42MB, paused 569us total 46.981ms
08-06 06:26:07.142 24296 24308 I art     : Starting a blocking GC Explicit
08-06 06:26:07.188 24296 24308 I art     : Explicit concurrent mark sweep GC freed 1308(76KB) AllocSpace objects, 1(20KB) LOS objects, 37% free, 26MB/42MB, paused 593us total 45.243ms
08-06 06:26:07.205 24296 24308 I art     : Starting a blocking GC Explicit
08-06 06:26:07.242 24296 24308 I art     : Explicit concurrent mark sweep GC freed 45(1680B) AllocSpace objects, 0(0B) LOS objects, 37% free, 26MB/42MB, paused 495us total 36.823ms
08-06 06:26:07.258 24296 24308 I art     : Starting a blocking GC Explicit
08-06 06:26:07.301 24296 24308 I art     : Explicit concurrent mark sweep GC freed 57(1728B) AllocSpace objects, 0(0B) LOS objects, 37% free, 26MB/42MB, paused 542us total 41.863ms
08-06 06:26:07.316 24296 24308 I art     : Starting a blocking GC Explicit
08-06 06:26:07.338 25769 25769 D AndroidRuntime: >>>>>> START com.android.internal.os.RuntimeInit uid 2000 <<<<<<
08-06 06:26:07.343 25769 25769 D AndroidRuntime: CheckJNI is OFF
08-06 06:26:07.360 24296 24308 I art     : Explicit concurrent mark sweep GC freed 151(10KB) AllocSpace objects, 0(0B) LOS objects, 37% free, 26MB/42MB, paused 599us total 43.378ms
08-06 06:26:07.375 24296 24308 I art     : Starting a blocking GC Explicit
08-06 06:26:07.391 25769 25769 D ICU     : No timezone override file found: /data/misc/zoneinfo/current/icu/icu_tzdata.dat
08-06 06:26:07.418 24296 24308 I art     : Explicit concurrent mark sweep GC freed 3(96B) AllocSpace objects, 0(0B) LOS objects, 37% free, 26MB/42MB, paused 595us total 43.043ms
08-06 06:26:07.439 25769 25769 I Radio-JNI: register_android_hardware_Radio DONE
08-06 06:26:07.468 25769 25769 D AndroidRuntime: Calling main entry com.android.commands.input.Input
08-06 06:26:07.470 25769 25769 I Input   : injectMotionEvent: MotionEvent { action=ACTION_DOWN, actionButton=0, id[0]=0, x[0]=81.0, y[0]=176.0, toolType[0]=TOOL_TYPE_UNKNOWN, buttonState=0, metaState=0, flags=0x0, edgeFlags=0x0, pointerCount=1, historySize=0, eventTime=858383883, downTime=858383883, deviceId=0, source=0x1002 }
08-06 06:26:07.477 25769 25769 I Input   : injectMotionEvent: MotionEvent { action=ACTION_UP, actionButton=0, id[0]=0, x[0]=81.0, y[0]=176.0, toolType[0]=TOOL_TYPE_UNKNOWN, buttonState=0, metaState=0, flags=0x0, edgeFlags=0x0, pointerCount=1, historySize=0, eventTime=858383883, downTime=858383883, deviceId=0, source=0x1002 }
08-06 06:26:07.478 25769 25769 D AndroidRuntime: Shutting down VM
08-06 06:26:07.490   512  2967 D audio_hw_primary: out_set_parameters: enter: usecase(1: low-latency-playback) kvpairs: routing=2
08-06 06:26:07.503   512  2967 D audio_hw_primary: select_devices: out_snd_device(2: speaker) in_snd_device(0: none)
08-06 06:26:07.503   512  2967 D msm8974_platform: platform_send_audio_calibration: sending audio calibration for snd_device(2) acdb_id(15)
08-06 06:26:07.503   512  2967 I soundtrigger: audio_extn_sound_trigger_update_device_status: device 0x2 of type 0 for Event 1
08-06 06:26:07.519   512  2967 D audio_hw_primary: enable_snd_device: snd_device(2: speaker)
08-06 06:26:07.522   512  2967 D audio_hw_primary: enable_audio_route: apply and update mixer path: low-latency-playback speaker
08-06 06:26:07.525 13866 13866 I GoogleInputMethodServic: GoogleInputMethodService.onFinishInput():3138 
08-06 06:26:07.526 13866 13866 I GoogleInputMethodServic: GoogleInputMethodService.onStartInput():1808 
08-06 06:26:07.730 24296 24308 I art     : Starting a blocking GC Explicit
08-06 06:26:07.778 24296 24308 I art     : Explicit concurrent mark sweep GC freed 1710(96KB) AllocSpace objects, 1(20KB) LOS objects, 37% free, 26MB/42MB, paused 660us total 47.739ms
08-06 06:26:07.795 24296 24308 I art     : Starting a blocking GC Explicit
08-06 06:26:07.835 24296 24308 I art     : Explicit concurrent mark sweep GC freed 34(1312B) AllocSpace objects, 0(0B) LOS objects, 37% free, 26MB/42MB, paused 528us total 39.996ms
08-06 06:26:07.850 24296 24308 I art     : Starting a blocking GC Explicit
08-06 06:26:07.859   518   646 I ThermalEngine: ACTION: GPU - Setting GPU[0] to 510000000
08-06 06:26:07.862 13866 13882 I PeriodicStatsRunner: PeriodicStatsRunner.call():175 call()
08-06 06:26:07.863 13866 13882 I PeriodicStatsRunner: PeriodicStatsRunner.call():179 No submit PeriodicStats since input started.
08-06 06:26:07.892 24296 24308 I art     : Explicit concurrent mark sweep GC freed 3(96B) AllocSpace objects, 0(0B) LOS objects, 37% free, 26MB/42MB, paused 491us total 42.458ms
08-06 06:26:07.908 24296 24308 I art     : Starting a blocking GC Explicit
08-06 06:26:07.940 24296 24308 I art     : Explicit concurrent mark sweep GC freed 6(224B) AllocSpace objects, 0(0B) LOS objects, 37% free, 26MB/42MB, paused 431us total 32.260ms
08-06 06:26:07.952 24296 24308 I art     : Starting a blocking GC Explicit
08-06 06:26:07.990 24296 24308 I art     : Explicit concurrent mark sweep GC freed 5(160B) AllocSpace objects, 0(0B) LOS objects, 37% free, 26MB/42MB, paused 359us total 37.272ms
08-06 06:26:08.058   512  2967 D audio_hw_primary: disable_audio_route: reset and update mixer path: low-latency-playback speaker
08-06 06:26:08.059   512  2967 D audio_hw_primary: disable_snd_device: snd_device(2: speaker)
08-06 06:26:08.067   512  2967 I soundtrigger: audio_extn_sound_trigger_update_device_status: device 0x2 of type 0 for Event 0
08-06 06:26:08.298 24296 24315 I art     : Starting a blocking GC Explicit
08-06 06:26:08.350 24296 24315 I art     : Explicit concurrent mark sweep GC freed 1293(75KB) AllocSpace objects, 1(20KB) LOS objects, 37% free, 26MB/42MB, paused 551us total 51.337ms
08-06 06:26:08.366 24296 24315 I art     : Starting a blocking GC Explicit
08-06 06:26:08.403 24296 24315 I art     : Explicit concurrent mark sweep GC freed 20(688B) AllocSpace objects, 0(0B) LOS objects, 37% free, 26MB/42MB, paused 419us total 36.613ms
08-06 06:26:08.416 24296 24315 I art     : Starting a blocking GC Explicit
08-06 06:26:08.452 24296 24315 I art     : Explicit concurrent mark sweep GC freed 3(96B) AllocSpace objects, 0(0B) LOS objects, 37% free, 26MB/42MB, paused 419us total 36.395ms
08-06 06:26:08.465 24296 24315 I art     : Starting a blocking GC Explicit
08-06 06:26:08.502 24296 24315 I art     : Explicit concurrent mark sweep GC freed 3(96B) AllocSpace objects, 0(0B) LOS objects, 37% free, 26MB/42MB, paused 398us total 36.214ms
08-06 06:26:08.514 24296 24315 I art     : Starting a blocking GC Explicit
08-06 06:26:08.550 24296 24315 I art     : Explicit concurrent mark sweep GC freed 3(96B) AllocSpace objects, 0(0B) LOS objects, 37% free, 26MB/42MB, paused 410us total 35.669ms
08-06 06:26:08.829 24296 24309 I art     : Starting a blocking GC Explicit
08-06 06:26:08.864 24296 24309 I art     : Explicit concurrent mark sweep GC freed 1293(75KB) AllocSpace objects, 1(20KB) LOS objects, 37% free, 26MB/42MB, paused 427us total 35.174ms
08-06 06:26:08.877 24296 24309 I art     : Starting a blocking GC Explicit
08-06 06:26:08.911 24296 24309 I art     : Explicit concurrent mark sweep GC freed 18(624B) AllocSpace objects, 0(0B) LOS objects, 37% free, 26MB/42MB, paused 420us total 33.452ms
08-06 06:26:08.923 24296 24309 I art     : Starting a blocking GC Explicit
08-06 06:26:08.957 24296 24309 I art     : Explicit concurrent mark sweep GC freed 3(96B) AllocSpace objects, 0(0B) LOS objects, 37% free, 26MB/42MB, paused 470us total 34.167ms
08-06 06:26:08.969 24296 24309 I art     : Starting a blocking GC Explicit
08-06 06:26:09.003 24296 24309 I art     : Explicit concurrent mark sweep GC freed 3(96B) AllocSpace objects, 0(0B) LOS objects, 37% free, 26MB/42MB, paused 423us total 33.813ms
08-06 06:26:09.016 24296 24309 I art     : Starting a blocking GC Explicit
08-06 06:26:09.050 24296 24309 I art     : Explicit concurrent mark sweep GC freed 3(96B) AllocSpace objects, 0(0B) LOS objects, 37% free, 26MB/42MB, paused 415us total 33.962ms
08-06 06:26:09.148 25814 25814 D AndroidRuntime: >>>>>> START com.android.internal.os.RuntimeInit uid 2000 <<<<<<
08-06 06:26:09.154 25814 25814 D AndroidRuntime: CheckJNI is OFF
08-06 06:26:09.188 25814 25814 D ICU     : No timezone override file found: /data/misc/zoneinfo/current/icu/icu_tzdata.dat
08-06 06:26:09.221 25814 25814 I Radio-JNI: register_android_hardware_Radio DONE
08-06 06:26:09.242 25814 25814 D AndroidRuntime: Calling main entry com.android.commands.input.Input
08-06 06:26:09.244 25814 25814 I Input   : injectMotionEvent: MotionEvent { action=ACTION_DOWN, actionButton=0, id[0]=0, x[0]=360.0, y[0]=1098.0, toolType[0]=TOOL_TYPE_UNKNOWN, buttonState=0, metaState=0, flags=0x0, edgeFlags=0x0, pointerCount=1, historySize=0, eventTime=858385656, downTime=858385656, deviceId=0, source=0x1002 }
08-06 06:26:09.249 25814 25814 I Input   : injectMotionEvent: MotionEvent { action=ACTION_UP, actionButton=0, id[0]=0, x[0]=360.0, y[0]=1098.0, toolType[0]=TOOL_TYPE_UNKNOWN, buttonState=0, metaState=0, flags=0x0, edgeFlags=0x0, pointerCount=1, historySize=0, eventTime=858385656, downTime=858385656, deviceId=0, source=0x1002 }
08-06 06:26:09.252 25814 25814 D AndroidRuntime: Shutting down VM
08-06 06:26:09.258 24296 24296 D MainActivity: NavigationItemSelected: Term dates
08-06 06:26:09.262   512  2967 D audio_hw_primary: out_set_parameters: enter: usecase(1: low-latency-playback) kvpairs: routing=2
08-06 06:26:09.275   512  2967 D audio_hw_primary: select_devices: out_snd_device(2: speaker) in_snd_device(0: none)
08-06 06:26:09.275   512  2967 D msm8974_platform: platform_send_audio_calibration: sending audio calibration for snd_device(2) acdb_id(15)
08-06 06:26:09.276   512  2967 I soundtrigger: audio_extn_sound_trigger_update_device_status: device 0x2 of type 0 for Event 1
08-06 06:26:09.287   512  2967 D audio_hw_primary: enable_snd_device: snd_device(2: speaker)
08-06 06:26:09.290   512  2967 D audio_hw_primary: enable_audio_route: apply and update mixer path: low-latency-playback speaker
08-06 06:26:09.357 24296 24783 I art     : Starting a blocking GC Explicit
08-06 06:26:09.388 24296 24783 I art     : Explicit concurrent mark sweep GC freed 1873(98KB) AllocSpace objects, 1(20KB) LOS objects, 37% free, 26MB/42MB, paused 469us total 30.452ms
08-06 06:26:09.399 24296 24783 I art     : Starting a blocking GC Explicit
08-06 06:26:09.429 24296 24783 I art     : Explicit concurrent mark sweep GC freed 213(15KB) AllocSpace objects, 0(0B) LOS objects, 37% free, 26MB/42MB, paused 465us total 30.138ms
08-06 06:26:09.441 24296 24783 I art     : Starting a blocking GC Explicit
08-06 06:26:09.471 24296 24783 I art     : Explicit concurrent mark sweep GC freed 9(288B) AllocSpace objects, 0(0B) LOS objects, 37% free, 26MB/42MB, paused 438us total 30.266ms
08-06 06:26:09.483 24296 24783 I art     : Starting a blocking GC Explicit
08-06 06:26:09.514 24296 24783 I art     : Explicit concurrent mark sweep GC freed 8(256B) AllocSpace objects, 0(0B) LOS objects, 37% free, 26MB/42MB, paused 368us total 31.078ms
08-06 06:26:09.526 24296 24783 I art     : Starting a blocking GC Explicit
08-06 06:26:09.557 24296 24783 I art     : Explicit concurrent mark sweep GC freed 8(256B) AllocSpace objects, 0(0B) LOS objects, 37% free, 26MB/42MB, paused 369us total 30.582ms
08-06 06:26:09.697 13866 13866 I GoogleInputMethodServic: GoogleInputMethodService.onFinishInput():3138 
08-06 06:26:09.700 13866 13866 I GoogleInputMethodServic: GoogleInputMethodService.onStartInput():1808 
08-06 06:26:09.828   512  2967 D audio_hw_primary: disable_audio_route: reset and update mixer path: low-latency-playback speaker
08-06 06:26:09.830   512  2967 D audio_hw_primary: disable_snd_device: snd_device(2: speaker)
08-06 06:26:09.837   512  2967 I soundtrigger: audio_extn_sound_trigger_update_device_status: device 0x2 of type 0 for Event 0
08-06 06:26:09.854 24296 24309 I art     : Starting a blocking GC Explicit
08-06 06:26:09.891 24296 24309 I art     : Explicit concurrent mark sweep GC freed 1358(77KB) AllocSpace objects, 1(20KB) LOS objects, 37% free, 26MB/42MB, paused 412us total 36.251ms
08-06 06:26:09.904 24296 24309 I art     : Starting a blocking GC Explicit
08-06 06:26:09.940 24296 24309 I art     : Explicit concurrent mark sweep GC freed 25(848B) AllocSpace objects, 0(0B) LOS objects, 37% free, 26MB/42MB, paused 477us total 35.876ms
08-06 06:26:09.953 24296 24309 I art     : Starting a blocking GC Explicit
08-06 06:26:09.989 24296 24309 I art     : Explicit concurrent mark sweep GC freed 9(288B) AllocSpace objects, 0(0B) LOS objects, 37% free, 26MB/42MB, paused 408us total 35.628ms
08-06 06:26:10.002 24296 24309 I art     : Starting a blocking GC Explicit
08-06 06:26:10.037 24296 24309 I art     : Explicit concurrent mark sweep GC freed 9(288B) AllocSpace objects, 0(0B) LOS objects, 37% free, 26MB/42MB, paused 490us total 35.522ms
08-06 06:26:10.051 24296 24309 I art     : Starting a blocking GC Explicit
08-06 06:26:10.086 24296 24309 I art     : Explicit concurrent mark sweep GC freed 9(288B) AllocSpace objects, 0(0B) LOS objects, 37% free, 26MB/42MB, paused 392us total 34.614ms
08-06 06:26:10.406 24296 24308 I art     : Starting a blocking GC Explicit
08-06 06:26:10.450 24296 24308 I art     : Explicit concurrent mark sweep GC freed 1337(76KB) AllocSpace objects, 1(20KB) LOS objects, 37% free, 26MB/42MB, paused 381us total 43.323ms
08-06 06:26:10.466 24296 24308 I art     : Starting a blocking GC Explicit
08-06 06:26:10.504 24296 24308 I art     : Explicit concurrent mark sweep GC freed 24(816B) AllocSpace objects, 0(0B) LOS objects, 37% free, 26MB/42MB, paused 414us total 37.560ms
08-06 06:26:10.518 24296 24308 I art     : Starting a blocking GC Explicit
08-06 06:26:10.549 24296 24308 I art     : Explicit concurrent mark sweep GC freed 9(288B) AllocSpace objects, 0(0B) LOS objects, 37% free, 26MB/42MB, paused 356us total 30.684ms
08-06 06:26:10.560 24296 24308 I art     : Starting a blocking GC Explicit
08-06 06:26:10.591 24296 24308 I art     : Explicit concurrent mark sweep GC freed 8(256B) AllocSpace objects, 0(0B) LOS objects, 37% free, 26MB/42MB, paused 387us total 30.686ms
08-06 06:26:10.602 24296 24308 I art     : Starting a blocking GC Explicit
08-06 06:26:10.634 24296 24308 I art     : Explicit concurrent mark sweep GC freed 8(256B) AllocSpace objects, 0(0B) LOS objects, 37% free, 26MB/42MB, paused 375us total 31.746ms
08-06 06:26:10.867   518   646 I ThermalEngine: ACTION: GPU - Setting GPU[0] to 450000000
08-06 06:26:10.970 24296 24783 I art     : Starting a blocking GC Explicit
08-06 06:26:11.025 24296 24783 I art     : Explicit concurrent mark sweep GC freed 1353(77KB) AllocSpace objects, 1(20KB) LOS objects, 37% free, 26MB/42MB, paused 597us total 54.627ms
08-06 06:26:11.048 24296 24783 I art     : Starting a blocking GC Explicit
08-06 06:26:11.097 24296 24783 I art     : Explicit concurrent mark sweep GC freed 39(1296B) AllocSpace objects, 0(0B) LOS objects, 37% free, 26MB/42MB, paused 515us total 48.406ms
08-06 06:26:11.114 24296 24783 I art     : Starting a blocking GC Explicit
08-06 06:26:11.162 24296 24783 I art     : Explicit concurrent mark sweep GC freed 12(384B) AllocSpace objects, 0(0B) LOS objects, 37% free, 26MB/42MB, paused 826us total 47.071ms
08-06 06:26:11.179 24296 24783 I art     : Starting a blocking GC Explicit
08-06 06:26:11.224 24296 24783 I art     : Explicit concurrent mark sweep GC freed 4(128B) AllocSpace objects, 0(0B) LOS objects, 37% free, 26MB/42MB, paused 557us total 44.066ms
08-06 06:26:11.227   918  1210 D NetlinkSocketObserver: NeighborEvent{elapsedMs=1841775102, 192.168.2.254, [7C3953A63323], RTM_NEWNEIGH, NUD_STALE}
08-06 06:26:11.240 24296 24783 I art     : Starting a blocking GC Explicit
08-06 06:26:11.287 24296 24783 I art     : Explicit concurrent mark sweep GC freed 3(96B) AllocSpace objects, 0(0B) LOS objects, 37% free, 26MB/42MB, paused 594us total 47.333ms
08-06 06:26:11.656 24296 24308 I art     : Starting a blocking GC Explicit
08-06 06:26:11.717 24296 24308 I art     : Explicit concurrent mark sweep GC freed 1293(75KB) AllocSpace objects, 1(20KB) LOS objects, 37% free, 26MB/42MB, paused 599us total 61.154ms
08-06 06:26:11.737 24296 24308 I art     : Starting a blocking GC Explicit
08-06 06:26:11.788 24296 24308 I art     : Explicit concurrent mark sweep GC freed 18(624B) AllocSpace objects, 0(0B) LOS objects, 37% free, 26MB/42MB, paused 569us total 50.473ms
08-06 06:26:11.809 24296 24308 I art     : Starting a blocking GC Explicit
08-06 06:26:11.854 24296 24308 I art     : Explicit concurrent mark sweep GC freed 3(96B) AllocSpace objects, 0(0B) LOS objects, 37% free, 26MB/42MB, paused 575us total 45.267ms
08-06 06:26:11.871 24296 24308 I art     : Starting a blocking GC Explicit
08-06 06:26:11.919 24296 24308 I art     : Explicit concurrent mark sweep GC freed 3(96B) AllocSpace objects, 0(0B) LOS objects, 37% free, 26MB/42MB, paused 578us total 48.345ms
08-06 06:26:11.936 24296 24308 I art     : Starting a blocking GC Explicit
08-06 06:26:11.983 24296 24308 I art     : Explicit concurrent mark sweep GC freed 3(96B) AllocSpace objects, 0(0B) LOS objects, 37% free, 26MB/42MB, paused 575us total 46.361ms
08-06 06:26:12.345 24296 24309 I art     : Starting a blocking GC Explicit
08-06 06:26:12.399 24296 24309 I art     : Explicit concurrent mark sweep GC freed 1293(75KB) AllocSpace objects, 1(20KB) LOS objects, 37% free, 26MB/42MB, paused 776us total 53.744ms
08-06 06:26:12.419 24296 24309 I art     : Starting a blocking GC Explicit
08-06 06:26:12.466 24296 24309 I art     : Explicit concurrent mark sweep GC freed 18(624B) AllocSpace objects, 0(0B) LOS objects, 37% free, 26MB/42MB, paused 580us total 46.338ms
08-06 06:26:12.483 24296 24309 I art     : Starting a blocking GC Explicit
08-06 06:26:12.526 13866 13882 I PeriodicStatsRunner: PeriodicStatsRunner.call():175 call()
08-06 06:26:12.526 13866 13882 I PeriodicStatsRunner: PeriodicStatsRunner.call():179 No submit PeriodicStats since input started.
08-06 06:26:12.531 24296 24309 I art     : Explicit concurrent mark sweep GC freed 3(96B) AllocSpace objects, 0(0B) LOS objects, 37% free, 26MB/42MB, paused 564us total 48.290ms
08-06 06:26:12.548 24296 24309 I art     : Starting a blocking GC Explicit
08-06 06:26:12.594 24296 24309 I art     : Explicit concurrent mark sweep GC freed 3(96B) AllocSpace objects, 0(0B) LOS objects, 37% free, 26MB/42MB, paused 549us total 45.715ms
08-06 06:26:12.610 24296 24309 I art     : Starting a blocking GC Explicit
08-06 06:26:12.660 24296 24309 I art     : Explicit concurrent mark sweep GC freed 3(96B) AllocSpace objects, 0(0B) LOS objects, 37% free, 26MB/42MB, paused 588us total 49.086ms
08-06 06:26:12.710   918  3188 I hubconnection: sensorhub said: 'set_bias 3: -6.0768, 0.0000, 0.0000'
08-06 06:26:13.036 24296 24315 I art     : Starting a blocking GC Explicit
08-06 06:26:13.098 24296 24315 I art     : Explicit concurrent mark sweep GC freed 1293(75KB) AllocSpace objects, 1(20KB) LOS objects, 37% free, 26MB/42MB, paused 559us total 60.904ms
08-06 06:26:13.117 24296 24315 I art     : Starting a blocking GC Explicit
08-06 06:26:13.166 24296 24315 I art     : Explicit concurrent mark sweep GC freed 18(624B) AllocSpace objects, 0(0B) LOS objects, 37% free, 26MB/42MB, paused 564us total 48.582ms
08-06 06:26:13.183 24296 24315 I art     : Starting a blocking GC Explicit
08-06 06:26:13.228 24296 24315 I art     : Explicit concurrent mark sweep GC freed 3(96B) AllocSpace objects, 0(0B) LOS objects, 37% free, 26MB/42MB, paused 610us total 45.585ms
08-06 06:26:13.245 24296 24315 I art     : Starting a blocking GC Explicit
08-06 06:26:13.294 24296 24315 I art     : Explicit concurrent mark sweep GC freed 3(96B) AllocSpace objects, 0(0B) LOS objects, 37% free, 26MB/42MB, paused 542us total 48.366ms
08-06 06:26:13.310 24296 24315 I art     : Starting a blocking GC Explicit
08-06 06:26:13.358 24296 24315 I art     : Explicit concurrent mark sweep GC freed 3(96B) AllocSpace objects, 0(0B) LOS objects, 37% free, 26MB/42MB, paused 666us total 47.195ms
08-06 06:26:13.696 24296 24783 I art     : Starting a blocking GC Explicit
08-06 06:26:13.744 24296 24783 I art     : Explicit concurrent mark sweep GC freed 1293(75KB) AllocSpace objects, 1(20KB) LOS objects, 37% free, 26MB/42MB, paused 575us total 47.338ms
08-06 06:26:13.760 24296 24783 I art     : Starting a blocking GC Explicit
08-06 06:26:13.807 24296 24783 I art     : Explicit concurrent mark sweep GC freed 18(624B) AllocSpace objects, 0(0B) LOS objects, 37% free, 26MB/42MB, paused 538us total 46.168ms
08-06 06:26:13.822 24296 24783 I art     : Starting a blocking GC Explicit
08-06 06:26:13.864 24296 24783 I art     : Explicit concurrent mark sweep GC freed 3(96B) AllocSpace objects, 0(0B) LOS objects, 37% free, 26MB/42MB, paused 547us total 40.848ms
08-06 06:26:13.879 24296 24783 I art     : Starting a blocking GC Explicit
08-06 06:26:13.924 24296 24783 I art     : Explicit concurrent mark sweep GC freed 3(96B) AllocSpace objects, 0(0B) LOS objects, 37% free, 26MB/42MB, paused 563us total 44.432ms
08-06 06:26:13.940 24296 24783 I art     : Starting a blocking GC Explicit
08-06 06:26:13.986 24296 24783 I art     : Explicit concurrent mark sweep GC freed 3(96B) AllocSpace objects, 0(0B) LOS objects, 37% free, 26MB/42MB, paused 569us total 45.221ms
08-06 06:26:14.135 25916 25916 D AndroidRuntime: >>>>>> START com.android.internal.os.RuntimeInit uid 2000 <<<<<<
08-06 06:26:14.142 25916 25916 D AndroidRuntime: CheckJNI is OFF
08-06 06:26:14.186 25916 25916 D ICU     : No timezone override file found: /data/misc/zoneinfo/current/icu/icu_tzdata.dat
08-06 06:26:14.230 25916 25916 I Radio-JNI: register_android_hardware_Radio DONE
08-06 06:26:14.258 25916 25916 D AndroidRuntime: Calling main entry com.android.commands.am.Am
08-06 06:26:14.265  3167  3167 I Trepn   : Trepn 6.2s: Received intent: com.quicinc.trepn.stop_profiling
08-06 06:26:14.300  3167  3167 I Trepn   : Trepn 6.2s: Trepn has Stopped Profiling.
08-06 06:26:14.347 24296 24308 I art     : Starting a blocking GC Explicit
08-06 06:26:14.393 24296 24308 I art     : Explicit concurrent mark sweep GC freed 1293(75KB) AllocSpace objects, 1(20KB) LOS objects, 37% free, 26MB/42MB, paused 565us total 45.981ms
08-06 06:26:14.413 24296 24308 I art     : Starting a blocking GC Explicit
08-06 06:26:14.455 24296 24308 I art     : Explicit concurrent mark sweep GC freed 18(624B) AllocSpace objects, 0(0B) LOS objects, 37% free, 26MB/42MB, paused 520us total 42.149ms
08-06 06:26:14.471 24296 24308 I art     : Starting a blocking GC Explicit
08-06 06:26:14.503 25916 25916 D AndroidRuntime: Shutting down VM
08-06 06:26:14.506   918  4413 W AppOps  : Finishing op nesting under-run: uid 10078 pkg com.quicinc.trepn code 24 time=0 duration=0 nesting=0
08-06 06:26:14.512 24296 24308 I art     : Explicit concurrent mark sweep GC freed 3(96B) AllocSpace objects, 0(0B) LOS objects, 37% free, 26MB/42MB, paused 557us total 41.029ms
08-06 06:26:14.527 24296 24308 I art     : Starting a blocking GC Explicit
08-06 06:26:14.562 24296 24308 I art     : Explicit concurrent mark sweep GC freed 3(96B) AllocSpace objects, 0(0B) LOS objects, 37% free, 26MB/42MB, paused 493us total 34.456ms
08-06 06:26:14.575 24296 24308 I art     : Starting a blocking GC Explicit
08-06 06:26:14.612 24296 24308 I art     : Explicit concurrent mark sweep GC freed 3(96B) AllocSpace objects, 0(0B) LOS objects, 37% free, 26MB/42MB, paused 501us total 36.175ms
08-06 06:26:14.698 13866 13882 I PeriodicStatsRunner: PeriodicStatsRunner.call():175 call()
08-06 06:26:14.698 13866 13882 I PeriodicStatsRunner: PeriodicStatsRunner.call():179 No submit PeriodicStats since input started.
08-06 06:26:14.872   518   646 I ThermalEngine: ACTION: GPU - Setting GPU[0] to 510000000
08-06 06:26:14.934 24296 24309 I art     : Starting a blocking GC Explicit
08-06 06:26:14.970 24296 24309 I art     : Explicit concurrent mark sweep GC freed 1293(75KB) AllocSpace objects, 1(20KB) LOS objects, 37% free, 26MB/42MB, paused 389us total 35.975ms
08-06 06:26:14.984 24296 24309 I art     : Starting a blocking GC Explicit
08-06 06:26:15.015 24296 24309 I art     : Explicit concurrent mark sweep GC freed 18(624B) AllocSpace objects, 0(0B) LOS objects, 37% free, 26MB/42MB, paused 382us total 30.750ms
08-06 06:26:15.026 24296 24309 I art     : Starting a blocking GC Explicit
08-06 06:26:15.059 24296 24309 I art     : Explicit concurrent mark sweep GC freed 3(96B) AllocSpace objects, 0(0B) LOS objects, 37% free, 26MB/42MB, paused 390us total 33.189ms
08-06 06:26:15.071 24296 24309 I art     : Starting a blocking GC Explicit
08-06 06:26:15.105 24296 24309 I art     : Explicit concurrent mark sweep GC freed 3(96B) AllocSpace objects, 0(0B) LOS objects, 37% free, 26MB/42MB, paused 381us total 33.670ms
08-06 06:26:15.117 24296 24309 I art     : Starting a blocking GC Explicit
08-06 06:26:15.151 24296 24309 I art     : Explicit concurrent mark sweep GC freed 3(96B) AllocSpace objects, 0(0B) LOS objects, 37% free, 26MB/42MB, paused 409us total 33.108ms
