--------- beginning of main
08-06 15:55:34.895  3784  3784 D CarrierServiceBindHelper: Receive action: android.intent.action.PACKAGE_REMOVED
08-06 15:55:34.920 22455 22455 W System  : ClassLoader referenced unknown path: /system/app/KeyChain/lib/arm64
08-06 15:55:34.936  3784  3784 D CarrierServiceBindHelper: Receive action: android.intent.action.PACKAGE_ADDED
08-06 15:55:34.937  3784  3784 D CarrierServiceBindHelper: Receive action: android.intent.action.PACKAGE_REPLACED
08-06 15:55:34.937  3784  3784 D CarrierServiceBindHelper: mHandler: 3
08-06 15:55:34.937  3784  3784 D CarrierServiceBindHelper: mHandler: 3
08-06 15:55:34.937  3784  3784 D CarrierServiceBindHelper: mHandler: 3
08-06 15:55:34.937  3784  3784 D CarrierConfigLoader: mHandler: 9 phoneId: 0
08-06 15:55:34.947 12162 12162 I Finsky  : [1] uah.a(18): PackageMonitorReceiverImpl - Received: android.intent.action.PACKAGE_REMOVED, [jsPREe6yOOhrMreoEvcpPvP36yUmihacpIgcKsaLph8]
08-06 15:55:34.947 12162 12162 I Finsky  : [1] ubi.d(9): Invalidating cached PackageState for baseline.com.ak.uobtimetable
08-06 15:55:34.949 24365 22472 I Fitness : FitCleanupIntentOperation received Intent android.intent.action.PACKAGE_REMOVED [CONTEXT service_id=17 ]
08-06 15:55:34.950 12162 12162 I Finsky  : [1] lzi.c(2): Frosting ID looked up on UI thread. Caller should move to a background thread.
08-06 15:55:34.958 12162 12162 I Finsky  : [1] nqb.c(3): Installer: package baseline.com.ak.uobtimetable was removed. replacing: true
08-06 15:55:34.959 12162 12162 I Finsky  : [1] nra.a(188): Installer: Notifying status update. package=baseline.com.ak.uobtimetable, status=UNINSTALLED
08-06 15:55:35.013 12162 12162 I Finsky  : [1] lzi.c(2): Frosting ID looked up on UI thread. Caller should move to a background thread.
08-06 15:55:35.029 12162 12162 I Finsky  : [1] nra.a(220): Installer: found apps to install. isMultiUserMode=false, apps=[]
08-06 15:55:35.037   918  3696 I AccountManagerService: getTypesVisibleToCaller: isPermitted? true
08-06 15:55:35.057 12162 22490 I Finsky  : [6732] ejf.a(-1): Cancelled 0 ongoing asset module downloads for package baseline.com.ak.uobtimetable due to a concurrent app update.
08-06 15:55:35.107 24577 22479 I Auth    : [SupervisedAccountIntentOperation] onHandleIntent(): android.intent.action.PACKAGE_ADDED
08-06 15:55:35.109 12162 12269 I Finsky  : [6285] odj.b(52): IQ: Notifying installation update. package=baseline.com.ak.uobtimetable, status=UNINSTALLED
08-06 15:55:35.110 12162 22477 I Finsky  : [6730] lyv.run(-1): Wrote row to frosting DB: 3398
08-06 15:55:35.113 24577 22484 I ChromeSync: [Sync,SyncIntentOperation] Handling the intent: Intent { act=android.intent.action.PACKAGE_ADDED dat=package:baseline.com.ak.uobtimetable flg=0x4000010 cmp=com.google.android.gms/.chimera.GmsIntentOperationService (has extras) }.
--------- beginning of system
08-06 15:55:35.114   918  5952 W ActivityManager: Unable to start service Intent { act=com.google.android.gms.auth.key.retrieval.service.START pkg=com.google.android.gms } U=0: not found
08-06 15:55:35.118   918   929 W ActivityManager: Unbind failed: could not find connection for android.os.BinderProxy@cf733ab
08-06 15:55:35.118 24577 24621 E GmsClient: unable to connect to service: com.google.android.gms.auth.key.retrieval.service.START on com.google.android.gms
08-06 15:55:35.119 12162 12162 I Finsky  : [1] uah.a(18): PackageMonitorReceiverImpl - Received: android.intent.action.PACKAGE_ADDED, [jsPREe6yOOhrMreoEvcpPvP36yUmihacpIgcKsaLph8]
08-06 15:55:35.119 12162 12162 I Finsky  : [1] ubi.d(9): Invalidating cached PackageState for baseline.com.ak.uobtimetable
08-06 15:55:35.147 12162 12162 I Finsky  : [1] lzi.c(2): Frosting ID looked up on UI thread. Caller should move to a background thread.
08-06 15:55:35.159 12162 12162 I Finsky  : [1] agsx.a(4): Do not start WearSupportService due to Wear service optimization
08-06 15:55:35.165 12162 22477 I Finsky  : [6730] lyv.run(-1): Wrote row to frosting DB: 3399
08-06 15:55:35.168 12162 22478 I Finsky  : [6731] gzn.a(-1): [ContentSync] finished, scheduled=false
08-06 15:55:35.170 12162 12269 I Finsky  : [6285] odj.b(40): IQ: No matching installs to run for jobs: []
08-06 15:55:35.172 12162 22490 I Finsky  : [6732] ejc.a(-1): Asset module broadcast after update successful for package baseline.com.ak.uobtimetable. 0 sessions broadcast.
08-06 15:55:35.184 12162 12162 I Finsky  : [1] lzi.c(2): Frosting ID looked up on UI thread. Caller should move to a background thread.
08-06 15:55:35.203   918  5481 I AccountManagerService: getTypesVisibleToCaller: isPermitted? true
08-06 15:55:35.207 24577 22484 I ChromeSync: [Persistence,AffiliationManager] One of affiliation or grouping data for android://bz0hZa4nAJEtd0n5sRlXG7KAqctUMWVefv7Ki4mh1p6slZ9YO-n9gS9j8m9YCrsIyI2wIxrDHraumF9Y6pBLTA==@baseline.com.ak.uobtimetable/ was not found. Marking affiliation data as stale...
08-06 15:55:35.260 24577 22480 I FontLog : Package baseline.com.ak.uobtimetable has no metadata [CONTEXT service_id=132 ]
08-06 15:55:35.320   918  5481 I AccountManagerService: getTypesVisibleToCaller: isPermitted? true
08-06 15:55:35.347 12162 22477 I Finsky  : [6730] lyv.run(-1): Wrote row to frosting DB: 3400
08-06 15:55:35.350 24577 13294 I Icing   : IndexChimeraService.getServiceInterface callingPackage=com.google.android.gms componentName=AppsCorpus serviceId=36
08-06 15:55:35.381 12162 22477 I Finsky  : [6730] lyv.run(-1): Wrote row to frosting DB: 3401
08-06 15:55:35.459 22501 22501 D AndroidRuntime: >>>>>> START com.android.internal.os.RuntimeInit uid 2000 <<<<<<
08-06 15:55:35.463 22501 22501 D AndroidRuntime: CheckJNI is OFF
08-06 15:55:35.467   918  3670 I AccountManagerService: getTypesVisibleToCaller: isPermitted? true
08-06 15:55:35.477 24577 18393 W Icing   : No valid account for uploading user actions
08-06 15:55:35.488 22501 22501 D ICU     : No timezone override file found: /data/misc/zoneinfo/current/icu/icu_tzdata.dat
08-06 15:55:35.491 12162 12162 I Finsky  : [1] xmu.a(8): SCH: Jobs in database: 1-1337 3-225 3-226 12-1 24-77777777 26-1414141414 
08-06 15:55:35.494 12162 12162 I Finsky  : [1] xio.a(57): SCH: ConstraintMapping: 24-77777777,  -> L: 0ms, D: 18875433ms, C: false, I: true, N: 0
08-06 15:55:35.494 12162 12162 I Finsky  : [1] xio.a(57): SCH: ConstraintMapping: 1-1337, 12-1,  -> L: 14509ms, D: 22217419ms, C: false, I: false, N: 1
08-06 15:55:35.495 12162 12162 I Finsky  : [1] xio.a(57): SCH: ConstraintMapping: 3-225,  -> L: 0ms, D: 62001362ms, C: false, I: true, N: 2
08-06 15:55:35.495 12162 12162 I Finsky  : [1] xio.a(57): SCH: ConstraintMapping: 3-226,  -> L: 0ms, D: 62001406ms, C: true, I: true, N: 2
08-06 15:55:35.496 12162 12162 I Finsky  : [1] xio.a(57): SCH: ConstraintMapping: 26-1414141414,  -> L: 26998806ms, D: 27898806ms, C: false, I: false, N: 0
08-06 15:55:35.498 12162 22478 I Finsky  : [6731] gzn.a(-1): [ContentSync] finished, scheduled=true
08-06 15:55:35.512 22501 22501 I Radio-JNI: register_android_hardware_Radio DONE
08-06 15:55:35.522 24577 13294 I Icing   : IndexChimeraService.getServiceInterface callingPackage=com.google.android.gms componentName=null serviceId=30
08-06 15:55:35.524 12162 12162 I Finsky  : [1] xle.a(34): Cancelling existing jobscheduler jobs: 9008 9000 9004 9006 9007 9005 9010 9002 9009 9003 
08-06 15:55:35.524 12162 12162 I Finsky  : [1] xle.a(27): Scheduling job Id: 9001, L: 0, D: 18875433, C: false, I: true, N: 0
08-06 15:55:35.528 22501 22501 D AndroidRuntime: Calling main entry com.android.commands.monkey.Monkey
08-06 15:55:35.537 12162 12162 I Finsky  : [1] xle.a(27): Scheduling job Id: 9011, L: 14509, D: 22217419, C: false, I: false, N: 1
08-06 15:55:35.539 12162 12162 I Finsky  : [1] xle.a(27): Scheduling job Id: 9012, L: 0, D: 62001362, C: false, I: true, N: 2
08-06 15:55:35.540 12162 12162 I Finsky  : [1] xle.a(27): Scheduling job Id: 9013, L: 0, D: 62001406, C: true, I: true, N: 2
08-06 15:55:35.541 12162 12162 I Finsky  : [1] xle.a(27): Scheduling job Id: 9014, L: 26998806, D: 27898806, C: false, I: false, N: 0
08-06 15:55:35.541   918   931 W BroadcastQueue: Skipping deliver [background] BroadcastRecord{d8de714 u-1 android.net.conn.CONNECTIVITY_CHANGE} to ReceiverList{f4babbd 22501 (unknown name)/2000/u-1 remote:d691d26}: process crashing
08-06 15:55:35.542 12162 12162 I Finsky  : [1] xle.a(27): Scheduling job Id: 9015, L: 0, D: 18875433, C: false, I: true, N: 0
08-06 15:55:35.543 12162 12162 I Finsky  : [1] xle.a(27): Scheduling job Id: 9016, L: 14509, D: 22217419, C: false, I: false, N: 1
08-06 15:55:35.544 12162 12162 I Finsky  : [1] xle.a(27): Scheduling job Id: 9017, L: 0, D: 62001362, C: false, I: true, N: 2
08-06 15:55:35.546 12162 12162 I Finsky  : [1] xle.a(27): Scheduling job Id: 9018, L: 0, D: 62001406, C: true, I: true, N: 2
08-06 15:55:35.547 12162 12162 I Finsky  : [1] xle.a(27): Scheduling job Id: 9019, L: 26998806, D: 27898806, C: false, I: false, N: 0
08-06 15:55:35.551 24577 18393 I Icing   : Usage reports ok 1, Failed Usage reports 0, indexed 0, rejected 0
08-06 15:55:35.554 24577 18393 W Icing   : No valid account for uploading user actions
08-06 15:55:35.569   918  4400 I ActivityManager: START u0 {act=android.intent.action.MAIN cat=[android.intent.category.LAUNCHER] flg=0x10200000 cmp=baseline.com.ak.uobtimetable/.MainActivity} from uid 2000 on display 0
08-06 15:55:35.571 24577 18393 I Icing   : Usage reports ok 0, Failed Usage reports 0, indexed 0, rejected 0
08-06 15:55:35.571 24577 18393 I Icing   : Indexing com.google.android.gms-internal.3p:MobileApplication from com.google.android.gms using seqno 763
08-06 15:55:35.574 24577 18393 I Icing   : Indexing com.google.android.gms-internal.3p:MobileApplication from com.google.android.gms using seqno 763
08-06 15:55:35.591 22517 22517 I art     : Late-enabling -Xcheck:jni
08-06 15:55:35.593   918  6112 I ActivityManager: Start proc 22517:baseline.com.ak.uobtimetable/u0a710 for activity baseline.com.ak.uobtimetable/.MainActivity
08-06 15:55:35.606 22501 22501 I art     : System.exit called, status: 0
08-06 15:55:35.606 22501 22501 I AndroidRuntime: VM exiting with result code 0.
08-06 15:55:35.624 24577 13294 I Icing   : IndexChimeraService.getServiceInterface callingPackage=com.google.android.gms componentName=null serviceId=36
08-06 15:55:35.629 24577 18393 W Icing   : No valid account for uploading user actions
08-06 15:55:35.630 22517 22517 W System  : ClassLoader referenced unknown path: /data/app/baseline.com.ak.uobtimetable-2/lib/arm64
08-06 15:55:35.637 22517 22517 E Application: Can't init Bugsnag - No key
08-06 15:55:35.637 22517 22517 E Application: java.lang.Exception: Can't init Bugsnag - No key
08-06 15:55:35.637 22517 22517 E Application: 	at baseline.com.ak.uobtimetable.Utilities.Logging.Logger.error(Logger.java:79)
08-06 15:55:35.637 22517 22517 E Application: 	at baseline.com.ak.uobtimetable.MyApplication.onCreate(MyApplication.java:52)
08-06 15:55:35.637 22517 22517 E Application: 	at android.app.Instrumentation.callApplicationOnCreate(Instrumentation.java:1013)
08-06 15:55:35.637 22517 22517 E Application: 	at android.app.ActivityThread.handleBindApplication(ActivityThread.java:4707)
08-06 15:55:35.637 22517 22517 E Application: 	at android.app.ActivityThread.-wrap1(ActivityThread.java)
08-06 15:55:35.637 22517 22517 E Application: 	at android.app.ActivityThread$H.handleMessage(ActivityThread.java:1405)
08-06 15:55:35.637 22517 22517 E Application: 	at android.os.Handler.dispatchMessage(Handler.java:102)
08-06 15:55:35.637 22517 22517 E Application: 	at android.os.Looper.loop(Looper.java:148)
08-06 15:55:35.637 22517 22517 E Application: 	at android.app.ActivityThread.main(ActivityThread.java:5417)
08-06 15:55:35.637 22517 22517 E Application: 	at java.lang.reflect.Method.invoke(Native Method)
08-06 15:55:35.637 22517 22517 E Application: 	at com.android.internal.os.ZygoteInit$MethodAndArgsCaller.run(ZygoteInit.java:726)
08-06 15:55:35.637 22517 22517 E Application: 	at com.android.internal.os.ZygoteInit.main(ZygoteInit.java:616)
08-06 15:55:35.638 22517 22517 I Application: API level: 23
08-06 15:55:35.645 22517 22517 I Application: API level name: M
08-06 15:55:35.646 22517 22517 I Application: Target API level: 29
08-06 15:55:35.646 22517 22517 I Application: Git commit hash: d26bf1fa
08-06 15:55:35.646 22517 22517 I Application: Git branch: master
08-06 15:55:35.646 22517 22517 I Application: Build type: Debug
08-06 15:55:35.648 22517 22517 I Application: Build keys: Release
08-06 15:55:35.648 22517 22517 I Application: Version code: 21
08-06 15:55:35.668 22517 22517 I Application: Version name: 2.5
08-06 15:55:35.668 22517 22517 I Application: Build date: 22:30 03/08/20
08-06 15:55:35.669 22517 22517 I Application: Package update date: 23:40 05/08/20
08-06 15:55:35.669 22517 22517 I SettingsManager: Getting int: launchCount
08-06 15:55:35.669 22517 22517 I SettingsManager: Setting int: launchCount
08-06 15:55:35.677 24577 18393 I Icing   : Usage reports ok 1, Failed Usage reports 0, indexed 0, rejected 0
08-06 15:55:35.677   918   928 W BackupManagerService: dataChanged but no participant pkg='baseline.com.ak.uobtimetable' uid=10710
08-06 15:55:35.677 22517 22517 I Application: Launch count: 1
08-06 15:55:35.682 32587  1254 I PBSessionCacheImpl: Deleted sessionId[143320738375546892] from persistence.
08-06 15:55:35.682 22517 22517 I Application: Network: TYPE_WIFI
08-06 15:55:35.683 22517 22517 I Application: Tablet layout: false
08-06 15:55:35.685 32587 32617 W SearchServiceCore: Abort, client detached.
08-06 15:55:35.686 32587 32617 I MicroDetectionState: Should stop hotword detection immediately - true
08-06 15:55:35.695 22517 22517 W art     : Before Android 4.1, method android.graphics.PorterDuffColorFilter androidx.vectordrawable.graphics.drawable.VectorDrawableCompat.updateTintFilter(android.graphics.PorterDuffColorFilter, android.content.res.ColorStateList, android.graphics.PorterDuff$Mode) would have incorrectly overridden the package-private method in android.graphics.drawable.Drawable
08-06 15:55:35.707 22517 22517 I art     : Rejecting re-init on previously-failed class java.lang.Class<androidx.core.view.ViewCompat$OnUnhandledKeyEventListenerWrapper>
08-06 15:55:35.707 22517 22517 I art     : Rejecting re-init on previously-failed class java.lang.Class<androidx.core.view.ViewCompat$OnUnhandledKeyEventListenerWrapper>
08-06 15:55:35.771 22517 22517 D MainActivity: onCreate
08-06 15:55:35.771 22517 22517 I SettingsManager: Getting string: savedSessions
08-06 15:55:35.771 22517 22517 I Settings: No saved sessions
08-06 15:55:35.801 22517 22517 I SettingsManager: Getting string: savedCourse
08-06 15:55:35.801   918  3359 I ActivityManager: START u0 {flg=0x14000000 cmp=baseline.com.ak.uobtimetable/.WelcomeActivity} from uid 10710 on display 0
08-06 15:55:35.811 22517 22517 D MainActivity: OnResume
08-06 15:55:35.818 22517 22533 D OpenGLRenderer: Use EGL_SWAP_BEHAVIOR_PRESERVED: true
08-06 15:55:35.827 22517 22517 D MainActivity: OnPause
08-06 15:55:35.967 22517 22533 I Adreno  : QUALCOMM build                   : fcf4852, I1af360237c
08-06 15:55:35.967 22517 22533 I Adreno  : Build Date                       : 09/23/15
08-06 15:55:35.967 22517 22533 I Adreno  : OpenGL ES Shader Compiler Version: XE031.05.13.02
08-06 15:55:35.967 22517 22533 I Adreno  : Local Branch                     : mybranch14465806
08-06 15:55:35.967 22517 22533 I Adreno  : Remote Branch                    : quic/LA.BF64.1.2.9_v2
08-06 15:55:35.967 22517 22533 I Adreno  : Remote Branch                    : NONE
08-06 15:55:35.967 22517 22533 I Adreno  : Reconstruct Branch               : NOTHING
08-06 15:55:35.991 22517 22533 I OpenGLRenderer: Initialized EGL, version 1.4
08-06 15:55:36.203   918   936 I ActivityManager: Displayed baseline.com.ak.uobtimetable/.WelcomeActivity: +373ms (total +620ms)
08-06 15:55:36.208 13866 13866 I GoogleInputMethodServic: GoogleInputMethodService.onFinishInput():3138 
08-06 15:55:36.209 13866 13866 I GoogleInputMethodServic: GoogleInputMethodService.onStartInput():1808 
08-06 15:55:36.387 22517 22517 D MainActivity: Saving state
08-06 15:55:36.557 24577 18393 I Icing   : Indexing com.google.android.gms-apps from com.google.android.gms
08-06 15:55:36.678 24577 18393 I Icing   : Indexing done com.google.android.gms-apps
08-06 15:55:37.185 22548 22548 D AndroidRuntime: >>>>>> START com.android.internal.os.RuntimeInit uid 2000 <<<<<<
08-06 15:55:37.193 22548 22548 D AndroidRuntime: CheckJNI is OFF
08-06 15:55:37.225 22548 22548 D ICU     : No timezone override file found: /data/misc/zoneinfo/current/icu/icu_tzdata.dat
08-06 15:55:37.258 22548 22548 I Radio-JNI: register_android_hardware_Radio DONE
08-06 15:55:37.276 22548 22548 D AndroidRuntime: Calling main entry com.android.commands.am.Am
08-06 15:55:37.285   779   779 I Trepn   : Trepn 6.2s: Received intent: com.quicinc.trepn.start_profiling
08-06 15:55:37.374   779   779 W FileUtils: Failed to chmod(/storage/emulated/0/trepn/Trepn_2020.08.06_155537.db): android.system.ErrnoException: chmod failed: EPERM (Operation not permitted)
08-06 15:55:37.450   779   779 I Trepn   : Trepn 6.2s: Trepn has Started Profiling.
08-06 15:55:37.452 22548 22548 D AndroidRuntime: Shutting down VM
08-06 15:55:37.928 22517 22529 I art     : Starting a blocking GC Explicit
08-06 15:55:37.947 22517 22529 I art     : Explicit concurrent mark sweep GC freed 2715(508KB) AllocSpace objects, 2(1340KB) LOS objects, 40% free, 21MB/36MB, paused 133us total 19.464ms
08-06 15:55:37.957 22517 22529 I art     : Starting a blocking GC Explicit
08-06 15:55:37.968 22517 22529 I art     : Explicit concurrent mark sweep GC freed 398(17KB) AllocSpace objects, 0(0B) LOS objects, 40% free, 21MB/36MB, paused 95us total 10.678ms
08-06 15:55:37.974 22517 22529 I art     : Starting a blocking GC Explicit
08-06 15:55:37.984 22517 22529 I art     : Explicit concurrent mark sweep GC freed 3(96B) AllocSpace objects, 0(0B) LOS objects, 40% free, 21MB/36MB, paused 98us total 10.289ms
08-06 15:55:37.990 22517 22529 I art     : Starting a blocking GC Explicit
08-06 15:55:38.001 22517 22529 I art     : Explicit concurrent mark sweep GC freed 3(96B) AllocSpace objects, 0(0B) LOS objects, 40% free, 21MB/36MB, paused 92us total 10.228ms
08-06 15:55:38.007 22517 22529 I art     : Starting a blocking GC Explicit
08-06 15:55:38.017 22517 22529 I art     : Explicit concurrent mark sweep GC freed 3(96B) AllocSpace objects, 0(0B) LOS objects, 40% free, 21MB/36MB, paused 94us total 10.201ms
08-06 15:55:38.295 22517 22530 I art     : Starting a blocking GC Explicit
08-06 15:55:38.310 22517 22530 I art     : Explicit concurrent mark sweep GC freed 1273(74KB) AllocSpace objects, 1(20KB) LOS objects, 40% free, 21MB/36MB, paused 128us total 15.116ms
08-06 15:55:38.320 22517 22530 I art     : Starting a blocking GC Explicit
08-06 15:55:38.331 22517 22530 I art     : Explicit concurrent mark sweep GC freed 18(624B) AllocSpace objects, 0(0B) LOS objects, 40% free, 21MB/36MB, paused 107us total 10.841ms
08-06 15:55:38.337 22517 22530 I art     : Starting a blocking GC Explicit
08-06 15:55:38.348 22517 22530 I art     : Explicit concurrent mark sweep GC freed 3(96B) AllocSpace objects, 0(0B) LOS objects, 40% free, 21MB/36MB, paused 100us total 10.348ms
08-06 15:55:38.354 22517 22530 I art     : Starting a blocking GC Explicit
08-06 15:55:38.364 22517 22530 I art     : Explicit concurrent mark sweep GC freed 3(96B) AllocSpace objects, 0(0B) LOS objects, 40% free, 21MB/36MB, paused 87us total 9.997ms
08-06 15:55:38.370 22517 22530 I art     : Starting a blocking GC Explicit
08-06 15:55:38.380 22517 22530 I art     : Explicit concurrent mark sweep GC freed 3(96B) AllocSpace objects, 0(0B) LOS objects, 40% free, 21MB/36MB, paused 93us total 10.067ms
08-06 15:55:38.670 22517 22529 I art     : Starting a blocking GC Explicit
08-06 15:55:38.684 22517 22529 I art     : Explicit concurrent mark sweep GC freed 1270(74KB) AllocSpace objects, 1(20KB) LOS objects, 40% free, 21MB/36MB, paused 104us total 13.578ms
08-06 15:55:38.691 22517 22529 I art     : Starting a blocking GC Explicit
08-06 15:55:38.702 22517 22529 I art     : Explicit concurrent mark sweep GC freed 18(624B) AllocSpace objects, 0(0B) LOS objects, 40% free, 21MB/36MB, paused 104us total 11.498ms
08-06 15:55:38.709 22517 22529 I art     : Starting a blocking GC Explicit
08-06 15:55:38.720 22517 22529 I art     : Explicit concurrent mark sweep GC freed 3(96B) AllocSpace objects, 0(0B) LOS objects, 40% free, 21MB/36MB, paused 90us total 10.790ms
08-06 15:55:38.726 22517 22529 I art     : Starting a blocking GC Explicit
08-06 15:55:38.736 22517 22529 I art     : Explicit concurrent mark sweep GC freed 3(96B) AllocSpace objects, 0(0B) LOS objects, 40% free, 21MB/36MB, paused 83us total 9.644ms
08-06 15:55:38.741 22517 22529 I art     : Starting a blocking GC Explicit
08-06 15:55:38.751 22517 22529 I art     : Explicit concurrent mark sweep GC freed 3(96B) AllocSpace objects, 0(0B) LOS objects, 40% free, 21MB/36MB, paused 83us total 9.582ms
08-06 15:55:39.025 22517 22530 I art     : Starting a blocking GC Explicit
08-06 15:55:39.038 22517 22530 I art     : Explicit concurrent mark sweep GC freed 1268(74KB) AllocSpace objects, 1(20KB) LOS objects, 40% free, 21MB/36MB, paused 100us total 12.291ms
08-06 15:55:39.044 22517 22530 I art     : Starting a blocking GC Explicit
08-06 15:55:39.055 22517 22530 I art     : Explicit concurrent mark sweep GC freed 18(624B) AllocSpace objects, 0(0B) LOS objects, 40% free, 21MB/36MB, paused 101us total 10.696ms
08-06 15:55:39.061 22517 22530 I art     : Starting a blocking GC Explicit
08-06 15:55:39.071 22517 22530 I art     : Explicit concurrent mark sweep GC freed 3(96B) AllocSpace objects, 0(0B) LOS objects, 40% free, 21MB/36MB, paused 98us total 10.081ms
08-06 15:55:39.077 22517 22530 I art     : Starting a blocking GC Explicit
08-06 15:55:39.087 22517 22530 I art     : Explicit concurrent mark sweep GC freed 3(96B) AllocSpace objects, 0(0B) LOS objects, 40% free, 21MB/36MB, paused 89us total 9.370ms
08-06 15:55:39.092 22517 22530 I art     : Starting a blocking GC Explicit
08-06 15:55:39.102 22517 22530 I art     : Explicit concurrent mark sweep GC freed 3(96B) AllocSpace objects, 0(0B) LOS objects, 40% free, 21MB/36MB, paused 95us total 9.565ms
08-06 15:55:39.404 22517 22529 I art     : Starting a blocking GC Explicit
08-06 15:55:39.416 22517 22529 I art     : Explicit concurrent mark sweep GC freed 1268(74KB) AllocSpace objects, 1(20KB) LOS objects, 40% free, 21MB/36MB, paused 111us total 12.579ms
08-06 15:55:39.423 22517 22529 I art     : Starting a blocking GC Explicit
08-06 15:55:39.434 22517 22529 I art     : Explicit concurrent mark sweep GC freed 18(624B) AllocSpace objects, 0(0B) LOS objects, 40% free, 21MB/36MB, paused 101us total 10.696ms
08-06 15:55:39.440 22517 22529 I art     : Starting a blocking GC Explicit
08-06 15:55:39.450 22517 22529 I art     : Explicit concurrent mark sweep GC freed 3(96B) AllocSpace objects, 0(0B) LOS objects, 40% free, 21MB/36MB, paused 93us total 10.328ms
08-06 15:55:39.456 22517 22529 I art     : Starting a blocking GC Explicit
08-06 15:55:39.467 22517 22529 I art     : Explicit concurrent mark sweep GC freed 3(96B) AllocSpace objects, 0(0B) LOS objects, 40% free, 21MB/36MB, paused 93us total 10.372ms
08-06 15:55:39.473 22517 22529 I art     : Starting a blocking GC Explicit
08-06 15:55:39.483 22517 22529 I art     : Explicit concurrent mark sweep GC freed 3(96B) AllocSpace objects, 0(0B) LOS objects, 40% free, 21MB/36MB, paused 94us total 9.460ms
08-06 15:55:39.797 22517 22530 I art     : Starting a blocking GC Explicit
08-06 15:55:39.812 22517 22530 I art     : Explicit concurrent mark sweep GC freed 1268(74KB) AllocSpace objects, 1(20KB) LOS objects, 40% free, 21MB/36MB, paused 132us total 14.847ms
08-06 15:55:39.820 22517 22530 I art     : Starting a blocking GC Explicit
08-06 15:55:39.830 22517 22530 I art     : Explicit concurrent mark sweep GC freed 18(624B) AllocSpace objects, 0(0B) LOS objects, 40% free, 21MB/36MB, paused 101us total 10.480ms
08-06 15:55:39.837 22517 22530 I art     : Starting a blocking GC Explicit
08-06 15:55:39.847 22517 22530 I art     : Explicit concurrent mark sweep GC freed 3(96B) AllocSpace objects, 0(0B) LOS objects, 40% free, 21MB/36MB, paused 112us total 9.428ms
08-06 15:55:39.852 22517 22530 I art     : Starting a blocking GC Explicit
08-06 15:55:39.862 22517 22530 I art     : Explicit concurrent mark sweep GC freed 3(96B) AllocSpace objects, 0(0B) LOS objects, 40% free, 21MB/36MB, paused 93us total 9.699ms
08-06 15:55:39.868 22517 22530 I art     : Starting a blocking GC Explicit
08-06 15:55:39.877 22517 22530 I art     : Explicit concurrent mark sweep GC freed 3(96B) AllocSpace objects, 0(0B) LOS objects, 40% free, 21MB/36MB, paused 96us total 9.492ms
08-06 15:55:40.175 22517 22529 I art     : Starting a blocking GC Explicit
08-06 15:55:40.187 22517 22529 I art     : Explicit concurrent mark sweep GC freed 1268(74KB) AllocSpace objects, 1(20KB) LOS objects, 40% free, 21MB/36MB, paused 116us total 12.443ms
08-06 15:55:40.194 22517 22529 I art     : Starting a blocking GC Explicit
08-06 15:55:40.206 22517 22529 I art     : Explicit concurrent mark sweep GC freed 18(624B) AllocSpace objects, 0(0B) LOS objects, 40% free, 21MB/36MB, paused 102us total 11.247ms
08-06 15:55:40.212 22517 22529 I art     : Starting a blocking GC Explicit
08-06 15:55:40.223 22517 22529 I art     : Explicit concurrent mark sweep GC freed 3(96B) AllocSpace objects, 0(0B) LOS objects, 40% free, 21MB/36MB, paused 89us total 10.608ms
08-06 15:55:40.229 22517 22529 I art     : Starting a blocking GC Explicit
08-06 15:55:40.239 22517 22529 I art     : Explicit concurrent mark sweep GC freed 3(96B) AllocSpace objects, 0(0B) LOS objects, 40% free, 21MB/36MB, paused 89us total 9.931ms
08-06 15:55:40.245 22517 22529 I art     : Starting a blocking GC Explicit
08-06 15:55:40.255 22517 22529 I art     : Explicit concurrent mark sweep GC freed 3(96B) AllocSpace objects, 0(0B) LOS objects, 40% free, 21MB/36MB, paused 90us total 10.242ms
08-06 15:55:40.550 22517 22530 I art     : Starting a blocking GC Explicit
08-06 15:55:40.565 22517 22530 I art     : Explicit concurrent mark sweep GC freed 1268(74KB) AllocSpace objects, 1(20KB) LOS objects, 40% free, 21MB/36MB, paused 130us total 14.960ms
08-06 15:55:40.575 22517 22530 I art     : Starting a blocking GC Explicit
08-06 15:55:40.586 22517 22530 I art     : Explicit concurrent mark sweep GC freed 18(624B) AllocSpace objects, 0(0B) LOS objects, 40% free, 21MB/36MB, paused 100us total 11.171ms
08-06 15:55:40.593 22517 22530 I art     : Starting a blocking GC Explicit
08-06 15:55:40.603 22517 22530 I art     : Explicit concurrent mark sweep GC freed 3(96B) AllocSpace objects, 0(0B) LOS objects, 40% free, 21MB/36MB, paused 103us total 10.620ms
08-06 15:55:40.609 22517 22530 I art     : Starting a blocking GC Explicit
08-06 15:55:40.620 22517 22530 I art     : Explicit concurrent mark sweep GC freed 3(96B) AllocSpace objects, 0(0B) LOS objects, 40% free, 21MB/36MB, paused 97us total 10.224ms
08-06 15:55:40.626 22517 22530 I art     : Starting a blocking GC Explicit
08-06 15:55:40.636 22517 22530 I art     : Explicit concurrent mark sweep GC freed 3(96B) AllocSpace objects, 0(0B) LOS objects, 40% free, 21MB/36MB, paused 92us total 9.979ms
08-06 15:55:40.961 22517 22529 I art     : Starting a blocking GC Explicit
08-06 15:55:40.978 22517 22529 I art     : Explicit concurrent mark sweep GC freed 1268(74KB) AllocSpace objects, 1(20KB) LOS objects, 40% free, 21MB/36MB, paused 128us total 16.058ms
08-06 15:55:40.988 22517 22529 I art     : Starting a blocking GC Explicit
08-06 15:55:40.999 22517 22529 I art     : Explicit concurrent mark sweep GC freed 18(624B) AllocSpace objects, 0(0B) LOS objects, 40% free, 21MB/36MB, paused 97us total 11.428ms
08-06 15:55:41.006 22517 22529 I art     : Starting a blocking GC Explicit
08-06 15:55:41.016 22517 22529 I art     : Explicit concurrent mark sweep GC freed 3(96B) AllocSpace objects, 0(0B) LOS objects, 40% free, 21MB/36MB, paused 89us total 10.275ms
08-06 15:55:41.022 22517 22529 I art     : Starting a blocking GC Explicit
08-06 15:55:41.032 22517 22529 I art     : Explicit concurrent mark sweep GC freed 3(96B) AllocSpace objects, 0(0B) LOS objects, 40% free, 21MB/36MB, paused 88us total 9.828ms
08-06 15:55:41.038 22517 22529 I art     : Starting a blocking GC Explicit
08-06 15:55:41.048 22517 22529 I art     : Explicit concurrent mark sweep GC freed 3(96B) AllocSpace objects, 0(0B) LOS objects, 40% free, 21MB/36MB, paused 84us total 9.408ms
08-06 15:55:41.314 22517 22530 I art     : Starting a blocking GC Explicit
08-06 15:55:41.327 22517 22530 I art     : Explicit concurrent mark sweep GC freed 1268(74KB) AllocSpace objects, 1(20KB) LOS objects, 40% free, 21MB/36MB, paused 119us total 12.802ms
08-06 15:55:41.334 22517 22530 I art     : Starting a blocking GC Explicit
08-06 15:55:41.345 22517 22530 I art     : Explicit concurrent mark sweep GC freed 18(624B) AllocSpace objects, 0(0B) LOS objects, 40% free, 21MB/36MB, paused 94us total 10.851ms
08-06 15:55:41.351 22517 22530 I art     : Starting a blocking GC Explicit
08-06 15:55:41.362 22517 22530 I art     : Explicit concurrent mark sweep GC freed 3(96B) AllocSpace objects, 0(0B) LOS objects, 40% free, 21MB/36MB, paused 96us total 10.403ms
08-06 15:55:41.368 22517 22530 I art     : Starting a blocking GC Explicit
08-06 15:55:41.378 22517 22530 I art     : Explicit concurrent mark sweep GC freed 3(96B) AllocSpace objects, 0(0B) LOS objects, 40% free, 21MB/36MB, paused 92us total 10.229ms
08-06 15:55:41.384 22517 22530 I art     : Starting a blocking GC Explicit
08-06 15:55:41.394 22517 22530 I art     : Explicit concurrent mark sweep GC freed 3(96B) AllocSpace objects, 0(0B) LOS objects, 40% free, 21MB/36MB, paused 82us total 9.786ms
08-06 15:55:41.647 22517 22529 I art     : Starting a blocking GC Explicit
08-06 15:55:41.660 22517 22529 I art     : Explicit concurrent mark sweep GC freed 1268(74KB) AllocSpace objects, 1(20KB) LOS objects, 40% free, 21MB/36MB, paused 100us total 12.625ms
08-06 15:55:41.667 22517 22529 I art     : Starting a blocking GC Explicit
08-06 15:55:41.678 22517 22529 I art     : Explicit concurrent mark sweep GC freed 18(624B) AllocSpace objects, 0(0B) LOS objects, 40% free, 21MB/36MB, paused 90us total 10.963ms
08-06 15:55:41.684 22517 22529 I art     : Starting a blocking GC Explicit
08-06 15:55:41.694 22517 22529 I art     : Explicit concurrent mark sweep GC freed 3(96B) AllocSpace objects, 0(0B) LOS objects, 40% free, 21MB/36MB, paused 92us total 9.683ms
08-06 15:55:41.699 22517 22529 I art     : Starting a blocking GC Explicit
08-06 15:55:41.708 22517 22529 I art     : Explicit concurrent mark sweep GC freed 3(96B) AllocSpace objects, 0(0B) LOS objects, 40% free, 21MB/36MB, paused 86us total 8.925ms
08-06 15:55:41.714 22517 22529 I art     : Starting a blocking GC Explicit
08-06 15:55:41.723 22517 22529 I art     : Explicit concurrent mark sweep GC freed 3(96B) AllocSpace objects, 0(0B) LOS objects, 40% free, 21MB/36MB, paused 85us total 8.955ms
08-06 15:55:42.005 22517 22530 I art     : Starting a blocking GC Explicit
08-06 15:55:42.023 22517 22530 I art     : Explicit concurrent mark sweep GC freed 1268(74KB) AllocSpace objects, 1(20KB) LOS objects, 40% free, 21MB/36MB, paused 143us total 17.740ms
08-06 15:55:42.034 22517 22530 I art     : Starting a blocking GC Explicit
08-06 15:55:42.045 22517 22530 I art     : Explicit concurrent mark sweep GC freed 18(624B) AllocSpace objects, 0(0B) LOS objects, 40% free, 21MB/36MB, paused 106us total 10.814ms
08-06 15:55:42.051 22517 22530 I art     : Starting a blocking GC Explicit
08-06 15:55:42.061 22517 22530 I art     : Explicit concurrent mark sweep GC freed 3(96B) AllocSpace objects, 0(0B) LOS objects, 40% free, 21MB/36MB, paused 99us total 9.975ms
08-06 15:55:42.068 22517 22530 I art     : Starting a blocking GC Explicit
08-06 15:55:42.078 22517 22530 I art     : Explicit concurrent mark sweep GC freed 3(96B) AllocSpace objects, 0(0B) LOS objects, 40% free, 21MB/36MB, paused 90us total 9.923ms
08-06 15:55:42.083 22517 22530 I art     : Starting a blocking GC Explicit
08-06 15:55:42.094 22517 22530 I art     : Explicit concurrent mark sweep GC freed 3(96B) AllocSpace objects, 0(0B) LOS objects, 40% free, 21MB/36MB, paused 93us total 9.975ms
08-06 15:55:42.327 22517 22529 I art     : Starting a blocking GC Explicit
08-06 15:55:42.337 22517 22529 I art     : Explicit concurrent mark sweep GC freed 1268(74KB) AllocSpace objects, 1(20KB) LOS objects, 40% free, 21MB/36MB, paused 89us total 10.354ms
08-06 15:55:42.343 22517 22529 I art     : Starting a blocking GC Explicit
08-06 15:55:42.353 22517 22529 I art     : Explicit concurrent mark sweep GC freed 18(624B) AllocSpace objects, 0(0B) LOS objects, 40% free, 21MB/36MB, paused 96us total 9.516ms
08-06 15:55:42.359 22517 22529 I art     : Starting a blocking GC Explicit
08-06 15:55:42.368 22517 22529 I art     : Explicit concurrent mark sweep GC freed 3(96B) AllocSpace objects, 0(0B) LOS objects, 40% free, 21MB/36MB, paused 86us total 9.518ms
08-06 15:55:42.374 22517 22529 I art     : Starting a blocking GC Explicit
08-06 15:55:42.383 22517 22529 I art     : Explicit concurrent mark sweep GC freed 3(96B) AllocSpace objects, 0(0B) LOS objects, 40% free, 21MB/36MB, paused 89us total 9.386ms
08-06 15:55:42.389 22517 22529 I art     : Starting a blocking GC Explicit
08-06 15:55:42.399 22517 22529 I art     : Explicit concurrent mark sweep GC freed 3(96B) AllocSpace objects, 0(0B) LOS objects, 40% free, 21MB/36MB, paused 84us total 9.436ms
08-06 15:55:42.585 22702 22702 D AndroidRuntime: >>>>>> START com.android.internal.os.RuntimeInit uid 2000 <<<<<<
08-06 15:55:42.589 22702 22702 D AndroidRuntime: CheckJNI is OFF
08-06 15:55:42.613 22702 22702 D ICU     : No timezone override file found: /data/misc/zoneinfo/current/icu/icu_tzdata.dat
08-06 15:55:42.637 22702 22702 I Radio-JNI: register_android_hardware_Radio DONE
08-06 15:55:42.653 22702 22702 D AndroidRuntime: Calling main entry com.android.commands.input.Input
08-06 15:55:42.654 22702 22702 I Input   : injectMotionEvent: MotionEvent { action=ACTION_DOWN, actionButton=0, id[0]=0, x[0]=711.0, y[0]=1664.0, toolType[0]=TOOL_TYPE_UNKNOWN, buttonState=0, metaState=0, flags=0x0, edgeFlags=0x0, pointerCount=1, historySize=0, eventTime=892559067, downTime=892559067, deviceId=0, source=0x1002 }
08-06 15:55:42.659 22702 22702 I Input   : injectMotionEvent: MotionEvent { action=ACTION_UP, actionButton=0, id[0]=0, x[0]=711.0, y[0]=1664.0, toolType[0]=TOOL_TYPE_UNKNOWN, buttonState=0, metaState=0, flags=0x0, edgeFlags=0x0, pointerCount=1, historySize=0, eventTime=892559067, downTime=892559067, deviceId=0, source=0x1002 }
08-06 15:55:42.661 22702 22702 D AndroidRuntime: Shutting down VM
08-06 15:55:42.665   918  3961 I ActivityManager: START u0 {flg=0x14000000 cmp=baseline.com.ak.uobtimetable/.CourseListActivity} from uid 10710 on display 0
08-06 15:55:42.667 22517 22530 I art     : Starting a blocking GC Explicit
08-06 15:55:42.669   512  2967 D audio_hw_primary: out_set_parameters: enter: usecase(1: low-latency-playback) kvpairs: routing=2
08-06 15:55:42.680 22517 22530 I art     : Explicit concurrent mark sweep GC freed 1363(86KB) AllocSpace objects, 1(20KB) LOS objects, 40% free, 21MB/36MB, paused 227us total 12.580ms
08-06 15:55:42.682   512  2967 D audio_hw_primary: select_devices: out_snd_device(2: speaker) in_snd_device(0: none)
08-06 15:55:42.682   512  2967 D msm8974_platform: platform_send_audio_calibration: sending audio calibration for snd_device(2) acdb_id(15)
08-06 15:55:42.682   512  2967 I soundtrigger: audio_extn_sound_trigger_update_device_status: device 0x2 of type 0 for Event 1
08-06 15:55:42.686 22517 22530 I art     : Starting a blocking GC Explicit
08-06 15:55:42.692   512  2967 D audio_hw_primary: enable_snd_device: snd_device(2: speaker)
08-06 15:55:42.694   512  2967 D audio_hw_primary: enable_audio_route: apply and update mixer path: low-latency-playback speaker
08-06 15:55:42.697 22517 22530 I art     : Explicit concurrent mark sweep GC freed 1498(89KB) AllocSpace objects, 0(0B) LOS objects, 40% free, 21MB/36MB, paused 270us total 11.316ms
08-06 15:55:42.704 22517 22530 I art     : Starting a blocking GC Explicit
08-06 15:55:42.709 22517 22517 D CourseListActivity: onCreate
08-06 15:55:42.717 22517 22530 I art     : Explicit concurrent mark sweep GC freed 814(85KB) AllocSpace objects, 0(0B) LOS objects, 40% free, 22MB/36MB, paused 447us total 13.019ms
08-06 15:55:42.723 22517 22530 I art     : Starting a blocking GC Explicit
08-06 15:55:42.737 22517 22731 D HTTP    : Request for: https://uob-timetable-api.adriankeenan.co.uk/courses
08-06 15:55:42.741 22517 22530 I art     : Explicit concurrent mark sweep GC freed 981(87KB) AllocSpace objects, 0(0B) LOS objects, 40% free, 22MB/36MB, paused 518us total 17.190ms
08-06 15:55:42.747 22517 22530 I art     : Starting a blocking GC Explicit
08-06 15:55:42.758 22517 22530 I art     : Explicit concurrent mark sweep GC freed 366(42KB) AllocSpace objects, 0(0B) LOS objects, 40% free, 22MB/36MB, paused 140us total 10.756ms
08-06 15:55:42.806   918   936 I ActivityManager: Displayed baseline.com.ak.uobtimetable/.CourseListActivity: +128ms
08-06 15:55:42.807 13866 13866 I GoogleInputMethodServic: GoogleInputMethodService.onFinishInput():3138 
08-06 15:55:42.808 13866 13866 I GoogleInputMethodServic: GoogleInputMethodService.onStartInput():1808 
08-06 15:55:42.833 22517 22533 D OpenGLRenderer: endAllStagingAnimators on 0x7f949cd800 (RippleDrawable) with handle 0x7f99f0f9e0
08-06 15:55:42.977 22517 22729 I art     : Starting a blocking GC Explicit
08-06 15:55:42.995 22517 22729 I art     : Explicit concurrent mark sweep GC freed 1617(96KB) AllocSpace objects, 1(20KB) LOS objects, 40% free, 22MB/37MB, paused 212us total 17.923ms
08-06 15:55:43.002 22517 22729 I art     : Starting a blocking GC Explicit
08-06 15:55:43.014 22517 22729 I art     : Explicit concurrent mark sweep GC freed 46(1536B) AllocSpace objects, 0(0B) LOS objects, 40% free, 22MB/37MB, paused 134us total 11.886ms
08-06 15:55:43.020 22517 22729 I art     : Starting a blocking GC Explicit
08-06 15:55:43.032 22517 22729 I art     : Explicit concurrent mark sweep GC freed 4(128B) AllocSpace objects, 0(0B) LOS objects, 40% free, 22MB/37MB, paused 150us total 12.283ms
08-06 15:55:43.038 22517 22729 I art     : Starting a blocking GC Explicit
08-06 15:55:43.050 22517 22729 I art     : Explicit concurrent mark sweep GC freed 4(128B) AllocSpace objects, 0(0B) LOS objects, 40% free, 22MB/37MB, paused 138us total 11.808ms
08-06 15:55:43.056 22517 22729 I art     : Starting a blocking GC Explicit
08-06 15:55:43.068 22517 22729 I art     : Explicit concurrent mark sweep GC freed 41(1888B) AllocSpace objects, 0(0B) LOS objects, 40% free, 22MB/37MB, paused 147us total 12.258ms
08-06 15:55:43.190 22517 22731 I NAPPA_EXPERIMENTATION: MetricNetworkRequestExecutionTime: REQUEST_DURATION_SYSTEM='449',REQUEST_DURATION_OKHTTP='39',REQUEST_SYNCHRONOUS='TRUE',RESPONSE_CODE='200',RESPONSE_METHOD='GET',RESPONSE_LENGTH_OKHTTP='-1',RESPONSE_LENGTH_HEADER='-2',REQUEST_PROTOCOL='http/1.1',REQUEST_URL='https://uob-timetable-api.adriankeenan.co.uk/courses',
08-06 15:55:43.238   512  2967 D audio_hw_primary: disable_audio_route: reset and update mixer path: low-latency-playback speaker
08-06 15:55:43.239   512  2967 D audio_hw_primary: disable_snd_device: snd_device(2: speaker)
08-06 15:55:43.250   512  2967 I soundtrigger: audio_extn_sound_trigger_update_device_status: device 0x2 of type 0 for Event 0
08-06 15:55:43.320 22517 22732 I art     : Starting a blocking GC Explicit
08-06 15:55:43.337 22517 22732 I art     : Explicit concurrent mark sweep GC freed 5336(7MB) AllocSpace objects, 4(220KB) LOS objects, 31% free, 34MB/50MB, paused 342us total 17.513ms
08-06 15:55:43.344 22517 22732 I art     : Starting a blocking GC Explicit
08-06 15:55:43.355 22517 22732 I art     : Explicit concurrent mark sweep GC freed 1784(4MB) AllocSpace objects, 0(0B) LOS objects, 26% free, 44MB/60MB, paused 162us total 10.692ms
08-06 15:55:43.360 22517 22732 I art     : Starting a blocking GC Explicit
08-06 15:55:43.370 22517 22732 I art     : Explicit concurrent mark sweep GC freed 12(448B) AllocSpace objects, 0(0B) LOS objects, 26% free, 44MB/60MB, paused 154us total 9.927ms
08-06 15:55:43.375 22517 22732 I art     : Starting a blocking GC Explicit
08-06 15:55:43.385 22517 22732 I art     : Explicit concurrent mark sweep GC freed 12(448B) AllocSpace objects, 0(0B) LOS objects, 26% free, 44MB/60MB, paused 148us total 9.767ms
08-06 15:55:43.390 22517 22732 I art     : Starting a blocking GC Explicit
08-06 15:55:43.400 22517 22732 I art     : Explicit concurrent mark sweep GC freed 12(448B) AllocSpace objects, 0(0B) LOS objects, 26% free, 44MB/60MB, paused 147us total 9.634ms
08-06 15:55:43.525 22517 22731 I HTTP    : Response was compressed.
08-06 15:55:43.557   918  3261 D WifiStateMachine: starting scan for "H369AA63323"WPA_PSK with 2412,5180
08-06 15:55:43.653 22517 22732 I art     : Starting a blocking GC Explicit
08-06 15:55:43.670 22517 22732 I art     : Explicit concurrent mark sweep GC freed 33040(1582KB) AllocSpace objects, 0(0B) LOS objects, 29% free, 38MB/54MB, paused 242us total 16.848ms
08-06 15:55:43.677 22517 22732 I art     : Starting a blocking GC Explicit
08-06 15:55:43.691 22517 22732 I art     : Explicit concurrent mark sweep GC freed 11963(555KB) AllocSpace objects, 0(0B) LOS objects, 29% free, 38MB/54MB, paused 240us total 13.708ms
08-06 15:55:43.697 22517 22732 I art     : Starting a blocking GC Explicit
08-06 15:55:43.710 22517 22732 I art     : Explicit concurrent mark sweep GC freed 10566(503KB) AllocSpace objects, 0(0B) LOS objects, 29% free, 38MB/54MB, paused 219us total 12.567ms
08-06 15:55:43.716 22517 22732 I art     : Starting a blocking GC Explicit
08-06 15:55:43.729 22517 22732 I art     : Explicit concurrent mark sweep GC freed 10464(491KB) AllocSpace objects, 0(0B) LOS objects, 29% free, 38MB/54MB, paused 214us total 12.721ms
08-06 15:55:43.734 22517 22732 I art     : Starting a blocking GC Explicit
08-06 15:55:43.748 22517 22732 I art     : Explicit concurrent mark sweep GC freed 9069(422KB) AllocSpace objects, 0(0B) LOS objects, 29% free, 38MB/54MB, paused 232us total 13.085ms
08-06 15:55:43.814 22397 22397 I ServiceManager: Waiting for service AtCmdFwd...
08-06 15:55:44.006 22517 22729 I art     : Starting a blocking GC Explicit
08-06 15:55:44.034 22517 22729 I art     : Explicit concurrent mark sweep GC freed 151695(6MB) AllocSpace objects, 1(20KB) LOS objects, 28% free, 39MB/55MB, paused 268us total 28.688ms
08-06 15:55:44.043 22517 22729 I art     : Starting a blocking GC Explicit
08-06 15:55:44.059 22517 22729 I art     : Explicit concurrent mark sweep GC freed 17127(805KB) AllocSpace objects, 0(0B) LOS objects, 28% free, 39MB/55MB, paused 269us total 15.171ms
08-06 15:55:44.066 22517 22729 I art     : Starting a blocking GC Explicit
08-06 15:55:44.081 22517 22729 I art     : Explicit concurrent mark sweep GC freed 12432(586KB) AllocSpace objects, 0(0B) LOS objects, 28% free, 39MB/55MB, paused 281us total 15.341ms
08-06 15:55:44.088 22517 22729 I art     : Starting a blocking GC Explicit
08-06 15:55:44.104 22517 22729 I art     : Explicit concurrent mark sweep GC freed 12505(601KB) AllocSpace objects, 0(0B) LOS objects, 28% free, 39MB/55MB, paused 261us total 15.457ms
08-06 15:55:44.111 22517 22729 I art     : Starting a blocking GC Explicit
08-06 15:55:44.119   518   646 I ThermalEngine: ACTION: GPU - Setting GPU[0] to 510000000
08-06 15:55:44.130 22517 22729 I art     : Explicit concurrent mark sweep GC freed 13282(624KB) AllocSpace objects, 0(0B) LOS objects, 28% free, 39MB/55MB, paused 356us total 18.808ms
08-06 15:55:44.399 22517 22732 I art     : Starting a blocking GC Explicit
08-06 15:55:44.437 22517 22732 I art     : Explicit concurrent mark sweep GC freed 161939(7MB) AllocSpace objects, 1(20KB) LOS objects, 27% free, 41MB/57MB, paused 429us total 37.529ms
08-06 15:55:44.449 22517 22732 I art     : Starting a blocking GC Explicit
08-06 15:55:44.473 22517 22732 I art     : Explicit concurrent mark sweep GC freed 25455(1190KB) AllocSpace objects, 0(0B) LOS objects, 27% free, 41MB/57MB, paused 430us total 24.028ms
08-06 15:55:44.483 22517 22732 I art     : Starting a blocking GC Explicit
08-06 15:55:44.507 22517 22732 I art     : Explicit concurrent mark sweep GC freed 19373(908KB) AllocSpace objects, 0(0B) LOS objects, 27% free, 41MB/57MB, paused 433us total 24.010ms
08-06 15:55:44.518 22517 22732 I art     : Starting a blocking GC Explicit
08-06 15:55:44.543 22517 22732 I art     : Explicit concurrent mark sweep GC freed 19483(907KB) AllocSpace objects, 0(0B) LOS objects, 27% free, 41MB/57MB, paused 424us total 24.580ms
08-06 15:55:44.553 22517 22732 I art     : Starting a blocking GC Explicit
08-06 15:55:44.579 22517 22732 I art     : Explicit concurrent mark sweep GC freed 19773(921KB) AllocSpace objects, 0(0B) LOS objects, 27% free, 41MB/57MB, paused 509us total 25.547ms
08-06 15:55:44.814 22397 22397 I ServiceManager: Waiting for service AtCmdFwd...
08-06 15:55:44.848 22517 22530 I art     : Starting a blocking GC Explicit
08-06 15:55:44.891 22517 22530 I art     : Explicit concurrent mark sweep GC freed 161162(7MB) AllocSpace objects, 1(20KB) LOS objects, 27% free, 43MB/59MB, paused 475us total 42.947ms
08-06 15:55:44.903 22517 22530 I art     : Starting a blocking GC Explicit
08-06 15:55:44.933 22517 22530 I art     : Explicit concurrent mark sweep GC freed 27336(1283KB) AllocSpace objects, 0(0B) LOS objects, 27% free, 43MB/59MB, paused 586us total 29.607ms
08-06 15:55:44.945 22517 22530 I art     : Starting a blocking GC Explicit
08-06 15:55:44.973 22517 22530 I art     : Explicit concurrent mark sweep GC freed 22127(1040KB) AllocSpace objects, 0(0B) LOS objects, 26% free, 43MB/59MB, paused 507us total 28.457ms
08-06 15:55:44.985 22517 22530 I art     : Starting a blocking GC Explicit
08-06 15:55:45.014 22517 22530 I art     : Explicit concurrent mark sweep GC freed 22475(1051KB) AllocSpace objects, 0(0B) LOS objects, 26% free, 43MB/59MB, paused 505us total 29.091ms
08-06 15:55:45.025 22517 22530 I art     : Starting a blocking GC Explicit
08-06 15:55:45.054 22517 22530 I art     : Explicit concurrent mark sweep GC freed 19568(925KB) AllocSpace objects, 0(0B) LOS objects, 26% free, 43MB/59MB, paused 528us total 28.742ms
08-06 15:55:45.331 22517 22732 I art     : Starting a blocking GC Explicit
08-06 15:55:45.380 22517 22732 I art     : Explicit concurrent mark sweep GC freed 169007(7MB) AllocSpace objects, 1(20KB) LOS objects, 26% free, 45MB/61MB, paused 697us total 49.047ms
08-06 15:55:45.394 22517 22732 I art     : Starting a blocking GC Explicit
08-06 15:55:45.427 22517 22732 I art     : Explicit concurrent mark sweep GC freed 31149(1490KB) AllocSpace objects, 0(0B) LOS objects, 26% free, 45MB/61MB, paused 607us total 32.627ms
08-06 15:55:45.440 22517 22732 I art     : Starting a blocking GC Explicit
08-06 15:55:45.474 22517 22732 I art     : Explicit concurrent mark sweep GC freed 25714(1202KB) AllocSpace objects, 0(0B) LOS objects, 26% free, 45MB/61MB, paused 642us total 34.005ms
08-06 15:55:45.488 22517 22732 I art     : Starting a blocking GC Explicit
08-06 15:55:45.521 22517 22732 I art     : Explicit concurrent mark sweep GC freed 24854(1197KB) AllocSpace objects, 0(0B) LOS objects, 26% free, 45MB/61MB, paused 631us total 33.270ms
08-06 15:55:45.522   918  6029 I ActivityManager: Killing 8764:com.google.android.webview:webview_service/u0a74 (adj 15): empty #17
08-06 15:55:45.534 22517 22732 I art     : Starting a blocking GC Explicit
08-06 15:55:45.568 22517 22732 I art     : Explicit concurrent mark sweep GC freed 25277(1187KB) AllocSpace objects, 0(0B) LOS objects, 25% free, 45MB/61MB, paused 765us total 34.009ms
08-06 15:55:45.702 32587 32617 I WorkerManager: dispose()
08-06 15:55:45.702 32587 32617 W ThreadPoolDumper: Queue length for executor EventBus is now 11. Perhaps some tasks are too long, or the pool is too small.
08-06 15:55:45.815 22397 22397 I ServiceManager: Waiting for service AtCmdFwd...
08-06 15:55:45.828 22517 22530 I art     : Starting a blocking GC Explicit
08-06 15:55:45.879 22517 22530 I art     : Explicit concurrent mark sweep GC freed 162904(7MB) AllocSpace objects, 1(20KB) LOS objects, 25% free, 47MB/63MB, paused 682us total 51.661ms
08-06 15:55:45.895 22517 22530 I art     : Starting a blocking GC Explicit
08-06 15:55:45.933 22517 22530 I art     : Explicit concurrent mark sweep GC freed 34052(1585KB) AllocSpace objects, 0(0B) LOS objects, 25% free, 47MB/63MB, paused 749us total 37.894ms
08-06 15:55:45.947 22517 22530 I art     : Starting a blocking GC Explicit
08-06 15:55:45.987 22517 22530 I art     : Explicit concurrent mark sweep GC freed 28956(1358KB) AllocSpace objects, 0(0B) LOS objects, 25% free, 47MB/63MB, paused 705us total 39.777ms
08-06 15:55:45.987 22517 22528 I art     : WaitForGcToComplete blocked for 9.319ms for cause HeapTrim
08-06 15:55:46.000 22517 22530 I art     : Starting a blocking GC Explicit
08-06 15:55:46.040 22517 22530 I art     : Explicit concurrent mark sweep GC freed 28435(1327KB) AllocSpace objects, 0(0B) LOS objects, 25% free, 47MB/63MB, paused 756us total 39.394ms
08-06 15:55:46.054 22517 22530 I art     : Starting a blocking GC Explicit
08-06 15:55:46.095 22517 22530 I art     : Explicit concurrent mark sweep GC freed 29102(1369KB) AllocSpace objects, 0(0B) LOS objects, 25% free, 47MB/63MB, paused 732us total 40.417ms
08-06 15:55:46.309 22517 22731 I Service : getCourses response time: 0.69
08-06 15:55:46.316 22517 22517 I SettingsManager: Getting string: savedCourse
08-06 15:55:46.370 22517 22732 I art     : Starting a blocking GC Explicit
08-06 15:55:46.428 22517 22732 I art     : Explicit concurrent mark sweep GC freed 117157(5MB) AllocSpace objects, 2(15MB) LOS objects, 32% free, 33MB/49MB, paused 241us total 57.590ms
08-06 15:55:46.442 22517 22732 I art     : Starting a blocking GC Explicit
08-06 15:55:46.480 22517 22732 I art     : Explicit concurrent mark sweep GC freed 111(4KB) AllocSpace objects, 0(0B) LOS objects, 32% free, 33MB/49MB, paused 211us total 37.469ms
08-06 15:55:46.494 22517 22732 I art     : Starting a blocking GC Explicit
08-06 15:55:46.533 22517 22732 I art     : Explicit concurrent mark sweep GC freed 5(192B) AllocSpace objects, 0(0B) LOS objects, 32% free, 33MB/49MB, paused 204us total 38.372ms
08-06 15:55:46.549 22517 22732 I art     : Starting a blocking GC Explicit
08-06 15:55:46.591 22517 22732 I art     : Explicit concurrent mark sweep GC freed 3(96B) AllocSpace objects, 0(0B) LOS objects, 32% free, 33MB/49MB, paused 195us total 42.060ms
08-06 15:55:46.607 22517 22732 I art     : Starting a blocking GC Explicit
08-06 15:55:46.649 22517 22732 I art     : Explicit concurrent mark sweep GC freed 3(96B) AllocSpace objects, 0(0B) LOS objects, 32% free, 33MB/49MB, paused 201us total 42.356ms
08-06 15:55:46.816 22397 22397 I ServiceManager: Waiting for service AtCmdFwd...
08-06 15:55:46.967 22517 22729 I art     : Starting a blocking GC Explicit
08-06 15:55:47.024 22517 22729 I art     : Explicit concurrent mark sweep GC freed 1274(74KB) AllocSpace objects, 1(20KB) LOS objects, 32% free, 33MB/49MB, paused 222us total 56.845ms
08-06 15:55:47.044 22517 22729 I art     : Starting a blocking GC Explicit
08-06 15:55:47.086 22517 22729 I art     : Explicit concurrent mark sweep GC freed 18(624B) AllocSpace objects, 0(0B) LOS objects, 32% free, 33MB/49MB, paused 199us total 42.112ms
08-06 15:55:47.102 22517 22729 I art     : Starting a blocking GC Explicit
08-06 15:55:47.145 22517 22729 I art     : Explicit concurrent mark sweep GC freed 3(96B) AllocSpace objects, 0(0B) LOS objects, 32% free, 33MB/49MB, paused 242us total 42.571ms
08-06 15:55:47.161 22517 22729 I art     : Starting a blocking GC Explicit
08-06 15:55:47.204 22517 22729 I art     : Explicit concurrent mark sweep GC freed 3(96B) AllocSpace objects, 0(0B) LOS objects, 32% free, 33MB/49MB, paused 195us total 42.920ms
08-06 15:55:47.220 22517 22729 I art     : Starting a blocking GC Explicit
08-06 15:55:47.263 22517 22729 I art     : Explicit concurrent mark sweep GC freed 3(96B) AllocSpace objects, 0(0B) LOS objects, 32% free, 33MB/49MB, paused 197us total 42.707ms
08-06 15:55:47.580 22517 22529 I art     : Starting a blocking GC Explicit
08-06 15:55:47.637 22517 22529 I art     : Explicit concurrent mark sweep GC freed 1274(74KB) AllocSpace objects, 1(20KB) LOS objects, 32% free, 33MB/49MB, paused 209us total 57.452ms
08-06 15:55:47.656 22517 22529 I art     : Starting a blocking GC Explicit
08-06 15:55:47.700 22517 22529 I art     : Explicit concurrent mark sweep GC freed 18(624B) AllocSpace objects, 0(0B) LOS objects, 32% free, 33MB/49MB, paused 192us total 43.765ms
08-06 15:55:47.715 22517 22529 I art     : Starting a blocking GC Explicit
08-06 15:55:47.758 22517 22529 I art     : Explicit concurrent mark sweep GC freed 3(96B) AllocSpace objects, 0(0B) LOS objects, 32% free, 33MB/49MB, paused 186us total 42.892ms
08-06 15:55:47.774 22517 22529 I art     : Starting a blocking GC Explicit
08-06 15:55:47.817 22517 22529 I art     : Explicit concurrent mark sweep GC freed 3(96B) AllocSpace objects, 0(0B) LOS objects, 32% free, 33MB/49MB, paused 193us total 42.515ms
08-06 15:55:47.817 22397 22397 I ServiceManager: Waiting for service AtCmdFwd...
08-06 15:55:47.833 22517 22529 I art     : Starting a blocking GC Explicit
08-06 15:55:47.876 22517 22529 I art     : Explicit concurrent mark sweep GC freed 3(96B) AllocSpace objects, 0(0B) LOS objects, 32% free, 33MB/49MB, paused 186us total 42.560ms
08-06 15:55:48.125   518   646 I ThermalEngine: ACTION: GPU - Setting GPU[0] to 450000000
08-06 15:55:48.174 22517 22732 I art     : Starting a blocking GC Explicit
08-06 15:55:48.232 22517 22732 I art     : Explicit concurrent mark sweep GC freed 1275(74KB) AllocSpace objects, 1(20KB) LOS objects, 32% free, 33MB/49MB, paused 281us total 57.580ms
08-06 15:55:48.252 22517 22732 I art     : Starting a blocking GC Explicit
08-06 15:55:48.309 22517 22732 I art     : Explicit concurrent mark sweep GC freed 20(704B) AllocSpace objects, 0(0B) LOS objects, 32% free, 33MB/49MB, paused 250us total 56.384ms
08-06 15:55:48.329 22517 22732 I art     : Starting a blocking GC Explicit
08-06 15:55:48.385 22517 22732 I art     : Explicit concurrent mark sweep GC freed 3(96B) AllocSpace objects, 0(0B) LOS objects, 32% free, 33MB/49MB, paused 276us total 55.303ms
08-06 15:55:48.405 22517 22732 I art     : Starting a blocking GC Explicit
08-06 15:55:48.459 22517 22732 I art     : Explicit concurrent mark sweep GC freed 3(96B) AllocSpace objects, 0(0B) LOS objects, 32% free, 33MB/49MB, paused 268us total 53.661ms
08-06 15:55:48.480 22517 22732 I art     : Starting a blocking GC Explicit
08-06 15:55:48.536 22517 22732 I art     : Explicit concurrent mark sweep GC freed 3(96B) AllocSpace objects, 0(0B) LOS objects, 32% free, 33MB/49MB, paused 275us total 55.415ms
08-06 15:55:48.817 22397 22397 W Atfwd_Sendcmd: AtCmdFwd service not published, waiting... retryCnt : 4
08-06 15:55:48.873 22517 22729 I art     : Starting a blocking GC Explicit
08-06 15:55:48.935 22517 22729 I art     : Explicit concurrent mark sweep GC freed 1274(74KB) AllocSpace objects, 1(20KB) LOS objects, 32% free, 33MB/49MB, paused 272us total 60.727ms
08-06 15:55:48.954 22517 22729 I art     : Starting a blocking GC Explicit
08-06 15:55:49.002 22517 22729 I art     : Explicit concurrent mark sweep GC freed 18(624B) AllocSpace objects, 0(0B) LOS objects, 32% free, 33MB/49MB, paused 273us total 47.453ms
08-06 15:55:49.022 22517 22729 I art     : Starting a blocking GC Explicit
08-06 15:55:49.074 22517 22729 I art     : Explicit concurrent mark sweep GC freed 3(96B) AllocSpace objects, 0(0B) LOS objects, 32% free, 33MB/49MB, paused 274us total 51.788ms
08-06 15:55:49.093 22517 22729 I art     : Starting a blocking GC Explicit
08-06 15:55:49.127   518   646 I ThermalEngine: ACTION: GPU - Setting GPU[0] to 510000000
08-06 15:55:49.146 22517 22729 I art     : Explicit concurrent mark sweep GC freed 3(96B) AllocSpace objects, 0(0B) LOS objects, 32% free, 33MB/49MB, paused 275us total 52.229ms
08-06 15:55:49.166 22517 22729 I art     : Starting a blocking GC Explicit
08-06 15:55:49.204 22517 22729 I art     : Explicit concurrent mark sweep GC freed 3(96B) AllocSpace objects, 0(0B) LOS objects, 32% free, 33MB/49MB, paused 191us total 38.329ms
08-06 15:55:49.375 22871 22871 D AndroidRuntime: >>>>>> START com.android.internal.os.RuntimeInit uid 2000 <<<<<<
08-06 15:55:49.381 22871 22871 D AndroidRuntime: CheckJNI is OFF
08-06 15:55:49.415 22871 22871 D ICU     : No timezone override file found: /data/misc/zoneinfo/current/icu/icu_tzdata.dat
08-06 15:55:49.448 22871 22871 I Radio-JNI: register_android_hardware_Radio DONE
08-06 15:55:49.469 22871 22871 D AndroidRuntime: Calling main entry com.android.commands.input.Input
08-06 15:55:49.470 22871 22871 I Input   : injectMotionEvent: MotionEvent { action=ACTION_DOWN, actionButton=0, id[0]=0, x[0]=526.0, y[0]=704.0, toolType[0]=TOOL_TYPE_UNKNOWN, buttonState=0, metaState=0, flags=0x0, edgeFlags=0x0, pointerCount=1, historySize=0, eventTime=892565883, downTime=892565883, deviceId=0, source=0x1002 }
08-06 15:55:49.474 22871 22871 I Input   : injectMotionEvent: MotionEvent { action=ACTION_UP, actionButton=0, id[0]=0, x[0]=526.0, y[0]=704.0, toolType[0]=TOOL_TYPE_UNKNOWN, buttonState=0, metaState=0, flags=0x0, edgeFlags=0x0, pointerCount=1, historySize=0, eventTime=892565883, downTime=892565883, deviceId=0, source=0x1002 }
08-06 15:55:49.476 22871 22871 D AndroidRuntime: Shutting down VM
08-06 15:55:49.499 22517 22529 I art     : Starting a blocking GC Explicit
08-06 15:55:49.544   512  2967 D audio_hw_primary: out_set_parameters: enter: usecase(1: low-latency-playback) kvpairs: routing=2
08-06 15:55:49.557   512  2967 D audio_hw_primary: select_devices: out_snd_device(2: speaker) in_snd_device(0: none)
08-06 15:55:49.557   512  2967 D msm8974_platform: platform_send_audio_calibration: sending audio calibration for snd_device(2) acdb_id(15)
08-06 15:55:49.557   512  2967 I soundtrigger: audio_extn_sound_trigger_update_device_status: device 0x2 of type 0 for Event 1
08-06 15:55:49.561 22517 22529 I art     : Explicit concurrent mark sweep GC freed 1316(76KB) AllocSpace objects, 1(20KB) LOS objects, 32% free, 33MB/49MB, paused 16.770ms total 61.878ms
08-06 15:55:49.567   512  2967 D audio_hw_primary: enable_snd_device: snd_device(2: speaker)
08-06 15:55:49.569   512  2967 D audio_hw_primary: enable_audio_route: apply and update mixer path: low-latency-playback speaker
08-06 15:55:49.577 22517 22529 I art     : Starting a blocking GC Explicit
08-06 15:55:49.616 22517 22529 I art     : Explicit concurrent mark sweep GC freed 666(53KB) AllocSpace objects, 1(20KB) LOS objects, 32% free, 33MB/49MB, paused 414us total 38.797ms
08-06 15:55:49.630 22517 22529 I art     : Starting a blocking GC Explicit
08-06 15:55:49.667 22517 22529 I art     : Explicit concurrent mark sweep GC freed 153(6KB) AllocSpace objects, 0(0B) LOS objects, 32% free, 33MB/49MB, paused 217us total 36.716ms
08-06 15:55:49.681 22517 22529 I art     : Starting a blocking GC Explicit
08-06 15:55:49.723 22517 22529 I art     : Explicit concurrent mark sweep GC freed 61(2800B) AllocSpace objects, 0(0B) LOS objects, 32% free, 33MB/49MB, paused 188us total 41.824ms
08-06 15:55:49.738 22517 22529 I art     : Starting a blocking GC Explicit
08-06 15:55:49.783 22517 22529 I art     : Explicit concurrent mark sweep GC freed 7(224B) AllocSpace objects, 0(0B) LOS objects, 32% free, 33MB/49MB, paused 189us total 44.191ms
08-06 15:55:50.079 22517 22732 I art     : Starting a blocking GC Explicit
08-06 15:55:50.109   512  2967 D audio_hw_primary: disable_audio_route: reset and update mixer path: low-latency-playback speaker
08-06 15:55:50.113   512  2967 D audio_hw_primary: disable_snd_device: snd_device(2: speaker)
08-06 15:55:50.123   512  2967 I soundtrigger: audio_extn_sound_trigger_update_device_status: device 0x2 of type 0 for Event 0
08-06 15:55:50.140 22517 22732 I art     : Explicit concurrent mark sweep GC freed 1279(75KB) AllocSpace objects, 1(20KB) LOS objects, 32% free, 33MB/49MB, paused 187us total 60.876ms
08-06 15:55:50.160 22517 22732 I art     : Starting a blocking GC Explicit
08-06 15:55:50.202 22517 22732 I art     : Explicit concurrent mark sweep GC freed 24(816B) AllocSpace objects, 0(0B) LOS objects, 32% free, 33MB/49MB, paused 193us total 42.483ms
08-06 15:55:50.221 22517 22732 I art     : Starting a blocking GC Explicit
08-06 15:55:50.271 22517 22732 I art     : Explicit concurrent mark sweep GC freed 5(160B) AllocSpace objects, 0(0B) LOS objects, 32% free, 33MB/49MB, paused 202us total 49.888ms
08-06 15:55:50.290 22517 22732 I art     : Starting a blocking GC Explicit
08-06 15:55:50.339 22517 22732 I art     : Explicit concurrent mark sweep GC freed 3(96B) AllocSpace objects, 0(0B) LOS objects, 32% free, 33MB/49MB, paused 222us total 49.376ms
08-06 15:55:50.358 22517 22732 I art     : Starting a blocking GC Explicit
08-06 15:55:50.407 22517 22732 I art     : Explicit concurrent mark sweep GC freed 3(96B) AllocSpace objects, 0(0B) LOS objects, 32% free, 33MB/49MB, paused 197us total 48.481ms
08-06 15:55:50.550   918  4400 I ActivityManager: Killing 5282:com.google.android.youtube/u0a75 (adj 15): empty #17
08-06 15:55:50.619   918  3696 D ConnectivityService: ConnectivityService NetworkRequestInfo binderDied(NetworkRequest [ id=4063, legacyType=-1, [ Capabilities: INTERNET&NOT_RESTRICTED&TRUSTED] ], android.os.BinderProxy@e09934b)
08-06 15:55:50.619   918  3263 D ConnectivityService: releasing NetworkRequest NetworkRequest [ id=4063, legacyType=-1, [ Capabilities: INTERNET&NOT_RESTRICTED&TRUSTED] ]
08-06 15:55:50.620   918  3263 E ConnectivityService: RemoteException caught trying to send a callback msg for NetworkRequest [ id=4063, legacyType=-1, [ Capabilities: INTERNET&NOT_RESTRICTED&TRUSTED] ]
08-06 15:55:50.704 22517 22529 I art     : Starting a blocking GC Explicit
08-06 15:55:50.749 22517 22529 I art     : Explicit concurrent mark sweep GC freed 1282(75KB) AllocSpace objects, 1(20KB) LOS objects, 32% free, 33MB/49MB, paused 203us total 45.004ms
08-06 15:55:50.765 22517 22529 I art     : Starting a blocking GC Explicit
08-06 15:55:50.806 22517 22529 I art     : Explicit concurrent mark sweep GC freed 18(624B) AllocSpace objects, 0(0B) LOS objects, 32% free, 33MB/49MB, paused 207us total 40.443ms
08-06 15:55:50.821 22517 22529 I art     : Starting a blocking GC Explicit
08-06 15:55:50.862 22517 22529 I art     : Explicit concurrent mark sweep GC freed 3(96B) AllocSpace objects, 0(0B) LOS objects, 32% free, 33MB/49MB, paused 196us total 40.883ms
08-06 15:55:50.877 22517 22529 I art     : Starting a blocking GC Explicit
08-06 15:55:50.918 22517 22529 I art     : Explicit concurrent mark sweep GC freed 3(96B) AllocSpace objects, 0(0B) LOS objects, 32% free, 33MB/49MB, paused 196us total 40.512ms
08-06 15:55:50.933 22517 22529 I art     : Starting a blocking GC Explicit
08-06 15:55:50.974 22517 22529 I art     : Explicit concurrent mark sweep GC freed 3(96B) AllocSpace objects, 0(0B) LOS objects, 32% free, 33MB/49MB, paused 182us total 40.562ms
08-06 15:55:51.133   518   646 I ThermalEngine: ACTION: GPU - Setting GPU[0] to 450000000
08-06 15:55:51.133 22915 22915 D AndroidRuntime: >>>>>> START com.android.internal.os.RuntimeInit uid 2000 <<<<<<
08-06 15:55:51.142 22915 22915 D AndroidRuntime: CheckJNI is OFF
08-06 15:55:51.183 22915 22915 D ICU     : No timezone override file found: /data/misc/zoneinfo/current/icu/icu_tzdata.dat
08-06 15:55:51.226 22915 22915 I Radio-JNI: register_android_hardware_Radio DONE
08-06 15:55:51.257 22915 22915 D AndroidRuntime: Calling main entry com.android.commands.input.Input
08-06 15:55:51.259 22915 22915 I Input   : injectMotionEvent: MotionEvent { action=ACTION_DOWN, actionButton=0, id[0]=0, x[0]=1197.0, y[0]=1456.0, toolType[0]=TOOL_TYPE_UNKNOWN, buttonState=0, metaState=0, flags=0x0, edgeFlags=0x0, pointerCount=1, historySize=0, eventTime=892567672, downTime=892567672, deviceId=0, source=0x1002 }
08-06 15:55:51.263 22915 22915 I Input   : injectMotionEvent: MotionEvent { action=ACTION_UP, actionButton=0, id[0]=0, x[0]=1197.0, y[0]=1456.0, toolType[0]=TOOL_TYPE_UNKNOWN, buttonState=0, metaState=0, flags=0x0, edgeFlags=0x0, pointerCount=1, historySize=0, eventTime=892567672, downTime=892567672, deviceId=0, source=0x1002 }
08-06 15:55:51.264 22915 22915 D AndroidRuntime: Shutting down VM
08-06 15:55:51.276   512  2967 D audio_hw_primary: out_set_parameters: enter: usecase(1: low-latency-playback) kvpairs: routing=2
08-06 15:55:51.283 22517 22732 I art     : Starting a blocking GC Explicit
08-06 15:55:51.289   512  2967 D audio_hw_primary: select_devices: out_snd_device(2: speaker) in_snd_device(0: none)
08-06 15:55:51.289   512  2967 D msm8974_platform: platform_send_audio_calibration: sending audio calibration for snd_device(2) acdb_id(15)
08-06 15:55:51.290   512  2967 I soundtrigger: audio_extn_sound_trigger_update_device_status: device 0x2 of type 0 for Event 1
08-06 15:55:51.296 22517 22533 D OpenGLRenderer: endAllStagingAnimators on 0x7f811f7400 (RippleDrawable) with handle 0x7f7e16de60
08-06 15:55:51.300   512  2967 D audio_hw_primary: enable_snd_device: snd_device(2: speaker)
08-06 15:55:51.302   512  2967 D audio_hw_primary: enable_audio_route: apply and update mixer path: low-latency-playback speaker
08-06 15:55:51.305 22517 22517 I SettingsManager: Setting string: savedCourse
08-06 15:55:51.310   918  3696 W BackupManagerService: dataChanged but no participant pkg='baseline.com.ak.uobtimetable' uid=10710
08-06 15:55:51.311   918  4400 I ActivityManager: START u0 {flg=0x4000000 cmp=baseline.com.ak.uobtimetable/.MainActivity (has extras)} from uid 10710 on display 0
08-06 15:55:51.327   918   928 W InputMethodManagerService: Focus gain on non-focused client com.android.internal.view.IInputMethodClient$Stub$Proxy@28ac7d4 (uid=10710 pid=22517)
08-06 15:55:51.340 22517 22732 I art     : Explicit concurrent mark sweep GC freed 4211(216KB) AllocSpace objects, 2(40KB) LOS objects, 32% free, 33MB/49MB, paused 326us total 56.531ms
08-06 15:55:51.349 22517 22517 D MainActivity: OnDestroy
08-06 15:55:51.358 22517 22732 I art     : Starting a blocking GC Explicit
08-06 15:55:51.378 22517 22517 D MainActivity: onCreate
08-06 15:55:51.378 22517 22517 I SettingsManager: Getting string: savedSessions
08-06 15:55:51.379 22517 22517 I Settings: No saved sessions
08-06 15:55:51.411 22517 22732 I art     : Explicit concurrent mark sweep GC freed 651(44KB) AllocSpace objects, 0(0B) LOS objects, 31% free, 34MB/50MB, paused 362us total 52.869ms
08-06 15:55:51.422 22517 22517 I SettingsManager: Getting string: savedCourse
08-06 15:55:51.423 22517 22517 D MainActivity: sessionListFragmentArg: updateSessions
08-06 15:55:51.423 22517 22517 D MainActivity: showTermDatesConfigChange: false
08-06 15:55:51.424 22517 22517 D MainActivity: showTermDatesShortcut: false
08-06 15:55:51.426 22517 22517 D MainActivity: Setting initial fragment: SessionListsFragment
08-06 15:55:51.429 22517 22517 I SettingsManager: Getting int: launchCount
08-06 15:55:51.432 22517 22732 I art     : Starting a blocking GC Explicit
08-06 15:55:51.437 22517 22517 D SessionListsFragment: onCreateView
08-06 15:55:51.452 22517 22517 I SettingsManager: Getting string: savedCourse
08-06 15:55:51.457 22517 22517 I SettingsManager: Getting string: savedSessions
08-06 15:55:51.457 22517 22517 D SessionListsFragment: loadArgument: updateSessions
08-06 15:55:51.457 22517 22517 D SessionListsFragment: initialIndex: -1
08-06 15:55:51.460 22517 22938 D HTTP    : Request for: https://uob-timetable-api.adriankeenan.co.uk/sessions?dept=BD002&course=CFIEFAAF%2F02AA%2F0%2FFT&level=ALL+Courses
08-06 15:55:51.462 22517 22517 I WebViewFactory: Loading com.google.android.webview version 84.0.4147.89 (code 414708953)
08-06 15:55:51.491 22517 22732 I art     : Explicit concurrent mark sweep GC freed 6770(407KB) AllocSpace objects, 4(1436KB) LOS objects, 32% free, 33MB/49MB, paused 797us total 58.959ms
08-06 15:55:51.515 22517 22732 I art     : Starting a blocking GC Explicit
08-06 15:55:51.565 22517 22517 I cr_LibraryLoader: Loaded native library version number "84.0.4147.89"
08-06 15:55:51.566 22517 22517 I cr_CachingUmaRecorder: Flushed 5 samples from 5 histograms.
08-06 15:55:51.570 22517 22732 I art     : Explicit concurrent mark sweep GC freed 3791(335KB) AllocSpace objects, 1(20KB) LOS objects, 31% free, 34MB/50MB, paused 1.164ms total 54.524ms
08-06 15:55:51.577   918  5952 I ActivityManager: Start proc 22944:com.google.android.webview:webview_service/u0a74 for service com.google.android.webview/org.chromium.android_webview.services.VariationsSeedServer
08-06 15:55:51.589 22517 22732 I art     : Starting a blocking GC Explicit
08-06 15:55:51.612 22517 22517 E chromium: [ERROR:filesystem_posix.cc(62)] mkdir /data/user/0/baseline.com.ak.uobtimetable/cache/WebView/Crashpad: No such file or directory (2)
08-06 15:55:51.628 22944 22944 I LoadedApk: No resource references to update in package com.google.android.webview_translations
08-06 15:55:51.647 22517 22732 I art     : Explicit concurrent mark sweep GC freed 3857(315KB) AllocSpace objects, 4(220KB) LOS objects, 31% free, 34MB/50MB, paused 1.022ms total 57.844ms
08-06 15:55:51.662 22517 22938 I NAPPA_EXPERIMENTATION: MetricNetworkRequestExecutionTime: REQUEST_DURATION_SYSTEM='201',REQUEST_DURATION_OKHTTP='33',REQUEST_SYNCHRONOUS='TRUE',RESPONSE_CODE='200',RESPONSE_METHOD='GET',RESPONSE_LENGTH_OKHTTP='-1',RESPONSE_LENGTH_HEADER='867',REQUEST_PROTOCOL='http/1.1',REQUEST_URL='https://uob-timetable-api.adriankeenan.co.uk/sessions?dept=BD002&course=CFIEFAAF%2F02AA%2F0%2FFT&level=ALL+Courses',
08-06 15:55:51.700 22517 22938 I HTTP    : Response was compressed.
08-06 15:55:51.708   918  6111 D ConnectivityService: listenForNetwork for Listen from uid/pid:10710/22517 for NetworkRequest [ id=4070, legacyType=-1, [ Capabilities: INTERNET&NOT_RESTRICTED&TRUSTED] ]
08-06 15:55:51.711 22517 22938 I Service : getSessions response time: 1.12
08-06 15:55:51.751 22517 22967 W cr_media: Requires BLUETOOTH permission
08-06 15:55:51.762 22517 22978 E libEGL  : validate_display:255 error 3008 (EGL_BAD_DISPLAY)
08-06 15:55:51.766 22517 22517 D TermDatesFragment: WebView loaded
08-06 15:55:51.767 22517 22517 D MainActivity: OnResume
08-06 15:55:51.794 22517 22517 I SettingsManager: Getting string: savedSessions
08-06 15:55:51.809 22517 22517 I SettingsManager: Setting string: savedSessions
08-06 15:55:51.817   918  6112 W BackupManagerService: dataChanged but no participant pkg='baseline.com.ak.uobtimetable' uid=10710
08-06 15:55:51.817 22517 22517 I SettingsManager: Setting date: savedSessionsTime
08-06 15:55:51.825   918  6029 W BackupManagerService: dataChanged but no participant pkg='baseline.com.ak.uobtimetable' uid=10710
08-06 15:55:51.825 22517 22517 I SettingsManager: Setting string: savedSessionsCourseName
08-06 15:55:51.834   918  3359 W BackupManagerService: dataChanged but no participant pkg='baseline.com.ak.uobtimetable' uid=10710
08-06 15:55:51.835 22517 22517 I SettingsManager: Setting string: savedSessionsDateRange
08-06 15:55:51.839   512  2967 D audio_hw_primary: disable_audio_route: reset and update mixer path: low-latency-playback speaker
08-06 15:55:51.840   512  2967 D audio_hw_primary: disable_snd_device: snd_device(2: speaker)
08-06 15:55:51.845   918   928 W BackupManagerService: dataChanged but no participant pkg='baseline.com.ak.uobtimetable' uid=10710
08-06 15:55:51.845 22517 22517 I SettingsManager: Setting string: timetableUrl
08-06 15:55:51.848   512  2967 I soundtrigger: audio_extn_sound_trigger_update_device_status: device 0x2 of type 0 for Event 0
08-06 15:55:51.855   918  3961 W BackupManagerService: dataChanged but no participant pkg='baseline.com.ak.uobtimetable' uid=10710
08-06 15:55:51.856 22517 22517 I SettingsManager: Getting boolean: notifySessionRemindersEnabled
08-06 15:55:51.856 22517 22517 I SettingsManager: Getting int: notifySessionRemindersMinutes
08-06 15:55:51.856 22517 22517 I SettingsManager: Getting boolean: showHiddenSessions
08-06 15:55:51.893 22517 22517 I SessionReminderNotifier: Created session reminder alarm for f7b4771250a919bd729c1c5a4a459c77 at Mon 08:30:00 10/08/20
08-06 15:55:51.895 22517 22517 I SessionReminderNotifier: Created session reminder alarm for a7f879aabdeb78622c8820a5fb7b64cd at Tue 08:30:00 11/08/20
08-06 15:55:51.896 22517 22517 I SessionReminderNotifier: Created session reminder alarm for 7bc8d7e2c2055711f597c3d9078c6ea3 at Tue 08:30:00 11/08/20
08-06 15:55:51.897 22517 22517 I SessionReminderNotifier: Created session reminder alarm for e0fc978b5db8218778540b4053344581 at Tue 11:00:00 11/08/20
08-06 15:55:51.899 22517 22517 I SessionReminderNotifier: Created session reminder alarm for 21712fef61090882c855a1425543edb5 at Tue 13:30:00 11/08/20
08-06 15:55:51.900 22517 22517 I SessionReminderNotifier: Created session reminder alarm for 65ca4d97f031f29a4d02bbb45a705d8f at Wed 08:30:00 12/08/20
08-06 15:55:51.901 22517 22517 I SessionReminderNotifier: Created session reminder alarm for eeda7741b0bcab58fd9f46dc6ef1d942 at Wed 08:30:00 12/08/20
08-06 15:55:51.903 22517 22517 I SessionReminderNotifier: Created session reminder alarm for c276c1b2075a0beb67f1b3d1e580f920 at Wed 11:00:00 12/08/20
08-06 15:55:51.904 22517 22517 I SessionReminderNotifier: Created session reminder alarm for 79fe0b5c3b887a13ba29db5a33fa2800 at Thu 08:30:00 13/08/20
08-06 15:55:51.905 22517 22517 I SessionReminderNotifier: Created session reminder alarm for 2ba1034116e4fffdd592dbf0796a43d5 at Fri 08:30:00 07/08/20
08-06 15:55:51.905 22517 22517 I SettingsManager: Getting boolean: showHiddenSessions
08-06 15:55:51.906 22517 22517 D SessionListsFragment: 1 sessions for day 0
08-06 15:55:51.906 22517 22517 D SessionListsFragment: 4 sessions for day 1
08-06 15:55:51.906 22517 22517 D SessionListsFragment: 3 sessions for day 2
08-06 15:55:51.906 22517 22517 D SessionListsFragment: 1 sessions for day 3
08-06 15:55:51.907 22517 22517 D SessionListsFragment: 1 sessions for day 4
08-06 15:55:51.932 22517 22517 I SettingsManager: Getting boolean: showHiddenSessions
08-06 15:55:51.933 22517 22517 D SessionListsFragment: Refreshed ViewPager
08-06 15:55:51.933 22517 22517 I SettingsManager: Getting boolean: showHiddenSessions
08-06 15:55:51.933 22517 22517 I SettingsManager: Getting boolean: completedTutorial
08-06 15:55:51.950 22517 22517 I SettingsManager: Getting boolean: showHiddenSessions
08-06 15:55:51.950 22517 22517 I SettingsManager: Getting date: savedSessionsTime
08-06 15:55:51.963 22517 22530 I art     : Starting a blocking GC Explicit
08-06 15:55:52.034 22517 22530 I art     : Explicit concurrent mark sweep GC freed 28158(1735KB) AllocSpace objects, 6(120KB) LOS objects, 30% free, 35MB/51MB, paused 1.616ms total 70.911ms
08-06 15:55:52.055 22517 22530 I art     : Starting a blocking GC Explicit
08-06 15:55:52.121 22517 22530 I art     : Explicit concurrent mark sweep GC freed 29137(1258KB) AllocSpace objects, 4(112KB) LOS objects, 30% free, 35MB/51MB, paused 1.172ms total 64.783ms
08-06 15:55:52.140 22517 22530 I art     : Starting a blocking GC Explicit
08-06 15:55:52.205 22517 22530 I art     : Explicit concurrent mark sweep GC freed 30635(1296KB) AllocSpace objects, 2(120KB) LOS objects, 30% free, 36MB/52MB, paused 1.088ms total 64.335ms
08-06 15:55:52.224 22517 22530 I art     : Starting a blocking GC Explicit
08-06 15:55:52.290 22517 22530 I art     : Explicit concurrent mark sweep GC freed 27264(1203KB) AllocSpace objects, 1(80KB) LOS objects, 30% free, 36MB/52MB, paused 1.225ms total 65.672ms
08-06 15:55:52.312 22517 22530 I art     : Starting a blocking GC Explicit
08-06 15:55:52.373 22517 22530 I art     : Explicit concurrent mark sweep GC freed 16261(682KB) AllocSpace objects, 0(0B) LOS objects, 30% free, 35MB/51MB, paused 493us total 60.580ms
08-06 15:55:52.684 22517 22732 I art     : Starting a blocking GC Explicit
08-06 15:55:52.742 22517 22517 I TermDatesFragment: Webview load %: 10
08-06 15:55:52.746 22517 22517 I Choreographer: Skipped 46 frames!  The application may be doing too much work on its main thread.
08-06 15:55:52.766 22517 22732 I art     : Explicit concurrent mark sweep GC freed 94500(3MB) AllocSpace objects, 1(20KB) LOS objects, 30% free, 37MB/53MB, paused 2.022ms total 82.210ms
08-06 15:55:52.787 22517 22732 I art     : Starting a blocking GC Explicit
08-06 15:55:52.852 22517 22732 I art     : Explicit concurrent mark sweep GC freed 19596(905KB) AllocSpace objects, 0(0B) LOS objects, 30% free, 36MB/52MB, paused 586us total 65.364ms
08-06 15:55:52.872   918   936 I ActivityManager: Displayed baseline.com.ak.uobtimetable/.MainActivity: +1s527ms
08-06 15:55:52.876 22517 22732 I art     : Starting a blocking GC Explicit
08-06 15:55:52.945 22517 22732 I art     : Explicit concurrent mark sweep GC freed 25548(1037KB) AllocSpace objects, 0(0B) LOS objects, 30% free, 36MB/52MB, paused 1.117ms total 69.542ms
08-06 15:55:52.970 22517 22732 I art     : Starting a blocking GC Explicit
08-06 15:55:53.054 22517 22732 I art     : Explicit concurrent mark sweep GC freed 31772(1301KB) AllocSpace objects, 0(0B) LOS objects, 30% free, 37MB/53MB, paused 1.317ms total 83.364ms
08-06 15:55:53.084 22517 22732 I art     : Starting a blocking GC Explicit
08-06 15:55:53.170 22517 22732 I art     : Explicit concurrent mark sweep GC freed 29870(1229KB) AllocSpace objects, 0(0B) LOS objects, 30% free, 37MB/53MB, paused 888us total 86.019ms
08-06 15:55:53.177 22517 22517 I TermDatesFragment: Webview load %: 70
08-06 15:55:53.205 22517 22517 I TermDatesFragment: Webview load %: 80
08-06 15:55:53.208 22517 22517 I TermDatesFragment: Webview load %: 100
08-06 15:55:53.208 22517 22517 I TermDatesFragment: Webview load %: 100
08-06 15:55:53.525 22517 22530 I art     : Starting a blocking GC Explicit
08-06 15:55:53.615 22517 22530 I art     : Explicit concurrent mark sweep GC freed 2992(189KB) AllocSpace objects, 1(20KB) LOS objects, 30% free, 36MB/52MB, paused 455us total 89.578ms
08-06 15:55:53.645 22517 22530 I art     : Starting a blocking GC Explicit
08-06 15:55:53.710 22517 22530 I art     : Explicit concurrent mark sweep GC freed 121566(11MB) AllocSpace objects, 3(136KB) LOS objects, 38% free, 25MB/41MB, paused 454us total 64.505ms
08-06 15:55:53.726 22517 22530 I art     : Starting a blocking GC Explicit
08-06 15:55:53.764 22517 22530 I art     : Explicit concurrent mark sweep GC freed 199(8KB) AllocSpace objects, 0(0B) LOS objects, 38% free, 25MB/41MB, paused 410us total 38.591ms
08-06 15:55:53.780 22517 22530 I art     : Starting a blocking GC Explicit
08-06 15:55:53.819 22517 22530 I art     : Explicit concurrent mark sweep GC freed 33(1056B) AllocSpace objects, 0(0B) LOS objects, 38% free, 25MB/41MB, paused 390us total 38.631ms
08-06 15:55:53.836 22517 22530 I art     : Starting a blocking GC Explicit
08-06 15:55:53.877 22517 22530 I art     : Explicit concurrent mark sweep GC freed 31(1024B) AllocSpace objects, 0(0B) LOS objects, 38% free, 25MB/41MB, paused 384us total 40.180ms
08-06 15:55:54.204 22517 22529 I art     : Starting a blocking GC Explicit
08-06 15:55:54.263 22517 22529 I art     : Explicit concurrent mark sweep GC freed 1293(75KB) AllocSpace objects, 1(20KB) LOS objects, 38% free, 25MB/41MB, paused 469us total 58.411ms
08-06 15:55:54.282 22517 22529 I art     : Starting a blocking GC Explicit
08-06 15:55:54.324 22517 22529 I art     : Explicit concurrent mark sweep GC freed 21(720B) AllocSpace objects, 0(0B) LOS objects, 38% free, 25MB/41MB, paused 433us total 41.646ms
08-06 15:55:54.342 22517 22529 I art     : Starting a blocking GC Explicit
08-06 15:55:54.388 22517 22529 I art     : Explicit concurrent mark sweep GC freed 10(320B) AllocSpace objects, 0(0B) LOS objects, 38% free, 25MB/41MB, paused 488us total 46.217ms
08-06 15:55:54.405 22517 22529 I art     : Starting a blocking GC Explicit
08-06 15:55:54.450 22517 22529 I art     : Explicit concurrent mark sweep GC freed 11(352B) AllocSpace objects, 0(0B) LOS objects, 38% free, 25MB/41MB, paused 393us total 44.957ms
08-06 15:55:54.469 22517 22529 I art     : Starting a blocking GC Explicit
08-06 15:55:54.515 22517 22529 I art     : Explicit concurrent mark sweep GC freed 11(352B) AllocSpace objects, 0(0B) LOS objects, 38% free, 25MB/41MB, paused 388us total 45.777ms
08-06 15:55:54.854 22517 22729 I art     : Starting a blocking GC Explicit
08-06 15:55:54.905 22517 22729 I art     : Explicit concurrent mark sweep GC freed 1297(75KB) AllocSpace objects, 1(20KB) LOS objects, 38% free, 25MB/41MB, paused 482us total 50.313ms
08-06 15:55:54.925 22517 22729 I art     : Starting a blocking GC Explicit
08-06 15:55:54.970 22517 22729 I art     : Explicit concurrent mark sweep GC freed 18(624B) AllocSpace objects, 0(0B) LOS objects, 38% free, 25MB/41MB, paused 440us total 45.333ms
08-06 15:55:54.986 22517 22729 I art     : Starting a blocking GC Explicit
08-06 15:55:55.031 22517 22729 I art     : Explicit concurrent mark sweep GC freed 3(96B) AllocSpace objects, 0(0B) LOS objects, 38% free, 25MB/41MB, paused 427us total 44.331ms
08-06 15:55:55.047 22517 22729 I art     : Starting a blocking GC Explicit
08-06 15:55:55.075 12162 12162 I Finsky  : [1] xow.onStartJob(3): SCH: onJobSchedulerWakeup with jobId 9016
08-06 15:55:55.083 12162 12162 I Finsky  : [1] xjw.a(9): Scheduling fallback in 43199997 (absolute: 1919158955)
08-06 15:55:55.087 22517 22729 I art     : Explicit concurrent mark sweep GC freed 3(96B) AllocSpace objects, 0(0B) LOS objects, 38% free, 25MB/41MB, paused 385us total 39.347ms
08-06 15:55:55.087 12162 12162 I Finsky  : [1] xjw.a(9): Scheduling fallback in 64799998 (absolute: 1940758959)
08-06 15:55:55.092 12162 12162 I Finsky  : [1] xow.onStartJob(3): SCH: onJobSchedulerWakeup with jobId 9011
08-06 15:55:55.098 12162 12162 I Finsky  : [1] xjw.a(9): Scheduling fallback in 43199998 (absolute: 1919158971)
08-06 15:55:55.101 12162 12162 I Finsky  : [1] xjw.a(9): Scheduling fallback in 64799998 (absolute: 1940758974)
08-06 15:55:55.101 22517 22729 I art     : Starting a blocking GC Explicit
08-06 15:55:55.105 12162 12162 W Finsky  : [1] xow.onStartJob(9): SCH: onJobSchedulerWakeup while already running
08-06 15:55:55.138 22517 22729 I art     : Explicit concurrent mark sweep GC freed 3(96B) AllocSpace objects, 0(0B) LOS objects, 38% free, 25MB/41MB, paused 402us total 36.690ms
08-06 15:55:55.230 12162 12162 I Finsky  : [1] xkf.handleMessage(8): SCH: DeviceState: DeviceState{currentTime=1596722155219, isCharging=false, isIdle=false, netAny=true, netNotRoaming=true, netUnmetered=true, batteryPercent=100.0}
08-06 15:55:55.243 12162 22478 I Finsky  : [6731] xmu.a(8): SCH: Jobs in database: 1-1337 3-225 3-226 12-1 24-77777777 26-1414141414 
08-06 15:55:55.251 12162 12162 I Finsky  : [1] xkg.a(16): SCH: Running job: 12-1
08-06 15:55:55.252 12162 12162 I Finsky  : [1] ContentSyncJob.a(16): [ContentSync] job started
08-06 15:55:55.254 12162 12162 I Finsky  : [1] xkf.handleMessage(61): SCH: RunningQueue size: 1, PendingQueue size: 0
08-06 15:55:55.255 12162 12162 I Finsky  : [1] xkf.handleMessage(64): SCH: Running queue: 12-1 
08-06 15:55:55.360 12162 22508 I Finsky  : [6738] dzn.a(22): Completed 0 account content syncs with 0 successful.
08-06 15:55:55.361 12162 12162 I Finsky  : [1] ContentSyncJob.a(1): [ContentSync] Installation state replication succeeded.
08-06 15:55:55.362 12162 12162 I Finsky  : [1] xlr.a(13): SCH: jobFinished: 12-1. TimeElapsed: 110ms.
08-06 15:55:55.362 12162 12162 I Finsky  : [1] xkg.a(36): SCH: Job 12-1 finished. Not rescheduling.
08-06 15:55:55.363 12162 12162 I Finsky  : [1] xkf.handleMessage(61): SCH: RunningQueue size: 0, PendingQueue size: 0
08-06 15:55:55.363 12162 12162 I Finsky  : [1] xkf.handleMessage(25): Executor finished
08-06 15:55:55.394 12162 12162 I Finsky  : [1] xmu.a(8): SCH: Jobs in database: 1-1337 3-225 3-226 24-77777777 26-1414141414 
08-06 15:55:55.396 12162 12162 I Finsky  : [1] xio.a(57): SCH: ConstraintMapping: 24-77777777,  -> L: 0ms, D: 18855531ms, C: false, I: true, N: 0
08-06 15:55:55.396 12162 12162 I Finsky  : [1] xio.a(57): SCH: ConstraintMapping: 1-1337,  -> L: 4003375ms, D: 22197517ms, C: false, I: false, N: 1
08-06 15:55:55.398 12162 12162 I Finsky  : [1] xio.a(57): SCH: ConstraintMapping: 3-225,  -> L: 0ms, D: 61981459ms, C: false, I: true, N: 2
08-06 15:55:55.398 12162 12162 I Finsky  : [1] xio.a(57): SCH: ConstraintMapping: 3-226,  -> L: 0ms, D: 61981503ms, C: true, I: true, N: 2
08-06 15:55:55.399 12162 12162 I Finsky  : [1] xio.a(57): SCH: ConstraintMapping: 26-1414141414,  -> L: 26978904ms, D: 27878904ms, C: false, I: false, N: 0
08-06 15:55:55.413 12162 12162 I Finsky  : [1] xle.a(34): Cancelling existing jobscheduler jobs: 9017 9014 9001 9015 9019 9013 9018 9012 
08-06 15:55:55.413 12162 12162 I Finsky  : [1] xle.a(10): Throttling wakeup for job 9000 (expected to run in 0 ms) due to recent wakeup
08-06 15:55:55.413 12162 12162 I Finsky  : [1] xle.a(27): Scheduling job Id: 9000, L: 30000, D: 18855531, C: false, I: true, N: 0
08-06 15:55:55.415 12162 12162 I Finsky  : [1] xle.a(27): Scheduling job Id: 9002, L: 4003375, D: 22197517, C: false, I: false, N: 1
08-06 15:55:55.417 12162 12162 I Finsky  : [1] xle.a(10): Throttling wakeup for job 9003 (expected to run in 0 ms) due to recent wakeup
08-06 15:55:55.417 12162 12162 I Finsky  : [1] xle.a(27): Scheduling job Id: 9003, L: 30000, D: 61981459, C: false, I: true, N: 2
08-06 15:55:55.419 12162 12162 I Finsky  : [1] xle.a(10): Throttling wakeup for job 9004 (expected to run in 0 ms) due to recent wakeup
08-06 15:55:55.419 12162 12162 I Finsky  : [1] xle.a(27): Scheduling job Id: 9004, L: 30000, D: 61981503, C: true, I: true, N: 2
08-06 15:55:55.421 12162 12162 I Finsky  : [1] xle.a(27): Scheduling job Id: 9005, L: 26978904, D: 27878904, C: false, I: false, N: 0
08-06 15:55:55.422 12162 12162 I Finsky  : [1] xle.a(10): Throttling wakeup for job 9006 (expected to run in 0 ms) due to recent wakeup
08-06 15:55:55.423 12162 12162 I Finsky  : [1] xle.a(27): Scheduling job Id: 9006, L: 30000, D: 18855531, C: false, I: true, N: 0
08-06 15:55:55.424 12162 12162 I Finsky  : [1] xle.a(27): Scheduling job Id: 9007, L: 4003375, D: 22197517, C: false, I: false, N: 1
08-06 15:55:55.425 12162 12162 I Finsky  : [1] xle.a(10): Throttling wakeup for job 9008 (expected to run in 0 ms) due to recent wakeup
08-06 15:55:55.426 12162 12162 I Finsky  : [1] xle.a(27): Scheduling job Id: 9008, L: 30000, D: 61981459, C: false, I: true, N: 2
08-06 15:55:55.427 12162 12162 I Finsky  : [1] xle.a(10): Throttling wakeup for job 9009 (expected to run in 0 ms) due to recent wakeup
08-06 15:55:55.428 12162 12162 I Finsky  : [1] xle.a(27): Scheduling job Id: 9009, L: 30000, D: 61981503, C: true, I: true, N: 2
08-06 15:55:55.429 12162 12162 I Finsky  : [1] xle.a(27): Scheduling job Id: 9010, L: 26978904, D: 27878904, C: false, I: false, N: 0
08-06 15:55:55.441 22517 22530 I art     : Starting a blocking GC Explicit
08-06 15:55:55.483 22517 22530 I art     : Explicit concurrent mark sweep GC freed 1293(75KB) AllocSpace objects, 1(20KB) LOS objects, 38% free, 25MB/41MB, paused 413us total 41.691ms
08-06 15:55:55.499 22517 22530 I art     : Starting a blocking GC Explicit
08-06 15:55:55.538 22517 22530 I art     : Explicit concurrent mark sweep GC freed 18(624B) AllocSpace objects, 0(0B) LOS objects, 38% free, 25MB/41MB, paused 424us total 39.631ms
08-06 15:55:55.553 22517 22530 I art     : Starting a blocking GC Explicit
08-06 15:55:55.595 22517 22530 I art     : Explicit concurrent mark sweep GC freed 3(96B) AllocSpace objects, 0(0B) LOS objects, 38% free, 25MB/41MB, paused 474us total 41.718ms
08-06 15:55:55.611 22517 22530 I art     : Starting a blocking GC Explicit
08-06 15:55:55.652 22517 22530 I art     : Explicit concurrent mark sweep GC freed 3(96B) AllocSpace objects, 0(0B) LOS objects, 38% free, 25MB/41MB, paused 436us total 40.757ms
08-06 15:55:55.667 22517 22530 I art     : Starting a blocking GC Explicit
08-06 15:55:55.710 22517 22530 I art     : Explicit concurrent mark sweep GC freed 3(96B) AllocSpace objects, 0(0B) LOS objects, 38% free, 25MB/41MB, paused 429us total 42.680ms
08-06 15:55:56.046 22517 22732 I art     : Starting a blocking GC Explicit
08-06 15:55:56.049 23062 23062 D AndroidRuntime: >>>>>> START com.android.internal.os.RuntimeInit uid 2000 <<<<<<
08-06 15:55:56.056 23062 23062 D AndroidRuntime: CheckJNI is OFF
08-06 15:55:56.093 22517 22732 I art     : Explicit concurrent mark sweep GC freed 1293(75KB) AllocSpace objects, 1(20KB) LOS objects, 38% free, 25MB/41MB, paused 447us total 47.559ms
08-06 15:55:56.105 23062 23062 D ICU     : No timezone override file found: /data/misc/zoneinfo/current/icu/icu_tzdata.dat
08-06 15:55:56.109 22517 22732 I art     : Starting a blocking GC Explicit
08-06 15:55:56.148 22517 22732 I art     : Explicit concurrent mark sweep GC freed 18(624B) AllocSpace objects, 0(0B) LOS objects, 38% free, 25MB/41MB, paused 452us total 38.181ms
08-06 15:55:56.155 23062 23062 I Radio-JNI: register_android_hardware_Radio DONE
08-06 15:55:56.162 22517 22732 I art     : Starting a blocking GC Explicit
08-06 15:55:56.185 23062 23062 D AndroidRuntime: Calling main entry com.android.commands.input.Input
08-06 15:55:56.187 23062 23062 I Input   : injectMotionEvent: MotionEvent { action=ACTION_DOWN, actionButton=0, id[0]=0, x[0]=1215.0, y[0]=1450.0, toolType[0]=TOOL_TYPE_UNKNOWN, buttonState=0, metaState=0, flags=0x0, edgeFlags=0x0, pointerCount=1, historySize=0, eventTime=892572600, downTime=892572600, deviceId=0, source=0x1002 }
08-06 15:55:56.199 23062 23062 I Input   : injectMotionEvent: MotionEvent { action=ACTION_UP, actionButton=0, id[0]=0, x[0]=1215.0, y[0]=1450.0, toolType[0]=TOOL_TYPE_UNKNOWN, buttonState=0, metaState=0, flags=0x0, edgeFlags=0x0, pointerCount=1, historySize=0, eventTime=892572600, downTime=892572600, deviceId=0, source=0x1002 }
08-06 15:55:56.202 22517 22732 I art     : Explicit concurrent mark sweep GC freed 24(2048B) AllocSpace objects, 0(0B) LOS objects, 38% free, 25MB/41MB, paused 473us total 39.294ms
08-06 15:55:56.203 23062 23062 D AndroidRuntime: Shutting down VM
08-06 15:55:56.214   512  2967 D audio_hw_primary: out_set_parameters: enter: usecase(1: low-latency-playback) kvpairs: routing=2
08-06 15:55:56.218 22517 22732 I art     : Starting a blocking GC Explicit
08-06 15:55:56.227   512  2967 D audio_hw_primary: select_devices: out_snd_device(2: speaker) in_snd_device(0: none)
08-06 15:55:56.227   512  2967 D msm8974_platform: platform_send_audio_calibration: sending audio calibration for snd_device(2) acdb_id(15)
08-06 15:55:56.228   512  2967 I soundtrigger: audio_extn_sound_trigger_update_device_status: device 0x2 of type 0 for Event 1
08-06 15:55:56.242   512  2967 D audio_hw_primary: enable_snd_device: snd_device(2: speaker)
08-06 15:55:56.244   512  2967 D audio_hw_primary: enable_audio_route: apply and update mixer path: low-latency-playback speaker
08-06 15:55:56.256 22517 22732 I art     : Explicit concurrent mark sweep GC freed 311(26KB) AllocSpace objects, 0(0B) LOS objects, 38% free, 25MB/41MB, paused 448us total 38.432ms
08-06 15:55:56.270 22517 22732 I art     : Starting a blocking GC Explicit
08-06 15:55:56.310 22517 22732 I art     : Explicit concurrent mark sweep GC freed 301(21KB) AllocSpace objects, 0(0B) LOS objects, 38% free, 25MB/41MB, paused 449us total 39.156ms
08-06 15:55:56.607 22517 22529 I art     : Starting a blocking GC Explicit
08-06 15:55:56.657 22517 22529 I art     : Explicit concurrent mark sweep GC freed 2211(139KB) AllocSpace objects, 2(60KB) LOS objects, 38% free, 25MB/41MB, paused 460us total 49.855ms
08-06 15:55:56.674 22517 22529 I art     : Starting a blocking GC Explicit
08-06 15:55:56.715 22517 22529 I art     : Explicit concurrent mark sweep GC freed 164(10KB) AllocSpace objects, 0(0B) LOS objects, 38% free, 25MB/41MB, paused 456us total 40.420ms
08-06 15:55:56.730 22517 22529 I art     : Starting a blocking GC Explicit
08-06 15:55:56.771 22517 22529 I art     : Explicit concurrent mark sweep GC freed 3(96B) AllocSpace objects, 0(0B) LOS objects, 38% free, 25MB/41MB, paused 418us total 40.018ms
08-06 15:55:56.778   512  2967 D audio_hw_primary: disable_audio_route: reset and update mixer path: low-latency-playback speaker
08-06 15:55:56.780   512  2967 D audio_hw_primary: disable_snd_device: snd_device(2: speaker)
08-06 15:55:56.785 22517 22529 I art     : Starting a blocking GC Explicit
08-06 15:55:56.788   512  2967 I soundtrigger: audio_extn_sound_trigger_update_device_status: device 0x2 of type 0 for Event 0
08-06 15:55:56.823 22517 22529 I art     : Explicit concurrent mark sweep GC freed 3(96B) AllocSpace objects, 0(0B) LOS objects, 38% free, 25MB/41MB, paused 423us total 37.574ms
08-06 15:55:56.839 22517 22529 I art     : Starting a blocking GC Explicit
08-06 15:55:56.875 22517 22529 I art     : Explicit concurrent mark sweep GC freed 3(96B) AllocSpace objects, 0(0B) LOS objects, 38% free, 25MB/41MB, paused 403us total 36.007ms
08-06 15:55:57.193 22517 22729 I art     : Starting a blocking GC Explicit
08-06 15:55:57.248 22517 22729 I art     : Explicit concurrent mark sweep GC freed 1295(75KB) AllocSpace objects, 1(20KB) LOS objects, 38% free, 25MB/41MB, paused 558us total 55.241ms
08-06 15:55:57.266 22517 22729 I art     : Starting a blocking GC Explicit
08-06 15:55:57.308 22517 22729 I art     : Explicit concurrent mark sweep GC freed 18(624B) AllocSpace objects, 0(0B) LOS objects, 38% free, 25MB/41MB, paused 465us total 41.102ms
08-06 15:55:57.323 22517 22729 I art     : Starting a blocking GC Explicit
08-06 15:55:57.365 22517 22729 I art     : Explicit concurrent mark sweep GC freed 3(96B) AllocSpace objects, 0(0B) LOS objects, 38% free, 25MB/41MB, paused 431us total 41.376ms
08-06 15:55:57.380 22517 22729 I art     : Starting a blocking GC Explicit
08-06 15:55:57.420 22517 22729 I art     : Explicit concurrent mark sweep GC freed 3(96B) AllocSpace objects, 0(0B) LOS objects, 38% free, 25MB/41MB, paused 417us total 40.258ms
08-06 15:55:57.435 22517 22729 I art     : Starting a blocking GC Explicit
08-06 15:55:57.475 22517 22729 I art     : Explicit concurrent mark sweep GC freed 3(96B) AllocSpace objects, 0(0B) LOS objects, 38% free, 25MB/41MB, paused 439us total 39.350ms
08-06 15:55:57.775 22517 22530 I art     : Starting a blocking GC Explicit
08-06 15:55:57.815 22517 22530 I art     : Explicit concurrent mark sweep GC freed 1293(75KB) AllocSpace objects, 1(20KB) LOS objects, 38% free, 25MB/41MB, paused 435us total 39.802ms
08-06 15:55:57.830 22517 22530 I art     : Starting a blocking GC Explicit
08-06 15:55:57.870 22517 22530 I art     : Explicit concurrent mark sweep GC freed 20(688B) AllocSpace objects, 0(0B) LOS objects, 38% free, 25MB/41MB, paused 446us total 39.659ms
08-06 15:55:57.887 22517 22530 I art     : Starting a blocking GC Explicit
08-06 15:55:57.932 22517 22530 I art     : Explicit concurrent mark sweep GC freed 11(352B) AllocSpace objects, 0(0B) LOS objects, 38% free, 25MB/41MB, paused 512us total 44.267ms
08-06 15:55:57.950 22517 22530 I art     : Starting a blocking GC Explicit
08-06 15:55:57.994 22517 22530 I art     : Explicit concurrent mark sweep GC freed 10(320B) AllocSpace objects, 0(0B) LOS objects, 38% free, 25MB/41MB, paused 678us total 43.971ms
08-06 15:55:57.995 23105 23105 D AndroidRuntime: >>>>>> START com.android.internal.os.RuntimeInit uid 2000 <<<<<<
08-06 15:55:58.002 23105 23105 D AndroidRuntime: CheckJNI is OFF
08-06 15:55:58.011 22517 22530 I art     : Starting a blocking GC Explicit
08-06 15:55:58.050 23105 23105 D ICU     : No timezone override file found: /data/misc/zoneinfo/current/icu/icu_tzdata.dat
08-06 15:55:58.054 22517 22530 I art     : Explicit concurrent mark sweep GC freed 10(320B) AllocSpace objects, 0(0B) LOS objects, 38% free, 25MB/41MB, paused 422us total 43.465ms
08-06 15:55:58.098 23105 23105 I Radio-JNI: register_android_hardware_Radio DONE
08-06 15:55:58.127 23105 23105 D AndroidRuntime: Calling main entry com.android.commands.input.Input
08-06 15:55:58.130 23105 23105 I Input   : injectMotionEvent: MotionEvent { action=ACTION_DOWN, actionButton=0, id[0]=0, x[0]=1215.0, y[0]=1482.0, toolType[0]=TOOL_TYPE_UNKNOWN, buttonState=0, metaState=0, flags=0x0, edgeFlags=0x0, pointerCount=1, historySize=0, eventTime=892574543, downTime=892574543, deviceId=0, source=0x1002 }
08-06 15:55:58.135 23105 23105 I Input   : injectMotionEvent: MotionEvent { action=ACTION_UP, actionButton=0, id[0]=0, x[0]=1215.0, y[0]=1482.0, toolType[0]=TOOL_TYPE_UNKNOWN, buttonState=0, metaState=0, flags=0x0, edgeFlags=0x0, pointerCount=1, historySize=0, eventTime=892574543, downTime=892574543, deviceId=0, source=0x1002 }
08-06 15:55:58.137 23105 23105 D AndroidRuntime: Shutting down VM
08-06 15:55:58.147 22517 22517 I SettingsManager: Setting boolean: completedTutorial
08-06 15:55:58.149   512  2967 D audio_hw_primary: out_set_parameters: enter: usecase(1: low-latency-playback) kvpairs: routing=2
08-06 15:55:58.155   918  6110 W BackupManagerService: dataChanged but no participant pkg='baseline.com.ak.uobtimetable' uid=10710
08-06 15:55:58.162   512  2967 D audio_hw_primary: select_devices: out_snd_device(2: speaker) in_snd_device(0: none)
08-06 15:55:58.163   512  2967 D msm8974_platform: platform_send_audio_calibration: sending audio calibration for snd_device(2) acdb_id(15)
08-06 15:55:58.163   512  2967 I soundtrigger: audio_extn_sound_trigger_update_device_status: device 0x2 of type 0 for Event 1
08-06 15:55:58.166 13866 13866 I GoogleInputMethodServic: GoogleInputMethodService.onFinishInput():3138 
08-06 15:55:58.167 13866 13866 I GoogleInputMethodServic: GoogleInputMethodService.onStartInput():1808 
08-06 15:55:58.175   512  2967 D audio_hw_primary: enable_snd_device: snd_device(2: speaker)
08-06 15:55:58.178   512  2967 D audio_hw_primary: enable_audio_route: apply and update mixer path: low-latency-playback speaker
08-06 15:55:58.362 22517 22530 I art     : Starting a blocking GC Explicit
08-06 15:55:58.407 22517 22530 I art     : Explicit concurrent mark sweep GC freed 1488(96KB) AllocSpace objects, 2(40KB) LOS objects, 38% free, 25MB/41MB, paused 400us total 43.494ms
08-06 15:55:58.421 22517 22530 I art     : Starting a blocking GC Explicit
08-06 15:55:58.459 22517 22530 I art     : Explicit concurrent mark sweep GC freed 1009(69KB) AllocSpace objects, 1(40KB) LOS objects, 38% free, 25MB/41MB, paused 416us total 37.607ms
08-06 15:55:58.474 22517 22530 I art     : Starting a blocking GC Explicit
08-06 15:55:58.513 22517 22530 I art     : Explicit concurrent mark sweep GC freed 3(96B) AllocSpace objects, 0(0B) LOS objects, 38% free, 25MB/41MB, paused 411us total 39.201ms
08-06 15:55:58.528 22517 22530 I art     : Starting a blocking GC Explicit
08-06 15:55:58.568 22517 22530 I art     : Explicit concurrent mark sweep GC freed 3(96B) AllocSpace objects, 0(0B) LOS objects, 38% free, 25MB/41MB, paused 441us total 39.234ms
08-06 15:55:58.582 22517 22530 I art     : Starting a blocking GC Explicit
08-06 15:55:58.622 22517 22530 I art     : Explicit concurrent mark sweep GC freed 3(96B) AllocSpace objects, 0(0B) LOS objects, 38% free, 25MB/41MB, paused 416us total 39.174ms
08-06 15:55:58.721   512  2967 D audio_hw_primary: disable_audio_route: reset and update mixer path: low-latency-playback speaker
08-06 15:55:58.723   512  2967 D audio_hw_primary: disable_snd_device: snd_device(2: speaker)
08-06 15:55:58.732   512  2967 I soundtrigger: audio_extn_sound_trigger_update_device_status: device 0x2 of type 0 for Event 0
08-06 15:55:58.935 22517 22529 I art     : Starting a blocking GC Explicit
08-06 15:55:58.992 22517 22529 I art     : Explicit concurrent mark sweep GC freed 1293(75KB) AllocSpace objects, 1(20KB) LOS objects, 38% free, 25MB/41MB, paused 460us total 56.097ms
08-06 15:55:59.009 22517 22529 I art     : Starting a blocking GC Explicit
08-06 15:55:59.048 22517 22529 I art     : Explicit concurrent mark sweep GC freed 18(624B) AllocSpace objects, 0(0B) LOS objects, 38% free, 25MB/41MB, paused 420us total 39.255ms
08-06 15:55:59.063 22517 22529 I art     : Starting a blocking GC Explicit
08-06 15:55:59.104 22517 22529 I art     : Explicit concurrent mark sweep GC freed 3(96B) AllocSpace objects, 0(0B) LOS objects, 38% free, 25MB/41MB, paused 414us total 40.757ms
08-06 15:55:59.120 22517 22529 I art     : Starting a blocking GC Explicit
08-06 15:55:59.160 22517 22529 I art     : Explicit concurrent mark sweep GC freed 3(96B) AllocSpace objects, 0(0B) LOS objects, 38% free, 25MB/41MB, paused 476us total 40.404ms
08-06 15:55:59.176 22517 22529 I art     : Starting a blocking GC Explicit
08-06 15:55:59.217 22517 22529 I art     : Explicit concurrent mark sweep GC freed 3(96B) AllocSpace objects, 0(0B) LOS objects, 38% free, 25MB/41MB, paused 500us total 41.372ms
08-06 15:55:59.523 22517 22732 I art     : Starting a blocking GC Explicit
08-06 15:55:59.571 22517 22732 I art     : Explicit concurrent mark sweep GC freed 1293(75KB) AllocSpace objects, 1(20KB) LOS objects, 38% free, 25MB/41MB, paused 451us total 47.407ms
08-06 15:55:59.587 22517 22732 I art     : Starting a blocking GC Explicit
08-06 15:55:59.627 22517 22732 I art     : Explicit concurrent mark sweep GC freed 18(624B) AllocSpace objects, 0(0B) LOS objects, 38% free, 25MB/41MB, paused 421us total 38.933ms
08-06 15:55:59.641 22517 22732 I art     : Starting a blocking GC Explicit
08-06 15:55:59.680 22517 22732 I art     : Explicit concurrent mark sweep GC freed 3(96B) AllocSpace objects, 0(0B) LOS objects, 38% free, 25MB/41MB, paused 412us total 38.085ms
08-06 15:55:59.694 22517 22732 I art     : Starting a blocking GC Explicit
08-06 15:55:59.733 22517 22732 I art     : Explicit concurrent mark sweep GC freed 3(96B) AllocSpace objects, 0(0B) LOS objects, 38% free, 25MB/41MB, paused 417us total 38.378ms
08-06 15:55:59.748 22517 22732 I art     : Starting a blocking GC Explicit
08-06 15:55:59.788 22517 22732 I art     : Explicit concurrent mark sweep GC freed 3(96B) AllocSpace objects, 0(0B) LOS objects, 38% free, 25MB/41MB, paused 431us total 39.868ms
08-06 15:55:59.930 23150 23150 D AndroidRuntime: >>>>>> START com.android.internal.os.RuntimeInit uid 2000 <<<<<<
08-06 15:55:59.937 23150 23150 D AndroidRuntime: CheckJNI is OFF
08-06 15:55:59.983 23150 23150 D ICU     : No timezone override file found: /data/misc/zoneinfo/current/icu/icu_tzdata.dat
08-06 15:56:00.025 23150 23150 I Radio-JNI: register_android_hardware_Radio DONE
08-06 15:56:00.054 23150 23150 D AndroidRuntime: Calling main entry com.android.commands.input.Input
08-06 15:56:00.057 23150 23150 I Input   : injectMotionEvent: MotionEvent { action=ACTION_DOWN, actionButton=0, id[0]=0, x[0]=81.0, y[0]=176.0, toolType[0]=TOOL_TYPE_UNKNOWN, buttonState=0, metaState=0, flags=0x0, edgeFlags=0x0, pointerCount=1, historySize=0, eventTime=892576469, downTime=892576469, deviceId=0, source=0x1002 }
08-06 15:56:00.060 23150 23150 I Input   : injectMotionEvent: MotionEvent { action=ACTION_UP, actionButton=0, id[0]=0, x[0]=81.0, y[0]=176.0, toolType[0]=TOOL_TYPE_UNKNOWN, buttonState=0, metaState=0, flags=0x0, edgeFlags=0x0, pointerCount=1, historySize=0, eventTime=892576469, downTime=892576469, deviceId=0, source=0x1002 }
08-06 15:56:00.062 23150 23150 D AndroidRuntime: Shutting down VM
08-06 15:56:00.083   512  2967 D audio_hw_primary: out_set_parameters: enter: usecase(1: low-latency-playback) kvpairs: routing=2
08-06 15:56:00.096   512  2967 D audio_hw_primary: select_devices: out_snd_device(2: speaker) in_snd_device(0: none)
08-06 15:56:00.096   512  2967 D msm8974_platform: platform_send_audio_calibration: sending audio calibration for snd_device(2) acdb_id(15)
08-06 15:56:00.096   512  2967 I soundtrigger: audio_extn_sound_trigger_update_device_status: device 0x2 of type 0 for Event 1
08-06 15:56:00.105   512  2967 D audio_hw_primary: enable_snd_device: snd_device(2: speaker)
08-06 15:56:00.108   512  2967 D audio_hw_primary: enable_audio_route: apply and update mixer path: low-latency-playback speaker
08-06 15:56:00.120 22517 22530 I art     : Starting a blocking GC Explicit
08-06 15:56:00.159 22517 22530 I art     : Explicit concurrent mark sweep GC freed 1342(77KB) AllocSpace objects, 1(20KB) LOS objects, 38% free, 25MB/41MB, paused 413us total 39.226ms
08-06 15:56:00.186 22517 22530 I art     : Starting a blocking GC Explicit
08-06 15:56:00.221 22517 22530 I art     : Explicit concurrent mark sweep GC freed 385(19KB) AllocSpace objects, 0(0B) LOS objects, 38% free, 25MB/41MB, paused 373us total 34.732ms
08-06 15:56:00.236 22517 22530 I art     : Starting a blocking GC Explicit
08-06 15:56:00.274 22517 22530 I art     : Explicit concurrent mark sweep GC freed 7(384B) AllocSpace objects, 0(0B) LOS objects, 38% free, 25MB/41MB, paused 431us total 37.739ms
08-06 15:56:00.289 22517 22530 I art     : Starting a blocking GC Explicit
08-06 15:56:00.327 22517 22530 I art     : Explicit concurrent mark sweep GC freed 3(96B) AllocSpace objects, 0(0B) LOS objects, 38% free, 25MB/41MB, paused 535us total 37.722ms
08-06 15:56:00.342 22517 22530 I art     : Starting a blocking GC Explicit
08-06 15:56:00.380 22517 22530 I art     : Explicit concurrent mark sweep GC freed 11(352B) AllocSpace objects, 0(0B) LOS objects, 38% free, 25MB/41MB, paused 532us total 37.753ms
08-06 15:56:00.639   512  2967 D audio_hw_primary: disable_audio_route: reset and update mixer path: low-latency-playback speaker
08-06 15:56:00.640   512  2967 D audio_hw_primary: disable_snd_device: snd_device(2: speaker)
08-06 15:56:00.648   512  2967 I soundtrigger: audio_extn_sound_trigger_update_device_status: device 0x2 of type 0 for Event 0
08-06 15:56:00.698 22517 22529 I art     : Starting a blocking GC Explicit
08-06 15:56:00.737 22517 22529 I art     : Explicit concurrent mark sweep GC freed 1296(75KB) AllocSpace objects, 1(20KB) LOS objects, 38% free, 25MB/41MB, paused 416us total 39.313ms
08-06 15:56:00.752 22517 22529 I art     : Starting a blocking GC Explicit
08-06 15:56:00.791 22517 22529 I art     : Explicit concurrent mark sweep GC freed 20(688B) AllocSpace objects, 0(0B) LOS objects, 38% free, 25MB/41MB, paused 433us total 38.049ms
08-06 15:56:00.805 22517 22529 I art     : Starting a blocking GC Explicit
08-06 15:56:00.845 22517 22529 I art     : Explicit concurrent mark sweep GC freed 5(160B) AllocSpace objects, 0(0B) LOS objects, 38% free, 25MB/41MB, paused 412us total 38.930ms
08-06 15:56:00.860 22517 22529 I art     : Starting a blocking GC Explicit
08-06 15:56:00.900 22517 22529 I art     : Explicit concurrent mark sweep GC freed 3(96B) AllocSpace objects, 0(0B) LOS objects, 38% free, 25MB/41MB, paused 413us total 39.969ms
08-06 15:56:00.916 22517 22529 I art     : Starting a blocking GC Explicit
08-06 15:56:00.955 22517 22529 I art     : Explicit concurrent mark sweep GC freed 3(96B) AllocSpace objects, 0(0B) LOS objects, 38% free, 25MB/41MB, paused 416us total 39.621ms
08-06 15:56:01.266 22517 22729 I art     : Starting a blocking GC Explicit
08-06 15:56:01.313 22517 22729 I art     : Explicit concurrent mark sweep GC freed 1293(75KB) AllocSpace objects, 1(20KB) LOS objects, 38% free, 25MB/41MB, paused 406us total 46.599ms
08-06 15:56:01.329 22517 22729 I art     : Starting a blocking GC Explicit
08-06 15:56:01.364 22517 22729 I art     : Explicit concurrent mark sweep GC freed 18(624B) AllocSpace objects, 0(0B) LOS objects, 38% free, 25MB/41MB, paused 403us total 34.681ms
08-06 15:56:01.378 22517 22729 I art     : Starting a blocking GC Explicit
08-06 15:56:01.416 22517 22729 I art     : Explicit concurrent mark sweep GC freed 3(96B) AllocSpace objects, 0(0B) LOS objects, 38% free, 25MB/41MB, paused 417us total 37.297ms
08-06 15:56:01.430 22517 22729 I art     : Starting a blocking GC Explicit
08-06 15:56:01.469 22517 22729 I art     : Explicit concurrent mark sweep GC freed 3(96B) AllocSpace objects, 0(0B) LOS objects, 38% free, 25MB/41MB, paused 415us total 38.662ms
08-06 15:56:01.484 22517 22729 I art     : Starting a blocking GC Explicit
08-06 15:56:01.523 22517 22729 I art     : Explicit concurrent mark sweep GC freed 3(96B) AllocSpace objects, 0(0B) LOS objects, 38% free, 25MB/41MB, paused 435us total 38.508ms
08-06 15:56:01.832 23202 23202 D AndroidRuntime: >>>>>> START com.android.internal.os.RuntimeInit uid 2000 <<<<<<
08-06 15:56:01.838 23202 23202 D AndroidRuntime: CheckJNI is OFF
08-06 15:56:01.840 22517 22530 I art     : Starting a blocking GC Explicit
08-06 15:56:01.880 22517 22530 I art     : Explicit concurrent mark sweep GC freed 1330(77KB) AllocSpace objects, 1(20KB) LOS objects, 38% free, 25MB/41MB, paused 458us total 39.824ms
08-06 15:56:01.883 23202 23202 D ICU     : No timezone override file found: /data/misc/zoneinfo/current/icu/icu_tzdata.dat
08-06 15:56:01.895 22517 22530 I art     : Starting a blocking GC Explicit
08-06 15:56:01.925 23202 23202 I Radio-JNI: register_android_hardware_Radio DONE
08-06 15:56:01.932 22517 22530 I art     : Explicit concurrent mark sweep GC freed 32(1104B) AllocSpace objects, 0(0B) LOS objects, 38% free, 25MB/41MB, paused 481us total 37.140ms
08-06 15:56:01.947 22517 22530 I art     : Starting a blocking GC Explicit
08-06 15:56:01.954 23202 23202 D AndroidRuntime: Calling main entry com.android.commands.input.Input
08-06 15:56:01.957 23202 23202 I Input   : injectMotionEvent: MotionEvent { action=ACTION_DOWN, actionButton=0, id[0]=0, x[0]=436.0, y[0]=1770.0, toolType[0]=TOOL_TYPE_UNKNOWN, buttonState=0, metaState=0, flags=0x0, edgeFlags=0x0, pointerCount=1, historySize=0, eventTime=892578369, downTime=892578369, deviceId=0, source=0x1002 }
08-06 15:56:01.962 23202 23202 I Input   : injectMotionEvent: MotionEvent { action=ACTION_UP, actionButton=0, id[0]=0, x[0]=436.0, y[0]=1770.0, toolType[0]=TOOL_TYPE_UNKNOWN, buttonState=0, metaState=0, flags=0x0, edgeFlags=0x0, pointerCount=1, historySize=0, eventTime=892578369, downTime=892578369, deviceId=0, source=0x1002 }
08-06 15:56:01.964 23202 23202 D AndroidRuntime: Shutting down VM
08-06 15:56:01.966 22517 22517 D MainActivity: NavigationItemSelected: Courses
08-06 15:56:01.967   918  3696 I ActivityManager: START u0 {cmp=baseline.com.ak.uobtimetable/.CourseListActivity} from uid 10710 on display 0
08-06 15:56:01.967   512  2967 D audio_hw_primary: out_set_parameters: enter: usecase(1: low-latency-playback) kvpairs: routing=2
08-06 15:56:01.975 22517 22517 D MainActivity: OnPause
08-06 15:56:01.980   512  2967 D audio_hw_primary: select_devices: out_snd_device(2: speaker) in_snd_device(0: none)
08-06 15:56:01.980   512  2967 D msm8974_platform: platform_send_audio_calibration: sending audio calibration for snd_device(2) acdb_id(15)
08-06 15:56:01.981   512  2967 I soundtrigger: audio_extn_sound_trigger_update_device_status: device 0x2 of type 0 for Event 1
08-06 15:56:01.985 22517 22530 I art     : Explicit concurrent mark sweep GC freed 151(5KB) AllocSpace objects, 0(0B) LOS objects, 38% free, 25MB/41MB, paused 785us total 37.814ms
08-06 15:56:01.991   512  2967 D audio_hw_primary: enable_snd_device: snd_device(2: speaker)
08-06 15:56:01.993   512  2967 D audio_hw_primary: enable_audio_route: apply and update mixer path: low-latency-playback speaker
08-06 15:56:01.999 22517 22530 I art     : Starting a blocking GC Explicit
08-06 15:56:02.022 22517 22517 D CourseListActivity: onCreate
08-06 15:56:02.024 22517 23227 D HTTP    : Request for: https://uob-timetable-api.adriankeenan.co.uk/courses
08-06 15:56:02.037 22517 22530 I art     : Explicit concurrent mark sweep GC freed 2358(130KB) AllocSpace objects, 0(0B) LOS objects, 38% free, 25MB/41MB, paused 616us total 37.716ms
08-06 15:56:02.052 22517 22530 I art     : Starting a blocking GC Explicit
08-06 15:56:02.087   918   936 I ActivityManager: Displayed baseline.com.ak.uobtimetable/.CourseListActivity: +111ms
08-06 15:56:02.088 13866 13866 I GoogleInputMethodServic: GoogleInputMethodService.onFinishInput():3138 
08-06 15:56:02.088 13866 13866 I GoogleInputMethodServic: GoogleInputMethodService.onStartInput():1808 
08-06 15:56:02.091 22517 22530 I art     : Explicit concurrent mark sweep GC freed 798(42KB) AllocSpace objects, 0(0B) LOS objects, 38% free, 25MB/41MB, paused 592us total 39.140ms
08-06 15:56:02.203 22517 23227 I NAPPA_EXPERIMENTATION: MetricNetworkRequestExecutionTime: REQUEST_DURATION_SYSTEM='179',REQUEST_DURATION_OKHTTP='37',REQUEST_SYNCHRONOUS='TRUE',RESPONSE_CODE='200',RESPONSE_METHOD='GET',RESPONSE_LENGTH_OKHTTP='-1',RESPONSE_LENGTH_HEADER='-2',REQUEST_PROTOCOL='http/1.1',REQUEST_URL='https://uob-timetable-api.adriankeenan.co.uk/courses',
08-06 15:56:02.391 22517 22530 I art     : Waiting for a blocking GC Explicit
08-06 15:56:02.394 22517 22530 I art     : Starting a blocking GC Explicit
08-06 15:56:02.432 22517 22530 I art     : Explicit concurrent mark sweep GC freed 1902(5MB) AllocSpace objects, 1(20KB) LOS objects, 24% free, 48MB/64MB, paused 496us total 38.168ms
08-06 15:56:02.446 22517 22530 I art     : Starting a blocking GC Explicit
08-06 15:56:02.465 22517 22517 D MainActivity: Saving state
08-06 15:56:02.465 22517 22517 D MainActivity: Saving current fragment: SessionListsFragment
08-06 15:56:02.465 22517 22517 D MainActivity: Saving current index: 3
08-06 15:56:02.466 22517 22517 D SessionListsFragment: Saving state
08-06 15:56:02.483 22517 22530 I art     : Explicit concurrent mark sweep GC freed 210(32KB) AllocSpace objects, 0(0B) LOS objects, 24% free, 48MB/64MB, paused 571us total 36.859ms
08-06 15:56:02.497 22517 22530 I art     : Starting a blocking GC Explicit
08-06 15:56:02.529   512  2967 D audio_hw_primary: disable_audio_route: reset and update mixer path: low-latency-playback speaker
08-06 15:56:02.529   512  2967 D audio_hw_primary: disable_snd_device: snd_device(2: speaker)
08-06 15:56:02.533 22517 22530 I art     : Explicit concurrent mark sweep GC freed 56(3KB) AllocSpace objects, 0(0B) LOS objects, 24% free, 48MB/64MB, paused 587us total 36.461ms
08-06 15:56:02.537   512  2967 I soundtrigger: audio_extn_sound_trigger_update_device_status: device 0x2 of type 0 for Event 0
08-06 15:56:02.547 22517 22530 I art     : Starting a blocking GC Explicit
08-06 15:56:02.581 22517 23227 I HTTP    : Response was compressed.
08-06 15:56:02.584 22517 22530 I art     : Explicit concurrent mark sweep GC freed 158(7KB) AllocSpace objects, 0(0B) LOS objects, 20% free, 63MB/79MB, paused 948us total 36.473ms
08-06 15:56:02.597 22517 22530 I art     : Starting a blocking GC Explicit
08-06 15:56:02.646 22517 22530 I art     : Explicit concurrent mark sweep GC freed 28409(1319KB) AllocSpace objects, 2(22MB) LOS objects, 27% free, 41MB/57MB, paused 734us total 47.954ms
08-06 15:56:02.966 22517 22729 I art     : Starting a blocking GC Explicit
08-06 15:56:03.033 22517 22729 I art     : Explicit concurrent mark sweep GC freed 203149(9MB) AllocSpace objects, 1(20KB) LOS objects, 26% free, 43MB/59MB, paused 688us total 66.565ms
08-06 15:56:03.050 22517 22729 I art     : Starting a blocking GC Explicit
08-06 15:56:03.100 22517 22729 I art     : Explicit concurrent mark sweep GC freed 45057(2MB) AllocSpace objects, 0(0B) LOS objects, 27% free, 43MB/59MB, paused 926us total 49.195ms
08-06 15:56:03.116 22517 22729 I art     : Starting a blocking GC Explicit
08-06 15:56:03.165 22517 22729 I art     : Explicit concurrent mark sweep GC freed 35860(1702KB) AllocSpace objects, 0(0B) LOS objects, 26% free, 43MB/59MB, paused 874us total 47.921ms
08-06 15:56:03.182 22517 22729 I art     : Starting a blocking GC Explicit
08-06 15:56:03.232 22517 22729 I art     : Explicit concurrent mark sweep GC freed 35820(1691KB) AllocSpace objects, 0(0B) LOS objects, 26% free, 43MB/59MB, paused 1.119ms total 50.167ms
08-06 15:56:03.249 22517 22729 I art     : Starting a blocking GC Explicit
08-06 15:56:03.300 22517 22729 I art     : Explicit concurrent mark sweep GC freed 36284(1713KB) AllocSpace objects, 0(0B) LOS objects, 26% free, 43MB/59MB, paused 1.001ms total 50.226ms
08-06 15:56:03.561   918  3261 D WifiStateMachine: starting scan for "H369AA63323"WPA_PSK with 2412,5180
08-06 15:56:03.617 22517 22530 I art     : Starting a blocking GC Explicit
08-06 15:56:03.692 22517 22530 I art     : Explicit concurrent mark sweep GC freed 196609(9MB) AllocSpace objects, 1(20KB) LOS objects, 25% free, 45MB/61MB, paused 874us total 75.265ms
08-06 15:56:03.712 22517 22530 I art     : Starting a blocking GC Explicit
08-06 15:56:03.769 22517 22530 I art     : Explicit concurrent mark sweep GC freed 48882(2MB) AllocSpace objects, 0(0B) LOS objects, 25% free, 45MB/61MB, paused 1.051ms total 56.530ms
08-06 15:56:03.788 22517 22530 I art     : Starting a blocking GC Explicit
08-06 15:56:03.842 22517 22530 I art     : Explicit concurrent mark sweep GC freed 39684(1893KB) AllocSpace objects, 0(0B) LOS objects, 25% free, 46MB/62MB, paused 1.167ms total 54.576ms
08-06 15:56:03.860 22517 22530 I art     : Starting a blocking GC Explicit
08-06 15:56:03.916 22517 22530 I art     : Explicit concurrent mark sweep GC freed 39997(1879KB) AllocSpace objects, 0(0B) LOS objects, 25% free, 46MB/62MB, paused 1.129ms total 55.413ms
08-06 15:56:03.934 22517 22530 I art     : Starting a blocking GC Explicit
08-06 15:56:03.991 22517 22530 I art     : Explicit concurrent mark sweep GC freed 40298(1890KB) AllocSpace objects, 0(0B) LOS objects, 25% free, 46MB/62MB, paused 1.071ms total 56.778ms
08-06 15:56:04.296 22517 22729 I art     : Starting a blocking GC Explicit
08-06 15:56:04.381 22517 22729 I art     : Explicit concurrent mark sweep GC freed 200882(9MB) AllocSpace objects, 1(20KB) LOS objects, 24% free, 48MB/64MB, paused 1.085ms total 85.223ms
08-06 15:56:04.404 22517 22729 I art     : Starting a blocking GC Explicit
08-06 15:56:04.468 22517 22729 I art     : Explicit concurrent mark sweep GC freed 53332(2MB) AllocSpace objects, 0(0B) LOS objects, 24% free, 48MB/64MB, paused 1.308ms total 63.988ms
08-06 15:56:04.489 22517 22729 I art     : Starting a blocking GC Explicit
08-06 15:56:04.556 22517 22729 I art     : Explicit concurrent mark sweep GC freed 46850(2MB) AllocSpace objects, 0(0B) LOS objects, 24% free, 48MB/64MB, paused 1.334ms total 67.201ms
08-06 15:56:04.577 22517 22729 I art     : Starting a blocking GC Explicit
08-06 15:56:04.644 22517 22729 I art     : Explicit concurrent mark sweep GC freed 46292(2MB) AllocSpace objects, 0(0B) LOS objects, 24% free, 49MB/65MB, paused 1.338ms total 67.002ms
08-06 15:56:04.665 22517 22729 I art     : Starting a blocking GC Explicit
08-06 15:56:04.737 22517 22729 I art     : Explicit concurrent mark sweep GC freed 48607(2MB) AllocSpace objects, 0(0B) LOS objects, 24% free, 49MB/65MB, paused 1.451ms total 71.379ms
08-06 15:56:05.062 22517 22732 I art     : Starting a blocking GC Explicit
08-06 15:56:05.159 22517 22732 I art     : Explicit concurrent mark sweep GC freed 217849(9MB) AllocSpace objects, 1(20KB) LOS objects, 23% free, 51MB/67MB, paused 1.238ms total 97.221ms
08-06 15:56:05.182 22517 22732 I art     : Starting a blocking GC Explicit
08-06 15:56:05.257 22517 22732 I art     : Explicit concurrent mark sweep GC freed 58121(2MB) AllocSpace objects, 0(0B) LOS objects, 23% free, 51MB/67MB, paused 1.471ms total 74.070ms
08-06 15:56:05.279 22517 22732 I art     : Starting a blocking GC Explicit
08-06 15:56:05.357 22517 22732 I art     : Explicit concurrent mark sweep GC freed 51858(2MB) AllocSpace objects, 0(0B) LOS objects, 23% free, 52MB/68MB, paused 1.606ms total 77.757ms
08-06 15:56:05.379 22517 22732 I art     : Starting a blocking GC Explicit
08-06 15:56:05.389 22517 23227 I Service : getCourses response time: 0.69
08-06 15:56:05.402 22517 22517 I SettingsManager: Getting string: savedCourse
08-06 15:56:05.450 22517 22732 I art     : Explicit concurrent mark sweep GC freed 23146(1137KB) AllocSpace objects, 0(0B) LOS objects, 23% free, 52MB/68MB, paused 1.048ms total 70.710ms
08-06 15:56:05.472 22517 22732 I art     : Starting a blocking GC Explicit
08-06 15:56:05.545 22517 22732 I art     : Explicit concurrent mark sweep GC freed 720(29KB) AllocSpace objects, 1(14MB) LOS objects, 30% free, 37MB/53MB, paused 526us total 72.811ms
08-06 15:56:05.897 22517 22729 I art     : Starting a blocking GC Explicit
08-06 15:56:06.005 22517 22729 I art     : Explicit concurrent mark sweep GC freed 1636(95KB) AllocSpace objects, 1(20KB) LOS objects, 30% free, 37MB/53MB, paused 535us total 106.662ms
08-06 15:56:06.034 22517 22729 I art     : Starting a blocking GC Explicit
08-06 15:56:06.114 22517 22729 I art     : Explicit concurrent mark sweep GC freed 506(48KB) AllocSpace objects, 0(0B) LOS objects, 30% free, 37MB/53MB, paused 437us total 80.448ms
08-06 15:56:06.140 22517 22729 I art     : Starting a blocking GC Explicit
08-06 15:56:06.218 22517 22729 I art     : Explicit concurrent mark sweep GC freed 3(96B) AllocSpace objects, 0(0B) LOS objects, 30% free, 37MB/53MB, paused 481us total 78.213ms
08-06 15:56:06.243 22517 22729 I art     : Starting a blocking GC Explicit
08-06 15:56:06.326 22517 22729 I art     : Explicit concurrent mark sweep GC freed 3(96B) AllocSpace objects, 0(0B) LOS objects, 30% free, 37MB/53MB, paused 474us total 82.220ms
08-06 15:56:06.351 22517 22729 I art     : Starting a blocking GC Explicit
08-06 15:56:06.432 22517 22729 I art     : Explicit concurrent mark sweep GC freed 3(96B) AllocSpace objects, 0(0B) LOS objects, 30% free, 37MB/53MB, paused 493us total 80.272ms
08-06 15:56:06.794 22517 22529 I art     : Starting a blocking GC Explicit
08-06 15:56:06.860   918  6029 I ActivityManager: Killing 13327:nappatfpr.com.newsblur/u0a704 (adj 15): empty #17
08-06 15:56:06.888 22517 22529 I art     : Explicit concurrent mark sweep GC freed 1300(75KB) AllocSpace objects, 1(20KB) LOS objects, 30% free, 37MB/53MB, paused 497us total 93.170ms
08-06 15:56:06.888 22517 22528 I art     : WaitForGcToComplete blocked for 7.888ms for cause HeapTrim
08-06 15:56:06.912 22517 22529 I art     : Starting a blocking GC Explicit
08-06 15:56:06.990 22517 22529 I art     : Explicit concurrent mark sweep GC freed 43(2048B) AllocSpace objects, 0(0B) LOS objects, 30% free, 37MB/53MB, paused 448us total 77.115ms
08-06 15:56:07.014 22517 22529 I art     : Starting a blocking GC Explicit
08-06 15:56:07.080 22517 22529 I art     : Explicit concurrent mark sweep GC freed 19(848B) AllocSpace objects, 0(0B) LOS objects, 30% free, 37MB/53MB, paused 442us total 65.511ms
08-06 15:56:07.103 22517 22529 I art     : Starting a blocking GC Explicit
08-06 15:56:07.173 22517 22529 I art     : Explicit concurrent mark sweep GC freed 6(208B) AllocSpace objects, 0(0B) LOS objects, 30% free, 37MB/53MB, paused 459us total 69.977ms
08-06 15:56:07.198 22517 22529 I art     : Starting a blocking GC Explicit
08-06 15:56:07.271 22517 22529 I art     : Explicit concurrent mark sweep GC freed 3(96B) AllocSpace objects, 0(0B) LOS objects, 30% free, 37MB/53MB, paused 457us total 72.945ms
08-06 15:56:07.626 22517 22530 I art     : Starting a blocking GC Explicit
08-06 15:56:07.725 22517 22530 I art     : Explicit concurrent mark sweep GC freed 1294(75KB) AllocSpace objects, 1(20KB) LOS objects, 30% free, 37MB/53MB, paused 470us total 99.440ms
08-06 15:56:07.752 22517 22530 I art     : Starting a blocking GC Explicit
08-06 15:56:07.832 22517 22530 I art     : Explicit concurrent mark sweep GC freed 18(624B) AllocSpace objects, 0(0B) LOS objects, 30% free, 37MB/53MB, paused 449us total 79.915ms
08-06 15:56:07.857 22517 22530 I art     : Starting a blocking GC Explicit
08-06 15:56:07.938 22517 22530 I art     : Explicit concurrent mark sweep GC freed 3(96B) AllocSpace objects, 0(0B) LOS objects, 30% free, 37MB/53MB, paused 586us total 80.548ms
08-06 15:56:07.963 22517 22530 I art     : Starting a blocking GC Explicit
08-06 15:56:08.040 22517 22530 I art     : Explicit concurrent mark sweep GC freed 3(96B) AllocSpace objects, 0(0B) LOS objects, 30% free, 37MB/53MB, paused 483us total 76.705ms
08-06 15:56:08.065 22517 22530 I art     : Starting a blocking GC Explicit
08-06 15:56:08.147 22517 22530 I art     : Explicit concurrent mark sweep GC freed 3(96B) AllocSpace objects, 0(0B) LOS objects, 30% free, 37MB/53MB, paused 486us total 81.944ms
08-06 15:56:08.449 22517 22732 I art     : Starting a blocking GC Explicit
08-06 15:56:08.527 22517 22732 I art     : Explicit concurrent mark sweep GC freed 1293(75KB) AllocSpace objects, 1(20KB) LOS objects, 30% free, 37MB/53MB, paused 470us total 77.620ms
08-06 15:56:08.551 22517 22732 I art     : Starting a blocking GC Explicit
08-06 15:56:08.628 22517 22732 I art     : Explicit concurrent mark sweep GC freed 18(624B) AllocSpace objects, 0(0B) LOS objects, 30% free, 37MB/53MB, paused 484us total 76.251ms
08-06 15:56:08.652 22517 22732 I art     : Starting a blocking GC Explicit
08-06 15:56:08.729 22517 22732 I art     : Explicit concurrent mark sweep GC freed 3(96B) AllocSpace objects, 0(0B) LOS objects, 30% free, 37MB/53MB, paused 458us total 76.482ms
08-06 15:56:08.753 22517 22732 I art     : Starting a blocking GC Explicit
08-06 15:56:08.776 23309 23309 D AndroidRuntime: >>>>>> START com.android.internal.os.RuntimeInit uid 2000 <<<<<<
08-06 15:56:08.782 23309 23309 D AndroidRuntime: CheckJNI is OFF
08-06 15:56:08.818 22397 22397 I ServiceManager: Waiting for service AtCmdFwd...
08-06 15:56:08.827 23309 23309 D ICU     : No timezone override file found: /data/misc/zoneinfo/current/icu/icu_tzdata.dat
08-06 15:56:08.828 22517 22732 I art     : Explicit concurrent mark sweep GC freed 3(96B) AllocSpace objects, 0(0B) LOS objects, 30% free, 37MB/53MB, paused 534us total 74.285ms
08-06 15:56:08.852 22517 22732 I art     : Starting a blocking GC Explicit
08-06 15:56:08.874 23309 23309 I Radio-JNI: register_android_hardware_Radio DONE
08-06 15:56:08.903 23309 23309 D AndroidRuntime: Calling main entry com.android.commands.input.Input
08-06 15:56:08.905 23309 23309 I Input   : injectMotionEvent: MotionEvent { action=ACTION_DOWN, actionButton=0, id[0]=0, x[0]=558.0, y[0]=368.0, toolType[0]=TOOL_TYPE_UNKNOWN, buttonState=0, metaState=0, flags=0x0, edgeFlags=0x0, pointerCount=1, historySize=0, eventTime=892585318, downTime=892585318, deviceId=0, source=0x1002 }
08-06 15:56:08.912 23309 23309 I Input   : injectMotionEvent: MotionEvent { action=ACTION_UP, actionButton=0, id[0]=0, x[0]=558.0, y[0]=368.0, toolType[0]=TOOL_TYPE_UNKNOWN, buttonState=0, metaState=0, flags=0x0, edgeFlags=0x0, pointerCount=1, historySize=0, eventTime=892585318, downTime=892585318, deviceId=0, source=0x1002 }
08-06 15:56:08.913 23309 23309 D AndroidRuntime: Shutting down VM
08-06 15:56:08.926 22517 22732 I art     : Explicit concurrent mark sweep GC freed 37(1696B) AllocSpace objects, 0(0B) LOS objects, 30% free, 37MB/53MB, paused 627us total 73.930ms
08-06 15:56:09.231 22517 22529 I art     : Starting a blocking GC Explicit
08-06 15:56:09.311 22517 22529 I art     : Explicit concurrent mark sweep GC freed 2204(170KB) AllocSpace objects, 1(20KB) LOS objects, 30% free, 37MB/53MB, paused 414us total 79.865ms
08-06 15:56:09.336 22517 22529 I art     : Starting a blocking GC Explicit
08-06 15:56:09.400 22517 22529 I art     : Explicit concurrent mark sweep GC freed 360(17KB) AllocSpace objects, 0(0B) LOS objects, 30% free, 37MB/53MB, paused 458us total 63.694ms
08-06 15:56:09.422 22517 22529 I art     : Starting a blocking GC Explicit
08-06 15:56:09.489 22517 22529 I art     : Explicit concurrent mark sweep GC freed 25(1104B) AllocSpace objects, 0(0B) LOS objects, 30% free, 37MB/53MB, paused 546us total 67.240ms
08-06 15:56:09.513 22517 22529 I art     : Starting a blocking GC Explicit
08-06 15:56:09.584 22517 22529 I art     : Explicit concurrent mark sweep GC freed 17(544B) AllocSpace objects, 0(0B) LOS objects, 30% free, 37MB/53MB, paused 442us total 70.528ms
08-06 15:56:09.609 22517 22529 I art     : Starting a blocking GC Explicit
08-06 15:56:09.678 22517 22529 I art     : Explicit concurrent mark sweep GC freed 10(384B) AllocSpace objects, 0(0B) LOS objects, 30% free, 37MB/53MB, paused 452us total 69.145ms
08-06 15:56:09.819 22397 22397 I ServiceManager: Waiting for service AtCmdFwd...
08-06 15:56:10.017 22517 22732 I art     : Starting a blocking GC Explicit
08-06 15:56:10.115 22517 22732 I art     : Explicit concurrent mark sweep GC freed 1337(77KB) AllocSpace objects, 1(20KB) LOS objects, 30% free, 37MB/53MB, paused 495us total 97.396ms
08-06 15:56:10.142 22517 22732 I art     : Starting a blocking GC Explicit
08-06 15:56:10.209 22517 22732 I art     : Explicit concurrent mark sweep GC freed 18(624B) AllocSpace objects, 0(0B) LOS objects, 30% free, 37MB/53MB, paused 459us total 66.709ms
08-06 15:56:10.232 22517 22732 I art     : Starting a blocking GC Explicit
08-06 15:56:10.303 22517 22732 I art     : Explicit concurrent mark sweep GC freed 3(96B) AllocSpace objects, 0(0B) LOS objects, 30% free, 37MB/53MB, paused 457us total 70.462ms
08-06 15:56:10.327 22517 22732 I art     : Starting a blocking GC Explicit
08-06 15:56:10.399 22517 22732 I art     : Explicit concurrent mark sweep GC freed 3(96B) AllocSpace objects, 0(0B) LOS objects, 30% free, 37MB/53MB, paused 469us total 72.264ms
08-06 15:56:10.423 22517 22732 I art     : Starting a blocking GC Explicit
08-06 15:56:10.496 22517 22732 I art     : Explicit concurrent mark sweep GC freed 3(96B) AllocSpace objects, 0(0B) LOS objects, 30% free, 37MB/53MB, paused 445us total 72.626ms
08-06 15:56:10.679 23357 23357 D AndroidRuntime: >>>>>> START com.android.internal.os.RuntimeInit uid 2000 <<<<<<
08-06 15:56:10.685 23357 23357 D AndroidRuntime: CheckJNI is OFF
08-06 15:56:10.725 23357 23357 D ICU     : No timezone override file found: /data/misc/zoneinfo/current/icu/icu_tzdata.dat
08-06 15:56:10.765 23357 23357 I Radio-JNI: register_android_hardware_Radio DONE
08-06 15:56:10.794 23357 23357 D AndroidRuntime: Calling main entry com.android.commands.input.Input
08-06 15:56:10.797 23357 23357 I Input   : injectMotionEvent: MotionEvent { action=ACTION_DOWN, actionButton=0, id[0]=0, x[0]=945.0, y[0]=1376.0, toolType[0]=TOOL_TYPE_UNKNOWN, buttonState=0, metaState=0, flags=0x0, edgeFlags=0x0, pointerCount=1, historySize=0, eventTime=892587209, downTime=892587209, deviceId=0, source=0x1002 }
08-06 15:56:10.802 23357 23357 I Input   : injectMotionEvent: MotionEvent { action=ACTION_UP, actionButton=0, id[0]=0, x[0]=945.0, y[0]=1376.0, toolType[0]=TOOL_TYPE_UNKNOWN, buttonState=0, metaState=0, flags=0x0, edgeFlags=0x0, pointerCount=1, historySize=0, eventTime=892587209, downTime=892587209, deviceId=0, source=0x1002 }
08-06 15:56:10.803 23357 23357 D AndroidRuntime: Shutting down VM
08-06 15:56:10.819 22397 22397 I ServiceManager: Waiting for service AtCmdFwd...
08-06 15:56:10.828 22517 22529 I art     : Starting a blocking GC Explicit
08-06 15:56:10.870   512  2967 D audio_hw_primary: out_set_parameters: enter: usecase(1: low-latency-playback) kvpairs: routing=2
08-06 15:56:10.877 13866 13866 I GoogleInputMethodServic: GoogleInputMethodService.onFinishInput():3138 
08-06 15:56:10.877 13866 13866 I GoogleInputMethodServic: GoogleInputMethodService.onStartInput():1808 
08-06 15:56:10.884   512  2967 D audio_hw_primary: select_devices: out_snd_device(2: speaker) in_snd_device(0: none)
08-06 15:56:10.884   512  2967 D msm8974_platform: platform_send_audio_calibration: sending audio calibration for snd_device(2) acdb_id(15)
08-06 15:56:10.884   512  2967 I soundtrigger: audio_extn_sound_trigger_update_device_status: device 0x2 of type 0 for Event 1
08-06 15:56:10.894 13866 13866 I GoogleInputMethodServic: GoogleInputMethodService.onFinishInput():3138 
08-06 15:56:10.894 13866 13866 I GoogleInputMethodServic: GoogleInputMethodService.onStartInput():1808 
08-06 15:56:10.899   512  2967 D audio_hw_primary: enable_snd_device: snd_device(2: speaker)
08-06 15:56:10.902   512  2967 D audio_hw_primary: enable_audio_route: apply and update mixer path: low-latency-playback speaker
08-06 15:56:10.911 22517 22529 I art     : Explicit concurrent mark sweep GC freed 1716(97KB) AllocSpace objects, 1(20KB) LOS objects, 30% free, 37MB/53MB, paused 798us total 81.670ms
08-06 15:56:10.936 22517 22529 I art     : Starting a blocking GC Explicit
08-06 15:56:11.008 22517 22529 I art     : Explicit concurrent mark sweep GC freed 540(33KB) AllocSpace objects, 0(0B) LOS objects, 30% free, 37MB/53MB, paused 646us total 71.923ms
08-06 15:56:11.031 22517 22529 I art     : Starting a blocking GC Explicit
08-06 15:56:11.096 22517 22529 I art     : Explicit concurrent mark sweep GC freed 760(64KB) AllocSpace objects, 0(0B) LOS objects, 30% free, 37MB/53MB, paused 398us total 64.577ms
08-06 15:56:11.118 22517 22529 I art     : Starting a blocking GC Explicit
08-06 15:56:11.187 22517 22529 I art     : Explicit concurrent mark sweep GC freed 7(256B) AllocSpace objects, 0(0B) LOS objects, 30% free, 37MB/53MB, paused 503us total 69.180ms
08-06 15:56:11.212 22517 22529 I art     : Starting a blocking GC Explicit
08-06 15:56:11.213 22517 22533 D OpenGLRenderer: endAllStagingAnimators on 0x7f94a15000 (ListPopupWindow$DropDownListView) with handle 0x7f7a5d17e0
08-06 15:56:11.277 22517 22529 I art     : Explicit concurrent mark sweep GC freed 31(1248B) AllocSpace objects, 0(0B) LOS objects, 30% free, 37MB/53MB, paused 503us total 65.458ms
08-06 15:56:11.449   512  2967 D audio_hw_primary: disable_audio_route: reset and update mixer path: low-latency-playback speaker
08-06 15:56:11.450   512  2967 D audio_hw_primary: disable_snd_device: snd_device(2: speaker)
08-06 15:56:11.459   512  2967 I soundtrigger: audio_extn_sound_trigger_update_device_status: device 0x2 of type 0 for Event 0
08-06 15:56:11.607 22517 22732 I art     : Starting a blocking GC Explicit
08-06 15:56:11.709 22517 22732 I art     : Explicit concurrent mark sweep GC freed 1513(85KB) AllocSpace objects, 1(20KB) LOS objects, 30% free, 37MB/53MB, paused 478us total 100.994ms
08-06 15:56:11.738 22517 22732 I art     : Starting a blocking GC Explicit
08-06 15:56:11.813 22517 22732 I art     : Explicit concurrent mark sweep GC freed 442(32KB) AllocSpace objects, 0(0B) LOS objects, 30% free, 37MB/53MB, paused 440us total 74.569ms
08-06 15:56:11.820 22397 22397 I ServiceManager: Waiting for service AtCmdFwd...
08-06 15:56:11.837 22517 22732 I art     : Starting a blocking GC Explicit
08-06 15:56:11.907 22517 22732 I art     : Explicit concurrent mark sweep GC freed 3(96B) AllocSpace objects, 0(0B) LOS objects, 30% free, 37MB/53MB, paused 412us total 69.941ms
08-06 15:56:11.928 22517 22732 I art     : Starting a blocking GC Explicit
08-06 15:56:11.988 22517 22732 I art     : Explicit concurrent mark sweep GC freed 3(96B) AllocSpace objects, 0(0B) LOS objects, 30% free, 37MB/53MB, paused 419us total 60.276ms
08-06 15:56:12.010 22517 22732 I art     : Starting a blocking GC Explicit
08-06 15:56:12.073 22517 22732 I art     : Explicit concurrent mark sweep GC freed 3(96B) AllocSpace objects, 0(0B) LOS objects, 30% free, 37MB/53MB, paused 457us total 62.843ms
08-06 15:56:12.073 22517 22528 I art     : WaitForGcToComplete blocked for 63.102ms for cause HeapTrim
08-06 15:56:12.385 22517 22529 I art     : Starting a blocking GC Explicit
08-06 15:56:12.468 22517 22529 I art     : Explicit concurrent mark sweep GC freed 1293(75KB) AllocSpace objects, 1(20KB) LOS objects, 30% free, 37MB/53MB, paused 525us total 82.226ms
08-06 15:56:12.493 22517 22529 I art     : Starting a blocking GC Explicit
08-06 15:56:12.569 22517 22529 I art     : Explicit concurrent mark sweep GC freed 32(1072B) AllocSpace objects, 0(0B) LOS objects, 30% free, 37MB/53MB, paused 488us total 76.634ms
08-06 15:56:12.571 23390 23390 D AndroidRuntime: >>>>>> START com.android.internal.os.RuntimeInit uid 2000 <<<<<<
08-06 15:56:12.577 23390 23390 D AndroidRuntime: CheckJNI is OFF
08-06 15:56:12.594 22517 22529 I art     : Starting a blocking GC Explicit
08-06 15:56:12.622 23390 23390 D ICU     : No timezone override file found: /data/misc/zoneinfo/current/icu/icu_tzdata.dat
08-06 15:56:12.667 23390 23390 I Radio-JNI: register_android_hardware_Radio DONE
08-06 15:56:12.669 22517 22529 I art     : Explicit concurrent mark sweep GC freed 3(96B) AllocSpace objects, 0(0B) LOS objects, 30% free, 37MB/53MB, paused 481us total 74.821ms
08-06 15:56:12.693 22517 22529 I art     : Starting a blocking GC Explicit
08-06 15:56:12.699 23390 23390 D AndroidRuntime: Calling main entry com.android.commands.input.Input
08-06 15:56:12.701 23390 23390 I Input   : injectMotionEvent: MotionEvent { action=ACTION_DOWN, actionButton=0, id[0]=0, x[0]=481.0, y[0]=544.0, toolType[0]=TOOL_TYPE_UNKNOWN, buttonState=0, metaState=0, flags=0x0, edgeFlags=0x0, pointerCount=1, historySize=0, eventTime=892589113, downTime=892589113, deviceId=0, source=0x1002 }
08-06 15:56:12.710 23390 23390 I Input   : injectMotionEvent: MotionEvent { action=ACTION_UP, actionButton=0, id[0]=0, x[0]=481.0, y[0]=544.0, toolType[0]=TOOL_TYPE_UNKNOWN, buttonState=0, metaState=0, flags=0x0, edgeFlags=0x0, pointerCount=1, historySize=0, eventTime=892589113, downTime=892589113, deviceId=0, source=0x1002 }
08-06 15:56:12.717 23390 23390 D AndroidRuntime: Shutting down VM
08-06 15:56:12.761 22517 22529 I art     : Explicit concurrent mark sweep GC freed 167(7KB) AllocSpace objects, 0(0B) LOS objects, 30% free, 37MB/53MB, paused 1.788ms total 67.705ms
08-06 15:56:12.786 22517 22529 I art     : Starting a blocking GC Explicit
08-06 15:56:12.820 22397 22397 I ServiceManager: Waiting for service AtCmdFwd...
08-06 15:56:12.851 22517 22529 I art     : Explicit concurrent mark sweep GC freed 603(27KB) AllocSpace objects, 0(0B) LOS objects, 30% free, 37MB/53MB, paused 536us total 64.648ms
08-06 15:56:12.948   918   927 I art     : Background partial concurrent mark sweep GC freed 90223(9MB) AllocSpace objects, 136(2MB) LOS objects, 18% free, 70MB/86MB, paused 1.724ms total 225.655ms
08-06 15:56:13.148 22517 22530 I art     : Starting a blocking GC Explicit
08-06 15:56:13.231 22517 22530 I art     : Explicit concurrent mark sweep GC freed 1683(93KB) AllocSpace objects, 1(20KB) LOS objects, 30% free, 37MB/53MB, paused 434us total 82.301ms
08-06 15:56:13.255 22517 22530 I art     : Starting a blocking GC Explicit
08-06 15:56:13.321 22517 22530 I art     : Explicit concurrent mark sweep GC freed 67(2416B) AllocSpace objects, 0(0B) LOS objects, 30% free, 37MB/53MB, paused 453us total 65.540ms
08-06 15:56:13.345 22517 22530 I art     : Starting a blocking GC Explicit
08-06 15:56:13.415 22517 22530 I art     : Explicit concurrent mark sweep GC freed 10(352B) AllocSpace objects, 0(0B) LOS objects, 30% free, 37MB/53MB, paused 429us total 69.344ms
08-06 15:56:13.438 22517 22530 I art     : Starting a blocking GC Explicit
08-06 15:56:13.510 22517 22530 I art     : Explicit concurrent mark sweep GC freed 6(224B) AllocSpace objects, 0(0B) LOS objects, 30% free, 37MB/53MB, paused 473us total 72.480ms
08-06 15:56:13.535 22517 22530 I art     : Starting a blocking GC Explicit
08-06 15:56:13.610 22517 22530 I art     : Explicit concurrent mark sweep GC freed 3(96B) AllocSpace objects, 0(0B) LOS objects, 30% free, 37MB/53MB, paused 477us total 75.320ms
08-06 15:56:13.820 22397 22397 W Atfwd_Sendcmd: AtCmdFwd service not published, waiting... retryCnt : 5
08-06 15:56:13.937 22517 22732 I art     : Starting a blocking GC Explicit
08-06 15:56:14.025 22517 22732 I art     : Explicit concurrent mark sweep GC freed 1294(75KB) AllocSpace objects, 1(20KB) LOS objects, 30% free, 37MB/53MB, paused 505us total 87.496ms
08-06 15:56:14.048 22517 22732 I art     : Starting a blocking GC Explicit
08-06 15:56:14.119 22517 22732 I art     : Explicit concurrent mark sweep GC freed 18(624B) AllocSpace objects, 0(0B) LOS objects, 30% free, 37MB/53MB, paused 485us total 70.619ms
08-06 15:56:14.142 22517 22732 I art     : Starting a blocking GC Explicit
08-06 15:56:14.215 22517 22732 I art     : Explicit concurrent mark sweep GC freed 3(96B) AllocSpace objects, 0(0B) LOS objects, 30% free, 37MB/53MB, paused 503us total 71.865ms
08-06 15:56:14.239 22517 22732 I art     : Starting a blocking GC Explicit
08-06 15:56:14.311 22517 22732 I art     : Explicit concurrent mark sweep GC freed 3(96B) AllocSpace objects, 0(0B) LOS objects, 30% free, 37MB/53MB, paused 472us total 71.709ms
08-06 15:56:14.334 22517 22732 I art     : Starting a blocking GC Explicit
08-06 15:56:14.412 22517 22732 I art     : Explicit concurrent mark sweep GC freed 6(192B) AllocSpace objects, 0(0B) LOS objects, 30% free, 37MB/53MB, paused 640us total 77.241ms
08-06 15:56:14.507 23434 23434 D AndroidRuntime: >>>>>> START com.android.internal.os.RuntimeInit uid 2000 <<<<<<
08-06 15:56:14.513 23434 23434 D AndroidRuntime: CheckJNI is OFF
08-06 15:56:14.554 23434 23434 D ICU     : No timezone override file found: /data/misc/zoneinfo/current/icu/icu_tzdata.dat
08-06 15:56:14.596 23434 23434 I Radio-JNI: register_android_hardware_Radio DONE
08-06 15:56:14.624 23434 23434 D AndroidRuntime: Calling main entry com.android.commands.input.Input
08-06 15:56:14.627 23434 23434 I Input   : injectMotionEvent: MotionEvent { action=ACTION_DOWN, actionButton=0, id[0]=0, x[0]=310.0, y[0]=906.0, toolType[0]=TOOL_TYPE_UNKNOWN, buttonState=0, metaState=0, flags=0x0, edgeFlags=0x0, pointerCount=1, historySize=0, eventTime=892591039, downTime=892591039, deviceId=0, source=0x1002 }
08-06 15:56:14.635 23434 23434 I Input   : injectMotionEvent: MotionEvent { action=ACTION_UP, actionButton=0, id[0]=0, x[0]=310.0, y[0]=906.0, toolType[0]=TOOL_TYPE_UNKNOWN, buttonState=0, metaState=0, flags=0x0, edgeFlags=0x0, pointerCount=1, historySize=0, eventTime=892591039, downTime=892591039, deviceId=0, source=0x1002 }
08-06 15:56:14.636 23434 23434 D AndroidRuntime: Shutting down VM
08-06 15:56:14.701   512  2967 D audio_hw_primary: out_set_parameters: enter: usecase(1: low-latency-playback) kvpairs: routing=2
08-06 15:56:14.714   512  2967 D audio_hw_primary: select_devices: out_snd_device(2: speaker) in_snd_device(0: none)
08-06 15:56:14.714   512  2967 D msm8974_platform: platform_send_audio_calibration: sending audio calibration for snd_device(2) acdb_id(15)
08-06 15:56:14.714 13866 13866 I GoogleInputMethodServic: GoogleInputMethodService.onFinishInput():3138 
08-06 15:56:14.714   512  2967 I soundtrigger: audio_extn_sound_trigger_update_device_status: device 0x2 of type 0 for Event 1
08-06 15:56:14.715 13866 13866 I GoogleInputMethodServic: GoogleInputMethodService.onStartInput():1808 
08-06 15:56:14.727   512  2967 D audio_hw_primary: enable_snd_device: snd_device(2: speaker)
08-06 15:56:14.731   512  2967 D audio_hw_primary: enable_audio_route: apply and update mixer path: low-latency-playback speaker
08-06 15:56:14.731 13866 13866 I GoogleInputMethodServic: GoogleInputMethodService.onFinishInput():3138 
08-06 15:56:14.732 13866 13866 I GoogleInputMethodServic: GoogleInputMethodService.onStartInput():1808 
08-06 15:56:14.765 22517 22530 I art     : Starting a blocking GC Explicit
08-06 15:56:14.841 22517 22530 I art     : Explicit concurrent mark sweep GC freed 2277(120KB) AllocSpace objects, 1(20KB) LOS objects, 30% free, 37MB/53MB, paused 508us total 75.313ms
08-06 15:56:14.865 22517 22530 I art     : Starting a blocking GC Explicit
08-06 15:56:14.934 22517 22530 I art     : Explicit concurrent mark sweep GC freed 727(64KB) AllocSpace objects, 0(0B) LOS objects, 30% free, 37MB/53MB, paused 453us total 68.792ms
08-06 15:56:14.957 22517 22530 I art     : Starting a blocking GC Explicit
08-06 15:56:15.024 22517 22530 I art     : Explicit concurrent mark sweep GC freed 3(96B) AllocSpace objects, 0(0B) LOS objects, 30% free, 37MB/53MB, paused 435us total 66.271ms
08-06 15:56:15.033 22517 22533 D OpenGLRenderer: endAllStagingAnimators on 0x7f81355c00 (ListPopupWindow$DropDownListView) with handle 0x7f79f901a0
08-06 15:56:15.046 22517 22530 I art     : Starting a blocking GC Explicit
08-06 15:56:15.112 22517 22530 I art     : Explicit concurrent mark sweep GC freed 123(5KB) AllocSpace objects, 0(0B) LOS objects, 30% free, 37MB/53MB, paused 451us total 65.107ms
08-06 15:56:15.134 22517 22530 I art     : Starting a blocking GC Explicit
08-06 15:56:15.206 22517 22530 I art     : Explicit concurrent mark sweep GC freed 488(32KB) AllocSpace objects, 0(0B) LOS objects, 30% free, 37MB/53MB, paused 476us total 72.579ms
08-06 15:56:15.269   512  2967 D audio_hw_primary: disable_audio_route: reset and update mixer path: low-latency-playback speaker
08-06 15:56:15.271   512  2967 D audio_hw_primary: disable_snd_device: snd_device(2: speaker)
08-06 15:56:15.280   512  2967 I soundtrigger: audio_extn_sound_trigger_update_device_status: device 0x2 of type 0 for Event 0
08-06 15:56:15.533 22517 22529 I art     : Starting a blocking GC Explicit
08-06 15:56:15.632 22517 22529 I art     : Explicit concurrent mark sweep GC freed 1293(75KB) AllocSpace objects, 1(20KB) LOS objects, 30% free, 37MB/53MB, paused 454us total 98.154ms
08-06 15:56:15.657 22517 22529 I art     : Starting a blocking GC Explicit
08-06 15:56:15.730 22517 22529 I art     : Explicit concurrent mark sweep GC freed 18(624B) AllocSpace objects, 0(0B) LOS objects, 30% free, 37MB/53MB, paused 436us total 72.520ms
08-06 15:56:15.754 22517 22529 I art     : Starting a blocking GC Explicit
08-06 15:56:15.830 22517 22529 I art     : Explicit concurrent mark sweep GC freed 3(96B) AllocSpace objects, 0(0B) LOS objects, 30% free, 37MB/53MB, paused 457us total 75.752ms
08-06 15:56:15.854 22517 22529 I art     : Starting a blocking GC Explicit
08-06 15:56:15.924 22517 22529 I art     : Explicit concurrent mark sweep GC freed 3(96B) AllocSpace objects, 0(0B) LOS objects, 30% free, 37MB/53MB, paused 452us total 69.985ms
08-06 15:56:15.949 22517 22529 I art     : Starting a blocking GC Explicit
08-06 15:56:16.019 22517 22529 I art     : Explicit concurrent mark sweep GC freed 3(96B) AllocSpace objects, 0(0B) LOS objects, 30% free, 37MB/53MB, paused 448us total 70.180ms
08-06 15:56:16.327 22517 22732 I art     : Starting a blocking GC Explicit
08-06 15:56:16.412 22517 22732 I art     : Explicit concurrent mark sweep GC freed 1293(75KB) AllocSpace objects, 1(20KB) LOS objects, 30% free, 37MB/53MB, paused 491us total 84.721ms
08-06 15:56:16.415 23467 23467 D AndroidRuntime: >>>>>> START com.android.internal.os.RuntimeInit uid 2000 <<<<<<
08-06 15:56:16.421 23467 23467 D AndroidRuntime: CheckJNI is OFF
08-06 15:56:16.437 22517 22732 I art     : Starting a blocking GC Explicit
08-06 15:56:16.465 23467 23467 D ICU     : No timezone override file found: /data/misc/zoneinfo/current/icu/icu_tzdata.dat
08-06 15:56:16.510 22517 22732 I art     : Explicit concurrent mark sweep GC freed 18(624B) AllocSpace objects, 0(0B) LOS objects, 30% free, 37MB/53MB, paused 532us total 73.299ms
08-06 15:56:16.513 23467 23467 I Radio-JNI: register_android_hardware_Radio DONE
08-06 15:56:16.534 22517 22732 I art     : Starting a blocking GC Explicit
08-06 15:56:16.543 23467 23467 D AndroidRuntime: Calling main entry com.android.commands.input.Input
08-06 15:56:16.545 23467 23467 I Input   : injectMotionEvent: MotionEvent { action=ACTION_DOWN, actionButton=0, id[0]=0, x[0]=648.0, y[0]=709.0, toolType[0]=TOOL_TYPE_UNKNOWN, buttonState=0, metaState=0, flags=0x0, edgeFlags=0x0, pointerCount=1, historySize=0, eventTime=892592958, downTime=892592958, deviceId=0, source=0x1002 }
08-06 15:56:16.551 23467 23467 I Input   : injectMotionEvent: MotionEvent { action=ACTION_UP, actionButton=0, id[0]=0, x[0]=648.0, y[0]=709.0, toolType[0]=TOOL_TYPE_UNKNOWN, buttonState=0, metaState=0, flags=0x0, edgeFlags=0x0, pointerCount=1, historySize=0, eventTime=892592958, downTime=892592958, deviceId=0, source=0x1002 }
08-06 15:56:16.553 23467 23467 D AndroidRuntime: Shutting down VM
08-06 15:56:16.603 22517 22732 I art     : Explicit concurrent mark sweep GC freed 21(976B) AllocSpace objects, 0(0B) LOS objects, 30% free, 37MB/53MB, paused 447us total 68.757ms
08-06 15:56:16.619   512  2967 D audio_hw_primary: out_set_parameters: enter: usecase(1: low-latency-playback) kvpairs: routing=2
08-06 15:56:16.627 22517 22732 I art     : Starting a blocking GC Explicit
08-06 15:56:16.633   512  2967 D audio_hw_primary: select_devices: out_snd_device(2: speaker) in_snd_device(0: none)
08-06 15:56:16.633   512  2967 D msm8974_platform: platform_send_audio_calibration: sending audio calibration for snd_device(2) acdb_id(15)
08-06 15:56:16.633   512  2967 I soundtrigger: audio_extn_sound_trigger_update_device_status: device 0x2 of type 0 for Event 1
08-06 15:56:16.642   512  2967 D audio_hw_primary: enable_snd_device: snd_device(2: speaker)
08-06 15:56:16.644   512  2967 D audio_hw_primary: enable_audio_route: apply and update mixer path: low-latency-playback speaker
08-06 15:56:16.695 22517 22732 I art     : Explicit concurrent mark sweep GC freed 695(50KB) AllocSpace objects, 1(20KB) LOS objects, 30% free, 37MB/53MB, paused 707us total 68.146ms
08-06 15:56:16.718 22517 22732 I art     : Starting a blocking GC Explicit
08-06 15:56:16.791 22517 22732 I art     : Explicit concurrent mark sweep GC freed 174(12KB) AllocSpace objects, 0(0B) LOS objects, 30% free, 37MB/53MB, paused 427us total 72.328ms
08-06 15:56:17.114 22517 22529 I art     : Starting a blocking GC Explicit
08-06 15:56:17.179   512  2967 D audio_hw_primary: disable_audio_route: reset and update mixer path: low-latency-playback speaker
08-06 15:56:17.181   512  2967 D audio_hw_primary: disable_snd_device: snd_device(2: speaker)
08-06 15:56:17.190   512  2967 I soundtrigger: audio_extn_sound_trigger_update_device_status: device 0x2 of type 0 for Event 0
08-06 15:56:17.205 22517 22529 I art     : Explicit concurrent mark sweep GC freed 1312(76KB) AllocSpace objects, 1(20KB) LOS objects, 30% free, 37MB/53MB, paused 440us total 90.663ms
08-06 15:56:17.235 22517 22529 I art     : Starting a blocking GC Explicit
08-06 15:56:17.322 22517 22529 I art     : Explicit concurrent mark sweep GC freed 24(816B) AllocSpace objects, 0(0B) LOS objects, 30% free, 37MB/53MB, paused 463us total 87.403ms
08-06 15:56:17.352 22517 22529 I art     : Starting a blocking GC Explicit
08-06 15:56:17.441 22517 22529 I art     : Explicit concurrent mark sweep GC freed 5(160B) AllocSpace objects, 0(0B) LOS objects, 30% free, 37MB/53MB, paused 447us total 87.979ms
08-06 15:56:17.469 22517 22529 I art     : Starting a blocking GC Explicit
08-06 15:56:17.538 22517 22529 I art     : Explicit concurrent mark sweep GC freed 5(160B) AllocSpace objects, 0(0B) LOS objects, 30% free, 37MB/53MB, paused 448us total 68.811ms
08-06 15:56:17.539 22517 22528 I art     : WaitForGcToComplete blocked for 69.079ms for cause HeapTrim
08-06 15:56:17.562 22517 22529 I art     : Starting a blocking GC Explicit
08-06 15:56:17.637 22517 22529 I art     : Explicit concurrent mark sweep GC freed 3(96B) AllocSpace objects, 0(0B) LOS objects, 30% free, 37MB/53MB, paused 448us total 74.616ms
08-06 15:56:17.947 22517 22729 I art     : Starting a blocking GC Explicit
08-06 15:56:18.028 22517 22729 I art     : Explicit concurrent mark sweep GC freed 1293(75KB) AllocSpace objects, 1(20KB) LOS objects, 30% free, 37MB/53MB, paused 545us total 80.170ms
08-06 15:56:18.052 22517 22729 I art     : Starting a blocking GC Explicit
08-06 15:56:18.120 22517 22729 I art     : Explicit concurrent mark sweep GC freed 18(624B) AllocSpace objects, 0(0B) LOS objects, 30% free, 37MB/53MB, paused 463us total 68.041ms
08-06 15:56:18.144 22517 22729 I art     : Starting a blocking GC Explicit
08-06 15:56:18.179   518   646 I ThermalEngine: ACTION: GPU - Setting GPU[0] to 390000000
08-06 15:56:18.250 22517 22729 I art     : Explicit concurrent mark sweep GC freed 4(128B) AllocSpace objects, 0(0B) LOS objects, 30% free, 37MB/53MB, paused 1.091ms total 105.573ms
08-06 15:56:18.301 22517 22729 I art     : Starting a blocking GC Explicit
08-06 15:56:18.420 22517 22729 I art     : Explicit concurrent mark sweep GC freed 22(704B) AllocSpace objects, 0(0B) LOS objects, 30% free, 37MB/53MB, paused 1.291ms total 118.625ms
08-06 15:56:18.438 23503 23503 D AndroidRuntime: >>>>>> START com.android.internal.os.RuntimeInit uid 2000 <<<<<<
08-06 15:56:18.447 23503 23503 D AndroidRuntime: CheckJNI is OFF
08-06 15:56:18.472 22517 22729 I art     : Starting a blocking GC Explicit
08-06 15:56:18.531 23503 23503 D ICU     : No timezone override file found: /data/misc/zoneinfo/current/icu/icu_tzdata.dat
08-06 15:56:18.578 23503 23503 I Radio-JNI: register_android_hardware_Radio DONE
08-06 15:56:18.586 22517 22729 I art     : Explicit concurrent mark sweep GC freed 12(384B) AllocSpace objects, 0(0B) LOS objects, 30% free, 37MB/53MB, paused 772us total 114.002ms
08-06 15:56:18.611 23503 23503 D AndroidRuntime: Calling main entry com.android.commands.input.Input
08-06 15:56:18.613 23503 23503 I Input   : injectMotionEvent: MotionEvent { action=ACTION_DOWN, actionButton=0, id[0]=0, x[0]=1197.0, y[0]=1456.0, toolType[0]=TOOL_TYPE_UNKNOWN, buttonState=0, metaState=0, flags=0x0, edgeFlags=0x0, pointerCount=1, historySize=0, eventTime=892595025, downTime=892595025, deviceId=0, source=0x1002 }
08-06 15:56:18.619 23503 23503 I Input   : injectMotionEvent: MotionEvent { action=ACTION_UP, actionButton=0, id[0]=0, x[0]=1197.0, y[0]=1456.0, toolType[0]=TOOL_TYPE_UNKNOWN, buttonState=0, metaState=0, flags=0x0, edgeFlags=0x0, pointerCount=1, historySize=0, eventTime=892595025, downTime=892595025, deviceId=0, source=0x1002 }
08-06 15:56:18.621 23503 23503 D AndroidRuntime: Shutting down VM
08-06 15:56:18.635   512  2967 D audio_hw_primary: out_set_parameters: enter: usecase(1: low-latency-playback) kvpairs: routing=2
08-06 15:56:18.648   512  2967 D audio_hw_primary: select_devices: out_snd_device(2: speaker) in_snd_device(0: none)
08-06 15:56:18.648   512  2967 D msm8974_platform: platform_send_audio_calibration: sending audio calibration for snd_device(2) acdb_id(15)
08-06 15:56:18.648   512  2967 I soundtrigger: audio_extn_sound_trigger_update_device_status: device 0x2 of type 0 for Event 1
08-06 15:56:18.653 22517 22517 I SettingsManager: Setting string: savedCourse
08-06 15:56:18.659   918   928 W BackupManagerService: dataChanged but no participant pkg='baseline.com.ak.uobtimetable' uid=10710
08-06 15:56:18.660   512  2967 D audio_hw_primary: enable_snd_device: snd_device(2: speaker)
08-06 15:56:18.661   918  5952 I ActivityManager: START u0 {flg=0x4000000 cmp=baseline.com.ak.uobtimetable/.MainActivity (has extras)} from uid 10710 on display 0
08-06 15:56:18.662   512  2967 D audio_hw_primary: enable_audio_route: apply and update mixer path: low-latency-playback speaker
08-06 15:56:18.676   918  3961 W InputMethodManagerService: Focus gain on non-focused client com.android.internal.view.IInputMethodClient$Stub$Proxy@28ac7d4 (uid=10710 pid=22517)
08-06 15:56:18.699 22517 22517 D MainActivity: OnDestroy
08-06 15:56:18.745 22517 22517 D MainActivity: onCreate
08-06 15:56:18.745 22517 22517 I SettingsManager: Getting string: savedSessions
08-06 15:56:18.745 22517 22517 I SettingsManager: Getting string: savedSessions
08-06 15:56:18.761 22517 22517 I SettingsManager: Getting string: savedSessionsCourseName
08-06 15:56:18.761 22517 22517 I SettingsManager: Getting string: savedSessionsCourseName
08-06 15:56:18.761 22517 22517 I SettingsManager: Getting string: savedSessionsDateRange
08-06 15:56:18.761 22517 22517 I SettingsManager: Getting string: savedSessionsDateRange
08-06 15:56:18.761 22517 22517 I Settings: 10 saved sessions - Bedfordshire International and EU Foundation Year - Int Foun - Ltn - Y0 Feb FT - Weeks: 24-38 (8 Jun 2020-20 Sep 2020)
08-06 15:56:18.808 22517 22517 I SettingsManager: Getting string: savedCourse
08-06 15:56:18.810 22517 22517 D MainActivity: sessionListFragmentArg: updateSessions
08-06 15:56:18.810 22517 22517 D MainActivity: showTermDatesConfigChange: false
08-06 15:56:18.810 22517 22517 D MainActivity: showTermDatesShortcut: false
08-06 15:56:18.811 22517 22517 D MainActivity: Setting initial fragment: SessionListsFragment
08-06 15:56:18.812 22517 22517 I SettingsManager: Getting int: launchCount
08-06 15:56:18.813 22517 22517 D SessionListsFragment: onCreateView
08-06 15:56:18.821 22517 22517 I SettingsManager: Getting string: savedCourse
08-06 15:56:18.828 22517 22517 I SettingsManager: Getting string: savedSessions
08-06 15:56:18.844 22517 22517 D SessionListsFragment: loadArgument: updateSessions
08-06 15:56:18.845 22517 22517 D SessionListsFragment: initialIndex: -1
08-06 15:56:18.852 22517 23534 D HTTP    : Request for: https://uob-timetable-api.adriankeenan.co.uk/sessions?dept=CM010&course=BSAIFAAF%2F02AA%2F0%2FFT&level=Foundation+Year
08-06 15:56:18.867 22517 22517 D TermDatesFragment: WebView loaded
08-06 15:56:18.868 22517 22517 D MainActivity: OnResume
08-06 15:56:18.966 22517 22529 I art     : Starting a blocking GC Explicit
08-06 15:56:18.977 22517 22517 I TermDatesFragment: Webview load %: 10
08-06 15:56:19.013   918   936 I ActivityManager: Displayed baseline.com.ak.uobtimetable/.MainActivity: +334ms
08-06 15:56:19.019 13866 13866 I GoogleInputMethodServic: GoogleInputMethodService.onFinishInput():3138 
08-06 15:56:19.020 13866 13866 I GoogleInputMethodServic: GoogleInputMethodService.onStartInput():1808 
08-06 15:56:19.082 22517 22529 I art     : Explicit concurrent mark sweep GC freed 22634(1120KB) AllocSpace objects, 4(1380KB) LOS objects, 29% free, 38MB/54MB, paused 1.545ms total 115.711ms
08-06 15:56:19.120 22517 22529 I art     : Starting a blocking GC Explicit
08-06 15:56:19.128 22517 23534 I NAPPA_EXPERIMENTATION: MetricNetworkRequestExecutionTime: REQUEST_DURATION_SYSTEM='273',REQUEST_DURATION_OKHTTP='38',REQUEST_SYNCHRONOUS='TRUE',RESPONSE_CODE='200',RESPONSE_METHOD='GET',RESPONSE_LENGTH_OKHTTP='-1',RESPONSE_LENGTH_HEADER='1214',REQUEST_PROTOCOL='http/1.1',REQUEST_URL='https://uob-timetable-api.adriankeenan.co.uk/sessions?dept=CM010&course=BSAIFAAF%2F02AA%2F0%2FFT&level=Foundation+Year',
08-06 15:56:19.144 22517 22517 I TermDatesFragment: Webview load %: 70
08-06 15:56:19.157 22517 22517 I TermDatesFragment: Webview load %: 100
08-06 15:56:19.158 22517 22517 I TermDatesFragment: Webview load %: 100
08-06 15:56:19.162 22517 23534 I HTTP    : Response was compressed.
08-06 15:56:19.179 22517 23534 I Service : getSessions response time: 1.10
08-06 15:56:19.180 22517 22517 I SettingsManager: Getting string: savedSessions
08-06 15:56:19.181 22517 22517 I SettingsManager: Getting string: savedSessions
08-06 15:56:19.192 22517 22517 I Service : Sessions updated: 10
08-06 15:56:19.193 22517 22517 I Service : Sessions removed from new list: 0
08-06 15:56:19.206 22517 22517 I SettingsManager: Setting string: savedSessions
08-06 15:56:19.208   512  2967 D audio_hw_primary: disable_audio_route: reset and update mixer path: low-latency-playback speaker
08-06 15:56:19.209   512  2967 D audio_hw_primary: disable_snd_device: snd_device(2: speaker)
08-06 15:56:19.214   918  3670 W BackupManagerService: dataChanged but no participant pkg='baseline.com.ak.uobtimetable' uid=10710
08-06 15:56:19.215 22517 22517 I SettingsManager: Setting date: savedSessionsTime
08-06 15:56:19.218   512  2967 I soundtrigger: audio_extn_sound_trigger_update_device_status: device 0x2 of type 0 for Event 0
08-06 15:56:19.227   918  4400 W BackupManagerService: dataChanged but no participant pkg='baseline.com.ak.uobtimetable' uid=10710
08-06 15:56:19.228 22517 22517 I SettingsManager: Setting string: savedSessionsCourseName
08-06 15:56:19.232 22517 22529 I art     : Explicit concurrent mark sweep GC freed 56640(2MB) AllocSpace objects, 7(292KB) LOS objects, 30% free, 36MB/52MB, paused 3.375ms total 110.055ms
08-06 15:56:19.237   918   928 W BackupManagerService: dataChanged but no participant pkg='baseline.com.ak.uobtimetable' uid=10710
08-06 15:56:19.238 22517 22517 I SettingsManager: Setting string: savedSessionsDateRange
08-06 15:56:19.239   918  5952 W BackupManagerService: dataChanged but no participant pkg='baseline.com.ak.uobtimetable' uid=10710
08-06 15:56:19.239 22517 22517 I SettingsManager: Setting string: timetableUrl
08-06 15:56:19.239   918  3714 W BackupManagerService: dataChanged but no participant pkg='baseline.com.ak.uobtimetable' uid=10710
08-06 15:56:19.239 22517 22517 I SettingsManager: Getting boolean: notifySessionRemindersEnabled
08-06 15:56:19.240 22517 22517 I SettingsManager: Getting int: notifySessionRemindersMinutes
08-06 15:56:19.240 22517 22517 I SettingsManager: Getting boolean: showHiddenSessions
08-06 15:56:19.242 22517 22517 I SessionReminderNotifier: Created session reminder alarm for f7b4771250a919bd729c1c5a4a459c77 at Mon 08:30:00 10/08/20
08-06 15:56:19.245 22517 22517 I SessionReminderNotifier: Created session reminder alarm for a7f879aabdeb78622c8820a5fb7b64cd at Tue 08:30:00 11/08/20
08-06 15:56:19.248 22517 22517 I SessionReminderNotifier: Created session reminder alarm for 7bc8d7e2c2055711f597c3d9078c6ea3 at Tue 08:30:00 11/08/20
08-06 15:56:19.252 22517 22517 I SessionReminderNotifier: Created session reminder alarm for 53c0527a6f009a1f2fd223834d3bfe51 at Tue 10:30:00 11/08/20
08-06 15:56:19.257 22517 22517 I SessionReminderNotifier: Created session reminder alarm for e0fc978b5db8218778540b4053344581 at Tue 11:00:00 11/08/20
08-06 15:56:19.259 22517 22517 I SessionReminderNotifier: Created session reminder alarm for 199afb0100f329ff65a09e1b0cd9deba at Tue 11:30:00 11/08/20
08-06 15:56:19.262 22517 22517 I SessionReminderNotifier: Created session reminder alarm for 21712fef61090882c855a1425543edb5 at Tue 13:30:00 11/08/20
08-06 15:56:19.265 22517 22517 I SessionReminderNotifier: Created session reminder alarm for 65ca4d97f031f29a4d02bbb45a705d8f at Wed 08:30:00 12/08/20
08-06 15:56:19.270 22517 22529 I art     : Starting a blocking GC Explicit
08-06 15:56:19.277 22517 22517 I SessionReminderNotifier: Created session reminder alarm for eeda7741b0bcab58fd9f46dc6ef1d942 at Wed 08:30:00 12/08/20
08-06 15:56:19.280 22517 22517 I SessionReminderNotifier: Created session reminder alarm for c276c1b2075a0beb67f1b3d1e580f920 at Wed 11:00:00 12/08/20
08-06 15:56:19.282 22517 22517 I SessionReminderNotifier: Created session reminder alarm for 8b1f3627e42ae13a6f6ba0a83903dde1 at Wed 13:30:00 12/08/20
08-06 15:56:19.286 22517 22517 I SessionReminderNotifier: Created session reminder alarm for 79fe0b5c3b887a13ba29db5a33fa2800 at Thu 08:30:00 13/08/20
08-06 15:56:19.288 22517 22517 I SessionReminderNotifier: Created session reminder alarm for cb9dfc8231cdba2be0835dc5709690e1 at Thu 08:30:00 13/08/20
08-06 15:56:19.290 22517 22517 I SessionReminderNotifier: Created session reminder alarm for f850dc24d6de60b7b89fa9e1a8c224c5 at Thu 12:00:00 13/08/20
08-06 15:56:19.293 22517 22517 I SessionReminderNotifier: Created session reminder alarm for 2ba1034116e4fffdd592dbf0796a43d5 at Fri 08:30:00 07/08/20
08-06 15:56:19.293 22517 22517 I SettingsManager: Getting boolean: showHiddenSessions
08-06 15:56:19.293 22517 22517 D SessionListsFragment: 1 sessions for day 0
08-06 15:56:19.293 22517 22517 D SessionListsFragment: 6 sessions for day 1
08-06 15:56:19.293 22517 22517 D SessionListsFragment: 4 sessions for day 2
08-06 15:56:19.294 22517 22517 D SessionListsFragment: 3 sessions for day 3
08-06 15:56:19.294 22517 22517 D SessionListsFragment: 1 sessions for day 4
08-06 15:56:19.358 22517 22529 I art     : Explicit concurrent mark sweep GC freed 4522(303KB) AllocSpace objects, 2(40KB) LOS objects, 30% free, 36MB/52MB, paused 1.419ms total 87.368ms
08-06 15:56:19.359 22517 22517 I SettingsManager: Getting boolean: showHiddenSessions
08-06 15:56:19.360 22517 22517 D SessionListsFragment: Refreshed ViewPager
08-06 15:56:19.360 22517 22517 I SettingsManager: Getting boolean: showHiddenSessions
08-06 15:56:19.361 22517 22517 I SettingsManager: Getting boolean: completedTutorial
08-06 15:56:19.361 22517 22517 I SettingsManager: Getting boolean: showHiddenSessions
08-06 15:56:19.361 22517 22517 I SettingsManager: Getting date: savedSessionsTime
08-06 15:56:19.391 22517 22529 I art     : Starting a blocking GC Explicit
08-06 15:56:19.491 22517 22529 I art     : Explicit concurrent mark sweep GC freed 35777(1438KB) AllocSpace objects, 0(0B) LOS objects, 30% free, 36MB/52MB, paused 1.837ms total 99.969ms
08-06 15:56:19.529 22517 22529 I art     : Starting a blocking GC Explicit
08-06 15:56:19.633 22517 22529 I art     : Explicit concurrent mark sweep GC freed 36464(1500KB) AllocSpace objects, 0(0B) LOS objects, 30% free, 36MB/52MB, paused 1.982ms total 103.992ms
08-06 15:56:19.985 22517 22729 I art     : Starting a blocking GC Explicit
08-06 15:56:20.117 22517 22729 I art     : Explicit concurrent mark sweep GC freed 121523(4MB) AllocSpace objects, 1(20KB) LOS objects, 29% free, 37MB/53MB, paused 1.977ms total 131.523ms
08-06 15:56:20.156 22517 22729 I art     : Starting a blocking GC Explicit
08-06 15:56:20.275 22517 22729 I art     : Explicit concurrent mark sweep GC freed 50352(2MB) AllocSpace objects, 0(0B) LOS objects, 29% free, 37MB/53MB, paused 2.126ms total 118.529ms
08-06 15:56:20.313 22517 22729 I art     : Starting a blocking GC Explicit
08-06 15:56:20.361 22517 22517 I Choreographer: Skipped 58 frames!  The application may be doing too much work on its main thread.
08-06 15:56:20.429 22517 22729 I art     : Explicit concurrent mark sweep GC freed 24377(1029KB) AllocSpace objects, 0(0B) LOS objects, 29% free, 37MB/53MB, paused 1.108ms total 114.954ms
08-06 15:56:20.470 22517 22729 I art     : Starting a blocking GC Explicit
08-06 15:56:20.580 22517 22729 I art     : Explicit concurrent mark sweep GC freed 854(64KB) AllocSpace objects, 0(0B) LOS objects, 29% free, 37MB/53MB, paused 1ms total 110.106ms
08-06 15:56:20.621 22517 22729 I art     : Starting a blocking GC Explicit
08-06 15:56:20.688 22517 22729 I art     : Explicit concurrent mark sweep GC freed 121965(11MB) AllocSpace objects, 3(136KB) LOS objects, 37% free, 26MB/42MB, paused 1.291ms total 66.518ms
08-06 15:56:21.069 22517 22529 I art     : Starting a blocking GC Explicit
08-06 15:56:21.122 22517 22529 I art     : Explicit concurrent mark sweep GC freed 1406(79KB) AllocSpace objects, 1(20KB) LOS objects, 37% free, 26MB/42MB, paused 1.281ms total 52.795ms
08-06 15:56:21.146 22517 22529 I art     : Starting a blocking GC Explicit
08-06 15:56:21.182   518   646 I ThermalEngine: ACTION: GPU - Setting GPU[0] to 450000000
08-06 15:56:21.192 22517 22529 I art     : Explicit concurrent mark sweep GC freed 52(1728B) AllocSpace objects, 0(0B) LOS objects, 37% free, 26MB/42MB, paused 463us total 46.311ms
08-06 15:56:21.207 22517 22529 I art     : Starting a blocking GC Explicit
08-06 15:56:21.247 22517 22529 I art     : Explicit concurrent mark sweep GC freed 7(256B) AllocSpace objects, 0(0B) LOS objects, 37% free, 26MB/42MB, paused 576us total 39.857ms
08-06 15:56:21.263 22517 22529 I art     : Starting a blocking GC Explicit
08-06 15:56:21.306 22517 22529 I art     : Explicit concurrent mark sweep GC freed 3(96B) AllocSpace objects, 0(0B) LOS objects, 37% free, 26MB/42MB, paused 503us total 43.516ms
08-06 15:56:21.323 22517 22529 I art     : Starting a blocking GC Explicit
08-06 15:56:21.369 22517 22529 I art     : Explicit concurrent mark sweep GC freed 3(96B) AllocSpace objects, 0(0B) LOS objects, 37% free, 26MB/42MB, paused 554us total 45.934ms
08-06 15:56:21.720 22517 22530 I art     : Starting a blocking GC Explicit
08-06 15:56:21.772 22517 22530 I art     : Explicit concurrent mark sweep GC freed 1317(76KB) AllocSpace objects, 1(20KB) LOS objects, 37% free, 26MB/42MB, paused 522us total 51.254ms
08-06 15:56:21.792 22517 22530 I art     : Starting a blocking GC Explicit
08-06 15:56:21.835 22517 22530 I art     : Explicit concurrent mark sweep GC freed 18(624B) AllocSpace objects, 0(0B) LOS objects, 37% free, 26MB/42MB, paused 499us total 42.726ms
08-06 15:56:21.852 22517 22530 I art     : Starting a blocking GC Explicit
08-06 15:56:21.898 22517 22530 I art     : Explicit concurrent mark sweep GC freed 3(96B) AllocSpace objects, 0(0B) LOS objects, 37% free, 26MB/42MB, paused 535us total 46.440ms
08-06 15:56:21.915 22517 22530 I art     : Starting a blocking GC Explicit
08-06 15:56:21.960 22517 22530 I art     : Explicit concurrent mark sweep GC freed 3(96B) AllocSpace objects, 0(0B) LOS objects, 37% free, 26MB/42MB, paused 496us total 44.587ms
08-06 15:56:21.976 22517 22530 I art     : Starting a blocking GC Explicit
08-06 15:56:22.022 22517 22530 I art     : Explicit concurrent mark sweep GC freed 3(96B) AllocSpace objects, 0(0B) LOS objects, 37% free, 26MB/42MB, paused 504us total 45.911ms
08-06 15:56:22.369 22517 22729 I art     : Starting a blocking GC Explicit
08-06 15:56:22.433 22517 22729 I art     : Explicit concurrent mark sweep GC freed 1293(75KB) AllocSpace objects, 1(20KB) LOS objects, 37% free, 26MB/42MB, paused 540us total 63.078ms
08-06 15:56:22.454 22517 22729 I art     : Starting a blocking GC Explicit
08-06 15:56:22.497 22517 22729 I art     : Explicit concurrent mark sweep GC freed 18(624B) AllocSpace objects, 0(0B) LOS objects, 37% free, 26MB/42MB, paused 486us total 43.231ms
08-06 15:56:22.514 22517 22729 I art     : Starting a blocking GC Explicit
08-06 15:56:22.560 22517 22729 I art     : Explicit concurrent mark sweep GC freed 3(96B) AllocSpace objects, 0(0B) LOS objects, 37% free, 26MB/42MB, paused 494us total 45.988ms
08-06 15:56:22.576 22517 22729 I art     : Starting a blocking GC Explicit
08-06 15:56:22.623 22517 22729 I art     : Explicit concurrent mark sweep GC freed 3(96B) AllocSpace objects, 0(0B) LOS objects, 37% free, 26MB/42MB, paused 499us total 46.061ms
08-06 15:56:22.639 22517 22729 I art     : Starting a blocking GC Explicit
08-06 15:56:22.686 22517 22729 I art     : Explicit concurrent mark sweep GC freed 3(96B) AllocSpace objects, 0(0B) LOS objects, 37% free, 26MB/42MB, paused 514us total 47.050ms
08-06 15:56:22.688 22517 22528 I art     : WaitForGcToComplete blocked for 48.183ms for cause HeapTrim
08-06 15:56:23.001 22517 22732 I art     : Starting a blocking GC Explicit
08-06 15:56:23.050 22517 22732 I art     : Explicit concurrent mark sweep GC freed 1293(75KB) AllocSpace objects, 1(20KB) LOS objects, 37% free, 26MB/42MB, paused 552us total 49.486ms
08-06 15:56:23.069 22517 22732 I art     : Starting a blocking GC Explicit
08-06 15:56:23.112 22517 22732 I art     : Explicit concurrent mark sweep GC freed 18(624B) AllocSpace objects, 0(0B) LOS objects, 37% free, 26MB/42MB, paused 520us total 43.427ms
08-06 15:56:23.128 22517 22732 I art     : Starting a blocking GC Explicit
08-06 15:56:23.172 22517 22732 I art     : Explicit concurrent mark sweep GC freed 3(96B) AllocSpace objects, 0(0B) LOS objects, 37% free, 26MB/42MB, paused 513us total 43.443ms
08-06 15:56:23.188 22517 22732 I art     : Starting a blocking GC Explicit
08-06 15:56:23.232 22517 22732 I art     : Explicit concurrent mark sweep GC freed 3(96B) AllocSpace objects, 0(0B) LOS objects, 37% free, 26MB/42MB, paused 495us total 43.411ms
08-06 15:56:23.247 22517 22732 I art     : Starting a blocking GC Explicit
08-06 15:56:23.293 22517 22732 I art     : Explicit concurrent mark sweep GC freed 3(96B) AllocSpace objects, 0(0B) LOS objects, 37% free, 26MB/42MB, paused 511us total 45.104ms
08-06 15:56:23.410 23584 23584 D AndroidRuntime: >>>>>> START com.android.internal.os.RuntimeInit uid 2000 <<<<<<
08-06 15:56:23.418 23584 23584 D AndroidRuntime: CheckJNI is OFF
08-06 15:56:23.462 23584 23584 D ICU     : No timezone override file found: /data/misc/zoneinfo/current/icu/icu_tzdata.dat
08-06 15:56:23.503 23584 23584 I Radio-JNI: register_android_hardware_Radio DONE
08-06 15:56:23.530 23584 23584 D AndroidRuntime: Calling main entry com.android.commands.input.Input
08-06 15:56:23.533 23584 23584 I Input   : injectMotionEvent: MotionEvent { action=ACTION_DOWN, actionButton=0, id[0]=0, x[0]=81.0, y[0]=176.0, toolType[0]=TOOL_TYPE_UNKNOWN, buttonState=0, metaState=0, flags=0x0, edgeFlags=0x0, pointerCount=1, historySize=0, eventTime=892599945, downTime=892599945, deviceId=0, source=0x1002 }
08-06 15:56:23.539 23584 23584 I Input   : injectMotionEvent: MotionEvent { action=ACTION_UP, actionButton=0, id[0]=0, x[0]=81.0, y[0]=176.0, toolType[0]=TOOL_TYPE_UNKNOWN, buttonState=0, metaState=0, flags=0x0, edgeFlags=0x0, pointerCount=1, historySize=0, eventTime=892599945, downTime=892599945, deviceId=0, source=0x1002 }
08-06 15:56:23.542 23584 23584 D AndroidRuntime: Shutting down VM
08-06 15:56:23.557   512  2967 D audio_hw_primary: out_set_parameters: enter: usecase(1: low-latency-playback) kvpairs: routing=2
08-06 15:56:23.570   512  2967 D audio_hw_primary: select_devices: out_snd_device(2: speaker) in_snd_device(0: none)
08-06 15:56:23.570   512  2967 D msm8974_platform: platform_send_audio_calibration: sending audio calibration for snd_device(2) acdb_id(15)
08-06 15:56:23.571   512  2967 I soundtrigger: audio_extn_sound_trigger_update_device_status: device 0x2 of type 0 for Event 1
08-06 15:56:23.582   512  2967 D audio_hw_primary: enable_snd_device: snd_device(2: speaker)
08-06 15:56:23.584   512  2967 D audio_hw_primary: enable_audio_route: apply and update mixer path: low-latency-playback speaker
08-06 15:56:23.589 13866 13866 I GoogleInputMethodServic: GoogleInputMethodService.onFinishInput():3138 
08-06 15:56:23.590 13866 13866 I GoogleInputMethodServic: GoogleInputMethodService.onStartInput():1808 
08-06 15:56:23.618 22517 22729 I art     : Starting a blocking GC Explicit
08-06 15:56:23.660 22517 22729 I art     : Explicit concurrent mark sweep GC freed 1786(99KB) AllocSpace objects, 1(20KB) LOS objects, 37% free, 26MB/42MB, paused 508us total 42.577ms
08-06 15:56:23.677 22517 22729 I art     : Starting a blocking GC Explicit
08-06 15:56:23.718 22517 22729 I art     : Explicit concurrent mark sweep GC freed 68(2992B) AllocSpace objects, 0(0B) LOS objects, 37% free, 26MB/42MB, paused 696us total 41.381ms
08-06 15:56:23.735 22517 22729 I art     : Starting a blocking GC Explicit
08-06 15:56:23.774 22517 22729 I art     : Explicit concurrent mark sweep GC freed 173(11KB) AllocSpace objects, 0(0B) LOS objects, 37% free, 26MB/42MB, paused 434us total 39.100ms
08-06 15:56:23.789 22517 22729 I art     : Starting a blocking GC Explicit
08-06 15:56:23.826 22517 22729 I art     : Explicit concurrent mark sweep GC freed 3(96B) AllocSpace objects, 0(0B) LOS objects, 37% free, 26MB/42MB, paused 435us total 36.449ms
08-06 15:56:23.840 22517 22729 I art     : Starting a blocking GC Explicit
08-06 15:56:23.879 22517 22729 I art     : Explicit concurrent mark sweep GC freed 3(96B) AllocSpace objects, 0(0B) LOS objects, 37% free, 26MB/42MB, paused 453us total 38.678ms
08-06 15:56:24.128   512  2967 D audio_hw_primary: disable_audio_route: reset and update mixer path: low-latency-playback speaker
08-06 15:56:24.130   512  2967 D audio_hw_primary: disable_snd_device: snd_device(2: speaker)
08-06 15:56:24.138   512  2967 I soundtrigger: audio_extn_sound_trigger_update_device_status: device 0x2 of type 0 for Event 0
08-06 15:56:24.200 22517 22529 I art     : Starting a blocking GC Explicit
08-06 15:56:24.252 22517 22529 I art     : Explicit concurrent mark sweep GC freed 1294(75KB) AllocSpace objects, 1(20KB) LOS objects, 37% free, 26MB/42MB, paused 513us total 50.906ms
08-06 15:56:24.270 22517 22529 I art     : Starting a blocking GC Explicit
08-06 15:56:24.312 22517 22529 I art     : Explicit concurrent mark sweep GC freed 18(624B) AllocSpace objects, 0(0B) LOS objects, 37% free, 26MB/42MB, paused 496us total 41.635ms
08-06 15:56:24.328 22517 22529 I art     : Starting a blocking GC Explicit
08-06 15:56:24.370 22517 22529 I art     : Explicit concurrent mark sweep GC freed 3(96B) AllocSpace objects, 0(0B) LOS objects, 37% free, 26MB/42MB, paused 478us total 42.062ms
08-06 15:56:24.386 22517 22529 I art     : Starting a blocking GC Explicit
08-06 15:56:24.429 22517 22529 I art     : Explicit concurrent mark sweep GC freed 3(96B) AllocSpace objects, 0(0B) LOS objects, 37% free, 26MB/42MB, paused 489us total 42.923ms
08-06 15:56:24.444 22517 22529 I art     : Starting a blocking GC Explicit
08-06 15:56:24.487 22517 22529 I art     : Explicit concurrent mark sweep GC freed 3(96B) AllocSpace objects, 0(0B) LOS objects, 37% free, 26MB/42MB, paused 485us total 42.505ms
08-06 15:56:24.818 22517 22729 I art     : Starting a blocking GC Explicit
08-06 15:56:24.860 22517 22729 I art     : Explicit concurrent mark sweep GC freed 1293(75KB) AllocSpace objects, 1(20KB) LOS objects, 37% free, 26MB/42MB, paused 497us total 41.767ms
08-06 15:56:24.876 22517 22729 I art     : Starting a blocking GC Explicit
08-06 15:56:24.917 22517 22729 I art     : Explicit concurrent mark sweep GC freed 18(624B) AllocSpace objects, 0(0B) LOS objects, 37% free, 26MB/42MB, paused 500us total 40.887ms
08-06 15:56:24.932 22517 22729 I art     : Starting a blocking GC Explicit
08-06 15:56:24.972 22517 22729 I art     : Explicit concurrent mark sweep GC freed 3(96B) AllocSpace objects, 0(0B) LOS objects, 37% free, 26MB/42MB, paused 484us total 39.986ms
08-06 15:56:24.988 22517 22729 I art     : Starting a blocking GC Explicit
08-06 15:56:25.028 22517 22729 I art     : Explicit concurrent mark sweep GC freed 3(96B) AllocSpace objects, 0(0B) LOS objects, 37% free, 26MB/42MB, paused 517us total 40.120ms
08-06 15:56:25.043 22517 22729 I art     : Starting a blocking GC Explicit
08-06 15:56:25.083 22517 22729 I art     : Explicit concurrent mark sweep GC freed 3(96B) AllocSpace objects, 0(0B) LOS objects, 37% free, 26MB/42MB, paused 482us total 39.544ms
08-06 15:56:25.319 23638 23638 D AndroidRuntime: >>>>>> START com.android.internal.os.RuntimeInit uid 2000 <<<<<<
08-06 15:56:25.325 23638 23638 D AndroidRuntime: CheckJNI is OFF
08-06 15:56:25.369 23638 23638 D ICU     : No timezone override file found: /data/misc/zoneinfo/current/icu/icu_tzdata.dat
08-06 15:56:25.402 22517 22530 I art     : Starting a blocking GC Explicit
08-06 15:56:25.411 23638 23638 I Radio-JNI: register_android_hardware_Radio DONE
08-06 15:56:25.441 23638 23638 D AndroidRuntime: Calling main entry com.android.commands.input.Input
08-06 15:56:25.443 23638 23638 I Input   : injectMotionEvent: MotionEvent { action=ACTION_DOWN, actionButton=0, id[0]=0, x[0]=436.0, y[0]=1770.0, toolType[0]=TOOL_TYPE_UNKNOWN, buttonState=0, metaState=0, flags=0x0, edgeFlags=0x0, pointerCount=1, historySize=0, eventTime=892601856, downTime=892601856, deviceId=0, source=0x1002 }
08-06 15:56:25.445 22517 22530 I art     : Explicit concurrent mark sweep GC freed 1320(76KB) AllocSpace objects, 1(20KB) LOS objects, 37% free, 26MB/42MB, paused 587us total 42.480ms
08-06 15:56:25.449 23638 23638 I Input   : injectMotionEvent: MotionEvent { action=ACTION_UP, actionButton=0, id[0]=0, x[0]=436.0, y[0]=1770.0, toolType[0]=TOOL_TYPE_UNKNOWN, buttonState=0, metaState=0, flags=0x0, edgeFlags=0x0, pointerCount=1, historySize=0, eventTime=892601856, downTime=892601856, deviceId=0, source=0x1002 }
08-06 15:56:25.451 23638 23638 D AndroidRuntime: Shutting down VM
08-06 15:56:25.456 22517 22517 D MainActivity: NavigationItemSelected: Courses
08-06 15:56:25.460 22517 22530 I art     : Starting a blocking GC Explicit
08-06 15:56:25.462   512  2967 D audio_hw_primary: out_set_parameters: enter: usecase(1: low-latency-playback) kvpairs: routing=2
08-06 15:56:25.463   918  5481 I ActivityManager: START u0 {cmp=baseline.com.ak.uobtimetable/.CourseListActivity} from uid 10710 on display 0
08-06 15:56:25.470 22517 22517 D MainActivity: OnPause
08-06 15:56:25.475   512  2967 D audio_hw_primary: select_devices: out_snd_device(2: speaker) in_snd_device(0: none)
08-06 15:56:25.475   512  2967 D msm8974_platform: platform_send_audio_calibration: sending audio calibration for snd_device(2) acdb_id(15)
08-06 15:56:25.475   512  2967 I soundtrigger: audio_extn_sound_trigger_update_device_status: device 0x2 of type 0 for Event 1
08-06 15:56:25.481 24365 14427 I NetworkScheduler.Stats: Task com.google.android.gms/com.google.android.gms.icing.service.IcingGcmTaskService started execution. cause:4 exec_start_elapsed_seconds: 1875989 [CONTEXT service_id=218 ]
08-06 15:56:25.487 24365  8032 I NetworkScheduler.Stats: Task com.google.android.gms/com.google.android.gms.icing.service.IcingGcmTaskService finished executing. cause:4 result: 1 elapsed_millis: 39 uptime_millis: 39 exec_start_elapsed_seconds: 1875989 [CONTEXT service_id=218 ]
08-06 15:56:25.489   512  2967 D audio_hw_primary: enable_snd_device: snd_device(2: speaker)
08-06 15:56:25.491   512  2967 D audio_hw_primary: enable_audio_route: apply and update mixer path: low-latency-playback speaker
08-06 15:56:25.508 22517 22530 I art     : Explicit concurrent mark sweep GC freed 452(19KB) AllocSpace objects, 0(0B) LOS objects, 37% free, 26MB/42MB, paused 880us total 48.444ms
08-06 15:56:25.522 22517 22530 I art     : Starting a blocking GC Explicit
08-06 15:56:25.527 22517 22517 D CourseListActivity: onCreate
08-06 15:56:25.529 22517 23663 D HTTP    : Request for: https://uob-timetable-api.adriankeenan.co.uk/courses
08-06 15:56:25.541 24365 14427 I NetworkScheduler.Stats: Task com.google.android.gms/com.google.android.gms.clearcut.uploader.QosUploaderService started execution. cause:5 exec_start_elapsed_seconds: 1875989 [CONTEXT service_id=218 ]
08-06 15:56:25.562 22517 22530 I art     : Explicit concurrent mark sweep GC freed 2109(115KB) AllocSpace objects, 0(0B) LOS objects, 37% free, 26MB/42MB, paused 650us total 39.139ms
08-06 15:56:25.575 22517 22530 I art     : Starting a blocking GC Explicit
08-06 15:56:25.596   918   936 I ActivityManager: Displayed baseline.com.ak.uobtimetable/.CourseListActivity: +124ms
08-06 15:56:25.597 13866 13866 I GoogleInputMethodServic: GoogleInputMethodService.onFinishInput():3138 
08-06 15:56:25.598 13866 13866 I GoogleInputMethodServic: GoogleInputMethodService.onStartInput():1808 
08-06 15:56:25.616 22517 22530 I art     : Explicit concurrent mark sweep GC freed 636(40KB) AllocSpace objects, 0(0B) LOS objects, 37% free, 26MB/42MB, paused 637us total 40.450ms
08-06 15:56:25.633 22517 22530 I art     : Starting a blocking GC Explicit
08-06 15:56:25.670 22517 22530 I art     : Explicit concurrent mark sweep GC freed 56(2320B) AllocSpace objects, 0(0B) LOS objects, 37% free, 26MB/42MB, paused 550us total 37.561ms
08-06 15:56:25.971 22517 22529 I art     : Starting a blocking GC Explicit
08-06 15:56:25.990 22517 22517 D MainActivity: Saving state
08-06 15:56:25.991 22517 22517 D MainActivity: Saving current fragment: SessionListsFragment
08-06 15:56:25.991 22517 22517 D MainActivity: Saving current index: 3
08-06 15:56:25.991 22517 22517 D SessionListsFragment: Saving state
08-06 15:56:26.011 22517 22529 I art     : Explicit concurrent mark sweep GC freed 3937(215KB) AllocSpace objects, 4(220KB) LOS objects, 37% free, 26MB/42MB, paused 578us total 40.209ms
08-06 15:56:26.026 22517 22529 I art     : Starting a blocking GC Explicit
08-06 15:56:26.028   512  2967 D audio_hw_primary: disable_audio_route: reset and update mixer path: low-latency-playback speaker
08-06 15:56:26.029   512  2967 D audio_hw_primary: disable_snd_device: snd_device(2: speaker)
08-06 15:56:26.037   512  2967 I soundtrigger: audio_extn_sound_trigger_update_device_status: device 0x2 of type 0 for Event 0
08-06 15:56:26.062 22517 22529 I art     : Explicit concurrent mark sweep GC freed 982(117KB) AllocSpace objects, 0(0B) LOS objects, 37% free, 26MB/42MB, paused 537us total 36.222ms
08-06 15:56:26.076 22517 22529 I art     : Starting a blocking GC Explicit
08-06 15:56:26.078 22517 23663 I NAPPA_EXPERIMENTATION: MetricNetworkRequestExecutionTime: REQUEST_DURATION_SYSTEM='548',REQUEST_DURATION_OKHTTP='124',REQUEST_SYNCHRONOUS='TRUE',RESPONSE_CODE='200',RESPONSE_METHOD='GET',RESPONSE_LENGTH_OKHTTP='-1',RESPONSE_LENGTH_HEADER='-2',REQUEST_PROTOCOL='http/1.1',REQUEST_URL='https://uob-timetable-api.adriankeenan.co.uk/courses',
08-06 15:56:26.112 22517 22529 I art     : Explicit concurrent mark sweep GC freed 185(16KB) AllocSpace objects, 0(0B) LOS objects, 36% free, 28MB/44MB, paused 566us total 36.329ms
08-06 15:56:26.126 22517 22529 I art     : Starting a blocking GC Explicit
08-06 15:56:26.163 22517 22529 I art     : Explicit concurrent mark sweep GC freed 66(2384B) AllocSpace objects, 0(0B) LOS objects, 33% free, 31MB/47MB, paused 520us total 36.427ms
08-06 15:56:26.177 22517 22529 I art     : Starting a blocking GC Explicit
08-06 15:56:26.213 22517 22529 I art     : Explicit concurrent mark sweep GC freed 38(1344B) AllocSpace objects, 0(0B) LOS objects, 32% free, 32MB/48MB, paused 511us total 35.511ms
08-06 15:56:26.519 22517 22729 I art     : Starting a blocking GC Explicit
08-06 15:56:26.555 22517 22729 I art     : Explicit concurrent mark sweep GC freed 79(3KB) AllocSpace objects, 0(0B) LOS objects, 24% free, 48MB/64MB, paused 591us total 36.079ms
08-06 15:56:26.569 22517 22729 I art     : Starting a blocking GC Explicit
08-06 15:56:26.570   918  3696 I AccountManagerService: getTypesVisibleToCaller: isPermitted? true
08-06 15:56:26.579   918  3961 I AccountManagerService: getTypesVisibleToCaller: isPermitted? true
08-06 15:56:26.586   918  6110 I AccountManagerService: getTypesVisibleToCaller: isPermitted? true
08-06 15:56:26.593   918  3359 I AccountManagerService: getTypesVisibleToCaller: isPermitted? true
08-06 15:56:26.596 22517 23663 I HTTP    : Response was compressed.
08-06 15:56:26.599   918  4413 I AccountManagerService: getTypesVisibleToCaller: isPermitted? true
08-06 15:56:26.607 22517 22729 I art     : Explicit concurrent mark sweep GC freed 4176(188KB) AllocSpace objects, 0(0B) LOS objects, 20% free, 63MB/79MB, paused 740us total 37.539ms
08-06 15:56:26.616   918  3714 I AccountManagerService: getTypesVisibleToCaller: isPermitted? true
08-06 15:56:26.621 22517 22729 I art     : Starting a blocking GC Explicit
08-06 15:56:26.622   918   929 I AccountManagerService: getTypesVisibleToCaller: isPermitted? true
08-06 15:56:26.629   918   928 I AccountManagerService: getTypesVisibleToCaller: isPermitted? true
08-06 15:56:26.635   918  5481 I AccountManagerService: getTypesVisibleToCaller: isPermitted? true
08-06 15:56:26.642   918  6029 I AccountManagerService: getTypesVisibleToCaller: isPermitted? true
08-06 15:56:26.647   918  3670 I AccountManagerService: getTypesVisibleToCaller: isPermitted? true
08-06 15:56:26.653   918  6111 I AccountManagerService: getTypesVisibleToCaller: isPermitted? true
08-06 15:56:26.660   918  4400 I AccountManagerService: getTypesVisibleToCaller: isPermitted? true
08-06 15:56:26.668 22517 22729 I art     : Explicit concurrent mark sweep GC freed 24026(1121KB) AllocSpace objects, 2(22MB) LOS objects, 27% free, 41MB/57MB, paused 1.424ms total 47.347ms
08-06 15:56:26.671   918  6111 I AccountManagerService: getTypesVisibleToCaller: isPermitted? true
08-06 15:56:26.678   918  4400 I AccountManagerService: getTypesVisibleToCaller: isPermitted? true
08-06 15:56:26.683 22517 22729 I art     : Starting a blocking GC Explicit
08-06 15:56:26.683   918  5952 I AccountManagerService: getTypesVisibleToCaller: isPermitted? true
08-06 15:56:26.693   918  5132 I AccountManagerService: getTypesVisibleToCaller: isPermitted? true
08-06 15:56:26.702   918  3696 I AccountManagerService: getTypesVisibleToCaller: isPermitted? true
08-06 15:56:26.708   918  3961 I AccountManagerService: getTypesVisibleToCaller: isPermitted? true
08-06 15:56:26.714   918  6110 I AccountManagerService: getTypesVisibleToCaller: isPermitted? true
08-06 15:56:26.720   918  3359 I AccountManagerService: getTypesVisibleToCaller: isPermitted? true
08-06 15:56:26.725 22517 22729 I art     : Explicit concurrent mark sweep GC freed 29086(1370KB) AllocSpace objects, 0(0B) LOS objects, 27% free, 41MB/57MB, paused 754us total 41.615ms
08-06 15:56:26.727   918  4413 I AccountManagerService: getTypesVisibleToCaller: isPermitted? true
08-06 15:56:26.732   918  3714 I AccountManagerService: getTypesVisibleToCaller: isPermitted? true
08-06 15:56:26.738   918   929 I AccountManagerService: getTypesVisibleToCaller: isPermitted? true
08-06 15:56:26.739 22517 22729 I art     : Starting a blocking GC Explicit
08-06 15:56:26.743   918   928 I AccountManagerService: getTypesVisibleToCaller: isPermitted? true
08-06 15:56:26.750   918  5481 I AccountManagerService: getTypesVisibleToCaller: isPermitted? true
08-06 15:56:26.756   918  6029 I AccountManagerService: getTypesVisibleToCaller: isPermitted? true
08-06 15:56:26.762   918  3670 I AccountManagerService: getTypesVisibleToCaller: isPermitted? true
08-06 15:56:26.782 22517 22729 I art     : Explicit concurrent mark sweep GC freed 25503(1211KB) AllocSpace objects, 0(0B) LOS objects, 27% free, 42MB/58MB, paused 839us total 42.771ms
08-06 15:56:26.791   918  3714 I AccountManagerService: getTypesVisibleToCaller: isPermitted? true
08-06 15:56:27.107 22517 22732 I art     : Starting a blocking GC Explicit
08-06 15:56:27.151 24365 12204 W Conscrypt: Could not set socket write timeout: java.net.SocketException: Socket closed
08-06 15:56:27.151 24365 12204 E art     : invalid stream - problem with parameter iterator in /data/app/com.google.android.gms-2/base.apk:classes3.dex for method void com.google.android.gms.org.conscrypt.ConscryptFileDescriptorSocket.setSoWriteTimeout(int)
08-06 15:56:27.152 24365 12204 W Conscrypt: 	at com.google.android.gms.org.conscrypt.Platform.setSocketWriteTimeout(:com.google.android.gms@202614019@20.26.14 (040400-320008519):2)
08-06 15:56:27.152 24365 12204 W Conscrypt: 	at com.google.android.gms.org.conscrypt.ConscryptFileDescriptorSocket.setSoWriteTimeout(:com.google.android.gms@202614019@20.26.14 (040400-320008519))
08-06 15:56:27.173 22517 22732 I art     : Explicit concurrent mark sweep GC freed 176752(8MB) AllocSpace objects, 1(20KB) LOS objects, 26% free, 43MB/59MB, paused 812us total 66.616ms
08-06 15:56:27.182 24365 12204 W Conscrypt: Could not set socket write timeout: java.net.SocketException: Socket closed
08-06 15:56:27.183 24365 12204 E art     : invalid stream - problem with parameter iterator in /data/app/com.google.android.gms-2/base.apk:classes3.dex for method void com.google.android.gms.org.conscrypt.ConscryptFileDescriptorSocket.setSoWriteTimeout(int)
08-06 15:56:27.183 24365 12204 W Conscrypt: 	at com.google.android.gms.org.conscrypt.Platform.setSocketWriteTimeout(:com.google.android.gms@202614019@20.26.14 (040400-320008519):2)
08-06 15:56:27.183 24365 12204 W Conscrypt: 	at com.google.android.gms.org.conscrypt.ConscryptFileDescriptorSocket.setSoWriteTimeout(:com.google.android.gms@202614019@20.26.14 (040400-320008519))
08-06 15:56:27.192 22517 22732 I art     : Starting a blocking GC Explicit
08-06 15:56:27.201   918  5952 I AccountManagerService: getTypesVisibleToCaller: isPermitted? true
08-06 15:56:27.240 22517 22732 I art     : Explicit concurrent mark sweep GC freed 37760(1780KB) AllocSpace objects, 0(0B) LOS objects, 26% free, 43MB/59MB, paused 923us total 48.008ms
08-06 15:56:27.244 24365 12204 E CCTUploader: Clearcut transport failed to make network request. Use 451 milliseconds.
08-06 15:56:27.244 24365 12204 E CCTUploader: java.io.IOException: unexpected end of stream on Connection{play.googleapis.com:443, proxy=HTTP@192.168.2.12:8080 hostAddress=192.168.2.12 cipherSuite=TLS_AES_256_GCM_SHA384 protocol=http/1.1} (recycle count=0)
08-06 15:56:27.244 24365 12204 E CCTUploader: 	at com.android.okhttp.internal.http.HttpConnection.readResponse(HttpConnection.java:210)
08-06 15:56:27.244 24365 12204 E CCTUploader: 	at com.android.okhttp.internal.http.HttpTransport.readResponseHeaders(HttpTransport.java:80)
08-06 15:56:27.244 24365 12204 E CCTUploader: 	at com.android.okhttp.internal.http.HttpEngine.readNetworkResponse(HttpEngine.java:904)
08-06 15:56:27.244 24365 12204 E CCTUploader: 	at com.android.okhttp.internal.http.HttpEngine.readResponse(HttpEngine.java:788)
08-06 15:56:27.244 24365 12204 E CCTUploader: 	at com.android.okhttp.internal.huc.HttpURLConnectionImpl.execute(HttpURLConnectionImpl.java:439)
08-06 15:56:27.244 24365 12204 E CCTUploader: 	at com.android.okhttp.internal.huc.HttpURLConnectionImpl.getResponse(HttpURLConnectionImpl.java:384)
08-06 15:56:27.244 24365 12204 E CCTUploader: 	at com.android.okhttp.internal.huc.HttpURLConnectionImpl.getResponseCode(HttpURLConnectionImpl.java:497)
08-06 15:56:27.244 24365 12204 E CCTUploader: 	at com.android.okhttp.internal.huc.DelegatingHttpsURLConnection.getResponseCode(DelegatingHttpsURLConnection.java:105)
08-06 15:56:27.244 24365 12204 E CCTUploader: 	at com.android.okhttp.internal.huc.HttpsURLConnectionImpl.getResponseCode(HttpsURLConnectionImpl.java)
08-06 15:56:27.244 24365 12204 E CCTUploader: 	at aboy.a(:com.google.android.gms@202614019@20.26.14 (040400-320008519):29)
08-06 15:56:27.244 24365 12204 E CCTUploader: 	at aboy.execute(:com.google.android.gms@202614019@20.26.14 (040400-320008519):8)
08-06 15:56:27.244 24365 12204 E CCTUploader: 	at aboy.execute(:com.google.android.gms@202614019@20.26.14 (040400-320008519):7)
08-06 15:56:27.244 24365 12204 E CCTUploader: 	at rbc.a(:com.google.android.gms@202614019@20.26.14 (040400-320008519):7)
08-06 15:56:27.244 24365 12204 E CCTUploader: 	at rbc.a(:com.google.android.gms@202614019@20.26.14 (040400-320008519):30)
08-06 15:56:27.244 24365 12204 E CCTUploader: 	at com.google.android.gms.clearcut.uploader.QosUploaderChimeraService.a(:com.google.android.gms@202614019@20.26.14 (040400-320008519):110)
08-06 15:56:27.244 24365 12204 E CCTUploader: 	at com.google.android.gms.clearcut.uploader.QosUploaderChimeraService.a(:com.google.android.gms@202614019@20.26.14 (040400-320008519):2)
08-06 15:56:27.244 24365 12204 E CCTUploader: 	at aegr.call(Unknown Source)
08-06 15:56:27.244 24365 12204 E CCTUploader: 	at java.util.concurrent.FutureTask.run(FutureTask.java:237)
08-06 15:56:27.244 24365 12204 E CCTUploader: 	at skp.b(:com.google.android.gms@202614019@20.26.14 (040400-320008519):12)
08-06 15:56:27.244 24365 12204 E CCTUploader: 	at skp.run(:com.google.android.gms@202614019@20.26.14 (040400-320008519):7)
08-06 15:56:27.244 24365 12204 E CCTUploader: 	at java.util.concurrent.ThreadPoolExecutor.runWorker(ThreadPoolExecutor.java:1113)
08-06 15:56:27.244 24365 12204 E CCTUploader: 	at java.util.concurrent.ThreadPoolExecutor$Worker.run(ThreadPoolExecutor.java:588)
08-06 15:56:27.244 24365 12204 E CCTUploader: 	at sql.run(:com.google.android.gms@202614019@20.26.14 (040400-320008519):0)
08-06 15:56:27.244 24365 12204 E CCTUploader: 	at java.lang.Thread.run(Thread.java:818)
08-06 15:56:27.244 24365 12204 E CCTUploader: Caused by: java.io.EOFException: \n not found: size=0 content=...
08-06 15:56:27.244 24365 12204 E CCTUploader: 	at com.android.okhttp.okio.RealBufferedSource.readUtf8LineStrict(RealBufferedSource.java:200)
08-06 15:56:27.244 24365 12204 E CCTUploader: 	at com.android.okhttp.internal.http.HttpConnection.readResponse(HttpConnection.java:191)
08-06 15:56:27.244 24365 12204 E CCTUploader: 	... 23 more
08-06 15:56:27.256 22517 22732 I art     : Starting a blocking GC Explicit
08-06 15:56:27.304 22517 22732 I art     : Explicit concurrent mark sweep GC freed 29453(1398KB) AllocSpace objects, 0(0B) LOS objects, 26% free, 43MB/59MB, paused 934us total 47.481ms
08-06 15:56:27.320 22517 22732 I art     : Starting a blocking GC Explicit
08-06 15:56:27.367 22517 22732 I art     : Explicit concurrent mark sweep GC freed 28731(1360KB) AllocSpace objects, 0(0B) LOS objects, 26% free, 44MB/60MB, paused 914us total 47.281ms
08-06 15:56:27.384 22517 22732 I art     : Starting a blocking GC Explicit
08-06 15:56:27.436 22517 22732 I art     : Explicit concurrent mark sweep GC freed 30561(1443KB) AllocSpace objects, 0(0B) LOS objects, 26% free, 44MB/60MB, paused 1.041ms total 51.868ms
08-06 15:56:27.745 22517 22530 I art     : Starting a blocking GC Explicit
08-06 15:56:27.816 22517 22530 I art     : Explicit concurrent mark sweep GC freed 167682(7MB) AllocSpace objects, 1(20KB) LOS objects, 25% free, 45MB/61MB, paused 899us total 69.743ms
08-06 15:56:27.837 22517 22530 I art     : Starting a blocking GC Explicit
08-06 15:56:27.889 22517 22530 I art     : Explicit concurrent mark sweep GC freed 38750(1810KB) AllocSpace objects, 0(0B) LOS objects, 25% free, 45MB/61MB, paused 1.108ms total 52.478ms
08-06 15:56:27.907 22517 22530 I art     : Starting a blocking GC Explicit
08-06 15:56:27.930 24365 14427 I NetworkScheduler.Stats: Task com.google.android.gms/com.google.android.gms.clearcut.uploader.QosUploaderService finished executing. cause:5 result: 2 elapsed_millis: 2415 uptime_millis: 2414 exec_start_elapsed_seconds: 1875989 [CONTEXT service_id=218 ]
08-06 15:56:27.961 22517 22530 I art     : Explicit concurrent mark sweep GC freed 32311(1520KB) AllocSpace objects, 0(0B) LOS objects, 25% free, 46MB/62MB, paused 1.119ms total 53.944ms
08-06 15:56:27.978 22517 22530 I art     : Starting a blocking GC Explicit
08-06 15:56:28.032 22517 22530 I art     : Explicit concurrent mark sweep GC freed 32337(1525KB) AllocSpace objects, 0(0B) LOS objects, 25% free, 46MB/62MB, paused 1.419ms total 53.766ms
08-06 15:56:28.050 22517 22530 I art     : Starting a blocking GC Explicit
08-06 15:56:28.105 22517 22530 I art     : Explicit concurrent mark sweep GC freed 33244(1593KB) AllocSpace objects, 0(0B) LOS objects, 25% free, 46MB/62MB, paused 1.162ms total 55.281ms
08-06 15:56:28.105 22517 22528 I art     : WaitForGcToComplete blocked for 54.905ms for cause HeapTrim
08-06 15:56:28.200   518   646 I ThermalEngine: ACTION: GPU - Setting GPU[0] to 390000000
08-06 15:56:28.449 22517 22530 I art     : Starting a blocking GC Explicit
08-06 15:56:28.566 22517 22530 I art     : Explicit concurrent mark sweep GC freed 198022(9MB) AllocSpace objects, 1(20KB) LOS objects, 24% free, 48MB/64MB, paused 1.873ms total 115.960ms
08-06 15:56:28.598 22517 22530 I art     : Starting a blocking GC Explicit
08-06 15:56:28.689 22517 22530 I art     : Explicit concurrent mark sweep GC freed 63206(2MB) AllocSpace objects, 0(0B) LOS objects, 24% free, 48MB/64MB, paused 2.017ms total 90.530ms
08-06 15:56:28.722 22517 22530 I art     : Starting a blocking GC Explicit
08-06 15:56:28.819 22517 22530 I art     : Explicit concurrent mark sweep GC freed 58008(2MB) AllocSpace objects, 0(0B) LOS objects, 24% free, 49MB/65MB, paused 2.093ms total 96.330ms
08-06 15:56:28.853 22517 22530 I art     : Starting a blocking GC Explicit
08-06 15:56:28.951 22517 22530 I art     : Explicit concurrent mark sweep GC freed 58950(2MB) AllocSpace objects, 0(0B) LOS objects, 24% free, 49MB/65MB, paused 1.925ms total 98.167ms
08-06 15:56:28.986 22517 22530 I art     : Starting a blocking GC Explicit
08-06 15:56:29.082 22517 22530 I art     : Explicit concurrent mark sweep GC freed 58798(2MB) AllocSpace objects, 0(0B) LOS objects, 24% free, 49MB/65MB, paused 1.973ms total 95.552ms
08-06 15:56:29.444 22517 22529 I art     : Starting a blocking GC Explicit
08-06 15:56:29.572 22517 22529 I art     : Explicit concurrent mark sweep GC freed 213990(9MB) AllocSpace objects, 1(20KB) LOS objects, 23% free, 51MB/67MB, paused 1.965ms total 128.261ms
08-06 15:56:29.609 22517 22529 I art     : Starting a blocking GC Explicit
08-06 15:56:29.722 22517 22529 I art     : Explicit concurrent mark sweep GC freed 74827(3MB) AllocSpace objects, 0(0B) LOS objects, 23% free, 52MB/68MB, paused 2.747ms total 112.453ms
08-06 15:56:29.760 22517 22529 I art     : Starting a blocking GC Explicit
08-06 15:56:29.883 22517 22529 I art     : Explicit concurrent mark sweep GC freed 65688(3MB) AllocSpace objects, 0(0B) LOS objects, 23% free, 52MB/68MB, paused 2.476ms total 121.996ms
08-06 15:56:29.904 22517 23663 I Service : getCourses response time: 0.69
08-06 15:56:29.910 22517 22517 I SettingsManager: Getting string: savedCourse
08-06 15:56:29.919 22517 22529 I art     : Starting a blocking GC Explicit
08-06 15:56:30.024 22517 22529 I art     : Explicit concurrent mark sweep GC freed 16015(803KB) AllocSpace objects, 1(14MB) LOS objects, 29% free, 37MB/53MB, paused 1.288ms total 104.241ms
08-06 15:56:30.062 22517 22529 I art     : Starting a blocking GC Explicit
08-06 15:56:30.166 22517 22529 I art     : Explicit concurrent mark sweep GC freed 752(30KB) AllocSpace objects, 0(0B) LOS objects, 29% free, 37MB/53MB, paused 779us total 103.856ms
08-06 15:56:30.556 22517 22732 I art     : Starting a blocking GC Explicit
08-06 15:56:30.666 22517 22732 I art     : Explicit concurrent mark sweep GC freed 1984(140KB) AllocSpace objects, 1(20KB) LOS objects, 29% free, 37MB/53MB, paused 704us total 109.463ms
08-06 15:56:30.707 22517 22732 I art     : Starting a blocking GC Explicit
08-06 15:56:30.817 22517 22732 I art     : Explicit concurrent mark sweep GC freed 18(624B) AllocSpace objects, 0(0B) LOS objects, 29% free, 37MB/53MB, paused 690us total 109.294ms
08-06 15:56:30.859 22517 22732 I art     : Starting a blocking GC Explicit
08-06 15:56:30.967 22517 22732 I art     : Explicit concurrent mark sweep GC freed 3(96B) AllocSpace objects, 0(0B) LOS objects, 29% free, 37MB/53MB, paused 688us total 106.941ms
08-06 15:56:31.008 22517 22732 I art     : Starting a blocking GC Explicit
08-06 15:56:31.119 22517 22732 I art     : Explicit concurrent mark sweep GC freed 3(96B) AllocSpace objects, 0(0B) LOS objects, 29% free, 37MB/53MB, paused 788us total 110.782ms
08-06 15:56:31.162 22517 22732 I art     : Starting a blocking GC Explicit
08-06 15:56:31.271 22517 22732 I art     : Explicit concurrent mark sweep GC freed 3(96B) AllocSpace objects, 0(0B) LOS objects, 29% free, 37MB/53MB, paused 731us total 108.642ms
08-06 15:56:31.525 22517 22530 I art     : Starting a blocking GC Explicit
08-06 15:56:31.645 22517 22530 I art     : Explicit concurrent mark sweep GC freed 1295(75KB) AllocSpace objects, 1(20KB) LOS objects, 29% free, 37MB/53MB, paused 761us total 118.832ms
08-06 15:56:31.687 22517 22530 I art     : Starting a blocking GC Explicit
08-06 15:56:31.792 22517 22530 I art     : Explicit concurrent mark sweep GC freed 19(688B) AllocSpace objects, 0(0B) LOS objects, 29% free, 37MB/53MB, paused 732us total 104.536ms
08-06 15:56:31.833 22517 22530 I art     : Starting a blocking GC Explicit
08-06 15:56:31.936 22517 22530 I art     : Explicit concurrent mark sweep GC freed 3(96B) AllocSpace objects, 0(0B) LOS objects, 29% free, 37MB/53MB, paused 824us total 103.230ms
08-06 15:56:31.977 22517 22530 I art     : Starting a blocking GC Explicit
08-06 15:56:32.083 22517 22530 I art     : Explicit concurrent mark sweep GC freed 3(96B) AllocSpace objects, 0(0B) LOS objects, 29% free, 37MB/53MB, paused 1.011ms total 105.360ms
08-06 15:56:32.122 22517 22530 I art     : Starting a blocking GC Explicit
08-06 15:56:32.204   518   646 I ThermalEngine: ACTION: GPU - Setting GPU[0] to 450000000
08-06 15:56:32.225 22517 22530 I art     : Explicit concurrent mark sweep GC freed 3(96B) AllocSpace objects, 0(0B) LOS objects, 29% free, 37MB/53MB, paused 542us total 102.004ms
08-06 15:56:32.297 23750 23750 D AndroidRuntime: >>>>>> START com.android.internal.os.RuntimeInit uid 2000 <<<<<<
08-06 15:56:32.302 23750 23750 D AndroidRuntime: CheckJNI is OFF
08-06 15:56:32.351 23750 23750 D ICU     : No timezone override file found: /data/misc/zoneinfo/current/icu/icu_tzdata.dat
08-06 15:56:32.398 23750 23750 I Radio-JNI: register_android_hardware_Radio DONE
08-06 15:56:32.427 23750 23750 D AndroidRuntime: Calling main entry com.android.commands.input.Input
08-06 15:56:32.429 23750 23750 I Input   : injectMotionEvent: MotionEvent { action=ACTION_DOWN, actionButton=0, id[0]=0, x[0]=648.0, y[0]=709.0, toolType[0]=TOOL_TYPE_UNKNOWN, buttonState=0, metaState=0, flags=0x0, edgeFlags=0x0, pointerCount=1, historySize=0, eventTime=892608842, downTime=892608842, deviceId=0, source=0x1002 }
08-06 15:56:32.435 23750 23750 I Input   : injectMotionEvent: MotionEvent { action=ACTION_UP, actionButton=0, id[0]=0, x[0]=648.0, y[0]=709.0, toolType[0]=TOOL_TYPE_UNKNOWN, buttonState=0, metaState=0, flags=0x0, edgeFlags=0x0, pointerCount=1, historySize=0, eventTime=892608842, downTime=892608842, deviceId=0, source=0x1002 }
08-06 15:56:32.438 23750 23750 D AndroidRuntime: Shutting down VM
08-06 15:56:32.504   512  2967 D audio_hw_primary: out_set_parameters: enter: usecase(1: low-latency-playback) kvpairs: routing=2
08-06 15:56:32.517   512  2967 D audio_hw_primary: select_devices: out_snd_device(2: speaker) in_snd_device(0: none)
08-06 15:56:32.517   512  2967 D msm8974_platform: platform_send_audio_calibration: sending audio calibration for snd_device(2) acdb_id(15)
08-06 15:56:32.517   512  2967 I soundtrigger: audio_extn_sound_trigger_update_device_status: device 0x2 of type 0 for Event 1
08-06 15:56:32.528   512  2967 D audio_hw_primary: enable_snd_device: snd_device(2: speaker)
08-06 15:56:32.531   512  2967 D audio_hw_primary: enable_audio_route: apply and update mixer path: low-latency-playback speaker
08-06 15:56:32.559 22517 22732 I art     : Starting a blocking GC Explicit
08-06 15:56:32.634 22517 22732 I art     : Explicit concurrent mark sweep GC freed 2055(133KB) AllocSpace objects, 2(40KB) LOS objects, 29% free, 37MB/53MB, paused 660us total 75.312ms
08-06 15:56:32.661 22517 22732 I art     : Starting a blocking GC Explicit
08-06 15:56:32.733 22517 22732 I art     : Explicit concurrent mark sweep GC freed 148(6KB) AllocSpace objects, 0(0B) LOS objects, 29% free, 37MB/53MB, paused 522us total 71.753ms
08-06 15:56:32.761 22517 22732 I art     : Starting a blocking GC Explicit
08-06 15:56:32.840 22517 22732 I art     : Explicit concurrent mark sweep GC freed 7(240B) AllocSpace objects, 0(0B) LOS objects, 29% free, 37MB/53MB, paused 507us total 79.662ms
08-06 15:56:32.868 22517 22732 I art     : Starting a blocking GC Explicit
08-06 15:56:32.960 22517 22732 I art     : Explicit concurrent mark sweep GC freed 9(320B) AllocSpace objects, 0(0B) LOS objects, 29% free, 37MB/53MB, paused 552us total 91.612ms
08-06 15:56:32.989 22517 22732 I art     : Starting a blocking GC Explicit
08-06 15:56:33.068 22517 22732 I art     : Explicit concurrent mark sweep GC freed 5(160B) AllocSpace objects, 0(0B) LOS objects, 29% free, 37MB/53MB, paused 592us total 78.831ms
08-06 15:56:33.070   512  2967 D audio_hw_primary: disable_audio_route: reset and update mixer path: low-latency-playback speaker
08-06 15:56:33.072   512  2967 D audio_hw_primary: disable_snd_device: snd_device(2: speaker)
08-06 15:56:33.083   512  2967 I soundtrigger: audio_extn_sound_trigger_update_device_status: device 0x2 of type 0 for Event 0
08-06 15:56:33.418 22517 22529 I art     : Starting a blocking GC Explicit
08-06 15:56:33.511 22517 22529 I art     : Explicit concurrent mark sweep GC freed 1337(77KB) AllocSpace objects, 1(20KB) LOS objects, 29% free, 37MB/53MB, paused 547us total 92.484ms
08-06 15:56:33.536 22517 22529 I art     : Starting a blocking GC Explicit
08-06 15:56:33.615 22517 22529 I art     : Explicit concurrent mark sweep GC freed 22(752B) AllocSpace objects, 0(0B) LOS objects, 29% free, 37MB/53MB, paused 539us total 78.494ms
08-06 15:56:33.615 22517 22528 I art     : WaitForGcToComplete blocked for 49.550ms for cause HeapTrim
08-06 15:56:33.640 22517 22529 I art     : Starting a blocking GC Explicit
08-06 15:56:33.713 22517 22529 I art     : Explicit concurrent mark sweep GC freed 3(96B) AllocSpace objects, 0(0B) LOS objects, 29% free, 37MB/53MB, paused 526us total 73.212ms
08-06 15:56:33.737 22517 22529 I art     : Starting a blocking GC Explicit
08-06 15:56:33.806 22517 22529 I art     : Explicit concurrent mark sweep GC freed 3(96B) AllocSpace objects, 0(0B) LOS objects, 29% free, 37MB/53MB, paused 523us total 68.559ms
08-06 15:56:33.830 22517 22529 I art     : Starting a blocking GC Explicit
08-06 15:56:33.904 22517 22529 I art     : Explicit concurrent mark sweep GC freed 3(96B) AllocSpace objects, 0(0B) LOS objects, 29% free, 37MB/53MB, paused 526us total 73.137ms
08-06 15:56:34.212   518   646 I ThermalEngine: ACTION: GPU - Setting GPU[0] to 390000000
08-06 15:56:34.227 23783 23783 D AndroidRuntime: >>>>>> START com.android.internal.os.RuntimeInit uid 2000 <<<<<<
08-06 15:56:34.242 23783 23783 D AndroidRuntime: CheckJNI is OFF
08-06 15:56:34.261 22517 22530 I art     : Starting a blocking GC Explicit
08-06 15:56:34.335 23783 23783 D ICU     : No timezone override file found: /data/misc/zoneinfo/current/icu/icu_tzdata.dat
08-06 15:56:34.389 23783 23783 I Radio-JNI: register_android_hardware_Radio DONE
08-06 15:56:34.393 22517 22530 I art     : Explicit concurrent mark sweep GC freed 1322(76KB) AllocSpace objects, 1(20KB) LOS objects, 29% free, 37MB/53MB, paused 923us total 131.157ms
08-06 15:56:34.425   918  3188 I hubconnection: sensorhub said: 'set_bias 3: -11.5200, 0.0000, 0.0000'
08-06 15:56:34.429 23783 23783 D AndroidRuntime: Calling main entry com.android.commands.input.Input
08-06 15:56:34.432 23783 23783 I Input   : injectMotionEvent: MotionEvent { action=ACTION_DOWN, actionButton=0, id[0]=0, x[0]=1197.0, y[0]=1456.0, toolType[0]=TOOL_TYPE_UNKNOWN, buttonState=0, metaState=0, flags=0x0, edgeFlags=0x0, pointerCount=1, historySize=0, eventTime=892610844, downTime=892610844, deviceId=0, source=0x1002 }
08-06 15:56:34.437 23783 23783 I Input   : injectMotionEvent: MotionEvent { action=ACTION_UP, actionButton=0, id[0]=0, x[0]=1197.0, y[0]=1456.0, toolType[0]=TOOL_TYPE_UNKNOWN, buttonState=0, metaState=0, flags=0x0, edgeFlags=0x0, pointerCount=1, historySize=0, eventTime=892610844, downTime=892610844, deviceId=0, source=0x1002 }
08-06 15:56:34.438 23783 23783 D AndroidRuntime: Shutting down VM
08-06 15:56:34.440 22517 22530 I art     : Starting a blocking GC Explicit
08-06 15:56:34.450   512  2967 D audio_hw_primary: out_set_parameters: enter: usecase(1: low-latency-playback) kvpairs: routing=2
08-06 15:56:34.462 22517 22517 I SettingsManager: Setting string: savedCourse
08-06 15:56:34.463   918  6112 W BackupManagerService: dataChanged but no participant pkg='baseline.com.ak.uobtimetable' uid=10710
08-06 15:56:34.464   918  6110 I ActivityManager: START u0 {flg=0x4000000 cmp=baseline.com.ak.uobtimetable/.MainActivity (has extras)} from uid 10710 on display 0
08-06 15:56:34.464   512  2967 D audio_hw_primary: select_devices: out_snd_device(2: speaker) in_snd_device(0: none)
08-06 15:56:34.464   512  2967 D msm8974_platform: platform_send_audio_calibration: sending audio calibration for snd_device(2) acdb_id(15)
08-06 15:56:34.464   512  2967 I soundtrigger: audio_extn_sound_trigger_update_device_status: device 0x2 of type 0 for Event 1
08-06 15:56:34.477   512  2967 D audio_hw_primary: enable_snd_device: snd_device(2: speaker)
08-06 15:56:34.480   512  2967 D audio_hw_primary: enable_audio_route: apply and update mixer path: low-latency-playback speaker
08-06 15:56:34.483   918  3359 W InputMethodManagerService: Focus gain on non-focused client com.android.internal.view.IInputMethodClient$Stub$Proxy@28ac7d4 (uid=10710 pid=22517)
08-06 15:56:34.507 22517 22517 D MainActivity: OnDestroy
08-06 15:56:34.538 22517 22517 D MainActivity: onCreate
08-06 15:56:34.540 22517 22517 I SettingsManager: Getting string: savedSessions
08-06 15:56:34.540 22517 22517 I SettingsManager: Getting string: savedSessions
08-06 15:56:34.543 22517 22530 I art     : Explicit concurrent mark sweep GC freed 5392(252KB) AllocSpace objects, 0(0B) LOS objects, 29% free, 37MB/53MB, paused 1.385ms total 103.318ms
08-06 15:56:34.556 22517 22517 I SettingsManager: Getting string: savedSessionsCourseName
08-06 15:56:34.556 22517 22517 I SettingsManager: Getting string: savedSessionsCourseName
08-06 15:56:34.556 22517 22517 I SettingsManager: Getting string: savedSessionsDateRange
08-06 15:56:34.557 22517 22517 I SettingsManager: Getting string: savedSessionsDateRange
08-06 15:56:34.557 22517 22517 I Settings: 15 saved sessions - Artificial Intelligence and Robotics (with Foundation Year) - BSc (Hons) - Ltn - Y0 Feb FT - Weeks: 24-38 (8 Jun 2020-20 Sep 2020)
08-06 15:56:34.582 22517 22530 I art     : Starting a blocking GC Explicit
08-06 15:56:34.597 22517 22517 I SettingsManager: Getting string: savedCourse
08-06 15:56:34.598 22517 22517 D MainActivity: sessionListFragmentArg: updateSessions
08-06 15:56:34.598 22517 22517 D MainActivity: showTermDatesConfigChange: false
08-06 15:56:34.598 22517 22517 D MainActivity: showTermDatesShortcut: false
08-06 15:56:34.600 22517 22517 D MainActivity: Setting initial fragment: SessionListsFragment
08-06 15:56:34.602 22517 22517 I SettingsManager: Getting int: launchCount
08-06 15:56:34.603 22517 22517 D SessionListsFragment: onCreateView
08-06 15:56:34.610 22517 22517 I SettingsManager: Getting string: savedCourse
08-06 15:56:34.615 22517 22517 I SettingsManager: Getting string: savedSessions
08-06 15:56:34.629 22517 22517 D SessionListsFragment: loadArgument: updateSessions
08-06 15:56:34.630 22517 22517 D SessionListsFragment: initialIndex: -1
08-06 15:56:34.636 22517 23808 D HTTP    : Request for: https://uob-timetable-api.adriankeenan.co.uk/sessions?dept=CM010&course=BSAIFAAF%2F02AA%2F0%2FFT&level=Foundation+Year
08-06 15:56:34.652 22517 22517 D TermDatesFragment: WebView loaded
08-06 15:56:34.653 22517 22517 D MainActivity: OnResume
08-06 15:56:34.708 22517 22530 I art     : Explicit concurrent mark sweep GC freed 16760(797KB) AllocSpace objects, 2(152KB) LOS objects, 29% free, 38MB/54MB, paused 1.479ms total 125.658ms
08-06 15:56:34.742 22517 22530 I art     : Starting a blocking GC Explicit
08-06 15:56:34.762 22517 22517 I TermDatesFragment: Webview load %: 10
08-06 15:56:34.794 13866 13866 I GoogleInputMethodServic: GoogleInputMethodService.onFinishInput():3138 
08-06 15:56:34.794   918   936 I ActivityManager: Displayed baseline.com.ak.uobtimetable/.MainActivity: +308ms
08-06 15:56:34.795 13866 13866 I GoogleInputMethodServic: GoogleInputMethodService.onStartInput():1808 
08-06 15:56:34.847 22517 22530 I art     : Explicit concurrent mark sweep GC freed 1857(109KB) AllocSpace objects, 3(1348KB) LOS objects, 29% free, 38MB/54MB, paused 2.306ms total 105.088ms
08-06 15:56:34.889 22517 22530 I art     : Starting a blocking GC Explicit
08-06 15:56:34.898 22517 23808 I NAPPA_EXPERIMENTATION: MetricNetworkRequestExecutionTime: REQUEST_DURATION_SYSTEM='260',REQUEST_DURATION_OKHTTP='40',REQUEST_SYNCHRONOUS='TRUE',RESPONSE_CODE='200',RESPONSE_METHOD='GET',RESPONSE_LENGTH_OKHTTP='-1',RESPONSE_LENGTH_HEADER='1214',REQUEST_PROTOCOL='http/1.1',REQUEST_URL='https://uob-timetable-api.adriankeenan.co.uk/sessions?dept=CM010&course=BSAIFAAF%2F02AA%2F0%2FFT&level=Foundation+Year',
08-06 15:56:34.904 22517 22517 I TermDatesFragment: Webview load %: 70
08-06 15:56:34.916 22517 22517 I TermDatesFragment: Webview load %: 100
08-06 15:56:34.917 22517 22517 I TermDatesFragment: Webview load %: 100
08-06 15:56:34.947 22517 23808 I HTTP    : Response was compressed.
08-06 15:56:34.961 22517 23808 I Service : getSessions response time: 1.10
08-06 15:56:34.962 22517 22517 I SettingsManager: Getting string: savedSessions
08-06 15:56:34.963 22517 22517 I SettingsManager: Getting string: savedSessions
08-06 15:56:34.979 22517 22517 I Service : Sessions updated: 15
08-06 15:56:34.979 22517 22517 I Service : Sessions removed from new list: 0
08-06 15:56:34.984 22517 22530 I art     : Explicit concurrent mark sweep GC freed 49507(2MB) AllocSpace objects, 4(192KB) LOS objects, 30% free, 36MB/52MB, paused 1.259ms total 94.231ms
08-06 15:56:34.993 22517 22517 I SettingsManager: Setting string: savedSessions
08-06 15:56:34.994   918   929 W BackupManagerService: dataChanged but no participant pkg='baseline.com.ak.uobtimetable' uid=10710
08-06 15:56:34.995 22517 22517 I SettingsManager: Setting date: savedSessionsTime
08-06 15:56:35.006   918  6029 W BackupManagerService: dataChanged but no participant pkg='baseline.com.ak.uobtimetable' uid=10710
08-06 15:56:35.006 22517 22517 I SettingsManager: Setting string: savedSessionsCourseName
08-06 15:56:35.007   918  3961 W BackupManagerService: dataChanged but no participant pkg='baseline.com.ak.uobtimetable' uid=10710
08-06 15:56:35.007 22517 22517 I SettingsManager: Setting string: savedSessionsDateRange
08-06 15:56:35.008   918  3714 W BackupManagerService: dataChanged but no participant pkg='baseline.com.ak.uobtimetable' uid=10710
08-06 15:56:35.008 22517 22517 I SettingsManager: Setting string: timetableUrl
08-06 15:56:35.009   918  3670 W BackupManagerService: dataChanged but no participant pkg='baseline.com.ak.uobtimetable' uid=10710
08-06 15:56:35.009 22517 22517 I SettingsManager: Getting boolean: notifySessionRemindersEnabled
08-06 15:56:35.010 22517 22517 I SettingsManager: Getting int: notifySessionRemindersMinutes
08-06 15:56:35.010 22517 22517 I SettingsManager: Getting boolean: showHiddenSessions
08-06 15:56:35.013 22517 22517 I SessionReminderNotifier: Created session reminder alarm for f7b4771250a919bd729c1c5a4a459c77 at Mon 08:30:00 10/08/20
08-06 15:56:35.017 22517 22517 I SessionReminderNotifier: Created session reminder alarm for a7f879aabdeb78622c8820a5fb7b64cd at Tue 08:30:00 11/08/20
08-06 15:56:35.020 22517 22517 I SessionReminderNotifier: Created session reminder alarm for 7bc8d7e2c2055711f597c3d9078c6ea3 at Tue 08:30:00 11/08/20
08-06 15:56:35.023 22517 22517 I SessionReminderNotifier: Created session reminder alarm for 53c0527a6f009a1f2fd223834d3bfe51 at Tue 10:30:00 11/08/20
08-06 15:56:35.027 22517 22517 I SessionReminderNotifier: Created session reminder alarm for e0fc978b5db8218778540b4053344581 at Tue 11:00:00 11/08/20
08-06 15:56:35.031 22517 22517 I SessionReminderNotifier: Created session reminder alarm for 199afb0100f329ff65a09e1b0cd9deba at Tue 11:30:00 11/08/20
08-06 15:56:35.033   512  2967 D audio_hw_primary: disable_audio_route: reset and update mixer path: low-latency-playback speaker
08-06 15:56:35.034   512  2967 D audio_hw_primary: disable_snd_device: snd_device(2: speaker)
08-06 15:56:35.035 22517 22517 I SessionReminderNotifier: Created session reminder alarm for 21712fef61090882c855a1425543edb5 at Tue 13:30:00 11/08/20
08-06 15:56:35.037 22517 22517 I SessionReminderNotifier: Created session reminder alarm for 65ca4d97f031f29a4d02bbb45a705d8f at Wed 08:30:00 12/08/20
08-06 15:56:35.040 22517 22517 I SessionReminderNotifier: Created session reminder alarm for eeda7741b0bcab58fd9f46dc6ef1d942 at Wed 08:30:00 12/08/20
08-06 15:56:35.042   512  2967 I soundtrigger: audio_extn_sound_trigger_update_device_status: device 0x2 of type 0 for Event 0
08-06 15:56:35.044 22517 22517 I SessionReminderNotifier: Created session reminder alarm for c276c1b2075a0beb67f1b3d1e580f920 at Wed 11:00:00 12/08/20
08-06 15:56:35.048 22517 22517 I SessionReminderNotifier: Created session reminder alarm for 8b1f3627e42ae13a6f6ba0a83903dde1 at Wed 13:30:00 12/08/20
08-06 15:56:35.051 22517 22517 I SessionReminderNotifier: Created session reminder alarm for 79fe0b5c3b887a13ba29db5a33fa2800 at Thu 08:30:00 13/08/20
08-06 15:56:35.053 22517 22517 I SessionReminderNotifier: Created session reminder alarm for cb9dfc8231cdba2be0835dc5709690e1 at Thu 08:30:00 13/08/20
08-06 15:56:35.056 22517 22517 I SessionReminderNotifier: Created session reminder alarm for f850dc24d6de60b7b89fa9e1a8c224c5 at Thu 12:00:00 13/08/20
08-06 15:56:35.060 22517 22517 I SessionReminderNotifier: Created session reminder alarm for 2ba1034116e4fffdd592dbf0796a43d5 at Fri 08:30:00 07/08/20
08-06 15:56:35.060 22517 22517 I SettingsManager: Getting boolean: showHiddenSessions
08-06 15:56:35.060 22517 22517 D SessionListsFragment: 1 sessions for day 0
08-06 15:56:35.060 22517 22517 D SessionListsFragment: 6 sessions for day 1
08-06 15:56:35.060 22517 22517 D SessionListsFragment: 4 sessions for day 2
08-06 15:56:35.060 22517 22517 D SessionListsFragment: 3 sessions for day 3
08-06 15:56:35.061 22517 22517 D SessionListsFragment: 1 sessions for day 4
08-06 15:56:35.122 22517 22517 I SettingsManager: Getting boolean: showHiddenSessions
08-06 15:56:35.123 22517 22517 D SessionListsFragment: Refreshed ViewPager
08-06 15:56:35.123 22517 22517 I SettingsManager: Getting boolean: showHiddenSessions
08-06 15:56:35.123 22517 22517 I SettingsManager: Getting boolean: completedTutorial
08-06 15:56:35.123 22517 22517 I SettingsManager: Getting boolean: showHiddenSessions
08-06 15:56:35.123 22517 22517 I SettingsManager: Getting date: savedSessionsTime
08-06 15:56:35.332 22517 22732 I art     : Starting a blocking GC Explicit
08-06 15:56:35.453 22517 22732 I art     : Explicit concurrent mark sweep GC freed 94977(3MB) AllocSpace objects, 2(40KB) LOS objects, 30% free, 37MB/53MB, paused 1.868ms total 121.236ms
08-06 15:56:35.492 22517 22732 I art     : Starting a blocking GC Explicit
08-06 15:56:35.596 22517 22732 I art     : Explicit concurrent mark sweep GC freed 40473(1732KB) AllocSpace objects, 0(0B) LOS objects, 30% free, 37MB/53MB, paused 2.144ms total 103.957ms
08-06 15:56:35.636 22517 22732 I art     : Starting a blocking GC Explicit
08-06 15:56:35.751 22517 22732 I art     : Explicit concurrent mark sweep GC freed 40590(1672KB) AllocSpace objects, 0(0B) LOS objects, 29% free, 37MB/53MB, paused 2.118ms total 115.508ms
08-06 15:56:35.792 22517 22732 I art     : Starting a blocking GC Explicit
08-06 15:56:35.909 22517 22732 I art     : Explicit concurrent mark sweep GC freed 43164(1791KB) AllocSpace objects, 0(0B) LOS objects, 29% free, 37MB/53MB, paused 1.919ms total 116.538ms
08-06 15:56:35.949 22517 22732 I art     : Starting a blocking GC Explicit
08-06 15:56:36.069 22517 22732 I art     : Explicit concurrent mark sweep GC freed 42426(1743KB) AllocSpace objects, 0(0B) LOS objects, 29% free, 37MB/53MB, paused 3.048ms total 119.746ms
08-06 15:56:36.127 22517 22517 I Choreographer: Skipped 58 frames!  The application may be doing too much work on its main thread.
08-06 15:56:36.441 22517 22529 I art     : Starting a blocking GC Explicit
08-06 15:56:36.557 22517 22529 I art     : Explicit concurrent mark sweep GC freed 19446(860KB) AllocSpace objects, 1(20KB) LOS objects, 29% free, 37MB/53MB, paused 830us total 115.671ms
08-06 15:56:36.599 22517 22529 I art     : Starting a blocking GC Explicit
08-06 15:56:36.671 22517 22529 I art     : Explicit concurrent mark sweep GC freed 121934(11MB) AllocSpace objects, 3(136KB) LOS objects, 37% free, 26MB/42MB, paused 941us total 71.594ms
08-06 15:56:36.695 22517 22529 I art     : Starting a blocking GC Explicit
08-06 15:56:36.746 22517 22529 I art     : Explicit concurrent mark sweep GC freed 22(800B) AllocSpace objects, 0(0B) LOS objects, 37% free, 26MB/42MB, paused 778us total 51.078ms
08-06 15:56:36.770 22517 22529 I art     : Starting a blocking GC Explicit
08-06 15:56:36.821 22517 22529 I art     : Explicit concurrent mark sweep GC freed 47(1520B) AllocSpace objects, 0(0B) LOS objects, 37% free, 26MB/42MB, paused 1.172ms total 50.703ms
08-06 15:56:36.844 22517 22529 I art     : Starting a blocking GC Explicit
08-06 15:56:36.895 22517 22529 I art     : Explicit concurrent mark sweep GC freed 51(1632B) AllocSpace objects, 0(0B) LOS objects, 37% free, 26MB/42MB, paused 706us total 50.734ms
08-06 15:56:37.268 22517 22530 I art     : Starting a blocking GC Explicit
08-06 15:56:37.332 22517 22530 I art     : Explicit concurrent mark sweep GC freed 1327(76KB) AllocSpace objects, 1(20KB) LOS objects, 37% free, 26MB/42MB, paused 880us total 64.129ms
08-06 15:56:37.358 22517 22530 I art     : Starting a blocking GC Explicit
08-06 15:56:37.412 22517 22530 I art     : Explicit concurrent mark sweep GC freed 18(624B) AllocSpace objects, 0(0B) LOS objects, 37% free, 26MB/42MB, paused 1.008ms total 53.420ms
08-06 15:56:37.436 22517 22530 I art     : Starting a blocking GC Explicit
08-06 15:56:37.489 22517 22530 I art     : Explicit concurrent mark sweep GC freed 3(96B) AllocSpace objects, 0(0B) LOS objects, 37% free, 26MB/42MB, paused 863us total 53.162ms
08-06 15:56:37.513 22517 22530 I art     : Starting a blocking GC Explicit
08-06 15:56:37.567 22517 22530 I art     : Explicit concurrent mark sweep GC freed 3(96B) AllocSpace objects, 0(0B) LOS objects, 37% free, 26MB/42MB, paused 979us total 53.736ms
08-06 15:56:37.591 22517 22530 I art     : Starting a blocking GC Explicit
08-06 15:56:37.644 22517 22530 I art     : Explicit concurrent mark sweep GC freed 3(96B) AllocSpace objects, 0(0B) LOS objects, 37% free, 26MB/42MB, paused 727us total 52.711ms
08-06 15:56:38.023 22517 22732 I art     : Starting a blocking GC Explicit
08-06 15:56:38.092 22517 22732 I art     : Explicit concurrent mark sweep GC freed 1293(75KB) AllocSpace objects, 1(20KB) LOS objects, 37% free, 26MB/42MB, paused 827us total 68.767ms
08-06 15:56:38.122 22517 22732 I art     : Starting a blocking GC Explicit
08-06 15:56:38.186 22517 22732 I art     : Explicit concurrent mark sweep GC freed 18(624B) AllocSpace objects, 0(0B) LOS objects, 37% free, 26MB/42MB, paused 812us total 63.354ms
08-06 15:56:38.212 22517 22732 I art     : Starting a blocking GC Explicit
08-06 15:56:38.216   518   646 I ThermalEngine: ACTION: GPU - Setting GPU[0] to 450000000
08-06 15:56:38.257 22517 22732 I art     : Explicit concurrent mark sweep GC freed 3(96B) AllocSpace objects, 0(0B) LOS objects, 37% free, 26MB/42MB, paused 539us total 44.655ms
08-06 15:56:38.272 22517 22732 I art     : Starting a blocking GC Explicit
08-06 15:56:38.315 22517 22732 I art     : Explicit concurrent mark sweep GC freed 3(96B) AllocSpace objects, 0(0B) LOS objects, 37% free, 26MB/42MB, paused 540us total 42.246ms
08-06 15:56:38.331 22517 22732 I art     : Starting a blocking GC Explicit
08-06 15:56:38.381 22517 22732 I art     : Explicit concurrent mark sweep GC freed 3(96B) AllocSpace objects, 0(0B) LOS objects, 37% free, 26MB/42MB, paused 571us total 49.383ms
08-06 15:56:38.723 22517 22729 I art     : Starting a blocking GC Explicit
08-06 15:56:38.766 22517 22729 I art     : Explicit concurrent mark sweep GC freed 1293(75KB) AllocSpace objects, 1(20KB) LOS objects, 37% free, 26MB/42MB, paused 578us total 42.824ms
08-06 15:56:38.782 22517 22729 I art     : Starting a blocking GC Explicit
08-06 15:56:38.821 22397 22397 I Atfwd_Sendcmd: AtCmdFwd service not ready - Exhausted retry attempts - :6
08-06 15:56:38.821 22397 22397 I Atfwd_Daemon: result : -1 	 ,Init step :2 	 ,qmiErrorCode: 0
08-06 15:56:38.827 22517 22729 I art     : Explicit concurrent mark sweep GC freed 18(624B) AllocSpace objects, 0(0B) LOS objects, 37% free, 26MB/42MB, paused 580us total 44.220ms
08-06 15:56:38.843 22517 22729 I art     : Starting a blocking GC Explicit
08-06 15:56:38.887 22517 22729 I art     : Explicit concurrent mark sweep GC freed 3(96B) AllocSpace objects, 0(0B) LOS objects, 37% free, 26MB/42MB, paused 569us total 43.971ms
08-06 15:56:38.902 22517 22729 I art     : Starting a blocking GC Explicit
08-06 15:56:38.947 22517 22729 I art     : Explicit concurrent mark sweep GC freed 3(96B) AllocSpace objects, 0(0B) LOS objects, 37% free, 26MB/42MB, paused 572us total 44.744ms
08-06 15:56:38.963 22517 22729 I art     : Starting a blocking GC Explicit
08-06 15:56:39.008 22517 22729 I art     : Explicit concurrent mark sweep GC freed 3(96B) AllocSpace objects, 0(0B) LOS objects, 37% free, 26MB/42MB, paused 628us total 44.096ms
08-06 15:56:39.237 23860 23860 D AndroidRuntime: >>>>>> START com.android.internal.os.RuntimeInit uid 2000 <<<<<<
08-06 15:56:39.242 23860 23860 D AndroidRuntime: CheckJNI is OFF
08-06 15:56:39.282 23860 23860 D ICU     : No timezone override file found: /data/misc/zoneinfo/current/icu/icu_tzdata.dat
08-06 15:56:39.323 23860 23860 I Radio-JNI: register_android_hardware_Radio DONE
08-06 15:56:39.352 23860 23860 D AndroidRuntime: Calling main entry com.android.commands.input.Input
08-06 15:56:39.354 23860 23860 I Input   : injectMotionEvent: MotionEvent { action=ACTION_DOWN, actionButton=0, id[0]=0, x[0]=81.0, y[0]=176.0, toolType[0]=TOOL_TYPE_UNKNOWN, buttonState=0, metaState=0, flags=0x0, edgeFlags=0x0, pointerCount=1, historySize=0, eventTime=892615767, downTime=892615767, deviceId=0, source=0x1002 }
08-06 15:56:39.360 23860 23860 I Input   : injectMotionEvent: MotionEvent { action=ACTION_UP, actionButton=0, id[0]=0, x[0]=81.0, y[0]=176.0, toolType[0]=TOOL_TYPE_UNKNOWN, buttonState=0, metaState=0, flags=0x0, edgeFlags=0x0, pointerCount=1, historySize=0, eventTime=892615767, downTime=892615767, deviceId=0, source=0x1002 }
08-06 15:56:39.360 22517 22529 I art     : Starting a blocking GC Explicit
08-06 15:56:39.364 23860 23860 D AndroidRuntime: Shutting down VM
08-06 15:56:39.377   512  2967 D audio_hw_primary: out_set_parameters: enter: usecase(1: low-latency-playback) kvpairs: routing=2
08-06 15:56:39.390   512  2967 D audio_hw_primary: select_devices: out_snd_device(2: speaker) in_snd_device(0: none)
08-06 15:56:39.390   512  2967 D msm8974_platform: platform_send_audio_calibration: sending audio calibration for snd_device(2) acdb_id(15)
08-06 15:56:39.390   512  2967 I soundtrigger: audio_extn_sound_trigger_update_device_status: device 0x2 of type 0 for Event 1
08-06 15:56:39.400   512  2967 D audio_hw_primary: enable_snd_device: snd_device(2: speaker)
08-06 15:56:39.403   512  2967 D audio_hw_primary: enable_audio_route: apply and update mixer path: low-latency-playback speaker
08-06 15:56:39.405 22517 22529 I art     : Explicit concurrent mark sweep GC freed 1422(80KB) AllocSpace objects, 1(20KB) LOS objects, 37% free, 26MB/42MB, paused 862us total 44.883ms
08-06 15:56:39.408 13866 13866 I GoogleInputMethodServic: GoogleInputMethodService.onFinishInput():3138 
08-06 15:56:39.408 13866 13866 I GoogleInputMethodServic: GoogleInputMethodService.onStartInput():1808 
08-06 15:56:39.420 22517 22529 I art     : Starting a blocking GC Explicit
08-06 15:56:39.459 22517 22529 I art     : Explicit concurrent mark sweep GC freed 390(19KB) AllocSpace objects, 0(0B) LOS objects, 37% free, 26MB/42MB, paused 507us total 38.150ms
08-06 15:56:39.474 22517 22529 I art     : Starting a blocking GC Explicit
08-06 15:56:39.511 22517 22529 I art     : Explicit concurrent mark sweep GC freed 165(10KB) AllocSpace objects, 0(0B) LOS objects, 37% free, 26MB/42MB, paused 494us total 37.442ms
08-06 15:56:39.526 22517 22529 I art     : Starting a blocking GC Explicit
08-06 15:56:39.563 22517 22529 I art     : Explicit concurrent mark sweep GC freed 3(96B) AllocSpace objects, 0(0B) LOS objects, 37% free, 26MB/42MB, paused 510us total 37.110ms
08-06 15:56:39.578 22517 22529 I art     : Starting a blocking GC Explicit
08-06 15:56:39.616 22517 22529 I art     : Explicit concurrent mark sweep GC freed 3(96B) AllocSpace objects, 0(0B) LOS objects, 37% free, 26MB/42MB, paused 521us total 37.707ms
08-06 15:56:39.925 22517 22729 I art     : Starting a blocking GC Explicit
08-06 15:56:39.939   512  2967 D audio_hw_primary: disable_audio_route: reset and update mixer path: low-latency-playback speaker
08-06 15:56:39.941   512  2967 D audio_hw_primary: disable_snd_device: snd_device(2: speaker)
08-06 15:56:39.950   512  2967 I soundtrigger: audio_extn_sound_trigger_update_device_status: device 0x2 of type 0 for Event 0
08-06 15:56:39.967 22517 22729 I art     : Explicit concurrent mark sweep GC freed 1296(75KB) AllocSpace objects, 1(20KB) LOS objects, 37% free, 26MB/42MB, paused 547us total 42.042ms
08-06 15:56:39.982 22517 22729 I art     : Starting a blocking GC Explicit
08-06 15:56:40.024 22517 22729 I art     : Explicit concurrent mark sweep GC freed 22(752B) AllocSpace objects, 0(0B) LOS objects, 37% free, 26MB/42MB, paused 542us total 41.716ms
08-06 15:56:40.039 22517 22729 I art     : Starting a blocking GC Explicit
08-06 15:56:40.083 22517 22729 I art     : Explicit concurrent mark sweep GC freed 3(96B) AllocSpace objects, 0(0B) LOS objects, 37% free, 26MB/42MB, paused 550us total 43.261ms
08-06 15:56:40.099 22517 22729 I art     : Starting a blocking GC Explicit
08-06 15:56:40.143 22517 22729 I art     : Explicit concurrent mark sweep GC freed 3(96B) AllocSpace objects, 0(0B) LOS objects, 37% free, 26MB/42MB, paused 556us total 43.717ms
08-06 15:56:40.159 22517 22729 I art     : Starting a blocking GC Explicit
08-06 15:56:40.201 22517 22729 I art     : Explicit concurrent mark sweep GC freed 3(96B) AllocSpace objects, 0(0B) LOS objects, 37% free, 26MB/42MB, paused 552us total 42.535ms
08-06 15:56:40.534 22517 22732 I art     : Starting a blocking GC Explicit
08-06 15:56:40.592 22517 22732 I art     : Explicit concurrent mark sweep GC freed 1293(75KB) AllocSpace objects, 1(20KB) LOS objects, 37% free, 26MB/42MB, paused 589us total 56.963ms
08-06 15:56:40.611 22517 22732 I art     : Starting a blocking GC Explicit
08-06 15:56:40.649 22517 22732 I art     : Explicit concurrent mark sweep GC freed 18(624B) AllocSpace objects, 0(0B) LOS objects, 37% free, 26MB/42MB, paused 529us total 37.948ms
08-06 15:56:40.663 22517 22732 I art     : Starting a blocking GC Explicit
08-06 15:56:40.704 22517 22732 I art     : Explicit concurrent mark sweep GC freed 3(96B) AllocSpace objects, 0(0B) LOS objects, 37% free, 26MB/42MB, paused 531us total 40.245ms
08-06 15:56:40.718 22517 22732 I art     : Starting a blocking GC Explicit
08-06 15:56:40.760 22517 22732 I art     : Explicit concurrent mark sweep GC freed 3(96B) AllocSpace objects, 0(0B) LOS objects, 37% free, 26MB/42MB, paused 577us total 41.452ms
08-06 15:56:40.775 22517 22732 I art     : Starting a blocking GC Explicit
08-06 15:56:40.818 22517 22732 I art     : Explicit concurrent mark sweep GC freed 3(96B) AllocSpace objects, 0(0B) LOS objects, 37% free, 26MB/42MB, paused 615us total 41.863ms
08-06 15:56:41.137 22517 22529 I art     : Starting a blocking GC Explicit
08-06 15:56:41.153 23905 23905 D AndroidRuntime: >>>>>> START com.android.internal.os.RuntimeInit uid 2000 <<<<<<
08-06 15:56:41.160 23905 23905 D AndroidRuntime: CheckJNI is OFF
08-06 15:56:41.187 22517 22529 I art     : Explicit concurrent mark sweep GC freed 1314(76KB) AllocSpace objects, 1(20KB) LOS objects, 37% free, 26MB/42MB, paused 554us total 49.278ms
08-06 15:56:41.203 22517 22529 I art     : Starting a blocking GC Explicit
08-06 15:56:41.211 23905 23905 D ICU     : No timezone override file found: /data/misc/zoneinfo/current/icu/icu_tzdata.dat
08-06 15:56:41.245 22517 22529 I art     : Explicit concurrent mark sweep GC freed 24(816B) AllocSpace objects, 0(0B) LOS objects, 37% free, 26MB/42MB, paused 596us total 41.321ms
08-06 15:56:41.255 23905 23905 I Radio-JNI: register_android_hardware_Radio DONE
08-06 15:56:41.260 22517 22529 I art     : Starting a blocking GC Explicit
08-06 15:56:41.285 23905 23905 D AndroidRuntime: Calling main entry com.android.commands.input.Input
08-06 15:56:41.287 23905 23905 I Input   : injectMotionEvent: MotionEvent { action=ACTION_DOWN, actionButton=0, id[0]=0, x[0]=360.0, y[0]=1098.0, toolType[0]=TOOL_TYPE_UNKNOWN, buttonState=0, metaState=0, flags=0x0, edgeFlags=0x0, pointerCount=1, historySize=0, eventTime=892617699, downTime=892617699, deviceId=0, source=0x1002 }
08-06 15:56:41.292 23905 23905 I Input   : injectMotionEvent: MotionEvent { action=ACTION_UP, actionButton=0, id[0]=0, x[0]=360.0, y[0]=1098.0, toolType[0]=TOOL_TYPE_UNKNOWN, buttonState=0, metaState=0, flags=0x0, edgeFlags=0x0, pointerCount=1, historySize=0, eventTime=892617699, downTime=892617699, deviceId=0, source=0x1002 }
08-06 15:56:41.293 23905 23905 D AndroidRuntime: Shutting down VM
08-06 15:56:41.300 22517 22529 I art     : Explicit concurrent mark sweep GC freed 8(224B) AllocSpace objects, 0(0B) LOS objects, 37% free, 26MB/42MB, paused 510us total 39.464ms
08-06 15:56:41.304 22517 22517 D MainActivity: NavigationItemSelected: Term dates
08-06 15:56:41.306   512  2967 D audio_hw_primary: out_set_parameters: enter: usecase(1: low-latency-playback) kvpairs: routing=2
08-06 15:56:41.315 22517 22529 I art     : Starting a blocking GC Explicit
08-06 15:56:41.319   512  2967 D audio_hw_primary: select_devices: out_snd_device(2: speaker) in_snd_device(0: none)
08-06 15:56:41.319   512  2967 D msm8974_platform: platform_send_audio_calibration: sending audio calibration for snd_device(2) acdb_id(15)
08-06 15:56:41.319   512  2967 I soundtrigger: audio_extn_sound_trigger_update_device_status: device 0x2 of type 0 for Event 1
08-06 15:56:41.332   512  2967 D audio_hw_primary: enable_snd_device: snd_device(2: speaker)
08-06 15:56:41.334   512  2967 D audio_hw_primary: enable_audio_route: apply and update mixer path: low-latency-playback speaker
08-06 15:56:41.354 22517 22529 I art     : Explicit concurrent mark sweep GC freed 515(20KB) AllocSpace objects, 0(0B) LOS objects, 37% free, 26MB/42MB, paused 1.183ms total 39.406ms
08-06 15:56:41.369 22517 22529 I art     : Starting a blocking GC Explicit
08-06 15:56:41.407 22517 22529 I art     : Explicit concurrent mark sweep GC freed 201(15KB) AllocSpace objects, 0(0B) LOS objects, 37% free, 26MB/42MB, paused 915us total 37.949ms
08-06 15:56:41.714 22517 22530 I art     : Starting a blocking GC Explicit
08-06 15:56:41.742 13866 13866 I GoogleInputMethodServic: GoogleInputMethodService.onFinishInput():3138 
08-06 15:56:41.743 13866 13866 I GoogleInputMethodServic: GoogleInputMethodService.onStartInput():1808 
08-06 15:56:41.765 22517 22530 I art     : Explicit concurrent mark sweep GC freed 1355(77KB) AllocSpace objects, 1(20KB) LOS objects, 37% free, 26MB/42MB, paused 589us total 50.821ms
08-06 15:56:41.782 22517 22530 I art     : Starting a blocking GC Explicit
08-06 15:56:41.823 22517 22530 I art     : Explicit concurrent mark sweep GC freed 28(944B) AllocSpace objects, 0(0B) LOS objects, 37% free, 26MB/42MB, paused 556us total 40.289ms
08-06 15:56:41.839 22517 22530 I art     : Starting a blocking GC Explicit
08-06 15:56:41.869   512  2967 D audio_hw_primary: disable_audio_route: reset and update mixer path: low-latency-playback speaker
08-06 15:56:41.872   512  2967 D audio_hw_primary: disable_snd_device: snd_device(2: speaker)
08-06 15:56:41.880   512  2967 I soundtrigger: audio_extn_sound_trigger_update_device_status: device 0x2 of type 0 for Event 0
08-06 15:56:41.882 22517 22530 I art     : Explicit concurrent mark sweep GC freed 9(288B) AllocSpace objects, 0(0B) LOS objects, 37% free, 26MB/42MB, paused 619us total 42.275ms
08-06 15:56:41.898 22517 22530 I art     : Starting a blocking GC Explicit
08-06 15:56:41.938 22517 22530 I art     : Explicit concurrent mark sweep GC freed 9(288B) AllocSpace objects, 0(0B) LOS objects, 37% free, 26MB/42MB, paused 625us total 40.174ms
08-06 15:56:41.953 22517 22530 I art     : Starting a blocking GC Explicit
08-06 15:56:41.995 22517 22530 I art     : Explicit concurrent mark sweep GC freed 12(384B) AllocSpace objects, 0(0B) LOS objects, 37% free, 26MB/42MB, paused 531us total 41.989ms
08-06 15:56:42.335 22517 22530 I art     : Starting a blocking GC Explicit
08-06 15:56:42.384 22517 22530 I art     : Explicit concurrent mark sweep GC freed 1338(76KB) AllocSpace objects, 1(20KB) LOS objects, 37% free, 26MB/42MB, paused 587us total 49.362ms
08-06 15:56:42.400 22517 22530 I art     : Starting a blocking GC Explicit
08-06 15:56:42.443 22517 22530 I art     : Explicit concurrent mark sweep GC freed 26(880B) AllocSpace objects, 0(0B) LOS objects, 37% free, 26MB/42MB, paused 508us total 42.301ms
08-06 15:56:42.459 22517 22530 I art     : Starting a blocking GC Explicit
08-06 15:56:42.502 22517 22530 I art     : Explicit concurrent mark sweep GC freed 9(288B) AllocSpace objects, 0(0B) LOS objects, 37% free, 26MB/42MB, paused 535us total 41.996ms
08-06 15:56:42.518 22517 22530 I art     : Starting a blocking GC Explicit
08-06 15:56:42.562 22517 22530 I art     : Explicit concurrent mark sweep GC freed 11(352B) AllocSpace objects, 0(0B) LOS objects, 37% free, 26MB/42MB, paused 501us total 43.403ms
08-06 15:56:42.579 22517 22530 I art     : Starting a blocking GC Explicit
08-06 15:56:42.623 22517 22530 I art     : Explicit concurrent mark sweep GC freed 9(288B) AllocSpace objects, 0(0B) LOS objects, 37% free, 26MB/42MB, paused 673us total 43.790ms
08-06 15:56:42.962 22517 22729 I art     : Starting a blocking GC Explicit
08-06 15:56:43.014 22517 22729 I art     : Explicit concurrent mark sweep GC freed 1352(77KB) AllocSpace objects, 1(20KB) LOS objects, 37% free, 26MB/42MB, paused 684us total 52.183ms
08-06 15:56:43.033 22517 22729 I art     : Starting a blocking GC Explicit
08-06 15:56:43.077 22517 22729 I art     : Explicit concurrent mark sweep GC freed 35(1168B) AllocSpace objects, 0(0B) LOS objects, 37% free, 26MB/42MB, paused 663us total 44.129ms
08-06 15:56:43.093 22517 22729 I art     : Starting a blocking GC Explicit
08-06 15:56:43.136 22517 22729 I art     : Explicit concurrent mark sweep GC freed 15(480B) AllocSpace objects, 0(0B) LOS objects, 37% free, 26MB/42MB, paused 595us total 43.029ms
08-06 15:56:43.153 22517 22729 I art     : Starting a blocking GC Explicit
08-06 15:56:43.197 22517 22729 I art     : Explicit concurrent mark sweep GC freed 14(448B) AllocSpace objects, 0(0B) LOS objects, 37% free, 26MB/42MB, paused 517us total 44.034ms
08-06 15:56:43.214 22517 22729 I art     : Starting a blocking GC Explicit
08-06 15:56:43.228   518   646 I ThermalEngine: ACTION: GPU - Setting GPU[0] to 390000000
08-06 15:56:43.291 22517 22729 I art     : Explicit concurrent mark sweep GC freed 3(96B) AllocSpace objects, 0(0B) LOS objects, 37% free, 26MB/42MB, paused 1.195ms total 76.820ms
08-06 15:56:43.565   918  3261 D WifiStateMachine: starting scan for "H369AA63323"WPA_PSK with 2412,5180
08-06 15:56:43.674 22517 22530 I art     : Starting a blocking GC Explicit
08-06 15:56:43.740 22517 22530 I art     : Explicit concurrent mark sweep GC freed 1293(75KB) AllocSpace objects, 1(20KB) LOS objects, 37% free, 26MB/42MB, paused 1.141ms total 64.729ms
08-06 15:56:43.765 22517 22530 I art     : Starting a blocking GC Explicit
08-06 15:56:43.818 22517 22530 I art     : Explicit concurrent mark sweep GC freed 18(624B) AllocSpace objects, 0(0B) LOS objects, 37% free, 26MB/42MB, paused 871us total 52.984ms
08-06 15:56:43.818 22517 22528 I art     : WaitForGcToComplete blocked for 51.972ms for cause HeapTrim
08-06 15:56:43.822 22397 22397 I ServiceManager: Waiting for service AtCmdFwd...
08-06 15:56:43.842 22517 22530 I art     : Starting a blocking GC Explicit
08-06 15:56:43.895 22517 22530 I art     : Explicit concurrent mark sweep GC freed 3(96B) AllocSpace objects, 0(0B) LOS objects, 37% free, 26MB/42MB, paused 733us total 52.590ms
08-06 15:56:43.919 22517 22530 I art     : Starting a blocking GC Explicit
08-06 15:56:43.972 22517 22530 I art     : Explicit concurrent mark sweep GC freed 3(96B) AllocSpace objects, 0(0B) LOS objects, 37% free, 26MB/42MB, paused 729us total 53.149ms
08-06 15:56:43.996 22517 22530 I art     : Starting a blocking GC Explicit
08-06 15:56:44.050 22517 22530 I art     : Explicit concurrent mark sweep GC freed 3(96B) AllocSpace objects, 0(0B) LOS objects, 37% free, 26MB/42MB, paused 1.261ms total 53.548ms
08-06 15:56:44.471 22517 22529 I art     : Starting a blocking GC Explicit
08-06 15:56:44.537 22517 22529 I art     : Explicit concurrent mark sweep GC freed 1293(75KB) AllocSpace objects, 1(20KB) LOS objects, 37% free, 26MB/42MB, paused 823us total 64.623ms
08-06 15:56:44.563 22517 22529 I art     : Starting a blocking GC Explicit
08-06 15:56:44.617 22517 22529 I art     : Explicit concurrent mark sweep GC freed 18(624B) AllocSpace objects, 0(0B) LOS objects, 37% free, 26MB/42MB, paused 729us total 53.113ms
08-06 15:56:44.641 22517 22529 I art     : Starting a blocking GC Explicit
08-06 15:56:44.694 22517 22529 I art     : Explicit concurrent mark sweep GC freed 3(96B) AllocSpace objects, 0(0B) LOS objects, 37% free, 26MB/42MB, paused 950us total 52.724ms
08-06 15:56:44.717 22517 22529 I art     : Starting a blocking GC Explicit
08-06 15:56:44.770 22517 22529 I art     : Explicit concurrent mark sweep GC freed 3(96B) AllocSpace objects, 0(0B) LOS objects, 37% free, 26MB/42MB, paused 766us total 52.655ms
08-06 15:56:44.794 22517 22529 I art     : Starting a blocking GC Explicit
08-06 15:56:44.822 22397 22397 I ServiceManager: Waiting for service AtCmdFwd...
08-06 15:56:44.848 22517 22529 I art     : Explicit concurrent mark sweep GC freed 3(96B) AllocSpace objects, 0(0B) LOS objects, 37% free, 26MB/42MB, paused 1.008ms total 52.834ms
08-06 15:56:45.210 22517 22732 I art     : Starting a blocking GC Explicit
08-06 15:56:45.289 22517 22732 I art     : Explicit concurrent mark sweep GC freed 1293(75KB) AllocSpace objects, 1(20KB) LOS objects, 37% free, 26MB/42MB, paused 1.022ms total 77.395ms
08-06 15:56:45.318 22517 22732 I art     : Starting a blocking GC Explicit
08-06 15:56:45.372 22517 22732 I art     : Explicit concurrent mark sweep GC freed 18(624B) AllocSpace objects, 0(0B) LOS objects, 37% free, 26MB/42MB, paused 945us total 53.913ms
08-06 15:56:45.399 22517 22732 I art     : Starting a blocking GC Explicit
08-06 15:56:45.451 22517 22732 I art     : Explicit concurrent mark sweep GC freed 3(96B) AllocSpace objects, 0(0B) LOS objects, 37% free, 26MB/42MB, paused 749us total 51.760ms
08-06 15:56:45.475 22517 22732 I art     : Starting a blocking GC Explicit
08-06 15:56:45.529 22517 22732 I art     : Explicit concurrent mark sweep GC freed 3(96B) AllocSpace objects, 0(0B) LOS objects, 37% free, 26MB/42MB, paused 973us total 53.220ms
08-06 15:56:45.552 22517 22732 I art     : Starting a blocking GC Explicit
08-06 15:56:45.602 22517 22732 I art     : Explicit concurrent mark sweep GC freed 3(96B) AllocSpace objects, 0(0B) LOS objects, 37% free, 26MB/42MB, paused 924us total 49.365ms
08-06 15:56:45.823 22397 22397 I ServiceManager: Waiting for service AtCmdFwd...
08-06 15:56:45.951 22517 22729 I art     : Starting a blocking GC Explicit
08-06 15:56:46.010 22517 22729 I art     : Explicit concurrent mark sweep GC freed 1293(75KB) AllocSpace objects, 1(20KB) LOS objects, 37% free, 26MB/42MB, paused 949us total 57.888ms
08-06 15:56:46.033 22517 22729 I art     : Starting a blocking GC Explicit
08-06 15:56:46.085 22517 22729 I art     : Explicit concurrent mark sweep GC freed 18(624B) AllocSpace objects, 0(0B) LOS objects, 37% free, 26MB/42MB, paused 805us total 51.255ms
08-06 15:56:46.108 22517 22729 I art     : Starting a blocking GC Explicit
08-06 15:56:46.157 22517 22729 I art     : Explicit concurrent mark sweep GC freed 3(96B) AllocSpace objects, 0(0B) LOS objects, 37% free, 26MB/42MB, paused 841us total 49.349ms
08-06 15:56:46.181 22517 22729 I art     : Starting a blocking GC Explicit
08-06 15:56:46.231   518   646 I ThermalEngine: ACTION: GPU - Setting GPU[0] to 450000000
08-06 15:56:46.233 22517 22729 I art     : Explicit concurrent mark sweep GC freed 3(96B) AllocSpace objects, 0(0B) LOS objects, 37% free, 26MB/42MB, paused 1.012ms total 51.981ms
08-06 15:56:46.248 23997 23997 D AndroidRuntime: >>>>>> START com.android.internal.os.RuntimeInit uid 2000 <<<<<<
08-06 15:56:46.251 22517 22729 I art     : Starting a blocking GC Explicit
08-06 15:56:46.254 23997 23997 D AndroidRuntime: CheckJNI is OFF
08-06 15:56:46.291 22517 22729 I art     : Explicit concurrent mark sweep GC freed 3(96B) AllocSpace objects, 0(0B) LOS objects, 37% free, 26MB/42MB, paused 561us total 40.005ms
08-06 15:56:46.299 23997 23997 D ICU     : No timezone override file found: /data/misc/zoneinfo/current/icu/icu_tzdata.dat
08-06 15:56:46.342 23997 23997 I Radio-JNI: register_android_hardware_Radio DONE
08-06 15:56:46.370 23997 23997 D AndroidRuntime: Calling main entry com.android.commands.am.Am
08-06 15:56:46.377   779   779 I Trepn   : Trepn 6.2s: Received intent: com.quicinc.trepn.stop_profiling
08-06 15:56:46.416   779   779 I Trepn   : Trepn 6.2s: Trepn has Stopped Profiling.
08-06 15:56:46.534 23997 23997 D AndroidRuntime: Shutting down VM
08-06 15:56:46.538   918  3961 W AppOps  : Finishing op nesting under-run: uid 10078 pkg com.quicinc.trepn code 24 time=0 duration=0 nesting=0
08-06 15:56:46.615 22517 22530 I art     : Starting a blocking GC Explicit
08-06 15:56:46.656 22517 22530 I art     : Explicit concurrent mark sweep GC freed 1293(75KB) AllocSpace objects, 1(20KB) LOS objects, 37% free, 26MB/42MB, paused 516us total 40.157ms
08-06 15:56:46.671 22517 22530 I art     : Starting a blocking GC Explicit
08-06 15:56:46.713 22517 22530 I art     : Explicit concurrent mark sweep GC freed 18(624B) AllocSpace objects, 0(0B) LOS objects, 37% free, 26MB/42MB, paused 548us total 41.318ms
08-06 15:56:46.728 22517 22530 I art     : Starting a blocking GC Explicit
08-06 15:56:46.771 22517 22530 I art     : Explicit concurrent mark sweep GC freed 3(96B) AllocSpace objects, 0(0B) LOS objects, 37% free, 26MB/42MB, paused 517us total 42.105ms
08-06 15:56:46.786 22517 22530 I art     : Starting a blocking GC Explicit
08-06 15:56:46.824 22397 22397 I ServiceManager: Waiting for service AtCmdFwd...
08-06 15:56:46.826 22517 22530 I art     : Explicit concurrent mark sweep GC freed 3(96B) AllocSpace objects, 0(0B) LOS objects, 37% free, 26MB/42MB, paused 508us total 39.260ms
08-06 15:56:46.841 22517 22530 I art     : Starting a blocking GC Explicit
08-06 15:56:46.883 22517 22530 I art     : Explicit concurrent mark sweep GC freed 3(96B) AllocSpace objects, 0(0B) LOS objects, 37% free, 26MB/42MB, paused 539us total 41.443ms
08-06 15:56:47.824 22397 22397 I ServiceManager: Waiting for service AtCmdFwd...
08-06 15:56:48.825 22397 22397 W Atfwd_Sendcmd: AtCmdFwd service not published, waiting... retryCnt : 1
