--------- beginning of main
08-06 05:56:13.034  3784  3784 D CarrierServiceBindHelper: Receive action: android.intent.action.PACKAGE_REMOVED
08-06 05:56:13.068  3784  3784 D CarrierServiceBindHelper: Receive action: android.intent.action.PACKAGE_ADDED
08-06 05:56:13.068  3784  3784 D CarrierServiceBindHelper: Receive action: android.intent.action.PACKAGE_REPLACED
08-06 05:56:13.070  3784  3784 D CarrierServiceBindHelper: mHandler: 3
08-06 05:56:13.070  3784  3784 D CarrierServiceBindHelper: mHandler: 3
08-06 05:56:13.070  3784  3784 D CarrierServiceBindHelper: mHandler: 3
08-06 05:56:13.071  3784  3784 D CarrierConfigLoader: mHandler: 9 phoneId: 0
08-06 05:56:13.071   918  3961 I AccountManagerService: getTypesVisibleToCaller: isPermitted? true
08-06 05:56:13.071 24365 29753 I Fitness : FitCleanupIntentOperation received Intent android.intent.action.PACKAGE_REMOVED [CONTEXT service_id=17 ]
08-06 05:56:13.071   918  6029 I AccountManagerService: getTypesVisibleToCaller: isPermitted? true
08-06 05:56:13.072 14692 14692 I Finsky  : [1] uah.a(18): PackageMonitorReceiverImpl - Received: android.intent.action.PACKAGE_REMOVED, [jsPREe6yOOhrMreoEvcpPvP36yUmihacpIgcKsaLph8]
08-06 05:56:13.073 14692 14692 I Finsky  : [1] ubi.d(9): Invalidating cached PackageState for baseline.com.ak.uobtimetable
08-06 05:56:13.080 14692 14692 I Finsky  : [1] lzi.c(2): Frosting ID looked up on UI thread. Caller should move to a background thread.
08-06 05:56:13.127   918   927 I art     : Background partial concurrent mark sweep GC freed 23583(1642KB) AllocSpace objects, 0(0B) LOS objects, 18% free, 69MB/85MB, paused 1.726ms total 162.683ms
08-06 05:56:13.134 14692 14692 I Finsky  : [1] nqb.c(3): Installer: package baseline.com.ak.uobtimetable was removed. replacing: true
08-06 05:56:13.135 14692 14692 I Finsky  : [1] nra.a(188): Installer: Notifying status update. package=baseline.com.ak.uobtimetable, status=UNINSTALLED
08-06 05:56:13.218 14692 14692 I Finsky  : [1] lzi.c(2): Frosting ID looked up on UI thread. Caller should move to a background thread.
08-06 05:56:13.237 14692 14692 I Finsky  : [1] nra.a(220): Installer: found apps to install. isMultiUserMode=false, apps=[]
08-06 05:56:13.249 14692 29764 I Finsky  : [6432] lyv.run(-1): Wrote row to frosting DB: 3218
08-06 05:56:13.260 14692 29774 I Finsky  : [6434] ejf.a(-1): Cancelled 0 ongoing asset module downloads for package baseline.com.ak.uobtimetable due to a concurrent app update.
08-06 05:56:13.300 24577 29773 I Auth    : [SupervisedAccountIntentOperation] onHandleIntent(): android.intent.action.PACKAGE_ADDED
08-06 05:56:13.304 24577 29773 I ChromeSync: [Sync,SyncIntentOperation] Handling the intent: Intent { act=android.intent.action.PACKAGE_ADDED dat=package:baseline.com.ak.uobtimetable flg=0x4000010 cmp=com.google.android.gms/.chimera.GmsIntentOperationService (has extras) }.
--------- beginning of system
08-06 05:56:13.329   918  6110 W ActivityManager: Unable to start service Intent { act=com.google.android.gms.auth.key.retrieval.service.START pkg=com.google.android.gms } U=0: not found
08-06 05:56:13.335 14692 14692 I Finsky  : [1] uah.a(18): PackageMonitorReceiverImpl - Received: android.intent.action.PACKAGE_ADDED, [jsPREe6yOOhrMreoEvcpPvP36yUmihacpIgcKsaLph8]
08-06 05:56:13.335 14692 14692 I Finsky  : [1] ubi.d(9): Invalidating cached PackageState for baseline.com.ak.uobtimetable
08-06 05:56:13.366 14692 14692 I Finsky  : [1] lzi.c(2): Frosting ID looked up on UI thread. Caller should move to a background thread.
08-06 05:56:13.379 14692 14876 I Finsky  : [6220] odj.b(52): IQ: Notifying installation update. package=baseline.com.ak.uobtimetable, status=UNINSTALLED
08-06 05:56:13.398 14692 14692 I Finsky  : [1] agsx.a(4): Do not start WearSupportService due to Wear service optimization
08-06 05:56:13.400   918  6111 I AccountManagerService: getTypesVisibleToCaller: isPermitted? true
08-06 05:56:13.407 24577 29773 I ChromeSync: [Persistence,AffiliationManager] One of affiliation or grouping data for android://bz0hZa4nAJEtd0n5sRlXG7KAqctUMWVefv7Ki4mh1p6slZ9YO-n9gS9j8m9YCrsIyI2wIxrDHraumF9Y6pBLTA==@baseline.com.ak.uobtimetable/ was not found. Marking affiliation data as stale...
08-06 05:56:13.411   918  3961 W ActivityManager: Unbind failed: could not find connection for android.os.BinderProxy@ec437dd
08-06 05:56:13.421 14692 29774 I Finsky  : [6434] ejc.a(-1): Asset module broadcast after update successful for package baseline.com.ak.uobtimetable. 0 sessions broadcast.
08-06 05:56:13.424 24577 24621 E GmsClient: unable to connect to service: com.google.android.gms.auth.key.retrieval.service.START on com.google.android.gms
08-06 05:56:13.425 14692 14692 I Finsky  : [1] lzi.c(2): Frosting ID looked up on UI thread. Caller should move to a background thread.
08-06 05:56:13.481 14692 29764 I Finsky  : [6432] lyv.run(-1): Wrote row to frosting DB: 3219
08-06 05:56:13.494 14692 29770 I Finsky  : [6433] gzn.a(-1): [ContentSync] finished, scheduled=false
08-06 05:56:13.547   918  3359 I AccountManagerService: getTypesVisibleToCaller: isPermitted? true
08-06 05:56:13.561 24577 29771 I FontLog : Package baseline.com.ak.uobtimetable has no metadata [CONTEXT service_id=132 ]
08-06 05:56:13.580 14692 14876 I Finsky  : [6220] odj.b(40): IQ: No matching installs to run for jobs: []
08-06 05:56:13.603 29786 29786 D AndroidRuntime: >>>>>> START com.android.internal.os.RuntimeInit uid 2000 <<<<<<
08-06 05:56:13.606 29786 29786 D AndroidRuntime: CheckJNI is OFF
08-06 05:56:13.628 14692 29764 I Finsky  : [6432] lyv.run(-1): Wrote row to frosting DB: 3220
08-06 05:56:13.629 29786 29786 D ICU     : No timezone override file found: /data/misc/zoneinfo/current/icu/icu_tzdata.dat
08-06 05:56:13.656 29786 29786 I Radio-JNI: register_android_hardware_Radio DONE
08-06 05:56:13.672 29786 29786 D AndroidRuntime: Calling main entry com.android.commands.monkey.Monkey
08-06 05:56:13.675 14692 29764 I Finsky  : [6432] lyv.run(-1): Wrote row to frosting DB: 3221
08-06 05:56:13.686   918   931 W BroadcastQueue: Skipping deliver [background] BroadcastRecord{3140638 u-1 android.net.conn.CONNECTIVITY_CHANGE} to ReceiverList{bbe611 29786 (unknown name)/2000/u-1 remote:f6976aa}: process crashing
08-06 05:56:13.701   918  5952 I ActivityManager: START u0 {act=android.intent.action.MAIN cat=[android.intent.category.LAUNCHER] flg=0x10200000 cmp=baseline.com.ak.uobtimetable/.MainActivity} from uid 2000 on display 0
08-06 05:56:13.724   918  3359 I ActivityManager: Start proc 29802:baseline.com.ak.uobtimetable/u0a710 for activity baseline.com.ak.uobtimetable/.MainActivity
08-06 05:56:13.726 29802 29802 I art     : Late-enabling -Xcheck:jni
08-06 05:56:13.746 29786 29786 I art     : System.exit called, status: 0
08-06 05:56:13.746 29786 29786 I AndroidRuntime: VM exiting with result code 0.
08-06 05:56:13.749   918  6029 I AccountManagerService: getTypesVisibleToCaller: isPermitted? true
08-06 05:56:13.757 24577 13336 I Icing   : IndexChimeraService.getServiceInterface callingPackage=com.google.android.gms componentName=AppsCorpus serviceId=36
08-06 05:56:13.759 14692 14692 I Finsky  : [1] xmu.a(8): SCH: Jobs in database: 1-1337 3-221 3-222 12-1 24-77777777 26-1414141414 
08-06 05:56:13.761 14692 14692 I Finsky  : [1] xio.a(57): SCH: ConstraintMapping: 24-77777777,  -> L: 0ms, D: 54837166ms, C: false, I: true, N: 0
08-06 05:56:13.766 14692 14692 I Finsky  : [1] xio.a(57): SCH: ConstraintMapping: 1-1337, 12-1,  -> L: 14455ms, D: 58179158ms, C: false, I: false, N: 1
08-06 05:56:13.767 14692 14692 I Finsky  : [1] xio.a(57): SCH: ConstraintMapping: 3-221,  -> L: 0ms, D: 76315665ms, C: false, I: true, N: 2
08-06 05:56:13.768 29802 29802 W System  : ClassLoader referenced unknown path: /data/app/baseline.com.ak.uobtimetable-1/lib/arm64
08-06 05:56:13.768 14692 14692 I Finsky  : [1] xio.a(57): SCH: ConstraintMapping: 3-222,  -> L: 0ms, D: 76315738ms, C: true, I: true, N: 2
08-06 05:56:13.768 14692 14692 I Finsky  : [1] xio.a(57): SCH: ConstraintMapping: 26-1414141414,  -> L: 19627059ms, D: 20527059ms, C: false, I: false, N: 0
08-06 05:56:13.773 14692 29770 I Finsky  : [6433] gzn.a(-1): [ContentSync] finished, scheduled=true
08-06 05:56:13.773 29802 29802 E Application: Can't init Bugsnag - No key
08-06 05:56:13.773 29802 29802 E Application: java.lang.Exception: Can't init Bugsnag - No key
08-06 05:56:13.773 29802 29802 E Application: 	at baseline.com.ak.uobtimetable.Utilities.Logging.Logger.error(Logger.java:79)
08-06 05:56:13.773 29802 29802 E Application: 	at baseline.com.ak.uobtimetable.MyApplication.onCreate(MyApplication.java:52)
08-06 05:56:13.773 29802 29802 E Application: 	at android.app.Instrumentation.callApplicationOnCreate(Instrumentation.java:1013)
08-06 05:56:13.773 29802 29802 E Application: 	at android.app.ActivityThread.handleBindApplication(ActivityThread.java:4707)
08-06 05:56:13.773 29802 29802 E Application: 	at android.app.ActivityThread.-wrap1(ActivityThread.java)
08-06 05:56:13.773 29802 29802 E Application: 	at android.app.ActivityThread$H.handleMessage(ActivityThread.java:1405)
08-06 05:56:13.773 29802 29802 E Application: 	at android.os.Handler.dispatchMessage(Handler.java:102)
08-06 05:56:13.773 29802 29802 E Application: 	at android.os.Looper.loop(Looper.java:148)
08-06 05:56:13.773 29802 29802 E Application: 	at android.app.ActivityThread.main(ActivityThread.java:5417)
08-06 05:56:13.773 29802 29802 E Application: 	at java.lang.reflect.Method.invoke(Native Method)
08-06 05:56:13.773 29802 29802 E Application: 	at com.android.internal.os.ZygoteInit$MethodAndArgsCaller.run(ZygoteInit.java:726)
08-06 05:56:13.773 29802 29802 E Application: 	at com.android.internal.os.ZygoteInit.main(ZygoteInit.java:616)
08-06 05:56:13.775 29802 29802 I Application: API level: 23
08-06 05:56:13.775 29802 29802 I Application: API level name: M
08-06 05:56:13.776 29802 29802 I Application: Target API level: 29
08-06 05:56:13.776 29802 29802 I Application: Git commit hash: d26bf1fa
08-06 05:56:13.776 29802 29802 I Application: Git branch: master
08-06 05:56:13.776 29802 29802 I Application: Build type: Debug
08-06 05:56:13.778 29802 29802 I Application: Build keys: Release
08-06 05:56:13.779 29802 29802 I Application: Version code: 21
08-06 05:56:13.779 29802 29802 I Application: Version name: 2.5
08-06 05:56:13.779 29802 29802 I Application: Build date: 22:30 03/08/20
08-06 05:56:13.781 29802 29802 I Application: Package update date: 23:40 05/08/20
08-06 05:56:13.782 29802 29802 I SettingsManager: Getting int: launchCount
08-06 05:56:13.782 29802 29802 I SettingsManager: Setting int: launchCount
08-06 05:56:13.789   918  3359 W BackupManagerService: dataChanged but no participant pkg='baseline.com.ak.uobtimetable' uid=10710
08-06 05:56:13.789 29802 29802 I Application: Launch count: 1
08-06 05:56:13.790 14692 14692 I Finsky  : [1] xle.a(34): Cancelling existing jobscheduler jobs: 9009 9004 9002 9010 9000 9007 9006 9003 9008 9005 
08-06 05:56:13.791 14692 14692 I Finsky  : [1] xle.a(27): Scheduling job Id: 9001, L: 0, D: 54837166, C: false, I: true, N: 0
08-06 05:56:13.791 29802 29802 I Application: Network: TYPE_WIFI
08-06 05:56:13.791 29802 29802 I Application: Tablet layout: false
08-06 05:56:13.793 14692 14692 I Finsky  : [1] xle.a(27): Scheduling job Id: 9011, L: 14455, D: 58179158, C: false, I: false, N: 1
08-06 05:56:13.795 14692 14692 I Finsky  : [1] xle.a(27): Scheduling job Id: 9012, L: 0, D: 76315665, C: false, I: true, N: 2
08-06 05:56:13.802 14692 14692 I Finsky  : [1] xle.a(27): Scheduling job Id: 9013, L: 0, D: 76315738, C: true, I: true, N: 2
08-06 05:56:13.803 14692 14692 I Finsky  : [1] xle.a(27): Scheduling job Id: 9014, L: 19627059, D: 20527059, C: false, I: false, N: 0
08-06 05:56:13.805 14692 14692 I Finsky  : [1] xle.a(27): Scheduling job Id: 9015, L: 0, D: 54837166, C: false, I: true, N: 0
08-06 05:56:13.807 14692 14692 I Finsky  : [1] xle.a(27): Scheduling job Id: 9016, L: 14455, D: 58179158, C: false, I: false, N: 1
08-06 05:56:13.808 16458  6583 I PBSessionCacheImpl: Deleted sessionId[72384646105454640] from persistence.
08-06 05:56:13.809 14692 14692 I Finsky  : [1] xle.a(27): Scheduling job Id: 9017, L: 0, D: 76315665, C: false, I: true, N: 2
08-06 05:56:13.810 29802 29802 W art     : Before Android 4.1, method android.graphics.PorterDuffColorFilter androidx.vectordrawable.graphics.drawable.VectorDrawableCompat.updateTintFilter(android.graphics.PorterDuffColorFilter, android.content.res.ColorStateList, android.graphics.PorterDuff$Mode) would have incorrectly overridden the package-private method in android.graphics.drawable.Drawable
08-06 05:56:13.812 16458 16488 W SearchServiceCore: Abort, client detached.
08-06 05:56:13.812 16458 16488 I MicroDetectionState: Should stop hotword detection immediately - true
08-06 05:56:13.820 14692 14692 I Finsky  : [1] xle.a(27): Scheduling job Id: 9018, L: 0, D: 76315738, C: true, I: true, N: 2
08-06 05:56:13.821 14692 14692 I Finsky  : [1] xle.a(27): Scheduling job Id: 9019, L: 19627059, D: 20527059, C: false, I: false, N: 0
08-06 05:56:13.823 29802 29802 I art     : Rejecting re-init on previously-failed class java.lang.Class<androidx.core.view.ViewCompat$OnUnhandledKeyEventListenerWrapper>
08-06 05:56:13.823 29802 29802 I art     : Rejecting re-init on previously-failed class java.lang.Class<androidx.core.view.ViewCompat$OnUnhandledKeyEventListenerWrapper>
08-06 05:56:13.832 24577  7410 W Icing   : No valid account for uploading user actions
08-06 05:56:13.858 24577 13294 I Icing   : IndexChimeraService.getServiceInterface callingPackage=com.google.android.gms componentName=null serviceId=30
08-06 05:56:13.880 29802 29802 D MainActivity: onCreate
08-06 05:56:13.880 29802 29802 I SettingsManager: Getting string: savedSessions
08-06 05:56:13.880 29802 29802 I Settings: No saved sessions
08-06 05:56:13.907 24577  7410 I Icing   : Usage reports ok 2, Failed Usage reports 0, indexed 0, rejected 0
08-06 05:56:13.909 29802 29802 I SettingsManager: Getting string: savedCourse
08-06 05:56:13.911 24577  7410 W Icing   : No valid account for uploading user actions
08-06 05:56:13.927   918  5952 I ActivityManager: START u0 {flg=0x14000000 cmp=baseline.com.ak.uobtimetable/.WelcomeActivity} from uid 10710 on display 0
08-06 05:56:13.928 24577  7410 I Icing   : Usage reports ok 0, Failed Usage reports 0, indexed 0, rejected 0
08-06 05:56:13.929 24577  7410 I Icing   : Indexing com.google.android.gms-internal.3p:MobileApplication from com.google.android.gms using seqno 763
08-06 05:56:13.931 24577  7410 I Icing   : Indexing com.google.android.gms-internal.3p:MobileApplication from com.google.android.gms using seqno 763
08-06 05:56:13.941 29802 29802 D MainActivity: OnResume
08-06 05:56:13.947 29802 29817 D OpenGLRenderer: Use EGL_SWAP_BEHAVIOR_PRESERVED: true
08-06 05:56:13.955 29802 29802 D MainActivity: OnPause
08-06 05:56:13.960 24577 13294 I Icing   : IndexChimeraService.getServiceInterface callingPackage=com.google.android.gms componentName=null serviceId=36
08-06 05:56:13.965 24577  7410 W Icing   : No valid account for uploading user actions
08-06 05:56:14.008 24577  7410 I Icing   : Usage reports ok 1, Failed Usage reports 0, indexed 0, rejected 0
08-06 05:56:14.069 29802 29817 I Adreno  : QUALCOMM build                   : fcf4852, I1af360237c
08-06 05:56:14.069 29802 29817 I Adreno  : Build Date                       : 09/23/15
08-06 05:56:14.069 29802 29817 I Adreno  : OpenGL ES Shader Compiler Version: XE031.05.13.02
08-06 05:56:14.069 29802 29817 I Adreno  : Local Branch                     : mybranch14465806
08-06 05:56:14.069 29802 29817 I Adreno  : Remote Branch                    : quic/LA.BF64.1.2.9_v2
08-06 05:56:14.069 29802 29817 I Adreno  : Remote Branch                    : NONE
08-06 05:56:14.069 29802 29817 I Adreno  : Reconstruct Branch               : NOTHING
08-06 05:56:14.074 29802 29817 I OpenGLRenderer: Initialized EGL, version 1.4
08-06 05:56:14.263   918   936 I ActivityManager: Displayed baseline.com.ak.uobtimetable/.WelcomeActivity: +306ms (total +553ms)
08-06 05:56:14.267 13866 13866 I GoogleInputMethodServic: GoogleInputMethodService.onFinishInput():3138 
08-06 05:56:14.269 13866 13866 I GoogleInputMethodServic: GoogleInputMethodService.onStartInput():1808 
08-06 05:56:14.528 29802 29802 D MainActivity: Saving state
08-06 05:56:14.912 24577  7410 I Icing   : Indexing com.google.android.gms-apps from com.google.android.gms
08-06 05:56:15.015 24577  7410 I Icing   : Indexing done com.google.android.gms-apps
08-06 05:56:15.367 29835 29835 D AndroidRuntime: >>>>>> START com.android.internal.os.RuntimeInit uid 2000 <<<<<<
08-06 05:56:15.373 29835 29835 D AndroidRuntime: CheckJNI is OFF
08-06 05:56:15.400 29835 29835 D ICU     : No timezone override file found: /data/misc/zoneinfo/current/icu/icu_tzdata.dat
08-06 05:56:15.435 29835 29835 I Radio-JNI: register_android_hardware_Radio DONE
08-06 05:56:15.453 29835 29835 D AndroidRuntime: Calling main entry com.android.commands.am.Am
08-06 05:56:15.466  3167  3167 I Trepn   : Trepn 6.2s: Received intent: com.quicinc.trepn.start_profiling
08-06 05:56:15.587  3167  3167 W FileUtils: Failed to chmod(/storage/emulated/0/trepn/Trepn_2020.08.06_055615.db): android.system.ErrnoException: chmod failed: EPERM (Operation not permitted)
08-06 05:56:15.705  3167  3167 I Trepn   : Trepn 6.2s: Trepn has Started Profiling.
08-06 05:56:15.707 29835 29835 D AndroidRuntime: Shutting down VM
08-06 05:56:16.147 29802 29813 I art     : Starting a blocking GC Explicit
08-06 05:56:16.182 29802 29813 I art     : Explicit concurrent mark sweep GC freed 20662(1808KB) AllocSpace objects, 3(1360KB) LOS objects, 40% free, 21MB/36MB, paused 181us total 34.447ms
08-06 05:56:16.191 29802 29813 I art     : Starting a blocking GC Explicit
08-06 05:56:16.201 29802 29813 I art     : Explicit concurrent mark sweep GC freed 582(26KB) AllocSpace objects, 0(0B) LOS objects, 40% free, 21MB/36MB, paused 97us total 10.038ms
08-06 05:56:16.207 29802 29813 I art     : Starting a blocking GC Explicit
08-06 05:56:16.217 29802 29813 I art     : Explicit concurrent mark sweep GC freed 3(96B) AllocSpace objects, 0(0B) LOS objects, 40% free, 21MB/36MB, paused 96us total 10.031ms
08-06 05:56:16.221   918  3261 D WifiStateMachine: starting scan for "H369AA63323"WPA_PSK with 2412,5180
08-06 05:56:16.223 29802 29813 I art     : Starting a blocking GC Explicit
08-06 05:56:16.233 29802 29813 I art     : Explicit concurrent mark sweep GC freed 3(96B) AllocSpace objects, 0(0B) LOS objects, 40% free, 21MB/36MB, paused 85us total 10.356ms
08-06 05:56:16.240 29802 29813 I art     : Starting a blocking GC Explicit
08-06 05:56:16.250 29802 29813 I art     : Explicit concurrent mark sweep GC freed 3(96B) AllocSpace objects, 0(0B) LOS objects, 40% free, 21MB/36MB, paused 92us total 10.001ms
08-06 05:56:16.523 29802 29814 I art     : Starting a blocking GC Explicit
08-06 05:56:16.539 29802 29814 I art     : Explicit concurrent mark sweep GC freed 1272(74KB) AllocSpace objects, 1(20KB) LOS objects, 40% free, 21MB/36MB, paused 133us total 15.501ms
08-06 05:56:16.549 29802 29814 I art     : Starting a blocking GC Explicit
08-06 05:56:16.562 29802 29814 I art     : Explicit concurrent mark sweep GC freed 18(624B) AllocSpace objects, 0(0B) LOS objects, 40% free, 21MB/36MB, paused 121us total 12.680ms
08-06 05:56:16.571 29802 29814 I art     : Starting a blocking GC Explicit
08-06 05:56:16.583 29802 29814 I art     : Explicit concurrent mark sweep GC freed 3(96B) AllocSpace objects, 0(0B) LOS objects, 40% free, 21MB/36MB, paused 99us total 12.014ms
08-06 05:56:16.589 29802 29814 I art     : Starting a blocking GC Explicit
08-06 05:56:16.600 29802 29814 I art     : Explicit concurrent mark sweep GC freed 3(96B) AllocSpace objects, 0(0B) LOS objects, 40% free, 21MB/36MB, paused 95us total 10.337ms
08-06 05:56:16.606 29802 29814 I art     : Starting a blocking GC Explicit
08-06 05:56:16.616 29802 29814 I art     : Explicit concurrent mark sweep GC freed 3(96B) AllocSpace objects, 0(0B) LOS objects, 40% free, 21MB/36MB, paused 98us total 10.365ms
08-06 05:56:16.884 29802 29813 I art     : Starting a blocking GC Explicit
08-06 05:56:16.896 29802 29813 I art     : Explicit concurrent mark sweep GC freed 1271(74KB) AllocSpace objects, 1(20KB) LOS objects, 40% free, 21MB/36MB, paused 120us total 12.583ms
08-06 05:56:16.903 29802 29813 I art     : Starting a blocking GC Explicit
08-06 05:56:16.914 29802 29813 I art     : Explicit concurrent mark sweep GC freed 18(624B) AllocSpace objects, 0(0B) LOS objects, 40% free, 21MB/36MB, paused 98us total 10.530ms
08-06 05:56:16.920 29802 29813 I art     : Starting a blocking GC Explicit
08-06 05:56:16.930 29802 29813 I art     : Explicit concurrent mark sweep GC freed 3(96B) AllocSpace objects, 0(0B) LOS objects, 40% free, 21MB/36MB, paused 98us total 10.247ms
08-06 05:56:16.937 29802 29813 I art     : Starting a blocking GC Explicit
08-06 05:56:16.947 29802 29813 I art     : Explicit concurrent mark sweep GC freed 3(96B) AllocSpace objects, 0(0B) LOS objects, 40% free, 21MB/36MB, paused 97us total 10.334ms
08-06 05:56:16.953 29802 29813 I art     : Starting a blocking GC Explicit
08-06 05:56:16.963 29802 29813 I art     : Explicit concurrent mark sweep GC freed 3(96B) AllocSpace objects, 0(0B) LOS objects, 40% free, 21MB/36MB, paused 92us total 9.738ms
08-06 05:56:17.247 29802 29814 I art     : Starting a blocking GC Explicit
08-06 05:56:17.262 29802 29814 I art     : Explicit concurrent mark sweep GC freed 1268(74KB) AllocSpace objects, 1(20KB) LOS objects, 40% free, 21MB/36MB, paused 131us total 14.586ms
08-06 05:56:17.271 29802 29814 I art     : Starting a blocking GC Explicit
08-06 05:56:17.281 29802 29814 I art     : Explicit concurrent mark sweep GC freed 18(624B) AllocSpace objects, 0(0B) LOS objects, 40% free, 21MB/36MB, paused 104us total 10.509ms
08-06 05:56:17.287 29802 29814 I art     : Starting a blocking GC Explicit
08-06 05:56:17.298 29802 29814 I art     : Explicit concurrent mark sweep GC freed 3(96B) AllocSpace objects, 0(0B) LOS objects, 40% free, 21MB/36MB, paused 102us total 10.149ms
08-06 05:56:17.304 29802 29814 I art     : Starting a blocking GC Explicit
08-06 05:56:17.314 29802 29814 I art     : Explicit concurrent mark sweep GC freed 3(96B) AllocSpace objects, 0(0B) LOS objects, 40% free, 21MB/36MB, paused 93us total 9.980ms
08-06 05:56:17.320 29802 29814 I art     : Starting a blocking GC Explicit
08-06 05:56:17.330 29802 29814 I art     : Explicit concurrent mark sweep GC freed 3(96B) AllocSpace objects, 0(0B) LOS objects, 40% free, 21MB/36MB, paused 95us total 9.693ms
08-06 05:56:17.616 29802 29813 I art     : Starting a blocking GC Explicit
08-06 05:56:17.631 29802 29813 I art     : Explicit concurrent mark sweep GC freed 1268(74KB) AllocSpace objects, 1(20KB) LOS objects, 40% free, 21MB/36MB, paused 123us total 14.911ms
08-06 05:56:17.641 29802 29813 I art     : Starting a blocking GC Explicit
08-06 05:56:17.652 29802 29813 I art     : Explicit concurrent mark sweep GC freed 18(624B) AllocSpace objects, 0(0B) LOS objects, 40% free, 21MB/36MB, paused 101us total 10.821ms
08-06 05:56:17.658 29802 29813 I art     : Starting a blocking GC Explicit
08-06 05:56:17.668 29802 29813 I art     : Explicit concurrent mark sweep GC freed 3(96B) AllocSpace objects, 0(0B) LOS objects, 40% free, 21MB/36MB, paused 87us total 10.221ms
08-06 05:56:17.675 29802 29813 I art     : Starting a blocking GC Explicit
08-06 05:56:17.685 29802 29813 I art     : Explicit concurrent mark sweep GC freed 3(96B) AllocSpace objects, 0(0B) LOS objects, 40% free, 21MB/36MB, paused 88us total 10.410ms
08-06 05:56:17.691 29802 29813 I art     : Starting a blocking GC Explicit
08-06 05:56:17.701 29802 29813 I art     : Explicit concurrent mark sweep GC freed 3(96B) AllocSpace objects, 0(0B) LOS objects, 40% free, 21MB/36MB, paused 90us total 10.097ms
08-06 05:56:17.993 29802 29814 I art     : Starting a blocking GC Explicit
08-06 05:56:18.008 29802 29814 I art     : Explicit concurrent mark sweep GC freed 1268(74KB) AllocSpace objects, 1(20KB) LOS objects, 40% free, 21MB/36MB, paused 120us total 14.725ms
08-06 05:56:18.018 29802 29814 I art     : Starting a blocking GC Explicit
08-06 05:56:18.029 29802 29814 I art     : Explicit concurrent mark sweep GC freed 18(624B) AllocSpace objects, 0(0B) LOS objects, 40% free, 21MB/36MB, paused 100us total 10.910ms
08-06 05:56:18.035 29802 29814 I art     : Starting a blocking GC Explicit
08-06 05:56:18.046 29802 29814 I art     : Explicit concurrent mark sweep GC freed 3(96B) AllocSpace objects, 0(0B) LOS objects, 40% free, 21MB/36MB, paused 103us total 10.325ms
08-06 05:56:18.052 29802 29814 I art     : Starting a blocking GC Explicit
08-06 05:56:18.062 29802 29814 I art     : Explicit concurrent mark sweep GC freed 3(96B) AllocSpace objects, 0(0B) LOS objects, 40% free, 21MB/36MB, paused 100us total 10.243ms
08-06 05:56:18.068 29802 29814 I art     : Starting a blocking GC Explicit
08-06 05:56:18.078 29802 29814 I art     : Explicit concurrent mark sweep GC freed 3(96B) AllocSpace objects, 0(0B) LOS objects, 40% free, 21MB/36MB, paused 95us total 9.524ms
08-06 05:56:18.384 29802 29813 I art     : Starting a blocking GC Explicit
08-06 05:56:18.397 29802 29813 I art     : Explicit concurrent mark sweep GC freed 1268(74KB) AllocSpace objects, 1(20KB) LOS objects, 40% free, 21MB/36MB, paused 131us total 13.015ms
08-06 05:56:18.407 29802 29813 I art     : Starting a blocking GC Explicit
08-06 05:56:18.420 29802 29813 I art     : Explicit concurrent mark sweep GC freed 18(624B) AllocSpace objects, 0(0B) LOS objects, 40% free, 21MB/36MB, paused 100us total 12.152ms
08-06 05:56:18.426 29802 29813 I art     : Starting a blocking GC Explicit
08-06 05:56:18.437 29802 29813 I art     : Explicit concurrent mark sweep GC freed 3(96B) AllocSpace objects, 0(0B) LOS objects, 40% free, 21MB/36MB, paused 106us total 10.423ms
08-06 05:56:18.443 29802 29813 I art     : Starting a blocking GC Explicit
08-06 05:56:18.453 29802 29813 I art     : Explicit concurrent mark sweep GC freed 3(96B) AllocSpace objects, 0(0B) LOS objects, 40% free, 21MB/36MB, paused 94us total 10.086ms
08-06 05:56:18.460 29802 29813 I art     : Starting a blocking GC Explicit
08-06 05:56:18.470 29802 29813 I art     : Explicit concurrent mark sweep GC freed 3(96B) AllocSpace objects, 0(0B) LOS objects, 40% free, 21MB/36MB, paused 94us total 9.878ms
08-06 05:56:18.788 29802 29814 I art     : Starting a blocking GC Explicit
08-06 05:56:18.804 29802 29814 I art     : Explicit concurrent mark sweep GC freed 1268(74KB) AllocSpace objects, 1(20KB) LOS objects, 40% free, 21MB/36MB, paused 132us total 15.944ms
08-06 05:56:18.814 29802 29814 I art     : Starting a blocking GC Explicit
08-06 05:56:18.827 29802 29814 I art     : Explicit concurrent mark sweep GC freed 18(624B) AllocSpace objects, 0(0B) LOS objects, 40% free, 21MB/36MB, paused 124us total 13.025ms
08-06 05:56:18.836 29802 29814 I art     : Starting a blocking GC Explicit
08-06 05:56:18.847 29802 29814 I art     : Explicit concurrent mark sweep GC freed 3(96B) AllocSpace objects, 0(0B) LOS objects, 40% free, 21MB/36MB, paused 161us total 9.916ms
08-06 05:56:18.852 29802 29814 I art     : Starting a blocking GC Explicit
08-06 05:56:18.863 29802 29814 I art     : Explicit concurrent mark sweep GC freed 3(96B) AllocSpace objects, 0(0B) LOS objects, 40% free, 21MB/36MB, paused 96us total 10.083ms
08-06 05:56:18.869 29802 29814 I art     : Starting a blocking GC Explicit
08-06 05:56:18.879 29802 29814 I art     : Explicit concurrent mark sweep GC freed 3(96B) AllocSpace objects, 0(0B) LOS objects, 40% free, 21MB/36MB, paused 95us total 10.325ms
08-06 05:56:19.176 29802 29813 I art     : Starting a blocking GC Explicit
08-06 05:56:19.191 29802 29813 I art     : Explicit concurrent mark sweep GC freed 1268(74KB) AllocSpace objects, 1(20KB) LOS objects, 40% free, 21MB/36MB, paused 119us total 14.683ms
08-06 05:56:19.203 29802 29813 I art     : Starting a blocking GC Explicit
08-06 05:56:19.216 29802 29813 I art     : Explicit concurrent mark sweep GC freed 18(624B) AllocSpace objects, 0(0B) LOS objects, 40% free, 21MB/36MB, paused 118us total 12.506ms
08-06 05:56:19.225 29802 29813 I art     : Starting a blocking GC Explicit
08-06 05:56:19.235 29802 29813 I art     : Explicit concurrent mark sweep GC freed 3(96B) AllocSpace objects, 0(0B) LOS objects, 40% free, 21MB/36MB, paused 92us total 9.850ms
08-06 05:56:19.241 29802 29813 I art     : Starting a blocking GC Explicit
08-06 05:56:19.251 29802 29813 I art     : Explicit concurrent mark sweep GC freed 3(96B) AllocSpace objects, 0(0B) LOS objects, 40% free, 21MB/36MB, paused 86us total 9.583ms
08-06 05:56:19.256 29802 29813 I art     : Starting a blocking GC Explicit
08-06 05:56:19.266 29802 29813 I art     : Explicit concurrent mark sweep GC freed 3(96B) AllocSpace objects, 0(0B) LOS objects, 40% free, 21MB/36MB, paused 89us total 9.751ms
08-06 05:56:19.560 29802 29814 I art     : Starting a blocking GC Explicit
08-06 05:56:19.572 29802 29814 I art     : Explicit concurrent mark sweep GC freed 1268(74KB) AllocSpace objects, 1(20KB) LOS objects, 40% free, 21MB/36MB, paused 105us total 12.393ms
08-06 05:56:19.578 29802 29814 I art     : Starting a blocking GC Explicit
08-06 05:56:19.589 29802 29814 I art     : Explicit concurrent mark sweep GC freed 18(624B) AllocSpace objects, 0(0B) LOS objects, 40% free, 21MB/36MB, paused 92us total 10.079ms
08-06 05:56:19.594 29802 29814 I art     : Starting a blocking GC Explicit
08-06 05:56:19.603 29802 29814 I art     : Explicit concurrent mark sweep GC freed 3(96B) AllocSpace objects, 0(0B) LOS objects, 40% free, 21MB/36MB, paused 93us total 9.082ms
08-06 05:56:19.610 29802 29814 I art     : Starting a blocking GC Explicit
08-06 05:56:19.618 29802 29814 I art     : Explicit concurrent mark sweep GC freed 3(96B) AllocSpace objects, 0(0B) LOS objects, 40% free, 21MB/36MB, paused 84us total 8.346ms
08-06 05:56:19.623 29802 29814 I art     : Starting a blocking GC Explicit
08-06 05:56:19.632 29802 29814 I art     : Explicit concurrent mark sweep GC freed 3(96B) AllocSpace objects, 0(0B) LOS objects, 40% free, 21MB/36MB, paused 85us total 8.321ms
08-06 05:56:19.889 29802 29813 I art     : Starting a blocking GC Explicit
08-06 05:56:19.904 29802 29813 I art     : Explicit concurrent mark sweep GC freed 1268(74KB) AllocSpace objects, 1(20KB) LOS objects, 40% free, 21MB/36MB, paused 131us total 14.739ms
08-06 05:56:19.914 29802 29813 I art     : Starting a blocking GC Explicit
08-06 05:56:19.925 29802 29813 I art     : Explicit concurrent mark sweep GC freed 18(624B) AllocSpace objects, 0(0B) LOS objects, 40% free, 21MB/36MB, paused 102us total 11.225ms
08-06 05:56:19.932 29802 29813 I art     : Starting a blocking GC Explicit
08-06 05:56:19.942 29802 29813 I art     : Explicit concurrent mark sweep GC freed 3(96B) AllocSpace objects, 0(0B) LOS objects, 40% free, 21MB/36MB, paused 94us total 10.396ms
08-06 05:56:19.948 29802 29813 I art     : Starting a blocking GC Explicit
08-06 05:56:19.958 29802 29813 I art     : Explicit concurrent mark sweep GC freed 3(96B) AllocSpace objects, 0(0B) LOS objects, 40% free, 21MB/36MB, paused 91us total 9.932ms
08-06 05:56:19.964 29802 29813 I art     : Starting a blocking GC Explicit
08-06 05:56:19.974 29802 29813 I art     : Explicit concurrent mark sweep GC freed 3(96B) AllocSpace objects, 0(0B) LOS objects, 40% free, 21MB/36MB, paused 89us total 10.089ms
08-06 05:56:20.276 29802 29814 I art     : Starting a blocking GC Explicit
08-06 05:56:20.291 29802 29814 I art     : Explicit concurrent mark sweep GC freed 1268(74KB) AllocSpace objects, 1(20KB) LOS objects, 40% free, 21MB/36MB, paused 134us total 14.964ms
08-06 05:56:20.301 29802 29814 I art     : Starting a blocking GC Explicit
08-06 05:56:20.312 29802 29814 I art     : Explicit concurrent mark sweep GC freed 18(624B) AllocSpace objects, 0(0B) LOS objects, 40% free, 21MB/36MB, paused 110us total 11.005ms
08-06 05:56:20.319 29802 29814 I art     : Starting a blocking GC Explicit
08-06 05:56:20.329 29802 29814 I art     : Explicit concurrent mark sweep GC freed 3(96B) AllocSpace objects, 0(0B) LOS objects, 40% free, 21MB/36MB, paused 101us total 10.259ms
08-06 05:56:20.335 29802 29814 I art     : Starting a blocking GC Explicit
08-06 05:56:20.346 29802 29814 I art     : Explicit concurrent mark sweep GC freed 3(96B) AllocSpace objects, 0(0B) LOS objects, 40% free, 21MB/36MB, paused 95us total 10.045ms
08-06 05:56:20.351 29802 29814 I art     : Starting a blocking GC Explicit
08-06 05:56:20.361 29802 29814 I art     : Explicit concurrent mark sweep GC freed 3(96B) AllocSpace objects, 0(0B) LOS objects, 40% free, 21MB/36MB, paused 90us total 9.668ms
08-06 05:56:20.604 29802 29813 I art     : Starting a blocking GC Explicit
08-06 05:56:20.614 29802 29813 I art     : Explicit concurrent mark sweep GC freed 1268(74KB) AllocSpace objects, 1(20KB) LOS objects, 40% free, 21MB/36MB, paused 103us total 10.225ms
08-06 05:56:20.620 29802 29813 I art     : Starting a blocking GC Explicit
08-06 05:56:20.630 29802 29813 I art     : Explicit concurrent mark sweep GC freed 18(624B) AllocSpace objects, 0(0B) LOS objects, 40% free, 21MB/36MB, paused 87us total 10.030ms
08-06 05:56:20.636 29802 29813 I art     : Starting a blocking GC Explicit
08-06 05:56:20.645 29802 29813 I art     : Explicit concurrent mark sweep GC freed 3(96B) AllocSpace objects, 0(0B) LOS objects, 40% free, 21MB/36MB, paused 89us total 9.380ms
08-06 05:56:20.651 29802 29813 I art     : Starting a blocking GC Explicit
08-06 05:56:20.660 29802 29813 I art     : Explicit concurrent mark sweep GC freed 3(96B) AllocSpace objects, 0(0B) LOS objects, 40% free, 21MB/36MB, paused 92us total 9.184ms
08-06 05:56:20.666 29802 29813 I art     : Starting a blocking GC Explicit
08-06 05:56:20.676 29802 29813 I art     : Explicit concurrent mark sweep GC freed 3(96B) AllocSpace objects, 0(0B) LOS objects, 40% free, 21MB/36MB, paused 91us total 9.512ms
08-06 05:56:20.824 29985 29985 D AndroidRuntime: >>>>>> START com.android.internal.os.RuntimeInit uid 2000 <<<<<<
08-06 05:56:20.829 29985 29985 D AndroidRuntime: CheckJNI is OFF
08-06 05:56:20.854 29985 29985 D ICU     : No timezone override file found: /data/misc/zoneinfo/current/icu/icu_tzdata.dat
08-06 05:56:20.879 29985 29985 I Radio-JNI: register_android_hardware_Radio DONE
08-06 05:56:20.894 29985 29985 D AndroidRuntime: Calling main entry com.android.commands.input.Input
08-06 05:56:20.896 29985 29985 I Input   : injectMotionEvent: MotionEvent { action=ACTION_DOWN, actionButton=0, id[0]=0, x[0]=711.0, y[0]=1664.0, toolType[0]=TOOL_TYPE_UNKNOWN, buttonState=0, metaState=0, flags=0x0, edgeFlags=0x0, pointerCount=1, historySize=0, eventTime=856597309, downTime=856597309, deviceId=0, source=0x1002 }
08-06 05:56:20.901 29985 29985 I Input   : injectMotionEvent: MotionEvent { action=ACTION_UP, actionButton=0, id[0]=0, x[0]=711.0, y[0]=1664.0, toolType[0]=TOOL_TYPE_UNKNOWN, buttonState=0, metaState=0, flags=0x0, edgeFlags=0x0, pointerCount=1, historySize=0, eventTime=856597309, downTime=856597309, deviceId=0, source=0x1002 }
08-06 05:56:20.902 29985 29985 D AndroidRuntime: Shutting down VM
08-06 05:56:20.909   918  5132 I ActivityManager: START u0 {flg=0x14000000 cmp=baseline.com.ak.uobtimetable/.CourseListActivity} from uid 10710 on display 0
08-06 05:56:20.910   512  2967 D audio_hw_primary: out_set_parameters: enter: usecase(1: low-latency-playback) kvpairs: routing=2
08-06 05:56:20.922   512  2967 D audio_hw_primary: select_devices: out_snd_device(2: speaker) in_snd_device(0: none)
08-06 05:56:20.923   512  2967 D msm8974_platform: platform_send_audio_calibration: sending audio calibration for snd_device(2) acdb_id(15)
08-06 05:56:20.924   512  2967 I soundtrigger: audio_extn_sound_trigger_update_device_status: device 0x2 of type 0 for Event 1
08-06 05:56:20.933   512  2967 D audio_hw_primary: enable_snd_device: snd_device(2: speaker)
08-06 05:56:20.935   512  2967 D audio_hw_primary: enable_audio_route: apply and update mixer path: low-latency-playback speaker
08-06 05:56:20.948 29802 29802 D CourseListActivity: onCreate
08-06 05:56:20.954 29802 29813 I art     : Starting a blocking GC Explicit
08-06 05:56:20.971 29802 29813 I art     : Explicit concurrent mark sweep GC freed 3968(301KB) AllocSpace objects, 1(20KB) LOS objects, 40% free, 22MB/36MB, paused 1.501ms total 16.818ms
08-06 05:56:20.977 29802 30017 D HTTP    : Request for: https://uob-timetable-api.adriankeenan.co.uk/courses
08-06 05:56:20.977 29802 29813 I art     : Starting a blocking GC Explicit
08-06 05:56:20.989 29802 29813 I art     : Explicit concurrent mark sweep GC freed 922(75KB) AllocSpace objects, 0(0B) LOS objects, 40% free, 22MB/36MB, paused 402us total 11.862ms
08-06 05:56:20.995 29802 29813 I art     : Starting a blocking GC Explicit
08-06 05:56:21.005 29802 29813 I art     : Explicit concurrent mark sweep GC freed 141(14KB) AllocSpace objects, 0(0B) LOS objects, 40% free, 22MB/36MB, paused 230us total 10.304ms
08-06 05:56:21.011 29802 29813 I art     : Starting a blocking GC Explicit
08-06 05:56:21.023 29802 29813 I art     : Explicit concurrent mark sweep GC freed 116(4KB) AllocSpace objects, 0(0B) LOS objects, 40% free, 22MB/37MB, paused 177us total 11.549ms
08-06 05:56:21.028 29802 29813 I art     : Starting a blocking GC Explicit
08-06 05:56:21.040 13866 13866 I GoogleInputMethodServic: GoogleInputMethodService.onFinishInput():3138 
08-06 05:56:21.040   918   936 I ActivityManager: Displayed baseline.com.ak.uobtimetable/.CourseListActivity: +120ms
08-06 05:56:21.040 29802 29813 I art     : Explicit concurrent mark sweep GC freed 32(1136B) AllocSpace objects, 0(0B) LOS objects, 40% free, 22MB/37MB, paused 230us total 11.955ms
08-06 05:56:21.041 13866 13866 I GoogleInputMethodServic: GoogleInputMethodService.onStartInput():1808 
08-06 05:56:21.054 29802 29817 D OpenGLRenderer: endAllStagingAnimators on 0x7f949d3800 (RippleDrawable) with handle 0x7f9a1debe0
08-06 05:56:21.307 29802 29814 I art     : Starting a blocking GC Explicit
08-06 05:56:21.325 29802 29814 I art     : Explicit concurrent mark sweep GC freed 1506(93KB) AllocSpace objects, 1(20KB) LOS objects, 40% free, 22MB/37MB, paused 153us total 17.109ms
08-06 05:56:21.331 29802 29814 I art     : Starting a blocking GC Explicit
08-06 05:56:21.342 29802 29814 I art     : Explicit concurrent mark sweep GC freed 33(1120B) AllocSpace objects, 0(0B) LOS objects, 40% free, 22MB/37MB, paused 145us total 11.191ms
08-06 05:56:21.348 29802 29814 I art     : Starting a blocking GC Explicit
08-06 05:56:21.359 29802 29814 I art     : Explicit concurrent mark sweep GC freed 4(128B) AllocSpace objects, 0(0B) LOS objects, 40% free, 22MB/37MB, paused 131us total 10.209ms
08-06 05:56:21.364 29802 29814 I art     : Starting a blocking GC Explicit
08-06 05:56:21.376 29802 29814 I art     : Explicit concurrent mark sweep GC freed 4(128B) AllocSpace objects, 0(0B) LOS objects, 40% free, 22MB/37MB, paused 139us total 11.062ms
08-06 05:56:21.382 29802 29814 I art     : Starting a blocking GC Explicit
08-06 05:56:21.393 29802 29814 I art     : Explicit concurrent mark sweep GC freed 539(51KB) AllocSpace objects, 0(0B) LOS objects, 40% free, 22MB/37MB, paused 185us total 11.161ms
08-06 05:56:21.468   512  2967 D audio_hw_primary: disable_audio_route: reset and update mixer path: low-latency-playback speaker
08-06 05:56:21.469   512  2967 D audio_hw_primary: disable_snd_device: snd_device(2: speaker)
08-06 05:56:21.476   512  2967 I soundtrigger: audio_extn_sound_trigger_update_device_status: device 0x2 of type 0 for Event 0
08-06 05:56:21.481 29802 30017 I NAPPA_EXPERIMENTATION: MetricNetworkRequestExecutionTime: REQUEST_DURATION_SYSTEM='500',REQUEST_DURATION_OKHTTP='42',REQUEST_SYNCHRONOUS='TRUE',RESPONSE_CODE='200',RESPONSE_METHOD='GET',RESPONSE_LENGTH_OKHTTP='-1',RESPONSE_LENGTH_HEADER='-2',REQUEST_PROTOCOL='http/1.1',REQUEST_URL='https://uob-timetable-api.adriankeenan.co.uk/courses',
08-06 05:56:21.652 29802 29813 I art     : Waiting for a blocking GC Explicit
08-06 05:56:21.655 29802 29813 I art     : Starting a blocking GC Explicit
08-06 05:56:21.667 29802 29813 I art     : Explicit concurrent mark sweep GC freed 38(13KB) AllocSpace objects, 0(0B) LOS objects, 26% free, 44MB/60MB, paused 175us total 12.194ms
08-06 05:56:21.673 29802 29813 I art     : Starting a blocking GC Explicit
08-06 05:56:21.685 29802 29813 I art     : Explicit concurrent mark sweep GC freed 18(704B) AllocSpace objects, 0(0B) LOS objects, 26% free, 44MB/60MB, paused 238us total 11.454ms
08-06 05:56:21.690 29802 29813 I art     : Starting a blocking GC Explicit
08-06 05:56:21.700 29802 29813 I art     : Explicit concurrent mark sweep GC freed 7(240B) AllocSpace objects, 0(0B) LOS objects, 26% free, 44MB/60MB, paused 227us total 10.029ms
08-06 05:56:21.706 29802 29813 I art     : Starting a blocking GC Explicit
08-06 05:56:21.716 29802 29813 I art     : Explicit concurrent mark sweep GC freed 11(416B) AllocSpace objects, 0(0B) LOS objects, 26% free, 44MB/60MB, paused 134us total 10.201ms
08-06 05:56:21.721 29802 29813 I art     : Starting a blocking GC Explicit
08-06 05:56:21.731 29802 29813 I art     : Explicit concurrent mark sweep GC freed 12(448B) AllocSpace objects, 0(0B) LOS objects, 26% free, 44MB/60MB, paused 136us total 9.990ms
08-06 05:56:21.840 29802 30017 I HTTP    : Response was compressed.
08-06 05:56:21.991 29802 30018 I art     : Starting a blocking GC Explicit
08-06 05:56:22.016 29802 30018 I art     : Explicit concurrent mark sweep GC freed 51892(2MB) AllocSpace objects, 0(0B) LOS objects, 29% free, 38MB/54MB, paused 280us total 24.470ms
08-06 05:56:22.029 29802 30018 I art     : Starting a blocking GC Explicit
08-06 05:56:22.047 29802 30018 I art     : Explicit concurrent mark sweep GC freed 18237(863KB) AllocSpace objects, 0(0B) LOS objects, 29% free, 38MB/54MB, paused 289us total 18.093ms
08-06 05:56:22.054 29802 30018 I art     : Starting a blocking GC Explicit
08-06 05:56:22.070 29802 30018 I art     : Explicit concurrent mark sweep GC freed 12950(604KB) AllocSpace objects, 0(0B) LOS objects, 29% free, 38MB/54MB, paused 339us total 15.419ms
08-06 05:56:22.076 29802 30018 I art     : Starting a blocking GC Explicit
08-06 05:56:22.090 29802 30018 I art     : Explicit concurrent mark sweep GC freed 11117(519KB) AllocSpace objects, 0(0B) LOS objects, 29% free, 38MB/54MB, paused 229us total 13.799ms
08-06 05:56:22.097 29802 30018 I art     : Starting a blocking GC Explicit
08-06 05:56:22.110 29802 30018 I art     : Explicit concurrent mark sweep GC freed 10840(511KB) AllocSpace objects, 0(0B) LOS objects, 29% free, 38MB/54MB, paused 243us total 13.504ms
08-06 05:56:22.384 29802 30018 I art     : Starting a blocking GC Explicit
08-06 05:56:22.415 29802 30018 I art     : Explicit concurrent mark sweep GC freed 159280(7MB) AllocSpace objects, 1(20KB) LOS objects, 28% free, 39MB/55MB, paused 330us total 30.701ms
08-06 05:56:22.423 29802 30018 I art     : Starting a blocking GC Explicit
08-06 05:56:22.441 29802 30018 I art     : Explicit concurrent mark sweep GC freed 17731(833KB) AllocSpace objects, 0(0B) LOS objects, 28% free, 39MB/55MB, paused 244us total 17.569ms
08-06 05:56:22.448 29802 30018 I art     : Starting a blocking GC Explicit
08-06 05:56:22.463 29802 30018 I art     : Explicit concurrent mark sweep GC freed 12244(577KB) AllocSpace objects, 0(0B) LOS objects, 28% free, 39MB/55MB, paused 242us total 15.322ms
08-06 05:56:22.470 29802 30018 I art     : Starting a blocking GC Explicit
08-06 05:56:22.487 29802 30018 I art     : Explicit concurrent mark sweep GC freed 11833(557KB) AllocSpace objects, 0(0B) LOS objects, 28% free, 40MB/56MB, paused 379us total 15.904ms
08-06 05:56:22.494 29802 30018 I art     : Starting a blocking GC Explicit
08-06 05:56:22.511 29802 30018 I art     : Explicit concurrent mark sweep GC freed 12290(583KB) AllocSpace objects, 0(0B) LOS objects, 28% free, 40MB/56MB, paused 339us total 16.303ms
08-06 05:56:22.759 29802 29813 I art     : Starting a blocking GC Explicit
08-06 05:56:22.795 29802 29813 I art     : Explicit concurrent mark sweep GC freed 150729(6MB) AllocSpace objects, 1(20KB) LOS objects, 27% free, 41MB/57MB, paused 356us total 35.057ms
08-06 05:56:22.804 29802 29813 I art     : Starting a blocking GC Explicit
08-06 05:56:22.823 29802 29813 I art     : Explicit concurrent mark sweep GC freed 20085(941KB) AllocSpace objects, 0(0B) LOS objects, 27% free, 41MB/57MB, paused 294us total 19.069ms
08-06 05:56:22.831 29802 29813 I art     : Starting a blocking GC Explicit
08-06 05:56:22.850 29802 29813 I art     : Explicit concurrent mark sweep GC freed 15539(721KB) AllocSpace objects, 0(0B) LOS objects, 27% free, 41MB/57MB, paused 335us total 19.142ms
08-06 05:56:22.859 29802 29813 I art     : Starting a blocking GC Explicit
08-06 05:56:22.878 29802 29813 I art     : Explicit concurrent mark sweep GC freed 15123(706KB) AllocSpace objects, 0(0B) LOS objects, 27% free, 41MB/57MB, paused 343us total 19.541ms
08-06 05:56:22.887 29802 29813 I art     : Starting a blocking GC Explicit
08-06 05:56:22.907 29802 29813 I art     : Explicit concurrent mark sweep GC freed 15332(716KB) AllocSpace objects, 0(0B) LOS objects, 27% free, 41MB/57MB, paused 317us total 19.635ms
08-06 05:56:23.172 29802 30032 I art     : Starting a blocking GC Explicit
08-06 05:56:23.218 29802 30032 I art     : Explicit concurrent mark sweep GC freed 161299(7MB) AllocSpace objects, 1(20KB) LOS objects, 27% free, 43MB/59MB, paused 465us total 45.508ms
08-06 05:56:23.229 29802 30032 I art     : Starting a blocking GC Explicit
08-06 05:56:23.251 29802 30032 I art     : Explicit concurrent mark sweep GC freed 22698(1065KB) AllocSpace objects, 0(0B) LOS objects, 27% free, 43MB/59MB, paused 363us total 22.085ms
08-06 05:56:23.260 29802 30032 I art     : Starting a blocking GC Explicit
08-06 05:56:23.284 29802 30032 I art     : Explicit concurrent mark sweep GC freed 17624(823KB) AllocSpace objects, 0(0B) LOS objects, 27% free, 43MB/59MB, paused 355us total 22.948ms
08-06 05:56:23.293 29802 30032 I art     : Starting a blocking GC Explicit
08-06 05:56:23.316 29802 30032 I art     : Explicit concurrent mark sweep GC freed 17587(824KB) AllocSpace objects, 0(0B) LOS objects, 26% free, 43MB/59MB, paused 383us total 22.949ms
08-06 05:56:23.325 29802 30032 I art     : Starting a blocking GC Explicit
08-06 05:56:23.349 29802 30032 I art     : Explicit concurrent mark sweep GC freed 17769(837KB) AllocSpace objects, 0(0B) LOS objects, 26% free, 43MB/59MB, paused 433us total 23.570ms
08-06 05:56:23.616 29802 30032 I art     : Starting a blocking GC Explicit
08-06 05:56:23.658 29802 30032 I art     : Explicit concurrent mark sweep GC freed 161135(7MB) AllocSpace objects, 1(20KB) LOS objects, 26% free, 44MB/60MB, paused 450us total 41.588ms
08-06 05:56:23.670 29802 30032 I art     : Starting a blocking GC Explicit
08-06 05:56:23.695 29802 30032 I art     : Explicit concurrent mark sweep GC freed 23807(1172KB) AllocSpace objects, 0(0B) LOS objects, 26% free, 44MB/60MB, paused 420us total 25.012ms
08-06 05:56:23.705 29802 30032 I art     : Starting a blocking GC Explicit
08-06 05:56:23.732 29802 30032 I art     : Explicit concurrent mark sweep GC freed 19867(932KB) AllocSpace objects, 0(0B) LOS objects, 26% free, 44MB/60MB, paused 447us total 26.676ms
08-06 05:56:23.742 29802 30032 I art     : Starting a blocking GC Explicit
08-06 05:56:23.769 29802 30032 I art     : Explicit concurrent mark sweep GC freed 19676(917KB) AllocSpace objects, 0(0B) LOS objects, 26% free, 45MB/61MB, paused 461us total 26.477ms
08-06 05:56:23.779 29802 30032 I art     : Starting a blocking GC Explicit
08-06 05:56:23.806 29802 30032 I art     : Explicit concurrent mark sweep GC freed 19656(930KB) AllocSpace objects, 0(0B) LOS objects, 26% free, 45MB/61MB, paused 502us total 26.739ms
08-06 05:56:24.079 29802 29814 I art     : Starting a blocking GC Explicit
08-06 05:56:24.138 29802 29814 I art     : Explicit concurrent mark sweep GC freed 170874(7MB) AllocSpace objects, 1(20KB) LOS objects, 25% free, 46MB/62MB, paused 1.193ms total 58.693ms
08-06 05:56:24.152 29802 29814 I art     : Starting a blocking GC Explicit
08-06 05:56:24.182 29802 29814 I art     : Explicit concurrent mark sweep GC freed 28997(1350KB) AllocSpace objects, 0(0B) LOS objects, 25% free, 46MB/62MB, paused 526us total 30.169ms
08-06 05:56:24.193 29802 29814 I art     : Starting a blocking GC Explicit
08-06 05:56:24.224 29802 29814 I art     : Explicit concurrent mark sweep GC freed 22201(1028KB) AllocSpace objects, 0(0B) LOS objects, 25% free, 46MB/62MB, paused 511us total 30.551ms
08-06 05:56:24.235 29802 29814 I art     : Starting a blocking GC Explicit
08-06 05:56:24.265 29802 29814 I art     : Explicit concurrent mark sweep GC freed 22376(1049KB) AllocSpace objects, 0(0B) LOS objects, 25% free, 47MB/63MB, paused 496us total 30.339ms
08-06 05:56:24.276 29802 29814 I art     : Starting a blocking GC Explicit
08-06 05:56:24.307 29802 29814 I art     : Explicit concurrent mark sweep GC freed 22140(1038KB) AllocSpace objects, 0(0B) LOS objects, 25% free, 47MB/63MB, paused 653us total 30.945ms
08-06 05:56:24.332 25535 25535 I ServiceManager: Waiting for service AtCmdFwd...
08-06 05:56:24.576 29802 29814 I art     : Starting a blocking GC Explicit
08-06 05:56:24.628 29802 29814 I art     : Explicit concurrent mark sweep GC freed 164531(7MB) AllocSpace objects, 1(20KB) LOS objects, 24% free, 48MB/64MB, paused 555us total 51.667ms
08-06 05:56:24.641 29802 29814 I art     : Starting a blocking GC Explicit
08-06 05:56:24.645 29802 30017 I Service : getCourses response time: 0.69
08-06 05:56:24.655 29802 29802 I SettingsManager: Getting string: savedCourse
08-06 05:56:24.672 29802 29814 I art     : Explicit concurrent mark sweep GC freed 13716(646KB) AllocSpace objects, 0(0B) LOS objects, 24% free, 48MB/64MB, paused 240us total 30.676ms
08-06 05:56:24.684 29802 29814 I art     : Starting a blocking GC Explicit
08-06 05:56:24.717 29802 29814 I art     : Explicit concurrent mark sweep GC freed 502(25KB) AllocSpace objects, 1(14MB) LOS objects, 32% free, 33MB/49MB, paused 346us total 32.931ms
08-06 05:56:24.729 29802 29814 I art     : Starting a blocking GC Explicit
08-06 05:56:24.757 29802 29814 I art     : Explicit concurrent mark sweep GC freed 234(7KB) AllocSpace objects, 0(0B) LOS objects, 32% free, 33MB/49MB, paused 162us total 28.304ms
08-06 05:56:24.768 29802 29814 I art     : Starting a blocking GC Explicit
08-06 05:56:24.799 29802 29814 I art     : Explicit concurrent mark sweep GC freed 32(1344B) AllocSpace objects, 0(0B) LOS objects, 32% free, 33MB/49MB, paused 150us total 30.296ms
08-06 05:56:25.107 29802 29813 I art     : Starting a blocking GC Explicit
08-06 05:56:25.154 29802 29813 I art     : Explicit concurrent mark sweep GC freed 1271(74KB) AllocSpace objects, 1(20KB) LOS objects, 32% free, 33MB/49MB, paused 157us total 46.624ms
08-06 05:56:25.168 29802 29813 I art     : Starting a blocking GC Explicit
08-06 05:56:25.204 29802 29813 I art     : Explicit concurrent mark sweep GC freed 18(624B) AllocSpace objects, 0(0B) LOS objects, 32% free, 33MB/49MB, paused 140us total 35.706ms
08-06 05:56:25.217 29802 29813 I art     : Starting a blocking GC Explicit
08-06 05:56:25.254 29802 29813 I art     : Explicit concurrent mark sweep GC freed 3(96B) AllocSpace objects, 0(0B) LOS objects, 32% free, 33MB/49MB, paused 138us total 36.071ms
08-06 05:56:25.267 29802 29813 I art     : Starting a blocking GC Explicit
08-06 05:56:25.303 29802 29813 I art     : Explicit concurrent mark sweep GC freed 3(96B) AllocSpace objects, 0(0B) LOS objects, 32% free, 33MB/49MB, paused 131us total 35.823ms
08-06 05:56:25.316 29802 29813 I art     : Starting a blocking GC Explicit
08-06 05:56:25.333 25535 25535 I ServiceManager: Waiting for service AtCmdFwd...
08-06 05:56:25.351 29802 29813 I art     : Explicit concurrent mark sweep GC freed 3(96B) AllocSpace objects, 0(0B) LOS objects, 32% free, 33MB/49MB, paused 142us total 34.644ms
08-06 05:56:25.668 29802 30032 I art     : Starting a blocking GC Explicit
08-06 05:56:25.725 29802 30032 I art     : Explicit concurrent mark sweep GC freed 1274(74KB) AllocSpace objects, 1(20KB) LOS objects, 32% free, 33MB/49MB, paused 191us total 56.360ms
08-06 05:56:25.741 29802 30032 I art     : Starting a blocking GC Explicit
08-06 05:56:25.776 29802 30032 I art     : Explicit concurrent mark sweep GC freed 18(624B) AllocSpace objects, 0(0B) LOS objects, 32% free, 33MB/49MB, paused 135us total 34.034ms
08-06 05:56:25.787 29802 30032 I art     : Starting a blocking GC Explicit
08-06 05:56:25.822 29802 30032 I art     : Explicit concurrent mark sweep GC freed 3(96B) AllocSpace objects, 0(0B) LOS objects, 32% free, 33MB/49MB, paused 163us total 34.411ms
08-06 05:56:25.835 29802 30032 I art     : Starting a blocking GC Explicit
08-06 05:56:25.871 29802 30032 I art     : Explicit concurrent mark sweep GC freed 3(96B) AllocSpace objects, 0(0B) LOS objects, 32% free, 33MB/49MB, paused 147us total 36.135ms
08-06 05:56:25.884 29802 30032 I art     : Starting a blocking GC Explicit
08-06 05:56:25.920 29802 30032 I art     : Explicit concurrent mark sweep GC freed 3(96B) AllocSpace objects, 0(0B) LOS objects, 32% free, 33MB/49MB, paused 135us total 35.935ms
08-06 05:56:26.228 29802 30018 I art     : Starting a blocking GC Explicit
08-06 05:56:26.277 29802 30018 I art     : Explicit concurrent mark sweep GC freed 1274(74KB) AllocSpace objects, 1(20KB) LOS objects, 32% free, 33MB/49MB, paused 165us total 48.526ms
08-06 05:56:26.294 29802 30018 I art     : Starting a blocking GC Explicit
08-06 05:56:26.328 29802 30018 I art     : Explicit concurrent mark sweep GC freed 19(656B) AllocSpace objects, 0(0B) LOS objects, 32% free, 33MB/49MB, paused 137us total 33.981ms
08-06 05:56:26.333 25535 25535 I ServiceManager: Waiting for service AtCmdFwd...
08-06 05:56:26.340 29802 30018 I art     : Starting a blocking GC Explicit
08-06 05:56:26.371 29802 30018 I art     : Explicit concurrent mark sweep GC freed 5(176B) AllocSpace objects, 0(0B) LOS objects, 32% free, 33MB/49MB, paused 130us total 31.455ms
08-06 05:56:26.383 29802 30018 I art     : Starting a blocking GC Explicit
08-06 05:56:26.417 29802 30018 I art     : Explicit concurrent mark sweep GC freed 3(96B) AllocSpace objects, 0(0B) LOS objects, 32% free, 33MB/49MB, paused 138us total 33.640ms
08-06 05:56:26.430 29802 30018 I art     : Starting a blocking GC Explicit
08-06 05:56:26.464 29802 30018 I art     : Explicit concurrent mark sweep GC freed 3(96B) AllocSpace objects, 0(0B) LOS objects, 32% free, 33MB/49MB, paused 133us total 34.702ms
08-06 05:56:26.770 29802 29813 I art     : Starting a blocking GC Explicit
08-06 05:56:26.823 29802 29813 I art     : Explicit concurrent mark sweep GC freed 1274(74KB) AllocSpace objects, 1(20KB) LOS objects, 32% free, 33MB/49MB, paused 167us total 52.596ms
08-06 05:56:26.842 29802 29813 I art     : Starting a blocking GC Explicit
08-06 05:56:26.880 29802 29813 I art     : Explicit concurrent mark sweep GC freed 18(624B) AllocSpace objects, 0(0B) LOS objects, 32% free, 33MB/49MB, paused 137us total 37.508ms
08-06 05:56:26.893 29802 29813 I art     : Starting a blocking GC Explicit
08-06 05:56:26.928 29802 29813 I art     : Explicit concurrent mark sweep GC freed 3(96B) AllocSpace objects, 0(0B) LOS objects, 32% free, 33MB/49MB, paused 156us total 35.281ms
08-06 05:56:26.941 29802 29813 I art     : Starting a blocking GC Explicit
08-06 05:56:26.976 29802 29813 I art     : Explicit concurrent mark sweep GC freed 3(96B) AllocSpace objects, 0(0B) LOS objects, 32% free, 33MB/49MB, paused 136us total 34.649ms
08-06 05:56:26.988 29802 29813 I art     : Starting a blocking GC Explicit
08-06 05:56:27.023 29802 29813 I art     : Explicit concurrent mark sweep GC freed 3(96B) AllocSpace objects, 0(0B) LOS objects, 32% free, 33MB/49MB, paused 141us total 34.612ms
08-06 05:56:27.290 29802 30032 I art     : Starting a blocking GC Explicit
08-06 05:56:27.329 29802 30032 I art     : Explicit concurrent mark sweep GC freed 1274(74KB) AllocSpace objects, 1(20KB) LOS objects, 32% free, 33MB/49MB, paused 180us total 38.690ms
08-06 05:56:27.334 25535 25535 I ServiceManager: Waiting for service AtCmdFwd...
08-06 05:56:27.343 29802 30032 I art     : Starting a blocking GC Explicit
08-06 05:56:27.374 29802 30032 I art     : Explicit concurrent mark sweep GC freed 18(624B) AllocSpace objects, 0(0B) LOS objects, 32% free, 33MB/49MB, paused 134us total 30.869ms
08-06 05:56:27.386 29802 30032 I art     : Starting a blocking GC Explicit
08-06 05:56:27.417 29802 30032 I art     : Explicit concurrent mark sweep GC freed 3(96B) AllocSpace objects, 0(0B) LOS objects, 32% free, 33MB/49MB, paused 155us total 31.210ms
08-06 05:56:27.429 29802 30032 I art     : Starting a blocking GC Explicit
08-06 05:56:27.461 29802 30032 I art     : Explicit concurrent mark sweep GC freed 3(96B) AllocSpace objects, 0(0B) LOS objects, 32% free, 33MB/49MB, paused 136us total 31.507ms
08-06 05:56:27.472 29802 30032 I art     : Starting a blocking GC Explicit
08-06 05:56:27.504 29802 30032 I art     : Explicit concurrent mark sweep GC freed 3(96B) AllocSpace objects, 0(0B) LOS objects, 32% free, 33MB/49MB, paused 138us total 31.008ms
08-06 05:56:27.523 30157 30157 D AndroidRuntime: >>>>>> START com.android.internal.os.RuntimeInit uid 2000 <<<<<<
08-06 05:56:27.527 30157 30157 D AndroidRuntime: CheckJNI is OFF
08-06 05:56:27.551 30157 30157 D ICU     : No timezone override file found: /data/misc/zoneinfo/current/icu/icu_tzdata.dat
08-06 05:56:27.574 30157 30157 I Radio-JNI: register_android_hardware_Radio DONE
08-06 05:56:27.590 30157 30157 D AndroidRuntime: Calling main entry com.android.commands.input.Input
08-06 05:56:27.592 30157 30157 I Input   : injectMotionEvent: MotionEvent { action=ACTION_DOWN, actionButton=0, id[0]=0, x[0]=526.0, y[0]=704.0, toolType[0]=TOOL_TYPE_UNKNOWN, buttonState=0, metaState=0, flags=0x0, edgeFlags=0x0, pointerCount=1, historySize=0, eventTime=856604004, downTime=856604004, deviceId=0, source=0x1002 }
08-06 05:56:27.598 30157 30157 I Input   : injectMotionEvent: MotionEvent { action=ACTION_UP, actionButton=0, id[0]=0, x[0]=526.0, y[0]=704.0, toolType[0]=TOOL_TYPE_UNKNOWN, buttonState=0, metaState=0, flags=0x0, edgeFlags=0x0, pointerCount=1, historySize=0, eventTime=856604004, downTime=856604004, deviceId=0, source=0x1002 }
08-06 05:56:27.599 30157 30157 D AndroidRuntime: Shutting down VM
08-06 05:56:27.667   512  2967 D audio_hw_primary: out_set_parameters: enter: usecase(1: low-latency-playback) kvpairs: routing=2
08-06 05:56:27.681   512  2967 D audio_hw_primary: select_devices: out_snd_device(2: speaker) in_snd_device(0: none)
08-06 05:56:27.682   512  2967 D msm8974_platform: platform_send_audio_calibration: sending audio calibration for snd_device(2) acdb_id(15)
08-06 05:56:27.682   512  2967 I soundtrigger: audio_extn_sound_trigger_update_device_status: device 0x2 of type 0 for Event 1
08-06 05:56:27.696   512  2967 D audio_hw_primary: enable_snd_device: snd_device(2: speaker)
08-06 05:56:27.698   512  2967 D audio_hw_primary: enable_audio_route: apply and update mixer path: low-latency-playback speaker
08-06 05:56:27.726 29802 29814 I art     : Starting a blocking GC Explicit
08-06 05:56:27.759 29802 29814 I art     : Explicit concurrent mark sweep GC freed 1991(131KB) AllocSpace objects, 2(40KB) LOS objects, 32% free, 33MB/49MB, paused 181us total 33.182ms
08-06 05:56:27.773 29802 29814 I art     : Starting a blocking GC Explicit
08-06 05:56:27.806 29802 29814 I art     : Explicit concurrent mark sweep GC freed 207(9KB) AllocSpace objects, 0(0B) LOS objects, 32% free, 33MB/49MB, paused 159us total 32.520ms
08-06 05:56:27.820 29802 29814 I art     : Starting a blocking GC Explicit
08-06 05:56:27.857 29802 29814 I art     : Explicit concurrent mark sweep GC freed 7(240B) AllocSpace objects, 0(0B) LOS objects, 32% free, 33MB/49MB, paused 152us total 36.893ms
08-06 05:56:27.872 29802 29814 I art     : Starting a blocking GC Explicit
08-06 05:56:27.911 29802 29814 I art     : Explicit concurrent mark sweep GC freed 3(96B) AllocSpace objects, 0(0B) LOS objects, 32% free, 33MB/49MB, paused 209us total 39.164ms
08-06 05:56:27.925 29802 29814 I art     : Starting a blocking GC Explicit
08-06 05:56:27.964 29802 29814 I art     : Explicit concurrent mark sweep GC freed 3(96B) AllocSpace objects, 0(0B) LOS objects, 32% free, 33MB/49MB, paused 147us total 38.415ms
08-06 05:56:28.239   512  2967 D audio_hw_primary: disable_audio_route: reset and update mixer path: low-latency-playback speaker
08-06 05:56:28.242   512  2967 D audio_hw_primary: disable_snd_device: snd_device(2: speaker)
08-06 05:56:28.250   512  2967 I soundtrigger: audio_extn_sound_trigger_update_device_status: device 0x2 of type 0 for Event 0
08-06 05:56:28.255 29802 30018 I art     : Starting a blocking GC Explicit
08-06 05:56:28.300 29802 30018 I art     : Explicit concurrent mark sweep GC freed 1282(75KB) AllocSpace objects, 1(20KB) LOS objects, 32% free, 33MB/49MB, paused 133us total 45.101ms
08-06 05:56:28.317 29802 30018 I art     : Starting a blocking GC Explicit
08-06 05:56:28.334 25535 25535 I ServiceManager: Waiting for service AtCmdFwd...
08-06 05:56:28.356 29802 30018 I art     : Explicit concurrent mark sweep GC freed 26(880B) AllocSpace objects, 0(0B) LOS objects, 32% free, 33MB/49MB, paused 170us total 38.885ms
08-06 05:56:28.369 29802 30018 I art     : Starting a blocking GC Explicit
08-06 05:56:28.406 29802 30018 I art     : Explicit concurrent mark sweep GC freed 3(96B) AllocSpace objects, 0(0B) LOS objects, 32% free, 33MB/49MB, paused 149us total 35.947ms
08-06 05:56:28.419 29802 30018 I art     : Starting a blocking GC Explicit
08-06 05:56:28.456 29802 30018 I art     : Explicit concurrent mark sweep GC freed 3(96B) AllocSpace objects, 0(0B) LOS objects, 32% free, 33MB/49MB, paused 139us total 36.722ms
08-06 05:56:28.469 29802 30018 I art     : Starting a blocking GC Explicit
08-06 05:56:28.505 29802 30018 I art     : Explicit concurrent mark sweep GC freed 3(96B) AllocSpace objects, 0(0B) LOS objects, 32% free, 33MB/49MB, paused 138us total 35.409ms
08-06 05:56:28.797 29802 29813 I art     : Starting a blocking GC Explicit
08-06 05:56:28.844 29802 29813 I art     : Explicit concurrent mark sweep GC freed 1281(75KB) AllocSpace objects, 1(20KB) LOS objects, 32% free, 33MB/49MB, paused 138us total 46.747ms
08-06 05:56:28.857 29802 29813 I art     : Starting a blocking GC Explicit
08-06 05:56:28.889 29802 29813 I art     : Explicit concurrent mark sweep GC freed 18(624B) AllocSpace objects, 0(0B) LOS objects, 32% free, 33MB/49MB, paused 257us total 31.752ms
08-06 05:56:28.900 29802 29813 I art     : Starting a blocking GC Explicit
08-06 05:56:28.931 29802 29813 I art     : Explicit concurrent mark sweep GC freed 3(96B) AllocSpace objects, 0(0B) LOS objects, 32% free, 33MB/49MB, paused 133us total 30.105ms
08-06 05:56:28.942 29802 29813 I art     : Starting a blocking GC Explicit
08-06 05:56:28.972 29802 29813 I art     : Explicit concurrent mark sweep GC freed 3(96B) AllocSpace objects, 0(0B) LOS objects, 32% free, 33MB/49MB, paused 132us total 29.506ms
08-06 05:56:28.983 29802 29813 I art     : Starting a blocking GC Explicit
08-06 05:56:29.015 29802 29813 I art     : Explicit concurrent mark sweep GC freed 3(96B) AllocSpace objects, 0(0B) LOS objects, 32% free, 33MB/49MB, paused 133us total 31.767ms
08-06 05:56:29.147 30211 30211 D AndroidRuntime: >>>>>> START com.android.internal.os.RuntimeInit uid 2000 <<<<<<
08-06 05:56:29.152 30211 30211 D AndroidRuntime: CheckJNI is OFF
08-06 05:56:29.177 30211 30211 D ICU     : No timezone override file found: /data/misc/zoneinfo/current/icu/icu_tzdata.dat
08-06 05:56:29.201 30211 30211 I Radio-JNI: register_android_hardware_Radio DONE
08-06 05:56:29.218 30211 30211 D AndroidRuntime: Calling main entry com.android.commands.input.Input
08-06 05:56:29.219 30211 30211 I Input   : injectMotionEvent: MotionEvent { action=ACTION_DOWN, actionButton=0, id[0]=0, x[0]=1197.0, y[0]=1456.0, toolType[0]=TOOL_TYPE_UNKNOWN, buttonState=0, metaState=0, flags=0x0, edgeFlags=0x0, pointerCount=1, historySize=0, eventTime=856605632, downTime=856605632, deviceId=0, source=0x1002 }
08-06 05:56:29.224 30211 30211 I Input   : injectMotionEvent: MotionEvent { action=ACTION_UP, actionButton=0, id[0]=0, x[0]=1197.0, y[0]=1456.0, toolType[0]=TOOL_TYPE_UNKNOWN, buttonState=0, metaState=0, flags=0x0, edgeFlags=0x0, pointerCount=1, historySize=0, eventTime=856605632, downTime=856605632, deviceId=0, source=0x1002 }
08-06 05:56:29.227 30211 30211 D AndroidRuntime: Shutting down VM
08-06 05:56:29.229   512  2967 D audio_hw_primary: out_set_parameters: enter: usecase(1: low-latency-playback) kvpairs: routing=2
08-06 05:56:29.242   512  2967 D audio_hw_primary: select_devices: out_snd_device(2: speaker) in_snd_device(0: none)
08-06 05:56:29.242   512  2967 D msm8974_platform: platform_send_audio_calibration: sending audio calibration for snd_device(2) acdb_id(15)
08-06 05:56:29.242   512  2967 I soundtrigger: audio_extn_sound_trigger_update_device_status: device 0x2 of type 0 for Event 1
08-06 05:56:29.245 29802 29802 I SettingsManager: Setting string: savedCourse
08-06 05:56:29.253   512  2967 D audio_hw_primary: enable_snd_device: snd_device(2: speaker)
08-06 05:56:29.255   512  2967 D audio_hw_primary: enable_audio_route: apply and update mixer path: low-latency-playback speaker
08-06 05:56:29.256   918  5132 W BackupManagerService: dataChanged but no participant pkg='baseline.com.ak.uobtimetable' uid=10710
08-06 05:56:29.256   918  3696 I ActivityManager: START u0 {flg=0x4000000 cmp=baseline.com.ak.uobtimetable/.MainActivity (has extras)} from uid 10710 on display 0
08-06 05:56:29.261 29802 29814 I art     : Starting a blocking GC Explicit
08-06 05:56:29.269   918  6029 W InputMethodManagerService: Focus gain on non-focused client com.android.internal.view.IInputMethodClient$Stub$Proxy@a3a46b1 (uid=10710 pid=29802)
08-06 05:56:29.277 29802 29802 D MainActivity: OnDestroy
08-06 05:56:29.293 29802 29802 D MainActivity: onCreate
08-06 05:56:29.294 29802 29802 I SettingsManager: Getting string: savedSessions
08-06 05:56:29.294 29802 29802 I Settings: No saved sessions
08-06 05:56:29.299 29802 29814 I art     : Explicit concurrent mark sweep GC freed 4443(233KB) AllocSpace objects, 2(40KB) LOS objects, 32% free, 33MB/49MB, paused 358us total 37.589ms
08-06 05:56:29.312 29802 29814 I art     : Starting a blocking GC Explicit
08-06 05:56:29.319 29802 29802 I SettingsManager: Getting string: savedCourse
08-06 05:56:29.320 29802 29802 D MainActivity: sessionListFragmentArg: updateSessions
08-06 05:56:29.320 29802 29802 D MainActivity: showTermDatesConfigChange: false
08-06 05:56:29.320 29802 29802 D MainActivity: showTermDatesShortcut: false
08-06 05:56:29.322 29802 29802 D MainActivity: Setting initial fragment: SessionListsFragment
08-06 05:56:29.324 29802 29802 I SettingsManager: Getting int: launchCount
08-06 05:56:29.327 29802 29802 D SessionListsFragment: onCreateView
08-06 05:56:29.335 25535 25535 W Atfwd_Sendcmd: AtCmdFwd service not published, waiting... retryCnt : 1
08-06 05:56:29.337 29802 29802 I SettingsManager: Getting string: savedCourse
08-06 05:56:29.339 29802 29802 I SettingsManager: Getting string: savedSessions
08-06 05:56:29.339 29802 29802 D SessionListsFragment: loadArgument: updateSessions
08-06 05:56:29.339 29802 29802 D SessionListsFragment: initialIndex: -1
08-06 05:56:29.341 29802 30234 D HTTP    : Request for: https://uob-timetable-api.adriankeenan.co.uk/sessions?dept=BD002&course=CFIEFAAF%2F02AA%2F0%2FFT&level=ALL+Courses
08-06 05:56:29.342 29802 29802 I WebViewFactory: Loading com.google.android.webview version 84.0.4147.89 (code 414708953)
08-06 05:56:29.352 29802 29814 I art     : Explicit concurrent mark sweep GC freed 4297(242KB) AllocSpace objects, 1(112KB) LOS objects, 31% free, 35MB/51MB, paused 531us total 39.445ms
08-06 05:56:29.363   518   646 I ThermalEngine: ACTION: GPU - Setting GPU[0] to 510000000
08-06 05:56:29.367 29802 29814 I art     : Starting a blocking GC Explicit
08-06 05:56:29.416 29802 29814 I art     : Explicit concurrent mark sweep GC freed 5334(436KB) AllocSpace objects, 3(1304KB) LOS objects, 31% free, 34MB/50MB, paused 1.128ms total 48.331ms
08-06 05:56:29.419 29802 29802 I cr_LibraryLoader: Loaded native library version number "84.0.4147.89"
08-06 05:56:29.420 29802 29802 I cr_CachingUmaRecorder: Flushed 5 samples from 5 histograms.
08-06 05:56:29.432 29802 29814 I art     : Starting a blocking GC Explicit
08-06 05:56:29.462 29802 29802 E chromium: [ERROR:filesystem_posix.cc(62)] mkdir /data/user/0/baseline.com.ak.uobtimetable/cache/WebView/Crashpad: No such file or directory (2)
08-06 05:56:29.483 29802 29814 I art     : Explicit concurrent mark sweep GC freed 2603(260KB) AllocSpace objects, 3(140KB) LOS objects, 31% free, 34MB/50MB, paused 1.202ms total 51.103ms
08-06 05:56:29.507 29802 29814 I art     : Starting a blocking GC Explicit
08-06 05:56:29.540 29802 30234 I NAPPA_EXPERIMENTATION: MetricNetworkRequestExecutionTime: REQUEST_DURATION_SYSTEM='196',REQUEST_DURATION_OKHTTP='40',REQUEST_SYNCHRONOUS='TRUE',RESPONSE_CODE='200',RESPONSE_METHOD='GET',RESPONSE_LENGTH_OKHTTP='-1',RESPONSE_LENGTH_HEADER='867',REQUEST_PROTOCOL='http/1.1',REQUEST_URL='https://uob-timetable-api.adriankeenan.co.uk/sessions?dept=BD002&course=CFIEFAAF%2F02AA%2F0%2FFT&level=ALL+Courses',
08-06 05:56:29.548   918  6111 D ConnectivityService: listenForNetwork for Listen from uid/pid:10710/29802 for NetworkRequest [ id=3877, legacyType=-1, [ Capabilities: INTERNET&NOT_RESTRICTED&TRUSTED] ]
08-06 05:56:29.559 29802 29814 I art     : Explicit concurrent mark sweep GC freed 3506(276KB) AllocSpace objects, 1(80KB) LOS objects, 31% free, 34MB/50MB, paused 855us total 52.329ms
08-06 05:56:29.569 29802 30234 I HTTP    : Response was compressed.
08-06 05:56:29.584 29802 30234 I Service : getSessions response time: 1.12
08-06 05:56:29.587 29802 30249 W cr_media: Requires BLUETOOTH permission
08-06 05:56:29.597 29802 30261 E libEGL  : validate_display:255 error 3008 (EGL_BAD_DISPLAY)
08-06 05:56:29.599 29802 29802 D TermDatesFragment: WebView loaded
08-06 05:56:29.600 29802 29802 D MainActivity: OnResume
08-06 05:56:29.617 29802 29802 I SettingsManager: Getting string: savedSessions
08-06 05:56:29.626 29802 29802 I SettingsManager: Setting string: savedSessions
08-06 05:56:29.633   918  4400 W BackupManagerService: dataChanged but no participant pkg='baseline.com.ak.uobtimetable' uid=10710
08-06 05:56:29.633 29802 29802 I SettingsManager: Setting date: savedSessionsTime
08-06 05:56:29.641   918  5132 W BackupManagerService: dataChanged but no participant pkg='baseline.com.ak.uobtimetable' uid=10710
08-06 05:56:29.642 29802 29802 I SettingsManager: Setting string: savedSessionsCourseName
08-06 05:56:29.648   918  6029 W BackupManagerService: dataChanged but no participant pkg='baseline.com.ak.uobtimetable' uid=10710
08-06 05:56:29.649 29802 29802 I SettingsManager: Setting string: savedSessionsDateRange
08-06 05:56:29.658   918   929 W BackupManagerService: dataChanged but no participant pkg='baseline.com.ak.uobtimetable' uid=10710
08-06 05:56:29.658 29802 29802 I SettingsManager: Setting string: timetableUrl
08-06 05:56:29.664   918  3696 W BackupManagerService: dataChanged but no participant pkg='baseline.com.ak.uobtimetable' uid=10710
08-06 05:56:29.665 29802 29802 I SettingsManager: Getting boolean: notifySessionRemindersEnabled
08-06 05:56:29.665 29802 29802 I SettingsManager: Getting int: notifySessionRemindersMinutes
08-06 05:56:29.665 29802 29802 I SettingsManager: Getting boolean: showHiddenSessions
08-06 05:56:29.695 29802 29802 I SessionReminderNotifier: Created session reminder alarm for f7b4771250a919bd729c1c5a4a459c77 at Mon 08:30:00 10/08/20
08-06 05:56:29.696 29802 29802 I SessionReminderNotifier: Created session reminder alarm for a7f879aabdeb78622c8820a5fb7b64cd at Tue 08:30:00 11/08/20
08-06 05:56:29.697 29802 29802 I SessionReminderNotifier: Created session reminder alarm for 7bc8d7e2c2055711f597c3d9078c6ea3 at Tue 08:30:00 11/08/20
08-06 05:56:29.698 29802 29802 I SessionReminderNotifier: Created session reminder alarm for e0fc978b5db8218778540b4053344581 at Tue 11:00:00 11/08/20
08-06 05:56:29.700 29802 29802 I SessionReminderNotifier: Created session reminder alarm for 21712fef61090882c855a1425543edb5 at Tue 13:30:00 11/08/20
08-06 05:56:29.701 29802 29802 I SessionReminderNotifier: Created session reminder alarm for 65ca4d97f031f29a4d02bbb45a705d8f at Wed 08:30:00 12/08/20
08-06 05:56:29.702 29802 29802 I SessionReminderNotifier: Created session reminder alarm for eeda7741b0bcab58fd9f46dc6ef1d942 at Wed 08:30:00 12/08/20
08-06 05:56:29.703 29802 29802 I SessionReminderNotifier: Created session reminder alarm for c276c1b2075a0beb67f1b3d1e580f920 at Wed 11:00:00 12/08/20
08-06 05:56:29.704 29802 29802 I SessionReminderNotifier: Created session reminder alarm for 79fe0b5c3b887a13ba29db5a33fa2800 at Thu 08:30:00 06/08/20
08-06 05:56:29.705 29802 29802 I SessionReminderNotifier: Created session reminder alarm for 2ba1034116e4fffdd592dbf0796a43d5 at Fri 08:30:00 07/08/20
08-06 05:56:29.705 29802 29802 I SettingsManager: Getting boolean: showHiddenSessions
08-06 05:56:29.706 29802 29802 D SessionListsFragment: 1 sessions for day 0
08-06 05:56:29.706 29802 29802 D SessionListsFragment: 4 sessions for day 1
08-06 05:56:29.706 29802 29802 D SessionListsFragment: 3 sessions for day 2
08-06 05:56:29.706 29802 29802 D SessionListsFragment: 1 sessions for day 3
08-06 05:56:29.706 29802 29802 D SessionListsFragment: 1 sessions for day 4
08-06 05:56:29.724 29802 29802 I SettingsManager: Getting boolean: showHiddenSessions
08-06 05:56:29.725 29802 29802 D SessionListsFragment: Refreshed ViewPager
08-06 05:56:29.725 29802 29802 I SettingsManager: Getting boolean: showHiddenSessions
08-06 05:56:29.726 29802 29802 I SettingsManager: Getting boolean: completedTutorial
08-06 05:56:29.738 29802 29802 I SettingsManager: Getting boolean: showHiddenSessions
08-06 05:56:29.738 29802 29802 I SettingsManager: Getting date: savedSessionsTime
08-06 05:56:29.798   512  2967 D audio_hw_primary: disable_audio_route: reset and update mixer path: low-latency-playback speaker
08-06 05:56:29.799   512  2967 D audio_hw_primary: disable_snd_device: snd_device(2: speaker)
08-06 05:56:29.807   512  2967 I soundtrigger: audio_extn_sound_trigger_update_device_status: device 0x2 of type 0 for Event 0
08-06 05:56:29.821 29802 29814 I art     : Starting a blocking GC Explicit
08-06 05:56:29.885 29802 29814 I art     : Explicit concurrent mark sweep GC freed 65687(3MB) AllocSpace objects, 9(320KB) LOS objects, 30% free, 36MB/52MB, paused 1ms total 64.344ms
08-06 05:56:29.902 29802 29814 I art     : Starting a blocking GC Explicit
08-06 05:56:29.956 29802 29814 I art     : Explicit concurrent mark sweep GC freed 33509(1520KB) AllocSpace objects, 4(112KB) LOS objects, 30% free, 36MB/52MB, paused 965us total 53.519ms
08-06 05:56:29.972 29802 29814 I art     : Starting a blocking GC Explicit
08-06 05:56:30.025 29802 29814 I art     : Explicit concurrent mark sweep GC freed 30904(1263KB) AllocSpace objects, 0(0B) LOS objects, 30% free, 36MB/52MB, paused 757us total 53.161ms
08-06 05:56:30.042 29802 29814 I art     : Starting a blocking GC Explicit
08-06 05:56:30.092 29802 29814 I art     : Explicit concurrent mark sweep GC freed 6345(293KB) AllocSpace objects, 0(0B) LOS objects, 30% free, 36MB/52MB, paused 1.019ms total 50.267ms
08-06 05:56:30.108 29802 29814 I art     : Starting a blocking GC Explicit
08-06 05:56:30.163 29802 29814 I art     : Explicit concurrent mark sweep GC freed 32761(1307KB) AllocSpace objects, 0(0B) LOS objects, 30% free, 36MB/52MB, paused 892us total 54.457ms
08-06 05:56:30.349 29802 29802 I TermDatesFragment: Webview load %: 10
08-06 05:56:30.353 29802 29802 I Choreographer: Skipped 35 frames!  The application may be doing too much work on its main thread.
08-06 05:56:30.446 29802 29813 I art     : Starting a blocking GC Explicit
08-06 05:56:30.449   918   936 I ActivityManager: Displayed baseline.com.ak.uobtimetable/.MainActivity: +1s176ms
08-06 05:56:30.516 29802 29813 I art     : Explicit concurrent mark sweep GC freed 97745(3MB) AllocSpace objects, 1(20KB) LOS objects, 29% free, 37MB/53MB, paused 694us total 70.062ms
08-06 05:56:30.536 29802 29813 I art     : Starting a blocking GC Explicit
08-06 05:56:30.598 29802 29813 I art     : Explicit concurrent mark sweep GC freed 38506(1699KB) AllocSpace objects, 1(40KB) LOS objects, 30% free, 37MB/53MB, paused 903us total 61.775ms
08-06 05:56:30.617 29802 29813 I art     : Starting a blocking GC Explicit
08-06 05:56:30.637 29802 29802 I TermDatesFragment: Webview load %: 70
08-06 05:56:30.651 29802 29802 I TermDatesFragment: Webview load %: 80
08-06 05:56:30.652 29802 29802 I TermDatesFragment: Webview load %: 100
08-06 05:56:30.652 29802 29802 I TermDatesFragment: Webview load %: 100
08-06 05:56:30.675 29802 29813 I art     : Explicit concurrent mark sweep GC freed 10374(456KB) AllocSpace objects, 0(0B) LOS objects, 30% free, 37MB/53MB, paused 339us total 58.022ms
08-06 05:56:30.692 29802 29813 I art     : Starting a blocking GC Explicit
08-06 05:56:30.745 29802 29813 I art     : Explicit concurrent mark sweep GC freed 481(39KB) AllocSpace objects, 0(0B) LOS objects, 30% free, 36MB/52MB, paused 428us total 53.199ms
08-06 05:56:30.764 29802 29813 I art     : Starting a blocking GC Explicit
08-06 05:56:30.821 29802 29813 I art     : Explicit concurrent mark sweep GC freed 148(7KB) AllocSpace objects, 0(0B) LOS objects, 30% free, 36MB/52MB, paused 461us total 56.794ms
08-06 05:56:31.151 29802 29813 I art     : Starting a blocking GC Explicit
08-06 05:56:31.218 29802 29813 I art     : Explicit concurrent mark sweep GC freed 123228(11MB) AllocSpace objects, 4(156KB) LOS objects, 38% free, 25MB/41MB, paused 362us total 66.851ms
08-06 05:56:31.230 29802 29813 I art     : Starting a blocking GC Explicit
08-06 05:56:31.258 29802 29813 I art     : Explicit concurrent mark sweep GC freed 18(624B) AllocSpace objects, 0(0B) LOS objects, 38% free, 25MB/41MB, paused 303us total 27.822ms
08-06 05:56:31.269 29802 29813 I art     : Starting a blocking GC Explicit
08-06 05:56:31.300 29802 29813 I art     : Explicit concurrent mark sweep GC freed 3(96B) AllocSpace objects, 0(0B) LOS objects, 38% free, 25MB/41MB, paused 311us total 31.138ms
08-06 05:56:31.312 29802 29813 I art     : Starting a blocking GC Explicit
08-06 05:56:31.345 29802 29813 I art     : Explicit concurrent mark sweep GC freed 3(96B) AllocSpace objects, 0(0B) LOS objects, 38% free, 25MB/41MB, paused 303us total 32.701ms
08-06 05:56:31.357 29802 29813 I art     : Starting a blocking GC Explicit
08-06 05:56:31.390 29802 29813 I art     : Explicit concurrent mark sweep GC freed 5(192B) AllocSpace objects, 0(0B) LOS objects, 38% free, 25MB/41MB, paused 373us total 32.677ms
08-06 05:56:31.390 29802 29812 I art     : WaitForGcToComplete blocked for 18.924ms for cause HeapTrim
08-06 05:56:31.726 29802 30018 I art     : Starting a blocking GC Explicit
08-06 05:56:31.761 29802 30018 I art     : Explicit concurrent mark sweep GC freed 1440(80KB) AllocSpace objects, 1(20KB) LOS objects, 38% free, 25MB/41MB, paused 319us total 33.969ms
08-06 05:56:31.773 29802 30018 I art     : Starting a blocking GC Explicit
08-06 05:56:31.806 29802 30018 I art     : Explicit concurrent mark sweep GC freed 20(704B) AllocSpace objects, 0(0B) LOS objects, 38% free, 25MB/41MB, paused 320us total 32.897ms
08-06 05:56:31.819 29802 30018 I art     : Starting a blocking GC Explicit
08-06 05:56:31.851 29802 30018 I art     : Explicit concurrent mark sweep GC freed 3(96B) AllocSpace objects, 0(0B) LOS objects, 38% free, 25MB/41MB, paused 304us total 32.629ms
08-06 05:56:31.864 29802 30018 I art     : Starting a blocking GC Explicit
08-06 05:56:31.896 29802 30018 I art     : Explicit concurrent mark sweep GC freed 3(96B) AllocSpace objects, 0(0B) LOS objects, 38% free, 25MB/41MB, paused 311us total 32.285ms
08-06 05:56:31.908 29802 30018 I art     : Starting a blocking GC Explicit
08-06 05:56:31.940 29802 30018 I art     : Explicit concurrent mark sweep GC freed 4(128B) AllocSpace objects, 0(0B) LOS objects, 38% free, 25MB/41MB, paused 315us total 31.682ms
08-06 05:56:32.215   918  3188 I hubconnection: sensorhub said: 'set_bias 3: -6.2400, 0.0000, 0.0000'
08-06 05:56:32.269 29802 30018 I art     : Starting a blocking GC Explicit
08-06 05:56:32.301 29802 30018 I art     : Explicit concurrent mark sweep GC freed 1322(76KB) AllocSpace objects, 1(20KB) LOS objects, 38% free, 25MB/41MB, paused 316us total 32.272ms
08-06 05:56:32.313 29802 30018 I art     : Starting a blocking GC Explicit
08-06 05:56:32.346 29802 30018 I art     : Explicit concurrent mark sweep GC freed 18(624B) AllocSpace objects, 0(0B) LOS objects, 38% free, 25MB/41MB, paused 310us total 32.149ms
08-06 05:56:32.358 29802 30018 I art     : Starting a blocking GC Explicit
08-06 05:56:32.368   518   646 I ThermalEngine: ACTION: GPU - Setting GPU[0] to 450000000
08-06 05:56:32.396 29802 30018 I art     : Explicit concurrent mark sweep GC freed 3(96B) AllocSpace objects, 0(0B) LOS objects, 38% free, 25MB/41MB, paused 414us total 37.695ms
08-06 05:56:32.412 29802 30018 I art     : Starting a blocking GC Explicit
08-06 05:56:32.455 29802 30018 I art     : Explicit concurrent mark sweep GC freed 3(96B) AllocSpace objects, 0(0B) LOS objects, 38% free, 25MB/41MB, paused 401us total 43.060ms
08-06 05:56:32.471 29802 30018 I art     : Starting a blocking GC Explicit
08-06 05:56:32.513 29802 30018 I art     : Explicit concurrent mark sweep GC freed 3(96B) AllocSpace objects, 0(0B) LOS objects, 38% free, 25MB/41MB, paused 433us total 41.811ms
08-06 05:56:32.858 29802 30032 I art     : Starting a blocking GC Explicit
08-06 05:56:32.916 29802 30032 I art     : Explicit concurrent mark sweep GC freed 1293(75KB) AllocSpace objects, 1(20KB) LOS objects, 38% free, 25MB/41MB, paused 460us total 57.436ms
08-06 05:56:32.933 29802 30032 I art     : Starting a blocking GC Explicit
08-06 05:56:32.975 29802 30032 I art     : Explicit concurrent mark sweep GC freed 18(624B) AllocSpace objects, 0(0B) LOS objects, 38% free, 25MB/41MB, paused 419us total 41.699ms
08-06 05:56:32.991 29802 30032 I art     : Starting a blocking GC Explicit
08-06 05:56:33.036 29802 30032 I art     : Explicit concurrent mark sweep GC freed 3(96B) AllocSpace objects, 0(0B) LOS objects, 38% free, 25MB/41MB, paused 427us total 44.876ms
08-06 05:56:33.052 29802 30032 I art     : Starting a blocking GC Explicit
08-06 05:56:33.096 29802 30032 I art     : Explicit concurrent mark sweep GC freed 3(96B) AllocSpace objects, 0(0B) LOS objects, 38% free, 25MB/41MB, paused 406us total 43.991ms
08-06 05:56:33.112 29802 30032 I art     : Starting a blocking GC Explicit
08-06 05:56:33.158 29802 30032 I art     : Explicit concurrent mark sweep GC freed 3(96B) AllocSpace objects, 0(0B) LOS objects, 38% free, 25MB/41MB, paused 506us total 45.789ms
08-06 05:56:33.276 14692 14692 I Finsky  : [1] xow.onStartJob(3): SCH: onJobSchedulerWakeup with jobId 9011
08-06 05:56:33.288 14692 14692 I Finsky  : [1] xjw.a(9): Scheduling fallback in 43199995 (absolute: 1883197158)
08-06 05:56:33.293 14692 14692 I Finsky  : [1] xjw.a(9): Scheduling fallback in 64799997 (absolute: 1904797164)
08-06 05:56:33.400 14692 14692 I Finsky  : [1] xkf.handleMessage(8): SCH: DeviceState: DeviceState{currentTime=1596686193395, isCharging=false, isIdle=false, netAny=true, netNotRoaming=true, netUnmetered=true, batteryPercent=100.0}
08-06 05:56:33.407 14692 29770 I Finsky  : [6433] xmu.a(8): SCH: Jobs in database: 1-1337 3-221 3-222 12-1 24-77777777 26-1414141414 
08-06 05:56:33.410 14692 14692 I Finsky  : [1] xkg.a(16): SCH: Running job: 12-1
08-06 05:56:33.411 14692 14692 I Finsky  : [1] ContentSyncJob.a(16): [ContentSync] job started
08-06 05:56:33.412 14692 14692 I Finsky  : [1] xkf.handleMessage(61): SCH: RunningQueue size: 1, PendingQueue size: 0
08-06 05:56:33.412 14692 14692 I Finsky  : [1] xkf.handleMessage(64): SCH: Running queue: 12-1 
08-06 05:56:33.471 29802 30290 I art     : Starting a blocking GC Explicit
08-06 05:56:33.492 14692 29792 I Finsky  : [6438] dzn.a(22): Completed 0 account content syncs with 0 successful.
08-06 05:56:33.494 14692 14692 I Finsky  : [1] ContentSyncJob.a(1): [ContentSync] Installation state replication succeeded.
08-06 05:56:33.494 14692 14692 I Finsky  : [1] xlr.a(13): SCH: jobFinished: 12-1. TimeElapsed: 83ms.
08-06 05:56:33.495 14692 14692 I Finsky  : [1] xkg.a(36): SCH: Job 12-1 finished. Not rescheduling.
08-06 05:56:33.495 14692 14692 I Finsky  : [1] xkf.handleMessage(61): SCH: RunningQueue size: 0, PendingQueue size: 0
08-06 05:56:33.495 14692 14692 I Finsky  : [1] xkf.handleMessage(25): Executor finished
08-06 05:56:33.509 29802 30290 I art     : Explicit concurrent mark sweep GC freed 1293(75KB) AllocSpace objects, 1(20KB) LOS objects, 38% free, 25MB/41MB, paused 401us total 37.063ms
08-06 05:56:33.513 14692 14692 I Finsky  : [1] xow.onStartJob(3): SCH: onJobSchedulerWakeup with jobId 9016
08-06 05:56:33.518 14692 14692 I Finsky  : [1] xjw.a(9): Scheduling fallback in 43199996 (absolute: 1883197388)
08-06 05:56:33.520 14692 14692 I Finsky  : [1] xjw.a(9): Scheduling fallback in 64799999 (absolute: 1904797393)
08-06 05:56:33.523 29802 30290 I art     : Starting a blocking GC Explicit
08-06 05:56:33.528 14692 14692 I Finsky  : [1] xmu.a(8): SCH: Jobs in database: 1-1337 3-221 3-222 24-77777777 26-1414141414 
08-06 05:56:33.528 14692 14692 I Finsky  : [1] xms.run(-1): SCH: JobExecutor already running, not rescheduling
08-06 05:56:33.559 29802 30290 I art     : Explicit concurrent mark sweep GC freed 18(624B) AllocSpace objects, 0(0B) LOS objects, 38% free, 25MB/41MB, paused 399us total 35.637ms
08-06 05:56:33.573 29802 30290 I art     : Starting a blocking GC Explicit
08-06 05:56:33.607 14692 14692 I Finsky  : [1] xkf.handleMessage(8): SCH: DeviceState: DeviceState{currentTime=1596686193603, isCharging=false, isIdle=false, netAny=true, netNotRoaming=true, netUnmetered=true, batteryPercent=100.0}
08-06 05:56:33.611 29802 30290 I art     : Explicit concurrent mark sweep GC freed 3(96B) AllocSpace objects, 0(0B) LOS objects, 38% free, 25MB/41MB, paused 392us total 37.384ms
08-06 05:56:33.613 14692 29770 I Finsky  : [6433] xmu.a(8): SCH: Jobs in database: 1-1337 3-221 3-222 24-77777777 26-1414141414 
08-06 05:56:33.615 14692 14692 I Finsky  : [1] xkf.handleMessage(61): SCH: RunningQueue size: 0, PendingQueue size: 0
08-06 05:56:33.615 14692 14692 I Finsky  : [1] xkf.handleMessage(25): Executor finished
08-06 05:56:33.623 14692 14692 I Finsky  : [1] xmu.a(8): SCH: Jobs in database: 1-1337 3-221 3-222 24-77777777 26-1414141414 
08-06 05:56:33.625 29802 30290 I art     : Starting a blocking GC Explicit
08-06 05:56:33.626 14692 14692 I Finsky  : [1] xio.a(57): SCH: ConstraintMapping: 24-77777777,  -> L: 0ms, D: 54817301ms, C: false, I: true, N: 0
08-06 05:56:33.626 14692 14692 I Finsky  : [1] xio.a(57): SCH: ConstraintMapping: 1-1337,  -> L: 14959293ms, D: 58159293ms, C: false, I: false, N: 1
08-06 05:56:33.627 14692 14692 I Finsky  : [1] xio.a(57): SCH: ConstraintMapping: 3-221,  -> L: 0ms, D: 76295801ms, C: false, I: true, N: 2
08-06 05:56:33.628 14692 14692 I Finsky  : [1] xio.a(57): SCH: ConstraintMapping: 3-222,  -> L: 0ms, D: 76295874ms, C: true, I: true, N: 2
08-06 05:56:33.628 14692 14692 I Finsky  : [1] xio.a(57): SCH: ConstraintMapping: 26-1414141414,  -> L: 19607194ms, D: 20507194ms, C: false, I: false, N: 0
08-06 05:56:33.642 14692 14692 I Finsky  : [1] xle.a(34): Cancelling existing jobscheduler jobs: 9001 9018 9014 9012 9017 9013 9019 9015 
08-06 05:56:33.643 14692 14692 I Finsky  : [1] xle.a(10): Throttling wakeup for job 9000 (expected to run in 0 ms) due to recent wakeup
08-06 05:56:33.643 14692 14692 I Finsky  : [1] xle.a(27): Scheduling job Id: 9000, L: 30000, D: 54817301, C: false, I: true, N: 0
08-06 05:56:33.645 14692 14692 I Finsky  : [1] xle.a(27): Scheduling job Id: 9002, L: 14959293, D: 58159293, C: false, I: false, N: 1
08-06 05:56:33.647 14692 14692 I Finsky  : [1] xle.a(10): Throttling wakeup for job 9003 (expected to run in 0 ms) due to recent wakeup
08-06 05:56:33.647 14692 14692 I Finsky  : [1] xle.a(27): Scheduling job Id: 9003, L: 30000, D: 76295801, C: false, I: true, N: 2
08-06 05:56:33.650 14692 14692 I Finsky  : [1] xle.a(10): Throttling wakeup for job 9004 (expected to run in 0 ms) due to recent wakeup
08-06 05:56:33.651 14692 14692 I Finsky  : [1] xle.a(27): Scheduling job Id: 9004, L: 30000, D: 76295874, C: true, I: true, N: 2
08-06 05:56:33.652 14692 14692 I Finsky  : [1] xle.a(27): Scheduling job Id: 9005, L: 19607194, D: 20507194, C: false, I: false, N: 0
08-06 05:56:33.654 14692 14692 I Finsky  : [1] xle.a(10): Throttling wakeup for job 9006 (expected to run in 0 ms) due to recent wakeup
08-06 05:56:33.654 14692 14692 I Finsky  : [1] xle.a(27): Scheduling job Id: 9006, L: 30000, D: 54817301, C: false, I: true, N: 0
08-06 05:56:33.657 14692 14692 I Finsky  : [1] xle.a(27): Scheduling job Id: 9007, L: 14959293, D: 58159293, C: false, I: false, N: 1
08-06 05:56:33.659 14692 14692 I Finsky  : [1] xle.a(10): Throttling wakeup for job 9008 (expected to run in 0 ms) due to recent wakeup
08-06 05:56:33.659 14692 14692 I Finsky  : [1] xle.a(27): Scheduling job Id: 9008, L: 30000, D: 76295801, C: false, I: true, N: 2
08-06 05:56:33.661 14692 14692 I Finsky  : [1] xle.a(10): Throttling wakeup for job 9009 (expected to run in 0 ms) due to recent wakeup
08-06 05:56:33.662 14692 14692 I Finsky  : [1] xle.a(27): Scheduling job Id: 9009, L: 30000, D: 76295874, C: true, I: true, N: 2
08-06 05:56:33.662 29802 30290 I art     : Explicit concurrent mark sweep GC freed 21(1664B) AllocSpace objects, 0(0B) LOS objects, 38% free, 25MB/41MB, paused 390us total 36.418ms
08-06 05:56:33.663 14692 14692 I Finsky  : [1] xle.a(27): Scheduling job Id: 9010, L: 19607194, D: 20507194, C: false, I: false, N: 0
08-06 05:56:33.676 29802 30290 I art     : Starting a blocking GC Explicit
08-06 05:56:33.712 29802 30290 I art     : Explicit concurrent mark sweep GC freed 3(96B) AllocSpace objects, 0(0B) LOS objects, 38% free, 25MB/41MB, paused 407us total 35.491ms
08-06 05:56:33.963 30343 30343 D AndroidRuntime: >>>>>> START com.android.internal.os.RuntimeInit uid 2000 <<<<<<
08-06 05:56:33.969 30343 30343 D AndroidRuntime: CheckJNI is OFF
08-06 05:56:34.012 30343 30343 D ICU     : No timezone override file found: /data/misc/zoneinfo/current/icu/icu_tzdata.dat
08-06 05:56:34.026 29802 29813 I art     : Starting a blocking GC Explicit
08-06 05:56:34.054 30343 30343 I Radio-JNI: register_android_hardware_Radio DONE
08-06 05:56:34.067 29802 29813 I art     : Explicit concurrent mark sweep GC freed 1378(78KB) AllocSpace objects, 1(20KB) LOS objects, 38% free, 25MB/41MB, paused 477us total 40.553ms
08-06 05:56:34.082 29802 29813 I art     : Starting a blocking GC Explicit
08-06 05:56:34.084 30343 30343 D AndroidRuntime: Calling main entry com.android.commands.input.Input
08-06 05:56:34.087 30343 30343 I Input   : injectMotionEvent: MotionEvent { action=ACTION_DOWN, actionButton=0, id[0]=0, x[0]=1215.0, y[0]=1450.0, toolType[0]=TOOL_TYPE_UNKNOWN, buttonState=0, metaState=0, flags=0x0, edgeFlags=0x0, pointerCount=1, historySize=0, eventTime=856610499, downTime=856610499, deviceId=0, source=0x1002 }
08-06 05:56:34.095 30343 30343 I Input   : injectMotionEvent: MotionEvent { action=ACTION_UP, actionButton=0, id[0]=0, x[0]=1215.0, y[0]=1450.0, toolType[0]=TOOL_TYPE_UNKNOWN, buttonState=0, metaState=0, flags=0x0, edgeFlags=0x0, pointerCount=1, historySize=0, eventTime=856610499, downTime=856610499, deviceId=0, source=0x1002 }
08-06 05:56:34.096 30343 30343 D AndroidRuntime: Shutting down VM
08-06 05:56:34.102   512  2967 D audio_hw_primary: out_set_parameters: enter: usecase(1: low-latency-playback) kvpairs: routing=2
08-06 05:56:34.115   512  2967 D audio_hw_primary: select_devices: out_snd_device(2: speaker) in_snd_device(0: none)
08-06 05:56:34.116   512  2967 D msm8974_platform: platform_send_audio_calibration: sending audio calibration for snd_device(2) acdb_id(15)
08-06 05:56:34.116   512  2967 I soundtrigger: audio_extn_sound_trigger_update_device_status: device 0x2 of type 0 for Event 1
08-06 05:56:34.125 29802 29813 I art     : Explicit concurrent mark sweep GC freed 304(19KB) AllocSpace objects, 0(0B) LOS objects, 38% free, 25MB/41MB, paused 805us total 42.203ms
08-06 05:56:34.129   512  2967 D audio_hw_primary: enable_snd_device: snd_device(2: speaker)
08-06 05:56:34.131   512  2967 D audio_hw_primary: enable_audio_route: apply and update mixer path: low-latency-playback speaker
08-06 05:56:34.140 29802 29813 I art     : Starting a blocking GC Explicit
08-06 05:56:34.146   918  1209 D NetworkMonitor/NetworkAgentInfo [WIFI () - 159]: Checking http://connectivitycheck.gstatic.com/generate_204 on "H369AA63323", 192.168.2.12=192.168.2.12
08-06 05:56:34.179 29802 29813 I art     : Explicit concurrent mark sweep GC freed 314(31KB) AllocSpace objects, 0(0B) LOS objects, 38% free, 25MB/41MB, paused 598us total 39.463ms
08-06 05:56:34.193 29802 29813 I art     : Starting a blocking GC Explicit
08-06 05:56:34.222   918  1209 D NetworkMonitor/NetworkAgentInfo [WIFI () - 159]: Probably not a portal: exception java.io.IOException: unexpected end of stream on Connection{connectivitycheck.gstatic.com:80, proxy=HTTP@/192.168.2.12:8080 hostAddress=192.168.2.12 cipherSuite=none protocol=http/1.1} (recycle count=0)
08-06 05:56:34.222   918  3263 D ConnectivityService: NetworkAgentInfo [WIFI () - 159] validation failed
08-06 05:56:34.223   918  3261 E WifiConfigStore:  rewrite network history for "H369AA63323"WPA_PSK
08-06 05:56:34.230 29802 29813 I art     : Explicit concurrent mark sweep GC freed 166(8KB) AllocSpace objects, 0(0B) LOS objects, 38% free, 25MB/41MB, paused 440us total 36.460ms
08-06 05:56:34.246 29802 29813 I art     : Starting a blocking GC Explicit
08-06 05:56:34.285 29802 29813 I art     : Explicit concurrent mark sweep GC freed 831(60KB) AllocSpace objects, 1(40KB) LOS objects, 38% free, 25MB/41MB, paused 417us total 39.206ms
08-06 05:56:34.335 25535 25535 I ServiceManager: Waiting for service AtCmdFwd...
08-06 05:56:34.373   518   646 I ThermalEngine: ACTION: GPU - Setting GPU[0] to 510000000
08-06 05:56:34.559 29802 30290 I art     : Starting a blocking GC Explicit
08-06 05:56:34.599 29802 30290 I art     : Explicit concurrent mark sweep GC freed 1293(75KB) AllocSpace objects, 1(20KB) LOS objects, 38% free, 25MB/41MB, paused 515us total 38.955ms
08-06 05:56:34.613 29802 30290 I art     : Starting a blocking GC Explicit
08-06 05:56:34.646 29802 30290 I art     : Explicit concurrent mark sweep GC freed 18(624B) AllocSpace objects, 0(0B) LOS objects, 38% free, 25MB/41MB, paused 314us total 32.331ms
08-06 05:56:34.658 29802 30290 I art     : Starting a blocking GC Explicit
08-06 05:56:34.679   512  2967 D audio_hw_primary: disable_audio_route: reset and update mixer path: low-latency-playback speaker
08-06 05:56:34.680   512  2967 D audio_hw_primary: disable_snd_device: snd_device(2: speaker)
08-06 05:56:34.688   512  2967 I soundtrigger: audio_extn_sound_trigger_update_device_status: device 0x2 of type 0 for Event 0
08-06 05:56:34.690 29802 30290 I art     : Explicit concurrent mark sweep GC freed 3(96B) AllocSpace objects, 0(0B) LOS objects, 38% free, 25MB/41MB, paused 370us total 31.493ms
08-06 05:56:34.701 29802 30290 I art     : Starting a blocking GC Explicit
08-06 05:56:34.734 29802 30290 I art     : Explicit concurrent mark sweep GC freed 5(176B) AllocSpace objects, 0(0B) LOS objects, 38% free, 25MB/41MB, paused 311us total 31.886ms
08-06 05:56:34.745 29802 30290 I art     : Starting a blocking GC Explicit
08-06 05:56:34.778 29802 30290 I art     : Explicit concurrent mark sweep GC freed 3(96B) AllocSpace objects, 0(0B) LOS objects, 38% free, 25MB/41MB, paused 333us total 32.226ms
08-06 05:56:35.076 29802 29813 I art     : Starting a blocking GC Explicit
08-06 05:56:35.118 29802 29813 I art     : Explicit concurrent mark sweep GC freed 1293(75KB) AllocSpace objects, 1(20KB) LOS objects, 38% free, 25MB/41MB, paused 497us total 42.185ms
08-06 05:56:35.133 29802 29813 I art     : Starting a blocking GC Explicit
08-06 05:56:35.167 29802 29813 I art     : Explicit concurrent mark sweep GC freed 18(624B) AllocSpace objects, 0(0B) LOS objects, 38% free, 25MB/41MB, paused 355us total 34.124ms
08-06 05:56:35.180 29802 29813 I art     : Starting a blocking GC Explicit
08-06 05:56:35.214 29802 29813 I art     : Explicit concurrent mark sweep GC freed 3(96B) AllocSpace objects, 0(0B) LOS objects, 38% free, 25MB/41MB, paused 324us total 33.784ms
08-06 05:56:35.227 29802 29813 I art     : Starting a blocking GC Explicit
08-06 05:56:35.260 29802 29813 I art     : Explicit concurrent mark sweep GC freed 3(96B) AllocSpace objects, 0(0B) LOS objects, 38% free, 25MB/41MB, paused 325us total 32.986ms
08-06 05:56:35.273 29802 29813 I art     : Starting a blocking GC Explicit
08-06 05:56:35.305 29802 29813 I art     : Explicit concurrent mark sweep GC freed 3(96B) AllocSpace objects, 0(0B) LOS objects, 38% free, 25MB/41MB, paused 309us total 32.068ms
08-06 05:56:35.336 25535 25535 I ServiceManager: Waiting for service AtCmdFwd...
08-06 05:56:35.584 29802 30032 I art     : Starting a blocking GC Explicit
08-06 05:56:35.618 29802 30032 I art     : Explicit concurrent mark sweep GC freed 1293(75KB) AllocSpace objects, 1(20KB) LOS objects, 38% free, 25MB/41MB, paused 420us total 33.723ms
08-06 05:56:35.630 29802 30032 I art     : Starting a blocking GC Explicit
08-06 05:56:35.662 29802 30032 I art     : Explicit concurrent mark sweep GC freed 18(624B) AllocSpace objects, 0(0B) LOS objects, 38% free, 25MB/41MB, paused 311us total 32.170ms
08-06 05:56:35.674 29802 30032 I art     : Starting a blocking GC Explicit
08-06 05:56:35.705 29802 30032 I art     : Explicit concurrent mark sweep GC freed 3(96B) AllocSpace objects, 0(0B) LOS objects, 38% free, 25MB/41MB, paused 319us total 30.885ms
08-06 05:56:35.717 29802 30032 I art     : Starting a blocking GC Explicit
08-06 05:56:35.749 29802 30032 I art     : Explicit concurrent mark sweep GC freed 3(96B) AllocSpace objects, 0(0B) LOS objects, 38% free, 25MB/41MB, paused 543us total 31.762ms
08-06 05:56:35.755 30388 30388 D AndroidRuntime: >>>>>> START com.android.internal.os.RuntimeInit uid 2000 <<<<<<
08-06 05:56:35.760 30388 30388 D AndroidRuntime: CheckJNI is OFF
08-06 05:56:35.761 29802 30032 I art     : Starting a blocking GC Explicit
08-06 05:56:35.795 29802 30032 I art     : Explicit concurrent mark sweep GC freed 8(256B) AllocSpace objects, 0(0B) LOS objects, 38% free, 25MB/41MB, paused 360us total 33.371ms
08-06 05:56:35.796 30388 30388 D ICU     : No timezone override file found: /data/misc/zoneinfo/current/icu/icu_tzdata.dat
08-06 05:56:35.830 30388 30388 I Radio-JNI: register_android_hardware_Radio DONE
08-06 05:56:35.851 30388 30388 D AndroidRuntime: Calling main entry com.android.commands.input.Input
08-06 05:56:35.853 30388 30388 I Input   : injectMotionEvent: MotionEvent { action=ACTION_DOWN, actionButton=0, id[0]=0, x[0]=1215.0, y[0]=1482.0, toolType[0]=TOOL_TYPE_UNKNOWN, buttonState=0, metaState=0, flags=0x0, edgeFlags=0x0, pointerCount=1, historySize=0, eventTime=856612266, downTime=856612266, deviceId=0, source=0x1002 }
08-06 05:56:35.858 30388 30388 I Input   : injectMotionEvent: MotionEvent { action=ACTION_UP, actionButton=0, id[0]=0, x[0]=1215.0, y[0]=1482.0, toolType[0]=TOOL_TYPE_UNKNOWN, buttonState=0, metaState=0, flags=0x0, edgeFlags=0x0, pointerCount=1, historySize=0, eventTime=856612266, downTime=856612266, deviceId=0, source=0x1002 }
08-06 05:56:35.860 30388 30388 D AndroidRuntime: Shutting down VM
08-06 05:56:35.872   512  2967 D audio_hw_primary: out_set_parameters: enter: usecase(1: low-latency-playback) kvpairs: routing=2
08-06 05:56:35.884 29802 29802 I SettingsManager: Setting boolean: completedTutorial
08-06 05:56:35.885   512  2967 D audio_hw_primary: select_devices: out_snd_device(2: speaker) in_snd_device(0: none)
08-06 05:56:35.885   512  2967 D msm8974_platform: platform_send_audio_calibration: sending audio calibration for snd_device(2) acdb_id(15)
08-06 05:56:35.886   512  2967 I soundtrigger: audio_extn_sound_trigger_update_device_status: device 0x2 of type 0 for Event 1
08-06 05:56:35.892   918  5132 W BackupManagerService: dataChanged but no participant pkg='baseline.com.ak.uobtimetable' uid=10710
08-06 05:56:35.895 29802 29817 D OpenGLRenderer: endAllStagingAnimators on 0x7f94989400 (RippleDrawable) with handle 0x7f78da4600
08-06 05:56:35.899   512  2967 D audio_hw_primary: enable_snd_device: snd_device(2: speaker)
08-06 05:56:35.901   512  2967 D audio_hw_primary: enable_audio_route: apply and update mixer path: low-latency-playback speaker
08-06 05:56:35.904 13866 13866 I GoogleInputMethodServic: GoogleInputMethodService.onFinishInput():3138 
08-06 05:56:35.905 13866 13866 I GoogleInputMethodServic: GoogleInputMethodService.onStartInput():1808 
08-06 05:56:36.060 29802 30032 I art     : Starting a blocking GC Explicit
08-06 05:56:36.099 29802 30032 I art     : Explicit concurrent mark sweep GC freed 1744(109KB) AllocSpace objects, 2(40KB) LOS objects, 38% free, 25MB/41MB, paused 315us total 38.886ms
08-06 05:56:36.114 29802 30032 I art     : Starting a blocking GC Explicit
08-06 05:56:36.146 29802 30032 I art     : Explicit concurrent mark sweep GC freed 176(7KB) AllocSpace objects, 0(0B) LOS objects, 38% free, 25MB/41MB, paused 308us total 31.072ms
08-06 05:56:36.157 29802 30032 I art     : Starting a blocking GC Explicit
08-06 05:56:36.186 29802 30032 I art     : Explicit concurrent mark sweep GC freed 853(61KB) AllocSpace objects, 1(40KB) LOS objects, 38% free, 25MB/41MB, paused 304us total 28.994ms
08-06 05:56:36.197 29802 30032 I art     : Starting a blocking GC Explicit
08-06 05:56:36.224   918  3261 D WifiStateMachine: starting scan for "H369AA63323"WPA_PSK with 2412,5180
08-06 05:56:36.229 29802 30032 I art     : Explicit concurrent mark sweep GC freed 3(96B) AllocSpace objects, 0(0B) LOS objects, 38% free, 25MB/41MB, paused 320us total 31.638ms
08-06 05:56:36.241 29802 30032 I art     : Starting a blocking GC Explicit
08-06 05:56:36.274 29802 30032 I art     : Explicit concurrent mark sweep GC freed 3(96B) AllocSpace objects, 0(0B) LOS objects, 38% free, 25MB/41MB, paused 318us total 32.259ms
08-06 05:56:36.336 25535 25535 I ServiceManager: Waiting for service AtCmdFwd...
08-06 05:56:36.451   512  2967 D audio_hw_primary: disable_audio_route: reset and update mixer path: low-latency-playback speaker
08-06 05:56:36.454   512  2967 D audio_hw_primary: disable_snd_device: snd_device(2: speaker)
08-06 05:56:36.463   512  2967 I soundtrigger: audio_extn_sound_trigger_update_device_status: device 0x2 of type 0 for Event 0
08-06 05:56:36.576 29802 30018 I art     : Starting a blocking GC Explicit
08-06 05:56:36.618 29802 30018 I art     : Explicit concurrent mark sweep GC freed 1293(75KB) AllocSpace objects, 1(20KB) LOS objects, 38% free, 25MB/41MB, paused 457us total 41.705ms
08-06 05:56:36.632 29802 30018 I art     : Starting a blocking GC Explicit
08-06 05:56:36.666 29802 30018 I art     : Explicit concurrent mark sweep GC freed 18(624B) AllocSpace objects, 0(0B) LOS objects, 38% free, 25MB/41MB, paused 319us total 33.041ms
08-06 05:56:36.678 29802 30018 I art     : Starting a blocking GC Explicit
08-06 05:56:36.711 29802 30018 I art     : Explicit concurrent mark sweep GC freed 3(96B) AllocSpace objects, 0(0B) LOS objects, 38% free, 25MB/41MB, paused 321us total 32.960ms
08-06 05:56:36.723 29802 30018 I art     : Starting a blocking GC Explicit
08-06 05:56:36.755 29802 30018 I art     : Explicit concurrent mark sweep GC freed 3(96B) AllocSpace objects, 0(0B) LOS objects, 38% free, 25MB/41MB, paused 319us total 31.807ms
08-06 05:56:36.768 29802 30018 I art     : Waiting for a blocking GC Explicit
08-06 05:56:36.769 29802 30018 I art     : Starting a blocking GC Explicit
08-06 05:56:36.802 29802 30018 I art     : Explicit concurrent mark sweep GC freed 3(96B) AllocSpace objects, 0(0B) LOS objects, 38% free, 25MB/41MB, paused 314us total 32.666ms
08-06 05:56:37.113 29802 29813 I art     : Starting a blocking GC Explicit
08-06 05:56:37.147 29802 29813 I art     : Explicit concurrent mark sweep GC freed 1293(75KB) AllocSpace objects, 1(20KB) LOS objects, 38% free, 25MB/41MB, paused 325us total 33.818ms
08-06 05:56:37.160 29802 29813 I art     : Starting a blocking GC Explicit
08-06 05:56:37.191 29802 29813 I art     : Explicit concurrent mark sweep GC freed 18(624B) AllocSpace objects, 0(0B) LOS objects, 38% free, 25MB/41MB, paused 316us total 31.116ms
08-06 05:56:37.203 29802 29813 I art     : Starting a blocking GC Explicit
08-06 05:56:37.234 29802 29813 I art     : Explicit concurrent mark sweep GC freed 3(96B) AllocSpace objects, 0(0B) LOS objects, 38% free, 25MB/41MB, paused 326us total 30.920ms
08-06 05:56:37.245 29802 29813 I art     : Starting a blocking GC Explicit
08-06 05:56:37.277 29802 29813 I art     : Explicit concurrent mark sweep GC freed 3(96B) AllocSpace objects, 0(0B) LOS objects, 38% free, 25MB/41MB, paused 325us total 31.155ms
08-06 05:56:37.289 29802 29813 I art     : Starting a blocking GC Explicit
08-06 05:56:37.320 29802 29813 I art     : Explicit concurrent mark sweep GC freed 3(96B) AllocSpace objects, 0(0B) LOS objects, 38% free, 25MB/41MB, paused 316us total 30.981ms
08-06 05:56:37.336 25535 25535 I ServiceManager: Waiting for service AtCmdFwd...
08-06 05:56:37.517 30444 30444 D AndroidRuntime: >>>>>> START com.android.internal.os.RuntimeInit uid 2000 <<<<<<
08-06 05:56:37.522 30444 30444 D AndroidRuntime: CheckJNI is OFF
08-06 05:56:37.555 30444 30444 D ICU     : No timezone override file found: /data/misc/zoneinfo/current/icu/icu_tzdata.dat
08-06 05:56:37.588 30444 30444 I Radio-JNI: register_android_hardware_Radio DONE
08-06 05:56:37.594 29802 29814 I art     : Starting a blocking GC Explicit
08-06 05:56:37.611 30444 30444 D AndroidRuntime: Calling main entry com.android.commands.input.Input
08-06 05:56:37.613 30444 30444 I Input   : injectMotionEvent: MotionEvent { action=ACTION_DOWN, actionButton=0, id[0]=0, x[0]=81.0, y[0]=176.0, toolType[0]=TOOL_TYPE_UNKNOWN, buttonState=0, metaState=0, flags=0x0, edgeFlags=0x0, pointerCount=1, historySize=0, eventTime=856614026, downTime=856614026, deviceId=0, source=0x1002 }
08-06 05:56:37.618 30444 30444 I Input   : injectMotionEvent: MotionEvent { action=ACTION_UP, actionButton=0, id[0]=0, x[0]=81.0, y[0]=176.0, toolType[0]=TOOL_TYPE_UNKNOWN, buttonState=0, metaState=0, flags=0x0, edgeFlags=0x0, pointerCount=1, historySize=0, eventTime=856614026, downTime=856614026, deviceId=0, source=0x1002 }
08-06 05:56:37.619 30444 30444 D AndroidRuntime: Shutting down VM
08-06 05:56:37.627 29802 29814 I art     : Explicit concurrent mark sweep GC freed 1312(76KB) AllocSpace objects, 1(20KB) LOS objects, 38% free, 25MB/41MB, paused 364us total 33.099ms
08-06 05:56:37.635   512  2967 D audio_hw_primary: out_set_parameters: enter: usecase(1: low-latency-playback) kvpairs: routing=2
08-06 05:56:37.639 29802 29814 I art     : Starting a blocking GC Explicit
08-06 05:56:37.648   512  2967 D audio_hw_primary: select_devices: out_snd_device(2: speaker) in_snd_device(0: none)
08-06 05:56:37.648   512  2967 D msm8974_platform: platform_send_audio_calibration: sending audio calibration for snd_device(2) acdb_id(15)
08-06 05:56:37.649   512  2967 I soundtrigger: audio_extn_sound_trigger_update_device_status: device 0x2 of type 0 for Event 1
08-06 05:56:37.658   512  2967 D audio_hw_primary: enable_snd_device: snd_device(2: speaker)
08-06 05:56:37.661   512  2967 D audio_hw_primary: enable_audio_route: apply and update mixer path: low-latency-playback speaker
08-06 05:56:37.672 29802 29814 I art     : Explicit concurrent mark sweep GC freed 39(1648B) AllocSpace objects, 0(0B) LOS objects, 38% free, 25MB/41MB, paused 427us total 32.444ms
08-06 05:56:37.683 29802 29814 I art     : Starting a blocking GC Explicit
08-06 05:56:37.714 29802 29814 I art     : Explicit concurrent mark sweep GC freed 379(19KB) AllocSpace objects, 0(0B) LOS objects, 38% free, 25MB/41MB, paused 313us total 30.836ms
08-06 05:56:37.726 29802 29814 I art     : Starting a blocking GC Explicit
08-06 05:56:37.754 29802 29814 I art     : Explicit concurrent mark sweep GC freed 7(384B) AllocSpace objects, 0(0B) LOS objects, 38% free, 25MB/41MB, paused 282us total 27.814ms
08-06 05:56:37.765 29802 29814 I art     : Starting a blocking GC Explicit
08-06 05:56:37.793 29802 29814 I art     : Explicit concurrent mark sweep GC freed 3(96B) AllocSpace objects, 0(0B) LOS objects, 38% free, 25MB/41MB, paused 289us total 28.041ms
08-06 05:56:38.065 29802 30290 I art     : Starting a blocking GC Explicit
08-06 05:56:38.100 29802 30290 I art     : Explicit concurrent mark sweep GC freed 1296(75KB) AllocSpace objects, 1(20KB) LOS objects, 38% free, 25MB/41MB, paused 323us total 34.372ms
08-06 05:56:38.113 29802 30290 I art     : Starting a blocking GC Explicit
08-06 05:56:38.143 29802 30290 I art     : Explicit concurrent mark sweep GC freed 28(944B) AllocSpace objects, 0(0B) LOS objects, 38% free, 25MB/41MB, paused 334us total 30.034ms
08-06 05:56:38.155 29802 30290 I art     : Starting a blocking GC Explicit
08-06 05:56:38.185 29802 30290 I art     : Explicit concurrent mark sweep GC freed 3(96B) AllocSpace objects, 0(0B) LOS objects, 38% free, 25MB/41MB, paused 286us total 29.884ms
08-06 05:56:38.196 29802 30290 I art     : Starting a blocking GC Explicit
08-06 05:56:38.209   512  2967 D audio_hw_primary: disable_audio_route: reset and update mixer path: low-latency-playback speaker
08-06 05:56:38.210   512  2967 D audio_hw_primary: disable_snd_device: snd_device(2: speaker)
08-06 05:56:38.219   512  2967 I soundtrigger: audio_extn_sound_trigger_update_device_status: device 0x2 of type 0 for Event 0
08-06 05:56:38.226 29802 30290 I art     : Explicit concurrent mark sweep GC freed 3(96B) AllocSpace objects, 0(0B) LOS objects, 38% free, 25MB/41MB, paused 308us total 29.459ms
08-06 05:56:38.238 29802 30290 I art     : Starting a blocking GC Explicit
08-06 05:56:38.268 29802 30290 I art     : Explicit concurrent mark sweep GC freed 3(96B) AllocSpace objects, 0(0B) LOS objects, 38% free, 25MB/41MB, paused 287us total 30.076ms
08-06 05:56:38.337 25535 25535 I ServiceManager: Waiting for service AtCmdFwd...
08-06 05:56:38.588 29802 30290 I art     : Starting a blocking GC Explicit
08-06 05:56:38.624 29802 30290 I art     : Explicit concurrent mark sweep GC freed 1293(75KB) AllocSpace objects, 1(20KB) LOS objects, 38% free, 25MB/41MB, paused 329us total 35.895ms
08-06 05:56:38.637 29802 30290 I art     : Starting a blocking GC Explicit
08-06 05:56:38.669 29802 30290 I art     : Explicit concurrent mark sweep GC freed 20(688B) AllocSpace objects, 0(0B) LOS objects, 38% free, 25MB/41MB, paused 333us total 32.501ms
08-06 05:56:38.681 29802 30290 I art     : Starting a blocking GC Explicit
08-06 05:56:38.714 29802 30290 I art     : Explicit concurrent mark sweep GC freed 3(96B) AllocSpace objects, 0(0B) LOS objects, 38% free, 25MB/41MB, paused 318us total 32.615ms
08-06 05:56:38.726 29802 30290 I art     : Starting a blocking GC Explicit
08-06 05:56:38.759 29802 30290 I art     : Explicit concurrent mark sweep GC freed 3(96B) AllocSpace objects, 0(0B) LOS objects, 38% free, 25MB/41MB, paused 326us total 32.549ms
08-06 05:56:38.771 29802 30290 I art     : Starting a blocking GC Explicit
08-06 05:56:38.805 29802 30290 I art     : Explicit concurrent mark sweep GC freed 3(96B) AllocSpace objects, 0(0B) LOS objects, 38% free, 25MB/41MB, paused 341us total 33.157ms
08-06 05:56:39.078 29802 30018 I art     : Starting a blocking GC Explicit
08-06 05:56:39.111 29802 30018 I art     : Explicit concurrent mark sweep GC freed 1293(75KB) AllocSpace objects, 1(20KB) LOS objects, 38% free, 25MB/41MB, paused 324us total 32.933ms
08-06 05:56:39.123 29802 30018 I art     : Starting a blocking GC Explicit
08-06 05:56:39.155 29802 30018 I art     : Explicit concurrent mark sweep GC freed 18(624B) AllocSpace objects, 0(0B) LOS objects, 38% free, 25MB/41MB, paused 308us total 31.174ms
08-06 05:56:39.167 29802 30018 I art     : Starting a blocking GC Explicit
08-06 05:56:39.198 29802 30018 I art     : Explicit concurrent mark sweep GC freed 3(96B) AllocSpace objects, 0(0B) LOS objects, 38% free, 25MB/41MB, paused 320us total 31.280ms
08-06 05:56:39.210 29802 30018 I art     : Starting a blocking GC Explicit
08-06 05:56:39.241 29802 30018 I art     : Explicit concurrent mark sweep GC freed 3(96B) AllocSpace objects, 0(0B) LOS objects, 38% free, 25MB/41MB, paused 324us total 31.067ms
08-06 05:56:39.253 29802 30018 I art     : Starting a blocking GC Explicit
08-06 05:56:39.278 30489 30489 D AndroidRuntime: >>>>>> START com.android.internal.os.RuntimeInit uid 2000 <<<<<<
08-06 05:56:39.283 30489 30489 D AndroidRuntime: CheckJNI is OFF
08-06 05:56:39.284 29802 30018 I art     : Explicit concurrent mark sweep GC freed 4(128B) AllocSpace objects, 0(0B) LOS objects, 38% free, 25MB/41MB, paused 322us total 31.009ms
08-06 05:56:39.316 30489 30489 D ICU     : No timezone override file found: /data/misc/zoneinfo/current/icu/icu_tzdata.dat
08-06 05:56:39.337 25535 25535 W Atfwd_Sendcmd: AtCmdFwd service not published, waiting... retryCnt : 2
08-06 05:56:39.346 30489 30489 I Radio-JNI: register_android_hardware_Radio DONE
08-06 05:56:39.368 30489 30489 D AndroidRuntime: Calling main entry com.android.commands.input.Input
08-06 05:56:39.370 30489 30489 I Input   : injectMotionEvent: MotionEvent { action=ACTION_DOWN, actionButton=0, id[0]=0, x[0]=436.0, y[0]=1770.0, toolType[0]=TOOL_TYPE_UNKNOWN, buttonState=0, metaState=0, flags=0x0, edgeFlags=0x0, pointerCount=1, historySize=0, eventTime=856615782, downTime=856615782, deviceId=0, source=0x1002 }
08-06 05:56:39.376 30489 30489 I Input   : injectMotionEvent: MotionEvent { action=ACTION_UP, actionButton=0, id[0]=0, x[0]=436.0, y[0]=1770.0, toolType[0]=TOOL_TYPE_UNKNOWN, buttonState=0, metaState=0, flags=0x0, edgeFlags=0x0, pointerCount=1, historySize=0, eventTime=856615782, downTime=856615782, deviceId=0, source=0x1002 }
08-06 05:56:39.378 30489 30489 D AndroidRuntime: Shutting down VM
08-06 05:56:39.387 29802 29802 D MainActivity: NavigationItemSelected: Courses
08-06 05:56:39.388   918  3696 I ActivityManager: START u0 {cmp=baseline.com.ak.uobtimetable/.CourseListActivity} from uid 10710 on display 0
08-06 05:56:39.390   512  2967 D audio_hw_primary: out_set_parameters: enter: usecase(1: low-latency-playback) kvpairs: routing=2
08-06 05:56:39.403   512  2967 D audio_hw_primary: select_devices: out_snd_device(2: speaker) in_snd_device(0: none)
08-06 05:56:39.403   512  2967 D msm8974_platform: platform_send_audio_calibration: sending audio calibration for snd_device(2) acdb_id(15)
08-06 05:56:39.403   512  2967 I soundtrigger: audio_extn_sound_trigger_update_device_status: device 0x2 of type 0 for Event 1
08-06 05:56:39.413 29802 29802 D MainActivity: OnPause
08-06 05:56:39.414   512  2967 D audio_hw_primary: enable_snd_device: snd_device(2: speaker)
08-06 05:56:39.416   512  2967 D audio_hw_primary: enable_audio_route: apply and update mixer path: low-latency-playback speaker
08-06 05:56:39.440 29802 29802 D CourseListActivity: onCreate
08-06 05:56:39.442 29802 30517 D HTTP    : Request for: https://uob-timetable-api.adriankeenan.co.uk/courses
08-06 05:56:39.508   918   936 I ActivityManager: Displayed baseline.com.ak.uobtimetable/.CourseListActivity: +94ms
08-06 05:56:39.509 13866 13866 I GoogleInputMethodServic: GoogleInputMethodService.onFinishInput():3138 
08-06 05:56:39.509 13866 13866 I GoogleInputMethodServic: GoogleInputMethodService.onStartInput():1808 
08-06 05:56:39.547 29802 29813 I art     : Starting a blocking GC Explicit
08-06 05:56:39.581 29802 29813 I art     : Explicit concurrent mark sweep GC freed 4071(224KB) AllocSpace objects, 1(20KB) LOS objects, 38% free, 25MB/41MB, paused 568us total 34.031ms
08-06 05:56:39.593 29802 29813 I art     : Starting a blocking GC Explicit
08-06 05:56:39.623 29802 29813 I art     : Explicit concurrent mark sweep GC freed 2902(156KB) AllocSpace objects, 2(160KB) LOS objects, 37% free, 26MB/42MB, paused 373us total 30.097ms
08-06 05:56:39.635 29802 29813 I art     : Starting a blocking GC Explicit
08-06 05:56:39.662 29802 30517 I NAPPA_EXPERIMENTATION: MetricNetworkRequestExecutionTime: REQUEST_DURATION_SYSTEM='220',REQUEST_DURATION_OKHTTP='37',REQUEST_SYNCHRONOUS='TRUE',RESPONSE_CODE='200',RESPONSE_METHOD='GET',RESPONSE_LENGTH_OKHTTP='-1',RESPONSE_LENGTH_HEADER='-2',REQUEST_PROTOCOL='http/1.1',REQUEST_URL='https://uob-timetable-api.adriankeenan.co.uk/courses',
08-06 05:56:39.665 29802 29813 I art     : Explicit concurrent mark sweep GC freed 1149(133KB) AllocSpace objects, 1(40KB) LOS objects, 38% free, 26MB/42MB, paused 341us total 29.732ms
08-06 05:56:39.677 29802 29813 I art     : Starting a blocking GC Explicit
08-06 05:56:39.711 29802 29813 I art     : Explicit concurrent mark sweep GC freed 63(2592B) AllocSpace objects, 0(0B) LOS objects, 36% free, 28MB/44MB, paused 387us total 33.565ms
08-06 05:56:39.723 29802 29813 I art     : Starting a blocking GC Explicit
08-06 05:56:39.754 29802 29813 I art     : Explicit concurrent mark sweep GC freed 21(608B) AllocSpace objects, 0(0B) LOS objects, 33% free, 31MB/47MB, paused 434us total 30.531ms
08-06 05:56:39.906 29802 29802 D MainActivity: Saving state
08-06 05:56:39.906 29802 29802 D MainActivity: Saving current fragment: SessionListsFragment
08-06 05:56:39.906 29802 29802 D MainActivity: Saving current index: 3
08-06 05:56:39.907 29802 29802 D SessionListsFragment: Saving state
08-06 05:56:39.958   512  2967 D audio_hw_primary: disable_audio_route: reset and update mixer path: low-latency-playback speaker
08-06 05:56:39.959   512  2967 D audio_hw_primary: disable_snd_device: snd_device(2: speaker)
08-06 05:56:39.967   512  2967 I soundtrigger: audio_extn_sound_trigger_update_device_status: device 0x2 of type 0 for Event 0
08-06 05:56:40.039 29802 30517 I HTTP    : Response was compressed.
08-06 05:56:40.044 29802 29814 I art     : Starting a blocking GC Explicit
08-06 05:56:40.081 29802 29814 I art     : Explicit concurrent mark sweep GC freed 18249(845KB) AllocSpace objects, 2(22MB) LOS objects, 27% free, 41MB/57MB, paused 557us total 36.856ms
08-06 05:56:40.092 29802 29814 I art     : Starting a blocking GC Explicit
08-06 05:56:40.125 29802 29814 I art     : Explicit concurrent mark sweep GC freed 28121(1313KB) AllocSpace objects, 0(0B) LOS objects, 27% free, 41MB/57MB, paused 515us total 32.683ms
08-06 05:56:40.137 29802 29814 I art     : Starting a blocking GC Explicit
08-06 05:56:40.174 29802 29814 I art     : Explicit concurrent mark sweep GC freed 26005(1249KB) AllocSpace objects, 0(0B) LOS objects, 27% free, 41MB/57MB, paused 675us total 35.890ms
08-06 05:56:40.185 29802 29814 I art     : Starting a blocking GC Explicit
08-06 05:56:40.220 29802 29814 I art     : Explicit concurrent mark sweep GC freed 25960(1220KB) AllocSpace objects, 0(0B) LOS objects, 27% free, 41MB/57MB, paused 601us total 34.703ms
08-06 05:56:40.232 29802 29814 I art     : Starting a blocking GC Explicit
08-06 05:56:40.268 29802 29814 I art     : Explicit concurrent mark sweep GC freed 26410(1234KB) AllocSpace objects, 0(0B) LOS objects, 27% free, 42MB/58MB, paused 628us total 35.731ms
08-06 05:56:40.571 29802 29813 I art     : Starting a blocking GC Explicit
08-06 05:56:40.631 29802 29813 I art     : Explicit concurrent mark sweep GC freed 189931(8MB) AllocSpace objects, 1(20KB) LOS objects, 26% free, 43MB/59MB, paused 585us total 60.237ms
08-06 05:56:40.645 29802 29813 I art     : Starting a blocking GC Explicit
08-06 05:56:40.684 29802 29813 I art     : Explicit concurrent mark sweep GC freed 35808(1691KB) AllocSpace objects, 0(0B) LOS objects, 26% free, 43MB/59MB, paused 723us total 38.789ms
08-06 05:56:40.698 29802 29813 I art     : Starting a blocking GC Explicit
08-06 05:56:40.738 29802 29813 I art     : Explicit concurrent mark sweep GC freed 29891(1412KB) AllocSpace objects, 0(0B) LOS objects, 26% free, 43MB/59MB, paused 682us total 39.939ms
08-06 05:56:40.751 29802 29813 I art     : Starting a blocking GC Explicit
08-06 05:56:40.792 29802 29813 I art     : Explicit concurrent mark sweep GC freed 29958(1409KB) AllocSpace objects, 0(0B) LOS objects, 26% free, 44MB/60MB, paused 824us total 40.625ms
08-06 05:56:40.806 29802 29813 I art     : Starting a blocking GC Explicit
08-06 05:56:40.847 29802 29813 I art     : Explicit concurrent mark sweep GC freed 29972(1411KB) AllocSpace objects, 0(0B) LOS objects, 26% free, 44MB/60MB, paused 767us total 41.331ms
08-06 05:56:41.137 29802 29813 I art     : Starting a blocking GC Explicit
08-06 05:56:41.202 29802 29813 I art     : Explicit concurrent mark sweep GC freed 185433(8MB) AllocSpace objects, 1(20KB) LOS objects, 25% free, 46MB/62MB, paused 736us total 64.194ms
08-06 05:56:41.217 29802 29813 I art     : Starting a blocking GC Explicit
08-06 05:56:41.263 29802 29813 I art     : Explicit concurrent mark sweep GC freed 39507(1885KB) AllocSpace objects, 0(0B) LOS objects, 25% free, 46MB/62MB, paused 835us total 45.774ms
08-06 05:56:41.277 29802 29813 I art     : Starting a blocking GC Explicit
08-06 05:56:41.323 29802 29813 I art     : Explicit concurrent mark sweep GC freed 33090(1560KB) AllocSpace objects, 0(0B) LOS objects, 25% free, 46MB/62MB, paused 897us total 44.892ms
08-06 05:56:41.337 29802 29813 I art     : Starting a blocking GC Explicit
08-06 05:56:41.385   518   646 I ThermalEngine: ACTION: GPU - Setting GPU[0] to 450000000
08-06 05:56:41.385 29802 29813 I art     : Explicit concurrent mark sweep GC freed 33232(1553KB) AllocSpace objects, 0(0B) LOS objects, 25% free, 46MB/62MB, paused 905us total 48.023ms
08-06 05:56:41.404 29802 29813 I art     : Starting a blocking GC Explicit
08-06 05:56:41.464 29802 29813 I art     : Explicit concurrent mark sweep GC freed 41871(1963KB) AllocSpace objects, 0(0B) LOS objects, 25% free, 46MB/62MB, paused 1.175ms total 60.248ms
08-06 05:56:41.770 29802 30032 I art     : Starting a blocking GC Explicit
08-06 05:56:41.856 29802 30032 I art     : Explicit concurrent mark sweep GC freed 201436(9MB) AllocSpace objects, 1(20KB) LOS objects, 24% free, 48MB/64MB, paused 1.112ms total 85.552ms
08-06 05:56:41.856 29802 29812 I art     : WaitForGcToComplete blocked for 54.089ms for cause HeapTrim
08-06 05:56:41.878 29802 30032 I art     : Starting a blocking GC Explicit
08-06 05:56:41.943 29802 30032 I art     : Explicit concurrent mark sweep GC freed 54520(2MB) AllocSpace objects, 0(0B) LOS objects, 24% free, 48MB/64MB, paused 1.239ms total 64.512ms
08-06 05:56:41.963 29802 30032 I art     : Starting a blocking GC Explicit
08-06 05:56:42.029 29802 30032 I art     : Explicit concurrent mark sweep GC freed 46996(2MB) AllocSpace objects, 0(0B) LOS objects, 24% free, 49MB/65MB, paused 1.293ms total 65.981ms
08-06 05:56:42.050 29802 30032 I art     : Starting a blocking GC Explicit
08-06 05:56:42.117 29802 30032 I art     : Explicit concurrent mark sweep GC freed 47169(2MB) AllocSpace objects, 0(0B) LOS objects, 24% free, 49MB/65MB, paused 1.371ms total 67.644ms
08-06 05:56:42.138 29802 30032 I art     : Starting a blocking GC Explicit
08-06 05:56:42.206 29802 30032 I art     : Explicit concurrent mark sweep GC freed 47430(2MB) AllocSpace objects, 0(0B) LOS objects, 24% free, 49MB/65MB, paused 1.463ms total 67.813ms
08-06 05:56:42.529 29802 29814 I art     : Starting a blocking GC Explicit
08-06 05:56:42.623 29802 29814 I art     : Explicit concurrent mark sweep GC freed 213399(9MB) AllocSpace objects, 1(20KB) LOS objects, 23% free, 51MB/67MB, paused 1.260ms total 94.525ms
08-06 05:56:42.647 29802 29814 I art     : Starting a blocking GC Explicit
08-06 05:56:42.722 29802 29814 I art     : Explicit concurrent mark sweep GC freed 59625(2MB) AllocSpace objects, 0(0B) LOS objects, 23% free, 51MB/67MB, paused 1.383ms total 74.957ms
08-06 05:56:42.745 29802 29814 I art     : Starting a blocking GC Explicit
08-06 05:56:42.806 29802 30517 I Service : getCourses response time: 0.69
08-06 05:56:42.810 29802 29802 I SettingsManager: Getting string: savedCourse
08-06 05:56:42.819 29802 29814 I art     : Explicit concurrent mark sweep GC freed 50855(2MB) AllocSpace objects, 0(0B) LOS objects, 23% free, 52MB/68MB, paused 885us total 73.876ms
08-06 05:56:42.841 29802 29814 I art     : Starting a blocking GC Explicit
08-06 05:56:42.913 29802 29814 I art     : Explicit concurrent mark sweep GC freed 3115(143KB) AllocSpace objects, 1(14MB) LOS objects, 30% free, 37MB/53MB, paused 1.064ms total 71.427ms
08-06 05:56:42.936 29802 29814 I art     : Starting a blocking GC Explicit
08-06 05:56:43.012 29802 29814 I art     : Explicit concurrent mark sweep GC freed 340(13KB) AllocSpace objects, 0(0B) LOS objects, 30% free, 37MB/53MB, paused 497us total 75.548ms
08-06 05:56:43.367 29802 30018 I art     : Starting a blocking GC Explicit
08-06 05:56:43.470 29802 30018 I art     : Explicit concurrent mark sweep GC freed 1902(134KB) AllocSpace objects, 1(20KB) LOS objects, 30% free, 37MB/53MB, paused 561us total 102.728ms
08-06 05:56:43.499 29802 30018 I art     : Starting a blocking GC Explicit
08-06 05:56:43.579 29802 30018 I art     : Explicit concurrent mark sweep GC freed 18(624B) AllocSpace objects, 0(0B) LOS objects, 30% free, 37MB/53MB, paused 495us total 79.714ms
08-06 05:56:43.604 29802 30018 I art     : Starting a blocking GC Explicit
08-06 05:56:43.685 29802 30018 I art     : Explicit concurrent mark sweep GC freed 3(96B) AllocSpace objects, 0(0B) LOS objects, 30% free, 37MB/53MB, paused 457us total 80.064ms
08-06 05:56:43.710 29802 30018 I art     : Starting a blocking GC Explicit
08-06 05:56:43.791 29802 30018 I art     : Explicit concurrent mark sweep GC freed 3(96B) AllocSpace objects, 0(0B) LOS objects, 30% free, 37MB/53MB, paused 459us total 80.960ms
08-06 05:56:43.816 29802 30018 I art     : Starting a blocking GC Explicit
08-06 05:56:43.894 29802 30018 I art     : Explicit concurrent mark sweep GC freed 3(96B) AllocSpace objects, 0(0B) LOS objects, 30% free, 37MB/53MB, paused 488us total 78.242ms
08-06 05:56:44.265 29802 30032 I art     : Starting a blocking GC Explicit
08-06 05:56:44.373 29802 30032 I art     : Explicit concurrent mark sweep GC freed 1293(75KB) AllocSpace objects, 1(20KB) LOS objects, 30% free, 37MB/53MB, paused 519us total 107.108ms
08-06 05:56:44.390   518   646 I ThermalEngine: ACTION: GPU - Setting GPU[0] to 510000000
08-06 05:56:44.398 29802 30032 I art     : Starting a blocking GC Explicit
08-06 05:56:44.476 29802 30032 I art     : Explicit concurrent mark sweep GC freed 19(656B) AllocSpace objects, 0(0B) LOS objects, 30% free, 37MB/53MB, paused 461us total 77.556ms
08-06 05:56:44.501 29802 30032 I art     : Starting a blocking GC Explicit
08-06 05:56:44.581 29802 30032 I art     : Explicit concurrent mark sweep GC freed 4(128B) AllocSpace objects, 0(0B) LOS objects, 30% free, 37MB/53MB, paused 452us total 79.231ms
08-06 05:56:44.605 29802 30032 I art     : Starting a blocking GC Explicit
08-06 05:56:44.682 29802 30032 I art     : Explicit concurrent mark sweep GC freed 15(480B) AllocSpace objects, 0(0B) LOS objects, 30% free, 37MB/53MB, paused 441us total 76.074ms
08-06 05:56:44.706 29802 30032 I art     : Starting a blocking GC Explicit
08-06 05:56:44.777 29802 30032 I art     : Explicit concurrent mark sweep GC freed 34(1888B) AllocSpace objects, 0(0B) LOS objects, 30% free, 37MB/53MB, paused 511us total 70.552ms
08-06 05:56:45.127 29802 30018 I art     : Starting a blocking GC Explicit
08-06 05:56:45.215 29802 30018 I art     : Explicit concurrent mark sweep GC freed 1299(75KB) AllocSpace objects, 1(20KB) LOS objects, 30% free, 37MB/53MB, paused 450us total 86.899ms
08-06 05:56:45.239 29802 30018 I art     : Starting a blocking GC Explicit
08-06 05:56:45.320 29802 30018 I art     : Explicit concurrent mark sweep GC freed 18(624B) AllocSpace objects, 0(0B) LOS objects, 30% free, 37MB/53MB, paused 481us total 81.128ms
08-06 05:56:45.346 29802 30018 I art     : Starting a blocking GC Explicit
08-06 05:56:45.417 29802 30018 I art     : Explicit concurrent mark sweep GC freed 3(96B) AllocSpace objects, 0(0B) LOS objects, 30% free, 37MB/53MB, paused 483us total 71.231ms
08-06 05:56:45.438 29802 30018 I art     : Starting a blocking GC Explicit
08-06 05:56:45.499 29802 30018 I art     : Explicit concurrent mark sweep GC freed 3(96B) AllocSpace objects, 0(0B) LOS objects, 30% free, 37MB/53MB, paused 363us total 60.286ms
08-06 05:56:45.519 29802 30018 I art     : Starting a blocking GC Explicit
08-06 05:56:45.579 29802 30018 I art     : Explicit concurrent mark sweep GC freed 3(96B) AllocSpace objects, 0(0B) LOS objects, 30% free, 37MB/53MB, paused 363us total 59.353ms
08-06 05:56:45.872 29802 30290 I art     : Starting a blocking GC Explicit
08-06 05:56:45.943 29802 30290 I art     : Explicit concurrent mark sweep GC freed 1293(75KB) AllocSpace objects, 1(20KB) LOS objects, 30% free, 37MB/53MB, paused 378us total 70.099ms
08-06 05:56:45.963 29802 30290 I art     : Starting a blocking GC Explicit
08-06 05:56:46.022 29802 30290 I art     : Explicit concurrent mark sweep GC freed 18(624B) AllocSpace objects, 0(0B) LOS objects, 30% free, 37MB/53MB, paused 358us total 59.231ms
08-06 05:56:46.041 29802 30290 I art     : Starting a blocking GC Explicit
08-06 05:56:46.073 30605 30605 D AndroidRuntime: >>>>>> START com.android.internal.os.RuntimeInit uid 2000 <<<<<<
08-06 05:56:46.078 30605 30605 D AndroidRuntime: CheckJNI is OFF
08-06 05:56:46.097 29802 30290 I art     : Explicit concurrent mark sweep GC freed 3(96B) AllocSpace objects, 0(0B) LOS objects, 30% free, 37MB/53MB, paused 357us total 55.168ms
08-06 05:56:46.115 29802 30290 I art     : Starting a blocking GC Explicit
08-06 05:56:46.117 30605 30605 D ICU     : No timezone override file found: /data/misc/zoneinfo/current/icu/icu_tzdata.dat
08-06 05:56:46.151 30605 30605 I Radio-JNI: register_android_hardware_Radio DONE
08-06 05:56:46.170 29802 30290 I art     : Explicit concurrent mark sweep GC freed 3(96B) AllocSpace objects, 0(0B) LOS objects, 30% free, 37MB/53MB, paused 346us total 54.654ms
08-06 05:56:46.173 30605 30605 D AndroidRuntime: Calling main entry com.android.commands.input.Input
08-06 05:56:46.175 30605 30605 I Input   : injectMotionEvent: MotionEvent { action=ACTION_DOWN, actionButton=0, id[0]=0, x[0]=558.0, y[0]=368.0, toolType[0]=TOOL_TYPE_UNKNOWN, buttonState=0, metaState=0, flags=0x0, edgeFlags=0x0, pointerCount=1, historySize=0, eventTime=856622587, downTime=856622587, deviceId=0, source=0x1002 }
08-06 05:56:46.181 30605 30605 I Input   : injectMotionEvent: MotionEvent { action=ACTION_UP, actionButton=0, id[0]=0, x[0]=558.0, y[0]=368.0, toolType[0]=TOOL_TYPE_UNKNOWN, buttonState=0, metaState=0, flags=0x0, edgeFlags=0x0, pointerCount=1, historySize=0, eventTime=856622587, downTime=856622587, deviceId=0, source=0x1002 }
08-06 05:56:46.182 30605 30605 D AndroidRuntime: Shutting down VM
08-06 05:56:46.189 29802 30290 I art     : Starting a blocking GC Explicit
08-06 05:56:46.242 29802 30290 I art     : Explicit concurrent mark sweep GC freed 177(32KB) AllocSpace objects, 0(0B) LOS objects, 30% free, 37MB/53MB, paused 360us total 52.943ms
08-06 05:56:46.518 29802 29813 I art     : Starting a blocking GC Explicit
08-06 05:56:46.587 29802 29813 I art     : Explicit concurrent mark sweep GC freed 2101(142KB) AllocSpace objects, 1(20KB) LOS objects, 30% free, 37MB/53MB, paused 310us total 68.781ms
08-06 05:56:46.609 29802 29813 I art     : Starting a blocking GC Explicit
08-06 05:56:46.664 29802 29813 I art     : Explicit concurrent mark sweep GC freed 338(15KB) AllocSpace objects, 0(0B) LOS objects, 30% free, 37MB/53MB, paused 391us total 54.630ms
08-06 05:56:46.684 29802 29813 I art     : Starting a blocking GC Explicit
08-06 05:56:46.737 29802 29813 I art     : Explicit concurrent mark sweep GC freed 24(1072B) AllocSpace objects, 0(0B) LOS objects, 30% free, 37MB/53MB, paused 332us total 52.884ms
08-06 05:56:46.757 29802 29813 I art     : Starting a blocking GC Explicit
08-06 05:56:46.813 29802 29813 I art     : Explicit concurrent mark sweep GC freed 16(512B) AllocSpace objects, 0(0B) LOS objects, 30% free, 37MB/53MB, paused 318us total 55.151ms
08-06 05:56:46.834 29802 29813 I art     : Starting a blocking GC Explicit
08-06 05:56:46.887 29802 29813 I art     : Explicit concurrent mark sweep GC freed 9(320B) AllocSpace objects, 0(0B) LOS objects, 30% free, 37MB/53MB, paused 313us total 52.460ms
08-06 05:56:47.193 29802 30018 I art     : Starting a blocking GC Explicit
08-06 05:56:47.273 29802 30018 I art     : Explicit concurrent mark sweep GC freed 1334(77KB) AllocSpace objects, 1(20KB) LOS objects, 30% free, 37MB/53MB, paused 354us total 79.645ms
08-06 05:56:47.293 29802 30018 I art     : Starting a blocking GC Explicit
08-06 05:56:47.355 29802 30018 I art     : Explicit concurrent mark sweep GC freed 18(624B) AllocSpace objects, 0(0B) LOS objects, 30% free, 37MB/53MB, paused 352us total 61.057ms
08-06 05:56:47.376 29802 30018 I art     : Starting a blocking GC Explicit
08-06 05:56:47.436 29802 30018 I art     : Explicit concurrent mark sweep GC freed 3(96B) AllocSpace objects, 0(0B) LOS objects, 30% free, 37MB/53MB, paused 332us total 60.467ms
08-06 05:56:47.455 29802 30018 I art     : Starting a blocking GC Explicit
08-06 05:56:47.512 29802 30018 I art     : Explicit concurrent mark sweep GC freed 3(96B) AllocSpace objects, 0(0B) LOS objects, 30% free, 37MB/53MB, paused 341us total 56.112ms
08-06 05:56:47.530 29802 30018 I art     : Starting a blocking GC Explicit
08-06 05:56:47.589 29802 30018 I art     : Explicit concurrent mark sweep GC freed 3(96B) AllocSpace objects, 0(0B) LOS objects, 30% free, 37MB/53MB, paused 350us total 58.161ms
08-06 05:56:47.824 30650 30650 D AndroidRuntime: >>>>>> START com.android.internal.os.RuntimeInit uid 2000 <<<<<<
08-06 05:56:47.829 30650 30650 D AndroidRuntime: CheckJNI is OFF
08-06 05:56:47.864 30650 30650 D ICU     : No timezone override file found: /data/misc/zoneinfo/current/icu/icu_tzdata.dat
08-06 05:56:47.893 29802 29814 I art     : Starting a blocking GC Explicit
08-06 05:56:47.901 30650 30650 I Radio-JNI: register_android_hardware_Radio DONE
08-06 05:56:47.926 30650 30650 D AndroidRuntime: Calling main entry com.android.commands.input.Input
08-06 05:56:47.929 30650 30650 I Input   : injectMotionEvent: MotionEvent { action=ACTION_DOWN, actionButton=0, id[0]=0, x[0]=945.0, y[0]=1376.0, toolType[0]=TOOL_TYPE_UNKNOWN, buttonState=0, metaState=0, flags=0x0, edgeFlags=0x0, pointerCount=1, historySize=0, eventTime=856624341, downTime=856624341, deviceId=0, source=0x1002 }
08-06 05:56:47.936 30650 30650 I Input   : injectMotionEvent: MotionEvent { action=ACTION_UP, actionButton=0, id[0]=0, x[0]=945.0, y[0]=1376.0, toolType[0]=TOOL_TYPE_UNKNOWN, buttonState=0, metaState=0, flags=0x0, edgeFlags=0x0, pointerCount=1, historySize=0, eventTime=856624341, downTime=856624341, deviceId=0, source=0x1002 }
08-06 05:56:47.939 30650 30650 D AndroidRuntime: Shutting down VM
08-06 05:56:47.959 29802 29814 I art     : Explicit concurrent mark sweep GC freed 1318(76KB) AllocSpace objects, 1(20KB) LOS objects, 30% free, 37MB/53MB, paused 382us total 65.865ms
08-06 05:56:47.979 29802 29814 I art     : Starting a blocking GC Explicit
08-06 05:56:48.014   512  2967 D audio_hw_primary: out_set_parameters: enter: usecase(1: low-latency-playback) kvpairs: routing=2
08-06 05:56:48.027   512  2967 D audio_hw_primary: select_devices: out_snd_device(2: speaker) in_snd_device(0: none)
08-06 05:56:48.027   512  2967 D msm8974_platform: platform_send_audio_calibration: sending audio calibration for snd_device(2) acdb_id(15)
08-06 05:56:48.027   512  2967 I soundtrigger: audio_extn_sound_trigger_update_device_status: device 0x2 of type 0 for Event 1
08-06 05:56:48.031 13866 13866 I GoogleInputMethodServic: GoogleInputMethodService.onFinishInput():3138 
08-06 05:56:48.031 13866 13866 I GoogleInputMethodServic: GoogleInputMethodService.onStartInput():1808 
08-06 05:56:48.032 29802 29814 I art     : Explicit concurrent mark sweep GC freed 71(3KB) AllocSpace objects, 0(0B) LOS objects, 30% free, 37MB/53MB, paused 546us total 53.210ms
08-06 05:56:48.037   512  2967 D audio_hw_primary: enable_snd_device: snd_device(2: speaker)
08-06 05:56:48.040   512  2967 D audio_hw_primary: enable_audio_route: apply and update mixer path: low-latency-playback speaker
08-06 05:56:48.054 29802 29814 I art     : Starting a blocking GC Explicit
08-06 05:56:48.055 13866 13866 I GoogleInputMethodServic: GoogleInputMethodService.onFinishInput():3138 
08-06 05:56:48.056 13866 13866 I GoogleInputMethodServic: GoogleInputMethodService.onStartInput():1808 
08-06 05:56:48.114 29802 29814 I art     : Explicit concurrent mark sweep GC freed 838(50KB) AllocSpace objects, 0(0B) LOS objects, 30% free, 37MB/53MB, paused 400us total 59.774ms
08-06 05:56:48.133 29802 29814 I art     : Starting a blocking GC Explicit
08-06 05:56:48.192 29802 29814 I art     : Explicit concurrent mark sweep GC freed 777(64KB) AllocSpace objects, 0(0B) LOS objects, 30% free, 37MB/53MB, paused 351us total 58.103ms
08-06 05:56:48.211 29802 29814 I art     : Starting a blocking GC Explicit
08-06 05:56:48.269 29802 29814 I art     : Explicit concurrent mark sweep GC freed 5(160B) AllocSpace objects, 0(0B) LOS objects, 30% free, 37MB/53MB, paused 364us total 57.696ms
08-06 05:56:48.367 29802 29817 D OpenGLRenderer: endAllStagingAnimators on 0x7f78d6ec00 (ListPopupWindow$DropDownListView) with handle 0x7f79f33d60
08-06 05:56:48.561 29802 30032 I art     : Starting a blocking GC Explicit
08-06 05:56:48.579   512  2967 D audio_hw_primary: disable_audio_route: reset and update mixer path: low-latency-playback speaker
08-06 05:56:48.580   512  2967 D audio_hw_primary: disable_snd_device: snd_device(2: speaker)
08-06 05:56:48.588   512  2967 I soundtrigger: audio_extn_sound_trigger_update_device_status: device 0x2 of type 0 for Event 0
08-06 05:56:48.633 29802 30032 I art     : Explicit concurrent mark sweep GC freed 1409(80KB) AllocSpace objects, 1(20KB) LOS objects, 30% free, 37MB/53MB, paused 370us total 71.333ms
08-06 05:56:48.653 29802 30032 I art     : Starting a blocking GC Explicit
08-06 05:56:48.715 29802 30032 I art     : Explicit concurrent mark sweep GC freed 574(38KB) AllocSpace objects, 0(0B) LOS objects, 30% free, 37MB/53MB, paused 352us total 61.169ms
08-06 05:56:48.735 29802 30032 I art     : Starting a blocking GC Explicit
08-06 05:56:48.796 29802 30032 I art     : Explicit concurrent mark sweep GC freed 3(96B) AllocSpace objects, 0(0B) LOS objects, 30% free, 37MB/53MB, paused 360us total 60.541ms
08-06 05:56:48.815 29802 30032 I art     : Starting a blocking GC Explicit
08-06 05:56:48.878 29802 30032 I art     : Explicit concurrent mark sweep GC freed 3(96B) AllocSpace objects, 0(0B) LOS objects, 30% free, 37MB/53MB, paused 369us total 62.533ms
08-06 05:56:48.898 29802 30032 I art     : Starting a blocking GC Explicit
08-06 05:56:48.956 29802 30032 I art     : Explicit concurrent mark sweep GC freed 3(96B) AllocSpace objects, 0(0B) LOS objects, 30% free, 37MB/53MB, paused 363us total 57.630ms
08-06 05:56:49.259 29802 30018 I art     : Starting a blocking GC Explicit
08-06 05:56:49.324 29802 30018 I art     : Explicit concurrent mark sweep GC freed 1293(75KB) AllocSpace objects, 1(20KB) LOS objects, 30% free, 37MB/53MB, paused 367us total 64.496ms
08-06 05:56:49.338 25535 25535 I ServiceManager: Waiting for service AtCmdFwd...
08-06 05:56:49.344 29802 30018 I art     : Starting a blocking GC Explicit
08-06 05:56:49.400   518   646 I ThermalEngine: ACTION: GPU - Setting GPU[0] to 450000000
08-06 05:56:49.401 29802 30018 I art     : Explicit concurrent mark sweep GC freed 18(624B) AllocSpace objects, 0(0B) LOS objects, 30% free, 37MB/53MB, paused 1.812ms total 57.099ms
08-06 05:56:49.424 29802 30018 I art     : Starting a blocking GC Explicit
08-06 05:56:49.495 29802 30018 I art     : Explicit concurrent mark sweep GC freed 3(96B) AllocSpace objects, 0(0B) LOS objects, 30% free, 37MB/53MB, paused 440us total 71.173ms
08-06 05:56:49.519 29802 30018 I art     : Starting a blocking GC Explicit
08-06 05:56:49.590 29802 30018 I art     : Explicit concurrent mark sweep GC freed 3(96B) AllocSpace objects, 0(0B) LOS objects, 30% free, 37MB/53MB, paused 462us total 71.301ms
08-06 05:56:49.614 29802 30018 I art     : Starting a blocking GC Explicit
08-06 05:56:49.674 30689 30689 D AndroidRuntime: >>>>>> START com.android.internal.os.RuntimeInit uid 2000 <<<<<<
08-06 05:56:49.679 30689 30689 D AndroidRuntime: CheckJNI is OFF
08-06 05:56:49.691 29802 30018 I art     : Explicit concurrent mark sweep GC freed 3(96B) AllocSpace objects, 0(0B) LOS objects, 30% free, 37MB/53MB, paused 473us total 76.945ms
08-06 05:56:49.726 30689 30689 D ICU     : No timezone override file found: /data/misc/zoneinfo/current/icu/icu_tzdata.dat
08-06 05:56:49.764 30689 30689 I Radio-JNI: register_android_hardware_Radio DONE
08-06 05:56:49.791 30689 30689 D AndroidRuntime: Calling main entry com.android.commands.input.Input
08-06 05:56:49.793 30689 30689 I Input   : injectMotionEvent: MotionEvent { action=ACTION_DOWN, actionButton=0, id[0]=0, x[0]=481.0, y[0]=544.0, toolType[0]=TOOL_TYPE_UNKNOWN, buttonState=0, metaState=0, flags=0x0, edgeFlags=0x0, pointerCount=1, historySize=0, eventTime=856626206, downTime=856626206, deviceId=0, source=0x1002 }
08-06 05:56:49.798 30689 30689 I Input   : injectMotionEvent: MotionEvent { action=ACTION_UP, actionButton=0, id[0]=0, x[0]=481.0, y[0]=544.0, toolType[0]=TOOL_TYPE_UNKNOWN, buttonState=0, metaState=0, flags=0x0, edgeFlags=0x0, pointerCount=1, historySize=0, eventTime=856626206, downTime=856626206, deviceId=0, source=0x1002 }
08-06 05:56:49.799 30689 30689 D AndroidRuntime: Shutting down VM
08-06 05:56:50.000 29802 30032 I art     : Starting a blocking GC Explicit
08-06 05:56:50.083 29802 30032 I art     : Explicit concurrent mark sweep GC freed 2072(109KB) AllocSpace objects, 1(20KB) LOS objects, 30% free, 37MB/53MB, paused 621us total 82.976ms
08-06 05:56:50.106 29802 30032 I art     : Starting a blocking GC Explicit
08-06 05:56:50.172 29802 30032 I art     : Explicit concurrent mark sweep GC freed 378(17KB) AllocSpace objects, 0(0B) LOS objects, 30% free, 37MB/53MB, paused 464us total 65.696ms
08-06 05:56:50.194 29802 30032 I art     : Starting a blocking GC Explicit
08-06 05:56:50.262 29802 30032 I art     : Explicit concurrent mark sweep GC freed 25(1136B) AllocSpace objects, 0(0B) LOS objects, 30% free, 37MB/53MB, paused 495us total 67.221ms
08-06 05:56:50.287 29802 30032 I art     : Starting a blocking GC Explicit
08-06 05:56:50.338 25535 25535 I ServiceManager: Waiting for service AtCmdFwd...
08-06 05:56:50.353 29802 30032 I art     : Explicit concurrent mark sweep GC freed 19(608B) AllocSpace objects, 0(0B) LOS objects, 30% free, 37MB/53MB, paused 422us total 65.956ms
08-06 05:56:50.376 29802 30032 I art     : Starting a blocking GC Explicit
08-06 05:56:50.443 29802 30032 I art     : Explicit concurrent mark sweep GC freed 8(256B) AllocSpace objects, 0(0B) LOS objects, 30% free, 37MB/53MB, paused 473us total 66.303ms
08-06 05:56:50.784 29802 29813 I art     : Starting a blocking GC Explicit
08-06 05:56:50.881 29802 29813 I art     : Explicit concurrent mark sweep GC freed 1344(77KB) AllocSpace objects, 1(20KB) LOS objects, 30% free, 37MB/53MB, paused 544us total 96.304ms
08-06 05:56:50.908 29802 29813 I art     : Starting a blocking GC Explicit
08-06 05:56:50.981 29802 29813 I art     : Explicit concurrent mark sweep GC freed 18(624B) AllocSpace objects, 0(0B) LOS objects, 30% free, 37MB/53MB, paused 516us total 73.237ms
08-06 05:56:51.005 29802 29813 I art     : Starting a blocking GC Explicit
08-06 05:56:51.078 29802 29813 I art     : Explicit concurrent mark sweep GC freed 3(96B) AllocSpace objects, 0(0B) LOS objects, 30% free, 37MB/53MB, paused 491us total 72.623ms
08-06 05:56:51.102 29802 29813 I art     : Starting a blocking GC Explicit
08-06 05:56:51.173 29802 29813 I art     : Explicit concurrent mark sweep GC freed 3(96B) AllocSpace objects, 0(0B) LOS objects, 30% free, 37MB/53MB, paused 443us total 71.027ms
08-06 05:56:51.196 29802 29813 I art     : Starting a blocking GC Explicit
08-06 05:56:51.269 29802 29813 I art     : Explicit concurrent mark sweep GC freed 3(96B) AllocSpace objects, 0(0B) LOS objects, 30% free, 37MB/53MB, paused 469us total 72.010ms
08-06 05:56:51.338 25535 25535 I ServiceManager: Waiting for service AtCmdFwd...
08-06 05:56:51.580 30726 30726 D AndroidRuntime: >>>>>> START com.android.internal.os.RuntimeInit uid 2000 <<<<<<
08-06 05:56:51.586 30726 30726 D AndroidRuntime: CheckJNI is OFF
08-06 05:56:51.601 29802 30018 I art     : Starting a blocking GC Explicit
08-06 05:56:51.631 30726 30726 D ICU     : No timezone override file found: /data/misc/zoneinfo/current/icu/icu_tzdata.dat
08-06 05:56:51.676 30726 30726 I Radio-JNI: register_android_hardware_Radio DONE
08-06 05:56:51.678 29802 30018 I art     : Explicit concurrent mark sweep GC freed 1318(76KB) AllocSpace objects, 1(20KB) LOS objects, 30% free, 37MB/53MB, paused 543us total 76.412ms
08-06 05:56:51.701 29802 30018 I art     : Starting a blocking GC Explicit
08-06 05:56:51.706 30726 30726 D AndroidRuntime: Calling main entry com.android.commands.input.Input
08-06 05:56:51.709 30726 30726 I Input   : injectMotionEvent: MotionEvent { action=ACTION_DOWN, actionButton=0, id[0]=0, x[0]=310.0, y[0]=906.0, toolType[0]=TOOL_TYPE_UNKNOWN, buttonState=0, metaState=0, flags=0x0, edgeFlags=0x0, pointerCount=1, historySize=0, eventTime=856628121, downTime=856628121, deviceId=0, source=0x1002 }
08-06 05:56:51.720 30726 30726 I Input   : injectMotionEvent: MotionEvent { action=ACTION_UP, actionButton=0, id[0]=0, x[0]=310.0, y[0]=906.0, toolType[0]=TOOL_TYPE_UNKNOWN, buttonState=0, metaState=0, flags=0x0, edgeFlags=0x0, pointerCount=1, historySize=0, eventTime=856628121, downTime=856628121, deviceId=0, source=0x1002 }
08-06 05:56:51.723 30726 30726 D AndroidRuntime: Shutting down VM
08-06 05:56:51.771 29802 30018 I art     : Explicit concurrent mark sweep GC freed 40(1648B) AllocSpace objects, 0(0B) LOS objects, 30% free, 37MB/53MB, paused 458us total 69.455ms
08-06 05:56:51.790   512  2967 D audio_hw_primary: out_set_parameters: enter: usecase(1: low-latency-playback) kvpairs: routing=2
08-06 05:56:51.793 29802 30018 I art     : Starting a blocking GC Explicit
08-06 05:56:51.803   512  2967 D audio_hw_primary: select_devices: out_snd_device(2: speaker) in_snd_device(0: none)
08-06 05:56:51.803   512  2967 D msm8974_platform: platform_send_audio_calibration: sending audio calibration for snd_device(2) acdb_id(15)
08-06 05:56:51.803   512  2967 I soundtrigger: audio_extn_sound_trigger_update_device_status: device 0x2 of type 0 for Event 1
08-06 05:56:51.804 13866 13866 I GoogleInputMethodServic: GoogleInputMethodService.onFinishInput():3138 
08-06 05:56:51.804 13866 13866 I GoogleInputMethodServic: GoogleInputMethodService.onStartInput():1808 
08-06 05:56:51.814   512  2967 D audio_hw_primary: enable_snd_device: snd_device(2: speaker)
08-06 05:56:51.817   512  2967 D audio_hw_primary: enable_audio_route: apply and update mixer path: low-latency-playback speaker
08-06 05:56:51.820 13866 13866 I GoogleInputMethodServic: GoogleInputMethodService.onFinishInput():3138 
08-06 05:56:51.820 13866 13866 I GoogleInputMethodServic: GoogleInputMethodService.onStartInput():1808 
08-06 05:56:51.865 29802 30018 I art     : Explicit concurrent mark sweep GC freed 585(30KB) AllocSpace objects, 0(0B) LOS objects, 30% free, 37MB/53MB, paused 755us total 71.570ms
08-06 05:56:51.888 29802 30018 I art     : Starting a blocking GC Explicit
08-06 05:56:51.954 29802 30018 I art     : Explicit concurrent mark sweep GC freed 327(14KB) AllocSpace objects, 0(0B) LOS objects, 30% free, 37MB/53MB, paused 527us total 65.553ms
08-06 05:56:51.976 29802 30018 I art     : Starting a blocking GC Explicit
08-06 05:56:52.018   918   927 I art     : Background partial concurrent mark sweep GC freed 76074(8MB) AllocSpace objects, 154(3MB) LOS objects, 18% free, 69MB/85MB, paused 1.987ms total 227.296ms
08-06 05:56:52.043 29802 30018 I art     : Explicit concurrent mark sweep GC freed 756(63KB) AllocSpace objects, 0(0B) LOS objects, 30% free, 37MB/53MB, paused 437us total 66.651ms
08-06 05:56:52.123 29802 29817 D OpenGLRenderer: endAllStagingAnimators on 0x7f949e4400 (ListPopupWindow$DropDownListView) with handle 0x7f79f337e0
08-06 05:56:52.339 25535 25535 I ServiceManager: Waiting for service AtCmdFwd...
08-06 05:56:52.359   512  2967 D audio_hw_primary: disable_audio_route: reset and update mixer path: low-latency-playback speaker
08-06 05:56:52.361   512  2967 D audio_hw_primary: disable_snd_device: snd_device(2: speaker)
08-06 05:56:52.363 29802 29813 I art     : Starting a blocking GC Explicit
08-06 05:56:52.370   512  2967 I soundtrigger: audio_extn_sound_trigger_update_device_status: device 0x2 of type 0 for Event 0
08-06 05:56:52.460 29802 29813 I art     : Explicit concurrent mark sweep GC freed 1411(80KB) AllocSpace objects, 1(20KB) LOS objects, 30% free, 37MB/53MB, paused 560us total 96.248ms
08-06 05:56:52.486 29802 29813 I art     : Starting a blocking GC Explicit
08-06 05:56:52.557 29802 29813 I art     : Explicit concurrent mark sweep GC freed 531(33KB) AllocSpace objects, 0(0B) LOS objects, 30% free, 37MB/53MB, paused 479us total 70.975ms
08-06 05:56:52.581 29802 29813 I art     : Starting a blocking GC Explicit
08-06 05:56:52.656 29802 29813 I art     : Explicit concurrent mark sweep GC freed 3(96B) AllocSpace objects, 0(0B) LOS objects, 30% free, 37MB/53MB, paused 455us total 74.374ms
08-06 05:56:52.680 29802 29813 I art     : Starting a blocking GC Explicit
08-06 05:56:52.753 29802 29813 I art     : Explicit concurrent mark sweep GC freed 3(96B) AllocSpace objects, 0(0B) LOS objects, 30% free, 37MB/53MB, paused 521us total 72.838ms
08-06 05:56:52.777 29802 29813 I art     : Starting a blocking GC Explicit
08-06 05:56:52.853 29802 29813 I art     : Explicit concurrent mark sweep GC freed 3(96B) AllocSpace objects, 0(0B) LOS objects, 30% free, 37MB/53MB, paused 469us total 75.163ms
08-06 05:56:53.156 29802 30018 I art     : Starting a blocking GC Explicit
08-06 05:56:53.238 29802 30018 I art     : Explicit concurrent mark sweep GC freed 1294(75KB) AllocSpace objects, 1(20KB) LOS objects, 30% free, 37MB/53MB, paused 474us total 80.994ms
08-06 05:56:53.261 29802 30018 I art     : Starting a blocking GC Explicit
08-06 05:56:53.333 29802 30018 I art     : Explicit concurrent mark sweep GC freed 18(624B) AllocSpace objects, 0(0B) LOS objects, 30% free, 37MB/53MB, paused 473us total 71.638ms
08-06 05:56:53.340 25535 25535 I ServiceManager: Waiting for service AtCmdFwd...
08-06 05:56:53.357 29802 30018 I art     : Starting a blocking GC Explicit
08-06 05:56:53.435 29802 30018 I art     : Explicit concurrent mark sweep GC freed 3(96B) AllocSpace objects, 0(0B) LOS objects, 30% free, 37MB/53MB, paused 471us total 77.690ms
08-06 05:56:53.460 29802 30018 I art     : Starting a blocking GC Explicit
08-06 05:56:53.522 30761 30761 D AndroidRuntime: >>>>>> START com.android.internal.os.RuntimeInit uid 2000 <<<<<<
08-06 05:56:53.528 30761 30761 D AndroidRuntime: CheckJNI is OFF
08-06 05:56:53.536 29802 30018 I art     : Explicit concurrent mark sweep GC freed 3(96B) AllocSpace objects, 0(0B) LOS objects, 30% free, 37MB/53MB, paused 504us total 76.219ms
08-06 05:56:53.561 29802 30018 I art     : Starting a blocking GC Explicit
08-06 05:56:53.576 30761 30761 D ICU     : No timezone override file found: /data/misc/zoneinfo/current/icu/icu_tzdata.dat
08-06 05:56:53.620 30761 30761 I Radio-JNI: register_android_hardware_Radio DONE
08-06 05:56:53.635 29802 30018 I art     : Explicit concurrent mark sweep GC freed 3(96B) AllocSpace objects, 0(0B) LOS objects, 30% free, 37MB/53MB, paused 487us total 74.151ms
08-06 05:56:53.650 30761 30761 D AndroidRuntime: Calling main entry com.android.commands.input.Input
08-06 05:56:53.653 30761 30761 I Input   : injectMotionEvent: MotionEvent { action=ACTION_DOWN, actionButton=0, id[0]=0, x[0]=648.0, y[0]=709.0, toolType[0]=TOOL_TYPE_UNKNOWN, buttonState=0, metaState=0, flags=0x0, edgeFlags=0x0, pointerCount=1, historySize=0, eventTime=856630065, downTime=856630065, deviceId=0, source=0x1002 }
08-06 05:56:53.659 30761 30761 I Input   : injectMotionEvent: MotionEvent { action=ACTION_UP, actionButton=0, id[0]=0, x[0]=648.0, y[0]=709.0, toolType[0]=TOOL_TYPE_UNKNOWN, buttonState=0, metaState=0, flags=0x0, edgeFlags=0x0, pointerCount=1, historySize=0, eventTime=856630065, downTime=856630065, deviceId=0, source=0x1002 }
08-06 05:56:53.662 30761 30761 D AndroidRuntime: Shutting down VM
08-06 05:56:53.727   512  2967 D audio_hw_primary: out_set_parameters: enter: usecase(1: low-latency-playback) kvpairs: routing=2
08-06 05:56:53.740   512  2967 D audio_hw_primary: select_devices: out_snd_device(2: speaker) in_snd_device(0: none)
08-06 05:56:53.740   512  2967 D msm8974_platform: platform_send_audio_calibration: sending audio calibration for snd_device(2) acdb_id(15)
08-06 05:56:53.740   512  2967 I soundtrigger: audio_extn_sound_trigger_update_device_status: device 0x2 of type 0 for Event 1
08-06 05:56:53.751   512  2967 D audio_hw_primary: enable_snd_device: snd_device(2: speaker)
08-06 05:56:53.754   512  2967 D audio_hw_primary: enable_audio_route: apply and update mixer path: low-latency-playback speaker
08-06 05:56:53.943 29802 30290 I art     : Starting a blocking GC Explicit
08-06 05:56:54.035 29802 30290 I art     : Explicit concurrent mark sweep GC freed 2068(133KB) AllocSpace objects, 2(40KB) LOS objects, 30% free, 37MB/53MB, paused 513us total 91.564ms
08-06 05:56:54.065 29802 30290 I art     : Starting a blocking GC Explicit
08-06 05:56:54.149 29802 30290 I art     : Explicit concurrent mark sweep GC freed 151(6KB) AllocSpace objects, 0(0B) LOS objects, 30% free, 37MB/53MB, paused 545us total 83.660ms
08-06 05:56:54.179 29802 30290 I art     : Starting a blocking GC Explicit
08-06 05:56:54.260 29802 30290 I art     : Explicit concurrent mark sweep GC freed 9(288B) AllocSpace objects, 0(0B) LOS objects, 30% free, 37MB/53MB, paused 441us total 80.724ms
08-06 05:56:54.290 29802 30290 I art     : Starting a blocking GC Explicit
08-06 05:56:54.299   512  2967 D audio_hw_primary: disable_audio_route: reset and update mixer path: low-latency-playback speaker
08-06 05:56:54.301   512  2967 D audio_hw_primary: disable_snd_device: snd_device(2: speaker)
08-06 05:56:54.311   512  2967 I soundtrigger: audio_extn_sound_trigger_update_device_status: device 0x2 of type 0 for Event 0
08-06 05:56:54.341 25535 25535 W Atfwd_Sendcmd: AtCmdFwd service not published, waiting... retryCnt : 3
08-06 05:56:54.365 29802 30290 I art     : Explicit concurrent mark sweep GC freed 3(96B) AllocSpace objects, 0(0B) LOS objects, 30% free, 37MB/53MB, paused 487us total 74.931ms
08-06 05:56:54.395 29802 30290 I art     : Starting a blocking GC Explicit
08-06 05:56:54.474 29802 30290 I art     : Explicit concurrent mark sweep GC freed 5(160B) AllocSpace objects, 0(0B) LOS objects, 30% free, 37MB/53MB, paused 472us total 78.516ms
08-06 05:56:54.809 29802 30032 I art     : Starting a blocking GC Explicit
08-06 05:56:54.905 29802 30032 I art     : Explicit concurrent mark sweep GC freed 1293(75KB) AllocSpace objects, 1(20KB) LOS objects, 30% free, 37MB/53MB, paused 480us total 95.634ms
08-06 05:56:54.930 29802 30032 I art     : Starting a blocking GC Explicit
08-06 05:56:54.998 29802 30032 I art     : Explicit concurrent mark sweep GC freed 20(688B) AllocSpace objects, 0(0B) LOS objects, 30% free, 37MB/53MB, paused 484us total 67.158ms
08-06 05:56:55.021 29802 30032 I art     : Starting a blocking GC Explicit
08-06 05:56:55.094 29802 30032 I art     : Explicit concurrent mark sweep GC freed 3(96B) AllocSpace objects, 0(0B) LOS objects, 30% free, 37MB/53MB, paused 468us total 72.659ms
08-06 05:56:55.118 29802 30032 I art     : Starting a blocking GC Explicit
08-06 05:56:55.189 29802 30032 I art     : Explicit concurrent mark sweep GC freed 3(96B) AllocSpace objects, 0(0B) LOS objects, 30% free, 37MB/53MB, paused 467us total 71.075ms
08-06 05:56:55.212 29802 30032 I art     : Starting a blocking GC Explicit
08-06 05:56:55.285 29802 30032 I art     : Explicit concurrent mark sweep GC freed 3(96B) AllocSpace objects, 0(0B) LOS objects, 30% free, 37MB/53MB, paused 465us total 72.242ms
08-06 05:56:55.441 30805 30805 D AndroidRuntime: >>>>>> START com.android.internal.os.RuntimeInit uid 2000 <<<<<<
08-06 05:56:55.449 30805 30805 D AndroidRuntime: CheckJNI is OFF
08-06 05:56:55.494 30805 30805 D ICU     : No timezone override file found: /data/misc/zoneinfo/current/icu/icu_tzdata.dat
08-06 05:56:55.538 30805 30805 I Radio-JNI: register_android_hardware_Radio DONE
08-06 05:56:55.568 30805 30805 D AndroidRuntime: Calling main entry com.android.commands.input.Input
08-06 05:56:55.571 30805 30805 I Input   : injectMotionEvent: MotionEvent { action=ACTION_DOWN, actionButton=0, id[0]=0, x[0]=1197.0, y[0]=1456.0, toolType[0]=TOOL_TYPE_UNKNOWN, buttonState=0, metaState=0, flags=0x0, edgeFlags=0x0, pointerCount=1, historySize=0, eventTime=856631983, downTime=856631983, deviceId=0, source=0x1002 }
08-06 05:56:55.577 30805 30805 I Input   : injectMotionEvent: MotionEvent { action=ACTION_UP, actionButton=0, id[0]=0, x[0]=1197.0, y[0]=1456.0, toolType[0]=TOOL_TYPE_UNKNOWN, buttonState=0, metaState=0, flags=0x0, edgeFlags=0x0, pointerCount=1, historySize=0, eventTime=856631983, downTime=856631983, deviceId=0, source=0x1002 }
08-06 05:56:55.578 30805 30805 D AndroidRuntime: Shutting down VM
08-06 05:56:55.592   512  2967 D audio_hw_primary: out_set_parameters: enter: usecase(1: low-latency-playback) kvpairs: routing=2
08-06 05:56:55.605   512  2967 D audio_hw_primary: select_devices: out_snd_device(2: speaker) in_snd_device(0: none)
08-06 05:56:55.606   512  2967 D msm8974_platform: platform_send_audio_calibration: sending audio calibration for snd_device(2) acdb_id(15)
08-06 05:56:55.606   512  2967 I soundtrigger: audio_extn_sound_trigger_update_device_status: device 0x2 of type 0 for Event 1
08-06 05:56:55.612 29802 29817 D OpenGLRenderer: endAllStagingAnimators on 0x7f949a9000 (RippleDrawable) with handle 0x7f79f33b60
08-06 05:56:55.617   512  2967 D audio_hw_primary: enable_snd_device: snd_device(2: speaker)
08-06 05:56:55.619   512  2967 D audio_hw_primary: enable_audio_route: apply and update mixer path: low-latency-playback speaker
08-06 05:56:55.621 29802 29802 I SettingsManager: Setting string: savedCourse
08-06 05:56:55.628   918  4400 W BackupManagerService: dataChanged but no participant pkg='baseline.com.ak.uobtimetable' uid=10710
08-06 05:56:55.629   918  3670 I ActivityManager: START u0 {flg=0x4000000 cmp=baseline.com.ak.uobtimetable/.MainActivity (has extras)} from uid 10710 on display 0
08-06 05:56:55.630 29802 29814 I art     : Starting a blocking GC Explicit
08-06 05:56:55.645   918  3670 W InputMethodManagerService: Focus gain on non-focused client com.android.internal.view.IInputMethodClient$Stub$Proxy@a3a46b1 (uid=10710 pid=29802)
08-06 05:56:55.665 29802 29802 D MainActivity: OnDestroy
08-06 05:56:55.691 29802 29802 D MainActivity: onCreate
08-06 05:56:55.691 29802 29802 I SettingsManager: Getting string: savedSessions
08-06 05:56:55.691 29802 29802 I SettingsManager: Getting string: savedSessions
08-06 05:56:55.705 29802 29802 I SettingsManager: Getting string: savedSessionsCourseName
08-06 05:56:55.705 29802 29802 I SettingsManager: Getting string: savedSessionsCourseName
08-06 05:56:55.705 29802 29802 I SettingsManager: Getting string: savedSessionsDateRange
08-06 05:56:55.705 29802 29802 I SettingsManager: Getting string: savedSessionsDateRange
08-06 05:56:55.705 29802 29802 I Settings: 10 saved sessions - Bedfordshire International and EU Foundation Year - Int Foun - Ltn - Y0 Feb FT - Weeks: 24-38 (8 Jun 2020-20 Sep 2020)
08-06 05:56:55.711 29802 29814 I art     : Explicit concurrent mark sweep GC freed 12229(592KB) AllocSpace objects, 2(40KB) LOS objects, 29% free, 37MB/53MB, paused 1.632ms total 81.288ms
08-06 05:56:55.736 29802 29814 I art     : Starting a blocking GC Explicit
08-06 05:56:55.752 29802 29802 I SettingsManager: Getting string: savedCourse
08-06 05:56:55.753 29802 29802 D MainActivity: sessionListFragmentArg: updateSessions
08-06 05:56:55.753 29802 29802 D MainActivity: showTermDatesConfigChange: false
08-06 05:56:55.753 29802 29802 D MainActivity: showTermDatesShortcut: false
08-06 05:56:55.755 29802 29802 D MainActivity: Setting initial fragment: SessionListsFragment
08-06 05:56:55.756 29802 29802 I SettingsManager: Getting int: launchCount
08-06 05:56:55.757 29802 29802 D SessionListsFragment: onCreateView
08-06 05:56:55.761 29802 29802 I SettingsManager: Getting string: savedCourse
08-06 05:56:55.765 29802 29802 I SettingsManager: Getting string: savedSessions
08-06 05:56:55.775 29802 29802 D SessionListsFragment: loadArgument: updateSessions
08-06 05:56:55.775 29802 29802 D SessionListsFragment: initialIndex: -1
08-06 05:56:55.778 29802 30829 D HTTP    : Request for: https://uob-timetable-api.adriankeenan.co.uk/sessions?dept=CM010&course=BSAIFAAF%2F02AA%2F0%2FFT&level=Foundation+Year
08-06 05:56:55.799 29802 29802 D TermDatesFragment: WebView loaded
08-06 05:56:55.799 29802 29802 D MainActivity: OnResume
08-06 05:56:55.822 29802 29814 I art     : Explicit concurrent mark sweep GC freed 8901(425KB) AllocSpace objects, 1(112KB) LOS objects, 29% free, 38MB/54MB, paused 1.470ms total 86.015ms
08-06 05:56:55.845 29802 29814 I art     : Starting a blocking GC Explicit
08-06 05:56:55.876 29802 29802 I TermDatesFragment: Webview load %: 10
08-06 05:56:55.905 13866 13866 I GoogleInputMethodServic: GoogleInputMethodService.onFinishInput():3138 
08-06 05:56:55.905   918   936 I ActivityManager: Displayed baseline.com.ak.uobtimetable/.MainActivity: +256ms
08-06 05:56:55.906 13866 13866 I GoogleInputMethodServic: GoogleInputMethodService.onStartInput():1808 
08-06 05:56:55.914 29802 29814 I art     : Explicit concurrent mark sweep GC freed 12514(551KB) AllocSpace objects, 2(1268KB) LOS objects, 30% free, 37MB/53MB, paused 1.097ms total 69.001ms
08-06 05:56:55.942 29802 29814 I art     : Starting a blocking GC Explicit
08-06 05:56:55.998 29802 29814 I art     : Explicit concurrent mark sweep GC freed 27616(1285KB) AllocSpace objects, 0(0B) LOS objects, 30% free, 36MB/52MB, paused 633us total 56.252ms
08-06 05:56:56.020 29802 29814 I art     : Starting a blocking GC Explicit
08-06 05:56:56.075 29802 30829 I NAPPA_EXPERIMENTATION: MetricNetworkRequestExecutionTime: REQUEST_DURATION_SYSTEM='296',REQUEST_DURATION_OKHTTP='48',REQUEST_SYNCHRONOUS='TRUE',RESPONSE_CODE='200',RESPONSE_METHOD='GET',RESPONSE_LENGTH_OKHTTP='-1',RESPONSE_LENGTH_HEADER='1214',REQUEST_PROTOCOL='http/1.1',REQUEST_URL='https://uob-timetable-api.adriankeenan.co.uk/sessions?dept=CM010&course=BSAIFAAF%2F02AA%2F0%2FFT&level=Foundation+Year',
08-06 05:56:56.075 29802 29814 I art     : Explicit concurrent mark sweep GC freed 1958(80KB) AllocSpace objects, 3(200KB) LOS objects, 30% free, 36MB/52MB, paused 672us total 54.812ms
08-06 05:56:56.084 29802 29802 I TermDatesFragment: Webview load %: 70
08-06 05:56:56.096 29802 29802 I TermDatesFragment: Webview load %: 100
08-06 05:56:56.096 29802 29802 I TermDatesFragment: Webview load %: 100
08-06 05:56:56.120 29802 30829 I HTTP    : Response was compressed.
08-06 05:56:56.135 29802 30829 I Service : getSessions response time: 1.10
08-06 05:56:56.135 29802 29802 I SettingsManager: Getting string: savedSessions
08-06 05:56:56.137 29802 29802 I SettingsManager: Getting string: savedSessions
08-06 05:56:56.148 29802 29802 I Service : Sessions updated: 10
08-06 05:56:56.148 29802 29802 I Service : Sessions removed from new list: 0
08-06 05:56:56.159 29802 29802 I SettingsManager: Setting string: savedSessions
08-06 05:56:56.167   918  4413 W BackupManagerService: dataChanged but no participant pkg='baseline.com.ak.uobtimetable' uid=10710
08-06 05:56:56.167 29802 29802 I SettingsManager: Setting date: savedSessionsTime
08-06 05:56:56.168   512  2967 D audio_hw_primary: disable_audio_route: reset and update mixer path: low-latency-playback speaker
08-06 05:56:56.169   512  2967 D audio_hw_primary: disable_snd_device: snd_device(2: speaker)
08-06 05:56:56.174   918  6110 W BackupManagerService: dataChanged but no participant pkg='baseline.com.ak.uobtimetable' uid=10710
08-06 05:56:56.174 29802 29802 I SettingsManager: Setting string: savedSessionsCourseName
08-06 05:56:56.177   512  2967 I soundtrigger: audio_extn_sound_trigger_update_device_status: device 0x2 of type 0 for Event 0
08-06 05:56:56.180   918  3961 W BackupManagerService: dataChanged but no participant pkg='baseline.com.ak.uobtimetable' uid=10710
08-06 05:56:56.180 29802 29802 I SettingsManager: Setting string: savedSessionsDateRange
08-06 05:56:56.180   918  3696 W BackupManagerService: dataChanged but no participant pkg='baseline.com.ak.uobtimetable' uid=10710
08-06 05:56:56.180 29802 29802 I SettingsManager: Setting string: timetableUrl
08-06 05:56:56.181   918  3670 W BackupManagerService: dataChanged but no participant pkg='baseline.com.ak.uobtimetable' uid=10710
08-06 05:56:56.182 29802 29802 I SettingsManager: Getting boolean: notifySessionRemindersEnabled
08-06 05:56:56.182 29802 29802 I SettingsManager: Getting int: notifySessionRemindersMinutes
08-06 05:56:56.183 29802 29802 I SettingsManager: Getting boolean: showHiddenSessions
08-06 05:56:56.185 29802 29802 I SessionReminderNotifier: Created session reminder alarm for f7b4771250a919bd729c1c5a4a459c77 at Mon 08:30:00 10/08/20
08-06 05:56:56.188 29802 29802 I SessionReminderNotifier: Created session reminder alarm for a7f879aabdeb78622c8820a5fb7b64cd at Tue 08:30:00 11/08/20
08-06 05:56:56.190 29802 29802 I SessionReminderNotifier: Created session reminder alarm for 7bc8d7e2c2055711f597c3d9078c6ea3 at Tue 08:30:00 11/08/20
08-06 05:56:56.192 29802 29802 I SessionReminderNotifier: Created session reminder alarm for 53c0527a6f009a1f2fd223834d3bfe51 at Tue 10:30:00 11/08/20
08-06 05:56:56.194 29802 29802 I SessionReminderNotifier: Created session reminder alarm for e0fc978b5db8218778540b4053344581 at Tue 11:00:00 11/08/20
08-06 05:56:56.195 29802 29802 I SessionReminderNotifier: Created session reminder alarm for 199afb0100f329ff65a09e1b0cd9deba at Tue 11:30:00 11/08/20
08-06 05:56:56.198 29802 29802 I SessionReminderNotifier: Created session reminder alarm for 21712fef61090882c855a1425543edb5 at Tue 13:30:00 11/08/20
08-06 05:56:56.201 29802 29802 I SessionReminderNotifier: Created session reminder alarm for 65ca4d97f031f29a4d02bbb45a705d8f at Wed 08:30:00 12/08/20
08-06 05:56:56.203 29802 29802 I SessionReminderNotifier: Created session reminder alarm for eeda7741b0bcab58fd9f46dc6ef1d942 at Wed 08:30:00 12/08/20
08-06 05:56:56.205 29802 29802 I SessionReminderNotifier: Created session reminder alarm for c276c1b2075a0beb67f1b3d1e580f920 at Wed 11:00:00 12/08/20
08-06 05:56:56.207 29802 29802 I SessionReminderNotifier: Created session reminder alarm for 8b1f3627e42ae13a6f6ba0a83903dde1 at Wed 13:30:00 12/08/20
08-06 05:56:56.209 29802 29802 I SessionReminderNotifier: Created session reminder alarm for 79fe0b5c3b887a13ba29db5a33fa2800 at Thu 08:30:00 06/08/20
08-06 05:56:56.211 29802 29802 I SessionReminderNotifier: Created session reminder alarm for cb9dfc8231cdba2be0835dc5709690e1 at Thu 08:30:00 06/08/20
08-06 05:56:56.213 29802 29802 I SessionReminderNotifier: Created session reminder alarm for f850dc24d6de60b7b89fa9e1a8c224c5 at Thu 12:00:00 06/08/20
08-06 05:56:56.216 29802 29802 I SessionReminderNotifier: Created session reminder alarm for 2ba1034116e4fffdd592dbf0796a43d5 at Fri 08:30:00 07/08/20
08-06 05:56:56.216 29802 29802 I SettingsManager: Getting boolean: showHiddenSessions
08-06 05:56:56.216 29802 29802 D SessionListsFragment: 1 sessions for day 0
08-06 05:56:56.216 29802 29802 D SessionListsFragment: 6 sessions for day 1
08-06 05:56:56.216 29802 29802 D SessionListsFragment: 4 sessions for day 2
08-06 05:56:56.217 29802 29802 D SessionListsFragment: 3 sessions for day 3
08-06 05:56:56.217 29802 29802 D SessionListsFragment: 1 sessions for day 4
08-06 05:56:56.225   918  3261 D WifiStateMachine: starting scan for "H369AA63323"WPA_PSK with 2412,5180
08-06 05:56:56.257 29802 29802 I SettingsManager: Getting boolean: showHiddenSessions
08-06 05:56:56.257 29802 29802 D SessionListsFragment: Refreshed ViewPager
08-06 05:56:56.257 29802 29802 I SettingsManager: Getting boolean: showHiddenSessions
08-06 05:56:56.258 29802 29802 I SettingsManager: Getting boolean: completedTutorial
08-06 05:56:56.258 29802 29802 I SettingsManager: Getting boolean: showHiddenSessions
08-06 05:56:56.258 29802 29802 I SettingsManager: Getting date: savedSessionsTime
08-06 05:56:56.369 29802 30290 I art     : Starting a blocking GC Explicit
08-06 05:56:56.450 29802 30290 I art     : Explicit concurrent mark sweep GC freed 84496(3MB) AllocSpace objects, 6(112KB) LOS objects, 30% free, 36MB/52MB, paused 1.323ms total 80.763ms
08-06 05:56:56.472 29802 30290 I art     : Starting a blocking GC Explicit
08-06 05:56:56.540 29802 30290 I art     : Explicit concurrent mark sweep GC freed 33137(1400KB) AllocSpace objects, 0(0B) LOS objects, 30% free, 36MB/52MB, paused 1.185ms total 67.737ms
08-06 05:56:56.562 29802 30290 I art     : Starting a blocking GC Explicit
08-06 05:56:56.637 29802 30290 I art     : Explicit concurrent mark sweep GC freed 29415(1221KB) AllocSpace objects, 0(0B) LOS objects, 30% free, 36MB/52MB, paused 1.436ms total 74.644ms
08-06 05:56:56.659 29802 30290 I art     : Starting a blocking GC Explicit
08-06 05:56:56.738 29802 30290 I art     : Explicit concurrent mark sweep GC freed 32965(1355KB) AllocSpace objects, 0(0B) LOS objects, 30% free, 37MB/53MB, paused 1.462ms total 78.089ms
08-06 05:56:56.761 29802 30290 I art     : Starting a blocking GC Explicit
08-06 05:56:56.839 29802 30290 I art     : Explicit concurrent mark sweep GC freed 32810(1354KB) AllocSpace objects, 0(0B) LOS objects, 30% free, 37MB/53MB, paused 1.428ms total 78.182ms
08-06 05:56:57.116 29802 29802 I Choreographer: Skipped 50 frames!  The application may be doing too much work on its main thread.
08-06 05:56:57.164 29802 30018 I art     : Starting a blocking GC Explicit
08-06 05:56:57.257 29802 30018 I art     : Explicit concurrent mark sweep GC freed 92265(3MB) AllocSpace objects, 1(20KB) LOS objects, 29% free, 37MB/53MB, paused 579us total 92.509ms
08-06 05:56:57.280 29802 30018 I art     : Starting a blocking GC Explicit
08-06 05:56:57.340 29802 30018 I art     : Explicit concurrent mark sweep GC freed 123920(11MB) AllocSpace objects, 3(136KB) LOS objects, 37% free, 26MB/42MB, paused 557us total 60.207ms
08-06 05:56:57.355 29802 30018 I art     : Starting a blocking GC Explicit
08-06 05:56:57.396 29802 30018 I art     : Explicit concurrent mark sweep GC freed 141(6KB) AllocSpace objects, 0(0B) LOS objects, 37% free, 26MB/42MB, paused 509us total 40.401ms
08-06 05:56:57.412 29802 30018 I art     : Starting a blocking GC Explicit
08-06 05:56:57.455 29802 30018 I art     : Explicit concurrent mark sweep GC freed 94(4KB) AllocSpace objects, 0(0B) LOS objects, 37% free, 26MB/42MB, paused 529us total 42.875ms
08-06 05:56:57.471 29802 30018 I art     : Starting a blocking GC Explicit
08-06 05:56:57.517 29802 30018 I art     : Explicit concurrent mark sweep GC freed 3(96B) AllocSpace objects, 0(0B) LOS objects, 37% free, 26MB/42MB, paused 544us total 45.723ms
08-06 05:56:57.517 29802 29812 I art     : WaitForGcToComplete blocked for 46.054ms for cause HeapTrim
08-06 05:56:57.893 29802 29813 I art     : Starting a blocking GC Explicit
08-06 05:56:57.933 29802 29813 I art     : Explicit concurrent mark sweep GC freed 1344(77KB) AllocSpace objects, 1(20KB) LOS objects, 37% free, 26MB/42MB, paused 532us total 39.591ms
08-06 05:56:57.947 29802 29813 I art     : Starting a blocking GC Explicit
08-06 05:56:57.984 29802 29813 I art     : Explicit concurrent mark sweep GC freed 49(1632B) AllocSpace objects, 0(0B) LOS objects, 37% free, 26MB/42MB, paused 529us total 36.954ms
08-06 05:56:57.999 29802 29813 I art     : Starting a blocking GC Explicit
08-06 05:56:58.038 29802 29813 I art     : Explicit concurrent mark sweep GC freed 33(1056B) AllocSpace objects, 0(0B) LOS objects, 37% free, 26MB/42MB, paused 548us total 38.907ms
08-06 05:56:58.053 29802 29813 I art     : Starting a blocking GC Explicit
08-06 05:56:58.095 29802 29813 I art     : Explicit concurrent mark sweep GC freed 34(1088B) AllocSpace objects, 0(0B) LOS objects, 37% free, 26MB/42MB, paused 768us total 41.173ms
08-06 05:56:58.110 29802 29813 I art     : Starting a blocking GC Explicit
08-06 05:56:58.153 29802 29813 I art     : Explicit concurrent mark sweep GC freed 8(288B) AllocSpace objects, 0(0B) LOS objects, 37% free, 26MB/42MB, paused 526us total 43.117ms
08-06 05:56:58.507 29802 29814 I art     : Starting a blocking GC Explicit
08-06 05:56:58.565 29802 29814 I art     : Explicit concurrent mark sweep GC freed 1294(75KB) AllocSpace objects, 1(20KB) LOS objects, 37% free, 26MB/42MB, paused 587us total 57.142ms
08-06 05:56:58.584 29802 29814 I art     : Starting a blocking GC Explicit
08-06 05:56:58.632 29802 29814 I art     : Explicit concurrent mark sweep GC freed 18(624B) AllocSpace objects, 0(0B) LOS objects, 37% free, 26MB/42MB, paused 597us total 47.538ms
08-06 05:56:58.652 29802 29814 I art     : Starting a blocking GC Explicit
08-06 05:56:58.698 29802 29814 I art     : Explicit concurrent mark sweep GC freed 3(96B) AllocSpace objects, 0(0B) LOS objects, 37% free, 26MB/42MB, paused 536us total 45.094ms
08-06 05:56:58.714 29802 29814 I art     : Starting a blocking GC Explicit
08-06 05:56:58.760 29802 29814 I art     : Explicit concurrent mark sweep GC freed 3(96B) AllocSpace objects, 0(0B) LOS objects, 37% free, 26MB/42MB, paused 515us total 45.378ms
08-06 05:56:58.775 29802 29814 I art     : Starting a blocking GC Explicit
08-06 05:56:58.822 29802 29814 I art     : Explicit concurrent mark sweep GC freed 3(96B) AllocSpace objects, 0(0B) LOS objects, 37% free, 26MB/42MB, paused 541us total 46.243ms
08-06 05:56:59.167 29802 30018 I art     : Starting a blocking GC Explicit
08-06 05:56:59.219 29802 30018 I art     : Explicit concurrent mark sweep GC freed 1293(75KB) AllocSpace objects, 1(20KB) LOS objects, 37% free, 26MB/42MB, paused 679us total 51.418ms
08-06 05:56:59.239 29802 30018 I art     : Starting a blocking GC Explicit
08-06 05:56:59.282 29802 30018 I art     : Explicit concurrent mark sweep GC freed 18(624B) AllocSpace objects, 0(0B) LOS objects, 37% free, 26MB/42MB, paused 553us total 43.536ms
08-06 05:56:59.299 29802 30018 I art     : Starting a blocking GC Explicit
08-06 05:56:59.346 29802 30018 I art     : Explicit concurrent mark sweep GC freed 3(96B) AllocSpace objects, 0(0B) LOS objects, 37% free, 26MB/42MB, paused 563us total 46.693ms
08-06 05:56:59.362 29802 30018 I art     : Starting a blocking GC Explicit
08-06 05:56:59.408 29802 30018 I art     : Explicit concurrent mark sweep GC freed 8(256B) AllocSpace objects, 0(0B) LOS objects, 37% free, 26MB/42MB, paused 653us total 45.515ms
08-06 05:56:59.424 29802 30018 I art     : Starting a blocking GC Explicit
08-06 05:56:59.471 29802 30018 I art     : Explicit concurrent mark sweep GC freed 16(688B) AllocSpace objects, 0(0B) LOS objects, 37% free, 26MB/42MB, paused 518us total 46.721ms
08-06 05:56:59.818 29802 30032 I art     : Starting a blocking GC Explicit
08-06 05:56:59.867 29802 30032 I art     : Explicit concurrent mark sweep GC freed 1299(75KB) AllocSpace objects, 1(20KB) LOS objects, 37% free, 26MB/42MB, paused 506us total 49.364ms
08-06 05:56:59.883 29802 30032 I art     : Starting a blocking GC Explicit
08-06 05:56:59.924 29802 30032 I art     : Explicit concurrent mark sweep GC freed 18(624B) AllocSpace objects, 0(0B) LOS objects, 37% free, 26MB/42MB, paused 500us total 40.664ms
08-06 05:56:59.939 29802 30032 I art     : Starting a blocking GC Explicit
08-06 05:56:59.981 29802 30032 I art     : Explicit concurrent mark sweep GC freed 3(96B) AllocSpace objects, 0(0B) LOS objects, 37% free, 26MB/42MB, paused 518us total 42.005ms
08-06 05:56:59.996 29802 30032 I art     : Starting a blocking GC Explicit
08-06 05:57:00.037 29802 30032 I art     : Explicit concurrent mark sweep GC freed 3(96B) AllocSpace objects, 0(0B) LOS objects, 37% free, 26MB/42MB, paused 527us total 40.590ms
08-06 05:57:00.052 29802 30032 I art     : Starting a blocking GC Explicit
08-06 05:57:00.092 29802 30032 I art     : Explicit concurrent mark sweep GC freed 3(96B) AllocSpace objects, 0(0B) LOS objects, 37% free, 26MB/42MB, paused 500us total 39.115ms
08-06 05:57:00.365 30894 30894 D AndroidRuntime: >>>>>> START com.android.internal.os.RuntimeInit uid 2000 <<<<<<
08-06 05:57:00.372 30894 30894 D AndroidRuntime: CheckJNI is OFF
08-06 05:57:00.414 30894 30894 D ICU     : No timezone override file found: /data/misc/zoneinfo/current/icu/icu_tzdata.dat
08-06 05:57:00.418   518   646 I ThermalEngine: ACTION: GPU - Setting GPU[0] to 510000000
08-06 05:57:00.420 29802 29814 I art     : Starting a blocking GC Explicit
08-06 05:57:00.457 30894 30894 I Radio-JNI: register_android_hardware_Radio DONE
08-06 05:57:00.461 29802 29814 I art     : Explicit concurrent mark sweep GC freed 1389(79KB) AllocSpace objects, 1(20KB) LOS objects, 37% free, 26MB/42MB, paused 421us total 40.334ms
08-06 05:57:00.472 29802 29814 I art     : Starting a blocking GC Explicit
08-06 05:57:00.481 30894 30894 D AndroidRuntime: Calling main entry com.android.commands.input.Input
08-06 05:57:00.483 30894 30894 I Input   : injectMotionEvent: MotionEvent { action=ACTION_DOWN, actionButton=0, id[0]=0, x[0]=81.0, y[0]=176.0, toolType[0]=TOOL_TYPE_UNKNOWN, buttonState=0, metaState=0, flags=0x0, edgeFlags=0x0, pointerCount=1, historySize=0, eventTime=856636896, downTime=856636896, deviceId=0, source=0x1002 }
08-06 05:57:00.487 30894 30894 I Input   : injectMotionEvent: MotionEvent { action=ACTION_UP, actionButton=0, id[0]=0, x[0]=81.0, y[0]=176.0, toolType[0]=TOOL_TYPE_UNKNOWN, buttonState=0, metaState=0, flags=0x0, edgeFlags=0x0, pointerCount=1, historySize=0, eventTime=856636896, downTime=856636896, deviceId=0, source=0x1002 }
08-06 05:57:00.489 30894 30894 D AndroidRuntime: Shutting down VM
08-06 05:57:00.495   512  2967 D audio_hw_primary: out_set_parameters: enter: usecase(1: low-latency-playback) kvpairs: routing=2
08-06 05:57:00.504 29802 29814 I art     : Explicit concurrent mark sweep GC freed 189(11KB) AllocSpace objects, 0(0B) LOS objects, 37% free, 26MB/42MB, paused 396us total 31.770ms
08-06 05:57:00.508   512  2967 D audio_hw_primary: select_devices: out_snd_device(2: speaker) in_snd_device(0: none)
08-06 05:57:00.508   512  2967 D msm8974_platform: platform_send_audio_calibration: sending audio calibration for snd_device(2) acdb_id(15)
08-06 05:57:00.509   512  2967 I soundtrigger: audio_extn_sound_trigger_update_device_status: device 0x2 of type 0 for Event 1
08-06 05:57:00.516 29802 29814 I art     : Starting a blocking GC Explicit
08-06 05:57:00.519   512  2967 D audio_hw_primary: enable_snd_device: snd_device(2: speaker)
08-06 05:57:00.521   512  2967 D audio_hw_primary: enable_audio_route: apply and update mixer path: low-latency-playback speaker
08-06 05:57:00.527 13866 13866 I GoogleInputMethodServic: GoogleInputMethodService.onFinishInput():3138 
08-06 05:57:00.527 13866 13866 I GoogleInputMethodServic: GoogleInputMethodService.onStartInput():1808 
08-06 05:57:00.547 29802 29814 I art     : Explicit concurrent mark sweep GC freed 26(1008B) AllocSpace objects, 0(0B) LOS objects, 37% free, 26MB/42MB, paused 358us total 30.851ms
08-06 05:57:00.559 29802 29814 I art     : Starting a blocking GC Explicit
08-06 05:57:00.588 29802 29814 I art     : Explicit concurrent mark sweep GC freed 378(19KB) AllocSpace objects, 0(0B) LOS objects, 37% free, 26MB/42MB, paused 397us total 29.384ms
08-06 05:57:00.600 29802 29814 I art     : Starting a blocking GC Explicit
08-06 05:57:00.631 29802 29814 I art     : Explicit concurrent mark sweep GC freed 7(384B) AllocSpace objects, 0(0B) LOS objects, 37% free, 26MB/42MB, paused 339us total 30.837ms
08-06 05:57:00.900 29802 30018 I art     : Starting a blocking GC Explicit
08-06 05:57:00.937 29802 30018 I art     : Explicit concurrent mark sweep GC freed 1296(75KB) AllocSpace objects, 1(20KB) LOS objects, 37% free, 26MB/42MB, paused 372us total 36.768ms
08-06 05:57:00.950 29802 30018 I art     : Starting a blocking GC Explicit
08-06 05:57:00.989 29802 30018 I art     : Explicit concurrent mark sweep GC freed 28(944B) AllocSpace objects, 0(0B) LOS objects, 37% free, 26MB/42MB, paused 358us total 38.589ms
08-06 05:57:01.001 29802 30018 I art     : Starting a blocking GC Explicit
08-06 05:57:01.034 29802 30018 I art     : Explicit concurrent mark sweep GC freed 3(96B) AllocSpace objects, 0(0B) LOS objects, 37% free, 26MB/42MB, paused 391us total 32.678ms
08-06 05:57:01.046 29802 30018 I art     : Starting a blocking GC Explicit
08-06 05:57:01.059   512  2967 D audio_hw_primary: disable_audio_route: reset and update mixer path: low-latency-playback speaker
08-06 05:57:01.061   512  2967 D audio_hw_primary: disable_snd_device: snd_device(2: speaker)
08-06 05:57:01.069   512  2967 I soundtrigger: audio_extn_sound_trigger_update_device_status: device 0x2 of type 0 for Event 0
08-06 05:57:01.077 29802 30018 I art     : Explicit concurrent mark sweep GC freed 3(96B) AllocSpace objects, 0(0B) LOS objects, 37% free, 26MB/42MB, paused 438us total 31.418ms
08-06 05:57:01.089 29802 30018 I art     : Starting a blocking GC Explicit
08-06 05:57:01.121 29802 30018 I art     : Explicit concurrent mark sweep GC freed 3(96B) AllocSpace objects, 0(0B) LOS objects, 37% free, 26MB/42MB, paused 370us total 31.759ms
08-06 05:57:01.422 29802 30018 I art     : Starting a blocking GC Explicit
08-06 05:57:01.467 29802 30018 I art     : Explicit concurrent mark sweep GC freed 1293(75KB) AllocSpace objects, 1(20KB) LOS objects, 37% free, 26MB/42MB, paused 441us total 44.505ms
08-06 05:57:01.482 29802 30018 I art     : Starting a blocking GC Explicit
08-06 05:57:01.517 29802 30018 I art     : Explicit concurrent mark sweep GC freed 20(688B) AllocSpace objects, 0(0B) LOS objects, 37% free, 26MB/42MB, paused 455us total 35.124ms
08-06 05:57:01.530 29802 30018 I art     : Starting a blocking GC Explicit
08-06 05:57:01.566 29802 30018 I art     : Explicit concurrent mark sweep GC freed 3(96B) AllocSpace objects, 0(0B) LOS objects, 37% free, 26MB/42MB, paused 376us total 35.300ms
08-06 05:57:01.578 29802 30018 I art     : Starting a blocking GC Explicit
08-06 05:57:01.613 29802 30018 I art     : Explicit concurrent mark sweep GC freed 3(96B) AllocSpace objects, 0(0B) LOS objects, 37% free, 26MB/42MB, paused 376us total 34.008ms
08-06 05:57:01.625 29802 30018 I art     : Starting a blocking GC Explicit
08-06 05:57:01.660 29802 30018 I art     : Explicit concurrent mark sweep GC freed 3(96B) AllocSpace objects, 0(0B) LOS objects, 37% free, 26MB/42MB, paused 381us total 34.440ms
08-06 05:57:01.942 29802 30032 I art     : Starting a blocking GC Explicit
08-06 05:57:01.984 29802 30032 I art     : Explicit concurrent mark sweep GC freed 1293(75KB) AllocSpace objects, 1(20KB) LOS objects, 37% free, 26MB/42MB, paused 393us total 41.575ms
08-06 05:57:01.997 29802 30032 I art     : Starting a blocking GC Explicit
08-06 05:57:02.028 29802 30032 I art     : Explicit concurrent mark sweep GC freed 18(624B) AllocSpace objects, 0(0B) LOS objects, 37% free, 26MB/42MB, paused 386us total 30.655ms
08-06 05:57:02.039 29802 30032 I art     : Starting a blocking GC Explicit
08-06 05:57:02.071 29802 30032 I art     : Explicit concurrent mark sweep GC freed 3(96B) AllocSpace objects, 0(0B) LOS objects, 37% free, 26MB/42MB, paused 370us total 32.242ms
08-06 05:57:02.083 29802 30032 I art     : Starting a blocking GC Explicit
08-06 05:57:02.116 29802 30032 I art     : Explicit concurrent mark sweep GC freed 3(96B) AllocSpace objects, 0(0B) LOS objects, 37% free, 26MB/42MB, paused 387us total 32.683ms
08-06 05:57:02.128 29802 30032 I art     : Starting a blocking GC Explicit
08-06 05:57:02.161 29802 30032 I art     : Explicit concurrent mark sweep GC freed 6(192B) AllocSpace objects, 0(0B) LOS objects, 37% free, 26MB/42MB, paused 560us total 32.992ms
08-06 05:57:02.163 30937 30937 D AndroidRuntime: >>>>>> START com.android.internal.os.RuntimeInit uid 2000 <<<<<<
08-06 05:57:02.169 30937 30937 D AndroidRuntime: CheckJNI is OFF
08-06 05:57:02.201 30937 30937 D ICU     : No timezone override file found: /data/misc/zoneinfo/current/icu/icu_tzdata.dat
08-06 05:57:02.233 30937 30937 I Radio-JNI: register_android_hardware_Radio DONE
08-06 05:57:02.254 30937 30937 D AndroidRuntime: Calling main entry com.android.commands.input.Input
08-06 05:57:02.255 30937 30937 I Input   : injectMotionEvent: MotionEvent { action=ACTION_DOWN, actionButton=0, id[0]=0, x[0]=436.0, y[0]=1770.0, toolType[0]=TOOL_TYPE_UNKNOWN, buttonState=0, metaState=0, flags=0x0, edgeFlags=0x0, pointerCount=1, historySize=0, eventTime=856638668, downTime=856638668, deviceId=0, source=0x1002 }
08-06 05:57:02.264 30937 30937 I Input   : injectMotionEvent: MotionEvent { action=ACTION_UP, actionButton=0, id[0]=0, x[0]=436.0, y[0]=1770.0, toolType[0]=TOOL_TYPE_UNKNOWN, buttonState=0, metaState=0, flags=0x0, edgeFlags=0x0, pointerCount=1, historySize=0, eventTime=856638668, downTime=856638668, deviceId=0, source=0x1002 }
08-06 05:57:02.268 30937 30937 D AndroidRuntime: Shutting down VM
08-06 05:57:02.278 29802 29802 D MainActivity: NavigationItemSelected: Courses
08-06 05:57:02.279   918  5481 I ActivityManager: START u0 {cmp=baseline.com.ak.uobtimetable/.CourseListActivity} from uid 10710 on display 0
08-06 05:57:02.280   512  2967 D audio_hw_primary: out_set_parameters: enter: usecase(1: low-latency-playback) kvpairs: routing=2
08-06 05:57:02.293   512  2967 D audio_hw_primary: select_devices: out_snd_device(2: speaker) in_snd_device(0: none)
08-06 05:57:02.293   512  2967 D msm8974_platform: platform_send_audio_calibration: sending audio calibration for snd_device(2) acdb_id(15)
08-06 05:57:02.293   512  2967 I soundtrigger: audio_extn_sound_trigger_update_device_status: device 0x2 of type 0 for Event 1
08-06 05:57:02.303 29802 29802 D MainActivity: OnPause
08-06 05:57:02.313   512  2967 D audio_hw_primary: enable_snd_device: snd_device(2: speaker)
08-06 05:57:02.315   512  2967 D audio_hw_primary: enable_audio_route: apply and update mixer path: low-latency-playback speaker
08-06 05:57:02.334 29802 29802 D CourseListActivity: onCreate
08-06 05:57:02.335 29802 30966 D HTTP    : Request for: https://uob-timetable-api.adriankeenan.co.uk/courses
08-06 05:57:02.401   918   936 I ActivityManager: Displayed baseline.com.ak.uobtimetable/.CourseListActivity: +98ms
08-06 05:57:02.402 13866 13866 I GoogleInputMethodServic: GoogleInputMethodService.onFinishInput():3138 
08-06 05:57:02.402 13866 13866 I GoogleInputMethodServic: GoogleInputMethodService.onStartInput():1808 
08-06 05:57:02.421 29802 30032 I art     : Starting a blocking GC Explicit
08-06 05:57:02.458 29802 30032 I art     : Explicit concurrent mark sweep GC freed 3955(217KB) AllocSpace objects, 1(20KB) LOS objects, 37% free, 26MB/42MB, paused 471us total 37.079ms
08-06 05:57:02.469 29802 30032 I art     : Starting a blocking GC Explicit
08-06 05:57:02.501 29802 30032 I art     : Explicit concurrent mark sweep GC freed 697(41KB) AllocSpace objects, 0(0B) LOS objects, 37% free, 26MB/42MB, paused 383us total 32.513ms
08-06 05:57:02.513 29802 30032 I art     : Starting a blocking GC Explicit
08-06 05:57:02.547 29802 30032 I art     : Explicit concurrent mark sweep GC freed 672(57KB) AllocSpace objects, 2(120KB) LOS objects, 37% free, 26MB/42MB, paused 592us total 34.293ms
08-06 05:57:02.559 29802 30032 I art     : Starting a blocking GC Explicit
08-06 05:57:02.594 29802 30032 I art     : Explicit concurrent mark sweep GC freed 1878(98KB) AllocSpace objects, 1(80KB) LOS objects, 37% free, 26MB/42MB, paused 543us total 34.525ms
08-06 05:57:02.607 29802 30032 I art     : Starting a blocking GC Explicit
08-06 05:57:02.612 29802 30966 I NAPPA_EXPERIMENTATION: MetricNetworkRequestExecutionTime: REQUEST_DURATION_SYSTEM='276',REQUEST_DURATION_OKHTTP='37',REQUEST_SYNCHRONOUS='TRUE',RESPONSE_CODE='200',RESPONSE_METHOD='GET',RESPONSE_LENGTH_OKHTTP='-1',RESPONSE_LENGTH_HEADER='-2',REQUEST_PROTOCOL='http/1.1',REQUEST_URL='https://uob-timetable-api.adriankeenan.co.uk/courses',
08-06 05:57:02.641 29802 30032 I art     : Explicit concurrent mark sweep GC freed 893(100KB) AllocSpace objects, 0(0B) LOS objects, 36% free, 27MB/43MB, paused 476us total 33.924ms
08-06 05:57:02.762 29802 29802 D MainActivity: Saving state
08-06 05:57:02.763 29802 29802 D MainActivity: Saving current fragment: SessionListsFragment
08-06 05:57:02.763 29802 29802 D MainActivity: Saving current index: 3
08-06 05:57:02.763 29802 29802 D SessionListsFragment: Saving state
08-06 05:57:02.848   512  2967 D audio_hw_primary: disable_audio_route: reset and update mixer path: low-latency-playback speaker
08-06 05:57:02.849   512  2967 D audio_hw_primary: disable_snd_device: snd_device(2: speaker)
08-06 05:57:02.857   512  2967 I soundtrigger: audio_extn_sound_trigger_update_device_status: device 0x2 of type 0 for Event 0
08-06 05:57:02.936 29802 30032 I art     : Waiting for a blocking GC Explicit
08-06 05:57:02.938 29802 30032 I art     : Starting a blocking GC Explicit
08-06 05:57:02.969 29802 30032 I art     : Explicit concurrent mark sweep GC freed 75(3KB) AllocSpace objects, 0(0B) LOS objects, 24% free, 48MB/64MB, paused 433us total 30.673ms
08-06 05:57:02.980 29802 30032 I art     : Starting a blocking GC Explicit
08-06 05:57:03.012 29802 30966 I HTTP    : Response was compressed.
08-06 05:57:03.014 29802 30032 I art     : Explicit concurrent mark sweep GC freed 89(4KB) AllocSpace objects, 0(0B) LOS objects, 20% free, 63MB/79MB, paused 455us total 33.331ms
08-06 05:57:03.024 29802 30032 I art     : Starting a blocking GC Explicit
08-06 05:57:03.063 29802 30032 I art     : Explicit concurrent mark sweep GC freed 23508(1091KB) AllocSpace objects, 2(22MB) LOS objects, 27% free, 41MB/57MB, paused 632us total 38.048ms
08-06 05:57:03.074 29802 30032 I art     : Starting a blocking GC Explicit
08-06 05:57:03.109 29802 30032 I art     : Explicit concurrent mark sweep GC freed 28786(1347KB) AllocSpace objects, 0(0B) LOS objects, 27% free, 41MB/57MB, paused 604us total 34.995ms
08-06 05:57:03.121 29802 30032 I art     : Starting a blocking GC Explicit
08-06 05:57:03.157 29802 30032 I art     : Explicit concurrent mark sweep GC freed 25627(1226KB) AllocSpace objects, 0(0B) LOS objects, 27% free, 42MB/58MB, paused 614us total 35.121ms
08-06 05:57:03.425   518   646 I ThermalEngine: ACTION: GPU - Setting GPU[0] to 450000000
08-06 05:57:03.475 29802 30032 I art     : Starting a blocking GC Explicit
08-06 05:57:03.542 29802 30032 I art     : Explicit concurrent mark sweep GC freed 195265(8MB) AllocSpace objects, 1(20KB) LOS objects, 26% free, 44MB/60MB, paused 842us total 67.414ms
08-06 05:57:03.561 29802 30032 I art     : Starting a blocking GC Explicit
08-06 05:57:03.612 29802 30032 I art     : Explicit concurrent mark sweep GC freed 46006(2MB) AllocSpace objects, 0(0B) LOS objects, 26% free, 43MB/59MB, paused 1.012ms total 51.605ms
08-06 05:57:03.629 29802 30032 I art     : Starting a blocking GC Explicit
08-06 05:57:03.680 29802 30032 I art     : Explicit concurrent mark sweep GC freed 34645(1638KB) AllocSpace objects, 0(0B) LOS objects, 26% free, 44MB/60MB, paused 1.034ms total 50.088ms
08-06 05:57:03.693 24365 12204 I NetworkScheduler.Stats: Task com.google.android.gms/com.google.android.gms.icing.service.IcingGcmTaskService started execution. cause:4 exec_start_elapsed_seconds: 1840027 [CONTEXT service_id=218 ]
08-06 05:57:03.697 29802 30032 I art     : Starting a blocking GC Explicit
08-06 05:57:03.707 24365 32102 I NetworkScheduler.Stats: Task com.google.android.gms/com.google.android.gms.icing.service.IcingGcmTaskService finished executing. cause:4 result: 1 elapsed_millis: 33 uptime_millis: 32 exec_start_elapsed_seconds: 1840027 [CONTEXT service_id=218 ]
08-06 05:57:03.747 29802 30032 I art     : Explicit concurrent mark sweep GC freed 34030(1611KB) AllocSpace objects, 0(0B) LOS objects, 26% free, 44MB/60MB, paused 1.019ms total 50.014ms
08-06 05:57:03.758 24365 12204 I NetworkScheduler.Stats: Task com.google.android.gms/com.google.android.gms.common.stats.net.NetworkReportService started execution. cause:5 exec_start_elapsed_seconds: 1840027 [CONTEXT service_id=218 ]
08-06 05:57:03.763 29802 30032 I art     : Starting a blocking GC Explicit
08-06 05:57:03.799 24365 32102 I NetworkScheduler.Stats: Task com.google.android.gms/com.google.android.gms.clearcut.uploader.QosUploaderService started execution. cause:5 exec_start_elapsed_seconds: 1840027 [CONTEXT service_id=218 ]
08-06 05:57:03.812 29802 30032 I art     : Explicit concurrent mark sweep GC freed 33137(1551KB) AllocSpace objects, 0(0B) LOS objects, 26% free, 44MB/60MB, paused 1.167ms total 48.301ms
08-06 05:57:04.114 29802 29814 I art     : Starting a blocking GC Explicit
08-06 05:57:04.179 29802 29814 I art     : Explicit concurrent mark sweep GC freed 183885(8MB) AllocSpace objects, 1(20KB) LOS objects, 25% free, 46MB/62MB, paused 945us total 65.101ms
08-06 05:57:04.191   918   927 I art     : Background partial concurrent mark sweep GC freed 37560(3MB) AllocSpace objects, 44(892KB) LOS objects, 18% free, 68MB/84MB, paused 2.100ms total 184.328ms
08-06 05:57:04.198 29802 29814 I art     : Starting a blocking GC Explicit
08-06 05:57:04.252 29802 29814 I art     : Explicit concurrent mark sweep GC freed 37874(1794KB) AllocSpace objects, 0(0B) LOS objects, 25% free, 46MB/62MB, paused 1.013ms total 52.666ms
08-06 05:57:04.269 29802 29814 I art     : Starting a blocking GC Explicit
08-06 05:57:04.318   918  5132 I AccountManagerService: getTypesVisibleToCaller: isPermitted? true
08-06 05:57:04.323 29802 29814 I art     : Explicit concurrent mark sweep GC freed 35702(1702KB) AllocSpace objects, 0(0B) LOS objects, 25% free, 46MB/62MB, paused 1.166ms total 53.663ms
08-06 05:57:04.330   918  3359 I AccountManagerService: getTypesVisibleToCaller: isPermitted? true
08-06 05:57:04.336   918  3696 I AccountManagerService: getTypesVisibleToCaller: isPermitted? true
08-06 05:57:04.341 29802 29814 I art     : Starting a blocking GC Explicit
08-06 05:57:04.342   918  5952 I AccountManagerService: getTypesVisibleToCaller: isPermitted? true
08-06 05:57:04.350   918  6110 I AccountManagerService: getTypesVisibleToCaller: isPermitted? true
08-06 05:57:04.362   918  6110 I AccountManagerService: getTypesVisibleToCaller: isPermitted? true
08-06 05:57:04.369   918   928 I AccountManagerService: getTypesVisibleToCaller: isPermitted? true
08-06 05:57:04.384   918  6110 I AccountManagerService: getTypesVisibleToCaller: isPermitted? true
08-06 05:57:04.391   918  6111 I AccountManagerService: getTypesVisibleToCaller: isPermitted? true
08-06 05:57:04.395 29802 29814 I art     : Explicit concurrent mark sweep GC freed 36789(1722KB) AllocSpace objects, 0(0B) LOS objects, 25% free, 46MB/62MB, paused 1.116ms total 54.414ms
08-06 05:57:04.404   918  3359 I AccountManagerService: getTypesVisibleToCaller: isPermitted? true
08-06 05:57:04.412   918  3696 I AccountManagerService: getTypesVisibleToCaller: isPermitted? true
08-06 05:57:04.413 29802 29814 I art     : Starting a blocking GC Explicit
08-06 05:57:04.423   918  4400 I AccountManagerService: getTypesVisibleToCaller: isPermitted? true
08-06 05:57:04.432   918  3696 I AccountManagerService: getTypesVisibleToCaller: isPermitted? true
08-06 05:57:04.441   918  3961 I AccountManagerService: getTypesVisibleToCaller: isPermitted? true
08-06 05:57:04.448   918  6112 I AccountManagerService: getTypesVisibleToCaller: isPermitted? true
08-06 05:57:04.460   918  6110 I AccountManagerService: getTypesVisibleToCaller: isPermitted? true
08-06 05:57:04.469   918  6111 I AccountManagerService: getTypesVisibleToCaller: isPermitted? true
08-06 05:57:04.469 29802 29814 I art     : Explicit concurrent mark sweep GC freed 33555(1577KB) AllocSpace objects, 0(0B) LOS objects, 25% free, 47MB/63MB, paused 1.441ms total 55.795ms
08-06 05:57:04.475   918  4413 I AccountManagerService: getTypesVisibleToCaller: isPermitted? true
08-06 05:57:04.481   918  4400 I AccountManagerService: getTypesVisibleToCaller: isPermitted? true
08-06 05:57:04.487   918  3961 I AccountManagerService: getTypesVisibleToCaller: isPermitted? true
08-06 05:57:04.497   918   929 I AccountManagerService: getTypesVisibleToCaller: isPermitted? true
08-06 05:57:04.503   918  6110 I AccountManagerService: getTypesVisibleToCaller: isPermitted? true
08-06 05:57:04.510   918  3359 I AccountManagerService: getTypesVisibleToCaller: isPermitted? true
08-06 05:57:04.518   918  5952 I AccountManagerService: getTypesVisibleToCaller: isPermitted? true
08-06 05:57:04.524   918   928 I AccountManagerService: getTypesVisibleToCaller: isPermitted? true
08-06 05:57:04.533   918  5952 I AccountManagerService: getTypesVisibleToCaller: isPermitted? true
08-06 05:57:04.548   918  5952 I AccountManagerService: getTypesVisibleToCaller: isPermitted? true
08-06 05:57:04.556   918  6029 I AccountManagerService: getTypesVisibleToCaller: isPermitted? true
08-06 05:57:04.562   918  3696 I AccountManagerService: getTypesVisibleToCaller: isPermitted? true
08-06 05:57:04.568   918  3714 I AccountManagerService: getTypesVisibleToCaller: isPermitted? true
08-06 05:57:04.574   918  6110 I AccountManagerService: getTypesVisibleToCaller: isPermitted? true
08-06 05:57:04.585   918  3359 I AccountManagerService: getTypesVisibleToCaller: isPermitted? true
08-06 05:57:04.591   918  3670 I AccountManagerService: getTypesVisibleToCaller: isPermitted? true
08-06 05:57:04.600   918  3670 I AccountManagerService: getTypesVisibleToCaller: isPermitted? true
08-06 05:57:04.622   918  4400 I AccountManagerService: getTypesVisibleToCaller: isPermitted? true
08-06 05:57:04.657 24365 12204 I NetworkScheduler.Stats: Task com.google.android.gms/com.google.android.gms.common.stats.net.NetworkReportService finished executing. cause:5 result: 1 elapsed_millis: 917 uptime_millis: 917 exec_start_elapsed_seconds: 1840027 [CONTEXT service_id=218 ]
08-06 05:57:04.717 24365 32102 W Conscrypt: Could not set socket write timeout: java.net.SocketException: Socket closed
08-06 05:57:04.718 24365 32102 E art     : invalid stream - problem with parameter iterator in /data/app/com.google.android.gms-2/base.apk:classes3.dex for method void com.google.android.gms.org.conscrypt.ConscryptFileDescriptorSocket.setSoWriteTimeout(int)
08-06 05:57:04.718 24365 32102 W Conscrypt: 	at com.google.android.gms.org.conscrypt.Platform.setSocketWriteTimeout(:com.google.android.gms@202614019@20.26.14 (040400-320008519):2)
08-06 05:57:04.718 24365 32102 W Conscrypt: 	at com.google.android.gms.org.conscrypt.ConscryptFileDescriptorSocket.setSoWriteTimeout(:com.google.android.gms@202614019@20.26.14 (040400-320008519))
08-06 05:57:04.744 24365 32102 W Conscrypt: Could not set socket write timeout: java.net.SocketException: Socket closed
08-06 05:57:04.744 24365 32102 E art     : invalid stream - problem with parameter iterator in /data/app/com.google.android.gms-2/base.apk:classes3.dex for method void com.google.android.gms.org.conscrypt.ConscryptFileDescriptorSocket.setSoWriteTimeout(int)
08-06 05:57:04.745 24365 32102 W Conscrypt: 	at com.google.android.gms.org.conscrypt.Platform.setSocketWriteTimeout(:com.google.android.gms@202614019@20.26.14 (040400-320008519):2)
08-06 05:57:04.745 24365 32102 W Conscrypt: 	at com.google.android.gms.org.conscrypt.ConscryptFileDescriptorSocket.setSoWriteTimeout(:com.google.android.gms@202614019@20.26.14 (040400-320008519))
08-06 05:57:04.755   918   927 I art     : Background partial concurrent mark sweep GC freed 9659(463KB) AllocSpace objects, 2(40KB) LOS objects, 19% free, 68MB/84MB, paused 2.291ms total 180.208ms
08-06 05:57:04.774   918  3359 I AccountManagerService: getTypesVisibleToCaller: isPermitted? true
08-06 05:57:04.778 29802 30032 I art     : Starting a blocking GC Explicit
08-06 05:57:04.812 24365 32102 E CCTUploader: Clearcut transport failed to make network request. Use 188 milliseconds.
08-06 05:57:04.812 24365 32102 E CCTUploader: java.io.IOException: unexpected end of stream on Connection{play.googleapis.com:443, proxy=HTTP@192.168.2.12:8080 hostAddress=192.168.2.12 cipherSuite=TLS_AES_256_GCM_SHA384 protocol=http/1.1} (recycle count=0)
08-06 05:57:04.812 24365 32102 E CCTUploader: 	at com.android.okhttp.internal.http.HttpConnection.readResponse(HttpConnection.java:210)
08-06 05:57:04.812 24365 32102 E CCTUploader: 	at com.android.okhttp.internal.http.HttpTransport.readResponseHeaders(HttpTransport.java:80)
08-06 05:57:04.812 24365 32102 E CCTUploader: 	at com.android.okhttp.internal.http.HttpEngine.readNetworkResponse(HttpEngine.java:904)
08-06 05:57:04.812 24365 32102 E CCTUploader: 	at com.android.okhttp.internal.http.HttpEngine.readResponse(HttpEngine.java:788)
08-06 05:57:04.812 24365 32102 E CCTUploader: 	at com.android.okhttp.internal.huc.HttpURLConnectionImpl.execute(HttpURLConnectionImpl.java:439)
08-06 05:57:04.812 24365 32102 E CCTUploader: 	at com.android.okhttp.internal.huc.HttpURLConnectionImpl.getResponse(HttpURLConnectionImpl.java:384)
08-06 05:57:04.812 24365 32102 E CCTUploader: 	at com.android.okhttp.internal.huc.HttpURLConnectionImpl.getResponseCode(HttpURLConnectionImpl.java:497)
08-06 05:57:04.812 24365 32102 E CCTUploader: 	at com.android.okhttp.internal.huc.DelegatingHttpsURLConnection.getResponseCode(DelegatingHttpsURLConnection.java:105)
08-06 05:57:04.812 24365 32102 E CCTUploader: 	at com.android.okhttp.internal.huc.HttpsURLConnectionImpl.getResponseCode(HttpsURLConnectionImpl.java)
08-06 05:57:04.812 24365 32102 E CCTUploader: 	at aboy.a(:com.google.android.gms@202614019@20.26.14 (040400-320008519):29)
08-06 05:57:04.812 24365 32102 E CCTUploader: 	at aboy.execute(:com.google.android.gms@202614019@20.26.14 (040400-320008519):8)
08-06 05:57:04.812 24365 32102 E CCTUploader: 	at aboy.execute(:com.google.android.gms@202614019@20.26.14 (040400-320008519):7)
08-06 05:57:04.812 24365 32102 E CCTUploader: 	at rbc.a(:com.google.android.gms@202614019@20.26.14 (040400-320008519):7)
08-06 05:57:04.812 24365 32102 E CCTUploader: 	at rbc.a(:com.google.android.gms@202614019@20.26.14 (040400-320008519):30)
08-06 05:57:04.812 24365 32102 E CCTUploader: 	at com.google.android.gms.clearcut.uploader.QosUploaderChimeraService.a(:com.google.android.gms@202614019@20.26.14 (040400-320008519):110)
08-06 05:57:04.812 24365 32102 E CCTUploader: 	at com.google.android.gms.clearcut.uploader.QosUploaderChimeraService.a(:com.google.android.gms@202614019@20.26.14 (040400-320008519):2)
08-06 05:57:04.812 24365 32102 E CCTUploader: 	at aegr.call(Unknown Source)
08-06 05:57:04.812 24365 32102 E CCTUploader: 	at java.util.concurrent.FutureTask.run(FutureTask.java:237)
08-06 05:57:04.812 24365 32102 E CCTUploader: 	at skp.b(:com.google.android.gms@202614019@20.26.14 (040400-320008519):12)
08-06 05:57:04.812 24365 32102 E CCTUploader: 	at skp.run(:com.google.android.gms@202614019@20.26.14 (040400-320008519):7)
08-06 05:57:04.812 24365 32102 E CCTUploader: 	at java.util.concurrent.ThreadPoolExecutor.runWorker(ThreadPoolExecutor.java:1113)
08-06 05:57:04.812 24365 32102 E CCTUploader: 	at java.util.concurrent.ThreadPoolExecutor$Worker.run(ThreadPoolExecutor.java:588)
08-06 05:57:04.812 24365 32102 E CCTUploader: 	at sql.run(:com.google.android.gms@202614019@20.26.14 (040400-320008519):0)
08-06 05:57:04.812 24365 32102 E CCTUploader: 	at java.lang.Thread.run(Thread.java:818)
08-06 05:57:04.812 24365 32102 E CCTUploader: Caused by: java.io.EOFException: \n not found: size=0 content=...
08-06 05:57:04.812 24365 32102 E CCTUploader: 	at com.android.okhttp.okio.RealBufferedSource.readUtf8LineStrict(RealBufferedSource.java:200)
08-06 05:57:04.812 24365 32102 E CCTUploader: 	at com.android.okhttp.internal.http.HttpConnection.readResponse(HttpConnection.java:191)
08-06 05:57:04.812 24365 32102 E CCTUploader: 	... 23 more
08-06 05:57:04.853 29802 30032 I art     : Explicit concurrent mark sweep GC freed 186234(8MB) AllocSpace objects, 1(20KB) LOS objects, 24% free, 48MB/64MB, paused 1.162ms total 74.819ms
08-06 05:57:04.873 29802 30032 I art     : Starting a blocking GC Explicit
08-06 05:57:04.934 29802 30032 I art     : Explicit concurrent mark sweep GC freed 46045(2MB) AllocSpace objects, 0(0B) LOS objects, 24% free, 48MB/64MB, paused 2.003ms total 61.203ms
08-06 05:57:04.953 29802 30032 I art     : Starting a blocking GC Explicit
08-06 05:57:05.015 29802 30032 I art     : Explicit concurrent mark sweep GC freed 40438(1935KB) AllocSpace objects, 0(0B) LOS objects, 24% free, 49MB/65MB, paused 1.397ms total 61.324ms
08-06 05:57:05.034 29802 30032 I art     : Starting a blocking GC Explicit
08-06 05:57:05.096 29802 30032 I art     : Explicit concurrent mark sweep GC freed 40551(1920KB) AllocSpace objects, 0(0B) LOS objects, 24% free, 49MB/65MB, paused 1.336ms total 62.313ms
08-06 05:57:05.116 29802 30032 I art     : Starting a blocking GC Explicit
08-06 05:57:05.181 29802 30032 I art     : Explicit concurrent mark sweep GC freed 40926(1931KB) AllocSpace objects, 0(0B) LOS objects, 24% free, 49MB/65MB, paused 1.369ms total 64.745ms
08-06 05:57:05.325 24365  3309 I NetworkScheduler.Stats: Task com.google.android.gms/com.google.android.gms.clearcut.uploader.QosUploaderService finished executing. cause:5 result: 2 elapsed_millis: 1553 uptime_millis: 1553 exec_start_elapsed_seconds: 1840027 [CONTEXT service_id=218 ]
08-06 05:57:05.499 29802 29814 I art     : Starting a blocking GC Explicit
08-06 05:57:05.590 29802 29814 I art     : Explicit concurrent mark sweep GC freed 198865(9MB) AllocSpace objects, 1(20KB) LOS objects, 23% free, 51MB/67MB, paused 1.311ms total 90.711ms
08-06 05:57:05.613 29802 29814 I art     : Starting a blocking GC Explicit
08-06 05:57:05.688 29802 29814 I art     : Explicit concurrent mark sweep GC freed 58744(2MB) AllocSpace objects, 0(0B) LOS objects, 23% free, 51MB/67MB, paused 1.818ms total 74.907ms
08-06 05:57:05.710 29802 29814 I art     : Starting a blocking GC Explicit
08-06 05:57:05.787 29802 29814 I art     : Explicit concurrent mark sweep GC freed 51627(2MB) AllocSpace objects, 0(0B) LOS objects, 23% free, 51MB/67MB, paused 1.675ms total 76.317ms
08-06 05:57:05.809 29802 29814 I art     : Starting a blocking GC Explicit
08-06 05:57:05.887 29802 29814 I art     : Explicit concurrent mark sweep GC freed 51944(2MB) AllocSpace objects, 0(0B) LOS objects, 23% free, 52MB/68MB, paused 1.616ms total 77.207ms
08-06 05:57:05.909 29802 29814 I art     : Starting a blocking GC Explicit
08-06 05:57:05.942 29802 30966 I Service : getCourses response time: 0.69
08-06 05:57:05.948 29802 29802 I SettingsManager: Getting string: savedCourse
08-06 05:57:05.982 29802 29814 I art     : Explicit concurrent mark sweep GC freed 32877(1594KB) AllocSpace objects, 0(0B) LOS objects, 23% free, 52MB/68MB, paused 1.023ms total 73.290ms
08-06 05:57:06.337 29802 30032 I art     : Starting a blocking GC Explicit
08-06 05:57:06.423 29802 30032 I art     : Explicit concurrent mark sweep GC freed 2543(129KB) AllocSpace objects, 2(15MB) LOS objects, 29% free, 37MB/53MB, paused 551us total 85.228ms
08-06 05:57:06.447 29802 30032 I art     : Starting a blocking GC Explicit
08-06 05:57:06.525 29802 30032 I art     : Explicit concurrent mark sweep GC freed 755(67KB) AllocSpace objects, 0(0B) LOS objects, 29% free, 37MB/53MB, paused 571us total 77.923ms
08-06 05:57:06.551 29802 30032 I art     : Starting a blocking GC Explicit
08-06 05:57:06.634 29802 30032 I art     : Explicit concurrent mark sweep GC freed 3(96B) AllocSpace objects, 0(0B) LOS objects, 29% free, 37MB/53MB, paused 565us total 82.932ms
08-06 05:57:06.659 29802 30032 I art     : Starting a blocking GC Explicit
08-06 05:57:06.741 29802 30032 I art     : Explicit concurrent mark sweep GC freed 3(96B) AllocSpace objects, 0(0B) LOS objects, 29% free, 37MB/53MB, paused 562us total 81.761ms
08-06 05:57:06.766 29802 30032 I art     : Starting a blocking GC Explicit
08-06 05:57:06.851 29802 30032 I art     : Explicit concurrent mark sweep GC freed 3(96B) AllocSpace objects, 0(0B) LOS objects, 29% free, 37MB/53MB, paused 549us total 84.863ms
08-06 05:57:07.221 29802 30018 I art     : Starting a blocking GC Explicit
08-06 05:57:07.322 29802 30018 I art     : Explicit concurrent mark sweep GC freed 1293(75KB) AllocSpace objects, 1(20KB) LOS objects, 29% free, 37MB/53MB, paused 519us total 99.902ms
08-06 05:57:07.346 29802 30018 I art     : Starting a blocking GC Explicit
08-06 05:57:07.427 29802 30018 I art     : Explicit concurrent mark sweep GC freed 18(624B) AllocSpace objects, 0(0B) LOS objects, 29% free, 37MB/53MB, paused 530us total 80.305ms
08-06 05:57:07.452 29802 30018 I art     : Starting a blocking GC Explicit
08-06 05:57:07.533 29802 30018 I art     : Explicit concurrent mark sweep GC freed 3(96B) AllocSpace objects, 0(0B) LOS objects, 29% free, 37MB/53MB, paused 568us total 80.532ms
08-06 05:57:07.558 29802 30018 I art     : Starting a blocking GC Explicit
08-06 05:57:07.637 29802 30018 I art     : Explicit concurrent mark sweep GC freed 6(224B) AllocSpace objects, 0(0B) LOS objects, 29% free, 37MB/53MB, paused 545us total 78.463ms
08-06 05:57:07.662 29802 30018 I art     : Starting a blocking GC Explicit
08-06 05:57:07.742 29802 30018 I art     : Explicit concurrent mark sweep GC freed 3(96B) AllocSpace objects, 0(0B) LOS objects, 29% free, 37MB/53MB, paused 546us total 80.587ms
08-06 05:57:08.102 29802 29813 I art     : Starting a blocking GC Explicit
08-06 05:57:08.205 29802 29813 I art     : Explicit concurrent mark sweep GC freed 1293(75KB) AllocSpace objects, 1(20KB) LOS objects, 29% free, 37MB/53MB, paused 592us total 101.897ms
08-06 05:57:08.232 29802 29813 I art     : Starting a blocking GC Explicit
08-06 05:57:08.315 29802 29813 I art     : Explicit concurrent mark sweep GC freed 18(624B) AllocSpace objects, 0(0B) LOS objects, 29% free, 37MB/53MB, paused 551us total 82.688ms
08-06 05:57:08.339 29802 29813 I art     : Starting a blocking GC Explicit
08-06 05:57:08.419 29802 29813 I art     : Explicit concurrent mark sweep GC freed 3(96B) AllocSpace objects, 0(0B) LOS objects, 29% free, 37MB/53MB, paused 552us total 79.552ms
08-06 05:57:08.444 29802 29813 I art     : Starting a blocking GC Explicit
08-06 05:57:08.507 29577 29674 W FirebaseInstanceId: Token retrieval failed: SERVICE_NOT_AVAILABLE. Will retry token retrieval
08-06 05:57:08.524 29802 29813 I art     : Explicit concurrent mark sweep GC freed 3(96B) AllocSpace objects, 0(0B) LOS objects, 29% free, 37MB/53MB, paused 520us total 80.012ms
08-06 05:57:08.549 29802 29813 I art     : Starting a blocking GC Explicit
08-06 05:57:08.618 29802 29813 I art     : Explicit concurrent mark sweep GC freed 3(96B) AllocSpace objects, 0(0B) LOS objects, 29% free, 37MB/53MB, paused 543us total 69.509ms
08-06 05:57:08.948 29802 30290 I art     : Starting a blocking GC Explicit
08-06 05:57:09.034 29802 30290 I art     : Explicit concurrent mark sweep GC freed 1293(75KB) AllocSpace objects, 1(20KB) LOS objects, 29% free, 37MB/53MB, paused 555us total 85.753ms
08-06 05:57:09.058 31056 31056 D AndroidRuntime: >>>>>> START com.android.internal.os.RuntimeInit uid 2000 <<<<<<
08-06 05:57:09.058 29802 30290 I art     : Starting a blocking GC Explicit
08-06 05:57:09.064 31056 31056 D AndroidRuntime: CheckJNI is OFF
08-06 05:57:09.107 31056 31056 D ICU     : No timezone override file found: /data/misc/zoneinfo/current/icu/icu_tzdata.dat
08-06 05:57:09.133 29802 30290 I art     : Explicit concurrent mark sweep GC freed 18(624B) AllocSpace objects, 0(0B) LOS objects, 29% free, 37MB/53MB, paused 604us total 74.520ms
08-06 05:57:09.155 31056 31056 I Radio-JNI: register_android_hardware_Radio DONE
08-06 05:57:09.157 29802 30290 I art     : Starting a blocking GC Explicit
08-06 05:57:09.185 31056 31056 D AndroidRuntime: Calling main entry com.android.commands.input.Input
08-06 05:57:09.188 31056 31056 I Input   : injectMotionEvent: MotionEvent { action=ACTION_DOWN, actionButton=0, id[0]=0, x[0]=648.0, y[0]=709.0, toolType[0]=TOOL_TYPE_UNKNOWN, buttonState=0, metaState=0, flags=0x0, edgeFlags=0x0, pointerCount=1, historySize=0, eventTime=856645599, downTime=856645599, deviceId=0, source=0x1002 }
08-06 05:57:09.195 31056 31056 I Input   : injectMotionEvent: MotionEvent { action=ACTION_UP, actionButton=0, id[0]=0, x[0]=648.0, y[0]=709.0, toolType[0]=TOOL_TYPE_UNKNOWN, buttonState=0, metaState=0, flags=0x0, edgeFlags=0x0, pointerCount=1, historySize=0, eventTime=856645599, downTime=856645599, deviceId=0, source=0x1002 }
08-06 05:57:09.197 31056 31056 D AndroidRuntime: Shutting down VM
08-06 05:57:09.237 29802 30290 I art     : Explicit concurrent mark sweep GC freed 20(960B) AllocSpace objects, 0(0B) LOS objects, 29% free, 37MB/53MB, paused 520us total 79.253ms
08-06 05:57:09.262 29802 30290 I art     : Starting a blocking GC Explicit
08-06 05:57:09.263   512  2967 D audio_hw_primary: out_set_parameters: enter: usecase(1: low-latency-playback) kvpairs: routing=2
08-06 05:57:09.277   512  2967 D audio_hw_primary: select_devices: out_snd_device(2: speaker) in_snd_device(0: none)
08-06 05:57:09.277   512  2967 D msm8974_platform: platform_send_audio_calibration: sending audio calibration for snd_device(2) acdb_id(15)
08-06 05:57:09.278   512  2967 I soundtrigger: audio_extn_sound_trigger_update_device_status: device 0x2 of type 0 for Event 1
08-06 05:57:09.288   512  2967 D audio_hw_primary: enable_snd_device: snd_device(2: speaker)
08-06 05:57:09.291   512  2967 D audio_hw_primary: enable_audio_route: apply and update mixer path: low-latency-playback speaker
08-06 05:57:09.333 29802 30290 I art     : Explicit concurrent mark sweep GC freed 694(54KB) AllocSpace objects, 1(20KB) LOS objects, 29% free, 37MB/53MB, paused 924us total 71.333ms
08-06 05:57:09.341 25535 25535 I ServiceManager: Waiting for service AtCmdFwd...
08-06 05:57:09.357 29802 30290 I art     : Starting a blocking GC Explicit
08-06 05:57:09.431 29802 30290 I art     : Explicit concurrent mark sweep GC freed 195(8KB) AllocSpace objects, 0(0B) LOS objects, 29% free, 37MB/53MB, paused 498us total 73.535ms
08-06 05:57:09.755 29802 30290 I art     : Starting a blocking GC Explicit
08-06 05:57:09.839   512  2967 D audio_hw_primary: disable_audio_route: reset and update mixer path: low-latency-playback speaker
08-06 05:57:09.839 29802 30290 I art     : Explicit concurrent mark sweep GC freed 1299(75KB) AllocSpace objects, 1(20KB) LOS objects, 29% free, 37MB/53MB, paused 556us total 83.957ms
08-06 05:57:09.840   512  2967 D audio_hw_primary: disable_snd_device: snd_device(2: speaker)
08-06 05:57:09.849   512  2967 I soundtrigger: audio_extn_sound_trigger_update_device_status: device 0x2 of type 0 for Event 0
08-06 05:57:09.866 29802 30290 I art     : Starting a blocking GC Explicit
08-06 05:57:09.942 29802 30290 I art     : Explicit concurrent mark sweep GC freed 24(816B) AllocSpace objects, 0(0B) LOS objects, 29% free, 37MB/53MB, paused 520us total 76.227ms
08-06 05:57:09.969 29802 30290 I art     : Starting a blocking GC Explicit
08-06 05:57:10.055 29802 30290 I art     : Explicit concurrent mark sweep GC freed 5(160B) AllocSpace objects, 0(0B) LOS objects, 29% free, 37MB/53MB, paused 545us total 85.674ms
08-06 05:57:10.081 29802 30290 I art     : Starting a blocking GC Explicit
08-06 05:57:10.154 29802 30290 I art     : Explicit concurrent mark sweep GC freed 3(96B) AllocSpace objects, 0(0B) LOS objects, 29% free, 37MB/53MB, paused 524us total 72.796ms
08-06 05:57:10.178 29802 30290 I art     : Starting a blocking GC Explicit
08-06 05:57:10.253 29802 30290 I art     : Explicit concurrent mark sweep GC freed 5(160B) AllocSpace objects, 0(0B) LOS objects, 29% free, 37MB/53MB, paused 539us total 75.508ms
08-06 05:57:10.342 25535 25535 I ServiceManager: Waiting for service AtCmdFwd...
08-06 05:57:10.580 29802 30018 I art     : Starting a blocking GC Explicit
08-06 05:57:10.663 29802 30018 I art     : Explicit concurrent mark sweep GC freed 1293(75KB) AllocSpace objects, 1(20KB) LOS objects, 29% free, 37MB/53MB, paused 563us total 82.220ms
08-06 05:57:10.687 29802 30018 I art     : Starting a blocking GC Explicit
08-06 05:57:10.760 29802 30018 I art     : Explicit concurrent mark sweep GC freed 18(624B) AllocSpace objects, 0(0B) LOS objects, 29% free, 37MB/53MB, paused 541us total 73.029ms
08-06 05:57:10.784 29802 30018 I art     : Starting a blocking GC Explicit
08-06 05:57:10.864 29802 30018 I art     : Explicit concurrent mark sweep GC freed 3(96B) AllocSpace objects, 0(0B) LOS objects, 29% free, 37MB/53MB, paused 558us total 79.738ms
08-06 05:57:10.888 29802 30018 I art     : Starting a blocking GC Explicit
08-06 05:57:10.969 29802 30018 I art     : Explicit concurrent mark sweep GC freed 9(288B) AllocSpace objects, 0(0B) LOS objects, 29% free, 37MB/53MB, paused 562us total 80.379ms
08-06 05:57:10.996 29802 30018 I art     : Starting a blocking GC Explicit
08-06 05:57:10.998 31091 31091 D AndroidRuntime: >>>>>> START com.android.internal.os.RuntimeInit uid 2000 <<<<<<
08-06 05:57:11.004 31091 31091 D AndroidRuntime: CheckJNI is OFF
08-06 05:57:11.050 31091 31091 D ICU     : No timezone override file found: /data/misc/zoneinfo/current/icu/icu_tzdata.dat
08-06 05:57:11.073 29802 30018 I art     : Explicit concurrent mark sweep GC freed 17(544B) AllocSpace objects, 0(0B) LOS objects, 29% free, 37MB/53MB, paused 572us total 77.066ms
08-06 05:57:11.094 31091 31091 I Radio-JNI: register_android_hardware_Radio DONE
08-06 05:57:11.123 31091 31091 D AndroidRuntime: Calling main entry com.android.commands.input.Input
08-06 05:57:11.125 31091 31091 I Input   : injectMotionEvent: MotionEvent { action=ACTION_DOWN, actionButton=0, id[0]=0, x[0]=1197.0, y[0]=1456.0, toolType[0]=TOOL_TYPE_UNKNOWN, buttonState=0, metaState=0, flags=0x0, edgeFlags=0x0, pointerCount=1, historySize=0, eventTime=856647538, downTime=856647538, deviceId=0, source=0x1002 }
08-06 05:57:11.131 31091 31091 I Input   : injectMotionEvent: MotionEvent { action=ACTION_UP, actionButton=0, id[0]=0, x[0]=1197.0, y[0]=1456.0, toolType[0]=TOOL_TYPE_UNKNOWN, buttonState=0, metaState=0, flags=0x0, edgeFlags=0x0, pointerCount=1, historySize=0, eventTime=856647538, downTime=856647538, deviceId=0, source=0x1002 }
08-06 05:57:11.132 31091 31091 D AndroidRuntime: Shutting down VM
08-06 05:57:11.142   512  2967 D audio_hw_primary: out_set_parameters: enter: usecase(1: low-latency-playback) kvpairs: routing=2
08-06 05:57:11.155   512  2967 D audio_hw_primary: select_devices: out_snd_device(2: speaker) in_snd_device(0: none)
08-06 05:57:11.156   512  2967 D msm8974_platform: platform_send_audio_calibration: sending audio calibration for snd_device(2) acdb_id(15)
08-06 05:57:11.156   512  2967 I soundtrigger: audio_extn_sound_trigger_update_device_status: device 0x2 of type 0 for Event 1
08-06 05:57:11.161 29802 29817 D OpenGLRenderer: endAllStagingAnimators on 0x7f80e6cc00 (RippleDrawable) with handle 0x7f79f33680
08-06 05:57:11.165   512  2967 D audio_hw_primary: enable_snd_device: snd_device(2: speaker)
08-06 05:57:11.168   512  2967 D audio_hw_primary: enable_audio_route: apply and update mixer path: low-latency-playback speaker
08-06 05:57:11.168 29802 29802 I SettingsManager: Setting string: savedCourse
08-06 05:57:11.169   918  3961 W BackupManagerService: dataChanged but no participant pkg='baseline.com.ak.uobtimetable' uid=10710
08-06 05:57:11.170   918  3670 I ActivityManager: START u0 {flg=0x4000000 cmp=baseline.com.ak.uobtimetable/.MainActivity (has extras)} from uid 10710 on display 0
08-06 05:57:11.182   918  3714 W InputMethodManagerService: Focus gain on non-focused client com.android.internal.view.IInputMethodClient$Stub$Proxy@a3a46b1 (uid=10710 pid=29802)
08-06 05:57:11.199 29802 29802 D MainActivity: OnDestroy
08-06 05:57:11.225 29802 29802 D MainActivity: onCreate
08-06 05:57:11.225 29802 29802 I SettingsManager: Getting string: savedSessions
08-06 05:57:11.225 29802 29802 I SettingsManager: Getting string: savedSessions
08-06 05:57:11.235 29802 29802 I SettingsManager: Getting string: savedSessionsCourseName
08-06 05:57:11.236 29802 29802 I SettingsManager: Getting string: savedSessionsCourseName
08-06 05:57:11.236 29802 29802 I SettingsManager: Getting string: savedSessionsDateRange
08-06 05:57:11.236 29802 29802 I SettingsManager: Getting string: savedSessionsDateRange
08-06 05:57:11.236 29802 29802 I Settings: 15 saved sessions - Artificial Intelligence and Robotics (with Foundation Year) - BSc (Hons) - Ltn - Y0 Feb FT - Weeks: 24-38 (8 Jun 2020-20 Sep 2020)
08-06 05:57:11.279 29802 29802 I SettingsManager: Getting string: savedCourse
08-06 05:57:11.281 29802 29802 D MainActivity: sessionListFragmentArg: updateSessions
08-06 05:57:11.281 29802 29802 D MainActivity: showTermDatesConfigChange: false
08-06 05:57:11.281 29802 29802 D MainActivity: showTermDatesShortcut: false
08-06 05:57:11.282 29802 29802 D MainActivity: Setting initial fragment: SessionListsFragment
08-06 05:57:11.284 29802 29802 I SettingsManager: Getting int: launchCount
08-06 05:57:11.285 29802 29802 D SessionListsFragment: onCreateView
08-06 05:57:11.290 29802 29802 I SettingsManager: Getting string: savedCourse
08-06 05:57:11.294 29802 29802 I SettingsManager: Getting string: savedSessions
08-06 05:57:11.305 29802 29802 D SessionListsFragment: loadArgument: updateSessions
08-06 05:57:11.306 29802 29802 D SessionListsFragment: initialIndex: -1
08-06 05:57:11.308 29802 31123 D HTTP    : Request for: https://uob-timetable-api.adriankeenan.co.uk/sessions?dept=CM010&course=BSAIFAAF%2F02AA%2F0%2FFT&level=Foundation+Year
08-06 05:57:11.322 29802 29802 D TermDatesFragment: WebView loaded
08-06 05:57:11.323 29802 29802 D MainActivity: OnResume
08-06 05:57:11.342 25535 25535 I ServiceManager: Waiting for service AtCmdFwd...
08-06 05:57:11.389 29802 30032 I art     : Starting a blocking GC Explicit
08-06 05:57:11.411 29802 29802 I TermDatesFragment: Webview load %: 10
08-06 05:57:11.434 13866 13866 I GoogleInputMethodServic: GoogleInputMethodService.onFinishInput():3138 
08-06 05:57:11.435 13866 13866 I GoogleInputMethodServic: GoogleInputMethodService.onStartInput():1808 
08-06 05:57:11.435   918   936 I ActivityManager: Displayed baseline.com.ak.uobtimetable/.MainActivity: +250ms
08-06 05:57:11.469 29802 30032 I art     : Explicit concurrent mark sweep GC freed 23199(1090KB) AllocSpace objects, 3(1360KB) LOS objects, 29% free, 38MB/54MB, paused 952us total 78.696ms
08-06 05:57:11.492 29802 30032 I art     : Starting a blocking GC Explicit
08-06 05:57:11.518 29802 29802 I TermDatesFragment: Webview load %: 70
08-06 05:57:11.530 29802 29802 I TermDatesFragment: Webview load %: 100
08-06 05:57:11.530 29802 29802 I TermDatesFragment: Webview load %: 100
08-06 05:57:11.533 29802 31123 I NAPPA_EXPERIMENTATION: MetricNetworkRequestExecutionTime: REQUEST_DURATION_SYSTEM='223',REQUEST_DURATION_OKHTTP='37',REQUEST_SYNCHRONOUS='TRUE',RESPONSE_CODE='200',RESPONSE_METHOD='GET',RESPONSE_LENGTH_OKHTTP='-1',RESPONSE_LENGTH_HEADER='1214',REQUEST_PROTOCOL='http/1.1',REQUEST_URL='https://uob-timetable-api.adriankeenan.co.uk/sessions?dept=CM010&course=BSAIFAAF%2F02AA%2F0%2FFT&level=Foundation+Year',
08-06 05:57:11.553 29802 30032 I art     : Explicit concurrent mark sweep GC freed 40649(1821KB) AllocSpace objects, 4(280KB) LOS objects, 30% free, 36MB/52MB, paused 573us total 61.025ms
08-06 05:57:11.571 29802 31123 I HTTP    : Response was compressed.
08-06 05:57:11.572 29802 30032 I art     : Starting a blocking GC Explicit
08-06 05:57:11.588 29802 31123 I Service : getSessions response time: 1.10
08-06 05:57:11.589 29802 29802 I SettingsManager: Getting string: savedSessions
08-06 05:57:11.589 29802 29802 I SettingsManager: Getting string: savedSessions
08-06 05:57:11.603 29802 29802 I Service : Sessions updated: 15
08-06 05:57:11.603 29802 29802 I Service : Sessions removed from new list: 0
08-06 05:57:11.612 29802 29802 I SettingsManager: Setting string: savedSessions
08-06 05:57:11.612   918  3714 W BackupManagerService: dataChanged but no participant pkg='baseline.com.ak.uobtimetable' uid=10710
08-06 05:57:11.612 29802 29802 I SettingsManager: Setting date: savedSessionsTime
08-06 05:57:11.621   918  5952 W BackupManagerService: dataChanged but no participant pkg='baseline.com.ak.uobtimetable' uid=10710
08-06 05:57:11.621 29802 29802 I SettingsManager: Setting string: savedSessionsCourseName
08-06 05:57:11.622   918  4413 W BackupManagerService: dataChanged but no participant pkg='baseline.com.ak.uobtimetable' uid=10710
08-06 05:57:11.622 29802 29802 I SettingsManager: Setting string: savedSessionsDateRange
08-06 05:57:11.622   918  6111 W BackupManagerService: dataChanged but no participant pkg='baseline.com.ak.uobtimetable' uid=10710
08-06 05:57:11.622 29802 29802 I SettingsManager: Setting string: timetableUrl
08-06 05:57:11.623   918  6110 W BackupManagerService: dataChanged but no participant pkg='baseline.com.ak.uobtimetable' uid=10710
08-06 05:57:11.623 29802 29802 I SettingsManager: Getting boolean: notifySessionRemindersEnabled
08-06 05:57:11.623 29802 29802 I SettingsManager: Getting int: notifySessionRemindersMinutes
08-06 05:57:11.623 29802 29802 I SettingsManager: Getting boolean: showHiddenSessions
08-06 05:57:11.626 29802 29802 I SessionReminderNotifier: Created session reminder alarm for f7b4771250a919bd729c1c5a4a459c77 at Mon 08:30:00 10/08/20
08-06 05:57:11.628 29802 29802 I SessionReminderNotifier: Created session reminder alarm for a7f879aabdeb78622c8820a5fb7b64cd at Tue 08:30:00 11/08/20
08-06 05:57:11.631 29802 29802 I SessionReminderNotifier: Created session reminder alarm for 7bc8d7e2c2055711f597c3d9078c6ea3 at Tue 08:30:00 11/08/20
08-06 05:57:11.633 29802 30032 I art     : Explicit concurrent mark sweep GC freed 18695(990KB) AllocSpace objects, 3(76KB) LOS objects, 30% free, 36MB/52MB, paused 841us total 60.088ms
08-06 05:57:11.634 29802 29802 I SessionReminderNotifier: Created session reminder alarm for 53c0527a6f009a1f2fd223834d3bfe51 at Tue 10:30:00 11/08/20
08-06 05:57:11.636 29802 29802 I SessionReminderNotifier: Created session reminder alarm for e0fc978b5db8218778540b4053344581 at Tue 11:00:00 11/08/20
08-06 05:57:11.639 29802 29802 I SessionReminderNotifier: Created session reminder alarm for 199afb0100f329ff65a09e1b0cd9deba at Tue 11:30:00 11/08/20
08-06 05:57:11.641 29802 29802 I SessionReminderNotifier: Created session reminder alarm for 21712fef61090882c855a1425543edb5 at Tue 13:30:00 11/08/20
08-06 05:57:11.643 29802 29802 I SessionReminderNotifier: Created session reminder alarm for 65ca4d97f031f29a4d02bbb45a705d8f at Wed 08:30:00 12/08/20
08-06 05:57:11.646 29802 29802 I SessionReminderNotifier: Created session reminder alarm for eeda7741b0bcab58fd9f46dc6ef1d942 at Wed 08:30:00 12/08/20
08-06 05:57:11.648 29802 29802 I SessionReminderNotifier: Created session reminder alarm for c276c1b2075a0beb67f1b3d1e580f920 at Wed 11:00:00 12/08/20
08-06 05:57:11.651 29802 29802 I SessionReminderNotifier: Created session reminder alarm for 8b1f3627e42ae13a6f6ba0a83903dde1 at Wed 13:30:00 12/08/20
08-06 05:57:11.654 29802 29802 I SessionReminderNotifier: Created session reminder alarm for 79fe0b5c3b887a13ba29db5a33fa2800 at Thu 08:30:00 06/08/20
08-06 05:57:11.655 29802 30032 I art     : Starting a blocking GC Explicit
08-06 05:57:11.656 29802 29802 I SessionReminderNotifier: Created session reminder alarm for cb9dfc8231cdba2be0835dc5709690e1 at Thu 08:30:00 06/08/20
08-06 05:57:11.658 29802 29802 I SessionReminderNotifier: Created session reminder alarm for f850dc24d6de60b7b89fa9e1a8c224c5 at Thu 12:00:00 06/08/20
08-06 05:57:11.660 29802 29802 I SessionReminderNotifier: Created session reminder alarm for 2ba1034116e4fffdd592dbf0796a43d5 at Fri 08:30:00 07/08/20
08-06 05:57:11.660 29802 29802 I SettingsManager: Getting boolean: showHiddenSessions
08-06 05:57:11.660 29802 29802 D SessionListsFragment: 1 sessions for day 0
08-06 05:57:11.660 29802 29802 D SessionListsFragment: 6 sessions for day 1
08-06 05:57:11.660 29802 29802 D SessionListsFragment: 4 sessions for day 2
08-06 05:57:11.660 29802 29802 D SessionListsFragment: 3 sessions for day 3
08-06 05:57:11.660 29802 29802 D SessionListsFragment: 1 sessions for day 4
08-06 05:57:11.704 29802 29802 I SettingsManager: Getting boolean: showHiddenSessions
08-06 05:57:11.705 29802 29802 D SessionListsFragment: Refreshed ViewPager
08-06 05:57:11.705 29802 29802 I SettingsManager: Getting boolean: showHiddenSessions
08-06 05:57:11.705 29802 29802 I SettingsManager: Getting boolean: completedTutorial
08-06 05:57:11.705 29802 29802 I SettingsManager: Getting boolean: showHiddenSessions
08-06 05:57:11.705 29802 29802 I SettingsManager: Getting date: savedSessionsTime
08-06 05:57:11.708   512  2967 D audio_hw_primary: disable_audio_route: reset and update mixer path: low-latency-playback speaker
08-06 05:57:11.709   512  2967 D audio_hw_primary: disable_snd_device: snd_device(2: speaker)
08-06 05:57:11.714 29802 30032 I art     : Explicit concurrent mark sweep GC freed 3894(194KB) AllocSpace objects, 1(16KB) LOS objects, 30% free, 36MB/52MB, paused 981us total 59.343ms
08-06 05:57:11.718   512  2967 I soundtrigger: audio_extn_sound_trigger_update_device_status: device 0x2 of type 0 for Event 0
08-06 05:57:11.735 29802 30032 I art     : Starting a blocking GC Explicit
08-06 05:57:11.799 29802 30032 I art     : Explicit concurrent mark sweep GC freed 29933(1195KB) AllocSpace objects, 0(0B) LOS objects, 30% free, 36MB/52MB, paused 1.319ms total 63.753ms
08-06 05:57:12.118 29802 30290 I art     : Starting a blocking GC Explicit
08-06 05:57:12.213 29802 30290 I art     : Explicit concurrent mark sweep GC freed 129253(5MB) AllocSpace objects, 1(20KB) LOS objects, 29% free, 37MB/53MB, paused 1.386ms total 94.798ms
08-06 05:57:12.236 29802 30290 I art     : Starting a blocking GC Explicit
08-06 05:57:12.312 29802 30290 I art     : Explicit concurrent mark sweep GC freed 37525(1690KB) AllocSpace objects, 0(0B) LOS objects, 29% free, 37MB/53MB, paused 1.447ms total 76.366ms
08-06 05:57:12.335 29802 30290 I art     : Starting a blocking GC Explicit
08-06 05:57:12.342 25535 25535 I ServiceManager: Waiting for service AtCmdFwd...
08-06 05:57:12.418 29802 30290 I art     : Explicit concurrent mark sweep GC freed 34111(1397KB) AllocSpace objects, 0(0B) LOS objects, 29% free, 37MB/53MB, paused 1.559ms total 82.444ms
08-06 05:57:12.442 29802 30290 I art     : Starting a blocking GC Explicit
08-06 05:57:12.523 29802 29802 I Choreographer: Skipped 48 frames!  The application may be doing too much work on its main thread.
08-06 05:57:12.523 29802 30290 I art     : Explicit concurrent mark sweep GC freed 35181(1451KB) AllocSpace objects, 0(0B) LOS objects, 29% free, 37MB/53MB, paused 1.501ms total 81.482ms
08-06 05:57:12.546 29802 30290 I art     : Starting a blocking GC Explicit
08-06 05:57:12.615 29802 30290 I art     : Explicit concurrent mark sweep GC freed 1496(110KB) AllocSpace objects, 0(0B) LOS objects, 29% free, 37MB/53MB, paused 544us total 68.362ms
08-06 05:57:12.938 29802 30018 I art     : Starting a blocking GC Explicit
08-06 05:57:13.015 29802 30018 I art     : Explicit concurrent mark sweep GC freed 123036(11MB) AllocSpace objects, 4(156KB) LOS objects, 37% free, 26MB/42MB, paused 637us total 76.279ms
08-06 05:57:13.030 29802 30018 I art     : Starting a blocking GC Explicit
08-06 05:57:13.073 29802 30018 I art     : Explicit concurrent mark sweep GC freed 18(624B) AllocSpace objects, 0(0B) LOS objects, 37% free, 26MB/42MB, paused 548us total 43.047ms
08-06 05:57:13.088 29802 30018 I art     : Starting a blocking GC Explicit
08-06 05:57:13.134 29802 30018 I art     : Explicit concurrent mark sweep GC freed 3(96B) AllocSpace objects, 0(0B) LOS objects, 37% free, 26MB/42MB, paused 561us total 45.591ms
08-06 05:57:13.151 29802 30018 I art     : Starting a blocking GC Explicit
08-06 05:57:13.198 29802 30018 I art     : Explicit concurrent mark sweep GC freed 3(96B) AllocSpace objects, 0(0B) LOS objects, 37% free, 26MB/42MB, paused 605us total 46.945ms
08-06 05:57:13.215 29802 30018 I art     : Starting a blocking GC Explicit
08-06 05:57:13.262 29802 30018 I art     : Explicit concurrent mark sweep GC freed 3(96B) AllocSpace objects, 0(0B) LOS objects, 37% free, 26MB/42MB, paused 573us total 46.871ms
08-06 05:57:13.262 29802 29812 I art     : WaitForGcToComplete blocked for 47.390ms for cause HeapTrim
08-06 05:57:13.343 25535 25535 I ServiceManager: Waiting for service AtCmdFwd...
08-06 05:57:13.604 29802 30018 I art     : Starting a blocking GC Explicit
08-06 05:57:13.649 29802 30018 I art     : Explicit concurrent mark sweep GC freed 1445(80KB) AllocSpace objects, 1(20KB) LOS objects, 37% free, 26MB/42MB, paused 770us total 44.214ms
08-06 05:57:13.665 29802 30018 I art     : Starting a blocking GC Explicit
08-06 05:57:13.709 29802 30018 I art     : Explicit concurrent mark sweep GC freed 20(704B) AllocSpace objects, 0(0B) LOS objects, 37% free, 26MB/42MB, paused 583us total 43.781ms
08-06 05:57:13.726 29802 30018 I art     : Starting a blocking GC Explicit
08-06 05:57:13.773 29802 30018 I art     : Explicit concurrent mark sweep GC freed 3(96B) AllocSpace objects, 0(0B) LOS objects, 37% free, 26MB/42MB, paused 558us total 46.928ms
08-06 05:57:13.790 29802 30018 I art     : Starting a blocking GC Explicit
08-06 05:57:13.835 29802 30018 I art     : Explicit concurrent mark sweep GC freed 3(96B) AllocSpace objects, 0(0B) LOS objects, 37% free, 26MB/42MB, paused 567us total 44.746ms
08-06 05:57:13.851 29802 30018 I art     : Starting a blocking GC Explicit
08-06 05:57:13.900 29802 30018 I art     : Explicit concurrent mark sweep GC freed 3(96B) AllocSpace objects, 0(0B) LOS objects, 37% free, 26MB/42MB, paused 591us total 48.863ms
08-06 05:57:14.239 29802 30032 I art     : Starting a blocking GC Explicit
08-06 05:57:14.300 29802 30032 I art     : Explicit concurrent mark sweep GC freed 1293(75KB) AllocSpace objects, 1(20KB) LOS objects, 37% free, 26MB/42MB, paused 602us total 59.959ms
08-06 05:57:14.318 29802 30032 I art     : Starting a blocking GC Explicit
08-06 05:57:14.343 25535 25535 W Atfwd_Sendcmd: AtCmdFwd service not published, waiting... retryCnt : 4
08-06 05:57:14.366 29802 30032 I art     : Explicit concurrent mark sweep GC freed 18(624B) AllocSpace objects, 0(0B) LOS objects, 37% free, 26MB/42MB, paused 592us total 47.095ms
08-06 05:57:14.382 29802 30032 I art     : Starting a blocking GC Explicit
08-06 05:57:14.429 29802 30032 I art     : Explicit concurrent mark sweep GC freed 3(96B) AllocSpace objects, 0(0B) LOS objects, 37% free, 26MB/42MB, paused 530us total 46.765ms
08-06 05:57:14.446 29802 30032 I art     : Starting a blocking GC Explicit
08-06 05:57:14.493 29802 30032 I art     : Explicit concurrent mark sweep GC freed 3(96B) AllocSpace objects, 0(0B) LOS objects, 37% free, 26MB/42MB, paused 592us total 46.639ms
08-06 05:57:14.510 29802 30032 I art     : Starting a blocking GC Explicit
08-06 05:57:14.555 29802 30032 I art     : Explicit concurrent mark sweep GC freed 3(96B) AllocSpace objects, 0(0B) LOS objects, 37% free, 26MB/42MB, paused 568us total 45.205ms
08-06 05:57:14.918 29802 29814 I art     : Starting a blocking GC Explicit
08-06 05:57:14.971 29802 29814 I art     : Explicit concurrent mark sweep GC freed 1293(75KB) AllocSpace objects, 1(20KB) LOS objects, 37% free, 26MB/42MB, paused 550us total 53.038ms
08-06 05:57:14.987 29802 29814 I art     : Starting a blocking GC Explicit
08-06 05:57:15.035 29802 29814 I art     : Explicit concurrent mark sweep GC freed 18(624B) AllocSpace objects, 0(0B) LOS objects, 37% free, 26MB/42MB, paused 540us total 47.625ms
08-06 05:57:15.052 29802 29814 I art     : Starting a blocking GC Explicit
08-06 05:57:15.097 29802 29814 I art     : Explicit concurrent mark sweep GC freed 3(96B) AllocSpace objects, 0(0B) LOS objects, 37% free, 26MB/42MB, paused 625us total 45.396ms
08-06 05:57:15.114 29802 29814 I art     : Starting a blocking GC Explicit
08-06 05:57:15.160 29802 29814 I art     : Explicit concurrent mark sweep GC freed 3(96B) AllocSpace objects, 0(0B) LOS objects, 37% free, 26MB/42MB, paused 574us total 45.827ms
08-06 05:57:15.177 29802 29814 I art     : Starting a blocking GC Explicit
08-06 05:57:15.223 29802 29814 I art     : Explicit concurrent mark sweep GC freed 3(96B) AllocSpace objects, 0(0B) LOS objects, 37% free, 26MB/42MB, paused 526us total 46.415ms
08-06 05:57:15.551 29802 30290 I art     : Starting a blocking GC Explicit
08-06 05:57:15.601 29802 30290 I art     : Explicit concurrent mark sweep GC freed 1305(76KB) AllocSpace objects, 1(20KB) LOS objects, 37% free, 26MB/42MB, paused 529us total 49.898ms
08-06 05:57:15.618 29802 30290 I art     : Starting a blocking GC Explicit
08-06 05:57:15.660 29802 30290 I art     : Explicit concurrent mark sweep GC freed 19(688B) AllocSpace objects, 0(0B) LOS objects, 37% free, 26MB/42MB, paused 530us total 41.244ms
08-06 05:57:15.675 29802 30290 I art     : Starting a blocking GC Explicit
08-06 05:57:15.716 29802 30290 I art     : Explicit concurrent mark sweep GC freed 5(128B) AllocSpace objects, 0(0B) LOS objects, 37% free, 26MB/42MB, paused 536us total 41.407ms
08-06 05:57:15.732 29802 30290 I art     : Starting a blocking GC Explicit
08-06 05:57:15.775 29802 30290 I art     : Explicit concurrent mark sweep GC freed 29(1136B) AllocSpace objects, 0(0B) LOS objects, 37% free, 26MB/42MB, paused 514us total 41.966ms
08-06 05:57:15.791 29802 30290 I art     : Starting a blocking GC Explicit
08-06 05:57:15.833 29802 30290 I art     : Explicit concurrent mark sweep GC freed 40(992B) AllocSpace objects, 0(0B) LOS objects, 37% free, 26MB/42MB, paused 565us total 42.017ms
08-06 05:57:15.951 31179 31179 D AndroidRuntime: >>>>>> START com.android.internal.os.RuntimeInit uid 2000 <<<<<<
08-06 05:57:15.958 31179 31179 D AndroidRuntime: CheckJNI is OFF
08-06 05:57:16.000 31179 31179 D ICU     : No timezone override file found: /data/misc/zoneinfo/current/icu/icu_tzdata.dat
08-06 05:57:16.044 31179 31179 I Radio-JNI: register_android_hardware_Radio DONE
08-06 05:57:16.073 31179 31179 D AndroidRuntime: Calling main entry com.android.commands.input.Input
08-06 05:57:16.075 31179 31179 I Input   : injectMotionEvent: MotionEvent { action=ACTION_DOWN, actionButton=0, id[0]=0, x[0]=81.0, y[0]=176.0, toolType[0]=TOOL_TYPE_UNKNOWN, buttonState=0, metaState=0, flags=0x0, edgeFlags=0x0, pointerCount=1, historySize=0, eventTime=856652488, downTime=856652488, deviceId=0, source=0x1002 }
08-06 05:57:16.080 31179 31179 I Input   : injectMotionEvent: MotionEvent { action=ACTION_UP, actionButton=0, id[0]=0, x[0]=81.0, y[0]=176.0, toolType[0]=TOOL_TYPE_UNKNOWN, buttonState=0, metaState=0, flags=0x0, edgeFlags=0x0, pointerCount=1, historySize=0, eventTime=856652488, downTime=856652488, deviceId=0, source=0x1002 }
08-06 05:57:16.083 31179 31179 D AndroidRuntime: Shutting down VM
08-06 05:57:16.096   512  2967 D audio_hw_primary: out_set_parameters: enter: usecase(1: low-latency-playback) kvpairs: routing=2
08-06 05:57:16.109   512  2967 D audio_hw_primary: select_devices: out_snd_device(2: speaker) in_snd_device(0: none)
08-06 05:57:16.110   512  2967 D msm8974_platform: platform_send_audio_calibration: sending audio calibration for snd_device(2) acdb_id(15)
08-06 05:57:16.110   512  2967 I soundtrigger: audio_extn_sound_trigger_update_device_status: device 0x2 of type 0 for Event 1
08-06 05:57:16.121   512  2967 D audio_hw_primary: enable_snd_device: snd_device(2: speaker)
08-06 05:57:16.123   512  2967 D audio_hw_primary: enable_audio_route: apply and update mixer path: low-latency-playback speaker
08-06 05:57:16.130 13866 13866 I GoogleInputMethodServic: GoogleInputMethodService.onFinishInput():3138 
08-06 05:57:16.131 13866 13866 I GoogleInputMethodServic: GoogleInputMethodService.onStartInput():1808 
08-06 05:57:16.173 29802 30290 I art     : Starting a blocking GC Explicit
08-06 05:57:16.218 29802 30290 I art     : Explicit concurrent mark sweep GC freed 1728(97KB) AllocSpace objects, 1(20KB) LOS objects, 37% free, 26MB/42MB, paused 617us total 45.232ms
08-06 05:57:16.226   918  3261 D WifiStateMachine: starting scan for "H369AA63323"WPA_PSK with 2412,5180
08-06 05:57:16.234 29802 30290 I art     : Starting a blocking GC Explicit
08-06 05:57:16.276 29802 30290 I art     : Explicit concurrent mark sweep GC freed 174(11KB) AllocSpace objects, 0(0B) LOS objects, 37% free, 26MB/42MB, paused 727us total 41.743ms
08-06 05:57:16.291 29802 30290 I art     : Starting a blocking GC Explicit
08-06 05:57:16.329 29802 30290 I art     : Explicit concurrent mark sweep GC freed 3(96B) AllocSpace objects, 0(0B) LOS objects, 37% free, 26MB/42MB, paused 501us total 37.968ms
08-06 05:57:16.344 29802 30290 I art     : Starting a blocking GC Explicit
08-06 05:57:16.387 29802 30290 I art     : Explicit concurrent mark sweep GC freed 11(352B) AllocSpace objects, 0(0B) LOS objects, 37% free, 26MB/42MB, paused 563us total 41.856ms
08-06 05:57:16.402 29802 30290 I art     : Starting a blocking GC Explicit
08-06 05:57:16.444 29802 30290 I art     : Explicit concurrent mark sweep GC freed 3(96B) AllocSpace objects, 0(0B) LOS objects, 37% free, 26MB/42MB, paused 657us total 41.267ms
08-06 05:57:16.669   512  2967 D audio_hw_primary: disable_audio_route: reset and update mixer path: low-latency-playback speaker
08-06 05:57:16.670   512  2967 D audio_hw_primary: disable_snd_device: snd_device(2: speaker)
08-06 05:57:16.679   512  2967 I soundtrigger: audio_extn_sound_trigger_update_device_status: device 0x2 of type 0 for Event 0
08-06 05:57:16.763 29802 29813 I art     : Starting a blocking GC Explicit
08-06 05:57:16.807 29802 29813 I art     : Explicit concurrent mark sweep GC freed 1296(75KB) AllocSpace objects, 1(20KB) LOS objects, 37% free, 26MB/42MB, paused 569us total 43.851ms
08-06 05:57:16.823 29802 29813 I art     : Starting a blocking GC Explicit
08-06 05:57:16.866 29802 29813 I art     : Explicit concurrent mark sweep GC freed 22(752B) AllocSpace objects, 0(0B) LOS objects, 37% free, 26MB/42MB, paused 545us total 41.964ms
08-06 05:57:16.882 29802 29813 I art     : Starting a blocking GC Explicit
08-06 05:57:16.926 29802 29813 I art     : Explicit concurrent mark sweep GC freed 3(96B) AllocSpace objects, 0(0B) LOS objects, 37% free, 26MB/42MB, paused 580us total 43.662ms
08-06 05:57:16.942 29802 29813 I art     : Starting a blocking GC Explicit
08-06 05:57:16.984 29802 29813 I art     : Explicit concurrent mark sweep GC freed 3(96B) AllocSpace objects, 0(0B) LOS objects, 37% free, 26MB/42MB, paused 549us total 41.695ms
08-06 05:57:16.999 29802 29813 I art     : Starting a blocking GC Explicit
08-06 05:57:17.043 29802 29813 I art     : Explicit concurrent mark sweep GC freed 3(96B) AllocSpace objects, 0(0B) LOS objects, 37% free, 26MB/42MB, paused 600us total 43.665ms
08-06 05:57:17.379 29802 30018 I art     : Starting a blocking GC Explicit
08-06 05:57:17.422 29802 30018 I art     : Explicit concurrent mark sweep GC freed 1293(75KB) AllocSpace objects, 1(20KB) LOS objects, 37% free, 26MB/42MB, paused 572us total 43.200ms
08-06 05:57:17.438 29802 30018 I art     : Starting a blocking GC Explicit
08-06 05:57:17.480 29802 30018 I art     : Explicit concurrent mark sweep GC freed 18(624B) AllocSpace objects, 0(0B) LOS objects, 37% free, 26MB/42MB, paused 532us total 41.523ms
08-06 05:57:17.495 29802 30018 I art     : Starting a blocking GC Explicit
08-06 05:57:17.538 29802 30018 I art     : Explicit concurrent mark sweep GC freed 3(96B) AllocSpace objects, 0(0B) LOS objects, 37% free, 26MB/42MB, paused 579us total 42.705ms
08-06 05:57:17.554 29802 30018 I art     : Starting a blocking GC Explicit
08-06 05:57:17.595 29802 30018 I art     : Explicit concurrent mark sweep GC freed 3(96B) AllocSpace objects, 0(0B) LOS objects, 37% free, 26MB/42MB, paused 544us total 41.121ms
08-06 05:57:17.610 29802 30018 I art     : Starting a blocking GC Explicit
08-06 05:57:17.651 29802 30018 I art     : Explicit concurrent mark sweep GC freed 3(96B) AllocSpace objects, 0(0B) LOS objects, 37% free, 26MB/42MB, paused 561us total 40.765ms
08-06 05:57:17.858 31230 31230 D AndroidRuntime: >>>>>> START com.android.internal.os.RuntimeInit uid 2000 <<<<<<
08-06 05:57:17.864 31230 31230 D AndroidRuntime: CheckJNI is OFF
08-06 05:57:17.902 31230 31230 D ICU     : No timezone override file found: /data/misc/zoneinfo/current/icu/icu_tzdata.dat
08-06 05:57:17.943 31230 31230 I Radio-JNI: register_android_hardware_Radio DONE
08-06 05:57:17.969 29802 30032 I art     : Starting a blocking GC Explicit
08-06 05:57:17.971 31230 31230 D AndroidRuntime: Calling main entry com.android.commands.input.Input
08-06 05:57:17.974 31230 31230 I Input   : injectMotionEvent: MotionEvent { action=ACTION_DOWN, actionButton=0, id[0]=0, x[0]=360.0, y[0]=1098.0, toolType[0]=TOOL_TYPE_UNKNOWN, buttonState=0, metaState=0, flags=0x0, edgeFlags=0x0, pointerCount=1, historySize=0, eventTime=856654386, downTime=856654386, deviceId=0, source=0x1002 }
08-06 05:57:17.979 31230 31230 I Input   : injectMotionEvent: MotionEvent { action=ACTION_UP, actionButton=0, id[0]=0, x[0]=360.0, y[0]=1098.0, toolType[0]=TOOL_TYPE_UNKNOWN, buttonState=0, metaState=0, flags=0x0, edgeFlags=0x0, pointerCount=1, historySize=0, eventTime=856654386, downTime=856654386, deviceId=0, source=0x1002 }
08-06 05:57:17.981 31230 31230 D AndroidRuntime: Shutting down VM
08-06 05:57:17.994 29802 29802 D MainActivity: NavigationItemSelected: Term dates
08-06 05:57:17.996   512  2967 D audio_hw_primary: out_set_parameters: enter: usecase(1: low-latency-playback) kvpairs: routing=2
08-06 05:57:18.009   512  2967 D audio_hw_primary: select_devices: out_snd_device(2: speaker) in_snd_device(0: none)
08-06 05:57:18.009   512  2967 D msm8974_platform: platform_send_audio_calibration: sending audio calibration for snd_device(2) acdb_id(15)
08-06 05:57:18.010   512  2967 I soundtrigger: audio_extn_sound_trigger_update_device_status: device 0x2 of type 0 for Event 1
08-06 05:57:18.014 29802 30032 I art     : Explicit concurrent mark sweep GC freed 1407(79KB) AllocSpace objects, 1(20KB) LOS objects, 37% free, 26MB/42MB, paused 923us total 45.278ms
08-06 05:57:18.023   512  2967 D audio_hw_primary: enable_snd_device: snd_device(2: speaker)
08-06 05:57:18.025   512  2967 D audio_hw_primary: enable_audio_route: apply and update mixer path: low-latency-playback speaker
08-06 05:57:18.029 29802 30032 I art     : Starting a blocking GC Explicit
08-06 05:57:18.077 29802 30032 I art     : Explicit concurrent mark sweep GC freed 455(19KB) AllocSpace objects, 0(0B) LOS objects, 37% free, 26MB/42MB, paused 598us total 46.920ms
08-06 05:57:18.091 29802 30032 I art     : Starting a blocking GC Explicit
08-06 05:57:18.128 29802 30032 I art     : Explicit concurrent mark sweep GC freed 207(15KB) AllocSpace objects, 0(0B) LOS objects, 37% free, 26MB/42MB, paused 796us total 37.418ms
08-06 05:57:18.142 29802 30032 I art     : Starting a blocking GC Explicit
08-06 05:57:18.179 29802 30032 I art     : Explicit concurrent mark sweep GC freed 5(160B) AllocSpace objects, 0(0B) LOS objects, 37% free, 26MB/42MB, paused 595us total 36.277ms
08-06 05:57:18.193 29802 30032 I art     : Starting a blocking GC Explicit
08-06 05:57:18.230 29802 30032 I art     : Explicit concurrent mark sweep GC freed 9(288B) AllocSpace objects, 0(0B) LOS objects, 37% free, 26MB/42MB, paused 513us total 37.310ms
08-06 05:57:18.430 13866 13866 I GoogleInputMethodServic: GoogleInputMethodService.onFinishInput():3138 
08-06 05:57:18.431 13866 13866 I GoogleInputMethodServic: GoogleInputMethodService.onStartInput():1808 
08-06 05:57:18.534 29802 29813 I art     : Starting a blocking GC Explicit
08-06 05:57:18.560   512  2967 D audio_hw_primary: disable_audio_route: reset and update mixer path: low-latency-playback speaker
08-06 05:57:18.561   512  2967 D audio_hw_primary: disable_snd_device: snd_device(2: speaker)
08-06 05:57:18.570   512  2967 I soundtrigger: audio_extn_sound_trigger_update_device_status: device 0x2 of type 0 for Event 0
08-06 05:57:18.574 29802 29813 I art     : Explicit concurrent mark sweep GC freed 1357(77KB) AllocSpace objects, 1(20KB) LOS objects, 37% free, 26MB/42MB, paused 542us total 39.346ms
08-06 05:57:18.589 29802 29813 I art     : Starting a blocking GC Explicit
08-06 05:57:18.631 29802 29813 I art     : Explicit concurrent mark sweep GC freed 28(944B) AllocSpace objects, 0(0B) LOS objects, 37% free, 26MB/42MB, paused 519us total 42.599ms
08-06 05:57:18.648 29802 29813 I art     : Starting a blocking GC Explicit
08-06 05:57:18.691 29802 29813 I art     : Explicit concurrent mark sweep GC freed 9(288B) AllocSpace objects, 0(0B) LOS objects, 37% free, 26MB/42MB, paused 538us total 42.600ms
08-06 05:57:18.691 29802 29812 I art     : WaitForGcToComplete blocked for 42.195ms for cause HeapTrim
08-06 05:57:18.707 29802 29813 I art     : Starting a blocking GC Explicit
08-06 05:57:18.750 29802 29813 I art     : Explicit concurrent mark sweep GC freed 11(352B) AllocSpace objects, 0(0B) LOS objects, 37% free, 26MB/42MB, paused 566us total 42.394ms
08-06 05:57:18.766 29802 29813 I art     : Starting a blocking GC Explicit
08-06 05:57:18.809 29802 29813 I art     : Explicit concurrent mark sweep GC freed 9(288B) AllocSpace objects, 0(0B) LOS objects, 37% free, 26MB/42MB, paused 575us total 42.822ms
08-06 05:57:19.147 29802 29814 I art     : Starting a blocking GC Explicit
08-06 05:57:19.200 29802 29814 I art     : Explicit concurrent mark sweep GC freed 1339(77KB) AllocSpace objects, 1(20KB) LOS objects, 37% free, 26MB/42MB, paused 746us total 51.988ms
08-06 05:57:19.219 29802 29814 I art     : Starting a blocking GC Explicit
08-06 05:57:19.264 29802 29814 I art     : Explicit concurrent mark sweep GC freed 26(880B) AllocSpace objects, 0(0B) LOS objects, 37% free, 26MB/42MB, paused 696us total 44.744ms
08-06 05:57:19.281 29802 29814 I art     : Starting a blocking GC Explicit
08-06 05:57:19.324 29802 29814 I art     : Explicit concurrent mark sweep GC freed 11(352B) AllocSpace objects, 0(0B) LOS objects, 37% free, 26MB/42MB, paused 541us total 42.972ms
08-06 05:57:19.340 29802 29814 I art     : Starting a blocking GC Explicit
08-06 05:57:19.382 29802 29814 I art     : Explicit concurrent mark sweep GC freed 11(352B) AllocSpace objects, 0(0B) LOS objects, 37% free, 26MB/42MB, paused 504us total 41.826ms
08-06 05:57:19.399 29802 29814 I art     : Starting a blocking GC Explicit
08-06 05:57:19.443 29802 29814 I art     : Explicit concurrent mark sweep GC freed 9(288B) AllocSpace objects, 0(0B) LOS objects, 37% free, 26MB/42MB, paused 566us total 43.766ms
08-06 05:57:19.794 29802 30290 I art     : Starting a blocking GC Explicit
08-06 05:57:19.850 29802 30290 I art     : Explicit concurrent mark sweep GC freed 1370(77KB) AllocSpace objects, 1(20KB) LOS objects, 37% free, 26MB/42MB, paused 870us total 54.628ms
08-06 05:57:19.868 29802 30290 I art     : Starting a blocking GC Explicit
08-06 05:57:19.914 29802 30290 I art     : Explicit concurrent mark sweep GC freed 24(816B) AllocSpace objects, 0(0B) LOS objects, 37% free, 26MB/42MB, paused 515us total 44.804ms
08-06 05:57:19.930 29802 30290 I art     : Starting a blocking GC Explicit
08-06 05:57:19.976 29802 30290 I art     : Explicit concurrent mark sweep GC freed 3(96B) AllocSpace objects, 0(0B) LOS objects, 37% free, 26MB/42MB, paused 573us total 46.007ms
08-06 05:57:19.992 29802 30290 I art     : Starting a blocking GC Explicit
08-06 05:57:20.038 29802 30290 I art     : Explicit concurrent mark sweep GC freed 3(96B) AllocSpace objects, 0(0B) LOS objects, 37% free, 26MB/42MB, paused 584us total 45.736ms
08-06 05:57:20.055 29802 30290 I art     : Starting a blocking GC Explicit
08-06 05:57:20.104 29802 30290 I art     : Explicit concurrent mark sweep GC freed 3(96B) AllocSpace objects, 0(0B) LOS objects, 37% free, 26MB/42MB, paused 572us total 48.221ms
08-06 05:57:20.481 29802 30018 I art     : Starting a blocking GC Explicit
08-06 05:57:20.540 29802 30018 I art     : Explicit concurrent mark sweep GC freed 1293(75KB) AllocSpace objects, 1(20KB) LOS objects, 37% free, 26MB/42MB, paused 671us total 58.577ms
08-06 05:57:20.559 29802 30018 I art     : Starting a blocking GC Explicit
08-06 05:57:20.608 29802 30018 I art     : Explicit concurrent mark sweep GC freed 18(624B) AllocSpace objects, 0(0B) LOS objects, 37% free, 26MB/42MB, paused 664us total 48.623ms
08-06 05:57:20.624 29802 30018 I art     : Starting a blocking GC Explicit
08-06 05:57:20.671 29802 30018 I art     : Explicit concurrent mark sweep GC freed 3(96B) AllocSpace objects, 0(0B) LOS objects, 37% free, 26MB/42MB, paused 572us total 46.455ms
08-06 05:57:20.687 29802 30018 I art     : Starting a blocking GC Explicit
08-06 05:57:20.736 29802 30018 I art     : Explicit concurrent mark sweep GC freed 3(96B) AllocSpace objects, 0(0B) LOS objects, 37% free, 26MB/42MB, paused 559us total 48.701ms
08-06 05:57:20.753 29802 30018 I art     : Starting a blocking GC Explicit
08-06 05:57:20.798 29802 30018 I art     : Explicit concurrent mark sweep GC freed 3(96B) AllocSpace objects, 0(0B) LOS objects, 37% free, 26MB/42MB, paused 560us total 44.424ms
08-06 05:57:21.149 29802 29813 I art     : Starting a blocking GC Explicit
08-06 05:57:21.204 29802 29813 I art     : Explicit concurrent mark sweep GC freed 1293(75KB) AllocSpace objects, 1(20KB) LOS objects, 37% free, 26MB/42MB, paused 563us total 54.029ms
08-06 05:57:21.221 29802 29813 I art     : Starting a blocking GC Explicit
08-06 05:57:21.268 29802 29813 I art     : Explicit concurrent mark sweep GC freed 18(624B) AllocSpace objects, 0(0B) LOS objects, 37% free, 26MB/42MB, paused 656us total 46.757ms
08-06 05:57:21.284 29802 29813 I art     : Starting a blocking GC Explicit
08-06 05:57:21.330 29802 29813 I art     : Explicit concurrent mark sweep GC freed 3(96B) AllocSpace objects, 0(0B) LOS objects, 37% free, 26MB/42MB, paused 564us total 45.481ms
08-06 05:57:21.347 29802 29813 I art     : Starting a blocking GC Explicit
08-06 05:57:21.394 29802 29813 I art     : Explicit concurrent mark sweep GC freed 3(96B) AllocSpace objects, 0(0B) LOS objects, 37% free, 26MB/42MB, paused 549us total 47.267ms
08-06 05:57:21.410 29802 29813 I art     : Starting a blocking GC Explicit
08-06 05:57:21.460 29802 29813 I art     : Explicit concurrent mark sweep GC freed 3(96B) AllocSpace objects, 0(0B) LOS objects, 37% free, 26MB/42MB, paused 588us total 48.931ms
08-06 05:57:21.828 29802 29814 I art     : Starting a blocking GC Explicit
08-06 05:57:21.888 29802 29814 I art     : Explicit concurrent mark sweep GC freed 1293(75KB) AllocSpace objects, 1(20KB) LOS objects, 37% free, 26MB/42MB, paused 627us total 59.070ms
08-06 05:57:21.906 29802 29814 I art     : Starting a blocking GC Explicit
08-06 05:57:21.955 29802 29814 I art     : Explicit concurrent mark sweep GC freed 18(624B) AllocSpace objects, 0(0B) LOS objects, 37% free, 26MB/42MB, paused 581us total 48.089ms
08-06 05:57:21.971 29802 29814 I art     : Starting a blocking GC Explicit
08-06 05:57:22.017 29802 29814 I art     : Explicit concurrent mark sweep GC freed 3(96B) AllocSpace objects, 0(0B) LOS objects, 37% free, 26MB/42MB, paused 632us total 45.826ms
08-06 05:57:22.034 29802 29814 I art     : Starting a blocking GC Explicit
08-06 05:57:22.082 29802 29814 I art     : Explicit concurrent mark sweep GC freed 3(96B) AllocSpace objects, 0(0B) LOS objects, 37% free, 26MB/42MB, paused 582us total 47.975ms
08-06 05:57:22.099 29802 29814 I art     : Starting a blocking GC Explicit
08-06 05:57:22.146 29802 29814 I art     : Explicit concurrent mark sweep GC freed 3(96B) AllocSpace objects, 0(0B) LOS objects, 37% free, 26MB/42MB, paused 563us total 46.405ms
08-06 05:57:22.454 29802 30032 I art     : Starting a blocking GC Explicit
08-06 05:57:22.504 29802 30032 I art     : Explicit concurrent mark sweep GC freed 1293(75KB) AllocSpace objects, 1(20KB) LOS objects, 37% free, 26MB/42MB, paused 549us total 49.759ms
08-06 05:57:22.520 29802 30032 I art     : Starting a blocking GC Explicit
08-06 05:57:22.565 29802 30032 I art     : Explicit concurrent mark sweep GC freed 18(624B) AllocSpace objects, 0(0B) LOS objects, 37% free, 26MB/42MB, paused 587us total 45.019ms
08-06 05:57:22.581 29802 30032 I art     : Starting a blocking GC Explicit
08-06 05:57:22.626 29802 30032 I art     : Explicit concurrent mark sweep GC freed 3(96B) AllocSpace objects, 0(0B) LOS objects, 37% free, 26MB/42MB, paused 548us total 44.399ms
08-06 05:57:22.642 29802 30032 I art     : Starting a blocking GC Explicit
08-06 05:57:22.687 29802 30032 I art     : Explicit concurrent mark sweep GC freed 3(96B) AllocSpace objects, 0(0B) LOS objects, 37% free, 26MB/42MB, paused 556us total 44.933ms
08-06 05:57:22.704 29802 30032 I art     : Starting a blocking GC Explicit
08-06 05:57:22.749 29802 30032 I art     : Explicit concurrent mark sweep GC freed 3(96B) AllocSpace objects, 0(0B) LOS objects, 37% free, 26MB/42MB, paused 565us total 45.673ms
08-06 05:57:22.872 31320 31320 D AndroidRuntime: >>>>>> START com.android.internal.os.RuntimeInit uid 2000 <<<<<<
08-06 05:57:22.880 31320 31320 D AndroidRuntime: CheckJNI is OFF
08-06 05:57:22.922 31320 31320 D ICU     : No timezone override file found: /data/misc/zoneinfo/current/icu/icu_tzdata.dat
08-06 05:57:22.966 31320 31320 I Radio-JNI: register_android_hardware_Radio DONE
08-06 05:57:22.995 31320 31320 D AndroidRuntime: Calling main entry com.android.commands.am.Am
08-06 05:57:23.012  3167  3167 I Trepn   : Trepn 6.2s: Received intent: com.quicinc.trepn.stop_profiling
08-06 05:57:23.059  3167  3167 I Trepn   : Trepn 6.2s: Trepn has Stopped Profiling.
08-06 05:57:23.089 29802 30290 I art     : Starting a blocking GC Explicit
08-06 05:57:23.134 29802 30290 I art     : Explicit concurrent mark sweep GC freed 1293(75KB) AllocSpace objects, 1(20KB) LOS objects, 37% free, 26MB/42MB, paused 551us total 43.995ms
08-06 05:57:23.152 29802 30290 I art     : Starting a blocking GC Explicit
08-06 05:57:23.192 29802 30290 I art     : Explicit concurrent mark sweep GC freed 18(624B) AllocSpace objects, 0(0B) LOS objects, 37% free, 26MB/42MB, paused 514us total 39.566ms
08-06 05:57:23.207 29802 30290 I art     : Starting a blocking GC Explicit
08-06 05:57:23.240 31320 31320 D AndroidRuntime: Shutting down VM
08-06 05:57:23.244   918  6110 W AppOps  : Finishing op nesting under-run: uid 10078 pkg com.quicinc.trepn code 24 time=0 duration=0 nesting=0
08-06 05:57:23.248 29802 30290 I art     : Explicit concurrent mark sweep GC freed 3(96B) AllocSpace objects, 0(0B) LOS objects, 37% free, 26MB/42MB, paused 551us total 40.892ms
08-06 05:57:23.264 29802 30290 I art     : Starting a blocking GC Explicit
08-06 05:57:23.299 29802 30290 I art     : Explicit concurrent mark sweep GC freed 3(96B) AllocSpace objects, 0(0B) LOS objects, 37% free, 26MB/42MB, paused 489us total 34.510ms
08-06 05:57:23.312 29802 30290 I art     : Starting a blocking GC Explicit
08-06 05:57:23.349 29802 30290 I art     : Explicit concurrent mark sweep GC freed 3(96B) AllocSpace objects, 0(0B) LOS objects, 37% free, 26MB/42MB, paused 663us total 35.945ms
08-06 05:57:23.686 29802 30018 I art     : Starting a blocking GC Explicit
08-06 05:57:23.728 29802 30018 I art     : Explicit concurrent mark sweep GC freed 1293(75KB) AllocSpace objects, 1(20KB) LOS objects, 37% free, 26MB/42MB, paused 532us total 42.652ms
08-06 05:57:23.744 29802 30018 I art     : Starting a blocking GC Explicit
08-06 05:57:23.784 29802 30018 I art     : Explicit concurrent mark sweep GC freed 18(624B) AllocSpace objects, 0(0B) LOS objects, 37% free, 26MB/42MB, paused 555us total 39.708ms
08-06 05:57:23.784 29802 29812 I art     : WaitForGcToComplete blocked for 34.411ms for cause HeapTrim
08-06 05:57:23.799 29802 30018 I art     : Starting a blocking GC Explicit
08-06 05:57:23.840 29802 30018 I art     : Explicit concurrent mark sweep GC freed 3(96B) AllocSpace objects, 0(0B) LOS objects, 37% free, 26MB/42MB, paused 529us total 40.391ms
08-06 05:57:23.855 29802 30018 I art     : Starting a blocking GC Explicit
08-06 05:57:23.896 29802 30018 I art     : Explicit concurrent mark sweep GC freed 3(96B) AllocSpace objects, 0(0B) LOS objects, 37% free, 26MB/42MB, paused 505us total 40.769ms
08-06 05:57:23.912 29802 30018 I art     : Starting a blocking GC Explicit
08-06 05:57:23.952 29802 30018 I art     : Explicit concurrent mark sweep GC freed 3(96B) AllocSpace objects, 0(0B) LOS objects, 37% free, 26MB/42MB, paused 550us total 40.140ms
08-06 05:57:24.457   518   646 I ThermalEngine: ACTION: GPU - Setting GPU[0] to 510000000
