--------- beginning of main
08-06 17:44:07.371   918  5481 I AccountManagerService: getTypesVisibleToCaller: isPermitted? true
08-06 17:44:07.380   918  6029 I AccountManagerService: getTypesVisibleToCaller: isPermitted? true
08-06 17:44:07.384 12162 12162 I Finsky  : [1] uah.a(18): PackageMonitorReceiverImpl - Received: android.intent.action.PACKAGE_REMOVED, [jsPREe6yOOhrMreoEvcpPvP36yUmihacpIgcKsaLph8]
08-06 17:44:07.385 12162 12162 I Finsky  : [1] ubi.d(9): Invalidating cached PackageState for baseline.com.ak.uobtimetable
08-06 17:44:07.390 12162 12162 I Finsky  : [1] lzi.c(2): Frosting ID looked up on UI thread. Caller should move to a background thread.
08-06 17:44:07.390 24365 11810 I Fitness : FitCleanupIntentOperation received Intent android.intent.action.PACKAGE_REMOVED [CONTEXT service_id=17 ]
08-06 17:44:07.396 12162 12162 I Finsky  : [1] nqb.c(3): Installer: package baseline.com.ak.uobtimetable was removed. replacing: true
08-06 17:44:07.397 12162 12162 I Finsky  : [1] nra.a(188): Installer: Notifying status update. package=baseline.com.ak.uobtimetable, status=UNINSTALLED
08-06 17:44:07.404  3784  3784 D CarrierServiceBindHelper: Receive action: android.intent.action.PACKAGE_ADDED
08-06 17:44:07.404  3784  3784 D CarrierServiceBindHelper: Receive action: android.intent.action.PACKAGE_REPLACED
08-06 17:44:07.404 12162 12162 I Finsky  : [1] lzi.c(2): Frosting ID looked up on UI thread. Caller should move to a background thread.
08-06 17:44:07.404  3784  3784 D CarrierServiceBindHelper: mHandler: 3
08-06 17:44:07.404  3784  3784 D CarrierServiceBindHelper: mHandler: 3
08-06 17:44:07.404  3784  3784 D CarrierServiceBindHelper: mHandler: 3
08-06 17:44:07.404  3784  3784 D CarrierConfigLoader: mHandler: 9 phoneId: 0
08-06 17:44:07.412 12162 12162 I Finsky  : [1] nra.a(220): Installer: found apps to install. isMultiUserMode=false, apps=[]
08-06 17:44:07.416 12162 11815 I Finsky  : [6970] ejf.a(-1): Cancelled 0 ongoing asset module downloads for package baseline.com.ak.uobtimetable due to a concurrent app update.
08-06 17:44:07.438 12162 12269 I Finsky  : [6285] odj.b(52): IQ: Notifying installation update. package=baseline.com.ak.uobtimetable, status=UNINSTALLED
08-06 17:44:07.439 24577 11806 I Auth    : [SupervisedAccountIntentOperation] onHandleIntent(): android.intent.action.PACKAGE_ADDED
08-06 17:44:07.441 24577 11806 I ChromeSync: [Sync,SyncIntentOperation] Handling the intent: Intent { act=android.intent.action.PACKAGE_ADDED dat=package:baseline.com.ak.uobtimetable flg=0x4000010 cmp=com.google.android.gms/.chimera.GmsIntentOperationService (has extras) }.
--------- beginning of system
08-06 17:44:07.447   918  4400 W ActivityManager: Unable to start service Intent { act=com.google.android.gms.auth.key.retrieval.service.START pkg=com.google.android.gms } U=0: not found
08-06 17:44:07.448 12162 12162 I Finsky  : [1] uah.a(18): PackageMonitorReceiverImpl - Received: android.intent.action.PACKAGE_ADDED, [jsPREe6yOOhrMreoEvcpPvP36yUmihacpIgcKsaLph8]
08-06 17:44:07.448 12162 12162 I Finsky  : [1] ubi.d(9): Invalidating cached PackageState for baseline.com.ak.uobtimetable
08-06 17:44:07.449   918  6112 W ActivityManager: Unbind failed: could not find connection for android.os.BinderProxy@61064d6
08-06 17:44:07.449 24577 24621 E GmsClient: unable to connect to service: com.google.android.gms.auth.key.retrieval.service.START on com.google.android.gms
08-06 17:44:07.452 12162 11812 I Finsky  : [6968] lyv.run(-1): Wrote row to frosting DB: 3440
08-06 17:44:07.466 12162 12269 I Finsky  : [6285] odj.b(40): IQ: No matching installs to run for jobs: []
08-06 17:44:07.468 12162 12162 I Finsky  : [1] lzi.c(2): Frosting ID looked up on UI thread. Caller should move to a background thread.
08-06 17:44:07.472 12162 11812 I Finsky  : [6968] lyv.run(-1): Wrote row to frosting DB: 3441
08-06 17:44:07.480 12162 11812 I Finsky  : [6968] lyv.run(-1): Wrote row to frosting DB: 3442
08-06 17:44:07.505   918  3961 I AccountManagerService: getTypesVisibleToCaller: isPermitted? true
08-06 17:44:07.506 24577 11806 I ChromeSync: [Persistence,AffiliationManager] One of affiliation or grouping data for android://bz0hZa4nAJEtd0n5sRlXG7KAqctUMWVefv7Ki4mh1p6slZ9YO-n9gS9j8m9YCrsIyI2wIxrDHraumF9Y6pBLTA==@baseline.com.ak.uobtimetable/ was not found. Marking affiliation data as stale...
08-06 17:44:07.519 12162 11814 I Finsky  : [6969] gzn.a(-1): [ContentSync] finished, scheduled=false
08-06 17:44:07.528 12162 12162 I Finsky  : [1] agsx.a(4): Do not start WearSupportService due to Wear service optimization
08-06 17:44:07.530 12162 11815 I Finsky  : [6970] ejc.a(-1): Asset module broadcast after update successful for package baseline.com.ak.uobtimetable. 0 sessions broadcast.
08-06 17:44:07.532 24577 13336 I Icing   : IndexChimeraService.getServiceInterface callingPackage=com.google.android.gms componentName=AppsCorpus serviceId=36
08-06 17:44:07.533 12162 12162 I Finsky  : [1] lzi.c(2): Frosting ID looked up on UI thread. Caller should move to a background thread.
08-06 17:44:07.541   918  3714 I AccountManagerService: getTypesVisibleToCaller: isPermitted? true
08-06 17:44:07.549 24577  3706 W Icing   : No valid account for uploading user actions
08-06 17:44:07.570 24577 11805 I FontLog : Package baseline.com.ak.uobtimetable has no metadata [CONTEXT service_id=132 ]
08-06 17:44:07.572 24577 13336 I Icing   : IndexChimeraService.getServiceInterface callingPackage=com.google.android.gms componentName=null serviceId=30
08-06 17:44:07.578 12162 11812 I Finsky  : [6968] lyv.run(-1): Wrote row to frosting DB: 3443
08-06 17:44:07.622   918  4413 I AccountManagerService: getTypesVisibleToCaller: isPermitted? true
08-06 17:44:07.623 24577  3706 I Icing   : Usage reports ok 1, Failed Usage reports 0, indexed 0, rejected 0
08-06 17:44:07.647 24577  3706 W Icing   : No valid account for uploading user actions
08-06 17:44:07.657 24577  3706 I Icing   : Usage reports ok 0, Failed Usage reports 0, indexed 0, rejected 0
08-06 17:44:07.658 24577  3706 I Icing   : Indexing com.google.android.gms-internal.3p:MobileApplication from com.google.android.gms using seqno 763
08-06 17:44:07.661 24577  3706 I Icing   : Indexing com.google.android.gms-internal.3p:MobileApplication from com.google.android.gms using seqno 763
08-06 17:44:07.807 12162 12162 I Finsky  : [1] xmu.a(8): SCH: Jobs in database: 1-1337 3-225 3-226 12-1 24-77777777 26-1414141414 
08-06 17:44:07.810 12162 12162 I Finsky  : [1] xio.a(57): SCH: ConstraintMapping: 24-77777777,  -> L: 0ms, D: 12363117ms, C: false, I: true, N: 0
08-06 17:44:07.811 12162 12162 I Finsky  : [1] xio.a(57): SCH: ConstraintMapping: 1-1337, 12-1,  -> L: 14614ms, D: 58905102ms, C: false, I: false, N: 1
08-06 17:44:07.811 12162 12162 I Finsky  : [1] xio.a(57): SCH: ConstraintMapping: 3-225,  -> L: 0ms, D: 55489046ms, C: false, I: true, N: 2
08-06 17:44:07.811 12162 12162 I Finsky  : [1] xio.a(57): SCH: ConstraintMapping: 3-226,  -> L: 0ms, D: 55489090ms, C: true, I: true, N: 2
08-06 17:44:07.812 12162 12162 I Finsky  : [1] xio.a(57): SCH: ConstraintMapping: 26-1414141414,  -> L: 20486490ms, D: 21386490ms, C: false, I: false, N: 0
08-06 17:44:07.815 12162 11814 I Finsky  : [6969] gzn.a(-1): [ContentSync] finished, scheduled=true
08-06 17:44:07.832 12162 12162 I Finsky  : [1] xle.a(34): Cancelling existing jobscheduler jobs: 9010 9000 9004 9015 9003 9006 9002 9008 9009 9005 
08-06 17:44:07.833 12162 12162 I Finsky  : [1] xle.a(27): Scheduling job Id: 9001, L: 0, D: 12363117, C: false, I: true, N: 0
08-06 17:44:07.835 12162 12162 I Finsky  : [1] xle.a(27): Scheduling job Id: 9007, L: 14614, D: 58905102, C: false, I: false, N: 1
08-06 17:44:07.837 12162 12162 I Finsky  : [1] xle.a(27): Scheduling job Id: 9011, L: 0, D: 55489046, C: false, I: true, N: 2
08-06 17:44:07.839 12162 12162 I Finsky  : [1] xle.a(27): Scheduling job Id: 9012, L: 0, D: 55489090, C: true, I: true, N: 2
08-06 17:44:07.841 12162 12162 I Finsky  : [1] xle.a(27): Scheduling job Id: 9013, L: 20486490, D: 21386490, C: false, I: false, N: 0
08-06 17:44:07.843 12162 12162 I Finsky  : [1] xle.a(27): Scheduling job Id: 9014, L: 0, D: 12363117, C: false, I: true, N: 0
08-06 17:44:07.846 12162 12162 I Finsky  : [1] xle.a(27): Scheduling job Id: 9016, L: 14614, D: 58905102, C: false, I: false, N: 1
08-06 17:44:07.848 12162 12162 I Finsky  : [1] xle.a(27): Scheduling job Id: 9017, L: 0, D: 55489046, C: false, I: true, N: 2
08-06 17:44:07.850 12162 12162 I Finsky  : [1] xle.a(27): Scheduling job Id: 9018, L: 0, D: 55489090, C: true, I: true, N: 2
08-06 17:44:07.852 12162 12162 I Finsky  : [1] xle.a(27): Scheduling job Id: 9019, L: 20486490, D: 21386490, C: false, I: false, N: 0
08-06 17:44:08.082 11832 11832 D AndroidRuntime: >>>>>> START com.android.internal.os.RuntimeInit uid 2000 <<<<<<
08-06 17:44:08.089 11832 11832 D AndroidRuntime: CheckJNI is OFF
08-06 17:44:08.134 11832 11832 D ICU     : No timezone override file found: /data/misc/zoneinfo/current/icu/icu_tzdata.dat
08-06 17:44:08.177 11832 11832 I Radio-JNI: register_android_hardware_Radio DONE
08-06 17:44:08.202 11832 11832 D AndroidRuntime: Calling main entry com.android.commands.monkey.Monkey
08-06 17:44:08.225   918   931 W BroadcastQueue: Skipping deliver [background] BroadcastRecord{629d7c5 u-1 android.net.conn.CONNECTIVITY_CHANGE} to ReceiverList{6ed151a 11832 (unknown name)/2000/u-1 remote:35b282f}: process crashing
08-06 17:44:08.240   918   929 I ActivityManager: START u0 {act=android.intent.action.MAIN cat=[android.intent.category.LAUNCHER] flg=0x10200000 cmp=baseline.com.ak.uobtimetable/.MainActivity} from uid 2000 on display 0
08-06 17:44:08.279 11842 11842 I art     : Late-enabling -Xcheck:jni
08-06 17:44:08.280   918  5952 I ActivityManager: Start proc 11842:baseline.com.ak.uobtimetable/u0a710 for activity baseline.com.ak.uobtimetable/.MainActivity
08-06 17:44:08.298 11832 11832 I art     : System.exit called, status: 0
08-06 17:44:08.299 11832 11832 I AndroidRuntime: VM exiting with result code 0.
08-06 17:44:08.351 11842 11842 W System  : ClassLoader referenced unknown path: /data/app/baseline.com.ak.uobtimetable-2/lib/arm64
08-06 17:44:08.353 26121 10711 I PBSessionCacheImpl: Deleted sessionId[114882969641334449] from persistence.
08-06 17:44:08.364 26121 26151 W SearchServiceCore: Abort, client detached.
08-06 17:44:08.365 26121 26151 I MicroDetectionState: Should stop hotword detection immediately - true
08-06 17:44:08.365 11842 11842 E Application: Can't init Bugsnag - No key
08-06 17:44:08.365 11842 11842 E Application: java.lang.Exception: Can't init Bugsnag - No key
08-06 17:44:08.365 11842 11842 E Application: 	at baseline.com.ak.uobtimetable.Utilities.Logging.Logger.error(Logger.java:79)
08-06 17:44:08.365 11842 11842 E Application: 	at baseline.com.ak.uobtimetable.MyApplication.onCreate(MyApplication.java:52)
08-06 17:44:08.365 11842 11842 E Application: 	at android.app.Instrumentation.callApplicationOnCreate(Instrumentation.java:1013)
08-06 17:44:08.365 11842 11842 E Application: 	at android.app.ActivityThread.handleBindApplication(ActivityThread.java:4707)
08-06 17:44:08.365 11842 11842 E Application: 	at android.app.ActivityThread.-wrap1(ActivityThread.java)
08-06 17:44:08.365 11842 11842 E Application: 	at android.app.ActivityThread$H.handleMessage(ActivityThread.java:1405)
08-06 17:44:08.365 11842 11842 E Application: 	at android.os.Handler.dispatchMessage(Handler.java:102)
08-06 17:44:08.365 11842 11842 E Application: 	at android.os.Looper.loop(Looper.java:148)
08-06 17:44:08.365 11842 11842 E Application: 	at android.app.ActivityThread.main(ActivityThread.java:5417)
08-06 17:44:08.365 11842 11842 E Application: 	at java.lang.reflect.Method.invoke(Native Method)
08-06 17:44:08.365 11842 11842 E Application: 	at com.android.internal.os.ZygoteInit$MethodAndArgsCaller.run(ZygoteInit.java:726)
08-06 17:44:08.365 11842 11842 E Application: 	at com.android.internal.os.ZygoteInit.main(ZygoteInit.java:616)
08-06 17:44:08.369 11842 11842 I Application: API level: 23
08-06 17:44:08.370 11842 11842 I Application: API level name: M
08-06 17:44:08.370 11842 11842 I Application: Target API level: 29
08-06 17:44:08.371 11842 11842 I Application: Git commit hash: d26bf1fa
08-06 17:44:08.371 11842 11842 I Application: Git branch: master
08-06 17:44:08.371 11842 11842 I Application: Build type: Debug
08-06 17:44:08.375 11842 11842 I Application: Build keys: Release
08-06 17:44:08.376 11842 11842 I Application: Version code: 21
08-06 17:44:08.376 11842 11842 I Application: Version name: 2.5
08-06 17:44:08.377 11842 11842 I Application: Build date: 22:30 03/08/20
08-06 17:44:08.377 11842 11842 I Application: Package update date: 23:40 05/08/20
08-06 17:44:08.378 11842 11842 I SettingsManager: Getting int: launchCount
08-06 17:44:08.378 11842 11842 I SettingsManager: Setting int: launchCount
08-06 17:44:08.386   918  5132 W BackupManagerService: dataChanged but no participant pkg='baseline.com.ak.uobtimetable' uid=10710
08-06 17:44:08.387 11842 11842 I Application: Launch count: 1
08-06 17:44:08.389 11842 11842 I Application: Network: TYPE_WIFI
08-06 17:44:08.389 11842 11842 I Application: Tablet layout: false
08-06 17:44:08.406 11842 11842 W art     : Before Android 4.1, method android.graphics.PorterDuffColorFilter androidx.vectordrawable.graphics.drawable.VectorDrawableCompat.updateTintFilter(android.graphics.PorterDuffColorFilter, android.content.res.ColorStateList, android.graphics.PorterDuff$Mode) would have incorrectly overridden the package-private method in android.graphics.drawable.Drawable
08-06 17:44:08.423 11842 11842 I art     : Rejecting re-init on previously-failed class java.lang.Class<androidx.core.view.ViewCompat$OnUnhandledKeyEventListenerWrapper>
08-06 17:44:08.423 11842 11842 I art     : Rejecting re-init on previously-failed class java.lang.Class<androidx.core.view.ViewCompat$OnUnhandledKeyEventListenerWrapper>
08-06 17:44:08.507 11842 11842 D MainActivity: onCreate
08-06 17:44:08.507 11842 11842 I SettingsManager: Getting string: savedSessions
08-06 17:44:08.507 11842 11842 I Settings: No saved sessions
08-06 17:44:08.549 11842 11842 I SettingsManager: Getting string: savedCourse
08-06 17:44:08.552   918  4400 I ActivityManager: START u0 {flg=0x14000000 cmp=baseline.com.ak.uobtimetable/.WelcomeActivity} from uid 10710 on display 0
08-06 17:44:08.574 11842 11842 D MainActivity: OnResume
08-06 17:44:08.587 11842 11858 D OpenGLRenderer: Use EGL_SWAP_BEHAVIOR_PRESERVED: true
08-06 17:44:08.605 11842 11842 D MainActivity: OnPause
08-06 17:44:08.627 24577  8148 I Icing   : Indexing com.google.android.gms-apps from com.google.android.gms
08-06 17:44:08.734 24577  8148 I Icing   : Indexing done com.google.android.gms-apps
08-06 17:44:08.798 11842 11858 I Adreno  : QUALCOMM build                   : fcf4852, I1af360237c
08-06 17:44:08.798 11842 11858 I Adreno  : Build Date                       : 09/23/15
08-06 17:44:08.798 11842 11858 I Adreno  : OpenGL ES Shader Compiler Version: XE031.05.13.02
08-06 17:44:08.798 11842 11858 I Adreno  : Local Branch                     : mybranch14465806
08-06 17:44:08.798 11842 11858 I Adreno  : Remote Branch                    : quic/LA.BF64.1.2.9_v2
08-06 17:44:08.798 11842 11858 I Adreno  : Remote Branch                    : NONE
08-06 17:44:08.798 11842 11858 I Adreno  : Reconstruct Branch               : NOTHING
08-06 17:44:08.804 11842 11858 I OpenGLRenderer: Initialized EGL, version 1.4
08-06 17:44:08.987   918   936 I ActivityManager: Displayed baseline.com.ak.uobtimetable/.WelcomeActivity: +377ms (total +735ms)
08-06 17:44:08.990 13866 13866 I GoogleInputMethodServic: GoogleInputMethodService.onFinishInput():3138 
08-06 17:44:08.991 13866 13866 I GoogleInputMethodServic: GoogleInputMethodService.onStartInput():1808 
08-06 17:44:09.086 11842 11842 D MainActivity: Saving state
08-06 17:44:10.002 11872 11872 D AndroidRuntime: >>>>>> START com.android.internal.os.RuntimeInit uid 2000 <<<<<<
08-06 17:44:10.009 11872 11872 D AndroidRuntime: CheckJNI is OFF
08-06 17:44:10.052 11872 11872 D ICU     : No timezone override file found: /data/misc/zoneinfo/current/icu/icu_tzdata.dat
08-06 17:44:10.067   918  3188 I hubconnection: sensorhub said: 'set_bias 3: -4.9248, 0.0000, 0.0000'
08-06 17:44:10.096 11872 11872 I Radio-JNI: register_android_hardware_Radio DONE
08-06 17:44:10.120 11872 11872 D AndroidRuntime: Calling main entry com.android.commands.am.Am
08-06 17:44:10.133 26540 26540 I Trepn   : Trepn 6.2s: Received intent: com.quicinc.trepn.start_profiling
08-06 17:44:10.278 26540 26540 W FileUtils: Failed to chmod(/storage/emulated/0/trepn/Trepn_2020.08.06_174410.db): android.system.ErrnoException: chmod failed: EPERM (Operation not permitted)
08-06 17:44:10.434 26540 26540 I Trepn   : Trepn 6.2s: Trepn has Started Profiling.
08-06 17:44:10.436 11872 11872 D AndroidRuntime: Shutting down VM
08-06 17:44:10.926 11842 11853 I art     : Starting a blocking GC Explicit
08-06 17:44:10.949 11842 11853 I art     : Explicit concurrent mark sweep GC freed 4507(973KB) AllocSpace objects, 3(1360KB) LOS objects, 40% free, 21MB/36MB, paused 142us total 22.471ms
08-06 17:44:10.961 11842 11853 I art     : Starting a blocking GC Explicit
08-06 17:44:10.977 11842 11853 I art     : Explicit concurrent mark sweep GC freed 573(25KB) AllocSpace objects, 0(0B) LOS objects, 40% free, 21MB/36MB, paused 130us total 15.540ms
08-06 17:44:10.985 11842 11853 I art     : Starting a blocking GC Explicit
08-06 17:44:10.998 11842 11853 I art     : Explicit concurrent mark sweep GC freed 3(96B) AllocSpace objects, 0(0B) LOS objects, 40% free, 21MB/36MB, paused 128us total 13.275ms
08-06 17:44:11.006 11842 11853 I art     : Starting a blocking GC Explicit
08-06 17:44:11.019 11842 11853 I art     : Explicit concurrent mark sweep GC freed 3(96B) AllocSpace objects, 0(0B) LOS objects, 40% free, 21MB/36MB, paused 126us total 13.097ms
08-06 17:44:11.027 11842 11853 I art     : Starting a blocking GC Explicit
08-06 17:44:11.040 11842 11853 I art     : Explicit concurrent mark sweep GC freed 3(96B) AllocSpace objects, 0(0B) LOS objects, 40% free, 21MB/36MB, paused 124us total 12.775ms
08-06 17:44:11.309  9385  9385 I ServiceManager: Waiting for service AtCmdFwd...
08-06 17:44:11.328 11842 11854 I art     : Starting a blocking GC Explicit
08-06 17:44:11.345 11842 11854 I art     : Explicit concurrent mark sweep GC freed 1274(74KB) AllocSpace objects, 1(20KB) LOS objects, 40% free, 21MB/36MB, paused 145us total 16.039ms
08-06 17:44:11.355 11842 11854 I art     : Starting a blocking GC Explicit
08-06 17:44:11.370 11842 11854 I art     : Explicit concurrent mark sweep GC freed 18(624B) AllocSpace objects, 0(0B) LOS objects, 40% free, 21MB/36MB, paused 138us total 14.638ms
08-06 17:44:11.385 11842 11854 I art     : Starting a blocking GC Explicit
08-06 17:44:11.397 11842 11854 I art     : Explicit concurrent mark sweep GC freed 3(96B) AllocSpace objects, 0(0B) LOS objects, 40% free, 21MB/36MB, paused 115us total 12.022ms
08-06 17:44:11.404 11842 11854 I art     : Starting a blocking GC Explicit
08-06 17:44:11.417 11842 11854 I art     : Explicit concurrent mark sweep GC freed 3(96B) AllocSpace objects, 0(0B) LOS objects, 40% free, 21MB/36MB, paused 160us total 12.538ms
08-06 17:44:11.425 11842 11854 I art     : Starting a blocking GC Explicit
08-06 17:44:11.436 11842 11854 I art     : Explicit concurrent mark sweep GC freed 3(96B) AllocSpace objects, 0(0B) LOS objects, 40% free, 21MB/36MB, paused 123us total 11.707ms
08-06 17:44:11.716 11842 11853 I art     : Starting a blocking GC Explicit
08-06 17:44:11.732 11842 11853 I art     : Explicit concurrent mark sweep GC freed 1271(74KB) AllocSpace objects, 1(20KB) LOS objects, 40% free, 21MB/36MB, paused 140us total 16.589ms
08-06 17:44:11.743 11842 11853 I art     : Starting a blocking GC Explicit
08-06 17:44:11.758 11842 11853 I art     : Explicit concurrent mark sweep GC freed 18(624B) AllocSpace objects, 0(0B) LOS objects, 40% free, 21MB/36MB, paused 172us total 15.003ms
08-06 17:44:11.771 11842 11853 I art     : Starting a blocking GC Explicit
08-06 17:44:11.784 11842 11853 I art     : Explicit concurrent mark sweep GC freed 3(96B) AllocSpace objects, 0(0B) LOS objects, 40% free, 21MB/36MB, paused 128us total 12.992ms
08-06 17:44:11.792 11842 11853 I art     : Starting a blocking GC Explicit
08-06 17:44:11.805 11842 11853 I art     : Explicit concurrent mark sweep GC freed 3(96B) AllocSpace objects, 0(0B) LOS objects, 40% free, 21MB/36MB, paused 120us total 13.077ms
08-06 17:44:11.813 11842 11853 I art     : Starting a blocking GC Explicit
08-06 17:44:11.825 11842 11853 I art     : Explicit concurrent mark sweep GC freed 3(96B) AllocSpace objects, 0(0B) LOS objects, 40% free, 21MB/36MB, paused 118us total 12.653ms
08-06 17:44:12.123 11842 11854 I art     : Starting a blocking GC Explicit
08-06 17:44:12.139 11842 11854 I art     : Explicit concurrent mark sweep GC freed 1268(74KB) AllocSpace objects, 1(20KB) LOS objects, 40% free, 21MB/36MB, paused 140us total 16.065ms
08-06 17:44:12.149 11842 11854 I art     : Starting a blocking GC Explicit
08-06 17:44:12.164 11842 11854 I art     : Explicit concurrent mark sweep GC freed 18(624B) AllocSpace objects, 0(0B) LOS objects, 40% free, 21MB/36MB, paused 128us total 14.255ms
08-06 17:44:12.172 11842 11854 I art     : Starting a blocking GC Explicit
08-06 17:44:12.185 11842 11854 I art     : Explicit concurrent mark sweep GC freed 3(96B) AllocSpace objects, 0(0B) LOS objects, 40% free, 21MB/36MB, paused 125us total 13.499ms
08-06 17:44:12.193 11842 11854 I art     : Starting a blocking GC Explicit
08-06 17:44:12.205 11842 11854 I art     : Explicit concurrent mark sweep GC freed 3(96B) AllocSpace objects, 0(0B) LOS objects, 40% free, 21MB/36MB, paused 124us total 12.178ms
08-06 17:44:12.212 11842 11854 I art     : Starting a blocking GC Explicit
08-06 17:44:12.225 11842 11854 I art     : Explicit concurrent mark sweep GC freed 3(96B) AllocSpace objects, 0(0B) LOS objects, 40% free, 21MB/36MB, paused 119us total 12.518ms
08-06 17:44:12.310  9385  9385 I ServiceManager: Waiting for service AtCmdFwd...
08-06 17:44:12.526 11842 11853 I art     : Starting a blocking GC Explicit
08-06 17:44:12.540 11842 11853 I art     : Explicit concurrent mark sweep GC freed 1268(74KB) AllocSpace objects, 1(20KB) LOS objects, 40% free, 21MB/36MB, paused 126us total 13.771ms
08-06 17:44:12.548 11842 11853 I art     : Starting a blocking GC Explicit
08-06 17:44:12.563 11842 11853 I art     : Explicit concurrent mark sweep GC freed 18(624B) AllocSpace objects, 0(0B) LOS objects, 40% free, 21MB/36MB, paused 133us total 15.360ms
08-06 17:44:12.576 11842 11853 I art     : Starting a blocking GC Explicit
08-06 17:44:12.589 11842 11853 I art     : Explicit concurrent mark sweep GC freed 3(96B) AllocSpace objects, 0(0B) LOS objects, 40% free, 21MB/36MB, paused 124us total 13.128ms
08-06 17:44:12.597 11842 11853 I art     : Starting a blocking GC Explicit
08-06 17:44:12.610 11842 11853 I art     : Explicit concurrent mark sweep GC freed 3(96B) AllocSpace objects, 0(0B) LOS objects, 40% free, 21MB/36MB, paused 118us total 12.813ms
08-06 17:44:12.618 11842 11853 I art     : Starting a blocking GC Explicit
08-06 17:44:12.631 11842 11853 I art     : Explicit concurrent mark sweep GC freed 3(96B) AllocSpace objects, 0(0B) LOS objects, 40% free, 21MB/36MB, paused 121us total 12.832ms
08-06 17:44:12.927 11842 11854 I art     : Starting a blocking GC Explicit
08-06 17:44:12.944 11842 11854 I art     : Explicit concurrent mark sweep GC freed 1268(74KB) AllocSpace objects, 1(20KB) LOS objects, 40% free, 21MB/36MB, paused 148us total 16.290ms
08-06 17:44:12.956 11842 11854 I art     : Starting a blocking GC Explicit
08-06 17:44:12.969 11842 11854 I art     : Explicit concurrent mark sweep GC freed 18(624B) AllocSpace objects, 0(0B) LOS objects, 40% free, 21MB/36MB, paused 128us total 13.188ms
08-06 17:44:12.977 11842 11854 I art     : Starting a blocking GC Explicit
08-06 17:44:12.991 11842 11854 I art     : Explicit concurrent mark sweep GC freed 3(96B) AllocSpace objects, 0(0B) LOS objects, 40% free, 21MB/36MB, paused 128us total 13.358ms
08-06 17:44:12.998 11842 11854 I art     : Starting a blocking GC Explicit
08-06 17:44:13.012 11842 11854 I art     : Explicit concurrent mark sweep GC freed 3(96B) AllocSpace objects, 0(0B) LOS objects, 40% free, 21MB/36MB, paused 122us total 13.272ms
08-06 17:44:13.020 11842 11854 I art     : Starting a blocking GC Explicit
08-06 17:44:13.024   918  3188 I hubconnection: sensorhub said: 'set_bias 3: -5.7600, 0.0000, 0.0000'
08-06 17:44:13.033 11842 11854 I art     : Explicit concurrent mark sweep GC freed 3(96B) AllocSpace objects, 0(0B) LOS objects, 40% free, 21MB/36MB, paused 126us total 12.834ms
08-06 17:44:13.311  9385  9385 I ServiceManager: Waiting for service AtCmdFwd...
08-06 17:44:13.314 11842 11853 I art     : Starting a blocking GC Explicit
08-06 17:44:13.330 11842 11853 I art     : Explicit concurrent mark sweep GC freed 1268(74KB) AllocSpace objects, 1(20KB) LOS objects, 40% free, 21MB/36MB, paused 145us total 15.995ms
08-06 17:44:13.341 11842 11853 I art     : Starting a blocking GC Explicit
08-06 17:44:13.354 11842 11853 I art     : Explicit concurrent mark sweep GC freed 18(624B) AllocSpace objects, 0(0B) LOS objects, 40% free, 21MB/36MB, paused 129us total 13.278ms
08-06 17:44:13.362 11842 11853 I art     : Starting a blocking GC Explicit
08-06 17:44:13.375 11842 11853 I art     : Explicit concurrent mark sweep GC freed 3(96B) AllocSpace objects, 0(0B) LOS objects, 40% free, 21MB/36MB, paused 126us total 13.033ms
08-06 17:44:13.383 11842 11853 I art     : Starting a blocking GC Explicit
08-06 17:44:13.396 11842 11853 I art     : Explicit concurrent mark sweep GC freed 3(96B) AllocSpace objects, 0(0B) LOS objects, 40% free, 21MB/36MB, paused 125us total 13.199ms
08-06 17:44:13.404 11842 11853 I art     : Starting a blocking GC Explicit
08-06 17:44:13.417 11842 11853 I art     : Explicit concurrent mark sweep GC freed 3(96B) AllocSpace objects, 0(0B) LOS objects, 40% free, 21MB/36MB, paused 171us total 12.828ms
08-06 17:44:13.689 11842 11854 I art     : Starting a blocking GC Explicit
08-06 17:44:13.705 11842 11854 I art     : Explicit concurrent mark sweep GC freed 1268(74KB) AllocSpace objects, 1(20KB) LOS objects, 40% free, 21MB/36MB, paused 137us total 16.328ms
08-06 17:44:13.715 11842 11854 I art     : Starting a blocking GC Explicit
08-06 17:44:13.729 11842 11854 I art     : Explicit concurrent mark sweep GC freed 18(624B) AllocSpace objects, 0(0B) LOS objects, 40% free, 21MB/36MB, paused 126us total 13.352ms
08-06 17:44:13.736 11842 11854 I art     : Starting a blocking GC Explicit
08-06 17:44:13.750 11842 11854 I art     : Explicit concurrent mark sweep GC freed 3(96B) AllocSpace objects, 0(0B) LOS objects, 40% free, 21MB/36MB, paused 118us total 13.097ms
08-06 17:44:13.757 11842 11854 I art     : Starting a blocking GC Explicit
08-06 17:44:13.770 11842 11854 I art     : Explicit concurrent mark sweep GC freed 3(96B) AllocSpace objects, 0(0B) LOS objects, 40% free, 21MB/36MB, paused 120us total 12.571ms
08-06 17:44:13.778 11842 11854 I art     : Starting a blocking GC Explicit
08-06 17:44:13.790 11842 11854 I art     : Explicit concurrent mark sweep GC freed 3(96B) AllocSpace objects, 0(0B) LOS objects, 40% free, 21MB/36MB, paused 115us total 12.476ms
08-06 17:44:14.075 11842 11853 I art     : Starting a blocking GC Explicit
08-06 17:44:14.094 11842 11853 I art     : Explicit concurrent mark sweep GC freed 1268(74KB) AllocSpace objects, 1(20KB) LOS objects, 40% free, 21MB/36MB, paused 147us total 18.704ms
08-06 17:44:14.107 11842 11853 I art     : Starting a blocking GC Explicit
08-06 17:44:14.120 11842 11853 I art     : Explicit concurrent mark sweep GC freed 18(624B) AllocSpace objects, 0(0B) LOS objects, 40% free, 21MB/36MB, paused 113us total 12.632ms
08-06 17:44:14.127 11842 11853 I art     : Starting a blocking GC Explicit
08-06 17:44:14.138 11842 11853 I art     : Explicit concurrent mark sweep GC freed 3(96B) AllocSpace objects, 0(0B) LOS objects, 40% free, 21MB/36MB, paused 107us total 11.110ms
08-06 17:44:14.145 11842 11853 I art     : Starting a blocking GC Explicit
08-06 17:44:14.157 11842 11853 I art     : Explicit concurrent mark sweep GC freed 3(96B) AllocSpace objects, 0(0B) LOS objects, 40% free, 21MB/36MB, paused 106us total 11.989ms
08-06 17:44:14.164 11842 11853 I art     : Starting a blocking GC Explicit
08-06 17:44:14.175 11842 11853 I art     : Explicit concurrent mark sweep GC freed 3(96B) AllocSpace objects, 0(0B) LOS objects, 40% free, 21MB/36MB, paused 110us total 10.839ms
08-06 17:44:14.312  9385  9385 I ServiceManager: Waiting for service AtCmdFwd...
08-06 17:44:14.434 11842 11854 I art     : Starting a blocking GC Explicit
08-06 17:44:14.450 11842 11854 I art     : Explicit concurrent mark sweep GC freed 1268(74KB) AllocSpace objects, 1(20KB) LOS objects, 40% free, 21MB/36MB, paused 133us total 16.216ms
08-06 17:44:14.460 11842 11854 I art     : Starting a blocking GC Explicit
08-06 17:44:14.473 11842 11854 I art     : Explicit concurrent mark sweep GC freed 18(624B) AllocSpace objects, 0(0B) LOS objects, 40% free, 21MB/36MB, paused 116us total 12.678ms
08-06 17:44:14.480 11842 11854 I art     : Starting a blocking GC Explicit
08-06 17:44:14.493 11842 11854 I art     : Explicit concurrent mark sweep GC freed 3(96B) AllocSpace objects, 0(0B) LOS objects, 40% free, 21MB/36MB, paused 122us total 12.905ms
08-06 17:44:14.501 11842 11854 I art     : Starting a blocking GC Explicit
08-06 17:44:14.514 11842 11854 I art     : Explicit concurrent mark sweep GC freed 3(96B) AllocSpace objects, 0(0B) LOS objects, 40% free, 21MB/36MB, paused 120us total 13.065ms
08-06 17:44:14.521 11842 11854 I art     : Starting a blocking GC Explicit
08-06 17:44:14.535 11842 11854 I art     : Explicit concurrent mark sweep GC freed 3(96B) AllocSpace objects, 0(0B) LOS objects, 40% free, 21MB/36MB, paused 119us total 13.014ms
08-06 17:44:14.833 11842 11853 I art     : Starting a blocking GC Explicit
08-06 17:44:14.848 11842 11853 I art     : Explicit concurrent mark sweep GC freed 1268(74KB) AllocSpace objects, 1(20KB) LOS objects, 40% free, 21MB/36MB, paused 137us total 13.728ms
08-06 17:44:14.859 11842 11853 I art     : Starting a blocking GC Explicit
08-06 17:44:14.872 11842 11853 I art     : Explicit concurrent mark sweep GC freed 18(624B) AllocSpace objects, 0(0B) LOS objects, 40% free, 21MB/36MB, paused 119us total 13.310ms
08-06 17:44:14.880 11842 11853 I art     : Starting a blocking GC Explicit
08-06 17:44:14.892 11842 11853 I art     : Explicit concurrent mark sweep GC freed 3(96B) AllocSpace objects, 0(0B) LOS objects, 40% free, 21MB/36MB, paused 117us total 12.542ms
08-06 17:44:14.900 11842 11853 I art     : Starting a blocking GC Explicit
08-06 17:44:14.912 11842 11853 I art     : Explicit concurrent mark sweep GC freed 3(96B) AllocSpace objects, 0(0B) LOS objects, 40% free, 21MB/36MB, paused 120us total 12.561ms
08-06 17:44:14.920 11842 11853 I art     : Starting a blocking GC Explicit
08-06 17:44:14.933 11842 11853 I art     : Explicit concurrent mark sweep GC freed 3(96B) AllocSpace objects, 0(0B) LOS objects, 40% free, 21MB/36MB, paused 120us total 13.059ms
08-06 17:44:15.228 11842 11854 I art     : Starting a blocking GC Explicit
08-06 17:44:15.242 11842 11854 I art     : Explicit concurrent mark sweep GC freed 1268(74KB) AllocSpace objects, 1(20KB) LOS objects, 40% free, 21MB/36MB, paused 112us total 13.332ms
08-06 17:44:15.250 11842 11854 I art     : Starting a blocking GC Explicit
08-06 17:44:15.262 11842 11854 I art     : Explicit concurrent mark sweep GC freed 18(624B) AllocSpace objects, 0(0B) LOS objects, 40% free, 21MB/36MB, paused 127us total 12.667ms
08-06 17:44:15.270 11842 11854 I art     : Starting a blocking GC Explicit
08-06 17:44:15.282 11842 11854 I art     : Explicit concurrent mark sweep GC freed 3(96B) AllocSpace objects, 0(0B) LOS objects, 40% free, 21MB/36MB, paused 119us total 12.245ms
08-06 17:44:15.289 11842 11854 I art     : Starting a blocking GC Explicit
08-06 17:44:15.302 11842 11854 I art     : Explicit concurrent mark sweep GC freed 3(96B) AllocSpace objects, 0(0B) LOS objects, 40% free, 21MB/36MB, paused 136us total 12.299ms
08-06 17:44:15.309 11842 11854 I art     : Starting a blocking GC Explicit
08-06 17:44:15.312  9385  9385 I ServiceManager: Waiting for service AtCmdFwd...
08-06 17:44:15.321 11842 11854 I art     : Explicit concurrent mark sweep GC freed 3(96B) AllocSpace objects, 0(0B) LOS objects, 40% free, 21MB/36MB, paused 135us total 12.119ms
08-06 17:44:15.636 11842 11853 I art     : Starting a blocking GC Explicit
08-06 17:44:15.652 11842 11853 I art     : Explicit concurrent mark sweep GC freed 1268(74KB) AllocSpace objects, 1(20KB) LOS objects, 40% free, 21MB/36MB, paused 141us total 16.384ms
08-06 17:44:15.658 12020 12020 D AndroidRuntime: >>>>>> START com.android.internal.os.RuntimeInit uid 2000 <<<<<<
08-06 17:44:15.661 11842 11853 I art     : Starting a blocking GC Explicit
08-06 17:44:15.663 12020 12020 D AndroidRuntime: CheckJNI is OFF
08-06 17:44:15.675 11842 11853 I art     : Explicit concurrent mark sweep GC freed 18(624B) AllocSpace objects, 0(0B) LOS objects, 40% free, 21MB/36MB, paused 127us total 13.059ms
08-06 17:44:15.682 11842 11853 I art     : Starting a blocking GC Explicit
08-06 17:44:15.694 11842 11853 I art     : Explicit concurrent mark sweep GC freed 3(96B) AllocSpace objects, 0(0B) LOS objects, 40% free, 21MB/36MB, paused 121us total 11.822ms
08-06 17:44:15.698 12020 12020 D ICU     : No timezone override file found: /data/misc/zoneinfo/current/icu/icu_tzdata.dat
08-06 17:44:15.701 11842 11853 I art     : Starting a blocking GC Explicit
08-06 17:44:15.714 11842 11853 I art     : Explicit concurrent mark sweep GC freed 3(96B) AllocSpace objects, 0(0B) LOS objects, 40% free, 21MB/36MB, paused 124us total 12.003ms
08-06 17:44:15.721 11842 11853 I art     : Starting a blocking GC Explicit
08-06 17:44:15.732 12020 12020 I Radio-JNI: register_android_hardware_Radio DONE
08-06 17:44:15.733 11842 11853 I art     : Explicit concurrent mark sweep GC freed 3(96B) AllocSpace objects, 0(0B) LOS objects, 40% free, 21MB/36MB, paused 124us total 11.628ms
08-06 17:44:15.753 12020 12020 D AndroidRuntime: Calling main entry com.android.commands.input.Input
08-06 17:44:15.755 12020 12020 I Input   : injectMotionEvent: MotionEvent { action=ACTION_DOWN, actionButton=0, id[0]=0, x[0]=711.0, y[0]=1664.0, toolType[0]=TOOL_TYPE_UNKNOWN, buttonState=0, metaState=0, flags=0x0, edgeFlags=0x0, pointerCount=1, historySize=0, eventTime=899072167, downTime=899072167, deviceId=0, source=0x1002 }
08-06 17:44:15.760 12020 12020 I Input   : injectMotionEvent: MotionEvent { action=ACTION_UP, actionButton=0, id[0]=0, x[0]=711.0, y[0]=1664.0, toolType[0]=TOOL_TYPE_UNKNOWN, buttonState=0, metaState=0, flags=0x0, edgeFlags=0x0, pointerCount=1, historySize=0, eventTime=899072167, downTime=899072167, deviceId=0, source=0x1002 }
08-06 17:44:15.761 12020 12020 D AndroidRuntime: Shutting down VM
08-06 17:44:15.776   512  2967 D audio_hw_primary: out_set_parameters: enter: usecase(1: low-latency-playback) kvpairs: routing=2
08-06 17:44:15.777   918  3961 I ActivityManager: START u0 {flg=0x14000000 cmp=baseline.com.ak.uobtimetable/.CourseListActivity} from uid 10710 on display 0
08-06 17:44:15.790   512  2967 D audio_hw_primary: select_devices: out_snd_device(2: speaker) in_snd_device(0: none)
08-06 17:44:15.790   512  2967 D msm8974_platform: platform_send_audio_calibration: sending audio calibration for snd_device(2) acdb_id(15)
08-06 17:44:15.790   512  2967 I soundtrigger: audio_extn_sound_trigger_update_device_status: device 0x2 of type 0 for Event 1
08-06 17:44:15.800   512  2967 D audio_hw_primary: enable_snd_device: snd_device(2: speaker)
08-06 17:44:15.802   512  2967 D audio_hw_primary: enable_audio_route: apply and update mixer path: low-latency-playback speaker
08-06 17:44:15.819 11842 11842 D CourseListActivity: onCreate
08-06 17:44:15.848 11842 12044 D HTTP    : Request for: https://uob-timetable-api.adriankeenan.co.uk/courses
08-06 17:44:15.929 13866 13866 I GoogleInputMethodServic: GoogleInputMethodService.onFinishInput():3138 
08-06 17:44:15.929   918   936 I ActivityManager: Displayed baseline.com.ak.uobtimetable/.CourseListActivity: +143ms
08-06 17:44:15.931 13866 13866 I GoogleInputMethodServic: GoogleInputMethodService.onStartInput():1808 
08-06 17:44:15.951 11842 11858 D OpenGLRenderer: endAllStagingAnimators on 0x7f9499b800 (RippleDrawable) with handle 0x7f99f11b40
08-06 17:44:15.972 11842 12055 I art     : Starting a blocking GC Explicit
08-06 17:44:15.989 11842 12055 I art     : Explicit concurrent mark sweep GC freed 4985(393KB) AllocSpace objects, 1(20KB) LOS objects, 40% free, 22MB/37MB, paused 206us total 16.850ms
08-06 17:44:15.996 11842 12055 I art     : Starting a blocking GC Explicit
08-06 17:44:16.009 11842 12055 I art     : Explicit concurrent mark sweep GC freed 386(20KB) AllocSpace objects, 0(0B) LOS objects, 40% free, 22MB/37MB, paused 174us total 13.073ms
08-06 17:44:16.016 11842 12055 I art     : Starting a blocking GC Explicit
08-06 17:44:16.029 11842 12055 I art     : Explicit concurrent mark sweep GC freed 4(128B) AllocSpace objects, 0(0B) LOS objects, 40% free, 22MB/37MB, paused 324us total 13.291ms
08-06 17:44:16.037 11842 12055 I art     : Starting a blocking GC Explicit
08-06 17:44:16.051 11842 12055 I art     : Explicit concurrent mark sweep GC freed 4(128B) AllocSpace objects, 0(0B) LOS objects, 40% free, 22MB/37MB, paused 174us total 13.787ms
08-06 17:44:16.059 11842 12055 I art     : Starting a blocking GC Explicit
08-06 17:44:16.075 11842 12055 I art     : Explicit concurrent mark sweep GC freed 1049(74KB) AllocSpace objects, 2(120KB) LOS objects, 40% free, 22MB/37MB, paused 371us total 15.221ms
08-06 17:44:16.128 11842 12044 I NAPPA_EXPERIMENTATION: MetricNetworkRequestExecutionTime: REQUEST_DURATION_SYSTEM='275',REQUEST_DURATION_OKHTTP='34',REQUEST_SYNCHRONOUS='TRUE',RESPONSE_CODE='200',RESPONSE_METHOD='GET',RESPONSE_LENGTH_OKHTTP='-1',RESPONSE_LENGTH_HEADER='-2',REQUEST_PROTOCOL='http/1.1',REQUEST_URL='https://uob-timetable-api.adriankeenan.co.uk/courses',
08-06 17:44:16.308 11842 11854 I art     : Starting a blocking GC Explicit
08-06 17:44:16.312  9385  9385 W Atfwd_Sendcmd: AtCmdFwd service not published, waiting... retryCnt : 2
08-06 17:44:16.322 11842 11854 I art     : Explicit concurrent mark sweep GC freed 116(21KB) AllocSpace objects, 0(0B) LOS objects, 26% free, 44MB/60MB, paused 178us total 13.386ms
08-06 17:44:16.329 11842 11854 I art     : Starting a blocking GC Explicit
08-06 17:44:16.342 11842 11854 I art     : Explicit concurrent mark sweep GC freed 12(448B) AllocSpace objects, 0(0B) LOS objects, 26% free, 44MB/60MB, paused 205us total 12.781ms
08-06 17:44:16.349   512  2967 D audio_hw_primary: disable_audio_route: reset and update mixer path: low-latency-playback speaker
08-06 17:44:16.349 11842 11854 I art     : Starting a blocking GC Explicit
08-06 17:44:16.350   512  2967 D audio_hw_primary: disable_snd_device: snd_device(2: speaker)
08-06 17:44:16.357   512  2967 I soundtrigger: audio_extn_sound_trigger_update_device_status: device 0x2 of type 0 for Event 0
08-06 17:44:16.362 11842 11854 I art     : Explicit concurrent mark sweep GC freed 12(448B) AllocSpace objects, 0(0B) LOS objects, 26% free, 44MB/60MB, paused 189us total 12.800ms
08-06 17:44:16.369 11842 11854 I art     : Starting a blocking GC Explicit
08-06 17:44:16.382 11842 11854 I art     : Explicit concurrent mark sweep GC freed 19(736B) AllocSpace objects, 0(0B) LOS objects, 26% free, 44MB/60MB, paused 192us total 12.925ms
08-06 17:44:16.389 11842 11854 I art     : Starting a blocking GC Explicit
08-06 17:44:16.402 11842 11854 I art     : Explicit concurrent mark sweep GC freed 14(512B) AllocSpace objects, 0(0B) LOS objects, 26% free, 44MB/60MB, paused 194us total 12.673ms
08-06 17:44:16.492 11842 12044 I HTTP    : Response was compressed.
08-06 17:44:16.647 11842 11854 I art     : Starting a blocking GC Explicit
08-06 17:44:16.667 11842 11854 I art     : Explicit concurrent mark sweep GC freed 45994(2MB) AllocSpace objects, 0(0B) LOS objects, 29% free, 38MB/54MB, paused 253us total 19.307ms
08-06 17:44:16.674 11842 11854 I art     : Starting a blocking GC Explicit
08-06 17:44:16.692 11842 11854 I art     : Explicit concurrent mark sweep GC freed 13673(651KB) AllocSpace objects, 0(0B) LOS objects, 29% free, 38MB/54MB, paused 258us total 17.349ms
08-06 17:44:16.700 11842 11854 I art     : Starting a blocking GC Explicit
08-06 17:44:16.717 11842 11854 I art     : Explicit concurrent mark sweep GC freed 13642(635KB) AllocSpace objects, 0(0B) LOS objects, 29% free, 38MB/54MB, paused 293us total 16.937ms
08-06 17:44:16.725 11842 11854 I art     : Starting a blocking GC Explicit
08-06 17:44:16.742 11842 11854 I art     : Explicit concurrent mark sweep GC freed 13808(645KB) AllocSpace objects, 0(0B) LOS objects, 29% free, 38MB/54MB, paused 304us total 16.998ms
08-06 17:44:16.750 11842 11854 I art     : Starting a blocking GC Explicit
08-06 17:44:16.767 11842 11854 I art     : Explicit concurrent mark sweep GC freed 13802(652KB) AllocSpace objects, 0(0B) LOS objects, 29% free, 38MB/54MB, paused 284us total 17.219ms
08-06 17:44:17.035 11842 11853 I art     : Starting a blocking GC Explicit
08-06 17:44:17.052   518   646 I ThermalEngine: ACTION: GPU - Setting GPU[0] to 450000000
08-06 17:44:17.073 11842 11853 I art     : Explicit concurrent mark sweep GC freed 160315(7MB) AllocSpace objects, 1(20KB) LOS objects, 28% free, 40MB/56MB, paused 489us total 38.063ms
08-06 17:44:17.088 11842 11853 I art     : Starting a blocking GC Explicit
08-06 17:44:17.114 11842 11853 I art     : Explicit concurrent mark sweep GC freed 28668(1350KB) AllocSpace objects, 0(0B) LOS objects, 28% free, 40MB/56MB, paused 493us total 26.289ms
08-06 17:44:17.126 11842 11853 I art     : Starting a blocking GC Explicit
08-06 17:44:17.154 11842 11853 I art     : Explicit concurrent mark sweep GC freed 21441(1013KB) AllocSpace objects, 0(0B) LOS objects, 28% free, 40MB/56MB, paused 462us total 27.576ms
08-06 17:44:17.166 11842 11853 I art     : Starting a blocking GC Explicit
08-06 17:44:17.194 11842 11853 I art     : Explicit concurrent mark sweep GC freed 21700(1027KB) AllocSpace objects, 0(0B) LOS objects, 28% free, 40MB/56MB, paused 516us total 27.786ms
08-06 17:44:17.206 11842 11853 I art     : Starting a blocking GC Explicit
08-06 17:44:17.235 11842 11853 I art     : Explicit concurrent mark sweep GC freed 21849(1033KB) AllocSpace objects, 0(0B) LOS objects, 28% free, 40MB/56MB, paused 716us total 28.113ms
08-06 17:44:17.510 11842 11854 I art     : Starting a blocking GC Explicit
08-06 17:44:17.559 11842 11854 I art     : Explicit concurrent mark sweep GC freed 168294(7MB) AllocSpace objects, 1(20KB) LOS objects, 27% free, 42MB/58MB, paused 651us total 49.200ms
08-06 17:44:17.575 11842 11854 I art     : Starting a blocking GC Explicit
08-06 17:44:17.607 11842 11854 I art     : Explicit concurrent mark sweep GC freed 32835(1534KB) AllocSpace objects, 0(0B) LOS objects, 27% free, 41MB/57MB, paused 572us total 31.742ms
08-06 17:44:17.621 11842 11854 I art     : Starting a blocking GC Explicit
08-06 17:44:17.655 11842 11854 I art     : Explicit concurrent mark sweep GC freed 25482(1198KB) AllocSpace objects, 0(0B) LOS objects, 27% free, 42MB/58MB, paused 590us total 33.724ms
08-06 17:44:17.669 11842 11854 I art     : Starting a blocking GC Explicit
08-06 17:44:17.702 11842 11854 I art     : Explicit concurrent mark sweep GC freed 25684(1216KB) AllocSpace objects, 0(0B) LOS objects, 27% free, 42MB/58MB, paused 666us total 33.623ms
08-06 17:44:17.716 11842 11854 I art     : Starting a blocking GC Explicit
08-06 17:44:17.751 11842 11854 I art     : Explicit concurrent mark sweep GC freed 26313(1259KB) AllocSpace objects, 0(0B) LOS objects, 27% free, 42MB/58MB, paused 686us total 34.045ms
08-06 17:44:18.040 11842 11854 I art     : Starting a blocking GC Explicit
08-06 17:44:18.094 11842 11854 I art     : Explicit concurrent mark sweep GC freed 175059(8MB) AllocSpace objects, 1(20KB) LOS objects, 26% free, 44MB/60MB, paused 732us total 53.971ms
08-06 17:44:18.110 11842 11854 I art     : Starting a blocking GC Explicit
08-06 17:44:18.149 11842 11854 I art     : Explicit concurrent mark sweep GC freed 36508(1717KB) AllocSpace objects, 0(0B) LOS objects, 26% free, 44MB/60MB, paused 836us total 38.704ms
08-06 17:44:18.165 11842 11854 I art     : Starting a blocking GC Explicit
08-06 17:44:18.205 11842 11854 I art     : Explicit concurrent mark sweep GC freed 30053(1412KB) AllocSpace objects, 0(0B) LOS objects, 26% free, 44MB/60MB, paused 750us total 40.300ms
08-06 17:44:18.221 11842 11854 I art     : Starting a blocking GC Explicit
08-06 17:44:18.261 11842 11854 I art     : Explicit concurrent mark sweep GC freed 29780(1393KB) AllocSpace objects, 0(0B) LOS objects, 26% free, 44MB/60MB, paused 780us total 40.220ms
08-06 17:44:18.277 11842 11854 I art     : Starting a blocking GC Explicit
08-06 17:44:18.317 11842 11854 I art     : Explicit concurrent mark sweep GC freed 27709(1313KB) AllocSpace objects, 0(0B) LOS objects, 26% free, 44MB/60MB, paused 803us total 40.265ms
08-06 17:44:18.367 26121 26151 I WorkerManager: dispose()
08-06 17:44:18.367 26121 26151 W ThreadPoolDumper: Queue length for executor EventBus is now 11. Perhaps some tasks are too long, or the pool is too small.
08-06 17:44:18.602 11842 11853 I art     : Starting a blocking GC Explicit
08-06 17:44:18.667 11842 11853 I art     : Explicit concurrent mark sweep GC freed 172195(7MB) AllocSpace objects, 1(20KB) LOS objects, 25% free, 46MB/62MB, paused 940us total 65.390ms
08-06 17:44:18.681   918   918 I ActivityManager: Start proc 12120:nappatfpr.com.newsblur/u0a704 for service nappatfpr.com.newsblur/.service.NBSyncService
08-06 17:44:18.686 11842 11853 I art     : Starting a blocking GC Explicit
08-06 17:44:18.686 12120 12120 I art     : Late-enabling -Xcheck:jni
08-06 17:44:18.698 12127 12127 I art     : Late-enabling -Xcheck:jni
08-06 17:44:18.701   918   918 I ActivityManager: Start proc 12127:nappagreedy.com.newsblur/u0a701 for service nappagreedy.com.newsblur/.service.NBSyncService
08-06 17:44:18.719  7541 12146 W Gcs.WfaEliRefreshTask: [29612] afk.b: NULL eligibility response.
08-06 17:44:18.721 24365  3719 I NetworkScheduler.Stats: Task com.google.android.apps.gcs/ started execution. cause:4 exec_start_elapsed_seconds: 1882462 [CONTEXT service_id=218 ]
08-06 17:44:18.722 24365  3719 I NetworkScheduler.Stats: Task com.google.android.apps.gcs/ finished executing. cause:4 result: 3 elapsed_millis: 10 uptime_millis: 10 exec_start_elapsed_seconds: 1882462 [CONTEXT service_id=218 ]
08-06 17:44:18.728 11842 11853 I art     : Explicit concurrent mark sweep GC freed 35265(1644KB) AllocSpace objects, 0(0B) LOS objects, 25% free, 46MB/62MB, paused 863us total 42.374ms
08-06 17:44:18.737 12127 12127 W System  : ClassLoader referenced unknown path: /data/app/nappagreedy.com.newsblur-1/lib/arm64
08-06 17:44:18.740 12120 12120 W System  : ClassLoader referenced unknown path: /data/app/nappatfpr.com.newsblur-1/lib/arm64
08-06 17:44:18.745 11842 11853 I art     : Starting a blocking GC Explicit
08-06 17:44:18.784 24365  3807 I NetworkScheduler.Stats: Task com.google.android.gms/com.google.android.gms.icing.service.IcingGcmTaskService started execution. cause:5 exec_start_elapsed_seconds: 1882462 [CONTEXT service_id=218 ]
08-06 17:44:18.787 11842 11853 I art     : Explicit concurrent mark sweep GC freed 24747(1157KB) AllocSpace objects, 0(0B) LOS objects, 25% free, 46MB/62MB, paused 840us total 42.014ms
08-06 17:44:18.789 24365  3719 I NetworkScheduler.Stats: Task com.google.android.gms/com.google.android.gms.icing.service.IcingGcmTaskService finished executing. cause:5 result: 1 elapsed_millis: 33 uptime_millis: 33 exec_start_elapsed_seconds: 1882462 [CONTEXT service_id=218 ]
08-06 17:44:18.803 11842 11853 I art     : Starting a blocking GC Explicit
08-06 17:44:18.847 11842 11853 I art     : Explicit concurrent mark sweep GC freed 29612(1383KB) AllocSpace objects, 0(0B) LOS objects, 25% free, 46MB/62MB, paused 893us total 44.152ms
08-06 17:44:18.864 11842 11853 I art     : Starting a blocking GC Explicit
08-06 17:44:18.912 11842 11853 I art     : Explicit concurrent mark sweep GC freed 34181(1589KB) AllocSpace objects, 0(0B) LOS objects, 25% free, 46MB/62MB, paused 927us total 47.419ms
08-06 17:44:19.199 11842 12055 I art     : Starting a blocking GC Explicit
08-06 17:44:19.273 11842 12055 I art     : Explicit concurrent mark sweep GC freed 182269(8MB) AllocSpace objects, 1(20KB) LOS objects, 24% free, 48MB/64MB, paused 1.047ms total 73.545ms
08-06 17:44:19.293 11842 12055 I art     : Starting a blocking GC Explicit
08-06 17:44:19.336 11842 12044 I Service : getCourses response time: 0.69
08-06 17:44:19.344 11842 12055 I art     : Explicit concurrent mark sweep GC freed 43052(2MB) AllocSpace objects, 0(0B) LOS objects, 24% free, 48MB/64MB, paused 529us total 50.832ms
08-06 17:44:19.351 11842 11842 I SettingsManager: Getting string: savedCourse
08-06 17:44:19.362 11842 12055 I art     : Starting a blocking GC Explicit
08-06 17:44:19.411 11842 12055 I art     : Explicit concurrent mark sweep GC freed 514(27KB) AllocSpace objects, 1(14MB) LOS objects, 32% free, 33MB/49MB, paused 294us total 48.671ms
08-06 17:44:19.429 11842 12055 I art     : Starting a blocking GC Explicit
08-06 17:44:19.474 11842 12055 I art     : Explicit concurrent mark sweep GC freed 352(12KB) AllocSpace objects, 0(0B) LOS objects, 32% free, 33MB/49MB, paused 317us total 44.800ms
08-06 17:44:19.493 11842 12055 I art     : Starting a blocking GC Explicit
08-06 17:44:19.538 11842 12055 I art     : Explicit concurrent mark sweep GC freed 38(1632B) AllocSpace objects, 0(0B) LOS objects, 32% free, 33MB/49MB, paused 233us total 45.099ms
08-06 17:44:19.860 11842 11854 I art     : Starting a blocking GC Explicit
08-06 17:44:19.924 11842 11854 I art     : Explicit concurrent mark sweep GC freed 1274(74KB) AllocSpace objects, 1(20KB) LOS objects, 32% free, 33MB/49MB, paused 278us total 64.205ms
08-06 17:44:19.950 11842 11854 I art     : Starting a blocking GC Explicit
08-06 17:44:20.006 11842 11854 I art     : Explicit concurrent mark sweep GC freed 18(624B) AllocSpace objects, 0(0B) LOS objects, 32% free, 33MB/49MB, paused 268us total 56.036ms
08-06 17:44:20.027 11842 11854 I art     : Starting a blocking GC Explicit
08-06 17:44:20.081 11842 11854 I art     : Explicit concurrent mark sweep GC freed 3(96B) AllocSpace objects, 0(0B) LOS objects, 32% free, 33MB/49MB, paused 260us total 53.420ms
08-06 17:44:20.101 11842 11854 I art     : Starting a blocking GC Explicit
08-06 17:44:20.158 11842 11854 I art     : Explicit concurrent mark sweep GC freed 3(96B) AllocSpace objects, 0(0B) LOS objects, 32% free, 33MB/49MB, paused 284us total 56.118ms
08-06 17:44:20.179 11842 11854 I art     : Starting a blocking GC Explicit
08-06 17:44:20.233 11842 11854 I art     : Explicit concurrent mark sweep GC freed 3(96B) AllocSpace objects, 0(0B) LOS objects, 32% free, 33MB/49MB, paused 261us total 53.642ms
08-06 17:44:20.557 11842 11853 I art     : Starting a blocking GC Explicit
08-06 17:44:20.616 11842 11853 I art     : Explicit concurrent mark sweep GC freed 1274(74KB) AllocSpace objects, 1(20KB) LOS objects, 32% free, 33MB/49MB, paused 261us total 59.250ms
08-06 17:44:20.637 11842 11853 I art     : Starting a blocking GC Explicit
08-06 17:44:20.694 11842 11853 I art     : Explicit concurrent mark sweep GC freed 18(624B) AllocSpace objects, 0(0B) LOS objects, 32% free, 33MB/49MB, paused 259us total 55.792ms
08-06 17:44:20.715 11842 11853 I art     : Starting a blocking GC Explicit
08-06 17:44:20.770 11842 11853 I art     : Explicit concurrent mark sweep GC freed 3(96B) AllocSpace objects, 0(0B) LOS objects, 32% free, 33MB/49MB, paused 267us total 55.403ms
08-06 17:44:20.792 11842 11853 I art     : Starting a blocking GC Explicit
08-06 17:44:20.846 11842 11853 I art     : Explicit concurrent mark sweep GC freed 3(96B) AllocSpace objects, 0(0B) LOS objects, 32% free, 33MB/49MB, paused 261us total 54.222ms
08-06 17:44:20.867 11842 11853 I art     : Starting a blocking GC Explicit
08-06 17:44:20.922 11842 11853 I art     : Explicit concurrent mark sweep GC freed 3(96B) AllocSpace objects, 0(0B) LOS objects, 32% free, 33MB/49MB, paused 251us total 54.527ms
08-06 17:44:21.252 11842 11854 I art     : Starting a blocking GC Explicit
08-06 17:44:21.320 11842 11854 I art     : Explicit concurrent mark sweep GC freed 1275(74KB) AllocSpace objects, 1(20KB) LOS objects, 32% free, 33MB/49MB, paused 282us total 67.785ms
08-06 17:44:21.342 11842 11854 I art     : Starting a blocking GC Explicit
08-06 17:44:21.396 11842 11854 I art     : Explicit concurrent mark sweep GC freed 20(704B) AllocSpace objects, 0(0B) LOS objects, 32% free, 33MB/49MB, paused 262us total 54.334ms
08-06 17:44:21.417 11842 11854 I art     : Starting a blocking GC Explicit
08-06 17:44:21.468 11842 11854 I art     : Explicit concurrent mark sweep GC freed 3(96B) AllocSpace objects, 0(0B) LOS objects, 32% free, 33MB/49MB, paused 255us total 50.008ms
08-06 17:44:21.489 11842 11854 I art     : Starting a blocking GC Explicit
08-06 17:44:21.542 11842 11854 I art     : Explicit concurrent mark sweep GC freed 3(96B) AllocSpace objects, 0(0B) LOS objects, 32% free, 33MB/49MB, paused 255us total 53.177ms
08-06 17:44:21.563 11842 11854 I art     : Starting a blocking GC Explicit
08-06 17:44:21.615 11842 11854 I art     : Explicit concurrent mark sweep GC freed 3(96B) AllocSpace objects, 0(0B) LOS objects, 32% free, 33MB/49MB, paused 269us total 51.833ms
08-06 17:44:21.951 11842 11853 I art     : Starting a blocking GC Explicit
08-06 17:44:22.010 11842 11853 I art     : Explicit concurrent mark sweep GC freed 1274(74KB) AllocSpace objects, 1(20KB) LOS objects, 32% free, 33MB/49MB, paused 250us total 58.873ms
08-06 17:44:22.030 11842 11853 I art     : Starting a blocking GC Explicit
08-06 17:44:22.076 11842 11853 I art     : Explicit concurrent mark sweep GC freed 18(624B) AllocSpace objects, 0(0B) LOS objects, 32% free, 33MB/49MB, paused 255us total 45.750ms
08-06 17:44:22.094 11842 11853 I art     : Starting a blocking GC Explicit
08-06 17:44:22.144 11842 11853 I art     : Explicit concurrent mark sweep GC freed 3(96B) AllocSpace objects, 0(0B) LOS objects, 32% free, 33MB/49MB, paused 260us total 49.001ms
08-06 17:44:22.164 11842 11853 I art     : Starting a blocking GC Explicit
08-06 17:44:22.217 11842 11853 I art     : Explicit concurrent mark sweep GC freed 3(96B) AllocSpace objects, 0(0B) LOS objects, 32% free, 33MB/49MB, paused 270us total 52.932ms
08-06 17:44:22.237 11842 11853 I art     : Starting a blocking GC Explicit
08-06 17:44:22.285 11842 11853 I art     : Explicit concurrent mark sweep GC freed 3(96B) AllocSpace objects, 0(0B) LOS objects, 32% free, 33MB/49MB, paused 254us total 46.989ms
08-06 17:44:22.531 12252 12252 D AndroidRuntime: >>>>>> START com.android.internal.os.RuntimeInit uid 2000 <<<<<<
08-06 17:44:22.538 12252 12252 D AndroidRuntime: CheckJNI is OFF
08-06 17:44:22.581 12252 12252 D ICU     : No timezone override file found: /data/misc/zoneinfo/current/icu/icu_tzdata.dat
08-06 17:44:22.585 11842 12055 I art     : Starting a blocking GC Explicit
08-06 17:44:22.613   918  3670 I ActivityManager: Killing 2619:com.google.android.videos/u0a72 (adj 15): empty #17
08-06 17:44:22.624 12252 12252 I Radio-JNI: register_android_hardware_Radio DONE
08-06 17:44:22.635 11842 12055 I art     : Explicit concurrent mark sweep GC freed 1274(74KB) AllocSpace objects, 1(20KB) LOS objects, 32% free, 33MB/49MB, paused 259us total 49.661ms
08-06 17:44:22.652 12252 12252 D AndroidRuntime: Calling main entry com.android.commands.input.Input
08-06 17:44:22.653 11842 12055 I art     : Starting a blocking GC Explicit
08-06 17:44:22.653 12252 12252 I Input   : injectMotionEvent: MotionEvent { action=ACTION_DOWN, actionButton=0, id[0]=0, x[0]=526.0, y[0]=704.0, toolType[0]=TOOL_TYPE_UNKNOWN, buttonState=0, metaState=0, flags=0x0, edgeFlags=0x0, pointerCount=1, historySize=0, eventTime=899079066, downTime=899079066, deviceId=0, source=0x1002 }
08-06 17:44:22.658 12252 12252 I Input   : injectMotionEvent: MotionEvent { action=ACTION_UP, actionButton=0, id[0]=0, x[0]=526.0, y[0]=704.0, toolType[0]=TOOL_TYPE_UNKNOWN, buttonState=0, metaState=0, flags=0x0, edgeFlags=0x0, pointerCount=1, historySize=0, eventTime=899079066, downTime=899079066, deviceId=0, source=0x1002 }
08-06 17:44:22.659 12252 12252 D AndroidRuntime: Shutting down VM
08-06 17:44:22.699 11842 12055 I art     : Explicit concurrent mark sweep GC freed 36(1184B) AllocSpace objects, 0(0B) LOS objects, 32% free, 33MB/49MB, paused 262us total 45.637ms
08-06 17:44:22.718 11842 12055 I art     : Starting a blocking GC Explicit
08-06 17:44:22.738   512  2967 D audio_hw_primary: out_set_parameters: enter: usecase(1: low-latency-playback) kvpairs: routing=2
08-06 17:44:22.751   512  2967 D audio_hw_primary: select_devices: out_snd_device(2: speaker) in_snd_device(0: none)
08-06 17:44:22.751   512  2967 D msm8974_platform: platform_send_audio_calibration: sending audio calibration for snd_device(2) acdb_id(15)
08-06 17:44:22.751   512  2967 I soundtrigger: audio_extn_sound_trigger_update_device_status: device 0x2 of type 0 for Event 1
08-06 17:44:22.761   512  2967 D audio_hw_primary: enable_snd_device: snd_device(2: speaker)
08-06 17:44:22.763   512  2967 D audio_hw_primary: enable_audio_route: apply and update mixer path: low-latency-playback speaker
08-06 17:44:22.766 11842 12055 I art     : Explicit concurrent mark sweep GC freed 584(46KB) AllocSpace objects, 1(20KB) LOS objects, 32% free, 33MB/49MB, paused 362us total 47.990ms
08-06 17:44:22.784 11842 12055 I art     : Starting a blocking GC Explicit
08-06 17:44:22.831 11842 12055 I art     : Explicit concurrent mark sweep GC freed 207(13KB) AllocSpace objects, 0(0B) LOS objects, 32% free, 33MB/49MB, paused 285us total 46.946ms
08-06 17:44:22.849 11842 12055 I art     : Starting a blocking GC Explicit
08-06 17:44:22.897 11842 12055 I art     : Explicit concurrent mark sweep GC freed 97(4KB) AllocSpace objects, 0(0B) LOS objects, 32% free, 33MB/49MB, paused 258us total 47.857ms
08-06 17:44:23.173 11842 11853 I art     : Starting a blocking GC Explicit
08-06 17:44:23.233 11842 11853 I art     : Explicit concurrent mark sweep GC freed 1281(75KB) AllocSpace objects, 1(20KB) LOS objects, 32% free, 33MB/49MB, paused 247us total 59.186ms
08-06 17:44:23.256 11842 11853 I art     : Starting a blocking GC Explicit
08-06 17:44:23.299   512  2967 D audio_hw_primary: disable_audio_route: reset and update mixer path: low-latency-playback speaker
08-06 17:44:23.301   512  2967 D audio_hw_primary: disable_snd_device: snd_device(2: speaker)
08-06 17:44:23.310   512  2967 I soundtrigger: audio_extn_sound_trigger_update_device_status: device 0x2 of type 0 for Event 0
08-06 17:44:23.314 11842 11853 I art     : Explicit concurrent mark sweep GC freed 26(896B) AllocSpace objects, 0(0B) LOS objects, 32% free, 33MB/49MB, paused 273us total 57.735ms
08-06 17:44:23.337 11842 11853 I art     : Starting a blocking GC Explicit
08-06 17:44:23.396 11842 11853 I art     : Explicit concurrent mark sweep GC freed 3(96B) AllocSpace objects, 0(0B) LOS objects, 32% free, 33MB/49MB, paused 274us total 58.301ms
08-06 17:44:23.419 11842 11853 I art     : Starting a blocking GC Explicit
08-06 17:44:23.478 11842 11853 I art     : Explicit concurrent mark sweep GC freed 5(160B) AllocSpace objects, 0(0B) LOS objects, 32% free, 33MB/49MB, paused 325us total 58.076ms
08-06 17:44:23.501 11842 11853 I art     : Starting a blocking GC Explicit
08-06 17:44:23.559 11842 11853 I art     : Explicit concurrent mark sweep GC freed 3(96B) AllocSpace objects, 0(0B) LOS objects, 32% free, 33MB/49MB, paused 272us total 58.375ms
08-06 17:44:23.855 11842 12055 I art     : Starting a blocking GC Explicit
08-06 17:44:23.915 11842 12055 I art     : Explicit concurrent mark sweep GC freed 1280(75KB) AllocSpace objects, 1(20KB) LOS objects, 32% free, 33MB/49MB, paused 276us total 59.806ms
08-06 17:44:23.936 11842 12055 I art     : Starting a blocking GC Explicit
08-06 17:44:23.982 11842 12055 I art     : Explicit concurrent mark sweep GC freed 20(688B) AllocSpace objects, 0(0B) LOS objects, 32% free, 33MB/49MB, paused 251us total 46.202ms
08-06 17:44:24.001 11842 12055 I art     : Starting a blocking GC Explicit
08-06 17:44:24.051 11842 12055 I art     : Explicit concurrent mark sweep GC freed 3(96B) AllocSpace objects, 0(0B) LOS objects, 32% free, 33MB/49MB, paused 245us total 49.363ms
08-06 17:44:24.070 11842 12055 I art     : Starting a blocking GC Explicit
08-06 17:44:24.120 11842 12055 I art     : Explicit concurrent mark sweep GC freed 3(96B) AllocSpace objects, 0(0B) LOS objects, 32% free, 33MB/49MB, paused 251us total 49.584ms
08-06 17:44:24.140 11842 12055 I art     : Starting a blocking GC Explicit
08-06 17:44:24.189 11842 12055 I art     : Explicit concurrent mark sweep GC freed 3(96B) AllocSpace objects, 0(0B) LOS objects, 32% free, 33MB/49MB, paused 254us total 49.041ms
08-06 17:44:24.434 12306 12306 D AndroidRuntime: >>>>>> START com.android.internal.os.RuntimeInit uid 2000 <<<<<<
08-06 17:44:24.440 12306 12306 D AndroidRuntime: CheckJNI is OFF
08-06 17:44:24.482 11842 11854 I art     : Starting a blocking GC Explicit
08-06 17:44:24.484 12306 12306 D ICU     : No timezone override file found: /data/misc/zoneinfo/current/icu/icu_tzdata.dat
08-06 17:44:24.531 12306 12306 I Radio-JNI: register_android_hardware_Radio DONE
08-06 17:44:24.545 11842 11854 I art     : Explicit concurrent mark sweep GC freed 1300(75KB) AllocSpace objects, 1(20KB) LOS objects, 32% free, 33MB/49MB, paused 298us total 63.259ms
08-06 17:44:24.562 12306 12306 D AndroidRuntime: Calling main entry com.android.commands.input.Input
08-06 17:44:24.565 12306 12306 I Input   : injectMotionEvent: MotionEvent { action=ACTION_DOWN, actionButton=0, id[0]=0, x[0]=1197.0, y[0]=1456.0, toolType[0]=TOOL_TYPE_UNKNOWN, buttonState=0, metaState=0, flags=0x0, edgeFlags=0x0, pointerCount=1, historySize=0, eventTime=899080978, downTime=899080978, deviceId=0, source=0x1002 }
08-06 17:44:24.569 11842 11854 I art     : Starting a blocking GC Explicit
08-06 17:44:24.573 12306 12306 I Input   : injectMotionEvent: MotionEvent { action=ACTION_UP, actionButton=0, id[0]=0, x[0]=1197.0, y[0]=1456.0, toolType[0]=TOOL_TYPE_UNKNOWN, buttonState=0, metaState=0, flags=0x0, edgeFlags=0x0, pointerCount=1, historySize=0, eventTime=899080978, downTime=899080978, deviceId=0, source=0x1002 }
08-06 17:44:24.577 12306 12306 D AndroidRuntime: Shutting down VM
08-06 17:44:24.591   512  2967 D audio_hw_primary: out_set_parameters: enter: usecase(1: low-latency-playback) kvpairs: routing=2
08-06 17:44:24.604   512  2967 D audio_hw_primary: select_devices: out_snd_device(2: speaker) in_snd_device(0: none)
08-06 17:44:24.604   512  2967 D msm8974_platform: platform_send_audio_calibration: sending audio calibration for snd_device(2) acdb_id(15)
08-06 17:44:24.605   512  2967 I soundtrigger: audio_extn_sound_trigger_update_device_status: device 0x2 of type 0 for Event 1
08-06 17:44:24.615   512  2967 D audio_hw_primary: enable_snd_device: snd_device(2: speaker)
08-06 17:44:24.617   512  2967 D audio_hw_primary: enable_audio_route: apply and update mixer path: low-latency-playback speaker
08-06 17:44:24.620 11842 11854 I art     : Explicit concurrent mark sweep GC freed 317(16KB) AllocSpace objects, 0(0B) LOS objects, 32% free, 33MB/49MB, paused 295us total 51.238ms
08-06 17:44:24.638 11842 11854 I art     : Starting a blocking GC Explicit
08-06 17:44:24.640   918  3261 D WifiStateMachine: starting scan for "H369AA63323"WPA_PSK with 2412,5180
08-06 17:44:24.656 11842 11858 D OpenGLRenderer: endAllStagingAnimators on 0x7f94aa7400 (RippleDrawable) with handle 0x7f816fb3c0
08-06 17:44:24.667 11842 11842 I SettingsManager: Setting string: savedCourse
08-06 17:44:24.672   918   929 W BackupManagerService: dataChanged but no participant pkg='baseline.com.ak.uobtimetable' uid=10710
08-06 17:44:24.673   918  5952 I ActivityManager: START u0 {flg=0x4000000 cmp=baseline.com.ak.uobtimetable/.MainActivity (has extras)} from uid 10710 on display 0
08-06 17:44:24.684   918  4400 W InputMethodManagerService: Focus gain on non-focused client com.android.internal.view.IInputMethodClient$Stub$Proxy@35599e7 (uid=10710 pid=11842)
08-06 17:44:24.687 11842 11854 I art     : Explicit concurrent mark sweep GC freed 2585(124KB) AllocSpace objects, 1(20KB) LOS objects, 32% free, 33MB/49MB, paused 582us total 48.264ms
08-06 17:44:24.693 11842 11842 D MainActivity: OnDestroy
08-06 17:44:24.706 11842 11854 I art     : Starting a blocking GC Explicit
08-06 17:44:24.721 11842 11842 D MainActivity: onCreate
08-06 17:44:24.721 11842 11842 I SettingsManager: Getting string: savedSessions
08-06 17:44:24.721 11842 11842 I Settings: No saved sessions
08-06 17:44:24.754 11842 11854 I art     : Explicit concurrent mark sweep GC freed 750(46KB) AllocSpace objects, 0(0B) LOS objects, 31% free, 34MB/50MB, paused 347us total 47.670ms
08-06 17:44:24.765 11842 11842 I SettingsManager: Getting string: savedCourse
08-06 17:44:24.766 11842 11842 D MainActivity: sessionListFragmentArg: updateSessions
08-06 17:44:24.766 11842 11842 D MainActivity: showTermDatesConfigChange: false
08-06 17:44:24.766 11842 11842 D MainActivity: showTermDatesShortcut: false
08-06 17:44:24.769 11842 11842 D MainActivity: Setting initial fragment: SessionListsFragment
08-06 17:44:24.772 11842 11842 I SettingsManager: Getting int: launchCount
08-06 17:44:24.775 11842 11854 I art     : Starting a blocking GC Explicit
08-06 17:44:24.780 11842 11842 D SessionListsFragment: onCreateView
08-06 17:44:24.805 11842 11842 I SettingsManager: Getting string: savedCourse
08-06 17:44:24.809 11842 11842 I SettingsManager: Getting string: savedSessions
08-06 17:44:24.810 11842 11842 D SessionListsFragment: loadArgument: updateSessions
08-06 17:44:24.810 11842 11842 D SessionListsFragment: initialIndex: -1
08-06 17:44:24.813 11842 12330 D HTTP    : Request for: https://uob-timetable-api.adriankeenan.co.uk/sessions?dept=BD002&course=CFIEFAAF%2F02AA%2F0%2FFT&level=ALL+Courses
08-06 17:44:24.815 11842 11842 I WebViewFactory: Loading com.google.android.webview version 84.0.4147.89 (code 414708953)
08-06 17:44:24.832 11842 11854 I art     : Explicit concurrent mark sweep GC freed 6703(407KB) AllocSpace objects, 4(1436KB) LOS objects, 32% free, 33MB/49MB, paused 720us total 57.305ms
08-06 17:44:24.904 11842 11842 I cr_LibraryLoader: Loaded native library version number "84.0.4147.89"
08-06 17:44:24.905 11842 11842 I cr_CachingUmaRecorder: Flushed 5 samples from 5 histograms.
08-06 17:44:24.943 11842 11842 E chromium: [ERROR:filesystem_posix.cc(62)] mkdir /data/user/0/baseline.com.ak.uobtimetable/cache/WebView/Crashpad: No such file or directory (2)
08-06 17:44:25.025 11842 12330 I NAPPA_EXPERIMENTATION: MetricNetworkRequestExecutionTime: REQUEST_DURATION_SYSTEM='211',REQUEST_DURATION_OKHTTP='35',REQUEST_SYNCHRONOUS='TRUE',RESPONSE_CODE='200',RESPONSE_METHOD='GET',RESPONSE_LENGTH_OKHTTP='-1',RESPONSE_LENGTH_HEADER='867',REQUEST_PROTOCOL='http/1.1',REQUEST_URL='https://uob-timetable-api.adriankeenan.co.uk/sessions?dept=BD002&course=CFIEFAAF%2F02AA%2F0%2FFT&level=ALL+Courses',
08-06 17:44:25.043   918  3961 D ConnectivityService: listenForNetwork for Listen from uid/pid:10710/11842 for NetworkRequest [ id=4127, legacyType=-1, [ Capabilities: INTERNET&NOT_RESTRICTED&TRUSTED] ]
08-06 17:44:25.060 11842 12330 I HTTP    : Response was compressed.
08-06 17:44:25.072 11842 12330 I Service : getSessions response time: 1.12
08-06 17:44:25.087 11842 12346 W cr_media: Requires BLUETOOTH permission
08-06 17:44:25.103 11842 12369 E libEGL  : validate_display:255 error 3008 (EGL_BAD_DISPLAY)
08-06 17:44:25.109 11842 11842 D TermDatesFragment: WebView loaded
08-06 17:44:25.109 11842 11842 D MainActivity: OnResume
08-06 17:44:25.133 11842 11853 I art     : Starting a blocking GC Explicit
08-06 17:44:25.138 11842 11842 I SettingsManager: Getting string: savedSessions
08-06 17:44:25.150 11842 11842 I SettingsManager: Setting string: savedSessions
08-06 17:44:25.159   918  5952 W BackupManagerService: dataChanged but no participant pkg='baseline.com.ak.uobtimetable' uid=10710
08-06 17:44:25.159   512  2967 D audio_hw_primary: disable_audio_route: reset and update mixer path: low-latency-playback speaker
08-06 17:44:25.159 11842 11842 I SettingsManager: Setting date: savedSessionsTime
08-06 17:44:25.160   512  2967 D audio_hw_primary: disable_snd_device: snd_device(2: speaker)
08-06 17:44:25.167   512  2967 I soundtrigger: audio_extn_sound_trigger_update_device_status: device 0x2 of type 0 for Event 0
08-06 17:44:25.167   918   928 W BackupManagerService: dataChanged but no participant pkg='baseline.com.ak.uobtimetable' uid=10710
08-06 17:44:25.168 11842 11842 I SettingsManager: Setting string: savedSessionsCourseName
08-06 17:44:25.176   918  6111 W BackupManagerService: dataChanged but no participant pkg='baseline.com.ak.uobtimetable' uid=10710
08-06 17:44:25.176 11842 11842 I SettingsManager: Setting string: savedSessionsDateRange
08-06 17:44:25.184   918  4413 W BackupManagerService: dataChanged but no participant pkg='baseline.com.ak.uobtimetable' uid=10710
08-06 17:44:25.184 11842 11842 I SettingsManager: Setting string: timetableUrl
08-06 17:44:25.190   918  6029 W BackupManagerService: dataChanged but no participant pkg='baseline.com.ak.uobtimetable' uid=10710
08-06 17:44:25.190 11842 11842 I SettingsManager: Getting boolean: notifySessionRemindersEnabled
08-06 17:44:25.190 11842 11842 I SettingsManager: Getting int: notifySessionRemindersMinutes
08-06 17:44:25.190 11842 11842 I SettingsManager: Getting boolean: showHiddenSessions
08-06 17:44:25.197 11842 11853 I art     : Explicit concurrent mark sweep GC freed 21739(1533KB) AllocSpace objects, 11(360KB) LOS objects, 31% free, 35MB/51MB, paused 758us total 63.675ms
08-06 17:44:25.216 11842 11853 I art     : Starting a blocking GC Explicit
08-06 17:44:25.235 11842 11842 I SessionReminderNotifier: Created session reminder alarm for f7b4771250a919bd729c1c5a4a459c77 at Mon 08:30:00 10/08/20
08-06 17:44:25.237 11842 11842 I SessionReminderNotifier: Created session reminder alarm for a7f879aabdeb78622c8820a5fb7b64cd at Tue 08:30:00 11/08/20
08-06 17:44:25.238 11842 11842 I SessionReminderNotifier: Created session reminder alarm for 7bc8d7e2c2055711f597c3d9078c6ea3 at Tue 08:30:00 11/08/20
08-06 17:44:25.240 11842 11842 I SessionReminderNotifier: Created session reminder alarm for e0fc978b5db8218778540b4053344581 at Tue 11:00:00 11/08/20
08-06 17:44:25.241 11842 11842 I SessionReminderNotifier: Created session reminder alarm for 21712fef61090882c855a1425543edb5 at Tue 13:30:00 11/08/20
08-06 17:44:25.243 11842 11842 I SessionReminderNotifier: Created session reminder alarm for 65ca4d97f031f29a4d02bbb45a705d8f at Wed 08:30:00 12/08/20
08-06 17:44:25.244 11842 11842 I SessionReminderNotifier: Created session reminder alarm for eeda7741b0bcab58fd9f46dc6ef1d942 at Wed 08:30:00 12/08/20
08-06 17:44:25.245 11842 11842 I SessionReminderNotifier: Created session reminder alarm for c276c1b2075a0beb67f1b3d1e580f920 at Wed 11:00:00 12/08/20
08-06 17:44:25.247 11842 11842 I SessionReminderNotifier: Created session reminder alarm for 79fe0b5c3b887a13ba29db5a33fa2800 at Thu 08:30:00 13/08/20
08-06 17:44:25.249 11842 11842 I SessionReminderNotifier: Created session reminder alarm for 2ba1034116e4fffdd592dbf0796a43d5 at Fri 08:30:00 07/08/20
08-06 17:44:25.249 11842 11842 I SettingsManager: Getting boolean: showHiddenSessions
08-06 17:44:25.250 11842 11842 D SessionListsFragment: 1 sessions for day 0
08-06 17:44:25.250 11842 11842 D SessionListsFragment: 4 sessions for day 1
08-06 17:44:25.250 11842 11842 D SessionListsFragment: 3 sessions for day 2
08-06 17:44:25.250 11842 11842 D SessionListsFragment: 1 sessions for day 3
08-06 17:44:25.250 11842 11842 D SessionListsFragment: 1 sessions for day 4
08-06 17:44:25.273 11842 11853 I art     : Explicit concurrent mark sweep GC freed 7123(467KB) AllocSpace objects, 4(112KB) LOS objects, 31% free, 35MB/51MB, paused 1.071ms total 56.326ms
08-06 17:44:25.276 11842 11842 I SettingsManager: Getting boolean: showHiddenSessions
08-06 17:44:25.277 11842 11842 D SessionListsFragment: Refreshed ViewPager
08-06 17:44:25.277 11842 11842 I SettingsManager: Getting boolean: showHiddenSessions
08-06 17:44:25.277 11842 11842 I SettingsManager: Getting boolean: completedTutorial
08-06 17:44:25.292 11842 11853 I art     : Starting a blocking GC Explicit
08-06 17:44:25.296 11842 11842 I SettingsManager: Getting boolean: showHiddenSessions
08-06 17:44:25.296 11842 11842 I SettingsManager: Getting date: savedSessionsTime
08-06 17:44:25.307 11842 11842 I TermDatesFragment: Webview load %: 10
08-06 17:44:25.351 11842 11853 I art     : Explicit concurrent mark sweep GC freed 2789(222KB) AllocSpace objects, 0(0B) LOS objects, 31% free, 35MB/51MB, paused 1.144ms total 58.391ms
08-06 17:44:25.370 11842 11853 I art     : Starting a blocking GC Explicit
08-06 17:44:25.430 11842 11853 I art     : Explicit concurrent mark sweep GC freed 27807(1195KB) AllocSpace objects, 0(0B) LOS objects, 30% free, 35MB/51MB, paused 1.062ms total 60.099ms
08-06 17:44:25.450 11842 11853 I art     : Starting a blocking GC Explicit
08-06 17:44:25.513 11842 11853 I art     : Explicit concurrent mark sweep GC freed 26676(1137KB) AllocSpace objects, 3(200KB) LOS objects, 30% free, 36MB/52MB, paused 1.204ms total 62.985ms
08-06 17:44:25.534   918   927 I art     : Background partial concurrent mark sweep GC freed 77483(6MB) AllocSpace objects, 84(1888KB) LOS objects, 18% free, 69MB/85MB, paused 1.888ms total 219.061ms
08-06 17:44:25.816 11842 11854 I art     : Starting a blocking GC Explicit
08-06 17:44:25.909 11842 11854 I art     : Explicit concurrent mark sweep GC freed 107585(4MB) AllocSpace objects, 1(20KB) LOS objects, 30% free, 36MB/52MB, paused 1.093ms total 92.424ms
08-06 17:44:25.931 11842 11854 I art     : Starting a blocking GC Explicit
08-06 17:44:25.999 11842 11854 I art     : Explicit concurrent mark sweep GC freed 30425(1349KB) AllocSpace objects, 0(0B) LOS objects, 30% free, 36MB/52MB, paused 901us total 67.725ms
08-06 17:44:26.019 11842 11854 I art     : Starting a blocking GC Explicit
08-06 17:44:26.046 11842 11842 I Choreographer: Skipped 43 frames!  The application may be doing too much work on its main thread.
08-06 17:44:26.071   518   646 I ThermalEngine: ACTION: GPU - Setting GPU[0] to 390000000
08-06 17:44:26.098 11842 11854 I art     : Explicit concurrent mark sweep GC freed 15548(657KB) AllocSpace objects, 0(0B) LOS objects, 30% free, 36MB/52MB, paused 1.329ms total 78.617ms
08-06 17:44:26.132 11842 11854 I art     : Starting a blocking GC Explicit
08-06 17:44:26.223 11842 11854 I art     : Explicit concurrent mark sweep GC freed 18550(751KB) AllocSpace objects, 0(0B) LOS objects, 30% free, 36MB/52MB, paused 806us total 90.567ms
08-06 17:44:26.248   918   936 I ActivityManager: Displayed baseline.com.ak.uobtimetable/.MainActivity: +1s559ms
08-06 17:44:26.261 11842 11854 I art     : Starting a blocking GC Explicit
08-06 17:44:26.313  9385  9385 I ServiceManager: Waiting for service AtCmdFwd...
08-06 17:44:26.368 11842 11854 I art     : Explicit concurrent mark sweep GC freed 30626(1242KB) AllocSpace objects, 0(0B) LOS objects, 30% free, 36MB/52MB, paused 1.352ms total 106.433ms
08-06 17:44:26.624 11842 11842 I TermDatesFragment: Webview load %: 70
08-06 17:44:26.651 11842 11842 I TermDatesFragment: Webview load %: 80
08-06 17:44:26.651 11842 11842 I TermDatesFragment: Webview load %: 100
08-06 17:44:26.651 11842 11842 I TermDatesFragment: Webview load %: 100
08-06 17:44:26.732 11842 12388 I art     : Starting a blocking GC Explicit
08-06 17:44:26.883 11842 12388 I art     : Explicit concurrent mark sweep GC freed 53109(2MB) AllocSpace objects, 1(20KB) LOS objects, 30% free, 37MB/53MB, paused 1.032ms total 150.455ms
08-06 17:44:26.922 11842 12388 I art     : Starting a blocking GC Explicit
08-06 17:44:27.001 11842 12388 I art     : Explicit concurrent mark sweep GC freed 123006(11MB) AllocSpace objects, 3(136KB) LOS objects, 38% free, 25MB/41MB, paused 1.223ms total 78.497ms
08-06 17:44:27.021 11842 12388 I art     : Starting a blocking GC Explicit
08-06 17:44:27.068 11842 12388 I art     : Explicit concurrent mark sweep GC freed 67(2224B) AllocSpace objects, 0(0B) LOS objects, 38% free, 25MB/41MB, paused 776us total 46.526ms
08-06 17:44:27.090 11842 12388 I art     : Starting a blocking GC Explicit
08-06 17:44:27.151 11842 12388 I art     : Explicit concurrent mark sweep GC freed 150(6KB) AllocSpace objects, 0(0B) LOS objects, 38% free, 25MB/41MB, paused 1.371ms total 59.611ms
08-06 17:44:27.179 11842 12388 I art     : Starting a blocking GC Explicit
08-06 17:44:27.239 11842 12388 I art     : Explicit concurrent mark sweep GC freed 99(4KB) AllocSpace objects, 0(0B) LOS objects, 38% free, 25MB/41MB, paused 770us total 59.548ms
08-06 17:44:27.313  9385  9385 I ServiceManager: Waiting for service AtCmdFwd...
08-06 17:44:27.464 12162 12162 I Finsky  : [1] xow.onStartJob(3): SCH: onJobSchedulerWakeup with jobId 9016
08-06 17:44:27.473 12162 12162 I Finsky  : [1] xjw.a(9): Scheduling fallback in 43199997 (absolute: 1925671345)
08-06 17:44:27.476 12162 12162 I Finsky  : [1] xjw.a(9): Scheduling fallback in 64799997 (absolute: 1947271348)
08-06 17:44:27.481 12162 12162 I Finsky  : [1] xow.onStartJob(3): SCH: onJobSchedulerWakeup with jobId 9007
08-06 17:44:27.485 12162 12162 I Finsky  : [1] xjw.a(9): Scheduling fallback in 43199996 (absolute: 1925671356)
08-06 17:44:27.488 12162 12162 I Finsky  : [1] xjw.a(9): Scheduling fallback in 64799997 (absolute: 1947271360)
08-06 17:44:27.492 12162 12162 W Finsky  : [1] xow.onStartJob(9): SCH: onJobSchedulerWakeup while already running
08-06 17:44:27.566 12162 12162 I Finsky  : [1] xkf.handleMessage(8): SCH: DeviceState: DeviceState{currentTime=1596728667561, isCharging=false, isIdle=false, netAny=true, netNotRoaming=true, netUnmetered=true, batteryPercent=100.0}
08-06 17:44:27.572 12162 11814 I Finsky  : [6969] xmu.a(8): SCH: Jobs in database: 1-1337 3-225 3-226 12-1 24-77777777 26-1414141414 
08-06 17:44:27.575 12162 12162 I Finsky  : [1] xkg.a(16): SCH: Running job: 12-1
08-06 17:44:27.577 12162 12162 I Finsky  : [1] ContentSyncJob.a(16): [ContentSync] job started
08-06 17:44:27.578 12162 12162 I Finsky  : [1] xkf.handleMessage(61): SCH: RunningQueue size: 1, PendingQueue size: 0
08-06 17:44:27.578 12162 12162 I Finsky  : [1] xkf.handleMessage(64): SCH: Running queue: 12-1 
08-06 17:44:27.597 11842 11853 I art     : Starting a blocking GC Explicit
08-06 17:44:27.649 11842 11853 I art     : Explicit concurrent mark sweep GC freed 1296(75KB) AllocSpace objects, 1(20KB) LOS objects, 38% free, 25MB/41MB, paused 2.716ms total 51.043ms
08-06 17:44:27.675 11842 11853 I art     : Starting a blocking GC Explicit
08-06 17:44:27.702 12162 11826 I Finsky  : [6975] dzn.a(22): Completed 0 account content syncs with 0 successful.
08-06 17:44:27.703 12162 12162 I Finsky  : [1] ContentSyncJob.a(1): [ContentSync] Installation state replication succeeded.
08-06 17:44:27.703 12162 12162 I Finsky  : [1] xlr.a(13): SCH: jobFinished: 12-1. TimeElapsed: 127ms.
08-06 17:44:27.704 12162 12162 I Finsky  : [1] xkg.a(36): SCH: Job 12-1 finished. Not rescheduling.
08-06 17:44:27.705 12162 12162 I Finsky  : [1] xkf.handleMessage(61): SCH: RunningQueue size: 0, PendingQueue size: 0
08-06 17:44:27.705 12162 12162 I Finsky  : [1] xkf.handleMessage(25): Executor finished
08-06 17:44:27.725 11842 11853 I art     : Explicit concurrent mark sweep GC freed 27(912B) AllocSpace objects, 0(0B) LOS objects, 38% free, 25MB/41MB, paused 622us total 49.154ms
08-06 17:44:27.728 12162 12162 I Finsky  : [1] xmu.a(8): SCH: Jobs in database: 1-1337 3-225 3-226 24-77777777 26-1414141414 
08-06 17:44:27.731 12162 12162 I Finsky  : [1] xio.a(57): SCH: ConstraintMapping: 24-77777777,  -> L: 0ms, D: 12343196ms, C: false, I: true, N: 0
08-06 17:44:27.732 12162 12162 I Finsky  : [1] xio.a(57): SCH: ConstraintMapping: 1-1337,  -> L: 15685181ms, D: 58885181ms, C: false, I: false, N: 1
08-06 17:44:27.732 12162 12162 I Finsky  : [1] xio.a(57): SCH: ConstraintMapping: 3-225,  -> L: 0ms, D: 55469125ms, C: false, I: true, N: 2
08-06 17:44:27.733 12162 12162 I Finsky  : [1] xio.a(57): SCH: ConstraintMapping: 3-226,  -> L: 0ms, D: 55469169ms, C: true, I: true, N: 2
08-06 17:44:27.733 12162 12162 I Finsky  : [1] xio.a(57): SCH: ConstraintMapping: 26-1414141414,  -> L: 20466569ms, D: 21366569ms, C: false, I: false, N: 0
08-06 17:44:27.747 11842 11853 I art     : Starting a blocking GC Explicit
08-06 17:44:27.751 12162 12162 I Finsky  : [1] xle.a(34): Cancelling existing jobscheduler jobs: 9001 9013 9011 9014 9019 9017 9012 9018 
08-06 17:44:27.752 12162 12162 I Finsky  : [1] xle.a(10): Throttling wakeup for job 9000 (expected to run in 0 ms) due to recent wakeup
08-06 17:44:27.753 12162 12162 I Finsky  : [1] xle.a(27): Scheduling job Id: 9000, L: 30000, D: 12343196, C: false, I: true, N: 0
08-06 17:44:27.755 12162 12162 I Finsky  : [1] xle.a(27): Scheduling job Id: 9002, L: 15685181, D: 58885181, C: false, I: false, N: 1
08-06 17:44:27.756 12162 12162 I Finsky  : [1] xle.a(10): Throttling wakeup for job 9003 (expected to run in 0 ms) due to recent wakeup
08-06 17:44:27.757 12162 12162 I Finsky  : [1] xle.a(27): Scheduling job Id: 9003, L: 30000, D: 55469125, C: false, I: true, N: 2
08-06 17:44:27.758 12162 12162 I Finsky  : [1] xle.a(10): Throttling wakeup for job 9004 (expected to run in 0 ms) due to recent wakeup
08-06 17:44:27.759 12162 12162 I Finsky  : [1] xle.a(27): Scheduling job Id: 9004, L: 30000, D: 55469169, C: true, I: true, N: 2
08-06 17:44:27.762 12162 12162 I Finsky  : [1] xle.a(27): Scheduling job Id: 9005, L: 20466569, D: 21366569, C: false, I: false, N: 0
08-06 17:44:27.765 12162 12162 I Finsky  : [1] xle.a(10): Throttling wakeup for job 9006 (expected to run in 0 ms) due to recent wakeup
08-06 17:44:27.765 12162 12162 I Finsky  : [1] xle.a(27): Scheduling job Id: 9006, L: 30000, D: 12343196, C: false, I: true, N: 0
08-06 17:44:27.767 12162 12162 I Finsky  : [1] xle.a(27): Scheduling job Id: 9007, L: 15685181, D: 58885181, C: false, I: false, N: 1
08-06 17:44:27.769 12162 12162 I Finsky  : [1] xle.a(10): Throttling wakeup for job 9008 (expected to run in 0 ms) due to recent wakeup
08-06 17:44:27.770 12162 12162 I Finsky  : [1] xle.a(27): Scheduling job Id: 9008, L: 30000, D: 55469125, C: false, I: true, N: 2
08-06 17:44:27.771 12162 12162 I Finsky  : [1] xle.a(10): Throttling wakeup for job 9009 (expected to run in 0 ms) due to recent wakeup
08-06 17:44:27.772 12162 12162 I Finsky  : [1] xle.a(27): Scheduling job Id: 9009, L: 30000, D: 55469169, C: true, I: true, N: 2
08-06 17:44:27.773 12162 12162 I Finsky  : [1] xle.a(27): Scheduling job Id: 9010, L: 20466569, D: 21366569, C: false, I: false, N: 0
08-06 17:44:27.793 11842 11853 I art     : Explicit concurrent mark sweep GC freed 12(384B) AllocSpace objects, 0(0B) LOS objects, 38% free, 25MB/41MB, paused 713us total 45.672ms
08-06 17:44:27.815 11842 11853 I art     : Starting a blocking GC Explicit
08-06 17:44:27.873 11842 11853 I art     : Explicit concurrent mark sweep GC freed 11(352B) AllocSpace objects, 0(0B) LOS objects, 38% free, 25MB/41MB, paused 694us total 57.323ms
08-06 17:44:27.903 11842 11853 I art     : Starting a blocking GC Explicit
08-06 17:44:27.956 11842 11853 I art     : Explicit concurrent mark sweep GC freed 5(192B) AllocSpace objects, 0(0B) LOS objects, 38% free, 25MB/41MB, paused 540us total 52.707ms
08-06 17:44:28.301 11842 12055 I art     : Starting a blocking GC Explicit
08-06 17:44:28.314  9385  9385 I ServiceManager: Waiting for service AtCmdFwd...
08-06 17:44:28.363 11842 12055 I art     : Explicit concurrent mark sweep GC freed 1293(75KB) AllocSpace objects, 1(20KB) LOS objects, 38% free, 25MB/41MB, paused 601us total 62.188ms
08-06 17:44:28.391 11842 12055 I art     : Starting a blocking GC Explicit
08-06 17:44:28.442 11842 12055 I art     : Explicit concurrent mark sweep GC freed 18(624B) AllocSpace objects, 0(0B) LOS objects, 38% free, 25MB/41MB, paused 554us total 50.288ms
08-06 17:44:28.465 11842 12055 I art     : Starting a blocking GC Explicit
08-06 17:44:28.516 11842 12055 I art     : Explicit concurrent mark sweep GC freed 3(96B) AllocSpace objects, 0(0B) LOS objects, 38% free, 25MB/41MB, paused 746us total 50.357ms
08-06 17:44:28.540 11842 12055 I art     : Starting a blocking GC Explicit
08-06 17:44:28.593 11842 12055 I art     : Explicit concurrent mark sweep GC freed 3(96B) AllocSpace objects, 0(0B) LOS objects, 38% free, 25MB/41MB, paused 827us total 53.215ms
08-06 17:44:28.622 11842 12055 I art     : Starting a blocking GC Explicit
08-06 17:44:28.672 11842 12055 I art     : Explicit concurrent mark sweep GC freed 3(96B) AllocSpace objects, 0(0B) LOS objects, 38% free, 25MB/41MB, paused 528us total 50.254ms
08-06 17:44:29.024 11842 11854 I art     : Starting a blocking GC Explicit
08-06 17:44:29.081 11842 11854 I art     : Explicit concurrent mark sweep GC freed 1293(75KB) AllocSpace objects, 1(20KB) LOS objects, 38% free, 25MB/41MB, paused 1.063ms total 55.898ms
08-06 17:44:29.105 11842 11854 I art     : Starting a blocking GC Explicit
08-06 17:44:29.153 11842 11854 I art     : Explicit concurrent mark sweep GC freed 18(624B) AllocSpace objects, 0(0B) LOS objects, 38% free, 25MB/41MB, paused 576us total 48.126ms
08-06 17:44:29.176 11842 11854 I art     : Starting a blocking GC Explicit
08-06 17:44:29.225 11842 11854 I art     : Explicit concurrent mark sweep GC freed 3(96B) AllocSpace objects, 0(0B) LOS objects, 38% free, 25MB/41MB, paused 661us total 48.496ms
08-06 17:44:29.247 11842 11854 I art     : Starting a blocking GC Explicit
08-06 17:44:29.296 11842 11854 I art     : Explicit concurrent mark sweep GC freed 3(96B) AllocSpace objects, 0(0B) LOS objects, 38% free, 25MB/41MB, paused 746us total 48.147ms
08-06 17:44:29.315  9385  9385 I ServiceManager: Waiting for service AtCmdFwd...
08-06 17:44:29.319 11842 11854 I art     : Starting a blocking GC Explicit
08-06 17:44:29.367 11842 11854 I art     : Explicit concurrent mark sweep GC freed 3(96B) AllocSpace objects, 0(0B) LOS objects, 38% free, 25MB/41MB, paused 604us total 47.599ms
08-06 17:44:29.490 12422 12422 D AndroidRuntime: >>>>>> START com.android.internal.os.RuntimeInit uid 2000 <<<<<<
08-06 17:44:29.499 12422 12422 D AndroidRuntime: CheckJNI is OFF
08-06 17:44:29.575 12422 12422 D ICU     : No timezone override file found: /data/misc/zoneinfo/current/icu/icu_tzdata.dat
08-06 17:44:29.622 12422 12422 I Radio-JNI: register_android_hardware_Radio DONE
08-06 17:44:29.667 12422 12422 D AndroidRuntime: Calling main entry com.android.commands.input.Input
08-06 17:44:29.671 12422 12422 I Input   : injectMotionEvent: MotionEvent { action=ACTION_DOWN, actionButton=0, id[0]=0, x[0]=1215.0, y[0]=1450.0, toolType[0]=TOOL_TYPE_UNKNOWN, buttonState=0, metaState=0, flags=0x0, edgeFlags=0x0, pointerCount=1, historySize=0, eventTime=899086082, downTime=899086082, deviceId=0, source=0x1002 }
08-06 17:44:29.682 12422 12422 I Input   : injectMotionEvent: MotionEvent { action=ACTION_UP, actionButton=0, id[0]=0, x[0]=1215.0, y[0]=1450.0, toolType[0]=TOOL_TYPE_UNKNOWN, buttonState=0, metaState=0, flags=0x0, edgeFlags=0x0, pointerCount=1, historySize=0, eventTime=899086082, downTime=899086082, deviceId=0, source=0x1002 }
08-06 17:44:29.688 12422 12422 D AndroidRuntime: Shutting down VM
08-06 17:44:29.689   512  2967 D audio_hw_primary: out_set_parameters: enter: usecase(1: low-latency-playback) kvpairs: routing=2
08-06 17:44:29.702   512  2967 D audio_hw_primary: select_devices: out_snd_device(2: speaker) in_snd_device(0: none)
08-06 17:44:29.702   512  2967 D msm8974_platform: platform_send_audio_calibration: sending audio calibration for snd_device(2) acdb_id(15)
08-06 17:44:29.703   512  2967 I soundtrigger: audio_extn_sound_trigger_update_device_status: device 0x2 of type 0 for Event 1
08-06 17:44:29.715   512  2967 D audio_hw_primary: enable_snd_device: snd_device(2: speaker)
08-06 17:44:29.718   512  2967 D audio_hw_primary: enable_audio_route: apply and update mixer path: low-latency-playback speaker
08-06 17:44:29.730 11842 11853 I art     : Starting a blocking GC Explicit
08-06 17:44:29.783 11842 11853 I art     : Explicit concurrent mark sweep GC freed 1607(106KB) AllocSpace objects, 1(20KB) LOS objects, 38% free, 25MB/41MB, paused 1.169ms total 52.576ms
08-06 17:44:29.806 11842 11853 I art     : Starting a blocking GC Explicit
08-06 17:44:29.862 11842 11853 I art     : Explicit concurrent mark sweep GC freed 363(20KB) AllocSpace objects, 0(0B) LOS objects, 38% free, 25MB/41MB, paused 951us total 55.256ms
08-06 17:44:29.889 11842 11853 I art     : Starting a blocking GC Explicit
08-06 17:44:29.939 11842 11853 I art     : Explicit concurrent mark sweep GC freed 885(62KB) AllocSpace objects, 1(40KB) LOS objects, 38% free, 25MB/41MB, paused 663us total 49.925ms
08-06 17:44:29.963 11842 11853 I art     : Starting a blocking GC Explicit
08-06 17:44:30.011 11842 11853 I art     : Explicit concurrent mark sweep GC freed 149(10KB) AllocSpace objects, 0(0B) LOS objects, 38% free, 25MB/41MB, paused 651us total 47.432ms
08-06 17:44:30.031 11842 11853 I art     : Starting a blocking GC Explicit
08-06 17:44:30.075 11842 11853 I art     : Explicit concurrent mark sweep GC freed 3(96B) AllocSpace objects, 0(0B) LOS objects, 38% free, 25MB/41MB, paused 560us total 43.820ms
08-06 17:44:30.260   512  2967 D audio_hw_primary: disable_audio_route: reset and update mixer path: low-latency-playback speaker
08-06 17:44:30.262   512  2967 D audio_hw_primary: disable_snd_device: snd_device(2: speaker)
08-06 17:44:30.270   512  2967 I soundtrigger: audio_extn_sound_trigger_update_device_status: device 0x2 of type 0 for Event 0
08-06 17:44:30.315  9385  9385 I ServiceManager: Waiting for service AtCmdFwd...
08-06 17:44:30.421 11842 12388 I art     : Starting a blocking GC Explicit
08-06 17:44:30.495 11842 12388 I art     : Explicit concurrent mark sweep GC freed 1293(75KB) AllocSpace objects, 1(20KB) LOS objects, 38% free, 25MB/41MB, paused 723us total 73.065ms
08-06 17:44:30.524 11842 12388 I art     : Starting a blocking GC Explicit
08-06 17:44:30.574 11842 12388 I art     : Explicit concurrent mark sweep GC freed 20(704B) AllocSpace objects, 0(0B) LOS objects, 38% free, 25MB/41MB, paused 715us total 49.695ms
08-06 17:44:30.599 11842 12388 I art     : Starting a blocking GC Explicit
08-06 17:44:30.649 11842 12388 I art     : Explicit concurrent mark sweep GC freed 3(96B) AllocSpace objects, 0(0B) LOS objects, 38% free, 25MB/41MB, paused 635us total 49.808ms
08-06 17:44:30.673 11842 12388 I art     : Starting a blocking GC Explicit
08-06 17:44:30.722 11842 12388 I art     : Explicit concurrent mark sweep GC freed 3(96B) AllocSpace objects, 0(0B) LOS objects, 38% free, 25MB/41MB, paused 556us total 49.406ms
08-06 17:44:30.746 11842 12388 I art     : Starting a blocking GC Explicit
08-06 17:44:30.796 11842 12388 I art     : Explicit concurrent mark sweep GC freed 3(96B) AllocSpace objects, 0(0B) LOS objects, 38% free, 25MB/41MB, paused 523us total 49.525ms
08-06 17:44:31.120 11842 12055 I art     : Starting a blocking GC Explicit
08-06 17:44:31.175 11842 12055 I art     : Explicit concurrent mark sweep GC freed 1293(75KB) AllocSpace objects, 1(20KB) LOS objects, 38% free, 25MB/41MB, paused 607us total 54.467ms
08-06 17:44:31.198 11842 12055 I art     : Starting a blocking GC Explicit
08-06 17:44:31.246 11842 12055 I art     : Explicit concurrent mark sweep GC freed 18(624B) AllocSpace objects, 0(0B) LOS objects, 38% free, 25MB/41MB, paused 630us total 47.374ms
08-06 17:44:31.268 11842 12055 I art     : Starting a blocking GC Explicit
08-06 17:44:31.315 11842 12055 I art     : Explicit concurrent mark sweep GC freed 3(96B) AllocSpace objects, 0(0B) LOS objects, 38% free, 25MB/41MB, paused 592us total 46.697ms
08-06 17:44:31.316  9385  9385 W Atfwd_Sendcmd: AtCmdFwd service not published, waiting... retryCnt : 3
08-06 17:44:31.338 11842 12055 I art     : Starting a blocking GC Explicit
08-06 17:44:31.400 11842 12055 I art     : Explicit concurrent mark sweep GC freed 9(288B) AllocSpace objects, 0(0B) LOS objects, 38% free, 25MB/41MB, paused 1.085ms total 61.533ms
08-06 17:44:31.429 11842 12055 I art     : Starting a blocking GC Explicit
08-06 17:44:31.488 11842 12055 I art     : Explicit concurrent mark sweep GC freed 13(416B) AllocSpace objects, 0(0B) LOS objects, 38% free, 25MB/41MB, paused 1.045ms total 58.521ms
08-06 17:44:31.617 12474 12474 D AndroidRuntime: >>>>>> START com.android.internal.os.RuntimeInit uid 2000 <<<<<<
08-06 17:44:31.626 12474 12474 D AndroidRuntime: CheckJNI is OFF
08-06 17:44:31.688 12474 12474 D ICU     : No timezone override file found: /data/misc/zoneinfo/current/icu/icu_tzdata.dat
08-06 17:44:31.734 12474 12474 I Radio-JNI: register_android_hardware_Radio DONE
08-06 17:44:31.767 12474 12474 D AndroidRuntime: Calling main entry com.android.commands.input.Input
08-06 17:44:31.770 12474 12474 I Input   : injectMotionEvent: MotionEvent { action=ACTION_DOWN, actionButton=0, id[0]=0, x[0]=1215.0, y[0]=1482.0, toolType[0]=TOOL_TYPE_UNKNOWN, buttonState=0, metaState=0, flags=0x0, edgeFlags=0x0, pointerCount=1, historySize=0, eventTime=899088182, downTime=899088182, deviceId=0, source=0x1002 }
08-06 17:44:31.775 12474 12474 I Input   : injectMotionEvent: MotionEvent { action=ACTION_UP, actionButton=0, id[0]=0, x[0]=1215.0, y[0]=1482.0, toolType[0]=TOOL_TYPE_UNKNOWN, buttonState=0, metaState=0, flags=0x0, edgeFlags=0x0, pointerCount=1, historySize=0, eventTime=899088182, downTime=899088182, deviceId=0, source=0x1002 }
08-06 17:44:31.776 12474 12474 D AndroidRuntime: Shutting down VM
08-06 17:44:31.781 11842 11842 I SettingsManager: Setting boolean: completedTutorial
08-06 17:44:31.783   512  2967 D audio_hw_primary: out_set_parameters: enter: usecase(1: low-latency-playback) kvpairs: routing=2
08-06 17:44:31.793   918  6112 W BackupManagerService: dataChanged but no participant pkg='baseline.com.ak.uobtimetable' uid=10710
08-06 17:44:31.796   512  2967 D audio_hw_primary: select_devices: out_snd_device(2: speaker) in_snd_device(0: none)
08-06 17:44:31.796   512  2967 D msm8974_platform: platform_send_audio_calibration: sending audio calibration for snd_device(2) acdb_id(15)
08-06 17:44:31.797   512  2967 I soundtrigger: audio_extn_sound_trigger_update_device_status: device 0x2 of type 0 for Event 1
08-06 17:44:31.814   512  2967 D audio_hw_primary: enable_snd_device: snd_device(2: speaker)
08-06 17:44:31.815 13866 13866 I GoogleInputMethodServic: GoogleInputMethodService.onFinishInput():3138 
08-06 17:44:31.816 13866 13866 I GoogleInputMethodServic: GoogleInputMethodService.onStartInput():1808 
08-06 17:44:31.817   512  2967 D audio_hw_primary: enable_audio_route: apply and update mixer path: low-latency-playback speaker
08-06 17:44:31.838 11842 12389 I art     : Starting a blocking GC Explicit
08-06 17:44:31.888 11842 12389 I art     : Explicit concurrent mark sweep GC freed 1496(96KB) AllocSpace objects, 2(40KB) LOS objects, 38% free, 25MB/41MB, paused 627us total 50.501ms
08-06 17:44:31.913 11842 12389 I art     : Starting a blocking GC Explicit
08-06 17:44:31.972 11842 12389 I art     : Explicit concurrent mark sweep GC freed 1009(69KB) AllocSpace objects, 1(40KB) LOS objects, 38% free, 25MB/41MB, paused 1.140ms total 57.742ms
08-06 17:44:32.004 11842 12389 I art     : Starting a blocking GC Explicit
08-06 17:44:32.054 11842 12389 I art     : Explicit concurrent mark sweep GC freed 3(96B) AllocSpace objects, 0(0B) LOS objects, 38% free, 25MB/41MB, paused 580us total 49.387ms
08-06 17:44:32.075 11842 12389 I art     : Starting a blocking GC Explicit
08-06 17:44:32.122 11842 12389 I art     : Explicit concurrent mark sweep GC freed 3(96B) AllocSpace objects, 0(0B) LOS objects, 38% free, 25MB/41MB, paused 772us total 47.056ms
08-06 17:44:32.146 11842 12389 I art     : Starting a blocking GC Explicit
08-06 17:44:32.194 11842 12389 I art     : Explicit concurrent mark sweep GC freed 3(96B) AllocSpace objects, 0(0B) LOS objects, 38% free, 25MB/41MB, paused 770us total 48.148ms
08-06 17:44:32.369   512  2967 D audio_hw_primary: disable_audio_route: reset and update mixer path: low-latency-playback speaker
08-06 17:44:32.370   512  2967 D audio_hw_primary: disable_snd_device: snd_device(2: speaker)
08-06 17:44:32.379   512  2967 I soundtrigger: audio_extn_sound_trigger_update_device_status: device 0x2 of type 0 for Event 0
08-06 17:44:32.540 11842 11854 I art     : Starting a blocking GC Explicit
08-06 17:44:32.606 11842 11854 I art     : Explicit concurrent mark sweep GC freed 1294(75KB) AllocSpace objects, 1(20KB) LOS objects, 38% free, 25MB/41MB, paused 611us total 65.686ms
08-06 17:44:32.630 11842 11854 I art     : Starting a blocking GC Explicit
08-06 17:44:32.680 11842 11854 I art     : Explicit concurrent mark sweep GC freed 18(624B) AllocSpace objects, 0(0B) LOS objects, 38% free, 25MB/41MB, paused 550us total 49.421ms
08-06 17:44:32.703 11842 11854 I art     : Starting a blocking GC Explicit
08-06 17:44:32.754 11842 11854 I art     : Explicit concurrent mark sweep GC freed 3(96B) AllocSpace objects, 0(0B) LOS objects, 38% free, 25MB/41MB, paused 634us total 50.415ms
08-06 17:44:32.783 11842 11854 I art     : Starting a blocking GC Explicit
08-06 17:44:32.832 11842 11854 I art     : Explicit concurrent mark sweep GC freed 3(96B) AllocSpace objects, 0(0B) LOS objects, 38% free, 25MB/41MB, paused 559us total 49.456ms
08-06 17:44:32.856 11842 11854 I art     : Starting a blocking GC Explicit
08-06 17:44:32.905 11842 11854 I art     : Explicit concurrent mark sweep GC freed 3(96B) AllocSpace objects, 0(0B) LOS objects, 38% free, 25MB/41MB, paused 644us total 49.307ms
08-06 17:44:33.081   518   646 I ThermalEngine: ACTION: GPU - Setting GPU[0] to 450000000
08-06 17:44:33.207 11842 11853 I art     : Starting a blocking GC Explicit
08-06 17:44:33.253 11842 11853 I art     : Explicit concurrent mark sweep GC freed 1293(75KB) AllocSpace objects, 1(20KB) LOS objects, 38% free, 25MB/41MB, paused 401us total 45.960ms
08-06 17:44:33.268 11842 11853 I art     : Starting a blocking GC Explicit
08-06 17:44:33.306 11842 11853 I art     : Explicit concurrent mark sweep GC freed 18(624B) AllocSpace objects, 0(0B) LOS objects, 38% free, 25MB/41MB, paused 418us total 37.611ms
08-06 17:44:33.321 11842 11853 I art     : Starting a blocking GC Explicit
08-06 17:44:33.360 11842 11853 I art     : Explicit concurrent mark sweep GC freed 3(96B) AllocSpace objects, 0(0B) LOS objects, 38% free, 25MB/41MB, paused 435us total 38.584ms
08-06 17:44:33.375 11842 11853 I art     : Starting a blocking GC Explicit
08-06 17:44:33.417 11842 11853 I art     : Explicit concurrent mark sweep GC freed 3(96B) AllocSpace objects, 0(0B) LOS objects, 38% free, 25MB/41MB, paused 386us total 41.637ms
08-06 17:44:33.432 11842 11853 I art     : Starting a blocking GC Explicit
08-06 17:44:33.475 11842 11853 I art     : Explicit concurrent mark sweep GC freed 3(96B) AllocSpace objects, 0(0B) LOS objects, 38% free, 25MB/41MB, paused 422us total 42.482ms
08-06 17:44:33.590 12517 12517 D AndroidRuntime: >>>>>> START com.android.internal.os.RuntimeInit uid 2000 <<<<<<
08-06 17:44:33.598 12517 12517 D AndroidRuntime: CheckJNI is OFF
08-06 17:44:33.642 12517 12517 D ICU     : No timezone override file found: /data/misc/zoneinfo/current/icu/icu_tzdata.dat
08-06 17:44:33.684 12517 12517 I Radio-JNI: register_android_hardware_Radio DONE
08-06 17:44:33.713 12517 12517 D AndroidRuntime: Calling main entry com.android.commands.input.Input
08-06 17:44:33.715 12517 12517 I Input   : injectMotionEvent: MotionEvent { action=ACTION_DOWN, actionButton=0, id[0]=0, x[0]=81.0, y[0]=176.0, toolType[0]=TOOL_TYPE_UNKNOWN, buttonState=0, metaState=0, flags=0x0, edgeFlags=0x0, pointerCount=1, historySize=0, eventTime=899090127, downTime=899090127, deviceId=0, source=0x1002 }
08-06 17:44:33.720 12517 12517 I Input   : injectMotionEvent: MotionEvent { action=ACTION_UP, actionButton=0, id[0]=0, x[0]=81.0, y[0]=176.0, toolType[0]=TOOL_TYPE_UNKNOWN, buttonState=0, metaState=0, flags=0x0, edgeFlags=0x0, pointerCount=1, historySize=0, eventTime=899090127, downTime=899090127, deviceId=0, source=0x1002 }
08-06 17:44:33.722 12517 12517 D AndroidRuntime: Shutting down VM
08-06 17:44:33.732   512  2967 D audio_hw_primary: out_set_parameters: enter: usecase(1: low-latency-playback) kvpairs: routing=2
08-06 17:44:33.745   512  2967 D audio_hw_primary: select_devices: out_snd_device(2: speaker) in_snd_device(0: none)
08-06 17:44:33.745   512  2967 D msm8974_platform: platform_send_audio_calibration: sending audio calibration for snd_device(2) acdb_id(15)
08-06 17:44:33.745   512  2967 I soundtrigger: audio_extn_sound_trigger_update_device_status: device 0x2 of type 0 for Event 1
08-06 17:44:33.758   512  2967 D audio_hw_primary: enable_snd_device: snd_device(2: speaker)
08-06 17:44:33.760   512  2967 D audio_hw_primary: enable_audio_route: apply and update mixer path: low-latency-playback speaker
08-06 17:44:33.790 11842 12055 I art     : Starting a blocking GC Explicit
08-06 17:44:33.830 11842 12055 I art     : Explicit concurrent mark sweep GC freed 1707(96KB) AllocSpace objects, 1(20KB) LOS objects, 38% free, 25MB/41MB, paused 397us total 39.474ms
08-06 17:44:33.845 11842 12055 I art     : Starting a blocking GC Explicit
08-06 17:44:33.882 11842 12055 I art     : Explicit concurrent mark sweep GC freed 24(992B) AllocSpace objects, 0(0B) LOS objects, 38% free, 25MB/41MB, paused 415us total 37.050ms
08-06 17:44:33.896 11842 12055 I art     : Starting a blocking GC Explicit
08-06 17:44:33.934 11842 12055 I art     : Explicit concurrent mark sweep GC freed 3(96B) AllocSpace objects, 0(0B) LOS objects, 38% free, 25MB/41MB, paused 414us total 38.154ms
08-06 17:44:33.950 11842 12055 I art     : Starting a blocking GC Explicit
08-06 17:44:33.985 11842 12055 I art     : Explicit concurrent mark sweep GC freed 3(96B) AllocSpace objects, 0(0B) LOS objects, 38% free, 25MB/41MB, paused 369us total 35.395ms
08-06 17:44:34.000 11842 12055 I art     : Starting a blocking GC Explicit
08-06 17:44:34.038 11842 12055 I art     : Explicit concurrent mark sweep GC freed 11(352B) AllocSpace objects, 0(0B) LOS objects, 38% free, 25MB/41MB, paused 392us total 38.047ms
08-06 17:44:34.299   512  2967 D audio_hw_primary: disable_audio_route: reset and update mixer path: low-latency-playback speaker
08-06 17:44:34.300   512  2967 D audio_hw_primary: disable_snd_device: snd_device(2: speaker)
08-06 17:44:34.308   512  2967 I soundtrigger: audio_extn_sound_trigger_update_device_status: device 0x2 of type 0 for Event 0
08-06 17:44:34.345 11842 12388 I art     : Starting a blocking GC Explicit
08-06 17:44:34.385 11842 12388 I art     : Explicit concurrent mark sweep GC freed 1296(75KB) AllocSpace objects, 1(20KB) LOS objects, 38% free, 25MB/41MB, paused 386us total 40.015ms
08-06 17:44:34.401 11842 12388 I art     : Starting a blocking GC Explicit
08-06 17:44:34.440 11842 12388 I art     : Explicit concurrent mark sweep GC freed 20(688B) AllocSpace objects, 0(0B) LOS objects, 38% free, 25MB/41MB, paused 401us total 39.047ms
08-06 17:44:34.455 11842 12388 I art     : Starting a blocking GC Explicit
08-06 17:44:34.495 11842 12388 I art     : Explicit concurrent mark sweep GC freed 5(160B) AllocSpace objects, 0(0B) LOS objects, 38% free, 25MB/41MB, paused 411us total 39.348ms
08-06 17:44:34.510 11842 12388 I art     : Starting a blocking GC Explicit
08-06 17:44:34.550 11842 12388 I art     : Explicit concurrent mark sweep GC freed 3(96B) AllocSpace objects, 0(0B) LOS objects, 38% free, 25MB/41MB, paused 404us total 39.701ms
08-06 17:44:34.565 11842 12388 I art     : Starting a blocking GC Explicit
08-06 17:44:34.606 11842 12388 I art     : Explicit concurrent mark sweep GC freed 3(96B) AllocSpace objects, 0(0B) LOS objects, 38% free, 25MB/41MB, paused 413us total 40.398ms
08-06 17:44:34.934 11842 12055 I art     : Starting a blocking GC Explicit
08-06 17:44:34.983 11842 12055 I art     : Explicit concurrent mark sweep GC freed 1293(75KB) AllocSpace objects, 1(20KB) LOS objects, 38% free, 25MB/41MB, paused 449us total 47.953ms
08-06 17:44:34.998 11842 12055 I art     : Starting a blocking GC Explicit
08-06 17:44:35.037 11842 12055 I art     : Explicit concurrent mark sweep GC freed 18(624B) AllocSpace objects, 0(0B) LOS objects, 38% free, 25MB/41MB, paused 427us total 38.066ms
08-06 17:44:35.051 11842 12055 I art     : Starting a blocking GC Explicit
08-06 17:44:35.090 11842 12055 I art     : Explicit concurrent mark sweep GC freed 3(96B) AllocSpace objects, 0(0B) LOS objects, 38% free, 25MB/41MB, paused 416us total 38.205ms
08-06 17:44:35.105 11842 12055 I art     : Starting a blocking GC Explicit
08-06 17:44:35.143 11842 12055 I art     : Explicit concurrent mark sweep GC freed 3(96B) AllocSpace objects, 0(0B) LOS objects, 38% free, 25MB/41MB, paused 416us total 38.406ms
08-06 17:44:35.158 11842 12055 I art     : Starting a blocking GC Explicit
08-06 17:44:35.197 11842 12055 I art     : Explicit concurrent mark sweep GC freed 3(96B) AllocSpace objects, 0(0B) LOS objects, 38% free, 25MB/41MB, paused 416us total 38.382ms
08-06 17:44:35.496 12571 12571 D AndroidRuntime: >>>>>> START com.android.internal.os.RuntimeInit uid 2000 <<<<<<
08-06 17:44:35.502 12571 12571 D AndroidRuntime: CheckJNI is OFF
08-06 17:44:35.528 11842 12389 I art     : Starting a blocking GC Explicit
08-06 17:44:35.549 12571 12571 D ICU     : No timezone override file found: /data/misc/zoneinfo/current/icu/icu_tzdata.dat
08-06 17:44:35.572 11842 12389 I art     : Explicit concurrent mark sweep GC freed 1336(77KB) AllocSpace objects, 1(20KB) LOS objects, 38% free, 25MB/41MB, paused 442us total 42.968ms
08-06 17:44:35.589 11842 12389 I art     : Starting a blocking GC Explicit
08-06 17:44:35.598 12571 12571 I Radio-JNI: register_android_hardware_Radio DONE
08-06 17:44:35.627 12571 12571 D AndroidRuntime: Calling main entry com.android.commands.input.Input
08-06 17:44:35.627 11842 12389 I art     : Explicit concurrent mark sweep GC freed 27(944B) AllocSpace objects, 0(0B) LOS objects, 38% free, 25MB/41MB, paused 421us total 37.838ms
08-06 17:44:35.630 12571 12571 I Input   : injectMotionEvent: MotionEvent { action=ACTION_DOWN, actionButton=0, id[0]=0, x[0]=436.0, y[0]=1770.0, toolType[0]=TOOL_TYPE_UNKNOWN, buttonState=0, metaState=0, flags=0x0, edgeFlags=0x0, pointerCount=1, historySize=0, eventTime=899092042, downTime=899092042, deviceId=0, source=0x1002 }
08-06 17:44:35.637 12571 12571 I Input   : injectMotionEvent: MotionEvent { action=ACTION_UP, actionButton=0, id[0]=0, x[0]=436.0, y[0]=1770.0, toolType[0]=TOOL_TYPE_UNKNOWN, buttonState=0, metaState=0, flags=0x0, edgeFlags=0x0, pointerCount=1, historySize=0, eventTime=899092042, downTime=899092042, deviceId=0, source=0x1002 }
08-06 17:44:35.639 12571 12571 D AndroidRuntime: Shutting down VM
08-06 17:44:35.642 11842 12389 I art     : Starting a blocking GC Explicit
08-06 17:44:35.648 11842 11842 D MainActivity: NavigationItemSelected: Courses
08-06 17:44:35.650   918  6110 I ActivityManager: START u0 {cmp=baseline.com.ak.uobtimetable/.CourseListActivity} from uid 10710 on display 0
08-06 17:44:35.650   512  2967 D audio_hw_primary: out_set_parameters: enter: usecase(1: low-latency-playback) kvpairs: routing=2
08-06 17:44:35.659 11842 11842 D MainActivity: OnPause
08-06 17:44:35.663   512  2967 D audio_hw_primary: select_devices: out_snd_device(2: speaker) in_snd_device(0: none)
08-06 17:44:35.663   512  2967 D msm8974_platform: platform_send_audio_calibration: sending audio calibration for snd_device(2) acdb_id(15)
08-06 17:44:35.663   512  2967 I soundtrigger: audio_extn_sound_trigger_update_device_status: device 0x2 of type 0 for Event 1
08-06 17:44:35.681 11842 12389 I art     : Explicit concurrent mark sweep GC freed 347(13KB) AllocSpace objects, 0(0B) LOS objects, 38% free, 25MB/41MB, paused 542us total 38.339ms
08-06 17:44:35.683   512  2967 D audio_hw_primary: enable_snd_device: snd_device(2: speaker)
08-06 17:44:35.686   512  2967 D audio_hw_primary: enable_audio_route: apply and update mixer path: low-latency-playback speaker
08-06 17:44:35.696 11842 12389 I art     : Starting a blocking GC Explicit
08-06 17:44:35.709 11842 11842 D CourseListActivity: onCreate
08-06 17:44:35.711 11842 12594 D HTTP    : Request for: https://uob-timetable-api.adriankeenan.co.uk/courses
08-06 17:44:35.734 11842 12389 I art     : Explicit concurrent mark sweep GC freed 2187(119KB) AllocSpace objects, 0(0B) LOS objects, 38% free, 25MB/41MB, paused 536us total 37.224ms
08-06 17:44:35.748 11842 12389 I art     : Starting a blocking GC Explicit
08-06 17:44:35.773   918   936 I ActivityManager: Displayed baseline.com.ak.uobtimetable/.CourseListActivity: +113ms
08-06 17:44:35.773 13866 13866 I GoogleInputMethodServic: GoogleInputMethodService.onFinishInput():3138 
08-06 17:44:35.774 13866 13866 I GoogleInputMethodServic: GoogleInputMethodService.onStartInput():1808 
08-06 17:44:35.785 11842 12389 I art     : Explicit concurrent mark sweep GC freed 686(39KB) AllocSpace objects, 0(0B) LOS objects, 38% free, 25MB/41MB, paused 547us total 37.199ms
08-06 17:44:35.990 11842 12594 I NAPPA_EXPERIMENTATION: MetricNetworkRequestExecutionTime: REQUEST_DURATION_SYSTEM='278',REQUEST_DURATION_OKHTTP='34',REQUEST_SYNCHRONOUS='TRUE',RESPONSE_CODE='200',RESPONSE_METHOD='GET',RESPONSE_LENGTH_OKHTTP='-1',RESPONSE_LENGTH_HEADER='-2',REQUEST_PROTOCOL='http/1.1',REQUEST_URL='https://uob-timetable-api.adriankeenan.co.uk/courses',
08-06 17:44:36.093 11842 11853 I art     : Starting a blocking GC Explicit
08-06 17:44:36.133 11842 11853 I art     : Explicit concurrent mark sweep GC freed 4037(228KB) AllocSpace objects, 4(220KB) LOS objects, 32% free, 33MB/49MB, paused 570us total 39.446ms
08-06 17:44:36.148 11842 11853 I art     : Starting a blocking GC Explicit
08-06 17:44:36.166 11842 11842 D MainActivity: Saving state
08-06 17:44:36.167 11842 11842 D MainActivity: Saving current fragment: SessionListsFragment
08-06 17:44:36.167 11842 11842 D MainActivity: Saving current index: 3
08-06 17:44:36.168 11842 11842 D SessionListsFragment: Saving state
08-06 17:44:36.188 11842 11853 I art     : Explicit concurrent mark sweep GC freed 1140(124KB) AllocSpace objects, 0(0B) LOS objects, 30% free, 35MB/51MB, paused 651us total 39.523ms
08-06 17:44:36.202 11842 11853 I art     : Starting a blocking GC Explicit
08-06 17:44:36.219   512  2967 D audio_hw_primary: disable_audio_route: reset and update mixer path: low-latency-playback speaker
08-06 17:44:36.220   512  2967 D audio_hw_primary: disable_snd_device: snd_device(2: speaker)
08-06 17:44:36.228   512  2967 I soundtrigger: audio_extn_sound_trigger_update_device_status: device 0x2 of type 0 for Event 0
08-06 17:44:36.242 11842 11853 I art     : Explicit concurrent mark sweep GC freed 1978(11MB) AllocSpace objects, 0(0B) LOS objects, 24% free, 48MB/64MB, paused 529us total 39.091ms
08-06 17:44:36.255 11842 11853 I art     : Starting a blocking GC Explicit
08-06 17:44:36.290 11842 11853 I art     : Explicit concurrent mark sweep GC freed 40(13KB) AllocSpace objects, 0(0B) LOS objects, 24% free, 48MB/64MB, paused 486us total 34.698ms
08-06 17:44:36.304 11842 11853 I art     : Starting a blocking GC Explicit
08-06 17:44:36.341 11842 11853 I art     : Explicit concurrent mark sweep GC freed 30(1152B) AllocSpace objects, 0(0B) LOS objects, 24% free, 48MB/64MB, paused 494us total 36.427ms
08-06 17:44:36.441 11842 12594 I HTTP    : Response was compressed.
08-06 17:44:36.640 11842 11853 I art     : Starting a blocking GC Explicit
08-06 17:44:36.684 11842 11853 I art     : Explicit concurrent mark sweep GC freed 60548(2MB) AllocSpace objects, 0(0B) LOS objects, 27% free, 42MB/58MB, paused 719us total 44.333ms
08-06 17:44:36.699 11842 11853 I art     : Starting a blocking GC Explicit
08-06 17:44:36.743 11842 11853 I art     : Explicit concurrent mark sweep GC freed 30213(1416KB) AllocSpace objects, 0(0B) LOS objects, 27% free, 42MB/58MB, paused 841us total 44.086ms
08-06 17:44:36.758 11842 11853 I art     : Starting a blocking GC Explicit
08-06 17:44:36.802 11842 11853 I art     : Explicit concurrent mark sweep GC freed 28758(1355KB) AllocSpace objects, 0(0B) LOS objects, 27% free, 42MB/58MB, paused 819us total 44.436ms
08-06 17:44:36.817 11842 11853 I art     : Starting a blocking GC Explicit
08-06 17:44:36.863 11842 11853 I art     : Explicit concurrent mark sweep GC freed 27026(1258KB) AllocSpace objects, 0(0B) LOS objects, 27% free, 42MB/58MB, paused 849us total 45.571ms
08-06 17:44:36.878 11842 11853 I art     : Starting a blocking GC Explicit
08-06 17:44:36.925 11842 11853 I art     : Explicit concurrent mark sweep GC freed 28038(1326KB) AllocSpace objects, 0(0B) LOS objects, 27% free, 42MB/58MB, paused 905us total 46.484ms
08-06 17:44:37.096   518   646 I ThermalEngine: ACTION: GPU - Setting GPU[0] to 390000000
08-06 17:44:37.260 11842 12055 I art     : Starting a blocking GC Explicit
08-06 17:44:37.353 11842 12055 I art     : Explicit concurrent mark sweep GC freed 187851(8MB) AllocSpace objects, 1(20KB) LOS objects, 26% free, 44MB/60MB, paused 1.261ms total 91.925ms
08-06 17:44:37.383 11842 12055 I art     : Starting a blocking GC Explicit
08-06 17:44:37.457 11842 12055 I art     : Explicit concurrent mark sweep GC freed 55597(2MB) AllocSpace objects, 0(0B) LOS objects, 26% free, 44MB/60MB, paused 1.565ms total 73.059ms
08-06 17:44:37.487 11842 12055 I art     : Starting a blocking GC Explicit
08-06 17:44:37.573 11842 12055 I art     : Explicit concurrent mark sweep GC freed 52105(2MB) AllocSpace objects, 0(0B) LOS objects, 26% free, 45MB/61MB, paused 1.592ms total 85.943ms
08-06 17:44:37.603 11842 12055 I art     : Starting a blocking GC Explicit
08-06 17:44:37.678 11842 12055 I art     : Explicit concurrent mark sweep GC freed 48443(2MB) AllocSpace objects, 0(0B) LOS objects, 26% free, 45MB/61MB, paused 1.679ms total 75.444ms
08-06 17:44:37.708 11842 12055 I art     : Starting a blocking GC Explicit
08-06 17:44:37.785 11842 12055 I art     : Explicit concurrent mark sweep GC freed 48004(2MB) AllocSpace objects, 0(0B) LOS objects, 25% free, 45MB/61MB, paused 1.649ms total 76.007ms
08-06 17:44:38.139 11842 12389 I art     : Starting a blocking GC Explicit
08-06 17:44:38.244 11842 12389 I art     : Explicit concurrent mark sweep GC freed 203801(9MB) AllocSpace objects, 1(20KB) LOS objects, 25% free, 47MB/63MB, paused 1.604ms total 104.734ms
08-06 17:44:38.278 11842 12389 I art     : Starting a blocking GC Explicit
08-06 17:44:38.367 11842 12389 I art     : Explicit concurrent mark sweep GC freed 60221(2MB) AllocSpace objects, 0(0B) LOS objects, 25% free, 47MB/63MB, paused 2.473ms total 88.951ms
08-06 17:44:38.398 11842 12389 I art     : Starting a blocking GC Explicit
08-06 17:44:38.488 11842 12389 I art     : Explicit concurrent mark sweep GC freed 55280(2MB) AllocSpace objects, 0(0B) LOS objects, 24% free, 48MB/64MB, paused 1.974ms total 89.141ms
08-06 17:44:38.521 11842 12389 I art     : Starting a blocking GC Explicit
08-06 17:44:38.615 11842 12389 I art     : Explicit concurrent mark sweep GC freed 57477(2MB) AllocSpace objects, 0(0B) LOS objects, 24% free, 48MB/64MB, paused 1.971ms total 94.118ms
08-06 17:44:38.649 11842 12389 I art     : Starting a blocking GC Explicit
08-06 17:44:38.744 11842 12389 I art     : Explicit concurrent mark sweep GC freed 58116(2MB) AllocSpace objects, 0(0B) LOS objects, 24% free, 48MB/64MB, paused 1.884ms total 94.938ms
08-06 17:44:39.093 11842 12055 I art     : Starting a blocking GC Explicit
08-06 17:44:39.219 11842 12055 I art     : Explicit concurrent mark sweep GC freed 207045(9MB) AllocSpace objects, 1(20KB) LOS objects, 23% free, 50MB/66MB, paused 1.889ms total 125.309ms
08-06 17:44:39.255 11842 12055 I art     : Starting a blocking GC Explicit
08-06 17:44:39.361 11842 12055 I art     : Explicit concurrent mark sweep GC freed 70841(3MB) AllocSpace objects, 0(0B) LOS objects, 23% free, 50MB/66MB, paused 2.153ms total 105.067ms
08-06 17:44:39.396 11842 12055 I art     : Starting a blocking GC Explicit
08-06 17:44:39.504 11842 12055 I art     : Explicit concurrent mark sweep GC freed 64223(2MB) AllocSpace objects, 0(0B) LOS objects, 23% free, 51MB/67MB, paused 2.305ms total 108.220ms
08-06 17:44:39.505 11842 11852 I art     : WaitForGcToComplete blocked for 108.952ms for cause HeapTrim
08-06 17:44:39.542 11842 12055 I art     : Starting a blocking GC Explicit
08-06 17:44:39.658 11842 12055 I art     : Explicit concurrent mark sweep GC freed 66447(3MB) AllocSpace objects, 0(0B) LOS objects, 23% free, 51MB/67MB, paused 2.238ms total 115.391ms
08-06 17:44:39.697 11842 12055 I art     : Starting a blocking GC Explicit
08-06 17:44:39.724 11842 12594 I Service : getCourses response time: 0.69
08-06 17:44:39.738 11842 11842 I SettingsManager: Getting string: savedCourse
08-06 17:44:39.802 11842 12055 I art     : Explicit concurrent mark sweep GC freed 36201(1745KB) AllocSpace objects, 0(0B) LOS objects, 23% free, 52MB/68MB, paused 1.290ms total 104.983ms
08-06 17:44:40.154 11842 12389 I art     : Starting a blocking GC Explicit
08-06 17:44:40.285 11842 12389 I art     : Explicit concurrent mark sweep GC freed 2178(109KB) AllocSpace objects, 2(15MB) LOS objects, 30% free, 37MB/53MB, paused 695us total 130.840ms
08-06 17:44:40.325 11842 12389 I art     : Starting a blocking GC Explicit
08-06 17:44:40.433 11842 12389 I art     : Explicit concurrent mark sweep GC freed 746(66KB) AllocSpace objects, 0(0B) LOS objects, 30% free, 37MB/53MB, paused 646us total 106.845ms
08-06 17:44:40.474 11842 12389 I art     : Starting a blocking GC Explicit
08-06 17:44:40.594 11842 12389 I art     : Explicit concurrent mark sweep GC freed 9(320B) AllocSpace objects, 0(0B) LOS objects, 30% free, 37MB/53MB, paused 716us total 119.196ms
08-06 17:44:40.641 11842 12389 I art     : Starting a blocking GC Explicit
08-06 17:44:40.750 11842 12389 I art     : Explicit concurrent mark sweep GC freed 3(96B) AllocSpace objects, 0(0B) LOS objects, 30% free, 37MB/53MB, paused 744us total 108.316ms
08-06 17:44:40.791 11842 12389 I art     : Starting a blocking GC Explicit
08-06 17:44:40.910 11842 12389 I art     : Explicit concurrent mark sweep GC freed 3(96B) AllocSpace objects, 0(0B) LOS objects, 30% free, 37MB/53MB, paused 982us total 117.984ms
08-06 17:44:41.173 11842 12055 I art     : Starting a blocking GC Explicit
08-06 17:44:41.315 11842 12055 I art     : Explicit concurrent mark sweep GC freed 1294(75KB) AllocSpace objects, 1(20KB) LOS objects, 30% free, 37MB/53MB, paused 646us total 141.858ms
08-06 17:44:41.359 11842 12055 I art     : Starting a blocking GC Explicit
08-06 17:44:41.472 11842 12055 I art     : Explicit concurrent mark sweep GC freed 20(688B) AllocSpace objects, 0(0B) LOS objects, 30% free, 37MB/53MB, paused 902us total 112.915ms
08-06 17:44:41.513 11842 12055 I art     : Starting a blocking GC Explicit
08-06 17:44:41.621 11842 12055 I art     : Explicit concurrent mark sweep GC freed 4(160B) AllocSpace objects, 0(0B) LOS objects, 30% free, 37MB/53MB, paused 601us total 107.360ms
08-06 17:44:41.662 11842 12055 I art     : Starting a blocking GC Explicit
08-06 17:44:41.771 11842 12055 I art     : Explicit concurrent mark sweep GC freed 3(96B) AllocSpace objects, 0(0B) LOS objects, 30% free, 37MB/53MB, paused 610us total 108.595ms
08-06 17:44:41.820 11842 12055 I art     : Starting a blocking GC Explicit
08-06 17:44:41.927 11842 12055 I art     : Explicit concurrent mark sweep GC freed 3(96B) AllocSpace objects, 0(0B) LOS objects, 30% free, 37MB/53MB, paused 915us total 106.299ms
08-06 17:44:42.176 11842 12388 I art     : Starting a blocking GC Explicit
08-06 17:44:42.291 11842 12388 I art     : Explicit concurrent mark sweep GC freed 1293(75KB) AllocSpace objects, 1(20KB) LOS objects, 30% free, 37MB/53MB, paused 690us total 114.639ms
08-06 17:44:42.331 11842 12388 I art     : Starting a blocking GC Explicit
08-06 17:44:42.437 11842 12388 I art     : Explicit concurrent mark sweep GC freed 18(624B) AllocSpace objects, 0(0B) LOS objects, 30% free, 37MB/53MB, paused 693us total 105.741ms
08-06 17:44:42.477 11842 12388 I art     : Starting a blocking GC Explicit
08-06 17:44:42.523 12670 12670 D AndroidRuntime: >>>>>> START com.android.internal.os.RuntimeInit uid 2000 <<<<<<
08-06 17:44:42.530 12670 12670 D AndroidRuntime: CheckJNI is OFF
08-06 17:44:42.579 11842 12388 I art     : Explicit concurrent mark sweep GC freed 3(96B) AllocSpace objects, 0(0B) LOS objects, 30% free, 37MB/53MB, paused 743us total 102.258ms
08-06 17:44:42.580 12670 12670 D ICU     : No timezone override file found: /data/misc/zoneinfo/current/icu/icu_tzdata.dat
08-06 17:44:42.619 11842 12388 I art     : Starting a blocking GC Explicit
08-06 17:44:42.628 12670 12670 I Radio-JNI: register_android_hardware_Radio DONE
08-06 17:44:42.658 12670 12670 D AndroidRuntime: Calling main entry com.android.commands.input.Input
08-06 17:44:42.661 12670 12670 I Input   : injectMotionEvent: MotionEvent { action=ACTION_DOWN, actionButton=0, id[0]=0, x[0]=558.0, y[0]=368.0, toolType[0]=TOOL_TYPE_UNKNOWN, buttonState=0, metaState=0, flags=0x0, edgeFlags=0x0, pointerCount=1, historySize=0, eventTime=899099073, downTime=899099073, deviceId=0, source=0x1002 }
08-06 17:44:42.666 12670 12670 I Input   : injectMotionEvent: MotionEvent { action=ACTION_UP, actionButton=0, id[0]=0, x[0]=558.0, y[0]=368.0, toolType[0]=TOOL_TYPE_UNKNOWN, buttonState=0, metaState=0, flags=0x0, edgeFlags=0x0, pointerCount=1, historySize=0, eventTime=899099073, downTime=899099073, deviceId=0, source=0x1002 }
08-06 17:44:42.668 12670 12670 D AndroidRuntime: Shutting down VM
08-06 17:44:42.717 11842 12388 I art     : Explicit concurrent mark sweep GC freed 178(32KB) AllocSpace objects, 0(0B) LOS objects, 30% free, 37MB/53MB, paused 670us total 97.571ms
08-06 17:44:42.751 11842 12388 I art     : Starting a blocking GC Explicit
08-06 17:44:42.846 11842 12388 I art     : Explicit concurrent mark sweep GC freed 638(56KB) AllocSpace objects, 0(0B) LOS objects, 30% free, 37MB/53MB, paused 1.129ms total 94.145ms
08-06 17:44:43.101   518   646 I ThermalEngine: ACTION: GPU - Setting GPU[0] to 450000000
08-06 17:44:43.193 11842 11854 I art     : Starting a blocking GC Explicit
08-06 17:44:43.272 11842 11854 I art     : Explicit concurrent mark sweep GC freed 1790(100KB) AllocSpace objects, 1(20KB) LOS objects, 30% free, 37MB/53MB, paused 477us total 78.718ms
08-06 17:44:43.297 11842 11854 I art     : Starting a blocking GC Explicit
08-06 17:44:43.362 11842 11854 I art     : Explicit concurrent mark sweep GC freed 46(1648B) AllocSpace objects, 0(0B) LOS objects, 30% free, 37MB/53MB, paused 430us total 65.470ms
08-06 17:44:43.386 11842 11854 I art     : Starting a blocking GC Explicit
08-06 17:44:43.452 11842 11854 I art     : Explicit concurrent mark sweep GC freed 10(384B) AllocSpace objects, 0(0B) LOS objects, 30% free, 37MB/53MB, paused 478us total 65.724ms
08-06 17:44:43.476 11842 11854 I art     : Starting a blocking GC Explicit
08-06 17:44:43.549 11842 11854 I art     : Explicit concurrent mark sweep GC freed 3(96B) AllocSpace objects, 0(0B) LOS objects, 30% free, 37MB/53MB, paused 471us total 73.009ms
08-06 17:44:43.573 11842 11854 I art     : Starting a blocking GC Explicit
08-06 17:44:43.647 11842 11854 I art     : Explicit concurrent mark sweep GC freed 3(96B) AllocSpace objects, 0(0B) LOS objects, 30% free, 37MB/53MB, paused 608us total 73.998ms
08-06 17:44:43.989 11842 12389 I art     : Starting a blocking GC Explicit
08-06 17:44:44.065 11842 12389 I art     : Explicit concurrent mark sweep GC freed 1293(75KB) AllocSpace objects, 1(20KB) LOS objects, 30% free, 37MB/53MB, paused 483us total 75.349ms
08-06 17:44:44.089 11842 12389 I art     : Starting a blocking GC Explicit
08-06 17:44:44.105   518   646 I ThermalEngine: ACTION: GPU - Setting GPU[0] to 390000000
08-06 17:44:44.194 11842 12389 I art     : Explicit concurrent mark sweep GC freed 18(624B) AllocSpace objects, 0(0B) LOS objects, 30% free, 37MB/53MB, paused 842us total 104.942ms
08-06 17:44:44.233 11842 12389 I art     : Starting a blocking GC Explicit
08-06 17:44:44.338 11842 12389 I art     : Explicit concurrent mark sweep GC freed 3(96B) AllocSpace objects, 0(0B) LOS objects, 30% free, 37MB/53MB, paused 740us total 104.734ms
08-06 17:44:44.379 11842 12389 I art     : Starting a blocking GC Explicit
08-06 17:44:44.494 11842 12389 I art     : Explicit concurrent mark sweep GC freed 18(576B) AllocSpace objects, 0(0B) LOS objects, 30% free, 37MB/53MB, paused 973us total 114.612ms
08-06 17:44:44.537 11842 12389 I art     : Starting a blocking GC Explicit
08-06 17:44:44.554 12714 12714 D AndroidRuntime: >>>>>> START com.android.internal.os.RuntimeInit uid 2000 <<<<<<
08-06 17:44:44.560 12714 12714 D AndroidRuntime: CheckJNI is OFF
08-06 17:44:44.619 12714 12714 D ICU     : No timezone override file found: /data/misc/zoneinfo/current/icu/icu_tzdata.dat
08-06 17:44:44.642   918  3261 D WifiStateMachine: starting scan for "H369AA63323"WPA_PSK with 2412,5180
08-06 17:44:44.646 11842 12389 I art     : Explicit concurrent mark sweep GC freed 17(544B) AllocSpace objects, 0(0B) LOS objects, 30% free, 37MB/53MB, paused 987us total 107.706ms
08-06 17:44:44.671 12714 12714 I Radio-JNI: register_android_hardware_Radio DONE
08-06 17:44:44.701 12714 12714 D AndroidRuntime: Calling main entry com.android.commands.input.Input
08-06 17:44:44.703 12714 12714 I Input   : injectMotionEvent: MotionEvent { action=ACTION_DOWN, actionButton=0, id[0]=0, x[0]=945.0, y[0]=1376.0, toolType[0]=TOOL_TYPE_UNKNOWN, buttonState=0, metaState=0, flags=0x0, edgeFlags=0x0, pointerCount=1, historySize=0, eventTime=899101116, downTime=899101116, deviceId=0, source=0x1002 }
08-06 17:44:44.708 12714 12714 I Input   : injectMotionEvent: MotionEvent { action=ACTION_UP, actionButton=0, id[0]=0, x[0]=945.0, y[0]=1376.0, toolType[0]=TOOL_TYPE_UNKNOWN, buttonState=0, metaState=0, flags=0x0, edgeFlags=0x0, pointerCount=1, historySize=0, eventTime=899101116, downTime=899101116, deviceId=0, source=0x1002 }
08-06 17:44:44.710 12714 12714 D AndroidRuntime: Shutting down VM
08-06 17:44:44.777   512  2967 D audio_hw_primary: out_set_parameters: enter: usecase(1: low-latency-playback) kvpairs: routing=2
08-06 17:44:44.792   512  2967 D audio_hw_primary: select_devices: out_snd_device(2: speaker) in_snd_device(0: none)
08-06 17:44:44.792   512  2967 D msm8974_platform: platform_send_audio_calibration: sending audio calibration for snd_device(2) acdb_id(15)
08-06 17:44:44.792   512  2967 I soundtrigger: audio_extn_sound_trigger_update_device_status: device 0x2 of type 0 for Event 1
08-06 17:44:44.795 13866 13866 I GoogleInputMethodServic: GoogleInputMethodService.onFinishInput():3138 
08-06 17:44:44.796 13866 13866 I GoogleInputMethodServic: GoogleInputMethodService.onStartInput():1808 
08-06 17:44:44.810   512  2967 D audio_hw_primary: enable_snd_device: snd_device(2: speaker)
08-06 17:44:44.814   512  2967 D audio_hw_primary: enable_audio_route: apply and update mixer path: low-latency-playback speaker
08-06 17:44:44.818 13866 13866 I GoogleInputMethodServic: GoogleInputMethodService.onFinishInput():3138 
08-06 17:44:44.818 13866 13866 I GoogleInputMethodServic: GoogleInputMethodService.onStartInput():1808 
08-06 17:44:45.027 11842 11854 I art     : Starting a blocking GC Explicit
08-06 17:44:45.130 11842 11858 D OpenGLRenderer: endAllStagingAnimators on 0x7f81356000 (ListPopupWindow$DropDownListView) with handle 0x7f79d902e0
08-06 17:44:45.150 11842 11854 I art     : Explicit concurrent mark sweep GC freed 2284(131KB) AllocSpace objects, 1(20KB) LOS objects, 30% free, 37MB/53MB, paused 785us total 122.406ms
08-06 17:44:45.187 11842 11854 I art     : Starting a blocking GC Explicit
08-06 17:44:45.280 11842 11854 I art     : Explicit concurrent mark sweep GC freed 938(73KB) AllocSpace objects, 0(0B) LOS objects, 30% free, 37MB/53MB, paused 694us total 93.005ms
08-06 17:44:45.314 11842 11854 I art     : Starting a blocking GC Explicit
08-06 17:44:45.358   512  2967 D audio_hw_primary: disable_audio_route: reset and update mixer path: low-latency-playback speaker
08-06 17:44:45.360   512  2967 D audio_hw_primary: disable_snd_device: snd_device(2: speaker)
08-06 17:44:45.368   512  2967 I soundtrigger: audio_extn_sound_trigger_update_device_status: device 0x2 of type 0 for Event 0
08-06 17:44:45.401 11842 11854 I art     : Explicit concurrent mark sweep GC freed 429(32KB) AllocSpace objects, 0(0B) LOS objects, 30% free, 37MB/53MB, paused 586us total 87.168ms
08-06 17:44:45.437 11842 11854 I art     : Starting a blocking GC Explicit
08-06 17:44:45.543 11842 11854 I art     : Explicit concurrent mark sweep GC freed 3(96B) AllocSpace objects, 0(0B) LOS objects, 30% free, 37MB/53MB, paused 618us total 105.475ms
08-06 17:44:45.584 11842 11854 I art     : Starting a blocking GC Explicit
08-06 17:44:45.700 11842 11854 I art     : Explicit concurrent mark sweep GC freed 17(544B) AllocSpace objects, 0(0B) LOS objects, 30% free, 37MB/53MB, paused 1.235ms total 114.752ms
08-06 17:44:46.070 11842 11853 I art     : Starting a blocking GC Explicit
08-06 17:44:46.176 11842 11853 I art     : Explicit concurrent mark sweep GC freed 1293(75KB) AllocSpace objects, 1(20KB) LOS objects, 30% free, 37MB/53MB, paused 649us total 106.363ms
08-06 17:44:46.216 11842 11853 I art     : Starting a blocking GC Explicit
08-06 17:44:46.316  9385  9385 I ServiceManager: Waiting for service AtCmdFwd...
08-06 17:44:46.321 11842 11853 I art     : Explicit concurrent mark sweep GC freed 18(624B) AllocSpace objects, 0(0B) LOS objects, 30% free, 37MB/53MB, paused 700us total 104.596ms
08-06 17:44:46.360 11842 11853 I art     : Starting a blocking GC Explicit
08-06 17:44:46.466 11842 11853 I art     : Explicit concurrent mark sweep GC freed 3(96B) AllocSpace objects, 0(0B) LOS objects, 30% free, 37MB/53MB, paused 695us total 105.063ms
08-06 17:44:46.506 11842 11853 I art     : Starting a blocking GC Explicit
08-06 17:44:46.584 12746 12746 D AndroidRuntime: >>>>>> START com.android.internal.os.RuntimeInit uid 2000 <<<<<<
08-06 17:44:46.590 12746 12746 D AndroidRuntime: CheckJNI is OFF
08-06 17:44:46.612 11842 11853 I art     : Explicit concurrent mark sweep GC freed 3(96B) AllocSpace objects, 0(0B) LOS objects, 30% free, 37MB/53MB, paused 956us total 105.677ms
08-06 17:44:46.649 12746 12746 D ICU     : No timezone override file found: /data/misc/zoneinfo/current/icu/icu_tzdata.dat
08-06 17:44:46.650 11842 11853 I art     : Starting a blocking GC Explicit
08-06 17:44:46.692 12746 12746 I Radio-JNI: register_android_hardware_Radio DONE
08-06 17:44:46.723 12746 12746 D AndroidRuntime: Calling main entry com.android.commands.input.Input
08-06 17:44:46.726 12746 12746 I Input   : injectMotionEvent: MotionEvent { action=ACTION_DOWN, actionButton=0, id[0]=0, x[0]=481.0, y[0]=544.0, toolType[0]=TOOL_TYPE_UNKNOWN, buttonState=0, metaState=0, flags=0x0, edgeFlags=0x0, pointerCount=1, historySize=0, eventTime=899103138, downTime=899103138, deviceId=0, source=0x1002 }
08-06 17:44:46.732 12746 12746 I Input   : injectMotionEvent: MotionEvent { action=ACTION_UP, actionButton=0, id[0]=0, x[0]=481.0, y[0]=544.0, toolType[0]=TOOL_TYPE_UNKNOWN, buttonState=0, metaState=0, flags=0x0, edgeFlags=0x0, pointerCount=1, historySize=0, eventTime=899103138, downTime=899103138, deviceId=0, source=0x1002 }
08-06 17:44:46.733 12746 12746 D AndroidRuntime: Shutting down VM
08-06 17:44:46.758 11842 11853 I art     : Explicit concurrent mark sweep GC freed 76(3KB) AllocSpace objects, 0(0B) LOS objects, 30% free, 37MB/53MB, paused 1.227ms total 107.533ms
08-06 17:44:47.129 11842 12388 I art     : Starting a blocking GC Explicit
08-06 17:44:47.242 11842 12388 I art     : Explicit concurrent mark sweep GC freed 2329(121KB) AllocSpace objects, 1(20KB) LOS objects, 30% free, 37MB/53MB, paused 795us total 112.478ms
08-06 17:44:47.282 11842 12388 I art     : Starting a blocking GC Explicit
08-06 17:44:47.317  9385  9385 I ServiceManager: Waiting for service AtCmdFwd...
08-06 17:44:47.388 11842 12388 I art     : Explicit concurrent mark sweep GC freed 87(4KB) AllocSpace objects, 0(0B) LOS objects, 30% free, 37MB/53MB, paused 545us total 105.147ms
08-06 17:44:47.431 11842 12388 I art     : Starting a blocking GC Explicit
08-06 17:44:47.534 11842 12388 I art     : Explicit concurrent mark sweep GC freed 10(384B) AllocSpace objects, 0(0B) LOS objects, 30% free, 37MB/53MB, paused 792us total 103.306ms
08-06 17:44:47.577 11842 12388 I art     : Starting a blocking GC Explicit
08-06 17:44:47.686 11842 12388 I art     : Explicit concurrent mark sweep GC freed 3(96B) AllocSpace objects, 0(0B) LOS objects, 30% free, 37MB/53MB, paused 633us total 108.480ms
08-06 17:44:47.727 11842 12388 I art     : Starting a blocking GC Explicit
08-06 17:44:47.840 11842 12388 I art     : Explicit concurrent mark sweep GC freed 3(96B) AllocSpace objects, 0(0B) LOS objects, 30% free, 37MB/53MB, paused 1.109ms total 112.534ms
08-06 17:44:48.189 11842 12055 I art     : Starting a blocking GC Explicit
08-06 17:44:48.304 11842 12055 I art     : Explicit concurrent mark sweep GC freed 1293(75KB) AllocSpace objects, 1(20KB) LOS objects, 30% free, 37MB/53MB, paused 714us total 114.790ms
08-06 17:44:48.317  9385  9385 I ServiceManager: Waiting for service AtCmdFwd...
08-06 17:44:48.344 11842 12055 I art     : Starting a blocking GC Explicit
08-06 17:44:48.457 11842 12055 I art     : Explicit concurrent mark sweep GC freed 23(784B) AllocSpace objects, 0(0B) LOS objects, 30% free, 37MB/53MB, paused 716us total 112.131ms
08-06 17:44:48.497 11842 12055 I art     : Starting a blocking GC Explicit
08-06 17:44:48.607 11842 12055 I art     : Explicit concurrent mark sweep GC freed 21(672B) AllocSpace objects, 0(0B) LOS objects, 30% free, 37MB/53MB, paused 658us total 109.237ms
08-06 17:44:48.637 12775 12775 D AndroidRuntime: >>>>>> START com.android.internal.os.RuntimeInit uid 2000 <<<<<<
08-06 17:44:48.643 12775 12775 D AndroidRuntime: CheckJNI is OFF
08-06 17:44:48.651 11842 12055 I art     : Starting a blocking GC Explicit
08-06 17:44:48.701 12775 12775 D ICU     : No timezone override file found: /data/misc/zoneinfo/current/icu/icu_tzdata.dat
08-06 17:44:48.744 12775 12775 I Radio-JNI: register_android_hardware_Radio DONE
08-06 17:44:48.752 11842 12055 I art     : Explicit concurrent mark sweep GC freed 10(320B) AllocSpace objects, 0(0B) LOS objects, 30% free, 37MB/53MB, paused 755us total 100.680ms
08-06 17:44:48.776 12775 12775 D AndroidRuntime: Calling main entry com.android.commands.input.Input
08-06 17:44:48.780 12775 12775 I Input   : injectMotionEvent: MotionEvent { action=ACTION_DOWN, actionButton=0, id[0]=0, x[0]=310.0, y[0]=906.0, toolType[0]=TOOL_TYPE_UNKNOWN, buttonState=0, metaState=0, flags=0x0, edgeFlags=0x0, pointerCount=1, historySize=0, eventTime=899105191, downTime=899105191, deviceId=0, source=0x1002 }
08-06 17:44:48.785 12775 12775 I Input   : injectMotionEvent: MotionEvent { action=ACTION_UP, actionButton=0, id[0]=0, x[0]=310.0, y[0]=906.0, toolType[0]=TOOL_TYPE_UNKNOWN, buttonState=0, metaState=0, flags=0x0, edgeFlags=0x0, pointerCount=1, historySize=0, eventTime=899105191, downTime=899105191, deviceId=0, source=0x1002 }
08-06 17:44:48.787 12775 12775 D AndroidRuntime: Shutting down VM
08-06 17:44:48.791 11842 12055 I art     : Starting a blocking GC Explicit
08-06 17:44:48.853   512  2967 D audio_hw_primary: out_set_parameters: enter: usecase(1: low-latency-playback) kvpairs: routing=2
08-06 17:44:48.866 13866 13866 I GoogleInputMethodServic: GoogleInputMethodService.onFinishInput():3138 
08-06 17:44:48.866   512  2967 D audio_hw_primary: select_devices: out_snd_device(2: speaker) in_snd_device(0: none)
08-06 17:44:48.866   512  2967 D msm8974_platform: platform_send_audio_calibration: sending audio calibration for snd_device(2) acdb_id(15)
08-06 17:44:48.867   512  2967 I soundtrigger: audio_extn_sound_trigger_update_device_status: device 0x2 of type 0 for Event 1
08-06 17:44:48.867 13866 13866 I GoogleInputMethodServic: GoogleInputMethodService.onStartInput():1808 
08-06 17:44:48.881   512  2967 D audio_hw_primary: enable_snd_device: snd_device(2: speaker)
08-06 17:44:48.884   512  2967 D audio_hw_primary: enable_audio_route: apply and update mixer path: low-latency-playback speaker
08-06 17:44:48.887 13866 13866 I GoogleInputMethodServic: GoogleInputMethodService.onFinishInput():3138 
08-06 17:44:48.889 13866 13866 I GoogleInputMethodServic: GoogleInputMethodService.onStartInput():1808 
08-06 17:44:48.912 11842 12055 I art     : Explicit concurrent mark sweep GC freed 388(20KB) AllocSpace objects, 0(0B) LOS objects, 30% free, 37MB/53MB, paused 1.104ms total 120.544ms
08-06 17:44:49.196 11842 11858 D OpenGLRenderer: endAllStagingAnimators on 0x7f995fe800 (ListPopupWindow$DropDownListView) with handle 0x7f816fb6c0
08-06 17:44:49.277 11842 12389 I art     : Starting a blocking GC Explicit
08-06 17:44:49.318  9385  9385 I ServiceManager: Waiting for service AtCmdFwd...
08-06 17:44:49.395 11842 12389 I art     : Explicit concurrent mark sweep GC freed 2003(105KB) AllocSpace objects, 1(20KB) LOS objects, 30% free, 37MB/53MB, paused 787us total 117.861ms
08-06 17:44:49.429   512  2967 D audio_hw_primary: disable_audio_route: reset and update mixer path: low-latency-playback speaker
08-06 17:44:49.430   512  2967 D audio_hw_primary: disable_snd_device: snd_device(2: speaker)
08-06 17:44:49.436 11842 12389 I art     : Starting a blocking GC Explicit
08-06 17:44:49.438   512  2967 I soundtrigger: audio_extn_sound_trigger_update_device_status: device 0x2 of type 0 for Event 0
08-06 17:44:49.543 11842 12389 I art     : Explicit concurrent mark sweep GC freed 1206(96KB) AllocSpace objects, 0(0B) LOS objects, 30% free, 37MB/53MB, paused 642us total 106.554ms
08-06 17:44:49.590 11842 12389 I art     : Starting a blocking GC Explicit
08-06 17:44:49.709 11842 12389 I art     : Explicit concurrent mark sweep GC freed 3(96B) AllocSpace objects, 0(0B) LOS objects, 30% free, 37MB/53MB, paused 940us total 118.019ms
08-06 17:44:49.753 11842 12389 I art     : Starting a blocking GC Explicit
08-06 17:44:49.872 11842 12389 I art     : Explicit concurrent mark sweep GC freed 3(96B) AllocSpace objects, 0(0B) LOS objects, 30% free, 37MB/53MB, paused 751us total 118.466ms
08-06 17:44:49.920 11842 12389 I art     : Starting a blocking GC Explicit
08-06 17:44:50.027 11842 12389 I art     : Explicit concurrent mark sweep GC freed 3(96B) AllocSpace objects, 0(0B) LOS objects, 30% free, 37MB/53MB, paused 772us total 107.001ms
08-06 17:44:50.277 11842 11854 I art     : Starting a blocking GC Explicit
08-06 17:44:50.318  9385  9385 I ServiceManager: Waiting for service AtCmdFwd...
08-06 17:44:50.388 11842 11854 I art     : Explicit concurrent mark sweep GC freed 1293(75KB) AllocSpace objects, 1(20KB) LOS objects, 30% free, 37MB/53MB, paused 739us total 109.946ms
08-06 17:44:50.428 11842 11854 I art     : Starting a blocking GC Explicit
08-06 17:44:50.532 11842 11854 I art     : Explicit concurrent mark sweep GC freed 18(624B) AllocSpace objects, 0(0B) LOS objects, 30% free, 37MB/53MB, paused 702us total 104.092ms
08-06 17:44:50.571 11842 11854 I art     : Starting a blocking GC Explicit
08-06 17:44:50.653 12810 12810 D AndroidRuntime: >>>>>> START com.android.internal.os.RuntimeInit uid 2000 <<<<<<
08-06 17:44:50.659 12810 12810 D AndroidRuntime: CheckJNI is OFF
08-06 17:44:50.677 11842 11854 I art     : Explicit concurrent mark sweep GC freed 3(96B) AllocSpace objects, 0(0B) LOS objects, 30% free, 37MB/53MB, paused 738us total 105.093ms
08-06 17:44:50.715 11842 11854 I art     : Starting a blocking GC Explicit
08-06 17:44:50.716 12810 12810 D ICU     : No timezone override file found: /data/misc/zoneinfo/current/icu/icu_tzdata.dat
08-06 17:44:50.761 12810 12810 I Radio-JNI: register_android_hardware_Radio DONE
08-06 17:44:50.792 12810 12810 D AndroidRuntime: Calling main entry com.android.commands.input.Input
08-06 17:44:50.795 12810 12810 I Input   : injectMotionEvent: MotionEvent { action=ACTION_DOWN, actionButton=0, id[0]=0, x[0]=648.0, y[0]=709.0, toolType[0]=TOOL_TYPE_UNKNOWN, buttonState=0, metaState=0, flags=0x0, edgeFlags=0x0, pointerCount=1, historySize=0, eventTime=899107207, downTime=899107207, deviceId=0, source=0x1002 }
08-06 17:44:50.800 12810 12810 I Input   : injectMotionEvent: MotionEvent { action=ACTION_UP, actionButton=0, id[0]=0, x[0]=648.0, y[0]=709.0, toolType[0]=TOOL_TYPE_UNKNOWN, buttonState=0, metaState=0, flags=0x0, edgeFlags=0x0, pointerCount=1, historySize=0, eventTime=899107207, downTime=899107207, deviceId=0, source=0x1002 }
08-06 17:44:50.802 12810 12810 D AndroidRuntime: Shutting down VM
08-06 17:44:50.819 11842 11854 I art     : Explicit concurrent mark sweep GC freed 18(896B) AllocSpace objects, 0(0B) LOS objects, 30% free, 37MB/53MB, paused 1.030ms total 103.257ms
08-06 17:44:50.869 11842 11854 I art     : Starting a blocking GC Explicit
08-06 17:44:50.870   512  2967 D audio_hw_primary: out_set_parameters: enter: usecase(1: low-latency-playback) kvpairs: routing=2
08-06 17:44:50.884   512  2967 D audio_hw_primary: select_devices: out_snd_device(2: speaker) in_snd_device(0: none)
08-06 17:44:50.884   512  2967 D msm8974_platform: platform_send_audio_calibration: sending audio calibration for snd_device(2) acdb_id(15)
08-06 17:44:50.884   512  2967 I soundtrigger: audio_extn_sound_trigger_update_device_status: device 0x2 of type 0 for Event 1
08-06 17:44:50.895   512  2967 D audio_hw_primary: enable_snd_device: snd_device(2: speaker)
08-06 17:44:50.898   512  2967 D audio_hw_primary: enable_audio_route: apply and update mixer path: low-latency-playback speaker
08-06 17:44:50.972 11842 11854 I art     : Explicit concurrent mark sweep GC freed 728(55KB) AllocSpace objects, 1(20KB) LOS objects, 30% free, 37MB/53MB, paused 743us total 102.311ms
08-06 17:44:51.117   518   646 I ThermalEngine: ACTION: GPU - Setting GPU[0] to 450000000
08-06 17:44:51.315 11842 11853 I art     : Starting a blocking GC Explicit
08-06 17:44:51.318  9385  9385 W Atfwd_Sendcmd: AtCmdFwd service not published, waiting... retryCnt : 4
08-06 17:44:51.399 11842 11853 I art     : Explicit concurrent mark sweep GC freed 1443(82KB) AllocSpace objects, 1(20KB) LOS objects, 30% free, 37MB/53MB, paused 488us total 84.069ms
08-06 17:44:51.426 11842 11853 I art     : Starting a blocking GC Explicit
08-06 17:44:51.429   512  2967 D audio_hw_primary: disable_audio_route: reset and update mixer path: low-latency-playback speaker
08-06 17:44:51.430   512  2967 D audio_hw_primary: disable_snd_device: snd_device(2: speaker)
08-06 17:44:51.439   512  2967 I soundtrigger: audio_extn_sound_trigger_update_device_status: device 0x2 of type 0 for Event 0
08-06 17:44:51.504 11842 11853 I art     : Explicit concurrent mark sweep GC freed 36(1312B) AllocSpace objects, 0(0B) LOS objects, 30% free, 37MB/53MB, paused 422us total 76.788ms
08-06 17:44:51.530 11842 11853 I art     : Starting a blocking GC Explicit
08-06 17:44:51.613 11842 11853 I art     : Explicit concurrent mark sweep GC freed 5(160B) AllocSpace objects, 0(0B) LOS objects, 30% free, 37MB/53MB, paused 471us total 82.213ms
08-06 17:44:51.642 11842 11853 I art     : Starting a blocking GC Explicit
08-06 17:44:51.729 11842 11853 I art     : Explicit concurrent mark sweep GC freed 3(96B) AllocSpace objects, 0(0B) LOS objects, 30% free, 37MB/53MB, paused 428us total 86.869ms
08-06 17:44:51.752 11842 11853 I art     : Starting a blocking GC Explicit
08-06 17:44:51.827 11842 11853 I art     : Explicit concurrent mark sweep GC freed 5(160B) AllocSpace objects, 0(0B) LOS objects, 30% free, 37MB/53MB, paused 448us total 74.176ms
08-06 17:44:52.121   518   646 I ThermalEngine: ACTION: GPU - Setting GPU[0] to 390000000
08-06 17:44:52.171 11842 11854 I art     : Starting a blocking GC Explicit
08-06 17:44:52.288 11842 11854 I art     : Explicit concurrent mark sweep GC freed 1293(75KB) AllocSpace objects, 1(20KB) LOS objects, 30% free, 37MB/53MB, paused 678us total 116.705ms
08-06 17:44:52.327 11842 11854 I art     : Starting a blocking GC Explicit
08-06 17:44:52.433 11842 11854 I art     : Explicit concurrent mark sweep GC freed 18(624B) AllocSpace objects, 0(0B) LOS objects, 30% free, 37MB/53MB, paused 778us total 105.628ms
08-06 17:44:52.473 11842 11854 I art     : Starting a blocking GC Explicit
08-06 17:44:52.617 11842 11854 I art     : Explicit concurrent mark sweep GC freed 15(480B) AllocSpace objects, 0(0B) LOS objects, 30% free, 37MB/53MB, paused 1.119ms total 143.715ms
08-06 17:44:52.669 11842 11854 I art     : Starting a blocking GC Explicit
08-06 17:44:52.749 12851 12851 D AndroidRuntime: >>>>>> START com.android.internal.os.RuntimeInit uid 2000 <<<<<<
08-06 17:44:52.756 12851 12851 D AndroidRuntime: CheckJNI is OFF
08-06 17:44:52.796 11842 11854 I art     : Explicit concurrent mark sweep GC freed 20(640B) AllocSpace objects, 0(0B) LOS objects, 30% free, 37MB/53MB, paused 1.046ms total 126.420ms
08-06 17:44:52.825 12851 12851 D ICU     : No timezone override file found: /data/misc/zoneinfo/current/icu/icu_tzdata.dat
08-06 17:44:52.836 11842 11854 I art     : Starting a blocking GC Explicit
08-06 17:44:52.869 12851 12851 I Radio-JNI: register_android_hardware_Radio DONE
08-06 17:44:52.900 12851 12851 D AndroidRuntime: Calling main entry com.android.commands.input.Input
08-06 17:44:52.903 12851 12851 I Input   : injectMotionEvent: MotionEvent { action=ACTION_DOWN, actionButton=0, id[0]=0, x[0]=1197.0, y[0]=1456.0, toolType[0]=TOOL_TYPE_UNKNOWN, buttonState=0, metaState=0, flags=0x0, edgeFlags=0x0, pointerCount=1, historySize=0, eventTime=899109315, downTime=899109315, deviceId=0, source=0x1002 }
08-06 17:44:52.908 12851 12851 I Input   : injectMotionEvent: MotionEvent { action=ACTION_UP, actionButton=0, id[0]=0, x[0]=1197.0, y[0]=1456.0, toolType[0]=TOOL_TYPE_UNKNOWN, buttonState=0, metaState=0, flags=0x0, edgeFlags=0x0, pointerCount=1, historySize=0, eventTime=899109315, downTime=899109315, deviceId=0, source=0x1002 }
08-06 17:44:52.910 12851 12851 D AndroidRuntime: Shutting down VM
08-06 17:44:52.920   512  2967 D audio_hw_primary: out_set_parameters: enter: usecase(1: low-latency-playback) kvpairs: routing=2
08-06 17:44:52.933   512  2967 D audio_hw_primary: select_devices: out_snd_device(2: speaker) in_snd_device(0: none)
08-06 17:44:52.933   512  2967 D msm8974_platform: platform_send_audio_calibration: sending audio calibration for snd_device(2) acdb_id(15)
08-06 17:44:52.934   512  2967 I soundtrigger: audio_extn_sound_trigger_update_device_status: device 0x2 of type 0 for Event 1
08-06 17:44:52.949 11842 11842 I SettingsManager: Setting string: savedCourse
08-06 17:44:52.950 11842 11854 I art     : Explicit concurrent mark sweep GC freed 1832(80KB) AllocSpace objects, 0(0B) LOS objects, 30% free, 37MB/53MB, paused 2.250ms total 113.691ms
08-06 17:44:52.951   512  2967 D audio_hw_primary: enable_snd_device: snd_device(2: speaker)
08-06 17:44:52.955   512  2967 D audio_hw_primary: enable_audio_route: apply and update mixer path: low-latency-playback speaker
08-06 17:44:52.958   918  6111 W BackupManagerService: dataChanged but no participant pkg='baseline.com.ak.uobtimetable' uid=10710
08-06 17:44:52.959   918  6110 I ActivityManager: START u0 {flg=0x4000000 cmp=baseline.com.ak.uobtimetable/.MainActivity (has extras)} from uid 10710 on display 0
08-06 17:44:52.975   918  3359 W InputMethodManagerService: Focus gain on non-focused client com.android.internal.view.IInputMethodClient$Stub$Proxy@35599e7 (uid=10710 pid=11842)
08-06 17:44:52.997 11842 11842 D MainActivity: OnDestroy
08-06 17:44:53.033 11842 11842 D MainActivity: onCreate
08-06 17:44:53.034 11842 11842 I SettingsManager: Getting string: savedSessions
08-06 17:44:53.034 11842 11842 I SettingsManager: Getting string: savedSessions
08-06 17:44:53.046 11842 11842 I SettingsManager: Getting string: savedSessionsCourseName
08-06 17:44:53.046 11842 11842 I SettingsManager: Getting string: savedSessionsCourseName
08-06 17:44:53.046 11842 11842 I SettingsManager: Getting string: savedSessionsDateRange
08-06 17:44:53.047 11842 11842 I SettingsManager: Getting string: savedSessionsDateRange
08-06 17:44:53.047 11842 11842 I Settings: 10 saved sessions - Bedfordshire International and EU Foundation Year - Int Foun - Ltn - Y0 Feb FT - Weeks: 24-38 (8 Jun 2020-20 Sep 2020)
08-06 17:44:53.091 11842 11842 I SettingsManager: Getting string: savedCourse
08-06 17:44:53.092 11842 11842 D MainActivity: sessionListFragmentArg: updateSessions
08-06 17:44:53.092 11842 11842 D MainActivity: showTermDatesConfigChange: false
08-06 17:44:53.092 11842 11842 D MainActivity: showTermDatesShortcut: false
08-06 17:44:53.093 11842 11842 D MainActivity: Setting initial fragment: SessionListsFragment
08-06 17:44:53.095 11842 11842 I SettingsManager: Getting int: launchCount
08-06 17:44:53.096 11842 11842 D SessionListsFragment: onCreateView
08-06 17:44:53.101 11842 11842 I SettingsManager: Getting string: savedCourse
08-06 17:44:53.107 11842 11842 I SettingsManager: Getting string: savedSessions
08-06 17:44:53.121 11842 11842 D SessionListsFragment: loadArgument: updateSessions
08-06 17:44:53.121 11842 11842 D SessionListsFragment: initialIndex: -1
08-06 17:44:53.126 11842 12878 D HTTP    : Request for: https://uob-timetable-api.adriankeenan.co.uk/sessions?dept=CM010&course=BSAIFAAF%2F02AA%2F0%2FFT&level=Foundation+Year
08-06 17:44:53.146 11842 11842 D TermDatesFragment: WebView loaded
08-06 17:44:53.147 11842 11842 D MainActivity: OnResume
08-06 17:44:53.166 11842 11842 I TermDatesFragment: Webview load %: 10
08-06 17:44:53.220 11842 12389 I art     : Starting a blocking GC Explicit
08-06 17:44:53.284   918   936 I ActivityManager: Displayed baseline.com.ak.uobtimetable/.MainActivity: +307ms
08-06 17:44:53.285 13866 13866 I GoogleInputMethodServic: GoogleInputMethodService.onFinishInput():3138 
08-06 17:44:53.288 13866 13866 I GoogleInputMethodServic: GoogleInputMethodService.onStartInput():1808 
08-06 17:44:53.328 11842 12389 I art     : Explicit concurrent mark sweep GC freed 20121(981KB) AllocSpace objects, 4(1380KB) LOS objects, 29% free, 37MB/53MB, paused 2.112ms total 107.156ms
08-06 17:44:53.374 11842 12389 I art     : Starting a blocking GC Explicit
08-06 17:44:53.391 11842 11842 I TermDatesFragment: Webview load %: 70
08-06 17:44:53.404 11842 11842 I TermDatesFragment: Webview load %: 100
08-06 17:44:53.406 11842 11842 I TermDatesFragment: Webview load %: 100
08-06 17:44:53.408 11842 12878 I NAPPA_EXPERIMENTATION: MetricNetworkRequestExecutionTime: REQUEST_DURATION_SYSTEM='279',REQUEST_DURATION_OKHTTP='34',REQUEST_SYNCHRONOUS='TRUE',RESPONSE_CODE='200',RESPONSE_METHOD='GET',RESPONSE_LENGTH_OKHTTP='-1',RESPONSE_LENGTH_HEADER='1214',REQUEST_PROTOCOL='http/1.1',REQUEST_URL='https://uob-timetable-api.adriankeenan.co.uk/sessions?dept=CM010&course=BSAIFAAF%2F02AA%2F0%2FFT&level=Foundation+Year',
08-06 17:44:53.450 11842 12878 I HTTP    : Response was compressed.
08-06 17:44:53.463 11842 12389 I art     : Explicit concurrent mark sweep GC freed 42579(1944KB) AllocSpace objects, 5(256KB) LOS objects, 30% free, 36MB/52MB, paused 1.434ms total 89.321ms
08-06 17:44:53.468 11842 12878 I Service : getSessions response time: 1.10
08-06 17:44:53.469 11842 11842 I SettingsManager: Getting string: savedSessions
08-06 17:44:53.472 11842 11842 I SettingsManager: Getting string: savedSessions
08-06 17:44:53.485 11842 11842 I Service : Sessions updated: 10
08-06 17:44:53.485 11842 11842 I Service : Sessions removed from new list: 0
08-06 17:44:53.497 11842 11842 I SettingsManager: Setting string: savedSessions
08-06 17:44:53.500   512  2967 D audio_hw_primary: disable_audio_route: reset and update mixer path: low-latency-playback speaker
08-06 17:44:53.501 11842 12389 I art     : Starting a blocking GC Explicit
08-06 17:44:53.503   512  2967 D audio_hw_primary: disable_snd_device: snd_device(2: speaker)
08-06 17:44:53.510   918   928 W BackupManagerService: dataChanged but no participant pkg='baseline.com.ak.uobtimetable' uid=10710
08-06 17:44:53.510   512  2967 I soundtrigger: audio_extn_sound_trigger_update_device_status: device 0x2 of type 0 for Event 0
08-06 17:44:53.511 11842 11842 I SettingsManager: Setting date: savedSessionsTime
08-06 17:44:53.521   918  4400 W BackupManagerService: dataChanged but no participant pkg='baseline.com.ak.uobtimetable' uid=10710
08-06 17:44:53.521 11842 11842 I SettingsManager: Setting string: savedSessionsCourseName
08-06 17:44:53.529   918  5132 W BackupManagerService: dataChanged but no participant pkg='baseline.com.ak.uobtimetable' uid=10710
08-06 17:44:53.530 11842 11842 I SettingsManager: Setting string: savedSessionsDateRange
08-06 17:44:53.530   918  5481 W BackupManagerService: dataChanged but no participant pkg='baseline.com.ak.uobtimetable' uid=10710
08-06 17:44:53.530 11842 11842 I SettingsManager: Setting string: timetableUrl
08-06 17:44:53.531   918  6111 W BackupManagerService: dataChanged but no participant pkg='baseline.com.ak.uobtimetable' uid=10710
08-06 17:44:53.531 11842 11842 I SettingsManager: Getting boolean: notifySessionRemindersEnabled
08-06 17:44:53.531 11842 11842 I SettingsManager: Getting int: notifySessionRemindersMinutes
08-06 17:44:53.531 11842 11842 I SettingsManager: Getting boolean: showHiddenSessions
08-06 17:44:53.535 11842 11842 I SessionReminderNotifier: Created session reminder alarm for f7b4771250a919bd729c1c5a4a459c77 at Mon 08:30:00 10/08/20
08-06 17:44:53.539 11842 11842 I SessionReminderNotifier: Created session reminder alarm for a7f879aabdeb78622c8820a5fb7b64cd at Tue 08:30:00 11/08/20
08-06 17:44:53.542 11842 11842 I SessionReminderNotifier: Created session reminder alarm for 7bc8d7e2c2055711f597c3d9078c6ea3 at Tue 08:30:00 11/08/20
08-06 17:44:53.544 11842 11842 I SessionReminderNotifier: Created session reminder alarm for 53c0527a6f009a1f2fd223834d3bfe51 at Tue 10:30:00 11/08/20
08-06 17:44:53.547 11842 11842 I SessionReminderNotifier: Created session reminder alarm for e0fc978b5db8218778540b4053344581 at Tue 11:00:00 11/08/20
08-06 17:44:53.551 11842 11842 I SessionReminderNotifier: Created session reminder alarm for 199afb0100f329ff65a09e1b0cd9deba at Tue 11:30:00 11/08/20
08-06 17:44:53.554 11842 11842 I SessionReminderNotifier: Created session reminder alarm for 21712fef61090882c855a1425543edb5 at Tue 13:30:00 11/08/20
08-06 17:44:53.557 11842 11842 I SessionReminderNotifier: Created session reminder alarm for 65ca4d97f031f29a4d02bbb45a705d8f at Wed 08:30:00 12/08/20
08-06 17:44:53.560 11842 11842 I SessionReminderNotifier: Created session reminder alarm for eeda7741b0bcab58fd9f46dc6ef1d942 at Wed 08:30:00 12/08/20
08-06 17:44:53.564 11842 11842 I SessionReminderNotifier: Created session reminder alarm for c276c1b2075a0beb67f1b3d1e580f920 at Wed 11:00:00 12/08/20
08-06 17:44:53.567 11842 11842 I SessionReminderNotifier: Created session reminder alarm for 8b1f3627e42ae13a6f6ba0a83903dde1 at Wed 13:30:00 12/08/20
08-06 17:44:53.570 11842 11842 I SessionReminderNotifier: Created session reminder alarm for 79fe0b5c3b887a13ba29db5a33fa2800 at Thu 08:30:00 13/08/20
08-06 17:44:53.577 11842 11842 I SessionReminderNotifier: Created session reminder alarm for cb9dfc8231cdba2be0835dc5709690e1 at Thu 08:30:00 13/08/20
08-06 17:44:53.580 11842 11842 I SessionReminderNotifier: Created session reminder alarm for f850dc24d6de60b7b89fa9e1a8c224c5 at Thu 12:00:00 13/08/20
08-06 17:44:53.583 11842 11842 I SessionReminderNotifier: Created session reminder alarm for 2ba1034116e4fffdd592dbf0796a43d5 at Fri 08:30:00 07/08/20
08-06 17:44:53.583 11842 11842 I SettingsManager: Getting boolean: showHiddenSessions
08-06 17:44:53.583 11842 11842 D SessionListsFragment: 1 sessions for day 0
08-06 17:44:53.583 11842 11842 D SessionListsFragment: 6 sessions for day 1
08-06 17:44:53.583 11842 11842 D SessionListsFragment: 4 sessions for day 2
08-06 17:44:53.583 11842 11842 D SessionListsFragment: 3 sessions for day 3
08-06 17:44:53.583 11842 11842 D SessionListsFragment: 1 sessions for day 4
08-06 17:44:53.595 11842 12389 I art     : Explicit concurrent mark sweep GC freed 17628(921KB) AllocSpace objects, 4(76KB) LOS objects, 30% free, 36MB/52MB, paused 1.338ms total 93.409ms
08-06 17:44:53.628 11842 12389 I art     : Starting a blocking GC Explicit
08-06 17:44:53.646 11842 11842 I SettingsManager: Getting boolean: showHiddenSessions
08-06 17:44:53.647 11842 11842 D SessionListsFragment: Refreshed ViewPager
08-06 17:44:53.647 11842 11842 I SettingsManager: Getting boolean: showHiddenSessions
08-06 17:44:53.648 11842 11842 I SettingsManager: Getting boolean: completedTutorial
08-06 17:44:53.648 11842 11842 I SettingsManager: Getting boolean: showHiddenSessions
08-06 17:44:53.648 11842 11842 I SettingsManager: Getting date: savedSessionsTime
08-06 17:44:53.727 11842 12389 I art     : Explicit concurrent mark sweep GC freed 23325(981KB) AllocSpace objects, 0(0B) LOS objects, 30% free, 36MB/52MB, paused 1.883ms total 98.636ms
08-06 17:44:53.763 11842 12389 I art     : Starting a blocking GC Explicit
08-06 17:44:53.872 11842 12389 I art     : Explicit concurrent mark sweep GC freed 37412(1516KB) AllocSpace objects, 0(0B) LOS objects, 30% free, 36MB/52MB, paused 1.902ms total 108.242ms
08-06 17:44:54.214 11842 12388 I art     : Starting a blocking GC Explicit
08-06 17:44:54.344 11842 12388 I art     : Explicit concurrent mark sweep GC freed 116309(4MB) AllocSpace objects, 1(20KB) LOS objects, 29% free, 37MB/53MB, paused 3.003ms total 129.203ms
08-06 17:44:54.382 11842 12388 I art     : Starting a blocking GC Explicit
08-06 17:44:54.497 11842 12388 I art     : Explicit concurrent mark sweep GC freed 47984(2MB) AllocSpace objects, 0(0B) LOS objects, 29% free, 37MB/53MB, paused 2.173ms total 114.559ms
08-06 17:44:54.536 11842 12388 I art     : Starting a blocking GC Explicit
08-06 17:44:54.648 11842 11842 I Choreographer: Skipped 59 frames!  The application may be doing too much work on its main thread.
08-06 17:44:54.661 11842 12388 I art     : Explicit concurrent mark sweep GC freed 42421(1742KB) AllocSpace objects, 0(0B) LOS objects, 29% free, 37MB/53MB, paused 1.556ms total 124.432ms
08-06 17:44:54.698 11842 12388 I art     : Starting a blocking GC Explicit
08-06 17:44:54.808 11842 12388 I art     : Explicit concurrent mark sweep GC freed 1736(123KB) AllocSpace objects, 0(0B) LOS objects, 29% free, 37MB/53MB, paused 808us total 109.252ms
08-06 17:44:54.849 11842 12388 I art     : Starting a blocking GC Explicit
08-06 17:44:54.922 11842 12388 I art     : Explicit concurrent mark sweep GC freed 121761(11MB) AllocSpace objects, 3(136KB) LOS objects, 37% free, 26MB/42MB, paused 1.194ms total 72.374ms
08-06 17:44:55.313 11842 12389 I art     : Starting a blocking GC Explicit
08-06 17:44:55.367 11842 12389 I art     : Explicit concurrent mark sweep GC freed 1614(89KB) AllocSpace objects, 1(20KB) LOS objects, 37% free, 26MB/42MB, paused 660us total 53.164ms
08-06 17:44:55.390 11842 12389 I art     : Starting a blocking GC Explicit
08-06 17:44:55.442 11842 12389 I art     : Explicit concurrent mark sweep GC freed 70(2304B) AllocSpace objects, 0(0B) LOS objects, 37% free, 26MB/42MB, paused 975us total 50.890ms
08-06 17:44:55.442 11842 11852 I art     : WaitForGcToComplete blocked for 51.295ms for cause HeapTrim
08-06 17:44:55.465 11842 12389 I art     : Starting a blocking GC Explicit
08-06 17:44:55.517 11842 12389 I art     : Explicit concurrent mark sweep GC freed 14(448B) AllocSpace objects, 0(0B) LOS objects, 37% free, 26MB/42MB, paused 794us total 50.681ms
08-06 17:44:55.539 11842 12389 I art     : Starting a blocking GC Explicit
08-06 17:44:55.590 11842 12389 I art     : Explicit concurrent mark sweep GC freed 4(160B) AllocSpace objects, 0(0B) LOS objects, 37% free, 26MB/42MB, paused 716us total 50.727ms
08-06 17:44:55.614 11842 12389 I art     : Starting a blocking GC Explicit
08-06 17:44:55.668 11842 12389 I art     : Explicit concurrent mark sweep GC freed 3(96B) AllocSpace objects, 0(0B) LOS objects, 37% free, 26MB/42MB, paused 936us total 53.695ms
08-06 17:44:56.007   918  3188 I hubconnection: sensorhub said: 'set_bias 3: -6.2784, 0.0000, 0.0000'
08-06 17:44:56.042 11842 11854 I art     : Starting a blocking GC Explicit
08-06 17:44:56.112 11842 11854 I art     : Explicit concurrent mark sweep GC freed 1293(75KB) AllocSpace objects, 1(20KB) LOS objects, 37% free, 26MB/42MB, paused 814us total 69.463ms
08-06 17:44:56.137 11842 11854 I art     : Starting a blocking GC Explicit
08-06 17:44:56.189 11842 11854 I art     : Explicit concurrent mark sweep GC freed 18(624B) AllocSpace objects, 0(0B) LOS objects, 37% free, 26MB/42MB, paused 722us total 51.570ms
08-06 17:44:56.213 11842 11854 I art     : Starting a blocking GC Explicit
08-06 17:44:56.268 11842 11854 I art     : Explicit concurrent mark sweep GC freed 3(96B) AllocSpace objects, 0(0B) LOS objects, 37% free, 26MB/42MB, paused 729us total 54.523ms
08-06 17:44:56.298 11842 11854 I art     : Starting a blocking GC Explicit
08-06 17:44:56.352 11842 11854 I art     : Explicit concurrent mark sweep GC freed 3(96B) AllocSpace objects, 0(0B) LOS objects, 37% free, 26MB/42MB, paused 1.032ms total 53.678ms
08-06 17:44:56.382 11842 11854 I art     : Starting a blocking GC Explicit
08-06 17:44:56.437 11842 11854 I art     : Explicit concurrent mark sweep GC freed 3(96B) AllocSpace objects, 0(0B) LOS objects, 37% free, 26MB/42MB, paused 1.240ms total 55.030ms
08-06 17:44:56.839 11842 11853 I art     : Starting a blocking GC Explicit
08-06 17:44:56.903 11842 11853 I art     : Explicit concurrent mark sweep GC freed 1293(75KB) AllocSpace objects, 1(20KB) LOS objects, 37% free, 26MB/42MB, paused 786us total 63.405ms
08-06 17:44:56.931 11842 11853 I art     : Starting a blocking GC Explicit
08-06 17:44:56.988 11842 11853 I art     : Explicit concurrent mark sweep GC freed 18(624B) AllocSpace objects, 0(0B) LOS objects, 37% free, 26MB/42MB, paused 1.117ms total 56.704ms
08-06 17:44:57.015 11842 11853 I art     : Starting a blocking GC Explicit
08-06 17:44:57.067 11842 11853 I art     : Explicit concurrent mark sweep GC freed 3(96B) AllocSpace objects, 0(0B) LOS objects, 37% free, 26MB/42MB, paused 689us total 51.913ms
08-06 17:44:57.091 11842 11853 I art     : Starting a blocking GC Explicit
08-06 17:44:57.144 11842 11853 I art     : Explicit concurrent mark sweep GC freed 3(96B) AllocSpace objects, 0(0B) LOS objects, 37% free, 26MB/42MB, paused 905us total 52.090ms
08-06 17:44:57.167 11842 11853 I art     : Starting a blocking GC Explicit
08-06 17:44:57.216 11842 11853 I art     : Explicit concurrent mark sweep GC freed 3(96B) AllocSpace objects, 0(0B) LOS objects, 37% free, 26MB/42MB, paused 673us total 48.460ms
08-06 17:44:57.552 11842 12055 I art     : Starting a blocking GC Explicit
08-06 17:44:57.609 11842 12055 I art     : Explicit concurrent mark sweep GC freed 1293(75KB) AllocSpace objects, 1(20KB) LOS objects, 37% free, 26MB/42MB, paused 869us total 57.223ms
08-06 17:44:57.633 11842 12055 I art     : Starting a blocking GC Explicit
08-06 17:44:57.683 11842 12055 I art     : Explicit concurrent mark sweep GC freed 28(976B) AllocSpace objects, 0(0B) LOS objects, 37% free, 26MB/42MB, paused 775us total 49.692ms
08-06 17:44:57.706 11842 12055 I art     : Starting a blocking GC Explicit
08-06 17:44:57.760 11842 12055 I art     : Explicit concurrent mark sweep GC freed 6(576B) AllocSpace objects, 0(0B) LOS objects, 37% free, 26MB/42MB, paused 967us total 53.456ms
08-06 17:44:57.785 11842 12055 I art     : Starting a blocking GC Explicit
08-06 17:44:57.814 12926 12926 D AndroidRuntime: >>>>>> START com.android.internal.os.RuntimeInit uid 2000 <<<<<<
08-06 17:44:57.819 12926 12926 D AndroidRuntime: CheckJNI is OFF
08-06 17:44:57.831 11842 12055 I art     : Explicit concurrent mark sweep GC freed 4(112B) AllocSpace objects, 0(0B) LOS objects, 37% free, 26MB/42MB, paused 732us total 46.141ms
08-06 17:44:57.852 11842 12055 I art     : Starting a blocking GC Explicit
08-06 17:44:57.877 12926 12926 D ICU     : No timezone override file found: /data/misc/zoneinfo/current/icu/icu_tzdata.dat
08-06 17:44:57.899 11842 12055 I art     : Explicit concurrent mark sweep GC freed 30(1152B) AllocSpace objects, 0(0B) LOS objects, 37% free, 26MB/42MB, paused 778us total 46.566ms
08-06 17:44:57.921 12926 12926 I Radio-JNI: register_android_hardware_Radio DONE
08-06 17:44:57.952 12926 12926 D AndroidRuntime: Calling main entry com.android.commands.input.Input
08-06 17:44:57.955 12926 12926 I Input   : injectMotionEvent: MotionEvent { action=ACTION_DOWN, actionButton=0, id[0]=0, x[0]=81.0, y[0]=176.0, toolType[0]=TOOL_TYPE_UNKNOWN, buttonState=0, metaState=0, flags=0x0, edgeFlags=0x0, pointerCount=1, historySize=0, eventTime=899114367, downTime=899114367, deviceId=0, source=0x1002 }
08-06 17:44:57.959 12926 12926 I Input   : injectMotionEvent: MotionEvent { action=ACTION_UP, actionButton=0, id[0]=0, x[0]=81.0, y[0]=176.0, toolType[0]=TOOL_TYPE_UNKNOWN, buttonState=0, metaState=0, flags=0x0, edgeFlags=0x0, pointerCount=1, historySize=0, eventTime=899114367, downTime=899114367, deviceId=0, source=0x1002 }
08-06 17:44:57.962 12926 12926 D AndroidRuntime: Shutting down VM
08-06 17:44:57.971   512  2967 D audio_hw_primary: out_set_parameters: enter: usecase(1: low-latency-playback) kvpairs: routing=2
08-06 17:44:57.985   512  2967 D audio_hw_primary: select_devices: out_snd_device(2: speaker) in_snd_device(0: none)
08-06 17:44:57.985   512  2967 D msm8974_platform: platform_send_audio_calibration: sending audio calibration for snd_device(2) acdb_id(15)
08-06 17:44:57.985   512  2967 I soundtrigger: audio_extn_sound_trigger_update_device_status: device 0x2 of type 0 for Event 1
08-06 17:44:58.002   512  2967 D audio_hw_primary: enable_snd_device: snd_device(2: speaker)
08-06 17:44:58.006   512  2967 D audio_hw_primary: enable_audio_route: apply and update mixer path: low-latency-playback speaker
08-06 17:44:58.008 13866 13866 I GoogleInputMethodServic: GoogleInputMethodService.onFinishInput():3138 
08-06 17:44:58.009 13866 13866 I GoogleInputMethodServic: GoogleInputMethodService.onStartInput():1808 
08-06 17:44:58.131   518   646 I ThermalEngine: ACTION: GPU - Setting GPU[0] to 450000000
08-06 17:44:58.227 11842 11853 I art     : Starting a blocking GC Explicit
08-06 17:44:58.271 11842 11853 I art     : Explicit concurrent mark sweep GC freed 1765(98KB) AllocSpace objects, 1(20KB) LOS objects, 37% free, 26MB/42MB, paused 781us total 43.779ms
08-06 17:44:58.288 11842 11853 I art     : Starting a blocking GC Explicit
08-06 17:44:58.332 11842 11853 I art     : Explicit concurrent mark sweep GC freed 176(11KB) AllocSpace objects, 0(0B) LOS objects, 37% free, 26MB/42MB, paused 488us total 43.585ms
08-06 17:44:58.348 11842 11853 I art     : Starting a blocking GC Explicit
08-06 17:44:58.389 11842 11853 I art     : Explicit concurrent mark sweep GC freed 11(384B) AllocSpace objects, 0(0B) LOS objects, 37% free, 26MB/42MB, paused 521us total 40.823ms
08-06 17:44:58.405 11842 11853 I art     : Starting a blocking GC Explicit
08-06 17:44:58.447 11842 11853 I art     : Explicit concurrent mark sweep GC freed 4(128B) AllocSpace objects, 0(0B) LOS objects, 37% free, 26MB/42MB, paused 609us total 42.335ms
08-06 17:44:58.463 11842 11853 I art     : Starting a blocking GC Explicit
08-06 17:44:58.503 11842 11853 I art     : Explicit concurrent mark sweep GC freed 5(160B) AllocSpace objects, 0(0B) LOS objects, 37% free, 26MB/42MB, paused 477us total 39.022ms
08-06 17:44:58.548   512  2967 D audio_hw_primary: disable_audio_route: reset and update mixer path: low-latency-playback speaker
08-06 17:44:58.550   512  2967 D audio_hw_primary: disable_snd_device: snd_device(2: speaker)
08-06 17:44:58.558   512  2967 I soundtrigger: audio_extn_sound_trigger_update_device_status: device 0x2 of type 0 for Event 0
08-06 17:44:58.830 11842 11853 I art     : Starting a blocking GC Explicit
08-06 17:44:58.893 11842 11853 I art     : Explicit concurrent mark sweep GC freed 1293(75KB) AllocSpace objects, 1(20KB) LOS objects, 37% free, 26MB/42MB, paused 870us total 62.933ms
08-06 17:44:58.913 11842 11853 I art     : Starting a blocking GC Explicit
08-06 17:44:58.954 11842 11853 I art     : Explicit concurrent mark sweep GC freed 20(688B) AllocSpace objects, 0(0B) LOS objects, 37% free, 26MB/42MB, paused 492us total 41.180ms
08-06 17:44:58.970 11842 11853 I art     : Starting a blocking GC Explicit
08-06 17:44:59.013 11842 11853 I art     : Explicit concurrent mark sweep GC freed 3(96B) AllocSpace objects, 0(0B) LOS objects, 37% free, 26MB/42MB, paused 502us total 42.431ms
08-06 17:44:59.028 11842 11853 I art     : Starting a blocking GC Explicit
08-06 17:44:59.071 11842 11853 I art     : Explicit concurrent mark sweep GC freed 3(96B) AllocSpace objects, 0(0B) LOS objects, 37% free, 26MB/42MB, paused 496us total 42.932ms
08-06 17:44:59.087 11842 11853 I art     : Starting a blocking GC Explicit
08-06 17:44:59.131 11842 11853 I art     : Explicit concurrent mark sweep GC freed 3(96B) AllocSpace objects, 0(0B) LOS objects, 37% free, 26MB/42MB, paused 498us total 43.297ms
08-06 17:44:59.136   518   646 I ThermalEngine: ACTION: GPU - Setting GPU[0] to 390000000
08-06 17:44:59.471 11842 12055 I art     : Starting a blocking GC Explicit
08-06 17:44:59.527 11842 12055 I art     : Explicit concurrent mark sweep GC freed 1293(75KB) AllocSpace objects, 1(20KB) LOS objects, 37% free, 26MB/42MB, paused 763us total 56.082ms
08-06 17:44:59.550 11842 12055 I art     : Starting a blocking GC Explicit
08-06 17:44:59.600 11842 12055 I art     : Explicit concurrent mark sweep GC freed 18(624B) AllocSpace objects, 0(0B) LOS objects, 37% free, 26MB/42MB, paused 809us total 49.815ms
08-06 17:44:59.630 11842 12055 I art     : Starting a blocking GC Explicit
08-06 17:44:59.681 11842 12055 I art     : Explicit concurrent mark sweep GC freed 11(352B) AllocSpace objects, 0(0B) LOS objects, 37% free, 26MB/42MB, paused 669us total 50.598ms
08-06 17:44:59.706 11842 12055 I art     : Starting a blocking GC Explicit
08-06 17:44:59.755 11842 12055 I art     : Explicit concurrent mark sweep GC freed 11(352B) AllocSpace objects, 0(0B) LOS objects, 37% free, 26MB/42MB, paused 808us total 48.322ms
08-06 17:44:59.779 11842 12055 I art     : Starting a blocking GC Explicit
08-06 17:44:59.826 11842 12055 I art     : Explicit concurrent mark sweep GC freed 13(416B) AllocSpace objects, 0(0B) LOS objects, 37% free, 26MB/42MB, paused 776us total 46.602ms
08-06 17:44:59.851 12971 12971 D AndroidRuntime: >>>>>> START com.android.internal.os.RuntimeInit uid 2000 <<<<<<
08-06 17:44:59.857 12971 12971 D AndroidRuntime: CheckJNI is OFF
08-06 17:44:59.912 12971 12971 D ICU     : No timezone override file found: /data/misc/zoneinfo/current/icu/icu_tzdata.dat
08-06 17:44:59.957 12971 12971 I Radio-JNI: register_android_hardware_Radio DONE
08-06 17:44:59.990 12971 12971 D AndroidRuntime: Calling main entry com.android.commands.input.Input
08-06 17:44:59.993 12971 12971 I Input   : injectMotionEvent: MotionEvent { action=ACTION_DOWN, actionButton=0, id[0]=0, x[0]=436.0, y[0]=1770.0, toolType[0]=TOOL_TYPE_UNKNOWN, buttonState=0, metaState=0, flags=0x0, edgeFlags=0x0, pointerCount=1, historySize=0, eventTime=899116405, downTime=899116405, deviceId=0, source=0x1002 }
08-06 17:44:59.999 12971 12971 I Input   : injectMotionEvent: MotionEvent { action=ACTION_UP, actionButton=0, id[0]=0, x[0]=436.0, y[0]=1770.0, toolType[0]=TOOL_TYPE_UNKNOWN, buttonState=0, metaState=0, flags=0x0, edgeFlags=0x0, pointerCount=1, historySize=0, eventTime=899116405, downTime=899116405, deviceId=0, source=0x1002 }
08-06 17:45:00.001 12971 12971 D AndroidRuntime: Shutting down VM
08-06 17:45:00.007 11842 11842 D MainActivity: NavigationItemSelected: Courses
08-06 17:45:00.009   512  2967 D audio_hw_primary: out_set_parameters: enter: usecase(1: low-latency-playback) kvpairs: routing=2
08-06 17:45:00.012   918   928 I ActivityManager: START u0 {cmp=baseline.com.ak.uobtimetable/.CourseListActivity} from uid 10710 on display 0
08-06 17:45:00.023   512  2967 D audio_hw_primary: select_devices: out_snd_device(2: speaker) in_snd_device(0: none)
08-06 17:45:00.023   512  2967 D msm8974_platform: platform_send_audio_calibration: sending audio calibration for snd_device(2) acdb_id(15)
08-06 17:45:00.023   512  2967 I soundtrigger: audio_extn_sound_trigger_update_device_status: device 0x2 of type 0 for Event 1
08-06 17:45:00.026 11842 11842 D MainActivity: OnPause
08-06 17:45:00.048   512  2967 D audio_hw_primary: enable_snd_device: snd_device(2: speaker)
08-06 17:45:00.051   512  2967 D audio_hw_primary: enable_audio_route: apply and update mixer path: low-latency-playback speaker
08-06 17:45:00.095 11842 11842 D CourseListActivity: onCreate
08-06 17:45:00.098 11842 13004 D HTTP    : Request for: https://uob-timetable-api.adriankeenan.co.uk/courses
08-06 17:45:00.173 13866 13866 I GoogleInputMethodServic: GoogleInputMethodService.onFinishInput():3138 
08-06 17:45:00.175   918   936 I ActivityManager: Displayed baseline.com.ak.uobtimetable/.CourseListActivity: +145ms
08-06 17:45:00.175 13866 13866 I GoogleInputMethodServic: GoogleInputMethodService.onStartInput():1808 
08-06 17:45:00.188 11842 11854 I art     : Starting a blocking GC Explicit
08-06 17:45:00.248 11842 11854 I art     : Explicit concurrent mark sweep GC freed 3989(220KB) AllocSpace objects, 1(20KB) LOS objects, 37% free, 26MB/42MB, paused 793us total 59.982ms
08-06 17:45:00.269 11842 11854 I art     : Starting a blocking GC Explicit
08-06 17:45:00.324 11842 11854 I art     : Explicit concurrent mark sweep GC freed 2938(161KB) AllocSpace objects, 3(200KB) LOS objects, 37% free, 26MB/42MB, paused 1.402ms total 54.838ms
08-06 17:45:00.351 11842 11854 I art     : Starting a blocking GC Explicit
08-06 17:45:00.359 11842 13004 I NAPPA_EXPERIMENTATION: MetricNetworkRequestExecutionTime: REQUEST_DURATION_SYSTEM='260',REQUEST_DURATION_OKHTTP='35',REQUEST_SYNCHRONOUS='TRUE',RESPONSE_CODE='200',RESPONSE_METHOD='GET',RESPONSE_LENGTH_OKHTTP='-1',RESPONSE_LENGTH_HEADER='-2',REQUEST_PROTOCOL='http/1.1',REQUEST_URL='https://uob-timetable-api.adriankeenan.co.uk/courses',
08-06 17:45:00.417 11842 11854 I art     : Explicit concurrent mark sweep GC freed 1144(133KB) AllocSpace objects, 0(0B) LOS objects, 36% free, 28MB/44MB, paused 1.170ms total 66.475ms
08-06 17:45:00.443 11842 11854 I art     : Starting a blocking GC Explicit
08-06 17:45:00.490 11842 11854 I art     : Explicit concurrent mark sweep GC freed 86(3KB) AllocSpace objects, 0(0B) LOS objects, 32% free, 32MB/48MB, paused 1.271ms total 46.146ms
08-06 17:45:00.511 11842 11854 I art     : Starting a blocking GC Explicit
08-06 17:45:00.539 11842 11842 D MainActivity: Saving state
08-06 17:45:00.540 11842 11842 D MainActivity: Saving current fragment: SessionListsFragment
08-06 17:45:00.540 11842 11842 D MainActivity: Saving current index: 3
08-06 17:45:00.540 11842 11842 D SessionListsFragment: Saving state
08-06 17:45:00.561 11842 11854 I art     : Explicit concurrent mark sweep GC freed 185(6KB) AllocSpace objects, 0(0B) LOS objects, 30% free, 35MB/51MB, paused 939us total 49.996ms
08-06 17:45:00.562 11842 11852 I art     : WaitForGcToComplete blocked for 44.904ms for cause HeapTrim
08-06 17:45:00.590   512  2967 D audio_hw_primary: disable_audio_route: reset and update mixer path: low-latency-playback speaker
08-06 17:45:00.591   512  2967 D audio_hw_primary: disable_snd_device: snd_device(2: speaker)
08-06 17:45:00.600   512  2967 I soundtrigger: audio_extn_sound_trigger_update_device_status: device 0x2 of type 0 for Event 0
08-06 17:45:00.833 11842 13004 I HTTP    : Response was compressed.
08-06 17:45:00.893 11842 12055 I art     : Starting a blocking GC Explicit
08-06 17:45:00.961 11842 12055 I art     : Explicit concurrent mark sweep GC freed 28863(1350KB) AllocSpace objects, 2(22MB) LOS objects, 27% free, 42MB/58MB, paused 1.528ms total 68.327ms
08-06 17:45:00.987 11842 12055 I art     : Starting a blocking GC Explicit
08-06 17:45:01.048 11842 12055 I art     : Explicit concurrent mark sweep GC freed 42493(2019KB) AllocSpace objects, 0(0B) LOS objects, 27% free, 42MB/58MB, paused 1.652ms total 61.360ms
08-06 17:45:01.072 11842 12055 I art     : Starting a blocking GC Explicit
08-06 17:45:01.135 11842 12055 I art     : Explicit concurrent mark sweep GC freed 39005(1829KB) AllocSpace objects, 0(0B) LOS objects, 27% free, 42MB/58MB, paused 1.541ms total 62.647ms
08-06 17:45:01.160 11842 12055 I art     : Starting a blocking GC Explicit
08-06 17:45:01.224 11842 12055 I art     : Explicit concurrent mark sweep GC freed 40320(1900KB) AllocSpace objects, 0(0B) LOS objects, 27% free, 42MB/58MB, paused 1.436ms total 63.542ms
08-06 17:45:01.248 11842 12055 I art     : Starting a blocking GC Explicit
08-06 17:45:01.317 11842 12055 I art     : Explicit concurrent mark sweep GC freed 41212(1932KB) AllocSpace objects, 0(0B) LOS objects, 27% free, 43MB/59MB, paused 2.570ms total 68.806ms
08-06 17:45:01.672 11842 11853 I art     : Starting a blocking GC Explicit
08-06 17:45:01.768 11842 11853 I art     : Explicit concurrent mark sweep GC freed 196236(9MB) AllocSpace objects, 1(20KB) LOS objects, 26% free, 45MB/61MB, paused 2.843ms total 95.699ms
08-06 17:45:01.797 11842 11853 I art     : Starting a blocking GC Explicit
08-06 17:45:01.868 11842 11853 I art     : Explicit concurrent mark sweep GC freed 52830(2MB) AllocSpace objects, 0(0B) LOS objects, 26% free, 45MB/61MB, paused 1.686ms total 70.127ms
08-06 17:45:01.894 11842 11853 I art     : Starting a blocking GC Explicit
08-06 17:45:01.971 11842 11853 I art     : Explicit concurrent mark sweep GC freed 47105(2MB) AllocSpace objects, 0(0B) LOS objects, 26% free, 45MB/61MB, paused 1.743ms total 76.265ms
08-06 17:45:02.000 11842 11853 I art     : Starting a blocking GC Explicit
08-06 17:45:02.080 11842 11853 I art     : Explicit concurrent mark sweep GC freed 49316(2MB) AllocSpace objects, 0(0B) LOS objects, 25% free, 45MB/61MB, paused 1.628ms total 80.037ms
08-06 17:45:02.110 11842 11853 I art     : Starting a blocking GC Explicit
08-06 17:45:02.189 11842 11853 I art     : Explicit concurrent mark sweep GC freed 48850(2MB) AllocSpace objects, 0(0B) LOS objects, 25% free, 46MB/62MB, paused 1.712ms total 79.105ms
08-06 17:45:02.540 11842 11854 I art     : Starting a blocking GC Explicit
08-06 17:45:02.652 11842 11854 I art     : Explicit concurrent mark sweep GC freed 202052(9MB) AllocSpace objects, 1(20KB) LOS objects, 25% free, 47MB/63MB, paused 1.787ms total 112.184ms
08-06 17:45:02.685 11842 11854 I art     : Starting a blocking GC Explicit
08-06 17:45:02.772 11842 11854 I art     : Explicit concurrent mark sweep GC freed 60352(2MB) AllocSpace objects, 0(0B) LOS objects, 24% free, 48MB/64MB, paused 1.976ms total 87.322ms
08-06 17:45:02.805 11842 11854 I art     : Starting a blocking GC Explicit
08-06 17:45:02.900 11842 11854 I art     : Explicit concurrent mark sweep GC freed 56590(2MB) AllocSpace objects, 0(0B) LOS objects, 24% free, 48MB/64MB, paused 2.620ms total 93.990ms
08-06 17:45:02.934 11842 11854 I art     : Starting a blocking GC Explicit
08-06 17:45:03.032 11842 11854 I art     : Explicit concurrent mark sweep GC freed 54646(2MB) AllocSpace objects, 0(0B) LOS objects, 24% free, 48MB/64MB, paused 3.071ms total 98.267ms
08-06 17:45:03.066 11842 11854 I art     : Starting a blocking GC Explicit
08-06 17:45:03.163 11842 11854 I art     : Explicit concurrent mark sweep GC freed 56560(2MB) AllocSpace objects, 0(0B) LOS objects, 24% free, 49MB/65MB, paused 1.887ms total 96.753ms
08-06 17:45:03.512 11842 12389 I art     : Starting a blocking GC Explicit
08-06 17:45:03.640 11842 12389 I art     : Explicit concurrent mark sweep GC freed 212781(9MB) AllocSpace objects, 1(20KB) LOS objects, 23% free, 51MB/67MB, paused 2.131ms total 128.381ms
08-06 17:45:03.677 11842 12389 I art     : Starting a blocking GC Explicit
08-06 17:45:03.786 11842 12389 I art     : Explicit concurrent mark sweep GC freed 67174(3MB) AllocSpace objects, 0(0B) LOS objects, 23% free, 51MB/67MB, paused 2.467ms total 108.932ms
08-06 17:45:03.822 11842 12389 I art     : Starting a blocking GC Explicit
08-06 17:45:03.934 11842 12389 I art     : Explicit concurrent mark sweep GC freed 65435(2MB) AllocSpace objects, 0(0B) LOS objects, 23% free, 51MB/67MB, paused 2.249ms total 111.805ms
08-06 17:45:03.974 11842 12389 I art     : Starting a blocking GC Explicit
08-06 17:45:04.091 11842 12389 I art     : Explicit concurrent mark sweep GC freed 70234(3MB) AllocSpace objects, 0(0B) LOS objects, 23% free, 52MB/68MB, paused 2.550ms total 117.230ms
08-06 17:45:04.130 11842 12389 I art     : Starting a blocking GC Explicit
08-06 17:45:04.169 11842 13004 I Service : getCourses response time: 0.69
08-06 17:45:04.178 11842 11842 I SettingsManager: Getting string: savedCourse
08-06 17:45:04.242 11842 12389 I art     : Explicit concurrent mark sweep GC freed 42483(2046KB) AllocSpace objects, 0(0B) LOS objects, 23% free, 52MB/68MB, paused 1.496ms total 111.757ms
08-06 17:45:04.602 11842 11853 I art     : Starting a blocking GC Explicit
08-06 17:45:04.645   918  3261 D WifiStateMachine: starting scan for "H369AA63323"WPA_PSK with 2412,5180
08-06 17:45:04.742 11842 11853 I art     : Explicit concurrent mark sweep GC freed 2397(122KB) AllocSpace objects, 2(15MB) LOS objects, 29% free, 37MB/53MB, paused 744us total 139.917ms
08-06 17:45:04.783 11842 11853 I art     : Starting a blocking GC Explicit
08-06 17:45:04.901 11842 11853 I art     : Explicit concurrent mark sweep GC freed 747(66KB) AllocSpace objects, 0(0B) LOS objects, 29% free, 37MB/53MB, paused 957us total 117.075ms
08-06 17:45:04.945 11842 11853 I art     : Starting a blocking GC Explicit
08-06 17:45:05.060 11842 11853 I art     : Explicit concurrent mark sweep GC freed 3(96B) AllocSpace objects, 0(0B) LOS objects, 29% free, 37MB/53MB, paused 943us total 114.579ms
08-06 17:45:05.106 11842 11853 I art     : Starting a blocking GC Explicit
08-06 17:45:05.218 11842 11853 I art     : Explicit concurrent mark sweep GC freed 3(96B) AllocSpace objects, 0(0B) LOS objects, 29% free, 37MB/53MB, paused 987us total 111.447ms
08-06 17:45:05.269 11842 11853 I art     : Starting a blocking GC Explicit
08-06 17:45:05.399 11842 11853 I art     : Explicit concurrent mark sweep GC freed 3(96B) AllocSpace objects, 0(0B) LOS objects, 29% free, 37MB/53MB, paused 1.122ms total 130.334ms
08-06 17:45:05.669 11842 12388 I art     : Starting a blocking GC Explicit
08-06 17:45:05.805 11842 12388 I art     : Explicit concurrent mark sweep GC freed 1293(75KB) AllocSpace objects, 1(20KB) LOS objects, 29% free, 37MB/53MB, paused 1.155ms total 135.921ms
08-06 17:45:05.855 11842 12388 I art     : Starting a blocking GC Explicit
08-06 17:45:05.965 11842 12388 I art     : Explicit concurrent mark sweep GC freed 21(752B) AllocSpace objects, 0(0B) LOS objects, 29% free, 37MB/53MB, paused 946us total 109.189ms
08-06 17:45:06.007 11842 12388 I art     : Starting a blocking GC Explicit
08-06 17:45:06.119 11842 12388 I art     : Explicit concurrent mark sweep GC freed 3(96B) AllocSpace objects, 0(0B) LOS objects, 29% free, 37MB/53MB, paused 1.093ms total 111.307ms
08-06 17:45:06.166 11842 12388 I art     : Starting a blocking GC Explicit
08-06 17:45:06.276 11842 12388 I art     : Explicit concurrent mark sweep GC freed 3(96B) AllocSpace objects, 0(0B) LOS objects, 29% free, 37MB/53MB, paused 949us total 109.950ms
08-06 17:45:06.315 11842 12388 I art     : Starting a blocking GC Explicit
08-06 17:45:06.420 11842 12388 I art     : Explicit concurrent mark sweep GC freed 3(96B) AllocSpace objects, 0(0B) LOS objects, 29% free, 37MB/53MB, paused 868us total 104.148ms
08-06 17:45:06.675 11842 12055 I art     : Starting a blocking GC Explicit
08-06 17:45:06.807 11842 12055 I art     : Explicit concurrent mark sweep GC freed 1293(75KB) AllocSpace objects, 1(20KB) LOS objects, 29% free, 37MB/53MB, paused 822us total 131.654ms
08-06 17:45:06.847 11842 12055 I art     : Starting a blocking GC Explicit
08-06 17:45:06.893 13069 13069 D AndroidRuntime: >>>>>> START com.android.internal.os.RuntimeInit uid 2000 <<<<<<
08-06 17:45:06.899 13069 13069 D AndroidRuntime: CheckJNI is OFF
08-06 17:45:06.950 13069 13069 D ICU     : No timezone override file found: /data/misc/zoneinfo/current/icu/icu_tzdata.dat
08-06 17:45:06.952 11842 12055 I art     : Explicit concurrent mark sweep GC freed 18(624B) AllocSpace objects, 0(0B) LOS objects, 29% free, 37MB/53MB, paused 947us total 104.561ms
08-06 17:45:06.991 11842 12055 I art     : Starting a blocking GC Explicit
08-06 17:45:06.995 13069 13069 I Radio-JNI: register_android_hardware_Radio DONE
08-06 17:45:07.027 13069 13069 D AndroidRuntime: Calling main entry com.android.commands.input.Input
08-06 17:45:07.029 13069 13069 I Input   : injectMotionEvent: MotionEvent { action=ACTION_DOWN, actionButton=0, id[0]=0, x[0]=648.0, y[0]=709.0, toolType[0]=TOOL_TYPE_UNKNOWN, buttonState=0, metaState=0, flags=0x0, edgeFlags=0x0, pointerCount=1, historySize=0, eventTime=899123441, downTime=899123441, deviceId=0, source=0x1002 }
08-06 17:45:07.034 13069 13069 I Input   : injectMotionEvent: MotionEvent { action=ACTION_UP, actionButton=0, id[0]=0, x[0]=648.0, y[0]=709.0, toolType[0]=TOOL_TYPE_UNKNOWN, buttonState=0, metaState=0, flags=0x0, edgeFlags=0x0, pointerCount=1, historySize=0, eventTime=899123441, downTime=899123441, deviceId=0, source=0x1002 }
08-06 17:45:07.036 13069 13069 D AndroidRuntime: Shutting down VM
08-06 17:45:07.103   512  2967 D audio_hw_primary: out_set_parameters: enter: usecase(1: low-latency-playback) kvpairs: routing=2
08-06 17:45:07.104 11842 12055 I art     : Explicit concurrent mark sweep GC freed 28(1200B) AllocSpace objects, 0(0B) LOS objects, 29% free, 37MB/53MB, paused 1.234ms total 112.734ms
08-06 17:45:07.117   512  2967 D audio_hw_primary: select_devices: out_snd_device(2: speaker) in_snd_device(0: none)
08-06 17:45:07.117   512  2967 D msm8974_platform: platform_send_audio_calibration: sending audio calibration for snd_device(2) acdb_id(15)
08-06 17:45:07.117   512  2967 I soundtrigger: audio_extn_sound_trigger_update_device_status: device 0x2 of type 0 for Event 1
08-06 17:45:07.128   512  2967 D audio_hw_primary: enable_snd_device: snd_device(2: speaker)
08-06 17:45:07.131   512  2967 D audio_hw_primary: enable_audio_route: apply and update mixer path: low-latency-playback speaker
08-06 17:45:07.144 11842 12055 I art     : Starting a blocking GC Explicit
08-06 17:45:07.244 11842 12055 I art     : Explicit concurrent mark sweep GC freed 728(56KB) AllocSpace objects, 1(20KB) LOS objects, 29% free, 37MB/53MB, paused 746us total 99.218ms
08-06 17:45:07.288 11842 12055 I art     : Starting a blocking GC Explicit
08-06 17:45:07.412 11842 12055 I art     : Explicit concurrent mark sweep GC freed 147(6KB) AllocSpace objects, 0(0B) LOS objects, 29% free, 37MB/53MB, paused 993us total 124.108ms
08-06 17:45:07.680   512  2967 D audio_hw_primary: disable_audio_route: reset and update mixer path: low-latency-playback speaker
08-06 17:45:07.684   512  2967 D audio_hw_primary: disable_snd_device: snd_device(2: speaker)
08-06 17:45:07.694   512  2967 I soundtrigger: audio_extn_sound_trigger_update_device_status: device 0x2 of type 0 for Event 0
08-06 17:45:07.727 11842 11854 I art     : Starting a blocking GC Explicit
08-06 17:45:07.874 11842 11854 I art     : Explicit concurrent mark sweep GC freed 1299(75KB) AllocSpace objects, 1(20KB) LOS objects, 29% free, 37MB/53MB, paused 1.002ms total 146.707ms
08-06 17:45:07.930 11842 11854 I art     : Starting a blocking GC Explicit
08-06 17:45:08.042 11842 11854 I art     : Explicit concurrent mark sweep GC freed 26(880B) AllocSpace objects, 0(0B) LOS objects, 29% free, 37MB/53MB, paused 780us total 111.176ms
08-06 17:45:08.083 11842 11854 I art     : Starting a blocking GC Explicit
08-06 17:45:08.193 11842 11854 I art     : Explicit concurrent mark sweep GC freed 5(160B) AllocSpace objects, 0(0B) LOS objects, 29% free, 37MB/53MB, paused 809us total 109.210ms
08-06 17:45:08.234 11842 11854 I art     : Starting a blocking GC Explicit
08-06 17:45:08.343 11842 11854 I art     : Explicit concurrent mark sweep GC freed 3(96B) AllocSpace objects, 0(0B) LOS objects, 29% free, 37MB/53MB, paused 754us total 108.323ms
08-06 17:45:08.384 11842 11854 I art     : Starting a blocking GC Explicit
08-06 17:45:08.491 11842 11854 I art     : Explicit concurrent mark sweep GC freed 3(96B) AllocSpace objects, 0(0B) LOS objects, 29% free, 37MB/53MB, paused 964us total 106.930ms
08-06 17:45:08.745 11842 11853 I art     : Starting a blocking GC Explicit
08-06 17:45:08.904 11842 11853 I art     : Explicit concurrent mark sweep GC freed 1311(76KB) AllocSpace objects, 1(20KB) LOS objects, 29% free, 37MB/53MB, paused 1.484ms total 158.092ms
08-06 17:45:08.959 11842 11853 I art     : Starting a blocking GC Explicit
08-06 17:45:08.959 13102 13102 D AndroidRuntime: >>>>>> START com.android.internal.os.RuntimeInit uid 2000 <<<<<<
08-06 17:45:08.968 13102 13102 D AndroidRuntime: CheckJNI is OFF
08-06 17:45:09.034 13102 13102 D ICU     : No timezone override file found: /data/misc/zoneinfo/current/icu/icu_tzdata.dat
08-06 17:45:09.083 13102 13102 I Radio-JNI: register_android_hardware_Radio DONE
08-06 17:45:09.084 11842 11853 I art     : Explicit concurrent mark sweep GC freed 29(976B) AllocSpace objects, 0(0B) LOS objects, 29% free, 37MB/53MB, paused 1.028ms total 124.719ms
08-06 17:45:09.117 13102 13102 D AndroidRuntime: Calling main entry com.android.commands.input.Input
08-06 17:45:09.119 13102 13102 I Input   : injectMotionEvent: MotionEvent { action=ACTION_DOWN, actionButton=0, id[0]=0, x[0]=1197.0, y[0]=1456.0, toolType[0]=TOOL_TYPE_UNKNOWN, buttonState=0, metaState=0, flags=0x0, edgeFlags=0x0, pointerCount=1, historySize=0, eventTime=899125532, downTime=899125532, deviceId=0, source=0x1002 }
08-06 17:45:09.123 11842 11853 I art     : Starting a blocking GC Explicit
08-06 17:45:09.124 13102 13102 I Input   : injectMotionEvent: MotionEvent { action=ACTION_UP, actionButton=0, id[0]=0, x[0]=1197.0, y[0]=1456.0, toolType[0]=TOOL_TYPE_UNKNOWN, buttonState=0, metaState=0, flags=0x0, edgeFlags=0x0, pointerCount=1, historySize=0, eventTime=899125532, downTime=899125532, deviceId=0, source=0x1002 }
08-06 17:45:09.126 13102 13102 D AndroidRuntime: Shutting down VM
08-06 17:45:09.136   512  2967 D audio_hw_primary: out_set_parameters: enter: usecase(1: low-latency-playback) kvpairs: routing=2
08-06 17:45:09.149   512  2967 D audio_hw_primary: select_devices: out_snd_device(2: speaker) in_snd_device(0: none)
08-06 17:45:09.150   512  2967 D msm8974_platform: platform_send_audio_calibration: sending audio calibration for snd_device(2) acdb_id(15)
08-06 17:45:09.150   512  2967 I soundtrigger: audio_extn_sound_trigger_update_device_status: device 0x2 of type 0 for Event 1
08-06 17:45:09.151 11842 11842 I SettingsManager: Setting string: savedCourse
08-06 17:45:09.153   918  6112 W BackupManagerService: dataChanged but no participant pkg='baseline.com.ak.uobtimetable' uid=10710
08-06 17:45:09.155   918  6029 I ActivityManager: START u0 {flg=0x4000000 cmp=baseline.com.ak.uobtimetable/.MainActivity (has extras)} from uid 10710 on display 0
08-06 17:45:09.165   512  2967 D audio_hw_primary: enable_snd_device: snd_device(2: speaker)
08-06 17:45:09.168   512  2967 D audio_hw_primary: enable_audio_route: apply and update mixer path: low-latency-playback speaker
08-06 17:45:09.177   918   929 W InputMethodManagerService: Focus gain on non-focused client com.android.internal.view.IInputMethodClient$Stub$Proxy@35599e7 (uid=10710 pid=11842)
08-06 17:45:09.200 11842 11842 D MainActivity: OnDestroy
08-06 17:45:09.240 11842 11842 D MainActivity: onCreate
08-06 17:45:09.240 11842 11842 I SettingsManager: Getting string: savedSessions
08-06 17:45:09.241 11842 11842 I SettingsManager: Getting string: savedSessions
08-06 17:45:09.242 11842 11853 I art     : Explicit concurrent mark sweep GC freed 5365(251KB) AllocSpace objects, 0(0B) LOS objects, 29% free, 37MB/53MB, paused 2.014ms total 118.579ms
08-06 17:45:09.255 11842 11842 I SettingsManager: Getting string: savedSessionsCourseName
08-06 17:45:09.255 11842 11842 I SettingsManager: Getting string: savedSessionsCourseName
08-06 17:45:09.255 11842 11842 I SettingsManager: Getting string: savedSessionsDateRange
08-06 17:45:09.255 11842 11842 I SettingsManager: Getting string: savedSessionsDateRange
08-06 17:45:09.255 11842 11842 I Settings: 15 saved sessions - Artificial Intelligence and Robotics (with Foundation Year) - BSc (Hons) - Ltn - Y0 Feb FT - Weeks: 24-38 (8 Jun 2020-20 Sep 2020)
08-06 17:45:09.281 11842 11853 I art     : Starting a blocking GC Explicit
08-06 17:45:09.294 11842 11842 I SettingsManager: Getting string: savedCourse
08-06 17:45:09.295 11842 11842 D MainActivity: sessionListFragmentArg: updateSessions
08-06 17:45:09.295 11842 11842 D MainActivity: showTermDatesConfigChange: false
08-06 17:45:09.295 11842 11842 D MainActivity: showTermDatesShortcut: false
08-06 17:45:09.297 11842 11842 D MainActivity: Setting initial fragment: SessionListsFragment
08-06 17:45:09.298 11842 11842 I SettingsManager: Getting int: launchCount
08-06 17:45:09.299 11842 11842 D SessionListsFragment: onCreateView
08-06 17:45:09.306 11842 11842 I SettingsManager: Getting string: savedCourse
08-06 17:45:09.311 11842 11842 I SettingsManager: Getting string: savedSessions
08-06 17:45:09.325 11842 11842 D SessionListsFragment: loadArgument: updateSessions
08-06 17:45:09.325 11842 11842 D SessionListsFragment: initialIndex: -1
08-06 17:45:09.361 11842 11842 D TermDatesFragment: WebView loaded
08-06 17:45:09.361 11842 11842 D MainActivity: OnResume
08-06 17:45:09.363 11842 13125 D HTTP    : Request for: https://uob-timetable-api.adriankeenan.co.uk/sessions?dept=CM010&course=BSAIFAAF%2F02AA%2F0%2FFT&level=Foundation+Year
08-06 17:45:09.406 11842 11853 I art     : Explicit concurrent mark sweep GC freed 16281(775KB) AllocSpace objects, 2(152KB) LOS objects, 29% free, 38MB/54MB, paused 1.405ms total 124.945ms
08-06 17:45:09.444 11842 11853 I art     : Starting a blocking GC Explicit
08-06 17:45:09.477 11842 11842 I TermDatesFragment: Webview load %: 10
08-06 17:45:09.505 13866 13866 I GoogleInputMethodServic: GoogleInputMethodService.onFinishInput():3138 
08-06 17:45:09.505   918   936 I ActivityManager: Displayed baseline.com.ak.uobtimetable/.MainActivity: +325ms
08-06 17:45:09.505 13866 13866 I GoogleInputMethodServic: GoogleInputMethodService.onStartInput():1808 
08-06 17:45:09.547 11842 11853 I art     : Explicit concurrent mark sweep GC freed 39427(1761KB) AllocSpace objects, 8(1540KB) LOS objects, 30% free, 36MB/52MB, paused 1.825ms total 103.025ms
08-06 17:45:09.585 11842 11842 I TermDatesFragment: Webview load %: 70
08-06 17:45:09.595 11842 11842 I TermDatesFragment: Webview load %: 100
08-06 17:45:09.596 11842 11842 I TermDatesFragment: Webview load %: 100
08-06 17:45:09.602 11842 13125 I NAPPA_EXPERIMENTATION: MetricNetworkRequestExecutionTime: REQUEST_DURATION_SYSTEM='225',REQUEST_DURATION_OKHTTP='29',REQUEST_SYNCHRONOUS='TRUE',RESPONSE_CODE='200',RESPONSE_METHOD='GET',RESPONSE_LENGTH_OKHTTP='-1',RESPONSE_LENGTH_HEADER='1214',REQUEST_PROTOCOL='http/1.1',REQUEST_URL='https://uob-timetable-api.adriankeenan.co.uk/sessions?dept=CM010&course=BSAIFAAF%2F02AA%2F0%2FFT&level=Foundation+Year',
08-06 17:45:09.644 11842 13125 I HTTP    : Response was compressed.
08-06 17:45:09.660 11842 13125 I Service : getSessions response time: 1.10
08-06 17:45:09.660 11842 11842 I SettingsManager: Getting string: savedSessions
08-06 17:45:09.661 11842 11842 I SettingsManager: Getting string: savedSessions
08-06 17:45:09.676 11842 11842 I Service : Sessions updated: 15
08-06 17:45:09.676 11842 11842 I Service : Sessions removed from new list: 0
08-06 17:45:09.690 11842 11842 I SettingsManager: Setting string: savedSessions
08-06 17:45:09.691   918  5481 W BackupManagerService: dataChanged but no participant pkg='baseline.com.ak.uobtimetable' uid=10710
08-06 17:45:09.691 11842 11842 I SettingsManager: Setting date: savedSessionsTime
08-06 17:45:09.700   918  5952 W BackupManagerService: dataChanged but no participant pkg='baseline.com.ak.uobtimetable' uid=10710
08-06 17:45:09.702 11842 11842 I SettingsManager: Setting string: savedSessionsCourseName
08-06 17:45:09.703   918  6111 W BackupManagerService: dataChanged but no participant pkg='baseline.com.ak.uobtimetable' uid=10710
08-06 17:45:09.704 11842 11842 I SettingsManager: Setting string: savedSessionsDateRange
08-06 17:45:09.704   918  3961 W BackupManagerService: dataChanged but no participant pkg='baseline.com.ak.uobtimetable' uid=10710
08-06 17:45:09.705 11842 11842 I SettingsManager: Setting string: timetableUrl
08-06 17:45:09.705   918   928 W BackupManagerService: dataChanged but no participant pkg='baseline.com.ak.uobtimetable' uid=10710
08-06 17:45:09.705 11842 11842 I SettingsManager: Getting boolean: notifySessionRemindersEnabled
08-06 17:45:09.706 11842 11842 I SettingsManager: Getting int: notifySessionRemindersMinutes
08-06 17:45:09.706 11842 11842 I SettingsManager: Getting boolean: showHiddenSessions
08-06 17:45:09.709 11842 11842 I SessionReminderNotifier: Created session reminder alarm for f7b4771250a919bd729c1c5a4a459c77 at Mon 08:30:00 10/08/20
08-06 17:45:09.712 11842 11842 I SessionReminderNotifier: Created session reminder alarm for a7f879aabdeb78622c8820a5fb7b64cd at Tue 08:30:00 11/08/20
08-06 17:45:09.718 11842 11842 I SessionReminderNotifier: Created session reminder alarm for 7bc8d7e2c2055711f597c3d9078c6ea3 at Tue 08:30:00 11/08/20
08-06 17:45:09.720   512  2967 D audio_hw_primary: disable_audio_route: reset and update mixer path: low-latency-playback speaker
08-06 17:45:09.722   512  2967 D audio_hw_primary: disable_snd_device: snd_device(2: speaker)
08-06 17:45:09.724 11842 11842 I SessionReminderNotifier: Created session reminder alarm for 53c0527a6f009a1f2fd223834d3bfe51 at Tue 10:30:00 11/08/20
08-06 17:45:09.727 11842 11842 I SessionReminderNotifier: Created session reminder alarm for e0fc978b5db8218778540b4053344581 at Tue 11:00:00 11/08/20
08-06 17:45:09.730 11842 11842 I SessionReminderNotifier: Created session reminder alarm for 199afb0100f329ff65a09e1b0cd9deba at Tue 11:30:00 11/08/20
08-06 17:45:09.735 11842 11842 I SessionReminderNotifier: Created session reminder alarm for 21712fef61090882c855a1425543edb5 at Tue 13:30:00 11/08/20
08-06 17:45:09.740   512  2967 I soundtrigger: audio_extn_sound_trigger_update_device_status: device 0x2 of type 0 for Event 0
08-06 17:45:09.741 11842 11842 I SessionReminderNotifier: Created session reminder alarm for 65ca4d97f031f29a4d02bbb45a705d8f at Wed 08:30:00 12/08/20
08-06 17:45:09.744 11842 11842 I SessionReminderNotifier: Created session reminder alarm for eeda7741b0bcab58fd9f46dc6ef1d942 at Wed 08:30:00 12/08/20
08-06 17:45:09.748 11842 11842 I SessionReminderNotifier: Created session reminder alarm for c276c1b2075a0beb67f1b3d1e580f920 at Wed 11:00:00 12/08/20
08-06 17:45:09.754 11842 11842 I SessionReminderNotifier: Created session reminder alarm for 8b1f3627e42ae13a6f6ba0a83903dde1 at Wed 13:30:00 12/08/20
08-06 17:45:09.758 11842 11842 I SessionReminderNotifier: Created session reminder alarm for 79fe0b5c3b887a13ba29db5a33fa2800 at Thu 08:30:00 13/08/20
08-06 17:45:09.762 11842 11842 I SessionReminderNotifier: Created session reminder alarm for cb9dfc8231cdba2be0835dc5709690e1 at Thu 08:30:00 13/08/20
08-06 17:45:09.766 11842 11842 I SessionReminderNotifier: Created session reminder alarm for f850dc24d6de60b7b89fa9e1a8c224c5 at Thu 12:00:00 13/08/20
08-06 17:45:09.769 11842 11842 I SessionReminderNotifier: Created session reminder alarm for 2ba1034116e4fffdd592dbf0796a43d5 at Fri 08:30:00 07/08/20
08-06 17:45:09.769 11842 11842 I SettingsManager: Getting boolean: showHiddenSessions
08-06 17:45:09.770 11842 11842 D SessionListsFragment: 1 sessions for day 0
08-06 17:45:09.770 11842 11842 D SessionListsFragment: 6 sessions for day 1
08-06 17:45:09.770 11842 11842 D SessionListsFragment: 4 sessions for day 2
08-06 17:45:09.770 11842 11842 D SessionListsFragment: 3 sessions for day 3
08-06 17:45:09.770 11842 11842 D SessionListsFragment: 1 sessions for day 4
08-06 17:45:09.813 11842 12389 I art     : Starting a blocking GC Explicit
08-06 17:45:09.833 11842 11842 I SettingsManager: Getting boolean: showHiddenSessions
08-06 17:45:09.834 11842 11842 D SessionListsFragment: Refreshed ViewPager
08-06 17:45:09.834 11842 11842 I SettingsManager: Getting boolean: showHiddenSessions
08-06 17:45:09.834 11842 11842 I SettingsManager: Getting boolean: completedTutorial
08-06 17:45:09.834 11842 11842 I SettingsManager: Getting boolean: showHiddenSessions
08-06 17:45:09.834 11842 11842 I SettingsManager: Getting date: savedSessionsTime
08-06 17:45:09.917 11842 12389 I art     : Explicit concurrent mark sweep GC freed 46520(2MB) AllocSpace objects, 5(152KB) LOS objects, 30% free, 36MB/52MB, paused 2.012ms total 103.522ms
08-06 17:45:09.956 11842 12389 I art     : Starting a blocking GC Explicit
08-06 17:45:10.064 11842 12389 I art     : Explicit concurrent mark sweep GC freed 41220(1730KB) AllocSpace objects, 0(0B) LOS objects, 30% free, 36MB/52MB, paused 1.984ms total 107.695ms
08-06 17:45:10.102 11842 12389 I art     : Starting a blocking GC Explicit
08-06 17:45:10.212 11842 12389 I art     : Explicit concurrent mark sweep GC freed 39457(1620KB) AllocSpace objects, 0(0B) LOS objects, 30% free, 36MB/52MB, paused 1.631ms total 109.812ms
08-06 17:45:10.249 11842 12389 I art     : Starting a blocking GC Explicit
08-06 17:45:10.363 11842 12389 I art     : Explicit concurrent mark sweep GC freed 43454(1794KB) AllocSpace objects, 0(0B) LOS objects, 30% free, 37MB/53MB, paused 1.897ms total 112.804ms
08-06 17:45:10.401 11842 12389 I art     : Starting a blocking GC Explicit
08-06 17:45:10.520 11842 12389 I art     : Explicit concurrent mark sweep GC freed 41730(1723KB) AllocSpace objects, 0(0B) LOS objects, 29% free, 37MB/53MB, paused 2.036ms total 118.601ms
08-06 17:45:10.876 11842 11842 I Choreographer: Skipped 61 frames!  The application may be doing too much work on its main thread.
08-06 17:45:10.883 11842 12055 I art     : Starting a blocking GC Explicit
08-06 17:45:11.018 11842 12055 I art     : Explicit concurrent mark sweep GC freed 95259(3MB) AllocSpace objects, 1(20KB) LOS objects, 29% free, 37MB/53MB, paused 1.012ms total 134.591ms
08-06 17:45:11.058 11842 12055 I art     : Starting a blocking GC Explicit
08-06 17:45:11.128 11842 12055 I art     : Explicit concurrent mark sweep GC freed 123743(11MB) AllocSpace objects, 3(136KB) LOS objects, 37% free, 26MB/42MB, paused 1.068ms total 69.729ms
08-06 17:45:11.148 11842 12055 I art     : Starting a blocking GC Explicit
08-06 17:45:11.194 11842 12055 I art     : Explicit concurrent mark sweep GC freed 222(10KB) AllocSpace objects, 0(0B) LOS objects, 37% free, 26MB/42MB, paused 816us total 45.171ms
08-06 17:45:11.215 11842 12055 I art     : Starting a blocking GC Explicit
08-06 17:45:11.267 11842 12055 I art     : Explicit concurrent mark sweep GC freed 7(288B) AllocSpace objects, 0(0B) LOS objects, 37% free, 26MB/42MB, paused 750us total 52.348ms
08-06 17:45:11.292 11842 12055 I art     : Starting a blocking GC Explicit
08-06 17:45:11.319  9385  9385 I ServiceManager: Waiting for service AtCmdFwd...
08-06 17:45:11.345 11842 12055 I art     : Explicit concurrent mark sweep GC freed 3(96B) AllocSpace objects, 0(0B) LOS objects, 37% free, 26MB/42MB, paused 980us total 53.425ms
08-06 17:45:11.686 11842 11854 I art     : Starting a blocking GC Explicit
08-06 17:45:11.739 11842 11854 I art     : Explicit concurrent mark sweep GC freed 1440(80KB) AllocSpace objects, 1(20KB) LOS objects, 37% free, 26MB/42MB, paused 998us total 52.833ms
08-06 17:45:11.763 11842 11854 I art     : Starting a blocking GC Explicit
08-06 17:45:11.817 11842 11854 I art     : Explicit concurrent mark sweep GC freed 20(704B) AllocSpace objects, 0(0B) LOS objects, 37% free, 26MB/42MB, paused 811us total 53.225ms
08-06 17:45:11.842 11842 11854 I art     : Starting a blocking GC Explicit
08-06 17:45:11.896 11842 11854 I art     : Explicit concurrent mark sweep GC freed 3(96B) AllocSpace objects, 0(0B) LOS objects, 37% free, 26MB/42MB, paused 746us total 53.189ms
08-06 17:45:11.920 11842 11854 I art     : Starting a blocking GC Explicit
08-06 17:45:11.973 11842 11854 I art     : Explicit concurrent mark sweep GC freed 3(96B) AllocSpace objects, 0(0B) LOS objects, 37% free, 26MB/42MB, paused 749us total 53.003ms
08-06 17:45:11.997 11842 11854 I art     : Starting a blocking GC Explicit
08-06 17:45:12.051 11842 11854 I art     : Explicit concurrent mark sweep GC freed 3(96B) AllocSpace objects, 0(0B) LOS objects, 37% free, 26MB/42MB, paused 789us total 53.035ms
08-06 17:45:12.314   918  3188 I hubconnection: sensorhub said: 'set_bias 3: -6.2208, 0.0000, 0.0000'
08-06 17:45:12.319  9385  9385 I ServiceManager: Waiting for service AtCmdFwd...
08-06 17:45:12.413 11842 12389 I art     : Starting a blocking GC Explicit
08-06 17:45:12.478 11842 12389 I art     : Explicit concurrent mark sweep GC freed 1293(75KB) AllocSpace objects, 1(20KB) LOS objects, 37% free, 26MB/42MB, paused 829us total 64.934ms
08-06 17:45:12.509 11842 12389 I art     : Starting a blocking GC Explicit
08-06 17:45:12.564 11842 12389 I art     : Explicit concurrent mark sweep GC freed 18(624B) AllocSpace objects, 0(0B) LOS objects, 37% free, 26MB/42MB, paused 901us total 55.055ms
08-06 17:45:12.594 11842 12389 I art     : Starting a blocking GC Explicit
08-06 17:45:12.649 11842 12389 I art     : Explicit concurrent mark sweep GC freed 3(96B) AllocSpace objects, 0(0B) LOS objects, 37% free, 26MB/42MB, paused 885us total 53.976ms
08-06 17:45:12.673 11842 12389 I art     : Starting a blocking GC Explicit
08-06 17:45:12.727 11842 12389 I art     : Explicit concurrent mark sweep GC freed 3(96B) AllocSpace objects, 0(0B) LOS objects, 37% free, 26MB/42MB, paused 879us total 53.825ms
08-06 17:45:12.752 11842 12389 I art     : Starting a blocking GC Explicit
08-06 17:45:12.805 11842 12389 I art     : Explicit concurrent mark sweep GC freed 3(96B) AllocSpace objects, 0(0B) LOS objects, 37% free, 26MB/42MB, paused 808us total 53.014ms
08-06 17:45:13.177 11842 12055 I art     : Starting a blocking GC Explicit
08-06 17:45:13.247 11842 12055 I art     : Explicit concurrent mark sweep GC freed 1293(75KB) AllocSpace objects, 1(20KB) LOS objects, 37% free, 26MB/42MB, paused 851us total 69.887ms
08-06 17:45:13.277 11842 12055 I art     : Starting a blocking GC Explicit
08-06 17:45:13.320  9385  9385 I ServiceManager: Waiting for service AtCmdFwd...
08-06 17:45:13.331 11842 12055 I art     : Explicit concurrent mark sweep GC freed 18(624B) AllocSpace objects, 0(0B) LOS objects, 37% free, 26MB/42MB, paused 783us total 53.761ms
08-06 17:45:13.355 11842 12055 I art     : Starting a blocking GC Explicit
08-06 17:45:13.409 11842 12055 I art     : Explicit concurrent mark sweep GC freed 3(96B) AllocSpace objects, 0(0B) LOS objects, 37% free, 26MB/42MB, paused 1.110ms total 52.808ms
08-06 17:45:13.431 11842 12055 I art     : Starting a blocking GC Explicit
08-06 17:45:13.482 11842 12055 I art     : Explicit concurrent mark sweep GC freed 3(96B) AllocSpace objects, 0(0B) LOS objects, 37% free, 26MB/42MB, paused 810us total 50.336ms
08-06 17:45:13.505 11842 12055 I art     : Starting a blocking GC Explicit
08-06 17:45:13.558 11842 12055 I art     : Explicit concurrent mark sweep GC freed 3(96B) AllocSpace objects, 0(0B) LOS objects, 37% free, 26MB/42MB, paused 843us total 52.335ms
08-06 17:45:13.904 11842 12388 I art     : Starting a blocking GC Explicit
08-06 17:45:13.973 11842 12388 I art     : Explicit concurrent mark sweep GC freed 1306(76KB) AllocSpace objects, 1(20KB) LOS objects, 37% free, 26MB/42MB, paused 1.001ms total 68.143ms
08-06 17:45:13.999 11842 12388 I art     : Starting a blocking GC Explicit
08-06 17:45:14.045 13178 13178 D AndroidRuntime: >>>>>> START com.android.internal.os.RuntimeInit uid 2000 <<<<<<
08-06 17:45:14.051 13178 13178 D AndroidRuntime: CheckJNI is OFF
08-06 17:45:14.052 11842 12388 I art     : Explicit concurrent mark sweep GC freed 19(640B) AllocSpace objects, 0(0B) LOS objects, 37% free, 26MB/42MB, paused 998us total 52.427ms
08-06 17:45:14.075 11842 12388 I art     : Starting a blocking GC Explicit
08-06 17:45:14.114 13178 13178 D ICU     : No timezone override file found: /data/misc/zoneinfo/current/icu/icu_tzdata.dat
08-06 17:45:14.129 11842 12388 I art     : Explicit concurrent mark sweep GC freed 31(1168B) AllocSpace objects, 0(0B) LOS objects, 37% free, 26MB/42MB, paused 1.355ms total 52.575ms
08-06 17:45:14.152 11842 12388 I art     : Starting a blocking GC Explicit
08-06 17:45:14.165 13178 13178 I Radio-JNI: register_android_hardware_Radio DONE
08-06 17:45:14.199 13178 13178 D AndroidRuntime: Calling main entry com.android.commands.input.Input
08-06 17:45:14.201 13178 13178 I Input   : injectMotionEvent: MotionEvent { action=ACTION_DOWN, actionButton=0, id[0]=0, x[0]=81.0, y[0]=176.0, toolType[0]=TOOL_TYPE_UNKNOWN, buttonState=0, metaState=0, flags=0x0, edgeFlags=0x0, pointerCount=1, historySize=0, eventTime=899130613, downTime=899130613, deviceId=0, source=0x1002 }
08-06 17:45:14.201 11842 12388 I art     : Explicit concurrent mark sweep GC freed 57(1728B) AllocSpace objects, 0(0B) LOS objects, 37% free, 26MB/42MB, paused 900us total 48.657ms
08-06 17:45:14.206 13178 13178 I Input   : injectMotionEvent: MotionEvent { action=ACTION_UP, actionButton=0, id[0]=0, x[0]=81.0, y[0]=176.0, toolType[0]=TOOL_TYPE_UNKNOWN, buttonState=0, metaState=0, flags=0x0, edgeFlags=0x0, pointerCount=1, historySize=0, eventTime=899130613, downTime=899130613, deviceId=0, source=0x1002 }
08-06 17:45:14.209 13178 13178 D AndroidRuntime: Shutting down VM
08-06 17:45:14.222 11842 12388 I art     : Starting a blocking GC Explicit
08-06 17:45:14.223   512  2967 D audio_hw_primary: out_set_parameters: enter: usecase(1: low-latency-playback) kvpairs: routing=2
08-06 17:45:14.236   512  2967 D audio_hw_primary: select_devices: out_snd_device(2: speaker) in_snd_device(0: none)
08-06 17:45:14.237   512  2967 D msm8974_platform: platform_send_audio_calibration: sending audio calibration for snd_device(2) acdb_id(15)
08-06 17:45:14.237   512  2967 I soundtrigger: audio_extn_sound_trigger_update_device_status: device 0x2 of type 0 for Event 1
08-06 17:45:14.246   512  2967 D audio_hw_primary: enable_snd_device: snd_device(2: speaker)
08-06 17:45:14.249   512  2967 D audio_hw_primary: enable_audio_route: apply and update mixer path: low-latency-playback speaker
08-06 17:45:14.256 13866 13866 I GoogleInputMethodServic: GoogleInputMethodService.onFinishInput():3138 
08-06 17:45:14.257 13866 13866 I GoogleInputMethodServic: GoogleInputMethodService.onStartInput():1808 
08-06 17:45:14.270 11842 12388 I art     : Explicit concurrent mark sweep GC freed 191(11KB) AllocSpace objects, 0(0B) LOS objects, 37% free, 26MB/42MB, paused 955us total 48.479ms
08-06 17:45:14.320  9385  9385 I ServiceManager: Waiting for service AtCmdFwd...
08-06 17:45:14.638 11842 11853 I art     : Starting a blocking GC Explicit
08-06 17:45:14.701 11842 11853 I art     : Explicit concurrent mark sweep GC freed 1675(95KB) AllocSpace objects, 1(20KB) LOS objects, 37% free, 26MB/42MB, paused 934us total 62.039ms
08-06 17:45:14.727 11842 11853 I art     : Starting a blocking GC Explicit
08-06 17:45:14.779 11842 11853 I art     : Explicit concurrent mark sweep GC freed 34(1296B) AllocSpace objects, 0(0B) LOS objects, 37% free, 26MB/42MB, paused 846us total 51.314ms
08-06 17:45:14.798   512  2967 D audio_hw_primary: disable_audio_route: reset and update mixer path: low-latency-playback speaker
08-06 17:45:14.799   512  2967 D audio_hw_primary: disable_snd_device: snd_device(2: speaker)
08-06 17:45:14.802 11842 11853 I art     : Starting a blocking GC Explicit
08-06 17:45:14.808   512  2967 I soundtrigger: audio_extn_sound_trigger_update_device_status: device 0x2 of type 0 for Event 0
08-06 17:45:14.855 11842 11853 I art     : Explicit concurrent mark sweep GC freed 3(96B) AllocSpace objects, 0(0B) LOS objects, 37% free, 26MB/42MB, paused 1.100ms total 52.053ms
08-06 17:45:14.878 11842 11853 I art     : Starting a blocking GC Explicit
08-06 17:45:14.931 11842 11853 I art     : Explicit concurrent mark sweep GC freed 3(96B) AllocSpace objects, 0(0B) LOS objects, 37% free, 26MB/42MB, paused 791us total 52.447ms
08-06 17:45:14.955 11842 11853 I art     : Starting a blocking GC Explicit
08-06 17:45:15.011 11842 11853 I art     : Explicit concurrent mark sweep GC freed 5(160B) AllocSpace objects, 0(0B) LOS objects, 37% free, 26MB/42MB, paused 947us total 55.912ms
08-06 17:45:15.321  9385  9385 I ServiceManager: Waiting for service AtCmdFwd...
08-06 17:45:15.377 11842 12388 I art     : Starting a blocking GC Explicit
08-06 17:45:15.445 11842 12388 I art     : Explicit concurrent mark sweep GC freed 1293(75KB) AllocSpace objects, 1(20KB) LOS objects, 37% free, 26MB/42MB, paused 1.063ms total 67.011ms
08-06 17:45:15.472 11842 12388 I art     : Starting a blocking GC Explicit
08-06 17:45:15.523 11842 12388 I art     : Explicit concurrent mark sweep GC freed 18(624B) AllocSpace objects, 0(0B) LOS objects, 37% free, 26MB/42MB, paused 742us total 50.219ms
08-06 17:45:15.546 11842 12388 I art     : Starting a blocking GC Explicit
08-06 17:45:15.597 11842 12388 I art     : Explicit concurrent mark sweep GC freed 3(96B) AllocSpace objects, 0(0B) LOS objects, 37% free, 26MB/42MB, paused 1.002ms total 50.495ms
08-06 17:45:15.620 11842 12388 I art     : Starting a blocking GC Explicit
08-06 17:45:15.672 11842 12388 I art     : Explicit concurrent mark sweep GC freed 3(96B) AllocSpace objects, 0(0B) LOS objects, 37% free, 26MB/42MB, paused 812us total 51.644ms
08-06 17:45:15.695 11842 12388 I art     : Starting a blocking GC Explicit
08-06 17:45:15.748 11842 12388 I art     : Explicit concurrent mark sweep GC freed 3(96B) AllocSpace objects, 0(0B) LOS objects, 37% free, 26MB/42MB, paused 790us total 52.275ms
08-06 17:45:16.110 11842 11854 I art     : Starting a blocking GC Explicit
08-06 17:45:16.111 13221 13221 D AndroidRuntime: >>>>>> START com.android.internal.os.RuntimeInit uid 2000 <<<<<<
08-06 17:45:16.117 13221 13221 D AndroidRuntime: CheckJNI is OFF
08-06 17:45:16.161 11842 11854 I art     : Explicit concurrent mark sweep GC freed 1322(76KB) AllocSpace objects, 1(20KB) LOS objects, 37% free, 26MB/42MB, paused 843us total 51.140ms
08-06 17:45:16.171 13221 13221 D ICU     : No timezone override file found: /data/misc/zoneinfo/current/icu/icu_tzdata.dat
08-06 17:45:16.184 11842 11854 I art     : Starting a blocking GC Explicit
08-06 17:45:16.216 13221 13221 I Radio-JNI: register_android_hardware_Radio DONE
08-06 17:45:16.234 11842 11854 I art     : Explicit concurrent mark sweep GC freed 18(624B) AllocSpace objects, 0(0B) LOS objects, 37% free, 26MB/42MB, paused 931us total 49.581ms
08-06 17:45:16.248 13221 13221 D AndroidRuntime: Calling main entry com.android.commands.input.Input
08-06 17:45:16.251 13221 13221 I Input   : injectMotionEvent: MotionEvent { action=ACTION_DOWN, actionButton=0, id[0]=0, x[0]=360.0, y[0]=1098.0, toolType[0]=TOOL_TYPE_UNKNOWN, buttonState=0, metaState=0, flags=0x0, edgeFlags=0x0, pointerCount=1, historySize=0, eventTime=899132664, downTime=899132664, deviceId=0, source=0x1002 }
08-06 17:45:16.256 11842 11854 I art     : Starting a blocking GC Explicit
08-06 17:45:16.256 13221 13221 I Input   : injectMotionEvent: MotionEvent { action=ACTION_UP, actionButton=0, id[0]=0, x[0]=360.0, y[0]=1098.0, toolType[0]=TOOL_TYPE_UNKNOWN, buttonState=0, metaState=0, flags=0x0, edgeFlags=0x0, pointerCount=1, historySize=0, eventTime=899132664, downTime=899132664, deviceId=0, source=0x1002 }
08-06 17:45:16.258 13221 13221 D AndroidRuntime: Shutting down VM
08-06 17:45:16.270 11842 11842 D MainActivity: NavigationItemSelected: Term dates
08-06 17:45:16.274   512  2967 D audio_hw_primary: out_set_parameters: enter: usecase(1: low-latency-playback) kvpairs: routing=2
08-06 17:45:16.287   512  2967 D audio_hw_primary: select_devices: out_snd_device(2: speaker) in_snd_device(0: none)
08-06 17:45:16.288   512  2967 D msm8974_platform: platform_send_audio_calibration: sending audio calibration for snd_device(2) acdb_id(15)
08-06 17:45:16.288   512  2967 I soundtrigger: audio_extn_sound_trigger_update_device_status: device 0x2 of type 0 for Event 1
08-06 17:45:16.302   512  2967 D audio_hw_primary: enable_snd_device: snd_device(2: speaker)
08-06 17:45:16.305   512  2967 D audio_hw_primary: enable_audio_route: apply and update mixer path: low-latency-playback speaker
08-06 17:45:16.310 11842 11854 I art     : Explicit concurrent mark sweep GC freed 341(12KB) AllocSpace objects, 0(0B) LOS objects, 37% free, 26MB/42MB, paused 1.391ms total 53.942ms
08-06 17:45:16.322  9385  9385 W Atfwd_Sendcmd: AtCmdFwd service not published, waiting... retryCnt : 5
08-06 17:45:16.331 11842 11854 I art     : Starting a blocking GC Explicit
08-06 17:45:16.383 11842 11854 I art     : Explicit concurrent mark sweep GC freed 211(10KB) AllocSpace objects, 0(0B) LOS objects, 37% free, 26MB/42MB, paused 960us total 51.097ms
08-06 17:45:16.404 11842 11854 I art     : Starting a blocking GC Explicit
08-06 17:45:16.450 11842 11854 I art     : Explicit concurrent mark sweep GC freed 185(13KB) AllocSpace objects, 0(0B) LOS objects, 37% free, 26MB/42MB, paused 879us total 45.181ms
08-06 17:45:16.708 13866 13866 I GoogleInputMethodServic: GoogleInputMethodService.onFinishInput():3138 
08-06 17:45:16.710 13866 13866 I GoogleInputMethodServic: GoogleInputMethodService.onStartInput():1808 
08-06 17:45:16.829 11842 12055 I art     : Starting a blocking GC Explicit
08-06 17:45:16.849   512  2967 D audio_hw_primary: disable_audio_route: reset and update mixer path: low-latency-playback speaker
08-06 17:45:16.850   512  2967 D audio_hw_primary: disable_snd_device: snd_device(2: speaker)
08-06 17:45:16.861   512  2967 I soundtrigger: audio_extn_sound_trigger_update_device_status: device 0x2 of type 0 for Event 0
08-06 17:45:16.895 11842 12055 I art     : Explicit concurrent mark sweep GC freed 1363(77KB) AllocSpace objects, 1(20KB) LOS objects, 37% free, 26MB/42MB, paused 1.011ms total 64.141ms
08-06 17:45:16.922 11842 12055 I art     : Starting a blocking GC Explicit
08-06 17:45:16.977 11842 12055 I art     : Explicit concurrent mark sweep GC freed 30(1008B) AllocSpace objects, 0(0B) LOS objects, 37% free, 26MB/42MB, paused 941us total 54.653ms
08-06 17:45:17.003 11842 12055 I art     : Starting a blocking GC Explicit
08-06 17:45:17.061 11842 12055 I art     : Explicit concurrent mark sweep GC freed 13(416B) AllocSpace objects, 0(0B) LOS objects, 37% free, 26MB/42MB, paused 907us total 57.395ms
08-06 17:45:17.088 11842 12055 I art     : Starting a blocking GC Explicit
08-06 17:45:17.145 11842 12055 I art     : Explicit concurrent mark sweep GC freed 14(448B) AllocSpace objects, 0(0B) LOS objects, 37% free, 26MB/42MB, paused 904us total 56.409ms
08-06 17:45:17.172 11842 12055 I art     : Starting a blocking GC Explicit
08-06 17:45:17.229 11842 12055 I art     : Explicit concurrent mark sweep GC freed 13(416B) AllocSpace objects, 0(0B) LOS objects, 37% free, 26MB/42MB, paused 1.096ms total 56.386ms
08-06 17:45:17.630 11842 12388 I art     : Starting a blocking GC Explicit
08-06 17:45:17.697 11842 12388 I art     : Explicit concurrent mark sweep GC freed 1348(77KB) AllocSpace objects, 1(20KB) LOS objects, 37% free, 26MB/42MB, paused 995us total 66.410ms
08-06 17:45:17.728 11842 12388 I art     : Starting a blocking GC Explicit
08-06 17:45:17.785 11842 12388 I art     : Explicit concurrent mark sweep GC freed 28(944B) AllocSpace objects, 0(0B) LOS objects, 37% free, 26MB/42MB, paused 907us total 56.667ms
08-06 17:45:17.811 11842 12388 I art     : Starting a blocking GC Explicit
08-06 17:45:17.870 11842 12388 I art     : Explicit concurrent mark sweep GC freed 13(416B) AllocSpace objects, 0(0B) LOS objects, 37% free, 26MB/42MB, paused 904us total 58.280ms
08-06 17:45:17.892 11842 12388 I art     : Starting a blocking GC Explicit
08-06 17:45:17.939 11842 12388 I art     : Explicit concurrent mark sweep GC freed 15(480B) AllocSpace objects, 0(0B) LOS objects, 37% free, 26MB/42MB, paused 947us total 47.354ms
08-06 17:45:17.961 11842 12388 I art     : Starting a blocking GC Explicit
08-06 17:45:18.016 11842 12388 I art     : Explicit concurrent mark sweep GC freed 23(736B) AllocSpace objects, 0(0B) LOS objects, 37% free, 26MB/42MB, paused 1.022ms total 53.938ms
08-06 17:45:18.384 11842 12055 I art     : Starting a blocking GC Explicit
08-06 17:45:18.458 11842 12055 I art     : Explicit concurrent mark sweep GC freed 1328(76KB) AllocSpace objects, 1(20KB) LOS objects, 37% free, 26MB/42MB, paused 832us total 72.567ms
08-06 17:45:18.488 11842 12055 I art     : Starting a blocking GC Explicit
08-06 17:45:18.553 11842 12055 I art     : Explicit concurrent mark sweep GC freed 18(624B) AllocSpace objects, 0(0B) LOS objects, 37% free, 26MB/42MB, paused 879us total 64.649ms
08-06 17:45:18.577 11842 12055 I art     : Starting a blocking GC Explicit
08-06 17:45:18.631 11842 12055 I art     : Explicit concurrent mark sweep GC freed 3(96B) AllocSpace objects, 0(0B) LOS objects, 37% free, 26MB/42MB, paused 764us total 53.342ms
08-06 17:45:18.655 11842 12055 I art     : Starting a blocking GC Explicit
08-06 17:45:18.714 11842 12055 I art     : Explicit concurrent mark sweep GC freed 3(96B) AllocSpace objects, 0(0B) LOS objects, 37% free, 26MB/42MB, paused 845us total 58.728ms
08-06 17:45:18.742 11842 12055 I art     : Starting a blocking GC Explicit
08-06 17:45:18.796 11842 12055 I art     : Explicit concurrent mark sweep GC freed 3(96B) AllocSpace objects, 0(0B) LOS objects, 37% free, 26MB/42MB, paused 757us total 52.899ms
08-06 17:45:19.173 11842 12389 I art     : Starting a blocking GC Explicit
08-06 17:45:19.246 11842 12389 I art     : Explicit concurrent mark sweep GC freed 1293(75KB) AllocSpace objects, 1(20KB) LOS objects, 37% free, 26MB/42MB, paused 840us total 71.965ms
08-06 17:45:19.273 11842 12389 I art     : Starting a blocking GC Explicit
08-06 17:45:19.332 11842 12389 I art     : Explicit concurrent mark sweep GC freed 18(624B) AllocSpace objects, 0(0B) LOS objects, 37% free, 26MB/42MB, paused 920us total 58.685ms
08-06 17:45:19.359 11842 12389 I art     : Starting a blocking GC Explicit
08-06 17:45:19.412 11842 12389 I art     : Explicit concurrent mark sweep GC freed 3(96B) AllocSpace objects, 0(0B) LOS objects, 37% free, 26MB/42MB, paused 761us total 52.402ms
08-06 17:45:19.436 11842 12389 I art     : Starting a blocking GC Explicit
08-06 17:45:19.490 11842 12389 I art     : Explicit concurrent mark sweep GC freed 3(96B) AllocSpace objects, 0(0B) LOS objects, 37% free, 26MB/42MB, paused 988us total 53.805ms
08-06 17:45:19.514 11842 12389 I art     : Starting a blocking GC Explicit
08-06 17:45:19.569 11842 12389 I art     : Explicit concurrent mark sweep GC freed 3(96B) AllocSpace objects, 0(0B) LOS objects, 37% free, 26MB/42MB, paused 1.044ms total 54.187ms
08-06 17:45:19.958 11842 11854 I art     : Starting a blocking GC Explicit
08-06 17:45:20.024 11842 11854 I art     : Explicit concurrent mark sweep GC freed 1293(75KB) AllocSpace objects, 1(20KB) LOS objects, 37% free, 26MB/42MB, paused 976us total 65.652ms
08-06 17:45:20.053 11842 11854 I art     : Starting a blocking GC Explicit
08-06 17:45:20.111 11842 11854 I art     : Explicit concurrent mark sweep GC freed 18(624B) AllocSpace objects, 0(0B) LOS objects, 37% free, 26MB/42MB, paused 997us total 56.565ms
08-06 17:45:20.140 11842 11854 I art     : Starting a blocking GC Explicit
08-06 17:45:20.198 11842 11854 I art     : Explicit concurrent mark sweep GC freed 3(96B) AllocSpace objects, 0(0B) LOS objects, 37% free, 26MB/42MB, paused 818us total 57.631ms
08-06 17:45:20.228 11842 11854 I art     : Starting a blocking GC Explicit
08-06 17:45:20.282 11842 11854 I art     : Explicit concurrent mark sweep GC freed 3(96B) AllocSpace objects, 0(0B) LOS objects, 37% free, 26MB/42MB, paused 765us total 53.761ms
08-06 17:45:20.306 11842 11854 I art     : Starting a blocking GC Explicit
08-06 17:45:20.361 11842 11854 I art     : Explicit concurrent mark sweep GC freed 3(96B) AllocSpace objects, 0(0B) LOS objects, 37% free, 26MB/42MB, paused 1.127ms total 54.231ms
08-06 17:45:20.724 11842 11853 I art     : Starting a blocking GC Explicit
08-06 17:45:20.786 11842 11853 I art     : Explicit concurrent mark sweep GC freed 1293(75KB) AllocSpace objects, 1(20KB) LOS objects, 37% free, 26MB/42MB, paused 870us total 60.940ms
08-06 17:45:20.810 11842 11853 I art     : Starting a blocking GC Explicit
08-06 17:45:20.861 11842 11853 I art     : Explicit concurrent mark sweep GC freed 18(624B) AllocSpace objects, 0(0B) LOS objects, 37% free, 26MB/42MB, paused 942us total 50.417ms
08-06 17:45:20.884 11842 11853 I art     : Starting a blocking GC Explicit
08-06 17:45:20.937 11842 11853 I art     : Explicit concurrent mark sweep GC freed 3(96B) AllocSpace objects, 0(0B) LOS objects, 37% free, 26MB/42MB, paused 1ms total 52.067ms
08-06 17:45:20.960 11842 11853 I art     : Starting a blocking GC Explicit
08-06 17:45:21.011 11842 11853 I art     : Explicit concurrent mark sweep GC freed 3(96B) AllocSpace objects, 0(0B) LOS objects, 37% free, 26MB/42MB, paused 786us total 51.024ms
08-06 17:45:21.035 11842 11853 I art     : Starting a blocking GC Explicit
08-06 17:45:21.088 11842 11853 I art     : Explicit concurrent mark sweep GC freed 3(96B) AllocSpace objects, 0(0B) LOS objects, 37% free, 26MB/42MB, paused 973us total 52.413ms
08-06 17:45:21.245 13308 13308 D AndroidRuntime: >>>>>> START com.android.internal.os.RuntimeInit uid 2000 <<<<<<
08-06 17:45:21.253 13308 13308 D AndroidRuntime: CheckJNI is OFF
08-06 17:45:21.315 13308 13308 D ICU     : No timezone override file found: /data/misc/zoneinfo/current/icu/icu_tzdata.dat
08-06 17:45:21.360 13308 13308 I Radio-JNI: register_android_hardware_Radio DONE
08-06 17:45:21.392 13308 13308 D AndroidRuntime: Calling main entry com.android.commands.am.Am
08-06 17:45:21.400 26540 26540 I Trepn   : Trepn 6.2s: Received intent: com.quicinc.trepn.stop_profiling
08-06 17:45:21.437 11842 12388 I art     : Starting a blocking GC Explicit
08-06 17:45:21.441 26540 26540 I Trepn   : Trepn 6.2s: Trepn has Stopped Profiling.
08-06 17:45:21.490 11842 12388 I art     : Explicit concurrent mark sweep GC freed 1293(75KB) AllocSpace objects, 1(20KB) LOS objects, 37% free, 26MB/42MB, paused 857us total 51.993ms
08-06 17:45:21.513 11842 12388 I art     : Starting a blocking GC Explicit
08-06 17:45:21.566 11842 12388 I art     : Explicit concurrent mark sweep GC freed 18(624B) AllocSpace objects, 0(0B) LOS objects, 37% free, 26MB/42MB, paused 796us total 52.614ms
08-06 17:45:21.589 13308 13308 D AndroidRuntime: Shutting down VM
08-06 17:45:21.591 11842 12388 I art     : Starting a blocking GC Explicit
08-06 17:45:21.592   918  3359 W AppOps  : Finishing op nesting under-run: uid 10078 pkg com.quicinc.trepn code 24 time=0 duration=0 nesting=0
08-06 17:45:21.637 11842 12388 I art     : Explicit concurrent mark sweep GC freed 3(96B) AllocSpace objects, 0(0B) LOS objects, 37% free, 26MB/42MB, paused 767us total 45.977ms
08-06 17:45:21.657 11842 12388 I art     : Starting a blocking GC Explicit
08-06 17:45:21.701 11842 12388 I art     : Explicit concurrent mark sweep GC freed 3(96B) AllocSpace objects, 0(0B) LOS objects, 37% free, 26MB/42MB, paused 738us total 43.779ms
08-06 17:45:21.721 11842 12388 I art     : Starting a blocking GC Explicit
08-06 17:45:21.773 11842 12388 I art     : Explicit concurrent mark sweep GC freed 3(96B) AllocSpace objects, 0(0B) LOS objects, 37% free, 26MB/42MB, paused 740us total 51.912ms
08-06 17:45:22.125 11842 12055 I art     : Starting a blocking GC Explicit
08-06 17:45:22.171   518   646 I ThermalEngine: ACTION: GPU - Setting GPU[0] to 450000000
08-06 17:45:22.180 11842 12055 I art     : Explicit concurrent mark sweep GC freed 1293(75KB) AllocSpace objects, 1(20KB) LOS objects, 37% free, 26MB/42MB, paused 529us total 54.928ms
08-06 17:45:22.196 11842 12055 I art     : Starting a blocking GC Explicit
08-06 17:45:22.237 11842 12055 I art     : Explicit concurrent mark sweep GC freed 18(624B) AllocSpace objects, 0(0B) LOS objects, 37% free, 26MB/42MB, paused 533us total 40.530ms
08-06 17:45:22.252 11842 12055 I art     : Starting a blocking GC Explicit
08-06 17:45:22.293 11842 12055 I art     : Explicit concurrent mark sweep GC freed 3(96B) AllocSpace objects, 0(0B) LOS objects, 37% free, 26MB/42MB, paused 587us total 40.584ms
08-06 17:45:22.308 11842 12055 I art     : Starting a blocking GC Explicit
08-06 17:45:22.349 11842 12055 I art     : Explicit concurrent mark sweep GC freed 3(96B) AllocSpace objects, 0(0B) LOS objects, 37% free, 26MB/42MB, paused 592us total 40.872ms
08-06 17:45:22.365 11842 12055 I art     : Starting a blocking GC Explicit
08-06 17:45:22.407 11842 12055 I art     : Explicit concurrent mark sweep GC freed 3(96B) AllocSpace objects, 0(0B) LOS objects, 37% free, 26MB/42MB, paused 528us total 41.740ms
