--------- beginning of main
08-06 02:02:40.204  3784  3784 D CarrierServiceBindHelper: Receive action: android.intent.action.PACKAGE_REMOVED
08-06 02:02:40.234   918  6110 I AccountManagerService: getTypesVisibleToCaller: isPermitted? true
08-06 02:02:40.239 15866 15866 I Finsky  : [1] uah.a(18): PackageMonitorReceiverImpl - Received: android.intent.action.PACKAGE_REMOVED, [jsPREe6yOOhrMreoEvcpPvP36yUmihacpIgcKsaLph8]
08-06 02:02:40.239 15866 15866 I Finsky  : [1] ubi.d(9): Invalidating cached PackageState for baseline.com.ak.uobtimetable
08-06 02:02:40.244 24365 21855 I Fitness : FitCleanupIntentOperation received Intent android.intent.action.PACKAGE_REMOVED [CONTEXT service_id=17 ]
08-06 02:02:40.248 15866 15866 I Finsky  : [1] lzi.c(2): Frosting ID looked up on UI thread. Caller should move to a background thread.
08-06 02:02:40.257 15866 15866 I Finsky  : [1] nqb.c(3): Installer: package baseline.com.ak.uobtimetable was removed. replacing: true
08-06 02:02:40.258 15866 15866 I Finsky  : [1] nra.a(188): Installer: Notifying status update. package=baseline.com.ak.uobtimetable, status=UNINSTALLED
08-06 02:02:40.262  3784  3784 D CarrierServiceBindHelper: Receive action: android.intent.action.PACKAGE_ADDED
08-06 02:02:40.262  3784  3784 D CarrierServiceBindHelper: Receive action: android.intent.action.PACKAGE_REPLACED
08-06 02:02:40.263  3784  3784 D CarrierServiceBindHelper: mHandler: 3
08-06 02:02:40.263  3784  3784 D CarrierServiceBindHelper: mHandler: 3
08-06 02:02:40.263  3784  3784 D CarrierServiceBindHelper: mHandler: 3
08-06 02:02:40.263  3784  3784 D CarrierConfigLoader: mHandler: 9 phoneId: 0
08-06 02:02:40.275   918  6111 I AccountManagerService: getTypesVisibleToCaller: isPermitted? true
08-06 02:02:40.276 15866 15866 I Finsky  : [1] lzi.c(2): Frosting ID looked up on UI thread. Caller should move to a background thread.
08-06 02:02:40.290 15866 21864 I Finsky  : [6889] ejf.a(-1): Cancelled 0 ongoing asset module downloads for package baseline.com.ak.uobtimetable due to a concurrent app update.
08-06 02:02:40.310 15866 15866 I Finsky  : [1] nra.a(220): Installer: found apps to install. isMultiUserMode=false, apps=[]
08-06 02:02:40.337 15866 16054 I Finsky  : [6134] odj.b(52): IQ: Notifying installation update. package=baseline.com.ak.uobtimetable, status=UNINSTALLED
08-06 02:02:40.380 24577 21871 I Auth    : [SupervisedAccountIntentOperation] onHandleIntent(): android.intent.action.PACKAGE_ADDED
08-06 02:02:40.381 24577 21861 I ChromeSync: [Sync,SyncIntentOperation] Handling the intent: Intent { act=android.intent.action.PACKAGE_ADDED dat=package:baseline.com.ak.uobtimetable flg=0x4000010 cmp=com.google.android.gms/.chimera.GmsIntentOperationService (has extras) }.
--------- beginning of system
08-06 02:02:40.391   918  3961 W ActivityManager: Unable to start service Intent { act=com.google.android.gms.auth.key.retrieval.service.START pkg=com.google.android.gms } U=0: not found
08-06 02:02:40.417 15866 15866 I Finsky  : [1] uah.a(18): PackageMonitorReceiverImpl - Received: android.intent.action.PACKAGE_ADDED, [jsPREe6yOOhrMreoEvcpPvP36yUmihacpIgcKsaLph8]
08-06 02:02:40.417 15866 15866 I Finsky  : [1] ubi.d(9): Invalidating cached PackageState for baseline.com.ak.uobtimetable
08-06 02:02:40.440 15866 15866 I Finsky  : [1] lzi.c(2): Frosting ID looked up on UI thread. Caller should move to a background thread.
08-06 02:02:40.443   918  3714 W ActivityManager: Unbind failed: could not find connection for android.os.BinderProxy@b235532
08-06 02:02:40.444 15866 21862 I Finsky  : [6887] lyv.run(-1): Wrote row to frosting DB: 3102
08-06 02:02:40.456 24577 24621 E GmsClient: unable to connect to service: com.google.android.gms.auth.key.retrieval.service.START on com.google.android.gms
08-06 02:02:40.457 15866 15866 I Finsky  : [1] agsx.a(4): Do not start WearSupportService due to Wear service optimization
08-06 02:02:40.513 15866 21864 I Finsky  : [6889] ejc.a(-1): Asset module broadcast after update successful for package baseline.com.ak.uobtimetable. 0 sessions broadcast.
08-06 02:02:40.524   918  4400 I AccountManagerService: getTypesVisibleToCaller: isPermitted? true
08-06 02:02:40.526 24577 21861 I ChromeSync: [Persistence,AffiliationManager] One of affiliation or grouping data for android://bz0hZa4nAJEtd0n5sRlXG7KAqctUMWVefv7Ki4mh1p6slZ9YO-n9gS9j8m9YCrsIyI2wIxrDHraumF9Y6pBLTA==@baseline.com.ak.uobtimetable/ was not found. Marking affiliation data as stale...
08-06 02:02:40.527 15866 15866 I Finsky  : [1] lzi.c(2): Frosting ID looked up on UI thread. Caller should move to a background thread.
08-06 02:02:40.578 15866 21863 I Finsky  : [6888] gzn.a(-1): [ContentSync] finished, scheduled=false
08-06 02:02:40.606 15866 16054 I Finsky  : [6134] odj.b(40): IQ: No matching installs to run for jobs: []
08-06 02:02:40.628   918  5132 I AccountManagerService: getTypesVisibleToCaller: isPermitted? true
08-06 02:02:40.637 15866 21862 I Finsky  : [6887] lyv.run(-1): Wrote row to frosting DB: 3103
08-06 02:02:40.661 24577 21870 I FontLog : Package baseline.com.ak.uobtimetable has no metadata [CONTEXT service_id=132 ]
08-06 02:02:40.759 24577 13336 I Icing   : IndexChimeraService.getServiceInterface callingPackage=com.google.android.gms componentName=AppsCorpus serviceId=36
08-06 02:02:40.771 21885 21885 D AndroidRuntime: >>>>>> START com.android.internal.os.RuntimeInit uid 2000 <<<<<<
08-06 02:02:40.772 15866 21862 I Finsky  : [6887] lyv.run(-1): Wrote row to frosting DB: 3104
08-06 02:02:40.774 21885 21885 D AndroidRuntime: CheckJNI is OFF
08-06 02:02:40.799 21885 21885 D ICU     : No timezone override file found: /data/misc/zoneinfo/current/icu/icu_tzdata.dat
08-06 02:02:40.803 15866 21862 I Finsky  : [6887] lyv.run(-1): Wrote row to frosting DB: 3105
08-06 02:02:40.821 15866 15866 I Finsky  : [1] xmu.a(8): SCH: Jobs in database: 1-1337 3-219 3-220 12-1 24-77777777 26-1414141414 
08-06 02:02:40.823 15866 15866 I Finsky  : [1] xio.a(57): SCH: ConstraintMapping: 24-77777777,  -> L: 0ms, D: 68850103ms, C: false, I: true, N: 0
08-06 02:02:40.824 15866 15866 I Finsky  : [1] xio.a(57): SCH: ConstraintMapping: 1-1337, 12-1,  -> L: 14443ms, D: 28992086ms, C: false, I: false, N: 1
08-06 02:02:40.824 15866 15866 I Finsky  : [1] xio.a(57): SCH: ConstraintMapping: 3-219,  -> L: 0ms, D: 61002700ms, C: false, I: true, N: 2
08-06 02:02:40.825 15866 15866 I Finsky  : [1] xio.a(57): SCH: ConstraintMapping: 3-220,  -> L: 0ms, D: 61002742ms, C: true, I: true, N: 2
08-06 02:02:40.825 15866 15866 I Finsky  : [1] xio.a(57): SCH: ConstraintMapping: 26-1414141414,  -> L: 33639996ms, D: 34539996ms, C: false, I: false, N: 0
08-06 02:02:40.830 21885 21885 I Radio-JNI: register_android_hardware_Radio DONE
08-06 02:02:40.845 21885 21885 D AndroidRuntime: Calling main entry com.android.commands.monkey.Monkey
08-06 02:02:40.848 15866 15866 I Finsky  : [1] xle.a(34): Cancelling existing jobscheduler jobs: 9000 9003 9004 9002 9009 9007 9006 9005 9010 9008 
08-06 02:02:40.848 15866 15866 I Finsky  : [1] xle.a(27): Scheduling job Id: 9001, L: 0, D: 68850103, C: false, I: true, N: 0
08-06 02:02:40.850 15866 15866 I Finsky  : [1] xle.a(27): Scheduling job Id: 9011, L: 14443, D: 28992086, C: false, I: false, N: 1
08-06 02:02:40.852 15866 15866 I Finsky  : [1] xle.a(27): Scheduling job Id: 9012, L: 0, D: 61002700, C: false, I: true, N: 2
08-06 02:02:40.855 15866 15866 I Finsky  : [1] xle.a(27): Scheduling job Id: 9013, L: 0, D: 61002742, C: true, I: true, N: 2
08-06 02:02:40.856 15866 15866 I Finsky  : [1] xle.a(27): Scheduling job Id: 9014, L: 33639996, D: 34539996, C: false, I: false, N: 0
08-06 02:02:40.859 15866 15866 I Finsky  : [1] xle.a(27): Scheduling job Id: 9015, L: 0, D: 68850103, C: false, I: true, N: 0
08-06 02:02:40.860 15866 15866 I Finsky  : [1] xle.a(27): Scheduling job Id: 9016, L: 14443, D: 28992086, C: false, I: false, N: 1
08-06 02:02:40.862 15866 15866 I Finsky  : [1] xle.a(27): Scheduling job Id: 9017, L: 0, D: 61002700, C: false, I: true, N: 2
08-06 02:02:40.864 15866 15866 I Finsky  : [1] xle.a(27): Scheduling job Id: 9018, L: 0, D: 61002742, C: true, I: true, N: 2
08-06 02:02:40.864   918   931 W BroadcastQueue: Skipping deliver [background] BroadcastRecord{13fd365 u-1 android.net.conn.CONNECTIVITY_CHANGE} to ReceiverList{fb3f83a 21885 (unknown name)/2000/u-1 remote:bf192cf}: process crashing
08-06 02:02:40.865 15866 15866 I Finsky  : [1] xle.a(27): Scheduling job Id: 9019, L: 33639996, D: 34539996, C: false, I: false, N: 0
08-06 02:02:40.869 15866 21863 I Finsky  : [6888] gzn.a(-1): [ContentSync] finished, scheduled=true
08-06 02:02:40.879   918   928 I ActivityManager: START u0 {act=android.intent.action.MAIN cat=[android.intent.category.LAUNCHER] flg=0x10200000 cmp=baseline.com.ak.uobtimetable/.MainActivity} from uid 2000 on display 0
08-06 02:02:40.882   918  6029 I AccountManagerService: getTypesVisibleToCaller: isPermitted? true
08-06 02:02:40.893 24577  7875 W Icing   : No valid account for uploading user actions
08-06 02:02:40.902   918  3359 I ActivityManager: Start proc 21902:baseline.com.ak.uobtimetable/u0a710 for activity baseline.com.ak.uobtimetable/.MainActivity
08-06 02:02:40.902 21902 21902 I art     : Late-enabling -Xcheck:jni
08-06 02:02:40.923 21885 21885 I art     : System.exit called, status: 0
08-06 02:02:40.923 21885 21885 I AndroidRuntime: VM exiting with result code 0.
08-06 02:02:40.939 21902 21902 W System  : ClassLoader referenced unknown path: /data/app/baseline.com.ak.uobtimetable-2/lib/arm64
08-06 02:02:40.947 21902 21902 E Application: Can't init Bugsnag - No key
08-06 02:02:40.947 21902 21902 E Application: java.lang.Exception: Can't init Bugsnag - No key
08-06 02:02:40.947 21902 21902 E Application: 	at baseline.com.ak.uobtimetable.Utilities.Logging.Logger.error(Logger.java:79)
08-06 02:02:40.947 21902 21902 E Application: 	at baseline.com.ak.uobtimetable.MyApplication.onCreate(MyApplication.java:52)
08-06 02:02:40.947 21902 21902 E Application: 	at android.app.Instrumentation.callApplicationOnCreate(Instrumentation.java:1013)
08-06 02:02:40.947 21902 21902 E Application: 	at android.app.ActivityThread.handleBindApplication(ActivityThread.java:4707)
08-06 02:02:40.947 21902 21902 E Application: 	at android.app.ActivityThread.-wrap1(ActivityThread.java)
08-06 02:02:40.947 21902 21902 E Application: 	at android.app.ActivityThread$H.handleMessage(ActivityThread.java:1405)
08-06 02:02:40.947 21902 21902 E Application: 	at android.os.Handler.dispatchMessage(Handler.java:102)
08-06 02:02:40.947 21902 21902 E Application: 	at android.os.Looper.loop(Looper.java:148)
08-06 02:02:40.947 21902 21902 E Application: 	at android.app.ActivityThread.main(ActivityThread.java:5417)
08-06 02:02:40.947 21902 21902 E Application: 	at java.lang.reflect.Method.invoke(Native Method)
08-06 02:02:40.947 21902 21902 E Application: 	at com.android.internal.os.ZygoteInit$MethodAndArgsCaller.run(ZygoteInit.java:726)
08-06 02:02:40.947 21902 21902 E Application: 	at com.android.internal.os.ZygoteInit.main(ZygoteInit.java:616)
08-06 02:02:40.949 21902 21902 I Application: API level: 23
08-06 02:02:40.950 21902 21902 I Application: API level name: M
08-06 02:02:40.950 21902 21902 I Application: Target API level: 29
08-06 02:02:40.950 21902 21902 I Application: Git commit hash: d26bf1fa
08-06 02:02:40.951 21902 21902 I Application: Git branch: master
08-06 02:02:40.951 21902 21902 I Application: Build type: Debug
08-06 02:02:40.953 21902 21902 I Application: Build keys: Release
08-06 02:02:40.953 24577 13336 I Icing   : IndexChimeraService.getServiceInterface callingPackage=com.google.android.gms componentName=null serviceId=30
08-06 02:02:40.954 21902 21902 I Application: Version code: 21
08-06 02:02:40.954 21902 21902 I Application: Version name: 2.5
08-06 02:02:40.954 21902 21902 I Application: Build date: 22:30 03/08/20
08-06 02:02:40.956 21902 21902 I Application: Package update date: 23:40 05/08/20
08-06 02:02:40.956 21902 21902 I SettingsManager: Getting int: launchCount
08-06 02:02:40.957 21902 21902 I SettingsManager: Setting int: launchCount
08-06 02:02:40.965   918  6112 W BackupManagerService: dataChanged but no participant pkg='baseline.com.ak.uobtimetable' uid=10710
08-06 02:02:40.965 21902 21902 I Application: Launch count: 1
08-06 02:02:40.967 21902 21902 I Application: Network: TYPE_WIFI
08-06 02:02:40.968 21902 21902 I Application: Tablet layout: false
08-06 02:02:40.981 21902 21902 W art     : Before Android 4.1, method android.graphics.PorterDuffColorFilter androidx.vectordrawable.graphics.drawable.VectorDrawableCompat.updateTintFilter(android.graphics.PorterDuffColorFilter, android.content.res.ColorStateList, android.graphics.PorterDuff$Mode) would have incorrectly overridden the package-private method in android.graphics.drawable.Drawable
08-06 02:02:40.988 16458 14157 I PBSessionCacheImpl: Deleted sessionId[72384646105454640] from persistence.
08-06 02:02:40.991 16458 16488 W SearchServiceCore: Abort, client detached.
08-06 02:02:40.992 16458 16488 I MicroDetectionState: Should stop hotword detection immediately - true
08-06 02:02:40.994 21902 21902 I art     : Rejecting re-init on previously-failed class java.lang.Class<androidx.core.view.ViewCompat$OnUnhandledKeyEventListenerWrapper>
08-06 02:02:40.994 21902 21902 I art     : Rejecting re-init on previously-failed class java.lang.Class<androidx.core.view.ViewCompat$OnUnhandledKeyEventListenerWrapper>
08-06 02:02:41.055 21902 21902 D MainActivity: onCreate
08-06 02:02:41.055 21902 21902 I SettingsManager: Getting string: savedSessions
08-06 02:02:41.056 21902 21902 I Settings: No saved sessions
08-06 02:02:41.086 21902 21902 I SettingsManager: Getting string: savedCourse
08-06 02:02:41.087   918  4413 I ActivityManager: START u0 {flg=0x14000000 cmp=baseline.com.ak.uobtimetable/.WelcomeActivity} from uid 10710 on display 0
08-06 02:02:41.097 21902 21902 D MainActivity: OnResume
08-06 02:02:41.102 21902 21917 D OpenGLRenderer: Use EGL_SWAP_BEHAVIOR_PRESERVED: true
08-06 02:02:41.109 21902 21902 D MainActivity: OnPause
08-06 02:02:41.152 24577  7875 I Icing   : Usage reports ok 2, Failed Usage reports 0, indexed 0, rejected 0
08-06 02:02:41.155 24577  7875 W Icing   : No valid account for uploading user actions
08-06 02:02:41.204 24577  7875 I Icing   : Usage reports ok 1, Failed Usage reports 0, indexed 0, rejected 0
08-06 02:02:41.205 24577  7875 I Icing   : Indexing com.google.android.gms-internal.3p:MobileApplication from com.google.android.gms using seqno 763
08-06 02:02:41.209 24577  7875 I Icing   : Indexing com.google.android.gms-internal.3p:MobileApplication from com.google.android.gms using seqno 763
08-06 02:02:41.227 21902 21917 I Adreno  : QUALCOMM build                   : fcf4852, I1af360237c
08-06 02:02:41.227 21902 21917 I Adreno  : Build Date                       : 09/23/15
08-06 02:02:41.227 21902 21917 I Adreno  : OpenGL ES Shader Compiler Version: XE031.05.13.02
08-06 02:02:41.227 21902 21917 I Adreno  : Local Branch                     : mybranch14465806
08-06 02:02:41.227 21902 21917 I Adreno  : Remote Branch                    : quic/LA.BF64.1.2.9_v2
08-06 02:02:41.227 21902 21917 I Adreno  : Remote Branch                    : NONE
08-06 02:02:41.227 21902 21917 I Adreno  : Reconstruct Branch               : NOTHING
08-06 02:02:41.233 21902 21917 I OpenGLRenderer: Initialized EGL, version 1.4
08-06 02:02:41.242 24577 13336 I Icing   : IndexChimeraService.getServiceInterface callingPackage=com.google.android.gms componentName=null serviceId=36
08-06 02:02:41.246 24577  7875 W Icing   : No valid account for uploading user actions
08-06 02:02:41.258 24577  7875 I Icing   : Usage reports ok 0, Failed Usage reports 0, indexed 0, rejected 0
08-06 02:02:41.408   918   936 I ActivityManager: Displayed baseline.com.ak.uobtimetable/.WelcomeActivity: +298ms (total +520ms)
08-06 02:02:41.415 13866 13866 I GoogleInputMethodServic: GoogleInputMethodService.onFinishInput():3138 
08-06 02:02:41.417 13866 13866 I GoogleInputMethodServic: GoogleInputMethodService.onStartInput():1808 
08-06 02:02:41.686 21902 21902 D MainActivity: Saving state
08-06 02:02:42.155 24577  7875 I Icing   : Indexing com.google.android.gms-apps from com.google.android.gms
08-06 02:02:42.237 24577  7875 I Icing   : Indexing done com.google.android.gms-apps
08-06 02:02:42.242 24577  7875 I Icing   : Indexing com.google.android.gms-apps from com.google.android.gms
08-06 02:02:42.243 24577  7875 I Icing   : Indexing done com.google.android.gms-apps
08-06 02:02:42.526 21931 21931 D AndroidRuntime: >>>>>> START com.android.internal.os.RuntimeInit uid 2000 <<<<<<
08-06 02:02:42.531 21931 21931 D AndroidRuntime: CheckJNI is OFF
08-06 02:02:42.562 21931 21931 D ICU     : No timezone override file found: /data/misc/zoneinfo/current/icu/icu_tzdata.dat
08-06 02:02:42.597 21931 21931 I Radio-JNI: register_android_hardware_Radio DONE
08-06 02:02:42.616 21931 21931 D AndroidRuntime: Calling main entry com.android.commands.am.Am
08-06 02:02:42.628  3167  3167 I Trepn   : Trepn 6.2s: Received intent: com.quicinc.trepn.start_profiling
08-06 02:02:42.656   918   918 I ActivityManager: Start proc 21940:com.google.android.youtube/u0a75 for service com.google.android.youtube/androidx.work.impl.background.systemjob.SystemJobService
08-06 02:02:42.703 21940 21940 W ResourceType: ResTable_typeSpec entry count inconsistent: given 37, previously 42
08-06 02:02:42.704 21940 21940 W ResourceType: ResTable_typeSpec entry count inconsistent: given 2527, previously 2530
08-06 02:02:42.705 21940 21940 W ResourceType: ResTable_typeSpec entry count inconsistent: given 2542, previously 2545
08-06 02:02:42.705 21940 21940 W ResourceType: ResTable_typeSpec entry count inconsistent: given 303, previously 1691
08-06 02:02:42.750 21940 21940 W FileProviderCompat: isPatchingNecessary returned true and in == null: false
08-06 02:02:42.761 21940 21940 W PatchedPackageManager: patching ProviderInfo. Metadata was not null
08-06 02:02:42.762 21940 21940 W PatchedPackageManager: resolveContentProvider flags: 128 ret: ContentProviderInfo{name=com.google.android.youtube.fileprovider className=com.google.android.apps.youtube.app.common.util.MainAppFileProviderCompat}
08-06 02:02:42.780  3167  3167 W FileUtils: Failed to chmod(/storage/emulated/0/trepn/Trepn_2020.08.06_020242.db): android.system.ErrnoException: chmod failed: EPERM (Operation not permitted)
08-06 02:02:42.875  3167  3167 I Trepn   : Trepn 6.2s: Trepn has Started Profiling.
08-06 02:02:42.876 21931 21931 D AndroidRuntime: Shutting down VM
08-06 02:02:42.892 21940 21966 W YouTube : Fetching the Gservices key 'failsafe_clear_cache_release_13_02' before the end of the bulk initialization
08-06 02:02:42.952 21940 21961 W GooglePlayServicesUtil: Google Play services out of date for com.google.android.youtube.  Requires 202990000 but found 202614019
08-06 02:02:43.026 21940 21961 E linker  : readlink('/proc/self/fd/21') failed: Permission denied [fd=21]
08-06 02:02:43.026 21940 21961 E linker  : warning: unable to get realpath for the library "/data/data/com.google.android.youtube/cache/1592423383555.dex". Will use given name.
08-06 02:02:43.105   918  3359 D ConnectivityService: listenForNetwork for Listen from uid/pid:10075/21940 for NetworkRequest [ id=3733, legacyType=-1, [ Capabilities: INTERNET&NOT_RESTRICTED&TRUSTED] ]
08-06 02:02:43.245 21940 21991 E linker  : readlink('/proc/self/fd/28') failed: Permission denied [fd=28]
08-06 02:02:43.246 21940 21991 E linker  : warning: unable to get realpath for the library "/data/app/com.google.android.youtube-1/lib/arm64/libcronet.85.0.4183.18.so". Will use given name.
08-06 02:02:43.286 21902 21914 I art     : Starting a blocking GC Explicit
08-06 02:02:43.286 21940 21973 E GEL_DELAYED_EVENT_DEBUG: Failed delayed event dispatch, no dispatchers.
08-06 02:02:43.304 21902 21914 I art     : Explicit concurrent mark sweep GC freed 10294(1303KB) AllocSpace objects, 3(1360KB) LOS objects, 40% free, 21MB/36MB, paused 134us total 17.574ms
08-06 02:02:43.310 21902 21914 I art     : Starting a blocking GC Explicit
08-06 02:02:43.320 21902 21914 I art     : Explicit concurrent mark sweep GC freed 582(26KB) AllocSpace objects, 0(0B) LOS objects, 40% free, 21MB/36MB, paused 89us total 9.741ms
08-06 02:02:43.327 21902 21914 I art     : Starting a blocking GC Explicit
08-06 02:02:43.336 21902 21914 I art     : Explicit concurrent mark sweep GC freed 3(96B) AllocSpace objects, 0(0B) LOS objects, 40% free, 21MB/36MB, paused 100us total 9.160ms
08-06 02:02:43.341 21902 21914 I art     : Starting a blocking GC Explicit
08-06 02:02:43.342 21940 22037 E linker  : readlink('/proc/self/fd/29') failed: Permission denied [fd=29]
08-06 02:02:43.342 21940 22037 E linker  : warning: unable to get realpath for the library "/data/data/com.google.android.gms/app_chimera/m/00000039/oat/arm64/DynamiteLoader.odex". Will use given name.
08-06 02:02:43.350 21902 21914 I art     : Explicit concurrent mark sweep GC freed 3(96B) AllocSpace objects, 0(0B) LOS objects, 40% free, 21MB/36MB, paused 102us total 8.805ms
08-06 02:02:43.357 21902 21914 I art     : Starting a blocking GC Explicit
08-06 02:02:43.366 21902 21914 I art     : Explicit concurrent mark sweep GC freed 3(96B) AllocSpace objects, 0(0B) LOS objects, 40% free, 21MB/36MB, paused 107us total 8.784ms
08-06 02:02:43.603 21902 21913 I art     : Starting a blocking GC Explicit
08-06 02:02:43.614 21902 21913 I art     : Explicit concurrent mark sweep GC freed 1272(74KB) AllocSpace objects, 1(20KB) LOS objects, 40% free, 21MB/36MB, paused 101us total 10.469ms
08-06 02:02:43.620 21902 21913 I art     : Starting a blocking GC Explicit
08-06 02:02:43.630 21902 21913 I art     : Explicit concurrent mark sweep GC freed 18(624B) AllocSpace objects, 0(0B) LOS objects, 40% free, 21MB/36MB, paused 88us total 9.471ms
08-06 02:02:43.636 21902 21913 I art     : Starting a blocking GC Explicit
08-06 02:02:43.645 21902 21913 I art     : Explicit concurrent mark sweep GC freed 3(96B) AllocSpace objects, 0(0B) LOS objects, 40% free, 21MB/36MB, paused 84us total 9.296ms
08-06 02:02:43.651 21902 21913 I art     : Starting a blocking GC Explicit
08-06 02:02:43.660 21902 21913 I art     : Explicit concurrent mark sweep GC freed 3(96B) AllocSpace objects, 0(0B) LOS objects, 40% free, 21MB/36MB, paused 79us total 9.120ms
08-06 02:02:43.666 21902 21913 I art     : Starting a blocking GC Explicit
08-06 02:02:43.674 21902 21913 I art     : Explicit concurrent mark sweep GC freed 3(96B) AllocSpace objects, 0(0B) LOS objects, 40% free, 21MB/36MB, paused 78us total 8.404ms
08-06 02:02:43.695   918  4413 I AccountManagerService: getTypesVisibleToCaller: isPermitted? true
08-06 02:02:43.928 21902 21914 I art     : Starting a blocking GC Explicit
08-06 02:02:43.941 21902 21914 I art     : Explicit concurrent mark sweep GC freed 1271(74KB) AllocSpace objects, 1(20KB) LOS objects, 40% free, 21MB/36MB, paused 105us total 12.211ms
08-06 02:02:43.947 21902 21914 I art     : Starting a blocking GC Explicit
08-06 02:02:43.958 21902 21914 I art     : Explicit concurrent mark sweep GC freed 18(624B) AllocSpace objects, 0(0B) LOS objects, 40% free, 21MB/36MB, paused 91us total 10.524ms
08-06 02:02:43.964 21902 21914 I art     : Starting a blocking GC Explicit
08-06 02:02:43.972 21902 21914 I art     : Explicit concurrent mark sweep GC freed 3(96B) AllocSpace objects, 0(0B) LOS objects, 40% free, 21MB/36MB, paused 86us total 8.711ms
08-06 02:02:43.978 21902 21914 I art     : Starting a blocking GC Explicit
08-06 02:02:43.986 21902 21914 I art     : Explicit concurrent mark sweep GC freed 3(96B) AllocSpace objects, 0(0B) LOS objects, 40% free, 21MB/36MB, paused 82us total 8.242ms
08-06 02:02:43.991 21902 21914 I art     : Starting a blocking GC Explicit
08-06 02:02:44.000 21902 21914 I art     : Explicit concurrent mark sweep GC freed 3(96B) AllocSpace objects, 0(0B) LOS objects, 40% free, 21MB/36MB, paused 82us total 8.301ms
08-06 02:02:44.000 21940 22050 I FA      : App measurement initialized, version: 31021
08-06 02:02:44.000 21940 22050 I FA      : To enable debug logging run: adb shell setprop log.tag.FA VERBOSE
08-06 02:02:44.001 21940 22050 I FA      : To enable faster debug mode event logging run:
08-06 02:02:44.001 21940 22050 I FA      :   adb shell setprop debug.firebase.analytics.app com.google.android.youtube
08-06 02:02:44.085 21940 21991 I art     : Rejecting re-init on previously-failed class java.lang.Class<qxt>
08-06 02:02:44.086 21940 21991 I art     : Rejecting re-init on previously-failed class java.lang.Class<qxt>
08-06 02:02:44.103 21940 21991 I art     : Rejecting re-init on previously-failed class java.lang.Class<qxt>
08-06 02:02:44.104 21940 21991 I art     : Rejecting re-init on previously-failed class java.lang.Class<qxt>
08-06 02:02:44.106 21940 21991 I art     : Rejecting re-init on previously-failed class java.lang.Class<qxt>
08-06 02:02:44.106 21940 21991 I art     : Rejecting re-init on previously-failed class java.lang.Class<qxt>
08-06 02:02:44.108 21940 21991 I art     : Rejecting re-init on previously-failed class java.lang.Class<qxt>
08-06 02:02:44.108 21940 21991 I art     : Rejecting re-init on previously-failed class java.lang.Class<qxt>
08-06 02:02:44.110 21940 21991 I art     : Rejecting re-init on previously-failed class java.lang.Class<qxt>
08-06 02:02:44.111 21940 21991 I art     : Rejecting re-init on previously-failed class java.lang.Class<qxt>
08-06 02:02:44.193 21940 21968 W YT.MDX.agyr: CastAppId for type 0 not found. Defaulting to mainCastAppId.
08-06 02:02:44.254 21902 21913 I art     : Starting a blocking GC Explicit
08-06 02:02:44.262 21369 21369 I ServiceManager: Waiting for service AtCmdFwd...
08-06 02:02:44.265 21902 21913 I art     : Explicit concurrent mark sweep GC freed 1268(74KB) AllocSpace objects, 1(20KB) LOS objects, 40% free, 21MB/36MB, paused 104us total 11.481ms
08-06 02:02:44.272 21902 21913 I art     : Starting a blocking GC Explicit
08-06 02:02:44.282 21902 21913 I art     : Explicit concurrent mark sweep GC freed 18(624B) AllocSpace objects, 0(0B) LOS objects, 40% free, 21MB/36MB, paused 86us total 10.173ms
08-06 02:02:44.283 21940 21968 W YT.MDX.agyr: CastAppId for type 0 not found. Defaulting to mainCastAppId.
08-06 02:02:44.288 21902 21913 I art     : Starting a blocking GC Explicit
08-06 02:02:44.297 21902 21913 I art     : Explicit concurrent mark sweep GC freed 3(96B) AllocSpace objects, 0(0B) LOS objects, 40% free, 21MB/36MB, paused 78us total 8.905ms
08-06 02:02:44.302 21902 21913 I art     : Starting a blocking GC Explicit
08-06 02:02:44.311 21902 21913 I art     : Explicit concurrent mark sweep GC freed 3(96B) AllocSpace objects, 0(0B) LOS objects, 40% free, 21MB/36MB, paused 77us total 8.609ms
08-06 02:02:44.316 21902 21913 I art     : Starting a blocking GC Explicit
08-06 02:02:44.325 21902 21913 I art     : Explicit concurrent mark sweep GC freed 3(96B) AllocSpace objects, 0(0B) LOS objects, 40% free, 21MB/36MB, paused 82us total 8.489ms
08-06 02:02:44.346 24365 24365 I Herrevad: [1] abng.a: updateListenState
08-06 02:02:44.584 21902 21914 I art     : Starting a blocking GC Explicit
08-06 02:02:44.600 21902 21914 I art     : Explicit concurrent mark sweep GC freed 1268(74KB) AllocSpace objects, 1(20KB) LOS objects, 40% free, 21MB/36MB, paused 137us total 14.897ms
08-06 02:02:44.609 21902 21914 I art     : Starting a blocking GC Explicit
08-06 02:02:44.621 21902 21914 I art     : Explicit concurrent mark sweep GC freed 18(624B) AllocSpace objects, 0(0B) LOS objects, 40% free, 21MB/36MB, paused 103us total 11.119ms
08-06 02:02:44.627 21902 21914 I art     : Starting a blocking GC Explicit
08-06 02:02:44.637 21902 21914 I art     : Explicit concurrent mark sweep GC freed 3(96B) AllocSpace objects, 0(0B) LOS objects, 40% free, 21MB/36MB, paused 99us total 10.104ms
08-06 02:02:44.643 21902 21914 I art     : Starting a blocking GC Explicit
08-06 02:02:44.653 21902 21914 I art     : Explicit concurrent mark sweep GC freed 3(96B) AllocSpace objects, 0(0B) LOS objects, 40% free, 21MB/36MB, paused 98us total 10.150ms
08-06 02:02:44.660 21902 21914 I art     : Starting a blocking GC Explicit
08-06 02:02:44.670 21902 21914 I art     : Explicit concurrent mark sweep GC freed 3(96B) AllocSpace objects, 0(0B) LOS objects, 40% free, 21MB/36MB, paused 89us total 9.747ms
08-06 02:02:44.969 21902 21913 I art     : Starting a blocking GC Explicit
08-06 02:02:44.983 21902 21913 I art     : Explicit concurrent mark sweep GC freed 1268(74KB) AllocSpace objects, 1(20KB) LOS objects, 40% free, 21MB/36MB, paused 116us total 13.427ms
08-06 02:02:44.992 21902 21913 I art     : Starting a blocking GC Explicit
08-06 02:02:45.005 21902 21913 I art     : Explicit concurrent mark sweep GC freed 18(624B) AllocSpace objects, 0(0B) LOS objects, 40% free, 21MB/36MB, paused 109us total 13.303ms
08-06 02:02:45.014 21902 21913 I art     : Starting a blocking GC Explicit
08-06 02:02:45.025 21902 21913 I art     : Explicit concurrent mark sweep GC freed 3(96B) AllocSpace objects, 0(0B) LOS objects, 40% free, 21MB/36MB, paused 90us total 10.270ms
08-06 02:02:45.030 21902 21913 I art     : Starting a blocking GC Explicit
08-06 02:02:45.041 21902 21913 I art     : Explicit concurrent mark sweep GC freed 3(96B) AllocSpace objects, 0(0B) LOS objects, 40% free, 21MB/36MB, paused 92us total 10.010ms
08-06 02:02:45.047 21902 21913 I art     : Starting a blocking GC Explicit
08-06 02:02:45.057 21902 21913 I art     : Explicit concurrent mark sweep GC freed 3(96B) AllocSpace objects, 0(0B) LOS objects, 40% free, 21MB/36MB, paused 89us total 10.179ms
08-06 02:02:45.263 21369 21369 I ServiceManager: Waiting for service AtCmdFwd...
08-06 02:02:45.356 21902 21914 I art     : Starting a blocking GC Explicit
08-06 02:02:45.373 21902 21914 I art     : Explicit concurrent mark sweep GC freed 1268(74KB) AllocSpace objects, 1(20KB) LOS objects, 40% free, 21MB/36MB, paused 124us total 16.223ms
08-06 02:02:45.383 21902 21914 I art     : Starting a blocking GC Explicit
08-06 02:02:45.397 21902 21914 I art     : Explicit concurrent mark sweep GC freed 18(624B) AllocSpace objects, 0(0B) LOS objects, 40% free, 21MB/36MB, paused 144us total 13.327ms
08-06 02:02:45.407 21902 21914 I art     : Starting a blocking GC Explicit
08-06 02:02:45.418 21902 21914 I art     : Explicit concurrent mark sweep GC freed 3(96B) AllocSpace objects, 0(0B) LOS objects, 40% free, 21MB/36MB, paused 100us total 10.448ms
08-06 02:02:45.424 21902 21914 I art     : Starting a blocking GC Explicit
08-06 02:02:45.434 21902 21914 I art     : Explicit concurrent mark sweep GC freed 3(96B) AllocSpace objects, 0(0B) LOS objects, 40% free, 21MB/36MB, paused 97us total 10.177ms
08-06 02:02:45.440 21902 21914 I art     : Starting a blocking GC Explicit
08-06 02:02:45.450 21902 21914 I art     : Explicit concurrent mark sweep GC freed 3(96B) AllocSpace objects, 0(0B) LOS objects, 40% free, 21MB/36MB, paused 95us total 10.100ms
08-06 02:02:45.758 21902 21913 I art     : Starting a blocking GC Explicit
08-06 02:02:45.774 21902 21913 I art     : Explicit concurrent mark sweep GC freed 1268(74KB) AllocSpace objects, 1(20KB) LOS objects, 40% free, 21MB/36MB, paused 123us total 15.984ms
08-06 02:02:45.785 21902 21913 I art     : Starting a blocking GC Explicit
08-06 02:02:45.799 21902 21913 I art     : Explicit concurrent mark sweep GC freed 18(624B) AllocSpace objects, 0(0B) LOS objects, 40% free, 21MB/36MB, paused 117us total 13.246ms
08-06 02:02:45.807 21902 21913 I art     : Starting a blocking GC Explicit
08-06 02:02:45.818 21902 21913 I art     : Explicit concurrent mark sweep GC freed 3(96B) AllocSpace objects, 0(0B) LOS objects, 40% free, 21MB/36MB, paused 96us total 10.264ms
08-06 02:02:45.824 21902 21913 I art     : Starting a blocking GC Explicit
08-06 02:02:45.834 21902 21913 I art     : Explicit concurrent mark sweep GC freed 3(96B) AllocSpace objects, 0(0B) LOS objects, 40% free, 21MB/36MB, paused 95us total 9.985ms
08-06 02:02:45.840 21902 21913 I art     : Starting a blocking GC Explicit
08-06 02:02:45.850 21902 21913 I art     : Explicit concurrent mark sweep GC freed 3(96B) AllocSpace objects, 0(0B) LOS objects, 40% free, 21MB/36MB, paused 90us total 10.179ms
08-06 02:02:46.144 21902 21914 I art     : Starting a blocking GC Explicit
08-06 02:02:46.159 21902 21914 I art     : Explicit concurrent mark sweep GC freed 1268(74KB) AllocSpace objects, 1(20KB) LOS objects, 40% free, 21MB/36MB, paused 124us total 14.910ms
08-06 02:02:46.168 21902 21914 I art     : Starting a blocking GC Explicit
08-06 02:02:46.179 21902 21914 I art     : Explicit concurrent mark sweep GC freed 18(624B) AllocSpace objects, 0(0B) LOS objects, 40% free, 21MB/36MB, paused 103us total 10.546ms
08-06 02:02:46.185 21902 21914 I art     : Starting a blocking GC Explicit
08-06 02:02:46.195 21902 21914 I art     : Explicit concurrent mark sweep GC freed 3(96B) AllocSpace objects, 0(0B) LOS objects, 40% free, 21MB/36MB, paused 98us total 10.205ms
08-06 02:02:46.202 21902 21914 I art     : Starting a blocking GC Explicit
08-06 02:02:46.211 21902 21914 I art     : Explicit concurrent mark sweep GC freed 3(96B) AllocSpace objects, 0(0B) LOS objects, 40% free, 21MB/36MB, paused 87us total 9.635ms
08-06 02:02:46.217 21902 21914 I art     : Starting a blocking GC Explicit
08-06 02:02:46.227 21902 21914 I art     : Explicit concurrent mark sweep GC freed 3(96B) AllocSpace objects, 0(0B) LOS objects, 40% free, 21MB/36MB, paused 98us total 9.850ms
08-06 02:02:46.264 21369 21369 I ServiceManager: Waiting for service AtCmdFwd...
08-06 02:02:46.539 21902 21913 I art     : Starting a blocking GC Explicit
08-06 02:02:46.556 21902 21913 I art     : Explicit concurrent mark sweep GC freed 1268(74KB) AllocSpace objects, 1(20KB) LOS objects, 40% free, 21MB/36MB, paused 146us total 16.295ms
08-06 02:02:46.567 21902 21913 I art     : Starting a blocking GC Explicit
08-06 02:02:46.578 21902 21913 I art     : Explicit concurrent mark sweep GC freed 18(624B) AllocSpace objects, 0(0B) LOS objects, 40% free, 21MB/36MB, paused 92us total 10.286ms
08-06 02:02:46.584 21902 21913 I art     : Starting a blocking GC Explicit
08-06 02:02:46.595 21902 21913 I art     : Explicit concurrent mark sweep GC freed 3(96B) AllocSpace objects, 0(0B) LOS objects, 40% free, 21MB/36MB, paused 92us total 10.553ms
08-06 02:02:46.601 21902 21913 I art     : Starting a blocking GC Explicit
08-06 02:02:46.611 21902 21913 I art     : Explicit concurrent mark sweep GC freed 3(96B) AllocSpace objects, 0(0B) LOS objects, 40% free, 21MB/36MB, paused 86us total 9.782ms
08-06 02:02:46.617 21902 21913 I art     : Starting a blocking GC Explicit
08-06 02:02:46.627 21902 21913 I art     : Explicit concurrent mark sweep GC freed 3(96B) AllocSpace objects, 0(0B) LOS objects, 40% free, 21MB/36MB, paused 85us total 9.698ms
08-06 02:02:46.883 21902 21914 I art     : Starting a blocking GC Explicit
08-06 02:02:46.895 21902 21914 I art     : Explicit concurrent mark sweep GC freed 1268(74KB) AllocSpace objects, 1(20KB) LOS objects, 40% free, 21MB/36MB, paused 112us total 11.848ms
08-06 02:02:46.901 21902 21914 I art     : Starting a blocking GC Explicit
08-06 02:02:46.912 21902 21914 I art     : Explicit concurrent mark sweep GC freed 18(624B) AllocSpace objects, 0(0B) LOS objects, 40% free, 21MB/36MB, paused 94us total 10.397ms
08-06 02:02:46.918 21902 21914 I art     : Starting a blocking GC Explicit
08-06 02:02:46.927 21902 21914 I art     : Explicit concurrent mark sweep GC freed 3(96B) AllocSpace objects, 0(0B) LOS objects, 40% free, 21MB/36MB, paused 86us total 9.091ms
08-06 02:02:46.932 21902 21914 I art     : Starting a blocking GC Explicit
08-06 02:02:46.941 21902 21914 I art     : Explicit concurrent mark sweep GC freed 3(96B) AllocSpace objects, 0(0B) LOS objects, 40% free, 21MB/36MB, paused 82us total 8.448ms
08-06 02:02:46.946 21902 21914 I art     : Starting a blocking GC Explicit
08-06 02:02:46.955 21902 21914 I art     : Explicit concurrent mark sweep GC freed 3(96B) AllocSpace objects, 0(0B) LOS objects, 40% free, 21MB/36MB, paused 83us total 8.668ms
08-06 02:02:47.264 21369 21369 I ServiceManager: Waiting for service AtCmdFwd...
08-06 02:02:47.266 21902 21913 I art     : Starting a blocking GC Explicit
08-06 02:02:47.280 21902 21913 I art     : Explicit concurrent mark sweep GC freed 1268(74KB) AllocSpace objects, 1(20KB) LOS objects, 40% free, 21MB/36MB, paused 107us total 14.507ms
08-06 02:02:47.287 21902 21913 I art     : Starting a blocking GC Explicit
08-06 02:02:47.299 21902 21913 I art     : Explicit concurrent mark sweep GC freed 18(624B) AllocSpace objects, 0(0B) LOS objects, 40% free, 21MB/36MB, paused 103us total 11.845ms
08-06 02:02:47.306 21902 21913 I art     : Starting a blocking GC Explicit
08-06 02:02:47.317 21902 21913 I art     : Explicit concurrent mark sweep GC freed 3(96B) AllocSpace objects, 0(0B) LOS objects, 40% free, 21MB/36MB, paused 122us total 10.331ms
08-06 02:02:47.323 21902 21913 I art     : Starting a blocking GC Explicit
08-06 02:02:47.333 21902 21913 I art     : Explicit concurrent mark sweep GC freed 3(96B) AllocSpace objects, 0(0B) LOS objects, 40% free, 21MB/36MB, paused 91us total 9.954ms
08-06 02:02:47.339 21902 21913 I art     : Starting a blocking GC Explicit
08-06 02:02:47.349 21902 21913 I art     : Explicit concurrent mark sweep GC freed 3(96B) AllocSpace objects, 0(0B) LOS objects, 40% free, 21MB/36MB, paused 92us total 9.956ms
08-06 02:02:47.605 21902 21914 I art     : Starting a blocking GC Explicit
08-06 02:02:47.618 21902 21914 I art     : Explicit concurrent mark sweep GC freed 1268(74KB) AllocSpace objects, 1(20KB) LOS objects, 40% free, 21MB/36MB, paused 113us total 12.004ms
08-06 02:02:47.624 21902 21914 I art     : Starting a blocking GC Explicit
08-06 02:02:47.634 21902 21914 I art     : Explicit concurrent mark sweep GC freed 18(624B) AllocSpace objects, 0(0B) LOS objects, 40% free, 21MB/36MB, paused 109us total 10.403ms
08-06 02:02:47.641 21902 21914 I art     : Starting a blocking GC Explicit
08-06 02:02:47.650 21902 21914 I art     : Explicit concurrent mark sweep GC freed 3(96B) AllocSpace objects, 0(0B) LOS objects, 40% free, 21MB/36MB, paused 104us total 9.635ms
08-06 02:02:47.656 21902 21914 I art     : Starting a blocking GC Explicit
08-06 02:02:47.666 21902 21914 I art     : Explicit concurrent mark sweep GC freed 3(96B) AllocSpace objects, 0(0B) LOS objects, 40% free, 21MB/36MB, paused 100us total 9.508ms
08-06 02:02:47.672 21902 21914 I art     : Starting a blocking GC Explicit
08-06 02:02:47.681 21902 21914 I art     : Explicit concurrent mark sweep GC freed 3(96B) AllocSpace objects, 0(0B) LOS objects, 40% free, 21MB/36MB, paused 91us total 9.779ms
08-06 02:02:47.884 22212 22212 D AndroidRuntime: >>>>>> START com.android.internal.os.RuntimeInit uid 2000 <<<<<<
08-06 02:02:47.888 22212 22212 D AndroidRuntime: CheckJNI is OFF
08-06 02:02:47.905 21902 21913 I art     : Starting a blocking GC Explicit
08-06 02:02:47.913 22212 22212 D ICU     : No timezone override file found: /data/misc/zoneinfo/current/icu/icu_tzdata.dat
08-06 02:02:47.914 21902 21913 I art     : Explicit concurrent mark sweep GC freed 1268(74KB) AllocSpace objects, 1(20KB) LOS objects, 40% free, 21MB/36MB, paused 97us total 8.887ms
08-06 02:02:47.919 21902 21913 I art     : Starting a blocking GC Explicit
08-06 02:02:47.928 21902 21913 I art     : Explicit concurrent mark sweep GC freed 18(624B) AllocSpace objects, 0(0B) LOS objects, 40% free, 21MB/36MB, paused 85us total 8.816ms
08-06 02:02:47.933 21902 21913 I art     : Starting a blocking GC Explicit
08-06 02:02:47.937 22212 22212 I Radio-JNI: register_android_hardware_Radio DONE
08-06 02:02:47.942 21902 21913 I art     : Explicit concurrent mark sweep GC freed 3(96B) AllocSpace objects, 0(0B) LOS objects, 40% free, 21MB/36MB, paused 88us total 8.821ms
08-06 02:02:47.947   918  1210 D NetlinkSocketObserver: NeighborEvent{elapsedMs=1825971822, 192.168.2.254, [7C3953A63323], RTM_NEWNEIGH, NUD_REACHABLE}
08-06 02:02:47.947 21902 21913 I art     : Starting a blocking GC Explicit
08-06 02:02:47.953 22212 22212 D AndroidRuntime: Calling main entry com.android.commands.input.Input
08-06 02:02:47.955 22212 22212 I Input   : injectMotionEvent: MotionEvent { action=ACTION_DOWN, actionButton=0, id[0]=0, x[0]=711.0, y[0]=1664.0, toolType[0]=TOOL_TYPE_UNKNOWN, buttonState=0, metaState=0, flags=0x0, edgeFlags=0x0, pointerCount=1, historySize=0, eventTime=842584368, downTime=842584368, deviceId=0, source=0x1002 }
08-06 02:02:47.956 21902 21913 I art     : Explicit concurrent mark sweep GC freed 3(96B) AllocSpace objects, 0(0B) LOS objects, 40% free, 21MB/36MB, paused 114us total 9.020ms
08-06 02:02:47.959 22212 22212 I Input   : injectMotionEvent: MotionEvent { action=ACTION_UP, actionButton=0, id[0]=0, x[0]=711.0, y[0]=1664.0, toolType[0]=TOOL_TYPE_UNKNOWN, buttonState=0, metaState=0, flags=0x0, edgeFlags=0x0, pointerCount=1, historySize=0, eventTime=842584368, downTime=842584368, deviceId=0, source=0x1002 }
08-06 02:02:47.962 22212 22212 D AndroidRuntime: Shutting down VM
08-06 02:02:47.963 21902 21913 I art     : Starting a blocking GC Explicit
08-06 02:02:47.972   918   928 I ActivityManager: START u0 {flg=0x14000000 cmp=baseline.com.ak.uobtimetable/.CourseListActivity} from uid 10710 on display 0
08-06 02:02:47.973   512  2967 D audio_hw_primary: out_set_parameters: enter: usecase(1: low-latency-playback) kvpairs: routing=2
08-06 02:02:47.980 21902 21913 I art     : Explicit concurrent mark sweep GC freed 51(5KB) AllocSpace objects, 0(0B) LOS objects, 40% free, 21MB/36MB, paused 160us total 17.530ms
08-06 02:02:47.986   512  2967 D audio_hw_primary: select_devices: out_snd_device(2: speaker) in_snd_device(0: none)
08-06 02:02:47.986   512  2967 D msm8974_platform: platform_send_audio_calibration: sending audio calibration for snd_device(2) acdb_id(15)
08-06 02:02:47.986   512  2967 I soundtrigger: audio_extn_sound_trigger_update_device_status: device 0x2 of type 0 for Event 1
08-06 02:02:47.992   918   937 W ProcessCpuTracker: Skipping unknown process pid 22220
08-06 02:02:47.993   918   937 W ProcessCpuTracker: Skipping unknown process pid 22222
08-06 02:02:47.993   918   937 W ProcessCpuTracker: Skipping unknown process pid 22223
08-06 02:02:47.995   512  2967 D audio_hw_primary: enable_snd_device: snd_device(2: speaker)
08-06 02:02:47.997   512  2967 D audio_hw_primary: enable_audio_route: apply and update mixer path: low-latency-playback speaker
08-06 02:02:48.008 21902 21902 D CourseListActivity: onCreate
08-06 02:02:48.030 21902 22239 D HTTP    : Request for: https://uob-timetable-api.adriankeenan.co.uk/courses
08-06 02:02:48.097 13866 13866 I GoogleInputMethodServic: GoogleInputMethodService.onFinishInput():3138 
08-06 02:02:48.098   918   936 I ActivityManager: Displayed baseline.com.ak.uobtimetable/.CourseListActivity: +117ms
08-06 02:02:48.098 13866 13866 I GoogleInputMethodServic: GoogleInputMethodService.onStartInput():1808 
08-06 02:02:48.128 21902 21917 D OpenGLRenderer: endAllStagingAnimators on 0x7f949c6800 (RippleDrawable) with handle 0x7f99f113e0
08-06 02:02:48.197 21902 22237 I art     : Starting a blocking GC Explicit
08-06 02:02:48.211 21902 22237 I art     : Explicit concurrent mark sweep GC freed 4950(388KB) AllocSpace objects, 1(20KB) LOS objects, 40% free, 22MB/37MB, paused 164us total 14.022ms
08-06 02:02:48.217 21902 22237 I art     : Starting a blocking GC Explicit
08-06 02:02:48.229 21902 22237 I art     : Explicit concurrent mark sweep GC freed 377(19KB) AllocSpace objects, 0(0B) LOS objects, 40% free, 22MB/37MB, paused 135us total 11.750ms
08-06 02:02:48.235 21902 22237 I art     : Starting a blocking GC Explicit
08-06 02:02:48.246 21902 22237 I art     : Explicit concurrent mark sweep GC freed 4(128B) AllocSpace objects, 0(0B) LOS objects, 40% free, 22MB/37MB, paused 133us total 11.566ms
08-06 02:02:48.252 21902 22237 I art     : Starting a blocking GC Explicit
08-06 02:02:48.265 21369 21369 I ServiceManager: Waiting for service AtCmdFwd...
08-06 02:02:48.265 21902 22237 I art     : Explicit concurrent mark sweep GC freed 4(128B) AllocSpace objects, 0(0B) LOS objects, 40% free, 22MB/37MB, paused 135us total 12.991ms
08-06 02:02:48.273 21902 22237 I art     : Starting a blocking GC Explicit
08-06 02:02:48.286 21902 22237 I art     : Explicit concurrent mark sweep GC freed 4(128B) AllocSpace objects, 0(0B) LOS objects, 40% free, 22MB/37MB, paused 197us total 12.525ms
08-06 02:02:48.528 21902 22239 I NAPPA_EXPERIMENTATION: MetricNetworkRequestExecutionTime: REQUEST_DURATION_SYSTEM='495',REQUEST_DURATION_OKHTTP='34',REQUEST_SYNCHRONOUS='TRUE',RESPONSE_CODE='200',RESPONSE_METHOD='GET',RESPONSE_LENGTH_OKHTTP='-1',RESPONSE_LENGTH_HEADER='-2',REQUEST_PROTOCOL='http/1.1',REQUEST_URL='https://uob-timetable-api.adriankeenan.co.uk/courses',
08-06 02:02:48.541   512  2967 D audio_hw_primary: disable_audio_route: reset and update mixer path: low-latency-playback speaker
08-06 02:02:48.542   512  2967 D audio_hw_primary: disable_snd_device: snd_device(2: speaker)
08-06 02:02:48.548 21902 21913 I art     : Starting a blocking GC Explicit
08-06 02:02:48.549   512  2967 I soundtrigger: audio_extn_sound_trigger_update_device_status: device 0x2 of type 0 for Event 0
08-06 02:02:48.562 21902 21913 I art     : Explicit concurrent mark sweep GC freed 4152(265KB) AllocSpace objects, 4(220KB) LOS objects, 38% free, 25MB/41MB, paused 158us total 14.407ms
08-06 02:02:48.569 21902 21913 I art     : Starting a blocking GC Explicit
08-06 02:02:48.581 21902 21913 I art     : Explicit concurrent mark sweep GC freed 1034(119KB) AllocSpace objects, 0(0B) LOS objects, 37% free, 26MB/42MB, paused 147us total 11.641ms
08-06 02:02:48.586 21902 21913 I art     : Starting a blocking GC Explicit
08-06 02:02:48.597 21902 21913 I art     : Explicit concurrent mark sweep GC freed 20(640B) AllocSpace objects, 0(0B) LOS objects, 35% free, 28MB/44MB, paused 190us total 10.962ms
08-06 02:02:48.603 21902 21913 I art     : Starting a blocking GC Explicit
08-06 02:02:48.613 21902 21913 I art     : Explicit concurrent mark sweep GC freed 18(592B) AllocSpace objects, 0(0B) LOS objects, 34% free, 30MB/46MB, paused 131us total 10.163ms
08-06 02:02:48.619 21902 21913 I art     : Starting a blocking GC Explicit
08-06 02:02:48.629 21902 21913 I art     : Explicit concurrent mark sweep GC freed 18(592B) AllocSpace objects, 0(0B) LOS objects, 33% free, 31MB/47MB, paused 136us total 10.410ms
08-06 02:02:48.857 21902 22239 I HTTP    : Response was compressed.
08-06 02:02:48.892 21902 21913 I art     : Waiting for a blocking GC Explicit
08-06 02:02:48.900 21902 21913 I art     : WaitForGcToComplete blocked for 7.716ms for cause Explicit
08-06 02:02:48.900 21902 21913 I art     : Starting a blocking GC Explicit
08-06 02:02:48.928 21902 21913 I art     : Explicit concurrent mark sweep GC freed 12537(585KB) AllocSpace objects, 2(22MB) LOS objects, 29% free, 37MB/53MB, paused 288us total 27.537ms
08-06 02:02:48.936 21902 21913 I art     : Starting a blocking GC Explicit
08-06 02:02:48.950 21902 21913 I art     : Explicit concurrent mark sweep GC freed 15536(725KB) AllocSpace objects, 0(0B) LOS objects, 29% free, 37MB/53MB, paused 226us total 13.785ms
08-06 02:02:48.956 21902 21913 I art     : Starting a blocking GC Explicit
08-06 02:02:48.969 21902 21913 I art     : Explicit concurrent mark sweep GC freed 10736(513KB) AllocSpace objects, 0(0B) LOS objects, 29% free, 37MB/53MB, paused 201us total 12.197ms
08-06 02:02:48.974 21902 21913 I art     : Starting a blocking GC Explicit
08-06 02:02:48.987 21902 21913 I art     : Explicit concurrent mark sweep GC freed 10021(484KB) AllocSpace objects, 0(0B) LOS objects, 29% free, 38MB/54MB, paused 198us total 12.104ms
08-06 02:02:48.992 21902 21913 I art     : Starting a blocking GC Explicit
08-06 02:02:49.004 21902 21913 I art     : Explicit concurrent mark sweep GC freed 9746(460KB) AllocSpace objects, 0(0B) LOS objects, 29% free, 38MB/54MB, paused 185us total 11.651ms
08-06 02:02:49.265 21369 21369 W Atfwd_Sendcmd: AtCmdFwd service not published, waiting... retryCnt : 2
08-06 02:02:49.272 21902 21914 I art     : Starting a blocking GC Explicit
08-06 02:02:49.307 21902 21914 I art     : Explicit concurrent mark sweep GC freed 163995(7MB) AllocSpace objects, 1(20KB) LOS objects, 28% free, 39MB/55MB, paused 315us total 34.293ms
08-06 02:02:49.316 21902 21914 I art     : Starting a blocking GC Explicit
08-06 02:02:49.334 21902 21914 I art     : Explicit concurrent mark sweep GC freed 21250(992KB) AllocSpace objects, 0(0B) LOS objects, 28% free, 39MB/55MB, paused 270us total 17.854ms
08-06 02:02:49.342 21902 21914 I art     : Starting a blocking GC Explicit
08-06 02:02:49.358 21902 21914 I art     : Explicit concurrent mark sweep GC freed 13168(622KB) AllocSpace objects, 0(0B) LOS objects, 28% free, 39MB/55MB, paused 332us total 15.946ms
08-06 02:02:49.365 21902 21914 I art     : Starting a blocking GC Explicit
08-06 02:02:49.380 21902 21914 I art     : Explicit concurrent mark sweep GC freed 12102(569KB) AllocSpace objects, 0(0B) LOS objects, 28% free, 39MB/55MB, paused 276us total 15.346ms
08-06 02:02:49.387 21902 21914 I art     : Starting a blocking GC Explicit
08-06 02:02:49.403 21902 21914 I art     : Explicit concurrent mark sweep GC freed 12665(609KB) AllocSpace objects, 0(0B) LOS objects, 28% free, 39MB/55MB, paused 280us total 15.644ms
08-06 02:02:49.672 21902 22237 I art     : Starting a blocking GC Explicit
08-06 02:02:49.712 21902 22237 I art     : Explicit concurrent mark sweep GC freed 164571(7MB) AllocSpace objects, 1(20KB) LOS objects, 27% free, 41MB/57MB, paused 393us total 40ms
08-06 02:02:49.723 21902 22237 I art     : Starting a blocking GC Explicit
08-06 02:02:49.745 21902 22237 I art     : Explicit concurrent mark sweep GC freed 22795(1071KB) AllocSpace objects, 0(0B) LOS objects, 28% free, 41MB/57MB, paused 702us total 22.161ms
08-06 02:02:49.753 21902 22237 I art     : Starting a blocking GC Explicit
08-06 02:02:49.772 21902 22237 I art     : Explicit concurrent mark sweep GC freed 15205(712KB) AllocSpace objects, 0(0B) LOS objects, 27% free, 41MB/57MB, paused 298us total 18.507ms
08-06 02:02:49.780 21902 22237 I art     : Starting a blocking GC Explicit
08-06 02:02:49.799 21902 22237 I art     : Explicit concurrent mark sweep GC freed 14789(690KB) AllocSpace objects, 0(0B) LOS objects, 27% free, 41MB/57MB, paused 334us total 18.591ms
08-06 02:02:49.807 21902 22237 I art     : Starting a blocking GC Explicit
08-06 02:02:49.827 21902 22237 I art     : Explicit concurrent mark sweep GC freed 15318(717KB) AllocSpace objects, 0(0B) LOS objects, 27% free, 41MB/57MB, paused 734us total 19.652ms
08-06 02:02:49.891   518   646 I ThermalEngine: ACTION: GPU - Setting GPU[0] to 510000000
08-06 02:02:50.075 21902 21913 I art     : Starting a blocking GC Explicit
08-06 02:02:50.115 21902 21913 I art     : Explicit concurrent mark sweep GC freed 151023(6MB) AllocSpace objects, 1(20KB) LOS objects, 27% free, 42MB/58MB, paused 477us total 40.301ms
08-06 02:02:50.127 21902 21913 I art     : Starting a blocking GC Explicit
08-06 02:02:50.156 21902 21913 I art     : Explicit concurrent mark sweep GC freed 27685(1292KB) AllocSpace objects, 0(0B) LOS objects, 27% free, 42MB/58MB, paused 467us total 28.073ms
08-06 02:02:50.167 21902 21913 I art     : Starting a blocking GC Explicit
08-06 02:02:50.197 21902 21913 I art     : Explicit concurrent mark sweep GC freed 22650(1062KB) AllocSpace objects, 0(0B) LOS objects, 27% free, 42MB/58MB, paused 539us total 29.698ms
08-06 02:02:50.209 21902 21913 I art     : Starting a blocking GC Explicit
08-06 02:02:50.238 21902 21913 I art     : Explicit concurrent mark sweep GC freed 22413(1051KB) AllocSpace objects, 0(0B) LOS objects, 27% free, 43MB/59MB, paused 496us total 29.227ms
08-06 02:02:50.249 21902 21913 I art     : Starting a blocking GC Explicit
08-06 02:02:50.278 21902 21913 I art     : Explicit concurrent mark sweep GC freed 21975(1032KB) AllocSpace objects, 0(0B) LOS objects, 27% free, 43MB/59MB, paused 557us total 28.790ms
08-06 02:02:50.547 21902 21913 I art     : Starting a blocking GC Explicit
08-06 02:02:50.601 21902 21913 I art     : Explicit concurrent mark sweep GC freed 167636(7MB) AllocSpace objects, 1(20KB) LOS objects, 26% free, 44MB/60MB, paused 579us total 53.691ms
08-06 02:02:50.614 21902 21913 I art     : Starting a blocking GC Explicit
08-06 02:02:50.647 21902 21913 I art     : Explicit concurrent mark sweep GC freed 30583(1447KB) AllocSpace objects, 0(0B) LOS objects, 26% free, 44MB/60MB, paused 636us total 32.753ms
08-06 02:02:50.659 21902 21913 I art     : Starting a blocking GC Explicit
08-06 02:02:50.692 21902 21913 I art     : Explicit concurrent mark sweep GC freed 24179(1185KB) AllocSpace objects, 0(0B) LOS objects, 26% free, 44MB/60MB, paused 603us total 32.511ms
08-06 02:02:50.704 21902 21913 I art     : Starting a blocking GC Explicit
08-06 02:02:50.738 21902 21913 I art     : Explicit concurrent mark sweep GC freed 24968(1164KB) AllocSpace objects, 0(0B) LOS objects, 26% free, 45MB/61MB, paused 614us total 33.244ms
08-06 02:02:50.751 21902 21913 I art     : Starting a blocking GC Explicit
08-06 02:02:50.785 21902 21913 I art     : Explicit concurrent mark sweep GC freed 25225(1188KB) AllocSpace objects, 0(0B) LOS objects, 26% free, 45MB/61MB, paused 648us total 33.753ms
08-06 02:02:51.054 21902 21913 I art     : Starting a blocking GC Explicit
08-06 02:02:51.106 21902 21913 I art     : Explicit concurrent mark sweep GC freed 163099(7MB) AllocSpace objects, 1(20KB) LOS objects, 25% free, 46MB/62MB, paused 659us total 51.803ms
08-06 02:02:51.121 21902 21913 I art     : Starting a blocking GC Explicit
08-06 02:02:51.158 21902 21913 I art     : Explicit concurrent mark sweep GC freed 33225(1547KB) AllocSpace objects, 0(0B) LOS objects, 25% free, 46MB/62MB, paused 683us total 36.410ms
08-06 02:02:51.172 21902 21913 I art     : Starting a blocking GC Explicit
08-06 02:02:51.211 21902 21913 I art     : Explicit concurrent mark sweep GC freed 28877(1339KB) AllocSpace objects, 0(0B) LOS objects, 25% free, 46MB/62MB, paused 766us total 38.614ms
08-06 02:02:51.224 21902 21913 I art     : Starting a blocking GC Explicit
08-06 02:02:51.264 21902 21913 I art     : Explicit concurrent mark sweep GC freed 28465(1334KB) AllocSpace objects, 0(0B) LOS objects, 25% free, 47MB/63MB, paused 799us total 39.334ms
08-06 02:02:51.278 21902 21913 I art     : Starting a blocking GC Explicit
08-06 02:02:51.317 21902 21913 I art     : Explicit concurrent mark sweep GC freed 28431(1335KB) AllocSpace objects, 0(0B) LOS objects, 25% free, 47MB/63MB, paused 753us total 39.579ms
08-06 02:02:51.599 21902 21914 I art     : Starting a blocking GC Explicit
08-06 02:02:51.619 21902 22239 I Service : getCourses response time: 0.69
08-06 02:02:51.628 21902 21902 I SettingsManager: Getting string: savedCourse
08-06 02:02:51.655 21902 21914 I art     : Explicit concurrent mark sweep GC freed 164166(7MB) AllocSpace objects, 1(20KB) LOS objects, 24% free, 48MB/64MB, paused 258us total 55.481ms
08-06 02:02:51.671 21902 21914 I art     : Starting a blocking GC Explicit
08-06 02:02:51.712 21902 21914 I art     : Explicit concurrent mark sweep GC freed 730(32KB) AllocSpace objects, 1(14MB) LOS objects, 32% free, 33MB/49MB, paused 873us total 40.258ms
08-06 02:02:51.727 21902 21914 I art     : Starting a blocking GC Explicit
08-06 02:02:51.766 21902 21914 I art     : Explicit concurrent mark sweep GC freed 63(2608B) AllocSpace objects, 0(0B) LOS objects, 32% free, 33MB/49MB, paused 203us total 38.388ms
08-06 02:02:51.781 21902 21914 I art     : Starting a blocking GC Explicit
08-06 02:02:51.820 21902 21914 I art     : Explicit concurrent mark sweep GC freed 3(96B) AllocSpace objects, 0(0B) LOS objects, 32% free, 33MB/49MB, paused 193us total 39.148ms
08-06 02:02:51.836 21902 21914 I art     : Starting a blocking GC Explicit
08-06 02:02:51.878 21902 21914 I art     : Explicit concurrent mark sweep GC freed 3(96B) AllocSpace objects, 0(0B) LOS objects, 32% free, 33MB/49MB, paused 204us total 42.322ms
08-06 02:02:52.204 21902 21913 I art     : Starting a blocking GC Explicit
08-06 02:02:52.261 21902 21913 I art     : Explicit concurrent mark sweep GC freed 1272(74KB) AllocSpace objects, 1(20KB) LOS objects, 32% free, 33MB/49MB, paused 215us total 57.376ms
08-06 02:02:52.280 21902 21913 I art     : Starting a blocking GC Explicit
08-06 02:02:52.319 21902 21913 I art     : Explicit concurrent mark sweep GC freed 18(624B) AllocSpace objects, 0(0B) LOS objects, 32% free, 33MB/49MB, paused 184us total 38.630ms
08-06 02:02:52.335 21902 21913 I art     : Starting a blocking GC Explicit
08-06 02:02:52.377 21902 21913 I art     : Explicit concurrent mark sweep GC freed 3(96B) AllocSpace objects, 0(0B) LOS objects, 32% free, 33MB/49MB, paused 186us total 41.329ms
08-06 02:02:52.392 21902 21913 I art     : Starting a blocking GC Explicit
08-06 02:02:52.433 21902 21913 I art     : Explicit concurrent mark sweep GC freed 3(96B) AllocSpace objects, 0(0B) LOS objects, 32% free, 33MB/49MB, paused 179us total 40.799ms
08-06 02:02:52.449 21902 21913 I art     : Starting a blocking GC Explicit
08-06 02:02:52.490 21902 21913 I art     : Explicit concurrent mark sweep GC freed 3(96B) AllocSpace objects, 0(0B) LOS objects, 32% free, 33MB/49MB, paused 191us total 41.186ms
08-06 02:02:52.808 21902 22237 I art     : Starting a blocking GC Explicit
08-06 02:02:52.866 21902 22237 I art     : Explicit concurrent mark sweep GC freed 1274(74KB) AllocSpace objects, 1(20KB) LOS objects, 32% free, 33MB/49MB, paused 298us total 57.740ms
08-06 02:02:52.891 21902 22237 I art     : Starting a blocking GC Explicit
08-06 02:02:52.933 21902 22237 I art     : Explicit concurrent mark sweep GC freed 18(624B) AllocSpace objects, 0(0B) LOS objects, 32% free, 33MB/49MB, paused 201us total 41.771ms
08-06 02:02:52.950 21902 22237 I art     : Starting a blocking GC Explicit
08-06 02:02:52.994 21902 22237 I art     : Explicit concurrent mark sweep GC freed 3(96B) AllocSpace objects, 0(0B) LOS objects, 32% free, 33MB/49MB, paused 192us total 43.446ms
08-06 02:02:53.010 21902 22237 I art     : Starting a blocking GC Explicit
08-06 02:02:53.051 21902 22237 I art     : Explicit concurrent mark sweep GC freed 3(96B) AllocSpace objects, 0(0B) LOS objects, 32% free, 33MB/49MB, paused 195us total 41.601ms
08-06 02:02:53.068 21902 22237 I art     : Starting a blocking GC Explicit
08-06 02:02:53.110 21902 22237 I art     : Explicit concurrent mark sweep GC freed 3(96B) AllocSpace objects, 0(0B) LOS objects, 32% free, 33MB/49MB, paused 196us total 42.349ms
08-06 02:02:53.424 21902 21913 I art     : Starting a blocking GC Explicit
08-06 02:02:53.478 21902 21913 I art     : Explicit concurrent mark sweep GC freed 1275(74KB) AllocSpace objects, 1(20KB) LOS objects, 32% free, 33MB/49MB, paused 299us total 53.863ms
08-06 02:02:53.497 21902 21913 I art     : Starting a blocking GC Explicit
08-06 02:02:53.540 21902 21913 I art     : Explicit concurrent mark sweep GC freed 20(704B) AllocSpace objects, 0(0B) LOS objects, 32% free, 33MB/49MB, paused 186us total 42.658ms
08-06 02:02:53.555 21902 21913 I art     : Starting a blocking GC Explicit
08-06 02:02:53.597 21902 21913 I art     : Explicit concurrent mark sweep GC freed 3(96B) AllocSpace objects, 0(0B) LOS objects, 32% free, 33MB/49MB, paused 201us total 41.789ms
08-06 02:02:53.598 21902 21912 I art     : WaitForGcToComplete blocked for 35.146ms for cause HeapTrim
08-06 02:02:53.613 21902 21913 I art     : Starting a blocking GC Explicit
08-06 02:02:53.655 21902 21913 I art     : Explicit concurrent mark sweep GC freed 3(96B) AllocSpace objects, 0(0B) LOS objects, 32% free, 33MB/49MB, paused 182us total 41.408ms
08-06 02:02:53.672 21902 21913 I art     : Starting a blocking GC Explicit
08-06 02:02:53.715 21902 21913 I art     : Explicit concurrent mark sweep GC freed 3(96B) AllocSpace objects, 0(0B) LOS objects, 32% free, 33MB/49MB, paused 190us total 43.548ms
08-06 02:02:54.031 21902 22237 I art     : Starting a blocking GC Explicit
08-06 02:02:54.078   918  3261 D WifiStateMachine: starting scan for "H369AA63323"WPA_PSK with 2412,5180
08-06 02:02:54.090 21902 22237 I art     : Explicit concurrent mark sweep GC freed 1274(74KB) AllocSpace objects, 1(20KB) LOS objects, 32% free, 33MB/49MB, paused 199us total 58.159ms
08-06 02:02:54.107 21902 22237 I art     : Starting a blocking GC Explicit
08-06 02:02:54.144 21902 22237 I art     : Explicit concurrent mark sweep GC freed 18(624B) AllocSpace objects, 0(0B) LOS objects, 32% free, 33MB/49MB, paused 185us total 36.925ms
08-06 02:02:54.160 21902 22237 I art     : Starting a blocking GC Explicit
08-06 02:02:54.202 21902 22237 I art     : Explicit concurrent mark sweep GC freed 3(96B) AllocSpace objects, 0(0B) LOS objects, 32% free, 33MB/49MB, paused 182us total 41.825ms
08-06 02:02:54.218 21902 22237 I art     : Starting a blocking GC Explicit
08-06 02:02:54.258 21902 22237 I art     : Explicit concurrent mark sweep GC freed 3(96B) AllocSpace objects, 0(0B) LOS objects, 32% free, 33MB/49MB, paused 208us total 39.354ms
08-06 02:02:54.272 21902 22237 I art     : Starting a blocking GC Explicit
08-06 02:02:54.309 21902 22237 I art     : Explicit concurrent mark sweep GC freed 3(96B) AllocSpace objects, 0(0B) LOS objects, 32% free, 33MB/49MB, paused 212us total 37.160ms
08-06 02:02:54.598 21902 21914 I art     : Starting a blocking GC Explicit
08-06 02:02:54.626 22380 22380 D AndroidRuntime: >>>>>> START com.android.internal.os.RuntimeInit uid 2000 <<<<<<
08-06 02:02:54.631 22380 22380 D AndroidRuntime: CheckJNI is OFF
08-06 02:02:54.646 21902 21914 I art     : Explicit concurrent mark sweep GC freed 1274(74KB) AllocSpace objects, 1(20KB) LOS objects, 32% free, 33MB/49MB, paused 199us total 47.647ms
08-06 02:02:54.662 21902 21914 I art     : Starting a blocking GC Explicit
08-06 02:02:54.670 22380 22380 D ICU     : No timezone override file found: /data/misc/zoneinfo/current/icu/icu_tzdata.dat
08-06 02:02:54.700 21902 21914 I art     : Explicit concurrent mark sweep GC freed 18(624B) AllocSpace objects, 0(0B) LOS objects, 32% free, 33MB/49MB, paused 194us total 37.837ms
08-06 02:02:54.704 22380 22380 I Radio-JNI: register_android_hardware_Radio DONE
08-06 02:02:54.714 21902 21914 I art     : Starting a blocking GC Explicit
08-06 02:02:54.727 22380 22380 D AndroidRuntime: Calling main entry com.android.commands.input.Input
08-06 02:02:54.728 22380 22380 I Input   : injectMotionEvent: MotionEvent { action=ACTION_DOWN, actionButton=0, id[0]=0, x[0]=526.0, y[0]=704.0, toolType[0]=TOOL_TYPE_UNKNOWN, buttonState=0, metaState=0, flags=0x0, edgeFlags=0x0, pointerCount=1, historySize=0, eventTime=842591141, downTime=842591141, deviceId=0, source=0x1002 }
08-06 02:02:54.733 22380 22380 I Input   : injectMotionEvent: MotionEvent { action=ACTION_UP, actionButton=0, id[0]=0, x[0]=526.0, y[0]=704.0, toolType[0]=TOOL_TYPE_UNKNOWN, buttonState=0, metaState=0, flags=0x0, edgeFlags=0x0, pointerCount=1, historySize=0, eventTime=842591141, downTime=842591141, deviceId=0, source=0x1002 }
08-06 02:02:54.735 22380 22380 D AndroidRuntime: Shutting down VM
08-06 02:02:54.753 21902 21914 I art     : Explicit concurrent mark sweep GC freed 18(576B) AllocSpace objects, 0(0B) LOS objects, 32% free, 33MB/49MB, paused 191us total 38.015ms
08-06 02:02:54.768 21902 21914 I art     : Starting a blocking GC Explicit
08-06 02:02:54.804   512  2967 D audio_hw_primary: out_set_parameters: enter: usecase(1: low-latency-playback) kvpairs: routing=2
08-06 02:02:54.811 21902 21914 I art     : Explicit concurrent mark sweep GC freed 97(9KB) AllocSpace objects, 1(20KB) LOS objects, 32% free, 33MB/49MB, paused 397us total 42.379ms
08-06 02:02:54.817   512  2967 D audio_hw_primary: select_devices: out_snd_device(2: speaker) in_snd_device(0: none)
08-06 02:02:54.817   512  2967 D msm8974_platform: platform_send_audio_calibration: sending audio calibration for snd_device(2) acdb_id(15)
08-06 02:02:54.818   512  2967 I soundtrigger: audio_extn_sound_trigger_update_device_status: device 0x2 of type 0 for Event 1
08-06 02:02:54.826 21902 21914 I art     : Starting a blocking GC Explicit
08-06 02:02:54.828   512  2967 D audio_hw_primary: enable_snd_device: snd_device(2: speaker)
08-06 02:02:54.830   512  2967 D audio_hw_primary: enable_audio_route: apply and update mixer path: low-latency-playback speaker
08-06 02:02:54.863 21902 21914 I art     : Explicit concurrent mark sweep GC freed 600(45KB) AllocSpace objects, 0(0B) LOS objects, 32% free, 33MB/49MB, paused 246us total 37.572ms
08-06 02:02:55.128 21902 22237 I art     : Starting a blocking GC Explicit
08-06 02:02:55.189 21902 22237 I art     : Explicit concurrent mark sweep GC freed 1468(83KB) AllocSpace objects, 1(20KB) LOS objects, 32% free, 33MB/49MB, paused 185us total 60.772ms
08-06 02:02:55.209 21902 22237 I art     : Starting a blocking GC Explicit
08-06 02:02:55.252 21902 22237 I art     : Explicit concurrent mark sweep GC freed 28(992B) AllocSpace objects, 0(0B) LOS objects, 32% free, 33MB/49MB, paused 186us total 42.994ms
08-06 02:02:55.272 21902 22237 I art     : Starting a blocking GC Explicit
08-06 02:02:55.320 21902 22237 I art     : Explicit concurrent mark sweep GC freed 5(160B) AllocSpace objects, 0(0B) LOS objects, 32% free, 33MB/49MB, paused 195us total 48.501ms
08-06 02:02:55.337 21902 22237 I art     : Starting a blocking GC Explicit
08-06 02:02:55.368   512  2967 D audio_hw_primary: disable_audio_route: reset and update mixer path: low-latency-playback speaker
08-06 02:02:55.370   512  2967 D audio_hw_primary: disable_snd_device: snd_device(2: speaker)
08-06 02:02:55.379   512  2967 I soundtrigger: audio_extn_sound_trigger_update_device_status: device 0x2 of type 0 for Event 0
08-06 02:02:55.380 21902 22237 I art     : Explicit concurrent mark sweep GC freed 3(96B) AllocSpace objects, 0(0B) LOS objects, 32% free, 33MB/49MB, paused 221us total 42.472ms
08-06 02:02:55.396 21902 22237 I art     : Starting a blocking GC Explicit
08-06 02:02:55.440 21902 22237 I art     : Explicit concurrent mark sweep GC freed 3(96B) AllocSpace objects, 0(0B) LOS objects, 32% free, 33MB/49MB, paused 179us total 43.104ms
08-06 02:02:55.725 21902 22237 I art     : Starting a blocking GC Explicit
08-06 02:02:55.776 21902 22237 I art     : Explicit concurrent mark sweep GC freed 1282(75KB) AllocSpace objects, 1(20KB) LOS objects, 32% free, 33MB/49MB, paused 197us total 51.144ms
08-06 02:02:55.793 21902 22237 I art     : Starting a blocking GC Explicit
08-06 02:02:55.837 21902 22237 I art     : Explicit concurrent mark sweep GC freed 20(688B) AllocSpace objects, 0(0B) LOS objects, 32% free, 33MB/49MB, paused 198us total 43.136ms
08-06 02:02:55.854 21902 22237 I art     : Starting a blocking GC Explicit
08-06 02:02:55.898 21902 22237 I art     : Explicit concurrent mark sweep GC freed 3(96B) AllocSpace objects, 0(0B) LOS objects, 32% free, 33MB/49MB, paused 190us total 42.984ms
08-06 02:02:55.913 21902 22237 I art     : Starting a blocking GC Explicit
08-06 02:02:55.957 21902 22237 I art     : Explicit concurrent mark sweep GC freed 3(96B) AllocSpace objects, 0(0B) LOS objects, 32% free, 33MB/49MB, paused 275us total 43.567ms
08-06 02:02:55.974 21902 22237 I art     : Starting a blocking GC Explicit
08-06 02:02:56.016 21902 22237 I art     : Explicit concurrent mark sweep GC freed 3(96B) AllocSpace objects, 0(0B) LOS objects, 32% free, 33MB/49MB, paused 194us total 42.007ms
08-06 02:02:56.277 21902 21913 I art     : Starting a blocking GC Explicit
08-06 02:02:56.322 21902 21913 I art     : Explicit concurrent mark sweep GC freed 1279(75KB) AllocSpace objects, 1(20KB) LOS objects, 32% free, 33MB/49MB, paused 203us total 45.176ms
08-06 02:02:56.339 21902 21913 I art     : Starting a blocking GC Explicit
08-06 02:02:56.377 21902 21913 I art     : Explicit concurrent mark sweep GC freed 18(624B) AllocSpace objects, 0(0B) LOS objects, 32% free, 33MB/49MB, paused 229us total 37.718ms
08-06 02:02:56.388 22424 22424 D AndroidRuntime: >>>>>> START com.android.internal.os.RuntimeInit uid 2000 <<<<<<
08-06 02:02:56.393 22424 22424 D AndroidRuntime: CheckJNI is OFF
08-06 02:02:56.393 21902 21913 I art     : Starting a blocking GC Explicit
08-06 02:02:56.427 22424 22424 D ICU     : No timezone override file found: /data/misc/zoneinfo/current/icu/icu_tzdata.dat
08-06 02:02:56.434 21902 21913 I art     : Explicit concurrent mark sweep GC freed 4(128B) AllocSpace objects, 0(0B) LOS objects, 32% free, 33MB/49MB, paused 182us total 41.051ms
08-06 02:02:56.450 21902 21913 I art     : Starting a blocking GC Explicit
08-06 02:02:56.462 22424 22424 I Radio-JNI: register_android_hardware_Radio DONE
08-06 02:02:56.484 22424 22424 D AndroidRuntime: Calling main entry com.android.commands.input.Input
08-06 02:02:56.486 22424 22424 I Input   : injectMotionEvent: MotionEvent { action=ACTION_DOWN, actionButton=0, id[0]=0, x[0]=1197.0, y[0]=1456.0, toolType[0]=TOOL_TYPE_UNKNOWN, buttonState=0, metaState=0, flags=0x0, edgeFlags=0x0, pointerCount=1, historySize=0, eventTime=842592899, downTime=842592899, deviceId=0, source=0x1002 }
08-06 02:02:56.491 21902 21913 I art     : Explicit concurrent mark sweep GC freed 10(288B) AllocSpace objects, 0(0B) LOS objects, 32% free, 33MB/49MB, paused 392us total 40.566ms
08-06 02:02:56.493 22424 22424 I Input   : injectMotionEvent: MotionEvent { action=ACTION_UP, actionButton=0, id[0]=0, x[0]=1197.0, y[0]=1456.0, toolType[0]=TOOL_TYPE_UNKNOWN, buttonState=0, metaState=0, flags=0x0, edgeFlags=0x0, pointerCount=1, historySize=0, eventTime=842592899, downTime=842592899, deviceId=0, source=0x1002 }
08-06 02:02:56.494 22424 22424 D AndroidRuntime: Shutting down VM
08-06 02:02:56.501   512  2967 D audio_hw_primary: out_set_parameters: enter: usecase(1: low-latency-playback) kvpairs: routing=2
08-06 02:02:56.506 21902 21913 I art     : Starting a blocking GC Explicit
08-06 02:02:56.514   512  2967 D audio_hw_primary: select_devices: out_snd_device(2: speaker) in_snd_device(0: none)
08-06 02:02:56.514   512  2967 D msm8974_platform: platform_send_audio_calibration: sending audio calibration for snd_device(2) acdb_id(15)
08-06 02:02:56.514   512  2967 I soundtrigger: audio_extn_sound_trigger_update_device_status: device 0x2 of type 0 for Event 1
08-06 02:02:56.522 21902 21917 D OpenGLRenderer: endAllStagingAnimators on 0x7f94947c00 (RippleDrawable) with handle 0x7f8138a0e0
08-06 02:02:56.527   512  2967 D audio_hw_primary: enable_snd_device: snd_device(2: speaker)
08-06 02:02:56.529   512  2967 D audio_hw_primary: enable_audio_route: apply and update mixer path: low-latency-playback speaker
08-06 02:02:56.529 21902 21902 I SettingsManager: Setting string: savedCourse
08-06 02:02:56.536   918  6111 W BackupManagerService: dataChanged but no participant pkg='baseline.com.ak.uobtimetable' uid=10710
08-06 02:02:56.537   918  5952 I ActivityManager: START u0 {flg=0x4000000 cmp=baseline.com.ak.uobtimetable/.MainActivity (has extras)} from uid 10710 on display 0
08-06 02:02:56.550 21902 21913 I art     : Explicit concurrent mark sweep GC freed 2834(137KB) AllocSpace objects, 1(20KB) LOS objects, 32% free, 33MB/49MB, paused 286us total 43.798ms
08-06 02:02:56.553   918  4400 W InputMethodManagerService: Focus gain on non-focused client com.android.internal.view.IInputMethodClient$Stub$Proxy@c5e29c3 (uid=10710 pid=21902)
08-06 02:02:56.568 21902 21902 D MainActivity: OnDestroy
08-06 02:02:56.586 21902 21902 D MainActivity: onCreate
08-06 02:02:56.587 21902 21902 I SettingsManager: Getting string: savedSessions
08-06 02:02:56.587 21902 21902 I Settings: No saved sessions
08-06 02:02:56.617 21902 21902 I SettingsManager: Getting string: savedCourse
08-06 02:02:56.618 21902 21902 D MainActivity: sessionListFragmentArg: updateSessions
08-06 02:02:56.618 21902 21902 D MainActivity: showTermDatesConfigChange: false
08-06 02:02:56.618 21902 21902 D MainActivity: showTermDatesShortcut: false
08-06 02:02:56.620 21902 21902 D MainActivity: Setting initial fragment: SessionListsFragment
08-06 02:02:56.622 21902 21902 I SettingsManager: Getting int: launchCount
08-06 02:02:56.626 21902 21902 D SessionListsFragment: onCreateView
08-06 02:02:56.637 21902 21902 I SettingsManager: Getting string: savedCourse
08-06 02:02:56.640 21902 21902 I SettingsManager: Getting string: savedSessions
08-06 02:02:56.640 21902 21902 D SessionListsFragment: loadArgument: updateSessions
08-06 02:02:56.640 21902 21902 D SessionListsFragment: initialIndex: -1
08-06 02:02:56.642 21902 22448 D HTTP    : Request for: https://uob-timetable-api.adriankeenan.co.uk/sessions?dept=BD002&course=CFIEFAAF%2F02AA%2F0%2FFT&level=ALL+Courses
08-06 02:02:56.644 21902 21902 I WebViewFactory: Loading com.google.android.webview version 84.0.4147.89 (code 414708953)
08-06 02:02:56.730 21902 21902 I cr_LibraryLoader: Loaded native library version number "84.0.4147.89"
08-06 02:02:56.731 21902 21902 I cr_CachingUmaRecorder: Flushed 5 samples from 5 histograms.
08-06 02:02:56.806 21902 21902 E chromium: [ERROR:filesystem_posix.cc(62)] mkdir /data/user/0/baseline.com.ak.uobtimetable/cache/WebView/Crashpad: No such file or directory (2)
08-06 02:02:56.837 21902 21914 I art     : Starting a blocking GC Explicit
08-06 02:02:56.895 21902 22448 I NAPPA_EXPERIMENTATION: MetricNetworkRequestExecutionTime: REQUEST_DURATION_SYSTEM='252',REQUEST_DURATION_OKHTTP='36',REQUEST_SYNCHRONOUS='TRUE',RESPONSE_CODE='200',RESPONSE_METHOD='GET',RESPONSE_LENGTH_OKHTTP='-1',RESPONSE_LENGTH_HEADER='867',REQUEST_PROTOCOL='http/1.1',REQUEST_URL='https://uob-timetable-api.adriankeenan.co.uk/sessions?dept=BD002&course=CFIEFAAF%2F02AA%2F0%2FFT&level=ALL+Courses',
08-06 02:02:56.899 21902 21914 I art     : Explicit concurrent mark sweep GC freed 14152(1053KB) AllocSpace objects, 7(1520KB) LOS objects, 31% free, 35MB/51MB, paused 1.831ms total 61.560ms
08-06 02:02:56.904   918  6029 D ConnectivityService: listenForNetwork for Listen from uid/pid:10710/21902 for NetworkRequest [ id=3734, legacyType=-1, [ Capabilities: INTERNET&NOT_RESTRICTED&TRUSTED] ]
08-06 02:02:56.913 21902 21914 I art     : Starting a blocking GC Explicit
08-06 02:02:56.938 21902 22472 W cr_media: Requires BLUETOOTH permission
08-06 02:02:56.941 21902 22448 I HTTP    : Response was compressed.
08-06 02:02:56.946 21902 22484 E libEGL  : validate_display:255 error 3008 (EGL_BAD_DISPLAY)
08-06 02:02:56.953 21902 22448 I Service : getSessions response time: 1.12
08-06 02:02:56.954   918   927 I art     : Background partial concurrent mark sweep GC freed 123533(9MB) AllocSpace objects, 78(1956KB) LOS objects, 18% free, 69MB/85MB, paused 1.443ms total 225.457ms
08-06 02:02:56.965 21902 21914 I art     : Explicit concurrent mark sweep GC freed 9339(617KB) AllocSpace objects, 2(136KB) LOS objects, 31% free, 35MB/51MB, paused 1.186ms total 51.261ms
08-06 02:02:56.965 21902 21902 D TermDatesFragment: WebView loaded
08-06 02:02:56.965 21902 21902 D MainActivity: OnResume
08-06 02:02:56.984 21902 21914 I art     : Starting a blocking GC Explicit
08-06 02:02:57.028 21902 21914 I art     : Explicit concurrent mark sweep GC freed 1369(84KB) AllocSpace objects, 0(0B) LOS objects, 31% free, 35MB/51MB, paused 435us total 44.197ms
08-06 02:02:57.042 21902 21914 I art     : Starting a blocking GC Explicit
08-06 02:02:57.064 21902 21902 I SettingsManager: Getting string: savedSessions
08-06 02:02:57.068   512  2967 D audio_hw_primary: disable_audio_route: reset and update mixer path: low-latency-playback speaker
08-06 02:02:57.069   512  2967 D audio_hw_primary: disable_snd_device: snd_device(2: speaker)
08-06 02:02:57.071 21902 21902 I SettingsManager: Setting string: savedSessions
08-06 02:02:57.076   918  6110 W BackupManagerService: dataChanged but no participant pkg='baseline.com.ak.uobtimetable' uid=10710
08-06 02:02:57.076 21902 21902 I SettingsManager: Setting date: savedSessionsTime
08-06 02:02:57.077   512  2967 I soundtrigger: audio_extn_sound_trigger_update_device_status: device 0x2 of type 0 for Event 0
08-06 02:02:57.082   918  5132 W BackupManagerService: dataChanged but no participant pkg='baseline.com.ak.uobtimetable' uid=10710
08-06 02:02:57.085 21902 21902 I SettingsManager: Setting string: savedSessionsCourseName
08-06 02:02:57.087 21902 21914 I art     : Explicit concurrent mark sweep GC freed 7628(446KB) AllocSpace objects, 6(152KB) LOS objects, 31% free, 34MB/50MB, paused 2.564ms total 44.132ms
08-06 02:02:57.091   918  6029 W BackupManagerService: dataChanged but no participant pkg='baseline.com.ak.uobtimetable' uid=10710
08-06 02:02:57.091 21902 21902 I SettingsManager: Setting string: savedSessionsDateRange
08-06 02:02:57.098   918  4400 W BackupManagerService: dataChanged but no participant pkg='baseline.com.ak.uobtimetable' uid=10710
08-06 02:02:57.098 21902 21902 I SettingsManager: Setting string: timetableUrl
08-06 02:02:57.101 21902 21914 I art     : Starting a blocking GC Explicit
08-06 02:02:57.103   918  5952 W BackupManagerService: dataChanged but no participant pkg='baseline.com.ak.uobtimetable' uid=10710
08-06 02:02:57.104 21902 21902 I SettingsManager: Getting boolean: notifySessionRemindersEnabled
08-06 02:02:57.104 21902 21902 I SettingsManager: Getting int: notifySessionRemindersMinutes
08-06 02:02:57.104 21902 21902 I SettingsManager: Getting boolean: showHiddenSessions
08-06 02:02:57.137 21902 21902 I SessionReminderNotifier: Created session reminder alarm for f7b4771250a919bd729c1c5a4a459c77 at Mon 08:30:00 10/08/20
08-06 02:02:57.138 21902 21902 I SessionReminderNotifier: Created session reminder alarm for a7f879aabdeb78622c8820a5fb7b64cd at Tue 08:30:00 11/08/20
08-06 02:02:57.139 21902 21902 I SessionReminderNotifier: Created session reminder alarm for 7bc8d7e2c2055711f597c3d9078c6ea3 at Tue 08:30:00 11/08/20
08-06 02:02:57.140 21902 21902 I SessionReminderNotifier: Created session reminder alarm for e0fc978b5db8218778540b4053344581 at Tue 11:00:00 11/08/20
08-06 02:02:57.142 21902 21902 I SessionReminderNotifier: Created session reminder alarm for 21712fef61090882c855a1425543edb5 at Tue 13:30:00 11/08/20
08-06 02:02:57.143 21902 21902 I SessionReminderNotifier: Created session reminder alarm for 65ca4d97f031f29a4d02bbb45a705d8f at Wed 08:30:00 12/08/20
08-06 02:02:57.145 21902 21902 I SessionReminderNotifier: Created session reminder alarm for eeda7741b0bcab58fd9f46dc6ef1d942 at Wed 08:30:00 12/08/20
08-06 02:02:57.147 21902 21902 I SessionReminderNotifier: Created session reminder alarm for c276c1b2075a0beb67f1b3d1e580f920 at Wed 11:00:00 12/08/20
08-06 02:02:57.147 21902 21914 I art     : Explicit concurrent mark sweep GC freed 4337(257KB) AllocSpace objects, 4(100KB) LOS objects, 31% free, 35MB/51MB, paused 627us total 45.579ms
08-06 02:02:57.150 21902 21902 I SessionReminderNotifier: Created session reminder alarm for 79fe0b5c3b887a13ba29db5a33fa2800 at Thu 08:30:00 06/08/20
08-06 02:02:57.151 21902 21902 I SessionReminderNotifier: Created session reminder alarm for 2ba1034116e4fffdd592dbf0796a43d5 at Fri 08:30:00 07/08/20
08-06 02:02:57.152 21902 21902 I SettingsManager: Getting boolean: showHiddenSessions
08-06 02:02:57.152 21902 21902 D SessionListsFragment: 1 sessions for day 0
08-06 02:02:57.153 21902 21902 D SessionListsFragment: 4 sessions for day 1
08-06 02:02:57.153 21902 21902 D SessionListsFragment: 3 sessions for day 2
08-06 02:02:57.153 21902 21902 D SessionListsFragment: 1 sessions for day 3
08-06 02:02:57.153 21902 21902 D SessionListsFragment: 1 sessions for day 4
08-06 02:02:57.193 21902 21902 I SettingsManager: Getting boolean: showHiddenSessions
08-06 02:02:57.193 21902 21902 D SessionListsFragment: Refreshed ViewPager
08-06 02:02:57.193 21902 21902 I SettingsManager: Getting boolean: showHiddenSessions
08-06 02:02:57.194 21902 21902 I SettingsManager: Getting boolean: completedTutorial
08-06 02:02:57.205 21902 21902 I SettingsManager: Getting boolean: showHiddenSessions
08-06 02:02:57.205 21902 21902 I SettingsManager: Getting date: savedSessionsTime
08-06 02:02:57.214 21902 21902 I TermDatesFragment: Webview load %: 10
08-06 02:02:57.417 21902 21913 I art     : Starting a blocking GC Explicit
08-06 02:02:57.492 21902 21913 I art     : Explicit concurrent mark sweep GC freed 124449(5MB) AllocSpace objects, 4(220KB) LOS objects, 30% free, 36MB/52MB, paused 947us total 74.621ms
08-06 02:02:57.510 21902 21913 I art     : Starting a blocking GC Explicit
08-06 02:02:57.565 21902 21913 I art     : Explicit concurrent mark sweep GC freed 35917(1672KB) AllocSpace objects, 0(0B) LOS objects, 30% free, 36MB/52MB, paused 945us total 54.603ms
08-06 02:02:57.582 21902 21913 I art     : Starting a blocking GC Explicit
08-06 02:02:57.636 21902 21913 I art     : Explicit concurrent mark sweep GC freed 28731(1181KB) AllocSpace objects, 0(0B) LOS objects, 30% free, 36MB/52MB, paused 419us total 53.717ms
08-06 02:02:57.653 21902 21913 I art     : Starting a blocking GC Explicit
08-06 02:02:57.706 21902 21913 I art     : Explicit concurrent mark sweep GC freed 1109(85KB) AllocSpace objects, 0(0B) LOS objects, 30% free, 36MB/52MB, paused 340us total 52.584ms
08-06 02:02:57.717 13866 13866 I GoogleInputMethodServic: GoogleInputMethodService.onFinishInput():3138 
08-06 02:02:57.718 13866 13866 I GoogleInputMethodServic: GoogleInputMethodService.onStartInput():1808 
08-06 02:02:57.725 21902 21913 I art     : Starting a blocking GC Explicit
08-06 02:02:57.780 21902 21913 I art     : Explicit concurrent mark sweep GC freed 26091(1050KB) AllocSpace objects, 0(0B) LOS objects, 30% free, 36MB/52MB, paused 999us total 55.255ms
08-06 02:02:57.904   518   646 I ThermalEngine: ACTION: GPU - Setting GPU[0] to 450000000
08-06 02:02:57.985 21902 21902 I TermDatesFragment: Webview load %: 70
08-06 02:02:57.988   918   936 I ActivityManager: Displayed baseline.com.ak.uobtimetable/.MainActivity: +1s424ms
08-06 02:02:58.013 21902 21902 I TermDatesFragment: Webview load %: 80
08-06 02:02:58.013 21902 21902 I TermDatesFragment: Webview load %: 100
08-06 02:02:58.013 21902 21902 I TermDatesFragment: Webview load %: 100
08-06 02:02:58.091 21902 22237 I art     : Starting a blocking GC Explicit
08-06 02:02:58.189 21902 22237 I art     : Explicit concurrent mark sweep GC freed 73056(2MB) AllocSpace objects, 1(20KB) LOS objects, 30% free, 37MB/53MB, paused 688us total 97.791ms
08-06 02:02:58.212 21902 22237 I art     : Starting a blocking GC Explicit
08-06 02:02:58.283 21902 22237 I art     : Explicit concurrent mark sweep GC freed 2124(187KB) AllocSpace objects, 0(0B) LOS objects, 30% free, 36MB/52MB, paused 521us total 70.371ms
08-06 02:02:58.307 21902 22237 I art     : Starting a blocking GC Explicit
08-06 02:02:58.366 21902 22237 I art     : Explicit concurrent mark sweep GC freed 121429(11MB) AllocSpace objects, 3(136KB) LOS objects, 38% free, 25MB/41MB, paused 480us total 58.025ms
08-06 02:02:58.381 21902 22237 I art     : Starting a blocking GC Explicit
08-06 02:02:58.421 21902 22237 I art     : Explicit concurrent mark sweep GC freed 3(96B) AllocSpace objects, 0(0B) LOS objects, 38% free, 25MB/41MB, paused 428us total 39.835ms
08-06 02:02:58.436 21902 22237 I art     : Starting a blocking GC Explicit
08-06 02:02:58.480 21902 22237 I art     : Explicit concurrent mark sweep GC freed 3(96B) AllocSpace objects, 0(0B) LOS objects, 38% free, 25MB/41MB, paused 452us total 43.476ms
08-06 02:02:58.810 21902 22504 I art     : Starting a blocking GC Explicit
08-06 02:02:58.859 21902 22504 I art     : Explicit concurrent mark sweep GC freed 1504(84KB) AllocSpace objects, 1(20KB) LOS objects, 38% free, 25MB/41MB, paused 400us total 49.094ms
08-06 02:02:58.877 21902 22504 I art     : Starting a blocking GC Explicit
08-06 02:02:58.923 21902 22504 I art     : Explicit concurrent mark sweep GC freed 60(1984B) AllocSpace objects, 0(0B) LOS objects, 38% free, 25MB/41MB, paused 454us total 44.769ms
08-06 02:02:58.940 21902 22504 I art     : Starting a blocking GC Explicit
08-06 02:02:58.987 21902 22504 I art     : Explicit concurrent mark sweep GC freed 37(1184B) AllocSpace objects, 0(0B) LOS objects, 38% free, 25MB/41MB, paused 676us total 46.893ms
08-06 02:02:59.005 21902 22504 I art     : Starting a blocking GC Explicit
08-06 02:02:59.049 21902 22504 I art     : Explicit concurrent mark sweep GC freed 27(864B) AllocSpace objects, 0(0B) LOS objects, 38% free, 25MB/41MB, paused 428us total 44.451ms
08-06 02:02:59.066 21902 22504 I art     : Starting a blocking GC Explicit
08-06 02:02:59.109 21902 22504 I art     : Explicit concurrent mark sweep GC freed 5(192B) AllocSpace objects, 0(0B) LOS objects, 38% free, 25MB/41MB, paused 407us total 42.507ms
08-06 02:02:59.266 21369 21369 I ServiceManager: Waiting for service AtCmdFwd...
08-06 02:02:59.470 21902 21913 I art     : Starting a blocking GC Explicit
08-06 02:02:59.525 21902 21913 I art     : Explicit concurrent mark sweep GC freed 1321(76KB) AllocSpace objects, 1(20KB) LOS objects, 38% free, 25MB/41MB, paused 429us total 54.595ms
08-06 02:02:59.544 21902 21913 I art     : Starting a blocking GC Explicit
08-06 02:02:59.592 21902 21913 I art     : Explicit concurrent mark sweep GC freed 20(720B) AllocSpace objects, 0(0B) LOS objects, 38% free, 25MB/41MB, paused 414us total 47.421ms
08-06 02:02:59.608 21902 21913 I art     : Starting a blocking GC Explicit
08-06 02:02:59.649 21902 21913 I art     : Explicit concurrent mark sweep GC freed 3(96B) AllocSpace objects, 0(0B) LOS objects, 38% free, 25MB/41MB, paused 422us total 41.528ms
08-06 02:02:59.665 21902 21913 I art     : Starting a blocking GC Explicit
08-06 02:02:59.711 21902 21913 I art     : Explicit concurrent mark sweep GC freed 3(96B) AllocSpace objects, 0(0B) LOS objects, 38% free, 25MB/41MB, paused 471us total 45.901ms
08-06 02:02:59.731 21902 21913 I art     : Starting a blocking GC Explicit
08-06 02:02:59.774 21902 21913 I art     : Explicit concurrent mark sweep GC freed 3(96B) AllocSpace objects, 0(0B) LOS objects, 38% free, 25MB/41MB, paused 421us total 43.493ms
08-06 02:03:00.114 21902 21914 I art     : Starting a blocking GC Explicit
08-06 02:03:00.156 21902 21914 I art     : Explicit concurrent mark sweep GC freed 1293(75KB) AllocSpace objects, 1(20KB) LOS objects, 38% free, 25MB/41MB, paused 412us total 42.222ms
08-06 02:03:00.172 21902 21914 I art     : Starting a blocking GC Explicit
08-06 02:03:00.218 21902 21914 I art     : Explicit concurrent mark sweep GC freed 18(624B) AllocSpace objects, 0(0B) LOS objects, 38% free, 25MB/41MB, paused 432us total 45.750ms
08-06 02:03:00.234 21902 21914 I art     : Starting a blocking GC Explicit
08-06 02:03:00.267 21369 21369 I ServiceManager: Waiting for service AtCmdFwd...
08-06 02:03:00.278 21902 21914 I art     : Explicit concurrent mark sweep GC freed 3(96B) AllocSpace objects, 0(0B) LOS objects, 38% free, 25MB/41MB, paused 419us total 43.855ms
08-06 02:03:00.294 21902 21914 I art     : Starting a blocking GC Explicit
08-06 02:03:00.321 15866 15866 I Finsky  : [1] xow.onStartJob(3): SCH: onJobSchedulerWakeup with jobId 9016
08-06 02:03:00.330 15866 15866 I Finsky  : [1] xjw.a(9): Scheduling fallback in 43199998 (absolute: 1869184202)
08-06 02:03:00.335 21902 21914 I art     : Explicit concurrent mark sweep GC freed 3(96B) AllocSpace objects, 0(0B) LOS objects, 38% free, 25MB/41MB, paused 396us total 40.608ms
08-06 02:03:00.335 15866 15866 I Finsky  : [1] xjw.a(9): Scheduling fallback in 64799995 (absolute: 1890784205)
08-06 02:03:00.344 15866 15866 I Finsky  : [1] xow.onStartJob(3): SCH: onJobSchedulerWakeup with jobId 9011
08-06 02:03:00.350 21902 21914 I art     : Starting a blocking GC Explicit
08-06 02:03:00.352 15866 15866 I Finsky  : [1] xjw.a(9): Scheduling fallback in 43199998 (absolute: 1869184224)
08-06 02:03:00.354 15866 15866 I Finsky  : [1] xjw.a(9): Scheduling fallback in 64799998 (absolute: 1890784227)
08-06 02:03:00.358 15866 15866 W Finsky  : [1] xow.onStartJob(9): SCH: onJobSchedulerWakeup while already running
08-06 02:03:00.388 21902 21914 I art     : Explicit concurrent mark sweep GC freed 3(96B) AllocSpace objects, 0(0B) LOS objects, 38% free, 25MB/41MB, paused 678us total 37.625ms
08-06 02:03:00.468 15866 15866 I Finsky  : [1] xkf.handleMessage(8): SCH: DeviceState: DeviceState{currentTime=1596672180463, isCharging=false, isIdle=false, netAny=true, netNotRoaming=true, netUnmetered=true, batteryPercent=100.0}
08-06 02:03:00.477 15866 21863 I Finsky  : [6888] xmu.a(8): SCH: Jobs in database: 1-1337 3-219 3-220 12-1 24-77777777 26-1414141414 
08-06 02:03:00.481 15866 15866 I Finsky  : [1] xkg.a(16): SCH: Running job: 12-1
08-06 02:03:00.482 15866 15866 I Finsky  : [1] ContentSyncJob.a(16): [ContentSync] job started
08-06 02:03:00.483 15866 15866 I Finsky  : [1] xkf.handleMessage(61): SCH: RunningQueue size: 1, PendingQueue size: 0
08-06 02:03:00.484 15866 15866 I Finsky  : [1] xkf.handleMessage(64): SCH: Running queue: 12-1 
08-06 02:03:00.585 15866 21891 I Finsky  : [6893] dzn.a(22): Completed 0 account content syncs with 0 successful.
08-06 02:03:00.587 15866 15866 I Finsky  : [1] ContentSyncJob.a(1): [ContentSync] Installation state replication succeeded.
08-06 02:03:00.587 15866 15866 I Finsky  : [1] xlr.a(13): SCH: jobFinished: 12-1. TimeElapsed: 105ms.
08-06 02:03:00.588 15866 15866 I Finsky  : [1] xkg.a(36): SCH: Job 12-1 finished. Not rescheduling.
08-06 02:03:00.589 15866 15866 I Finsky  : [1] xkf.handleMessage(61): SCH: RunningQueue size: 0, PendingQueue size: 0
08-06 02:03:00.589 15866 15866 I Finsky  : [1] xkf.handleMessage(25): Executor finished
08-06 02:03:00.607 15866 15866 I Finsky  : [1] xmu.a(8): SCH: Jobs in database: 1-1337 3-219 3-220 24-77777777 26-1414141414 
08-06 02:03:00.610 15866 15866 I Finsky  : [1] xio.a(57): SCH: ConstraintMapping: 24-77777777,  -> L: 0ms, D: 68830317ms, C: false, I: true, N: 0
08-06 02:03:00.610 15866 15866 I Finsky  : [1] xio.a(57): SCH: ConstraintMapping: 1-1337,  -> L: 10553525ms, D: 28972300ms, C: false, I: false, N: 1
08-06 02:03:00.611 15866 15866 I Finsky  : [1] xio.a(57): SCH: ConstraintMapping: 3-219,  -> L: 0ms, D: 60982914ms, C: false, I: true, N: 2
08-06 02:03:00.611 15866 15866 I Finsky  : [1] xio.a(57): SCH: ConstraintMapping: 3-220,  -> L: 0ms, D: 60982956ms, C: true, I: true, N: 2
08-06 02:03:00.611 15866 15866 I Finsky  : [1] xio.a(57): SCH: ConstraintMapping: 26-1414141414,  -> L: 33620210ms, D: 34520210ms, C: false, I: false, N: 0
08-06 02:03:00.624 15866 15866 I Finsky  : [1] xle.a(34): Cancelling existing jobscheduler jobs: 9019 9013 9015 9012 9014 9018 9001 9017 
08-06 02:03:00.625 15866 15866 I Finsky  : [1] xle.a(10): Throttling wakeup for job 9000 (expected to run in 0 ms) due to recent wakeup
08-06 02:03:00.625 15866 15866 I Finsky  : [1] xle.a(27): Scheduling job Id: 9000, L: 30000, D: 68830317, C: false, I: true, N: 0
08-06 02:03:00.627 15866 15866 I Finsky  : [1] xle.a(27): Scheduling job Id: 9002, L: 10553525, D: 28972300, C: false, I: false, N: 1
08-06 02:03:00.629 15866 15866 I Finsky  : [1] xle.a(10): Throttling wakeup for job 9003 (expected to run in 0 ms) due to recent wakeup
08-06 02:03:00.629 15866 15866 I Finsky  : [1] xle.a(27): Scheduling job Id: 9003, L: 30000, D: 60982914, C: false, I: true, N: 2
08-06 02:03:00.631 15866 15866 I Finsky  : [1] xle.a(10): Throttling wakeup for job 9004 (expected to run in 0 ms) due to recent wakeup
08-06 02:03:00.631 15866 15866 I Finsky  : [1] xle.a(27): Scheduling job Id: 9004, L: 30000, D: 60982956, C: true, I: true, N: 2
08-06 02:03:00.633 15866 15866 I Finsky  : [1] xle.a(27): Scheduling job Id: 9005, L: 33620210, D: 34520210, C: false, I: false, N: 0
08-06 02:03:00.634 15866 15866 I Finsky  : [1] xle.a(10): Throttling wakeup for job 9006 (expected to run in 0 ms) due to recent wakeup
08-06 02:03:00.634 15866 15866 I Finsky  : [1] xle.a(27): Scheduling job Id: 9006, L: 30000, D: 68830317, C: false, I: true, N: 0
08-06 02:03:00.635 15866 15866 I Finsky  : [1] xle.a(27): Scheduling job Id: 9007, L: 10553525, D: 28972300, C: false, I: false, N: 1
08-06 02:03:00.638 15866 15866 I Finsky  : [1] xle.a(10): Throttling wakeup for job 9008 (expected to run in 0 ms) due to recent wakeup
08-06 02:03:00.638 15866 15866 I Finsky  : [1] xle.a(27): Scheduling job Id: 9008, L: 30000, D: 60982914, C: false, I: true, N: 2
08-06 02:03:00.640 15866 15866 I Finsky  : [1] xle.a(10): Throttling wakeup for job 9009 (expected to run in 0 ms) due to recent wakeup
08-06 02:03:00.640 15866 15866 I Finsky  : [1] xle.a(27): Scheduling job Id: 9009, L: 30000, D: 60982956, C: true, I: true, N: 2
08-06 02:03:00.642 15866 15866 I Finsky  : [1] xle.a(27): Scheduling job Id: 9010, L: 33620210, D: 34520210, C: false, I: false, N: 0
08-06 02:03:00.666   918  1210 D NetlinkSocketObserver: NeighborEvent{elapsedMs=1825984541, 192.168.2.254, [7C3953A63323], RTM_NEWNEIGH, NUD_STALE}
08-06 02:03:00.690 21902 22237 I art     : Starting a blocking GC Explicit
08-06 02:03:00.741 21902 22237 I art     : Explicit concurrent mark sweep GC freed 1293(75KB) AllocSpace objects, 1(20KB) LOS objects, 38% free, 25MB/41MB, paused 662us total 50.305ms
08-06 02:03:00.762 21902 22237 I art     : Starting a blocking GC Explicit
08-06 02:03:00.800 21902 22237 I art     : Explicit concurrent mark sweep GC freed 18(624B) AllocSpace objects, 0(0B) LOS objects, 38% free, 25MB/41MB, paused 430us total 38.265ms
08-06 02:03:00.815 21902 22237 I art     : Starting a blocking GC Explicit
08-06 02:03:00.853 21902 22237 I art     : Explicit concurrent mark sweep GC freed 3(96B) AllocSpace objects, 0(0B) LOS objects, 38% free, 25MB/41MB, paused 430us total 38.251ms
08-06 02:03:00.868 21902 22237 I art     : Starting a blocking GC Explicit
08-06 02:03:00.908 21902 22237 I art     : Explicit concurrent mark sweep GC freed 3(96B) AllocSpace objects, 0(0B) LOS objects, 38% free, 25MB/41MB, paused 440us total 39.167ms
08-06 02:03:00.923 21902 22237 I art     : Starting a blocking GC Explicit
08-06 02:03:00.963 21902 22237 I art     : Explicit concurrent mark sweep GC freed 3(96B) AllocSpace objects, 0(0B) LOS objects, 38% free, 25MB/41MB, paused 456us total 40.453ms
08-06 02:03:01.268 21369 21369 I ServiceManager: Waiting for service AtCmdFwd...
08-06 02:03:01.277 22558 22558 D AndroidRuntime: >>>>>> START com.android.internal.os.RuntimeInit uid 2000 <<<<<<
08-06 02:03:01.282 22558 22558 D AndroidRuntime: CheckJNI is OFF
08-06 02:03:01.315 21902 22504 I art     : Starting a blocking GC Explicit
08-06 02:03:01.327 22558 22558 D ICU     : No timezone override file found: /data/misc/zoneinfo/current/icu/icu_tzdata.dat
08-06 02:03:01.354 21902 22504 I art     : Explicit concurrent mark sweep GC freed 1396(79KB) AllocSpace objects, 1(20KB) LOS objects, 38% free, 25MB/41MB, paused 416us total 38.426ms
08-06 02:03:01.368 21902 22504 I art     : Starting a blocking GC Explicit
08-06 02:03:01.369 22558 22558 I Radio-JNI: register_android_hardware_Radio DONE
08-06 02:03:01.398 22558 22558 D AndroidRuntime: Calling main entry com.android.commands.input.Input
08-06 02:03:01.400 22558 22558 I Input   : injectMotionEvent: MotionEvent { action=ACTION_DOWN, actionButton=0, id[0]=0, x[0]=1215.0, y[0]=1450.0, toolType[0]=TOOL_TYPE_UNKNOWN, buttonState=0, metaState=0, flags=0x0, edgeFlags=0x0, pointerCount=1, historySize=0, eventTime=842597813, downTime=842597813, deviceId=0, source=0x1002 }
08-06 02:03:01.406 22558 22558 I Input   : injectMotionEvent: MotionEvent { action=ACTION_UP, actionButton=0, id[0]=0, x[0]=1215.0, y[0]=1450.0, toolType[0]=TOOL_TYPE_UNKNOWN, buttonState=0, metaState=0, flags=0x0, edgeFlags=0x0, pointerCount=1, historySize=0, eventTime=842597813, downTime=842597813, deviceId=0, source=0x1002 }
08-06 02:03:01.407 21902 22504 I art     : Explicit concurrent mark sweep GC freed 167(10KB) AllocSpace objects, 0(0B) LOS objects, 38% free, 25MB/41MB, paused 397us total 38.384ms
08-06 02:03:01.407 22558 22558 D AndroidRuntime: Shutting down VM
08-06 02:03:01.425   512  2967 D audio_hw_primary: out_set_parameters: enter: usecase(1: low-latency-playback) kvpairs: routing=2
08-06 02:03:01.425 21902 22504 I art     : Starting a blocking GC Explicit
08-06 02:03:01.438   512  2967 D audio_hw_primary: select_devices: out_snd_device(2: speaker) in_snd_device(0: none)
08-06 02:03:01.438   512  2967 D msm8974_platform: platform_send_audio_calibration: sending audio calibration for snd_device(2) acdb_id(15)
08-06 02:03:01.438   512  2967 I soundtrigger: audio_extn_sound_trigger_update_device_status: device 0x2 of type 0 for Event 1
08-06 02:03:01.451   512  2967 D audio_hw_primary: enable_snd_device: snd_device(2: speaker)
08-06 02:03:01.454   512  2967 D audio_hw_primary: enable_audio_route: apply and update mixer path: low-latency-playback speaker
08-06 02:03:01.464 21902 22504 I art     : Explicit concurrent mark sweep GC freed 306(29KB) AllocSpace objects, 0(0B) LOS objects, 38% free, 25MB/41MB, paused 461us total 38.460ms
08-06 02:03:01.479 21902 22504 I art     : Starting a blocking GC Explicit
08-06 02:03:01.516 21902 22504 I art     : Explicit concurrent mark sweep GC freed 196(12KB) AllocSpace objects, 0(0B) LOS objects, 38% free, 25MB/41MB, paused 402us total 35.974ms
08-06 02:03:01.531 21902 22504 I art     : Starting a blocking GC Explicit
08-06 02:03:01.571 21902 22504 I art     : Explicit concurrent mark sweep GC freed 946(66KB) AllocSpace objects, 1(40KB) LOS objects, 38% free, 25MB/41MB, paused 735us total 39.282ms
08-06 02:03:01.869 21902 21913 I art     : Starting a blocking GC Explicit
08-06 02:03:01.924 21902 21913 I art     : Explicit concurrent mark sweep GC freed 1293(75KB) AllocSpace objects, 1(20KB) LOS objects, 38% free, 25MB/41MB, paused 450us total 53.745ms
08-06 02:03:01.940 21902 21913 I art     : Starting a blocking GC Explicit
08-06 02:03:01.982 21902 21913 I art     : Explicit concurrent mark sweep GC freed 18(624B) AllocSpace objects, 0(0B) LOS objects, 38% free, 25MB/41MB, paused 432us total 41.246ms
08-06 02:03:01.997 21902 21913 I art     : Starting a blocking GC Explicit
08-06 02:03:01.999   512  2967 D audio_hw_primary: disable_audio_route: reset and update mixer path: low-latency-playback speaker
08-06 02:03:02.000   512  2967 D audio_hw_primary: disable_snd_device: snd_device(2: speaker)
08-06 02:03:02.008   512  2967 I soundtrigger: audio_extn_sound_trigger_update_device_status: device 0x2 of type 0 for Event 0
08-06 02:03:02.034 21902 21913 I art     : Explicit concurrent mark sweep GC freed 3(96B) AllocSpace objects, 0(0B) LOS objects, 38% free, 25MB/41MB, paused 402us total 36.181ms
08-06 02:03:02.048 21902 21913 I art     : Starting a blocking GC Explicit
08-06 02:03:02.088 21902 21913 I art     : Explicit concurrent mark sweep GC freed 3(96B) AllocSpace objects, 0(0B) LOS objects, 38% free, 25MB/41MB, paused 413us total 39.581ms
08-06 02:03:02.104 21902 21913 I art     : Starting a blocking GC Explicit
08-06 02:03:02.145 21902 21913 I art     : Explicit concurrent mark sweep GC freed 5(176B) AllocSpace objects, 0(0B) LOS objects, 38% free, 25MB/41MB, paused 420us total 40.806ms
08-06 02:03:02.269 21369 21369 I ServiceManager: Waiting for service AtCmdFwd...
08-06 02:03:02.463 21902 22504 I art     : Starting a blocking GC Explicit
08-06 02:03:02.510 21902 22504 I art     : Explicit concurrent mark sweep GC freed 1293(75KB) AllocSpace objects, 1(20KB) LOS objects, 38% free, 25MB/41MB, paused 447us total 46.569ms
08-06 02:03:02.526 21902 22504 I art     : Starting a blocking GC Explicit
08-06 02:03:02.568 21902 22504 I art     : Explicit concurrent mark sweep GC freed 18(624B) AllocSpace objects, 0(0B) LOS objects, 38% free, 25MB/41MB, paused 1.063ms total 41.680ms
08-06 02:03:02.582 21902 22504 I art     : Starting a blocking GC Explicit
08-06 02:03:02.622 21902 22504 I art     : Explicit concurrent mark sweep GC freed 3(96B) AllocSpace objects, 0(0B) LOS objects, 38% free, 25MB/41MB, paused 407us total 39.243ms
08-06 02:03:02.637 21902 22504 I art     : Starting a blocking GC Explicit
08-06 02:03:02.676 21902 22504 I art     : Explicit concurrent mark sweep GC freed 3(96B) AllocSpace objects, 0(0B) LOS objects, 38% free, 25MB/41MB, paused 422us total 38.313ms
08-06 02:03:02.690 21902 22504 I art     : Starting a blocking GC Explicit
08-06 02:03:02.729 21902 22504 I art     : Explicit concurrent mark sweep GC freed 3(96B) AllocSpace objects, 0(0B) LOS objects, 38% free, 25MB/41MB, paused 420us total 38.012ms
08-06 02:03:03.042 21902 22237 I art     : Starting a blocking GC Explicit
08-06 02:03:03.090 21902 22237 I art     : Explicit concurrent mark sweep GC freed 1294(75KB) AllocSpace objects, 1(20KB) LOS objects, 38% free, 25MB/41MB, paused 537us total 47.868ms
08-06 02:03:03.112 21902 22237 I art     : Starting a blocking GC Explicit
08-06 02:03:03.149 21902 22237 I art     : Explicit concurrent mark sweep GC freed 25(848B) AllocSpace objects, 0(0B) LOS objects, 38% free, 25MB/41MB, paused 426us total 36.722ms
08-06 02:03:03.166 21902 22237 I art     : Starting a blocking GC Explicit
08-06 02:03:03.199 22602 22602 D AndroidRuntime: >>>>>> START com.android.internal.os.RuntimeInit uid 2000 <<<<<<
08-06 02:03:03.202 21902 22237 I art     : Explicit concurrent mark sweep GC freed 10(320B) AllocSpace objects, 0(0B) LOS objects, 38% free, 25MB/41MB, paused 435us total 35.902ms
08-06 02:03:03.205 22602 22602 D AndroidRuntime: CheckJNI is OFF
08-06 02:03:03.216 21902 22237 I art     : Starting a blocking GC Explicit
08-06 02:03:03.246 22602 22602 D ICU     : No timezone override file found: /data/misc/zoneinfo/current/icu/icu_tzdata.dat
08-06 02:03:03.253 21902 22237 I art     : Explicit concurrent mark sweep GC freed 9(288B) AllocSpace objects, 0(0B) LOS objects, 38% free, 25MB/41MB, paused 388us total 36.048ms
08-06 02:03:03.267 21902 22237 I art     : Starting a blocking GC Explicit
08-06 02:03:03.269 21369 21369 I ServiceManager: Waiting for service AtCmdFwd...
08-06 02:03:03.289 22602 22602 I Radio-JNI: register_android_hardware_Radio DONE
08-06 02:03:03.303 21902 22237 I art     : Explicit concurrent mark sweep GC freed 9(288B) AllocSpace objects, 0(0B) LOS objects, 38% free, 25MB/41MB, paused 412us total 36.178ms
08-06 02:03:03.318 22602 22602 D AndroidRuntime: Calling main entry com.android.commands.input.Input
08-06 02:03:03.322 22602 22602 I Input   : injectMotionEvent: MotionEvent { action=ACTION_DOWN, actionButton=0, id[0]=0, x[0]=1215.0, y[0]=1482.0, toolType[0]=TOOL_TYPE_UNKNOWN, buttonState=0, metaState=0, flags=0x0, edgeFlags=0x0, pointerCount=1, historySize=0, eventTime=842599733, downTime=842599733, deviceId=0, source=0x1002 }
08-06 02:03:03.327 22602 22602 I Input   : injectMotionEvent: MotionEvent { action=ACTION_UP, actionButton=0, id[0]=0, x[0]=1215.0, y[0]=1482.0, toolType[0]=TOOL_TYPE_UNKNOWN, buttonState=0, metaState=0, flags=0x0, edgeFlags=0x0, pointerCount=1, historySize=0, eventTime=842599733, downTime=842599733, deviceId=0, source=0x1002 }
08-06 02:03:03.328 22602 22602 D AndroidRuntime: Shutting down VM
08-06 02:03:03.340 21902 21902 I SettingsManager: Setting boolean: completedTutorial
08-06 02:03:03.341   512  2967 D audio_hw_primary: out_set_parameters: enter: usecase(1: low-latency-playback) kvpairs: routing=2
08-06 02:03:03.346   918  6111 W BackupManagerService: dataChanged but no participant pkg='baseline.com.ak.uobtimetable' uid=10710
08-06 02:03:03.354   512  2967 D audio_hw_primary: select_devices: out_snd_device(2: speaker) in_snd_device(0: none)
08-06 02:03:03.354   512  2967 D msm8974_platform: platform_send_audio_calibration: sending audio calibration for snd_device(2) acdb_id(15)
08-06 02:03:03.355   512  2967 I soundtrigger: audio_extn_sound_trigger_update_device_status: device 0x2 of type 0 for Event 1
08-06 02:03:03.358   918  3961 W InputMethodManagerService: Window already focused, ignoring focus gain of: com.android.internal.view.IInputMethodClient$Stub$Proxy@baf7d7e attribute=null, token = android.os.BinderProxy@f4ec534
08-06 02:03:03.366   512  2967 D audio_hw_primary: enable_snd_device: snd_device(2: speaker)
08-06 02:03:03.368   512  2967 D audio_hw_primary: enable_audio_route: apply and update mixer path: low-latency-playback speaker
08-06 02:03:03.595 21902 22237 I art     : Starting a blocking GC Explicit
08-06 02:03:03.632 21902 22237 I art     : Explicit concurrent mark sweep GC freed 1484(95KB) AllocSpace objects, 2(40KB) LOS objects, 38% free, 25MB/41MB, paused 393us total 36.676ms
08-06 02:03:03.646 21902 22237 I art     : Starting a blocking GC Explicit
08-06 02:03:03.683 21902 22237 I art     : Explicit concurrent mark sweep GC freed 1007(68KB) AllocSpace objects, 1(40KB) LOS objects, 38% free, 25MB/41MB, paused 410us total 37.138ms
08-06 02:03:03.698 21902 22237 I art     : Starting a blocking GC Explicit
08-06 02:03:03.737 21902 22237 I art     : Explicit concurrent mark sweep GC freed 3(96B) AllocSpace objects, 0(0B) LOS objects, 38% free, 25MB/41MB, paused 445us total 38.504ms
08-06 02:03:03.752 21902 22237 I art     : Starting a blocking GC Explicit
08-06 02:03:03.793 21902 22237 I art     : Explicit concurrent mark sweep GC freed 3(96B) AllocSpace objects, 0(0B) LOS objects, 38% free, 25MB/41MB, paused 430us total 40.748ms
08-06 02:03:03.808 21902 22237 I art     : Starting a blocking GC Explicit
08-06 02:03:03.849 21902 22237 I art     : Explicit concurrent mark sweep GC freed 3(96B) AllocSpace objects, 0(0B) LOS objects, 38% free, 25MB/41MB, paused 451us total 40.074ms
08-06 02:03:03.920   512  2967 D audio_hw_primary: disable_audio_route: reset and update mixer path: low-latency-playback speaker
08-06 02:03:03.922   512  2967 D audio_hw_primary: disable_snd_device: snd_device(2: speaker)
08-06 02:03:03.931   512  2967 I soundtrigger: audio_extn_sound_trigger_update_device_status: device 0x2 of type 0 for Event 0
08-06 02:03:04.173 21902 21913 I art     : Starting a blocking GC Explicit
08-06 02:03:04.232 21902 21913 I art     : Explicit concurrent mark sweep GC freed 1293(75KB) AllocSpace objects, 1(20KB) LOS objects, 38% free, 25MB/41MB, paused 465us total 57.699ms
08-06 02:03:04.251 21902 21913 I art     : Starting a blocking GC Explicit
08-06 02:03:04.270 21369 21369 W Atfwd_Sendcmd: AtCmdFwd service not published, waiting... retryCnt : 3
08-06 02:03:04.291 21902 21913 I art     : Explicit concurrent mark sweep GC freed 18(624B) AllocSpace objects, 0(0B) LOS objects, 38% free, 25MB/41MB, paused 431us total 39.647ms
08-06 02:03:04.306 21902 21913 I art     : Starting a blocking GC Explicit
08-06 02:03:04.345 21902 21913 I art     : Explicit concurrent mark sweep GC freed 3(96B) AllocSpace objects, 0(0B) LOS objects, 38% free, 25MB/41MB, paused 414us total 38.783ms
08-06 02:03:04.360 21902 21913 I art     : Starting a blocking GC Explicit
08-06 02:03:04.401 21902 21913 I art     : Explicit concurrent mark sweep GC freed 3(96B) AllocSpace objects, 0(0B) LOS objects, 38% free, 25MB/41MB, paused 443us total 41.089ms
08-06 02:03:04.417 21902 21913 I art     : Starting a blocking GC Explicit
08-06 02:03:04.458 21902 21913 I art     : Explicit concurrent mark sweep GC freed 3(96B) AllocSpace objects, 0(0B) LOS objects, 38% free, 25MB/41MB, paused 445us total 40.904ms
08-06 02:03:04.754 21902 21914 I art     : Starting a blocking GC Explicit
08-06 02:03:04.803 21902 21914 I art     : Explicit concurrent mark sweep GC freed 1293(75KB) AllocSpace objects, 1(20KB) LOS objects, 38% free, 25MB/41MB, paused 525us total 48.390ms
08-06 02:03:04.819 21902 21914 I art     : Starting a blocking GC Explicit
08-06 02:03:04.857 21902 21914 I art     : Explicit concurrent mark sweep GC freed 18(624B) AllocSpace objects, 0(0B) LOS objects, 38% free, 25MB/41MB, paused 484us total 38.025ms
08-06 02:03:04.872 21902 21914 I art     : Starting a blocking GC Explicit
08-06 02:03:04.910 21902 21914 I art     : Explicit concurrent mark sweep GC freed 3(96B) AllocSpace objects, 0(0B) LOS objects, 38% free, 25MB/41MB, paused 423us total 38.027ms
08-06 02:03:04.925 21902 21914 I art     : Starting a blocking GC Explicit
08-06 02:03:04.964 21902 21914 I art     : Explicit concurrent mark sweep GC freed 3(96B) AllocSpace objects, 0(0B) LOS objects, 38% free, 25MB/41MB, paused 412us total 38.859ms
08-06 02:03:04.979 21902 21914 I art     : Starting a blocking GC Explicit
08-06 02:03:05.021 21902 21914 I art     : Explicit concurrent mark sweep GC freed 3(96B) AllocSpace objects, 0(0B) LOS objects, 38% free, 25MB/41MB, paused 442us total 40.983ms
08-06 02:03:05.136 22645 22645 D AndroidRuntime: >>>>>> START com.android.internal.os.RuntimeInit uid 2000 <<<<<<
08-06 02:03:05.144 22645 22645 D AndroidRuntime: CheckJNI is OFF
08-06 02:03:05.193 22645 22645 D ICU     : No timezone override file found: /data/misc/zoneinfo/current/icu/icu_tzdata.dat
08-06 02:03:05.236 22645 22645 I Radio-JNI: register_android_hardware_Radio DONE
08-06 02:03:05.264 22645 22645 D AndroidRuntime: Calling main entry com.android.commands.input.Input
08-06 02:03:05.266 22645 22645 I Input   : injectMotionEvent: MotionEvent { action=ACTION_DOWN, actionButton=0, id[0]=0, x[0]=81.0, y[0]=176.0, toolType[0]=TOOL_TYPE_UNKNOWN, buttonState=0, metaState=0, flags=0x0, edgeFlags=0x0, pointerCount=1, historySize=0, eventTime=842601678, downTime=842601678, deviceId=0, source=0x1002 }
08-06 02:03:05.271 22645 22645 I Input   : injectMotionEvent: MotionEvent { action=ACTION_UP, actionButton=0, id[0]=0, x[0]=81.0, y[0]=176.0, toolType[0]=TOOL_TYPE_UNKNOWN, buttonState=0, metaState=0, flags=0x0, edgeFlags=0x0, pointerCount=1, historySize=0, eventTime=842601678, downTime=842601678, deviceId=0, source=0x1002 }
08-06 02:03:05.273 22645 22645 D AndroidRuntime: Shutting down VM
08-06 02:03:05.293   512  2967 D audio_hw_primary: out_set_parameters: enter: usecase(1: low-latency-playback) kvpairs: routing=2
08-06 02:03:05.306   512  2967 D audio_hw_primary: select_devices: out_snd_device(2: speaker) in_snd_device(0: none)
08-06 02:03:05.306   512  2967 D msm8974_platform: platform_send_audio_calibration: sending audio calibration for snd_device(2) acdb_id(15)
08-06 02:03:05.306   512  2967 I soundtrigger: audio_extn_sound_trigger_update_device_status: device 0x2 of type 0 for Event 1
08-06 02:03:05.318   512  2967 D audio_hw_primary: enable_snd_device: snd_device(2: speaker)
08-06 02:03:05.319   512  2967 D audio_hw_primary: enable_audio_route: apply and update mixer path: low-latency-playback speaker
08-06 02:03:05.353 21902 22237 I art     : Starting a blocking GC Explicit
08-06 02:03:05.355 13866 13866 I GoogleInputMethodServic: GoogleInputMethodService.onFinishInput():3138 
08-06 02:03:05.358 13866 13866 I GoogleInputMethodServic: GoogleInputMethodService.onStartInput():1808 
08-06 02:03:05.392 21902 22237 I art     : Explicit concurrent mark sweep GC freed 1713(96KB) AllocSpace objects, 1(20KB) LOS objects, 38% free, 25MB/41MB, paused 438us total 39.398ms
08-06 02:03:05.406 21902 22237 I art     : Starting a blocking GC Explicit
08-06 02:03:05.442 21902 22237 I art     : Explicit concurrent mark sweep GC freed 26(1056B) AllocSpace objects, 0(0B) LOS objects, 38% free, 25MB/41MB, paused 444us total 35.421ms
08-06 02:03:05.456 21902 22237 I art     : Starting a blocking GC Explicit
08-06 02:03:05.491 21902 22237 I art     : Explicit concurrent mark sweep GC freed 3(96B) AllocSpace objects, 0(0B) LOS objects, 38% free, 25MB/41MB, paused 422us total 35.274ms
08-06 02:03:05.505 21902 22237 I art     : Starting a blocking GC Explicit
08-06 02:03:05.541 21902 22237 I art     : Explicit concurrent mark sweep GC freed 3(96B) AllocSpace objects, 0(0B) LOS objects, 38% free, 25MB/41MB, paused 473us total 35.281ms
08-06 02:03:05.555 21902 22237 I art     : Starting a blocking GC Explicit
08-06 02:03:05.593 21902 22237 I art     : Explicit concurrent mark sweep GC freed 11(352B) AllocSpace objects, 0(0B) LOS objects, 38% free, 25MB/41MB, paused 468us total 38.324ms
08-06 02:03:05.858   512  2967 D audio_hw_primary: disable_audio_route: reset and update mixer path: low-latency-playback speaker
08-06 02:03:05.859   512  2967 D audio_hw_primary: disable_snd_device: snd_device(2: speaker)
08-06 02:03:05.867   512  2967 I soundtrigger: audio_extn_sound_trigger_update_device_status: device 0x2 of type 0 for Event 0
08-06 02:03:05.902 21902 22237 I art     : Starting a blocking GC Explicit
08-06 02:03:05.942 21902 22237 I art     : Explicit concurrent mark sweep GC freed 1334(77KB) AllocSpace objects, 1(20KB) LOS objects, 38% free, 25MB/41MB, paused 403us total 40.166ms
08-06 02:03:05.957 21902 22237 I art     : Starting a blocking GC Explicit
08-06 02:03:05.966 21902 21902 D SessionListsFragment: Fired refresh session list handler
08-06 02:03:05.995 21902 22237 I art     : Explicit concurrent mark sweep GC freed 904(27KB) AllocSpace objects, 0(0B) LOS objects, 38% free, 25MB/41MB, paused 876us total 37.787ms
08-06 02:03:06.010 21902 22237 I art     : Starting a blocking GC Explicit
08-06 02:03:06.046 21902 22237 I art     : Explicit concurrent mark sweep GC freed 621(23KB) AllocSpace objects, 0(0B) LOS objects, 38% free, 25MB/41MB, paused 377us total 35.761ms
08-06 02:03:06.060 21902 22237 I art     : Starting a blocking GC Explicit
08-06 02:03:06.099 21902 22237 I art     : Explicit concurrent mark sweep GC freed 67(2720B) AllocSpace objects, 0(0B) LOS objects, 38% free, 25MB/41MB, paused 407us total 38.741ms
08-06 02:03:06.114 21902 22237 I art     : Starting a blocking GC Explicit
08-06 02:03:06.155 21902 22237 I art     : Explicit concurrent mark sweep GC freed 3(96B) AllocSpace objects, 0(0B) LOS objects, 38% free, 25MB/41MB, paused 425us total 40.658ms
08-06 02:03:06.480 21902 22447 I art     : Starting a blocking GC Explicit
08-06 02:03:06.534 21902 22447 I art     : Explicit concurrent mark sweep GC freed 1293(75KB) AllocSpace objects, 1(20KB) LOS objects, 38% free, 25MB/41MB, paused 501us total 53.098ms
08-06 02:03:06.551 21902 22447 I art     : Starting a blocking GC Explicit
08-06 02:03:06.589 21902 22447 I art     : Explicit concurrent mark sweep GC freed 18(624B) AllocSpace objects, 0(0B) LOS objects, 38% free, 25MB/41MB, paused 416us total 37.757ms
08-06 02:03:06.604 21902 22447 I art     : Starting a blocking GC Explicit
08-06 02:03:06.642 21902 22447 I art     : Explicit concurrent mark sweep GC freed 3(96B) AllocSpace objects, 0(0B) LOS objects, 38% free, 25MB/41MB, paused 418us total 37.820ms
08-06 02:03:06.657 21902 22447 I art     : Starting a blocking GC Explicit
08-06 02:03:06.695 21902 22447 I art     : Explicit concurrent mark sweep GC freed 3(96B) AllocSpace objects, 0(0B) LOS objects, 38% free, 25MB/41MB, paused 419us total 38.258ms
08-06 02:03:06.711 21902 22447 I art     : Starting a blocking GC Explicit
08-06 02:03:06.750 21902 22447 I art     : Explicit concurrent mark sweep GC freed 3(96B) AllocSpace objects, 0(0B) LOS objects, 38% free, 25MB/41MB, paused 417us total 38.710ms
08-06 02:03:07.040 22701 22701 D AndroidRuntime: >>>>>> START com.android.internal.os.RuntimeInit uid 2000 <<<<<<
08-06 02:03:07.047 22701 22701 D AndroidRuntime: CheckJNI is OFF
08-06 02:03:07.068 21902 22447 I art     : Starting a blocking GC Explicit
08-06 02:03:07.093 22701 22701 D ICU     : No timezone override file found: /data/misc/zoneinfo/current/icu/icu_tzdata.dat
08-06 02:03:07.110 21902 22447 I art     : Explicit concurrent mark sweep GC freed 1333(77KB) AllocSpace objects, 1(20KB) LOS objects, 38% free, 25MB/41MB, paused 570us total 41.251ms
08-06 02:03:07.127 21902 22447 I art     : Starting a blocking GC Explicit
08-06 02:03:07.139 22701 22701 I Radio-JNI: register_android_hardware_Radio DONE
08-06 02:03:07.168 22701 22701 D AndroidRuntime: Calling main entry com.android.commands.input.Input
08-06 02:03:07.168 21902 22447 I art     : Explicit concurrent mark sweep GC freed 30(1040B) AllocSpace objects, 0(0B) LOS objects, 38% free, 25MB/41MB, paused 433us total 40.692ms
08-06 02:03:07.170 22701 22701 I Input   : injectMotionEvent: MotionEvent { action=ACTION_DOWN, actionButton=0, id[0]=0, x[0]=436.0, y[0]=1770.0, toolType[0]=TOOL_TYPE_UNKNOWN, buttonState=0, metaState=0, flags=0x0, edgeFlags=0x0, pointerCount=1, historySize=0, eventTime=842603582, downTime=842603582, deviceId=0, source=0x1002 }
08-06 02:03:07.176 22701 22701 I Input   : injectMotionEvent: MotionEvent { action=ACTION_UP, actionButton=0, id[0]=0, x[0]=436.0, y[0]=1770.0, toolType[0]=TOOL_TYPE_UNKNOWN, buttonState=0, metaState=0, flags=0x0, edgeFlags=0x0, pointerCount=1, historySize=0, eventTime=842603582, downTime=842603582, deviceId=0, source=0x1002 }
08-06 02:03:07.178 22701 22701 D AndroidRuntime: Shutting down VM
08-06 02:03:07.183 21902 22447 I art     : Starting a blocking GC Explicit
08-06 02:03:07.192 21902 21902 D MainActivity: NavigationItemSelected: Courses
08-06 02:03:07.193   918  6110 I ActivityManager: START u0 {cmp=baseline.com.ak.uobtimetable/.CourseListActivity} from uid 10710 on display 0
08-06 02:03:07.194   512  2967 D audio_hw_primary: out_set_parameters: enter: usecase(1: low-latency-playback) kvpairs: routing=2
08-06 02:03:07.203 21902 21902 D MainActivity: OnPause
08-06 02:03:07.207   512  2967 D audio_hw_primary: select_devices: out_snd_device(2: speaker) in_snd_device(0: none)
08-06 02:03:07.207   512  2967 D msm8974_platform: platform_send_audio_calibration: sending audio calibration for snd_device(2) acdb_id(15)
08-06 02:03:07.208   512  2967 I soundtrigger: audio_extn_sound_trigger_update_device_status: device 0x2 of type 0 for Event 1
08-06 02:03:07.218   512  2967 D audio_hw_primary: enable_snd_device: snd_device(2: speaker)
08-06 02:03:07.220   512  2967 D audio_hw_primary: enable_audio_route: apply and update mixer path: low-latency-playback speaker
08-06 02:03:07.223 21902 22447 I art     : Explicit concurrent mark sweep GC freed 340(12KB) AllocSpace objects, 0(0B) LOS objects, 38% free, 25MB/41MB, paused 897us total 39.750ms
08-06 02:03:07.237 21902 22447 I art     : Starting a blocking GC Explicit
08-06 02:03:07.257 21902 21902 D CourseListActivity: onCreate
08-06 02:03:07.259 21902 22724 D HTTP    : Request for: https://uob-timetable-api.adriankeenan.co.uk/courses
08-06 02:03:07.274 21902 22447 I art     : Explicit concurrent mark sweep GC freed 2193(123KB) AllocSpace objects, 0(0B) LOS objects, 38% free, 25MB/41MB, paused 562us total 36.312ms
08-06 02:03:07.287 21902 22447 I art     : Starting a blocking GC Explicit
08-06 02:03:07.314   918   936 I ActivityManager: Displayed baseline.com.ak.uobtimetable/.CourseListActivity: +110ms
08-06 02:03:07.314 13866 13866 I GoogleInputMethodServic: GoogleInputMethodService.onFinishInput():3138 
08-06 02:03:07.314 13866 13866 I GoogleInputMethodServic: GoogleInputMethodService.onStartInput():1808 
08-06 02:03:07.323 21902 22447 I art     : Explicit concurrent mark sweep GC freed 781(40KB) AllocSpace objects, 0(0B) LOS objects, 38% free, 25MB/41MB, paused 500us total 35.293ms
08-06 02:03:07.451 21902 22724 I NAPPA_EXPERIMENTATION: MetricNetworkRequestExecutionTime: REQUEST_DURATION_SYSTEM='191',REQUEST_DURATION_OKHTTP='33',REQUEST_SYNCHRONOUS='TRUE',RESPONSE_CODE='200',RESPONSE_METHOD='GET',RESPONSE_LENGTH_OKHTTP='-1',RESPONSE_LENGTH_HEADER='-2',REQUEST_PROTOCOL='http/1.1',REQUEST_URL='https://uob-timetable-api.adriankeenan.co.uk/courses',
08-06 02:03:07.618 21902 22447 I art     : Starting a blocking GC Explicit
08-06 02:03:07.661 21902 22447 I art     : Explicit concurrent mark sweep GC freed 5873(11MB) AllocSpace objects, 4(220KB) LOS objects, 24% free, 48MB/64MB, paused 521us total 42.753ms
08-06 02:03:07.675 21902 22447 I art     : Starting a blocking GC Explicit
08-06 02:03:07.692 21902 21902 D MainActivity: Saving state
08-06 02:03:07.693 21902 21902 D MainActivity: Saving current fragment: SessionListsFragment
08-06 02:03:07.693 21902 21902 D MainActivity: Saving current index: 3
08-06 02:03:07.694 21902 21902 D SessionListsFragment: Saving state
08-06 02:03:07.712 21902 22447 I art     : Explicit concurrent mark sweep GC freed 1138(147KB) AllocSpace objects, 0(0B) LOS objects, 24% free, 48MB/64MB, paused 544us total 36.973ms
08-06 02:03:07.726 21902 22447 I art     : Starting a blocking GC Explicit
08-06 02:03:07.758   512  2967 D audio_hw_primary: disable_audio_route: reset and update mixer path: low-latency-playback speaker
08-06 02:03:07.760   512  2967 D audio_hw_primary: disable_snd_device: snd_device(2: speaker)
08-06 02:03:07.761 21902 22447 I art     : Explicit concurrent mark sweep GC freed 55(3KB) AllocSpace objects, 0(0B) LOS objects, 24% free, 48MB/64MB, paused 520us total 35.034ms
08-06 02:03:07.767   512  2967 I soundtrigger: audio_extn_sound_trigger_update_device_status: device 0x2 of type 0 for Event 0
08-06 02:03:07.775 21902 22447 I art     : Starting a blocking GC Explicit
08-06 02:03:07.827 21902 22724 I HTTP    : Response was compressed.
08-06 02:03:07.829 21902 22447 I art     : Explicit concurrent mark sweep GC freed 159(7KB) AllocSpace objects, 0(0B) LOS objects, 20% free, 63MB/79MB, paused 607us total 53.720ms
08-06 02:03:07.843 21902 22447 I art     : Starting a blocking GC Explicit
08-06 02:03:07.891 21902 22447 I art     : Explicit concurrent mark sweep GC freed 28938(1344KB) AllocSpace objects, 2(22MB) LOS objects, 27% free, 41MB/57MB, paused 818us total 47.861ms
08-06 02:03:08.193 21902 21913 I art     : Starting a blocking GC Explicit
08-06 02:03:08.258 21902 21913 I art     : Explicit concurrent mark sweep GC freed 192387(8MB) AllocSpace objects, 1(20KB) LOS objects, 27% free, 43MB/59MB, paused 855us total 64.308ms
08-06 02:03:08.276 21902 21913 I art     : Starting a blocking GC Explicit
08-06 02:03:08.323 21902 21913 I art     : Explicit concurrent mark sweep GC freed 43255(2028KB) AllocSpace objects, 0(0B) LOS objects, 27% free, 43MB/59MB, paused 1.143ms total 46.435ms
08-06 02:03:08.339 21902 21913 I art     : Starting a blocking GC Explicit
08-06 02:03:08.388 21902 21913 I art     : Explicit concurrent mark sweep GC freed 36148(1715KB) AllocSpace objects, 0(0B) LOS objects, 26% free, 43MB/59MB, paused 912us total 48.398ms
08-06 02:03:08.405 21902 21913 I art     : Starting a blocking GC Explicit
08-06 02:03:08.454 21902 21913 I art     : Explicit concurrent mark sweep GC freed 35561(1678KB) AllocSpace objects, 0(0B) LOS objects, 26% free, 43MB/59MB, paused 999us total 49.188ms
08-06 02:03:08.471 21902 21913 I art     : Starting a blocking GC Explicit
08-06 02:03:08.521 21902 21913 I art     : Explicit concurrent mark sweep GC freed 36083(1705KB) AllocSpace objects, 0(0B) LOS objects, 26% free, 43MB/59MB, paused 1.011ms total 50.144ms
08-06 02:03:08.842 21902 22237 I art     : Starting a blocking GC Explicit
08-06 02:03:08.917 21902 22237 I art     : Explicit concurrent mark sweep GC freed 202961(9MB) AllocSpace objects, 1(20KB) LOS objects, 25% free, 45MB/61MB, paused 932us total 74.867ms
08-06 02:03:08.936 21902 22237 I art     : Starting a blocking GC Explicit
08-06 02:03:08.992 21902 22237 I art     : Explicit concurrent mark sweep GC freed 48909(2MB) AllocSpace objects, 0(0B) LOS objects, 25% free, 45MB/61MB, paused 1.082ms total 55.873ms
08-06 02:03:09.012 21902 22237 I art     : Starting a blocking GC Explicit
08-06 02:03:09.069 21902 22237 I art     : Explicit concurrent mark sweep GC freed 41494(1980KB) AllocSpace objects, 0(0B) LOS objects, 25% free, 46MB/62MB, paused 1.100ms total 56.995ms
08-06 02:03:09.087 21902 22237 I art     : Starting a blocking GC Explicit
08-06 02:03:09.145 21902 22237 I art     : Explicit concurrent mark sweep GC freed 40996(1930KB) AllocSpace objects, 0(0B) LOS objects, 25% free, 46MB/62MB, paused 1.180ms total 57.735ms
08-06 02:03:09.164 21902 22237 I art     : Starting a blocking GC Explicit
08-06 02:03:09.225 21902 22237 I art     : Explicit concurrent mark sweep GC freed 42698(2000KB) AllocSpace objects, 0(0B) LOS objects, 25% free, 46MB/62MB, paused 1.232ms total 60.238ms
08-06 02:03:09.537 21902 21913 I art     : Starting a blocking GC Explicit
08-06 02:03:09.619 21902 21913 I art     : Explicit concurrent mark sweep GC freed 200607(9MB) AllocSpace objects, 1(20KB) LOS objects, 24% free, 48MB/64MB, paused 1.045ms total 81.878ms
08-06 02:03:09.641 21902 21913 I art     : Starting a blocking GC Explicit
08-06 02:03:09.704 21902 21913 I art     : Explicit concurrent mark sweep GC freed 53227(2MB) AllocSpace objects, 0(0B) LOS objects, 24% free, 48MB/64MB, paused 1.195ms total 63.251ms
08-06 02:03:09.725 21902 21913 I art     : Starting a blocking GC Explicit
08-06 02:03:09.790 21902 21913 I art     : Explicit concurrent mark sweep GC freed 46582(2MB) AllocSpace objects, 0(0B) LOS objects, 24% free, 48MB/64MB, paused 1.368ms total 65.182ms
08-06 02:03:09.811 21902 21913 I art     : Starting a blocking GC Explicit
08-06 02:03:09.878 21902 21913 I art     : Explicit concurrent mark sweep GC freed 46502(2MB) AllocSpace objects, 0(0B) LOS objects, 24% free, 49MB/65MB, paused 1.357ms total 66.833ms
08-06 02:03:09.898 21902 21913 I art     : Starting a blocking GC Explicit
08-06 02:03:09.967 21902 21913 I art     : Explicit concurrent mark sweep GC freed 47805(2MB) AllocSpace objects, 0(0B) LOS objects, 24% free, 49MB/65MB, paused 1.317ms total 67.878ms
08-06 02:03:10.286 21902 21914 I art     : Starting a blocking GC Explicit
08-06 02:03:10.380 21902 21914 I art     : Explicit concurrent mark sweep GC freed 207556(9MB) AllocSpace objects, 1(20KB) LOS objects, 23% free, 51MB/67MB, paused 1.251ms total 93.293ms
08-06 02:03:10.402 21902 21914 I art     : Starting a blocking GC Explicit
08-06 02:03:10.478 21902 21914 I art     : Explicit concurrent mark sweep GC freed 59964(2MB) AllocSpace objects, 0(0B) LOS objects, 23% free, 51MB/67MB, paused 1.526ms total 75.352ms
08-06 02:03:10.500 21902 21914 I art     : Starting a blocking GC Explicit
08-06 02:03:10.575 21902 21914 I art     : Explicit concurrent mark sweep GC freed 52165(2MB) AllocSpace objects, 0(0B) LOS objects, 23% free, 52MB/68MB, paused 1.567ms total 74.993ms
08-06 02:03:10.598 21902 21914 I art     : Starting a blocking GC Explicit
08-06 02:03:10.625 21902 22724 I Service : getCourses response time: 0.69
08-06 02:03:10.629 21902 21902 I SettingsManager: Getting string: savedCourse
08-06 02:03:10.668 21902 21914 I art     : Explicit concurrent mark sweep GC freed 33038(1600KB) AllocSpace objects, 0(0B) LOS objects, 23% free, 51MB/67MB, paused 1.112ms total 69.452ms
08-06 02:03:10.690 21902 21914 I art     : Starting a blocking GC Explicit
08-06 02:03:10.763 21902 21914 I art     : Explicit concurrent mark sweep GC freed 830(33KB) AllocSpace objects, 1(14MB) LOS objects, 30% free, 37MB/53MB, paused 626us total 72.956ms
08-06 02:03:11.118 21902 22237 I art     : Starting a blocking GC Explicit
08-06 02:03:11.223 21902 22237 I art     : Explicit concurrent mark sweep GC freed 1627(95KB) AllocSpace objects, 1(20KB) LOS objects, 30% free, 37MB/53MB, paused 522us total 104.263ms
08-06 02:03:11.253 21902 22237 I art     : Starting a blocking GC Explicit
08-06 02:03:11.335 21902 22237 I art     : Explicit concurrent mark sweep GC freed 506(48KB) AllocSpace objects, 0(0B) LOS objects, 30% free, 37MB/53MB, paused 439us total 81.532ms
08-06 02:03:11.360 21902 22237 I art     : Starting a blocking GC Explicit
08-06 02:03:11.440 21902 22237 I art     : Explicit concurrent mark sweep GC freed 3(96B) AllocSpace objects, 0(0B) LOS objects, 30% free, 37MB/53MB, paused 480us total 79.673ms
08-06 02:03:11.466 21902 22237 I art     : Starting a blocking GC Explicit
08-06 02:03:11.546 21902 22237 I art     : Explicit concurrent mark sweep GC freed 3(96B) AllocSpace objects, 0(0B) LOS objects, 30% free, 37MB/53MB, paused 481us total 80.017ms
08-06 02:03:11.572 21902 22237 I art     : Starting a blocking GC Explicit
08-06 02:03:11.652 21902 22237 I art     : Explicit concurrent mark sweep GC freed 3(96B) AllocSpace objects, 0(0B) LOS objects, 30% free, 37MB/53MB, paused 491us total 79.050ms
08-06 02:03:12.023 21902 22447 I art     : Starting a blocking GC Explicit
08-06 02:03:12.118 21902 22447 I art     : Explicit concurrent mark sweep GC freed 1305(75KB) AllocSpace objects, 1(20KB) LOS objects, 30% free, 37MB/53MB, paused 578us total 95.420ms
08-06 02:03:12.144 21902 22447 I art     : Starting a blocking GC Explicit
08-06 02:03:12.228 21902 22447 I art     : Explicit concurrent mark sweep GC freed 48(2400B) AllocSpace objects, 0(0B) LOS objects, 30% free, 37MB/53MB, paused 485us total 83.861ms
08-06 02:03:12.253 21902 22447 I art     : Starting a blocking GC Explicit
08-06 02:03:12.330 21902 22447 I art     : Explicit concurrent mark sweep GC freed 11(384B) AllocSpace objects, 0(0B) LOS objects, 30% free, 37MB/53MB, paused 485us total 77.133ms
08-06 02:03:12.355 21902 22447 I art     : Starting a blocking GC Explicit
08-06 02:03:12.435 21902 22447 I art     : Explicit concurrent mark sweep GC freed 4(160B) AllocSpace objects, 0(0B) LOS objects, 30% free, 37MB/53MB, paused 489us total 79.343ms
08-06 02:03:12.460 21902 22447 I art     : Starting a blocking GC Explicit
08-06 02:03:12.541 21902 22447 I art     : Explicit concurrent mark sweep GC freed 3(96B) AllocSpace objects, 0(0B) LOS objects, 30% free, 37MB/53MB, paused 481us total 80.653ms
08-06 02:03:12.900 21902 22237 I art     : Starting a blocking GC Explicit
08-06 02:03:12.996 21902 22237 I art     : Explicit concurrent mark sweep GC freed 1294(75KB) AllocSpace objects, 1(20KB) LOS objects, 30% free, 37MB/53MB, paused 450us total 94.893ms
08-06 02:03:13.021 21902 22237 I art     : Starting a blocking GC Explicit
08-06 02:03:13.104 21902 22237 I art     : Explicit concurrent mark sweep GC freed 18(624B) AllocSpace objects, 0(0B) LOS objects, 30% free, 37MB/53MB, paused 477us total 81.935ms
08-06 02:03:13.130 21902 22237 I art     : Starting a blocking GC Explicit
08-06 02:03:13.208 21902 22237 I art     : Explicit concurrent mark sweep GC freed 3(96B) AllocSpace objects, 0(0B) LOS objects, 30% free, 37MB/53MB, paused 543us total 77.630ms
08-06 02:03:13.233 21902 22237 I art     : Starting a blocking GC Explicit
08-06 02:03:13.301 21902 22237 I art     : Explicit concurrent mark sweep GC freed 3(96B) AllocSpace objects, 0(0B) LOS objects, 30% free, 37MB/53MB, paused 451us total 67.925ms
08-06 02:03:13.325 21902 22237 I art     : Starting a blocking GC Explicit
08-06 02:03:13.345 21940 22047 W FirebaseInstanceId: Token retrieval failed: SERVICE_NOT_AVAILABLE. Will retry token retrieval
08-06 02:03:13.396 21902 22237 I art     : Explicit concurrent mark sweep GC freed 3(96B) AllocSpace objects, 0(0B) LOS objects, 30% free, 37MB/53MB, paused 452us total 71.241ms
08-06 02:03:13.729 21902 21913 I art     : Starting a blocking GC Explicit
08-06 02:03:13.817 21902 21913 I art     : Explicit concurrent mark sweep GC freed 1293(75KB) AllocSpace objects, 1(20KB) LOS objects, 30% free, 37MB/53MB, paused 486us total 87.040ms
08-06 02:03:13.841 21902 21913 I art     : Starting a blocking GC Explicit
08-06 02:03:13.919 21902 21913 I art     : Explicit concurrent mark sweep GC freed 18(624B) AllocSpace objects, 0(0B) LOS objects, 30% free, 37MB/53MB, paused 467us total 77.157ms
08-06 02:03:13.944 21902 21913 I art     : Starting a blocking GC Explicit
08-06 02:03:13.968 22807 22807 D AndroidRuntime: >>>>>> START com.android.internal.os.RuntimeInit uid 2000 <<<<<<
08-06 02:03:13.973 22807 22807 D AndroidRuntime: CheckJNI is OFF
08-06 02:03:14.017 21902 21913 I art     : Explicit concurrent mark sweep GC freed 3(96B) AllocSpace objects, 0(0B) LOS objects, 30% free, 37MB/53MB, paused 471us total 72.671ms
08-06 02:03:14.018 22807 22807 D ICU     : No timezone override file found: /data/misc/zoneinfo/current/icu/icu_tzdata.dat
08-06 02:03:14.041 21902 21913 I art     : Starting a blocking GC Explicit
08-06 02:03:14.064 22807 22807 I Radio-JNI: register_android_hardware_Radio DONE
08-06 02:03:14.081   918  3261 D WifiStateMachine: starting scan for "H369AA63323"WPA_PSK with 2412,5180
08-06 02:03:14.094 22807 22807 D AndroidRuntime: Calling main entry com.android.commands.input.Input
08-06 02:03:14.097 22807 22807 I Input   : injectMotionEvent: MotionEvent { action=ACTION_DOWN, actionButton=0, id[0]=0, x[0]=558.0, y[0]=368.0, toolType[0]=TOOL_TYPE_UNKNOWN, buttonState=0, metaState=0, flags=0x0, edgeFlags=0x0, pointerCount=1, historySize=0, eventTime=842610509, downTime=842610509, deviceId=0, source=0x1002 }
08-06 02:03:14.103 22807 22807 I Input   : injectMotionEvent: MotionEvent { action=ACTION_UP, actionButton=0, id[0]=0, x[0]=558.0, y[0]=368.0, toolType[0]=TOOL_TYPE_UNKNOWN, buttonState=0, metaState=0, flags=0x0, edgeFlags=0x0, pointerCount=1, historySize=0, eventTime=842610509, downTime=842610509, deviceId=0, source=0x1002 }
08-06 02:03:14.104 22807 22807 D AndroidRuntime: Shutting down VM
08-06 02:03:14.114 21902 21913 I art     : Explicit concurrent mark sweep GC freed 22(688B) AllocSpace objects, 0(0B) LOS objects, 30% free, 37MB/53MB, paused 514us total 72.369ms
08-06 02:03:14.138 21902 21913 I art     : Starting a blocking GC Explicit
08-06 02:03:14.204 21902 21913 I art     : Explicit concurrent mark sweep GC freed 714(83KB) AllocSpace objects, 0(0B) LOS objects, 30% free, 37MB/53MB, paused 553us total 65.403ms
08-06 02:03:14.508 21902 22237 I art     : Starting a blocking GC Explicit
08-06 02:03:14.586 21902 22237 I art     : Explicit concurrent mark sweep GC freed 1841(103KB) AllocSpace objects, 1(20KB) LOS objects, 30% free, 37MB/53MB, paused 431us total 76.912ms
08-06 02:03:14.610 21902 22237 I art     : Starting a blocking GC Explicit
08-06 02:03:14.676 21902 22237 I art     : Explicit concurrent mark sweep GC freed 50(2048B) AllocSpace objects, 0(0B) LOS objects, 30% free, 37MB/53MB, paused 419us total 65.668ms
08-06 02:03:14.677 21902 21912 I art     : WaitForGcToComplete blocked for 57.632ms for cause HeapTrim
08-06 02:03:14.702 21902 22237 I art     : Starting a blocking GC Explicit
08-06 02:03:14.768 21902 22237 I art     : Explicit concurrent mark sweep GC freed 17(544B) AllocSpace objects, 0(0B) LOS objects, 30% free, 37MB/53MB, paused 703us total 65.919ms
08-06 02:03:14.791 21902 22237 I art     : Starting a blocking GC Explicit
08-06 02:03:14.852 21902 22237 I art     : Explicit concurrent mark sweep GC freed 10(384B) AllocSpace objects, 0(0B) LOS objects, 30% free, 37MB/53MB, paused 411us total 61.095ms
08-06 02:03:14.873 21902 22237 I art     : Starting a blocking GC Explicit
08-06 02:03:14.937 21902 22237 I art     : Explicit concurrent mark sweep GC freed 3(96B) AllocSpace objects, 0(0B) LOS objects, 30% free, 37MB/53MB, paused 518us total 63.625ms
08-06 02:03:15.245 21902 22447 I art     : Starting a blocking GC Explicit
08-06 02:03:15.319 21902 22447 I art     : Explicit concurrent mark sweep GC freed 1293(75KB) AllocSpace objects, 1(20KB) LOS objects, 30% free, 37MB/53MB, paused 442us total 73.873ms
08-06 02:03:15.343 21902 22447 I art     : Starting a blocking GC Explicit
08-06 02:03:15.411 21902 22447 I art     : Explicit concurrent mark sweep GC freed 18(624B) AllocSpace objects, 0(0B) LOS objects, 30% free, 37MB/53MB, paused 467us total 67.202ms
08-06 02:03:15.434 21902 22447 I art     : Starting a blocking GC Explicit
08-06 02:03:15.505 21902 22447 I art     : Explicit concurrent mark sweep GC freed 3(96B) AllocSpace objects, 0(0B) LOS objects, 30% free, 37MB/53MB, paused 467us total 71.193ms
08-06 02:03:15.529 21902 22447 I art     : Starting a blocking GC Explicit
08-06 02:03:15.602 21902 22447 I art     : Explicit concurrent mark sweep GC freed 3(96B) AllocSpace objects, 0(0B) LOS objects, 30% free, 37MB/53MB, paused 476us total 72.096ms
08-06 02:03:15.626 21902 22447 I art     : Starting a blocking GC Explicit
08-06 02:03:15.697 21902 22447 I art     : Explicit concurrent mark sweep GC freed 3(96B) AllocSpace objects, 0(0B) LOS objects, 30% free, 37MB/53MB, paused 463us total 70.523ms
08-06 02:03:15.887 22854 22854 D AndroidRuntime: >>>>>> START com.android.internal.os.RuntimeInit uid 2000 <<<<<<
08-06 02:03:15.893 22854 22854 D AndroidRuntime: CheckJNI is OFF
08-06 02:03:15.931 22854 22854 D ICU     : No timezone override file found: /data/misc/zoneinfo/current/icu/icu_tzdata.dat
08-06 02:03:15.971 22854 22854 I Radio-JNI: register_android_hardware_Radio DONE
08-06 02:03:16.000 22854 22854 D AndroidRuntime: Calling main entry com.android.commands.input.Input
08-06 02:03:16.003 22854 22854 I Input   : injectMotionEvent: MotionEvent { action=ACTION_DOWN, actionButton=0, id[0]=0, x[0]=945.0, y[0]=1376.0, toolType[0]=TOOL_TYPE_UNKNOWN, buttonState=0, metaState=0, flags=0x0, edgeFlags=0x0, pointerCount=1, historySize=0, eventTime=842612415, downTime=842612415, deviceId=0, source=0x1002 }
08-06 02:03:16.008 22854 22854 I Input   : injectMotionEvent: MotionEvent { action=ACTION_UP, actionButton=0, id[0]=0, x[0]=945.0, y[0]=1376.0, toolType[0]=TOOL_TYPE_UNKNOWN, buttonState=0, metaState=0, flags=0x0, edgeFlags=0x0, pointerCount=1, historySize=0, eventTime=842612415, downTime=842612415, deviceId=0, source=0x1002 }
08-06 02:03:16.010 22854 22854 D AndroidRuntime: Shutting down VM
08-06 02:03:16.030 21902 22447 I art     : Starting a blocking GC Explicit
08-06 02:03:16.076   512  2967 D audio_hw_primary: out_set_parameters: enter: usecase(1: low-latency-playback) kvpairs: routing=2
08-06 02:03:16.087 13866 13866 I GoogleInputMethodServic: GoogleInputMethodService.onFinishInput():3138 
08-06 02:03:16.088 13866 13866 I GoogleInputMethodServic: GoogleInputMethodService.onStartInput():1808 
08-06 02:03:16.089   512  2967 D audio_hw_primary: select_devices: out_snd_device(2: speaker) in_snd_device(0: none)
08-06 02:03:16.089   512  2967 D msm8974_platform: platform_send_audio_calibration: sending audio calibration for snd_device(2) acdb_id(15)
08-06 02:03:16.089   512  2967 I soundtrigger: audio_extn_sound_trigger_update_device_status: device 0x2 of type 0 for Event 1
08-06 02:03:16.102 13866 13866 I GoogleInputMethodServic: GoogleInputMethodService.onFinishInput():3138 
08-06 02:03:16.103 13866 13866 I GoogleInputMethodServic: GoogleInputMethodService.onStartInput():1808 
08-06 02:03:16.103   512  2967 D audio_hw_primary: enable_snd_device: snd_device(2: speaker)
08-06 02:03:16.106   512  2967 D audio_hw_primary: enable_audio_route: apply and update mixer path: low-latency-playback speaker
08-06 02:03:16.109 21902 22447 I art     : Explicit concurrent mark sweep GC freed 1712(97KB) AllocSpace objects, 1(20KB) LOS objects, 30% free, 37MB/53MB, paused 721us total 78.430ms
08-06 02:03:16.136 21902 22447 I art     : Starting a blocking GC Explicit
08-06 02:03:16.208 21902 22447 I art     : Explicit concurrent mark sweep GC freed 628(35KB) AllocSpace objects, 0(0B) LOS objects, 30% free, 37MB/53MB, paused 548us total 71.674ms
08-06 02:03:16.231 21902 22447 I art     : Starting a blocking GC Explicit
08-06 02:03:16.300 21902 22447 I art     : Explicit concurrent mark sweep GC freed 678(62KB) AllocSpace objects, 0(0B) LOS objects, 30% free, 37MB/53MB, paused 442us total 69.090ms
08-06 02:03:16.324 21902 22447 I art     : Starting a blocking GC Explicit
08-06 02:03:16.393 21902 22447 I art     : Explicit concurrent mark sweep GC freed 5(192B) AllocSpace objects, 0(0B) LOS objects, 30% free, 37MB/53MB, paused 424us total 68.530ms
08-06 02:03:16.416 21902 22447 I art     : Starting a blocking GC Explicit
08-06 02:03:16.422 21902 21917 D OpenGLRenderer: endAllStagingAnimators on 0x7f78cddc00 (ListPopupWindow$DropDownListView) with handle 0x7f79ee4820
08-06 02:03:16.482 21902 22447 I art     : Explicit concurrent mark sweep GC freed 31(1248B) AllocSpace objects, 0(0B) LOS objects, 30% free, 37MB/53MB, paused 468us total 65.192ms
08-06 02:03:16.650   512  2967 D audio_hw_primary: disable_audio_route: reset and update mixer path: low-latency-playback speaker
08-06 02:03:16.652   512  2967 D audio_hw_primary: disable_snd_device: snd_device(2: speaker)
08-06 02:03:16.660   512  2967 I soundtrigger: audio_extn_sound_trigger_update_device_status: device 0x2 of type 0 for Event 0
08-06 02:03:16.820 21902 22237 I art     : Starting a blocking GC Explicit
08-06 02:03:16.920 21902 22237 I art     : Explicit concurrent mark sweep GC freed 1513(85KB) AllocSpace objects, 1(20KB) LOS objects, 30% free, 37MB/53MB, paused 545us total 99.435ms
08-06 02:03:16.948 21902 22237 I art     : Starting a blocking GC Explicit
08-06 02:03:17.022 21902 22237 I art     : Explicit concurrent mark sweep GC freed 442(32KB) AllocSpace objects, 0(0B) LOS objects, 30% free, 37MB/53MB, paused 477us total 74.027ms
08-06 02:03:17.046 21902 22237 I art     : Starting a blocking GC Explicit
08-06 02:03:17.115 21902 22237 I art     : Explicit concurrent mark sweep GC freed 3(96B) AllocSpace objects, 0(0B) LOS objects, 30% free, 37MB/53MB, paused 418us total 68.821ms
08-06 02:03:17.137 21902 22237 I art     : Starting a blocking GC Explicit
08-06 02:03:17.197 21902 22237 I art     : Explicit concurrent mark sweep GC freed 3(96B) AllocSpace objects, 0(0B) LOS objects, 30% free, 37MB/53MB, paused 417us total 59.759ms
08-06 02:03:17.219 21902 22237 I art     : Starting a blocking GC Explicit
08-06 02:03:17.283 21902 22237 I art     : Explicit concurrent mark sweep GC freed 3(96B) AllocSpace objects, 0(0B) LOS objects, 30% free, 37MB/53MB, paused 455us total 64.030ms
08-06 02:03:17.596 21902 22504 I art     : Starting a blocking GC Explicit
08-06 02:03:17.671 21902 22504 I art     : Explicit concurrent mark sweep GC freed 1293(75KB) AllocSpace objects, 1(20KB) LOS objects, 30% free, 37MB/53MB, paused 480us total 74.914ms
08-06 02:03:17.696 21902 22504 I art     : Starting a blocking GC Explicit
08-06 02:03:17.771 21902 22504 I art     : Explicit concurrent mark sweep GC freed 32(1072B) AllocSpace objects, 0(0B) LOS objects, 30% free, 37MB/53MB, paused 504us total 74.615ms
08-06 02:03:17.778 22887 22887 D AndroidRuntime: >>>>>> START com.android.internal.os.RuntimeInit uid 2000 <<<<<<
08-06 02:03:17.784 22887 22887 D AndroidRuntime: CheckJNI is OFF
08-06 02:03:17.795 21902 22504 I art     : Starting a blocking GC Explicit
08-06 02:03:17.828 22887 22887 D ICU     : No timezone override file found: /data/misc/zoneinfo/current/icu/icu_tzdata.dat
08-06 02:03:17.870 21902 22504 I art     : Explicit concurrent mark sweep GC freed 3(96B) AllocSpace objects, 0(0B) LOS objects, 30% free, 37MB/53MB, paused 486us total 74.719ms
08-06 02:03:17.875 22887 22887 I Radio-JNI: register_android_hardware_Radio DONE
08-06 02:03:17.895 21902 22504 I art     : Starting a blocking GC Explicit
08-06 02:03:17.907 22887 22887 D AndroidRuntime: Calling main entry com.android.commands.input.Input
08-06 02:03:17.908 22887 22887 I Input   : injectMotionEvent: MotionEvent { action=ACTION_DOWN, actionButton=0, id[0]=0, x[0]=481.0, y[0]=544.0, toolType[0]=TOOL_TYPE_UNKNOWN, buttonState=0, metaState=0, flags=0x0, edgeFlags=0x0, pointerCount=1, historySize=0, eventTime=842614321, downTime=842614321, deviceId=0, source=0x1002 }
08-06 02:03:17.918 22887 22887 I Input   : injectMotionEvent: MotionEvent { action=ACTION_UP, actionButton=0, id[0]=0, x[0]=481.0, y[0]=544.0, toolType[0]=TOOL_TYPE_UNKNOWN, buttonState=0, metaState=0, flags=0x0, edgeFlags=0x0, pointerCount=1, historySize=0, eventTime=842614321, downTime=842614321, deviceId=0, source=0x1002 }
08-06 02:03:17.920 22887 22887 D AndroidRuntime: Shutting down VM
08-06 02:03:17.965 21902 22504 I art     : Explicit concurrent mark sweep GC freed 152(6KB) AllocSpace objects, 0(0B) LOS objects, 30% free, 37MB/53MB, paused 546us total 69.889ms
08-06 02:03:17.987 21902 22504 I art     : Starting a blocking GC Explicit
08-06 02:03:18.057 21902 22504 I art     : Explicit concurrent mark sweep GC freed 615(27KB) AllocSpace objects, 0(0B) LOS objects, 30% free, 37MB/53MB, paused 574us total 69.585ms
08-06 02:03:18.368 21902 22447 I art     : Starting a blocking GC Explicit
08-06 02:03:18.433 21902 22447 I art     : Explicit concurrent mark sweep GC freed 1685(93KB) AllocSpace objects, 1(20KB) LOS objects, 30% free, 37MB/53MB, paused 450us total 64.569ms
08-06 02:03:18.457 21902 22447 I art     : Starting a blocking GC Explicit
08-06 02:03:18.522 21902 22447 I art     : Explicit concurrent mark sweep GC freed 44(1552B) AllocSpace objects, 0(0B) LOS objects, 30% free, 37MB/53MB, paused 434us total 65.363ms
08-06 02:03:18.547 21902 22447 I art     : Starting a blocking GC Explicit
08-06 02:03:18.614 21902 22447 I art     : Explicit concurrent mark sweep GC freed 9(320B) AllocSpace objects, 0(0B) LOS objects, 30% free, 37MB/53MB, paused 429us total 66.774ms
08-06 02:03:18.638 21902 22447 I art     : Starting a blocking GC Explicit
08-06 02:03:18.712 21902 22447 I art     : Explicit concurrent mark sweep GC freed 6(224B) AllocSpace objects, 0(0B) LOS objects, 30% free, 37MB/53MB, paused 482us total 74.490ms
08-06 02:03:18.737 21902 22447 I art     : Starting a blocking GC Explicit
08-06 02:03:18.814 21902 22447 I art     : Explicit concurrent mark sweep GC freed 3(96B) AllocSpace objects, 0(0B) LOS objects, 30% free, 37MB/53MB, paused 482us total 75.964ms
08-06 02:03:19.137 21902 22237 I art     : Starting a blocking GC Explicit
08-06 02:03:19.222 21902 22237 I art     : Explicit concurrent mark sweep GC freed 1293(75KB) AllocSpace objects, 1(20KB) LOS objects, 30% free, 37MB/53MB, paused 497us total 85.114ms
08-06 02:03:19.246 21902 22237 I art     : Starting a blocking GC Explicit
08-06 02:03:19.270 21369 21369 I ServiceManager: Waiting for service AtCmdFwd...
08-06 02:03:19.318 21902 22237 I art     : Explicit concurrent mark sweep GC freed 18(624B) AllocSpace objects, 0(0B) LOS objects, 30% free, 37MB/53MB, paused 482us total 71.496ms
08-06 02:03:19.341 21902 22237 I art     : Starting a blocking GC Explicit
08-06 02:03:19.415 21902 22237 I art     : Explicit concurrent mark sweep GC freed 3(96B) AllocSpace objects, 0(0B) LOS objects, 30% free, 37MB/53MB, paused 460us total 72.899ms
08-06 02:03:19.439 21902 22237 I art     : Starting a blocking GC Explicit
08-06 02:03:19.512 21902 22237 I art     : Explicit concurrent mark sweep GC freed 3(96B) AllocSpace objects, 0(0B) LOS objects, 30% free, 37MB/53MB, paused 470us total 73.147ms
08-06 02:03:19.536 21902 22237 I art     : Starting a blocking GC Explicit
08-06 02:03:19.612 21902 22237 I art     : Explicit concurrent mark sweep GC freed 6(192B) AllocSpace objects, 0(0B) LOS objects, 30% free, 37MB/53MB, paused 522us total 75.161ms
08-06 02:03:19.719 22930 22930 D AndroidRuntime: >>>>>> START com.android.internal.os.RuntimeInit uid 2000 <<<<<<
08-06 02:03:19.724 22930 22930 D AndroidRuntime: CheckJNI is OFF
08-06 02:03:19.767 22930 22930 D ICU     : No timezone override file found: /data/misc/zoneinfo/current/icu/icu_tzdata.dat
08-06 02:03:19.808 22930 22930 I Radio-JNI: register_android_hardware_Radio DONE
08-06 02:03:19.836 22930 22930 D AndroidRuntime: Calling main entry com.android.commands.input.Input
08-06 02:03:19.838 22930 22930 I Input   : injectMotionEvent: MotionEvent { action=ACTION_DOWN, actionButton=0, id[0]=0, x[0]=310.0, y[0]=906.0, toolType[0]=TOOL_TYPE_UNKNOWN, buttonState=0, metaState=0, flags=0x0, edgeFlags=0x0, pointerCount=1, historySize=0, eventTime=842616250, downTime=842616250, deviceId=0, source=0x1002 }
08-06 02:03:19.842 22930 22930 I Input   : injectMotionEvent: MotionEvent { action=ACTION_UP, actionButton=0, id[0]=0, x[0]=310.0, y[0]=906.0, toolType[0]=TOOL_TYPE_UNKNOWN, buttonState=0, metaState=0, flags=0x0, edgeFlags=0x0, pointerCount=1, historySize=0, eventTime=842616250, downTime=842616250, deviceId=0, source=0x1002 }
08-06 02:03:19.844 22930 22930 D AndroidRuntime: Shutting down VM
08-06 02:03:19.911   512  2967 D audio_hw_primary: out_set_parameters: enter: usecase(1: low-latency-playback) kvpairs: routing=2
08-06 02:03:19.924   512  2967 D audio_hw_primary: select_devices: out_snd_device(2: speaker) in_snd_device(0: none)
08-06 02:03:19.924   512  2967 D msm8974_platform: platform_send_audio_calibration: sending audio calibration for snd_device(2) acdb_id(15)
08-06 02:03:19.924   512  2967 I soundtrigger: audio_extn_sound_trigger_update_device_status: device 0x2 of type 0 for Event 1
08-06 02:03:19.928 13866 13866 I GoogleInputMethodServic: GoogleInputMethodService.onFinishInput():3138 
08-06 02:03:19.928 13866 13866 I GoogleInputMethodServic: GoogleInputMethodService.onStartInput():1808 
08-06 02:03:19.939   512  2967 D audio_hw_primary: enable_snd_device: snd_device(2: speaker)
08-06 02:03:19.942   512  2967 D audio_hw_primary: enable_audio_route: apply and update mixer path: low-latency-playback speaker
08-06 02:03:19.944 13866 13866 I GoogleInputMethodServic: GoogleInputMethodService.onFinishInput():3138 
08-06 02:03:19.945 13866 13866 I GoogleInputMethodServic: GoogleInputMethodService.onStartInput():1808 
08-06 02:03:19.950 21902 21914 I art     : Starting a blocking GC Explicit
08-06 02:03:20.029 21902 21914 I art     : Explicit concurrent mark sweep GC freed 2185(118KB) AllocSpace objects, 1(20KB) LOS objects, 30% free, 37MB/53MB, paused 682us total 77.868ms
08-06 02:03:20.054 21902 21914 I art     : Starting a blocking GC Explicit
08-06 02:03:20.119 21902 21914 I art     : Explicit concurrent mark sweep GC freed 817(66KB) AllocSpace objects, 0(0B) LOS objects, 30% free, 37MB/53MB, paused 440us total 64.892ms
08-06 02:03:20.142 21902 21914 I art     : Starting a blocking GC Explicit
08-06 02:03:20.208 21902 21914 I art     : Explicit concurrent mark sweep GC freed 5(160B) AllocSpace objects, 0(0B) LOS objects, 30% free, 37MB/53MB, paused 492us total 66.177ms
08-06 02:03:20.231 21902 21914 I art     : Starting a blocking GC Explicit
08-06 02:03:20.257 21902 21917 D OpenGLRenderer: endAllStagingAnimators on 0x7f801fe000 (ListPopupWindow$DropDownListView) with handle 0x7f7a7fb3c0
08-06 02:03:20.271 21369 21369 I ServiceManager: Waiting for service AtCmdFwd...
08-06 02:03:20.296 21902 21914 I art     : Explicit concurrent mark sweep GC freed 105(4KB) AllocSpace objects, 0(0B) LOS objects, 30% free, 37MB/53MB, paused 465us total 65.404ms
08-06 02:03:20.320 21902 21914 I art     : Starting a blocking GC Explicit
08-06 02:03:20.391 21902 21914 I art     : Explicit concurrent mark sweep GC freed 29(1216B) AllocSpace objects, 0(0B) LOS objects, 30% free, 37MB/53MB, paused 475us total 70.687ms
08-06 02:03:20.489   512  2967 D audio_hw_primary: disable_audio_route: reset and update mixer path: low-latency-playback speaker
08-06 02:03:20.490   512  2967 D audio_hw_primary: disable_snd_device: snd_device(2: speaker)
08-06 02:03:20.498   512  2967 I soundtrigger: audio_extn_sound_trigger_update_device_status: device 0x2 of type 0 for Event 0
08-06 02:03:20.727 21902 22504 I art     : Starting a blocking GC Explicit
08-06 02:03:20.825 21902 22504 I art     : Explicit concurrent mark sweep GC freed 1770(107KB) AllocSpace objects, 1(20KB) LOS objects, 30% free, 37MB/53MB, paused 512us total 97.685ms
08-06 02:03:20.849 21902 22504 I art     : Starting a blocking GC Explicit
08-06 02:03:20.921 21902 22504 I art     : Explicit concurrent mark sweep GC freed 18(624B) AllocSpace objects, 0(0B) LOS objects, 30% free, 37MB/53MB, paused 466us total 71.658ms
08-06 02:03:20.945 21902 22504 I art     : Starting a blocking GC Explicit
08-06 02:03:21.023 21902 22504 I art     : Explicit concurrent mark sweep GC freed 3(96B) AllocSpace objects, 0(0B) LOS objects, 30% free, 37MB/53MB, paused 470us total 77.221ms
08-06 02:03:21.048 21902 22504 I art     : Starting a blocking GC Explicit
08-06 02:03:21.119 21902 22504 I art     : Explicit concurrent mark sweep GC freed 3(96B) AllocSpace objects, 0(0B) LOS objects, 30% free, 37MB/53MB, paused 465us total 70.956ms
08-06 02:03:21.143 21902 22504 I art     : Starting a blocking GC Explicit
08-06 02:03:21.213 21902 22504 I art     : Explicit concurrent mark sweep GC freed 3(96B) AllocSpace objects, 0(0B) LOS objects, 30% free, 37MB/53MB, paused 473us total 70.104ms
08-06 02:03:21.271 21369 21369 I ServiceManager: Waiting for service AtCmdFwd...
08-06 02:03:21.523 21902 22237 I art     : Starting a blocking GC Explicit
08-06 02:03:21.608 21902 22237 I art     : Explicit concurrent mark sweep GC freed 1293(75KB) AllocSpace objects, 1(20KB) LOS objects, 30% free, 37MB/53MB, paused 534us total 85.452ms
08-06 02:03:21.622 22963 22963 D AndroidRuntime: >>>>>> START com.android.internal.os.RuntimeInit uid 2000 <<<<<<
08-06 02:03:21.628 22963 22963 D AndroidRuntime: CheckJNI is OFF
08-06 02:03:21.634 21902 22237 I art     : Starting a blocking GC Explicit
08-06 02:03:21.670 22963 22963 D ICU     : No timezone override file found: /data/misc/zoneinfo/current/icu/icu_tzdata.dat
08-06 02:03:21.706 21902 22237 I art     : Explicit concurrent mark sweep GC freed 18(624B) AllocSpace objects, 0(0B) LOS objects, 30% free, 37MB/53MB, paused 510us total 72.013ms
08-06 02:03:21.718 22963 22963 I Radio-JNI: register_android_hardware_Radio DONE
08-06 02:03:21.730 21902 22237 I art     : Starting a blocking GC Explicit
08-06 02:03:21.748 22963 22963 D AndroidRuntime: Calling main entry com.android.commands.input.Input
08-06 02:03:21.750 22963 22963 I Input   : injectMotionEvent: MotionEvent { action=ACTION_DOWN, actionButton=0, id[0]=0, x[0]=648.0, y[0]=709.0, toolType[0]=TOOL_TYPE_UNKNOWN, buttonState=0, metaState=0, flags=0x0, edgeFlags=0x0, pointerCount=1, historySize=0, eventTime=842618163, downTime=842618163, deviceId=0, source=0x1002 }
08-06 02:03:21.758 22963 22963 I Input   : injectMotionEvent: MotionEvent { action=ACTION_UP, actionButton=0, id[0]=0, x[0]=648.0, y[0]=709.0, toolType[0]=TOOL_TYPE_UNKNOWN, buttonState=0, metaState=0, flags=0x0, edgeFlags=0x0, pointerCount=1, historySize=0, eventTime=842618163, downTime=842618163, deviceId=0, source=0x1002 }
08-06 02:03:21.760 22963 22963 D AndroidRuntime: Shutting down VM
08-06 02:03:21.805 21902 22237 I art     : Explicit concurrent mark sweep GC freed 19(720B) AllocSpace objects, 0(0B) LOS objects, 30% free, 37MB/53MB, paused 499us total 74.322ms
08-06 02:03:21.828   512  2967 D audio_hw_primary: out_set_parameters: enter: usecase(1: low-latency-playback) kvpairs: routing=2
08-06 02:03:21.829 21902 22237 I art     : Starting a blocking GC Explicit
08-06 02:03:21.841   512  2967 D audio_hw_primary: select_devices: out_snd_device(2: speaker) in_snd_device(0: none)
08-06 02:03:21.841   512  2967 D msm8974_platform: platform_send_audio_calibration: sending audio calibration for snd_device(2) acdb_id(15)
08-06 02:03:21.841   512  2967 I soundtrigger: audio_extn_sound_trigger_update_device_status: device 0x2 of type 0 for Event 1
08-06 02:03:21.850   512  2967 D audio_hw_primary: enable_snd_device: snd_device(2: speaker)
08-06 02:03:21.852   512  2967 D audio_hw_primary: enable_audio_route: apply and update mixer path: low-latency-playback speaker
08-06 02:03:21.898 21902 22237 I art     : Explicit concurrent mark sweep GC freed 645(52KB) AllocSpace objects, 1(20KB) LOS objects, 30% free, 37MB/53MB, paused 756us total 68.270ms
08-06 02:03:21.923 21902 22237 I art     : Starting a blocking GC Explicit
08-06 02:03:21.993 21902 22237 I art     : Explicit concurrent mark sweep GC freed 239(10KB) AllocSpace objects, 0(0B) LOS objects, 30% free, 37MB/53MB, paused 495us total 70.506ms
08-06 02:03:22.272 21369 21369 I ServiceManager: Waiting for service AtCmdFwd...
08-06 02:03:22.321 21902 22237 I art     : Starting a blocking GC Explicit
08-06 02:03:22.390   512  2967 D audio_hw_primary: disable_audio_route: reset and update mixer path: low-latency-playback speaker
08-06 02:03:22.391   512  2967 D audio_hw_primary: disable_snd_device: snd_device(2: speaker)
08-06 02:03:22.400   512  2967 I soundtrigger: audio_extn_sound_trigger_update_device_status: device 0x2 of type 0 for Event 0
08-06 02:03:22.412 21902 22237 I art     : Explicit concurrent mark sweep GC freed 1299(75KB) AllocSpace objects, 1(20KB) LOS objects, 30% free, 37MB/53MB, paused 427us total 90.863ms
08-06 02:03:22.441 21902 22237 I art     : Starting a blocking GC Explicit
08-06 02:03:22.521 21902 22237 I art     : Explicit concurrent mark sweep GC freed 24(816B) AllocSpace objects, 0(0B) LOS objects, 30% free, 37MB/53MB, paused 487us total 79.701ms
08-06 02:03:22.551 21902 22237 I art     : Starting a blocking GC Explicit
08-06 02:03:22.631 21902 22237 I art     : Explicit concurrent mark sweep GC freed 5(160B) AllocSpace objects, 0(0B) LOS objects, 30% free, 37MB/53MB, paused 431us total 79.257ms
08-06 02:03:22.660 21902 22237 I art     : Starting a blocking GC Explicit
08-06 02:03:22.736 21902 22237 I art     : Explicit concurrent mark sweep GC freed 3(96B) AllocSpace objects, 0(0B) LOS objects, 30% free, 37MB/53MB, paused 475us total 75.379ms
08-06 02:03:22.760 21902 22237 I art     : Starting a blocking GC Explicit
08-06 02:03:22.837 21902 22237 I art     : Explicit concurrent mark sweep GC freed 5(160B) AllocSpace objects, 0(0B) LOS objects, 30% free, 37MB/53MB, paused 480us total 76.593ms
08-06 02:03:23.147 21902 21914 I art     : Starting a blocking GC Explicit
08-06 02:03:23.230 21902 21914 I art     : Explicit concurrent mark sweep GC freed 1293(75KB) AllocSpace objects, 1(20KB) LOS objects, 30% free, 37MB/53MB, paused 490us total 83.586ms
08-06 02:03:23.254 21902 21914 I art     : Starting a blocking GC Explicit
08-06 02:03:23.272 21369 21369 I ServiceManager: Waiting for service AtCmdFwd...
08-06 02:03:23.327 21902 21914 I art     : Explicit concurrent mark sweep GC freed 18(624B) AllocSpace objects, 0(0B) LOS objects, 30% free, 37MB/53MB, paused 509us total 72.763ms
08-06 02:03:23.352 21902 21914 I art     : Starting a blocking GC Explicit
08-06 02:03:23.419 21902 21914 I art     : Explicit concurrent mark sweep GC freed 3(96B) AllocSpace objects, 0(0B) LOS objects, 30% free, 37MB/53MB, paused 471us total 67.559ms
08-06 02:03:23.444 21902 21914 I art     : Starting a blocking GC Explicit
08-06 02:03:23.529 21902 21914 I art     : Explicit concurrent mark sweep GC freed 11(352B) AllocSpace objects, 0(0B) LOS objects, 30% free, 37MB/53MB, paused 621us total 84.618ms
08-06 02:03:23.559 21902 21914 I art     : Starting a blocking GC Explicit
08-06 02:03:23.559 22998 22998 D AndroidRuntime: >>>>>> START com.android.internal.os.RuntimeInit uid 2000 <<<<<<
08-06 02:03:23.566 22998 22998 D AndroidRuntime: CheckJNI is OFF
08-06 02:03:23.611 22998 22998 D ICU     : No timezone override file found: /data/misc/zoneinfo/current/icu/icu_tzdata.dat
08-06 02:03:23.635 21902 21914 I art     : Explicit concurrent mark sweep GC freed 16(512B) AllocSpace objects, 0(0B) LOS objects, 30% free, 37MB/53MB, paused 492us total 75.538ms
08-06 02:03:23.659 22998 22998 I Radio-JNI: register_android_hardware_Radio DONE
08-06 02:03:23.687 22998 22998 D AndroidRuntime: Calling main entry com.android.commands.input.Input
08-06 02:03:23.690 22998 22998 I Input   : injectMotionEvent: MotionEvent { action=ACTION_DOWN, actionButton=0, id[0]=0, x[0]=1197.0, y[0]=1456.0, toolType[0]=TOOL_TYPE_UNKNOWN, buttonState=0, metaState=0, flags=0x0, edgeFlags=0x0, pointerCount=1, historySize=0, eventTime=842620102, downTime=842620102, deviceId=0, source=0x1002 }
08-06 02:03:23.696 22998 22998 I Input   : injectMotionEvent: MotionEvent { action=ACTION_UP, actionButton=0, id[0]=0, x[0]=1197.0, y[0]=1456.0, toolType[0]=TOOL_TYPE_UNKNOWN, buttonState=0, metaState=0, flags=0x0, edgeFlags=0x0, pointerCount=1, historySize=0, eventTime=842620102, downTime=842620102, deviceId=0, source=0x1002 }
08-06 02:03:23.698 22998 22998 D AndroidRuntime: Shutting down VM
08-06 02:03:23.714   512  2967 D audio_hw_primary: out_set_parameters: enter: usecase(1: low-latency-playback) kvpairs: routing=2
08-06 02:03:23.728   512  2967 D audio_hw_primary: select_devices: out_snd_device(2: speaker) in_snd_device(0: none)
08-06 02:03:23.728   512  2967 D msm8974_platform: platform_send_audio_calibration: sending audio calibration for snd_device(2) acdb_id(15)
08-06 02:03:23.728   512  2967 I soundtrigger: audio_extn_sound_trigger_update_device_status: device 0x2 of type 0 for Event 1
08-06 02:03:23.732 21902 21917 D OpenGLRenderer: endAllStagingAnimators on 0x7f9497a400 (RippleDrawable) with handle 0x7f7a094aa0
08-06 02:03:23.740   512  2967 D audio_hw_primary: enable_snd_device: snd_device(2: speaker)
08-06 02:03:23.742 21902 21902 I SettingsManager: Setting string: savedCourse
08-06 02:03:23.742   512  2967 D audio_hw_primary: enable_audio_route: apply and update mixer path: low-latency-playback speaker
08-06 02:03:23.749   918   928 W BackupManagerService: dataChanged but no participant pkg='baseline.com.ak.uobtimetable' uid=10710
08-06 02:03:23.750   918   929 I ActivityManager: START u0 {flg=0x4000000 cmp=baseline.com.ak.uobtimetable/.MainActivity (has extras)} from uid 10710 on display 0
08-06 02:03:23.764   918  3961 W InputMethodManagerService: Focus gain on non-focused client com.android.internal.view.IInputMethodClient$Stub$Proxy@c5e29c3 (uid=10710 pid=21902)
08-06 02:03:23.782 21902 21902 D MainActivity: OnDestroy
08-06 02:03:23.806 21902 21902 D MainActivity: onCreate
08-06 02:03:23.807 21902 21902 I SettingsManager: Getting string: savedSessions
08-06 02:03:23.807 21902 21902 I SettingsManager: Getting string: savedSessions
08-06 02:03:23.816 21902 21902 I SettingsManager: Getting string: savedSessionsCourseName
08-06 02:03:23.817 21902 21902 I SettingsManager: Getting string: savedSessionsCourseName
08-06 02:03:23.817 21902 21902 I SettingsManager: Getting string: savedSessionsDateRange
08-06 02:03:23.817 21902 21902 I SettingsManager: Getting string: savedSessionsDateRange
08-06 02:03:23.817 21902 21902 I Settings: 10 saved sessions - Bedfordshire International and EU Foundation Year - Int Foun - Ltn - Y0 Feb FT - Weeks: 24-38 (8 Jun 2020-20 Sep 2020)
08-06 02:03:23.861 21902 21902 I SettingsManager: Getting string: savedCourse
08-06 02:03:23.862 21902 21902 D MainActivity: sessionListFragmentArg: updateSessions
08-06 02:03:23.862 21902 21902 D MainActivity: showTermDatesConfigChange: false
08-06 02:03:23.862 21902 21902 D MainActivity: showTermDatesShortcut: false
08-06 02:03:23.863 21902 21902 D MainActivity: Setting initial fragment: SessionListsFragment
08-06 02:03:23.863 21902 21902 I SettingsManager: Getting int: launchCount
08-06 02:03:23.864 21902 21902 D SessionListsFragment: onCreateView
08-06 02:03:23.870 21902 21902 I SettingsManager: Getting string: savedCourse
08-06 02:03:23.874 21902 21902 I SettingsManager: Getting string: savedSessions
08-06 02:03:23.883 21902 21902 D SessionListsFragment: loadArgument: updateSessions
08-06 02:03:23.883 21902 21902 D SessionListsFragment: initialIndex: -1
08-06 02:03:23.887 21902 23040 D HTTP    : Request for: https://uob-timetable-api.adriankeenan.co.uk/sessions?dept=CM010&course=BSAIFAAF%2F02AA%2F0%2FFT&level=Foundation+Year
08-06 02:03:23.901 21902 21902 D TermDatesFragment: WebView loaded
08-06 02:03:23.901 21902 21902 D MainActivity: OnResume
08-06 02:03:23.950 21902 22504 I art     : Starting a blocking GC Explicit
08-06 02:03:23.981 21902 21902 I TermDatesFragment: Webview load %: 10
08-06 02:03:24.009   918   936 I ActivityManager: Displayed baseline.com.ak.uobtimetable/.MainActivity: +242ms
08-06 02:03:24.011 13866 13866 I GoogleInputMethodServic: GoogleInputMethodService.onFinishInput():3138 
08-06 02:03:24.011 13866 13866 I GoogleInputMethodServic: GoogleInputMethodService.onStartInput():1808 
08-06 02:03:24.027 21902 22504 I art     : Explicit concurrent mark sweep GC freed 22129(1071KB) AllocSpace objects, 4(1380KB) LOS objects, 29% free, 37MB/53MB, paused 752us total 76.680ms
08-06 02:03:24.054 21902 22504 I art     : Starting a blocking GC Explicit
08-06 02:03:24.115 21902 22504 I art     : Explicit concurrent mark sweep GC freed 40919(1856KB) AllocSpace objects, 4(240KB) LOS objects, 30% free, 36MB/52MB, paused 759us total 60.774ms
08-06 02:03:24.135 21902 22504 I art     : Starting a blocking GC Explicit
08-06 02:03:24.150 21902 21902 I TermDatesFragment: Webview load %: 70
08-06 02:03:24.155 21902 23040 I NAPPA_EXPERIMENTATION: MetricNetworkRequestExecutionTime: REQUEST_DURATION_SYSTEM='266',REQUEST_DURATION_OKHTTP='49',REQUEST_SYNCHRONOUS='TRUE',RESPONSE_CODE='200',RESPONSE_METHOD='GET',RESPONSE_LENGTH_OKHTTP='-1',RESPONSE_LENGTH_HEADER='1214',REQUEST_PROTOCOL='http/1.1',REQUEST_URL='https://uob-timetable-api.adriankeenan.co.uk/sessions?dept=CM010&course=BSAIFAAF%2F02AA%2F0%2FFT&level=Foundation+Year',
08-06 02:03:24.161 21902 21902 I TermDatesFragment: Webview load %: 100
08-06 02:03:24.161 21902 21902 I TermDatesFragment: Webview load %: 100
08-06 02:03:24.191 21902 22504 I art     : Explicit concurrent mark sweep GC freed 1236(140KB) AllocSpace objects, 0(0B) LOS objects, 30% free, 35MB/51MB, paused 556us total 55.001ms
08-06 02:03:24.199 21902 23040 I HTTP    : Response was compressed.
08-06 02:03:24.210 21902 22504 I art     : Starting a blocking GC Explicit
08-06 02:03:24.215 21902 23040 I Service : getSessions response time: 1.10
08-06 02:03:24.215 21902 21902 I SettingsManager: Getting string: savedSessions
08-06 02:03:24.216 21902 21902 I SettingsManager: Getting string: savedSessions
08-06 02:03:24.225 21902 21902 I Service : Sessions updated: 10
08-06 02:03:24.225 21902 21902 I Service : Sessions removed from new list: 0
08-06 02:03:24.234 21902 21902 I SettingsManager: Setting string: savedSessions
08-06 02:03:24.244   918  3359 W BackupManagerService: dataChanged but no participant pkg='baseline.com.ak.uobtimetable' uid=10710
08-06 02:03:24.244 21902 21902 I SettingsManager: Setting date: savedSessionsTime
08-06 02:03:24.251   918  6111 W BackupManagerService: dataChanged but no participant pkg='baseline.com.ak.uobtimetable' uid=10710
08-06 02:03:24.251 21902 21902 I SettingsManager: Setting string: savedSessionsCourseName
08-06 02:03:24.258   918  3670 W BackupManagerService: dataChanged but no participant pkg='baseline.com.ak.uobtimetable' uid=10710
08-06 02:03:24.258 21902 21902 I SettingsManager: Setting string: savedSessionsDateRange
08-06 02:03:24.258   918  6112 W BackupManagerService: dataChanged but no participant pkg='baseline.com.ak.uobtimetable' uid=10710
08-06 02:03:24.258 21902 21902 I SettingsManager: Setting string: timetableUrl
08-06 02:03:24.259   918  5132 W BackupManagerService: dataChanged but no participant pkg='baseline.com.ak.uobtimetable' uid=10710
08-06 02:03:24.259 21902 21902 I SettingsManager: Getting boolean: notifySessionRemindersEnabled
08-06 02:03:24.259 21902 21902 I SettingsManager: Getting int: notifySessionRemindersMinutes
08-06 02:03:24.259 21902 21902 I SettingsManager: Getting boolean: showHiddenSessions
08-06 02:03:24.261 21902 21902 I SessionReminderNotifier: Created session reminder alarm for f7b4771250a919bd729c1c5a4a459c77 at Mon 08:30:00 10/08/20
08-06 02:03:24.263 21902 21902 I SessionReminderNotifier: Created session reminder alarm for a7f879aabdeb78622c8820a5fb7b64cd at Tue 08:30:00 11/08/20
08-06 02:03:24.265 21902 21902 I SessionReminderNotifier: Created session reminder alarm for 7bc8d7e2c2055711f597c3d9078c6ea3 at Tue 08:30:00 11/08/20
08-06 02:03:24.268 21902 21902 I SessionReminderNotifier: Created session reminder alarm for 53c0527a6f009a1f2fd223834d3bfe51 at Tue 10:30:00 11/08/20
08-06 02:03:24.270 21902 21902 I SessionReminderNotifier: Created session reminder alarm for e0fc978b5db8218778540b4053344581 at Tue 11:00:00 11/08/20
08-06 02:03:24.271 21902 22504 I art     : Explicit concurrent mark sweep GC freed 16525(807KB) AllocSpace objects, 4(76KB) LOS objects, 30% free, 36MB/52MB, paused 781us total 60.485ms
08-06 02:03:24.272 21902 21902 I SessionReminderNotifier: Created session reminder alarm for 199afb0100f329ff65a09e1b0cd9deba at Tue 11:30:00 11/08/20
08-06 02:03:24.272 21369 21369 W Atfwd_Sendcmd: AtCmdFwd service not published, waiting... retryCnt : 4
08-06 02:03:24.274 21902 21902 I SessionReminderNotifier: Created session reminder alarm for 21712fef61090882c855a1425543edb5 at Tue 13:30:00 11/08/20
08-06 02:03:24.276 21902 21902 I SessionReminderNotifier: Created session reminder alarm for 65ca4d97f031f29a4d02bbb45a705d8f at Wed 08:30:00 12/08/20
08-06 02:03:24.279 21902 21902 I SessionReminderNotifier: Created session reminder alarm for eeda7741b0bcab58fd9f46dc6ef1d942 at Wed 08:30:00 12/08/20
08-06 02:03:24.279   512  2967 D audio_hw_primary: disable_audio_route: reset and update mixer path: low-latency-playback speaker
08-06 02:03:24.280   512  2967 D audio_hw_primary: disable_snd_device: snd_device(2: speaker)
08-06 02:03:24.281 21902 21902 I SessionReminderNotifier: Created session reminder alarm for c276c1b2075a0beb67f1b3d1e580f920 at Wed 11:00:00 12/08/20
08-06 02:03:24.283 21902 21902 I SessionReminderNotifier: Created session reminder alarm for 8b1f3627e42ae13a6f6ba0a83903dde1 at Wed 13:30:00 12/08/20
08-06 02:03:24.286 21902 21902 I SessionReminderNotifier: Created session reminder alarm for 79fe0b5c3b887a13ba29db5a33fa2800 at Thu 08:30:00 06/08/20
08-06 02:03:24.288 21902 21902 I SessionReminderNotifier: Created session reminder alarm for cb9dfc8231cdba2be0835dc5709690e1 at Thu 08:30:00 06/08/20
08-06 02:03:24.288   512  2967 I soundtrigger: audio_extn_sound_trigger_update_device_status: device 0x2 of type 0 for Event 0
08-06 02:03:24.289 21902 21902 I SessionReminderNotifier: Created session reminder alarm for f850dc24d6de60b7b89fa9e1a8c224c5 at Thu 12:00:00 06/08/20
08-06 02:03:24.291 21902 21902 I SessionReminderNotifier: Created session reminder alarm for 2ba1034116e4fffdd592dbf0796a43d5 at Fri 08:30:00 07/08/20
08-06 02:03:24.291 21902 21902 I SettingsManager: Getting boolean: showHiddenSessions
08-06 02:03:24.292 21902 21902 D SessionListsFragment: 1 sessions for day 0
08-06 02:03:24.292 21902 21902 D SessionListsFragment: 6 sessions for day 1
08-06 02:03:24.292 21902 21902 D SessionListsFragment: 4 sessions for day 2
08-06 02:03:24.292 21902 21902 D SessionListsFragment: 3 sessions for day 3
08-06 02:03:24.292 21902 22504 I art     : Starting a blocking GC Explicit
08-06 02:03:24.292 21902 21902 D SessionListsFragment: 1 sessions for day 4
08-06 02:03:24.337 21902 21902 I SettingsManager: Getting boolean: showHiddenSessions
08-06 02:03:24.338 21902 21902 D SessionListsFragment: Refreshed ViewPager
08-06 02:03:24.338 21902 21902 I SettingsManager: Getting boolean: showHiddenSessions
08-06 02:03:24.338 21902 21902 I SettingsManager: Getting boolean: completedTutorial
08-06 02:03:24.338 21902 21902 I SettingsManager: Getting boolean: showHiddenSessions
08-06 02:03:24.338 21902 21902 I SettingsManager: Getting date: savedSessionsTime
08-06 02:03:24.352 21902 22504 I art     : Explicit concurrent mark sweep GC freed 4363(219KB) AllocSpace objects, 1(16KB) LOS objects, 30% free, 36MB/52MB, paused 1.525ms total 59.899ms
08-06 02:03:24.675 21902 22237 I art     : Starting a blocking GC Explicit
08-06 02:03:24.774 21902 22237 I art     : Explicit concurrent mark sweep GC freed 137957(5MB) AllocSpace objects, 1(20KB) LOS objects, 29% free, 37MB/53MB, paused 1.512ms total 98.584ms
08-06 02:03:24.798 21902 22237 I art     : Starting a blocking GC Explicit
08-06 02:03:24.871 21902 22237 I art     : Explicit concurrent mark sweep GC freed 39264(1759KB) AllocSpace objects, 0(0B) LOS objects, 30% free, 37MB/53MB, paused 1.371ms total 72.773ms
08-06 02:03:24.894 21902 22237 I art     : Starting a blocking GC Explicit
08-06 02:03:24.975 21902 22237 I art     : Explicit concurrent mark sweep GC freed 33771(1403KB) AllocSpace objects, 0(0B) LOS objects, 29% free, 37MB/53MB, paused 1.515ms total 81.090ms
08-06 02:03:24.999 21902 22237 I art     : Starting a blocking GC Explicit
08-06 02:03:25.080 21902 22237 I art     : Explicit concurrent mark sweep GC freed 32063(1321KB) AllocSpace objects, 0(0B) LOS objects, 29% free, 37MB/53MB, paused 1.476ms total 80.023ms
08-06 02:03:25.080 21902 21912 I art     : WaitForGcToComplete blocked for 51.043ms for cause HeapTrim
08-06 02:03:25.104 21902 22237 I art     : Starting a blocking GC Explicit
08-06 02:03:25.180 21902 21902 I Choreographer: Skipped 49 frames!  The application may be doing too much work on its main thread.
08-06 02:03:25.185 21902 22237 I art     : Explicit concurrent mark sweep GC freed 35723(1456KB) AllocSpace objects, 0(0B) LOS objects, 29% free, 37MB/53MB, paused 1.014ms total 80.253ms
08-06 02:03:25.530 21902 21914 I art     : Starting a blocking GC Explicit
08-06 02:03:25.618 21902 21914 I art     : Explicit concurrent mark sweep GC freed 3095(200KB) AllocSpace objects, 1(20KB) LOS objects, 29% free, 37MB/53MB, paused 571us total 87.630ms
08-06 02:03:25.646 21902 21914 I art     : Starting a blocking GC Explicit
08-06 02:03:25.714 21902 21914 I art     : Explicit concurrent mark sweep GC freed 121767(11MB) AllocSpace objects, 3(136KB) LOS objects, 37% free, 26MB/42MB, paused 563us total 67.070ms
08-06 02:03:25.729 21902 21914 I art     : Starting a blocking GC Explicit
08-06 02:03:25.772 21902 21914 I art     : Explicit concurrent mark sweep GC freed 3(96B) AllocSpace objects, 0(0B) LOS objects, 37% free, 26MB/42MB, paused 554us total 42.703ms
08-06 02:03:25.788 21902 21914 I art     : Starting a blocking GC Explicit
08-06 02:03:25.834 21902 21914 I art     : Explicit concurrent mark sweep GC freed 3(96B) AllocSpace objects, 0(0B) LOS objects, 37% free, 26MB/42MB, paused 547us total 45.589ms
08-06 02:03:25.851 21902 21914 I art     : Starting a blocking GC Explicit
08-06 02:03:25.897 21902 21914 I art     : Explicit concurrent mark sweep GC freed 3(96B) AllocSpace objects, 0(0B) LOS objects, 37% free, 26MB/42MB, paused 548us total 46.150ms
08-06 02:03:26.225 21902 22237 I art     : Starting a blocking GC Explicit
08-06 02:03:26.270 21902 22237 I art     : Explicit concurrent mark sweep GC freed 1443(80KB) AllocSpace objects, 1(20KB) LOS objects, 37% free, 26MB/42MB, paused 577us total 45.372ms
08-06 02:03:26.287 21902 22237 I art     : Starting a blocking GC Explicit
08-06 02:03:26.332 21902 22237 I art     : Explicit concurrent mark sweep GC freed 20(704B) AllocSpace objects, 0(0B) LOS objects, 37% free, 26MB/42MB, paused 564us total 45.427ms
08-06 02:03:26.349 21902 22237 I art     : Starting a blocking GC Explicit
08-06 02:03:26.396 21902 22237 I art     : Explicit concurrent mark sweep GC freed 3(96B) AllocSpace objects, 0(0B) LOS objects, 37% free, 26MB/42MB, paused 555us total 46.457ms
08-06 02:03:26.412 21902 22237 I art     : Starting a blocking GC Explicit
08-06 02:03:26.461 21902 22237 I art     : Explicit concurrent mark sweep GC freed 3(96B) AllocSpace objects, 0(0B) LOS objects, 37% free, 26MB/42MB, paused 599us total 48.601ms
08-06 02:03:26.481 21902 22237 I art     : Starting a blocking GC Explicit
08-06 02:03:26.523 21902 22237 I art     : Explicit concurrent mark sweep GC freed 3(96B) AllocSpace objects, 0(0B) LOS objects, 37% free, 26MB/42MB, paused 523us total 41.857ms
08-06 02:03:26.876 21902 22447 I art     : Starting a blocking GC Explicit
08-06 02:03:26.931 21902 22447 I art     : Explicit concurrent mark sweep GC freed 1317(76KB) AllocSpace objects, 1(20KB) LOS objects, 37% free, 26MB/42MB, paused 545us total 54.214ms
08-06 02:03:26.951 21902 22447 I art     : Starting a blocking GC Explicit
08-06 02:03:26.996 21902 22447 I art     : Explicit concurrent mark sweep GC freed 18(624B) AllocSpace objects, 0(0B) LOS objects, 37% free, 26MB/42MB, paused 509us total 44.082ms
08-06 02:03:27.012 21902 22447 I art     : Starting a blocking GC Explicit
08-06 02:03:27.060 21902 22447 I art     : Explicit concurrent mark sweep GC freed 3(96B) AllocSpace objects, 0(0B) LOS objects, 37% free, 26MB/42MB, paused 505us total 47.299ms
08-06 02:03:27.076 21902 22447 I art     : Starting a blocking GC Explicit
08-06 02:03:27.121 21902 22447 I art     : Explicit concurrent mark sweep GC freed 3(96B) AllocSpace objects, 0(0B) LOS objects, 37% free, 26MB/42MB, paused 522us total 44.394ms
08-06 02:03:27.137 21902 22447 I art     : Starting a blocking GC Explicit
08-06 02:03:27.185 21902 22447 I art     : Explicit concurrent mark sweep GC freed 3(96B) AllocSpace objects, 0(0B) LOS objects, 37% free, 26MB/42MB, paused 522us total 47.663ms
08-06 02:03:27.527 21902 21914 I art     : Starting a blocking GC Explicit
08-06 02:03:27.592 21902 21914 I art     : Explicit concurrent mark sweep GC freed 1293(75KB) AllocSpace objects, 1(20KB) LOS objects, 37% free, 26MB/42MB, paused 516us total 64.709ms
08-06 02:03:27.615 21902 21914 I art     : Starting a blocking GC Explicit
08-06 02:03:27.659 21902 21914 I art     : Explicit concurrent mark sweep GC freed 18(624B) AllocSpace objects, 0(0B) LOS objects, 37% free, 26MB/42MB, paused 510us total 44.068ms
08-06 02:03:27.676 21902 21914 I art     : Starting a blocking GC Explicit
08-06 02:03:27.723 21902 21914 I art     : Explicit concurrent mark sweep GC freed 3(96B) AllocSpace objects, 0(0B) LOS objects, 37% free, 26MB/42MB, paused 524us total 46.500ms
08-06 02:03:27.739 21902 21914 I art     : Starting a blocking GC Explicit
08-06 02:03:27.785 21902 21914 I art     : Explicit concurrent mark sweep GC freed 3(96B) AllocSpace objects, 0(0B) LOS objects, 37% free, 26MB/42MB, paused 503us total 46.008ms
08-06 02:03:27.802 21902 21914 I art     : Starting a blocking GC Explicit
08-06 02:03:27.849 21902 21914 I art     : Explicit concurrent mark sweep GC freed 3(96B) AllocSpace objects, 0(0B) LOS objects, 37% free, 26MB/42MB, paused 516us total 47.004ms
08-06 02:03:28.157 21902 22504 I art     : Starting a blocking GC Explicit
08-06 02:03:28.207 21902 22504 I art     : Explicit concurrent mark sweep GC freed 1303(75KB) AllocSpace objects, 1(20KB) LOS objects, 37% free, 26MB/42MB, paused 523us total 49.605ms
08-06 02:03:28.223 21902 22504 I art     : Starting a blocking GC Explicit
08-06 02:03:28.260 21902 22504 I art     : Explicit concurrent mark sweep GC freed 21(896B) AllocSpace objects, 0(0B) LOS objects, 37% free, 26MB/42MB, paused 498us total 36.996ms
08-06 02:03:28.275 21902 22504 I art     : Starting a blocking GC Explicit
08-06 02:03:28.313 21902 22504 I art     : Explicit concurrent mark sweep GC freed 3(96B) AllocSpace objects, 0(0B) LOS objects, 37% free, 26MB/42MB, paused 546us total 38.454ms
08-06 02:03:28.329 21902 22504 I art     : Starting a blocking GC Explicit
08-06 02:03:28.370 21902 22504 I art     : Explicit concurrent mark sweep GC freed 5(128B) AllocSpace objects, 0(0B) LOS objects, 37% free, 26MB/42MB, paused 467us total 40.617ms
08-06 02:03:28.386 21902 22504 I art     : Starting a blocking GC Explicit
08-06 02:03:28.427 21902 22504 I art     : Explicit concurrent mark sweep GC freed 29(1136B) AllocSpace objects, 0(0B) LOS objects, 37% free, 26MB/42MB, paused 578us total 41.110ms
08-06 02:03:28.520 23095 23095 D AndroidRuntime: >>>>>> START com.android.internal.os.RuntimeInit uid 2000 <<<<<<
08-06 02:03:28.526 23095 23095 D AndroidRuntime: CheckJNI is OFF
08-06 02:03:28.570 23095 23095 D ICU     : No timezone override file found: /data/misc/zoneinfo/current/icu/icu_tzdata.dat
08-06 02:03:28.615 23095 23095 I Radio-JNI: register_android_hardware_Radio DONE
08-06 02:03:28.643 23095 23095 D AndroidRuntime: Calling main entry com.android.commands.input.Input
08-06 02:03:28.645 23095 23095 I Input   : injectMotionEvent: MotionEvent { action=ACTION_DOWN, actionButton=0, id[0]=0, x[0]=81.0, y[0]=176.0, toolType[0]=TOOL_TYPE_UNKNOWN, buttonState=0, metaState=0, flags=0x0, edgeFlags=0x0, pointerCount=1, historySize=0, eventTime=842625058, downTime=842625058, deviceId=0, source=0x1002 }
08-06 02:03:28.650 23095 23095 I Input   : injectMotionEvent: MotionEvent { action=ACTION_UP, actionButton=0, id[0]=0, x[0]=81.0, y[0]=176.0, toolType[0]=TOOL_TYPE_UNKNOWN, buttonState=0, metaState=0, flags=0x0, edgeFlags=0x0, pointerCount=1, historySize=0, eventTime=842625058, downTime=842625058, deviceId=0, source=0x1002 }
08-06 02:03:28.652 23095 23095 D AndroidRuntime: Shutting down VM
08-06 02:03:28.667   512  2967 D audio_hw_primary: out_set_parameters: enter: usecase(1: low-latency-playback) kvpairs: routing=2
08-06 02:03:28.680   512  2967 D audio_hw_primary: select_devices: out_snd_device(2: speaker) in_snd_device(0: none)
08-06 02:03:28.681   512  2967 D msm8974_platform: platform_send_audio_calibration: sending audio calibration for snd_device(2) acdb_id(15)
08-06 02:03:28.681   512  2967 I soundtrigger: audio_extn_sound_trigger_update_device_status: device 0x2 of type 0 for Event 1
08-06 02:03:28.691   512  2967 D audio_hw_primary: enable_snd_device: snd_device(2: speaker)
08-06 02:03:28.693   512  2967 D audio_hw_primary: enable_audio_route: apply and update mixer path: low-latency-playback speaker
08-06 02:03:28.701 13866 13866 I GoogleInputMethodServic: GoogleInputMethodService.onFinishInput():3138 
08-06 02:03:28.703 13866 13866 I GoogleInputMethodServic: GoogleInputMethodService.onStartInput():1808 
08-06 02:03:28.759 21902 21914 I art     : Starting a blocking GC Explicit
08-06 02:03:28.803 21902 21914 I art     : Explicit concurrent mark sweep GC freed 1765(98KB) AllocSpace objects, 1(20KB) LOS objects, 37% free, 26MB/42MB, paused 495us total 43.741ms
08-06 02:03:28.821 21902 21914 I art     : Starting a blocking GC Explicit
08-06 02:03:28.862 21902 21914 I art     : Explicit concurrent mark sweep GC freed 174(11KB) AllocSpace objects, 0(0B) LOS objects, 37% free, 26MB/42MB, paused 488us total 40.550ms
08-06 02:03:28.879 21902 21914 I art     : Starting a blocking GC Explicit
08-06 02:03:28.919 21902 21914 I art     : Explicit concurrent mark sweep GC freed 3(96B) AllocSpace objects, 0(0B) LOS objects, 37% free, 26MB/42MB, paused 563us total 40.156ms
08-06 02:03:28.934 21902 21914 I art     : Starting a blocking GC Explicit
08-06 02:03:28.975 21902 21914 I art     : Explicit concurrent mark sweep GC freed 5(160B) AllocSpace objects, 0(0B) LOS objects, 37% free, 26MB/42MB, paused 473us total 40.890ms
08-06 02:03:28.991 21902 21914 I art     : Starting a blocking GC Explicit
08-06 02:03:29.032 21902 21914 I art     : Explicit concurrent mark sweep GC freed 3(96B) AllocSpace objects, 0(0B) LOS objects, 37% free, 26MB/42MB, paused 582us total 41.191ms
08-06 02:03:29.238   512  2967 D audio_hw_primary: disable_audio_route: reset and update mixer path: low-latency-playback speaker
08-06 02:03:29.240   512  2967 D audio_hw_primary: disable_snd_device: snd_device(2: speaker)
08-06 02:03:29.249   512  2967 I soundtrigger: audio_extn_sound_trigger_update_device_status: device 0x2 of type 0 for Event 0
08-06 02:03:29.352 21902 22447 I art     : Starting a blocking GC Explicit
08-06 02:03:29.395 21902 22447 I art     : Explicit concurrent mark sweep GC freed 1302(75KB) AllocSpace objects, 1(20KB) LOS objects, 37% free, 26MB/42MB, paused 501us total 43.303ms
08-06 02:03:29.411 21902 22447 I art     : Starting a blocking GC Explicit
08-06 02:03:29.453 21902 22447 I art     : Explicit concurrent mark sweep GC freed 22(752B) AllocSpace objects, 0(0B) LOS objects, 37% free, 26MB/42MB, paused 495us total 41.475ms
08-06 02:03:29.469 21902 22447 I art     : Starting a blocking GC Explicit
08-06 02:03:29.511 21902 22447 I art     : Explicit concurrent mark sweep GC freed 3(96B) AllocSpace objects, 0(0B) LOS objects, 37% free, 26MB/42MB, paused 475us total 41.793ms
08-06 02:03:29.527 21902 22447 I art     : Starting a blocking GC Explicit
08-06 02:03:29.569 21902 22447 I art     : Explicit concurrent mark sweep GC freed 3(96B) AllocSpace objects, 0(0B) LOS objects, 37% free, 26MB/42MB, paused 487us total 42.059ms
08-06 02:03:29.585 21902 22447 I art     : Starting a blocking GC Explicit
08-06 02:03:29.628 21902 22447 I art     : Explicit concurrent mark sweep GC freed 3(96B) AllocSpace objects, 0(0B) LOS objects, 37% free, 26MB/42MB, paused 661us total 42.603ms
08-06 02:03:29.955 21902 22237 I art     : Starting a blocking GC Explicit
08-06 02:03:30.004 21902 22237 I art     : Explicit concurrent mark sweep GC freed 1293(75KB) AllocSpace objects, 1(20KB) LOS objects, 37% free, 26MB/42MB, paused 555us total 48.540ms
08-06 02:03:30.021 21902 22237 I art     : Starting a blocking GC Explicit
08-06 02:03:30.062 21902 22237 I art     : Explicit concurrent mark sweep GC freed 18(624B) AllocSpace objects, 0(0B) LOS objects, 37% free, 26MB/42MB, paused 502us total 41.489ms
08-06 02:03:30.077 21902 22237 I art     : Starting a blocking GC Explicit
08-06 02:03:30.118 21902 22237 I art     : Explicit concurrent mark sweep GC freed 3(96B) AllocSpace objects, 0(0B) LOS objects, 37% free, 26MB/42MB, paused 548us total 40.143ms
08-06 02:03:30.133 21902 22237 I art     : Starting a blocking GC Explicit
08-06 02:03:30.173 21902 22237 I art     : Explicit concurrent mark sweep GC freed 3(96B) AllocSpace objects, 0(0B) LOS objects, 37% free, 26MB/42MB, paused 491us total 40.526ms
08-06 02:03:30.189 21902 22237 I art     : Starting a blocking GC Explicit
08-06 02:03:30.230 21902 22237 I art     : Explicit concurrent mark sweep GC freed 3(96B) AllocSpace objects, 0(0B) LOS objects, 37% free, 26MB/42MB, paused 502us total 40.791ms
08-06 02:03:30.230 21902 21912 I art     : WaitForGcToComplete blocked for 41.101ms for cause HeapTrim
08-06 02:03:30.425 23148 23148 D AndroidRuntime: >>>>>> START com.android.internal.os.RuntimeInit uid 2000 <<<<<<
08-06 02:03:30.432 23148 23148 D AndroidRuntime: CheckJNI is OFF
08-06 02:03:30.472 23148 23148 D ICU     : No timezone override file found: /data/misc/zoneinfo/current/icu/icu_tzdata.dat
08-06 02:03:30.515 23148 23148 I Radio-JNI: register_android_hardware_Radio DONE
08-06 02:03:30.543 23148 23148 D AndroidRuntime: Calling main entry com.android.commands.input.Input
08-06 02:03:30.545 23148 23148 I Input   : injectMotionEvent: MotionEvent { action=ACTION_DOWN, actionButton=0, id[0]=0, x[0]=436.0, y[0]=1770.0, toolType[0]=TOOL_TYPE_UNKNOWN, buttonState=0, metaState=0, flags=0x0, edgeFlags=0x0, pointerCount=1, historySize=0, eventTime=842626957, downTime=842626957, deviceId=0, source=0x1002 }
08-06 02:03:30.550 23148 23148 I Input   : injectMotionEvent: MotionEvent { action=ACTION_UP, actionButton=0, id[0]=0, x[0]=436.0, y[0]=1770.0, toolType[0]=TOOL_TYPE_UNKNOWN, buttonState=0, metaState=0, flags=0x0, edgeFlags=0x0, pointerCount=1, historySize=0, eventTime=842626957, downTime=842626957, deviceId=0, source=0x1002 }
08-06 02:03:30.552 23148 23148 D AndroidRuntime: Shutting down VM
08-06 02:03:30.565 21902 21902 D MainActivity: NavigationItemSelected: Courses
08-06 02:03:30.566   918  4413 I ActivityManager: START u0 {cmp=baseline.com.ak.uobtimetable/.CourseListActivity} from uid 10710 on display 0
08-06 02:03:30.567   512  2967 D audio_hw_primary: out_set_parameters: enter: usecase(1: low-latency-playback) kvpairs: routing=2
08-06 02:03:30.569 21902 21914 I art     : Starting a blocking GC Explicit
08-06 02:03:30.581 21902 21902 D MainActivity: OnPause
08-06 02:03:30.581   512  2967 D audio_hw_primary: select_devices: out_snd_device(2: speaker) in_snd_device(0: none)
08-06 02:03:30.581   512  2967 D msm8974_platform: platform_send_audio_calibration: sending audio calibration for snd_device(2) acdb_id(15)
08-06 02:03:30.581   512  2967 I soundtrigger: audio_extn_sound_trigger_update_device_status: device 0x2 of type 0 for Event 1
08-06 02:03:30.594   512  2967 D audio_hw_primary: enable_snd_device: snd_device(2: speaker)
08-06 02:03:30.596   512  2967 D audio_hw_primary: enable_audio_route: apply and update mixer path: low-latency-playback speaker
08-06 02:03:30.615 21902 21914 I art     : Explicit concurrent mark sweep GC freed 1709(91KB) AllocSpace objects, 1(20KB) LOS objects, 37% free, 26MB/42MB, paused 5.042ms total 45.732ms
08-06 02:03:30.631 21902 21914 I art     : Starting a blocking GC Explicit
08-06 02:03:30.646 21902 21902 D CourseListActivity: onCreate
08-06 02:03:30.648 21902 23172 D HTTP    : Request for: https://uob-timetable-api.adriankeenan.co.uk/courses
08-06 02:03:30.672 24365 20837 I NetworkScheduler.Stats: Task com.google.android.gms/com.google.android.gms.icing.service.IcingGcmTaskService started execution. cause:4 exec_start_elapsed_seconds: 1826014 [CONTEXT service_id=218 ]
08-06 02:03:30.674 21902 21914 I art     : Explicit concurrent mark sweep GC freed 2123(116KB) AllocSpace objects, 0(0B) LOS objects, 37% free, 26MB/42MB, paused 735us total 43.246ms
08-06 02:03:30.678 24365  4416 I NetworkScheduler.Stats: Task com.google.android.gms/com.google.android.gms.icing.service.IcingGcmTaskService finished executing. cause:4 result: 1 elapsed_millis: 27 uptime_millis: 27 exec_start_elapsed_seconds: 1826014 [CONTEXT service_id=218 ]
08-06 02:03:30.688 21902 21914 I art     : Starting a blocking GC Explicit
08-06 02:03:30.697  5796 23173 W Gcs.WfaEliRefreshTask: [28090] afk.b: NULL eligibility response.
08-06 02:03:30.698 24365  4416 I NetworkScheduler.Stats: Task com.google.android.apps.gcs/ started execution. cause:5 exec_start_elapsed_seconds: 1826014 [CONTEXT service_id=218 ]
08-06 02:03:30.704 24365  4416 I NetworkScheduler.Stats: Task com.google.android.apps.gcs/ finished executing. cause:5 result: 3 elapsed_millis: 9 uptime_millis: 9 exec_start_elapsed_seconds: 1826014 [CONTEXT service_id=218 ]
08-06 02:03:30.713   918   936 I ActivityManager: Displayed baseline.com.ak.uobtimetable/.CourseListActivity: +131ms
08-06 02:03:30.713 13866 13866 I GoogleInputMethodServic: GoogleInputMethodService.onFinishInput():3138 
08-06 02:03:30.714 13866 13866 I GoogleInputMethodServic: GoogleInputMethodService.onStartInput():1808 
08-06 02:03:30.729 21902 21914 I art     : Explicit concurrent mark sweep GC freed 668(41KB) AllocSpace objects, 0(0B) LOS objects, 37% free, 26MB/42MB, paused 783us total 40.429ms
08-06 02:03:30.743 21902 21914 I art     : Starting a blocking GC Explicit
08-06 02:03:30.782 21902 21914 I art     : Explicit concurrent mark sweep GC freed 162(9KB) AllocSpace objects, 0(0B) LOS objects, 37% free, 26MB/42MB, paused 529us total 37.932ms
08-06 02:03:30.797 21902 21914 I art     : Starting a blocking GC Explicit
08-06 02:03:30.835 21902 21914 I art     : Explicit concurrent mark sweep GC freed 611(54KB) AllocSpace objects, 2(120KB) LOS objects, 37% free, 26MB/42MB, paused 690us total 37.731ms
08-06 02:03:30.896 21902 23172 I NAPPA_EXPERIMENTATION: MetricNetworkRequestExecutionTime: REQUEST_DURATION_SYSTEM='247',REQUEST_DURATION_OKHTTP='33',REQUEST_SYNCHRONOUS='TRUE',RESPONSE_CODE='200',RESPONSE_METHOD='GET',RESPONSE_LENGTH_OKHTTP='-1',RESPONSE_LENGTH_HEADER='-2',REQUEST_PROTOCOL='http/1.1',REQUEST_URL='https://uob-timetable-api.adriankeenan.co.uk/courses',
08-06 02:03:31.083 21902 21902 D MainActivity: Saving state
08-06 02:03:31.083 21902 21902 D MainActivity: Saving current fragment: SessionListsFragment
08-06 02:03:31.083 21902 21902 D MainActivity: Saving current index: 3
08-06 02:03:31.084 21902 21902 D SessionListsFragment: Saving state
08-06 02:03:31.128   512  2967 D audio_hw_primary: disable_audio_route: reset and update mixer path: low-latency-playback speaker
08-06 02:03:31.129   512  2967 D audio_hw_primary: disable_snd_device: snd_device(2: speaker)
08-06 02:03:31.130 21902 21913 I art     : Waiting for a blocking GC Explicit
08-06 02:03:31.136   512  2967 I soundtrigger: audio_extn_sound_trigger_update_device_status: device 0x2 of type 0 for Event 0
08-06 02:03:31.145 21902 21913 I art     : WaitForGcToComplete blocked for 15.775ms for cause Explicit
08-06 02:03:31.146 21902 21913 I art     : Starting a blocking GC Explicit
08-06 02:03:31.183 21902 21913 I art     : Explicit concurrent mark sweep GC freed 53(2000B) AllocSpace objects, 0(0B) LOS objects, 24% free, 48MB/64MB, paused 668us total 37.501ms
08-06 02:03:31.197 21902 21913 I art     : Starting a blocking GC Explicit
08-06 02:03:31.235 21902 21913 I art     : Explicit concurrent mark sweep GC freed 36(1408B) AllocSpace objects, 0(0B) LOS objects, 24% free, 48MB/64MB, paused 549us total 37.238ms
08-06 02:03:31.249 21902 21913 I art     : Starting a blocking GC Explicit
08-06 02:03:31.295 21902 23172 I HTTP    : Response was compressed.
08-06 02:03:31.297 21902 21913 I art     : Explicit concurrent mark sweep GC freed 141(6KB) AllocSpace objects, 0(0B) LOS objects, 20% free, 63MB/79MB, paused 650us total 47.320ms
08-06 02:03:31.311 21902 21913 I art     : Starting a blocking GC Explicit
08-06 02:03:31.361 21902 21913 I art     : Explicit concurrent mark sweep GC freed 29659(1377KB) AllocSpace objects, 2(22MB) LOS objects, 27% free, 41MB/57MB, paused 1.024ms total 49.953ms
08-06 02:03:31.376 21902 21913 I art     : Starting a blocking GC Explicit
08-06 02:03:31.422 21902 21913 I art     : Explicit concurrent mark sweep GC freed 36942(1753KB) AllocSpace objects, 0(0B) LOS objects, 27% free, 42MB/58MB, paused 965us total 45.816ms
08-06 02:03:31.733 21902 21913 I art     : Starting a blocking GC Explicit
08-06 02:03:31.802 21902 21913 I art     : Explicit concurrent mark sweep GC freed 196312(9MB) AllocSpace objects, 1(20KB) LOS objects, 26% free, 43MB/59MB, paused 807us total 68.247ms
08-06 02:03:31.820 21902 21913 I art     : Starting a blocking GC Explicit
08-06 02:03:31.872 21902 21913 I art     : Explicit concurrent mark sweep GC freed 46032(2MB) AllocSpace objects, 0(0B) LOS objects, 26% free, 43MB/59MB, paused 924us total 51.147ms
08-06 02:03:31.889 21902 21913 I art     : Starting a blocking GC Explicit
08-06 02:03:31.942 21902 21913 I art     : Explicit concurrent mark sweep GC freed 38108(1799KB) AllocSpace objects, 0(0B) LOS objects, 26% free, 44MB/60MB, paused 1.105ms total 52.420ms
08-06 02:03:31.959 21902 21913 I art     : Starting a blocking GC Explicit
08-06 02:03:32.011 21902 21913 I art     : Explicit concurrent mark sweep GC freed 37629(1777KB) AllocSpace objects, 0(0B) LOS objects, 26% free, 44MB/60MB, paused 1.094ms total 52.246ms
08-06 02:03:32.029 21902 21913 I art     : Starting a blocking GC Explicit
08-06 02:03:32.084 21902 21913 I art     : Explicit concurrent mark sweep GC freed 38860(1826KB) AllocSpace objects, 0(0B) LOS objects, 26% free, 44MB/60MB, paused 1.084ms total 54.323ms
08-06 02:03:32.394 21902 21914 I art     : Starting a blocking GC Explicit
08-06 02:03:32.470 21902 21914 I art     : Explicit concurrent mark sweep GC freed 199475(9MB) AllocSpace objects, 1(20KB) LOS objects, 25% free, 46MB/62MB, paused 1.119ms total 75.897ms
08-06 02:03:32.490 21902 21914 I art     : Starting a blocking GC Explicit
08-06 02:03:32.548 21902 21914 I art     : Explicit concurrent mark sweep GC freed 48818(2MB) AllocSpace objects, 0(0B) LOS objects, 25% free, 46MB/62MB, paused 1.130ms total 57.920ms
08-06 02:03:32.567 21902 21914 I art     : Starting a blocking GC Explicit
08-06 02:03:32.629 21902 21914 I art     : Explicit concurrent mark sweep GC freed 43394(2034KB) AllocSpace objects, 0(0B) LOS objects, 25% free, 46MB/62MB, paused 1.222ms total 61.582ms
08-06 02:03:32.649 21902 21914 I art     : Starting a blocking GC Explicit
08-06 02:03:32.711 21902 21914 I art     : Explicit concurrent mark sweep GC freed 43340(2034KB) AllocSpace objects, 0(0B) LOS objects, 25% free, 47MB/63MB, paused 1.240ms total 61.466ms
08-06 02:03:32.731 21902 21914 I art     : Starting a blocking GC Explicit
08-06 02:03:32.791 21902 21914 I art     : Explicit concurrent mark sweep GC freed 43104(2022KB) AllocSpace objects, 0(0B) LOS objects, 25% free, 47MB/63MB, paused 1.187ms total 59.856ms
08-06 02:03:33.095 21902 21913 I art     : Starting a blocking GC Explicit
08-06 02:03:33.178 21902 21913 I art     : Explicit concurrent mark sweep GC freed 203007(9MB) AllocSpace objects, 1(20KB) LOS objects, 24% free, 49MB/65MB, paused 1.150ms total 83.279ms
08-06 02:03:33.200 21902 21913 I art     : Starting a blocking GC Explicit
08-06 02:03:33.268 21902 21913 I art     : Explicit concurrent mark sweep GC freed 52078(2MB) AllocSpace objects, 0(0B) LOS objects, 24% free, 49MB/65MB, paused 1.428ms total 67.615ms
08-06 02:03:33.289 21902 21913 I art     : Starting a blocking GC Explicit
08-06 02:03:33.359 21902 21913 I art     : Explicit concurrent mark sweep GC freed 48433(2MB) AllocSpace objects, 0(0B) LOS objects, 24% free, 49MB/65MB, paused 1.425ms total 69.440ms
08-06 02:03:33.379 21902 21913 I art     : Starting a blocking GC Explicit
08-06 02:03:33.450 21902 21913 I art     : Explicit concurrent mark sweep GC freed 46076(2MB) AllocSpace objects, 0(0B) LOS objects, 24% free, 50MB/66MB, paused 1.576ms total 70.300ms
08-06 02:03:33.471 21902 21913 I art     : Starting a blocking GC Explicit
08-06 02:03:33.543 21902 21913 I art     : Explicit concurrent mark sweep GC freed 49581(2MB) AllocSpace objects, 0(0B) LOS objects, 24% free, 50MB/66MB, paused 1.430ms total 71.186ms
08-06 02:03:33.859 21902 22447 I art     : Starting a blocking GC Explicit
08-06 02:03:33.959 21902 22447 I art     : Explicit concurrent mark sweep GC freed 214165(9MB) AllocSpace objects, 1(20KB) LOS objects, 23% free, 52MB/68MB, paused 1.288ms total 100.344ms
08-06 02:03:33.983 21902 22447 I art     : Starting a blocking GC Explicit
08-06 02:03:34.062 21902 22447 I art     : Explicit concurrent mark sweep GC freed 61601(2MB) AllocSpace objects, 0(0B) LOS objects, 23% free, 52MB/68MB, paused 1.569ms total 78.836ms
08-06 02:03:34.086 21902 22447 I art     : Starting a blocking GC Explicit
08-06 02:03:34.089 21902 23172 I Service : getCourses response time: 0.69
08-06 02:03:34.104 21902 21902 I SettingsManager: Getting string: savedCourse
08-06 02:03:34.154 21902 22447 I art     : Explicit concurrent mark sweep GC freed 20536(1017KB) AllocSpace objects, 0(0B) LOS objects, 23% free, 52MB/68MB, paused 1.017ms total 68.186ms
08-06 02:03:34.175 21902 22447 I art     : Starting a blocking GC Explicit
08-06 02:03:34.247 21902 22447 I art     : Explicit concurrent mark sweep GC freed 881(40KB) AllocSpace objects, 1(14MB) LOS objects, 29% free, 37MB/53MB, paused 704us total 71.527ms
08-06 02:03:34.270 21902 22447 I art     : Starting a blocking GC Explicit
08-06 02:03:34.342 21902 22447 I art     : Explicit concurrent mark sweep GC freed 278(14KB) AllocSpace objects, 0(0B) LOS objects, 29% free, 37MB/53MB, paused 538us total 71.783ms
08-06 02:03:34.678 21902 22237 I art     : Starting a blocking GC Explicit
08-06 02:03:34.781 21902 22237 I art     : Explicit concurrent mark sweep GC freed 1865(129KB) AllocSpace objects, 1(20KB) LOS objects, 29% free, 37MB/53MB, paused 581us total 102.756ms
08-06 02:03:34.811 21902 22237 I art     : Starting a blocking GC Explicit
08-06 02:03:34.895 21902 22237 I art     : Explicit concurrent mark sweep GC freed 18(624B) AllocSpace objects, 0(0B) LOS objects, 29% free, 37MB/53MB, paused 545us total 84.195ms
08-06 02:03:34.921 21902 22237 I art     : Starting a blocking GC Explicit
08-06 02:03:35.005 21902 22237 I art     : Explicit concurrent mark sweep GC freed 3(96B) AllocSpace objects, 0(0B) LOS objects, 29% free, 37MB/53MB, paused 562us total 83.139ms
08-06 02:03:35.031 21902 22237 I art     : Starting a blocking GC Explicit
08-06 02:03:35.113 21902 22237 I art     : Explicit concurrent mark sweep GC freed 3(96B) AllocSpace objects, 0(0B) LOS objects, 29% free, 37MB/53MB, paused 564us total 81.344ms
08-06 02:03:35.139 21902 22237 I art     : Starting a blocking GC Explicit
08-06 02:03:35.224 21902 22237 I art     : Explicit concurrent mark sweep GC freed 3(96B) AllocSpace objects, 0(0B) LOS objects, 29% free, 37MB/53MB, paused 557us total 85.324ms
08-06 02:03:35.577 21902 22504 I art     : Starting a blocking GC Explicit
08-06 02:03:35.680 21902 22504 I art     : Explicit concurrent mark sweep GC freed 1293(75KB) AllocSpace objects, 1(20KB) LOS objects, 29% free, 37MB/53MB, paused 606us total 102.172ms
08-06 02:03:35.680 21902 21912 I art     : WaitForGcToComplete blocked for 64.460ms for cause HeapTrim
08-06 02:03:35.712 21902 22504 I art     : Starting a blocking GC Explicit
08-06 02:03:35.794 21902 22504 I art     : Explicit concurrent mark sweep GC freed 21(752B) AllocSpace objects, 0(0B) LOS objects, 29% free, 37MB/53MB, paused 507us total 82.200ms
08-06 02:03:35.819 21902 22504 I art     : Starting a blocking GC Explicit
08-06 02:03:35.902 21902 22504 I art     : Explicit concurrent mark sweep GC freed 3(96B) AllocSpace objects, 0(0B) LOS objects, 29% free, 37MB/53MB, paused 541us total 82.552ms
08-06 02:03:35.928 21902 22504 I art     : Starting a blocking GC Explicit
08-06 02:03:36.010 21902 22504 I art     : Explicit concurrent mark sweep GC freed 3(96B) AllocSpace objects, 0(0B) LOS objects, 29% free, 37MB/53MB, paused 550us total 82.468ms
08-06 02:03:36.037 21902 22504 I art     : Starting a blocking GC Explicit
08-06 02:03:36.118 21902 22504 I art     : Explicit concurrent mark sweep GC freed 3(96B) AllocSpace objects, 0(0B) LOS objects, 29% free, 37MB/53MB, paused 585us total 81.416ms
08-06 02:03:36.477 21902 21913 I art     : Starting a blocking GC Explicit
08-06 02:03:36.582 21902 21913 I art     : Explicit concurrent mark sweep GC freed 1293(75KB) AllocSpace objects, 1(20KB) LOS objects, 29% free, 37MB/53MB, paused 588us total 104.408ms
08-06 02:03:36.609 21902 21913 I art     : Starting a blocking GC Explicit
08-06 02:03:36.693 21902 21913 I art     : Explicit concurrent mark sweep GC freed 18(624B) AllocSpace objects, 0(0B) LOS objects, 29% free, 37MB/53MB, paused 564us total 83.137ms
08-06 02:03:36.718 21902 21913 I art     : Starting a blocking GC Explicit
08-06 02:03:36.801 21902 21913 I art     : Explicit concurrent mark sweep GC freed 3(96B) AllocSpace objects, 0(0B) LOS objects, 29% free, 37MB/53MB, paused 493us total 82.421ms
08-06 02:03:36.826 21902 21913 I art     : Starting a blocking GC Explicit
08-06 02:03:36.899 21902 21913 I art     : Explicit concurrent mark sweep GC freed 3(96B) AllocSpace objects, 0(0B) LOS objects, 29% free, 37MB/53MB, paused 494us total 71.935ms
08-06 02:03:36.922 21902 21913 I art     : Starting a blocking GC Explicit
08-06 02:03:37.000 21902 21913 I art     : Explicit concurrent mark sweep GC freed 3(96B) AllocSpace objects, 0(0B) LOS objects, 29% free, 37MB/53MB, paused 530us total 77.758ms
08-06 02:03:37.342 21902 22447 I art     : Starting a blocking GC Explicit
08-06 02:03:37.351 23255 23255 D AndroidRuntime: >>>>>> START com.android.internal.os.RuntimeInit uid 2000 <<<<<<
08-06 02:03:37.358 23255 23255 D AndroidRuntime: CheckJNI is OFF
08-06 02:03:37.403 23255 23255 D ICU     : No timezone override file found: /data/misc/zoneinfo/current/icu/icu_tzdata.dat
08-06 02:03:37.424 21902 22447 I art     : Explicit concurrent mark sweep GC freed 1293(75KB) AllocSpace objects, 1(20KB) LOS objects, 29% free, 37MB/53MB, paused 545us total 82.217ms
08-06 02:03:37.449 21902 22447 I art     : Starting a blocking GC Explicit
08-06 02:03:37.453 23255 23255 I Radio-JNI: register_android_hardware_Radio DONE
08-06 02:03:37.482 23255 23255 D AndroidRuntime: Calling main entry com.android.commands.input.Input
08-06 02:03:37.485 23255 23255 I Input   : injectMotionEvent: MotionEvent { action=ACTION_DOWN, actionButton=0, id[0]=0, x[0]=648.0, y[0]=709.0, toolType[0]=TOOL_TYPE_UNKNOWN, buttonState=0, metaState=0, flags=0x0, edgeFlags=0x0, pointerCount=1, historySize=0, eventTime=842633897, downTime=842633897, deviceId=0, source=0x1002 }
08-06 02:03:37.491 23255 23255 I Input   : injectMotionEvent: MotionEvent { action=ACTION_UP, actionButton=0, id[0]=0, x[0]=648.0, y[0]=709.0, toolType[0]=TOOL_TYPE_UNKNOWN, buttonState=0, metaState=0, flags=0x0, edgeFlags=0x0, pointerCount=1, historySize=0, eventTime=842633897, downTime=842633897, deviceId=0, source=0x1002 }
08-06 02:03:37.493 23255 23255 D AndroidRuntime: Shutting down VM
08-06 02:03:37.528 21902 22447 I art     : Explicit concurrent mark sweep GC freed 34(1248B) AllocSpace objects, 0(0B) LOS objects, 29% free, 37MB/53MB, paused 733us total 77.852ms
08-06 02:03:37.551 21902 22447 I art     : Starting a blocking GC Explicit
08-06 02:03:37.559   512  2967 D audio_hw_primary: out_set_parameters: enter: usecase(1: low-latency-playback) kvpairs: routing=2
08-06 02:03:37.573   512  2967 D audio_hw_primary: select_devices: out_snd_device(2: speaker) in_snd_device(0: none)
08-06 02:03:37.573   512  2967 D msm8974_platform: platform_send_audio_calibration: sending audio calibration for snd_device(2) acdb_id(15)
08-06 02:03:37.573   512  2967 I soundtrigger: audio_extn_sound_trigger_update_device_status: device 0x2 of type 0 for Event 1
08-06 02:03:37.584   512  2967 D audio_hw_primary: enable_snd_device: snd_device(2: speaker)
08-06 02:03:37.587   512  2967 D audio_hw_primary: enable_audio_route: apply and update mixer path: low-latency-playback speaker
08-06 02:03:37.622 21902 22447 I art     : Explicit concurrent mark sweep GC freed 683(54KB) AllocSpace objects, 1(20KB) LOS objects, 29% free, 37MB/53MB, paused 631us total 71.146ms
08-06 02:03:37.645 21902 22447 I art     : Starting a blocking GC Explicit
08-06 02:03:37.719 21902 22447 I art     : Explicit concurrent mark sweep GC freed 199(8KB) AllocSpace objects, 0(0B) LOS objects, 29% free, 37MB/53MB, paused 526us total 73.879ms
08-06 02:03:37.748 21902 22447 I art     : Starting a blocking GC Explicit
08-06 02:03:37.823 21902 22447 I art     : Explicit concurrent mark sweep GC freed 7(240B) AllocSpace objects, 0(0B) LOS objects, 29% free, 37MB/53MB, paused 498us total 75.491ms
08-06 02:03:38.139   512  2967 D audio_hw_primary: disable_audio_route: reset and update mixer path: low-latency-playback speaker
08-06 02:03:38.141   512  2967 D audio_hw_primary: disable_snd_device: snd_device(2: speaker)
08-06 02:03:38.150   512  2967 I soundtrigger: audio_extn_sound_trigger_update_device_status: device 0x2 of type 0 for Event 0
08-06 02:03:38.160 21902 22447 I art     : Starting a blocking GC Explicit
08-06 02:03:38.255 21902 22447 I art     : Explicit concurrent mark sweep GC freed 1295(75KB) AllocSpace objects, 1(20KB) LOS objects, 29% free, 37MB/53MB, paused 519us total 94.649ms
08-06 02:03:38.285 21902 22447 I art     : Starting a blocking GC Explicit
08-06 02:03:38.367 21902 22447 I art     : Explicit concurrent mark sweep GC freed 26(880B) AllocSpace objects, 0(0B) LOS objects, 29% free, 37MB/53MB, paused 543us total 82.228ms
08-06 02:03:38.397 21902 22447 I art     : Starting a blocking GC Explicit
08-06 02:03:38.472 21902 22447 I art     : Explicit concurrent mark sweep GC freed 3(96B) AllocSpace objects, 0(0B) LOS objects, 29% free, 37MB/53MB, paused 520us total 74.498ms
08-06 02:03:38.497 21902 22447 I art     : Starting a blocking GC Explicit
08-06 02:03:38.573 21902 22447 I art     : Explicit concurrent mark sweep GC freed 5(160B) AllocSpace objects, 0(0B) LOS objects, 29% free, 37MB/53MB, paused 550us total 76.646ms
08-06 02:03:38.599 21902 22447 I art     : Starting a blocking GC Explicit
08-06 02:03:38.676 21902 22447 I art     : Explicit concurrent mark sweep GC freed 3(96B) AllocSpace objects, 0(0B) LOS objects, 29% free, 37MB/53MB, paused 540us total 76.467ms
08-06 02:03:38.992 21902 22237 I art     : Starting a blocking GC Explicit
08-06 02:03:39.082 21902 22237 I art     : Explicit concurrent mark sweep GC freed 1293(75KB) AllocSpace objects, 1(20KB) LOS objects, 29% free, 37MB/53MB, paused 574us total 89.202ms
08-06 02:03:39.107 21902 22237 I art     : Starting a blocking GC Explicit
08-06 02:03:39.186 21902 22237 I art     : Explicit concurrent mark sweep GC freed 18(624B) AllocSpace objects, 0(0B) LOS objects, 29% free, 37MB/53MB, paused 573us total 78.648ms
08-06 02:03:39.212 21902 22237 I art     : Starting a blocking GC Explicit
08-06 02:03:39.284 23288 23288 D AndroidRuntime: >>>>>> START com.android.internal.os.RuntimeInit uid 2000 <<<<<<
08-06 02:03:39.290 21902 22237 I art     : Explicit concurrent mark sweep GC freed 13(416B) AllocSpace objects, 0(0B) LOS objects, 29% free, 37MB/53MB, paused 534us total 77.842ms
08-06 02:03:39.290 23288 23288 D AndroidRuntime: CheckJNI is OFF
08-06 02:03:39.317 21902 22237 I art     : Starting a blocking GC Explicit
08-06 02:03:39.337 23288 23288 D ICU     : No timezone override file found: /data/misc/zoneinfo/current/icu/icu_tzdata.dat
08-06 02:03:39.384 23288 23288 I Radio-JNI: register_android_hardware_Radio DONE
08-06 02:03:39.392 21902 22237 I art     : Explicit concurrent mark sweep GC freed 16(512B) AllocSpace objects, 0(0B) LOS objects, 29% free, 37MB/53MB, paused 706us total 75.336ms
08-06 02:03:39.413 23288 23288 D AndroidRuntime: Calling main entry com.android.commands.input.Input
08-06 02:03:39.416 23288 23288 I Input   : injectMotionEvent: MotionEvent { action=ACTION_DOWN, actionButton=0, id[0]=0, x[0]=1197.0, y[0]=1456.0, toolType[0]=TOOL_TYPE_UNKNOWN, buttonState=0, metaState=0, flags=0x0, edgeFlags=0x0, pointerCount=1, historySize=0, eventTime=842635828, downTime=842635828, deviceId=0, source=0x1002 }
08-06 02:03:39.417 21902 22237 I art     : Starting a blocking GC Explicit
08-06 02:03:39.422 23288 23288 I Input   : injectMotionEvent: MotionEvent { action=ACTION_UP, actionButton=0, id[0]=0, x[0]=1197.0, y[0]=1456.0, toolType[0]=TOOL_TYPE_UNKNOWN, buttonState=0, metaState=0, flags=0x0, edgeFlags=0x0, pointerCount=1, historySize=0, eventTime=842635828, downTime=842635828, deviceId=0, source=0x1002 }
08-06 02:03:39.423 23288 23288 D AndroidRuntime: Shutting down VM
08-06 02:03:39.429   512  2967 D audio_hw_primary: out_set_parameters: enter: usecase(1: low-latency-playback) kvpairs: routing=2
08-06 02:03:39.442   512  2967 D audio_hw_primary: select_devices: out_snd_device(2: speaker) in_snd_device(0: none)
08-06 02:03:39.442   512  2967 D msm8974_platform: platform_send_audio_calibration: sending audio calibration for snd_device(2) acdb_id(15)
08-06 02:03:39.442   512  2967 I soundtrigger: audio_extn_sound_trigger_update_device_status: device 0x2 of type 0 for Event 1
08-06 02:03:39.452   512  2967 D audio_hw_primary: enable_snd_device: snd_device(2: speaker)
08-06 02:03:39.455 21902 21917 D OpenGLRenderer: endAllStagingAnimators on 0x7f94959000 (RippleDrawable) with handle 0x7f7a094020
08-06 02:03:39.455   512  2967 D audio_hw_primary: enable_audio_route: apply and update mixer path: low-latency-playback speaker
08-06 02:03:39.463 21902 21902 I SettingsManager: Setting string: savedCourse
08-06 02:03:39.464   918  3961 W BackupManagerService: dataChanged but no participant pkg='baseline.com.ak.uobtimetable' uid=10710
08-06 02:03:39.465   918  5481 I ActivityManager: START u0 {flg=0x4000000 cmp=baseline.com.ak.uobtimetable/.MainActivity (has extras)} from uid 10710 on display 0
08-06 02:03:39.479   918  6111 W InputMethodManagerService: Focus gain on non-focused client com.android.internal.view.IInputMethodClient$Stub$Proxy@c5e29c3 (uid=10710 pid=21902)
08-06 02:03:39.492 21902 22237 I art     : Explicit concurrent mark sweep GC freed 3543(163KB) AllocSpace objects, 0(0B) LOS objects, 29% free, 37MB/53MB, paused 962us total 75.159ms
08-06 02:03:39.497 21902 21902 D MainActivity: OnDestroy
08-06 02:03:39.522 21902 21902 D MainActivity: onCreate
08-06 02:03:39.522 21902 21902 I SettingsManager: Getting string: savedSessions
08-06 02:03:39.522 21902 21902 I SettingsManager: Getting string: savedSessions
08-06 02:03:39.532 21902 21902 I SettingsManager: Getting string: savedSessionsCourseName
08-06 02:03:39.532 21902 21902 I SettingsManager: Getting string: savedSessionsCourseName
08-06 02:03:39.532 21902 21902 I SettingsManager: Getting string: savedSessionsDateRange
08-06 02:03:39.532 21902 21902 I SettingsManager: Getting string: savedSessionsDateRange
08-06 02:03:39.532 21902 21902 I Settings: 15 saved sessions - Artificial Intelligence and Robotics (with Foundation Year) - BSc (Hons) - Ltn - Y0 Feb FT - Weeks: 24-38 (8 Jun 2020-20 Sep 2020)
08-06 02:03:39.575 21902 21902 I SettingsManager: Getting string: savedCourse
08-06 02:03:39.576 21902 21902 D MainActivity: sessionListFragmentArg: updateSessions
08-06 02:03:39.576 21902 21902 D MainActivity: showTermDatesConfigChange: false
08-06 02:03:39.576 21902 21902 D MainActivity: showTermDatesShortcut: false
08-06 02:03:39.577 21902 21902 D MainActivity: Setting initial fragment: SessionListsFragment
08-06 02:03:39.578 21902 21902 I SettingsManager: Getting int: launchCount
08-06 02:03:39.578 21902 21902 D SessionListsFragment: onCreateView
08-06 02:03:39.583 21902 21902 I SettingsManager: Getting string: savedCourse
08-06 02:03:39.587 21902 21902 I SettingsManager: Getting string: savedSessions
08-06 02:03:39.598 21902 21902 D SessionListsFragment: loadArgument: updateSessions
08-06 02:03:39.598 21902 21902 D SessionListsFragment: initialIndex: -1
08-06 02:03:39.602 21902 23311 D HTTP    : Request for: https://uob-timetable-api.adriankeenan.co.uk/sessions?dept=CM010&course=BSAIFAAF%2F02AA%2F0%2FFT&level=Foundation+Year
08-06 02:03:39.620 21902 21902 D TermDatesFragment: WebView loaded
08-06 02:03:39.620 21902 21902 D MainActivity: OnResume
08-06 02:03:39.630 21902 21902 I TermDatesFragment: Webview load %: 10
08-06 02:03:39.725   918   936 I ActivityManager: Displayed baseline.com.ak.uobtimetable/.MainActivity: +244ms
08-06 02:03:39.728 13866 13866 I GoogleInputMethodServic: GoogleInputMethodService.onFinishInput():3138 
08-06 02:03:39.729 13866 13866 I GoogleInputMethodServic: GoogleInputMethodService.onStartInput():1808 
08-06 02:03:39.799 21902 22237 I art     : Starting a blocking GC Explicit
08-06 02:03:39.812 21902 21902 I TermDatesFragment: Webview load %: 70
08-06 02:03:39.816 21902 23311 I NAPPA_EXPERIMENTATION: MetricNetworkRequestExecutionTime: REQUEST_DURATION_SYSTEM='212',REQUEST_DURATION_OKHTTP='42',REQUEST_SYNCHRONOUS='TRUE',RESPONSE_CODE='200',RESPONSE_METHOD='GET',RESPONSE_LENGTH_OKHTTP='-1',RESPONSE_LENGTH_HEADER='1214',REQUEST_PROTOCOL='http/1.1',REQUEST_URL='https://uob-timetable-api.adriankeenan.co.uk/sessions?dept=CM010&course=BSAIFAAF%2F02AA%2F0%2FFT&level=Foundation+Year',
08-06 02:03:39.822 21902 21902 I TermDatesFragment: Webview load %: 100
08-06 02:03:39.822 21902 21902 I TermDatesFragment: Webview load %: 100
08-06 02:03:39.849 21902 23311 I HTTP    : Response was compressed.
08-06 02:03:39.863 21902 23311 I Service : getSessions response time: 1.10
08-06 02:03:39.863 21902 21902 I SettingsManager: Getting string: savedSessions
08-06 02:03:39.864 21902 21902 I SettingsManager: Getting string: savedSessions
08-06 02:03:39.877 21902 22237 I art     : Explicit concurrent mark sweep GC freed 25423(1216KB) AllocSpace objects, 7(1576KB) LOS objects, 29% free, 38MB/54MB, paused 1.188ms total 77.747ms
08-06 02:03:39.881 21902 21902 I Service : Sessions updated: 15
08-06 02:03:39.881 21902 21902 I Service : Sessions removed from new list: 0
08-06 02:03:39.891 21902 21902 I SettingsManager: Setting string: savedSessions
08-06 02:03:39.892   918  6112 W BackupManagerService: dataChanged but no participant pkg='baseline.com.ak.uobtimetable' uid=10710
08-06 02:03:39.892 21902 21902 I SettingsManager: Setting date: savedSessionsTime
08-06 02:03:39.900 21902 22237 I art     : Starting a blocking GC Explicit
08-06 02:03:39.927   918   928 W BackupManagerService: dataChanged but no participant pkg='baseline.com.ak.uobtimetable' uid=10710
08-06 02:03:39.927 21902 21902 I SettingsManager: Setting string: savedSessionsCourseName
08-06 02:03:39.928   918   929 W BackupManagerService: dataChanged but no participant pkg='baseline.com.ak.uobtimetable' uid=10710
08-06 02:03:39.928 21902 21902 I SettingsManager: Setting string: savedSessionsDateRange
08-06 02:03:39.928   918  3961 W BackupManagerService: dataChanged but no participant pkg='baseline.com.ak.uobtimetable' uid=10710
08-06 02:03:39.929 21902 21902 I SettingsManager: Setting string: timetableUrl
08-06 02:03:39.929   918  6111 W BackupManagerService: dataChanged but no participant pkg='baseline.com.ak.uobtimetable' uid=10710
08-06 02:03:39.929 21902 21902 I SettingsManager: Getting boolean: notifySessionRemindersEnabled
08-06 02:03:39.929 21902 21902 I SettingsManager: Getting int: notifySessionRemindersMinutes
08-06 02:03:39.929 21902 21902 I SettingsManager: Getting boolean: showHiddenSessions
08-06 02:03:39.931 21902 21902 I SessionReminderNotifier: Created session reminder alarm for f7b4771250a919bd729c1c5a4a459c77 at Mon 08:30:00 10/08/20
08-06 02:03:39.933 21902 21902 I SessionReminderNotifier: Created session reminder alarm for a7f879aabdeb78622c8820a5fb7b64cd at Tue 08:30:00 11/08/20
08-06 02:03:39.935 21902 21902 I SessionReminderNotifier: Created session reminder alarm for 7bc8d7e2c2055711f597c3d9078c6ea3 at Tue 08:30:00 11/08/20
08-06 02:03:39.937 21902 21902 I SessionReminderNotifier: Created session reminder alarm for 53c0527a6f009a1f2fd223834d3bfe51 at Tue 10:30:00 11/08/20
08-06 02:03:39.939 21902 21902 I SessionReminderNotifier: Created session reminder alarm for e0fc978b5db8218778540b4053344581 at Tue 11:00:00 11/08/20
08-06 02:03:39.941 21902 21902 I SessionReminderNotifier: Created session reminder alarm for 199afb0100f329ff65a09e1b0cd9deba at Tue 11:30:00 11/08/20
08-06 02:03:39.943 21902 21902 I SessionReminderNotifier: Created session reminder alarm for 21712fef61090882c855a1425543edb5 at Tue 13:30:00 11/08/20
08-06 02:03:39.945 21902 21902 I SessionReminderNotifier: Created session reminder alarm for 65ca4d97f031f29a4d02bbb45a705d8f at Wed 08:30:00 12/08/20
08-06 02:03:39.947 21902 21902 I SessionReminderNotifier: Created session reminder alarm for eeda7741b0bcab58fd9f46dc6ef1d942 at Wed 08:30:00 12/08/20
08-06 02:03:39.949 21902 21902 I SessionReminderNotifier: Created session reminder alarm for c276c1b2075a0beb67f1b3d1e580f920 at Wed 11:00:00 12/08/20
08-06 02:03:39.951 21902 21902 I SessionReminderNotifier: Created session reminder alarm for 8b1f3627e42ae13a6f6ba0a83903dde1 at Wed 13:30:00 12/08/20
08-06 02:03:39.953 21902 21902 I SessionReminderNotifier: Created session reminder alarm for 79fe0b5c3b887a13ba29db5a33fa2800 at Thu 08:30:00 06/08/20
08-06 02:03:39.956 21902 21902 I SessionReminderNotifier: Created session reminder alarm for cb9dfc8231cdba2be0835dc5709690e1 at Thu 08:30:00 06/08/20
08-06 02:03:39.959 21902 21902 I SessionReminderNotifier: Created session reminder alarm for f850dc24d6de60b7b89fa9e1a8c224c5 at Thu 12:00:00 06/08/20
08-06 02:03:39.961 21902 21902 I SessionReminderNotifier: Created session reminder alarm for 2ba1034116e4fffdd592dbf0796a43d5 at Fri 08:30:00 07/08/20
08-06 02:03:39.961 21902 21902 I SettingsManager: Getting boolean: showHiddenSessions
08-06 02:03:39.962 21902 21902 D SessionListsFragment: 1 sessions for day 0
08-06 02:03:39.962 21902 21902 D SessionListsFragment: 6 sessions for day 1
08-06 02:03:39.962 21902 21902 D SessionListsFragment: 4 sessions for day 2
08-06 02:03:39.962 21902 21902 D SessionListsFragment: 3 sessions for day 3
08-06 02:03:39.962 21902 21902 D SessionListsFragment: 1 sessions for day 4
08-06 02:03:39.963 21902 22237 I art     : Explicit concurrent mark sweep GC freed 54912(2MB) AllocSpace objects, 4(156KB) LOS objects, 30% free, 36MB/52MB, paused 836us total 62.664ms
08-06 02:03:39.986 21902 22237 I art     : Starting a blocking GC Explicit
08-06 02:03:40.009   512  2967 D audio_hw_primary: disable_audio_route: reset and update mixer path: low-latency-playback speaker
08-06 02:03:40.010   512  2967 D audio_hw_primary: disable_snd_device: snd_device(2: speaker)
08-06 02:03:40.013 21902 21902 I SettingsManager: Getting boolean: showHiddenSessions
08-06 02:03:40.014 21902 21902 D SessionListsFragment: Refreshed ViewPager
08-06 02:03:40.014 21902 21902 I SettingsManager: Getting boolean: showHiddenSessions
08-06 02:03:40.014 21902 21902 I SettingsManager: Getting boolean: completedTutorial
08-06 02:03:40.014 21902 21902 I SettingsManager: Getting boolean: showHiddenSessions
08-06 02:03:40.014 21902 21902 I SettingsManager: Getting date: savedSessionsTime
08-06 02:03:40.017   512  2967 I soundtrigger: audio_extn_sound_trigger_update_device_status: device 0x2 of type 0 for Event 0
08-06 02:03:40.047 21902 22237 I art     : Explicit concurrent mark sweep GC freed 11721(530KB) AllocSpace objects, 0(0B) LOS objects, 30% free, 36MB/52MB, paused 1.417ms total 60.866ms
08-06 02:03:40.067 21902 22237 I art     : Starting a blocking GC Explicit
08-06 02:03:40.137 21902 22237 I art     : Explicit concurrent mark sweep GC freed 30391(1222KB) AllocSpace objects, 0(0B) LOS objects, 30% free, 36MB/52MB, paused 1.413ms total 68.885ms
08-06 02:03:40.160 21902 22237 I art     : Starting a blocking GC Explicit
08-06 02:03:40.230 21902 22237 I art     : Explicit concurrent mark sweep GC freed 28276(1158KB) AllocSpace objects, 0(0B) LOS objects, 30% free, 36MB/52MB, paused 1.366ms total 70.723ms
08-06 02:03:40.543 21902 21913 I art     : Starting a blocking GC Explicit
08-06 02:03:40.641 21902 21913 I art     : Explicit concurrent mark sweep GC freed 132680(5MB) AllocSpace objects, 1(20KB) LOS objects, 29% free, 37MB/53MB, paused 1.469ms total 97.773ms
08-06 02:03:40.665 21902 21913 I art     : Starting a blocking GC Explicit
08-06 02:03:40.747 21902 21913 I art     : Explicit concurrent mark sweep GC freed 39161(1744KB) AllocSpace objects, 0(0B) LOS objects, 29% free, 37MB/53MB, paused 1.781ms total 81.115ms
08-06 02:03:40.771 21902 21913 I art     : Starting a blocking GC Explicit
08-06 02:03:40.837 21902 21902 I Choreographer: Skipped 48 frames!  The application may be doing too much work on its main thread.
08-06 02:03:40.850 21902 21913 I art     : Explicit concurrent mark sweep GC freed 29129(1199KB) AllocSpace objects, 0(0B) LOS objects, 29% free, 37MB/53MB, paused 1.298ms total 77.980ms
08-06 02:03:40.850 21902 21912 I art     : WaitForGcToComplete blocked for 55.414ms for cause HeapTrim
08-06 02:03:40.873 21902 21913 I art     : Starting a blocking GC Explicit
08-06 02:03:40.941 21902 21913 I art     : Explicit concurrent mark sweep GC freed 1534(99KB) AllocSpace objects, 0(0B) LOS objects, 29% free, 37MB/53MB, paused 518us total 67.603ms
08-06 02:03:40.966 21902 21913 I art     : Starting a blocking GC Explicit
08-06 02:03:41.022 21902 21913 I art     : Explicit concurrent mark sweep GC freed 121529(11MB) AllocSpace objects, 3(136KB) LOS objects, 37% free, 26MB/42MB, paused 489us total 55.904ms
08-06 02:03:41.370 21902 22504 I art     : Starting a blocking GC Explicit
08-06 02:03:41.427 21902 22504 I art     : Explicit concurrent mark sweep GC freed 1517(85KB) AllocSpace objects, 1(20KB) LOS objects, 37% free, 26MB/42MB, paused 533us total 56.692ms
08-06 02:03:41.443 21902 22504 I art     : Starting a blocking GC Explicit
08-06 02:03:41.487 21902 22504 I art     : Explicit concurrent mark sweep GC freed 18(624B) AllocSpace objects, 0(0B) LOS objects, 37% free, 26MB/42MB, paused 616us total 44.444ms
08-06 02:03:41.504 21902 22504 I art     : Starting a blocking GC Explicit
08-06 02:03:41.549 21902 22504 I art     : Explicit concurrent mark sweep GC freed 3(96B) AllocSpace objects, 0(0B) LOS objects, 37% free, 26MB/42MB, paused 547us total 44.710ms
08-06 02:03:41.566 21902 22504 I art     : Starting a blocking GC Explicit
08-06 02:03:41.613 21902 22504 I art     : Explicit concurrent mark sweep GC freed 7(320B) AllocSpace objects, 0(0B) LOS objects, 37% free, 26MB/42MB, paused 700us total 46.799ms
08-06 02:03:41.629 21902 22504 I art     : Starting a blocking GC Explicit
08-06 02:03:41.674 21902 22504 I art     : Explicit concurrent mark sweep GC freed 40(1312B) AllocSpace objects, 0(0B) LOS objects, 37% free, 26MB/42MB, paused 564us total 44.849ms
08-06 02:03:42.030 21902 22237 I art     : Starting a blocking GC Explicit
08-06 02:03:42.084 21902 22237 I art     : Explicit concurrent mark sweep GC freed 1398(78KB) AllocSpace objects, 1(20KB) LOS objects, 37% free, 26MB/42MB, paused 611us total 53.754ms
08-06 02:03:42.104 21902 22237 I art     : Starting a blocking GC Explicit
08-06 02:03:42.149 21902 22237 I art     : Explicit concurrent mark sweep GC freed 18(624B) AllocSpace objects, 0(0B) LOS objects, 37% free, 26MB/42MB, paused 552us total 45.522ms
08-06 02:03:42.166 21902 22237 I art     : Starting a blocking GC Explicit
08-06 02:03:42.214 21902 22237 I art     : Explicit concurrent mark sweep GC freed 3(96B) AllocSpace objects, 0(0B) LOS objects, 37% free, 26MB/42MB, paused 570us total 47.537ms
08-06 02:03:42.230 21902 22237 I art     : Starting a blocking GC Explicit
08-06 02:03:42.279 21902 22237 I art     : Explicit concurrent mark sweep GC freed 3(96B) AllocSpace objects, 0(0B) LOS objects, 37% free, 26MB/42MB, paused 577us total 48.752ms
08-06 02:03:42.296 21902 22237 I art     : Starting a blocking GC Explicit
08-06 02:03:42.342 21902 22237 I art     : Explicit concurrent mark sweep GC freed 3(96B) AllocSpace objects, 0(0B) LOS objects, 37% free, 26MB/42MB, paused 574us total 45.785ms
08-06 02:03:42.692 21902 22504 I art     : Starting a blocking GC Explicit
08-06 02:03:42.760 21902 22504 I art     : Explicit concurrent mark sweep GC freed 1293(75KB) AllocSpace objects, 1(20KB) LOS objects, 37% free, 26MB/42MB, paused 831us total 67.070ms
08-06 02:03:42.782 21902 22504 I art     : Starting a blocking GC Explicit
08-06 02:03:42.829 21902 22504 I art     : Explicit concurrent mark sweep GC freed 18(624B) AllocSpace objects, 0(0B) LOS objects, 37% free, 26MB/42MB, paused 537us total 46.813ms
08-06 02:03:42.846 21902 22504 I art     : Starting a blocking GC Explicit
08-06 02:03:42.897 21902 22504 I art     : Explicit concurrent mark sweep GC freed 3(96B) AllocSpace objects, 0(0B) LOS objects, 37% free, 26MB/42MB, paused 544us total 50.833ms
08-06 02:03:42.918 21902 22504 I art     : Starting a blocking GC Explicit
08-06 02:03:42.964 21902 22504 I art     : Explicit concurrent mark sweep GC freed 3(96B) AllocSpace objects, 0(0B) LOS objects, 37% free, 26MB/42MB, paused 564us total 45.986ms
08-06 02:03:42.981 21902 22504 I art     : Starting a blocking GC Explicit
08-06 02:03:43.027 21902 22504 I art     : Explicit concurrent mark sweep GC freed 3(96B) AllocSpace objects, 0(0B) LOS objects, 37% free, 26MB/42MB, paused 518us total 46.202ms
08-06 02:03:43.386 21902 22447 I art     : Starting a blocking GC Explicit
08-06 02:03:43.446 21902 22447 I art     : Explicit concurrent mark sweep GC freed 1293(75KB) AllocSpace objects, 1(20KB) LOS objects, 37% free, 26MB/42MB, paused 602us total 59.100ms
08-06 02:03:43.465 21902 22447 I art     : Starting a blocking GC Explicit
08-06 02:03:43.509 21902 22447 I art     : Explicit concurrent mark sweep GC freed 18(624B) AllocSpace objects, 0(0B) LOS objects, 37% free, 26MB/42MB, paused 533us total 43.821ms
08-06 02:03:43.525 21902 22447 I art     : Starting a blocking GC Explicit
08-06 02:03:43.565 21902 22447 I art     : Explicit concurrent mark sweep GC freed 3(96B) AllocSpace objects, 0(0B) LOS objects, 37% free, 26MB/42MB, paused 525us total 39.225ms
08-06 02:03:43.581 21902 22447 I art     : Starting a blocking GC Explicit
08-06 02:03:43.629 21902 22447 I art     : Explicit concurrent mark sweep GC freed 3(96B) AllocSpace objects, 0(0B) LOS objects, 37% free, 26MB/42MB, paused 531us total 47.997ms
08-06 02:03:43.646 21902 22447 I art     : Starting a blocking GC Explicit
08-06 02:03:43.689 21902 22447 I art     : Explicit concurrent mark sweep GC freed 3(96B) AllocSpace objects, 0(0B) LOS objects, 37% free, 26MB/42MB, paused 542us total 42.875ms
08-06 02:03:44.019 21902 22237 I art     : Starting a blocking GC Explicit
08-06 02:03:44.068 21902 22237 I art     : Explicit concurrent mark sweep GC freed 1334(77KB) AllocSpace objects, 1(20KB) LOS objects, 37% free, 26MB/42MB, paused 539us total 48.512ms
08-06 02:03:44.086 21902 22237 I art     : Starting a blocking GC Explicit
08-06 02:03:44.131 21902 22237 I art     : Explicit concurrent mark sweep GC freed 72(2240B) AllocSpace objects, 0(0B) LOS objects, 37% free, 26MB/42MB, paused 598us total 43.825ms
08-06 02:03:44.147 21902 22237 I art     : Starting a blocking GC Explicit
08-06 02:03:44.191 21902 22237 I art     : Explicit concurrent mark sweep GC freed 4(128B) AllocSpace objects, 0(0B) LOS objects, 37% free, 26MB/42MB, paused 581us total 44.233ms
08-06 02:03:44.207 21902 22237 I art     : Starting a blocking GC Explicit
08-06 02:03:44.224 23376 23376 D AndroidRuntime: >>>>>> START com.android.internal.os.RuntimeInit uid 2000 <<<<<<
08-06 02:03:44.229 23376 23376 D AndroidRuntime: CheckJNI is OFF
08-06 02:03:44.250 21902 22237 I art     : Explicit concurrent mark sweep GC freed 151(10KB) AllocSpace objects, 0(0B) LOS objects, 37% free, 26MB/42MB, paused 562us total 42.571ms
08-06 02:03:44.265 21902 22237 I art     : Starting a blocking GC Explicit
08-06 02:03:44.273 21369 21369 I ServiceManager: Waiting for service AtCmdFwd...
08-06 02:03:44.277 23376 23376 D ICU     : No timezone override file found: /data/misc/zoneinfo/current/icu/icu_tzdata.dat
08-06 02:03:44.309 21902 22237 I art     : Explicit concurrent mark sweep GC freed 3(96B) AllocSpace objects, 0(0B) LOS objects, 37% free, 26MB/42MB, paused 586us total 43.468ms
08-06 02:03:44.323 23376 23376 I Radio-JNI: register_android_hardware_Radio DONE
08-06 02:03:44.352 23376 23376 D AndroidRuntime: Calling main entry com.android.commands.input.Input
08-06 02:03:44.355 23376 23376 I Input   : injectMotionEvent: MotionEvent { action=ACTION_DOWN, actionButton=0, id[0]=0, x[0]=81.0, y[0]=176.0, toolType[0]=TOOL_TYPE_UNKNOWN, buttonState=0, metaState=0, flags=0x0, edgeFlags=0x0, pointerCount=1, historySize=0, eventTime=842640767, downTime=842640767, deviceId=0, source=0x1002 }
08-06 02:03:44.360 23376 23376 I Input   : injectMotionEvent: MotionEvent { action=ACTION_UP, actionButton=0, id[0]=0, x[0]=81.0, y[0]=176.0, toolType[0]=TOOL_TYPE_UNKNOWN, buttonState=0, metaState=0, flags=0x0, edgeFlags=0x0, pointerCount=1, historySize=0, eventTime=842640767, downTime=842640767, deviceId=0, source=0x1002 }
08-06 02:03:44.364 23376 23376 D AndroidRuntime: Shutting down VM
08-06 02:03:44.367   512  2967 D audio_hw_primary: out_set_parameters: enter: usecase(1: low-latency-playback) kvpairs: routing=2
08-06 02:03:44.380   512  2967 D audio_hw_primary: select_devices: out_snd_device(2: speaker) in_snd_device(0: none)
08-06 02:03:44.380   512  2967 D msm8974_platform: platform_send_audio_calibration: sending audio calibration for snd_device(2) acdb_id(15)
08-06 02:03:44.380   512  2967 I soundtrigger: audio_extn_sound_trigger_update_device_status: device 0x2 of type 0 for Event 1
08-06 02:03:44.393   512  2967 D audio_hw_primary: enable_snd_device: snd_device(2: speaker)
08-06 02:03:44.395   512  2967 D audio_hw_primary: enable_audio_route: apply and update mixer path: low-latency-playback speaker
08-06 02:03:44.398 13866 13866 I GoogleInputMethodServic: GoogleInputMethodService.onFinishInput():3138 
08-06 02:03:44.399 13866 13866 I GoogleInputMethodServic: GoogleInputMethodService.onStartInput():1808 
08-06 02:03:44.620 21902 21913 I art     : Starting a blocking GC Explicit
08-06 02:03:44.668 21902 21913 I art     : Explicit concurrent mark sweep GC freed 1710(96KB) AllocSpace objects, 1(20KB) LOS objects, 37% free, 26MB/42MB, paused 593us total 47.268ms
08-06 02:03:44.685 21902 21913 I art     : Starting a blocking GC Explicit
08-06 02:03:44.728 21902 21913 I art     : Explicit concurrent mark sweep GC freed 34(1312B) AllocSpace objects, 0(0B) LOS objects, 37% free, 26MB/42MB, paused 685us total 42.694ms
08-06 02:03:44.745 21902 21913 I art     : Starting a blocking GC Explicit
08-06 02:03:44.787 21902 21913 I art     : Explicit concurrent mark sweep GC freed 5(192B) AllocSpace objects, 0(0B) LOS objects, 37% free, 26MB/42MB, paused 527us total 41.414ms
08-06 02:03:44.802 21902 21913 I art     : Starting a blocking GC Explicit
08-06 02:03:44.846 21902 21913 I art     : Explicit concurrent mark sweep GC freed 6(192B) AllocSpace objects, 0(0B) LOS objects, 37% free, 26MB/42MB, paused 521us total 43.949ms
08-06 02:03:44.864 21902 21913 I art     : Starting a blocking GC Explicit
08-06 02:03:44.904 21902 21913 I art     : Explicit concurrent mark sweep GC freed 3(96B) AllocSpace objects, 0(0B) LOS objects, 37% free, 26MB/42MB, paused 539us total 40.270ms
08-06 02:03:44.940   512  2967 D audio_hw_primary: disable_audio_route: reset and update mixer path: low-latency-playback speaker
08-06 02:03:44.942   512  2967 D audio_hw_primary: disable_snd_device: snd_device(2: speaker)
08-06 02:03:44.950   512  2967 I soundtrigger: audio_extn_sound_trigger_update_device_status: device 0x2 of type 0 for Event 0
08-06 02:03:45.227 21902 21913 I art     : Starting a blocking GC Explicit
08-06 02:03:45.273 21369 21369 I ServiceManager: Waiting for service AtCmdFwd...
08-06 02:03:45.289 21902 21913 I art     : Explicit concurrent mark sweep GC freed 1293(75KB) AllocSpace objects, 1(20KB) LOS objects, 37% free, 26MB/42MB, paused 630us total 61.512ms
08-06 02:03:45.309 21902 21913 I art     : Starting a blocking GC Explicit
08-06 02:03:45.353 21902 21913 I art     : Explicit concurrent mark sweep GC freed 20(688B) AllocSpace objects, 0(0B) LOS objects, 37% free, 26MB/42MB, paused 559us total 43.648ms
08-06 02:03:45.369 21902 21913 I art     : Starting a blocking GC Explicit
08-06 02:03:45.414 21902 21913 I art     : Explicit concurrent mark sweep GC freed 3(96B) AllocSpace objects, 0(0B) LOS objects, 37% free, 26MB/42MB, paused 588us total 44.270ms
08-06 02:03:45.430 21902 21913 I art     : Starting a blocking GC Explicit
08-06 02:03:45.474 21902 21913 I art     : Explicit concurrent mark sweep GC freed 3(96B) AllocSpace objects, 0(0B) LOS objects, 37% free, 26MB/42MB, paused 542us total 43.437ms
08-06 02:03:45.490 21902 21913 I art     : Starting a blocking GC Explicit
08-06 02:03:45.533 21902 21913 I art     : Explicit concurrent mark sweep GC freed 3(96B) AllocSpace objects, 0(0B) LOS objects, 37% free, 26MB/42MB, paused 553us total 43.626ms
08-06 02:03:45.546   918  3188 I hubconnection: sensorhub said: 'set_bias 3: -5.9040, 0.0000, 0.0000'
08-06 02:03:45.833 21902 22237 I art     : Starting a blocking GC Explicit
08-06 02:03:45.877 21902 22237 I art     : Explicit concurrent mark sweep GC freed 1293(75KB) AllocSpace objects, 1(20KB) LOS objects, 37% free, 26MB/42MB, paused 561us total 43.977ms
08-06 02:03:45.892 21902 22237 I art     : Starting a blocking GC Explicit
08-06 02:03:45.935 21902 22237 I art     : Explicit concurrent mark sweep GC freed 18(624B) AllocSpace objects, 0(0B) LOS objects, 37% free, 26MB/42MB, paused 561us total 41.972ms
08-06 02:03:45.950 21902 22237 I art     : Starting a blocking GC Explicit
08-06 02:03:45.992 21902 22237 I art     : Explicit concurrent mark sweep GC freed 3(96B) AllocSpace objects, 0(0B) LOS objects, 37% free, 26MB/42MB, paused 554us total 41.615ms
08-06 02:03:45.992 21902 21912 I art     : WaitForGcToComplete blocked for 41.878ms for cause HeapTrim
08-06 02:03:46.008 21902 22237 I art     : Starting a blocking GC Explicit
08-06 02:03:46.050 21902 22237 I art     : Explicit concurrent mark sweep GC freed 7(224B) AllocSpace objects, 0(0B) LOS objects, 37% free, 26MB/42MB, paused 731us total 41.673ms
08-06 02:03:46.067 21902 22237 I art     : Starting a blocking GC Explicit
08-06 02:03:46.110 21902 22237 I art     : Explicit concurrent mark sweep GC freed 11(352B) AllocSpace objects, 0(0B) LOS objects, 37% free, 26MB/42MB, paused 572us total 42.889ms
08-06 02:03:46.159 23421 23421 D AndroidRuntime: >>>>>> START com.android.internal.os.RuntimeInit uid 2000 <<<<<<
08-06 02:03:46.165 23421 23421 D AndroidRuntime: CheckJNI is OFF
08-06 02:03:46.206 23421 23421 D ICU     : No timezone override file found: /data/misc/zoneinfo/current/icu/icu_tzdata.dat
08-06 02:03:46.251 23421 23421 I Radio-JNI: register_android_hardware_Radio DONE
08-06 02:03:46.274 21369 21369 I ServiceManager: Waiting for service AtCmdFwd...
08-06 02:03:46.281 23421 23421 D AndroidRuntime: Calling main entry com.android.commands.input.Input
08-06 02:03:46.283 23421 23421 I Input   : injectMotionEvent: MotionEvent { action=ACTION_DOWN, actionButton=0, id[0]=0, x[0]=360.0, y[0]=1098.0, toolType[0]=TOOL_TYPE_UNKNOWN, buttonState=0, metaState=0, flags=0x0, edgeFlags=0x0, pointerCount=1, historySize=0, eventTime=842642696, downTime=842642696, deviceId=0, source=0x1002 }
08-06 02:03:46.289 23421 23421 I Input   : injectMotionEvent: MotionEvent { action=ACTION_UP, actionButton=0, id[0]=0, x[0]=360.0, y[0]=1098.0, toolType[0]=TOOL_TYPE_UNKNOWN, buttonState=0, metaState=0, flags=0x0, edgeFlags=0x0, pointerCount=1, historySize=0, eventTime=842642696, downTime=842642696, deviceId=0, source=0x1002 }
08-06 02:03:46.291 23421 23421 D AndroidRuntime: Shutting down VM
08-06 02:03:46.298 21902 21902 D MainActivity: NavigationItemSelected: Term dates
08-06 02:03:46.302   512  2967 D audio_hw_primary: out_set_parameters: enter: usecase(1: low-latency-playback) kvpairs: routing=2
08-06 02:03:46.315   512  2967 D audio_hw_primary: select_devices: out_snd_device(2: speaker) in_snd_device(0: none)
08-06 02:03:46.315   512  2967 D msm8974_platform: platform_send_audio_calibration: sending audio calibration for snd_device(2) acdb_id(15)
08-06 02:03:46.316   512  2967 I soundtrigger: audio_extn_sound_trigger_update_device_status: device 0x2 of type 0 for Event 1
08-06 02:03:46.329   512  2967 D audio_hw_primary: enable_snd_device: snd_device(2: speaker)
08-06 02:03:46.333   512  2967 D audio_hw_primary: enable_audio_route: apply and update mixer path: low-latency-playback speaker
08-06 02:03:46.446 21902 22237 I art     : Starting a blocking GC Explicit
08-06 02:03:46.484 21902 22237 I art     : Explicit concurrent mark sweep GC freed 1837(97KB) AllocSpace objects, 1(20KB) LOS objects, 37% free, 26MB/42MB, paused 612us total 38.443ms
08-06 02:03:46.500 21902 22237 I art     : Starting a blocking GC Explicit
08-06 02:03:46.539 21902 22237 I art     : Explicit concurrent mark sweep GC freed 224(16KB) AllocSpace objects, 0(0B) LOS objects, 37% free, 26MB/42MB, paused 528us total 38.747ms
08-06 02:03:46.554 21902 22237 I art     : Starting a blocking GC Explicit
08-06 02:03:46.594 21902 22237 I art     : Explicit concurrent mark sweep GC freed 9(288B) AllocSpace objects, 0(0B) LOS objects, 37% free, 26MB/42MB, paused 535us total 38.832ms
08-06 02:03:46.609 21902 22237 I art     : Starting a blocking GC Explicit
08-06 02:03:46.648 21902 22237 I art     : Explicit concurrent mark sweep GC freed 9(288B) AllocSpace objects, 0(0B) LOS objects, 37% free, 26MB/42MB, paused 588us total 39.113ms
08-06 02:03:46.663 21902 22237 I art     : Starting a blocking GC Explicit
08-06 02:03:46.703 21902 22237 I art     : Explicit concurrent mark sweep GC freed 11(352B) AllocSpace objects, 0(0B) LOS objects, 37% free, 26MB/42MB, paused 503us total 39.493ms
08-06 02:03:46.734 13866 13866 I GoogleInputMethodServic: GoogleInputMethodService.onFinishInput():3138 
08-06 02:03:46.735 13866 13866 I GoogleInputMethodServic: GoogleInputMethodService.onStartInput():1808 
08-06 02:03:46.869   512  2967 D audio_hw_primary: disable_audio_route: reset and update mixer path: low-latency-playback speaker
08-06 02:03:46.872   512  2967 D audio_hw_primary: disable_snd_device: snd_device(2: speaker)
08-06 02:03:46.881   512  2967 I soundtrigger: audio_extn_sound_trigger_update_device_status: device 0x2 of type 0 for Event 0
08-06 02:03:47.052 21902 21913 I art     : Starting a blocking GC Explicit
08-06 02:03:47.103 21902 21913 I art     : Explicit concurrent mark sweep GC freed 1364(77KB) AllocSpace objects, 1(20KB) LOS objects, 37% free, 26MB/42MB, paused 705us total 51.237ms
08-06 02:03:47.121 21902 21913 I art     : Starting a blocking GC Explicit
08-06 02:03:47.160 21902 21913 I art     : Explicit concurrent mark sweep GC freed 28(944B) AllocSpace objects, 0(0B) LOS objects, 37% free, 26MB/42MB, paused 523us total 38.417ms
08-06 02:03:47.175 21902 21913 I art     : Starting a blocking GC Explicit
08-06 02:03:47.219 21902 21913 I art     : Explicit concurrent mark sweep GC freed 9(288B) AllocSpace objects, 0(0B) LOS objects, 37% free, 26MB/42MB, paused 830us total 43.308ms
08-06 02:03:47.237 21902 21913 I art     : Starting a blocking GC Explicit
08-06 02:03:47.275 21369 21369 I ServiceManager: Waiting for service AtCmdFwd...
08-06 02:03:47.277 21902 21913 I art     : Explicit concurrent mark sweep GC freed 11(352B) AllocSpace objects, 0(0B) LOS objects, 37% free, 26MB/42MB, paused 518us total 40.226ms
08-06 02:03:47.292 21902 21913 I art     : Starting a blocking GC Explicit
08-06 02:03:47.335 21902 21913 I art     : Explicit concurrent mark sweep GC freed 9(288B) AllocSpace objects, 0(0B) LOS objects, 37% free, 26MB/42MB, paused 626us total 42.233ms
08-06 02:03:47.667 21902 21914 I art     : Starting a blocking GC Explicit
08-06 02:03:47.721 21902 21914 I art     : Explicit concurrent mark sweep GC freed 1340(77KB) AllocSpace objects, 1(20KB) LOS objects, 37% free, 26MB/42MB, paused 686us total 53.893ms
08-06 02:03:47.741 21902 21914 I art     : Starting a blocking GC Explicit
08-06 02:03:47.786 21902 21914 I art     : Explicit concurrent mark sweep GC freed 27(912B) AllocSpace objects, 0(0B) LOS objects, 37% free, 26MB/42MB, paused 507us total 44.680ms
08-06 02:03:47.804 21902 21914 I art     : Starting a blocking GC Explicit
08-06 02:03:47.847 21902 21914 I art     : Explicit concurrent mark sweep GC freed 9(288B) AllocSpace objects, 0(0B) LOS objects, 37% free, 26MB/42MB, paused 545us total 43.086ms
08-06 02:03:47.863 21902 21914 I art     : Starting a blocking GC Explicit
08-06 02:03:47.907 21902 21914 I art     : Explicit concurrent mark sweep GC freed 11(352B) AllocSpace objects, 0(0B) LOS objects, 37% free, 26MB/42MB, paused 510us total 43.362ms
08-06 02:03:47.925 21902 21914 I art     : Starting a blocking GC Explicit
08-06 02:03:47.972 21902 21914 I art     : Explicit concurrent mark sweep GC freed 16(512B) AllocSpace objects, 0(0B) LOS objects, 37% free, 26MB/42MB, paused 644us total 46.592ms
08-06 02:03:48.275 21369 21369 I ServiceManager: Waiting for service AtCmdFwd...
08-06 02:03:48.327 21902 22237 I art     : Starting a blocking GC Explicit
08-06 02:03:48.408 21902 22237 I art     : Explicit concurrent mark sweep GC freed 1345(77KB) AllocSpace objects, 1(20KB) LOS objects, 37% free, 26MB/42MB, paused 570us total 80.480ms
08-06 02:03:48.428 21902 22237 I art     : Starting a blocking GC Explicit
08-06 02:03:48.473 21902 22237 I art     : Explicit concurrent mark sweep GC freed 18(624B) AllocSpace objects, 0(0B) LOS objects, 37% free, 26MB/42MB, paused 552us total 44.099ms
08-06 02:03:48.490 21902 22237 I art     : Starting a blocking GC Explicit
08-06 02:03:48.537 21902 22237 I art     : Explicit concurrent mark sweep GC freed 3(96B) AllocSpace objects, 0(0B) LOS objects, 37% free, 26MB/42MB, paused 564us total 46.870ms
08-06 02:03:48.553 21902 22237 I art     : Starting a blocking GC Explicit
08-06 02:03:48.603 21902 22237 I art     : Explicit concurrent mark sweep GC freed 3(96B) AllocSpace objects, 0(0B) LOS objects, 37% free, 26MB/42MB, paused 609us total 48.992ms
08-06 02:03:48.623 21902 22237 I art     : Starting a blocking GC Explicit
08-06 02:03:48.668 21902 22237 I art     : Explicit concurrent mark sweep GC freed 3(96B) AllocSpace objects, 0(0B) LOS objects, 37% free, 26MB/42MB, paused 652us total 44.824ms
08-06 02:03:49.040 21902 21913 I art     : Starting a blocking GC Explicit
08-06 02:03:49.099 21902 21913 I art     : Explicit concurrent mark sweep GC freed 1293(75KB) AllocSpace objects, 1(20KB) LOS objects, 37% free, 26MB/42MB, paused 758us total 58.764ms
08-06 02:03:49.119 21902 21913 I art     : Starting a blocking GC Explicit
08-06 02:03:49.166 21902 21913 I art     : Explicit concurrent mark sweep GC freed 18(624B) AllocSpace objects, 0(0B) LOS objects, 37% free, 26MB/42MB, paused 555us total 46.800ms
08-06 02:03:49.182 21902 21913 I art     : Starting a blocking GC Explicit
08-06 02:03:49.231 21902 21913 I art     : Explicit concurrent mark sweep GC freed 3(96B) AllocSpace objects, 0(0B) LOS objects, 37% free, 26MB/42MB, paused 606us total 48.400ms
08-06 02:03:49.251 21902 21913 I art     : Starting a blocking GC Explicit
08-06 02:03:49.275 21369 21369 W Atfwd_Sendcmd: AtCmdFwd service not published, waiting... retryCnt : 5
08-06 02:03:49.298 21902 21913 I art     : Explicit concurrent mark sweep GC freed 3(96B) AllocSpace objects, 0(0B) LOS objects, 37% free, 26MB/42MB, paused 569us total 46.597ms
08-06 02:03:49.315 21902 21913 I art     : Starting a blocking GC Explicit
08-06 02:03:49.363 21902 21913 I art     : Explicit concurrent mark sweep GC freed 3(96B) AllocSpace objects, 0(0B) LOS objects, 37% free, 26MB/42MB, paused 560us total 47.830ms
08-06 02:03:49.711 21902 22447 I art     : Starting a blocking GC Explicit
08-06 02:03:49.770 21902 22447 I art     : Explicit concurrent mark sweep GC freed 1293(75KB) AllocSpace objects, 1(20KB) LOS objects, 37% free, 26MB/42MB, paused 605us total 58.523ms
08-06 02:03:49.791 21902 22447 I art     : Starting a blocking GC Explicit
08-06 02:03:49.838 21902 22447 I art     : Explicit concurrent mark sweep GC freed 18(624B) AllocSpace objects, 0(0B) LOS objects, 37% free, 26MB/42MB, paused 636us total 46.502ms
08-06 02:03:49.855 21902 22447 I art     : Starting a blocking GC Explicit
08-06 02:03:49.902 21902 22447 I art     : Explicit concurrent mark sweep GC freed 3(96B) AllocSpace objects, 0(0B) LOS objects, 37% free, 26MB/42MB, paused 535us total 47.250ms
08-06 02:03:49.918 21902 22447 I art     : Starting a blocking GC Explicit
08-06 02:03:49.967 21902 22447 I art     : Explicit concurrent mark sweep GC freed 3(96B) AllocSpace objects, 0(0B) LOS objects, 37% free, 26MB/42MB, paused 657us total 48.775ms
08-06 02:03:49.984 21902 22447 I art     : Starting a blocking GC Explicit
08-06 02:03:50.031 21902 22447 I art     : Explicit concurrent mark sweep GC freed 3(96B) AllocSpace objects, 0(0B) LOS objects, 37% free, 26MB/42MB, paused 555us total 46.898ms
08-06 02:03:50.378 21902 21914 I art     : Starting a blocking GC Explicit
08-06 02:03:50.435 21902 21914 I art     : Explicit concurrent mark sweep GC freed 1293(75KB) AllocSpace objects, 1(20KB) LOS objects, 37% free, 26MB/42MB, paused 614us total 56.304ms
08-06 02:03:50.455 21902 21914 I art     : Starting a blocking GC Explicit
08-06 02:03:50.505 21902 21914 I art     : Explicit concurrent mark sweep GC freed 18(624B) AllocSpace objects, 0(0B) LOS objects, 37% free, 26MB/42MB, paused 602us total 49.710ms
08-06 02:03:50.525 21902 21914 I art     : Starting a blocking GC Explicit
08-06 02:03:50.569 21902 21914 I art     : Explicit concurrent mark sweep GC freed 3(96B) AllocSpace objects, 0(0B) LOS objects, 37% free, 26MB/42MB, paused 545us total 43.244ms
08-06 02:03:50.585 21902 21914 I art     : Starting a blocking GC Explicit
08-06 02:03:50.629 21902 21914 I art     : Explicit concurrent mark sweep GC freed 3(96B) AllocSpace objects, 0(0B) LOS objects, 37% free, 26MB/42MB, paused 539us total 44.188ms
08-06 02:03:50.644 21902 21914 I art     : Starting a blocking GC Explicit
08-06 02:03:50.685 21902 21914 I art     : Explicit concurrent mark sweep GC freed 3(96B) AllocSpace objects, 0(0B) LOS objects, 37% free, 26MB/42MB, paused 552us total 40.704ms
08-06 02:03:51.026 21902 22504 I art     : Starting a blocking GC Explicit
08-06 02:03:51.079 21902 22504 I art     : Explicit concurrent mark sweep GC freed 1293(75KB) AllocSpace objects, 1(20KB) LOS objects, 37% free, 26MB/42MB, paused 726us total 51.959ms
08-06 02:03:51.079 21902 21912 I art     : WaitForGcToComplete blocked for 29.297ms for cause HeapTrim
08-06 02:03:51.099 21902 22504 I art     : Starting a blocking GC Explicit
08-06 02:03:51.143 21902 22504 I art     : Explicit concurrent mark sweep GC freed 18(624B) AllocSpace objects, 0(0B) LOS objects, 37% free, 26MB/42MB, paused 575us total 43.963ms
08-06 02:03:51.160 21902 22504 I art     : Starting a blocking GC Explicit
08-06 02:03:51.170 23519 23519 D AndroidRuntime: >>>>>> START com.android.internal.os.RuntimeInit uid 2000 <<<<<<
08-06 02:03:51.175 23519 23519 D AndroidRuntime: CheckJNI is OFF
08-06 02:03:51.205 21902 22504 I art     : Explicit concurrent mark sweep GC freed 3(96B) AllocSpace objects, 0(0B) LOS objects, 37% free, 26MB/42MB, paused 571us total 44.574ms
08-06 02:03:51.220 21902 22504 I art     : Starting a blocking GC Explicit
08-06 02:03:51.223 23519 23519 D ICU     : No timezone override file found: /data/misc/zoneinfo/current/icu/icu_tzdata.dat
08-06 02:03:51.264 21902 22504 I art     : Explicit concurrent mark sweep GC freed 3(96B) AllocSpace objects, 0(0B) LOS objects, 37% free, 26MB/42MB, paused 555us total 43.415ms
08-06 02:03:51.271 23519 23519 I Radio-JNI: register_android_hardware_Radio DONE
08-06 02:03:51.279 21902 22504 I art     : Starting a blocking GC Explicit
08-06 02:03:51.299 23519 23519 D AndroidRuntime: Calling main entry com.android.commands.am.Am
08-06 02:03:51.309  3167  3167 I Trepn   : Trepn 6.2s: Received intent: com.quicinc.trepn.stop_profiling
08-06 02:03:51.323 21902 22504 I art     : Explicit concurrent mark sweep GC freed 3(96B) AllocSpace objects, 0(0B) LOS objects, 37% free, 26MB/42MB, paused 571us total 43.588ms
08-06 02:03:51.356  3167  3167 I Trepn   : Trepn 6.2s: Trepn has Stopped Profiling.
08-06 02:03:51.580 23519 23519 D AndroidRuntime: Shutting down VM
08-06 02:03:51.584   918  5132 W AppOps  : Finishing op nesting under-run: uid 10078 pkg com.quicinc.trepn code 24 time=0 duration=0 nesting=0
08-06 02:03:51.663 21902 22237 I art     : Starting a blocking GC Explicit
08-06 02:03:51.702 21902 22237 I art     : Explicit concurrent mark sweep GC freed 1293(75KB) AllocSpace objects, 1(20KB) LOS objects, 37% free, 26MB/42MB, paused 519us total 38.935ms
08-06 02:03:51.717 21902 22237 I art     : Starting a blocking GC Explicit
08-06 02:03:51.759 21902 22237 I art     : Explicit concurrent mark sweep GC freed 18(624B) AllocSpace objects, 0(0B) LOS objects, 37% free, 26MB/42MB, paused 544us total 41.677ms
08-06 02:03:51.775 21902 22237 I art     : Starting a blocking GC Explicit
08-06 02:03:51.818 21902 22237 I art     : Explicit concurrent mark sweep GC freed 3(96B) AllocSpace objects, 0(0B) LOS objects, 37% free, 26MB/42MB, paused 737us total 42.843ms
08-06 02:03:51.834 21902 22237 I art     : Starting a blocking GC Explicit
08-06 02:03:51.874 21902 22237 I art     : Explicit concurrent mark sweep GC freed 3(96B) AllocSpace objects, 0(0B) LOS objects, 37% free, 26MB/42MB, paused 510us total 39.846ms
08-06 02:03:51.890 21902 22237 I art     : Starting a blocking GC Explicit
08-06 02:03:51.930 21902 22237 I art     : Explicit concurrent mark sweep GC freed 3(96B) AllocSpace objects, 0(0B) LOS objects, 37% free, 26MB/42MB, paused 549us total 40.232ms
08-06 02:03:52.957   918  3188 I hubconnection: sensorhub said: 'set_bias 3: -5.7696, 0.0000, 0.0000'
08-06 02:03:54.085   918  3261 D WifiStateMachine: starting scan for "H369AA63323"WPA_PSK with 2412,5180
