08-03 21:05:00.493  6080  6080 D NappaLifecycleObserver: nappagreedy.com.ak.uobtimetable.WelcomeActivity - onDestroy
08-03 21:05:00.493  6080  6080 D NappaLifecycleObserver: -------------F1_SCORE #1 -----------
08-03 21:05:00.493  6080  6080 D NappaLifecycleObserver: F1_SCORE - Intercept list (1)= [https://uob-timetable-api.adriankeenan.co.uk/courses]
08-03 21:05:00.493  6080  6080 D NappaLifecycleObserver: F1_SCORE - Prefetch list (0)= []
08-03 21:05:00.493  6080  6080 D NappaLifecycleObserver: F1_SCORE - TP list (0)= []
08-03 21:05:00.493  6080  6080 D NappaLifecycleObserver: F1_SCORE - FN list (1)= [https://uob-timetable-api.adriankeenan.co.uk/courses]
08-03 21:05:00.493  6080  6080 I NAPPA_EXPERIMENTATION: MetricPrefetchingAccuracy: LOG_ID='2',F1_SCORE_1='0.0',F1_SCORE_2='0.0',TRUE_POSITIVE='0',FALSE_POSITIVE='0',FALSE_NEGATIVE='1',
08-03 21:05:00.497  6080  6080 D NappaLifecycleObserver: nappagreedy.com.ak.uobtimetable.CourseListActivity - onPause
08-03 21:05:00.497  6080  6080 D Nappa   : Stayed on nappagreedy.com.ak.uobtimetable.CourseListActivity for 8721 ms
08-03 21:05:00.505  6080  6080 D NappaLifecycleObserver: nappagreedy.com.ak.uobtimetable.MainActivity - onDestroy
08-03 21:05:00.505  6080  6080 D NappaLifecycleObserver: -------------F1_SCORE #2 -----------
08-03 21:05:00.505  6080  6080 D NappaLifecycleObserver: F1_SCORE - Intercept list (1)= [https://uob-timetable-api.adriankeenan.co.uk/courses]
08-03 21:05:00.505  6080  6080 D NappaLifecycleObserver: F1_SCORE - Prefetch list (0)= []
08-03 21:05:00.505  6080  6080 D NappaLifecycleObserver: F1_SCORE - TP list (0)= []
08-03 21:05:00.506  6080  6080 D NappaLifecycleObserver: F1_SCORE - FN list (1)= [https://uob-timetable-api.adriankeenan.co.uk/courses]
08-03 21:05:00.506  6080  6080 I NAPPA_EXPERIMENTATION: MetricPrefetchingAccuracy: LOG_ID='3',F1_SCORE_1='0.0',F1_SCORE_2='0.0',TRUE_POSITIVE='0',FALSE_POSITIVE='0',FALSE_NEGATIVE='1',
08-03 21:05:00.506  6080  6080 D MainActivity: OnDestroy
08-03 21:05:00.531  6080  6080 D MainActivity: onCreate
08-03 21:05:00.531  6080  6080 I SettingsManager: Getting string: savedSessions
08-03 21:05:00.531  6080  6080 I Settings: No saved sessions
08-03 21:05:00.575  6080  6080 I SettingsManager: Getting string: savedCourse
08-03 21:05:00.577  6080  6080 D MainActivity: sessionListFragmentArg: updateSessions
08-03 21:05:00.577  6080  6080 D MainActivity: showTermDatesConfigChange: false
08-03 21:05:00.577  6080  6080 D MainActivity: showTermDatesShortcut: false
08-03 21:05:00.581  6080  6080 D MainActivity: Setting initial fragment: SessionListsFragment
08-03 21:05:00.584  6080  6080 I SettingsManager: Getting int: launchCount
08-03 21:05:00.586  6080  6080 D SessionListsFragment: onCreateView
08-03 21:05:00.605  6080  6080 I SettingsManager: Getting string: savedCourse
08-03 21:05:00.610  6080  6080 I SettingsManager: Getting string: savedSessions
08-03 21:05:00.610  6080  6080 D SessionListsFragment: loadArgument: updateSessions
08-03 21:05:00.610  6080  6080 D SessionListsFragment: initialIndex: -1
08-03 21:05:00.613  6080  6539 D Nappa   : TAG okHttpClient initialized
08-03 21:05:00.614  6080  6539 D HTTP    : Request for: https://uob-timetable-api.adriankeenan.co.uk/sessions?dept=BD002&course=CFIEFAAF%2F02AA%2F0%2FFT&level=ALL+Courses
08-03 21:05:00.615  6080  6080 I WebViewFactory: Loading com.google.android.webview version 84.0.4147.89 (code 414708953)
08-03 21:05:00.616  6080  6539 D CustomInterceptor: NETWORK-PROVIDER https://uob-timetable-api.adriankeenan.co.uk/sessions?dept=BD002&course=CFIEFAAF%2F02AA%2F0%2FFT&level=ALL+Courses
08-03 21:05:00.617  6080  6539 D Nappa   : F1_SCORE add_intercept_url - (new) - https://uob-timetable-api.adriankeenan.co.uk/sessions?dept=BD002&course=CFIEFAAF%2F02AA%2F0%2FFT&level=ALL+Courses
08-03 21:05:00.617  6080  6539 D Nappa   : F1_SCORE add_fn_url - (new) - https://uob-timetable-api.adriankeenan.co.uk/sessions?dept=BD002&course=CFIEFAAF%2F02AA%2F0%2FFT&level=ALL+Courses
08-03 21:05:00.617  6080  6539 D Nappa   : -------------F1_SCORE #3 -----------
08-03 21:05:00.617  6080  6539 D Nappa   : F1_SCORE - Intercept list (2)= [https://uob-timetable-api.adriankeenan.co.uk/courses, https://uob-timetable-api.adriankeenan.co.uk/sessions?dept=BD002&course=CFIEFAAF%2F02AA%2F0%2FFT&level=ALL+Courses]
08-03 21:05:00.618  6080  6539 D Nappa   : F1_SCORE - Prefetch list (0)= []
08-03 21:05:00.618  6080  6539 D Nappa   : F1_SCORE - TP list (0)= []
08-03 21:05:00.618  6080  6539 D Nappa   : F1_SCORE - FN list (2)= [https://uob-timetable-api.adriankeenan.co.uk/courses, https://uob-timetable-api.adriankeenan.co.uk/sessions?dept=BD002&course=CFIEFAAF%2F02AA%2F0%2FFT&level=ALL+Courses]
08-03 21:05:00.618  6080  6539 I NAPPA_EXPERIMENTATION: MetricPrefetchingAccuracy: LOG_ID='4',F1_SCORE_1='0.0',F1_SCORE_2='0.0',TRUE_POSITIVE='0',FALSE_POSITIVE='0',FALSE_NEGATIVE='2',
08-03 21:05:00.618  6080  6539 D CustomInterceptor: HEADER REQUEST
08-03 21:05:00.618  6080  6539 D CustomInterceptor: API-Version 2
08-03 21:05:00.618  6080  6539 D CustomInterceptor: App-Version 21
08-03 21:05:00.618  6080  6539 D CustomInterceptor: Cache-Control max-age=300, max-stale=300
08-03 21:05:00.618  6080  6539 D CustomInterceptor: User-Agent Dalvik/2.1.0 (Linux; U; Android 6.0; Nexus 6P Build/MDB08K)
08-03 21:05:00.618  6080  6539 D CustomInterceptor: CACHED STATS: size = '1', maxSize = '100', hitCount = '1', createCount = '0', putCount = '1', evictionCount = '0', missCount = '1', toString = 'LruCache[maxSize=100,hits=1,misses=1,hitRate=50%]', 
08-03 21:05:00.619  6080  6539 D CustomInterceptor: PREFLIB NOT A GET REQUEST OR NOT IN CACHEGET
08-03 21:05:00.717  6080  6099 D Nappa   : registerActivity: (already in) nappagreedy.com.ak.uobtimetable.CourseListActivity
08-03 21:05:00.718  6080  6099 D Nappa   : PARENTS 
08-03 21:05:00.718  6080  6099 D Nappa   : Of: nappagreedy.com.ak.uobtimetable.CourseListActivity -> 
08-03 21:05:00.718  6080  6099 D Nappa   : PARENTS nappagreedy.com.ak.uobtimetable.WelcomeActivity
08-03 21:05:00.718  6080  6099 D Nappa   : PARENTS nappagreedy.com.ak.uobtimetable.MainActivity
08-03 21:05:00.718  6080  6080 I cr_LibraryLoader: Loaded native library version number "84.0.4147.89"
08-03 21:05:00.719  6080  6080 I cr_CachingUmaRecorder: Flushed 5 samples from 5 histograms.
08-03 21:05:00.722  6080  6093 I art     : Starting a blocking GC Explicit
08-03 21:05:00.765  6080  6080 E chromium: [ERROR:filesystem_posix.cc(62)] mkdir /data/user/0/nappagreedy.com.ak.uobtimetable/cache/WebView/Crashpad: No such file or directory (2)
08-03 21:05:00.787  6080  6093 I art     : Explicit concurrent mark sweep GC freed 14610(1075KB) AllocSpace objects, 6(1420KB) LOS objects, 24% free, 50MB/66MB, paused 1.338ms total 65.222ms
08-03 21:05:00.819  6080  6093 I art     : Starting a blocking GC Explicit
08-03 21:05:00.865   918  5132 D ConnectivityService: listenForNetwork for Listen from uid/pid:10643/6080 for NetworkRequest [ id=2368, legacyType=-1, [ Capabilities: INTERNET&NOT_RESTRICTED&TRUSTED] ]
08-03 21:05:00.897  6080  6093 I art     : Explicit concurrent mark sweep GC freed 6145(388KB) AllocSpace objects, 3(176KB) LOS objects, 23% free, 50MB/66MB, paused 1.787ms total 77.472ms
08-03 21:05:00.908  6080  6539 D CustomInterceptor: CACHE_CONTROL SETTING NEW MAX-AGE
08-03 21:05:00.909  6080  6539 D CustomInterceptor: HEADER RESPONSE
08-03 21:05:00.909  6080  6539 D CustomInterceptor: API-Version 2
08-03 21:05:00.909  6080  6539 D CustomInterceptor: Cache-Control public, immutable, max-age=300, only-if-cached, max-stale=300
08-03 21:05:00.909  6080  6539 D CustomInterceptor: Connection Upgrade, Keep-Alive
08-03 21:05:00.909  6080  6539 D CustomInterceptor: Content-Type application/json
08-03 21:05:00.909  6080  6539 D CustomInterceptor: Date Mon, 03 Aug 2020 19:04:54 GMT
08-03 21:05:00.909  6080  6539 D CustomInterceptor: Expires Mon, 03 Aug 2020 19:10:00 GMT+00:00
08-03 21:05:00.909  6080  6539 D CustomInterceptor: Keep-Alive timeout=5, max=100
08-03 21:05:00.909  6080  6539 D CustomInterceptor: Referrer-Policy same-origin
08-03 21:05:00.909  6080  6539 D CustomInterceptor: Server 
08-03 21:05:00.909  6080  6539 D CustomInterceptor: Strict-Transport-Security max-age=10886400;
08-03 21:05:00.909  6080  6539 D CustomInterceptor: Upgrade h2
08-03 21:05:00.909  6080  6539 D CustomInterceptor: Vary Accept-Encoding
08-03 21:05:00.909  6080  6539 D CustomInterceptor: X-Content-Type-Options nosniff
08-03 21:05:00.909  6080  6539 D CustomInterceptor: X-Frame-Options SAMEORIGIN
08-03 21:05:00.909  6080  6539 D CustomInterceptor: X-Powered-By Hamsters
08-03 21:05:00.910  6080  6539 D CustomInterceptor: X-Xss-Protection 1; mode=block
08-03 21:05:00.910  6080  6539 D CustomInterceptor: CACHEABLE true
08-03 21:05:00.910  6080  6539 D CustomInterceptor: REQ https://uob-timetable-api.adriankeenan.co.uk/sessions?dept=BD002&course=CFIEFAAF%2F02AA%2F0%2FFT&level=ALL+Courses
08-03 21:05:00.910  6080  6539 D CustomInterceptor: REQ_SERV_BY net
08-03 21:05:00.910  6080  6539 D CustomInterceptor: PREFLIB Adding response to lrucache - https://uob-timetable-api.adriankeenan.co.uk/sessions?dept=BD002&course=CFIEFAAF%2F02AA%2F0%2FFT&level=ALL+Courses
08-03 21:05:00.912  6080  6559 W cr_media: Requires BLUETOOTH permission
08-03 21:05:00.923  6080  6571 E libEGL  : validate_display:255 error 3008 (EGL_BAD_DISPLAY)
08-03 21:05:00.928  6080  6080 D TermDatesFragment: WebView loaded
08-03 21:05:00.929  6080  6080 D MainActivity: OnResume
08-03 21:05:00.929  6080  6080 D NappaLifecycleObserver: nappagreedy.com.ak.uobtimetable.MainActivity - onResume
08-03 21:05:00.929  6080  6080 D Nappa   : setCurrentActivity - MetricStrategyAccuracy - 
08-03 21:05:00.929  6080  6080 D Nappa   : madePredictionFromActivity = true, 
08-03 21:05:00.929  6080  6080 D Nappa   : fromActivity = nappagreedy.com.ak.uobtimetable.CourseListActivity, 
08-03 21:05:00.929  6080  6080 D Nappa   : predictedNextActivityFromActivity = [], 
08-03 21:05:00.929  6080  6080 D Nappa   : activity.getClass().getCanonicalName() = nappagreedy.com.ak.uobtimetable.MainActivity, 
08-03 21:05:00.930  6080  6080 D Nappa   : setCurrentActivity - MetricStrategyAccuracy - 
08-03 21:05:00.930  6080  6080 D Nappa   : madePredictionFromExtra = true, 
08-03 21:05:00.930  6080  6080 D Nappa   : fromActivity = nappagreedy.com.ak.uobtimetable.CourseListActivity, 
08-03 21:05:00.930  6080  6080 D Nappa   : predictedNextActivityFromExtra = [], 
08-03 21:05:00.930  6080  6080 D Nappa   : activity.getClass().getCanonicalName() = nappagreedy.com.ak.uobtimetable.MainActivity, 
08-03 21:05:00.930  6080  6080 D Nappa   : PREFETCH_ON_EXTRA - setCurrentActivity - logs - from activity - made prediction istrue
08-03 21:05:00.930  6080  6080 D Nappa   : PREFETCH_ON_EXTRA - setCurrentActivity - logs - from activity - start
08-03 21:05:00.930  6080  6080 I NAPPA_EXPERIMENTATION: MetricStrategyAccuracy: LOG_ID='2',EXECUTION_COUNT='3',CASES_COUNT='3',HIT_PERCENTAGE_TOTAL='0.0',HIT_PERCENTAGE_WHEN_PREDICTED='0.0',HIT_COUNT='0',MISS_COUNT='0',INSUFFICIENT_SCORE_COUNT='0',EXCEPTION_COUNT='0',NO_SUCCESSOR_COUNT='3',
08-03 21:05:00.930  6080  6080 D Nappa   : PREFETCH_ON_EXTRA - setCurrentActivity - logs - from activity- finished
08-03 21:05:00.934  6080  6093 I art     : Starting a blocking GC Explicit
08-03 21:05:00.941  6080  6539 D CustomInterceptor: interceptor_finished : return_type #3 : request served from remote and added to cache
08-03 21:05:00.942  6080  6539 I NAPPA_EXPERIMENTATION: MetricNetworkRequestExecutionTime: REQUEST_DURATION_SYSTEM='326',REQUEST_DURATION_OKHTTP='0',REQUEST_SYNCHRONOUS='TRUE',RESPONSE_CODE='200',RESPONSE_METHOD='GET',RESPONSE_LENGTH_OKHTTP='5404',RESPONSE_LENGTH_HEADER='-2',REQUEST_PROTOCOL='http/1.1',REQUEST_URL='https://uob-timetable-api.adriankeenan.co.uk/sessions?dept=BD002&course=CFIEFAAF%2F02AA%2F0%2FFT&level=ALL+Courses',
08-03 21:05:00.942  6080  6539 I HTTP    : Response was compressed.
08-03 21:05:00.949   512  2967 D audio_hw_primary: disable_audio_route: reset and update mixer path: low-latency-playback speaker
08-03 21:05:00.950   512  2967 D audio_hw_primary: disable_snd_device: snd_device(2: speaker)
08-03 21:05:00.956  6080  6539 I Service : getSessions response time: 1.12
08-03 21:05:00.958   512  2967 I soundtrigger: audio_extn_sound_trigger_update_device_status: device 0x2 of type 0 for Event 0
08-03 21:05:00.993  6080  6093 I art     : Explicit concurrent mark sweep GC freed 7650(566KB) AllocSpace objects, 1(80KB) LOS objects, 24% free, 50MB/66MB, paused 863us total 58.320ms
08-03 21:05:01.011  6080  6093 I art     : Starting a blocking GC Explicit
08-03 21:05:01.031  6080  6080 D Nappa   : registerActivity: (already in) nappagreedy.com.ak.uobtimetable.MainActivity
08-03 21:05:01.031  6080  6080 D ActivityNode: ACTNODE CREATING, NOT IN DB
08-03 21:05:01.031  6080  6080 D ActivityGraph: LARDataCalculatedUpdate nappagreedy.com.ak.uobtimetable.MainActivity Pagerank: 0.25 HITS-Authority: 1.0 HITS-Hub: 1.0 SALSA-Authority: 1.0 SALSA-Hub: 1.0
08-03 21:05:01.031  6080  6099 D Nappa   : {nappagreedy.com.ak.uobtimetable.WelcomeActivity=2, nappagreedy.com.ak.uobtimetable.MainActivity=1, nappagreedy.com.ak.uobtimetable.CourseListActivity=3}
08-03 21:05:01.031  6080  6080 D Nappa   : SHOULD_PREFETCH true
08-03 21:05:01.067  6080  6093 I art     : Explicit concurrent mark sweep GC freed 456(34KB) AllocSpace objects, 0(0B) LOS objects, 24% free, 50MB/66MB, paused 700us total 54.922ms
08-03 21:05:01.087  6080  6093 I art     : Starting a blocking GC Explicit
08-03 21:05:01.131  6080  6080 D Nappa   : registerActivity: (already in) nappagreedy.com.ak.uobtimetable.MainActivity
08-03 21:05:01.132  6080  6080 D Nappa   : SUCCESSORS nappagreedy.com.ak.uobtimetable.WelcomeActivity
08-03 21:05:01.132  6080  6080 D Nappa   : STATS Number of requests not prefetched: 2
08-03 21:05:01.132  6080  6080 D Nappa   : STATS Number of requests prefetched: 0
08-03 21:05:01.132  6080  6080 D Nappa   : STATS Time saved until now: 0.0
08-03 21:05:01.146  6080  6093 I art     : Explicit concurrent mark sweep GC freed 203(10KB) AllocSpace objects, 0(0B) LOS objects, 24% free, 50MB/66MB, paused 1.338ms total 58.609ms
08-03 21:05:01.152  6080  6080 D ActivityNode: Observer - intent extra - WelcomeActivity
08-03 21:05:01.152  6080  6080 D ActivityNode: Extras:
08-03 21:05:01.153  6080  6080 D ActivityNode: Observer - intent extra - MainActivity
08-03 21:05:01.153  6080  6080 D ActivityNode: Extras:
08-03 21:05:01.153  6080  6080 D ActivityNode: Observer - intent extra - CourseListActivity
08-03 21:05:01.153  6080  6080 D ActivityNode: Extras:
08-03 21:05:01.153  6080  6080 D ActivityNode: 	activity ID 3( key forceRefreshSessions)
08-03 21:05:01.217  6080  6080 I TermDatesFragment: Webview load %: 10
08-03 21:05:01.217  6080  6080 I SettingsManager: Getting string: savedSessions
08-03 21:05:01.226  6080  6080 I SettingsManager: Setting string: savedSessions
08-03 21:05:01.232   918  6112 W BackupManagerService: dataChanged but no participant pkg='nappagreedy.com.ak.uobtimetable' uid=10643
08-03 21:05:01.232  6080  6080 I SettingsManager: Setting date: savedSessionsTime
08-03 21:05:01.239   918  3670 W BackupManagerService: dataChanged but no participant pkg='nappagreedy.com.ak.uobtimetable' uid=10643
08-03 21:05:01.239  6080  6080 I SettingsManager: Setting string: savedSessionsCourseName
08-03 21:05:01.244   918  5132 W BackupManagerService: dataChanged but no participant pkg='nappagreedy.com.ak.uobtimetable' uid=10643
08-03 21:05:01.244  6080  6080 I SettingsManager: Setting string: savedSessionsDateRange
08-03 21:05:01.251   918  5952 W BackupManagerService: dataChanged but no participant pkg='nappagreedy.com.ak.uobtimetable' uid=10643
08-03 21:05:01.251  6080  6080 I SettingsManager: Setting string: timetableUrl
08-03 21:05:01.256   918   929 W BackupManagerService: dataChanged but no participant pkg='nappagreedy.com.ak.uobtimetable' uid=10643
08-03 21:05:01.256  6080  6080 I SettingsManager: Getting boolean: notifySessionRemindersEnabled
08-03 21:05:01.257  6080  6080 I SettingsManager: Getting int: notifySessionRemindersMinutes
08-03 21:05:01.257  6080  6080 I SettingsManager: Getting boolean: showHiddenSessions
08-03 21:05:01.293  6080  6080 I SessionReminderNotifier: Created session reminder alarm for f7b4771250a919bd729c1c5a4a459c77 at Mon 08:30:00 10/08/20
08-03 21:05:01.295  6080  6080 I SessionReminderNotifier: Created session reminder alarm for a7f879aabdeb78622c8820a5fb7b64cd at Tue 08:30:00 04/08/20
08-03 21:05:01.296  6080  6080 I SessionReminderNotifier: Created session reminder alarm for 7bc8d7e2c2055711f597c3d9078c6ea3 at Tue 08:30:00 04/08/20
08-03 21:05:01.297  6080  6080 I SessionReminderNotifier: Created session reminder alarm for e0fc978b5db8218778540b4053344581 at Tue 11:00:00 04/08/20
08-03 21:05:01.299  6080  6080 I SessionReminderNotifier: Created session reminder alarm for 21712fef61090882c855a1425543edb5 at Tue 13:30:00 04/08/20
08-03 21:05:01.300  6080  6080 I SessionReminderNotifier: Created session reminder alarm for 65ca4d97f031f29a4d02bbb45a705d8f at Wed 08:30:00 05/08/20
08-03 21:05:01.302  6080  6080 I SessionReminderNotifier: Created session reminder alarm for eeda7741b0bcab58fd9f46dc6ef1d942 at Wed 08:30:00 05/08/20
08-03 21:05:01.303  6080  6080 I SessionReminderNotifier: Created session reminder alarm for c276c1b2075a0beb67f1b3d1e580f920 at Wed 11:00:00 05/08/20
08-03 21:05:01.304  6080  6080 I SessionReminderNotifier: Created session reminder alarm for 79fe0b5c3b887a13ba29db5a33fa2800 at Thu 08:30:00 06/08/20
08-03 21:05:01.305  6080  6080 I SessionReminderNotifier: Created session reminder alarm for 2ba1034116e4fffdd592dbf0796a43d5 at Fri 08:30:00 07/08/20
08-03 21:05:01.306  6080  6080 I SettingsManager: Getting boolean: showHiddenSessions
08-03 21:05:01.307  6080  6080 D SessionListsFragment: 1 sessions for day 0
08-03 21:05:01.307  6080  6080 D SessionListsFragment: 4 sessions for day 1
08-03 21:05:01.307  6080  6080 D SessionListsFragment: 3 sessions for day 2
08-03 21:05:01.307  6080  6080 D SessionListsFragment: 1 sessions for day 3
08-03 21:05:01.307  6080  6080 D SessionListsFragment: 1 sessions for day 4
08-03 21:05:01.330  6080  6099 D Nappa   : PREFETCH_ON_EXTRA - setCurrentActivity - logs - from extra - made prediction istrue
08-03 21:05:01.331  6080  6099 D Nappa   : PREFETCH_ON_EXTRA - setCurrentActivity - logs - from extra - start
08-03 21:05:01.331  6080  6099 I NAPPA_EXPERIMENTATION: MetricStrategyAccuracy: LOG_ID='3',EXECUTION_COUNT='3',CASES_COUNT='3',HIT_PERCENTAGE_TOTAL='0.0',HIT_PERCENTAGE_WHEN_PREDICTED='0.0',HIT_COUNT='0',MISS_COUNT='0',INSUFFICIENT_SCORE_COUNT='0',EXCEPTION_COUNT='0',NO_SUCCESSOR_COUNT='3',
08-03 21:05:01.331  6080  6099 D Nappa   : PREFETCH_ON_EXTRA - setCurrentActivity - logs - from extra- finished
08-03 21:05:01.355  6080  6080 I SettingsManager: Getting boolean: showHiddenSessions
08-03 21:05:01.357  6080  6080 D SessionListsFragment: Refreshed ViewPager
08-03 21:05:01.357  6080  6080 I SettingsManager: Getting boolean: showHiddenSessions
08-03 21:05:01.357  6080  6080 I SettingsManager: Getting boolean: completedTutorial
08-03 21:05:01.373  6080  6080 I SettingsManager: Getting boolean: showHiddenSessions
08-03 21:05:01.375  6080  6080 I SettingsManager: Getting date: savedSessionsTime
08-03 21:05:01.385  6080  6080 D ActivityNode: Observer - visit time - CourseListActivity - New aggregate visit time found is 8721 ms
08-03 21:05:01.455  6080  6334 I art     : Starting a blocking GC Explicit
08-03 21:05:01.540  6080  6334 I art     : Explicit concurrent mark sweep GC freed 63054(2MB) AllocSpace objects, 8(240KB) LOS objects, 23% free, 52MB/68MB, paused 2.542ms total 84.043ms
08-03 21:05:01.562  6080  6334 I art     : Starting a blocking GC Explicit
08-03 21:05:01.629  6080  6334 I art     : Explicit concurrent mark sweep GC freed 38951(1779KB) AllocSpace objects, 2(120KB) LOS objects, 23% free, 51MB/67MB, paused 1.307ms total 66.630ms
08-03 21:05:01.632  6080  6099 D Nappa   : PREFETCH_ON_EXTRA - setCurrentActivity - starting new prediction
08-03 21:05:01.632  6080  6099 D Nappa   : Current node - currentActivityName - nappagreedy.com.ak.uobtimetable.MainActivity
08-03 21:05:01.632  6080  6099 D Nappa   : Current node - activityGraph.getCurrent() - nappagreedy.com.ak.uobtimetable.MainActivity
08-03 21:05:01.634  6080  6099 I NAPPA_EXPERIMENTATION: MetricNappaPrefetchingStrategyExecutionTime: STRATEGY_CLASS='GreedyPrefetchingStrategyOnVisitFrequencyAndTime',DURATION='1280468',NUMBER_OF_URLS='0',NUMBER_OF_SELECTED_CHILDREN_NODES='2',NUMBER_OF_CHILDREN_NODES='1',STRATEGY_RUN_SUCCESSFULLY='False',
08-03 21:05:01.634  6080  6099 D GreedyPrefetchingStrategyOnVisitFrequencyAndTime: ==================================
08-03 21:05:01.634  6080  6099 D GreedyPrefetchingStrategyOnVisitFrequencyAndTime: Starting Run #4
08-03 21:05:01.635  6080  6099 D GreedyPrefetchingStrategyOnVisitFrequencyAndTime: ----------------------------------
08-03 21:05:01.635  6080  6099 D GreedyPrefetchingStrategyOnVisitFrequencyAndTime: Node data MainActivity 
08-03 21:05:01.635  6080  6099 D GreedyPrefetchingStrategyOnVisitFrequencyAndTime: 	Successors:
08-03 21:05:01.635  6080  6099 D GreedyPrefetchingStrategyOnVisitFrequencyAndTime: 		WelcomeActivity (1 hits)
08-03 21:05:01.635  6080  6099 D GreedyPrefetchingStrategyOnVisitFrequencyAndTime: 	Ancestors:
08-03 21:05:01.635  6080  6099 D GreedyPrefetchingStrategyOnVisitFrequencyAndTime: 		CourseListActivity (1 hits)
08-03 21:05:01.635  6080  6099 D GreedyPrefetchingStrategyOnVisitFrequencyAndTime: 
08-03 21:05:01.635  6080  6099 D GreedyPrefetchingStrategyOnVisitFrequencyAndTime: MetricStrategyAccuracy inc execution count4 | act = true; extra = false
08-03 21:05:01.635  6080  6099 D GreedyPrefetchingStrategyOnVisitFrequencyAndTime: ------------- Recursion #1 -----------
08-03 21:05:01.635  6080  6099 D GreedyPrefetchingStrategyOnVisitFrequencyAndTime: Best successors so far []
08-03 21:05:01.635  6080  6099 D GreedyPrefetchingStrategyOnVisitFrequencyAndTime: Checking node MainActivity with 1 successors
08-03 21:05:01.635  6080  6099 D GreedyPrefetchingStrategyOnVisitFrequencyAndTime: Check successor WelcomeActivity
08-03 21:05:01.635  6080  6099 D GreedyPrefetchingStrategyOnVisitFrequencyAndTime: Data:
08-03 21:05:01.635  6080  6099 D GreedyPrefetchingStrategyOnVisitFrequencyAndTime: 	- Successor time = 6369.0
08-03 21:05:01.635  6080  6099 D GreedyPrefetchingStrategyOnVisitFrequencyAndTime: 	- Successor frequency = 1
08-03 21:05:01.635  6080  6099 D GreedyPrefetchingStrategyOnVisitFrequencyAndTime: 	- Aggregated time = 6369.0
08-03 21:05:01.636  6080  6099 D GreedyPrefetchingStrategyOnVisitFrequencyAndTime: 	- Aggregated frequency = 1
08-03 21:05:01.636  6080  6099 D GreedyPrefetchingStrategyOnVisitFrequencyAndTime: Calculated scores:
08-03 21:05:01.636  6080  6099 D GreedyPrefetchingStrategyOnVisitFrequencyAndTime: 	- Parent score = 1.0
08-03 21:05:01.636  6080  6099 D GreedyPrefetchingStrategyOnVisitFrequencyAndTime: 	- Successor time score = 0.5
08-03 21:05:01.636  6080  6099 D GreedyPrefetchingStrategyOnVisitFrequencyAndTime: 	- Successor frequency score = 0.5
08-03 21:05:01.636  6080  6099 D GreedyPrefetchingStrategyOnVisitFrequencyAndTime: 	- Successor final score = 1.0
08-03 21:05:01.636  6080  6099 D GreedyPrefetchingStrategyOnVisitFrequencyAndTime: Switch best successor
08-03 21:05:01.636  6080  6099 D GreedyPrefetchingStrategyOnVisitFrequencyAndTime: MainActivity best successor is WelcomeActivity with score 1.0 containing the URLS []
08-03 21:05:01.636  6080  6099 D GreedyPrefetchingStrategyOnVisitFrequencyAndTime: ------------- Recursion #2 -----------
08-03 21:05:01.636  6080  6099 D GreedyPrefetchingStrategyOnVisitFrequencyAndTime: Best successors so far [WelcomeActivity]
08-03 21:05:01.636  6080  6099 D GreedyPrefetchingStrategyOnVisitFrequencyAndTime: Checking node WelcomeActivity with 1 successors
08-03 21:05:01.636  6080  6099 D GreedyPrefetchingStrategyOnVisitFrequencyAndTime: Check successor CourseListActivity
08-03 21:05:01.636  6080  6099 D GreedyPrefetchingStrategyOnVisitFrequencyAndTime: Data:
08-03 21:05:01.636  6080  6099 D GreedyPrefetchingStrategyOnVisitFrequencyAndTime: 	- Successor time = 8721.0
08-03 21:05:01.636  6080  6099 D GreedyPrefetchingStrategyOnVisitFrequencyAndTime: 	- Successor frequency = 1
08-03 21:05:01.636  6080  6099 D GreedyPrefetchingStrategyOnVisitFrequencyAndTime: 	- Aggregated time = 8721.0
08-03 21:05:01.636  6080  6099 D GreedyPrefetchingStrategyOnVisitFrequencyAndTime: 	- Aggregated frequency = 1
08-03 21:05:01.636  6080  6099 D GreedyPrefetchingStrategyOnVisitFrequencyAndTime: Calculated scores:
08-03 21:05:01.636  6080  6099 D GreedyPrefetchingStrategyOnVisitFrequencyAndTime: 	- Parent score = 1.0
08-03 21:05:01.636  6080  6099 D GreedyPrefetchingStrategyOnVisitFrequencyAndTime: 	- Successor time score = 0.5
08-03 21:05:01.636  6080  6099 D GreedyPrefetchingStrategyOnVisitFrequencyAndTime: 	- Successor frequency score = 0.5
08-03 21:05:01.636  6080  6099 D GreedyPrefetchingStrategyOnVisitFrequencyAndTime: 	- Successor final score = 1.0
08-03 21:05:01.636  6080  6099 D GreedyPrefetchingStrategyOnVisitFrequencyAndTime: Switch best successor
08-03 21:05:01.637  6080  6099 D GreedyPrefetchingStrategyOnVisitFrequencyAndTime: WelcomeActivity best successor is CourseListActivity with score 1.0 containing the URLS []
08-03 21:05:01.637  6080  6099 D GreedyPrefetchingStrategyOnVisitFrequencyAndTime: ------------- Recursion #3 -----------
08-03 21:05:01.637  6080  6099 D GreedyPrefetchingStrategyOnVisitFrequencyAndTime: Best successors so far [WelcomeActivity, CourseListActivity]
08-03 21:05:01.637  6080  6099 D GreedyPrefetchingStrategyOnVisitFrequencyAndTime: Checking node CourseListActivity with 1 successors
08-03 21:05:01.637  6080  6099 D GreedyPrefetchingStrategyOnVisitFrequencyAndTime: Check successor MainActivity
08-03 21:05:01.637  6080  6099 D GreedyPrefetchingStrategyOnVisitFrequencyAndTime: Something wrong might have occurred here
08-03 21:05:01.637  6080  6099 D GreedyPrefetchingStrategyOnVisitFrequencyAndTime: The successorFrequency was null for nodeMainActivity
08-03 21:05:01.637  6080  6099 D GreedyPrefetchingStrategyOnVisitFrequencyAndTime: MetricStrategyAccuracy inc exception count1 | act = true; extra = false
08-03 21:05:01.637  6080  6099 D GreedyPrefetchingStrategyOnVisitFrequencyAndTime: Something wrong happened: 
08-03 21:05:01.637  6080  6099 D GreedyPrefetchingStrategyOnVisitFrequencyAndTime: Exceptiom: java.util.NoSuchElementException: Unable to obtain the successor frequency count from sucessor MainActivity
08-03 21:05:01.637  6080  6099 D GreedyPrefetchingStrategyOnVisitFrequencyAndTime: [nl.vu.cs.s2group.nappa.prefetch.GreedyPrefetchingStrategyOnVisitFrequencyAndTime.getTopNUrlToPrefetchForNode(GreedyPrefetchingStrategyOnVisitFrequencyAndTime.java:182)
08-03 21:05:01.637  6080  6099 D GreedyPrefetchingStrategyOnVisitFrequencyAndTime:  nl.vu.cs.s2group.nappa.prefetch.GreedyPrefetchingStrategyOnVisitFrequencyAndTime.getTopNUrlToPrefetchForNode(GreedyPrefetchingStrategyOnVisitFrequencyAndTime.java:240)
08-03 21:05:01.637  6080  6099 D GreedyPrefetchingStrategyOnVisitFrequencyAndTime:  nl.vu.cs.s2group.nappa.prefetch.GreedyPrefetchingStrategyOnVisitFrequencyAndTime.getTopNUrlToPrefetchForNode(GreedyPrefetchingStrategyOnVisitFrequencyAndTime.java:240)
08-03 21:05:01.637  6080  6099 D GreedyPrefetchingStrategyOnVisitFrequencyAndTime:  nl.vu.cs.s2group.nappa.prefetch.GreedyPrefetchingStrategyOnVisitFrequencyAndTime.getTopNUrlToPrefetchForNode(GreedyPrefetchingStrategyOnVisitFrequencyAndTime.java:97)
08-03 21:05:01.637  6080  6099 D GreedyPrefetchingStrategyOnVisitFrequencyAndTime:  nl.vu.cs.s2group.nappa.Nappa.lambda$setCurrentActivity$3(Nappa.java:382)
08-03 21:05:01.637  6080  6099 D GreedyPrefetchingStrategyOnVisitFrequencyAndTime:  nl.vu.cs.s2group.nappa.-$$Lambda$Nappa$RnHoab1D3OjkYGfv7Fhvs2yt9T0.run(lambda)
08-03 21:05:01.637  6080  6099 D GreedyPrefetchingStrategyOnVisitFrequencyAndTime:  java.util.concurrent.Executors$RunnableAdapter.call(Executors.java:423)
08-03 21:05:01.637  6080  6099 D GreedyPrefetchingStrategyOnVisitFrequencyAndTime:  java.util.concurrent.FutureTask.run(FutureTask.java:237)
08-03 21:05:01.637  6080  6099 D GreedyPrefetchingStrategyOnVisitFrequencyAndTime:  java.util.concurrent.ScheduledThreadPoolExecutor$ScheduledFutureTask.run(ScheduledThreadPoolExecutor.java:269)
08-03 21:05:01.637  6080  6099 D GreedyPrefetchingStrategyOnVisitFrequencyAndTime:  java.util.concurrent.ThreadPoolExecutor.runWorker(ThreadPoolExecutor.java:1113)
08-03 21:05:01.637  6080  6099 D GreedyPrefetchingStrategyOnVisitFrequencyAndTime:  java.util.concurrent.ThreadPoolExecutor$Worker.run(ThreadPoolExecutor.java:588)
08-03 21:05:01.637  6080  6099 D GreedyPrefetchingStrategyOnVisitFrequencyAndTime:  java.lang.Thread.run(Thread.java:818)]
08-03 21:05:01.637  6080  6099 D GreedyPrefetchingStrategyOnVisitFrequencyAndTime: Next visited child will be [nappagreedy.com.ak.uobtimetable.WelcomeActivity, nappagreedy.com.ak.uobtimetable.CourseListActivity]
08-03 21:05:01.637  6080  6099 D GreedyPrefetchingStrategyOnVisitFrequencyAndTime: ==================================
08-03 21:05:01.637  6080  6099 D Nappa   : PREFETCH_ON_EXTRA - setCurrentActivity - finished new prediction
08-03 21:05:01.649  6080  6334 I art     : Starting a blocking GC Explicit
08-03 21:05:01.719  6080  6334 I art     : Explicit concurrent mark sweep GC freed 34637(1453KB) AllocSpace objects, 0(0B) LOS objects, 23% free, 51MB/67MB, paused 1.528ms total 69.464ms
08-03 21:05:01.741  6080  6334 I art     : Starting a blocking GC Explicit
08-03 21:05:01.810  6080  6334 I art     : Explicit concurrent mark sweep GC freed 29603(1221KB) AllocSpace objects, 0(0B) LOS objects, 23% free, 51MB/67MB, paused 1.364ms total 69.326ms
08-03 21:05:01.831  6080  6334 I art     : Starting a blocking GC Explicit
08-03 21:05:01.905  6080  6334 I art     : Explicit concurrent mark sweep GC freed 30345(1247KB) AllocSpace objects, 0(0B) LOS objects, 23% free, 52MB/68MB, paused 1.526ms total 74.279ms
08-03 21:05:02.146 13866 13866 I GoogleInputMethodServic: GoogleInputMethodService.onFinishInput():3138 
08-03 21:05:02.148 13866 13866 I GoogleInputMethodServic: GoogleInputMethodService.onStartInput():1808 
08-03 21:05:02.163  6080  6080 D ActivityNode: Observer - session data - sourceMainActivity
08-03 21:05:02.163  6080  6080 D ActivityNode: destinations:
08-03 21:05:02.163  6080  6080 D ActivityNode: 	nappagreedy.com.ak.uobtimetable.WelcomeActivity( count 1)
08-03 21:05:02.163  6080  6080 D ActivityNode: Observer - session data - sourceWelcomeActivity
08-03 21:05:02.163  6080  6080 D ActivityNode: destinations:
08-03 21:05:02.163  6080  6080 D ActivityNode: 	nappagreedy.com.ak.uobtimetable.CourseListActivity( count 1)
08-03 21:05:02.163  6080  6080 D ActivityNode: Observer - session data - sourceCourseListActivity
08-03 21:05:02.163  6080  6080 D ActivityNode: destinations:
08-03 21:05:02.163  6080  6080 D ActivityNode: 	nappagreedy.com.ak.uobtimetable.MainActivity( count 1)
08-03 21:05:02.163  6080  6080 I Choreographer: Skipped 45 frames!  The application may be doing too much work on its main thread.
08-03 21:05:02.271  6080  6093 I art     : Starting a blocking GC Explicit
08-03 21:05:02.372  6080  6093 I art     : Explicit concurrent mark sweep GC freed 100026(4MB) AllocSpace objects, 1(20KB) LOS objects, 23% free, 52MB/68MB, paused 1.910ms total 100.931ms
08-03 21:05:02.397  6080  6093 I art     : Starting a blocking GC Explicit
08-03 21:05:02.474  6080  6093 I art     : Explicit concurrent mark sweep GC freed 28774(1261KB) AllocSpace objects, 0(0B) LOS objects, 23% free, 52MB/68MB, paused 1.010ms total 77.188ms
08-03 21:05:02.497  6080  6093 I art     : Starting a blocking GC Explicit
08-03 21:05:02.526  6080  6080 I TermDatesFragment: Webview load %: 70
08-03 21:05:02.528   918   936 I ActivityManager: Displayed nappagreedy.com.ak.uobtimetable/.MainActivity: +2s29ms
08-03 21:05:02.546  6080  6080 I TermDatesFragment: Webview load %: 80
08-03 21:05:02.547  6080  6080 I TermDatesFragment: Webview load %: 100
08-03 21:05:02.547  6080  6080 I TermDatesFragment: Webview load %: 100
08-03 21:05:02.565  6080  6093 I art     : Explicit concurrent mark sweep GC freed 1423(101KB) AllocSpace objects, 0(0B) LOS objects, 23% free, 52MB/68MB, paused 724us total 67.450ms
08-03 21:05:02.586  6080  6093 I art     : Starting a blocking GC Explicit
08-03 21:05:02.651  6080  6093 I art     : Explicit concurrent mark sweep GC freed 217(9KB) AllocSpace objects, 0(0B) LOS objects, 23% free, 52MB/68MB, paused 651us total 64.481ms
08-03 21:05:02.678  6080  6093 I art     : Starting a blocking GC Explicit
08-03 21:05:02.707  6080  6080 D NappaLifecycleObserver: nappagreedy.com.ak.uobtimetable.CourseListActivity - onDestroy
08-03 21:05:02.708  6080  6080 D NappaLifecycleObserver: -------------F1_SCORE #4 -----------
08-03 21:05:02.708  6080  6080 D NappaLifecycleObserver: F1_SCORE - Intercept list (2)= [https://uob-timetable-api.adriankeenan.co.uk/courses, https://uob-timetable-api.adriankeenan.co.uk/sessions?dept=BD002&course=CFIEFAAF%2F02AA%2F0%2FFT&level=ALL+Courses]
08-03 21:05:02.708  6080  6080 D NappaLifecycleObserver: F1_SCORE - Prefetch list (0)= []
08-03 21:05:02.708  6080  6080 D NappaLifecycleObserver: F1_SCORE - TP list (0)= []
08-03 21:05:02.708  6080  6080 D NappaLifecycleObserver: F1_SCORE - FN list (2)= [https://uob-timetable-api.adriankeenan.co.uk/courses, https://uob-timetable-api.adriankeenan.co.uk/sessions?dept=BD002&course=CFIEFAAF%2F02AA%2F0%2FFT&level=ALL+Courses]
08-03 21:05:02.708  6080  6080 I NAPPA_EXPERIMENTATION: MetricPrefetchingAccuracy: LOG_ID='5',F1_SCORE_1='0.0',F1_SCORE_2='0.0',TRUE_POSITIVE='0',FALSE_POSITIVE='0',FALSE_NEGATIVE='2',
08-03 21:05:02.751  6080  6093 I art     : Explicit concurrent mark sweep GC freed 392(23KB) AllocSpace objects, 0(0B) LOS objects, 23% free, 52MB/68MB, paused 684us total 73.161ms
08-03 21:05:03.114  6080  6335 I art     : Starting a blocking GC Explicit
08-03 21:05:03.213  6080  6335 I art     : Explicit concurrent mark sweep GC freed 2028(109KB) AllocSpace objects, 1(20KB) LOS objects, 23% free, 52MB/68MB, paused 701us total 98.526ms
08-03 21:05:03.242  6080  6335 I art     : Starting a blocking GC Explicit
08-03 21:05:03.290 24365 25567 I NetworkScheduler.Stats: Task com.google.android.gms/com.google.android.gms.icing.service.IcingGcmTaskService started execution. cause:4 exec_start_elapsed_seconds: 1635307 [CONTEXT service_id=218 ]
08-03 21:05:03.296 24365 30222 I NetworkScheduler.Stats: Task com.google.android.gms/com.google.android.gms.icing.service.IcingGcmTaskService finished executing. cause:4 result: 1 elapsed_millis: 24 uptime_millis: 24 exec_start_elapsed_seconds: 1635307 [CONTEXT service_id=218 ]
08-03 21:05:03.298  6080  6335 I art     : Explicit concurrent mark sweep GC freed 121553(11MB) AllocSpace objects, 3(136KB) LOS objects, 27% free, 41MB/57MB, paused 597us total 55.824ms
08-03 21:05:03.312  6080  6335 I art     : Starting a blocking GC Explicit
08-03 21:05:03.351  6080  6335 I art     : Explicit concurrent mark sweep GC freed 3(96B) AllocSpace objects, 0(0B) LOS objects, 27% free, 41MB/57MB, paused 633us total 38.188ms
08-03 21:05:03.365  6080  6335 I art     : Starting a blocking GC Explicit
08-03 21:05:03.407  6080  6335 I art     : Explicit concurrent mark sweep GC freed 3(96B) AllocSpace objects, 0(0B) LOS objects, 27% free, 41MB/57MB, paused 650us total 41.152ms
08-03 21:05:03.422  6080  6335 I art     : Starting a blocking GC Explicit
08-03 21:05:03.466  6080  6335 I art     : Explicit concurrent mark sweep GC freed 3(96B) AllocSpace objects, 0(0B) LOS objects, 27% free, 41MB/57MB, paused 658us total 43.526ms
08-03 21:05:03.830  6080  6334 I art     : Starting a blocking GC Explicit
08-03 21:05:03.891  6080  6334 I art     : Explicit concurrent mark sweep GC freed 1531(88KB) AllocSpace objects, 1(20KB) LOS objects, 27% free, 41MB/57MB, paused 905us total 60.651ms
08-03 21:05:03.912  6080  6334 I art     : Starting a blocking GC Explicit
08-03 21:05:03.955  6080  6334 I art     : Explicit concurrent mark sweep GC freed 34(1200B) AllocSpace objects, 0(0B) LOS objects, 27% free, 41MB/57MB, paused 804us total 42.455ms
08-03 21:05:03.972  6080  6334 I art     : Starting a blocking GC Explicit
08-03 21:05:04.021  6080  6334 I art     : Explicit concurrent mark sweep GC freed 4(160B) AllocSpace objects, 0(0B) LOS objects, 27% free, 41MB/57MB, paused 688us total 48.239ms
08-03 21:05:04.036  6080  6334 I art     : Starting a blocking GC Explicit
08-03 21:05:04.077  6080  6334 I art     : Explicit concurrent mark sweep GC freed 3(96B) AllocSpace objects, 0(0B) LOS objects, 27% free, 41MB/57MB, paused 630us total 40.293ms
08-03 21:05:04.091  6080  6334 I art     : Starting a blocking GC Explicit
08-03 21:05:04.134  6080  6334 I art     : Explicit concurrent mark sweep GC freed 3(96B) AllocSpace objects, 0(0B) LOS objects, 27% free, 41MB/57MB, paused 635us total 42.497ms
08-03 21:05:04.486  6080  6335 I art     : Starting a blocking GC Explicit
08-03 21:05:04.542  6080  6335 I art     : Explicit concurrent mark sweep GC freed 1515(88KB) AllocSpace objects, 1(20KB) LOS objects, 27% free, 41MB/57MB, paused 663us total 55.933ms
08-03 21:05:04.558  6080  6335 I art     : Starting a blocking GC Explicit
08-03 21:05:04.601  6080  6335 I art     : Explicit concurrent mark sweep GC freed 32(1168B) AllocSpace objects, 0(0B) LOS objects, 27% free, 41MB/57MB, paused 629us total 43.087ms
08-03 21:05:04.618  6080  6335 I art     : Starting a blocking GC Explicit
08-03 21:05:04.660  6080  6335 I art     : Explicit concurrent mark sweep GC freed 3(96B) AllocSpace objects, 0(0B) LOS objects, 27% free, 41MB/57MB, paused 618us total 42.203ms
08-03 21:05:04.675  6080  6335 I art     : Starting a blocking GC Explicit
08-03 21:05:04.718  6080  6335 I art     : Explicit concurrent mark sweep GC freed 3(96B) AllocSpace objects, 0(0B) LOS objects, 27% free, 41MB/57MB, paused 732us total 41.997ms
08-03 21:05:04.733  6080  6335 I art     : Starting a blocking GC Explicit
08-03 21:05:04.775  6080  6335 I art     : Explicit concurrent mark sweep GC freed 3(96B) AllocSpace objects, 0(0B) LOS objects, 27% free, 41MB/57MB, paused 703us total 41.782ms
08-03 21:05:05.117  6080  6092 I art     : Starting a blocking GC Explicit
08-03 21:05:05.154  6632  6632 D AndroidRuntime: >>>>>> START com.android.internal.os.RuntimeInit uid 2000 <<<<<<
08-03 21:05:05.160  6632  6632 D AndroidRuntime: CheckJNI is OFF
08-03 21:05:05.169  6080  6092 I art     : Explicit concurrent mark sweep GC freed 1513(88KB) AllocSpace objects, 1(20KB) LOS objects, 27% free, 41MB/57MB, paused 727us total 51.385ms
08-03 21:05:05.185  6080  6092 I art     : Starting a blocking GC Explicit
08-03 21:05:05.207  6632  6632 D ICU     : No timezone override file found: /data/misc/zoneinfo/current/icu/icu_tzdata.dat
08-03 21:05:05.229  6080  6092 I art     : Explicit concurrent mark sweep GC freed 26(944B) AllocSpace objects, 0(0B) LOS objects, 27% free, 41MB/57MB, paused 711us total 42.848ms
08-03 21:05:05.244  6080  6092 I art     : Starting a blocking GC Explicit
08-03 21:05:05.254  6632  6632 I Radio-JNI: register_android_hardware_Radio DONE
08-03 21:05:05.283  6632  6632 D AndroidRuntime: Calling main entry com.android.commands.input.Input
08-03 21:05:05.286  6632  6632 I Input   : injectMotionEvent: MotionEvent { action=ACTION_DOWN, actionButton=0, id[0]=0, x[0]=1215.0, y[0]=1450.0, toolType[0]=TOOL_TYPE_UNKNOWN, buttonState=0, metaState=0, flags=0x0, edgeFlags=0x0, pointerCount=1, historySize=0, eventTime=651921698, downTime=651921698, deviceId=0, source=0x1002 }
08-03 21:05:05.288  6080  6092 I art     : Explicit concurrent mark sweep GC freed 3(96B) AllocSpace objects, 0(0B) LOS objects, 27% free, 41MB/57MB, paused 725us total 43.847ms
08-03 21:05:05.292  6632  6632 I Input   : injectMotionEvent: MotionEvent { action=ACTION_UP, actionButton=0, id[0]=0, x[0]=1215.0, y[0]=1450.0, toolType[0]=TOOL_TYPE_UNKNOWN, buttonState=0, metaState=0, flags=0x0, edgeFlags=0x0, pointerCount=1, historySize=0, eventTime=651921698, downTime=651921698, deviceId=0, source=0x1002 }
08-03 21:05:05.294  6632  6632 D AndroidRuntime: Shutting down VM
08-03 21:05:05.303  6080  6092 I art     : Starting a blocking GC Explicit
08-03 21:05:05.310   512  2967 D audio_hw_primary: out_set_parameters: enter: usecase(1: low-latency-playback) kvpairs: routing=2
08-03 21:05:05.323   512  2967 D audio_hw_primary: select_devices: out_snd_device(2: speaker) in_snd_device(0: none)
08-03 21:05:05.323   512  2967 D msm8974_platform: platform_send_audio_calibration: sending audio calibration for snd_device(2) acdb_id(15)
08-03 21:05:05.323   512  2967 I soundtrigger: audio_extn_sound_trigger_update_device_status: device 0x2 of type 0 for Event 1
08-03 21:05:05.333   512  2967 D audio_hw_primary: enable_snd_device: snd_device(2: speaker)
08-03 21:05:05.335   512  2967 D audio_hw_primary: enable_audio_route: apply and update mixer path: low-latency-playback speaker
08-03 21:05:05.343  6080  6092 I art     : Explicit concurrent mark sweep GC freed 278(15KB) AllocSpace objects, 0(0B) LOS objects, 27% free, 41MB/57MB, paused 788us total 39.788ms
08-03 21:05:05.358  6080  6092 I art     : Starting a blocking GC Explicit
08-03 21:05:05.399  6080  6092 I art     : Explicit concurrent mark sweep GC freed 296(30KB) AllocSpace objects, 0(0B) LOS objects, 27% free, 41MB/57MB, paused 672us total 40.782ms
08-03 21:05:05.711  6080  6092 I art     : Starting a blocking GC Explicit
08-03 21:05:05.758  6080  6092 I art     : Explicit concurrent mark sweep GC freed 2433(154KB) AllocSpace objects, 2(60KB) LOS objects, 27% free, 41MB/57MB, paused 982us total 46.841ms
08-03 21:05:05.775  6080  6092 I art     : Starting a blocking GC Explicit
08-03 21:05:05.822  6080  6092 I art     : Explicit concurrent mark sweep GC freed 78(2544B) AllocSpace objects, 0(0B) LOS objects, 27% free, 41MB/57MB, paused 716us total 46.448ms
08-03 21:05:05.837  6080  6092 I art     : Starting a blocking GC Explicit
08-03 21:05:05.869   512  2967 D audio_hw_primary: disable_audio_route: reset and update mixer path: low-latency-playback speaker
08-03 21:05:05.870   512  2967 D audio_hw_primary: disable_snd_device: snd_device(2: speaker)
08-03 21:05:05.877   512  2967 I soundtrigger: audio_extn_sound_trigger_update_device_status: device 0x2 of type 0 for Event 0
08-03 21:05:05.877  6080  6092 I art     : Explicit concurrent mark sweep GC freed 7(384B) AllocSpace objects, 0(0B) LOS objects, 27% free, 41MB/57MB, paused 746us total 40.054ms
08-03 21:05:05.892  6080  6092 I art     : Starting a blocking GC Explicit
08-03 21:05:05.936  6080  6092 I art     : Explicit concurrent mark sweep GC freed 150(10KB) AllocSpace objects, 0(0B) LOS objects, 27% free, 41MB/57MB, paused 636us total 43.823ms
08-03 21:05:05.952  6080  6092 I art     : Starting a blocking GC Explicit
08-03 21:05:05.997  6080  6092 I art     : Explicit concurrent mark sweep GC freed 3(96B) AllocSpace objects, 0(0B) LOS objects, 27% free, 41MB/57MB, paused 722us total 44.402ms
08-03 21:05:06.318  6080  6335 I art     : Starting a blocking GC Explicit
08-03 21:05:06.371  6080  6335 I art     : Explicit concurrent mark sweep GC freed 1513(88KB) AllocSpace objects, 1(20KB) LOS objects, 27% free, 41MB/57MB, paused 693us total 52.782ms
08-03 21:05:06.391  6080  6335 I art     : Starting a blocking GC Explicit
08-03 21:05:06.433  6080  6335 I art     : Explicit concurrent mark sweep GC freed 28(1024B) AllocSpace objects, 0(0B) LOS objects, 27% free, 41MB/57MB, paused 642us total 42.051ms
08-03 21:05:06.449  6080  6335 I art     : Starting a blocking GC Explicit
08-03 21:05:06.492  6080  6335 I art     : Explicit concurrent mark sweep GC freed 3(96B) AllocSpace objects, 0(0B) LOS objects, 27% free, 41MB/57MB, paused 654us total 43.226ms
08-03 21:05:06.508  6080  6335 I art     : Starting a blocking GC Explicit
08-03 21:05:06.549  6080  6335 I art     : Explicit concurrent mark sweep GC freed 3(96B) AllocSpace objects, 0(0B) LOS objects, 27% free, 41MB/57MB, paused 620us total 40.703ms
08-03 21:05:06.564  6080  6335 I art     : Starting a blocking GC Explicit
08-03 21:05:06.605  6080  6335 I art     : Explicit concurrent mark sweep GC freed 3(96B) AllocSpace objects, 0(0B) LOS objects, 27% free, 41MB/57MB, paused 645us total 40.856ms
08-03 21:05:06.922  6080  6334 I art     : Starting a blocking GC Explicit
08-03 21:05:06.983  6080  6334 I art     : Explicit concurrent mark sweep GC freed 1516(88KB) AllocSpace objects, 1(20KB) LOS objects, 27% free, 41MB/57MB, paused 1.063ms total 59.831ms
08-03 21:05:07.002  6080  6334 I art     : Starting a blocking GC Explicit
08-03 21:05:07.045  6080  6334 I art     : Explicit concurrent mark sweep GC freed 34(1200B) AllocSpace objects, 0(0B) LOS objects, 27% free, 41MB/57MB, paused 629us total 42.678ms
08-03 21:05:07.061  6080  6334 I art     : Starting a blocking GC Explicit
08-03 21:05:07.072  6675  6675 D AndroidRuntime: >>>>>> START com.android.internal.os.RuntimeInit uid 2000 <<<<<<
08-03 21:05:07.079  6675  6675 D AndroidRuntime: CheckJNI is OFF
08-03 21:05:07.109  6080  6334 I art     : Explicit concurrent mark sweep GC freed 9(288B) AllocSpace objects, 0(0B) LOS objects, 27% free, 41MB/57MB, paused 966us total 47.705ms
08-03 21:05:07.125  6080  6334 I art     : Starting a blocking GC Explicit
08-03 21:05:07.130  6675  6675 D ICU     : No timezone override file found: /data/misc/zoneinfo/current/icu/icu_tzdata.dat
08-03 21:05:07.170  6080  6334 I art     : Explicit concurrent mark sweep GC freed 12(384B) AllocSpace objects, 0(0B) LOS objects, 27% free, 41MB/57MB, paused 673us total 44.598ms
08-03 21:05:07.178  6675  6675 I Radio-JNI: register_android_hardware_Radio DONE
08-03 21:05:07.186  6080  6334 I art     : Starting a blocking GC Explicit
08-03 21:05:07.209  6675  6675 D AndroidRuntime: Calling main entry com.android.commands.input.Input
08-03 21:05:07.211  6675  6675 I Input   : injectMotionEvent: MotionEvent { action=ACTION_DOWN, actionButton=0, id[0]=0, x[0]=1215.0, y[0]=1482.0, toolType[0]=TOOL_TYPE_UNKNOWN, buttonState=0, metaState=0, flags=0x0, edgeFlags=0x0, pointerCount=1, historySize=0, eventTime=651923623, downTime=651923623, deviceId=0, source=0x1002 }
08-03 21:05:07.216  6675  6675 I Input   : injectMotionEvent: MotionEvent { action=ACTION_UP, actionButton=0, id[0]=0, x[0]=1215.0, y[0]=1482.0, toolType[0]=TOOL_TYPE_UNKNOWN, buttonState=0, metaState=0, flags=0x0, edgeFlags=0x0, pointerCount=1, historySize=0, eventTime=651923623, downTime=651923623, deviceId=0, source=0x1002 }
08-03 21:05:07.218  6675  6675 D AndroidRuntime: Shutting down VM
08-03 21:05:07.226  6080  6080 I SettingsManager: Setting boolean: completedTutorial
08-03 21:05:07.229   512  2967 D audio_hw_primary: out_set_parameters: enter: usecase(1: low-latency-playback) kvpairs: routing=2
08-03 21:05:07.229  6080  6334 I art     : Explicit concurrent mark sweep GC freed 36(1440B) AllocSpace objects, 0(0B) LOS objects, 27% free, 41MB/57MB, paused 1.089ms total 42.682ms
08-03 21:05:07.242   918  4400 W BackupManagerService: dataChanged but no participant pkg='nappagreedy.com.ak.uobtimetable' uid=10643
08-03 21:05:07.242   512  2967 D audio_hw_primary: select_devices: out_snd_device(2: speaker) in_snd_device(0: none)
08-03 21:05:07.242   512  2967 D msm8974_platform: platform_send_audio_calibration: sending audio calibration for snd_device(2) acdb_id(15)
08-03 21:05:07.242   512  2967 I soundtrigger: audio_extn_sound_trigger_update_device_status: device 0x2 of type 0 for Event 1
08-03 21:05:07.253   918  3714 W InputMethodManagerService: Window already focused, ignoring focus gain of: com.android.internal.view.IInputMethodClient$Stub$Proxy@92c0aa1 attribute=null, token = android.os.BinderProxy@598eefd
08-03 21:05:07.254   512  2967 D audio_hw_primary: enable_snd_device: snd_device(2: speaker)
08-03 21:05:07.256   512  2967 D audio_hw_primary: enable_audio_route: apply and update mixer path: low-latency-playback speaker
08-03 21:05:07.554  6080  6334 I art     : Starting a blocking GC Explicit
08-03 21:05:07.598  6080  6334 I art     : Explicit concurrent mark sweep GC freed 1679(106KB) AllocSpace objects, 2(40KB) LOS objects, 27% free, 41MB/57MB, paused 844us total 43.839ms
08-03 21:05:07.614  6080  6334 I art     : Starting a blocking GC Explicit
08-03 21:05:07.657  6080  6334 I art     : Explicit concurrent mark sweep GC freed 1015(69KB) AllocSpace objects, 1(40KB) LOS objects, 27% free, 41MB/57MB, paused 650us total 42.161ms
08-03 21:05:07.672  6080  6334 I art     : Starting a blocking GC Explicit
08-03 21:05:07.715  6080  6334 I art     : Explicit concurrent mark sweep GC freed 3(96B) AllocSpace objects, 0(0B) LOS objects, 27% free, 41MB/57MB, paused 658us total 42.816ms
08-03 21:05:07.731  6080  6334 I art     : Starting a blocking GC Explicit
08-03 21:05:07.773  6080  6334 I art     : Explicit concurrent mark sweep GC freed 3(96B) AllocSpace objects, 0(0B) LOS objects, 27% free, 41MB/57MB, paused 633us total 41.306ms
08-03 21:05:07.788  6080  6334 I art     : Starting a blocking GC Explicit
08-03 21:05:07.799   512  2967 D audio_hw_primary: disable_audio_route: reset and update mixer path: low-latency-playback speaker
08-03 21:05:07.800   512  2967 D audio_hw_primary: disable_snd_device: snd_device(2: speaker)
08-03 21:05:07.808   512  2967 I soundtrigger: audio_extn_sound_trigger_update_device_status: device 0x2 of type 0 for Event 0
08-03 21:05:07.831  6080  6334 I art     : Explicit concurrent mark sweep GC freed 3(96B) AllocSpace objects, 0(0B) LOS objects, 27% free, 41MB/57MB, paused 647us total 42.777ms
08-03 21:05:08.152  6080  6335 I art     : Starting a blocking GC Explicit
