08-04 01:31:32.599 12904 13064 D CustomInterceptor: HEADER RESPONSE
08-04 01:31:32.599 12904 13064 D CustomInterceptor: Allow GET, OPTIONS
08-04 01:31:32.599 12904 13064 D CustomInterceptor: Cache-Control public, immutable, max-age=300, only-if-cached, max-stale=300
08-04 01:31:32.599 12904 13064 D CustomInterceptor: Connection keep-alive
08-04 01:31:32.599 12904 13064 D CustomInterceptor: Content-Length 36
08-04 01:31:32.599 12904 13064 D CustomInterceptor: Content-Type application/json
08-04 01:31:32.599 12904 13064 D CustomInterceptor: Date Mon, 03 Aug 2020 23:31:27 GMT
08-04 01:31:32.599 12904 13064 D CustomInterceptor: Expires Mon, 03 Aug 2020 23:36:32 GMT+00:00
08-04 01:31:32.599 12904 13064 D CustomInterceptor: Server gunicorn/19.8.1
08-04 01:31:32.599 12904 13064 D CustomInterceptor: Vary Accept
08-04 01:31:32.599 12904 13064 D CustomInterceptor: Via 1.1 vegur
08-04 01:31:32.599 12904 13064 D CustomInterceptor: X-Frame-Options SAMEORIGIN
08-04 01:31:32.599 12904 13064 D CustomInterceptor: CACHEABLE true
08-04 01:31:32.599 12904 13064 D CustomInterceptor: REQ https://project-travel-mate.herokuapp.com/api/number-of-unread-notifications
08-04 01:31:32.599 12904 13064 D CustomInterceptor: REQ_SERV_BY net
08-04 01:31:32.599 12904 13064 D CustomInterceptor: PREFLIB Adding response to lrucache - https://project-travel-mate.herokuapp.com/api/number-of-unread-notifications
08-04 01:31:32.626 12904 12969 I art     : Starting a blocking GC Explicit
08-04 01:31:32.632 12904 13064 D CustomInterceptor: interceptor_finished : return_type #3 : request served from remote and added to cache
08-04 01:31:32.632 12904 13064 I NAPPA_EXPERIMENTATION: MetricNetworkRequestExecutionTime: REQUEST_DURATION_SYSTEM='490',REQUEST_DURATION_OKHTTP='0',REQUEST_SYNCHRONOUS='FALSE',RESPONSE_CODE='200',RESPONSE_METHOD='GET',RESPONSE_LENGTH_OKHTTP='36',RESPONSE_LENGTH_HEADER='-2',REQUEST_PROTOCOL='http/1.1',REQUEST_URL='https://project-travel-mate.herokuapp.com/api/number-of-unread-notifications',
08-04 01:31:32.649 12904 12969 I art     : Explicit concurrent mark sweep GC freed 17393(1518KB) AllocSpace objects, 16(4MB) LOS objects, 34% free, 30MB/46MB, paused 713us total 23.640ms
08-04 01:31:32.654 12904 12904 D NappaLifecycleObserver: nappatfpr.io.github.project_travel_mate.SplashActivity - onDestroy
08-04 01:31:32.654 12904 12904 D NappaLifecycleObserver: -------------F1_SCORE #3 -----------
08-04 01:31:32.654 12904 12904 D NappaLifecycleObserver: F1_SCORE - Intercept list (3)= [https://project-travel-mate.herokuapp.com/api/get-user, https://project-travel-mate.herokuapp.com/api/get-all-cities/10, https://project-travel-mate.herokuapp.com/api/number-of-unread-notifications]
08-04 01:31:32.654 12904 12904 D NappaLifecycleObserver: F1_SCORE - Prefetch list (0)= []
08-04 01:31:32.654 12904 12904 D NappaLifecycleObserver: F1_SCORE - TP list (0)= []
08-04 01:31:32.654 12904 12904 D NappaLifecycleObserver: F1_SCORE - FN list (3)= [https://project-travel-mate.herokuapp.com/api/get-user, https://project-travel-mate.herokuapp.com/api/get-all-cities/10, https://project-travel-mate.herokuapp.com/api/number-of-unread-notifications]
08-04 01:31:32.654 12904 12904 I NAPPA_EXPERIMENTATION: MetricPrefetchingAccuracy: LOG_ID='4',F1_SCORE_1='0.0',F1_SCORE_2='0.0',TRUE_POSITIVE='0',FALSE_POSITIVE='0',FALSE_NEGATIVE='3',
08-04 01:31:32.658 12904 12969 I art     : Starting a blocking GC Explicit
08-04 01:31:32.677 12904 12969 I art     : Explicit concurrent mark sweep GC freed 3199(335KB) AllocSpace objects, 0(0B) LOS objects, 34% free, 30MB/46MB, paused 422us total 19.064ms
08-04 01:31:32.686 12904 12969 I art     : Starting a blocking GC Explicit
08-04 01:31:32.705 12904 12969 I art     : Explicit concurrent mark sweep GC freed 386(16KB) AllocSpace objects, 0(0B) LOS objects, 34% free, 30MB/46MB, paused 471us total 18.571ms
08-04 01:31:32.713 12904 12969 I art     : Starting a blocking GC Explicit
08-04 01:31:32.730 12904 12969 I art     : Explicit concurrent mark sweep GC freed 9748(343KB) AllocSpace objects, 0(0B) LOS objects, 34% free, 29MB/45MB, paused 353us total 17.141ms
08-04 01:31:32.739 12904 12969 I art     : Starting a blocking GC Explicit
08-04 01:31:32.757 12904 12969 I art     : Explicit concurrent mark sweep GC freed 338(52KB) AllocSpace objects, 0(0B) LOS objects, 34% free, 31MB/47MB, paused 440us total 17.361ms
08-04 01:31:33.053 12904 12969 I art     : Starting a blocking GC Explicit
08-04 01:31:33.081 12904 12969 I art     : Explicit concurrent mark sweep GC freed 11729(1231KB) AllocSpace objects, 19(1820KB) LOS objects, 32% free, 33MB/49MB, paused 575us total 27.500ms
08-04 01:31:33.094 12904 12969 I art     : Starting a blocking GC Explicit
08-04 01:31:33.113 12904 12969 I art     : Explicit concurrent mark sweep GC freed 2094(81KB) AllocSpace objects, 0(0B) LOS objects, 32% free, 33MB/49MB, paused 435us total 18.199ms
08-04 01:31:33.121 12904 12969 I art     : Starting a blocking GC Explicit
08-04 01:31:33.141 12904 12969 I art     : Explicit concurrent mark sweep GC freed 219(25KB) AllocSpace objects, 0(0B) LOS objects, 32% free, 33MB/49MB, paused 443us total 19.720ms
08-04 01:31:33.149 12904 12969 I art     : Starting a blocking GC Explicit
08-04 01:31:33.167 12904 12969 I art     : Explicit concurrent mark sweep GC freed 147(116KB) AllocSpace objects, 2(56KB) LOS objects, 31% free, 34MB/50MB, paused 368us total 17.080ms
08-04 01:31:33.175 12904 12969 I art     : Starting a blocking GC Explicit
08-04 01:31:33.192 12904 12969 I art     : Explicit concurrent mark sweep GC freed 160(6KB) AllocSpace objects, 3(1292KB) LOS objects, 32% free, 33MB/49MB, paused 277us total 16.700ms
08-04 01:31:33.507 12904 12917 I art     : Starting a blocking GC Explicit
08-04 01:31:33.528 12904 12917 I art     : Explicit concurrent mark sweep GC freed 2546(126KB) AllocSpace objects, 2(40KB) LOS objects, 32% free, 33MB/49MB, paused 397us total 20.746ms
08-04 01:31:33.538 12904 12917 I art     : Starting a blocking GC Explicit
08-04 01:31:33.559 12904 12917 I art     : Explicit concurrent mark sweep GC freed 92(2752B) AllocSpace objects, 0(0B) LOS objects, 32% free, 33MB/49MB, paused 340us total 21.419ms
08-04 01:31:33.570 12904 12917 I art     : Starting a blocking GC Explicit
08-04 01:31:33.588 12904 12917 I art     : Explicit concurrent mark sweep GC freed 54(992B) AllocSpace objects, 0(0B) LOS objects, 32% free, 33MB/49MB, paused 266us total 18.326ms
08-04 01:31:33.598 12904 12917 I art     : Starting a blocking GC Explicit
08-04 01:31:33.616 12904 12917 I art     : Explicit concurrent mark sweep GC freed 33(640B) AllocSpace objects, 0(0B) LOS objects, 32% free, 33MB/49MB, paused 375us total 17.819ms
08-04 01:31:33.625 12904 12917 I art     : Starting a blocking GC Explicit
08-04 01:31:33.642 12904 12917 I art     : Explicit concurrent mark sweep GC freed 52(976B) AllocSpace objects, 0(0B) LOS objects, 32% free, 33MB/49MB, paused 281us total 16.862ms
08-04 01:31:33.717   918  3261 D WifiStateMachine: starting scan for "H369AA63323"WPA_PSK with 2412,5180
08-04 01:31:33.924 12904 12917 I art     : Starting a blocking GC Explicit
08-04 01:31:33.945 12904 12917 I art     : Explicit concurrent mark sweep GC freed 2055(103KB) AllocSpace objects, 2(40KB) LOS objects, 32% free, 33MB/49MB, paused 314us total 21.111ms
08-04 01:31:33.955 12904 12917 I art     : Starting a blocking GC Explicit
08-04 01:31:33.975 12904 12917 I art     : Explicit concurrent mark sweep GC freed 78(1904B) AllocSpace objects, 0(0B) LOS objects, 32% free, 33MB/49MB, paused 303us total 19.800ms
08-04 01:31:33.984 12904 12917 I art     : Starting a blocking GC Explicit
08-04 01:31:34.004 12904 12917 I art     : Explicit concurrent mark sweep GC freed 51(896B) AllocSpace objects, 0(0B) LOS objects, 32% free, 33MB/49MB, paused 307us total 19.424ms
08-04 01:31:34.013 12904 12917 I art     : Starting a blocking GC Explicit
08-04 01:31:34.033 12904 12917 I art     : Explicit concurrent mark sweep GC freed 27(496B) AllocSpace objects, 0(0B) LOS objects, 32% free, 33MB/49MB, paused 329us total 19.485ms
08-04 01:31:34.042 12904 12917 I art     : Starting a blocking GC Explicit
08-04 01:31:34.062 12904 12917 I art     : Explicit concurrent mark sweep GC freed 51(896B) AllocSpace objects, 0(0B) LOS objects, 32% free, 33MB/49MB, paused 298us total 19.511ms
08-04 01:31:34.408 12904 12969 I art     : Starting a blocking GC Explicit
08-04 01:31:34.430 12904 12969 I art     : Explicit concurrent mark sweep GC freed 2148(107KB) AllocSpace objects, 2(40KB) LOS objects, 32% free, 33MB/49MB, paused 314us total 22.120ms
08-04 01:31:34.442 12904 12969 I art     : Starting a blocking GC Explicit
08-04 01:31:34.461 12904 12969 I art     : Explicit concurrent mark sweep GC freed 78(1904B) AllocSpace objects, 0(0B) LOS objects, 32% free, 33MB/49MB, paused 299us total 18.677ms
08-04 01:31:34.470 12904 12969 I art     : Starting a blocking GC Explicit
08-04 01:31:34.489 12904 12969 I art     : Explicit concurrent mark sweep GC freed 51(896B) AllocSpace objects, 0(0B) LOS objects, 32% free, 33MB/49MB, paused 299us total 18.513ms
08-04 01:31:34.498 12904 12969 I art     : Starting a blocking GC Explicit
08-04 01:31:34.516 12904 12969 I art     : Explicit concurrent mark sweep GC freed 27(496B) AllocSpace objects, 0(0B) LOS objects, 32% free, 33MB/49MB, paused 275us total 18.045ms
08-04 01:31:34.525 12904 12969 I art     : Starting a blocking GC Explicit
08-04 01:31:34.544 12904 12969 I art     : Explicit concurrent mark sweep GC freed 51(896B) AllocSpace objects, 0(0B) LOS objects, 32% free, 33MB/49MB, paused 283us total 18.697ms
08-04 01:31:34.850 12904 12918 I art     : Starting a blocking GC Explicit
08-04 01:31:34.869 12904 12918 I art     : Explicit concurrent mark sweep GC freed 2101(107KB) AllocSpace objects, 2(40KB) LOS objects, 32% free, 33MB/49MB, paused 310us total 18.647ms
08-04 01:31:34.878 12904 12918 I art     : Starting a blocking GC Explicit
08-04 01:31:34.894 12904 12918 I art     : Explicit concurrent mark sweep GC freed 56(1568B) AllocSpace objects, 0(0B) LOS objects, 32% free, 33MB/49MB, paused 272us total 15.968ms
08-04 01:31:34.903 12904 12918 I art     : Starting a blocking GC Explicit
08-04 01:31:34.920 12904 12918 I art     : Explicit concurrent mark sweep GC freed 51(896B) AllocSpace objects, 0(0B) LOS objects, 32% free, 33MB/49MB, paused 298us total 17.350ms
08-04 01:31:34.929 12904 12918 I art     : Starting a blocking GC Explicit
08-04 01:31:34.946 12904 12918 I art     : Explicit concurrent mark sweep GC freed 27(496B) AllocSpace objects, 0(0B) LOS objects, 32% free, 33MB/49MB, paused 293us total 17.334ms
08-04 01:31:34.955 12904 12918 I art     : Starting a blocking GC Explicit
08-04 01:31:34.973 12904 12918 I art     : Explicit concurrent mark sweep GC freed 51(896B) AllocSpace objects, 0(0B) LOS objects, 32% free, 33MB/49MB, paused 310us total 18.419ms
08-04 01:31:35.231  8990  8990 I ServiceManager: Waiting for service AtCmdFwd...
08-04 01:31:35.299 12904 12969 I art     : Starting a blocking GC Explicit
08-04 01:31:35.321 12904 12969 I art     : Explicit concurrent mark sweep GC freed 2115(107KB) AllocSpace objects, 2(40KB) LOS objects, 32% free, 33MB/49MB, paused 372us total 21.783ms
08-04 01:31:35.334 12904 12969 I art     : Starting a blocking GC Explicit
08-04 01:31:35.352 12904 12969 I art     : Explicit concurrent mark sweep GC freed 66(1712B) AllocSpace objects, 0(0B) LOS objects, 32% free, 33MB/49MB, paused 298us total 18.232ms
08-04 01:31:35.361 12904 12969 I art     : Starting a blocking GC Explicit
08-04 01:31:35.380 12904 12969 I art     : Explicit concurrent mark sweep GC freed 51(896B) AllocSpace objects, 0(0B) LOS objects, 32% free, 33MB/49MB, paused 297us total 18.656ms
08-04 01:31:35.389 12904 12969 I art     : Starting a blocking GC Explicit
08-04 01:31:35.408 12904 12969 I art     : Explicit concurrent mark sweep GC freed 51(896B) AllocSpace objects, 0(0B) LOS objects, 32% free, 33MB/49MB, paused 297us total 18.564ms
08-04 01:31:35.417 12904 12969 I art     : Starting a blocking GC Explicit
08-04 01:31:35.436 12904 12969 I art     : Explicit concurrent mark sweep GC freed 29(528B) AllocSpace objects, 0(0B) LOS objects, 32% free, 33MB/49MB, paused 348us total 18.878ms
08-04 01:31:35.778 12904 12917 I art     : Starting a blocking GC Explicit
08-04 01:31:35.800 12904 12917 I art     : Explicit concurrent mark sweep GC freed 2142(103KB) AllocSpace objects, 2(40KB) LOS objects, 32% free, 33MB/49MB, paused 315us total 21.807ms
08-04 01:31:35.814 12904 12917 I art     : Starting a blocking GC Explicit
08-04 01:31:35.831 12904 12917 I art     : Explicit concurrent mark sweep GC freed 78(1904B) AllocSpace objects, 0(0B) LOS objects, 32% free, 33MB/49MB, paused 290us total 16.955ms
08-04 01:31:35.840 12904 12917 I art     : Starting a blocking GC Explicit
08-04 01:31:35.858 12904 12917 I art     : Explicit concurrent mark sweep GC freed 51(896B) AllocSpace objects, 0(0B) LOS objects, 32% free, 33MB/49MB, paused 284us total 17.781ms
08-04 01:31:35.867 12904 12917 I art     : Starting a blocking GC Explicit
08-04 01:31:35.886 12904 12917 I art     : Explicit concurrent mark sweep GC freed 33(592B) AllocSpace objects, 0(0B) LOS objects, 32% free, 33MB/49MB, paused 327us total 18.072ms
08-04 01:31:35.894 12904 12917 I art     : Starting a blocking GC Explicit
08-04 01:31:35.911 12904 12917 I art     : Explicit concurrent mark sweep GC freed 45(800B) AllocSpace objects, 0(0B) LOS objects, 32% free, 33MB/49MB, paused 279us total 16.789ms
08-04 01:31:36.175 13164 13164 D AndroidRuntime: >>>>>> START com.android.internal.os.RuntimeInit uid 2000 <<<<<<
08-04 01:31:36.179 13164 13164 D AndroidRuntime: CheckJNI is OFF
08-04 01:31:36.205 13164 13164 D ICU     : No timezone override file found: /data/misc/zoneinfo/current/icu/icu_tzdata.dat
08-04 01:31:36.222 12904 12918 I art     : Starting a blocking GC Explicit
08-04 01:31:36.232 13164 13164 I Radio-JNI: register_android_hardware_Radio DONE
08-04 01:31:36.232  8990  8990 I ServiceManager: Waiting for service AtCmdFwd...
08-04 01:31:36.242 12904 12918 I art     : Explicit concurrent mark sweep GC freed 2096(102KB) AllocSpace objects, 2(40KB) LOS objects, 32% free, 33MB/49MB, paused 312us total 19.824ms
08-04 01:31:36.249 13164 13164 D AndroidRuntime: Calling main entry com.android.commands.input.Input
08-04 01:31:36.251 13164 13164 I Input   : injectMotionEvent: MotionEvent { action=ACTION_DOWN, actionButton=0, id[0]=0, x[0]=346.0, y[0]=709.0, toolType[0]=TOOL_TYPE_UNKNOWN, buttonState=0, metaState=0, flags=0x0, edgeFlags=0x0, pointerCount=1, historySize=0, eventTime=667912664, downTime=667912664, deviceId=0, source=0x1002 }
08-04 01:31:36.252 12904 12918 I art     : Starting a blocking GC Explicit
08-04 01:31:36.260 13164 13164 I Input   : injectMotionEvent: MotionEvent { action=ACTION_UP, actionButton=0, id[0]=0, x[0]=346.0, y[0]=709.0, toolType[0]=TOOL_TYPE_UNKNOWN, buttonState=0, metaState=0, flags=0x0, edgeFlags=0x0, pointerCount=1, historySize=0, eventTime=667912664, downTime=667912664, deviceId=0, source=0x1002 }
08-04 01:31:36.262 12904 12923 D Nappa   : PREFETCH_ON_EXTRA - notifyExtras- start
08-04 01:31:36.262 12904 12904 D NappaIntentExtras: ==================
08-04 01:31:36.262 12904 12904 D NappaIntentExtras: Log #2
08-04 01:31:36.262 12904 12904 D NappaIntentExtras: ------------------
08-04 01:31:36.262 12904 12904 D NappaIntentExtras: activity nappatfpr.io.github.project_travel_mate.SplashActivity
08-04 01:31:36.262 12904 12904 D NappaIntentExtras: 	- No extras registered
08-04 01:31:36.262 12904 12904 D NappaIntentExtras: activity nappatfpr.io.github.project_travel_mate.destinations.funfacts.FunFactsActivity
08-04 01:31:36.262 12904 12904 D NappaIntentExtras: 	- No extras registered
08-04 01:31:36.262 12904 12904 D NappaIntentExtras: activity nappatfpr.io.github.project_travel_mate.MainActivity
08-04 01:31:36.262 12904 12904 D NappaIntentExtras: 	- 1 extras registered
08-04 01:31:36.262 12904 12904 D NappaIntentExtras: 	- cityobject_ : objects.City@92eb1a9
08-04 01:31:36.262 12904 12904 D NappaIntentExtras: activity nappatfpr.io.github.project_travel_mate.utilities.UpcomingWeekendsActivity
08-04 01:31:36.262 12904 12904 D NappaIntentExtras: 	- No extras registered
08-04 01:31:36.262 12904 12904 D NappaIntentExtras: activity nappatfpr.io.github.project_travel_mate.utilities.ChecklistActivity
08-04 01:31:36.262 12904 12904 D NappaIntentExtras: 	- No extras registered
08-04 01:31:36.262 12904 12904 D NappaIntentExtras: activity nappatfpr.io.github.project_travel_mate.utilities.CompassActivity
08-04 01:31:36.262 12904 12904 D NappaIntentExtras: 	- No extras registered
08-04 01:31:36.262 12904 12904 D NappaIntentExtras: activity nappatfpr.io.github.project_travel_mate.notifications.NotificationsActivity
08-04 01:31:36.262 12904 12904 D NappaIntentExtras: 	- No extras registered
08-04 01:31:36.262 12904 12904 D NappaIntentExtras: activity nappatfpr.io.github.project_travel_mate.destinations.description.CityHistoryActivity
08-04 01:31:36.262 12904 12904 D NappaIntentExtras: 	- No extras registered
08-04 01:31:36.262 12904 12904 D NappaIntentExtras: activity nappatfpr.io.github.project_travel_mate.destinations.description.FinalCityInfoActivity
08-04 01:31:36.262 12904 12904 D NappaIntentExtras: 	- No extras registered
08-04 01:31:36.263 12904 12904 D NappaIntentExtras: ==================
08-04 01:31:36.263 12904 12923 I NAPPA_EXPERIMENTATION: MetricNappaPrefetchingStrategyExecutionTime: STRATEGY_CLASS='TfprPrefetchingStrategy',DURATION='937969',NUMBER_OF_URLS='0',NUMBER_OF_SELECTED_CHILDREN_NODES='0',NUMBER_OF_CHILDREN_NODES='5',STRATEGY_RUN_SUCCESSFULLY='True',
08-04 01:31:36.263 12904 12923 D TfprPrefetchingStrategy: ==================================
08-04 01:31:36.263 12904 12923 D TfprPrefetchingStrategy: Starting Run #2
08-04 01:31:36.263 12904 12923 D TfprPrefetchingStrategy: ----------------------------------
08-04 01:31:36.263 12904 12923 D TfprPrefetchingStrategy: Node data MainActivity 
08-04 01:31:36.263 12904 12923 D TfprPrefetchingStrategy: 	Successors:
08-04 01:31:36.263 12904 12923 D TfprPrefetchingStrategy: 		UpcomingWeekendsActivity (0 hits)
08-04 01:31:36.263 12904 12923 D TfprPrefetchingStrategy: 		ChecklistActivity (0 hits)
08-04 01:31:36.263 12904 12923 D TfprPrefetchingStrategy: 		FinalCityInfoActivity (0 hits)
08-04 01:31:36.263 12904 12923 D TfprPrefetchingStrategy: 		NotificationsActivity (0 hits)
08-04 01:31:36.263 12904 12923 D TfprPrefetchingStrategy: 		CompassActivity (0 hits)
08-04 01:31:36.263 12904 12923 D TfprPrefetchingStrategy: 	Ancestors:
08-04 01:31:36.263 12904 12923 D TfprPrefetchingStrategy: 		SplashActivity (0 hits)
08-04 01:31:36.263 12904 12923 D TfprPrefetchingStrategy: 
08-04 01:31:36.263 12904 12923 D TfprPrefetchingStrategy: MetricStrategyAccuracy inc execution count2 | act = false; extra = true
08-04 01:31:36.263 12904 12923 D TfprPrefetchingStrategy: ===
08-04 01:31:36.263 12904 12923 D TfprPrefetchingStrategy: calculateVisitTimeScores
08-04 01:31:36.263 12904 12923 D TfprPrefetchingStrategy: -------- Node MainActivity-----------
08-04 01:31:36.263 12904 12923 D TfprPrefetchingStrategy: tfprNode.aggregateVisitTime = 52849
08-04 01:31:36.263 12904 12923 D TfprPrefetchingStrategy: tfprNode.totalAggregateVisitTimeFromSuccessors = 49934
08-04 01:31:36.263 12904 12923 D TfprPrefetchingStrategy: tfprNode.aggregateVisitTimeFromSuccessors = {nappatfpr.io.github.project_travel_mate.utilities.UpcomingWeekendsActivity=18423, nappatfpr.io.github.project_travel_mate.utilities.ChecklistActivity=9085, nappatfpr.io.github.project_travel_mate.utilities.CompassActivity=4396, nappatfpr.io.github.project_travel_mate.notifications.NotificationsActivity=9164, nappatfpr.io.github.project_travel_mate.destinations.description.FinalCityInfoActivity=8866}
08-04 01:31:36.263 12904 12923 D TfprPrefetchingStrategy: -------- Node ChecklistActivity-----------
08-04 01:31:36.263 12904 12923 D TfprPrefetchingStrategy: tfprNode.aggregateVisitTime = 9085
08-04 01:31:36.263 12904 12923 D TfprPrefetchingStrategy: tfprNode.totalAggregateVisitTimeFromSuccessors = 0
08-04 01:31:36.263 12904 12923 D TfprPrefetchingStrategy: tfprNode.aggregateVisitTimeFromSuccessors = {}
08-04 01:31:36.263 12904 12923 D TfprPrefetchingStrategy: -------- Node UpcomingWeekendsActivity-----------
08-04 01:31:36.263 12904 12923 D TfprPrefetchingStrategy: tfprNode.aggregateVisitTime = 18423
08-04 01:31:36.263 12904 12923 D TfprPrefetchingStrategy: tfprNode.totalAggregateVisitTimeFromSuccessors = 0
08-04 01:31:36.263 12904 12923 D TfprPrefetchingStrategy: tfprNode.aggregateVisitTimeFromSuccessors = {}
08-04 01:31:36.263 12904 12923 D TfprPrefetchingStrategy: -------- Node CompassActivity-----------
08-04 01:31:36.263 12904 12923 D TfprPrefetchingStrategy: tfprNode.aggregateVisitTime = 4396
08-04 01:31:36.264 12904 12923 D TfprPrefetchingStrategy: tfprNode.totalAggregateVisitTimeFromSuccessors = 0
08-04 01:31:36.264 12904 12923 D TfprPrefetchingStrategy: tfprNode.aggregateVisitTimeFromSuccessors = {}
08-04 01:31:36.264 12904 12923 D TfprPrefetchingStrategy: -------- Node NotificationsActivity-----------
08-04 01:31:36.264 12904 12923 D TfprPrefetchingStrategy: tfprNode.aggregateVisitTime = 9164
08-04 01:31:36.264 12904 12923 D TfprPrefetchingStrategy: tfprNode.totalAggregateVisitTimeFromSuccessors = 0
08-04 01:31:36.264 12904 12923 D TfprPrefetchingStrategy: tfprNode.aggregateVisitTimeFromSuccessors = {}
08-04 01:31:36.264 12904 12923 D TfprPrefetchingStrategy: -------- Node FinalCityInfoActivity-----------
08-04 01:31:36.264 12904 12923 D TfprPrefetchingStrategy: tfprNode.aggregateVisitTime = 17172
08-04 01:31:36.264 12904 12923 D TfprPrefetchingStrategy: tfprNode.totalAggregateVisitTimeFromSuccessors = 18687
08-04 01:31:36.264 12904 12923 D TfprPrefetchingStrategy: tfprNode.aggregateVisitTimeFromSuccessors = {nappatfpr.io.github.project_travel_mate.destinations.funfacts.FunFactsActivity=5086, nappatfpr.io.github.project_travel_mate.destinations.description.CityHistoryActivity=13601}
08-04 01:31:36.264 12904 12923 D TfprPrefetchingStrategy: -------- Graph -----------
08-04 01:31:36.264 12904 12923 D TfprPrefetchingStrategy: tfprGraph.aggregateVisitTimeFromSuccessors = 111089
08-04 01:31:36.264 12904 12923 D TfprPrefetchingStrategy: ===
08-04 01:31:36.264 12904 12923 D TfprPrefetchingStrategy: ===
08-04 01:31:36.264 12904 12923 D TfprPrefetchingStrategy: runTfprAlgorithm
08-04 01:31:36.264 12904 12923 D TfprPrefetchingStrategy: ------------- TFPR calculation #1 of 10 -----------
08-04 01:31:36.264 12904 12923 D TfprPrefetchingStrategy: node MainActivity score = 0.40437534
08-04 01:31:36.264 12904 12923 D TfprPrefetchingStrategy: node ChecklistActivity score = 0.080549896
08-04 01:31:36.264 12904 12923 D TfprPrefetchingStrategy: node UpcomingWeekendsActivity score = 0.16334298
08-04 01:31:36.264 12904 12923 D TfprPrefetchingStrategy: node CompassActivity score = 0.038976043
08-04 01:31:36.264 12904 12923 D TfprPrefetchingStrategy: node NotificationsActivity score = 0.08125033
08-04 01:31:36.264 12904 12923 D TfprPrefetchingStrategy: node FinalCityInfoActivity score = 0.14216173
08-04 01:31:36.264 12904 12923 D TfprPrefetchingStrategy: ------------- TFPR calculation #2 of 10 -----------
08-04 01:31:36.264 12904 12923 D TfprPrefetchingStrategy: node MainActivity score = 0.40437534
08-04 01:31:36.264 12904 12923 D TfprPrefetchingStrategy: node ChecklistActivity score = 0.080549896
08-04 01:31:36.264 12904 12923 D TfprPrefetchingStrategy: node UpcomingWeekendsActivity score = 0.16334298
08-04 01:31:36.264 12904 12923 D TfprPrefetchingStrategy: node CompassActivity score = 0.038976043
08-04 01:31:36.264 12904 12923 D TfprPrefetchingStrategy: node NotificationsActivity score = 0.08125033
08-04 01:31:36.264 12904 12923 D TfprPrefetchingStrategy: node FinalCityInfoActivity score = 0.14216173
08-04 01:31:36.264 12904 12923 D TfprPrefetchingStrategy: ------------- TFPR calculation #3 of 10 -----------
08-04 01:31:36.264 12904 12923 D TfprPrefetchingStrategy: node MainActivity score = 0.40437534
08-04 01:31:36.265 12904 12923 D TfprPrefetchingStrategy: node ChecklistActivity score = 0.080549896
08-04 01:31:36.265 12904 12923 D TfprPrefetchingStrategy: node UpcomingWeekendsActivity score = 0.16334298
08-04 01:31:36.265 12904 12923 D TfprPrefetchingStrategy: node CompassActivity score = 0.038976043
08-04 01:31:36.265 12904 12923 D TfprPrefetchingStrategy: node NotificationsActivity score = 0.08125033
08-04 01:31:36.265 12904 12923 D TfprPrefetchingStrategy: node FinalCityInfoActivity score = 0.14216173
08-04 01:31:36.265 12904 12923 D TfprPrefetchingStrategy: ------------- TFPR calculation #4 of 10 -----------
08-04 01:31:36.265 12904 12923 D TfprPrefetchingStrategy: node MainActivity score = 0.40437534
08-04 01:31:36.265 12904 12923 D TfprPrefetchingStrategy: node ChecklistActivity score = 0.080549896
08-04 01:31:36.265 12904 12923 D TfprPrefetchingStrategy: node UpcomingWeekendsActivity score = 0.16334298
08-04 01:31:36.265 12904 12923 D TfprPrefetchingStrategy: node CompassActivity score = 0.038976043
08-04 01:31:36.265 12904 12923 D TfprPrefetchingStrategy: node NotificationsActivity score = 0.08125033
08-04 01:31:36.265 12904 12923 D TfprPrefetchingStrategy: node FinalCityInfoActivity score = 0.14216173
08-04 01:31:36.265 12904 12923 D TfprPrefetchingStrategy: ------------- TFPR calculation #5 of 10 -----------
08-04 01:31:36.265 12904 12923 D TfprPrefetchingStrategy: node MainActivity score = 0.40437534
08-04 01:31:36.265 12904 12923 D TfprPrefetchingStrategy: node ChecklistActivity score = 0.080549896
08-04 01:31:36.265 12904 12923 D TfprPrefetchingStrategy: node UpcomingWeekendsActivity score = 0.16334298
08-04 01:31:36.265 12904 12923 D TfprPrefetchingStrategy: node CompassActivity score = 0.038976043
08-04 01:31:36.265 12904 12923 D TfprPrefetchingStrategy: node NotificationsActivity score = 0.08125033
08-04 01:31:36.265 12904 12923 D TfprPrefetchingStrategy: node FinalCityInfoActivity score = 0.14216173
08-04 01:31:36.265 12904 12923 D TfprPrefetchingStrategy: ------------- TFPR calculation #6 of 10 -----------
08-04 01:31:36.265 12904 12923 D TfprPrefetchingStrategy: node MainActivity score = 0.40437534
08-04 01:31:36.265 12904 12923 D TfprPrefetchingStrategy: node ChecklistActivity score = 0.080549896
08-04 01:31:36.265 12904 12923 D TfprPrefetchingStrategy: node UpcomingWeekendsActivity score = 0.16334298
08-04 01:31:36.265 12904 12923 D TfprPrefetchingStrategy: node CompassActivity score = 0.038976043
08-04 01:31:36.265 12904 12923 D TfprPrefetchingStrategy: node NotificationsActivity score = 0.08125033
08-04 01:31:36.265 12904 12923 D TfprPrefetchingStrategy: node FinalCityInfoActivity score = 0.14216173
08-04 01:31:36.265 12904 12923 D TfprPrefetchingStrategy: ------------- TFPR calculation #7 of 10 -----------
08-04 01:31:36.265 12904 12923 D TfprPrefetchingStrategy: node MainActivity score = 0.40437534
08-04 01:31:36.265 12904 12923 D TfprPrefetchingStrategy: node ChecklistActivity score = 0.080549896
08-04 01:31:36.265 12904 12923 D TfprPrefetchingStrategy: node UpcomingWeekendsActivity score = 0.16334298
08-04 01:31:36.265 12904 12923 D TfprPrefetchingStrategy: node CompassActivity score = 0.038976043
08-04 01:31:36.265 12904 12923 D TfprPrefetchingStrategy: node NotificationsActivity score = 0.08125033
08-04 01:31:36.265 12904 12923 D TfprPrefetchingStrategy: node FinalCityInfoActivity score = 0.14216173
08-04 01:31:36.266 12904 12923 D TfprPrefetchingStrategy: ------------- TFPR calculation #8 of 10 -----------
08-04 01:31:36.266 12904 12923 D TfprPrefetchingStrategy: node MainActivity score = 0.40437534
08-04 01:31:36.266 12904 12923 D TfprPrefetchingStrategy: node ChecklistActivity score = 0.080549896
08-04 01:31:36.266 12904 12923 D TfprPrefetchingStrategy: node UpcomingWeekendsActivity score = 0.16334298
08-04 01:31:36.266 12904 12923 D TfprPrefetchingStrategy: node CompassActivity score = 0.038976043
08-04 01:31:36.266 12904 12923 D TfprPrefetchingStrategy: node NotificationsActivity score = 0.08125033
08-04 01:31:36.266 12904 12923 D TfprPrefetchingStrategy: node FinalCityInfoActivity score = 0.14216173
08-04 01:31:36.266 12904 12923 D TfprPrefetchingStrategy: ------------- TFPR calculation #9 of 10 -----------
08-04 01:31:36.266 12904 12923 D TfprPrefetchingStrategy: node MainActivity score = 0.40437534
08-04 01:31:36.266 12904 12923 D TfprPrefetchingStrategy: node ChecklistActivity score = 0.080549896
08-04 01:31:36.266 12904 12923 D TfprPrefetchingStrategy: node UpcomingWeekendsActivity score = 0.16334298
08-04 01:31:36.266 12904 12923 D TfprPrefetchingStrategy: node CompassActivity score = 0.038976043
08-04 01:31:36.266 12904 12923 D TfprPrefetchingStrategy: node NotificationsActivity score = 0.08125033
08-04 01:31:36.266 12904 12923 D TfprPrefetchingStrategy: node FinalCityInfoActivity score = 0.14216173
08-04 01:31:36.266 12904 12923 D TfprPrefetchingStrategy: ------------- TFPR calculation #10 of 10 -----------
08-04 01:31:36.266 12904 12923 D TfprPrefetchingStrategy: node MainActivity score = 0.40437534
08-04 01:31:36.266 12904 12923 D TfprPrefetchingStrategy: node ChecklistActivity score = 0.080549896
08-04 01:31:36.266 12904 12923 D TfprPrefetchingStrategy: node UpcomingWeekendsActivity score = 0.16334298
08-04 01:31:36.266 12904 12923 D TfprPrefetchingStrategy: node CompassActivity score = 0.038976043
08-04 01:31:36.266 12904 12923 D TfprPrefetchingStrategy: node NotificationsActivity score = 0.08125033
08-04 01:31:36.266 12904 12923 D TfprPrefetchingStrategy: node FinalCityInfoActivity score = 0.14216173
08-04 01:31:36.266 12904 12923 D TfprPrefetchingStrategy: ===
08-04 01:31:36.266 12904 12923 D TfprPrefetchingStrategy: ===
08-04 01:31:36.266 12904 12923 D TfprPrefetchingStrategy: getSuccessorListSortByTfprScore
08-04 01:31:36.266 12904 12923 D TfprPrefetchingStrategy: Successors before the sort [TfprNode{UpcomingWeekendsActivity : TFPR = 0.16334298}, TfprNode{ChecklistActivity : TFPR = 0.080549896}, TfprNode{FinalCityInfoActivity : TFPR = 0.14216173}, TfprNode{NotificationsActivity : TFPR = 0.08125033}, TfprNode{CompassActivity : TFPR = 0.038976043}]
08-04 01:31:36.266 12904 12923 D TfprPrefetchingStrategy: Successors sorted by highest to lowest score (N2 - N1 comparator) are [TfprNode{UpcomingWeekendsActivity : TFPR = 0.16334298}, TfprNode{FinalCityInfoActivity : TFPR = 0.14216173}, TfprNode{NotificationsActivity : TFPR = 0.08125033}, TfprNode{ChecklistActivity : TFPR = 0.080549896}, TfprNode{CompassActivity : TFPR = 0.038976043}]
08-04 01:31:36.266 12904 12923 D TfprPrefetchingStrategy: Successor with highest score is UpcomingWeekendsActivity with score 0.16334298
08-04 01:31:36.266 12904 12923 D TfprPrefetchingStrategy: The score threshold is 0.3
08-04 01:31:36.266 12904 12923 D TfprPrefetchingStrategy: successors with high score = []
08-04 01:31:36.266 12904 12923 D TfprPrefetchingStrategy: ===
08-04 01:31:36.267 12904 12923 D TfprPrefetchingStrategy: MetricStrategyAccuracy inc insufficient score count2 | act = false; extra = true
08-04 01:31:36.267 12904 12923 D TfprPrefetchingStrategy: Next visited child will be []
08-04 01:31:36.267 12904 12923 D TfprPrefetchingStrategy: ==================================
08-04 01:31:36.267 12904 12923 D Nappa   : PREFETCH_ON_EXTRA - notifyExtras- end
08-04 01:31:36.267 12904 12923 D Nappa   : PREFSTRAT2 ADDING NEW ACTEXTRADATA
08-04 01:31:36.270   918  4400 I ActivityManager: START u0 {cmp=nappatfpr.io.github.project_travel_mate/.destinations.description.FinalCityInfoActivity (has extras)} from uid 10656 on display 0
08-04 01:31:36.275 13164 13164 D AndroidRuntime: Shutting down VM
08-04 01:31:36.276 12904 12918 I art     : Explicit concurrent mark sweep GC freed 2787(300KB) AllocSpace objects, 0(0B) LOS objects, 32% free, 33MB/49MB, paused 696us total 23.899ms
08-04 01:31:36.276 12904 12904 D NappaLifecycleObserver: nappatfpr.io.github.project_travel_mate.MainActivity - onPause
08-04 01:31:36.276 12904 12904 D Nappa   : Stayed on nappatfpr.io.github.project_travel_mate.MainActivity for 4473 ms
08-04 01:31:36.283 12904 12904 D ActivityNode: Observer - intent extra - SplashActivity
08-04 01:31:36.283 12904 12904 D ActivityNode: Extras:
08-04 01:31:36.283 12904 12904 D ActivityNode: Observer - intent extra - CityHistoryActivity
08-04 01:31:36.283 12904 12904 D ActivityNode: Extras:
08-04 01:31:36.283 12904 12904 D ActivityNode: Observer - intent extra - FunFactsActivity
08-04 01:31:36.283 12904 12904 D ActivityNode: Extras:
08-04 01:31:36.283 12904 12904 D ActivityNode: Observer - intent extra - FinalCityInfoActivity
08-04 01:31:36.283 12904 12904 D ActivityNode: Extras:
08-04 01:31:36.283 12904 12904 D ActivityNode: 	activity ID 3( key cityobject_)
08-04 01:31:36.283 12904 12904 D ActivityNode: 	activity ID 3( key cityobject_)
08-04 01:31:36.283 12904 12904 D ActivityNode: Observer - intent extra - MainActivity
08-04 01:31:36.283 12904 12904 D ActivityNode: Extras:
08-04 01:31:36.283 12904 12904 D ActivityNode: 	activity ID 2( key cityobject_)
08-04 01:31:36.283 12904 12904 D ActivityNode: 	activity ID 2( key cityobject_)
08-04 01:31:36.283 12904 12904 D ActivityNode: 	activity ID 2( key cityobject_)
08-04 01:31:36.286 12904 12918 I art     : Starting a blocking GC Explicit
08-04 01:31:36.298 12904 13036 D Gabe    : call	returning from cache
08-04 01:31:36.306 12904 12918 I art     : Explicit concurrent mark sweep GC freed 1918(121KB) AllocSpace objects, 0(0B) LOS objects, 32% free, 33MB/49MB, paused 621us total 19.811ms
08-04 01:31:36.315 12904 12918 I art     : Starting a blocking GC Explicit
08-04 01:31:36.320 12904 12904 D Nappa   : TAG okHttpClient initialized
08-04 01:31:36.324 12904 12904 V EXECUTING: https://project-travel-mate.herokuapp.com/api/get-city-weather/1
08-04 01:31:36.325 12904 13191 D CustomInterceptor: NETWORK-PROVIDER https://project-travel-mate.herokuapp.com/api/get-city-weather/1
08-04 01:31:36.325 12904 13191 D Nappa   : F1_SCORE add_intercept_url - (new) - https://project-travel-mate.herokuapp.com/api/get-city-weather/1
08-04 01:31:36.325 12904 13191 D Nappa   : F1_SCORE add_fn_url - (new) - https://project-travel-mate.herokuapp.com/api/get-city-weather/1
08-04 01:31:36.325 12904 13191 D Nappa   : -------------F1_SCORE #4 -----------
08-04 01:31:36.325 12904 13191 D Nappa   : F1_SCORE - Intercept list (4)= [https://project-travel-mate.herokuapp.com/api/get-user, https://project-travel-mate.herokuapp.com/api/get-all-cities/10, https://project-travel-mate.herokuapp.com/api/number-of-unread-notifications, https://project-travel-mate.herokuapp.com/api/get-city-weather/1]
08-04 01:31:36.325 12904 13191 D Nappa   : F1_SCORE - Prefetch list (0)= []
08-04 01:31:36.325 12904 13192 D CustomInterceptor: NETWORK-PROVIDER https://project-travel-mate.herokuapp.com/api/get-city/1
08-04 01:31:36.325 12904 13191 D Nappa   : F1_SCORE - TP list (0)= []
08-04 01:31:36.325 12904 13191 D Nappa   : F1_SCORE - FN list (4)= [https://project-travel-mate.herokuapp.com/api/get-user, https://project-travel-mate.herokuapp.com/api/get-all-cities/10, https://project-travel-mate.herokuapp.com/api/number-of-unread-notifications, https://project-travel-mate.herokuapp.com/api/get-city-weather/1]
08-04 01:31:36.325 12904 13192 D Nappa   : F1_SCORE add_intercept_url - (new) - https://project-travel-mate.herokuapp.com/api/get-city/1
08-04 01:31:36.325 12904 13191 I NAPPA_EXPERIMENTATION: MetricPrefetchingAccuracy: LOG_ID='5',F1_SCORE_1='0.0',F1_SCORE_2='0.0',TRUE_POSITIVE='0',FALSE_POSITIVE='0',FALSE_NEGATIVE='4',
08-04 01:31:36.325 12904 13192 D Nappa   : F1_SCORE add_fn_url - (new) - https://project-travel-mate.herokuapp.com/api/get-city/1
08-04 01:31:36.325 12904 13191 D CustomInterceptor: HEADER REQUEST
08-04 01:31:36.325 12904 13192 D Nappa   : -------------F1_SCORE #5 -----------
08-04 01:31:36.326 12904 13191 D CustomInterceptor: Authorization Token e817cf733b7893037942a7dc5507f3c5a98408e6
08-04 01:31:36.326 12904 12904 D NappaLifecycleObserver: nappatfpr.io.github.project_travel_mate.destinations.description.FinalCityInfoActivity - onResume
08-04 01:31:36.326 12904 13192 D Nappa   : F1_SCORE - Intercept list (5)= [https://project-travel-mate.herokuapp.com/api/get-user, https://project-travel-mate.herokuapp.com/api/get-all-cities/10, https://project-travel-mate.herokuapp.com/api/number-of-unread-notifications, https://project-travel-mate.herokuapp.com/api/get-city-weather/1, https://project-travel-mate.herokuapp.com/api/get-city/1]
08-04 01:31:36.326 12904 13191 D CustomInterceptor: Cache-Control max-age=300, max-stale=300
08-04 01:31:36.326 12904 12904 D Nappa   : setCurrentActivity - MetricStrategyAccuracy - 
08-04 01:31:36.326 12904 12904 D Nappa   : madePredictionFromActivity = true, 
08-04 01:31:36.326 12904 12904 D Nappa   : fromActivity = nappatfpr.io.github.project_travel_mate.MainActivity, 
08-04 01:31:36.326 12904 12904 D Nappa   : predictedNextActivityFromActivity = [], 
08-04 01:31:36.326 12904 12904 D Nappa   : activity.getClass().getCanonicalName() = nappatfpr.io.github.project_travel_mate.destinations.description.FinalCityInfoActivity, 
08-04 01:31:36.326 12904 13192 D Nappa   : F1_SCORE - Prefetch list (0)= []
08-04 01:31:36.326 12904 13191 D CustomInterceptor: CACHED STATS: size = '3', maxSize = '100', hitCount = '3', createCount = '0', putCount = '3', evictionCount = '0', missCount = '3', toString = 'LruCache[maxSize=100,hits=3,misses=3,hitRate=50%]', 
08-04 01:31:36.326 12904 13192 D Nappa   : F1_SCORE - TP list (0)= []
08-04 01:31:36.326 12904 12904 D Nappa   : setCurrentActivity - MetricStrategyAccuracy - 
08-04 01:31:36.326 12904 12904 D Nappa   : madePredictionFromExtra = true, 
08-04 01:31:36.326 12904 12904 D Nappa   : fromActivity = nappatfpr.io.github.project_travel_mate.MainActivity, 
08-04 01:31:36.326 12904 12904 D Nappa   : predictedNextActivityFromExtra = [], 
08-04 01:31:36.326 12904 12904 D Nappa   : activity.getClass().getCanonicalName() = nappatfpr.io.github.project_travel_mate.destinations.description.FinalCityInfoActivity, 
08-04 01:31:36.326 12904 13191 D CustomInterceptor: PREFLIB NOT A GET REQUEST OR NOT IN CACHEGET
08-04 01:31:36.326 12904 13192 D Nappa   : F1_SCORE - FN list (5)= [https://project-travel-mate.herokuapp.com/api/get-user, https://project-travel-mate.herokuapp.com/api/get-all-cities/10, https://project-travel-mate.herokuapp.com/api/number-of-unread-notifications, https://project-travel-mate.herokuapp.com/api/get-city-weather/1, https://project-travel-mate.herokuapp.com/api/get-city/1]
08-04 01:31:36.326 12904 12904 D Nappa   : PREFETCH_ON_EXTRA - setCurrentActivity - logs - from activity - made prediction istrue
08-04 01:31:36.326 12904 12904 D Nappa   : PREFETCH_ON_EXTRA - setCurrentActivity - logs - from activity - start
08-04 01:31:36.326 12904 13192 I NAPPA_EXPERIMENTATION: MetricPrefetchingAccuracy: LOG_ID='6',F1_SCORE_1='0.0',F1_SCORE_2='0.0',TRUE_POSITIVE='0',FALSE_POSITIVE='0',FALSE_NEGATIVE='5',
08-04 01:31:36.326 12904 13192 D CustomInterceptor: HEADER REQUEST
08-04 01:31:36.326 12904 13192 D CustomInterceptor: Authorization Token e817cf733b7893037942a7dc5507f3c5a98408e6
08-04 01:31:36.326 12904 13192 D CustomInterceptor: Cache-Control max-age=300, max-stale=300
08-04 01:31:36.326 12904 12904 I NAPPA_EXPERIMENTATION: MetricStrategyAccuracy: LOG_ID='1',EXECUTION_COUNT='2',CASES_COUNT='2',HIT_PERCENTAGE_TOTAL='0.0',HIT_PERCENTAGE_WHEN_PREDICTED='0.0',HIT_COUNT='0',MISS_COUNT='0',INSUFFICIENT_SCORE_COUNT='2',EXCEPTION_COUNT='0',NO_SUCCESSOR_COUNT='0',
08-04 01:31:36.326 12904 13192 D CustomInterceptor: CACHED STATS: size = '3', maxSize = '100', hitCount = '3', createCount = '0', putCount = '3', evictionCount = '0', missCount = '4', toString = 'LruCache[maxSize=100,hits=3,misses=4,hitRate=42%]', 
08-04 01:31:36.326 12904 12904 D Nappa   : PREFETCH_ON_EXTRA - setCurrentActivity - logs - from activity- finished
08-04 01:31:36.326 12904 13192 D CustomInterceptor: PREFLIB NOT A GET REQUEST OR NOT IN CACHEGET
08-04 01:31:36.335 12904 12918 I art     : Explicit concurrent mark sweep GC freed 6205(377KB) AllocSpace objects, 0(0B) LOS objects, 32% free, 33MB/49MB, paused 492us total 20.127ms
08-04 01:31:36.344 12904 12918 I art     : Starting a blocking GC Explicit
08-04 01:31:36.364 12904 12918 I art     : Explicit concurrent mark sweep GC freed 331(24KB) AllocSpace objects, 0(0B) LOS objects, 32% free, 33MB/49MB, paused 441us total 19.481ms
08-04 01:31:36.425 12904 12923 D Nappa   : registerActivity: (already in) nappatfpr.io.github.project_travel_mate.MainActivity
08-04 01:31:36.425 12904 12923 D Nappa   : PARENTS 
08-04 01:31:36.425 12904 12923 D Nappa   : Of: nappatfpr.io.github.project_travel_mate.MainActivity -> 
08-04 01:31:36.425 12904 12923 D Nappa   : PARENTS nappatfpr.io.github.project_travel_mate.SplashActivity
08-04 01:31:36.426 12904 12904 D Nappa   : registerActivity: (already in) nappatfpr.io.github.project_travel_mate.destinations.description.FinalCityInfoActivity
08-04 01:31:36.426 12904 12904 D ActivityNode: ACTNODE UPDATING AFTER LOADING FROM DB
08-04 01:31:36.426 12904 12904 D ActivityGraph: LARDataCalculatedUpdate nappatfpr.io.github.project_travel_mate.destinations.description.FinalCityInfoActivity Pagerank: 0.25 HITS-Authority: 1.0 HITS-Hub: 1.0 SALSA-Authority: 1.0 SALSA-Hub: 1.0
08-04 01:31:36.426 12904 12904 D Nappa   : SHOULD_PREFETCH true
08-04 01:31:36.526 12904 12923 D Nappa   : registerActivity: (already in) nappatfpr.io.github.project_travel_mate.destinations.description.FinalCityInfoActivity
08-04 01:31:36.526 12904 12923 D Nappa   : PARENTS 
08-04 01:31:36.526 12904 12923 D Nappa   : Of: nappatfpr.io.github.project_travel_mate.destinations.description.FinalCityInfoActivity -> 
08-04 01:31:36.526 12904 12923 D Nappa   : PARENTS nappatfpr.io.github.project_travel_mate.MainActivity
08-04 01:31:36.526 12904 12923 D Nappa   : PARENTS has extra: (cityobject_, objects.City@92eb1a9)
08-04 01:31:36.526 12904 12923 D Nappa   : PARENTS nappatfpr.io.github.project_travel_mate.SplashActivity
08-04 01:31:36.527 12904 12904 D Nappa   : registerActivity: (already in) nappatfpr.io.github.project_travel_mate.destinations.description.FinalCityInfoActivity
08-04 01:31:36.527 12904 12904 D Nappa   : SUCCESSORS nappatfpr.io.github.project_travel_mate.destinations.funfacts.FunFactsActivity
08-04 01:31:36.527 12904 12904 D Nappa   : SUCCESSORS nappatfpr.io.github.project_travel_mate.destinations.description.CityHistoryActivity
08-04 01:31:36.527 12904 12904 D Nappa   : STATS Number of requests not prefetched: 3
08-04 01:31:36.527 12904 12904 D Nappa   : STATS Number of requests prefetched: 0
08-04 01:31:36.527 12904 12904 D Nappa   : STATS Time saved until now: 0.0
08-04 01:31:36.531 12904 12904 D ActivityNode: Observer - intent extra - ChecklistActivity
08-04 01:31:36.531 12904 12904 D ActivityNode: Extras:
08-04 01:31:36.532 12904 12904 D ActivityNode: Observer - intent extra - UpcomingWeekendsActivity
08-04 01:31:36.532 12904 12904 D ActivityNode: Extras:
08-04 01:31:36.532 12904 12904 D ActivityNode: Observer - intent extra - NotificationsActivity
08-04 01:31:36.532 12904 12904 D ActivityNode: Extras:
08-04 01:31:36.532 12904 12904 D ActivityNode: Observer - intent extra - CompassActivity
08-04 01:31:36.532 12904 12904 D ActivityNode: Extras:
08-04 01:31:36.587 12904 12904 D ActivityNode: Observer - visit time - MainActivity - New aggregate visit time found is 57322 ms
08-04 01:31:36.644 12904 12917 I art     : Starting a blocking GC Explicit
08-04 01:31:36.655 12904 12904 D ActivityNode: Observer - successor visit time - SplashActivity - Updating the visit time from the successors list:
08-04 01:31:36.655 12904 12904 D ActivityNode: [AggregateVisitTimeByActivity{nappatfpr.io.github.project_travel_mate.MainActivity : 10874 ms}]
08-04 01:31:36.655 12904 12904 D ActivityNode: Observer - successor visit time - MainActivity - Updating the visit time from the successors list:
08-04 01:31:36.655 12904 12904 D ActivityNode: [AggregateVisitTimeByActivity{nappatfpr.io.github.project_travel_mate.destinations.description.FinalCityInfoActivity : 8866 ms}, AggregateVisitTimeByActivity{nappatfpr.io.github.project_travel_mate.utilities.ChecklistActivity : 9085 ms}, AggregateVisitTimeByActivity{nappatfpr.io.github.project_travel_mate.utilities.CompassActivity : 4396 ms}, AggregateVisitTimeByActivity{nappatfpr.io.github.project_travel_mate.utilities.UpcomingWeekendsActivity : 18423 ms}, AggregateVisitTimeByActivity{nappatfpr.io.github.project_travel_mate.notifications.NotificationsActivity : 9164 ms}]
08-04 01:31:36.655 12904 12904 D ActivityNode: Observer - successor visit time - FinalCityInfoActivity - Updating the visit time from the successors list:
08-04 01:31:36.655 12904 12904 D ActivityNode: [AggregateVisitTimeByActivity{nappatfpr.io.github.project_travel_mate.destinations.description.CityHistoryActivity : 13601 ms}, AggregateVisitTimeByActivity{nappatfpr.io.github.project_travel_mate.destinations.funfacts.FunFactsActivity : 5086 ms}]
08-04 01:31:36.661 13866 13866 I GoogleInputMethodServic: GoogleInputMethodService.onFinishInput():3138 
08-04 01:31:36.661 12904 12904 D ActivityNode: Observer - session data - sourceMainActivity
08-04 01:31:36.661 12904 12904 D ActivityNode: destinations:
08-04 01:31:36.661 12904 12904 D ActivityNode: 	nappatfpr.io.github.project_travel_mate.destinations.description.FinalCityInfoActivity( count 3)
08-04 01:31:36.661 12904 12904 D ActivityNode: 	nappatfpr.io.github.project_travel_mate.utilities.ChecklistActivity( count 2)
08-04 01:31:36.661 12904 12904 D ActivityNode: 	nappatfpr.io.github.project_travel_mate.utilities.CompassActivity( count 2)
08-04 01:31:36.661 12904 12904 D ActivityNode: 	nappatfpr.io.github.project_travel_mate.utilities.UpcomingWeekendsActivity( count 4)
08-04 01:31:36.661 12904 12904 D ActivityNode: 	nappatfpr.io.github.project_travel_mate.notifications.NotificationsActivity( count 2)
08-04 01:31:36.661 12904 12904 D ActivityNode: Observer - session data - sourceSplashActivity
08-04 01:31:36.661 12904 12904 D ActivityNode: destinations:
08-04 01:31:36.661 12904 12904 D ActivityNode: 	nappatfpr.io.github.project_travel_mate.MainActivity( count 2)
08-04 01:31:36.661 12904 12904 D ActivityNode: Observer - session data - sourceFinalCityInfoActivity
08-04 01:31:36.661 12904 12904 D ActivityNode: destinations:
08-04 01:31:36.661 12904 12904 D ActivityNode: 	nappatfpr.io.github.project_travel_mate.destinations.description.CityHistoryActivity( count 3)
08-04 01:31:36.661 12904 12904 D ActivityNode: 	nappatfpr.io.github.project_travel_mate.destinations.funfacts.FunFactsActivity( count 2)
08-04 01:31:36.661 12904 12904 D ActivityNode: Observer - session data - sourceCityHistoryActivity
08-04 01:31:36.661 12904 12904 D ActivityNode: destinations:
08-04 01:31:36.661 12904 12904 D ActivityNode: Observer - session data - sourceFunFactsActivity
08-04 01:31:36.661 12904 12904 D ActivityNode: destinations:
08-04 01:31:36.661 13866 13866 I GoogleInputMethodServic: GoogleInputMethodService.onStartInput():1808 
08-04 01:31:36.661 12904 12904 D ActivityNode: Observer - session data - sourceChecklistActivity
08-04 01:31:36.661 12904 12904 D ActivityNode: destinations:
08-04 01:31:36.661 12904 12904 D ActivityNode: Observer - session data - sourceCompassActivity
08-04 01:31:36.661 12904 12904 D ActivityNode: destinations:
08-04 01:31:36.661 12904 12904 D ActivityNode: Observer - session data - sourceUpcomingWeekendsActivity
08-04 01:31:36.661 12904 12904 D ActivityNode: destinations:
08-04 01:31:36.661 12904 12904 D ActivityNode: Observer - session data - sourceNotificationsActivity
08-04 01:31:36.661 12904 12904 D ActivityNode: destinations:
08-04 01:31:36.662   918   936 I ActivityManager: Displayed nappatfpr.io.github.project_travel_mate/.destinations.description.FinalCityInfoActivity: +383ms
08-04 01:31:36.667 12904 12917 I art     : Explicit concurrent mark sweep GC freed 3707(216KB) AllocSpace objects, 2(40KB) LOS objects, 29% free, 38MB/54MB, paused 691us total 21.975ms
08-04 01:31:36.677 12904 12917 I art     : Starting a blocking GC Explicit
08-04 01:31:36.701 12904 12917 I art     : Explicit concurrent mark sweep GC freed 846(33KB) AllocSpace objects, 0(0B) LOS objects, 29% free, 37MB/53MB, paused 587us total 23.509ms
08-04 01:31:36.711 12904 12917 I art     : Starting a blocking GC Explicit
08-04 01:31:36.726 12904 12923 D Nappa   : PREFETCH_ON_EXTRA - setCurrentActivity - logs - from extra - made prediction istrue
08-04 01:31:36.727 12904 12923 D Nappa   : PREFETCH_ON_EXTRA - setCurrentActivity - logs - from extra - start
08-04 01:31:36.727 12904 12923 I NAPPA_EXPERIMENTATION: MetricStrategyAccuracy: LOG_ID='2',EXECUTION_COUNT='2',CASES_COUNT='2',HIT_PERCENTAGE_TOTAL='0.0',HIT_PERCENTAGE_WHEN_PREDICTED='0.0',HIT_COUNT='0',MISS_COUNT='0',INSUFFICIENT_SCORE_COUNT='2',EXCEPTION_COUNT='0',NO_SUCCESSOR_COUNT='0',
08-04 01:31:36.727 12904 12923 D Nappa   : PREFETCH_ON_EXTRA - setCurrentActivity - logs - from extra- finished
08-04 01:31:36.735 12904 12917 I art     : Explicit concurrent mark sweep GC freed 127(5KB) AllocSpace objects, 0(0B) LOS objects, 29% free, 37MB/53MB, paused 647us total 23.758ms
08-04 01:31:36.747 12904 12917 I art     : Starting a blocking GC Explicit
08-04 01:31:36.770 12904 12917 I art     : Explicit concurrent mark sweep GC freed 21(384B) AllocSpace objects, 0(0B) LOS objects, 29% free, 37MB/53MB, paused 708us total 22.979ms
08-04 01:31:36.782 12904 12917 I art     : Starting a blocking GC Explicit
08-04 01:31:36.801 12904 12917 I art     : Explicit concurrent mark sweep GC freed 105(2064B) AllocSpace objects, 0(0B) LOS objects, 29% free, 37MB/53MB, paused 332us total 18.854ms
08-04 01:31:36.919   380   380 W SurfaceFlinger: couldn't log to binary event log: overflow.
