08-04 17:42:08.104 17821 17821 D ActivityNode: [AggregateVisitTimeByActivity{nappatfpr.io.github.project_travel_mate.destinations.description.CityHistoryActivity : 40442 ms}, AggregateVisitTimeByActivity{nappatfpr.io.github.project_travel_mate.destinations.funfacts.FunFactsActivity : 15034 ms}]
08-04 17:42:08.181   918   936 I ActivityManager: Displayed nappatfpr.io.github.project_travel_mate/.destinations.description.FinalCityInfoActivity: +419ms
08-04 17:42:08.181 17821 17821 D ActivityNode: Observer - session data - sourceSplashActivity
08-04 17:42:08.181 17821 17821 D ActivityNode: destinations:
08-04 17:42:08.181 17821 17821 D ActivityNode: 	nappatfpr.io.github.project_travel_mate.MainActivity( count 5)
08-04 17:42:08.181 13866 13866 I GoogleInputMethodServic: GoogleInputMethodService.onFinishInput():3138 
08-04 17:42:08.181 17821 17821 D ActivityNode: Observer - session data - sourceMainActivity
08-04 17:42:08.181 17821 17821 D ActivityNode: destinations:
08-04 17:42:08.181 17821 17821 D ActivityNode: 	nappatfpr.io.github.project_travel_mate.destinations.description.FinalCityInfoActivity( count 8)
08-04 17:42:08.181 17821 17821 D ActivityNode: 	nappatfpr.io.github.project_travel_mate.utilities.ChecklistActivity( count 6)
08-04 17:42:08.181 17821 17821 D ActivityNode: 	nappatfpr.io.github.project_travel_mate.utilities.CompassActivity( count 6)
08-04 17:42:08.181 17821 17821 D ActivityNode: 	nappatfpr.io.github.project_travel_mate.utilities.UpcomingWeekendsActivity( count 12)
08-04 17:42:08.181 17821 17821 D ActivityNode: 	nappatfpr.io.github.project_travel_mate.notifications.NotificationsActivity( count 6)
08-04 17:42:08.181 17821 17821 D ActivityNode: Observer - session data - sourceFinalCityInfoActivity
08-04 17:42:08.181 17821 17821 D ActivityNode: destinations:
08-04 17:42:08.181 17821 17821 D ActivityNode: 	nappatfpr.io.github.project_travel_mate.destinations.description.CityHistoryActivity( count 9)
08-04 17:42:08.181 17821 17821 D ActivityNode: 	nappatfpr.io.github.project_travel_mate.destinations.funfacts.FunFactsActivity( count 6)
08-04 17:42:08.181 17821 17821 D ActivityNode: Observer - session data - sourceCityHistoryActivity
08-04 17:42:08.181 17821 17821 D ActivityNode: destinations:
08-04 17:42:08.181 17821 17821 D ActivityNode: Observer - successor visit time - SplashActivity - Updating the visit time from the successors list:
08-04 17:42:08.181 17821 17821 D ActivityNode: [AggregateVisitTimeByActivity{nappatfpr.io.github.project_travel_mate.MainActivity : 28389 ms}]
08-04 17:42:08.181 17821 17821 D ActivityNode: Observer - successor visit time - MainActivity - Updating the visit time from the successors list:
08-04 17:42:08.181 17821 17821 D ActivityNode: [AggregateVisitTimeByActivity{nappatfpr.io.github.project_travel_mate.destinations.description.FinalCityInfoActivity : 26750 ms}, AggregateVisitTimeByActivity{nappatfpr.io.github.project_travel_mate.utilities.ChecklistActivity : 27320 ms}, AggregateVisitTimeByActivity{nappatfpr.io.github.project_travel_mate.utilities.CompassActivity : 13373 ms}, AggregateVisitTimeByActivity{nappatfpr.io.github.project_travel_mate.utilities.UpcomingWeekendsActivity : 54751 ms}, AggregateVisitTimeByActivity{nappatfpr.io.github.project_travel_mate.notifications.NotificationsActivity : 27341 ms}]
08-04 17:42:08.181 13866 13866 I GoogleInputMethodServic: GoogleInputMethodService.onStartInput():1808 
08-04 17:42:08.181 17821 17821 D ActivityNode: Observer - successor visit time - FinalCityInfoActivity - Updating the visit time from the successors list:
08-04 17:42:08.181 17821 17821 D ActivityNode: [AggregateVisitTimeByActivity{nappatfpr.io.github.project_travel_mate.destinations.description.CityHistoryActivity : 40442 ms}, AggregateVisitTimeByActivity{nappatfpr.io.github.project_travel_mate.destinations.funfacts.FunFactsActivity : 15034 ms}]
08-04 17:42:08.182 17821 17821 D ActivityNode: Observer - session data - sourceFunFactsActivity
08-04 17:42:08.182 17821 17821 D ActivityNode: destinations:
08-04 17:42:08.182 17821 17821 D ActivityNode: Observer - session data - sourceChecklistActivity
08-04 17:42:08.182 17821 17821 D ActivityNode: destinations:
08-04 17:42:08.182 17821 17821 D ActivityNode: Observer - session data - sourceCompassActivity
08-04 17:42:08.182 17821 17821 D ActivityNode: destinations:
08-04 17:42:08.182 17821 17821 D ActivityNode: Observer - session data - sourceUpcomingWeekendsActivity
08-04 17:42:08.182 17821 17821 D ActivityNode: destinations:
08-04 17:42:08.233 17821 17838 D Nappa   : PREFETCH_ON_EXTRA - setCurrentActivity - logs - from extra - made prediction istrue
08-04 17:42:08.233 17821 17838 D Nappa   : PREFETCH_ON_EXTRA - setCurrentActivity - logs - from extra - start
08-04 17:42:08.233 17821 17838 I NAPPA_EXPERIMENTATION: MetricStrategyAccuracy: LOG_ID='2',EXECUTION_COUNT='2',CASES_COUNT='2',HIT_PERCENTAGE_TOTAL='0.0',HIT_PERCENTAGE_WHEN_PREDICTED='0.0',HIT_COUNT='0',MISS_COUNT='0',INSUFFICIENT_SCORE_COUNT='2',EXCEPTION_COUNT='0',NO_SUCCESSOR_COUNT='0',
08-04 17:42:08.233 17821 17838 D Nappa   : PREFETCH_ON_EXTRA - setCurrentActivity - logs - from extra- finished
08-04 17:42:08.238 17821 17821 D ActivityNode: Observer - session data - sourceNotificationsActivity
08-04 17:42:08.238 17821 17821 D ActivityNode: destinations:
08-04 17:42:08.286 17821 17834 I art     : Starting a blocking GC Explicit
08-04 17:42:08.311 17821 17834 I art     : Explicit concurrent mark sweep GC freed 4047(260KB) AllocSpace objects, 2(40KB) LOS objects, 29% free, 37MB/53MB, paused 361us total 23.965ms
08-04 17:42:08.320 17821 17834 I art     : Starting a blocking GC Explicit
08-04 17:42:08.339 17821 17834 I art     : Explicit concurrent mark sweep GC freed 901(31KB) AllocSpace objects, 0(0B) LOS objects, 29% free, 37MB/53MB, paused 321us total 18.276ms
08-04 17:42:08.348 17821 17834 I art     : Starting a blocking GC Explicit
08-04 17:42:08.365 17821 17834 I art     : Explicit concurrent mark sweep GC freed 51(896B) AllocSpace objects, 0(0B) LOS objects, 29% free, 37MB/53MB, paused 337us total 17.394ms
08-04 17:42:08.374 17821 17834 I art     : Starting a blocking GC Explicit
08-04 17:42:08.395 17821 17834 I art     : Explicit concurrent mark sweep GC freed 99(1696B) AllocSpace objects, 0(0B) LOS objects, 29% free, 37MB/53MB, paused 337us total 20.768ms
08-04 17:42:08.405 17821 17834 I art     : Starting a blocking GC Explicit
08-04 17:42:08.425 17821 17834 I art     : Explicit concurrent mark sweep GC freed 99(1696B) AllocSpace objects, 0(0B) LOS objects, 29% free, 37MB/53MB, paused 332us total 20.221ms
08-04 17:42:08.436   380   380 W SurfaceFlinger: couldn't log to binary event log: overflow.
08-04 17:42:08.528 17821 18129 D CustomInterceptor: CACHE_CONTROL SETTING NEW MAX-AGE
08-04 17:42:08.530 17821 18129 D CustomInterceptor: HEADER RESPONSE
08-04 17:42:08.530 17821 18129 D CustomInterceptor: Allow GET, OPTIONS
08-04 17:42:08.530 17821 18129 D CustomInterceptor: Cache-Control public, immutable, max-age=300, only-if-cached, max-stale=300
08-04 17:42:08.530 17821 18129 D CustomInterceptor: Connection keep-alive
08-04 17:42:08.530 17821 18129 D CustomInterceptor: Content-Length 530
08-04 17:42:08.530 17821 18129 D CustomInterceptor: Content-Type application/json
08-04 17:42:08.530 17821 18129 D CustomInterceptor: Date Tue, 04 Aug 2020 15:42:03 GMT
08-04 17:42:08.530 17821 18129 D CustomInterceptor: Expires Tue, 04 Aug 2020 15:47:08 GMT+00:00
08-04 17:42:08.530 17821 18129 D CustomInterceptor: Server gunicorn/19.8.1
08-04 17:42:08.530 17821 18129 D CustomInterceptor: Vary Accept
08-04 17:42:08.530 17821 18129 D CustomInterceptor: Via 1.1 vegur
08-04 17:42:08.530 17821 18129 D CustomInterceptor: X-Frame-Options SAMEORIGIN
08-04 17:42:08.530 17821 18129 D CustomInterceptor: CACHEABLE true
08-04 17:42:08.531 17821 18129 D CustomInterceptor: REQ https://project-travel-mate.herokuapp.com/api/get-city/1
08-04 17:42:08.531 17821 18129 D CustomInterceptor: REQ_SERV_BY net
08-04 17:42:08.531 17821 18129 D CustomInterceptor: PREFLIB Adding response to lrucache - https://project-travel-mate.herokuapp.com/api/get-city/1
08-04 17:42:08.531 17821 18128 D CustomInterceptor: CACHE_CONTROL SETTING NEW MAX-AGE
08-04 17:42:08.532 17821 18128 D CustomInterceptor: HEADER RESPONSE
08-04 17:42:08.532 17821 18128 D CustomInterceptor: Allow GET, OPTIONS
08-04 17:42:08.532 17821 18128 D CustomInterceptor: Cache-Control public, immutable, max-age=300, only-if-cached, max-stale=300
08-04 17:42:08.532 17821 18128 D CustomInterceptor: Connection keep-alive
08-04 17:42:08.532 17821 18128 D CustomInterceptor: Content-Length 238
08-04 17:42:08.532 17821 18128 D CustomInterceptor: Content-Type application/json
08-04 17:42:08.532 17821 18128 D CustomInterceptor: Date Tue, 04 Aug 2020 15:42:03 GMT
08-04 17:42:08.532 17821 18128 D CustomInterceptor: Expires Tue, 04 Aug 2020 15:47:08 GMT+00:00
08-04 17:42:08.532 17821 18128 D CustomInterceptor: Server gunicorn/19.8.1
08-04 17:42:08.532 17821 18128 D CustomInterceptor: Vary Accept
08-04 17:42:08.532 17821 18128 D CustomInterceptor: Via 1.1 vegur
08-04 17:42:08.532 17821 18128 D CustomInterceptor: X-Frame-Options SAMEORIGIN
08-04 17:42:08.532 17821 18128 D CustomInterceptor: CACHEABLE true
08-04 17:42:08.533 17821 18128 D CustomInterceptor: REQ https://project-travel-mate.herokuapp.com/api/get-city-weather/1
08-04 17:42:08.533 17821 18128 D CustomInterceptor: REQ_SERV_BY net
08-04 17:42:08.533 17821 18128 D CustomInterceptor: PREFLIB Adding response to lrucache - https://project-travel-mate.herokuapp.com/api/get-city-weather/1
08-04 17:42:08.534 17821 17838 D Nappa   : PREFETCH_ON_EXTRA - setCurrentActivity - starting new prediction
08-04 17:42:08.534 17821 17838 D Nappa   : Current node - currentActivityName - nappatfpr.io.github.project_travel_mate.destinations.description.FinalCityInfoActivity
08-04 17:42:08.534 17821 17838 D Nappa   : Current node - activityGraph.getCurrent() - nappatfpr.io.github.project_travel_mate.destinations.description.FinalCityInfoActivity
08-04 17:42:08.537 17821 17838 I NAPPA_EXPERIMENTATION: MetricNappaPrefetchingStrategyExecutionTime: STRATEGY_CLASS='TfprPrefetchingStrategy',DURATION='2199740',NUMBER_OF_URLS='0',NUMBER_OF_SELECTED_CHILDREN_NODES='1',NUMBER_OF_CHILDREN_NODES='2',STRATEGY_RUN_SUCCESSFULLY='True',
08-04 17:42:08.537 17821 17838 D TfprPrefetchingStrategy: ==================================
08-04 17:42:08.537 17821 17838 D TfprPrefetchingStrategy: Starting Run #3
08-04 17:42:08.537 17821 17838 D TfprPrefetchingStrategy: ----------------------------------
08-04 17:42:08.537 17821 17838 D TfprPrefetchingStrategy: Node data FinalCityInfoActivity 
08-04 17:42:08.537 17821 17838 D TfprPrefetchingStrategy: 	Successors:
08-04 17:42:08.537 17821 17838 D TfprPrefetchingStrategy: 		FunFactsActivity (0 hits)
08-04 17:42:08.537 17821 17838 D TfprPrefetchingStrategy: 		CityHistoryActivity (0 hits)
08-04 17:42:08.537 17821 17838 D TfprPrefetchingStrategy: 	Ancestors:
08-04 17:42:08.537 17821 17838 D TfprPrefetchingStrategy: 		MainActivity (0 hits)
08-04 17:42:08.537 17821 17838 D TfprPrefetchingStrategy: 
08-04 17:42:08.537 17821 17838 D TfprPrefetchingStrategy: MetricStrategyAccuracy inc execution count3 | act = true; extra = false
08-04 17:42:08.537 17821 17838 D TfprPrefetchingStrategy: ===
08-04 17:42:08.537 17821 17838 D TfprPrefetchingStrategy: calculateVisitTimeScores
08-04 17:42:08.537 17821 17838 D TfprPrefetchingStrategy: -------- Node FunFactsActivity-----------
08-04 17:42:08.537 17821 17838 D TfprPrefetchingStrategy: tfprNode.aggregateVisitTime = 15034
08-04 17:42:08.537 17821 17838 D TfprPrefetchingStrategy: tfprNode.totalAggregateVisitTimeFromSuccessors = 0
08-04 17:42:08.537 17821 17838 D TfprPrefetchingStrategy: tfprNode.aggregateVisitTimeFromSuccessors = {}
08-04 17:42:08.538 17821 17838 D TfprPrefetchingStrategy: -------- Node CityHistoryActivity-----------
08-04 17:42:08.538 17821 17838 D TfprPrefetchingStrategy: tfprNode.aggregateVisitTime = 40442
08-04 17:42:08.538 17821 17838 D TfprPrefetchingStrategy: tfprNode.totalAggregateVisitTimeFromSuccessors = 0
08-04 17:42:08.538 17821 17838 D TfprPrefetchingStrategy: tfprNode.aggregateVisitTimeFromSuccessors = {}
08-04 17:42:08.538 17821 17838 D TfprPrefetchingStrategy: -------- Node FinalCityInfoActivity-----------
08-04 17:42:08.538 17821 17838 D TfprPrefetchingStrategy: tfprNode.aggregateVisitTime = 50979
08-04 17:42:08.538 17821 17838 D TfprPrefetchingStrategy: tfprNode.totalAggregateVisitTimeFromSuccessors = 55476
08-04 17:42:08.538 17821 17838 D TfprPrefetchingStrategy: tfprNode.aggregateVisitTimeFromSuccessors = {nappatfpr.io.github.project_travel_mate.destinations.funfacts.FunFactsActivity=15034, nappatfpr.io.github.project_travel_mate.destinations.description.CityHistoryActivity=40442}
08-04 17:42:08.538 17821 17838 D TfprPrefetchingStrategy: -------- Graph -----------
08-04 17:42:08.538 17821 17838 D TfprPrefetchingStrategy: tfprGraph.aggregateVisitTimeFromSuccessors = 106455
08-04 17:42:08.538 17821 17838 D TfprPrefetchingStrategy: ===
08-04 17:42:08.538 17821 17838 D TfprPrefetchingStrategy: ===
08-04 17:42:08.539 17821 17838 D TfprPrefetchingStrategy: runTfprAlgorithm
08-04 17:42:08.539 17821 17838 D TfprPrefetchingStrategy: ------------- TFPR calculation #1 of 10 -----------
08-04 17:42:08.539 17821 17838 D TfprPrefetchingStrategy: node FunFactsActivity score = 0.120040394
08-04 17:42:08.539 17821 17838 D TfprPrefetchingStrategy: node CityHistoryActivity score = 0.32291296
08-04 17:42:08.539 17821 17838 D TfprPrefetchingStrategy: node FinalCityInfoActivity score = 0.40704668
08-04 17:42:08.539 17821 17838 D TfprPrefetchingStrategy: ------------- TFPR calculation #2 of 10 -----------
08-04 17:42:08.539 17821 17838 D TfprPrefetchingStrategy: node FunFactsActivity score = 0.13658684
08-04 17:42:08.539 17821 17838 D TfprPrefetchingStrategy: node CityHistoryActivity score = 0.3674235
08-04 17:42:08.539 17821 17838 D TfprPrefetchingStrategy: node FinalCityInfoActivity score = 0.40704668
08-04 17:42:08.539 17821 17838 D TfprPrefetchingStrategy: ------------- TFPR calculation #3 of 10 -----------
08-04 17:42:08.539 17821 17838 D TfprPrefetchingStrategy: node FunFactsActivity score = 0.13658684
08-04 17:42:08.539 17821 17838 D TfprPrefetchingStrategy: node CityHistoryActivity score = 0.3674235
08-04 17:42:08.539 17821 17838 D TfprPrefetchingStrategy: node FinalCityInfoActivity score = 0.40704668
08-04 17:42:08.540 17821 17838 D TfprPrefetchingStrategy: ------------- TFPR calculation #4 of 10 -----------
08-04 17:42:08.540 17821 17838 D TfprPrefetchingStrategy: node FunFactsActivity score = 0.13658684
08-04 17:42:08.540 17821 17838 D TfprPrefetchingStrategy: node CityHistoryActivity score = 0.3674235
08-04 17:42:08.540 17821 17838 D TfprPrefetchingStrategy: node FinalCityInfoActivity score = 0.40704668
08-04 17:42:08.540 17821 17838 D TfprPrefetchingStrategy: ------------- TFPR calculation #5 of 10 -----------
08-04 17:42:08.540 17821 17838 D TfprPrefetchingStrategy: node FunFactsActivity score = 0.13658684
08-04 17:42:08.540 17821 17838 D TfprPrefetchingStrategy: node CityHistoryActivity score = 0.3674235
08-04 17:42:08.540 17821 17838 D TfprPrefetchingStrategy: node FinalCityInfoActivity score = 0.40704668
08-04 17:42:08.540 17821 17838 D TfprPrefetchingStrategy: ------------- TFPR calculation #6 of 10 -----------
08-04 17:42:08.540 17821 17838 D TfprPrefetchingStrategy: node FunFactsActivity score = 0.13658684
08-04 17:42:08.540 17821 17838 D TfprPrefetchingStrategy: node CityHistoryActivity score = 0.3674235
08-04 17:42:08.540 17821 17838 D TfprPrefetchingStrategy: node FinalCityInfoActivity score = 0.40704668
08-04 17:42:08.540 17821 17838 D TfprPrefetchingStrategy: ------------- TFPR calculation #7 of 10 -----------
08-04 17:42:08.541 17821 17838 D TfprPrefetchingStrategy: node FunFactsActivity score = 0.13658684
08-04 17:42:08.541 17821 17838 D TfprPrefetchingStrategy: node CityHistoryActivity score = 0.3674235
08-04 17:42:08.541 17821 17838 D TfprPrefetchingStrategy: node FinalCityInfoActivity score = 0.40704668
08-04 17:42:08.541 17821 17838 D TfprPrefetchingStrategy: ------------- TFPR calculation #8 of 10 -----------
08-04 17:42:08.541 17821 17838 D TfprPrefetchingStrategy: node FunFactsActivity score = 0.13658684
08-04 17:42:08.541 17821 17838 D TfprPrefetchingStrategy: node CityHistoryActivity score = 0.3674235
08-04 17:42:08.541 17821 17838 D TfprPrefetchingStrategy: node FinalCityInfoActivity score = 0.40704668
08-04 17:42:08.541 17821 17838 D TfprPrefetchingStrategy: ------------- TFPR calculation #9 of 10 -----------
08-04 17:42:08.541 17821 17838 D TfprPrefetchingStrategy: node FunFactsActivity score = 0.13658684
08-04 17:42:08.541 17821 17838 D TfprPrefetchingStrategy: node CityHistoryActivity score = 0.3674235
08-04 17:42:08.541 17821 17838 D TfprPrefetchingStrategy: node FinalCityInfoActivity score = 0.40704668
08-04 17:42:08.541 17821 17838 D TfprPrefetchingStrategy: ------------- TFPR calculation #10 of 10 -----------
08-04 17:42:08.541 17821 17838 D TfprPrefetchingStrategy: node FunFactsActivity score = 0.13658684
08-04 17:42:08.542 17821 17838 D TfprPrefetchingStrategy: node CityHistoryActivity score = 0.3674235
08-04 17:42:08.542 17821 17838 D TfprPrefetchingStrategy: node FinalCityInfoActivity score = 0.40704668
08-04 17:42:08.542 17821 17838 D TfprPrefetchingStrategy: ===
08-04 17:42:08.542 17821 17838 D TfprPrefetchingStrategy: ===
08-04 17:42:08.542 17821 17838 D TfprPrefetchingStrategy: getSuccessorListSortByTfprScore
08-04 17:42:08.542 17821 17838 D TfprPrefetchingStrategy: Successors before the sort [TfprNode{FunFactsActivity : TFPR = 0.13658684}, TfprNode{CityHistoryActivity : TFPR = 0.3674235}]
08-04 17:42:08.542 17821 17838 D TfprPrefetchingStrategy: Successors sorted by highest to lowest score (N2 - N1 comparator) are [TfprNode{CityHistoryActivity : TFPR = 0.3674235}, TfprNode{FunFactsActivity : TFPR = 0.13658684}]
08-04 17:42:08.542 17821 17838 D TfprPrefetchingStrategy: Selected the following nodes:
08-04 17:42:08.542 17821 17838 D TfprPrefetchingStrategy: #1 - CityHistoryActivity with score 0.3674235
08-04 17:42:08.542 17821 17838 D TfprPrefetchingStrategy: successors with high score = [CityHistoryActivity 
08-04 17:42:08.542 17821 17838 D TfprPrefetchingStrategy: 	Successors:
08-04 17:42:08.542 17821 17838 D TfprPrefetchingStrategy: 
08-04 17:42:08.542 17821 17838 D TfprPrefetchingStrategy: 	Ancestors:
08-04 17:42:08.542 17821 17838 D TfprPrefetchingStrategy: 		FinalCityInfoActivity (0 hits)
08-04 17:42:08.542 17821 17838 D TfprPrefetchingStrategy: 
08-04 17:42:08.542 17821 17838 D TfprPrefetchingStrategy: ]
08-04 17:42:08.542 17821 17838 D TfprPrefetchingStrategy: ===
08-04 17:42:08.542 17821 17838 D TfprPrefetchingStrategy: Selected node CityHistoryActivity containing the URLS []
08-04 17:42:08.542 17821 17838 D TfprPrefetchingStrategy: Next visited child will be [nappatfpr.io.github.project_travel_mate.destinations.description.CityHistoryActivity]
08-04 17:42:08.543 17821 17838 D TfprPrefetchingStrategy: ==================================
08-04 17:42:08.543 17821 17838 D Nappa   : PREFETCH_ON_EXTRA - setCurrentActivity - finished new prediction
08-04 17:42:08.561 17821 18128 D CustomInterceptor: interceptor_finished : return_type #3 : request served from remote and added to cache
08-04 17:42:08.562 17821 18128 I NAPPA_EXPERIMENTATION: MetricNetworkRequestExecutionTime: REQUEST_DURATION_SYSTEM='731',REQUEST_DURATION_OKHTTP='0',REQUEST_SYNCHRONOUS='FALSE',RESPONSE_CODE='200',RESPONSE_METHOD='GET',RESPONSE_LENGTH_OKHTTP='238',RESPONSE_LENGTH_HEADER='-2',REQUEST_PROTOCOL='http/1.1',REQUEST_URL='https://project-travel-mate.herokuapp.com/api/get-city-weather/1',
08-04 17:42:08.565 17821 18129 D CustomInterceptor: interceptor_finished : return_type #3 : request served from remote and added to cache
08-04 17:42:08.566 17821 18129 I NAPPA_EXPERIMENTATION: MetricNetworkRequestExecutionTime: REQUEST_DURATION_SYSTEM='735',REQUEST_DURATION_OKHTTP='0',REQUEST_SYNCHRONOUS='FALSE',RESPONSE_CODE='200',RESPONSE_METHOD='GET',RESPONSE_LENGTH_OKHTTP='530',RESPONSE_LENGTH_HEADER='-2',REQUEST_PROTOCOL='http/1.1',REQUEST_URL='https://project-travel-mate.herokuapp.com/api/get-city/1',
08-04 17:42:08.566 17821 18129 V Response: {"id":1,"city_name":"Delhi","description":"Delhi, officially the National Capital Territory of Delhi, is the Capital territory of India. During the British Raj, Delhi was part of the province of Punjab and is still historically and culturally connected to the Punjab region.","latitude":"28.613900","longitude":"77.209000","facts_count":6,"images":["https://upload.wikimedia.org/wikipedia/commons/9/94/%E0%B4%96%E0%B5%81%E0%B4%A4%E0%B5%8D%E0%B4%AC%E0%B5%8D_%E0%B4%AE%E0%B4%BF%E0%B4%A8%E0%B4%BE%E0%B5%BC1.jpg"],"has_visited":false}
08-04 17:42:08.580  6490  6520 I WorkerManager: dispose()
08-04 17:42:08.581  6490  6520 W ThreadPoolDumper: Queue length for executor EventBus is now 11. Perhaps some tasks are too long, or the pool is too small.
08-04 17:42:08.706 17821 17833 I art     : Starting a blocking GC Explicit
08-04 17:42:08.728 17821 17833 I art     : Explicit concurrent mark sweep GC freed 11585(789KB) AllocSpace objects, 13(4MB) LOS objects, 28% free, 40MB/56MB, paused 308us total 21.274ms
08-04 17:42:08.737 17821 17833 I art     : Starting a blocking GC Explicit
08-04 17:42:08.757 17821 17833 I art     : Explicit concurrent mark sweep GC freed 1364(142KB) AllocSpace objects, 1(1204KB) LOS objects, 29% free, 38MB/54MB, paused 382us total 20.382ms
08-04 17:42:08.766 17821 17833 I art     : Starting a blocking GC Explicit
08-04 17:42:08.786 17821 17833 I art     : Explicit concurrent mark sweep GC freed 67(1472B) AllocSpace objects, 0(0B) LOS objects, 29% free, 38MB/54MB, paused 418us total 19.591ms
08-04 17:42:08.794 17821 17833 I art     : Starting a blocking GC Explicit
08-04 17:42:08.816 17821 17833 I art     : Explicit concurrent mark sweep GC freed 97(1664B) AllocSpace objects, 0(0B) LOS objects, 29% free, 38MB/54MB, paused 340us total 21.716ms
08-04 17:42:08.826 17821 17833 I art     : Starting a blocking GC Explicit
08-04 17:42:08.848 17821 17833 I art     : Explicit concurrent mark sweep GC freed 99(1696B) AllocSpace objects, 0(0B) LOS objects, 29% free, 38MB/54MB, paused 326us total 21.896ms
08-04 17:42:08.954   518   646 I ThermalEngine: ACTION: GPU - Setting GPU[0] to 510000000
08-04 17:42:09.191 17821 17834 I art     : Starting a blocking GC Explicit
08-04 17:42:09.217 17821 17834 I art     : Explicit concurrent mark sweep GC freed 2752(120KB) AllocSpace objects, 2(40KB) LOS objects, 29% free, 38MB/54MB, paused 442us total 25.677ms
08-04 17:42:09.228 17821 17834 I art     : Starting a blocking GC Explicit
08-04 17:42:09.253 17821 17834 I art     : Explicit concurrent mark sweep GC freed 151(3KB) AllocSpace objects, 0(0B) LOS objects, 29% free, 38MB/54MB, paused 548us total 24.965ms
08-04 17:42:09.266 17821 17834 I art     : Starting a blocking GC Explicit
08-04 17:42:09.290 17821 17834 I art     : Explicit concurrent mark sweep GC freed 134(2288B) AllocSpace objects, 0(0B) LOS objects, 29% free, 38MB/54MB, paused 430us total 23.519ms
08-04 17:42:09.301 17821 17834 I art     : Starting a blocking GC Explicit
08-04 17:42:09.325 17821 17834 I art     : Explicit concurrent mark sweep GC freed 99(1696B) AllocSpace objects, 0(0B) LOS objects, 29% free, 38MB/54MB, paused 434us total 23.929ms
08-04 17:42:09.337 17821 17834 I art     : Starting a blocking GC Explicit
08-04 17:42:09.361 17821 17834 I art     : Explicit concurrent mark sweep GC freed 99(1696B) AllocSpace objects, 0(0B) LOS objects, 29% free, 38MB/54MB, paused 431us total 24.068ms
08-04 17:42:09.704 17821 17833 I art     : Starting a blocking GC Explicit
08-04 17:42:09.731 17821 17833 I art     : Explicit concurrent mark sweep GC freed 2696(117KB) AllocSpace objects, 2(40KB) LOS objects, 29% free, 38MB/54MB, paused 457us total 26.826ms
08-04 17:42:09.743 17821 17833 I art     : Starting a blocking GC Explicit
08-04 17:42:09.769 17821 17833 I art     : Explicit concurrent mark sweep GC freed 126(2704B) AllocSpace objects, 0(0B) LOS objects, 29% free, 38MB/54MB, paused 464us total 26.175ms
08-04 17:42:09.782 17821 17833 I art     : Starting a blocking GC Explicit
08-04 17:42:09.809 17821 17833 I art     : Explicit concurrent mark sweep GC freed 147(2496B) AllocSpace objects, 0(0B) LOS objects, 29% free, 38MB/54MB, paused 454us total 26.761ms
08-04 17:42:09.821 17821 17833 I art     : Starting a blocking GC Explicit
08-04 17:42:09.848 17821 17833 I art     : Explicit concurrent mark sweep GC freed 100(1728B) AllocSpace objects, 0(0B) LOS objects, 29% free, 38MB/54MB, paused 464us total 27.049ms
08-04 17:42:09.860 17821 17833 I art     : Starting a blocking GC Explicit
08-04 17:42:09.888 17821 17833 I art     : Explicit concurrent mark sweep GC freed 99(1696B) AllocSpace objects, 0(0B) LOS objects, 29% free, 38MB/54MB, paused 570us total 27.500ms
08-04 17:42:10.259 17821 17885 I art     : Starting a blocking GC Explicit
08-04 17:42:10.289 17821 17885 I art     : Explicit concurrent mark sweep GC freed 2800(117KB) AllocSpace objects, 2(40KB) LOS objects, 29% free, 38MB/54MB, paused 610us total 28.588ms
08-04 17:42:10.301 17821 17885 I art     : Starting a blocking GC Explicit
08-04 17:42:10.328 17821 17885 I art     : Explicit concurrent mark sweep GC freed 160(3KB) AllocSpace objects, 0(0B) LOS objects, 29% free, 38MB/54MB, paused 464us total 27.275ms
08-04 17:42:10.341 17821 17885 I art     : Starting a blocking GC Explicit
08-04 17:42:10.369 17821 17885 I art     : Explicit concurrent mark sweep GC freed 99(1696B) AllocSpace objects, 0(0B) LOS objects, 29% free, 38MB/54MB, paused 473us total 27.779ms
08-04 17:42:10.382 17821 17885 I art     : Starting a blocking GC Explicit
08-04 17:42:10.409 17821 17885 I art     : Explicit concurrent mark sweep GC freed 147(2496B) AllocSpace objects, 0(0B) LOS objects, 29% free, 38MB/54MB, paused 472us total 27.561ms
08-04 17:42:10.422 17821 17885 I art     : Starting a blocking GC Explicit
08-04 17:42:10.450 17821 17885 I art     : Explicit concurrent mark sweep GC freed 98(1664B) AllocSpace objects, 0(0B) LOS objects, 29% free, 38MB/54MB, paused 485us total 28.088ms
08-04 17:42:10.808 17821 17834 I art     : Starting a blocking GC Explicit
08-04 17:42:10.838 17821 17834 I art     : Explicit concurrent mark sweep GC freed 2740(118KB) AllocSpace objects, 2(40KB) LOS objects, 29% free, 38MB/54MB, paused 461us total 28.792ms
08-04 17:42:10.850 17821 17834 I art     : Starting a blocking GC Explicit
08-04 17:42:10.875 17821 17834 I art     : Explicit concurrent mark sweep GC freed 174(3KB) AllocSpace objects, 0(0B) LOS objects, 29% free, 38MB/54MB, paused 446us total 24.796ms
08-04 17:42:10.887 17821 17834 I art     : Starting a blocking GC Explicit
08-04 17:42:10.916 17821 17834 I art     : Explicit concurrent mark sweep GC freed 99(1696B) AllocSpace objects, 0(0B) LOS objects, 29% free, 38MB/54MB, paused 449us total 26.750ms
08-04 17:42:10.930 17821 17834 I art     : Starting a blocking GC Explicit
08-04 17:42:10.957 17821 17834 I art     : Explicit concurrent mark sweep GC freed 146(2464B) AllocSpace objects, 0(0B) LOS objects, 29% free, 38MB/54MB, paused 510us total 27.360ms
08-04 17:42:10.970 17821 17834 I art     : Starting a blocking GC Explicit
08-04 17:42:10.998 17821 17834 I art     : Explicit concurrent mark sweep GC freed 100(1728B) AllocSpace objects, 0(0B) LOS objects, 29% free, 38MB/54MB, paused 479us total 27.530ms
08-04 17:42:11.001 11375 11375 I ServiceManager: Waiting for service AtCmdFwd...
08-04 17:42:11.368 17821 17833 I art     : Starting a blocking GC Explicit
08-04 17:42:11.399 17821 17833 I art     : Explicit concurrent mark sweep GC freed 2789(117KB) AllocSpace objects, 2(40KB) LOS objects, 29% free, 38MB/54MB, paused 542us total 29.885ms
08-04 17:42:11.414 17821 17833 I art     : Starting a blocking GC Explicit
08-04 17:42:11.440 17821 17833 I art     : Explicit concurrent mark sweep GC freed 173(3KB) AllocSpace objects, 0(0B) LOS objects, 29% free, 38MB/54MB, paused 496us total 25.841ms
08-04 17:42:11.452 17821 17833 I art     : Starting a blocking GC Explicit
08-04 17:42:11.478 17821 17833 I art     : Explicit concurrent mark sweep GC freed 100(1728B) AllocSpace objects, 0(0B) LOS objects, 29% free, 38MB/54MB, paused 462us total 25.317ms
08-04 17:42:11.490 17821 17833 I art     : Starting a blocking GC Explicit
08-04 17:42:11.517 17821 17833 I art     : Explicit concurrent mark sweep GC freed 99(1696B) AllocSpace objects, 0(0B) LOS objects, 29% free, 38MB/54MB, paused 547us total 26.754ms
08-04 17:42:11.529 17821 17833 I art     : Starting a blocking GC Explicit
08-04 17:42:11.556 17821 17833 I art     : Explicit concurrent mark sweep GC freed 105(1792B) AllocSpace objects, 0(0B) LOS objects, 29% free, 38MB/54MB, paused 621us total 26.600ms
08-04 17:42:11.909 17821 17885 I art     : Starting a blocking GC Explicit
08-04 17:42:11.941 17821 17885 I art     : Explicit concurrent mark sweep GC freed 2733(117KB) AllocSpace objects, 2(40KB) LOS objects, 29% free, 38MB/54MB, paused 529us total 30.810ms
08-04 17:42:11.954 17821 17885 I art     : Starting a blocking GC Explicit
08-04 17:42:11.981 17821 17885 I art     : Explicit concurrent mark sweep GC freed 174(3KB) AllocSpace objects, 0(0B) LOS objects, 29% free, 38MB/54MB, paused 451us total 26.250ms
08-04 17:42:11.993 17821 17885 I art     : Starting a blocking GC Explicit
08-04 17:42:12.001 11375 11375 I ServiceManager: Waiting for service AtCmdFwd...
08-04 17:42:12.018 17821 17885 I art     : Explicit concurrent mark sweep GC freed 99(1696B) AllocSpace objects, 0(0B) LOS objects, 29% free, 38MB/54MB, paused 439us total 24.867ms
08-04 17:42:12.030 17821 17885 I art     : Starting a blocking GC Explicit
08-04 17:42:12.055 17821 17885 I art     : Explicit concurrent mark sweep GC freed 99(1696B) AllocSpace objects, 0(0B) LOS objects, 29% free, 38MB/54MB, paused 456us total 24.640ms
08-04 17:42:12.067 17821 17885 I art     : Starting a blocking GC Explicit
08-04 17:42:12.092 17821 17885 I art     : Explicit concurrent mark sweep GC freed 147(2496B) AllocSpace objects, 0(0B) LOS objects, 29% free, 38MB/54MB, paused 447us total 25.252ms
08-04 17:42:12.396 18243 18243 D AndroidRuntime: >>>>>> START com.android.internal.os.RuntimeInit uid 2000 <<<<<<
08-04 17:42:12.401 18243 18243 D AndroidRuntime: CheckJNI is OFF
08-04 17:42:12.435 18243 18243 D ICU     : No timezone override file found: /data/misc/zoneinfo/current/icu/icu_tzdata.dat
08-04 17:42:12.447 17821 17833 I art     : Starting a blocking GC Explicit
08-04 17:42:12.469 18243 18243 I Radio-JNI: register_android_hardware_Radio DONE
08-04 17:42:12.475 17821 17833 I art     : Explicit concurrent mark sweep GC freed 2713(113KB) AllocSpace objects, 2(40KB) LOS objects, 29% free, 38MB/54MB, paused 606us total 27.034ms
08-04 17:42:12.487 17821 17833 I art     : Starting a blocking GC Explicit
08-04 17:42:12.492 18243 18243 D AndroidRuntime: Calling main entry com.android.commands.input.Input
08-04 17:42:12.494 18243 18243 I Input   : injectMotionEvent: MotionEvent { action=ACTION_DOWN, actionButton=0, id[0]=0, x[0]=693.0, y[0]=1450.0, toolType[0]=TOOL_TYPE_UNKNOWN, buttonState=0, metaState=0, flags=0x0, edgeFlags=0x0, pointerCount=1, historySize=0, eventTime=726148906, downTime=726148906, deviceId=0, source=0x1002 }
08-04 17:42:12.499 18243 18243 I Input   : injectMotionEvent: MotionEvent { action=ACTION_UP, actionButton=0, id[0]=0, x[0]=693.0, y[0]=1450.0, toolType[0]=TOOL_TYPE_UNKNOWN, buttonState=0, metaState=0, flags=0x0, edgeFlags=0x0, pointerCount=1, historySize=0, eventTime=726148906, downTime=726148906, deviceId=0, source=0x1002 }
08-04 17:42:12.500 18243 18243 D AndroidRuntime: Shutting down VM
08-04 17:42:12.502 17821 17821 D NappaIntentExtras: ==================
08-04 17:42:12.502 17821 17821 D NappaIntentExtras: Log #3
08-04 17:42:12.502 17821 17821 D NappaIntentExtras: ------------------
08-04 17:42:12.502 17821 17821 D NappaIntentExtras: activity nappatfpr.io.github.project_travel_mate.SplashActivity
08-04 17:42:12.502 17821 17821 D NappaIntentExtras: 	- No extras registered
08-04 17:42:12.502 17821 17821 D NappaIntentExtras: activity nappatfpr.io.github.project_travel_mate.destinations.funfacts.FunFactsActivity
08-04 17:42:12.502 17821 17821 D NappaIntentExtras: 	- No extras registered
08-04 17:42:12.502 17821 17821 D NappaIntentExtras: activity nappatfpr.io.github.project_travel_mate.MainActivity
08-04 17:42:12.502 17821 17821 D NappaIntentExtras: 	- 1 extras registered
08-04 17:42:12.502 17821 17821 D NappaIntentExtras: 	- cityobject_ : objects.City@f04e05c
08-04 17:42:12.502 17821 17821 D NappaIntentExtras: activity nappatfpr.io.github.project_travel_mate.utilities.UpcomingWeekendsActivity
08-04 17:42:12.502 17821 17821 D NappaIntentExtras: 	- No extras registered
08-04 17:42:12.502 17821 17821 D NappaIntentExtras: activity nappatfpr.io.github.project_travel_mate.utilities.ChecklistActivity
08-04 17:42:12.502 17821 17821 D NappaIntentExtras: 	- No extras registered
08-04 17:42:12.502 17821 17821 D NappaIntentExtras: activity nappatfpr.io.github.project_travel_mate.utilities.CompassActivity
08-04 17:42:12.502 17821 17821 D NappaIntentExtras: 	- No extras registered
08-04 17:42:12.502 17821 17821 D NappaIntentExtras: activity nappatfpr.io.github.project_travel_mate.notifications.NotificationsActivity
08-04 17:42:12.502 17821 17821 D NappaIntentExtras: 	- No extras registered
08-04 17:42:12.502 17821 17821 D NappaIntentExtras: activity nappatfpr.io.github.project_travel_mate.destinations.description.CityHistoryActivity
08-04 17:42:12.503 17821 17821 D NappaIntentExtras: 	- No extras registered
08-04 17:42:12.503 17821 17821 D NappaIntentExtras: activity nappatfpr.io.github.project_travel_mate.destinations.description.FinalCityInfoActivity
08-04 17:42:12.503 17821 17821 D NappaIntentExtras: 	- No extras registered
08-04 17:42:12.503 17821 17821 D NappaIntentExtras: ==================
08-04 17:42:12.503   512  2967 D audio_hw_primary: out_set_parameters: enter: usecase(1: low-latency-playback) kvpairs: routing=2
08-04 17:42:12.503   918  6112 I ActivityManager: START u0 {cmp=nappatfpr.io.github.project_travel_mate/.destinations.description.CityHistoryActivity} from uid 10656 on display 0
08-04 17:42:12.515 17821 17833 I art     : Explicit concurrent mark sweep GC freed 193(11KB) AllocSpace objects, 0(0B) LOS objects, 29% free, 38MB/54MB, paused 992us total 27.597ms
08-04 17:42:12.516   512  2967 D audio_hw_primary: select_devices: out_snd_device(2: speaker) in_snd_device(0: none)
08-04 17:42:12.516   512  2967 D msm8974_platform: platform_send_audio_calibration: sending audio calibration for snd_device(2) acdb_id(15)
08-04 17:42:12.516 17821 17821 D NappaLifecycleObserver: nappatfpr.io.github.project_travel_mate.destinations.description.FinalCityInfoActivity - onPause
08-04 17:42:12.516 17821 17821 D Nappa   : Stayed on nappatfpr.io.github.project_travel_mate.destinations.description.FinalCityInfoActivity for 4482 ms
08-04 17:42:12.516   512  2967 I soundtrigger: audio_extn_sound_trigger_update_device_status: device 0x2 of type 0 for Event 1
08-04 17:42:12.528   512  2967 D audio_hw_primary: enable_snd_device: snd_device(2: speaker)
08-04 17:42:12.530   512  2967 D audio_hw_primary: enable_audio_route: apply and update mixer path: low-latency-playback speaker
08-04 17:42:12.530 17821 17833 I art     : Starting a blocking GC Explicit
08-04 17:42:12.540 17821 17952 D Gabe    : call	returning from cache
08-04 17:42:12.542 17821 17821 V EXECUTING: https://project-travel-mate.herokuapp.com/api/get-city-information/1
08-04 17:42:12.542 17821 17821 D Nappa   : TAG okHttpClient initialized
08-04 17:42:12.543 17821 18268 D CustomInterceptor: NETWORK-PROVIDER https://project-travel-mate.herokuapp.com/api/get-city-information/1
08-04 17:42:12.543 17821 18268 D Nappa   : F1_SCORE add_intercept_url - (new) - https://project-travel-mate.herokuapp.com/api/get-city-information/1
08-04 17:42:12.544 17821 18268 D Nappa   : F1_SCORE add_fn_url - (new) - https://project-travel-mate.herokuapp.com/api/get-city-information/1
08-04 17:42:12.544 17821 18268 D Nappa   : -------------F1_SCORE #6 -----------
08-04 17:42:12.544 17821 18268 D Nappa   : F1_SCORE - Intercept list (6)= [https://project-travel-mate.herokuapp.com/api/get-user, https://project-travel-mate.herokuapp.com/api/get-all-cities/10, https://project-travel-mate.herokuapp.com/api/number-of-unread-notifications, https://project-travel-mate.herokuapp.com/api/get-city-weather/1, https://project-travel-mate.herokuapp.com/api/get-city/1, https://project-travel-mate.herokuapp.com/api/get-city-information/1]
08-04 17:42:12.544 17821 18268 D Nappa   : F1_SCORE - Prefetch list (0)= []
08-04 17:42:12.544 17821 18268 D Nappa   : F1_SCORE - TP list (0)= []
08-04 17:42:12.544 17821 18268 D Nappa   : F1_SCORE - FN list (6)= [https://project-travel-mate.herokuapp.com/api/get-user, https://project-travel-mate.herokuapp.com/api/get-all-cities/10, https://project-travel-mate.herokuapp.com/api/number-of-unread-notifications, https://project-travel-mate.herokuapp.com/api/get-city-weather/1, https://project-travel-mate.herokuapp.com/api/get-city/1, https://project-travel-mate.herokuapp.com/api/get-city-information/1]
08-04 17:42:12.544 17821 18268 I NAPPA_EXPERIMENTATION: MetricPrefetchingAccuracy: LOG_ID='7',F1_SCORE_1='0.0',F1_SCORE_2='0.0',TRUE_POSITIVE='0',FALSE_POSITIVE='0',FALSE_NEGATIVE='6',
08-04 17:42:12.544 17821 18268 D CustomInterceptor: HEADER REQUEST
08-04 17:42:12.544 17821 18268 D CustomInterceptor: Authorization Token e817cf733b7893037942a7dc5507f3c5a98408e6
08-04 17:42:12.544 17821 18268 D CustomInterceptor: Cache-Control max-age=300, max-stale=300
08-04 17:42:12.544 17821 18268 D CustomInterceptor: CACHED STATS: size = '5', maxSize = '100', hitCount = '5', createCount = '0', putCount = '5', evictionCount = '0', missCount = '5', toString = 'LruCache[maxSize=100,hits=5,misses=5,hitRate=50%]', 
08-04 17:42:12.544 17821 18268 D CustomInterceptor: PREFLIB NOT A GET REQUEST OR NOT IN CACHEGET
08-04 17:42:12.545 17821 17821 D NappaLifecycleObserver: nappatfpr.io.github.project_travel_mate.destinations.description.CityHistoryActivity - onResume
08-04 17:42:12.545 17821 17821 D Nappa   : setCurrentActivity - MetricStrategyAccuracy - 
08-04 17:42:12.545 17821 17821 D Nappa   : madePredictionFromActivity = true, 
08-04 17:42:12.545 17821 17821 D Nappa   : fromActivity = nappatfpr.io.github.project_travel_mate.destinations.description.FinalCityInfoActivity, 
08-04 17:42:12.545 17821 17821 D Nappa   : predictedNextActivityFromActivity = [nappatfpr.io.github.project_travel_mate.destinations.description.CityHistoryActivity], 
08-04 17:42:12.545 17821 17821 D Nappa   : activity.getClass().getCanonicalName() = nappatfpr.io.github.project_travel_mate.destinations.description.CityHistoryActivity, 
08-04 17:42:12.545 17821 17821 D Nappa   : setCurrentActivity - MetricStrategyAccuracy - 
08-04 17:42:12.545 17821 17821 D Nappa   : madePredictionFromExtra = false, 
08-04 17:42:12.545 17821 17821 D Nappa   : fromActivity = nappatfpr.io.github.project_travel_mate.destinations.description.FinalCityInfoActivity, 
08-04 17:42:12.545 17821 17821 D Nappa   : predictedNextActivityFromExtra = [], 
08-04 17:42:12.545 17821 17821 D Nappa   : activity.getClass().getCanonicalName() = nappatfpr.io.github.project_travel_mate.destinations.description.CityHistoryActivity, 
08-04 17:42:12.545 17821 17821 D Nappa   : PREFETCH_ON_EXTRA - setCurrentActivity - logs - from activity - made prediction istrue
08-04 17:42:12.545 17821 17821 D Nappa   : PREFETCH_ON_EXTRA - setCurrentActivity - logs - from activity - start
08-04 17:42:12.545 17821 17821 D Nappa   : setCurrentActivity - MetricStrategyAccuracy - checking prediction VS current activity for activities
08-04 17:42:12.545 17821 17821 D TfprPrefetchingStrategy: MetricStrategyAccuracy inc hits count1 | from act
08-04 17:42:12.545 17821 17821 I NAPPA_EXPERIMENTATION: MetricStrategyAccuracy: LOG_ID='3',EXECUTION_COUNT='3',CASES_COUNT='3',HIT_PERCENTAGE_TOTAL='33.333333333333336',HIT_PERCENTAGE_WHEN_PREDICTED='100.0',HIT_COUNT='1',MISS_COUNT='0',INSUFFICIENT_SCORE_COUNT='2',EXCEPTION_COUNT='0',NO_SUCCESSOR_COUNT='0',
08-04 17:42:12.545 17821 17821 D Nappa   : PREFETCH_ON_EXTRA - setCurrentActivity - logs - from activity- finished
08-04 17:42:12.556 17821 17833 I art     : Explicit concurrent mark sweep GC freed 1355(182KB) AllocSpace objects, 0(0B) LOS objects, 29% free, 38MB/54MB, paused 684us total 25.605ms
08-04 17:42:12.568 17821 17833 I art     : Starting a blocking GC Explicit
08-04 17:42:12.593 17821 17833 I art     : Explicit concurrent mark sweep GC freed 223(25KB) AllocSpace objects, 0(0B) LOS objects, 29% free, 38MB/54MB, paused 528us total 25.154ms
08-04 17:42:12.605 17821 17833 I art     : Starting a blocking GC Explicit
08-04 17:42:12.632 17821 17833 I art     : Explicit concurrent mark sweep GC freed 25(1392B) AllocSpace objects, 0(0B) LOS objects, 29% free, 38MB/54MB, paused 537us total 26.404ms
08-04 17:42:12.644 17821 17838 D Nappa   : registerActivity: (already in) nappatfpr.io.github.project_travel_mate.destinations.description.FinalCityInfoActivity
08-04 17:42:12.644 17821 17838 D Nappa   : PARENTS 
08-04 17:42:12.644 17821 17838 D Nappa   : Of: nappatfpr.io.github.project_travel_mate.destinations.description.FinalCityInfoActivity -> 
08-04 17:42:12.644 17821 17838 D Nappa   : PARENTS nappatfpr.io.github.project_travel_mate.MainActivity
08-04 17:42:12.644 17821 17838 D Nappa   : PARENTS has extra: (cityobject_, objects.City@f04e05c)
08-04 17:42:12.644 17821 17838 D Nappa   : PARENTS nappatfpr.io.github.project_travel_mate.SplashActivity
08-04 17:42:12.645 17821 17821 D Nappa   : registerActivity: (already in) nappatfpr.io.github.project_travel_mate.destinations.description.CityHistoryActivity
08-04 17:42:12.645 17821 17821 D ActivityNode: ACTNODE UPDATING AFTER LOADING FROM DB
08-04 17:42:12.646 17821 17821 D ActivityGraph: LARDataCalculatedUpdate nappatfpr.io.github.project_travel_mate.destinations.description.CityHistoryActivity Pagerank: 0.25 HITS-Authority: 1.0 HITS-Hub: 1.0 SALSA-Authority: 1.0 SALSA-Hub: 1.0
08-04 17:42:12.646 17821 17821 D Nappa   : SHOULD_PREFETCH true
08-04 17:42:12.746 17821 17821 D Nappa   : registerActivity: (already in) nappatfpr.io.github.project_travel_mate.destinations.description.CityHistoryActivity
08-04 17:42:12.746 17821 17821 D Nappa   : STATS Number of requests not prefetched: 4
08-04 17:42:12.746 17821 17821 D Nappa   : STATS Number of requests prefetched: 0
08-04 17:42:12.746 17821 17821 D Nappa   : STATS Time saved until now: 0.0
08-04 17:42:12.904   918   936 I ActivityManager: Displayed nappatfpr.io.github.project_travel_mate/.destinations.description.CityHistoryActivity: +387ms
08-04 17:42:12.905 13866 13866 I GoogleInputMethodServic: GoogleInputMethodService.onFinishInput():3138 
08-04 17:42:12.905 13866 13866 I GoogleInputMethodServic: GoogleInputMethodService.onStartInput():1808 
08-04 17:42:12.946 17821 17838 D Nappa   : PREFETCH_ON_EXTRA - setCurrentActivity - logs - from extra - made prediction isfalse
08-04 17:42:12.946 17821 17834 I art     : Starting a blocking GC Explicit
08-04 17:42:12.972 17821 17821 D ActivityNode: Observer - successor visit time - MainActivity - Updating the visit time from the successors list:
08-04 17:42:12.972 17821 17821 D ActivityNode: [AggregateVisitTimeByActivity{nappatfpr.io.github.project_travel_mate.destinations.description.FinalCityInfoActivity : 31232 ms}, AggregateVisitTimeByActivity{nappatfpr.io.github.project_travel_mate.utilities.ChecklistActivity : 27320 ms}, AggregateVisitTimeByActivity{nappatfpr.io.github.project_travel_mate.utilities.CompassActivity : 13373 ms}, AggregateVisitTimeByActivity{nappatfpr.io.github.project_travel_mate.utilities.UpcomingWeekendsActivity : 54751 ms}, AggregateVisitTimeByActivity{nappatfpr.io.github.project_travel_mate.notifications.NotificationsActivity : 27341 ms}]
08-04 17:42:12.972 17821 17821 D ActivityNode: Observer - successor visit time - FinalCityInfoActivity - Updating the visit time from the successors list:
08-04 17:42:12.972 17821 17821 D ActivityNode: [AggregateVisitTimeByActivity{nappatfpr.io.github.project_travel_mate.destinations.description.CityHistoryActivity : 40442 ms}, AggregateVisitTimeByActivity{nappatfpr.io.github.project_travel_mate.destinations.funfacts.FunFactsActivity : 15034 ms}]
08-04 17:42:12.972 17821 17821 D ActivityNode: Observer - visit time - FinalCityInfoActivity - New aggregate visit time found is 55461 ms
08-04 17:42:12.972 17821 17821 D ActivityNode: Observer - successor visit time - SplashActivity - Updating the visit time from the successors list:
08-04 17:42:12.972 17821 17821 D ActivityNode: [AggregateVisitTimeByActivity{nappatfpr.io.github.project_travel_mate.MainActivity : 28389 ms}]
08-04 17:42:12.973 17821 17821 D ActivityNode: Observer - session data - sourceSplashActivity
08-04 17:42:12.973 17821 17821 D ActivityNode: destinations:
08-04 17:42:12.973 17821 17821 D ActivityNode: 	nappatfpr.io.github.project_travel_mate.MainActivity( count 5)
08-04 17:42:12.974 17821 17821 D ActivityNode: Observer - session data - sourceMainActivity
08-04 17:42:12.974 17821 17821 D ActivityNode: destinations:
08-04 17:42:12.974 17821 17821 D ActivityNode: 	nappatfpr.io.github.project_travel_mate.destinations.description.FinalCityInfoActivity( count 8)
08-04 17:42:12.974 17821 17821 D ActivityNode: 	nappatfpr.io.github.project_travel_mate.utilities.ChecklistActivity( count 6)
08-04 17:42:12.974 17821 17821 D ActivityNode: 	nappatfpr.io.github.project_travel_mate.utilities.CompassActivity( count 6)
08-04 17:42:12.974 17821 17821 D ActivityNode: 	nappatfpr.io.github.project_travel_mate.utilities.UpcomingWeekendsActivity( count 12)
08-04 17:42:12.974 17821 17821 D ActivityNode: 	nappatfpr.io.github.project_travel_mate.notifications.NotificationsActivity( count 6)
08-04 17:42:12.974 17821 17821 D ActivityNode: Observer - session data - sourceFinalCityInfoActivity
08-04 17:42:12.974 17821 17821 D ActivityNode: destinations:
08-04 17:42:12.974 17821 17821 D ActivityNode: 	nappatfpr.io.github.project_travel_mate.destinations.description.CityHistoryActivity( count 10)
08-04 17:42:12.974 17821 17821 D ActivityNode: 	nappatfpr.io.github.project_travel_mate.destinations.funfacts.FunFactsActivity( count 6)
08-04 17:42:12.974 17821 17821 D ActivityNode: Observer - session data - sourceCityHistoryActivity
08-04 17:42:12.974 17821 17821 D ActivityNode: destinations:
08-04 17:42:12.974 17821 17821 D ActivityNode: Observer - session data - sourceFunFactsActivity
08-04 17:42:12.974 17821 17821 D ActivityNode: destinations:
08-04 17:42:12.974 17821 17821 D ActivityNode: Observer - session data - sourceChecklistActivity
08-04 17:42:12.974 17821 17821 D ActivityNode: destinations:
08-04 17:42:12.975 17821 17821 D ActivityNode: Observer - session data - sourceCompassActivity
08-04 17:42:12.975 17821 17821 D ActivityNode: destinations:
08-04 17:42:12.975 17821 17821 D ActivityNode: Observer - session data - sourceUpcomingWeekendsActivity
08-04 17:42:12.975 17821 17821 D ActivityNode: destinations:
08-04 17:42:12.975 17821 17821 D ActivityNode: Observer - session data - sourceNotificationsActivity
08-04 17:42:12.975 17821 17821 D ActivityNode: destinations:
08-04 17:42:12.976 17821 17834 I art     : Explicit concurrent mark sweep GC freed 3172(182KB) AllocSpace objects, 2(40KB) LOS objects, 26% free, 43MB/59MB, paused 621us total 29.805ms
08-04 17:42:12.989 17821 17834 I art     : Starting a blocking GC Explicit
08-04 17:42:13.002 11375 11375 I ServiceManager: Waiting for service AtCmdFwd...
08-04 17:42:13.015 17821 17834 I art     : Explicit concurrent mark sweep GC freed 1015(38KB) AllocSpace objects, 0(0B) LOS objects, 26% free, 43MB/59MB, paused 459us total 25.263ms
08-04 17:42:13.027 17821 17834 I art     : Starting a blocking GC Explicit
08-04 17:42:13.052 17821 17834 I art     : Explicit concurrent mark sweep GC freed 147(2496B) AllocSpace objects, 0(0B) LOS objects, 26% free, 43MB/59MB, paused 466us total 25.320ms
08-04 17:42:13.064 17821 17834 I art     : Starting a blocking GC Explicit
08-04 17:42:13.070   512  2967 D audio_hw_primary: disable_audio_route: reset and update mixer path: low-latency-playback speaker
08-04 17:42:13.071   512  2967 D audio_hw_primary: disable_snd_device: snd_device(2: speaker)
08-04 17:42:13.078   512  2967 I soundtrigger: audio_extn_sound_trigger_update_device_status: device 0x2 of type 0 for Event 0
08-04 17:42:13.090 17821 17834 I art     : Explicit concurrent mark sweep GC freed 147(2496B) AllocSpace objects, 0(0B) LOS objects, 26% free, 43MB/59MB, paused 464us total 25.792ms
08-04 17:42:13.102 17821 17834 I art     : Starting a blocking GC Explicit
08-04 17:42:13.129 17821 17834 I art     : Explicit concurrent mark sweep GC freed 219(3KB) AllocSpace objects, 0(0B) LOS objects, 26% free, 43MB/59MB, paused 484us total 26.072ms
08-04 17:42:13.157   380   380 W SurfaceFlinger: couldn't log to binary event log: overflow.
08-04 17:42:13.246 17821 17838 D Nappa   : PREFETCH_ON_EXTRA - setCurrentActivity - starting new prediction
08-04 17:42:13.247 17821 17838 D Nappa   : Current node - currentActivityName - nappatfpr.io.github.project_travel_mate.destinations.description.CityHistoryActivity
08-04 17:42:13.247 17821 17838 D Nappa   : Current node - activityGraph.getCurrent() - nappatfpr.io.github.project_travel_mate.destinations.description.CityHistoryActivity
08-04 17:42:13.247 17821 17838 I NAPPA_EXPERIMENTATION: MetricNappaPrefetchingStrategyExecutionTime: STRATEGY_CLASS='TfprPrefetchingStrategy',DURATION='1042',NUMBER_OF_URLS='0',NUMBER_OF_SELECTED_CHILDREN_NODES='0',NUMBER_OF_CHILDREN_NODES='0',STRATEGY_RUN_SUCCESSFULLY='True',
