--------- beginning of main
--------- beginning of system
08-05 14:33:35.562 27908 27908 D Nappa   : Selected prefetching strategy STRATEGY_GREEDY_VISIT_FREQUENCY_AND_TIME
08-05 14:33:35.613 27908 27922 D Nappa   : Updating activity map nappagreedy.io.github.project_travel_mate.SplashActivity: 1
08-05 14:33:35.613 27908 27922 D Nappa   : Updating activity map nappagreedy.io.github.project_travel_mate.MainActivity: 2
08-05 14:33:35.613 27908 27922 D Nappa   : Updating activity map nappagreedy.io.github.project_travel_mate.destinations.description.FinalCityInfoActivity: 3
08-05 14:33:35.613 27908 27922 D Nappa   : Updating activity map nappagreedy.io.github.project_travel_mate.destinations.description.CityHistoryActivity: 4
08-05 14:33:35.613 27908 27922 D Nappa   : Updating activity map nappagreedy.io.github.project_travel_mate.destinations.funfacts.FunFactsActivity: 5
08-05 14:33:35.613 27908 27922 D Nappa   : Updating activity map nappagreedy.io.github.project_travel_mate.utilities.ChecklistActivity: 6
08-05 14:33:35.614 27908 27922 D Nappa   : Updating activity map nappagreedy.io.github.project_travel_mate.utilities.CompassActivity: 7
08-05 14:33:35.614 27908 27922 D Nappa   : Updating activity map nappagreedy.io.github.project_travel_mate.utilities.UpcomingWeekendsActivity: 8
08-05 14:33:35.614 27908 27922 D Nappa   : Updating activity map nappagreedy.io.github.project_travel_mate.notifications.NotificationsActivity: 9
08-05 14:33:35.716 27908 27922 D Nappa   : registerActivity: (already in) nappagreedy.io.github.project_travel_mate.SplashActivity
08-05 14:33:35.827 27908 27922 D Nappa   : registerActivity: (already in) nappagreedy.io.github.project_travel_mate.MainActivity
08-05 14:33:35.831 27908 27925 D Nappa   : {nappagreedy.io.github.project_travel_mate.destinations.description.CityHistoryActivity=4, nappagreedy.io.github.project_travel_mate.MainActivity=2, nappagreedy.io.github.project_travel_mate.SplashActivity=1, nappagreedy.io.github.project_travel_mate.utilities.CompassActivity=7, nappagreedy.io.github.project_travel_mate.notifications.NotificationsActivity=9, nappagreedy.io.github.project_travel_mate.destinations.funfacts.FunFactsActivity=5, nappagreedy.io.github.project_travel_mate.utilities.UpcomingWeekendsActivity=8, nappagreedy.io.github.project_travel_mate.utilities.ChecklistActivity=6, nappagreedy.io.github.project_travel_mate.destinations.description.FinalCityInfoActivity=3}
08-05 14:33:35.941 27908 27922 D Nappa   : registerActivity: (already in) nappagreedy.io.github.project_travel_mate.MainActivity
08-05 14:33:36.044 27908 27922 D Nappa   : registerActivity: (already in) nappagreedy.io.github.project_travel_mate.destinations.description.FinalCityInfoActivity
08-05 14:33:36.047 27908 27925 D Nappa   : {nappagreedy.io.github.project_travel_mate.destinations.description.CityHistoryActivity=4, nappagreedy.io.github.project_travel_mate.MainActivity=2, nappagreedy.io.github.project_travel_mate.SplashActivity=1, nappagreedy.io.github.project_travel_mate.utilities.CompassActivity=7, nappagreedy.io.github.project_travel_mate.notifications.NotificationsActivity=9, nappagreedy.io.github.project_travel_mate.destinations.funfacts.FunFactsActivity=5, nappagreedy.io.github.project_travel_mate.utilities.UpcomingWeekendsActivity=8, nappagreedy.io.github.project_travel_mate.utilities.ChecklistActivity=6, nappagreedy.io.github.project_travel_mate.destinations.description.FinalCityInfoActivity=3}
08-05 14:33:36.148 27908 27922 D Nappa   : registerActivity: (already in) nappagreedy.io.github.project_travel_mate.utilities.ChecklistActivity
08-05 14:33:36.150 27908 27925 D Nappa   : {nappagreedy.io.github.project_travel_mate.destinations.description.CityHistoryActivity=4, nappagreedy.io.github.project_travel_mate.MainActivity=2, nappagreedy.io.github.project_travel_mate.SplashActivity=1, nappagreedy.io.github.project_travel_mate.utilities.CompassActivity=7, nappagreedy.io.github.project_travel_mate.notifications.NotificationsActivity=9, nappagreedy.io.github.project_travel_mate.destinations.funfacts.FunFactsActivity=5, nappagreedy.io.github.project_travel_mate.utilities.UpcomingWeekendsActivity=8, nappagreedy.io.github.project_travel_mate.utilities.ChecklistActivity=6, nappagreedy.io.github.project_travel_mate.destinations.description.FinalCityInfoActivity=3}
08-05 14:33:36.252 27908 27922 D Nappa   : registerActivity: (already in) nappagreedy.io.github.project_travel_mate.utilities.CompassActivity
08-05 14:33:36.255 27908 27925 D Nappa   : {nappagreedy.io.github.project_travel_mate.destinations.description.CityHistoryActivity=4, nappagreedy.io.github.project_travel_mate.MainActivity=2, nappagreedy.io.github.project_travel_mate.SplashActivity=1, nappagreedy.io.github.project_travel_mate.utilities.CompassActivity=7, nappagreedy.io.github.project_travel_mate.notifications.NotificationsActivity=9, nappagreedy.io.github.project_travel_mate.destinations.funfacts.FunFactsActivity=5, nappagreedy.io.github.project_travel_mate.utilities.UpcomingWeekendsActivity=8, nappagreedy.io.github.project_travel_mate.utilities.ChecklistActivity=6, nappagreedy.io.github.project_travel_mate.destinations.description.FinalCityInfoActivity=3}
08-05 14:33:36.356 27908 27922 D Nappa   : registerActivity: (already in) nappagreedy.io.github.project_travel_mate.utilities.UpcomingWeekendsActivity
08-05 14:33:36.359 27908 27925 D Nappa   : {nappagreedy.io.github.project_travel_mate.destinations.description.CityHistoryActivity=4, nappagreedy.io.github.project_travel_mate.MainActivity=2, nappagreedy.io.github.project_travel_mate.SplashActivity=1, nappagreedy.io.github.project_travel_mate.utilities.CompassActivity=7, nappagreedy.io.github.project_travel_mate.notifications.NotificationsActivity=9, nappagreedy.io.github.project_travel_mate.destinations.funfacts.FunFactsActivity=5, nappagreedy.io.github.project_travel_mate.utilities.UpcomingWeekendsActivity=8, nappagreedy.io.github.project_travel_mate.utilities.ChecklistActivity=6, nappagreedy.io.github.project_travel_mate.destinations.description.FinalCityInfoActivity=3}
08-05 14:33:36.460 27908 27922 D Nappa   : registerActivity: (already in) nappagreedy.io.github.project_travel_mate.notifications.NotificationsActivity
08-05 14:33:36.462 27908 27925 D Nappa   : {nappagreedy.io.github.project_travel_mate.destinations.description.CityHistoryActivity=4, nappagreedy.io.github.project_travel_mate.MainActivity=2, nappagreedy.io.github.project_travel_mate.SplashActivity=1, nappagreedy.io.github.project_travel_mate.utilities.CompassActivity=7, nappagreedy.io.github.project_travel_mate.notifications.NotificationsActivity=9, nappagreedy.io.github.project_travel_mate.destinations.funfacts.FunFactsActivity=5, nappagreedy.io.github.project_travel_mate.utilities.UpcomingWeekendsActivity=8, nappagreedy.io.github.project_travel_mate.utilities.ChecklistActivity=6, nappagreedy.io.github.project_travel_mate.destinations.description.FinalCityInfoActivity=3}
08-05 14:33:36.567 27908 27922 D Nappa   : registerActivity: (already in) nappagreedy.io.github.project_travel_mate.destinations.description.FinalCityInfoActivity
08-05 14:33:36.669 27908 27922 D Nappa   : registerActivity: (already in) nappagreedy.io.github.project_travel_mate.destinations.description.CityHistoryActivity
08-05 14:33:36.671 27908 27925 D Nappa   : {nappagreedy.io.github.project_travel_mate.destinations.description.CityHistoryActivity=4, nappagreedy.io.github.project_travel_mate.MainActivity=2, nappagreedy.io.github.project_travel_mate.SplashActivity=1, nappagreedy.io.github.project_travel_mate.utilities.CompassActivity=7, nappagreedy.io.github.project_travel_mate.notifications.NotificationsActivity=9, nappagreedy.io.github.project_travel_mate.destinations.funfacts.FunFactsActivity=5, nappagreedy.io.github.project_travel_mate.utilities.UpcomingWeekendsActivity=8, nappagreedy.io.github.project_travel_mate.utilities.ChecklistActivity=6, nappagreedy.io.github.project_travel_mate.destinations.description.FinalCityInfoActivity=3}
08-05 14:33:36.772 27908 27922 D Nappa   : registerActivity: (already in) nappagreedy.io.github.project_travel_mate.destinations.funfacts.FunFactsActivity
08-05 14:33:36.774 27908 27925 D Nappa   : {nappagreedy.io.github.project_travel_mate.destinations.description.CityHistoryActivity=4, nappagreedy.io.github.project_travel_mate.MainActivity=2, nappagreedy.io.github.project_travel_mate.SplashActivity=1, nappagreedy.io.github.project_travel_mate.utilities.CompassActivity=7, nappagreedy.io.github.project_travel_mate.notifications.NotificationsActivity=9, nappagreedy.io.github.project_travel_mate.destinations.funfacts.FunFactsActivity=5, nappagreedy.io.github.project_travel_mate.utilities.UpcomingWeekendsActivity=8, nappagreedy.io.github.project_travel_mate.utilities.ChecklistActivity=6, nappagreedy.io.github.project_travel_mate.destinations.description.FinalCityInfoActivity=3}
08-05 14:33:36.878 27908 27922 D Nappa   : registerActivity: (already in) nappagreedy.io.github.project_travel_mate.destinations.description.CityHistoryActivity
08-05 14:33:36.985 27908 27922 D Nappa   : registerActivity: (already in) nappagreedy.io.github.project_travel_mate.destinations.funfacts.FunFactsActivity
08-05 14:33:37.091 27908 27922 D Nappa   : registerActivity: (already in) nappagreedy.io.github.project_travel_mate.utilities.ChecklistActivity
08-05 14:33:37.197 27908 27922 D Nappa   : registerActivity: (already in) nappagreedy.io.github.project_travel_mate.utilities.CompassActivity
08-05 14:33:37.304 27908 27922 D Nappa   : registerActivity: (already in) nappagreedy.io.github.project_travel_mate.utilities.UpcomingWeekendsActivity
08-05 14:33:37.413 27908 27922 D Nappa   : registerActivity: (already in) nappagreedy.io.github.project_travel_mate.notifications.NotificationsActivity
08-05 14:33:37.419 27908 27922 D Nappa   : Extended Startup-time: 1857 ms
08-05 14:33:37.422 27908 27908 D Nappa   : Startup-time: 1860 ms
08-05 14:33:37.549 27908 27908 D Nappa   : setCurrentActivity - MetricStrategyAccuracy - 
08-05 14:33:37.549 27908 27908 D Nappa   : madePredictionFromActivity = false, 
08-05 14:33:37.549 27908 27908 D Nappa   : fromActivity = null, 
08-05 14:33:37.549 27908 27908 D Nappa   : predictedNextActivityFromActivity = [], 
08-05 14:33:37.549 27908 27908 D Nappa   : activity.getClass().getCanonicalName() = nappagreedy.io.github.project_travel_mate.SplashActivity, 
08-05 14:33:37.549 27908 27908 D Nappa   : setCurrentActivity - MetricStrategyAccuracy - 
08-05 14:33:37.549 27908 27908 D Nappa   : madePredictionFromExtra = false, 
08-05 14:33:37.549 27908 27908 D Nappa   : fromActivity = null, 
08-05 14:33:37.549 27908 27908 D Nappa   : predictedNextActivityFromExtra = [], 
08-05 14:33:37.549 27908 27908 D Nappa   : activity.getClass().getCanonicalName() = nappagreedy.io.github.project_travel_mate.SplashActivity, 
08-05 14:33:37.549 27908 27908 D Nappa   : PREFETCH_ON_EXTRA - setCurrentActivity - logs - from activity - made prediction isfalse
08-05 14:33:37.650 27908 27908 D Nappa   : registerActivity: (already in) nappagreedy.io.github.project_travel_mate.SplashActivity
08-05 14:33:37.650 27908 27908 D Nappa   : SHOULD_PREFETCH false
08-05 14:33:37.651 27908 27908 D Nappa   : STATS Number of requests not prefetched: 0
08-05 14:33:37.651 27908 27908 D Nappa   : STATS Number of requests prefetched: 0
08-05 14:33:37.651 27908 27908 D Nappa   : STATS Time saved until now: 0.0
08-05 14:33:37.951 27908 27925 D Nappa   : PREFETCH_ON_EXTRA - setCurrentActivity - logs - from extra - made prediction isfalse
08-05 14:33:39.699 27908 27908 D Nappa   : Stayed on nappagreedy.io.github.project_travel_mate.SplashActivity for 2048 ms
08-05 14:33:39.966 27908 27908 D Nappa   : TAG okHttpClient initialized
08-05 14:33:39.974 27908 28033 D Nappa   : F1_SCORE add_intercept_url - (new) - https://project-travel-mate.herokuapp.com/api/get-user
08-05 14:33:39.974 27908 28033 D Nappa   : F1_SCORE add_fn_url - (new) - https://project-travel-mate.herokuapp.com/api/get-user
08-05 14:33:39.974 27908 28033 D Nappa   : -------------F1_SCORE #0 -----------
08-05 14:33:39.974 27908 28033 D Nappa   : F1_SCORE - Intercept list (1)= [https://project-travel-mate.herokuapp.com/api/get-user]
08-05 14:33:39.975 27908 28033 D Nappa   : F1_SCORE - Prefetch list (0)= []
08-05 14:33:39.975 27908 28033 D Nappa   : F1_SCORE - TP list (0)= []
08-05 14:33:39.975 27908 28033 D Nappa   : F1_SCORE - FN list (1)= [https://project-travel-mate.herokuapp.com/api/get-user]
08-05 14:33:40.065 27908 27908 D Nappa   : TAG okHttpClient initialized
08-05 14:33:40.066 27908 28037 D Nappa   : F1_SCORE add_intercept_url - (new) - https://project-travel-mate.herokuapp.com/api/get-all-cities/10
08-05 14:33:40.066 27908 28037 D Nappa   : F1_SCORE add_fn_url - (new) - https://project-travel-mate.herokuapp.com/api/get-all-cities/10
08-05 14:33:40.066 27908 28037 D Nappa   : -------------F1_SCORE #1 -----------
08-05 14:33:40.066 27908 28037 D Nappa   : F1_SCORE - Intercept list (2)= [https://project-travel-mate.herokuapp.com/api/get-user, https://project-travel-mate.herokuapp.com/api/get-all-cities/10]
08-05 14:33:40.066 27908 28037 D Nappa   : F1_SCORE - Prefetch list (0)= []
08-05 14:33:40.067 27908 28037 D Nappa   : F1_SCORE - TP list (0)= []
08-05 14:33:40.067 27908 28037 D Nappa   : F1_SCORE - FN list (2)= [https://project-travel-mate.herokuapp.com/api/get-user, https://project-travel-mate.herokuapp.com/api/get-all-cities/10]
08-05 14:33:40.067 27908 27908 D Nappa   : setCurrentActivity - MetricStrategyAccuracy - 
08-05 14:33:40.067 27908 27908 D Nappa   : madePredictionFromActivity = false, 
08-05 14:33:40.067 27908 27908 D Nappa   : fromActivity = nappagreedy.io.github.project_travel_mate.SplashActivity, 
08-05 14:33:40.067 27908 27908 D Nappa   : predictedNextActivityFromActivity = [], 
08-05 14:33:40.067 27908 27908 D Nappa   : activity.getClass().getCanonicalName() = nappagreedy.io.github.project_travel_mate.MainActivity, 
08-05 14:33:40.067 27908 27908 D Nappa   : setCurrentActivity - MetricStrategyAccuracy - 
08-05 14:33:40.067 27908 27908 D Nappa   : madePredictionFromExtra = false, 
08-05 14:33:40.067 27908 27908 D Nappa   : fromActivity = nappagreedy.io.github.project_travel_mate.SplashActivity, 
08-05 14:33:40.067 27908 27908 D Nappa   : predictedNextActivityFromExtra = [], 
08-05 14:33:40.067 27908 27908 D Nappa   : activity.getClass().getCanonicalName() = nappagreedy.io.github.project_travel_mate.MainActivity, 
08-05 14:33:40.067 27908 27908 D Nappa   : PREFETCH_ON_EXTRA - setCurrentActivity - logs - from activity - made prediction isfalse
08-05 14:33:40.074 27908 27925 D Nappa   : registerActivity: (already in) nappagreedy.io.github.project_travel_mate.SplashActivity
08-05 14:33:40.075 27908 27925 D Nappa   : PARENTS 
08-05 14:33:40.075 27908 27925 D Nappa   : Of: nappagreedy.io.github.project_travel_mate.SplashActivity -> 
08-05 14:33:40.168 27908 27908 D Nappa   : registerActivity: (already in) nappagreedy.io.github.project_travel_mate.MainActivity
08-05 14:33:40.168 27908 27908 D Nappa   : SHOULD_PREFETCH true
08-05 14:33:40.175 27908 27925 D Nappa   : registerActivity: (already in) nappagreedy.io.github.project_travel_mate.MainActivity
08-05 14:33:40.175 27908 27925 D Nappa   : PARENTS 
08-05 14:33:40.175 27908 27925 D Nappa   : Of: nappagreedy.io.github.project_travel_mate.MainActivity -> 
08-05 14:33:40.175 27908 27925 D Nappa   : PARENTS nappagreedy.io.github.project_travel_mate.SplashActivity
08-05 14:33:40.268 27908 27908 D Nappa   : registerActivity: (already in) nappagreedy.io.github.project_travel_mate.MainActivity
08-05 14:33:40.270 27908 27908 D Nappa   : SUCCESSORS nappagreedy.io.github.project_travel_mate.destinations.description.FinalCityInfoActivity
08-05 14:33:40.270 27908 27908 D Nappa   : SUCCESSORS nappagreedy.io.github.project_travel_mate.utilities.CompassActivity
08-05 14:33:40.270 27908 27908 D Nappa   : SUCCESSORS nappagreedy.io.github.project_travel_mate.utilities.UpcomingWeekendsActivity
08-05 14:33:40.270 27908 27908 D Nappa   : SUCCESSORS nappagreedy.io.github.project_travel_mate.utilities.ChecklistActivity
08-05 14:33:40.270 27908 27908 D Nappa   : SUCCESSORS nappagreedy.io.github.project_travel_mate.notifications.NotificationsActivity
08-05 14:33:40.270 27908 27908 D Nappa   : STATS Number of requests not prefetched: 0
08-05 14:33:40.270 27908 27908 D Nappa   : STATS Number of requests prefetched: 0
08-05 14:33:40.270 27908 27908 D Nappa   : STATS Time saved until now: 0.0
08-05 14:33:40.468 27908 27925 D Nappa   : PREFETCH_ON_EXTRA - setCurrentActivity - logs - from extra - made prediction isfalse
08-05 14:33:40.644 27908 27908 D Nappa   : TAG okHttpClient initialized
08-05 14:33:40.645 27908 28051 D Nappa   : F1_SCORE add_intercept_url - (new) - https://project-travel-mate.herokuapp.com/api/number-of-unread-notifications
08-05 14:33:40.645 27908 28051 D Nappa   : F1_SCORE add_fn_url - (new) - https://project-travel-mate.herokuapp.com/api/number-of-unread-notifications
08-05 14:33:40.645 27908 28051 D Nappa   : -------------F1_SCORE #2 -----------
08-05 14:33:40.645 27908 28051 D Nappa   : F1_SCORE - Intercept list (3)= [https://project-travel-mate.herokuapp.com/api/get-user, https://project-travel-mate.herokuapp.com/api/get-all-cities/10, https://project-travel-mate.herokuapp.com/api/number-of-unread-notifications]
08-05 14:33:40.645 27908 28051 D Nappa   : F1_SCORE - Prefetch list (0)= []
08-05 14:33:40.645 27908 28051 D Nappa   : F1_SCORE - TP list (0)= []
08-05 14:33:40.645 27908 28051 D Nappa   : F1_SCORE - FN list (3)= [https://project-travel-mate.herokuapp.com/api/get-user, https://project-travel-mate.herokuapp.com/api/get-all-cities/10, https://project-travel-mate.herokuapp.com/api/number-of-unread-notifications]
08-05 14:33:40.745 27908 27925 D Nappa   : registerActivity: (already in) nappagreedy.io.github.project_travel_mate.MainActivity
08-05 14:33:40.746 27908 27925 D Nappa   : PARENTS 
08-05 14:33:40.746 27908 27925 D Nappa   : Of: nappagreedy.io.github.project_travel_mate.MainActivity -> 
08-05 14:33:40.746 27908 27925 D Nappa   : PARENTS nappagreedy.io.github.project_travel_mate.SplashActivity
08-05 14:33:40.771 27908 27925 D Nappa   : PREFETCH_ON_EXTRA - setCurrentActivity - starting new prediction
08-05 14:33:40.776 27908 27925 D Nappa   : Current node - currentActivityName - nappagreedy.io.github.project_travel_mate.MainActivity
08-05 14:33:40.777 27908 27925 D Nappa   : Current node - activityGraph.getCurrent() - nappagreedy.io.github.project_travel_mate.MainActivity
08-05 14:33:40.781 27908 27925 D Nappa   : PREFETCH_ON_EXTRA - setCurrentActivity - finished new prediction
08-05 14:33:44.778 27908 27925 D Nappa   : PREFETCH_ON_EXTRA - notifyExtras- start
08-05 14:33:44.780 27908 27925 D Nappa   : PREFETCH_ON_EXTRA - notifyExtras- end
08-05 14:33:44.780 27908 27925 D Nappa   : PREFSTRAT2 ADDING NEW ACTEXTRADATA
08-05 14:33:44.798 27908 27908 D Nappa   : Stayed on nappagreedy.io.github.project_travel_mate.MainActivity for 4527 ms
08-05 14:33:44.855 27908 27908 D Nappa   : TAG okHttpClient initialized
08-05 14:33:44.859 27908 28185 D Nappa   : F1_SCORE add_intercept_url - (new) - https://project-travel-mate.herokuapp.com/api/get-city-weather/1
08-05 14:33:44.859 27908 28185 D Nappa   : F1_SCORE add_fn_url - (new) - https://project-travel-mate.herokuapp.com/api/get-city-weather/1
08-05 14:33:44.859 27908 28185 D Nappa   : -------------F1_SCORE #4 -----------
08-05 14:33:44.859 27908 28185 D Nappa   : F1_SCORE - Intercept list (4)= [https://project-travel-mate.herokuapp.com/api/get-user, https://project-travel-mate.herokuapp.com/api/get-all-cities/10, https://project-travel-mate.herokuapp.com/api/number-of-unread-notifications, https://project-travel-mate.herokuapp.com/api/get-city-weather/1]
08-05 14:33:44.859 27908 28185 D Nappa   : F1_SCORE - Prefetch list (0)= []
08-05 14:33:44.859 27908 28185 D Nappa   : F1_SCORE - TP list (0)= []
08-05 14:33:44.859 27908 28185 D Nappa   : F1_SCORE - FN list (4)= [https://project-travel-mate.herokuapp.com/api/get-user, https://project-travel-mate.herokuapp.com/api/get-all-cities/10, https://project-travel-mate.herokuapp.com/api/number-of-unread-notifications, https://project-travel-mate.herokuapp.com/api/get-city-weather/1]
08-05 14:33:44.859 27908 27908 D Nappa   : setCurrentActivity - MetricStrategyAccuracy - 
08-05 14:33:44.859 27908 27908 D Nappa   : madePredictionFromActivity = true, 
08-05 14:33:44.859 27908 27908 D Nappa   : fromActivity = nappagreedy.io.github.project_travel_mate.MainActivity, 
08-05 14:33:44.859 27908 27908 D Nappa   : predictedNextActivityFromActivity = [], 
08-05 14:33:44.859 27908 27908 D Nappa   : activity.getClass().getCanonicalName() = nappagreedy.io.github.project_travel_mate.destinations.description.FinalCityInfoActivity, 
08-05 14:33:44.859 27908 27908 D Nappa   : setCurrentActivity - MetricStrategyAccuracy - 
08-05 14:33:44.859 27908 27908 D Nappa   : madePredictionFromExtra = true, 
08-05 14:33:44.859 27908 27908 D Nappa   : fromActivity = nappagreedy.io.github.project_travel_mate.MainActivity, 
08-05 14:33:44.859 27908 27908 D Nappa   : predictedNextActivityFromExtra = [], 
08-05 14:33:44.859 27908 27908 D Nappa   : activity.getClass().getCanonicalName() = nappagreedy.io.github.project_travel_mate.destinations.description.FinalCityInfoActivity, 
08-05 14:33:44.859 27908 27908 D Nappa   : PREFETCH_ON_EXTRA - setCurrentActivity - logs - from activity - made prediction istrue
08-05 14:33:44.860 27908 27908 D Nappa   : PREFETCH_ON_EXTRA - setCurrentActivity - logs - from activity - start
08-05 14:33:44.860 27908 28186 D Nappa   : F1_SCORE add_intercept_url - (new) - https://project-travel-mate.herokuapp.com/api/get-city/1
08-05 14:33:44.860 27908 27908 D Nappa   : PREFETCH_ON_EXTRA - setCurrentActivity - logs - from activity- finished
08-05 14:33:44.860 27908 28186 D Nappa   : F1_SCORE add_fn_url - (new) - https://project-travel-mate.herokuapp.com/api/get-city/1
08-05 14:33:44.860 27908 28186 D Nappa   : -------------F1_SCORE #5 -----------
08-05 14:33:44.860 27908 28186 D Nappa   : F1_SCORE - Intercept list (5)= [https://project-travel-mate.herokuapp.com/api/get-user, https://project-travel-mate.herokuapp.com/api/get-all-cities/10, https://project-travel-mate.herokuapp.com/api/number-of-unread-notifications, https://project-travel-mate.herokuapp.com/api/get-city-weather/1, https://project-travel-mate.herokuapp.com/api/get-city/1]
08-05 14:33:44.860 27908 28186 D Nappa   : F1_SCORE - Prefetch list (0)= []
08-05 14:33:44.860 27908 28186 D Nappa   : F1_SCORE - TP list (0)= []
08-05 14:33:44.860 27908 28186 D Nappa   : F1_SCORE - FN list (5)= [https://project-travel-mate.herokuapp.com/api/get-user, https://project-travel-mate.herokuapp.com/api/get-all-cities/10, https://project-travel-mate.herokuapp.com/api/number-of-unread-notifications, https://project-travel-mate.herokuapp.com/api/get-city-weather/1, https://project-travel-mate.herokuapp.com/api/get-city/1]
08-05 14:33:44.959 27908 27925 D Nappa   : registerActivity: (already in) nappagreedy.io.github.project_travel_mate.MainActivity
08-05 14:33:44.959 27908 27925 D Nappa   : PARENTS 
08-05 14:33:44.959 27908 27925 D Nappa   : Of: nappagreedy.io.github.project_travel_mate.MainActivity -> 
08-05 14:33:44.959 27908 27925 D Nappa   : PARENTS nappagreedy.io.github.project_travel_mate.SplashActivity
08-05 14:33:44.960 27908 27908 D Nappa   : registerActivity: (already in) nappagreedy.io.github.project_travel_mate.destinations.description.FinalCityInfoActivity
08-05 14:33:44.960 27908 27908 D Nappa   : SHOULD_PREFETCH true
08-05 14:33:45.059 27908 27925 D Nappa   : registerActivity: (already in) nappagreedy.io.github.project_travel_mate.destinations.description.FinalCityInfoActivity
08-05 14:33:45.059 27908 27925 D Nappa   : PARENTS 
08-05 14:33:45.059 27908 27925 D Nappa   : Of: nappagreedy.io.github.project_travel_mate.destinations.description.FinalCityInfoActivity -> 
08-05 14:33:45.059 27908 27925 D Nappa   : PARENTS nappagreedy.io.github.project_travel_mate.MainActivity
08-05 14:33:45.060 27908 27925 D Nappa   : PARENTS has extra: (cityobject_, objects.City@c884839)
08-05 14:33:45.060 27908 27925 D Nappa   : PARENTS nappagreedy.io.github.project_travel_mate.SplashActivity
08-05 14:33:45.060 27908 27908 D Nappa   : registerActivity: (already in) nappagreedy.io.github.project_travel_mate.destinations.description.FinalCityInfoActivity
08-05 14:33:45.061 27908 27908 D Nappa   : SUCCESSORS nappagreedy.io.github.project_travel_mate.destinations.description.CityHistoryActivity
08-05 14:33:45.061 27908 27908 D Nappa   : SUCCESSORS nappagreedy.io.github.project_travel_mate.destinations.funfacts.FunFactsActivity
08-05 14:33:45.061 27908 27908 D Nappa   : STATS Number of requests not prefetched: 3
08-05 14:33:45.061 27908 27908 D Nappa   : STATS Number of requests prefetched: 0
08-05 14:33:45.061 27908 27908 D Nappa   : STATS Time saved until now: 0.0
08-05 14:33:45.260 27908 27925 D Nappa   : PREFETCH_ON_EXTRA - setCurrentActivity - logs - from extra - made prediction istrue
08-05 14:33:45.260 27908 27925 D Nappa   : PREFETCH_ON_EXTRA - setCurrentActivity - logs - from extra - start
08-05 14:33:45.261 27908 27925 D Nappa   : PREFETCH_ON_EXTRA - setCurrentActivity - logs - from extra- finished
08-05 14:33:45.561 27908 27925 D Nappa   : PREFETCH_ON_EXTRA - setCurrentActivity - starting new prediction
08-05 14:33:45.561 27908 27925 D Nappa   : Current node - currentActivityName - nappagreedy.io.github.project_travel_mate.destinations.description.FinalCityInfoActivity
08-05 14:33:45.561 27908 27925 D Nappa   : Current node - activityGraph.getCurrent() - nappagreedy.io.github.project_travel_mate.destinations.description.FinalCityInfoActivity
08-05 14:33:45.562 27908 27925 D Nappa   : PREFETCH_ON_EXTRA - setCurrentActivity - finished new prediction
08-05 14:33:49.468 27908 27908 D Nappa   : Stayed on nappagreedy.io.github.project_travel_mate.destinations.description.FinalCityInfoActivity for 4407 ms
08-05 14:33:49.492 27908 27908 D Nappa   : TAG okHttpClient initialized
08-05 14:33:49.493 27908 28301 D Nappa   : F1_SCORE add_intercept_url - (new) - https://project-travel-mate.herokuapp.com/api/get-city-information/1
08-05 14:33:49.493 27908 28301 D Nappa   : F1_SCORE add_fn_url - (new) - https://project-travel-mate.herokuapp.com/api/get-city-information/1
08-05 14:33:49.493 27908 28301 D Nappa   : -------------F1_SCORE #6 -----------
08-05 14:33:49.493 27908 28301 D Nappa   : F1_SCORE - Intercept list (6)= [https://project-travel-mate.herokuapp.com/api/get-user, https://project-travel-mate.herokuapp.com/api/get-all-cities/10, https://project-travel-mate.herokuapp.com/api/number-of-unread-notifications, https://project-travel-mate.herokuapp.com/api/get-city-weather/1, https://project-travel-mate.herokuapp.com/api/get-city/1, https://project-travel-mate.herokuapp.com/api/get-city-information/1]
08-05 14:33:49.493 27908 28301 D Nappa   : F1_SCORE - Prefetch list (0)= []
08-05 14:33:49.493 27908 28301 D Nappa   : F1_SCORE - TP list (0)= []
08-05 14:33:49.493 27908 28301 D Nappa   : F1_SCORE - FN list (6)= [https://project-travel-mate.herokuapp.com/api/get-user, https://project-travel-mate.herokuapp.com/api/get-all-cities/10, https://project-travel-mate.herokuapp.com/api/number-of-unread-notifications, https://project-travel-mate.herokuapp.com/api/get-city-weather/1, https://project-travel-mate.herokuapp.com/api/get-city/1, https://project-travel-mate.herokuapp.com/api/get-city-information/1]
08-05 14:33:49.494 27908 27908 D Nappa   : setCurrentActivity - MetricStrategyAccuracy - 
08-05 14:33:49.494 27908 27908 D Nappa   : madePredictionFromActivity = true, 
08-05 14:33:49.494 27908 27908 D Nappa   : fromActivity = nappagreedy.io.github.project_travel_mate.destinations.description.FinalCityInfoActivity, 
08-05 14:33:49.494 27908 27908 D Nappa   : predictedNextActivityFromActivity = [nappagreedy.io.github.project_travel_mate.destinations.description.CityHistoryActivity], 
08-05 14:33:49.494 27908 27908 D Nappa   : activity.getClass().getCanonicalName() = nappagreedy.io.github.project_travel_mate.destinations.description.CityHistoryActivity, 
08-05 14:33:49.494 27908 27908 D Nappa   : setCurrentActivity - MetricStrategyAccuracy - 
08-05 14:33:49.494 27908 27908 D Nappa   : madePredictionFromExtra = false, 
08-05 14:33:49.494 27908 27908 D Nappa   : fromActivity = nappagreedy.io.github.project_travel_mate.destinations.description.FinalCityInfoActivity, 
08-05 14:33:49.494 27908 27908 D Nappa   : predictedNextActivityFromExtra = [], 
08-05 14:33:49.494 27908 27908 D Nappa   : activity.getClass().getCanonicalName() = nappagreedy.io.github.project_travel_mate.destinations.description.CityHistoryActivity, 
08-05 14:33:49.494 27908 27908 D Nappa   : PREFETCH_ON_EXTRA - setCurrentActivity - logs - from activity - made prediction istrue
08-05 14:33:49.494 27908 27908 D Nappa   : PREFETCH_ON_EXTRA - setCurrentActivity - logs - from activity - start
08-05 14:33:49.494 27908 27908 D Nappa   : setCurrentActivity - MetricStrategyAccuracy - checking prediction VS current activity for activities
08-05 14:33:49.494 27908 27908 D Nappa   : PREFETCH_ON_EXTRA - setCurrentActivity - logs - from activity- finished
08-05 14:33:49.593 27908 27925 D Nappa   : registerActivity: (already in) nappagreedy.io.github.project_travel_mate.destinations.description.FinalCityInfoActivity
08-05 14:33:49.593 27908 27925 D Nappa   : PARENTS 
08-05 14:33:49.593 27908 27925 D Nappa   : Of: nappagreedy.io.github.project_travel_mate.destinations.description.FinalCityInfoActivity -> 
08-05 14:33:49.593 27908 27925 D Nappa   : PARENTS nappagreedy.io.github.project_travel_mate.MainActivity
08-05 14:33:49.593 27908 27925 D Nappa   : PARENTS has extra: (cityobject_, objects.City@c884839)
08-05 14:33:49.593 27908 27925 D Nappa   : PARENTS nappagreedy.io.github.project_travel_mate.SplashActivity
08-05 14:33:49.594 27908 27908 D Nappa   : registerActivity: (already in) nappagreedy.io.github.project_travel_mate.destinations.description.CityHistoryActivity
08-05 14:33:49.595 27908 27908 D Nappa   : SHOULD_PREFETCH true
08-05 14:33:49.695 27908 27908 D Nappa   : registerActivity: (already in) nappagreedy.io.github.project_travel_mate.destinations.description.CityHistoryActivity
08-05 14:33:49.695 27908 27908 D Nappa   : STATS Number of requests not prefetched: 5
08-05 14:33:49.695 27908 27908 D Nappa   : STATS Number of requests prefetched: 0
08-05 14:33:49.695 27908 27908 D Nappa   : STATS Time saved until now: 0.0
08-05 14:33:49.895 27908 27925 D Nappa   : PREFETCH_ON_EXTRA - setCurrentActivity - logs - from extra - made prediction isfalse
08-05 14:33:50.195 27908 27925 D Nappa   : PREFETCH_ON_EXTRA - setCurrentActivity - starting new prediction
08-05 14:33:50.195 27908 27925 D Nappa   : Current node - currentActivityName - nappagreedy.io.github.project_travel_mate.destinations.description.CityHistoryActivity
08-05 14:33:50.195 27908 27925 D Nappa   : Current node - activityGraph.getCurrent() - nappagreedy.io.github.project_travel_mate.destinations.description.CityHistoryActivity
08-05 14:33:50.196 27908 27925 D Nappa   : PREFETCH_ON_EXTRA - setCurrentActivity - finished new prediction
08-05 14:33:54.152 27908 27908 D Nappa   : Stayed on nappagreedy.io.github.project_travel_mate.destinations.description.CityHistoryActivity for 4457 ms
08-05 14:33:54.163 27908 27908 D Nappa   : setCurrentActivity - MetricStrategyAccuracy - 
08-05 14:33:54.163 27908 27908 D Nappa   : madePredictionFromActivity = true, 
08-05 14:33:54.163 27908 27908 D Nappa   : fromActivity = nappagreedy.io.github.project_travel_mate.destinations.description.CityHistoryActivity, 
08-05 14:33:54.163 27908 27908 D Nappa   : predictedNextActivityFromActivity = [], 
08-05 14:33:54.163 27908 27908 D Nappa   : activity.getClass().getCanonicalName() = nappagreedy.io.github.project_travel_mate.destinations.description.FinalCityInfoActivity, 
08-05 14:33:54.163 27908 27908 D Nappa   : setCurrentActivity - MetricStrategyAccuracy - 
08-05 14:33:54.163 27908 27908 D Nappa   : madePredictionFromExtra = false, 
08-05 14:33:54.163 27908 27908 D Nappa   : fromActivity = nappagreedy.io.github.project_travel_mate.destinations.description.CityHistoryActivity, 
08-05 14:33:54.163 27908 27908 D Nappa   : predictedNextActivityFromExtra = [], 
08-05 14:33:54.163 27908 27908 D Nappa   : activity.getClass().getCanonicalName() = nappagreedy.io.github.project_travel_mate.destinations.description.FinalCityInfoActivity, 
08-05 14:33:54.163 27908 27908 D Nappa   : PREFETCH_ON_EXTRA - setCurrentActivity - logs - from activity - made prediction istrue
08-05 14:33:54.163 27908 27908 D Nappa   : PREFETCH_ON_EXTRA - setCurrentActivity - logs - from activity - start
08-05 14:33:54.163 27908 27908 D Nappa   : PREFETCH_ON_EXTRA - setCurrentActivity - logs - from activity- finished
08-05 14:33:54.264 27908 27908 D Nappa   : registerActivity: (already in) nappagreedy.io.github.project_travel_mate.destinations.description.FinalCityInfoActivity
08-05 14:33:54.264 27908 27908 D Nappa   : SHOULD_PREFETCH false
08-05 14:33:54.264 27908 27908 D Nappa   : STATS Number of requests not prefetched: 6
08-05 14:33:54.264 27908 27908 D Nappa   : STATS Number of requests prefetched: 0
08-05 14:33:54.264 27908 27908 D Nappa   : STATS Time saved until now: 0.0
08-05 14:33:54.564 27908 27925 D Nappa   : PREFETCH_ON_EXTRA - setCurrentActivity - logs - from extra - made prediction isfalse
08-05 14:33:55.775 27908 27925 D Nappa   : PREFETCH_ON_EXTRA - notifyExtras- start
08-05 14:33:55.778 27908 27925 D Nappa   : PREFETCH_ON_EXTRA - notifyExtras- end
08-05 14:33:55.778 27908 27925 D Nappa   : PREFSTRAT2 ADDING NEW ACTEXTRADATA
08-05 14:33:55.786 27908 27908 D Nappa   : Stayed on nappagreedy.io.github.project_travel_mate.destinations.description.FinalCityInfoActivity for 1522 ms
08-05 14:33:55.806 27908 27908 D Nappa   : TAG okHttpClient initialized
08-05 14:33:55.807 27908 28467 D Nappa   : F1_SCORE add_intercept_url - (new) - https://project-travel-mate.herokuapp.com/api/get-city-facts/1
08-05 14:33:55.807 27908 28467 D Nappa   : F1_SCORE add_fn_url - (new) - https://project-travel-mate.herokuapp.com/api/get-city-facts/1
08-05 14:33:55.807 27908 28467 D Nappa   : -------------F1_SCORE #8 -----------
08-05 14:33:55.807 27908 28467 D Nappa   : F1_SCORE - Intercept list (7)= [https://project-travel-mate.herokuapp.com/api/get-user, https://project-travel-mate.herokuapp.com/api/get-all-cities/10, https://project-travel-mate.herokuapp.com/api/number-of-unread-notifications, https://project-travel-mate.herokuapp.com/api/get-city-weather/1, https://project-travel-mate.herokuapp.com/api/get-city/1, https://project-travel-mate.herokuapp.com/api/get-city-information/1, https://project-travel-mate.herokuapp.com/api/get-city-facts/1]
08-05 14:33:55.807 27908 28467 D Nappa   : F1_SCORE - Prefetch list (0)= []
08-05 14:33:55.807 27908 28467 D Nappa   : F1_SCORE - TP list (0)= []
08-05 14:33:55.807 27908 28467 D Nappa   : F1_SCORE - FN list (7)= [https://project-travel-mate.herokuapp.com/api/get-user, https://project-travel-mate.herokuapp.com/api/get-all-cities/10, https://project-travel-mate.herokuapp.com/api/number-of-unread-notifications, https://project-travel-mate.herokuapp.com/api/get-city-weather/1, https://project-travel-mate.herokuapp.com/api/get-city/1, https://project-travel-mate.herokuapp.com/api/get-city-information/1, https://project-travel-mate.herokuapp.com/api/get-city-facts/1]
08-05 14:33:55.807 27908 27908 D Nappa   : setCurrentActivity - MetricStrategyAccuracy - 
08-05 14:33:55.807 27908 27908 D Nappa   : madePredictionFromActivity = false, 
08-05 14:33:55.807 27908 27908 D Nappa   : fromActivity = nappagreedy.io.github.project_travel_mate.destinations.description.FinalCityInfoActivity, 
08-05 14:33:55.807 27908 27908 D Nappa   : predictedNextActivityFromActivity = [], 
08-05 14:33:55.807 27908 27908 D Nappa   : activity.getClass().getCanonicalName() = nappagreedy.io.github.project_travel_mate.destinations.funfacts.FunFactsActivity, 
08-05 14:33:55.807 27908 27908 D Nappa   : setCurrentActivity - MetricStrategyAccuracy - 
08-05 14:33:55.807 27908 27908 D Nappa   : madePredictionFromExtra = true, 
08-05 14:33:55.807 27908 27908 D Nappa   : fromActivity = nappagreedy.io.github.project_travel_mate.destinations.description.FinalCityInfoActivity, 
08-05 14:33:55.807 27908 27908 D Nappa   : predictedNextActivityFromExtra = [nappagreedy.io.github.project_travel_mate.destinations.description.CityHistoryActivity], 
08-05 14:33:55.807 27908 27908 D Nappa   : activity.getClass().getCanonicalName() = nappagreedy.io.github.project_travel_mate.destinations.funfacts.FunFactsActivity, 
08-05 14:33:55.807 27908 27908 D Nappa   : PREFETCH_ON_EXTRA - setCurrentActivity - logs - from activity - made prediction isfalse
08-05 14:33:55.907 27908 27925 D Nappa   : registerActivity: (already in) nappagreedy.io.github.project_travel_mate.destinations.description.FinalCityInfoActivity
08-05 14:33:55.907 27908 27925 D Nappa   : PARENTS 
08-05 14:33:55.907 27908 27925 D Nappa   : Of: nappagreedy.io.github.project_travel_mate.destinations.description.FinalCityInfoActivity -> 
08-05 14:33:55.907 27908 27925 D Nappa   : PARENTS nappagreedy.io.github.project_travel_mate.MainActivity
08-05 14:33:55.907 27908 27925 D Nappa   : PARENTS has extra: (cityobject_, objects.City@c884839)
08-05 14:33:55.907 27908 27925 D Nappa   : PARENTS nappagreedy.io.github.project_travel_mate.SplashActivity
08-05 14:33:55.907 27908 27908 D Nappa   : registerActivity: (already in) nappagreedy.io.github.project_travel_mate.destinations.funfacts.FunFactsActivity
08-05 14:33:55.908 27908 27908 D Nappa   : SHOULD_PREFETCH true
08-05 14:33:56.008 27908 27908 D Nappa   : registerActivity: (already in) nappagreedy.io.github.project_travel_mate.destinations.funfacts.FunFactsActivity
08-05 14:33:56.009 27908 27908 D Nappa   : STATS Number of requests not prefetched: 6
08-05 14:33:56.009 27908 27908 D Nappa   : STATS Number of requests prefetched: 0
08-05 14:33:56.009 27908 27908 D Nappa   : STATS Time saved until now: 0.0
08-05 14:33:56.207 27908 27925 D Nappa   : PREFETCH_ON_EXTRA - setCurrentActivity - logs - from extra - made prediction istrue
08-05 14:33:56.208 27908 27925 D Nappa   : PREFETCH_ON_EXTRA - setCurrentActivity - logs - from extra - start
08-05 14:33:56.208 27908 27925 D Nappa   : setCurrentActivity - MetricStrategyAccuracy - checking prediction VS current activity for extras
08-05 14:33:56.208 27908 27925 D Nappa   : PREFETCH_ON_EXTRA - setCurrentActivity - logs - from extra- finished
08-05 14:33:56.509 27908 27925 D Nappa   : PREFETCH_ON_EXTRA - setCurrentActivity - starting new prediction
08-05 14:33:56.509 27908 27925 D Nappa   : Current node - currentActivityName - nappagreedy.io.github.project_travel_mate.destinations.funfacts.FunFactsActivity
08-05 14:33:56.509 27908 27925 D Nappa   : Current node - activityGraph.getCurrent() - nappagreedy.io.github.project_travel_mate.destinations.funfacts.FunFactsActivity
08-05 14:33:56.510 27908 27925 D Nappa   : PREFETCH_ON_EXTRA - setCurrentActivity - finished new prediction
08-05 14:33:56.680 27908 28467 D Nappa   : TAG okHttpClient initialized
08-05 14:33:56.682 27908 28489 D Nappa   : F1_SCORE add_intercept_url - (new) - https://project-travel-mate.herokuapp.com/api/get-city-images/1
08-05 14:33:56.682 27908 28489 D Nappa   : F1_SCORE add_fn_url - (new) - https://project-travel-mate.herokuapp.com/api/get-city-images/1
08-05 14:33:56.682 27908 28489 D Nappa   : -------------F1_SCORE #9 -----------
08-05 14:33:56.682 27908 28489 D Nappa   : F1_SCORE - Intercept list (8)= [https://project-travel-mate.herokuapp.com/api/get-user, https://project-travel-mate.herokuapp.com/api/get-all-cities/10, https://project-travel-mate.herokuapp.com/api/number-of-unread-notifications, https://project-travel-mate.herokuapp.com/api/get-city-weather/1, https://project-travel-mate.herokuapp.com/api/get-city/1, https://project-travel-mate.herokuapp.com/api/get-city-information/1, https://project-travel-mate.herokuapp.com/api/get-city-facts/1, https://project-travel-mate.herokuapp.com/api/get-city-images/1]
08-05 14:33:56.682 27908 28489 D Nappa   : F1_SCORE - Prefetch list (0)= []
08-05 14:33:56.682 27908 28489 D Nappa   : F1_SCORE - TP list (0)= []
08-05 14:33:56.682 27908 28489 D Nappa   : F1_SCORE - FN list (8)= [https://project-travel-mate.herokuapp.com/api/get-user, https://project-travel-mate.herokuapp.com/api/get-all-cities/10, https://project-travel-mate.herokuapp.com/api/number-of-unread-notifications, https://project-travel-mate.herokuapp.com/api/get-city-weather/1, https://project-travel-mate.herokuapp.com/api/get-city/1, https://project-travel-mate.herokuapp.com/api/get-city-information/1, https://project-travel-mate.herokuapp.com/api/get-city-facts/1, https://project-travel-mate.herokuapp.com/api/get-city-images/1]
08-05 14:33:56.782 27908 27925 D Nappa   : registerActivity: (already in) nappagreedy.io.github.project_travel_mate.destinations.funfacts.FunFactsActivity
08-05 14:33:56.782 27908 27925 D Nappa   : PARENTS 
08-05 14:33:56.782 27908 27925 D Nappa   : Of: nappagreedy.io.github.project_travel_mate.destinations.funfacts.FunFactsActivity -> 
08-05 14:33:56.782 27908 27925 D Nappa   : PARENTS nappagreedy.io.github.project_travel_mate.destinations.description.FinalCityInfoActivity
08-05 14:33:56.782 27908 27925 D Nappa   : PARENTS has extra: (cityobject_, objects.City@4bf11c9)
08-05 14:33:56.782 27908 27925 D Nappa   : PARENTS nappagreedy.io.github.project_travel_mate.MainActivity
08-05 14:33:56.782 27908 27925 D Nappa   : PARENTS has extra: (cityobject_, objects.City@c884839)
08-05 14:33:56.782 27908 27925 D Nappa   : PARENTS nappagreedy.io.github.project_travel_mate.SplashActivity
08-05 14:33:58.534 27908 27908 D Nappa   : Stayed on nappagreedy.io.github.project_travel_mate.destinations.funfacts.FunFactsActivity for 2525 ms
08-05 14:33:58.540 27908 27908 D Nappa   : setCurrentActivity - MetricStrategyAccuracy - 
08-05 14:33:58.540 27908 27908 D Nappa   : madePredictionFromActivity = true, 
08-05 14:33:58.540 27908 27908 D Nappa   : fromActivity = nappagreedy.io.github.project_travel_mate.destinations.funfacts.FunFactsActivity, 
08-05 14:33:58.540 27908 27908 D Nappa   : predictedNextActivityFromActivity = [], 
08-05 14:33:58.540 27908 27908 D Nappa   : activity.getClass().getCanonicalName() = nappagreedy.io.github.project_travel_mate.destinations.description.FinalCityInfoActivity, 
08-05 14:33:58.540 27908 27908 D Nappa   : setCurrentActivity - MetricStrategyAccuracy - 
08-05 14:33:58.540 27908 27908 D Nappa   : madePredictionFromExtra = false, 
08-05 14:33:58.540 27908 27908 D Nappa   : fromActivity = nappagreedy.io.github.project_travel_mate.destinations.funfacts.FunFactsActivity, 
08-05 14:33:58.540 27908 27908 D Nappa   : predictedNextActivityFromExtra = [], 
08-05 14:33:58.540 27908 27908 D Nappa   : activity.getClass().getCanonicalName() = nappagreedy.io.github.project_travel_mate.destinations.description.FinalCityInfoActivity, 
08-05 14:33:58.540 27908 27908 D Nappa   : PREFETCH_ON_EXTRA - setCurrentActivity - logs - from activity - made prediction istrue
08-05 14:33:58.540 27908 27908 D Nappa   : PREFETCH_ON_EXTRA - setCurrentActivity - logs - from activity - start
08-05 14:33:58.540 27908 27908 D Nappa   : PREFETCH_ON_EXTRA - setCurrentActivity - logs - from activity- finished
08-05 14:33:58.641 27908 27908 D Nappa   : registerActivity: (already in) nappagreedy.io.github.project_travel_mate.destinations.description.FinalCityInfoActivity
08-05 14:33:58.641 27908 27908 D Nappa   : SHOULD_PREFETCH false
08-05 14:33:58.641 27908 27908 D Nappa   : STATS Number of requests not prefetched: 8
08-05 14:33:58.642 27908 27908 D Nappa   : STATS Number of requests prefetched: 0
08-05 14:33:58.642 27908 27908 D Nappa   : STATS Time saved until now: 0.0
08-05 14:33:58.941 27908 27925 D Nappa   : PREFETCH_ON_EXTRA - setCurrentActivity - logs - from extra - made prediction isfalse
08-05 14:34:00.285 27908 27925 D Nappa   : PREFETCH_ON_EXTRA - notifyExtras- start
08-05 14:34:00.287 27908 27925 D Nappa   : PREFETCH_ON_EXTRA - notifyExtras- end
08-05 14:34:00.287 27908 27925 D Nappa   : PREFSTRAT2 ADDING NEW ACTEXTRADATA
08-05 14:34:00.296 27908 27908 D Nappa   : Stayed on nappagreedy.io.github.project_travel_mate.destinations.description.FinalCityInfoActivity for 1654 ms
08-05 14:34:00.321 27908 27908 D Nappa   : TAG okHttpClient initialized
08-05 14:34:00.322 27908 28589 D Nappa   : F1_SCORE add_intercept_url - (already in) - https://project-travel-mate.herokuapp.com/api/get-city-facts/1
08-05 14:34:00.322 27908 28589 D Nappa   : F1_SCORE add_fn_url - (already in) - https://project-travel-mate.herokuapp.com/api/get-city-facts/1
08-05 14:34:00.322 27908 28589 D Nappa   : -------------F1_SCORE #11 -----------
08-05 14:34:00.323 27908 28589 D Nappa   : F1_SCORE - Intercept list (8)= [https://project-travel-mate.herokuapp.com/api/get-user, https://project-travel-mate.herokuapp.com/api/get-all-cities/10, https://project-travel-mate.herokuapp.com/api/number-of-unread-notifications, https://project-travel-mate.herokuapp.com/api/get-city-weather/1, https://project-travel-mate.herokuapp.com/api/get-city/1, https://project-travel-mate.herokuapp.com/api/get-city-information/1, https://project-travel-mate.herokuapp.com/api/get-city-facts/1, https://project-travel-mate.herokuapp.com/api/get-city-images/1]
08-05 14:34:00.323 27908 28589 D Nappa   : F1_SCORE - Prefetch list (0)= []
08-05 14:34:00.323 27908 27908 D Nappa   : setCurrentActivity - MetricStrategyAccuracy - 
08-05 14:34:00.323 27908 27908 D Nappa   : madePredictionFromActivity = false, 
08-05 14:34:00.323 27908 27908 D Nappa   : fromActivity = nappagreedy.io.github.project_travel_mate.destinations.description.FinalCityInfoActivity, 
08-05 14:34:00.323 27908 27908 D Nappa   : predictedNextActivityFromActivity = [], 
08-05 14:34:00.323 27908 27908 D Nappa   : activity.getClass().getCanonicalName() = nappagreedy.io.github.project_travel_mate.destinations.funfacts.FunFactsActivity, 
08-05 14:34:00.323 27908 28589 D Nappa   : F1_SCORE - TP list (0)= []
08-05 14:34:00.323 27908 28589 D Nappa   : F1_SCORE - FN list (8)= [https://project-travel-mate.herokuapp.com/api/get-user, https://project-travel-mate.herokuapp.com/api/get-all-cities/10, https://project-travel-mate.herokuapp.com/api/number-of-unread-notifications, https://project-travel-mate.herokuapp.com/api/get-city-weather/1, https://project-travel-mate.herokuapp.com/api/get-city/1, https://project-travel-mate.herokuapp.com/api/get-city-information/1, https://project-travel-mate.herokuapp.com/api/get-city-facts/1, https://project-travel-mate.herokuapp.com/api/get-city-images/1]
08-05 14:34:00.323 27908 27908 D Nappa   : setCurrentActivity - MetricStrategyAccuracy - 
08-05 14:34:00.323 27908 27908 D Nappa   : madePredictionFromExtra = true, 
08-05 14:34:00.323 27908 27908 D Nappa   : fromActivity = nappagreedy.io.github.project_travel_mate.destinations.description.FinalCityInfoActivity, 
08-05 14:34:00.323 27908 27908 D Nappa   : predictedNextActivityFromExtra = [nappagreedy.io.github.project_travel_mate.destinations.description.CityHistoryActivity], 
08-05 14:34:00.323 27908 27908 D Nappa   : activity.getClass().getCanonicalName() = nappagreedy.io.github.project_travel_mate.destinations.funfacts.FunFactsActivity, 
08-05 14:34:00.323 27908 27908 D Nappa   : PREFETCH_ON_EXTRA - setCurrentActivity - logs - from activity - made prediction isfalse
08-05 14:34:00.327 27908 28589 D Nappa   : TAG okHttpClient initialized
08-05 14:34:00.328 27908 28590 D Nappa   : F1_SCORE add_intercept_url - (already in) - https://project-travel-mate.herokuapp.com/api/get-city-images/1
08-05 14:34:00.328 27908 28590 D Nappa   : F1_SCORE add_fn_url - (already in) - https://project-travel-mate.herokuapp.com/api/get-city-images/1
08-05 14:34:00.328 27908 28590 D Nappa   : -------------F1_SCORE #12 -----------
08-05 14:34:00.328 27908 28590 D Nappa   : F1_SCORE - Intercept list (8)= [https://project-travel-mate.herokuapp.com/api/get-user, https://project-travel-mate.herokuapp.com/api/get-all-cities/10, https://project-travel-mate.herokuapp.com/api/number-of-unread-notifications, https://project-travel-mate.herokuapp.com/api/get-city-weather/1, https://project-travel-mate.herokuapp.com/api/get-city/1, https://project-travel-mate.herokuapp.com/api/get-city-information/1, https://project-travel-mate.herokuapp.com/api/get-city-facts/1, https://project-travel-mate.herokuapp.com/api/get-city-images/1]
08-05 14:34:00.328 27908 28590 D Nappa   : F1_SCORE - Prefetch list (0)= []
08-05 14:34:00.328 27908 28590 D Nappa   : F1_SCORE - TP list (0)= []
08-05 14:34:00.328 27908 28590 D Nappa   : F1_SCORE - FN list (8)= [https://project-travel-mate.herokuapp.com/api/get-user, https://project-travel-mate.herokuapp.com/api/get-all-cities/10, https://project-travel-mate.herokuapp.com/api/number-of-unread-notifications, https://project-travel-mate.herokuapp.com/api/get-city-weather/1, https://project-travel-mate.herokuapp.com/api/get-city/1, https://project-travel-mate.herokuapp.com/api/get-city-information/1, https://project-travel-mate.herokuapp.com/api/get-city-facts/1, https://project-travel-mate.herokuapp.com/api/get-city-images/1]
08-05 14:34:00.423 27908 27908 D Nappa   : registerActivity: (already in) nappagreedy.io.github.project_travel_mate.destinations.funfacts.FunFactsActivity
08-05 14:34:00.423 27908 27925 D Nappa   : registerActivity: (already in) nappagreedy.io.github.project_travel_mate.destinations.funfacts.FunFactsActivity
08-05 14:34:00.423 27908 27925 D Nappa   : PARENTS 
08-05 14:34:00.423 27908 27925 D Nappa   : Of: nappagreedy.io.github.project_travel_mate.destinations.funfacts.FunFactsActivity -> 
