--------- beginning of main
--------- beginning of system
08-05 15:33:37.179 15910 15910 D Nappa   : Selected prefetching strategy STRATEGY_GREEDY_VISIT_FREQUENCY_AND_TIME
08-05 15:33:37.222 15910 15924 D Nappa   : Updating activity map nappagreedy.io.github.project_travel_mate.SplashActivity: 1
08-05 15:33:37.223 15910 15924 D Nappa   : Updating activity map nappagreedy.io.github.project_travel_mate.MainActivity: 2
08-05 15:33:37.223 15910 15924 D Nappa   : Updating activity map nappagreedy.io.github.project_travel_mate.destinations.description.FinalCityInfoActivity: 3
08-05 15:33:37.223 15910 15924 D Nappa   : Updating activity map nappagreedy.io.github.project_travel_mate.destinations.description.CityHistoryActivity: 4
08-05 15:33:37.223 15910 15924 D Nappa   : Updating activity map nappagreedy.io.github.project_travel_mate.destinations.funfacts.FunFactsActivity: 5
08-05 15:33:37.223 15910 15924 D Nappa   : Updating activity map nappagreedy.io.github.project_travel_mate.utilities.ChecklistActivity: 6
08-05 15:33:37.223 15910 15924 D Nappa   : Updating activity map nappagreedy.io.github.project_travel_mate.utilities.CompassActivity: 7
08-05 15:33:37.223 15910 15924 D Nappa   : Updating activity map nappagreedy.io.github.project_travel_mate.utilities.UpcomingWeekendsActivity: 8
08-05 15:33:37.223 15910 15924 D Nappa   : Updating activity map nappagreedy.io.github.project_travel_mate.notifications.NotificationsActivity: 9
08-05 15:33:37.325 15910 15924 D Nappa   : registerActivity: (already in) nappagreedy.io.github.project_travel_mate.SplashActivity
08-05 15:33:37.430 15910 15924 D Nappa   : registerActivity: (already in) nappagreedy.io.github.project_travel_mate.MainActivity
08-05 15:33:37.434 15910 15927 D Nappa   : {nappagreedy.io.github.project_travel_mate.destinations.description.CityHistoryActivity=4, nappagreedy.io.github.project_travel_mate.MainActivity=2, nappagreedy.io.github.project_travel_mate.SplashActivity=1, nappagreedy.io.github.project_travel_mate.utilities.CompassActivity=7, nappagreedy.io.github.project_travel_mate.notifications.NotificationsActivity=9, nappagreedy.io.github.project_travel_mate.destinations.funfacts.FunFactsActivity=5, nappagreedy.io.github.project_travel_mate.utilities.UpcomingWeekendsActivity=8, nappagreedy.io.github.project_travel_mate.utilities.ChecklistActivity=6, nappagreedy.io.github.project_travel_mate.destinations.description.FinalCityInfoActivity=3}
08-05 15:33:37.545 15910 15924 D Nappa   : registerActivity: (already in) nappagreedy.io.github.project_travel_mate.MainActivity
08-05 15:33:37.649 15910 15924 D Nappa   : registerActivity: (already in) nappagreedy.io.github.project_travel_mate.destinations.description.FinalCityInfoActivity
08-05 15:33:37.652 15910 15927 D Nappa   : {nappagreedy.io.github.project_travel_mate.destinations.description.CityHistoryActivity=4, nappagreedy.io.github.project_travel_mate.MainActivity=2, nappagreedy.io.github.project_travel_mate.SplashActivity=1, nappagreedy.io.github.project_travel_mate.utilities.CompassActivity=7, nappagreedy.io.github.project_travel_mate.notifications.NotificationsActivity=9, nappagreedy.io.github.project_travel_mate.destinations.funfacts.FunFactsActivity=5, nappagreedy.io.github.project_travel_mate.utilities.UpcomingWeekendsActivity=8, nappagreedy.io.github.project_travel_mate.utilities.ChecklistActivity=6, nappagreedy.io.github.project_travel_mate.destinations.description.FinalCityInfoActivity=3}
08-05 15:33:37.753 15910 15924 D Nappa   : registerActivity: (already in) nappagreedy.io.github.project_travel_mate.utilities.ChecklistActivity
08-05 15:33:37.755 15910 15927 D Nappa   : {nappagreedy.io.github.project_travel_mate.destinations.description.CityHistoryActivity=4, nappagreedy.io.github.project_travel_mate.MainActivity=2, nappagreedy.io.github.project_travel_mate.SplashActivity=1, nappagreedy.io.github.project_travel_mate.utilities.CompassActivity=7, nappagreedy.io.github.project_travel_mate.notifications.NotificationsActivity=9, nappagreedy.io.github.project_travel_mate.destinations.funfacts.FunFactsActivity=5, nappagreedy.io.github.project_travel_mate.utilities.UpcomingWeekendsActivity=8, nappagreedy.io.github.project_travel_mate.utilities.ChecklistActivity=6, nappagreedy.io.github.project_travel_mate.destinations.description.FinalCityInfoActivity=3}
08-05 15:33:37.856 15910 15924 D Nappa   : registerActivity: (already in) nappagreedy.io.github.project_travel_mate.utilities.CompassActivity
08-05 15:33:37.859 15910 15927 D Nappa   : {nappagreedy.io.github.project_travel_mate.destinations.description.CityHistoryActivity=4, nappagreedy.io.github.project_travel_mate.MainActivity=2, nappagreedy.io.github.project_travel_mate.SplashActivity=1, nappagreedy.io.github.project_travel_mate.utilities.CompassActivity=7, nappagreedy.io.github.project_travel_mate.notifications.NotificationsActivity=9, nappagreedy.io.github.project_travel_mate.destinations.funfacts.FunFactsActivity=5, nappagreedy.io.github.project_travel_mate.utilities.UpcomingWeekendsActivity=8, nappagreedy.io.github.project_travel_mate.utilities.ChecklistActivity=6, nappagreedy.io.github.project_travel_mate.destinations.description.FinalCityInfoActivity=3}
08-05 15:33:37.959 15910 15924 D Nappa   : registerActivity: (already in) nappagreedy.io.github.project_travel_mate.utilities.UpcomingWeekendsActivity
08-05 15:33:37.961 15910 15927 D Nappa   : {nappagreedy.io.github.project_travel_mate.destinations.description.CityHistoryActivity=4, nappagreedy.io.github.project_travel_mate.MainActivity=2, nappagreedy.io.github.project_travel_mate.SplashActivity=1, nappagreedy.io.github.project_travel_mate.utilities.CompassActivity=7, nappagreedy.io.github.project_travel_mate.notifications.NotificationsActivity=9, nappagreedy.io.github.project_travel_mate.destinations.funfacts.FunFactsActivity=5, nappagreedy.io.github.project_travel_mate.utilities.UpcomingWeekendsActivity=8, nappagreedy.io.github.project_travel_mate.utilities.ChecklistActivity=6, nappagreedy.io.github.project_travel_mate.destinations.description.FinalCityInfoActivity=3}
08-05 15:33:38.061 15910 15924 D Nappa   : registerActivity: (already in) nappagreedy.io.github.project_travel_mate.notifications.NotificationsActivity
08-05 15:33:38.063 15910 15927 D Nappa   : {nappagreedy.io.github.project_travel_mate.destinations.description.CityHistoryActivity=4, nappagreedy.io.github.project_travel_mate.MainActivity=2, nappagreedy.io.github.project_travel_mate.SplashActivity=1, nappagreedy.io.github.project_travel_mate.utilities.CompassActivity=7, nappagreedy.io.github.project_travel_mate.notifications.NotificationsActivity=9, nappagreedy.io.github.project_travel_mate.destinations.funfacts.FunFactsActivity=5, nappagreedy.io.github.project_travel_mate.utilities.UpcomingWeekendsActivity=8, nappagreedy.io.github.project_travel_mate.utilities.ChecklistActivity=6, nappagreedy.io.github.project_travel_mate.destinations.description.FinalCityInfoActivity=3}
08-05 15:33:38.166 15910 15924 D Nappa   : registerActivity: (already in) nappagreedy.io.github.project_travel_mate.destinations.description.FinalCityInfoActivity
08-05 15:33:38.270 15910 15924 D Nappa   : registerActivity: (already in) nappagreedy.io.github.project_travel_mate.destinations.description.CityHistoryActivity
08-05 15:33:38.272 15910 15927 D Nappa   : {nappagreedy.io.github.project_travel_mate.destinations.description.CityHistoryActivity=4, nappagreedy.io.github.project_travel_mate.MainActivity=2, nappagreedy.io.github.project_travel_mate.SplashActivity=1, nappagreedy.io.github.project_travel_mate.utilities.CompassActivity=7, nappagreedy.io.github.project_travel_mate.notifications.NotificationsActivity=9, nappagreedy.io.github.project_travel_mate.destinations.funfacts.FunFactsActivity=5, nappagreedy.io.github.project_travel_mate.utilities.UpcomingWeekendsActivity=8, nappagreedy.io.github.project_travel_mate.utilities.ChecklistActivity=6, nappagreedy.io.github.project_travel_mate.destinations.description.FinalCityInfoActivity=3}
08-05 15:33:38.372 15910 15924 D Nappa   : registerActivity: (already in) nappagreedy.io.github.project_travel_mate.destinations.funfacts.FunFactsActivity
08-05 15:33:38.375 15910 15927 D Nappa   : {nappagreedy.io.github.project_travel_mate.destinations.description.CityHistoryActivity=4, nappagreedy.io.github.project_travel_mate.MainActivity=2, nappagreedy.io.github.project_travel_mate.SplashActivity=1, nappagreedy.io.github.project_travel_mate.utilities.CompassActivity=7, nappagreedy.io.github.project_travel_mate.notifications.NotificationsActivity=9, nappagreedy.io.github.project_travel_mate.destinations.funfacts.FunFactsActivity=5, nappagreedy.io.github.project_travel_mate.utilities.UpcomingWeekendsActivity=8, nappagreedy.io.github.project_travel_mate.utilities.ChecklistActivity=6, nappagreedy.io.github.project_travel_mate.destinations.description.FinalCityInfoActivity=3}
08-05 15:33:38.478 15910 15924 D Nappa   : registerActivity: (already in) nappagreedy.io.github.project_travel_mate.destinations.description.CityHistoryActivity
08-05 15:33:38.583 15910 15924 D Nappa   : registerActivity: (already in) nappagreedy.io.github.project_travel_mate.destinations.funfacts.FunFactsActivity
08-05 15:33:38.692 15910 15924 D Nappa   : registerActivity: (already in) nappagreedy.io.github.project_travel_mate.utilities.ChecklistActivity
08-05 15:33:38.799 15910 15924 D Nappa   : registerActivity: (already in) nappagreedy.io.github.project_travel_mate.utilities.CompassActivity
08-05 15:33:38.906 15910 15924 D Nappa   : registerActivity: (already in) nappagreedy.io.github.project_travel_mate.utilities.UpcomingWeekendsActivity
08-05 15:33:39.013 15910 15924 D Nappa   : registerActivity: (already in) nappagreedy.io.github.project_travel_mate.notifications.NotificationsActivity
08-05 15:33:39.018 15910 15924 D Nappa   : Extended Startup-time: 1839 ms
08-05 15:33:39.021 15910 15910 D Nappa   : Startup-time: 1842 ms
08-05 15:33:39.119 15910 15910 D Nappa   : setCurrentActivity - MetricStrategyAccuracy - 
08-05 15:33:39.119 15910 15910 D Nappa   : madePredictionFromActivity = false, 
08-05 15:33:39.119 15910 15910 D Nappa   : fromActivity = null, 
08-05 15:33:39.119 15910 15910 D Nappa   : predictedNextActivityFromActivity = [], 
08-05 15:33:39.119 15910 15910 D Nappa   : activity.getClass().getCanonicalName() = nappagreedy.io.github.project_travel_mate.SplashActivity, 
08-05 15:33:39.119 15910 15910 D Nappa   : setCurrentActivity - MetricStrategyAccuracy - 
08-05 15:33:39.119 15910 15910 D Nappa   : madePredictionFromExtra = false, 
08-05 15:33:39.119 15910 15910 D Nappa   : fromActivity = null, 
08-05 15:33:39.119 15910 15910 D Nappa   : predictedNextActivityFromExtra = [], 
08-05 15:33:39.119 15910 15910 D Nappa   : activity.getClass().getCanonicalName() = nappagreedy.io.github.project_travel_mate.SplashActivity, 
08-05 15:33:39.119 15910 15910 D Nappa   : PREFETCH_ON_EXTRA - setCurrentActivity - logs - from activity - made prediction isfalse
08-05 15:33:39.219 15910 15910 D Nappa   : registerActivity: (already in) nappagreedy.io.github.project_travel_mate.SplashActivity
08-05 15:33:39.219 15910 15910 D Nappa   : SHOULD_PREFETCH false
08-05 15:33:39.219 15910 15910 D Nappa   : STATS Number of requests not prefetched: 0
08-05 15:33:39.219 15910 15910 D Nappa   : STATS Number of requests prefetched: 0
08-05 15:33:39.220 15910 15910 D Nappa   : STATS Time saved until now: 0.0
08-05 15:33:39.519 15910 15927 D Nappa   : PREFETCH_ON_EXTRA - setCurrentActivity - logs - from extra - made prediction isfalse
08-05 15:33:41.250 15910 15910 D Nappa   : Stayed on nappagreedy.io.github.project_travel_mate.SplashActivity for 2030 ms
08-05 15:33:41.530 15910 15910 D Nappa   : TAG okHttpClient initialized
08-05 15:33:41.535 15910 16042 D Nappa   : F1_SCORE add_intercept_url - (new) - https://project-travel-mate.herokuapp.com/api/get-user
08-05 15:33:41.535 15910 16042 D Nappa   : F1_SCORE add_fn_url - (new) - https://project-travel-mate.herokuapp.com/api/get-user
08-05 15:33:41.535 15910 16042 D Nappa   : -------------F1_SCORE #0 -----------
08-05 15:33:41.535 15910 16042 D Nappa   : F1_SCORE - Intercept list (1)= [https://project-travel-mate.herokuapp.com/api/get-user]
08-05 15:33:41.536 15910 16042 D Nappa   : F1_SCORE - Prefetch list (0)= []
08-05 15:33:41.536 15910 16042 D Nappa   : F1_SCORE - TP list (0)= []
08-05 15:33:41.536 15910 16042 D Nappa   : F1_SCORE - FN list (1)= [https://project-travel-mate.herokuapp.com/api/get-user]
08-05 15:33:41.593 15910 15910 D Nappa   : TAG okHttpClient initialized
08-05 15:33:41.595 15910 16052 D Nappa   : F1_SCORE add_intercept_url - (new) - https://project-travel-mate.herokuapp.com/api/get-all-cities/10
08-05 15:33:41.595 15910 16052 D Nappa   : F1_SCORE add_fn_url - (new) - https://project-travel-mate.herokuapp.com/api/get-all-cities/10
08-05 15:33:41.595 15910 16052 D Nappa   : -------------F1_SCORE #1 -----------
08-05 15:33:41.595 15910 16052 D Nappa   : F1_SCORE - Intercept list (2)= [https://project-travel-mate.herokuapp.com/api/get-user, https://project-travel-mate.herokuapp.com/api/get-all-cities/10]
08-05 15:33:41.595 15910 16052 D Nappa   : F1_SCORE - Prefetch list (0)= []
08-05 15:33:41.595 15910 16052 D Nappa   : F1_SCORE - TP list (0)= []
08-05 15:33:41.595 15910 16052 D Nappa   : F1_SCORE - FN list (2)= [https://project-travel-mate.herokuapp.com/api/get-user, https://project-travel-mate.herokuapp.com/api/get-all-cities/10]
08-05 15:33:41.595 15910 15910 D Nappa   : setCurrentActivity - MetricStrategyAccuracy - 
08-05 15:33:41.595 15910 15910 D Nappa   : madePredictionFromActivity = false, 
08-05 15:33:41.595 15910 15910 D Nappa   : fromActivity = nappagreedy.io.github.project_travel_mate.SplashActivity, 
08-05 15:33:41.595 15910 15910 D Nappa   : predictedNextActivityFromActivity = [], 
08-05 15:33:41.595 15910 15910 D Nappa   : activity.getClass().getCanonicalName() = nappagreedy.io.github.project_travel_mate.MainActivity, 
08-05 15:33:41.595 15910 15910 D Nappa   : setCurrentActivity - MetricStrategyAccuracy - 
08-05 15:33:41.595 15910 15910 D Nappa   : madePredictionFromExtra = false, 
08-05 15:33:41.595 15910 15910 D Nappa   : fromActivity = nappagreedy.io.github.project_travel_mate.SplashActivity, 
08-05 15:33:41.595 15910 15910 D Nappa   : predictedNextActivityFromExtra = [], 
08-05 15:33:41.595 15910 15910 D Nappa   : activity.getClass().getCanonicalName() = nappagreedy.io.github.project_travel_mate.MainActivity, 
08-05 15:33:41.595 15910 15910 D Nappa   : PREFETCH_ON_EXTRA - setCurrentActivity - logs - from activity - made prediction isfalse
08-05 15:33:41.635 15910 15927 D Nappa   : registerActivity: (already in) nappagreedy.io.github.project_travel_mate.SplashActivity
08-05 15:33:41.635 15910 15927 D Nappa   : PARENTS 
08-05 15:33:41.635 15910 15927 D Nappa   : Of: nappagreedy.io.github.project_travel_mate.SplashActivity -> 
08-05 15:33:41.696 15910 15910 D Nappa   : registerActivity: (already in) nappagreedy.io.github.project_travel_mate.MainActivity
08-05 15:33:41.697 15910 15910 D Nappa   : SHOULD_PREFETCH true
08-05 15:33:41.736 15910 15927 D Nappa   : registerActivity: (already in) nappagreedy.io.github.project_travel_mate.MainActivity
08-05 15:33:41.736 15910 15927 D Nappa   : PARENTS 
08-05 15:33:41.736 15910 15927 D Nappa   : Of: nappagreedy.io.github.project_travel_mate.MainActivity -> 
08-05 15:33:41.736 15910 15927 D Nappa   : PARENTS nappagreedy.io.github.project_travel_mate.SplashActivity
08-05 15:33:41.797 15910 15910 D Nappa   : registerActivity: (already in) nappagreedy.io.github.project_travel_mate.MainActivity
08-05 15:33:41.797 15910 15910 D Nappa   : SUCCESSORS nappagreedy.io.github.project_travel_mate.destinations.description.FinalCityInfoActivity
08-05 15:33:41.797 15910 15910 D Nappa   : SUCCESSORS nappagreedy.io.github.project_travel_mate.utilities.CompassActivity
08-05 15:33:41.797 15910 15910 D Nappa   : SUCCESSORS nappagreedy.io.github.project_travel_mate.utilities.UpcomingWeekendsActivity
08-05 15:33:41.797 15910 15910 D Nappa   : SUCCESSORS nappagreedy.io.github.project_travel_mate.utilities.ChecklistActivity
08-05 15:33:41.798 15910 15910 D Nappa   : SUCCESSORS nappagreedy.io.github.project_travel_mate.notifications.NotificationsActivity
08-05 15:33:41.798 15910 15910 D Nappa   : STATS Number of requests not prefetched: 0
08-05 15:33:41.798 15910 15910 D Nappa   : STATS Number of requests prefetched: 0
08-05 15:33:41.798 15910 15910 D Nappa   : STATS Time saved until now: 0.0
08-05 15:33:41.996 15910 15927 D Nappa   : PREFETCH_ON_EXTRA - setCurrentActivity - logs - from extra - made prediction isfalse
08-05 15:33:42.076 15910 15910 D Nappa   : TAG okHttpClient initialized
08-05 15:33:42.078 15910 16068 D Nappa   : F1_SCORE add_intercept_url - (new) - https://project-travel-mate.herokuapp.com/api/number-of-unread-notifications
08-05 15:33:42.078 15910 16068 D Nappa   : F1_SCORE add_fn_url - (new) - https://project-travel-mate.herokuapp.com/api/number-of-unread-notifications
08-05 15:33:42.078 15910 16068 D Nappa   : -------------F1_SCORE #2 -----------
08-05 15:33:42.078 15910 16068 D Nappa   : F1_SCORE - Intercept list (3)= [https://project-travel-mate.herokuapp.com/api/get-user, https://project-travel-mate.herokuapp.com/api/get-all-cities/10, https://project-travel-mate.herokuapp.com/api/number-of-unread-notifications]
08-05 15:33:42.078 15910 16068 D Nappa   : F1_SCORE - Prefetch list (0)= []
08-05 15:33:42.078 15910 16068 D Nappa   : F1_SCORE - TP list (0)= []
08-05 15:33:42.078 15910 16068 D Nappa   : F1_SCORE - FN list (3)= [https://project-travel-mate.herokuapp.com/api/get-user, https://project-travel-mate.herokuapp.com/api/get-all-cities/10, https://project-travel-mate.herokuapp.com/api/number-of-unread-notifications]
08-05 15:33:42.178 15910 15927 D Nappa   : registerActivity: (already in) nappagreedy.io.github.project_travel_mate.MainActivity
08-05 15:33:42.178 15910 15927 D Nappa   : PARENTS 
08-05 15:33:42.178 15910 15927 D Nappa   : Of: nappagreedy.io.github.project_travel_mate.MainActivity -> 
08-05 15:33:42.178 15910 15927 D Nappa   : PARENTS nappagreedy.io.github.project_travel_mate.SplashActivity
08-05 15:33:42.298 15910 15927 D Nappa   : PREFETCH_ON_EXTRA - setCurrentActivity - starting new prediction
08-05 15:33:42.298 15910 15927 D Nappa   : Current node - currentActivityName - nappagreedy.io.github.project_travel_mate.MainActivity
08-05 15:33:42.298 15910 15927 D Nappa   : Current node - activityGraph.getCurrent() - nappagreedy.io.github.project_travel_mate.MainActivity
08-05 15:33:42.301 15910 15927 D Nappa   : PREFETCH_ON_EXTRA - setCurrentActivity - finished new prediction
08-05 15:33:46.055 15910 15927 D Nappa   : PREFETCH_ON_EXTRA - notifyExtras- start
08-05 15:33:46.057 15910 15927 D Nappa   : PREFETCH_ON_EXTRA - notifyExtras- end
08-05 15:33:46.058 15910 15927 D Nappa   : PREFSTRAT2 ADDING NEW ACTEXTRADATA
08-05 15:33:46.071 15910 15910 D Nappa   : Stayed on nappagreedy.io.github.project_travel_mate.MainActivity for 4273 ms
08-05 15:33:46.109 15910 15910 D Nappa   : TAG okHttpClient initialized
08-05 15:33:46.112 15910 16195 D Nappa   : F1_SCORE add_intercept_url - (new) - https://project-travel-mate.herokuapp.com/api/get-city-weather/1
08-05 15:33:46.112 15910 16195 D Nappa   : F1_SCORE add_fn_url - (new) - https://project-travel-mate.herokuapp.com/api/get-city-weather/1
08-05 15:33:46.112 15910 16195 D Nappa   : -------------F1_SCORE #4 -----------
08-05 15:33:46.112 15910 16195 D Nappa   : F1_SCORE - Intercept list (4)= [https://project-travel-mate.herokuapp.com/api/get-user, https://project-travel-mate.herokuapp.com/api/get-all-cities/10, https://project-travel-mate.herokuapp.com/api/number-of-unread-notifications, https://project-travel-mate.herokuapp.com/api/get-city-weather/1]
08-05 15:33:46.113 15910 16195 D Nappa   : F1_SCORE - Prefetch list (0)= []
08-05 15:33:46.113 15910 16195 D Nappa   : F1_SCORE - TP list (0)= []
08-05 15:33:46.113 15910 16196 D Nappa   : F1_SCORE add_intercept_url - (new) - https://project-travel-mate.herokuapp.com/api/get-city/1
08-05 15:33:46.113 15910 16195 D Nappa   : F1_SCORE - FN list (4)= [https://project-travel-mate.herokuapp.com/api/get-user, https://project-travel-mate.herokuapp.com/api/get-all-cities/10, https://project-travel-mate.herokuapp.com/api/number-of-unread-notifications, https://project-travel-mate.herokuapp.com/api/get-city-weather/1]
08-05 15:33:46.113 15910 16196 D Nappa   : F1_SCORE add_fn_url - (new) - https://project-travel-mate.herokuapp.com/api/get-city/1
08-05 15:33:46.113 15910 16196 D Nappa   : -------------F1_SCORE #5 -----------
08-05 15:33:46.113 15910 16196 D Nappa   : F1_SCORE - Intercept list (5)= [https://project-travel-mate.herokuapp.com/api/get-user, https://project-travel-mate.herokuapp.com/api/get-all-cities/10, https://project-travel-mate.herokuapp.com/api/number-of-unread-notifications, https://project-travel-mate.herokuapp.com/api/get-city-weather/1, https://project-travel-mate.herokuapp.com/api/get-city/1]
08-05 15:33:46.113 15910 16196 D Nappa   : F1_SCORE - Prefetch list (0)= []
08-05 15:33:46.113 15910 16196 D Nappa   : F1_SCORE - TP list (0)= []
08-05 15:33:46.113 15910 15910 D Nappa   : setCurrentActivity - MetricStrategyAccuracy - 
08-05 15:33:46.113 15910 15910 D Nappa   : madePredictionFromActivity = true, 
08-05 15:33:46.113 15910 15910 D Nappa   : fromActivity = nappagreedy.io.github.project_travel_mate.MainActivity, 
08-05 15:33:46.113 15910 15910 D Nappa   : predictedNextActivityFromActivity = [], 
08-05 15:33:46.113 15910 15910 D Nappa   : activity.getClass().getCanonicalName() = nappagreedy.io.github.project_travel_mate.destinations.description.FinalCityInfoActivity, 
08-05 15:33:46.113 15910 16196 D Nappa   : F1_SCORE - FN list (5)= [https://project-travel-mate.herokuapp.com/api/get-user, https://project-travel-mate.herokuapp.com/api/get-all-cities/10, https://project-travel-mate.herokuapp.com/api/number-of-unread-notifications, https://project-travel-mate.herokuapp.com/api/get-city-weather/1, https://project-travel-mate.herokuapp.com/api/get-city/1]
08-05 15:33:46.113 15910 15910 D Nappa   : setCurrentActivity - MetricStrategyAccuracy - 
08-05 15:33:46.113 15910 15910 D Nappa   : madePredictionFromExtra = true, 
08-05 15:33:46.113 15910 15910 D Nappa   : fromActivity = nappagreedy.io.github.project_travel_mate.MainActivity, 
08-05 15:33:46.113 15910 15910 D Nappa   : predictedNextActivityFromExtra = [], 
08-05 15:33:46.113 15910 15910 D Nappa   : activity.getClass().getCanonicalName() = nappagreedy.io.github.project_travel_mate.destinations.description.FinalCityInfoActivity, 
08-05 15:33:46.113 15910 15910 D Nappa   : PREFETCH_ON_EXTRA - setCurrentActivity - logs - from activity - made prediction istrue
08-05 15:33:46.113 15910 15910 D Nappa   : PREFETCH_ON_EXTRA - setCurrentActivity - logs - from activity - start
08-05 15:33:46.113 15910 15910 D Nappa   : PREFETCH_ON_EXTRA - setCurrentActivity - logs - from activity- finished
08-05 15:33:46.212 15910 15927 D Nappa   : registerActivity: (already in) nappagreedy.io.github.project_travel_mate.MainActivity
08-05 15:33:46.213 15910 15927 D Nappa   : PARENTS 
08-05 15:33:46.213 15910 15927 D Nappa   : Of: nappagreedy.io.github.project_travel_mate.MainActivity -> 
08-05 15:33:46.213 15910 15927 D Nappa   : PARENTS nappagreedy.io.github.project_travel_mate.SplashActivity
08-05 15:33:46.213 15910 15910 D Nappa   : registerActivity: (already in) nappagreedy.io.github.project_travel_mate.destinations.description.FinalCityInfoActivity
08-05 15:33:46.214 15910 15910 D Nappa   : SHOULD_PREFETCH true
08-05 15:33:46.313 15910 15927 D Nappa   : registerActivity: (already in) nappagreedy.io.github.project_travel_mate.destinations.description.FinalCityInfoActivity
08-05 15:33:46.313 15910 15927 D Nappa   : PARENTS 
08-05 15:33:46.313 15910 15927 D Nappa   : Of: nappagreedy.io.github.project_travel_mate.destinations.description.FinalCityInfoActivity -> 
08-05 15:33:46.313 15910 15927 D Nappa   : PARENTS nappagreedy.io.github.project_travel_mate.MainActivity
08-05 15:33:46.313 15910 15927 D Nappa   : PARENTS has extra: (cityobject_, objects.City@cf7d0a6)
08-05 15:33:46.313 15910 15927 D Nappa   : PARENTS nappagreedy.io.github.project_travel_mate.SplashActivity
08-05 15:33:46.314 15910 15910 D Nappa   : registerActivity: (already in) nappagreedy.io.github.project_travel_mate.destinations.description.FinalCityInfoActivity
08-05 15:33:46.314 15910 15910 D Nappa   : SUCCESSORS nappagreedy.io.github.project_travel_mate.destinations.description.CityHistoryActivity
08-05 15:33:46.314 15910 15910 D Nappa   : SUCCESSORS nappagreedy.io.github.project_travel_mate.destinations.funfacts.FunFactsActivity
08-05 15:33:46.314 15910 15910 D Nappa   : STATS Number of requests not prefetched: 3
08-05 15:33:46.314 15910 15910 D Nappa   : STATS Number of requests prefetched: 0
08-05 15:33:46.314 15910 15910 D Nappa   : STATS Time saved until now: 0.0
08-05 15:33:46.514 15910 15927 D Nappa   : PREFETCH_ON_EXTRA - setCurrentActivity - logs - from extra - made prediction istrue
08-05 15:33:46.514 15910 15927 D Nappa   : PREFETCH_ON_EXTRA - setCurrentActivity - logs - from extra - start
08-05 15:33:46.514 15910 15927 D Nappa   : PREFETCH_ON_EXTRA - setCurrentActivity - logs - from extra- finished
08-05 15:33:46.814 15910 15927 D Nappa   : PREFETCH_ON_EXTRA - setCurrentActivity - starting new prediction
08-05 15:33:46.815 15910 15927 D Nappa   : Current node - currentActivityName - nappagreedy.io.github.project_travel_mate.destinations.description.FinalCityInfoActivity
08-05 15:33:46.815 15910 15927 D Nappa   : Current node - activityGraph.getCurrent() - nappagreedy.io.github.project_travel_mate.destinations.description.FinalCityInfoActivity
08-05 15:33:46.817 15910 15927 D Nappa   : PREFETCH_ON_EXTRA - setCurrentActivity - finished new prediction
08-05 15:33:50.871 15910 15910 D Nappa   : Stayed on nappagreedy.io.github.project_travel_mate.destinations.description.FinalCityInfoActivity for 4557 ms
08-05 15:33:50.895 15910 15910 D Nappa   : TAG okHttpClient initialized
08-05 15:33:50.896 15910 16309 D Nappa   : F1_SCORE add_intercept_url - (new) - https://project-travel-mate.herokuapp.com/api/get-city-information/1
08-05 15:33:50.896 15910 16309 D Nappa   : F1_SCORE add_fn_url - (new) - https://project-travel-mate.herokuapp.com/api/get-city-information/1
08-05 15:33:50.896 15910 16309 D Nappa   : -------------F1_SCORE #6 -----------
08-05 15:33:50.896 15910 16309 D Nappa   : F1_SCORE - Intercept list (6)= [https://project-travel-mate.herokuapp.com/api/get-user, https://project-travel-mate.herokuapp.com/api/get-all-cities/10, https://project-travel-mate.herokuapp.com/api/number-of-unread-notifications, https://project-travel-mate.herokuapp.com/api/get-city-weather/1, https://project-travel-mate.herokuapp.com/api/get-city/1, https://project-travel-mate.herokuapp.com/api/get-city-information/1]
08-05 15:33:50.896 15910 16309 D Nappa   : F1_SCORE - Prefetch list (0)= []
08-05 15:33:50.896 15910 16309 D Nappa   : F1_SCORE - TP list (0)= []
08-05 15:33:50.896 15910 16309 D Nappa   : F1_SCORE - FN list (6)= [https://project-travel-mate.herokuapp.com/api/get-user, https://project-travel-mate.herokuapp.com/api/get-all-cities/10, https://project-travel-mate.herokuapp.com/api/number-of-unread-notifications, https://project-travel-mate.herokuapp.com/api/get-city-weather/1, https://project-travel-mate.herokuapp.com/api/get-city/1, https://project-travel-mate.herokuapp.com/api/get-city-information/1]
08-05 15:33:50.898 15910 15910 D Nappa   : setCurrentActivity - MetricStrategyAccuracy - 
08-05 15:33:50.898 15910 15910 D Nappa   : madePredictionFromActivity = true, 
08-05 15:33:50.898 15910 15910 D Nappa   : fromActivity = nappagreedy.io.github.project_travel_mate.destinations.description.FinalCityInfoActivity, 
08-05 15:33:50.898 15910 15910 D Nappa   : predictedNextActivityFromActivity = [nappagreedy.io.github.project_travel_mate.destinations.description.CityHistoryActivity], 
08-05 15:33:50.898 15910 15910 D Nappa   : activity.getClass().getCanonicalName() = nappagreedy.io.github.project_travel_mate.destinations.description.CityHistoryActivity, 
08-05 15:33:50.898 15910 15910 D Nappa   : setCurrentActivity - MetricStrategyAccuracy - 
08-05 15:33:50.898 15910 15910 D Nappa   : madePredictionFromExtra = false, 
08-05 15:33:50.898 15910 15910 D Nappa   : fromActivity = nappagreedy.io.github.project_travel_mate.destinations.description.FinalCityInfoActivity, 
08-05 15:33:50.898 15910 15910 D Nappa   : predictedNextActivityFromExtra = [], 
08-05 15:33:50.898 15910 15910 D Nappa   : activity.getClass().getCanonicalName() = nappagreedy.io.github.project_travel_mate.destinations.description.CityHistoryActivity, 
08-05 15:33:50.898 15910 15910 D Nappa   : PREFETCH_ON_EXTRA - setCurrentActivity - logs - from activity - made prediction istrue
08-05 15:33:50.898 15910 15910 D Nappa   : PREFETCH_ON_EXTRA - setCurrentActivity - logs - from activity - start
08-05 15:33:50.899 15910 15910 D Nappa   : setCurrentActivity - MetricStrategyAccuracy - checking prediction VS current activity for activities
08-05 15:33:50.899 15910 15910 D Nappa   : PREFETCH_ON_EXTRA - setCurrentActivity - logs - from activity- finished
08-05 15:33:50.996 15910 15927 D Nappa   : registerActivity: (already in) nappagreedy.io.github.project_travel_mate.destinations.description.FinalCityInfoActivity
08-05 15:33:50.996 15910 15927 D Nappa   : PARENTS 
08-05 15:33:50.996 15910 15927 D Nappa   : Of: nappagreedy.io.github.project_travel_mate.destinations.description.FinalCityInfoActivity -> 
08-05 15:33:50.996 15910 15927 D Nappa   : PARENTS nappagreedy.io.github.project_travel_mate.MainActivity
08-05 15:33:50.996 15910 15927 D Nappa   : PARENTS has extra: (cityobject_, objects.City@cf7d0a6)
08-05 15:33:50.996 15910 15927 D Nappa   : PARENTS nappagreedy.io.github.project_travel_mate.SplashActivity
08-05 15:33:50.999 15910 15910 D Nappa   : registerActivity: (already in) nappagreedy.io.github.project_travel_mate.destinations.description.CityHistoryActivity
08-05 15:33:50.999 15910 15910 D Nappa   : SHOULD_PREFETCH true
08-05 15:33:51.100 15910 15910 D Nappa   : registerActivity: (already in) nappagreedy.io.github.project_travel_mate.destinations.description.CityHistoryActivity
08-05 15:33:51.100 15910 15910 D Nappa   : STATS Number of requests not prefetched: 5
08-05 15:33:51.100 15910 15910 D Nappa   : STATS Number of requests prefetched: 0
08-05 15:33:51.100 15910 15910 D Nappa   : STATS Time saved until now: 0.0
08-05 15:33:51.299 15910 15927 D Nappa   : PREFETCH_ON_EXTRA - setCurrentActivity - logs - from extra - made prediction isfalse
08-05 15:33:51.600 15910 15927 D Nappa   : PREFETCH_ON_EXTRA - setCurrentActivity - starting new prediction
08-05 15:33:51.600 15910 15927 D Nappa   : Current node - currentActivityName - nappagreedy.io.github.project_travel_mate.destinations.description.CityHistoryActivity
08-05 15:33:51.600 15910 15927 D Nappa   : Current node - activityGraph.getCurrent() - nappagreedy.io.github.project_travel_mate.destinations.description.CityHistoryActivity
08-05 15:33:51.601 15910 15927 D Nappa   : PREFETCH_ON_EXTRA - setCurrentActivity - finished new prediction
08-05 15:33:55.632 15910 15910 D Nappa   : Stayed on nappagreedy.io.github.project_travel_mate.destinations.description.CityHistoryActivity for 4532 ms
08-05 15:33:55.639 15910 15910 D Nappa   : setCurrentActivity - MetricStrategyAccuracy - 
08-05 15:33:55.639 15910 15910 D Nappa   : madePredictionFromActivity = true, 
08-05 15:33:55.639 15910 15910 D Nappa   : fromActivity = nappagreedy.io.github.project_travel_mate.destinations.description.CityHistoryActivity, 
08-05 15:33:55.639 15910 15910 D Nappa   : predictedNextActivityFromActivity = [], 
08-05 15:33:55.639 15910 15910 D Nappa   : activity.getClass().getCanonicalName() = nappagreedy.io.github.project_travel_mate.destinations.description.FinalCityInfoActivity, 
08-05 15:33:55.639 15910 15910 D Nappa   : setCurrentActivity - MetricStrategyAccuracy - 
08-05 15:33:55.639 15910 15910 D Nappa   : madePredictionFromExtra = false, 
08-05 15:33:55.639 15910 15910 D Nappa   : fromActivity = nappagreedy.io.github.project_travel_mate.destinations.description.CityHistoryActivity, 
08-05 15:33:55.639 15910 15910 D Nappa   : predictedNextActivityFromExtra = [], 
08-05 15:33:55.639 15910 15910 D Nappa   : activity.getClass().getCanonicalName() = nappagreedy.io.github.project_travel_mate.destinations.description.FinalCityInfoActivity, 
08-05 15:33:55.639 15910 15910 D Nappa   : PREFETCH_ON_EXTRA - setCurrentActivity - logs - from activity - made prediction istrue
08-05 15:33:55.640 15910 15910 D Nappa   : PREFETCH_ON_EXTRA - setCurrentActivity - logs - from activity - start
08-05 15:33:55.640 15910 15910 D Nappa   : PREFETCH_ON_EXTRA - setCurrentActivity - logs - from activity- finished
08-05 15:33:55.740 15910 15910 D Nappa   : registerActivity: (already in) nappagreedy.io.github.project_travel_mate.destinations.description.FinalCityInfoActivity
08-05 15:33:55.740 15910 15910 D Nappa   : SHOULD_PREFETCH false
08-05 15:33:55.740 15910 15910 D Nappa   : STATS Number of requests not prefetched: 6
08-05 15:33:55.740 15910 15910 D Nappa   : STATS Number of requests prefetched: 0
08-05 15:33:55.740 15910 15910 D Nappa   : STATS Time saved until now: 0.0
08-05 15:33:56.040 15910 15927 D Nappa   : PREFETCH_ON_EXTRA - setCurrentActivity - logs - from extra - made prediction isfalse
08-05 15:33:57.389 15910 15927 D Nappa   : PREFETCH_ON_EXTRA - notifyExtras- start
08-05 15:33:57.391 15910 15927 D Nappa   : PREFETCH_ON_EXTRA - notifyExtras- end
08-05 15:33:57.392 15910 15927 D Nappa   : PREFSTRAT2 ADDING NEW ACTEXTRADATA
08-05 15:33:57.409 15910 15910 D Nappa   : Stayed on nappagreedy.io.github.project_travel_mate.destinations.description.FinalCityInfoActivity for 1669 ms
08-05 15:33:57.423 15910 15910 D Nappa   : TAG okHttpClient initialized
08-05 15:33:57.424 15910 16505 D Nappa   : F1_SCORE add_intercept_url - (new) - https://project-travel-mate.herokuapp.com/api/get-city-facts/1
08-05 15:33:57.424 15910 15910 D Nappa   : setCurrentActivity - MetricStrategyAccuracy - 
08-05 15:33:57.424 15910 15910 D Nappa   : madePredictionFromActivity = false, 
08-05 15:33:57.424 15910 15910 D Nappa   : fromActivity = nappagreedy.io.github.project_travel_mate.destinations.description.FinalCityInfoActivity, 
08-05 15:33:57.424 15910 15910 D Nappa   : predictedNextActivityFromActivity = [], 
08-05 15:33:57.424 15910 15910 D Nappa   : activity.getClass().getCanonicalName() = nappagreedy.io.github.project_travel_mate.destinations.funfacts.FunFactsActivity, 
08-05 15:33:57.424 15910 16505 D Nappa   : F1_SCORE add_fn_url - (new) - https://project-travel-mate.herokuapp.com/api/get-city-facts/1
08-05 15:33:57.424 15910 15910 D Nappa   : setCurrentActivity - MetricStrategyAccuracy - 
08-05 15:33:57.424 15910 15910 D Nappa   : madePredictionFromExtra = true, 
08-05 15:33:57.424 15910 15910 D Nappa   : fromActivity = nappagreedy.io.github.project_travel_mate.destinations.description.FinalCityInfoActivity, 
08-05 15:33:57.424 15910 15910 D Nappa   : predictedNextActivityFromExtra = [nappagreedy.io.github.project_travel_mate.destinations.description.CityHistoryActivity], 
08-05 15:33:57.424 15910 15910 D Nappa   : activity.getClass().getCanonicalName() = nappagreedy.io.github.project_travel_mate.destinations.funfacts.FunFactsActivity, 
08-05 15:33:57.424 15910 16505 D Nappa   : -------------F1_SCORE #8 -----------
08-05 15:33:57.424 15910 16505 D Nappa   : F1_SCORE - Intercept list (7)= [https://project-travel-mate.herokuapp.com/api/get-user, https://project-travel-mate.herokuapp.com/api/get-all-cities/10, https://project-travel-mate.herokuapp.com/api/number-of-unread-notifications, https://project-travel-mate.herokuapp.com/api/get-city-weather/1, https://project-travel-mate.herokuapp.com/api/get-city/1, https://project-travel-mate.herokuapp.com/api/get-city-information/1, https://project-travel-mate.herokuapp.com/api/get-city-facts/1]
08-05 15:33:57.424 15910 15910 D Nappa   : PREFETCH_ON_EXTRA - setCurrentActivity - logs - from activity - made prediction isfalse
08-05 15:33:57.424 15910 16505 D Nappa   : F1_SCORE - Prefetch list (0)= []
08-05 15:33:57.424 15910 16505 D Nappa   : F1_SCORE - TP list (0)= []
08-05 15:33:57.424 15910 16505 D Nappa   : F1_SCORE - FN list (7)= [https://project-travel-mate.herokuapp.com/api/get-user, https://project-travel-mate.herokuapp.com/api/get-all-cities/10, https://project-travel-mate.herokuapp.com/api/number-of-unread-notifications, https://project-travel-mate.herokuapp.com/api/get-city-weather/1, https://project-travel-mate.herokuapp.com/api/get-city/1, https://project-travel-mate.herokuapp.com/api/get-city-information/1, https://project-travel-mate.herokuapp.com/api/get-city-facts/1]
08-05 15:33:57.524 15910 15927 D Nappa   : registerActivity: (already in) nappagreedy.io.github.project_travel_mate.destinations.description.FinalCityInfoActivity
08-05 15:33:57.525 15910 15927 D Nappa   : PARENTS 
08-05 15:33:57.525 15910 15927 D Nappa   : Of: nappagreedy.io.github.project_travel_mate.destinations.description.FinalCityInfoActivity -> 
08-05 15:33:57.525 15910 15927 D Nappa   : PARENTS nappagreedy.io.github.project_travel_mate.MainActivity
08-05 15:33:57.525 15910 15910 D Nappa   : registerActivity: (already in) nappagreedy.io.github.project_travel_mate.destinations.funfacts.FunFactsActivity
08-05 15:33:57.525 15910 15927 D Nappa   : PARENTS has extra: (cityobject_, objects.City@cf7d0a6)
08-05 15:33:57.525 15910 15927 D Nappa   : PARENTS nappagreedy.io.github.project_travel_mate.SplashActivity
08-05 15:33:57.525 15910 15910 D Nappa   : SHOULD_PREFETCH true
08-05 15:33:57.625 15910 15910 D Nappa   : registerActivity: (already in) nappagreedy.io.github.project_travel_mate.destinations.funfacts.FunFactsActivity
08-05 15:33:57.625 15910 15910 D Nappa   : STATS Number of requests not prefetched: 6
08-05 15:33:57.625 15910 15910 D Nappa   : STATS Number of requests prefetched: 0
08-05 15:33:57.625 15910 15910 D Nappa   : STATS Time saved until now: 0.0
08-05 15:33:57.825 15910 15927 D Nappa   : PREFETCH_ON_EXTRA - setCurrentActivity - logs - from extra - made prediction istrue
08-05 15:33:57.826 15910 15927 D Nappa   : PREFETCH_ON_EXTRA - setCurrentActivity - logs - from extra - start
08-05 15:33:57.826 15910 15927 D Nappa   : setCurrentActivity - MetricStrategyAccuracy - checking prediction VS current activity for extras
08-05 15:33:57.826 15910 15927 D Nappa   : PREFETCH_ON_EXTRA - setCurrentActivity - logs - from extra- finished
08-05 15:33:58.125 15910 15927 D Nappa   : PREFETCH_ON_EXTRA - setCurrentActivity - starting new prediction
08-05 15:33:58.126 15910 15927 D Nappa   : Current node - currentActivityName - nappagreedy.io.github.project_travel_mate.destinations.funfacts.FunFactsActivity
08-05 15:33:58.126 15910 15927 D Nappa   : Current node - activityGraph.getCurrent() - nappagreedy.io.github.project_travel_mate.destinations.funfacts.FunFactsActivity
08-05 15:33:58.127 15910 15927 D Nappa   : PREFETCH_ON_EXTRA - setCurrentActivity - finished new prediction
08-05 15:33:58.298 15910 16505 D Nappa   : TAG okHttpClient initialized
08-05 15:33:58.300 15910 16523 D Nappa   : F1_SCORE add_intercept_url - (new) - https://project-travel-mate.herokuapp.com/api/get-city-images/1
08-05 15:33:58.300 15910 16523 D Nappa   : F1_SCORE add_fn_url - (new) - https://project-travel-mate.herokuapp.com/api/get-city-images/1
08-05 15:33:58.300 15910 16523 D Nappa   : -------------F1_SCORE #9 -----------
08-05 15:33:58.300 15910 16523 D Nappa   : F1_SCORE - Intercept list (8)= [https://project-travel-mate.herokuapp.com/api/get-user, https://project-travel-mate.herokuapp.com/api/get-all-cities/10, https://project-travel-mate.herokuapp.com/api/number-of-unread-notifications, https://project-travel-mate.herokuapp.com/api/get-city-weather/1, https://project-travel-mate.herokuapp.com/api/get-city/1, https://project-travel-mate.herokuapp.com/api/get-city-information/1, https://project-travel-mate.herokuapp.com/api/get-city-facts/1, https://project-travel-mate.herokuapp.com/api/get-city-images/1]
08-05 15:33:58.300 15910 16523 D Nappa   : F1_SCORE - Prefetch list (0)= []
08-05 15:33:58.300 15910 16523 D Nappa   : F1_SCORE - TP list (0)= []
08-05 15:33:58.300 15910 16523 D Nappa   : F1_SCORE - FN list (8)= [https://project-travel-mate.herokuapp.com/api/get-user, https://project-travel-mate.herokuapp.com/api/get-all-cities/10, https://project-travel-mate.herokuapp.com/api/number-of-unread-notifications, https://project-travel-mate.herokuapp.com/api/get-city-weather/1, https://project-travel-mate.herokuapp.com/api/get-city/1, https://project-travel-mate.herokuapp.com/api/get-city-information/1, https://project-travel-mate.herokuapp.com/api/get-city-facts/1, https://project-travel-mate.herokuapp.com/api/get-city-images/1]
08-05 15:33:58.400 15910 15927 D Nappa   : registerActivity: (already in) nappagreedy.io.github.project_travel_mate.destinations.funfacts.FunFactsActivity
08-05 15:33:58.400 15910 15927 D Nappa   : PARENTS 
08-05 15:33:58.400 15910 15927 D Nappa   : Of: nappagreedy.io.github.project_travel_mate.destinations.funfacts.FunFactsActivity -> 
08-05 15:33:58.401 15910 15927 D Nappa   : PARENTS nappagreedy.io.github.project_travel_mate.destinations.description.FinalCityInfoActivity
08-05 15:33:58.401 15910 15927 D Nappa   : PARENTS has extra: (cityobject_, objects.City@78cb4f7)
08-05 15:33:58.401 15910 15927 D Nappa   : PARENTS nappagreedy.io.github.project_travel_mate.MainActivity
08-05 15:33:58.401 15910 15927 D Nappa   : PARENTS has extra: (cityobject_, objects.City@cf7d0a6)
08-05 15:33:58.401 15910 15927 D Nappa   : PARENTS nappagreedy.io.github.project_travel_mate.SplashActivity
08-05 15:34:00.151 15910 15910 D Nappa   : Stayed on nappagreedy.io.github.project_travel_mate.destinations.funfacts.FunFactsActivity for 2526 ms
08-05 15:34:00.156 15910 15910 D Nappa   : setCurrentActivity - MetricStrategyAccuracy - 
08-05 15:34:00.156 15910 15910 D Nappa   : madePredictionFromActivity = true, 
08-05 15:34:00.156 15910 15910 D Nappa   : fromActivity = nappagreedy.io.github.project_travel_mate.destinations.funfacts.FunFactsActivity, 
08-05 15:34:00.156 15910 15910 D Nappa   : predictedNextActivityFromActivity = [], 
08-05 15:34:00.156 15910 15910 D Nappa   : activity.getClass().getCanonicalName() = nappagreedy.io.github.project_travel_mate.destinations.description.FinalCityInfoActivity, 
08-05 15:34:00.156 15910 15910 D Nappa   : setCurrentActivity - MetricStrategyAccuracy - 
08-05 15:34:00.156 15910 15910 D Nappa   : madePredictionFromExtra = false, 
08-05 15:34:00.156 15910 15910 D Nappa   : fromActivity = nappagreedy.io.github.project_travel_mate.destinations.funfacts.FunFactsActivity, 
08-05 15:34:00.156 15910 15910 D Nappa   : predictedNextActivityFromExtra = [], 
08-05 15:34:00.156 15910 15910 D Nappa   : activity.getClass().getCanonicalName() = nappagreedy.io.github.project_travel_mate.destinations.description.FinalCityInfoActivity, 
08-05 15:34:00.156 15910 15910 D Nappa   : PREFETCH_ON_EXTRA - setCurrentActivity - logs - from activity - made prediction istrue
08-05 15:34:00.156 15910 15910 D Nappa   : PREFETCH_ON_EXTRA - setCurrentActivity - logs - from activity - start
08-05 15:34:00.156 15910 15910 D Nappa   : PREFETCH_ON_EXTRA - setCurrentActivity - logs - from activity- finished
08-05 15:34:00.257 15910 15910 D Nappa   : registerActivity: (already in) nappagreedy.io.github.project_travel_mate.destinations.description.FinalCityInfoActivity
08-05 15:34:00.257 15910 15910 D Nappa   : SHOULD_PREFETCH false
08-05 15:34:00.257 15910 15910 D Nappa   : STATS Number of requests not prefetched: 8
08-05 15:34:00.257 15910 15910 D Nappa   : STATS Number of requests prefetched: 0
08-05 15:34:00.257 15910 15910 D Nappa   : STATS Time saved until now: 0.0
08-05 15:34:00.557 15910 15927 D Nappa   : PREFETCH_ON_EXTRA - setCurrentActivity - logs - from extra - made prediction isfalse
08-05 15:34:02.041 15910 15927 D Nappa   : PREFETCH_ON_EXTRA - notifyExtras- start
08-05 15:34:02.044 15910 15927 D Nappa   : PREFETCH_ON_EXTRA - notifyExtras- end
08-05 15:34:02.044 15910 15927 D Nappa   : PREFSTRAT2 ADDING NEW ACTEXTRADATA
08-05 15:34:02.065 15910 15910 D Nappa   : Stayed on nappagreedy.io.github.project_travel_mate.destinations.description.FinalCityInfoActivity for 1808 ms
08-05 15:34:02.089 15910 15910 D Nappa   : TAG okHttpClient initialized
08-05 15:34:02.091 15910 16625 D Nappa   : F1_SCORE add_intercept_url - (already in) - https://project-travel-mate.herokuapp.com/api/get-city-facts/1
08-05 15:34:02.091 15910 16625 D Nappa   : F1_SCORE add_fn_url - (already in) - https://project-travel-mate.herokuapp.com/api/get-city-facts/1
08-05 15:34:02.091 15910 16625 D Nappa   : -------------F1_SCORE #11 -----------
08-05 15:34:02.091 15910 16625 D Nappa   : F1_SCORE - Intercept list (8)= [https://project-travel-mate.herokuapp.com/api/get-user, https://project-travel-mate.herokuapp.com/api/get-all-cities/10, https://project-travel-mate.herokuapp.com/api/number-of-unread-notifications, https://project-travel-mate.herokuapp.com/api/get-city-weather/1, https://project-travel-mate.herokuapp.com/api/get-city/1, https://project-travel-mate.herokuapp.com/api/get-city-information/1, https://project-travel-mate.herokuapp.com/api/get-city-facts/1, https://project-travel-mate.herokuapp.com/api/get-city-images/1]
08-05 15:34:02.091 15910 16625 D Nappa   : F1_SCORE - Prefetch list (0)= []
08-05 15:34:02.091 15910 16625 D Nappa   : F1_SCORE - TP list (0)= []
08-05 15:34:02.091 15910 16625 D Nappa   : F1_SCORE - FN list (8)= [https://project-travel-mate.herokuapp.com/api/get-user, https://project-travel-mate.herokuapp.com/api/get-all-cities/10, https://project-travel-mate.herokuapp.com/api/number-of-unread-notifications, https://project-travel-mate.herokuapp.com/api/get-city-weather/1, https://project-travel-mate.herokuapp.com/api/get-city/1, https://project-travel-mate.herokuapp.com/api/get-city-information/1, https://project-travel-mate.herokuapp.com/api/get-city-facts/1, https://project-travel-mate.herokuapp.com/api/get-city-images/1]
08-05 15:34:02.091 15910 15910 D Nappa   : setCurrentActivity - MetricStrategyAccuracy - 
08-05 15:34:02.091 15910 15910 D Nappa   : madePredictionFromActivity = false, 
08-05 15:34:02.091 15910 15910 D Nappa   : fromActivity = nappagreedy.io.github.project_travel_mate.destinations.description.FinalCityInfoActivity, 
08-05 15:34:02.091 15910 15910 D Nappa   : predictedNextActivityFromActivity = [], 
08-05 15:34:02.091 15910 15910 D Nappa   : activity.getClass().getCanonicalName() = nappagreedy.io.github.project_travel_mate.destinations.funfacts.FunFactsActivity, 
08-05 15:34:02.091 15910 15910 D Nappa   : setCurrentActivity - MetricStrategyAccuracy - 
08-05 15:34:02.091 15910 15910 D Nappa   : madePredictionFromExtra = true, 
08-05 15:34:02.091 15910 15910 D Nappa   : fromActivity = nappagreedy.io.github.project_travel_mate.destinations.description.FinalCityInfoActivity, 
08-05 15:34:02.091 15910 15910 D Nappa   : predictedNextActivityFromExtra = [nappagreedy.io.github.project_travel_mate.destinations.description.CityHistoryActivity], 
08-05 15:34:02.091 15910 15910 D Nappa   : activity.getClass().getCanonicalName() = nappagreedy.io.github.project_travel_mate.destinations.funfacts.FunFactsActivity, 
08-05 15:34:02.091 15910 15910 D Nappa   : PREFETCH_ON_EXTRA - setCurrentActivity - logs - from activity - made prediction isfalse
08-05 15:34:02.094 15910 16625 D Nappa   : TAG okHttpClient initialized
08-05 15:34:02.095 15910 16626 D Nappa   : F1_SCORE add_intercept_url - (already in) - https://project-travel-mate.herokuapp.com/api/get-city-images/1
08-05 15:34:02.095 15910 16626 D Nappa   : F1_SCORE add_fn_url - (already in) - https://project-travel-mate.herokuapp.com/api/get-city-images/1
08-05 15:34:02.095 15910 16626 D Nappa   : -------------F1_SCORE #12 -----------
08-05 15:34:02.095 15910 16626 D Nappa   : F1_SCORE - Intercept list (8)= [https://project-travel-mate.herokuapp.com/api/get-user, https://project-travel-mate.herokuapp.com/api/get-all-cities/10, https://project-travel-mate.herokuapp.com/api/number-of-unread-notifications, https://project-travel-mate.herokuapp.com/api/get-city-weather/1, https://project-travel-mate.herokuapp.com/api/get-city/1, https://project-travel-mate.herokuapp.com/api/get-city-information/1, https://project-travel-mate.herokuapp.com/api/get-city-facts/1, https://project-travel-mate.herokuapp.com/api/get-city-images/1]
08-05 15:34:02.095 15910 16626 D Nappa   : F1_SCORE - Prefetch list (0)= []
08-05 15:34:02.095 15910 16626 D Nappa   : F1_SCORE - TP list (0)= []
08-05 15:34:02.095 15910 16626 D Nappa   : F1_SCORE - FN list (8)= [https://project-travel-mate.herokuapp.com/api/get-user, https://project-travel-mate.herokuapp.com/api/get-all-cities/10, https://project-travel-mate.herokuapp.com/api/number-of-unread-notifications, https://project-travel-mate.herokuapp.com/api/get-city-weather/1, https://project-travel-mate.herokuapp.com/api/get-city/1, https://project-travel-mate.herokuapp.com/api/get-city-information/1, https://project-travel-mate.herokuapp.com/api/get-city-facts/1, https://project-travel-mate.herokuapp.com/api/get-city-images/1]
08-05 15:34:02.191 15910 15927 D Nappa   : registerActivity: (already in) nappagreedy.io.github.project_travel_mate.destinations.description.FinalCityInfoActivity
08-05 15:34:02.191 15910 15927 D Nappa   : PARENTS 
08-05 15:34:02.191 15910 15927 D Nappa   : Of: nappagreedy.io.github.project_travel_mate.destinations.description.FinalCityInfoActivity -> 
08-05 15:34:02.191 15910 15927 D Nappa   : PARENTS nappagreedy.io.github.project_travel_mate.MainActivity
