08-05 01:59:09.275  1111  7632 W System.err: 	at okhttp3.internal.http1.Http1ExchangeCodec.readHeaderLine(Http1ExchangeCodec.java:242)
08-05 01:59:09.275  1111  7632 W System.err: 	at okhttp3.internal.http1.Http1ExchangeCodec.readResponseHeaders(Http1ExchangeCodec.java:213)
08-05 01:59:09.275  1111  7632 W System.err: 	... 33 more
08-05 01:59:09.275  1111  7632 D CustomInterceptor: interceptor_finished : return_type #4 : interceptor failed, resuming the request chain with the original request
08-05 01:59:09.342  1111  1123 I art     : Starting a blocking GC Explicit
08-05 01:59:09.373  1111  1123 I art     : Explicit concurrent mark sweep GC freed 8055(501KB) AllocSpace objects, 4(220KB) LOS objects, 31% free, 35MB/51MB, paused 818us total 30.153ms
08-05 01:59:09.382  1111  1123 I art     : Starting a blocking GC Explicit
08-05 01:59:09.408  1111  1123 I art     : Explicit concurrent mark sweep GC freed 2704(184KB) AllocSpace objects, 0(0B) LOS objects, 31% free, 35MB/51MB, paused 811us total 26.337ms
08-05 01:59:09.417  1111  1123 I art     : Starting a blocking GC Explicit
08-05 01:59:09.441  1111  1123 I art     : Explicit concurrent mark sweep GC freed 127(4KB) AllocSpace objects, 0(0B) LOS objects, 31% free, 35MB/51MB, paused 883us total 23.092ms
08-05 01:59:09.446  1111  7312 D CustomInterceptor: NETWORK-PROVIDER https://www.gravatar.com/avatar/f5934485a0863578733c447016505547
08-05 01:59:09.446  1111  7312 D Nappa   : F1_SCORE add_intercept_url - (already in) - https://www.gravatar.com/avatar/f5934485a0863578733c447016505547
08-05 01:59:09.446  1111  7312 D Nappa   : F1_SCORE add_fn_url - (already in) - https://www.gravatar.com/avatar/f5934485a0863578733c447016505547
08-05 01:59:09.446  1111  7312 D Nappa   : -------------F1_SCORE #17 -----------
08-05 01:59:09.446  1111  7312 D Nappa   : F1_SCORE - Intercept list (10)= [https://www.newsblur.com/reader/feeds/?update_counts=true, https://www.newsblur.com/reader/unread_story_hashes?include_timestamps=1, https://www.newsblur.com/social/river_stories?order=newest&page=1&read_filter=all&global_feed=true, https://www.newsblur.com/rss_feeds/icon/0, https://s3.amazonaws.com/icons.newsblur.com/6882243.png, https://s3.amazonaws.com/icons.newsblur.com/18178.png, https://s3.amazonaws.com/icons.newsblur.com/5762506.png, http://feeds.feedburner.com/~r/retort/~4/UffaFMiJbNs, https://images.fastcompany.net/image/upload/w_1280,q_auto,f_auto,fl_lossy/wp-cms/uploads/2020/07/p-1-90532920-this-chart-shows-how-effective-masks-can-be.png, https://www.gravatar.com/avatar/f5934485a0863578733c447016505547]
08-05 01:59:09.446  1111  7312 D Nappa   : F1_SCORE - Prefetch list (0)= []
08-05 01:59:09.446  1111  7312 D Nappa   : F1_SCORE - TP list (0)= []
08-05 01:59:09.446  1111  7312 D Nappa   : F1_SCORE - FN list (10)= [https://www.newsblur.com/reader/feeds/?update_counts=true, https://www.newsblur.com/reader/unread_story_hashes?include_timestamps=1, https://www.newsblur.com/social/river_stories?order=newest&page=1&read_filter=all&global_feed=true, https://www.newsblur.com/rss_feeds/icon/0, https://s3.amazonaws.com/icons.newsblur.com/6882243.png, https://s3.amazonaws.com/icons.newsblur.com/18178.png, https://s3.amazonaws.com/icons.newsblur.com/5762506.png, http://feeds.feedburner.com/~r/retort/~4/UffaFMiJbNs, https://images.fastcompany.net/image/upload/w_1280,q_auto,f_auto,fl_lossy/wp-cms/uploads/2020/07/p-1-90532920-this-chart-shows-how-effective-masks-can-be.png, https://www.gravatar.com/avatar/f5934485a0863578733c447016505547]
08-05 01:59:09.446  1111  7312 I NAPPA_EXPERIMENTATION: MetricPrefetchingAccuracy: LOG_ID='18',F1_SCORE_1='0.0',F1_SCORE_2='0.0',TRUE_POSITIVE='0',FALSE_POSITIVE='0',FALSE_NEGATIVE='10',
08-05 01:59:09.447  1111  7312 D CustomInterceptor: HEADER REQUEST
08-05 01:59:09.447  1111  7312 D CustomInterceptor: Cache-Control max-age=300, max-stale=300
08-05 01:59:09.447  1111  7312 D CustomInterceptor: CACHED STATS: size = '8', maxSize = '100', hitCount = '8', createCount = '0', putCount = '8', evictionCount = '0', missCount = '18', toString = 'LruCache[maxSize=100,hits=8,misses=18,hitRate=30%]', 
08-05 01:59:09.447  1111  7312 D CustomInterceptor: PREFLIB NOT A GET REQUEST OR NOT IN CACHEGET
08-05 01:59:09.448  1111  1123 I art     : Starting a blocking GC Explicit
08-05 01:59:09.470  1111  1123 I art     : Explicit concurrent mark sweep GC freed 424(59KB) AllocSpace objects, 0(0B) LOS objects, 31% free, 35MB/51MB, paused 741us total 22.347ms
08-05 01:59:09.478  1111  1123 I art     : Starting a blocking GC Explicit
08-05 01:59:09.501  1111  1123 I art     : Explicit concurrent mark sweep GC freed 1674(65KB) AllocSpace objects, 0(0B) LOS objects, 31% free, 35MB/51MB, paused 876us total 22.909ms
08-05 01:59:09.528  1111  7317 D CustomInterceptor: NETWORK-PROVIDER https://www.gravatar.com/avatar/f5934485a0863578733c447016505547
08-05 01:59:09.529  1111  7317 D Nappa   : F1_SCORE add_intercept_url - (already in) - https://www.gravatar.com/avatar/f5934485a0863578733c447016505547
08-05 01:59:09.529  1111  7317 D Nappa   : F1_SCORE add_fn_url - (already in) - https://www.gravatar.com/avatar/f5934485a0863578733c447016505547
08-05 01:59:09.529  1111  7317 D Nappa   : -------------F1_SCORE #18 -----------
08-05 01:59:09.529  1111  7317 D Nappa   : F1_SCORE - Intercept list (10)= [https://www.newsblur.com/reader/feeds/?update_counts=true, https://www.newsblur.com/reader/unread_story_hashes?include_timestamps=1, https://www.newsblur.com/social/river_stories?order=newest&page=1&read_filter=all&global_feed=true, https://www.newsblur.com/rss_feeds/icon/0, https://s3.amazonaws.com/icons.newsblur.com/6882243.png, https://s3.amazonaws.com/icons.newsblur.com/18178.png, https://s3.amazonaws.com/icons.newsblur.com/5762506.png, http://feeds.feedburner.com/~r/retort/~4/UffaFMiJbNs, https://images.fastcompany.net/image/upload/w_1280,q_auto,f_auto,fl_lossy/wp-cms/uploads/2020/07/p-1-90532920-this-chart-shows-how-effective-masks-can-be.png, https://www.gravatar.com/avatar/f5934485a0863578733c447016505547]
08-05 01:59:09.529  1111  7317 D Nappa   : F1_SCORE - Prefetch list (0)= []
08-05 01:59:09.529  1111  7317 D Nappa   : F1_SCORE - TP list (0)= []
08-05 01:59:09.529  1111  7317 D Nappa   : F1_SCORE - FN list (10)= [https://www.newsblur.com/reader/feeds/?update_counts=true, https://www.newsblur.com/reader/unread_story_hashes?include_timestamps=1, https://www.newsblur.com/social/river_stories?order=newest&page=1&read_filter=all&global_feed=true, https://www.newsblur.com/rss_feeds/icon/0, https://s3.amazonaws.com/icons.newsblur.com/6882243.png, https://s3.amazonaws.com/icons.newsblur.com/18178.png, https://s3.amazonaws.com/icons.newsblur.com/5762506.png, http://feeds.feedburner.com/~r/retort/~4/UffaFMiJbNs, https://images.fastcompany.net/image/upload/w_1280,q_auto,f_auto,fl_lossy/wp-cms/uploads/2020/07/p-1-90532920-this-chart-shows-how-effective-masks-can-be.png, https://www.gravatar.com/avatar/f5934485a0863578733c447016505547]
08-05 01:59:09.529  1111  7317 I NAPPA_EXPERIMENTATION: MetricPrefetchingAccuracy: LOG_ID='19',F1_SCORE_1='0.0',F1_SCORE_2='0.0',TRUE_POSITIVE='0',FALSE_POSITIVE='0',FALSE_NEGATIVE='10',
08-05 01:59:09.529  1111  7317 D CustomInterceptor: HEADER REQUEST
08-05 01:59:09.529  1111  7317 D CustomInterceptor: Cache-Control max-age=300, max-stale=300
08-05 01:59:09.530  1111  7317 D CustomInterceptor: CACHED STATS: size = '8', maxSize = '100', hitCount = '8', createCount = '0', putCount = '8', evictionCount = '0', missCount = '19', toString = 'LruCache[maxSize=100,hits=8,misses=19,hitRate=29%]', 
08-05 01:59:09.530  1111  7317 D CustomInterceptor: PREFLIB NOT A GET REQUEST OR NOT IN CACHEGET
08-05 01:59:09.546  1111  7063 D Nappa   : registerActivity: (already in) nappagreedy.com.newsblur.activity.GlobalSharedStoriesReading
08-05 01:59:09.546  1111  7063 D Nappa   : PARENTS 
08-05 01:59:09.546  1111  7063 D Nappa   : Of: nappagreedy.com.newsblur.activity.GlobalSharedStoriesReading -> 
08-05 01:59:09.546  1111  7063 D Nappa   : PARENTS nappagreedy.com.newsblur.activity.GlobalSharedStoriesItemsList
08-05 01:59:09.547  1111  7063 D Nappa   : PARENTS has extra: (story_hash, 0:65a6e4)
08-05 01:59:09.547  1111  7063 D Nappa   : PARENTS has extra: (feed_set, nappagreedy.com.newsblur.util.FeedSet@e)
08-05 01:59:09.547  1111  7063 D Nappa   : PARENTS nappagreedy.com.newsblur.activity.Main
08-05 01:59:09.547  1111  7063 D Nappa   : PARENTS has extra: (feed_set, nappagreedy.com.newsblur.util.FeedSet@e)
08-05 01:59:09.647  1111  7063 D Nappa   : registerActivity: (already in) nappagreedy.com.newsblur.activity.GlobalSharedStoriesReading
08-05 01:59:09.648  1111  7063 D Nappa   : PARENTS 
08-05 01:59:09.648  1111  7063 D Nappa   : Of: nappagreedy.com.newsblur.activity.GlobalSharedStoriesReading -> 
08-05 01:59:09.648  1111  7063 D Nappa   : PARENTS nappagreedy.com.newsblur.activity.GlobalSharedStoriesItemsList
08-05 01:59:09.648  1111  7063 D Nappa   : PARENTS has extra: (story_hash, 0:65a6e4)
08-05 01:59:09.648  1111  7063 D Nappa   : PARENTS has extra: (feed_set, nappagreedy.com.newsblur.util.FeedSet@e)
08-05 01:59:09.648  1111  7063 D Nappa   : PARENTS nappagreedy.com.newsblur.activity.Main
08-05 01:59:09.648  1111  7063 D Nappa   : PARENTS has extra: (feed_set, nappagreedy.com.newsblur.util.FeedSet@e)
08-05 01:59:09.672  1111  7632 E nappagreedy.com.newsblur.network.APIResponse: Error (unexpected end of stream on https://www.newsblur.com/...) calling https://www.newsblur.com/reader/mark_story_hashes_as_read/
08-05 01:59:09.672  1111  7632 E nappagreedy.com.newsblur.network.APIResponse: java.io.IOException: unexpected end of stream on https://www.newsblur.com/...
08-05 01:59:09.672  1111  7632 E nappagreedy.com.newsblur.network.APIResponse: 	at okhttp3.internal.http1.Http1ExchangeCodec.readResponseHeaders(Http1ExchangeCodec.java:236)
08-05 01:59:09.672  1111  7632 E nappagreedy.com.newsblur.network.APIResponse: 	at okhttp3.internal.connection.Exchange.readResponseHeaders(Exchange.java:115)
08-05 01:59:09.672  1111  7632 E nappagreedy.com.newsblur.network.APIResponse: 	at okhttp3.internal.http.CallServerInterceptor.intercept(CallServerInterceptor.java:94)
08-05 01:59:09.672  1111  7632 E nappagreedy.com.newsblur.network.APIResponse: 	at okhttp3.internal.http.RealInterceptorChain.proceed(RealInterceptorChain.java:142)
08-05 01:59:09.672  1111  7632 E nappagreedy.com.newsblur.network.APIResponse: 	at okhttp3.internal.connection.ConnectInterceptor.intercept(ConnectInterceptor.java:43)
08-05 01:59:09.672  1111  7632 E nappagreedy.com.newsblur.network.APIResponse: 	at okhttp3.internal.http.RealInterceptorChain.proceed(RealInterceptorChain.java:142)
08-05 01:59:09.672  1111  7632 E nappagreedy.com.newsblur.network.APIResponse: 	at okhttp3.internal.http.RealInterceptorChain.proceed(RealInterceptorChain.java:117)
08-05 01:59:09.672  1111  7632 E nappagreedy.com.newsblur.network.APIResponse: 	at okhttp3.internal.cache.CacheInterceptor.intercept(CacheInterceptor.java:94)
08-05 01:59:09.672  1111  7632 E nappagreedy.com.newsblur.network.APIResponse: 	at okhttp3.internal.http.RealInterceptorChain.proceed(RealInterceptorChain.java:142)
08-05 01:59:09.672  1111  7632 E nappagreedy.com.newsblur.network.APIResponse: 	at okhttp3.internal.http.RealInterceptorChain.proceed(RealInterceptorChain.java:117)
08-05 01:59:09.672  1111  7632 E nappagreedy.com.newsblur.network.APIResponse: 	at okhttp3.internal.http.BridgeInterceptor.intercept(BridgeInterceptor.java:93)
08-05 01:59:09.672  1111  7632 E nappagreedy.com.newsblur.network.APIResponse: 	at okhttp3.internal.http.RealInterceptorChain.proceed(RealInterceptorChain.java:142)
08-05 01:59:09.672  1111  7632 E nappagreedy.com.newsblur.network.APIResponse: 	at okhttp3.internal.http.RetryAndFollowUpInterceptor.intercept(RetryAndFollowUpInterceptor.java:88)
08-05 01:59:09.672  1111  7632 E nappagreedy.com.newsblur.network.APIResponse: 	at okhttp3.internal.http.RealInterceptorChain.proceed(RealInterceptorChain.java:142)
08-05 01:59:09.672  1111  7632 E nappagreedy.com.newsblur.network.APIResponse: 	at okhttp3.internal.http.RealInterceptorChain.proceed(RealInterceptorChain.java:117)
08-05 01:59:09.672  1111  7632 E nappagreedy.com.newsblur.network.APIResponse: 	at nl.vu.cs.s2group.nappa.Nappa$CustomInterceptor.intercept(Nappa.java:970)
08-05 01:59:09.672  1111  7632 E nappagreedy.com.newsblur.network.APIResponse: 	at okhttp3.internal.http.RealInterceptorChain.proceed(RealInterceptorChain.java:142)
08-05 01:59:09.672  1111  7632 E nappagreedy.com.newsblur.network.APIResponse: 	at okhttp3.internal.http.RealInterceptorChain.proceed(RealInterceptorChain.java:117)
08-05 01:59:09.672  1111  7632 E nappagreedy.com.newsblur.network.APIResponse: 	at okhttp3.RealCall.getResponseWithInterceptorChain(RealCall.java:229)
08-05 01:59:09.672  1111  7632 E nappagreedy.com.newsblur.network.APIResponse: 	at okhttp3.RealCall.execute(RealCall.java:81)
08-05 01:59:09.672  1111  7632 E nappagreedy.com.newsblur.network.APIResponse: 	at nappagreedy.com.newsblur.network.APIResponse.<init>(APIResponse.java:57)
08-05 01:59:09.672  1111  7632 E nappagreedy.com.newsblur.network.APIResponse: 	at nappagreedy.com.newsblur.network.APIResponse.<init>(APIResponse.java:43)
08-05 01:59:09.672  1111  7632 E nappagreedy.com.newsblur.network.APIResponse: 	at nappagreedy.com.newsblur.network.APIManager.post_single(APIManager.java:703)
08-05 01:59:09.672  1111  7632 E nappagreedy.com.newsblur.network.APIResponse: 	at nappagreedy.com.newsblur.network.APIManager.post(APIManager.java:676)
08-05 01:59:09.672  1111  7632 E nappagreedy.com.newsblur.network.APIResponse: 	at nappagreedy.com.newsblur.network.APIManager.post(APIManager.java:715)
08-05 01:59:09.672  1111  7632 E nappagreedy.com.newsblur.network.APIResponse: 	at nappagreedy.com.newsblur.network.APIManager.markStoryAsRead(APIManager.java:206)
08-05 01:59:09.672  1111  7632 E nappagreedy.com.newsblur.network.APIResponse: 	at nappagreedy.com.newsblur.util.ReadingAction.doRemote(ReadingAction.java:281)
08-05 01:59:09.672  1111  7632 E nappagreedy.com.newsblur.network.APIResponse: 	at nappagreedy.com.newsblur.service.NBSyncService.syncActions(NBSyncService.java:400)
08-05 01:59:09.672  1111  7632 E nappagreedy.com.newsblur.network.APIResponse: 	at nappagreedy.com.newsblur.service.NBSyncService.doSync(NBSyncService.java:298)
08-05 01:59:09.672  1111  7632 E nappagreedy.com.newsblur.network.APIResponse: 	at nappagreedy.com.newsblur.service.NBSyncService.access$100(NBSyncService.java:67)
08-05 01:59:09.672  1111  7632 E nappagreedy.com.newsblur.network.APIResponse: 	at nappagreedy.com.newsblur.service.NBSyncService$1.run(NBSyncService.java:188)
08-05 01:59:09.672  1111  7632 E nappagreedy.com.newsblur.network.APIResponse: 	at java.util.concurrent.ThreadPoolExecutor.runWorker(ThreadPoolExecutor.java:1113)
08-05 01:59:09.672  1111  7632 E nappagreedy.com.newsblur.network.APIResponse: 	at java.util.concurrent.ThreadPoolExecutor$Worker.run(ThreadPoolExecutor.java:588)
08-05 01:59:09.672  1111  7632 E nappagreedy.com.newsblur.network.APIResponse: 	at java.lang.Thread.run(Thread.java:818)
08-05 01:59:09.672  1111  7632 E nappagreedy.com.newsblur.network.APIResponse: Caused by: java.io.EOFException: \n not found: limit=0 content=
08-05 01:59:09.672  1111  7632 E nappagreedy.com.newsblur.network.APIResponse: 	at okio.RealBufferedSource.readUtf8LineStrict(RealBufferedSource.java:240)
08-05 01:59:09.672  1111  7632 E nappagreedy.com.newsblur.network.APIResponse: 	at okhttp3.internal.http1.Http1ExchangeCodec.readHeaderLine(Http1ExchangeCodec.java:242)
08-05 01:59:09.672  1111  7632 E nappagreedy.com.newsblur.network.APIResponse: 	at okhttp3.internal.http1.Http1ExchangeCodec.readResponseHeaders(Http1ExchangeCodec.java:213)
08-05 01:59:09.672  1111  7632 E nappagreedy.com.newsblur.network.APIResponse: 	... 33 more
08-05 01:59:09.674  1111  7632 I nappagreedy.com.newsblur.network.APIManager: API call failed, pausing before retry number 1
08-05 01:59:09.805  1111  1123 I art     : Starting a blocking GC Explicit
08-05 01:59:09.835  1111  1123 I art     : Explicit concurrent mark sweep GC freed 4891(449KB) AllocSpace objects, 3(60KB) LOS objects, 31% free, 35MB/51MB, paused 1.021ms total 29.557ms
08-05 01:59:09.844  1111  1123 I art     : Starting a blocking GC Explicit
08-05 01:59:09.871  1111  1123 I art     : Explicit concurrent mark sweep GC freed 168(6KB) AllocSpace objects, 0(0B) LOS objects, 31% free, 35MB/51MB, paused 701us total 27.050ms
08-05 01:59:09.878  1111  1123 I art     : Starting a blocking GC Explicit
08-05 01:59:09.900  1111  1123 I art     : Explicit concurrent mark sweep GC freed 7(224B) AllocSpace objects, 0(0B) LOS objects, 31% free, 35MB/51MB, paused 728us total 21.975ms
08-05 01:59:09.908  1111  1123 I art     : Starting a blocking GC Explicit
08-05 01:59:09.929  1111  1123 I art     : Explicit concurrent mark sweep GC freed 10(320B) AllocSpace objects, 0(0B) LOS objects, 31% free, 35MB/51MB, paused 755us total 21.593ms
08-05 01:59:09.937  1111  1123 I art     : Starting a blocking GC Explicit
08-05 01:59:09.959  1111  1123 I art     : Explicit concurrent mark sweep GC freed 11(352B) AllocSpace objects, 0(0B) LOS objects, 31% free, 35MB/51MB, paused 692us total 21.923ms
08-05 01:59:10.234   518   646 I ThermalEngine: ACTION: GPU - Setting GPU[0] to 510000000
08-05 01:59:10.316  1111  7290 I art     : Starting a blocking GC Explicit
08-05 01:59:10.349  1111  7290 I art     : Explicit concurrent mark sweep GC freed 1672(95KB) AllocSpace objects, 1(20KB) LOS objects, 31% free, 35MB/51MB, paused 1.204ms total 32.965ms
08-05 01:59:10.360  1111  7290 I art     : Starting a blocking GC Explicit
08-05 01:59:10.393  1111  7290 I art     : Explicit concurrent mark sweep GC freed 30(1104B) AllocSpace objects, 0(0B) LOS objects, 31% free, 35MB/51MB, paused 1.113ms total 32.325ms
08-05 01:59:10.404  1111  7290 I art     : Starting a blocking GC Explicit
08-05 01:59:10.436  1111  7290 I art     : Explicit concurrent mark sweep GC freed 3(96B) AllocSpace objects, 0(0B) LOS objects, 31% free, 35MB/51MB, paused 1.150ms total 31.666ms
08-05 01:59:10.446  1111  7290 I art     : Starting a blocking GC Explicit
08-05 01:59:10.477  1111  7290 I art     : Explicit concurrent mark sweep GC freed 3(96B) AllocSpace objects, 0(0B) LOS objects, 31% free, 35MB/51MB, paused 1.060ms total 30.759ms
08-05 01:59:10.488  1111  7290 I art     : Starting a blocking GC Explicit
08-05 01:59:10.520  1111  7290 I art     : Explicit concurrent mark sweep GC freed 3(96B) AllocSpace objects, 0(0B) LOS objects, 31% free, 35MB/51MB, paused 1.292ms total 31.319ms
08-05 01:59:10.860  1111  1122 I art     : Starting a blocking GC Explicit
08-05 01:59:10.893  1111  1122 I art     : Explicit concurrent mark sweep GC freed 1669(95KB) AllocSpace objects, 1(20KB) LOS objects, 31% free, 35MB/51MB, paused 979us total 33.104ms
08-05 01:59:10.905  1111  1122 I art     : Starting a blocking GC Explicit
08-05 01:59:10.938  1111  1122 I art     : Explicit concurrent mark sweep GC freed 30(1104B) AllocSpace objects, 0(0B) LOS objects, 31% free, 35MB/51MB, paused 1.484ms total 32.589ms
08-05 01:59:10.949  1111  1122 I art     : Starting a blocking GC Explicit
08-05 01:59:10.982  1111  1122 I art     : Explicit concurrent mark sweep GC freed 3(96B) AllocSpace objects, 0(0B) LOS objects, 31% free, 35MB/51MB, paused 1.005ms total 32.704ms
08-05 01:59:10.994  1111  1122 I art     : Starting a blocking GC Explicit
08-05 01:59:11.025  1111  1122 I art     : Explicit concurrent mark sweep GC freed 3(96B) AllocSpace objects, 0(0B) LOS objects, 31% free, 35MB/51MB, paused 963us total 30.739ms
08-05 01:59:11.035  1111  1122 I art     : Starting a blocking GC Explicit
08-05 01:59:11.066  1111  1122 I art     : Explicit concurrent mark sweep GC freed 3(96B) AllocSpace objects, 0(0B) LOS objects, 31% free, 35MB/51MB, paused 1.107ms total 30.557ms
08-05 01:59:11.176  1111  7632 D CustomInterceptor: NETWORK-PROVIDER https://www.newsblur.com/reader/mark_story_hashes_as_read/
08-05 01:59:11.176  1111  7632 D CustomInterceptor: HEADER REQUEST
08-05 01:59:11.176  1111  7632 D CustomInterceptor: Cache-Control max-age=300, max-stale=300
08-05 01:59:11.177  1111  7632 D CustomInterceptor: Cookie newsblur_sessionid=qlbd3ilzka7q9q07v2htr96j75kh6za7; Domain=.newsblur.com; expires=Thu, 04 Aug 2022 22:30:33 GMT; Max-Age=63072000; Path=/
08-05 01:59:11.177  1111  7632 D CustomInterceptor: CACHED STATS: size = '8', maxSize = '100', hitCount = '8', createCount = '0', putCount = '8', evictionCount = '0', missCount = '20', toString = 'LruCache[maxSize=100,hits=8,misses=20,hitRate=28%]', 
08-05 01:59:11.177  1111  7632 D CustomInterceptor: PREFLIB NOT A GET REQUEST OR NOT IN CACHEPOST
08-05 01:59:11.426  1111  1122 I art     : Starting a blocking GC Explicit
08-05 01:59:11.460  1111  1122 I art     : Explicit concurrent mark sweep GC freed 1864(111KB) AllocSpace objects, 1(20KB) LOS objects, 31% free, 35MB/51MB, paused 1.031ms total 33.964ms
08-05 01:59:11.472  1111  1122 I art     : Starting a blocking GC Explicit
08-05 01:59:11.505  1111  1122 I art     : Explicit concurrent mark sweep GC freed 44(1696B) AllocSpace objects, 0(0B) LOS objects, 31% free, 35MB/51MB, paused 1.294ms total 33.306ms
08-05 01:59:11.515  1111  1122 I art     : Starting a blocking GC Explicit
08-05 01:59:11.546  1111  1122 I art     : Explicit concurrent mark sweep GC freed 3(96B) AllocSpace objects, 0(0B) LOS objects, 31% free, 35MB/51MB, paused 1.105ms total 31.207ms
08-05 01:59:11.558  1111  1122 I art     : Starting a blocking GC Explicit
08-05 01:59:11.591  1111  1122 I art     : Explicit concurrent mark sweep GC freed 3(96B) AllocSpace objects, 0(0B) LOS objects, 31% free, 35MB/51MB, paused 1.034ms total 31.826ms
08-05 01:59:11.600  1111  1122 I art     : Starting a blocking GC Explicit
08-05 01:59:11.627  1111  1122 I art     : Explicit concurrent mark sweep GC freed 3(96B) AllocSpace objects, 0(0B) LOS objects, 31% free, 35MB/51MB, paused 1.076ms total 27.409ms
08-05 01:59:11.705  1111  7632 D CustomInterceptor: Interceptor exiting with exception java.io.IOException: unexpected end of stream on https://www.newsblur.com/...
08-05 01:59:11.705  1111  7632 W System.err: java.io.IOException: unexpected end of stream on https://www.newsblur.com/...
08-05 01:59:11.706  1111  7632 W System.err: 	at okhttp3.internal.http1.Http1ExchangeCodec.readResponseHeaders(Http1ExchangeCodec.java:236)
08-05 01:59:11.706  1111  7632 W System.err: 	at okhttp3.internal.connection.Exchange.readResponseHeaders(Exchange.java:115)
08-05 01:59:11.706  1111  7632 W System.err: 	at okhttp3.internal.http.CallServerInterceptor.intercept(CallServerInterceptor.java:94)
08-05 01:59:11.706  1111  7632 W System.err: 	at okhttp3.internal.http.RealInterceptorChain.proceed(RealInterceptorChain.java:142)
08-05 01:59:11.706  1111  7632 W System.err: 	at okhttp3.internal.connection.ConnectInterceptor.intercept(ConnectInterceptor.java:43)
08-05 01:59:11.706  1111  7632 W System.err: 	at okhttp3.internal.http.RealInterceptorChain.proceed(RealInterceptorChain.java:142)
08-05 01:59:11.706  1111  7632 W System.err: 	at okhttp3.internal.http.RealInterceptorChain.proceed(RealInterceptorChain.java:117)
08-05 01:59:11.706  1111  7632 W System.err: 	at okhttp3.internal.cache.CacheInterceptor.intercept(CacheInterceptor.java:94)
08-05 01:59:11.706  1111  7632 W System.err: 	at okhttp3.internal.http.RealInterceptorChain.proceed(RealInterceptorChain.java:142)
08-05 01:59:11.706  1111  7632 W System.err: 	at okhttp3.internal.http.RealInterceptorChain.proceed(RealInterceptorChain.java:117)
08-05 01:59:11.706  1111  7632 W System.err: 	at okhttp3.internal.http.BridgeInterceptor.intercept(BridgeInterceptor.java:93)
08-05 01:59:11.707  1111  7632 W System.err: 	at okhttp3.internal.http.RealInterceptorChain.proceed(RealInterceptorChain.java:142)
08-05 01:59:11.707  1111  7632 W System.err: 	at okhttp3.internal.http.RetryAndFollowUpInterceptor.intercept(RetryAndFollowUpInterceptor.java:88)
08-05 01:59:11.707  1111  7632 W System.err: 	at okhttp3.internal.http.RealInterceptorChain.proceed(RealInterceptorChain.java:142)
08-05 01:59:11.707  1111  7632 W System.err: 	at okhttp3.internal.http.RealInterceptorChain.proceed(RealInterceptorChain.java:117)
08-05 01:59:11.707  1111  7632 W System.err: 	at nl.vu.cs.s2group.nappa.Nappa$CustomInterceptor.intercept(Nappa.java:875)
08-05 01:59:11.707  1111  7632 W System.err: 	at okhttp3.internal.http.RealInterceptorChain.proceed(RealInterceptorChain.java:142)
08-05 01:59:11.707  1111  7632 W System.err: 	at okhttp3.internal.http.RealInterceptorChain.proceed(RealInterceptorChain.java:117)
08-05 01:59:11.707  1111  7632 W System.err: 	at okhttp3.RealCall.getResponseWithInterceptorChain(RealCall.java:229)
08-05 01:59:11.707  1111  7632 W System.err: 	at okhttp3.RealCall.execute(RealCall.java:81)
08-05 01:59:11.707  1111  7632 W System.err: 	at nappagreedy.com.newsblur.network.APIResponse.<init>(APIResponse.java:57)
08-05 01:59:11.707  1111  7632 W System.err: 	at nappagreedy.com.newsblur.network.APIResponse.<init>(APIResponse.java:43)
08-05 01:59:11.707  1111  7632 W System.err: 	at nappagreedy.com.newsblur.network.APIManager.post_single(APIManager.java:703)
08-05 01:59:11.707  1111  7632 W System.err: 	at nappagreedy.com.newsblur.network.APIManager.post(APIManager.java:676)
08-05 01:59:11.707  1111  7632 W System.err: 	at nappagreedy.com.newsblur.network.APIManager.post(APIManager.java:715)
08-05 01:59:11.707  1111  7632 W System.err: 	at nappagreedy.com.newsblur.network.APIManager.markStoryAsRead(APIManager.java:206)
08-05 01:59:11.707  1111  7632 W System.err: 	at nappagreedy.com.newsblur.util.ReadingAction.doRemote(ReadingAction.java:281)
08-05 01:59:11.707  1111  7632 W System.err: 	at nappagreedy.com.newsblur.service.NBSyncService.syncActions(NBSyncService.java:400)
08-05 01:59:11.708  1111  7632 W System.err: 	at nappagreedy.com.newsblur.service.NBSyncService.doSync(NBSyncService.java:298)
08-05 01:59:11.708  1111  7632 W System.err: 	at nappagreedy.com.newsblur.service.NBSyncService.access$100(NBSyncService.java:67)
08-05 01:59:11.708  1111  7632 W System.err: 	at nappagreedy.com.newsblur.service.NBSyncService$1.run(NBSyncService.java:188)
08-05 01:59:11.708  1111  7632 W System.err: 	at java.util.concurrent.ThreadPoolExecutor.runWorker(ThreadPoolExecutor.java:1113)
08-05 01:59:11.708  1111  7632 W System.err: 	at java.util.concurrent.ThreadPoolExecutor$Worker.run(ThreadPoolExecutor.java:588)
08-05 01:59:11.708  1111  7632 W System.err: 	at java.lang.Thread.run(Thread.java:818)
08-05 01:59:11.708  1111  7632 W System.err: Caused by: java.io.EOFException: \n not found: limit=0 content=
08-05 01:59:11.708  1111  7632 W System.err: 	at okio.RealBufferedSource.readUtf8LineStrict(RealBufferedSource.java:240)
08-05 01:59:11.708  1111  7632 W System.err: 	at okhttp3.internal.http1.Http1ExchangeCodec.readHeaderLine(Http1ExchangeCodec.java:242)
08-05 01:59:11.709  1111  7632 W System.err: 	at okhttp3.internal.http1.Http1ExchangeCodec.readResponseHeaders(Http1ExchangeCodec.java:213)
08-05 01:59:11.709  1111  7632 W System.err: 	... 33 more
08-05 01:59:11.709  1111  7632 D CustomInterceptor: interceptor_finished : return_type #4 : interceptor failed, resuming the request chain with the original request
08-05 01:59:11.950  1111  1122 I art     : Starting a blocking GC Explicit
08-05 01:59:11.984  1111  1122 I art     : Explicit concurrent mark sweep GC freed 4056(230KB) AllocSpace objects, 1(20KB) LOS objects, 31% free, 35MB/51MB, paused 1.211ms total 33.097ms
08-05 01:59:11.996  1111  1122 I art     : Starting a blocking GC Explicit
08-05 01:59:12.027  1111  1122 I art     : Explicit concurrent mark sweep GC freed 109(3KB) AllocSpace objects, 0(0B) LOS objects, 31% free, 35MB/51MB, paused 1.080ms total 31.434ms
08-05 01:59:12.038  1111  1122 I art     : Starting a blocking GC Explicit
08-05 01:59:12.070  1111  1122 I art     : Explicit concurrent mark sweep GC freed 1597(62KB) AllocSpace objects, 0(0B) LOS objects, 31% free, 35MB/51MB, paused 1.224ms total 31.753ms
08-05 01:59:12.080  1111  1122 I art     : Starting a blocking GC Explicit
08-05 01:59:12.111  1111  1122 I art     : Explicit concurrent mark sweep GC freed 130(4KB) AllocSpace objects, 0(0B) LOS objects, 31% free, 35MB/51MB, paused 1.018ms total 30.802ms
08-05 01:59:12.120  1111  7632 E nappagreedy.com.newsblur.network.APIResponse: Error (unexpected end of stream on https://www.newsblur.com/...) calling https://www.newsblur.com/reader/mark_story_hashes_as_read/
08-05 01:59:12.120  1111  7632 E nappagreedy.com.newsblur.network.APIResponse: java.io.IOException: unexpected end of stream on https://www.newsblur.com/...
08-05 01:59:12.120  1111  7632 E nappagreedy.com.newsblur.network.APIResponse: 	at okhttp3.internal.http1.Http1ExchangeCodec.readResponseHeaders(Http1ExchangeCodec.java:236)
08-05 01:59:12.120  1111  7632 E nappagreedy.com.newsblur.network.APIResponse: 	at okhttp3.internal.connection.Exchange.readResponseHeaders(Exchange.java:115)
08-05 01:59:12.120  1111  7632 E nappagreedy.com.newsblur.network.APIResponse: 	at okhttp3.internal.http.CallServerInterceptor.intercept(CallServerInterceptor.java:94)
08-05 01:59:12.120  1111  7632 E nappagreedy.com.newsblur.network.APIResponse: 	at okhttp3.internal.http.RealInterceptorChain.proceed(RealInterceptorChain.java:142)
08-05 01:59:12.120  1111  7632 E nappagreedy.com.newsblur.network.APIResponse: 	at okhttp3.internal.connection.ConnectInterceptor.intercept(ConnectInterceptor.java:43)
08-05 01:59:12.120  1111  7632 E nappagreedy.com.newsblur.network.APIResponse: 	at okhttp3.internal.http.RealInterceptorChain.proceed(RealInterceptorChain.java:142)
08-05 01:59:12.120  1111  7632 E nappagreedy.com.newsblur.network.APIResponse: 	at okhttp3.internal.http.RealInterceptorChain.proceed(RealInterceptorChain.java:117)
08-05 01:59:12.120  1111  7632 E nappagreedy.com.newsblur.network.APIResponse: 	at okhttp3.internal.cache.CacheInterceptor.intercept(CacheInterceptor.java:94)
08-05 01:59:12.120  1111  7632 E nappagreedy.com.newsblur.network.APIResponse: 	at okhttp3.internal.http.RealInterceptorChain.proceed(RealInterceptorChain.java:142)
08-05 01:59:12.120  1111  7632 E nappagreedy.com.newsblur.network.APIResponse: 	at okhttp3.internal.http.RealInterceptorChain.proceed(RealInterceptorChain.java:117)
08-05 01:59:12.120  1111  7632 E nappagreedy.com.newsblur.network.APIResponse: 	at okhttp3.internal.http.BridgeInterceptor.intercept(BridgeInterceptor.java:93)
08-05 01:59:12.120  1111  7632 E nappagreedy.com.newsblur.network.APIResponse: 	at okhttp3.internal.http.RealInterceptorChain.proceed(RealInterceptorChain.java:142)
08-05 01:59:12.120  1111  7632 E nappagreedy.com.newsblur.network.APIResponse: 	at okhttp3.internal.http.RetryAndFollowUpInterceptor.intercept(RetryAndFollowUpInterceptor.java:88)
08-05 01:59:12.120  1111  7632 E nappagreedy.com.newsblur.network.APIResponse: 	at okhttp3.internal.http.RealInterceptorChain.proceed(RealInterceptorChain.java:142)
08-05 01:59:12.120  1111  7632 E nappagreedy.com.newsblur.network.APIResponse: 	at okhttp3.internal.http.RealInterceptorChain.proceed(RealInterceptorChain.java:117)
08-05 01:59:12.120  1111  7632 E nappagreedy.com.newsblur.network.APIResponse: 	at nl.vu.cs.s2group.nappa.Nappa$CustomInterceptor.intercept(Nappa.java:970)
08-05 01:59:12.120  1111  7632 E nappagreedy.com.newsblur.network.APIResponse: 	at okhttp3.internal.http.RealInterceptorChain.proceed(RealInterceptorChain.java:142)
08-05 01:59:12.120  1111  7632 E nappagreedy.com.newsblur.network.APIResponse: 	at okhttp3.internal.http.RealInterceptorChain.proceed(RealInterceptorChain.java:117)
08-05 01:59:12.120  1111  7632 E nappagreedy.com.newsblur.network.APIResponse: 	at okhttp3.RealCall.getResponseWithInterceptorChain(RealCall.java:229)
08-05 01:59:12.120  1111  7632 E nappagreedy.com.newsblur.network.APIResponse: 	at okhttp3.RealCall.execute(RealCall.java:81)
08-05 01:59:12.120  1111  7632 E nappagreedy.com.newsblur.network.APIResponse: 	at nappagreedy.com.newsblur.network.APIResponse.<init>(APIResponse.java:57)
08-05 01:59:12.120  1111  7632 E nappagreedy.com.newsblur.network.APIResponse: 	at nappagreedy.com.newsblur.network.APIResponse.<init>(APIResponse.java:43)
08-05 01:59:12.120  1111  7632 E nappagreedy.com.newsblur.network.APIResponse: 	at nappagreedy.com.newsblur.network.APIManager.post_single(APIManager.java:703)
08-05 01:59:12.120  1111  7632 E nappagreedy.com.newsblur.network.APIResponse: 	at nappagreedy.com.newsblur.network.APIManager.post(APIManager.java:676)
08-05 01:59:12.120  1111  7632 E nappagreedy.com.newsblur.network.APIResponse: 	at nappagreedy.com.newsblur.network.APIManager.post(APIManager.java:715)
08-05 01:59:12.120  1111  7632 E nappagreedy.com.newsblur.network.APIResponse: 	at nappagreedy.com.newsblur.network.APIManager.markStoryAsRead(APIManager.java:206)
08-05 01:59:12.120  1111  7632 E nappagreedy.com.newsblur.network.APIResponse: 	at nappagreedy.com.newsblur.util.ReadingAction.doRemote(ReadingAction.java:281)
08-05 01:59:12.120  1111  7632 E nappagreedy.com.newsblur.network.APIResponse: 	at nappagreedy.com.newsblur.service.NBSyncService.syncActions(NBSyncService.java:400)
08-05 01:59:12.120  1111  7632 E nappagreedy.com.newsblur.network.APIResponse: 	at nappagreedy.com.newsblur.service.NBSyncService.doSync(NBSyncService.java:298)
08-05 01:59:12.120  1111  7632 E nappagreedy.com.newsblur.network.APIResponse: 	at nappagreedy.com.newsblur.service.NBSyncService.access$100(NBSyncService.java:67)
08-05 01:59:12.120  1111  7632 E nappagreedy.com.newsblur.network.APIResponse: 	at nappagreedy.com.newsblur.service.NBSyncService$1.run(NBSyncService.java:188)
08-05 01:59:12.120  1111  7632 E nappagreedy.com.newsblur.network.APIResponse: 	at java.util.concurrent.ThreadPoolExecutor.runWorker(ThreadPoolExecutor.java:1113)
08-05 01:59:12.120  1111  7632 E nappagreedy.com.newsblur.network.APIResponse: 	at java.util.concurrent.ThreadPoolExecutor$Worker.run(ThreadPoolExecutor.java:588)
08-05 01:59:12.120  1111  7632 E nappagreedy.com.newsblur.network.APIResponse: 	at java.lang.Thread.run(Thread.java:818)
08-05 01:59:12.120  1111  7632 E nappagreedy.com.newsblur.network.APIResponse: Caused by: java.io.EOFException: \n not found: limit=0 content=
08-05 01:59:12.120  1111  7632 E nappagreedy.com.newsblur.network.APIResponse: 	at okio.RealBufferedSource.readUtf8LineStrict(RealBufferedSource.java:240)
08-05 01:59:12.120  1111  7632 E nappagreedy.com.newsblur.network.APIResponse: 	at okhttp3.internal.http1.Http1ExchangeCodec.readHeaderLine(Http1ExchangeCodec.java:242)
08-05 01:59:12.120  1111  7632 E nappagreedy.com.newsblur.network.APIResponse: 	at okhttp3.internal.http1.Http1ExchangeCodec.readResponseHeaders(Http1ExchangeCodec.java:213)
08-05 01:59:12.120  1111  7632 E nappagreedy.com.newsblur.network.APIResponse: 	... 33 more
08-05 01:59:12.121  1111  1122 I art     : Starting a blocking GC Explicit
08-05 01:59:12.125  1111  7632 I nappagreedy.com.newsblur.network.APIManager: API call failed, pausing before retry number 2
08-05 01:59:12.154  1111  1122 I art     : Explicit concurrent mark sweep GC freed 572(168KB) AllocSpace objects, 2(40KB) LOS objects, 31% free, 35MB/51MB, paused 1.361ms total 32.285ms
08-05 01:59:12.498  1111  1122 I art     : Starting a blocking GC Explicit
08-05 01:59:12.531  1111  1122 I art     : Explicit concurrent mark sweep GC freed 1984(142KB) AllocSpace objects, 1(20KB) LOS objects, 31% free, 35MB/51MB, paused 1.082ms total 33.222ms
08-05 01:59:12.543  1111  1122 I art     : Starting a blocking GC Explicit
08-05 01:59:12.576  1111  1122 I art     : Explicit concurrent mark sweep GC freed 34(1296B) AllocSpace objects, 0(0B) LOS objects, 31% free, 35MB/51MB, paused 1.011ms total 32.509ms
08-05 01:59:12.586  1111  1122 I art     : Starting a blocking GC Explicit
08-05 01:59:12.614  1111  1122 I art     : Explicit concurrent mark sweep GC freed 3(96B) AllocSpace objects, 0(0B) LOS objects, 31% free, 35MB/51MB, paused 973us total 28.114ms
08-05 01:59:12.624  1111  1122 I art     : Starting a blocking GC Explicit
08-05 01:59:12.653  1111  1122 I art     : Explicit concurrent mark sweep GC freed 3(96B) AllocSpace objects, 0(0B) LOS objects, 31% free, 35MB/51MB, paused 1.113ms total 28.003ms
08-05 01:59:12.664  1111  1122 I art     : Starting a blocking GC Explicit
08-05 01:59:12.696  1111  1122 I art     : Explicit concurrent mark sweep GC freed 3(96B) AllocSpace objects, 0(0B) LOS objects, 31% free, 35MB/51MB, paused 1.008ms total 31.829ms
08-05 01:59:13.048  1111  1122 I art     : Starting a blocking GC Explicit
08-05 01:59:13.081  1111  1122 I art     : Explicit concurrent mark sweep GC freed 1628(93KB) AllocSpace objects, 1(20KB) LOS objects, 31% free, 35MB/51MB, paused 1.029ms total 33.050ms
08-05 01:59:13.093  1111  1122 I art     : Starting a blocking GC Explicit
08-05 01:59:13.127  1111  1122 I art     : Explicit concurrent mark sweep GC freed 30(1104B) AllocSpace objects, 0(0B) LOS objects, 31% free, 35MB/51MB, paused 1.280ms total 33.396ms
08-05 01:59:13.138  1111  1122 I art     : Starting a blocking GC Explicit
08-05 01:59:13.171  1111  1122 I art     : Explicit concurrent mark sweep GC freed 3(96B) AllocSpace objects, 0(0B) LOS objects, 31% free, 35MB/51MB, paused 1.089ms total 33.268ms
08-05 01:59:13.182  1111  1122 I art     : Starting a blocking GC Explicit
08-05 01:59:13.213  1111  1122 I art     : Explicit concurrent mark sweep GC freed 3(96B) AllocSpace objects, 0(0B) LOS objects, 31% free, 35MB/51MB, paused 972us total 30.444ms
08-05 01:59:13.223  1111  1122 I art     : Starting a blocking GC Explicit
08-05 01:59:13.256  1111  1122 I art     : Explicit concurrent mark sweep GC freed 3(96B) AllocSpace objects, 0(0B) LOS objects, 31% free, 35MB/51MB, paused 1.361ms total 32.343ms
08-05 01:59:13.596  1111  1122 I art     : Starting a blocking GC Explicit
08-05 01:59:13.629  1111  1122 I art     : Explicit concurrent mark sweep GC freed 1628(93KB) AllocSpace objects, 1(20KB) LOS objects, 31% free, 35MB/51MB, paused 990us total 33.364ms
08-05 01:59:13.641  1111  1122 I art     : Starting a blocking GC Explicit
08-05 01:59:13.675  1111  1122 I art     : Explicit concurrent mark sweep GC freed 30(1104B) AllocSpace objects, 0(0B) LOS objects, 31% free, 35MB/51MB, paused 1.353ms total 33.510ms
08-05 01:59:13.686  1111  1122 I art     : Starting a blocking GC Explicit
08-05 01:59:13.718  1111  1122 I art     : Explicit concurrent mark sweep GC freed 3(96B) AllocSpace objects, 0(0B) LOS objects, 31% free, 35MB/51MB, paused 1.142ms total 31.639ms
08-05 01:59:13.729  1111  1122 I art     : Starting a blocking GC Explicit
08-05 01:59:13.757  1111  1122 I art     : Explicit concurrent mark sweep GC freed 3(96B) AllocSpace objects, 0(0B) LOS objects, 31% free, 35MB/51MB, paused 1.090ms total 27.552ms
08-05 01:59:13.766  1111  1122 I art     : Starting a blocking GC Explicit
08-05 01:59:13.793  1111  1122 I art     : Explicit concurrent mark sweep GC freed 3(96B) AllocSpace objects, 0(0B) LOS objects, 31% free, 35MB/51MB, paused 951us total 27.068ms
08-05 01:59:14.116  1111  7290 I art     : Starting a blocking GC Explicit
08-05 01:59:14.149  1111  7290 I art     : Explicit concurrent mark sweep GC freed 1630(93KB) AllocSpace objects, 1(20KB) LOS objects, 31% free, 35MB/51MB, paused 1.029ms total 32.778ms
08-05 01:59:14.162  1111  7290 I art     : Starting a blocking GC Explicit
08-05 01:59:14.196  1111  7290 I art     : Explicit concurrent mark sweep GC freed 30(1104B) AllocSpace objects, 0(0B) LOS objects, 31% free, 35MB/51MB, paused 1.123ms total 33.713ms
08-05 01:59:14.206  1111  7290 I art     : Starting a blocking GC Explicit
08-05 01:59:14.237  1111  7290 I art     : Explicit concurrent mark sweep GC freed 3(96B) AllocSpace objects, 0(0B) LOS objects, 31% free, 35MB/51MB, paused 1.094ms total 30.952ms
08-05 01:59:14.241   518   646 I ThermalEngine: ACTION: GPU - Setting GPU[0] to 450000000
08-05 01:59:14.250  1111  7290 I art     : Starting a blocking GC Explicit
08-05 01:59:14.290  1111  7290 I art     : Explicit concurrent mark sweep GC freed 3(96B) AllocSpace objects, 0(0B) LOS objects, 31% free, 35MB/51MB, paused 1.546ms total 39.514ms
08-05 01:59:14.303  1111  7290 I art     : Starting a blocking GC Explicit
08-05 01:59:14.342  1111  7290 I art     : Explicit concurrent mark sweep GC freed 3(96B) AllocSpace objects, 0(0B) LOS objects, 31% free, 35MB/51MB, paused 1.446ms total 39.480ms
08-05 01:59:14.715  1111  1123 I art     : Starting a blocking GC Explicit
08-05 01:59:14.757  1111  1123 I art     : Explicit concurrent mark sweep GC freed 1628(93KB) AllocSpace objects, 1(20KB) LOS objects, 31% free, 35MB/51MB, paused 1.520ms total 41.453ms
08-05 01:59:14.771  1111  1123 I art     : Starting a blocking GC Explicit
08-05 01:59:14.812  1111  1123 I art     : Explicit concurrent mark sweep GC freed 30(1104B) AllocSpace objects, 0(0B) LOS objects, 31% free, 35MB/51MB, paused 1.375ms total 41.274ms
08-05 01:59:14.825  1111  1123 I art     : Starting a blocking GC Explicit
08-05 01:59:14.867  1111  1123 I art     : Explicit concurrent mark sweep GC freed 3(96B) AllocSpace objects, 0(0B) LOS objects, 31% free, 35MB/51MB, paused 1.594ms total 41.427ms
08-05 01:59:14.882  1111  1123 I art     : Starting a blocking GC Explicit
08-05 01:59:14.920  1111  1123 I art     : Explicit concurrent mark sweep GC freed 3(96B) AllocSpace objects, 0(0B) LOS objects, 31% free, 35MB/51MB, paused 1.437ms total 38.335ms
08-05 01:59:14.934  1111  1123 I art     : Starting a blocking GC Explicit
08-05 01:59:14.973  1111  1123 I art     : Explicit concurrent mark sweep GC freed 3(96B) AllocSpace objects, 0(0B) LOS objects, 31% free, 35MB/51MB, paused 1.538ms total 38.980ms
08-05 01:59:15.129  1111  7632 D CustomInterceptor: NETWORK-PROVIDER https://www.newsblur.com/reader/mark_story_hashes_as_read/
08-05 01:59:15.129  1111  7632 D CustomInterceptor: HEADER REQUEST
08-05 01:59:15.129  1111  7632 D CustomInterceptor: Cache-Control max-age=300, max-stale=300
08-05 01:59:15.129  1111  7632 D CustomInterceptor: Cookie newsblur_sessionid=qlbd3ilzka7q9q07v2htr96j75kh6za7; Domain=.newsblur.com; expires=Thu, 04 Aug 2022 22:30:33 GMT; Max-Age=63072000; Path=/
08-05 01:59:15.130  1111  7632 D CustomInterceptor: CACHED STATS: size = '8', maxSize = '100', hitCount = '8', createCount = '0', putCount = '8', evictionCount = '0', missCount = '21', toString = 'LruCache[maxSize=100,hits=8,misses=21,hitRate=27%]', 
08-05 01:59:15.130  1111  7632 D CustomInterceptor: PREFLIB NOT A GET REQUEST OR NOT IN CACHEPOST
08-05 01:59:15.340  1111  7290 I art     : Starting a blocking GC Explicit
08-05 01:59:15.383  1111  7290 I art     : Explicit concurrent mark sweep GC freed 1859(107KB) AllocSpace objects, 1(20KB) LOS objects, 31% free, 35MB/51MB, paused 1.516ms total 42.634ms
08-05 01:59:15.398  1111  7290 I art     : Starting a blocking GC Explicit
08-05 01:59:15.437  1111  7290 I art     : Explicit concurrent mark sweep GC freed 44(1696B) AllocSpace objects, 0(0B) LOS objects, 31% free, 35MB/51MB, paused 1.470ms total 38.883ms
08-05 01:59:15.451  1111  7290 I art     : Starting a blocking GC Explicit
08-05 01:59:15.492  1111  7290 I art     : Explicit concurrent mark sweep GC freed 3(96B) AllocSpace objects, 0(0B) LOS objects, 31% free, 35MB/51MB, paused 1.486ms total 40.425ms
08-05 01:59:15.506  1111  7290 I art     : Starting a blocking GC Explicit
08-05 01:59:15.546  1111  7290 I art     : Explicit concurrent mark sweep GC freed 3(96B) AllocSpace objects, 0(0B) LOS objects, 31% free, 35MB/51MB, paused 1.412ms total 39.752ms
08-05 01:59:15.559  1111  7290 I art     : Starting a blocking GC Explicit
08-05 01:59:15.598  1111  7290 I art     : Explicit concurrent mark sweep GC freed 3(96B) AllocSpace objects, 0(0B) LOS objects, 31% free, 35MB/51MB, paused 1.477ms total 38.811ms
08-05 01:59:15.695  1111  7632 D CustomInterceptor: Interceptor exiting with exception java.io.IOException: unexpected end of stream on https://www.newsblur.com/...
08-05 01:59:15.695  1111  7632 W System.err: java.io.IOException: unexpected end of stream on https://www.newsblur.com/...
08-05 01:59:15.695  1111  7632 W System.err: 	at okhttp3.internal.http1.Http1ExchangeCodec.readResponseHeaders(Http1ExchangeCodec.java:236)
08-05 01:59:15.695  1111  7632 W System.err: 	at okhttp3.internal.connection.Exchange.readResponseHeaders(Exchange.java:115)
08-05 01:59:15.695  1111  7632 W System.err: 	at okhttp3.internal.http.CallServerInterceptor.intercept(CallServerInterceptor.java:94)
08-05 01:59:15.695  1111  7632 W System.err: 	at okhttp3.internal.http.RealInterceptorChain.proceed(RealInterceptorChain.java:142)
08-05 01:59:15.695  1111  7632 W System.err: 	at okhttp3.internal.connection.ConnectInterceptor.intercept(ConnectInterceptor.java:43)
08-05 01:59:15.696  1111  7632 W System.err: 	at okhttp3.internal.http.RealInterceptorChain.proceed(RealInterceptorChain.java:142)
08-05 01:59:15.696  1111  7632 W System.err: 	at okhttp3.internal.http.RealInterceptorChain.proceed(RealInterceptorChain.java:117)
08-05 01:59:15.696  1111  7632 W System.err: 	at okhttp3.internal.cache.CacheInterceptor.intercept(CacheInterceptor.java:94)
08-05 01:59:15.696  1111  7632 W System.err: 	at okhttp3.internal.http.RealInterceptorChain.proceed(RealInterceptorChain.java:142)
08-05 01:59:15.696  1111  7632 W System.err: 	at okhttp3.internal.http.RealInterceptorChain.proceed(RealInterceptorChain.java:117)
08-05 01:59:15.696  1111  7632 W System.err: 	at okhttp3.internal.http.BridgeInterceptor.intercept(BridgeInterceptor.java:93)
08-05 01:59:15.696  1111  7632 W System.err: 	at okhttp3.internal.http.RealInterceptorChain.proceed(RealInterceptorChain.java:142)
08-05 01:59:15.696  1111  7632 W System.err: 	at okhttp3.internal.http.RetryAndFollowUpInterceptor.intercept(RetryAndFollowUpInterceptor.java:88)
08-05 01:59:15.696  1111  7632 W System.err: 	at okhttp3.internal.http.RealInterceptorChain.proceed(RealInterceptorChain.java:142)
08-05 01:59:15.696  1111  7632 W System.err: 	at okhttp3.internal.http.RealInterceptorChain.proceed(RealInterceptorChain.java:117)
08-05 01:59:15.696  1111  7632 W System.err: 	at nl.vu.cs.s2group.nappa.Nappa$CustomInterceptor.intercept(Nappa.java:875)
08-05 01:59:15.696  1111  7632 W System.err: 	at okhttp3.internal.http.RealInterceptorChain.proceed(RealInterceptorChain.java:142)
08-05 01:59:15.696  1111  7632 W System.err: 	at okhttp3.internal.http.RealInterceptorChain.proceed(RealInterceptorChain.java:117)
08-05 01:59:15.696  1111  7632 W System.err: 	at okhttp3.RealCall.getResponseWithInterceptorChain(RealCall.java:229)
08-05 01:59:15.696  1111  7632 W System.err: 	at okhttp3.RealCall.execute(RealCall.java:81)
08-05 01:59:15.697  1111  7632 W System.err: 	at nappagreedy.com.newsblur.network.APIResponse.<init>(APIResponse.java:57)
08-05 01:59:15.697  1111  7632 W System.err: 	at nappagreedy.com.newsblur.network.APIResponse.<init>(APIResponse.java:43)
08-05 01:59:15.697  1111  7632 W System.err: 	at nappagreedy.com.newsblur.network.APIManager.post_single(APIManager.java:703)
08-05 01:59:15.697  1111  7632 W System.err: 	at nappagreedy.com.newsblur.network.APIManager.post(APIManager.java:676)
08-05 01:59:15.697  1111  7632 W System.err: 	at nappagreedy.com.newsblur.network.APIManager.post(APIManager.java:715)
08-05 01:59:15.697  1111  7632 W System.err: 	at nappagreedy.com.newsblur.network.APIManager.markStoryAsRead(APIManager.java:206)
08-05 01:59:15.697  1111  7632 W System.err: 	at nappagreedy.com.newsblur.util.ReadingAction.doRemote(ReadingAction.java:281)
08-05 01:59:15.697  1111  7632 W System.err: 	at nappagreedy.com.newsblur.service.NBSyncService.syncActions(NBSyncService.java:400)
08-05 01:59:15.697  1111  7632 W System.err: 	at nappagreedy.com.newsblur.service.NBSyncService.doSync(NBSyncService.java:298)
08-05 01:59:15.697  1111  7632 W System.err: 	at nappagreedy.com.newsblur.service.NBSyncService.access$100(NBSyncService.java:67)
08-05 01:59:15.697  1111  7632 W System.err: 	at nappagreedy.com.newsblur.service.NBSyncService$1.run(NBSyncService.java:188)
08-05 01:59:15.697  1111  7632 W System.err: 	at java.util.concurrent.ThreadPoolExecutor.runWorker(ThreadPoolExecutor.java:1113)
08-05 01:59:15.697  1111  7632 W System.err: 	at java.util.concurrent.ThreadPoolExecutor$Worker.run(ThreadPoolExecutor.java:588)
08-05 01:59:15.697  1111  7632 W System.err: 	at java.lang.Thread.run(Thread.java:818)
08-05 01:59:15.697  1111  7632 W System.err: Caused by: java.io.EOFException: \n not found: limit=0 content=
08-05 01:59:15.698  1111  7632 W System.err: 	at okio.RealBufferedSource.readUtf8LineStrict(RealBufferedSource.java:240)
08-05 01:59:15.698  1111  7632 W System.err: 	at okhttp3.internal.http1.Http1ExchangeCodec.readHeaderLine(Http1ExchangeCodec.java:242)
08-05 01:59:15.698  1111  7632 W System.err: 	at okhttp3.internal.http1.Http1ExchangeCodec.readResponseHeaders(Http1ExchangeCodec.java:213)
08-05 01:59:15.698  1111  7632 W System.err: 	... 33 more
08-05 01:59:15.698  1111  7632 D CustomInterceptor: interceptor_finished : return_type #4 : interceptor failed, resuming the request chain with the original request
08-05 01:59:15.952  1111  1122 I art     : Starting a blocking GC Explicit
08-05 01:59:15.996  1111  1122 I art     : Explicit concurrent mark sweep GC freed 4055(229KB) AllocSpace objects, 1(20KB) LOS objects, 31% free, 35MB/51MB, paused 1.673ms total 43.537ms
08-05 01:59:16.009  1111  1122 I art     : Starting a blocking GC Explicit
08-05 01:59:16.049  1111  1122 I art     : Explicit concurrent mark sweep GC freed 109(3KB) AllocSpace objects, 0(0B) LOS objects, 31% free, 35MB/51MB, paused 1.719ms total 39.359ms
08-05 01:59:16.063  1111  1122 I art     : Starting a blocking GC Explicit
