08-05 03:25:39.313 23871 24153 D Nappa   : F1_SCORE - Intercept list (10)= [https://www.newsblur.com/reader/feeds/?update_counts=true, https://www.newsblur.com/reader/unread_story_hashes?include_timestamps=1, https://www.newsblur.com/social/river_stories?order=newest&page=1&read_filter=all&global_feed=true, https://www.newsblur.com/rss_feeds/icon/0, https://s3.amazonaws.com/icons.newsblur.com/6882243.png, https://s3.amazonaws.com/icons.newsblur.com/18178.png, https://s3.amazonaws.com/icons.newsblur.com/5762506.png, http://feeds.feedburner.com/~r/retort/~4/UffaFMiJbNs, https://images.fastcompany.net/image/upload/w_1280,q_auto,f_auto,fl_lossy/wp-cms/uploads/2020/07/p-1-90532920-this-chart-shows-how-effective-masks-can-be.png, https://www.gravatar.com/avatar/f5934485a0863578733c447016505547]
08-05 03:25:39.313 23871 24153 D Nappa   : F1_SCORE - Prefetch list (0)= []
08-05 03:25:39.313 23871 24153 D Nappa   : F1_SCORE - TP list (0)= []
08-05 03:25:39.313 23871 24153 D Nappa   : F1_SCORE - FN list (10)= [https://www.newsblur.com/reader/feeds/?update_counts=true, https://www.newsblur.com/reader/unread_story_hashes?include_timestamps=1, https://www.newsblur.com/social/river_stories?order=newest&page=1&read_filter=all&global_feed=true, https://www.newsblur.com/rss_feeds/icon/0, https://s3.amazonaws.com/icons.newsblur.com/6882243.png, https://s3.amazonaws.com/icons.newsblur.com/18178.png, https://s3.amazonaws.com/icons.newsblur.com/5762506.png, http://feeds.feedburner.com/~r/retort/~4/UffaFMiJbNs, https://images.fastcompany.net/image/upload/w_1280,q_auto,f_auto,fl_lossy/wp-cms/uploads/2020/07/p-1-90532920-this-chart-shows-how-effective-masks-can-be.png, https://www.gravatar.com/avatar/f5934485a0863578733c447016505547]
08-05 03:25:39.313 23871 24153 I NAPPA_EXPERIMENTATION: MetricPrefetchingAccuracy: LOG_ID='16',F1_SCORE_1='0.0',F1_SCORE_2='0.0',TRUE_POSITIVE='0',FALSE_POSITIVE='0',FALSE_NEGATIVE='10',
08-05 03:25:39.313 23871 24153 D CustomInterceptor: HEADER REQUEST
08-05 03:25:39.313 23871 24155 D Nappa   : F1_SCORE add_intercept_url - (already in) - https://www.gravatar.com/avatar/f5934485a0863578733c447016505547
08-05 03:25:39.313 23871 24153 D CustomInterceptor: Cache-Control max-age=300, max-stale=300
08-05 03:25:39.313 23871 24155 D Nappa   : F1_SCORE add_fn_url - (already in) - https://www.gravatar.com/avatar/f5934485a0863578733c447016505547
08-05 03:25:39.313 23871 24155 D Nappa   : -------------F1_SCORE #16 -----------
08-05 03:25:39.313 23871 24153 D CustomInterceptor: CACHED STATS: size = '8', maxSize = '100', hitCount = '8', createCount = '0', putCount = '8', evictionCount = '0', missCount = '15', toString = 'LruCache[maxSize=100,hits=8,misses=15,hitRate=34%]', 
08-05 03:25:39.313 23871 24153 D CustomInterceptor: PREFLIB NOT A GET REQUEST OR NOT IN CACHEGET
08-05 03:25:39.313 23871 24155 D Nappa   : F1_SCORE - Intercept list (10)= [https://www.newsblur.com/reader/feeds/?update_counts=true, https://www.newsblur.com/reader/unread_story_hashes?include_timestamps=1, https://www.newsblur.com/social/river_stories?order=newest&page=1&read_filter=all&global_feed=true, https://www.newsblur.com/rss_feeds/icon/0, https://s3.amazonaws.com/icons.newsblur.com/6882243.png, https://s3.amazonaws.com/icons.newsblur.com/18178.png, https://s3.amazonaws.com/icons.newsblur.com/5762506.png, http://feeds.feedburner.com/~r/retort/~4/UffaFMiJbNs, https://images.fastcompany.net/image/upload/w_1280,q_auto,f_auto,fl_lossy/wp-cms/uploads/2020/07/p-1-90532920-this-chart-shows-how-effective-masks-can-be.png, https://www.gravatar.com/avatar/f5934485a0863578733c447016505547]
08-05 03:25:39.313 23871 24155 D Nappa   : F1_SCORE - Prefetch list (0)= []
08-05 03:25:39.313 23871 24155 D Nappa   : F1_SCORE - TP list (0)= []
08-05 03:25:39.313 23871 24155 D Nappa   : F1_SCORE - FN list (10)= [https://www.newsblur.com/reader/feeds/?update_counts=true, https://www.newsblur.com/reader/unread_story_hashes?include_timestamps=1, https://www.newsblur.com/social/river_stories?order=newest&page=1&read_filter=all&global_feed=true, https://www.newsblur.com/rss_feeds/icon/0, https://s3.amazonaws.com/icons.newsblur.com/6882243.png, https://s3.amazonaws.com/icons.newsblur.com/18178.png, https://s3.amazonaws.com/icons.newsblur.com/5762506.png, http://feeds.feedburner.com/~r/retort/~4/UffaFMiJbNs, https://images.fastcompany.net/image/upload/w_1280,q_auto,f_auto,fl_lossy/wp-cms/uploads/2020/07/p-1-90532920-this-chart-shows-how-effective-masks-can-be.png, https://www.gravatar.com/avatar/f5934485a0863578733c447016505547]
08-05 03:25:39.314 23871 24155 I NAPPA_EXPERIMENTATION: MetricPrefetchingAccuracy: LOG_ID='17',F1_SCORE_1='0.0',F1_SCORE_2='0.0',TRUE_POSITIVE='0',FALSE_POSITIVE='0',FALSE_NEGATIVE='10',
08-05 03:25:39.314 23871 24155 D CustomInterceptor: HEADER REQUEST
08-05 03:25:39.314 23871 24155 D CustomInterceptor: Cache-Control max-age=300, max-stale=300
08-05 03:25:39.314 23871 24155 D CustomInterceptor: CACHED STATS: size = '8', maxSize = '100', hitCount = '8', createCount = '0', putCount = '8', evictionCount = '0', missCount = '16', toString = 'LruCache[maxSize=100,hits=8,misses=16,hitRate=33%]', 
08-05 03:25:39.314 23871 24155 D CustomInterceptor: PREFLIB NOT A GET REQUEST OR NOT IN CACHEGET
08-05 03:25:39.342 23871 24465 W cr_media: Requires BLUETOOTH permission
08-05 03:25:39.372 23871 24493 E libEGL  : validate_display:255 error 3008 (EGL_BAD_DISPLAY)
08-05 03:25:39.379 23871 23889 D Nappa   : registerActivity: (already in) nappagreedy.com.newsblur.activity.GlobalSharedStoriesReading
08-05 03:25:39.380 23871 23889 D Nappa   : PARENTS 
08-05 03:25:39.380 23871 23889 D Nappa   : Of: nappagreedy.com.newsblur.activity.GlobalSharedStoriesReading -> 
08-05 03:25:39.380 23871 23889 D Nappa   : PARENTS nappagreedy.com.newsblur.activity.GlobalSharedStoriesItemsList
08-05 03:25:39.380 23871 23889 D Nappa   : PARENTS has extra: (story_hash, 0:65a6e4)
08-05 03:25:39.380 23871 23889 D Nappa   : PARENTS has extra: (feed_set, nappagreedy.com.newsblur.util.FeedSet@e)
08-05 03:25:39.380 23871 23889 D Nappa   : PARENTS nappagreedy.com.newsblur.activity.Main
08-05 03:25:39.381 23871 23889 D Nappa   : PARENTS has extra: (feed_set, nappagreedy.com.newsblur.util.FeedSet@e)
08-05 03:25:39.381 23871 24449 I art     : Starting a blocking GC Explicit
08-05 03:25:39.405   380   380 W SurfaceFlinger: couldn't log to binary event log: overflow.
08-05 03:25:39.415 23871 24449 I art     : Explicit concurrent mark sweep GC freed 19937(1585KB) AllocSpace objects, 16(364KB) LOS objects, 31% free, 35MB/51MB, paused 851us total 33.605ms
08-05 03:25:39.422 23871 24449 I art     : Starting a blocking GC Explicit
08-05 03:25:39.436 23871 24501 D Nappa   : TAG okHttpClient initialized
08-05 03:25:39.449 23871 24449 I art     : Explicit concurrent mark sweep GC freed 4178(314KB) AllocSpace objects, 3(60KB) LOS objects, 31% free, 35MB/51MB, paused 988us total 26.872ms
08-05 03:25:39.450 23871 24501 D CustomInterceptor: NETWORK-PROVIDER https://www.newsblur.com/reader/mark_story_hashes_as_read/
08-05 03:25:39.450 23871 24501 D CustomInterceptor: HEADER REQUEST
08-05 03:25:39.450 23871 24501 D CustomInterceptor: Cache-Control max-age=300, max-stale=300
08-05 03:25:39.450 23871 24501 D CustomInterceptor: Cookie newsblur_sessionid=qlbd3ilzka7q9q07v2htr96j75kh6za7; Domain=.newsblur.com; expires=Thu, 04 Aug 2022 22:30:33 GMT; Max-Age=63072000; Path=/
08-05 03:25:39.450 23871 24501 D CustomInterceptor: CACHED STATS: size = '8', maxSize = '100', hitCount = '8', createCount = '0', putCount = '8', evictionCount = '0', missCount = '17', toString = 'LruCache[maxSize=100,hits=8,misses=17,hitRate=32%]', 
08-05 03:25:39.450 23871 24501 D CustomInterceptor: PREFLIB NOT A GET REQUEST OR NOT IN CACHEPOST
08-05 03:25:39.464 23871 24449 I art     : Starting a blocking GC Explicit
08-05 03:25:39.481 23871 23889 D Nappa   : registerActivity: (already in) nappagreedy.com.newsblur.activity.GlobalSharedStoriesReading
08-05 03:25:39.481 23871 23889 D Nappa   : PARENTS 
08-05 03:25:39.481 23871 23889 D Nappa   : Of: nappagreedy.com.newsblur.activity.GlobalSharedStoriesReading -> 
08-05 03:25:39.481 23871 23889 D Nappa   : PARENTS nappagreedy.com.newsblur.activity.GlobalSharedStoriesItemsList
08-05 03:25:39.481 23871 23889 D Nappa   : PARENTS has extra: (story_hash, 0:65a6e4)
08-05 03:25:39.481 23871 23889 D Nappa   : PARENTS has extra: (feed_set, nappagreedy.com.newsblur.util.FeedSet@e)
08-05 03:25:39.481 23871 23889 D Nappa   : PARENTS nappagreedy.com.newsblur.activity.Main
08-05 03:25:39.481 23871 23889 D Nappa   : PARENTS has extra: (feed_set, nappagreedy.com.newsblur.util.FeedSet@e)
08-05 03:25:39.490 23871 24449 I art     : Explicit concurrent mark sweep GC freed 5409(342KB) AllocSpace objects, 4(88KB) LOS objects, 31% free, 35MB/51MB, paused 1.115ms total 26.039ms
08-05 03:25:39.499 23871 24449 I art     : Starting a blocking GC Explicit
08-05 03:25:39.521 23871 24449 I art     : Explicit concurrent mark sweep GC freed 955(93KB) AllocSpace objects, 2(48KB) LOS objects, 31% free, 35MB/51MB, paused 831us total 21.741ms
08-05 03:25:39.528 23871 24449 I art     : Starting a blocking GC Explicit
08-05 03:25:39.549 23871 24449 I art     : Explicit concurrent mark sweep GC freed 153(6KB) AllocSpace objects, 0(0B) LOS objects, 31% free, 35MB/51MB, paused 775us total 20.817ms
08-05 03:25:39.582 23871 23889 D Nappa   : registerActivity: (already in) nappagreedy.com.newsblur.activity.GlobalSharedStoriesReading
08-05 03:25:39.582 23871 23889 D Nappa   : PARENTS 
08-05 03:25:39.582 23871 23889 D Nappa   : Of: nappagreedy.com.newsblur.activity.GlobalSharedStoriesReading -> 
08-05 03:25:39.582 23871 23889 D Nappa   : PARENTS nappagreedy.com.newsblur.activity.GlobalSharedStoriesItemsList
08-05 03:25:39.582 23871 23889 D Nappa   : PARENTS has extra: (story_hash, 0:65a6e4)
08-05 03:25:39.582 23871 23889 D Nappa   : PARENTS has extra: (feed_set, nappagreedy.com.newsblur.util.FeedSet@e)
08-05 03:25:39.582 23871 23889 D Nappa   : PARENTS nappagreedy.com.newsblur.activity.Main
08-05 03:25:39.582 23871 23889 D Nappa   : PARENTS has extra: (feed_set, nappagreedy.com.newsblur.util.FeedSet@e)
08-05 03:25:39.682 23871 23889 D Nappa   : registerActivity: (already in) nappagreedy.com.newsblur.activity.GlobalSharedStoriesReading
08-05 03:25:39.682 23871 23889 D Nappa   : PARENTS 
08-05 03:25:39.682 23871 23889 D Nappa   : Of: nappagreedy.com.newsblur.activity.GlobalSharedStoriesReading -> 
08-05 03:25:39.682 23871 23889 D Nappa   : PARENTS nappagreedy.com.newsblur.activity.GlobalSharedStoriesItemsList
08-05 03:25:39.683 23871 23889 D Nappa   : PARENTS has extra: (story_hash, 0:65a6e4)
08-05 03:25:39.683 23871 23889 D Nappa   : PARENTS has extra: (feed_set, nappagreedy.com.newsblur.util.FeedSet@e)
08-05 03:25:39.683 23871 23889 D Nappa   : PARENTS nappagreedy.com.newsblur.activity.Main
08-05 03:25:39.683 23871 23889 D Nappa   : PARENTS has extra: (feed_set, nappagreedy.com.newsblur.util.FeedSet@e)
08-05 03:25:39.770 23871 24158 D CustomInterceptor: Interceptor exiting with exception java.io.IOException: unexpected end of stream on https://www.newsblur.com/...
08-05 03:25:39.770 23871 24158 W System.err: java.io.IOException: unexpected end of stream on https://www.newsblur.com/...
08-05 03:25:39.770 23871 24158 W System.err: 	at okhttp3.internal.http1.Http1ExchangeCodec.readResponseHeaders(Http1ExchangeCodec.java:236)
08-05 03:25:39.770 23871 24158 W System.err: 	at okhttp3.internal.connection.Exchange.readResponseHeaders(Exchange.java:115)
08-05 03:25:39.770 23871 24158 W System.err: 	at okhttp3.internal.http.CallServerInterceptor.intercept(CallServerInterceptor.java:94)
08-05 03:25:39.770 23871 24158 W System.err: 	at okhttp3.internal.http.RealInterceptorChain.proceed(RealInterceptorChain.java:142)
08-05 03:25:39.770 23871 24158 W System.err: 	at okhttp3.internal.connection.ConnectInterceptor.intercept(ConnectInterceptor.java:43)
08-05 03:25:39.770 23871 24158 W System.err: 	at okhttp3.internal.http.RealInterceptorChain.proceed(RealInterceptorChain.java:142)
08-05 03:25:39.770 23871 24158 W System.err: 	at okhttp3.internal.http.RealInterceptorChain.proceed(RealInterceptorChain.java:117)
08-05 03:25:39.770 23871 24158 W System.err: 	at okhttp3.internal.cache.CacheInterceptor.intercept(CacheInterceptor.java:94)
08-05 03:25:39.770 23871 24158 W System.err: 	at okhttp3.internal.http.RealInterceptorChain.proceed(RealInterceptorChain.java:142)
08-05 03:25:39.771 23871 24158 W System.err: 	at okhttp3.internal.http.RealInterceptorChain.proceed(RealInterceptorChain.java:117)
08-05 03:25:39.771 23871 24158 W System.err: 	at okhttp3.internal.http.BridgeInterceptor.intercept(BridgeInterceptor.java:93)
08-05 03:25:39.771 23871 24158 W System.err: 	at okhttp3.internal.http.RealInterceptorChain.proceed(RealInterceptorChain.java:142)
08-05 03:25:39.771 23871 24158 W System.err: 	at okhttp3.internal.http.RetryAndFollowUpInterceptor.intercept(RetryAndFollowUpInterceptor.java:88)
08-05 03:25:39.771 23871 24158 W System.err: 	at okhttp3.internal.http.RealInterceptorChain.proceed(RealInterceptorChain.java:142)
08-05 03:25:39.771 23871 24158 W System.err: 	at okhttp3.internal.http.RealInterceptorChain.proceed(RealInterceptorChain.java:117)
08-05 03:25:39.771 23871 24158 W System.err: 	at nl.vu.cs.s2group.nappa.Nappa$CustomInterceptor.intercept(Nappa.java:875)
08-05 03:25:39.771 23871 24158 W System.err: 	at okhttp3.internal.http.RealInterceptorChain.proceed(RealInterceptorChain.java:142)
08-05 03:25:39.771 23871 24158 W System.err: 	at okhttp3.internal.http.RealInterceptorChain.proceed(RealInterceptorChain.java:117)
08-05 03:25:39.771 23871 24158 W System.err: 	at okhttp3.RealCall.getResponseWithInterceptorChain(RealCall.java:229)
08-05 03:25:39.771 23871 24158 W System.err: 	at okhttp3.RealCall.execute(RealCall.java:81)
08-05 03:25:39.771 23871 24158 W System.err: 	at nappagreedy.com.newsblur.util.NetworkUtils.loadURL(NetworkUtils.java:51)
08-05 03:25:39.771 23871 24158 W System.err: 	at nappagreedy.com.newsblur.util.FileCache.cacheFile(FileCache.java:75)
08-05 03:25:39.771 23871 24158 W System.err: 	at nappagreedy.com.newsblur.util.ImageLoader$PhotosLoader.run(ImageLoader.java:160)
08-05 03:25:39.771 23871 24158 W System.err: 	at java.util.concurrent.Executors$RunnableAdapter.call(Executors.java:423)
08-05 03:25:39.771 23871 24158 W System.err: 	at java.util.concurrent.FutureTask.run(FutureTask.java:237)
08-05 03:25:39.771 23871 24158 W System.err: 	at java.util.concurrent.ThreadPoolExecutor.runWorker(ThreadPoolExecutor.java:1113)
08-05 03:25:39.771 23871 24158 W System.err: 	at java.util.concurrent.ThreadPoolExecutor$Worker.run(ThreadPoolExecutor.java:588)
08-05 03:25:39.771 23871 24158 W System.err: 	at java.lang.Thread.run(Thread.java:818)
08-05 03:25:39.772 23871 24158 W System.err: Caused by: java.io.EOFException: \n not found: limit=0 content=
08-05 03:25:39.772 23871 24158 W System.err: 	at okio.RealBufferedSource.readUtf8LineStrict(RealBufferedSource.java:240)
08-05 03:25:39.772 23871 24158 W System.err: 	at okhttp3.internal.http1.Http1ExchangeCodec.readHeaderLine(Http1ExchangeCodec.java:242)
08-05 03:25:39.772 23871 24158 W System.err: 	at okhttp3.internal.http1.Http1ExchangeCodec.readResponseHeaders(Http1ExchangeCodec.java:213)
08-05 03:25:39.772 23871 24158 W System.err: 	... 27 more
08-05 03:25:39.772 23871 24158 D CustomInterceptor: interceptor_finished : return_type #4 : interceptor failed, resuming the request chain with the original request
08-05 03:25:39.783 23871 23889 D Nappa   : registerActivity: (already in) nappagreedy.com.newsblur.activity.GlobalSharedStoriesReading
08-05 03:25:39.784 23871 23889 D Nappa   : PARENTS 
08-05 03:25:39.784 23871 23889 D Nappa   : Of: nappagreedy.com.newsblur.activity.GlobalSharedStoriesReading -> 
08-05 03:25:39.784 23871 23889 D Nappa   : PARENTS nappagreedy.com.newsblur.activity.GlobalSharedStoriesItemsList
08-05 03:25:39.784 23871 23889 D Nappa   : PARENTS has extra: (story_hash, 0:65a6e4)
08-05 03:25:39.784 23871 23889 D Nappa   : PARENTS has extra: (feed_set, nappagreedy.com.newsblur.util.FeedSet@e)
08-05 03:25:39.784 23871 23889 D Nappa   : PARENTS nappagreedy.com.newsblur.activity.Main
08-05 03:25:39.784 23871 23889 D Nappa   : PARENTS has extra: (feed_set, nappagreedy.com.newsblur.util.FeedSet@e)
08-05 03:25:39.798 23871 24154 D CustomInterceptor: Interceptor exiting with exception java.io.IOException: unexpected end of stream on https://www.newsblur.com/...
08-05 03:25:39.798 23871 24154 W System.err: java.io.IOException: unexpected end of stream on https://www.newsblur.com/...
08-05 03:25:39.798 23871 24154 W System.err: 	at okhttp3.internal.http1.Http1ExchangeCodec.readResponseHeaders(Http1ExchangeCodec.java:236)
08-05 03:25:39.798 23871 24154 W System.err: 	at okhttp3.internal.connection.Exchange.readResponseHeaders(Exchange.java:115)
08-05 03:25:39.798 23871 24154 W System.err: 	at okhttp3.internal.http.CallServerInterceptor.intercept(CallServerInterceptor.java:94)
08-05 03:25:39.798 23871 24154 W System.err: 	at okhttp3.internal.http.RealInterceptorChain.proceed(RealInterceptorChain.java:142)
08-05 03:25:39.798 23871 24154 W System.err: 	at okhttp3.internal.connection.ConnectInterceptor.intercept(ConnectInterceptor.java:43)
08-05 03:25:39.798 23871 24154 W System.err: 	at okhttp3.internal.http.RealInterceptorChain.proceed(RealInterceptorChain.java:142)
08-05 03:25:39.798 23871 24154 W System.err: 	at okhttp3.internal.http.RealInterceptorChain.proceed(RealInterceptorChain.java:117)
08-05 03:25:39.799 23871 24154 W System.err: 	at okhttp3.internal.cache.CacheInterceptor.intercept(CacheInterceptor.java:94)
08-05 03:25:39.799 23871 24154 W System.err: 	at okhttp3.internal.http.RealInterceptorChain.proceed(RealInterceptorChain.java:142)
08-05 03:25:39.799 23871 24154 W System.err: 	at okhttp3.internal.http.RealInterceptorChain.proceed(RealInterceptorChain.java:117)
08-05 03:25:39.799 23871 24154 W System.err: 	at okhttp3.internal.http.BridgeInterceptor.intercept(BridgeInterceptor.java:93)
08-05 03:25:39.799 23871 24154 W System.err: 	at okhttp3.internal.http.RealInterceptorChain.proceed(RealInterceptorChain.java:142)
08-05 03:25:39.799 23871 24154 W System.err: 	at okhttp3.internal.http.RetryAndFollowUpInterceptor.intercept(RetryAndFollowUpInterceptor.java:88)
08-05 03:25:39.799 23871 24154 W System.err: 	at okhttp3.internal.http.RealInterceptorChain.proceed(RealInterceptorChain.java:142)
08-05 03:25:39.799 23871 24154 W System.err: 	at okhttp3.internal.http.RealInterceptorChain.proceed(RealInterceptorChain.java:117)
08-05 03:25:39.799 23871 24154 W System.err: 	at nl.vu.cs.s2group.nappa.Nappa$CustomInterceptor.intercept(Nappa.java:875)
08-05 03:25:39.799 23871 24154 W System.err: 	at okhttp3.internal.http.RealInterceptorChain.proceed(RealInterceptorChain.java:142)
08-05 03:25:39.799 23871 24154 W System.err: 	at okhttp3.internal.http.RealInterceptorChain.proceed(RealInterceptorChain.java:117)
08-05 03:25:39.799 23871 24154 W System.err: 	at okhttp3.RealCall.getResponseWithInterceptorChain(RealCall.java:229)
08-05 03:25:39.799 23871 24154 W System.err: 	at okhttp3.RealCall.execute(RealCall.java:81)
08-05 03:25:39.799 23871 24154 W System.err: 	at nappagreedy.com.newsblur.util.NetworkUtils.loadURL(NetworkUtils.java:51)
08-05 03:25:39.799 23871 24154 W System.err: 	at nappagreedy.com.newsblur.util.FileCache.cacheFile(FileCache.java:75)
08-05 03:25:39.799 23871 24154 W System.err: 	at nappagreedy.com.newsblur.util.ImageLoader$PhotosLoader.run(ImageLoader.java:160)
08-05 03:25:39.799 23871 24154 W System.err: 	at java.util.concurrent.Executors$RunnableAdapter.call(Executors.java:423)
08-05 03:25:39.799 23871 24154 W System.err: 	at java.util.concurrent.FutureTask.run(FutureTask.java:237)
08-05 03:25:39.799 23871 24154 W System.err: 	at java.util.concurrent.ThreadPoolExecutor.runWorker(ThreadPoolExecutor.java:1113)
08-05 03:25:39.799 23871 24154 W System.err: 	at java.util.concurrent.ThreadPoolExecutor$Worker.run(ThreadPoolExecutor.java:588)
08-05 03:25:39.800 23871 24154 W System.err: 	at java.lang.Thread.run(Thread.java:818)
08-05 03:25:39.800 23871 24154 W System.err: Caused by: java.io.EOFException: \n not found: limit=0 content=
08-05 03:25:39.800 23871 24154 W System.err: 	at okio.RealBufferedSource.readUtf8LineStrict(RealBufferedSource.java:240)
08-05 03:25:39.800 23871 24154 W System.err: 	at okhttp3.internal.http1.Http1ExchangeCodec.readHeaderLine(Http1ExchangeCodec.java:242)
08-05 03:25:39.800 23871 24154 W System.err: 	at okhttp3.internal.http1.Http1ExchangeCodec.readResponseHeaders(Http1ExchangeCodec.java:213)
08-05 03:25:39.800 23871 24154 W System.err: 	... 27 more
08-05 03:25:39.800 23871 24154 D CustomInterceptor: interceptor_finished : return_type #4 : interceptor failed, resuming the request chain with the original request
08-05 03:25:39.817 23871 23883 I art     : Starting a blocking GC Explicit
08-05 03:25:39.850 23871 23883 I art     : Explicit concurrent mark sweep GC freed 10080(550KB) AllocSpace objects, 1(20KB) LOS objects, 31% free, 35MB/51MB, paused 906us total 32.562ms
08-05 03:25:39.861 23871 23883 I art     : Starting a blocking GC Explicit
08-05 03:25:39.884 23871 23889 D Nappa   : registerActivity: (already in) nappagreedy.com.newsblur.activity.GlobalSharedStoriesReading
08-05 03:25:39.884 23871 23889 D Nappa   : PARENTS 
08-05 03:25:39.884 23871 23889 D Nappa   : Of: nappagreedy.com.newsblur.activity.GlobalSharedStoriesReading -> 
08-05 03:25:39.884 23871 23889 D Nappa   : PARENTS nappagreedy.com.newsblur.activity.GlobalSharedStoriesItemsList
08-05 03:25:39.884 23871 23889 D Nappa   : PARENTS has extra: (story_hash, 0:65a6e4)
08-05 03:25:39.884 23871 23889 D Nappa   : PARENTS has extra: (feed_set, nappagreedy.com.newsblur.util.FeedSet@e)
08-05 03:25:39.885 23871 23889 D Nappa   : PARENTS nappagreedy.com.newsblur.activity.Main
08-05 03:25:39.885 23871 23889 D Nappa   : PARENTS has extra: (feed_set, nappagreedy.com.newsblur.util.FeedSet@e)
08-05 03:25:39.885 23871 23889 D Nappa   : PREFETCH_ON_EXTRA - setCurrentActivity - starting new prediction
08-05 03:25:39.885 23871 23889 D Nappa   : Current node - currentActivityName - nappagreedy.com.newsblur.activity.GlobalSharedStoriesReading
08-05 03:25:39.885 23871 23889 D Nappa   : Current node - activityGraph.getCurrent() - nappagreedy.com.newsblur.activity.GlobalSharedStoriesReading
08-05 03:25:39.885 23871 23889 I NAPPA_EXPERIMENTATION: MetricNappaPrefetchingStrategyExecutionTime: STRATEGY_CLASS='GreedyPrefetchingStrategyOnVisitFrequencyAndTime',DURATION='40625',NUMBER_OF_URLS='0',NUMBER_OF_SELECTED_CHILDREN_NODES='0',NUMBER_OF_CHILDREN_NODES='0',STRATEGY_RUN_SUCCESSFULLY='True',
08-05 03:25:39.885 23871 23889 D GreedyPrefetchingStrategyOnVisitFrequencyAndTime: ==================================
08-05 03:25:39.885 23871 23889 D GreedyPrefetchingStrategyOnVisitFrequencyAndTime: Starting Run #4
08-05 03:25:39.885 23871 23889 D GreedyPrefetchingStrategyOnVisitFrequencyAndTime: ----------------------------------
08-05 03:25:39.885 23871 23889 D GreedyPrefetchingStrategyOnVisitFrequencyAndTime: Node data GlobalSharedStoriesReading 
08-05 03:25:39.885 23871 23889 D GreedyPrefetchingStrategyOnVisitFrequencyAndTime: 	Successors:
08-05 03:25:39.885 23871 23889 D GreedyPrefetchingStrategyOnVisitFrequencyAndTime: 
08-05 03:25:39.885 23871 23889 D GreedyPrefetchingStrategyOnVisitFrequencyAndTime: 	Ancestors:
08-05 03:25:39.885 23871 23889 D GreedyPrefetchingStrategyOnVisitFrequencyAndTime: 		GlobalSharedStoriesItemsList (0 hits)
08-05 03:25:39.885 23871 23889 D GreedyPrefetchingStrategyOnVisitFrequencyAndTime: 
08-05 03:25:39.885 23871 23889 D GreedyPrefetchingStrategyOnVisitFrequencyAndTime: MetricStrategyAccuracy inc execution count4 | act = true; extra = false
08-05 03:25:39.885 23871 23889 D GreedyPrefetchingStrategyOnVisitFrequencyAndTime: MetricStrategyAccuracy inc no sucessor count1 | act = true; extra = false
08-05 03:25:39.885 23871 23889 D GreedyPrefetchingStrategyOnVisitFrequencyAndTime: ------------- Recursion #1 -----------
08-05 03:25:39.885 23871 23889 D GreedyPrefetchingStrategyOnVisitFrequencyAndTime: Best successors so far []
08-05 03:25:39.885 23871 23889 D GreedyPrefetchingStrategyOnVisitFrequencyAndTime: Checking node GlobalSharedStoriesReading with 0 successors
08-05 03:25:39.885 23871 23889 D GreedyPrefetchingStrategyOnVisitFrequencyAndTime: this node has no successors
08-05 03:25:39.887 23871 23889 D GreedyPrefetchingStrategyOnVisitFrequencyAndTime: Next visited child will be []
08-05 03:25:39.887 23871 23889 D GreedyPrefetchingStrategyOnVisitFrequencyAndTime: ==================================
08-05 03:25:39.887 23871 23889 D Nappa   : PREFETCH_ON_EXTRA - setCurrentActivity - finished new prediction
08-05 03:25:39.891 23871 23883 I art     : Explicit concurrent mark sweep GC freed 2957(154KB) AllocSpace objects, 2(120KB) LOS objects, 30% free, 35MB/51MB, paused 1.151ms total 29.481ms
08-05 03:25:39.900 23871 23883 I art     : Starting a blocking GC Explicit
08-05 03:25:39.924 23871 23883 I art     : Explicit concurrent mark sweep GC freed 1051(122KB) AllocSpace objects, 1(80KB) LOS objects, 31% free, 35MB/51MB, paused 860us total 24.127ms
08-05 03:25:39.932 23871 23883 I art     : Starting a blocking GC Explicit
08-05 03:25:39.936 23871 24501 D CustomInterceptor: Interceptor exiting with exception java.io.IOException: unexpected end of stream on https://www.newsblur.com/...
08-05 03:25:39.936 23871 24501 W System.err: java.io.IOException: unexpected end of stream on https://www.newsblur.com/...
08-05 03:25:39.937 23871 24501 W System.err: 	at okhttp3.internal.http1.Http1ExchangeCodec.readResponseHeaders(Http1ExchangeCodec.java:236)
08-05 03:25:39.937 23871 24501 W System.err: 	at okhttp3.internal.connection.Exchange.readResponseHeaders(Exchange.java:115)
08-05 03:25:39.937 23871 24501 W System.err: 	at okhttp3.internal.http.CallServerInterceptor.intercept(CallServerInterceptor.java:94)
08-05 03:25:39.937 23871 24501 W System.err: 	at okhttp3.internal.http.RealInterceptorChain.proceed(RealInterceptorChain.java:142)
08-05 03:25:39.937 23871 24501 W System.err: 	at okhttp3.internal.connection.ConnectInterceptor.intercept(ConnectInterceptor.java:43)
08-05 03:25:39.937 23871 24501 W System.err: 	at okhttp3.internal.http.RealInterceptorChain.proceed(RealInterceptorChain.java:142)
08-05 03:25:39.937 23871 24501 W System.err: 	at okhttp3.internal.http.RealInterceptorChain.proceed(RealInterceptorChain.java:117)
08-05 03:25:39.937 23871 24501 W System.err: 	at okhttp3.internal.cache.CacheInterceptor.intercept(CacheInterceptor.java:94)
08-05 03:25:39.937 23871 24501 W System.err: 	at okhttp3.internal.http.RealInterceptorChain.proceed(RealInterceptorChain.java:142)
08-05 03:25:39.937 23871 24501 W System.err: 	at okhttp3.internal.http.RealInterceptorChain.proceed(RealInterceptorChain.java:117)
08-05 03:25:39.937 23871 24501 W System.err: 	at okhttp3.internal.http.BridgeInterceptor.intercept(BridgeInterceptor.java:93)
08-05 03:25:39.937 23871 24501 W System.err: 	at okhttp3.internal.http.RealInterceptorChain.proceed(RealInterceptorChain.java:142)
08-05 03:25:39.937 23871 24501 W System.err: 	at okhttp3.internal.http.RetryAndFollowUpInterceptor.intercept(RetryAndFollowUpInterceptor.java:88)
08-05 03:25:39.937 23871 24501 W System.err: 	at okhttp3.internal.http.RealInterceptorChain.proceed(RealInterceptorChain.java:142)
08-05 03:25:39.937 23871 24501 W System.err: 	at okhttp3.internal.http.RealInterceptorChain.proceed(RealInterceptorChain.java:117)
08-05 03:25:39.937 23871 24501 W System.err: 	at nl.vu.cs.s2group.nappa.Nappa$CustomInterceptor.intercept(Nappa.java:875)
08-05 03:25:39.937 23871 24501 W System.err: 	at okhttp3.internal.http.RealInterceptorChain.proceed(RealInterceptorChain.java:142)
08-05 03:25:39.937 23871 24501 W System.err: 	at okhttp3.internal.http.RealInterceptorChain.proceed(RealInterceptorChain.java:117)
08-05 03:25:39.937 23871 24501 W System.err: 	at okhttp3.RealCall.getResponseWithInterceptorChain(RealCall.java:229)
08-05 03:25:39.938 23871 24501 W System.err: 	at okhttp3.RealCall.execute(RealCall.java:81)
08-05 03:25:39.938 23871 24501 W System.err: 	at nappagreedy.com.newsblur.network.APIResponse.<init>(APIResponse.java:57)
08-05 03:25:39.938 23871 24501 W System.err: 	at nappagreedy.com.newsblur.network.APIResponse.<init>(APIResponse.java:43)
08-05 03:25:39.938 23871 24501 W System.err: 	at nappagreedy.com.newsblur.network.APIManager.post_single(APIManager.java:703)
08-05 03:25:39.938 23871 24501 W System.err: 	at nappagreedy.com.newsblur.network.APIManager.post(APIManager.java:676)
08-05 03:25:39.938 23871 24501 W System.err: 	at nappagreedy.com.newsblur.network.APIManager.post(APIManager.java:715)
08-05 03:25:39.938 23871 24501 W System.err: 	at nappagreedy.com.newsblur.network.APIManager.markStoryAsRead(APIManager.java:206)
08-05 03:25:39.938 23871 24501 W System.err: 	at nappagreedy.com.newsblur.util.ReadingAction.doRemote(ReadingAction.java:281)
08-05 03:25:39.938 23871 24501 W System.err: 	at nappagreedy.com.newsblur.service.NBSyncService.syncActions(NBSyncService.java:400)
08-05 03:25:39.938 23871 24501 W System.err: 	at nappagreedy.com.newsblur.service.NBSyncService.doSync(NBSyncService.java:298)
08-05 03:25:39.938 23871 24501 W System.err: 	at nappagreedy.com.newsblur.service.NBSyncService.access$100(NBSyncService.java:67)
08-05 03:25:39.938 23871 24501 W System.err: 	at nappagreedy.com.newsblur.service.NBSyncService$1.run(NBSyncService.java:188)
08-05 03:25:39.938 23871 24501 W System.err: 	at java.util.concurrent.ThreadPoolExecutor.runWorker(ThreadPoolExecutor.java:1113)
08-05 03:25:39.938 23871 24501 W System.err: 	at java.util.concurrent.ThreadPoolExecutor$Worker.run(ThreadPoolExecutor.java:588)
08-05 03:25:39.938 23871 24501 W System.err: 	at java.lang.Thread.run(Thread.java:818)
08-05 03:25:39.938 23871 24501 W System.err: Caused by: java.io.EOFException: \n not found: limit=0 content=
08-05 03:25:39.939 23871 24501 W System.err: 	at okio.RealBufferedSource.readUtf8LineStrict(RealBufferedSource.java:240)
08-05 03:25:39.939 23871 24501 W System.err: 	at okhttp3.internal.http1.Http1ExchangeCodec.readHeaderLine(Http1ExchangeCodec.java:242)
08-05 03:25:39.939 23871 24501 W System.err: 	at okhttp3.internal.http1.Http1ExchangeCodec.readResponseHeaders(Http1ExchangeCodec.java:213)
08-05 03:25:39.939 23871 24501 W System.err: 	... 33 more
08-05 03:25:39.939 23871 24501 D CustomInterceptor: interceptor_finished : return_type #4 : interceptor failed, resuming the request chain with the original request
08-05 03:25:39.957 23871 23883 I art     : Explicit concurrent mark sweep GC freed 647(53KB) AllocSpace objects, 0(0B) LOS objects, 31% free, 35MB/51MB, paused 999us total 24.907ms
08-05 03:25:39.965 23871 23883 I art     : Starting a blocking GC Explicit
08-05 03:25:39.990 23871 23883 I art     : Explicit concurrent mark sweep GC freed 121(17KB) AllocSpace objects, 0(0B) LOS objects, 31% free, 35MB/51MB, paused 792us total 24.072ms
08-05 03:25:40.179 20097 20097 I ServiceManager: Waiting for service AtCmdFwd...
08-05 03:25:40.213 23871 24154 D CustomInterceptor: NETWORK-PROVIDER https://www.gravatar.com/avatar/f5934485a0863578733c447016505547
08-05 03:25:40.214 23871 24154 D Nappa   : F1_SCORE add_intercept_url - (already in) - https://www.gravatar.com/avatar/f5934485a0863578733c447016505547
08-05 03:25:40.214 23871 24154 D Nappa   : F1_SCORE add_fn_url - (already in) - https://www.gravatar.com/avatar/f5934485a0863578733c447016505547
08-05 03:25:40.214 23871 24154 D Nappa   : -------------F1_SCORE #17 -----------
08-05 03:25:40.214 23871 24154 D Nappa   : F1_SCORE - Intercept list (10)= [https://www.newsblur.com/reader/feeds/?update_counts=true, https://www.newsblur.com/reader/unread_story_hashes?include_timestamps=1, https://www.newsblur.com/social/river_stories?order=newest&page=1&read_filter=all&global_feed=true, https://www.newsblur.com/rss_feeds/icon/0, https://s3.amazonaws.com/icons.newsblur.com/6882243.png, https://s3.amazonaws.com/icons.newsblur.com/18178.png, https://s3.amazonaws.com/icons.newsblur.com/5762506.png, http://feeds.feedburner.com/~r/retort/~4/UffaFMiJbNs, https://images.fastcompany.net/image/upload/w_1280,q_auto,f_auto,fl_lossy/wp-cms/uploads/2020/07/p-1-90532920-this-chart-shows-how-effective-masks-can-be.png, https://www.gravatar.com/avatar/f5934485a0863578733c447016505547]
08-05 03:25:40.214 23871 24154 D Nappa   : F1_SCORE - Prefetch list (0)= []
08-05 03:25:40.214 23871 24154 D Nappa   : F1_SCORE - TP list (0)= []
08-05 03:25:40.214 23871 24154 D Nappa   : F1_SCORE - FN list (10)= [https://www.newsblur.com/reader/feeds/?update_counts=true, https://www.newsblur.com/reader/unread_story_hashes?include_timestamps=1, https://www.newsblur.com/social/river_stories?order=newest&page=1&read_filter=all&global_feed=true, https://www.newsblur.com/rss_feeds/icon/0, https://s3.amazonaws.com/icons.newsblur.com/6882243.png, https://s3.amazonaws.com/icons.newsblur.com/18178.png, https://s3.amazonaws.com/icons.newsblur.com/5762506.png, http://feeds.feedburner.com/~r/retort/~4/UffaFMiJbNs, https://images.fastcompany.net/image/upload/w_1280,q_auto,f_auto,fl_lossy/wp-cms/uploads/2020/07/p-1-90532920-this-chart-shows-how-effective-masks-can-be.png, https://www.gravatar.com/avatar/f5934485a0863578733c447016505547]
08-05 03:25:40.214 23871 24154 I NAPPA_EXPERIMENTATION: MetricPrefetchingAccuracy: LOG_ID='18',F1_SCORE_1='0.0',F1_SCORE_2='0.0',TRUE_POSITIVE='0',FALSE_POSITIVE='0',FALSE_NEGATIVE='10',
08-05 03:25:40.215 23871 24154 D CustomInterceptor: HEADER REQUEST
08-05 03:25:40.215 23871 24154 D CustomInterceptor: Cache-Control max-age=300, max-stale=300
08-05 03:25:40.215 23871 24154 D CustomInterceptor: CACHED STATS: size = '8', maxSize = '100', hitCount = '8', createCount = '0', putCount = '8', evictionCount = '0', missCount = '18', toString = 'LruCache[maxSize=100,hits=8,misses=18,hitRate=30%]', 
08-05 03:25:40.215 23871 24154 D CustomInterceptor: PREFLIB NOT A GET REQUEST OR NOT IN CACHEGET
08-05 03:25:40.245 23871 24158 D CustomInterceptor: NETWORK-PROVIDER https://www.gravatar.com/avatar/f5934485a0863578733c447016505547
08-05 03:25:40.246 23871 24158 D Nappa   : F1_SCORE add_intercept_url - (already in) - https://www.gravatar.com/avatar/f5934485a0863578733c447016505547
08-05 03:25:40.246 23871 24158 D Nappa   : F1_SCORE add_fn_url - (already in) - https://www.gravatar.com/avatar/f5934485a0863578733c447016505547
08-05 03:25:40.247 23871 24158 D Nappa   : -------------F1_SCORE #18 -----------
08-05 03:25:40.247 23871 24158 D Nappa   : F1_SCORE - Intercept list (10)= [https://www.newsblur.com/reader/feeds/?update_counts=true, https://www.newsblur.com/reader/unread_story_hashes?include_timestamps=1, https://www.newsblur.com/social/river_stories?order=newest&page=1&read_filter=all&global_feed=true, https://www.newsblur.com/rss_feeds/icon/0, https://s3.amazonaws.com/icons.newsblur.com/6882243.png, https://s3.amazonaws.com/icons.newsblur.com/18178.png, https://s3.amazonaws.com/icons.newsblur.com/5762506.png, http://feeds.feedburner.com/~r/retort/~4/UffaFMiJbNs, https://images.fastcompany.net/image/upload/w_1280,q_auto,f_auto,fl_lossy/wp-cms/uploads/2020/07/p-1-90532920-this-chart-shows-how-effective-masks-can-be.png, https://www.gravatar.com/avatar/f5934485a0863578733c447016505547]
08-05 03:25:40.247 23871 24158 D Nappa   : F1_SCORE - Prefetch list (0)= []
08-05 03:25:40.247 23871 24158 D Nappa   : F1_SCORE - TP list (0)= []
08-05 03:25:40.247 23871 24158 D Nappa   : F1_SCORE - FN list (10)= [https://www.newsblur.com/reader/feeds/?update_counts=true, https://www.newsblur.com/reader/unread_story_hashes?include_timestamps=1, https://www.newsblur.com/social/river_stories?order=newest&page=1&read_filter=all&global_feed=true, https://www.newsblur.com/rss_feeds/icon/0, https://s3.amazonaws.com/icons.newsblur.com/6882243.png, https://s3.amazonaws.com/icons.newsblur.com/18178.png, https://s3.amazonaws.com/icons.newsblur.com/5762506.png, http://feeds.feedburner.com/~r/retort/~4/UffaFMiJbNs, https://images.fastcompany.net/image/upload/w_1280,q_auto,f_auto,fl_lossy/wp-cms/uploads/2020/07/p-1-90532920-this-chart-shows-how-effective-masks-can-be.png, https://www.gravatar.com/avatar/f5934485a0863578733c447016505547]
08-05 03:25:40.247 23871 24158 I NAPPA_EXPERIMENTATION: MetricPrefetchingAccuracy: LOG_ID='19',F1_SCORE_1='0.0',F1_SCORE_2='0.0',TRUE_POSITIVE='0',FALSE_POSITIVE='0',FALSE_NEGATIVE='10',
08-05 03:25:40.247 23871 24158 D CustomInterceptor: HEADER REQUEST
08-05 03:25:40.247 23871 24158 D CustomInterceptor: Cache-Control max-age=300, max-stale=300
08-05 03:25:40.248 23871 24158 D CustomInterceptor: CACHED STATS: size = '8', maxSize = '100', hitCount = '8', createCount = '0', putCount = '8', evictionCount = '0', missCount = '19', toString = 'LruCache[maxSize=100,hits=8,misses=19,hitRate=29%]', 
08-05 03:25:40.248 23871 24158 D CustomInterceptor: PREFLIB NOT A GET REQUEST OR NOT IN CACHEGET
08-05 03:25:40.301 23871 23882 I art     : Starting a blocking GC Explicit
08-05 03:25:40.314 23871 23889 D Nappa   : registerActivity: (already in) nappagreedy.com.newsblur.activity.GlobalSharedStoriesReading
08-05 03:25:40.314 23871 23889 D Nappa   : PARENTS 
08-05 03:25:40.314 23871 23889 D Nappa   : Of: nappagreedy.com.newsblur.activity.GlobalSharedStoriesReading -> 
08-05 03:25:40.314 23871 23889 D Nappa   : PARENTS nappagreedy.com.newsblur.activity.GlobalSharedStoriesItemsList
08-05 03:25:40.315 23871 23889 D Nappa   : PARENTS has extra: (story_hash, 0:65a6e4)
08-05 03:25:40.315 23871 23889 D Nappa   : PARENTS has extra: (feed_set, nappagreedy.com.newsblur.util.FeedSet@e)
08-05 03:25:40.315 23871 23889 D Nappa   : PARENTS nappagreedy.com.newsblur.activity.Main
08-05 03:25:40.315 23871 23889 D Nappa   : PARENTS has extra: (feed_set, nappagreedy.com.newsblur.util.FeedSet@e)
08-05 03:25:40.322 23871 24501 E nappagreedy.com.newsblur.network.APIResponse: Error (unexpected end of stream on https://www.newsblur.com/...) calling https://www.newsblur.com/reader/mark_story_hashes_as_read/
08-05 03:25:40.322 23871 24501 E nappagreedy.com.newsblur.network.APIResponse: java.io.IOException: unexpected end of stream on https://www.newsblur.com/...
08-05 03:25:40.322 23871 24501 E nappagreedy.com.newsblur.network.APIResponse: 	at okhttp3.internal.http1.Http1ExchangeCodec.readResponseHeaders(Http1ExchangeCodec.java:236)
08-05 03:25:40.322 23871 24501 E nappagreedy.com.newsblur.network.APIResponse: 	at okhttp3.internal.connection.Exchange.readResponseHeaders(Exchange.java:115)
08-05 03:25:40.322 23871 24501 E nappagreedy.com.newsblur.network.APIResponse: 	at okhttp3.internal.http.CallServerInterceptor.intercept(CallServerInterceptor.java:94)
08-05 03:25:40.322 23871 24501 E nappagreedy.com.newsblur.network.APIResponse: 	at okhttp3.internal.http.RealInterceptorChain.proceed(RealInterceptorChain.java:142)
08-05 03:25:40.322 23871 24501 E nappagreedy.com.newsblur.network.APIResponse: 	at okhttp3.internal.connection.ConnectInterceptor.intercept(ConnectInterceptor.java:43)
08-05 03:25:40.322 23871 24501 E nappagreedy.com.newsblur.network.APIResponse: 	at okhttp3.internal.http.RealInterceptorChain.proceed(RealInterceptorChain.java:142)
08-05 03:25:40.322 23871 24501 E nappagreedy.com.newsblur.network.APIResponse: 	at okhttp3.internal.http.RealInterceptorChain.proceed(RealInterceptorChain.java:117)
08-05 03:25:40.322 23871 24501 E nappagreedy.com.newsblur.network.APIResponse: 	at okhttp3.internal.cache.CacheInterceptor.intercept(CacheInterceptor.java:94)
08-05 03:25:40.322 23871 24501 E nappagreedy.com.newsblur.network.APIResponse: 	at okhttp3.internal.http.RealInterceptorChain.proceed(RealInterceptorChain.java:142)
08-05 03:25:40.322 23871 24501 E nappagreedy.com.newsblur.network.APIResponse: 	at okhttp3.internal.http.RealInterceptorChain.proceed(RealInterceptorChain.java:117)
08-05 03:25:40.322 23871 24501 E nappagreedy.com.newsblur.network.APIResponse: 	at okhttp3.internal.http.BridgeInterceptor.intercept(BridgeInterceptor.java:93)
08-05 03:25:40.322 23871 24501 E nappagreedy.com.newsblur.network.APIResponse: 	at okhttp3.internal.http.RealInterceptorChain.proceed(RealInterceptorChain.java:142)
08-05 03:25:40.322 23871 24501 E nappagreedy.com.newsblur.network.APIResponse: 	at okhttp3.internal.http.RetryAndFollowUpInterceptor.intercept(RetryAndFollowUpInterceptor.java:88)
08-05 03:25:40.322 23871 24501 E nappagreedy.com.newsblur.network.APIResponse: 	at okhttp3.internal.http.RealInterceptorChain.proceed(RealInterceptorChain.java:142)
08-05 03:25:40.322 23871 24501 E nappagreedy.com.newsblur.network.APIResponse: 	at okhttp3.internal.http.RealInterceptorChain.proceed(RealInterceptorChain.java:117)
08-05 03:25:40.322 23871 24501 E nappagreedy.com.newsblur.network.APIResponse: 	at nl.vu.cs.s2group.nappa.Nappa$CustomInterceptor.intercept(Nappa.java:970)
08-05 03:25:40.322 23871 24501 E nappagreedy.com.newsblur.network.APIResponse: 	at okhttp3.internal.http.RealInterceptorChain.proceed(RealInterceptorChain.java:142)
08-05 03:25:40.322 23871 24501 E nappagreedy.com.newsblur.network.APIResponse: 	at okhttp3.internal.http.RealInterceptorChain.proceed(RealInterceptorChain.java:117)
08-05 03:25:40.322 23871 24501 E nappagreedy.com.newsblur.network.APIResponse: 	at okhttp3.RealCall.getResponseWithInterceptorChain(RealCall.java:229)
08-05 03:25:40.322 23871 24501 E nappagreedy.com.newsblur.network.APIResponse: 	at okhttp3.RealCall.execute(RealCall.java:81)
08-05 03:25:40.322 23871 24501 E nappagreedy.com.newsblur.network.APIResponse: 	at nappagreedy.com.newsblur.network.APIResponse.<init>(APIResponse.java:57)
08-05 03:25:40.322 23871 24501 E nappagreedy.com.newsblur.network.APIResponse: 	at nappagreedy.com.newsblur.network.APIResponse.<init>(APIResponse.java:43)
08-05 03:25:40.322 23871 24501 E nappagreedy.com.newsblur.network.APIResponse: 	at nappagreedy.com.newsblur.network.APIManager.post_single(APIManager.java:703)
08-05 03:25:40.322 23871 24501 E nappagreedy.com.newsblur.network.APIResponse: 	at nappagreedy.com.newsblur.network.APIManager.post(APIManager.java:676)
08-05 03:25:40.322 23871 24501 E nappagreedy.com.newsblur.network.APIResponse: 	at nappagreedy.com.newsblur.network.APIManager.post(APIManager.java:715)
08-05 03:25:40.322 23871 24501 E nappagreedy.com.newsblur.network.APIResponse: 	at nappagreedy.com.newsblur.network.APIManager.markStoryAsRead(APIManager.java:206)
08-05 03:25:40.322 23871 24501 E nappagreedy.com.newsblur.network.APIResponse: 	at nappagreedy.com.newsblur.util.ReadingAction.doRemote(ReadingAction.java:281)
08-05 03:25:40.322 23871 24501 E nappagreedy.com.newsblur.network.APIResponse: 	at nappagreedy.com.newsblur.service.NBSyncService.syncActions(NBSyncService.java:400)
08-05 03:25:40.322 23871 24501 E nappagreedy.com.newsblur.network.APIResponse: 	at nappagreedy.com.newsblur.service.NBSyncService.doSync(NBSyncService.java:298)
08-05 03:25:40.322 23871 24501 E nappagreedy.com.newsblur.network.APIResponse: 	at nappagreedy.com.newsblur.service.NBSyncService.access$100(NBSyncService.java:67)
08-05 03:25:40.322 23871 24501 E nappagreedy.com.newsblur.network.APIResponse: 	at nappagreedy.com.newsblur.service.NBSyncService$1.run(NBSyncService.java:188)
08-05 03:25:40.322 23871 24501 E nappagreedy.com.newsblur.network.APIResponse: 	at java.util.concurrent.ThreadPoolExecutor.runWorker(ThreadPoolExecutor.java:1113)
08-05 03:25:40.322 23871 24501 E nappagreedy.com.newsblur.network.APIResponse: 	at java.util.concurrent.ThreadPoolExecutor$Worker.run(ThreadPoolExecutor.java:588)
08-05 03:25:40.322 23871 24501 E nappagreedy.com.newsblur.network.APIResponse: 	at java.lang.Thread.run(Thread.java:818)
08-05 03:25:40.322 23871 24501 E nappagreedy.com.newsblur.network.APIResponse: Caused by: java.io.EOFException: \n not found: limit=0 content=
08-05 03:25:40.322 23871 24501 E nappagreedy.com.newsblur.network.APIResponse: 	at okio.RealBufferedSource.readUtf8LineStrict(RealBufferedSource.java:240)
08-05 03:25:40.322 23871 24501 E nappagreedy.com.newsblur.network.APIResponse: 	at okhttp3.internal.http1.Http1ExchangeCodec.readHeaderLine(Http1ExchangeCodec.java:242)
08-05 03:25:40.322 23871 24501 E nappagreedy.com.newsblur.network.APIResponse: 	at okhttp3.internal.http1.Http1ExchangeCodec.readResponseHeaders(Http1ExchangeCodec.java:213)
08-05 03:25:40.322 23871 24501 E nappagreedy.com.newsblur.network.APIResponse: 	... 33 more
08-05 03:25:40.325 23871 24501 I nappagreedy.com.newsblur.network.APIManager: API call failed, pausing before retry number 1
08-05 03:25:40.333 23871 23882 I art     : Explicit concurrent mark sweep GC freed 8433(603KB) AllocSpace objects, 3(60KB) LOS objects, 31% free, 35MB/51MB, paused 720us total 32.234ms
08-05 03:25:40.344 23871 23882 I art     : Starting a blocking GC Explicit
08-05 03:25:40.368 23871 23882 I art     : Explicit concurrent mark sweep GC freed 382(39KB) AllocSpace objects, 0(0B) LOS objects, 31% free, 35MB/51MB, paused 816us total 24.483ms
08-05 03:25:40.377 23871 23882 I art     : Starting a blocking GC Explicit
08-05 03:25:40.400 23871 23882 I art     : Explicit concurrent mark sweep GC freed 28(928B) AllocSpace objects, 0(0B) LOS objects, 31% free, 35MB/51MB, paused 723us total 23.011ms
08-05 03:25:40.409 23871 23882 I art     : Starting a blocking GC Explicit
08-05 03:25:40.415 23871 23889 D Nappa   : registerActivity: (already in) nappagreedy.com.newsblur.activity.GlobalSharedStoriesReading
08-05 03:25:40.415 23871 23889 D Nappa   : PARENTS 
08-05 03:25:40.415 23871 23889 D Nappa   : Of: nappagreedy.com.newsblur.activity.GlobalSharedStoriesReading -> 
08-05 03:25:40.415 23871 23889 D Nappa   : PARENTS nappagreedy.com.newsblur.activity.GlobalSharedStoriesItemsList
08-05 03:25:40.415 23871 23889 D Nappa   : PARENTS has extra: (story_hash, 0:65a6e4)
08-05 03:25:40.415 23871 23889 D Nappa   : PARENTS has extra: (feed_set, nappagreedy.com.newsblur.util.FeedSet@e)
08-05 03:25:40.415 23871 23889 D Nappa   : PARENTS nappagreedy.com.newsblur.activity.Main
08-05 03:25:40.415 23871 23889 D Nappa   : PARENTS has extra: (feed_set, nappagreedy.com.newsblur.util.FeedSet@e)
08-05 03:25:40.433 23871 23882 I art     : Explicit concurrent mark sweep GC freed 52(4KB) AllocSpace objects, 0(0B) LOS objects, 31% free, 35MB/51MB, paused 689us total 23.212ms
08-05 03:25:40.442 23871 23882 I art     : Starting a blocking GC Explicit
08-05 03:25:40.465 23871 23882 I art     : Explicit concurrent mark sweep GC freed 12(528B) AllocSpace objects, 0(0B) LOS objects, 31% free, 35MB/51MB, paused 649us total 22.842ms
08-05 03:25:40.794 23871 23883 I art     : Starting a blocking GC Explicit
08-05 03:25:40.829 23871 23883 I art     : Explicit concurrent mark sweep GC freed 1696(95KB) AllocSpace objects, 1(20KB) LOS objects, 31% free, 35MB/51MB, paused 1.141ms total 33.858ms
08-05 03:25:40.838 23871 23883 I art     : Starting a blocking GC Explicit
08-05 03:25:40.869 23871 23883 I art     : Explicit concurrent mark sweep GC freed 30(1104B) AllocSpace objects, 0(0B) LOS objects, 31% free, 35MB/51MB, paused 781us total 31.277ms
08-05 03:25:40.880 23871 23883 I art     : Starting a blocking GC Explicit
08-05 03:25:40.908 23871 23883 I art     : Explicit concurrent mark sweep GC freed 3(96B) AllocSpace objects, 0(0B) LOS objects, 31% free, 35MB/51MB, paused 774us total 27.909ms
08-05 03:25:40.915 23871 23883 I art     : Starting a blocking GC Explicit
08-05 03:25:40.939 23871 23883 I art     : Explicit concurrent mark sweep GC freed 3(96B) AllocSpace objects, 0(0B) LOS objects, 31% free, 35MB/51MB, paused 762us total 24.105ms
08-05 03:25:40.947 23871 23883 I art     : Starting a blocking GC Explicit
08-05 03:25:40.971 23871 23883 I art     : Explicit concurrent mark sweep GC freed 3(96B) AllocSpace objects, 0(0B) LOS objects, 31% free, 35MB/51MB, paused 784us total 24.179ms
08-05 03:25:41.179 20097 20097 W Atfwd_Sendcmd: AtCmdFwd service not published, waiting... retryCnt : 4
08-05 03:25:41.299 23871 23882 I art     : Starting a blocking GC Explicit
08-05 03:25:41.334 23871 23882 I art     : Explicit concurrent mark sweep GC freed 1642(97KB) AllocSpace objects, 1(20KB) LOS objects, 31% free, 35MB/51MB, paused 1.990ms total 34.665ms
08-05 03:25:41.335   518   646 I ThermalEngine: ACTION: GPU - Setting GPU[0] to 510000000
08-05 03:25:41.345 23871 23882 I art     : Starting a blocking GC Explicit
08-05 03:25:41.378 23871 23882 I art     : Explicit concurrent mark sweep GC freed 30(1104B) AllocSpace objects, 0(0B) LOS objects, 31% free, 35MB/51MB, paused 914us total 33.029ms
08-05 03:25:41.388 23871 23882 I art     : Starting a blocking GC Explicit
08-05 03:25:41.419 23871 23882 I art     : Explicit concurrent mark sweep GC freed 3(96B) AllocSpace objects, 0(0B) LOS objects, 31% free, 35MB/51MB, paused 1.047ms total 31.319ms
08-05 03:25:41.432 23871 23882 I art     : Starting a blocking GC Explicit
08-05 03:25:41.468 23871 23882 I art     : Explicit concurrent mark sweep GC freed 3(96B) AllocSpace objects, 0(0B) LOS objects, 31% free, 35MB/51MB, paused 1.057ms total 36.329ms
08-05 03:25:41.482 23871 23882 I art     : Starting a blocking GC Explicit
08-05 03:25:41.513 23871 23882 I art     : Explicit concurrent mark sweep GC freed 3(96B) AllocSpace objects, 0(0B) LOS objects, 31% free, 35MB/51MB, paused 893us total 30.906ms
08-05 03:25:41.829 23871 24501 D CustomInterceptor: NETWORK-PROVIDER https://www.newsblur.com/reader/mark_story_hashes_as_read/
08-05 03:25:41.830 23871 24501 D CustomInterceptor: HEADER REQUEST
08-05 03:25:41.830 23871 24501 D CustomInterceptor: Cache-Control max-age=300, max-stale=300
08-05 03:25:41.830 23871 24501 D CustomInterceptor: Cookie newsblur_sessionid=qlbd3ilzka7q9q07v2htr96j75kh6za7; Domain=.newsblur.com; expires=Thu, 04 Aug 2022 22:30:33 GMT; Max-Age=63072000; Path=/
