08-04 12:21:36.511  1310  1324 I art     : Explicit concurrent mark sweep GC freed 3(96B) AllocSpace objects, 0(0B) LOS objects, 36% free, 28MB/44MB, paused 583us total 22.215ms
08-04 12:21:36.519  1310  1324 I art     : Starting a blocking GC Explicit
08-04 12:21:36.540  1310  1324 I art     : Explicit concurrent mark sweep GC freed 3(96B) AllocSpace objects, 0(0B) LOS objects, 36% free, 28MB/44MB, paused 543us total 21.408ms
08-04 12:21:36.548  1310  1324 I art     : Starting a blocking GC Explicit
08-04 12:21:36.569  1310  1324 I art     : Explicit concurrent mark sweep GC freed 3(96B) AllocSpace objects, 0(0B) LOS objects, 36% free, 28MB/44MB, paused 554us total 21.611ms
08-04 12:21:36.894  1310  1323 I art     : Starting a blocking GC Explicit
08-04 12:21:36.926  1310  1323 I art     : Explicit concurrent mark sweep GC freed 1639(104KB) AllocSpace objects, 1(20KB) LOS objects, 36% free, 28MB/44MB, paused 610us total 31.344ms
08-04 12:21:36.937  1310  1323 I art     : Starting a blocking GC Explicit
08-04 12:21:36.960  1310  1323 I art     : Explicit concurrent mark sweep GC freed 35(1136B) AllocSpace objects, 0(0B) LOS objects, 36% free, 28MB/44MB, paused 579us total 23.291ms
08-04 12:21:36.969  1310  1323 I art     : Starting a blocking GC Explicit
08-04 12:21:36.991  1310  1323 I art     : Explicit concurrent mark sweep GC freed 3(96B) AllocSpace objects, 0(0B) LOS objects, 36% free, 28MB/44MB, paused 552us total 21.997ms
08-04 12:21:36.998  1310  1323 I art     : Starting a blocking GC Explicit
08-04 12:21:37.021  1310  1323 I art     : Explicit concurrent mark sweep GC freed 3(96B) AllocSpace objects, 0(0B) LOS objects, 36% free, 28MB/44MB, paused 557us total 22.262ms
08-04 12:21:37.028  1310  1323 I art     : Starting a blocking GC Explicit
08-04 12:21:37.052  1310  1323 I art     : Explicit concurrent mark sweep GC freed 3(96B) AllocSpace objects, 0(0B) LOS objects, 36% free, 28MB/44MB, paused 544us total 22.884ms
08-04 12:21:37.370  1310  1389 I art     : Starting a blocking GC Explicit
08-04 12:21:37.403  1310  1389 I art     : Explicit concurrent mark sweep GC freed 1608(100KB) AllocSpace objects, 1(20KB) LOS objects, 36% free, 28MB/44MB, paused 681us total 33.128ms
08-04 12:21:37.414  1310  1389 I art     : Starting a blocking GC Explicit
08-04 12:21:37.437  1310  1389 I art     : Explicit concurrent mark sweep GC freed 35(1136B) AllocSpace objects, 0(0B) LOS objects, 36% free, 28MB/44MB, paused 683us total 23.016ms
08-04 12:21:37.445  1310  1389 I art     : Starting a blocking GC Explicit
08-04 12:21:37.467  1310  1389 I art     : Explicit concurrent mark sweep GC freed 3(96B) AllocSpace objects, 0(0B) LOS objects, 36% free, 28MB/44MB, paused 615us total 22.386ms
08-04 12:21:37.475  1310  1389 I art     : Starting a blocking GC Explicit
08-04 12:21:37.497  1310  1389 I art     : Explicit concurrent mark sweep GC freed 3(96B) AllocSpace objects, 0(0B) LOS objects, 36% free, 28MB/44MB, paused 654us total 22.419ms
08-04 12:21:37.505  1310  1389 I art     : Starting a blocking GC Explicit
08-04 12:21:37.528  1310  1389 I art     : Explicit concurrent mark sweep GC freed 3(96B) AllocSpace objects, 0(0B) LOS objects, 36% free, 28MB/44MB, paused 563us total 22.869ms
08-04 12:21:37.564   518   646 I ThermalEngine: ACTION: GPU - Setting GPU[0] to 510000000
08-04 12:21:37.857  1310  1660 I art     : Starting a blocking GC Explicit
08-04 12:21:37.890  1310  1660 I art     : Explicit concurrent mark sweep GC freed 1635(99KB) AllocSpace objects, 1(20KB) LOS objects, 36% free, 28MB/44MB, paused 746us total 33.020ms
08-04 12:21:37.900  1310  1660 I art     : Starting a blocking GC Explicit
08-04 12:21:37.929  1310  1660 I art     : Explicit concurrent mark sweep GC freed 35(1136B) AllocSpace objects, 0(0B) LOS objects, 36% free, 28MB/44MB, paused 773us total 29.161ms
08-04 12:21:37.939  1310  1660 I art     : Starting a blocking GC Explicit
08-04 12:21:37.968  1310  1660 I art     : Explicit concurrent mark sweep GC freed 3(96B) AllocSpace objects, 0(0B) LOS objects, 36% free, 28MB/44MB, paused 885us total 28.068ms
08-04 12:21:37.977  1310  1660 I art     : Starting a blocking GC Explicit
08-04 12:21:38.005  1310  1660 I art     : Explicit concurrent mark sweep GC freed 3(96B) AllocSpace objects, 0(0B) LOS objects, 36% free, 28MB/44MB, paused 718us total 27.286ms
08-04 12:21:38.014  1310  1660 I art     : Starting a blocking GC Explicit
08-04 12:21:38.041  1310  1660 I art     : Explicit concurrent mark sweep GC freed 3(96B) AllocSpace objects, 0(0B) LOS objects, 36% free, 28MB/44MB, paused 758us total 26.325ms
08-04 12:21:38.355  1310  1324 I art     : Starting a blocking GC Explicit
08-04 12:21:38.390  1310  1324 I art     : Explicit concurrent mark sweep GC freed 1602(94KB) AllocSpace objects, 1(20KB) LOS objects, 36% free, 28MB/44MB, paused 868us total 34.383ms
08-04 12:21:38.401  1310  1324 I art     : Starting a blocking GC Explicit
08-04 12:21:38.412  2399  2399 D AndroidRuntime: >>>>>> START com.android.internal.os.RuntimeInit uid 2000 <<<<<<
08-04 12:21:38.417  2399  2399 D AndroidRuntime: CheckJNI is OFF
08-04 12:21:38.430  1310  1324 I art     : Explicit concurrent mark sweep GC freed 35(1136B) AllocSpace objects, 0(0B) LOS objects, 36% free, 28MB/44MB, paused 819us total 28.100ms
08-04 12:21:38.439  1310  1324 I art     : Starting a blocking GC Explicit
08-04 12:21:38.453  2399  2399 D ICU     : No timezone override file found: /data/misc/zoneinfo/current/icu/icu_tzdata.dat
08-04 12:21:38.465  1310  1324 I art     : Explicit concurrent mark sweep GC freed 3(96B) AllocSpace objects, 0(0B) LOS objects, 36% free, 28MB/44MB, paused 777us total 26.144ms
08-04 12:21:38.474  1310  1324 I art     : Starting a blocking GC Explicit
08-04 12:21:38.488  2399  2399 I Radio-JNI: register_android_hardware_Radio DONE
08-04 12:21:38.501  1310  1324 I art     : Explicit concurrent mark sweep GC freed 3(96B) AllocSpace objects, 0(0B) LOS objects, 36% free, 28MB/44MB, paused 743us total 26.363ms
08-04 12:21:38.510  2399  2399 D AndroidRuntime: Calling main entry com.android.commands.input.Input
08-04 12:21:38.510  1310  1324 I art     : Starting a blocking GC Explicit
08-04 12:21:38.512  2399  2399 I Input   : injectMotionEvent: MotionEvent { action=ACTION_DOWN, actionButton=0, id[0]=0, x[0]=625.0, y[0]=832.0, toolType[0]=TOOL_TYPE_UNKNOWN, buttonState=0, metaState=0, flags=0x0, edgeFlags=0x0, pointerCount=1, historySize=0, eventTime=706914925, downTime=706914925, deviceId=0, source=0x1002 }
08-04 12:21:38.519  2399  2399 I Input   : injectMotionEvent: MotionEvent { action=ACTION_UP, actionButton=0, id[0]=0, x[0]=625.0, y[0]=832.0, toolType[0]=TOOL_TYPE_UNKNOWN, buttonState=0, metaState=0, flags=0x0, edgeFlags=0x0, pointerCount=1, historySize=0, eventTime=706914925, downTime=706914925, deviceId=0, source=0x1002 }
08-04 12:21:38.522  2399  2399 D AndroidRuntime: Shutting down VM
08-04 12:21:38.536  1310  1324 I art     : Explicit concurrent mark sweep GC freed 29(992B) AllocSpace objects, 0(0B) LOS objects, 36% free, 28MB/44MB, paused 744us total 25.999ms
08-04 12:21:38.538  1310  1310 D UserPreferences: Using default data folder
08-04 12:21:38.541   512  2967 D audio_hw_primary: out_set_parameters: enter: usecase(1: low-latency-playback) kvpairs: routing=2
08-04 12:21:38.542  1310  1310 D DownloadRequester: partiallyDownloadedFileExists: false
08-04 12:21:38.542  1310  1310 D DownloadRequester: /storage/emulated/0/Android/data/nappatfpr.de.danoeh.antennapod.debug/files/cache/feed-Nice White Parents is available as a download destination
08-04 12:21:38.543  1310  1310 D DownloadRequester: Requesting download of url https://rss.art19.com/nice-white-parents
08-04 12:21:38.547  1310  1310 D DownloadService: Service started
08-04 12:21:38.548  1310  1310 D DownloadService: parallel downloads: 4
08-04 12:21:38.550  1310  2425 D downloadCompletionThd: downloadCompletionThread was started
08-04 12:21:38.551  1310  1310 D DownloadService: Notification set up
08-04 12:21:38.554   512  2967 D audio_hw_primary: select_devices: out_snd_device(2: speaker) in_snd_device(0: none)
08-04 12:21:38.554   512  2967 D msm8974_platform: platform_send_audio_calibration: sending audio calibration for snd_device(2) acdb_id(15)
08-04 12:21:38.554   512  2967 I soundtrigger: audio_extn_sound_trigger_update_device_status: device 0x2 of type 0 for Event 1
08-04 12:21:38.563  1310  1310 D DownloadService: Received enqueue request
08-04 12:21:38.564  1310  1310 D OnlineFeedViewActivity: onEventMainThread() called with: event = [DownloadEvent{update=DownloaderUpdate{downloaders=[nappatfpr.de.danoeh.antennapod.core.service.download.HttpDownloader@d45105b], feedIds=[0], mediaIds=[]}}]
08-04 12:21:38.565  1310  1310 D DownloadService: 1 downloads left
08-04 12:21:38.565  1310  1310 D DownloadService: Setting up notification updater
08-04 12:21:38.565   918  5952 D WifiService: acquireWifiLockLocked: WifiLock{Downloader type=1 binder=android.os.BinderProxy@ed62f7}
08-04 12:21:38.567   512  2967 D audio_hw_primary: enable_snd_device: snd_device(2: speaker)
08-04 12:21:38.567  1310  2427 D AntennapodHttpClient: Creating new instance of HTTP client
08-04 12:21:38.568   518   646 I ThermalEngine: ACTION: GPU - Setting GPU[0] to 600000000
08-04 12:21:38.568  1310  2427 D Nappa   : TAG okHttpClient initialized
08-04 12:21:38.569  1310  2427 D CustomInterceptor: NETWORK-PROVIDER https://rss.art19.com/nice-white-parents
08-04 12:21:38.569  1310  2427 D Nappa   : F1_SCORE add_intercept_url - (new) - https://rss.art19.com/nice-white-parents
08-04 12:21:38.569  1310  2427 D Nappa   : F1_SCORE add_tp_url - (new) - https://rss.art19.com/nice-white-parents
08-04 12:21:38.569   512  2967 D audio_hw_primary: enable_audio_route: apply and update mixer path: low-latency-playback speaker
08-04 12:21:38.569  1310  2427 D Nappa   : -------------F1_SCORE #7 -----------
08-04 12:21:38.569  1310  2427 D Nappa   : F1_SCORE - Intercept list (4)= [https://itunes.apple.com/en/rss/toppodcasts/limit=25/explicit=true/json, https://itunes.apple.com/us/rss/toppodcasts/limit=25/explicit=true/json, https://itunes.apple.com/lookup?id=1524080195, https://rss.art19.com/nice-white-parents]
08-04 12:21:38.569  1310  2427 D Nappa   : F1_SCORE - Prefetch list (1)= [https://rss.art19.com/nice-white-parents]
08-04 12:21:38.569  1310  2427 D Nappa   : F1_SCORE - TP list (1)= [https://rss.art19.com/nice-white-parents]
08-04 12:21:38.569  1310  2427 D Nappa   : F1_SCORE - FN list (3)= [https://itunes.apple.com/en/rss/toppodcasts/limit=25/explicit=true/json, https://itunes.apple.com/us/rss/toppodcasts/limit=25/explicit=true/json, https://itunes.apple.com/lookup?id=1524080195]
08-04 12:21:38.570  1310  2427 I NAPPA_EXPERIMENTATION: MetricPrefetchingAccuracy: LOG_ID='8',F1_SCORE_1='0.4',F1_SCORE_2='0.4',TRUE_POSITIVE='1',FALSE_POSITIVE='0',FALSE_NEGATIVE='3',
08-04 12:21:38.570  1310  2427 D CustomInterceptor: HEADER REQUEST
08-04 12:21:38.570  1310  2427 D CustomInterceptor: Cache-Control max-age=300, max-stale=300
08-04 12:21:38.570  1310  2427 D CustomInterceptor: User-Agent AntennaPod/1.7.2b
08-04 12:21:38.570  1310  2427 D CustomInterceptor: CACHED STATS: size = '3', maxSize = '100', hitCount = '4', createCount = '0', putCount = '4', evictionCount = '0', missCount = '5', toString = 'LruCache[maxSize=100,hits=4,misses=5,hitRate=44%]', 
08-04 12:21:38.570  1310  2427 D CustomInterceptor: PREFLIB GET REQUEST https://rss.art19.com/nice-white-parents
08-04 12:21:38.570  1310  2427 D CustomInterceptor: PREFLIB found https://rss.art19.com/nice-white-parents, sending it back
08-04 12:21:38.570  1310  2427 D CustomInterceptor: CONTENT <?xml version="1.0" encoding="UTF-8"?>
08-04 12:21:38.570  1310  2427 D CustomInterceptor: <rss version="2.0" xmlns:itunes="http://www.itunes.com/dtds/podcast-1.0.dtd" xmlns:atom="http://www.w3.org/2005/Atom" xmlns:content="http://purl.org/rss/1.0/modules/content/" xmlns:art19="https://art19.com/xmlns/rss-extensions/1.0" xmlns:googleplay="http://www.google.com/schemas/play-podcasts/1.0/">
08-04 12:21:38.570  1310  2427 D CustomInterceptor:   <channel>
08-04 12:21:38.570  1310  2427 D CustomInterceptor:     <title>Nice White Parents</title>
08-04 12:21:38.570  1310  2427 D CustomInterceptor:     <description>
08-04 12:21:38.570  1310  2427 D CustomInterceptor:       <![CDATA[<p>If you want to understand whats wrong with our public schools, you have to look at what is arguably the most powerful force in shaping them: white parents. A five-part series from Serial Productions, brought to you by The New York Times. Hosted by Chana Joffe-Walt.</p>]]>
08-04 12:21:38.570  1310  2427 D CustomInterceptor:     </description>
08-04 12:21:38.570  1310  2427 D CustomInterceptor:     <managingEditor>nicewhiteparents@nytimes.com (The New York Times)</managingEditor>
08-04 12:21:38.570  1310  2427 D CustomInterceptor:     <copyright> 2020-2021 THE NEW YORK TIMES COMPANY; The New York Times encourages the use of RSS feeds for personal use in a news reader or as part of a non-commercial blog, subject to your agreement to our Terms of Service. Any commercial use of the RSS feed, and thus our content accessible via it, is prohibited without a written specific permission from The New York Times . We require proper format and attribution whenever New York Times content is posted on other's properties, and we reserve the right to require that you cease distributing our content.</copyright>
08-04 12:21:38.570  1310  2427 D CustomInterceptor:     <generator>ART19</generator>
08-04 12:21:38.570  1310  2427 D CustomInterceptor:     <atom:link href="https://rss.art19.com/nice-white-parents" rel="self" type="application/rss+xml" />
08-04 12:21:38.570  1310  2427 D CustomInterceptor:     <link>https://art19.com/shows/nice-white-parents</link>
08-04 12:21:38.570  1310  2427 D CustomInterceptor:     <itunes:owner>
08-04 12:21:38.570  1310  2427 D CustomInterceptor:       <itunes:name>The New York Times</itunes:name>
08-04 12:21:38.570  1310  2427 D CustomInterceptor:       <itunes:email>nicewhiteparents@nytimes.com</itunes:email>
08-04 12:21:38.570  1310  2427 D CustomInterceptor:     </itunes:owner>
08-04 12:21:38.570  1310  2427 D CustomInterceptor:     <itunes:author>The New York Times</itunes:author>
08-04 12:21:38.570  1310  2427 D CustomInterceptor:     <itunes:summary>
08-04 12:21:38.570  1310  2427 D CustomInterceptor:       <![CDATA[<p>If you want to understand whats wrong with our public schools, you have to look at what is arguably the most powerful force in shaping them: white parents. A five-part series from Serial Productions, brought to you by The New York Times. Hosted by Chana Joffe-Walt.</p>]]>
08-04 12:21:38.570  1310  2427 D CustomInterceptor:     </itunes:summary>
08-04 12:21:38.570  1310  2427 D CustomInterceptor:     <language>en</language>
08-04 12:21:38.570  1310  2427 D CustomInterceptor:     <itunes:explicit>no</itunes:explicit>
08-04 12:21:38.570  1310  2427 D CustomInterceptor:     <itunes:category text="Society &amp; Culture" />
08-04 12:21:38.570  1310  2427 D CustomInterceptor:     <itunes:category text="Education" />
08-04 12:21:38.570  1310  2427 D CustomInterceptor:     <itunes:type>serial</itunes:type>
08-04 12:21:38.570  1310  2427 D CustomInterceptor:     <itunes:image href="https://content.production.cdn.art19.com/images/89/e0/88/44/89e08844-ac28-4fc0-96fa-15a41fec2014/262c12ed699a8d9720dea0bd66449d998e4a08cf18095bed170ccaa76722045fa5dbf7a366918b2db7e3acf29ad22f6b99fd659a9409cb807bf2781d968932f8.jpeg" />
08-04 12:21:38.570  1310  2427 D CustomInterceptor:     <image>
08-04 12:21:38.570  1310  2427 D CustomInterceptor:       <url>https://content.production.cdn.art19.com/images/89/e0/88/44/89e08844-ac28-4fc0-96fa-15a41fec2014/262c12ed699a8d9720dea0bd66449d998e4a08cf18095bed170ccaa76722045fa5dbf7a366918b2db7e3acf29ad22f6b99fd659a9409cb807bf2781d968932f8.jpeg</url>
08-04 12:21:38.570  1310  2427 D CustomInterceptor:       <link>https://art19.com/shows/nice-white-parents</link>
08-04 12:21:38.570  1310  2427 D CustomInterceptor:       <title>Nice White Parents</title>
08-04 12:21:38.570  1310  2427 D CustomInterceptor:     </image>
08-04 12:21:38.570  1310  2427 D CustomInterceptor:     <item>
08-04 12:21:38.570  1310  2427 D CustomInterceptor:       <title>Introducing: Nice White Parents</title>
08-04 12:21:38.570  1310  2427 D CustomInterceptor:       <description>
08-04 12:21:38.570  1310  2427 D CustomInterceptor:         <![CDATA[<p>If you want to understand whats wrong with our public schools, you have to look at what is arguably the most powerful force in shaping them: White parents. A five-part series from Serial Productions, brought to you by The New York Times. Hosted by Chana Joffe-Walt.</p><p>For more information about this show, visit <a href="http://nytimes.com/nicewhiteparents" target="_blank">nytimes.com/nicewhiteparents</a> </p>]]>
08-04 12:21:38.570  1310  2427 D CustomInterceptor:       </description>
08-04 12:21:38.570  1310  2427 D CustomInterceptor:       <itunes:title>Introducing: Nice White Parents</itunes:title>
08-04 12:21:38.570  1310  2427 D CustomInterceptor:       <itunes:episodeType>trailer</itunes:episodeType>
08-04 12:21:38.570  1310  2427 D CustomInterceptor:       <itunes:summary>A new limited series about building a better school system, and what gets in the way. </itunes:summary>
08-04 12:21:38.570  1310  2427 D CustomInterceptor:       <content:encoded>
08-04 12:21:38.570  1310  2427 D CustomInterceptor:         <![CDATA[<p>If you want to understand whats wrong with our public schools, you have to look at what is arguably the most powerful force in shaping them: White parents. A five-part series from Serial Productions, brought to you by The New York Times. Hos
08-04 12:21:38.570  1310  2427 D CustomInterceptor: interceptor_finished : return_type #2 : request served from cache
08-04 12:21:38.571  1310  2427 D MYTAG   : interceptor 3a https://rss.art19.com/nice-white-parents
08-04 12:21:38.571  1310  2427 I NAPPA_EXPERIMENTATION: MetricNetworkRequestExecutionTime: REQUEST_DURATION_SYSTEM='2',REQUEST_DURATION_OKHTTP='0',REQUEST_SYNCHRONOUS='TRUE',RESPONSE_CODE='200',RESPONSE_METHOD='GET',RESPONSE_LENGTH_OKHTTP='4971',RESPONSE_LENGTH_HEADER='-2',REQUEST_PROTOCOL='http/1.1',REQUEST_URL='https://rss.art19.com/nice-white-parents',
08-04 12:21:38.571  1310  2427 D HttpDownloader: Response code is 200
08-04 12:21:38.571  1310  2427 D UserPreferences: Using default data folder
08-04 12:21:38.573  1310  2427 D HttpDownloader: Getting size of download
08-04 12:21:38.573  1310  2427 D HttpDownloader: Size is 4971
08-04 12:21:38.573  1310  2427 D UserPreferences: Using default data folder
08-04 12:21:38.574  1310  2427 D HttpDownloader: Free space is 20247375872
08-04 12:21:38.574  1310  2427 D HttpDownloader: Starting download
08-04 12:21:38.574  1310  2427 D HttpDownloader: Download was successful
08-04 12:21:38.575   918  5132 D WifiService: releaseWifiLockLocked: WifiLock{Downloader type=1 binder=android.os.BinderProxy@ed62f7}
08-04 12:21:38.576  1310  2425 D downloadCompletionThd: Received 'Download Complete' - message.
08-04 12:21:38.576  1310  2425 D DownloadService: Handling completed Feed Download
08-04 12:21:38.577  1310  2426 D FeedSyncThread: Waiting for 3000 ms
08-04 12:21:38.579  1310  2430 D TypeGetter: Recognized type RSS 2.0
08-04 12:21:38.581  1310  2430 D SyndHandler: Recognized ITunes namespace
08-04 12:21:38.581  1310  2430 D SyndHandler: Recognized Atom namespace
08-04 12:21:38.581  1310  2430 D SyndHandler: Recognized Content namespace
08-04 12:21:38.586  1310  2430 D FeedSyncThread: Nice White Parents parsed
08-04 12:21:38.586  1310  2430 D FeedSyncThread: Deletion of file '/storage/emulated/0/Android/data/nappatfpr.de.danoeh.antennapod.debug/files/cache/feed-Nice White Parents' successful
08-04 12:21:38.586  1310  2430 D DBReader: getFeedDownloadLog() called with: feed = [nappatfpr.de.danoeh.antennapod.core.feed.Feed@0]
08-04 12:21:38.605  1310  1310 D DownloadService: Removing downloader: https://rss.art19.com/nice-white-parents
08-04 12:21:38.605  1310  1310 D DownloadService: Result of downloads.remove: true
08-04 12:21:38.669  1310  1332 D Nappa   : registerActivity: (already in) nappatfpr.de.danoeh.antennapod.activity.OnlineFeedViewActivity
08-04 12:21:38.669  1310  1332 D Nappa   : PARENTS 
08-04 12:21:38.669  1310  1332 D Nappa   : Of: nappatfpr.de.danoeh.antennapod.activity.OnlineFeedViewActivity -> 
08-04 12:21:38.669  1310  1332 D Nappa   : PARENTS nappatfpr.de.danoeh.antennapod.activity.MainActivity
08-04 12:21:38.669  1310  1332 D Nappa   : PARENTS has extra: (arg.feedurl, https://rss.art19.com/nice-white-parents)
08-04 12:21:38.670  1310  1332 D Nappa   : PARENTS value of key 'arg.feedurl' is contained into https://rss.art19.com/nice-white-parents
08-04 12:21:38.670  1310  1332 D Nappa   : PARENTS PARAM: arg.feedurl
08-04 12:21:38.670  1310  1332 D Nappa   : PARENTS   NODE nappatfpr.de.danoeh.antennapod.activity.OnlineFeedViewActivity ALREADY CONTAINS THIS URL
08-04 12:21:38.670  1310  1332 D Nappa   : PARENTS has extra: (title, iTunes)
08-04 12:21:38.670  1310  1332 D Nappa   : PARENTS nappatfpr.de.danoeh.antennapod.activity.SplashActivity
08-04 12:21:38.796  1310  1660 I art     : Starting a blocking GC Explicit
08-04 12:21:38.821  1310  1660 I art     : Explicit concurrent mark sweep GC freed 3692(449KB) AllocSpace objects, 4(80KB) LOS objects, 35% free, 28MB/44MB, paused 650us total 23.999ms
08-04 12:21:38.824  1310  1319 E StrictMode: A resource was acquired at attached stack trace but never released. See java.io.Closeable for information on avoiding resource leaks.
08-04 12:21:38.824  1310  1319 E StrictMode: java.lang.Throwable: Explicit termination method 'close' not called
08-04 12:21:38.824  1310  1319 E StrictMode: 	at dalvik.system.CloseGuard.open(CloseGuard.java:180)
08-04 12:21:38.824  1310  1319 E StrictMode: 	at java.io.FileOutputStream.<init>(FileOutputStream.java:89)
08-04 12:21:38.824  1310  1319 E StrictMode: 	at okio.Okio.appendingSink(Okio.java:187)
08-04 12:21:38.824  1310  1319 E StrictMode: 	at okhttp3.internal.io.FileSystem$1.appendingSink(FileSystem.java:59)
08-04 12:21:38.824  1310  1319 E StrictMode: 	at okhttp3.internal.cache.DiskLruCache.newJournalWriter(DiskLruCache.java:312)
08-04 12:21:38.824  1310  1319 E StrictMode: 	at okhttp3.internal.cache.DiskLruCache.readJournal(DiskLruCache.java:306)
08-04 12:21:38.824  1310  1319 E StrictMode: 	at okhttp3.internal.cache.DiskLruCache.initialize(DiskLruCache.java:228)
08-04 12:21:38.824  1310  1319 E StrictMode: 	at okhttp3.internal.cache.DiskLruCache.get(DiskLruCache.java:430)
08-04 12:21:38.824  1310  1319 E StrictMode: 	at okhttp3.Cache.get(Cache.java:198)
08-04 12:21:38.824  1310  1319 E StrictMode: 	at okhttp3.Cache$1.get(Cache.java:145)
08-04 12:21:38.824  1310  1319 E StrictMode: 	at okhttp3.internal.cache.CacheInterceptor.intercept(CacheInterceptor.java:55)
08-04 12:21:38.824  1310  1319 E StrictMode: 	at okhttp3.internal.http.RealInterceptorChain.proceed(RealInterceptorChain.java:142)
08-04 12:21:38.824  1310  1319 E StrictMode: 	at okhttp3.internal.http.RealInterceptorChain.proceed(RealInterceptorChain.java:117)
08-04 12:21:38.824  1310  1319 E StrictMode: 	at okhttp3.internal.http.BridgeInterceptor.intercept(BridgeInterceptor.java:93)
08-04 12:21:38.824  1310  1319 E StrictMode: 	at okhttp3.internal.http.RealInterceptorChain.proceed(RealInterceptorChain.java:142)
08-04 12:21:38.824  1310  1319 E StrictMode: 	at okhttp3.internal.http.RetryAndFollowUpInterceptor.intercept(RetryAndFollowUpInterceptor.java:88)
08-04 12:21:38.824  1310  1319 E StrictMode: 	at okhttp3.internal.http.RealInterceptorChain.proceed(RealInterceptorChain.java:142)
08-04 12:21:38.824  1310  1319 E StrictMode: 	at okhttp3.internal.http.RealInterceptorChain.proceed(RealInterceptorChain.java:117)
08-04 12:21:38.824  1310  1319 E StrictMode: 	at nl.vu.cs.s2group.nappa.Nappa$CustomInterceptor.intercept(Nappa.java:875)
08-04 12:21:38.824  1310  1319 E StrictMode: 	at okhttp3.internal.http.RealInterceptorChain.proceed(RealInterceptorChain.java:142)
08-04 12:21:38.824  1310  1319 E StrictMode: 	at okhttp3.internal.http.RealInterceptorChain.proceed(RealInterceptorChain.java:117)
08-04 12:21:38.824  1310  1319 E StrictMode: 	at nappatfpr.de.danoeh.antennapod.core.service.download.HttpDownloader$BasicAuthorizationInterceptor.intercept(HttpDownloader.java:336)
08-04 12:21:38.824  1310  1319 E StrictMode: 	at okhttp3.internal.http.RealInterceptorChain.proceed(RealInterceptorChain.java:142)
08-04 12:21:38.824  1310  1319 E StrictMode: 	at okhttp3.internal.http.RealInterceptorChain.proceed(RealInterceptorChain.java:117)
08-04 12:21:38.824  1310  1319 E StrictMode: 	at okhttp3.RealCall.getResponseWithInterceptorChain(RealCall.java:229)
08-04 12:21:38.824  1310  1319 E StrictMode: 	at okhttp3.RealCall.execute(RealCall.java:81)
08-04 12:21:38.824  1310  1319 E StrictMode: 	at nappatfpr.de.danoeh.antennapod.core.service.download.HttpDownloader.download(HttpDownloader.java:105)
08-04 12:21:38.824  1310  1319 E StrictMode: 	at nappatfpr.de.danoeh.antennapod.core.service.download.Downloader.call(Downloader.java:46)
08-04 12:21:38.824  1310  1319 E StrictMode: 	at nappatfpr.de.danoeh.antennapod.activity.OnlineFeedViewActivity.lambda$startFeedDownload$1$OnlineFeedViewActivity(OnlineFeedViewActivity.java:285)
08-04 12:21:38.824  1310  1319 E StrictMode: 	at nappatfpr.de.danoeh.antennapod.activity.-$$Lambda$OnlineFeedViewActivity$prEa24i5Sons6FphjkvkM1FZnYs.call(lambda)
08-04 12:21:38.824  1310  1319 E StrictMode: 	at io.reactivex.internal.operators.observable.ObservableFromCallable.subscribeActual(ObservableFromCallable.java:43)
08-04 12:21:38.824  1310  1319 E StrictMode: 	at io.reactivex.Observable.subscribe(Observable.java:12090)
08-04 12:21:38.824  1310  1319 E StrictMode: 	at io.reactivex.internal.operators.observable.ObservableSubscribeOn$SubscribeTask.run(ObservableSubscribeOn.java:96)
08-04 12:21:38.824  1310  1319 E StrictMode: 	at io.reactivex.Scheduler$DisposeTask.run(Scheduler.java:578)
08-04 12:21:38.824  1310  1319 E StrictMode: 	at io.reactivex.internal.schedulers.ScheduledRunnable.run(ScheduledRunnable.java:66)
08-04 12:21:38.824  1310  1319 E StrictMode: 	at io.reactivex.internal.schedulers.ScheduledRunnable.call(ScheduledRunnable.java:57)
08-04 12:21:38.824  1310  1319 E StrictMode: 	at java.util.concurrent.FutureTask.run(FutureTask.java:237)
08-04 12:21:38.824  1310  1319 E StrictMode: 	at java.util.concurrent.ScheduledThreadPoolExecutor$ScheduledFutureTask.run(ScheduledThreadPoolExecutor.java:269)
08-04 12:21:38.824  1310  1319 E StrictMode: 	at java.util.concurrent.ThreadPoolExecutor.runWorker(ThreadPoolExecutor.java:1113)
08-04 12:21:38.824  1310  1319 E StrictMode: 	at java.util.concurrent.ThreadPoolExecutor$Worker.run(ThreadPoolExecutor.java:588)
08-04 12:21:38.824  1310  1319 E StrictMode: 	at java.lang.Thread.run(Thread.java:818)
08-04 12:21:38.828  1310  1660 I art     : Starting a blocking GC Explicit
08-04 12:21:38.851  1310  1660 I art     : Explicit concurrent mark sweep GC freed 730(155KB) AllocSpace objects, 0(0B) LOS objects, 35% free, 28MB/44MB, paused 629us total 22.825ms
08-04 12:21:38.859  1310  1660 I art     : Starting a blocking GC Explicit
08-04 12:21:38.880  1310  1660 I art     : Explicit concurrent mark sweep GC freed 12(512B) AllocSpace objects, 0(0B) LOS objects, 35% free, 28MB/44MB, paused 595us total 21.018ms
08-04 12:21:38.888  1310  1660 I art     : Starting a blocking GC Explicit
08-04 12:21:38.912  1310  1660 I art     : Explicit concurrent mark sweep GC freed 9(288B) AllocSpace objects, 0(0B) LOS objects, 35% free, 28MB/44MB, paused 621us total 24.375ms
08-04 12:21:38.919  1310  1660 I art     : Starting a blocking GC Explicit
08-04 12:21:38.941  1310  1660 I art     : Explicit concurrent mark sweep GC freed 5(160B) AllocSpace objects, 0(0B) LOS objects, 35% free, 28MB/44MB, paused 560us total 21.103ms
08-04 12:21:39.074 13866 13882 I PeriodicStatsRunner: PeriodicStatsRunner.call():175 call()
08-04 12:21:39.074 13866 13882 I PeriodicStatsRunner: PeriodicStatsRunner.call():179 No submit PeriodicStats since input started.
08-04 12:21:39.109   512  2967 D audio_hw_primary: disable_audio_route: reset and update mixer path: low-latency-playback speaker
08-04 12:21:39.111   512  2967 D audio_hw_primary: disable_snd_device: snd_device(2: speaker)
08-04 12:21:39.119   512  2967 I soundtrigger: audio_extn_sound_trigger_update_device_status: device 0x2 of type 0 for Event 0
08-04 12:21:39.213  1310  1323 I art     : Starting a blocking GC Explicit
08-04 12:21:39.234  1310  1323 I art     : Explicit concurrent mark sweep GC freed 1639(96KB) AllocSpace objects, 1(20KB) LOS objects, 35% free, 28MB/44MB, paused 567us total 20.765ms
08-04 12:21:39.241  1310  1323 I art     : Starting a blocking GC Explicit
08-04 12:21:39.261  1310  1323 I art     : Explicit concurrent mark sweep GC freed 52(1728B) AllocSpace objects, 0(0B) LOS objects, 35% free, 28MB/44MB, paused 556us total 20.010ms
08-04 12:21:39.268  1310  1323 I art     : Starting a blocking GC Explicit
08-04 12:21:39.290  1310  1323 I art     : Explicit concurrent mark sweep GC freed 3(96B) AllocSpace objects, 0(0B) LOS objects, 35% free, 28MB/44MB, paused 523us total 21.053ms
08-04 12:21:39.297  1310  1323 I art     : Starting a blocking GC Explicit
08-04 12:21:39.319  1310  1323 I art     : Explicit concurrent mark sweep GC freed 3(96B) AllocSpace objects, 0(0B) LOS objects, 35% free, 28MB/44MB, paused 584us total 21.570ms
08-04 12:21:39.326  1310  1323 I art     : Starting a blocking GC Explicit
08-04 12:21:39.348  1310  1323 I art     : Explicit concurrent mark sweep GC freed 3(96B) AllocSpace objects, 0(0B) LOS objects, 35% free, 28MB/44MB, paused 628us total 21.960ms
08-04 12:21:39.360 13866 13882 I PeriodicStatsRunner: PeriodicStatsRunner.call():175 call()
08-04 12:21:39.360 13866 13882 I PeriodicStatsRunner: PeriodicStatsRunner.call():179 No submit PeriodicStats since input started.
08-04 12:21:39.629  1310  1660 I art     : Starting a blocking GC Explicit
08-04 12:21:39.662  1310  1660 I art     : Explicit concurrent mark sweep GC freed 1603(95KB) AllocSpace objects, 1(20KB) LOS objects, 35% free, 28MB/44MB, paused 833us total 32.646ms
08-04 12:21:39.670  1310  1660 I art     : Starting a blocking GC Explicit
08-04 12:21:39.694  1310  1660 I art     : Explicit concurrent mark sweep GC freed 37(1200B) AllocSpace objects, 0(0B) LOS objects, 35% free, 28MB/44MB, paused 605us total 23.612ms
08-04 12:21:39.702  1310  1660 I art     : Starting a blocking GC Explicit
08-04 12:21:39.726  1310  1660 I art     : Explicit concurrent mark sweep GC freed 3(96B) AllocSpace objects, 0(0B) LOS objects, 35% free, 28MB/44MB, paused 600us total 23.616ms
08-04 12:21:39.734  1310  1660 I art     : Starting a blocking GC Explicit
08-04 12:21:39.757  1310  1660 I art     : Explicit concurrent mark sweep GC freed 3(96B) AllocSpace objects, 0(0B) LOS objects, 35% free, 28MB/44MB, paused 702us total 23.076ms
08-04 12:21:39.764  1310  1660 I art     : Starting a blocking GC Explicit
08-04 12:21:39.788  1310  1660 I art     : Explicit concurrent mark sweep GC freed 32(880B) AllocSpace objects, 0(0B) LOS objects, 35% free, 28MB/44MB, paused 559us total 22.992ms
08-04 12:21:40.066  1310  1310 D OnlineFeedViewActivity: onEventMainThread() called with: event = [DownloadEvent{update=DownloaderUpdate{downloaders=[], feedIds=[], mediaIds=[]}}]
08-04 12:21:40.085  1310  1323 I art     : Starting a blocking GC Explicit
08-04 12:21:40.112  1310  1323 I art     : Explicit concurrent mark sweep GC freed 1665(98KB) AllocSpace objects, 1(20KB) LOS objects, 35% free, 28MB/44MB, paused 705us total 27.235ms
08-04 12:21:40.121  1310  1323 I art     : Starting a blocking GC Explicit
08-04 12:21:40.141  1310  1323 I art     : Explicit concurrent mark sweep GC freed 35(1136B) AllocSpace objects, 0(0B) LOS objects, 35% free, 28MB/44MB, paused 593us total 20.454ms
08-04 12:21:40.148  1310  1323 I art     : Starting a blocking GC Explicit
08-04 12:21:40.169  1310  1323 I art     : Explicit concurrent mark sweep GC freed 3(96B) AllocSpace objects, 0(0B) LOS objects, 35% free, 28MB/44MB, paused 584us total 20.929ms
08-04 12:21:40.177  1310  1323 I art     : Starting a blocking GC Explicit
08-04 12:21:40.199  1310  1323 I art     : Explicit concurrent mark sweep GC freed 12(480B) AllocSpace objects, 0(0B) LOS objects, 35% free, 28MB/44MB, paused 602us total 22.516ms
08-04 12:21:40.207  1310  1323 I art     : Starting a blocking GC Explicit
08-04 12:21:40.231  1310  1323 I art     : Explicit concurrent mark sweep GC freed 3(96B) AllocSpace objects, 0(0B) LOS objects, 35% free, 28MB/44MB, paused 601us total 23.063ms
08-04 12:21:40.553  1310  1389 I art     : Starting a blocking GC Explicit
08-04 12:21:40.576   518   646 I ThermalEngine: ACTION: GPU - Setting GPU[0] to 510000000
08-04 12:21:40.589  1310  1389 I art     : Explicit concurrent mark sweep GC freed 1602(94KB) AllocSpace objects, 1(20KB) LOS objects, 35% free, 28MB/44MB, paused 904us total 34.922ms
08-04 12:21:40.601  1310  1389 I art     : Starting a blocking GC Explicit
08-04 12:21:40.630  1310  1389 I art     : Explicit concurrent mark sweep GC freed 35(1136B) AllocSpace objects, 0(0B) LOS objects, 35% free, 28MB/44MB, paused 828us total 29.705ms
08-04 12:21:40.640  1310  1389 I art     : Starting a blocking GC Explicit
08-04 12:21:40.670  1310  1389 I art     : Explicit concurrent mark sweep GC freed 3(96B) AllocSpace objects, 0(0B) LOS objects, 35% free, 28MB/44MB, paused 973us total 29.330ms
08-04 12:21:40.680  1310  1389 I art     : Starting a blocking GC Explicit
08-04 12:21:40.709  1310  1389 I art     : Explicit concurrent mark sweep GC freed 3(96B) AllocSpace objects, 0(0B) LOS objects, 35% free, 28MB/44MB, paused 821us total 29.242ms
08-04 12:21:40.719  1310  1389 I art     : Starting a blocking GC Explicit
08-04 12:21:40.749  1310  1389 I art     : Explicit concurrent mark sweep GC freed 3(96B) AllocSpace objects, 0(0B) LOS objects, 35% free, 28MB/44MB, paused 823us total 29.653ms
08-04 12:21:41.093  1310  1660 I art     : Starting a blocking GC Explicit
08-04 12:21:41.134  1310  1660 I art     : Explicit concurrent mark sweep GC freed 1631(95KB) AllocSpace objects, 1(20KB) LOS objects, 35% free, 28MB/44MB, paused 920us total 40.449ms
08-04 12:21:41.144  1310  1660 I art     : Starting a blocking GC Explicit
08-04 12:21:41.172  1310  1660 I art     : Explicit concurrent mark sweep GC freed 35(1136B) AllocSpace objects, 0(0B) LOS objects, 35% free, 28MB/44MB, paused 783us total 28.611ms
08-04 12:21:41.182  1310  1660 I art     : Starting a blocking GC Explicit
08-04 12:21:41.211  1310  1660 I art     : Explicit concurrent mark sweep GC freed 3(96B) AllocSpace objects, 0(0B) LOS objects, 35% free, 28MB/44MB, paused 800us total 28.825ms
08-04 12:21:41.221  1310  1660 I art     : Starting a blocking GC Explicit
08-04 12:21:41.250  1310  1660 I art     : Explicit concurrent mark sweep GC freed 3(96B) AllocSpace objects, 0(0B) LOS objects, 35% free, 28MB/44MB, paused 825us total 29.095ms
08-04 12:21:41.260  1310  1660 I art     : Starting a blocking GC Explicit
08-04 12:21:41.289  1310  1660 I art     : Explicit concurrent mark sweep GC freed 3(96B) AllocSpace objects, 0(0B) LOS objects, 35% free, 28MB/44MB, paused 832us total 29.102ms
08-04 12:21:41.570  1310  1310 D OnlineFeedViewActivity: onEventMainThread() called with: event = [DownloadEvent{update=DownloaderUpdate{downloaders=[], feedIds=[], mediaIds=[]}}]
08-04 12:21:41.576   518   646 I ThermalEngine: ACTION: GPU - Setting GPU[0] to 600000000
08-04 12:21:41.577  1310  2426 D FeedSyncThread: Bundling 1 feeds
08-04 12:21:41.579  1310  2534 D DBReader: Extracting Feedlist
08-04 12:21:41.580  1310  2534 D DBTasks : Found no existing Feed with title Nice White Parents. Adding as new one.
08-04 12:21:41.583  1310  2535 D PodDBAdapter: Setting feed with flattr status Nice White Parents: 0
08-04 12:21:41.583  1310  2535 D nappatfpr.de.danoeh.antennapod.core.storage.PodDBAdapter@5f414a4: Inserting new Feed into db
08-04 12:21:41.599  1310  1310 D EventDistributor: Processing event queue. Number of events: 1
08-04 12:21:41.599  1310  1310 D EventDistributor: Notifying observers. Data: 1
08-04 12:21:41.600  1310  1367 D DBReader: Extracting Feedlist
08-04 12:21:41.600  1310  1310 D DownloadService: 0 downloads left
08-04 12:21:41.600  1310  1310 D DownloadService: Number of downloads is 0, attempting shutdown
08-04 12:21:41.601  1310  1310 D DownloadService: Service shutting down
08-04 12:21:41.601  1310  1310 D DownloadService: No report is created
08-04 12:21:41.602  1310  1310 D OnlineFeedViewActivity: onEventMainThread() called with: event = [DownloadEvent{update=DownloaderUpdate{downloaders=[], feedIds=[], mediaIds=[]}}]
08-04 12:21:41.604  1310  2425 E downloadCompletionThd: DownloadCompletionThread was interrupted
08-04 12:21:41.604  1310  1310 D DownloadService: NotificationUpdater cancelled. Result: false
08-04 12:21:41.605  1310  1310 D DBTasks : autodownloadUndownloadedItems
08-04 12:21:41.607  1310  2536 D NetworkUtils: Device is connected to Wi-Fi
08-04 12:21:41.608  1310  2536 D NetworkUtils: Auto-dl filter is disabled
08-04 12:21:41.619  1310  1389 I art     : Starting a blocking GC Explicit
08-04 12:21:41.643  1310  1389 I art     : Explicit concurrent mark sweep GC freed 2149(152KB) AllocSpace objects, 2(40KB) LOS objects, 35% free, 28MB/44MB, paused 570us total 23.641ms
08-04 12:21:41.650  1310  1389 I art     : Starting a blocking GC Explicit
08-04 12:21:41.673  1310  1389 I art     : Explicit concurrent mark sweep GC freed 156(6KB) AllocSpace objects, 0(0B) LOS objects, 35% free, 28MB/44MB, paused 606us total 22.888ms
08-04 12:21:41.681  1310  1389 I art     : Starting a blocking GC Explicit
08-04 12:21:41.703  1310  1389 I art     : Explicit concurrent mark sweep GC freed 3(96B) AllocSpace objects, 0(0B) LOS objects, 35% free, 28MB/44MB, paused 608us total 22.516ms
08-04 12:21:41.711  1310  1389 I art     : Starting a blocking GC Explicit
08-04 12:21:41.734  1310  1389 I art     : Explicit concurrent mark sweep GC freed 3(96B) AllocSpace objects, 0(0B) LOS objects, 35% free, 28MB/44MB, paused 621us total 22.935ms
08-04 12:21:41.742  1310  1389 I art     : Starting a blocking GC Explicit
08-04 12:21:41.765  1310  1389 I art     : Explicit concurrent mark sweep GC freed 18(480B) AllocSpace objects, 0(0B) LOS objects, 35% free, 28MB/44MB, paused 796us total 23.065ms
08-04 12:21:42.073  1310  1324 I art     : Starting a blocking GC Explicit
08-04 12:21:42.110  1310  1324 I art     : Explicit concurrent mark sweep GC freed 1616(95KB) AllocSpace objects, 1(20KB) LOS objects, 35% free, 28MB/44MB, paused 700us total 36.680ms
08-04 12:21:42.124  1310  1324 I art     : Starting a blocking GC Explicit
08-04 12:21:42.147  1310  1324 I art     : Explicit concurrent mark sweep GC freed 35(1136B) AllocSpace objects, 0(0B) LOS objects, 35% free, 28MB/44MB, paused 760us total 23.057ms
08-04 12:21:42.155  1310  1324 I art     : Starting a blocking GC Explicit
08-04 12:21:42.178  1310  1324 I art     : Explicit concurrent mark sweep GC freed 3(96B) AllocSpace objects, 0(0B) LOS objects, 35% free, 28MB/44MB, paused 649us total 23.083ms
08-04 12:21:42.186  1310  1324 I art     : Starting a blocking GC Explicit
08-04 12:21:42.210  1310  1324 I art     : Explicit concurrent mark sweep GC freed 3(96B) AllocSpace objects, 0(0B) LOS objects, 35% free, 28MB/44MB, paused 618us total 23.575ms
08-04 12:21:42.217  1310  1324 I art     : Starting a blocking GC Explicit
08-04 12:21:42.241  1310  1324 I art     : Explicit concurrent mark sweep GC freed 3(96B) AllocSpace objects, 0(0B) LOS objects, 35% free, 28MB/44MB, paused 620us total 23.368ms
08-04 12:21:42.563  1310  1323 I art     : Starting a blocking GC Explicit
08-04 12:21:42.598  1310  1323 I art     : Explicit concurrent mark sweep GC freed 1603(96KB) AllocSpace objects, 1(20KB) LOS objects, 35% free, 28MB/44MB, paused 907us total 34.851ms
08-04 12:21:42.609  1310  1323 I art     : Starting a blocking GC Explicit
08-04 12:21:42.631  1310  1323 I art     : Explicit concurrent mark sweep GC freed 35(1136B) AllocSpace objects, 0(0B) LOS objects, 35% free, 28MB/44MB, paused 611us total 21.873ms
08-04 12:21:42.638  1310  1323 I art     : Starting a blocking GC Explicit
08-04 12:21:42.661  1310  1323 I art     : Explicit concurrent mark sweep GC freed 3(96B) AllocSpace objects, 0(0B) LOS objects, 35% free, 28MB/44MB, paused 600us total 22.117ms
08-04 12:21:42.668  1310  1323 I art     : Starting a blocking GC Explicit
08-04 12:21:42.690  1310  1323 I art     : Explicit concurrent mark sweep GC freed 3(96B) AllocSpace objects, 0(0B) LOS objects, 35% free, 28MB/44MB, paused 604us total 22.102ms
08-04 12:21:42.698  1310  1323 I art     : Starting a blocking GC Explicit
08-04 12:21:42.721  1310  1323 I art     : Explicit concurrent mark sweep GC freed 3(96B) AllocSpace objects, 0(0B) LOS objects, 35% free, 28MB/44MB, paused 748us total 22.950ms
08-04 12:21:42.738 31417 31417 I ServiceManager: Waiting for service AtCmdFwd...
08-04 12:21:42.978  1310  1660 I art     : Starting a blocking GC Explicit
08-04 12:21:43.002  1310  1660 I art     : Explicit concurrent mark sweep GC freed 1637(97KB) AllocSpace objects, 1(20KB) LOS objects, 35% free, 28MB/44MB, paused 650us total 23.697ms
08-04 12:21:43.010  1310  1660 I art     : Starting a blocking GC Explicit
08-04 12:21:43.033  1310  1660 I art     : Explicit concurrent mark sweep GC freed 35(1136B) AllocSpace objects, 0(0B) LOS objects, 35% free, 28MB/44MB, paused 604us total 23.079ms
08-04 12:21:43.040  1310  1660 I art     : Starting a blocking GC Explicit
08-04 12:21:43.063  1310  1660 I art     : Explicit concurrent mark sweep GC freed 3(96B) AllocSpace objects, 0(0B) LOS objects, 35% free, 28MB/44MB, paused 611us total 22.467ms
08-04 12:21:43.071  1310  1660 I art     : Starting a blocking GC Explicit
08-04 12:21:43.092  1310  1660 I art     : Explicit concurrent mark sweep GC freed 3(96B) AllocSpace objects, 0(0B) LOS objects, 35% free, 28MB/44MB, paused 609us total 21.483ms
08-04 12:21:43.100  1310  1660 I art     : Starting a blocking GC Explicit
08-04 12:21:43.122  1310  1660 I art     : Explicit concurrent mark sweep GC freed 3(96B) AllocSpace objects, 0(0B) LOS objects, 35% free, 28MB/44MB, paused 621us total 22.071ms
08-04 12:21:43.156  2560  2560 D AndroidRuntime: >>>>>> START com.android.internal.os.RuntimeInit uid 2000 <<<<<<
08-04 12:21:43.160  2560  2560 D AndroidRuntime: CheckJNI is OFF
08-04 12:21:43.186  2560  2560 D ICU     : No timezone override file found: /data/misc/zoneinfo/current/icu/icu_tzdata.dat
08-04 12:21:43.212  2560  2560 I Radio-JNI: register_android_hardware_Radio DONE
08-04 12:21:43.229  2560  2560 D AndroidRuntime: Calling main entry com.android.commands.input.Input
08-04 12:21:43.230  2560  2560 I Input   : injectKeyEvent: KeyEvent { action=ACTION_DOWN, keyCode=KEYCODE_BACK, scanCode=0, metaState=0, flags=0x0, repeatCount=0, eventTime=706919643, downTime=706919643, deviceId=-1, source=0x101 }
08-04 12:21:43.238  2560  2560 I Input   : injectKeyEvent: KeyEvent { action=ACTION_UP, keyCode=KEYCODE_BACK, scanCode=0, metaState=0, flags=0x0, repeatCount=0, eventTime=706919643, downTime=706919643, deviceId=-1, source=0x101 }
08-04 12:21:43.243  2560  2560 D AndroidRuntime: Shutting down VM
08-04 12:21:43.243  1310  1310 D NappaLifecycleObserver: nappatfpr.de.danoeh.antennapod.activity.OnlineFeedViewActivity - onPause
08-04 12:21:43.243  1310  1310 D Nappa   : Stayed on nappatfpr.de.danoeh.antennapod.activity.OnlineFeedViewActivity for 8942 ms
08-04 12:21:43.248  1310  1310 V PlaybackController: initServiceNotRunning()
08-04 12:21:43.249  1310  1310 D ExternalPlayerFragment: Loading media info
08-04 12:21:43.251  1310  1310 D UserPreferences: Using default data folder
08-04 12:21:43.252  1310  1367 D DBReader: getNavDrawerData() called with: 
08-04 12:21:43.252  1310  1310 D NappaLifecycleObserver: nappatfpr.de.danoeh.antennapod.activity.MainActivity - onResume
08-04 12:21:43.252  1310  1310 D Nappa   : setCurrentActivity - MetricStrategyAccuracy - 
08-04 12:21:43.252  1310  1310 D Nappa   : madePredictionFromActivity = true, 
08-04 12:21:43.252  1310  1310 D Nappa   : fromActivity = nappatfpr.de.danoeh.antennapod.activity.OnlineFeedViewActivity, 
08-04 12:21:43.252  1310  1310 D Nappa   : predictedNextActivityFromActivity = [], 
08-04 12:21:43.252  1310  1310 D Nappa   : activity.getClass().getCanonicalName() = nappatfpr.de.danoeh.antennapod.activity.MainActivity, 
08-04 12:21:43.252  1310  1310 D Nappa   : setCurrentActivity - MetricStrategyAccuracy - 
08-04 12:21:43.252  1310  1310 D Nappa   : madePredictionFromExtra = false, 
08-04 12:21:43.252  1310  1310 D Nappa   : fromActivity = nappatfpr.de.danoeh.antennapod.activity.OnlineFeedViewActivity, 
08-04 12:21:43.252  1310  1310 D Nappa   : predictedNextActivityFromExtra = [], 
08-04 12:21:43.252  1310  1310 D Nappa   : activity.getClass().getCanonicalName() = nappatfpr.de.danoeh.antennapod.activity.MainActivity, 
08-04 12:21:43.252  1310  1310 D Nappa   : PREFETCH_ON_EXTRA - setCurrentActivity - logs - from activity - made prediction istrue
08-04 12:21:43.252  1310  1310 D Nappa   : PREFETCH_ON_EXTRA - setCurrentActivity - logs - from activity - start
08-04 12:21:43.252  1310  1310 I NAPPA_EXPERIMENTATION: MetricStrategyAccuracy: LOG_ID='4',EXECUTION_COUNT='4',CASES_COUNT='4',HIT_PERCENTAGE_TOTAL='25.0',HIT_PERCENTAGE_WHEN_PREDICTED='50.0',HIT_COUNT='1',MISS_COUNT='1',INSUFFICIENT_SCORE_COUNT='0',EXCEPTION_COUNT='0',NO_SUCCESSOR_COUNT='2',
08-04 12:21:43.252  1310  1310 D Nappa   : PREFETCH_ON_EXTRA - setCurrentActivity - logs - from activity- finished
08-04 12:21:43.254  1310  1367 D DBReader: getDownloadedItems() called
08-04 12:21:43.255  1310  1367 D DBReader: getFavoriteIDList() called
08-04 12:21:43.255  1310  1367 D DBReader: getQueueIDList() called
08-04 12:21:43.256  1310  1367 D DBReader: Extracting Feedlist
08-04 12:21:43.352  1310  1310 D Nappa   : registerActivity: (already in) nappatfpr.de.danoeh.antennapod.activity.MainActivity
08-04 12:21:43.353  1310  1310 D ActivityGraph: LARDataCalculatedUpdate nappatfpr.de.danoeh.antennapod.activity.MainActivity Pagerank: 0.25 HITS-Authority: 1.0 HITS-Hub: 1.0 SALSA-Authority: 1.0 SALSA-Hub: 1.0
08-04 12:21:43.353  1310  1310 D Nappa   : SHOULD_PREFETCH false
08-04 12:21:43.353  1310  1310 D Nappa   : STATS Number of requests not prefetched: 3
08-04 12:21:43.353  1310  1310 D Nappa   : STATS Number of requests prefetched: 1
08-04 12:21:43.353  1310  1310 D Nappa   : STATS Time saved until now: 0.143
08-04 12:21:43.358  1310  1389 I art     : Starting a blocking GC Explicit
08-04 12:21:43.382  1310  1310 D MainActivity: getLastNavFragment() -> AddFeedFragment
08-04 12:21:43.382  1310  1389 I art     : Explicit concurrent mark sweep GC freed 2731(186KB) AllocSpace objects, 1(20KB) LOS objects, 35% free, 28MB/44MB, paused 595us total 23.323ms
08-04 12:21:43.389  1310  1389 I art     : Starting a blocking GC Explicit
08-04 12:21:43.396  1310  2310 D ApOkHttpUrlLoader: buildLoadData() called with: model = [https://content.production.cdn.art19.com/images/89/e0/88/44/89e08844-ac28-4fc0-96fa-15a41fec2014/262c12ed699a8d9720dea0bd66449d998e4a08cf18095bed170ccaa76722045fa5dbf7a366918b2db7e3acf29ad22f6b99fd659a9409cb807bf2781d968932f8.jpeg], width = [140], height = [140]
08-04 12:21:43.413  1310  1310 D ActivityNode: Observer - successor visit time - MainActivity - Updating the visit time from the successors list:
08-04 12:21:43.413  1310  1310 D ActivityNode: [AggregateVisitTimeByActivity{nappatfpr.de.danoeh.antennapod.activity.PreferenceActivity : 25040 ms}, AggregateVisitTimeByActivity{nappatfpr.de.danoeh.antennapod.activity.OnlineFeedViewActivity : 204816 ms}, AggregateVisitTimeByActivity{nappatfpr.de.danoeh.antennapod.activity.FeedSettingsActivity : 17368 ms}, AggregateVisitTimeByActivity{nappatfpr.de.danoeh.antennapod.activity.FeedInfoActivity : 18129 ms}]
08-04 12:21:43.414  1310  1389 I art     : Explicit concurrent mark sweep GC freed 897(63KB) AllocSpace objects, 0(0B) LOS objects, 35% free, 28MB/44MB, paused 1.631ms total 23.981ms
08-04 12:21:43.414  1310  1321 I art     : WaitForGcToComplete blocked for 22.311ms for cause HeapTrim
08-04 12:21:43.420 13866 13866 I GoogleInputMethodServic: GoogleInputMethodService.onFinishInput():3138 
08-04 12:21:43.420  1310  1310 D ActivityNode: Observer - successor visit time - SplashActivity - Updating the visit time from the successors list:
08-04 12:21:43.420  1310  1310 D ActivityNode: [AggregateVisitTimeByActivity{nappatfpr.de.danoeh.antennapod.activity.MainActivity : 37587 ms}]
08-04 12:21:43.420  1310  1310 D ActivityNode: Observer - visit time - OnlineFeedViewActivity - New aggregate visit time found is 204816 ms
08-04 12:21:43.421 13866 13866 I GoogleInputMethodServic: GoogleInputMethodService.onStartInput():1808 
08-04 12:21:43.421  1310  1389 I art     : Starting a blocking GC Explicit
08-04 12:21:43.444  1310  1389 I art     : Explicit concurrent mark sweep GC freed 514(39KB) AllocSpace objects, 0(0B) LOS objects, 35% free, 28MB/44MB, paused 746us total 22.782ms
08-04 12:21:43.454  1310  1389 I art     : Starting a blocking GC Explicit
08-04 12:21:43.474  1310  1389 I art     : Explicit concurrent mark sweep GC freed 23(1552B) AllocSpace objects, 0(0B) LOS objects, 35% free, 28MB/44MB, paused 713us total 20.274ms
08-04 12:21:43.481  1310  1389 I art     : Starting a blocking GC Explicit
08-04 12:21:43.502  1310  1389 I art     : Explicit concurrent mark sweep GC freed 3(96B) AllocSpace objects, 0(0B) LOS objects, 35% free, 28MB/44MB, paused 633us total 20.953ms
