08-04 11:52:08.976   512  2967 D audio_hw_primary: select_devices: out_snd_device(2: speaker) in_snd_device(0: none)
08-04 11:52:08.976   512  2967 D msm8974_platform: platform_send_audio_calibration: sending audio calibration for snd_device(2) acdb_id(15)
08-04 11:52:08.976   512  2967 I soundtrigger: audio_extn_sound_trigger_update_device_status: device 0x2 of type 0 for Event 1
08-04 11:52:08.987   512  2967 D audio_hw_primary: enable_snd_device: snd_device(2: speaker)
08-04 11:52:08.989   512  2967 D audio_hw_primary: enable_audio_route: apply and update mixer path: low-latency-playback speaker
08-04 11:52:08.993  8950  9027 I art     : Starting a blocking GC Explicit
08-04 11:52:09.000 13866 13866 I GoogleInputMethodServic: GoogleInputMethodService.onFinishInput():3138 
08-04 11:52:09.001 13866 13866 I GoogleInputMethodServic: GoogleInputMethodService.onStartInput():1808 
08-04 11:52:09.008  8950  9027 I art     : Explicit concurrent mark sweep GC freed 1708(98KB) AllocSpace objects, 1(20KB) LOS objects, 40% free, 22MB/38MB, paused 240us total 14.888ms
08-04 11:52:09.014  8950  9027 I art     : Starting a blocking GC Explicit
08-04 11:52:09.028  8950  9027 I art     : Explicit concurrent mark sweep GC freed 51(1936B) AllocSpace objects, 0(0B) LOS objects, 40% free, 22MB/38MB, paused 197us total 13.697ms
08-04 11:52:09.035  8950  9027 I art     : Starting a blocking GC Explicit
08-04 11:52:09.049  8950  9027 I art     : Explicit concurrent mark sweep GC freed 377(19KB) AllocSpace objects, 0(0B) LOS objects, 40% free, 22MB/38MB, paused 220us total 13.541ms
08-04 11:52:09.055  8950  9027 I art     : Starting a blocking GC Explicit
08-04 11:52:09.069  8950  9027 I art     : Explicit concurrent mark sweep GC freed 7(384B) AllocSpace objects, 0(0B) LOS objects, 40% free, 22MB/38MB, paused 198us total 13.436ms
08-04 11:52:09.075  8950  9027 I art     : Starting a blocking GC Explicit
08-04 11:52:09.089  8950  9027 I art     : Explicit concurrent mark sweep GC freed 3(96B) AllocSpace objects, 0(0B) LOS objects, 40% free, 22MB/38MB, paused 211us total 13.594ms
08-04 11:52:09.307  8950  8963 I art     : Starting a blocking GC Explicit
08-04 11:52:09.323  8950  8963 I art     : Explicit concurrent mark sweep GC freed 1583(94KB) AllocSpace objects, 1(20KB) LOS objects, 40% free, 22MB/38MB, paused 222us total 14.975ms
08-04 11:52:09.329  8950  8963 I art     : Starting a blocking GC Explicit
08-04 11:52:09.344  8950  8963 I art     : Explicit concurrent mark sweep GC freed 43(1392B) AllocSpace objects, 0(0B) LOS objects, 40% free, 22MB/38MB, paused 387us total 14.951ms
08-04 11:52:09.352  8950  8963 I art     : Starting a blocking GC Explicit
08-04 11:52:09.366  8950  8963 I art     : Explicit concurrent mark sweep GC freed 3(96B) AllocSpace objects, 0(0B) LOS objects, 40% free, 22MB/38MB, paused 225us total 14.283ms
08-04 11:52:09.373  8950  8963 I art     : Starting a blocking GC Explicit
08-04 11:52:09.387  8950  8963 I art     : Explicit concurrent mark sweep GC freed 5(192B) AllocSpace objects, 0(0B) LOS objects, 40% free, 22MB/38MB, paused 270us total 13.682ms
08-04 11:52:09.393  8950  8963 I art     : Starting a blocking GC Explicit
08-04 11:52:09.407  8950  8963 I art     : Explicit concurrent mark sweep GC freed 6(192B) AllocSpace objects, 0(0B) LOS objects, 40% free, 22MB/38MB, paused 265us total 13.817ms
08-04 11:52:09.505  9246  9246 D AndroidRuntime: >>>>>> START com.android.internal.os.RuntimeInit uid 2000 <<<<<<
08-04 11:52:09.509  9246  9246 D AndroidRuntime: CheckJNI is OFF
08-04 11:52:09.530   512  2967 D audio_hw_primary: disable_audio_route: reset and update mixer path: low-latency-playback speaker
08-04 11:52:09.531   512  2967 D audio_hw_primary: disable_snd_device: snd_device(2: speaker)
08-04 11:52:09.536  9246  9246 D ICU     : No timezone override file found: /data/misc/zoneinfo/current/icu/icu_tzdata.dat
08-04 11:52:09.540   512  2967 I soundtrigger: audio_extn_sound_trigger_update_device_status: device 0x2 of type 0 for Event 0
08-04 11:52:09.560  9246  9246 I Radio-JNI: register_android_hardware_Radio DONE
08-04 11:52:09.575  9246  9246 D AndroidRuntime: Calling main entry com.android.commands.input.Input
08-04 11:52:09.576  9246  9246 I Input   : injectMotionEvent: MotionEvent { action=ACTION_DOWN, actionButton=0, id[0]=0, x[0]=324.0, y[0]=2298.0, toolType[0]=TOOL_TYPE_UNKNOWN, buttonState=0, metaState=0, flags=0x0, edgeFlags=0x0, pointerCount=1, historySize=0, eventTime=705145989, downTime=705145989, deviceId=0, source=0x1002 }
08-04 11:52:09.581  9246  9246 I Input   : injectMotionEvent: MotionEvent { action=ACTION_UP, actionButton=0, id[0]=0, x[0]=324.0, y[0]=2298.0, toolType[0]=TOOL_TYPE_UNKNOWN, buttonState=0, metaState=0, flags=0x0, edgeFlags=0x0, pointerCount=1, historySize=0, eventTime=705145989, downTime=705145989, deviceId=0, source=0x1002 }
08-04 11:52:09.583  9246  9246 D AndroidRuntime: Shutting down VM
08-04 11:52:09.597  8950  8950 D NappaIntentExtras: ==================
08-04 11:52:09.598   512  2967 D audio_hw_primary: out_set_parameters: enter: usecase(1: low-latency-playback) kvpairs: routing=2
08-04 11:52:09.599  8950  8950 D NappaIntentExtras: Log #2
08-04 11:52:09.599  8950  8950 D NappaIntentExtras: ------------------
08-04 11:52:09.599  8950  8950 D NappaIntentExtras: activity nappatfpr.de.danoeh.antennapod.activity.FeedSettingsActivity
08-04 11:52:09.599  8950  8950 D NappaIntentExtras: 	- No extras registered
08-04 11:52:09.599  8950  8950 D NappaIntentExtras: activity nappatfpr.de.danoeh.antennapod.activity.MainActivity
08-04 11:52:09.599  8950  8950 D NappaIntentExtras: 	- No extras registered
08-04 11:52:09.599  8950  8950 D NappaIntentExtras: activity nappatfpr.de.danoeh.antennapod.activity.FeedInfoActivity
08-04 11:52:09.599  8950  8950 D NappaIntentExtras: 	- No extras registered
08-04 11:52:09.599  8950  8950 D NappaIntentExtras: activity nappatfpr.de.danoeh.antennapod.activity.OnlineFeedViewActivity
08-04 11:52:09.599  8950  8950 D NappaIntentExtras: 	- No extras registered
08-04 11:52:09.599  8950  8950 D NappaIntentExtras: activity nappatfpr.de.danoeh.antennapod.activity.PreferenceActivity
08-04 11:52:09.599  8950  8950 D NappaIntentExtras: 	- No extras registered
08-04 11:52:09.599  8950  8950 D NappaIntentExtras: activity nappatfpr.de.danoeh.antennapod.activity.SplashActivity
08-04 11:52:09.599  8950  8950 D NappaIntentExtras: 	- No extras registered
08-04 11:52:09.599  8950  8950 D NappaIntentExtras: ==================
08-04 11:52:09.600   918  3714 I ActivityManager: START u0 {cmp=nappatfpr.de.danoeh.antennapod.debug/nappatfpr.de.danoeh.antennapod.activity.PreferenceActivity} from uid 10665 on display 0
08-04 11:52:09.611  8950  8950 D NappaLifecycleObserver: nappatfpr.de.danoeh.antennapod.activity.MainActivity - onPause
08-04 11:52:09.611  8950  8950 D Nappa   : Stayed on nappatfpr.de.danoeh.antennapod.activity.MainActivity for 7319 ms
08-04 11:52:09.611   512  2967 D audio_hw_primary: select_devices: out_snd_device(2: speaker) in_snd_device(0: none)
08-04 11:52:09.611   512  2967 D msm8974_platform: platform_send_audio_calibration: sending audio calibration for snd_device(2) acdb_id(15)
08-04 11:52:09.611   512  2967 I soundtrigger: audio_extn_sound_trigger_update_device_status: device 0x2 of type 0 for Event 1
08-04 11:52:09.622   512  2967 D audio_hw_primary: enable_snd_device: snd_device(2: speaker)
08-04 11:52:09.624   512  2967 D audio_hw_primary: enable_audio_route: apply and update mixer path: low-latency-playback speaker
08-04 11:52:09.626  8950  8950 D ActivityNode: Observer - visit time - MainActivity - New aggregate visit time found is 321371 ms
08-04 11:52:09.655  8950  8950 D NappaLifecycleObserver: nappatfpr.de.danoeh.antennapod.activity.PreferenceActivity - onResume
08-04 11:52:09.655  8950  8950 D Nappa   : setCurrentActivity - MetricStrategyAccuracy - 
08-04 11:52:09.655  8950  8950 D Nappa   : madePredictionFromActivity = true, 
08-04 11:52:09.655  8950  8950 D Nappa   : fromActivity = nappatfpr.de.danoeh.antennapod.activity.MainActivity, 
08-04 11:52:09.655  8950  8950 D Nappa   : predictedNextActivityFromActivity = [nappatfpr.de.danoeh.antennapod.activity.OnlineFeedViewActivity], 
08-04 11:52:09.655  8950  8950 D Nappa   : activity.getClass().getCanonicalName() = nappatfpr.de.danoeh.antennapod.activity.PreferenceActivity, 
08-04 11:52:09.655  8950  8950 D Nappa   : setCurrentActivity - MetricStrategyAccuracy - 
08-04 11:52:09.655  8950  8950 D Nappa   : madePredictionFromExtra = false, 
08-04 11:52:09.655  8950  8950 D Nappa   : fromActivity = nappatfpr.de.danoeh.antennapod.activity.MainActivity, 
08-04 11:52:09.655  8950  8950 D Nappa   : predictedNextActivityFromExtra = [], 
08-04 11:52:09.655  8950  8950 D Nappa   : activity.getClass().getCanonicalName() = nappatfpr.de.danoeh.antennapod.activity.PreferenceActivity, 
08-04 11:52:09.655  8950  8950 D Nappa   : PREFETCH_ON_EXTRA - setCurrentActivity - logs - from activity - made prediction istrue
08-04 11:52:09.655  8950  8950 D Nappa   : PREFETCH_ON_EXTRA - setCurrentActivity - logs - from activity - start
08-04 11:52:09.655  8950  8950 D Nappa   : setCurrentActivity - MetricStrategyAccuracy - checking prediction VS current activity for activities
08-04 11:52:09.655  8950  8950 D TfprPrefetchingStrategy: MetricStrategyAccuracy inc misses count0 | from ext
08-04 11:52:09.655  8950  8950 I NAPPA_EXPERIMENTATION: MetricStrategyAccuracy: LOG_ID='1',EXECUTION_COUNT='1',CASES_COUNT='1',HIT_PERCENTAGE_TOTAL='0.0',HIT_PERCENTAGE_WHEN_PREDICTED='0.0',HIT_COUNT='0',MISS_COUNT='1',INSUFFICIENT_SCORE_COUNT='0',EXCEPTION_COUNT='0',NO_SUCCESSOR_COUNT='0',
08-04 11:52:09.655  8950  8950 D Nappa   : PREFETCH_ON_EXTRA - setCurrentActivity - logs - from activity- finished
08-04 11:52:09.659  8950  8963 I art     : Starting a blocking GC Explicit
08-04 11:52:09.667   512  2967 D AudioFlinger: mixer(0xf4740000) throttle end: throttle time(12)
08-04 11:52:09.675  8950  8963 I art     : Explicit concurrent mark sweep GC freed 3654(353KB) AllocSpace objects, 2(40KB) LOS objects, 40% free, 23MB/38MB, paused 251us total 15.573ms
08-04 11:52:09.681  8950  8963 I art     : Starting a blocking GC Explicit
08-04 11:52:09.695  8950  8963 I art     : Explicit concurrent mark sweep GC freed 533(24KB) AllocSpace objects, 0(0B) LOS objects, 40% free, 23MB/38MB, paused 222us total 13.464ms
08-04 11:52:09.701  8950  8963 I art     : Starting a blocking GC Explicit
08-04 11:52:09.715  8950  8963 I art     : Explicit concurrent mark sweep GC freed 3(96B) AllocSpace objects, 0(0B) LOS objects, 40% free, 23MB/38MB, paused 231us total 13.614ms
08-04 11:52:09.721  8950  8963 I art     : Starting a blocking GC Explicit
08-04 11:52:09.735  8950  8963 I art     : Explicit concurrent mark sweep GC freed 3(96B) AllocSpace objects, 0(0B) LOS objects, 40% free, 23MB/38MB, paused 241us total 13.650ms
08-04 11:52:09.741  8950  8963 I art     : Starting a blocking GC Explicit
08-04 11:52:09.755  8950  8963 I art     : Explicit concurrent mark sweep GC freed 3(96B) AllocSpace objects, 0(0B) LOS objects, 40% free, 23MB/38MB, paused 222us total 13.323ms
08-04 11:52:09.756  8950  8950 D Nappa   : registerActivity: (already in) nappatfpr.de.danoeh.antennapod.activity.PreferenceActivity
08-04 11:52:09.756  8950  8950 D ActivityNode: ACTNODE UPDATING AFTER LOADING FROM DB
08-04 11:52:09.756  8950  8950 D ActivityGraph: LARDataCalculatedUpdate nappatfpr.de.danoeh.antennapod.activity.PreferenceActivity Pagerank: 0.25 HITS-Authority: 1.0 HITS-Hub: 1.0 SALSA-Authority: 1.0 SALSA-Hub: 1.0
08-04 11:52:09.756  8950  8950 D Nappa   : SHOULD_PREFETCH true
08-04 11:52:09.856  8950  8950 D Nappa   : registerActivity: (already in) nappatfpr.de.danoeh.antennapod.activity.PreferenceActivity
08-04 11:52:09.856  8950  8950 D Nappa   : STATS Number of requests not prefetched: 0
08-04 11:52:09.856  8950  8950 D Nappa   : STATS Number of requests prefetched: 0
08-04 11:52:09.856  8950  8950 D Nappa   : STATS Time saved until now: 0.0
08-04 11:52:09.860  8950  8950 D ActivityNode: Observer - successor visit time - MainActivity - Updating the visit time from the successors list:
08-04 11:52:09.860  8950  8950 D ActivityNode: [AggregateVisitTimeByActivity{nappatfpr.de.danoeh.antennapod.activity.PreferenceActivity : 20170 ms}, AggregateVisitTimeByActivity{nappatfpr.de.danoeh.antennapod.activity.OnlineFeedViewActivity : 195870 ms}, AggregateVisitTimeByActivity{nappatfpr.de.danoeh.antennapod.activity.FeedSettingsActivity : 17451 ms}, AggregateVisitTimeByActivity{nappatfpr.de.danoeh.antennapod.activity.FeedInfoActivity : 18084 ms}]
08-04 11:52:09.861  8950  8950 D ActivityNode: Observer - successor visit time - SplashActivity - Updating the visit time from the successors list:
08-04 11:52:09.861  8950  8950 D ActivityNode: [AggregateVisitTimeByActivity{nappatfpr.de.danoeh.antennapod.activity.MainActivity : 38761 ms}]
08-04 11:52:10.011  8950  9027 I art     : Starting a blocking GC Explicit
08-04 11:52:10.027  8950  9027 I art     : Explicit concurrent mark sweep GC freed 3885(294KB) AllocSpace objects, 1(20KB) LOS objects, 40% free, 23MB/39MB, paused 296us total 16.351ms
08-04 11:52:10.034  8950  9027 I art     : Starting a blocking GC Explicit
08-04 11:52:10.049  8950  9027 I art     : Explicit concurrent mark sweep GC freed 522(23KB) AllocSpace objects, 0(0B) LOS objects, 40% free, 23MB/39MB, paused 212us total 15.376ms
08-04 11:52:10.056  8950  9027 I art     : Starting a blocking GC Explicit
08-04 11:52:10.056  8950  8972 D Nappa   : PREFETCH_ON_EXTRA - setCurrentActivity - logs - from extra - made prediction isfalse
08-04 11:52:10.070  8950  9027 I art     : Explicit concurrent mark sweep GC freed 56(2800B) AllocSpace objects, 0(0B) LOS objects, 40% free, 23MB/39MB, paused 219us total 14.598ms
08-04 11:52:10.077  8950  9027 I art     : Starting a blocking GC Explicit
08-04 11:52:10.082  8950  8950 D ActivityNode: Observer - session data - sourceSplashActivity
08-04 11:52:10.082  8950  8950 D ActivityNode: destinations:
08-04 11:52:10.082  8950  8950 D ActivityNode: 	nappatfpr.de.danoeh.antennapod.activity.MainActivity( count 5)
08-04 11:52:10.082  8950  8950 D ActivityNode: Observer - session data - sourceMainActivity
08-04 11:52:10.082  8950  8950 D ActivityNode: destinations:
08-04 11:52:10.082  8950  8950 D ActivityNode: 	nappatfpr.de.danoeh.antennapod.activity.PreferenceActivity( count 5)
08-04 11:52:10.082  8950  8950 D ActivityNode: 	nappatfpr.de.danoeh.antennapod.activity.OnlineFeedViewActivity( count 32)
08-04 11:52:10.082  8950  8950 D ActivityNode: 	nappatfpr.de.danoeh.antennapod.activity.FeedSettingsActivity( count 4)
08-04 11:52:10.082  8950  8950 D ActivityNode: 	nappatfpr.de.danoeh.antennapod.activity.FeedInfoActivity( count 4)
08-04 11:52:10.082 13866 13866 I GoogleInputMethodServic: GoogleInputMethodService.onFinishInput():3138 
08-04 11:52:10.082  8950  8950 D ActivityNode: Observer - session data - sourcePreferenceActivity
08-04 11:52:10.082  8950  8950 D ActivityNode: destinations:
08-04 11:52:10.082  8950  8950 D ActivityNode: Observer - session data - sourceOnlineFeedViewActivity
08-04 11:52:10.082  8950  8950 D ActivityNode: destinations:
08-04 11:52:10.082  8950  8950 D ActivityNode: Observer - successor visit time - MainActivity - Updating the visit time from the successors list:
08-04 11:52:10.082  8950  8950 D ActivityNode: [AggregateVisitTimeByActivity{nappatfpr.de.danoeh.antennapod.activity.PreferenceActivity : 20170 ms}, AggregateVisitTimeByActivity{nappatfpr.de.danoeh.antennapod.activity.OnlineFeedViewActivity : 195870 ms}, AggregateVisitTimeByActivity{nappatfpr.de.danoeh.antennapod.activity.FeedSettingsActivity : 17451 ms}, AggregateVisitTimeByActivity{nappatfpr.de.danoeh.antennapod.activity.FeedInfoActivity : 18084 ms}]
08-04 11:52:10.082  8950  8950 D ActivityNode: Observer - successor visit time - SplashActivity - Updating the visit time from the successors list:
08-04 11:52:10.082  8950  8950 D ActivityNode: [AggregateVisitTimeByActivity{nappatfpr.de.danoeh.antennapod.activity.MainActivity : 38761 ms}]
08-04 11:52:10.082  8950  8950 D ActivityNode: Observer - session data - sourceFeedInfoActivity
08-04 11:52:10.082  8950  8950 D ActivityNode: destinations:
08-04 11:52:10.083  8950  8950 D ActivityNode: Observer - session data - sourceFeedSettingsActivity
08-04 11:52:10.083  8950  8950 D ActivityNode: destinations:
08-04 11:52:10.084   918   936 I ActivityManager: Displayed nappatfpr.de.danoeh.antennapod.debug/nappatfpr.de.danoeh.antennapod.activity.PreferenceActivity: +464ms
08-04 11:52:10.089 13866 13866 I GoogleInputMethodServic: GoogleInputMethodService.onStartInput():1808 
08-04 11:52:10.096  8950  9027 I art     : Explicit concurrent mark sweep GC freed 545(40KB) AllocSpace objects, 0(0B) LOS objects, 40% free, 23MB/39MB, paused 262us total 18.390ms
08-04 11:52:10.103  8950  9027 I art     : Starting a blocking GC Explicit
08-04 11:52:10.119  8950  9027 I art     : Explicit concurrent mark sweep GC freed 111(4KB) AllocSpace objects, 0(0B) LOS objects, 40% free, 23MB/39MB, paused 226us total 15.632ms
08-04 11:52:10.158   512  2967 D audio_hw_primary: disable_audio_route: reset and update mixer path: low-latency-playback speaker
08-04 11:52:10.159   512  2967 D audio_hw_primary: disable_snd_device: snd_device(2: speaker)
08-04 11:52:10.167   512  2967 I soundtrigger: audio_extn_sound_trigger_update_device_status: device 0x2 of type 0 for Event 0
08-04 11:52:10.228  2075  2107 I WorkerManager: dispose()
08-04 11:52:10.229  2075  2107 W ThreadPoolDumper: Queue length for executor EventBus is now 11. Perhaps some tasks are too long, or the pool is too small.
08-04 11:52:10.329   380   380 W SurfaceFlinger: couldn't log to binary event log: overflow.
08-04 11:52:10.356  8950  8972 D Nappa   : PREFETCH_ON_EXTRA - setCurrentActivity - starting new prediction
08-04 11:52:10.357  8950  8972 D Nappa   : Current node - currentActivityName - nappatfpr.de.danoeh.antennapod.activity.PreferenceActivity
08-04 11:52:10.357  8950  8972 D Nappa   : Current node - activityGraph.getCurrent() - nappatfpr.de.danoeh.antennapod.activity.PreferenceActivity
08-04 11:52:10.357  8950  8972 I NAPPA_EXPERIMENTATION: MetricNappaPrefetchingStrategyExecutionTime: STRATEGY_CLASS='TfprPrefetchingStrategy',DURATION='1979',NUMBER_OF_URLS='0',NUMBER_OF_SELECTED_CHILDREN_NODES='0',NUMBER_OF_CHILDREN_NODES='0',STRATEGY_RUN_SUCCESSFULLY='True',
08-04 11:52:10.357  8950  8972 D TfprPrefetchingStrategy: ==================================
08-04 11:52:10.357  8950  8972 D TfprPrefetchingStrategy: Starting Run #2
08-04 11:52:10.357  8950  8972 D TfprPrefetchingStrategy: ----------------------------------
08-04 11:52:10.357  8950  8972 D TfprPrefetchingStrategy: Node data PreferenceActivity 
08-04 11:52:10.357  8950  8972 D TfprPrefetchingStrategy: 	Successors:
08-04 11:52:10.357  8950  8972 D TfprPrefetchingStrategy: 
08-04 11:52:10.357  8950  8972 D TfprPrefetchingStrategy: 	Ancestors:
08-04 11:52:10.357  8950  8972 D TfprPrefetchingStrategy: 		MainActivity (0 hits)
08-04 11:52:10.357  8950  8972 D TfprPrefetchingStrategy: 
08-04 11:52:10.357  8950  8972 D TfprPrefetchingStrategy: MetricStrategyAccuracy inc execution count2 | act = true; extra = false
08-04 11:52:10.357  8950  8972 D TfprPrefetchingStrategy: MetricStrategyAccuracy inc no sucessor count1 | act = true; extra = false
08-04 11:52:10.357  8950  8972 D TfprPrefetchingStrategy: Node has no successor
08-04 11:52:10.357  8950  8972 D TfprPrefetchingStrategy: Next visited child will be []
08-04 11:52:10.357  8950  8972 D TfprPrefetchingStrategy: ==================================
08-04 11:52:10.357  8950  8972 D Nappa   : PREFETCH_ON_EXTRA - setCurrentActivity - finished new prediction
08-04 11:52:10.406  8950  8963 I art     : Starting a blocking GC Explicit
08-04 11:52:10.423  8950  8963 I art     : Explicit concurrent mark sweep GC freed 1782(118KB) AllocSpace objects, 1(20KB) LOS objects, 40% free, 23MB/39MB, paused 200us total 16.710ms
08-04 11:52:10.430  8950  8963 I art     : Starting a blocking GC Explicit
08-04 11:52:10.434  8950  8950 D PlaybackController: Releasing PlaybackController
08-04 11:52:10.446  8950  8963 I art     : Explicit concurrent mark sweep GC freed 252(16KB) AllocSpace objects, 0(0B) LOS objects, 40% free, 23MB/39MB, paused 277us total 15.769ms
08-04 11:52:10.453  8950  8963 I art     : Starting a blocking GC Explicit
08-04 11:52:10.468  8950  8963 I art     : Explicit concurrent mark sweep GC freed 40(2672B) AllocSpace objects, 0(0B) LOS objects, 40% free, 23MB/39MB, paused 189us total 15.299ms
08-04 11:52:10.475  8950  8963 I art     : Starting a blocking GC Explicit
08-04 11:52:10.491  8950  8963 I art     : Explicit concurrent mark sweep GC freed 3(96B) AllocSpace objects, 0(0B) LOS objects, 40% free, 23MB/39MB, paused 216us total 15.541ms
08-04 11:52:10.497  8950  8963 I art     : Starting a blocking GC Explicit
08-04 11:52:10.513  8950  8963 I art     : Explicit concurrent mark sweep GC freed 3(96B) AllocSpace objects, 0(0B) LOS objects, 40% free, 23MB/39MB, paused 197us total 15.520ms
08-04 11:52:10.791  8950  8964 I art     : Starting a blocking GC Explicit
08-04 11:52:10.813  8950  8964 I art     : Explicit concurrent mark sweep GC freed 1611(96KB) AllocSpace objects, 1(20KB) LOS objects, 40% free, 23MB/39MB, paused 212us total 21.833ms
08-04 11:52:10.820  8950  8964 I art     : Starting a blocking GC Explicit
08-04 11:52:10.837  8950  8964 I art     : Explicit concurrent mark sweep GC freed 35(1136B) AllocSpace objects, 0(0B) LOS objects, 40% free, 23MB/39MB, paused 218us total 16.751ms
08-04 11:52:10.843  8950  8964 I art     : Starting a blocking GC Explicit
08-04 11:52:10.859  8950  8964 I art     : Explicit concurrent mark sweep GC freed 3(96B) AllocSpace objects, 0(0B) LOS objects, 40% free, 23MB/39MB, paused 210us total 15.058ms
08-04 11:52:10.865  8950  8964 I art     : Starting a blocking GC Explicit
08-04 11:52:10.880  8950  8964 I art     : Explicit concurrent mark sweep GC freed 3(96B) AllocSpace objects, 0(0B) LOS objects, 40% free, 23MB/39MB, paused 197us total 15.029ms
08-04 11:52:10.887  8950  8964 I art     : Starting a blocking GC Explicit
08-04 11:52:10.901  8950  8964 I art     : Explicit concurrent mark sweep GC freed 3(96B) AllocSpace objects, 0(0B) LOS objects, 40% free, 23MB/39MB, paused 189us total 14.122ms
08-04 11:52:11.119  9310  9310 D AndroidRuntime: >>>>>> START com.android.internal.os.RuntimeInit uid 2000 <<<<<<
08-04 11:52:11.123  9310  9310 D AndroidRuntime: CheckJNI is OFF
08-04 11:52:11.147  8950  9027 I art     : Starting a blocking GC Explicit
08-04 11:52:11.150  9310  9310 D ICU     : No timezone override file found: /data/misc/zoneinfo/current/icu/icu_tzdata.dat
08-04 11:52:11.164  8950  9027 I art     : Explicit concurrent mark sweep GC freed 1586(99KB) AllocSpace objects, 1(20KB) LOS objects, 40% free, 23MB/39MB, paused 217us total 16.702ms
08-04 11:52:11.171  8950  9027 I art     : Starting a blocking GC Explicit
08-04 11:52:11.176  9310  9310 I Radio-JNI: register_android_hardware_Radio DONE
08-04 11:52:11.187  8950  9027 I art     : Explicit concurrent mark sweep GC freed 35(1136B) AllocSpace objects, 0(0B) LOS objects, 40% free, 23MB/39MB, paused 221us total 15.660ms
08-04 11:52:11.193  8950  9027 I art     : Starting a blocking GC Explicit
08-04 11:52:11.193  9310  9310 D AndroidRuntime: Calling main entry com.android.commands.input.Input
08-04 11:52:11.194  9310  9310 I Input   : injectMotionEvent: MotionEvent { action=ACTION_DOWN, actionButton=0, id[0]=0, x[0]=400.0, y[0]=997.0, toolType[0]=TOOL_TYPE_UNKNOWN, buttonState=0, metaState=0, flags=0x0, edgeFlags=0x0, pointerCount=1, historySize=0, eventTime=705147607, downTime=705147607, deviceId=0, source=0x1002 }
08-04 11:52:11.199  9310  9310 I Input   : injectMotionEvent: MotionEvent { action=ACTION_UP, actionButton=0, id[0]=0, x[0]=400.0, y[0]=997.0, toolType[0]=TOOL_TYPE_UNKNOWN, buttonState=0, metaState=0, flags=0x0, edgeFlags=0x0, pointerCount=1, historySize=0, eventTime=705147607, downTime=705147607, deviceId=0, source=0x1002 }
08-04 11:52:11.200  9310  9310 D AndroidRuntime: Shutting down VM
08-04 11:52:11.208  8950  9027 I art     : Explicit concurrent mark sweep GC freed 14(416B) AllocSpace objects, 0(0B) LOS objects, 40% free, 23MB/39MB, paused 247us total 15.482ms
08-04 11:52:11.214   512  2967 D audio_hw_primary: out_set_parameters: enter: usecase(1: low-latency-playback) kvpairs: routing=2
08-04 11:52:11.216  8950  9027 I art     : Starting a blocking GC Explicit
08-04 11:52:11.227   512  2967 D audio_hw_primary: select_devices: out_snd_device(2: speaker) in_snd_device(0: none)
08-04 11:52:11.227   512  2967 D msm8974_platform: platform_send_audio_calibration: sending audio calibration for snd_device(2) acdb_id(15)
08-04 11:52:11.227   512  2967 I soundtrigger: audio_extn_sound_trigger_update_device_status: device 0x2 of type 0 for Event 1
08-04 11:52:11.235  8950  9027 I art     : Explicit concurrent mark sweep GC freed 951(63KB) AllocSpace objects, 1(20KB) LOS objects, 40% free, 23MB/39MB, paused 488us total 18.320ms
08-04 11:52:11.239   512  2967 D audio_hw_primary: enable_snd_device: snd_device(2: speaker)
08-04 11:52:11.241   512  2967 D audio_hw_primary: enable_audio_route: apply and update mixer path: low-latency-playback speaker
08-04 11:52:11.241  8950  9027 I art     : Starting a blocking GC Explicit
08-04 11:52:11.258  8950  9027 I art     : Explicit concurrent mark sweep GC freed 318(22KB) AllocSpace objects, 0(0B) LOS objects, 39% free, 24MB/40MB, paused 870us total 16.681ms
08-04 11:52:11.307 13866 13866 I GoogleInputMethodServic: GoogleInputMethodService.onFinishInput():3138 
08-04 11:52:11.308 13866 13866 I GoogleInputMethodServic: GoogleInputMethodService.onStartInput():1808 
08-04 11:52:11.488  8950  9027 I art     : Starting a blocking GC Explicit
08-04 11:52:11.507  8950  9027 I art     : Explicit concurrent mark sweep GC freed 2039(123KB) AllocSpace objects, 1(20KB) LOS objects, 39% free, 24MB/40MB, paused 220us total 18.351ms
08-04 11:52:11.514  8950  9027 I art     : Starting a blocking GC Explicit
08-04 11:52:11.531  8950  9027 I art     : Explicit concurrent mark sweep GC freed 106(4KB) AllocSpace objects, 0(0B) LOS objects, 39% free, 24MB/40MB, paused 210us total 17.570ms
08-04 11:52:11.538  8950  9027 I art     : Starting a blocking GC Explicit
08-04 11:52:11.556  8950  9027 I art     : Explicit concurrent mark sweep GC freed 13(736B) AllocSpace objects, 0(0B) LOS objects, 39% free, 24MB/40MB, paused 238us total 17.821ms
08-04 11:52:11.563  8950  9027 I art     : Starting a blocking GC Explicit
08-04 11:52:11.581  8950  9027 I art     : Explicit concurrent mark sweep GC freed 44(2720B) AllocSpace objects, 0(0B) LOS objects, 39% free, 24MB/40MB, paused 209us total 17.656ms
08-04 11:52:11.588  8950  9027 I art     : Starting a blocking GC Explicit
08-04 11:52:11.605  8950  9027 I art     : Explicit concurrent mark sweep GC freed 3(96B) AllocSpace objects, 0(0B) LOS objects, 39% free, 24MB/40MB, paused 205us total 16.895ms
08-04 11:52:11.755  9339  9339 D AndroidRuntime: >>>>>> START com.android.internal.os.RuntimeInit uid 2000 <<<<<<
08-04 11:52:11.759  9339  9339 D AndroidRuntime: CheckJNI is OFF
08-04 11:52:11.779   512  2967 D audio_hw_primary: disable_audio_route: reset and update mixer path: low-latency-playback speaker
08-04 11:52:11.780   512  2967 D audio_hw_primary: disable_snd_device: snd_device(2: speaker)
08-04 11:52:11.785  9339  9339 D ICU     : No timezone override file found: /data/misc/zoneinfo/current/icu/icu_tzdata.dat
08-04 11:52:11.789   512  2967 I soundtrigger: audio_extn_sound_trigger_update_device_status: device 0x2 of type 0 for Event 0
08-04 11:52:11.809  9339  9339 I Radio-JNI: register_android_hardware_Radio DONE
08-04 11:52:11.825  9339  9339 D AndroidRuntime: Calling main entry com.android.commands.input.Input
08-04 11:52:11.826  9339  9339 I Input   : injectMotionEvent: MotionEvent { action=ACTION_DOWN, actionButton=0, id[0]=0, x[0]=697.0, y[0]=656.0, toolType[0]=TOOL_TYPE_UNKNOWN, buttonState=0, metaState=0, flags=0x0, edgeFlags=0x0, pointerCount=1, historySize=0, eventTime=705148239, downTime=705148239, deviceId=0, source=0x1002 }
08-04 11:52:11.830  9339  9339 I Input   : injectMotionEvent: MotionEvent { action=ACTION_UP, actionButton=0, id[0]=0, x[0]=697.0, y[0]=656.0, toolType[0]=TOOL_TYPE_UNKNOWN, buttonState=0, metaState=0, flags=0x0, edgeFlags=0x0, pointerCount=1, historySize=0, eventTime=705148239, downTime=705148239, deviceId=0, source=0x1002 }
08-04 11:52:11.832  9339  9339 D AndroidRuntime: Shutting down VM
08-04 11:52:11.849   512  2967 D audio_hw_primary: out_set_parameters: enter: usecase(1: low-latency-playback) kvpairs: routing=2
08-04 11:52:11.850  8950  8964 I art     : Starting a blocking GC Explicit
08-04 11:52:11.862   512  2967 D audio_hw_primary: select_devices: out_snd_device(2: speaker) in_snd_device(0: none)
08-04 11:52:11.863   512  2967 D msm8974_platform: platform_send_audio_calibration: sending audio calibration for snd_device(2) acdb_id(15)
08-04 11:52:11.863   512  2967 I soundtrigger: audio_extn_sound_trigger_update_device_status: device 0x2 of type 0 for Event 1
08-04 11:52:11.873  8950  8964 I art     : Explicit concurrent mark sweep GC freed 1827(134KB) AllocSpace objects, 1(20KB) LOS objects, 39% free, 24MB/40MB, paused 493us total 22.698ms
08-04 11:52:11.873   512  2967 D audio_hw_primary: enable_snd_device: snd_device(2: speaker)
08-04 11:52:11.876   512  2967 D audio_hw_primary: enable_audio_route: apply and update mixer path: low-latency-playback speaker
08-04 11:52:11.881  8950  8964 I art     : Starting a blocking GC Explicit
08-04 11:52:11.898  8950  8964 I art     : Explicit concurrent mark sweep GC freed 345(54KB) AllocSpace objects, 0(0B) LOS objects, 39% free, 24MB/40MB, paused 242us total 16.819ms
08-04 11:52:11.904  8950  8964 I art     : Starting a blocking GC Explicit
08-04 11:52:11.916 13866 13866 I GoogleInputMethodServic: GoogleInputMethodService.onFinishInput():3138 
08-04 11:52:11.917 13866 13866 I GoogleInputMethodServic: GoogleInputMethodService.onStartInput():1808 
08-04 11:52:11.918   512  2967 D AudioFlinger: mixer(0xf4740000) throttle end: throttle time(12)
08-04 11:52:11.921  8950  8964 I art     : Explicit concurrent mark sweep GC freed 104(4KB) AllocSpace objects, 0(0B) LOS objects, 39% free, 24MB/40MB, paused 225us total 16.729ms
08-04 11:52:11.927  8950  8964 I art     : Starting a blocking GC Explicit
08-04 11:52:11.945  8950  8964 I art     : Explicit concurrent mark sweep GC freed 532(25KB) AllocSpace objects, 0(0B) LOS objects, 39% free, 24MB/40MB, paused 233us total 17.068ms
08-04 11:52:11.952  8950  8964 I art     : Starting a blocking GC Explicit
08-04 11:52:11.968  8950  8964 I art     : Explicit concurrent mark sweep GC freed 26(1008B) AllocSpace objects, 0(0B) LOS objects, 39% free, 24MB/40MB, paused 193us total 15.950ms
08-04 11:52:12.148 29532 29532 W PathParser: Points are too far apart 4.030360828967057
08-04 11:52:12.148 29532 29532 W PathParser: Points are too far apart 4.030360538880159
08-04 11:52:12.164 29532 29532 W PathParser: Points are too far apart 4.030360828967057
08-04 11:52:12.164 29532 29532 W PathParser: Points are too far apart 4.030360538880159
08-04 11:52:12.180 29532 29532 W PathParser: Points are too far apart 4.030360828967057
08-04 11:52:12.180 29532 29532 W PathParser: Points are too far apart 4.030360538880159
08-04 11:52:12.197 29532 29532 W PathParser: Points are too far apart 4.030360828967057
08-04 11:52:12.197 29532 29532 W PathParser: Points are too far apart 4.030360538880159
08-04 11:52:12.210  8950  8964 I art     : Starting a blocking GC Explicit
08-04 11:52:12.213 29532 29532 W PathParser: Points are too far apart 4.030360828967057
08-04 11:52:12.213 29532 29532 W PathParser: Points are too far apart 4.030360538880159
08-04 11:52:12.227  8950  8964 I art     : Explicit concurrent mark sweep GC freed 1591(98KB) AllocSpace objects, 1(20KB) LOS objects, 39% free, 24MB/40MB, paused 297us total 17.422ms
08-04 11:52:12.230 29532 29532 W PathParser: Points are too far apart 4.030360828967057
08-04 11:52:12.231 29532 29532 W PathParser: Points are too far apart 4.030360538880159
08-04 11:52:12.236  8950  8964 I art     : Starting a blocking GC Explicit
08-04 11:52:12.247 29532 29532 W PathParser: Points are too far apart 4.030360828967057
08-04 11:52:12.247 29532 29532 W PathParser: Points are too far apart 4.030360538880159
08-04 11:52:12.254  8950  8964 I art     : Explicit concurrent mark sweep GC freed 37(1200B) AllocSpace objects, 0(0B) LOS objects, 39% free, 24MB/40MB, paused 211us total 18.095ms
08-04 11:52:12.261  8950  8964 I art     : Starting a blocking GC Explicit
08-04 11:52:12.279  8950  8964 I art     : Explicit concurrent mark sweep GC freed 7(224B) AllocSpace objects, 0(0B) LOS objects, 39% free, 24MB/40MB, paused 227us total 17.692ms
08-04 11:52:12.286  8950  8964 I art     : Starting a blocking GC Explicit
08-04 11:52:12.303  8950  8964 I art     : Explicit concurrent mark sweep GC freed 3(96B) AllocSpace objects, 0(0B) LOS objects, 39% free, 24MB/40MB, paused 197us total 16.846ms
08-04 11:52:12.310  8950  8964 I art     : Starting a blocking GC Explicit
08-04 11:52:12.327  8950  8964 I art     : Explicit concurrent mark sweep GC freed 3(96B) AllocSpace objects, 0(0B) LOS objects, 39% free, 24MB/40MB, paused 222us total 17.196ms
08-04 11:52:12.400   512  2967 D audio_hw_primary: disable_audio_route: reset and update mixer path: low-latency-playback speaker
08-04 11:52:12.403  9366  9366 D AndroidRuntime: >>>>>> START com.android.internal.os.RuntimeInit uid 2000 <<<<<<
08-04 11:52:12.403   512  2967 D audio_hw_primary: disable_snd_device: snd_device(2: speaker)
08-04 11:52:12.407  9366  9366 D AndroidRuntime: CheckJNI is OFF
08-04 11:52:12.411   512  2967 I soundtrigger: audio_extn_sound_trigger_update_device_status: device 0x2 of type 0 for Event 0
08-04 11:52:12.437  9366  9366 D ICU     : No timezone override file found: /data/misc/zoneinfo/current/icu/icu_tzdata.dat
08-04 11:52:12.469  9366  9366 I Radio-JNI: register_android_hardware_Radio DONE
08-04 11:52:12.486  9366  9366 D AndroidRuntime: Calling main entry com.android.commands.input.Input
08-04 11:52:12.488  9366  9366 I Input   : injectMotionEvent: MotionEvent { action=ACTION_DOWN, actionButton=0, id[0]=0, x[0]=256.0, y[0]=1589.0, toolType[0]=TOOL_TYPE_UNKNOWN, buttonState=0, metaState=0, flags=0x0, edgeFlags=0x0, pointerCount=1, historySize=0, eventTime=705148901, downTime=705148901, deviceId=0, source=0x1002 }
08-04 11:52:12.493  9366  9366 I Input   : injectMotionEvent: MotionEvent { action=ACTION_UP, actionButton=0, id[0]=0, x[0]=256.0, y[0]=1589.0, toolType[0]=TOOL_TYPE_UNKNOWN, buttonState=0, metaState=0, flags=0x0, edgeFlags=0x0, pointerCount=1, historySize=0, eventTime=705148901, downTime=705148901, deviceId=0, source=0x1002 }
08-04 11:52:12.496  9366  9366 D AndroidRuntime: Shutting down VM
08-04 11:52:12.506  8950  8950 D UserPreferences: timeOfDay: []
08-04 11:52:12.506  8950  8950 D AutoUpdateManager: Restarting update alarm.
08-04 11:52:12.507  8950  8950 D AutoUpdateManager: Automatic update was deactivated
08-04 11:52:12.509   512  2967 D audio_hw_primary: out_set_parameters: enter: usecase(1: low-latency-playback) kvpairs: routing=2
08-04 11:52:12.521   512  2967 D audio_hw_primary: select_devices: out_snd_device(2: speaker) in_snd_device(0: none)
08-04 11:52:12.522   512  2967 D msm8974_platform: platform_send_audio_calibration: sending audio calibration for snd_device(2) acdb_id(15)
08-04 11:52:12.522   512  2967 I soundtrigger: audio_extn_sound_trigger_update_device_status: device 0x2 of type 0 for Event 1
08-04 11:52:12.536   512  2967 D audio_hw_primary: enable_snd_device: snd_device(2: speaker)
08-04 11:52:12.536 13866 13866 I GoogleInputMethodServic: GoogleInputMethodService.onFinishInput():3138 
08-04 11:52:12.537 13866 13866 I GoogleInputMethodServic: GoogleInputMethodService.onStartInput():1808 
08-04 11:52:12.538   512  2967 D audio_hw_primary: enable_audio_route: apply and update mixer path: low-latency-playback speaker
08-04 11:52:12.547 29532 29532 W PathParser: Points are too far apart 4.030360828967057
08-04 11:52:12.547 29532 29532 W PathParser: Points are too far apart 4.030360538880159
08-04 11:52:12.564 29532 29532 W PathParser: Points are too far apart 4.030360828967057
08-04 11:52:12.564 29532 29532 W PathParser: Points are too far apart 4.030360538880159
08-04 11:52:12.579   512  2967 D AudioFlinger: mixer(0xf4740000) throttle end: throttle time(12)
08-04 11:52:12.580 29532 29532 W PathParser: Points are too far apart 4.030360828967057
08-04 11:52:12.580 29532 29532 W PathParser: Points are too far apart 4.030360538880159
08-04 11:52:12.582  8950  8963 I art     : Starting a blocking GC Explicit
08-04 11:52:12.597 29532 29532 W PathParser: Points are too far apart 4.030360828967057
08-04 11:52:12.597 29532 29532 W PathParser: Points are too far apart 4.030360538880159
08-04 11:52:12.600  8950  8963 I art     : Explicit concurrent mark sweep GC freed 1921(126KB) AllocSpace objects, 2(40KB) LOS objects, 39% free, 24MB/40MB, paused 233us total 18.157ms
08-04 11:52:12.607  8950  8963 I art     : Starting a blocking GC Explicit
08-04 11:52:12.614 29532 29532 W PathParser: Points are too far apart 4.030360828967057
08-04 11:52:12.614 29532 29532 W PathParser: Points are too far apart 4.030360538880159
08-04 11:52:12.624  8950  8963 I art     : Explicit concurrent mark sweep GC freed 97(3KB) AllocSpace objects, 0(0B) LOS objects, 39% free, 24MB/40MB, paused 205us total 17.009ms
08-04 11:52:12.631 29532 29532 W PathParser: Points are too far apart 4.030360828967057
08-04 11:52:12.631 29532 29532 W PathParser: Points are too far apart 4.030360538880159
08-04 11:52:12.631  8950  8963 I art     : Starting a blocking GC Explicit
08-04 11:52:12.647 29532 29532 W PathParser: Points are too far apart 4.030360828967057
08-04 11:52:12.647 29532 29532 W PathParser: Points are too far apart 4.030360538880159
08-04 11:52:12.648  8950  8963 I art     : Explicit concurrent mark sweep GC freed 7(288B) AllocSpace objects, 0(0B) LOS objects, 39% free, 24MB/40MB, paused 256us total 16.963ms
08-04 11:52:12.655  8950  8963 I art     : Starting a blocking GC Explicit
08-04 11:52:12.664 29532 29532 W PathParser: Points are too far apart 4.030360828967057
08-04 11:52:12.664 29532 29532 W PathParser: Points are too far apart 4.030360538880159
08-04 11:52:12.672  8950  8963 I art     : Explicit concurrent mark sweep GC freed 3(96B) AllocSpace objects, 0(0B) LOS objects, 39% free, 24MB/40MB, paused 195us total 17.031ms
08-04 11:52:12.679  8950  8963 I art     : Starting a blocking GC Explicit
08-04 11:52:12.695  8950  8963 I art     : Explicit concurrent mark sweep GC freed 3(96B) AllocSpace objects, 0(0B) LOS objects, 39% free, 24MB/40MB, paused 203us total 16.272ms
08-04 11:52:12.713 13866 13882 I PeriodicStatsRunner: PeriodicStatsRunner.call():175 call()
08-04 11:52:12.714   380   380 W SurfaceFlinger: couldn't log to binary event log: overflow.
08-04 11:52:12.714 13866 13882 I PeriodicStatsRunner: PeriodicStatsRunner.call():179 No submit PeriodicStats since input started.
08-04 11:52:12.920  8950  8964 I art     : Starting a blocking GC Explicit
08-04 11:52:12.938  8950  8964 I art     : Explicit concurrent mark sweep GC freed 1785(102KB) AllocSpace objects, 1(20KB) LOS objects, 39% free, 24MB/40MB, paused 250us total 17.425ms
08-04 11:52:12.944  8950  8964 I art     : Starting a blocking GC Explicit
08-04 11:52:12.962  8950  8964 I art     : Explicit concurrent mark sweep GC freed 70(2256B) AllocSpace objects, 0(0B) LOS objects, 39% free, 24MB/40MB, paused 213us total 17.025ms
08-04 11:52:12.968  8950  8964 I art     : Starting a blocking GC Explicit
08-04 11:52:12.985  8950  8964 I art     : Explicit concurrent mark sweep GC freed 66(2112B) AllocSpace objects, 0(0B) LOS objects, 39% free, 24MB/40MB, paused 211us total 16.882ms
08-04 11:52:12.993  8950  8964 I art     : Starting a blocking GC Explicit
08-04 11:52:13.010  8950  8964 I art     : Explicit concurrent mark sweep GC freed 36(1152B) AllocSpace objects, 0(0B) LOS objects, 39% free, 24MB/40MB, paused 235us total 17.181ms
08-04 11:52:13.017  8950  8964 I art     : Starting a blocking GC Explicit
08-04 11:52:13.034  8950  8964 I art     : Explicit concurrent mark sweep GC freed 67(2144B) AllocSpace objects, 0(0B) LOS objects, 39% free, 24MB/40MB, paused 228us total 17.254ms
08-04 11:52:13.043  9399  9399 D AndroidRuntime: >>>>>> START com.android.internal.os.RuntimeInit uid 2000 <<<<<<
08-04 11:52:13.046  9399  9399 D AndroidRuntime: CheckJNI is OFF
08-04 11:52:13.068   512  2967 D audio_hw_primary: disable_audio_route: reset and update mixer path: low-latency-playback speaker
08-04 11:52:13.069   512  2967 D audio_hw_primary: disable_snd_device: snd_device(2: speaker)
08-04 11:52:13.069  9399  9399 D ICU     : No timezone override file found: /data/misc/zoneinfo/current/icu/icu_tzdata.dat
08-04 11:52:13.076   512  2967 I soundtrigger: audio_extn_sound_trigger_update_device_status: device 0x2 of type 0 for Event 0
08-04 11:52:13.093  9399  9399 I Radio-JNI: register_android_hardware_Radio DONE
08-04 11:52:13.109  9399  9399 D AndroidRuntime: Calling main entry com.android.commands.input.Input
08-04 11:52:13.110  9399  9399 I Input   : injectKeyEvent: KeyEvent { action=ACTION_DOWN, keyCode=KEYCODE_BACK, scanCode=0, metaState=0, flags=0x0, repeatCount=0, eventTime=705149523, downTime=705149523, deviceId=-1, source=0x101 }
08-04 11:52:13.118  9399  9399 I Input   : injectKeyEvent: KeyEvent { action=ACTION_UP, keyCode=KEYCODE_BACK, scanCode=0, metaState=0, flags=0x0, repeatCount=0, eventTime=705149523, downTime=705149523, deviceId=-1, source=0x101 }
08-04 11:52:13.124  9399  9399 D AndroidRuntime: Shutting down VM
08-04 11:52:13.167 13866 13866 I GoogleInputMethodServic: GoogleInputMethodService.onFinishInput():3138 
08-04 11:52:13.168 13866 13866 I GoogleInputMethodServic: GoogleInputMethodService.onStartInput():1808 
08-04 11:52:13.261  8950  9027 I art     : Starting a blocking GC Explicit
08-04 11:52:13.285  8950  9027 I art     : Explicit concurrent mark sweep GC freed 3080(159KB) AllocSpace objects, 1(20KB) LOS objects, 39% free, 24MB/40MB, paused 258us total 23.634ms
08-04 11:52:13.297  8950  9027 I art     : Starting a blocking GC Explicit
08-04 11:52:13.314  8950  9027 I art     : Explicit concurrent mark sweep GC freed 8440(533KB) AllocSpace objects, 0(0B) LOS objects, 39% free, 24MB/40MB, paused 238us total 17.606ms
08-04 11:52:13.321  8950  9027 I art     : Starting a blocking GC Explicit
08-04 11:52:13.338  8950  9027 I art     : Explicit concurrent mark sweep GC freed 9(432B) AllocSpace objects, 0(0B) LOS objects, 39% free, 24MB/40MB, paused 229us total 16.506ms
08-04 11:52:13.345  8950  9027 I art     : Starting a blocking GC Explicit
08-04 11:52:13.362  8950  9027 I art     : Explicit concurrent mark sweep GC freed 3(96B) AllocSpace objects, 0(0B) LOS objects, 39% free, 24MB/40MB, paused 216us total 17.061ms
08-04 11:52:13.369  8950  9027 I art     : Starting a blocking GC Explicit
08-04 11:52:13.386  8950  9027 I art     : Explicit concurrent mark sweep GC freed 3(96B) AllocSpace objects, 0(0B) LOS objects, 39% free, 24MB/40MB, paused 215us total 16.841ms
08-04 11:52:13.667  8950  8964 I art     : Starting a blocking GC Explicit
08-04 11:52:13.698  8950  8964 I art     : Explicit concurrent mark sweep GC freed 1716(100KB) AllocSpace objects, 1(20KB) LOS objects, 39% free, 24MB/40MB, paused 287us total 30.517ms
08-04 11:52:13.712  8950  8964 I art     : Starting a blocking GC Explicit
08-04 11:52:13.730  8950  8964 I art     : Explicit concurrent mark sweep GC freed 901(56KB) AllocSpace objects, 1(48KB) LOS objects, 40% free, 23MB/39MB, paused 211us total 18.074ms
08-04 11:52:13.737  8950  8964 I art     : Starting a blocking GC Explicit
08-04 11:52:13.754  8950  8964 I art     : Explicit concurrent mark sweep GC freed 3(96B) AllocSpace objects, 0(0B) LOS objects, 40% free, 23MB/39MB, paused 207us total 16.345ms
08-04 11:52:13.760  8950  8964 I art     : Starting a blocking GC Explicit
08-04 11:52:13.777  8950  8964 I art     : Explicit concurrent mark sweep GC freed 3(96B) AllocSpace objects, 0(0B) LOS objects, 40% free, 23MB/39MB, paused 255us total 16.241ms
08-04 11:52:13.784  8950  8964 I art     : Starting a blocking GC Explicit
08-04 11:52:13.801  8950  8964 I art     : Explicit concurrent mark sweep GC freed 3(96B) AllocSpace objects, 0(0B) LOS objects, 40% free, 23MB/39MB, paused 213us total 16.728ms
08-04 11:52:14.001 13866 13882 I PeriodicStatsRunner: PeriodicStatsRunner.call():175 call()
08-04 11:52:14.001 13866 13882 I PeriodicStatsRunner: PeriodicStatsRunner.call():179 No submit PeriodicStats since input started.
08-04 11:52:14.085  8950  8963 I art     : Starting a blocking GC Explicit
08-04 11:52:14.112  8950  8963 I art     : Explicit concurrent mark sweep GC freed 1588(94KB) AllocSpace objects, 1(20KB) LOS objects, 40% free, 23MB/39MB, paused 220us total 27.067ms
08-04 11:52:14.123  8950  8963 I art     : Starting a blocking GC Explicit
08-04 11:52:14.139  8950  8963 I art     : Explicit concurrent mark sweep GC freed 35(1136B) AllocSpace objects, 0(0B) LOS objects, 40% free, 23MB/39MB, paused 207us total 15.946ms
08-04 11:52:14.146  8950  8963 I art     : Starting a blocking GC Explicit
08-04 11:52:14.161  8950  8963 I art     : Explicit concurrent mark sweep GC freed 3(96B) AllocSpace objects, 0(0B) LOS objects, 40% free, 23MB/39MB, paused 205us total 15.373ms
08-04 11:52:14.168  8950  8963 I art     : Starting a blocking GC Explicit
08-04 11:52:14.183  8950  8963 I art     : Explicit concurrent mark sweep GC freed 3(96B) AllocSpace objects, 0(0B) LOS objects, 40% free, 23MB/39MB, paused 224us total 15.585ms
08-04 11:52:14.190  8950  8963 I art     : Starting a blocking GC Explicit
08-04 11:52:14.206  8950  8963 I art     : Explicit concurrent mark sweep GC freed 3(96B) AllocSpace objects, 0(0B) LOS objects, 40% free, 23MB/39MB, paused 231us total 15.572ms
08-04 11:52:14.453  8950  9027 I art     : Starting a blocking GC Explicit
08-04 11:52:14.470  8950  9027 I art     : Explicit concurrent mark sweep GC freed 1588(94KB) AllocSpace objects, 1(20KB) LOS objects, 40% free, 23MB/39MB, paused 215us total 16.294ms
08-04 11:52:14.477  8950  9027 I art     : Starting a blocking GC Explicit
08-04 11:52:14.493  8950  9027 I art     : Explicit concurrent mark sweep GC freed 35(1136B) AllocSpace objects, 0(0B) LOS objects, 40% free, 23MB/39MB, paused 194us total 15.991ms
08-04 11:52:14.499  8950  9027 I art     : Starting a blocking GC Explicit
08-04 11:52:14.513  8950  9027 I art     : Explicit concurrent mark sweep GC freed 3(96B) AllocSpace objects, 0(0B) LOS objects, 40% free, 23MB/39MB, paused 196us total 14.153ms
08-04 11:52:14.519  8950  9027 I art     : Starting a blocking GC Explicit
08-04 11:52:14.534  8950  9027 I art     : Explicit concurrent mark sweep GC freed 3(96B) AllocSpace objects, 0(0B) LOS objects, 40% free, 23MB/39MB, paused 188us total 14.081ms
08-04 11:52:14.534   918  6111 I AccountManagerService: getTypesVisibleToCaller: isPermitted? true
08-04 11:52:14.539  8950  9027 I art     : Starting a blocking GC Explicit
08-04 11:52:14.541   918  5952 I AccountManagerService: getTypesVisibleToCaller: isPermitted? true
08-04 11:52:14.542   918  3670 I AccountManagerService: getTypesVisibleToCaller: isPermitted? true
08-04 11:52:14.554  8950  9027 I art     : Explicit concurrent mark sweep GC freed 3(96B) AllocSpace objects, 0(0B) LOS objects, 40% free, 23MB/39MB, paused 197us total 14.087ms
08-04 11:52:14.560   918  6110 I AccountManagerService: getTypesVisibleToCaller: isPermitted? true
08-04 11:52:14.584   918  3670 I AccountManagerService: getTypesVisibleToCaller: isPermitted? true
08-04 11:52:14.607 32231 32231 I Finsky  : [1] xow.onStartJob(3): SCH: onJobSchedulerWakeup with jobId 9003
08-04 11:52:14.612 32231 32231 I Finsky  : [1] xjw.a(9): Scheduling fallback in 43199995 (absolute: 1731738482)
08-04 11:52:14.614 32231 32231 I Finsky  : [1] xjw.a(9): Scheduling fallback in 64799998 (absolute: 1753338487)
08-04 11:52:14.618 32231 32231 I Finsky  : [1] xow.onStartJob(3): SCH: onJobSchedulerWakeup with jobId 9016
08-04 11:52:14.623 32231 32231 I Finsky  : [1] xjw.a(9): Scheduling fallback in 43199998 (absolute: 1731738493)
08-04 11:52:14.626 32231 32231 I Finsky  : [1] xjw.a(9): Scheduling fallback in 64799998 (absolute: 1753338499)
08-04 11:52:14.630 32231 32231 W Finsky  : [1] xow.onStartJob(9): SCH: onJobSchedulerWakeup while already running
08-04 11:52:14.673  9453  9453 D AndroidRuntime: >>>>>> START com.android.internal.os.RuntimeInit uid 2000 <<<<<<
08-04 11:52:14.676  9453  9453 D AndroidRuntime: CheckJNI is OFF
08-04 11:52:14.694 32231 32231 I Finsky  : [1] xkf.handleMessage(8): SCH: DeviceState: DeviceState{currentTime=1596534734688, isCharging=false, isIdle=false, netAny=true, netNotRoaming=true, netUnmetered=true, batteryPercent=100.0}
08-04 11:52:14.698 32231  8921 I Finsky  : [5876] xmu.a(8): SCH: Jobs in database: 1-1337 3-191 3-192 12-1 24-77777777 26-1414141414 
08-04 11:52:14.699  9453  9453 D ICU     : No timezone override file found: /data/misc/zoneinfo/current/icu/icu_tzdata.dat
08-04 11:52:14.701 32231 32231 I Finsky  : [1] xkg.a(16): SCH: Running job: 12-1
08-04 11:52:14.702 32231 32231 I Finsky  : [1] ContentSyncJob.a(16): [ContentSync] job started
08-04 11:52:14.703 32231 32231 I Finsky  : [1] xkf.handleMessage(61): SCH: RunningQueue size: 1, PendingQueue size: 0
08-04 11:52:14.703 32231 32231 I Finsky  : [1] xkf.handleMessage(64): SCH: Running queue: 12-1 
08-04 11:52:14.722  9453  9453 I Radio-JNI: register_android_hardware_Radio DONE
