08-04 12:21:15.934  1310  1323 I art     : Explicit concurrent mark sweep GC freed 3(96B) AllocSpace objects, 0(0B) LOS objects, 40% free, 22MB/38MB, paused 214us total 13.438ms
08-04 12:21:15.941  1310  1323 I art     : Starting a blocking GC Explicit
08-04 12:21:15.955  1310  1323 I art     : Explicit concurrent mark sweep GC freed 3(96B) AllocSpace objects, 0(0B) LOS objects, 40% free, 22MB/38MB, paused 208us total 13.795ms
08-04 12:21:15.961  1310  1323 I art     : Starting a blocking GC Explicit
08-04 12:21:15.974  1310  1323 I art     : Explicit concurrent mark sweep GC freed 3(96B) AllocSpace objects, 0(0B) LOS objects, 40% free, 22MB/38MB, paused 208us total 12.990ms
08-04 12:21:16.008  1581  1581 D AndroidRuntime: >>>>>> START com.android.internal.os.RuntimeInit uid 2000 <<<<<<
08-04 12:21:16.012  1581  1581 D AndroidRuntime: CheckJNI is OFF
08-04 12:21:16.037  1581  1581 D ICU     : No timezone override file found: /data/misc/zoneinfo/current/icu/icu_tzdata.dat
08-04 12:21:16.063  1581  1581 I Radio-JNI: register_android_hardware_Radio DONE
08-04 12:21:16.080  1581  1581 D AndroidRuntime: Calling main entry com.android.commands.input.Input
08-04 12:21:16.081  1581  1581 I Input   : injectMotionEvent: MotionEvent { action=ACTION_DOWN, actionButton=0, id[0]=0, x[0]=103.0, y[0]=192.0, toolType[0]=TOOL_TYPE_UNKNOWN, buttonState=0, metaState=0, flags=0x0, edgeFlags=0x0, pointerCount=1, historySize=0, eventTime=706892494, downTime=706892494, deviceId=0, source=0x1002 }
08-04 12:21:16.087  1581  1581 I Input   : injectMotionEvent: MotionEvent { action=ACTION_UP, actionButton=0, id[0]=0, x[0]=103.0, y[0]=192.0, toolType[0]=TOOL_TYPE_UNKNOWN, buttonState=0, metaState=0, flags=0x0, edgeFlags=0x0, pointerCount=1, historySize=0, eventTime=706892494, downTime=706892494, deviceId=0, source=0x1002 }
08-04 12:21:16.088  1581  1581 D AndroidRuntime: Shutting down VM
08-04 12:21:16.100   512  2967 D audio_hw_primary: out_set_parameters: enter: usecase(1: low-latency-playback) kvpairs: routing=2
08-04 12:21:16.113   512  2967 D audio_hw_primary: select_devices: out_snd_device(2: speaker) in_snd_device(0: none)
08-04 12:21:16.113   512  2967 D msm8974_platform: platform_send_audio_calibration: sending audio calibration for snd_device(2) acdb_id(15)
08-04 12:21:16.113   512  2967 I soundtrigger: audio_extn_sound_trigger_update_device_status: device 0x2 of type 0 for Event 1
08-04 12:21:16.127   512  2967 D audio_hw_primary: enable_snd_device: snd_device(2: speaker)
08-04 12:21:16.129   512  2967 D audio_hw_primary: enable_audio_route: apply and update mixer path: low-latency-playback speaker
08-04 12:21:16.137 13866 13866 I GoogleInputMethodServic: GoogleInputMethodService.onFinishInput():3138 
08-04 12:21:16.139 13866 13866 I GoogleInputMethodServic: GoogleInputMethodService.onStartInput():1808 
08-04 12:21:16.204  1310  1324 I art     : Starting a blocking GC Explicit
08-04 12:21:16.222  1310  1324 I art     : Explicit concurrent mark sweep GC freed 2101(118KB) AllocSpace objects, 1(20KB) LOS objects, 40% free, 22MB/38MB, paused 210us total 17.241ms
08-04 12:21:16.229  1310  1324 I art     : Starting a blocking GC Explicit
08-04 12:21:16.244  1310  1324 I art     : Explicit concurrent mark sweep GC freed 47(1872B) AllocSpace objects, 0(0B) LOS objects, 40% free, 22MB/38MB, paused 220us total 15.460ms
08-04 12:21:16.252  1310  1324 I art     : Starting a blocking GC Explicit
08-04 12:21:16.266  1310  1324 I art     : Explicit concurrent mark sweep GC freed 3(96B) AllocSpace objects, 0(0B) LOS objects, 40% free, 22MB/38MB, paused 203us total 13.609ms
08-04 12:21:16.272  1310  1324 I art     : Starting a blocking GC Explicit
08-04 12:21:16.286  1310  1324 I art     : Explicit concurrent mark sweep GC freed 3(96B) AllocSpace objects, 0(0B) LOS objects, 40% free, 22MB/38MB, paused 265us total 13.303ms
08-04 12:21:16.293  1310  1324 I art     : Starting a blocking GC Explicit
08-04 12:21:16.307  1310  1324 I art     : Explicit concurrent mark sweep GC freed 3(96B) AllocSpace objects, 0(0B) LOS objects, 40% free, 22MB/38MB, paused 275us total 13.965ms
08-04 12:21:16.523  1310  1324 I art     : Starting a blocking GC Explicit
08-04 12:21:16.538  1310  1324 I art     : Explicit concurrent mark sweep GC freed 1598(94KB) AllocSpace objects, 1(20KB) LOS objects, 40% free, 22MB/38MB, paused 267us total 14.786ms
08-04 12:21:16.545  1310  1324 I art     : Starting a blocking GC Explicit
08-04 12:21:16.560  1310  1324 I art     : Explicit concurrent mark sweep GC freed 43(1392B) AllocSpace objects, 0(0B) LOS objects, 40% free, 22MB/38MB, paused 229us total 15.007ms
08-04 12:21:16.568  1310  1324 I art     : Starting a blocking GC Explicit
08-04 12:21:16.582  1310  1324 I art     : Explicit concurrent mark sweep GC freed 3(96B) AllocSpace objects, 0(0B) LOS objects, 40% free, 22MB/38MB, paused 205us total 13.856ms
08-04 12:21:16.589  1310  1324 I art     : Starting a blocking GC Explicit
08-04 12:21:16.602  1310  1324 I art     : Explicit concurrent mark sweep GC freed 3(96B) AllocSpace objects, 0(0B) LOS objects, 40% free, 22MB/38MB, paused 209us total 13.211ms
08-04 12:21:16.608  1310  1324 I art     : Starting a blocking GC Explicit
08-04 12:21:16.621  1310  1324 I art     : Explicit concurrent mark sweep GC freed 3(96B) AllocSpace objects, 0(0B) LOS objects, 40% free, 22MB/38MB, paused 210us total 12.792ms
08-04 12:21:16.639  1616  1616 D AndroidRuntime: >>>>>> START com.android.internal.os.RuntimeInit uid 2000 <<<<<<
08-04 12:21:16.643  1616  1616 D AndroidRuntime: CheckJNI is OFF
08-04 12:21:16.666  1616  1616 D ICU     : No timezone override file found: /data/misc/zoneinfo/current/icu/icu_tzdata.dat
08-04 12:21:16.671   512  2967 D audio_hw_primary: disable_audio_route: reset and update mixer path: low-latency-playback speaker
08-04 12:21:16.672   512  2967 D audio_hw_primary: disable_snd_device: snd_device(2: speaker)
08-04 12:21:16.679   512  2967 I soundtrigger: audio_extn_sound_trigger_update_device_status: device 0x2 of type 0 for Event 0
08-04 12:21:16.689  1616  1616 I Radio-JNI: register_android_hardware_Radio DONE
08-04 12:21:16.704  1616  1616 D AndroidRuntime: Calling main entry com.android.commands.input.Input
08-04 12:21:16.706  1616  1616 I Input   : injectMotionEvent: MotionEvent { action=ACTION_DOWN, actionButton=0, id[0]=0, x[0]=324.0, y[0]=2298.0, toolType[0]=TOOL_TYPE_UNKNOWN, buttonState=0, metaState=0, flags=0x0, edgeFlags=0x0, pointerCount=1, historySize=0, eventTime=706893119, downTime=706893119, deviceId=0, source=0x1002 }
08-04 12:21:16.710  1616  1616 I Input   : injectMotionEvent: MotionEvent { action=ACTION_UP, actionButton=0, id[0]=0, x[0]=324.0, y[0]=2298.0, toolType[0]=TOOL_TYPE_UNKNOWN, buttonState=0, metaState=0, flags=0x0, edgeFlags=0x0, pointerCount=1, historySize=0, eventTime=706893119, downTime=706893119, deviceId=0, source=0x1002 }
08-04 12:21:16.712  1616  1616 D AndroidRuntime: Shutting down VM
08-04 12:21:16.717  1310  1310 D NappaIntentExtras: ==================
08-04 12:21:16.717  1310  1310 D NappaIntentExtras: Log #2
08-04 12:21:16.717  1310  1310 D NappaIntentExtras: ------------------
08-04 12:21:16.717  1310  1310 D NappaIntentExtras: activity nappatfpr.de.danoeh.antennapod.activity.FeedSettingsActivity
08-04 12:21:16.717  1310  1310 D NappaIntentExtras: 	- No extras registered
08-04 12:21:16.718  1310  1310 D NappaIntentExtras: activity nappatfpr.de.danoeh.antennapod.activity.MainActivity
08-04 12:21:16.718  1310  1310 D NappaIntentExtras: 	- No extras registered
08-04 12:21:16.718  1310  1310 D NappaIntentExtras: activity nappatfpr.de.danoeh.antennapod.activity.FeedInfoActivity
08-04 12:21:16.718  1310  1310 D NappaIntentExtras: 	- No extras registered
08-04 12:21:16.718  1310  1310 D NappaIntentExtras: activity nappatfpr.de.danoeh.antennapod.activity.OnlineFeedViewActivity
08-04 12:21:16.718  1310  1310 D NappaIntentExtras: 	- No extras registered
08-04 12:21:16.718  1310  1310 D NappaIntentExtras: activity nappatfpr.de.danoeh.antennapod.activity.PreferenceActivity
08-04 12:21:16.718  1310  1310 D NappaIntentExtras: 	- No extras registered
08-04 12:21:16.718  1310  1310 D NappaIntentExtras: activity nappatfpr.de.danoeh.antennapod.activity.SplashActivity
08-04 12:21:16.718  1310  1310 D NappaIntentExtras: 	- No extras registered
08-04 12:21:16.718  1310  1310 D NappaIntentExtras: ==================
08-04 12:21:16.718   512  2967 D audio_hw_primary: out_set_parameters: enter: usecase(1: low-latency-playback) kvpairs: routing=2
08-04 12:21:16.719   918  4413 I ActivityManager: START u0 {cmp=nappatfpr.de.danoeh.antennapod.debug/nappatfpr.de.danoeh.antennapod.activity.PreferenceActivity} from uid 10665 on display 0
08-04 12:21:16.731  1310  1310 D NappaLifecycleObserver: nappatfpr.de.danoeh.antennapod.activity.MainActivity - onPause
08-04 12:21:16.731  1310  1310 D Nappa   : Stayed on nappatfpr.de.danoeh.antennapod.activity.MainActivity for 7296 ms
08-04 12:21:16.732   512  2967 D audio_hw_primary: select_devices: out_snd_device(2: speaker) in_snd_device(0: none)
08-04 12:21:16.732   512  2967 D msm8974_platform: platform_send_audio_calibration: sending audio calibration for snd_device(2) acdb_id(15)
08-04 12:21:16.732   512  2967 I soundtrigger: audio_extn_sound_trigger_update_device_status: device 0x2 of type 0 for Event 1
08-04 12:21:16.744   512  2967 D audio_hw_primary: enable_snd_device: snd_device(2: speaker)
08-04 12:21:16.746  1310  1310 D ActivityNode: Observer - visit time - MainActivity - New aggregate visit time found is 319952 ms
08-04 12:21:16.746  1310  1310 D ActivityNode: Observer - successor visit time - SplashActivity - Updating the visit time from the successors list:
08-04 12:21:16.746  1310  1310 D ActivityNode: [AggregateVisitTimeByActivity{nappatfpr.de.danoeh.antennapod.activity.MainActivity : 37587 ms}]
08-04 12:21:16.746  1310  1310 D ActivityNode: Observer - successor visit time - MainActivity - Updating the visit time from the successors list:
08-04 12:21:16.746  1310  1310 D ActivityNode: [AggregateVisitTimeByActivity{nappatfpr.de.danoeh.antennapod.activity.PreferenceActivity : 20110 ms}, AggregateVisitTimeByActivity{nappatfpr.de.danoeh.antennapod.activity.OnlineFeedViewActivity : 195874 ms}, AggregateVisitTimeByActivity{nappatfpr.de.danoeh.antennapod.activity.FeedSettingsActivity : 17368 ms}, AggregateVisitTimeByActivity{nappatfpr.de.danoeh.antennapod.activity.FeedInfoActivity : 18129 ms}]
08-04 12:21:16.746   512  2967 D audio_hw_primary: enable_audio_route: apply and update mixer path: low-latency-playback speaker
08-04 12:21:16.774  1310  1310 D NappaLifecycleObserver: nappatfpr.de.danoeh.antennapod.activity.PreferenceActivity - onResume
08-04 12:21:16.774  1310  1310 D Nappa   : setCurrentActivity - MetricStrategyAccuracy - 
08-04 12:21:16.774  1310  1310 D Nappa   : madePredictionFromActivity = true, 
08-04 12:21:16.774  1310  1310 D Nappa   : fromActivity = nappatfpr.de.danoeh.antennapod.activity.MainActivity, 
08-04 12:21:16.774  1310  1310 D Nappa   : predictedNextActivityFromActivity = [nappatfpr.de.danoeh.antennapod.activity.OnlineFeedViewActivity], 
08-04 12:21:16.774  1310  1310 D Nappa   : activity.getClass().getCanonicalName() = nappatfpr.de.danoeh.antennapod.activity.PreferenceActivity, 
08-04 12:21:16.774  1310  1310 D Nappa   : setCurrentActivity - MetricStrategyAccuracy - 
08-04 12:21:16.774  1310  1310 D Nappa   : madePredictionFromExtra = false, 
08-04 12:21:16.774  1310  1310 D Nappa   : fromActivity = nappatfpr.de.danoeh.antennapod.activity.MainActivity, 
08-04 12:21:16.774  1310  1310 D Nappa   : predictedNextActivityFromExtra = [], 
08-04 12:21:16.774  1310  1310 D Nappa   : activity.getClass().getCanonicalName() = nappatfpr.de.danoeh.antennapod.activity.PreferenceActivity, 
08-04 12:21:16.774  1310  1310 D Nappa   : PREFETCH_ON_EXTRA - setCurrentActivity - logs - from activity - made prediction istrue
08-04 12:21:16.774  1310  1310 D Nappa   : PREFETCH_ON_EXTRA - setCurrentActivity - logs - from activity - start
08-04 12:21:16.774  1310  1310 D Nappa   : setCurrentActivity - MetricStrategyAccuracy - checking prediction VS current activity for activities
08-04 12:21:16.775  1310  1310 D TfprPrefetchingStrategy: MetricStrategyAccuracy inc misses count0 | from ext
08-04 12:21:16.775  1310  1310 I NAPPA_EXPERIMENTATION: MetricStrategyAccuracy: LOG_ID='1',EXECUTION_COUNT='1',CASES_COUNT='1',HIT_PERCENTAGE_TOTAL='0.0',HIT_PERCENTAGE_WHEN_PREDICTED='0.0',HIT_COUNT='0',MISS_COUNT='1',INSUFFICIENT_SCORE_COUNT='0',EXCEPTION_COUNT='0',NO_SUCCESSOR_COUNT='0',
08-04 12:21:16.775  1310  1310 D Nappa   : PREFETCH_ON_EXTRA - setCurrentActivity - logs - from activity- finished
08-04 12:21:16.789   512  2967 D AudioFlinger: mixer(0xf4740000) throttle end: throttle time(12)
08-04 12:21:16.850  1310  1323 I art     : Starting a blocking GC Explicit
08-04 12:21:16.865  1310  1323 I art     : Explicit concurrent mark sweep GC freed 3749(371KB) AllocSpace objects, 2(40KB) LOS objects, 40% free, 23MB/38MB, paused 223us total 14.657ms
08-04 12:21:16.871  1310  1323 I art     : Starting a blocking GC Explicit
08-04 12:21:16.875  1310  1310 D Nappa   : registerActivity: (already in) nappatfpr.de.danoeh.antennapod.activity.PreferenceActivity
08-04 12:21:16.875  1310  1310 D ActivityNode: ACTNODE UPDATING AFTER LOADING FROM DB
08-04 12:21:16.875  1310  1310 D ActivityGraph: LARDataCalculatedUpdate nappatfpr.de.danoeh.antennapod.activity.PreferenceActivity Pagerank: 0.25 HITS-Authority: 1.0 HITS-Hub: 1.0 SALSA-Authority: 1.0 SALSA-Hub: 1.0
08-04 12:21:16.875  1310  1310 D Nappa   : SHOULD_PREFETCH true
08-04 12:21:16.886  1310  1323 I art     : Explicit concurrent mark sweep GC freed 632(29KB) AllocSpace objects, 0(0B) LOS objects, 40% free, 23MB/38MB, paused 232us total 14.733ms
08-04 12:21:16.893  1310  1323 I art     : Starting a blocking GC Explicit
08-04 12:21:16.907  1310  1323 I art     : Explicit concurrent mark sweep GC freed 26(1232B) AllocSpace objects, 0(0B) LOS objects, 40% free, 23MB/38MB, paused 263us total 14.369ms
08-04 12:21:16.914  1310  1323 I art     : Starting a blocking GC Explicit
08-04 12:21:16.928  1310  1323 I art     : Explicit concurrent mark sweep GC freed 3(96B) AllocSpace objects, 0(0B) LOS objects, 40% free, 23MB/38MB, paused 250us total 14.563ms
08-04 12:21:16.935  1310  1323 I art     : Starting a blocking GC Explicit
08-04 12:21:16.949  1310  1323 I art     : Explicit concurrent mark sweep GC freed 3(96B) AllocSpace objects, 0(0B) LOS objects, 40% free, 23MB/38MB, paused 223us total 13.717ms
08-04 12:21:16.976  1310  1310 D Nappa   : registerActivity: (already in) nappatfpr.de.danoeh.antennapod.activity.PreferenceActivity
08-04 12:21:16.976  1310  1310 D Nappa   : STATS Number of requests not prefetched: 0
08-04 12:21:16.976  1310  1310 D Nappa   : STATS Number of requests prefetched: 0
08-04 12:21:16.976  1310  1310 D Nappa   : STATS Time saved until now: 0.0
08-04 12:21:17.175  1310  1332 D Nappa   : PREFETCH_ON_EXTRA - setCurrentActivity - logs - from extra - made prediction isfalse
08-04 12:21:17.183  1310  1323 I art     : Starting a blocking GC Explicit
08-04 12:21:17.186 13866 13866 I GoogleInputMethodServic: GoogleInputMethodService.onFinishInput():3138 
08-04 12:21:17.187  1310  1310 D ActivityNode: Observer - session data - sourceSplashActivity
08-04 12:21:17.187  1310  1310 D ActivityNode: destinations:
08-04 12:21:17.187  1310  1310 D ActivityNode: 	nappatfpr.de.danoeh.antennapod.activity.MainActivity( count 5)
08-04 12:21:17.187  1310  1310 D ActivityNode: Observer - session data - sourceMainActivity
08-04 12:21:17.187  1310  1310 D ActivityNode: destinations:
08-04 12:21:17.187  1310  1310 D ActivityNode: 	nappatfpr.de.danoeh.antennapod.activity.PreferenceActivity( count 5)
08-04 12:21:17.187  1310  1310 D ActivityNode: 	nappatfpr.de.danoeh.antennapod.activity.OnlineFeedViewActivity( count 32)
08-04 12:21:17.187  1310  1310 D ActivityNode: 	nappatfpr.de.danoeh.antennapod.activity.FeedSettingsActivity( count 4)
08-04 12:21:17.187  1310  1310 D ActivityNode: 	nappatfpr.de.danoeh.antennapod.activity.FeedInfoActivity( count 4)
08-04 12:21:17.187   918   936 I ActivityManager: Displayed nappatfpr.de.danoeh.antennapod.debug/nappatfpr.de.danoeh.antennapod.activity.PreferenceActivity: +448ms
08-04 12:21:17.187  1310  1310 D ActivityNode: Observer - session data - sourcePreferenceActivity
08-04 12:21:17.187  1310  1310 D ActivityNode: destinations:
08-04 12:21:17.187 13866 13866 I GoogleInputMethodServic: GoogleInputMethodService.onStartInput():1808 
08-04 12:21:17.187  1310  1310 D ActivityNode: Observer - successor visit time - SplashActivity - Updating the visit time from the successors list:
08-04 12:21:17.187  1310  1310 D ActivityNode: [AggregateVisitTimeByActivity{nappatfpr.de.danoeh.antennapod.activity.MainActivity : 37587 ms}]
08-04 12:21:17.187  1310  1310 D ActivityNode: Observer - session data - sourceOnlineFeedViewActivity
08-04 12:21:17.187  1310  1310 D ActivityNode: destinations:
08-04 12:21:17.187  1310  1310 D ActivityNode: Observer - session data - sourceFeedSettingsActivity
08-04 12:21:17.187  1310  1310 D ActivityNode: destinations:
08-04 12:21:17.188  1310  1310 D ActivityNode: Observer - successor visit time - MainActivity - Updating the visit time from the successors list:
08-04 12:21:17.188  1310  1310 D ActivityNode: [AggregateVisitTimeByActivity{nappatfpr.de.danoeh.antennapod.activity.PreferenceActivity : 20110 ms}, AggregateVisitTimeByActivity{nappatfpr.de.danoeh.antennapod.activity.OnlineFeedViewActivity : 195874 ms}, AggregateVisitTimeByActivity{nappatfpr.de.danoeh.antennapod.activity.FeedSettingsActivity : 17368 ms}, AggregateVisitTimeByActivity{nappatfpr.de.danoeh.antennapod.activity.FeedInfoActivity : 18129 ms}]
08-04 12:21:17.188  1310  1310 D ActivityNode: Observer - session data - sourceFeedInfoActivity
08-04 12:21:17.188  1310  1310 D ActivityNode: destinations:
08-04 12:21:17.202  1310  1323 I art     : Explicit concurrent mark sweep GC freed 4260(313KB) AllocSpace objects, 1(20KB) LOS objects, 40% free, 23MB/39MB, paused 220us total 18.316ms
08-04 12:21:17.210  1310  1323 I art     : Starting a blocking GC Explicit
08-04 12:21:17.226  1310  1323 I art     : Explicit concurrent mark sweep GC freed 539(24KB) AllocSpace objects, 0(0B) LOS objects, 40% free, 23MB/39MB, paused 409us total 16.513ms
08-04 12:21:17.235  1310  1323 I art     : Starting a blocking GC Explicit
08-04 12:21:17.250  1310  1323 I art     : Explicit concurrent mark sweep GC freed 75(3KB) AllocSpace objects, 0(0B) LOS objects, 40% free, 23MB/39MB, paused 178us total 14.571ms
08-04 12:21:17.256  1310  1323 I art     : Starting a blocking GC Explicit
08-04 12:21:17.270  1310  1323 I art     : Explicit concurrent mark sweep GC freed 16(1168B) AllocSpace objects, 0(0B) LOS objects, 40% free, 23MB/39MB, paused 215us total 14.212ms
08-04 12:21:17.276  1310  1323 I art     : Starting a blocking GC Explicit
08-04 12:21:17.279   512  2967 D audio_hw_primary: disable_audio_route: reset and update mixer path: low-latency-playback speaker
08-04 12:21:17.280   512  2967 D audio_hw_primary: disable_snd_device: snd_device(2: speaker)
08-04 12:21:17.288   512  2967 I soundtrigger: audio_extn_sound_trigger_update_device_status: device 0x2 of type 0 for Event 0
08-04 12:21:17.290  1310  1323 I art     : Explicit concurrent mark sweep GC freed 3(96B) AllocSpace objects, 0(0B) LOS objects, 40% free, 23MB/39MB, paused 185us total 14.536ms
08-04 12:21:17.433   380   380 W SurfaceFlinger: couldn't log to binary event log: overflow.
08-04 12:21:17.476  1310  1332 D Nappa   : PREFETCH_ON_EXTRA - setCurrentActivity - starting new prediction
08-04 12:21:17.476  1310  1332 D Nappa   : Current node - currentActivityName - nappatfpr.de.danoeh.antennapod.activity.PreferenceActivity
08-04 12:21:17.476  1310  1332 D Nappa   : Current node - activityGraph.getCurrent() - nappatfpr.de.danoeh.antennapod.activity.PreferenceActivity
08-04 12:21:17.476  1310  1332 I NAPPA_EXPERIMENTATION: MetricNappaPrefetchingStrategyExecutionTime: STRATEGY_CLASS='TfprPrefetchingStrategy',DURATION='1615',NUMBER_OF_URLS='0',NUMBER_OF_SELECTED_CHILDREN_NODES='0',NUMBER_OF_CHILDREN_NODES='0',STRATEGY_RUN_SUCCESSFULLY='True',
08-04 12:21:17.476  1310  1332 D TfprPrefetchingStrategy: ==================================
08-04 12:21:17.477  1310  1332 D TfprPrefetchingStrategy: Starting Run #2
08-04 12:21:17.477  1310  1332 D TfprPrefetchingStrategy: ----------------------------------
08-04 12:21:17.477  1310  1332 D TfprPrefetchingStrategy: Node data PreferenceActivity 
08-04 12:21:17.477  1310  1332 D TfprPrefetchingStrategy: 	Successors:
08-04 12:21:17.477  1310  1332 D TfprPrefetchingStrategy: 
08-04 12:21:17.477  1310  1332 D TfprPrefetchingStrategy: 	Ancestors:
08-04 12:21:17.477  1310  1332 D TfprPrefetchingStrategy: 		MainActivity (0 hits)
08-04 12:21:17.477  1310  1332 D TfprPrefetchingStrategy: 
08-04 12:21:17.477  1310  1332 D TfprPrefetchingStrategy: MetricStrategyAccuracy inc execution count2 | act = true; extra = false
08-04 12:21:17.477  1310  1332 D TfprPrefetchingStrategy: MetricStrategyAccuracy inc no sucessor count1 | act = true; extra = false
08-04 12:21:17.477  1310  1332 D TfprPrefetchingStrategy: Node has no successor
08-04 12:21:17.477  1310  1332 D TfprPrefetchingStrategy: Next visited child will be []
08-04 12:21:17.477  1310  1332 D TfprPrefetchingStrategy: ==================================
08-04 12:21:17.477  1310  1332 D Nappa   : PREFETCH_ON_EXTRA - setCurrentActivity - finished new prediction
08-04 12:21:17.555  1310  1310 D PlaybackController: Releasing PlaybackController
08-04 12:21:17.568  1310  1323 I art     : Starting a blocking GC Explicit
08-04 12:21:17.589  1310  1323 I art     : Explicit concurrent mark sweep GC freed 2040(134KB) AllocSpace objects, 1(20KB) LOS objects, 40% free, 23MB/39MB, paused 212us total 20.384ms
08-04 12:21:17.597  1310  1323 I art     : Starting a blocking GC Explicit
08-04 12:21:17.614  1310  1323 I art     : Explicit concurrent mark sweep GC freed 59(1936B) AllocSpace objects, 0(0B) LOS objects, 40% free, 23MB/39MB, paused 200us total 16.792ms
08-04 12:21:17.621  1310  1323 I art     : Starting a blocking GC Explicit
08-04 12:21:17.637  1310  1323 I art     : Explicit concurrent mark sweep GC freed 3(96B) AllocSpace objects, 0(0B) LOS objects, 40% free, 23MB/39MB, paused 238us total 16.531ms
08-04 12:21:17.644  1310  1323 I art     : Starting a blocking GC Explicit
08-04 12:21:17.660  1310  1323 I art     : Explicit concurrent mark sweep GC freed 3(96B) AllocSpace objects, 0(0B) LOS objects, 40% free, 23MB/39MB, paused 213us total 16.240ms
08-04 12:21:17.667  1310  1323 I art     : Starting a blocking GC Explicit
08-04 12:21:17.683  1310  1323 I art     : Explicit concurrent mark sweep GC freed 3(96B) AllocSpace objects, 0(0B) LOS objects, 40% free, 23MB/39MB, paused 205us total 16.060ms
08-04 12:21:17.962  1310  1660 I art     : Starting a blocking GC Explicit
08-04 12:21:17.981  1310  1660 I art     : Explicit concurrent mark sweep GC freed 1621(97KB) AllocSpace objects, 1(20KB) LOS objects, 40% free, 23MB/39MB, paused 232us total 19.341ms
08-04 12:21:17.988  1310  1660 I art     : Starting a blocking GC Explicit
08-04 12:21:18.004  1310  1660 I art     : Explicit concurrent mark sweep GC freed 35(1136B) AllocSpace objects, 0(0B) LOS objects, 40% free, 23MB/39MB, paused 209us total 15.752ms
08-04 12:21:18.011  1310  1660 I art     : Starting a blocking GC Explicit
08-04 12:21:18.027  1310  1660 I art     : Explicit concurrent mark sweep GC freed 3(96B) AllocSpace objects, 0(0B) LOS objects, 40% free, 23MB/39MB, paused 225us total 15.654ms
08-04 12:21:18.033  1310  1660 I art     : Starting a blocking GC Explicit
08-04 12:21:18.048  1310  1660 I art     : Explicit concurrent mark sweep GC freed 3(96B) AllocSpace objects, 0(0B) LOS objects, 40% free, 23MB/39MB, paused 209us total 15.296ms
08-04 12:21:18.055  1310  1660 I art     : Starting a blocking GC Explicit
08-04 12:21:18.070  1310  1660 I art     : Explicit concurrent mark sweep GC freed 3(96B) AllocSpace objects, 0(0B) LOS objects, 40% free, 23MB/39MB, paused 195us total 15.413ms
08-04 12:21:18.254  1681  1681 D AndroidRuntime: >>>>>> START com.android.internal.os.RuntimeInit uid 2000 <<<<<<
08-04 12:21:18.259  1681  1681 D AndroidRuntime: CheckJNI is OFF
08-04 12:21:18.284  1681  1681 D ICU     : No timezone override file found: /data/misc/zoneinfo/current/icu/icu_tzdata.dat
08-04 12:21:18.309  1681  1681 I Radio-JNI: register_android_hardware_Radio DONE
08-04 12:21:18.320  1310  1324 I art     : Starting a blocking GC Explicit
08-04 12:21:18.325  1681  1681 D AndroidRuntime: Calling main entry com.android.commands.input.Input
08-04 12:21:18.327  1681  1681 I Input   : injectMotionEvent: MotionEvent { action=ACTION_DOWN, actionButton=0, id[0]=0, x[0]=400.0, y[0]=997.0, toolType[0]=TOOL_TYPE_UNKNOWN, buttonState=0, metaState=0, flags=0x0, edgeFlags=0x0, pointerCount=1, historySize=0, eventTime=706894740, downTime=706894740, deviceId=0, source=0x1002 }
08-04 12:21:18.331  1681  1681 I Input   : injectMotionEvent: MotionEvent { action=ACTION_UP, actionButton=0, id[0]=0, x[0]=400.0, y[0]=997.0, toolType[0]=TOOL_TYPE_UNKNOWN, buttonState=0, metaState=0, flags=0x0, edgeFlags=0x0, pointerCount=1, historySize=0, eventTime=706894740, downTime=706894740, deviceId=0, source=0x1002 }
08-04 12:21:18.333  1681  1681 D AndroidRuntime: Shutting down VM
08-04 12:21:18.337  1310  1324 I art     : Explicit concurrent mark sweep GC freed 1613(102KB) AllocSpace objects, 1(20KB) LOS objects, 40% free, 23MB/39MB, paused 326us total 16.855ms
08-04 12:21:18.345  1310  1324 I art     : Starting a blocking GC Explicit
08-04 12:21:18.357   512  2967 D audio_hw_primary: out_set_parameters: enter: usecase(1: low-latency-playback) kvpairs: routing=2
08-04 12:21:18.364  1310  1324 I art     : Explicit concurrent mark sweep GC freed 894(55KB) AllocSpace objects, 1(20KB) LOS objects, 40% free, 23MB/39MB, paused 675us total 18.853ms
08-04 12:21:18.370   512  2967 D audio_hw_primary: select_devices: out_snd_device(2: speaker) in_snd_device(0: none)
08-04 12:21:18.370   512  2967 D msm8974_platform: platform_send_audio_calibration: sending audio calibration for snd_device(2) acdb_id(15)
08-04 12:21:18.370   512  2967 I soundtrigger: audio_extn_sound_trigger_update_device_status: device 0x2 of type 0 for Event 1
08-04 12:21:18.370  1310  1324 I art     : Starting a blocking GC Explicit
08-04 12:21:18.379   512  2967 D audio_hw_primary: enable_snd_device: snd_device(2: speaker)
08-04 12:21:18.381   512  2967 D audio_hw_primary: enable_audio_route: apply and update mixer path: low-latency-playback speaker
08-04 12:21:18.388  1310  1324 I art     : Explicit concurrent mark sweep GC freed 285(17KB) AllocSpace objects, 0(0B) LOS objects, 39% free, 24MB/40MB, paused 426us total 17.420ms
08-04 12:21:18.395  1310  1324 I art     : Starting a blocking GC Explicit
08-04 12:21:18.413  1310  1324 I art     : Explicit concurrent mark sweep GC freed 500(37KB) AllocSpace objects, 0(0B) LOS objects, 39% free, 24MB/40MB, paused 333us total 17.110ms
08-04 12:21:18.419  1310  1324 I art     : Starting a blocking GC Explicit
08-04 12:21:18.435  1310  1324 I art     : Explicit concurrent mark sweep GC freed 99(4KB) AllocSpace objects, 0(0B) LOS objects, 39% free, 24MB/40MB, paused 246us total 15.848ms
08-04 12:21:18.451 13866 13866 I GoogleInputMethodServic: GoogleInputMethodService.onFinishInput():3138 
08-04 12:21:18.452 13866 13866 I GoogleInputMethodServic: GoogleInputMethodService.onStartInput():1808 
08-04 12:21:18.656  1310  1389 I art     : Starting a blocking GC Explicit
08-04 12:21:18.674  1310  1389 I art     : Explicit concurrent mark sweep GC freed 1642(100KB) AllocSpace objects, 1(20KB) LOS objects, 39% free, 24MB/40MB, paused 235us total 17.885ms
08-04 12:21:18.681  1310  1389 I art     : Starting a blocking GC Explicit
08-04 12:21:18.698  1310  1389 I art     : Explicit concurrent mark sweep GC freed 82(3KB) AllocSpace objects, 0(0B) LOS objects, 39% free, 24MB/40MB, paused 210us total 17.416ms
08-04 12:21:18.705  1310  1389 I art     : Starting a blocking GC Explicit
08-04 12:21:18.723  1310  1389 I art     : Explicit concurrent mark sweep GC freed 6(288B) AllocSpace objects, 0(0B) LOS objects, 39% free, 24MB/40MB, paused 222us total 17.403ms
08-04 12:21:18.730  1310  1389 I art     : Starting a blocking GC Explicit
08-04 12:21:18.747  1310  1389 I art     : Explicit concurrent mark sweep GC freed 3(96B) AllocSpace objects, 0(0B) LOS objects, 39% free, 24MB/40MB, paused 225us total 16.955ms
08-04 12:21:18.754  1310  1389 I art     : Starting a blocking GC Explicit
08-04 12:21:18.771  1310  1389 I art     : Explicit concurrent mark sweep GC freed 30(832B) AllocSpace objects, 0(0B) LOS objects, 39% free, 24MB/40MB, paused 213us total 17.037ms
08-04 12:21:18.902  1704  1704 D AndroidRuntime: >>>>>> START com.android.internal.os.RuntimeInit uid 2000 <<<<<<
08-04 12:21:18.908  1704  1704 D AndroidRuntime: CheckJNI is OFF
08-04 12:21:18.919   512  2967 D audio_hw_primary: disable_audio_route: reset and update mixer path: low-latency-playback speaker
08-04 12:21:18.920   512  2967 D audio_hw_primary: disable_snd_device: snd_device(2: speaker)
08-04 12:21:18.928   512  2967 I soundtrigger: audio_extn_sound_trigger_update_device_status: device 0x2 of type 0 for Event 0
08-04 12:21:18.934  1704  1704 D ICU     : No timezone override file found: /data/misc/zoneinfo/current/icu/icu_tzdata.dat
08-04 12:21:18.959  1704  1704 I Radio-JNI: register_android_hardware_Radio DONE
08-04 12:21:18.975  1704  1704 D AndroidRuntime: Calling main entry com.android.commands.input.Input
08-04 12:21:18.977  1704  1704 I Input   : injectMotionEvent: MotionEvent { action=ACTION_DOWN, actionButton=0, id[0]=0, x[0]=697.0, y[0]=656.0, toolType[0]=TOOL_TYPE_UNKNOWN, buttonState=0, metaState=0, flags=0x0, edgeFlags=0x0, pointerCount=1, historySize=0, eventTime=706895390, downTime=706895390, deviceId=0, source=0x1002 }
08-04 12:21:18.982  1704  1704 I Input   : injectMotionEvent: MotionEvent { action=ACTION_UP, actionButton=0, id[0]=0, x[0]=697.0, y[0]=656.0, toolType[0]=TOOL_TYPE_UNKNOWN, buttonState=0, metaState=0, flags=0x0, edgeFlags=0x0, pointerCount=1, historySize=0, eventTime=706895390, downTime=706895390, deviceId=0, source=0x1002 }
08-04 12:21:18.987  1704  1704 D AndroidRuntime: Shutting down VM
08-04 12:21:19.005   512  2967 D audio_hw_primary: out_set_parameters: enter: usecase(1: low-latency-playback) kvpairs: routing=2
08-04 12:21:19.019   512  2967 D audio_hw_primary: select_devices: out_snd_device(2: speaker) in_snd_device(0: none)
08-04 12:21:19.019   512  2967 D msm8974_platform: platform_send_audio_calibration: sending audio calibration for snd_device(2) acdb_id(15)
08-04 12:21:19.019   512  2967 I soundtrigger: audio_extn_sound_trigger_update_device_status: device 0x2 of type 0 for Event 1
08-04 12:21:19.025  1310  1660 I art     : Starting a blocking GC Explicit
08-04 12:21:19.028   512  2967 D audio_hw_primary: enable_snd_device: snd_device(2: speaker)
08-04 12:21:19.030   512  2967 D audio_hw_primary: enable_audio_route: apply and update mixer path: low-latency-playback speaker
08-04 12:21:19.042  1310  1660 I art     : Explicit concurrent mark sweep GC freed 2043(181KB) AllocSpace objects, 1(20KB) LOS objects, 39% free, 24MB/40MB, paused 220us total 16.836ms
08-04 12:21:19.049  1310  1660 I art     : Starting a blocking GC Explicit
08-04 12:21:19.065  1310  1660 I art     : Explicit concurrent mark sweep GC freed 183(8KB) AllocSpace objects, 0(0B) LOS objects, 39% free, 24MB/40MB, paused 214us total 15.989ms
08-04 12:21:19.070 13866 13866 I GoogleInputMethodServic: GoogleInputMethodService.onFinishInput():3138 
08-04 12:21:19.071   512  2967 D AudioFlinger: mixer(0xf4740000) throttle end: throttle time(12)
08-04 12:21:19.071 13866 13866 I GoogleInputMethodServic: GoogleInputMethodService.onStartInput():1808 
08-04 12:21:19.072  1310  1660 I art     : Starting a blocking GC Explicit
08-04 12:21:19.089  1310  1660 I art     : Explicit concurrent mark sweep GC freed 211(8KB) AllocSpace objects, 0(0B) LOS objects, 39% free, 24MB/40MB, paused 298us total 16.999ms
08-04 12:21:19.096  1310  1660 I art     : Starting a blocking GC Explicit
08-04 12:21:19.112  1310  1660 I art     : Explicit concurrent mark sweep GC freed 378(18KB) AllocSpace objects, 0(0B) LOS objects, 39% free, 24MB/40MB, paused 204us total 15.925ms
08-04 12:21:19.119  1310  1660 I art     : Starting a blocking GC Explicit
08-04 12:21:19.136  1310  1660 I art     : Explicit concurrent mark sweep GC freed 9(464B) AllocSpace objects, 0(0B) LOS objects, 39% free, 24MB/40MB, paused 205us total 16.216ms
08-04 12:21:19.304 29532 29532 W PathParser: Points are too far apart 4.030360828967057
08-04 12:21:19.304 29532 29532 W PathParser: Points are too far apart 4.030360538880159
08-04 12:21:19.317 29532 29532 W PathParser: Points are too far apart 4.030360828967057
08-04 12:21:19.317 29532 29532 W PathParser: Points are too far apart 4.030360538880159
08-04 12:21:19.334 29532 29532 W PathParser: Points are too far apart 4.030360828967057
08-04 12:21:19.334 29532 29532 W PathParser: Points are too far apart 4.030360538880159
08-04 12:21:19.350 29532 29532 W PathParser: Points are too far apart 4.030360828967057
08-04 12:21:19.350 29532 29532 W PathParser: Points are too far apart 4.030360538880159
08-04 12:21:19.367 29532 29532 W PathParser: Points are too far apart 4.030360828967057
08-04 12:21:19.367 29532 29532 W PathParser: Points are too far apart 4.030360538880159
08-04 12:21:19.376  1310  1660 I art     : Starting a blocking GC Explicit
08-04 12:21:19.384 29532 29532 W PathParser: Points are too far apart 4.030360828967057
08-04 12:21:19.384 29532 29532 W PathParser: Points are too far apart 4.030360538880159
08-04 12:21:19.394  1310  1660 I art     : Explicit concurrent mark sweep GC freed 1603(100KB) AllocSpace objects, 1(20KB) LOS objects, 39% free, 24MB/40MB, paused 203us total 18.154ms
08-04 12:21:19.401 29532 29532 W PathParser: Points are too far apart 4.030360828967057
08-04 12:21:19.401 29532 29532 W PathParser: Points are too far apart 4.030360538880159
08-04 12:21:19.402  1310  1660 I art     : Starting a blocking GC Explicit
08-04 12:21:19.421  1310  1660 I art     : Explicit concurrent mark sweep GC freed 41(1328B) AllocSpace objects, 0(0B) LOS objects, 39% free, 24MB/40MB, paused 230us total 18.713ms
08-04 12:21:19.428  1310  1660 I art     : Starting a blocking GC Explicit
08-04 12:21:19.444  1310  1660 I art     : Explicit concurrent mark sweep GC freed 3(96B) AllocSpace objects, 0(0B) LOS objects, 39% free, 24MB/40MB, paused 195us total 15.804ms
08-04 12:21:19.451  1310  1660 I art     : Starting a blocking GC Explicit
08-04 12:21:19.467  1310  1660 I art     : Explicit concurrent mark sweep GC freed 3(96B) AllocSpace objects, 0(0B) LOS objects, 39% free, 24MB/40MB, paused 218us total 15.729ms
08-04 12:21:19.473  1310  1660 I art     : Starting a blocking GC Explicit
08-04 12:21:19.490  1310  1660 I art     : Explicit concurrent mark sweep GC freed 5(192B) AllocSpace objects, 0(0B) LOS objects, 39% free, 24MB/40MB, paused 194us total 15.943ms
08-04 12:21:19.538  1736  1736 D AndroidRuntime: >>>>>> START com.android.internal.os.RuntimeInit uid 2000 <<<<<<
08-04 12:21:19.542  1736  1736 D AndroidRuntime: CheckJNI is OFF
08-04 12:21:19.558   512  2967 D audio_hw_primary: disable_audio_route: reset and update mixer path: low-latency-playback speaker
08-04 12:21:19.559   512  2967 D audio_hw_primary: disable_snd_device: snd_device(2: speaker)
08-04 12:21:19.563  1736  1736 D ICU     : No timezone override file found: /data/misc/zoneinfo/current/icu/icu_tzdata.dat
08-04 12:21:19.567   512  2967 I soundtrigger: audio_extn_sound_trigger_update_device_status: device 0x2 of type 0 for Event 0
08-04 12:21:19.586  1736  1736 I Radio-JNI: register_android_hardware_Radio DONE
08-04 12:21:19.600  1736  1736 D AndroidRuntime: Calling main entry com.android.commands.input.Input
08-04 12:21:19.602  1736  1736 I Input   : injectMotionEvent: MotionEvent { action=ACTION_DOWN, actionButton=0, id[0]=0, x[0]=256.0, y[0]=1589.0, toolType[0]=TOOL_TYPE_UNKNOWN, buttonState=0, metaState=0, flags=0x0, edgeFlags=0x0, pointerCount=1, historySize=0, eventTime=706896014, downTime=706896014, deviceId=0, source=0x1002 }
08-04 12:21:19.606  1736  1736 I Input   : injectMotionEvent: MotionEvent { action=ACTION_UP, actionButton=0, id[0]=0, x[0]=256.0, y[0]=1589.0, toolType[0]=TOOL_TYPE_UNKNOWN, buttonState=0, metaState=0, flags=0x0, edgeFlags=0x0, pointerCount=1, historySize=0, eventTime=706896014, downTime=706896014, deviceId=0, source=0x1002 }
08-04 12:21:19.607  1736  1736 D AndroidRuntime: Shutting down VM
08-04 12:21:19.621  1310  1310 D UserPreferences: timeOfDay: []
08-04 12:21:19.621  1310  1310 D AutoUpdateManager: Restarting update alarm.
08-04 12:21:19.623  1310  1310 D AutoUpdateManager: Automatic update was deactivated
08-04 12:21:19.624   512  2967 D audio_hw_primary: out_set_parameters: enter: usecase(1: low-latency-playback) kvpairs: routing=2
08-04 12:21:19.638   512  2967 D audio_hw_primary: select_devices: out_snd_device(2: speaker) in_snd_device(0: none)
08-04 12:21:19.638   512  2967 D msm8974_platform: platform_send_audio_calibration: sending audio calibration for snd_device(2) acdb_id(15)
08-04 12:21:19.638   512  2967 I soundtrigger: audio_extn_sound_trigger_update_device_status: device 0x2 of type 0 for Event 1
08-04 12:21:19.650 13866 13866 I GoogleInputMethodServic: GoogleInputMethodService.onFinishInput():3138 
08-04 12:21:19.651 13866 13866 I GoogleInputMethodServic: GoogleInputMethodService.onStartInput():1808 
08-04 12:21:19.651   512  2967 D audio_hw_primary: enable_snd_device: snd_device(2: speaker)
08-04 12:21:19.653   512  2967 D audio_hw_primary: enable_audio_route: apply and update mixer path: low-latency-playback speaker
08-04 12:21:19.668 29532 29532 W PathParser: Points are too far apart 4.030360828967057
08-04 12:21:19.668 29532 29532 W PathParser: Points are too far apart 4.030360538880159
08-04 12:21:19.685 29532 29532 W PathParser: Points are too far apart 4.030360828967057
08-04 12:21:19.685 29532 29532 W PathParser: Points are too far apart 4.030360538880159
08-04 12:21:19.694   512  2967 D AudioFlinger: mixer(0xf4740000) throttle end: throttle time(12)
08-04 12:21:19.701 29532 29532 W PathParser: Points are too far apart 4.030360828967057
08-04 12:21:19.701 29532 29532 W PathParser: Points are too far apart 4.030360538880159
08-04 12:21:19.718 29532 29532 W PathParser: Points are too far apart 4.030360828967057
08-04 12:21:19.718 29532 29532 W PathParser: Points are too far apart 4.030360538880159
08-04 12:21:19.729  1310  1323 I art     : Starting a blocking GC Explicit
08-04 12:21:19.735 29532 29532 W PathParser: Points are too far apart 4.030360828967057
08-04 12:21:19.735 29532 29532 W PathParser: Points are too far apart 4.030360538880159
08-04 12:21:19.747  1310  1323 I art     : Explicit concurrent mark sweep GC freed 1930(125KB) AllocSpace objects, 2(40KB) LOS objects, 39% free, 24MB/40MB, paused 209us total 17.229ms
08-04 12:21:19.751 29532 29532 W PathParser: Points are too far apart 4.030360828967057
08-04 12:21:19.751 29532 29532 W PathParser: Points are too far apart 4.030360538880159
08-04 12:21:19.754  1310  1323 I art     : Starting a blocking GC Explicit
08-04 12:21:19.767 29532 29532 W PathParser: Points are too far apart 4.030360828967057
08-04 12:21:19.767 29532 29532 W PathParser: Points are too far apart 4.030360538880159
08-04 12:21:19.772  1310  1323 I art     : Explicit concurrent mark sweep GC freed 99(3KB) AllocSpace objects, 0(0B) LOS objects, 39% free, 24MB/40MB, paused 227us total 17.435ms
08-04 12:21:19.778  1310  1323 I art     : Starting a blocking GC Explicit
08-04 12:21:19.784 29532 29532 W PathParser: Points are too far apart 4.030360828967057
08-04 12:21:19.784 29532 29532 W PathParser: Points are too far apart 4.030360538880159
08-04 12:21:19.795  1310  1323 I art     : Explicit concurrent mark sweep GC freed 3(96B) AllocSpace objects, 0(0B) LOS objects, 39% free, 24MB/40MB, paused 189us total 16.490ms
08-04 12:21:19.802  1310  1323 I art     : Starting a blocking GC Explicit
08-04 12:21:19.819  1310  1323 I art     : Explicit concurrent mark sweep GC freed 3(96B) AllocSpace objects, 0(0B) LOS objects, 39% free, 24MB/40MB, paused 290us total 16.827ms
08-04 12:21:19.826  1310  1323 I art     : Starting a blocking GC Explicit
08-04 12:21:19.834   380   380 W SurfaceFlinger: couldn't log to binary event log: overflow.
08-04 12:21:19.844  1310  1323 I art     : Explicit concurrent mark sweep GC freed 3(96B) AllocSpace objects, 0(0B) LOS objects, 39% free, 24MB/40MB, paused 205us total 17.679ms
08-04 12:21:19.901 13866 13882 I PeriodicStatsRunner: PeriodicStatsRunner.call():175 call()
08-04 12:21:19.901 13866 13882 I PeriodicStatsRunner: PeriodicStatsRunner.call():179 No submit PeriodicStats since input started.
08-04 12:21:20.079  1310  1323 I art     : Starting a blocking GC Explicit
08-04 12:21:20.097  1310  1323 I art     : Explicit concurrent mark sweep GC freed 1828(103KB) AllocSpace objects, 1(20KB) LOS objects, 39% free, 24MB/40MB, paused 363us total 17.284ms
08-04 12:21:20.103  1310  1323 I art     : Starting a blocking GC Explicit
08-04 12:21:20.121  1310  1323 I art     : Explicit concurrent mark sweep GC freed 100(3KB) AllocSpace objects, 0(0B) LOS objects, 39% free, 24MB/40MB, paused 227us total 17.262ms
08-04 12:21:20.128  1310  1323 I art     : Starting a blocking GC Explicit
08-04 12:21:20.141  1768  1768 D AndroidRuntime: >>>>>> START com.android.internal.os.RuntimeInit uid 2000 <<<<<<
08-04 12:21:20.145  1768  1768 D AndroidRuntime: CheckJNI is OFF
08-04 12:21:20.145  1310  1323 I art     : Explicit concurrent mark sweep GC freed 36(1152B) AllocSpace objects, 0(0B) LOS objects, 39% free, 24MB/40MB, paused 207us total 17.115ms
08-04 12:21:20.151  1310  1323 I art     : Starting a blocking GC Explicit
08-04 12:21:20.169  1310  1323 I art     : Explicit concurrent mark sweep GC freed 40(1280B) AllocSpace objects, 0(0B) LOS objects, 39% free, 24MB/40MB, paused 411us total 17.113ms
08-04 12:21:20.170  1768  1768 D ICU     : No timezone override file found: /data/misc/zoneinfo/current/icu/icu_tzdata.dat
08-04 12:21:20.175  1310  1323 I art     : Starting a blocking GC Explicit
08-04 12:21:20.178   512  2967 D audio_hw_primary: disable_audio_route: reset and update mixer path: low-latency-playback speaker
08-04 12:21:20.179   512  2967 D audio_hw_primary: disable_snd_device: snd_device(2: speaker)
08-04 12:21:20.188   512  2967 I soundtrigger: audio_extn_sound_trigger_update_device_status: device 0x2 of type 0 for Event 0
08-04 12:21:20.191  1310  1323 I art     : Explicit concurrent mark sweep GC freed 61(1952B) AllocSpace objects, 0(0B) LOS objects, 39% free, 24MB/40MB, paused 241us total 16.111ms
08-04 12:21:20.195  1768  1768 I Radio-JNI: register_android_hardware_Radio DONE
08-04 12:21:20.211  1768  1768 D AndroidRuntime: Calling main entry com.android.commands.input.Input
08-04 12:21:20.212  1768  1768 I Input   : injectKeyEvent: KeyEvent { action=ACTION_DOWN, keyCode=KEYCODE_BACK, scanCode=0, metaState=0, flags=0x0, repeatCount=0, eventTime=706896626, downTime=706896626, deviceId=-1, source=0x101 }
08-04 12:21:20.217  1768  1768 I Input   : injectKeyEvent: KeyEvent { action=ACTION_UP, keyCode=KEYCODE_BACK, scanCode=0, metaState=0, flags=0x0, repeatCount=0, eventTime=706896626, downTime=706896626, deviceId=-1, source=0x101 }
08-04 12:21:20.224  1768  1768 D AndroidRuntime: Shutting down VM
08-04 12:21:20.270 13866 13866 I GoogleInputMethodServic: GoogleInputMethodService.onFinishInput():3138 
08-04 12:21:20.271 13866 13866 I GoogleInputMethodServic: GoogleInputMethodService.onStartInput():1808 
08-04 12:21:20.430  1310  1389 I art     : Starting a blocking GC Explicit
08-04 12:21:20.453  1310  1389 I art     : Explicit concurrent mark sweep GC freed 3009(157KB) AllocSpace objects, 1(20KB) LOS objects, 39% free, 24MB/40MB, paused 257us total 23.127ms
08-04 12:21:20.461  1310  1389 I art     : Starting a blocking GC Explicit
08-04 12:21:20.481  1310  1389 I art     : Explicit concurrent mark sweep GC freed 4953(290KB) AllocSpace objects, 0(0B) LOS objects, 39% free, 24MB/40MB, paused 245us total 19.311ms
08-04 12:21:20.488  1310  1389 I art     : Starting a blocking GC Explicit
08-04 12:21:20.506  1310  1389 I art     : Explicit concurrent mark sweep GC freed 3496(243KB) AllocSpace objects, 0(0B) LOS objects, 39% free, 24MB/40MB, paused 216us total 17.524ms
08-04 12:21:20.513  1310  1389 I art     : Starting a blocking GC Explicit
08-04 12:21:20.530  1310  1389 I art     : Explicit concurrent mark sweep GC freed 3(96B) AllocSpace objects, 0(0B) LOS objects, 39% free, 24MB/40MB, paused 202us total 17.140ms
08-04 12:21:20.537  1310  1389 I art     : Starting a blocking GC Explicit
08-04 12:21:20.554  1310  1389 I art     : Explicit concurrent mark sweep GC freed 3(96B) AllocSpace objects, 0(0B) LOS objects, 39% free, 24MB/40MB, paused 216us total 17.099ms
08-04 12:21:20.819  1310  1324 I art     : Starting a blocking GC Explicit
08-04 12:21:20.840  1310  1324 I art     : Explicit concurrent mark sweep GC freed 1726(101KB) AllocSpace objects, 1(20KB) LOS objects, 39% free, 24MB/40MB, paused 240us total 20.345ms
08-04 12:21:20.848  1310  1324 I art     : Starting a blocking GC Explicit
08-04 12:21:20.863  1310  1324 I art     : Explicit concurrent mark sweep GC freed 901(56KB) AllocSpace objects, 1(48KB) LOS objects, 40% free, 23MB/39MB, paused 194us total 15.319ms
08-04 12:21:20.869  1310  1324 I art     : Starting a blocking GC Explicit
08-04 12:21:20.884  1310  1324 I art     : Explicit concurrent mark sweep GC freed 3(96B) AllocSpace objects, 0(0B) LOS objects, 40% free, 23MB/39MB, paused 202us total 14.408ms
08-04 12:21:20.890  1310  1324 I art     : Starting a blocking GC Explicit
08-04 12:21:20.906  1310  1324 I art     : Explicit concurrent mark sweep GC freed 3(96B) AllocSpace objects, 0(0B) LOS objects, 40% free, 23MB/39MB, paused 244us total 16.098ms
08-04 12:21:20.913  1310  1324 I art     : Starting a blocking GC Explicit
08-04 12:21:20.929  1310  1324 I art     : Explicit concurrent mark sweep GC freed 3(96B) AllocSpace objects, 0(0B) LOS objects, 40% free, 23MB/39MB, paused 206us total 16.108ms
08-04 12:21:21.146 13866 13882 I PeriodicStatsRunner: PeriodicStatsRunner.call():175 call()
08-04 12:21:21.147 13866 13882 I PeriodicStatsRunner: PeriodicStatsRunner.call():179 No submit PeriodicStats since input started.
08-04 12:21:21.209  1310  1323 I art     : Starting a blocking GC Explicit
08-04 12:21:21.231  1310  1323 I art     : Explicit concurrent mark sweep GC freed 1598(94KB) AllocSpace objects, 1(20KB) LOS objects, 40% free, 23MB/39MB, paused 222us total 21.394ms
08-04 12:21:21.238  1310  1323 I art     : Starting a blocking GC Explicit
08-04 12:21:21.256  1310  1323 I art     : Explicit concurrent mark sweep GC freed 35(1152B) AllocSpace objects, 0(0B) LOS objects, 40% free, 23MB/39MB, paused 205us total 16.939ms
08-04 12:21:21.263  1310  1323 I art     : Starting a blocking GC Explicit
08-04 12:21:21.279  1310  1323 I art     : Explicit concurrent mark sweep GC freed 3(96B) AllocSpace objects, 0(0B) LOS objects, 40% free, 23MB/39MB, paused 202us total 16.464ms
08-04 12:21:21.286  1310  1323 I art     : Starting a blocking GC Explicit
08-04 12:21:21.303  1310  1323 I art     : Explicit concurrent mark sweep GC freed 3(96B) AllocSpace objects, 0(0B) LOS objects, 40% free, 23MB/39MB, paused 197us total 16.513ms
08-04 12:21:21.310  1310  1323 I art     : Starting a blocking GC Explicit
08-04 12:21:21.326  1310  1323 I art     : Explicit concurrent mark sweep GC freed 3(96B) AllocSpace objects, 0(0B) LOS objects, 40% free, 23MB/39MB, paused 191us total 15.868ms
08-04 12:21:21.572  1310  1660 I art     : Starting a blocking GC Explicit
08-04 12:21:21.590  1310  1660 I art     : Explicit concurrent mark sweep GC freed 1598(94KB) AllocSpace objects, 1(20KB) LOS objects, 40% free, 23MB/39MB, paused 223us total 17.126ms
08-04 12:21:21.597  1310  1660 I art     : Starting a blocking GC Explicit
08-04 12:21:21.613  1310  1660 I art     : Explicit concurrent mark sweep GC freed 35(1136B) AllocSpace objects, 0(0B) LOS objects, 40% free, 23MB/39MB, paused 203us total 16.195ms
08-04 12:21:21.620  1310  1660 I art     : Starting a blocking GC Explicit
08-04 12:21:21.635  1310  1660 I art     : Explicit concurrent mark sweep GC freed 3(96B) AllocSpace objects, 0(0B) LOS objects, 40% free, 23MB/39MB, paused 200us total 15.050ms
08-04 12:21:21.641  1310  1660 I art     : Starting a blocking GC Explicit
08-04 12:21:21.657  1310  1660 I art     : Explicit concurrent mark sweep GC freed 3(96B) AllocSpace objects, 0(0B) LOS objects, 40% free, 23MB/39MB, paused 220us total 15.338ms
08-04 12:21:21.663  1310  1660 I art     : Starting a blocking GC Explicit
08-04 12:21:21.679  1310  1660 I art     : Explicit concurrent mark sweep GC freed 3(96B) AllocSpace objects, 0(0B) LOS objects, 40% free, 23MB/39MB, paused 202us total 15.386ms
08-04 12:21:21.805  1826  1826 D AndroidRuntime: >>>>>> START com.android.internal.os.RuntimeInit uid 2000 <<<<<<
08-04 12:21:21.810  1826  1826 D AndroidRuntime: CheckJNI is OFF
08-04 12:21:21.837  1826  1826 D ICU     : No timezone override file found: /data/misc/zoneinfo/current/icu/icu_tzdata.dat
08-04 12:21:21.863  1826  1826 I Radio-JNI: register_android_hardware_Radio DONE
08-04 12:21:21.880  1826  1826 D AndroidRuntime: Calling main entry com.android.commands.input.Input
