08-03 18:44:39.291 14199 14199 D Nappa   : PREFETCH_ON_EXTRA - setCurrentActivity - logs - from activity - made prediction isfalse
08-03 18:44:39.291 14199 17672 D Nappa   : F1_SCORE - Intercept list (9)= [https://api-hillfair-2k16.herokuapp.com/api/app/events/special, https://api-hillfair-2k16.herokuapp.com/api/app/events/special/event?id=5806551bdcba0f490c70fd1f, https://api-hillfair-2k16.herokuapp.com/api/app/events/special/event?id=580655cddcba0f490c70fdd0, https://api-hillfair-2k16.herokuapp.com/api/app/events/special/event?id=58065620dcba0f490c70fe09, https://api-hillfair-2k16.herokuapp.com/api/app/quiz/leaderboard?from=1, https://api-hillfair-2k16.herokuapp.com/api/app/club, https://api-hillfair-2k16.herokuapp.com/api/app/club/PR%20Club, https://api-hillfair-2k16.herokuapp.com/api/app/club/Design%20and%20Decoration%20Club, https://api-hillfair-2k16.herokuapp.com/api/app/club/Technical%20Committee]
08-03 18:44:39.291 14199 17672 D Nappa   : F1_SCORE - Prefetch list (2)= [https://api-hillfair-2k16.herokuapp.com/api/app/events/special/event?id=58065620dcba0f490c70fe09, https://api-hillfair-2k16.herokuapp.com/api/app/events/special/event?id=5806551bdcba0f490c70fd1f]
08-03 18:44:39.291 14199 17672 D Nappa   : F1_SCORE - TP list (2)= [https://api-hillfair-2k16.herokuapp.com/api/app/events/special/event?id=58065620dcba0f490c70fe09, https://api-hillfair-2k16.herokuapp.com/api/app/events/special/event?id=5806551bdcba0f490c70fd1f]
08-03 18:44:39.291 14199 17672 D Nappa   : F1_SCORE - FN list (7)= [https://api-hillfair-2k16.herokuapp.com/api/app/events/special, https://api-hillfair-2k16.herokuapp.com/api/app/events/special/event?id=580655cddcba0f490c70fdd0, https://api-hillfair-2k16.herokuapp.com/api/app/quiz/leaderboard?from=1, https://api-hillfair-2k16.herokuapp.com/api/app/club, https://api-hillfair-2k16.herokuapp.com/api/app/club/PR%20Club, https://api-hillfair-2k16.herokuapp.com/api/app/club/Design%20and%20Decoration%20Club, https://api-hillfair-2k16.herokuapp.com/api/app/club/Technical%20Committee]
08-03 18:44:39.391 14199 14226 D Nappa   : registerActivity: (already in) nappagreedy.appteam.nith.hillffair.activities.EventActivity
08-03 18:44:39.391 14199 14199 D Nappa   : registerActivity: (already in) nappagreedy.appteam.nith.hillffair.activities.ClubActivity
08-03 18:44:39.391 14199 14226 D Nappa   : PARENTS 
08-03 18:44:39.391 14199 14226 D Nappa   : Of: nappagreedy.appteam.nith.hillffair.activities.EventActivity -> 
08-03 18:44:39.391 14199 14226 D Nappa   : PARENTS nappagreedy.appteam.nith.hillffair.activities.HomeActivity
08-03 18:44:39.391 14199 14226 D Nappa   : PARENTS nappagreedy.appteam.nith.hillffair.activities.SplashActivity
08-03 18:44:39.392 14199 14199 D Nappa   : SHOULD_PREFETCH true
08-03 18:44:39.492 14199 14199 D Nappa   : registerActivity: (already in) nappagreedy.appteam.nith.hillffair.activities.ClubActivity
08-03 18:44:39.492 14199 14199 D Nappa   : STATS Number of requests not prefetched: 9
08-03 18:44:39.492 14199 14199 D Nappa   : STATS Number of requests prefetched: 7
08-03 18:44:39.492 14199 14199 D Nappa   : STATS Time saved until now: 0.72099996
08-03 18:44:39.691 14199 14226 D Nappa   : PREFETCH_ON_EXTRA - setCurrentActivity - logs - from extra - made prediction istrue
08-03 18:44:39.692 14199 14226 D Nappa   : PREFETCH_ON_EXTRA - setCurrentActivity - logs - from extra - start
08-03 18:44:39.692 14199 14226 D Nappa   : setCurrentActivity - MetricStrategyAccuracy - checking prediction VS current activity for extras
08-03 18:44:39.692 14199 14226 D Nappa   : PREFETCH_ON_EXTRA - setCurrentActivity - logs - from extra- finished
08-03 18:44:39.992 14199 14226 D Nappa   : PREFETCH_ON_EXTRA - setCurrentActivity - starting new prediction
08-03 18:44:39.992 14199 14226 D Nappa   : Current node - currentActivityName - nappagreedy.appteam.nith.hillffair.activities.ClubActivity
08-03 18:44:39.993 14199 14226 D Nappa   : Current node - activityGraph.getCurrent() - nappagreedy.appteam.nith.hillffair.activities.ClubActivity
08-03 18:44:39.994 14199 14226 D Nappa   : PREFETCH_ON_EXTRA - setCurrentActivity - finished new prediction
08-03 18:44:44.209 14199 14199 D Nappa   : Stayed on nappagreedy.appteam.nith.hillffair.activities.ClubActivity for 4717 ms
08-03 18:44:44.214 14199 14199 D Nappa   : setCurrentActivity - MetricStrategyAccuracy - 
08-03 18:44:44.214 14199 14199 D Nappa   : madePredictionFromActivity = true, 
08-03 18:44:44.214 14199 14199 D Nappa   : fromActivity = nappagreedy.appteam.nith.hillffair.activities.ClubActivity, 
08-03 18:44:44.214 14199 14199 D Nappa   : predictedNextActivityFromActivity = [], 
08-03 18:44:44.214 14199 14199 D Nappa   : activity.getClass().getCanonicalName() = nappagreedy.appteam.nith.hillffair.activities.EventActivity, 
08-03 18:44:44.214 14199 14199 D Nappa   : setCurrentActivity - MetricStrategyAccuracy - 
08-03 18:44:44.214 14199 14199 D Nappa   : madePredictionFromExtra = false, 
08-03 18:44:44.214 14199 14199 D Nappa   : fromActivity = nappagreedy.appteam.nith.hillffair.activities.ClubActivity, 
08-03 18:44:44.214 14199 14199 D Nappa   : predictedNextActivityFromExtra = [], 
08-03 18:44:44.214 14199 14199 D Nappa   : activity.getClass().getCanonicalName() = nappagreedy.appteam.nith.hillffair.activities.EventActivity, 
08-03 18:44:44.214 14199 14199 D Nappa   : PREFETCH_ON_EXTRA - setCurrentActivity - logs - from activity - made prediction istrue
08-03 18:44:44.214 14199 14199 D Nappa   : PREFETCH_ON_EXTRA - setCurrentActivity - logs - from activity - start
08-03 18:44:44.214 14199 14199 D Nappa   : PREFETCH_ON_EXTRA - setCurrentActivity - logs - from activity- finished
08-03 18:44:44.315 14199 14199 D Nappa   : registerActivity: (already in) nappagreedy.appteam.nith.hillffair.activities.EventActivity
08-03 18:44:44.315 14199 14199 D Nappa   : SHOULD_PREFETCH false
08-03 18:44:44.315 14199 14199 D Nappa   : STATS Number of requests not prefetched: 9
08-03 18:44:44.315 14199 14199 D Nappa   : STATS Number of requests prefetched: 7
08-03 18:44:44.315 14199 14199 D Nappa   : STATS Time saved until now: 0.72099996
08-03 18:44:44.615 14199 14226 D Nappa   : PREFETCH_ON_EXTRA - setCurrentActivity - logs - from extra - made prediction isfalse
08-03 18:44:46.123 14199 14226 D Nappa   : PREFETCH_ON_EXTRA - notifyExtras- start
08-03 18:44:46.125 14199 14226 D Nappa   : PREFETCH_ON_EXTRA - notifyExtras- end
08-03 18:44:46.125 14199 14226 D Nappa   : PREFSTRAT2 ADDING NEW ACTEXTRADATA
08-03 18:44:46.140 14199 14199 D Nappa   : Stayed on nappagreedy.appteam.nith.hillffair.activities.EventActivity for 1824 ms
08-03 18:44:46.166 14199 14199 D Nappa   : TAG okHttpClient initialized
08-03 18:44:46.172 14199 14199 D Nappa   : setCurrentActivity - MetricStrategyAccuracy - 
08-03 18:44:46.172 14199 14199 D Nappa   : madePredictionFromActivity = false, 
08-03 18:44:46.172 14199 14199 D Nappa   : fromActivity = nappagreedy.appteam.nith.hillffair.activities.EventActivity, 
08-03 18:44:46.172 14199 14199 D Nappa   : predictedNextActivityFromActivity = [], 
08-03 18:44:46.172 14199 14199 D Nappa   : activity.getClass().getCanonicalName() = nappagreedy.appteam.nith.hillffair.activities.ClubActivity, 
08-03 18:44:46.173 14199 14199 D Nappa   : setCurrentActivity - MetricStrategyAccuracy - 
08-03 18:44:46.173 14199 14199 D Nappa   : madePredictionFromExtra = true, 
08-03 18:44:46.173 14199 14199 D Nappa   : fromActivity = nappagreedy.appteam.nith.hillffair.activities.EventActivity, 
08-03 18:44:46.173 14199 14199 D Nappa   : predictedNextActivityFromExtra = [nappagreedy.appteam.nith.hillffair.activities.ClubActivity], 
08-03 18:44:46.173 14199 14199 D Nappa   : activity.getClass().getCanonicalName() = nappagreedy.appteam.nith.hillffair.activities.ClubActivity, 
08-03 18:44:46.173 14199 17827 D Nappa   : F1_SCORE add_intercept_url - (already in) - https://api-hillfair-2k16.herokuapp.com/api/app/club/PR%20Club
08-03 18:44:46.173 14199 14199 D Nappa   : PREFETCH_ON_EXTRA - setCurrentActivity - logs - from activity - made prediction isfalse
08-03 18:44:46.173 14199 17827 D Nappa   : F1_SCORE add_fn_url - (already in) - https://api-hillfair-2k16.herokuapp.com/api/app/club/PR%20Club
08-03 18:44:46.173 14199 17827 D Nappa   : -------------F1_SCORE #41 -----------
08-03 18:44:46.173 14199 17827 D Nappa   : F1_SCORE - Intercept list (9)= [https://api-hillfair-2k16.herokuapp.com/api/app/events/special, https://api-hillfair-2k16.herokuapp.com/api/app/events/special/event?id=5806551bdcba0f490c70fd1f, https://api-hillfair-2k16.herokuapp.com/api/app/events/special/event?id=580655cddcba0f490c70fdd0, https://api-hillfair-2k16.herokuapp.com/api/app/events/special/event?id=58065620dcba0f490c70fe09, https://api-hillfair-2k16.herokuapp.com/api/app/quiz/leaderboard?from=1, https://api-hillfair-2k16.herokuapp.com/api/app/club, https://api-hillfair-2k16.herokuapp.com/api/app/club/PR%20Club, https://api-hillfair-2k16.herokuapp.com/api/app/club/Design%20and%20Decoration%20Club, https://api-hillfair-2k16.herokuapp.com/api/app/club/Technical%20Committee]
08-03 18:44:46.173 14199 17827 D Nappa   : F1_SCORE - Prefetch list (2)= [https://api-hillfair-2k16.herokuapp.com/api/app/events/special/event?id=58065620dcba0f490c70fe09, https://api-hillfair-2k16.herokuapp.com/api/app/events/special/event?id=5806551bdcba0f490c70fd1f]
08-03 18:44:46.173 14199 17827 D Nappa   : F1_SCORE - TP list (2)= [https://api-hillfair-2k16.herokuapp.com/api/app/events/special/event?id=58065620dcba0f490c70fe09, https://api-hillfair-2k16.herokuapp.com/api/app/events/special/event?id=5806551bdcba0f490c70fd1f]
08-03 18:44:46.173 14199 17827 D Nappa   : F1_SCORE - FN list (7)= [https://api-hillfair-2k16.herokuapp.com/api/app/events/special, https://api-hillfair-2k16.herokuapp.com/api/app/events/special/event?id=580655cddcba0f490c70fdd0, https://api-hillfair-2k16.herokuapp.com/api/app/quiz/leaderboard?from=1, https://api-hillfair-2k16.herokuapp.com/api/app/club, https://api-hillfair-2k16.herokuapp.com/api/app/club/PR%20Club, https://api-hillfair-2k16.herokuapp.com/api/app/club/Design%20and%20Decoration%20Club, https://api-hillfair-2k16.herokuapp.com/api/app/club/Technical%20Committee]
08-03 18:44:46.273 14199 14226 D Nappa   : registerActivity: (already in) nappagreedy.appteam.nith.hillffair.activities.EventActivity
08-03 18:44:46.274 14199 14226 D Nappa   : PARENTS 
08-03 18:44:46.274 14199 14226 D Nappa   : Of: nappagreedy.appteam.nith.hillffair.activities.EventActivity -> 
08-03 18:44:46.274 14199 14226 D Nappa   : PARENTS nappagreedy.appteam.nith.hillffair.activities.HomeActivity
08-03 18:44:46.274 14199 14226 D Nappa   : PARENTS nappagreedy.appteam.nith.hillffair.activities.SplashActivity
08-03 18:44:46.274 14199 14199 D Nappa   : registerActivity: (already in) nappagreedy.appteam.nith.hillffair.activities.ClubActivity
08-03 18:44:46.274 14199 14199 D Nappa   : SHOULD_PREFETCH true
08-03 18:44:46.374 14199 14199 D Nappa   : registerActivity: (already in) nappagreedy.appteam.nith.hillffair.activities.ClubActivity
08-03 18:44:46.375 14199 14199 D Nappa   : STATS Number of requests not prefetched: 9
08-03 18:44:46.375 14199 14199 D Nappa   : STATS Number of requests prefetched: 8
08-03 18:44:46.375 14199 14199 D Nappa   : STATS Time saved until now: 0.75799996
08-03 18:44:46.573 14199 14226 D Nappa   : PREFETCH_ON_EXTRA - setCurrentActivity - logs - from extra - made prediction istrue
08-03 18:44:46.573 14199 14226 D Nappa   : PREFETCH_ON_EXTRA - setCurrentActivity - logs - from extra - start
08-03 18:44:46.573 14199 14226 D Nappa   : setCurrentActivity - MetricStrategyAccuracy - checking prediction VS current activity for extras
08-03 18:44:46.574 14199 14226 D Nappa   : PREFETCH_ON_EXTRA - setCurrentActivity - logs - from extra- finished
08-03 18:44:46.875 14199 14226 D Nappa   : PREFETCH_ON_EXTRA - setCurrentActivity - starting new prediction
08-03 18:44:46.875 14199 14226 D Nappa   : Current node - currentActivityName - nappagreedy.appteam.nith.hillffair.activities.ClubActivity
08-03 18:44:46.875 14199 14226 D Nappa   : Current node - activityGraph.getCurrent() - nappagreedy.appteam.nith.hillffair.activities.ClubActivity
08-03 18:44:46.876 14199 14226 D Nappa   : PREFETCH_ON_EXTRA - setCurrentActivity - finished new prediction
08-03 18:44:51.081 14199 14199 D Nappa   : Stayed on nappagreedy.appteam.nith.hillffair.activities.ClubActivity for 4706 ms
08-03 18:44:51.089 14199 14199 D Nappa   : setCurrentActivity - MetricStrategyAccuracy - 
08-03 18:44:51.089 14199 14199 D Nappa   : madePredictionFromActivity = true, 
08-03 18:44:51.089 14199 14199 D Nappa   : fromActivity = nappagreedy.appteam.nith.hillffair.activities.ClubActivity, 
08-03 18:44:51.089 14199 14199 D Nappa   : predictedNextActivityFromActivity = [], 
08-03 18:44:51.089 14199 14199 D Nappa   : activity.getClass().getCanonicalName() = nappagreedy.appteam.nith.hillffair.activities.EventActivity, 
08-03 18:44:51.089 14199 14199 D Nappa   : setCurrentActivity - MetricStrategyAccuracy - 
08-03 18:44:51.089 14199 14199 D Nappa   : madePredictionFromExtra = false, 
08-03 18:44:51.089 14199 14199 D Nappa   : fromActivity = nappagreedy.appteam.nith.hillffair.activities.ClubActivity, 
08-03 18:44:51.089 14199 14199 D Nappa   : predictedNextActivityFromExtra = [], 
08-03 18:44:51.089 14199 14199 D Nappa   : activity.getClass().getCanonicalName() = nappagreedy.appteam.nith.hillffair.activities.EventActivity, 
08-03 18:44:51.089 14199 14199 D Nappa   : PREFETCH_ON_EXTRA - setCurrentActivity - logs - from activity - made prediction istrue
08-03 18:44:51.089 14199 14199 D Nappa   : PREFETCH_ON_EXTRA - setCurrentActivity - logs - from activity - start
08-03 18:44:51.090 14199 14199 D Nappa   : PREFETCH_ON_EXTRA - setCurrentActivity - logs - from activity- finished
08-03 18:44:51.190 14199 14199 D Nappa   : registerActivity: (already in) nappagreedy.appteam.nith.hillffair.activities.EventActivity
08-03 18:44:51.191 14199 14199 D Nappa   : SHOULD_PREFETCH false
08-03 18:44:51.191 14199 14199 D Nappa   : STATS Number of requests not prefetched: 9
08-03 18:44:51.191 14199 14199 D Nappa   : STATS Number of requests prefetched: 8
08-03 18:44:51.191 14199 14199 D Nappa   : STATS Time saved until now: 0.75799996
08-03 18:44:51.490 14199 14226 D Nappa   : PREFETCH_ON_EXTRA - setCurrentActivity - logs - from extra - made prediction isfalse
08-03 18:44:53.017 14199 14199 D Nappa   : Stayed on nappagreedy.appteam.nith.hillffair.activities.EventActivity for 1826 ms
08-03 18:44:53.025 14199 14199 D Nappa   : setCurrentActivity - MetricStrategyAccuracy - 
08-03 18:44:53.025 14199 14199 D Nappa   : madePredictionFromActivity = false, 
08-03 18:44:53.025 14199 14199 D Nappa   : fromActivity = nappagreedy.appteam.nith.hillffair.activities.EventActivity, 
08-03 18:44:53.025 14199 14199 D Nappa   : predictedNextActivityFromActivity = [], 
08-03 18:44:53.025 14199 14199 D Nappa   : activity.getClass().getCanonicalName() = nappagreedy.appteam.nith.hillffair.activities.HomeActivity, 
08-03 18:44:53.025 14199 14199 D Nappa   : setCurrentActivity - MetricStrategyAccuracy - 
08-03 18:44:53.025 14199 14199 D Nappa   : madePredictionFromExtra = false, 
08-03 18:44:53.025 14199 14199 D Nappa   : fromActivity = nappagreedy.appteam.nith.hillffair.activities.EventActivity, 
08-03 18:44:53.025 14199 14199 D Nappa   : predictedNextActivityFromExtra = [], 
08-03 18:44:53.025 14199 14199 D Nappa   : activity.getClass().getCanonicalName() = nappagreedy.appteam.nith.hillffair.activities.HomeActivity, 
08-03 18:44:53.025 14199 14199 D Nappa   : PREFETCH_ON_EXTRA - setCurrentActivity - logs - from activity - made prediction isfalse
08-03 18:44:53.126 14199 14199 D Nappa   : registerActivity: (already in) nappagreedy.appteam.nith.hillffair.activities.HomeActivity
08-03 18:44:53.126 14199 14199 D Nappa   : SHOULD_PREFETCH false
08-03 18:44:53.126 14199 14199 D Nappa   : STATS Number of requests not prefetched: 9
08-03 18:44:53.126 14199 14199 D Nappa   : STATS Number of requests prefetched: 8
08-03 18:44:53.126 14199 14199 D Nappa   : STATS Time saved until now: 0.75799996
08-03 18:44:53.426 14199 14226 D Nappa   : PREFETCH_ON_EXTRA - setCurrentActivity - logs - from extra - made prediction isfalse
08-03 18:44:54.940 14199 14199 D Nappa   : Stayed on nappagreedy.appteam.nith.hillffair.activities.HomeActivity for 1814 ms
08-03 18:44:54.965 14199 14199 D Nappa   : TAG okHttpClient initialized
08-03 18:44:54.975 14199 14199 D Nappa   : setCurrentActivity - MetricStrategyAccuracy - 
08-03 18:44:54.975 14199 14199 D Nappa   : madePredictionFromActivity = false, 
08-03 18:44:54.975 14199 14199 D Nappa   : fromActivity = nappagreedy.appteam.nith.hillffair.activities.HomeActivity, 
08-03 18:44:54.975 14199 14199 D Nappa   : predictedNextActivityFromActivity = [], 
08-03 18:44:54.975 14199 14199 D Nappa   : activity.getClass().getCanonicalName() = nappagreedy.appteam.nith.hillffair.activities.EventActivity, 
08-03 18:44:54.976 14199 14199 D Nappa   : setCurrentActivity - MetricStrategyAccuracy - 
08-03 18:44:54.976 14199 14199 D Nappa   : madePredictionFromExtra = false, 
08-03 18:44:54.976 14199 14199 D Nappa   : fromActivity = nappagreedy.appteam.nith.hillffair.activities.HomeActivity, 
08-03 18:44:54.976 14199 14199 D Nappa   : predictedNextActivityFromExtra = [], 
08-03 18:44:54.976 14199 14199 D Nappa   : activity.getClass().getCanonicalName() = nappagreedy.appteam.nith.hillffair.activities.EventActivity, 
08-03 18:44:54.976 14199 14199 D Nappa   : PREFETCH_ON_EXTRA - setCurrentActivity - logs - from activity - made prediction isfalse
08-03 18:44:54.976 14199 18033 D Nappa   : F1_SCORE add_intercept_url - (already in) - https://api-hillfair-2k16.herokuapp.com/api/app/club
08-03 18:44:54.976 14199 18033 D Nappa   : F1_SCORE add_fn_url - (already in) - https://api-hillfair-2k16.herokuapp.com/api/app/club
08-03 18:44:54.976 14199 18033 D Nappa   : -------------F1_SCORE #44 -----------
08-03 18:44:54.977 14199 18033 D Nappa   : F1_SCORE - Intercept list (9)= [https://api-hillfair-2k16.herokuapp.com/api/app/events/special, https://api-hillfair-2k16.herokuapp.com/api/app/events/special/event?id=5806551bdcba0f490c70fd1f, https://api-hillfair-2k16.herokuapp.com/api/app/events/special/event?id=580655cddcba0f490c70fdd0, https://api-hillfair-2k16.herokuapp.com/api/app/events/special/event?id=58065620dcba0f490c70fe09, https://api-hillfair-2k16.herokuapp.com/api/app/quiz/leaderboard?from=1, https://api-hillfair-2k16.herokuapp.com/api/app/club, https://api-hillfair-2k16.herokuapp.com/api/app/club/PR%20Club, https://api-hillfair-2k16.herokuapp.com/api/app/club/Design%20and%20Decoration%20Club, https://api-hillfair-2k16.herokuapp.com/api/app/club/Technical%20Committee]
08-03 18:44:54.977 14199 18033 D Nappa   : F1_SCORE - Prefetch list (2)= [https://api-hillfair-2k16.herokuapp.com/api/app/events/special/event?id=58065620dcba0f490c70fe09, https://api-hillfair-2k16.herokuapp.com/api/app/events/special/event?id=5806551bdcba0f490c70fd1f]
08-03 18:44:54.977 14199 18033 D Nappa   : F1_SCORE - TP list (2)= [https://api-hillfair-2k16.herokuapp.com/api/app/events/special/event?id=58065620dcba0f490c70fe09, https://api-hillfair-2k16.herokuapp.com/api/app/events/special/event?id=5806551bdcba0f490c70fd1f]
08-03 18:44:54.977 14199 18033 D Nappa   : F1_SCORE - FN list (7)= [https://api-hillfair-2k16.herokuapp.com/api/app/events/special, https://api-hillfair-2k16.herokuapp.com/api/app/events/special/event?id=580655cddcba0f490c70fdd0, https://api-hillfair-2k16.herokuapp.com/api/app/quiz/leaderboard?from=1, https://api-hillfair-2k16.herokuapp.com/api/app/club, https://api-hillfair-2k16.herokuapp.com/api/app/club/PR%20Club, https://api-hillfair-2k16.herokuapp.com/api/app/club/Design%20and%20Decoration%20Club, https://api-hillfair-2k16.herokuapp.com/api/app/club/Technical%20Committee]
08-03 18:44:55.076 14199 14199 D Nappa   : registerActivity: (already in) nappagreedy.appteam.nith.hillffair.activities.EventActivity
08-03 18:44:55.076 14199 14226 D Nappa   : registerActivity: (already in) nappagreedy.appteam.nith.hillffair.activities.EventActivity
08-03 18:44:55.076 14199 14226 D Nappa   : PARENTS 
08-03 18:44:55.076 14199 14226 D Nappa   : Of: nappagreedy.appteam.nith.hillffair.activities.EventActivity -> 
08-03 18:44:55.077 14199 14226 D Nappa   : PARENTS nappagreedy.appteam.nith.hillffair.activities.HomeActivity
08-03 18:44:55.077 14199 14226 D Nappa   : PARENTS nappagreedy.appteam.nith.hillffair.activities.SplashActivity
08-03 18:44:55.077 14199 14199 D Nappa   : SHOULD_PREFETCH true
08-03 18:44:55.177 14199 14199 D Nappa   : registerActivity: (already in) nappagreedy.appteam.nith.hillffair.activities.EventActivity
08-03 18:44:55.177 14199 14199 D Nappa   : SUCCESSORS nappagreedy.appteam.nith.hillffair.activities.ClubActivity
08-03 18:44:55.177 14199 14199 D Nappa   : STATS Number of requests not prefetched: 9
08-03 18:44:55.177 14199 14199 D Nappa   : STATS Number of requests prefetched: 9
08-03 18:44:55.177 14199 14199 D Nappa   : STATS Time saved until now: 0.88699996
08-03 18:44:55.376 14199 14226 D Nappa   : PREFETCH_ON_EXTRA - setCurrentActivity - logs - from extra - made prediction isfalse
08-03 18:44:55.677 14199 14226 D Nappa   : PREFETCH_ON_EXTRA - setCurrentActivity - starting new prediction
08-03 18:44:55.678 14199 14226 D Nappa   : Current node - currentActivityName - nappagreedy.appteam.nith.hillffair.activities.EventActivity
08-03 18:44:55.678 14199 14226 D Nappa   : Current node - activityGraph.getCurrent() - nappagreedy.appteam.nith.hillffair.activities.EventActivity
08-03 18:44:55.680 14199 14226 D Nappa   : PREFETCH_ON_EXTRA - setCurrentActivity - finished new prediction
08-03 18:44:59.865 14199 14226 D Nappa   : PREFETCH_ON_EXTRA - notifyExtras- start
08-03 18:44:59.867 14199 14226 D Nappa   : PREFETCH_ON_EXTRA - notifyExtras- end
08-03 18:44:59.867 14199 14226 D Nappa   : PREFSTRAT2 ADDING NEW ACTEXTRADATA
08-03 18:44:59.877 14199 14199 D Nappa   : Stayed on nappagreedy.appteam.nith.hillffair.activities.EventActivity for 4700 ms
08-03 18:44:59.914 14199 14199 D Nappa   : TAG okHttpClient initialized
08-03 18:44:59.921 14199 14199 D Nappa   : setCurrentActivity - MetricStrategyAccuracy - 
08-03 18:44:59.921 14199 14199 D Nappa   : madePredictionFromActivity = true, 
08-03 18:44:59.921 14199 14199 D Nappa   : fromActivity = nappagreedy.appteam.nith.hillffair.activities.EventActivity, 
08-03 18:44:59.921 14199 14199 D Nappa   : predictedNextActivityFromActivity = [nappagreedy.appteam.nith.hillffair.activities.ClubActivity], 
08-03 18:44:59.921 14199 14199 D Nappa   : activity.getClass().getCanonicalName() = nappagreedy.appteam.nith.hillffair.activities.ClubActivity, 
08-03 18:44:59.921 14199 14199 D Nappa   : setCurrentActivity - MetricStrategyAccuracy - 
08-03 18:44:59.921 14199 14199 D Nappa   : madePredictionFromExtra = true, 
08-03 18:44:59.921 14199 14199 D Nappa   : fromActivity = nappagreedy.appteam.nith.hillffair.activities.EventActivity, 
08-03 18:44:59.921 14199 14199 D Nappa   : predictedNextActivityFromExtra = [nappagreedy.appteam.nith.hillffair.activities.ClubActivity], 
08-03 18:44:59.921 14199 14199 D Nappa   : activity.getClass().getCanonicalName() = nappagreedy.appteam.nith.hillffair.activities.ClubActivity, 
08-03 18:44:59.921 14199 14199 D Nappa   : PREFETCH_ON_EXTRA - setCurrentActivity - logs - from activity - made prediction istrue
08-03 18:44:59.921 14199 18171 D Nappa   : F1_SCORE add_intercept_url - (already in) - https://api-hillfair-2k16.herokuapp.com/api/app/club/Technical%20Committee
08-03 18:44:59.921 14199 14199 D Nappa   : PREFETCH_ON_EXTRA - setCurrentActivity - logs - from activity - start
08-03 18:44:59.921 14199 18171 D Nappa   : F1_SCORE add_fn_url - (already in) - https://api-hillfair-2k16.herokuapp.com/api/app/club/Technical%20Committee
08-03 18:44:59.921 14199 14199 D Nappa   : setCurrentActivity - MetricStrategyAccuracy - checking prediction VS current activity for activities
08-03 18:44:59.921 14199 18171 D Nappa   : -------------F1_SCORE #45 -----------
08-03 18:44:59.922 14199 18171 D Nappa   : F1_SCORE - Intercept list (9)= [https://api-hillfair-2k16.herokuapp.com/api/app/events/special, https://api-hillfair-2k16.herokuapp.com/api/app/events/special/event?id=5806551bdcba0f490c70fd1f, https://api-hillfair-2k16.herokuapp.com/api/app/events/special/event?id=580655cddcba0f490c70fdd0, https://api-hillfair-2k16.herokuapp.com/api/app/events/special/event?id=58065620dcba0f490c70fe09, https://api-hillfair-2k16.herokuapp.com/api/app/quiz/leaderboard?from=1, https://api-hillfair-2k16.herokuapp.com/api/app/club, https://api-hillfair-2k16.herokuapp.com/api/app/club/PR%20Club, https://api-hillfair-2k16.herokuapp.com/api/app/club/Design%20and%20Decoration%20Club, https://api-hillfair-2k16.herokuapp.com/api/app/club/Technical%20Committee]
08-03 18:44:59.922 14199 18171 D Nappa   : F1_SCORE - Prefetch list (2)= [https://api-hillfair-2k16.herokuapp.com/api/app/events/special/event?id=58065620dcba0f490c70fe09, https://api-hillfair-2k16.herokuapp.com/api/app/events/special/event?id=5806551bdcba0f490c70fd1f]
08-03 18:44:59.922 14199 14199 D Nappa   : PREFETCH_ON_EXTRA - setCurrentActivity - logs - from activity- finished
08-03 18:44:59.922 14199 18171 D Nappa   : F1_SCORE - TP list (2)= [https://api-hillfair-2k16.herokuapp.com/api/app/events/special/event?id=58065620dcba0f490c70fe09, https://api-hillfair-2k16.herokuapp.com/api/app/events/special/event?id=5806551bdcba0f490c70fd1f]
08-03 18:44:59.922 14199 18171 D Nappa   : F1_SCORE - FN list (7)= [https://api-hillfair-2k16.herokuapp.com/api/app/events/special, https://api-hillfair-2k16.herokuapp.com/api/app/events/special/event?id=580655cddcba0f490c70fdd0, https://api-hillfair-2k16.herokuapp.com/api/app/quiz/leaderboard?from=1, https://api-hillfair-2k16.herokuapp.com/api/app/club, https://api-hillfair-2k16.herokuapp.com/api/app/club/PR%20Club, https://api-hillfair-2k16.herokuapp.com/api/app/club/Design%20and%20Decoration%20Club, https://api-hillfair-2k16.herokuapp.com/api/app/club/Technical%20Committee]
08-03 18:45:00.021 14199 14226 D Nappa   : registerActivity: (already in) nappagreedy.appteam.nith.hillffair.activities.EventActivity
08-03 18:45:00.022 14199 14226 D Nappa   : PARENTS 
08-03 18:45:00.022 14199 14226 D Nappa   : Of: nappagreedy.appteam.nith.hillffair.activities.EventActivity -> 
08-03 18:45:00.022 14199 14226 D Nappa   : PARENTS nappagreedy.appteam.nith.hillffair.activities.HomeActivity
08-03 18:45:00.022 14199 14226 D Nappa   : PARENTS nappagreedy.appteam.nith.hillffair.activities.SplashActivity
08-03 18:45:00.022 14199 14199 D Nappa   : registerActivity: (already in) nappagreedy.appteam.nith.hillffair.activities.ClubActivity
08-03 18:45:00.022 14199 14199 D Nappa   : SHOULD_PREFETCH true
08-03 18:45:00.123 14199 14199 D Nappa   : registerActivity: (already in) nappagreedy.appteam.nith.hillffair.activities.ClubActivity
08-03 18:45:00.123 14199 14199 D Nappa   : STATS Number of requests not prefetched: 9
08-03 18:45:00.123 14199 14199 D Nappa   : STATS Number of requests prefetched: 10
08-03 18:45:00.123 14199 14199 D Nappa   : STATS Time saved until now: 0.92099994
08-03 18:45:00.322 14199 14226 D Nappa   : PREFETCH_ON_EXTRA - setCurrentActivity - logs - from extra - made prediction istrue
08-03 18:45:00.323 14199 14226 D Nappa   : PREFETCH_ON_EXTRA - setCurrentActivity - logs - from extra - start
08-03 18:45:00.323 14199 14226 D Nappa   : setCurrentActivity - MetricStrategyAccuracy - checking prediction VS current activity for extras
08-03 18:45:00.323 14199 14226 D Nappa   : PREFETCH_ON_EXTRA - setCurrentActivity - logs - from extra- finished
08-03 18:45:00.623 14199 14226 D Nappa   : PREFETCH_ON_EXTRA - setCurrentActivity - starting new prediction
08-03 18:45:00.623 14199 14226 D Nappa   : Current node - currentActivityName - nappagreedy.appteam.nith.hillffair.activities.ClubActivity
08-03 18:45:00.623 14199 14226 D Nappa   : Current node - activityGraph.getCurrent() - nappagreedy.appteam.nith.hillffair.activities.ClubActivity
08-03 18:45:00.624 14199 14226 D Nappa   : PREFETCH_ON_EXTRA - setCurrentActivity - finished new prediction
08-03 18:45:04.794 14199 14199 D Nappa   : Stayed on nappagreedy.appteam.nith.hillffair.activities.ClubActivity for 4671 ms
08-03 18:45:04.802 14199 14199 D Nappa   : setCurrentActivity - MetricStrategyAccuracy - 
08-03 18:45:04.802 14199 14199 D Nappa   : madePredictionFromActivity = true, 
08-03 18:45:04.802 14199 14199 D Nappa   : fromActivity = nappagreedy.appteam.nith.hillffair.activities.ClubActivity, 
08-03 18:45:04.802 14199 14199 D Nappa   : predictedNextActivityFromActivity = [], 
08-03 18:45:04.802 14199 14199 D Nappa   : activity.getClass().getCanonicalName() = nappagreedy.appteam.nith.hillffair.activities.EventActivity, 
08-03 18:45:04.802 14199 14199 D Nappa   : setCurrentActivity - MetricStrategyAccuracy - 
08-03 18:45:04.802 14199 14199 D Nappa   : madePredictionFromExtra = false, 
08-03 18:45:04.802 14199 14199 D Nappa   : fromActivity = nappagreedy.appteam.nith.hillffair.activities.ClubActivity, 
08-03 18:45:04.802 14199 14199 D Nappa   : predictedNextActivityFromExtra = [], 
08-03 18:45:04.802 14199 14199 D Nappa   : activity.getClass().getCanonicalName() = nappagreedy.appteam.nith.hillffair.activities.EventActivity, 
08-03 18:45:04.802 14199 14199 D Nappa   : PREFETCH_ON_EXTRA - setCurrentActivity - logs - from activity - made prediction istrue
08-03 18:45:04.803 14199 14199 D Nappa   : PREFETCH_ON_EXTRA - setCurrentActivity - logs - from activity - start
08-03 18:45:04.803 14199 14199 D Nappa   : PREFETCH_ON_EXTRA - setCurrentActivity - logs - from activity- finished
08-03 18:45:04.903 14199 14199 D Nappa   : registerActivity: (already in) nappagreedy.appteam.nith.hillffair.activities.EventActivity
08-03 18:45:04.903 14199 14199 D Nappa   : SHOULD_PREFETCH false
08-03 18:45:04.904 14199 14199 D Nappa   : STATS Number of requests not prefetched: 9
08-03 18:45:04.904 14199 14199 D Nappa   : STATS Number of requests prefetched: 10
08-03 18:45:04.904 14199 14199 D Nappa   : STATS Time saved until now: 0.92099994
08-03 18:45:05.203 14199 14226 D Nappa   : PREFETCH_ON_EXTRA - setCurrentActivity - logs - from extra - made prediction isfalse
08-03 18:45:06.726 14199 14199 D Nappa   : Stayed on nappagreedy.appteam.nith.hillffair.activities.EventActivity for 1822 ms
08-03 18:45:06.733 14199 14199 D Nappa   : setCurrentActivity - MetricStrategyAccuracy - 
08-03 18:45:06.733 14199 14199 D Nappa   : madePredictionFromActivity = false, 
08-03 18:45:06.733 14199 14199 D Nappa   : fromActivity = nappagreedy.appteam.nith.hillffair.activities.EventActivity, 
08-03 18:45:06.733 14199 14199 D Nappa   : predictedNextActivityFromActivity = [], 
08-03 18:45:06.733 14199 14199 D Nappa   : activity.getClass().getCanonicalName() = nappagreedy.appteam.nith.hillffair.activities.HomeActivity, 
08-03 18:45:06.733 14199 14199 D Nappa   : setCurrentActivity - MetricStrategyAccuracy - 
08-03 18:45:06.733 14199 14199 D Nappa   : madePredictionFromExtra = false, 
08-03 18:45:06.733 14199 14199 D Nappa   : fromActivity = nappagreedy.appteam.nith.hillffair.activities.EventActivity, 
08-03 18:45:06.733 14199 14199 D Nappa   : predictedNextActivityFromExtra = [], 
08-03 18:45:06.733 14199 14199 D Nappa   : activity.getClass().getCanonicalName() = nappagreedy.appteam.nith.hillffair.activities.HomeActivity, 
08-03 18:45:06.733 14199 14199 D Nappa   : PREFETCH_ON_EXTRA - setCurrentActivity - logs - from activity - made prediction isfalse
08-03 18:45:06.833 14199 14199 D Nappa   : registerActivity: (already in) nappagreedy.appteam.nith.hillffair.activities.HomeActivity
08-03 18:45:06.834 14199 14199 D Nappa   : SHOULD_PREFETCH false
08-03 18:45:06.834 14199 14199 D Nappa   : STATS Number of requests not prefetched: 9
08-03 18:45:06.834 14199 14199 D Nappa   : STATS Number of requests prefetched: 10
08-03 18:45:06.834 14199 14199 D Nappa   : STATS Time saved until now: 0.92099994
08-03 18:45:07.133 14199 14226 D Nappa   : PREFETCH_ON_EXTRA - setCurrentActivity - logs - from extra - made prediction isfalse
