08-04 18:11:49.628 10284 10354 I art     : Explicit concurrent mark sweep GC freed 17(624B) AllocSpace objects, 0(0B) LOS objects, 34% free, 30MB/46MB, paused 400us total 38.587ms
08-04 18:11:49.634 10284 10284 D Nappa   : registerActivity: (already in) nappagreedy.org.quantumbadger.redreader.activities.PostListingActivity
08-04 18:11:49.635 10284 10284 D ActivityGraph: LARDataCalculatedUpdate nappagreedy.org.quantumbadger.redreader.activities.PostListingActivity Pagerank: 0.25 HITS-Authority: 1.0 HITS-Hub: 1.0 SALSA-Authority: 1.0 SALSA-Hub: 1.0
08-04 18:11:49.635 10284 10284 D Nappa   : SHOULD_PREFETCH false
08-04 18:11:49.635 10284 10284 D Nappa   : STATS Number of requests not prefetched: 4
08-04 18:11:49.635 10284 10284 D Nappa   : STATS Number of requests prefetched: 0
08-04 18:11:49.635 10284 10284 D Nappa   : STATS Time saved until now: 0.0
08-04 18:11:49.645 10284 10354 I art     : Starting a blocking GC Explicit
08-04 18:11:49.658 10284 10284 D ActivityNode: Observer - visit time - CommentListingActivity - New aggregate visit time found is 187535 ms
08-04 18:11:49.660 13866 13866 I GoogleInputMethodServic: GoogleInputMethodService.onFinishInput():3138 
08-04 18:11:49.660 13866 13866 I GoogleInputMethodServic: GoogleInputMethodService.onStartInput():1808 
08-04 18:11:49.684 10284 10354 I art     : Explicit concurrent mark sweep GC freed 265(16KB) AllocSpace objects, 0(0B) LOS objects, 34% free, 30MB/46MB, paused 373us total 39.509ms
08-04 18:11:49.775 10284 11112 I RedditChangeDataIO: Writing tmp data file at '/data/user/0/nappagreedy.org.quantumbadger.redreader/files/rr_change_data_tmp.dat'
08-04 18:11:49.776 10284 11112 I RedditChangeDataManager: Taking snapshot...
08-04 18:11:49.776 10284 11112 I RedditChangeDataManager: Writing to stream...
08-04 18:11:49.776 10284 11112 I RedditChangeDataManager: Wrote 1 entries for user ''
08-04 18:11:49.776 10284 11112 I RedditChangeDataManager: All entries written to stream.
08-04 18:11:49.776 10284 11112 I RedditChangeDataIO: Write successful. Atomically replacing data file...
08-04 18:11:49.776 10284 11112 I RedditChangeDataIO: Write complete.
08-04 18:11:49.777 10284 11112 I RedditChangeDataIO: 38 bytes written in 2 ms
08-04 18:11:49.934 10284 10307 D Nappa   : PREFETCH_ON_EXTRA - setCurrentActivity - logs - from extra - made prediction isfalse
08-04 18:11:49.954 10284 10354 I art     : Starting a blocking GC Explicit
08-04 18:11:49.989   380   380 W SurfaceFlinger: couldn't log to binary event log: overflow.
08-04 18:11:49.989 10284 10284 D NappaLifecycleObserver: nappagreedy.org.quantumbadger.redreader.activities.CommentListingActivity - onDestroy
08-04 18:11:49.989 10284 10284 D NappaLifecycleObserver: -------------F1_SCORE #3 -----------
08-04 18:11:49.990 10284 10284 D NappaLifecycleObserver: F1_SCORE - Intercept list (3)= [https://oauth.reddit.com/r/askscience/about.json, https://oauth.reddit.com/r/askscience/hot/.json, https://oauth.reddit.com/comments/gvc7k9/.json?sort=confidence]
08-04 18:11:49.990 10284 10284 D NappaLifecycleObserver: F1_SCORE - Prefetch list (0)= []
08-04 18:11:49.990 10284 10284 D NappaLifecycleObserver: F1_SCORE - TP list (0)= []
08-04 18:11:49.990 10284 10284 D NappaLifecycleObserver: F1_SCORE - FN list (3)= [https://oauth.reddit.com/r/askscience/about.json, https://oauth.reddit.com/r/askscience/hot/.json, https://oauth.reddit.com/comments/gvc7k9/.json?sort=confidence]
08-04 18:11:49.990 10284 10284 I NAPPA_EXPERIMENTATION: MetricPrefetchingAccuracy: LOG_ID='4',F1_SCORE_1='0.0',F1_SCORE_2='0.0',TRUE_POSITIVE='0',FALSE_POSITIVE='0',FALSE_NEGATIVE='3',
08-04 18:11:50.007 10284 10354 I art     : Explicit concurrent mark sweep GC freed 1931(112KB) AllocSpace objects, 2(88KB) LOS objects, 34% free, 30MB/46MB, paused 461us total 52.183ms
08-04 18:11:50.023 10284 10354 I art     : Starting a blocking GC Explicit
08-04 18:11:50.065 10284 10354 I art     : Explicit concurrent mark sweep GC freed 55(2176B) AllocSpace objects, 0(0B) LOS objects, 34% free, 30MB/46MB, paused 352us total 41.187ms
08-04 18:11:50.080 10284 10354 I art     : Starting a blocking GC Explicit
08-04 18:11:50.116 10284 10354 I art     : Explicit concurrent mark sweep GC freed 47048(2MB) AllocSpace objects, 5(140KB) LOS objects, 37% free, 26MB/42MB, paused 332us total 36.238ms
08-04 18:11:50.130 10284 10354 I art     : Starting a blocking GC Explicit
08-04 18:11:50.162 10284 10354 I art     : Explicit concurrent mark sweep GC freed 68(2272B) AllocSpace objects, 0(0B) LOS objects, 37% free, 26MB/42MB, paused 331us total 31.686ms
08-04 18:11:50.175 10284 10354 I art     : Starting a blocking GC Explicit
08-04 18:11:50.208 10284 10354 I art     : Explicit concurrent mark sweep GC freed 3(96B) AllocSpace objects, 0(0B) LOS objects, 37% free, 26MB/42MB, paused 356us total 32.414ms
08-04 18:11:50.502 10284 10730 I art     : Starting a blocking GC Explicit
08-04 18:11:50.507   918 13198 D NetlinkSocketObserver: NeighborEvent{elapsedMs=1711314382, 192.168.2.254, [7C3953A63323], RTM_NEWNEIGH, NUD_STALE}
08-04 18:11:50.546 10284 10730 I art     : Explicit concurrent mark sweep GC freed 1548(90KB) AllocSpace objects, 1(20KB) LOS objects, 37% free, 26MB/42MB, paused 355us total 44.092ms
08-04 18:11:50.561 10284 10730 I art     : Starting a blocking GC Explicit
08-04 18:11:50.595 10284 10730 I art     : Explicit concurrent mark sweep GC freed 28(1024B) AllocSpace objects, 0(0B) LOS objects, 37% free, 26MB/42MB, paused 328us total 33.546ms
08-04 18:11:50.609 10284 10730 I art     : Starting a blocking GC Explicit
08-04 18:11:50.642 10284 10730 I art     : Explicit concurrent mark sweep GC freed 3(96B) AllocSpace objects, 0(0B) LOS objects, 37% free, 26MB/42MB, paused 314us total 33.153ms
08-04 18:11:50.656 10284 10730 I art     : Starting a blocking GC Explicit
08-04 18:11:50.689 10284 10730 I art     : Explicit concurrent mark sweep GC freed 3(96B) AllocSpace objects, 0(0B) LOS objects, 37% free, 26MB/42MB, paused 335us total 32.834ms
08-04 18:11:50.703 10284 10730 I art     : Starting a blocking GC Explicit
08-04 18:11:50.736 10284 10730 I art     : Explicit concurrent mark sweep GC freed 3(96B) AllocSpace objects, 0(0B) LOS objects, 37% free, 26MB/42MB, paused 327us total 33.460ms
08-04 18:11:51.002 10284 10298 I art     : Starting a blocking GC Explicit
08-04 18:11:51.035 10284 10298 I art     : Explicit concurrent mark sweep GC freed 1547(90KB) AllocSpace objects, 1(20KB) LOS objects, 37% free, 26MB/42MB, paused 376us total 33.382ms
08-04 18:11:51.049 10284 10298 I art     : Starting a blocking GC Explicit
08-04 18:11:51.082 10284 10298 I art     : Explicit concurrent mark sweep GC freed 28(1024B) AllocSpace objects, 0(0B) LOS objects, 37% free, 26MB/42MB, paused 355us total 32.961ms
08-04 18:11:51.096 10284 10298 I art     : Starting a blocking GC Explicit
08-04 18:11:51.128 10284 10298 I art     : Explicit concurrent mark sweep GC freed 3(96B) AllocSpace objects, 0(0B) LOS objects, 37% free, 26MB/42MB, paused 343us total 31.797ms
08-04 18:11:51.141 10284 10298 I art     : Starting a blocking GC Explicit
08-04 18:11:51.173 10284 10298 I art     : Explicit concurrent mark sweep GC freed 3(96B) AllocSpace objects, 0(0B) LOS objects, 37% free, 26MB/42MB, paused 338us total 31.885ms
08-04 18:11:51.181 11219 11219 D AndroidRuntime: >>>>>> START com.android.internal.os.RuntimeInit uid 2000 <<<<<<
08-04 18:11:51.185 11219 11219 D AndroidRuntime: CheckJNI is OFF
08-04 18:11:51.188 10284 10298 I art     : Starting a blocking GC Explicit
08-04 18:11:51.219 10284 10298 I art     : Explicit concurrent mark sweep GC freed 3(96B) AllocSpace objects, 0(0B) LOS objects, 37% free, 26MB/42MB, paused 347us total 30.954ms
08-04 18:11:51.220 11219 11219 D ICU     : No timezone override file found: /data/misc/zoneinfo/current/icu/icu_tzdata.dat
08-04 18:11:51.256 11219 11219 I Radio-JNI: register_android_hardware_Radio DONE
08-04 18:11:51.278 11219 11219 D AndroidRuntime: Calling main entry com.android.commands.input.Input
08-04 18:11:51.280 11219 11219 I Input   : injectMotionEvent: MotionEvent { action=ACTION_DOWN, actionButton=0, id[0]=0, x[0]=600.0, y[0]=950.0, toolType[0]=TOOL_TYPE_UNKNOWN, buttonState=0, metaState=0, flags=0x0, edgeFlags=0x0, pointerCount=1, historySize=0, eventTime=727927692, downTime=727927692, deviceId=0, source=0x1002 }
08-04 18:11:51.286 11219 11219 I Input   : injectMotionEvent: MotionEvent { action=ACTION_UP, actionButton=0, id[0]=0, x[0]=600.0, y[0]=950.0, toolType[0]=TOOL_TYPE_UNKNOWN, buttonState=0, metaState=0, flags=0x0, edgeFlags=0x0, pointerCount=1, historySize=0, eventTime=727927692, downTime=727927692, deviceId=0, source=0x1002 }
08-04 18:11:51.287 11219 11219 D AndroidRuntime: Shutting down VM
08-04 18:11:51.294   512  2967 D audio_hw_primary: out_set_parameters: enter: usecase(1: low-latency-playback) kvpairs: routing=2
08-04 18:11:51.297 10284 10284 D NappaIntentExtras: ==================
08-04 18:11:51.298 10284 10284 D NappaIntentExtras: Log #4
08-04 18:11:51.298 10284 10284 D NappaIntentExtras: ------------------
08-04 18:11:51.298 10284 10284 D NappaIntentExtras: activity nappagreedy.org.quantumbadger.redreader.activities.ImageViewActivity
08-04 18:11:51.298 10284 10284 D NappaIntentExtras: 	- No extras registered
08-04 18:11:51.298 10284 10284 D NappaIntentExtras: activity nappagreedy.org.quantumbadger.redreader.activities.WebViewActivity
08-04 18:11:51.298 10284 10284 D NappaIntentExtras: 	- No extras registered
08-04 18:11:51.298 10284 10284 D NappaIntentExtras: activity nappagreedy.org.quantumbadger.redreader.activities.PostListingActivity
08-04 18:11:51.298 10284 10284 D NappaIntentExtras: 	- No extras registered
08-04 18:11:51.298 10284 10284 D NappaIntentExtras: activity nappagreedy.org.quantumbadger.redreader.activities.CommentListingActivity
08-04 18:11:51.298 10284 10284 D NappaIntentExtras: 	- No extras registered
08-04 18:11:51.298 10284 10284 D NappaIntentExtras: activity nappagreedy.org.quantumbadger.redreader.activities.MainActivity
08-04 18:11:51.298 10284 10284 D NappaIntentExtras: 	- No extras registered
08-04 18:11:51.298 10284 10284 D NappaIntentExtras: ==================
08-04 18:11:51.299   918  6111 I ActivityManager: START u0 {dat=https://oauth.reddit.com/... cmp=nappagreedy.org.quantumbadger.redreader/.activities.CommentListingActivity} from uid 10669 on display 0
08-04 18:11:51.308   512  2967 D audio_hw_primary: select_devices: out_snd_device(2: speaker) in_snd_device(0: none)
08-04 18:11:51.308   512  2967 D msm8974_platform: platform_send_audio_calibration: sending audio calibration for snd_device(2) acdb_id(15)
08-04 18:11:51.309   512  2967 I soundtrigger: audio_extn_sound_trigger_update_device_status: device 0x2 of type 0 for Event 1
08-04 18:11:51.310 10284 10284 D NappaLifecycleObserver: nappagreedy.org.quantumbadger.redreader.activities.PostListingActivity - onPause
08-04 18:11:51.311 10284 10284 D Nappa   : Stayed on nappagreedy.org.quantumbadger.redreader.activities.PostListingActivity for 1676 ms
08-04 18:11:51.321   512  2967 D audio_hw_primary: enable_snd_device: snd_device(2: speaker)
08-04 18:11:51.323   512  2967 D audio_hw_primary: enable_audio_route: apply and update mixer path: low-latency-playback speaker
08-04 18:11:51.325 10284 10284 I AppCompatViewInflater: app:theme is now deprecated. Please move to using android:theme instead.
08-04 18:11:51.339 10284 10284 D NappaLifecycleObserver: nappagreedy.org.quantumbadger.redreader.activities.CommentListingActivity - onResume
08-04 18:11:51.339 10284 10284 D Nappa   : setCurrentActivity - MetricStrategyAccuracy - 
08-04 18:11:51.339 10284 10284 D Nappa   : madePredictionFromActivity = false, 
08-04 18:11:51.339 10284 10284 D Nappa   : fromActivity = nappagreedy.org.quantumbadger.redreader.activities.PostListingActivity, 
08-04 18:11:51.339 10284 10284 D Nappa   : predictedNextActivityFromActivity = [], 
08-04 18:11:51.339 10284 10284 D Nappa   : activity.getClass().getCanonicalName() = nappagreedy.org.quantumbadger.redreader.activities.CommentListingActivity, 
08-04 18:11:51.340 10284 10284 D Nappa   : setCurrentActivity - MetricStrategyAccuracy - 
08-04 18:11:51.340 10284 10284 D Nappa   : madePredictionFromExtra = false, 
08-04 18:11:51.340 10284 10284 D Nappa   : fromActivity = nappagreedy.org.quantumbadger.redreader.activities.PostListingActivity, 
08-04 18:11:51.340 10284 10284 D Nappa   : predictedNextActivityFromExtra = [], 
08-04 18:11:51.340 10284 10284 D Nappa   : activity.getClass().getCanonicalName() = nappagreedy.org.quantumbadger.redreader.activities.CommentListingActivity, 
08-04 18:11:51.340 10284 10284 D Nappa   : PREFETCH_ON_EXTRA - setCurrentActivity - logs - from activity - made prediction isfalse
08-04 18:11:51.341 10284 11244 D OK      : calling: https://oauth.reddit.com/comments/hwnhe2/.json?sort=confidence
08-04 18:11:51.341 10284 11244 D CustomInterceptor: NETWORK-PROVIDER https://oauth.reddit.com/comments/hwnhe2/.json?sort=confidence
08-04 18:11:51.341 10284 11244 D Nappa   : F1_SCORE add_intercept_url - (new) - https://oauth.reddit.com/comments/hwnhe2/.json?sort=confidence
08-04 18:11:51.341 10284 11244 D Nappa   : F1_SCORE add_fn_url - (new) - https://oauth.reddit.com/comments/hwnhe2/.json?sort=confidence
08-04 18:11:51.341 10284 11244 D Nappa   : -------------F1_SCORE #4 -----------
08-04 18:11:51.342 10284 11244 D Nappa   : F1_SCORE - Intercept list (4)= [https://oauth.reddit.com/r/askscience/about.json, https://oauth.reddit.com/r/askscience/hot/.json, https://oauth.reddit.com/comments/gvc7k9/.json?sort=confidence, https://oauth.reddit.com/comments/hwnhe2/.json?sort=confidence]
08-04 18:11:51.342 10284 11244 D Nappa   : F1_SCORE - Prefetch list (0)= []
08-04 18:11:51.342 10284 11244 D Nappa   : F1_SCORE - TP list (0)= []
08-04 18:11:51.342 10284 11244 D Nappa   : F1_SCORE - FN list (4)= [https://oauth.reddit.com/r/askscience/about.json, https://oauth.reddit.com/r/askscience/hot/.json, https://oauth.reddit.com/comments/gvc7k9/.json?sort=confidence, https://oauth.reddit.com/comments/hwnhe2/.json?sort=confidence]
08-04 18:11:51.342 10284 11244 I NAPPA_EXPERIMENTATION: MetricPrefetchingAccuracy: LOG_ID='5',F1_SCORE_1='0.0',F1_SCORE_2='0.0',TRUE_POSITIVE='0',FALSE_POSITIVE='0',FALSE_NEGATIVE='4',
08-04 18:11:51.342 10284 11244 D CustomInterceptor: HEADER REQUEST
08-04 18:11:51.342 10284 11244 D CustomInterceptor: Authorization bearer -vv7wE75CCVZuUmgJJFxR34x-bqc
08-04 18:11:51.342 10284 11244 D CustomInterceptor: Cache-Control max-age=300, max-stale=300
08-04 18:11:51.342 10284 11244 D CustomInterceptor: User-Agent nappagreedy.org.quantumbadger.redreader/1.9.10
08-04 18:11:51.342 10284 11244 D CustomInterceptor: CACHED STATS: size = '3', maxSize = '100', hitCount = '3', createCount = '0', putCount = '3', evictionCount = '0', missCount = '4', toString = 'LruCache[maxSize=100,hits=3,misses=4,hitRate=42%]', 
08-04 18:11:51.342 10284 11244 D CustomInterceptor: PREFLIB NOT A GET REQUEST OR NOT IN CACHEGET
08-04 18:11:51.440 10284 10284 D Nappa   : registerActivity: (already in) nappagreedy.org.quantumbadger.redreader.activities.CommentListingActivity
08-04 18:11:51.440 10284 10284 D ActivityNode: ACTNODE UPDATING AFTER LOADING FROM DB
08-04 18:11:51.440 10284 10284 D ActivityGraph: LARDataCalculatedUpdate nappagreedy.org.quantumbadger.redreader.activities.CommentListingActivity Pagerank: 0.25 HITS-Authority: 1.0 HITS-Hub: 1.0 SALSA-Authority: 1.0 SALSA-Hub: 1.0
08-04 18:11:51.441 10284 10284 D Nappa   : SHOULD_PREFETCH true
08-04 18:11:51.441 10284 10307 D Nappa   : registerActivity: (already in) nappagreedy.org.quantumbadger.redreader.activities.CommentListingActivity
08-04 18:11:51.442 10284 10307 D Nappa   : PARENTS 
08-04 18:11:51.442 10284 10307 D Nappa   : Of: nappagreedy.org.quantumbadger.redreader.activities.CommentListingActivity -> 
08-04 18:11:51.442 10284 10307 D Nappa   : PARENTS nappagreedy.org.quantumbadger.redreader.activities.PostListingActivity
08-04 18:11:51.442 10284 10307 D Nappa   : PARENTS nappagreedy.org.quantumbadger.redreader.activities.MainActivity
08-04 18:11:51.461 10284 10298 I art     : Starting a blocking GC Explicit
08-04 18:11:51.491 10284 10298 I art     : Explicit concurrent mark sweep GC freed 4037(248KB) AllocSpace objects, 1(20KB) LOS objects, 37% free, 27MB/43MB, paused 382us total 30.492ms
08-04 18:11:51.504 10284 10298 I art     : Starting a blocking GC Explicit
08-04 18:11:51.533 10284 10298 I art     : Explicit concurrent mark sweep GC freed 2150(87KB) AllocSpace objects, 0(0B) LOS objects, 37% free, 27MB/43MB, paused 495us total 29.012ms
08-04 18:11:51.541 10284 10284 D Nappa   : registerActivity: (already in) nappagreedy.org.quantumbadger.redreader.activities.CommentListingActivity
08-04 18:11:51.541 10284 10284 D Nappa   : STATS Number of requests not prefetched: 4
08-04 18:11:51.541 10284 10284 D Nappa   : STATS Number of requests prefetched: 0
08-04 18:11:51.541 10284 10284 D Nappa   : STATS Time saved until now: 0.0
08-04 18:11:51.546 10284 10298 I art     : Starting a blocking GC Explicit
08-04 18:11:51.578 10284 10298 I art     : Explicit concurrent mark sweep GC freed 363(14KB) AllocSpace objects, 0(0B) LOS objects, 37% free, 27MB/43MB, paused 466us total 31.005ms
08-04 18:11:51.590 10284 10298 I art     : Starting a blocking GC Explicit
08-04 18:11:51.605 10284 10284 D ActivityNode: Observer - visit time - PostListingActivity - New aggregate visit time found is 240260 ms
08-04 18:11:51.620 10284 10298 I art     : Explicit concurrent mark sweep GC freed 722(26KB) AllocSpace objects, 0(0B) LOS objects, 37% free, 27MB/43MB, paused 440us total 29.842ms
08-04 18:11:51.623   918   936 I ActivityManager: Displayed nappagreedy.org.quantumbadger.redreader/.activities.CommentListingActivity: +311ms
08-04 18:11:51.623 13866 13866 I GoogleInputMethodServic: GoogleInputMethodService.onFinishInput():3138 
08-04 18:11:51.624 10284 10284 D ActivityNode: Observer - session data - sourceWebViewActivity
08-04 18:11:51.624 10284 10284 D ActivityNode: destinations:
08-04 18:11:51.624 10284 10284 D ActivityNode: Observer - session data - sourceMainActivity
08-04 18:11:51.624 10284 10284 D ActivityNode: destinations:
08-04 18:11:51.624 10284 10284 D ActivityNode: 	nappagreedy.org.quantumbadger.redreader.activities.PostListingActivity( count 25)
08-04 18:11:51.624 13866 13866 I GoogleInputMethodServic: GoogleInputMethodService.onStartInput():1808 
08-04 18:11:51.624 10284 10284 D ActivityNode: Observer - session data - sourceCommentListingActivity
08-04 18:11:51.624 10284 10284 D ActivityNode: destinations:
08-04 18:11:51.624 10284 10284 D ActivityNode: Observer - session data - sourcePostListingActivity
08-04 18:11:51.624 10284 10284 D ActivityNode: destinations:
08-04 18:11:51.624 10284 10284 D ActivityNode: 	nappagreedy.org.quantumbadger.redreader.activities.CommentListingActivity( count 42)
08-04 18:11:51.624 10284 10284 D ActivityNode: 	nappagreedy.org.quantumbadger.redreader.activities.WebViewActivity( count 12)
08-04 18:11:51.624 10284 10284 D ActivityNode: 	nappagreedy.org.quantumbadger.redreader.activities.ImageViewActivity( count 4)
08-04 18:11:51.624 10284 10284 D ActivityNode: Observer - session data - sourceImageViewActivity
08-04 18:11:51.624 10284 10284 D ActivityNode: destinations:
08-04 18:11:51.624 10284 10284 D ActivityNode: 	nappagreedy.org.quantumbadger.redreader.activities.WebViewActivity( count 4)
08-04 18:11:51.634 10284 10298 I art     : Starting a blocking GC Explicit
08-04 18:11:51.667 10284 10298 I art     : Explicit concurrent mark sweep GC freed 763(73KB) AllocSpace objects, 0(0B) LOS objects, 37% free, 27MB/43MB, paused 474us total 33.355ms
08-04 18:11:51.668 10284 10296 I art     : WaitForGcToComplete blocked for 33.728ms for cause HeapTrim
08-04 18:11:51.672 10284 11244 D CustomInterceptor: CACHE_CONTROL SETTING NEW MAX-AGE
08-04 18:11:51.673 10284 11244 D CustomInterceptor: HEADER RESPONSE
08-04 18:11:51.674 10284 11244 D CustomInterceptor: accept-ranges bytes
08-04 18:11:51.674 10284 11244 D CustomInterceptor: access-control-allow-origin *
08-04 18:11:51.674 10284 11244 D CustomInterceptor: access-control-expose-headers X-Moose
08-04 18:11:51.674 10284 11244 D CustomInterceptor: Cache-Control public, immutable, max-age=300, only-if-cached, max-stale=300
08-04 18:11:51.674 10284 11244 D CustomInterceptor: content-type application/json; charset=UTF-8
08-04 18:11:51.674 10284 11244 D CustomInterceptor: date Tue, 04 Aug 2020 16:11:46 GMT
08-04 18:11:51.674 10284 11244 D CustomInterceptor: Expires Tue, 04 Aug 2020 16:16:51 GMT+00:00
08-04 18:11:51.674 10284 11244 D CustomInterceptor: server snooserv
08-04 18:11:51.674 10284 11244 D CustomInterceptor: set-cookie edgebucket=KSHx6N2ZP8v87Ithit; Domain=reddit.com; Max-Age=63071999; Path=/; secure=
08-04 18:11:51.674 10284 11244 D CustomInterceptor: strict-transport-security max-age=15552000; includeSubDomains; preload
08-04 18:11:51.674 10284 11244 D CustomInterceptor: vary accept-encoding
08-04 18:11:51.674 10284 11244 D CustomInterceptor: via 1.1 varnish
08-04 18:11:51.674 10284 11244 D CustomInterceptor: x-content-type-options nosniff
08-04 18:11:51.674 10284 11244 D CustomInterceptor: x-frame-options SAMEORIGIN
08-04 18:11:51.674 10284 11244 D CustomInterceptor: x-moose majestic
08-04 18:11:51.674 10284 11244 D CustomInterceptor: x-ua-compatible IE=edge
08-04 18:11:51.674 10284 11244 D CustomInterceptor: x-xss-protection 1; mode=block
08-04 18:11:51.675 10284 11244 D CustomInterceptor: CACHEABLE true
08-04 18:11:51.675 10284 11244 D CustomInterceptor: REQ https://oauth.reddit.com/comments/hwnhe2/.json?sort=confidence
08-04 18:11:51.675 10284 11244 D CustomInterceptor: REQ_SERV_BY net
08-04 18:11:51.675 10284 11244 D CustomInterceptor: PREFLIB Adding response to lrucache - https://oauth.reddit.com/comments/hwnhe2/.json?sort=confidence
08-04 18:11:51.678 10284 11244 D CustomInterceptor: interceptor_finished : return_type #3 : request served from remote and added to cache
08-04 18:11:51.678 10284 11244 I NAPPA_EXPERIMENTATION: MetricNetworkRequestExecutionTime: REQUEST_DURATION_SYSTEM='337',REQUEST_DURATION_OKHTTP='0',REQUEST_SYNCHRONOUS='TRUE',RESPONSE_CODE='200',RESPONSE_METHOD='GET',RESPONSE_LENGTH_OKHTTP='14747',RESPONSE_LENGTH_HEADER='-2',REQUEST_PROTOCOL='h2',REQUEST_URL='https://oauth.reddit.com/comments/hwnhe2/.json?sort=confidence',
08-04 18:11:51.678 10284 11244 D OK      : request got status: 200
08-04 18:11:51.682 10284 11001 I CommentListingActivity: COMMENTS session changed to 605a21b9-e163-41f1-96d3-3e1876369be9
08-04 18:11:51.740 10284 10307 D Nappa   : PREFETCH_ON_EXTRA - setCurrentActivity - logs - from extra - made prediction isfalse
08-04 18:11:51.858   380   380 W SurfaceFlinger: couldn't log to binary event log: overflow.
08-04 18:11:51.860   512  2967 D audio_hw_primary: disable_audio_route: reset and update mixer path: low-latency-playback speaker
08-04 18:11:51.861   512  2967 D audio_hw_primary: disable_snd_device: snd_device(2: speaker)
08-04 18:11:51.869   512  2967 I soundtrigger: audio_extn_sound_trigger_update_device_status: device 0x2 of type 0 for Event 0
08-04 18:11:51.948 10284 10730 I art     : Starting a blocking GC Explicit
08-04 18:11:51.979 10284 10730 I art     : Explicit concurrent mark sweep GC freed 6251(490KB) AllocSpace objects, 8(252KB) LOS objects, 36% free, 27MB/43MB, paused 314us total 30.438ms
08-04 18:11:51.992 10284 10730 I art     : Starting a blocking GC Explicit
08-04 18:11:52.024 10284 10730 I art     : Explicit concurrent mark sweep GC freed 354(12KB) AllocSpace objects, 0(0B) LOS objects, 36% free, 27MB/43MB, paused 421us total 32.395ms
08-04 18:11:52.038 10284 10730 I art     : Starting a blocking GC Explicit
08-04 18:11:52.041 10284 10307 D Nappa   : PREFETCH_ON_EXTRA - setCurrentActivity - starting new prediction
08-04 18:11:52.041 10284 10307 D Nappa   : Current node - currentActivityName - nappagreedy.org.quantumbadger.redreader.activities.CommentListingActivity
08-04 18:11:52.042 10284 10307 D Nappa   : Current node - activityGraph.getCurrent() - nappagreedy.org.quantumbadger.redreader.activities.CommentListingActivity
08-04 18:11:52.042 10284 10307 I NAPPA_EXPERIMENTATION: MetricNappaPrefetchingStrategyExecutionTime: STRATEGY_CLASS='GreedyPrefetchingStrategyOnVisitFrequencyAndTime',DURATION='40885',NUMBER_OF_URLS='0',NUMBER_OF_SELECTED_CHILDREN_NODES='0',NUMBER_OF_CHILDREN_NODES='0',STRATEGY_RUN_SUCCESSFULLY='True',
08-04 18:11:52.042 10284 10307 D GreedyPrefetchingStrategyOnVisitFrequencyAndTime: ==================================
08-04 18:11:52.042 10284 10307 D GreedyPrefetchingStrategyOnVisitFrequencyAndTime: Starting Run #3
08-04 18:11:52.042 10284 10307 D GreedyPrefetchingStrategyOnVisitFrequencyAndTime: ----------------------------------
08-04 18:11:52.042 10284 10307 D GreedyPrefetchingStrategyOnVisitFrequencyAndTime: Node data CommentListingActivity 
08-04 18:11:52.042 10284 10307 D GreedyPrefetchingStrategyOnVisitFrequencyAndTime: 	Successors:
08-04 18:11:52.042 10284 10307 D GreedyPrefetchingStrategyOnVisitFrequencyAndTime: 
08-04 18:11:52.042 10284 10307 D GreedyPrefetchingStrategyOnVisitFrequencyAndTime: 	Ancestors:
08-04 18:11:52.042 10284 10307 D GreedyPrefetchingStrategyOnVisitFrequencyAndTime: 		PostListingActivity (0 hits)
08-04 18:11:52.042 10284 10307 D GreedyPrefetchingStrategyOnVisitFrequencyAndTime: 
08-04 18:11:52.042 10284 10307 D GreedyPrefetchingStrategyOnVisitFrequencyAndTime: MetricStrategyAccuracy inc execution count3 | act = true; extra = false
08-04 18:11:52.042 10284 10307 D GreedyPrefetchingStrategyOnVisitFrequencyAndTime: MetricStrategyAccuracy inc no sucessor count2 | act = true; extra = false
08-04 18:11:52.042 10284 10307 D GreedyPrefetchingStrategyOnVisitFrequencyAndTime: ------------- Recursion #1 -----------
08-04 18:11:52.042 10284 10307 D GreedyPrefetchingStrategyOnVisitFrequencyAndTime: Best successors so far []
08-04 18:11:52.042 10284 10307 D GreedyPrefetchingStrategyOnVisitFrequencyAndTime: Checking node CommentListingActivity with 0 successors
08-04 18:11:52.042 10284 10307 D GreedyPrefetchingStrategyOnVisitFrequencyAndTime: this node has no successors
08-04 18:11:52.042 10284 10307 D GreedyPrefetchingStrategyOnVisitFrequencyAndTime: Next visited child will be []
08-04 18:11:52.042 10284 10307 D GreedyPrefetchingStrategyOnVisitFrequencyAndTime: ==================================
08-04 18:11:52.042 10284 10307 D Nappa   : PREFETCH_ON_EXTRA - setCurrentActivity - finished new prediction
08-04 18:11:52.068 10284 10730 I art     : Explicit concurrent mark sweep GC freed 123(10KB) AllocSpace objects, 0(0B) LOS objects, 36% free, 27MB/43MB, paused 323us total 30.308ms
08-04 18:11:52.082 10284 10730 I art     : Starting a blocking GC Explicit
08-04 18:11:52.112 10284 10730 I art     : Explicit concurrent mark sweep GC freed 3(96B) AllocSpace objects, 0(0B) LOS objects, 36% free, 27MB/43MB, paused 309us total 30.474ms
08-04 18:11:52.126 10284 10730 I art     : Starting a blocking GC Explicit
08-04 18:11:52.156 10284 10730 I art     : Explicit concurrent mark sweep GC freed 3(96B) AllocSpace objects, 0(0B) LOS objects, 36% free, 27MB/43MB, paused 348us total 30.700ms
08-04 18:11:52.438   518   646 I ThermalEngine: ACTION: GPU - Setting GPU[0] to 450000000
08-04 18:11:52.440 10284 10730 I art     : Starting a blocking GC Explicit
08-04 18:11:52.480 10284 10730 I art     : Explicit concurrent mark sweep GC freed 1546(91KB) AllocSpace objects, 1(20KB) LOS objects, 36% free, 27MB/43MB, paused 431us total 40.239ms
08-04 18:11:52.498 10284 10730 I art     : Starting a blocking GC Explicit
08-04 18:11:52.539 10284 10730 I art     : Explicit concurrent mark sweep GC freed 28(1024B) AllocSpace objects, 0(0B) LOS objects, 36% free, 27MB/43MB, paused 474us total 40.947ms
08-04 18:11:52.557 10284 10730 I art     : Starting a blocking GC Explicit
08-04 18:11:52.597 10284 10730 I art     : Explicit concurrent mark sweep GC freed 49(1920B) AllocSpace objects, 0(0B) LOS objects, 36% free, 27MB/43MB, paused 540us total 40.196ms
08-04 18:11:52.615 10284 10730 I art     : Starting a blocking GC Explicit
08-04 18:11:52.657 10284 10730 I art     : Explicit concurrent mark sweep GC freed 3(96B) AllocSpace objects, 0(0B) LOS objects, 36% free, 27MB/43MB, paused 480us total 41.840ms
08-04 18:11:52.675 10284 10730 I art     : Starting a blocking GC Explicit
08-04 18:11:52.714 10284 10730 I art     : Explicit concurrent mark sweep GC freed 3(96B) AllocSpace objects, 0(0B) LOS objects, 36% free, 27MB/43MB, paused 468us total 38.945ms
08-04 18:11:53.017 10284 10298 I art     : Starting a blocking GC Explicit
08-04 18:11:53.066 10284 10298 I art     : Explicit concurrent mark sweep GC freed 1546(91KB) AllocSpace objects, 1(20KB) LOS objects, 36% free, 27MB/43MB, paused 491us total 48.864ms
08-04 18:11:53.084 10284 10298 I art     : Starting a blocking GC Explicit
08-04 18:11:53.134 10284 10298 I art     : Explicit concurrent mark sweep GC freed 28(1024B) AllocSpace objects, 0(0B) LOS objects, 36% free, 27MB/43MB, paused 493us total 49.177ms
08-04 18:11:53.156 10284 10298 I art     : Starting a blocking GC Explicit
08-04 18:11:53.205 10284 10298 I art     : Explicit concurrent mark sweep GC freed 3(96B) AllocSpace objects, 0(0B) LOS objects, 36% free, 27MB/43MB, paused 537us total 48.457ms
08-04 18:11:53.227 10284 10298 I art     : Starting a blocking GC Explicit
08-04 18:11:53.271 10284 10298 I art     : Explicit concurrent mark sweep GC freed 3(96B) AllocSpace objects, 0(0B) LOS objects, 36% free, 27MB/43MB, paused 484us total 43.592ms
08-04 18:11:53.289 10284 10298 I art     : Starting a blocking GC Explicit
08-04 18:11:53.335 10284 10298 I art     : Explicit concurrent mark sweep GC freed 3(96B) AllocSpace objects, 0(0B) LOS objects, 36% free, 27MB/43MB, paused 486us total 45.608ms
08-04 18:11:53.666 10284 10354 I art     : Starting a blocking GC Explicit
08-04 18:11:53.719 10284 10354 I art     : Explicit concurrent mark sweep GC freed 1546(91KB) AllocSpace objects, 1(20KB) LOS objects, 36% free, 27MB/43MB, paused 569us total 52.718ms
08-04 18:11:53.740 10284 10354 I art     : Starting a blocking GC Explicit
08-04 18:11:53.758   918  3188 I hubconnection: sensorhub said: 'set_bias 3: -6.2400, 0.0000, 0.0000'
08-04 18:11:53.785 10284 10354 I art     : Explicit concurrent mark sweep GC freed 28(1024B) AllocSpace objects, 0(0B) LOS objects, 36% free, 27MB/43MB, paused 502us total 44.732ms
08-04 18:11:53.804 10284 10354 I art     : Starting a blocking GC Explicit
08-04 18:11:53.851 10284 10354 I art     : Explicit concurrent mark sweep GC freed 3(96B) AllocSpace objects, 0(0B) LOS objects, 36% free, 27MB/43MB, paused 499us total 47.469ms
08-04 18:11:53.870 10284 10354 I art     : Starting a blocking GC Explicit
08-04 18:11:53.915 10284 10354 I art     : Explicit concurrent mark sweep GC freed 3(96B) AllocSpace objects, 0(0B) LOS objects, 36% free, 27MB/43MB, paused 565us total 45.408ms
08-04 18:11:53.934 10284 10354 I art     : Starting a blocking GC Explicit
08-04 18:11:53.982 10284 10354 I art     : Explicit concurrent mark sweep GC freed 3(96B) AllocSpace objects, 0(0B) LOS objects, 36% free, 27MB/43MB, paused 503us total 47.952ms
08-04 18:11:54.317 10284 10297 I art     : Starting a blocking GC Explicit
08-04 18:11:54.378 10284 10297 I art     : Explicit concurrent mark sweep GC freed 1549(92KB) AllocSpace objects, 1(20KB) LOS objects, 36% free, 27MB/43MB, paused 524us total 60.115ms
08-04 18:11:54.402 10284 10297 I art     : Starting a blocking GC Explicit
08-04 18:11:54.449 10284 10297 I art     : Explicit concurrent mark sweep GC freed 28(1024B) AllocSpace objects, 0(0B) LOS objects, 36% free, 27MB/43MB, paused 483us total 46.691ms
08-04 18:11:54.470 10284 10297 I art     : Starting a blocking GC Explicit
08-04 18:11:54.517 10284 10297 I art     : Explicit concurrent mark sweep GC freed 3(96B) AllocSpace objects, 0(0B) LOS objects, 36% free, 27MB/43MB, paused 520us total 45.897ms
08-04 18:11:54.535 10284 10297 I art     : Starting a blocking GC Explicit
08-04 18:11:54.584 10284 10297 I art     : Explicit concurrent mark sweep GC freed 3(96B) AllocSpace objects, 0(0B) LOS objects, 36% free, 27MB/43MB, paused 529us total 48.988ms
08-04 18:11:54.606 10284 10297 I art     : Starting a blocking GC Explicit
08-04 18:11:54.650 10284 10297 I art     : Explicit concurrent mark sweep GC freed 3(96B) AllocSpace objects, 0(0B) LOS objects, 36% free, 27MB/43MB, paused 480us total 43.779ms
08-04 18:11:54.998 10284 10730 I art     : Starting a blocking GC Explicit
08-04 18:11:55.044 10284 10730 I art     : Explicit concurrent mark sweep GC freed 1553(95KB) AllocSpace objects, 1(20KB) LOS objects, 36% free, 27MB/43MB, paused 482us total 45.042ms
08-04 18:11:55.062 10284 10730 I art     : Starting a blocking GC Explicit
08-04 18:11:55.111 10284 10730 I art     : Explicit concurrent mark sweep GC freed 28(1024B) AllocSpace objects, 0(0B) LOS objects, 36% free, 27MB/43MB, paused 510us total 47.936ms
08-04 18:11:55.134 10284 10730 I art     : Starting a blocking GC Explicit
08-04 18:11:55.179 10284 10730 I art     : Explicit concurrent mark sweep GC freed 3(96B) AllocSpace objects, 0(0B) LOS objects, 36% free, 27MB/43MB, paused 495us total 44.361ms
08-04 18:11:55.197 10284 10730 I art     : Starting a blocking GC Explicit
08-04 18:11:55.244 10284 10730 I art     : Explicit concurrent mark sweep GC freed 3(96B) AllocSpace objects, 0(0B) LOS objects, 36% free, 27MB/43MB, paused 501us total 46.781ms
08-04 18:11:55.263 10284 10730 I art     : Starting a blocking GC Explicit
08-04 18:11:55.309 10284 10730 I art     : Explicit concurrent mark sweep GC freed 3(96B) AllocSpace objects, 0(0B) LOS objects, 36% free, 27MB/43MB, paused 491us total 45.818ms
08-04 18:11:55.443   518   646 I ThermalEngine: ACTION: GPU - Setting GPU[0] to 510000000
08-04 18:11:55.629 10284 10298 I art     : Starting a blocking GC Explicit
08-04 18:11:55.664 10284 10298 I art     : Explicit concurrent mark sweep GC freed 1557(96KB) AllocSpace objects, 1(20KB) LOS objects, 36% free, 27MB/43MB, paused 369us total 34.353ms
08-04 18:11:55.677 10284 10298 I art     : Starting a blocking GC Explicit
08-04 18:11:55.711 10284 10298 I art     : Explicit concurrent mark sweep GC freed 28(1024B) AllocSpace objects, 0(0B) LOS objects, 36% free, 27MB/43MB, paused 364us total 33.759ms
08-04 18:11:55.725 10284 10298 I art     : Starting a blocking GC Explicit
08-04 18:11:55.757 10284 10298 I art     : Explicit concurrent mark sweep GC freed 3(96B) AllocSpace objects, 0(0B) LOS objects, 36% free, 27MB/43MB, paused 373us total 32.476ms
08-04 18:11:55.771 10284 10298 I art     : Starting a blocking GC Explicit
08-04 18:11:55.804 10284 10298 I art     : Explicit concurrent mark sweep GC freed 3(96B) AllocSpace objects, 0(0B) LOS objects, 36% free, 27MB/43MB, paused 360us total 32.808ms
08-04 18:11:55.817 10284 10298 I art     : Starting a blocking GC Explicit
08-04 18:11:55.851 10284 10298 I art     : Explicit concurrent mark sweep GC freed 3(96B) AllocSpace objects, 0(0B) LOS objects, 36% free, 27MB/43MB, paused 349us total 33.110ms
08-04 18:11:55.981 11322 11322 D AndroidRuntime: >>>>>> START com.android.internal.os.RuntimeInit uid 2000 <<<<<<
08-04 18:11:55.990 11322 11322 D AndroidRuntime: CheckJNI is OFF
08-04 18:11:56.024 11322 11322 D ICU     : No timezone override file found: /data/misc/zoneinfo/current/icu/icu_tzdata.dat
08-04 18:11:56.056 11322 11322 I Radio-JNI: register_android_hardware_Radio DONE
08-04 18:11:56.078 11322 11322 D AndroidRuntime: Calling main entry com.android.commands.input.Input
08-04 18:11:56.080 11322 11322 I Input   : injectKeyEvent: KeyEvent { action=ACTION_DOWN, keyCode=KEYCODE_BACK, scanCode=0, metaState=0, flags=0x0, repeatCount=0, eventTime=727932493, downTime=727932493, deviceId=-1, source=0x101 }
08-04 18:11:56.085 11322 11322 I Input   : injectKeyEvent: KeyEvent { action=ACTION_UP, keyCode=KEYCODE_BACK, scanCode=0, metaState=0, flags=0x0, repeatCount=0, eventTime=727932493, downTime=727932493, deviceId=-1, source=0x101 }
08-04 18:11:56.090 10284 10284 D NappaLifecycleObserver: nappagreedy.org.quantumbadger.redreader.activities.CommentListingActivity - onPause
08-04 18:11:56.090 10284 10284 D Nappa   : Stayed on nappagreedy.org.quantumbadger.redreader.activities.CommentListingActivity for 4549 ms
08-04 18:11:56.090 11322 11322 D AndroidRuntime: Shutting down VM
08-04 18:11:56.098 10284 10284 D NappaLifecycleObserver: nappagreedy.org.quantumbadger.redreader.activities.PostListingActivity - onResume
08-04 18:11:56.098 10284 10284 D Nappa   : setCurrentActivity - MetricStrategyAccuracy - 
08-04 18:11:56.098 10284 10284 D Nappa   : madePredictionFromActivity = true, 
08-04 18:11:56.098 10284 10284 D Nappa   : fromActivity = nappagreedy.org.quantumbadger.redreader.activities.CommentListingActivity, 
08-04 18:11:56.098 10284 10284 D Nappa   : predictedNextActivityFromActivity = [], 
08-04 18:11:56.098 10284 10284 D Nappa   : activity.getClass().getCanonicalName() = nappagreedy.org.quantumbadger.redreader.activities.PostListingActivity, 
08-04 18:11:56.098 10284 10284 D Nappa   : setCurrentActivity - MetricStrategyAccuracy - 
08-04 18:11:56.098 10284 10284 D Nappa   : madePredictionFromExtra = false, 
08-04 18:11:56.098 10284 10284 D Nappa   : fromActivity = nappagreedy.org.quantumbadger.redreader.activities.CommentListingActivity, 
08-04 18:11:56.098 10284 10284 D Nappa   : predictedNextActivityFromExtra = [], 
08-04 18:11:56.098 10284 10284 D Nappa   : activity.getClass().getCanonicalName() = nappagreedy.org.quantumbadger.redreader.activities.PostListingActivity, 
08-04 18:11:56.098 10284 10284 D Nappa   : PREFETCH_ON_EXTRA - setCurrentActivity - logs - from activity - made prediction istrue
08-04 18:11:56.098 10284 10284 D Nappa   : PREFETCH_ON_EXTRA - setCurrentActivity - logs - from activity - start
08-04 18:11:56.098 10284 10284 I NAPPA_EXPERIMENTATION: MetricStrategyAccuracy: LOG_ID='3',EXECUTION_COUNT='3',CASES_COUNT='3',HIT_PERCENTAGE_TOTAL='33.333333333333336',HIT_PERCENTAGE_WHEN_PREDICTED='100.0',HIT_COUNT='1',MISS_COUNT='0',INSUFFICIENT_SCORE_COUNT='0',EXCEPTION_COUNT='0',NO_SUCCESSOR_COUNT='2',
08-04 18:11:56.098 10284 10284 D Nappa   : PREFETCH_ON_EXTRA - setCurrentActivity - logs - from activity- finished
08-04 18:11:56.138 10284 10298 I art     : Starting a blocking GC Explicit
08-04 18:11:56.171 10284 10298 I art     : Explicit concurrent mark sweep GC freed 1711(109KB) AllocSpace objects, 1(20KB) LOS objects, 36% free, 27MB/43MB, paused 370us total 33.111ms
08-04 18:11:56.185 10284 10298 I art     : Starting a blocking GC Explicit
08-04 18:11:56.198 10284 10284 D Nappa   : registerActivity: (already in) nappagreedy.org.quantumbadger.redreader.activities.PostListingActivity
08-04 18:11:56.198 10284 10284 D ActivityGraph: LARDataCalculatedUpdate nappagreedy.org.quantumbadger.redreader.activities.PostListingActivity Pagerank: 0.25 HITS-Authority: 1.0 HITS-Hub: 1.0 SALSA-Authority: 1.0 SALSA-Hub: 1.0
08-04 18:11:56.199 10284 10284 D Nappa   : SHOULD_PREFETCH false
08-04 18:11:56.199 10284 10284 D Nappa   : STATS Number of requests not prefetched: 5
08-04 18:11:56.199 10284 10284 D Nappa   : STATS Number of requests prefetched: 0
08-04 18:11:56.199 10284 10284 D Nappa   : STATS Time saved until now: 0.0
08-04 18:11:56.218 10284 10298 I art     : Explicit concurrent mark sweep GC freed 210(9KB) AllocSpace objects, 0(0B) LOS objects, 36% free, 27MB/43MB, paused 443us total 33.015ms
08-04 18:11:56.229 10284 10284 D ActivityNode: Observer - visit time - CommentListingActivity - New aggregate visit time found is 192084 ms
08-04 18:11:56.231 13866 13866 I GoogleInputMethodServic: GoogleInputMethodService.onFinishInput():3138 
08-04 18:11:56.231 10284 10298 I art     : Starting a blocking GC Explicit
08-04 18:11:56.231 13866 13866 I GoogleInputMethodServic: GoogleInputMethodService.onStartInput():1808 
08-04 18:11:56.262 10284 10298 I art     : Explicit concurrent mark sweep GC freed 244(10KB) AllocSpace objects, 0(0B) LOS objects, 36% free, 27MB/43MB, paused 379us total 30.582ms
08-04 18:11:56.275 10284 10298 I art     : Starting a blocking GC Explicit
08-04 18:11:56.304 10284 10298 I art     : Explicit concurrent mark sweep GC freed 36(1168B) AllocSpace objects, 0(0B) LOS objects, 36% free, 27MB/43MB, paused 370us total 29.188ms
08-04 18:11:56.312 10284 11243 I RedditChangeDataIO: Writing tmp data file at '/data/user/0/nappagreedy.org.quantumbadger.redreader/files/rr_change_data_tmp.dat'
08-04 18:11:56.312 10284 11243 I RedditChangeDataManager: Taking snapshot...
08-04 18:11:56.312 10284 11243 I RedditChangeDataManager: Writing to stream...
08-04 18:11:56.312 10284 11243 I RedditChangeDataManager: Wrote 2 entries for user ''
08-04 18:11:56.312 10284 11243 I RedditChangeDataManager: All entries written to stream.
08-04 18:11:56.312 10284 11243 I RedditChangeDataIO: Write successful. Atomically replacing data file...
08-04 18:11:56.313 10284 11243 I RedditChangeDataIO: Write complete.
08-04 18:11:56.313 10284 11243 I RedditChangeDataIO: 62 bytes written in 1 ms
08-04 18:11:56.318 10284 10298 I art     : Starting a blocking GC Explicit
08-04 18:11:56.347 10284 10298 I art     : Explicit concurrent mark sweep GC freed 79(4KB) AllocSpace objects, 1(68KB) LOS objects, 36% free, 27MB/43MB, paused 347us total 28.985ms
08-04 18:11:56.501 10284 10307 D Nappa   : PREFETCH_ON_EXTRA - setCurrentActivity - logs - from extra - made prediction isfalse
08-04 18:11:56.562 10284 10284 D NappaLifecycleObserver: nappagreedy.org.quantumbadger.redreader.activities.CommentListingActivity - onDestroy
08-04 18:11:56.562 10284 10284 D NappaLifecycleObserver: -------------F1_SCORE #5 -----------
08-04 18:11:56.562   380   380 W SurfaceFlinger: couldn't log to binary event log: overflow.
08-04 18:11:56.563 10284 10284 D NappaLifecycleObserver: F1_SCORE - Intercept list (4)= [https://oauth.reddit.com/r/askscience/about.json, https://oauth.reddit.com/r/askscience/hot/.json, https://oauth.reddit.com/comments/gvc7k9/.json?sort=confidence, https://oauth.reddit.com/comments/hwnhe2/.json?sort=confidence]
08-04 18:11:56.563 10284 10284 D NappaLifecycleObserver: F1_SCORE - Prefetch list (0)= []
08-04 18:11:56.563 10284 10284 D NappaLifecycleObserver: F1_SCORE - TP list (0)= []
08-04 18:11:56.563 10284 10284 D NappaLifecycleObserver: F1_SCORE - FN list (4)= [https://oauth.reddit.com/r/askscience/about.json, https://oauth.reddit.com/r/askscience/hot/.json, https://oauth.reddit.com/comments/gvc7k9/.json?sort=confidence, https://oauth.reddit.com/comments/hwnhe2/.json?sort=confidence]
08-04 18:11:56.563 10284 10284 I NAPPA_EXPERIMENTATION: MetricPrefetchingAccuracy: LOG_ID='6',F1_SCORE_1='0.0',F1_SCORE_2='0.0',TRUE_POSITIVE='0',FALSE_POSITIVE='0',FALSE_NEGATIVE='4',
08-04 18:11:56.616 10284 10730 I art     : Starting a blocking GC Explicit
08-04 18:11:56.626  4179  4179 I ServiceManager: Waiting for service AtCmdFwd...
08-04 18:11:56.651 10284 10730 I art     : Explicit concurrent mark sweep GC freed 1691(107KB) AllocSpace objects, 1(20KB) LOS objects, 36% free, 27MB/43MB, paused 364us total 34.712ms
08-04 18:11:56.664 10284 10730 I art     : Starting a blocking GC Explicit
08-04 18:11:56.698 10284 10730 I art     : Explicit concurrent mark sweep GC freed 3904(312KB) AllocSpace objects, 5(140KB) LOS objects, 37% free, 27MB/43MB, paused 442us total 32.968ms
08-04 18:11:56.711 10284 10730 I art     : Starting a blocking GC Explicit
08-04 18:11:56.744 10284 10730 I art     : Explicit concurrent mark sweep GC freed 208(34KB) AllocSpace objects, 0(0B) LOS objects, 37% free, 26MB/42MB, paused 339us total 32.629ms
08-04 18:11:56.757 10284 10730 I art     : Starting a blocking GC Explicit
08-04 18:11:56.791 10284 10730 I art     : Explicit concurrent mark sweep GC freed 68(2272B) AllocSpace objects, 0(0B) LOS objects, 37% free, 26MB/42MB, paused 342us total 33.183ms
08-04 18:11:56.805 10284 10730 I art     : Starting a blocking GC Explicit
08-04 18:11:56.838 10284 10730 I art     : Explicit concurrent mark sweep GC freed 3(96B) AllocSpace objects, 0(0B) LOS objects, 37% free, 26MB/42MB, paused 324us total 33.335ms
08-04 18:11:57.123 10284 10354 I art     : Starting a blocking GC Explicit
08-04 18:11:57.165 10284 10354 I art     : Explicit concurrent mark sweep GC freed 1548(91KB) AllocSpace objects, 1(20KB) LOS objects, 37% free, 26MB/42MB, paused 372us total 41.356ms
08-04 18:11:57.183 10284 10354 I art     : Starting a blocking GC Explicit
08-04 18:11:57.221 10284 10354 I art     : Explicit concurrent mark sweep GC freed 28(1024B) AllocSpace objects, 0(0B) LOS objects, 37% free, 26MB/42MB, paused 343us total 37.145ms
08-04 18:11:57.235 10284 10354 I art     : Starting a blocking GC Explicit
08-04 18:11:57.268 10284 10354 I art     : Explicit concurrent mark sweep GC freed 3(96B) AllocSpace objects, 0(0B) LOS objects, 37% free, 26MB/42MB, paused 327us total 32.251ms
08-04 18:11:57.282 10284 10354 I art     : Starting a blocking GC Explicit
08-04 18:11:57.315 10284 10354 I art     : Explicit concurrent mark sweep GC freed 3(96B) AllocSpace objects, 0(0B) LOS objects, 37% free, 26MB/42MB, paused 348us total 33.253ms
08-04 18:11:57.329 10284 10354 I art     : Starting a blocking GC Explicit
08-04 18:11:57.361 10284 10354 I art     : Explicit concurrent mark sweep GC freed 3(96B) AllocSpace objects, 0(0B) LOS objects, 37% free, 26MB/42MB, paused 339us total 31.527ms
08-04 18:11:57.627  4179  4179 I ServiceManager: Waiting for service AtCmdFwd...
08-04 18:11:57.630 10284 10297 I art     : Starting a blocking GC Explicit
08-04 18:11:57.664 10284 10297 I art     : Explicit concurrent mark sweep GC freed 1547(91KB) AllocSpace objects, 1(20KB) LOS objects, 37% free, 26MB/42MB, paused 340us total 32.969ms
08-04 18:11:57.677 10284 10297 I art     : Starting a blocking GC Explicit
08-04 18:11:57.709 10284 10297 I art     : Explicit concurrent mark sweep GC freed 28(1024B) AllocSpace objects, 0(0B) LOS objects, 37% free, 26MB/42MB, paused 334us total 31.540ms
08-04 18:11:57.723 10284 10297 I art     : Starting a blocking GC Explicit
08-04 18:11:57.750 11371 11371 D AndroidRuntime: >>>>>> START com.android.internal.os.RuntimeInit uid 2000 <<<<<<
08-04 18:11:57.754 10284 10297 I art     : Explicit concurrent mark sweep GC freed 3(96B) AllocSpace objects, 0(0B) LOS objects, 37% free, 26MB/42MB, paused 315us total 31.351ms
08-04 18:11:57.755 11371 11371 D AndroidRuntime: CheckJNI is OFF
08-04 18:11:57.767 10284 10297 I art     : Starting a blocking GC Explicit
08-04 18:11:57.790 11371 11371 D ICU     : No timezone override file found: /data/misc/zoneinfo/current/icu/icu_tzdata.dat
08-04 18:11:57.798 10284 10297 I art     : Explicit concurrent mark sweep GC freed 3(96B) AllocSpace objects, 0(0B) LOS objects, 37% free, 26MB/42MB, paused 351us total 30.738ms
08-04 18:11:57.812 10284 10297 I art     : Starting a blocking GC Explicit
08-04 18:11:57.826 11371 11371 I Radio-JNI: register_android_hardware_Radio DONE
08-04 18:11:57.843 10284 10297 I art     : Explicit concurrent mark sweep GC freed 3(96B) AllocSpace objects, 0(0B) LOS objects, 37% free, 26MB/42MB, paused 324us total 30.604ms
08-04 18:11:57.848 11371 11371 D AndroidRuntime: Calling main entry com.android.commands.input.Input
08-04 18:11:57.850 11371 11371 I Input   : injectMotionEvent: MotionEvent { action=ACTION_DOWN, actionButton=0, id[0]=0, x[0]=600.0, y[0]=1200.0, toolType[0]=TOOL_TYPE_UNKNOWN, buttonState=0, metaState=0, flags=0x0, edgeFlags=0x0, pointerCount=1, historySize=0, eventTime=727934263, downTime=727934263, deviceId=0, source=0x1002 }
08-04 18:11:57.856 11371 11371 I Input   : injectMotionEvent: MotionEvent { action=ACTION_UP, actionButton=0, id[0]=0, x[0]=600.0, y[0]=1200.0, toolType[0]=TOOL_TYPE_UNKNOWN, buttonState=0, metaState=0, flags=0x0, edgeFlags=0x0, pointerCount=1, historySize=0, eventTime=727934263, downTime=727934263, deviceId=0, source=0x1002 }
08-04 18:11:57.857 11371 11371 D AndroidRuntime: Shutting down VM
08-04 18:11:57.868   512  2967 D audio_hw_primary: out_set_parameters: enter: usecase(1: low-latency-playback) kvpairs: routing=2
08-04 18:11:57.872 10284 10284 D NappaIntentExtras: ==================
08-04 18:11:57.872 10284 10284 D NappaIntentExtras: Log #5
08-04 18:11:57.872 10284 10284 D NappaIntentExtras: ------------------
08-04 18:11:57.872 10284 10284 D NappaIntentExtras: activity nappagreedy.org.quantumbadger.redreader.activities.ImageViewActivity
08-04 18:11:57.872 10284 10284 D NappaIntentExtras: 	- No extras registered
08-04 18:11:57.872 10284 10284 D NappaIntentExtras: activity nappagreedy.org.quantumbadger.redreader.activities.WebViewActivity
08-04 18:11:57.872 10284 10284 D NappaIntentExtras: 	- No extras registered
08-04 18:11:57.872 10284 10284 D NappaIntentExtras: activity nappagreedy.org.quantumbadger.redreader.activities.PostListingActivity
08-04 18:11:57.872 10284 10284 D NappaIntentExtras: 	- No extras registered
08-04 18:11:57.872 10284 10284 D NappaIntentExtras: activity nappagreedy.org.quantumbadger.redreader.activities.CommentListingActivity
08-04 18:11:57.872 10284 10284 D NappaIntentExtras: 	- No extras registered
08-04 18:11:57.872 10284 10284 D NappaIntentExtras: activity nappagreedy.org.quantumbadger.redreader.activities.MainActivity
08-04 18:11:57.872 10284 10284 D NappaIntentExtras: 	- No extras registered
08-04 18:11:57.872 10284 10284 D NappaIntentExtras: ==================
08-04 18:11:57.873   918  3961 I ActivityManager: START u0 {dat=https://oauth.reddit.com/... cmp=nappagreedy.org.quantumbadger.redreader/.activities.CommentListingActivity} from uid 10669 on display 0
08-04 18:11:57.879 10284 10284 D NappaLifecycleObserver: nappagreedy.org.quantumbadger.redreader.activities.PostListingActivity - onPause
08-04 18:11:57.879 10284 10284 D Nappa   : Stayed on nappagreedy.org.quantumbadger.redreader.activities.PostListingActivity for 1680 ms
