--------- beginning of main
08-04 13:17:44.938   918   930 W ResourceType: ResTable_typeSpec entry count inconsistent: given 37, previously 42
08-04 13:17:44.938   918   930 W ResourceType: ResTable_typeSpec entry count inconsistent: given 2527, previously 2530
08-04 13:17:44.939   918  4400 I AccountManagerService: getTypesVisibleToCaller: isPermitted? true
08-04 13:17:44.942   918   930 W ResourceType: ResTable_typeSpec entry count inconsistent: given 2542, previously 2545
08-04 13:17:44.942   918   930 W ResourceType: ResTable_typeSpec entry count inconsistent: given 303, previously 1691
08-04 13:17:44.944  3784  3784 D CarrierServiceBindHelper: Receive action: android.intent.action.PACKAGE_ADDED
08-04 13:17:44.944  3784  3784 D CarrierServiceBindHelper: Receive action: android.intent.action.PACKAGE_REPLACED
08-04 13:17:44.945  3784  3784 D CarrierServiceBindHelper: mHandler: 3
08-04 13:17:44.945  3784  3784 D CarrierServiceBindHelper: mHandler: 3
08-04 13:17:44.945  3784  3784 D CarrierServiceBindHelper: mHandler: 3
08-04 13:17:44.945  3784  3784 D CarrierConfigLoader: mHandler: 9 phoneId: 0
08-04 13:17:44.961 32231 32231 I Finsky  : [1] uah.a(18): PackageMonitorReceiverImpl - Received: android.intent.action.PACKAGE_REMOVED, [jsPREe6yOOhrMreoEvcpPvP36yUmihacpIgcKsaLph8]
08-04 13:17:44.961 32231 32231 I Finsky  : [1] ubi.d(9): Invalidating cached PackageState for baseline.com.ak.uobtimetable
08-04 13:17:44.962 24365 23257 I Fitness : FitCleanupIntentOperation received Intent android.intent.action.PACKAGE_REMOVED [CONTEXT service_id=17 ]
08-04 13:17:44.977   918  4400 I AccountManagerService: getTypesVisibleToCaller: isPermitted? true
08-04 13:17:44.993 32231 32231 I Finsky  : [1] lzi.c(2): Frosting ID looked up on UI thread. Caller should move to a background thread.
08-04 13:17:45.002 32231 32231 I Finsky  : [1] nqb.c(3): Installer: package baseline.com.ak.uobtimetable was removed. replacing: true
08-04 13:17:45.003 32231 32231 I Finsky  : [1] nra.a(188): Installer: Notifying status update. package=baseline.com.ak.uobtimetable, status=UNINSTALLED
08-04 13:17:45.034 32231 32231 I Finsky  : [1] lzi.c(2): Frosting ID looked up on UI thread. Caller should move to a background thread.
08-04 13:17:45.052 32231 23271 I Finsky  : [6046] ejf.a(-1): Cancelled 0 ongoing asset module downloads for package baseline.com.ak.uobtimetable due to a concurrent app update.
08-04 13:17:45.053 32231 32231 I Finsky  : [1] nra.a(220): Installer: found apps to install. isMultiUserMode=false, apps=[]
08-04 13:17:45.104 32231 32350 I Finsky  : [5755] odj.b(52): IQ: Notifying installation update. package=baseline.com.ak.uobtimetable, status=UNINSTALLED
08-04 13:17:45.108 32231 32231 I Finsky  : [1] uah.a(18): PackageMonitorReceiverImpl - Received: android.intent.action.PACKAGE_ADDED, [jsPREe6yOOhrMreoEvcpPvP36yUmihacpIgcKsaLph8]
08-04 13:17:45.108 32231 32231 I Finsky  : [1] ubi.d(9): Invalidating cached PackageState for baseline.com.ak.uobtimetable
08-04 13:17:45.110 32231 32231 I Finsky  : [1] lzi.c(2): Frosting ID looked up on UI thread. Caller should move to a background thread.
08-04 13:17:45.115 32231 32231 I Finsky  : [1] agsx.a(4): Do not start WearSupportService due to Wear service optimization
08-04 13:17:45.118 32231 23271 I Finsky  : [6046] ejc.a(-1): Asset module broadcast after update successful for package baseline.com.ak.uobtimetable. 0 sessions broadcast.
08-04 13:17:45.120 32231 32231 I Finsky  : [1] lzi.c(2): Frosting ID looked up on UI thread. Caller should move to a background thread.
08-04 13:17:45.154 32231 23269 I Finsky  : [6044] lyv.run(-1): Wrote row to frosting DB: 2310
08-04 13:17:45.157   918  6029 I AccountManagerService: getTypesVisibleToCaller: isPermitted? true
08-04 13:17:45.188 24577 23251 I Auth    : [SupervisedAccountIntentOperation] onHandleIntent(): android.intent.action.PACKAGE_ADDED
08-04 13:17:45.205 24577 23254 I ChromeSync: [Sync,SyncIntentOperation] Handling the intent: Intent { act=android.intent.action.PACKAGE_ADDED dat=package:baseline.com.ak.uobtimetable flg=0x4000010 cmp=com.google.android.gms/.chimera.GmsIntentOperationService (has extras) }.
--------- beginning of system
08-04 13:17:45.210   918   929 W ActivityManager: Unable to start service Intent { act=com.google.android.gms.auth.key.retrieval.service.START pkg=com.google.android.gms } U=0: not found
08-04 13:17:45.214 32231 23270 I Finsky  : [6045] gzn.a(-1): [ContentSync] finished, scheduled=false
08-04 13:17:45.229   918  3714 W ActivityManager: Unbind failed: could not find connection for android.os.BinderProxy@885c0f1
08-04 13:17:45.241 24577 24621 E GmsClient: unable to connect to service: com.google.android.gms.auth.key.retrieval.service.START on com.google.android.gms
08-04 13:17:45.261 32231 32350 I Finsky  : [5755] odj.b(40): IQ: No matching installs to run for jobs: []
08-04 13:17:45.298   918  3359 I AccountManagerService: getTypesVisibleToCaller: isPermitted? true
08-04 13:17:45.299 24577 23254 I ChromeSync: [Persistence,AffiliationManager] One of affiliation or grouping data for android://bz0hZa4nAJEtd0n5sRlXG7KAqctUMWVefv7Ki4mh1p6slZ9YO-n9gS9j8m9YCrsIyI2wIxrDHraumF9Y6pBLTA==@baseline.com.ak.uobtimetable/ was not found. Marking affiliation data as stale...
08-04 13:17:45.302 24577 23250 I FontLog : Package baseline.com.ak.uobtimetable has no metadata [CONTEXT service_id=132 ]
08-04 13:17:45.338 32231 23269 I Finsky  : [6044] lyv.run(-1): Wrote row to frosting DB: 2311
08-04 13:17:45.470 23283 23283 D AndroidRuntime: >>>>>> START com.android.internal.os.RuntimeInit uid 2000 <<<<<<
08-04 13:17:45.475 23283 23283 D AndroidRuntime: CheckJNI is OFF
08-04 13:17:45.488   918  4413 I AccountManagerService: getTypesVisibleToCaller: isPermitted? true
08-04 13:17:45.497 32231 23269 I Finsky  : [6044] lyv.run(-1): Wrote row to frosting DB: 2312
08-04 13:17:45.499 32231 32231 I Finsky  : [1] xmu.a(8): SCH: Jobs in database: 1-1337 3-191 3-192 12-1 24-77777777 26-1414141414 
08-04 13:17:45.501 23283 23283 D ICU     : No timezone override file found: /data/misc/zoneinfo/current/icu/icu_tzdata.dat
08-04 13:17:45.501 32231 32231 I Finsky  : [1] xio.a(57): SCH: ConstraintMapping: 24-77777777,  -> L: 0ms, D: 28335337ms, C: false, I: true, N: 0
08-04 13:17:45.502 32231 32231 I Finsky  : [1] xio.a(57): SCH: ConstraintMapping: 1-1337, 12-1,  -> L: 14528ms, D: 31687412ms, C: false, I: false, N: 1
08-04 13:17:45.502 32231 32231 I Finsky  : [1] xio.a(57): SCH: ConstraintMapping: 3-191,  -> L: 0ms, D: 72397284ms, C: false, I: true, N: 2
08-04 13:17:45.502 32231 32231 I Finsky  : [1] xio.a(57): SCH: ConstraintMapping: 3-192,  -> L: 0ms, D: 72397357ms, C: true, I: true, N: 2
08-04 13:17:45.503 32231 32231 I Finsky  : [1] xio.a(57): SCH: ConstraintMapping: 26-1414141414,  -> L: 35800537ms, D: 36700537ms, C: false, I: false, N: 0
08-04 13:17:45.504 32231 23270 I Finsky  : [6045] gzn.a(-1): [ContentSync] finished, scheduled=true
08-04 13:17:45.517 32231 32231 I Finsky  : [1] xle.a(34): Cancelling existing jobscheduler jobs: 9006 9004 9000 9002 9007 9008 9010 9003 9005 9009 
08-04 13:17:45.518 32231 32231 I Finsky  : [1] xle.a(27): Scheduling job Id: 9001, L: 0, D: 28335337, C: false, I: true, N: 0
08-04 13:17:45.519 32231 32231 I Finsky  : [1] xle.a(27): Scheduling job Id: 9011, L: 14528, D: 31687412, C: false, I: false, N: 1
08-04 13:17:45.522 32231 32231 I Finsky  : [1] xle.a(27): Scheduling job Id: 9012, L: 0, D: 72397284, C: false, I: true, N: 2
08-04 13:17:45.523 32231 32231 I Finsky  : [1] xle.a(27): Scheduling job Id: 9013, L: 0, D: 72397357, C: true, I: true, N: 2
08-04 13:17:45.525 32231 32231 I Finsky  : [1] xle.a(27): Scheduling job Id: 9014, L: 35800537, D: 36700537, C: false, I: false, N: 0
08-04 13:17:45.527 23283 23283 I Radio-JNI: register_android_hardware_Radio DONE
08-04 13:17:45.529 32231 32231 I Finsky  : [1] xle.a(27): Scheduling job Id: 9015, L: 0, D: 28335337, C: false, I: true, N: 0
08-04 13:17:45.530 32231 32231 I Finsky  : [1] xle.a(27): Scheduling job Id: 9016, L: 14528, D: 31687412, C: false, I: false, N: 1
08-04 13:17:45.531 32231 32231 I Finsky  : [1] xle.a(27): Scheduling job Id: 9017, L: 0, D: 72397284, C: false, I: true, N: 2
08-04 13:17:45.533 32231 32231 I Finsky  : [1] xle.a(27): Scheduling job Id: 9018, L: 0, D: 72397357, C: true, I: true, N: 2
08-04 13:17:45.534 32231 32231 I Finsky  : [1] xle.a(27): Scheduling job Id: 9019, L: 35800537, D: 36700537, C: false, I: false, N: 0
08-04 13:17:45.542 23283 23283 D AndroidRuntime: Calling main entry com.android.commands.monkey.Monkey
08-04 13:17:45.574   918   931 W BroadcastQueue: Skipping deliver [background] BroadcastRecord{dd40f86 u-1 android.net.conn.CONNECTIVITY_CHANGE} to ReceiverList{7a9a047 23283 (unknown name)/2000/u-1 remote:683bfc8}: process crashing
08-04 13:17:45.577 32231 23269 I Finsky  : [6044] lyv.run(-1): Wrote row to frosting DB: 2313
08-04 13:17:45.592   918  6029 I ActivityManager: START u0 {act=android.intent.action.MAIN cat=[android.intent.category.LAUNCHER] flg=0x10200000 cmp=baseline.com.ak.uobtimetable/.MainActivity} from uid 2000 on display 0
08-04 13:17:45.612 23297 23297 I art     : Late-enabling -Xcheck:jni
08-04 13:17:45.612   918  6112 I ActivityManager: Start proc 23297:baseline.com.ak.uobtimetable/u0a659 for activity baseline.com.ak.uobtimetable/.MainActivity
08-04 13:17:45.620 23283 23283 I art     : System.exit called, status: 0
08-04 13:17:45.620 23283 23283 I AndroidRuntime: VM exiting with result code 0.
08-04 13:17:45.634 24577 13293 I Icing   : IndexChimeraService.getServiceInterface callingPackage=com.google.android.gms componentName=AppsCorpus serviceId=36
08-04 13:17:45.663 23297 23297 W System  : ClassLoader referenced unknown path: /data/app/baseline.com.ak.uobtimetable-1/lib/arm64
08-04 13:17:45.663 24577 28655 W Icing   : No valid account for uploading user actions
08-04 13:17:45.676 23297 23297 E Application: Can't init Bugsnag - No key
08-04 13:17:45.676 23297 23297 E Application: java.lang.Exception: Can't init Bugsnag - No key
08-04 13:17:45.676 23297 23297 E Application: 	at baseline.com.ak.uobtimetable.Utilities.Logging.Logger.error(Logger.java:79)
08-04 13:17:45.676 23297 23297 E Application: 	at baseline.com.ak.uobtimetable.MyApplication.onCreate(MyApplication.java:52)
08-04 13:17:45.676 23297 23297 E Application: 	at android.app.Instrumentation.callApplicationOnCreate(Instrumentation.java:1013)
08-04 13:17:45.676 23297 23297 E Application: 	at android.app.ActivityThread.handleBindApplication(ActivityThread.java:4707)
08-04 13:17:45.676 23297 23297 E Application: 	at android.app.ActivityThread.-wrap1(ActivityThread.java)
08-04 13:17:45.676 23297 23297 E Application: 	at android.app.ActivityThread$H.handleMessage(ActivityThread.java:1405)
08-04 13:17:45.676 23297 23297 E Application: 	at android.os.Handler.dispatchMessage(Handler.java:102)
08-04 13:17:45.676 23297 23297 E Application: 	at android.os.Looper.loop(Looper.java:148)
08-04 13:17:45.676 23297 23297 E Application: 	at android.app.ActivityThread.main(ActivityThread.java:5417)
08-04 13:17:45.676 23297 23297 E Application: 	at java.lang.reflect.Method.invoke(Native Method)
08-04 13:17:45.676 23297 23297 E Application: 	at com.android.internal.os.ZygoteInit$MethodAndArgsCaller.run(ZygoteInit.java:726)
08-04 13:17:45.676 23297 23297 E Application: 	at com.android.internal.os.ZygoteInit.main(ZygoteInit.java:616)
08-04 13:17:45.681 23297 23297 I Application: API level: 23
08-04 13:17:45.683 23297 23297 I Application: API level name: M
08-04 13:17:45.684 23297 23297 I Application: Target API level: 29
08-04 13:17:45.684 23297 23297 I Application: Git commit hash: d26bf1fa
08-04 13:17:45.684 23297 23297 I Application: Git branch: master
08-04 13:17:45.684 23297 23297 I Application: Build type: Debug
08-04 13:17:45.689 23297 23297 I Application: Build keys: Release
08-04 13:17:45.689 23297 23297 I Application: Version code: 21
08-04 13:17:45.690 23297 23297 I Application: Version name: 2.5
08-04 13:17:45.690 23297 23297 I Application: Build date: 22:30 03/08/20
08-04 13:17:45.691 23297 23297 I Application: Package update date: 23:10 03/08/20
08-04 13:17:45.691 23297 23297 I SettingsManager: Getting int: launchCount
08-04 13:17:45.692 23297 23297 I SettingsManager: Setting int: launchCount
08-04 13:17:45.696 24577 13294 I Icing   : IndexChimeraService.getServiceInterface callingPackage=com.google.android.gms componentName=null serviceId=30
08-04 13:17:45.699  2075  1217 I PBSessionCacheImpl: Deleted sessionId[9127543042550561] from persistence.
08-04 13:17:45.704  2075  2107 W SearchServiceCore: Abort, client detached.
08-04 13:17:45.705  2075  2107 I MicroDetectionState: Should stop hotword detection immediately - true
08-04 13:17:45.711   918  3670 W BackupManagerService: dataChanged but no participant pkg='baseline.com.ak.uobtimetable' uid=10659
08-04 13:17:45.711 23297 23297 I Application: Launch count: 1
08-04 13:17:45.713 23297 23297 I Application: Network: TYPE_WIFI
08-04 13:17:45.714 23297 23297 I Application: Tablet layout: false
08-04 13:17:45.722 24577 28655 I Icing   : Usage reports ok 2, Failed Usage reports 0, indexed 0, rejected 0
08-04 13:17:45.725 24577 28655 W Icing   : No valid account for uploading user actions
08-04 13:17:45.728 23297 23297 W art     : Before Android 4.1, method android.graphics.PorterDuffColorFilter androidx.vectordrawable.graphics.drawable.VectorDrawableCompat.updateTintFilter(android.graphics.PorterDuffColorFilter, android.content.res.ColorStateList, android.graphics.PorterDuff$Mode) would have incorrectly overridden the package-private method in android.graphics.drawable.Drawable
08-04 13:17:45.746 24577 28655 I Icing   : Usage reports ok 0, Failed Usage reports 0, indexed 0, rejected 0
08-04 13:17:45.747 24577 28655 I Icing   : Indexing com.google.android.gms-internal.3p:MobileApplication from com.google.android.gms using seqno 763
08-04 13:17:45.751 24577 28655 I Icing   : Indexing com.google.android.gms-internal.3p:MobileApplication from com.google.android.gms using seqno 763
08-04 13:17:45.752 23297 23297 I art     : Rejecting re-init on previously-failed class java.lang.Class<androidx.core.view.ViewCompat$OnUnhandledKeyEventListenerWrapper>
08-04 13:17:45.752 23297 23297 I art     : Rejecting re-init on previously-failed class java.lang.Class<androidx.core.view.ViewCompat$OnUnhandledKeyEventListenerWrapper>
08-04 13:17:45.780 24577 13294 I Icing   : IndexChimeraService.getServiceInterface callingPackage=com.google.android.gms componentName=null serviceId=36
08-04 13:17:45.786 24577 28655 W Icing   : No valid account for uploading user actions
08-04 13:17:45.800 24577 28655 I Icing   : Usage reports ok 0, Failed Usage reports 0, indexed 0, rejected 0
08-04 13:17:45.820 23297 23297 D MainActivity: onCreate
08-04 13:17:45.820 23297 23297 I SettingsManager: Getting string: savedSessions
08-04 13:17:45.820 23297 23297 I Settings: No saved sessions
08-04 13:17:45.848 23297 23297 I SettingsManager: Getting string: savedCourse
08-04 13:17:45.849   918  3696 I ActivityManager: START u0 {flg=0x14000000 cmp=baseline.com.ak.uobtimetable/.WelcomeActivity} from uid 10659 on display 0
08-04 13:17:45.858 23297 23297 D MainActivity: OnResume
08-04 13:17:45.863 23297 23313 D OpenGLRenderer: Use EGL_SWAP_BEHAVIOR_PRESERVED: true
08-04 13:17:45.871 23297 23297 D MainActivity: OnPause
08-04 13:17:45.992 23297 23313 I Adreno  : QUALCOMM build                   : fcf4852, I1af360237c
08-04 13:17:45.992 23297 23313 I Adreno  : Build Date                       : 09/23/15
08-04 13:17:45.992 23297 23313 I Adreno  : OpenGL ES Shader Compiler Version: XE031.05.13.02
08-04 13:17:45.992 23297 23313 I Adreno  : Local Branch                     : mybranch14465806
08-04 13:17:45.992 23297 23313 I Adreno  : Remote Branch                    : quic/LA.BF64.1.2.9_v2
08-04 13:17:45.992 23297 23313 I Adreno  : Remote Branch                    : NONE
08-04 13:17:45.992 23297 23313 I Adreno  : Reconstruct Branch               : NOTHING
08-04 13:17:46.008 23297 23313 I OpenGLRenderer: Initialized EGL, version 1.4
08-04 13:17:46.210 13866 13866 I GoogleInputMethodServic: GoogleInputMethodService.onFinishInput():3138 
08-04 13:17:46.213   918   936 I ActivityManager: Displayed baseline.com.ak.uobtimetable/.WelcomeActivity: +341ms (total +614ms)
08-04 13:17:46.214 13866 13866 I GoogleInputMethodServic: GoogleInputMethodService.onStartInput():1808 
08-04 13:17:46.411 23297 23297 D MainActivity: Saving state
08-04 13:17:46.727 24577 28655 I Icing   : Indexing com.google.android.gms-apps from com.google.android.gms
08-04 13:17:46.811 24577 28655 I Icing   : Indexing done com.google.android.gms-apps
08-04 13:17:47.230 23332 23332 D AndroidRuntime: >>>>>> START com.android.internal.os.RuntimeInit uid 2000 <<<<<<
08-04 13:17:47.237 23332 23332 D AndroidRuntime: CheckJNI is OFF
08-04 13:17:47.272 23332 23332 D ICU     : No timezone override file found: /data/misc/zoneinfo/current/icu/icu_tzdata.dat
08-04 13:17:47.304 23332 23332 I Radio-JNI: register_android_hardware_Radio DONE
08-04 13:17:47.323 23332 23332 D AndroidRuntime: Calling main entry com.android.commands.am.Am
08-04 13:17:47.334  2375  2375 I Trepn   : Trepn 6.2s: Received intent: com.quicinc.trepn.start_profiling
08-04 13:17:47.430  2375  2375 W FileUtils: Failed to chmod(/storage/emulated/0/trepn/Trepn_2020.08.04_131747.db): android.system.ErrnoException: chmod failed: EPERM (Operation not permitted)
08-04 13:17:47.509  2375  2375 I Trepn   : Trepn 6.2s: Trepn has Started Profiling.
08-04 13:17:47.511 23332 23332 D AndroidRuntime: Shutting down VM
08-04 13:17:47.975 23297 23310 I art     : Starting a blocking GC Explicit
08-04 13:17:47.990 23297 23310 I art     : Explicit concurrent mark sweep GC freed 2697(511KB) AllocSpace objects, 2(1340KB) LOS objects, 40% free, 21MB/36MB, paused 110us total 15.369ms
08-04 13:17:47.997 23297 23310 I art     : Starting a blocking GC Explicit
08-04 13:17:48.008 23297 23310 I art     : Explicit concurrent mark sweep GC freed 389(17KB) AllocSpace objects, 0(0B) LOS objects, 40% free, 21MB/36MB, paused 99us total 11.065ms
08-04 13:17:48.014 23297 23310 I art     : Starting a blocking GC Explicit
08-04 13:17:48.025 23297 23310 I art     : Explicit concurrent mark sweep GC freed 3(96B) AllocSpace objects, 0(0B) LOS objects, 40% free, 21MB/36MB, paused 98us total 10.344ms
08-04 13:17:48.031 23297 23310 I art     : Starting a blocking GC Explicit
08-04 13:17:48.041 23297 23310 I art     : Explicit concurrent mark sweep GC freed 3(96B) AllocSpace objects, 0(0B) LOS objects, 40% free, 21MB/36MB, paused 100us total 9.881ms
08-04 13:17:48.047 23297 23310 I art     : Starting a blocking GC Explicit
08-04 13:17:48.057 23297 23310 I art     : Explicit concurrent mark sweep GC freed 3(96B) AllocSpace objects, 0(0B) LOS objects, 40% free, 21MB/36MB, paused 94us total 10.144ms
08-04 13:17:48.349 23297 23309 I art     : Starting a blocking GC Explicit
08-04 13:17:48.365 23297 23309 I art     : Explicit concurrent mark sweep GC freed 1272(74KB) AllocSpace objects, 1(20KB) LOS objects, 40% free, 21MB/36MB, paused 133us total 15.038ms
08-04 13:17:48.374 23297 23309 I art     : Starting a blocking GC Explicit
08-04 13:17:48.388 23297 23309 I art     : Explicit concurrent mark sweep GC freed 18(624B) AllocSpace objects, 0(0B) LOS objects, 40% free, 21MB/36MB, paused 114us total 13.180ms
08-04 13:17:48.397 23297 23309 I art     : Starting a blocking GC Explicit
08-04 13:17:48.409 23297 23309 I art     : Explicit concurrent mark sweep GC freed 3(96B) AllocSpace objects, 0(0B) LOS objects, 40% free, 21MB/36MB, paused 106us total 12.552ms
08-04 13:17:48.417 23297 23309 I art     : Starting a blocking GC Explicit
08-04 13:17:48.427 23297 23309 I art     : Explicit concurrent mark sweep GC freed 3(96B) AllocSpace objects, 0(0B) LOS objects, 40% free, 21MB/36MB, paused 96us total 10.220ms
08-04 13:17:48.433 23297 23309 I art     : Starting a blocking GC Explicit
08-04 13:17:48.444 23297 23309 I art     : Explicit concurrent mark sweep GC freed 3(96B) AllocSpace objects, 0(0B) LOS objects, 40% free, 21MB/36MB, paused 96us total 9.908ms
08-04 13:17:48.722 23297 23310 I art     : Starting a blocking GC Explicit
08-04 13:17:48.735 23297 23310 I art     : Explicit concurrent mark sweep GC freed 1270(74KB) AllocSpace objects, 1(20KB) LOS objects, 40% free, 21MB/36MB, paused 126us total 13.444ms
08-04 13:17:48.743 23297 23310 I art     : Starting a blocking GC Explicit
08-04 13:17:48.754 23297 23310 I art     : Explicit concurrent mark sweep GC freed 18(624B) AllocSpace objects, 0(0B) LOS objects, 40% free, 21MB/36MB, paused 127us total 10.911ms
08-04 13:17:48.760 23297 23310 I art     : Starting a blocking GC Explicit
08-04 13:17:48.770 23297 23310 I art     : Explicit concurrent mark sweep GC freed 3(96B) AllocSpace objects, 0(0B) LOS objects, 40% free, 21MB/36MB, paused 100us total 10.187ms
08-04 13:17:48.776 23297 23310 I art     : Starting a blocking GC Explicit
08-04 13:17:48.785 23297 23310 I art     : Explicit concurrent mark sweep GC freed 3(96B) AllocSpace objects, 0(0B) LOS objects, 40% free, 21MB/36MB, paused 97us total 9.657ms
08-04 13:17:48.791 23297 23310 I art     : Starting a blocking GC Explicit
08-04 13:17:48.801 23297 23310 I art     : Explicit concurrent mark sweep GC freed 3(96B) AllocSpace objects, 0(0B) LOS objects, 40% free, 21MB/36MB, paused 100us total 9.633ms
08-04 13:17:48.980 22210 22210 I ServiceManager: Waiting for service AtCmdFwd...
08-04 13:17:49.106 23297 23309 I art     : Starting a blocking GC Explicit
08-04 13:17:49.121 23297 23309 I art     : Explicit concurrent mark sweep GC freed 1268(74KB) AllocSpace objects, 1(20KB) LOS objects, 40% free, 21MB/36MB, paused 127us total 15.091ms
08-04 13:17:49.131 23297 23309 I art     : Starting a blocking GC Explicit
08-04 13:17:49.144 23297 23309 I art     : Explicit concurrent mark sweep GC freed 18(624B) AllocSpace objects, 0(0B) LOS objects, 40% free, 21MB/36MB, paused 105us total 12.749ms
08-04 13:17:49.155 23297 23309 I art     : Starting a blocking GC Explicit
08-04 13:17:49.164 23297 23309 I art     : Explicit concurrent mark sweep GC freed 3(96B) AllocSpace objects, 0(0B) LOS objects, 40% free, 21MB/36MB, paused 90us total 9.389ms
08-04 13:17:49.170 23297 23309 I art     : Starting a blocking GC Explicit
08-04 13:17:49.173   918  3188 I hubconnection: sensorhub said: 'set_bias 3: -6.0000, 0.0000, 0.0000'
08-04 13:17:49.179 23297 23309 I art     : Explicit concurrent mark sweep GC freed 3(96B) AllocSpace objects, 0(0B) LOS objects, 40% free, 21MB/36MB, paused 88us total 9.480ms
08-04 13:17:49.185 23297 23309 I art     : Starting a blocking GC Explicit
08-04 13:17:49.195 23297 23309 I art     : Explicit concurrent mark sweep GC freed 3(96B) AllocSpace objects, 0(0B) LOS objects, 40% free, 21MB/36MB, paused 93us total 9.852ms
08-04 13:17:49.488 23297 23310 I art     : Starting a blocking GC Explicit
08-04 13:17:49.504 23297 23310 I art     : Explicit concurrent mark sweep GC freed 1268(74KB) AllocSpace objects, 1(20KB) LOS objects, 40% free, 21MB/36MB, paused 146us total 15.036ms
08-04 13:17:49.512 23297 23310 I art     : Starting a blocking GC Explicit
08-04 13:17:49.523 23297 23310 I art     : Explicit concurrent mark sweep GC freed 18(624B) AllocSpace objects, 0(0B) LOS objects, 40% free, 21MB/36MB, paused 107us total 10.797ms
08-04 13:17:49.530 23297 23310 I art     : Starting a blocking GC Explicit
08-04 13:17:49.540 23297 23310 I art     : Explicit concurrent mark sweep GC freed 3(96B) AllocSpace objects, 0(0B) LOS objects, 40% free, 21MB/36MB, paused 93us total 9.765ms
08-04 13:17:49.545 23297 23310 I art     : Starting a blocking GC Explicit
08-04 13:17:49.555 23297 23310 I art     : Explicit concurrent mark sweep GC freed 3(96B) AllocSpace objects, 0(0B) LOS objects, 40% free, 21MB/36MB, paused 97us total 9.760ms
08-04 13:17:49.561 23297 23310 I art     : Starting a blocking GC Explicit
08-04 13:17:49.571 23297 23310 I art     : Explicit concurrent mark sweep GC freed 3(96B) AllocSpace objects, 0(0B) LOS objects, 40% free, 21MB/36MB, paused 104us total 9.711ms
08-04 13:17:49.868 23297 23309 I art     : Starting a blocking GC Explicit
08-04 13:17:49.887 23297 23309 I art     : Explicit concurrent mark sweep GC freed 1268(74KB) AllocSpace objects, 1(20KB) LOS objects, 40% free, 21MB/36MB, paused 139us total 18.341ms
08-04 13:17:49.897 23297 23309 I art     : Starting a blocking GC Explicit
08-04 13:17:49.910 23297 23309 I art     : Explicit concurrent mark sweep GC freed 18(624B) AllocSpace objects, 0(0B) LOS objects, 40% free, 21MB/36MB, paused 106us total 12.611ms
08-04 13:17:49.917 23297 23309 I art     : Starting a blocking GC Explicit
08-04 13:17:49.928 23297 23309 I art     : Explicit concurrent mark sweep GC freed 3(96B) AllocSpace objects, 0(0B) LOS objects, 40% free, 21MB/36MB, paused 96us total 10.188ms
08-04 13:17:49.934 23297 23309 I art     : Starting a blocking GC Explicit
08-04 13:17:49.944 23297 23309 I art     : Explicit concurrent mark sweep GC freed 3(96B) AllocSpace objects, 0(0B) LOS objects, 40% free, 21MB/36MB, paused 89us total 9.887ms
08-04 13:17:49.950 23297 23309 I art     : Starting a blocking GC Explicit
08-04 13:17:49.960 23297 23309 I art     : Explicit concurrent mark sweep GC freed 3(96B) AllocSpace objects, 0(0B) LOS objects, 40% free, 21MB/36MB, paused 94us total 10.360ms
08-04 13:17:49.980 22210 22210 I ServiceManager: Waiting for service AtCmdFwd...
08-04 13:17:50.245 23297 23310 I art     : Starting a blocking GC Explicit
08-04 13:17:50.261 23297 23310 I art     : Explicit concurrent mark sweep GC freed 1268(74KB) AllocSpace objects, 1(20KB) LOS objects, 40% free, 21MB/36MB, paused 119us total 15.078ms
08-04 13:17:50.270 23297 23310 I art     : Starting a blocking GC Explicit
08-04 13:17:50.280 23297 23310 I art     : Explicit concurrent mark sweep GC freed 18(624B) AllocSpace objects, 0(0B) LOS objects, 40% free, 21MB/36MB, paused 98us total 10.293ms
08-04 13:17:50.286 23297 23310 I art     : Starting a blocking GC Explicit
08-04 13:17:50.297 23297 23310 I art     : Explicit concurrent mark sweep GC freed 3(96B) AllocSpace objects, 0(0B) LOS objects, 40% free, 21MB/36MB, paused 165us total 10.113ms
08-04 13:17:50.302 23297 23310 I art     : Starting a blocking GC Explicit
08-04 13:17:50.312 23297 23310 I art     : Explicit concurrent mark sweep GC freed 3(96B) AllocSpace objects, 0(0B) LOS objects, 40% free, 21MB/36MB, paused 96us total 9.971ms
08-04 13:17:50.318 23297 23310 I art     : Starting a blocking GC Explicit
08-04 13:17:50.328 23297 23310 I art     : Explicit concurrent mark sweep GC freed 3(96B) AllocSpace objects, 0(0B) LOS objects, 40% free, 21MB/36MB, paused 98us total 9.921ms
08-04 13:17:50.634 23297 23309 I art     : Starting a blocking GC Explicit
08-04 13:17:50.652 23297 23309 I art     : Explicit concurrent mark sweep GC freed 1268(74KB) AllocSpace objects, 1(20KB) LOS objects, 40% free, 21MB/36MB, paused 125us total 17.635ms
08-04 13:17:50.662 23297 23309 I art     : Starting a blocking GC Explicit
08-04 13:17:50.676 23297 23309 I art     : Explicit concurrent mark sweep GC freed 18(624B) AllocSpace objects, 0(0B) LOS objects, 40% free, 21MB/36MB, paused 107us total 12.920ms
08-04 13:17:50.683 23297 23309 I art     : Starting a blocking GC Explicit
08-04 13:17:50.693 23297 23309 I art     : Explicit concurrent mark sweep GC freed 3(96B) AllocSpace objects, 0(0B) LOS objects, 40% free, 21MB/36MB, paused 90us total 10.004ms
08-04 13:17:50.699 23297 23309 I art     : Starting a blocking GC Explicit
08-04 13:17:50.709 23297 23309 I art     : Explicit concurrent mark sweep GC freed 3(96B) AllocSpace objects, 0(0B) LOS objects, 40% free, 21MB/36MB, paused 92us total 10.039ms
08-04 13:17:50.715 23297 23309 I art     : Starting a blocking GC Explicit
08-04 13:17:50.725 23297 23309 I art     : Explicit concurrent mark sweep GC freed 3(96B) AllocSpace objects, 0(0B) LOS objects, 40% free, 21MB/36MB, paused 92us total 10.146ms
08-04 13:17:50.981 22210 22210 I ServiceManager: Waiting for service AtCmdFwd...
08-04 13:17:51.015 23297 23310 I art     : Starting a blocking GC Explicit
08-04 13:17:51.030 23297 23310 I art     : Explicit concurrent mark sweep GC freed 1268(74KB) AllocSpace objects, 1(20KB) LOS objects, 40% free, 21MB/36MB, paused 120us total 14.829ms
08-04 13:17:51.040 23297 23310 I art     : Starting a blocking GC Explicit
08-04 13:17:51.050 23297 23310 I art     : Explicit concurrent mark sweep GC freed 18(624B) AllocSpace objects, 0(0B) LOS objects, 40% free, 21MB/36MB, paused 104us total 10.340ms
08-04 13:17:51.056 23297 23310 I art     : Starting a blocking GC Explicit
08-04 13:17:51.067 23297 23310 I art     : Explicit concurrent mark sweep GC freed 3(96B) AllocSpace objects, 0(0B) LOS objects, 40% free, 21MB/36MB, paused 100us total 9.950ms
08-04 13:17:51.072 23297 23310 I art     : Starting a blocking GC Explicit
08-04 13:17:51.083 23297 23310 I art     : Explicit concurrent mark sweep GC freed 3(96B) AllocSpace objects, 0(0B) LOS objects, 40% free, 21MB/36MB, paused 97us total 10.133ms
08-04 13:17:51.089 23297 23310 I art     : Starting a blocking GC Explicit
08-04 13:17:51.099 23297 23310 I art     : Explicit concurrent mark sweep GC freed 3(96B) AllocSpace objects, 0(0B) LOS objects, 40% free, 21MB/36MB, paused 90us total 9.845ms
08-04 13:17:51.213 13866 13882 I PeriodicStatsRunner: PeriodicStatsRunner.call():175 call()
08-04 13:17:51.213 13866 13882 I PeriodicStatsRunner: PeriodicStatsRunner.call():179 No submit PeriodicStats since input started.
08-04 13:17:51.396 23297 23309 I art     : Starting a blocking GC Explicit
08-04 13:17:51.410 23297 23309 I art     : Explicit concurrent mark sweep GC freed 1268(74KB) AllocSpace objects, 1(20KB) LOS objects, 40% free, 21MB/36MB, paused 103us total 13.724ms
08-04 13:17:51.418 23297 23309 I art     : Starting a blocking GC Explicit
08-04 13:17:51.428 23297 23309 I art     : Explicit concurrent mark sweep GC freed 18(624B) AllocSpace objects, 0(0B) LOS objects, 40% free, 21MB/36MB, paused 87us total 9.722ms
08-04 13:17:51.433 23297 23309 I art     : Starting a blocking GC Explicit
08-04 13:17:51.442 23297 23309 I art     : Explicit concurrent mark sweep GC freed 3(96B) AllocSpace objects, 0(0B) LOS objects, 40% free, 21MB/36MB, paused 79us total 8.956ms
08-04 13:17:51.447 23297 23309 I art     : Starting a blocking GC Explicit
08-04 13:17:51.456 23297 23309 I art     : Explicit concurrent mark sweep GC freed 3(96B) AllocSpace objects, 0(0B) LOS objects, 40% free, 21MB/36MB, paused 80us total 8.227ms
08-04 13:17:51.461 23297 23309 I art     : Starting a blocking GC Explicit
08-04 13:17:51.469 23297 23309 I art     : Explicit concurrent mark sweep GC freed 3(96B) AllocSpace objects, 0(0B) LOS objects, 40% free, 21MB/36MB, paused 78us total 8.156ms
08-04 13:17:51.725 23297 23310 I art     : Starting a blocking GC Explicit
08-04 13:17:51.738 23297 23310 I art     : Explicit concurrent mark sweep GC freed 1268(74KB) AllocSpace objects, 1(20KB) LOS objects, 40% free, 21MB/36MB, paused 109us total 12.422ms
08-04 13:17:51.745 23297 23310 I art     : Starting a blocking GC Explicit
08-04 13:17:51.756 23297 23310 I art     : Explicit concurrent mark sweep GC freed 18(624B) AllocSpace objects, 0(0B) LOS objects, 40% free, 21MB/36MB, paused 107us total 10.835ms
08-04 13:17:51.762 23297 23310 I art     : Starting a blocking GC Explicit
08-04 13:17:51.773 23297 23310 I art     : Explicit concurrent mark sweep GC freed 3(96B) AllocSpace objects, 0(0B) LOS objects, 40% free, 21MB/36MB, paused 100us total 10.776ms
08-04 13:17:51.780 23297 23310 I art     : Starting a blocking GC Explicit
08-04 13:17:51.790 23297 23310 I art     : Explicit concurrent mark sweep GC freed 3(96B) AllocSpace objects, 0(0B) LOS objects, 40% free, 21MB/36MB, paused 99us total 9.835ms
08-04 13:17:51.795 23297 23310 I art     : Starting a blocking GC Explicit
08-04 13:17:51.805 23297 23310 I art     : Explicit concurrent mark sweep GC freed 3(96B) AllocSpace objects, 0(0B) LOS objects, 40% free, 21MB/36MB, paused 91us total 9.638ms
08-04 13:17:51.982 22210 22210 I ServiceManager: Waiting for service AtCmdFwd...
08-04 13:17:52.111 23297 23309 I art     : Starting a blocking GC Explicit
08-04 13:17:52.127 23297 23309 I art     : Explicit concurrent mark sweep GC freed 1268(74KB) AllocSpace objects, 1(20KB) LOS objects, 40% free, 21MB/36MB, paused 124us total 15.795ms
08-04 13:17:52.137 23297 23309 I art     : Starting a blocking GC Explicit
08-04 13:17:52.150 23297 23309 I art     : Explicit concurrent mark sweep GC freed 18(624B) AllocSpace objects, 0(0B) LOS objects, 40% free, 21MB/36MB, paused 110us total 12.737ms
08-04 13:17:52.159 23297 23309 I art     : Starting a blocking GC Explicit
08-04 13:17:52.169 23297 23309 I art     : Explicit concurrent mark sweep GC freed 3(96B) AllocSpace objects, 0(0B) LOS objects, 40% free, 21MB/36MB, paused 91us total 10.123ms
08-04 13:17:52.175 23297 23309 I art     : Starting a blocking GC Explicit
08-04 13:17:52.185 23297 23309 I art     : Explicit concurrent mark sweep GC freed 3(96B) AllocSpace objects, 0(0B) LOS objects, 40% free, 21MB/36MB, paused 94us total 9.843ms
08-04 13:17:52.191 23297 23309 I art     : Starting a blocking GC Explicit
08-04 13:17:52.201 23297 23309 I art     : Explicit concurrent mark sweep GC freed 3(96B) AllocSpace objects, 0(0B) LOS objects, 40% free, 21MB/36MB, paused 90us total 9.847ms
08-04 13:17:52.435 23297 23310 I art     : Starting a blocking GC Explicit
08-04 13:17:52.445 23297 23310 I art     : Explicit concurrent mark sweep GC freed 1268(74KB) AllocSpace objects, 1(20KB) LOS objects, 40% free, 21MB/36MB, paused 105us total 10.008ms
08-04 13:17:52.451 23297 23310 I art     : Starting a blocking GC Explicit
08-04 13:17:52.461 23297 23310 I art     : Explicit concurrent mark sweep GC freed 18(624B) AllocSpace objects, 0(0B) LOS objects, 40% free, 21MB/36MB, paused 101us total 10.007ms
08-04 13:17:52.467 23297 23310 I art     : Starting a blocking GC Explicit
08-04 13:17:52.477 23297 23310 I art     : Explicit concurrent mark sweep GC freed 3(96B) AllocSpace objects, 0(0B) LOS objects, 40% free, 21MB/36MB, paused 111us total 9.766ms
08-04 13:17:52.483 23297 23310 I art     : Starting a blocking GC Explicit
08-04 13:17:52.493 23297 23310 I art     : Explicit concurrent mark sweep GC freed 3(96B) AllocSpace objects, 0(0B) LOS objects, 40% free, 21MB/36MB, paused 98us total 9.801ms
08-04 13:17:52.499 23297 23310 I art     : Starting a blocking GC Explicit
08-04 13:17:52.508 23297 23310 I art     : Explicit concurrent mark sweep GC freed 3(96B) AllocSpace objects, 0(0B) LOS objects, 40% free, 21MB/36MB, paused 95us total 9.257ms
08-04 13:17:52.656 23506 23506 D AndroidRuntime: >>>>>> START com.android.internal.os.RuntimeInit uid 2000 <<<<<<
08-04 13:17:52.660 23506 23506 D AndroidRuntime: CheckJNI is OFF
08-04 13:17:52.685 23506 23506 D ICU     : No timezone override file found: /data/misc/zoneinfo/current/icu/icu_tzdata.dat
08-04 13:17:52.709 23506 23506 I Radio-JNI: register_android_hardware_Radio DONE
08-04 13:17:52.725 23506 23506 D AndroidRuntime: Calling main entry com.android.commands.input.Input
08-04 13:17:52.726 23506 23506 I Input   : injectMotionEvent: MotionEvent { action=ACTION_DOWN, actionButton=0, id[0]=0, x[0]=711.0, y[0]=1664.0, toolType[0]=TOOL_TYPE_UNKNOWN, buttonState=0, metaState=0, flags=0x0, edgeFlags=0x0, pointerCount=1, historySize=0, eventTime=710289139, downTime=710289139, deviceId=0, source=0x1002 }
08-04 13:17:52.731 23506 23506 I Input   : injectMotionEvent: MotionEvent { action=ACTION_UP, actionButton=0, id[0]=0, x[0]=711.0, y[0]=1664.0, toolType[0]=TOOL_TYPE_UNKNOWN, buttonState=0, metaState=0, flags=0x0, edgeFlags=0x0, pointerCount=1, historySize=0, eventTime=710289139, downTime=710289139, deviceId=0, source=0x1002 }
08-04 13:17:52.733 23506 23506 D AndroidRuntime: Shutting down VM
08-04 13:17:52.742   918   929 I ActivityManager: START u0 {flg=0x14000000 cmp=baseline.com.ak.uobtimetable/.CourseListActivity} from uid 10659 on display 0
08-04 13:17:52.743   512  2967 D audio_hw_primary: out_set_parameters: enter: usecase(1: low-latency-playback) kvpairs: routing=2
08-04 13:17:52.756   512  2967 D audio_hw_primary: select_devices: out_snd_device(2: speaker) in_snd_device(0: none)
08-04 13:17:52.756   512  2967 D msm8974_platform: platform_send_audio_calibration: sending audio calibration for snd_device(2) acdb_id(15)
08-04 13:17:52.756   512  2967 I soundtrigger: audio_extn_sound_trigger_update_device_status: device 0x2 of type 0 for Event 1
08-04 13:17:52.764 23297 23309 I art     : Starting a blocking GC Explicit
08-04 13:17:52.767   512  2967 D audio_hw_primary: enable_snd_device: snd_device(2: speaker)
08-04 13:17:52.769   512  2967 D audio_hw_primary: enable_audio_route: apply and update mixer path: low-latency-playback speaker
08-04 13:17:52.776 23297 23309 I art     : Explicit concurrent mark sweep GC freed 3066(193KB) AllocSpace objects, 1(20KB) LOS objects, 40% free, 21MB/36MB, paused 304us total 12.376ms
08-04 13:17:52.782 23297 23309 I art     : Starting a blocking GC Explicit
08-04 13:17:52.784 23297 23297 D CourseListActivity: onCreate
08-04 13:17:52.794 23297 23309 I art     : Explicit concurrent mark sweep GC freed 680(75KB) AllocSpace objects, 0(0B) LOS objects, 40% free, 22MB/36MB, paused 438us total 11.862ms
08-04 13:17:52.800 23297 23309 I art     : Starting a blocking GC Explicit
08-04 13:17:52.814 23297 23309 I art     : Explicit concurrent mark sweep GC freed 848(74KB) AllocSpace objects, 0(0B) LOS objects, 40% free, 22MB/36MB, paused 374us total 13.400ms
08-04 13:17:52.814 23297 23556 D HTTP    : Request for: https://uob-timetable-api.adriankeenan.co.uk/courses
08-04 13:17:52.820 23297 23309 I art     : Starting a blocking GC Explicit
08-04 13:17:52.831 23297 23309 I art     : Explicit concurrent mark sweep GC freed 397(42KB) AllocSpace objects, 0(0B) LOS objects, 40% free, 22MB/36MB, paused 156us total 11.133ms
08-04 13:17:52.836 23297 23309 I art     : Starting a blocking GC Explicit
08-04 13:17:52.847 23297 23309 I art     : Explicit concurrent mark sweep GC freed 158(8KB) AllocSpace objects, 0(0B) LOS objects, 40% free, 22MB/37MB, paused 207us total 10.633ms
08-04 13:17:52.875 13866 13866 I GoogleInputMethodServic: GoogleInputMethodService.onFinishInput():3138 
08-04 13:17:52.876   918   936 I ActivityManager: Displayed baseline.com.ak.uobtimetable/.CourseListActivity: +125ms
08-04 13:17:52.877 13866 13866 I GoogleInputMethodServic: GoogleInputMethodService.onStartInput():1808 
08-04 13:17:52.890 23297 23313 D OpenGLRenderer: endAllStagingAnimators on 0x7f949ad800 (RippleDrawable) with handle 0x7f99ebd0c0
08-04 13:17:52.983 22210 22210 I ServiceManager: Waiting for service AtCmdFwd...
08-04 13:17:53.075 23297 23556 I NAPPA_EXPERIMENTATION: MetricNetworkRequestExecutionTime: REQUEST_DURATION_SYSTEM='257',REQUEST_DURATION_OKHTTP='39',REQUEST_SYNCHRONOUS='TRUE',RESPONSE_CODE='200',RESPONSE_METHOD='GET',RESPONSE_LENGTH_OKHTTP='-1',RESPONSE_LENGTH_HEADER='-2',REQUEST_PROTOCOL='http/1.1',REQUEST_URL='https://uob-timetable-api.adriankeenan.co.uk/courses',
08-04 13:17:53.096 23297 23309 I art     : Starting a blocking GC Explicit
08-04 13:17:53.111 23297 23309 I art     : Explicit concurrent mark sweep GC freed 4196(275KB) AllocSpace objects, 4(220KB) LOS objects, 40% free, 23MB/39MB, paused 164us total 14.964ms
08-04 13:17:53.117 23297 23309 I art     : Starting a blocking GC Explicit
08-04 13:17:53.134 23297 23309 I art     : Explicit concurrent mark sweep GC freed 1059(120KB) AllocSpace objects, 0(0B) LOS objects, 38% free, 25MB/41MB, paused 165us total 17.300ms
08-04 13:17:53.140 23297 23309 I art     : Starting a blocking GC Explicit
08-04 13:17:53.151 23297 23309 I art     : Explicit concurrent mark sweep GC freed 12(320B) AllocSpace objects, 0(0B) LOS objects, 37% free, 27MB/43MB, paused 127us total 10.490ms
08-04 13:17:53.157 23297 23309 I art     : Starting a blocking GC Explicit
08-04 13:17:53.167 23297 23309 I art     : Explicit concurrent mark sweep GC freed 10(272B) AllocSpace objects, 0(0B) LOS objects, 35% free, 28MB/44MB, paused 139us total 10.628ms
08-04 13:17:53.173 23297 23309 I art     : Starting a blocking GC Explicit
08-04 13:17:53.185 23297 23309 I art     : Explicit concurrent mark sweep GC freed 12(320B) AllocSpace objects, 0(0B) LOS objects, 34% free, 30MB/46MB, paused 145us total 11.550ms
08-04 13:17:53.300   512  2967 D audio_hw_primary: disable_audio_route: reset and update mixer path: low-latency-playback speaker
08-04 13:17:53.300   512  2967 D audio_hw_primary: disable_snd_device: snd_device(2: speaker)
08-04 13:17:53.308   512  2967 I soundtrigger: audio_extn_sound_trigger_update_device_status: device 0x2 of type 0 for Event 0
08-04 13:17:53.427 23297 23556 I HTTP    : Response was compressed.
08-04 13:17:53.438 23297 23554 I art     : Starting a blocking GC Explicit
08-04 13:17:53.457 23297 23554 I art     : Explicit concurrent mark sweep GC freed 9566(445KB) AllocSpace objects, 2(22MB) LOS objects, 29% free, 37MB/53MB, paused 239us total 18.842ms
08-04 13:17:53.464 23297 23554 I art     : Starting a blocking GC Explicit
08-04 13:17:53.476 23297 23554 I art     : Explicit concurrent mark sweep GC freed 12919(604KB) AllocSpace objects, 0(0B) LOS objects, 29% free, 37MB/53MB, paused 178us total 12.306ms
08-04 13:17:53.482 23297 23554 I art     : Starting a blocking GC Explicit
08-04 13:17:53.493 23297 23554 I art     : Explicit concurrent mark sweep GC freed 9492(443KB) AllocSpace objects, 0(0B) LOS objects, 29% free, 37MB/53MB, paused 161us total 11.059ms
08-04 13:17:53.498 23297 23554 I art     : Starting a blocking GC Explicit
08-04 13:17:53.510 23297 23554 I art     : Explicit concurrent mark sweep GC freed 8924(413KB) AllocSpace objects, 0(0B) LOS objects, 29% free, 37MB/53MB, paused 204us total 11.251ms
08-04 13:17:53.515 23297 23554 I art     : Starting a blocking GC Explicit
08-04 13:17:53.527 23297 23554 I art     : Explicit concurrent mark sweep GC freed 8931(421KB) AllocSpace objects, 0(0B) LOS objects, 29% free, 37MB/53MB, paused 179us total 11.426ms
08-04 13:17:53.792 23297 23554 I art     : Starting a blocking GC Explicit
08-04 13:17:53.820 23297 23554 I art     : Explicit concurrent mark sweep GC freed 157936(7MB) AllocSpace objects, 1(20KB) LOS objects, 28% free, 39MB/55MB, paused 283us total 27.854ms
08-04 13:17:53.828 23297 23554 I art     : Starting a blocking GC Explicit
08-04 13:17:53.843 23297 23554 I art     : Explicit concurrent mark sweep GC freed 16834(791KB) AllocSpace objects, 0(0B) LOS objects, 28% free, 39MB/55MB, paused 242us total 14.825ms
08-04 13:17:53.850 23297 23554 I art     : Starting a blocking GC Explicit
08-04 13:17:53.865 23297 23554 I art     : Explicit concurrent mark sweep GC freed 12155(571KB) AllocSpace objects, 0(0B) LOS objects, 28% free, 39MB/55MB, paused 242us total 14.352ms
08-04 13:17:53.871 23297 23554 I art     : Starting a blocking GC Explicit
08-04 13:17:53.887 23297 23554 I art     : Explicit concurrent mark sweep GC freed 12613(587KB) AllocSpace objects, 0(0B) LOS objects, 28% free, 39MB/55MB, paused 253us total 15.327ms
08-04 13:17:53.894 23297 23554 I art     : Starting a blocking GC Explicit
08-04 13:17:53.909 23297 23554 I art     : Explicit concurrent mark sweep GC freed 12266(575KB) AllocSpace objects, 0(0B) LOS objects, 28% free, 39MB/55MB, paused 243us total 15.304ms
08-04 13:17:53.983 22210 22210 W Atfwd_Sendcmd: AtCmdFwd service not published, waiting... retryCnt : 3
08-04 13:17:54.175 23297 23310 I art     : Starting a blocking GC Explicit
08-04 13:17:54.207 23297 23310 I art     : Explicit concurrent mark sweep GC freed 159629(7MB) AllocSpace objects, 1(20KB) LOS objects, 28% free, 40MB/56MB, paused 357us total 31.741ms
08-04 13:17:54.217 23297 23310 I art     : Starting a blocking GC Explicit
08-04 13:17:54.238 23297 23310 I art     : Explicit concurrent mark sweep GC freed 21916(1034KB) AllocSpace objects, 0(0B) LOS objects, 28% free, 40MB/56MB, paused 320us total 20.591ms
08-04 13:17:54.246 23297 23310 I art     : Starting a blocking GC Explicit
08-04 13:17:54.264 23297 23310 I art     : Explicit concurrent mark sweep GC freed 14215(682KB) AllocSpace objects, 0(0B) LOS objects, 28% free, 40MB/56MB, paused 320us total 17.800ms
08-04 13:17:54.272 23297 23310 I art     : Starting a blocking GC Explicit
08-04 13:17:54.292 23297 23310 I art     : Explicit concurrent mark sweep GC freed 14864(700KB) AllocSpace objects, 0(0B) LOS objects, 28% free, 41MB/57MB, paused 385us total 19.266ms
08-04 13:17:54.300 23297 23310 I art     : Starting a blocking GC Explicit
08-04 13:17:54.319 23297 23310 I art     : Explicit concurrent mark sweep GC freed 15041(705KB) AllocSpace objects, 0(0B) LOS objects, 28% free, 41MB/57MB, paused 315us total 18.893ms
08-04 13:17:54.578 23297 23310 I art     : Starting a blocking GC Explicit
08-04 13:17:54.621 23297 23310 I art     : Explicit concurrent mark sweep GC freed 149395(6MB) AllocSpace objects, 1(20KB) LOS objects, 27% free, 42MB/58MB, paused 493us total 41.949ms
08-04 13:17:54.632 23297 23310 I art     : Starting a blocking GC Explicit
08-04 13:17:54.655 23297 23310 I art     : Explicit concurrent mark sweep GC freed 24856(1169KB) AllocSpace objects, 0(0B) LOS objects, 27% free, 42MB/58MB, paused 341us total 23.055ms
08-04 13:17:54.664 23297 23310 I art     : Starting a blocking GC Explicit
08-04 13:17:54.685 23297 23310 I art     : Explicit concurrent mark sweep GC freed 16871(816KB) AllocSpace objects, 0(0B) LOS objects, 27% free, 42MB/58MB, paused 358us total 21.177ms
08-04 13:17:54.694 23297 23310 I art     : Starting a blocking GC Explicit
08-04 13:17:54.715 23297 23310 I art     : Explicit concurrent mark sweep GC freed 15726(744KB) AllocSpace objects, 0(0B) LOS objects, 27% free, 42MB/58MB, paused 345us total 20.705ms
08-04 13:17:54.723 23297 23310 I art     : Starting a blocking GC Explicit
08-04 13:17:54.744 23297 23310 I art     : Explicit concurrent mark sweep GC freed 16058(751KB) AllocSpace objects, 0(0B) LOS objects, 27% free, 42MB/58MB, paused 340us total 20.732ms
08-04 13:17:55.012 23297 23310 I art     : Starting a blocking GC Explicit
08-04 13:17:55.051 23297 23310 I art     : Explicit concurrent mark sweep GC freed 161542(7MB) AllocSpace objects, 1(20KB) LOS objects, 26% free, 44MB/60MB, paused 508us total 38.061ms
08-04 13:17:55.062 23297 23310 I art     : Starting a blocking GC Explicit
08-04 13:17:55.087 23297 23310 I art     : Explicit concurrent mark sweep GC freed 24264(1138KB) AllocSpace objects, 0(0B) LOS objects, 26% free, 44MB/60MB, paused 417us total 25.103ms
08-04 13:17:55.097 23297 23310 I art     : Starting a blocking GC Explicit
08-04 13:17:55.122 23297 23310 I art     : Explicit concurrent mark sweep GC freed 18456(871KB) AllocSpace objects, 0(0B) LOS objects, 26% free, 44MB/60MB, paused 397us total 24.327ms
08-04 13:17:55.131 23297 23310 I art     : Starting a blocking GC Explicit
08-04 13:17:55.156 23297 23310 I art     : Explicit concurrent mark sweep GC freed 18788(878KB) AllocSpace objects, 0(0B) LOS objects, 26% free, 44MB/60MB, paused 405us total 24.680ms
08-04 13:17:55.166 23297 23310 I art     : Starting a blocking GC Explicit
08-04 13:17:55.191 23297 23310 I art     : Explicit concurrent mark sweep GC freed 18772(878KB) AllocSpace objects, 0(0B) LOS objects, 26% free, 44MB/60MB, paused 478us total 24.819ms
08-04 13:17:55.461 23297 23554 I art     : Starting a blocking GC Explicit
08-04 13:17:55.506 23297 23554 I art     : Explicit concurrent mark sweep GC freed 163716(7MB) AllocSpace objects, 1(20KB) LOS objects, 25% free, 45MB/61MB, paused 498us total 44.912ms
08-04 13:17:55.518 23297 23554 I art     : Starting a blocking GC Explicit
08-04 13:17:55.547 23297 23554 I art     : Explicit concurrent mark sweep GC freed 26338(1229KB) AllocSpace objects, 0(0B) LOS objects, 25% free, 45MB/61MB, paused 485us total 28.698ms
08-04 13:17:55.557 23297 23554 I art     : Starting a blocking GC Explicit
08-04 13:17:55.585 23297 23554 I art     : Explicit concurrent mark sweep GC freed 21332(996KB) AllocSpace objects, 0(0B) LOS objects, 25% free, 46MB/62MB, paused 490us total 28.166ms
08-04 13:17:55.596 23297 23554 I art     : Starting a blocking GC Explicit
08-04 13:17:55.625 23297 23554 I art     : Explicit concurrent mark sweep GC freed 21641(1006KB) AllocSpace objects, 0(0B) LOS objects, 25% free, 46MB/62MB, paused 470us total 28.813ms
08-04 13:17:55.635 23297 23554 I art     : Starting a blocking GC Explicit
08-04 13:17:55.664 23297 23554 I art     : Explicit concurrent mark sweep GC freed 21021(982KB) AllocSpace objects, 0(0B) LOS objects, 25% free, 46MB/62MB, paused 489us total 28.473ms
08-04 13:17:55.933 23297 23309 I art     : Starting a blocking GC Explicit
08-04 13:17:55.983 23297 23309 I art     : Explicit concurrent mark sweep GC freed 166276(7MB) AllocSpace objects, 1(20KB) LOS objects, 25% free, 47MB/63MB, paused 531us total 50.372ms
08-04 13:17:55.995 23297 23309 I art     : Starting a blocking GC Explicit
08-04 13:17:56.027 23297 23309 I art     : Explicit concurrent mark sweep GC freed 27902(1322KB) AllocSpace objects, 0(0B) LOS objects, 25% free, 47MB/63MB, paused 566us total 32.238ms
08-04 13:17:56.039 23297 23309 I art     : Starting a blocking GC Explicit
08-04 13:17:56.071 23297 23309 I art     : Explicit concurrent mark sweep GC freed 23543(1109KB) AllocSpace objects, 0(0B) LOS objects, 25% free, 47MB/63MB, paused 551us total 32.298ms
08-04 13:17:56.071 23297 23307 I art     : WaitForGcToComplete blocked for 32.478ms for cause HeapTrim
08-04 13:17:56.082 23297 23309 I art     : Starting a blocking GC Explicit
08-04 13:17:56.115 23297 23309 I art     : Explicit concurrent mark sweep GC freed 22899(1080KB) AllocSpace objects, 0(0B) LOS objects, 24% free, 48MB/64MB, paused 623us total 32.675ms
08-04 13:17:56.127 23297 23309 I art     : Starting a blocking GC Explicit
08-04 13:17:56.160 23297 23309 I art     : Explicit concurrent mark sweep GC freed 23760(1112KB) AllocSpace objects, 0(0B) LOS objects, 24% free, 48MB/64MB, paused 897us total 33.495ms
08-04 13:17:56.210 23297 23556 I Service : getCourses response time: 0.69
08-04 13:17:56.225 23297 23297 I SettingsManager: Getting string: savedCourse
08-04 13:17:56.433 23297 23309 I art     : Starting a blocking GC Explicit
08-04 13:17:56.482 23297 23309 I art     : Explicit concurrent mark sweep GC freed 29282(1439KB) AllocSpace objects, 2(15MB) LOS objects, 32% free, 33MB/49MB, paused 155us total 49.038ms
08-04 13:17:56.496 23297 23309 I art     : Starting a blocking GC Explicit
08-04 13:17:56.531 23297 23309 I art     : Explicit concurrent mark sweep GC freed 73(2928B) AllocSpace objects, 0(0B) LOS objects, 32% free, 33MB/49MB, paused 137us total 34.338ms
08-04 13:17:56.543 23297 23309 I art     : Starting a blocking GC Explicit
08-04 13:17:56.578 23297 23309 I art     : Explicit concurrent mark sweep GC freed 3(96B) AllocSpace objects, 0(0B) LOS objects, 32% free, 33MB/49MB, paused 145us total 34.601ms
08-04 13:17:56.590 23297 23309 I art     : Starting a blocking GC Explicit
08-04 13:17:56.625 23297 23309 I art     : Explicit concurrent mark sweep GC freed 3(96B) AllocSpace objects, 0(0B) LOS objects, 32% free, 33MB/49MB, paused 177us total 34.456ms
08-04 13:17:56.637 23297 23309 I art     : Starting a blocking GC Explicit
08-04 13:17:56.672 23297 23309 I art     : Explicit concurrent mark sweep GC freed 3(96B) AllocSpace objects, 0(0B) LOS objects, 32% free, 33MB/49MB, paused 145us total 34.628ms
08-04 13:17:56.980 23297 23310 I art     : Starting a blocking GC Explicit
08-04 13:17:57.025 23297 23310 I art     : Explicit concurrent mark sweep GC freed 1274(74KB) AllocSpace objects, 1(20KB) LOS objects, 32% free, 33MB/49MB, paused 199us total 45.427ms
08-04 13:17:57.039 23297 23310 I art     : Starting a blocking GC Explicit
08-04 13:17:57.075 23297 23310 I art     : Explicit concurrent mark sweep GC freed 18(640B) AllocSpace objects, 0(0B) LOS objects, 32% free, 33MB/49MB, paused 150us total 35.887ms
08-04 13:17:57.088 23297 23310 I art     : Starting a blocking GC Explicit
08-04 13:17:57.124 23297 23310 I art     : Explicit concurrent mark sweep GC freed 3(96B) AllocSpace objects, 0(0B) LOS objects, 32% free, 33MB/49MB, paused 152us total 36.030ms
08-04 13:17:57.137 23297 23310 I art     : Starting a blocking GC Explicit
08-04 13:17:57.172 23297 23310 I art     : Explicit concurrent mark sweep GC freed 3(96B) AllocSpace objects, 0(0B) LOS objects, 32% free, 33MB/49MB, paused 148us total 34.929ms
08-04 13:17:57.185 23297 23310 I art     : Starting a blocking GC Explicit
08-04 13:17:57.221 23297 23310 I art     : Explicit concurrent mark sweep GC freed 3(96B) AllocSpace objects, 0(0B) LOS objects, 32% free, 33MB/49MB, paused 156us total 36.002ms
08-04 13:17:57.542 23297 23554 I art     : Starting a blocking GC Explicit
08-04 13:17:57.596 23297 23554 I art     : Explicit concurrent mark sweep GC freed 1274(74KB) AllocSpace objects, 1(20KB) LOS objects, 32% free, 33MB/49MB, paused 156us total 53.501ms
08-04 13:17:57.610 23297 23554 I art     : Starting a blocking GC Explicit
08-04 13:17:57.645 23297 23554 I art     : Explicit concurrent mark sweep GC freed 18(624B) AllocSpace objects, 0(0B) LOS objects, 32% free, 33MB/49MB, paused 144us total 35.077ms
08-04 13:17:57.658 23297 23554 I art     : Starting a blocking GC Explicit
08-04 13:17:57.693 23297 23554 I art     : Explicit concurrent mark sweep GC freed 3(96B) AllocSpace objects, 0(0B) LOS objects, 32% free, 33MB/49MB, paused 146us total 34.516ms
08-04 13:17:57.705 23297 23554 I art     : Starting a blocking GC Explicit
08-04 13:17:57.740 23297 23554 I art     : Explicit concurrent mark sweep GC freed 3(96B) AllocSpace objects, 0(0B) LOS objects, 32% free, 33MB/49MB, paused 149us total 34.687ms
08-04 13:17:57.752 23297 23554 I art     : Starting a blocking GC Explicit
08-04 13:17:57.789 23297 23554 I art     : Explicit concurrent mark sweep GC freed 3(96B) AllocSpace objects, 0(0B) LOS objects, 32% free, 33MB/49MB, paused 186us total 36.065ms
08-04 13:17:57.884 13866 13882 I PeriodicStatsRunner: PeriodicStatsRunner.call():175 call()
08-04 13:17:57.885 13866 13882 I PeriodicStatsRunner: PeriodicStatsRunner.call():179 No submit PeriodicStats since input started.
08-04 13:17:58.105 23297 23310 I art     : Starting a blocking GC Explicit
08-04 13:17:58.157 23297 23310 I art     : Explicit concurrent mark sweep GC freed 1275(74KB) AllocSpace objects, 1(20KB) LOS objects, 32% free, 33MB/49MB, paused 172us total 52.049ms
08-04 13:17:58.171 23297 23310 I art     : Starting a blocking GC Explicit
08-04 13:17:58.204 23297 23310 I art     : Explicit concurrent mark sweep GC freed 20(704B) AllocSpace objects, 0(0B) LOS objects, 32% free, 33MB/49MB, paused 143us total 32.598ms
08-04 13:17:58.216 23297 23310 I art     : Starting a blocking GC Explicit
08-04 13:17:58.251 23297 23310 I art     : Explicit concurrent mark sweep GC freed 3(96B) AllocSpace objects, 0(0B) LOS objects, 32% free, 33MB/49MB, paused 161us total 35.457ms
08-04 13:17:58.264 23297 23310 I art     : Starting a blocking GC Explicit
08-04 13:17:58.300 23297 23310 I art     : Explicit concurrent mark sweep GC freed 3(96B) AllocSpace objects, 0(0B) LOS objects, 32% free, 33MB/49MB, paused 151us total 35.546ms
08-04 13:17:58.312 23297 23310 I art     : Starting a blocking GC Explicit
08-04 13:17:58.349 23297 23310 I art     : Explicit concurrent mark sweep GC freed 3(96B) AllocSpace objects, 0(0B) LOS objects, 32% free, 33MB/49MB, paused 153us total 36.148ms
08-04 13:17:58.697 23297 23554 I art     : Starting a blocking GC Explicit
08-04 13:17:58.751 23297 23554 I art     : Explicit concurrent mark sweep GC freed 1274(74KB) AllocSpace objects, 1(20KB) LOS objects, 32% free, 33MB/49MB, paused 160us total 54.250ms
08-04 13:17:58.765 23297 23554 I art     : Starting a blocking GC Explicit
08-04 13:17:58.801 23297 23554 I art     : Explicit concurrent mark sweep GC freed 18(624B) AllocSpace objects, 0(0B) LOS objects, 32% free, 33MB/49MB, paused 149us total 35.217ms
08-04 13:17:58.813 23297 23554 I art     : Starting a blocking GC Explicit
08-04 13:17:58.850 23297 23554 I art     : Explicit concurrent mark sweep GC freed 3(96B) AllocSpace objects, 0(0B) LOS objects, 32% free, 33MB/49MB, paused 147us total 36.387ms
08-04 13:17:58.863 23297 23554 I art     : Starting a blocking GC Explicit
08-04 13:17:58.898 23297 23554 I art     : Explicit concurrent mark sweep GC freed 3(96B) AllocSpace objects, 0(0B) LOS objects, 32% free, 33MB/49MB, paused 145us total 35.166ms
08-04 13:17:58.911 23297 23554 I art     : Starting a blocking GC Explicit
08-04 13:17:58.947 23297 23554 I art     : Explicit concurrent mark sweep GC freed 3(96B) AllocSpace objects, 0(0B) LOS objects, 32% free, 33MB/49MB, paused 159us total 36.006ms
08-04 13:17:59.187 23297 23309 I art     : Starting a blocking GC Explicit
08-04 13:17:59.224 23297 23309 I art     : Explicit concurrent mark sweep GC freed 1274(74KB) AllocSpace objects, 1(20KB) LOS objects, 32% free, 33MB/49MB, paused 150us total 36.901ms
08-04 13:17:59.238 23297 23309 I art     : Starting a blocking GC Explicit
08-04 13:17:59.273 23297 23309 I art     : Explicit concurrent mark sweep GC freed 18(624B) AllocSpace objects, 0(0B) LOS objects, 32% free, 33MB/49MB, paused 151us total 35.077ms
08-04 13:17:59.286 23297 23309 I art     : Starting a blocking GC Explicit
08-04 13:17:59.320 23297 23309 I art     : Explicit concurrent mark sweep GC freed 3(96B) AllocSpace objects, 0(0B) LOS objects, 32% free, 33MB/49MB, paused 140us total 33.896ms
08-04 13:17:59.332 23297 23309 I art     : Starting a blocking GC Explicit
08-04 13:17:59.337 23695 23695 D AndroidRuntime: >>>>>> START com.android.internal.os.RuntimeInit uid 2000 <<<<<<
08-04 13:17:59.340 23695 23695 D AndroidRuntime: CheckJNI is OFF
08-04 13:17:59.363 23297 23309 I art     : Explicit concurrent mark sweep GC freed 3(96B) AllocSpace objects, 0(0B) LOS objects, 32% free, 33MB/49MB, paused 144us total 31.141ms
08-04 13:17:59.366 23695 23695 D ICU     : No timezone override file found: /data/misc/zoneinfo/current/icu/icu_tzdata.dat
08-04 13:17:59.375 23297 23309 I art     : Starting a blocking GC Explicit
08-04 13:17:59.390 23695 23695 I Radio-JNI: register_android_hardware_Radio DONE
08-04 13:17:59.407 23297 23309 I art     : Explicit concurrent mark sweep GC freed 3(96B) AllocSpace objects, 0(0B) LOS objects, 32% free, 33MB/49MB, paused 139us total 31.729ms
08-04 13:17:59.407 23695 23695 D AndroidRuntime: Calling main entry com.android.commands.input.Input
08-04 13:17:59.409 23695 23695 I Input   : injectMotionEvent: MotionEvent { action=ACTION_DOWN, actionButton=0, id[0]=0, x[0]=526.0, y[0]=704.0, toolType[0]=TOOL_TYPE_UNKNOWN, buttonState=0, metaState=0, flags=0x0, edgeFlags=0x0, pointerCount=1, historySize=0, eventTime=710295821, downTime=710295821, deviceId=0, source=0x1002 }
08-04 13:17:59.414 23695 23695 I Input   : injectMotionEvent: MotionEvent { action=ACTION_UP, actionButton=0, id[0]=0, x[0]=526.0, y[0]=704.0, toolType[0]=TOOL_TYPE_UNKNOWN, buttonState=0, metaState=0, flags=0x0, edgeFlags=0x0, pointerCount=1, historySize=0, eventTime=710295821, downTime=710295821, deviceId=0, source=0x1002 }
08-04 13:17:59.416 23695 23695 D AndroidRuntime: Shutting down VM
08-04 13:17:59.482   512  2967 D audio_hw_primary: out_set_parameters: enter: usecase(1: low-latency-playback) kvpairs: routing=2
08-04 13:17:59.495   512  2967 D audio_hw_primary: select_devices: out_snd_device(2: speaker) in_snd_device(0: none)
08-04 13:17:59.495   512  2967 D msm8974_platform: platform_send_audio_calibration: sending audio calibration for snd_device(2) acdb_id(15)
08-04 13:17:59.495   512  2967 I soundtrigger: audio_extn_sound_trigger_update_device_status: device 0x2 of type 0 for Event 1
08-04 13:17:59.505   512  2967 D audio_hw_primary: enable_snd_device: snd_device(2: speaker)
08-04 13:17:59.507   512  2967 D audio_hw_primary: enable_audio_route: apply and update mixer path: low-latency-playback speaker
08-04 13:17:59.630 23297 23554 I art     : Starting a blocking GC Explicit
08-04 13:17:59.672 23297 23554 I art     : Explicit concurrent mark sweep GC freed 2049(133KB) AllocSpace objects, 2(40KB) LOS objects, 32% free, 33MB/49MB, paused 171us total 40.840ms
08-04 13:17:59.686 23297 23554 I art     : Starting a blocking GC Explicit
08-04 13:17:59.724 23297 23554 I art     : Explicit concurrent mark sweep GC freed 148(6KB) AllocSpace objects, 0(0B) LOS objects, 32% free, 33MB/49MB, paused 149us total 37.197ms
08-04 13:17:59.738 23297 23554 I art     : Starting a blocking GC Explicit
08-04 13:17:59.775 23297 23554 I art     : Explicit concurrent mark sweep GC freed 3(96B) AllocSpace objects, 0(0B) LOS objects, 32% free, 33MB/49MB, paused 154us total 37.167ms
08-04 13:17:59.790 23297 23554 I art     : Starting a blocking GC Explicit
08-04 13:17:59.827 23297 23554 I art     : Explicit concurrent mark sweep GC freed 3(96B) AllocSpace objects, 0(0B) LOS objects, 32% free, 33MB/49MB, paused 161us total 37.323ms
08-04 13:17:59.842 23297 23554 I art     : Starting a blocking GC Explicit
08-04 13:17:59.880 23297 23554 I art     : Explicit concurrent mark sweep GC freed 7(224B) AllocSpace objects, 0(0B) LOS objects, 32% free, 33MB/49MB, paused 159us total 37.371ms
08-04 13:18:00.052   512  2967 D audio_hw_primary: disable_audio_route: reset and update mixer path: low-latency-playback speaker
08-04 13:18:00.054   512  2967 D audio_hw_primary: disable_snd_device: snd_device(2: speaker)
08-04 13:18:00.067   512  2967 I soundtrigger: audio_extn_sound_trigger_update_device_status: device 0x2 of type 0 for Event 0
08-04 13:18:00.078 32231 32231 I Finsky  : [1] xow.onStartJob(3): SCH: onJobSchedulerWakeup with jobId 9011
08-04 13:18:00.085 32231 32231 I Finsky  : [1] xjw.a(9): Scheduling fallback in 43199996 (absolute: 1736883956)
08-04 13:18:00.093 24365  7397 I NetworkScheduler.Stats: Task com.google.android.apps.gcs/ started execution. cause:4 exec_start_elapsed_seconds: 1693683 [CONTEXT service_id=218 ]
08-04 13:18:00.095 32231 32231 I Finsky  : [1] xjw.a(9): Scheduling fallback in 64799992 (absolute: 1758483961)
08-04 13:18:00.096 22624 23736 W Gcs.WfaEliRefreshTask: [24021] afk.b: NULL eligibility response.
08-04 13:18:00.100 32231 32231 I Finsky  : [1] xow.onStartJob(3): SCH: onJobSchedulerWakeup with jobId 9016
08-04 13:18:00.105 32231 32231 I Finsky  : [1] xjw.a(9): Scheduling fallback in 43199998 (absolute: 1736883978)
08-04 13:18:00.108 32231 32231 I Finsky  : [1] xjw.a(9): Scheduling fallback in 64799998 (absolute: 1758483981)
08-04 13:18:00.113 32231 32231 W Finsky  : [1] xow.onStartJob(9): SCH: onJobSchedulerWakeup while already running
08-04 13:18:00.114 24365  7397 I NetworkScheduler.Stats: Task com.google.android.apps.gcs/ finished executing. cause:4 result: 3 elapsed_millis: 27 uptime_millis: 27 exec_start_elapsed_seconds: 1693683 [CONTEXT service_id=218 ]
08-04 13:18:00.156 24365 25567 I NetworkScheduler.Stats: Task com.google.android.gms/com.google.android.gms.icing.service.IcingGcmTaskService started execution. cause:5 exec_start_elapsed_seconds: 1693684 [CONTEXT service_id=218 ]
08-04 13:18:00.163 24365  7397 I NetworkScheduler.Stats: Task com.google.android.gms/com.google.android.gms.icing.service.IcingGcmTaskService finished executing. cause:5 result: 1 elapsed_millis: 24 uptime_millis: 25 exec_start_elapsed_seconds: 1693684 [CONTEXT service_id=218 ]
08-04 13:18:00.172 23297 23729 I art     : Starting a blocking GC Explicit
08-04 13:18:00.201 32231 32231 I Finsky  : [1] xkf.handleMessage(8): SCH: DeviceState: DeviceState{currentTime=1596539880196, isCharging=false, isIdle=false, netAny=true, netNotRoaming=true, netUnmetered=true, batteryPercent=100.0}
08-04 13:18:00.207 32231 23270 I Finsky  : [6045] xmu.a(8): SCH: Jobs in database: 1-1337 3-191 3-192 12-1 24-77777777 26-1414141414 
08-04 13:18:00.209 23297 23729 I art     : Explicit concurrent mark sweep GC freed 1283(75KB) AllocSpace objects, 1(20KB) LOS objects, 32% free, 33MB/49MB, paused 144us total 37.683ms
08-04 13:18:00.210 32231 32231 I Finsky  : [1] xkg.a(16): SCH: Running job: 12-1
08-04 13:18:00.211 32231 32231 I Finsky  : [1] ContentSyncJob.a(16): [ContentSync] job started
08-04 13:18:00.213 32231 32231 I Finsky  : [1] xkf.handleMessage(61): SCH: RunningQueue size: 1, PendingQueue size: 0
08-04 13:18:00.213 32231 32231 I Finsky  : [1] xkf.handleMessage(64): SCH: Running queue: 12-1 
08-04 13:18:00.223 23297 23729 I art     : Starting a blocking GC Explicit
08-04 13:18:00.256 23297 23729 I art     : Explicit concurrent mark sweep GC freed 22(752B) AllocSpace objects, 0(0B) LOS objects, 32% free, 33MB/49MB, paused 142us total 33.286ms
08-04 13:18:00.269 23297 23729 I art     : Starting a blocking GC Explicit
08-04 13:18:00.301 23297 23729 I art     : Explicit concurrent mark sweep GC freed 3(96B) AllocSpace objects, 0(0B) LOS objects, 32% free, 33MB/49MB, paused 139us total 32.176ms
08-04 13:18:00.304 32231 23288 I Finsky  : [6051] dzn.a(22): Completed 0 account content syncs with 0 successful.
08-04 13:18:00.304 32231 32231 I Finsky  : [1] ContentSyncJob.a(1): [ContentSync] Installation state replication succeeded.
08-04 13:18:00.305 32231 32231 I Finsky  : [1] xlr.a(13): SCH: jobFinished: 12-1. TimeElapsed: 94ms.
08-04 13:18:00.306 32231 32231 I Finsky  : [1] xkg.a(36): SCH: Job 12-1 finished. Not rescheduling.
08-04 13:18:00.307 32231 32231 I Finsky  : [1] xkf.handleMessage(61): SCH: RunningQueue size: 0, PendingQueue size: 0
08-04 13:18:00.307 32231 32231 I Finsky  : [1] xkf.handleMessage(25): Executor finished
08-04 13:18:00.314 23297 23729 I art     : Starting a blocking GC Explicit
08-04 13:18:00.323 32231 32231 I Finsky  : [1] xmu.a(8): SCH: Jobs in database: 1-1337 3-191 3-192 24-77777777 26-1414141414 
08-04 13:18:00.325 32231 32231 I Finsky  : [1] xio.a(57): SCH: ConstraintMapping: 24-77777777,  -> L: 0ms, D: 28320513ms, C: false, I: true, N: 0
08-04 13:18:00.326 32231 32231 I Finsky  : [1] xio.a(57): SCH: ConstraintMapping: 1-1337,  -> L: 13477727ms, D: 31672587ms, C: false, I: false, N: 1
08-04 13:18:00.326 32231 32231 I Finsky  : [1] xio.a(57): SCH: ConstraintMapping: 3-191,  -> L: 0ms, D: 72382460ms, C: false, I: true, N: 2
08-04 13:18:00.327 32231 32231 I Finsky  : [1] xio.a(57): SCH: ConstraintMapping: 3-192,  -> L: 0ms, D: 72382533ms, C: true, I: true, N: 2
08-04 13:18:00.327 32231 32231 I Finsky  : [1] xio.a(57): SCH: ConstraintMapping: 26-1414141414,  -> L: 35785712ms, D: 36685712ms, C: false, I: false, N: 0
08-04 13:18:00.337 32231 32231 I Finsky  : [1] xle.a(34): Cancelling existing jobscheduler jobs: 9014 9001 9015 9012 9013 9018 9019 9017 
08-04 13:18:00.338 32231 32231 I Finsky  : [1] xle.a(10): Throttling wakeup for job 9000 (expected to run in 0 ms) due to recent wakeup
08-04 13:18:00.338 32231 32231 I Finsky  : [1] xle.a(27): Scheduling job Id: 9000, L: 30000, D: 28320513, C: false, I: true, N: 0
08-04 13:18:00.340 32231 32231 I Finsky  : [1] xle.a(27): Scheduling job Id: 9002, L: 13477727, D: 31672587, C: false, I: false, N: 1
08-04 13:18:00.342 32231 32231 I Finsky  : [1] xle.a(10): Throttling wakeup for job 9003 (expected to run in 0 ms) due to recent wakeup
08-04 13:18:00.342 32231 32231 I Finsky  : [1] xle.a(27): Scheduling job Id: 9003, L: 30000, D: 72382460, C: false, I: true, N: 2
08-04 13:18:00.344 32231 32231 I Finsky  : [1] xle.a(10): Throttling wakeup for job 9004 (expected to run in 0 ms) due to recent wakeup
08-04 13:18:00.344 32231 32231 I Finsky  : [1] xle.a(27): Scheduling job Id: 9004, L: 30000, D: 72382533, C: true, I: true, N: 2
08-04 13:18:00.346 32231 32231 I Finsky  : [1] xle.a(27): Scheduling job Id: 9005, L: 35785712, D: 36685712, C: false, I: false, N: 0
08-04 13:18:00.346 23297 23729 I art     : Explicit concurrent mark sweep GC freed 5(160B) AllocSpace objects, 0(0B) LOS objects, 32% free, 33MB/49MB, paused 138us total 31.596ms
08-04 13:18:00.347 32231 32231 I Finsky  : [1] xle.a(10): Throttling wakeup for job 9006 (expected to run in 0 ms) due to recent wakeup
08-04 13:18:00.348 32231 32231 I Finsky  : [1] xle.a(27): Scheduling job Id: 9006, L: 30000, D: 28320513, C: false, I: true, N: 0
08-04 13:18:00.349 32231 32231 I Finsky  : [1] xle.a(27): Scheduling job Id: 9007, L: 13477727, D: 31672587, C: false, I: false, N: 1
08-04 13:18:00.350 32231 32231 I Finsky  : [1] xle.a(10): Throttling wakeup for job 9008 (expected to run in 0 ms) due to recent wakeup
08-04 13:18:00.351 32231 32231 I Finsky  : [1] xle.a(27): Scheduling job Id: 9008, L: 30000, D: 72382460, C: false, I: true, N: 2
08-04 13:18:00.352 32231 32231 I Finsky  : [1] xle.a(10): Throttling wakeup for job 9009 (expected to run in 0 ms) due to recent wakeup
08-04 13:18:00.352 32231 32231 I Finsky  : [1] xle.a(27): Scheduling job Id: 9009, L: 30000, D: 72382533, C: true, I: true, N: 2
08-04 13:18:00.353 32231 32231 I Finsky  : [1] xle.a(27): Scheduling job Id: 9010, L: 35785712, D: 36685712, C: false, I: false, N: 0
08-04 13:18:00.357 23297 23729 I art     : Starting a blocking GC Explicit
08-04 13:18:00.389 23297 23729 I art     : Explicit concurrent mark sweep GC freed 3(96B) AllocSpace objects, 0(0B) LOS objects, 32% free, 33MB/49MB, paused 148us total 31.078ms
08-04 13:18:00.658 23297 23309 I art     : Starting a blocking GC Explicit
08-04 13:18:00.698 23297 23309 I art     : Explicit concurrent mark sweep GC freed 1279(75KB) AllocSpace objects, 1(20KB) LOS objects, 32% free, 33MB/49MB, paused 145us total 39.716ms
08-04 13:18:00.711 23297 23309 I art     : Starting a blocking GC Explicit
08-04 13:18:00.743 23297 23309 I art     : Explicit concurrent mark sweep GC freed 18(624B) AllocSpace objects, 0(0B) LOS objects, 32% free, 33MB/49MB, paused 134us total 31.613ms
08-04 13:18:00.755 23297 23309 I art     : Starting a blocking GC Explicit
08-04 13:18:00.785 23297 23309 I art     : Explicit concurrent mark sweep GC freed 3(96B) AllocSpace objects, 0(0B) LOS objects, 32% free, 33MB/49MB, paused 132us total 29.968ms
08-04 13:18:00.796 23297 23309 I art     : Starting a blocking GC Explicit
08-04 13:18:00.828 23297 23309 I art     : Explicit concurrent mark sweep GC freed 3(96B) AllocSpace objects, 0(0B) LOS objects, 32% free, 33MB/49MB, paused 181us total 31.745ms
08-04 13:18:00.840 23297 23309 I art     : Starting a blocking GC Explicit
08-04 13:18:00.872 23297 23309 I art     : Explicit concurrent mark sweep GC freed 3(96B) AllocSpace objects, 0(0B) LOS objects, 32% free, 33MB/49MB, paused 136us total 31.560ms
08-04 13:18:00.957 23752 23752 D AndroidRuntime: >>>>>> START com.android.internal.os.RuntimeInit uid 2000 <<<<<<
08-04 13:18:00.962 23752 23752 D AndroidRuntime: CheckJNI is OFF
08-04 13:18:00.994 23752 23752 D ICU     : No timezone override file found: /data/misc/zoneinfo/current/icu/icu_tzdata.dat
08-04 13:18:01.024 23752 23752 I Radio-JNI: register_android_hardware_Radio DONE
08-04 13:18:01.040 23752 23752 D AndroidRuntime: Calling main entry com.android.commands.input.Input
08-04 13:18:01.042 23752 23752 I Input   : injectMotionEvent: MotionEvent { action=ACTION_DOWN, actionButton=0, id[0]=0, x[0]=1197.0, y[0]=1456.0, toolType[0]=TOOL_TYPE_UNKNOWN, buttonState=0, metaState=0, flags=0x0, edgeFlags=0x0, pointerCount=1, historySize=0, eventTime=710297455, downTime=710297455, deviceId=0, source=0x1002 }
08-04 13:18:01.050 23752 23752 I Input   : injectMotionEvent: MotionEvent { action=ACTION_UP, actionButton=0, id[0]=0, x[0]=1197.0, y[0]=1456.0, toolType[0]=TOOL_TYPE_UNKNOWN, buttonState=0, metaState=0, flags=0x0, edgeFlags=0x0, pointerCount=1, historySize=0, eventTime=710297455, downTime=710297455, deviceId=0, source=0x1002 }
08-04 13:18:01.051 23752 23752 D AndroidRuntime: Shutting down VM
08-04 13:18:01.071   512  2967 D audio_hw_primary: out_set_parameters: enter: usecase(1: low-latency-playback) kvpairs: routing=2
08-04 13:18:01.081 23297 23297 I SettingsManager: Setting string: savedCourse
08-04 13:18:01.084   512  2967 D audio_hw_primary: select_devices: out_snd_device(2: speaker) in_snd_device(0: none)
08-04 13:18:01.085   512  2967 D msm8974_platform: platform_send_audio_calibration: sending audio calibration for snd_device(2) acdb_id(15)
08-04 13:18:01.085   512  2967 I soundtrigger: audio_extn_sound_trigger_update_device_status: device 0x2 of type 0 for Event 1
08-04 13:18:01.087   918  3670 W BackupManagerService: dataChanged but no participant pkg='baseline.com.ak.uobtimetable' uid=10659
08-04 13:18:01.089   918  5132 I ActivityManager: START u0 {flg=0x4000000 cmp=baseline.com.ak.uobtimetable/.MainActivity (has extras)} from uid 10659 on display 0
08-04 13:18:01.094   512  2967 D audio_hw_primary: enable_snd_device: snd_device(2: speaker)
08-04 13:18:01.096   512  2967 D audio_hw_primary: enable_audio_route: apply and update mixer path: low-latency-playback speaker
08-04 13:18:01.101   918  6029 W InputMethodManagerService: Focus gain on non-focused client com.android.internal.view.IInputMethodClient$Stub$Proxy@978a97e (uid=10659 pid=23297)
08-04 13:18:01.117 23297 23297 D MainActivity: OnDestroy
08-04 13:18:01.122 23297 23554 I art     : Starting a blocking GC Explicit
08-04 13:18:01.133 23297 23297 D MainActivity: onCreate
08-04 13:18:01.133 23297 23297 I SettingsManager: Getting string: savedSessions
08-04 13:18:01.133 23297 23297 I Settings: No saved sessions
08-04 13:18:01.157 23297 23297 I SettingsManager: Getting string: savedCourse
08-04 13:18:01.158 23297 23297 D MainActivity: sessionListFragmentArg: updateSessions
08-04 13:18:01.158 23297 23297 D MainActivity: showTermDatesConfigChange: false
08-04 13:18:01.159 23297 23297 D MainActivity: showTermDatesShortcut: false
08-04 13:18:01.159 23297 23554 I art     : Explicit concurrent mark sweep GC freed 4571(247KB) AllocSpace objects, 2(40KB) LOS objects, 31% free, 35MB/51MB, paused 276us total 37.531ms
08-04 13:18:01.160 23297 23297 D MainActivity: Setting initial fragment: SessionListsFragment
08-04 13:18:01.163 23297 23297 I SettingsManager: Getting int: launchCount
08-04 13:18:01.167 23297 23297 D SessionListsFragment: onCreateView
08-04 13:18:01.175 23297 23554 I art     : Starting a blocking GC Explicit
08-04 13:18:01.179 23297 23297 I SettingsManager: Getting string: savedCourse
08-04 13:18:01.181 23297 23297 I SettingsManager: Getting string: savedSessions
08-04 13:18:01.181 23297 23297 D SessionListsFragment: loadArgument: updateSessions
08-04 13:18:01.182 23297 23297 D SessionListsFragment: initialIndex: -1
08-04 13:18:01.184 23297 23776 D HTTP    : Request for: https://uob-timetable-api.adriankeenan.co.uk/sessions?dept=BD002&course=CFIEFAAF%2F02AA%2F0%2FFT&level=ALL+Courses
08-04 13:18:01.185 23297 23297 I WebViewFactory: Loading com.google.android.webview version 84.0.4147.89 (code 414708953)
08-04 13:18:01.213 23297 23554 I art     : Explicit concurrent mark sweep GC freed 6794(424KB) AllocSpace objects, 4(1436KB) LOS objects, 32% free, 33MB/49MB, paused 496us total 38.495ms
08-04 13:18:01.229 23297 23554 I art     : Starting a blocking GC Explicit
08-04 13:18:01.252 23297 23297 I cr_LibraryLoader: Loaded native library version number "84.0.4147.89"
08-04 13:18:01.253 23297 23297 I cr_CachingUmaRecorder: Flushed 5 samples from 5 histograms.
08-04 13:18:01.268 23297 23554 I art     : Explicit concurrent mark sweep GC freed 4447(388KB) AllocSpace objects, 2(40KB) LOS objects, 31% free, 34MB/50MB, paused 655us total 39.114ms
08-04 13:18:01.282 23297 23554 I art     : Starting a blocking GC Explicit
08-04 13:18:01.285 23297 23297 E chromium: [ERROR:filesystem_posix.cc(62)] mkdir /data/user/0/baseline.com.ak.uobtimetable/cache/WebView/Crashpad: No such file or directory (2)
08-04 13:18:01.320 23297 23554 I art     : Explicit concurrent mark sweep GC freed 1398(156KB) AllocSpace objects, 0(0B) LOS objects, 31% free, 34MB/50MB, paused 440us total 37.686ms
08-04 13:18:01.333 23297 23554 I art     : Starting a blocking GC Explicit
08-04 13:18:01.347   918  4413 D ConnectivityService: listenForNetwork for Listen from uid/pid:10659/23297 for NetworkRequest [ id=2667, legacyType=-1, [ Capabilities: INTERNET&NOT_RESTRICTED&TRUSTED] ]
08-04 13:18:01.373 23297 23554 I art     : Explicit concurrent mark sweep GC freed 978(105KB) AllocSpace objects, 0(0B) LOS objects, 31% free, 34MB/50MB, paused 1.470ms total 39.718ms
08-04 13:18:01.375 23297 23792 W cr_media: Requires BLUETOOTH permission
08-04 13:18:01.380 23297 23802 E libEGL  : validate_display:255 error 3008 (EGL_BAD_DISPLAY)
08-04 13:18:01.387 23297 23297 D TermDatesFragment: WebView loaded
08-04 13:18:01.388 23297 23297 D MainActivity: OnResume
08-04 13:18:01.464 23297 23297 I TermDatesFragment: Webview load %: 10
08-04 13:18:01.465 23297 23776 I NAPPA_EXPERIMENTATION: MetricNetworkRequestExecutionTime: REQUEST_DURATION_SYSTEM='279',REQUEST_DURATION_OKHTTP='40',REQUEST_SYNCHRONOUS='TRUE',RESPONSE_CODE='200',RESPONSE_METHOD='GET',RESPONSE_LENGTH_OKHTTP='-1',RESPONSE_LENGTH_HEADER='867',REQUEST_PROTOCOL='http/1.1',REQUEST_URL='https://uob-timetable-api.adriankeenan.co.uk/sessions?dept=BD002&course=CFIEFAAF%2F02AA%2F0%2FFT&level=ALL+Courses',
08-04 13:18:01.493   918   936 I ActivityManager: Displayed baseline.com.ak.uobtimetable/.MainActivity: +379ms
08-04 13:18:01.496 13866 13866 I GoogleInputMethodServic: GoogleInputMethodService.onFinishInput():3138 
08-04 13:18:01.498 13866 13866 I GoogleInputMethodServic: GoogleInputMethodService.onStartInput():1808 
08-04 13:18:01.499 23297 23776 I HTTP    : Response was compressed.
08-04 13:18:01.515 23297 23776 I Service : getSessions response time: 1.12
08-04 13:18:01.522 23297 23297 I SettingsManager: Getting string: savedSessions
08-04 13:18:01.528 23297 23297 I SettingsManager: Setting string: savedSessions
08-04 13:18:01.534   918  3961 W BackupManagerService: dataChanged but no participant pkg='baseline.com.ak.uobtimetable' uid=10659
08-04 13:18:01.534 23297 23297 I SettingsManager: Setting date: savedSessionsTime
08-04 13:18:01.539   918  4413 W BackupManagerService: dataChanged but no participant pkg='baseline.com.ak.uobtimetable' uid=10659
08-04 13:18:01.539 23297 23297 I SettingsManager: Setting string: savedSessionsCourseName
08-04 13:18:01.545   918  5481 W BackupManagerService: dataChanged but no participant pkg='baseline.com.ak.uobtimetable' uid=10659
08-04 13:18:01.545 23297 23297 I SettingsManager: Setting string: savedSessionsDateRange
08-04 13:18:01.551   918   928 W BackupManagerService: dataChanged but no participant pkg='baseline.com.ak.uobtimetable' uid=10659
08-04 13:18:01.551 23297 23297 I SettingsManager: Setting string: timetableUrl
08-04 13:18:01.556   918  3696 W BackupManagerService: dataChanged but no participant pkg='baseline.com.ak.uobtimetable' uid=10659
08-04 13:18:01.556 23297 23297 I SettingsManager: Getting boolean: notifySessionRemindersEnabled
08-04 13:18:01.556 23297 23297 I SettingsManager: Getting int: notifySessionRemindersMinutes
08-04 13:18:01.556 23297 23297 I SettingsManager: Getting boolean: showHiddenSessions
08-04 13:18:01.580 23297 23297 I SessionReminderNotifier: Created session reminder alarm for f7b4771250a919bd729c1c5a4a459c77 at Mon 08:30:00 10/08/20
08-04 13:18:01.581 23297 23297 I SessionReminderNotifier: Created session reminder alarm for a7f879aabdeb78622c8820a5fb7b64cd at Tue 08:30:00 11/08/20
08-04 13:18:01.582 23297 23297 I SessionReminderNotifier: Created session reminder alarm for 7bc8d7e2c2055711f597c3d9078c6ea3 at Tue 08:30:00 11/08/20
08-04 13:18:01.583 23297 23297 I SessionReminderNotifier: Created session reminder alarm for e0fc978b5db8218778540b4053344581 at Tue 11:00:00 11/08/20
08-04 13:18:01.583 23297 23297 I SessionReminderNotifier: Created session reminder alarm for 21712fef61090882c855a1425543edb5 at Tue 13:30:00 04/08/20
08-04 13:18:01.584 23297 23297 I SessionReminderNotifier: Created session reminder alarm for 65ca4d97f031f29a4d02bbb45a705d8f at Wed 08:30:00 05/08/20
08-04 13:18:01.585 23297 23297 I SessionReminderNotifier: Created session reminder alarm for eeda7741b0bcab58fd9f46dc6ef1d942 at Wed 08:30:00 05/08/20
08-04 13:18:01.586 23297 23297 I SessionReminderNotifier: Created session reminder alarm for c276c1b2075a0beb67f1b3d1e580f920 at Wed 11:00:00 05/08/20
08-04 13:18:01.587 23297 23297 I SessionReminderNotifier: Created session reminder alarm for 79fe0b5c3b887a13ba29db5a33fa2800 at Thu 08:30:00 06/08/20
08-04 13:18:01.587 23297 23297 I SessionReminderNotifier: Created session reminder alarm for 2ba1034116e4fffdd592dbf0796a43d5 at Fri 08:30:00 07/08/20
08-04 13:18:01.587 23297 23297 I SettingsManager: Getting boolean: showHiddenSessions
08-04 13:18:01.588 23297 23297 D SessionListsFragment: 1 sessions for day 0
08-04 13:18:01.588 23297 23297 D SessionListsFragment: 4 sessions for day 1
08-04 13:18:01.588 23297 23297 D SessionListsFragment: 3 sessions for day 2
08-04 13:18:01.588 23297 23297 D SessionListsFragment: 1 sessions for day 3
08-04 13:18:01.588 23297 23297 D SessionListsFragment: 1 sessions for day 4
08-04 13:18:01.604 23297 23310 I art     : Starting a blocking GC Explicit
08-04 13:18:01.621 23297 23297 I SettingsManager: Getting boolean: showHiddenSessions
08-04 13:18:01.622 23297 23297 D SessionListsFragment: Refreshed ViewPager
08-04 13:18:01.622 23297 23297 I SettingsManager: Getting boolean: showHiddenSessions
08-04 13:18:01.622 23297 23297 I SettingsManager: Getting boolean: completedTutorial
08-04 13:18:01.636 23297 23297 I SettingsManager: Getting boolean: showHiddenSessions
08-04 13:18:01.636 23297 23297 I SettingsManager: Getting date: savedSessionsTime
08-04 13:18:01.640   512  2967 D audio_hw_primary: disable_audio_route: reset and update mixer path: low-latency-playback speaker
08-04 13:18:01.641   512  2967 D audio_hw_primary: disable_snd_device: snd_device(2: speaker)
08-04 13:18:01.650   512  2967 I soundtrigger: audio_extn_sound_trigger_update_device_status: device 0x2 of type 0 for Event 0
08-04 13:18:01.658 23297 23310 I art     : Explicit concurrent mark sweep GC freed 28662(1647KB) AllocSpace objects, 12(520KB) LOS objects, 30% free, 36MB/52MB, paused 949us total 53.271ms
08-04 13:18:01.671 23297 23310 I art     : Starting a blocking GC Explicit
08-04 13:18:01.714 23297 23310 I art     : Explicit concurrent mark sweep GC freed 36794(1750KB) AllocSpace objects, 0(0B) LOS objects, 30% free, 36MB/52MB, paused 710us total 42.445ms
08-04 13:18:01.727 23297 23310 I art     : Starting a blocking GC Explicit
08-04 13:18:01.769 23297 23310 I art     : Explicit concurrent mark sweep GC freed 29752(1219KB) AllocSpace objects, 0(0B) LOS objects, 30% free, 36MB/52MB, paused 772us total 41.927ms
08-04 13:18:01.782 23297 23310 I art     : Starting a blocking GC Explicit
08-04 13:18:01.826 23297 23310 I art     : Explicit concurrent mark sweep GC freed 36395(1489KB) AllocSpace objects, 0(0B) LOS objects, 30% free, 36MB/52MB, paused 773us total 43.390ms
08-04 13:18:01.838 23297 23310 I art     : Starting a blocking GC Explicit
08-04 13:18:01.884 23297 23310 I art     : Explicit concurrent mark sweep GC freed 32985(1361KB) AllocSpace objects, 0(0B) LOS objects, 30% free, 36MB/52MB, paused 745us total 45.074ms
08-04 13:18:02.083 23297 23297 I TermDatesFragment: Webview load %: 70
08-04 13:18:02.108 23297 23297 I TermDatesFragment: Webview load %: 100
08-04 13:18:02.108 23297 23297 I TermDatesFragment: Webview load %: 100
08-04 13:18:02.151 23297 23729 I art     : Starting a blocking GC Explicit
08-04 13:18:02.203 23297 23729 I art     : Explicit concurrent mark sweep GC freed 67244(2MB) AllocSpace objects, 1(20KB) LOS objects, 30% free, 36MB/52MB, paused 287us total 51.427ms
08-04 13:18:02.218 23297 23729 I art     : Starting a blocking GC Explicit
08-04 13:18:02.260 23297 23729 I art     : Explicit concurrent mark sweep GC freed 1537(150KB) AllocSpace objects, 0(0B) LOS objects, 30% free, 36MB/52MB, paused 223us total 40.966ms
08-04 13:18:02.275 23297 23729 I art     : Starting a blocking GC Explicit
08-04 13:18:02.322 23297 23729 I art     : Explicit concurrent mark sweep GC freed 37(1840B) AllocSpace objects, 0(0B) LOS objects, 30% free, 36MB/52MB, paused 304us total 47.622ms
08-04 13:18:02.337 23297 23729 I art     : Starting a blocking GC Explicit
08-04 13:18:02.373 23297 23729 I art     : Explicit concurrent mark sweep GC freed 121701(11MB) AllocSpace objects, 3(136KB) LOS objects, 38% free, 25MB/41MB, paused 223us total 35.532ms
08-04 13:18:02.381 23297 23729 I art     : Starting a blocking GC Explicit
08-04 13:18:02.403 23297 23729 I art     : Explicit concurrent mark sweep GC freed 3(96B) AllocSpace objects, 0(0B) LOS objects, 38% free, 25MB/41MB, paused 226us total 21.356ms
08-04 13:18:02.500   918  3188 I hubconnection: sensorhub said: 'set_bias 3: -6.2400, 0.0000, 0.0000'
08-04 13:18:02.693 23297 23309 I art     : Starting a blocking GC Explicit
08-04 13:18:02.726 23297 23309 I art     : Explicit concurrent mark sweep GC freed 1293(75KB) AllocSpace objects, 1(20KB) LOS objects, 38% free, 25MB/41MB, paused 265us total 32.831ms
08-04 13:18:02.731   918  3261 D WifiStateMachine: starting scan for "H369AA63323"WPA_PSK with 2412,5180
08-04 13:18:02.737 23297 23309 I art     : Starting a blocking GC Explicit
08-04 13:18:02.762 23297 23309 I art     : Explicit concurrent mark sweep GC freed 18(624B) AllocSpace objects, 0(0B) LOS objects, 38% free, 25MB/41MB, paused 212us total 24.071ms
08-04 13:18:02.770 23297 23309 I art     : Starting a blocking GC Explicit
08-04 13:18:02.793 23297 23309 I art     : Explicit concurrent mark sweep GC freed 3(96B) AllocSpace objects, 0(0B) LOS objects, 38% free, 25MB/41MB, paused 226us total 22.971ms
08-04 13:18:02.802 23297 23309 I art     : Starting a blocking GC Explicit
08-04 13:18:02.825 23297 23309 I art     : Explicit concurrent mark sweep GC freed 3(96B) AllocSpace objects, 0(0B) LOS objects, 38% free, 25MB/41MB, paused 217us total 22.952ms
08-04 13:18:02.834 23297 23309 I art     : Starting a blocking GC Explicit
08-04 13:18:02.858 23297 23309 I art     : Explicit concurrent mark sweep GC freed 3(96B) AllocSpace objects, 0(0B) LOS objects, 38% free, 25MB/41MB, paused 227us total 23.871ms
08-04 13:18:03.148   518   646 I ThermalEngine: ACTION: GPU - Setting GPU[0] to 510000000
08-04 13:18:03.174 23297 23554 I art     : Starting a blocking GC Explicit
08-04 13:18:03.213 23297 23554 I art     : Explicit concurrent mark sweep GC freed 1295(75KB) AllocSpace objects, 1(20KB) LOS objects, 38% free, 25MB/41MB, paused 331us total 37.789ms
08-04 13:18:03.228 23297 23554 I art     : Starting a blocking GC Explicit
08-04 13:18:03.266 23297 23554 I art     : Explicit concurrent mark sweep GC freed 43(1520B) AllocSpace objects, 0(0B) LOS objects, 38% free, 25MB/41MB, paused 352us total 36.774ms
08-04 13:18:03.279 23297 23554 I art     : Starting a blocking GC Explicit
08-04 13:18:03.310 23297 23554 I art     : Explicit concurrent mark sweep GC freed 35(1136B) AllocSpace objects, 0(0B) LOS objects, 38% free, 25MB/41MB, paused 285us total 30.521ms
08-04 13:18:03.322 23297 23554 I art     : Starting a blocking GC Explicit
08-04 13:18:03.351 23297 23554 I art     : Explicit concurrent mark sweep GC freed 25(800B) AllocSpace objects, 0(0B) LOS objects, 38% free, 25MB/41MB, paused 558us total 29.168ms
08-04 13:18:03.363 23297 23554 I art     : Starting a blocking GC Explicit
08-04 13:18:03.394 23297 23554 I art     : Explicit concurrent mark sweep GC freed 31(992B) AllocSpace objects, 0(0B) LOS objects, 38% free, 25MB/41MB, paused 288us total 30.419ms
08-04 13:18:03.701 23297 23554 I art     : Starting a blocking GC Explicit
08-04 13:18:03.742 23297 23554 I art     : Explicit concurrent mark sweep GC freed 1353(77KB) AllocSpace objects, 1(20KB) LOS objects, 38% free, 25MB/41MB, paused 348us total 40.967ms
08-04 13:18:03.757 23297 23554 I art     : Starting a blocking GC Explicit
08-04 13:18:03.791 23297 23554 I art     : Explicit concurrent mark sweep GC freed 24(816B) AllocSpace objects, 0(0B) LOS objects, 38% free, 25MB/41MB, paused 287us total 34.052ms
08-04 13:18:03.805 23297 23554 I art     : Starting a blocking GC Explicit
08-04 13:18:03.840 23297 23554 I art     : Explicit concurrent mark sweep GC freed 9(288B) AllocSpace objects, 0(0B) LOS objects, 38% free, 25MB/41MB, paused 285us total 34.189ms
08-04 13:18:03.853 23297 23554 I art     : Starting a blocking GC Explicit
08-04 13:18:03.887 23297 23554 I art     : Explicit concurrent mark sweep GC freed 4(128B) AllocSpace objects, 0(0B) LOS objects, 38% free, 25MB/41MB, paused 283us total 32.964ms
08-04 13:18:03.897 23297 23554 I art     : Starting a blocking GC Explicit
08-04 13:18:03.924 23297 23554 I art     : Explicit concurrent mark sweep GC freed 4(160B) AllocSpace objects, 0(0B) LOS objects, 38% free, 25MB/41MB, paused 287us total 26.883ms
08-04 13:18:04.239 23297 23309 I art     : Starting a blocking GC Explicit
08-04 13:18:04.280 23297 23309 I art     : Explicit concurrent mark sweep GC freed 1293(75KB) AllocSpace objects, 1(20KB) LOS objects, 38% free, 25MB/41MB, paused 335us total 40.798ms
08-04 13:18:04.294 23297 23309 I art     : Starting a blocking GC Explicit
08-04 13:18:04.325 23297 23309 I art     : Explicit concurrent mark sweep GC freed 18(624B) AllocSpace objects, 0(0B) LOS objects, 38% free, 25MB/41MB, paused 303us total 30.621ms
08-04 13:18:04.337 23297 23309 I art     : Starting a blocking GC Explicit
08-04 13:18:04.367 23297 23309 I art     : Explicit concurrent mark sweep GC freed 3(96B) AllocSpace objects, 0(0B) LOS objects, 38% free, 25MB/41MB, paused 310us total 29.257ms
08-04 13:18:04.378 23297 23309 I art     : Starting a blocking GC Explicit
08-04 13:18:04.408 23297 23309 I art     : Explicit concurrent mark sweep GC freed 3(96B) AllocSpace objects, 0(0B) LOS objects, 38% free, 25MB/41MB, paused 305us total 29.796ms
08-04 13:18:04.420 23297 23309 I art     : Starting a blocking GC Explicit
08-04 13:18:04.450 23297 23309 I art     : Explicit concurrent mark sweep GC freed 3(96B) AllocSpace objects, 0(0B) LOS objects, 38% free, 25MB/41MB, paused 311us total 30.577ms
08-04 13:18:04.772 23297 23729 I art     : Starting a blocking GC Explicit
08-04 13:18:04.813 23297 23729 I art     : Explicit concurrent mark sweep GC freed 1293(75KB) AllocSpace objects, 1(20KB) LOS objects, 38% free, 25MB/41MB, paused 341us total 40.698ms
08-04 13:18:04.828 23297 23729 I art     : Starting a blocking GC Explicit
08-04 13:18:04.858 23297 23729 I art     : Explicit concurrent mark sweep GC freed 18(624B) AllocSpace objects, 0(0B) LOS objects, 38% free, 25MB/41MB, paused 320us total 29.983ms
08-04 13:18:04.870 23297 23729 I art     : Starting a blocking GC Explicit
08-04 13:18:04.900 23297 23729 I art     : Explicit concurrent mark sweep GC freed 3(96B) AllocSpace objects, 0(0B) LOS objects, 38% free, 25MB/41MB, paused 315us total 30.255ms
08-04 13:18:04.912 23297 23729 I art     : Starting a blocking GC Explicit
08-04 13:18:04.942 23297 23729 I art     : Explicit concurrent mark sweep GC freed 3(96B) AllocSpace objects, 0(0B) LOS objects, 38% free, 25MB/41MB, paused 315us total 30.204ms
08-04 13:18:04.954 23297 23729 I art     : Starting a blocking GC Explicit
08-04 13:18:04.984 23297 23729 I art     : Explicit concurrent mark sweep GC freed 3(96B) AllocSpace objects, 0(0B) LOS objects, 38% free, 25MB/41MB, paused 320us total 29.988ms
08-04 13:18:05.326 23297 23554 I art     : Starting a blocking GC Explicit
08-04 13:18:05.363 23297 23554 I art     : Explicit concurrent mark sweep GC freed 1394(79KB) AllocSpace objects, 1(20KB) LOS objects, 38% free, 25MB/41MB, paused 434us total 36.184ms
08-04 13:18:05.377 23297 23554 I art     : Starting a blocking GC Explicit
08-04 13:18:05.408 23297 23554 I art     : Explicit concurrent mark sweep GC freed 20(880B) AllocSpace objects, 0(0B) LOS objects, 38% free, 25MB/41MB, paused 315us total 30.356ms
08-04 13:18:05.419 23297 23554 I art     : Starting a blocking GC Explicit
08-04 13:18:05.448 23297 23554 I art     : Explicit concurrent mark sweep GC freed 150(10KB) AllocSpace objects, 0(0B) LOS objects, 38% free, 25MB/41MB, paused 340us total 28.601ms
08-04 13:18:05.459 23297 23554 I art     : Starting a blocking GC Explicit
08-04 13:18:05.487 23297 23554 I art     : Explicit concurrent mark sweep GC freed 3(96B) AllocSpace objects, 0(0B) LOS objects, 38% free, 25MB/41MB, paused 304us total 27.866ms
08-04 13:18:05.498 23297 23554 I art     : Starting a blocking GC Explicit
08-04 13:18:05.526 23297 23554 I art     : Explicit concurrent mark sweep GC freed 3(96B) AllocSpace objects, 0(0B) LOS objects, 38% free, 25MB/41MB, paused 329us total 28.130ms
08-04 13:18:05.713 23893 23893 D AndroidRuntime: >>>>>> START com.android.internal.os.RuntimeInit uid 2000 <<<<<<
08-04 13:18:05.718 23893 23893 D AndroidRuntime: CheckJNI is OFF
08-04 13:18:05.752 23893 23893 D ICU     : No timezone override file found: /data/misc/zoneinfo/current/icu/icu_tzdata.dat
08-04 13:18:05.785 23893 23893 I Radio-JNI: register_android_hardware_Radio DONE
08-04 13:18:05.807 23893 23893 D AndroidRuntime: Calling main entry com.android.commands.input.Input
08-04 13:18:05.809 23893 23893 I Input   : injectMotionEvent: MotionEvent { action=ACTION_DOWN, actionButton=0, id[0]=0, x[0]=1215.0, y[0]=1450.0, toolType[0]=TOOL_TYPE_UNKNOWN, buttonState=0, metaState=0, flags=0x0, edgeFlags=0x0, pointerCount=1, historySize=0, eventTime=710302222, downTime=710302222, deviceId=0, source=0x1002 }
08-04 13:18:05.813 23893 23893 I Input   : injectMotionEvent: MotionEvent { action=ACTION_UP, actionButton=0, id[0]=0, x[0]=1215.0, y[0]=1450.0, toolType[0]=TOOL_TYPE_UNKNOWN, buttonState=0, metaState=0, flags=0x0, edgeFlags=0x0, pointerCount=1, historySize=0, eventTime=710302222, downTime=710302222, deviceId=0, source=0x1002 }
08-04 13:18:05.814 23893 23893 D AndroidRuntime: Shutting down VM
08-04 13:18:05.823   512  2967 D audio_hw_primary: out_set_parameters: enter: usecase(1: low-latency-playback) kvpairs: routing=2
08-04 13:18:05.836   512  2967 D audio_hw_primary: select_devices: out_snd_device(2: speaker) in_snd_device(0: none)
08-04 13:18:05.836   512  2967 D msm8974_platform: platform_send_audio_calibration: sending audio calibration for snd_device(2) acdb_id(15)
08-04 13:18:05.836   512  2967 I soundtrigger: audio_extn_sound_trigger_update_device_status: device 0x2 of type 0 for Event 1
08-04 13:18:05.850 23297 23729 I art     : Starting a blocking GC Explicit
08-04 13:18:05.850   512  2967 D audio_hw_primary: enable_snd_device: snd_device(2: speaker)
08-04 13:18:05.852   512  2967 D audio_hw_primary: enable_audio_route: apply and update mixer path: low-latency-playback speaker
08-04 13:18:05.878 23297 23729 I art     : Explicit concurrent mark sweep GC freed 1630(106KB) AllocSpace objects, 1(20KB) LOS objects, 38% free, 25MB/41MB, paused 340us total 27.864ms
08-04 13:18:05.889 23297 23729 I art     : Starting a blocking GC Explicit
08-04 13:18:05.917 23297 23729 I art     : Explicit concurrent mark sweep GC freed 294(16KB) AllocSpace objects, 0(0B) LOS objects, 38% free, 25MB/41MB, paused 319us total 27.385ms
08-04 13:18:05.928 23297 23729 I art     : Starting a blocking GC Explicit
08-04 13:18:05.956 23297 23729 I art     : Explicit concurrent mark sweep GC freed 831(60KB) AllocSpace objects, 1(40KB) LOS objects, 38% free, 25MB/41MB, paused 339us total 27.555ms
08-04 13:18:05.969 23297 23729 I art     : Starting a blocking GC Explicit
08-04 13:18:06.001 23297 23729 I art     : Explicit concurrent mark sweep GC freed 3(96B) AllocSpace objects, 0(0B) LOS objects, 38% free, 25MB/41MB, paused 282us total 31.910ms
08-04 13:18:06.014 23297 23729 I art     : Starting a blocking GC Explicit
08-04 13:18:06.046 23297 23729 I art     : Explicit concurrent mark sweep GC freed 3(96B) AllocSpace objects, 0(0B) LOS objects, 38% free, 25MB/41MB, paused 296us total 31.601ms
08-04 13:18:06.304 23297 23310 I art     : Starting a blocking GC Explicit
08-04 13:18:06.340 23297 23310 I art     : Explicit concurrent mark sweep GC freed 1294(75KB) AllocSpace objects, 1(20KB) LOS objects, 38% free, 25MB/41MB, paused 357us total 35.555ms
08-04 13:18:06.355 23297 23310 I art     : Starting a blocking GC Explicit
08-04 13:18:06.386 23297 23310 I art     : Explicit concurrent mark sweep GC freed 18(624B) AllocSpace objects, 0(0B) LOS objects, 38% free, 25MB/41MB, paused 319us total 30.891ms
08-04 13:18:06.398 23297 23310 I art     : Starting a blocking GC Explicit
08-04 13:18:06.408   512  2967 D audio_hw_primary: disable_audio_route: reset and update mixer path: low-latency-playback speaker
08-04 13:18:06.410   512  2967 D audio_hw_primary: disable_snd_device: snd_device(2: speaker)
08-04 13:18:06.417   512  2967 I soundtrigger: audio_extn_sound_trigger_update_device_status: device 0x2 of type 0 for Event 0
08-04 13:18:06.426 23297 23310 I art     : Explicit concurrent mark sweep GC freed 3(96B) AllocSpace objects, 0(0B) LOS objects, 38% free, 25MB/41MB, paused 314us total 28.377ms
08-04 13:18:06.438 23297 23310 I art     : Starting a blocking GC Explicit
08-04 13:18:06.466 23297 23310 I art     : Explicit concurrent mark sweep GC freed 3(96B) AllocSpace objects, 0(0B) LOS objects, 38% free, 25MB/41MB, paused 313us total 28.432ms
08-04 13:18:06.478 23297 23310 I art     : Starting a blocking GC Explicit
08-04 13:18:06.496 13866 13882 I PeriodicStatsRunner: PeriodicStatsRunner.call():175 call()
08-04 13:18:06.496 13866 13882 I PeriodicStatsRunner: PeriodicStatsRunner.call():179 No submit PeriodicStats since input started.
08-04 13:18:06.507 23297 23310 I art     : Explicit concurrent mark sweep GC freed 5(176B) AllocSpace objects, 0(0B) LOS objects, 38% free, 25MB/41MB, paused 347us total 29.256ms
08-04 13:18:06.779 23297 23729 I art     : Starting a blocking GC Explicit
08-04 13:18:06.818 23297 23729 I art     : Explicit concurrent mark sweep GC freed 1293(75KB) AllocSpace objects, 1(20KB) LOS objects, 38% free, 25MB/41MB, paused 411us total 38.600ms
08-04 13:18:06.834 23297 23729 I art     : Starting a blocking GC Explicit
08-04 13:18:06.864 23297 23729 I art     : Explicit concurrent mark sweep GC freed 18(624B) AllocSpace objects, 0(0B) LOS objects, 38% free, 25MB/41MB, paused 312us total 30.644ms
08-04 13:18:06.876 23297 23729 I art     : Starting a blocking GC Explicit
08-04 13:18:06.906 23297 23729 I art     : Explicit concurrent mark sweep GC freed 3(96B) AllocSpace objects, 0(0B) LOS objects, 38% free, 25MB/41MB, paused 314us total 29.878ms
08-04 13:18:06.917 23297 23729 I art     : Starting a blocking GC Explicit
08-04 13:18:06.948 23297 23729 I art     : Explicit concurrent mark sweep GC freed 3(96B) AllocSpace objects, 0(0B) LOS objects, 38% free, 25MB/41MB, paused 332us total 30.368ms
08-04 13:18:06.960 23297 23729 I art     : Starting a blocking GC Explicit
08-04 13:18:06.991 23297 23729 I art     : Explicit concurrent mark sweep GC freed 3(96B) AllocSpace objects, 0(0B) LOS objects, 38% free, 25MB/41MB, paused 313us total 30.551ms
08-04 13:18:07.263 23297 23554 I art     : Starting a blocking GC Explicit
08-04 13:18:07.294 23297 23554 I art     : Explicit concurrent mark sweep GC freed 1293(75KB) AllocSpace objects, 1(20KB) LOS objects, 38% free, 25MB/41MB, paused 341us total 29.860ms
08-04 13:18:07.305 23297 23554 I art     : Starting a blocking GC Explicit
08-04 13:18:07.331 23297 23554 I art     : Explicit concurrent mark sweep GC freed 18(624B) AllocSpace objects, 0(0B) LOS objects, 38% free, 25MB/41MB, paused 310us total 26.059ms
08-04 13:18:07.341 23297 23554 I art     : Starting a blocking GC Explicit
08-04 13:18:07.370 23297 23554 I art     : Explicit concurrent mark sweep GC freed 3(96B) AllocSpace objects, 0(0B) LOS objects, 38% free, 25MB/41MB, paused 304us total 27.967ms
08-04 13:18:07.380 23297 23554 I art     : Starting a blocking GC Explicit
08-04 13:18:07.409 23297 23554 I art     : Explicit concurrent mark sweep GC freed 3(96B) AllocSpace objects, 0(0B) LOS objects, 38% free, 25MB/41MB, paused 340us total 28.235ms
08-04 13:18:07.420 23297 23554 I art     : Starting a blocking GC Explicit
08-04 13:18:07.450 23297 23554 I art     : Explicit concurrent mark sweep GC freed 3(96B) AllocSpace objects, 0(0B) LOS objects, 38% free, 25MB/41MB, paused 314us total 29.188ms
08-04 13:18:07.486 23936 23936 D AndroidRuntime: >>>>>> START com.android.internal.os.RuntimeInit uid 2000 <<<<<<
08-04 13:18:07.492 23936 23936 D AndroidRuntime: CheckJNI is OFF
08-04 13:18:07.525 23936 23936 D ICU     : No timezone override file found: /data/misc/zoneinfo/current/icu/icu_tzdata.dat
08-04 13:18:07.563 23936 23936 I Radio-JNI: register_android_hardware_Radio DONE
08-04 13:18:07.587 23936 23936 D AndroidRuntime: Calling main entry com.android.commands.input.Input
08-04 13:18:07.590 23936 23936 I Input   : injectMotionEvent: MotionEvent { action=ACTION_DOWN, actionButton=0, id[0]=0, x[0]=1215.0, y[0]=1482.0, toolType[0]=TOOL_TYPE_UNKNOWN, buttonState=0, metaState=0, flags=0x0, edgeFlags=0x0, pointerCount=1, historySize=0, eventTime=710304002, downTime=710304002, deviceId=0, source=0x1002 }
08-04 13:18:07.597 23936 23936 I Input   : injectMotionEvent: MotionEvent { action=ACTION_UP, actionButton=0, id[0]=0, x[0]=1215.0, y[0]=1482.0, toolType[0]=TOOL_TYPE_UNKNOWN, buttonState=0, metaState=0, flags=0x0, edgeFlags=0x0, pointerCount=1, historySize=0, eventTime=710304002, downTime=710304002, deviceId=0, source=0x1002 }
08-04 13:18:07.598 23936 23936 D AndroidRuntime: Shutting down VM
08-04 13:18:07.609   512  2967 D audio_hw_primary: out_set_parameters: enter: usecase(1: low-latency-playback) kvpairs: routing=2
08-04 13:18:07.623 23297 23297 I SettingsManager: Setting boolean: completedTutorial
08-04 13:18:07.623   512  2967 D audio_hw_primary: select_devices: out_snd_device(2: speaker) in_snd_device(0: none)
08-04 13:18:07.624   512  2967 D msm8974_platform: platform_send_audio_calibration: sending audio calibration for snd_device(2) acdb_id(15)
08-04 13:18:07.625   512  2967 I soundtrigger: audio_extn_sound_trigger_update_device_status: device 0x2 of type 0 for Event 1
08-04 13:18:07.633   918  6029 W BackupManagerService: dataChanged but no participant pkg='baseline.com.ak.uobtimetable' uid=10659
08-04 13:18:07.635   512  2967 D audio_hw_primary: enable_snd_device: snd_device(2: speaker)
08-04 13:18:07.636 23297 23313 D OpenGLRenderer: endAllStagingAnimators on 0x7f99579000 (RippleDrawable) with handle 0x7f7a7ef9c0
08-04 13:18:07.637   512  2967 D audio_hw_primary: enable_audio_route: apply and update mixer path: low-latency-playback speaker
08-04 13:18:07.644   918  6110 W InputMethodManagerService: Window already focused, ignoring focus gain of: com.android.internal.view.IInputMethodClient$Stub$Proxy@8f5afaf attribute=null, token = android.os.BinderProxy@d2b4963
08-04 13:18:07.728 23297 23310 I art     : Starting a blocking GC Explicit
08-04 13:18:07.757 23297 23310 I art     : Explicit concurrent mark sweep GC freed 1761(109KB) AllocSpace objects, 2(40KB) LOS objects, 38% free, 25MB/41MB, paused 353us total 29.281ms
08-04 13:18:07.769 23297 23310 I art     : Starting a blocking GC Explicit
08-04 13:18:07.800 23297 23310 I art     : Explicit concurrent mark sweep GC freed 1024(69KB) AllocSpace objects, 1(40KB) LOS objects, 38% free, 25MB/41MB, paused 310us total 30.240ms
08-04 13:18:07.813 23297 23310 I art     : Starting a blocking GC Explicit
08-04 13:18:07.844 23297 23310 I art     : Explicit concurrent mark sweep GC freed 3(96B) AllocSpace objects, 0(0B) LOS objects, 38% free, 25MB/41MB, paused 294us total 31.268ms
08-04 13:18:07.857 23297 23310 I art     : Starting a blocking GC Explicit
08-04 13:18:07.884 23297 23310 I art     : Explicit concurrent mark sweep GC freed 3(96B) AllocSpace objects, 0(0B) LOS objects, 38% free, 25MB/41MB, paused 299us total 26.866ms
08-04 13:18:07.896 23297 23310 I art     : Starting a blocking GC Explicit
08-04 13:18:07.922 23297 23310 I art     : Explicit concurrent mark sweep GC freed 3(96B) AllocSpace objects, 0(0B) LOS objects, 38% free, 25MB/41MB, paused 278us total 25.506ms
08-04 13:18:08.178   512  2967 D audio_hw_primary: disable_audio_route: reset and update mixer path: low-latency-playback speaker
08-04 13:18:08.180   512  2967 D audio_hw_primary: disable_snd_device: snd_device(2: speaker)
08-04 13:18:08.188   512  2967 I soundtrigger: audio_extn_sound_trigger_update_device_status: device 0x2 of type 0 for Event 0
08-04 13:18:08.204 23297 23309 I art     : Starting a blocking GC Explicit
08-04 13:18:08.242 23297 23309 I art     : Explicit concurrent mark sweep GC freed 1293(75KB) AllocSpace objects, 1(20KB) LOS objects, 38% free, 25MB/41MB, paused 347us total 37.835ms
08-04 13:18:08.258 23297 23309 I art     : Starting a blocking GC Explicit
08-04 13:18:08.291 23297 23309 I art     : Explicit concurrent mark sweep GC freed 18(624B) AllocSpace objects, 0(0B) LOS objects, 38% free, 25MB/41MB, paused 311us total 33.496ms
08-04 13:18:08.303 23297 23309 I art     : Starting a blocking GC Explicit
08-04 13:18:08.334 23297 23309 I art     : Explicit concurrent mark sweep GC freed 3(96B) AllocSpace objects, 0(0B) LOS objects, 38% free, 25MB/41MB, paused 302us total 30.532ms
08-04 13:18:08.345 23297 23309 I art     : Starting a blocking GC Explicit
08-04 13:18:08.375 23297 23309 I art     : Explicit concurrent mark sweep GC freed 3(96B) AllocSpace objects, 0(0B) LOS objects, 38% free, 25MB/41MB, paused 311us total 29.313ms
08-04 13:18:08.387 23297 23309 I art     : Starting a blocking GC Explicit
08-04 13:18:08.417 23297 23309 I art     : Explicit concurrent mark sweep GC freed 3(96B) AllocSpace objects, 0(0B) LOS objects, 38% free, 25MB/41MB, paused 374us total 30.705ms
08-04 13:18:08.717 23297 23554 I art     : Starting a blocking GC Explicit
08-04 13:18:08.756 23297 23554 I art     : Explicit concurrent mark sweep GC freed 1293(75KB) AllocSpace objects, 1(20KB) LOS objects, 38% free, 25MB/41MB, paused 464us total 38.645ms
08-04 13:18:08.768 23297 23554 I art     : Starting a blocking GC Explicit
08-04 13:18:08.799 23297 23554 I art     : Explicit concurrent mark sweep GC freed 18(624B) AllocSpace objects, 0(0B) LOS objects, 38% free, 25MB/41MB, paused 321us total 30.150ms
08-04 13:18:08.810 23297 23554 I art     : Starting a blocking GC Explicit
08-04 13:18:08.839 23297 23554 I art     : Explicit concurrent mark sweep GC freed 3(96B) AllocSpace objects, 0(0B) LOS objects, 38% free, 25MB/41MB, paused 292us total 28.555ms
08-04 13:18:08.850 23297 23554 I art     : Starting a blocking GC Explicit
08-04 13:18:08.879 23297 23554 I art     : Explicit concurrent mark sweep GC freed 3(96B) AllocSpace objects, 0(0B) LOS objects, 38% free, 25MB/41MB, paused 295us total 28.235ms
08-04 13:18:08.889 23297 23554 I art     : Starting a blocking GC Explicit
08-04 13:18:08.915 23297 23554 I art     : Explicit concurrent mark sweep GC freed 3(96B) AllocSpace objects, 0(0B) LOS objects, 38% free, 25MB/41MB, paused 294us total 25.642ms
08-04 13:18:08.984 22210 22210 I ServiceManager: Waiting for service AtCmdFwd...
08-04 13:18:09.206 23297 23729 I art     : Starting a blocking GC Explicit
08-04 13:18:09.237 23297 23729 I art     : Explicit concurrent mark sweep GC freed 1293(75KB) AllocSpace objects, 1(20KB) LOS objects, 38% free, 25MB/41MB, paused 332us total 30.594ms
08-04 13:18:09.249 23297 23729 I art     : Starting a blocking GC Explicit
08-04 13:18:09.250 23992 23992 D AndroidRuntime: >>>>>> START com.android.internal.os.RuntimeInit uid 2000 <<<<<<
08-04 13:18:09.255 23992 23992 D AndroidRuntime: CheckJNI is OFF
08-04 13:18:09.278 23297 23729 I art     : Explicit concurrent mark sweep GC freed 18(624B) AllocSpace objects, 0(0B) LOS objects, 38% free, 25MB/41MB, paused 344us total 28.334ms
08-04 13:18:09.289 23297 23729 I art     : Starting a blocking GC Explicit
08-04 13:18:09.292 23992 23992 D ICU     : No timezone override file found: /data/misc/zoneinfo/current/icu/icu_tzdata.dat
08-04 13:18:09.317 23297 23729 I art     : Explicit concurrent mark sweep GC freed 3(96B) AllocSpace objects, 0(0B) LOS objects, 38% free, 25MB/41MB, paused 390us total 28.120ms
08-04 13:18:09.327 23992 23992 I Radio-JNI: register_android_hardware_Radio DONE
08-04 13:18:09.328 23297 23729 I art     : Starting a blocking GC Explicit
08-04 13:18:09.349 23992 23992 D AndroidRuntime: Calling main entry com.android.commands.input.Input
08-04 13:18:09.351 23992 23992 I Input   : injectMotionEvent: MotionEvent { action=ACTION_DOWN, actionButton=0, id[0]=0, x[0]=81.0, y[0]=176.0, toolType[0]=TOOL_TYPE_UNKNOWN, buttonState=0, metaState=0, flags=0x0, edgeFlags=0x0, pointerCount=1, historySize=0, eventTime=710305763, downTime=710305763, deviceId=0, source=0x1002 }
08-04 13:18:09.355 23297 23729 I art     : Explicit concurrent mark sweep GC freed 3(96B) AllocSpace objects, 0(0B) LOS objects, 38% free, 25MB/41MB, paused 364us total 26.987ms
08-04 13:18:09.358 23992 23992 I Input   : injectMotionEvent: MotionEvent { action=ACTION_UP, actionButton=0, id[0]=0, x[0]=81.0, y[0]=176.0, toolType[0]=TOOL_TYPE_UNKNOWN, buttonState=0, metaState=0, flags=0x0, edgeFlags=0x0, pointerCount=1, historySize=0, eventTime=710305763, downTime=710305763, deviceId=0, source=0x1002 }
08-04 13:18:09.359 23992 23992 D AndroidRuntime: Shutting down VM
08-04 13:18:09.365 23297 23729 I art     : Starting a blocking GC Explicit
08-04 13:18:09.374   512  2967 D audio_hw_primary: out_set_parameters: enter: usecase(1: low-latency-playback) kvpairs: routing=2
08-04 13:18:09.387   512  2967 D audio_hw_primary: select_devices: out_snd_device(2: speaker) in_snd_device(0: none)
08-04 13:18:09.387   512  2967 D msm8974_platform: platform_send_audio_calibration: sending audio calibration for snd_device(2) acdb_id(15)
08-04 13:18:09.387   512  2967 I soundtrigger: audio_extn_sound_trigger_update_device_status: device 0x2 of type 0 for Event 1
08-04 13:18:09.393 23297 23729 I art     : Explicit concurrent mark sweep GC freed 41(1424B) AllocSpace objects, 0(0B) LOS objects, 38% free, 25MB/41MB, paused 534us total 27.816ms
08-04 13:18:09.399   512  2967 D audio_hw_primary: enable_snd_device: snd_device(2: speaker)
08-04 13:18:09.401   512  2967 D audio_hw_primary: enable_audio_route: apply and update mixer path: low-latency-playback speaker
08-04 13:18:09.428 13866 13866 I GoogleInputMethodServic: GoogleInputMethodService.onFinishInput():3138 
08-04 13:18:09.428 13866 13866 I GoogleInputMethodServic: GoogleInputMethodService.onStartInput():1808 
08-04 13:18:09.651 23297 23309 I art     : Starting a blocking GC Explicit
08-04 13:18:09.684 23297 23309 I art     : Explicit concurrent mark sweep GC freed 1677(95KB) AllocSpace objects, 1(20KB) LOS objects, 38% free, 25MB/41MB, paused 312us total 32.271ms
08-04 13:18:09.696 23297 23309 I art     : Starting a blocking GC Explicit
08-04 13:18:09.726 23297 23309 I art     : Explicit concurrent mark sweep GC freed 32(1232B) AllocSpace objects, 0(0B) LOS objects, 38% free, 25MB/41MB, paused 275us total 29.636ms
08-04 13:18:09.737 23297 23309 I art     : Starting a blocking GC Explicit
08-04 13:18:09.766 23297 23309 I art     : Explicit concurrent mark sweep GC freed 3(96B) AllocSpace objects, 0(0B) LOS objects, 38% free, 25MB/41MB, paused 285us total 28.286ms
08-04 13:18:09.777 23297 23309 I art     : Starting a blocking GC Explicit
08-04 13:18:09.803 23297 23309 I art     : Explicit concurrent mark sweep GC freed 20(976B) AllocSpace objects, 0(0B) LOS objects, 38% free, 25MB/41MB, paused 284us total 25.577ms
08-04 13:18:09.814 23297 23309 I art     : Starting a blocking GC Explicit
08-04 13:18:09.839 23297 23309 I art     : Explicit concurrent mark sweep GC freed 14(448B) AllocSpace objects, 0(0B) LOS objects, 38% free, 25MB/41MB, paused 300us total 25.472ms
08-04 13:18:09.940   512  2967 D audio_hw_primary: disable_audio_route: reset and update mixer path: low-latency-playback speaker
08-04 13:18:09.942   512  2967 D audio_hw_primary: disable_snd_device: snd_device(2: speaker)
08-04 13:18:09.950   512  2967 I soundtrigger: audio_extn_sound_trigger_update_device_status: device 0x2 of type 0 for Event 0
08-04 13:18:09.984 22210 22210 I ServiceManager: Waiting for service AtCmdFwd...
08-04 13:18:10.139 23297 23729 I art     : Starting a blocking GC Explicit
08-04 13:18:10.177 23297 23729 I art     : Explicit concurrent mark sweep GC freed 1293(75KB) AllocSpace objects, 1(20KB) LOS objects, 38% free, 25MB/41MB, paused 352us total 37.748ms
08-04 13:18:10.195 23297 23729 I art     : Starting a blocking GC Explicit
08-04 13:18:10.224 23297 23729 I art     : Explicit concurrent mark sweep GC freed 20(688B) AllocSpace objects, 0(0B) LOS objects, 38% free, 25MB/41MB, paused 315us total 29.341ms
08-04 13:18:10.236 23297 23729 I art     : Starting a blocking GC Explicit
08-04 13:18:10.265 23297 23729 I art     : Explicit concurrent mark sweep GC freed 3(96B) AllocSpace objects, 0(0B) LOS objects, 38% free, 25MB/41MB, paused 314us total 29.411ms
08-04 13:18:10.277 23297 23729 I art     : Starting a blocking GC Explicit
08-04 13:18:10.307 23297 23729 I art     : Explicit concurrent mark sweep GC freed 3(96B) AllocSpace objects, 0(0B) LOS objects, 38% free, 25MB/41MB, paused 321us total 30.083ms
08-04 13:18:10.319 23297 23729 I art     : Starting a blocking GC Explicit
08-04 13:18:10.350 23297 23729 I art     : Explicit concurrent mark sweep GC freed 3(96B) AllocSpace objects, 0(0B) LOS objects, 38% free, 25MB/41MB, paused 324us total 30.599ms
08-04 13:18:10.646 23297 23309 I art     : Starting a blocking GC Explicit
08-04 13:18:10.677 23297 23309 I art     : Explicit concurrent mark sweep GC freed 1293(75KB) AllocSpace objects, 1(20KB) LOS objects, 38% free, 25MB/41MB, paused 329us total 30.138ms
08-04 13:18:10.688 23297 23309 I art     : Starting a blocking GC Explicit
08-04 13:18:10.718 23297 23309 I art     : Explicit concurrent mark sweep GC freed 18(624B) AllocSpace objects, 0(0B) LOS objects, 38% free, 25MB/41MB, paused 307us total 29.689ms
08-04 13:18:10.729 23297 23309 I art     : Starting a blocking GC Explicit
08-04 13:18:10.758 23297 23309 I art     : Explicit concurrent mark sweep GC freed 3(96B) AllocSpace objects, 0(0B) LOS objects, 38% free, 25MB/41MB, paused 322us total 28.595ms
08-04 13:18:10.769 23297 23309 I art     : Starting a blocking GC Explicit
08-04 13:18:10.797 23297 23309 I art     : Explicit concurrent mark sweep GC freed 3(96B) AllocSpace objects, 0(0B) LOS objects, 38% free, 25MB/41MB, paused 340us total 27.838ms
08-04 13:18:10.809 23297 23309 I art     : Starting a blocking GC Explicit
08-04 13:18:10.836 23297 23309 I art     : Explicit concurrent mark sweep GC freed 3(96B) AllocSpace objects, 0(0B) LOS objects, 38% free, 25MB/41MB, paused 302us total 27.108ms
08-04 13:18:10.984 22210 22210 I ServiceManager: Waiting for service AtCmdFwd...
08-04 13:18:11.009 24046 24046 D AndroidRuntime: >>>>>> START com.android.internal.os.RuntimeInit uid 2000 <<<<<<
08-04 13:18:11.014 24046 24046 D AndroidRuntime: CheckJNI is OFF
08-04 13:18:11.047 24046 24046 D ICU     : No timezone override file found: /data/misc/zoneinfo/current/icu/icu_tzdata.dat
08-04 13:18:11.081 24046 24046 I Radio-JNI: register_android_hardware_Radio DONE
08-04 13:18:11.102 24046 24046 D AndroidRuntime: Calling main entry com.android.commands.input.Input
08-04 13:18:11.104 24046 24046 I Input   : injectMotionEvent: MotionEvent { action=ACTION_DOWN, actionButton=0, id[0]=0, x[0]=436.0, y[0]=1770.0, toolType[0]=TOOL_TYPE_UNKNOWN, buttonState=0, metaState=0, flags=0x0, edgeFlags=0x0, pointerCount=1, historySize=0, eventTime=710307516, downTime=710307516, deviceId=0, source=0x1002 }
08-04 13:18:11.109 24046 24046 I Input   : injectMotionEvent: MotionEvent { action=ACTION_UP, actionButton=0, id[0]=0, x[0]=436.0, y[0]=1770.0, toolType[0]=TOOL_TYPE_UNKNOWN, buttonState=0, metaState=0, flags=0x0, edgeFlags=0x0, pointerCount=1, historySize=0, eventTime=710307516, downTime=710307516, deviceId=0, source=0x1002 }
08-04 13:18:11.112 24046 24046 D AndroidRuntime: Shutting down VM
08-04 13:18:11.124 23297 23297 D MainActivity: NavigationItemSelected: Courses
08-04 13:18:11.125   918  6029 I ActivityManager: START u0 {cmp=baseline.com.ak.uobtimetable/.CourseListActivity} from uid 10659 on display 0
08-04 13:18:11.127   512  2967 D audio_hw_primary: out_set_parameters: enter: usecase(1: low-latency-playback) kvpairs: routing=2
08-04 13:18:11.129 23297 23554 I art     : Starting a blocking GC Explicit
08-04 13:18:11.140   512  2967 D audio_hw_primary: select_devices: out_snd_device(2: speaker) in_snd_device(0: none)
08-04 13:18:11.140   512  2967 D msm8974_platform: platform_send_audio_calibration: sending audio calibration for snd_device(2) acdb_id(15)
08-04 13:18:11.140   512  2967 I soundtrigger: audio_extn_sound_trigger_update_device_status: device 0x2 of type 0 for Event 1
08-04 13:18:11.149 23297 23297 D MainActivity: OnPause
08-04 13:18:11.155   512  2967 D audio_hw_primary: enable_snd_device: snd_device(2: speaker)
08-04 13:18:11.157   518   646 I ThermalEngine: ACTION: GPU - Setting GPU[0] to 600000000
08-04 13:18:11.157 23297 23554 I art     : Explicit concurrent mark sweep GC freed 1681(90KB) AllocSpace objects, 1(20KB) LOS objects, 38% free, 25MB/41MB, paused 950us total 28.325ms
08-04 13:18:11.158   512  2967 D audio_hw_primary: enable_audio_route: apply and update mixer path: low-latency-playback speaker
08-04 13:18:11.169 23297 23554 I art     : Starting a blocking GC Explicit
08-04 13:18:11.182 23297 23297 D CourseListActivity: onCreate
08-04 13:18:11.183 23297 24069 D HTTP    : Request for: https://uob-timetable-api.adriankeenan.co.uk/courses
08-04 13:18:11.197 23297 23554 I art     : Explicit concurrent mark sweep GC freed 2128(120KB) AllocSpace objects, 0(0B) LOS objects, 38% free, 25MB/41MB, paused 411us total 27.337ms
08-04 13:18:11.207 23297 23554 I art     : Starting a blocking GC Explicit
08-04 13:18:11.229 23297 23554 I art     : Explicit concurrent mark sweep GC freed 603(33KB) AllocSpace objects, 0(0B) LOS objects, 38% free, 25MB/41MB, paused 309us total 21.851ms
08-04 13:18:11.237 23297 23554 I art     : Starting a blocking GC Explicit
08-04 13:18:11.259 23297 23554 I art     : Explicit concurrent mark sweep GC freed 201(9KB) AllocSpace objects, 0(0B) LOS objects, 38% free, 25MB/41MB, paused 344us total 21.970ms
08-04 13:18:11.262 13866 13866 I GoogleInputMethodServic: GoogleInputMethodService.onFinishInput():3138 
08-04 13:18:11.263 13866 13866 I GoogleInputMethodServic: GoogleInputMethodService.onStartInput():1808 
08-04 13:18:11.263   918   936 I ActivityManager: Displayed baseline.com.ak.uobtimetable/.CourseListActivity: +113ms
08-04 13:18:11.268 23297 23554 I art     : Starting a blocking GC Explicit
08-04 13:18:11.293 23297 23554 I art     : Explicit concurrent mark sweep GC freed 51(2400B) AllocSpace objects, 0(0B) LOS objects, 38% free, 25MB/41MB, paused 327us total 24.777ms
08-04 13:18:11.349   918   927 I art     : Background partial concurrent mark sweep GC freed 81821(7MB) AllocSpace objects, 114(2MB) LOS objects, 18% free, 69MB/85MB, paused 1.213ms total 164.446ms
08-04 13:18:11.374 23297 24069 I NAPPA_EXPERIMENTATION: MetricNetworkRequestExecutionTime: REQUEST_DURATION_SYSTEM='190',REQUEST_DURATION_OKHTTP='34',REQUEST_SYNCHRONOUS='TRUE',RESPONSE_CODE='200',RESPONSE_METHOD='GET',RESPONSE_LENGTH_OKHTTP='-1',RESPONSE_LENGTH_HEADER='-2',REQUEST_PROTOCOL='http/1.1',REQUEST_URL='https://uob-timetable-api.adriankeenan.co.uk/courses',
08-04 13:18:11.525 23297 23554 I art     : Starting a blocking GC Explicit
08-04 13:18:11.549 23297 23554 I art     : Explicit concurrent mark sweep GC freed 3919(220KB) AllocSpace objects, 4(220KB) LOS objects, 30% free, 35MB/51MB, paused 305us total 23.895ms
08-04 13:18:11.558 23297 23554 I art     : Starting a blocking GC Explicit
08-04 13:18:11.583 23297 23554 I art     : Explicit concurrent mark sweep GC freed 2893(11MB) AllocSpace objects, 0(0B) LOS objects, 24% free, 48MB/64MB, paused 316us total 24.735ms
08-04 13:18:11.592 23297 23554 I art     : Starting a blocking GC Explicit
08-04 13:18:11.613 23297 23554 I art     : Explicit concurrent mark sweep GC freed 7(24KB) AllocSpace objects, 0(0B) LOS objects, 24% free, 48MB/64MB, paused 276us total 21.379ms
08-04 13:18:11.622 23297 23554 I art     : Starting a blocking GC Explicit
08-04 13:18:11.627 23297 23297 D MainActivity: Saving state
08-04 13:18:11.627 23297 23297 D MainActivity: Saving current fragment: SessionListsFragment
08-04 13:18:11.627 23297 23297 D MainActivity: Saving current index: 1
08-04 13:18:11.629 23297 23297 D SessionListsFragment: Saving state
08-04 13:18:11.646 23297 23554 I art     : Explicit concurrent mark sweep GC freed 178(7KB) AllocSpace objects, 0(0B) LOS objects, 24% free, 48MB/64MB, paused 467us total 24.414ms
08-04 13:18:11.655 23297 23554 I art     : Starting a blocking GC Explicit
08-04 13:18:11.675 23297 23554 I art     : Explicit concurrent mark sweep GC freed 43(3KB) AllocSpace objects, 0(0B) LOS objects, 24% free, 48MB/64MB, paused 282us total 20.152ms
08-04 13:18:11.698   512  2967 D audio_hw_primary: disable_audio_route: reset and update mixer path: low-latency-playback speaker
08-04 13:18:11.699   512  2967 D audio_hw_primary: disable_snd_device: snd_device(2: speaker)
08-04 13:18:11.705   512  2967 I soundtrigger: audio_extn_sound_trigger_update_device_status: device 0x2 of type 0 for Event 0
08-04 13:18:11.763 23297 24069 I HTTP    : Response was compressed.
08-04 13:18:11.937 23297 23729 I art     : Starting a blocking GC Explicit
08-04 13:18:11.977 23297 23729 I art     : Explicit concurrent mark sweep GC freed 62240(2MB) AllocSpace objects, 0(0B) LOS objects, 27% free, 41MB/57MB, paused 484us total 39.491ms
08-04 13:18:11.985 22210 22210 I ServiceManager: Waiting for service AtCmdFwd...
08-04 13:18:11.987 23297 23729 I art     : Starting a blocking GC Explicit
08-04 13:18:12.012 23297 23729 I art     : Explicit concurrent mark sweep GC freed 20425(956KB) AllocSpace objects, 0(0B) LOS objects, 27% free, 41MB/57MB, paused 450us total 25.231ms
08-04 13:18:12.021 23297 23729 I art     : Starting a blocking GC Explicit
08-04 13:18:12.046 23297 23729 I art     : Explicit concurrent mark sweep GC freed 18687(884KB) AllocSpace objects, 0(0B) LOS objects, 27% free, 41MB/57MB, paused 411us total 24.788ms
08-04 13:18:12.055 23297 23729 I art     : Starting a blocking GC Explicit
08-04 13:18:12.081 23297 23729 I art     : Explicit concurrent mark sweep GC freed 18286(857KB) AllocSpace objects, 0(0B) LOS objects, 27% free, 42MB/58MB, paused 452us total 26.064ms
08-04 13:18:12.090 23297 23729 I art     : Starting a blocking GC Explicit
08-04 13:18:12.116 23297 23729 I art     : Explicit concurrent mark sweep GC freed 19389(901KB) AllocSpace objects, 0(0B) LOS objects, 27% free, 42MB/58MB, paused 454us total 26.484ms
08-04 13:18:12.162   518   646 I ThermalEngine: ACTION: GPU - Setting GPU[0] to 510000000
08-04 13:18:12.402 23297 23310 I art     : Starting a blocking GC Explicit
08-04 13:18:12.454 23297 23310 I art     : Explicit concurrent mark sweep GC freed 173758(8MB) AllocSpace objects, 1(20KB) LOS objects, 26% free, 43MB/59MB, paused 647us total 52.032ms
08-04 13:18:12.469 23297 23310 I art     : Starting a blocking GC Explicit
08-04 13:18:12.504 23297 23310 I art     : Explicit concurrent mark sweep GC freed 32614(1539KB) AllocSpace objects, 0(0B) LOS objects, 26% free, 43MB/59MB, paused 681us total 35.250ms
08-04 13:18:12.517 23297 23310 I art     : Starting a blocking GC Explicit
08-04 13:18:12.555 23297 23310 I art     : Explicit concurrent mark sweep GC freed 27624(1292KB) AllocSpace objects, 0(0B) LOS objects, 26% free, 43MB/59MB, paused 694us total 37.428ms
08-04 13:18:12.567 23297 23310 I art     : Starting a blocking GC Explicit
08-04 13:18:12.606 23297 23310 I art     : Explicit concurrent mark sweep GC freed 27662(1319KB) AllocSpace objects, 0(0B) LOS objects, 26% free, 44MB/60MB, paused 779us total 38.041ms
08-04 13:18:12.619 23297 23310 I art     : Starting a blocking GC Explicit
08-04 13:18:12.657 23297 23310 I art     : Explicit concurrent mark sweep GC freed 28337(1330KB) AllocSpace objects, 0(0B) LOS objects, 26% free, 44MB/60MB, paused 787us total 38.420ms
08-04 13:18:12.962 23297 23554 I art     : Starting a blocking GC Explicit
08-04 13:18:12.985 22210 22210 I ServiceManager: Waiting for service AtCmdFwd...
08-04 13:18:13.021 23297 23554 I art     : Explicit concurrent mark sweep GC freed 189432(8MB) AllocSpace objects, 1(20KB) LOS objects, 25% free, 46MB/62MB, paused 678us total 58.957ms
08-04 13:18:13.036 23297 23554 I art     : Starting a blocking GC Explicit
08-04 13:18:13.079 23297 23554 I art     : Explicit concurrent mark sweep GC freed 37424(1758KB) AllocSpace objects, 0(0B) LOS objects, 25% free, 45MB/61MB, paused 860us total 42.999ms
08-04 13:18:13.093 23297 23554 I art     : Starting a blocking GC Explicit
08-04 13:18:13.136 23297 23554 I art     : Explicit concurrent mark sweep GC freed 30821(1447KB) AllocSpace objects, 0(0B) LOS objects, 25% free, 46MB/62MB, paused 886us total 42.610ms
08-04 13:18:13.150 23297 23554 I art     : Starting a blocking GC Explicit
08-04 13:18:13.194 23297 23554 I art     : Explicit concurrent mark sweep GC freed 31715(1481KB) AllocSpace objects, 0(0B) LOS objects, 25% free, 46MB/62MB, paused 929us total 44.025ms
08-04 13:18:13.209 23297 23554 I art     : Starting a blocking GC Explicit
08-04 13:18:13.253 23297 23554 I art     : Explicit concurrent mark sweep GC freed 31268(1468KB) AllocSpace objects, 0(0B) LOS objects, 25% free, 46MB/62MB, paused 990us total 43.636ms
08-04 13:18:13.551 23297 23309 I art     : Starting a blocking GC Explicit
08-04 13:18:13.617 23297 23309 I art     : Explicit concurrent mark sweep GC freed 187138(8MB) AllocSpace objects, 1(20KB) LOS objects, 24% free, 48MB/64MB, paused 860us total 65.929ms
08-04 13:18:13.633 23297 23309 I art     : Starting a blocking GC Explicit
08-04 13:18:13.682 23297 23309 I art     : Explicit concurrent mark sweep GC freed 41016(1948KB) AllocSpace objects, 0(0B) LOS objects, 24% free, 48MB/64MB, paused 953us total 49.333ms
08-04 13:18:13.698 23297 23309 I art     : Starting a blocking GC Explicit
08-04 13:18:13.746 23297 23309 I art     : Explicit concurrent mark sweep GC freed 34390(1639KB) AllocSpace objects, 0(0B) LOS objects, 24% free, 48MB/64MB, paused 955us total 48.339ms
08-04 13:18:13.762 23297 23309 I art     : Starting a blocking GC Explicit
08-04 13:18:13.813 23297 23309 I art     : Explicit concurrent mark sweep GC freed 35476(1672KB) AllocSpace objects, 0(0B) LOS objects, 24% free, 48MB/64MB, paused 991us total 50.531ms
08-04 13:18:13.829 23297 23309 I art     : Starting a blocking GC Explicit
08-04 13:18:13.880 23297 23309 I art     : Explicit concurrent mark sweep GC freed 35644(1664KB) AllocSpace objects, 0(0B) LOS objects, 24% free, 49MB/65MB, paused 1.040ms total 50.787ms
08-04 13:18:13.986 22210 22210 W Atfwd_Sendcmd: AtCmdFwd service not published, waiting... retryCnt : 4
08-04 13:18:14.194 23297 23554 I art     : Starting a blocking GC Explicit
08-04 13:18:14.267 23297 23554 I art     : Explicit concurrent mark sweep GC freed 199123(9MB) AllocSpace objects, 1(20KB) LOS objects, 23% free, 50MB/66MB, paused 909us total 72.443ms
08-04 13:18:14.284 23297 23554 I art     : Starting a blocking GC Explicit
08-04 13:18:14.340 23297 23554 I art     : Explicit concurrent mark sweep GC freed 43778(2MB) AllocSpace objects, 0(0B) LOS objects, 23% free, 50MB/66MB, paused 1.053ms total 55.580ms
08-04 13:18:14.356 23297 23554 I art     : Starting a blocking GC Explicit
08-04 13:18:14.410 23297 23554 I art     : Explicit concurrent mark sweep GC freed 37545(1771KB) AllocSpace objects, 0(0B) LOS objects, 23% free, 51MB/67MB, paused 1.071ms total 53.566ms
08-04 13:18:14.426 23297 23554 I art     : Starting a blocking GC Explicit
08-04 13:18:14.429 13866 13882 I PeriodicStatsRunner: PeriodicStatsRunner.call():175 call()
08-04 13:18:14.429 13866 13882 I PeriodicStatsRunner: PeriodicStatsRunner.call():179 No submit PeriodicStats since input started.
08-04 13:18:14.480 23297 23554 I art     : Explicit concurrent mark sweep GC freed 37327(1758KB) AllocSpace objects, 0(0B) LOS objects, 23% free, 51MB/67MB, paused 1.073ms total 54.279ms
08-04 13:18:14.496 23297 23554 I art     : Starting a blocking GC Explicit
08-04 13:18:14.552 23297 23554 I art     : Explicit concurrent mark sweep GC freed 37410(1812KB) AllocSpace objects, 0(0B) LOS objects, 23% free, 51MB/67MB, paused 1.329ms total 56.180ms
08-04 13:18:14.555 23297 24069 I Service : getCourses response time: 0.69
08-04 13:18:14.564 23297 23297 I SettingsManager: Getting string: savedCourse
08-04 13:18:14.819 23297 23554 I art     : Starting a blocking GC Explicit
08-04 13:18:14.887 23297 23554 I art     : Explicit concurrent mark sweep GC freed 8474(399KB) AllocSpace objects, 2(15MB) LOS objects, 30% free, 36MB/52MB, paused 393us total 67.163ms
08-04 13:18:14.905 23297 23554 I art     : Starting a blocking GC Explicit
08-04 13:18:14.965 23297 23554 I art     : Explicit concurrent mark sweep GC freed 739(66KB) AllocSpace objects, 0(0B) LOS objects, 30% free, 36MB/52MB, paused 352us total 59.274ms
08-04 13:18:14.983 23297 23554 I art     : Starting a blocking GC Explicit
08-04 13:18:15.041 23297 23554 I art     : Explicit concurrent mark sweep GC freed 3(96B) AllocSpace objects, 0(0B) LOS objects, 30% free, 36MB/52MB, paused 372us total 57.057ms
08-04 13:18:15.060 23297 23554 I art     : Starting a blocking GC Explicit
08-04 13:18:15.117 23297 23554 I art     : Explicit concurrent mark sweep GC freed 3(96B) AllocSpace objects, 0(0B) LOS objects, 30% free, 36MB/52MB, paused 367us total 56.364ms
08-04 13:18:15.136 23297 23554 I art     : Starting a blocking GC Explicit
08-04 13:18:15.193 23297 23554 I art     : Explicit concurrent mark sweep GC freed 3(96B) AllocSpace objects, 0(0B) LOS objects, 30% free, 36MB/52MB, paused 368us total 57.233ms
08-04 13:18:15.553 23297 23309 I art     : Starting a blocking GC Explicit
08-04 13:18:15.632 23297 23309 I art     : Explicit concurrent mark sweep GC freed 1293(75KB) AllocSpace objects, 1(20KB) LOS objects, 30% free, 36MB/52MB, paused 385us total 78.412ms
08-04 13:18:15.656 23297 23309 I art     : Starting a blocking GC Explicit
08-04 13:18:15.714 23297 23309 I art     : Explicit concurrent mark sweep GC freed 18(624B) AllocSpace objects, 0(0B) LOS objects, 30% free, 36MB/52MB, paused 344us total 57.282ms
08-04 13:18:15.732 23297 23309 I art     : Starting a blocking GC Explicit
08-04 13:18:15.791 23297 23309 I art     : Explicit concurrent mark sweep GC freed 3(96B) AllocSpace objects, 0(0B) LOS objects, 30% free, 36MB/52MB, paused 350us total 58.961ms
08-04 13:18:15.809 23297 23309 I art     : Starting a blocking GC Explicit
08-04 13:18:15.867 23297 23309 I art     : Explicit concurrent mark sweep GC freed 3(96B) AllocSpace objects, 0(0B) LOS objects, 30% free, 36MB/52MB, paused 365us total 56.906ms
08-04 13:18:15.886 23297 23309 I art     : Starting a blocking GC Explicit
08-04 13:18:15.939 23297 23309 I art     : Explicit concurrent mark sweep GC freed 3(96B) AllocSpace objects, 0(0B) LOS objects, 30% free, 36MB/52MB, paused 363us total 53.173ms
08-04 13:18:16.263 13866 13882 I PeriodicStatsRunner: PeriodicStatsRunner.call():175 call()
08-04 13:18:16.263 13866 13882 I PeriodicStatsRunner: PeriodicStatsRunner.call():179 No submit PeriodicStats since input started.
08-04 13:18:16.266 23297 23729 I art     : Starting a blocking GC Explicit
08-04 13:18:16.327 23297 23729 I art     : Explicit concurrent mark sweep GC freed 1295(75KB) AllocSpace objects, 1(20KB) LOS objects, 30% free, 36MB/52MB, paused 365us total 60.836ms
08-04 13:18:16.347 23297 23729 I art     : Starting a blocking GC Explicit
08-04 13:18:16.405 23297 23729 I art     : Explicit concurrent mark sweep GC freed 18(624B) AllocSpace objects, 0(0B) LOS objects, 30% free, 36MB/52MB, paused 362us total 57.592ms
08-04 13:18:16.423 23297 23729 I art     : Starting a blocking GC Explicit
08-04 13:18:16.480 23297 23729 I art     : Explicit concurrent mark sweep GC freed 15(480B) AllocSpace objects, 0(0B) LOS objects, 30% free, 36MB/52MB, paused 354us total 56.644ms
08-04 13:18:16.498 23297 23729 I art     : Starting a blocking GC Explicit
08-04 13:18:16.553 23297 23729 I art     : Explicit concurrent mark sweep GC freed 34(1888B) AllocSpace objects, 0(0B) LOS objects, 30% free, 36MB/52MB, paused 346us total 54.817ms
08-04 13:18:16.571 23297 23729 I art     : Starting a blocking GC Explicit
08-04 13:18:16.623 23297 23729 I art     : Explicit concurrent mark sweep GC freed 9(320B) AllocSpace objects, 0(0B) LOS objects, 30% free, 36MB/52MB, paused 342us total 51.233ms
08-04 13:18:16.960 23297 23310 I art     : Starting a blocking GC Explicit
08-04 13:18:17.031 23297 23310 I art     : Explicit concurrent mark sweep GC freed 1294(75KB) AllocSpace objects, 1(20KB) LOS objects, 30% free, 36MB/52MB, paused 377us total 69.678ms
08-04 13:18:17.050 23297 23310 I art     : Starting a blocking GC Explicit
08-04 13:18:17.109 23297 23310 I art     : Explicit concurrent mark sweep GC freed 18(624B) AllocSpace objects, 0(0B) LOS objects, 30% free, 36MB/52MB, paused 368us total 58.861ms
08-04 13:18:17.128 23297 23310 I art     : Starting a blocking GC Explicit
08-04 13:18:17.186 23297 23310 I art     : Explicit concurrent mark sweep GC freed 3(96B) AllocSpace objects, 0(0B) LOS objects, 30% free, 36MB/52MB, paused 363us total 58.198ms
08-04 13:18:17.206 23297 23310 I art     : Starting a blocking GC Explicit
08-04 13:18:17.262 23297 23310 I art     : Explicit concurrent mark sweep GC freed 3(96B) AllocSpace objects, 0(0B) LOS objects, 30% free, 36MB/52MB, paused 371us total 56.739ms
08-04 13:18:17.282 23297 23310 I art     : Starting a blocking GC Explicit
08-04 13:18:17.339 23297 23310 I art     : Explicit concurrent mark sweep GC freed 3(96B) AllocSpace objects, 0(0B) LOS objects, 30% free, 36MB/52MB, paused 340us total 57.172ms
08-04 13:18:17.633 23297 23554 I art     : Starting a blocking GC Explicit
08-04 13:18:17.694 23297 23554 I art     : Explicit concurrent mark sweep GC freed 1293(75KB) AllocSpace objects, 1(20KB) LOS objects, 30% free, 36MB/52MB, paused 365us total 60.653ms
08-04 13:18:17.713 23297 23554 I art     : Starting a blocking GC Explicit
08-04 13:18:17.765 23297 23554 I art     : Explicit concurrent mark sweep GC freed 18(624B) AllocSpace objects, 0(0B) LOS objects, 30% free, 36MB/52MB, paused 352us total 51.999ms
08-04 13:18:17.782 23297 23554 I art     : Starting a blocking GC Explicit
08-04 13:18:17.804 24174 24174 D AndroidRuntime: >>>>>> START com.android.internal.os.RuntimeInit uid 2000 <<<<<<
08-04 13:18:17.808 24174 24174 D AndroidRuntime: CheckJNI is OFF
08-04 13:18:17.838 23297 23554 I art     : Explicit concurrent mark sweep GC freed 3(96B) AllocSpace objects, 0(0B) LOS objects, 30% free, 36MB/52MB, paused 382us total 55.493ms
08-04 13:18:17.844 24174 24174 D ICU     : No timezone override file found: /data/misc/zoneinfo/current/icu/icu_tzdata.dat
08-04 13:18:17.856 23297 23554 I art     : Starting a blocking GC Explicit
08-04 13:18:17.878 24174 24174 I Radio-JNI: register_android_hardware_Radio DONE
08-04 13:18:17.900 24174 24174 D AndroidRuntime: Calling main entry com.android.commands.input.Input
08-04 13:18:17.902 24174 24174 I Input   : injectMotionEvent: MotionEvent { action=ACTION_DOWN, actionButton=0, id[0]=0, x[0]=558.0, y[0]=368.0, toolType[0]=TOOL_TYPE_UNKNOWN, buttonState=0, metaState=0, flags=0x0, edgeFlags=0x0, pointerCount=1, historySize=0, eventTime=710314315, downTime=710314315, deviceId=0, source=0x1002 }
08-04 13:18:17.907 24174 24174 I Input   : injectMotionEvent: MotionEvent { action=ACTION_UP, actionButton=0, id[0]=0, x[0]=558.0, y[0]=368.0, toolType[0]=TOOL_TYPE_UNKNOWN, buttonState=0, metaState=0, flags=0x0, edgeFlags=0x0, pointerCount=1, historySize=0, eventTime=710314315, downTime=710314315, deviceId=0, source=0x1002 }
08-04 13:18:17.907 23297 23554 I art     : Explicit concurrent mark sweep GC freed 20(624B) AllocSpace objects, 0(0B) LOS objects, 30% free, 36MB/52MB, paused 375us total 51.189ms
08-04 13:18:17.909 24174 24174 D AndroidRuntime: Shutting down VM
08-04 13:18:17.927 23297 23554 I art     : Starting a blocking GC Explicit
08-04 13:18:17.976 23297 23554 I art     : Explicit concurrent mark sweep GC freed 347(63KB) AllocSpace objects, 0(0B) LOS objects, 30% free, 36MB/52MB, paused 573us total 48.853ms
08-04 13:18:18.246 23297 23309 I art     : Starting a blocking GC Explicit
08-04 13:18:18.314 23297 23309 I art     : Explicit concurrent mark sweep GC freed 2203(123KB) AllocSpace objects, 1(20KB) LOS objects, 30% free, 36MB/52MB, paused 341us total 67.996ms
08-04 13:18:18.333 23297 23309 I art     : Starting a blocking GC Explicit
08-04 13:18:18.386 23297 23309 I art     : Explicit concurrent mark sweep GC freed 64(2800B) AllocSpace objects, 0(0B) LOS objects, 30% free, 36MB/52MB, paused 309us total 52.692ms
08-04 13:18:18.405 23297 23309 I art     : Starting a blocking GC Explicit
08-04 13:18:18.455 23297 23309 I art     : Explicit concurrent mark sweep GC freed 17(544B) AllocSpace objects, 0(0B) LOS objects, 30% free, 36MB/52MB, paused 298us total 50.755ms
08-04 13:18:18.475 23297 23309 I art     : Starting a blocking GC Explicit
08-04 13:18:18.528 23297 23309 I art     : Explicit concurrent mark sweep GC freed 7(224B) AllocSpace objects, 0(0B) LOS objects, 30% free, 36MB/52MB, paused 318us total 53.101ms
08-04 13:18:18.545 23297 23309 I art     : Starting a blocking GC Explicit
08-04 13:18:18.595 23297 23309 I art     : Explicit concurrent mark sweep GC freed 7(224B) AllocSpace objects, 0(0B) LOS objects, 30% free, 36MB/52MB, paused 322us total 50.064ms
08-04 13:18:18.909 23297 23554 I art     : Starting a blocking GC Explicit
08-04 13:18:18.987 23297 23554 I art     : Explicit concurrent mark sweep GC freed 1344(77KB) AllocSpace objects, 1(20KB) LOS objects, 30% free, 36MB/52MB, paused 344us total 77.880ms
08-04 13:18:19.007 23297 23554 I art     : Starting a blocking GC Explicit
08-04 13:18:19.065 23297 23554 I art     : Explicit concurrent mark sweep GC freed 18(624B) AllocSpace objects, 0(0B) LOS objects, 30% free, 36MB/52MB, paused 358us total 58.354ms
08-04 13:18:19.086 23297 23554 I art     : Starting a blocking GC Explicit
08-04 13:18:19.143 23297 23554 I art     : Explicit concurrent mark sweep GC freed 3(96B) AllocSpace objects, 0(0B) LOS objects, 30% free, 36MB/52MB, paused 310us total 57.363ms
08-04 13:18:19.162 23297 23554 I art     : Starting a blocking GC Explicit
08-04 13:18:19.218 23297 23554 I art     : Explicit concurrent mark sweep GC freed 3(96B) AllocSpace objects, 0(0B) LOS objects, 30% free, 36MB/52MB, paused 359us total 55.511ms
08-04 13:18:19.235 23297 23554 I art     : Starting a blocking GC Explicit
08-04 13:18:19.290 23297 23554 I art     : Explicit concurrent mark sweep GC freed 3(96B) AllocSpace objects, 0(0B) LOS objects, 30% free, 36MB/52MB, paused 340us total 54.995ms
08-04 13:18:19.553 24219 24219 D AndroidRuntime: >>>>>> START com.android.internal.os.RuntimeInit uid 2000 <<<<<<
08-04 13:18:19.558 24219 24219 D AndroidRuntime: CheckJNI is OFF
08-04 13:18:19.577 23297 23729 I art     : Starting a blocking GC Explicit
08-04 13:18:19.595 24219 24219 D ICU     : No timezone override file found: /data/misc/zoneinfo/current/icu/icu_tzdata.dat
08-04 13:18:19.634 24219 24219 I Radio-JNI: register_android_hardware_Radio DONE
08-04 13:18:19.644 23297 23729 I art     : Explicit concurrent mark sweep GC freed 1300(75KB) AllocSpace objects, 1(20KB) LOS objects, 30% free, 36MB/52MB, paused 318us total 66.449ms
08-04 13:18:19.655 24219 24219 D AndroidRuntime: Calling main entry com.android.commands.input.Input
08-04 13:18:19.657 24219 24219 I Input   : injectMotionEvent: MotionEvent { action=ACTION_DOWN, actionButton=0, id[0]=0, x[0]=945.0, y[0]=1376.0, toolType[0]=TOOL_TYPE_UNKNOWN, buttonState=0, metaState=0, flags=0x0, edgeFlags=0x0, pointerCount=1, historySize=0, eventTime=710316070, downTime=710316070, deviceId=0, source=0x1002 }
08-04 13:18:19.662 23297 23729 I art     : Starting a blocking GC Explicit
08-04 13:18:19.666 24219 24219 I Input   : injectMotionEvent: MotionEvent { action=ACTION_UP, actionButton=0, id[0]=0, x[0]=945.0, y[0]=1376.0, toolType[0]=TOOL_TYPE_UNKNOWN, buttonState=0, metaState=0, flags=0x0, edgeFlags=0x0, pointerCount=1, historySize=0, eventTime=710316070, downTime=710316070, deviceId=0, source=0x1002 }
08-04 13:18:19.668 24219 24219 D AndroidRuntime: Shutting down VM
08-04 13:18:19.713 23297 23729 I art     : Explicit concurrent mark sweep GC freed 43(1536B) AllocSpace objects, 0(0B) LOS objects, 30% free, 36MB/52MB, paused 357us total 50.643ms
08-04 13:18:19.730 23297 23729 I art     : Starting a blocking GC Explicit
08-04 13:18:19.735   512  2967 D audio_hw_primary: out_set_parameters: enter: usecase(1: low-latency-playback) kvpairs: routing=2
08-04 13:18:19.748   512  2967 D audio_hw_primary: select_devices: out_snd_device(2: speaker) in_snd_device(0: none)
08-04 13:18:19.749   512  2967 D msm8974_platform: platform_send_audio_calibration: sending audio calibration for snd_device(2) acdb_id(15)
08-04 13:18:19.749   512  2967 I soundtrigger: audio_extn_sound_trigger_update_device_status: device 0x2 of type 0 for Event 1
08-04 13:18:19.754 13866 13866 I GoogleInputMethodServic: GoogleInputMethodService.onFinishInput():3138 
08-04 13:18:19.755 13866 13866 I GoogleInputMethodServic: GoogleInputMethodService.onStartInput():1808 
08-04 13:18:19.759   512  2967 D audio_hw_primary: enable_snd_device: snd_device(2: speaker)
08-04 13:18:19.762   512  2967 D audio_hw_primary: enable_audio_route: apply and update mixer path: low-latency-playback speaker
08-04 13:18:19.767 13866 13866 I GoogleInputMethodServic: GoogleInputMethodService.onFinishInput():3138 
08-04 13:18:19.768 13866 13866 I GoogleInputMethodServic: GoogleInputMethodService.onStartInput():1808 
08-04 13:18:19.791 23297 23729 I art     : Explicit concurrent mark sweep GC freed 408(29KB) AllocSpace objects, 0(0B) LOS objects, 30% free, 36MB/52MB, paused 786us total 60.794ms
08-04 13:18:19.810 23297 23729 I art     : Starting a blocking GC Explicit
08-04 13:18:19.864 23297 23729 I art     : Explicit concurrent mark sweep GC freed 589(26KB) AllocSpace objects, 0(0B) LOS objects, 30% free, 36MB/52MB, paused 373us total 53.358ms
08-04 13:18:19.883 23297 23729 I art     : Starting a blocking GC Explicit
08-04 13:18:19.935 23297 23729 I art     : Explicit concurrent mark sweep GC freed 682(62KB) AllocSpace objects, 0(0B) LOS objects, 30% free, 36MB/52MB, paused 467us total 51.804ms
08-04 13:18:20.089 23297 23313 D OpenGLRenderer: endAllStagingAnimators on 0x7f9956f400 (ListPopupWindow$DropDownListView) with handle 0x7f8038f5c0
08-04 13:18:20.205 23297 23310 I art     : Starting a blocking GC Explicit
08-04 13:18:20.273 23297 23310 I art     : Explicit concurrent mark sweep GC freed 1409(80KB) AllocSpace objects, 1(20KB) LOS objects, 30% free, 36MB/52MB, paused 388us total 68.619ms
08-04 13:18:20.292 23297 23310 I art     : Starting a blocking GC Explicit
08-04 13:18:20.309   512  2967 D audio_hw_primary: disable_audio_route: reset and update mixer path: low-latency-playback speaker
08-04 13:18:20.311   512  2967 D audio_hw_primary: disable_snd_device: snd_device(2: speaker)
08-04 13:18:20.318   512  2967 I soundtrigger: audio_extn_sound_trigger_update_device_status: device 0x2 of type 0 for Event 0
08-04 13:18:20.346 23297 23310 I art     : Explicit concurrent mark sweep GC freed 574(38KB) AllocSpace objects, 0(0B) LOS objects, 30% free, 36MB/52MB, paused 349us total 53.482ms
08-04 13:18:20.364 23297 23310 I art     : Starting a blocking GC Explicit
08-04 13:18:20.422 23297 23310 I art     : Explicit concurrent mark sweep GC freed 3(96B) AllocSpace objects, 0(0B) LOS objects, 30% free, 36MB/52MB, paused 346us total 57.861ms
08-04 13:18:20.441 23297 23310 I art     : Starting a blocking GC Explicit
08-04 13:18:20.502 23297 23310 I art     : Explicit concurrent mark sweep GC freed 3(96B) AllocSpace objects, 0(0B) LOS objects, 30% free, 36MB/52MB, paused 363us total 60.247ms
08-04 13:18:20.521 23297 23310 I art     : Starting a blocking GC Explicit
08-04 13:18:20.580 23297 23310 I art     : Explicit concurrent mark sweep GC freed 3(96B) AllocSpace objects, 0(0B) LOS objects, 30% free, 36MB/52MB, paused 404us total 59.011ms
08-04 13:18:20.894 23297 23309 I art     : Starting a blocking GC Explicit
08-04 13:18:20.957 23297 23309 I art     : Explicit concurrent mark sweep GC freed 1293(75KB) AllocSpace objects, 1(20KB) LOS objects, 30% free, 36MB/52MB, paused 342us total 62.588ms
08-04 13:18:20.976 23297 23309 I art     : Starting a blocking GC Explicit
08-04 13:18:21.028 23297 23309 I art     : Explicit concurrent mark sweep GC freed 18(624B) AllocSpace objects, 0(0B) LOS objects, 30% free, 36MB/52MB, paused 720us total 51.997ms
08-04 13:18:21.047 23297 23309 I art     : Starting a blocking GC Explicit
08-04 13:18:21.103 23297 23309 I art     : Explicit concurrent mark sweep GC freed 3(96B) AllocSpace objects, 0(0B) LOS objects, 30% free, 36MB/52MB, paused 358us total 56.226ms
08-04 13:18:21.121 23297 23309 I art     : Starting a blocking GC Explicit
08-04 13:18:21.174 23297 23309 I art     : Explicit concurrent mark sweep GC freed 3(96B) AllocSpace objects, 0(0B) LOS objects, 30% free, 36MB/52MB, paused 342us total 52.443ms
08-04 13:18:21.192 23297 23309 I art     : Starting a blocking GC Explicit
08-04 13:18:21.245 23297 23309 I art     : Explicit concurrent mark sweep GC freed 3(96B) AllocSpace objects, 0(0B) LOS objects, 30% free, 36MB/52MB, paused 329us total 52.021ms
08-04 13:18:21.318 24262 24262 D AndroidRuntime: >>>>>> START com.android.internal.os.RuntimeInit uid 2000 <<<<<<
08-04 13:18:21.323 24262 24262 D AndroidRuntime: CheckJNI is OFF
08-04 13:18:21.359 24262 24262 D ICU     : No timezone override file found: /data/misc/zoneinfo/current/icu/icu_tzdata.dat
08-04 13:18:21.397 24262 24262 I Radio-JNI: register_android_hardware_Radio DONE
08-04 13:18:21.419 24262 24262 D AndroidRuntime: Calling main entry com.android.commands.input.Input
08-04 13:18:21.421 24262 24262 I Input   : injectMotionEvent: MotionEvent { action=ACTION_DOWN, actionButton=0, id[0]=0, x[0]=481.0, y[0]=544.0, toolType[0]=TOOL_TYPE_UNKNOWN, buttonState=0, metaState=0, flags=0x0, edgeFlags=0x0, pointerCount=1, historySize=0, eventTime=710317833, downTime=710317833, deviceId=0, source=0x1002 }
08-04 13:18:21.426 24262 24262 I Input   : injectMotionEvent: MotionEvent { action=ACTION_UP, actionButton=0, id[0]=0, x[0]=481.0, y[0]=544.0, toolType[0]=TOOL_TYPE_UNKNOWN, buttonState=0, metaState=0, flags=0x0, edgeFlags=0x0, pointerCount=1, historySize=0, eventTime=710317833, downTime=710317833, deviceId=0, source=0x1002 }
08-04 13:18:21.427 24262 24262 D AndroidRuntime: Shutting down VM
08-04 13:18:21.544 23297 23554 I art     : Starting a blocking GC Explicit
08-04 13:18:21.595 23297 23554 I art     : Explicit concurrent mark sweep GC freed 2022(106KB) AllocSpace objects, 1(20KB) LOS objects, 30% free, 36MB/52MB, paused 324us total 51.478ms
08-04 13:18:21.612 23297 23554 I art     : Starting a blocking GC Explicit
08-04 13:18:21.659 23297 23554 I art     : Explicit concurrent mark sweep GC freed 107(5KB) AllocSpace objects, 0(0B) LOS objects, 30% free, 36MB/52MB, paused 337us total 47.151ms
08-04 13:18:21.659 23297 23307 I art     : WaitForGcToComplete blocked for 36.285ms for cause HeapTrim
08-04 13:18:21.675 23297 23554 I art     : Starting a blocking GC Explicit
08-04 13:18:21.725 23297 23554 I art     : Explicit concurrent mark sweep GC freed 15(560B) AllocSpace objects, 0(0B) LOS objects, 30% free, 36MB/52MB, paused 348us total 48.970ms
08-04 13:18:21.742 23297 23554 I art     : Starting a blocking GC Explicit
08-04 13:18:21.792 23297 23554 I art     : Explicit concurrent mark sweep GC freed 310(13KB) AllocSpace objects, 0(0B) LOS objects, 30% free, 36MB/52MB, paused 298us total 49.228ms
08-04 13:18:21.809 23297 23554 I art     : Starting a blocking GC Explicit
08-04 13:18:21.861 23297 23554 I art     : Explicit concurrent mark sweep GC freed 9(320B) AllocSpace objects, 0(0B) LOS objects, 30% free, 36MB/52MB, paused 318us total 51.195ms
08-04 13:18:22.185 23297 23554 I art     : Starting a blocking GC Explicit
08-04 13:18:22.248 23297 23554 I art     : Explicit concurrent mark sweep GC freed 1330(77KB) AllocSpace objects, 1(20KB) LOS objects, 30% free, 36MB/52MB, paused 428us total 62.624ms
08-04 13:18:22.267 23297 23554 I art     : Starting a blocking GC Explicit
08-04 13:18:22.320 23297 23554 I art     : Explicit concurrent mark sweep GC freed 26(880B) AllocSpace objects, 0(0B) LOS objects, 30% free, 36MB/52MB, paused 360us total 52.823ms
08-04 13:18:22.339 23297 23554 I art     : Starting a blocking GC Explicit
08-04 13:18:22.393 23297 23554 I art     : Explicit concurrent mark sweep GC freed 3(96B) AllocSpace objects, 0(0B) LOS objects, 30% free, 36MB/52MB, paused 359us total 53.300ms
08-04 13:18:22.412 23297 23554 I art     : Starting a blocking GC Explicit
08-04 13:18:22.467 23297 23554 I art     : Explicit concurrent mark sweep GC freed 3(96B) AllocSpace objects, 0(0B) LOS objects, 30% free, 36MB/52MB, paused 357us total 54.631ms
08-04 13:18:22.486 23297 23554 I art     : Starting a blocking GC Explicit
08-04 13:18:22.544 23297 23554 I art     : Explicit concurrent mark sweep GC freed 3(96B) AllocSpace objects, 0(0B) LOS objects, 30% free, 36MB/52MB, paused 354us total 58.007ms
08-04 13:18:22.733   918  3261 D WifiStateMachine: starting scan for "H369AA63323"WPA_PSK with 2412,5180
08-04 13:18:22.826 23297 23729 I art     : Starting a blocking GC Explicit
08-04 13:18:22.887 23297 23729 I art     : Explicit concurrent mark sweep GC freed 1293(75KB) AllocSpace objects, 1(20KB) LOS objects, 30% free, 36MB/52MB, paused 401us total 60.108ms
08-04 13:18:22.905 23297 23729 I art     : Starting a blocking GC Explicit
08-04 13:18:22.957 23297 23729 I art     : Explicit concurrent mark sweep GC freed 18(624B) AllocSpace objects, 0(0B) LOS objects, 30% free, 36MB/52MB, paused 335us total 52.132ms
08-04 13:18:22.975 23297 23729 I art     : Starting a blocking GC Explicit
08-04 13:18:23.032 23297 23729 I art     : Explicit concurrent mark sweep GC freed 3(96B) AllocSpace objects, 0(0B) LOS objects, 30% free, 36MB/52MB, paused 340us total 56.111ms
08-04 13:18:23.050 23297 23729 I art     : Starting a blocking GC Explicit
08-04 13:18:23.095 24295 24295 D AndroidRuntime: >>>>>> START com.android.internal.os.RuntimeInit uid 2000 <<<<<<
08-04 13:18:23.100 24295 24295 D AndroidRuntime: CheckJNI is OFF
08-04 13:18:23.107 23297 23729 I art     : Explicit concurrent mark sweep GC freed 4(128B) AllocSpace objects, 0(0B) LOS objects, 30% free, 36MB/52MB, paused 369us total 56.890ms
08-04 13:18:23.126 23297 23729 I art     : Starting a blocking GC Explicit
08-04 13:18:23.136 24295 24295 D ICU     : No timezone override file found: /data/misc/zoneinfo/current/icu/icu_tzdata.dat
08-04 13:18:23.168 24295 24295 I Radio-JNI: register_android_hardware_Radio DONE
08-04 13:18:23.178 23297 23729 I art     : Explicit concurrent mark sweep GC freed 11(352B) AllocSpace objects, 0(0B) LOS objects, 30% free, 36MB/52MB, paused 344us total 52.054ms
08-04 13:18:23.191 24295 24295 D AndroidRuntime: Calling main entry com.android.commands.input.Input
08-04 13:18:23.193 24295 24295 I Input   : injectMotionEvent: MotionEvent { action=ACTION_DOWN, actionButton=0, id[0]=0, x[0]=310.0, y[0]=906.0, toolType[0]=TOOL_TYPE_UNKNOWN, buttonState=0, metaState=0, flags=0x0, edgeFlags=0x0, pointerCount=1, historySize=0, eventTime=710319606, downTime=710319606, deviceId=0, source=0x1002 }
08-04 13:18:23.199 24295 24295 I Input   : injectMotionEvent: MotionEvent { action=ACTION_UP, actionButton=0, id[0]=0, x[0]=310.0, y[0]=906.0, toolType[0]=TOOL_TYPE_UNKNOWN, buttonState=0, metaState=0, flags=0x0, edgeFlags=0x0, pointerCount=1, historySize=0, eventTime=710319606, downTime=710319606, deviceId=0, source=0x1002 }
08-04 13:18:23.201 24295 24295 D AndroidRuntime: Shutting down VM
08-04 13:18:23.275   512  2967 D audio_hw_primary: out_set_parameters: enter: usecase(1: low-latency-playback) kvpairs: routing=2
08-04 13:18:23.288   512  2967 D audio_hw_primary: select_devices: out_snd_device(2: speaker) in_snd_device(0: none)
08-04 13:18:23.288   512  2967 D msm8974_platform: platform_send_audio_calibration: sending audio calibration for snd_device(2) acdb_id(15)
08-04 13:18:23.288   512  2967 I soundtrigger: audio_extn_sound_trigger_update_device_status: device 0x2 of type 0 for Event 1
08-04 13:18:23.293 13866 13866 I GoogleInputMethodServic: GoogleInputMethodService.onFinishInput():3138 
08-04 13:18:23.294 13866 13866 I GoogleInputMethodServic: GoogleInputMethodService.onStartInput():1808 
08-04 13:18:23.300   512  2967 D audio_hw_primary: enable_snd_device: snd_device(2: speaker)
08-04 13:18:23.303   512  2967 D audio_hw_primary: enable_audio_route: apply and update mixer path: low-latency-playback speaker
08-04 13:18:23.304 13866 13866 I GoogleInputMethodServic: GoogleInputMethodService.onFinishInput():3138 
08-04 13:18:23.305 13866 13866 I GoogleInputMethodServic: GoogleInputMethodService.onStartInput():1808 
08-04 13:18:23.447 23297 23309 I art     : Starting a blocking GC Explicit
08-04 13:18:23.503 23297 23309 I art     : Explicit concurrent mark sweep GC freed 2270(120KB) AllocSpace objects, 1(20KB) LOS objects, 30% free, 36MB/52MB, paused 347us total 55.182ms
08-04 13:18:23.521 23297 23309 I art     : Starting a blocking GC Explicit
08-04 13:18:23.576 23297 23309 I art     : Explicit concurrent mark sweep GC freed 727(64KB) AllocSpace objects, 0(0B) LOS objects, 30% free, 36MB/52MB, paused 325us total 54.307ms
08-04 13:18:23.593 23297 23309 I art     : Starting a blocking GC Explicit
08-04 13:18:23.611 23297 23313 D OpenGLRenderer: endAllStagingAnimators on 0x7f9a1fe400 (ListPopupWindow$DropDownListView) with handle 0x7f7a9fe220
08-04 13:18:23.645 23297 23309 I art     : Explicit concurrent mark sweep GC freed 105(4KB) AllocSpace objects, 0(0B) LOS objects, 30% free, 36MB/52MB, paused 312us total 51.517ms
08-04 13:18:23.662 23297 23309 I art     : Starting a blocking GC Explicit
08-04 13:18:23.716 23297 23309 I art     : Explicit concurrent mark sweep GC freed 29(1216B) AllocSpace objects, 0(0B) LOS objects, 30% free, 36MB/52MB, paused 356us total 53.730ms
08-04 13:18:23.734 23297 23309 I art     : Starting a blocking GC Explicit
08-04 13:18:23.791 23297 23309 I art     : Explicit concurrent mark sweep GC freed 480(31KB) AllocSpace objects, 0(0B) LOS objects, 30% free, 36MB/52MB, paused 389us total 57.458ms
08-04 13:18:23.850   512  2967 D audio_hw_primary: disable_audio_route: reset and update mixer path: low-latency-playback speaker
08-04 13:18:23.852   512  2967 D audio_hw_primary: disable_snd_device: snd_device(2: speaker)
08-04 13:18:23.860   512  2967 I soundtrigger: audio_extn_sound_trigger_update_device_status: device 0x2 of type 0 for Event 0
08-04 13:18:24.101 23297 23729 I art     : Starting a blocking GC Explicit
08-04 13:18:24.174 23297 23729 I art     : Explicit concurrent mark sweep GC freed 1293(75KB) AllocSpace objects, 1(20KB) LOS objects, 30% free, 36MB/52MB, paused 357us total 73.042ms
08-04 13:18:24.194 23297 23729 I art     : Starting a blocking GC Explicit
08-04 13:18:24.252 23297 23729 I art     : Explicit concurrent mark sweep GC freed 18(624B) AllocSpace objects, 0(0B) LOS objects, 30% free, 36MB/52MB, paused 340us total 57.937ms
08-04 13:18:24.270 23297 23729 I art     : Starting a blocking GC Explicit
08-04 13:18:24.328 23297 23729 I art     : Explicit concurrent mark sweep GC freed 3(96B) AllocSpace objects, 0(0B) LOS objects, 30% free, 36MB/52MB, paused 359us total 57.590ms
08-04 13:18:24.348 23297 23729 I art     : Starting a blocking GC Explicit
08-04 13:18:24.406 23297 23729 I art     : Explicit concurrent mark sweep GC freed 3(96B) AllocSpace objects, 0(0B) LOS objects, 30% free, 36MB/52MB, paused 353us total 57.981ms
08-04 13:18:24.426 23297 23729 I art     : Starting a blocking GC Explicit
08-04 13:18:24.480 23297 23729 I art     : Explicit concurrent mark sweep GC freed 3(96B) AllocSpace objects, 0(0B) LOS objects, 30% free, 36MB/52MB, paused 353us total 53.990ms
08-04 13:18:24.755 13866 13882 I PeriodicStatsRunner: PeriodicStatsRunner.call():175 call()
08-04 13:18:24.756 13866 13882 I PeriodicStatsRunner: PeriodicStatsRunner.call():179 No submit PeriodicStats since input started.
08-04 13:18:24.767 23297 23310 I art     : Starting a blocking GC Explicit
08-04 13:18:24.767 13866 13882 I PeriodicStatsRunner: PeriodicStatsRunner.call():175 call()
08-04 13:18:24.768 13866 13882 I PeriodicStatsRunner: PeriodicStatsRunner.call():179 No submit PeriodicStats since input started.
08-04 13:18:24.827 23297 23310 I art     : Explicit concurrent mark sweep GC freed 1293(75KB) AllocSpace objects, 1(20KB) LOS objects, 30% free, 36MB/52MB, paused 361us total 59.547ms
08-04 13:18:24.841 24339 24339 D AndroidRuntime: >>>>>> START com.android.internal.os.RuntimeInit uid 2000 <<<<<<
08-04 13:18:24.846 24339 24339 D AndroidRuntime: CheckJNI is OFF
08-04 13:18:24.847 23297 23310 I art     : Starting a blocking GC Explicit
08-04 13:18:24.879 24339 24339 D ICU     : No timezone override file found: /data/misc/zoneinfo/current/icu/icu_tzdata.dat
08-04 13:18:24.899 23297 23310 I art     : Explicit concurrent mark sweep GC freed 18(624B) AllocSpace objects, 0(0B) LOS objects, 30% free, 36MB/52MB, paused 355us total 52.019ms
08-04 13:18:24.914 24339 24339 I Radio-JNI: register_android_hardware_Radio DONE
08-04 13:18:24.916 23297 23310 I art     : Starting a blocking GC Explicit
08-04 13:18:24.937 24339 24339 D AndroidRuntime: Calling main entry com.android.commands.input.Input
08-04 13:18:24.939 24339 24339 I Input   : injectMotionEvent: MotionEvent { action=ACTION_DOWN, actionButton=0, id[0]=0, x[0]=648.0, y[0]=709.0, toolType[0]=TOOL_TYPE_UNKNOWN, buttonState=0, metaState=0, flags=0x0, edgeFlags=0x0, pointerCount=1, historySize=0, eventTime=710321351, downTime=710321351, deviceId=0, source=0x1002 }
08-04 13:18:24.944 24339 24339 I Input   : injectMotionEvent: MotionEvent { action=ACTION_UP, actionButton=0, id[0]=0, x[0]=648.0, y[0]=709.0, toolType[0]=TOOL_TYPE_UNKNOWN, buttonState=0, metaState=0, flags=0x0, edgeFlags=0x0, pointerCount=1, historySize=0, eventTime=710321351, downTime=710321351, deviceId=0, source=0x1002 }
08-04 13:18:24.946 24339 24339 D AndroidRuntime: Shutting down VM
08-04 13:18:24.969 23297 23310 I art     : Explicit concurrent mark sweep GC freed 19(720B) AllocSpace objects, 0(0B) LOS objects, 30% free, 36MB/52MB, paused 346us total 52.272ms
08-04 13:18:24.987 23297 23310 I art     : Starting a blocking GC Explicit
08-04 13:18:25.012   512  2967 D audio_hw_primary: out_set_parameters: enter: usecase(1: low-latency-playback) kvpairs: routing=2
08-04 13:18:25.025   512  2967 D audio_hw_primary: select_devices: out_snd_device(2: speaker) in_snd_device(0: none)
08-04 13:18:25.025   512  2967 D msm8974_platform: platform_send_audio_calibration: sending audio calibration for snd_device(2) acdb_id(15)
08-04 13:18:25.025   512  2967 I soundtrigger: audio_extn_sound_trigger_update_device_status: device 0x2 of type 0 for Event 1
08-04 13:18:25.034   512  2967 D audio_hw_primary: enable_snd_device: snd_device(2: speaker)
08-04 13:18:25.036   512  2967 D audio_hw_primary: enable_audio_route: apply and update mixer path: low-latency-playback speaker
08-04 13:18:25.043 23297 23310 I art     : Explicit concurrent mark sweep GC freed 573(45KB) AllocSpace objects, 1(20KB) LOS objects, 30% free, 36MB/52MB, paused 413us total 55.350ms
08-04 13:18:25.060 23297 23310 I art     : Starting a blocking GC Explicit
08-04 13:18:25.112 23297 23310 I art     : Explicit concurrent mark sweep GC freed 272(15KB) AllocSpace objects, 0(0B) LOS objects, 30% free, 36MB/52MB, paused 567us total 51.610ms
08-04 13:18:25.415 23297 23554 I art     : Starting a blocking GC Explicit
08-04 13:18:25.483 23297 23554 I art     : Explicit concurrent mark sweep GC freed 1336(77KB) AllocSpace objects, 1(20KB) LOS objects, 30% free, 36MB/52MB, paused 346us total 67.868ms
08-04 13:18:25.505 23297 23554 I art     : Starting a blocking GC Explicit
08-04 13:18:25.564 23297 23554 I art     : Explicit concurrent mark sweep GC freed 28(960B) AllocSpace objects, 0(0B) LOS objects, 30% free, 36MB/52MB, paused 344us total 59.223ms
08-04 13:18:25.579   512  2967 D audio_hw_primary: disable_audio_route: reset and update mixer path: low-latency-playback speaker
08-04 13:18:25.582   512  2967 D audio_hw_primary: disable_snd_device: snd_device(2: speaker)
08-04 13:18:25.586 23297 23554 I art     : Starting a blocking GC Explicit
08-04 13:18:25.590   512  2967 I soundtrigger: audio_extn_sound_trigger_update_device_status: device 0x2 of type 0 for Event 0
08-04 13:18:25.643 23297 23554 I art     : Explicit concurrent mark sweep GC freed 3(96B) AllocSpace objects, 0(0B) LOS objects, 30% free, 36MB/52MB, paused 327us total 56.106ms
08-04 13:18:25.662 23297 23554 I art     : Starting a blocking GC Explicit
08-04 13:18:25.720 23297 23554 I art     : Explicit concurrent mark sweep GC freed 5(160B) AllocSpace objects, 0(0B) LOS objects, 30% free, 36MB/52MB, paused 326us total 57.863ms
08-04 13:18:25.742 23297 23554 I art     : Starting a blocking GC Explicit
08-04 13:18:25.804 23297 23554 I art     : Explicit concurrent mark sweep GC freed 3(96B) AllocSpace objects, 0(0B) LOS objects, 30% free, 36MB/52MB, paused 396us total 61.548ms
08-04 13:18:26.114 23297 23729 I art     : Starting a blocking GC Explicit
08-04 13:18:26.188 23297 23729 I art     : Explicit concurrent mark sweep GC freed 1293(75KB) AllocSpace objects, 1(20KB) LOS objects, 30% free, 36MB/52MB, paused 369us total 73.544ms
08-04 13:18:26.207 23297 23729 I art     : Starting a blocking GC Explicit
08-04 13:18:26.261 23297 23729 I art     : Explicit concurrent mark sweep GC freed 20(688B) AllocSpace objects, 0(0B) LOS objects, 30% free, 36MB/52MB, paused 333us total 53.468ms
08-04 13:18:26.277 23297 23729 I art     : Starting a blocking GC Explicit
08-04 13:18:26.329 23297 23729 I art     : Explicit concurrent mark sweep GC freed 3(96B) AllocSpace objects, 0(0B) LOS objects, 30% free, 36MB/52MB, paused 346us total 52.018ms
08-04 13:18:26.348 23297 23729 I art     : Starting a blocking GC Explicit
08-04 13:18:26.401 23297 23729 I art     : Explicit concurrent mark sweep GC freed 3(96B) AllocSpace objects, 0(0B) LOS objects, 30% free, 36MB/52MB, paused 388us total 52.858ms
08-04 13:18:26.419 23297 23729 I art     : Starting a blocking GC Explicit
08-04 13:18:26.471 23297 23729 I art     : Explicit concurrent mark sweep GC freed 3(96B) AllocSpace objects, 0(0B) LOS objects, 30% free, 36MB/52MB, paused 351us total 51.805ms
08-04 13:18:26.589 24401 24401 D AndroidRuntime: >>>>>> START com.android.internal.os.RuntimeInit uid 2000 <<<<<<
08-04 13:18:26.595 24401 24401 D AndroidRuntime: CheckJNI is OFF
08-04 13:18:26.633 24401 24401 D ICU     : No timezone override file found: /data/misc/zoneinfo/current/icu/icu_tzdata.dat
08-04 13:18:26.669 24401 24401 I Radio-JNI: register_android_hardware_Radio DONE
08-04 13:18:26.691 24401 24401 D AndroidRuntime: Calling main entry com.android.commands.input.Input
08-04 13:18:26.693 24401 24401 I Input   : injectMotionEvent: MotionEvent { action=ACTION_DOWN, actionButton=0, id[0]=0, x[0]=1197.0, y[0]=1456.0, toolType[0]=TOOL_TYPE_UNKNOWN, buttonState=0, metaState=0, flags=0x0, edgeFlags=0x0, pointerCount=1, historySize=0, eventTime=710323105, downTime=710323105, deviceId=0, source=0x1002 }
08-04 13:18:26.698 24401 24401 I Input   : injectMotionEvent: MotionEvent { action=ACTION_UP, actionButton=0, id[0]=0, x[0]=1197.0, y[0]=1456.0, toolType[0]=TOOL_TYPE_UNKNOWN, buttonState=0, metaState=0, flags=0x0, edgeFlags=0x0, pointerCount=1, historySize=0, eventTime=710323105, downTime=710323105, deviceId=0, source=0x1002 }
08-04 13:18:26.699 24401 24401 D AndroidRuntime: Shutting down VM
08-04 13:18:26.716   512  2967 D audio_hw_primary: out_set_parameters: enter: usecase(1: low-latency-playback) kvpairs: routing=2
08-04 13:18:26.729   512  2967 D audio_hw_primary: select_devices: out_snd_device(2: speaker) in_snd_device(0: none)
08-04 13:18:26.729   512  2967 D msm8974_platform: platform_send_audio_calibration: sending audio calibration for snd_device(2) acdb_id(15)
08-04 13:18:26.729   512  2967 I soundtrigger: audio_extn_sound_trigger_update_device_status: device 0x2 of type 0 for Event 1
08-04 13:18:26.740   512  2967 D audio_hw_primary: enable_snd_device: snd_device(2: speaker)
08-04 13:18:26.740 23297 23313 D OpenGLRenderer: endAllStagingAnimators on 0x7f811e0400 (RippleDrawable) with handle 0x7f7a9ec640
08-04 13:18:26.743   512  2967 D audio_hw_primary: enable_audio_route: apply and update mixer path: low-latency-playback speaker
08-04 13:18:26.749 23297 23297 I SettingsManager: Setting string: savedCourse
08-04 13:18:26.755   918  3359 W BackupManagerService: dataChanged but no participant pkg='baseline.com.ak.uobtimetable' uid=10659
08-04 13:18:26.755   918  4400 I ActivityManager: START u0 {flg=0x4000000 cmp=baseline.com.ak.uobtimetable/.MainActivity (has extras)} from uid 10659 on display 0
08-04 13:18:26.767   918  6112 W InputMethodManagerService: Focus gain on non-focused client com.android.internal.view.IInputMethodClient$Stub$Proxy@978a97e (uid=10659 pid=23297)
08-04 13:18:26.775 23297 23309 I art     : Starting a blocking GC Explicit
08-04 13:18:26.780 23297 23297 D MainActivity: OnDestroy
08-04 13:18:26.802 23297 23297 D MainActivity: onCreate
08-04 13:18:26.802 23297 23297 I SettingsManager: Getting string: savedSessions
08-04 13:18:26.802 23297 23297 I SettingsManager: Getting string: savedSessions
08-04 13:18:26.809 23297 23297 I SettingsManager: Getting string: savedSessionsCourseName
08-04 13:18:26.810 23297 23297 I SettingsManager: Getting string: savedSessionsCourseName
08-04 13:18:26.810 23297 23297 I SettingsManager: Getting string: savedSessionsDateRange
08-04 13:18:26.810 23297 23297 I SettingsManager: Getting string: savedSessionsDateRange
08-04 13:18:26.810 23297 23297 I Settings: 10 saved sessions - Bedfordshire International and EU Foundation Year - Int Foun - Ltn - Y0 Feb FT - Weeks: 24-38 (8 Jun 2020-20 Sep 2020)
08-04 13:18:26.838 23297 23309 I art     : Explicit concurrent mark sweep GC freed 12413(603KB) AllocSpace objects, 2(40KB) LOS objects, 29% free, 38MB/54MB, paused 647us total 63.156ms
08-04 13:18:26.842 23297 23297 I SettingsManager: Getting string: savedCourse
08-04 13:18:26.843 23297 23297 D MainActivity: sessionListFragmentArg: updateSessions
08-04 13:18:26.843 23297 23297 D MainActivity: showTermDatesConfigChange: false
08-04 13:18:26.843 23297 23297 D MainActivity: showTermDatesShortcut: false
08-04 13:18:26.844 23297 23297 D MainActivity: Setting initial fragment: SessionListsFragment
08-04 13:18:26.846 23297 23297 I SettingsManager: Getting int: launchCount
08-04 13:18:26.847 23297 23297 D SessionListsFragment: onCreateView
08-04 13:18:26.851 23297 23297 I SettingsManager: Getting string: savedCourse
08-04 13:18:26.854 23297 23297 I SettingsManager: Getting string: savedSessions
08-04 13:18:26.856 23297 23309 I art     : Starting a blocking GC Explicit
08-04 13:18:26.862 23297 23297 D SessionListsFragment: loadArgument: updateSessions
08-04 13:18:26.862 23297 23297 D SessionListsFragment: initialIndex: -1
08-04 13:18:26.864 23297 24424 D HTTP    : Request for: https://uob-timetable-api.adriankeenan.co.uk/sessions?dept=CM010&course=BSAIFAAF%2F02AA%2F0%2FFT&level=Foundation+Year
08-04 13:18:26.875 23297 23297 D TermDatesFragment: WebView loaded
08-04 13:18:26.876 23297 23297 D MainActivity: OnResume
08-04 13:18:26.881 23297 23297 I TermDatesFragment: Webview load %: 10
08-04 13:18:26.917 23297 23309 I art     : Explicit concurrent mark sweep GC freed 10248(506KB) AllocSpace objects, 3(1380KB) LOS objects, 30% free, 37MB/53MB, paused 641us total 60.655ms
08-04 13:18:26.934 23297 23309 I art     : Starting a blocking GC Explicit
08-04 13:18:26.977   918   936 I ActivityManager: Displayed baseline.com.ak.uobtimetable/.MainActivity: +209ms
08-04 13:18:26.979 13866 13866 I GoogleInputMethodServic: GoogleInputMethodService.onFinishInput():3138 
08-04 13:18:26.980 13866 13866 I GoogleInputMethodServic: GoogleInputMethodService.onStartInput():1808 
08-04 13:18:26.982 23297 23309 I art     : Explicit concurrent mark sweep GC freed 27785(1270KB) AllocSpace objects, 5(192KB) LOS objects, 30% free, 35MB/51MB, paused 692us total 48.150ms
08-04 13:18:26.999 23297 23309 I art     : Starting a blocking GC Explicit
08-04 13:18:27.040 23297 23297 I TermDatesFragment: Webview load %: 70
08-04 13:18:27.043 23297 23309 I art     : Explicit concurrent mark sweep GC freed 398(23KB) AllocSpace objects, 0(0B) LOS objects, 30% free, 35MB/51MB, paused 539us total 43.333ms
08-04 13:18:27.050 23297 23297 I TermDatesFragment: Webview load %: 100
08-04 13:18:27.050 23297 23297 I TermDatesFragment: Webview load %: 100
08-04 13:18:27.059 23297 23309 I art     : Starting a blocking GC Explicit
08-04 13:18:27.105 23297 23309 I art     : Explicit concurrent mark sweep GC freed 1116(78KB) AllocSpace objects, 2(120KB) LOS objects, 30% free, 36MB/52MB, paused 963us total 45.498ms
08-04 13:18:27.147 23297 24424 I NAPPA_EXPERIMENTATION: MetricNetworkRequestExecutionTime: REQUEST_DURATION_SYSTEM='282',REQUEST_DURATION_OKHTTP='29',REQUEST_SYNCHRONOUS='TRUE',RESPONSE_CODE='200',RESPONSE_METHOD='GET',RESPONSE_LENGTH_OKHTTP='-1',RESPONSE_LENGTH_HEADER='1214',REQUEST_PROTOCOL='http/1.1',REQUEST_URL='https://uob-timetable-api.adriankeenan.co.uk/sessions?dept=CM010&course=BSAIFAAF%2F02AA%2F0%2FFT&level=Foundation+Year',
08-04 13:18:27.181 23297 24424 I HTTP    : Response was compressed.
08-04 13:18:27.195 23297 24424 I Service : getSessions response time: 1.10
08-04 13:18:27.196 23297 23297 I SettingsManager: Getting string: savedSessions
08-04 13:18:27.200 23297 23297 I SettingsManager: Getting string: savedSessions
08-04 13:18:27.210 23297 23297 I Service : Sessions updated: 10
08-04 13:18:27.210 23297 23297 I Service : Sessions removed from new list: 0
08-04 13:18:27.220 23297 23297 I SettingsManager: Setting string: savedSessions
08-04 13:18:27.234   918  6029 W BackupManagerService: dataChanged but no participant pkg='baseline.com.ak.uobtimetable' uid=10659
08-04 13:18:27.234 23297 23297 I SettingsManager: Setting date: savedSessionsTime
08-04 13:18:27.246   918   929 W BackupManagerService: dataChanged but no participant pkg='baseline.com.ak.uobtimetable' uid=10659
08-04 13:18:27.246 23297 23297 I SettingsManager: Setting string: savedSessionsCourseName
08-04 13:18:27.252   918  5952 W BackupManagerService: dataChanged but no participant pkg='baseline.com.ak.uobtimetable' uid=10659
08-04 13:18:27.253 23297 23297 I SettingsManager: Setting string: savedSessionsDateRange
08-04 13:18:27.253   918  3714 W BackupManagerService: dataChanged but no participant pkg='baseline.com.ak.uobtimetable' uid=10659
08-04 13:18:27.253 23297 23297 I SettingsManager: Setting string: timetableUrl
08-04 13:18:27.253   918  5132 W BackupManagerService: dataChanged but no participant pkg='baseline.com.ak.uobtimetable' uid=10659
08-04 13:18:27.254 23297 23297 I SettingsManager: Getting boolean: notifySessionRemindersEnabled
08-04 13:18:27.254 23297 23297 I SettingsManager: Getting int: notifySessionRemindersMinutes
08-04 13:18:27.254 23297 23297 I SettingsManager: Getting boolean: showHiddenSessions
08-04 13:18:27.256 23297 23297 I SessionReminderNotifier: Created session reminder alarm for f7b4771250a919bd729c1c5a4a459c77 at Mon 08:30:00 10/08/20
08-04 13:18:27.257 23297 23297 I SessionReminderNotifier: Created session reminder alarm for a7f879aabdeb78622c8820a5fb7b64cd at Tue 08:30:00 11/08/20
08-04 13:18:27.259 23297 23297 I SessionReminderNotifier: Created session reminder alarm for 7bc8d7e2c2055711f597c3d9078c6ea3 at Tue 08:30:00 11/08/20
08-04 13:18:27.260 23297 23297 I SessionReminderNotifier: Created session reminder alarm for 53c0527a6f009a1f2fd223834d3bfe51 at Tue 10:30:00 11/08/20
08-04 13:18:27.262 23297 23297 I SessionReminderNotifier: Created session reminder alarm for e0fc978b5db8218778540b4053344581 at Tue 11:00:00 11/08/20
08-04 13:18:27.263 23297 23297 I SessionReminderNotifier: Created session reminder alarm for 199afb0100f329ff65a09e1b0cd9deba at Tue 11:30:00 11/08/20
08-04 13:18:27.264 23297 23297 I SessionReminderNotifier: Created session reminder alarm for 21712fef61090882c855a1425543edb5 at Tue 13:30:00 04/08/20
08-04 13:18:27.265 23297 23297 I SessionReminderNotifier: Created session reminder alarm for 65ca4d97f031f29a4d02bbb45a705d8f at Wed 08:30:00 05/08/20
08-04 13:18:27.266 23297 23297 I SessionReminderNotifier: Created session reminder alarm for eeda7741b0bcab58fd9f46dc6ef1d942 at Wed 08:30:00 05/08/20
08-04 13:18:27.267 23297 23297 I SessionReminderNotifier: Created session reminder alarm for c276c1b2075a0beb67f1b3d1e580f920 at Wed 11:00:00 05/08/20
08-04 13:18:27.268 23297 23297 I SessionReminderNotifier: Created session reminder alarm for 8b1f3627e42ae13a6f6ba0a83903dde1 at Wed 13:30:00 05/08/20
08-04 13:18:27.270 23297 23297 I SessionReminderNotifier: Created session reminder alarm for 79fe0b5c3b887a13ba29db5a33fa2800 at Thu 08:30:00 06/08/20
08-04 13:18:27.271 23297 23297 I SessionReminderNotifier: Created session reminder alarm for cb9dfc8231cdba2be0835dc5709690e1 at Thu 08:30:00 06/08/20
08-04 13:18:27.273 23297 23297 I SessionReminderNotifier: Created session reminder alarm for f850dc24d6de60b7b89fa9e1a8c224c5 at Thu 12:00:00 06/08/20
08-04 13:18:27.274 23297 23297 I SessionReminderNotifier: Created session reminder alarm for 2ba1034116e4fffdd592dbf0796a43d5 at Fri 08:30:00 07/08/20
08-04 13:18:27.274 23297 23297 I SettingsManager: Getting boolean: showHiddenSessions
08-04 13:18:27.275 23297 23297 D SessionListsFragment: 1 sessions for day 0
08-04 13:18:27.275 23297 23297 D SessionListsFragment: 6 sessions for day 1
08-04 13:18:27.275 23297 23297 D SessionListsFragment: 4 sessions for day 2
08-04 13:18:27.275 23297 23297 D SessionListsFragment: 3 sessions for day 3
08-04 13:18:27.275 23297 23297 D SessionListsFragment: 1 sessions for day 4
08-04 13:18:27.278   512  2967 D audio_hw_primary: disable_audio_route: reset and update mixer path: low-latency-playback speaker
08-04 13:18:27.279   512  2967 D audio_hw_primary: disable_snd_device: snd_device(2: speaker)
08-04 13:18:27.286   512  2967 I soundtrigger: audio_extn_sound_trigger_update_device_status: device 0x2 of type 0 for Event 0
08-04 13:18:27.305 23297 23297 I SettingsManager: Getting boolean: showHiddenSessions
08-04 13:18:27.305 23297 23297 D SessionListsFragment: Refreshed ViewPager
08-04 13:18:27.306 23297 23297 I SettingsManager: Getting boolean: showHiddenSessions
08-04 13:18:27.306 23297 23297 I SettingsManager: Getting boolean: completedTutorial
08-04 13:18:27.306 23297 23297 I SettingsManager: Getting boolean: showHiddenSessions
08-04 13:18:27.306 23297 23297 I SettingsManager: Getting date: savedSessionsTime
08-04 13:18:27.386 23297 23554 I art     : Starting a blocking GC Explicit
08-04 13:18:27.455 23297 23554 I art     : Explicit concurrent mark sweep GC freed 85944(3MB) AllocSpace objects, 7(192KB) LOS objects, 30% free, 36MB/52MB, paused 1.073ms total 68.164ms
08-04 13:18:27.474 23297 23554 I art     : Starting a blocking GC Explicit
08-04 13:18:27.529 23297 23554 I art     : Explicit concurrent mark sweep GC freed 35840(1522KB) AllocSpace objects, 0(0B) LOS objects, 30% free, 36MB/52MB, paused 1.022ms total 54.779ms
08-04 13:18:27.545 23297 23554 I art     : Starting a blocking GC Explicit
08-04 13:18:27.603 23297 23554 I art     : Explicit concurrent mark sweep GC freed 32131(1305KB) AllocSpace objects, 0(0B) LOS objects, 30% free, 36MB/52MB, paused 1.075ms total 56.522ms
08-04 13:18:27.620 23297 23554 I art     : Starting a blocking GC Explicit
08-04 13:18:27.679 23297 23554 I art     : Explicit concurrent mark sweep GC freed 36197(1493KB) AllocSpace objects, 0(0B) LOS objects, 30% free, 37MB/53MB, paused 980us total 59.484ms
08-04 13:18:27.697 23297 23554 I art     : Starting a blocking GC Explicit
08-04 13:18:27.757 23297 23554 I art     : Explicit concurrent mark sweep GC freed 32560(1349KB) AllocSpace objects, 0(0B) LOS objects, 30% free, 37MB/53MB, paused 1.039ms total 59.657ms
08-04 13:18:27.971 23297 23297 I Choreographer: Skipped 38 frames!  The application may be doing too much work on its main thread.
08-04 13:18:28.074 23297 23310 I art     : Starting a blocking GC Explicit
08-04 13:18:28.151 23297 23310 I art     : Explicit concurrent mark sweep GC freed 96291(3MB) AllocSpace objects, 1(20KB) LOS objects, 29% free, 37MB/53MB, paused 458us total 76.466ms
08-04 13:18:28.170 23297 23310 I art     : Starting a blocking GC Explicit
08-04 13:18:28.215 23297 23310 I art     : Explicit concurrent mark sweep GC freed 123944(11MB) AllocSpace objects, 3(136KB) LOS objects, 37% free, 26MB/42MB, paused 362us total 45.396ms
08-04 13:18:28.227 23297 23310 I art     : Starting a blocking GC Explicit
08-04 13:18:28.257 23297 23310 I art     : Explicit concurrent mark sweep GC freed 177(8KB) AllocSpace objects, 0(0B) LOS objects, 37% free, 26MB/42MB, paused 437us total 29.956ms
08-04 13:18:28.268 23297 23310 I art     : Starting a blocking GC Explicit
08-04 13:18:28.293 13866 13882 I PeriodicStatsRunner: PeriodicStatsRunner.call():175 call()
08-04 13:18:28.294 13866 13882 I PeriodicStatsRunner: PeriodicStatsRunner.call():179 No submit PeriodicStats since input started.
08-04 13:18:28.298 23297 23310 I art     : Explicit concurrent mark sweep GC freed 57(2688B) AllocSpace objects, 0(0B) LOS objects, 37% free, 26MB/42MB, paused 415us total 29.689ms
08-04 13:18:28.304 13866 13882 I PeriodicStatsRunner: PeriodicStatsRunner.call():175 call()
08-04 13:18:28.304 13866 13882 I PeriodicStatsRunner: PeriodicStatsRunner.call():179 No submit PeriodicStats since input started.
08-04 13:18:28.310 23297 23310 I art     : Starting a blocking GC Explicit
08-04 13:18:28.342 23297 23310 I art     : Explicit concurrent mark sweep GC freed 3(96B) AllocSpace objects, 0(0B) LOS objects, 37% free, 26MB/42MB, paused 402us total 32.497ms
08-04 13:18:28.703 23297 23729 I art     : Starting a blocking GC Explicit
08-04 13:18:28.750 23297 23729 I art     : Explicit concurrent mark sweep GC freed 1294(75KB) AllocSpace objects, 1(20KB) LOS objects, 37% free, 26MB/42MB, paused 446us total 46.474ms
08-04 13:18:28.764 23297 23729 I art     : Starting a blocking GC Explicit
08-04 13:18:28.801 23297 23729 I art     : Explicit concurrent mark sweep GC freed 18(640B) AllocSpace objects, 0(0B) LOS objects, 37% free, 26MB/42MB, paused 412us total 35.998ms
08-04 13:18:28.813 23297 23729 I art     : Starting a blocking GC Explicit
08-04 13:18:28.849 23297 23729 I art     : Explicit concurrent mark sweep GC freed 3(96B) AllocSpace objects, 0(0B) LOS objects, 37% free, 26MB/42MB, paused 374us total 35.405ms
08-04 13:18:28.862 23297 23729 I art     : Starting a blocking GC Explicit
08-04 13:18:28.897 23297 23729 I art     : Explicit concurrent mark sweep GC freed 6(224B) AllocSpace objects, 0(0B) LOS objects, 37% free, 26MB/42MB, paused 455us total 35.249ms
08-04 13:18:28.909 23297 23729 I art     : Starting a blocking GC Explicit
08-04 13:18:28.945 23297 23729 I art     : Explicit concurrent mark sweep GC freed 27(960B) AllocSpace objects, 0(0B) LOS objects, 37% free, 26MB/42MB, paused 374us total 35.335ms
08-04 13:18:29.190   518   646 I ThermalEngine: ACTION: GPU - Setting GPU[0] to 450000000
08-04 13:18:29.309 23297 23554 I art     : Starting a blocking GC Explicit
08-04 13:18:29.358 23297 23554 I art     : Explicit concurrent mark sweep GC freed 1418(79KB) AllocSpace objects, 1(20KB) LOS objects, 37% free, 26MB/42MB, paused 560us total 48.577ms
08-04 13:18:29.373 23297 23554 I art     : Starting a blocking GC Explicit
08-04 13:18:29.417 23297 23554 I art     : Explicit concurrent mark sweep GC freed 18(624B) AllocSpace objects, 0(0B) LOS objects, 37% free, 26MB/42MB, paused 555us total 43.516ms
08-04 13:18:29.433 23297 23554 I art     : Starting a blocking GC Explicit
08-04 13:18:29.479 23297 23554 I art     : Explicit concurrent mark sweep GC freed 3(96B) AllocSpace objects, 0(0B) LOS objects, 37% free, 26MB/42MB, paused 541us total 45.238ms
08-04 13:18:29.495 23297 23554 I art     : Starting a blocking GC Explicit
08-04 13:18:29.543 23297 23554 I art     : Explicit concurrent mark sweep GC freed 3(96B) AllocSpace objects, 0(0B) LOS objects, 37% free, 26MB/42MB, paused 558us total 47.376ms
08-04 13:18:29.560 23297 23554 I art     : Starting a blocking GC Explicit
08-04 13:18:29.605 23297 23554 I art     : Explicit concurrent mark sweep GC freed 3(96B) AllocSpace objects, 0(0B) LOS objects, 37% free, 26MB/42MB, paused 552us total 45.274ms
08-04 13:18:29.951 23297 23310 I art     : Starting a blocking GC Explicit
08-04 13:18:30.014 23297 23310 I art     : Explicit concurrent mark sweep GC freed 1293(75KB) AllocSpace objects, 1(20KB) LOS objects, 37% free, 26MB/42MB, paused 591us total 62.085ms
08-04 13:18:30.035 23297 23310 I art     : Starting a blocking GC Explicit
08-04 13:18:30.081 23297 23310 I art     : Explicit concurrent mark sweep GC freed 18(624B) AllocSpace objects, 0(0B) LOS objects, 37% free, 26MB/42MB, paused 551us total 46.532ms
08-04 13:18:30.098 23297 23310 I art     : Starting a blocking GC Explicit
08-04 13:18:30.143 23297 23310 I art     : Explicit concurrent mark sweep GC freed 3(96B) AllocSpace objects, 0(0B) LOS objects, 37% free, 26MB/42MB, paused 531us total 44.680ms
08-04 13:18:30.159 23297 23310 I art     : Starting a blocking GC Explicit
08-04 13:18:30.192   518   646 I ThermalEngine: ACTION: GPU - Setting GPU[0] to 510000000
08-04 13:18:30.205 23297 23310 I art     : Explicit concurrent mark sweep GC freed 3(96B) AllocSpace objects, 0(0B) LOS objects, 37% free, 26MB/42MB, paused 514us total 46.063ms
08-04 13:18:30.221 23297 23310 I art     : Starting a blocking GC Explicit
08-04 13:18:30.257 23297 23310 I art     : Explicit concurrent mark sweep GC freed 3(96B) AllocSpace objects, 0(0B) LOS objects, 37% free, 26MB/42MB, paused 465us total 35.962ms
08-04 13:18:30.574 23297 23729 I art     : Starting a blocking GC Explicit
08-04 13:18:30.622 23297 23729 I art     : Explicit concurrent mark sweep GC freed 1293(75KB) AllocSpace objects, 1(20KB) LOS objects, 37% free, 26MB/42MB, paused 570us total 46.752ms
08-04 13:18:30.635 23297 23729 I art     : Starting a blocking GC Explicit
08-04 13:18:30.670 23297 23729 I art     : Explicit concurrent mark sweep GC freed 18(624B) AllocSpace objects, 0(0B) LOS objects, 37% free, 26MB/42MB, paused 392us total 34.537ms
08-04 13:18:30.682 23297 23729 I art     : Starting a blocking GC Explicit
08-04 13:18:30.715 23297 23729 I art     : Explicit concurrent mark sweep GC freed 3(96B) AllocSpace objects, 0(0B) LOS objects, 37% free, 26MB/42MB, paused 383us total 33.230ms
08-04 13:18:30.728 23297 23729 I art     : Starting a blocking GC Explicit
08-04 13:18:30.762 23297 23729 I art     : Explicit concurrent mark sweep GC freed 3(96B) AllocSpace objects, 0(0B) LOS objects, 37% free, 26MB/42MB, paused 399us total 33.991ms
08-04 13:18:30.774 23297 23729 I art     : Starting a blocking GC Explicit
08-04 13:18:30.809 23297 23729 I art     : Explicit concurrent mark sweep GC freed 3(96B) AllocSpace objects, 0(0B) LOS objects, 37% free, 26MB/42MB, paused 379us total 34.010ms
08-04 13:18:31.109 23297 23310 I art     : Starting a blocking GC Explicit
08-04 13:18:31.145 23297 23310 I art     : Explicit concurrent mark sweep GC freed 1307(76KB) AllocSpace objects, 1(20KB) LOS objects, 37% free, 26MB/42MB, paused 409us total 35.889ms
08-04 13:18:31.158 23297 23310 I art     : Starting a blocking GC Explicit
08-04 13:18:31.190 23297 23310 I art     : Explicit concurrent mark sweep GC freed 23(768B) AllocSpace objects, 0(0B) LOS objects, 37% free, 26MB/42MB, paused 373us total 31.673ms
08-04 13:18:31.201 23297 23310 I art     : Starting a blocking GC Explicit
08-04 13:18:31.232 23297 23310 I art     : Explicit concurrent mark sweep GC freed 30(1152B) AllocSpace objects, 0(0B) LOS objects, 37% free, 26MB/42MB, paused 358us total 30.485ms
08-04 13:18:31.243 23297 23310 I art     : Starting a blocking GC Explicit
08-04 13:18:31.273 23297 23310 I art     : Explicit concurrent mark sweep GC freed 66(2192B) AllocSpace objects, 0(0B) LOS objects, 37% free, 26MB/42MB, paused 355us total 29.360ms
08-04 13:18:31.285 23297 23310 I art     : Starting a blocking GC Explicit
08-04 13:18:31.314 23297 23310 I art     : Explicit concurrent mark sweep GC freed 162(10KB) AllocSpace objects, 0(0B) LOS objects, 37% free, 26MB/42MB, paused 354us total 29.600ms
08-04 13:18:31.397 24498 24498 D AndroidRuntime: >>>>>> START com.android.internal.os.RuntimeInit uid 2000 <<<<<<
08-04 13:18:31.402 24498 24498 D AndroidRuntime: CheckJNI is OFF
08-04 13:18:31.441 24498 24498 D ICU     : No timezone override file found: /data/misc/zoneinfo/current/icu/icu_tzdata.dat
08-04 13:18:31.475 24498 24498 I Radio-JNI: register_android_hardware_Radio DONE
08-04 13:18:31.498 24498 24498 D AndroidRuntime: Calling main entry com.android.commands.input.Input
08-04 13:18:31.499 24498 24498 I Input   : injectMotionEvent: MotionEvent { action=ACTION_DOWN, actionButton=0, id[0]=0, x[0]=81.0, y[0]=176.0, toolType[0]=TOOL_TYPE_UNKNOWN, buttonState=0, metaState=0, flags=0x0, edgeFlags=0x0, pointerCount=1, historySize=0, eventTime=710327912, downTime=710327912, deviceId=0, source=0x1002 }
08-04 13:18:31.504 24498 24498 I Input   : injectMotionEvent: MotionEvent { action=ACTION_UP, actionButton=0, id[0]=0, x[0]=81.0, y[0]=176.0, toolType[0]=TOOL_TYPE_UNKNOWN, buttonState=0, metaState=0, flags=0x0, edgeFlags=0x0, pointerCount=1, historySize=0, eventTime=710327912, downTime=710327912, deviceId=0, source=0x1002 }
08-04 13:18:31.506 24498 24498 D AndroidRuntime: Shutting down VM
08-04 13:18:31.517   512  2967 D audio_hw_primary: out_set_parameters: enter: usecase(1: low-latency-playback) kvpairs: routing=2
08-04 13:18:31.530   512  2967 D audio_hw_primary: select_devices: out_snd_device(2: speaker) in_snd_device(0: none)
08-04 13:18:31.531   512  2967 D msm8974_platform: platform_send_audio_calibration: sending audio calibration for snd_device(2) acdb_id(15)
08-04 13:18:31.531   512  2967 I soundtrigger: audio_extn_sound_trigger_update_device_status: device 0x2 of type 0 for Event 1
08-04 13:18:31.542   512  2967 D audio_hw_primary: enable_snd_device: snd_device(2: speaker)
08-04 13:18:31.544   512  2967 D audio_hw_primary: enable_audio_route: apply and update mixer path: low-latency-playback speaker
08-04 13:18:31.553 13866 13866 I GoogleInputMethodServic: GoogleInputMethodService.onFinishInput():3138 
08-04 13:18:31.554 13866 13866 I GoogleInputMethodServic: GoogleInputMethodService.onStartInput():1808 
08-04 13:18:31.612 23297 23554 I art     : Starting a blocking GC Explicit
08-04 13:18:31.646 23297 23554 I art     : Explicit concurrent mark sweep GC freed 1710(96KB) AllocSpace objects, 1(20KB) LOS objects, 37% free, 26MB/42MB, paused 412us total 34.490ms
08-04 13:18:31.660 23297 23554 I art     : Starting a blocking GC Explicit
08-04 13:18:31.693 23297 23554 I art     : Explicit concurrent mark sweep GC freed 26(1056B) AllocSpace objects, 0(0B) LOS objects, 37% free, 26MB/42MB, paused 365us total 32.621ms
08-04 13:18:31.705 23297 23554 I art     : Starting a blocking GC Explicit
08-04 13:18:31.738 23297 23554 I art     : Explicit concurrent mark sweep GC freed 3(96B) AllocSpace objects, 0(0B) LOS objects, 37% free, 26MB/42MB, paused 340us total 32.871ms
08-04 13:18:31.751 23297 23554 I art     : Starting a blocking GC Explicit
08-04 13:18:31.781 23297 23554 I art     : Explicit concurrent mark sweep GC freed 5(160B) AllocSpace objects, 0(0B) LOS objects, 37% free, 26MB/42MB, paused 370us total 29.995ms
08-04 13:18:31.793 23297 23554 I art     : Starting a blocking GC Explicit
08-04 13:18:31.822 23297 23554 I art     : Explicit concurrent mark sweep GC freed 3(96B) AllocSpace objects, 0(0B) LOS objects, 37% free, 26MB/42MB, paused 324us total 29.138ms
08-04 13:18:31.981 13866 13882 I PeriodicStatsRunner: PeriodicStatsRunner.call():175 call()
08-04 13:18:31.981 13866 13882 I PeriodicStatsRunner: PeriodicStatsRunner.call():179 No submit PeriodicStats since input started.
08-04 13:18:32.079   512  2967 D audio_hw_primary: disable_audio_route: reset and update mixer path: low-latency-playback speaker
08-04 13:18:32.080   512  2967 D audio_hw_primary: disable_snd_device: snd_device(2: speaker)
08-04 13:18:32.088   512  2967 I soundtrigger: audio_extn_sound_trigger_update_device_status: device 0x2 of type 0 for Event 0
08-04 13:18:32.128 23297 23554 I art     : Starting a blocking GC Explicit
08-04 13:18:32.163 23297 23554 I art     : Explicit concurrent mark sweep GC freed 1296(75KB) AllocSpace objects, 1(20KB) LOS objects, 37% free, 26MB/42MB, paused 383us total 35.057ms
08-04 13:18:32.176 23297 23554 I art     : Starting a blocking GC Explicit
08-04 13:18:32.209 23297 23554 I art     : Explicit concurrent mark sweep GC freed 26(880B) AllocSpace objects, 0(0B) LOS objects, 37% free, 26MB/42MB, paused 372us total 32.609ms
08-04 13:18:32.221 23297 23554 I art     : Starting a blocking GC Explicit
08-04 13:18:32.255 23297 23554 I art     : Explicit concurrent mark sweep GC freed 5(160B) AllocSpace objects, 0(0B) LOS objects, 37% free, 26MB/42MB, paused 374us total 33.200ms
08-04 13:18:32.267 23297 23554 I art     : Starting a blocking GC Explicit
08-04 13:18:32.301 23297 23554 I art     : Explicit concurrent mark sweep GC freed 3(96B) AllocSpace objects, 0(0B) LOS objects, 37% free, 26MB/42MB, paused 375us total 33.548ms
08-04 13:18:32.313 23297 23554 I art     : Starting a blocking GC Explicit
08-04 13:18:32.348 23297 23554 I art     : Explicit concurrent mark sweep GC freed 3(96B) AllocSpace objects, 0(0B) LOS objects, 37% free, 26MB/42MB, paused 388us total 34.887ms
08-04 13:18:32.650 23297 23310 I art     : Starting a blocking GC Explicit
08-04 13:18:32.701 23297 23310 I art     : Explicit concurrent mark sweep GC freed 1293(75KB) AllocSpace objects, 1(20KB) LOS objects, 37% free, 26MB/42MB, paused 417us total 49.880ms
08-04 13:18:32.716 23297 23310 I art     : Starting a blocking GC Explicit
08-04 13:18:32.750 23297 23310 I art     : Explicit concurrent mark sweep GC freed 18(624B) AllocSpace objects, 0(0B) LOS objects, 37% free, 26MB/42MB, paused 366us total 33.835ms
08-04 13:18:32.763 23297 23310 I art     : Starting a blocking GC Explicit
08-04 13:18:32.796 23297 23310 I art     : Explicit concurrent mark sweep GC freed 3(96B) AllocSpace objects, 0(0B) LOS objects, 37% free, 26MB/42MB, paused 889us total 33.017ms
08-04 13:18:32.808 23297 23310 I art     : Starting a blocking GC Explicit
08-04 13:18:32.840 23297 23310 I art     : Explicit concurrent mark sweep GC freed 3(96B) AllocSpace objects, 0(0B) LOS objects, 37% free, 26MB/42MB, paused 376us total 31.891ms
08-04 13:18:32.852 23297 23310 I art     : Starting a blocking GC Explicit
08-04 13:18:32.885 23297 23310 I art     : Explicit concurrent mark sweep GC freed 3(96B) AllocSpace objects, 0(0B) LOS objects, 37% free, 26MB/42MB, paused 368us total 32.576ms
08-04 13:18:33.160 24553 24553 D AndroidRuntime: >>>>>> START com.android.internal.os.RuntimeInit uid 2000 <<<<<<
08-04 13:18:33.166 24553 24553 D AndroidRuntime: CheckJNI is OFF
08-04 13:18:33.169 23297 23554 I art     : Starting a blocking GC Explicit
08-04 13:18:33.203 24553 24553 D ICU     : No timezone override file found: /data/misc/zoneinfo/current/icu/icu_tzdata.dat
08-04 13:18:33.207 23297 23554 I art     : Explicit concurrent mark sweep GC freed 1299(75KB) AllocSpace objects, 1(20KB) LOS objects, 37% free, 26MB/42MB, paused 404us total 37.978ms
08-04 13:18:33.221 23297 23554 I art     : Starting a blocking GC Explicit
08-04 13:18:33.238 24553 24553 I Radio-JNI: register_android_hardware_Radio DONE
08-04 13:18:33.254 23297 23554 I art     : Explicit concurrent mark sweep GC freed 24(816B) AllocSpace objects, 0(0B) LOS objects, 37% free, 26MB/42MB, paused 343us total 32.722ms
08-04 13:18:33.261 24553 24553 D AndroidRuntime: Calling main entry com.android.commands.input.Input
08-04 13:18:33.263 24553 24553 I Input   : injectMotionEvent: MotionEvent { action=ACTION_DOWN, actionButton=0, id[0]=0, x[0]=436.0, y[0]=1770.0, toolType[0]=TOOL_TYPE_UNKNOWN, buttonState=0, metaState=0, flags=0x0, edgeFlags=0x0, pointerCount=1, historySize=0, eventTime=710329676, downTime=710329676, deviceId=0, source=0x1002 }
08-04 13:18:33.265 23297 23554 I art     : Starting a blocking GC Explicit
08-04 13:18:33.273 24553 24553 I Input   : injectMotionEvent: MotionEvent { action=ACTION_UP, actionButton=0, id[0]=0, x[0]=436.0, y[0]=1770.0, toolType[0]=TOOL_TYPE_UNKNOWN, buttonState=0, metaState=0, flags=0x0, edgeFlags=0x0, pointerCount=1, historySize=0, eventTime=710329676, downTime=710329676, deviceId=0, source=0x1002 }
08-04 13:18:33.275 24553 24553 D AndroidRuntime: Shutting down VM
08-04 13:18:33.283 23297 23297 D MainActivity: NavigationItemSelected: Courses
08-04 13:18:33.285   918  3359 I ActivityManager: START u0 {cmp=baseline.com.ak.uobtimetable/.CourseListActivity} from uid 10659 on display 0
08-04 13:18:33.286   512  2967 D audio_hw_primary: out_set_parameters: enter: usecase(1: low-latency-playback) kvpairs: routing=2
08-04 13:18:33.296 23297 23554 I art     : Explicit concurrent mark sweep GC freed 38(1488B) AllocSpace objects, 0(0B) LOS objects, 37% free, 26MB/42MB, paused 363us total 30.859ms
08-04 13:18:33.299   512  2967 D audio_hw_primary: select_devices: out_snd_device(2: speaker) in_snd_device(0: none)
08-04 13:18:33.299   512  2967 D msm8974_platform: platform_send_audio_calibration: sending audio calibration for snd_device(2) acdb_id(15)
08-04 13:18:33.299   512  2967 I soundtrigger: audio_extn_sound_trigger_update_device_status: device 0x2 of type 0 for Event 1
08-04 13:18:33.307 23297 23554 I art     : Starting a blocking GC Explicit
08-04 13:18:33.308   512  2967 D audio_hw_primary: enable_snd_device: snd_device(2: speaker)
08-04 13:18:33.311   512  2967 D audio_hw_primary: enable_audio_route: apply and update mixer path: low-latency-playback speaker
08-04 13:18:33.313 23297 23297 D MainActivity: OnPause
08-04 13:18:33.340 23297 23554 I art     : Explicit concurrent mark sweep GC freed 1986(102KB) AllocSpace objects, 0(0B) LOS objects, 37% free, 26MB/42MB, paused 824us total 32.677ms
08-04 13:18:33.344 23297 23297 D CourseListActivity: onCreate
08-04 13:18:33.346 23297 24576 D HTTP    : Request for: https://uob-timetable-api.adriankeenan.co.uk/courses
08-04 13:18:33.352 23297 23554 I art     : Starting a blocking GC Explicit
08-04 13:18:33.381 23297 23554 I art     : Explicit concurrent mark sweep GC freed 906(57KB) AllocSpace objects, 0(0B) LOS objects, 37% free, 26MB/42MB, paused 408us total 29.151ms
08-04 13:18:33.405 13866 13866 I GoogleInputMethodServic: GoogleInputMethodService.onFinishInput():3138 
08-04 13:18:33.405   918   936 I ActivityManager: Displayed baseline.com.ak.uobtimetable/.CourseListActivity: +91ms
08-04 13:18:33.405 13866 13866 I GoogleInputMethodServic: GoogleInputMethodService.onStartInput():1808 
08-04 13:18:33.603 23297 24576 I NAPPA_EXPERIMENTATION: MetricNetworkRequestExecutionTime: REQUEST_DURATION_SYSTEM='255',REQUEST_DURATION_OKHTTP='31',REQUEST_SYNCHRONOUS='TRUE',RESPONSE_CODE='200',RESPONSE_METHOD='GET',RESPONSE_LENGTH_OKHTTP='-1',RESPONSE_LENGTH_HEADER='-2',REQUEST_PROTOCOL='http/1.1',REQUEST_URL='https://uob-timetable-api.adriankeenan.co.uk/courses',
08-04 13:18:33.652 23297 23309 I art     : Starting a blocking GC Explicit
08-04 13:18:33.687 23297 23309 I art     : Explicit concurrent mark sweep GC freed 4245(238KB) AllocSpace objects, 4(220KB) LOS objects, 34% free, 30MB/46MB, paused 378us total 35.286ms
08-04 13:18:33.699 23297 23309 I art     : Starting a blocking GC Explicit
08-04 13:18:33.730 23297 23309 I art     : Explicit concurrent mark sweep GC freed 989(117KB) AllocSpace objects, 0(0B) LOS objects, 32% free, 33MB/49MB, paused 399us total 31.013ms
08-04 13:18:33.742 23297 23309 I art     : Starting a blocking GC Explicit
08-04 13:18:33.768 23297 23297 D MainActivity: Saving state
08-04 13:18:33.768 23297 23297 D MainActivity: Saving current fragment: SessionListsFragment
08-04 13:18:33.768 23297 23297 D MainActivity: Saving current index: 1
08-04 13:18:33.770 23297 23297 D SessionListsFragment: Saving state
08-04 13:18:33.774 23297 23309 I art     : Explicit concurrent mark sweep GC freed 176(6KB) AllocSpace objects, 0(0B) LOS objects, 30% free, 36MB/52MB, paused 426us total 32.157ms
08-04 13:18:33.788 23297 23309 I art     : Starting a blocking GC Explicit
08-04 13:18:33.822 23297 23309 I art     : Explicit concurrent mark sweep GC freed 1953(11MB) AllocSpace objects, 0(0B) LOS objects, 24% free, 48MB/64MB, paused 595us total 33.629ms
08-04 13:18:33.833 23297 23309 I art     : Starting a blocking GC Explicit
08-04 13:18:33.848   512  2967 D audio_hw_primary: disable_audio_route: reset and update mixer path: low-latency-playback speaker
08-04 13:18:33.849   512  2967 D audio_hw_primary: disable_snd_device: snd_device(2: speaker)
08-04 13:18:33.857   512  2967 I soundtrigger: audio_extn_sound_trigger_update_device_status: device 0x2 of type 0 for Event 0
08-04 13:18:33.863 23297 23309 I art     : Explicit concurrent mark sweep GC freed 37(25KB) AllocSpace objects, 0(0B) LOS objects, 24% free, 48MB/64MB, paused 386us total 29.379ms
08-04 13:18:33.986 22210 22210 I ServiceManager: Waiting for service AtCmdFwd...
08-04 13:18:34.003 23297 24576 I HTTP    : Response was compressed.
08-04 13:18:34.137 23297 23729 I art     : Starting a blocking GC Explicit
08-04 13:18:34.175 23297 23729 I art     : Explicit concurrent mark sweep GC freed 36066(1710KB) AllocSpace objects, 0(0B) LOS objects, 27% free, 42MB/58MB, paused 611us total 37.160ms
08-04 13:18:34.187 23297 23729 I art     : Starting a blocking GC Explicit
08-04 13:18:34.223 23297 23729 I art     : Explicit concurrent mark sweep GC freed 26988(1269KB) AllocSpace objects, 0(0B) LOS objects, 27% free, 42MB/58MB, paused 588us total 36.118ms
08-04 13:18:34.235 23297 23729 I art     : Starting a blocking GC Explicit
08-04 13:18:34.273 23297 23729 I art     : Explicit concurrent mark sweep GC freed 27421(1289KB) AllocSpace objects, 0(0B) LOS objects, 27% free, 42MB/58MB, paused 757us total 37.707ms
08-04 13:18:34.285 23297 23729 I art     : Starting a blocking GC Explicit
08-04 13:18:34.323 23297 23729 I art     : Explicit concurrent mark sweep GC freed 26831(1262KB) AllocSpace objects, 0(0B) LOS objects, 27% free, 42MB/58MB, paused 649us total 37.464ms
08-04 13:18:34.335 23297 23729 I art     : Starting a blocking GC Explicit
08-04 13:18:34.374 23297 23729 I art     : Explicit concurrent mark sweep GC freed 27869(1307KB) AllocSpace objects, 0(0B) LOS objects, 27% free, 43MB/59MB, paused 887us total 38.956ms
08-04 13:18:34.669 23297 23309 I art     : Starting a blocking GC Explicit
08-04 13:18:34.728 23297 23309 I art     : Explicit concurrent mark sweep GC freed 182522(8MB) AllocSpace objects, 1(20KB) LOS objects, 26% free, 44MB/60MB, paused 683us total 57.796ms
08-04 13:18:34.741 23297 23309 I art     : Starting a blocking GC Explicit
08-04 13:18:34.783 23297 23309 I art     : Explicit concurrent mark sweep GC freed 36518(1717KB) AllocSpace objects, 0(0B) LOS objects, 26% free, 44MB/60MB, paused 837us total 41.216ms
08-04 13:18:34.796 23297 23309 I art     : Starting a blocking GC Explicit
08-04 13:18:34.839 23297 23309 I art     : Explicit concurrent mark sweep GC freed 31082(1481KB) AllocSpace objects, 0(0B) LOS objects, 26% free, 44MB/60MB, paused 876us total 42.772ms
08-04 13:18:34.853 23297 23309 I art     : Starting a blocking GC Explicit
08-04 13:18:34.897 23297 23309 I art     : Explicit concurrent mark sweep GC freed 31002(1456KB) AllocSpace objects, 0(0B) LOS objects, 26% free, 45MB/61MB, paused 902us total 43.122ms
08-04 13:18:34.910 23297 23309 I art     : Starting a blocking GC Explicit
08-04 13:18:34.955 23297 23309 I art     : Explicit concurrent mark sweep GC freed 31767(1488KB) AllocSpace objects, 0(0B) LOS objects, 26% free, 45MB/61MB, paused 852us total 44.392ms
08-04 13:18:34.986 22210 22210 I ServiceManager: Waiting for service AtCmdFwd...
08-04 13:18:35.271 23297 23309 I art     : Starting a blocking GC Explicit
08-04 13:18:35.336 23297 23309 I art     : Explicit concurrent mark sweep GC freed 194528(8MB) AllocSpace objects, 1(20KB) LOS objects, 25% free, 47MB/63MB, paused 790us total 63.943ms
08-04 13:18:35.353 23297 23309 I art     : Starting a blocking GC Explicit
08-04 13:18:35.401 23297 23309 I art     : Explicit concurrent mark sweep GC freed 39601(1855KB) AllocSpace objects, 0(0B) LOS objects, 25% free, 47MB/63MB, paused 1.005ms total 48.360ms
08-04 13:18:35.416 23297 23309 I art     : Starting a blocking GC Explicit
08-04 13:18:35.462 23297 23309 I art     : Explicit concurrent mark sweep GC freed 33944(1591KB) AllocSpace objects, 0(0B) LOS objects, 25% free, 47MB/63MB, paused 918us total 46.220ms
08-04 13:18:35.476 23297 23309 I art     : Starting a blocking GC Explicit
08-04 13:18:35.524 23297 23309 I art     : Explicit concurrent mark sweep GC freed 34185(1608KB) AllocSpace objects, 0(0B) LOS objects, 25% free, 47MB/63MB, paused 1.098ms total 47.796ms
08-04 13:18:35.539 23297 23309 I art     : Starting a blocking GC Explicit
08-04 13:18:35.587 23297 23309 I art     : Explicit concurrent mark sweep GC freed 34112(1607KB) AllocSpace objects, 0(0B) LOS objects, 25% free, 47MB/63MB, paused 943us total 47.492ms
08-04 13:18:35.864 23297 23554 I art     : Starting a blocking GC Explicit
08-04 13:18:35.932 23297 23554 I art     : Explicit concurrent mark sweep GC freed 181865(8MB) AllocSpace objects, 1(20KB) LOS objects, 24% free, 49MB/65MB, paused 912us total 67.520ms
08-04 13:18:35.948 23297 23554 I art     : Starting a blocking GC Explicit
08-04 13:18:35.987 22210 22210 I ServiceManager: Waiting for service AtCmdFwd...
08-04 13:18:36.002 23297 23554 I art     : Explicit concurrent mark sweep GC freed 43275(2MB) AllocSpace objects, 0(0B) LOS objects, 24% free, 49MB/65MB, paused 998us total 53.661ms
08-04 13:18:36.018 23297 23554 I art     : Starting a blocking GC Explicit
08-04 13:18:36.072 23297 23554 I art     : Explicit concurrent mark sweep GC freed 38398(1801KB) AllocSpace objects, 0(0B) LOS objects, 24% free, 49MB/65MB, paused 1.609ms total 54.089ms
08-04 13:18:36.089 23297 23554 I art     : Starting a blocking GC Explicit
08-04 13:18:36.144 23297 23554 I art     : Explicit concurrent mark sweep GC freed 35591(1659KB) AllocSpace objects, 0(0B) LOS objects, 24% free, 50MB/66MB, paused 978us total 55.002ms
08-04 13:18:36.161 23297 23554 I art     : Starting a blocking GC Explicit
08-04 13:18:36.217 23297 23554 I art     : Explicit concurrent mark sweep GC freed 36476(1704KB) AllocSpace objects, 0(0B) LOS objects, 24% free, 50MB/66MB, paused 1.090ms total 56.297ms
08-04 13:18:36.514 23297 23729 I art     : Starting a blocking GC Explicit
08-04 13:18:36.554 13866 13882 I PeriodicStatsRunner: PeriodicStatsRunner.call():175 call()
08-04 13:18:36.555 13866 13882 I PeriodicStatsRunner: PeriodicStatsRunner.call():179 No submit PeriodicStats since input started.
08-04 13:18:36.592 23297 23729 I art     : Explicit concurrent mark sweep GC freed 194499(8MB) AllocSpace objects, 1(20KB) LOS objects, 23% free, 51MB/67MB, paused 939us total 78.430ms
08-04 13:18:36.610 23297 23729 I art     : Starting a blocking GC Explicit
08-04 13:18:36.673 23297 23729 I art     : Explicit concurrent mark sweep GC freed 48045(2MB) AllocSpace objects, 0(0B) LOS objects, 23% free, 52MB/68MB, paused 1.168ms total 63.091ms
08-04 13:18:36.691 23297 23729 I art     : Starting a blocking GC Explicit
08-04 13:18:36.756 23297 23729 I art     : Explicit concurrent mark sweep GC freed 42777(2005KB) AllocSpace objects, 0(0B) LOS objects, 23% free, 52MB/68MB, paused 1.358ms total 64.134ms
08-04 13:18:36.775 23297 23729 I art     : Starting a blocking GC Explicit
08-04 13:18:36.797 23297 24576 I Service : getCourses response time: 0.69
08-04 13:18:36.806 23297 23297 I SettingsManager: Getting string: savedCourse
08-04 13:18:36.831 23297 23729 I art     : Explicit concurrent mark sweep GC freed 26678(1305KB) AllocSpace objects, 0(0B) LOS objects, 23% free, 52MB/68MB, paused 812us total 56.341ms
08-04 13:18:36.848 23297 23729 I art     : Starting a blocking GC Explicit
08-04 13:18:36.904 23297 23729 I art     : Explicit concurrent mark sweep GC freed 1126(52KB) AllocSpace objects, 1(14MB) LOS objects, 29% free, 37MB/53MB, paused 778us total 55.925ms
08-04 13:18:36.988 22210 22210 I ServiceManager: Waiting for service AtCmdFwd...
08-04 13:18:37.231 23297 23310 I art     : Starting a blocking GC Explicit
08-04 13:18:37.296 23297 23310 I art     : Explicit concurrent mark sweep GC freed 1678(97KB) AllocSpace objects, 1(20KB) LOS objects, 29% free, 37MB/53MB, paused 413us total 64.826ms
08-04 13:18:37.317 23297 23310 I art     : Starting a blocking GC Explicit
08-04 13:18:37.378 23297 23310 I art     : Explicit concurrent mark sweep GC freed 537(49KB) AllocSpace objects, 0(0B) LOS objects, 29% free, 37MB/53MB, paused 388us total 61.453ms
08-04 13:18:37.397 23297 23310 I art     : Starting a blocking GC Explicit
08-04 13:18:37.460 23297 23310 I art     : Explicit concurrent mark sweep GC freed 3(96B) AllocSpace objects, 0(0B) LOS objects, 29% free, 37MB/53MB, paused 402us total 62.571ms
08-04 13:18:37.480 23297 23310 I art     : Starting a blocking GC Explicit
08-04 13:18:37.543 23297 23310 I art     : Explicit concurrent mark sweep GC freed 3(96B) AllocSpace objects, 0(0B) LOS objects, 29% free, 37MB/53MB, paused 412us total 62.738ms
08-04 13:18:37.563 23297 23310 I art     : Starting a blocking GC Explicit
08-04 13:18:37.625 23297 23310 I art     : Explicit concurrent mark sweep GC freed 3(96B) AllocSpace objects, 0(0B) LOS objects, 29% free, 37MB/53MB, paused 391us total 62.104ms
08-04 13:18:37.963 23297 23309 I art     : Starting a blocking GC Explicit
08-04 13:18:37.988 22210 22210 I ServiceManager: Waiting for service AtCmdFwd...
08-04 13:18:38.047 23297 23309 I art     : Explicit concurrent mark sweep GC freed 1293(75KB) AllocSpace objects, 1(20KB) LOS objects, 29% free, 37MB/53MB, paused 422us total 82.953ms
08-04 13:18:38.068 23297 23309 I art     : Starting a blocking GC Explicit
08-04 13:18:38.128 23297 23309 I art     : Explicit concurrent mark sweep GC freed 18(624B) AllocSpace objects, 0(0B) LOS objects, 29% free, 37MB/53MB, paused 413us total 59.513ms
08-04 13:18:38.148 23297 23309 I art     : Starting a blocking GC Explicit
08-04 13:18:38.210 23297 23309 I art     : Explicit concurrent mark sweep GC freed 3(96B) AllocSpace objects, 0(0B) LOS objects, 29% free, 37MB/53MB, paused 391us total 61.457ms
08-04 13:18:38.229 23297 23309 I art     : Starting a blocking GC Explicit
08-04 13:18:38.293 23297 23309 I art     : Explicit concurrent mark sweep GC freed 3(96B) AllocSpace objects, 0(0B) LOS objects, 29% free, 37MB/53MB, paused 379us total 63.512ms
08-04 13:18:38.313 23297 23309 I art     : Starting a blocking GC Explicit
08-04 13:18:38.376 23297 23309 I art     : Explicit concurrent mark sweep GC freed 3(96B) AllocSpace objects, 0(0B) LOS objects, 29% free, 37MB/53MB, paused 385us total 62.055ms
08-04 13:18:38.405 13866 13882 I PeriodicStatsRunner: PeriodicStatsRunner.call():175 call()
08-04 13:18:38.406 13866 13882 I PeriodicStatsRunner: PeriodicStatsRunner.call():179 No submit PeriodicStats since input started.
08-04 13:18:38.713 23297 23729 I art     : Starting a blocking GC Explicit
08-04 13:18:38.794 23297 23729 I art     : Explicit concurrent mark sweep GC freed 1296(75KB) AllocSpace objects, 1(20KB) LOS objects, 29% free, 37MB/53MB, paused 402us total 81.647ms
08-04 13:18:38.815 23297 23729 I art     : Starting a blocking GC Explicit
08-04 13:18:38.874 23297 23729 I art     : Explicit concurrent mark sweep GC freed 18(624B) AllocSpace objects, 0(0B) LOS objects, 29% free, 37MB/53MB, paused 397us total 58.524ms
08-04 13:18:38.894 23297 23729 I art     : Starting a blocking GC Explicit
08-04 13:18:38.956 23297 23729 I art     : Explicit concurrent mark sweep GC freed 3(96B) AllocSpace objects, 0(0B) LOS objects, 29% free, 37MB/53MB, paused 398us total 61.749ms
08-04 13:18:38.976 23297 23729 I art     : Starting a blocking GC Explicit
08-04 13:18:38.989 22210 22210 W Atfwd_Sendcmd: AtCmdFwd service not published, waiting... retryCnt : 5
08-04 13:18:39.040 23297 23729 I art     : Explicit concurrent mark sweep GC freed 3(96B) AllocSpace objects, 0(0B) LOS objects, 29% free, 37MB/53MB, paused 406us total 63.257ms
08-04 13:18:39.060 23297 23729 I art     : Starting a blocking GC Explicit
08-04 13:18:39.124 23297 23729 I art     : Explicit concurrent mark sweep GC freed 3(96B) AllocSpace objects, 0(0B) LOS objects, 29% free, 37MB/53MB, paused 403us total 63.418ms
08-04 13:18:39.477 23297 23310 I art     : Starting a blocking GC Explicit
08-04 13:18:39.551 23297 23310 I art     : Explicit concurrent mark sweep GC freed 1293(75KB) AllocSpace objects, 1(20KB) LOS objects, 29% free, 37MB/53MB, paused 390us total 73.832ms
08-04 13:18:39.570 23297 23310 I art     : Starting a blocking GC Explicit
08-04 13:18:39.631 23297 23310 I art     : Explicit concurrent mark sweep GC freed 18(624B) AllocSpace objects, 0(0B) LOS objects, 29% free, 37MB/53MB, paused 388us total 59.847ms
08-04 13:18:39.649 23297 23310 I art     : Starting a blocking GC Explicit
08-04 13:18:39.706 23297 23310 I art     : Explicit concurrent mark sweep GC freed 3(96B) AllocSpace objects, 0(0B) LOS objects, 29% free, 37MB/53MB, paused 400us total 56.454ms
08-04 13:18:39.725 23297 23310 I art     : Starting a blocking GC Explicit
08-04 13:18:39.781 23297 23310 I art     : Explicit concurrent mark sweep GC freed 3(96B) AllocSpace objects, 0(0B) LOS objects, 29% free, 37MB/53MB, paused 403us total 56.167ms
08-04 13:18:39.800 23297 23310 I art     : Starting a blocking GC Explicit
08-04 13:18:39.857 23297 23310 I art     : Explicit concurrent mark sweep GC freed 3(96B) AllocSpace objects, 0(0B) LOS objects, 29% free, 37MB/53MB, paused 412us total 57.017ms
08-04 13:18:39.956 24692 24692 D AndroidRuntime: >>>>>> START com.android.internal.os.RuntimeInit uid 2000 <<<<<<
08-04 13:18:39.961 24692 24692 D AndroidRuntime: CheckJNI is OFF
08-04 13:18:39.999 24692 24692 D ICU     : No timezone override file found: /data/misc/zoneinfo/current/icu/icu_tzdata.dat
08-04 13:18:40.037 24692 24692 I Radio-JNI: register_android_hardware_Radio DONE
08-04 13:18:40.059 24692 24692 D AndroidRuntime: Calling main entry com.android.commands.input.Input
08-04 13:18:40.063 24692 24692 I Input   : injectMotionEvent: MotionEvent { action=ACTION_DOWN, actionButton=0, id[0]=0, x[0]=648.0, y[0]=709.0, toolType[0]=TOOL_TYPE_UNKNOWN, buttonState=0, metaState=0, flags=0x0, edgeFlags=0x0, pointerCount=1, historySize=0, eventTime=710336475, downTime=710336475, deviceId=0, source=0x1002 }
08-04 13:18:40.069 24692 24692 I Input   : injectMotionEvent: MotionEvent { action=ACTION_UP, actionButton=0, id[0]=0, x[0]=648.0, y[0]=709.0, toolType[0]=TOOL_TYPE_UNKNOWN, buttonState=0, metaState=0, flags=0x0, edgeFlags=0x0, pointerCount=1, historySize=0, eventTime=710336475, downTime=710336475, deviceId=0, source=0x1002 }
08-04 13:18:40.071 24692 24692 D AndroidRuntime: Shutting down VM
08-04 13:18:40.137   512  2967 D audio_hw_primary: out_set_parameters: enter: usecase(1: low-latency-playback) kvpairs: routing=2
08-04 13:18:40.150   512  2967 D audio_hw_primary: select_devices: out_snd_device(2: speaker) in_snd_device(0: none)
08-04 13:18:40.150   512  2967 D msm8974_platform: platform_send_audio_calibration: sending audio calibration for snd_device(2) acdb_id(15)
08-04 13:18:40.150   512  2967 I soundtrigger: audio_extn_sound_trigger_update_device_status: device 0x2 of type 0 for Event 1
08-04 13:18:40.163   512  2967 D audio_hw_primary: enable_snd_device: snd_device(2: speaker)
08-04 13:18:40.165   512  2967 D audio_hw_primary: enable_audio_route: apply and update mixer path: low-latency-playback speaker
08-04 13:18:40.169 23297 23729 I art     : Starting a blocking GC Explicit
08-04 13:18:40.235 23297 23729 I art     : Explicit concurrent mark sweep GC freed 2046(132KB) AllocSpace objects, 2(40KB) LOS objects, 29% free, 37MB/53MB, paused 379us total 65.654ms
08-04 13:18:40.256 23297 23729 I art     : Starting a blocking GC Explicit
08-04 13:18:40.318 23297 23729 I art     : Explicit concurrent mark sweep GC freed 159(6KB) AllocSpace objects, 0(0B) LOS objects, 29% free, 37MB/53MB, paused 480us total 61.488ms
08-04 13:18:40.338 23297 23729 I art     : Starting a blocking GC Explicit
08-04 13:18:40.401 23297 23729 I art     : Explicit concurrent mark sweep GC freed 7(240B) AllocSpace objects, 0(0B) LOS objects, 29% free, 37MB/53MB, paused 382us total 62.940ms
08-04 13:18:40.421 23297 23729 I art     : Starting a blocking GC Explicit
08-04 13:18:40.485 23297 23729 I art     : Explicit concurrent mark sweep GC freed 3(96B) AllocSpace objects, 0(0B) LOS objects, 29% free, 37MB/53MB, paused 374us total 63.372ms
08-04 13:18:40.505 23297 23729 I art     : Starting a blocking GC Explicit
08-04 13:18:40.574 23297 23729 I art     : Explicit concurrent mark sweep GC freed 9(320B) AllocSpace objects, 0(0B) LOS objects, 29% free, 37MB/53MB, paused 398us total 69.351ms
08-04 13:18:40.700   512  2967 D audio_hw_primary: disable_audio_route: reset and update mixer path: low-latency-playback speaker
08-04 13:18:40.702   512  2967 D audio_hw_primary: disable_snd_device: snd_device(2: speaker)
08-04 13:18:40.716   512  2967 I soundtrigger: audio_extn_sound_trigger_update_device_status: device 0x2 of type 0 for Event 0
08-04 13:18:40.887 23297 23554 I art     : Starting a blocking GC Explicit
08-04 13:18:40.967 23297 23554 I art     : Explicit concurrent mark sweep GC freed 1295(75KB) AllocSpace objects, 1(20KB) LOS objects, 29% free, 37MB/53MB, paused 411us total 80.305ms
08-04 13:18:40.988 23297 23554 I art     : Starting a blocking GC Explicit
08-04 13:18:41.050 23297 23554 I art     : Explicit concurrent mark sweep GC freed 22(752B) AllocSpace objects, 0(0B) LOS objects, 29% free, 37MB/53MB, paused 420us total 61.697ms
08-04 13:18:41.070 23297 23554 I art     : Starting a blocking GC Explicit
08-04 13:18:41.133 23297 23554 I art     : Explicit concurrent mark sweep GC freed 3(96B) AllocSpace objects, 0(0B) LOS objects, 29% free, 37MB/53MB, paused 405us total 62.669ms
08-04 13:18:41.153 23297 23554 I art     : Starting a blocking GC Explicit
08-04 13:18:41.217 23297 23554 I art     : Explicit concurrent mark sweep GC freed 3(96B) AllocSpace objects, 0(0B) LOS objects, 29% free, 37MB/53MB, paused 565us total 63.929ms
08-04 13:18:41.237 23297 23554 I art     : Starting a blocking GC Explicit
08-04 13:18:41.301 23297 23554 I art     : Explicit concurrent mark sweep GC freed 3(96B) AllocSpace objects, 0(0B) LOS objects, 29% free, 37MB/53MB, paused 368us total 62.933ms
08-04 13:18:41.590 23297 23309 I art     : Starting a blocking GC Explicit
08-04 13:18:41.655 23297 23309 I art     : Explicit concurrent mark sweep GC freed 1293(75KB) AllocSpace objects, 1(20KB) LOS objects, 29% free, 37MB/53MB, paused 393us total 65.383ms
08-04 13:18:41.675 23297 23309 I art     : Starting a blocking GC Explicit
08-04 13:18:41.714 24725 24725 D AndroidRuntime: >>>>>> START com.android.internal.os.RuntimeInit uid 2000 <<<<<<
08-04 13:18:41.719 24725 24725 D AndroidRuntime: CheckJNI is OFF
08-04 13:18:41.733 23297 23309 I art     : Explicit concurrent mark sweep GC freed 18(624B) AllocSpace objects, 0(0B) LOS objects, 29% free, 37MB/53MB, paused 393us total 57.930ms
08-04 13:18:41.751 23297 23309 I art     : Starting a blocking GC Explicit
08-04 13:18:41.759 24725 24725 D ICU     : No timezone override file found: /data/misc/zoneinfo/current/icu/icu_tzdata.dat
08-04 13:18:41.793 24725 24725 I Radio-JNI: register_android_hardware_Radio DONE
08-04 13:18:41.812 23297 23309 I art     : Explicit concurrent mark sweep GC freed 9(288B) AllocSpace objects, 0(0B) LOS objects, 29% free, 37MB/53MB, paused 349us total 60.110ms
08-04 13:18:41.816 24725 24725 D AndroidRuntime: Calling main entry com.android.commands.input.Input
08-04 13:18:41.819 24725 24725 I Input   : injectMotionEvent: MotionEvent { action=ACTION_DOWN, actionButton=0, id[0]=0, x[0]=1197.0, y[0]=1456.0, toolType[0]=TOOL_TYPE_UNKNOWN, buttonState=0, metaState=0, flags=0x0, edgeFlags=0x0, pointerCount=1, historySize=0, eventTime=710338231, downTime=710338231, deviceId=0, source=0x1002 }
08-04 13:18:41.828 24725 24725 I Input   : injectMotionEvent: MotionEvent { action=ACTION_UP, actionButton=0, id[0]=0, x[0]=1197.0, y[0]=1456.0, toolType[0]=TOOL_TYPE_UNKNOWN, buttonState=0, metaState=0, flags=0x0, edgeFlags=0x0, pointerCount=1, historySize=0, eventTime=710338231, downTime=710338231, deviceId=0, source=0x1002 }
08-04 13:18:41.832 24725 24725 D AndroidRuntime: Shutting down VM
08-04 13:18:41.832 23297 23309 I art     : Starting a blocking GC Explicit
08-04 13:18:41.844   512  2967 D audio_hw_primary: out_set_parameters: enter: usecase(1: low-latency-playback) kvpairs: routing=2
08-04 13:18:41.857   512  2967 D audio_hw_primary: select_devices: out_snd_device(2: speaker) in_snd_device(0: none)
08-04 13:18:41.857   512  2967 D msm8974_platform: platform_send_audio_calibration: sending audio calibration for snd_device(2) acdb_id(15)
08-04 13:18:41.857   512  2967 I soundtrigger: audio_extn_sound_trigger_update_device_status: device 0x2 of type 0 for Event 1
08-04 13:18:41.882   512  2967 D audio_hw_primary: enable_snd_device: snd_device(2: speaker)
08-04 13:18:41.884   512  2967 D audio_hw_primary: enable_audio_route: apply and update mixer path: low-latency-playback speaker
08-04 13:18:41.888 23297 23309 I art     : Explicit concurrent mark sweep GC freed 315(16KB) AllocSpace objects, 0(0B) LOS objects, 29% free, 37MB/53MB, paused 481us total 55.338ms
08-04 13:18:41.897 23297 23313 D OpenGLRenderer: endAllStagingAnimators on 0x7f9955f400 (RippleDrawable) with handle 0x7f7a0eb340
08-04 13:18:41.903 23297 23297 I SettingsManager: Setting string: savedCourse
08-04 13:18:41.904   918  5132 W BackupManagerService: dataChanged but no participant pkg='baseline.com.ak.uobtimetable' uid=10659
08-04 13:18:41.904   918  3359 I ActivityManager: START u0 {flg=0x4000000 cmp=baseline.com.ak.uobtimetable/.MainActivity (has extras)} from uid 10659 on display 0
08-04 13:18:41.905 23297 23309 I art     : Starting a blocking GC Explicit
08-04 13:18:41.916   918  3696 W InputMethodManagerService: Focus gain on non-focused client com.android.internal.view.IInputMethodClient$Stub$Proxy@978a97e (uid=10659 pid=23297)
08-04 13:18:41.927 23297 23297 D MainActivity: OnDestroy
08-04 13:18:41.945 23297 23297 D MainActivity: onCreate
08-04 13:18:41.945 23297 23297 I SettingsManager: Getting string: savedSessions
08-04 13:18:41.945 23297 23297 I SettingsManager: Getting string: savedSessions
08-04 13:18:41.953 23297 23297 I SettingsManager: Getting string: savedSessionsCourseName
08-04 13:18:41.953 23297 23297 I SettingsManager: Getting string: savedSessionsCourseName
08-04 13:18:41.953 23297 23297 I SettingsManager: Getting string: savedSessionsDateRange
08-04 13:18:41.953 23297 23297 I SettingsManager: Getting string: savedSessionsDateRange
08-04 13:18:41.954 23297 23297 I Settings: 15 saved sessions - Artificial Intelligence and Robotics (with Foundation Year) - BSc (Hons) - Ltn - Y0 Feb FT - Weeks: 24-38 (8 Jun 2020-20 Sep 2020)
08-04 13:18:41.964 23297 23309 I art     : Explicit concurrent mark sweep GC freed 11321(521KB) AllocSpace objects, 0(0B) LOS objects, 29% free, 37MB/53MB, paused 664us total 58.443ms
08-04 13:18:41.985 23297 23297 I SettingsManager: Getting string: savedCourse
08-04 13:18:41.986 23297 23297 D MainActivity: sessionListFragmentArg: updateSessions
08-04 13:18:41.986 23297 23297 D MainActivity: showTermDatesConfigChange: false
08-04 13:18:41.986 23297 23297 D MainActivity: showTermDatesShortcut: false
08-04 13:18:41.986 23297 23297 D MainActivity: Setting initial fragment: SessionListsFragment
08-04 13:18:41.987 23297 23297 I SettingsManager: Getting int: launchCount
08-04 13:18:41.988 23297 23297 D SessionListsFragment: onCreateView
08-04 13:18:41.991 23297 23297 I SettingsManager: Getting string: savedCourse
08-04 13:18:41.994 23297 23297 I SettingsManager: Getting string: savedSessions
08-04 13:18:42.001 23297 23297 D SessionListsFragment: loadArgument: updateSessions
08-04 13:18:42.001 23297 23297 D SessionListsFragment: initialIndex: -1
08-04 13:18:42.003 23297 24756 D HTTP    : Request for: https://uob-timetable-api.adriankeenan.co.uk/sessions?dept=CM010&course=BSAIFAAF%2F02AA%2F0%2FFT&level=Foundation+Year
08-04 13:18:42.012 23297 23297 D TermDatesFragment: WebView loaded
08-04 13:18:42.013 23297 23297 D MainActivity: OnResume
08-04 13:18:42.019 23297 23297 I TermDatesFragment: Webview load %: 10
08-04 13:18:42.092   918   936 I ActivityManager: Displayed baseline.com.ak.uobtimetable/.MainActivity: +175ms
08-04 13:18:42.092 13866 13866 I GoogleInputMethodServic: GoogleInputMethodService.onFinishInput():3138 
08-04 13:18:42.093 13866 13866 I GoogleInputMethodServic: GoogleInputMethodService.onStartInput():1808 
08-04 13:18:42.173 23297 23297 I TermDatesFragment: Webview load %: 70
08-04 13:18:42.180 23297 24756 I NAPPA_EXPERIMENTATION: MetricNetworkRequestExecutionTime: REQUEST_DURATION_SYSTEM='177',REQUEST_DURATION_OKHTTP='52',REQUEST_SYNCHRONOUS='TRUE',RESPONSE_CODE='200',RESPONSE_METHOD='GET',RESPONSE_LENGTH_OKHTTP='-1',RESPONSE_LENGTH_HEADER='1214',REQUEST_PROTOCOL='http/1.1',REQUEST_URL='https://uob-timetable-api.adriankeenan.co.uk/sessions?dept=CM010&course=BSAIFAAF%2F02AA%2F0%2FFT&level=Foundation+Year',
08-04 13:18:42.181 23297 23297 I TermDatesFragment: Webview load %: 100
08-04 13:18:42.181 23297 23297 I TermDatesFragment: Webview load %: 100
08-04 13:18:42.219 23297 24756 I HTTP    : Response was compressed.
08-04 13:18:42.224 23297 23729 I art     : Starting a blocking GC Explicit
08-04 13:18:42.234 23297 24756 I Service : getSessions response time: 1.10
08-04 13:18:42.234 23297 23297 I SettingsManager: Getting string: savedSessions
08-04 13:18:42.235 23297 23297 I SettingsManager: Getting string: savedSessions
08-04 13:18:42.242 23297 23297 I Service : Sessions updated: 15
08-04 13:18:42.243 23297 23297 I Service : Sessions removed from new list: 0
08-04 13:18:42.251 23297 23297 I SettingsManager: Setting string: savedSessions
08-04 13:18:42.252   918  6029 W BackupManagerService: dataChanged but no participant pkg='baseline.com.ak.uobtimetable' uid=10659
08-04 13:18:42.252 23297 23297 I SettingsManager: Setting date: savedSessionsTime
08-04 13:18:42.259   918  5952 W BackupManagerService: dataChanged but no participant pkg='baseline.com.ak.uobtimetable' uid=10659
08-04 13:18:42.259 23297 23297 I SettingsManager: Setting string: savedSessionsCourseName
08-04 13:18:42.260   918  3670 W BackupManagerService: dataChanged but no participant pkg='baseline.com.ak.uobtimetable' uid=10659
08-04 13:18:42.260 23297 23297 I SettingsManager: Setting string: savedSessionsDateRange
08-04 13:18:42.260   918  6112 W BackupManagerService: dataChanged but no participant pkg='baseline.com.ak.uobtimetable' uid=10659
08-04 13:18:42.260 23297 23297 I SettingsManager: Setting string: timetableUrl
08-04 13:18:42.260   918  5132 W BackupManagerService: dataChanged but no participant pkg='baseline.com.ak.uobtimetable' uid=10659
08-04 13:18:42.261 23297 23297 I SettingsManager: Getting boolean: notifySessionRemindersEnabled
08-04 13:18:42.261 23297 23297 I SettingsManager: Getting int: notifySessionRemindersMinutes
08-04 13:18:42.261 23297 23297 I SettingsManager: Getting boolean: showHiddenSessions
08-04 13:18:42.264 23297 23297 I SessionReminderNotifier: Created session reminder alarm for f7b4771250a919bd729c1c5a4a459c77 at Mon 08:30:00 10/08/20
08-04 13:18:42.266 23297 23297 I SessionReminderNotifier: Created session reminder alarm for a7f879aabdeb78622c8820a5fb7b64cd at Tue 08:30:00 11/08/20
08-04 13:18:42.269 23297 23297 I SessionReminderNotifier: Created session reminder alarm for 7bc8d7e2c2055711f597c3d9078c6ea3 at Tue 08:30:00 11/08/20
08-04 13:18:42.270 23297 23297 I SessionReminderNotifier: Created session reminder alarm for 53c0527a6f009a1f2fd223834d3bfe51 at Tue 10:30:00 11/08/20
08-04 13:18:42.272 23297 23297 I SessionReminderNotifier: Created session reminder alarm for e0fc978b5db8218778540b4053344581 at Tue 11:00:00 11/08/20
08-04 13:18:42.273 23297 23297 I SessionReminderNotifier: Created session reminder alarm for 199afb0100f329ff65a09e1b0cd9deba at Tue 11:30:00 11/08/20
08-04 13:18:42.275 23297 23297 I SessionReminderNotifier: Created session reminder alarm for 21712fef61090882c855a1425543edb5 at Tue 13:30:00 04/08/20
08-04 13:18:42.276 23297 23297 I SessionReminderNotifier: Created session reminder alarm for 65ca4d97f031f29a4d02bbb45a705d8f at Wed 08:30:00 05/08/20
08-04 13:18:42.279 23297 23297 I SessionReminderNotifier: Created session reminder alarm for eeda7741b0bcab58fd9f46dc6ef1d942 at Wed 08:30:00 05/08/20
08-04 13:18:42.282 23297 23297 I SessionReminderNotifier: Created session reminder alarm for c276c1b2075a0beb67f1b3d1e580f920 at Wed 11:00:00 05/08/20
08-04 13:18:42.287 23297 23297 I SessionReminderNotifier: Created session reminder alarm for 8b1f3627e42ae13a6f6ba0a83903dde1 at Wed 13:30:00 05/08/20
08-04 13:18:42.289 23297 23297 I SessionReminderNotifier: Created session reminder alarm for 79fe0b5c3b887a13ba29db5a33fa2800 at Thu 08:30:00 06/08/20
08-04 13:18:42.291 23297 23297 I SessionReminderNotifier: Created session reminder alarm for cb9dfc8231cdba2be0835dc5709690e1 at Thu 08:30:00 06/08/20
08-04 13:18:42.292 23297 23297 I SessionReminderNotifier: Created session reminder alarm for f850dc24d6de60b7b89fa9e1a8c224c5 at Thu 12:00:00 06/08/20
08-04 13:18:42.294 23297 23297 I SessionReminderNotifier: Created session reminder alarm for 2ba1034116e4fffdd592dbf0796a43d5 at Fri 08:30:00 07/08/20
08-04 13:18:42.294 23297 23297 I SettingsManager: Getting boolean: showHiddenSessions
08-04 13:18:42.294 23297 23297 D SessionListsFragment: 1 sessions for day 0
08-04 13:18:42.294 23297 23297 D SessionListsFragment: 6 sessions for day 1
08-04 13:18:42.294 23297 23297 D SessionListsFragment: 4 sessions for day 2
08-04 13:18:42.294 23297 23297 D SessionListsFragment: 3 sessions for day 3
08-04 13:18:42.294 23297 23297 D SessionListsFragment: 1 sessions for day 4
08-04 13:18:42.305 23297 23729 I art     : Explicit concurrent mark sweep GC freed 32188(1551KB) AllocSpace objects, 8(1596KB) LOS objects, 29% free, 38MB/54MB, paused 1.400ms total 80.603ms
08-04 13:18:42.305 23297 23307 I art     : WaitForGcToComplete blocked for 6.040ms for cause HeapTrim
08-04 13:18:42.328 23297 23729 I art     : Starting a blocking GC Explicit
08-04 13:18:42.343 23297 23297 I SettingsManager: Getting boolean: showHiddenSessions
08-04 13:18:42.343 23297 23297 D SessionListsFragment: Refreshed ViewPager
08-04 13:18:42.344 23297 23297 I SettingsManager: Getting boolean: showHiddenSessions
08-04 13:18:42.344 23297 23297 I SettingsManager: Getting boolean: completedTutorial
08-04 13:18:42.344 23297 23297 I SettingsManager: Getting boolean: showHiddenSessions
08-04 13:18:42.344 23297 23297 I SettingsManager: Getting date: savedSessionsTime
08-04 13:18:42.382 23297 23729 I art     : Explicit concurrent mark sweep GC freed 56741(2MB) AllocSpace objects, 3(136KB) LOS objects, 30% free, 36MB/52MB, paused 1.023ms total 54.458ms
08-04 13:18:42.399 23297 23729 I art     : Starting a blocking GC Explicit
08-04 13:18:42.420   512  2967 D audio_hw_primary: disable_audio_route: reset and update mixer path: low-latency-playback speaker
08-04 13:18:42.422   512  2967 D audio_hw_primary: disable_snd_device: snd_device(2: speaker)
08-04 13:18:42.429   512  2967 I soundtrigger: audio_extn_sound_trigger_update_device_status: device 0x2 of type 0 for Event 0
08-04 13:18:42.452 23297 23729 I art     : Explicit concurrent mark sweep GC freed 33552(1344KB) AllocSpace objects, 0(0B) LOS objects, 30% free, 36MB/52MB, paused 935us total 52.408ms
08-04 13:18:42.469 23297 23729 I art     : Starting a blocking GC Explicit
08-04 13:18:42.525 23297 23729 I art     : Explicit concurrent mark sweep GC freed 32790(1348KB) AllocSpace objects, 0(0B) LOS objects, 30% free, 36MB/52MB, paused 955us total 55.845ms
08-04 13:18:42.542 23297 23729 I art     : Starting a blocking GC Explicit
08-04 13:18:42.599 23297 23729 I art     : Explicit concurrent mark sweep GC freed 34452(1413KB) AllocSpace objects, 0(0B) LOS objects, 30% free, 36MB/52MB, paused 841us total 56.640ms
08-04 13:18:42.735   918  3261 D WifiStateMachine: starting scan for "H369AA63323"WPA_PSK with 2412,5180
08-04 13:18:42.893 23297 23554 I art     : Starting a blocking GC Explicit
08-04 13:18:42.977 23297 23554 I art     : Explicit concurrent mark sweep GC freed 163422(6MB) AllocSpace objects, 1(20KB) LOS objects, 29% free, 38MB/54MB, paused 1.030ms total 83.857ms
08-04 13:18:42.990 23297 23297 I Choreographer: Skipped 37 frames!  The application may be doing too much work on its main thread.
08-04 13:18:43.000 23297 23554 I art     : Starting a blocking GC Explicit
08-04 13:18:43.057 23297 23554 I art     : Explicit concurrent mark sweep GC freed 10542(640KB) AllocSpace objects, 0(0B) LOS objects, 29% free, 37MB/53MB, paused 413us total 56.428ms
08-04 13:18:43.074 23297 23554 I art     : Starting a blocking GC Explicit
08-04 13:18:43.129 23297 23554 I art     : Explicit concurrent mark sweep GC freed 702(38KB) AllocSpace objects, 0(0B) LOS objects, 29% free, 37MB/53MB, paused 527us total 54.455ms
08-04 13:18:43.147 23297 23554 I art     : Starting a blocking GC Explicit
08-04 13:18:43.194 23297 23554 I art     : Explicit concurrent mark sweep GC freed 121019(11MB) AllocSpace objects, 3(136KB) LOS objects, 37% free, 26MB/42MB, paused 475us total 46.521ms
08-04 13:18:43.206 23297 23554 I art     : Starting a blocking GC Explicit
08-04 13:18:43.215   518   646 I ThermalEngine: ACTION: GPU - Setting GPU[0] to 450000000
08-04 13:18:43.245 23297 23554 I art     : Explicit concurrent mark sweep GC freed 3(96B) AllocSpace objects, 0(0B) LOS objects, 37% free, 26MB/42MB, paused 635us total 38.405ms
08-04 13:18:43.558 23297 23310 I art     : Starting a blocking GC Explicit
08-04 13:18:43.609 23297 23310 I art     : Explicit concurrent mark sweep GC freed 1516(85KB) AllocSpace objects, 1(20KB) LOS objects, 37% free, 26MB/42MB, paused 629us total 51.164ms
08-04 13:18:43.627 23297 23310 I art     : Starting a blocking GC Explicit
08-04 13:18:43.674 23297 23310 I art     : Explicit concurrent mark sweep GC freed 19(688B) AllocSpace objects, 0(0B) LOS objects, 37% free, 26MB/42MB, paused 555us total 47.064ms
08-04 13:18:43.691 23297 23310 I art     : Starting a blocking GC Explicit
08-04 13:18:43.741 23297 23310 I art     : Explicit concurrent mark sweep GC freed 3(96B) AllocSpace objects, 0(0B) LOS objects, 37% free, 26MB/42MB, paused 591us total 48.983ms
08-04 13:18:43.758 23297 23310 I art     : Starting a blocking GC Explicit
08-04 13:18:43.805 23297 23310 I art     : Explicit concurrent mark sweep GC freed 3(96B) AllocSpace objects, 0(0B) LOS objects, 37% free, 26MB/42MB, paused 578us total 47.665ms
08-04 13:18:43.822 23297 23310 I art     : Starting a blocking GC Explicit
08-04 13:18:43.870 23297 23310 I art     : Explicit concurrent mark sweep GC freed 3(96B) AllocSpace objects, 0(0B) LOS objects, 37% free, 26MB/42MB, paused 561us total 47.406ms
08-04 13:18:44.214 23297 23309 I art     : Starting a blocking GC Explicit
08-04 13:18:44.259 23297 23309 I art     : Explicit concurrent mark sweep GC freed 1445(80KB) AllocSpace objects, 1(20KB) LOS objects, 37% free, 26MB/42MB, paused 556us total 44.396ms
08-04 13:18:44.275 23297 23309 I art     : Starting a blocking GC Explicit
08-04 13:18:44.323 23297 23309 I art     : Explicit concurrent mark sweep GC freed 20(704B) AllocSpace objects, 0(0B) LOS objects, 37% free, 26MB/42MB, paused 557us total 47.407ms
08-04 13:18:44.339 23297 23309 I art     : Starting a blocking GC Explicit
08-04 13:18:44.387 23297 23309 I art     : Explicit concurrent mark sweep GC freed 3(96B) AllocSpace objects, 0(0B) LOS objects, 37% free, 26MB/42MB, paused 559us total 47.729ms
08-04 13:18:44.404 23297 23309 I art     : Starting a blocking GC Explicit
08-04 13:18:44.452 23297 23309 I art     : Explicit concurrent mark sweep GC freed 3(96B) AllocSpace objects, 0(0B) LOS objects, 37% free, 26MB/42MB, paused 565us total 47.564ms
08-04 13:18:44.468 23297 23309 I art     : Starting a blocking GC Explicit
08-04 13:18:44.516 23297 23309 I art     : Explicit concurrent mark sweep GC freed 3(96B) AllocSpace objects, 0(0B) LOS objects, 37% free, 26MB/42MB, paused 545us total 47.869ms
08-04 13:18:44.869 23297 23554 I art     : Starting a blocking GC Explicit
08-04 13:18:44.927 23297 23554 I art     : Explicit concurrent mark sweep GC freed 1293(75KB) AllocSpace objects, 1(20KB) LOS objects, 37% free, 26MB/42MB, paused 561us total 57.048ms
08-04 13:18:44.949 23297 23554 I art     : Starting a blocking GC Explicit
08-04 13:18:44.997 23297 23554 I art     : Explicit concurrent mark sweep GC freed 18(624B) AllocSpace objects, 0(0B) LOS objects, 37% free, 26MB/42MB, paused 547us total 47.058ms
08-04 13:18:45.013 23297 23554 I art     : Starting a blocking GC Explicit
08-04 13:18:45.060 23297 23554 I art     : Explicit concurrent mark sweep GC freed 3(96B) AllocSpace objects, 0(0B) LOS objects, 37% free, 26MB/42MB, paused 557us total 46.075ms
08-04 13:18:45.076 23297 23554 I art     : Starting a blocking GC Explicit
08-04 13:18:45.128 23297 23554 I art     : Explicit concurrent mark sweep GC freed 3(96B) AllocSpace objects, 0(0B) LOS objects, 37% free, 26MB/42MB, paused 588us total 51.120ms
08-04 13:18:45.149 23297 23554 I art     : Starting a blocking GC Explicit
08-04 13:18:45.195 23297 23554 I art     : Explicit concurrent mark sweep GC freed 3(96B) AllocSpace objects, 0(0B) LOS objects, 37% free, 26MB/42MB, paused 567us total 46.219ms
08-04 13:18:45.550 23297 23729 I art     : Starting a blocking GC Explicit
08-04 13:18:45.607 23297 23729 I art     : Explicit concurrent mark sweep GC freed 1293(75KB) AllocSpace objects, 1(20KB) LOS objects, 37% free, 26MB/42MB, paused 605us total 56.089ms
08-04 13:18:45.625 23297 23729 I art     : Starting a blocking GC Explicit
08-04 13:18:45.671 23297 23729 I art     : Explicit concurrent mark sweep GC freed 18(624B) AllocSpace objects, 0(0B) LOS objects, 37% free, 26MB/42MB, paused 555us total 45.320ms
08-04 13:18:45.688 23297 23729 I art     : Starting a blocking GC Explicit
08-04 13:18:45.737 23297 23729 I art     : Explicit concurrent mark sweep GC freed 3(96B) AllocSpace objects, 0(0B) LOS objects, 37% free, 26MB/42MB, paused 604us total 49.040ms
08-04 13:18:45.754 23297 23729 I art     : Starting a blocking GC Explicit
08-04 13:18:45.801 23297 23729 I art     : Explicit concurrent mark sweep GC freed 3(96B) AllocSpace objects, 0(0B) LOS objects, 37% free, 26MB/42MB, paused 566us total 46.937ms
08-04 13:18:45.818 23297 23729 I art     : Starting a blocking GC Explicit
08-04 13:18:45.867 23297 23729 I art     : Explicit concurrent mark sweep GC freed 3(96B) AllocSpace objects, 0(0B) LOS objects, 37% free, 26MB/42MB, paused 517us total 48.586ms
08-04 13:18:46.198 23297 23309 I art     : Starting a blocking GC Explicit
08-04 13:18:46.221   518   646 I ThermalEngine: ACTION: GPU - Setting GPU[0] to 510000000
08-04 13:18:46.238 23297 23309 I art     : Explicit concurrent mark sweep GC freed 1335(77KB) AllocSpace objects, 1(20KB) LOS objects, 37% free, 26MB/42MB, paused 595us total 39.318ms
08-04 13:18:46.253 23297 23309 I art     : Starting a blocking GC Explicit
08-04 13:18:46.285 23297 23309 I art     : Explicit concurrent mark sweep GC freed 72(2256B) AllocSpace objects, 0(0B) LOS objects, 37% free, 26MB/42MB, paused 390us total 32.133ms
08-04 13:18:46.297 23297 23309 I art     : Starting a blocking GC Explicit
08-04 13:18:46.327 23297 23309 I art     : Explicit concurrent mark sweep GC freed 151(10KB) AllocSpace objects, 0(0B) LOS objects, 37% free, 26MB/42MB, paused 439us total 30.088ms
08-04 13:18:46.338 23297 23309 I art     : Starting a blocking GC Explicit
08-04 13:18:46.372 23297 23309 I art     : Explicit concurrent mark sweep GC freed 3(96B) AllocSpace objects, 0(0B) LOS objects, 37% free, 26MB/42MB, paused 426us total 33.103ms
08-04 13:18:46.384 23297 23309 I art     : Starting a blocking GC Explicit
08-04 13:18:46.417 23297 23309 I art     : Explicit concurrent mark sweep GC freed 3(96B) AllocSpace objects, 0(0B) LOS objects, 37% free, 26MB/42MB, paused 437us total 33.557ms
08-04 13:18:46.529 24824 24824 D AndroidRuntime: >>>>>> START com.android.internal.os.RuntimeInit uid 2000 <<<<<<
08-04 13:18:46.536 24824 24824 D AndroidRuntime: CheckJNI is OFF
08-04 13:18:46.571 24824 24824 D ICU     : No timezone override file found: /data/misc/zoneinfo/current/icu/icu_tzdata.dat
08-04 13:18:46.604 24824 24824 I Radio-JNI: register_android_hardware_Radio DONE
08-04 13:18:46.625 24824 24824 D AndroidRuntime: Calling main entry com.android.commands.input.Input
08-04 13:18:46.627 24824 24824 I Input   : injectMotionEvent: MotionEvent { action=ACTION_DOWN, actionButton=0, id[0]=0, x[0]=81.0, y[0]=176.0, toolType[0]=TOOL_TYPE_UNKNOWN, buttonState=0, metaState=0, flags=0x0, edgeFlags=0x0, pointerCount=1, historySize=0, eventTime=710343040, downTime=710343040, deviceId=0, source=0x1002 }
08-04 13:18:46.635 24824 24824 I Input   : injectMotionEvent: MotionEvent { action=ACTION_UP, actionButton=0, id[0]=0, x[0]=81.0, y[0]=176.0, toolType[0]=TOOL_TYPE_UNKNOWN, buttonState=0, metaState=0, flags=0x0, edgeFlags=0x0, pointerCount=1, historySize=0, eventTime=710343040, downTime=710343040, deviceId=0, source=0x1002 }
08-04 13:18:46.638 24824 24824 D AndroidRuntime: Shutting down VM
08-04 13:18:46.656   512  2967 D audio_hw_primary: out_set_parameters: enter: usecase(1: low-latency-playback) kvpairs: routing=2
08-04 13:18:46.669   512  2967 D audio_hw_primary: select_devices: out_snd_device(2: speaker) in_snd_device(0: none)
08-04 13:18:46.669   512  2967 D msm8974_platform: platform_send_audio_calibration: sending audio calibration for snd_device(2) acdb_id(15)
08-04 13:18:46.669   512  2967 I soundtrigger: audio_extn_sound_trigger_update_device_status: device 0x2 of type 0 for Event 1
08-04 13:18:46.679   512  2967 D audio_hw_primary: enable_snd_device: snd_device(2: speaker)
08-04 13:18:46.681   512  2967 D audio_hw_primary: enable_audio_route: apply and update mixer path: low-latency-playback speaker
08-04 13:18:46.684 13866 13866 I GoogleInputMethodServic: GoogleInputMethodService.onFinishInput():3138 
08-04 13:18:46.684 13866 13866 I GoogleInputMethodServic: GoogleInputMethodService.onStartInput():1808 
08-04 13:18:46.707 23297 23554 I art     : Starting a blocking GC Explicit
08-04 13:18:46.743 23297 23554 I art     : Explicit concurrent mark sweep GC freed 1710(96KB) AllocSpace objects, 1(20KB) LOS objects, 37% free, 26MB/42MB, paused 463us total 35.503ms
08-04 13:18:46.756 23297 23554 I art     : Starting a blocking GC Explicit
08-04 13:18:46.789 23297 23554 I art     : Explicit concurrent mark sweep GC freed 26(1056B) AllocSpace objects, 0(0B) LOS objects, 37% free, 26MB/42MB, paused 412us total 32.547ms
08-04 13:18:46.800 23297 23554 I art     : Starting a blocking GC Explicit
08-04 13:18:46.832 23297 23554 I art     : Explicit concurrent mark sweep GC freed 3(96B) AllocSpace objects, 0(0B) LOS objects, 37% free, 26MB/42MB, paused 619us total 31.913ms
08-04 13:18:46.845 23297 23554 I art     : Starting a blocking GC Explicit
08-04 13:18:46.877 23297 23554 I art     : Explicit concurrent mark sweep GC freed 3(96B) AllocSpace objects, 0(0B) LOS objects, 37% free, 26MB/42MB, paused 442us total 32.172ms
08-04 13:18:46.889 23297 23554 I art     : Starting a blocking GC Explicit
08-04 13:18:46.921 23297 23554 I art     : Explicit concurrent mark sweep GC freed 11(352B) AllocSpace objects, 0(0B) LOS objects, 37% free, 26MB/42MB, paused 391us total 31.882ms
08-04 13:18:47.093 13866 13882 I PeriodicStatsRunner: PeriodicStatsRunner.call():175 call()
08-04 13:18:47.093 13866 13882 I PeriodicStatsRunner: PeriodicStatsRunner.call():179 No submit PeriodicStats since input started.
08-04 13:18:47.197 23297 23729 I art     : Starting a blocking GC Explicit
08-04 13:18:47.228   512  2967 D audio_hw_primary: disable_audio_route: reset and update mixer path: low-latency-playback speaker
08-04 13:18:47.230   512  2967 D audio_hw_primary: disable_snd_device: snd_device(2: speaker)
08-04 13:18:47.233 23297 23729 I art     : Explicit concurrent mark sweep GC freed 1296(75KB) AllocSpace objects, 1(20KB) LOS objects, 37% free, 26MB/42MB, paused 384us total 35.493ms
08-04 13:18:47.238   512  2967 I soundtrigger: audio_extn_sound_trigger_update_device_status: device 0x2 of type 0 for Event 0
08-04 13:18:47.246 23297 23729 I art     : Starting a blocking GC Explicit
08-04 13:18:47.278 23297 23729 I art     : Explicit concurrent mark sweep GC freed 20(688B) AllocSpace objects, 0(0B) LOS objects, 37% free, 26MB/42MB, paused 412us total 32.204ms
08-04 13:18:47.290 23297 23729 I art     : Starting a blocking GC Explicit
08-04 13:18:47.324 23297 23729 I art     : Explicit concurrent mark sweep GC freed 3(96B) AllocSpace objects, 0(0B) LOS objects, 37% free, 26MB/42MB, paused 462us total 33.781ms
08-04 13:18:47.336 23297 23729 I art     : Starting a blocking GC Explicit
08-04 13:18:47.370 23297 23729 I art     : Explicit concurrent mark sweep GC freed 3(96B) AllocSpace objects, 0(0B) LOS objects, 37% free, 26MB/42MB, paused 412us total 33.961ms
08-04 13:18:47.383 23297 23729 I art     : Starting a blocking GC Explicit
08-04 13:18:47.418 23297 23729 I art     : Explicit concurrent mark sweep GC freed 5(160B) AllocSpace objects, 0(0B) LOS objects, 37% free, 26MB/42MB, paused 413us total 34.834ms
08-04 13:18:47.418 23297 23307 I art     : WaitForGcToComplete blocked for 35.075ms for cause HeapTrim
08-04 13:18:47.735 23297 23554 I art     : Starting a blocking GC Explicit
08-04 13:18:47.792 23297 23554 I art     : Explicit concurrent mark sweep GC freed 1293(75KB) AllocSpace objects, 1(20KB) LOS objects, 37% free, 26MB/42MB, paused 461us total 56.209ms
08-04 13:18:47.810 23297 23554 I art     : Starting a blocking GC Explicit
08-04 13:18:47.844 23297 23554 I art     : Explicit concurrent mark sweep GC freed 18(624B) AllocSpace objects, 0(0B) LOS objects, 37% free, 26MB/42MB, paused 471us total 34.529ms
08-04 13:18:47.857 23297 23554 I art     : Starting a blocking GC Explicit
08-04 13:18:47.892 23297 23554 I art     : Explicit concurrent mark sweep GC freed 3(96B) AllocSpace objects, 0(0B) LOS objects, 37% free, 26MB/42MB, paused 534us total 34.587ms
08-04 13:18:47.905 23297 23554 I art     : Starting a blocking GC Explicit
08-04 13:18:47.938 23297 23554 I art     : Explicit concurrent mark sweep GC freed 3(96B) AllocSpace objects, 0(0B) LOS objects, 37% free, 26MB/42MB, paused 605us total 33.308ms
08-04 13:18:47.951 23297 23554 I art     : Starting a blocking GC Explicit
08-04 13:18:47.984 23297 23554 I art     : Explicit concurrent mark sweep GC freed 3(96B) AllocSpace objects, 0(0B) LOS objects, 37% free, 26MB/42MB, paused 407us total 33.535ms
08-04 13:18:48.271 23297 23309 I art     : Starting a blocking GC Explicit
08-04 13:18:48.285 24873 24873 D AndroidRuntime: >>>>>> START com.android.internal.os.RuntimeInit uid 2000 <<<<<<
08-04 13:18:48.290 24873 24873 D AndroidRuntime: CheckJNI is OFF
08-04 13:18:48.309 23297 23309 I art     : Explicit concurrent mark sweep GC freed 1295(75KB) AllocSpace objects, 1(20KB) LOS objects, 37% free, 26MB/42MB, paused 587us total 37.575ms
08-04 13:18:48.321 23297 23309 I art     : Starting a blocking GC Explicit
08-04 13:18:48.329 24873 24873 D ICU     : No timezone override file found: /data/misc/zoneinfo/current/icu/icu_tzdata.dat
08-04 13:18:48.354 23297 23309 I art     : Explicit concurrent mark sweep GC freed 24(816B) AllocSpace objects, 0(0B) LOS objects, 37% free, 26MB/42MB, paused 391us total 32.309ms
08-04 13:18:48.362 24873 24873 I Radio-JNI: register_android_hardware_Radio DONE
08-04 13:18:48.365 23297 23309 I art     : Starting a blocking GC Explicit
08-04 13:18:48.383 24873 24873 D AndroidRuntime: Calling main entry com.android.commands.input.Input
08-04 13:18:48.387 24873 24873 I Input   : injectMotionEvent: MotionEvent { action=ACTION_DOWN, actionButton=0, id[0]=0, x[0]=360.0, y[0]=1098.0, toolType[0]=TOOL_TYPE_UNKNOWN, buttonState=0, metaState=0, flags=0x0, edgeFlags=0x0, pointerCount=1, historySize=0, eventTime=710344800, downTime=710344800, deviceId=0, source=0x1002 }
08-04 13:18:48.392 24873 24873 I Input   : injectMotionEvent: MotionEvent { action=ACTION_UP, actionButton=0, id[0]=0, x[0]=360.0, y[0]=1098.0, toolType[0]=TOOL_TYPE_UNKNOWN, buttonState=0, metaState=0, flags=0x0, edgeFlags=0x0, pointerCount=1, historySize=0, eventTime=710344800, downTime=710344800, deviceId=0, source=0x1002 }
08-04 13:18:48.393 24873 24873 D AndroidRuntime: Shutting down VM
08-04 13:18:48.396 23297 23309 I art     : Explicit concurrent mark sweep GC freed 13(384B) AllocSpace objects, 0(0B) LOS objects, 37% free, 26MB/42MB, paused 417us total 30.469ms
08-04 13:18:48.400 23297 23297 D MainActivity: NavigationItemSelected: Term dates
08-04 13:18:48.402   512  2967 D audio_hw_primary: out_set_parameters: enter: usecase(1: low-latency-playback) kvpairs: routing=2
08-04 13:18:48.408 23297 23309 I art     : Starting a blocking GC Explicit
08-04 13:18:48.415   512  2967 D audio_hw_primary: select_devices: out_snd_device(2: speaker) in_snd_device(0: none)
08-04 13:18:48.415   512  2967 D msm8974_platform: platform_send_audio_calibration: sending audio calibration for snd_device(2) acdb_id(15)
08-04 13:18:48.415   512  2967 I soundtrigger: audio_extn_sound_trigger_update_device_status: device 0x2 of type 0 for Event 1
08-04 13:18:48.431   512  2967 D audio_hw_primary: enable_snd_device: snd_device(2: speaker)
08-04 13:18:48.433   512  2967 D audio_hw_primary: enable_audio_route: apply and update mixer path: low-latency-playback speaker
08-04 13:18:48.440 23297 23309 I art     : Explicit concurrent mark sweep GC freed 538(20KB) AllocSpace objects, 0(0B) LOS objects, 37% free, 26MB/42MB, paused 549us total 31.460ms
08-04 13:18:48.455 23297 23309 I art     : Starting a blocking GC Explicit
08-04 13:18:48.485 23297 23309 I art     : Explicit concurrent mark sweep GC freed 203(12KB) AllocSpace objects, 0(0B) LOS objects, 37% free, 26MB/42MB, paused 478us total 30.667ms
08-04 13:18:48.763 23297 23310 I art     : Starting a blocking GC Explicit
08-04 13:18:48.804 23297 23310 I art     : Explicit concurrent mark sweep GC freed 1342(80KB) AllocSpace objects, 1(20KB) LOS objects, 37% free, 26MB/42MB, paused 581us total 41.064ms
08-04 13:18:48.818 23297 23310 I art     : Starting a blocking GC Explicit
08-04 13:18:48.836 13866 13866 I GoogleInputMethodServic: GoogleInputMethodService.onFinishInput():3138 
08-04 13:18:48.837 13866 13866 I GoogleInputMethodServic: GoogleInputMethodService.onStartInput():1808 
08-04 13:18:48.851 23297 23310 I art     : Explicit concurrent mark sweep GC freed 48(1744B) AllocSpace objects, 0(0B) LOS objects, 37% free, 26MB/42MB, paused 441us total 32.740ms
08-04 13:18:48.863 23297 23310 I art     : Starting a blocking GC Explicit
08-04 13:18:48.895 23297 23310 I art     : Explicit concurrent mark sweep GC freed 10(320B) AllocSpace objects, 0(0B) LOS objects, 37% free, 26MB/42MB, paused 400us total 31.772ms
08-04 13:18:48.907 23297 23310 I art     : Starting a blocking GC Explicit
08-04 13:18:48.939 23297 23310 I art     : Explicit concurrent mark sweep GC freed 9(288B) AllocSpace objects, 0(0B) LOS objects, 37% free, 26MB/42MB, paused 395us total 31.404ms
08-04 13:18:48.951 23297 23310 I art     : Starting a blocking GC Explicit
08-04 13:18:48.968   512  2967 D audio_hw_primary: disable_audio_route: reset and update mixer path: low-latency-playback speaker
08-04 13:18:48.969   512  2967 D audio_hw_primary: disable_snd_device: snd_device(2: speaker)
08-04 13:18:48.977   512  2967 I soundtrigger: audio_extn_sound_trigger_update_device_status: device 0x2 of type 0 for Event 0
08-04 13:18:48.983 23297 23310 I art     : Explicit concurrent mark sweep GC freed 8(256B) AllocSpace objects, 0(0B) LOS objects, 37% free, 26MB/42MB, paused 398us total 31.636ms
08-04 13:18:49.298 23297 23310 I art     : Starting a blocking GC Explicit
08-04 13:18:49.342 23297 23310 I art     : Explicit concurrent mark sweep GC freed 1374(78KB) AllocSpace objects, 1(20KB) LOS objects, 37% free, 26MB/42MB, paused 385us total 43.872ms
08-04 13:18:49.360 23297 23310 I art     : Starting a blocking GC Explicit
08-04 13:18:49.392 23297 23310 I art     : Explicit concurrent mark sweep GC freed 24(816B) AllocSpace objects, 0(0B) LOS objects, 37% free, 26MB/42MB, paused 367us total 30.863ms
08-04 13:18:49.404 23297 23310 I art     : Starting a blocking GC Explicit
08-04 13:18:49.435 23297 23310 I art     : Explicit concurrent mark sweep GC freed 8(256B) AllocSpace objects, 0(0B) LOS objects, 37% free, 26MB/42MB, paused 364us total 31.077ms
08-04 13:18:49.447 23297 23310 I art     : Starting a blocking GC Explicit
08-04 13:18:49.482 23297 23310 I art     : Explicit concurrent mark sweep GC freed 8(256B) AllocSpace objects, 0(0B) LOS objects, 37% free, 26MB/42MB, paused 390us total 34.508ms
08-04 13:18:49.495 23297 23310 I art     : Starting a blocking GC Explicit
08-04 13:18:49.529 23297 23310 I art     : Explicit concurrent mark sweep GC freed 9(288B) AllocSpace objects, 0(0B) LOS objects, 37% free, 26MB/42MB, paused 404us total 34.552ms
08-04 13:18:49.853 23297 23310 I art     : Starting a blocking GC Explicit
08-04 13:18:49.897 23297 23310 I art     : Explicit concurrent mark sweep GC freed 1338(76KB) AllocSpace objects, 1(20KB) LOS objects, 37% free, 26MB/42MB, paused 458us total 43.542ms
08-04 13:18:49.914 23297 23310 I art     : Starting a blocking GC Explicit
08-04 13:18:49.949 23297 23310 I art     : Explicit concurrent mark sweep GC freed 23(784B) AllocSpace objects, 0(0B) LOS objects, 37% free, 26MB/42MB, paused 430us total 34.943ms
08-04 13:18:49.963 23297 23310 I art     : Starting a blocking GC Explicit
08-04 13:18:49.997 23297 23310 I art     : Explicit concurrent mark sweep GC freed 9(288B) AllocSpace objects, 0(0B) LOS objects, 37% free, 26MB/42MB, paused 395us total 34.367ms
08-04 13:18:50.010 23297 23310 I art     : Starting a blocking GC Explicit
08-04 13:18:50.045 23297 23310 I art     : Explicit concurrent mark sweep GC freed 9(288B) AllocSpace objects, 0(0B) LOS objects, 37% free, 26MB/42MB, paused 365us total 34.306ms
08-04 13:18:50.059 23297 23310 I art     : Starting a blocking GC Explicit
08-04 13:18:50.090 23297 23310 I art     : Explicit concurrent mark sweep GC freed 15(480B) AllocSpace objects, 0(0B) LOS objects, 37% free, 26MB/42MB, paused 358us total 30.916ms
08-04 13:18:50.227   518   646 I ThermalEngine: ACTION: GPU - Setting GPU[0] to 450000000
08-04 13:18:50.439 23297 23729 I art     : Starting a blocking GC Explicit
08-04 13:18:50.488 23297 23729 I art     : Explicit concurrent mark sweep GC freed 1344(77KB) AllocSpace objects, 1(20KB) LOS objects, 37% free, 26MB/42MB, paused 669us total 48.723ms
08-04 13:18:50.505 23297 23729 I art     : Starting a blocking GC Explicit
08-04 13:18:50.552 23297 23729 I art     : Explicit concurrent mark sweep GC freed 18(624B) AllocSpace objects, 0(0B) LOS objects, 37% free, 26MB/42MB, paused 572us total 46.763ms
08-04 13:18:50.569 23297 23729 I art     : Starting a blocking GC Explicit
08-04 13:18:50.618 23297 23729 I art     : Explicit concurrent mark sweep GC freed 3(96B) AllocSpace objects, 0(0B) LOS objects, 37% free, 26MB/42MB, paused 686us total 48.773ms
08-04 13:18:50.635 23297 23729 I art     : Starting a blocking GC Explicit
08-04 13:18:50.680 23297 23729 I art     : Explicit concurrent mark sweep GC freed 3(96B) AllocSpace objects, 0(0B) LOS objects, 37% free, 26MB/42MB, paused 545us total 44.870ms
08-04 13:18:50.696 23297 23729 I art     : Starting a blocking GC Explicit
08-04 13:18:50.744 23297 23729 I art     : Explicit concurrent mark sweep GC freed 3(96B) AllocSpace objects, 0(0B) LOS objects, 37% free, 26MB/42MB, paused 579us total 47.733ms
08-04 13:18:51.139 23297 23309 I art     : Starting a blocking GC Explicit
08-04 13:18:51.189 23297 23309 I art     : Explicit concurrent mark sweep GC freed 1293(75KB) AllocSpace objects, 1(20KB) LOS objects, 37% free, 26MB/42MB, paused 573us total 49.624ms
08-04 13:18:51.206 23297 23309 I art     : Starting a blocking GC Explicit
08-04 13:18:51.255 23297 23309 I art     : Explicit concurrent mark sweep GC freed 18(624B) AllocSpace objects, 0(0B) LOS objects, 37% free, 26MB/42MB, paused 551us total 48.664ms
08-04 13:18:51.272 23297 23309 I art     : Starting a blocking GC Explicit
08-04 13:18:51.316 23297 23309 I art     : Explicit concurrent mark sweep GC freed 3(96B) AllocSpace objects, 0(0B) LOS objects, 37% free, 26MB/42MB, paused 554us total 44.342ms
08-04 13:18:51.333 23297 23309 I art     : Starting a blocking GC Explicit
08-04 13:18:51.382 23297 23309 I art     : Explicit concurrent mark sweep GC freed 3(96B) AllocSpace objects, 0(0B) LOS objects, 37% free, 26MB/42MB, paused 553us total 48.763ms
08-04 13:18:51.399 23297 23309 I art     : Starting a blocking GC Explicit
08-04 13:18:51.416   918  3188 I hubconnection: sensorhub said: 'set_bias 3: -5.9232, 0.0000, 0.0000'
08-04 13:18:51.445 23297 23309 I art     : Explicit concurrent mark sweep GC freed 3(96B) AllocSpace objects, 0(0B) LOS objects, 37% free, 26MB/42MB, paused 556us total 46.400ms
08-04 13:18:51.684 13866 13882 I PeriodicStatsRunner: PeriodicStatsRunner.call():175 call()
08-04 13:18:51.685 13866 13882 I PeriodicStatsRunner: PeriodicStatsRunner.call():179 No submit PeriodicStats since input started.
08-04 13:18:51.808 23297 23554 I art     : Starting a blocking GC Explicit
08-04 13:18:51.863 23297 23554 I art     : Explicit concurrent mark sweep GC freed 1293(75KB) AllocSpace objects, 1(20KB) LOS objects, 37% free, 26MB/42MB, paused 605us total 54.579ms
08-04 13:18:51.884 23297 23554 I art     : Starting a blocking GC Explicit
08-04 13:18:51.930 23297 23554 I art     : Explicit concurrent mark sweep GC freed 18(624B) AllocSpace objects, 0(0B) LOS objects, 37% free, 26MB/42MB, paused 577us total 45.416ms
08-04 13:18:51.947 23297 23554 I art     : Starting a blocking GC Explicit
08-04 13:18:51.994 23297 23554 I art     : Explicit concurrent mark sweep GC freed 3(96B) AllocSpace objects, 0(0B) LOS objects, 37% free, 26MB/42MB, paused 570us total 46.759ms
08-04 13:18:52.011 23297 23554 I art     : Starting a blocking GC Explicit
08-04 13:18:52.057 23297 23554 I art     : Explicit concurrent mark sweep GC freed 3(96B) AllocSpace objects, 0(0B) LOS objects, 37% free, 26MB/42MB, paused 640us total 46.547ms
08-04 13:18:52.074 23297 23554 I art     : Starting a blocking GC Explicit
08-04 13:18:52.124 23297 23554 I art     : Explicit concurrent mark sweep GC freed 3(96B) AllocSpace objects, 0(0B) LOS objects, 37% free, 26MB/42MB, paused 564us total 49.350ms
08-04 13:18:52.233   518   646 I ThermalEngine: ACTION: GPU - Setting GPU[0] to 510000000
08-04 13:18:52.476 23297 23310 I art     : Starting a blocking GC Explicit
08-04 13:18:52.522 23297 23310 I art     : Explicit concurrent mark sweep GC freed 1293(75KB) AllocSpace objects, 1(20KB) LOS objects, 37% free, 26MB/42MB, paused 420us total 45.563ms
08-04 13:18:52.541 23297 23310 I art     : Starting a blocking GC Explicit
08-04 13:18:52.578 23297 23310 I art     : Explicit concurrent mark sweep GC freed 18(624B) AllocSpace objects, 0(0B) LOS objects, 37% free, 26MB/42MB, paused 448us total 36.565ms
08-04 13:18:52.590 23297 23310 I art     : Starting a blocking GC Explicit
08-04 13:18:52.626 23297 23310 I art     : Explicit concurrent mark sweep GC freed 3(96B) AllocSpace objects, 0(0B) LOS objects, 37% free, 26MB/42MB, paused 396us total 35.084ms
08-04 13:18:52.639 23297 23310 I art     : Starting a blocking GC Explicit
08-04 13:18:52.672 23297 23310 I art     : Explicit concurrent mark sweep GC freed 3(96B) AllocSpace objects, 0(0B) LOS objects, 37% free, 26MB/42MB, paused 413us total 33.224ms
08-04 13:18:52.684 23297 23310 I art     : Starting a blocking GC Explicit
08-04 13:18:52.717 23297 23310 I art     : Explicit concurrent mark sweep GC freed 3(96B) AllocSpace objects, 0(0B) LOS objects, 37% free, 26MB/42MB, paused 479us total 32.759ms
08-04 13:18:53.024 23297 23729 I art     : Starting a blocking GC Explicit
08-04 13:18:53.067 23297 23729 I art     : Explicit concurrent mark sweep GC freed 1293(75KB) AllocSpace objects, 1(20KB) LOS objects, 37% free, 26MB/42MB, paused 483us total 42.606ms
08-04 13:18:53.084 23297 23729 I art     : Starting a blocking GC Explicit
08-04 13:18:53.113 24973 24973 D AndroidRuntime: >>>>>> START com.android.internal.os.RuntimeInit uid 2000 <<<<<<
08-04 13:18:53.118 24973 24973 D AndroidRuntime: CheckJNI is OFF
08-04 13:18:53.120 23297 23729 I art     : Explicit concurrent mark sweep GC freed 18(624B) AllocSpace objects, 0(0B) LOS objects, 37% free, 26MB/42MB, paused 465us total 35.352ms
08-04 13:18:53.132 23297 23729 I art     : Starting a blocking GC Explicit
08-04 13:18:53.153 24973 24973 D ICU     : No timezone override file found: /data/misc/zoneinfo/current/icu/icu_tzdata.dat
08-04 13:18:53.166 23297 23729 I art     : Explicit concurrent mark sweep GC freed 3(96B) AllocSpace objects, 0(0B) LOS objects, 37% free, 26MB/42MB, paused 406us total 33.563ms
08-04 13:18:53.178 23297 23729 I art     : Starting a blocking GC Explicit
08-04 13:18:53.189 24973 24973 I Radio-JNI: register_android_hardware_Radio DONE
08-04 13:18:53.210 24973 24973 D AndroidRuntime: Calling main entry com.android.commands.am.Am
08-04 13:18:53.211 23297 23729 I art     : Explicit concurrent mark sweep GC freed 3(96B) AllocSpace objects, 0(0B) LOS objects, 37% free, 26MB/42MB, paused 442us total 32.989ms
08-04 13:18:53.221  2375  2375 I Trepn   : Trepn 6.2s: Received intent: com.quicinc.trepn.stop_profiling
08-04 13:18:53.223 23297 23729 I art     : Starting a blocking GC Explicit
08-04 13:18:53.253 23297 23729 I art     : Explicit concurrent mark sweep GC freed 3(96B) AllocSpace objects, 0(0B) LOS objects, 37% free, 26MB/42MB, paused 384us total 30.587ms
08-04 13:18:53.264  2375  2375 I Trepn   : Trepn 6.2s: Trepn has Stopped Profiling.
08-04 13:18:53.459 24973 24973 D AndroidRuntime: Shutting down VM
08-04 13:18:53.463   918   929 W AppOps  : Finishing op nesting under-run: uid 10078 pkg com.quicinc.trepn code 24 time=0 duration=0 nesting=0
08-04 13:18:53.553 23297 23309 I art     : Starting a blocking GC Explicit
08-04 13:18:53.585 23297 23309 I art     : Explicit concurrent mark sweep GC freed 1293(75KB) AllocSpace objects, 1(20KB) LOS objects, 37% free, 26MB/42MB, paused 382us total 31.381ms
08-04 13:18:53.597 23297 23309 I art     : Starting a blocking GC Explicit
08-04 13:18:53.632 23297 23309 I art     : Explicit concurrent mark sweep GC freed 18(624B) AllocSpace objects, 0(0B) LOS objects, 37% free, 26MB/42MB, paused 421us total 34.663ms
08-04 13:18:53.645 23297 23309 I art     : Starting a blocking GC Explicit
08-04 13:18:53.680 23297 23309 I art     : Explicit concurrent mark sweep GC freed 3(96B) AllocSpace objects, 0(0B) LOS objects, 37% free, 26MB/42MB, paused 441us total 35.318ms
08-04 13:18:53.694 23297 23309 I art     : Starting a blocking GC Explicit
08-04 13:18:53.726 23297 23309 I art     : Explicit concurrent mark sweep GC freed 3(96B) AllocSpace objects, 0(0B) LOS objects, 37% free, 26MB/42MB, paused 373us total 32.333ms
08-04 13:18:53.738 23297 23309 I art     : Starting a blocking GC Explicit
08-04 13:18:53.769 23297 23309 I art     : Explicit concurrent mark sweep GC freed 3(96B) AllocSpace objects, 0(0B) LOS objects, 37% free, 26MB/42MB, paused 366us total 31.352ms
08-04 13:18:53.837 13866 13882 I PeriodicStatsRunner: PeriodicStatsRunner.call():175 call()
08-04 13:18:53.837 13866 13882 I PeriodicStatsRunner: PeriodicStatsRunner.call():179 No submit PeriodicStats since input started.
