--------- beginning of main
08-04 11:59:17.942   918   930 W ResourceType: ResTable_typeSpec entry count inconsistent: given 37, previously 42
08-04 11:59:17.942   918   930 W ResourceType: ResTable_typeSpec entry count inconsistent: given 2527, previously 2530
08-04 11:59:17.943   918   930 W ResourceType: ResTable_typeSpec entry count inconsistent: given 2542, previously 2545
08-04 11:59:17.943   918   930 W ResourceType: ResTable_typeSpec entry count inconsistent: given 303, previously 1691
08-04 11:59:17.943   918  5952 I AccountManagerService: getTypesVisibleToCaller: isPermitted? true
08-04 11:59:17.947 24365 15803 I Fitness : FitCleanupIntentOperation received Intent android.intent.action.PACKAGE_REMOVED [CONTEXT service_id=17 ]
08-04 11:59:17.950 32231 32231 I Finsky  : [1] uah.a(18): PackageMonitorReceiverImpl - Received: android.intent.action.PACKAGE_REMOVED, [jsPREe6yOOhrMreoEvcpPvP36yUmihacpIgcKsaLph8]
08-04 11:59:17.950 32231 32231 I Finsky  : [1] ubi.d(9): Invalidating cached PackageState for baseline.com.ak.uobtimetable
08-04 11:59:17.954  3784  3784 D CarrierServiceBindHelper: Receive action: android.intent.action.PACKAGE_ADDED
08-04 11:59:17.954 32231 32231 I Finsky  : [1] lzi.c(2): Frosting ID looked up on UI thread. Caller should move to a background thread.
08-04 11:59:17.954  3784  3784 D CarrierServiceBindHelper: Receive action: android.intent.action.PACKAGE_REPLACED
08-04 11:59:17.954  3784  3784 D CarrierServiceBindHelper: mHandler: 3
08-04 11:59:17.954  3784  3784 D CarrierServiceBindHelper: mHandler: 3
08-04 11:59:17.954  3784  3784 D CarrierServiceBindHelper: mHandler: 3
08-04 11:59:17.954  3784  3784 D CarrierConfigLoader: mHandler: 9 phoneId: 0
08-04 11:59:17.957 32231 32231 I Finsky  : [1] nqb.c(3): Installer: package baseline.com.ak.uobtimetable was removed. replacing: true
08-04 11:59:17.959 32231 32231 I Finsky  : [1] nra.a(188): Installer: Notifying status update. package=baseline.com.ak.uobtimetable, status=UNINSTALLED
08-04 11:59:17.959   918  3670 I AccountManagerService: getTypesVisibleToCaller: isPermitted? true
08-04 11:59:17.967 32231 32231 I Finsky  : [1] lzi.c(2): Frosting ID looked up on UI thread. Caller should move to a background thread.
08-04 11:59:17.973 32231 15810 I Finsky  : [5887] ejf.a(-1): Cancelled 0 ongoing asset module downloads for package baseline.com.ak.uobtimetable due to a concurrent app update.
08-04 11:59:17.980 32231 32231 I Finsky  : [1] nra.a(220): Installer: found apps to install. isMultiUserMode=false, apps=[]
08-04 11:59:18.001 32231 15807 I Finsky  : [5885] lyv.run(-1): Wrote row to frosting DB: 2248
08-04 11:59:18.006 32231 32350 I Finsky  : [5755] odj.b(52): IQ: Notifying installation update. package=baseline.com.ak.uobtimetable, status=UNINSTALLED
08-04 11:59:18.009 24577 15804 I Auth    : [SupervisedAccountIntentOperation] onHandleIntent(): android.intent.action.PACKAGE_ADDED
08-04 11:59:18.010 24577 15806 I ChromeSync: [Sync,SyncIntentOperation] Handling the intent: Intent { act=android.intent.action.PACKAGE_ADDED dat=package:baseline.com.ak.uobtimetable flg=0x4000010 cmp=com.google.android.gms/.chimera.GmsIntentOperationService (has extras) }.
--------- beginning of system
08-04 11:59:18.011   918  6112 W ActivityManager: Unable to start service Intent { act=com.google.android.gms.auth.key.retrieval.service.START pkg=com.google.android.gms } U=0: not found
08-04 11:59:18.012   918  5952 W ActivityManager: Unbind failed: could not find connection for android.os.BinderProxy@313f7ac
08-04 11:59:18.012 24577 24621 E GmsClient: unable to connect to service: com.google.android.gms.auth.key.retrieval.service.START on com.google.android.gms
08-04 11:59:18.013 32231 32231 I Finsky  : [1] uah.a(18): PackageMonitorReceiverImpl - Received: android.intent.action.PACKAGE_ADDED, [jsPREe6yOOhrMreoEvcpPvP36yUmihacpIgcKsaLph8]
08-04 11:59:18.013 32231 32231 I Finsky  : [1] ubi.d(9): Invalidating cached PackageState for baseline.com.ak.uobtimetable
08-04 11:59:18.023 32231 32231 I Finsky  : [1] lzi.c(2): Frosting ID looked up on UI thread. Caller should move to a background thread.
08-04 11:59:18.028 32231 15809 I Finsky  : [5886] gzn.a(-1): [ContentSync] finished, scheduled=false
08-04 11:59:18.031 32231 15807 I Finsky  : [5885] lyv.run(-1): Wrote row to frosting DB: 2249
08-04 11:59:18.044 32231 32231 I Finsky  : [1] agsx.a(4): Do not start WearSupportService due to Wear service optimization
08-04 11:59:18.049 32231 15807 I Finsky  : [5885] lyv.run(-1): Wrote row to frosting DB: 2250
08-04 11:59:18.050 32231 32350 I Finsky  : [5755] odj.b(40): IQ: No matching installs to run for jobs: []
08-04 11:59:18.051   918  3359 I AccountManagerService: getTypesVisibleToCaller: isPermitted? true
08-04 11:59:18.052 32231 15810 I Finsky  : [5887] ejc.a(-1): Asset module broadcast after update successful for package baseline.com.ak.uobtimetable. 0 sessions broadcast.
08-04 11:59:18.052 24577 15806 I ChromeSync: [Persistence,AffiliationManager] One of affiliation or grouping data for android://bz0hZa4nAJEtd0n5sRlXG7KAqctUMWVefv7Ki4mh1p6slZ9YO-n9gS9j8m9YCrsIyI2wIxrDHraumF9Y6pBLTA==@baseline.com.ak.uobtimetable/ was not found. Marking affiliation data as stale...
08-04 11:59:18.055 32231 32231 I Finsky  : [1] lzi.c(2): Frosting ID looked up on UI thread. Caller should move to a background thread.
08-04 11:59:18.080   918  3714 I AccountManagerService: getTypesVisibleToCaller: isPermitted? true
08-04 11:59:18.082 24577 13316 I Icing   : IndexChimeraService.getServiceInterface callingPackage=com.google.android.gms componentName=AppsCorpus serviceId=36
08-04 11:59:18.093 24577 15805 I FontLog : Package baseline.com.ak.uobtimetable has no metadata [CONTEXT service_id=132 ]
08-04 11:59:18.099 24577 22341 W Icing   : No valid account for uploading user actions
08-04 11:59:18.101 32231 15807 I Finsky  : [5885] lyv.run(-1): Wrote row to frosting DB: 2251
08-04 11:59:18.129   918  6112 I AccountManagerService: getTypesVisibleToCaller: isPermitted? true
08-04 11:59:18.133 24577 22341 I Icing   : Usage reports ok 0, Failed Usage reports 0, indexed 0, rejected 0
08-04 11:59:18.133 24577 13294 I Icing   : IndexChimeraService.getServiceInterface callingPackage=com.google.android.gms componentName=null serviceId=30
08-04 11:59:18.142 24577 22341 W Icing   : No valid account for uploading user actions
08-04 11:59:18.158 24577 22341 I Icing   : Usage reports ok 0, Failed Usage reports 0, indexed 0, rejected 0
08-04 11:59:18.159 24577 22341 I Icing   : Indexing com.google.android.gms-internal.3p:MobileApplication from com.google.android.gms using seqno 763
08-04 11:59:18.161 24577 22341 I Icing   : Indexing com.google.android.gms-internal.3p:MobileApplication from com.google.android.gms using seqno 763
08-04 11:59:18.366 32231 32231 I Finsky  : [1] xmu.a(8): SCH: Jobs in database: 1-1337 3-191 3-192 12-1 24-77777777 26-1414141414 
08-04 11:59:18.369 32231 32231 I Finsky  : [1] xio.a(57): SCH: ConstraintMapping: 24-77777777,  -> L: 0ms, D: 33042469ms, C: false, I: true, N: 0
08-04 11:59:18.369 32231 32231 I Finsky  : [1] xio.a(57): SCH: ConstraintMapping: 1-1337, 12-1,  -> L: 14604ms, D: 36394545ms, C: false, I: false, N: 1
08-04 11:59:18.370 32231 32231 I Finsky  : [1] xio.a(57): SCH: ConstraintMapping: 3-191,  -> L: 0ms, D: 77104417ms, C: false, I: true, N: 2
08-04 11:59:18.370 32231 32231 I Finsky  : [1] xio.a(57): SCH: ConstraintMapping: 3-192,  -> L: 0ms, D: 77104490ms, C: true, I: true, N: 2
08-04 11:59:18.371 32231 32231 I Finsky  : [1] xio.a(57): SCH: ConstraintMapping: 26-1414141414,  -> L: 40507669ms, D: 41407669ms, C: false, I: false, N: 0
08-04 11:59:18.374 32231 15809 I Finsky  : [5886] gzn.a(-1): [ContentSync] finished, scheduled=true
08-04 11:59:18.389 32231 32231 I Finsky  : [1] xle.a(34): Cancelling existing jobscheduler jobs: 9015 9013 9011 9010 9009 9000 9007 9008 9002 9012 
08-04 11:59:18.389 32231 32231 I Finsky  : [1] xle.a(27): Scheduling job Id: 9001, L: 0, D: 33042469, C: false, I: true, N: 0
08-04 11:59:18.391 32231 32231 I Finsky  : [1] xle.a(27): Scheduling job Id: 9003, L: 14604, D: 36394545, C: false, I: false, N: 1
08-04 11:59:18.394 32231 32231 I Finsky  : [1] xle.a(27): Scheduling job Id: 9004, L: 0, D: 77104417, C: false, I: true, N: 2
08-04 11:59:18.395 32231 32231 I Finsky  : [1] xle.a(27): Scheduling job Id: 9005, L: 0, D: 77104490, C: true, I: true, N: 2
08-04 11:59:18.397 32231 32231 I Finsky  : [1] xle.a(27): Scheduling job Id: 9006, L: 40507669, D: 41407669, C: false, I: false, N: 0
08-04 11:59:18.399 32231 32231 I Finsky  : [1] xle.a(27): Scheduling job Id: 9014, L: 0, D: 33042469, C: false, I: true, N: 0
08-04 11:59:18.401 32231 32231 I Finsky  : [1] xle.a(27): Scheduling job Id: 9016, L: 14604, D: 36394545, C: false, I: false, N: 1
08-04 11:59:18.402 32231 32231 I Finsky  : [1] xle.a(27): Scheduling job Id: 9017, L: 0, D: 77104417, C: false, I: true, N: 2
08-04 11:59:18.403 32231 32231 I Finsky  : [1] xle.a(27): Scheduling job Id: 9018, L: 0, D: 77104490, C: true, I: true, N: 2
08-04 11:59:18.405 32231 32231 I Finsky  : [1] xle.a(27): Scheduling job Id: 9019, L: 40507669, D: 41407669, C: false, I: false, N: 0
08-04 11:59:18.490 15833 15833 D AndroidRuntime: >>>>>> START com.android.internal.os.RuntimeInit uid 2000 <<<<<<
08-04 11:59:18.497 15833 15833 D AndroidRuntime: CheckJNI is OFF
08-04 11:59:18.529 15833 15833 D ICU     : No timezone override file found: /data/misc/zoneinfo/current/icu/icu_tzdata.dat
08-04 11:59:18.561 15833 15833 I Radio-JNI: register_android_hardware_Radio DONE
08-04 11:59:18.579 15833 15833 D AndroidRuntime: Calling main entry com.android.commands.monkey.Monkey
08-04 11:59:18.595   918   931 W BroadcastQueue: Skipping deliver [background] BroadcastRecord{330310 u-1 android.net.conn.CONNECTIVITY_CHANGE} to ReceiverList{f075e09 15833 (unknown name)/2000/u-1 remote:2f781c2}: process crashing
08-04 11:59:18.606   918  4400 I ActivityManager: START u0 {act=android.intent.action.MAIN cat=[android.intent.category.LAUNCHER] flg=0x10200000 cmp=baseline.com.ak.uobtimetable/.MainActivity} from uid 2000 on display 0
08-04 11:59:18.647   918  6029 I ActivityManager: Start proc 15843:baseline.com.ak.uobtimetable/u0a659 for activity baseline.com.ak.uobtimetable/.MainActivity
08-04 11:59:18.649 15843 15843 I art     : Late-enabling -Xcheck:jni
08-04 11:59:18.668 15833 15833 I art     : System.exit called, status: 0
08-04 11:59:18.669 15833 15833 I AndroidRuntime: VM exiting with result code 0.
08-04 11:59:18.714  2075  2450 I PBSessionCacheImpl: Deleted sessionId[9127543042550561] from persistence.
08-04 11:59:18.714 15843 15843 W System  : ClassLoader referenced unknown path: /data/app/baseline.com.ak.uobtimetable-2/lib/arm64
08-04 11:59:18.717  2075  2107 W SearchServiceCore: Abort, client detached.
08-04 11:59:18.717  2075  2107 I MicroDetectionState: Should stop hotword detection immediately - true
08-04 11:59:18.724 15843 15843 E Application: Can't init Bugsnag - No key
08-04 11:59:18.724 15843 15843 E Application: java.lang.Exception: Can't init Bugsnag - No key
08-04 11:59:18.724 15843 15843 E Application: 	at baseline.com.ak.uobtimetable.Utilities.Logging.Logger.error(Logger.java:79)
08-04 11:59:18.724 15843 15843 E Application: 	at baseline.com.ak.uobtimetable.MyApplication.onCreate(MyApplication.java:52)
08-04 11:59:18.724 15843 15843 E Application: 	at android.app.Instrumentation.callApplicationOnCreate(Instrumentation.java:1013)
08-04 11:59:18.724 15843 15843 E Application: 	at android.app.ActivityThread.handleBindApplication(ActivityThread.java:4707)
08-04 11:59:18.724 15843 15843 E Application: 	at android.app.ActivityThread.-wrap1(ActivityThread.java)
08-04 11:59:18.724 15843 15843 E Application: 	at android.app.ActivityThread$H.handleMessage(ActivityThread.java:1405)
08-04 11:59:18.724 15843 15843 E Application: 	at android.os.Handler.dispatchMessage(Handler.java:102)
08-04 11:59:18.724 15843 15843 E Application: 	at android.os.Looper.loop(Looper.java:148)
08-04 11:59:18.724 15843 15843 E Application: 	at android.app.ActivityThread.main(ActivityThread.java:5417)
08-04 11:59:18.724 15843 15843 E Application: 	at java.lang.reflect.Method.invoke(Native Method)
08-04 11:59:18.724 15843 15843 E Application: 	at com.android.internal.os.ZygoteInit$MethodAndArgsCaller.run(ZygoteInit.java:726)
08-04 11:59:18.724 15843 15843 E Application: 	at com.android.internal.os.ZygoteInit.main(ZygoteInit.java:616)
08-04 11:59:18.728 15843 15843 I Application: API level: 23
08-04 11:59:18.729 15843 15843 I Application: API level name: M
08-04 11:59:18.730 15843 15843 I Application: Target API level: 29
08-04 11:59:18.730 15843 15843 I Application: Git commit hash: d26bf1fa
08-04 11:59:18.730 15843 15843 I Application: Git branch: master
08-04 11:59:18.730 15843 15843 I Application: Build type: Debug
08-04 11:59:18.734 15843 15843 I Application: Build keys: Release
08-04 11:59:18.735 15843 15843 I Application: Version code: 21
08-04 11:59:18.735 15843 15843 I Application: Version name: 2.5
08-04 11:59:18.736 15843 15843 I Application: Build date: 22:30 03/08/20
08-04 11:59:18.737 15843 15843 I Application: Package update date: 23:10 03/08/20
08-04 11:59:18.738 15843 15843 I SettingsManager: Getting int: launchCount
08-04 11:59:18.738 15843 15843 I SettingsManager: Setting int: launchCount
08-04 11:59:18.745   918  6110 W BackupManagerService: dataChanged but no participant pkg='baseline.com.ak.uobtimetable' uid=10659
08-04 11:59:18.745 15843 15843 I Application: Launch count: 1
08-04 11:59:18.747 15843 15843 I Application: Network: TYPE_WIFI
08-04 11:59:18.747 15843 15843 I Application: Tablet layout: false
08-04 11:59:18.759 15843 15843 W art     : Before Android 4.1, method android.graphics.PorterDuffColorFilter androidx.vectordrawable.graphics.drawable.VectorDrawableCompat.updateTintFilter(android.graphics.PorterDuffColorFilter, android.content.res.ColorStateList, android.graphics.PorterDuff$Mode) would have incorrectly overridden the package-private method in android.graphics.drawable.Drawable
08-04 11:59:18.772 15843 15843 I art     : Rejecting re-init on previously-failed class java.lang.Class<androidx.core.view.ViewCompat$OnUnhandledKeyEventListenerWrapper>
08-04 11:59:18.772 15843 15843 I art     : Rejecting re-init on previously-failed class java.lang.Class<androidx.core.view.ViewCompat$OnUnhandledKeyEventListenerWrapper>
08-04 11:59:18.834 15843 15843 D MainActivity: onCreate
08-04 11:59:18.834 15843 15843 I SettingsManager: Getting string: savedSessions
08-04 11:59:18.834 15843 15843 I Settings: No saved sessions
08-04 11:59:18.874 15843 15843 I SettingsManager: Getting string: savedCourse
08-04 11:59:18.876   918  5132 I ActivityManager: START u0 {flg=0x14000000 cmp=baseline.com.ak.uobtimetable/.WelcomeActivity} from uid 10659 on display 0
08-04 11:59:18.891 15843 15843 D MainActivity: OnResume
08-04 11:59:18.898 15843 15858 D OpenGLRenderer: Use EGL_SWAP_BEHAVIOR_PRESERVED: true
08-04 11:59:18.905 15843 15843 D MainActivity: OnPause
08-04 11:59:19.039 15843 15858 I Adreno  : QUALCOMM build                   : fcf4852, I1af360237c
08-04 11:59:19.039 15843 15858 I Adreno  : Build Date                       : 09/23/15
08-04 11:59:19.039 15843 15858 I Adreno  : OpenGL ES Shader Compiler Version: XE031.05.13.02
08-04 11:59:19.039 15843 15858 I Adreno  : Local Branch                     : mybranch14465806
08-04 11:59:19.039 15843 15858 I Adreno  : Remote Branch                    : quic/LA.BF64.1.2.9_v2
08-04 11:59:19.039 15843 15858 I Adreno  : Remote Branch                    : NONE
08-04 11:59:19.039 15843 15858 I Adreno  : Reconstruct Branch               : NOTHING
08-04 11:59:19.054 15843 15858 I OpenGLRenderer: Initialized EGL, version 1.4
08-04 11:59:19.144 24577 22341 I Icing   : Indexing com.google.android.gms-apps from com.google.android.gms
08-04 11:59:19.241 24577 22341 I Icing   : Indexing done com.google.android.gms-apps
08-04 11:59:19.294   918   936 I ActivityManager: Displayed baseline.com.ak.uobtimetable/.WelcomeActivity: +388ms (total +677ms)
08-04 11:59:19.299 13866 13866 I GoogleInputMethodServic: GoogleInputMethodService.onFinishInput():3138 
08-04 11:59:19.303 13866 13866 I GoogleInputMethodServic: GoogleInputMethodService.onStartInput():1808 
08-04 11:59:19.444 15843 15843 D MainActivity: Saving state
08-04 11:59:20.275 15875 15875 D AndroidRuntime: >>>>>> START com.android.internal.os.RuntimeInit uid 2000 <<<<<<
08-04 11:59:20.281 15875 15875 D AndroidRuntime: CheckJNI is OFF
08-04 11:59:20.312 15875 15875 D ICU     : No timezone override file found: /data/misc/zoneinfo/current/icu/icu_tzdata.dat
08-04 11:59:20.347 15875 15875 I Radio-JNI: register_android_hardware_Radio DONE
08-04 11:59:20.366 15875 15875 D AndroidRuntime: Calling main entry com.android.commands.am.Am
08-04 11:59:20.377  2375  2375 I Trepn   : Trepn 6.2s: Received intent: com.quicinc.trepn.start_profiling
08-04 11:59:20.505  2375  2375 W FileUtils: Failed to chmod(/storage/emulated/0/trepn/Trepn_2020.08.04_115920.db): android.system.ErrnoException: chmod failed: EPERM (Operation not permitted)
08-04 11:59:20.633  2375  2375 I Trepn   : Trepn 6.2s: Trepn has Started Profiling.
08-04 11:59:20.636 15875 15875 D AndroidRuntime: Shutting down VM
08-04 11:59:21.118 15843 15854 I art     : Starting a blocking GC Explicit
08-04 11:59:21.132 15843 15854 I art     : Explicit concurrent mark sweep GC freed 2532(386KB) AllocSpace objects, 2(1340KB) LOS objects, 40% free, 21MB/36MB, paused 102us total 14.077ms
08-04 11:59:21.139 15843 15854 I art     : Starting a blocking GC Explicit
08-04 11:59:21.150 15843 15854 I art     : Explicit concurrent mark sweep GC freed 336(15KB) AllocSpace objects, 0(0B) LOS objects, 40% free, 21MB/36MB, paused 100us total 10.668ms
08-04 11:59:21.156 15843 15854 I art     : Starting a blocking GC Explicit
08-04 11:59:21.166 15843 15854 I art     : Explicit concurrent mark sweep GC freed 3(96B) AllocSpace objects, 0(0B) LOS objects, 40% free, 21MB/36MB, paused 97us total 10.368ms
08-04 11:59:21.172 15843 15854 I art     : Starting a blocking GC Explicit
08-04 11:59:21.183 15843 15854 I art     : Explicit concurrent mark sweep GC freed 3(96B) AllocSpace objects, 0(0B) LOS objects, 40% free, 21MB/36MB, paused 90us total 10.049ms
08-04 11:59:21.189 15843 15854 I art     : Starting a blocking GC Explicit
08-04 11:59:21.199 15843 15854 I art     : Explicit concurrent mark sweep GC freed 3(96B) AllocSpace objects, 0(0B) LOS objects, 40% free, 21MB/36MB, paused 87us total 10.008ms
08-04 11:59:21.478 15843 15856 I art     : Starting a blocking GC Explicit
08-04 11:59:21.495 15843 15856 I art     : Explicit concurrent mark sweep GC freed 1271(74KB) AllocSpace objects, 1(20KB) LOS objects, 40% free, 21MB/36MB, paused 138us total 16.409ms
08-04 11:59:21.505 15843 15856 I art     : Starting a blocking GC Explicit
08-04 11:59:21.519 15843 15856 I art     : Explicit concurrent mark sweep GC freed 18(624B) AllocSpace objects, 0(0B) LOS objects, 40% free, 21MB/36MB, paused 122us total 13.552ms
08-04 11:59:21.527 15843 15856 I art     : Starting a blocking GC Explicit
08-04 11:59:21.538 15843 15856 I art     : Explicit concurrent mark sweep GC freed 3(96B) AllocSpace objects, 0(0B) LOS objects, 40% free, 21MB/36MB, paused 102us total 10.042ms
08-04 11:59:21.544 15843 15856 I art     : Starting a blocking GC Explicit
08-04 11:59:21.554 15843 15856 I art     : Explicit concurrent mark sweep GC freed 3(96B) AllocSpace objects, 0(0B) LOS objects, 40% free, 21MB/36MB, paused 99us total 10.205ms
08-04 11:59:21.561 15843 15856 I art     : Starting a blocking GC Explicit
08-04 11:59:21.571 15843 15856 I art     : Explicit concurrent mark sweep GC freed 3(96B) AllocSpace objects, 0(0B) LOS objects, 40% free, 21MB/36MB, paused 95us total 9.818ms
08-04 11:59:21.852 15843 15854 I art     : Starting a blocking GC Explicit
08-04 11:59:21.868 15843 15854 I art     : Explicit concurrent mark sweep GC freed 1270(74KB) AllocSpace objects, 1(20KB) LOS objects, 40% free, 21MB/36MB, paused 141us total 15.659ms
08-04 11:59:21.877 15843 15854 I art     : Starting a blocking GC Explicit
08-04 11:59:21.888 15843 15854 I art     : Explicit concurrent mark sweep GC freed 18(624B) AllocSpace objects, 0(0B) LOS objects, 40% free, 21MB/36MB, paused 98us total 10.648ms
08-04 11:59:21.894 15843 15854 I art     : Starting a blocking GC Explicit
08-04 11:59:21.905 15843 15854 I art     : Explicit concurrent mark sweep GC freed 3(96B) AllocSpace objects, 0(0B) LOS objects, 40% free, 21MB/36MB, paused 93us total 10.380ms
08-04 11:59:21.911 15843 15854 I art     : Starting a blocking GC Explicit
08-04 11:59:21.921 15843 15854 I art     : Explicit concurrent mark sweep GC freed 3(96B) AllocSpace objects, 0(0B) LOS objects, 40% free, 21MB/36MB, paused 90us total 9.780ms
08-04 11:59:21.927 15843 15854 I art     : Starting a blocking GC Explicit
08-04 11:59:21.937 15843 15854 I art     : Explicit concurrent mark sweep GC freed 3(96B) AllocSpace objects, 0(0B) LOS objects, 40% free, 21MB/36MB, paused 212us total 9.833ms
08-04 11:59:22.000   918  3261 D WifiStateMachine: starting scan for "H369AA63323"WPA_PSK with 2412,5180
08-04 11:59:22.228 15843 15856 I art     : Starting a blocking GC Explicit
08-04 11:59:22.244 15843 15856 I art     : Explicit concurrent mark sweep GC freed 1268(74KB) AllocSpace objects, 1(20KB) LOS objects, 40% free, 21MB/36MB, paused 134us total 16.219ms
08-04 11:59:22.253 15843 15856 I art     : Starting a blocking GC Explicit
08-04 11:59:22.262 15756 15756 I ServiceManager: Waiting for service AtCmdFwd...
08-04 11:59:22.265 15843 15856 I art     : Explicit concurrent mark sweep GC freed 18(624B) AllocSpace objects, 0(0B) LOS objects, 40% free, 21MB/36MB, paused 108us total 11.186ms
08-04 11:59:22.271 15843 15856 I art     : Starting a blocking GC Explicit
08-04 11:59:22.282 15843 15856 I art     : Explicit concurrent mark sweep GC freed 3(96B) AllocSpace objects, 0(0B) LOS objects, 40% free, 21MB/36MB, paused 101us total 10.576ms
08-04 11:59:22.288 15843 15856 I art     : Starting a blocking GC Explicit
08-04 11:59:22.298 15843 15856 I art     : Explicit concurrent mark sweep GC freed 3(96B) AllocSpace objects, 0(0B) LOS objects, 40% free, 21MB/36MB, paused 93us total 10.041ms
08-04 11:59:22.304 15843 15856 I art     : Starting a blocking GC Explicit
08-04 11:59:22.314 15843 15856 I art     : Explicit concurrent mark sweep GC freed 3(96B) AllocSpace objects, 0(0B) LOS objects, 40% free, 21MB/36MB, paused 90us total 9.929ms
08-04 11:59:22.604 15843 15854 I art     : Starting a blocking GC Explicit
08-04 11:59:22.622 15843 15854 I art     : Explicit concurrent mark sweep GC freed 1268(74KB) AllocSpace objects, 1(20KB) LOS objects, 40% free, 21MB/36MB, paused 124us total 17.480ms
08-04 11:59:22.634 15843 15854 I art     : Starting a blocking GC Explicit
08-04 11:59:22.645 15843 15854 I art     : Explicit concurrent mark sweep GC freed 18(624B) AllocSpace objects, 0(0B) LOS objects, 40% free, 21MB/36MB, paused 84us total 10.206ms
08-04 11:59:22.651 15843 15854 I art     : Starting a blocking GC Explicit
08-04 11:59:22.661 15843 15854 I art     : Explicit concurrent mark sweep GC freed 3(96B) AllocSpace objects, 0(0B) LOS objects, 40% free, 21MB/36MB, paused 82us total 10.176ms
08-04 11:59:22.667 15843 15854 I art     : Starting a blocking GC Explicit
08-04 11:59:22.676 15843 15854 I art     : Explicit concurrent mark sweep GC freed 3(96B) AllocSpace objects, 0(0B) LOS objects, 40% free, 21MB/36MB, paused 89us total 9.502ms
08-04 11:59:22.682 15843 15854 I art     : Starting a blocking GC Explicit
08-04 11:59:22.692 15843 15854 I art     : Explicit concurrent mark sweep GC freed 3(96B) AllocSpace objects, 0(0B) LOS objects, 40% free, 21MB/36MB, paused 95us total 9.833ms
08-04 11:59:22.966 15843 15856 I art     : Starting a blocking GC Explicit
08-04 11:59:22.979 15843 15856 I art     : Explicit concurrent mark sweep GC freed 1268(74KB) AllocSpace objects, 1(20KB) LOS objects, 40% free, 21MB/36MB, paused 107us total 12.519ms
08-04 11:59:22.985 15843 15856 I art     : Starting a blocking GC Explicit
08-04 11:59:22.996 15843 15856 I art     : Explicit concurrent mark sweep GC freed 18(624B) AllocSpace objects, 0(0B) LOS objects, 40% free, 21MB/36MB, paused 112us total 10.819ms
08-04 11:59:23.002 15843 15856 I art     : Starting a blocking GC Explicit
08-04 11:59:23.013 15843 15856 I art     : Explicit concurrent mark sweep GC freed 3(96B) AllocSpace objects, 0(0B) LOS objects, 40% free, 21MB/36MB, paused 95us total 10.478ms
08-04 11:59:23.019 15843 15856 I art     : Starting a blocking GC Explicit
08-04 11:59:23.029 15843 15856 I art     : Explicit concurrent mark sweep GC freed 3(96B) AllocSpace objects, 0(0B) LOS objects, 40% free, 21MB/36MB, paused 95us total 9.819ms
08-04 11:59:23.035 15843 15856 I art     : Starting a blocking GC Explicit
08-04 11:59:23.045 15843 15856 I art     : Explicit concurrent mark sweep GC freed 3(96B) AllocSpace objects, 0(0B) LOS objects, 40% free, 21MB/36MB, paused 96us total 9.765ms
08-04 11:59:23.263 15756 15756 I ServiceManager: Waiting for service AtCmdFwd...
08-04 11:59:23.352 15843 15854 I art     : Starting a blocking GC Explicit
08-04 11:59:23.368 15843 15854 I art     : Explicit concurrent mark sweep GC freed 1268(74KB) AllocSpace objects, 1(20KB) LOS objects, 40% free, 21MB/36MB, paused 130us total 15.531ms
08-04 11:59:23.378 15843 15854 I art     : Starting a blocking GC Explicit
08-04 11:59:23.392 15843 15854 I art     : Explicit concurrent mark sweep GC freed 18(624B) AllocSpace objects, 0(0B) LOS objects, 40% free, 21MB/36MB, paused 111us total 13.061ms
08-04 11:59:23.401 15843 15854 I art     : Starting a blocking GC Explicit
08-04 11:59:23.411 15843 15854 I art     : Explicit concurrent mark sweep GC freed 3(96B) AllocSpace objects, 0(0B) LOS objects, 40% free, 21MB/36MB, paused 88us total 9.904ms
08-04 11:59:23.417 15843 15854 I art     : Starting a blocking GC Explicit
08-04 11:59:23.428 15843 15854 I art     : Explicit concurrent mark sweep GC freed 3(96B) AllocSpace objects, 0(0B) LOS objects, 40% free, 21MB/36MB, paused 91us total 10.042ms
08-04 11:59:23.433 15843 15854 I art     : Starting a blocking GC Explicit
08-04 11:59:23.444 15843 15854 I art     : Explicit concurrent mark sweep GC freed 3(96B) AllocSpace objects, 0(0B) LOS objects, 40% free, 21MB/36MB, paused 93us total 10.044ms
08-04 11:59:23.736 15843 15856 I art     : Starting a blocking GC Explicit
08-04 11:59:23.751 15843 15856 I art     : Explicit concurrent mark sweep GC freed 1268(74KB) AllocSpace objects, 1(20KB) LOS objects, 40% free, 21MB/36MB, paused 142us total 14.823ms
08-04 11:59:23.762 15843 15856 I art     : Starting a blocking GC Explicit
08-04 11:59:23.775 15843 15856 I art     : Explicit concurrent mark sweep GC freed 18(624B) AllocSpace objects, 0(0B) LOS objects, 40% free, 21MB/36MB, paused 130us total 12.983ms
08-04 11:59:23.785 15843 15856 I art     : Starting a blocking GC Explicit
08-04 11:59:23.795 15843 15856 I art     : Explicit concurrent mark sweep GC freed 3(96B) AllocSpace objects, 0(0B) LOS objects, 40% free, 21MB/36MB, paused 99us total 10.209ms
08-04 11:59:23.801 15843 15856 I art     : Starting a blocking GC Explicit
08-04 11:59:23.811 15843 15856 I art     : Explicit concurrent mark sweep GC freed 3(96B) AllocSpace objects, 0(0B) LOS objects, 40% free, 21MB/36MB, paused 94us total 10.040ms
08-04 11:59:23.817 15843 15856 I art     : Starting a blocking GC Explicit
08-04 11:59:23.828 15843 15856 I art     : Explicit concurrent mark sweep GC freed 3(96B) AllocSpace objects, 0(0B) LOS objects, 40% free, 21MB/36MB, paused 95us total 10.245ms
08-04 11:59:24.115 15843 15854 I art     : Starting a blocking GC Explicit
08-04 11:59:24.127 15843 15854 I art     : Explicit concurrent mark sweep GC freed 1268(74KB) AllocSpace objects, 1(20KB) LOS objects, 40% free, 21MB/36MB, paused 144us total 12.157ms
08-04 11:59:24.137 15843 15854 I art     : Starting a blocking GC Explicit
08-04 11:59:24.150 15843 15854 I art     : Explicit concurrent mark sweep GC freed 18(624B) AllocSpace objects, 0(0B) LOS objects, 40% free, 21MB/36MB, paused 92us total 12.131ms
08-04 11:59:24.155 15843 15854 I art     : Starting a blocking GC Explicit
08-04 11:59:24.166 15843 15854 I art     : Explicit concurrent mark sweep GC freed 3(96B) AllocSpace objects, 0(0B) LOS objects, 40% free, 21MB/36MB, paused 88us total 10.298ms
08-04 11:59:24.172 15843 15854 I art     : Starting a blocking GC Explicit
08-04 11:59:24.182 15843 15854 I art     : Explicit concurrent mark sweep GC freed 3(96B) AllocSpace objects, 0(0B) LOS objects, 40% free, 21MB/36MB, paused 91us total 10.135ms
08-04 11:59:24.188 15843 15854 I art     : Starting a blocking GC Explicit
08-04 11:59:24.199 15843 15854 I art     : Explicit concurrent mark sweep GC freed 3(96B) AllocSpace objects, 0(0B) LOS objects, 40% free, 21MB/36MB, paused 94us total 10.332ms
08-04 11:59:24.264 15756 15756 I ServiceManager: Waiting for service AtCmdFwd...
08-04 11:59:24.300 13866 13882 I PeriodicStatsRunner: PeriodicStatsRunner.call():175 call()
08-04 11:59:24.300 13866 13882 I PeriodicStatsRunner: PeriodicStatsRunner.call():179 No submit PeriodicStats since input started.
08-04 11:59:24.475 15843 15856 I art     : Starting a blocking GC Explicit
08-04 11:59:24.487 15843 15856 I art     : Explicit concurrent mark sweep GC freed 1268(74KB) AllocSpace objects, 1(20KB) LOS objects, 40% free, 21MB/36MB, paused 246us total 11.721ms
08-04 11:59:24.494 15843 15856 I art     : Starting a blocking GC Explicit
08-04 11:59:24.503 15843 15856 I art     : Explicit concurrent mark sweep GC freed 18(624B) AllocSpace objects, 0(0B) LOS objects, 40% free, 21MB/36MB, paused 90us total 8.606ms
08-04 11:59:24.508 15843 15856 I art     : Starting a blocking GC Explicit
08-04 11:59:24.516 15843 15856 I art     : Explicit concurrent mark sweep GC freed 3(96B) AllocSpace objects, 0(0B) LOS objects, 40% free, 21MB/36MB, paused 127us total 8.161ms
08-04 11:59:24.521 15843 15856 I art     : Starting a blocking GC Explicit
08-04 11:59:24.530 15843 15856 I art     : Explicit concurrent mark sweep GC freed 3(96B) AllocSpace objects, 0(0B) LOS objects, 40% free, 21MB/36MB, paused 82us total 8.153ms
08-04 11:59:24.535 15843 15856 I art     : Starting a blocking GC Explicit
08-04 11:59:24.543 15843 15856 I art     : Explicit concurrent mark sweep GC freed 3(96B) AllocSpace objects, 0(0B) LOS objects, 40% free, 21MB/36MB, paused 86us total 8.053ms
08-04 11:59:24.796 15843 15854 I art     : Starting a blocking GC Explicit
08-04 11:59:24.812 15843 15854 I art     : Explicit concurrent mark sweep GC freed 1268(74KB) AllocSpace objects, 1(20KB) LOS objects, 40% free, 21MB/36MB, paused 111us total 15.144ms
08-04 11:59:24.821 15843 15854 I art     : Starting a blocking GC Explicit
08-04 11:59:24.832 15843 15854 I art     : Explicit concurrent mark sweep GC freed 18(624B) AllocSpace objects, 0(0B) LOS objects, 40% free, 21MB/36MB, paused 93us total 10.784ms
08-04 11:59:24.838 15843 15854 I art     : Starting a blocking GC Explicit
08-04 11:59:24.849 15843 15854 I art     : Explicit concurrent mark sweep GC freed 3(96B) AllocSpace objects, 0(0B) LOS objects, 40% free, 21MB/36MB, paused 94us total 10.259ms
08-04 11:59:24.855 15843 15854 I art     : Starting a blocking GC Explicit
08-04 11:59:24.864 15843 15854 I art     : Explicit concurrent mark sweep GC freed 3(96B) AllocSpace objects, 0(0B) LOS objects, 40% free, 21MB/36MB, paused 82us total 9.592ms
08-04 11:59:24.870 15843 15854 I art     : Starting a blocking GC Explicit
08-04 11:59:24.880 15843 15854 I art     : Explicit concurrent mark sweep GC freed 3(96B) AllocSpace objects, 0(0B) LOS objects, 40% free, 21MB/36MB, paused 89us total 9.548ms
08-04 11:59:25.178 15843 15856 I art     : Starting a blocking GC Explicit
08-04 11:59:25.194 15843 15856 I art     : Explicit concurrent mark sweep GC freed 1268(74KB) AllocSpace objects, 1(20KB) LOS objects, 40% free, 21MB/36MB, paused 129us total 14.940ms
08-04 11:59:25.203 15843 15856 I art     : Starting a blocking GC Explicit
08-04 11:59:25.215 15843 15856 I art     : Explicit concurrent mark sweep GC freed 18(624B) AllocSpace objects, 0(0B) LOS objects, 40% free, 21MB/36MB, paused 104us total 11.556ms
08-04 11:59:25.221 15843 15856 I art     : Starting a blocking GC Explicit
08-04 11:59:25.232 15843 15856 I art     : Explicit concurrent mark sweep GC freed 3(96B) AllocSpace objects, 0(0B) LOS objects, 40% free, 21MB/36MB, paused 95us total 10.508ms
08-04 11:59:25.238 15843 15856 I art     : Starting a blocking GC Explicit
08-04 11:59:25.248 15843 15856 I art     : Explicit concurrent mark sweep GC freed 3(96B) AllocSpace objects, 0(0B) LOS objects, 40% free, 21MB/36MB, paused 102us total 9.895ms
08-04 11:59:25.254 15843 15856 I art     : Starting a blocking GC Explicit
08-04 11:59:25.265 15756 15756 I ServiceManager: Waiting for service AtCmdFwd...
08-04 11:59:25.265 15843 15856 I art     : Explicit concurrent mark sweep GC freed 3(96B) AllocSpace objects, 0(0B) LOS objects, 40% free, 21MB/36MB, paused 88us total 10.011ms
08-04 11:59:25.509 15843 15854 I art     : Starting a blocking GC Explicit
08-04 11:59:25.520 15843 15854 I art     : Explicit concurrent mark sweep GC freed 1268(74KB) AllocSpace objects, 1(20KB) LOS objects, 40% free, 21MB/36MB, paused 97us total 11.101ms
08-04 11:59:25.526 15843 15854 I art     : Starting a blocking GC Explicit
08-04 11:59:25.536 15843 15854 I art     : Explicit concurrent mark sweep GC freed 18(624B) AllocSpace objects, 0(0B) LOS objects, 40% free, 21MB/36MB, paused 97us total 10.198ms
08-04 11:59:25.542 15843 15854 I art     : Starting a blocking GC Explicit
08-04 11:59:25.552 15843 15854 I art     : Explicit concurrent mark sweep GC freed 3(96B) AllocSpace objects, 0(0B) LOS objects, 40% free, 21MB/36MB, paused 89us total 9.587ms
08-04 11:59:25.558 15843 15854 I art     : Starting a blocking GC Explicit
08-04 11:59:25.567 15843 15854 I art     : Explicit concurrent mark sweep GC freed 3(96B) AllocSpace objects, 0(0B) LOS objects, 40% free, 21MB/36MB, paused 83us total 9.192ms
08-04 11:59:25.573 15843 15854 I art     : Starting a blocking GC Explicit
08-04 11:59:25.582 15843 15854 I art     : Explicit concurrent mark sweep GC freed 3(96B) AllocSpace objects, 0(0B) LOS objects, 40% free, 21MB/36MB, paused 85us total 9.468ms
08-04 11:59:25.761 16032 16032 D AndroidRuntime: >>>>>> START com.android.internal.os.RuntimeInit uid 2000 <<<<<<
08-04 11:59:25.766 16032 16032 D AndroidRuntime: CheckJNI is OFF
08-04 11:59:25.791 16032 16032 D ICU     : No timezone override file found: /data/misc/zoneinfo/current/icu/icu_tzdata.dat
08-04 11:59:25.816 16032 16032 I Radio-JNI: register_android_hardware_Radio DONE
08-04 11:59:25.832 16032 16032 D AndroidRuntime: Calling main entry com.android.commands.input.Input
08-04 11:59:25.834 16032 16032 I Input   : injectMotionEvent: MotionEvent { action=ACTION_DOWN, actionButton=0, id[0]=0, x[0]=711.0, y[0]=1664.0, toolType[0]=TOOL_TYPE_UNKNOWN, buttonState=0, metaState=0, flags=0x0, edgeFlags=0x0, pointerCount=1, historySize=0, eventTime=705582247, downTime=705582247, deviceId=0, source=0x1002 }
08-04 11:59:25.839 16032 16032 I Input   : injectMotionEvent: MotionEvent { action=ACTION_UP, actionButton=0, id[0]=0, x[0]=711.0, y[0]=1664.0, toolType[0]=TOOL_TYPE_UNKNOWN, buttonState=0, metaState=0, flags=0x0, edgeFlags=0x0, pointerCount=1, historySize=0, eventTime=705582247, downTime=705582247, deviceId=0, source=0x1002 }
08-04 11:59:25.840 16032 16032 D AndroidRuntime: Shutting down VM
08-04 11:59:25.847   918  3670 I ActivityManager: START u0 {flg=0x14000000 cmp=baseline.com.ak.uobtimetable/.CourseListActivity} from uid 10659 on display 0
08-04 11:59:25.848   512  2967 D audio_hw_primary: out_set_parameters: enter: usecase(1: low-latency-playback) kvpairs: routing=2
08-04 11:59:25.848 15843 15856 I art     : Starting a blocking GC Explicit
08-04 11:59:25.861   512  2967 D audio_hw_primary: select_devices: out_snd_device(2: speaker) in_snd_device(0: none)
08-04 11:59:25.861 15843 15856 I art     : Explicit concurrent mark sweep GC freed 1364(86KB) AllocSpace objects, 1(20KB) LOS objects, 40% free, 21MB/36MB, paused 101us total 12.453ms
08-04 11:59:25.861   512  2967 D msm8974_platform: platform_send_audio_calibration: sending audio calibration for snd_device(2) acdb_id(15)
08-04 11:59:25.861   512  2967 I soundtrigger: audio_extn_sound_trigger_update_device_status: device 0x2 of type 0 for Event 1
08-04 11:59:25.867 15843 15856 I art     : Starting a blocking GC Explicit
08-04 11:59:25.872   512  2967 D audio_hw_primary: enable_snd_device: snd_device(2: speaker)
08-04 11:59:25.875   512  2967 D audio_hw_primary: enable_audio_route: apply and update mixer path: low-latency-playback speaker
08-04 11:59:25.880 15843 15856 I art     : Explicit concurrent mark sweep GC freed 506(46KB) AllocSpace objects, 0(0B) LOS objects, 40% free, 21MB/36MB, paused 240us total 13.102ms
08-04 11:59:25.886 15843 15856 I art     : Starting a blocking GC Explicit
08-04 11:59:25.894 15843 15843 D CourseListActivity: onCreate
08-04 11:59:25.898 15843 15856 I art     : Explicit concurrent mark sweep GC freed 1556(99KB) AllocSpace objects, 0(0B) LOS objects, 40% free, 22MB/36MB, paused 585us total 11.783ms
08-04 11:59:25.904 15843 15856 I art     : Starting a blocking GC Explicit
08-04 11:59:25.917 15843 15856 I art     : Explicit concurrent mark sweep GC freed 929(88KB) AllocSpace objects, 0(0B) LOS objects, 40% free, 22MB/36MB, paused 1.159ms total 13.070ms
08-04 11:59:25.923 15843 15856 I art     : Starting a blocking GC Explicit
08-04 11:59:25.926 15843 16062 D HTTP    : Request for: https://uob-timetable-api.adriankeenan.co.uk/courses
08-04 11:59:25.936 15843 15856 I art     : Explicit concurrent mark sweep GC freed 575(57KB) AllocSpace objects, 0(0B) LOS objects, 40% free, 22MB/36MB, paused 383us total 11.968ms
08-04 11:59:25.979   918   936 I ActivityManager: Displayed baseline.com.ak.uobtimetable/.CourseListActivity: +124ms
08-04 11:59:25.980 13866 13866 I GoogleInputMethodServic: GoogleInputMethodService.onFinishInput():3138 
08-04 11:59:25.981 13866 13866 I GoogleInputMethodServic: GoogleInputMethodService.onStartInput():1808 
08-04 11:59:26.010 15843 15858 D OpenGLRenderer: endAllStagingAnimators on 0x7f949c9000 (RippleDrawable) with handle 0x7f9a1c3020
08-04 11:59:26.163 15843 16060 I art     : Starting a blocking GC Explicit
08-04 11:59:26.182 15843 16060 I art     : Explicit concurrent mark sweep GC freed 2667(179KB) AllocSpace objects, 1(20KB) LOS objects, 40% free, 22MB/37MB, paused 295us total 18.611ms
08-04 11:59:26.190 15843 16060 I art     : Starting a blocking GC Explicit
08-04 11:59:26.204 15843 16060 I art     : Explicit concurrent mark sweep GC freed 2149(177KB) AllocSpace objects, 3(200KB) LOS objects, 40% free, 22MB/37MB, paused 180us total 14.071ms
08-04 11:59:26.212 15843 16060 I art     : Starting a blocking GC Explicit
08-04 11:59:26.225 15843 16060 I art     : Explicit concurrent mark sweep GC freed 394(34KB) AllocSpace objects, 0(0B) LOS objects, 40% free, 22MB/37MB, paused 143us total 11.982ms
08-04 11:59:26.231 15843 16060 I art     : Starting a blocking GC Explicit
08-04 11:59:26.241 15843 16060 I art     : Explicit concurrent mark sweep GC freed 31(1360B) AllocSpace objects, 0(0B) LOS objects, 40% free, 22MB/37MB, paused 131us total 10.421ms
08-04 11:59:26.247 15843 16060 I art     : Starting a blocking GC Explicit
08-04 11:59:26.247 15843 16062 I NAPPA_EXPERIMENTATION: MetricNetworkRequestExecutionTime: REQUEST_DURATION_SYSTEM='318',REQUEST_DURATION_OKHTTP='35',REQUEST_SYNCHRONOUS='TRUE',RESPONSE_CODE='200',RESPONSE_METHOD='GET',RESPONSE_LENGTH_OKHTTP='-1',RESPONSE_LENGTH_HEADER='-2',REQUEST_PROTOCOL='http/1.1',REQUEST_URL='https://uob-timetable-api.adriankeenan.co.uk/courses',
08-04 11:59:26.258 15843 16060 I art     : Explicit concurrent mark sweep GC freed 219(18KB) AllocSpace objects, 0(0B) LOS objects, 40% free, 22MB/37MB, paused 133us total 10.874ms
08-04 11:59:26.265 15756 15756 I ServiceManager: Waiting for service AtCmdFwd...
08-04 11:59:26.420   512  2967 D audio_hw_primary: disable_audio_route: reset and update mixer path: low-latency-playback speaker
08-04 11:59:26.426   512  2967 D audio_hw_primary: disable_snd_device: snd_device(2: speaker)
08-04 11:59:26.435   512  2967 I soundtrigger: audio_extn_sound_trigger_update_device_status: device 0x2 of type 0 for Event 0
08-04 11:59:26.523 15843 15854 I art     : Starting a blocking GC Explicit
08-04 11:59:26.543 15843 15854 I art     : Explicit concurrent mark sweep GC freed 71(3KB) AllocSpace objects, 0(0B) LOS objects, 26% free, 44MB/60MB, paused 249us total 19.925ms
08-04 11:59:26.551 15843 15854 I art     : Starting a blocking GC Explicit
08-04 11:59:26.564 15843 15854 I art     : Explicit concurrent mark sweep GC freed 22(768B) AllocSpace objects, 0(0B) LOS objects, 26% free, 44MB/60MB, paused 180us total 13.700ms
08-04 11:59:26.571 15843 15854 I art     : Starting a blocking GC Explicit
08-04 11:59:26.583 15843 15854 I art     : Explicit concurrent mark sweep GC freed 12(448B) AllocSpace objects, 0(0B) LOS objects, 26% free, 44MB/60MB, paused 155us total 11.555ms
08-04 11:59:26.588 15843 15854 I art     : Starting a blocking GC Explicit
08-04 11:59:26.614 15843 16062 I HTTP    : Response was compressed.
08-04 11:59:26.615 15843 15854 I art     : Explicit concurrent mark sweep GC freed 19(720B) AllocSpace objects, 0(0B) LOS objects, 21% free, 59MB/75MB, paused 254us total 26.675ms
08-04 11:59:26.621 15843 15854 I art     : Starting a blocking GC Explicit
08-04 11:59:26.637 15843 15854 I art     : Explicit concurrent mark sweep GC freed 5486(254KB) AllocSpace objects, 2(22MB) LOS objects, 29% free, 37MB/53MB, paused 374us total 15.850ms
08-04 11:59:26.896 15843 16060 I art     : Starting a blocking GC Explicit
08-04 11:59:26.929 15843 16060 I art     : Explicit concurrent mark sweep GC freed 158770(7MB) AllocSpace objects, 1(20KB) LOS objects, 29% free, 39MB/55MB, paused 279us total 33.054ms
08-04 11:59:26.937 15843 16060 I art     : Starting a blocking GC Explicit
08-04 11:59:26.952 15843 16060 I art     : Explicit concurrent mark sweep GC freed 18197(845KB) AllocSpace objects, 0(0B) LOS objects, 29% free, 38MB/54MB, paused 227us total 14.549ms
08-04 11:59:26.959 15843 16060 I art     : Starting a blocking GC Explicit
08-04 11:59:26.973 15843 16060 I art     : Explicit concurrent mark sweep GC freed 11929(553KB) AllocSpace objects, 0(0B) LOS objects, 29% free, 38MB/54MB, paused 211us total 14.206ms
08-04 11:59:26.980 15843 16060 I art     : Starting a blocking GC Explicit
08-04 11:59:26.994 15843 16060 I art     : Explicit concurrent mark sweep GC freed 11460(545KB) AllocSpace objects, 0(0B) LOS objects, 29% free, 39MB/55MB, paused 231us total 14.008ms
08-04 11:59:27.000 15843 16060 I art     : Starting a blocking GC Explicit
08-04 11:59:27.015 15843 16060 I art     : Explicit concurrent mark sweep GC freed 11680(548KB) AllocSpace objects, 0(0B) LOS objects, 29% free, 39MB/55MB, paused 265us total 14.406ms
08-04 11:59:27.265 15756 15756 W Atfwd_Sendcmd: AtCmdFwd service not published, waiting... retryCnt : 3
08-04 11:59:27.292 15843 16060 I art     : Starting a blocking GC Explicit
08-04 11:59:27.327 15843 16060 I art     : Explicit concurrent mark sweep GC freed 162808(7MB) AllocSpace objects, 1(20KB) LOS objects, 28% free, 40MB/56MB, paused 320us total 35.277ms
08-04 11:59:27.336 15843 16060 I art     : Starting a blocking GC Explicit
08-04 11:59:27.353 15843 16060 I art     : Explicit concurrent mark sweep GC freed 19691(931KB) AllocSpace objects, 0(0B) LOS objects, 28% free, 40MB/56MB, paused 273us total 16.907ms
08-04 11:59:27.360 15843 16060 I art     : Starting a blocking GC Explicit
08-04 11:59:27.378 15843 16060 I art     : Explicit concurrent mark sweep GC freed 13410(624KB) AllocSpace objects, 0(0B) LOS objects, 28% free, 40MB/56MB, paused 265us total 17.308ms
08-04 11:59:27.386 15843 16060 I art     : Starting a blocking GC Explicit
08-04 11:59:27.403 15843 16060 I art     : Explicit concurrent mark sweep GC freed 14193(665KB) AllocSpace objects, 0(0B) LOS objects, 28% free, 40MB/56MB, paused 271us total 17.316ms
08-04 11:59:27.411 15843 16060 I art     : Starting a blocking GC Explicit
08-04 11:59:27.429 15843 16060 I art     : Explicit concurrent mark sweep GC freed 13661(646KB) AllocSpace objects, 0(0B) LOS objects, 28% free, 40MB/56MB, paused 302us total 17.783ms
08-04 11:59:27.698 15843 15856 I art     : Starting a blocking GC Explicit
08-04 11:59:27.743 15843 15856 I art     : Explicit concurrent mark sweep GC freed 163998(7MB) AllocSpace objects, 1(20KB) LOS objects, 27% free, 42MB/58MB, paused 381us total 43.998ms
08-04 11:59:27.753 15843 15856 I art     : Starting a blocking GC Explicit
08-04 11:59:27.775 15843 15856 I art     : Explicit concurrent mark sweep GC freed 22887(1084KB) AllocSpace objects, 0(0B) LOS objects, 27% free, 42MB/58MB, paused 432us total 21.585ms
08-04 11:59:27.784 15843 15856 I art     : Starting a blocking GC Explicit
08-04 11:59:27.804 15843 15856 I art     : Explicit concurrent mark sweep GC freed 14298(678KB) AllocSpace objects, 0(0B) LOS objects, 27% free, 42MB/58MB, paused 308us total 19.875ms
08-04 11:59:27.813 15843 15856 I art     : Starting a blocking GC Explicit
08-04 11:59:27.834 15843 15856 I art     : Explicit concurrent mark sweep GC freed 15394(720KB) AllocSpace objects, 0(0B) LOS objects, 27% free, 42MB/58MB, paused 331us total 20.910ms
08-04 11:59:27.843 15843 15856 I art     : Starting a blocking GC Explicit
08-04 11:59:27.864 15843 15856 I art     : Explicit concurrent mark sweep GC freed 16389(795KB) AllocSpace objects, 0(0B) LOS objects, 27% free, 42MB/58MB, paused 330us total 21.056ms
08-04 11:59:28.126 15843 15856 I art     : Starting a blocking GC Explicit
08-04 11:59:28.165 15843 15856 I art     : Explicit concurrent mark sweep GC freed 156607(7MB) AllocSpace objects, 1(20KB) LOS objects, 26% free, 43MB/59MB, paused 456us total 39.072ms
08-04 11:59:28.177 15843 15856 I art     : Starting a blocking GC Explicit
08-04 11:59:28.201 15843 15856 I art     : Explicit concurrent mark sweep GC freed 23011(1081KB) AllocSpace objects, 0(0B) LOS objects, 26% free, 43MB/59MB, paused 379us total 23.331ms
08-04 11:59:28.210 15843 15856 I art     : Starting a blocking GC Explicit
08-04 11:59:28.235 15843 15856 I art     : Explicit concurrent mark sweep GC freed 18470(869KB) AllocSpace objects, 0(0B) LOS objects, 26% free, 43MB/59MB, paused 405us total 24.389ms
08-04 11:59:28.246 15843 15856 I art     : Starting a blocking GC Explicit
08-04 11:59:28.270 15843 15856 I art     : Explicit concurrent mark sweep GC freed 18959(892KB) AllocSpace objects, 0(0B) LOS objects, 26% free, 44MB/60MB, paused 379us total 24.270ms
08-04 11:59:28.280 15843 15856 I art     : Starting a blocking GC Explicit
08-04 11:59:28.304 15843 15856 I art     : Explicit concurrent mark sweep GC freed 18649(879KB) AllocSpace objects, 0(0B) LOS objects, 26% free, 44MB/60MB, paused 424us total 24.580ms
08-04 11:59:28.571 15843 15856 I art     : Starting a blocking GC Explicit
08-04 11:59:28.613 15843 15856 I art     : Explicit concurrent mark sweep GC freed 156443(7MB) AllocSpace objects, 1(20KB) LOS objects, 25% free, 45MB/61MB, paused 453us total 42.399ms
08-04 11:59:28.625 15843 15856 I art     : Starting a blocking GC Explicit
08-04 11:59:28.654 15843 15856 I art     : Explicit concurrent mark sweep GC freed 24841(1172KB) AllocSpace objects, 0(0B) LOS objects, 25% free, 45MB/61MB, paused 459us total 28.751ms
08-04 11:59:28.664 15843 15856 I art     : Starting a blocking GC Explicit
08-04 11:59:28.691 15843 15856 I art     : Explicit concurrent mark sweep GC freed 18633(875KB) AllocSpace objects, 0(0B) LOS objects, 25% free, 45MB/61MB, paused 451us total 26.269ms
08-04 11:59:28.701 15843 15856 I art     : Starting a blocking GC Explicit
08-04 11:59:28.725  2075  2107 I WorkerManager: dispose()
08-04 11:59:28.726  2075  2107 W ThreadPoolDumper: Queue length for executor EventBus is now 11. Perhaps some tasks are too long, or the pool is too small.
08-04 11:59:28.727 15843 15856 I art     : Explicit concurrent mark sweep GC freed 14288(669KB) AllocSpace objects, 0(0B) LOS objects, 25% free, 45MB/61MB, paused 464us total 26.087ms
08-04 11:59:28.737 15843 15856 I art     : Starting a blocking GC Explicit
08-04 11:59:28.764 15843 15856 I art     : Explicit concurrent mark sweep GC freed 19603(913KB) AllocSpace objects, 0(0B) LOS objects, 25% free, 45MB/61MB, paused 471us total 26.837ms
08-04 11:59:29.033 15843 15854 I art     : Starting a blocking GC Explicit
08-04 11:59:29.078 15843 15854 I art     : Explicit concurrent mark sweep GC freed 163440(7MB) AllocSpace objects, 1(20KB) LOS objects, 25% free, 47MB/63MB, paused 504us total 45.147ms
08-04 11:59:29.091 15843 15854 I art     : Starting a blocking GC Explicit
08-04 11:59:29.121 15843 15854 I art     : Explicit concurrent mark sweep GC freed 27921(1309KB) AllocSpace objects, 0(0B) LOS objects, 25% free, 47MB/63MB, paused 502us total 30.122ms
08-04 11:59:29.132 15843 15854 I art     : Starting a blocking GC Explicit
08-04 11:59:29.164 15843 15854 I art     : Explicit concurrent mark sweep GC freed 22893(1065KB) AllocSpace objects, 0(0B) LOS objects, 25% free, 47MB/63MB, paused 526us total 31.570ms
08-04 11:59:29.164 15843 15853 I art     : WaitForGcToComplete blocked for 31.752ms for cause HeapTrim
08-04 11:59:29.175 15843 15854 I art     : Starting a blocking GC Explicit
08-04 11:59:29.206 15843 15854 I art     : Explicit concurrent mark sweep GC freed 22843(1077KB) AllocSpace objects, 0(0B) LOS objects, 25% free, 47MB/63MB, paused 530us total 31.555ms
08-04 11:59:29.217 15843 15854 I art     : Starting a blocking GC Explicit
08-04 11:59:29.249 15843 15854 I art     : Explicit concurrent mark sweep GC freed 22683(1073KB) AllocSpace objects, 0(0B) LOS objects, 25% free, 47MB/63MB, paused 551us total 31.583ms
08-04 11:59:29.424 15843 16062 I Service : getCourses response time: 0.69
08-04 11:59:29.428 15843 15843 I SettingsManager: Getting string: savedCourse
08-04 11:59:29.512 15843 16060 I art     : Starting a blocking GC Explicit
08-04 11:59:29.563 15843 16060 I art     : Explicit concurrent mark sweep GC freed 95987(4MB) AllocSpace objects, 2(15MB) LOS objects, 32% free, 33MB/49MB, paused 180us total 51.146ms
08-04 11:59:29.575 15843 16060 I art     : Starting a blocking GC Explicit
08-04 11:59:29.606 15843 16060 I art     : Explicit concurrent mark sweep GC freed 85(3KB) AllocSpace objects, 0(0B) LOS objects, 32% free, 33MB/49MB, paused 137us total 30.915ms
08-04 11:59:29.617 15843 16060 I art     : Starting a blocking GC Explicit
08-04 11:59:29.648 15843 16060 I art     : Explicit concurrent mark sweep GC freed 3(96B) AllocSpace objects, 0(0B) LOS objects, 32% free, 33MB/49MB, paused 219us total 30.939ms
08-04 11:59:29.661 15843 16060 I art     : Starting a blocking GC Explicit
08-04 11:59:29.696 15843 16060 I art     : Explicit concurrent mark sweep GC freed 3(96B) AllocSpace objects, 0(0B) LOS objects, 32% free, 33MB/49MB, paused 142us total 34.426ms
08-04 11:59:29.708 15843 16060 I art     : Starting a blocking GC Explicit
08-04 11:59:29.743 15843 16060 I art     : Explicit concurrent mark sweep GC freed 3(96B) AllocSpace objects, 0(0B) LOS objects, 32% free, 33MB/49MB, paused 146us total 34.377ms
08-04 11:59:30.053 15843 15856 I art     : Starting a blocking GC Explicit
08-04 11:59:30.105 15843 15856 I art     : Explicit concurrent mark sweep GC freed 1274(74KB) AllocSpace objects, 1(20KB) LOS objects, 32% free, 33MB/49MB, paused 158us total 51.132ms
08-04 11:59:30.119 15843 15856 I art     : Starting a blocking GC Explicit
08-04 11:59:30.151 15843 15856 I art     : Explicit concurrent mark sweep GC freed 18(640B) AllocSpace objects, 0(0B) LOS objects, 32% free, 33MB/49MB, paused 140us total 31.923ms
08-04 11:59:30.164 15843 15856 I art     : Starting a blocking GC Explicit
08-04 11:59:30.199 15843 15856 I art     : Explicit concurrent mark sweep GC freed 3(96B) AllocSpace objects, 0(0B) LOS objects, 32% free, 33MB/49MB, paused 145us total 34.852ms
08-04 11:59:30.211 15843 15856 I art     : Starting a blocking GC Explicit
08-04 11:59:30.246 15843 15856 I art     : Explicit concurrent mark sweep GC freed 3(96B) AllocSpace objects, 0(0B) LOS objects, 32% free, 33MB/49MB, paused 138us total 35.003ms
08-04 11:59:30.259 15843 15856 I art     : Starting a blocking GC Explicit
08-04 11:59:30.294 15843 15856 I art     : Explicit concurrent mark sweep GC freed 3(96B) AllocSpace objects, 0(0B) LOS objects, 32% free, 33MB/49MB, paused 148us total 34.838ms
08-04 11:59:30.596 15843 16064 I art     : Starting a blocking GC Explicit
08-04 11:59:30.649 15843 16064 I art     : Explicit concurrent mark sweep GC freed 1274(74KB) AllocSpace objects, 1(20KB) LOS objects, 32% free, 33MB/49MB, paused 186us total 52.564ms
08-04 11:59:30.667 15843 16064 I art     : Starting a blocking GC Explicit
08-04 11:59:30.705 15843 16064 I art     : Explicit concurrent mark sweep GC freed 18(624B) AllocSpace objects, 0(0B) LOS objects, 32% free, 33MB/49MB, paused 147us total 37.723ms
08-04 11:59:30.717 15843 16064 I art     : Starting a blocking GC Explicit
08-04 11:59:30.753 15843 16064 I art     : Explicit concurrent mark sweep GC freed 3(96B) AllocSpace objects, 0(0B) LOS objects, 32% free, 33MB/49MB, paused 147us total 35.582ms
08-04 11:59:30.766 15843 16064 I art     : Starting a blocking GC Explicit
08-04 11:59:30.802 15843 16064 I art     : Explicit concurrent mark sweep GC freed 3(96B) AllocSpace objects, 0(0B) LOS objects, 32% free, 33MB/49MB, paused 156us total 35.848ms
08-04 11:59:30.815 15843 16064 I art     : Starting a blocking GC Explicit
08-04 11:59:30.851 15843 16064 I art     : Explicit concurrent mark sweep GC freed 3(96B) AllocSpace objects, 0(0B) LOS objects, 32% free, 33MB/49MB, paused 141us total 35.949ms
08-04 11:59:30.982 13866 13882 I PeriodicStatsRunner: PeriodicStatsRunner.call():175 call()
08-04 11:59:30.983 13866 13882 I PeriodicStatsRunner: PeriodicStatsRunner.call():179 No submit PeriodicStats since input started.
08-04 11:59:31.179 15843 16060 I art     : Starting a blocking GC Explicit
08-04 11:59:31.221 15843 16060 I art     : Explicit concurrent mark sweep GC freed 1275(74KB) AllocSpace objects, 1(20KB) LOS objects, 32% free, 33MB/49MB, paused 155us total 41.585ms
08-04 11:59:31.235 15843 16060 I art     : Starting a blocking GC Explicit
08-04 11:59:31.271 15843 16060 I art     : Explicit concurrent mark sweep GC freed 20(720B) AllocSpace objects, 0(0B) LOS objects, 32% free, 33MB/49MB, paused 154us total 35.292ms
08-04 11:59:31.284 15843 16060 I art     : Starting a blocking GC Explicit
08-04 11:59:31.319 15843 16060 I art     : Explicit concurrent mark sweep GC freed 3(96B) AllocSpace objects, 0(0B) LOS objects, 32% free, 33MB/49MB, paused 147us total 34.786ms
08-04 11:59:31.331 15843 16060 I art     : Starting a blocking GC Explicit
08-04 11:59:31.367 15843 16060 I art     : Explicit concurrent mark sweep GC freed 3(96B) AllocSpace objects, 0(0B) LOS objects, 32% free, 33MB/49MB, paused 163us total 34.944ms
08-04 11:59:31.379 15843 16060 I art     : Starting a blocking GC Explicit
08-04 11:59:31.414 15843 16060 I art     : Explicit concurrent mark sweep GC freed 3(96B) AllocSpace objects, 0(0B) LOS objects, 32% free, 33MB/49MB, paused 142us total 34.858ms
08-04 11:59:31.719 15843 15856 I art     : Starting a blocking GC Explicit
08-04 11:59:31.764 15843 15856 I art     : Explicit concurrent mark sweep GC freed 1274(74KB) AllocSpace objects, 1(20KB) LOS objects, 32% free, 33MB/49MB, paused 175us total 44.559ms
08-04 11:59:31.785 15843 15856 I art     : Starting a blocking GC Explicit
08-04 11:59:31.823 15843 15856 I art     : Explicit concurrent mark sweep GC freed 18(624B) AllocSpace objects, 0(0B) LOS objects, 32% free, 33MB/49MB, paused 153us total 37.614ms
08-04 11:59:31.837 15843 15856 I art     : Starting a blocking GC Explicit
08-04 11:59:31.872 15843 15856 I art     : Explicit concurrent mark sweep GC freed 3(96B) AllocSpace objects, 0(0B) LOS objects, 32% free, 33MB/49MB, paused 141us total 35.754ms
08-04 11:59:31.885 15843 15856 I art     : Starting a blocking GC Explicit
08-04 11:59:31.922 15843 15856 I art     : Explicit concurrent mark sweep GC freed 3(96B) AllocSpace objects, 0(0B) LOS objects, 32% free, 33MB/49MB, paused 150us total 35.993ms
08-04 11:59:31.934 15843 15856 I art     : Starting a blocking GC Explicit
08-04 11:59:31.970 15843 15856 I art     : Explicit concurrent mark sweep GC freed 3(96B) AllocSpace objects, 0(0B) LOS objects, 32% free, 33MB/49MB, paused 165us total 35.374ms
08-04 11:59:32.228 15843 16064 I art     : Starting a blocking GC Explicit
08-04 11:59:32.267 15843 16064 I art     : Explicit concurrent mark sweep GC freed 1274(74KB) AllocSpace objects, 1(20KB) LOS objects, 32% free, 33MB/49MB, paused 157us total 38.189ms
08-04 11:59:32.279 15843 16064 I art     : Starting a blocking GC Explicit
08-04 11:59:32.312 15843 16064 I art     : Explicit concurrent mark sweep GC freed 18(640B) AllocSpace objects, 0(0B) LOS objects, 32% free, 33MB/49MB, paused 140us total 32.692ms
08-04 11:59:32.324 15843 16064 I art     : Starting a blocking GC Explicit
08-04 11:59:32.355 15843 16064 I art     : Explicit concurrent mark sweep GC freed 3(96B) AllocSpace objects, 0(0B) LOS objects, 32% free, 33MB/49MB, paused 141us total 31.568ms
08-04 11:59:32.367 15843 16064 I art     : Starting a blocking GC Explicit
08-04 11:59:32.398 15843 16064 I art     : Explicit concurrent mark sweep GC freed 3(96B) AllocSpace objects, 0(0B) LOS objects, 32% free, 33MB/49MB, paused 141us total 31.020ms
08-04 11:59:32.409 15843 16064 I art     : Starting a blocking GC Explicit
08-04 11:59:32.441 15843 16064 I art     : Explicit concurrent mark sweep GC freed 3(96B) AllocSpace objects, 0(0B) LOS objects, 32% free, 33MB/49MB, paused 148us total 31.139ms
08-04 11:59:32.449 16204 16204 D AndroidRuntime: >>>>>> START com.android.internal.os.RuntimeInit uid 2000 <<<<<<
08-04 11:59:32.453 16204 16204 D AndroidRuntime: CheckJNI is OFF
08-04 11:59:32.477 16204 16204 D ICU     : No timezone override file found: /data/misc/zoneinfo/current/icu/icu_tzdata.dat
08-04 11:59:32.501 16204 16204 I Radio-JNI: register_android_hardware_Radio DONE
08-04 11:59:32.516 16204 16204 D AndroidRuntime: Calling main entry com.android.commands.input.Input
08-04 11:59:32.517 16204 16204 I Input   : injectMotionEvent: MotionEvent { action=ACTION_DOWN, actionButton=0, id[0]=0, x[0]=526.0, y[0]=704.0, toolType[0]=TOOL_TYPE_UNKNOWN, buttonState=0, metaState=0, flags=0x0, edgeFlags=0x0, pointerCount=1, historySize=0, eventTime=705588930, downTime=705588930, deviceId=0, source=0x1002 }
08-04 11:59:32.523 16204 16204 I Input   : injectMotionEvent: MotionEvent { action=ACTION_UP, actionButton=0, id[0]=0, x[0]=526.0, y[0]=704.0, toolType[0]=TOOL_TYPE_UNKNOWN, buttonState=0, metaState=0, flags=0x0, edgeFlags=0x0, pointerCount=1, historySize=0, eventTime=705588930, downTime=705588930, deviceId=0, source=0x1002 }
08-04 11:59:32.524 16204 16204 D AndroidRuntime: Shutting down VM
08-04 11:59:32.591   512  2967 D audio_hw_primary: out_set_parameters: enter: usecase(1: low-latency-playback) kvpairs: routing=2
08-04 11:59:32.604   512  2967 D audio_hw_primary: select_devices: out_snd_device(2: speaker) in_snd_device(0: none)
08-04 11:59:32.604   512  2967 D msm8974_platform: platform_send_audio_calibration: sending audio calibration for snd_device(2) acdb_id(15)
08-04 11:59:32.604   512  2967 I soundtrigger: audio_extn_sound_trigger_update_device_status: device 0x2 of type 0 for Event 1
08-04 11:59:32.614   512  2967 D audio_hw_primary: enable_snd_device: snd_device(2: speaker)
08-04 11:59:32.616   512  2967 D audio_hw_primary: enable_audio_route: apply and update mixer path: low-latency-playback speaker
08-04 11:59:32.667 15843 16064 I art     : Starting a blocking GC Explicit
08-04 11:59:32.700 15843 16064 I art     : Explicit concurrent mark sweep GC freed 2005(131KB) AllocSpace objects, 2(40KB) LOS objects, 32% free, 33MB/49MB, paused 345us total 33.501ms
08-04 11:59:32.713 15843 16064 I art     : Starting a blocking GC Explicit
08-04 11:59:32.747 15843 16064 I art     : Explicit concurrent mark sweep GC freed 188(8KB) AllocSpace objects, 0(0B) LOS objects, 32% free, 33MB/49MB, paused 133us total 33.603ms
08-04 11:59:32.761 15843 16064 I art     : Starting a blocking GC Explicit
08-04 11:59:32.782   918  3188 I hubconnection: sensorhub said: 'set_bias 3: -6.2400, 0.0000, 0.0000'
08-04 11:59:32.796 15843 16064 I art     : Explicit concurrent mark sweep GC freed 7(240B) AllocSpace objects, 0(0B) LOS objects, 32% free, 33MB/49MB, paused 136us total 34.830ms
08-04 11:59:32.810 15843 16064 I art     : Starting a blocking GC Explicit
08-04 11:59:32.844 15843 16064 I art     : Explicit concurrent mark sweep GC freed 3(96B) AllocSpace objects, 0(0B) LOS objects, 32% free, 33MB/49MB, paused 145us total 34.036ms
08-04 11:59:32.859 15843 16064 I art     : Starting a blocking GC Explicit
08-04 11:59:32.896 15843 16064 I art     : Explicit concurrent mark sweep GC freed 3(96B) AllocSpace objects, 0(0B) LOS objects, 32% free, 33MB/49MB, paused 142us total 37.171ms
08-04 11:59:33.031 16240 16240 I art     : Late-enabling -Xcheck:jni
08-04 11:59:33.032   918   918 I ActivityManager: Start proc 16240:nappatfpr.com.newsblur/u0a658 for service nappatfpr.com.newsblur/.service.NBSyncService
08-04 11:59:33.037 32231 32231 I Finsky  : [1] xow.onStartJob(3): SCH: onJobSchedulerWakeup with jobId 9003
08-04 11:59:33.045 32231 32231 I Finsky  : [1] xjw.a(9): Scheduling fallback in 43199994 (absolute: 1732176913)
08-04 11:59:33.050 32231 32231 I Finsky  : [1] xjw.a(9): Scheduling fallback in 64799997 (absolute: 1753776921)
08-04 11:59:33.085 16240 16240 W System  : ClassLoader referenced unknown path: /data/app/nappatfpr.com.newsblur-1/lib/arm64
08-04 11:59:33.150   512  2967 D audio_hw_primary: disable_audio_route: reset and update mixer path: low-latency-playback speaker
08-04 11:59:33.153   512  2967 D audio_hw_primary: disable_snd_device: snd_device(2: speaker)
08-04 11:59:33.163   512  2967 I soundtrigger: audio_extn_sound_trigger_update_device_status: device 0x2 of type 0 for Event 0
08-04 11:59:33.173 32231 32231 I Finsky  : [1] xkf.handleMessage(8): SCH: DeviceState: DeviceState{currentTime=1596535173170, isCharging=false, isIdle=false, netAny=true, netNotRoaming=true, netUnmetered=true, batteryPercent=100.0}
08-04 11:59:33.180 15843 16060 I art     : Starting a blocking GC Explicit
08-04 11:59:33.181 32231 15809 I Finsky  : [5886] xmu.a(8): SCH: Jobs in database: 1-1337 3-191 3-192 12-1 24-77777777 26-1414141414 
08-04 11:59:33.187 32231 32231 I Finsky  : [1] xkg.a(16): SCH: Running job: 12-1
08-04 11:59:33.187 32231 32231 I Finsky  : [1] ContentSyncJob.a(16): [ContentSync] job started
08-04 11:59:33.188 32231 32231 I Finsky  : [1] xkf.handleMessage(61): SCH: RunningQueue size: 1, PendingQueue size: 0
08-04 11:59:33.188 32231 32231 I Finsky  : [1] xkf.handleMessage(64): SCH: Running queue: 12-1 
08-04 11:59:33.217 15843 16060 I art     : Explicit concurrent mark sweep GC freed 1283(75KB) AllocSpace objects, 1(20KB) LOS objects, 32% free, 33MB/49MB, paused 135us total 36.213ms
08-04 11:59:33.229 15843 16060 I art     : Starting a blocking GC Explicit
08-04 11:59:33.262 15843 16060 I art     : Explicit concurrent mark sweep GC freed 26(896B) AllocSpace objects, 0(0B) LOS objects, 32% free, 33MB/49MB, paused 139us total 32.300ms
08-04 11:59:33.274 15843 16060 I art     : Starting a blocking GC Explicit
08-04 11:59:33.278 32231 15826 I Finsky  : [5892] dzn.a(22): Completed 0 account content syncs with 0 successful.
08-04 11:59:33.279 32231 32231 I Finsky  : [1] ContentSyncJob.a(1): [ContentSync] Installation state replication succeeded.
08-04 11:59:33.279 32231 32231 I Finsky  : [1] xlr.a(13): SCH: jobFinished: 12-1. TimeElapsed: 92ms.
08-04 11:59:33.280 32231 32231 I Finsky  : [1] xkg.a(36): SCH: Job 12-1 finished. Not rescheduling.
08-04 11:59:33.281 32231 32231 I Finsky  : [1] xkf.handleMessage(61): SCH: RunningQueue size: 0, PendingQueue size: 0
08-04 11:59:33.281 32231 32231 I Finsky  : [1] xkf.handleMessage(25): Executor finished
08-04 11:59:33.289   918  3696 I ActivityManager: Killing 29594:com.google.android.youtube/u0a75 (adj 15): empty #17
08-04 11:59:33.305 15843 16060 I art     : Explicit concurrent mark sweep GC freed 3(96B) AllocSpace objects, 0(0B) LOS objects, 32% free, 33MB/49MB, paused 126us total 31.433ms
08-04 11:59:33.318 15843 16060 I art     : Starting a blocking GC Explicit
08-04 11:59:33.343 32231 32231 I Finsky  : [1] xmu.a(8): SCH: Jobs in database: 1-1337 3-191 3-192 24-77777777 26-1414141414 
08-04 11:59:33.346 32231 32231 I Finsky  : [1] xio.a(57): SCH: ConstraintMapping: 24-77777777,  -> L: 0ms, D: 33027492ms, C: false, I: true, N: 0
08-04 11:59:33.346 32231 32231 I Finsky  : [1] xio.a(57): SCH: ConstraintMapping: 1-1337,  -> L: 1738348ms, D: 36379568ms, C: false, I: false, N: 1
08-04 11:59:33.347 32231 32231 I Finsky  : [1] xio.a(57): SCH: ConstraintMapping: 3-191,  -> L: 0ms, D: 77089440ms, C: false, I: true, N: 2
08-04 11:59:33.348 32231 32231 I Finsky  : [1] xio.a(57): SCH: ConstraintMapping: 3-192,  -> L: 0ms, D: 77089513ms, C: true, I: true, N: 2
08-04 11:59:33.349 32231 32231 I Finsky  : [1] xio.a(57): SCH: ConstraintMapping: 26-1414141414,  -> L: 40492692ms, D: 41392692ms, C: false, I: false, N: 0
08-04 11:59:33.349 15843 16060 I art     : Explicit concurrent mark sweep GC freed 3(96B) AllocSpace objects, 0(0B) LOS objects, 32% free, 33MB/49MB, paused 122us total 31.282ms
08-04 11:59:33.359   918  6111 D ConnectivityService: ConnectivityService NetworkRequestInfo binderDied(NetworkRequest [ id=2634, legacyType=-1, [ Capabilities: INTERNET&NOT_RESTRICTED&TRUSTED] ], android.os.BinderProxy@5aa3fd0)
08-04 11:59:33.359   918  3263 D ConnectivityService: releasing NetworkRequest NetworkRequest [ id=2634, legacyType=-1, [ Capabilities: INTERNET&NOT_RESTRICTED&TRUSTED] ]
08-04 11:59:33.360   918  3263 E ConnectivityService: RemoteException caught trying to send a callback msg for NetworkRequest [ id=2634, legacyType=-1, [ Capabilities: INTERNET&NOT_RESTRICTED&TRUSTED] ]
08-04 11:59:33.361 15843 16060 I art     : Starting a blocking GC Explicit
08-04 11:59:33.375 32231 32231 I Finsky  : [1] xle.a(34): Cancelling existing jobscheduler jobs: 9005 9018 9004 9006 9001 9014 9016 9019 9017 
08-04 11:59:33.376 32231 32231 I Finsky  : [1] xle.a(10): Throttling wakeup for job 9000 (expected to run in 0 ms) due to recent wakeup
08-04 11:59:33.376 32231 32231 I Finsky  : [1] xle.a(27): Scheduling job Id: 9000, L: 30000, D: 33027492, C: false, I: true, N: 0
08-04 11:59:33.379 32231 32231 I Finsky  : [1] xle.a(27): Scheduling job Id: 9002, L: 1738348, D: 36379568, C: false, I: false, N: 1
08-04 11:59:33.380 32231 32231 I Finsky  : [1] xle.a(10): Throttling wakeup for job 9007 (expected to run in 0 ms) due to recent wakeup
08-04 11:59:33.381 32231 32231 I Finsky  : [1] xle.a(27): Scheduling job Id: 9007, L: 30000, D: 77089440, C: false, I: true, N: 2
08-04 11:59:33.382 32231 32231 I Finsky  : [1] xle.a(10): Throttling wakeup for job 9008 (expected to run in 0 ms) due to recent wakeup
08-04 11:59:33.383 32231 32231 I Finsky  : [1] xle.a(27): Scheduling job Id: 9008, L: 30000, D: 77089513, C: true, I: true, N: 2
08-04 11:59:33.384 32231 32231 I Finsky  : [1] xle.a(27): Scheduling job Id: 9009, L: 40492692, D: 41392692, C: false, I: false, N: 0
08-04 11:59:33.386 32231 32231 I Finsky  : [1] xle.a(10): Throttling wakeup for job 9010 (expected to run in 0 ms) due to recent wakeup
08-04 11:59:33.386 32231 32231 I Finsky  : [1] xle.a(27): Scheduling job Id: 9010, L: 30000, D: 33027492, C: false, I: true, N: 0
08-04 11:59:33.387 32231 32231 I Finsky  : [1] xle.a(27): Scheduling job Id: 9011, L: 1738348, D: 36379568, C: false, I: false, N: 1
08-04 11:59:33.389 32231 32231 I Finsky  : [1] xle.a(10): Throttling wakeup for job 9012 (expected to run in 0 ms) due to recent wakeup
08-04 11:59:33.389 32231 32231 I Finsky  : [1] xle.a(27): Scheduling job Id: 9012, L: 30000, D: 77089440, C: false, I: true, N: 2
08-04 11:59:33.391 32231 32231 I Finsky  : [1] xle.a(10): Throttling wakeup for job 9013 (expected to run in 0 ms) due to recent wakeup
08-04 11:59:33.391 32231 32231 I Finsky  : [1] xle.a(27): Scheduling job Id: 9013, L: 30000, D: 77089513, C: true, I: true, N: 2
08-04 11:59:33.392 32231 32231 I Finsky  : [1] xle.a(27): Scheduling job Id: 9015, L: 40492692, D: 41392692, C: false, I: false, N: 0
08-04 11:59:33.394 15843 16060 I art     : Explicit concurrent mark sweep GC freed 3(96B) AllocSpace objects, 0(0B) LOS objects, 32% free, 33MB/49MB, paused 129us total 32.359ms
08-04 11:59:33.666 15843 15856 I art     : Starting a blocking GC Explicit
08-04 11:59:33.715 15843 15856 I art     : Explicit concurrent mark sweep GC freed 1279(75KB) AllocSpace objects, 1(20KB) LOS objects, 32% free, 33MB/49MB, paused 173us total 48.791ms
08-04 11:59:33.731 15843 15856 I art     : Starting a blocking GC Explicit
08-04 11:59:33.767 15843 15856 I art     : Explicit concurrent mark sweep GC freed 20(688B) AllocSpace objects, 0(0B) LOS objects, 32% free, 33MB/49MB, paused 167us total 36.136ms
08-04 11:59:33.780 15843 15856 I art     : Starting a blocking GC Explicit
08-04 11:59:33.813 15843 15856 I art     : Explicit concurrent mark sweep GC freed 3(96B) AllocSpace objects, 0(0B) LOS objects, 32% free, 33MB/49MB, paused 139us total 32.438ms
08-04 11:59:33.824 15843 15856 I art     : Starting a blocking GC Explicit
08-04 11:59:33.855 15843 15856 I art     : Explicit concurrent mark sweep GC freed 3(96B) AllocSpace objects, 0(0B) LOS objects, 32% free, 33MB/49MB, paused 140us total 31.307ms
08-04 11:59:33.867 15843 15856 I art     : Starting a blocking GC Explicit
08-04 11:59:33.899 15843 15856 I art     : Explicit concurrent mark sweep GC freed 3(96B) AllocSpace objects, 0(0B) LOS objects, 32% free, 33MB/49MB, paused 147us total 31.409ms
08-04 11:59:34.061 16276 16276 D AndroidRuntime: >>>>>> START com.android.internal.os.RuntimeInit uid 2000 <<<<<<
08-04 11:59:34.066 16276 16276 D AndroidRuntime: CheckJNI is OFF
08-04 11:59:34.092 16276 16276 D ICU     : No timezone override file found: /data/misc/zoneinfo/current/icu/icu_tzdata.dat
08-04 11:59:34.117 16276 16276 I Radio-JNI: register_android_hardware_Radio DONE
08-04 11:59:34.132 16276 16276 D AndroidRuntime: Calling main entry com.android.commands.input.Input
08-04 11:59:34.134 16276 16276 I Input   : injectMotionEvent: MotionEvent { action=ACTION_DOWN, actionButton=0, id[0]=0, x[0]=1197.0, y[0]=1456.0, toolType[0]=TOOL_TYPE_UNKNOWN, buttonState=0, metaState=0, flags=0x0, edgeFlags=0x0, pointerCount=1, historySize=0, eventTime=705590547, downTime=705590547, deviceId=0, source=0x1002 }
08-04 11:59:34.140 16276 16276 I Input   : injectMotionEvent: MotionEvent { action=ACTION_UP, actionButton=0, id[0]=0, x[0]=1197.0, y[0]=1456.0, toolType[0]=TOOL_TYPE_UNKNOWN, buttonState=0, metaState=0, flags=0x0, edgeFlags=0x0, pointerCount=1, historySize=0, eventTime=705590547, downTime=705590547, deviceId=0, source=0x1002 }
08-04 11:59:34.141 16276 16276 D AndroidRuntime: Shutting down VM
08-04 11:59:34.150   512  2967 D audio_hw_primary: out_set_parameters: enter: usecase(1: low-latency-playback) kvpairs: routing=2
08-04 11:59:34.163   512  2967 D audio_hw_primary: select_devices: out_snd_device(2: speaker) in_snd_device(0: none)
08-04 11:59:34.163   512  2967 D msm8974_platform: platform_send_audio_calibration: sending audio calibration for snd_device(2) acdb_id(15)
08-04 11:59:34.164   512  2967 I soundtrigger: audio_extn_sound_trigger_update_device_status: device 0x2 of type 0 for Event 1
08-04 11:59:34.164 15843 15843 I SettingsManager: Setting string: savedCourse
08-04 11:59:34.167 15843 15856 I art     : Starting a blocking GC Explicit
08-04 11:59:34.181   918  4400 W BackupManagerService: dataChanged but no participant pkg='baseline.com.ak.uobtimetable' uid=10659
08-04 11:59:34.182   918  3696 I ActivityManager: START u0 {flg=0x4000000 cmp=baseline.com.ak.uobtimetable/.MainActivity (has extras)} from uid 10659 on display 0
08-04 11:59:34.184   512  2967 D audio_hw_primary: enable_snd_device: snd_device(2: speaker)
08-04 11:59:34.186   512  2967 D audio_hw_primary: enable_audio_route: apply and update mixer path: low-latency-playback speaker
08-04 11:59:34.196   918  5952 W InputMethodManagerService: Focus gain on non-focused client com.android.internal.view.IInputMethodClient$Stub$Proxy@37b783 (uid=10659 pid=15843)
08-04 11:59:34.206 15843 15856 I art     : Explicit concurrent mark sweep GC freed 3944(203KB) AllocSpace objects, 2(40KB) LOS objects, 32% free, 33MB/49MB, paused 184us total 38.622ms
08-04 11:59:34.219 15843 15856 I art     : Starting a blocking GC Explicit
08-04 11:59:34.221 15843 15843 D MainActivity: OnDestroy
08-04 11:59:34.240 15843 15843 D MainActivity: onCreate
08-04 11:59:34.240 15843 15843 I SettingsManager: Getting string: savedSessions
08-04 11:59:34.240 15843 15843 I Settings: No saved sessions
08-04 11:59:34.255 15843 15856 I art     : Explicit concurrent mark sweep GC freed 740(40KB) AllocSpace objects, 0(0B) LOS objects, 32% free, 33MB/49MB, paused 280us total 35.690ms
08-04 11:59:34.255 15843 15853 I art     : WaitForGcToComplete blocked for 35.926ms for cause HeapTrim
08-04 11:59:34.265 15843 15843 I SettingsManager: Getting string: savedCourse
08-04 11:59:34.266 15843 15843 D MainActivity: sessionListFragmentArg: updateSessions
08-04 11:59:34.266 15843 15843 D MainActivity: showTermDatesConfigChange: false
08-04 11:59:34.266 15843 15843 D MainActivity: showTermDatesShortcut: false
08-04 11:59:34.267 15843 15856 I art     : Starting a blocking GC Explicit
08-04 11:59:34.270 15843 15843 D MainActivity: Setting initial fragment: SessionListsFragment
08-04 11:59:34.272 15843 15843 I SettingsManager: Getting int: launchCount
08-04 11:59:34.275 15843 15843 D SessionListsFragment: onCreateView
08-04 11:59:34.284 15843 15843 I SettingsManager: Getting string: savedCourse
08-04 11:59:34.287 15843 15843 I SettingsManager: Getting string: savedSessions
08-04 11:59:34.287 15843 15843 D SessionListsFragment: loadArgument: updateSessions
08-04 11:59:34.287 15843 15843 D SessionListsFragment: initialIndex: -1
08-04 11:59:34.289 15843 16300 D HTTP    : Request for: https://uob-timetable-api.adriankeenan.co.uk/sessions?dept=BD002&course=CFIEFAAF%2F02AA%2F0%2FFT&level=ALL+Courses
08-04 11:59:34.291 15843 15843 I WebViewFactory: Loading com.google.android.webview version 84.0.4147.89 (code 414708953)
08-04 11:59:34.305 15843 15856 I art     : Explicit concurrent mark sweep GC freed 6632(407KB) AllocSpace objects, 4(1436KB) LOS objects, 32% free, 33MB/49MB, paused 460us total 37.124ms
08-04 11:59:34.319 15843 15856 I art     : Starting a blocking GC Explicit
08-04 11:59:34.354 15843 15843 I cr_LibraryLoader: Loaded native library version number "84.0.4147.89"
08-04 11:59:34.356 15843 15843 I cr_CachingUmaRecorder: Flushed 5 samples from 5 histograms.
08-04 11:59:34.357 15843 15856 I art     : Explicit concurrent mark sweep GC freed 3738(327KB) AllocSpace objects, 1(20KB) LOS objects, 31% free, 34MB/50MB, paused 683us total 38.443ms
08-04 11:59:34.370 15843 15856 I art     : Starting a blocking GC Explicit
08-04 11:59:34.385 15843 15843 E chromium: [ERROR:filesystem_posix.cc(62)] mkdir /data/user/0/baseline.com.ak.uobtimetable/cache/WebView/Crashpad: No such file or directory (2)
08-04 11:59:34.406 15843 15856 I art     : Explicit concurrent mark sweep GC freed 1807(200KB) AllocSpace objects, 1(20KB) LOS objects, 31% free, 34MB/50MB, paused 660us total 35.776ms
08-04 11:59:34.443   918  5481 D ConnectivityService: listenForNetwork for Listen from uid/pid:10659/15843 for NetworkRequest [ id=2639, legacyType=-1, [ Capabilities: INTERNET&NOT_RESTRICTED&TRUSTED] ]
08-04 11:59:34.469 15843 16316 W cr_media: Requires BLUETOOTH permission
08-04 11:59:34.477 15843 16328 E libEGL  : validate_display:255 error 3008 (EGL_BAD_DISPLAY)
08-04 11:59:34.479 15843 15843 D TermDatesFragment: WebView loaded
08-04 11:59:34.480 15843 15843 D MainActivity: OnResume
08-04 11:59:34.496 15843 15843 I TermDatesFragment: Webview load %: 10
08-04 11:59:34.537 15843 16300 I NAPPA_EXPERIMENTATION: MetricNetworkRequestExecutionTime: REQUEST_DURATION_SYSTEM='246',REQUEST_DURATION_OKHTTP='31',REQUEST_SYNCHRONOUS='TRUE',RESPONSE_CODE='200',RESPONSE_METHOD='GET',RESPONSE_LENGTH_OKHTTP='-1',RESPONSE_LENGTH_HEADER='867',REQUEST_PROTOCOL='http/1.1',REQUEST_URL='https://uob-timetable-api.adriankeenan.co.uk/sessions?dept=BD002&course=CFIEFAAF%2F02AA%2F0%2FFT&level=ALL+Courses',
08-04 11:59:34.571   918   936 I ActivityManager: Displayed baseline.com.ak.uobtimetable/.MainActivity: +355ms
08-04 11:59:34.571 13866 13866 I GoogleInputMethodServic: GoogleInputMethodService.onFinishInput():3138 
08-04 11:59:34.572 13866 13866 I GoogleInputMethodServic: GoogleInputMethodService.onStartInput():1808 
08-04 11:59:34.580 15843 16300 I HTTP    : Response was compressed.
08-04 11:59:34.594 15843 16300 I Service : getSessions response time: 1.12
08-04 11:59:34.596 15843 15843 I SettingsManager: Getting string: savedSessions
08-04 11:59:34.602 15843 15843 I SettingsManager: Setting string: savedSessions
08-04 11:59:34.608   918  3961 W BackupManagerService: dataChanged but no participant pkg='baseline.com.ak.uobtimetable' uid=10659
08-04 11:59:34.608 15843 15843 I SettingsManager: Setting date: savedSessionsTime
08-04 11:59:34.614   918  6111 W BackupManagerService: dataChanged but no participant pkg='baseline.com.ak.uobtimetable' uid=10659
08-04 11:59:34.615 15843 15843 I SettingsManager: Setting string: savedSessionsCourseName
08-04 11:59:34.619   918  3714 W BackupManagerService: dataChanged but no participant pkg='baseline.com.ak.uobtimetable' uid=10659
08-04 11:59:34.619 15843 15843 I SettingsManager: Setting string: savedSessionsDateRange
08-04 11:59:34.624   918  3670 W BackupManagerService: dataChanged but no participant pkg='baseline.com.ak.uobtimetable' uid=10659
08-04 11:59:34.624 15843 15843 I SettingsManager: Setting string: timetableUrl
08-04 11:59:34.629   918  6029 W BackupManagerService: dataChanged but no participant pkg='baseline.com.ak.uobtimetable' uid=10659
08-04 11:59:34.629 15843 15843 I SettingsManager: Getting boolean: notifySessionRemindersEnabled
08-04 11:59:34.629 15843 15843 I SettingsManager: Getting int: notifySessionRemindersMinutes
08-04 11:59:34.629 15843 15843 I SettingsManager: Getting boolean: showHiddenSessions
08-04 11:59:34.632 15843 16064 I art     : Starting a blocking GC Explicit
08-04 11:59:34.654 15843 15843 I SessionReminderNotifier: Created session reminder alarm for f7b4771250a919bd729c1c5a4a459c77 at Mon 08:30:00 10/08/20
08-04 11:59:34.656 15843 15843 I SessionReminderNotifier: Created session reminder alarm for a7f879aabdeb78622c8820a5fb7b64cd at Tue 08:30:00 11/08/20
08-04 11:59:34.657 15843 15843 I SessionReminderNotifier: Created session reminder alarm for 7bc8d7e2c2055711f597c3d9078c6ea3 at Tue 08:30:00 11/08/20
08-04 11:59:34.658 15843 15843 I SessionReminderNotifier: Created session reminder alarm for e0fc978b5db8218778540b4053344581 at Tue 11:00:00 04/08/20
08-04 11:59:34.659 15843 15843 I SessionReminderNotifier: Created session reminder alarm for 21712fef61090882c855a1425543edb5 at Tue 13:30:00 04/08/20
08-04 11:59:34.660 15843 15843 I SessionReminderNotifier: Created session reminder alarm for 65ca4d97f031f29a4d02bbb45a705d8f at Wed 08:30:00 05/08/20
08-04 11:59:34.661 15843 15843 I SessionReminderNotifier: Created session reminder alarm for eeda7741b0bcab58fd9f46dc6ef1d942 at Wed 08:30:00 05/08/20
08-04 11:59:34.662 15843 15843 I SessionReminderNotifier: Created session reminder alarm for c276c1b2075a0beb67f1b3d1e580f920 at Wed 11:00:00 05/08/20
08-04 11:59:34.663 15843 15843 I SessionReminderNotifier: Created session reminder alarm for 79fe0b5c3b887a13ba29db5a33fa2800 at Thu 08:30:00 06/08/20
08-04 11:59:34.664 15843 15843 I SessionReminderNotifier: Created session reminder alarm for 2ba1034116e4fffdd592dbf0796a43d5 at Fri 08:30:00 07/08/20
08-04 11:59:34.664 15843 15843 I SettingsManager: Getting boolean: showHiddenSessions
08-04 11:59:34.664 15843 15843 D SessionListsFragment: 1 sessions for day 0
08-04 11:59:34.664 15843 15843 D SessionListsFragment: 4 sessions for day 1
08-04 11:59:34.664 15843 15843 D SessionListsFragment: 3 sessions for day 2
08-04 11:59:34.664 15843 15843 D SessionListsFragment: 1 sessions for day 3
08-04 11:59:34.664 15843 15843 D SessionListsFragment: 1 sessions for day 4
08-04 11:59:34.679 15843 16064 I art     : Explicit concurrent mark sweep GC freed 21873(1270KB) AllocSpace objects, 9(320KB) LOS objects, 30% free, 35MB/51MB, paused 923us total 46.938ms
08-04 11:59:34.694 15843 16064 I art     : Starting a blocking GC Explicit
08-04 11:59:34.708 15843 15843 I SettingsManager: Getting boolean: showHiddenSessions
08-04 11:59:34.709 15843 15843 D SessionListsFragment: Refreshed ViewPager
08-04 11:59:34.709 15843 15843 I SettingsManager: Getting boolean: showHiddenSessions
08-04 11:59:34.709 15843 15843 I SettingsManager: Getting boolean: completedTutorial
08-04 11:59:34.720   512  2967 D audio_hw_primary: disable_audio_route: reset and update mixer path: low-latency-playback speaker
08-04 11:59:34.720 15843 15843 I SettingsManager: Getting boolean: showHiddenSessions
08-04 11:59:34.720 15843 15843 I SettingsManager: Getting date: savedSessionsTime
08-04 11:59:34.720   512  2967 D audio_hw_primary: disable_snd_device: snd_device(2: speaker)
08-04 11:59:34.728   512  2967 I soundtrigger: audio_extn_sound_trigger_update_device_status: device 0x2 of type 0 for Event 0
08-04 11:59:34.736 15843 16064 I art     : Explicit concurrent mark sweep GC freed 8810(646KB) AllocSpace objects, 0(0B) LOS objects, 30% free, 35MB/51MB, paused 960us total 41.404ms
08-04 11:59:34.748 15843 16064 I art     : Starting a blocking GC Explicit
08-04 11:59:34.792 15843 16064 I art     : Explicit concurrent mark sweep GC freed 33743(1446KB) AllocSpace objects, 3(200KB) LOS objects, 30% free, 36MB/52MB, paused 1.013ms total 44.078ms
08-04 11:59:34.807 15843 16064 I art     : Starting a blocking GC Explicit
08-04 11:59:34.851 15843 16064 I art     : Explicit concurrent mark sweep GC freed 30959(1345KB) AllocSpace objects, 0(0B) LOS objects, 30% free, 36MB/52MB, paused 1.156ms total 43.679ms
08-04 11:59:34.864 15843 16064 I art     : Starting a blocking GC Explicit
08-04 11:59:34.908 15843 16064 I art     : Explicit concurrent mark sweep GC freed 37339(1526KB) AllocSpace objects, 0(0B) LOS objects, 30% free, 36MB/52MB, paused 693us total 43.139ms
08-04 11:59:35.155 15843 15843 I TermDatesFragment: Webview load %: 70
08-04 11:59:35.174 15843 15854 I art     : Starting a blocking GC Explicit
08-04 11:59:35.195 15843 15843 I TermDatesFragment: Webview load %: 100
08-04 11:59:35.195 15843 15843 I TermDatesFragment: Webview load %: 100
08-04 11:59:35.237 15843 15854 I art     : Explicit concurrent mark sweep GC freed 96136(3MB) AllocSpace objects, 1(20KB) LOS objects, 30% free, 36MB/52MB, paused 297us total 62.636ms
08-04 11:59:35.252 15843 15854 I art     : Starting a blocking GC Explicit
08-04 11:59:35.296 15843 15854 I art     : Explicit concurrent mark sweep GC freed 2255(222KB) AllocSpace objects, 0(0B) LOS objects, 30% free, 36MB/52MB, paused 220us total 43.947ms
08-04 11:59:35.310 15843 15854 I art     : Starting a blocking GC Explicit
08-04 11:59:35.356 15843 15854 I art     : Explicit concurrent mark sweep GC freed 45(2096B) AllocSpace objects, 0(0B) LOS objects, 30% free, 36MB/52MB, paused 222us total 45.711ms
08-04 11:59:35.372 15843 15854 I art     : Starting a blocking GC Explicit
08-04 11:59:35.419 15843 15854 I art     : Explicit concurrent mark sweep GC freed 240(10KB) AllocSpace objects, 0(0B) LOS objects, 30% free, 36MB/52MB, paused 221us total 47.007ms
08-04 11:59:35.434 15843 15854 I art     : Starting a blocking GC Explicit
08-04 11:59:35.468 15843 15854 I art     : Explicit concurrent mark sweep GC freed 121467(11MB) AllocSpace objects, 3(136KB) LOS objects, 38% free, 25MB/41MB, paused 242us total 34.143ms
08-04 11:59:35.744 15843 16064 I art     : Starting a blocking GC Explicit
08-04 11:59:35.772 15843 16064 I art     : Explicit concurrent mark sweep GC freed 1292(75KB) AllocSpace objects, 1(20KB) LOS objects, 38% free, 25MB/41MB, paused 269us total 27.613ms
08-04 11:59:35.789 15843 16064 I art     : Starting a blocking GC Explicit
08-04 11:59:35.812 15843 16064 I art     : Explicit concurrent mark sweep GC freed 18(624B) AllocSpace objects, 0(0B) LOS objects, 38% free, 25MB/41MB, paused 229us total 23.688ms
08-04 11:59:35.821 15843 16064 I art     : Starting a blocking GC Explicit
08-04 11:59:35.845 15843 16064 I art     : Explicit concurrent mark sweep GC freed 3(96B) AllocSpace objects, 0(0B) LOS objects, 38% free, 25MB/41MB, paused 225us total 23.297ms
08-04 11:59:35.854 15843 16064 I art     : Starting a blocking GC Explicit
08-04 11:59:35.877 15843 16064 I art     : Explicit concurrent mark sweep GC freed 3(96B) AllocSpace objects, 0(0B) LOS objects, 38% free, 25MB/41MB, paused 349us total 23.270ms
08-04 11:59:35.886 15843 16064 I art     : Starting a blocking GC Explicit
08-04 11:59:35.911 15843 16064 I art     : Explicit concurrent mark sweep GC freed 3(96B) AllocSpace objects, 0(0B) LOS objects, 38% free, 25MB/41MB, paused 228us total 24.993ms
08-04 11:59:35.986   518   646 I ThermalEngine: ACTION: GPU - Setting GPU[0] to 510000000
08-04 11:59:36.239 15843 16060 I art     : Starting a blocking GC Explicit
08-04 11:59:36.278 15843 16060 I art     : Explicit concurrent mark sweep GC freed 1295(75KB) AllocSpace objects, 1(20KB) LOS objects, 38% free, 25MB/41MB, paused 333us total 38.608ms
08-04 11:59:36.297 15843 16060 I art     : Starting a blocking GC Explicit
08-04 11:59:36.329 15843 16060 I art     : Explicit concurrent mark sweep GC freed 39(1392B) AllocSpace objects, 0(0B) LOS objects, 38% free, 25MB/41MB, paused 305us total 31.757ms
08-04 11:59:36.341 15843 16060 I art     : Starting a blocking GC Explicit
08-04 11:59:36.374 15843 16060 I art     : Explicit concurrent mark sweep GC freed 35(1136B) AllocSpace objects, 0(0B) LOS objects, 38% free, 25MB/41MB, paused 291us total 32.084ms
08-04 11:59:36.385 15843 16060 I art     : Starting a blocking GC Explicit
08-04 11:59:36.416 15843 16060 I art     : Explicit concurrent mark sweep GC freed 24(768B) AllocSpace objects, 0(0B) LOS objects, 38% free, 25MB/41MB, paused 452us total 30.934ms
08-04 11:59:36.430 15843 16060 I art     : Starting a blocking GC Explicit
08-04 11:59:36.459 15843 16060 I art     : Explicit concurrent mark sweep GC freed 32(1024B) AllocSpace objects, 0(0B) LOS objects, 38% free, 25MB/41MB, paused 296us total 29.273ms
08-04 11:59:36.782 15843 15856 I art     : Starting a blocking GC Explicit
08-04 11:59:36.818 15843 15856 I art     : Explicit concurrent mark sweep GC freed 1360(77KB) AllocSpace objects, 1(20KB) LOS objects, 38% free, 25MB/41MB, paused 498us total 34.884ms
08-04 11:59:36.832 15843 15856 I art     : Starting a blocking GC Explicit
08-04 11:59:36.867 15843 15856 I art     : Explicit concurrent mark sweep GC freed 24(816B) AllocSpace objects, 0(0B) LOS objects, 38% free, 25MB/41MB, paused 319us total 34.454ms
08-04 11:59:36.878 15843 15856 I art     : Starting a blocking GC Explicit
08-04 11:59:36.912 15843 15856 I art     : Explicit concurrent mark sweep GC freed 8(256B) AllocSpace objects, 0(0B) LOS objects, 38% free, 25MB/41MB, paused 377us total 33.739ms
08-04 11:59:36.927 15843 15856 I art     : Starting a blocking GC Explicit
08-04 11:59:36.958 15843 15856 I art     : Explicit concurrent mark sweep GC freed 4(128B) AllocSpace objects, 0(0B) LOS objects, 38% free, 25MB/41MB, paused 288us total 31.096ms
08-04 11:59:36.972 15843 15856 I art     : Starting a blocking GC Explicit
08-04 11:59:37.001 15843 15856 I art     : Explicit concurrent mark sweep GC freed 4(160B) AllocSpace objects, 0(0B) LOS objects, 38% free, 25MB/41MB, paused 304us total 28.140ms
08-04 11:59:37.329 15843 16060 I art     : Starting a blocking GC Explicit
08-04 11:59:37.368 15843 16060 I art     : Explicit concurrent mark sweep GC freed 1293(75KB) AllocSpace objects, 1(20KB) LOS objects, 38% free, 25MB/41MB, paused 335us total 39.025ms
08-04 11:59:37.382 15843 16060 I art     : Starting a blocking GC Explicit
08-04 11:59:37.413 15843 16060 I art     : Explicit concurrent mark sweep GC freed 18(624B) AllocSpace objects, 0(0B) LOS objects, 38% free, 25MB/41MB, paused 305us total 30.652ms
08-04 11:59:37.425 15843 16060 I art     : Starting a blocking GC Explicit
08-04 11:59:37.455 15843 16060 I art     : Explicit concurrent mark sweep GC freed 3(96B) AllocSpace objects, 0(0B) LOS objects, 38% free, 25MB/41MB, paused 307us total 29.634ms
08-04 11:59:37.466 15843 16060 I art     : Starting a blocking GC Explicit
08-04 11:59:37.496 15843 16060 I art     : Explicit concurrent mark sweep GC freed 3(96B) AllocSpace objects, 0(0B) LOS objects, 38% free, 25MB/41MB, paused 294us total 29.624ms
08-04 11:59:37.508 15843 16060 I art     : Starting a blocking GC Explicit
08-04 11:59:37.537 15843 16060 I art     : Explicit concurrent mark sweep GC freed 3(96B) AllocSpace objects, 0(0B) LOS objects, 38% free, 25MB/41MB, paused 450us total 29.068ms
08-04 11:59:37.858 15843 15854 I art     : Starting a blocking GC Explicit
08-04 11:59:37.892 15843 15854 I art     : Explicit concurrent mark sweep GC freed 1293(75KB) AllocSpace objects, 1(20KB) LOS objects, 38% free, 25MB/41MB, paused 311us total 34.102ms
08-04 11:59:37.904 15843 15854 I art     : Starting a blocking GC Explicit
08-04 11:59:37.934 15843 15854 I art     : Explicit concurrent mark sweep GC freed 18(624B) AllocSpace objects, 0(0B) LOS objects, 38% free, 25MB/41MB, paused 308us total 29.906ms
08-04 11:59:37.945 15843 15854 I art     : Starting a blocking GC Explicit
08-04 11:59:37.975 15843 15854 I art     : Explicit concurrent mark sweep GC freed 3(96B) AllocSpace objects, 0(0B) LOS objects, 38% free, 25MB/41MB, paused 316us total 29.404ms
08-04 11:59:37.987 15843 15854 I art     : Starting a blocking GC Explicit
08-04 11:59:38.017 15843 15854 I art     : Explicit concurrent mark sweep GC freed 3(96B) AllocSpace objects, 0(0B) LOS objects, 38% free, 25MB/41MB, paused 358us total 30.018ms
08-04 11:59:38.029 15843 15854 I art     : Starting a blocking GC Explicit
08-04 11:59:38.059 15843 15854 I art     : Explicit concurrent mark sweep GC freed 3(96B) AllocSpace objects, 0(0B) LOS objects, 38% free, 25MB/41MB, paused 304us total 30.188ms
08-04 11:59:38.378 15843 15854 I art     : Starting a blocking GC Explicit
08-04 11:59:38.413 15843 15854 I art     : Explicit concurrent mark sweep GC freed 1373(78KB) AllocSpace objects, 1(20KB) LOS objects, 38% free, 25MB/41MB, paused 368us total 35.194ms
08-04 11:59:38.429 15843 15854 I art     : Starting a blocking GC Explicit
08-04 11:59:38.457 15843 15854 I art     : Explicit concurrent mark sweep GC freed 41(1696B) AllocSpace objects, 0(0B) LOS objects, 38% free, 25MB/41MB, paused 390us total 27.902ms
08-04 11:59:38.467 15843 15854 I art     : Starting a blocking GC Explicit
08-04 11:59:38.495 15843 15854 I art     : Explicit concurrent mark sweep GC freed 150(10KB) AllocSpace objects, 0(0B) LOS objects, 38% free, 25MB/41MB, paused 311us total 27.185ms
08-04 11:59:38.506 15843 15854 I art     : Starting a blocking GC Explicit
08-04 11:59:38.534 15843 15854 I art     : Explicit concurrent mark sweep GC freed 3(96B) AllocSpace objects, 0(0B) LOS objects, 38% free, 25MB/41MB, paused 315us total 28.138ms
08-04 11:59:38.545 15843 15854 I art     : Starting a blocking GC Explicit
08-04 11:59:38.574 15843 15854 I art     : Explicit concurrent mark sweep GC freed 3(96B) AllocSpace objects, 0(0B) LOS objects, 38% free, 25MB/41MB, paused 316us total 28.238ms
08-04 11:59:38.796 16420 16420 D AndroidRuntime: >>>>>> START com.android.internal.os.RuntimeInit uid 2000 <<<<<<
08-04 11:59:38.802 16420 16420 D AndroidRuntime: CheckJNI is OFF
08-04 11:59:38.837 16420 16420 D ICU     : No timezone override file found: /data/misc/zoneinfo/current/icu/icu_tzdata.dat
08-04 11:59:38.870 16420 16420 I Radio-JNI: register_android_hardware_Radio DONE
08-04 11:59:38.872 15843 15856 I art     : Starting a blocking GC Explicit
08-04 11:59:38.892 16420 16420 D AndroidRuntime: Calling main entry com.android.commands.input.Input
08-04 11:59:38.894 16420 16420 I Input   : injectMotionEvent: MotionEvent { action=ACTION_DOWN, actionButton=0, id[0]=0, x[0]=1215.0, y[0]=1450.0, toolType[0]=TOOL_TYPE_UNKNOWN, buttonState=0, metaState=0, flags=0x0, edgeFlags=0x0, pointerCount=1, historySize=0, eventTime=705595307, downTime=705595307, deviceId=0, source=0x1002 }
08-04 11:59:38.899 16420 16420 I Input   : injectMotionEvent: MotionEvent { action=ACTION_UP, actionButton=0, id[0]=0, x[0]=1215.0, y[0]=1450.0, toolType[0]=TOOL_TYPE_UNKNOWN, buttonState=0, metaState=0, flags=0x0, edgeFlags=0x0, pointerCount=1, historySize=0, eventTime=705595307, downTime=705595307, deviceId=0, source=0x1002 }
08-04 11:59:38.900 16420 16420 D AndroidRuntime: Shutting down VM
08-04 11:59:38.903 15843 15856 I art     : Explicit concurrent mark sweep GC freed 1297(75KB) AllocSpace objects, 1(20KB) LOS objects, 38% free, 25MB/41MB, paused 561us total 30.440ms
08-04 11:59:38.908   512  2967 D audio_hw_primary: out_set_parameters: enter: usecase(1: low-latency-playback) kvpairs: routing=2
08-04 11:59:38.915 15843 15856 I art     : Starting a blocking GC Explicit
08-04 11:59:38.921   512  2967 D audio_hw_primary: select_devices: out_snd_device(2: speaker) in_snd_device(0: none)
08-04 11:59:38.921   512  2967 D msm8974_platform: platform_send_audio_calibration: sending audio calibration for snd_device(2) acdb_id(15)
08-04 11:59:38.921   512  2967 I soundtrigger: audio_extn_sound_trigger_update_device_status: device 0x2 of type 0 for Event 1
08-04 11:59:38.936   512  2967 D audio_hw_primary: enable_snd_device: snd_device(2: speaker)
08-04 11:59:38.938   512  2967 D audio_hw_primary: enable_audio_route: apply and update mixer path: low-latency-playback speaker
08-04 11:59:38.944 15843 15856 I art     : Explicit concurrent mark sweep GC freed 323(26KB) AllocSpace objects, 0(0B) LOS objects, 38% free, 25MB/41MB, paused 386us total 28.610ms
08-04 11:59:38.955 15843 15856 I art     : Starting a blocking GC Explicit
08-04 11:59:38.983 15843 15856 I art     : Explicit concurrent mark sweep GC freed 318(22KB) AllocSpace objects, 0(0B) LOS objects, 38% free, 25MB/41MB, paused 374us total 27.676ms
08-04 11:59:38.993 15843 15856 I art     : Starting a blocking GC Explicit
08-04 11:59:39.020 15843 15856 I art     : Explicit concurrent mark sweep GC freed 820(60KB) AllocSpace objects, 1(40KB) LOS objects, 38% free, 25MB/41MB, paused 288us total 26.603ms
08-04 11:59:39.031 15843 15856 I art     : Starting a blocking GC Explicit
08-04 11:59:39.059 15843 15856 I art     : Explicit concurrent mark sweep GC freed 3(96B) AllocSpace objects, 0(0B) LOS objects, 38% free, 25MB/41MB, paused 336us total 28.017ms
08-04 11:59:39.323 15843 16060 I art     : Starting a blocking GC Explicit
08-04 11:59:39.354 15843 16060 I art     : Explicit concurrent mark sweep GC freed 1294(75KB) AllocSpace objects, 1(20KB) LOS objects, 38% free, 25MB/41MB, paused 303us total 30.194ms
08-04 11:59:39.365 15843 16060 I art     : Starting a blocking GC Explicit
08-04 11:59:39.395 15843 16060 I art     : Explicit concurrent mark sweep GC freed 18(624B) AllocSpace objects, 0(0B) LOS objects, 38% free, 25MB/41MB, paused 323us total 29.582ms
08-04 11:59:39.407 15843 16060 I art     : Starting a blocking GC Explicit
08-04 11:59:39.436 15843 16060 I art     : Explicit concurrent mark sweep GC freed 3(96B) AllocSpace objects, 0(0B) LOS objects, 38% free, 25MB/41MB, paused 322us total 29.410ms
08-04 11:59:39.448 15843 16060 I art     : Starting a blocking GC Explicit
08-04 11:59:39.477 15843 16060 I art     : Explicit concurrent mark sweep GC freed 3(96B) AllocSpace objects, 0(0B) LOS objects, 38% free, 25MB/41MB, paused 334us total 28.986ms
08-04 11:59:39.479   512  2967 D audio_hw_primary: disable_audio_route: reset and update mixer path: low-latency-playback speaker
08-04 11:59:39.480   512  2967 D audio_hw_primary: disable_snd_device: snd_device(2: speaker)
08-04 11:59:39.488 15843 16060 I art     : Starting a blocking GC Explicit
08-04 11:59:39.489   512  2967 I soundtrigger: audio_extn_sound_trigger_update_device_status: device 0x2 of type 0 for Event 0
08-04 11:59:39.516 15843 16060 I art     : Explicit concurrent mark sweep GC freed 3(96B) AllocSpace objects, 0(0B) LOS objects, 38% free, 25MB/41MB, paused 307us total 27.456ms
08-04 11:59:39.572 13866 13882 I PeriodicStatsRunner: PeriodicStatsRunner.call():175 call()
08-04 11:59:39.572 13866 13882 I PeriodicStatsRunner: PeriodicStatsRunner.call():179 No submit PeriodicStats since input started.
08-04 11:59:39.817 15843 16064 I art     : Starting a blocking GC Explicit
08-04 11:59:39.856 15843 16064 I art     : Explicit concurrent mark sweep GC freed 1293(75KB) AllocSpace objects, 1(20KB) LOS objects, 38% free, 25MB/41MB, paused 362us total 38.209ms
08-04 11:59:39.872 15843 16064 I art     : Starting a blocking GC Explicit
08-04 11:59:39.903 15843 16064 I art     : Explicit concurrent mark sweep GC freed 20(704B) AllocSpace objects, 0(0B) LOS objects, 38% free, 25MB/41MB, paused 325us total 30.801ms
08-04 11:59:39.914 15843 16064 I art     : Starting a blocking GC Explicit
08-04 11:59:39.944 15843 16064 I art     : Explicit concurrent mark sweep GC freed 3(96B) AllocSpace objects, 0(0B) LOS objects, 38% free, 25MB/41MB, paused 315us total 29.706ms
08-04 11:59:39.956 15843 16064 I art     : Starting a blocking GC Explicit
08-04 11:59:39.986 15843 16064 I art     : Explicit concurrent mark sweep GC freed 3(96B) AllocSpace objects, 0(0B) LOS objects, 38% free, 25MB/41MB, paused 332us total 29.855ms
08-04 11:59:39.998 15843 16064 I art     : Starting a blocking GC Explicit
08-04 11:59:40.029 15843 16064 I art     : Explicit concurrent mark sweep GC freed 3(96B) AllocSpace objects, 0(0B) LOS objects, 38% free, 25MB/41MB, paused 311us total 30.292ms
08-04 11:59:40.307 15843 15854 I art     : Starting a blocking GC Explicit
08-04 11:59:40.337 15843 15854 I art     : Explicit concurrent mark sweep GC freed 1293(75KB) AllocSpace objects, 1(20KB) LOS objects, 38% free, 25MB/41MB, paused 332us total 29.555ms
08-04 11:59:40.349 15843 15854 I art     : Starting a blocking GC Explicit
08-04 11:59:40.377 15843 15854 I art     : Explicit concurrent mark sweep GC freed 18(624B) AllocSpace objects, 0(0B) LOS objects, 38% free, 25MB/41MB, paused 341us total 28.234ms
08-04 11:59:40.388 15843 15854 I art     : Starting a blocking GC Explicit
08-04 11:59:40.417 15843 15854 I art     : Explicit concurrent mark sweep GC freed 3(96B) AllocSpace objects, 0(0B) LOS objects, 38% free, 25MB/41MB, paused 377us total 28.364ms
08-04 11:59:40.428 15843 15854 I art     : Starting a blocking GC Explicit
08-04 11:59:40.457 15843 15854 I art     : Explicit concurrent mark sweep GC freed 3(96B) AllocSpace objects, 0(0B) LOS objects, 38% free, 25MB/41MB, paused 312us total 28.394ms
08-04 11:59:40.468 15843 15854 I art     : Starting a blocking GC Explicit
08-04 11:59:40.497 15843 15854 I art     : Explicit concurrent mark sweep GC freed 3(96B) AllocSpace objects, 0(0B) LOS objects, 38% free, 25MB/41MB, paused 313us total 28.549ms
08-04 11:59:40.588 16464 16464 D AndroidRuntime: >>>>>> START com.android.internal.os.RuntimeInit uid 2000 <<<<<<
08-04 11:59:40.595 16464 16464 D AndroidRuntime: CheckJNI is OFF
08-04 11:59:40.639 16464 16464 D ICU     : No timezone override file found: /data/misc/zoneinfo/current/icu/icu_tzdata.dat
08-04 11:59:40.679 16464 16464 I Radio-JNI: register_android_hardware_Radio DONE
08-04 11:59:40.705 16464 16464 D AndroidRuntime: Calling main entry com.android.commands.input.Input
08-04 11:59:40.708 16464 16464 I Input   : injectMotionEvent: MotionEvent { action=ACTION_DOWN, actionButton=0, id[0]=0, x[0]=1215.0, y[0]=1482.0, toolType[0]=TOOL_TYPE_UNKNOWN, buttonState=0, metaState=0, flags=0x0, edgeFlags=0x0, pointerCount=1, historySize=0, eventTime=705597120, downTime=705597120, deviceId=0, source=0x1002 }
08-04 11:59:40.713 16464 16464 I Input   : injectMotionEvent: MotionEvent { action=ACTION_UP, actionButton=0, id[0]=0, x[0]=1215.0, y[0]=1482.0, toolType[0]=TOOL_TYPE_UNKNOWN, buttonState=0, metaState=0, flags=0x0, edgeFlags=0x0, pointerCount=1, historySize=0, eventTime=705597120, downTime=705597120, deviceId=0, source=0x1002 }
08-04 11:59:40.715 16464 16464 D AndroidRuntime: Shutting down VM
08-04 11:59:40.724   512  2967 D audio_hw_primary: out_set_parameters: enter: usecase(1: low-latency-playback) kvpairs: routing=2
08-04 11:59:40.738   512  2967 D audio_hw_primary: select_devices: out_snd_device(2: speaker) in_snd_device(0: none)
08-04 11:59:40.738   512  2967 D msm8974_platform: platform_send_audio_calibration: sending audio calibration for snd_device(2) acdb_id(15)
08-04 11:59:40.738   512  2967 I soundtrigger: audio_extn_sound_trigger_update_device_status: device 0x2 of type 0 for Event 1
08-04 11:59:40.739 15843 15843 I SettingsManager: Setting boolean: completedTutorial
08-04 11:59:40.747   918  5132 W BackupManagerService: dataChanged but no participant pkg='baseline.com.ak.uobtimetable' uid=10659
08-04 11:59:40.749 15843 15858 D OpenGLRenderer: endAllStagingAnimators on 0x7f94a7f400 (RippleDrawable) with handle 0x7f79f77420
08-04 11:59:40.750   512  2967 D audio_hw_primary: enable_snd_device: snd_device(2: speaker)
08-04 11:59:40.754   512  2967 D audio_hw_primary: enable_audio_route: apply and update mixer path: low-latency-playback speaker
08-04 11:59:40.757   918  4413 W InputMethodManagerService: Window already focused, ignoring focus gain of: com.android.internal.view.IInputMethodClient$Stub$Proxy@30c3c90 attribute=null, token = android.os.BinderProxy@312d3f4
08-04 11:59:40.807 15843 15856 I art     : Starting a blocking GC Explicit
08-04 11:59:40.834 15843 15856 I art     : Explicit concurrent mark sweep GC freed 1765(109KB) AllocSpace objects, 2(40KB) LOS objects, 38% free, 25MB/41MB, paused 307us total 26.051ms
08-04 11:59:40.844 15843 15856 I art     : Starting a blocking GC Explicit
08-04 11:59:40.869 15843 15856 I art     : Explicit concurrent mark sweep GC freed 1024(69KB) AllocSpace objects, 1(40KB) LOS objects, 38% free, 25MB/41MB, paused 291us total 24.886ms
08-04 11:59:40.880 15843 15856 I art     : Starting a blocking GC Explicit
08-04 11:59:40.905 15843 15856 I art     : Explicit concurrent mark sweep GC freed 3(96B) AllocSpace objects, 0(0B) LOS objects, 38% free, 25MB/41MB, paused 275us total 24.776ms
08-04 11:59:40.916 15843 15856 I art     : Starting a blocking GC Explicit
08-04 11:59:40.941 15843 15856 I art     : Explicit concurrent mark sweep GC freed 3(96B) AllocSpace objects, 0(0B) LOS objects, 38% free, 25MB/41MB, paused 303us total 25.493ms
08-04 11:59:40.952 15843 15856 I art     : Starting a blocking GC Explicit
08-04 11:59:40.979 15843 15856 I art     : Explicit concurrent mark sweep GC freed 3(96B) AllocSpace objects, 0(0B) LOS objects, 38% free, 25MB/41MB, paused 288us total 27.353ms
08-04 11:59:41.235 15843 16060 I art     : Starting a blocking GC Explicit
08-04 11:59:41.265 15843 16060 I art     : Explicit concurrent mark sweep GC freed 1293(75KB) AllocSpace objects, 1(20KB) LOS objects, 38% free, 25MB/41MB, paused 327us total 29.090ms
08-04 11:59:41.276 15843 16060 I art     : Starting a blocking GC Explicit
08-04 11:59:41.289   512  2967 D audio_hw_primary: disable_audio_route: reset and update mixer path: low-latency-playback speaker
08-04 11:59:41.290   512  2967 D audio_hw_primary: disable_snd_device: snd_device(2: speaker)
08-04 11:59:41.298   512  2967 I soundtrigger: audio_extn_sound_trigger_update_device_status: device 0x2 of type 0 for Event 0
08-04 11:59:41.305 15843 16060 I art     : Explicit concurrent mark sweep GC freed 18(624B) AllocSpace objects, 0(0B) LOS objects, 38% free, 25MB/41MB, paused 310us total 28.624ms
08-04 11:59:41.316 15843 16060 I art     : Starting a blocking GC Explicit
08-04 11:59:41.345 15843 16060 I art     : Explicit concurrent mark sweep GC freed 3(96B) AllocSpace objects, 0(0B) LOS objects, 38% free, 25MB/41MB, paused 316us total 28.913ms
08-04 11:59:41.357 15843 16060 I art     : Starting a blocking GC Explicit
08-04 11:59:41.386 15843 16060 I art     : Explicit concurrent mark sweep GC freed 3(96B) AllocSpace objects, 0(0B) LOS objects, 38% free, 25MB/41MB, paused 322us total 29.188ms
08-04 11:59:41.398 15843 16060 I art     : Starting a blocking GC Explicit
08-04 11:59:41.427 15843 16060 I art     : Explicit concurrent mark sweep GC freed 3(96B) AllocSpace objects, 0(0B) LOS objects, 38% free, 25MB/41MB, paused 383us total 29.261ms
08-04 11:59:41.728 15843 16064 I art     : Starting a blocking GC Explicit
08-04 11:59:41.766 15843 16064 I art     : Explicit concurrent mark sweep GC freed 1293(75KB) AllocSpace objects, 1(20KB) LOS objects, 38% free, 25MB/41MB, paused 355us total 37.741ms
08-04 11:59:41.781 15843 16064 I art     : Starting a blocking GC Explicit
08-04 11:59:41.811 15843 16064 I art     : Explicit concurrent mark sweep GC freed 18(624B) AllocSpace objects, 0(0B) LOS objects, 38% free, 25MB/41MB, paused 317us total 29.519ms
08-04 11:59:41.823 15843 16064 I art     : Starting a blocking GC Explicit
08-04 11:59:41.852 15843 16064 I art     : Explicit concurrent mark sweep GC freed 3(96B) AllocSpace objects, 0(0B) LOS objects, 38% free, 25MB/41MB, paused 316us total 29.411ms
08-04 11:59:41.864 15843 16064 I art     : Starting a blocking GC Explicit
08-04 11:59:41.894 15843 16064 I art     : Explicit concurrent mark sweep GC freed 3(96B) AllocSpace objects, 0(0B) LOS objects, 38% free, 25MB/41MB, paused 319us total 29.679ms
08-04 11:59:41.905 15843 16064 I art     : Starting a blocking GC Explicit
08-04 11:59:41.935 15843 16064 I art     : Explicit concurrent mark sweep GC freed 3(96B) AllocSpace objects, 0(0B) LOS objects, 38% free, 25MB/41MB, paused 317us total 29.730ms
08-04 11:59:42.004   918  3261 D WifiStateMachine: starting scan for "H369AA63323"WPA_PSK with 2412,5180
08-04 11:59:42.214 15843 15854 I art     : Starting a blocking GC Explicit
08-04 11:59:42.244 15843 15854 I art     : Explicit concurrent mark sweep GC freed 1293(75KB) AllocSpace objects, 1(20KB) LOS objects, 38% free, 25MB/41MB, paused 312us total 29.551ms
08-04 11:59:42.255 15843 15854 I art     : Starting a blocking GC Explicit
08-04 11:59:42.266 15756 15756 I ServiceManager: Waiting for service AtCmdFwd...
08-04 11:59:42.285 15843 15854 I art     : Explicit concurrent mark sweep GC freed 18(624B) AllocSpace objects, 0(0B) LOS objects, 38% free, 25MB/41MB, paused 317us total 29.138ms
08-04 11:59:42.296 15843 15854 I art     : Starting a blocking GC Explicit
08-04 11:59:42.324 15843 15854 I art     : Explicit concurrent mark sweep GC freed 3(96B) AllocSpace objects, 0(0B) LOS objects, 38% free, 25MB/41MB, paused 312us total 28.050ms
08-04 11:59:42.335 15843 15854 I art     : Starting a blocking GC Explicit
08-04 11:59:42.363 15843 15854 I art     : Explicit concurrent mark sweep GC freed 3(96B) AllocSpace objects, 0(0B) LOS objects, 38% free, 25MB/41MB, paused 306us total 27.563ms
08-04 11:59:42.374 15843 15854 I art     : Starting a blocking GC Explicit
08-04 11:59:42.375 16518 16518 D AndroidRuntime: >>>>>> START com.android.internal.os.RuntimeInit uid 2000 <<<<<<
08-04 11:59:42.380 16518 16518 D AndroidRuntime: CheckJNI is OFF
08-04 11:59:42.402 15843 15854 I art     : Explicit concurrent mark sweep GC freed 3(96B) AllocSpace objects, 0(0B) LOS objects, 38% free, 25MB/41MB, paused 308us total 27.977ms
08-04 11:59:42.418 16518 16518 D ICU     : No timezone override file found: /data/misc/zoneinfo/current/icu/icu_tzdata.dat
08-04 11:59:42.450 16518 16518 I Radio-JNI: register_android_hardware_Radio DONE
08-04 11:59:42.472 16518 16518 D AndroidRuntime: Calling main entry com.android.commands.input.Input
08-04 11:59:42.474 16518 16518 I Input   : injectMotionEvent: MotionEvent { action=ACTION_DOWN, actionButton=0, id[0]=0, x[0]=81.0, y[0]=176.0, toolType[0]=TOOL_TYPE_UNKNOWN, buttonState=0, metaState=0, flags=0x0, edgeFlags=0x0, pointerCount=1, historySize=0, eventTime=705598886, downTime=705598886, deviceId=0, source=0x1002 }
08-04 11:59:42.480 16518 16518 I Input   : injectMotionEvent: MotionEvent { action=ACTION_UP, actionButton=0, id[0]=0, x[0]=81.0, y[0]=176.0, toolType[0]=TOOL_TYPE_UNKNOWN, buttonState=0, metaState=0, flags=0x0, edgeFlags=0x0, pointerCount=1, historySize=0, eventTime=705598886, downTime=705598886, deviceId=0, source=0x1002 }
08-04 11:59:42.481 16518 16518 D AndroidRuntime: Shutting down VM
08-04 11:59:42.493   512  2967 D audio_hw_primary: out_set_parameters: enter: usecase(1: low-latency-playback) kvpairs: routing=2
08-04 11:59:42.506   512  2967 D audio_hw_primary: select_devices: out_snd_device(2: speaker) in_snd_device(0: none)
08-04 11:59:42.506   512  2967 D msm8974_platform: platform_send_audio_calibration: sending audio calibration for snd_device(2) acdb_id(15)
08-04 11:59:42.506   512  2967 I soundtrigger: audio_extn_sound_trigger_update_device_status: device 0x2 of type 0 for Event 1
08-04 11:59:42.519   512  2967 D audio_hw_primary: enable_snd_device: snd_device(2: speaker)
08-04 11:59:42.521   512  2967 D audio_hw_primary: enable_audio_route: apply and update mixer path: low-latency-playback speaker
08-04 11:59:42.546 13866 13866 I GoogleInputMethodServic: GoogleInputMethodService.onFinishInput():3138 
08-04 11:59:42.547 13866 13866 I GoogleInputMethodServic: GoogleInputMethodService.onStartInput():1808 
08-04 11:59:42.658 15843 15856 I art     : Starting a blocking GC Explicit
08-04 11:59:42.689 15843 15856 I art     : Explicit concurrent mark sweep GC freed 1713(96KB) AllocSpace objects, 1(20KB) LOS objects, 38% free, 25MB/41MB, paused 376us total 30.696ms
08-04 11:59:42.704 15843 15856 I art     : Starting a blocking GC Explicit
08-04 11:59:42.729 15843 15856 I art     : Explicit concurrent mark sweep GC freed 28(1120B) AllocSpace objects, 0(0B) LOS objects, 38% free, 25MB/41MB, paused 285us total 24.671ms
08-04 11:59:42.739 15843 15856 I art     : Starting a blocking GC Explicit
08-04 11:59:42.765 15843 15856 I art     : Explicit concurrent mark sweep GC freed 9(288B) AllocSpace objects, 0(0B) LOS objects, 38% free, 25MB/41MB, paused 285us total 25.563ms
08-04 11:59:42.776 15843 15856 I art     : Starting a blocking GC Explicit
08-04 11:59:42.802 15843 15856 I art     : Explicit concurrent mark sweep GC freed 3(96B) AllocSpace objects, 0(0B) LOS objects, 38% free, 25MB/41MB, paused 341us total 26.581ms
08-04 11:59:42.814 15843 15856 I art     : Starting a blocking GC Explicit
08-04 11:59:42.842 15843 15856 I art     : Explicit concurrent mark sweep GC freed 3(96B) AllocSpace objects, 0(0B) LOS objects, 38% free, 25MB/41MB, paused 285us total 28.134ms
08-04 11:59:43.060   512  2967 D audio_hw_primary: disable_audio_route: reset and update mixer path: low-latency-playback speaker
08-04 11:59:43.061   512  2967 D audio_hw_primary: disable_snd_device: snd_device(2: speaker)
08-04 11:59:43.069   512  2967 I soundtrigger: audio_extn_sound_trigger_update_device_status: device 0x2 of type 0 for Event 0
08-04 11:59:43.145 15843 15856 I art     : Starting a blocking GC Explicit
08-04 11:59:43.175 15843 15856 I art     : Explicit concurrent mark sweep GC freed 1311(76KB) AllocSpace objects, 1(20KB) LOS objects, 38% free, 25MB/41MB, paused 334us total 29.650ms
08-04 11:59:43.186 15843 15856 I art     : Starting a blocking GC Explicit
08-04 11:59:43.216 15843 15856 I art     : Explicit concurrent mark sweep GC freed 30(1008B) AllocSpace objects, 0(0B) LOS objects, 38% free, 25MB/41MB, paused 322us total 29.201ms
08-04 11:59:43.228 15843 15856 I art     : Starting a blocking GC Explicit
08-04 11:59:43.256 15843 15856 I art     : Explicit concurrent mark sweep GC freed 3(96B) AllocSpace objects, 0(0B) LOS objects, 38% free, 25MB/41MB, paused 371us total 28.624ms
08-04 11:59:43.267 15756 15756 I ServiceManager: Waiting for service AtCmdFwd...
08-04 11:59:43.268 15843 15856 I art     : Starting a blocking GC Explicit
08-04 11:59:43.296 15843 15856 I art     : Explicit concurrent mark sweep GC freed 3(96B) AllocSpace objects, 0(0B) LOS objects, 38% free, 25MB/41MB, paused 316us total 28.385ms
08-04 11:59:43.307 15843 15856 I art     : Starting a blocking GC Explicit
08-04 11:59:43.337 15843 15856 I art     : Explicit concurrent mark sweep GC freed 3(96B) AllocSpace objects, 0(0B) LOS objects, 38% free, 25MB/41MB, paused 449us total 29.434ms
08-04 11:59:43.630 15843 16060 I art     : Starting a blocking GC Explicit
08-04 11:59:43.667 15843 16060 I art     : Explicit concurrent mark sweep GC freed 1293(75KB) AllocSpace objects, 1(20KB) LOS objects, 38% free, 25MB/41MB, paused 350us total 36.740ms
08-04 11:59:43.680 15843 16060 I art     : Starting a blocking GC Explicit
08-04 11:59:43.710 15843 16060 I art     : Explicit concurrent mark sweep GC freed 18(624B) AllocSpace objects, 0(0B) LOS objects, 38% free, 25MB/41MB, paused 310us total 29.704ms
08-04 11:59:43.721 15843 16060 I art     : Starting a blocking GC Explicit
08-04 11:59:43.749 15843 16060 I art     : Explicit concurrent mark sweep GC freed 3(96B) AllocSpace objects, 0(0B) LOS objects, 38% free, 25MB/41MB, paused 304us total 27.329ms
08-04 11:59:43.759 15843 16060 I art     : Starting a blocking GC Explicit
08-04 11:59:43.785 15843 16060 I art     : Explicit concurrent mark sweep GC freed 3(96B) AllocSpace objects, 0(0B) LOS objects, 38% free, 25MB/41MB, paused 318us total 25.568ms
08-04 11:59:43.796 15843 16060 I art     : Starting a blocking GC Explicit
08-04 11:59:43.823 15843 16060 I art     : Explicit concurrent mark sweep GC freed 3(96B) AllocSpace objects, 0(0B) LOS objects, 38% free, 25MB/41MB, paused 315us total 27.212ms
08-04 11:59:44.105 15843 16064 I art     : Starting a blocking GC Explicit
08-04 11:59:44.129 16573 16573 D AndroidRuntime: >>>>>> START com.android.internal.os.RuntimeInit uid 2000 <<<<<<
08-04 11:59:44.133 15843 16064 I art     : Explicit concurrent mark sweep GC freed 1294(75KB) AllocSpace objects, 1(20KB) LOS objects, 38% free, 25MB/41MB, paused 433us total 27.604ms
08-04 11:59:44.135 16573 16573 D AndroidRuntime: CheckJNI is OFF
08-04 11:59:44.144 15843 16064 I art     : Starting a blocking GC Explicit
08-04 11:59:44.169 16573 16573 D ICU     : No timezone override file found: /data/misc/zoneinfo/current/icu/icu_tzdata.dat
08-04 11:59:44.172 15843 16064 I art     : Explicit concurrent mark sweep GC freed 37(1312B) AllocSpace objects, 0(0B) LOS objects, 38% free, 25MB/41MB, paused 334us total 27.680ms
08-04 11:59:44.185 15843 16064 I art     : Starting a blocking GC Explicit
08-04 11:59:44.203 16573 16573 I Radio-JNI: register_android_hardware_Radio DONE
08-04 11:59:44.211 15843 16064 I art     : Explicit concurrent mark sweep GC freed 8(256B) AllocSpace objects, 0(0B) LOS objects, 38% free, 25MB/41MB, paused 324us total 26.016ms
08-04 11:59:44.222 15843 16064 I art     : Starting a blocking GC Explicit
08-04 11:59:44.225 16573 16573 D AndroidRuntime: Calling main entry com.android.commands.input.Input
08-04 11:59:44.227 16573 16573 I Input   : injectMotionEvent: MotionEvent { action=ACTION_DOWN, actionButton=0, id[0]=0, x[0]=436.0, y[0]=1770.0, toolType[0]=TOOL_TYPE_UNKNOWN, buttonState=0, metaState=0, flags=0x0, edgeFlags=0x0, pointerCount=1, historySize=0, eventTime=705600640, downTime=705600640, deviceId=0, source=0x1002 }
08-04 11:59:44.232 16573 16573 I Input   : injectMotionEvent: MotionEvent { action=ACTION_UP, actionButton=0, id[0]=0, x[0]=436.0, y[0]=1770.0, toolType[0]=TOOL_TYPE_UNKNOWN, buttonState=0, metaState=0, flags=0x0, edgeFlags=0x0, pointerCount=1, historySize=0, eventTime=705600640, downTime=705600640, deviceId=0, source=0x1002 }
08-04 11:59:44.234 16573 16573 D AndroidRuntime: Shutting down VM
08-04 11:59:44.241 15843 15843 D MainActivity: NavigationItemSelected: Courses
08-04 11:59:44.242   512  2967 D audio_hw_primary: out_set_parameters: enter: usecase(1: low-latency-playback) kvpairs: routing=2
08-04 11:59:44.243   918  6112 I ActivityManager: START u0 {cmp=baseline.com.ak.uobtimetable/.CourseListActivity} from uid 10659 on display 0
08-04 11:59:44.250 15843 16064 I art     : Explicit concurrent mark sweep GC freed 29(1184B) AllocSpace objects, 0(0B) LOS objects, 38% free, 25MB/41MB, paused 350us total 28.443ms
08-04 11:59:44.255   512  2967 D audio_hw_primary: select_devices: out_snd_device(2: speaker) in_snd_device(0: none)
08-04 11:59:44.255   512  2967 D msm8974_platform: platform_send_audio_calibration: sending audio calibration for snd_device(2) acdb_id(15)
08-04 11:59:44.255   512  2967 I soundtrigger: audio_extn_sound_trigger_update_device_status: device 0x2 of type 0 for Event 1
08-04 11:59:44.261 15843 16064 I art     : Starting a blocking GC Explicit
08-04 11:59:44.267 15756 15756 I ServiceManager: Waiting for service AtCmdFwd...
08-04 11:59:44.268   512  2967 D audio_hw_primary: enable_snd_device: snd_device(2: speaker)
08-04 11:59:44.271   512  2967 D audio_hw_primary: enable_audio_route: apply and update mixer path: low-latency-playback speaker
08-04 11:59:44.272 15843 15843 D MainActivity: OnPause
08-04 11:59:44.290 15843 16064 I art     : Explicit concurrent mark sweep GC freed 673(32KB) AllocSpace objects, 0(0B) LOS objects, 38% free, 25MB/41MB, paused 599us total 28.467ms
08-04 11:59:44.303 15843 15843 D CourseListActivity: onCreate
08-04 11:59:44.304 15843 16597 D HTTP    : Request for: https://uob-timetable-api.adriankeenan.co.uk/courses
08-04 11:59:44.360   918   936 I ActivityManager: Displayed baseline.com.ak.uobtimetable/.CourseListActivity: +87ms
08-04 11:59:44.361 13866 13866 I GoogleInputMethodServic: GoogleInputMethodService.onFinishInput():3138 
08-04 11:59:44.361 13866 13866 I GoogleInputMethodServic: GoogleInputMethodService.onStartInput():1808 
08-04 11:59:44.560 15843 15856 I art     : Starting a blocking GC Explicit
08-04 11:59:44.564 15843 16597 I NAPPA_EXPERIMENTATION: MetricNetworkRequestExecutionTime: REQUEST_DURATION_SYSTEM='258',REQUEST_DURATION_OKHTTP='32',REQUEST_SYNCHRONOUS='TRUE',RESPONSE_CODE='200',RESPONSE_METHOD='GET',RESPONSE_LENGTH_OKHTTP='-1',RESPONSE_LENGTH_HEADER='-2',REQUEST_PROTOCOL='http/1.1',REQUEST_URL='https://uob-timetable-api.adriankeenan.co.uk/courses',
08-04 11:59:44.613 15843 15856 I art     : Explicit concurrent mark sweep GC freed 6115(344KB) AllocSpace objects, 4(220KB) LOS objects, 37% free, 26MB/42MB, paused 1.612ms total 52.449ms
08-04 11:59:44.629 15843 15856 I art     : Starting a blocking GC Explicit
08-04 11:59:44.654 15843 15856 I art     : Explicit concurrent mark sweep GC freed 1374(137KB) AllocSpace objects, 0(0B) LOS objects, 35% free, 29MB/45MB, paused 353us total 25.263ms
08-04 11:59:44.665 15843 15856 I art     : Starting a blocking GC Explicit
08-04 11:59:44.691 15843 15856 I art     : Explicit concurrent mark sweep GC freed 15(384B) AllocSpace objects, 0(0B) LOS objects, 33% free, 32MB/48MB, paused 477us total 26.576ms
08-04 11:59:44.702 15843 15856 I art     : Starting a blocking GC Explicit
08-04 11:59:44.726 15843 15843 D MainActivity: Saving state
08-04 11:59:44.726 15843 15843 D MainActivity: Saving current fragment: SessionListsFragment
08-04 11:59:44.727 15843 15843 D MainActivity: Saving current index: 1
08-04 11:59:44.729 15843 15843 D SessionListsFragment: Saving state
08-04 11:59:44.729 15843 15856 I art     : Explicit concurrent mark sweep GC freed 80(3KB) AllocSpace objects, 0(0B) LOS objects, 31% free, 34MB/50MB, paused 1.041ms total 27.073ms
08-04 11:59:44.741 15843 15856 I art     : Starting a blocking GC Explicit
08-04 11:59:44.769 15843 15856 I art     : Explicit concurrent mark sweep GC freed 159(7KB) AllocSpace objects, 0(0B) LOS objects, 30% free, 36MB/52MB, paused 357us total 27.340ms
08-04 11:59:44.809   512  2967 D audio_hw_primary: disable_audio_route: reset and update mixer path: low-latency-playback speaker
08-04 11:59:44.810   512  2967 D audio_hw_primary: disable_snd_device: snd_device(2: speaker)
08-04 11:59:44.817   512  2967 I soundtrigger: audio_extn_sound_trigger_update_device_status: device 0x2 of type 0 for Event 0
08-04 11:59:44.969 15843 16597 I HTTP    : Response was compressed.
08-04 11:59:45.046 15843 16064 I art     : Waiting for a blocking GC Explicit
08-04 11:59:45.069 15843 16064 I art     : WaitForGcToComplete blocked for 23.615ms for cause Explicit
08-04 11:59:45.069 15843 16064 I art     : Starting a blocking GC Explicit
08-04 11:59:45.100 15843 16064 I art     : Explicit concurrent mark sweep GC freed 19986(964KB) AllocSpace objects, 0(0B) LOS objects, 27% free, 41MB/57MB, paused 574us total 30.820ms
08-04 11:59:45.111 15843 16064 I art     : Starting a blocking GC Explicit
08-04 11:59:45.143 15843 16064 I art     : Explicit concurrent mark sweep GC freed 23680(1109KB) AllocSpace objects, 0(0B) LOS objects, 27% free, 41MB/57MB, paused 504us total 31.319ms
08-04 11:59:45.154 15843 16064 I art     : Starting a blocking GC Explicit
08-04 11:59:45.185 15843 16064 I art     : Explicit concurrent mark sweep GC freed 22923(1078KB) AllocSpace objects, 0(0B) LOS objects, 27% free, 41MB/57MB, paused 595us total 31.600ms
08-04 11:59:45.197 15843 16064 I art     : Starting a blocking GC Explicit
08-04 11:59:45.229 15843 16064 I art     : Explicit concurrent mark sweep GC freed 23850(1118KB) AllocSpace objects, 0(0B) LOS objects, 27% free, 41MB/57MB, paused 688us total 32.282ms
08-04 11:59:45.240 15843 16064 I art     : Starting a blocking GC Explicit
08-04 11:59:45.268 15756 15756 I ServiceManager: Waiting for service AtCmdFwd...
08-04 11:59:45.273 15843 16064 I art     : Explicit concurrent mark sweep GC freed 24034(1139KB) AllocSpace objects, 0(0B) LOS objects, 27% free, 41MB/57MB, paused 592us total 32.756ms
08-04 11:59:45.568 15843 16064 I art     : Starting a blocking GC Explicit
08-04 11:59:45.619 15843 16064 I art     : Explicit concurrent mark sweep GC freed 180067(8MB) AllocSpace objects, 1(20KB) LOS objects, 26% free, 43MB/59MB, paused 578us total 50.982ms
08-04 11:59:45.632 15843 16064 I art     : Starting a blocking GC Explicit
08-04 11:59:45.668 15843 16064 I art     : Explicit concurrent mark sweep GC freed 32222(1525KB) AllocSpace objects, 0(0B) LOS objects, 26% free, 43MB/59MB, paused 647us total 35.995ms
08-04 11:59:45.681 15843 16064 I art     : Starting a blocking GC Explicit
08-04 11:59:45.717 15843 16064 I art     : Explicit concurrent mark sweep GC freed 27086(1278KB) AllocSpace objects, 0(0B) LOS objects, 26% free, 43MB/59MB, paused 705us total 36.694ms
08-04 11:59:45.730 15843 16064 I art     : Starting a blocking GC Explicit
08-04 11:59:45.768 15843 16064 I art     : Explicit concurrent mark sweep GC freed 27022(1264KB) AllocSpace objects, 0(0B) LOS objects, 26% free, 43MB/59MB, paused 675us total 37.623ms
08-04 11:59:45.781 15843 16064 I art     : Starting a blocking GC Explicit
08-04 11:59:45.819 15843 16064 I art     : Explicit concurrent mark sweep GC freed 27774(1324KB) AllocSpace objects, 0(0B) LOS objects, 26% free, 44MB/60MB, paused 736us total 38.131ms
08-04 11:59:46.118 15843 16060 I art     : Starting a blocking GC Explicit
08-04 11:59:46.176 15843 16060 I art     : Explicit concurrent mark sweep GC freed 186365(8MB) AllocSpace objects, 1(20KB) LOS objects, 25% free, 45MB/61MB, paused 727us total 57.692ms
08-04 11:59:46.191 15843 16060 I art     : Starting a blocking GC Explicit
08-04 11:59:46.233 15843 16060 I art     : Explicit concurrent mark sweep GC freed 36009(1717KB) AllocSpace objects, 0(0B) LOS objects, 25% free, 45MB/61MB, paused 759us total 42.346ms
08-04 11:59:46.247 15843 16060 I art     : Starting a blocking GC Explicit
08-04 11:59:46.268 15756 15756 I ServiceManager: Waiting for service AtCmdFwd...
08-04 11:59:46.290 15843 16060 I art     : Explicit concurrent mark sweep GC freed 31141(1458KB) AllocSpace objects, 0(0B) LOS objects, 25% free, 46MB/62MB, paused 900us total 43.022ms
08-04 11:59:46.304 15843 16060 I art     : Starting a blocking GC Explicit
08-04 11:59:46.348 15843 16060 I art     : Explicit concurrent mark sweep GC freed 29892(1405KB) AllocSpace objects, 0(0B) LOS objects, 25% free, 46MB/62MB, paused 871us total 43.114ms
08-04 11:59:46.362 15843 16060 I art     : Starting a blocking GC Explicit
08-04 11:59:46.406 15843 16060 I art     : Explicit concurrent mark sweep GC freed 31529(1474KB) AllocSpace objects, 0(0B) LOS objects, 25% free, 46MB/62MB, paused 875us total 44.068ms
08-04 11:59:46.704 15843 15856 I art     : Starting a blocking GC Explicit
08-04 11:59:46.765 15843 15856 I art     : Explicit concurrent mark sweep GC freed 185936(8MB) AllocSpace objects, 1(20KB) LOS objects, 24% free, 48MB/64MB, paused 799us total 61.198ms
08-04 11:59:46.781 15843 15856 I art     : Starting a blocking GC Explicit
08-04 11:59:46.828 15843 15856 I art     : Explicit concurrent mark sweep GC freed 38306(1861KB) AllocSpace objects, 0(0B) LOS objects, 24% free, 48MB/64MB, paused 874us total 46.784ms
08-04 11:59:46.844 15843 15856 I art     : Starting a blocking GC Explicit
08-04 11:59:46.893 15843 15856 I art     : Explicit concurrent mark sweep GC freed 34348(1606KB) AllocSpace objects, 0(0B) LOS objects, 24% free, 48MB/64MB, paused 1.002ms total 48.859ms
08-04 11:59:46.908 15843 15856 I art     : Starting a blocking GC Explicit
08-04 11:59:46.958 15843 15856 I art     : Explicit concurrent mark sweep GC freed 33593(1601KB) AllocSpace objects, 0(0B) LOS objects, 24% free, 48MB/64MB, paused 953us total 49.204ms
08-04 11:59:46.973 15843 15856 I art     : Starting a blocking GC Explicit
08-04 11:59:47.022 15843 15856 I art     : Explicit concurrent mark sweep GC freed 34293(1617KB) AllocSpace objects, 0(0B) LOS objects, 24% free, 48MB/64MB, paused 1.069ms total 49.304ms
08-04 11:59:47.268 15756 15756 W Atfwd_Sendcmd: AtCmdFwd service not published, waiting... retryCnt : 4
08-04 11:59:47.321 15843 16064 I art     : Starting a blocking GC Explicit
08-04 11:59:47.393 15843 16064 I art     : Explicit concurrent mark sweep GC freed 191649(8MB) AllocSpace objects, 1(20KB) LOS objects, 24% free, 50MB/66MB, paused 938us total 71.156ms
08-04 11:59:47.410 15843 16064 I art     : Starting a blocking GC Explicit
08-04 11:59:47.463 15843 16064 I art     : Explicit concurrent mark sweep GC freed 42336(1986KB) AllocSpace objects, 0(0B) LOS objects, 24% free, 50MB/66MB, paused 1.046ms total 52.942ms
08-04 11:59:47.480 15843 16064 I art     : Starting a blocking GC Explicit
08-04 11:59:47.536 15843 16064 I art     : Explicit concurrent mark sweep GC freed 38274(1788KB) AllocSpace objects, 0(0B) LOS objects, 23% free, 50MB/66MB, paused 1.026ms total 55.661ms
08-04 11:59:47.547 13866 13882 I PeriodicStatsRunner: PeriodicStatsRunner.call():175 call()
08-04 11:59:47.547 13866 13882 I PeriodicStatsRunner: PeriodicStatsRunner.call():179 No submit PeriodicStats since input started.
08-04 11:59:47.553 15843 16064 I art     : Starting a blocking GC Explicit
08-04 11:59:47.608 15843 16064 I art     : Explicit concurrent mark sweep GC freed 37319(1765KB) AllocSpace objects, 0(0B) LOS objects, 23% free, 51MB/67MB, paused 1.135ms total 55.392ms
08-04 11:59:47.625 15843 16064 I art     : Starting a blocking GC Explicit
08-04 11:59:47.682 15843 16064 I art     : Explicit concurrent mark sweep GC freed 37919(1787KB) AllocSpace objects, 0(0B) LOS objects, 23% free, 51MB/67MB, paused 1.081ms total 56.298ms
08-04 11:59:47.769 15843 16597 I Service : getCourses response time: 0.69
08-04 11:59:47.780 15843 15843 I SettingsManager: Getting string: savedCourse
08-04 11:59:47.971 15843 16060 I art     : Starting a blocking GC Explicit
08-04 11:59:48.043 15843 16060 I art     : Explicit concurrent mark sweep GC freed 52883(2MB) AllocSpace objects, 2(15MB) LOS objects, 30% free, 36MB/52MB, paused 383us total 71.620ms
08-04 11:59:48.061 15843 16060 I art     : Starting a blocking GC Explicit
08-04 11:59:48.115 15843 16060 I art     : Explicit concurrent mark sweep GC freed 751(66KB) AllocSpace objects, 0(0B) LOS objects, 30% free, 36MB/52MB, paused 344us total 53.765ms
08-04 11:59:48.133 15843 16060 I art     : Starting a blocking GC Explicit
08-04 11:59:48.186 15843 16060 I art     : Explicit concurrent mark sweep GC freed 3(96B) AllocSpace objects, 0(0B) LOS objects, 30% free, 36MB/52MB, paused 345us total 52.599ms
08-04 11:59:48.205 15843 16060 I art     : Starting a blocking GC Explicit
08-04 11:59:48.257 15843 16060 I art     : Explicit concurrent mark sweep GC freed 3(96B) AllocSpace objects, 0(0B) LOS objects, 30% free, 36MB/52MB, paused 406us total 52.085ms
08-04 11:59:48.276 15843 16060 I art     : Starting a blocking GC Explicit
08-04 11:59:48.329 15843 16060 I art     : Explicit concurrent mark sweep GC freed 3(96B) AllocSpace objects, 0(0B) LOS objects, 30% free, 36MB/52MB, paused 361us total 52.953ms
08-04 11:59:48.690 15843 15856 I art     : Starting a blocking GC Explicit
08-04 11:59:48.760 15843 15856 I art     : Explicit concurrent mark sweep GC freed 1293(75KB) AllocSpace objects, 1(20KB) LOS objects, 30% free, 36MB/52MB, paused 377us total 69.379ms
08-04 11:59:48.779 15843 15856 I art     : Starting a blocking GC Explicit
08-04 11:59:48.837 15843 15856 I art     : Explicit concurrent mark sweep GC freed 18(624B) AllocSpace objects, 0(0B) LOS objects, 30% free, 36MB/52MB, paused 498us total 58.197ms
08-04 11:59:48.856 15843 15856 I art     : Starting a blocking GC Explicit
08-04 11:59:48.913 15843 15856 I art     : Explicit concurrent mark sweep GC freed 3(96B) AllocSpace objects, 0(0B) LOS objects, 30% free, 36MB/52MB, paused 367us total 56.547ms
08-04 11:59:48.932 15843 15856 I art     : Starting a blocking GC Explicit
08-04 11:59:48.990 15843 15856 I art     : Explicit concurrent mark sweep GC freed 3(96B) AllocSpace objects, 0(0B) LOS objects, 30% free, 36MB/52MB, paused 346us total 57.651ms
08-04 11:59:49.009 15843 15856 I art     : Starting a blocking GC Explicit
08-04 11:59:49.061 15843 15856 I art     : Explicit concurrent mark sweep GC freed 3(96B) AllocSpace objects, 0(0B) LOS objects, 30% free, 36MB/52MB, paused 375us total 52.051ms
08-04 11:59:49.361 13866 13882 I PeriodicStatsRunner: PeriodicStatsRunner.call():175 call()
08-04 11:59:49.362 13866 13882 I PeriodicStatsRunner: PeriodicStatsRunner.call():179 No submit PeriodicStats since input started.
08-04 11:59:49.406 15843 16064 I art     : Starting a blocking GC Explicit
08-04 11:59:49.470 15843 16064 I art     : Explicit concurrent mark sweep GC freed 1295(75KB) AllocSpace objects, 1(20KB) LOS objects, 30% free, 36MB/52MB, paused 362us total 64.391ms
08-04 11:59:49.489 15843 16064 I art     : Starting a blocking GC Explicit
08-04 11:59:49.542 15843 16064 I art     : Explicit concurrent mark sweep GC freed 18(624B) AllocSpace objects, 0(0B) LOS objects, 30% free, 36MB/52MB, paused 356us total 52.535ms
08-04 11:59:49.561 15843 16064 I art     : Starting a blocking GC Explicit
08-04 11:59:49.613 15843 16064 I art     : Explicit concurrent mark sweep GC freed 36(1760B) AllocSpace objects, 0(0B) LOS objects, 30% free, 36MB/52MB, paused 347us total 51.490ms
08-04 11:59:49.631 15843 16064 I art     : Starting a blocking GC Explicit
08-04 11:59:49.686 15843 16064 I art     : Explicit concurrent mark sweep GC freed 16(720B) AllocSpace objects, 0(0B) LOS objects, 30% free, 36MB/52MB, paused 333us total 54.785ms
08-04 11:59:49.686 15843 15853 I art     : WaitForGcToComplete blocked for 54.994ms for cause HeapTrim
08-04 11:59:49.704 15843 16064 I art     : Starting a blocking GC Explicit
08-04 11:59:49.759 15843 16064 I art     : Explicit concurrent mark sweep GC freed 6(208B) AllocSpace objects, 0(0B) LOS objects, 30% free, 36MB/52MB, paused 354us total 55.649ms
08-04 11:59:50.077 15843 15854 I art     : Starting a blocking GC Explicit
08-04 11:59:50.154 15843 15854 I art     : Explicit concurrent mark sweep GC freed 1294(75KB) AllocSpace objects, 1(20KB) LOS objects, 30% free, 36MB/52MB, paused 394us total 77.491ms
08-04 11:59:50.181 15843 15854 I art     : Starting a blocking GC Explicit
08-04 11:59:50.239 15843 15854 I art     : Explicit concurrent mark sweep GC freed 18(624B) AllocSpace objects, 0(0B) LOS objects, 30% free, 36MB/52MB, paused 350us total 57.655ms
08-04 11:59:50.258 15843 15854 I art     : Starting a blocking GC Explicit
08-04 11:59:50.315 15843 15854 I art     : Explicit concurrent mark sweep GC freed 3(96B) AllocSpace objects, 0(0B) LOS objects, 30% free, 36MB/52MB, paused 356us total 56.856ms
08-04 11:59:50.333 15843 15854 I art     : Starting a blocking GC Explicit
08-04 11:59:50.392 15843 15854 I art     : Explicit concurrent mark sweep GC freed 3(96B) AllocSpace objects, 0(0B) LOS objects, 30% free, 36MB/52MB, paused 341us total 58.840ms
08-04 11:59:50.411 15843 15854 I art     : Starting a blocking GC Explicit
08-04 11:59:50.468 15843 15854 I art     : Explicit concurrent mark sweep GC freed 3(96B) AllocSpace objects, 0(0B) LOS objects, 30% free, 36MB/52MB, paused 356us total 57.102ms
08-04 11:59:50.757 15843 16060 I art     : Starting a blocking GC Explicit
08-04 11:59:50.820 15843 16060 I art     : Explicit concurrent mark sweep GC freed 1293(75KB) AllocSpace objects, 1(20KB) LOS objects, 30% free, 36MB/52MB, paused 345us total 63.376ms
08-04 11:59:50.839 15843 16060 I art     : Starting a blocking GC Explicit
08-04 11:59:50.894 15843 16060 I art     : Explicit concurrent mark sweep GC freed 18(624B) AllocSpace objects, 0(0B) LOS objects, 30% free, 36MB/52MB, paused 344us total 55.034ms
08-04 11:59:50.913 15843 16060 I art     : Starting a blocking GC Explicit
08-04 11:59:50.937 16700 16700 D AndroidRuntime: >>>>>> START com.android.internal.os.RuntimeInit uid 2000 <<<<<<
08-04 11:59:50.942 16700 16700 D AndroidRuntime: CheckJNI is OFF
08-04 11:59:50.969 15843 16060 I art     : Explicit concurrent mark sweep GC freed 3(96B) AllocSpace objects, 0(0B) LOS objects, 30% free, 36MB/52MB, paused 354us total 55.865ms
08-04 11:59:50.977 16700 16700 D ICU     : No timezone override file found: /data/misc/zoneinfo/current/icu/icu_tzdata.dat
08-04 11:59:50.986 15843 16060 I art     : Starting a blocking GC Explicit
08-04 11:59:51.011 16700 16700 I Radio-JNI: register_android_hardware_Radio DONE
08-04 11:59:51.032 16700 16700 D AndroidRuntime: Calling main entry com.android.commands.input.Input
08-04 11:59:51.035 16700 16700 I Input   : injectMotionEvent: MotionEvent { action=ACTION_DOWN, actionButton=0, id[0]=0, x[0]=558.0, y[0]=368.0, toolType[0]=TOOL_TYPE_UNKNOWN, buttonState=0, metaState=0, flags=0x0, edgeFlags=0x0, pointerCount=1, historySize=0, eventTime=705607447, downTime=705607447, deviceId=0, source=0x1002 }
08-04 11:59:51.038 15843 16060 I art     : Explicit concurrent mark sweep GC freed 3(96B) AllocSpace objects, 0(0B) LOS objects, 30% free, 36MB/52MB, paused 533us total 51.085ms
08-04 11:59:51.039 16700 16700 I Input   : injectMotionEvent: MotionEvent { action=ACTION_UP, actionButton=0, id[0]=0, x[0]=558.0, y[0]=368.0, toolType[0]=TOOL_TYPE_UNKNOWN, buttonState=0, metaState=0, flags=0x0, edgeFlags=0x0, pointerCount=1, historySize=0, eventTime=705607447, downTime=705607447, deviceId=0, source=0x1002 }
08-04 11:59:51.041 16700 16700 D AndroidRuntime: Shutting down VM
08-04 11:59:51.054 15843 16060 I art     : Starting a blocking GC Explicit
08-04 11:59:51.104 15843 16060 I art     : Explicit concurrent mark sweep GC freed 309(37KB) AllocSpace objects, 0(0B) LOS objects, 30% free, 36MB/52MB, paused 606us total 49.553ms
08-04 11:59:51.387 15843 15854 I art     : Starting a blocking GC Explicit
08-04 11:59:51.450 15843 15854 I art     : Explicit concurrent mark sweep GC freed 2248(148KB) AllocSpace objects, 1(20KB) LOS objects, 30% free, 36MB/52MB, paused 459us total 62.632ms
08-04 11:59:51.469 15843 15854 I art     : Starting a blocking GC Explicit
08-04 11:59:51.523 15843 15854 I art     : Explicit concurrent mark sweep GC freed 74(3KB) AllocSpace objects, 0(0B) LOS objects, 30% free, 36MB/52MB, paused 309us total 54.080ms
08-04 11:59:51.540 15843 15854 I art     : Starting a blocking GC Explicit
08-04 11:59:51.589 15843 15854 I art     : Explicit concurrent mark sweep GC freed 17(544B) AllocSpace objects, 0(0B) LOS objects, 30% free, 36MB/52MB, paused 398us total 48.317ms
08-04 11:59:51.607 15843 15854 I art     : Starting a blocking GC Explicit
08-04 11:59:51.657 15843 15854 I art     : Explicit concurrent mark sweep GC freed 7(224B) AllocSpace objects, 0(0B) LOS objects, 30% free, 36MB/52MB, paused 371us total 49.469ms
08-04 11:59:51.674 15843 15854 I art     : Starting a blocking GC Explicit
08-04 11:59:51.725 15843 15854 I art     : Explicit concurrent mark sweep GC freed 7(224B) AllocSpace objects, 0(0B) LOS objects, 30% free, 36MB/52MB, paused 307us total 50.123ms
08-04 11:59:52.028 15843 15856 I art     : Starting a blocking GC Explicit
08-04 11:59:52.096 15843 15856 I art     : Explicit concurrent mark sweep GC freed 1343(77KB) AllocSpace objects, 1(20KB) LOS objects, 30% free, 36MB/52MB, paused 373us total 68.068ms
08-04 11:59:52.116 15843 15856 I art     : Starting a blocking GC Explicit
08-04 11:59:52.168 15843 15856 I art     : Explicit concurrent mark sweep GC freed 18(624B) AllocSpace objects, 0(0B) LOS objects, 30% free, 36MB/52MB, paused 408us total 51.873ms
08-04 11:59:52.187 15843 15856 I art     : Starting a blocking GC Explicit
08-04 11:59:52.241 15843 15856 I art     : Explicit concurrent mark sweep GC freed 3(96B) AllocSpace objects, 0(0B) LOS objects, 30% free, 36MB/52MB, paused 359us total 53.695ms
08-04 11:59:52.259 15843 15856 I art     : Starting a blocking GC Explicit
08-04 11:59:52.316 15843 15856 I art     : Explicit concurrent mark sweep GC freed 3(96B) AllocSpace objects, 0(0B) LOS objects, 30% free, 36MB/52MB, paused 363us total 56.003ms
08-04 11:59:52.334 15843 15856 I art     : Starting a blocking GC Explicit
08-04 11:59:52.389 15843 15856 I art     : Explicit concurrent mark sweep GC freed 3(96B) AllocSpace objects, 0(0B) LOS objects, 30% free, 36MB/52MB, paused 346us total 55.223ms
08-04 11:59:52.678 15843 15854 I art     : Starting a blocking GC Explicit
08-04 11:59:52.686 16745 16745 D AndroidRuntime: >>>>>> START com.android.internal.os.RuntimeInit uid 2000 <<<<<<
08-04 11:59:52.691 16745 16745 D AndroidRuntime: CheckJNI is OFF
08-04 11:59:52.730 16745 16745 D ICU     : No timezone override file found: /data/misc/zoneinfo/current/icu/icu_tzdata.dat
08-04 11:59:52.740 15843 15854 I art     : Explicit concurrent mark sweep GC freed 1296(75KB) AllocSpace objects, 1(20KB) LOS objects, 30% free, 36MB/52MB, paused 405us total 62.393ms
08-04 11:59:52.759 15843 15854 I art     : Starting a blocking GC Explicit
08-04 11:59:52.767 16745 16745 I Radio-JNI: register_android_hardware_Radio DONE
08-04 11:59:52.788 16745 16745 D AndroidRuntime: Calling main entry com.android.commands.input.Input
08-04 11:59:52.790 16745 16745 I Input   : injectMotionEvent: MotionEvent { action=ACTION_DOWN, actionButton=0, id[0]=0, x[0]=945.0, y[0]=1376.0, toolType[0]=TOOL_TYPE_UNKNOWN, buttonState=0, metaState=0, flags=0x0, edgeFlags=0x0, pointerCount=1, historySize=0, eventTime=705609203, downTime=705609203, deviceId=0, source=0x1002 }
08-04 11:59:52.796 16745 16745 I Input   : injectMotionEvent: MotionEvent { action=ACTION_UP, actionButton=0, id[0]=0, x[0]=945.0, y[0]=1376.0, toolType[0]=TOOL_TYPE_UNKNOWN, buttonState=0, metaState=0, flags=0x0, edgeFlags=0x0, pointerCount=1, historySize=0, eventTime=705609203, downTime=705609203, deviceId=0, source=0x1002 }
08-04 11:59:52.798 16745 16745 D AndroidRuntime: Shutting down VM
08-04 11:59:52.810 15843 15854 I art     : Explicit concurrent mark sweep GC freed 42(1504B) AllocSpace objects, 0(0B) LOS objects, 30% free, 36MB/52MB, paused 348us total 50.793ms
08-04 11:59:52.829 15843 15854 I art     : Starting a blocking GC Explicit
08-04 11:59:52.869   512  2967 D audio_hw_primary: out_set_parameters: enter: usecase(1: low-latency-playback) kvpairs: routing=2
08-04 11:59:52.881 15843 15854 I art     : Explicit concurrent mark sweep GC freed 52(2448B) AllocSpace objects, 0(0B) LOS objects, 30% free, 36MB/52MB, paused 357us total 52.211ms
08-04 11:59:52.883   512  2967 D audio_hw_primary: select_devices: out_snd_device(2: speaker) in_snd_device(0: none)
08-04 11:59:52.883   512  2967 D msm8974_platform: platform_send_audio_calibration: sending audio calibration for snd_device(2) acdb_id(15)
08-04 11:59:52.883   512  2967 I soundtrigger: audio_extn_sound_trigger_update_device_status: device 0x2 of type 0 for Event 1
08-04 11:59:52.887 13866 13866 I GoogleInputMethodServic: GoogleInputMethodService.onFinishInput():3138 
08-04 11:59:52.888 13866 13866 I GoogleInputMethodServic: GoogleInputMethodService.onStartInput():1808 
08-04 11:59:52.893   512  2967 D audio_hw_primary: enable_snd_device: snd_device(2: speaker)
08-04 11:59:52.895   512  2967 D audio_hw_primary: enable_audio_route: apply and update mixer path: low-latency-playback speaker
08-04 11:59:52.900 13866 13866 I GoogleInputMethodServic: GoogleInputMethodService.onFinishInput():3138 
08-04 11:59:52.901 15843 15854 I art     : Starting a blocking GC Explicit
08-04 11:59:52.903 13866 13866 I GoogleInputMethodServic: GoogleInputMethodService.onStartInput():1808 
08-04 11:59:52.956 15843 15854 I art     : Explicit concurrent mark sweep GC freed 846(50KB) AllocSpace objects, 0(0B) LOS objects, 30% free, 36MB/52MB, paused 539us total 54.521ms
08-04 11:59:52.975 15843 15854 I art     : Starting a blocking GC Explicit
08-04 11:59:53.026 15843 15854 I art     : Explicit concurrent mark sweep GC freed 777(64KB) AllocSpace objects, 0(0B) LOS objects, 30% free, 36MB/52MB, paused 320us total 50.731ms
08-04 11:59:53.223 15843 15858 D OpenGLRenderer: endAllStagingAnimators on 0x7f7e002400 (ListPopupWindow$DropDownListView) with handle 0x7f7a8b9000
08-04 11:59:53.296 15843 15854 I art     : Starting a blocking GC Explicit
08-04 11:59:53.356 15843 15854 I art     : Explicit concurrent mark sweep GC freed 1411(80KB) AllocSpace objects, 1(20KB) LOS objects, 30% free, 36MB/52MB, paused 368us total 59.892ms
08-04 11:59:53.375 15843 15854 I art     : Starting a blocking GC Explicit
08-04 11:59:53.429 15843 15854 I art     : Explicit concurrent mark sweep GC freed 574(38KB) AllocSpace objects, 0(0B) LOS objects, 30% free, 36MB/52MB, paused 352us total 53.397ms
08-04 11:59:53.438   512  2967 D audio_hw_primary: disable_audio_route: reset and update mixer path: low-latency-playback speaker
08-04 11:59:53.439   512  2967 D audio_hw_primary: disable_snd_device: snd_device(2: speaker)
08-04 11:59:53.447   512  2967 I soundtrigger: audio_extn_sound_trigger_update_device_status: device 0x2 of type 0 for Event 0
08-04 11:59:53.447 15843 15854 I art     : Starting a blocking GC Explicit
08-04 11:59:53.499 15843 15854 I art     : Explicit concurrent mark sweep GC freed 3(96B) AllocSpace objects, 0(0B) LOS objects, 30% free, 36MB/52MB, paused 352us total 52.094ms
08-04 11:59:53.519 15843 15854 I art     : Starting a blocking GC Explicit
08-04 11:59:53.572 15843 15854 I art     : Explicit concurrent mark sweep GC freed 3(96B) AllocSpace objects, 0(0B) LOS objects, 30% free, 36MB/52MB, paused 355us total 52.862ms
08-04 11:59:53.592 15843 15854 I art     : Starting a blocking GC Explicit
08-04 11:59:53.650 15843 15854 I art     : Explicit concurrent mark sweep GC freed 3(96B) AllocSpace objects, 0(0B) LOS objects, 30% free, 36MB/52MB, paused 364us total 58.024ms
08-04 11:59:53.941 15843 16060 I art     : Starting a blocking GC Explicit
08-04 11:59:54.016 15843 16060 I art     : Explicit concurrent mark sweep GC freed 1293(75KB) AllocSpace objects, 1(20KB) LOS objects, 30% free, 36MB/52MB, paused 368us total 74.584ms
08-04 11:59:54.034 15843 16060 I art     : Starting a blocking GC Explicit
08-04 11:59:54.085 15843 16060 I art     : Explicit concurrent mark sweep GC freed 18(624B) AllocSpace objects, 0(0B) LOS objects, 30% free, 36MB/52MB, paused 351us total 50.468ms
08-04 11:59:54.102 15843 16060 I art     : Starting a blocking GC Explicit
08-04 11:59:54.156 15843 16060 I art     : Explicit concurrent mark sweep GC freed 3(96B) AllocSpace objects, 0(0B) LOS objects, 30% free, 36MB/52MB, paused 353us total 54.060ms
08-04 11:59:54.173 15843 16060 I art     : Starting a blocking GC Explicit
08-04 11:59:54.229 15843 16060 I art     : Explicit concurrent mark sweep GC freed 3(96B) AllocSpace objects, 0(0B) LOS objects, 30% free, 36MB/52MB, paused 362us total 55.583ms
08-04 11:59:54.247 15843 16060 I art     : Starting a blocking GC Explicit
08-04 11:59:54.303 15843 16060 I art     : Explicit concurrent mark sweep GC freed 3(96B) AllocSpace objects, 0(0B) LOS objects, 30% free, 36MB/52MB, paused 340us total 55.869ms
08-04 11:59:54.444 16788 16788 D AndroidRuntime: >>>>>> START com.android.internal.os.RuntimeInit uid 2000 <<<<<<
08-04 11:59:54.451 16788 16788 D AndroidRuntime: CheckJNI is OFF
08-04 11:59:54.487 16788 16788 D ICU     : No timezone override file found: /data/misc/zoneinfo/current/icu/icu_tzdata.dat
08-04 11:59:54.520 16788 16788 I Radio-JNI: register_android_hardware_Radio DONE
08-04 11:59:54.541 16788 16788 D AndroidRuntime: Calling main entry com.android.commands.input.Input
08-04 11:59:54.543 16788 16788 I Input   : injectMotionEvent: MotionEvent { action=ACTION_DOWN, actionButton=0, id[0]=0, x[0]=481.0, y[0]=544.0, toolType[0]=TOOL_TYPE_UNKNOWN, buttonState=0, metaState=0, flags=0x0, edgeFlags=0x0, pointerCount=1, historySize=0, eventTime=705610955, downTime=705610955, deviceId=0, source=0x1002 }
08-04 11:59:54.548 16788 16788 I Input   : injectMotionEvent: MotionEvent { action=ACTION_UP, actionButton=0, id[0]=0, x[0]=481.0, y[0]=544.0, toolType[0]=TOOL_TYPE_UNKNOWN, buttonState=0, metaState=0, flags=0x0, edgeFlags=0x0, pointerCount=1, historySize=0, eventTime=705610955, downTime=705610955, deviceId=0, source=0x1002 }
08-04 11:59:54.549 16788 16788 D AndroidRuntime: Shutting down VM
08-04 11:59:54.600 15843 15856 I art     : Starting a blocking GC Explicit
08-04 11:59:54.652 15843 15856 I art     : Explicit concurrent mark sweep GC freed 2014(106KB) AllocSpace objects, 1(20KB) LOS objects, 30% free, 36MB/52MB, paused 430us total 51.449ms
08-04 11:59:54.669 15843 15856 I art     : Starting a blocking GC Explicit
08-04 11:59:54.718 15843 15856 I art     : Explicit concurrent mark sweep GC freed 73(4KB) AllocSpace objects, 0(0B) LOS objects, 30% free, 36MB/52MB, paused 370us total 48.195ms
08-04 11:59:54.734 15843 15856 I art     : Starting a blocking GC Explicit
08-04 11:59:54.782 15843 15856 I art     : Explicit concurrent mark sweep GC freed 46(1904B) AllocSpace objects, 0(0B) LOS objects, 30% free, 36MB/52MB, paused 324us total 47.590ms
08-04 11:59:54.782 15843 15853 I art     : WaitForGcToComplete blocked for 22.507ms for cause HeapTrim
08-04 11:59:54.798 15843 15856 I art     : Starting a blocking GC Explicit
08-04 11:59:54.848 15843 15856 I art     : Explicit concurrent mark sweep GC freed 15(560B) AllocSpace objects, 0(0B) LOS objects, 30% free, 36MB/52MB, paused 341us total 50.030ms
08-04 11:59:54.866 15843 15856 I art     : Starting a blocking GC Explicit
08-04 11:59:54.915 15843 15856 I art     : Explicit concurrent mark sweep GC freed 310(13KB) AllocSpace objects, 0(0B) LOS objects, 30% free, 36MB/52MB, paused 331us total 49.661ms
08-04 11:59:55.216 15843 16060 I art     : Starting a blocking GC Explicit
08-04 11:59:55.278 15843 16060 I art     : Explicit concurrent mark sweep GC freed 1334(77KB) AllocSpace objects, 1(20KB) LOS objects, 30% free, 36MB/52MB, paused 360us total 62.257ms
08-04 11:59:55.297 15843 16060 I art     : Starting a blocking GC Explicit
08-04 11:59:55.351 15843 16060 I art     : Explicit concurrent mark sweep GC freed 28(944B) AllocSpace objects, 0(0B) LOS objects, 30% free, 36MB/52MB, paused 368us total 53.003ms
08-04 11:59:55.370 15843 16060 I art     : Starting a blocking GC Explicit
08-04 11:59:55.424 15843 16060 I art     : Explicit concurrent mark sweep GC freed 3(96B) AllocSpace objects, 0(0B) LOS objects, 30% free, 36MB/52MB, paused 416us total 53.402ms
08-04 11:59:55.443 15843 16060 I art     : Starting a blocking GC Explicit
08-04 11:59:55.497 15843 16060 I art     : Explicit concurrent mark sweep GC freed 3(96B) AllocSpace objects, 0(0B) LOS objects, 30% free, 36MB/52MB, paused 361us total 54.084ms
08-04 11:59:55.516 15843 16060 I art     : Starting a blocking GC Explicit
08-04 11:59:55.570 15843 16060 I art     : Explicit concurrent mark sweep GC freed 3(96B) AllocSpace objects, 0(0B) LOS objects, 30% free, 36MB/52MB, paused 354us total 53.843ms
08-04 11:59:55.863 15843 15854 I art     : Starting a blocking GC Explicit
08-04 11:59:55.924 15843 15854 I art     : Explicit concurrent mark sweep GC freed 1293(75KB) AllocSpace objects, 1(20KB) LOS objects, 30% free, 36MB/52MB, paused 425us total 60.927ms
08-04 11:59:55.943 15843 15854 I art     : Starting a blocking GC Explicit
08-04 11:59:56.000 15843 15854 I art     : Explicit concurrent mark sweep GC freed 18(624B) AllocSpace objects, 0(0B) LOS objects, 30% free, 36MB/52MB, paused 356us total 56.752ms
08-04 11:59:56.018 15843 15854 I art     : Starting a blocking GC Explicit
08-04 11:59:56.074 15843 15854 I art     : Explicit concurrent mark sweep GC freed 3(96B) AllocSpace objects, 0(0B) LOS objects, 30% free, 36MB/52MB, paused 346us total 55.783ms
08-04 11:59:56.093 15843 15854 I art     : Starting a blocking GC Explicit
08-04 11:59:56.150 15843 15854 I art     : Explicit concurrent mark sweep GC freed 3(96B) AllocSpace objects, 0(0B) LOS objects, 30% free, 36MB/52MB, paused 353us total 57.176ms
08-04 11:59:56.168 15843 15854 I art     : Starting a blocking GC Explicit
08-04 11:59:56.214 16827 16827 D AndroidRuntime: >>>>>> START com.android.internal.os.RuntimeInit uid 2000 <<<<<<
08-04 11:59:56.219 16827 16827 D AndroidRuntime: CheckJNI is OFF
08-04 11:59:56.221 15843 15854 I art     : Explicit concurrent mark sweep GC freed 3(96B) AllocSpace objects, 0(0B) LOS objects, 30% free, 36MB/52MB, paused 415us total 52.188ms
08-04 11:59:56.254 16827 16827 D ICU     : No timezone override file found: /data/misc/zoneinfo/current/icu/icu_tzdata.dat
08-04 11:59:56.284 16827 16827 I Radio-JNI: register_android_hardware_Radio DONE
08-04 11:59:56.306 16827 16827 D AndroidRuntime: Calling main entry com.android.commands.input.Input
08-04 11:59:56.308 16827 16827 I Input   : injectMotionEvent: MotionEvent { action=ACTION_DOWN, actionButton=0, id[0]=0, x[0]=310.0, y[0]=906.0, toolType[0]=TOOL_TYPE_UNKNOWN, buttonState=0, metaState=0, flags=0x0, edgeFlags=0x0, pointerCount=1, historySize=0, eventTime=705612721, downTime=705612721, deviceId=0, source=0x1002 }
08-04 11:59:56.313 16827 16827 I Input   : injectMotionEvent: MotionEvent { action=ACTION_UP, actionButton=0, id[0]=0, x[0]=310.0, y[0]=906.0, toolType[0]=TOOL_TYPE_UNKNOWN, buttonState=0, metaState=0, flags=0x0, edgeFlags=0x0, pointerCount=1, historySize=0, eventTime=705612721, downTime=705612721, deviceId=0, source=0x1002 }
08-04 11:59:56.315 16827 16827 D AndroidRuntime: Shutting down VM
08-04 11:59:56.389   512  2967 D audio_hw_primary: out_set_parameters: enter: usecase(1: low-latency-playback) kvpairs: routing=2
08-04 11:59:56.402   512  2967 D audio_hw_primary: select_devices: out_snd_device(2: speaker) in_snd_device(0: none)
08-04 11:59:56.402   512  2967 D msm8974_platform: platform_send_audio_calibration: sending audio calibration for snd_device(2) acdb_id(15)
08-04 11:59:56.402   512  2967 I soundtrigger: audio_extn_sound_trigger_update_device_status: device 0x2 of type 0 for Event 1
08-04 11:59:56.407 13866 13866 I GoogleInputMethodServic: GoogleInputMethodService.onFinishInput():3138 
08-04 11:59:56.408 13866 13866 I GoogleInputMethodServic: GoogleInputMethodService.onStartInput():1808 
08-04 11:59:56.417   512  2967 D audio_hw_primary: enable_snd_device: snd_device(2: speaker)
08-04 11:59:56.420   512  2967 D audio_hw_primary: enable_audio_route: apply and update mixer path: low-latency-playback speaker
08-04 11:59:56.421 13866 13866 I GoogleInputMethodServic: GoogleInputMethodService.onFinishInput():3138 
08-04 11:59:56.421 13866 13866 I GoogleInputMethodServic: GoogleInputMethodService.onStartInput():1808 
08-04 11:59:56.489 15843 16060 I art     : Starting a blocking GC Explicit
08-04 11:59:56.548 15843 16060 I art     : Explicit concurrent mark sweep GC freed 2279(120KB) AllocSpace objects, 1(20KB) LOS objects, 30% free, 36MB/52MB, paused 339us total 59.194ms
08-04 11:59:56.567 15843 16060 I art     : Starting a blocking GC Explicit
08-04 11:59:56.619 15843 16060 I art     : Explicit concurrent mark sweep GC freed 727(64KB) AllocSpace objects, 0(0B) LOS objects, 30% free, 36MB/52MB, paused 338us total 52.438ms
08-04 11:59:56.638 15843 16060 I art     : Starting a blocking GC Explicit
08-04 11:59:56.690 15843 16060 I art     : Explicit concurrent mark sweep GC freed 3(96B) AllocSpace objects, 0(0B) LOS objects, 30% free, 36MB/52MB, paused 893us total 52.162ms
08-04 11:59:56.708 15843 16060 I art     : Starting a blocking GC Explicit
08-04 11:59:56.739 15843 15858 D OpenGLRenderer: endAllStagingAnimators on 0x7f7f61f800 (ListPopupWindow$DropDownListView) with handle 0x7f7a85ad80
08-04 11:59:56.758 15843 16060 I art     : Explicit concurrent mark sweep GC freed 105(4KB) AllocSpace objects, 0(0B) LOS objects, 30% free, 36MB/52MB, paused 309us total 50.179ms
08-04 11:59:56.775 15843 16060 I art     : Starting a blocking GC Explicit
08-04 11:59:56.826 15843 16060 I art     : Explicit concurrent mark sweep GC freed 29(1216B) AllocSpace objects, 0(0B) LOS objects, 30% free, 36MB/52MB, paused 346us total 50.693ms
08-04 11:59:56.971   512  2967 D audio_hw_primary: disable_audio_route: reset and update mixer path: low-latency-playback speaker
08-04 11:59:56.972   512  2967 D audio_hw_primary: disable_snd_device: snd_device(2: speaker)
08-04 11:59:56.979   512  2967 I soundtrigger: audio_extn_sound_trigger_update_device_status: device 0x2 of type 0 for Event 0
08-04 11:59:57.133 15843 15854 I art     : Starting a blocking GC Explicit
08-04 11:59:57.207 15843 15854 I art     : Explicit concurrent mark sweep GC freed 1770(107KB) AllocSpace objects, 1(20KB) LOS objects, 30% free, 36MB/52MB, paused 365us total 73.861ms
08-04 11:59:57.226 15843 15854 I art     : Starting a blocking GC Explicit
08-04 11:59:57.284 15843 15854 I art     : Explicit concurrent mark sweep GC freed 18(624B) AllocSpace objects, 0(0B) LOS objects, 30% free, 36MB/52MB, paused 366us total 58.451ms
08-04 11:59:57.304 15843 15854 I art     : Starting a blocking GC Explicit
08-04 11:59:57.362 15843 15854 I art     : Explicit concurrent mark sweep GC freed 3(96B) AllocSpace objects, 0(0B) LOS objects, 30% free, 36MB/52MB, paused 362us total 58.397ms
08-04 11:59:57.382 15843 15854 I art     : Starting a blocking GC Explicit
08-04 11:59:57.439 15843 15854 I art     : Explicit concurrent mark sweep GC freed 3(96B) AllocSpace objects, 0(0B) LOS objects, 30% free, 36MB/52MB, paused 357us total 56.923ms
08-04 11:59:57.458 15843 15854 I art     : Starting a blocking GC Explicit
08-04 11:59:57.516 15843 15854 I art     : Explicit concurrent mark sweep GC freed 3(96B) AllocSpace objects, 0(0B) LOS objects, 30% free, 36MB/52MB, paused 398us total 57.130ms
08-04 11:59:57.801 15843 16064 I art     : Starting a blocking GC Explicit
08-04 11:59:57.868 15843 16064 I art     : Explicit concurrent mark sweep GC freed 1293(75KB) AllocSpace objects, 1(20KB) LOS objects, 30% free, 36MB/52MB, paused 401us total 66.757ms
08-04 11:59:57.887 15843 16064 I art     : Starting a blocking GC Explicit
08-04 11:59:57.888 13866 13882 I PeriodicStatsRunner: PeriodicStatsRunner.call():175 call()
08-04 11:59:57.888 13866 13882 I PeriodicStatsRunner: PeriodicStatsRunner.call():179 No submit PeriodicStats since input started.
08-04 11:59:57.900 13866 13882 I PeriodicStatsRunner: PeriodicStatsRunner.call():175 call()
08-04 11:59:57.900 13866 13882 I PeriodicStatsRunner: PeriodicStatsRunner.call():179 No submit PeriodicStats since input started.
08-04 11:59:57.943 15843 16064 I art     : Explicit concurrent mark sweep GC freed 18(624B) AllocSpace objects, 0(0B) LOS objects, 30% free, 36MB/52MB, paused 356us total 55.973ms
08-04 11:59:57.961 15843 16064 I art     : Starting a blocking GC Explicit
08-04 11:59:57.982 16866 16866 D AndroidRuntime: >>>>>> START com.android.internal.os.RuntimeInit uid 2000 <<<<<<
08-04 11:59:57.987 16866 16866 D AndroidRuntime: CheckJNI is OFF
08-04 11:59:58.016 15843 16064 I art     : Explicit concurrent mark sweep GC freed 3(96B) AllocSpace objects, 0(0B) LOS objects, 30% free, 36MB/52MB, paused 361us total 55.589ms
08-04 11:59:58.022 16866 16866 D ICU     : No timezone override file found: /data/misc/zoneinfo/current/icu/icu_tzdata.dat
08-04 11:59:58.035 15843 16064 I art     : Starting a blocking GC Explicit
08-04 11:59:58.057 16866 16866 I Radio-JNI: register_android_hardware_Radio DONE
08-04 11:59:58.078 16866 16866 D AndroidRuntime: Calling main entry com.android.commands.input.Input
08-04 11:59:58.080 16866 16866 I Input   : injectMotionEvent: MotionEvent { action=ACTION_DOWN, actionButton=0, id[0]=0, x[0]=648.0, y[0]=709.0, toolType[0]=TOOL_TYPE_UNKNOWN, buttonState=0, metaState=0, flags=0x0, edgeFlags=0x0, pointerCount=1, historySize=0, eventTime=705614493, downTime=705614493, deviceId=0, source=0x1002 }
08-04 11:59:58.086 16866 16866 I Input   : injectMotionEvent: MotionEvent { action=ACTION_UP, actionButton=0, id[0]=0, x[0]=648.0, y[0]=709.0, toolType[0]=TOOL_TYPE_UNKNOWN, buttonState=0, metaState=0, flags=0x0, edgeFlags=0x0, pointerCount=1, historySize=0, eventTime=705614493, downTime=705614493, deviceId=0, source=0x1002 }
08-04 11:59:58.087 15843 16064 I art     : Explicit concurrent mark sweep GC freed 3(96B) AllocSpace objects, 0(0B) LOS objects, 30% free, 36MB/52MB, paused 316us total 51.836ms
08-04 11:59:58.088 16866 16866 D AndroidRuntime: Shutting down VM
08-04 11:59:58.107 15843 16064 I art     : Starting a blocking GC Explicit
08-04 11:59:58.153   512  2967 D audio_hw_primary: out_set_parameters: enter: usecase(1: low-latency-playback) kvpairs: routing=2
08-04 11:59:58.159 15843 16064 I art     : Explicit concurrent mark sweep GC freed 136(12KB) AllocSpace objects, 1(20KB) LOS objects, 30% free, 36MB/52MB, paused 585us total 51.635ms
08-04 11:59:58.166   512  2967 D audio_hw_primary: select_devices: out_snd_device(2: speaker) in_snd_device(0: none)
08-04 11:59:58.166   512  2967 D msm8974_platform: platform_send_audio_calibration: sending audio calibration for snd_device(2) acdb_id(15)
08-04 11:59:58.166   512  2967 I soundtrigger: audio_extn_sound_trigger_update_device_status: device 0x2 of type 0 for Event 1
08-04 11:59:58.176   512  2967 D audio_hw_primary: enable_snd_device: snd_device(2: speaker)
08-04 11:59:58.178   512  2967 D audio_hw_primary: enable_audio_route: apply and update mixer path: low-latency-playback speaker
08-04 11:59:58.436 15843 16060 I art     : Starting a blocking GC Explicit
08-04 11:59:58.513 15843 16060 I art     : Explicit concurrent mark sweep GC freed 1955(122KB) AllocSpace objects, 1(20KB) LOS objects, 30% free, 36MB/52MB, paused 401us total 77.259ms
08-04 11:59:58.537 15843 16060 I art     : Starting a blocking GC Explicit
08-04 11:59:58.598 15843 16060 I art     : Explicit concurrent mark sweep GC freed 129(5KB) AllocSpace objects, 0(0B) LOS objects, 30% free, 36MB/52MB, paused 381us total 60.551ms
08-04 11:59:58.620 15843 16060 I art     : Starting a blocking GC Explicit
08-04 11:59:58.687 15843 16060 I art     : Explicit concurrent mark sweep GC freed 5(160B) AllocSpace objects, 0(0B) LOS objects, 30% free, 36MB/52MB, paused 364us total 67.179ms
08-04 11:59:58.712 15843 16060 I art     : Starting a blocking GC Explicit
08-04 11:59:58.719   512  2967 D audio_hw_primary: disable_audio_route: reset and update mixer path: low-latency-playback speaker
08-04 11:59:58.721   512  2967 D audio_hw_primary: disable_snd_device: snd_device(2: speaker)
08-04 11:59:58.729   512  2967 I soundtrigger: audio_extn_sound_trigger_update_device_status: device 0x2 of type 0 for Event 0
08-04 11:59:58.773 15843 16060 I art     : Explicit concurrent mark sweep GC freed 3(96B) AllocSpace objects, 0(0B) LOS objects, 30% free, 36MB/52MB, paused 378us total 60.430ms
08-04 11:59:58.798 15843 16060 I art     : Starting a blocking GC Explicit
08-04 11:59:58.862 15843 16060 I art     : Explicit concurrent mark sweep GC freed 5(160B) AllocSpace objects, 0(0B) LOS objects, 30% free, 36MB/52MB, paused 324us total 63.371ms
08-04 11:59:59.160 15843 15856 I art     : Starting a blocking GC Explicit
08-04 11:59:59.233 15843 15856 I art     : Explicit concurrent mark sweep GC freed 1293(75KB) AllocSpace objects, 1(20KB) LOS objects, 30% free, 36MB/52MB, paused 371us total 73.538ms
08-04 11:59:59.252 15843 15856 I art     : Starting a blocking GC Explicit
08-04 11:59:59.310 15843 15856 I art     : Explicit concurrent mark sweep GC freed 20(688B) AllocSpace objects, 0(0B) LOS objects, 30% free, 36MB/52MB, paused 366us total 57.515ms
08-04 11:59:59.330 15843 15856 I art     : Starting a blocking GC Explicit
08-04 11:59:59.385 15843 15856 I art     : Explicit concurrent mark sweep GC freed 3(96B) AllocSpace objects, 0(0B) LOS objects, 30% free, 36MB/52MB, paused 361us total 54.755ms
08-04 11:59:59.402 15843 15856 I art     : Starting a blocking GC Explicit
08-04 11:59:59.457 15843 15856 I art     : Explicit concurrent mark sweep GC freed 3(96B) AllocSpace objects, 0(0B) LOS objects, 30% free, 36MB/52MB, paused 407us total 54.850ms
08-04 11:59:59.475 15843 15856 I art     : Starting a blocking GC Explicit
08-04 11:59:59.531 15843 15856 I art     : Explicit concurrent mark sweep GC freed 3(96B) AllocSpace objects, 0(0B) LOS objects, 30% free, 36MB/52MB, paused 361us total 55.884ms
08-04 11:59:59.740 16910 16910 D AndroidRuntime: >>>>>> START com.android.internal.os.RuntimeInit uid 2000 <<<<<<
08-04 11:59:59.746 16910 16910 D AndroidRuntime: CheckJNI is OFF
08-04 11:59:59.777 16910 16910 D ICU     : No timezone override file found: /data/misc/zoneinfo/current/icu/icu_tzdata.dat
08-04 11:59:59.813 16910 16910 I Radio-JNI: register_android_hardware_Radio DONE
08-04 11:59:59.830 15843 15854 I art     : Starting a blocking GC Explicit
08-04 11:59:59.838 16910 16910 D AndroidRuntime: Calling main entry com.android.commands.input.Input
08-04 11:59:59.840 16910 16910 I Input   : injectMotionEvent: MotionEvent { action=ACTION_DOWN, actionButton=0, id[0]=0, x[0]=1197.0, y[0]=1456.0, toolType[0]=TOOL_TYPE_UNKNOWN, buttonState=0, metaState=0, flags=0x0, edgeFlags=0x0, pointerCount=1, historySize=0, eventTime=705616253, downTime=705616253, deviceId=0, source=0x1002 }
08-04 11:59:59.846 16910 16910 I Input   : injectMotionEvent: MotionEvent { action=ACTION_UP, actionButton=0, id[0]=0, x[0]=1197.0, y[0]=1456.0, toolType[0]=TOOL_TYPE_UNKNOWN, buttonState=0, metaState=0, flags=0x0, edgeFlags=0x0, pointerCount=1, historySize=0, eventTime=705616253, downTime=705616253, deviceId=0, source=0x1002 }
08-04 11:59:59.848 16910 16910 D AndroidRuntime: Shutting down VM
08-04 11:59:59.860   512  2967 D audio_hw_primary: out_set_parameters: enter: usecase(1: low-latency-playback) kvpairs: routing=2
08-04 11:59:59.873   512  2967 D audio_hw_primary: select_devices: out_snd_device(2: speaker) in_snd_device(0: none)
08-04 11:59:59.873   512  2967 D msm8974_platform: platform_send_audio_calibration: sending audio calibration for snd_device(2) acdb_id(15)
08-04 11:59:59.874   512  2967 I soundtrigger: audio_extn_sound_trigger_update_device_status: device 0x2 of type 0 for Event 1
08-04 11:59:59.883   512  2967 D audio_hw_primary: enable_snd_device: snd_device(2: speaker)
08-04 11:59:59.885   512  2967 D audio_hw_primary: enable_audio_route: apply and update mixer path: low-latency-playback speaker
08-04 11:59:59.888 15843 15858 D OpenGLRenderer: endAllStagingAnimators on 0x7f94a7f400 (RippleDrawable) with handle 0x7f79f778e0
08-04 11:59:59.896 15843 15843 I SettingsManager: Setting string: savedCourse
08-04 11:59:59.898 15843 15854 I art     : Explicit concurrent mark sweep GC freed 3541(178KB) AllocSpace objects, 1(20KB) LOS objects, 30% free, 36MB/52MB, paused 628us total 67.621ms
08-04 11:59:59.899 15843 15853 I art     : WaitForGcToComplete blocked for 49.996ms for cause HeapTrim
08-04 11:59:59.903   918  3961 W BackupManagerService: dataChanged but no participant pkg='baseline.com.ak.uobtimetable' uid=10659
08-04 11:59:59.904   918  5132 I ActivityManager: START u0 {flg=0x4000000 cmp=baseline.com.ak.uobtimetable/.MainActivity (has extras)} from uid 10659 on display 0
08-04 11:59:59.917   918  6112 W InputMethodManagerService: Focus gain on non-focused client com.android.internal.view.IInputMethodClient$Stub$Proxy@37b783 (uid=10659 pid=15843)
08-04 11:59:59.917 15843 15854 I art     : Starting a blocking GC Explicit
08-04 11:59:59.929 15843 15843 D MainActivity: OnDestroy
08-04 11:59:59.949 15843 15843 D MainActivity: onCreate
08-04 11:59:59.949 15843 15843 I SettingsManager: Getting string: savedSessions
08-04 11:59:59.949 15843 15843 I SettingsManager: Getting string: savedSessions
08-04 11:59:59.956 15843 15843 I SettingsManager: Getting string: savedSessionsCourseName
08-04 11:59:59.956 15843 15843 I SettingsManager: Getting string: savedSessionsCourseName
08-04 11:59:59.956 15843 15843 I SettingsManager: Getting string: savedSessionsDateRange
08-04 11:59:59.956 15843 15843 I SettingsManager: Getting string: savedSessionsDateRange
08-04 11:59:59.956 15843 15843 I Settings: 10 saved sessions - Bedfordshire International and EU Foundation Year - Int Foun - Ltn - Y0 Feb FT - Weeks: 24-38 (8 Jun 2020-20 Sep 2020)
08-04 11:59:59.973 15843 15854 I art     : Explicit concurrent mark sweep GC freed 8920(426KB) AllocSpace objects, 1(20KB) LOS objects, 30% free, 37MB/53MB, paused 595us total 55.780ms
08-04 11:59:59.989 15843 15843 I SettingsManager: Getting string: savedCourse
08-04 11:59:59.989 15843 15843 D MainActivity: sessionListFragmentArg: updateSessions
08-04 11:59:59.989 15843 15843 D MainActivity: showTermDatesConfigChange: false
08-04 11:59:59.989 15843 15843 D MainActivity: showTermDatesShortcut: false
08-04 11:59:59.990 15843 15843 D MainActivity: Setting initial fragment: SessionListsFragment
08-04 11:59:59.991 15843 15843 I SettingsManager: Getting int: launchCount
08-04 11:59:59.991 15843 15854 I art     : Starting a blocking GC Explicit
08-04 11:59:59.992 15843 15843 D SessionListsFragment: onCreateView
08-04 11:59:59.995 15843 15843 I SettingsManager: Getting string: savedCourse
08-04 11:59:59.998 15843 15843 I SettingsManager: Getting string: savedSessions
08-04 12:00:00.006 15843 15843 D SessionListsFragment: loadArgument: updateSessions
08-04 12:00:00.006 15843 15843 D SessionListsFragment: initialIndex: -1
08-04 12:00:00.008 15843 16933 D HTTP    : Request for: https://uob-timetable-api.adriankeenan.co.uk/sessions?dept=CM010&course=BSAIFAAF%2F02AA%2F0%2FFT&level=Foundation+Year
08-04 12:00:00.019 15843 15843 D TermDatesFragment: WebView loaded
08-04 12:00:00.019 15843 15843 D MainActivity: OnResume
08-04 12:00:00.025 15843 15843 I SessionReminderReceiver: Received session reminder notification event
08-04 12:00:00.025 15843 15843 I SettingsManager: Getting boolean: notifySessionRemindersEnabled
08-04 12:00:00.025 15843 15843 I SettingsManager: Getting string: savedSessions
08-04 12:00:00.033 15843 15843 I SettingsManager: Getting int: notificationId
08-04 12:00:00.033 15843 15843 I SettingsManager: Setting int: notificationId
08-04 12:00:00.050   918  4413 W BackupManagerService: dataChanged but no participant pkg='baseline.com.ak.uobtimetable' uid=10659
08-04 12:00:00.056 15843 15854 I art     : Explicit concurrent mark sweep GC freed 14941(722KB) AllocSpace objects, 3(1380KB) LOS objects, 30% free, 37MB/53MB, paused 705us total 64.518ms
08-04 12:00:00.063 15843 15843 D SessionReminderNotifier: Created session reminder notification 1
08-04 12:00:00.063 15843 15843 I SessionReminderReceiver: Rescheduling session reminder alarm
08-04 12:00:00.064 15843 15843 I SettingsManager: Getting int: notifySessionRemindersMinutes
08-04 12:00:00.074 15843 15854 I art     : Starting a blocking GC Explicit
08-04 12:00:00.076 15843 15843 I SessionReminderNotifier: Created session reminder alarm for e0fc978b5db8218778540b4053344581 at Tue 11:00:00 11/08/20
08-04 12:00:00.078   918   918 D AlarmManagerService: Kernel timezone updated to -120 minutes west of GMT
08-04 12:00:00.078 15843 15843 I TermDatesFragment: Webview load %: 10
08-04 12:00:00.090   918   918 I ActivityManager: Start proc 16934:com.qualcomm.timeservice/1000 for broadcast com.qualcomm.timeservice/.TimeServiceBroadcastReceiver
08-04 12:00:00.125 15843 15854 I art     : Explicit concurrent mark sweep GC freed 28143(1293KB) AllocSpace objects, 6(212KB) LOS objects, 30% free, 35MB/51MB, paused 452us total 50.189ms
08-04 12:00:00.140 15843 15854 I art     : Starting a blocking GC Explicit
08-04 12:00:00.148 16934 16934 W System  : ClassLoader referenced unknown path: /system/app/TimeService/lib/arm64
08-04 12:00:00.155 16934 16934 D TimeService: Receivedandroid.intent.action.DATE_CHANGED intent. Current Time is 1596535200155
08-04 12:00:00.155 16934 16934 D         : TimeServiceNative: User Time to be set is 1596535200155
08-04 12:00:00.155 16934 16934 D QC-time-services: Lib:time_genoff_operation: pargs->base = 2
08-04 12:00:00.156 16934 16934 D QC-time-services: Lib:time_genoff_operation: pargs->operation = 0
08-04 12:00:00.156 16934 16934 D QC-time-services: Lib:time_genoff_operation: pargs->ts_val = 1596535200155
08-04 12:00:00.156 16934 16934 D QC-time-services: Lib:time_genoff_operation: Send to server  passed!!
08-04 12:00:00.165   536   563 D QC-time-services: Daemon: Connection accepted:time_genoff
08-04 12:00:00.165   536 16947 D QC-time-services: Daemon:Received base = 2, unit = 1, operation = 0,value = 1596535200155
08-04 12:00:00.166   536 16947 D QC-time-services: Daemon:genoff_opr: Base = 2, val = 1596535200155, operation = 0
08-04 12:00:00.166   536 16947 D QC-time-services: Daemon:rtc_get: Time read from RTC -- MM/DD/YY HH:MM:SS1/1/70 20:18:40
08-04 12:00:00.166   536 16947 D QC-time-services: Daemon:Value read from RTC seconds = 2751520000
08-04 12:00:00.166   536 16947 D QC-time-services: Daemon:new time 1596535200155 
08-04 12:00:00.166   536 16947 D QC-time-services: Daemon: delta 1593783680155 genoff 1593783680155 
08-04 12:00:00.166   536 16947 D QC-time-services: Daemon:genoff_persistent_update: Writing genoff = 1593783680155 to memory
08-04 12:00:00.166   536 16947 D QC-time-services: Daemon:Opening File: /data/time/ats_2
08-04 12:00:00.166   536 16947 D QC-time-services: Daemon:time_persistent_memory_opr:Genoff write operation 
08-04 12:00:00.176   536 16947 D QC-time-services: Updating the TOD offset
08-04 12:00:00.176   536 16947 D QC-time-services: Daemon:genoff_persistent_update: Writing genoff = 1593783680155 to memory
08-04 12:00:00.176   536 16947 D QC-time-services: Daemon:Opening File: /data/time/ats_1
08-04 12:00:00.176   536 16947 D QC-time-services: Daemon:time_persistent_memory_opr:Genoff write operation 
08-04 12:00:00.178 13866 13866 I GoogleInputMethodServic: GoogleInputMethodService.onFinishInput():3138 
08-04 12:00:00.178   918   936 I ActivityManager: Displayed baseline.com.ak.uobtimetable/.MainActivity: +260ms
08-04 12:00:00.179 13866 13866 I GoogleInputMethodServic: GoogleInputMethodService.onStartInput():1808 
08-04 12:00:00.182   536 16947 E QC-time-services: Daemon:Update to modem bit set
08-04 12:00:00.182 16934 16934 E QC-time-services: Receive Passed == base = 2, unit = 1, operation = 0, result = 0
08-04 12:00:00.182   536 16947 D QC-time-services: Daemon:genoff_send_modem: Sending data to MODEM !
08-04 12:00:00.182   536 16947 D QC-time-services: Daemon: Base = 2, Value being sent to MODEM = 1277818880155
08-04 12:00:00.186 15843 15854 I art     : Explicit concurrent mark sweep GC freed 1648(106KB) AllocSpace objects, 2(120KB) LOS objects, 30% free, 36MB/52MB, paused 979us total 46.322ms
08-04 12:00:00.188   536   566 E QC-time-services: Daemon:tod_update_ind_cb: Got Update from modem msg_id 40
08-04 12:00:00.188   536   563 E QC-time-services: Daemon: Time-services: Waiting to acceptconnection
08-04 12:00:00.198   918   928 I ActivityManager: Start proc 16949:com.google.android.calendar/u0a36 for broadcast com.google.android.calendar/com.android.calendar.widget.CalendarAppWidgetProvider
08-04 12:00:00.232 15843 15843 I TermDatesFragment: Webview load %: 70
08-04 12:00:00.239 15843 16933 I NAPPA_EXPERIMENTATION: MetricNetworkRequestExecutionTime: REQUEST_DURATION_SYSTEM='231',REQUEST_DURATION_OKHTTP='29',REQUEST_SYNCHRONOUS='TRUE',RESPONSE_CODE='200',RESPONSE_METHOD='GET',RESPONSE_LENGTH_OKHTTP='-1',RESPONSE_LENGTH_HEADER='1214',REQUEST_PROTOCOL='http/1.1',REQUEST_URL='https://uob-timetable-api.adriankeenan.co.uk/sessions?dept=CM010&course=BSAIFAAF%2F02AA%2F0%2FFT&level=Foundation+Year',
08-04 12:00:00.241 15843 15843 I TermDatesFragment: Webview load %: 100
08-04 12:00:00.241 15843 15843 I TermDatesFragment: Webview load %: 100
08-04 12:00:00.281 15843 16933 I HTTP    : Response was compressed.
08-04 12:00:00.290 16949 16949 W System  : ClassLoader referenced unknown path: /data/app/com.google.android.calendar-2/lib/arm64
08-04 12:00:00.295 15843 16933 I Service : getSessions response time: 1.10
08-04 12:00:00.295 15843 15843 I SettingsManager: Getting string: savedSessions
08-04 12:00:00.296 15843 15843 I SettingsManager: Getting string: savedSessions
08-04 12:00:00.303 15843 15843 I Service : Sessions updated: 10
08-04 12:00:00.303 15843 15843 I Service : Sessions removed from new list: 0
08-04 12:00:00.309 15843 15843 I SettingsManager: Setting string: savedSessions
08-04 12:00:00.348   918  6110 W BackupManagerService: dataChanged but no participant pkg='baseline.com.ak.uobtimetable' uid=10659
08-04 12:00:00.349 15843 15843 I SettingsManager: Setting date: savedSessionsTime
08-04 12:00:00.359   918  4413 W BackupManagerService: dataChanged but no participant pkg='baseline.com.ak.uobtimetable' uid=10659
08-04 12:00:00.360 15843 15843 I SettingsManager: Setting string: savedSessionsCourseName
08-04 12:00:00.368   918  4400 W BackupManagerService: dataChanged but no participant pkg='baseline.com.ak.uobtimetable' uid=10659
08-04 12:00:00.368 15843 15843 I SettingsManager: Setting string: savedSessionsDateRange
08-04 12:00:00.368   918  6111 W BackupManagerService: dataChanged but no participant pkg='baseline.com.ak.uobtimetable' uid=10659
08-04 12:00:00.369 15843 15843 I SettingsManager: Setting string: timetableUrl
08-04 12:00:00.369   918  6112 W BackupManagerService: dataChanged but no participant pkg='baseline.com.ak.uobtimetable' uid=10659
08-04 12:00:00.369 15843 15843 I SettingsManager: Getting boolean: notifySessionRemindersEnabled
08-04 12:00:00.369 15843 15843 I SettingsManager: Getting int: notifySessionRemindersMinutes
08-04 12:00:00.369 15843 15843 I SettingsManager: Getting boolean: showHiddenSessions
08-04 12:00:00.371 15843 15843 I SessionReminderNotifier: Created session reminder alarm for f7b4771250a919bd729c1c5a4a459c77 at Mon 08:30:00 10/08/20
08-04 12:00:00.372 15843 15843 I SessionReminderNotifier: Created session reminder alarm for a7f879aabdeb78622c8820a5fb7b64cd at Tue 08:30:00 11/08/20
08-04 12:00:00.373 15843 15843 I SessionReminderNotifier: Created session reminder alarm for 7bc8d7e2c2055711f597c3d9078c6ea3 at Tue 08:30:00 11/08/20
08-04 12:00:00.374 15843 15843 I SessionReminderNotifier: Created session reminder alarm for 53c0527a6f009a1f2fd223834d3bfe51 at Tue 10:30:00 11/08/20
08-04 12:00:00.375 15843 15843 I SessionReminderNotifier: Created session reminder alarm for e0fc978b5db8218778540b4053344581 at Tue 11:00:00 11/08/20
08-04 12:00:00.376 15843 15843 I SessionReminderNotifier: Created session reminder alarm for 199afb0100f329ff65a09e1b0cd9deba at Tue 11:30:00 04/08/20
08-04 12:00:00.378 15843 15843 I SessionReminderNotifier: Created session reminder alarm for 21712fef61090882c855a1425543edb5 at Tue 13:30:00 04/08/20
08-04 12:00:00.379 15843 15843 I SessionReminderNotifier: Created session reminder alarm for 65ca4d97f031f29a4d02bbb45a705d8f at Wed 08:30:00 05/08/20
08-04 12:00:00.380 15843 15843 I SessionReminderNotifier: Created session reminder alarm for eeda7741b0bcab58fd9f46dc6ef1d942 at Wed 08:30:00 05/08/20
08-04 12:00:00.382 15843 15843 I SessionReminderNotifier: Created session reminder alarm for c276c1b2075a0beb67f1b3d1e580f920 at Wed 11:00:00 05/08/20
08-04 12:00:00.383 15843 15843 I SessionReminderNotifier: Created session reminder alarm for 8b1f3627e42ae13a6f6ba0a83903dde1 at Wed 13:30:00 05/08/20
08-04 12:00:00.385 15843 15843 I SessionReminderNotifier: Created session reminder alarm for 79fe0b5c3b887a13ba29db5a33fa2800 at Thu 08:30:00 06/08/20
08-04 12:00:00.386 15843 15843 I SessionReminderNotifier: Created session reminder alarm for cb9dfc8231cdba2be0835dc5709690e1 at Thu 08:30:00 06/08/20
08-04 12:00:00.387 15843 15843 I SessionReminderNotifier: Created session reminder alarm for f850dc24d6de60b7b89fa9e1a8c224c5 at Thu 12:00:00 06/08/20
08-04 12:00:00.388 15843 15843 I SessionReminderNotifier: Created session reminder alarm for 2ba1034116e4fffdd592dbf0796a43d5 at Fri 08:30:00 07/08/20
08-04 12:00:00.388 15843 15843 I SettingsManager: Getting boolean: showHiddenSessions
08-04 12:00:00.389 15843 15843 D SessionListsFragment: 1 sessions for day 0
08-04 12:00:00.389 15843 15843 D SessionListsFragment: 6 sessions for day 1
08-04 12:00:00.389 15843 15843 D SessionListsFragment: 4 sessions for day 2
08-04 12:00:00.389 15843 15843 D SessionListsFragment: 3 sessions for day 3
08-04 12:00:00.389 15843 15843 D SessionListsFragment: 1 sessions for day 4
08-04 12:00:00.418   512  2967 D audio_hw_primary: disable_audio_route: reset and update mixer path: low-latency-playback speaker
08-04 12:00:00.419   512  2967 D audio_hw_primary: disable_snd_device: snd_device(2: speaker)
08-04 12:00:00.422 15843 15843 I SettingsManager: Getting boolean: showHiddenSessions
08-04 12:00:00.422 15843 15843 D SessionListsFragment: Refreshed ViewPager
08-04 12:00:00.422 15843 15843 I SettingsManager: Getting boolean: showHiddenSessions
08-04 12:00:00.422 15843 15843 I SettingsManager: Getting boolean: completedTutorial
08-04 12:00:00.423 15843 15843 I SettingsManager: Getting boolean: showHiddenSessions
08-04 12:00:00.423 15843 15843 I SettingsManager: Getting date: savedSessionsTime
08-04 12:00:00.426   512  2967 I soundtrigger: audio_extn_sound_trigger_update_device_status: device 0x2 of type 0 for Event 0
08-04 12:00:00.460 15843 15856 I art     : Starting a blocking GC Explicit
08-04 12:00:00.521 15843 15856 I art     : Explicit concurrent mark sweep GC freed 68172(2MB) AllocSpace objects, 7(192KB) LOS objects, 30% free, 36MB/52MB, paused 955us total 61.511ms
08-04 12:00:00.538 15843 15856 I art     : Starting a blocking GC Explicit
08-04 12:00:00.590 15843 15856 I art     : Explicit concurrent mark sweep GC freed 29651(1274KB) AllocSpace objects, 0(0B) LOS objects, 30% free, 36MB/52MB, paused 944us total 51.820ms
08-04 12:00:00.606 15843 15856 I art     : Starting a blocking GC Explicit
08-04 12:00:00.663 15843 15856 I art     : Explicit concurrent mark sweep GC freed 30553(1256KB) AllocSpace objects, 0(0B) LOS objects, 30% free, 36MB/52MB, paused 864us total 56.118ms
08-04 12:00:00.679 15843 15856 I art     : Starting a blocking GC Explicit
08-04 12:00:00.734 15843 15856 I art     : Explicit concurrent mark sweep GC freed 33571(1374KB) AllocSpace objects, 0(0B) LOS objects, 30% free, 36MB/52MB, paused 946us total 54.485ms
08-04 12:00:00.751 15843 15856 I art     : Starting a blocking GC Explicit
08-04 12:00:00.807 15843 15856 I art     : Explicit concurrent mark sweep GC freed 31845(1313KB) AllocSpace objects, 0(0B) LOS objects, 30% free, 37MB/53MB, paused 1.587ms total 55.111ms
08-04 12:00:01.042 15843 15843 I Choreographer: Skipped 36 frames!  The application may be doing too much work on its main thread.
08-04 12:00:01.045   918  5481 I ActivityManager: Start proc 16992:com.android.providers.calendar/u0a1 for content provider com.android.providers.calendar/.CalendarProvider2
08-04 12:00:01.067   918  6111 I AccountManagerService: getTypesVisibleToCaller: isPermitted? true
08-04 12:00:01.079 15843 16064 I art     : Starting a blocking GC Explicit
08-04 12:00:01.116 16992 16992 W System  : ClassLoader referenced unknown path: /system/priv-app/CalendarProvider/lib/arm64
08-04 12:00:01.144 15843 16064 I art     : Explicit concurrent mark sweep GC freed 114615(4MB) AllocSpace objects, 1(20KB) LOS objects, 29% free, 37MB/53MB, paused 555us total 64.134ms
08-04 12:00:01.162 15843 16064 I art     : Starting a blocking GC Explicit
08-04 12:00:01.183 16992 16992 I CalendarProvider2: Created com.android.providers.calendar.CalendarAlarmManager@22b9060(com.android.providers.calendar.CalendarProvider2@cc9e919)
08-04 12:00:01.206 15843 16064 I art     : Explicit concurrent mark sweep GC freed 124350(11MB) AllocSpace objects, 3(136KB) LOS objects, 37% free, 26MB/42MB, paused 361us total 43.781ms
08-04 12:00:01.217 15843 16064 I art     : Starting a blocking GC Explicit
08-04 12:00:01.234   918  3696 I AccountManagerService: getTypesVisibleToCaller: isPermitted? true
08-04 12:00:01.245 15843 16064 I art     : Explicit concurrent mark sweep GC freed 3(96B) AllocSpace objects, 0(0B) LOS objects, 37% free, 26MB/42MB, paused 355us total 27.494ms
08-04 12:00:01.256 15843 16064 I art     : Starting a blocking GC Explicit
08-04 12:00:01.285 15843 16064 I art     : Explicit concurrent mark sweep GC freed 3(96B) AllocSpace objects, 0(0B) LOS objects, 37% free, 26MB/42MB, paused 390us total 28.314ms
08-04 12:00:01.296 15843 16064 I art     : Starting a blocking GC Explicit
08-04 12:00:01.313   918  3961 I AccountManagerService: getTypesVisibleToCaller: isPermitted? true
08-04 12:00:01.324 15843 16064 I art     : Explicit concurrent mark sweep GC freed 172(7KB) AllocSpace objects, 0(0B) LOS objects, 37% free, 26MB/42MB, paused 407us total 28.393ms
08-04 12:00:01.329   918  6029 I AccountManagerService: getTypesVisibleToCaller: isPermitted? true
08-04 12:00:01.350   918  6112 I AccountManagerService: getTypesVisibleToCaller: isPermitted? true
08-04 12:00:01.411 13866 13882 I PeriodicStatsRunner: PeriodicStatsRunner.call():175 call()
08-04 12:00:01.412 13866 13882 I PeriodicStatsRunner: PeriodicStatsRunner.call():179 No submit PeriodicStats since input started.
08-04 12:00:01.423 13866 13882 I PeriodicStatsRunner: PeriodicStatsRunner.call():175 call()
08-04 12:00:01.424 13866 13882 I PeriodicStatsRunner: PeriodicStatsRunner.call():179 No submit PeriodicStats since input started.
08-04 12:00:01.430 16949 17020 I c.wtp   : Obtained writable database SQLiteDatabase/29121661 instance with path /data/user/0/com.google.android.calendar/databases/cal_v2a
08-04 12:00:01.436 16949 17019 I c.wrv   : The schema version is 15, the database version is 15, and there are 0 migrations
08-04 12:00:01.610 15843 16060 I art     : Starting a blocking GC Explicit
08-04 12:00:01.643 15843 16060 I art     : Explicit concurrent mark sweep GC freed 1347(78KB) AllocSpace objects, 1(20KB) LOS objects, 37% free, 26MB/42MB, paused 428us total 32.616ms
08-04 12:00:01.655 15843 16060 I art     : Starting a blocking GC Explicit
08-04 12:00:01.685 15843 16060 I art     : Explicit concurrent mark sweep GC freed 18(624B) AllocSpace objects, 0(0B) LOS objects, 37% free, 26MB/42MB, paused 455us total 29.006ms
08-04 12:00:01.696 15843 16060 I art     : Starting a blocking GC Explicit
08-04 12:00:01.723 16949 16949 W GrowthKit: Failed to get phenotypeManager in PhenotypeBroadcastReceiver
08-04 12:00:01.723 16949 16949 W GrowthKit: java.lang.NullPointerException: Unable to get GrowthKit Component from host app: com.google.android.calendar
08-04 12:00:01.723 16949 16949 W GrowthKit: 	at cal.pyf.a(PG:12)
08-04 12:00:01.723 16949 16949 W GrowthKit: 	at com.google.android.libraries.internal.growth.growthkit.internal.experiments.impl.PhenotypeBroadcastReceiver.onReceive(PG:3)
08-04 12:00:01.723 16949 16949 W GrowthKit: 	at android.app.ActivityThread.handleReceiver(ActivityThread.java:2725)
08-04 12:00:01.723 16949 16949 W GrowthKit: 	at android.app.ActivityThread.-wrap14(ActivityThread.java)
08-04 12:00:01.723 16949 16949 W GrowthKit: 	at android.app.ActivityThread$H.handleMessage(ActivityThread.java:1421)
08-04 12:00:01.723 16949 16949 W GrowthKit: 	at android.os.Handler.dispatchMessage(Handler.java:102)
08-04 12:00:01.723 16949 16949 W GrowthKit: 	at android.os.Looper.loop(Looper.java:148)
08-04 12:00:01.723 16949 16949 W GrowthKit: 	at android.app.ActivityThread.main(ActivityThread.java:5417)
08-04 12:00:01.723 16949 16949 W GrowthKit: 	at java.lang.reflect.Method.invoke(Native Method)
08-04 12:00:01.723 16949 16949 W GrowthKit: 	at com.android.internal.os.ZygoteInit$MethodAndArgsCaller.run(ZygoteInit.java:726)
08-04 12:00:01.723 16949 16949 W GrowthKit: 	at com.android.internal.os.ZygoteInit.main(ZygoteInit.java:616)
08-04 12:00:01.724 15843 16060 I art     : Explicit concurrent mark sweep GC freed 4(160B) AllocSpace objects, 0(0B) LOS objects, 37% free, 26MB/42MB, paused 366us total 28.625ms
08-04 12:00:01.736 15843 16060 I art     : Starting a blocking GC Explicit
08-04 12:00:01.744   918  6112 I ActivityManager: Killing 21665:com.google.android.apps.gcs/u0a11 (adj 15): empty #17
08-04 12:00:01.766 15843 16060 I art     : Explicit concurrent mark sweep GC freed 3(96B) AllocSpace objects, 0(0B) LOS objects, 37% free, 26MB/42MB, paused 394us total 29.712ms
08-04 12:00:01.777 15843 16060 I art     : Starting a blocking GC Explicit
08-04 12:00:01.810 15843 16060 I art     : Explicit concurrent mark sweep GC freed 3(96B) AllocSpace objects, 0(0B) LOS objects, 37% free, 26MB/42MB, paused 410us total 32.129ms
08-04 12:00:02.007   918  3261 D WifiStateMachine: starting scan for "H369AA63323"WPA_PSK with 2412,5180
08-04 12:00:02.024   518   646 I ThermalEngine: ACTION: GPU - Setting GPU[0] to 450000000
08-04 12:00:02.178 15843 15854 I art     : Starting a blocking GC Explicit
08-04 12:00:02.221 15843 15854 I art     : Explicit concurrent mark sweep GC freed 1420(79KB) AllocSpace objects, 1(20KB) LOS objects, 37% free, 26MB/42MB, paused 506us total 42.557ms
08-04 12:00:02.236 15843 15854 I art     : Starting a blocking GC Explicit
08-04 12:00:02.279 15843 15854 I art     : Explicit concurrent mark sweep GC freed 45(1504B) AllocSpace objects, 0(0B) LOS objects, 37% free, 26MB/42MB, paused 689us total 42.032ms
08-04 12:00:02.295 15843 15854 I art     : Starting a blocking GC Explicit
08-04 12:00:02.305 16992 16992 I CalendarProvider2: Sending notification intent: Intent { act=android.intent.action.PROVIDER_CHANGED dat=content://com.android.calendar }
08-04 12:00:02.306 16992 16992 W ContentResolver: Failed to get type for: content://com.android.calendar (Unknown URL content://com.android.calendar)
08-04 12:00:02.313   918  5481 I ActivityManager: Killing 13252:baseline.com.newsblur/u0a652 (adj 15): empty #17
08-04 12:00:02.321 24577 17064 I IcingInternalCorpora: Received calendar change notification.
08-04 12:00:02.335 15843 15854 I art     : Explicit concurrent mark sweep GC freed 5(192B) AllocSpace objects, 0(0B) LOS objects, 37% free, 26MB/42MB, paused 532us total 39.997ms
08-04 12:00:02.351 15843 15854 I art     : Starting a blocking GC Explicit
08-04 12:00:02.396 15843 15854 I art     : Explicit concurrent mark sweep GC freed 3(96B) AllocSpace objects, 0(0B) LOS objects, 37% free, 26MB/42MB, paused 530us total 44.481ms
08-04 12:00:02.413 15843 15854 I art     : Starting a blocking GC Explicit
08-04 12:00:02.451 15843 15854 I art     : Explicit concurrent mark sweep GC freed 3(96B) AllocSpace objects, 0(0B) LOS objects, 37% free, 26MB/42MB, paused 543us total 38.080ms
08-04 12:00:02.527  2075  2107 I MicroDataManager: isInitializing-false locale not changed-true model not changed-true
08-04 12:00:02.581  2075  2107 I MicroDetectionState: Should stop hotword detection immediately - true
08-04 12:00:02.763 15843 16064 I art     : Starting a blocking GC Explicit
08-04 12:00:02.803 15843 16064 I art     : Explicit concurrent mark sweep GC freed 1293(75KB) AllocSpace objects, 1(20KB) LOS objects, 37% free, 26MB/42MB, paused 526us total 40.230ms
08-04 12:00:02.819 15843 16064 I art     : Starting a blocking GC Explicit
08-04 12:00:02.858 15843 16064 I art     : Explicit concurrent mark sweep GC freed 18(624B) AllocSpace objects, 0(0B) LOS objects, 37% free, 26MB/42MB, paused 587us total 38.569ms
08-04 12:00:02.873 15843 16064 I art     : Starting a blocking GC Explicit
08-04 12:00:02.912 15843 16064 I art     : Explicit concurrent mark sweep GC freed 3(96B) AllocSpace objects, 0(0B) LOS objects, 37% free, 26MB/42MB, paused 511us total 38.634ms
08-04 12:00:02.927 15843 16064 I art     : Starting a blocking GC Explicit
08-04 12:00:02.966 15843 16064 I art     : Explicit concurrent mark sweep GC freed 3(96B) AllocSpace objects, 0(0B) LOS objects, 37% free, 26MB/42MB, paused 500us total 39.155ms
08-04 12:00:02.982 15843 16064 I art     : Starting a blocking GC Explicit
08-04 12:00:03.019 15843 16064 I art     : Explicit concurrent mark sweep GC freed 3(96B) AllocSpace objects, 0(0B) LOS objects, 37% free, 26MB/42MB, paused 513us total 36.835ms
08-04 12:00:03.339 15843 16060 I art     : Starting a blocking GC Explicit
08-04 12:00:03.367 24577 22341 I IcingInternalCorpora: EventIndexer: starting incremental update
08-04 12:00:03.368 24577 22341 I IcingInternalCorpora: EventIndexer: 0 added, 0 removed, 0 changed, 0 unchanged, 0 errors.
08-04 12:00:03.368 24577 22341 I IcingInternalCorpora: EventIndexer: finished after 1 ms.
08-04 12:00:03.377 15843 16060 I art     : Explicit concurrent mark sweep GC freed 1293(75KB) AllocSpace objects, 1(20KB) LOS objects, 37% free, 26MB/42MB, paused 484us total 37.380ms
08-04 12:00:03.390 15843 16060 I art     : Starting a blocking GC Explicit
08-04 12:00:03.425 15843 16060 I art     : Explicit concurrent mark sweep GC freed 18(624B) AllocSpace objects, 0(0B) LOS objects, 37% free, 26MB/42MB, paused 483us total 34.370ms
08-04 12:00:03.427 24365 25567 I NetworkScheduler.Stats: Task com.google.android.gms/com.google.android.gms.icing.service.IcingGcmTaskService started execution. cause:4 exec_start_elapsed_seconds: 1689007 [CONTEXT service_id=218 ]
08-04 12:00:03.434 24365 23406 I NetworkScheduler.Stats: Task com.google.android.gms/com.google.android.gms.icing.service.IcingGcmTaskService finished executing. cause:4 result: 1 elapsed_millis: 23 uptime_millis: 22 exec_start_elapsed_seconds: 1689007 [CONTEXT service_id=218 ]
08-04 12:00:03.438 15843 16060 I art     : Starting a blocking GC Explicit
08-04 12:00:03.473 15843 16060 I art     : Explicit concurrent mark sweep GC freed 3(96B) AllocSpace objects, 0(0B) LOS objects, 37% free, 26MB/42MB, paused 477us total 34.514ms
08-04 12:00:03.485 24365 25567 I NetworkScheduler.Stats: Task com.google.android.gms/com.google.android.gms.clearcut.uploader.QosUploaderService started execution. cause:5 exec_start_elapsed_seconds: 1689007 [CONTEXT service_id=218 ]
08-04 12:00:03.487 15843 16060 I art     : Starting a blocking GC Explicit
08-04 12:00:03.509 24365 25567 I NetworkScheduler.Stats: Task com.google.android.gms/com.google.android.gms.clearcut.uploader.QosUploaderService finished executing. cause:5 result: 1 elapsed_millis: 48 uptime_millis: 48 exec_start_elapsed_seconds: 1689007 [CONTEXT service_id=218 ]
08-04 12:00:03.522 15843 16060 I art     : Explicit concurrent mark sweep GC freed 3(96B) AllocSpace objects, 0(0B) LOS objects, 37% free, 26MB/42MB, paused 480us total 34.201ms
08-04 12:00:03.536 15843 16060 I art     : Starting a blocking GC Explicit
08-04 12:00:03.571 15843 16060 I art     : Explicit concurrent mark sweep GC freed 3(96B) AllocSpace objects, 0(0B) LOS objects, 37% free, 26MB/42MB, paused 492us total 35.079ms
08-04 12:00:03.598  2075  2098 I WM-GreedyScheduler: Ignoring schedule request in non-main process
08-04 12:00:03.643  2075  2098 I WM-GreedyScheduler: Ignoring schedule request in non-main process
08-04 12:00:03.648  2075  2098 I WM-GreedyScheduler: Ignoring schedule request in non-main process
08-04 12:00:03.666  2075  2098 I WM-GreedyScheduler: Ignoring schedule request in non-main process
08-04 12:00:03.887 15843 15856 I art     : Starting a blocking GC Explicit
08-04 12:00:03.906   918  3188 I hubconnection: sensorhub said: 'set_bias 3: -5.3856, 0.0000, 0.0000'
08-04 12:00:03.945 15843 15856 I art     : Explicit concurrent mark sweep GC freed 1293(75KB) AllocSpace objects, 1(20KB) LOS objects, 37% free, 26MB/42MB, paused 580us total 57.582ms
08-04 12:00:03.965 15843 15856 I art     : Starting a blocking GC Explicit
08-04 12:00:04.009 15843 15856 I art     : Explicit concurrent mark sweep GC freed 18(624B) AllocSpace objects, 0(0B) LOS objects, 37% free, 26MB/42MB, paused 543us total 43.219ms
08-04 12:00:04.025 15843 15856 I art     : Starting a blocking GC Explicit
08-04 12:00:04.072 15843 15856 I art     : Explicit concurrent mark sweep GC freed 13(448B) AllocSpace objects, 0(0B) LOS objects, 37% free, 26MB/42MB, paused 534us total 46.114ms
08-04 12:00:04.088 15843 15856 I art     : Starting a blocking GC Explicit
08-04 12:00:04.130 15843 15856 I art     : Explicit concurrent mark sweep GC freed 6(368B) AllocSpace objects, 0(0B) LOS objects, 37% free, 26MB/42MB, paused 606us total 41.084ms
08-04 12:00:04.145 15843 15856 I art     : Starting a blocking GC Explicit
08-04 12:00:04.183 15843 15856 I art     : Explicit concurrent mark sweep GC freed 3(96B) AllocSpace objects, 0(0B) LOS objects, 37% free, 26MB/42MB, paused 553us total 37.867ms
08-04 12:00:04.528 15843 15856 I art     : Starting a blocking GC Explicit
08-04 12:00:04.572 15843 15856 I art     : Explicit concurrent mark sweep GC freed 1400(79KB) AllocSpace objects, 1(20KB) LOS objects, 37% free, 26MB/42MB, paused 526us total 43.748ms
08-04 12:00:04.588 15843 15856 I art     : Starting a blocking GC Explicit
08-04 12:00:04.612 17099 17099 D AndroidRuntime: >>>>>> START com.android.internal.os.RuntimeInit uid 2000 <<<<<<
08-04 12:00:04.618 17099 17099 D AndroidRuntime: CheckJNI is OFF
08-04 12:00:04.631 15843 15856 I art     : Explicit concurrent mark sweep GC freed 166(10KB) AllocSpace objects, 0(0B) LOS objects, 37% free, 26MB/42MB, paused 550us total 42.624ms
08-04 12:00:04.647 15843 15856 I art     : Starting a blocking GC Explicit
08-04 12:00:04.665 17099 17099 D ICU     : No timezone override file found: /data/misc/zoneinfo/current/icu/icu_tzdata.dat
08-04 12:00:04.689 15843 15856 I art     : Explicit concurrent mark sweep GC freed 3(96B) AllocSpace objects, 0(0B) LOS objects, 37% free, 26MB/42MB, paused 519us total 41.512ms
08-04 12:00:04.704 15843 15856 I art     : Starting a blocking GC Explicit
08-04 12:00:04.713 17099 17099 I Radio-JNI: register_android_hardware_Radio DONE
08-04 12:00:04.742 17099 17099 D AndroidRuntime: Calling main entry com.android.commands.input.Input
08-04 12:00:04.745 17099 17099 I Input   : injectMotionEvent: MotionEvent { action=ACTION_DOWN, actionButton=0, id[0]=0, x[0]=81.0, y[0]=176.0, toolType[0]=TOOL_TYPE_UNKNOWN, buttonState=0, metaState=0, flags=0x0, edgeFlags=0x0, pointerCount=1, historySize=0, eventTime=705621157, downTime=705621157, deviceId=0, source=0x1002 }
08-04 12:00:04.747 15843 15856 I art     : Explicit concurrent mark sweep GC freed 3(96B) AllocSpace objects, 0(0B) LOS objects, 37% free, 26MB/42MB, paused 563us total 42.904ms
08-04 12:00:04.751 17099 17099 I Input   : injectMotionEvent: MotionEvent { action=ACTION_UP, actionButton=0, id[0]=0, x[0]=81.0, y[0]=176.0, toolType[0]=TOOL_TYPE_UNKNOWN, buttonState=0, metaState=0, flags=0x0, edgeFlags=0x0, pointerCount=1, historySize=0, eventTime=705621157, downTime=705621157, deviceId=0, source=0x1002 }
08-04 12:00:04.753 17099 17099 D AndroidRuntime: Shutting down VM
08-04 12:00:04.762 15843 15856 I art     : Starting a blocking GC Explicit
08-04 12:00:04.767   512  2967 D audio_hw_primary: out_set_parameters: enter: usecase(1: low-latency-playback) kvpairs: routing=2
08-04 12:00:04.780   512  2967 D audio_hw_primary: select_devices: out_snd_device(2: speaker) in_snd_device(0: none)
08-04 12:00:04.781   512  2967 D msm8974_platform: platform_send_audio_calibration: sending audio calibration for snd_device(2) acdb_id(15)
08-04 12:00:04.781   512  2967 I soundtrigger: audio_extn_sound_trigger_update_device_status: device 0x2 of type 0 for Event 1
08-04 12:00:04.794   512  2967 D audio_hw_primary: enable_snd_device: snd_device(2: speaker)
08-04 12:00:04.796   512  2967 D audio_hw_primary: enable_audio_route: apply and update mixer path: low-latency-playback speaker
08-04 12:00:04.802 13866 13866 I GoogleInputMethodServic: GoogleInputMethodService.onFinishInput():3138 
08-04 12:00:04.804 13866 13866 I GoogleInputMethodServic: GoogleInputMethodService.onStartInput():1808 
08-04 12:00:04.806 15843 15856 I art     : Explicit concurrent mark sweep GC freed 44(1520B) AllocSpace objects, 0(0B) LOS objects, 37% free, 26MB/42MB, paused 706us total 43.544ms
08-04 12:00:05.027   518   646 I ThermalEngine: ACTION: GPU - Setting GPU[0] to 510000000
08-04 12:00:05.092 15843 15856 I art     : Starting a blocking GC Explicit
08-04 12:00:05.125 15843 15856 I art     : Explicit concurrent mark sweep GC freed 1671(95KB) AllocSpace objects, 1(20KB) LOS objects, 37% free, 26MB/42MB, paused 378us total 32.952ms
08-04 12:00:05.139 15843 15856 I art     : Starting a blocking GC Explicit
08-04 12:00:05.170 15843 15856 I art     : Explicit concurrent mark sweep GC freed 32(1232B) AllocSpace objects, 0(0B) LOS objects, 37% free, 26MB/42MB, paused 333us total 30.484ms
08-04 12:00:05.178 13866 13882 I PeriodicStatsRunner: PeriodicStatsRunner.call():175 call()
08-04 12:00:05.179 13866 13882 I PeriodicStatsRunner: PeriodicStatsRunner.call():179 No submit PeriodicStats since input started.
08-04 12:00:05.180 15843 15856 I art     : Starting a blocking GC Explicit
08-04 12:00:05.210 15843 15856 I art     : Explicit concurrent mark sweep GC freed 6(224B) AllocSpace objects, 0(0B) LOS objects, 37% free, 26MB/42MB, paused 349us total 28.981ms
08-04 12:00:05.221 15843 15856 I art     : Starting a blocking GC Explicit
08-04 12:00:05.251 15843 15856 I art     : Explicit concurrent mark sweep GC freed 5(160B) AllocSpace objects, 0(0B) LOS objects, 37% free, 26MB/42MB, paused 340us total 29.702ms
08-04 12:00:05.263 15843 15856 I art     : Starting a blocking GC Explicit
08-04 12:00:05.291 15843 15856 I art     : Explicit concurrent mark sweep GC freed 3(96B) AllocSpace objects, 0(0B) LOS objects, 37% free, 26MB/42MB, paused 362us total 28.419ms
08-04 12:00:05.329   512  2967 D audio_hw_primary: disable_audio_route: reset and update mixer path: low-latency-playback speaker
08-04 12:00:05.329   512  2967 D audio_hw_primary: disable_snd_device: snd_device(2: speaker)
08-04 12:00:05.338   512  2967 I soundtrigger: audio_extn_sound_trigger_update_device_status: device 0x2 of type 0 for Event 0
08-04 12:00:05.586 15843 15856 I art     : Starting a blocking GC Explicit
08-04 12:00:05.632 15843 15856 I art     : Explicit concurrent mark sweep GC freed 1293(75KB) AllocSpace objects, 1(20KB) LOS objects, 37% free, 26MB/42MB, paused 438us total 44.693ms
08-04 12:00:05.647 15843 15856 I art     : Starting a blocking GC Explicit
08-04 12:00:05.682 15843 15856 I art     : Explicit concurrent mark sweep GC freed 20(688B) AllocSpace objects, 0(0B) LOS objects, 37% free, 26MB/42MB, paused 392us total 35.450ms
08-04 12:00:05.695 15843 15856 I art     : Starting a blocking GC Explicit
08-04 12:00:05.731 15843 15856 I art     : Explicit concurrent mark sweep GC freed 3(96B) AllocSpace objects, 0(0B) LOS objects, 37% free, 26MB/42MB, paused 374us total 35.179ms
08-04 12:00:05.743 15843 15856 I art     : Starting a blocking GC Explicit
08-04 12:00:05.778 15843 15856 I art     : Explicit concurrent mark sweep GC freed 3(96B) AllocSpace objects, 0(0B) LOS objects, 37% free, 26MB/42MB, paused 419us total 34.432ms
08-04 12:00:05.790 15843 15856 I art     : Starting a blocking GC Explicit
08-04 12:00:05.825 15843 15856 I art     : Explicit concurrent mark sweep GC freed 3(96B) AllocSpace objects, 0(0B) LOS objects, 37% free, 26MB/42MB, paused 372us total 34.170ms
08-04 12:00:06.119 15843 16060 I art     : Starting a blocking GC Explicit
08-04 12:00:06.154 15843 16060 I art     : Explicit concurrent mark sweep GC freed 1293(75KB) AllocSpace objects, 1(20KB) LOS objects, 37% free, 26MB/42MB, paused 396us total 34.587ms
08-04 12:00:06.167 15843 16060 I art     : Starting a blocking GC Explicit
08-04 12:00:06.199 15843 16060 I art     : Explicit concurrent mark sweep GC freed 18(624B) AllocSpace objects, 0(0B) LOS objects, 37% free, 26MB/42MB, paused 400us total 31.944ms
08-04 12:00:06.211 15843 16060 I art     : Starting a blocking GC Explicit
08-04 12:00:06.244 15843 16060 I art     : Explicit concurrent mark sweep GC freed 3(96B) AllocSpace objects, 0(0B) LOS objects, 37% free, 26MB/42MB, paused 383us total 32.900ms
08-04 12:00:06.256 15843 16060 I art     : Starting a blocking GC Explicit
08-04 12:00:06.289 15843 16060 I art     : Explicit concurrent mark sweep GC freed 3(96B) AllocSpace objects, 0(0B) LOS objects, 37% free, 26MB/42MB, paused 379us total 33.053ms
08-04 12:00:06.301 15843 16060 I art     : Starting a blocking GC Explicit
08-04 12:00:06.334 15843 16060 I art     : Explicit concurrent mark sweep GC freed 3(96B) AllocSpace objects, 0(0B) LOS objects, 37% free, 26MB/42MB, paused 382us total 32.666ms
08-04 12:00:06.417 17150 17150 D AndroidRuntime: >>>>>> START com.android.internal.os.RuntimeInit uid 2000 <<<<<<
08-04 12:00:06.423 17150 17150 D AndroidRuntime: CheckJNI is OFF
08-04 12:00:06.458 17150 17150 D ICU     : No timezone override file found: /data/misc/zoneinfo/current/icu/icu_tzdata.dat
08-04 12:00:06.491 17150 17150 I Radio-JNI: register_android_hardware_Radio DONE
08-04 12:00:06.512 17150 17150 D AndroidRuntime: Calling main entry com.android.commands.input.Input
08-04 12:00:06.514 17150 17150 I Input   : injectMotionEvent: MotionEvent { action=ACTION_DOWN, actionButton=0, id[0]=0, x[0]=436.0, y[0]=1770.0, toolType[0]=TOOL_TYPE_UNKNOWN, buttonState=0, metaState=0, flags=0x0, edgeFlags=0x0, pointerCount=1, historySize=0, eventTime=705622926, downTime=705622926, deviceId=0, source=0x1002 }
08-04 12:00:06.519 17150 17150 I Input   : injectMotionEvent: MotionEvent { action=ACTION_UP, actionButton=0, id[0]=0, x[0]=436.0, y[0]=1770.0, toolType[0]=TOOL_TYPE_UNKNOWN, buttonState=0, metaState=0, flags=0x0, edgeFlags=0x0, pointerCount=1, historySize=0, eventTime=705622926, downTime=705622926, deviceId=0, source=0x1002 }
08-04 12:00:06.520 17150 17150 D AndroidRuntime: Shutting down VM
08-04 12:00:06.532 15843 15843 D MainActivity: NavigationItemSelected: Courses
08-04 12:00:06.535   512  2967 D audio_hw_primary: out_set_parameters: enter: usecase(1: low-latency-playback) kvpairs: routing=2
08-04 12:00:06.536   918  3696 I ActivityManager: START u0 {cmp=baseline.com.ak.uobtimetable/.CourseListActivity} from uid 10659 on display 0
08-04 12:00:06.548   512  2967 D audio_hw_primary: select_devices: out_snd_device(2: speaker) in_snd_device(0: none)
08-04 12:00:06.548   512  2967 D msm8974_platform: platform_send_audio_calibration: sending audio calibration for snd_device(2) acdb_id(15)
08-04 12:00:06.549   512  2967 I soundtrigger: audio_extn_sound_trigger_update_device_status: device 0x2 of type 0 for Event 1
08-04 12:00:06.559   512  2967 D audio_hw_primary: enable_snd_device: snd_device(2: speaker)
08-04 12:00:06.562 15843 15843 D MainActivity: OnPause
08-04 12:00:06.563   512  2967 D audio_hw_primary: enable_audio_route: apply and update mixer path: low-latency-playback speaker
08-04 12:00:06.595 15843 15843 D CourseListActivity: onCreate
08-04 12:00:06.597 15843 17181 D HTTP    : Request for: https://uob-timetable-api.adriankeenan.co.uk/courses
08-04 12:00:06.617 15843 15856 I art     : Starting a blocking GC Explicit
08-04 12:00:06.650 15843 15856 I art     : Explicit concurrent mark sweep GC freed 3965(218KB) AllocSpace objects, 1(20KB) LOS objects, 37% free, 26MB/42MB, paused 576us total 32.657ms
08-04 12:00:06.654   918   936 I ActivityManager: Displayed baseline.com.ak.uobtimetable/.CourseListActivity: +91ms
08-04 12:00:06.654 13866 13866 I GoogleInputMethodServic: GoogleInputMethodService.onFinishInput():3138 
08-04 12:00:06.655 13866 13866 I GoogleInputMethodServic: GoogleInputMethodService.onStartInput():1808 
08-04 12:00:06.662 15843 15856 I art     : Starting a blocking GC Explicit
08-04 12:00:06.695 15843 15856 I art     : Explicit concurrent mark sweep GC freed 673(39KB) AllocSpace objects, 0(0B) LOS objects, 37% free, 26MB/42MB, paused 407us total 32.468ms
08-04 12:00:06.706 15843 15856 I art     : Starting a blocking GC Explicit
08-04 12:00:06.738 15843 15856 I art     : Explicit concurrent mark sweep GC freed 2179(119KB) AllocSpace objects, 3(200KB) LOS objects, 37% free, 26MB/42MB, paused 642us total 31.832ms
08-04 12:00:06.750 15843 15856 I art     : Starting a blocking GC Explicit
08-04 12:00:06.774 15843 17181 I NAPPA_EXPERIMENTATION: MetricNetworkRequestExecutionTime: REQUEST_DURATION_SYSTEM='175',REQUEST_DURATION_OKHTTP='28',REQUEST_SYNCHRONOUS='TRUE',RESPONSE_CODE='200',RESPONSE_METHOD='GET',RESPONSE_LENGTH_OKHTTP='-1',RESPONSE_LENGTH_HEADER='-2',REQUEST_PROTOCOL='http/1.1',REQUEST_URL='https://uob-timetable-api.adriankeenan.co.uk/courses',
08-04 12:00:06.781 15843 15856 I art     : Explicit concurrent mark sweep GC freed 1258(137KB) AllocSpace objects, 0(0B) LOS objects, 37% free, 26MB/42MB, paused 439us total 30.405ms
08-04 12:00:06.792 15843 15856 I art     : Starting a blocking GC Explicit
08-04 12:00:06.824 15843 15856 I art     : Explicit concurrent mark sweep GC freed 56(2032B) AllocSpace objects, 0(0B) LOS objects, 35% free, 29MB/45MB, paused 522us total 32.044ms
08-04 12:00:07.033 15843 15843 D MainActivity: Saving state
08-04 12:00:07.033 15843 15843 D MainActivity: Saving current fragment: SessionListsFragment
08-04 12:00:07.033 15843 15843 D MainActivity: Saving current index: 1
08-04 12:00:07.034 15843 15843 D SessionListsFragment: Saving state
08-04 12:00:07.087 15843 15854 I art     : Starting a blocking GC Explicit
08-04 12:00:07.108   512  2967 D audio_hw_primary: disable_audio_route: reset and update mixer path: low-latency-playback speaker
08-04 12:00:07.109   512  2967 D audio_hw_primary: disable_snd_device: snd_device(2: speaker)
08-04 12:00:07.119   512  2967 I soundtrigger: audio_extn_sound_trigger_update_device_status: device 0x2 of type 0 for Event 0
08-04 12:00:07.122 15843 15854 I art     : Explicit concurrent mark sweep GC freed 229(9KB) AllocSpace objects, 0(0B) LOS objects, 24% free, 48MB/64MB, paused 434us total 35.253ms
08-04 12:00:07.133 15843 15854 I art     : Starting a blocking GC Explicit
08-04 12:00:07.158 15843 17181 I HTTP    : Response was compressed.
08-04 12:00:07.165 15843 15854 I art     : Explicit concurrent mark sweep GC freed 2592(116KB) AllocSpace objects, 0(0B) LOS objects, 19% free, 64MB/80MB, paused 581us total 31.865ms
08-04 12:00:07.176 15843 15854 I art     : Starting a blocking GC Explicit
08-04 12:00:07.215 15843 15854 I art     : Explicit concurrent mark sweep GC freed 23381(1089KB) AllocSpace objects, 2(22MB) LOS objects, 27% free, 41MB/57MB, paused 870us total 38.320ms
08-04 12:00:07.227 15843 15854 I art     : Starting a blocking GC Explicit
08-04 12:00:07.262 15843 15854 I art     : Explicit concurrent mark sweep GC freed 29099(1367KB) AllocSpace objects, 0(0B) LOS objects, 27% free, 41MB/57MB, paused 635us total 35.501ms
08-04 12:00:07.269 15756 15756 I ServiceManager: Waiting for service AtCmdFwd...
08-04 12:00:07.274 15843 15854 I art     : Starting a blocking GC Explicit
08-04 12:00:07.310 15843 15854 I art     : Explicit concurrent mark sweep GC freed 26307(1251KB) AllocSpace objects, 0(0B) LOS objects, 27% free, 42MB/58MB, paused 687us total 35.682ms
08-04 12:00:07.621 15843 16060 I art     : Starting a blocking GC Explicit
08-04 12:00:07.676 15843 16060 I art     : Explicit concurrent mark sweep GC freed 192409(8MB) AllocSpace objects, 1(20KB) LOS objects, 26% free, 43MB/59MB, paused 631us total 55.315ms
08-04 12:00:07.691 15843 16060 I art     : Starting a blocking GC Explicit
08-04 12:00:07.732 15843 16060 I art     : Explicit concurrent mark sweep GC freed 36087(1710KB) AllocSpace objects, 0(0B) LOS objects, 26% free, 43MB/59MB, paused 910us total 41.237ms
08-04 12:00:07.746 15843 16060 I art     : Starting a blocking GC Explicit
08-04 12:00:07.787 15843 16060 I art     : Explicit concurrent mark sweep GC freed 30506(1438KB) AllocSpace objects, 0(0B) LOS objects, 26% free, 44MB/60MB, paused 735us total 41.017ms
08-04 12:00:07.800 15843 16060 I art     : Starting a blocking GC Explicit
08-04 12:00:07.842 15843 16060 I art     : Explicit concurrent mark sweep GC freed 30233(1431KB) AllocSpace objects, 0(0B) LOS objects, 26% free, 44MB/60MB, paused 757us total 41.734ms
08-04 12:00:07.857 15843 16060 I art     : Starting a blocking GC Explicit
08-04 12:00:07.898 15843 16060 I art     : Explicit concurrent mark sweep GC freed 30536(1441KB) AllocSpace objects, 0(0B) LOS objects, 26% free, 44MB/60MB, paused 816us total 41.655ms
08-04 12:00:08.036   518   646 I ThermalEngine: ACTION: GPU - Setting GPU[0] to 450000000
08-04 12:00:08.218 15843 16060 I art     : Starting a blocking GC Explicit
08-04 12:00:08.269 15756 15756 I ServiceManager: Waiting for service AtCmdFwd...
08-04 12:00:08.294 15843 16060 I art     : Explicit concurrent mark sweep GC freed 202149(9MB) AllocSpace objects, 1(20KB) LOS objects, 25% free, 46MB/62MB, paused 1.013ms total 76.455ms
08-04 12:00:08.314 15843 16060 I art     : Starting a blocking GC Explicit
08-04 12:00:08.373 15843 16060 I art     : Explicit concurrent mark sweep GC freed 50318(2MB) AllocSpace objects, 0(0B) LOS objects, 25% free, 46MB/62MB, paused 1.196ms total 58.669ms
08-04 12:00:08.393 15843 16060 I art     : Starting a blocking GC Explicit
08-04 12:00:08.452 15843 16060 I art     : Explicit concurrent mark sweep GC freed 42180(2011KB) AllocSpace objects, 0(0B) LOS objects, 25% free, 46MB/62MB, paused 1.269ms total 58.795ms
08-04 12:00:08.471 15843 16060 I art     : Starting a blocking GC Explicit
08-04 12:00:08.530 15843 16060 I art     : Explicit concurrent mark sweep GC freed 41264(1932KB) AllocSpace objects, 0(0B) LOS objects, 25% free, 47MB/63MB, paused 1.242ms total 59.179ms
08-04 12:00:08.549 15843 16060 I art     : Starting a blocking GC Explicit
08-04 12:00:08.612 15843 16060 I art     : Explicit concurrent mark sweep GC freed 44139(2MB) AllocSpace objects, 0(0B) LOS objects, 25% free, 47MB/63MB, paused 1.222ms total 62.397ms
08-04 12:00:08.929 15843 15856 I art     : Starting a blocking GC Explicit
08-04 12:00:09.016 15843 15856 I art     : Explicit concurrent mark sweep GC freed 205371(9MB) AllocSpace objects, 1(20KB) LOS objects, 24% free, 49MB/65MB, paused 1.195ms total 86.069ms
08-04 12:00:09.038 15843 15856 I art     : Starting a blocking GC Explicit
08-04 12:00:09.105 15843 15856 I art     : Explicit concurrent mark sweep GC freed 55473(2MB) AllocSpace objects, 0(0B) LOS objects, 24% free, 49MB/65MB, paused 1.483ms total 67.158ms
08-04 12:00:09.127 15843 15856 I art     : Starting a blocking GC Explicit
08-04 12:00:09.197 15843 15856 I art     : Explicit concurrent mark sweep GC freed 48279(2MB) AllocSpace objects, 0(0B) LOS objects, 24% free, 49MB/65MB, paused 1.470ms total 70.460ms
08-04 12:00:09.218 15843 15856 I art     : Starting a blocking GC Explicit
08-04 12:00:09.269 15756 15756 I ServiceManager: Waiting for service AtCmdFwd...
08-04 12:00:09.289 15843 15856 I art     : Explicit concurrent mark sweep GC freed 49275(2MB) AllocSpace objects, 0(0B) LOS objects, 24% free, 50MB/66MB, paused 1.599ms total 70.601ms
08-04 12:00:09.310 15843 15856 I art     : Starting a blocking GC Explicit
08-04 12:00:09.382 15843 15856 I art     : Explicit concurrent mark sweep GC freed 49518(2MB) AllocSpace objects, 0(0B) LOS objects, 24% free, 50MB/66MB, paused 1.445ms total 71.269ms
08-04 12:00:09.696 15843 16064 I art     : Starting a blocking GC Explicit
08-04 12:00:09.792 15843 16064 I art     : Explicit concurrent mark sweep GC freed 211083(9MB) AllocSpace objects, 1(20KB) LOS objects, 23% free, 52MB/68MB, paused 1.383ms total 95.973ms
08-04 12:00:09.803 13866 13882 I PeriodicStatsRunner: PeriodicStatsRunner.call():175 call()
08-04 12:00:09.803 13866 13882 I PeriodicStatsRunner: PeriodicStatsRunner.call():179 No submit PeriodicStats since input started.
08-04 12:00:09.815 15843 16064 I art     : Starting a blocking GC Explicit
08-04 12:00:09.893 15843 16064 I art     : Explicit concurrent mark sweep GC freed 60949(2MB) AllocSpace objects, 0(0B) LOS objects, 23% free, 52MB/68MB, paused 1.681ms total 78.258ms
08-04 12:00:09.916 15843 16064 I art     : Starting a blocking GC Explicit
08-04 12:00:09.946 15843 17181 I Service : getCourses response time: 0.69
08-04 12:00:09.954 15843 15843 I SettingsManager: Getting string: savedCourse
08-04 12:00:09.989 15843 16064 I art     : Explicit concurrent mark sweep GC freed 35927(1736KB) AllocSpace objects, 0(0B) LOS objects, 23% free, 52MB/68MB, paused 820us total 73.343ms
08-04 12:00:10.011 15843 16064 I art     : Starting a blocking GC Explicit
08-04 12:00:10.088 15843 16064 I art     : Explicit concurrent mark sweep GC freed 1202(51KB) AllocSpace objects, 1(14MB) LOS objects, 29% free, 37MB/53MB, paused 582us total 76.588ms
08-04 12:00:10.112 15843 16064 I art     : Starting a blocking GC Explicit
08-04 12:00:10.191 15843 16064 I art     : Explicit concurrent mark sweep GC freed 686(61KB) AllocSpace objects, 0(0B) LOS objects, 29% free, 37MB/53MB, paused 570us total 78.925ms
08-04 12:00:10.192 15843 15853 I art     : WaitForGcToComplete blocked for 66.580ms for cause HeapTrim
08-04 12:00:10.270 15756 15756 I ServiceManager: Waiting for service AtCmdFwd...
08-04 12:00:10.548 15843 15856 I art     : Starting a blocking GC Explicit
08-04 12:00:10.646 15843 15856 I art     : Explicit concurrent mark sweep GC freed 1352(81KB) AllocSpace objects, 1(20KB) LOS objects, 29% free, 37MB/53MB, paused 569us total 96.777ms
08-04 12:00:10.672 15843 15856 I art     : Starting a blocking GC Explicit
08-04 12:00:10.753 15843 15856 I art     : Explicit concurrent mark sweep GC freed 18(624B) AllocSpace objects, 0(0B) LOS objects, 29% free, 37MB/53MB, paused 555us total 81.238ms
08-04 12:00:10.779 15843 15856 I art     : Starting a blocking GC Explicit
08-04 12:00:10.862 15843 15856 I art     : Explicit concurrent mark sweep GC freed 3(96B) AllocSpace objects, 0(0B) LOS objects, 29% free, 37MB/53MB, paused 519us total 82.359ms
08-04 12:00:10.887 15843 15856 I art     : Starting a blocking GC Explicit
08-04 12:00:10.971 15843 15856 I art     : Explicit concurrent mark sweep GC freed 3(96B) AllocSpace objects, 0(0B) LOS objects, 29% free, 37MB/53MB, paused 532us total 83.503ms
08-04 12:00:10.996 15843 15856 I art     : Starting a blocking GC Explicit
08-04 12:00:11.077 15843 15856 I art     : Explicit concurrent mark sweep GC freed 3(96B) AllocSpace objects, 0(0B) LOS objects, 29% free, 37MB/53MB, paused 559us total 80.555ms
08-04 12:00:11.271 15756 15756 I ServiceManager: Waiting for service AtCmdFwd...
08-04 12:00:11.434 15843 15854 I art     : Starting a blocking GC Explicit
08-04 12:00:11.533 15843 15854 I art     : Explicit concurrent mark sweep GC freed 1293(75KB) AllocSpace objects, 1(20KB) LOS objects, 29% free, 37MB/53MB, paused 553us total 99.310ms
08-04 12:00:11.559 15843 15854 I art     : Starting a blocking GC Explicit
08-04 12:00:11.642 15843 15854 I art     : Explicit concurrent mark sweep GC freed 20(720B) AllocSpace objects, 0(0B) LOS objects, 29% free, 37MB/53MB, paused 526us total 83.133ms
08-04 12:00:11.655 13866 13882 I PeriodicStatsRunner: PeriodicStatsRunner.call():175 call()
08-04 12:00:11.655 13866 13882 I PeriodicStatsRunner: PeriodicStatsRunner.call():179 No submit PeriodicStats since input started.
08-04 12:00:11.668 15843 15854 I art     : Starting a blocking GC Explicit
08-04 12:00:11.751 15843 15854 I art     : Explicit concurrent mark sweep GC freed 4(128B) AllocSpace objects, 0(0B) LOS objects, 29% free, 37MB/53MB, paused 527us total 82.665ms
08-04 12:00:11.776 15843 15854 I art     : Starting a blocking GC Explicit
08-04 12:00:11.861 15843 15854 I art     : Explicit concurrent mark sweep GC freed 3(96B) AllocSpace objects, 0(0B) LOS objects, 29% free, 37MB/53MB, paused 562us total 84.288ms
08-04 12:00:11.886 15843 15854 I art     : Starting a blocking GC Explicit
08-04 12:00:11.968 15843 15854 I art     : Explicit concurrent mark sweep GC freed 3(96B) AllocSpace objects, 0(0B) LOS objects, 29% free, 37MB/53MB, paused 633us total 81.480ms
08-04 12:00:12.041   518   646 I ThermalEngine: ACTION: GPU - Setting GPU[0] to 510000000
08-04 12:00:12.271 15756 15756 W Atfwd_Sendcmd: AtCmdFwd service not published, waiting... retryCnt : 5
08-04 12:00:12.314 15843 16064 I art     : Starting a blocking GC Explicit
08-04 12:00:12.396 15843 16064 I art     : Explicit concurrent mark sweep GC freed 1293(75KB) AllocSpace objects, 1(20KB) LOS objects, 29% free, 37MB/53MB, paused 400us total 82.179ms
08-04 12:00:12.417 15843 16064 I art     : Starting a blocking GC Explicit
08-04 12:00:12.476 15843 16064 I art     : Explicit concurrent mark sweep GC freed 18(624B) AllocSpace objects, 0(0B) LOS objects, 29% free, 37MB/53MB, paused 385us total 59.220ms
08-04 12:00:12.497 15843 16064 I art     : Starting a blocking GC Explicit
08-04 12:00:12.560 15843 16064 I art     : Explicit concurrent mark sweep GC freed 3(96B) AllocSpace objects, 0(0B) LOS objects, 29% free, 37MB/53MB, paused 412us total 63.562ms
08-04 12:00:12.581 15843 16064 I art     : Starting a blocking GC Explicit
08-04 12:00:12.643 15843 16064 I art     : Explicit concurrent mark sweep GC freed 3(96B) AllocSpace objects, 0(0B) LOS objects, 29% free, 37MB/53MB, paused 375us total 61.483ms
08-04 12:00:12.663 15843 16064 I art     : Starting a blocking GC Explicit
08-04 12:00:12.726 15843 16064 I art     : Explicit concurrent mark sweep GC freed 3(96B) AllocSpace objects, 0(0B) LOS objects, 29% free, 37MB/53MB, paused 417us total 62.328ms
08-04 12:00:13.020 15843 15856 I art     : Starting a blocking GC Explicit
08-04 12:00:13.085 15843 15856 I art     : Explicit concurrent mark sweep GC freed 1293(75KB) AllocSpace objects, 1(20KB) LOS objects, 29% free, 37MB/53MB, paused 422us total 64.945ms
08-04 12:00:13.105 15843 15856 I art     : Starting a blocking GC Explicit
08-04 12:00:13.160 15843 15856 I art     : Explicit concurrent mark sweep GC freed 18(624B) AllocSpace objects, 0(0B) LOS objects, 29% free, 37MB/53MB, paused 428us total 54.268ms
08-04 12:00:13.179 15843 15856 I art     : Starting a blocking GC Explicit
08-04 12:00:13.236 15843 15856 I art     : Explicit concurrent mark sweep GC freed 3(96B) AllocSpace objects, 0(0B) LOS objects, 29% free, 37MB/53MB, paused 385us total 56.919ms
08-04 12:00:13.256 15843 15856 I art     : Starting a blocking GC Explicit
08-04 12:00:13.313 17265 17265 D AndroidRuntime: >>>>>> START com.android.internal.os.RuntimeInit uid 2000 <<<<<<
08-04 12:00:13.313 15843 15856 I art     : Explicit concurrent mark sweep GC freed 3(96B) AllocSpace objects, 0(0B) LOS objects, 29% free, 37MB/53MB, paused 446us total 56.932ms
08-04 12:00:13.318 17265 17265 D AndroidRuntime: CheckJNI is OFF
08-04 12:00:13.333 15843 15856 I art     : Starting a blocking GC Explicit
08-04 12:00:13.354 17265 17265 D ICU     : No timezone override file found: /data/misc/zoneinfo/current/icu/icu_tzdata.dat
08-04 12:00:13.389 17265 17265 I Radio-JNI: register_android_hardware_Radio DONE
08-04 12:00:13.390 15843 15856 I art     : Explicit concurrent mark sweep GC freed 3(96B) AllocSpace objects, 0(0B) LOS objects, 29% free, 37MB/53MB, paused 415us total 56.468ms
08-04 12:00:13.412 17265 17265 D AndroidRuntime: Calling main entry com.android.commands.input.Input
08-04 12:00:13.414 17265 17265 I Input   : injectMotionEvent: MotionEvent { action=ACTION_DOWN, actionButton=0, id[0]=0, x[0]=648.0, y[0]=709.0, toolType[0]=TOOL_TYPE_UNKNOWN, buttonState=0, metaState=0, flags=0x0, edgeFlags=0x0, pointerCount=1, historySize=0, eventTime=705629827, downTime=705629827, deviceId=0, source=0x1002 }
08-04 12:00:13.419 17265 17265 I Input   : injectMotionEvent: MotionEvent { action=ACTION_UP, actionButton=0, id[0]=0, x[0]=648.0, y[0]=709.0, toolType[0]=TOOL_TYPE_UNKNOWN, buttonState=0, metaState=0, flags=0x0, edgeFlags=0x0, pointerCount=1, historySize=0, eventTime=705629827, downTime=705629827, deviceId=0, source=0x1002 }
08-04 12:00:13.421 17265 17265 D AndroidRuntime: Shutting down VM
08-04 12:00:13.487   512  2967 D audio_hw_primary: out_set_parameters: enter: usecase(1: low-latency-playback) kvpairs: routing=2
08-04 12:00:13.499   512  2967 D audio_hw_primary: select_devices: out_snd_device(2: speaker) in_snd_device(0: none)
08-04 12:00:13.499   512  2967 D msm8974_platform: platform_send_audio_calibration: sending audio calibration for snd_device(2) acdb_id(15)
08-04 12:00:13.500   512  2967 I soundtrigger: audio_extn_sound_trigger_update_device_status: device 0x2 of type 0 for Event 1
08-04 12:00:13.510   512  2967 D audio_hw_primary: enable_snd_device: snd_device(2: speaker)
08-04 12:00:13.512   512  2967 D audio_hw_primary: enable_audio_route: apply and update mixer path: low-latency-playback speaker
08-04 12:00:13.644 15843 15856 I art     : Starting a blocking GC Explicit
08-04 12:00:13.704 15843 15856 I art     : Explicit concurrent mark sweep GC freed 2060(133KB) AllocSpace objects, 2(40KB) LOS objects, 29% free, 37MB/53MB, paused 384us total 59.410ms
08-04 12:00:13.724 15843 15856 I art     : Starting a blocking GC Explicit
08-04 12:00:13.781 15843 15856 I art     : Explicit concurrent mark sweep GC freed 149(6KB) AllocSpace objects, 0(0B) LOS objects, 29% free, 37MB/53MB, paused 373us total 56.736ms
08-04 12:00:13.804 15843 15856 I art     : Starting a blocking GC Explicit
08-04 12:00:13.869 15843 15856 I art     : Explicit concurrent mark sweep GC freed 3(96B) AllocSpace objects, 0(0B) LOS objects, 29% free, 37MB/53MB, paused 377us total 64.655ms
08-04 12:00:13.890 15843 15856 I art     : Starting a blocking GC Explicit
08-04 12:00:13.955 15843 15856 I art     : Explicit concurrent mark sweep GC freed 9(320B) AllocSpace objects, 0(0B) LOS objects, 29% free, 37MB/53MB, paused 390us total 64.975ms
08-04 12:00:13.978 15843 15856 I art     : Starting a blocking GC Explicit
08-04 12:00:14.041 15843 15856 I art     : Explicit concurrent mark sweep GC freed 5(160B) AllocSpace objects, 0(0B) LOS objects, 29% free, 37MB/53MB, paused 400us total 62.859ms
08-04 12:00:14.050   512  2967 D audio_hw_primary: disable_audio_route: reset and update mixer path: low-latency-playback speaker
08-04 12:00:14.052   512  2967 D audio_hw_primary: disable_snd_device: snd_device(2: speaker)
08-04 12:00:14.061   512  2967 I soundtrigger: audio_extn_sound_trigger_update_device_status: device 0x2 of type 0 for Event 0
08-04 12:00:14.353 15843 15856 I art     : Starting a blocking GC Explicit
08-04 12:00:14.419 15843 15856 I art     : Explicit concurrent mark sweep GC freed 1294(75KB) AllocSpace objects, 1(20KB) LOS objects, 29% free, 37MB/53MB, paused 416us total 65.950ms
08-04 12:00:14.439 15843 15856 I art     : Starting a blocking GC Explicit
08-04 12:00:14.502 15843 15856 I art     : Explicit concurrent mark sweep GC freed 22(752B) AllocSpace objects, 0(0B) LOS objects, 29% free, 37MB/53MB, paused 408us total 62.810ms
08-04 12:00:14.523 15843 15856 I art     : Starting a blocking GC Explicit
08-04 12:00:14.587 15843 15856 I art     : Explicit concurrent mark sweep GC freed 3(96B) AllocSpace objects, 0(0B) LOS objects, 29% free, 37MB/53MB, paused 418us total 63.489ms
08-04 12:00:14.607 15843 15856 I art     : Starting a blocking GC Explicit
08-04 12:00:14.670 15843 15856 I art     : Explicit concurrent mark sweep GC freed 3(96B) AllocSpace objects, 0(0B) LOS objects, 29% free, 37MB/53MB, paused 402us total 62.540ms
08-04 12:00:14.689 15843 15856 I art     : Starting a blocking GC Explicit
08-04 12:00:14.747 15843 15856 I art     : Explicit concurrent mark sweep GC freed 3(96B) AllocSpace objects, 0(0B) LOS objects, 29% free, 37MB/53MB, paused 399us total 57.187ms
08-04 12:00:15.039 15843 16060 I art     : Starting a blocking GC Explicit
08-04 12:00:15.057 17308 17308 D AndroidRuntime: >>>>>> START com.android.internal.os.RuntimeInit uid 2000 <<<<<<
08-04 12:00:15.062 17308 17308 D AndroidRuntime: CheckJNI is OFF
08-04 12:00:15.097 17308 17308 D ICU     : No timezone override file found: /data/misc/zoneinfo/current/icu/icu_tzdata.dat
08-04 12:00:15.103 15843 16060 I art     : Explicit concurrent mark sweep GC freed 1293(75KB) AllocSpace objects, 1(20KB) LOS objects, 29% free, 37MB/53MB, paused 416us total 63.656ms
08-04 12:00:15.122 15843 16060 I art     : Starting a blocking GC Explicit
08-04 12:00:15.132 17308 17308 I Radio-JNI: register_android_hardware_Radio DONE
08-04 12:00:15.154 17308 17308 D AndroidRuntime: Calling main entry com.android.commands.input.Input
08-04 12:00:15.155 17308 17308 I Input   : injectMotionEvent: MotionEvent { action=ACTION_DOWN, actionButton=0, id[0]=0, x[0]=1197.0, y[0]=1456.0, toolType[0]=TOOL_TYPE_UNKNOWN, buttonState=0, metaState=0, flags=0x0, edgeFlags=0x0, pointerCount=1, historySize=0, eventTime=705631568, downTime=705631568, deviceId=0, source=0x1002 }
08-04 12:00:15.160 17308 17308 I Input   : injectMotionEvent: MotionEvent { action=ACTION_UP, actionButton=0, id[0]=0, x[0]=1197.0, y[0]=1456.0, toolType[0]=TOOL_TYPE_UNKNOWN, buttonState=0, metaState=0, flags=0x0, edgeFlags=0x0, pointerCount=1, historySize=0, eventTime=705631568, downTime=705631568, deviceId=0, source=0x1002 }
08-04 12:00:15.162 17308 17308 D AndroidRuntime: Shutting down VM
08-04 12:00:15.177   512  2967 D audio_hw_primary: out_set_parameters: enter: usecase(1: low-latency-playback) kvpairs: routing=2
08-04 12:00:15.184 15843 16060 I art     : Explicit concurrent mark sweep GC freed 32(1168B) AllocSpace objects, 0(0B) LOS objects, 29% free, 37MB/53MB, paused 427us total 61.358ms
08-04 12:00:15.190   512  2967 D audio_hw_primary: select_devices: out_snd_device(2: speaker) in_snd_device(0: none)
08-04 12:00:15.190   512  2967 D msm8974_platform: platform_send_audio_calibration: sending audio calibration for snd_device(2) acdb_id(15)
08-04 12:00:15.190   512  2967 I soundtrigger: audio_extn_sound_trigger_update_device_status: device 0x2 of type 0 for Event 1
08-04 12:00:15.200   512  2967 D audio_hw_primary: enable_snd_device: snd_device(2: speaker)
08-04 12:00:15.203   512  2967 D audio_hw_primary: enable_audio_route: apply and update mixer path: low-latency-playback speaker
08-04 12:00:15.207 15843 16060 I art     : Starting a blocking GC Explicit
08-04 12:00:15.232 15843 15858 D OpenGLRenderer: endAllStagingAnimators on 0x7f949c2400 (RippleDrawable) with handle 0x7f79f77760
08-04 12:00:15.238 15843 15843 I SettingsManager: Setting string: savedCourse
08-04 12:00:15.238   918  3696 W BackupManagerService: dataChanged but no participant pkg='baseline.com.ak.uobtimetable' uid=10659
08-04 12:00:15.239   918  4400 I ActivityManager: START u0 {flg=0x4000000 cmp=baseline.com.ak.uobtimetable/.MainActivity (has extras)} from uid 10659 on display 0
08-04 12:00:15.252   918  4413 W InputMethodManagerService: Focus gain on non-focused client com.android.internal.view.IInputMethodClient$Stub$Proxy@37b783 (uid=10659 pid=15843)
08-04 12:00:15.263 15843 16060 I art     : Explicit concurrent mark sweep GC freed 4248(196KB) AllocSpace objects, 0(0B) LOS objects, 29% free, 37MB/53MB, paused 895us total 55.886ms
08-04 12:00:15.264 15843 15843 D MainActivity: OnDestroy
08-04 12:00:15.281 15843 16060 I art     : Starting a blocking GC Explicit
08-04 12:00:15.286 15843 15843 D MainActivity: onCreate
08-04 12:00:15.286 15843 15843 I SettingsManager: Getting string: savedSessions
08-04 12:00:15.286 15843 15843 I SettingsManager: Getting string: savedSessions
08-04 12:00:15.295 15843 15843 I SettingsManager: Getting string: savedSessionsCourseName
08-04 12:00:15.295 15843 15843 I SettingsManager: Getting string: savedSessionsCourseName
08-04 12:00:15.295 15843 15843 I SettingsManager: Getting string: savedSessionsDateRange
08-04 12:00:15.295 15843 15843 I SettingsManager: Getting string: savedSessionsDateRange
08-04 12:00:15.296 15843 15843 I Settings: 15 saved sessions - Artificial Intelligence and Robotics (with Foundation Year) - BSc (Hons) - Ltn - Y0 Feb FT - Weeks: 24-38 (8 Jun 2020-20 Sep 2020)
08-04 12:00:15.325 15843 15843 I SettingsManager: Getting string: savedCourse
08-04 12:00:15.325 15843 15843 D MainActivity: sessionListFragmentArg: updateSessions
08-04 12:00:15.325 15843 15843 D MainActivity: showTermDatesConfigChange: false
08-04 12:00:15.325 15843 15843 D MainActivity: showTermDatesShortcut: false
08-04 12:00:15.326 15843 15843 D MainActivity: Setting initial fragment: SessionListsFragment
08-04 12:00:15.327 15843 15843 I SettingsManager: Getting int: launchCount
08-04 12:00:15.327 15843 15843 D SessionListsFragment: onCreateView
08-04 12:00:15.331 15843 15843 I SettingsManager: Getting string: savedCourse
08-04 12:00:15.334 15843 15843 I SettingsManager: Getting string: savedSessions
08-04 12:00:15.344 15843 15843 D SessionListsFragment: loadArgument: updateSessions
08-04 12:00:15.344 15843 15843 D SessionListsFragment: initialIndex: -1
08-04 12:00:15.345 15843 16060 I art     : Explicit concurrent mark sweep GC freed 13981(654KB) AllocSpace objects, 2(1340KB) LOS objects, 29% free, 37MB/53MB, paused 1.254ms total 62.892ms
08-04 12:00:15.346 15843 17333 D HTTP    : Request for: https://uob-timetable-api.adriankeenan.co.uk/sessions?dept=CM010&course=BSAIFAAF%2F02AA%2F0%2FFT&level=Foundation+Year
08-04 12:00:15.359 15843 15843 D TermDatesFragment: WebView loaded
08-04 12:00:15.359 15843 15843 D MainActivity: OnResume
08-04 12:00:15.364 15843 16060 I art     : Starting a blocking GC Explicit
08-04 12:00:15.369 15843 15843 I TermDatesFragment: Webview load %: 10
08-04 12:00:15.424 15843 16060 I art     : Explicit concurrent mark sweep GC freed 4466(227KB) AllocSpace objects, 1(40KB) LOS objects, 29% free, 37MB/53MB, paused 563us total 59.518ms
08-04 12:00:15.466   918   936 I ActivityManager: Displayed baseline.com.ak.uobtimetable/.MainActivity: +213ms
08-04 12:00:15.466 13866 13866 I GoogleInputMethodServic: GoogleInputMethodService.onFinishInput():3138 
08-04 12:00:15.468 13866 13866 I GoogleInputMethodServic: GoogleInputMethodService.onStartInput():1808 
08-04 12:00:15.589 15843 15843 I TermDatesFragment: Webview load %: 70
08-04 12:00:15.598 15843 17333 I NAPPA_EXPERIMENTATION: MetricNetworkRequestExecutionTime: REQUEST_DURATION_SYSTEM='251',REQUEST_DURATION_OKHTTP='31',REQUEST_SYNCHRONOUS='TRUE',RESPONSE_CODE='200',RESPONSE_METHOD='GET',RESPONSE_LENGTH_OKHTTP='-1',RESPONSE_LENGTH_HEADER='1214',REQUEST_PROTOCOL='http/1.1',REQUEST_URL='https://uob-timetable-api.adriankeenan.co.uk/sessions?dept=CM010&course=BSAIFAAF%2F02AA%2F0%2FFT&level=Foundation+Year',
08-04 12:00:15.600 15843 15843 I TermDatesFragment: Webview load %: 100
08-04 12:00:15.600 15843 15843 I TermDatesFragment: Webview load %: 100
08-04 12:00:15.640 15843 17333 I HTTP    : Response was compressed.
08-04 12:00:15.655 15843 17333 I Service : getSessions response time: 1.10
08-04 12:00:15.656 15843 15843 I SettingsManager: Getting string: savedSessions
08-04 12:00:15.656 15843 15843 I SettingsManager: Getting string: savedSessions
08-04 12:00:15.664 15843 15843 I Service : Sessions updated: 15
08-04 12:00:15.664 15843 15843 I Service : Sessions removed from new list: 0
08-04 12:00:15.671 15843 15843 I SettingsManager: Setting string: savedSessions
08-04 12:00:15.671   918  4413 W BackupManagerService: dataChanged but no participant pkg='baseline.com.ak.uobtimetable' uid=10659
08-04 12:00:15.671 15843 15843 I SettingsManager: Setting date: savedSessionsTime
08-04 12:00:15.683   918  6112 W BackupManagerService: dataChanged but no participant pkg='baseline.com.ak.uobtimetable' uid=10659
08-04 12:00:15.684 15843 15843 I SettingsManager: Setting string: savedSessionsCourseName
08-04 12:00:15.684   918   929 W BackupManagerService: dataChanged but no participant pkg='baseline.com.ak.uobtimetable' uid=10659
08-04 12:00:15.684 15843 15843 I SettingsManager: Setting string: savedSessionsDateRange
08-04 12:00:15.685   918  3359 W BackupManagerService: dataChanged but no participant pkg='baseline.com.ak.uobtimetable' uid=10659
08-04 12:00:15.685 15843 15843 I SettingsManager: Setting string: timetableUrl
08-04 12:00:15.685   918  3714 W BackupManagerService: dataChanged but no participant pkg='baseline.com.ak.uobtimetable' uid=10659
08-04 12:00:15.685 15843 15843 I SettingsManager: Getting boolean: notifySessionRemindersEnabled
08-04 12:00:15.685 15843 16064 I art     : Starting a blocking GC Explicit
08-04 12:00:15.685 15843 15843 I SettingsManager: Getting int: notifySessionRemindersMinutes
08-04 12:00:15.685 15843 15843 I SettingsManager: Getting boolean: showHiddenSessions
08-04 12:00:15.688 15843 15843 I SessionReminderNotifier: Created session reminder alarm for f7b4771250a919bd729c1c5a4a459c77 at Mon 08:30:00 10/08/20
08-04 12:00:15.690 15843 15843 I SessionReminderNotifier: Created session reminder alarm for a7f879aabdeb78622c8820a5fb7b64cd at Tue 08:30:00 11/08/20
08-04 12:00:15.692 15843 15843 I SessionReminderNotifier: Created session reminder alarm for 7bc8d7e2c2055711f597c3d9078c6ea3 at Tue 08:30:00 11/08/20
08-04 12:00:15.693 15843 15843 I SessionReminderNotifier: Created session reminder alarm for 53c0527a6f009a1f2fd223834d3bfe51 at Tue 10:30:00 11/08/20
08-04 12:00:15.696 15843 15843 I SessionReminderNotifier: Created session reminder alarm for e0fc978b5db8218778540b4053344581 at Tue 11:00:00 11/08/20
08-04 12:00:15.698 15843 15843 I SessionReminderNotifier: Created session reminder alarm for 199afb0100f329ff65a09e1b0cd9deba at Tue 11:30:00 04/08/20
08-04 12:00:15.700 15843 15843 I SessionReminderNotifier: Created session reminder alarm for 21712fef61090882c855a1425543edb5 at Tue 13:30:00 04/08/20
08-04 12:00:15.702 15843 15843 I SessionReminderNotifier: Created session reminder alarm for 65ca4d97f031f29a4d02bbb45a705d8f at Wed 08:30:00 05/08/20
08-04 12:00:15.703 15843 15843 I SessionReminderNotifier: Created session reminder alarm for eeda7741b0bcab58fd9f46dc6ef1d942 at Wed 08:30:00 05/08/20
08-04 12:00:15.705 15843 15843 I SessionReminderNotifier: Created session reminder alarm for c276c1b2075a0beb67f1b3d1e580f920 at Wed 11:00:00 05/08/20
08-04 12:00:15.707 15843 15843 I SessionReminderNotifier: Created session reminder alarm for 8b1f3627e42ae13a6f6ba0a83903dde1 at Wed 13:30:00 05/08/20
08-04 12:00:15.708 15843 15843 I SessionReminderNotifier: Created session reminder alarm for 79fe0b5c3b887a13ba29db5a33fa2800 at Thu 08:30:00 06/08/20
08-04 12:00:15.710 15843 15843 I SessionReminderNotifier: Created session reminder alarm for cb9dfc8231cdba2be0835dc5709690e1 at Thu 08:30:00 06/08/20
08-04 12:00:15.713 15843 15843 I SessionReminderNotifier: Created session reminder alarm for f850dc24d6de60b7b89fa9e1a8c224c5 at Thu 12:00:00 06/08/20
08-04 12:00:15.715 15843 15843 I SessionReminderNotifier: Created session reminder alarm for 2ba1034116e4fffdd592dbf0796a43d5 at Fri 08:30:00 07/08/20
08-04 12:00:15.715 15843 15843 I SettingsManager: Getting boolean: showHiddenSessions
08-04 12:00:15.715 15843 15843 D SessionListsFragment: 1 sessions for day 0
08-04 12:00:15.715 15843 15843 D SessionListsFragment: 6 sessions for day 1
08-04 12:00:15.716 15843 15843 D SessionListsFragment: 4 sessions for day 2
08-04 12:00:15.716 15843 15843 D SessionListsFragment: 3 sessions for day 3
08-04 12:00:15.716 15843 15843 D SessionListsFragment: 1 sessions for day 4
08-04 12:00:15.740   512  2967 D audio_hw_primary: disable_audio_route: reset and update mixer path: low-latency-playback speaker
08-04 12:00:15.744   512  2967 D audio_hw_primary: disable_snd_device: snd_device(2: speaker)
08-04 12:00:15.753   512  2967 I soundtrigger: audio_extn_sound_trigger_update_device_status: device 0x2 of type 0 for Event 0
08-04 12:00:15.755 15843 16064 I art     : Explicit concurrent mark sweep GC freed 62038(2MB) AllocSpace objects, 12(464KB) LOS objects, 30% free, 36MB/52MB, paused 2.025ms total 69.950ms
08-04 12:00:15.761 15843 15843 I SettingsManager: Getting boolean: showHiddenSessions
08-04 12:00:15.762 15843 15843 D SessionListsFragment: Refreshed ViewPager
08-04 12:00:15.762 15843 15843 I SettingsManager: Getting boolean: showHiddenSessions
08-04 12:00:15.762 15843 15843 I SettingsManager: Getting boolean: completedTutorial
08-04 12:00:15.762 15843 15843 I SettingsManager: Getting boolean: showHiddenSessions
08-04 12:00:15.762 15843 15843 I SettingsManager: Getting date: savedSessionsTime
08-04 12:00:15.771 15843 16064 I art     : Starting a blocking GC Explicit
08-04 12:00:15.824 15843 16064 I art     : Explicit concurrent mark sweep GC freed 29284(1255KB) AllocSpace objects, 0(0B) LOS objects, 30% free, 36MB/52MB, paused 1.042ms total 52.027ms
08-04 12:00:15.841 15843 16064 I art     : Starting a blocking GC Explicit
08-04 12:00:15.898 15843 16064 I art     : Explicit concurrent mark sweep GC freed 29430(1199KB) AllocSpace objects, 0(0B) LOS objects, 30% free, 36MB/52MB, paused 1.179ms total 56.588ms
08-04 12:00:15.916 15843 16064 I art     : Starting a blocking GC Explicit
08-04 12:00:15.973 15843 16064 I art     : Explicit concurrent mark sweep GC freed 30396(1259KB) AllocSpace objects, 0(0B) LOS objects, 30% free, 37MB/53MB, paused 1.054ms total 57.289ms
08-04 12:00:15.991 15843 16064 I art     : Starting a blocking GC Explicit
08-04 12:00:16.050   518   646 I ThermalEngine: ACTION: GPU - Setting GPU[0] to 450000000
08-04 12:00:16.051 15843 16064 I art     : Explicit concurrent mark sweep GC freed 32417(1331KB) AllocSpace objects, 0(0B) LOS objects, 30% free, 37MB/53MB, paused 1.043ms total 60.339ms
08-04 12:00:16.376 15843 15854 I art     : Starting a blocking GC Explicit
08-04 12:00:16.477 15843 15854 I art     : Explicit concurrent mark sweep GC freed 135584(5MB) AllocSpace objects, 1(20KB) LOS objects, 29% free, 38MB/54MB, paused 1.298ms total 100.377ms
08-04 12:00:16.496 15843 15843 I Choreographer: Skipped 43 frames!  The application may be doing too much work on its main thread.
08-04 12:00:16.501 15843 15854 I art     : Starting a blocking GC Explicit
08-04 12:00:16.571 15843 15854 I art     : Explicit concurrent mark sweep GC freed 12008(662KB) AllocSpace objects, 0(0B) LOS objects, 29% free, 37MB/53MB, paused 631us total 69.703ms
08-04 12:00:16.593 15843 15854 I art     : Starting a blocking GC Explicit
08-04 12:00:16.651 15843 15854 I art     : Explicit concurrent mark sweep GC freed 121782(11MB) AllocSpace objects, 3(136KB) LOS objects, 37% free, 26MB/42MB, paused 508us total 57.094ms
08-04 12:00:16.666 15843 15854 I art     : Starting a blocking GC Explicit
08-04 12:00:16.702 15843 15854 I art     : Explicit concurrent mark sweep GC freed 3(96B) AllocSpace objects, 0(0B) LOS objects, 37% free, 26MB/42MB, paused 496us total 35.459ms
08-04 12:00:16.716 15843 15854 I art     : Starting a blocking GC Explicit
08-04 12:00:16.754 15843 15854 I art     : Explicit concurrent mark sweep GC freed 3(96B) AllocSpace objects, 0(0B) LOS objects, 37% free, 26MB/42MB, paused 532us total 37.952ms
08-04 12:00:17.109 15843 15854 I art     : Starting a blocking GC Explicit
08-04 12:00:17.171 15843 15854 I art     : Explicit concurrent mark sweep GC freed 1517(85KB) AllocSpace objects, 1(20KB) LOS objects, 37% free, 26MB/42MB, paused 605us total 61.777ms
08-04 12:00:17.190 15843 15854 I art     : Starting a blocking GC Explicit
08-04 12:00:17.237 15843 15854 I art     : Explicit concurrent mark sweep GC freed 18(624B) AllocSpace objects, 0(0B) LOS objects, 37% free, 26MB/42MB, paused 585us total 46.694ms
08-04 12:00:17.246   918  3188 I hubconnection: sensorhub said: 'set_bias 3: -6.2400, 0.0000, 0.0000'
08-04 12:00:17.253 15843 15854 I art     : Starting a blocking GC Explicit
08-04 12:00:17.300 15843 15854 I art     : Explicit concurrent mark sweep GC freed 3(96B) AllocSpace objects, 0(0B) LOS objects, 37% free, 26MB/42MB, paused 573us total 46.805ms
08-04 12:00:17.317 15843 15854 I art     : Starting a blocking GC Explicit
08-04 12:00:17.364 15843 15854 I art     : Explicit concurrent mark sweep GC freed 19(736B) AllocSpace objects, 0(0B) LOS objects, 37% free, 26MB/42MB, paused 699us total 46.957ms
08-04 12:00:17.381 15843 15854 I art     : Starting a blocking GC Explicit
08-04 12:00:17.424 15843 15854 I art     : Explicit concurrent mark sweep GC freed 33(1056B) AllocSpace objects, 0(0B) LOS objects, 37% free, 26MB/42MB, paused 551us total 42.695ms
08-04 12:00:17.523   918   931 I ActivityManager: Waited long enough for: ServiceRecord{7834326 u0 com.google.android.googlequicksearchbox/com.google.android.apps.gsa.shared.util.keepalive.StandaloneKeepAlive$KeepAliveService}
08-04 12:00:17.774 15843 16064 I art     : Starting a blocking GC Explicit
08-04 12:00:17.834 15843 16064 I art     : Explicit concurrent mark sweep GC freed 1401(79KB) AllocSpace objects, 1(20KB) LOS objects, 37% free, 26MB/42MB, paused 617us total 59.255ms
08-04 12:00:17.854 15843 16064 I art     : Starting a blocking GC Explicit
08-04 12:00:17.901 15843 16064 I art     : Explicit concurrent mark sweep GC freed 18(624B) AllocSpace objects, 0(0B) LOS objects, 37% free, 26MB/42MB, paused 583us total 46.303ms
08-04 12:00:17.917 15843 16064 I art     : Starting a blocking GC Explicit
08-04 12:00:17.965 15843 16064 I art     : Explicit concurrent mark sweep GC freed 3(96B) AllocSpace objects, 0(0B) LOS objects, 37% free, 26MB/42MB, paused 533us total 46.955ms
08-04 12:00:17.981 15843 16064 I art     : Starting a blocking GC Explicit
08-04 12:00:18.029 15843 16064 I art     : Explicit concurrent mark sweep GC freed 3(96B) AllocSpace objects, 0(0B) LOS objects, 37% free, 26MB/42MB, paused 600us total 47.877ms
08-04 12:00:18.050 15843 16064 I art     : Starting a blocking GC Explicit
08-04 12:00:18.094 15843 16064 I art     : Explicit concurrent mark sweep GC freed 3(96B) AllocSpace objects, 0(0B) LOS objects, 37% free, 26MB/42MB, paused 575us total 43.486ms
08-04 12:00:18.434 15843 15854 I art     : Starting a blocking GC Explicit
08-04 12:00:18.486 15843 15854 I art     : Explicit concurrent mark sweep GC freed 1293(75KB) AllocSpace objects, 1(20KB) LOS objects, 37% free, 26MB/42MB, paused 586us total 51.567ms
08-04 12:00:18.503 15843 15854 I art     : Starting a blocking GC Explicit
08-04 12:00:18.552 15843 15854 I art     : Explicit concurrent mark sweep GC freed 18(624B) AllocSpace objects, 0(0B) LOS objects, 37% free, 26MB/42MB, paused 594us total 48.676ms
08-04 12:00:18.568 15843 15854 I art     : Starting a blocking GC Explicit
08-04 12:00:18.614 15843 15854 I art     : Explicit concurrent mark sweep GC freed 3(96B) AllocSpace objects, 0(0B) LOS objects, 37% free, 26MB/42MB, paused 576us total 45.604ms
08-04 12:00:18.630 15843 15854 I art     : Starting a blocking GC Explicit
08-04 12:00:18.678 15843 15854 I art     : Explicit concurrent mark sweep GC freed 3(96B) AllocSpace objects, 0(0B) LOS objects, 37% free, 26MB/42MB, paused 625us total 47.583ms
08-04 12:00:18.695 15843 15854 I art     : Starting a blocking GC Explicit
08-04 12:00:18.742 15843 15854 I art     : Explicit concurrent mark sweep GC freed 3(96B) AllocSpace objects, 0(0B) LOS objects, 37% free, 26MB/42MB, paused 593us total 46.525ms
08-04 12:00:19.056   518   646 I ThermalEngine: ACTION: GPU - Setting GPU[0] to 510000000
08-04 12:00:19.112 15843 16060 I art     : Starting a blocking GC Explicit
08-04 12:00:19.159 15843 16060 I art     : Explicit concurrent mark sweep GC freed 1293(75KB) AllocSpace objects, 1(20KB) LOS objects, 37% free, 26MB/42MB, paused 499us total 46.855ms
08-04 12:00:19.175 15843 16060 I art     : Starting a blocking GC Explicit
08-04 12:00:19.211 15843 16060 I art     : Explicit concurrent mark sweep GC freed 18(624B) AllocSpace objects, 0(0B) LOS objects, 37% free, 26MB/42MB, paused 431us total 35.032ms
08-04 12:00:19.223 15843 16060 I art     : Starting a blocking GC Explicit
08-04 12:00:19.260 15843 16060 I art     : Explicit concurrent mark sweep GC freed 3(96B) AllocSpace objects, 0(0B) LOS objects, 37% free, 26MB/42MB, paused 422us total 35.893ms
08-04 12:00:19.272 15843 16060 I art     : Starting a blocking GC Explicit
08-04 12:00:19.308 15843 16060 I art     : Explicit concurrent mark sweep GC freed 3(96B) AllocSpace objects, 0(0B) LOS objects, 37% free, 26MB/42MB, paused 435us total 35.116ms
08-04 12:00:19.320 15843 16060 I art     : Starting a blocking GC Explicit
08-04 12:00:19.356 15843 16060 I art     : Explicit concurrent mark sweep GC freed 3(96B) AllocSpace objects, 0(0B) LOS objects, 37% free, 26MB/42MB, paused 436us total 35.968ms
08-04 12:00:19.632 15843 16060 I art     : Starting a blocking GC Explicit
08-04 12:00:19.670 15843 16060 I art     : Explicit concurrent mark sweep GC freed 1307(76KB) AllocSpace objects, 1(20KB) LOS objects, 37% free, 26MB/42MB, paused 513us total 37.326ms
08-04 12:00:19.683 15843 16060 I art     : Starting a blocking GC Explicit
08-04 12:00:19.718 15843 16060 I art     : Explicit concurrent mark sweep GC freed 23(768B) AllocSpace objects, 0(0B) LOS objects, 37% free, 26MB/42MB, paused 447us total 34.454ms
08-04 12:00:19.730 15843 16060 I art     : Starting a blocking GC Explicit
08-04 12:00:19.764 15843 16060 I art     : Explicit concurrent mark sweep GC freed 27(1040B) AllocSpace objects, 0(0B) LOS objects, 37% free, 26MB/42MB, paused 464us total 33.646ms
08-04 12:00:19.777 15843 16060 I art     : Starting a blocking GC Explicit
08-04 12:00:19.809 15843 16060 I art     : Explicit concurrent mark sweep GC freed 56(1712B) AllocSpace objects, 0(0B) LOS objects, 37% free, 26MB/42MB, paused 424us total 31.468ms
08-04 12:00:19.820 15843 16060 I art     : Starting a blocking GC Explicit
08-04 12:00:19.841 17406 17406 D AndroidRuntime: >>>>>> START com.android.internal.os.RuntimeInit uid 2000 <<<<<<
08-04 12:00:19.846 17406 17406 D AndroidRuntime: CheckJNI is OFF
08-04 12:00:19.853 15843 16060 I art     : Explicit concurrent mark sweep GC freed 151(10KB) AllocSpace objects, 0(0B) LOS objects, 37% free, 26MB/42MB, paused 429us total 32.695ms
08-04 12:00:19.880 17406 17406 D ICU     : No timezone override file found: /data/misc/zoneinfo/current/icu/icu_tzdata.dat
08-04 12:00:19.912 17406 17406 I Radio-JNI: register_android_hardware_Radio DONE
08-04 12:00:19.933 17406 17406 D AndroidRuntime: Calling main entry com.android.commands.input.Input
08-04 12:00:19.935 17406 17406 I Input   : injectMotionEvent: MotionEvent { action=ACTION_DOWN, actionButton=0, id[0]=0, x[0]=81.0, y[0]=176.0, toolType[0]=TOOL_TYPE_UNKNOWN, buttonState=0, metaState=0, flags=0x0, edgeFlags=0x0, pointerCount=1, historySize=0, eventTime=705636347, downTime=705636347, deviceId=0, source=0x1002 }
08-04 12:00:19.940 17406 17406 I Input   : injectMotionEvent: MotionEvent { action=ACTION_UP, actionButton=0, id[0]=0, x[0]=81.0, y[0]=176.0, toolType[0]=TOOL_TYPE_UNKNOWN, buttonState=0, metaState=0, flags=0x0, edgeFlags=0x0, pointerCount=1, historySize=0, eventTime=705636347, downTime=705636347, deviceId=0, source=0x1002 }
08-04 12:00:19.943 17406 17406 D AndroidRuntime: Shutting down VM
08-04 12:00:19.951   512  2967 D audio_hw_primary: out_set_parameters: enter: usecase(1: low-latency-playback) kvpairs: routing=2
08-04 12:00:19.964   512  2967 D audio_hw_primary: select_devices: out_snd_device(2: speaker) in_snd_device(0: none)
08-04 12:00:19.964   512  2967 D msm8974_platform: platform_send_audio_calibration: sending audio calibration for snd_device(2) acdb_id(15)
08-04 12:00:19.964   512  2967 I soundtrigger: audio_extn_sound_trigger_update_device_status: device 0x2 of type 0 for Event 1
08-04 12:00:19.975   512  2967 D audio_hw_primary: enable_snd_device: snd_device(2: speaker)
08-04 12:00:19.977   512  2967 D audio_hw_primary: enable_audio_route: apply and update mixer path: low-latency-playback speaker
08-04 12:00:19.983 13866 13866 I GoogleInputMethodServic: GoogleInputMethodService.onFinishInput():3138 
08-04 12:00:19.984 13866 13866 I GoogleInputMethodServic: GoogleInputMethodService.onStartInput():1808 
08-04 12:00:20.119 15843 16060 I art     : Starting a blocking GC Explicit
08-04 12:00:20.162 15843 16060 I art     : Explicit concurrent mark sweep GC freed 1710(96KB) AllocSpace objects, 1(20KB) LOS objects, 37% free, 26MB/42MB, paused 499us total 42.467ms
08-04 12:00:20.177 15843 16060 I art     : Starting a blocking GC Explicit
08-04 12:00:20.208 15843 16060 I art     : Explicit concurrent mark sweep GC freed 28(1120B) AllocSpace objects, 0(0B) LOS objects, 37% free, 26MB/42MB, paused 422us total 31.730ms
08-04 12:00:20.220 15843 16060 I art     : Starting a blocking GC Explicit
08-04 12:00:20.252 15843 16060 I art     : Explicit concurrent mark sweep GC freed 9(288B) AllocSpace objects, 0(0B) LOS objects, 37% free, 26MB/42MB, paused 397us total 32.048ms
08-04 12:00:20.264 15843 16060 I art     : Starting a blocking GC Explicit
08-04 12:00:20.297 15843 16060 I art     : Explicit concurrent mark sweep GC freed 3(96B) AllocSpace objects, 0(0B) LOS objects, 37% free, 26MB/42MB, paused 397us total 32.235ms
08-04 12:00:20.309 15843 16060 I art     : Starting a blocking GC Explicit
08-04 12:00:20.341 15843 16060 I art     : Explicit concurrent mark sweep GC freed 3(96B) AllocSpace objects, 0(0B) LOS objects, 37% free, 26MB/42MB, paused 406us total 31.997ms
08-04 12:00:20.468 13866 13882 I PeriodicStatsRunner: PeriodicStatsRunner.call():175 call()
08-04 12:00:20.468 13866 13882 I PeriodicStatsRunner: PeriodicStatsRunner.call():179 No submit PeriodicStats since input started.
08-04 12:00:20.518   512  2967 D audio_hw_primary: disable_audio_route: reset and update mixer path: low-latency-playback speaker
08-04 12:00:20.519   512  2967 D audio_hw_primary: disable_snd_device: snd_device(2: speaker)
08-04 12:00:20.527   512  2967 I soundtrigger: audio_extn_sound_trigger_update_device_status: device 0x2 of type 0 for Event 0
08-04 12:00:20.631 15843 15854 I art     : Starting a blocking GC Explicit
08-04 12:00:20.669 15843 15854 I art     : Explicit concurrent mark sweep GC freed 1296(75KB) AllocSpace objects, 1(20KB) LOS objects, 37% free, 26MB/42MB, paused 431us total 37.341ms
08-04 12:00:20.682 15843 15854 I art     : Starting a blocking GC Explicit
08-04 12:00:20.717 15843 15854 I art     : Explicit concurrent mark sweep GC freed 22(752B) AllocSpace objects, 0(0B) LOS objects, 37% free, 26MB/42MB, paused 488us total 34.808ms
08-04 12:00:20.729 15843 15854 I art     : Starting a blocking GC Explicit
08-04 12:00:20.765 15843 15854 I art     : Explicit concurrent mark sweep GC freed 3(96B) AllocSpace objects, 0(0B) LOS objects, 37% free, 26MB/42MB, paused 406us total 34.828ms
08-04 12:00:20.765 15843 15853 I art     : WaitForGcToComplete blocked for 9.178ms for cause HeapTrim
08-04 12:00:20.777 15843 15854 I art     : Starting a blocking GC Explicit
08-04 12:00:20.813 15843 15854 I art     : Explicit concurrent mark sweep GC freed 3(96B) AllocSpace objects, 0(0B) LOS objects, 37% free, 26MB/42MB, paused 434us total 35.935ms
08-04 12:00:20.826 15843 15854 I art     : Starting a blocking GC Explicit
08-04 12:00:20.862 15843 15854 I art     : Explicit concurrent mark sweep GC freed 3(96B) AllocSpace objects, 0(0B) LOS objects, 37% free, 26MB/42MB, paused 413us total 35.876ms
08-04 12:00:21.163 15843 16060 I art     : Starting a blocking GC Explicit
08-04 12:00:21.202 15843 16060 I art     : Explicit concurrent mark sweep GC freed 1293(75KB) AllocSpace objects, 1(20KB) LOS objects, 37% free, 26MB/42MB, paused 472us total 38.798ms
08-04 12:00:21.215 15843 16060 I art     : Starting a blocking GC Explicit
08-04 12:00:21.249 15843 16060 I art     : Explicit concurrent mark sweep GC freed 18(624B) AllocSpace objects, 0(0B) LOS objects, 37% free, 26MB/42MB, paused 420us total 33.627ms
08-04 12:00:21.261 15843 16060 I art     : Starting a blocking GC Explicit
08-04 12:00:21.295 15843 16060 I art     : Explicit concurrent mark sweep GC freed 3(96B) AllocSpace objects, 0(0B) LOS objects, 37% free, 26MB/42MB, paused 416us total 33.955ms
08-04 12:00:21.307 15843 16060 I art     : Starting a blocking GC Explicit
08-04 12:00:21.341 15843 16060 I art     : Explicit concurrent mark sweep GC freed 3(96B) AllocSpace objects, 0(0B) LOS objects, 37% free, 26MB/42MB, paused 420us total 33.524ms
08-04 12:00:21.353 15843 16060 I art     : Starting a blocking GC Explicit
08-04 12:00:21.387 15843 16060 I art     : Explicit concurrent mark sweep GC freed 3(96B) AllocSpace objects, 0(0B) LOS objects, 37% free, 26MB/42MB, paused 499us total 33.535ms
08-04 12:00:21.593 17462 17462 D AndroidRuntime: >>>>>> START com.android.internal.os.RuntimeInit uid 2000 <<<<<<
08-04 12:00:21.598 17462 17462 D AndroidRuntime: CheckJNI is OFF
08-04 12:00:21.632 17462 17462 D ICU     : No timezone override file found: /data/misc/zoneinfo/current/icu/icu_tzdata.dat
08-04 12:00:21.663 17462 17462 I Radio-JNI: register_android_hardware_Radio DONE
08-04 12:00:21.678 15843 15856 I art     : Starting a blocking GC Explicit
08-04 12:00:21.684 17462 17462 D AndroidRuntime: Calling main entry com.android.commands.input.Input
08-04 12:00:21.686 17462 17462 I Input   : injectMotionEvent: MotionEvent { action=ACTION_DOWN, actionButton=0, id[0]=0, x[0]=360.0, y[0]=1098.0, toolType[0]=TOOL_TYPE_UNKNOWN, buttonState=0, metaState=0, flags=0x0, edgeFlags=0x0, pointerCount=1, historySize=0, eventTime=705638099, downTime=705638099, deviceId=0, source=0x1002 }
08-04 12:00:21.691 17462 17462 I Input   : injectMotionEvent: MotionEvent { action=ACTION_UP, actionButton=0, id[0]=0, x[0]=360.0, y[0]=1098.0, toolType[0]=TOOL_TYPE_UNKNOWN, buttonState=0, metaState=0, flags=0x0, edgeFlags=0x0, pointerCount=1, historySize=0, eventTime=705638099, downTime=705638099, deviceId=0, source=0x1002 }
08-04 12:00:21.692 17462 17462 D AndroidRuntime: Shutting down VM
08-04 12:00:21.700 15843 15843 D MainActivity: NavigationItemSelected: Term dates
08-04 12:00:21.703   512  2967 D audio_hw_primary: out_set_parameters: enter: usecase(1: low-latency-playback) kvpairs: routing=2
08-04 12:00:21.716   512  2967 D audio_hw_primary: select_devices: out_snd_device(2: speaker) in_snd_device(0: none)
08-04 12:00:21.716 15843 15856 I art     : Explicit concurrent mark sweep GC freed 1337(77KB) AllocSpace objects, 1(20KB) LOS objects, 37% free, 26MB/42MB, paused 429us total 37.708ms
08-04 12:00:21.716   512  2967 D msm8974_platform: platform_send_audio_calibration: sending audio calibration for snd_device(2) acdb_id(15)
08-04 12:00:21.716   512  2967 I soundtrigger: audio_extn_sound_trigger_update_device_status: device 0x2 of type 0 for Event 1
08-04 12:00:21.725   512  2967 D audio_hw_primary: enable_snd_device: snd_device(2: speaker)
08-04 12:00:21.727   512  2967 D audio_hw_primary: enable_audio_route: apply and update mixer path: low-latency-playback speaker
08-04 12:00:21.728 15843 15856 I art     : Starting a blocking GC Explicit
08-04 12:00:21.764 15843 15856 I art     : Explicit concurrent mark sweep GC freed 540(20KB) AllocSpace objects, 0(0B) LOS objects, 37% free, 26MB/42MB, paused 519us total 35.294ms
08-04 12:00:21.777 15843 15856 I art     : Starting a blocking GC Explicit
08-04 12:00:21.807 15843 15856 I art     : Explicit concurrent mark sweep GC freed 210(15KB) AllocSpace objects, 0(0B) LOS objects, 37% free, 26MB/42MB, paused 455us total 29.778ms
08-04 12:00:21.817 15843 15856 I art     : Starting a blocking GC Explicit
08-04 12:00:21.847 15843 15856 I art     : Explicit concurrent mark sweep GC freed 5(160B) AllocSpace objects, 0(0B) LOS objects, 37% free, 26MB/42MB, paused 476us total 29.157ms
08-04 12:00:21.859 15843 15856 I art     : Starting a blocking GC Explicit
08-04 12:00:21.887   918   927 I art     : Background partial concurrent mark sweep GC freed 58435(6MB) AllocSpace objects, 174(3MB) LOS objects, 18% free, 68MB/84MB, paused 1.390ms total 183.426ms
08-04 12:00:21.889 15843 15856 I art     : Explicit concurrent mark sweep GC freed 3(96B) AllocSpace objects, 0(0B) LOS objects, 37% free, 26MB/42MB, paused 635us total 30.217ms
08-04 12:00:22.008   918  3261 D WifiStateMachine: starting scan for "H369AA63323"WPA_PSK with 2412,5180
08-04 12:00:22.135 13866 13866 I GoogleInputMethodServic: GoogleInputMethodService.onFinishInput():3138 
08-04 12:00:22.136 13866 13866 I GoogleInputMethodServic: GoogleInputMethodService.onStartInput():1808 
08-04 12:00:22.166 15843 15854 I art     : Starting a blocking GC Explicit
08-04 12:00:22.206 15843 15854 I art     : Explicit concurrent mark sweep GC freed 1357(77KB) AllocSpace objects, 1(20KB) LOS objects, 37% free, 26MB/42MB, paused 475us total 40.491ms
08-04 12:00:22.221 15843 15854 I art     : Starting a blocking GC Explicit
08-04 12:00:22.256 15843 15854 I art     : Explicit concurrent mark sweep GC freed 60(2160B) AllocSpace objects, 0(0B) LOS objects, 37% free, 26MB/42MB, paused 378us total 35.120ms
08-04 12:00:22.269   512  2967 D audio_hw_primary: disable_audio_route: reset and update mixer path: low-latency-playback speaker
08-04 12:00:22.270   512  2967 D audio_hw_primary: disable_snd_device: snd_device(2: speaker)
08-04 12:00:22.270 15843 15854 I art     : Starting a blocking GC Explicit
08-04 12:00:22.278   512  2967 I soundtrigger: audio_extn_sound_trigger_update_device_status: device 0x2 of type 0 for Event 0
08-04 12:00:22.306 15843 15854 I art     : Explicit concurrent mark sweep GC freed 9(288B) AllocSpace objects, 0(0B) LOS objects, 37% free, 26MB/42MB, paused 376us total 35.237ms
08-04 12:00:22.319 15843 15854 I art     : Starting a blocking GC Explicit
08-04 12:00:22.351 15843 15854 I art     : Explicit concurrent mark sweep GC freed 9(288B) AllocSpace objects, 0(0B) LOS objects, 37% free, 26MB/42MB, paused 409us total 31.448ms
08-04 12:00:22.363 15843 15854 I art     : Starting a blocking GC Explicit
08-04 12:00:22.394 15843 15854 I art     : Explicit concurrent mark sweep GC freed 7(224B) AllocSpace objects, 0(0B) LOS objects, 37% free, 26MB/42MB, paused 391us total 31.196ms
08-04 12:00:22.708 15843 15856 I art     : Starting a blocking GC Explicit
08-04 12:00:22.753 15843 15856 I art     : Explicit concurrent mark sweep GC freed 1335(76KB) AllocSpace objects, 1(20KB) LOS objects, 37% free, 26MB/42MB, paused 815us total 45.114ms
08-04 12:00:22.771 15843 15856 I art     : Starting a blocking GC Explicit
08-04 12:00:22.803 15843 15856 I art     : Explicit concurrent mark sweep GC freed 25(848B) AllocSpace objects, 0(0B) LOS objects, 37% free, 26MB/42MB, paused 486us total 31.885ms
08-04 12:00:22.815 15843 15856 I art     : Starting a blocking GC Explicit
08-04 12:00:22.846 15843 15856 I art     : Explicit concurrent mark sweep GC freed 8(256B) AllocSpace objects, 0(0B) LOS objects, 37% free, 26MB/42MB, paused 403us total 31.061ms
08-04 12:00:22.857 15843 15856 I art     : Starting a blocking GC Explicit
08-04 12:00:22.892 15843 15856 I art     : Explicit concurrent mark sweep GC freed 9(288B) AllocSpace objects, 0(0B) LOS objects, 37% free, 26MB/42MB, paused 389us total 34.254ms
08-04 12:00:22.906 15843 15856 I art     : Starting a blocking GC Explicit
08-04 12:00:22.941 15843 15856 I art     : Explicit concurrent mark sweep GC freed 9(288B) AllocSpace objects, 0(0B) LOS objects, 37% free, 26MB/42MB, paused 382us total 34.686ms
08-04 12:00:23.065   518   646 I ThermalEngine: ACTION: GPU - Setting GPU[0] to 450000000
08-04 12:00:23.279 15843 16060 I art     : Starting a blocking GC Explicit
08-04 12:00:23.333 15843 16060 I art     : Explicit concurrent mark sweep GC freed 1339(77KB) AllocSpace objects, 1(20KB) LOS objects, 37% free, 26MB/42MB, paused 575us total 53.096ms
08-04 12:00:23.352 15843 16060 I art     : Starting a blocking GC Explicit
08-04 12:00:23.399 15843 16060 I art     : Explicit concurrent mark sweep GC freed 33(1104B) AllocSpace objects, 0(0B) LOS objects, 37% free, 26MB/42MB, paused 621us total 46.269ms
08-04 12:00:23.416 15843 16060 I art     : Starting a blocking GC Explicit
08-04 12:00:23.463 15843 16060 I art     : Explicit concurrent mark sweep GC freed 18(576B) AllocSpace objects, 0(0B) LOS objects, 37% free, 26MB/42MB, paused 710us total 46.078ms
08-04 12:00:23.480 15843 16060 I art     : Starting a blocking GC Explicit
08-04 12:00:23.525 15843 16060 I art     : Explicit concurrent mark sweep GC freed 19(608B) AllocSpace objects, 0(0B) LOS objects, 37% free, 26MB/42MB, paused 510us total 44.946ms
08-04 12:00:23.542 15843 16060 I art     : Starting a blocking GC Explicit
08-04 12:00:23.588 15843 16060 I art     : Explicit concurrent mark sweep GC freed 18(576B) AllocSpace objects, 0(0B) LOS objects, 37% free, 26MB/42MB, paused 835us total 45.186ms
08-04 12:00:23.951 15843 16060 I art     : Starting a blocking GC Explicit
08-04 12:00:24.009 15843 16060 I art     : Explicit concurrent mark sweep GC freed 1297(75KB) AllocSpace objects, 1(20KB) LOS objects, 37% free, 26MB/42MB, paused 695us total 56.410ms
08-04 12:00:24.027 15843 16060 I art     : Starting a blocking GC Explicit
08-04 12:00:24.076 15843 16060 I art     : Explicit concurrent mark sweep GC freed 18(624B) AllocSpace objects, 0(0B) LOS objects, 37% free, 26MB/42MB, paused 598us total 48.596ms
08-04 12:00:24.093 15843 16060 I art     : Starting a blocking GC Explicit
08-04 12:00:24.137 15843 16060 I art     : Explicit concurrent mark sweep GC freed 3(96B) AllocSpace objects, 0(0B) LOS objects, 37% free, 26MB/42MB, paused 536us total 44.178ms
08-04 12:00:24.153 15843 16060 I art     : Starting a blocking GC Explicit
08-04 12:00:24.195 15843 16060 I art     : Explicit concurrent mark sweep GC freed 3(96B) AllocSpace objects, 0(0B) LOS objects, 37% free, 26MB/42MB, paused 610us total 42.224ms
08-04 12:00:24.211 15843 16060 I art     : Starting a blocking GC Explicit
08-04 12:00:24.254 15843 16060 I art     : Explicit concurrent mark sweep GC freed 3(96B) AllocSpace objects, 0(0B) LOS objects, 37% free, 26MB/42MB, paused 537us total 42.892ms
08-04 12:00:24.597 15843 15856 I art     : Starting a blocking GC Explicit
08-04 12:00:24.661 15843 15856 I art     : Explicit concurrent mark sweep GC freed 1293(75KB) AllocSpace objects, 1(20KB) LOS objects, 37% free, 26MB/42MB, paused 602us total 63.652ms
08-04 12:00:24.681 15843 15856 I art     : Starting a blocking GC Explicit
08-04 12:00:24.729 15843 15856 I art     : Explicit concurrent mark sweep GC freed 18(624B) AllocSpace objects, 0(0B) LOS objects, 37% free, 26MB/42MB, paused 596us total 48.011ms
08-04 12:00:24.746 15843 15856 I art     : Starting a blocking GC Explicit
08-04 12:00:24.793 15843 15856 I art     : Explicit concurrent mark sweep GC freed 3(96B) AllocSpace objects, 0(0B) LOS objects, 37% free, 26MB/42MB, paused 592us total 47.190ms
08-04 12:00:24.810 15843 15856 I art     : Starting a blocking GC Explicit
08-04 12:00:24.859 15843 15856 I art     : Explicit concurrent mark sweep GC freed 3(96B) AllocSpace objects, 0(0B) LOS objects, 37% free, 26MB/42MB, paused 590us total 49.118ms
08-04 12:00:24.880 15843 15856 I art     : Starting a blocking GC Explicit
08-04 12:00:24.925 15843 15856 I art     : Explicit concurrent mark sweep GC freed 3(96B) AllocSpace objects, 0(0B) LOS objects, 37% free, 26MB/42MB, paused 599us total 45.534ms
08-04 12:00:24.984 13866 13882 I PeriodicStatsRunner: PeriodicStatsRunner.call():175 call()
08-04 12:00:24.984 13866 13882 I PeriodicStatsRunner: PeriodicStatsRunner.call():179 No submit PeriodicStats since input started.
08-04 12:00:25.271 15843 15854 I art     : Starting a blocking GC Explicit
08-04 12:00:25.330 15843 15854 I art     : Explicit concurrent mark sweep GC freed 1293(75KB) AllocSpace objects, 1(20KB) LOS objects, 37% free, 26MB/42MB, paused 647us total 58.722ms
08-04 12:00:25.350 15843 15854 I art     : Starting a blocking GC Explicit
08-04 12:00:25.396 15843 15854 I art     : Explicit concurrent mark sweep GC freed 18(624B) AllocSpace objects, 0(0B) LOS objects, 37% free, 26MB/42MB, paused 574us total 45.837ms
08-04 12:00:25.413 15843 15854 I art     : Starting a blocking GC Explicit
08-04 12:00:25.462 15843 15854 I art     : Explicit concurrent mark sweep GC freed 3(96B) AllocSpace objects, 0(0B) LOS objects, 37% free, 26MB/42MB, paused 542us total 48.870ms
08-04 12:00:25.478 15843 15854 I art     : Starting a blocking GC Explicit
08-04 12:00:25.525 15843 15854 I art     : Explicit concurrent mark sweep GC freed 3(96B) AllocSpace objects, 0(0B) LOS objects, 37% free, 26MB/42MB, paused 536us total 46.088ms
08-04 12:00:25.541 15843 15854 I art     : Starting a blocking GC Explicit
08-04 12:00:25.593 15843 15854 I art     : Explicit concurrent mark sweep GC freed 3(96B) AllocSpace objects, 0(0B) LOS objects, 37% free, 26MB/42MB, paused 593us total 50.843ms
08-04 12:00:25.949 15843 16064 I art     : Starting a blocking GC Explicit
08-04 12:00:25.996 15843 16064 I art     : Explicit concurrent mark sweep GC freed 1293(75KB) AllocSpace objects, 1(20KB) LOS objects, 37% free, 26MB/42MB, paused 551us total 45.990ms
08-04 12:00:26.012 15843 16064 I art     : Starting a blocking GC Explicit
08-04 12:00:26.052 15843 16064 I art     : Explicit concurrent mark sweep GC freed 18(624B) AllocSpace objects, 0(0B) LOS objects, 37% free, 26MB/42MB, paused 580us total 40.580ms
08-04 12:00:26.068 15843 16064 I art     : Starting a blocking GC Explicit
08-04 12:00:26.070   518   646 I ThermalEngine: ACTION: GPU - Setting GPU[0] to 510000000
08-04 12:00:26.109 15843 16064 I art     : Explicit concurrent mark sweep GC freed 3(96B) AllocSpace objects, 0(0B) LOS objects, 37% free, 26MB/42MB, paused 445us total 40.687ms
08-04 12:00:26.121 15843 16064 I art     : Starting a blocking GC Explicit
08-04 12:00:26.156 15843 16064 I art     : Explicit concurrent mark sweep GC freed 3(96B) AllocSpace objects, 0(0B) LOS objects, 37% free, 26MB/42MB, paused 422us total 34.359ms
08-04 12:00:26.168 15843 16064 I art     : Starting a blocking GC Explicit
08-04 12:00:26.202 15843 16064 I art     : Explicit concurrent mark sweep GC freed 3(96B) AllocSpace objects, 0(0B) LOS objects, 37% free, 26MB/42MB, paused 416us total 33.839ms
08-04 12:00:26.416 17562 17562 D AndroidRuntime: >>>>>> START com.android.internal.os.RuntimeInit uid 2000 <<<<<<
08-04 12:00:26.422 17562 17562 D AndroidRuntime: CheckJNI is OFF
08-04 12:00:26.454 17562 17562 D ICU     : No timezone override file found: /data/misc/zoneinfo/current/icu/icu_tzdata.dat
08-04 12:00:26.488 17562 17562 I Radio-JNI: register_android_hardware_Radio DONE
08-04 12:00:26.510 17562 17562 D AndroidRuntime: Calling main entry com.android.commands.am.Am
08-04 12:00:26.516  2375  2375 I Trepn   : Trepn 6.2s: Received intent: com.quicinc.trepn.stop_profiling
08-04 12:00:26.527 15843 16060 I art     : Starting a blocking GC Explicit
08-04 12:00:26.541  2375  2375 I Trepn   : Trepn 6.2s: Trepn has Stopped Profiling.
08-04 12:00:26.561 15843 16060 I art     : Explicit concurrent mark sweep GC freed 1293(75KB) AllocSpace objects, 1(20KB) LOS objects, 37% free, 26MB/42MB, paused 429us total 33.423ms
08-04 12:00:26.573 15843 16060 I art     : Starting a blocking GC Explicit
08-04 12:00:26.603 15843 16060 I art     : Explicit concurrent mark sweep GC freed 18(624B) AllocSpace objects, 0(0B) LOS objects, 37% free, 26MB/42MB, paused 394us total 29.891ms
08-04 12:00:26.614 15843 16060 I art     : Starting a blocking GC Explicit
08-04 12:00:26.641 17562 17562 D AndroidRuntime: Shutting down VM
08-04 12:00:26.645   918  4400 W AppOps  : Finishing op nesting under-run: uid 10078 pkg com.quicinc.trepn code 24 time=0 duration=0 nesting=0
08-04 12:00:26.648 15843 16060 I art     : Explicit concurrent mark sweep GC freed 3(96B) AllocSpace objects, 0(0B) LOS objects, 37% free, 26MB/42MB, paused 459us total 33.055ms
08-04 12:00:26.660 15843 16060 I art     : Starting a blocking GC Explicit
08-04 12:00:26.688 15843 16060 I art     : Explicit concurrent mark sweep GC freed 3(96B) AllocSpace objects, 0(0B) LOS objects, 37% free, 26MB/42MB, paused 381us total 28.550ms
08-04 12:00:26.700 15843 16060 I art     : Starting a blocking GC Explicit
08-04 12:00:26.728 15843 16060 I art     : Explicit concurrent mark sweep GC freed 3(96B) AllocSpace objects, 0(0B) LOS objects, 37% free, 26MB/42MB, paused 379us total 28.290ms
08-04 12:00:27.014 15843 15856 I art     : Starting a blocking GC Explicit
08-04 12:00:27.050 15843 15856 I art     : Explicit concurrent mark sweep GC freed 1293(75KB) AllocSpace objects, 1(20KB) LOS objects, 37% free, 26MB/42MB, paused 429us total 35.447ms
08-04 12:00:27.063 15843 15856 I art     : Starting a blocking GC Explicit
08-04 12:00:27.097 15843 15856 I art     : Explicit concurrent mark sweep GC freed 18(624B) AllocSpace objects, 0(0B) LOS objects, 37% free, 26MB/42MB, paused 476us total 33.491ms
08-04 12:00:27.109 15843 15856 I art     : Starting a blocking GC Explicit
08-04 12:00:27.135 13866 13882 I PeriodicStatsRunner: PeriodicStatsRunner.call():175 call()
08-04 12:00:27.136 13866 13882 I PeriodicStatsRunner: PeriodicStatsRunner.call():179 No submit PeriodicStats since input started.
08-04 12:00:27.142 15843 15856 I art     : Explicit concurrent mark sweep GC freed 3(96B) AllocSpace objects, 0(0B) LOS objects, 37% free, 26MB/42MB, paused 393us total 32.735ms
08-04 12:00:27.154 15843 15856 I art     : Starting a blocking GC Explicit
08-04 12:00:27.187 15843 15856 I art     : Explicit concurrent mark sweep GC freed 3(96B) AllocSpace objects, 0(0B) LOS objects, 37% free, 26MB/42MB, paused 404us total 32.553ms
08-04 12:00:27.199 15843 15856 I art     : Starting a blocking GC Explicit
08-04 12:00:27.232 15843 15856 I art     : Explicit concurrent mark sweep GC freed 3(96B) AllocSpace objects, 0(0B) LOS objects, 37% free, 26MB/42MB, paused 408us total 33.095ms
