08-04 12:00:05.338   512  2967 I soundtrigger: audio_extn_sound_trigger_update_device_status: device 0x2 of type 0 for Event 0
08-04 12:00:05.586 15843 15856 I art     : Starting a blocking GC Explicit
08-04 12:00:05.632 15843 15856 I art     : Explicit concurrent mark sweep GC freed 1293(75KB) AllocSpace objects, 1(20KB) LOS objects, 37% free, 26MB/42MB, paused 438us total 44.693ms
08-04 12:00:05.647 15843 15856 I art     : Starting a blocking GC Explicit
08-04 12:00:05.682 15843 15856 I art     : Explicit concurrent mark sweep GC freed 20(688B) AllocSpace objects, 0(0B) LOS objects, 37% free, 26MB/42MB, paused 392us total 35.450ms
08-04 12:00:05.695 15843 15856 I art     : Starting a blocking GC Explicit
08-04 12:00:05.731 15843 15856 I art     : Explicit concurrent mark sweep GC freed 3(96B) AllocSpace objects, 0(0B) LOS objects, 37% free, 26MB/42MB, paused 374us total 35.179ms
08-04 12:00:05.743 15843 15856 I art     : Starting a blocking GC Explicit
08-04 12:00:05.778 15843 15856 I art     : Explicit concurrent mark sweep GC freed 3(96B) AllocSpace objects, 0(0B) LOS objects, 37% free, 26MB/42MB, paused 419us total 34.432ms
08-04 12:00:05.790 15843 15856 I art     : Starting a blocking GC Explicit
08-04 12:00:05.825 15843 15856 I art     : Explicit concurrent mark sweep GC freed 3(96B) AllocSpace objects, 0(0B) LOS objects, 37% free, 26MB/42MB, paused 372us total 34.170ms
08-04 12:00:06.119 15843 16060 I art     : Starting a blocking GC Explicit
08-04 12:00:06.154 15843 16060 I art     : Explicit concurrent mark sweep GC freed 1293(75KB) AllocSpace objects, 1(20KB) LOS objects, 37% free, 26MB/42MB, paused 396us total 34.587ms
08-04 12:00:06.167 15843 16060 I art     : Starting a blocking GC Explicit
08-04 12:00:06.199 15843 16060 I art     : Explicit concurrent mark sweep GC freed 18(624B) AllocSpace objects, 0(0B) LOS objects, 37% free, 26MB/42MB, paused 400us total 31.944ms
08-04 12:00:06.211 15843 16060 I art     : Starting a blocking GC Explicit
08-04 12:00:06.244 15843 16060 I art     : Explicit concurrent mark sweep GC freed 3(96B) AllocSpace objects, 0(0B) LOS objects, 37% free, 26MB/42MB, paused 383us total 32.900ms
08-04 12:00:06.256 15843 16060 I art     : Starting a blocking GC Explicit
08-04 12:00:06.289 15843 16060 I art     : Explicit concurrent mark sweep GC freed 3(96B) AllocSpace objects, 0(0B) LOS objects, 37% free, 26MB/42MB, paused 379us total 33.053ms
08-04 12:00:06.301 15843 16060 I art     : Starting a blocking GC Explicit
08-04 12:00:06.334 15843 16060 I art     : Explicit concurrent mark sweep GC freed 3(96B) AllocSpace objects, 0(0B) LOS objects, 37% free, 26MB/42MB, paused 382us total 32.666ms
08-04 12:00:06.417 17150 17150 D AndroidRuntime: >>>>>> START com.android.internal.os.RuntimeInit uid 2000 <<<<<<
08-04 12:00:06.423 17150 17150 D AndroidRuntime: CheckJNI is OFF
08-04 12:00:06.458 17150 17150 D ICU     : No timezone override file found: /data/misc/zoneinfo/current/icu/icu_tzdata.dat
08-04 12:00:06.491 17150 17150 I Radio-JNI: register_android_hardware_Radio DONE
08-04 12:00:06.512 17150 17150 D AndroidRuntime: Calling main entry com.android.commands.input.Input
08-04 12:00:06.514 17150 17150 I Input   : injectMotionEvent: MotionEvent { action=ACTION_DOWN, actionButton=0, id[0]=0, x[0]=436.0, y[0]=1770.0, toolType[0]=TOOL_TYPE_UNKNOWN, buttonState=0, metaState=0, flags=0x0, edgeFlags=0x0, pointerCount=1, historySize=0, eventTime=705622926, downTime=705622926, deviceId=0, source=0x1002 }
08-04 12:00:06.519 17150 17150 I Input   : injectMotionEvent: MotionEvent { action=ACTION_UP, actionButton=0, id[0]=0, x[0]=436.0, y[0]=1770.0, toolType[0]=TOOL_TYPE_UNKNOWN, buttonState=0, metaState=0, flags=0x0, edgeFlags=0x0, pointerCount=1, historySize=0, eventTime=705622926, downTime=705622926, deviceId=0, source=0x1002 }
08-04 12:00:06.520 17150 17150 D AndroidRuntime: Shutting down VM
08-04 12:00:06.532 15843 15843 D MainActivity: NavigationItemSelected: Courses
08-04 12:00:06.535   512  2967 D audio_hw_primary: out_set_parameters: enter: usecase(1: low-latency-playback) kvpairs: routing=2
08-04 12:00:06.536   918  3696 I ActivityManager: START u0 {cmp=baseline.com.ak.uobtimetable/.CourseListActivity} from uid 10659 on display 0
08-04 12:00:06.548   512  2967 D audio_hw_primary: select_devices: out_snd_device(2: speaker) in_snd_device(0: none)
08-04 12:00:06.548   512  2967 D msm8974_platform: platform_send_audio_calibration: sending audio calibration for snd_device(2) acdb_id(15)
08-04 12:00:06.549   512  2967 I soundtrigger: audio_extn_sound_trigger_update_device_status: device 0x2 of type 0 for Event 1
08-04 12:00:06.559   512  2967 D audio_hw_primary: enable_snd_device: snd_device(2: speaker)
08-04 12:00:06.562 15843 15843 D MainActivity: OnPause
08-04 12:00:06.563   512  2967 D audio_hw_primary: enable_audio_route: apply and update mixer path: low-latency-playback speaker
08-04 12:00:06.595 15843 15843 D CourseListActivity: onCreate
08-04 12:00:06.597 15843 17181 D HTTP    : Request for: https://uob-timetable-api.adriankeenan.co.uk/courses
08-04 12:00:06.617 15843 15856 I art     : Starting a blocking GC Explicit
08-04 12:00:06.650 15843 15856 I art     : Explicit concurrent mark sweep GC freed 3965(218KB) AllocSpace objects, 1(20KB) LOS objects, 37% free, 26MB/42MB, paused 576us total 32.657ms
08-04 12:00:06.654   918   936 I ActivityManager: Displayed baseline.com.ak.uobtimetable/.CourseListActivity: +91ms
08-04 12:00:06.654 13866 13866 I GoogleInputMethodServic: GoogleInputMethodService.onFinishInput():3138 
08-04 12:00:06.655 13866 13866 I GoogleInputMethodServic: GoogleInputMethodService.onStartInput():1808 
08-04 12:00:06.662 15843 15856 I art     : Starting a blocking GC Explicit
08-04 12:00:06.695 15843 15856 I art     : Explicit concurrent mark sweep GC freed 673(39KB) AllocSpace objects, 0(0B) LOS objects, 37% free, 26MB/42MB, paused 407us total 32.468ms
08-04 12:00:06.706 15843 15856 I art     : Starting a blocking GC Explicit
08-04 12:00:06.738 15843 15856 I art     : Explicit concurrent mark sweep GC freed 2179(119KB) AllocSpace objects, 3(200KB) LOS objects, 37% free, 26MB/42MB, paused 642us total 31.832ms
08-04 12:00:06.750 15843 15856 I art     : Starting a blocking GC Explicit
08-04 12:00:06.774 15843 17181 I NAPPA_EXPERIMENTATION: MetricNetworkRequestExecutionTime: REQUEST_DURATION_SYSTEM='175',REQUEST_DURATION_OKHTTP='28',REQUEST_SYNCHRONOUS='TRUE',RESPONSE_CODE='200',RESPONSE_METHOD='GET',RESPONSE_LENGTH_OKHTTP='-1',RESPONSE_LENGTH_HEADER='-2',REQUEST_PROTOCOL='http/1.1',REQUEST_URL='https://uob-timetable-api.adriankeenan.co.uk/courses',
08-04 12:00:06.781 15843 15856 I art     : Explicit concurrent mark sweep GC freed 1258(137KB) AllocSpace objects, 0(0B) LOS objects, 37% free, 26MB/42MB, paused 439us total 30.405ms
08-04 12:00:06.792 15843 15856 I art     : Starting a blocking GC Explicit
08-04 12:00:06.824 15843 15856 I art     : Explicit concurrent mark sweep GC freed 56(2032B) AllocSpace objects, 0(0B) LOS objects, 35% free, 29MB/45MB, paused 522us total 32.044ms
08-04 12:00:07.033 15843 15843 D MainActivity: Saving state
08-04 12:00:07.033 15843 15843 D MainActivity: Saving current fragment: SessionListsFragment
08-04 12:00:07.033 15843 15843 D MainActivity: Saving current index: 1
08-04 12:00:07.034 15843 15843 D SessionListsFragment: Saving state
08-04 12:00:07.087 15843 15854 I art     : Starting a blocking GC Explicit
08-04 12:00:07.108   512  2967 D audio_hw_primary: disable_audio_route: reset and update mixer path: low-latency-playback speaker
08-04 12:00:07.109   512  2967 D audio_hw_primary: disable_snd_device: snd_device(2: speaker)
08-04 12:00:07.119   512  2967 I soundtrigger: audio_extn_sound_trigger_update_device_status: device 0x2 of type 0 for Event 0
08-04 12:00:07.122 15843 15854 I art     : Explicit concurrent mark sweep GC freed 229(9KB) AllocSpace objects, 0(0B) LOS objects, 24% free, 48MB/64MB, paused 434us total 35.253ms
08-04 12:00:07.133 15843 15854 I art     : Starting a blocking GC Explicit
08-04 12:00:07.158 15843 17181 I HTTP    : Response was compressed.
08-04 12:00:07.165 15843 15854 I art     : Explicit concurrent mark sweep GC freed 2592(116KB) AllocSpace objects, 0(0B) LOS objects, 19% free, 64MB/80MB, paused 581us total 31.865ms
08-04 12:00:07.176 15843 15854 I art     : Starting a blocking GC Explicit
08-04 12:00:07.215 15843 15854 I art     : Explicit concurrent mark sweep GC freed 23381(1089KB) AllocSpace objects, 2(22MB) LOS objects, 27% free, 41MB/57MB, paused 870us total 38.320ms
08-04 12:00:07.227 15843 15854 I art     : Starting a blocking GC Explicit
08-04 12:00:07.262 15843 15854 I art     : Explicit concurrent mark sweep GC freed 29099(1367KB) AllocSpace objects, 0(0B) LOS objects, 27% free, 41MB/57MB, paused 635us total 35.501ms
08-04 12:00:07.269 15756 15756 I ServiceManager: Waiting for service AtCmdFwd...
08-04 12:00:07.274 15843 15854 I art     : Starting a blocking GC Explicit
08-04 12:00:07.310 15843 15854 I art     : Explicit concurrent mark sweep GC freed 26307(1251KB) AllocSpace objects, 0(0B) LOS objects, 27% free, 42MB/58MB, paused 687us total 35.682ms
08-04 12:00:07.621 15843 16060 I art     : Starting a blocking GC Explicit
08-04 12:00:07.676 15843 16060 I art     : Explicit concurrent mark sweep GC freed 192409(8MB) AllocSpace objects, 1(20KB) LOS objects, 26% free, 43MB/59MB, paused 631us total 55.315ms
08-04 12:00:07.691 15843 16060 I art     : Starting a blocking GC Explicit
08-04 12:00:07.732 15843 16060 I art     : Explicit concurrent mark sweep GC freed 36087(1710KB) AllocSpace objects, 0(0B) LOS objects, 26% free, 43MB/59MB, paused 910us total 41.237ms
08-04 12:00:07.746 15843 16060 I art     : Starting a blocking GC Explicit
08-04 12:00:07.787 15843 16060 I art     : Explicit concurrent mark sweep GC freed 30506(1438KB) AllocSpace objects, 0(0B) LOS objects, 26% free, 44MB/60MB, paused 735us total 41.017ms
08-04 12:00:07.800 15843 16060 I art     : Starting a blocking GC Explicit
08-04 12:00:07.842 15843 16060 I art     : Explicit concurrent mark sweep GC freed 30233(1431KB) AllocSpace objects, 0(0B) LOS objects, 26% free, 44MB/60MB, paused 757us total 41.734ms
08-04 12:00:07.857 15843 16060 I art     : Starting a blocking GC Explicit
08-04 12:00:07.898 15843 16060 I art     : Explicit concurrent mark sweep GC freed 30536(1441KB) AllocSpace objects, 0(0B) LOS objects, 26% free, 44MB/60MB, paused 816us total 41.655ms
08-04 12:00:08.036   518   646 I ThermalEngine: ACTION: GPU - Setting GPU[0] to 450000000
08-04 12:00:08.218 15843 16060 I art     : Starting a blocking GC Explicit
08-04 12:00:08.269 15756 15756 I ServiceManager: Waiting for service AtCmdFwd...
08-04 12:00:08.294 15843 16060 I art     : Explicit concurrent mark sweep GC freed 202149(9MB) AllocSpace objects, 1(20KB) LOS objects, 25% free, 46MB/62MB, paused 1.013ms total 76.455ms
08-04 12:00:08.314 15843 16060 I art     : Starting a blocking GC Explicit
08-04 12:00:08.373 15843 16060 I art     : Explicit concurrent mark sweep GC freed 50318(2MB) AllocSpace objects, 0(0B) LOS objects, 25% free, 46MB/62MB, paused 1.196ms total 58.669ms
08-04 12:00:08.393 15843 16060 I art     : Starting a blocking GC Explicit
08-04 12:00:08.452 15843 16060 I art     : Explicit concurrent mark sweep GC freed 42180(2011KB) AllocSpace objects, 0(0B) LOS objects, 25% free, 46MB/62MB, paused 1.269ms total 58.795ms
08-04 12:00:08.471 15843 16060 I art     : Starting a blocking GC Explicit
08-04 12:00:08.530 15843 16060 I art     : Explicit concurrent mark sweep GC freed 41264(1932KB) AllocSpace objects, 0(0B) LOS objects, 25% free, 47MB/63MB, paused 1.242ms total 59.179ms
08-04 12:00:08.549 15843 16060 I art     : Starting a blocking GC Explicit
08-04 12:00:08.612 15843 16060 I art     : Explicit concurrent mark sweep GC freed 44139(2MB) AllocSpace objects, 0(0B) LOS objects, 25% free, 47MB/63MB, paused 1.222ms total 62.397ms
08-04 12:00:08.929 15843 15856 I art     : Starting a blocking GC Explicit
08-04 12:00:09.016 15843 15856 I art     : Explicit concurrent mark sweep GC freed 205371(9MB) AllocSpace objects, 1(20KB) LOS objects, 24% free, 49MB/65MB, paused 1.195ms total 86.069ms
08-04 12:00:09.038 15843 15856 I art     : Starting a blocking GC Explicit
08-04 12:00:09.105 15843 15856 I art     : Explicit concurrent mark sweep GC freed 55473(2MB) AllocSpace objects, 0(0B) LOS objects, 24% free, 49MB/65MB, paused 1.483ms total 67.158ms
08-04 12:00:09.127 15843 15856 I art     : Starting a blocking GC Explicit
08-04 12:00:09.197 15843 15856 I art     : Explicit concurrent mark sweep GC freed 48279(2MB) AllocSpace objects, 0(0B) LOS objects, 24% free, 49MB/65MB, paused 1.470ms total 70.460ms
08-04 12:00:09.218 15843 15856 I art     : Starting a blocking GC Explicit
08-04 12:00:09.269 15756 15756 I ServiceManager: Waiting for service AtCmdFwd...
08-04 12:00:09.289 15843 15856 I art     : Explicit concurrent mark sweep GC freed 49275(2MB) AllocSpace objects, 0(0B) LOS objects, 24% free, 50MB/66MB, paused 1.599ms total 70.601ms
08-04 12:00:09.310 15843 15856 I art     : Starting a blocking GC Explicit
08-04 12:00:09.382 15843 15856 I art     : Explicit concurrent mark sweep GC freed 49518(2MB) AllocSpace objects, 0(0B) LOS objects, 24% free, 50MB/66MB, paused 1.445ms total 71.269ms
08-04 12:00:09.696 15843 16064 I art     : Starting a blocking GC Explicit
08-04 12:00:09.792 15843 16064 I art     : Explicit concurrent mark sweep GC freed 211083(9MB) AllocSpace objects, 1(20KB) LOS objects, 23% free, 52MB/68MB, paused 1.383ms total 95.973ms
08-04 12:00:09.803 13866 13882 I PeriodicStatsRunner: PeriodicStatsRunner.call():175 call()
08-04 12:00:09.803 13866 13882 I PeriodicStatsRunner: PeriodicStatsRunner.call():179 No submit PeriodicStats since input started.
08-04 12:00:09.815 15843 16064 I art     : Starting a blocking GC Explicit
08-04 12:00:09.893 15843 16064 I art     : Explicit concurrent mark sweep GC freed 60949(2MB) AllocSpace objects, 0(0B) LOS objects, 23% free, 52MB/68MB, paused 1.681ms total 78.258ms
08-04 12:00:09.916 15843 16064 I art     : Starting a blocking GC Explicit
08-04 12:00:09.946 15843 17181 I Service : getCourses response time: 0.69
08-04 12:00:09.954 15843 15843 I SettingsManager: Getting string: savedCourse
08-04 12:00:09.989 15843 16064 I art     : Explicit concurrent mark sweep GC freed 35927(1736KB) AllocSpace objects, 0(0B) LOS objects, 23% free, 52MB/68MB, paused 820us total 73.343ms
08-04 12:00:10.011 15843 16064 I art     : Starting a blocking GC Explicit
08-04 12:00:10.088 15843 16064 I art     : Explicit concurrent mark sweep GC freed 1202(51KB) AllocSpace objects, 1(14MB) LOS objects, 29% free, 37MB/53MB, paused 582us total 76.588ms
08-04 12:00:10.112 15843 16064 I art     : Starting a blocking GC Explicit
08-04 12:00:10.191 15843 16064 I art     : Explicit concurrent mark sweep GC freed 686(61KB) AllocSpace objects, 0(0B) LOS objects, 29% free, 37MB/53MB, paused 570us total 78.925ms
08-04 12:00:10.192 15843 15853 I art     : WaitForGcToComplete blocked for 66.580ms for cause HeapTrim
08-04 12:00:10.270 15756 15756 I ServiceManager: Waiting for service AtCmdFwd...
08-04 12:00:10.548 15843 15856 I art     : Starting a blocking GC Explicit
08-04 12:00:10.646 15843 15856 I art     : Explicit concurrent mark sweep GC freed 1352(81KB) AllocSpace objects, 1(20KB) LOS objects, 29% free, 37MB/53MB, paused 569us total 96.777ms
08-04 12:00:10.672 15843 15856 I art     : Starting a blocking GC Explicit
08-04 12:00:10.753 15843 15856 I art     : Explicit concurrent mark sweep GC freed 18(624B) AllocSpace objects, 0(0B) LOS objects, 29% free, 37MB/53MB, paused 555us total 81.238ms
08-04 12:00:10.779 15843 15856 I art     : Starting a blocking GC Explicit
08-04 12:00:10.862 15843 15856 I art     : Explicit concurrent mark sweep GC freed 3(96B) AllocSpace objects, 0(0B) LOS objects, 29% free, 37MB/53MB, paused 519us total 82.359ms
08-04 12:00:10.887 15843 15856 I art     : Starting a blocking GC Explicit
08-04 12:00:10.971 15843 15856 I art     : Explicit concurrent mark sweep GC freed 3(96B) AllocSpace objects, 0(0B) LOS objects, 29% free, 37MB/53MB, paused 532us total 83.503ms
08-04 12:00:10.996 15843 15856 I art     : Starting a blocking GC Explicit
08-04 12:00:11.077 15843 15856 I art     : Explicit concurrent mark sweep GC freed 3(96B) AllocSpace objects, 0(0B) LOS objects, 29% free, 37MB/53MB, paused 559us total 80.555ms
08-04 12:00:11.271 15756 15756 I ServiceManager: Waiting for service AtCmdFwd...
08-04 12:00:11.434 15843 15854 I art     : Starting a blocking GC Explicit
08-04 12:00:11.533 15843 15854 I art     : Explicit concurrent mark sweep GC freed 1293(75KB) AllocSpace objects, 1(20KB) LOS objects, 29% free, 37MB/53MB, paused 553us total 99.310ms
08-04 12:00:11.559 15843 15854 I art     : Starting a blocking GC Explicit
08-04 12:00:11.642 15843 15854 I art     : Explicit concurrent mark sweep GC freed 20(720B) AllocSpace objects, 0(0B) LOS objects, 29% free, 37MB/53MB, paused 526us total 83.133ms
08-04 12:00:11.655 13866 13882 I PeriodicStatsRunner: PeriodicStatsRunner.call():175 call()
08-04 12:00:11.655 13866 13882 I PeriodicStatsRunner: PeriodicStatsRunner.call():179 No submit PeriodicStats since input started.
08-04 12:00:11.668 15843 15854 I art     : Starting a blocking GC Explicit
08-04 12:00:11.751 15843 15854 I art     : Explicit concurrent mark sweep GC freed 4(128B) AllocSpace objects, 0(0B) LOS objects, 29% free, 37MB/53MB, paused 527us total 82.665ms
08-04 12:00:11.776 15843 15854 I art     : Starting a blocking GC Explicit
08-04 12:00:11.861 15843 15854 I art     : Explicit concurrent mark sweep GC freed 3(96B) AllocSpace objects, 0(0B) LOS objects, 29% free, 37MB/53MB, paused 562us total 84.288ms
08-04 12:00:11.886 15843 15854 I art     : Starting a blocking GC Explicit
08-04 12:00:11.968 15843 15854 I art     : Explicit concurrent mark sweep GC freed 3(96B) AllocSpace objects, 0(0B) LOS objects, 29% free, 37MB/53MB, paused 633us total 81.480ms
08-04 12:00:12.041   518   646 I ThermalEngine: ACTION: GPU - Setting GPU[0] to 510000000
08-04 12:00:12.271 15756 15756 W Atfwd_Sendcmd: AtCmdFwd service not published, waiting... retryCnt : 5
08-04 12:00:12.314 15843 16064 I art     : Starting a blocking GC Explicit
08-04 12:00:12.396 15843 16064 I art     : Explicit concurrent mark sweep GC freed 1293(75KB) AllocSpace objects, 1(20KB) LOS objects, 29% free, 37MB/53MB, paused 400us total 82.179ms
08-04 12:00:12.417 15843 16064 I art     : Starting a blocking GC Explicit
08-04 12:00:12.476 15843 16064 I art     : Explicit concurrent mark sweep GC freed 18(624B) AllocSpace objects, 0(0B) LOS objects, 29% free, 37MB/53MB, paused 385us total 59.220ms
08-04 12:00:12.497 15843 16064 I art     : Starting a blocking GC Explicit
08-04 12:00:12.560 15843 16064 I art     : Explicit concurrent mark sweep GC freed 3(96B) AllocSpace objects, 0(0B) LOS objects, 29% free, 37MB/53MB, paused 412us total 63.562ms
08-04 12:00:12.581 15843 16064 I art     : Starting a blocking GC Explicit
08-04 12:00:12.643 15843 16064 I art     : Explicit concurrent mark sweep GC freed 3(96B) AllocSpace objects, 0(0B) LOS objects, 29% free, 37MB/53MB, paused 375us total 61.483ms
08-04 12:00:12.663 15843 16064 I art     : Starting a blocking GC Explicit
08-04 12:00:12.726 15843 16064 I art     : Explicit concurrent mark sweep GC freed 3(96B) AllocSpace objects, 0(0B) LOS objects, 29% free, 37MB/53MB, paused 417us total 62.328ms
08-04 12:00:13.020 15843 15856 I art     : Starting a blocking GC Explicit
08-04 12:00:13.085 15843 15856 I art     : Explicit concurrent mark sweep GC freed 1293(75KB) AllocSpace objects, 1(20KB) LOS objects, 29% free, 37MB/53MB, paused 422us total 64.945ms
08-04 12:00:13.105 15843 15856 I art     : Starting a blocking GC Explicit
08-04 12:00:13.160 15843 15856 I art     : Explicit concurrent mark sweep GC freed 18(624B) AllocSpace objects, 0(0B) LOS objects, 29% free, 37MB/53MB, paused 428us total 54.268ms
08-04 12:00:13.179 15843 15856 I art     : Starting a blocking GC Explicit
08-04 12:00:13.236 15843 15856 I art     : Explicit concurrent mark sweep GC freed 3(96B) AllocSpace objects, 0(0B) LOS objects, 29% free, 37MB/53MB, paused 385us total 56.919ms
08-04 12:00:13.256 15843 15856 I art     : Starting a blocking GC Explicit
08-04 12:00:13.313 17265 17265 D AndroidRuntime: >>>>>> START com.android.internal.os.RuntimeInit uid 2000 <<<<<<
08-04 12:00:13.313 15843 15856 I art     : Explicit concurrent mark sweep GC freed 3(96B) AllocSpace objects, 0(0B) LOS objects, 29% free, 37MB/53MB, paused 446us total 56.932ms
08-04 12:00:13.318 17265 17265 D AndroidRuntime: CheckJNI is OFF
08-04 12:00:13.333 15843 15856 I art     : Starting a blocking GC Explicit
08-04 12:00:13.354 17265 17265 D ICU     : No timezone override file found: /data/misc/zoneinfo/current/icu/icu_tzdata.dat
08-04 12:00:13.389 17265 17265 I Radio-JNI: register_android_hardware_Radio DONE
08-04 12:00:13.390 15843 15856 I art     : Explicit concurrent mark sweep GC freed 3(96B) AllocSpace objects, 0(0B) LOS objects, 29% free, 37MB/53MB, paused 415us total 56.468ms
08-04 12:00:13.412 17265 17265 D AndroidRuntime: Calling main entry com.android.commands.input.Input
08-04 12:00:13.414 17265 17265 I Input   : injectMotionEvent: MotionEvent { action=ACTION_DOWN, actionButton=0, id[0]=0, x[0]=648.0, y[0]=709.0, toolType[0]=TOOL_TYPE_UNKNOWN, buttonState=0, metaState=0, flags=0x0, edgeFlags=0x0, pointerCount=1, historySize=0, eventTime=705629827, downTime=705629827, deviceId=0, source=0x1002 }
08-04 12:00:13.419 17265 17265 I Input   : injectMotionEvent: MotionEvent { action=ACTION_UP, actionButton=0, id[0]=0, x[0]=648.0, y[0]=709.0, toolType[0]=TOOL_TYPE_UNKNOWN, buttonState=0, metaState=0, flags=0x0, edgeFlags=0x0, pointerCount=1, historySize=0, eventTime=705629827, downTime=705629827, deviceId=0, source=0x1002 }
08-04 12:00:13.421 17265 17265 D AndroidRuntime: Shutting down VM
08-04 12:00:13.487   512  2967 D audio_hw_primary: out_set_parameters: enter: usecase(1: low-latency-playback) kvpairs: routing=2
08-04 12:00:13.499   512  2967 D audio_hw_primary: select_devices: out_snd_device(2: speaker) in_snd_device(0: none)
08-04 12:00:13.499   512  2967 D msm8974_platform: platform_send_audio_calibration: sending audio calibration for snd_device(2) acdb_id(15)
08-04 12:00:13.500   512  2967 I soundtrigger: audio_extn_sound_trigger_update_device_status: device 0x2 of type 0 for Event 1
08-04 12:00:13.510   512  2967 D audio_hw_primary: enable_snd_device: snd_device(2: speaker)
08-04 12:00:13.512   512  2967 D audio_hw_primary: enable_audio_route: apply and update mixer path: low-latency-playback speaker
08-04 12:00:13.644 15843 15856 I art     : Starting a blocking GC Explicit
08-04 12:00:13.704 15843 15856 I art     : Explicit concurrent mark sweep GC freed 2060(133KB) AllocSpace objects, 2(40KB) LOS objects, 29% free, 37MB/53MB, paused 384us total 59.410ms
08-04 12:00:13.724 15843 15856 I art     : Starting a blocking GC Explicit
08-04 12:00:13.781 15843 15856 I art     : Explicit concurrent mark sweep GC freed 149(6KB) AllocSpace objects, 0(0B) LOS objects, 29% free, 37MB/53MB, paused 373us total 56.736ms
08-04 12:00:13.804 15843 15856 I art     : Starting a blocking GC Explicit
08-04 12:00:13.869 15843 15856 I art     : Explicit concurrent mark sweep GC freed 3(96B) AllocSpace objects, 0(0B) LOS objects, 29% free, 37MB/53MB, paused 377us total 64.655ms
08-04 12:00:13.890 15843 15856 I art     : Starting a blocking GC Explicit
08-04 12:00:13.955 15843 15856 I art     : Explicit concurrent mark sweep GC freed 9(320B) AllocSpace objects, 0(0B) LOS objects, 29% free, 37MB/53MB, paused 390us total 64.975ms
08-04 12:00:13.978 15843 15856 I art     : Starting a blocking GC Explicit
08-04 12:00:14.041 15843 15856 I art     : Explicit concurrent mark sweep GC freed 5(160B) AllocSpace objects, 0(0B) LOS objects, 29% free, 37MB/53MB, paused 400us total 62.859ms
08-04 12:00:14.050   512  2967 D audio_hw_primary: disable_audio_route: reset and update mixer path: low-latency-playback speaker
08-04 12:00:14.052   512  2967 D audio_hw_primary: disable_snd_device: snd_device(2: speaker)
08-04 12:00:14.061   512  2967 I soundtrigger: audio_extn_sound_trigger_update_device_status: device 0x2 of type 0 for Event 0
08-04 12:00:14.353 15843 15856 I art     : Starting a blocking GC Explicit
08-04 12:00:14.419 15843 15856 I art     : Explicit concurrent mark sweep GC freed 1294(75KB) AllocSpace objects, 1(20KB) LOS objects, 29% free, 37MB/53MB, paused 416us total 65.950ms
08-04 12:00:14.439 15843 15856 I art     : Starting a blocking GC Explicit
08-04 12:00:14.502 15843 15856 I art     : Explicit concurrent mark sweep GC freed 22(752B) AllocSpace objects, 0(0B) LOS objects, 29% free, 37MB/53MB, paused 408us total 62.810ms
08-04 12:00:14.523 15843 15856 I art     : Starting a blocking GC Explicit
08-04 12:00:14.587 15843 15856 I art     : Explicit concurrent mark sweep GC freed 3(96B) AllocSpace objects, 0(0B) LOS objects, 29% free, 37MB/53MB, paused 418us total 63.489ms
08-04 12:00:14.607 15843 15856 I art     : Starting a blocking GC Explicit
08-04 12:00:14.670 15843 15856 I art     : Explicit concurrent mark sweep GC freed 3(96B) AllocSpace objects, 0(0B) LOS objects, 29% free, 37MB/53MB, paused 402us total 62.540ms
08-04 12:00:14.689 15843 15856 I art     : Starting a blocking GC Explicit
08-04 12:00:14.747 15843 15856 I art     : Explicit concurrent mark sweep GC freed 3(96B) AllocSpace objects, 0(0B) LOS objects, 29% free, 37MB/53MB, paused 399us total 57.187ms
08-04 12:00:15.039 15843 16060 I art     : Starting a blocking GC Explicit
08-04 12:00:15.057 17308 17308 D AndroidRuntime: >>>>>> START com.android.internal.os.RuntimeInit uid 2000 <<<<<<
08-04 12:00:15.062 17308 17308 D AndroidRuntime: CheckJNI is OFF
08-04 12:00:15.097 17308 17308 D ICU     : No timezone override file found: /data/misc/zoneinfo/current/icu/icu_tzdata.dat
08-04 12:00:15.103 15843 16060 I art     : Explicit concurrent mark sweep GC freed 1293(75KB) AllocSpace objects, 1(20KB) LOS objects, 29% free, 37MB/53MB, paused 416us total 63.656ms
08-04 12:00:15.122 15843 16060 I art     : Starting a blocking GC Explicit
08-04 12:00:15.132 17308 17308 I Radio-JNI: register_android_hardware_Radio DONE
08-04 12:00:15.154 17308 17308 D AndroidRuntime: Calling main entry com.android.commands.input.Input
08-04 12:00:15.155 17308 17308 I Input   : injectMotionEvent: MotionEvent { action=ACTION_DOWN, actionButton=0, id[0]=0, x[0]=1197.0, y[0]=1456.0, toolType[0]=TOOL_TYPE_UNKNOWN, buttonState=0, metaState=0, flags=0x0, edgeFlags=0x0, pointerCount=1, historySize=0, eventTime=705631568, downTime=705631568, deviceId=0, source=0x1002 }
08-04 12:00:15.160 17308 17308 I Input   : injectMotionEvent: MotionEvent { action=ACTION_UP, actionButton=0, id[0]=0, x[0]=1197.0, y[0]=1456.0, toolType[0]=TOOL_TYPE_UNKNOWN, buttonState=0, metaState=0, flags=0x0, edgeFlags=0x0, pointerCount=1, historySize=0, eventTime=705631568, downTime=705631568, deviceId=0, source=0x1002 }
08-04 12:00:15.162 17308 17308 D AndroidRuntime: Shutting down VM
08-04 12:00:15.177   512  2967 D audio_hw_primary: out_set_parameters: enter: usecase(1: low-latency-playback) kvpairs: routing=2
08-04 12:00:15.184 15843 16060 I art     : Explicit concurrent mark sweep GC freed 32(1168B) AllocSpace objects, 0(0B) LOS objects, 29% free, 37MB/53MB, paused 427us total 61.358ms
08-04 12:00:15.190   512  2967 D audio_hw_primary: select_devices: out_snd_device(2: speaker) in_snd_device(0: none)
08-04 12:00:15.190   512  2967 D msm8974_platform: platform_send_audio_calibration: sending audio calibration for snd_device(2) acdb_id(15)
08-04 12:00:15.190   512  2967 I soundtrigger: audio_extn_sound_trigger_update_device_status: device 0x2 of type 0 for Event 1
08-04 12:00:15.200   512  2967 D audio_hw_primary: enable_snd_device: snd_device(2: speaker)
08-04 12:00:15.203   512  2967 D audio_hw_primary: enable_audio_route: apply and update mixer path: low-latency-playback speaker
08-04 12:00:15.207 15843 16060 I art     : Starting a blocking GC Explicit
08-04 12:00:15.232 15843 15858 D OpenGLRenderer: endAllStagingAnimators on 0x7f949c2400 (RippleDrawable) with handle 0x7f79f77760
08-04 12:00:15.238 15843 15843 I SettingsManager: Setting string: savedCourse
08-04 12:00:15.238   918  3696 W BackupManagerService: dataChanged but no participant pkg='baseline.com.ak.uobtimetable' uid=10659
08-04 12:00:15.239   918  4400 I ActivityManager: START u0 {flg=0x4000000 cmp=baseline.com.ak.uobtimetable/.MainActivity (has extras)} from uid 10659 on display 0
08-04 12:00:15.252   918  4413 W InputMethodManagerService: Focus gain on non-focused client com.android.internal.view.IInputMethodClient$Stub$Proxy@37b783 (uid=10659 pid=15843)
08-04 12:00:15.263 15843 16060 I art     : Explicit concurrent mark sweep GC freed 4248(196KB) AllocSpace objects, 0(0B) LOS objects, 29% free, 37MB/53MB, paused 895us total 55.886ms
08-04 12:00:15.264 15843 15843 D MainActivity: OnDestroy
08-04 12:00:15.281 15843 16060 I art     : Starting a blocking GC Explicit
08-04 12:00:15.286 15843 15843 D MainActivity: onCreate
08-04 12:00:15.286 15843 15843 I SettingsManager: Getting string: savedSessions
08-04 12:00:15.286 15843 15843 I SettingsManager: Getting string: savedSessions
08-04 12:00:15.295 15843 15843 I SettingsManager: Getting string: savedSessionsCourseName
08-04 12:00:15.295 15843 15843 I SettingsManager: Getting string: savedSessionsCourseName
08-04 12:00:15.295 15843 15843 I SettingsManager: Getting string: savedSessionsDateRange
08-04 12:00:15.295 15843 15843 I SettingsManager: Getting string: savedSessionsDateRange
08-04 12:00:15.296 15843 15843 I Settings: 15 saved sessions - Artificial Intelligence and Robotics (with Foundation Year) - BSc (Hons) - Ltn - Y0 Feb FT - Weeks: 24-38 (8 Jun 2020-20 Sep 2020)
08-04 12:00:15.325 15843 15843 I SettingsManager: Getting string: savedCourse
08-04 12:00:15.325 15843 15843 D MainActivity: sessionListFragmentArg: updateSessions
08-04 12:00:15.325 15843 15843 D MainActivity: showTermDatesConfigChange: false
08-04 12:00:15.325 15843 15843 D MainActivity: showTermDatesShortcut: false
08-04 12:00:15.326 15843 15843 D MainActivity: Setting initial fragment: SessionListsFragment
08-04 12:00:15.327 15843 15843 I SettingsManager: Getting int: launchCount
08-04 12:00:15.327 15843 15843 D SessionListsFragment: onCreateView
08-04 12:00:15.331 15843 15843 I SettingsManager: Getting string: savedCourse
08-04 12:00:15.334 15843 15843 I SettingsManager: Getting string: savedSessions
08-04 12:00:15.344 15843 15843 D SessionListsFragment: loadArgument: updateSessions
08-04 12:00:15.344 15843 15843 D SessionListsFragment: initialIndex: -1
08-04 12:00:15.345 15843 16060 I art     : Explicit concurrent mark sweep GC freed 13981(654KB) AllocSpace objects, 2(1340KB) LOS objects, 29% free, 37MB/53MB, paused 1.254ms total 62.892ms
08-04 12:00:15.346 15843 17333 D HTTP    : Request for: https://uob-timetable-api.adriankeenan.co.uk/sessions?dept=CM010&course=BSAIFAAF%2F02AA%2F0%2FFT&level=Foundation+Year
08-04 12:00:15.359 15843 15843 D TermDatesFragment: WebView loaded
08-04 12:00:15.359 15843 15843 D MainActivity: OnResume
08-04 12:00:15.364 15843 16060 I art     : Starting a blocking GC Explicit
08-04 12:00:15.369 15843 15843 I TermDatesFragment: Webview load %: 10
08-04 12:00:15.424 15843 16060 I art     : Explicit concurrent mark sweep GC freed 4466(227KB) AllocSpace objects, 1(40KB) LOS objects, 29% free, 37MB/53MB, paused 563us total 59.518ms
08-04 12:00:15.466   918   936 I ActivityManager: Displayed baseline.com.ak.uobtimetable/.MainActivity: +213ms
08-04 12:00:15.466 13866 13866 I GoogleInputMethodServic: GoogleInputMethodService.onFinishInput():3138 
08-04 12:00:15.468 13866 13866 I GoogleInputMethodServic: GoogleInputMethodService.onStartInput():1808 
08-04 12:00:15.589 15843 15843 I TermDatesFragment: Webview load %: 70
08-04 12:00:15.598 15843 17333 I NAPPA_EXPERIMENTATION: MetricNetworkRequestExecutionTime: REQUEST_DURATION_SYSTEM='251',REQUEST_DURATION_OKHTTP='31',REQUEST_SYNCHRONOUS='TRUE',RESPONSE_CODE='200',RESPONSE_METHOD='GET',RESPONSE_LENGTH_OKHTTP='-1',RESPONSE_LENGTH_HEADER='1214',REQUEST_PROTOCOL='http/1.1',REQUEST_URL='https://uob-timetable-api.adriankeenan.co.uk/sessions?dept=CM010&course=BSAIFAAF%2F02AA%2F0%2FFT&level=Foundation+Year',
08-04 12:00:15.600 15843 15843 I TermDatesFragment: Webview load %: 100
08-04 12:00:15.600 15843 15843 I TermDatesFragment: Webview load %: 100
08-04 12:00:15.640 15843 17333 I HTTP    : Response was compressed.
08-04 12:00:15.655 15843 17333 I Service : getSessions response time: 1.10
08-04 12:00:15.656 15843 15843 I SettingsManager: Getting string: savedSessions
08-04 12:00:15.656 15843 15843 I SettingsManager: Getting string: savedSessions
08-04 12:00:15.664 15843 15843 I Service : Sessions updated: 15
08-04 12:00:15.664 15843 15843 I Service : Sessions removed from new list: 0
08-04 12:00:15.671 15843 15843 I SettingsManager: Setting string: savedSessions
08-04 12:00:15.671   918  4413 W BackupManagerService: dataChanged but no participant pkg='baseline.com.ak.uobtimetable' uid=10659
08-04 12:00:15.671 15843 15843 I SettingsManager: Setting date: savedSessionsTime
08-04 12:00:15.683   918  6112 W BackupManagerService: dataChanged but no participant pkg='baseline.com.ak.uobtimetable' uid=10659
08-04 12:00:15.684 15843 15843 I SettingsManager: Setting string: savedSessionsCourseName
08-04 12:00:15.684   918   929 W BackupManagerService: dataChanged but no participant pkg='baseline.com.ak.uobtimetable' uid=10659
08-04 12:00:15.684 15843 15843 I SettingsManager: Setting string: savedSessionsDateRange
08-04 12:00:15.685   918  3359 W BackupManagerService: dataChanged but no participant pkg='baseline.com.ak.uobtimetable' uid=10659
08-04 12:00:15.685 15843 15843 I SettingsManager: Setting string: timetableUrl
08-04 12:00:15.685   918  3714 W BackupManagerService: dataChanged but no participant pkg='baseline.com.ak.uobtimetable' uid=10659
08-04 12:00:15.685 15843 15843 I SettingsManager: Getting boolean: notifySessionRemindersEnabled
08-04 12:00:15.685 15843 16064 I art     : Starting a blocking GC Explicit
08-04 12:00:15.685 15843 15843 I SettingsManager: Getting int: notifySessionRemindersMinutes
08-04 12:00:15.685 15843 15843 I SettingsManager: Getting boolean: showHiddenSessions
08-04 12:00:15.688 15843 15843 I SessionReminderNotifier: Created session reminder alarm for f7b4771250a919bd729c1c5a4a459c77 at Mon 08:30:00 10/08/20
08-04 12:00:15.690 15843 15843 I SessionReminderNotifier: Created session reminder alarm for a7f879aabdeb78622c8820a5fb7b64cd at Tue 08:30:00 11/08/20
08-04 12:00:15.692 15843 15843 I SessionReminderNotifier: Created session reminder alarm for 7bc8d7e2c2055711f597c3d9078c6ea3 at Tue 08:30:00 11/08/20
08-04 12:00:15.693 15843 15843 I SessionReminderNotifier: Created session reminder alarm for 53c0527a6f009a1f2fd223834d3bfe51 at Tue 10:30:00 11/08/20
08-04 12:00:15.696 15843 15843 I SessionReminderNotifier: Created session reminder alarm for e0fc978b5db8218778540b4053344581 at Tue 11:00:00 11/08/20
08-04 12:00:15.698 15843 15843 I SessionReminderNotifier: Created session reminder alarm for 199afb0100f329ff65a09e1b0cd9deba at Tue 11:30:00 04/08/20
08-04 12:00:15.700 15843 15843 I SessionReminderNotifier: Created session reminder alarm for 21712fef61090882c855a1425543edb5 at Tue 13:30:00 04/08/20
08-04 12:00:15.702 15843 15843 I SessionReminderNotifier: Created session reminder alarm for 65ca4d97f031f29a4d02bbb45a705d8f at Wed 08:30:00 05/08/20
08-04 12:00:15.703 15843 15843 I SessionReminderNotifier: Created session reminder alarm for eeda7741b0bcab58fd9f46dc6ef1d942 at Wed 08:30:00 05/08/20
08-04 12:00:15.705 15843 15843 I SessionReminderNotifier: Created session reminder alarm for c276c1b2075a0beb67f1b3d1e580f920 at Wed 11:00:00 05/08/20
08-04 12:00:15.707 15843 15843 I SessionReminderNotifier: Created session reminder alarm for 8b1f3627e42ae13a6f6ba0a83903dde1 at Wed 13:30:00 05/08/20
08-04 12:00:15.708 15843 15843 I SessionReminderNotifier: Created session reminder alarm for 79fe0b5c3b887a13ba29db5a33fa2800 at Thu 08:30:00 06/08/20
08-04 12:00:15.710 15843 15843 I SessionReminderNotifier: Created session reminder alarm for cb9dfc8231cdba2be0835dc5709690e1 at Thu 08:30:00 06/08/20
08-04 12:00:15.713 15843 15843 I SessionReminderNotifier: Created session reminder alarm for f850dc24d6de60b7b89fa9e1a8c224c5 at Thu 12:00:00 06/08/20
08-04 12:00:15.715 15843 15843 I SessionReminderNotifier: Created session reminder alarm for 2ba1034116e4fffdd592dbf0796a43d5 at Fri 08:30:00 07/08/20
08-04 12:00:15.715 15843 15843 I SettingsManager: Getting boolean: showHiddenSessions
08-04 12:00:15.715 15843 15843 D SessionListsFragment: 1 sessions for day 0
08-04 12:00:15.715 15843 15843 D SessionListsFragment: 6 sessions for day 1
08-04 12:00:15.716 15843 15843 D SessionListsFragment: 4 sessions for day 2
08-04 12:00:15.716 15843 15843 D SessionListsFragment: 3 sessions for day 3
08-04 12:00:15.716 15843 15843 D SessionListsFragment: 1 sessions for day 4
08-04 12:00:15.740   512  2967 D audio_hw_primary: disable_audio_route: reset and update mixer path: low-latency-playback speaker
08-04 12:00:15.744   512  2967 D audio_hw_primary: disable_snd_device: snd_device(2: speaker)
08-04 12:00:15.753   512  2967 I soundtrigger: audio_extn_sound_trigger_update_device_status: device 0x2 of type 0 for Event 0
08-04 12:00:15.755 15843 16064 I art     : Explicit concurrent mark sweep GC freed 62038(2MB) AllocSpace objects, 12(464KB) LOS objects, 30% free, 36MB/52MB, paused 2.025ms total 69.950ms
08-04 12:00:15.761 15843 15843 I SettingsManager: Getting boolean: showHiddenSessions
08-04 12:00:15.762 15843 15843 D SessionListsFragment: Refreshed ViewPager
08-04 12:00:15.762 15843 15843 I SettingsManager: Getting boolean: showHiddenSessions
08-04 12:00:15.762 15843 15843 I SettingsManager: Getting boolean: completedTutorial
08-04 12:00:15.762 15843 15843 I SettingsManager: Getting boolean: showHiddenSessions
08-04 12:00:15.762 15843 15843 I SettingsManager: Getting date: savedSessionsTime
08-04 12:00:15.771 15843 16064 I art     : Starting a blocking GC Explicit
08-04 12:00:15.824 15843 16064 I art     : Explicit concurrent mark sweep GC freed 29284(1255KB) AllocSpace objects, 0(0B) LOS objects, 30% free, 36MB/52MB, paused 1.042ms total 52.027ms
08-04 12:00:15.841 15843 16064 I art     : Starting a blocking GC Explicit
08-04 12:00:15.898 15843 16064 I art     : Explicit concurrent mark sweep GC freed 29430(1199KB) AllocSpace objects, 0(0B) LOS objects, 30% free, 36MB/52MB, paused 1.179ms total 56.588ms
08-04 12:00:15.916 15843 16064 I art     : Starting a blocking GC Explicit
08-04 12:00:15.973 15843 16064 I art     : Explicit concurrent mark sweep GC freed 30396(1259KB) AllocSpace objects, 0(0B) LOS objects, 30% free, 37MB/53MB, paused 1.054ms total 57.289ms
08-04 12:00:15.991 15843 16064 I art     : Starting a blocking GC Explicit
08-04 12:00:16.050   518   646 I ThermalEngine: ACTION: GPU - Setting GPU[0] to 450000000
08-04 12:00:16.051 15843 16064 I art     : Explicit concurrent mark sweep GC freed 32417(1331KB) AllocSpace objects, 0(0B) LOS objects, 30% free, 37MB/53MB, paused 1.043ms total 60.339ms
08-04 12:00:16.376 15843 15854 I art     : Starting a blocking GC Explicit
08-04 12:00:16.477 15843 15854 I art     : Explicit concurrent mark sweep GC freed 135584(5MB) AllocSpace objects, 1(20KB) LOS objects, 29% free, 38MB/54MB, paused 1.298ms total 100.377ms
08-04 12:00:16.496 15843 15843 I Choreographer: Skipped 43 frames!  The application may be doing too much work on its main thread.
08-04 12:00:16.501 15843 15854 I art     : Starting a blocking GC Explicit
08-04 12:00:16.571 15843 15854 I art     : Explicit concurrent mark sweep GC freed 12008(662KB) AllocSpace objects, 0(0B) LOS objects, 29% free, 37MB/53MB, paused 631us total 69.703ms
08-04 12:00:16.593 15843 15854 I art     : Starting a blocking GC Explicit
08-04 12:00:16.651 15843 15854 I art     : Explicit concurrent mark sweep GC freed 121782(11MB) AllocSpace objects, 3(136KB) LOS objects, 37% free, 26MB/42MB, paused 508us total 57.094ms
08-04 12:00:16.666 15843 15854 I art     : Starting a blocking GC Explicit
08-04 12:00:16.702 15843 15854 I art     : Explicit concurrent mark sweep GC freed 3(96B) AllocSpace objects, 0(0B) LOS objects, 37% free, 26MB/42MB, paused 496us total 35.459ms
08-04 12:00:16.716 15843 15854 I art     : Starting a blocking GC Explicit
08-04 12:00:16.754 15843 15854 I art     : Explicit concurrent mark sweep GC freed 3(96B) AllocSpace objects, 0(0B) LOS objects, 37% free, 26MB/42MB, paused 532us total 37.952ms
08-04 12:00:17.109 15843 15854 I art     : Starting a blocking GC Explicit
08-04 12:00:17.171 15843 15854 I art     : Explicit concurrent mark sweep GC freed 1517(85KB) AllocSpace objects, 1(20KB) LOS objects, 37% free, 26MB/42MB, paused 605us total 61.777ms
08-04 12:00:17.190 15843 15854 I art     : Starting a blocking GC Explicit
08-04 12:00:17.237 15843 15854 I art     : Explicit concurrent mark sweep GC freed 18(624B) AllocSpace objects, 0(0B) LOS objects, 37% free, 26MB/42MB, paused 585us total 46.694ms
08-04 12:00:17.246   918  3188 I hubconnection: sensorhub said: 'set_bias 3: -6.2400, 0.0000, 0.0000'
08-04 12:00:17.253 15843 15854 I art     : Starting a blocking GC Explicit
08-04 12:00:17.300 15843 15854 I art     : Explicit concurrent mark sweep GC freed 3(96B) AllocSpace objects, 0(0B) LOS objects, 37% free, 26MB/42MB, paused 573us total 46.805ms
08-04 12:00:17.317 15843 15854 I art     : Starting a blocking GC Explicit
08-04 12:00:17.364 15843 15854 I art     : Explicit concurrent mark sweep GC freed 19(736B) AllocSpace objects, 0(0B) LOS objects, 37% free, 26MB/42MB, paused 699us total 46.957ms
08-04 12:00:17.381 15843 15854 I art     : Starting a blocking GC Explicit
08-04 12:00:17.424 15843 15854 I art     : Explicit concurrent mark sweep GC freed 33(1056B) AllocSpace objects, 0(0B) LOS objects, 37% free, 26MB/42MB, paused 551us total 42.695ms
08-04 12:00:17.523   918   931 I ActivityManager: Waited long enough for: ServiceRecord{7834326 u0 com.google.android.googlequicksearchbox/com.google.android.apps.gsa.shared.util.keepalive.StandaloneKeepAlive$KeepAliveService}
08-04 12:00:17.774 15843 16064 I art     : Starting a blocking GC Explicit
08-04 12:00:17.834 15843 16064 I art     : Explicit concurrent mark sweep GC freed 1401(79KB) AllocSpace objects, 1(20KB) LOS objects, 37% free, 26MB/42MB, paused 617us total 59.255ms
08-04 12:00:17.854 15843 16064 I art     : Starting a blocking GC Explicit
08-04 12:00:17.901 15843 16064 I art     : Explicit concurrent mark sweep GC freed 18(624B) AllocSpace objects, 0(0B) LOS objects, 37% free, 26MB/42MB, paused 583us total 46.303ms
08-04 12:00:17.917 15843 16064 I art     : Starting a blocking GC Explicit
08-04 12:00:17.965 15843 16064 I art     : Explicit concurrent mark sweep GC freed 3(96B) AllocSpace objects, 0(0B) LOS objects, 37% free, 26MB/42MB, paused 533us total 46.955ms
08-04 12:00:17.981 15843 16064 I art     : Starting a blocking GC Explicit
08-04 12:00:18.029 15843 16064 I art     : Explicit concurrent mark sweep GC freed 3(96B) AllocSpace objects, 0(0B) LOS objects, 37% free, 26MB/42MB, paused 600us total 47.877ms
08-04 12:00:18.050 15843 16064 I art     : Starting a blocking GC Explicit
08-04 12:00:18.094 15843 16064 I art     : Explicit concurrent mark sweep GC freed 3(96B) AllocSpace objects, 0(0B) LOS objects, 37% free, 26MB/42MB, paused 575us total 43.486ms
08-04 12:00:18.434 15843 15854 I art     : Starting a blocking GC Explicit
08-04 12:00:18.486 15843 15854 I art     : Explicit concurrent mark sweep GC freed 1293(75KB) AllocSpace objects, 1(20KB) LOS objects, 37% free, 26MB/42MB, paused 586us total 51.567ms
08-04 12:00:18.503 15843 15854 I art     : Starting a blocking GC Explicit
08-04 12:00:18.552 15843 15854 I art     : Explicit concurrent mark sweep GC freed 18(624B) AllocSpace objects, 0(0B) LOS objects, 37% free, 26MB/42MB, paused 594us total 48.676ms
08-04 12:00:18.568 15843 15854 I art     : Starting a blocking GC Explicit
08-04 12:00:18.614 15843 15854 I art     : Explicit concurrent mark sweep GC freed 3(96B) AllocSpace objects, 0(0B) LOS objects, 37% free, 26MB/42MB, paused 576us total 45.604ms
08-04 12:00:18.630 15843 15854 I art     : Starting a blocking GC Explicit
08-04 12:00:18.678 15843 15854 I art     : Explicit concurrent mark sweep GC freed 3(96B) AllocSpace objects, 0(0B) LOS objects, 37% free, 26MB/42MB, paused 625us total 47.583ms
08-04 12:00:18.695 15843 15854 I art     : Starting a blocking GC Explicit
08-04 12:00:18.742 15843 15854 I art     : Explicit concurrent mark sweep GC freed 3(96B) AllocSpace objects, 0(0B) LOS objects, 37% free, 26MB/42MB, paused 593us total 46.525ms
08-04 12:00:19.056   518   646 I ThermalEngine: ACTION: GPU - Setting GPU[0] to 510000000
08-04 12:00:19.112 15843 16060 I art     : Starting a blocking GC Explicit
08-04 12:00:19.159 15843 16060 I art     : Explicit concurrent mark sweep GC freed 1293(75KB) AllocSpace objects, 1(20KB) LOS objects, 37% free, 26MB/42MB, paused 499us total 46.855ms
08-04 12:00:19.175 15843 16060 I art     : Starting a blocking GC Explicit
08-04 12:00:19.211 15843 16060 I art     : Explicit concurrent mark sweep GC freed 18(624B) AllocSpace objects, 0(0B) LOS objects, 37% free, 26MB/42MB, paused 431us total 35.032ms
08-04 12:00:19.223 15843 16060 I art     : Starting a blocking GC Explicit
08-04 12:00:19.260 15843 16060 I art     : Explicit concurrent mark sweep GC freed 3(96B) AllocSpace objects, 0(0B) LOS objects, 37% free, 26MB/42MB, paused 422us total 35.893ms
08-04 12:00:19.272 15843 16060 I art     : Starting a blocking GC Explicit
08-04 12:00:19.308 15843 16060 I art     : Explicit concurrent mark sweep GC freed 3(96B) AllocSpace objects, 0(0B) LOS objects, 37% free, 26MB/42MB, paused 435us total 35.116ms
08-04 12:00:19.320 15843 16060 I art     : Starting a blocking GC Explicit
08-04 12:00:19.356 15843 16060 I art     : Explicit concurrent mark sweep GC freed 3(96B) AllocSpace objects, 0(0B) LOS objects, 37% free, 26MB/42MB, paused 436us total 35.968ms
08-04 12:00:19.632 15843 16060 I art     : Starting a blocking GC Explicit
08-04 12:00:19.670 15843 16060 I art     : Explicit concurrent mark sweep GC freed 1307(76KB) AllocSpace objects, 1(20KB) LOS objects, 37% free, 26MB/42MB, paused 513us total 37.326ms
08-04 12:00:19.683 15843 16060 I art     : Starting a blocking GC Explicit
08-04 12:00:19.718 15843 16060 I art     : Explicit concurrent mark sweep GC freed 23(768B) AllocSpace objects, 0(0B) LOS objects, 37% free, 26MB/42MB, paused 447us total 34.454ms
08-04 12:00:19.730 15843 16060 I art     : Starting a blocking GC Explicit
08-04 12:00:19.764 15843 16060 I art     : Explicit concurrent mark sweep GC freed 27(1040B) AllocSpace objects, 0(0B) LOS objects, 37% free, 26MB/42MB, paused 464us total 33.646ms
08-04 12:00:19.777 15843 16060 I art     : Starting a blocking GC Explicit
08-04 12:00:19.809 15843 16060 I art     : Explicit concurrent mark sweep GC freed 56(1712B) AllocSpace objects, 0(0B) LOS objects, 37% free, 26MB/42MB, paused 424us total 31.468ms
08-04 12:00:19.820 15843 16060 I art     : Starting a blocking GC Explicit
08-04 12:00:19.841 17406 17406 D AndroidRuntime: >>>>>> START com.android.internal.os.RuntimeInit uid 2000 <<<<<<
08-04 12:00:19.846 17406 17406 D AndroidRuntime: CheckJNI is OFF
08-04 12:00:19.853 15843 16060 I art     : Explicit concurrent mark sweep GC freed 151(10KB) AllocSpace objects, 0(0B) LOS objects, 37% free, 26MB/42MB, paused 429us total 32.695ms
08-04 12:00:19.880 17406 17406 D ICU     : No timezone override file found: /data/misc/zoneinfo/current/icu/icu_tzdata.dat
08-04 12:00:19.912 17406 17406 I Radio-JNI: register_android_hardware_Radio DONE
08-04 12:00:19.933 17406 17406 D AndroidRuntime: Calling main entry com.android.commands.input.Input
08-04 12:00:19.935 17406 17406 I Input   : injectMotionEvent: MotionEvent { action=ACTION_DOWN, actionButton=0, id[0]=0, x[0]=81.0, y[0]=176.0, toolType[0]=TOOL_TYPE_UNKNOWN, buttonState=0, metaState=0, flags=0x0, edgeFlags=0x0, pointerCount=1, historySize=0, eventTime=705636347, downTime=705636347, deviceId=0, source=0x1002 }
08-04 12:00:19.940 17406 17406 I Input   : injectMotionEvent: MotionEvent { action=ACTION_UP, actionButton=0, id[0]=0, x[0]=81.0, y[0]=176.0, toolType[0]=TOOL_TYPE_UNKNOWN, buttonState=0, metaState=0, flags=0x0, edgeFlags=0x0, pointerCount=1, historySize=0, eventTime=705636347, downTime=705636347, deviceId=0, source=0x1002 }
08-04 12:00:19.943 17406 17406 D AndroidRuntime: Shutting down VM
08-04 12:00:19.951   512  2967 D audio_hw_primary: out_set_parameters: enter: usecase(1: low-latency-playback) kvpairs: routing=2
08-04 12:00:19.964   512  2967 D audio_hw_primary: select_devices: out_snd_device(2: speaker) in_snd_device(0: none)
08-04 12:00:19.964   512  2967 D msm8974_platform: platform_send_audio_calibration: sending audio calibration for snd_device(2) acdb_id(15)
08-04 12:00:19.964   512  2967 I soundtrigger: audio_extn_sound_trigger_update_device_status: device 0x2 of type 0 for Event 1
08-04 12:00:19.975   512  2967 D audio_hw_primary: enable_snd_device: snd_device(2: speaker)
08-04 12:00:19.977   512  2967 D audio_hw_primary: enable_audio_route: apply and update mixer path: low-latency-playback speaker
08-04 12:00:19.983 13866 13866 I GoogleInputMethodServic: GoogleInputMethodService.onFinishInput():3138 
08-04 12:00:19.984 13866 13866 I GoogleInputMethodServic: GoogleInputMethodService.onStartInput():1808 
08-04 12:00:20.119 15843 16060 I art     : Starting a blocking GC Explicit
08-04 12:00:20.162 15843 16060 I art     : Explicit concurrent mark sweep GC freed 1710(96KB) AllocSpace objects, 1(20KB) LOS objects, 37% free, 26MB/42MB, paused 499us total 42.467ms
