--------- beginning of main
08-04 03:02:29.094  3784  3784 D CarrierServiceBindHelper: Receive action: android.intent.action.PACKAGE_REMOVED
08-04 03:02:29.104   918   928 I AccountManagerService: getTypesVisibleToCaller: isPermitted? true
08-04 03:02:29.112 31583 31583 W System  : ClassLoader referenced unknown path: /system/app/KeyChain/lib/arm64
--------- beginning of system
08-04 03:02:29.115 31583 31583 W ContextImpl: Calling a method in the system process without a qualified user: android.app.ContextImpl.startService:1221 android.content.ContextWrapper.startService:581 android.content.ContextWrapper.startService:581 com.android.keychain.KeyChainBroadcastReceiver.onReceive:12 android.app.ActivityThread.handleReceiver:2725 
08-04 03:02:29.123   918   930 W ResourceType: ResTable_typeSpec entry count inconsistent: given 37, previously 42
08-04 03:02:29.123   918   930 W ResourceType: ResTable_typeSpec entry count inconsistent: given 2527, previously 2530
08-04 03:02:29.124   918   930 W ResourceType: ResTable_typeSpec entry count inconsistent: given 2542, previously 2545
08-04 03:02:29.124   918   930 W ResourceType: ResTable_typeSpec entry count inconsistent: given 303, previously 1691
08-04 03:02:29.134   918  3961 I ActivityManager: Start proc 31596:com.google.android.apps.maps/u0a58 for broadcast com.google.android.apps.maps/com.google.android.libraries.social.peoplekit.thirdparty.viewcontrollers.ThirdPartyReceiver
08-04 03:02:29.138   918   930 W ResourceType: ResTable_typeSpec entry count inconsistent: given 37, previously 42
08-04 03:02:29.138   918   930 W ResourceType: ResTable_typeSpec entry count inconsistent: given 2527, previously 2530
08-04 03:02:29.139   918   930 W ResourceType: ResTable_typeSpec entry count inconsistent: given 2542, previously 2545
08-04 03:02:29.139   918   930 W ResourceType: ResTable_typeSpec entry count inconsistent: given 303, previously 1691
08-04 03:02:29.141  3784  3784 D CarrierServiceBindHelper: Receive action: android.intent.action.PACKAGE_ADDED
08-04 03:02:29.141  3784  3784 D CarrierServiceBindHelper: Receive action: android.intent.action.PACKAGE_REPLACED
08-04 03:02:29.142  3784  3784 D CarrierServiceBindHelper: mHandler: 3
08-04 03:02:29.142  3784  3784 D CarrierServiceBindHelper: mHandler: 3
08-04 03:02:29.142  3784  3784 D CarrierServiceBindHelper: mHandler: 3
08-04 03:02:29.142   918   927 I art     : Background partial concurrent mark sweep GC freed 20964(1471KB) AllocSpace objects, 0(0B) LOS objects, 19% free, 68MB/84MB, paused 1.660ms total 151.171ms
08-04 03:02:29.142  3784  3784 D CarrierConfigLoader: mHandler: 9 phoneId: 0
08-04 03:02:29.158 31596 31596 W ResourceType: ResTable_typeSpec entry count inconsistent: given 15, previously 23
08-04 03:02:29.237 31596 31609 E linker  : readlink('/proc/self/fd/19') failed: Permission denied [fd=19]
08-04 03:02:29.237 31596 31609 E linker  : warning: unable to get realpath for the library "/data/app/com.google.android.apps.maps-1/lib/arm64/libgmm-jni.so". Will use given name.
08-04 03:02:29.237 31596 31609 W linker  : /data/app/com.google.android.apps.maps-1/lib/arm64/libgmm-jni.so: unused DT entry: type 0x1d arg 0xbba3
08-04 03:02:29.238 31596 31609 E linker  : readlink('/proc/self/fd/19') failed: Permission denied [fd=19]
08-04 03:02:29.238 31596 31609 E linker  : warning: unable to get realpath for the library "libarcore_sdk_c.so". Will use given name.
08-04 03:02:29.519   918  5481 I ActivityManager: Killing 23800:com.android.vending:download_service/u0a22 (adj 15): empty #17
08-04 03:02:29.607 24365 31631 I Fitness : FitCleanupIntentOperation received Intent android.intent.action.PACKAGE_REMOVED [CONTEXT service_id=17 ]
08-04 03:02:29.608 23593 23593 I Finsky  : [1] uah.a(18): PackageMonitorReceiverImpl - Received: android.intent.action.PACKAGE_REMOVED, [jsPREe6yOOhrMreoEvcpPvP36yUmihacpIgcKsaLph8]
08-04 03:02:29.608 23593 23593 I Finsky  : [1] ubi.d(9): Invalidating cached PackageState for baseline.com.ak.uobtimetable
08-04 03:02:29.616 31614 31614 D AndroidRuntime: >>>>>> START com.android.internal.os.RuntimeInit uid 2000 <<<<<<
08-04 03:02:29.618 23593 23593 I Finsky  : [1] lzi.c(2): Frosting ID looked up on UI thread. Caller should move to a background thread.
08-04 03:02:29.619 31614 31614 D AndroidRuntime: CheckJNI is OFF
08-04 03:02:29.637 23593 23593 I Finsky  : [1] nqb.c(3): Installer: package baseline.com.ak.uobtimetable was removed. replacing: true
08-04 03:02:29.639 23593 23593 I Finsky  : [1] nra.a(188): Installer: Notifying status update. package=baseline.com.ak.uobtimetable, status=UNINSTALLED
08-04 03:02:29.641 31614 31614 D ICU     : No timezone override file found: /data/misc/zoneinfo/current/icu/icu_tzdata.dat
08-04 03:02:29.667   918  6112 I AccountManagerService: getTypesVisibleToCaller: isPermitted? true
08-04 03:02:29.668 31614 31614 I Radio-JNI: register_android_hardware_Radio DONE
08-04 03:02:29.682 31614 31614 D AndroidRuntime: Calling main entry com.android.commands.monkey.Monkey
08-04 03:02:29.696 23593 23593 I Finsky  : [1] lzi.c(2): Frosting ID looked up on UI thread. Caller should move to a background thread.
08-04 03:02:29.696   918   931 W BroadcastQueue: Skipping deliver [background] BroadcastRecord{139bfe1 u-1 android.net.conn.CONNECTIVITY_CHANGE} to ReceiverList{5b23c7 31614 (unknown name)/2000/u-1 remote:62db3a}: process crashing
08-04 03:02:29.706   918  6029 I ActivityManager: START u0 {act=android.intent.action.MAIN cat=[android.intent.category.LAUNCHER] flg=0x10200000 cmp=baseline.com.ak.uobtimetable/.MainActivity} from uid 2000 on display 0
08-04 03:02:29.717 23593 23593 I Finsky  : [1] nra.a(220): Installer: found apps to install. isMultiUserMode=false, apps=[]
08-04 03:02:29.726 23593 31656 I Finsky  : [5713] ejf.a(-1): Cancelled 0 ongoing asset module downloads for package baseline.com.ak.uobtimetable due to a concurrent app update.
08-04 03:02:29.728 31658 31658 I art     : Late-enabling -Xcheck:jni
08-04 03:02:29.731   918  6112 I ActivityManager: Start proc 31658:baseline.com.ak.uobtimetable/u0a659 for activity baseline.com.ak.uobtimetable/.MainActivity
08-04 03:02:29.743 23593 23822 I Finsky  : [5682] odj.b(52): IQ: Notifying installation update. package=baseline.com.ak.uobtimetable, status=UNINSTALLED
08-04 03:02:29.744 31614 31614 I art     : System.exit called, status: 0
08-04 03:02:29.744 31614 31614 I AndroidRuntime: VM exiting with result code 0.
08-04 03:02:29.767 31658 31658 W System  : ClassLoader referenced unknown path: /data/app/baseline.com.ak.uobtimetable-1/lib/arm64
08-04 03:02:29.775 31658 31658 E Application: Can't init Bugsnag - No key
08-04 03:02:29.775 31658 31658 E Application: java.lang.Exception: Can't init Bugsnag - No key
08-04 03:02:29.775 31658 31658 E Application: 	at baseline.com.ak.uobtimetable.Utilities.Logging.Logger.error(Logger.java:79)
08-04 03:02:29.775 31658 31658 E Application: 	at baseline.com.ak.uobtimetable.MyApplication.onCreate(MyApplication.java:52)
08-04 03:02:29.775 31658 31658 E Application: 	at android.app.Instrumentation.callApplicationOnCreate(Instrumentation.java:1013)
08-04 03:02:29.775 31658 31658 E Application: 	at android.app.ActivityThread.handleBindApplication(ActivityThread.java:4707)
08-04 03:02:29.775 31658 31658 E Application: 	at android.app.ActivityThread.-wrap1(ActivityThread.java)
08-04 03:02:29.775 31658 31658 E Application: 	at android.app.ActivityThread$H.handleMessage(ActivityThread.java:1405)
08-04 03:02:29.775 31658 31658 E Application: 	at android.os.Handler.dispatchMessage(Handler.java:102)
08-04 03:02:29.775 31658 31658 E Application: 	at android.os.Looper.loop(Looper.java:148)
08-04 03:02:29.775 31658 31658 E Application: 	at android.app.ActivityThread.main(ActivityThread.java:5417)
08-04 03:02:29.775 31658 31658 E Application: 	at java.lang.reflect.Method.invoke(Native Method)
08-04 03:02:29.775 31658 31658 E Application: 	at com.android.internal.os.ZygoteInit$MethodAndArgsCaller.run(ZygoteInit.java:726)
08-04 03:02:29.775 31658 31658 E Application: 	at com.android.internal.os.ZygoteInit.main(ZygoteInit.java:616)
08-04 03:02:29.777 31658 31658 I Application: API level: 23
08-04 03:02:29.778 31658 31658 I Application: API level name: M
08-04 03:02:29.779 31658 31658 I Application: Target API level: 29
08-04 03:02:29.779 31658 31658 I Application: Git commit hash: d26bf1fa
08-04 03:02:29.779 31658 31658 I Application: Git branch: master
08-04 03:02:29.779 31658 31658 I Application: Build type: Debug
08-04 03:02:29.781 31658 31658 I Application: Build keys: Release
08-04 03:02:29.781 31658 31658 I Application: Version code: 21
08-04 03:02:29.781 23593 31635 I Finsky  : [5711] lyv.run(-1): Wrote row to frosting DB: 2182
08-04 03:02:29.782 31658 31658 I Application: Version name: 2.5
08-04 03:02:29.782 31658 31658 I Application: Build date: 22:30 03/08/20
08-04 03:02:29.783 31658 31658 I Application: Package update date: 23:10 03/08/20
08-04 03:02:29.784 31658 31658 I SettingsManager: Getting int: launchCount
08-04 03:02:29.784 31658 31658 I SettingsManager: Setting int: launchCount
08-04 03:02:29.797   918  6029 W BackupManagerService: dataChanged but no participant pkg='baseline.com.ak.uobtimetable' uid=10659
08-04 03:02:29.797 31658 31658 I Application: Launch count: 1
08-04 03:02:29.802 31658 31658 I Application: Network: TYPE_WIFI
08-04 03:02:29.802 31658 31658 I Application: Tablet layout: false
08-04 03:02:29.806 24577 31643 I Auth    : [SupervisedAccountIntentOperation] onHandleIntent(): android.intent.action.PACKAGE_ADDED
08-04 03:02:29.808 24577 31644 I ChromeSync: [Sync,SyncIntentOperation] Handling the intent: Intent { act=android.intent.action.PACKAGE_ADDED dat=package:baseline.com.ak.uobtimetable flg=0x4000010 cmp=com.google.android.gms/.chimera.GmsIntentOperationService (has extras) }.
08-04 03:02:29.811   918  6110 W ActivityManager: Unable to start service Intent { act=com.google.android.gms.auth.key.retrieval.service.START pkg=com.google.android.gms } U=0: not found
08-04 03:02:29.814  6202 13432 I PBSessionCacheImpl: Deleted sessionId[27278280657311515] from persistence.
08-04 03:02:29.817  6202  6241 W SearchServiceCore: Abort, client detached.
08-04 03:02:29.817  6202  6241 I MicroDetectionState: Should stop hotword detection immediately - true
08-04 03:02:29.822 31658 31658 W art     : Before Android 4.1, method android.graphics.PorterDuffColorFilter androidx.vectordrawable.graphics.drawable.VectorDrawableCompat.updateTintFilter(android.graphics.PorterDuffColorFilter, android.content.res.ColorStateList, android.graphics.PorterDuff$Mode) would have incorrectly overridden the package-private method in android.graphics.drawable.Drawable
08-04 03:02:29.837 23593 23593 I Finsky  : [1] uah.a(18): PackageMonitorReceiverImpl - Received: android.intent.action.PACKAGE_ADDED, [jsPREe6yOOhrMreoEvcpPvP36yUmihacpIgcKsaLph8]
08-04 03:02:29.838 23593 23593 I Finsky  : [1] ubi.d(9): Invalidating cached PackageState for baseline.com.ak.uobtimetable
08-04 03:02:29.840 23593 23593 I Finsky  : [1] lzi.c(2): Frosting ID looked up on UI thread. Caller should move to a background thread.
08-04 03:02:29.847 31658 31658 I art     : Rejecting re-init on previously-failed class java.lang.Class<androidx.core.view.ViewCompat$OnUnhandledKeyEventListenerWrapper>
08-04 03:02:29.847 31658 31658 I art     : Rejecting re-init on previously-failed class java.lang.Class<androidx.core.view.ViewCompat$OnUnhandledKeyEventListenerWrapper>
08-04 03:02:29.848 23593 23593 I Finsky  : [1] agsx.a(4): Do not start WearSupportService due to Wear service optimization
08-04 03:02:29.886 23593 31656 I Finsky  : [5713] ejc.a(-1): Asset module broadcast after update successful for package baseline.com.ak.uobtimetable. 0 sessions broadcast.
08-04 03:02:29.904   918  5132 W ActivityManager: Unbind failed: could not find connection for android.os.BinderProxy@20c5baf
08-04 03:02:29.909 23593 31647 I Finsky  : [5712] gzn.a(-1): [ContentSync] finished, scheduled=false
08-04 03:02:29.911 31658 31658 D MainActivity: onCreate
08-04 03:02:29.911 31658 31658 I SettingsManager: Getting string: savedSessions
08-04 03:02:29.911 31658 31658 I Settings: No saved sessions
08-04 03:02:29.912 23593 23593 I Finsky  : [1] lzi.c(2): Frosting ID looked up on UI thread. Caller should move to a background thread.
08-04 03:02:29.913 24577 24621 E GmsClient: unable to connect to service: com.google.android.gms.auth.key.retrieval.service.START on com.google.android.gms
08-04 03:02:29.930   918  6111 I AccountManagerService: getTypesVisibleToCaller: isPermitted? true
08-04 03:02:29.932 24577 31644 I ChromeSync: [Persistence,AffiliationManager] One of affiliation or grouping data for android://bz0hZa4nAJEtd0n5sRlXG7KAqctUMWVefv7Ki4mh1p6slZ9YO-n9gS9j8m9YCrsIyI2wIxrDHraumF9Y6pBLTA==@baseline.com.ak.uobtimetable/ was not found. Marking affiliation data as stale...
08-04 03:02:29.942 31658 31658 I SettingsManager: Getting string: savedCourse
08-04 03:02:29.944   918  3714 I ActivityManager: START u0 {flg=0x14000000 cmp=baseline.com.ak.uobtimetable/.WelcomeActivity} from uid 10659 on display 0
08-04 03:02:29.954 31658 31658 D MainActivity: OnResume
08-04 03:02:29.961 31658 31681 D OpenGLRenderer: Use EGL_SWAP_BEHAVIOR_PRESERVED: true
08-04 03:02:29.968 31658 31658 D MainActivity: OnPause
08-04 03:02:30.017   918  4400 I AccountManagerService: getTypesVisibleToCaller: isPermitted? true
08-04 03:02:30.056 24577 31648 I FontLog : Package baseline.com.ak.uobtimetable has no metadata [CONTEXT service_id=132 ]
08-04 03:02:30.084 31658 31681 I Adreno  : QUALCOMM build                   : fcf4852, I1af360237c
08-04 03:02:30.084 31658 31681 I Adreno  : Build Date                       : 09/23/15
08-04 03:02:30.084 31658 31681 I Adreno  : OpenGL ES Shader Compiler Version: XE031.05.13.02
08-04 03:02:30.084 31658 31681 I Adreno  : Local Branch                     : mybranch14465806
08-04 03:02:30.084 31658 31681 I Adreno  : Remote Branch                    : quic/LA.BF64.1.2.9_v2
08-04 03:02:30.084 31658 31681 I Adreno  : Remote Branch                    : NONE
08-04 03:02:30.084 31658 31681 I Adreno  : Reconstruct Branch               : NOTHING
08-04 03:02:30.089 31658 31681 I OpenGLRenderer: Initialized EGL, version 1.4
08-04 03:02:30.090 23593 31635 I Finsky  : [5711] lyv.run(-1): Wrote row to frosting DB: 2183
08-04 03:02:30.104 24577 13316 I Icing   : IndexChimeraService.getServiceInterface callingPackage=com.google.android.gms componentName=AppsCorpus serviceId=36
08-04 03:02:30.155 23593 23822 I Finsky  : [5682] odj.b(40): IQ: No matching installs to run for jobs: []
08-04 03:02:30.170 23593 31635 I Finsky  : [5711] lyv.run(-1): Wrote row to frosting DB: 2184
08-04 03:02:30.217 23593 31635 I Finsky  : [5711] lyv.run(-1): Wrote row to frosting DB: 2185
08-04 03:02:30.228 23593 23593 I Finsky  : [1] nly.a(-1): previousAllInstallsDone is Optional.empty, allInstallationsDone is Optional[true]
08-04 03:02:30.229 23593 23593 I Finsky  : [1] nly.a(-1): Updating installations status false cross profiles
08-04 03:02:30.229 23593 23593 I Finsky  : [1] hcq.b(1): Binding for 266078064
08-04 03:02:30.234 23593 31647 I Finsky  : [5712] gzn.a(-1): [ContentSync] finished, scheduled=true
08-04 03:02:30.235 23593 23593 I Finsky  : [1] ProfileStateService.onCreate(-1): creating profileStateService
08-04 03:02:30.240 23593 23593 I Finsky  : [1] xmu.a(8): SCH: Jobs in database: 1-1337 3-183 3-184 12-1 24-77777777 26-1414141414 
08-04 03:02:30.242 23593 23593 I Finsky  : [1] xio.a(57): SCH: ConstraintMapping: 24-77777777,  -> L: 0ms, D: 65250596ms, C: false, I: true, N: 0
08-04 03:02:30.245 23593 23593 I Finsky  : [1] xio.a(57): SCH: ConstraintMapping: 1-1337, 12-1,  -> L: 14454ms, D: 25402668ms, C: false, I: false, N: 1
08-04 03:02:30.246 23593 23593 I Finsky  : [1] xio.a(57): SCH: ConstraintMapping: 3-183,  -> L: 0ms, D: 85852106ms, C: false, I: true, N: 2
08-04 03:02:30.246 23593 23593 I Finsky  : [1] xio.a(57): SCH: ConstraintMapping: 3-184,  -> L: 0ms, D: 85852186ms, C: true, I: true, N: 2
08-04 03:02:30.247 23593 23593 I Finsky  : [1] xio.a(57): SCH: ConstraintMapping: 26-1414141414,  -> L: 29480222ms, D: 30380222ms, C: false, I: false, N: 0
08-04 03:02:30.248   918   936 I ActivityManager: Displayed baseline.com.ak.uobtimetable/.WelcomeActivity: +269ms (total +531ms)
08-04 03:02:30.250 13866 13866 I GoogleInputMethodServic: GoogleInputMethodService.onFinishInput():3138 
08-04 03:02:30.251 13866 13866 I GoogleInputMethodServic: GoogleInputMethodService.onStartInput():1808 
08-04 03:02:30.271 23593 23593 I Finsky  : [1] xle.a(34): Cancelling existing jobscheduler jobs: 9004 9016 9010 9006 9003 9005 9002 9015 9001 9013 
08-04 03:02:30.272 23593 23593 I Finsky  : [1] xle.a(27): Scheduling job Id: 9000, L: 0, D: 65250596, C: false, I: true, N: 0
08-04 03:02:30.275 23593 23593 I Finsky  : [1] xle.a(27): Scheduling job Id: 9007, L: 14454, D: 25402668, C: false, I: false, N: 1
08-04 03:02:30.278 23593 23593 I Finsky  : [1] xle.a(27): Scheduling job Id: 9008, L: 0, D: 85852106, C: false, I: true, N: 2
08-04 03:02:30.279 23593 23593 I Finsky  : [1] xle.a(27): Scheduling job Id: 9009, L: 0, D: 85852186, C: true, I: true, N: 2
08-04 03:02:30.281 23593 23593 I Finsky  : [1] xle.a(27): Scheduling job Id: 9011, L: 29480222, D: 30380222, C: false, I: false, N: 0
08-04 03:02:30.282 23593 23593 I Finsky  : [1] xle.a(27): Scheduling job Id: 9012, L: 0, D: 65250596, C: false, I: true, N: 0
08-04 03:02:30.283 23593 23593 I Finsky  : [1] xle.a(27): Scheduling job Id: 9014, L: 14454, D: 25402668, C: false, I: false, N: 1
08-04 03:02:30.284 23593 23593 I Finsky  : [1] xle.a(27): Scheduling job Id: 9017, L: 0, D: 85852106, C: false, I: true, N: 2
08-04 03:02:30.285 23593 23593 I Finsky  : [1] xle.a(27): Scheduling job Id: 9018, L: 0, D: 85852186, C: true, I: true, N: 2
08-04 03:02:30.287 23593 23593 I Finsky  : [1] xle.a(27): Scheduling job Id: 9019, L: 29480222, D: 30380222, C: false, I: false, N: 0
08-04 03:02:30.288 23593 23593 I Finsky  : [1] hci.a(3): Registering listener 79407631 for user UserHandle{0}.
08-04 03:02:30.290 23593 23593 I Finsky  : [1] hci.c(8): User UserHandle{0} finished enterprise setup, removing profile.
08-04 03:02:30.290 23593 23593 I Finsky  : [1] hci.b(14): User UserHandle{0} is not in installation anymore, removing profile.
08-04 03:02:30.290 23593 23593 I Finsky  : [1] hci.b(22): Notifying user UserHandle{0} that all installs are finished
08-04 03:02:30.291 23593 23593 I Finsky  : [1] hcq.d(1): unbinding for 266078064
08-04 03:02:30.305 23593 31691 I Finsky  : [5721] hci.b(5): Removing listener for user UserHandle{0} and listener 79407631
08-04 03:02:30.344   918  6111 I AccountManagerService: getTypesVisibleToCaller: isPermitted? true
08-04 03:02:30.354 24577 28580 W Icing   : No valid account for uploading user actions
08-04 03:02:30.389 24577 13316 I Icing   : IndexChimeraService.getServiceInterface callingPackage=com.google.android.gms componentName=null serviceId=30
08-04 03:02:30.473 24577 28580 I Icing   : Usage reports ok 2, Failed Usage reports 0, indexed 0, rejected 0
08-04 03:02:30.478 24577 28580 W Icing   : No valid account for uploading user actions
08-04 03:02:30.497 24577 28580 I Icing   : Usage reports ok 0, Failed Usage reports 0, indexed 0, rejected 0
08-04 03:02:30.498 24577 28580 I Icing   : Indexing com.google.android.gms-internal.3p:MobileApplication from com.google.android.gms using seqno 763
08-04 03:02:30.501 24577 28580 I Icing   : Indexing com.google.android.gms-internal.3p:MobileApplication from com.google.android.gms using seqno 763
08-04 03:02:30.513 31658 31658 D MainActivity: Saving state
08-04 03:02:30.537 24577 13316 I Icing   : IndexChimeraService.getServiceInterface callingPackage=com.google.android.gms componentName=null serviceId=36
08-04 03:02:30.539 24365 24365 I Herrevad: [1] abng.a: updateListenState
08-04 03:02:30.542 24577 28580 W Icing   : No valid account for uploading user actions
08-04 03:02:30.557 24577 28580 I Icing   : Usage reports ok 0, Failed Usage reports 0, indexed 0, rejected 0
08-04 03:02:30.565 31596 31609 I Filament: Filament library loaded.
08-04 03:02:30.572 31596 31624 I Adreno  : QUALCOMM build                   : fcf4852, I1af360237c
08-04 03:02:30.572 31596 31624 I Adreno  : Build Date                       : 09/23/15
08-04 03:02:30.572 31596 31624 I Adreno  : OpenGL ES Shader Compiler Version: XE031.05.13.02
08-04 03:02:30.572 31596 31624 I Adreno  : Local Branch                     : mybranch14465806
08-04 03:02:30.572 31596 31624 I Adreno  : Remote Branch                    : quic/LA.BF64.1.2.9_v2
08-04 03:02:30.572 31596 31624 I Adreno  : Remote Branch                    : NONE
08-04 03:02:30.572 31596 31624 I Adreno  : Reconstruct Branch               : NOTHING
08-04 03:02:30.577 31596 31619 E linker  : readlink('/proc/self/fd/25') failed: Permission denied [fd=25]
08-04 03:02:30.577 31596 31619 E linker  : warning: unable to get realpath for the library "/data/data/com.google.android.gms/app_chimera/m/00000039/oat/arm64/DynamiteLoader.odex". Will use given name.
08-04 03:02:30.646 31596 31619 I DynamiteLoaderV2: [71] Cronetdynamite
08-04 03:02:30.659 31596 31619 E linker  : readlink('/proc/self/fd/26') failed: Permission denied [fd=26]
08-04 03:02:30.659 31596 31619 E linker  : warning: unable to get realpath for the library "/data/data/com.google.android.gms/app_chimera/m/00000038/oat/arm64/CronetDynamite.odex". Will use given name.
08-04 03:02:30.755 31596 31619 E linker  : readlink('/proc/self/fd/33') failed: Permission denied [fd=33]
08-04 03:02:30.755 31596 31619 E linker  : warning: unable to get realpath for the library "/data/data/com.google.android.gms/app_chimera/m/00000038/n/arm64-v8a/libcronet.83.0.4103.106.so". Will use given name.
08-04 03:02:30.771   918  4413 D ConnectivityService: listenForNetwork for Listen from uid/pid:10058/31596 for NetworkRequest [ id=2572, legacyType=-1, [ Capabilities: INTERNET&NOT_RESTRICTED&TRUSTED] ]
08-04 03:02:30.808 31596 31619 I cr_CronetLibraryLoader: Cronet version: 83.0.4103.106, arch: aarch64
08-04 03:02:30.903 31596 31713 I art     : Rejecting re-init on previously-failed class java.lang.Class<xlp>
08-04 03:02:30.904 31596 31713 I art     : Rejecting re-init on previously-failed class java.lang.Class<xlp>
08-04 03:02:30.904 31596 31713 I art     : Rejecting re-init on previously-failed class java.lang.Class<xlp>
08-04 03:02:30.904 31596 31713 I art     : Rejecting re-init on previously-failed class java.lang.Class<xlp>
08-04 03:02:30.921 31596 31713 I art     : Rejecting re-init on previously-failed class java.lang.Class<xlp>
08-04 03:02:30.931   918   935 D BluetoothManagerService: Added callback: android.bluetooth.IBluetoothManagerCallback$Stub$Proxy@2e80d44:true
08-04 03:02:31.052 31596 31721 I DynamiteLoaderV2: [71] Measurementdynamite
08-04 03:02:31.054 31596 31721 E linker  : readlink('/proc/self/fd/60') failed: Permission denied [fd=60]
08-04 03:02:31.054 31596 31721 E linker  : warning: unable to get realpath for the library "/data/data/com.google.android.gms/app_chimera/m/0000003e/oat/arm64/MeasurementDynamite.odex". Will use given name.
08-04 03:02:31.055 31596 31721 W System  : ClassLoader referenced unknown path: /data/data/com.google.android.gms/app_chimera/m/0000003e/n/arm64-v8a
08-04 03:02:31.226 31716 31716 D AndroidRuntime: >>>>>> START com.android.internal.os.RuntimeInit uid 2000 <<<<<<
08-04 03:02:31.230 31716 31716 D AndroidRuntime: CheckJNI is OFF
08-04 03:02:31.255 31716 31716 D ICU     : No timezone override file found: /data/misc/zoneinfo/current/icu/icu_tzdata.dat
08-04 03:02:31.280 31716 31716 I Radio-JNI: register_android_hardware_Radio DONE
08-04 03:02:31.295 31716 31716 D AndroidRuntime: Calling main entry com.android.commands.am.Am
08-04 03:02:31.301  8825  8825 I Trepn   : Trepn 6.2s: Received intent: com.quicinc.trepn.start_profiling
08-04 03:02:31.382  8825  8825 W FileUtils: Failed to chmod(/storage/emulated/0/trepn/Trepn_2020.08.04_030231.db): android.system.ErrnoException: chmod failed: EPERM (Operation not permitted)
08-04 03:02:31.405 24365  4796 I GeofencerStateMachine: removeGeofences: removeRequest=RemoveGeofencingRequest[REMOVE_BY_IDS Ids=[atn_geofence_request_id], packageName=com.google.android.apps.maps]
08-04 03:02:31.476 24577 28580 I Icing   : Indexing com.google.android.gms-apps from com.google.android.gms
08-04 03:02:31.533  8825  8825 I Trepn   : Trepn 6.2s: Trepn has Started Profiling.
08-04 03:02:31.534 31716 31716 D AndroidRuntime: Shutting down VM
08-04 03:02:31.557 24577 28580 I Icing   : Indexing done com.google.android.gms-apps
08-04 03:02:31.567 31596 31736 I FA      : App measurement initialized, version: 29027
08-04 03:02:31.568 31596 31736 I FA      : To enable debug logging run: adb shell setprop log.tag.FA VERBOSE
08-04 03:02:31.568 31596 31736 I FA      : To enable faster debug mode event logging run:
08-04 03:02:31.568 31596 31736 I FA      :   adb shell setprop debug.firebase.analytics.app com.google.android.apps.maps
08-04 03:02:31.967 31658 31670 I art     : Starting a blocking GC Explicit
08-04 03:02:32.001 31658 31670 I art     : Explicit concurrent mark sweep GC freed 25945(2MB) AllocSpace objects, 3(1360KB) LOS objects, 40% free, 21MB/36MB, paused 183us total 34.156ms
08-04 03:02:32.007 31658 31670 I art     : Starting a blocking GC Explicit
08-04 03:02:32.018 31658 31670 I art     : Explicit concurrent mark sweep GC freed 582(26KB) AllocSpace objects, 0(0B) LOS objects, 40% free, 21MB/36MB, paused 104us total 10.398ms
08-04 03:02:32.024 31658 31670 I art     : Starting a blocking GC Explicit
08-04 03:02:32.035 31658 31670 I art     : Explicit concurrent mark sweep GC freed 3(96B) AllocSpace objects, 0(0B) LOS objects, 40% free, 21MB/36MB, paused 109us total 10.337ms
08-04 03:02:32.041 31658 31670 I art     : Starting a blocking GC Explicit
08-04 03:02:32.051 31658 31670 I art     : Explicit concurrent mark sweep GC freed 3(96B) AllocSpace objects, 0(0B) LOS objects, 40% free, 21MB/36MB, paused 93us total 10.151ms
08-04 03:02:32.057 31658 31670 I art     : Starting a blocking GC Explicit
08-04 03:02:32.067 31658 31670 I art     : Explicit concurrent mark sweep GC freed 3(96B) AllocSpace objects, 0(0B) LOS objects, 40% free, 21MB/36MB, paused 98us total 9.967ms
08-04 03:02:32.339 31658 31693 I art     : Starting a blocking GC Explicit
08-04 03:02:32.354 31658 31693 I art     : Explicit concurrent mark sweep GC freed 1274(74KB) AllocSpace objects, 1(20KB) LOS objects, 40% free, 21MB/36MB, paused 137us total 14.984ms
08-04 03:02:32.364 31658 31693 I art     : Starting a blocking GC Explicit
08-04 03:02:32.374 31658 31693 I art     : Explicit concurrent mark sweep GC freed 18(624B) AllocSpace objects, 0(0B) LOS objects, 40% free, 21MB/36MB, paused 99us total 10.530ms
08-04 03:02:32.381 31658 31693 I art     : Starting a blocking GC Explicit
08-04 03:02:32.390 31658 31693 I art     : Explicit concurrent mark sweep GC freed 3(96B) AllocSpace objects, 0(0B) LOS objects, 40% free, 21MB/36MB, paused 92us total 9.503ms
08-04 03:02:32.396 31658 31693 I art     : Starting a blocking GC Explicit
08-04 03:02:32.405 31658 31693 I art     : Explicit concurrent mark sweep GC freed 3(96B) AllocSpace objects, 0(0B) LOS objects, 40% free, 21MB/36MB, paused 89us total 9.112ms
08-04 03:02:32.410 31658 31693 I art     : Starting a blocking GC Explicit
08-04 03:02:32.419 31658 31693 I art     : Explicit concurrent mark sweep GC freed 3(96B) AllocSpace objects, 0(0B) LOS objects, 40% free, 21MB/36MB, paused 88us total 9.091ms
08-04 03:02:32.711 31658 31669 I art     : Starting a blocking GC Explicit
08-04 03:02:32.727 31658 31669 I art     : Explicit concurrent mark sweep GC freed 1270(74KB) AllocSpace objects, 1(20KB) LOS objects, 40% free, 21MB/36MB, paused 132us total 15.400ms
08-04 03:02:32.737 31658 31669 I art     : Starting a blocking GC Explicit
08-04 03:02:32.748 31658 31669 I art     : Explicit concurrent mark sweep GC freed 18(624B) AllocSpace objects, 0(0B) LOS objects, 40% free, 21MB/36MB, paused 94us total 10.653ms
08-04 03:02:32.754 31658 31669 I art     : Starting a blocking GC Explicit
08-04 03:02:32.765 31658 31669 I art     : Explicit concurrent mark sweep GC freed 3(96B) AllocSpace objects, 0(0B) LOS objects, 40% free, 21MB/36MB, paused 91us total 10.501ms
08-04 03:02:32.771 31658 31669 I art     : Starting a blocking GC Explicit
08-04 03:02:32.781 31658 31669 I art     : Explicit concurrent mark sweep GC freed 3(96B) AllocSpace objects, 0(0B) LOS objects, 40% free, 21MB/36MB, paused 89us total 10.125ms
08-04 03:02:32.788 31658 31669 I art     : Starting a blocking GC Explicit
08-04 03:02:32.798 31658 31669 I art     : Explicit concurrent mark sweep GC freed 3(96B) AllocSpace objects, 0(0B) LOS objects, 40% free, 21MB/36MB, paused 88us total 9.933ms
08-04 03:02:33.097 31658 31670 I art     : Starting a blocking GC Explicit
08-04 03:02:33.110 31658 31670 I art     : Explicit concurrent mark sweep GC freed 1268(74KB) AllocSpace objects, 1(20KB) LOS objects, 40% free, 21MB/36MB, paused 105us total 12.484ms
08-04 03:02:33.116 31658 31670 I art     : Starting a blocking GC Explicit
08-04 03:02:33.127 31658 31670 I art     : Explicit concurrent mark sweep GC freed 18(624B) AllocSpace objects, 0(0B) LOS objects, 40% free, 21MB/36MB, paused 226us total 10.907ms
08-04 03:02:33.133 31658 31670 I art     : Starting a blocking GC Explicit
08-04 03:02:33.144 31658 31670 I art     : Explicit concurrent mark sweep GC freed 3(96B) AllocSpace objects, 0(0B) LOS objects, 40% free, 21MB/36MB, paused 94us total 10.345ms
08-04 03:02:33.150 31658 31670 I art     : Starting a blocking GC Explicit
08-04 03:02:33.160 31658 31670 I art     : Explicit concurrent mark sweep GC freed 3(96B) AllocSpace objects, 0(0B) LOS objects, 40% free, 21MB/36MB, paused 97us total 10.355ms
08-04 03:02:33.166 31658 31670 I art     : Starting a blocking GC Explicit
08-04 03:02:33.177 31658 31670 I art     : Explicit concurrent mark sweep GC freed 3(96B) AllocSpace objects, 0(0B) LOS objects, 40% free, 21MB/36MB, paused 203us total 10.136ms
08-04 03:02:33.477 31658 31693 I art     : Starting a blocking GC Explicit
08-04 03:02:33.495 31658 31693 I art     : Explicit concurrent mark sweep GC freed 1268(74KB) AllocSpace objects, 1(20KB) LOS objects, 40% free, 21MB/36MB, paused 137us total 17.015ms
08-04 03:02:33.502 31658 31693 I art     : Starting a blocking GC Explicit
08-04 03:02:33.514 31658 31693 I art     : Explicit concurrent mark sweep GC freed 18(624B) AllocSpace objects, 0(0B) LOS objects, 40% free, 21MB/36MB, paused 103us total 11.422ms
08-04 03:02:33.520 31658 31693 I art     : Starting a blocking GC Explicit
08-04 03:02:33.531 31658 31693 I art     : Explicit concurrent mark sweep GC freed 3(96B) AllocSpace objects, 0(0B) LOS objects, 40% free, 21MB/36MB, paused 98us total 10.611ms
08-04 03:02:33.537 31658 31693 I art     : Starting a blocking GC Explicit
08-04 03:02:33.547 31658 31693 I art     : Explicit concurrent mark sweep GC freed 3(96B) AllocSpace objects, 0(0B) LOS objects, 40% free, 21MB/36MB, paused 93us total 9.819ms
08-04 03:02:33.553 31658 31693 I art     : Starting a blocking GC Explicit
08-04 03:02:33.563 31658 31693 I art     : Explicit concurrent mark sweep GC freed 3(96B) AllocSpace objects, 0(0B) LOS objects, 40% free, 21MB/36MB, paused 95us total 9.774ms
08-04 03:02:33.859 31658 31669 I art     : Starting a blocking GC Explicit
08-04 03:02:33.875 31658 31669 I art     : Explicit concurrent mark sweep GC freed 1268(74KB) AllocSpace objects, 1(20KB) LOS objects, 40% free, 21MB/36MB, paused 128us total 16.048ms
08-04 03:02:33.886 31658 31669 I art     : Starting a blocking GC Explicit
08-04 03:02:33.899 31658 31669 I art     : Explicit concurrent mark sweep GC freed 18(624B) AllocSpace objects, 0(0B) LOS objects, 40% free, 21MB/36MB, paused 112us total 13.249ms
08-04 03:02:33.908 31658 31669 I art     : Starting a blocking GC Explicit
08-04 03:02:33.918 31658 31669 I art     : Explicit concurrent mark sweep GC freed 3(96B) AllocSpace objects, 0(0B) LOS objects, 40% free, 21MB/36MB, paused 94us total 10.028ms
08-04 03:02:33.924 31658 31669 I art     : Starting a blocking GC Explicit
08-04 03:02:33.935 31658 31669 I art     : Explicit concurrent mark sweep GC freed 3(96B) AllocSpace objects, 0(0B) LOS objects, 40% free, 21MB/36MB, paused 90us total 10.138ms
08-04 03:02:33.941 31658 31669 I art     : Starting a blocking GC Explicit
08-04 03:02:33.950 31658 31669 I art     : Explicit concurrent mark sweep GC freed 3(96B) AllocSpace objects, 0(0B) LOS objects, 40% free, 21MB/36MB, paused 93us total 9.764ms
08-04 03:02:34.233 31658 31670 I art     : Starting a blocking GC Explicit
08-04 03:02:34.245 31658 31670 I art     : Explicit concurrent mark sweep GC freed 1268(74KB) AllocSpace objects, 1(20KB) LOS objects, 40% free, 21MB/36MB, paused 106us total 11.349ms
08-04 03:02:34.250 31658 31670 I art     : Starting a blocking GC Explicit
08-04 03:02:34.260 31658 31670 I art     : Explicit concurrent mark sweep GC freed 18(624B) AllocSpace objects, 0(0B) LOS objects, 40% free, 21MB/36MB, paused 94us total 9.593ms
08-04 03:02:34.266 31658 31670 I art     : Starting a blocking GC Explicit
08-04 03:02:34.277 31658 31670 I art     : Explicit concurrent mark sweep GC freed 3(96B) AllocSpace objects, 0(0B) LOS objects, 40% free, 21MB/36MB, paused 149us total 10.357ms
08-04 03:02:34.282 31658 31670 I art     : Starting a blocking GC Explicit
08-04 03:02:34.292 31658 31670 I art     : Explicit concurrent mark sweep GC freed 3(96B) AllocSpace objects, 0(0B) LOS objects, 40% free, 21MB/36MB, paused 97us total 10.054ms
08-04 03:02:34.298 31658 31670 I art     : Starting a blocking GC Explicit
08-04 03:02:34.308 31658 31670 I art     : Explicit concurrent mark sweep GC freed 3(96B) AllocSpace objects, 0(0B) LOS objects, 40% free, 21MB/36MB, paused 91us total 9.905ms
08-04 03:02:34.571   918  3261 D WifiStateMachine: starting scan for "H369AA63323"WPA_PSK with 2412,5180
08-04 03:02:34.606 31658 31693 I art     : Starting a blocking GC Explicit
08-04 03:02:34.621 31658 31693 I art     : Explicit concurrent mark sweep GC freed 1268(74KB) AllocSpace objects, 1(20KB) LOS objects, 40% free, 21MB/36MB, paused 126us total 14.888ms
08-04 03:02:34.630 31658 31693 I art     : Starting a blocking GC Explicit
08-04 03:02:34.641 31658 31693 I art     : Explicit concurrent mark sweep GC freed 18(624B) AllocSpace objects, 0(0B) LOS objects, 40% free, 21MB/36MB, paused 102us total 10.404ms
08-04 03:02:34.647 31658 31693 I art     : Starting a blocking GC Explicit
08-04 03:02:34.657 31658 31693 I art     : Explicit concurrent mark sweep GC freed 3(96B) AllocSpace objects, 0(0B) LOS objects, 40% free, 21MB/36MB, paused 96us total 10.077ms
08-04 03:02:34.664 31658 31693 I art     : Starting a blocking GC Explicit
08-04 03:02:34.673 31658 31693 I art     : Explicit concurrent mark sweep GC freed 3(96B) AllocSpace objects, 0(0B) LOS objects, 40% free, 21MB/36MB, paused 97us total 9.508ms
08-04 03:02:34.679 31658 31693 I art     : Starting a blocking GC Explicit
08-04 03:02:34.689 31658 31693 I art     : Explicit concurrent mark sweep GC freed 3(96B) AllocSpace objects, 0(0B) LOS objects, 40% free, 21MB/36MB, paused 95us total 9.624ms
08-04 03:02:34.992 31658 31669 I art     : Starting a blocking GC Explicit
08-04 03:02:35.008 31658 31669 I art     : Explicit concurrent mark sweep GC freed 1268(74KB) AllocSpace objects, 1(20KB) LOS objects, 40% free, 21MB/36MB, paused 114us total 15.690ms
08-04 03:02:35.018 31658 31669 I art     : Starting a blocking GC Explicit
08-04 03:02:35.031 31658 31669 I art     : Explicit concurrent mark sweep GC freed 18(624B) AllocSpace objects, 0(0B) LOS objects, 40% free, 21MB/36MB, paused 111us total 12.965ms
08-04 03:02:35.039 31658 31669 I art     : Starting a blocking GC Explicit
08-04 03:02:35.049 31658 31669 I art     : Explicit concurrent mark sweep GC freed 3(96B) AllocSpace objects, 0(0B) LOS objects, 40% free, 21MB/36MB, paused 90us total 10.169ms
08-04 03:02:35.055 31658 31669 I art     : Starting a blocking GC Explicit
08-04 03:02:35.066 31658 31669 I art     : Explicit concurrent mark sweep GC freed 3(96B) AllocSpace objects, 0(0B) LOS objects, 40% free, 21MB/36MB, paused 239us total 10.451ms
08-04 03:02:35.072 31658 31669 I art     : Starting a blocking GC Explicit
08-04 03:02:35.082 31658 31669 I art     : Explicit concurrent mark sweep GC freed 3(96B) AllocSpace objects, 0(0B) LOS objects, 40% free, 21MB/36MB, paused 91us total 9.786ms
08-04 03:02:35.379 31658 31670 I art     : Starting a blocking GC Explicit
08-04 03:02:35.394 31658 31670 I art     : Explicit concurrent mark sweep GC freed 1268(74KB) AllocSpace objects, 1(20KB) LOS objects, 40% free, 21MB/36MB, paused 135us total 14.826ms
08-04 03:02:35.403 31658 31670 I art     : Starting a blocking GC Explicit
08-04 03:02:35.417 31658 31670 I art     : Explicit concurrent mark sweep GC freed 18(624B) AllocSpace objects, 0(0B) LOS objects, 40% free, 21MB/36MB, paused 110us total 13.052ms
08-04 03:02:35.426 31658 31670 I art     : Starting a blocking GC Explicit
08-04 03:02:35.437 31658 31670 I art     : Explicit concurrent mark sweep GC freed 3(96B) AllocSpace objects, 0(0B) LOS objects, 40% free, 21MB/36MB, paused 98us total 10.113ms
08-04 03:02:35.442 31658 31670 I art     : Starting a blocking GC Explicit
08-04 03:02:35.453 31658 31670 I art     : Explicit concurrent mark sweep GC freed 3(96B) AllocSpace objects, 0(0B) LOS objects, 40% free, 21MB/36MB, paused 98us total 10.057ms
08-04 03:02:35.459 31658 31670 I art     : Starting a blocking GC Explicit
08-04 03:02:35.469 31658 31670 I art     : Explicit concurrent mark sweep GC freed 3(96B) AllocSpace objects, 0(0B) LOS objects, 40% free, 21MB/36MB, paused 93us total 9.807ms
08-04 03:02:35.723 31658 31693 I art     : Starting a blocking GC Explicit
08-04 03:02:35.735 31658 31693 I art     : Explicit concurrent mark sweep GC freed 1268(74KB) AllocSpace objects, 1(20KB) LOS objects, 40% free, 21MB/36MB, paused 108us total 12.336ms
08-04 03:02:35.742 31658 31693 I art     : Starting a blocking GC Explicit
08-04 03:02:35.753 31658 31693 I art     : Explicit concurrent mark sweep GC freed 18(624B) AllocSpace objects, 0(0B) LOS objects, 40% free, 21MB/36MB, paused 102us total 10.591ms
08-04 03:02:35.759 31658 31693 I art     : Starting a blocking GC Explicit
08-04 03:02:35.768 31658 31693 I art     : Explicit concurrent mark sweep GC freed 3(96B) AllocSpace objects, 0(0B) LOS objects, 40% free, 21MB/36MB, paused 88us total 9.345ms
08-04 03:02:35.774 31658 31693 I art     : Starting a blocking GC Explicit
08-04 03:02:35.782 31658 31693 I art     : Explicit concurrent mark sweep GC freed 3(96B) AllocSpace objects, 0(0B) LOS objects, 40% free, 21MB/36MB, paused 85us total 8.652ms
08-04 03:02:35.788 31658 31693 I art     : Starting a blocking GC Explicit
08-04 03:02:35.796 31658 31693 I art     : Explicit concurrent mark sweep GC freed 3(96B) AllocSpace objects, 0(0B) LOS objects, 40% free, 21MB/36MB, paused 130us total 8.693ms
08-04 03:02:36.067 31658 31669 I art     : Starting a blocking GC Explicit
08-04 03:02:36.080 31658 31669 I art     : Explicit concurrent mark sweep GC freed 1268(74KB) AllocSpace objects, 1(20KB) LOS objects, 40% free, 21MB/36MB, paused 102us total 12.472ms
08-04 03:02:36.087 31658 31669 I art     : Starting a blocking GC Explicit
08-04 03:02:36.097 31658 31669 I art     : Explicit concurrent mark sweep GC freed 18(624B) AllocSpace objects, 0(0B) LOS objects, 40% free, 21MB/36MB, paused 100us total 10.691ms
08-04 03:02:36.104 31658 31669 I art     : Starting a blocking GC Explicit
08-04 03:02:36.114 31658 31669 I art     : Explicit concurrent mark sweep GC freed 3(96B) AllocSpace objects, 0(0B) LOS objects, 40% free, 21MB/36MB, paused 88us total 9.987ms
08-04 03:02:36.120 31658 31669 I art     : Starting a blocking GC Explicit
08-04 03:02:36.130 31658 31669 I art     : Explicit concurrent mark sweep GC freed 3(96B) AllocSpace objects, 0(0B) LOS objects, 40% free, 21MB/36MB, paused 92us total 10.235ms
08-04 03:02:36.137 31658 31669 I art     : Starting a blocking GC Explicit
08-04 03:02:36.147 31658 31669 I art     : Explicit concurrent mark sweep GC freed 3(96B) AllocSpace objects, 0(0B) LOS objects, 40% free, 21MB/36MB, paused 107us total 9.870ms
08-04 03:02:36.400 31658 31670 I art     : Starting a blocking GC Explicit
08-04 03:02:36.411 31658 31670 I art     : Explicit concurrent mark sweep GC freed 1268(74KB) AllocSpace objects, 1(20KB) LOS objects, 40% free, 21MB/36MB, paused 110us total 11.085ms
08-04 03:02:36.418 31658 31670 I art     : Starting a blocking GC Explicit
08-04 03:02:36.428 31658 31670 I art     : Explicit concurrent mark sweep GC freed 18(624B) AllocSpace objects, 0(0B) LOS objects, 40% free, 21MB/36MB, paused 100us total 10.501ms
08-04 03:02:36.434 31658 31670 I art     : Starting a blocking GC Explicit
08-04 03:02:36.444 31658 31670 I art     : Explicit concurrent mark sweep GC freed 3(96B) AllocSpace objects, 0(0B) LOS objects, 40% free, 21MB/36MB, paused 91us total 9.738ms
08-04 03:02:36.450 31658 31670 I art     : Starting a blocking GC Explicit
08-04 03:02:36.460 31658 31670 I art     : Explicit concurrent mark sweep GC freed 3(96B) AllocSpace objects, 0(0B) LOS objects, 40% free, 21MB/36MB, paused 110us total 9.694ms
08-04 03:02:36.466 31658 31670 I art     : Starting a blocking GC Explicit
08-04 03:02:36.474 31658 31670 I art     : Explicit concurrent mark sweep GC freed 3(96B) AllocSpace objects, 0(0B) LOS objects, 40% free, 21MB/36MB, paused 95us total 8.823ms
08-04 03:02:36.653 31893 31893 D AndroidRuntime: >>>>>> START com.android.internal.os.RuntimeInit uid 2000 <<<<<<
08-04 03:02:36.657 31893 31893 D AndroidRuntime: CheckJNI is OFF
08-04 03:02:36.671 31596 31736 W ConnectionTracker: Exception thrown while unbinding
08-04 03:02:36.671 31596 31736 W ConnectionTracker: java.lang.IllegalArgumentException: Service not registered: lu@3a465ed
08-04 03:02:36.671 31596 31736 W ConnectionTracker: 	at android.app.LoadedApk.forgetServiceDispatcher(LoadedApk.java:1044)
08-04 03:02:36.671 31596 31736 W ConnectionTracker: 	at android.app.ContextImpl.unbindService(ContextImpl.java:1337)
08-04 03:02:36.671 31596 31736 W ConnectionTracker: 	at android.content.ContextWrapper.unbindService(ContextWrapper.java:616)
08-04 03:02:36.671 31596 31736 W ConnectionTracker: 	at cg.b(:com.google.android.gms.dynamite_measurementdynamite@202614048@20.26.14 (040400-0):1)
08-04 03:02:36.671 31596 31736 W ConnectionTracker: 	at cg.a(:com.google.android.gms.dynamite_measurementdynamite@202614048@20.26.14 (040400-0):6)
08-04 03:02:36.671 31596 31736 W ConnectionTracker: 	at lv.A(:com.google.android.gms.dynamite_measurementdynamite@202614048@20.26.14 (040400-0):10)
08-04 03:02:36.671 31596 31736 W ConnectionTracker: 	at lg.a(:com.google.android.gms.dynamite_measurementdynamite@202614048@20.26.14 (040400-0):3)
08-04 03:02:36.671 31596 31736 W ConnectionTracker: 	at dz.run(:com.google.android.gms.dynamite_measurementdynamite@202614048@20.26.14 (040400-0):3)
08-04 03:02:36.671 31596 31736 W ConnectionTracker: 	at java.util.concurrent.Executors$RunnableAdapter.call(Executors.java:423)
08-04 03:02:36.671 31596 31736 W ConnectionTracker: 	at java.util.concurrent.FutureTask.run(FutureTask.java:237)
08-04 03:02:36.671 31596 31736 W ConnectionTracker: 	at jb.run(:com.google.android.gms.dynamite_measurementdynamite@202614048@20.26.14 (040400-0):6)
08-04 03:02:36.681 31893 31893 D ICU     : No timezone override file found: /data/misc/zoneinfo/current/icu/icu_tzdata.dat
08-04 03:02:36.705 31893 31893 I Radio-JNI: register_android_hardware_Radio DONE
08-04 03:02:36.722 31893 31893 D AndroidRuntime: Calling main entry com.android.commands.input.Input
08-04 03:02:36.724 31893 31893 I Input   : injectMotionEvent: MotionEvent { action=ACTION_DOWN, actionButton=0, id[0]=0, x[0]=711.0, y[0]=1664.0, toolType[0]=TOOL_TYPE_UNKNOWN, buttonState=0, metaState=0, flags=0x0, edgeFlags=0x0, pointerCount=1, historySize=0, eventTime=673373137, downTime=673373137, deviceId=0, source=0x1002 }
08-04 03:02:36.728 31893 31893 I Input   : injectMotionEvent: MotionEvent { action=ACTION_UP, actionButton=0, id[0]=0, x[0]=711.0, y[0]=1664.0, toolType[0]=TOOL_TYPE_UNKNOWN, buttonState=0, metaState=0, flags=0x0, edgeFlags=0x0, pointerCount=1, historySize=0, eventTime=673373137, downTime=673373137, deviceId=0, source=0x1002 }
08-04 03:02:36.729 31893 31893 D AndroidRuntime: Shutting down VM
08-04 03:02:36.737   918  4413 I ActivityManager: START u0 {flg=0x14000000 cmp=baseline.com.ak.uobtimetable/.CourseListActivity} from uid 10659 on display 0
08-04 03:02:36.737   512  2967 D audio_hw_primary: out_set_parameters: enter: usecase(1: low-latency-playback) kvpairs: routing=2
08-04 03:02:36.738 31658 31693 I art     : Starting a blocking GC Explicit
08-04 03:02:36.750 31658 31693 I art     : Explicit concurrent mark sweep GC freed 1363(86KB) AllocSpace objects, 1(20KB) LOS objects, 40% free, 21MB/36MB, paused 120us total 12.140ms
08-04 03:02:36.750   512  2967 D audio_hw_primary: select_devices: out_snd_device(2: speaker) in_snd_device(0: none)
08-04 03:02:36.750   512  2967 D msm8974_platform: platform_send_audio_calibration: sending audio calibration for snd_device(2) acdb_id(15)
08-04 03:02:36.751   512  2967 I soundtrigger: audio_extn_sound_trigger_update_device_status: device 0x2 of type 0 for Event 1
08-04 03:02:36.757 31658 31693 I art     : Starting a blocking GC Explicit
08-04 03:02:36.763   512  2967 D audio_hw_primary: enable_snd_device: snd_device(2: speaker)
08-04 03:02:36.765   512  2967 D audio_hw_primary: enable_audio_route: apply and update mixer path: low-latency-playback speaker
08-04 03:02:36.768 31658 31693 I art     : Explicit concurrent mark sweep GC freed 1269(79KB) AllocSpace objects, 0(0B) LOS objects, 40% free, 21MB/36MB, paused 309us total 10.904ms
08-04 03:02:36.774 31658 31693 I art     : Starting a blocking GC Explicit
08-04 03:02:36.780 31658 31658 D CourseListActivity: onCreate
08-04 03:02:36.787 31658 31693 I art     : Explicit concurrent mark sweep GC freed 956(88KB) AllocSpace objects, 0(0B) LOS objects, 40% free, 21MB/36MB, paused 397us total 12.423ms
08-04 03:02:36.793 31658 31693 I art     : Starting a blocking GC Explicit
08-04 03:02:36.806 31658 31693 I art     : Explicit concurrent mark sweep GC freed 959(81KB) AllocSpace objects, 0(0B) LOS objects, 40% free, 22MB/36MB, paused 550us total 13.061ms
08-04 03:02:36.809 31658 31922 D HTTP    : Request for: https://uob-timetable-api.adriankeenan.co.uk/courses
08-04 03:02:36.812 31658 31693 I art     : Starting a blocking GC Explicit
08-04 03:02:36.823 31658 31693 I art     : Explicit concurrent mark sweep GC freed 436(50KB) AllocSpace objects, 0(0B) LOS objects, 40% free, 22MB/36MB, paused 175us total 11.568ms
08-04 03:02:36.876   918   936 I ActivityManager: Displayed baseline.com.ak.uobtimetable/.CourseListActivity: +129ms
08-04 03:02:36.881 13866 13866 I GoogleInputMethodServic: GoogleInputMethodService.onFinishInput():3138 
08-04 03:02:36.883 13866 13866 I GoogleInputMethodServic: GoogleInputMethodService.onStartInput():1808 
08-04 03:02:36.904 31658 31681 D OpenGLRenderer: endAllStagingAnimators on 0x7f994a7800 (RippleDrawable) with handle 0x7f9a1ea900
08-04 03:02:37.038 31658 31923 I art     : Starting a blocking GC Explicit
08-04 03:02:37.054 31658 31923 I art     : Explicit concurrent mark sweep GC freed 1647(102KB) AllocSpace objects, 1(20KB) LOS objects, 40% free, 22MB/37MB, paused 170us total 15.630ms
08-04 03:02:37.062 31658 31923 I art     : Starting a blocking GC Explicit
08-04 03:02:37.076 31658 31923 I art     : Explicit concurrent mark sweep GC freed 45(1504B) AllocSpace objects, 0(0B) LOS objects, 40% free, 22MB/37MB, paused 138us total 14.665ms
08-04 03:02:37.085 31658 31923 I art     : Starting a blocking GC Explicit
08-04 03:02:37.099 31658 31923 I art     : Explicit concurrent mark sweep GC freed 4(128B) AllocSpace objects, 0(0B) LOS objects, 40% free, 22MB/37MB, paused 193us total 14.537ms
08-04 03:02:37.108 31658 31923 I art     : Starting a blocking GC Explicit
08-04 03:02:37.122 31658 31923 I art     : Explicit concurrent mark sweep GC freed 22(992B) AllocSpace objects, 0(0B) LOS objects, 40% free, 22MB/37MB, paused 179us total 13.939ms
08-04 03:02:37.129 31658 31923 I art     : Starting a blocking GC Explicit
08-04 03:02:37.143 31658 31923 I art     : Explicit concurrent mark sweep GC freed 23(1024B) AllocSpace objects, 0(0B) LOS objects, 40% free, 22MB/37MB, paused 158us total 13.847ms
08-04 03:02:37.275 31658 31922 I NAPPA_EXPERIMENTATION: MetricNetworkRequestExecutionTime: REQUEST_DURATION_SYSTEM='463',REQUEST_DURATION_OKHTTP='33',REQUEST_SYNCHRONOUS='TRUE',RESPONSE_CODE='200',RESPONSE_METHOD='GET',RESPONSE_LENGTH_OKHTTP='-1',RESPONSE_LENGTH_HEADER='-2',REQUEST_PROTOCOL='http/1.1',REQUEST_URL='https://uob-timetable-api.adriankeenan.co.uk/courses',
08-04 03:02:37.300   512  2967 D audio_hw_primary: disable_audio_route: reset and update mixer path: low-latency-playback speaker
08-04 03:02:37.302   512  2967 D audio_hw_primary: disable_snd_device: snd_device(2: speaker)
08-04 03:02:37.312   512  2967 I soundtrigger: audio_extn_sound_trigger_update_device_status: device 0x2 of type 0 for Event 0
08-04 03:02:37.404 31658 31669 I art     : Starting a blocking GC Explicit
08-04 03:02:37.425 31658 31669 I art     : Explicit concurrent mark sweep GC freed 4174(266KB) AllocSpace objects, 4(220KB) LOS objects, 32% free, 33MB/49MB, paused 216us total 21.100ms
08-04 03:02:37.433 31658 31669 I art     : Starting a blocking GC Explicit
08-04 03:02:37.450 31658 31669 I art     : Explicit concurrent mark sweep GC freed 2952(11MB) AllocSpace objects, 0(0B) LOS objects, 26% free, 44MB/60MB, paused 178us total 16.284ms
08-04 03:02:37.456 31658 31669 I art     : Starting a blocking GC Explicit
08-04 03:02:37.468 31658 31669 I art     : Explicit concurrent mark sweep GC freed 16(12KB) AllocSpace objects, 0(0B) LOS objects, 26% free, 44MB/60MB, paused 195us total 11.702ms
08-04 03:02:37.473 31658 31669 I art     : Starting a blocking GC Explicit
08-04 03:02:37.485 31658 31669 I art     : Explicit concurrent mark sweep GC freed 15(560B) AllocSpace objects, 0(0B) LOS objects, 26% free, 44MB/60MB, paused 252us total 11.460ms
08-04 03:02:37.491 31658 31669 I art     : Starting a blocking GC Explicit
08-04 03:02:37.502 31658 31669 I art     : Explicit concurrent mark sweep GC freed 13(496B) AllocSpace objects, 0(0B) LOS objects, 26% free, 44MB/60MB, paused 215us total 10.750ms
08-04 03:02:37.631 31658 31922 I HTTP    : Response was compressed.
08-04 03:02:37.755 31658 31670 I art     : Starting a blocking GC Explicit
08-04 03:02:37.772 31658 31670 I art     : Explicit concurrent mark sweep GC freed 28929(1390KB) AllocSpace objects, 0(0B) LOS objects, 29% free, 38MB/54MB, paused 231us total 16.993ms
08-04 03:02:37.779 31658 31670 I art     : Starting a blocking GC Explicit
08-04 03:02:37.793 31658 31670 I art     : Explicit concurrent mark sweep GC freed 11175(518KB) AllocSpace objects, 0(0B) LOS objects, 29% free, 38MB/54MB, paused 228us total 13.811ms
08-04 03:02:37.800 31658 31670 I art     : Starting a blocking GC Explicit
08-04 03:02:37.813 31658 31670 I art     : Explicit concurrent mark sweep GC freed 10776(511KB) AllocSpace objects, 0(0B) LOS objects, 29% free, 38MB/54MB, paused 188us total 12.905ms
08-04 03:02:37.819 31658 31670 I art     : Starting a blocking GC Explicit
08-04 03:02:37.832 31658 31670 I art     : Explicit concurrent mark sweep GC freed 9726(460KB) AllocSpace objects, 0(0B) LOS objects, 29% free, 38MB/54MB, paused 208us total 12.604ms
08-04 03:02:37.838 31658 31670 I art     : Starting a blocking GC Explicit
08-04 03:02:37.851 31658 31670 I art     : Explicit concurrent mark sweep GC freed 9962(463KB) AllocSpace objects, 0(0B) LOS objects, 29% free, 38MB/54MB, paused 243us total 12.950ms
08-04 03:02:38.112 31658 31923 I art     : Starting a blocking GC Explicit
08-04 03:02:38.140 31658 31923 I art     : Explicit concurrent mark sweep GC freed 149910(6MB) AllocSpace objects, 1(20KB) LOS objects, 28% free, 39MB/55MB, paused 301us total 27.977ms
08-04 03:02:38.150 31658 31923 I art     : Starting a blocking GC Explicit
08-04 03:02:38.165 31658 31923 I art     : Explicit concurrent mark sweep GC freed 17661(832KB) AllocSpace objects, 0(0B) LOS objects, 28% free, 39MB/55MB, paused 271us total 15.140ms
08-04 03:02:38.172 31658 31923 I art     : Starting a blocking GC Explicit
08-04 03:02:38.187 31658 31923 I art     : Explicit concurrent mark sweep GC freed 12197(577KB) AllocSpace objects, 0(0B) LOS objects, 28% free, 39MB/55MB, paused 322us total 15.288ms
08-04 03:02:38.194 31658 31923 I art     : Starting a blocking GC Explicit
08-04 03:02:38.210 31658 31923 I art     : Explicit concurrent mark sweep GC freed 12245(586KB) AllocSpace objects, 0(0B) LOS objects, 28% free, 39MB/55MB, paused 244us total 15.758ms
08-04 03:02:38.217 31658 31923 I art     : Starting a blocking GC Explicit
08-04 03:02:38.233 31658 31923 I art     : Explicit concurrent mark sweep GC freed 12682(596KB) AllocSpace objects, 0(0B) LOS objects, 28% free, 39MB/55MB, paused 266us total 15.994ms
08-04 03:02:38.488 31658 31669 I art     : Starting a blocking GC Explicit
08-04 03:02:38.520 31658 31669 I art     : Explicit concurrent mark sweep GC freed 151734(7MB) AllocSpace objects, 1(20KB) LOS objects, 27% free, 41MB/57MB, paused 359us total 32.055ms
08-04 03:02:38.529 31658 31669 I art     : Starting a blocking GC Explicit
08-04 03:02:38.549 31658 31669 I art     : Explicit concurrent mark sweep GC freed 20247(950KB) AllocSpace objects, 0(0B) LOS objects, 27% free, 41MB/57MB, paused 313us total 19.277ms
08-04 03:02:38.557 31658 31669 I art     : Starting a blocking GC Explicit
08-04 03:02:38.576 31658 31669 I art     : Explicit concurrent mark sweep GC freed 14916(697KB) AllocSpace objects, 0(0B) LOS objects, 27% free, 41MB/57MB, paused 327us total 18.501ms
08-04 03:02:38.584 31658 31669 I art     : Starting a blocking GC Explicit
08-04 03:02:38.604 31658 31669 I art     : Explicit concurrent mark sweep GC freed 14632(683KB) AllocSpace objects, 0(0B) LOS objects, 27% free, 41MB/57MB, paused 1.243ms total 20.017ms
08-04 03:02:38.612 31658 31669 I art     : Starting a blocking GC Explicit
08-04 03:02:38.632 31658 31669 I art     : Explicit concurrent mark sweep GC freed 15049(703KB) AllocSpace objects, 0(0B) LOS objects, 27% free, 41MB/57MB, paused 324us total 18.970ms
08-04 03:02:38.877 31658 31923 I art     : Starting a blocking GC Explicit
08-04 03:02:38.913 31658 31923 I art     : Explicit concurrent mark sweep GC freed 149061(6MB) AllocSpace objects, 1(20KB) LOS objects, 27% free, 42MB/58MB, paused 556us total 35.209ms
08-04 03:02:38.923 31658 31923 I art     : Starting a blocking GC Explicit
08-04 03:02:38.946 31658 31923 I art     : Explicit concurrent mark sweep GC freed 21707(1017KB) AllocSpace objects, 0(0B) LOS objects, 27% free, 42MB/58MB, paused 372us total 22.973ms
08-04 03:02:38.955 31658 31923 I art     : Starting a blocking GC Explicit
08-04 03:02:38.976 31658 31923 I art     : Explicit concurrent mark sweep GC freed 16959(788KB) AllocSpace objects, 0(0B) LOS objects, 27% free, 42MB/58MB, paused 366us total 21.412ms
08-04 03:02:38.985 31658 31923 I art     : Starting a blocking GC Explicit
08-04 03:02:39.008 31658 31923 I art     : Explicit concurrent mark sweep GC freed 16784(792KB) AllocSpace objects, 0(0B) LOS objects, 27% free, 42MB/58MB, paused 425us total 22.914ms
08-04 03:02:39.017 31658 31923 I art     : Starting a blocking GC Explicit
08-04 03:02:39.040 31658 31923 I art     : Explicit concurrent mark sweep GC freed 17061(799KB) AllocSpace objects, 0(0B) LOS objects, 27% free, 43MB/59MB, paused 397us total 22.508ms
08-04 03:02:39.303 31658 31669 I art     : Starting a blocking GC Explicit
08-04 03:02:39.351 31658 31669 I art     : Explicit concurrent mark sweep GC freed 161656(7MB) AllocSpace objects, 1(20KB) LOS objects, 26% free, 44MB/60MB, paused 498us total 47.443ms
08-04 03:02:39.361 31658 31669 I art     : Starting a blocking GC Explicit
08-04 03:02:39.386 31658 31669 I art     : Explicit concurrent mark sweep GC freed 23948(1123KB) AllocSpace objects, 0(0B) LOS objects, 26% free, 44MB/60MB, paused 405us total 24.181ms
08-04 03:02:39.395 31658 31669 I art     : Starting a blocking GC Explicit
08-04 03:02:39.420 31658 31669 I art     : Explicit concurrent mark sweep GC freed 18724(871KB) AllocSpace objects, 0(0B) LOS objects, 26% free, 44MB/60MB, paused 483us total 24.685ms
08-04 03:02:39.430 31658 31669 I art     : Starting a blocking GC Explicit
08-04 03:02:39.456 31658 31669 I art     : Explicit concurrent mark sweep GC freed 18547(889KB) AllocSpace objects, 0(0B) LOS objects, 26% free, 44MB/60MB, paused 548us total 26.133ms
08-04 03:02:39.466 31658 31669 I art     : Starting a blocking GC Explicit
08-04 03:02:39.491 31658 31669 I art     : Explicit concurrent mark sweep GC freed 18904(932KB) AllocSpace objects, 0(0B) LOS objects, 26% free, 44MB/60MB, paused 422us total 25.239ms
08-04 03:02:39.760 31658 31923 I art     : Starting a blocking GC Explicit
08-04 03:02:39.805 31658 31923 I art     : Explicit concurrent mark sweep GC freed 161007(7MB) AllocSpace objects, 1(20KB) LOS objects, 25% free, 46MB/62MB, paused 500us total 45.123ms
08-04 03:02:39.816 31658 31923 I art     : Starting a blocking GC Explicit
08-04 03:02:39.847 31658 31923 I art     : Explicit concurrent mark sweep GC freed 26753(1246KB) AllocSpace objects, 0(0B) LOS objects, 25% free, 46MB/62MB, paused 484us total 30.082ms
08-04 03:02:39.857 31658 31923 I art     : Starting a blocking GC Explicit
08-04 03:02:39.885 31658 31923 I art     : Explicit concurrent mark sweep GC freed 21251(993KB) AllocSpace objects, 0(0B) LOS objects, 25% free, 46MB/62MB, paused 509us total 28.003ms
08-04 03:02:39.897 31658 31923 I art     : Starting a blocking GC Explicit
08-04 03:02:39.925 31658 31923 I art     : Explicit concurrent mark sweep GC freed 20568(964KB) AllocSpace objects, 0(0B) LOS objects, 25% free, 46MB/62MB, paused 499us total 28.039ms
08-04 03:02:39.935 31658 31923 I art     : Starting a blocking GC Explicit
08-04 03:02:39.964 31658 31923 I art     : Explicit concurrent mark sweep GC freed 21098(981KB) AllocSpace objects, 0(0B) LOS objects, 25% free, 46MB/62MB, paused 490us total 28.607ms
08-04 03:02:40.229 31658 31693 I art     : Starting a blocking GC Explicit
08-04 03:02:40.282 31658 31693 I art     : Explicit concurrent mark sweep GC freed 169052(7MB) AllocSpace objects, 1(20KB) LOS objects, 24% free, 48MB/64MB, paused 519us total 53.009ms
08-04 03:02:40.295 31658 31693 I art     : Starting a blocking GC Explicit
08-04 03:02:40.327 31658 31693 I art     : Explicit concurrent mark sweep GC freed 28220(1331KB) AllocSpace objects, 0(0B) LOS objects, 24% free, 48MB/64MB, paused 528us total 31.457ms
08-04 03:02:40.338 31658 31693 I art     : Starting a blocking GC Explicit
08-04 03:02:40.370 31658 31693 I art     : Explicit concurrent mark sweep GC freed 23712(1112KB) AllocSpace objects, 0(0B) LOS objects, 24% free, 48MB/64MB, paused 560us total 31.967ms
08-04 03:02:40.381 31658 31693 I art     : Starting a blocking GC Explicit
08-04 03:02:40.415 31658 31693 I art     : Explicit concurrent mark sweep GC freed 23433(1153KB) AllocSpace objects, 0(0B) LOS objects, 24% free, 48MB/64MB, paused 585us total 33.947ms
08-04 03:02:40.423 31658 31922 I Service : getCourses response time: 0.69
08-04 03:02:40.427 31658 31693 I art     : Starting a blocking GC Explicit
08-04 03:02:40.438 31658 31658 I SettingsManager: Getting string: savedCourse
08-04 03:02:40.460 31658 31693 I art     : Explicit concurrent mark sweep GC freed 5752(268KB) AllocSpace objects, 1(14MB) LOS objects, 32% free, 33MB/49MB, paused 312us total 33.300ms
08-04 03:02:40.763 31658 31693 I art     : Starting a blocking GC Explicit
08-04 03:02:40.813 31658 31693 I art     : Explicit concurrent mark sweep GC freed 1761(94KB) AllocSpace objects, 1(20KB) LOS objects, 32% free, 33MB/49MB, paused 158us total 49.885ms
08-04 03:02:40.828 31658 31693 I art     : Starting a blocking GC Explicit
08-04 03:02:40.860 31658 31693 I art     : Explicit concurrent mark sweep GC freed 59(2432B) AllocSpace objects, 0(0B) LOS objects, 32% free, 33MB/49MB, paused 138us total 32.025ms
08-04 03:02:40.872 31658 31693 I art     : Starting a blocking GC Explicit
08-04 03:02:40.907 31658 31693 I art     : Explicit concurrent mark sweep GC freed 3(96B) AllocSpace objects, 0(0B) LOS objects, 32% free, 33MB/49MB, paused 144us total 34.663ms
08-04 03:02:40.919 31658 31693 I art     : Starting a blocking GC Explicit
08-04 03:02:40.956 31658 31693 I art     : Explicit concurrent mark sweep GC freed 3(96B) AllocSpace objects, 0(0B) LOS objects, 32% free, 33MB/49MB, paused 151us total 36.314ms
08-04 03:02:40.969 31658 31693 I art     : Starting a blocking GC Explicit
08-04 03:02:41.005 31658 31693 I art     : Explicit concurrent mark sweep GC freed 3(96B) AllocSpace objects, 0(0B) LOS objects, 32% free, 33MB/49MB, paused 151us total 36.014ms
08-04 03:02:41.331 31658 31670 I art     : Starting a blocking GC Explicit
08-04 03:02:41.386 31658 31670 I art     : Explicit concurrent mark sweep GC freed 1274(74KB) AllocSpace objects, 1(20KB) LOS objects, 32% free, 33MB/49MB, paused 168us total 54.110ms
08-04 03:02:41.403 31658 31670 I art     : Starting a blocking GC Explicit
08-04 03:02:41.439 31658 31670 I art     : Explicit concurrent mark sweep GC freed 18(624B) AllocSpace objects, 0(0B) LOS objects, 32% free, 33MB/49MB, paused 151us total 36.371ms
08-04 03:02:41.452 31658 31670 I art     : Starting a blocking GC Explicit
08-04 03:02:41.487 31658 31670 I art     : Explicit concurrent mark sweep GC freed 3(96B) AllocSpace objects, 0(0B) LOS objects, 32% free, 33MB/49MB, paused 166us total 34.987ms
08-04 03:02:41.500 31658 31670 I art     : Starting a blocking GC Explicit
08-04 03:02:41.536 31658 31670 I art     : Explicit concurrent mark sweep GC freed 3(96B) AllocSpace objects, 0(0B) LOS objects, 32% free, 33MB/49MB, paused 147us total 35.953ms
08-04 03:02:41.549 31658 31670 I art     : Starting a blocking GC Explicit
08-04 03:02:41.585 31658 31670 I art     : Explicit concurrent mark sweep GC freed 3(96B) AllocSpace objects, 0(0B) LOS objects, 32% free, 33MB/49MB, paused 150us total 35.970ms
08-04 03:02:41.904 31658 31923 I art     : Starting a blocking GC Explicit
08-04 03:02:41.960 31658 31923 I art     : Explicit concurrent mark sweep GC freed 1274(74KB) AllocSpace objects, 1(20KB) LOS objects, 32% free, 33MB/49MB, paused 177us total 55.669ms
08-04 03:02:41.975 31658 31923 I art     : Starting a blocking GC Explicit
08-04 03:02:42.008 31658 31923 I art     : Explicit concurrent mark sweep GC freed 18(624B) AllocSpace objects, 0(0B) LOS objects, 32% free, 33MB/49MB, paused 141us total 32.498ms
08-04 03:02:42.020 31658 31923 I art     : Starting a blocking GC Explicit
08-04 03:02:42.054 31658 31923 I art     : Explicit concurrent mark sweep GC freed 3(96B) AllocSpace objects, 0(0B) LOS objects, 32% free, 33MB/49MB, paused 146us total 34.437ms
08-04 03:02:42.067 31658 31923 I art     : Starting a blocking GC Explicit
08-04 03:02:42.105 31658 31923 I art     : Explicit concurrent mark sweep GC freed 4(128B) AllocSpace objects, 0(0B) LOS objects, 32% free, 33MB/49MB, paused 139us total 37.349ms
08-04 03:02:42.118 31658 31923 I art     : Starting a blocking GC Explicit
08-04 03:02:42.150 31658 31923 I art     : Explicit concurrent mark sweep GC freed 5(176B) AllocSpace objects, 0(0B) LOS objects, 32% free, 33MB/49MB, paused 146us total 31.559ms
08-04 03:02:42.197 31541 31541 I ServiceManager: Waiting for service AtCmdFwd...
08-04 03:02:42.459 31658 31693 I art     : Starting a blocking GC Explicit
08-04 03:02:42.507 31658 31693 I art     : Explicit concurrent mark sweep GC freed 1274(74KB) AllocSpace objects, 1(20KB) LOS objects, 32% free, 33MB/49MB, paused 152us total 47.357ms
08-04 03:02:42.521 31658 31693 I art     : Starting a blocking GC Explicit
08-04 03:02:42.553 31658 31693 I art     : Explicit concurrent mark sweep GC freed 18(624B) AllocSpace objects, 0(0B) LOS objects, 32% free, 33MB/49MB, paused 144us total 31.731ms
08-04 03:02:42.565 31658 31693 I art     : Starting a blocking GC Explicit
08-04 03:02:42.600 31658 31693 I art     : Explicit concurrent mark sweep GC freed 3(96B) AllocSpace objects, 0(0B) LOS objects, 32% free, 33MB/49MB, paused 147us total 35.090ms
08-04 03:02:42.613 31658 31693 I art     : Starting a blocking GC Explicit
08-04 03:02:42.649 31658 31693 I art     : Explicit concurrent mark sweep GC freed 3(96B) AllocSpace objects, 0(0B) LOS objects, 32% free, 33MB/49MB, paused 147us total 36.312ms
08-04 03:02:42.662 31658 31693 I art     : Starting a blocking GC Explicit
08-04 03:02:42.698 31658 31693 I art     : Explicit concurrent mark sweep GC freed 3(96B) AllocSpace objects, 0(0B) LOS objects, 32% free, 33MB/49MB, paused 152us total 35.654ms
08-04 03:02:43.009 31658 31670 I art     : Starting a blocking GC Explicit
08-04 03:02:43.049 31658 31670 I art     : Explicit concurrent mark sweep GC freed 1274(74KB) AllocSpace objects, 1(20KB) LOS objects, 32% free, 33MB/49MB, paused 153us total 40.062ms
08-04 03:02:43.063 31658 31670 I art     : Starting a blocking GC Explicit
08-04 03:02:43.094 31658 31670 I art     : Explicit concurrent mark sweep GC freed 18(624B) AllocSpace objects, 0(0B) LOS objects, 32% free, 33MB/49MB, paused 141us total 30.961ms
08-04 03:02:43.105 31658 31670 I art     : Starting a blocking GC Explicit
08-04 03:02:43.137 31658 31670 I art     : Explicit concurrent mark sweep GC freed 3(96B) AllocSpace objects, 0(0B) LOS objects, 32% free, 33MB/49MB, paused 159us total 31.381ms
08-04 03:02:43.148 31658 31670 I art     : Starting a blocking GC Explicit
08-04 03:02:43.180 31658 31670 I art     : Explicit concurrent mark sweep GC freed 3(96B) AllocSpace objects, 0(0B) LOS objects, 32% free, 33MB/49MB, paused 141us total 31.036ms
08-04 03:02:43.191 31658 31670 I art     : Starting a blocking GC Explicit
08-04 03:02:43.198 31541 31541 I ServiceManager: Waiting for service AtCmdFwd...
08-04 03:02:43.223 31658 31670 I art     : Explicit concurrent mark sweep GC freed 3(96B) AllocSpace objects, 0(0B) LOS objects, 32% free, 33MB/49MB, paused 144us total 31.394ms
08-04 03:02:43.294 32070 32070 D AndroidRuntime: >>>>>> START com.android.internal.os.RuntimeInit uid 2000 <<<<<<
08-04 03:02:43.298 32070 32070 D AndroidRuntime: CheckJNI is OFF
08-04 03:02:43.329 32070 32070 D ICU     : No timezone override file found: /data/misc/zoneinfo/current/icu/icu_tzdata.dat
08-04 03:02:43.357 32070 32070 I Radio-JNI: register_android_hardware_Radio DONE
08-04 03:02:43.374 32070 32070 D AndroidRuntime: Calling main entry com.android.commands.input.Input
08-04 03:02:43.376 32070 32070 I Input   : injectMotionEvent: MotionEvent { action=ACTION_DOWN, actionButton=0, id[0]=0, x[0]=526.0, y[0]=704.0, toolType[0]=TOOL_TYPE_UNKNOWN, buttonState=0, metaState=0, flags=0x0, edgeFlags=0x0, pointerCount=1, historySize=0, eventTime=673379788, downTime=673379788, deviceId=0, source=0x1002 }
08-04 03:02:43.381 32070 32070 I Input   : injectMotionEvent: MotionEvent { action=ACTION_UP, actionButton=0, id[0]=0, x[0]=526.0, y[0]=704.0, toolType[0]=TOOL_TYPE_UNKNOWN, buttonState=0, metaState=0, flags=0x0, edgeFlags=0x0, pointerCount=1, historySize=0, eventTime=673379788, downTime=673379788, deviceId=0, source=0x1002 }
08-04 03:02:43.382 32070 32070 D AndroidRuntime: Shutting down VM
08-04 03:02:43.448   512  2967 D audio_hw_primary: out_set_parameters: enter: usecase(1: low-latency-playback) kvpairs: routing=2
08-04 03:02:43.461   512  2967 D audio_hw_primary: select_devices: out_snd_device(2: speaker) in_snd_device(0: none)
08-04 03:02:43.461   512  2967 D msm8974_platform: platform_send_audio_calibration: sending audio calibration for snd_device(2) acdb_id(15)
08-04 03:02:43.462   512  2967 I soundtrigger: audio_extn_sound_trigger_update_device_status: device 0x2 of type 0 for Event 1
08-04 03:02:43.471   512  2967 D audio_hw_primary: enable_snd_device: snd_device(2: speaker)
08-04 03:02:43.473   512  2967 D audio_hw_primary: enable_audio_route: apply and update mixer path: low-latency-playback speaker
08-04 03:02:43.473 31658 31670 I art     : Starting a blocking GC Explicit
08-04 03:02:43.510 31658 31670 I art     : Explicit concurrent mark sweep GC freed 1975(130KB) AllocSpace objects, 2(40KB) LOS objects, 32% free, 33MB/49MB, paused 200us total 36.594ms
08-04 03:02:43.522 31658 31670 I art     : Starting a blocking GC Explicit
08-04 03:02:43.555 31658 31670 I art     : Explicit concurrent mark sweep GC freed 212(9KB) AllocSpace objects, 0(0B) LOS objects, 32% free, 33MB/49MB, paused 206us total 33.085ms
08-04 03:02:43.567 31658 31670 I art     : Starting a blocking GC Explicit
08-04 03:02:43.600 31658 31670 I art     : Explicit concurrent mark sweep GC freed 9(288B) AllocSpace objects, 0(0B) LOS objects, 32% free, 33MB/49MB, paused 165us total 33.599ms
08-04 03:02:43.613 31658 31670 I art     : Starting a blocking GC Explicit
08-04 03:02:43.648 31658 31670 I art     : Explicit concurrent mark sweep GC freed 5(160B) AllocSpace objects, 0(0B) LOS objects, 32% free, 33MB/49MB, paused 153us total 33.864ms
08-04 03:02:43.660 31658 31670 I art     : Starting a blocking GC Explicit
08-04 03:02:43.695 31658 31670 I art     : Explicit concurrent mark sweep GC freed 5(176B) AllocSpace objects, 0(0B) LOS objects, 32% free, 33MB/49MB, paused 151us total 34.677ms
08-04 03:02:43.995 31658 31670 I art     : Starting a blocking GC Explicit
08-04 03:02:44.008   512  2967 D audio_hw_primary: disable_audio_route: reset and update mixer path: low-latency-playback speaker
08-04 03:02:44.009   512  2967 D audio_hw_primary: disable_snd_device: snd_device(2: speaker)
08-04 03:02:44.017   512  2967 I soundtrigger: audio_extn_sound_trigger_update_device_status: device 0x2 of type 0 for Event 0
08-04 03:02:44.035 31658 31670 I art     : Explicit concurrent mark sweep GC freed 1278(75KB) AllocSpace objects, 1(20KB) LOS objects, 32% free, 33MB/49MB, paused 154us total 39.721ms
08-04 03:02:44.049 31658 31670 I art     : Starting a blocking GC Explicit
08-04 03:02:44.084 31658 31670 I art     : Explicit concurrent mark sweep GC freed 24(816B) AllocSpace objects, 0(0B) LOS objects, 32% free, 33MB/49MB, paused 142us total 35.156ms
08-04 03:02:44.099 31658 31670 I art     : Starting a blocking GC Explicit
08-04 03:02:44.134 31658 31670 I art     : Explicit concurrent mark sweep GC freed 5(160B) AllocSpace objects, 0(0B) LOS objects, 32% free, 33MB/49MB, paused 170us total 35.475ms
08-04 03:02:44.149 31658 31670 I art     : Starting a blocking GC Explicit
08-04 03:02:44.184 31658 31670 I art     : Explicit concurrent mark sweep GC freed 3(96B) AllocSpace objects, 0(0B) LOS objects, 32% free, 33MB/49MB, paused 136us total 35.101ms
08-04 03:02:44.198 31541 31541 I ServiceManager: Waiting for service AtCmdFwd...
08-04 03:02:44.199 31658 31670 I art     : Starting a blocking GC Explicit
08-04 03:02:44.234 31658 31670 I art     : Explicit concurrent mark sweep GC freed 3(96B) AllocSpace objects, 0(0B) LOS objects, 32% free, 33MB/49MB, paused 135us total 35.287ms
08-04 03:02:44.520 31658 31923 I art     : Starting a blocking GC Explicit
08-04 03:02:44.569 31658 31923 I art     : Explicit concurrent mark sweep GC freed 1279(75KB) AllocSpace objects, 1(20KB) LOS objects, 32% free, 33MB/49MB, paused 172us total 49.142ms
08-04 03:02:44.586 31658 31923 I art     : Starting a blocking GC Explicit
08-04 03:02:44.615 31658 31923 I art     : Explicit concurrent mark sweep GC freed 20(688B) AllocSpace objects, 0(0B) LOS objects, 32% free, 33MB/49MB, paused 130us total 29.163ms
08-04 03:02:44.626 31658 31923 I art     : Starting a blocking GC Explicit
08-04 03:02:44.658 31658 31923 I art     : Explicit concurrent mark sweep GC freed 3(96B) AllocSpace objects, 0(0B) LOS objects, 32% free, 33MB/49MB, paused 145us total 31.851ms
08-04 03:02:44.670 31658 31923 I art     : Starting a blocking GC Explicit
08-04 03:02:44.701 31658 31923 I art     : Explicit concurrent mark sweep GC freed 3(96B) AllocSpace objects, 0(0B) LOS objects, 32% free, 33MB/49MB, paused 139us total 31.185ms
08-04 03:02:44.713 31658 31923 I art     : Starting a blocking GC Explicit
08-04 03:02:44.744 31658 31923 I art     : Explicit concurrent mark sweep GC freed 3(96B) AllocSpace objects, 0(0B) LOS objects, 32% free, 33MB/49MB, paused 164us total 31.253ms
08-04 03:02:44.912 32115 32115 D AndroidRuntime: >>>>>> START com.android.internal.os.RuntimeInit uid 2000 <<<<<<
08-04 03:02:44.916 32115 32115 D AndroidRuntime: CheckJNI is OFF
08-04 03:02:44.943 32115 32115 D ICU     : No timezone override file found: /data/misc/zoneinfo/current/icu/icu_tzdata.dat
08-04 03:02:44.967 32115 32115 I Radio-JNI: register_android_hardware_Radio DONE
08-04 03:02:44.984 32115 32115 D AndroidRuntime: Calling main entry com.android.commands.input.Input
08-04 03:02:44.986 32115 32115 I Input   : injectMotionEvent: MotionEvent { action=ACTION_DOWN, actionButton=0, id[0]=0, x[0]=1197.0, y[0]=1456.0, toolType[0]=TOOL_TYPE_UNKNOWN, buttonState=0, metaState=0, flags=0x0, edgeFlags=0x0, pointerCount=1, historySize=0, eventTime=673381399, downTime=673381399, deviceId=0, source=0x1002 }
08-04 03:02:44.987 31658 31670 I art     : Starting a blocking GC Explicit
08-04 03:02:44.993 32115 32115 I Input   : injectMotionEvent: MotionEvent { action=ACTION_UP, actionButton=0, id[0]=0, x[0]=1197.0, y[0]=1456.0, toolType[0]=TOOL_TYPE_UNKNOWN, buttonState=0, metaState=0, flags=0x0, edgeFlags=0x0, pointerCount=1, historySize=0, eventTime=673381399, downTime=673381399, deviceId=0, source=0x1002 }
08-04 03:02:44.996 32115 32115 D AndroidRuntime: Shutting down VM
08-04 03:02:45.000   512  2967 D audio_hw_primary: out_set_parameters: enter: usecase(1: low-latency-playback) kvpairs: routing=2
08-04 03:02:45.011 31658 31658 I SettingsManager: Setting string: savedCourse
08-04 03:02:45.013   512  2967 D audio_hw_primary: select_devices: out_snd_device(2: speaker) in_snd_device(0: none)
08-04 03:02:45.013   512  2967 D msm8974_platform: platform_send_audio_calibration: sending audio calibration for snd_device(2) acdb_id(15)
08-04 03:02:45.013   512  2967 I soundtrigger: audio_extn_sound_trigger_update_device_status: device 0x2 of type 0 for Event 1
08-04 03:02:45.020   918  3714 W BackupManagerService: dataChanged but no participant pkg='baseline.com.ak.uobtimetable' uid=10659
08-04 03:02:45.020   918  4400 I ActivityManager: START u0 {flg=0x4000000 cmp=baseline.com.ak.uobtimetable/.MainActivity (has extras)} from uid 10659 on display 0
08-04 03:02:45.023   512  2967 D audio_hw_primary: enable_snd_device: snd_device(2: speaker)
08-04 03:02:45.026   512  2967 D audio_hw_primary: enable_audio_route: apply and update mixer path: low-latency-playback speaker
08-04 03:02:45.029 31658 31670 I art     : Explicit concurrent mark sweep GC freed 3912(201KB) AllocSpace objects, 2(40KB) LOS objects, 32% free, 33MB/49MB, paused 346us total 42.532ms
08-04 03:02:45.034   918  3696 W InputMethodManagerService: Focus gain on non-focused client com.android.internal.view.IInputMethodClient$Stub$Proxy@84aac5 (uid=10659 pid=31658)
08-04 03:02:45.044 31658 31670 I art     : Starting a blocking GC Explicit
08-04 03:02:45.049 31658 31658 D MainActivity: OnDestroy
08-04 03:02:45.065 31658 31658 D MainActivity: onCreate
08-04 03:02:45.065 31658 31658 I SettingsManager: Getting string: savedSessions
08-04 03:02:45.065 31658 31658 I Settings: No saved sessions
08-04 03:02:45.080 31658 31670 I art     : Explicit concurrent mark sweep GC freed 673(36KB) AllocSpace objects, 0(0B) LOS objects, 32% free, 33MB/49MB, paused 266us total 35.016ms
08-04 03:02:45.089 31658 31658 I SettingsManager: Getting string: savedCourse
08-04 03:02:45.090 31658 31658 D MainActivity: sessionListFragmentArg: updateSessions
08-04 03:02:45.090 31658 31658 D MainActivity: showTermDatesConfigChange: false
08-04 03:02:45.090 31658 31658 D MainActivity: showTermDatesShortcut: false
08-04 03:02:45.092 31658 31658 D MainActivity: Setting initial fragment: SessionListsFragment
08-04 03:02:45.092 31658 31670 I art     : Starting a blocking GC Explicit
08-04 03:02:45.095 31658 31658 I SettingsManager: Getting int: launchCount
08-04 03:02:45.099 31658 31658 D SessionListsFragment: onCreateView
08-04 03:02:45.108 31658 31658 I SettingsManager: Getting string: savedCourse
08-04 03:02:45.110 31658 31658 I SettingsManager: Getting string: savedSessions
08-04 03:02:45.111 31658 31658 D SessionListsFragment: loadArgument: updateSessions
08-04 03:02:45.111 31658 31658 D SessionListsFragment: initialIndex: -1
08-04 03:02:45.113 31658 32138 D HTTP    : Request for: https://uob-timetable-api.adriankeenan.co.uk/sessions?dept=BD002&course=CFIEFAAF%2F02AA%2F0%2FFT&level=ALL+Courses
08-04 03:02:45.114 31658 31658 I WebViewFactory: Loading com.google.android.webview version 84.0.4147.89 (code 414708953)
08-04 03:02:45.131 31658 31670 I art     : Explicit concurrent mark sweep GC freed 5786(346KB) AllocSpace objects, 3(1396KB) LOS objects, 32% free, 33MB/49MB, paused 540us total 38.799ms
08-04 03:02:45.146 31658 31670 I art     : Starting a blocking GC Explicit
08-04 03:02:45.178 31658 31658 I cr_LibraryLoader: Loaded native library version number "84.0.4147.89"
08-04 03:02:45.179 31658 31658 I cr_CachingUmaRecorder: Flushed 5 samples from 5 histograms.
08-04 03:02:45.185 31658 31670 I art     : Explicit concurrent mark sweep GC freed 3721(338KB) AllocSpace objects, 2(40KB) LOS objects, 31% free, 34MB/50MB, paused 749us total 38.689ms
08-04 03:02:45.198 31658 31670 I art     : Starting a blocking GC Explicit
08-04 03:02:45.199 31541 31541 I ServiceManager: Waiting for service AtCmdFwd...
08-04 03:02:45.213 31658 31658 E chromium: [ERROR:filesystem_posix.cc(62)] mkdir /data/user/0/baseline.com.ak.uobtimetable/cache/WebView/Crashpad: No such file or directory (2)
08-04 03:02:45.237 31658 31670 I art     : Explicit concurrent mark sweep GC freed 1964(199KB) AllocSpace objects, 0(0B) LOS objects, 31% free, 34MB/50MB, paused 606us total 38.998ms
08-04 03:02:45.286   918  3961 D ConnectivityService: listenForNetwork for Listen from uid/pid:10659/31658 for NetworkRequest [ id=2573, legacyType=-1, [ Capabilities: INTERNET&NOT_RESTRICTED&TRUSTED] ]
08-04 03:02:45.310 31658 32153 W cr_media: Requires BLUETOOTH permission
08-04 03:02:45.314 31658 32167 E libEGL  : validate_display:255 error 3008 (EGL_BAD_DISPLAY)
08-04 03:02:45.318 31658 31658 D TermDatesFragment: WebView loaded
08-04 03:02:45.319 31658 31658 D MainActivity: OnResume
08-04 03:02:45.332 31658 32138 I NAPPA_EXPERIMENTATION: MetricNetworkRequestExecutionTime: REQUEST_DURATION_SYSTEM='218',REQUEST_DURATION_OKHTTP='30',REQUEST_SYNCHRONOUS='TRUE',RESPONSE_CODE='200',RESPONSE_METHOD='GET',RESPONSE_LENGTH_OKHTTP='-1',RESPONSE_LENGTH_HEADER='867',REQUEST_PROTOCOL='http/1.1',REQUEST_URL='https://uob-timetable-api.adriankeenan.co.uk/sessions?dept=BD002&course=CFIEFAAF%2F02AA%2F0%2FFT&level=ALL+Courses',
08-04 03:02:45.344 31658 31658 I TermDatesFragment: Webview load %: 10
08-04 03:02:45.347   918   927 I art     : Background partial concurrent mark sweep GC freed 61171(6MB) AllocSpace objects, 76(1564KB) LOS objects, 18% free, 68MB/84MB, paused 10.609ms total 154.778ms
08-04 03:02:45.369 31658 32138 I HTTP    : Response was compressed.
08-04 03:02:45.381 31658 32138 I Service : getSessions response time: 1.12
08-04 03:02:45.420   918   936 I ActivityManager: Displayed baseline.com.ak.uobtimetable/.MainActivity: +374ms
08-04 03:02:45.421 31658 31658 I SettingsManager: Getting string: savedSessions
08-04 03:02:45.424 13866 13866 I GoogleInputMethodServic: GoogleInputMethodService.onFinishInput():3138 
08-04 03:02:45.425 13866 13866 I GoogleInputMethodServic: GoogleInputMethodService.onStartInput():1808 
08-04 03:02:45.428 31658 31658 I SettingsManager: Setting string: savedSessions
08-04 03:02:45.434   918  3714 W BackupManagerService: dataChanged but no participant pkg='baseline.com.ak.uobtimetable' uid=10659
08-04 03:02:45.434 31658 31658 I SettingsManager: Setting date: savedSessionsTime
08-04 03:02:45.439   918   928 W BackupManagerService: dataChanged but no participant pkg='baseline.com.ak.uobtimetable' uid=10659
08-04 03:02:45.439 31658 31658 I SettingsManager: Setting string: savedSessionsCourseName
08-04 03:02:45.445   918  3696 W BackupManagerService: dataChanged but no participant pkg='baseline.com.ak.uobtimetable' uid=10659
08-04 03:02:45.445 31658 31658 I SettingsManager: Setting string: savedSessionsDateRange
08-04 03:02:45.450   918  6110 W BackupManagerService: dataChanged but no participant pkg='baseline.com.ak.uobtimetable' uid=10659
08-04 03:02:45.450 31658 31658 I SettingsManager: Setting string: timetableUrl
08-04 03:02:45.455   918  3670 W BackupManagerService: dataChanged but no participant pkg='baseline.com.ak.uobtimetable' uid=10659
08-04 03:02:45.455 31658 31658 I SettingsManager: Getting boolean: notifySessionRemindersEnabled
08-04 03:02:45.455 31658 31658 I SettingsManager: Getting int: notifySessionRemindersMinutes
08-04 03:02:45.455 31658 31658 I SettingsManager: Getting boolean: showHiddenSessions
08-04 03:02:45.464 31658 31923 I art     : Starting a blocking GC Explicit
08-04 03:02:45.481 31658 31658 I SessionReminderNotifier: Created session reminder alarm for f7b4771250a919bd729c1c5a4a459c77 at Mon 08:30:00 10/08/20
08-04 03:02:45.483 31658 31658 I SessionReminderNotifier: Created session reminder alarm for a7f879aabdeb78622c8820a5fb7b64cd at Tue 08:30:00 04/08/20
08-04 03:02:45.484 31658 31658 I SessionReminderNotifier: Created session reminder alarm for 7bc8d7e2c2055711f597c3d9078c6ea3 at Tue 08:30:00 04/08/20
08-04 03:02:45.484 31658 31658 I SessionReminderNotifier: Created session reminder alarm for e0fc978b5db8218778540b4053344581 at Tue 11:00:00 04/08/20
08-04 03:02:45.485 31658 31658 I SessionReminderNotifier: Created session reminder alarm for 21712fef61090882c855a1425543edb5 at Tue 13:30:00 04/08/20
08-04 03:02:45.486 31658 31658 I SessionReminderNotifier: Created session reminder alarm for 65ca4d97f031f29a4d02bbb45a705d8f at Wed 08:30:00 05/08/20
08-04 03:02:45.487 31658 31658 I SessionReminderNotifier: Created session reminder alarm for eeda7741b0bcab58fd9f46dc6ef1d942 at Wed 08:30:00 05/08/20
08-04 03:02:45.488 31658 31658 I SessionReminderNotifier: Created session reminder alarm for c276c1b2075a0beb67f1b3d1e580f920 at Wed 11:00:00 05/08/20
08-04 03:02:45.489 31658 31658 I SessionReminderNotifier: Created session reminder alarm for 79fe0b5c3b887a13ba29db5a33fa2800 at Thu 08:30:00 06/08/20
08-04 03:02:45.490 31658 31658 I SessionReminderNotifier: Created session reminder alarm for 2ba1034116e4fffdd592dbf0796a43d5 at Fri 08:30:00 07/08/20
08-04 03:02:45.490 31658 31658 I SettingsManager: Getting boolean: showHiddenSessions
08-04 03:02:45.491 31658 31658 D SessionListsFragment: 1 sessions for day 0
08-04 03:02:45.491 31658 31658 D SessionListsFragment: 4 sessions for day 1
08-04 03:02:45.491 31658 31658 D SessionListsFragment: 3 sessions for day 2
08-04 03:02:45.491 31658 31658 D SessionListsFragment: 1 sessions for day 3
08-04 03:02:45.491 31658 31658 D SessionListsFragment: 1 sessions for day 4
08-04 03:02:45.510 31658 31923 I art     : Explicit concurrent mark sweep GC freed 21942(1269KB) AllocSpace objects, 9(320KB) LOS objects, 30% free, 35MB/51MB, paused 841us total 46.032ms
08-04 03:02:45.525 31658 31923 I art     : Starting a blocking GC Explicit
08-04 03:02:45.540 31658 31658 I SettingsManager: Getting boolean: showHiddenSessions
08-04 03:02:45.541 31658 31658 D SessionListsFragment: Refreshed ViewPager
08-04 03:02:45.541 31658 31658 I SettingsManager: Getting boolean: showHiddenSessions
08-04 03:02:45.542 31658 31658 I SettingsManager: Getting boolean: completedTutorial
08-04 03:02:45.552 31658 31658 I SettingsManager: Getting boolean: showHiddenSessions
08-04 03:02:45.552 31658 31658 I SettingsManager: Getting date: savedSessionsTime
08-04 03:02:45.569   512  2967 D audio_hw_primary: disable_audio_route: reset and update mixer path: low-latency-playback speaker
08-04 03:02:45.569   512  2967 D audio_hw_primary: disable_snd_device: snd_device(2: speaker)
08-04 03:02:45.570 31658 31923 I art     : Explicit concurrent mark sweep GC freed 10633(753KB) AllocSpace objects, 1(40KB) LOS objects, 30% free, 36MB/52MB, paused 1.145ms total 44.495ms
08-04 03:02:45.579   512  2967 I soundtrigger: audio_extn_sound_trigger_update_device_status: device 0x2 of type 0 for Event 0
08-04 03:02:45.585 31658 31923 I art     : Starting a blocking GC Explicit
08-04 03:02:45.632 31658 31923 I art     : Explicit concurrent mark sweep GC freed 34605(1478KB) AllocSpace objects, 3(200KB) LOS objects, 30% free, 36MB/52MB, paused 661us total 46.548ms
08-04 03:02:45.645 31658 31923 I art     : Starting a blocking GC Explicit
08-04 03:02:45.692 31658 31923 I art     : Explicit concurrent mark sweep GC freed 30624(1339KB) AllocSpace objects, 0(0B) LOS objects, 30% free, 36MB/52MB, paused 827us total 47.340ms
08-04 03:02:45.705 31658 31923 I art     : Starting a blocking GC Explicit
08-04 03:02:45.750 31658 31923 I art     : Explicit concurrent mark sweep GC freed 35915(1466KB) AllocSpace objects, 0(0B) LOS objects, 30% free, 36MB/52MB, paused 740us total 44.405ms
08-04 03:02:46.014 31658 31669 I art     : Starting a blocking GC Explicit
08-04 03:02:46.034 31658 31658 I TermDatesFragment: Webview load %: 70
08-04 03:02:46.050 31658 31658 I TermDatesFragment: Webview load %: 100
08-04 03:02:46.050 31658 31658 I TermDatesFragment: Webview load %: 100
08-04 03:02:46.072 31658 31669 I art     : Explicit concurrent mark sweep GC freed 95870(3MB) AllocSpace objects, 1(20KB) LOS objects, 30% free, 36MB/52MB, paused 366us total 58.082ms
08-04 03:02:46.086 31658 31669 I art     : Starting a blocking GC Explicit
08-04 03:02:46.128 31658 31669 I art     : Explicit concurrent mark sweep GC freed 2267(219KB) AllocSpace objects, 0(0B) LOS objects, 30% free, 36MB/52MB, paused 231us total 41.902ms
08-04 03:02:46.143 31658 31669 I art     : Starting a blocking GC Explicit
08-04 03:02:46.186 31658 31669 I art     : Explicit concurrent mark sweep GC freed 33(1216B) AllocSpace objects, 0(0B) LOS objects, 30% free, 36MB/52MB, paused 249us total 42.998ms
08-04 03:02:46.199 31541 31541 I ServiceManager: Waiting for service AtCmdFwd...
08-04 03:02:46.200 31658 31669 I art     : Starting a blocking GC Explicit
08-04 03:02:46.246 31658 31669 I art     : Explicit concurrent mark sweep GC freed 38(1872B) AllocSpace objects, 0(0B) LOS objects, 30% free, 36MB/52MB, paused 226us total 46.531ms
08-04 03:02:46.262 31658 31669 I art     : Starting a blocking GC Explicit
08-04 03:02:46.297 31658 31669 I art     : Explicit concurrent mark sweep GC freed 121701(11MB) AllocSpace objects, 3(136KB) LOS objects, 38% free, 25MB/41MB, paused 204us total 34.323ms
08-04 03:02:46.590 31658 31923 I art     : Starting a blocking GC Explicit
08-04 03:02:46.624 31658 31923 I art     : Explicit concurrent mark sweep GC freed 1292(75KB) AllocSpace objects, 1(20KB) LOS objects, 38% free, 25MB/41MB, paused 259us total 33.513ms
08-04 03:02:46.639 31658 31923 I art     : Starting a blocking GC Explicit
08-04 03:02:46.663 31658 31923 I art     : Explicit concurrent mark sweep GC freed 18(624B) AllocSpace objects, 0(0B) LOS objects, 38% free, 25MB/41MB, paused 226us total 24.109ms
08-04 03:02:46.673 31658 31923 I art     : Starting a blocking GC Explicit
08-04 03:02:46.697 31658 31923 I art     : Explicit concurrent mark sweep GC freed 3(96B) AllocSpace objects, 0(0B) LOS objects, 38% free, 25MB/41MB, paused 283us total 23.801ms
08-04 03:02:46.706 31658 31923 I art     : Starting a blocking GC Explicit
08-04 03:02:46.730 31658 31923 I art     : Explicit concurrent mark sweep GC freed 3(96B) AllocSpace objects, 0(0B) LOS objects, 38% free, 25MB/41MB, paused 229us total 23.845ms
08-04 03:02:46.739 31658 31923 I art     : Starting a blocking GC Explicit
08-04 03:02:46.764 31658 31923 I art     : Explicit concurrent mark sweep GC freed 3(96B) AllocSpace objects, 0(0B) LOS objects, 38% free, 25MB/41MB, paused 222us total 23.886ms
08-04 03:02:47.030   518   646 I ThermalEngine: ACTION: GPU - Setting GPU[0] to 510000000
08-04 03:02:47.113 31658 31693 I art     : Waiting for a blocking GC Explicit
08-04 03:02:47.114 31658 31693 I art     : Starting a blocking GC Explicit
08-04 03:02:47.159 31658 31693 I art     : Explicit concurrent mark sweep GC freed 1316(76KB) AllocSpace objects, 1(20KB) LOS objects, 38% free, 25MB/41MB, paused 327us total 44.734ms
08-04 03:02:47.170 31658 31693 I art     : Starting a blocking GC Explicit
08-04 03:02:47.199 31541 31541 W Atfwd_Sendcmd: AtCmdFwd service not published, waiting... retryCnt : 4
08-04 03:02:47.203 31658 31693 I art     : Explicit concurrent mark sweep GC freed 50(1664B) AllocSpace objects, 0(0B) LOS objects, 38% free, 25MB/41MB, paused 289us total 31.990ms
08-04 03:02:47.217 31658 31693 I art     : Starting a blocking GC Explicit
08-04 03:02:47.250 31658 31693 I art     : Explicit concurrent mark sweep GC freed 33(1056B) AllocSpace objects, 0(0B) LOS objects, 38% free, 25MB/41MB, paused 288us total 32.679ms
08-04 03:02:47.263 31658 31693 I art     : Starting a blocking GC Explicit
08-04 03:02:47.296 31658 31693 I art     : Explicit concurrent mark sweep GC freed 24(768B) AllocSpace objects, 0(0B) LOS objects, 38% free, 25MB/41MB, paused 571us total 33.062ms
08-04 03:02:47.308 31658 31693 I art     : Starting a blocking GC Explicit
08-04 03:02:47.340 31658 31693 I art     : Explicit concurrent mark sweep GC freed 32(1024B) AllocSpace objects, 0(0B) LOS objects, 38% free, 25MB/41MB, paused 467us total 31.865ms
08-04 03:02:47.673 31658 31923 I art     : Starting a blocking GC Explicit
08-04 03:02:47.715 31658 31923 I art     : Explicit concurrent mark sweep GC freed 1335(76KB) AllocSpace objects, 1(20KB) LOS objects, 38% free, 25MB/41MB, paused 333us total 41.726ms
08-04 03:02:47.731 31658 31923 I art     : Starting a blocking GC Explicit
08-04 03:02:47.767 31658 31923 I art     : Explicit concurrent mark sweep GC freed 24(816B) AllocSpace objects, 0(0B) LOS objects, 38% free, 25MB/41MB, paused 316us total 35.761ms
08-04 03:02:47.780 31658 31923 I art     : Starting a blocking GC Explicit
08-04 03:02:47.816 31658 31923 I art     : Explicit concurrent mark sweep GC freed 6(192B) AllocSpace objects, 0(0B) LOS objects, 38% free, 25MB/41MB, paused 341us total 35.368ms
08-04 03:02:47.829 31658 31923 I art     : Starting a blocking GC Explicit
08-04 03:02:47.861 31658 31923 I art     : Explicit concurrent mark sweep GC freed 4(160B) AllocSpace objects, 0(0B) LOS objects, 38% free, 25MB/41MB, paused 282us total 31.913ms
08-04 03:02:47.872 31658 31923 I art     : Starting a blocking GC Explicit
08-04 03:02:47.902 31658 31923 I art     : Explicit concurrent mark sweep GC freed 3(96B) AllocSpace objects, 0(0B) LOS objects, 38% free, 25MB/41MB, paused 302us total 29.158ms
08-04 03:02:48.227 31658 31670 I art     : Starting a blocking GC Explicit
08-04 03:02:48.266 31658 31670 I art     : Explicit concurrent mark sweep GC freed 1293(75KB) AllocSpace objects, 1(20KB) LOS objects, 38% free, 25MB/41MB, paused 348us total 38.907ms
08-04 03:02:48.280 31658 31670 I art     : Starting a blocking GC Explicit
08-04 03:02:48.311 31658 31670 I art     : Explicit concurrent mark sweep GC freed 18(624B) AllocSpace objects, 0(0B) LOS objects, 38% free, 25MB/41MB, paused 320us total 30.390ms
08-04 03:02:48.323 31658 31670 I art     : Starting a blocking GC Explicit
08-04 03:02:48.353 31658 31670 I art     : Explicit concurrent mark sweep GC freed 3(96B) AllocSpace objects, 0(0B) LOS objects, 38% free, 25MB/41MB, paused 316us total 30.140ms
08-04 03:02:48.365 31658 31670 I art     : Starting a blocking GC Explicit
08-04 03:02:48.395 31658 31670 I art     : Explicit concurrent mark sweep GC freed 3(96B) AllocSpace objects, 0(0B) LOS objects, 38% free, 25MB/41MB, paused 311us total 29.775ms
08-04 03:02:48.406 31658 31670 I art     : Starting a blocking GC Explicit
08-04 03:02:48.437 31658 31670 I art     : Explicit concurrent mark sweep GC freed 3(96B) AllocSpace objects, 0(0B) LOS objects, 38% free, 25MB/41MB, paused 315us total 30.007ms
08-04 03:02:48.762 31658 31669 I art     : Starting a blocking GC Explicit
08-04 03:02:48.800 31658 31669 I art     : Explicit concurrent mark sweep GC freed 1293(75KB) AllocSpace objects, 1(20KB) LOS objects, 38% free, 25MB/41MB, paused 341us total 38.357ms
08-04 03:02:48.814 31658 31669 I art     : Starting a blocking GC Explicit
08-04 03:02:48.844 31658 31669 I art     : Explicit concurrent mark sweep GC freed 18(624B) AllocSpace objects, 0(0B) LOS objects, 38% free, 25MB/41MB, paused 317us total 30.450ms
08-04 03:02:48.857 31658 31669 I art     : Starting a blocking GC Explicit
08-04 03:02:48.887 31658 31669 I art     : Explicit concurrent mark sweep GC freed 3(96B) AllocSpace objects, 0(0B) LOS objects, 38% free, 25MB/41MB, paused 315us total 30.132ms
08-04 03:02:48.899 31658 31669 I art     : Starting a blocking GC Explicit
08-04 03:02:48.929 31658 31669 I art     : Explicit concurrent mark sweep GC freed 3(96B) AllocSpace objects, 0(0B) LOS objects, 38% free, 25MB/41MB, paused 317us total 29.827ms
08-04 03:02:48.940 31658 31669 I art     : Starting a blocking GC Explicit
08-04 03:02:48.971 31658 31669 I art     : Explicit concurrent mark sweep GC freed 3(96B) AllocSpace objects, 0(0B) LOS objects, 38% free, 25MB/41MB, paused 315us total 29.927ms
08-04 03:02:49.289 31658 31670 I art     : Starting a blocking GC Explicit
08-04 03:02:49.324 31658 31670 I art     : Explicit concurrent mark sweep GC freed 1396(79KB) AllocSpace objects, 1(20KB) LOS objects, 38% free, 25MB/41MB, paused 312us total 34.031ms
08-04 03:02:49.338 31658 31670 I art     : Starting a blocking GC Explicit
08-04 03:02:49.367 31658 31670 I art     : Explicit concurrent mark sweep GC freed 165(10KB) AllocSpace objects, 0(0B) LOS objects, 38% free, 25MB/41MB, paused 309us total 27.976ms
08-04 03:02:49.378 31658 31670 I art     : Starting a blocking GC Explicit
08-04 03:02:49.406 31658 31670 I art     : Explicit concurrent mark sweep GC freed 3(96B) AllocSpace objects, 0(0B) LOS objects, 38% free, 25MB/41MB, paused 311us total 28.249ms
08-04 03:02:49.417 31658 31670 I art     : Starting a blocking GC Explicit
08-04 03:02:49.445 31658 31670 I art     : Explicit concurrent mark sweep GC freed 3(96B) AllocSpace objects, 0(0B) LOS objects, 38% free, 25MB/41MB, paused 318us total 28.039ms
08-04 03:02:49.456 31658 31670 I art     : Starting a blocking GC Explicit
08-04 03:02:49.485 31658 31670 I art     : Explicit concurrent mark sweep GC freed 3(96B) AllocSpace objects, 0(0B) LOS objects, 38% free, 25MB/41MB, paused 313us total 28.124ms
08-04 03:02:49.663 32257 32257 D AndroidRuntime: >>>>>> START com.android.internal.os.RuntimeInit uid 2000 <<<<<<
08-04 03:02:49.669 32257 32257 D AndroidRuntime: CheckJNI is OFF
08-04 03:02:49.704 32257 32257 D ICU     : No timezone override file found: /data/misc/zoneinfo/current/icu/icu_tzdata.dat
08-04 03:02:49.736 32257 32257 I Radio-JNI: register_android_hardware_Radio DONE
08-04 03:02:49.749   918   918 I ActivityManager: Start proc 32275:nappatfpr.com.newsblur/u0a658 for service nappatfpr.com.newsblur/.service.NBSyncService
08-04 03:02:49.750 32275 32275 I art     : Late-enabling -Xcheck:jni
08-04 03:02:49.755 23593 23593 I Finsky  : [1] xow.onStartJob(3): SCH: onJobSchedulerWakeup with jobId 9014
08-04 03:02:49.759 32257 32257 D AndroidRuntime: Calling main entry com.android.commands.input.Input
08-04 03:02:49.760 32257 32257 I Input   : injectMotionEvent: MotionEvent { action=ACTION_DOWN, actionButton=0, id[0]=0, x[0]=1215.0, y[0]=1450.0, toolType[0]=TOOL_TYPE_UNKNOWN, buttonState=0, metaState=0, flags=0x0, edgeFlags=0x0, pointerCount=1, historySize=0, eventTime=673386173, downTime=673386173, deviceId=0, source=0x1002 }
08-04 03:02:49.761 23593 23593 I Finsky  : [1] xjw.a(9): Scheduling fallback in 43199995 (absolute: 1699973631)
08-04 03:02:49.763 23593 23593 I Finsky  : [1] xjw.a(9): Scheduling fallback in 64799999 (absolute: 1721573637)
08-04 03:02:49.765 32257 32257 I Input   : injectMotionEvent: MotionEvent { action=ACTION_UP, actionButton=0, id[0]=0, x[0]=1215.0, y[0]=1450.0, toolType[0]=TOOL_TYPE_UNKNOWN, buttonState=0, metaState=0, flags=0x0, edgeFlags=0x0, pointerCount=1, historySize=0, eventTime=673386173, downTime=673386173, deviceId=0, source=0x1002 }
08-04 03:02:49.766 32257 32257 D AndroidRuntime: Shutting down VM
08-04 03:02:49.767 23593 23593 I Finsky  : [1] xow.onStartJob(3): SCH: onJobSchedulerWakeup with jobId 9007
08-04 03:02:49.773 23593 23593 I Finsky  : [1] xjw.a(9): Scheduling fallback in 43199995 (absolute: 1699973643)
08-04 03:02:49.775 23593 23593 I Finsky  : [1] xjw.a(9): Scheduling fallback in 64799998 (absolute: 1721573648)
08-04 03:02:49.778 23593 23593 W Finsky  : [1] xow.onStartJob(9): SCH: onJobSchedulerWakeup while already running
08-04 03:02:49.779 32275 32275 W System  : ClassLoader referenced unknown path: /data/app/nappatfpr.com.newsblur-1/lib/arm64
08-04 03:02:49.782   512  2967 D audio_hw_primary: out_set_parameters: enter: usecase(1: low-latency-playback) kvpairs: routing=2
08-04 03:02:49.795   512  2967 D audio_hw_primary: select_devices: out_snd_device(2: speaker) in_snd_device(0: none)
08-04 03:02:49.795   512  2967 D msm8974_platform: platform_send_audio_calibration: sending audio calibration for snd_device(2) acdb_id(15)
08-04 03:02:49.795   512  2967 I soundtrigger: audio_extn_sound_trigger_update_device_status: device 0x2 of type 0 for Event 1
08-04 03:02:49.797 31658 31923 I art     : Starting a blocking GC Explicit
08-04 03:02:49.808   512  2967 D audio_hw_primary: enable_snd_device: snd_device(2: speaker)
08-04 03:02:49.811   512  2967 D audio_hw_primary: enable_audio_route: apply and update mixer path: low-latency-playback speaker
08-04 03:02:49.828 31658 31923 I art     : Explicit concurrent mark sweep GC freed 1667(108KB) AllocSpace objects, 1(20KB) LOS objects, 38% free, 25MB/41MB, paused 368us total 31.749ms
08-04 03:02:49.839 31658 31923 I art     : Starting a blocking GC Explicit
08-04 03:02:49.867 31658 31923 I art     : Explicit concurrent mark sweep GC freed 291(17KB) AllocSpace objects, 0(0B) LOS objects, 38% free, 25MB/41MB, paused 415us total 27.960ms
08-04 03:02:49.878 31658 31923 I art     : Starting a blocking GC Explicit
08-04 03:02:49.905 31658 31923 I art     : Explicit concurrent mark sweep GC freed 835(61KB) AllocSpace objects, 1(40KB) LOS objects, 38% free, 25MB/41MB, paused 283us total 26.679ms
08-04 03:02:49.916 31658 31923 I art     : Starting a blocking GC Explicit
08-04 03:02:49.929 23593 23593 I Finsky  : [1] xkf.handleMessage(8): SCH: DeviceState: DeviceState{currentTime=1596502969924, isCharging=false, isIdle=false, netAny=true, netNotRoaming=true, netUnmetered=true, batteryPercent=100.0}
08-04 03:02:49.935 23593 31647 I Finsky  : [5712] xmu.a(8): SCH: Jobs in database: 1-1337 3-183 3-184 12-1 24-77777777 26-1414141414 
08-04 03:02:49.939 23593 23593 I Finsky  : [1] xkg.a(16): SCH: Running job: 12-1
08-04 03:02:49.940 23593 23593 I Finsky  : [1] ContentSyncJob.a(16): [ContentSync] job started
08-04 03:02:49.941 23593 23593 I Finsky  : [1] xkf.handleMessage(61): SCH: RunningQueue size: 1, PendingQueue size: 0
08-04 03:02:49.941 23593 23593 I Finsky  : [1] xkf.handleMessage(64): SCH: Running queue: 12-1 
08-04 03:02:49.944 31658 31923 I art     : Explicit concurrent mark sweep GC freed 3(96B) AllocSpace objects, 0(0B) LOS objects, 38% free, 25MB/41MB, paused 283us total 27.426ms
08-04 03:02:49.955 31658 31923 I art     : Starting a blocking GC Explicit
08-04 03:02:49.982 31658 31923 I art     : Explicit concurrent mark sweep GC freed 3(96B) AllocSpace objects, 0(0B) LOS objects, 38% free, 25MB/41MB, paused 287us total 26.986ms
08-04 03:02:50.026 23593 31682 I Finsky  : [5717] dzn.a(22): Completed 0 account content syncs with 0 successful.
08-04 03:02:50.027 23593 23593 I Finsky  : [1] ContentSyncJob.a(1): [ContentSync] Installation state replication succeeded.
08-04 03:02:50.028 23593 23593 I Finsky  : [1] xlr.a(13): SCH: jobFinished: 12-1. TimeElapsed: 89ms.
08-04 03:02:50.028 23593 23593 I Finsky  : [1] xkg.a(36): SCH: Job 12-1 finished. Not rescheduling.
08-04 03:02:50.029 23593 23593 I Finsky  : [1] xkf.handleMessage(61): SCH: RunningQueue size: 0, PendingQueue size: 0
08-04 03:02:50.029 23593 23593 I Finsky  : [1] xkf.handleMessage(25): Executor finished
08-04 03:02:50.036   918  6110 I ActivityManager: Killing 29133:com.android.vending:instant_app_installer/u0a22 (adj 15): empty #17
08-04 03:02:50.058 23593 23593 I Finsky  : [1] xmu.a(8): SCH: Jobs in database: 1-1337 3-183 3-184 24-77777777 26-1414141414 
08-04 03:02:50.060 23593 23593 I Finsky  : [1] xio.a(57): SCH: ConstraintMapping: 24-77777777,  -> L: 0ms, D: 65230778ms, C: false, I: true, N: 0
08-04 03:02:50.061 23593 23593 I Finsky  : [1] xio.a(57): SCH: ConstraintMapping: 1-1337,  -> L: 7040009ms, D: 25382849ms, C: false, I: false, N: 1
08-04 03:02:50.061 23593 23593 I Finsky  : [1] xio.a(57): SCH: ConstraintMapping: 3-183,  -> L: 0ms, D: 85832287ms, C: false, I: true, N: 2
08-04 03:02:50.061 23593 23593 I Finsky  : [1] xio.a(57): SCH: ConstraintMapping: 3-184,  -> L: 0ms, D: 85832368ms, C: true, I: true, N: 2
08-04 03:02:50.062 23593 23593 I Finsky  : [1] xio.a(57): SCH: ConstraintMapping: 26-1414141414,  -> L: 29460403ms, D: 30360403ms, C: false, I: false, N: 0
08-04 03:02:50.078 23593 23593 I Finsky  : [1] xle.a(34): Cancelling existing jobscheduler jobs: 9019 9011 9009 9008 9018 9017 9012 9000 
08-04 03:02:50.079 23593 23593 I Finsky  : [1] xle.a(10): Throttling wakeup for job 9001 (expected to run in 0 ms) due to recent wakeup
08-04 03:02:50.079 23593 23593 I Finsky  : [1] xle.a(27): Scheduling job Id: 9001, L: 30000, D: 65230778, C: false, I: true, N: 0
08-04 03:02:50.081 23593 23593 I Finsky  : [1] xle.a(27): Scheduling job Id: 9002, L: 7040009, D: 25382849, C: false, I: false, N: 1
08-04 03:02:50.082 23593 23593 I Finsky  : [1] xle.a(10): Throttling wakeup for job 9003 (expected to run in 0 ms) due to recent wakeup
08-04 03:02:50.082 23593 23593 I Finsky  : [1] xle.a(27): Scheduling job Id: 9003, L: 30000, D: 85832287, C: false, I: true, N: 2
08-04 03:02:50.084 23593 23593 I Finsky  : [1] xle.a(10): Throttling wakeup for job 9004 (expected to run in 0 ms) due to recent wakeup
08-04 03:02:50.084 23593 23593 I Finsky  : [1] xle.a(27): Scheduling job Id: 9004, L: 30000, D: 85832368, C: true, I: true, N: 2
08-04 03:02:50.085 23593 23593 I Finsky  : [1] xle.a(27): Scheduling job Id: 9005, L: 29460403, D: 30360403, C: false, I: false, N: 0
08-04 03:02:50.086 23593 23593 I Finsky  : [1] xle.a(10): Throttling wakeup for job 9006 (expected to run in 0 ms) due to recent wakeup
08-04 03:02:50.087 23593 23593 I Finsky  : [1] xle.a(27): Scheduling job Id: 9006, L: 30000, D: 65230778, C: false, I: true, N: 0
08-04 03:02:50.089 23593 23593 I Finsky  : [1] xle.a(27): Scheduling job Id: 9007, L: 7040009, D: 25382849, C: false, I: false, N: 1
08-04 03:02:50.090 23593 23593 I Finsky  : [1] xle.a(10): Throttling wakeup for job 9010 (expected to run in 0 ms) due to recent wakeup
08-04 03:02:50.090 23593 23593 I Finsky  : [1] xle.a(27): Scheduling job Id: 9010, L: 30000, D: 85832287, C: false, I: true, N: 2
08-04 03:02:50.092 23593 23593 I Finsky  : [1] xle.a(10): Throttling wakeup for job 9013 (expected to run in 0 ms) due to recent wakeup
08-04 03:02:50.092 23593 23593 I Finsky  : [1] xle.a(27): Scheduling job Id: 9013, L: 30000, D: 85832368, C: true, I: true, N: 2
08-04 03:02:50.093 23593 23593 I Finsky  : [1] xle.a(27): Scheduling job Id: 9015, L: 29460403, D: 30360403, C: false, I: false, N: 0
08-04 03:02:50.241 31658 31669 I art     : Starting a blocking GC Explicit
08-04 03:02:50.280 31658 31669 I art     : Explicit concurrent mark sweep GC freed 1293(75KB) AllocSpace objects, 1(20KB) LOS objects, 38% free, 25MB/41MB, paused 357us total 39.070ms
08-04 03:02:50.296 31658 31669 I art     : Starting a blocking GC Explicit
08-04 03:02:50.326 31658 31669 I art     : Explicit concurrent mark sweep GC freed 18(624B) AllocSpace objects, 0(0B) LOS objects, 38% free, 25MB/41MB, paused 306us total 28.903ms
08-04 03:02:50.337 31658 31669 I art     : Starting a blocking GC Explicit
08-04 03:02:50.365 31658 31669 I art     : Explicit concurrent mark sweep GC freed 3(96B) AllocSpace objects, 0(0B) LOS objects, 38% free, 25MB/41MB, paused 303us total 28.115ms
08-04 03:02:50.369   512  2967 D audio_hw_primary: disable_audio_route: reset and update mixer path: low-latency-playback speaker
08-04 03:02:50.370   512  2967 D audio_hw_primary: disable_snd_device: snd_device(2: speaker)
08-04 03:02:50.377 31658 31669 I art     : Starting a blocking GC Explicit
08-04 03:02:50.378   512  2967 I soundtrigger: audio_extn_sound_trigger_update_device_status: device 0x2 of type 0 for Event 0
08-04 03:02:50.405 31658 31669 I art     : Explicit concurrent mark sweep GC freed 3(96B) AllocSpace objects, 0(0B) LOS objects, 38% free, 25MB/41MB, paused 308us total 28.060ms
08-04 03:02:50.416 31658 31669 I art     : Starting a blocking GC Explicit
08-04 03:02:50.445 31658 31669 I art     : Explicit concurrent mark sweep GC freed 5(176B) AllocSpace objects, 0(0B) LOS objects, 38% free, 25MB/41MB, paused 311us total 29.275ms
08-04 03:02:50.750 31658 31923 I art     : Starting a blocking GC Explicit
08-04 03:02:50.791 31658 31923 I art     : Explicit concurrent mark sweep GC freed 1293(75KB) AllocSpace objects, 1(20KB) LOS objects, 38% free, 25MB/41MB, paused 342us total 40.280ms
08-04 03:02:50.805 31658 31923 I art     : Starting a blocking GC Explicit
08-04 03:02:50.836 31658 31923 I art     : Explicit concurrent mark sweep GC freed 18(624B) AllocSpace objects, 0(0B) LOS objects, 38% free, 25MB/41MB, paused 325us total 31.066ms
08-04 03:02:50.848 31658 31923 I art     : Starting a blocking GC Explicit
08-04 03:02:50.878 31658 31923 I art     : Explicit concurrent mark sweep GC freed 3(96B) AllocSpace objects, 0(0B) LOS objects, 38% free, 25MB/41MB, paused 299us total 29.582ms
08-04 03:02:50.889 31658 31923 I art     : Starting a blocking GC Explicit
08-04 03:02:50.919 31658 31923 I art     : Explicit concurrent mark sweep GC freed 3(96B) AllocSpace objects, 0(0B) LOS objects, 38% free, 25MB/41MB, paused 313us total 29.561ms
08-04 03:02:50.931 31658 31923 I art     : Starting a blocking GC Explicit
08-04 03:02:50.961 31658 31923 I art     : Explicit concurrent mark sweep GC freed 3(96B) AllocSpace objects, 0(0B) LOS objects, 38% free, 25MB/41MB, paused 341us total 29.670ms
08-04 03:02:51.247 31658 31693 I art     : Starting a blocking GC Explicit
08-04 03:02:51.278 31658 31693 I art     : Explicit concurrent mark sweep GC freed 1293(75KB) AllocSpace objects, 1(20KB) LOS objects, 38% free, 25MB/41MB, paused 352us total 30.038ms
08-04 03:02:51.290 31658 31693 I art     : Starting a blocking GC Explicit
08-04 03:02:51.318 31658 31693 I art     : Explicit concurrent mark sweep GC freed 18(624B) AllocSpace objects, 0(0B) LOS objects, 38% free, 25MB/41MB, paused 312us total 28.613ms
08-04 03:02:51.329 31658 31693 I art     : Starting a blocking GC Explicit
08-04 03:02:51.358 31658 31693 I art     : Explicit concurrent mark sweep GC freed 3(96B) AllocSpace objects, 0(0B) LOS objects, 38% free, 25MB/41MB, paused 322us total 28.182ms
08-04 03:02:51.369 31658 31693 I art     : Starting a blocking GC Explicit
08-04 03:02:51.397 31658 31693 I art     : Explicit concurrent mark sweep GC freed 3(96B) AllocSpace objects, 0(0B) LOS objects, 38% free, 25MB/41MB, paused 347us total 27.748ms
08-04 03:02:51.408 31658 31693 I art     : Starting a blocking GC Explicit
08-04 03:02:51.412 32317 32317 D AndroidRuntime: >>>>>> START com.android.internal.os.RuntimeInit uid 2000 <<<<<<
08-04 03:02:51.417 32317 32317 D AndroidRuntime: CheckJNI is OFF
08-04 03:02:51.439 31658 31693 I art     : Explicit concurrent mark sweep GC freed 5(160B) AllocSpace objects, 0(0B) LOS objects, 38% free, 25MB/41MB, paused 328us total 31.051ms
08-04 03:02:51.460 32317 32317 D ICU     : No timezone override file found: /data/misc/zoneinfo/current/icu/icu_tzdata.dat
08-04 03:02:51.491 32317 32317 I Radio-JNI: register_android_hardware_Radio DONE
08-04 03:02:51.513 32317 32317 D AndroidRuntime: Calling main entry com.android.commands.input.Input
08-04 03:02:51.515 32317 32317 I Input   : injectMotionEvent: MotionEvent { action=ACTION_DOWN, actionButton=0, id[0]=0, x[0]=1215.0, y[0]=1482.0, toolType[0]=TOOL_TYPE_UNKNOWN, buttonState=0, metaState=0, flags=0x0, edgeFlags=0x0, pointerCount=1, historySize=0, eventTime=673387928, downTime=673387928, deviceId=0, source=0x1002 }
08-04 03:02:51.521 32317 32317 I Input   : injectMotionEvent: MotionEvent { action=ACTION_UP, actionButton=0, id[0]=0, x[0]=1215.0, y[0]=1482.0, toolType[0]=TOOL_TYPE_UNKNOWN, buttonState=0, metaState=0, flags=0x0, edgeFlags=0x0, pointerCount=1, historySize=0, eventTime=673387928, downTime=673387928, deviceId=0, source=0x1002 }
08-04 03:02:51.523 32317 32317 D AndroidRuntime: Shutting down VM
08-04 03:02:51.535   512  2967 D audio_hw_primary: out_set_parameters: enter: usecase(1: low-latency-playback) kvpairs: routing=2
08-04 03:02:51.548   512  2967 D audio_hw_primary: select_devices: out_snd_device(2: speaker) in_snd_device(0: none)
08-04 03:02:51.548   512  2967 D msm8974_platform: platform_send_audio_calibration: sending audio calibration for snd_device(2) acdb_id(15)
08-04 03:02:51.549   512  2967 I soundtrigger: audio_extn_sound_trigger_update_device_status: device 0x2 of type 0 for Event 1
08-04 03:02:51.550 31658 31658 I SettingsManager: Setting boolean: completedTutorial
08-04 03:02:51.557   918  4400 W BackupManagerService: dataChanged but no participant pkg='baseline.com.ak.uobtimetable' uid=10659
08-04 03:02:51.560   512  2967 D audio_hw_primary: enable_snd_device: snd_device(2: speaker)
08-04 03:02:51.561 31658 31681 D OpenGLRenderer: endAllStagingAnimators on 0x7f995d5400 (RippleDrawable) with handle 0x7f7cffb480
08-04 03:02:51.565   512  2967 D audio_hw_primary: enable_audio_route: apply and update mixer path: low-latency-playback speaker
08-04 03:02:51.571   918   928 W InputMethodManagerService: Window already focused, ignoring focus gain of: com.android.internal.view.IInputMethodClient$Stub$Proxy@b94d4e7 attribute=null, token = android.os.BinderProxy@59b5de9
08-04 03:02:51.690 31658 31669 I art     : Starting a blocking GC Explicit
08-04 03:02:51.722 31658 31669 I art     : Explicit concurrent mark sweep GC freed 1755(109KB) AllocSpace objects, 2(40KB) LOS objects, 38% free, 25MB/41MB, paused 323us total 31.983ms
08-04 03:02:51.735 31658 31669 I art     : Starting a blocking GC Explicit
08-04 03:02:51.768 31658 31669 I art     : Explicit concurrent mark sweep GC freed 1024(69KB) AllocSpace objects, 1(40KB) LOS objects, 38% free, 25MB/41MB, paused 630us total 32.476ms
08-04 03:02:51.780 31658 31669 I art     : Starting a blocking GC Explicit
08-04 03:02:51.808 31658 31669 I art     : Explicit concurrent mark sweep GC freed 3(96B) AllocSpace objects, 0(0B) LOS objects, 38% free, 25MB/41MB, paused 322us total 27.682ms
08-04 03:02:51.818 31658 31669 I art     : Starting a blocking GC Explicit
08-04 03:02:51.843 31658 31669 I art     : Explicit concurrent mark sweep GC freed 3(96B) AllocSpace objects, 0(0B) LOS objects, 38% free, 25MB/41MB, paused 292us total 24.929ms
08-04 03:02:51.854 31658 31669 I art     : Starting a blocking GC Explicit
08-04 03:02:51.880 31658 31669 I art     : Explicit concurrent mark sweep GC freed 3(96B) AllocSpace objects, 0(0B) LOS objects, 38% free, 25MB/41MB, paused 300us total 26.337ms
08-04 03:02:52.108   512  2967 D audio_hw_primary: disable_audio_route: reset and update mixer path: low-latency-playback speaker
08-04 03:02:52.109   512  2967 D audio_hw_primary: disable_snd_device: snd_device(2: speaker)
08-04 03:02:52.118   512  2967 I soundtrigger: audio_extn_sound_trigger_update_device_status: device 0x2 of type 0 for Event 0
08-04 03:02:52.182 31658 31693 I art     : Starting a blocking GC Explicit
08-04 03:02:52.221 31658 31693 I art     : Explicit concurrent mark sweep GC freed 1293(75KB) AllocSpace objects, 1(20KB) LOS objects, 38% free, 25MB/41MB, paused 353us total 38.579ms
08-04 03:02:52.235 31658 31693 I art     : Starting a blocking GC Explicit
08-04 03:02:52.265 31658 31693 I art     : Explicit concurrent mark sweep GC freed 18(624B) AllocSpace objects, 0(0B) LOS objects, 38% free, 25MB/41MB, paused 307us total 29.955ms
08-04 03:02:52.277 31658 31693 I art     : Starting a blocking GC Explicit
08-04 03:02:52.306 31658 31693 I art     : Explicit concurrent mark sweep GC freed 3(96B) AllocSpace objects, 0(0B) LOS objects, 38% free, 25MB/41MB, paused 318us total 28.641ms
08-04 03:02:52.318 31658 31693 I art     : Starting a blocking GC Explicit
08-04 03:02:52.346 31658 31693 I art     : Explicit concurrent mark sweep GC freed 3(96B) AllocSpace objects, 0(0B) LOS objects, 38% free, 25MB/41MB, paused 315us total 28.473ms
08-04 03:02:52.358 31658 31693 I art     : Starting a blocking GC Explicit
08-04 03:02:52.387 31658 31693 I art     : Explicit concurrent mark sweep GC freed 3(96B) AllocSpace objects, 0(0B) LOS objects, 38% free, 25MB/41MB, paused 340us total 29.456ms
08-04 03:02:52.682 31658 31670 I art     : Starting a blocking GC Explicit
08-04 03:02:52.722 31658 31670 I art     : Explicit concurrent mark sweep GC freed 1293(75KB) AllocSpace objects, 1(20KB) LOS objects, 38% free, 25MB/41MB, paused 355us total 39.902ms
08-04 03:02:52.737 31658 31670 I art     : Starting a blocking GC Explicit
08-04 03:02:52.766 31658 31670 I art     : Explicit concurrent mark sweep GC freed 18(624B) AllocSpace objects, 0(0B) LOS objects, 38% free, 25MB/41MB, paused 312us total 28.916ms
08-04 03:02:52.777 31658 31670 I art     : Starting a blocking GC Explicit
08-04 03:02:52.805 31658 31670 I art     : Explicit concurrent mark sweep GC freed 3(96B) AllocSpace objects, 0(0B) LOS objects, 38% free, 25MB/41MB, paused 344us total 27.608ms
08-04 03:02:52.816 31658 31670 I art     : Starting a blocking GC Explicit
08-04 03:02:52.843 31658 31670 I art     : Explicit concurrent mark sweep GC freed 3(96B) AllocSpace objects, 0(0B) LOS objects, 38% free, 25MB/41MB, paused 315us total 26.963ms
08-04 03:02:52.854 31658 31670 I art     : Starting a blocking GC Explicit
08-04 03:02:52.881 31658 31670 I art     : Explicit concurrent mark sweep GC freed 3(96B) AllocSpace objects, 0(0B) LOS objects, 38% free, 25MB/41MB, paused 303us total 27.250ms
08-04 03:02:53.153 31658 31923 I art     : Starting a blocking GC Explicit
08-04 03:02:53.165 32370 32370 D AndroidRuntime: >>>>>> START com.android.internal.os.RuntimeInit uid 2000 <<<<<<
08-04 03:02:53.170 32370 32370 D AndroidRuntime: CheckJNI is OFF
08-04 03:02:53.184 31658 31923 I art     : Explicit concurrent mark sweep GC freed 1293(75KB) AllocSpace objects, 1(20KB) LOS objects, 38% free, 25MB/41MB, paused 387us total 30.176ms
08-04 03:02:53.195 31658 31923 I art     : Starting a blocking GC Explicit
08-04 03:02:53.207 32370 32370 D ICU     : No timezone override file found: /data/misc/zoneinfo/current/icu/icu_tzdata.dat
08-04 03:02:53.221 31658 31923 I art     : Explicit concurrent mark sweep GC freed 18(624B) AllocSpace objects, 0(0B) LOS objects, 38% free, 25MB/41MB, paused 287us total 25.753ms
08-04 03:02:53.231 31658 31923 I art     : Starting a blocking GC Explicit
08-04 03:02:53.247 32370 32370 I Radio-JNI: register_android_hardware_Radio DONE
08-04 03:02:53.257 31658 31923 I art     : Explicit concurrent mark sweep GC freed 3(96B) AllocSpace objects, 0(0B) LOS objects, 38% free, 25MB/41MB, paused 383us total 25.880ms
08-04 03:02:53.268 31658 31923 I art     : Starting a blocking GC Explicit
08-04 03:02:53.269 32370 32370 D AndroidRuntime: Calling main entry com.android.commands.input.Input
08-04 03:02:53.270 32370 32370 I Input   : injectMotionEvent: MotionEvent { action=ACTION_DOWN, actionButton=0, id[0]=0, x[0]=81.0, y[0]=176.0, toolType[0]=TOOL_TYPE_UNKNOWN, buttonState=0, metaState=0, flags=0x0, edgeFlags=0x0, pointerCount=1, historySize=0, eventTime=673389683, downTime=673389683, deviceId=0, source=0x1002 }
08-04 03:02:53.275 32370 32370 I Input   : injectMotionEvent: MotionEvent { action=ACTION_UP, actionButton=0, id[0]=0, x[0]=81.0, y[0]=176.0, toolType[0]=TOOL_TYPE_UNKNOWN, buttonState=0, metaState=0, flags=0x0, edgeFlags=0x0, pointerCount=1, historySize=0, eventTime=673389683, downTime=673389683, deviceId=0, source=0x1002 }
08-04 03:02:53.277 32370 32370 D AndroidRuntime: Shutting down VM
08-04 03:02:53.285   512  2967 D audio_hw_primary: out_set_parameters: enter: usecase(1: low-latency-playback) kvpairs: routing=2
08-04 03:02:53.295 31658 31923 I art     : Explicit concurrent mark sweep GC freed 27(976B) AllocSpace objects, 0(0B) LOS objects, 38% free, 25MB/41MB, paused 313us total 27.165ms
08-04 03:02:53.298   512  2967 D audio_hw_primary: select_devices: out_snd_device(2: speaker) in_snd_device(0: none)
08-04 03:02:53.298   512  2967 D msm8974_platform: platform_send_audio_calibration: sending audio calibration for snd_device(2) acdb_id(15)
08-04 03:02:53.298   512  2967 I soundtrigger: audio_extn_sound_trigger_update_device_status: device 0x2 of type 0 for Event 1
08-04 03:02:53.305 31658 31923 I art     : Starting a blocking GC Explicit
08-04 03:02:53.312   512  2967 D audio_hw_primary: enable_snd_device: snd_device(2: speaker)
08-04 03:02:53.314   512  2967 D audio_hw_primary: enable_audio_route: apply and update mixer path: low-latency-playback speaker
08-04 03:02:53.332 31658 31923 I art     : Explicit concurrent mark sweep GC freed 24(976B) AllocSpace objects, 0(0B) LOS objects, 38% free, 25MB/41MB, paused 334us total 26.602ms
08-04 03:02:53.339 13866 13866 I GoogleInputMethodServic: GoogleInputMethodService.onFinishInput():3138 
08-04 03:02:53.339 13866 13866 I GoogleInputMethodServic: GoogleInputMethodService.onStartInput():1808 
08-04 03:02:53.592 31658 31693 I art     : Starting a blocking GC Explicit
08-04 03:02:53.618 31658 31693 I art     : Explicit concurrent mark sweep GC freed 1670(95KB) AllocSpace objects, 1(20KB) LOS objects, 38% free, 25MB/41MB, paused 477us total 26.383ms
08-04 03:02:53.629 31658 31693 I art     : Starting a blocking GC Explicit
08-04 03:02:53.655 31658 31693 I art     : Explicit concurrent mark sweep GC freed 32(1232B) AllocSpace objects, 0(0B) LOS objects, 38% free, 25MB/41MB, paused 333us total 25.669ms
08-04 03:02:53.665 31658 31693 I art     : Starting a blocking GC Explicit
08-04 03:02:53.691 31658 31693 I art     : Explicit concurrent mark sweep GC freed 3(96B) AllocSpace objects, 0(0B) LOS objects, 38% free, 25MB/41MB, paused 274us total 25.410ms
08-04 03:02:53.701 31658 31693 I art     : Starting a blocking GC Explicit
08-04 03:02:53.727 31658 31693 I art     : Explicit concurrent mark sweep GC freed 6(224B) AllocSpace objects, 0(0B) LOS objects, 38% free, 25MB/41MB, paused 346us total 25.513ms
08-04 03:02:53.738 31658 31693 I art     : Starting a blocking GC Explicit
08-04 03:02:53.764 31658 31693 I art     : Explicit concurrent mark sweep GC freed 5(160B) AllocSpace objects, 0(0B) LOS objects, 38% free, 25MB/41MB, paused 309us total 26.185ms
08-04 03:02:53.859   512  2967 D audio_hw_primary: disable_audio_route: reset and update mixer path: low-latency-playback speaker
08-04 03:02:53.860   512  2967 D audio_hw_primary: disable_snd_device: snd_device(2: speaker)
08-04 03:02:53.869   512  2967 I soundtrigger: audio_extn_sound_trigger_update_device_status: device 0x2 of type 0 for Event 0
08-04 03:02:54.058 31658 31669 I art     : Starting a blocking GC Explicit
08-04 03:02:54.093 31658 31669 I art     : Explicit concurrent mark sweep GC freed 1293(75KB) AllocSpace objects, 1(20KB) LOS objects, 38% free, 25MB/41MB, paused 411us total 34.970ms
08-04 03:02:54.106 31658 31669 I art     : Starting a blocking GC Explicit
08-04 03:02:54.135 31658 31669 I art     : Explicit concurrent mark sweep GC freed 20(688B) AllocSpace objects, 0(0B) LOS objects, 38% free, 25MB/41MB, paused 314us total 28.926ms
08-04 03:02:54.147 31658 31669 I art     : Starting a blocking GC Explicit
08-04 03:02:54.175 31658 31669 I art     : Explicit concurrent mark sweep GC freed 3(96B) AllocSpace objects, 0(0B) LOS objects, 38% free, 25MB/41MB, paused 302us total 28.383ms
08-04 03:02:54.187 31658 31669 I art     : Starting a blocking GC Explicit
08-04 03:02:54.216 31658 31669 I art     : Explicit concurrent mark sweep GC freed 3(96B) AllocSpace objects, 0(0B) LOS objects, 38% free, 25MB/41MB, paused 313us total 29.214ms
08-04 03:02:54.228 31658 31669 I art     : Starting a blocking GC Explicit
08-04 03:02:54.257 31658 31669 I art     : Explicit concurrent mark sweep GC freed 3(96B) AllocSpace objects, 0(0B) LOS objects, 38% free, 25MB/41MB, paused 338us total 29.478ms
08-04 03:02:54.551 31658 31693 I art     : Starting a blocking GC Explicit
08-04 03:02:54.573   918  3261 D WifiStateMachine: starting scan for "H369AA63323"WPA_PSK with 2412,5180
08-04 03:02:54.580 31658 31693 I art     : Explicit concurrent mark sweep GC freed 1293(75KB) AllocSpace objects, 1(20KB) LOS objects, 38% free, 25MB/41MB, paused 314us total 28.095ms
08-04 03:02:54.591 31658 31693 I art     : Starting a blocking GC Explicit
08-04 03:02:54.619 31658 31693 I art     : Explicit concurrent mark sweep GC freed 18(624B) AllocSpace objects, 0(0B) LOS objects, 38% free, 25MB/41MB, paused 329us total 27.841ms
08-04 03:02:54.630 31658 31693 I art     : Starting a blocking GC Explicit
08-04 03:02:54.657 31658 31693 I art     : Explicit concurrent mark sweep GC freed 3(96B) AllocSpace objects, 0(0B) LOS objects, 38% free, 25MB/41MB, paused 410us total 27.355ms
08-04 03:02:54.668 31658 31693 I art     : Starting a blocking GC Explicit
08-04 03:02:54.696 31658 31693 I art     : Explicit concurrent mark sweep GC freed 3(96B) AllocSpace objects, 0(0B) LOS objects, 38% free, 25MB/41MB, paused 306us total 27.549ms
08-04 03:02:54.707 31658 31693 I art     : Starting a blocking GC Explicit
08-04 03:02:54.735 31658 31693 I art     : Explicit concurrent mark sweep GC freed 3(96B) AllocSpace objects, 0(0B) LOS objects, 38% free, 25MB/41MB, paused 314us total 27.728ms
08-04 03:02:54.920 32424 32424 D AndroidRuntime: >>>>>> START com.android.internal.os.RuntimeInit uid 2000 <<<<<<
08-04 03:02:54.925 32424 32424 D AndroidRuntime: CheckJNI is OFF
08-04 03:02:54.957 32424 32424 D ICU     : No timezone override file found: /data/misc/zoneinfo/current/icu/icu_tzdata.dat
08-04 03:02:54.989 32424 32424 I Radio-JNI: register_android_hardware_Radio DONE
08-04 03:02:55.010 32424 32424 D AndroidRuntime: Calling main entry com.android.commands.input.Input
08-04 03:02:55.011 32424 32424 I Input   : injectMotionEvent: MotionEvent { action=ACTION_DOWN, actionButton=0, id[0]=0, x[0]=436.0, y[0]=1770.0, toolType[0]=TOOL_TYPE_UNKNOWN, buttonState=0, metaState=0, flags=0x0, edgeFlags=0x0, pointerCount=1, historySize=0, eventTime=673391424, downTime=673391424, deviceId=0, source=0x1002 }
08-04 03:02:55.015 32424 32424 I Input   : injectMotionEvent: MotionEvent { action=ACTION_UP, actionButton=0, id[0]=0, x[0]=436.0, y[0]=1770.0, toolType[0]=TOOL_TYPE_UNKNOWN, buttonState=0, metaState=0, flags=0x0, edgeFlags=0x0, pointerCount=1, historySize=0, eventTime=673391424, downTime=673391424, deviceId=0, source=0x1002 }
08-04 03:02:55.016 32424 32424 D AndroidRuntime: Shutting down VM
08-04 03:02:55.017 31658 31693 I art     : Starting a blocking GC Explicit
08-04 03:02:55.018 31658 31658 D MainActivity: NavigationItemSelected: Courses
08-04 03:02:55.019   918  3961 I ActivityManager: START u0 {cmp=baseline.com.ak.uobtimetable/.CourseListActivity} from uid 10659 on display 0
08-04 03:02:55.020   512  2967 D audio_hw_primary: out_set_parameters: enter: usecase(1: low-latency-playback) kvpairs: routing=2
08-04 03:02:55.032   512  2967 D audio_hw_primary: select_devices: out_snd_device(2: speaker) in_snd_device(0: none)
08-04 03:02:55.033   512  2967 D msm8974_platform: platform_send_audio_calibration: sending audio calibration for snd_device(2) acdb_id(15)
08-04 03:02:55.033   512  2967 I soundtrigger: audio_extn_sound_trigger_update_device_status: device 0x2 of type 0 for Event 1
08-04 03:02:55.045 31658 31658 D MainActivity: OnPause
08-04 03:02:55.046 31658 31693 I art     : Explicit concurrent mark sweep GC freed 1603(87KB) AllocSpace objects, 1(20KB) LOS objects, 38% free, 25MB/41MB, paused 459us total 28.343ms
08-04 03:02:55.050   512  2967 D audio_hw_primary: enable_snd_device: snd_device(2: speaker)
08-04 03:02:55.053   512  2967 D audio_hw_primary: enable_audio_route: apply and update mixer path: low-latency-playback speaker
08-04 03:02:55.058 31658 31693 I art     : Starting a blocking GC Explicit
08-04 03:02:55.078 31658 31658 D CourseListActivity: onCreate
08-04 03:02:55.080 31658 32447 D HTTP    : Request for: https://uob-timetable-api.adriankeenan.co.uk/courses
08-04 03:02:55.088 31658 31693 I art     : Explicit concurrent mark sweep GC freed 2239(125KB) AllocSpace objects, 0(0B) LOS objects, 38% free, 25MB/41MB, paused 605us total 28.863ms
08-04 03:02:55.098 31658 31693 I art     : Starting a blocking GC Explicit
08-04 03:02:55.124 31658 31693 I art     : Explicit concurrent mark sweep GC freed 616(32KB) AllocSpace objects, 0(0B) LOS objects, 38% free, 25MB/41MB, paused 538us total 25.813ms
08-04 03:02:55.136 31658 31693 I art     : Starting a blocking GC Explicit
08-04 03:02:55.140   918   936 I ActivityManager: Displayed baseline.com.ak.uobtimetable/.CourseListActivity: +94ms
08-04 03:02:55.140 13866 13866 I GoogleInputMethodServic: GoogleInputMethodService.onFinishInput():3138 
08-04 03:02:55.141 13866 13866 I GoogleInputMethodServic: GoogleInputMethodService.onStartInput():1808 
08-04 03:02:55.164 31658 31693 I art     : Explicit concurrent mark sweep GC freed 212(10KB) AllocSpace objects, 0(0B) LOS objects, 38% free, 25MB/41MB, paused 497us total 27.648ms
08-04 03:02:55.175 31658 31693 I art     : Starting a blocking GC Explicit
08-04 03:02:55.202 31658 31693 I art     : Explicit concurrent mark sweep GC freed 258(12KB) AllocSpace objects, 0(0B) LOS objects, 38% free, 25MB/41MB, paused 520us total 26.232ms
08-04 03:02:55.263 31658 32447 I NAPPA_EXPERIMENTATION: MetricNetworkRequestExecutionTime: REQUEST_DURATION_SYSTEM='183',REQUEST_DURATION_OKHTTP='30',REQUEST_SYNCHRONOUS='TRUE',RESPONSE_CODE='200',RESPONSE_METHOD='GET',RESPONSE_LENGTH_OKHTTP='-1',RESPONSE_LENGTH_HEADER='-2',REQUEST_PROTOCOL='http/1.1',REQUEST_URL='https://uob-timetable-api.adriankeenan.co.uk/courses',
08-04 03:02:55.468 31658 31670 I art     : Waiting for a blocking GC Explicit
08-04 03:02:55.483 31658 31670 I art     : WaitForGcToComplete blocked for 14.996ms for cause Explicit
08-04 03:02:55.483 31658 31670 I art     : Starting a blocking GC Explicit
08-04 03:02:55.508 31658 31670 I art     : Explicit concurrent mark sweep GC freed 30(1136B) AllocSpace objects, 0(0B) LOS objects, 24% free, 48MB/64MB, paused 347us total 25.448ms
08-04 03:02:55.519 31658 31670 I art     : Starting a blocking GC Explicit
08-04 03:02:55.521 31658 31658 D MainActivity: Saving state
08-04 03:02:55.523 31658 31658 D MainActivity: Saving current fragment: SessionListsFragment
08-04 03:02:55.523 31658 31658 D MainActivity: Saving current index: 1
08-04 03:02:55.524 31658 31658 D SessionListsFragment: Saving state
08-04 03:02:55.547 31658 31670 I art     : Explicit concurrent mark sweep GC freed 192(7KB) AllocSpace objects, 0(0B) LOS objects, 24% free, 48MB/64MB, paused 424us total 28.620ms
08-04 03:02:55.558 31658 31670 I art     : Starting a blocking GC Explicit
08-04 03:02:55.584 31658 31670 I art     : Explicit concurrent mark sweep GC freed 46(3KB) AllocSpace objects, 0(0B) LOS objects, 24% free, 48MB/64MB, paused 361us total 25.561ms
08-04 03:02:55.588   512  2967 D audio_hw_primary: disable_audio_route: reset and update mixer path: low-latency-playback speaker
08-04 03:02:55.589   512  2967 D audio_hw_primary: disable_snd_device: snd_device(2: speaker)
08-04 03:02:55.594 31658 31670 I art     : Starting a blocking GC Explicit
08-04 03:02:55.597   512  2967 I soundtrigger: audio_extn_sound_trigger_update_device_status: device 0x2 of type 0 for Event 0
08-04 03:02:55.620 31658 31670 I art     : Explicit concurrent mark sweep GC freed 23(880B) AllocSpace objects, 0(0B) LOS objects, 24% free, 48MB/64MB, paused 473us total 25.768ms
08-04 03:02:55.630 31658 31670 I art     : Starting a blocking GC Explicit
08-04 03:02:55.648 31658 32447 I HTTP    : Response was compressed.
08-04 03:02:55.675 31658 31670 I art     : Explicit concurrent mark sweep GC freed 13153(606KB) AllocSpace objects, 0(0B) LOS objects, 20% free, 63MB/79MB, paused 532us total 44.661ms
08-04 03:02:55.957 31658 31670 I art     : Starting a blocking GC Explicit
08-04 03:02:56.011 31658 31670 I art     : Explicit concurrent mark sweep GC freed 170982(7MB) AllocSpace objects, 3(22MB) LOS objects, 27% free, 42MB/58MB, paused 629us total 53.208ms
08-04 03:02:56.024 31658 31670 I art     : Starting a blocking GC Explicit
08-04 03:02:56.058 31658 31670 I art     : Explicit concurrent mark sweep GC freed 32531(1528KB) AllocSpace objects, 0(0B) LOS objects, 27% free, 42MB/58MB, paused 520us total 34.222ms
08-04 03:02:56.070 31658 31670 I art     : Starting a blocking GC Explicit
08-04 03:02:56.104 31658 31670 I art     : Explicit concurrent mark sweep GC freed 24600(1158KB) AllocSpace objects, 0(0B) LOS objects, 27% free, 42MB/58MB, paused 645us total 33.869ms
08-04 03:02:56.117 31658 31670 I art     : Starting a blocking GC Explicit
08-04 03:02:56.152 31658 31670 I art     : Explicit concurrent mark sweep GC freed 25887(1212KB) AllocSpace objects, 0(0B) LOS objects, 27% free, 42MB/58MB, paused 661us total 34.748ms
08-04 03:02:56.164 31658 31670 I art     : Starting a blocking GC Explicit
08-04 03:02:56.200 31658 31670 I art     : Explicit concurrent mark sweep GC freed 25871(1221KB) AllocSpace objects, 0(0B) LOS objects, 27% free, 42MB/58MB, paused 734us total 35.209ms
08-04 03:02:56.494 31658 31670 I art     : Starting a blocking GC Explicit
08-04 03:02:56.548 31658 31670 I art     : Explicit concurrent mark sweep GC freed 179620(8MB) AllocSpace objects, 1(20KB) LOS objects, 26% free, 44MB/60MB, paused 729us total 53.024ms
08-04 03:02:56.561 31658 31670 I art     : Starting a blocking GC Explicit
08-04 03:02:56.600 31658 31670 I art     : Explicit concurrent mark sweep GC freed 34767(1628KB) AllocSpace objects, 0(0B) LOS objects, 26% free, 44MB/60MB, paused 683us total 38.347ms
08-04 03:02:56.613 31658 31670 I art     : Starting a blocking GC Explicit
08-04 03:02:56.653 31658 31670 I art     : Explicit concurrent mark sweep GC freed 28452(1328KB) AllocSpace objects, 0(0B) LOS objects, 26% free, 44MB/60MB, paused 764us total 39.199ms
08-04 03:02:56.666 31658 31670 I art     : Starting a blocking GC Explicit
08-04 03:02:56.707 31658 31670 I art     : Explicit concurrent mark sweep GC freed 30123(1406KB) AllocSpace objects, 0(0B) LOS objects, 26% free, 44MB/60MB, paused 784us total 40.584ms
08-04 03:02:56.721 31658 31670 I art     : Starting a blocking GC Explicit
08-04 03:02:56.762 31658 31670 I art     : Explicit concurrent mark sweep GC freed 30171(1411KB) AllocSpace objects, 0(0B) LOS objects, 26% free, 45MB/61MB, paused 777us total 41.027ms
08-04 03:02:57.048 31658 31669 I art     : Starting a blocking GC Explicit
08-04 03:02:57.114 31658 31669 I art     : Explicit concurrent mark sweep GC freed 184510(8MB) AllocSpace objects, 1(20KB) LOS objects, 25% free, 46MB/62MB, paused 835us total 65.641ms
08-04 03:02:57.131 31658 31669 I art     : Starting a blocking GC Explicit
08-04 03:02:57.175 31658 31669 I art     : Explicit concurrent mark sweep GC freed 38160(1793KB) AllocSpace objects, 0(0B) LOS objects, 25% free, 46MB/62MB, paused 829us total 43.797ms
08-04 03:02:57.190 31658 31669 I art     : Starting a blocking GC Explicit
08-04 03:02:57.236 31658 31669 I art     : Explicit concurrent mark sweep GC freed 33326(1570KB) AllocSpace objects, 0(0B) LOS objects, 25% free, 47MB/63MB, paused 919us total 45.874ms
08-04 03:02:57.236 31658 31668 I art     : WaitForGcToComplete blocked for 15.065ms for cause HeapTrim
08-04 03:02:57.251 31658 31669 I art     : Starting a blocking GC Explicit
08-04 03:02:57.296 31658 31669 I art     : Explicit concurrent mark sweep GC freed 33277(1566KB) AllocSpace objects, 0(0B) LOS objects, 25% free, 47MB/63MB, paused 930us total 44.830ms
08-04 03:02:57.312 31658 31669 I art     : Starting a blocking GC Explicit
08-04 03:02:57.360 31658 31669 I art     : Explicit concurrent mark sweep GC freed 34013(1598KB) AllocSpace objects, 0(0B) LOS objects, 25% free, 47MB/63MB, paused 994us total 47.804ms
08-04 03:02:57.649 31658 31693 I art     : Starting a blocking GC Explicit
08-04 03:02:57.716 31658 31693 I art     : Explicit concurrent mark sweep GC freed 183978(8MB) AllocSpace objects, 1(20KB) LOS objects, 24% free, 49MB/65MB, paused 932us total 67.335ms
08-04 03:02:57.734 31658 31693 I art     : Starting a blocking GC Explicit
08-04 03:02:57.784 31658 31693 I art     : Explicit concurrent mark sweep GC freed 42403(1978KB) AllocSpace objects, 0(0B) LOS objects, 24% free, 49MB/65MB, paused 1.021ms total 49.533ms
08-04 03:02:57.800 31658 31693 I art     : Starting a blocking GC Explicit
08-04 03:02:57.851 31658 31693 I art     : Explicit concurrent mark sweep GC freed 36962(1723KB) AllocSpace objects, 0(0B) LOS objects, 24% free, 49MB/65MB, paused 1.015ms total 50.928ms
08-04 03:02:57.867 31658 31693 I art     : Starting a blocking GC Explicit
08-04 03:02:57.919 31658 31693 I art     : Explicit concurrent mark sweep GC freed 36954(1731KB) AllocSpace objects, 0(0B) LOS objects, 24% free, 49MB/65MB, paused 1.108ms total 52.198ms
08-04 03:02:57.935 31658 31693 I art     : Starting a blocking GC Explicit
08-04 03:02:57.987 31658 31693 I art     : Explicit concurrent mark sweep GC freed 36201(1687KB) AllocSpace objects, 0(0B) LOS objects, 24% free, 50MB/66MB, paused 1.021ms total 51.900ms
08-04 03:02:58.286 31658 31693 I art     : Starting a blocking GC Explicit
08-04 03:02:58.361 31658 31693 I art     : Explicit concurrent mark sweep GC freed 194728(8MB) AllocSpace objects, 1(20KB) LOS objects, 23% free, 51MB/67MB, paused 1.126ms total 74.159ms
08-04 03:02:58.379 31658 31693 I art     : Starting a blocking GC Explicit
08-04 03:02:58.430 31658 32447 I Service : getCourses response time: 0.69
08-04 03:02:58.435 31658 31693 I art     : Explicit concurrent mark sweep GC freed 45078(2MB) AllocSpace objects, 0(0B) LOS objects, 23% free, 51MB/67MB, paused 1.191ms total 55.782ms
08-04 03:02:58.440 31658 31658 I SettingsManager: Getting string: savedCourse
08-04 03:02:58.452 31658 31693 I art     : Starting a blocking GC Explicit
08-04 03:02:58.505 31658 31693 I art     : Explicit concurrent mark sweep GC freed 2965(137KB) AllocSpace objects, 1(14MB) LOS objects, 30% free, 36MB/52MB, paused 573us total 53.331ms
08-04 03:02:58.522 31658 31693 I art     : Starting a blocking GC Explicit
08-04 03:02:58.574 31658 31693 I art     : Explicit concurrent mark sweep GC freed 594(20KB) AllocSpace objects, 0(0B) LOS objects, 30% free, 36MB/52MB, paused 339us total 51.128ms
08-04 03:02:58.592 31658 31693 I art     : Starting a blocking GC Explicit
08-04 03:02:58.649 31658 31693 I art     : Explicit concurrent mark sweep GC freed 674(63KB) AllocSpace objects, 0(0B) LOS objects, 30% free, 36MB/52MB, paused 343us total 56.998ms
08-04 03:02:58.993 31658 31669 I art     : Starting a blocking GC Explicit
08-04 03:02:59.069 31658 31669 I art     : Explicit concurrent mark sweep GC freed 1293(75KB) AllocSpace objects, 1(20KB) LOS objects, 30% free, 36MB/52MB, paused 353us total 75.641ms
08-04 03:02:59.088 31658 31669 I art     : Starting a blocking GC Explicit
08-04 03:02:59.143 31658 31669 I art     : Explicit concurrent mark sweep GC freed 18(624B) AllocSpace objects, 0(0B) LOS objects, 30% free, 36MB/52MB, paused 418us total 54.411ms
08-04 03:02:59.163 31658 31669 I art     : Starting a blocking GC Explicit
08-04 03:02:59.221 31658 31669 I art     : Explicit concurrent mark sweep GC freed 3(96B) AllocSpace objects, 0(0B) LOS objects, 30% free, 36MB/52MB, paused 359us total 57.568ms
08-04 03:02:59.240 31658 31669 I art     : Starting a blocking GC Explicit
08-04 03:02:59.298 31658 31669 I art     : Explicit concurrent mark sweep GC freed 3(96B) AllocSpace objects, 0(0B) LOS objects, 30% free, 36MB/52MB, paused 354us total 56.983ms
08-04 03:02:59.318 31658 31669 I art     : Starting a blocking GC Explicit
08-04 03:02:59.371 31658 31669 I art     : Explicit concurrent mark sweep GC freed 3(96B) AllocSpace objects, 0(0B) LOS objects, 30% free, 36MB/52MB, paused 353us total 53.479ms
08-04 03:02:59.701 31658 31670 I art     : Starting a blocking GC Explicit
08-04 03:02:59.780 31658 31670 I art     : Explicit concurrent mark sweep GC freed 1293(75KB) AllocSpace objects, 1(20KB) LOS objects, 30% free, 36MB/52MB, paused 389us total 78.534ms
08-04 03:02:59.801 31658 31670 I art     : Starting a blocking GC Explicit
08-04 03:02:59.855 31658 31670 I art     : Explicit concurrent mark sweep GC freed 18(624B) AllocSpace objects, 0(0B) LOS objects, 30% free, 36MB/52MB, paused 362us total 53.120ms
08-04 03:02:59.874 31658 31670 I art     : Starting a blocking GC Explicit
08-04 03:02:59.928 31658 31670 I art     : Explicit concurrent mark sweep GC freed 3(96B) AllocSpace objects, 0(0B) LOS objects, 30% free, 36MB/52MB, paused 374us total 53.738ms
08-04 03:02:59.947 31658 31670 I art     : Starting a blocking GC Explicit
08-04 03:03:00.004 31658 31670 I art     : Explicit concurrent mark sweep GC freed 3(96B) AllocSpace objects, 0(0B) LOS objects, 30% free, 36MB/52MB, paused 326us total 56.166ms
08-04 03:03:00.023 31658 31670 I art     : Starting a blocking GC Explicit
08-04 03:03:00.071 31658 31670 I art     : Explicit concurrent mark sweep GC freed 3(96B) AllocSpace objects, 0(0B) LOS objects, 30% free, 36MB/52MB, paused 318us total 47.730ms
08-04 03:03:00.373 31658 31693 I art     : Starting a blocking GC Explicit
08-04 03:03:00.417   918  6111 I ActivityManager: Killing 30712:nappagreedy.com.newsblur/u0a655 (adj 15): empty #17
08-04 03:03:00.442 31658 31693 I art     : Explicit concurrent mark sweep GC freed 1307(76KB) AllocSpace objects, 1(20KB) LOS objects, 30% free, 36MB/52MB, paused 357us total 69.191ms
08-04 03:03:00.461 31658 31693 I art     : Starting a blocking GC Explicit
08-04 03:03:00.518 31658 31693 I art     : Explicit concurrent mark sweep GC freed 49(2416B) AllocSpace objects, 0(0B) LOS objects, 30% free, 36MB/52MB, paused 361us total 57.063ms
08-04 03:03:00.536 31658 31693 I art     : Starting a blocking GC Explicit
08-04 03:03:00.596 31658 31693 I art     : Explicit concurrent mark sweep GC freed 9(320B) AllocSpace objects, 0(0B) LOS objects, 30% free, 36MB/52MB, paused 352us total 58.887ms
08-04 03:03:00.616 31658 31693 I art     : Starting a blocking GC Explicit
08-04 03:03:00.670 31658 31693 I art     : Explicit concurrent mark sweep GC freed 3(96B) AllocSpace objects, 0(0B) LOS objects, 30% free, 36MB/52MB, paused 356us total 53.701ms
08-04 03:03:00.689 31658 31693 I art     : Starting a blocking GC Explicit
08-04 03:03:00.748 31658 31693 I art     : Explicit concurrent mark sweep GC freed 3(96B) AllocSpace objects, 0(0B) LOS objects, 30% free, 36MB/52MB, paused 352us total 58.579ms
08-04 03:03:01.081 31658 31670 I art     : Starting a blocking GC Explicit
08-04 03:03:01.151 31658 31670 I art     : Explicit concurrent mark sweep GC freed 1294(75KB) AllocSpace objects, 1(20KB) LOS objects, 30% free, 36MB/52MB, paused 360us total 69.195ms
08-04 03:03:01.170 31658 31670 I art     : Starting a blocking GC Explicit
08-04 03:03:01.229 31658 31670 I art     : Explicit concurrent mark sweep GC freed 18(624B) AllocSpace objects, 0(0B) LOS objects, 30% free, 36MB/52MB, paused 362us total 59.206ms
08-04 03:03:01.248 31658 31670 I art     : Starting a blocking GC Explicit
08-04 03:03:01.305 31658 31670 I art     : Explicit concurrent mark sweep GC freed 3(96B) AllocSpace objects, 0(0B) LOS objects, 30% free, 36MB/52MB, paused 343us total 56.190ms
08-04 03:03:01.323 31658 31670 I art     : Starting a blocking GC Explicit
08-04 03:03:01.375 31658 31670 I art     : Explicit concurrent mark sweep GC freed 3(96B) AllocSpace objects, 0(0B) LOS objects, 30% free, 36MB/52MB, paused 364us total 52.130ms
08-04 03:03:01.394 31658 31670 I art     : Starting a blocking GC Explicit
08-04 03:03:01.450 31658 31670 I art     : Explicit concurrent mark sweep GC freed 3(96B) AllocSpace objects, 0(0B) LOS objects, 30% free, 36MB/52MB, paused 452us total 55.645ms
08-04 03:03:01.689 32551 32551 D AndroidRuntime: >>>>>> START com.android.internal.os.RuntimeInit uid 2000 <<<<<<
08-04 03:03:01.694 32551 32551 D AndroidRuntime: CheckJNI is OFF
08-04 03:03:01.728 32551 32551 D ICU     : No timezone override file found: /data/misc/zoneinfo/current/icu/icu_tzdata.dat
08-04 03:03:01.761 32551 32551 I Radio-JNI: register_android_hardware_Radio DONE
08-04 03:03:01.769 31658 31669 I art     : Starting a blocking GC Explicit
08-04 03:03:01.783 32551 32551 D AndroidRuntime: Calling main entry com.android.commands.input.Input
08-04 03:03:01.785 32551 32551 I Input   : injectMotionEvent: MotionEvent { action=ACTION_DOWN, actionButton=0, id[0]=0, x[0]=558.0, y[0]=368.0, toolType[0]=TOOL_TYPE_UNKNOWN, buttonState=0, metaState=0, flags=0x0, edgeFlags=0x0, pointerCount=1, historySize=0, eventTime=673398198, downTime=673398198, deviceId=0, source=0x1002 }
08-04 03:03:01.789 32551 32551 I Input   : injectMotionEvent: MotionEvent { action=ACTION_UP, actionButton=0, id[0]=0, x[0]=558.0, y[0]=368.0, toolType[0]=TOOL_TYPE_UNKNOWN, buttonState=0, metaState=0, flags=0x0, edgeFlags=0x0, pointerCount=1, historySize=0, eventTime=673398198, downTime=673398198, deviceId=0, source=0x1002 }
08-04 03:03:01.790 32551 32551 D AndroidRuntime: Shutting down VM
08-04 03:03:01.828 31658 31669 I art     : Explicit concurrent mark sweep GC freed 1476(107KB) AllocSpace objects, 1(20KB) LOS objects, 30% free, 36MB/52MB, paused 513us total 58.760ms
08-04 03:03:01.844 31658 31669 I art     : Starting a blocking GC Explicit
08-04 03:03:01.901 31658 31669 I art     : Explicit concurrent mark sweep GC freed 637(56KB) AllocSpace objects, 0(0B) LOS objects, 30% free, 36MB/52MB, paused 512us total 56.188ms
08-04 03:03:01.918 31658 31669 I art     : Starting a blocking GC Explicit
08-04 03:03:01.973 31658 31669 I art     : Explicit concurrent mark sweep GC freed 141(9KB) AllocSpace objects, 0(0B) LOS objects, 30% free, 36MB/52MB, paused 339us total 55.086ms
08-04 03:03:01.990 31658 31669 I art     : Starting a blocking GC Explicit
08-04 03:03:02.042 31658 31669 I art     : Explicit concurrent mark sweep GC freed 50(2080B) AllocSpace objects, 0(0B) LOS objects, 30% free, 36MB/52MB, paused 332us total 51.637ms
08-04 03:03:02.061 31658 31669 I art     : Starting a blocking GC Explicit
08-04 03:03:02.113 31658 31669 I art     : Explicit concurrent mark sweep GC freed 31(1280B) AllocSpace objects, 0(0B) LOS objects, 30% free, 36MB/52MB, paused 321us total 51.799ms
08-04 03:03:02.412 31658 31923 I art     : Starting a blocking GC Explicit
08-04 03:03:02.478 31658 31923 I art     : Explicit concurrent mark sweep GC freed 1610(89KB) AllocSpace objects, 1(20KB) LOS objects, 30% free, 36MB/52MB, paused 566us total 65.532ms
08-04 03:03:02.499 31658 31923 I art     : Starting a blocking GC Explicit
08-04 03:03:02.553 31658 31923 I art     : Explicit concurrent mark sweep GC freed 32(1104B) AllocSpace objects, 0(0B) LOS objects, 30% free, 36MB/52MB, paused 356us total 54.334ms
08-04 03:03:02.571 31658 31923 I art     : Starting a blocking GC Explicit
08-04 03:03:02.631 31658 31923 I art     : Explicit concurrent mark sweep GC freed 3(96B) AllocSpace objects, 0(0B) LOS objects, 30% free, 36MB/52MB, paused 357us total 59.367ms
08-04 03:03:02.651 31658 31923 I art     : Starting a blocking GC Explicit
08-04 03:03:02.705 31658 31923 I art     : Explicit concurrent mark sweep GC freed 3(96B) AllocSpace objects, 0(0B) LOS objects, 30% free, 36MB/52MB, paused 359us total 53.665ms
08-04 03:03:02.725 31658 31923 I art     : Starting a blocking GC Explicit
08-04 03:03:02.779 31658 31923 I art     : Explicit concurrent mark sweep GC freed 3(96B) AllocSpace objects, 0(0B) LOS objects, 30% free, 36MB/52MB, paused 362us total 53.909ms
08-04 03:03:03.089 31658 31693 I art     : Starting a blocking GC Explicit
08-04 03:03:03.150 31658 31693 I art     : Explicit concurrent mark sweep GC freed 1293(75KB) AllocSpace objects, 1(20KB) LOS objects, 30% free, 36MB/52MB, paused 394us total 60.896ms
08-04 03:03:03.170 31658 31693 I art     : Starting a blocking GC Explicit
08-04 03:03:03.226 31658 31693 I art     : Explicit concurrent mark sweep GC freed 18(624B) AllocSpace objects, 0(0B) LOS objects, 30% free, 36MB/52MB, paused 343us total 56.518ms
08-04 03:03:03.245 31658 31693 I art     : Starting a blocking GC Explicit
08-04 03:03:03.300 31658 31693 I art     : Explicit concurrent mark sweep GC freed 3(96B) AllocSpace objects, 0(0B) LOS objects, 30% free, 36MB/52MB, paused 352us total 55.145ms
08-04 03:03:03.318 31658 31693 I art     : Starting a blocking GC Explicit
08-04 03:03:03.375 31658 31693 I art     : Explicit concurrent mark sweep GC freed 3(96B) AllocSpace objects, 0(0B) LOS objects, 30% free, 36MB/52MB, paused 360us total 56.320ms
08-04 03:03:03.393 31658 31693 I art     : Starting a blocking GC Explicit
08-04 03:03:03.443 32595 32595 D AndroidRuntime: >>>>>> START com.android.internal.os.RuntimeInit uid 2000 <<<<<<
08-04 03:03:03.446 31658 31693 I art     : Explicit concurrent mark sweep GC freed 3(96B) AllocSpace objects, 0(0B) LOS objects, 30% free, 36MB/52MB, paused 362us total 52.661ms
08-04 03:03:03.448 32595 32595 D AndroidRuntime: CheckJNI is OFF
08-04 03:03:03.481 32595 32595 D ICU     : No timezone override file found: /data/misc/zoneinfo/current/icu/icu_tzdata.dat
08-04 03:03:03.511 32595 32595 I Radio-JNI: register_android_hardware_Radio DONE
08-04 03:03:03.533 32595 32595 D AndroidRuntime: Calling main entry com.android.commands.input.Input
08-04 03:03:03.535 32595 32595 I Input   : injectMotionEvent: MotionEvent { action=ACTION_DOWN, actionButton=0, id[0]=0, x[0]=945.0, y[0]=1376.0, toolType[0]=TOOL_TYPE_UNKNOWN, buttonState=0, metaState=0, flags=0x0, edgeFlags=0x0, pointerCount=1, historySize=0, eventTime=673399947, downTime=673399947, deviceId=0, source=0x1002 }
08-04 03:03:03.539 32595 32595 I Input   : injectMotionEvent: MotionEvent { action=ACTION_UP, actionButton=0, id[0]=0, x[0]=945.0, y[0]=1376.0, toolType[0]=TOOL_TYPE_UNKNOWN, buttonState=0, metaState=0, flags=0x0, edgeFlags=0x0, pointerCount=1, historySize=0, eventTime=673399947, downTime=673399947, deviceId=0, source=0x1002 }
08-04 03:03:03.541 32595 32595 D AndroidRuntime: Shutting down VM
08-04 03:03:03.616   512  2967 D audio_hw_primary: out_set_parameters: enter: usecase(1: low-latency-playback) kvpairs: routing=2
08-04 03:03:03.629   512  2967 D audio_hw_primary: select_devices: out_snd_device(2: speaker) in_snd_device(0: none)
08-04 03:03:03.629   512  2967 D msm8974_platform: platform_send_audio_calibration: sending audio calibration for snd_device(2) acdb_id(15)
08-04 03:03:03.630   512  2967 I soundtrigger: audio_extn_sound_trigger_update_device_status: device 0x2 of type 0 for Event 1
08-04 03:03:03.632 13866 13866 I GoogleInputMethodServic: GoogleInputMethodService.onFinishInput():3138 
08-04 03:03:03.633 13866 13866 I GoogleInputMethodServic: GoogleInputMethodService.onStartInput():1808 
08-04 03:03:03.642   512  2967 D audio_hw_primary: enable_snd_device: snd_device(2: speaker)
08-04 03:03:03.645   512  2967 D audio_hw_primary: enable_audio_route: apply and update mixer path: low-latency-playback speaker
08-04 03:03:03.647 13866 13866 I GoogleInputMethodServic: GoogleInputMethodService.onFinishInput():3138 
08-04 03:03:03.648 13866 13866 I GoogleInputMethodServic: GoogleInputMethodService.onStartInput():1808 
08-04 03:03:03.737 31658 31669 I art     : Starting a blocking GC Explicit
08-04 03:03:03.789 31658 31669 I art     : Explicit concurrent mark sweep GC freed 2303(131KB) AllocSpace objects, 1(20KB) LOS objects, 30% free, 36MB/52MB, paused 373us total 51.633ms
08-04 03:03:03.806 31658 31669 I art     : Starting a blocking GC Explicit
08-04 03:03:03.856 31658 31669 I art     : Explicit concurrent mark sweep GC freed 701(63KB) AllocSpace objects, 0(0B) LOS objects, 30% free, 36MB/52MB, paused 340us total 50.401ms
08-04 03:03:03.874 31658 31669 I art     : Starting a blocking GC Explicit
08-04 03:03:03.924 31658 31669 I art     : Explicit concurrent mark sweep GC freed 3(96B) AllocSpace objects, 0(0B) LOS objects, 30% free, 36MB/52MB, paused 328us total 50.011ms
08-04 03:03:03.942 31658 31669 I art     : Starting a blocking GC Explicit
08-04 03:03:03.950 31658 31681 D OpenGLRenderer: endAllStagingAnimators on 0x7f78c29000 (ListPopupWindow$DropDownListView) with handle 0x7f78cfb0e0
08-04 03:03:03.993 31658 31669 I art     : Explicit concurrent mark sweep GC freed 107(4KB) AllocSpace objects, 0(0B) LOS objects, 30% free, 36MB/52MB, paused 356us total 50.552ms
08-04 03:03:04.010 31658 31669 I art     : Starting a blocking GC Explicit
08-04 03:03:04.062 31658 31669 I art     : Explicit concurrent mark sweep GC freed 174(7KB) AllocSpace objects, 0(0B) LOS objects, 30% free, 36MB/52MB, paused 335us total 51.797ms
08-04 03:03:04.178   512  2967 D audio_hw_primary: disable_audio_route: reset and update mixer path: low-latency-playback speaker
08-04 03:03:04.180   512  2967 D audio_hw_primary: disable_snd_device: snd_device(2: speaker)
08-04 03:03:04.188   512  2967 I soundtrigger: audio_extn_sound_trigger_update_device_status: device 0x2 of type 0 for Event 0
08-04 03:03:04.351 31658 31670 I art     : Starting a blocking GC Explicit
08-04 03:03:04.420 31658 31670 I art     : Explicit concurrent mark sweep GC freed 1690(106KB) AllocSpace objects, 1(20KB) LOS objects, 30% free, 36MB/52MB, paused 331us total 68.530ms
08-04 03:03:04.440 31658 31670 I art     : Starting a blocking GC Explicit
08-04 03:03:04.500 31658 31670 I art     : Explicit concurrent mark sweep GC freed 18(624B) AllocSpace objects, 0(0B) LOS objects, 30% free, 36MB/52MB, paused 357us total 59.890ms
08-04 03:03:04.519 31658 31670 I art     : Starting a blocking GC Explicit
08-04 03:03:04.578 31658 31670 I art     : Explicit concurrent mark sweep GC freed 3(96B) AllocSpace objects, 0(0B) LOS objects, 30% free, 36MB/52MB, paused 387us total 58.591ms
08-04 03:03:04.597 31658 31670 I art     : Starting a blocking GC Explicit
08-04 03:03:04.657 31658 31670 I art     : Explicit concurrent mark sweep GC freed 3(96B) AllocSpace objects, 0(0B) LOS objects, 30% free, 36MB/52MB, paused 444us total 59.847ms
08-04 03:03:04.677 31658 31670 I art     : Starting a blocking GC Explicit
08-04 03:03:04.733 31658 31670 I art     : Explicit concurrent mark sweep GC freed 3(96B) AllocSpace objects, 0(0B) LOS objects, 30% free, 36MB/52MB, paused 367us total 55.343ms
08-04 03:03:05.017 31658 31923 I art     : Starting a blocking GC Explicit
08-04 03:03:05.085 31658 31923 I art     : Explicit concurrent mark sweep GC freed 1293(75KB) AllocSpace objects, 1(20KB) LOS objects, 30% free, 36MB/52MB, paused 370us total 68.340ms
08-04 03:03:05.104 31658 31923 I art     : Starting a blocking GC Explicit
08-04 03:03:05.161 31658 31923 I art     : Explicit concurrent mark sweep GC freed 18(624B) AllocSpace objects, 0(0B) LOS objects, 30% free, 36MB/52MB, paused 401us total 56.931ms
08-04 03:03:05.180 31658 31923 I art     : Starting a blocking GC Explicit
08-04 03:03:05.203 32629 32629 D AndroidRuntime: >>>>>> START com.android.internal.os.RuntimeInit uid 2000 <<<<<<
08-04 03:03:05.208 32629 32629 D AndroidRuntime: CheckJNI is OFF
08-04 03:03:05.233 31658 31923 I art     : Explicit concurrent mark sweep GC freed 3(96B) AllocSpace objects, 0(0B) LOS objects, 30% free, 36MB/52MB, paused 360us total 52.674ms
08-04 03:03:05.243 32629 32629 D ICU     : No timezone override file found: /data/misc/zoneinfo/current/icu/icu_tzdata.dat
08-04 03:03:05.251 31658 31923 I art     : Starting a blocking GC Explicit
08-04 03:03:05.277 32629 32629 I Radio-JNI: register_android_hardware_Radio DONE
08-04 03:03:05.299 32629 32629 D AndroidRuntime: Calling main entry com.android.commands.input.Input
08-04 03:03:05.300 32629 32629 I Input   : injectMotionEvent: MotionEvent { action=ACTION_DOWN, actionButton=0, id[0]=0, x[0]=481.0, y[0]=544.0, toolType[0]=TOOL_TYPE_UNKNOWN, buttonState=0, metaState=0, flags=0x0, edgeFlags=0x0, pointerCount=1, historySize=0, eventTime=673401713, downTime=673401713, deviceId=0, source=0x1002 }
08-04 03:03:05.305 31658 31923 I art     : Explicit concurrent mark sweep GC freed 6(144B) AllocSpace objects, 0(0B) LOS objects, 30% free, 36MB/52MB, paused 855us total 54.112ms
08-04 03:03:05.306 32629 32629 I Input   : injectMotionEvent: MotionEvent { action=ACTION_UP, actionButton=0, id[0]=0, x[0]=481.0, y[0]=544.0, toolType[0]=TOOL_TYPE_UNKNOWN, buttonState=0, metaState=0, flags=0x0, edgeFlags=0x0, pointerCount=1, historySize=0, eventTime=673401713, downTime=673401713, deviceId=0, source=0x1002 }
08-04 03:03:05.307 32629 32629 D AndroidRuntime: Shutting down VM
08-04 03:03:05.323 31658 31923 I art     : Starting a blocking GC Explicit
08-04 03:03:05.374 31658 31923 I art     : Explicit concurrent mark sweep GC freed 626(27KB) AllocSpace objects, 0(0B) LOS objects, 30% free, 36MB/52MB, paused 576us total 50.249ms
08-04 03:03:05.640 31658 31669 I art     : Starting a blocking GC Explicit
08-04 03:03:05.702 31658 31669 I art     : Explicit concurrent mark sweep GC freed 1786(97KB) AllocSpace objects, 1(20KB) LOS objects, 30% free, 36MB/52MB, paused 315us total 61.119ms
08-04 03:03:05.721 31658 31669 I art     : Starting a blocking GC Explicit
08-04 03:03:05.773 31658 31669 I art     : Explicit concurrent mark sweep GC freed 63(2464B) AllocSpace objects, 0(0B) LOS objects, 30% free, 36MB/52MB, paused 334us total 52.363ms
08-04 03:03:05.791 31658 31669 I art     : Starting a blocking GC Explicit
08-04 03:03:05.841 31658 31669 I art     : Explicit concurrent mark sweep GC freed 15(480B) AllocSpace objects, 0(0B) LOS objects, 30% free, 36MB/52MB, paused 362us total 50.238ms
08-04 03:03:05.859 31658 31669 I art     : Starting a blocking GC Explicit
08-04 03:03:05.910 31658 31669 I art     : Explicit concurrent mark sweep GC freed 7(224B) AllocSpace objects, 0(0B) LOS objects, 30% free, 36MB/52MB, paused 335us total 50.777ms
08-04 03:03:05.927 31658 31669 I art     : Starting a blocking GC Explicit
08-04 03:03:05.978 31658 31669 I art     : Explicit concurrent mark sweep GC freed 7(224B) AllocSpace objects, 0(0B) LOS objects, 30% free, 36MB/52MB, paused 321us total 51.027ms
08-04 03:03:06.298 31658 31670 I art     : Starting a blocking GC Explicit
08-04 03:03:06.373 31658 31670 I art     : Explicit concurrent mark sweep GC freed 1299(75KB) AllocSpace objects, 1(20KB) LOS objects, 30% free, 36MB/52MB, paused 349us total 73.663ms
08-04 03:03:06.392 31658 31670 I art     : Starting a blocking GC Explicit
08-04 03:03:06.451 31658 31670 I art     : Explicit concurrent mark sweep GC freed 18(624B) AllocSpace objects, 0(0B) LOS objects, 30% free, 36MB/52MB, paused 358us total 58.813ms
08-04 03:03:06.471 31658 31670 I art     : Starting a blocking GC Explicit
08-04 03:03:06.531 31658 31670 I art     : Explicit concurrent mark sweep GC freed 3(96B) AllocSpace objects, 0(0B) LOS objects, 30% free, 36MB/52MB, paused 340us total 59.495ms
08-04 03:03:06.550 31658 31670 I art     : Starting a blocking GC Explicit
08-04 03:03:06.602 31658 31670 I art     : Explicit concurrent mark sweep GC freed 3(96B) AllocSpace objects, 0(0B) LOS objects, 30% free, 36MB/52MB, paused 357us total 51.470ms
08-04 03:03:06.619 31658 31670 I art     : Starting a blocking GC Explicit
08-04 03:03:06.674 31658 31670 I art     : Explicit concurrent mark sweep GC freed 3(96B) AllocSpace objects, 0(0B) LOS objects, 30% free, 36MB/52MB, paused 372us total 54.550ms
08-04 03:03:06.958 31658 31923 I art     : Starting a blocking GC Explicit
08-04 03:03:06.960 32672 32672 D AndroidRuntime: >>>>>> START com.android.internal.os.RuntimeInit uid 2000 <<<<<<
08-04 03:03:06.966 32672 32672 D AndroidRuntime: CheckJNI is OFF
08-04 03:03:07.006 32672 32672 D ICU     : No timezone override file found: /data/misc/zoneinfo/current/icu/icu_tzdata.dat
08-04 03:03:07.024 31658 31923 I art     : Explicit concurrent mark sweep GC freed 1298(75KB) AllocSpace objects, 1(20KB) LOS objects, 30% free, 36MB/52MB, paused 368us total 65.416ms
08-04 03:03:07.041 32672 32672 I Radio-JNI: register_android_hardware_Radio DONE
08-04 03:03:07.043 31658 31923 I art     : Starting a blocking GC Explicit
08-04 03:03:07.063 32672 32672 D AndroidRuntime: Calling main entry com.android.commands.input.Input
08-04 03:03:07.065 32672 32672 I Input   : injectMotionEvent: MotionEvent { action=ACTION_DOWN, actionButton=0, id[0]=0, x[0]=310.0, y[0]=906.0, toolType[0]=TOOL_TYPE_UNKNOWN, buttonState=0, metaState=0, flags=0x0, edgeFlags=0x0, pointerCount=1, historySize=0, eventTime=673403478, downTime=673403478, deviceId=0, source=0x1002 }
08-04 03:03:07.071 32672 32672 I Input   : injectMotionEvent: MotionEvent { action=ACTION_UP, actionButton=0, id[0]=0, x[0]=310.0, y[0]=906.0, toolType[0]=TOOL_TYPE_UNKNOWN, buttonState=0, metaState=0, flags=0x0, edgeFlags=0x0, pointerCount=1, historySize=0, eventTime=673403478, downTime=673403478, deviceId=0, source=0x1002 }
08-04 03:03:07.073 32672 32672 D AndroidRuntime: Shutting down VM
08-04 03:03:07.096 31658 31923 I art     : Explicit concurrent mark sweep GC freed 42(1504B) AllocSpace objects, 0(0B) LOS objects, 30% free, 36MB/52MB, paused 363us total 53.128ms
08-04 03:03:07.115 31658 31923 I art     : Starting a blocking GC Explicit
08-04 03:03:07.150   512  2967 D audio_hw_primary: out_set_parameters: enter: usecase(1: low-latency-playback) kvpairs: routing=2
08-04 03:03:07.164   512  2967 D audio_hw_primary: select_devices: out_snd_device(2: speaker) in_snd_device(0: none)
08-04 03:03:07.164   512  2967 D msm8974_platform: platform_send_audio_calibration: sending audio calibration for snd_device(2) acdb_id(15)
08-04 03:03:07.164   512  2967 I soundtrigger: audio_extn_sound_trigger_update_device_status: device 0x2 of type 0 for Event 1
08-04 03:03:07.168 13866 13866 I GoogleInputMethodServic: GoogleInputMethodService.onFinishInput():3138 
08-04 03:03:07.169 13866 13866 I GoogleInputMethodServic: GoogleInputMethodService.onStartInput():1808 
08-04 03:03:07.170 31658 31923 I art     : Explicit concurrent mark sweep GC freed 69(2704B) AllocSpace objects, 0(0B) LOS objects, 30% free, 36MB/52MB, paused 559us total 54.145ms
08-04 03:03:07.174   512  2967 D audio_hw_primary: enable_snd_device: snd_device(2: speaker)
08-04 03:03:07.177   512  2967 D audio_hw_primary: enable_audio_route: apply and update mixer path: low-latency-playback speaker
08-04 03:03:07.182 13866 13866 I GoogleInputMethodServic: GoogleInputMethodService.onFinishInput():3138 
08-04 03:03:07.185 13866 13866 I GoogleInputMethodServic: GoogleInputMethodService.onStartInput():1808 
08-04 03:03:07.191 31658 31923 I art     : Starting a blocking GC Explicit
08-04 03:03:07.200 31541 31541 I ServiceManager: Waiting for service AtCmdFwd...
08-04 03:03:07.246 31658 31923 I art     : Explicit concurrent mark sweep GC freed 881(40KB) AllocSpace objects, 0(0B) LOS objects, 30% free, 36MB/52MB, paused 512us total 54.690ms
08-04 03:03:07.265 31658 31923 I art     : Starting a blocking GC Explicit
08-04 03:03:07.316 31658 31923 I art     : Explicit concurrent mark sweep GC freed 723(64KB) AllocSpace objects, 0(0B) LOS objects, 30% free, 36MB/52MB, paused 383us total 50.681ms
08-04 03:03:07.501 31658 31681 D OpenGLRenderer: endAllStagingAnimators on 0x7f78c60400 (ListPopupWindow$DropDownListView) with handle 0x7f79d6b340
08-04 03:03:07.593 31658 31923 I art     : Starting a blocking GC Explicit
08-04 03:03:07.653 31658 31923 I art     : Explicit concurrent mark sweep GC freed 1411(80KB) AllocSpace objects, 1(20KB) LOS objects, 30% free, 36MB/52MB, paused 374us total 60.201ms
08-04 03:03:07.673 31658 31923 I art     : Starting a blocking GC Explicit
08-04 03:03:07.718   512  2967 D audio_hw_primary: disable_audio_route: reset and update mixer path: low-latency-playback speaker
08-04 03:03:07.719   512  2967 D audio_hw_primary: disable_snd_device: snd_device(2: speaker)
08-04 03:03:07.727   512  2967 I soundtrigger: audio_extn_sound_trigger_update_device_status: device 0x2 of type 0 for Event 0
08-04 03:03:07.730 31658 31923 I art     : Explicit concurrent mark sweep GC freed 507(32KB) AllocSpace objects, 0(0B) LOS objects, 30% free, 36MB/52MB, paused 353us total 56.936ms
08-04 03:03:07.748 31658 31923 I art     : Starting a blocking GC Explicit
08-04 03:03:07.807 31658 31923 I art     : Explicit concurrent mark sweep GC freed 3(96B) AllocSpace objects, 0(0B) LOS objects, 30% free, 36MB/52MB, paused 473us total 58.618ms
08-04 03:03:07.827 31658 31923 I art     : Starting a blocking GC Explicit
08-04 03:03:07.884 31658 31923 I art     : Explicit concurrent mark sweep GC freed 3(96B) AllocSpace objects, 0(0B) LOS objects, 30% free, 36MB/52MB, paused 376us total 56.791ms
08-04 03:03:07.904 31658 31923 I art     : Starting a blocking GC Explicit
08-04 03:03:07.958 31658 31923 I art     : Explicit concurrent mark sweep GC freed 3(96B) AllocSpace objects, 0(0B) LOS objects, 30% free, 36MB/52MB, paused 377us total 53.646ms
08-04 03:03:08.200 31541 31541 I ServiceManager: Waiting for service AtCmdFwd...
08-04 03:03:08.263 31658 31693 I art     : Starting a blocking GC Explicit
08-04 03:03:08.337 31658 31693 I art     : Explicit concurrent mark sweep GC freed 1293(75KB) AllocSpace objects, 1(20KB) LOS objects, 30% free, 36MB/52MB, paused 439us total 74.509ms
08-04 03:03:08.355 31658 31693 I art     : Starting a blocking GC Explicit
08-04 03:03:08.409 31658 31693 I art     : Explicit concurrent mark sweep GC freed 18(624B) AllocSpace objects, 0(0B) LOS objects, 30% free, 36MB/52MB, paused 362us total 53.377ms
08-04 03:03:08.427 31658 31693 I art     : Starting a blocking GC Explicit
08-04 03:03:08.483 31658 31693 I art     : Explicit concurrent mark sweep GC freed 3(96B) AllocSpace objects, 0(0B) LOS objects, 30% free, 36MB/52MB, paused 394us total 55.897ms
08-04 03:03:08.502 31658 31693 I art     : Starting a blocking GC Explicit
08-04 03:03:08.559 31658 31693 I art     : Explicit concurrent mark sweep GC freed 3(96B) AllocSpace objects, 0(0B) LOS objects, 30% free, 36MB/52MB, paused 396us total 57.518ms
08-04 03:03:08.578 31658 31693 I art     : Starting a blocking GC Explicit
08-04 03:03:08.631 31658 31693 I art     : Explicit concurrent mark sweep GC freed 3(96B) AllocSpace objects, 0(0B) LOS objects, 30% free, 36MB/52MB, paused 359us total 52.391ms
08-04 03:03:08.736 32715 32715 D AndroidRuntime: >>>>>> START com.android.internal.os.RuntimeInit uid 2000 <<<<<<
08-04 03:03:08.742 32715 32715 D AndroidRuntime: CheckJNI is OFF
08-04 03:03:08.782 32715 32715 D ICU     : No timezone override file found: /data/misc/zoneinfo/current/icu/icu_tzdata.dat
08-04 03:03:08.815 32715 32715 I Radio-JNI: register_android_hardware_Radio DONE
08-04 03:03:08.837 32715 32715 D AndroidRuntime: Calling main entry com.android.commands.input.Input
08-04 03:03:08.838 32715 32715 I Input   : injectMotionEvent: MotionEvent { action=ACTION_DOWN, actionButton=0, id[0]=0, x[0]=648.0, y[0]=709.0, toolType[0]=TOOL_TYPE_UNKNOWN, buttonState=0, metaState=0, flags=0x0, edgeFlags=0x0, pointerCount=1, historySize=0, eventTime=673405251, downTime=673405251, deviceId=0, source=0x1002 }
08-04 03:03:08.844 32715 32715 I Input   : injectMotionEvent: MotionEvent { action=ACTION_UP, actionButton=0, id[0]=0, x[0]=648.0, y[0]=709.0, toolType[0]=TOOL_TYPE_UNKNOWN, buttonState=0, metaState=0, flags=0x0, edgeFlags=0x0, pointerCount=1, historySize=0, eventTime=673405251, downTime=673405251, deviceId=0, source=0x1002 }
08-04 03:03:08.845 32715 32715 D AndroidRuntime: Shutting down VM
08-04 03:03:08.911   512  2967 D audio_hw_primary: out_set_parameters: enter: usecase(1: low-latency-playback) kvpairs: routing=2
08-04 03:03:08.924   512  2967 D audio_hw_primary: select_devices: out_snd_device(2: speaker) in_snd_device(0: none)
08-04 03:03:08.924   512  2967 D msm8974_platform: platform_send_audio_calibration: sending audio calibration for snd_device(2) acdb_id(15)
08-04 03:03:08.924   512  2967 I soundtrigger: audio_extn_sound_trigger_update_device_status: device 0x2 of type 0 for Event 1
08-04 03:03:08.933   512  2967 D audio_hw_primary: enable_snd_device: snd_device(2: speaker)
08-04 03:03:08.935   512  2967 D audio_hw_primary: enable_audio_route: apply and update mixer path: low-latency-playback speaker
08-04 03:03:08.940 31658 31923 I art     : Starting a blocking GC Explicit
08-04 03:03:08.995 31658 31923 I art     : Explicit concurrent mark sweep GC freed 2030(131KB) AllocSpace objects, 2(40KB) LOS objects, 30% free, 36MB/52MB, paused 395us total 55.247ms
08-04 03:03:09.012 31658 31923 I art     : Starting a blocking GC Explicit
08-04 03:03:09.067 31658 31923 I art     : Explicit concurrent mark sweep GC freed 177(7KB) AllocSpace objects, 0(0B) LOS objects, 30% free, 36MB/52MB, paused 361us total 54.342ms
08-04 03:03:09.085 31658 31923 I art     : Starting a blocking GC Explicit
08-04 03:03:09.144 31658 31923 I art     : Explicit concurrent mark sweep GC freed 7(240B) AllocSpace objects, 0(0B) LOS objects, 30% free, 36MB/52MB, paused 335us total 58.658ms
08-04 03:03:09.163 31658 31923 I art     : Starting a blocking GC Explicit
08-04 03:03:09.201 31541 31541 I ServiceManager: Waiting for service AtCmdFwd...
08-04 03:03:09.221 31658 31923 I art     : Explicit concurrent mark sweep GC freed 3(96B) AllocSpace objects, 0(0B) LOS objects, 30% free, 36MB/52MB, paused 390us total 57.791ms
08-04 03:03:09.241 31658 31923 I art     : Starting a blocking GC Explicit
08-04 03:03:09.298 31658 31923 I art     : Explicit concurrent mark sweep GC freed 3(96B) AllocSpace objects, 0(0B) LOS objects, 30% free, 36MB/52MB, paused 350us total 57.014ms
08-04 03:03:09.479   512  2967 D audio_hw_primary: disable_audio_route: reset and update mixer path: low-latency-playback speaker
08-04 03:03:09.481   512  2967 D audio_hw_primary: disable_snd_device: snd_device(2: speaker)
08-04 03:03:09.492   512  2967 I soundtrigger: audio_extn_sound_trigger_update_device_status: device 0x2 of type 0 for Event 0
08-04 03:03:09.616 31658 31670 I art     : Starting a blocking GC Explicit
08-04 03:03:09.692 31658 31670 I art     : Explicit concurrent mark sweep GC freed 1299(75KB) AllocSpace objects, 1(20KB) LOS objects, 30% free, 36MB/52MB, paused 423us total 75.921ms
08-04 03:03:09.716 31658 31670 I art     : Starting a blocking GC Explicit
08-04 03:03:09.776 31658 31670 I art     : Explicit concurrent mark sweep GC freed 22(752B) AllocSpace objects, 0(0B) LOS objects, 30% free, 36MB/52MB, paused 335us total 59.424ms
08-04 03:03:09.795 31658 31670 I art     : Starting a blocking GC Explicit
08-04 03:03:09.850 31658 31670 I art     : Explicit concurrent mark sweep GC freed 5(160B) AllocSpace objects, 0(0B) LOS objects, 30% free, 36MB/52MB, paused 379us total 55.012ms
08-04 03:03:09.871 31658 31670 I art     : Starting a blocking GC Explicit
08-04 03:03:09.928 31658 31670 I art     : Explicit concurrent mark sweep GC freed 3(96B) AllocSpace objects, 0(0B) LOS objects, 30% free, 36MB/52MB, paused 392us total 56.729ms
08-04 03:03:09.947 31658 31670 I art     : Starting a blocking GC Explicit
08-04 03:03:10.007 31658 31670 I art     : Explicit concurrent mark sweep GC freed 3(96B) AllocSpace objects, 0(0B) LOS objects, 30% free, 36MB/52MB, paused 353us total 59.385ms
08-04 03:03:10.201 31541 31541 I ServiceManager: Waiting for service AtCmdFwd...
08-04 03:03:10.278 31658 31669 I art     : Starting a blocking GC Explicit
08-04 03:03:10.339 31658 31669 I art     : Explicit concurrent mark sweep GC freed 1293(75KB) AllocSpace objects, 1(20KB) LOS objects, 30% free, 36MB/52MB, paused 368us total 60.672ms
08-04 03:03:10.358 31658 31669 I art     : Starting a blocking GC Explicit
08-04 03:03:10.412 31658 31669 I art     : Explicit concurrent mark sweep GC freed 18(624B) AllocSpace objects, 0(0B) LOS objects, 30% free, 36MB/52MB, paused 349us total 53.727ms
08-04 03:03:10.430 31658 31669 I art     : Starting a blocking GC Explicit
08-04 03:03:10.487 31658 31669 I art     : Explicit concurrent mark sweep GC freed 3(96B) AllocSpace objects, 0(0B) LOS objects, 30% free, 36MB/52MB, paused 345us total 55.980ms
08-04 03:03:10.505 31658 31669 I art     : Starting a blocking GC Explicit
08-04 03:03:10.511 32748 32748 D AndroidRuntime: >>>>>> START com.android.internal.os.RuntimeInit uid 2000 <<<<<<
08-04 03:03:10.516 32748 32748 D AndroidRuntime: CheckJNI is OFF
08-04 03:03:10.550 32748 32748 D ICU     : No timezone override file found: /data/misc/zoneinfo/current/icu/icu_tzdata.dat
08-04 03:03:10.563 31658 31669 I art     : Explicit concurrent mark sweep GC freed 5(160B) AllocSpace objects, 0(0B) LOS objects, 30% free, 36MB/52MB, paused 402us total 58.007ms
08-04 03:03:10.586 31658 31669 I art     : Starting a blocking GC Explicit
08-04 03:03:10.590 32748 32748 I Radio-JNI: register_android_hardware_Radio DONE
08-04 03:03:10.612 32748 32748 D AndroidRuntime: Calling main entry com.android.commands.input.Input
08-04 03:03:10.613 32748 32748 I Input   : injectMotionEvent: MotionEvent { action=ACTION_DOWN, actionButton=0, id[0]=0, x[0]=1197.0, y[0]=1456.0, toolType[0]=TOOL_TYPE_UNKNOWN, buttonState=0, metaState=0, flags=0x0, edgeFlags=0x0, pointerCount=1, historySize=0, eventTime=673407026, downTime=673407026, deviceId=0, source=0x1002 }
08-04 03:03:10.619 32748 32748 I Input   : injectMotionEvent: MotionEvent { action=ACTION_UP, actionButton=0, id[0]=0, x[0]=1197.0, y[0]=1456.0, toolType[0]=TOOL_TYPE_UNKNOWN, buttonState=0, metaState=0, flags=0x0, edgeFlags=0x0, pointerCount=1, historySize=0, eventTime=673407026, downTime=673407026, deviceId=0, source=0x1002 }
08-04 03:03:10.621 32748 32748 D AndroidRuntime: Shutting down VM
08-04 03:03:10.637   512  2967 D audio_hw_primary: out_set_parameters: enter: usecase(1: low-latency-playback) kvpairs: routing=2
08-04 03:03:10.640 31658 31669 I art     : Explicit concurrent mark sweep GC freed 19(704B) AllocSpace objects, 0(0B) LOS objects, 30% free, 36MB/52MB, paused 337us total 54.444ms
08-04 03:03:10.649   512  2967 D audio_hw_primary: select_devices: out_snd_device(2: speaker) in_snd_device(0: none)
08-04 03:03:10.650   512  2967 D msm8974_platform: platform_send_audio_calibration: sending audio calibration for snd_device(2) acdb_id(15)
08-04 03:03:10.650   512  2967 I soundtrigger: audio_extn_sound_trigger_update_device_status: device 0x2 of type 0 for Event 1
08-04 03:03:10.660   512  2967 D audio_hw_primary: enable_snd_device: snd_device(2: speaker)
08-04 03:03:10.662   512  2967 D audio_hw_primary: enable_audio_route: apply and update mixer path: low-latency-playback speaker
08-04 03:03:10.689 31658 31681 D OpenGLRenderer: endAllStagingAnimators on 0x7f995bf800 (RippleDrawable) with handle 0x7f78cfb160
08-04 03:03:10.695 31658 31658 I SettingsManager: Setting string: savedCourse
08-04 03:03:10.699   918   928 W BackupManagerService: dataChanged but no participant pkg='baseline.com.ak.uobtimetable' uid=10659
08-04 03:03:10.700   918  6029 I ActivityManager: START u0 {flg=0x4000000 cmp=baseline.com.ak.uobtimetable/.MainActivity (has extras)} from uid 10659 on display 0
08-04 03:03:10.712   918  4400 W InputMethodManagerService: Focus gain on non-focused client com.android.internal.view.IInputMethodClient$Stub$Proxy@84aac5 (uid=10659 pid=31658)
08-04 03:03:10.724 31658 31658 D MainActivity: OnDestroy
08-04 03:03:10.741 31658 31658 D MainActivity: onCreate
08-04 03:03:10.742 31658 31658 I SettingsManager: Getting string: savedSessions
08-04 03:03:10.742 31658 31658 I SettingsManager: Getting string: savedSessions
08-04 03:03:10.749 31658 31658 I SettingsManager: Getting string: savedSessionsCourseName
08-04 03:03:10.749 31658 31658 I SettingsManager: Getting string: savedSessionsCourseName
08-04 03:03:10.749 31658 31658 I SettingsManager: Getting string: savedSessionsDateRange
08-04 03:03:10.749 31658 31658 I SettingsManager: Getting string: savedSessionsDateRange
08-04 03:03:10.749 31658 31658 I Settings: 10 saved sessions - Bedfordshire International and EU Foundation Year - Int Foun - Ltn - Y0 Feb FT - Weeks: 24-38 (8 Jun 2020-20 Sep 2020)
08-04 03:03:10.782 31658 31658 I SettingsManager: Getting string: savedCourse
08-04 03:03:10.782 31658 31658 D MainActivity: sessionListFragmentArg: updateSessions
08-04 03:03:10.782 31658 31658 D MainActivity: showTermDatesConfigChange: false
08-04 03:03:10.782 31658 31658 D MainActivity: showTermDatesShortcut: false
08-04 03:03:10.783 31658 31658 D MainActivity: Setting initial fragment: SessionListsFragment
08-04 03:03:10.784 31658 31658 I SettingsManager: Getting int: launchCount
08-04 03:03:10.785 31658 31658 D SessionListsFragment: onCreateView
08-04 03:03:10.789 31658 31658 I SettingsManager: Getting string: savedCourse
08-04 03:03:10.793 31658 31658 I SettingsManager: Getting string: savedSessions
08-04 03:03:10.800 31658 31658 D SessionListsFragment: loadArgument: updateSessions
08-04 03:03:10.800 31658 31658 D SessionListsFragment: initialIndex: -1
08-04 03:03:10.802 31658   347 D HTTP    : Request for: https://uob-timetable-api.adriankeenan.co.uk/sessions?dept=CM010&course=BSAIFAAF%2F02AA%2F0%2FFT&level=Foundation+Year
08-04 03:03:10.815 31658 31658 D TermDatesFragment: WebView loaded
08-04 03:03:10.815 31658 31658 D MainActivity: OnResume
08-04 03:03:10.821 31658 31658 I TermDatesFragment: Webview load %: 10
08-04 03:03:10.914   918   936 I ActivityManager: Displayed baseline.com.ak.uobtimetable/.MainActivity: +201ms
08-04 03:03:10.914 31658 31923 I art     : Starting a blocking GC Explicit
08-04 03:03:10.914 13866 13866 I GoogleInputMethodServic: GoogleInputMethodService.onFinishInput():3138 
08-04 03:03:10.915 13866 13866 I GoogleInputMethodServic: GoogleInputMethodService.onStartInput():1808 
08-04 03:03:10.977 31658 31923 I art     : Explicit concurrent mark sweep GC freed 22273(1081KB) AllocSpace objects, 4(1380KB) LOS objects, 30% free, 37MB/53MB, paused 536us total 62.698ms
08-04 03:03:10.995 31658 31923 I art     : Starting a blocking GC Explicit
08-04 03:03:11.043 31658 31658 I TermDatesFragment: Webview load %: 70
08-04 03:03:11.043 31658 31923 I art     : Explicit concurrent mark sweep GC freed 30814(1446KB) AllocSpace objects, 4(240KB) LOS objects, 30% free, 36MB/52MB, paused 654us total 48.023ms
08-04 03:03:11.049 31658   347 I NAPPA_EXPERIMENTATION: MetricNetworkRequestExecutionTime: REQUEST_DURATION_SYSTEM='246',REQUEST_DURATION_OKHTTP='27',REQUEST_SYNCHRONOUS='TRUE',RESPONSE_CODE='200',RESPONSE_METHOD='GET',RESPONSE_LENGTH_OKHTTP='-1',RESPONSE_LENGTH_HEADER='1214',REQUEST_PROTOCOL='http/1.1',REQUEST_URL='https://uob-timetable-api.adriankeenan.co.uk/sessions?dept=CM010&course=BSAIFAAF%2F02AA%2F0%2FFT&level=Foundation+Year',
08-04 03:03:11.053 31658 31658 I TermDatesFragment: Webview load %: 100
08-04 03:03:11.053 31658 31658 I TermDatesFragment: Webview load %: 100
08-04 03:03:11.060 31658 31923 I art     : Starting a blocking GC Explicit
08-04 03:03:11.100 31658   347 I HTTP    : Response was compressed.
08-04 03:03:11.105 31658 31923 I art     : Explicit concurrent mark sweep GC freed 1873(167KB) AllocSpace objects, 2(96KB) LOS objects, 30% free, 36MB/52MB, paused 563us total 45.118ms
08-04 03:03:11.116 31658   347 I Service : getSessions response time: 1.10
08-04 03:03:11.117 31658 31658 I SettingsManager: Getting string: savedSessions
08-04 03:03:11.117 31658 31658 I SettingsManager: Getting string: savedSessions
08-04 03:03:11.122 31658 31923 I art     : Starting a blocking GC Explicit
08-04 03:03:11.126 31658 31658 I Service : Sessions updated: 10
08-04 03:03:11.126 31658 31658 I Service : Sessions removed from new list: 0
08-04 03:03:11.133 31658 31658 I SettingsManager: Setting string: savedSessions
08-04 03:03:11.140   918  3359 W BackupManagerService: dataChanged but no participant pkg='baseline.com.ak.uobtimetable' uid=10659
08-04 03:03:11.141 31658 31658 I SettingsManager: Setting date: savedSessionsTime
08-04 03:03:11.147   918  5481 W BackupManagerService: dataChanged but no participant pkg='baseline.com.ak.uobtimetable' uid=10659
08-04 03:03:11.147 31658 31658 I SettingsManager: Setting string: savedSessionsCourseName
08-04 03:03:11.154   918  5952 W BackupManagerService: dataChanged but no participant pkg='baseline.com.ak.uobtimetable' uid=10659
08-04 03:03:11.154 31658 31658 I SettingsManager: Setting string: savedSessionsDateRange
08-04 03:03:11.154   918  5132 W BackupManagerService: dataChanged but no participant pkg='baseline.com.ak.uobtimetable' uid=10659
08-04 03:03:11.155 31658 31658 I SettingsManager: Setting string: timetableUrl
08-04 03:03:11.155   918  3696 W BackupManagerService: dataChanged but no participant pkg='baseline.com.ak.uobtimetable' uid=10659
08-04 03:03:11.155 31658 31658 I SettingsManager: Getting boolean: notifySessionRemindersEnabled
08-04 03:03:11.155 31658 31658 I SettingsManager: Getting int: notifySessionRemindersMinutes
08-04 03:03:11.155 31658 31658 I SettingsManager: Getting boolean: showHiddenSessions
08-04 03:03:11.157 31658 31658 I SessionReminderNotifier: Created session reminder alarm for f7b4771250a919bd729c1c5a4a459c77 at Mon 08:30:00 10/08/20
08-04 03:03:11.159 31658 31658 I SessionReminderNotifier: Created session reminder alarm for a7f879aabdeb78622c8820a5fb7b64cd at Tue 08:30:00 04/08/20
08-04 03:03:11.160 31658 31658 I SessionReminderNotifier: Created session reminder alarm for 7bc8d7e2c2055711f597c3d9078c6ea3 at Tue 08:30:00 04/08/20
08-04 03:03:11.161 31658 31658 I SessionReminderNotifier: Created session reminder alarm for 53c0527a6f009a1f2fd223834d3bfe51 at Tue 10:30:00 04/08/20
08-04 03:03:11.163 31658 31658 I SessionReminderNotifier: Created session reminder alarm for e0fc978b5db8218778540b4053344581 at Tue 11:00:00 04/08/20
08-04 03:03:11.164 31658 31658 I SessionReminderNotifier: Created session reminder alarm for 199afb0100f329ff65a09e1b0cd9deba at Tue 11:30:00 04/08/20
08-04 03:03:11.165 31658 31658 I SessionReminderNotifier: Created session reminder alarm for 21712fef61090882c855a1425543edb5 at Tue 13:30:00 04/08/20
08-04 03:03:11.167 31658 31658 I SessionReminderNotifier: Created session reminder alarm for 65ca4d97f031f29a4d02bbb45a705d8f at Wed 08:30:00 05/08/20
08-04 03:03:11.169 31658 31658 I SessionReminderNotifier: Created session reminder alarm for eeda7741b0bcab58fd9f46dc6ef1d942 at Wed 08:30:00 05/08/20
08-04 03:03:11.171 31658 31658 I SessionReminderNotifier: Created session reminder alarm for c276c1b2075a0beb67f1b3d1e580f920 at Wed 11:00:00 05/08/20
08-04 03:03:11.172 31658 31923 I art     : Explicit concurrent mark sweep GC freed 16267(790KB) AllocSpace objects, 4(76KB) LOS objects, 30% free, 36MB/52MB, paused 602us total 49.731ms
08-04 03:03:11.173 31658 31658 I SessionReminderNotifier: Created session reminder alarm for 8b1f3627e42ae13a6f6ba0a83903dde1 at Wed 13:30:00 05/08/20
08-04 03:03:11.175 31658 31658 I SessionReminderNotifier: Created session reminder alarm for 79fe0b5c3b887a13ba29db5a33fa2800 at Thu 08:30:00 06/08/20
08-04 03:03:11.177 31658 31658 I SessionReminderNotifier: Created session reminder alarm for cb9dfc8231cdba2be0835dc5709690e1 at Thu 08:30:00 06/08/20
08-04 03:03:11.179 31658 31658 I SessionReminderNotifier: Created session reminder alarm for f850dc24d6de60b7b89fa9e1a8c224c5 at Thu 12:00:00 06/08/20
08-04 03:03:11.181 31658 31658 I SessionReminderNotifier: Created session reminder alarm for 2ba1034116e4fffdd592dbf0796a43d5 at Fri 08:30:00 07/08/20
08-04 03:03:11.181 31658 31658 I SettingsManager: Getting boolean: showHiddenSessions
08-04 03:03:11.181 31658 31658 D SessionListsFragment: 1 sessions for day 0
08-04 03:03:11.181 31658 31658 D SessionListsFragment: 6 sessions for day 1
08-04 03:03:11.182 31658 31658 D SessionListsFragment: 4 sessions for day 2
08-04 03:03:11.182 31658 31658 D SessionListsFragment: 3 sessions for day 3
08-04 03:03:11.182 31658 31658 D SessionListsFragment: 1 sessions for day 4
08-04 03:03:11.188 31658 31923 I art     : Starting a blocking GC Explicit
08-04 03:03:11.199   512  2967 D audio_hw_primary: disable_audio_route: reset and update mixer path: low-latency-playback speaker
08-04 03:03:11.201   512  2967 D audio_hw_primary: disable_snd_device: snd_device(2: speaker)
08-04 03:03:11.201 31541 31541 I ServiceManager: Waiting for service AtCmdFwd...
08-04 03:03:11.209   512  2967 I soundtrigger: audio_extn_sound_trigger_update_device_status: device 0x2 of type 0 for Event 0
08-04 03:03:11.222 31658 31658 I SettingsManager: Getting boolean: showHiddenSessions
08-04 03:03:11.222 31658 31658 D SessionListsFragment: Refreshed ViewPager
08-04 03:03:11.222 31658 31658 I SettingsManager: Getting boolean: showHiddenSessions
08-04 03:03:11.223 31658 31658 I SettingsManager: Getting boolean: completedTutorial
08-04 03:03:11.223 31658 31658 I SettingsManager: Getting boolean: showHiddenSessions
08-04 03:03:11.223 31658 31658 I SettingsManager: Getting date: savedSessionsTime
08-04 03:03:11.237 31658 31923 I art     : Explicit concurrent mark sweep GC freed 6215(302KB) AllocSpace objects, 0(0B) LOS objects, 30% free, 36MB/52MB, paused 1.260ms total 48.610ms
08-04 03:03:11.520 31658 31669 I art     : Starting a blocking GC Explicit
08-04 03:03:11.601 31658 31669 I art     : Explicit concurrent mark sweep GC freed 151294(5MB) AllocSpace objects, 1(20KB) LOS objects, 29% free, 37MB/53MB, paused 1.114ms total 80.474ms
08-04 03:03:11.621 31658 31669 I art     : Starting a blocking GC Explicit
08-04 03:03:11.682 31658 31669 I art     : Explicit concurrent mark sweep GC freed 41648(1884KB) AllocSpace objects, 0(0B) LOS objects, 29% free, 37MB/53MB, paused 1.103ms total 60.712ms
08-04 03:03:11.700 31658 31669 I art     : Starting a blocking GC Explicit
08-04 03:03:11.764 31658 31669 I art     : Explicit concurrent mark sweep GC freed 36238(1498KB) AllocSpace objects, 0(0B) LOS objects, 29% free, 37MB/53MB, paused 1.229ms total 63.544ms
08-04 03:03:11.783 31658 31669 I art     : Starting a blocking GC Explicit
08-04 03:03:11.833 31658 31658 I Choreographer: Skipped 35 frames!  The application may be doing too much work on its main thread.
08-04 03:03:11.846 31658 31669 I art     : Explicit concurrent mark sweep GC freed 32012(1315KB) AllocSpace objects, 0(0B) LOS objects, 29% free, 37MB/53MB, paused 941us total 62.705ms
08-04 03:03:11.865 31658 31669 I art     : Starting a blocking GC Explicit
08-04 03:03:11.918 31658 31669 I art     : Explicit concurrent mark sweep GC freed 1199(88KB) AllocSpace objects, 0(0B) LOS objects, 29% free, 37MB/53MB, paused 370us total 53.140ms
08-04 03:03:12.071   518   646 I ThermalEngine: ACTION: GPU - Setting GPU[0] to 450000000
08-04 03:03:12.202 31541 31541 W Atfwd_Sendcmd: AtCmdFwd service not published, waiting... retryCnt : 5
08-04 03:03:12.243 31658 31693 I art     : Starting a blocking GC Explicit
08-04 03:03:12.317 31658 31693 I art     : Explicit concurrent mark sweep GC freed 123237(11MB) AllocSpace objects, 4(156KB) LOS objects, 37% free, 26MB/42MB, paused 550us total 74.329ms
08-04 03:03:12.332 31658 31693 I art     : Starting a blocking GC Explicit
08-04 03:03:12.375 31658 31693 I art     : Explicit concurrent mark sweep GC freed 18(624B) AllocSpace objects, 0(0B) LOS objects, 37% free, 26MB/42MB, paused 509us total 42.534ms
08-04 03:03:12.391 31658 31693 I art     : Starting a blocking GC Explicit
08-04 03:03:12.434 31658 31693 I art     : Explicit concurrent mark sweep GC freed 4(160B) AllocSpace objects, 0(0B) LOS objects, 37% free, 26MB/42MB, paused 559us total 42.939ms
08-04 03:03:12.450 31658 31693 I art     : Starting a blocking GC Explicit
08-04 03:03:12.497 31658 31693 I art     : Explicit concurrent mark sweep GC freed 3(96B) AllocSpace objects, 0(0B) LOS objects, 37% free, 26MB/42MB, paused 541us total 46.517ms
08-04 03:03:12.513 31658 31693 I art     : Starting a blocking GC Explicit
08-04 03:03:12.559 31658 31693 I art     : Explicit concurrent mark sweep GC freed 3(96B) AllocSpace objects, 0(0B) LOS objects, 37% free, 26MB/42MB, paused 555us total 45.919ms
08-04 03:03:12.894 31658 31923 I art     : Starting a blocking GC Explicit
08-04 03:03:12.937 31658 31923 I art     : Explicit concurrent mark sweep GC freed 1365(77KB) AllocSpace objects, 1(20KB) LOS objects, 37% free, 26MB/42MB, paused 530us total 42.226ms
08-04 03:03:12.953 31658 31923 I art     : Starting a blocking GC Explicit
08-04 03:03:12.996 31658 31923 I art     : Explicit concurrent mark sweep GC freed 57(1888B) AllocSpace objects, 0(0B) LOS objects, 37% free, 26MB/42MB, paused 731us total 41.956ms
08-04 03:03:13.011 31658 31923 I art     : Starting a blocking GC Explicit
08-04 03:03:13.050 31658 31923 I art     : Explicit concurrent mark sweep GC freed 36(1152B) AllocSpace objects, 0(0B) LOS objects, 37% free, 26MB/42MB, paused 526us total 38.382ms
08-04 03:03:13.064 31658 31923 I art     : Starting a blocking GC Explicit
08-04 03:03:13.107 31658 31923 I art     : Explicit concurrent mark sweep GC freed 9(320B) AllocSpace objects, 0(0B) LOS objects, 37% free, 26MB/42MB, paused 506us total 41.931ms
08-04 03:03:13.122 31658 31923 I art     : Starting a blocking GC Explicit
08-04 03:03:13.168 31658 31923 I art     : Explicit concurrent mark sweep GC freed 3(96B) AllocSpace objects, 0(0B) LOS objects, 37% free, 26MB/42MB, paused 689us total 44.759ms
08-04 03:03:13.499 31658 31670 I art     : Starting a blocking GC Explicit
08-04 03:03:13.552 31658 31670 I art     : Explicit concurrent mark sweep GC freed 1293(75KB) AllocSpace objects, 1(20KB) LOS objects, 37% free, 26MB/42MB, paused 552us total 53.043ms
08-04 03:03:13.569 31658 31670 I art     : Starting a blocking GC Explicit
08-04 03:03:13.616 31658 31670 I art     : Explicit concurrent mark sweep GC freed 18(624B) AllocSpace objects, 0(0B) LOS objects, 37% free, 26MB/42MB, paused 550us total 47.495ms
08-04 03:03:13.633 31658 31670 I art     : Starting a blocking GC Explicit
08-04 03:03:13.678 31658 31670 I art     : Explicit concurrent mark sweep GC freed 3(96B) AllocSpace objects, 0(0B) LOS objects, 37% free, 26MB/42MB, paused 586us total 44.850ms
08-04 03:03:13.694 31658 31670 I art     : Starting a blocking GC Explicit
08-04 03:03:13.740 31658 31670 I art     : Explicit concurrent mark sweep GC freed 3(96B) AllocSpace objects, 0(0B) LOS objects, 37% free, 26MB/42MB, paused 536us total 45.669ms
08-04 03:03:13.757 31658 31670 I art     : Starting a blocking GC Explicit
08-04 03:03:13.803 31658 31670 I art     : Explicit concurrent mark sweep GC freed 3(96B) AllocSpace objects, 0(0B) LOS objects, 37% free, 26MB/42MB, paused 548us total 45.976ms
08-04 03:03:14.151 31658 31669 I art     : Starting a blocking GC Explicit
08-04 03:03:14.213 31658 31669 I art     : Explicit concurrent mark sweep GC freed 1293(75KB) AllocSpace objects, 1(20KB) LOS objects, 37% free, 26MB/42MB, paused 680us total 61.898ms
08-04 03:03:14.232 31658 31669 I art     : Starting a blocking GC Explicit
08-04 03:03:14.277 31658 31669 I art     : Explicit concurrent mark sweep GC freed 18(624B) AllocSpace objects, 0(0B) LOS objects, 37% free, 26MB/42MB, paused 558us total 44.514ms
08-04 03:03:14.294 31658 31669 I art     : Starting a blocking GC Explicit
08-04 03:03:14.341 31658 31669 I art     : Explicit concurrent mark sweep GC freed 3(96B) AllocSpace objects, 0(0B) LOS objects, 37% free, 26MB/42MB, paused 549us total 47.241ms
08-04 03:03:14.358 31658 31669 I art     : Starting a blocking GC Explicit
08-04 03:03:14.404 31658 31669 I art     : Explicit concurrent mark sweep GC freed 3(96B) AllocSpace objects, 0(0B) LOS objects, 37% free, 26MB/42MB, paused 561us total 45.870ms
08-04 03:03:14.420 31658 31669 I art     : Starting a blocking GC Explicit
08-04 03:03:14.468 31658 31669 I art     : Explicit concurrent mark sweep GC freed 3(96B) AllocSpace objects, 0(0B) LOS objects, 37% free, 26MB/42MB, paused 603us total 47.697ms
08-04 03:03:14.577   918  3261 D WifiStateMachine: starting scan for "H369AA63323"WPA_PSK with 2412,5180
08-04 03:03:14.820 31658 31693 I art     : Starting a blocking GC Explicit
08-04 03:03:14.873 31658 31693 I art     : Explicit concurrent mark sweep GC freed 1305(76KB) AllocSpace objects, 1(20KB) LOS objects, 37% free, 26MB/42MB, paused 629us total 52.644ms
08-04 03:03:14.890 31658 31693 I art     : Starting a blocking GC Explicit
08-04 03:03:14.926 31658 31693 I art     : Explicit concurrent mark sweep GC freed 19(688B) AllocSpace objects, 0(0B) LOS objects, 37% free, 26MB/42MB, paused 471us total 35.579ms
08-04 03:03:14.942 31658 31693 I art     : Starting a blocking GC Explicit
08-04 03:03:14.980 31658 31693 I art     : Explicit concurrent mark sweep GC freed 3(96B) AllocSpace objects, 0(0B) LOS objects, 37% free, 26MB/42MB, paused 565us total 38.134ms
08-04 03:03:14.995 31658 31693 I art     : Starting a blocking GC Explicit
08-04 03:03:15.038 31658 31693 I art     : Explicit concurrent mark sweep GC freed 6(144B) AllocSpace objects, 0(0B) LOS objects, 37% free, 26MB/42MB, paused 604us total 42.064ms
08-04 03:03:15.053 31658 31693 I art     : Starting a blocking GC Explicit
08-04 03:03:15.075   518   646 I ThermalEngine: ACTION: GPU - Setting GPU[0] to 510000000
08-04 03:03:15.095 31658 31693 I art     : Explicit concurrent mark sweep GC freed 30(1152B) AllocSpace objects, 0(0B) LOS objects, 37% free, 26MB/42MB, paused 523us total 41.719ms
08-04 03:03:15.320   474   474 D AndroidRuntime: >>>>>> START com.android.internal.os.RuntimeInit uid 2000 <<<<<<
08-04 03:03:15.325   474   474 D AndroidRuntime: CheckJNI is OFF
08-04 03:03:15.357   474   474 D ICU     : No timezone override file found: /data/misc/zoneinfo/current/icu/icu_tzdata.dat
08-04 03:03:15.389   474   474 I Radio-JNI: register_android_hardware_Radio DONE
08-04 03:03:15.411   474   474 D AndroidRuntime: Calling main entry com.android.commands.input.Input
08-04 03:03:15.413   474   474 I Input   : injectMotionEvent: MotionEvent { action=ACTION_DOWN, actionButton=0, id[0]=0, x[0]=81.0, y[0]=176.0, toolType[0]=TOOL_TYPE_UNKNOWN, buttonState=0, metaState=0, flags=0x0, edgeFlags=0x0, pointerCount=1, historySize=0, eventTime=673411825, downTime=673411825, deviceId=0, source=0x1002 }
08-04 03:03:15.417   474   474 I Input   : injectMotionEvent: MotionEvent { action=ACTION_UP, actionButton=0, id[0]=0, x[0]=81.0, y[0]=176.0, toolType[0]=TOOL_TYPE_UNKNOWN, buttonState=0, metaState=0, flags=0x0, edgeFlags=0x0, pointerCount=1, historySize=0, eventTime=673411825, downTime=673411825, deviceId=0, source=0x1002 }
08-04 03:03:15.419   474   474 D AndroidRuntime: Shutting down VM
08-04 03:03:15.426   512  2967 D audio_hw_primary: out_set_parameters: enter: usecase(1: low-latency-playback) kvpairs: routing=2
08-04 03:03:15.438   512  2967 D audio_hw_primary: select_devices: out_snd_device(2: speaker) in_snd_device(0: none)
08-04 03:03:15.439   512  2967 D msm8974_platform: platform_send_audio_calibration: sending audio calibration for snd_device(2) acdb_id(15)
08-04 03:03:15.439   512  2967 I soundtrigger: audio_extn_sound_trigger_update_device_status: device 0x2 of type 0 for Event 1
08-04 03:03:15.439 31658 31923 I art     : Starting a blocking GC Explicit
08-04 03:03:15.453   512  2967 D audio_hw_primary: enable_snd_device: snd_device(2: speaker)
08-04 03:03:15.455   512  2967 D audio_hw_primary: enable_audio_route: apply and update mixer path: low-latency-playback speaker
08-04 03:03:15.461 13866 13866 I GoogleInputMethodServic: GoogleInputMethodService.onFinishInput():3138 
08-04 03:03:15.462 13866 13866 I GoogleInputMethodServic: GoogleInputMethodService.onStartInput():1808 
08-04 03:03:15.478 31658 31923 I art     : Explicit concurrent mark sweep GC freed 1414(79KB) AllocSpace objects, 1(20KB) LOS objects, 37% free, 26MB/42MB, paused 444us total 38.924ms
08-04 03:03:15.490 31658 31923 I art     : Starting a blocking GC Explicit
08-04 03:03:15.521 31658 31923 I art     : Explicit concurrent mark sweep GC freed 543(30KB) AllocSpace objects, 0(0B) LOS objects, 37% free, 26MB/42MB, paused 370us total 31.066ms
08-04 03:03:15.533 31658 31923 I art     : Starting a blocking GC Explicit
08-04 03:03:15.564 31658 31923 I art     : Explicit concurrent mark sweep GC freed 7(384B) AllocSpace objects, 0(0B) LOS objects, 37% free, 26MB/42MB, paused 351us total 30.422ms
08-04 03:03:15.575 31658 31923 I art     : Starting a blocking GC Explicit
08-04 03:03:15.606 31658 31923 I art     : Explicit concurrent mark sweep GC freed 3(96B) AllocSpace objects, 0(0B) LOS objects, 37% free, 26MB/42MB, paused 349us total 30.692ms
08-04 03:03:15.619 31658 31923 I art     : Starting a blocking GC Explicit
08-04 03:03:15.650 31658 31923 I art     : Explicit concurrent mark sweep GC freed 3(96B) AllocSpace objects, 0(0B) LOS objects, 37% free, 26MB/42MB, paused 342us total 31.089ms
08-04 03:03:15.928 31658 31670 I art     : Starting a blocking GC Explicit
08-04 03:03:15.970 31658 31670 I art     : Explicit concurrent mark sweep GC freed 1298(75KB) AllocSpace objects, 1(20KB) LOS objects, 37% free, 26MB/42MB, paused 372us total 42.059ms
08-04 03:03:15.983 31658 31670 I art     : Starting a blocking GC Explicit
08-04 03:03:15.998   512  2967 D audio_hw_primary: disable_audio_route: reset and update mixer path: low-latency-playback speaker
08-04 03:03:15.999   512  2967 D audio_hw_primary: disable_snd_device: snd_device(2: speaker)
08-04 03:03:16.007   512  2967 I soundtrigger: audio_extn_sound_trigger_update_device_status: device 0x2 of type 0 for Event 0
08-04 03:03:16.015 31658 31670 I art     : Explicit concurrent mark sweep GC freed 26(880B) AllocSpace objects, 0(0B) LOS objects, 37% free, 26MB/42MB, paused 370us total 31.909ms
08-04 03:03:16.028 31658 31670 I art     : Starting a blocking GC Explicit
08-04 03:03:16.060 31658 31670 I art     : Explicit concurrent mark sweep GC freed 3(96B) AllocSpace objects, 0(0B) LOS objects, 37% free, 26MB/42MB, paused 365us total 31.840ms
08-04 03:03:16.072 31658 31670 I art     : Starting a blocking GC Explicit
08-04 03:03:16.104 31658 31670 I art     : Explicit concurrent mark sweep GC freed 3(96B) AllocSpace objects, 0(0B) LOS objects, 37% free, 26MB/42MB, paused 359us total 31.915ms
08-04 03:03:16.116 31658 31670 I art     : Starting a blocking GC Explicit
08-04 03:03:16.150 31658 31670 I art     : Explicit concurrent mark sweep GC freed 3(96B) AllocSpace objects, 0(0B) LOS objects, 37% free, 26MB/42MB, paused 415us total 33.297ms
08-04 03:03:16.455 31658 31923 I art     : Starting a blocking GC Explicit
08-04 03:03:16.503 31658 31923 I art     : Explicit concurrent mark sweep GC freed 1295(75KB) AllocSpace objects, 1(20KB) LOS objects, 37% free, 26MB/42MB, paused 411us total 47.329ms
08-04 03:03:16.517 31658 31923 I art     : Starting a blocking GC Explicit
08-04 03:03:16.553 31658 31923 I art     : Explicit concurrent mark sweep GC freed 18(624B) AllocSpace objects, 0(0B) LOS objects, 37% free, 26MB/42MB, paused 368us total 35.253ms
08-04 03:03:16.565 31658 31923 I art     : Starting a blocking GC Explicit
08-04 03:03:16.601 31658 31923 I art     : Explicit concurrent mark sweep GC freed 3(96B) AllocSpace objects, 0(0B) LOS objects, 37% free, 26MB/42MB, paused 370us total 34.844ms
08-04 03:03:16.613 31658 31923 I art     : Starting a blocking GC Explicit
08-04 03:03:16.648 31658 31923 I art     : Explicit concurrent mark sweep GC freed 3(96B) AllocSpace objects, 0(0B) LOS objects, 37% free, 26MB/42MB, paused 347us total 34.796ms
08-04 03:03:16.661 31658 31923 I art     : Starting a blocking GC Explicit
08-04 03:03:16.694 31658 31923 I art     : Explicit concurrent mark sweep GC freed 3(96B) AllocSpace objects, 0(0B) LOS objects, 37% free, 26MB/42MB, paused 368us total 32.524ms
08-04 03:03:16.978 31658 31669 I art     : Starting a blocking GC Explicit
08-04 03:03:17.018 31658 31669 I art     : Explicit concurrent mark sweep GC freed 1293(75KB) AllocSpace objects, 1(20KB) LOS objects, 37% free, 26MB/42MB, paused 407us total 39.993ms
08-04 03:03:17.031 31658 31669 I art     : Starting a blocking GC Explicit
08-04 03:03:17.061 31658 31669 I art     : Explicit concurrent mark sweep GC freed 19(656B) AllocSpace objects, 0(0B) LOS objects, 37% free, 26MB/42MB, paused 415us total 30.094ms
08-04 03:03:17.067   570   570 D AndroidRuntime: >>>>>> START com.android.internal.os.RuntimeInit uid 2000 <<<<<<
08-04 03:03:17.072   570   570 D AndroidRuntime: CheckJNI is OFF
08-04 03:03:17.072 31658 31669 I art     : Starting a blocking GC Explicit
08-04 03:03:17.102 31658 31669 I art     : Explicit concurrent mark sweep GC freed 6(192B) AllocSpace objects, 0(0B) LOS objects, 37% free, 26MB/42MB, paused 397us total 29.606ms
08-04 03:03:17.104   570   570 D ICU     : No timezone override file found: /data/misc/zoneinfo/current/icu/icu_tzdata.dat
08-04 03:03:17.114 31658 31669 I art     : Starting a blocking GC Explicit
08-04 03:03:17.137   570   570 I Radio-JNI: register_android_hardware_Radio DONE
08-04 03:03:17.144 31658 31669 I art     : Explicit concurrent mark sweep GC freed 9(288B) AllocSpace objects, 0(0B) LOS objects, 37% free, 26MB/42MB, paused 420us total 30.100ms
08-04 03:03:17.156 31658 31669 I art     : Starting a blocking GC Explicit
08-04 03:03:17.159   570   570 D AndroidRuntime: Calling main entry com.android.commands.input.Input
08-04 03:03:17.161   570   570 I Input   : injectMotionEvent: MotionEvent { action=ACTION_DOWN, actionButton=0, id[0]=0, x[0]=436.0, y[0]=1770.0, toolType[0]=TOOL_TYPE_UNKNOWN, buttonState=0, metaState=0, flags=0x0, edgeFlags=0x0, pointerCount=1, historySize=0, eventTime=673413574, downTime=673413574, deviceId=0, source=0x1002 }
08-04 03:03:17.166   570   570 I Input   : injectMotionEvent: MotionEvent { action=ACTION_UP, actionButton=0, id[0]=0, x[0]=436.0, y[0]=1770.0, toolType[0]=TOOL_TYPE_UNKNOWN, buttonState=0, metaState=0, flags=0x0, edgeFlags=0x0, pointerCount=1, historySize=0, eventTime=673413574, downTime=673413574, deviceId=0, source=0x1002 }
08-04 03:03:17.169   570   570 D AndroidRuntime: Shutting down VM
08-04 03:03:17.177 31658 31658 D MainActivity: NavigationItemSelected: Courses
08-04 03:03:17.178   918  3714 I ActivityManager: START u0 {cmp=baseline.com.ak.uobtimetable/.CourseListActivity} from uid 10659 on display 0
08-04 03:03:17.180   512  2967 D audio_hw_primary: out_set_parameters: enter: usecase(1: low-latency-playback) kvpairs: routing=2
08-04 03:03:17.186 31658 31669 I art     : Explicit concurrent mark sweep GC freed 35(1376B) AllocSpace objects, 0(0B) LOS objects, 37% free, 26MB/42MB, paused 409us total 30.641ms
08-04 03:03:17.193   512  2967 D audio_hw_primary: select_devices: out_snd_device(2: speaker) in_snd_device(0: none)
08-04 03:03:17.193   512  2967 D msm8974_platform: platform_send_audio_calibration: sending audio calibration for snd_device(2) acdb_id(15)
08-04 03:03:17.193   512  2967 I soundtrigger: audio_extn_sound_trigger_update_device_status: device 0x2 of type 0 for Event 1
08-04 03:03:17.202 31658 31658 D MainActivity: OnPause
08-04 03:03:17.204   512  2967 D audio_hw_primary: enable_snd_device: snd_device(2: speaker)
08-04 03:03:17.206   512  2967 D audio_hw_primary: enable_audio_route: apply and update mixer path: low-latency-playback speaker
08-04 03:03:17.230 31658 31658 D CourseListActivity: onCreate
08-04 03:03:17.231 31658   663 D HTTP    : Request for: https://uob-timetable-api.adriankeenan.co.uk/courses
08-04 03:03:17.299   918   936 I ActivityManager: Displayed baseline.com.ak.uobtimetable/.CourseListActivity: +96ms
08-04 03:03:17.299 13866 13866 I GoogleInputMethodServic: GoogleInputMethodService.onFinishInput():3138 
08-04 03:03:17.300 13866 13866 I GoogleInputMethodServic: GoogleInputMethodService.onStartInput():1808 
08-04 03:03:17.442 31658 31923 I art     : Starting a blocking GC Explicit
08-04 03:03:17.495 31658 31923 I art     : Explicit concurrent mark sweep GC freed 6311(344KB) AllocSpace objects, 3(140KB) LOS objects, 37% free, 26MB/42MB, paused 679us total 52.112ms
08-04 03:03:17.498 31658   663 I NAPPA_EXPERIMENTATION: MetricNetworkRequestExecutionTime: REQUEST_DURATION_SYSTEM='266',REQUEST_DURATION_OKHTTP='32',REQUEST_SYNCHRONOUS='TRUE',RESPONSE_CODE='200',RESPONSE_METHOD='GET',RESPONSE_LENGTH_OKHTTP='-1',RESPONSE_LENGTH_HEADER='-2',REQUEST_PROTOCOL='http/1.1',REQUEST_URL='https://uob-timetable-api.adriankeenan.co.uk/courses',
08-04 03:03:17.513 31658 31923 I art     : Starting a blocking GC Explicit
08-04 03:03:17.548 31658 31923 I art     : Explicit concurrent mark sweep GC freed 1756(169KB) AllocSpace objects, 1(80KB) LOS objects, 35% free, 28MB/44MB, paused 419us total 35.530ms
08-04 03:03:17.561 31658 31923 I art     : Starting a blocking GC Explicit
08-04 03:03:17.592 31658 31923 I art     : Explicit concurrent mark sweep GC freed 61(2560B) AllocSpace objects, 0(0B) LOS objects, 33% free, 31MB/47MB, paused 410us total 30.511ms
08-04 03:03:17.604 31658 31923 I art     : Starting a blocking GC Explicit
08-04 03:03:17.634 31658 31923 I art     : Explicit concurrent mark sweep GC freed 13(336B) AllocSpace objects, 0(0B) LOS objects, 31% free, 34MB/50MB, paused 392us total 29.560ms
08-04 03:03:17.646 31658 31923 I art     : Starting a blocking GC Explicit
08-04 03:03:17.676 31658 31923 I art     : Explicit concurrent mark sweep GC freed 15(384B) AllocSpace objects, 0(0B) LOS objects, 30% free, 36MB/52MB, paused 412us total 29.782ms
08-04 03:03:17.693 31658 31658 D MainActivity: Saving state
08-04 03:03:17.694 31658 31658 D MainActivity: Saving current fragment: SessionListsFragment
08-04 03:03:17.694 31658 31658 D MainActivity: Saving current index: 1
08-04 03:03:17.695 31658 31658 D SessionListsFragment: Saving state
08-04 03:03:17.748   512  2967 D audio_hw_primary: disable_audio_route: reset and update mixer path: low-latency-playback speaker
08-04 03:03:17.749   512  2967 D audio_hw_primary: disable_snd_device: snd_device(2: speaker)
08-04 03:03:17.757   512  2967 I soundtrigger: audio_extn_sound_trigger_update_device_status: device 0x2 of type 0 for Event 0
08-04 03:03:17.892 31658   663 I HTTP    : Response was compressed.
08-04 03:03:17.954 31658 31923 I art     : Starting a blocking GC Explicit
08-04 03:03:17.995 31658 31923 I art     : Explicit concurrent mark sweep GC freed 29616(1385KB) AllocSpace objects, 2(22MB) LOS objects, 27% free, 42MB/58MB, paused 618us total 41.229ms
08-04 03:03:18.007 31658 31923 I art     : Starting a blocking GC Explicit
08-04 03:03:18.044 31658 31923 I art     : Explicit concurrent mark sweep GC freed 29100(1391KB) AllocSpace objects, 0(0B) LOS objects, 27% free, 42MB/58MB, paused 632us total 36.381ms
08-04 03:03:18.056 31658 31923 I art     : Starting a blocking GC Explicit
08-04 03:03:18.093 31658 31923 I art     : Explicit concurrent mark sweep GC freed 26647(1256KB) AllocSpace objects, 0(0B) LOS objects, 27% free, 42MB/58MB, paused 684us total 36.500ms
08-04 03:03:18.105 31658 31923 I art     : Starting a blocking GC Explicit
08-04 03:03:18.142 31658 31923 I art     : Explicit concurrent mark sweep GC freed 26657(1244KB) AllocSpace objects, 0(0B) LOS objects, 27% free, 42MB/58MB, paused 682us total 37.285ms
08-04 03:03:18.154 31658 31923 I art     : Starting a blocking GC Explicit
08-04 03:03:18.192 31658 31923 I art     : Explicit concurrent mark sweep GC freed 26760(1269KB) AllocSpace objects, 0(0B) LOS objects, 27% free, 42MB/58MB, paused 709us total 37.597ms
08-04 03:03:18.491 31658 31670 I art     : Starting a blocking GC Explicit
08-04 03:03:18.553 31658 31670 I art     : Explicit concurrent mark sweep GC freed 181037(8MB) AllocSpace objects, 1(20KB) LOS objects, 26% free, 44MB/60MB, paused 747us total 61.824ms
08-04 03:03:18.568 31658 31670 I art     : Starting a blocking GC Explicit
08-04 03:03:18.609 31658 31670 I art     : Explicit concurrent mark sweep GC freed 33687(1593KB) AllocSpace objects, 0(0B) LOS objects, 26% free, 44MB/60MB, paused 781us total 40.647ms
08-04 03:03:18.622 31658 31670 I art     : Starting a blocking GC Explicit
08-04 03:03:18.664 31658 31670 I art     : Explicit concurrent mark sweep GC freed 28204(1331KB) AllocSpace objects, 0(0B) LOS objects, 26% free, 44MB/60MB, paused 835us total 41.891ms
08-04 03:03:18.678 31658 31670 I art     : Starting a blocking GC Explicit
08-04 03:03:18.721 31658 31670 I art     : Explicit concurrent mark sweep GC freed 29940(1403KB) AllocSpace objects, 0(0B) LOS objects, 26% free, 44MB/60MB, paused 911us total 43.006ms
08-04 03:03:18.735 31658 31670 I art     : Starting a blocking GC Explicit
08-04 03:03:18.779 31658 31670 I art     : Explicit concurrent mark sweep GC freed 30743(1463KB) AllocSpace objects, 0(0B) LOS objects, 26% free, 44MB/60MB, paused 847us total 43.360ms
08-04 03:03:19.078 31658 31693 I art     : Starting a blocking GC Explicit
08-04 03:03:19.140 31658 31693 I art     : Explicit concurrent mark sweep GC freed 184777(8MB) AllocSpace objects, 1(20KB) LOS objects, 25% free, 46MB/62MB, paused 720us total 62.003ms
08-04 03:03:19.157 31658 31693 I art     : Starting a blocking GC Explicit
08-04 03:03:19.202 31658 31693 I art     : Explicit concurrent mark sweep GC freed 38491(1838KB) AllocSpace objects, 0(0B) LOS objects, 25% free, 46MB/62MB, paused 1.351ms total 45.290ms
08-04 03:03:19.217 31658 31693 I art     : Starting a blocking GC Explicit
08-04 03:03:19.265 31658 31693 I art     : Explicit concurrent mark sweep GC freed 34180(1594KB) AllocSpace objects, 0(0B) LOS objects, 25% free, 46MB/62MB, paused 893us total 47.664ms
08-04 03:03:19.280 31658 31693 I art     : Starting a blocking GC Explicit
08-04 03:03:19.329 31658 31693 I art     : Explicit concurrent mark sweep GC freed 33673(1583KB) AllocSpace objects, 0(0B) LOS objects, 25% free, 47MB/63MB, paused 954us total 49.112ms
08-04 03:03:19.344 31658 31693 I art     : Starting a blocking GC Explicit
08-04 03:03:19.395 31658 31693 I art     : Explicit concurrent mark sweep GC freed 34601(1620KB) AllocSpace objects, 0(0B) LOS objects, 25% free, 47MB/63MB, paused 964us total 49.902ms
08-04 03:03:19.696 31658 31693 I art     : Starting a blocking GC Explicit
08-04 03:03:19.770 31658 31693 I art     : Explicit concurrent mark sweep GC freed 190280(8MB) AllocSpace objects, 1(20KB) LOS objects, 24% free, 49MB/65MB, paused 874us total 73.782ms
08-04 03:03:19.787 31658 31693 I art     : Starting a blocking GC Explicit
08-04 03:03:19.840 31658 31693 I art     : Explicit concurrent mark sweep GC freed 42872(2MB) AllocSpace objects, 0(0B) LOS objects, 24% free, 49MB/65MB, paused 973us total 52.721ms
08-04 03:03:19.856 31658 31693 I art     : Starting a blocking GC Explicit
08-04 03:03:19.910 31658 31693 I art     : Explicit concurrent mark sweep GC freed 37382(1767KB) AllocSpace objects, 0(0B) LOS objects, 24% free, 49MB/65MB, paused 1.077ms total 54.046ms
08-04 03:03:19.927 31658 31693 I art     : Starting a blocking GC Explicit
08-04 03:03:19.982 31658 31693 I art     : Explicit concurrent mark sweep GC freed 37295(1766KB) AllocSpace objects, 0(0B) LOS objects, 24% free, 49MB/65MB, paused 1.104ms total 55.443ms
08-04 03:03:19.999 31658 31693 I art     : Starting a blocking GC Explicit
08-04 03:03:20.054 31658 31693 I art     : Explicit concurrent mark sweep GC freed 38670(1806KB) AllocSpace objects, 0(0B) LOS objects, 24% free, 49MB/65MB, paused 1.030ms total 55.292ms
08-04 03:03:20.121 24365 28436 I NetworkScheduler.Stats: Task com.google.android.gms/com.google.android.gms.icing.service.IcingGcmTaskService started execution. cause:4 exec_start_elapsed_seconds: 1656803 [CONTEXT service_id=218 ]
08-04 03:03:20.130 24365 23406 I NetworkScheduler.Stats: Task com.google.android.gms/com.google.android.gms.icing.service.IcingGcmTaskService finished executing. cause:4 result: 1 elapsed_millis: 27 uptime_millis: 26 exec_start_elapsed_seconds: 1656803 [CONTEXT service_id=218 ]
08-04 03:03:20.353 31658 31923 I art     : Starting a blocking GC Explicit
08-04 03:03:20.432 31658 31923 I art     : Explicit concurrent mark sweep GC freed 195982(8MB) AllocSpace objects, 1(20KB) LOS objects, 23% free, 51MB/67MB, paused 1.106ms total 78.287ms
08-04 03:03:20.450 31658 31923 I art     : Starting a blocking GC Explicit
08-04 03:03:20.509 31658 31923 I art     : Explicit concurrent mark sweep GC freed 47207(2MB) AllocSpace objects, 0(0B) LOS objects, 23% free, 51MB/67MB, paused 1.128ms total 58.602ms
08-04 03:03:20.528 31658 31923 I art     : Starting a blocking GC Explicit
08-04 03:03:20.587 31658 31923 I art     : Explicit concurrent mark sweep GC freed 40977(1934KB) AllocSpace objects, 0(0B) LOS objects, 23% free, 51MB/67MB, paused 1.116ms total 59.405ms
08-04 03:03:20.605 31658 31923 I art     : Starting a blocking GC Explicit
08-04 03:03:20.666 31658 31923 I art     : Explicit concurrent mark sweep GC freed 41247(1943KB) AllocSpace objects, 0(0B) LOS objects, 23% free, 52MB/68MB, paused 1.211ms total 59.905ms
08-04 03:03:20.683 31658 31923 I art     : Starting a blocking GC Explicit
08-04 03:03:20.723 31658   663 I Service : getCourses response time: 0.69
08-04 03:03:20.730 31658 31658 I SettingsManager: Getting string: savedCourse
08-04 03:03:20.744 31658 31923 I art     : Explicit concurrent mark sweep GC freed 36068(1737KB) AllocSpace objects, 0(0B) LOS objects, 23% free, 52MB/68MB, paused 1.733ms total 60.765ms
08-04 03:03:21.062 31658 31693 I art     : Starting a blocking GC Explicit
08-04 03:03:21.086   518   646 I ThermalEngine: ACTION: GPU - Setting GPU[0] to 450000000
08-04 03:03:21.153 31658 31693 I art     : Explicit concurrent mark sweep GC freed 2840(149KB) AllocSpace objects, 2(15MB) LOS objects, 29% free, 37MB/53MB, paused 564us total 90.439ms
08-04 03:03:21.179 31658 31693 I art     : Starting a blocking GC Explicit
08-04 03:03:21.262 31658 31693 I art     : Explicit concurrent mark sweep GC freed 763(67KB) AllocSpace objects, 0(0B) LOS objects, 29% free, 37MB/53MB, paused 541us total 82.861ms
08-04 03:03:21.287 31658 31693 I art     : Starting a blocking GC Explicit
08-04 03:03:21.370 31658 31693 I art     : Explicit concurrent mark sweep GC freed 3(96B) AllocSpace objects, 0(0B) LOS objects, 29% free, 37MB/53MB, paused 555us total 82.631ms
08-04 03:03:21.396 31658 31693 I art     : Starting a blocking GC Explicit
08-04 03:03:21.480 31658 31693 I art     : Explicit concurrent mark sweep GC freed 3(96B) AllocSpace objects, 0(0B) LOS objects, 29% free, 37MB/53MB, paused 536us total 84.246ms
08-04 03:03:21.506 31658 31693 I art     : Starting a blocking GC Explicit
08-04 03:03:21.590 31658 31693 I art     : Explicit concurrent mark sweep GC freed 3(96B) AllocSpace objects, 0(0B) LOS objects, 29% free, 37MB/53MB, paused 547us total 83.680ms
08-04 03:03:21.942 31658 31923 I art     : Starting a blocking GC Explicit
08-04 03:03:22.046 31658 31923 I art     : Explicit concurrent mark sweep GC freed 1293(75KB) AllocSpace objects, 1(20KB) LOS objects, 29% free, 37MB/53MB, paused 566us total 103.975ms
08-04 03:03:22.075 31658 31923 I art     : Starting a blocking GC Explicit
08-04 03:03:22.161 31658 31923 I art     : Explicit concurrent mark sweep GC freed 18(624B) AllocSpace objects, 0(0B) LOS objects, 29% free, 37MB/53MB, paused 560us total 84.973ms
08-04 03:03:22.185 31658 31923 I art     : Starting a blocking GC Explicit
08-04 03:03:22.267 31658 31923 I art     : Explicit concurrent mark sweep GC freed 3(96B) AllocSpace objects, 0(0B) LOS objects, 29% free, 37MB/53MB, paused 547us total 81.490ms
08-04 03:03:22.292 31658 31923 I art     : Starting a blocking GC Explicit
08-04 03:03:22.370 31658 31923 I art     : Explicit concurrent mark sweep GC freed 5(192B) AllocSpace objects, 0(0B) LOS objects, 29% free, 37MB/53MB, paused 510us total 77.219ms
08-04 03:03:22.397 31658 31923 I art     : Starting a blocking GC Explicit
08-04 03:03:22.479 31658 31923 I art     : Explicit concurrent mark sweep GC freed 4(128B) AllocSpace objects, 0(0B) LOS objects, 29% free, 37MB/53MB, paused 567us total 81.745ms
08-04 03:03:22.838 31658 31670 I art     : Starting a blocking GC Explicit
08-04 03:03:22.938 31658 31670 I art     : Explicit concurrent mark sweep GC freed 1293(75KB) AllocSpace objects, 1(20KB) LOS objects, 29% free, 37MB/53MB, paused 565us total 99.022ms
08-04 03:03:22.963 31658 31670 I art     : Starting a blocking GC Explicit
08-04 03:03:23.047 31658 31670 I art     : Explicit concurrent mark sweep GC freed 18(624B) AllocSpace objects, 0(0B) LOS objects, 29% free, 37MB/53MB, paused 530us total 83.537ms
08-04 03:03:23.047 31658 31668 I art     : WaitForGcToComplete blocked for 51.547ms for cause HeapTrim
08-04 03:03:23.072 31658 31670 I art     : Starting a blocking GC Explicit
08-04 03:03:23.091   518   646 I ThermalEngine: ACTION: GPU - Setting GPU[0] to 510000000
08-04 03:03:23.149 31658 31670 I art     : Explicit concurrent mark sweep GC freed 3(96B) AllocSpace objects, 0(0B) LOS objects, 29% free, 37MB/53MB, paused 407us total 76.932ms
08-04 03:03:23.169 31658 31670 I art     : Starting a blocking GC Explicit
08-04 03:03:23.233 31658 31670 I art     : Explicit concurrent mark sweep GC freed 3(96B) AllocSpace objects, 0(0B) LOS objects, 29% free, 37MB/53MB, paused 400us total 63.380ms
08-04 03:03:23.253 31658 31670 I art     : Starting a blocking GC Explicit
08-04 03:03:23.316 31658 31670 I art     : Explicit concurrent mark sweep GC freed 3(96B) AllocSpace objects, 0(0B) LOS objects, 29% free, 37MB/53MB, paused 385us total 63.267ms
08-04 03:03:23.603 31658 31693 I art     : Starting a blocking GC Explicit
08-04 03:03:23.667 31658 31693 I art     : Explicit concurrent mark sweep GC freed 1293(75KB) AllocSpace objects, 1(20KB) LOS objects, 29% free, 37MB/53MB, paused 410us total 64.075ms
08-04 03:03:23.686 31658 31693 I art     : Starting a blocking GC Explicit
08-04 03:03:23.744 31658 31693 I art     : Explicit concurrent mark sweep GC freed 18(624B) AllocSpace objects, 0(0B) LOS objects, 29% free, 37MB/53MB, paused 406us total 57.791ms
08-04 03:03:23.763 31658 31693 I art     : Starting a blocking GC Explicit
08-04 03:03:23.823 31658 31693 I art     : Explicit concurrent mark sweep GC freed 3(96B) AllocSpace objects, 0(0B) LOS objects, 29% free, 37MB/53MB, paused 394us total 59.592ms
08-04 03:03:23.843 31658 31693 I art     : Starting a blocking GC Explicit
08-04 03:03:23.857   773   773 D AndroidRuntime: >>>>>> START com.android.internal.os.RuntimeInit uid 2000 <<<<<<
08-04 03:03:23.861   773   773 D AndroidRuntime: CheckJNI is OFF
08-04 03:03:23.896   773   773 D ICU     : No timezone override file found: /data/misc/zoneinfo/current/icu/icu_tzdata.dat
08-04 03:03:23.904 31658 31693 I art     : Explicit concurrent mark sweep GC freed 3(96B) AllocSpace objects, 0(0B) LOS objects, 29% free, 37MB/53MB, paused 411us total 60.955ms
08-04 03:03:23.923 31658 31693 I art     : Starting a blocking GC Explicit
08-04 03:03:23.931   773   773 I Radio-JNI: register_android_hardware_Radio DONE
08-04 03:03:23.952   773   773 D AndroidRuntime: Calling main entry com.android.commands.input.Input
08-04 03:03:23.954   773   773 I Input   : injectMotionEvent: MotionEvent { action=ACTION_DOWN, actionButton=0, id[0]=0, x[0]=648.0, y[0]=709.0, toolType[0]=TOOL_TYPE_UNKNOWN, buttonState=0, metaState=0, flags=0x0, edgeFlags=0x0, pointerCount=1, historySize=0, eventTime=673420367, downTime=673420367, deviceId=0, source=0x1002 }
08-04 03:03:23.959   773   773 I Input   : injectMotionEvent: MotionEvent { action=ACTION_UP, actionButton=0, id[0]=0, x[0]=648.0, y[0]=709.0, toolType[0]=TOOL_TYPE_UNKNOWN, buttonState=0, metaState=0, flags=0x0, edgeFlags=0x0, pointerCount=1, historySize=0, eventTime=673420367, downTime=673420367, deviceId=0, source=0x1002 }
08-04 03:03:23.961   773   773 D AndroidRuntime: Shutting down VM
08-04 03:03:23.979 31658 31693 I art     : Explicit concurrent mark sweep GC freed 18(688B) AllocSpace objects, 0(0B) LOS objects, 29% free, 37MB/53MB, paused 407us total 56.526ms
08-04 03:03:24.027   512  2967 D audio_hw_primary: out_set_parameters: enter: usecase(1: low-latency-playback) kvpairs: routing=2
08-04 03:03:24.040   512  2967 D audio_hw_primary: select_devices: out_snd_device(2: speaker) in_snd_device(0: none)
08-04 03:03:24.040   512  2967 D msm8974_platform: platform_send_audio_calibration: sending audio calibration for snd_device(2) acdb_id(15)
08-04 03:03:24.040   512  2967 I soundtrigger: audio_extn_sound_trigger_update_device_status: device 0x2 of type 0 for Event 1
08-04 03:03:24.055   512  2967 D audio_hw_primary: enable_snd_device: snd_device(2: speaker)
08-04 03:03:24.057   512  2967 D audio_hw_primary: enable_audio_route: apply and update mixer path: low-latency-playback speaker
08-04 03:03:24.262 31658 31693 I art     : Starting a blocking GC Explicit
08-04 03:03:24.344 31658 31693 I art     : Explicit concurrent mark sweep GC freed 2045(132KB) AllocSpace objects, 2(40KB) LOS objects, 29% free, 37MB/53MB, paused 367us total 81.758ms
08-04 03:03:24.371 31658 31693 I art     : Starting a blocking GC Explicit
08-04 03:03:24.447 31658 31693 I art     : Explicit concurrent mark sweep GC freed 155(6KB) AllocSpace objects, 0(0B) LOS objects, 29% free, 37MB/53MB, paused 397us total 75.250ms
08-04 03:03:24.468 31658 31693 I art     : Starting a blocking GC Explicit
08-04 03:03:24.529 31658 31693 I art     : Explicit concurrent mark sweep GC freed 5(160B) AllocSpace objects, 0(0B) LOS objects, 29% free, 37MB/53MB, paused 373us total 60.623ms
08-04 03:03:24.549 31658 31693 I art     : Starting a blocking GC Explicit
08-04 03:03:24.600   512  2967 D audio_hw_primary: disable_audio_route: reset and update mixer path: low-latency-playback speaker
08-04 03:03:24.601   512  2967 D audio_hw_primary: disable_snd_device: snd_device(2: speaker)
08-04 03:03:24.610   512  2967 I soundtrigger: audio_extn_sound_trigger_update_device_status: device 0x2 of type 0 for Event 0
08-04 03:03:24.612 31658 31693 I art     : Explicit concurrent mark sweep GC freed 3(96B) AllocSpace objects, 0(0B) LOS objects, 29% free, 37MB/53MB, paused 367us total 62.768ms
08-04 03:03:24.635 31658 31693 I art     : Starting a blocking GC Explicit
08-04 03:03:24.705 31658 31693 I art     : Explicit concurrent mark sweep GC freed 3(96B) AllocSpace objects, 0(0B) LOS objects, 29% free, 37MB/53MB, paused 415us total 69.570ms
08-04 03:03:25.012 31658 31693 I art     : Starting a blocking GC Explicit
08-04 03:03:25.086 31658 31693 I art     : Explicit concurrent mark sweep GC freed 1295(75KB) AllocSpace objects, 1(20KB) LOS objects, 29% free, 37MB/53MB, paused 421us total 73.779ms
08-04 03:03:25.106 31658 31693 I art     : Starting a blocking GC Explicit
08-04 03:03:25.165 31658 31693 I art     : Explicit concurrent mark sweep GC freed 20(688B) AllocSpace objects, 0(0B) LOS objects, 29% free, 37MB/53MB, paused 404us total 58.286ms
08-04 03:03:25.184 31658 31693 I art     : Starting a blocking GC Explicit
08-04 03:03:25.245 31658 31693 I art     : Explicit concurrent mark sweep GC freed 3(96B) AllocSpace objects, 0(0B) LOS objects, 29% free, 37MB/53MB, paused 415us total 60.137ms
08-04 03:03:25.265 31658 31693 I art     : Starting a blocking GC Explicit
08-04 03:03:25.322 31658 31693 I art     : Explicit concurrent mark sweep GC freed 3(96B) AllocSpace objects, 0(0B) LOS objects, 29% free, 37MB/53MB, paused 400us total 56.691ms
08-04 03:03:25.341 31658 31693 I art     : Starting a blocking GC Explicit
08-04 03:03:25.399 31658 31693 I art     : Explicit concurrent mark sweep GC freed 3(96B) AllocSpace objects, 0(0B) LOS objects, 29% free, 37MB/53MB, paused 400us total 57.756ms
08-04 03:03:25.598   818   818 D AndroidRuntime: >>>>>> START com.android.internal.os.RuntimeInit uid 2000 <<<<<<
08-04 03:03:25.603   818   818 D AndroidRuntime: CheckJNI is OFF
08-04 03:03:25.634   818   818 D ICU     : No timezone override file found: /data/misc/zoneinfo/current/icu/icu_tzdata.dat
08-04 03:03:25.667   818   818 I Radio-JNI: register_android_hardware_Radio DONE
08-04 03:03:25.692   818   818 D AndroidRuntime: Calling main entry com.android.commands.input.Input
08-04 03:03:25.694 31658 31693 I art     : Starting a blocking GC Explicit
08-04 03:03:25.695   818   818 I Input   : injectMotionEvent: MotionEvent { action=ACTION_DOWN, actionButton=0, id[0]=0, x[0]=1197.0, y[0]=1456.0, toolType[0]=TOOL_TYPE_UNKNOWN, buttonState=0, metaState=0, flags=0x0, edgeFlags=0x0, pointerCount=1, historySize=0, eventTime=673422107, downTime=673422107, deviceId=0, source=0x1002 }
08-04 03:03:25.701   818   818 I Input   : injectMotionEvent: MotionEvent { action=ACTION_UP, actionButton=0, id[0]=0, x[0]=1197.0, y[0]=1456.0, toolType[0]=TOOL_TYPE_UNKNOWN, buttonState=0, metaState=0, flags=0x0, edgeFlags=0x0, pointerCount=1, historySize=0, eventTime=673422107, downTime=673422107, deviceId=0, source=0x1002 }
08-04 03:03:25.704   818   818 D AndroidRuntime: Shutting down VM
08-04 03:03:25.722   512  2967 D audio_hw_primary: out_set_parameters: enter: usecase(1: low-latency-playback) kvpairs: routing=2
08-04 03:03:25.735   512  2967 D audio_hw_primary: select_devices: out_snd_device(2: speaker) in_snd_device(0: none)
08-04 03:03:25.735   512  2967 D msm8974_platform: platform_send_audio_calibration: sending audio calibration for snd_device(2) acdb_id(15)
08-04 03:03:25.735   512  2967 I soundtrigger: audio_extn_sound_trigger_update_device_status: device 0x2 of type 0 for Event 1
08-04 03:03:25.741 31658 31681 D OpenGLRenderer: endAllStagingAnimators on 0x7f9952f800 (RippleDrawable) with handle 0x7f79fe9080
08-04 03:03:25.746   512  2967 D audio_hw_primary: enable_snd_device: snd_device(2: speaker)
08-04 03:03:25.748 31658 31658 I SettingsManager: Setting string: savedCourse
08-04 03:03:25.748   512  2967 D audio_hw_primary: enable_audio_route: apply and update mixer path: low-latency-playback speaker
08-04 03:03:25.748   918  3696 W BackupManagerService: dataChanged but no participant pkg='baseline.com.ak.uobtimetable' uid=10659
08-04 03:03:25.749   918  3961 I ActivityManager: START u0 {flg=0x4000000 cmp=baseline.com.ak.uobtimetable/.MainActivity (has extras)} from uid 10659 on display 0
08-04 03:03:25.764   918  4400 W InputMethodManagerService: Focus gain on non-focused client com.android.internal.view.IInputMethodClient$Stub$Proxy@84aac5 (uid=10659 pid=31658)
08-04 03:03:25.767 31658 31693 I art     : Explicit concurrent mark sweep GC freed 3721(190KB) AllocSpace objects, 1(20KB) LOS objects, 29% free, 37MB/53MB, paused 756us total 72.764ms
08-04 03:03:25.779 31658 31658 D MainActivity: OnDestroy
08-04 03:03:25.785 31658 31693 I art     : Starting a blocking GC Explicit
08-04 03:03:25.799 31658 31658 D MainActivity: onCreate
08-04 03:03:25.799 31658 31658 I SettingsManager: Getting string: savedSessions
08-04 03:03:25.799 31658 31658 I SettingsManager: Getting string: savedSessions
08-04 03:03:25.807 31658 31658 I SettingsManager: Getting string: savedSessionsCourseName
08-04 03:03:25.808 31658 31658 I SettingsManager: Getting string: savedSessionsCourseName
08-04 03:03:25.808 31658 31658 I SettingsManager: Getting string: savedSessionsDateRange
08-04 03:03:25.808 31658 31658 I SettingsManager: Getting string: savedSessionsDateRange
08-04 03:03:25.808 31658 31658 I Settings: 15 saved sessions - Artificial Intelligence and Robotics (with Foundation Year) - BSc (Hons) - Ltn - Y0 Feb FT - Weeks: 24-38 (8 Jun 2020-20 Sep 2020)
08-04 03:03:25.839 31658 31658 I SettingsManager: Getting string: savedCourse
08-04 03:03:25.840 31658 31658 D MainActivity: sessionListFragmentArg: updateSessions
08-04 03:03:25.840 31658 31658 D MainActivity: showTermDatesConfigChange: false
08-04 03:03:25.840 31658 31658 D MainActivity: showTermDatesShortcut: false
08-04 03:03:25.841 31658 31658 D MainActivity: Setting initial fragment: SessionListsFragment
08-04 03:03:25.841 31658 31658 I SettingsManager: Getting int: launchCount
08-04 03:03:25.842 31658 31658 D SessionListsFragment: onCreateView
08-04 03:03:25.847 31658 31693 I art     : Explicit concurrent mark sweep GC freed 9738(454KB) AllocSpace objects, 0(0B) LOS objects, 29% free, 39MB/55MB, paused 875us total 61.282ms
08-04 03:03:25.847 31658 31658 I SettingsManager: Getting string: savedCourse
08-04 03:03:25.851 31658 31658 I SettingsManager: Getting string: savedSessions
08-04 03:03:25.860 31658 31658 D SessionListsFragment: loadArgument: updateSessions
08-04 03:03:25.860 31658 31658 D SessionListsFragment: initialIndex: -1
08-04 03:03:25.862 31658   841 D HTTP    : Request for: https://uob-timetable-api.adriankeenan.co.uk/sessions?dept=CM010&course=BSAIFAAF%2F02AA%2F0%2FFT&level=Foundation+Year
08-04 03:03:25.865 31658 31693 I art     : Starting a blocking GC Explicit
08-04 03:03:25.874 31658 31658 D TermDatesFragment: WebView loaded
08-04 03:03:25.875 31658 31658 D MainActivity: OnResume
08-04 03:03:25.929 31658 31693 I art     : Explicit concurrent mark sweep GC freed 10420(503KB) AllocSpace objects, 3(1380KB) LOS objects, 29% free, 37MB/53MB, paused 595us total 63.272ms
08-04 03:03:25.947 31658 31693 I art     : Starting a blocking GC Explicit
08-04 03:03:25.956 31658 31658 I TermDatesFragment: Webview load %: 10
08-04 03:03:25.976   918   936 I ActivityManager: Displayed baseline.com.ak.uobtimetable/.MainActivity: +210ms
08-04 03:03:25.977 13866 13866 I GoogleInputMethodServic: GoogleInputMethodService.onFinishInput():3138 
08-04 03:03:25.977 13866 13866 I GoogleInputMethodServic: GoogleInputMethodService.onStartInput():1808 
08-04 03:03:26.006 31658 31693 I art     : Explicit concurrent mark sweep GC freed 832(33KB) AllocSpace objects, 0(0B) LOS objects, 29% free, 37MB/53MB, paused 606us total 58.933ms
08-04 03:03:26.024 31658 31693 I art     : Starting a blocking GC Explicit
08-04 03:03:26.074 31658 31693 I art     : Explicit concurrent mark sweep GC freed 39801(1771KB) AllocSpace objects, 4(280KB) LOS objects, 30% free, 36MB/52MB, paused 561us total 49.810ms
08-04 03:03:26.107 31658   841 I NAPPA_EXPERIMENTATION: MetricNetworkRequestExecutionTime: REQUEST_DURATION_SYSTEM='244',REQUEST_DURATION_OKHTTP='44',REQUEST_SYNCHRONOUS='TRUE',RESPONSE_CODE='200',RESPONSE_METHOD='GET',RESPONSE_LENGTH_OKHTTP='-1',RESPONSE_LENGTH_HEADER='1214',REQUEST_PROTOCOL='http/1.1',REQUEST_URL='https://uob-timetable-api.adriankeenan.co.uk/sessions?dept=CM010&course=BSAIFAAF%2F02AA%2F0%2FFT&level=Foundation+Year',
08-04 03:03:26.111 31658 31658 I TermDatesFragment: Webview load %: 70
08-04 03:03:26.119 31658 31658 I TermDatesFragment: Webview load %: 100
08-04 03:03:26.119 31658 31658 I TermDatesFragment: Webview load %: 100
08-04 03:03:26.140 31658   841 I HTTP    : Response was compressed.
08-04 03:03:26.154 31658   841 I Service : getSessions response time: 1.10
08-04 03:03:26.155 31658 31658 I SettingsManager: Getting string: savedSessions
08-04 03:03:26.155 31658 31658 I SettingsManager: Getting string: savedSessions
08-04 03:03:26.163 31658 31658 I Service : Sessions updated: 15
08-04 03:03:26.163 31658 31658 I Service : Sessions removed from new list: 0
08-04 03:03:26.170 31658 31658 I SettingsManager: Setting string: savedSessions
08-04 03:03:26.171   918  3961 W BackupManagerService: dataChanged but no participant pkg='baseline.com.ak.uobtimetable' uid=10659
08-04 03:03:26.171 31658 31658 I SettingsManager: Setting date: savedSessionsTime
08-04 03:03:26.181   918  5132 W BackupManagerService: dataChanged but no participant pkg='baseline.com.ak.uobtimetable' uid=10659
08-04 03:03:26.181 31658 31658 I SettingsManager: Setting string: savedSessionsCourseName
08-04 03:03:26.181   918   928 W BackupManagerService: dataChanged but no participant pkg='baseline.com.ak.uobtimetable' uid=10659
08-04 03:03:26.181 31658 31658 I SettingsManager: Setting string: savedSessionsDateRange
08-04 03:03:26.181   918  6111 W BackupManagerService: dataChanged but no participant pkg='baseline.com.ak.uobtimetable' uid=10659
08-04 03:03:26.182 31658 31658 I SettingsManager: Setting string: timetableUrl
08-04 03:03:26.182   918  6112 W BackupManagerService: dataChanged but no participant pkg='baseline.com.ak.uobtimetable' uid=10659
08-04 03:03:26.182 31658 31658 I SettingsManager: Getting boolean: notifySessionRemindersEnabled
08-04 03:03:26.182 31658 31658 I SettingsManager: Getting int: notifySessionRemindersMinutes
08-04 03:03:26.182 31658 31658 I SettingsManager: Getting boolean: showHiddenSessions
08-04 03:03:26.184 31658 31658 I SessionReminderNotifier: Created session reminder alarm for f7b4771250a919bd729c1c5a4a459c77 at Mon 08:30:00 10/08/20
08-04 03:03:26.186 31658 31658 I SessionReminderNotifier: Created session reminder alarm for a7f879aabdeb78622c8820a5fb7b64cd at Tue 08:30:00 04/08/20
08-04 03:03:26.187 31658 31658 I SessionReminderNotifier: Created session reminder alarm for 7bc8d7e2c2055711f597c3d9078c6ea3 at Tue 08:30:00 04/08/20
08-04 03:03:26.188 31658 31658 I SessionReminderNotifier: Created session reminder alarm for 53c0527a6f009a1f2fd223834d3bfe51 at Tue 10:30:00 04/08/20
08-04 03:03:26.189 31658 31658 I SessionReminderNotifier: Created session reminder alarm for e0fc978b5db8218778540b4053344581 at Tue 11:00:00 04/08/20
08-04 03:03:26.191 31658 31658 I SessionReminderNotifier: Created session reminder alarm for 199afb0100f329ff65a09e1b0cd9deba at Tue 11:30:00 04/08/20
08-04 03:03:26.192 31658 31658 I SessionReminderNotifier: Created session reminder alarm for 21712fef61090882c855a1425543edb5 at Tue 13:30:00 04/08/20
08-04 03:03:26.193 31658 31658 I SessionReminderNotifier: Created session reminder alarm for 65ca4d97f031f29a4d02bbb45a705d8f at Wed 08:30:00 05/08/20
08-04 03:03:26.194 31658 31658 I SessionReminderNotifier: Created session reminder alarm for eeda7741b0bcab58fd9f46dc6ef1d942 at Wed 08:30:00 05/08/20
08-04 03:03:26.195 31658 31658 I SessionReminderNotifier: Created session reminder alarm for c276c1b2075a0beb67f1b3d1e580f920 at Wed 11:00:00 05/08/20
08-04 03:03:26.197 31658 31658 I SessionReminderNotifier: Created session reminder alarm for 8b1f3627e42ae13a6f6ba0a83903dde1 at Wed 13:30:00 05/08/20
08-04 03:03:26.198 31658 31658 I SessionReminderNotifier: Created session reminder alarm for 79fe0b5c3b887a13ba29db5a33fa2800 at Thu 08:30:00 06/08/20
08-04 03:03:26.199 31658 31658 I SessionReminderNotifier: Created session reminder alarm for cb9dfc8231cdba2be0835dc5709690e1 at Thu 08:30:00 06/08/20
08-04 03:03:26.200 31658 31658 I SessionReminderNotifier: Created session reminder alarm for f850dc24d6de60b7b89fa9e1a8c224c5 at Thu 12:00:00 06/08/20
08-04 03:03:26.202 31658 31658 I SessionReminderNotifier: Created session reminder alarm for 2ba1034116e4fffdd592dbf0796a43d5 at Fri 08:30:00 07/08/20
08-04 03:03:26.202 31658 31658 I SettingsManager: Getting boolean: showHiddenSessions
08-04 03:03:26.202 31658 31658 D SessionListsFragment: 1 sessions for day 0
08-04 03:03:26.202 31658 31658 D SessionListsFragment: 6 sessions for day 1
08-04 03:03:26.202 31658 31658 D SessionListsFragment: 4 sessions for day 2
08-04 03:03:26.202 31658 31658 D SessionListsFragment: 3 sessions for day 3
08-04 03:03:26.202 31658 31658 D SessionListsFragment: 1 sessions for day 4
08-04 03:03:26.244 31658 31658 I SettingsManager: Getting boolean: showHiddenSessions
08-04 03:03:26.244 31658 31658 D SessionListsFragment: Refreshed ViewPager
08-04 03:03:26.244 31658 31658 I SettingsManager: Getting boolean: showHiddenSessions
08-04 03:03:26.245 31658 31658 I SettingsManager: Getting boolean: completedTutorial
08-04 03:03:26.245 31658 31658 I SettingsManager: Getting boolean: showHiddenSessions
08-04 03:03:26.245 31658 31658 I SettingsManager: Getting date: savedSessionsTime
08-04 03:03:26.279   512  2967 D audio_hw_primary: disable_audio_route: reset and update mixer path: low-latency-playback speaker
08-04 03:03:26.280   512  2967 D audio_hw_primary: disable_snd_device: snd_device(2: speaker)
08-04 03:03:26.288   512  2967 I soundtrigger: audio_extn_sound_trigger_update_device_status: device 0x2 of type 0 for Event 0
08-04 03:03:26.360 31658 31670 I art     : Starting a blocking GC Explicit
08-04 03:03:26.433 31658 31670 I art     : Explicit concurrent mark sweep GC freed 99142(4MB) AllocSpace objects, 4(72KB) LOS objects, 30% free, 37MB/53MB, paused 1.177ms total 72.151ms
08-04 03:03:26.452 31658 31670 I art     : Starting a blocking GC Explicit
08-04 03:03:26.509 31658 31670 I art     : Explicit concurrent mark sweep GC freed 35612(1516KB) AllocSpace objects, 0(0B) LOS objects, 30% free, 37MB/53MB, paused 1.050ms total 57.007ms
08-04 03:03:26.526 31658 31670 I art     : Starting a blocking GC Explicit
08-04 03:03:26.587 31658 31670 I art     : Explicit concurrent mark sweep GC freed 34337(1421KB) AllocSpace objects, 0(0B) LOS objects, 30% free, 37MB/53MB, paused 1.103ms total 60.720ms
08-04 03:03:26.606 31658 31670 I art     : Starting a blocking GC Explicit
08-04 03:03:26.667 31658 31670 I art     : Explicit concurrent mark sweep GC freed 35307(1459KB) AllocSpace objects, 0(0B) LOS objects, 29% free, 37MB/53MB, paused 1.184ms total 61.200ms
08-04 03:03:26.687 31658 31670 I art     : Starting a blocking GC Explicit
08-04 03:03:26.749 31658 31670 I art     : Explicit concurrent mark sweep GC freed 34646(1434KB) AllocSpace objects, 0(0B) LOS objects, 29% free, 37MB/53MB, paused 1.115ms total 62.186ms
08-04 03:03:26.867 31658 31658 I Choreographer: Skipped 37 frames!  The application may be doing too much work on its main thread.
08-04 03:03:27.061 31658 31693 I art     : Starting a blocking GC Explicit
08-04 03:03:27.100   518   646 I ThermalEngine: ACTION: GPU - Setting GPU[0] to 450000000
08-04 03:03:27.145 31658 31693 I art     : Explicit concurrent mark sweep GC freed 56803(2MB) AllocSpace objects, 1(20KB) LOS objects, 29% free, 37MB/53MB, paused 510us total 83.953ms
08-04 03:03:27.169 31658 31693 I art     : Starting a blocking GC Explicit
08-04 03:03:27.228 31658 31693 I art     : Explicit concurrent mark sweep GC freed 123169(11MB) AllocSpace objects, 3(136KB) LOS objects, 37% free, 26MB/42MB, paused 547us total 57.969ms
08-04 03:03:27.242 31658 31693 I art     : Starting a blocking GC Explicit
08-04 03:03:27.281 31658 31693 I art     : Explicit concurrent mark sweep GC freed 3(96B) AllocSpace objects, 0(0B) LOS objects, 37% free, 26MB/42MB, paused 541us total 38.848ms
08-04 03:03:27.296 31658 31693 I art     : Starting a blocking GC Explicit
08-04 03:03:27.340 31658 31693 I art     : Explicit concurrent mark sweep GC freed 3(96B) AllocSpace objects, 0(0B) LOS objects, 37% free, 26MB/42MB, paused 576us total 42.832ms
08-04 03:03:27.355 31658 31693 I art     : Starting a blocking GC Explicit
08-04 03:03:27.402 31658 31693 I art     : Explicit concurrent mark sweep GC freed 3(96B) AllocSpace objects, 0(0B) LOS objects, 37% free, 26MB/42MB, paused 581us total 46.185ms
08-04 03:03:27.740 31658 31669 I art     : Starting a blocking GC Explicit
08-04 03:03:27.796 31658 31669 I art     : Explicit concurrent mark sweep GC freed 1294(75KB) AllocSpace objects, 1(20KB) LOS objects, 37% free, 26MB/42MB, paused 635us total 55.447ms
08-04 03:03:27.816 31658 31669 I art     : Starting a blocking GC Explicit
08-04 03:03:27.868 31658 31669 I art     : Explicit concurrent mark sweep GC freed 36(1344B) AllocSpace objects, 0(0B) LOS objects, 37% free, 26MB/42MB, paused 834us total 51.120ms
08-04 03:03:27.884 31658 31669 I art     : Starting a blocking GC Explicit
08-04 03:03:27.925 31658 31669 I art     : Explicit concurrent mark sweep GC freed 43(1392B) AllocSpace objects, 0(0B) LOS objects, 37% free, 26MB/42MB, paused 702us total 40.876ms
08-04 03:03:27.941 31658 31669 I art     : Starting a blocking GC Explicit
08-04 03:03:27.984 31658 31669 I art     : Explicit concurrent mark sweep GC freed 38(1216B) AllocSpace objects, 0(0B) LOS objects, 37% free, 26MB/42MB, paused 545us total 42.074ms
08-04 03:03:28.000 31658 31669 I art     : Starting a blocking GC Explicit
08-04 03:03:28.043 31658 31669 I art     : Explicit concurrent mark sweep GC freed 39(1248B) AllocSpace objects, 0(0B) LOS objects, 37% free, 26MB/42MB, paused 805us total 43.208ms
08-04 03:03:28.400 31658 31923 I art     : Starting a blocking GC Explicit
08-04 03:03:28.459 31658 31923 I art     : Explicit concurrent mark sweep GC freed 1321(76KB) AllocSpace objects, 1(20KB) LOS objects, 37% free, 26MB/42MB, paused 712us total 58.751ms
08-04 03:03:28.477 31658 31923 I art     : Starting a blocking GC Explicit
08-04 03:03:28.526 31658 31923 I art     : Explicit concurrent mark sweep GC freed 18(624B) AllocSpace objects, 0(0B) LOS objects, 37% free, 26MB/42MB, paused 600us total 49.072ms
08-04 03:03:28.543 31658 31923 I art     : Starting a blocking GC Explicit
08-04 03:03:28.590 31658 31923 I art     : Explicit concurrent mark sweep GC freed 3(96B) AllocSpace objects, 0(0B) LOS objects, 37% free, 26MB/42MB, paused 553us total 47.660ms
08-04 03:03:28.607 31658 31923 I art     : Starting a blocking GC Explicit
08-04 03:03:28.655 31658 31923 I art     : Explicit concurrent mark sweep GC freed 3(96B) AllocSpace objects, 0(0B) LOS objects, 37% free, 26MB/42MB, paused 574us total 47.764ms
08-04 03:03:28.672 31658 31923 I art     : Starting a blocking GC Explicit
08-04 03:03:28.719 31658 31923 I art     : Explicit concurrent mark sweep GC freed 3(96B) AllocSpace objects, 0(0B) LOS objects, 37% free, 26MB/42MB, paused 564us total 46.878ms
08-04 03:03:29.067 31658 31693 I art     : Starting a blocking GC Explicit
08-04 03:03:29.124 31658 31693 I art     : Explicit concurrent mark sweep GC freed 1293(75KB) AllocSpace objects, 1(20KB) LOS objects, 37% free, 26MB/42MB, paused 617us total 56.802ms
08-04 03:03:29.144 31658 31693 I art     : Starting a blocking GC Explicit
08-04 03:03:29.194 31658 31693 I art     : Explicit concurrent mark sweep GC freed 18(624B) AllocSpace objects, 0(0B) LOS objects, 37% free, 26MB/42MB, paused 605us total 49.091ms
08-04 03:03:29.214 31658 31693 I art     : Starting a blocking GC Explicit
08-04 03:03:29.260 31658 31693 I art     : Explicit concurrent mark sweep GC freed 3(96B) AllocSpace objects, 0(0B) LOS objects, 37% free, 26MB/42MB, paused 583us total 45.938ms
08-04 03:03:29.277 31658 31693 I art     : Starting a blocking GC Explicit
08-04 03:03:29.324 31658 31693 I art     : Explicit concurrent mark sweep GC freed 3(96B) AllocSpace objects, 0(0B) LOS objects, 37% free, 26MB/42MB, paused 567us total 46.857ms
08-04 03:03:29.340 31658 31693 I art     : Starting a blocking GC Explicit
08-04 03:03:29.386 31658 31693 I art     : Explicit concurrent mark sweep GC freed 3(96B) AllocSpace objects, 0(0B) LOS objects, 37% free, 26MB/42MB, paused 570us total 46.284ms
08-04 03:03:29.741 31658 31669 I art     : Starting a blocking GC Explicit
08-04 03:03:29.808 31658 31669 I art     : Explicit concurrent mark sweep GC freed 1293(75KB) AllocSpace objects, 1(20KB) LOS objects, 37% free, 26MB/42MB, paused 685us total 65.777ms
08-04 03:03:29.830 31658 31669 I art     : Starting a blocking GC Explicit
08-04 03:03:29.872 31658 31669 I art     : Explicit concurrent mark sweep GC freed 18(624B) AllocSpace objects, 0(0B) LOS objects, 37% free, 26MB/42MB, paused 586us total 42.151ms
08-04 03:03:29.888 31658 31669 I art     : Starting a blocking GC Explicit
08-04 03:03:29.934 31658 31669 I art     : Explicit concurrent mark sweep GC freed 15(656B) AllocSpace objects, 0(0B) LOS objects, 37% free, 26MB/42MB, paused 541us total 45.269ms
08-04 03:03:29.952 31658 31669 I art     : Starting a blocking GC Explicit
08-04 03:03:29.992 31658 31669 I art     : Explicit concurrent mark sweep GC freed 4(160B) AllocSpace objects, 0(0B) LOS objects, 37% free, 26MB/42MB, paused 517us total 39.449ms
08-04 03:03:30.006 31658 31669 I art     : Starting a blocking GC Explicit
08-04 03:03:30.043 31658 31669 I art     : Explicit concurrent mark sweep GC freed 4(112B) AllocSpace objects, 0(0B) LOS objects, 37% free, 26MB/42MB, paused 548us total 36.855ms
08-04 03:03:30.104   518   646 I ThermalEngine: ACTION: GPU - Setting GPU[0] to 510000000
08-04 03:03:30.360 31658 31923 I art     : Starting a blocking GC Explicit
08-04 03:03:30.395   949   949 D AndroidRuntime: >>>>>> START com.android.internal.os.RuntimeInit uid 2000 <<<<<<
08-04 03:03:30.402   949   949 D AndroidRuntime: CheckJNI is OFF
08-04 03:03:30.403 31658 31923 I art     : Explicit concurrent mark sweep GC freed 1375(78KB) AllocSpace objects, 1(20KB) LOS objects, 37% free, 26MB/42MB, paused 521us total 42.653ms
08-04 03:03:30.418 31658 31923 I art     : Starting a blocking GC Explicit
08-04 03:03:30.439   949   949 D ICU     : No timezone override file found: /data/misc/zoneinfo/current/icu/icu_tzdata.dat
08-04 03:03:30.452 31658 31923 I art     : Explicit concurrent mark sweep GC freed 166(10KB) AllocSpace objects, 0(0B) LOS objects, 37% free, 26MB/42MB, paused 420us total 33.819ms
08-04 03:03:30.464 31658 31923 I art     : Starting a blocking GC Explicit
08-04 03:03:30.474   949   949 I Radio-JNI: register_android_hardware_Radio DONE
08-04 03:03:30.495   949   949 D AndroidRuntime: Calling main entry com.android.commands.input.Input
08-04 03:03:30.497 31658 31923 I art     : Explicit concurrent mark sweep GC freed 3(96B) AllocSpace objects, 0(0B) LOS objects, 37% free, 26MB/42MB, paused 533us total 33.203ms
08-04 03:03:30.498   949   949 I Input   : injectMotionEvent: MotionEvent { action=ACTION_DOWN, actionButton=0, id[0]=0, x[0]=81.0, y[0]=176.0, toolType[0]=TOOL_TYPE_UNKNOWN, buttonState=0, metaState=0, flags=0x0, edgeFlags=0x0, pointerCount=1, historySize=0, eventTime=673426910, downTime=673426910, deviceId=0, source=0x1002 }
08-04 03:03:30.503   949   949 I Input   : injectMotionEvent: MotionEvent { action=ACTION_UP, actionButton=0, id[0]=0, x[0]=81.0, y[0]=176.0, toolType[0]=TOOL_TYPE_UNKNOWN, buttonState=0, metaState=0, flags=0x0, edgeFlags=0x0, pointerCount=1, historySize=0, eventTime=673426910, downTime=673426910, deviceId=0, source=0x1002 }
08-04 03:03:30.506   949   949 D AndroidRuntime: Shutting down VM
08-04 03:03:30.509 31658 31923 I art     : Starting a blocking GC Explicit
08-04 03:03:30.526   512  2967 D audio_hw_primary: out_set_parameters: enter: usecase(1: low-latency-playback) kvpairs: routing=2
08-04 03:03:30.539   512  2967 D audio_hw_primary: select_devices: out_snd_device(2: speaker) in_snd_device(0: none)
08-04 03:03:30.539   512  2967 D msm8974_platform: platform_send_audio_calibration: sending audio calibration for snd_device(2) acdb_id(15)
08-04 03:03:30.539   512  2967 I soundtrigger: audio_extn_sound_trigger_update_device_status: device 0x2 of type 0 for Event 1
08-04 03:03:30.541 31658 31923 I art     : Explicit concurrent mark sweep GC freed 26(944B) AllocSpace objects, 0(0B) LOS objects, 37% free, 26MB/42MB, paused 665us total 32.316ms
08-04 03:03:30.552   512  2967 D audio_hw_primary: enable_snd_device: snd_device(2: speaker)
08-04 03:03:30.553 31658 31923 I art     : Starting a blocking GC Explicit
08-04 03:03:30.554   512  2967 D audio_hw_primary: enable_audio_route: apply and update mixer path: low-latency-playback speaker
08-04 03:03:30.559 13866 13866 I GoogleInputMethodServic: GoogleInputMethodService.onFinishInput():3138 
08-04 03:03:30.560 13866 13866 I GoogleInputMethodServic: GoogleInputMethodService.onStartInput():1808 
08-04 03:03:30.584 31658 31923 I art     : Explicit concurrent mark sweep GC freed 34(1360B) AllocSpace objects, 0(0B) LOS objects, 37% free, 26MB/42MB, paused 409us total 31.221ms
08-04 03:03:30.858 31658 31670 I art     : Starting a blocking GC Explicit
08-04 03:03:30.901 31658 31670 I art     : Explicit concurrent mark sweep GC freed 1660(94KB) AllocSpace objects, 1(20KB) LOS objects, 37% free, 26MB/42MB, paused 479us total 42.324ms
08-04 03:03:30.915 31658 31670 I art     : Starting a blocking GC Explicit
08-04 03:03:30.950 31658 31670 I art     : Explicit concurrent mark sweep GC freed 32(1264B) AllocSpace objects, 0(0B) LOS objects, 37% free, 26MB/42MB, paused 377us total 34.604ms
08-04 03:03:30.962 31658 31670 I art     : Starting a blocking GC Explicit
08-04 03:03:30.993 31658 31670 I art     : Explicit concurrent mark sweep GC freed 21(976B) AllocSpace objects, 0(0B) LOS objects, 37% free, 26MB/42MB, paused 396us total 31.497ms
08-04 03:03:31.007 31658 31670 I art     : Starting a blocking GC Explicit
08-04 03:03:31.040 31658 31670 I art     : Explicit concurrent mark sweep GC freed 11(352B) AllocSpace objects, 0(0B) LOS objects, 37% free, 26MB/42MB, paused 381us total 33.413ms
08-04 03:03:31.052 31658 31670 I art     : Starting a blocking GC Explicit
08-04 03:03:31.086 31658 31670 I art     : Explicit concurrent mark sweep GC freed 3(96B) AllocSpace objects, 0(0B) LOS objects, 37% free, 26MB/42MB, paused 420us total 33.177ms
08-04 03:03:31.100   512  2967 D audio_hw_primary: disable_audio_route: reset and update mixer path: low-latency-playback speaker
08-04 03:03:31.101   512  2967 D audio_hw_primary: disable_snd_device: snd_device(2: speaker)
08-04 03:03:31.109   512  2967 I soundtrigger: audio_extn_sound_trigger_update_device_status: device 0x2 of type 0 for Event 0
08-04 03:03:31.384 31658 31670 I art     : Starting a blocking GC Explicit
08-04 03:03:31.430 31658 31670 I art     : Explicit concurrent mark sweep GC freed 1293(75KB) AllocSpace objects, 1(20KB) LOS objects, 37% free, 26MB/42MB, paused 494us total 45.757ms
08-04 03:03:31.447 31658 31670 I art     : Starting a blocking GC Explicit
08-04 03:03:31.483 31658 31670 I art     : Explicit concurrent mark sweep GC freed 20(688B) AllocSpace objects, 0(0B) LOS objects, 37% free, 26MB/42MB, paused 438us total 36.163ms
08-04 03:03:31.496 31658 31670 I art     : Starting a blocking GC Explicit
08-04 03:03:31.531 31658 31670 I art     : Explicit concurrent mark sweep GC freed 3(96B) AllocSpace objects, 0(0B) LOS objects, 37% free, 26MB/42MB, paused 440us total 35.401ms
08-04 03:03:31.544 31658 31670 I art     : Starting a blocking GC Explicit
08-04 03:03:31.580 31658 31670 I art     : Explicit concurrent mark sweep GC freed 3(96B) AllocSpace objects, 0(0B) LOS objects, 37% free, 26MB/42MB, paused 433us total 36.262ms
08-04 03:03:31.593 31658 31670 I art     : Starting a blocking GC Explicit
08-04 03:03:31.629 31658 31670 I art     : Explicit concurrent mark sweep GC freed 3(96B) AllocSpace objects, 0(0B) LOS objects, 37% free, 26MB/42MB, paused 435us total 35.370ms
08-04 03:03:31.901 31658 31923 I art     : Starting a blocking GC Explicit
08-04 03:03:31.937 31658 31923 I art     : Explicit concurrent mark sweep GC freed 1293(75KB) AllocSpace objects, 1(20KB) LOS objects, 37% free, 26MB/42MB, paused 441us total 36.089ms
08-04 03:03:31.950 31658 31923 I art     : Starting a blocking GC Explicit
08-04 03:03:31.981 31658 31923 I art     : Explicit concurrent mark sweep GC freed 18(624B) AllocSpace objects, 0(0B) LOS objects, 37% free, 26MB/42MB, paused 412us total 30.628ms
08-04 03:03:31.992 31658 31923 I art     : Starting a blocking GC Explicit
08-04 03:03:32.026 31658 31923 I art     : Explicit concurrent mark sweep GC freed 3(96B) AllocSpace objects, 0(0B) LOS objects, 37% free, 26MB/42MB, paused 420us total 33.964ms
08-04 03:03:32.038 31658 31923 I art     : Starting a blocking GC Explicit
08-04 03:03:32.073 31658 31923 I art     : Explicit concurrent mark sweep GC freed 3(96B) AllocSpace objects, 0(0B) LOS objects, 37% free, 26MB/42MB, paused 428us total 33.940ms
08-04 03:03:32.085 31658 31923 I art     : Starting a blocking GC Explicit
08-04 03:03:32.119 31658 31923 I art     : Explicit concurrent mark sweep GC freed 3(96B) AllocSpace objects, 0(0B) LOS objects, 37% free, 26MB/42MB, paused 474us total 34.018ms
08-04 03:03:32.180   993   993 D AndroidRuntime: >>>>>> START com.android.internal.os.RuntimeInit uid 2000 <<<<<<
08-04 03:03:32.185   993   993 D AndroidRuntime: CheckJNI is OFF
08-04 03:03:32.219   993   993 D ICU     : No timezone override file found: /data/misc/zoneinfo/current/icu/icu_tzdata.dat
08-04 03:03:32.253   993   993 I Radio-JNI: register_android_hardware_Radio DONE
08-04 03:03:32.275   993   993 D AndroidRuntime: Calling main entry com.android.commands.input.Input
08-04 03:03:32.277   993   993 I Input   : injectMotionEvent: MotionEvent { action=ACTION_DOWN, actionButton=0, id[0]=0, x[0]=360.0, y[0]=1098.0, toolType[0]=TOOL_TYPE_UNKNOWN, buttonState=0, metaState=0, flags=0x0, edgeFlags=0x0, pointerCount=1, historySize=0, eventTime=673428690, downTime=673428690, deviceId=0, source=0x1002 }
08-04 03:03:32.281   993   993 I Input   : injectMotionEvent: MotionEvent { action=ACTION_UP, actionButton=0, id[0]=0, x[0]=360.0, y[0]=1098.0, toolType[0]=TOOL_TYPE_UNKNOWN, buttonState=0, metaState=0, flags=0x0, edgeFlags=0x0, pointerCount=1, historySize=0, eventTime=673428690, downTime=673428690, deviceId=0, source=0x1002 }
08-04 03:03:32.283   993   993 D AndroidRuntime: Shutting down VM
08-04 03:03:32.295 31658 31658 D MainActivity: NavigationItemSelected: Term dates
08-04 03:03:32.298   512  2967 D audio_hw_primary: out_set_parameters: enter: usecase(1: low-latency-playback) kvpairs: routing=2
08-04 03:03:32.311   512  2967 D audio_hw_primary: select_devices: out_snd_device(2: speaker) in_snd_device(0: none)
08-04 03:03:32.311   512  2967 D msm8974_platform: platform_send_audio_calibration: sending audio calibration for snd_device(2) acdb_id(15)
08-04 03:03:32.311   512  2967 I soundtrigger: audio_extn_sound_trigger_update_device_status: device 0x2 of type 0 for Event 1
08-04 03:03:32.321   512  2967 D audio_hw_primary: enable_snd_device: snd_device(2: speaker)
08-04 03:03:32.323   512  2967 D audio_hw_primary: enable_audio_route: apply and update mixer path: low-latency-playback speaker
08-04 03:03:32.407 31658 31669 I art     : Starting a blocking GC Explicit
08-04 03:03:32.438 31658 31669 I art     : Explicit concurrent mark sweep GC freed 1858(97KB) AllocSpace objects, 1(20KB) LOS objects, 37% free, 26MB/42MB, paused 487us total 30.676ms
08-04 03:03:32.450 31658 31669 I art     : Starting a blocking GC Explicit
08-04 03:03:32.481 31658 31669 I art     : Explicit concurrent mark sweep GC freed 213(15KB) AllocSpace objects, 0(0B) LOS objects, 37% free, 26MB/42MB, paused 407us total 31.493ms
08-04 03:03:32.493 31658 31669 I art     : Starting a blocking GC Explicit
08-04 03:03:32.524 31658 31669 I art     : Explicit concurrent mark sweep GC freed 7(224B) AllocSpace objects, 0(0B) LOS objects, 37% free, 26MB/42MB, paused 398us total 30.748ms
08-04 03:03:32.535 31658 31669 I art     : Starting a blocking GC Explicit
08-04 03:03:32.567 31658 31669 I art     : Explicit concurrent mark sweep GC freed 8(256B) AllocSpace objects, 0(0B) LOS objects, 37% free, 26MB/42MB, paused 466us total 32.062ms
08-04 03:03:32.580 31658 31669 I art     : Starting a blocking GC Explicit
08-04 03:03:32.613 31658 31669 I art     : Explicit concurrent mark sweep GC freed 9(288B) AllocSpace objects, 0(0B) LOS objects, 37% free, 26MB/42MB, paused 468us total 33.462ms
08-04 03:03:32.731 13866 13866 I GoogleInputMethodServic: GoogleInputMethodService.onFinishInput():3138 
08-04 03:03:32.737 13866 13866 I GoogleInputMethodServic: GoogleInputMethodService.onStartInput():1808 
08-04 03:03:32.859   512  2967 D audio_hw_primary: disable_audio_route: reset and update mixer path: low-latency-playback speaker
08-04 03:03:32.862   512  2967 D audio_hw_primary: disable_snd_device: snd_device(2: speaker)
08-04 03:03:32.871   512  2967 I soundtrigger: audio_extn_sound_trigger_update_device_status: device 0x2 of type 0 for Event 0
08-04 03:03:32.928 31658 31693 I art     : Starting a blocking GC Explicit
08-04 03:03:32.972 31658 31693 I art     : Explicit concurrent mark sweep GC freed 1361(77KB) AllocSpace objects, 1(20KB) LOS objects, 37% free, 26MB/42MB, paused 456us total 43.718ms
08-04 03:03:32.989 31658 31693 I art     : Starting a blocking GC Explicit
08-04 03:03:33.026 31658 31693 I art     : Explicit concurrent mark sweep GC freed 25(848B) AllocSpace objects, 0(0B) LOS objects, 37% free, 26MB/42MB, paused 439us total 37.341ms
08-04 03:03:33.040 31658 31693 I art     : Starting a blocking GC Explicit
08-04 03:03:33.079 31658 31693 I art     : Explicit concurrent mark sweep GC freed 10(320B) AllocSpace objects, 0(0B) LOS objects, 37% free, 26MB/42MB, paused 1.663ms total 39.023ms
08-04 03:03:33.092 31658 31693 I art     : Starting a blocking GC Explicit
08-04 03:03:33.128 31658 31693 I art     : Explicit concurrent mark sweep GC freed 9(288B) AllocSpace objects, 0(0B) LOS objects, 37% free, 26MB/42MB, paused 556us total 35.640ms
08-04 03:03:33.141 31658 31693 I art     : Starting a blocking GC Explicit
08-04 03:03:33.177 31658 31693 I art     : Explicit concurrent mark sweep GC freed 9(288B) AllocSpace objects, 0(0B) LOS objects, 37% free, 26MB/42MB, paused 608us total 35.956ms
08-04 03:03:33.502 31658 31669 I art     : Starting a blocking GC Explicit
08-04 03:03:33.547 31658 31669 I art     : Explicit concurrent mark sweep GC freed 1336(76KB) AllocSpace objects, 1(20KB) LOS objects, 37% free, 26MB/42MB, paused 552us total 44.694ms
08-04 03:03:33.563 31658 31669 I art     : Starting a blocking GC Explicit
08-04 03:03:33.600 31658 31669 I art     : Explicit concurrent mark sweep GC freed 26(880B) AllocSpace objects, 0(0B) LOS objects, 37% free, 26MB/42MB, paused 385us total 36.746ms
08-04 03:03:33.614 31658 31669 I art     : Starting a blocking GC Explicit
08-04 03:03:33.651 31658 31669 I art     : Explicit concurrent mark sweep GC freed 9(288B) AllocSpace objects, 0(0B) LOS objects, 37% free, 26MB/42MB, paused 368us total 36.689ms
08-04 03:03:33.665 31658 31669 I art     : Starting a blocking GC Explicit
08-04 03:03:33.700 31658 31669 I art     : Explicit concurrent mark sweep GC freed 9(288B) AllocSpace objects, 0(0B) LOS objects, 37% free, 26MB/42MB, paused 369us total 34.517ms
08-04 03:03:33.713 31658 31669 I art     : Starting a blocking GC Explicit
08-04 03:03:33.748 31658 31669 I art     : Explicit concurrent mark sweep GC freed 9(288B) AllocSpace objects, 0(0B) LOS objects, 37% free, 26MB/42MB, paused 364us total 34.649ms
08-04 03:03:34.075 31658 31670 I art     : Starting a blocking GC Explicit
08-04 03:03:34.114 31658 31670 I art     : Explicit concurrent mark sweep GC freed 1358(77KB) AllocSpace objects, 1(20KB) LOS objects, 37% free, 26MB/42MB, paused 555us total 38.263ms
08-04 03:03:34.117   518   646 I ThermalEngine: ACTION: GPU - Setting GPU[0] to 450000000
08-04 03:03:34.132 31658 31670 I art     : Starting a blocking GC Explicit
08-04 03:03:34.179 31658 31670 I art     : Explicit concurrent mark sweep GC freed 31(1040B) AllocSpace objects, 0(0B) LOS objects, 37% free, 26MB/42MB, paused 679us total 46.546ms
08-04 03:03:34.195 31658 31670 I art     : Starting a blocking GC Explicit
08-04 03:03:34.240 31658 31670 I art     : Explicit concurrent mark sweep GC freed 10(320B) AllocSpace objects, 0(0B) LOS objects, 37% free, 26MB/42MB, paused 566us total 44.149ms
08-04 03:03:34.255 31658 31670 I art     : Starting a blocking GC Explicit
08-04 03:03:34.301 31658 31670 I art     : Explicit concurrent mark sweep GC freed 3(96B) AllocSpace objects, 0(0B) LOS objects, 37% free, 26MB/42MB, paused 537us total 45.676ms
08-04 03:03:34.317 31658 31670 I art     : Starting a blocking GC Explicit
08-04 03:03:34.366 31658 31670 I art     : Explicit concurrent mark sweep GC freed 3(96B) AllocSpace objects, 0(0B) LOS objects, 37% free, 26MB/42MB, paused 560us total 48.277ms
08-04 03:03:34.577   918  3261 D WifiStateMachine: starting scan for "H369AA63323"WPA_PSK with 2412,5180
08-04 03:03:34.728 31658 31693 I art     : Starting a blocking GC Explicit
08-04 03:03:34.793 31658 31693 I art     : Explicit concurrent mark sweep GC freed 1293(75KB) AllocSpace objects, 1(20KB) LOS objects, 37% free, 26MB/42MB, paused 617us total 64.898ms
08-04 03:03:34.814 31658 31693 I art     : Starting a blocking GC Explicit
08-04 03:03:34.862 31658 31693 I art     : Explicit concurrent mark sweep GC freed 18(624B) AllocSpace objects, 0(0B) LOS objects, 37% free, 26MB/42MB, paused 613us total 47.782ms
08-04 03:03:34.878 31658 31693 I art     : Starting a blocking GC Explicit
08-04 03:03:34.925 31658 31693 I art     : Explicit concurrent mark sweep GC freed 3(96B) AllocSpace objects, 0(0B) LOS objects, 37% free, 26MB/42MB, paused 568us total 46.724ms
08-04 03:03:34.942 31658 31693 I art     : Starting a blocking GC Explicit
08-04 03:03:34.991 31658 31693 I art     : Explicit concurrent mark sweep GC freed 3(96B) AllocSpace objects, 0(0B) LOS objects, 37% free, 26MB/42MB, paused 581us total 48.524ms
08-04 03:03:35.007 31658 31693 I art     : Starting a blocking GC Explicit
08-04 03:03:35.054 31658 31693 I art     : Explicit concurrent mark sweep GC freed 3(96B) AllocSpace objects, 0(0B) LOS objects, 37% free, 26MB/42MB, paused 560us total 46.863ms
08-04 03:03:35.401 31658 31669 I art     : Starting a blocking GC Explicit
08-04 03:03:35.459 31658 31669 I art     : Explicit concurrent mark sweep GC freed 1293(75KB) AllocSpace objects, 1(20KB) LOS objects, 37% free, 26MB/42MB, paused 814us total 57.578ms
08-04 03:03:35.478 31658 31669 I art     : Starting a blocking GC Explicit
08-04 03:03:35.526 31658 31669 I art     : Explicit concurrent mark sweep GC freed 18(624B) AllocSpace objects, 0(0B) LOS objects, 37% free, 26MB/42MB, paused 577us total 47.076ms
08-04 03:03:35.542 31658 31669 I art     : Starting a blocking GC Explicit
08-04 03:03:35.591 31658 31669 I art     : Explicit concurrent mark sweep GC freed 3(96B) AllocSpace objects, 0(0B) LOS objects, 37% free, 26MB/42MB, paused 587us total 48.608ms
08-04 03:03:35.608 31658 31669 I art     : Starting a blocking GC Explicit
08-04 03:03:35.654 31658 31669 I art     : Explicit concurrent mark sweep GC freed 3(96B) AllocSpace objects, 0(0B) LOS objects, 37% free, 26MB/42MB, paused 540us total 46.084ms
08-04 03:03:35.671 31658 31669 I art     : Starting a blocking GC Explicit
08-04 03:03:35.720 31658 31669 I art     : Explicit concurrent mark sweep GC freed 3(96B) AllocSpace objects, 0(0B) LOS objects, 37% free, 26MB/42MB, paused 575us total 49.083ms
08-04 03:03:36.082 31658 31923 I art     : Starting a blocking GC Explicit
08-04 03:03:36.145 31658 31923 I art     : Explicit concurrent mark sweep GC freed 1293(75KB) AllocSpace objects, 1(20KB) LOS objects, 37% free, 26MB/42MB, paused 593us total 62.174ms
08-04 03:03:36.163 31658 31923 I art     : Starting a blocking GC Explicit
08-04 03:03:36.212 31658 31923 I art     : Explicit concurrent mark sweep GC freed 18(624B) AllocSpace objects, 0(0B) LOS objects, 37% free, 26MB/42MB, paused 582us total 48.971ms
08-04 03:03:36.229 31658 31923 I art     : Starting a blocking GC Explicit
08-04 03:03:36.275 31658 31923 I art     : Explicit concurrent mark sweep GC freed 3(96B) AllocSpace objects, 0(0B) LOS objects, 37% free, 26MB/42MB, paused 575us total 46.182ms
08-04 03:03:36.292 31658 31923 I art     : Starting a blocking GC Explicit
08-04 03:03:36.341 31658 31923 I art     : Explicit concurrent mark sweep GC freed 3(96B) AllocSpace objects, 0(0B) LOS objects, 37% free, 26MB/42MB, paused 589us total 49.183ms
08-04 03:03:36.362 31658 31923 I art     : Starting a blocking GC Explicit
08-04 03:03:36.406 31658 31923 I art     : Explicit concurrent mark sweep GC freed 3(96B) AllocSpace objects, 0(0B) LOS objects, 37% free, 26MB/42MB, paused 568us total 43.904ms
08-04 03:03:36.732 31658 31670 I art     : Starting a blocking GC Explicit
08-04 03:03:36.780 31658 31670 I art     : Explicit concurrent mark sweep GC freed 1293(75KB) AllocSpace objects, 1(20KB) LOS objects, 37% free, 26MB/42MB, paused 580us total 48.321ms
08-04 03:03:36.796 31658 31670 I art     : Starting a blocking GC Explicit
08-04 03:03:36.842 31658 31670 I art     : Explicit concurrent mark sweep GC freed 18(624B) AllocSpace objects, 0(0B) LOS objects, 37% free, 26MB/42MB, paused 580us total 45.647ms
08-04 03:03:36.858 31658 31670 I art     : Starting a blocking GC Explicit
08-04 03:03:36.901 31658 31670 I art     : Explicit concurrent mark sweep GC freed 3(96B) AllocSpace objects, 0(0B) LOS objects, 37% free, 26MB/42MB, paused 581us total 42.677ms
08-04 03:03:36.917 31658 31670 I art     : Starting a blocking GC Explicit
08-04 03:03:36.961 31658 31670 I art     : Explicit concurrent mark sweep GC freed 3(96B) AllocSpace objects, 0(0B) LOS objects, 37% free, 26MB/42MB, paused 561us total 44.606ms
08-04 03:03:36.977 31658 31670 I art     : Starting a blocking GC Explicit
08-04 03:03:37.024 31658 31670 I art     : Explicit concurrent mark sweep GC freed 3(96B) AllocSpace objects, 0(0B) LOS objects, 37% free, 26MB/42MB, paused 575us total 46.680ms
08-04 03:03:37.119   518   646 I ThermalEngine: ACTION: GPU - Setting GPU[0] to 510000000
08-04 03:03:37.162  1104  1104 D AndroidRuntime: >>>>>> START com.android.internal.os.RuntimeInit uid 2000 <<<<<<
08-04 03:03:37.168  1104  1104 D AndroidRuntime: CheckJNI is OFF
08-04 03:03:37.202 31541 31541 I Atfwd_Sendcmd: AtCmdFwd service not ready - Exhausted retry attempts - :6
08-04 03:03:37.202  1104  1104 D ICU     : No timezone override file found: /data/misc/zoneinfo/current/icu/icu_tzdata.dat
08-04 03:03:37.202 31541 31541 I Atfwd_Daemon: result : -1 	 ,Init step :2 	 ,qmiErrorCode: 0
08-04 03:03:37.236  1104  1104 I Radio-JNI: register_android_hardware_Radio DONE
08-04 03:03:37.257  1104  1104 D AndroidRuntime: Calling main entry com.android.commands.am.Am
08-04 03:03:37.264  8825  8825 I Trepn   : Trepn 6.2s: Received intent: com.quicinc.trepn.stop_profiling
08-04 03:03:37.307  8825  8825 I Trepn   : Trepn 6.2s: Trepn has Stopped Profiling.
08-04 03:03:37.354 31658 31693 I art     : Starting a blocking GC Explicit
08-04 03:03:37.390 31658 31693 I art     : Explicit concurrent mark sweep GC freed 1293(75KB) AllocSpace objects, 1(20KB) LOS objects, 37% free, 26MB/42MB, paused 407us total 35.365ms
08-04 03:03:37.403 31658 31693 I art     : Starting a blocking GC Explicit
08-04 03:03:37.437 31658 31693 I art     : Explicit concurrent mark sweep GC freed 18(624B) AllocSpace objects, 0(0B) LOS objects, 37% free, 26MB/42MB, paused 404us total 33.988ms
08-04 03:03:37.449 31658 31693 I art     : Starting a blocking GC Explicit
08-04 03:03:37.482 31658 31693 I art     : Explicit concurrent mark sweep GC freed 3(96B) AllocSpace objects, 0(0B) LOS objects, 37% free, 26MB/42MB, paused 402us total 33.144ms
08-04 03:03:37.495 31658 31693 I art     : Starting a blocking GC Explicit
08-04 03:03:37.498  1104  1104 D AndroidRuntime: Shutting down VM
08-04 03:03:37.502   918  6111 W AppOps  : Finishing op nesting under-run: uid 10078 pkg com.quicinc.trepn code 24 time=0 duration=0 nesting=0
08-04 03:03:37.526 31658 31693 I art     : Explicit concurrent mark sweep GC freed 3(96B) AllocSpace objects, 0(0B) LOS objects, 37% free, 26MB/42MB, paused 380us total 31.128ms
08-04 03:03:37.538 31658 31693 I art     : Starting a blocking GC Explicit
08-04 03:03:37.566 31658 31693 I art     : Explicit concurrent mark sweep GC freed 3(96B) AllocSpace objects, 0(0B) LOS objects, 37% free, 26MB/42MB, paused 364us total 27.917ms
08-04 03:03:37.853 31658 31669 I art     : Starting a blocking GC Explicit
08-04 03:03:37.889 31658 31669 I art     : Explicit concurrent mark sweep GC freed 1293(75KB) AllocSpace objects, 1(20KB) LOS objects, 37% free, 26MB/42MB, paused 447us total 35.583ms
08-04 03:03:37.902 31658 31669 I art     : Starting a blocking GC Explicit
08-04 03:03:37.937 31658 31669 I art     : Explicit concurrent mark sweep GC freed 18(624B) AllocSpace objects, 0(0B) LOS objects, 37% free, 26MB/42MB, paused 425us total 33.780ms
08-04 03:03:37.948 31658 31669 I art     : Starting a blocking GC Explicit
08-04 03:03:37.981 31658 31669 I art     : Explicit concurrent mark sweep GC freed 3(96B) AllocSpace objects, 0(0B) LOS objects, 37% free, 26MB/42MB, paused 385us total 32.399ms
08-04 03:03:37.993 31658 31669 I art     : Starting a blocking GC Explicit
08-04 03:03:38.026 31658 31669 I art     : Explicit concurrent mark sweep GC freed 3(96B) AllocSpace objects, 0(0B) LOS objects, 37% free, 26MB/42MB, paused 446us total 32.616ms
08-04 03:03:38.038 31658 31669 I art     : Starting a blocking GC Explicit
08-04 03:03:38.070 31658 31669 I art     : Explicit concurrent mark sweep GC freed 3(96B) AllocSpace objects, 0(0B) LOS objects, 37% free, 26MB/42MB, paused 410us total 32.526ms
