--------- beginning of main
08-04 02:35:13.241   918   930 W ResourceType: ResTable_typeSpec entry count inconsistent: given 37, previously 42
08-04 02:35:13.241   918   930 W ResourceType: ResTable_typeSpec entry count inconsistent: given 2527, previously 2530
08-04 02:35:13.241   918   930 W ResourceType: ResTable_typeSpec entry count inconsistent: given 2542, previously 2545
08-04 02:35:13.241   918   930 W ResourceType: ResTable_typeSpec entry count inconsistent: given 303, previously 1691
08-04 02:35:13.254 24365  5616 I Fitness : FitCleanupIntentOperation received Intent android.intent.action.PACKAGE_REMOVED [CONTEXT service_id=17 ]
08-04 02:35:13.260 18789 18789 I Finsky  : [1] uah.a(18): PackageMonitorReceiverImpl - Received: android.intent.action.PACKAGE_REMOVED, [jsPREe6yOOhrMreoEvcpPvP36yUmihacpIgcKsaLph8]
08-04 02:35:13.260 18789 18789 I Finsky  : [1] ubi.d(9): Invalidating cached PackageState for baseline.com.ak.uobtimetable
08-04 02:35:13.264  3784  3784 D CarrierServiceBindHelper: Receive action: android.intent.action.PACKAGE_ADDED
08-04 02:35:13.265  3784  3784 D CarrierServiceBindHelper: Receive action: android.intent.action.PACKAGE_REPLACED
08-04 02:35:13.267 18789 18789 I Finsky  : [1] lzi.c(2): Frosting ID looked up on UI thread. Caller should move to a background thread.
08-04 02:35:13.269  3784  3784 D CarrierServiceBindHelper: mHandler: 3
08-04 02:35:13.269  3784  3784 D CarrierServiceBindHelper: mHandler: 3
08-04 02:35:13.269  3784  3784 D CarrierServiceBindHelper: mHandler: 3
08-04 02:35:13.269  3784  3784 D CarrierConfigLoader: mHandler: 9 phoneId: 0
08-04 02:35:13.297 18789 18789 I Finsky  : [1] nqb.c(3): Installer: package baseline.com.ak.uobtimetable was removed. replacing: true
08-04 02:35:13.298 18789 18789 I Finsky  : [1] nra.a(188): Installer: Notifying status update. package=baseline.com.ak.uobtimetable, status=UNINSTALLED
08-04 02:35:13.307   918  3714 I AccountManagerService: getTypesVisibleToCaller: isPermitted? true
08-04 02:35:13.347 18789 18789 I Finsky  : [1] lzi.c(2): Frosting ID looked up on UI thread. Caller should move to a background thread.
08-04 02:35:13.358 18789  5633 I Finsky  : [6412] ejf.a(-1): Cancelled 0 ongoing asset module downloads for package baseline.com.ak.uobtimetable due to a concurrent app update.
08-04 02:35:13.371 18789 18789 I Finsky  : [1] nra.a(220): Installer: found apps to install. isMultiUserMode=false, apps=[]
08-04 02:35:13.408 18789 18981 I Finsky  : [5590] odj.b(52): IQ: Notifying installation update. package=baseline.com.ak.uobtimetable, status=UNINSTALLED
08-04 02:35:13.437 18789 18789 I Finsky  : [1] uah.a(18): PackageMonitorReceiverImpl - Received: android.intent.action.PACKAGE_ADDED, [jsPREe6yOOhrMreoEvcpPvP36yUmihacpIgcKsaLph8]
08-04 02:35:13.437 18789 18789 I Finsky  : [1] ubi.d(9): Invalidating cached PackageState for baseline.com.ak.uobtimetable
08-04 02:35:13.440 18789 18789 I Finsky  : [1] lzi.c(2): Frosting ID looked up on UI thread. Caller should move to a background thread.
08-04 02:35:13.443 18789  5619 I Finsky  : [6410] lyv.run(-1): Wrote row to frosting DB: 2166
08-04 02:35:13.448 18789 18789 I Finsky  : [1] agsx.a(4): Do not start WearSupportService due to Wear service optimization
08-04 02:35:13.456 18789  5633 I Finsky  : [6412] ejc.a(-1): Asset module broadcast after update successful for package baseline.com.ak.uobtimetable. 0 sessions broadcast.
08-04 02:35:13.458 18789 18789 I Finsky  : [1] lzi.c(2): Frosting ID looked up on UI thread. Caller should move to a background thread.
08-04 02:35:13.462 18789  5628 I Finsky  : [6411] gzn.a(-1): [ContentSync] finished, scheduled=false
08-04 02:35:13.537 24577  5630 I Auth    : [SupervisedAccountIntentOperation] onHandleIntent(): android.intent.action.PACKAGE_ADDED
08-04 02:35:13.543 24577  5631 I ChromeSync: [Sync,SyncIntentOperation] Handling the intent: Intent { act=android.intent.action.PACKAGE_ADDED dat=package:baseline.com.ak.uobtimetable flg=0x4000010 cmp=com.google.android.gms/.chimera.GmsIntentOperationService (has extras) }.
--------- beginning of system
08-04 02:35:13.549   918   929 W ActivityManager: Unable to start service Intent { act=com.google.android.gms.auth.key.retrieval.service.START pkg=com.google.android.gms } U=0: not found
08-04 02:35:13.583 18789 18981 I Finsky  : [5590] odj.b(40): IQ: No matching installs to run for jobs: []
08-04 02:35:13.657   918  4413 W ActivityManager: Unbind failed: could not find connection for android.os.BinderProxy@344453e
08-04 02:35:13.660 24577 24621 E GmsClient: unable to connect to service: com.google.android.gms.auth.key.retrieval.service.START on com.google.android.gms
08-04 02:35:13.677   918  5481 I AccountManagerService: getTypesVisibleToCaller: isPermitted? true
08-04 02:35:13.683 24577  5621 I FontLog : Package baseline.com.ak.uobtimetable has no metadata [CONTEXT service_id=132 ]
08-04 02:35:13.690 18789  5619 I Finsky  : [6410] lyv.run(-1): Wrote row to frosting DB: 2167
08-04 02:35:13.693 24577  5631 I ChromeSync: [Persistence,AffiliationManager] One of affiliation or grouping data for android://bz0hZa4nAJEtd0n5sRlXG7KAqctUMWVefv7Ki4mh1p6slZ9YO-n9gS9j8m9YCrsIyI2wIxrDHraumF9Y6pBLTA==@baseline.com.ak.uobtimetable/ was not found. Marking affiliation data as stale...
08-04 02:35:13.764   918  6111 I AccountManagerService: getTypesVisibleToCaller: isPermitted? true
08-04 02:35:13.770  5644  5644 D AndroidRuntime: >>>>>> START com.android.internal.os.RuntimeInit uid 2000 <<<<<<
08-04 02:35:13.773  5644  5644 D AndroidRuntime: CheckJNI is OFF
08-04 02:35:13.797  5644  5644 D ICU     : No timezone override file found: /data/misc/zoneinfo/current/icu/icu_tzdata.dat
08-04 02:35:13.823  5644  5644 I Radio-JNI: register_android_hardware_Radio DONE
08-04 02:35:13.824 18789  5619 I Finsky  : [6410] lyv.run(-1): Wrote row to frosting DB: 2168
08-04 02:35:13.839  5644  5644 D AndroidRuntime: Calling main entry com.android.commands.monkey.Monkey
08-04 02:35:13.853   918   931 W BroadcastQueue: Skipping deliver [background] BroadcastRecord{e5687d8 u-1 android.net.conn.CONNECTIVITY_CHANGE} to ReceiverList{14bd731 5644 (unknown name)/2000/u-1 remote:fbb774a}: process crashing
08-04 02:35:13.854 18789  5619 I Finsky  : [6410] lyv.run(-1): Wrote row to frosting DB: 2169
08-04 02:35:13.879   918  5132 I ActivityManager: START u0 {act=android.intent.action.MAIN cat=[android.intent.category.LAUNCHER] flg=0x10200000 cmp=baseline.com.ak.uobtimetable/.MainActivity} from uid 2000 on display 0
08-04 02:35:13.896   918  3714 I AccountManagerService: getTypesVisibleToCaller: isPermitted? true
08-04 02:35:13.902  5662  5662 I art     : Late-enabling -Xcheck:jni
08-04 02:35:13.903   918  6112 I ActivityManager: Start proc 5662:baseline.com.ak.uobtimetable/u0a659 for activity baseline.com.ak.uobtimetable/.MainActivity
08-04 02:35:13.915  5644  5644 I art     : System.exit called, status: 0
08-04 02:35:13.916  5644  5644 I AndroidRuntime: VM exiting with result code 0.
08-04 02:35:13.932 18789 18789 I Finsky  : [1] xmu.a(8): SCH: Jobs in database: 1-1337 3-181 3-182 12-1 24-77777777 26-1414141414 
08-04 02:35:13.935 18789 18789 I Finsky  : [1] xio.a(57): SCH: ConstraintMapping: 24-77777777,  -> L: 0ms, D: 66886903ms, C: false, I: true, N: 0
08-04 02:35:13.935 18789 18789 I Finsky  : [1] xio.a(57): SCH: ConstraintMapping: 1-1337, 12-1,  -> L: 14402ms, D: 27038975ms, C: false, I: false, N: 1
08-04 02:35:13.935 18789 18789 I Finsky  : [1] xio.a(57): SCH: ConstraintMapping: 3-181,  -> L: 0ms, D: 58295280ms, C: false, I: true, N: 2
08-04 02:35:13.936 18789 18789 I Finsky  : [1] xio.a(57): SCH: ConstraintMapping: 3-182,  -> L: 0ms, D: 58295353ms, C: true, I: true, N: 2
08-04 02:35:13.939 18789 18789 I Finsky  : [1] xio.a(57): SCH: ConstraintMapping: 26-1414141414,  -> L: 31116529ms, D: 32016529ms, C: false, I: false, N: 0
08-04 02:35:13.950  5662  5662 W System  : ClassLoader referenced unknown path: /data/app/baseline.com.ak.uobtimetable-2/lib/arm64
08-04 02:35:13.958  5662  5662 E Application: Can't init Bugsnag - No key
08-04 02:35:13.958  5662  5662 E Application: java.lang.Exception: Can't init Bugsnag - No key
08-04 02:35:13.958  5662  5662 E Application: 	at baseline.com.ak.uobtimetable.Utilities.Logging.Logger.error(Logger.java:79)
08-04 02:35:13.958  5662  5662 E Application: 	at baseline.com.ak.uobtimetable.MyApplication.onCreate(MyApplication.java:52)
08-04 02:35:13.958  5662  5662 E Application: 	at android.app.Instrumentation.callApplicationOnCreate(Instrumentation.java:1013)
08-04 02:35:13.958  5662  5662 E Application: 	at android.app.ActivityThread.handleBindApplication(ActivityThread.java:4707)
08-04 02:35:13.958  5662  5662 E Application: 	at android.app.ActivityThread.-wrap1(ActivityThread.java)
08-04 02:35:13.958  5662  5662 E Application: 	at android.app.ActivityThread$H.handleMessage(ActivityThread.java:1405)
08-04 02:35:13.958  5662  5662 E Application: 	at android.os.Handler.dispatchMessage(Handler.java:102)
08-04 02:35:13.958  5662  5662 E Application: 	at android.os.Looper.loop(Looper.java:148)
08-04 02:35:13.958  5662  5662 E Application: 	at android.app.ActivityThread.main(ActivityThread.java:5417)
08-04 02:35:13.958  5662  5662 E Application: 	at java.lang.reflect.Method.invoke(Native Method)
08-04 02:35:13.958  5662  5662 E Application: 	at com.android.internal.os.ZygoteInit$MethodAndArgsCaller.run(ZygoteInit.java:726)
08-04 02:35:13.958  5662  5662 E Application: 	at com.android.internal.os.ZygoteInit.main(ZygoteInit.java:616)
08-04 02:35:13.959 18789 18789 I Finsky  : [1] xle.a(34): Cancelling existing jobscheduler jobs: 9006 9001 9005 9002 9008 9004 9011 9003 9012 9007 
08-04 02:35:13.959 18789 18789 I Finsky  : [1] xle.a(27): Scheduling job Id: 9000, L: 0, D: 66886903, C: false, I: true, N: 0
08-04 02:35:13.960  5662  5662 I Application: API level: 23
08-04 02:35:13.961 18789 18789 I Finsky  : [1] xle.a(27): Scheduling job Id: 9009, L: 14402, D: 27038975, C: false, I: false, N: 1
08-04 02:35:13.961  5662  5662 I Application: API level name: M
08-04 02:35:13.962  5662  5662 I Application: Target API level: 29
08-04 02:35:13.962  5662  5662 I Application: Git commit hash: d26bf1fa
08-04 02:35:13.962  5662  5662 I Application: Git branch: master
08-04 02:35:13.962  5662  5662 I Application: Build type: Debug
08-04 02:35:13.963 18789 18789 I Finsky  : [1] xle.a(27): Scheduling job Id: 9010, L: 0, D: 58295280, C: false, I: true, N: 2
08-04 02:35:13.964 18789 18789 I Finsky  : [1] xle.a(27): Scheduling job Id: 9013, L: 0, D: 58295353, C: true, I: true, N: 2
08-04 02:35:13.965 18789 18789 I Finsky  : [1] xle.a(27): Scheduling job Id: 9014, L: 31116529, D: 32016529, C: false, I: false, N: 0
08-04 02:35:13.965  5662  5662 I Application: Build keys: Release
08-04 02:35:13.966  5662  5662 I Application: Version code: 21
08-04 02:35:13.966  5662  5662 I Application: Version name: 2.5
08-04 02:35:13.966 18789 18789 I Finsky  : [1] xle.a(27): Scheduling job Id: 9015, L: 0, D: 66886903, C: false, I: true, N: 0
08-04 02:35:13.966  5662  5662 I Application: Build date: 22:30 03/08/20
08-04 02:35:13.967  5662  5662 I Application: Package update date: 23:10 03/08/20
08-04 02:35:13.967  5662  5662 I SettingsManager: Getting int: launchCount
08-04 02:35:13.967 18789  5628 I Finsky  : [6411] gzn.a(-1): [ContentSync] finished, scheduled=true
08-04 02:35:13.967  5662  5662 I SettingsManager: Setting int: launchCount
08-04 02:35:13.970 18789 18789 I Finsky  : [1] xle.a(27): Scheduling job Id: 9016, L: 14402, D: 27038975, C: false, I: false, N: 1
08-04 02:35:13.972 18789 18789 I Finsky  : [1] xle.a(27): Scheduling job Id: 9017, L: 0, D: 58295280, C: false, I: true, N: 2
08-04 02:35:13.973 18789 18789 I Finsky  : [1] xle.a(27): Scheduling job Id: 9018, L: 0, D: 58295353, C: true, I: true, N: 2
08-04 02:35:13.974 18789 18789 I Finsky  : [1] xle.a(27): Scheduling job Id: 9019, L: 31116529, D: 32016529, C: false, I: false, N: 0
08-04 02:35:13.976   918  4400 W BackupManagerService: dataChanged but no participant pkg='baseline.com.ak.uobtimetable' uid=10659
08-04 02:35:13.976  5662  5662 I Application: Launch count: 1
08-04 02:35:13.977  5662  5662 I Application: Network: TYPE_WIFI
08-04 02:35:13.977  5662  5662 I Application: Tablet layout: false
08-04 02:35:13.980 24577 13293 I Icing   : IndexChimeraService.getServiceInterface callingPackage=com.google.android.gms componentName=AppsCorpus serviceId=36
08-04 02:35:13.987  6202 13432 I PBSessionCacheImpl: Deleted sessionId[27278280657311515] from persistence.
08-04 02:35:13.990  5662  5662 W art     : Before Android 4.1, method android.graphics.PorterDuffColorFilter androidx.vectordrawable.graphics.drawable.VectorDrawableCompat.updateTintFilter(android.graphics.PorterDuffColorFilter, android.content.res.ColorStateList, android.graphics.PorterDuff$Mode) would have incorrectly overridden the package-private method in android.graphics.drawable.Drawable
08-04 02:35:13.991  6202  6241 W SearchServiceCore: Abort, client detached.
08-04 02:35:13.991  6202  6241 I MicroDetectionState: Should stop hotword detection immediately - true
08-04 02:35:14.003  5662  5662 I art     : Rejecting re-init on previously-failed class java.lang.Class<androidx.core.view.ViewCompat$OnUnhandledKeyEventListenerWrapper>
08-04 02:35:14.003  5662  5662 I art     : Rejecting re-init on previously-failed class java.lang.Class<androidx.core.view.ViewCompat$OnUnhandledKeyEventListenerWrapper>
08-04 02:35:14.008 24577 17902 W Icing   : No valid account for uploading user actions
08-04 02:35:14.065  5662  5662 D MainActivity: onCreate
08-04 02:35:14.065  5662  5662 I SettingsManager: Getting string: savedSessions
08-04 02:35:14.065  5662  5662 I Settings: No saved sessions
08-04 02:35:14.080 24577 13316 I Icing   : IndexChimeraService.getServiceInterface callingPackage=com.google.android.gms componentName=null serviceId=30
08-04 02:35:14.094  5662  5662 I SettingsManager: Getting string: savedCourse
08-04 02:35:14.096   918  3961 I ActivityManager: START u0 {flg=0x14000000 cmp=baseline.com.ak.uobtimetable/.WelcomeActivity} from uid 10659 on display 0
08-04 02:35:14.107  5662  5662 D MainActivity: OnResume
08-04 02:35:14.112  5662  5678 D OpenGLRenderer: Use EGL_SWAP_BEHAVIOR_PRESERVED: true
08-04 02:35:14.118  5662  5662 D MainActivity: OnPause
08-04 02:35:14.132 24365 24372 I art     : Background partial concurrent mark sweep GC freed 82494(4MB) AllocSpace objects, 0(0B) LOS objects, 27% free, 41MB/57MB, paused 681us total 105.591ms
08-04 02:35:14.184 24577 17902 I Icing   : Usage reports ok 6, Failed Usage reports 0, indexed 0, rejected 0
08-04 02:35:14.187 24577 17902 W Icing   : No valid account for uploading user actions
08-04 02:35:14.236 24577 17902 I Icing   : Usage reports ok 1, Failed Usage reports 0, indexed 0, rejected 0
08-04 02:35:14.237 24577 17902 I Icing   : Indexing com.google.android.gms-internal.3p:MobileApplication from com.google.android.gms using seqno 763
08-04 02:35:14.239 24577 17902 I Icing   : Indexing com.google.android.gms-internal.3p:MobileApplication from com.google.android.gms using seqno 763
08-04 02:35:14.246  5662  5678 I Adreno  : QUALCOMM build                   : fcf4852, I1af360237c
08-04 02:35:14.246  5662  5678 I Adreno  : Build Date                       : 09/23/15
08-04 02:35:14.246  5662  5678 I Adreno  : OpenGL ES Shader Compiler Version: XE031.05.13.02
08-04 02:35:14.246  5662  5678 I Adreno  : Local Branch                     : mybranch14465806
08-04 02:35:14.246  5662  5678 I Adreno  : Remote Branch                    : quic/LA.BF64.1.2.9_v2
08-04 02:35:14.246  5662  5678 I Adreno  : Remote Branch                    : NONE
08-04 02:35:14.246  5662  5678 I Adreno  : Reconstruct Branch               : NOTHING
08-04 02:35:14.252  5662  5678 I OpenGLRenderer: Initialized EGL, version 1.4
08-04 02:35:14.280 24577 13316 I Icing   : IndexChimeraService.getServiceInterface callingPackage=com.google.android.gms componentName=null serviceId=36
08-04 02:35:14.286 24577 16235 W Icing   : No valid account for uploading user actions
08-04 02:35:14.290   918  3261 D WifiStateMachine: starting scan for "H369AA63323"WPA_PSK with 2412,5180
08-04 02:35:14.310 24577 16235 I Icing   : Usage reports ok 0, Failed Usage reports 0, indexed 0, rejected 0
08-04 02:35:14.402   918   936 I ActivityManager: Displayed baseline.com.ak.uobtimetable/.WelcomeActivity: +273ms (total +515ms)
08-04 02:35:14.405 13866 13866 I GoogleInputMethodServic: GoogleInputMethodService.onFinishInput():3138 
08-04 02:35:14.407 13866 13866 I GoogleInputMethodServic: GoogleInputMethodService.onStartInput():1808 
08-04 02:35:14.691  5662  5662 D MainActivity: Saving state
08-04 02:35:15.186 24577 16235 I Icing   : Indexing com.google.android.gms-apps from com.google.android.gms
08-04 02:35:15.244 24577 16235 I Icing   : Indexing done com.google.android.gms-apps
08-04 02:35:15.277 24577 16235 I Icing   : Indexing com.google.android.gms-apps from com.google.android.gms
08-04 02:35:15.278 24577 16235 I Icing   : Indexing done com.google.android.gms-apps
08-04 02:35:15.511  5695  5695 D AndroidRuntime: >>>>>> START com.android.internal.os.RuntimeInit uid 2000 <<<<<<
08-04 02:35:15.517  5695  5695 D AndroidRuntime: CheckJNI is OFF
08-04 02:35:15.549  5695  5695 D ICU     : No timezone override file found: /data/misc/zoneinfo/current/icu/icu_tzdata.dat
08-04 02:35:15.587  5695  5695 I Radio-JNI: register_android_hardware_Radio DONE
08-04 02:35:15.605  5695  5695 D AndroidRuntime: Calling main entry com.android.commands.am.Am
08-04 02:35:15.618  8825  8825 I Trepn   : Trepn 6.2s: Received intent: com.quicinc.trepn.start_profiling
08-04 02:35:15.791  8825  8825 W FileUtils: Failed to chmod(/storage/emulated/0/trepn/Trepn_2020.08.04_023515.db): android.system.ErrnoException: chmod failed: EPERM (Operation not permitted)
08-04 02:35:15.961  8825  8825 I Trepn   : Trepn 6.2s: Trepn has Started Profiling.
08-04 02:35:15.963  5695  5695 D AndroidRuntime: Shutting down VM
08-04 02:35:16.438  5662  5673 I art     : Starting a blocking GC Explicit
08-04 02:35:16.463  5662  5673 I art     : Explicit concurrent mark sweep GC freed 22685(1909KB) AllocSpace objects, 3(1360KB) LOS objects, 40% free, 21MB/36MB, paused 138us total 24.653ms
08-04 02:35:16.470  5662  5673 I art     : Starting a blocking GC Explicit
08-04 02:35:16.481  5662  5673 I art     : Explicit concurrent mark sweep GC freed 570(25KB) AllocSpace objects, 0(0B) LOS objects, 40% free, 21MB/36MB, paused 89us total 10.198ms
08-04 02:35:16.486  5662  5673 I art     : Starting a blocking GC Explicit
08-04 02:35:16.496  5662  5673 I art     : Explicit concurrent mark sweep GC freed 15(560B) AllocSpace objects, 0(0B) LOS objects, 40% free, 21MB/36MB, paused 91us total 9.044ms
08-04 02:35:16.501  5662  5673 I art     : Starting a blocking GC Explicit
08-04 02:35:16.510  5662  5673 I art     : Explicit concurrent mark sweep GC freed 3(96B) AllocSpace objects, 0(0B) LOS objects, 40% free, 21MB/36MB, paused 86us total 9.077ms
08-04 02:35:16.516  5662  5673 I art     : Starting a blocking GC Explicit
08-04 02:35:16.525  5662  5673 I art     : Explicit concurrent mark sweep GC freed 3(96B) AllocSpace objects, 0(0B) LOS objects, 40% free, 21MB/36MB, paused 88us total 8.974ms
08-04 02:35:16.810  5662  5684 I art     : Starting a blocking GC Explicit
08-04 02:35:16.828  5662  5684 I art     : Explicit concurrent mark sweep GC freed 1276(74KB) AllocSpace objects, 1(20KB) LOS objects, 40% free, 21MB/36MB, paused 183us total 18.039ms
08-04 02:35:16.840  5662  5684 I art     : Starting a blocking GC Explicit
08-04 02:35:16.851  5662  5684 I art     : Explicit concurrent mark sweep GC freed 18(624B) AllocSpace objects, 0(0B) LOS objects, 40% free, 21MB/36MB, paused 110us total 10.921ms
08-04 02:35:16.858  5662  5684 I art     : Starting a blocking GC Explicit
08-04 02:35:16.868  5662  5684 I art     : Explicit concurrent mark sweep GC freed 3(96B) AllocSpace objects, 0(0B) LOS objects, 40% free, 21MB/36MB, paused 98us total 10.184ms
08-04 02:35:16.875  5662  5684 I art     : Starting a blocking GC Explicit
08-04 02:35:16.884  5662  5684 I art     : Explicit concurrent mark sweep GC freed 3(96B) AllocSpace objects, 0(0B) LOS objects, 40% free, 21MB/36MB, paused 87us total 9.606ms
08-04 02:35:16.890  5662  5684 I art     : Starting a blocking GC Explicit
08-04 02:35:16.901  5662  5684 I art     : Explicit concurrent mark sweep GC freed 3(96B) AllocSpace objects, 0(0B) LOS objects, 40% free, 21MB/36MB, paused 125us total 10.235ms
08-04 02:35:17.157  5662  5676 I art     : Starting a blocking GC Explicit
08-04 02:35:17.170  5662  5676 I art     : Explicit concurrent mark sweep GC freed 1272(74KB) AllocSpace objects, 1(20KB) LOS objects, 40% free, 21MB/36MB, paused 104us total 12.398ms
08-04 02:35:17.177  5662  5676 I art     : Starting a blocking GC Explicit
08-04 02:35:17.187  5662  5676 I art     : Explicit concurrent mark sweep GC freed 18(624B) AllocSpace objects, 0(0B) LOS objects, 40% free, 21MB/36MB, paused 93us total 10.525ms
08-04 02:35:17.193  5662  5676 I art     : Starting a blocking GC Explicit
08-04 02:35:17.204  5662  5676 I art     : Explicit concurrent mark sweep GC freed 3(96B) AllocSpace objects, 0(0B) LOS objects, 40% free, 21MB/36MB, paused 108us total 10.153ms
08-04 02:35:17.210  5662  5676 I art     : Starting a blocking GC Explicit
08-04 02:35:17.221  5662  5676 I art     : Explicit concurrent mark sweep GC freed 3(96B) AllocSpace objects, 0(0B) LOS objects, 40% free, 21MB/36MB, paused 109us total 10.297ms
08-04 02:35:17.226  5662  5676 I art     : Starting a blocking GC Explicit
08-04 02:35:17.236  5662  5676 I art     : Explicit concurrent mark sweep GC freed 3(96B) AllocSpace objects, 0(0B) LOS objects, 40% free, 21MB/36MB, paused 108us total 9.693ms
08-04 02:35:17.508  5662  5673 I art     : Starting a blocking GC Explicit
08-04 02:35:17.519  5662  5673 I art     : Explicit concurrent mark sweep GC freed 1271(74KB) AllocSpace objects, 1(20KB) LOS objects, 40% free, 21MB/36MB, paused 101us total 11.175ms
08-04 02:35:17.526  5662  5673 I art     : Starting a blocking GC Explicit
08-04 02:35:17.536  5662  5673 I art     : Explicit concurrent mark sweep GC freed 18(624B) AllocSpace objects, 0(0B) LOS objects, 40% free, 21MB/36MB, paused 94us total 10.287ms
08-04 02:35:17.542  5662  5673 I art     : Starting a blocking GC Explicit
08-04 02:35:17.553  5662  5673 I art     : Explicit concurrent mark sweep GC freed 3(96B) AllocSpace objects, 0(0B) LOS objects, 40% free, 21MB/36MB, paused 120us total 10.033ms
08-04 02:35:17.559  5662  5673 I art     : Starting a blocking GC Explicit
08-04 02:35:17.569  5662  5673 I art     : Explicit concurrent mark sweep GC freed 3(96B) AllocSpace objects, 0(0B) LOS objects, 40% free, 21MB/36MB, paused 111us total 9.815ms
08-04 02:35:17.575  5662  5673 I art     : Starting a blocking GC Explicit
08-04 02:35:17.585  5662  5673 I art     : Explicit concurrent mark sweep GC freed 3(96B) AllocSpace objects, 0(0B) LOS objects, 40% free, 21MB/36MB, paused 91us total 9.855ms
08-04 02:35:17.884  5662  5684 I art     : Starting a blocking GC Explicit
08-04 02:35:17.900  5662  5684 I art     : Explicit concurrent mark sweep GC freed 1271(74KB) AllocSpace objects, 1(20KB) LOS objects, 40% free, 21MB/36MB, paused 130us total 14.928ms
08-04 02:35:17.908  5662  5684 I art     : Starting a blocking GC Explicit
08-04 02:35:17.918  5662  5684 I art     : Explicit concurrent mark sweep GC freed 18(624B) AllocSpace objects, 0(0B) LOS objects, 40% free, 21MB/36MB, paused 122us total 10.517ms
08-04 02:35:17.925  5662  5684 I art     : Starting a blocking GC Explicit
08-04 02:35:17.935  5662  5684 I art     : Explicit concurrent mark sweep GC freed 3(96B) AllocSpace objects, 0(0B) LOS objects, 40% free, 21MB/36MB, paused 90us total 10.153ms
08-04 02:35:17.941  5662  5684 I art     : Starting a blocking GC Explicit
08-04 02:35:17.951  5662  5684 I art     : Explicit concurrent mark sweep GC freed 3(96B) AllocSpace objects, 0(0B) LOS objects, 40% free, 21MB/36MB, paused 96us total 9.517ms
08-04 02:35:17.956  5662  5684 I art     : Starting a blocking GC Explicit
08-04 02:35:17.966  5662  5684 I art     : Explicit concurrent mark sweep GC freed 3(96B) AllocSpace objects, 0(0B) LOS objects, 40% free, 21MB/36MB, paused 99us total 9.598ms
08-04 02:35:18.274  5662  5676 I art     : Starting a blocking GC Explicit
08-04 02:35:18.290  5662  5676 I art     : Explicit concurrent mark sweep GC freed 1271(74KB) AllocSpace objects, 1(20KB) LOS objects, 40% free, 21MB/36MB, paused 122us total 14.805ms
08-04 02:35:18.299  5662  5676 I art     : Starting a blocking GC Explicit
08-04 02:35:18.310  5662  5676 I art     : Explicit concurrent mark sweep GC freed 18(624B) AllocSpace objects, 0(0B) LOS objects, 40% free, 21MB/36MB, paused 99us total 10.533ms
08-04 02:35:18.316  5662  5676 I art     : Starting a blocking GC Explicit
08-04 02:35:18.326  5662  5676 I art     : Explicit concurrent mark sweep GC freed 3(96B) AllocSpace objects, 0(0B) LOS objects, 40% free, 21MB/36MB, paused 131us total 10.049ms
08-04 02:35:18.332  5662  5676 I art     : Starting a blocking GC Explicit
08-04 02:35:18.342  5662  5676 I art     : Explicit concurrent mark sweep GC freed 3(96B) AllocSpace objects, 0(0B) LOS objects, 40% free, 21MB/36MB, paused 180us total 10.241ms
08-04 02:35:18.348  5662  5676 I art     : Starting a blocking GC Explicit
08-04 02:35:18.358  5662  5676 I art     : Explicit concurrent mark sweep GC freed 3(96B) AllocSpace objects, 0(0B) LOS objects, 40% free, 21MB/36MB, paused 94us total 9.571ms
08-04 02:35:18.659  5662  5673 I art     : Starting a blocking GC Explicit
08-04 02:35:18.675  5662  5673 I art     : Explicit concurrent mark sweep GC freed 1271(74KB) AllocSpace objects, 1(20KB) LOS objects, 40% free, 21MB/36MB, paused 125us total 15.718ms
08-04 02:35:18.685  5662  5673 I art     : Starting a blocking GC Explicit
08-04 02:35:18.696  5662  5673 I art     : Explicit concurrent mark sweep GC freed 18(624B) AllocSpace objects, 0(0B) LOS objects, 40% free, 21MB/36MB, paused 94us total 10.862ms
08-04 02:35:18.703  5662  5673 I art     : Starting a blocking GC Explicit
08-04 02:35:18.713  5662  5673 I art     : Explicit concurrent mark sweep GC freed 3(96B) AllocSpace objects, 0(0B) LOS objects, 40% free, 21MB/36MB, paused 91us total 10.628ms
08-04 02:35:18.720  5662  5673 I art     : Starting a blocking GC Explicit
08-04 02:35:18.729  5662  5673 I art     : Explicit concurrent mark sweep GC freed 3(96B) AllocSpace objects, 0(0B) LOS objects, 40% free, 21MB/36MB, paused 86us total 9.366ms
08-04 02:35:18.735  5662  5673 I art     : Starting a blocking GC Explicit
08-04 02:35:18.745  5662  5673 I art     : Explicit concurrent mark sweep GC freed 3(96B) AllocSpace objects, 0(0B) LOS objects, 40% free, 21MB/36MB, paused 95us total 9.875ms
08-04 02:35:19.041  5662  5684 I art     : Starting a blocking GC Explicit
08-04 02:35:19.057  5662  5684 I art     : Explicit concurrent mark sweep GC freed 1271(74KB) AllocSpace objects, 1(20KB) LOS objects, 40% free, 21MB/36MB, paused 150us total 15.783ms
08-04 02:35:19.067  5662  5684 I art     : Starting a blocking GC Explicit
08-04 02:35:19.080  5662  5684 I art     : Explicit concurrent mark sweep GC freed 18(624B) AllocSpace objects, 0(0B) LOS objects, 40% free, 21MB/36MB, paused 125us total 12.286ms
08-04 02:35:19.089  5662  5684 I art     : Starting a blocking GC Explicit
08-04 02:35:19.099  5662  5684 I art     : Explicit concurrent mark sweep GC freed 3(96B) AllocSpace objects, 0(0B) LOS objects, 40% free, 21MB/36MB, paused 93us total 9.641ms
08-04 02:35:19.105  5662  5684 I art     : Starting a blocking GC Explicit
08-04 02:35:19.115  5662  5684 I art     : Explicit concurrent mark sweep GC freed 3(96B) AllocSpace objects, 0(0B) LOS objects, 40% free, 21MB/36MB, paused 100us total 10ms
08-04 02:35:19.121  5662  5684 I art     : Starting a blocking GC Explicit
08-04 02:35:19.131  5662  5684 I art     : Explicit concurrent mark sweep GC freed 3(96B) AllocSpace objects, 0(0B) LOS objects, 40% free, 21MB/36MB, paused 99us total 10.016ms
08-04 02:35:19.424  5662  5676 I art     : Starting a blocking GC Explicit
08-04 02:35:19.440  5662  5676 I art     : Explicit concurrent mark sweep GC freed 1271(74KB) AllocSpace objects, 1(20KB) LOS objects, 40% free, 21MB/36MB, paused 127us total 15.154ms
08-04 02:35:19.448  5662  5676 I art     : Starting a blocking GC Explicit
08-04 02:35:19.459  5662  5676 I art     : Explicit concurrent mark sweep GC freed 18(624B) AllocSpace objects, 0(0B) LOS objects, 40% free, 21MB/36MB, paused 103us total 10.494ms
08-04 02:35:19.465  5662  5676 I art     : Starting a blocking GC Explicit
08-04 02:35:19.475  5662  5676 I art     : Explicit concurrent mark sweep GC freed 3(96B) AllocSpace objects, 0(0B) LOS objects, 40% free, 21MB/36MB, paused 103us total 10.358ms
08-04 02:35:19.482  5662  5676 I art     : Starting a blocking GC Explicit
08-04 02:35:19.492  5662  5676 I art     : Explicit concurrent mark sweep GC freed 3(96B) AllocSpace objects, 0(0B) LOS objects, 40% free, 21MB/36MB, paused 102us total 9.786ms
08-04 02:35:19.498  5662  5676 I art     : Starting a blocking GC Explicit
08-04 02:35:19.508  5662  5676 I art     : Explicit concurrent mark sweep GC freed 3(96B) AllocSpace objects, 0(0B) LOS objects, 40% free, 21MB/36MB, paused 94us total 9.775ms
08-04 02:35:19.802  5662  5673 I art     : Starting a blocking GC Explicit
08-04 02:35:19.814  5662  5673 I art     : Explicit concurrent mark sweep GC freed 1271(74KB) AllocSpace objects, 1(20KB) LOS objects, 40% free, 21MB/36MB, paused 100us total 11.113ms
08-04 02:35:19.820  5662  5673 I art     : Starting a blocking GC Explicit
08-04 02:35:19.829  5662  5673 I art     : Explicit concurrent mark sweep GC freed 18(624B) AllocSpace objects, 0(0B) LOS objects, 40% free, 21MB/36MB, paused 85us total 9.574ms
08-04 02:35:19.835  5662  5673 I art     : Starting a blocking GC Explicit
08-04 02:35:19.844  5662  5673 I art     : Explicit concurrent mark sweep GC freed 3(96B) AllocSpace objects, 0(0B) LOS objects, 40% free, 21MB/36MB, paused 90us total 8.801ms
08-04 02:35:19.849  5662  5673 I art     : Starting a blocking GC Explicit
08-04 02:35:19.857  5662  5673 I art     : Explicit concurrent mark sweep GC freed 3(96B) AllocSpace objects, 0(0B) LOS objects, 40% free, 21MB/36MB, paused 79us total 8.280ms
08-04 02:35:19.863  5662  5673 I art     : Starting a blocking GC Explicit
08-04 02:35:19.871  5662  5673 I art     : Explicit concurrent mark sweep GC freed 3(96B) AllocSpace objects, 0(0B) LOS objects, 40% free, 21MB/36MB, paused 83us total 8.499ms
08-04 02:35:20.137  5662  5684 I art     : Starting a blocking GC Explicit
08-04 02:35:20.153  5662  5684 I art     : Explicit concurrent mark sweep GC freed 1271(74KB) AllocSpace objects, 1(20KB) LOS objects, 40% free, 21MB/36MB, paused 129us total 14.946ms
08-04 02:35:20.161  5662  5684 I art     : Starting a blocking GC Explicit
08-04 02:35:20.172  5662  5684 I art     : Explicit concurrent mark sweep GC freed 18(624B) AllocSpace objects, 0(0B) LOS objects, 40% free, 21MB/36MB, paused 105us total 10.392ms
08-04 02:35:20.178  5662  5684 I art     : Starting a blocking GC Explicit
08-04 02:35:20.188  5662  5684 I art     : Explicit concurrent mark sweep GC freed 3(96B) AllocSpace objects, 0(0B) LOS objects, 40% free, 21MB/36MB, paused 97us total 9.958ms
08-04 02:35:20.194  5662  5684 I art     : Starting a blocking GC Explicit
08-04 02:35:20.204  5662  5684 I art     : Explicit concurrent mark sweep GC freed 3(96B) AllocSpace objects, 0(0B) LOS objects, 40% free, 21MB/36MB, paused 89us total 9.794ms
08-04 02:35:20.210  5662  5684 I art     : Starting a blocking GC Explicit
08-04 02:35:20.220  5662  5684 I art     : Explicit concurrent mark sweep GC freed 3(96B) AllocSpace objects, 0(0B) LOS objects, 40% free, 21MB/36MB, paused 89us total 9.664ms
08-04 02:35:20.516  5662  5676 I art     : Starting a blocking GC Explicit
08-04 02:35:20.530  5662  5676 I art     : Explicit concurrent mark sweep GC freed 1271(74KB) AllocSpace objects, 1(20KB) LOS objects, 40% free, 21MB/36MB, paused 101us total 13.909ms
08-04 02:35:20.536  5662  5676 I art     : Starting a blocking GC Explicit
08-04 02:35:20.547  5662  5676 I art     : Explicit concurrent mark sweep GC freed 18(624B) AllocSpace objects, 0(0B) LOS objects, 40% free, 21MB/36MB, paused 102us total 10.774ms
08-04 02:35:20.553  5662  5676 I art     : Starting a blocking GC Explicit
08-04 02:35:20.564  5662  5676 I art     : Explicit concurrent mark sweep GC freed 3(96B) AllocSpace objects, 0(0B) LOS objects, 40% free, 21MB/36MB, paused 97us total 10.538ms
08-04 02:35:20.570  5662  5676 I art     : Starting a blocking GC Explicit
08-04 02:35:20.580  5662  5676 I art     : Explicit concurrent mark sweep GC freed 3(96B) AllocSpace objects, 0(0B) LOS objects, 40% free, 21MB/36MB, paused 96us total 9.799ms
08-04 02:35:20.586  5662  5676 I art     : Starting a blocking GC Explicit
08-04 02:35:20.596  5662  5676 I art     : Explicit concurrent mark sweep GC freed 3(96B) AllocSpace objects, 0(0B) LOS objects, 40% free, 21MB/36MB, paused 94us total 9.799ms
08-04 02:35:20.824  5662  5673 I art     : Starting a blocking GC Explicit
08-04 02:35:20.834  5662  5673 I art     : Explicit concurrent mark sweep GC freed 1271(74KB) AllocSpace objects, 1(20KB) LOS objects, 40% free, 21MB/36MB, paused 97us total 10.243ms
08-04 02:35:20.840  5662  5673 I art     : Starting a blocking GC Explicit
08-04 02:35:20.850  5662  5673 I art     : Explicit concurrent mark sweep GC freed 18(624B) AllocSpace objects, 0(0B) LOS objects, 40% free, 21MB/36MB, paused 90us total 9.856ms
08-04 02:35:20.856  5662  5673 I art     : Starting a blocking GC Explicit
08-04 02:35:20.866  5662  5673 I art     : Explicit concurrent mark sweep GC freed 3(96B) AllocSpace objects, 0(0B) LOS objects, 40% free, 21MB/36MB, paused 85us total 9.198ms
08-04 02:35:20.871  5662  5673 I art     : Starting a blocking GC Explicit
08-04 02:35:20.881  5662  5673 I art     : Explicit concurrent mark sweep GC freed 3(96B) AllocSpace objects, 0(0B) LOS objects, 40% free, 21MB/36MB, paused 87us total 9.423ms
08-04 02:35:20.887  5662  5673 I art     : Starting a blocking GC Explicit
08-04 02:35:20.896  5662  5673 I art     : Explicit concurrent mark sweep GC freed 3(96B) AllocSpace objects, 0(0B) LOS objects, 40% free, 21MB/36MB, paused 92us total 9.381ms
08-04 02:35:21.060  5843  5843 D AndroidRuntime: >>>>>> START com.android.internal.os.RuntimeInit uid 2000 <<<<<<
08-04 02:35:21.066  5843  5843 D AndroidRuntime: CheckJNI is OFF
08-04 02:35:21.092  5843  5843 D ICU     : No timezone override file found: /data/misc/zoneinfo/current/icu/icu_tzdata.dat
08-04 02:35:21.118  5843  5843 I Radio-JNI: register_android_hardware_Radio DONE
08-04 02:35:21.133  5843  5843 D AndroidRuntime: Calling main entry com.android.commands.input.Input
08-04 02:35:21.134  5843  5843 I Input   : injectMotionEvent: MotionEvent { action=ACTION_DOWN, actionButton=0, id[0]=0, x[0]=711.0, y[0]=1664.0, toolType[0]=TOOL_TYPE_UNKNOWN, buttonState=0, metaState=0, flags=0x0, edgeFlags=0x0, pointerCount=1, historySize=0, eventTime=671737547, downTime=671737547, deviceId=0, source=0x1002 }
08-04 02:35:21.140  5843  5843 I Input   : injectMotionEvent: MotionEvent { action=ACTION_UP, actionButton=0, id[0]=0, x[0]=711.0, y[0]=1664.0, toolType[0]=TOOL_TYPE_UNKNOWN, buttonState=0, metaState=0, flags=0x0, edgeFlags=0x0, pointerCount=1, historySize=0, eventTime=671737547, downTime=671737547, deviceId=0, source=0x1002 }
08-04 02:35:21.141  5843  5843 D AndroidRuntime: Shutting down VM
08-04 02:35:21.152   918  5952 I ActivityManager: START u0 {flg=0x14000000 cmp=baseline.com.ak.uobtimetable/.CourseListActivity} from uid 10659 on display 0
08-04 02:35:21.156   512  2967 D audio_hw_primary: out_set_parameters: enter: usecase(1: low-latency-playback) kvpairs: routing=2
08-04 02:35:21.165  5662  5684 I art     : Starting a blocking GC Explicit
08-04 02:35:21.169   512  2967 D audio_hw_primary: select_devices: out_snd_device(2: speaker) in_snd_device(0: none)
08-04 02:35:21.169   512  2967 D msm8974_platform: platform_send_audio_calibration: sending audio calibration for snd_device(2) acdb_id(15)
08-04 02:35:21.169   512  2967 I soundtrigger: audio_extn_sound_trigger_update_device_status: device 0x2 of type 0 for Event 1
08-04 02:35:21.177  5662  5684 I art     : Explicit concurrent mark sweep GC freed 1680(103KB) AllocSpace objects, 1(20KB) LOS objects, 40% free, 21MB/36MB, paused 333us total 11.536ms
08-04 02:35:21.179   512  2967 D audio_hw_primary: enable_snd_device: snd_device(2: speaker)
08-04 02:35:21.181   512  2967 D audio_hw_primary: enable_audio_route: apply and update mixer path: low-latency-playback speaker
08-04 02:35:21.183  5662  5684 I art     : Starting a blocking GC Explicit
08-04 02:35:21.195  5662  5684 I art     : Explicit concurrent mark sweep GC freed 1508(96KB) AllocSpace objects, 0(0B) LOS objects, 40% free, 21MB/36MB, paused 655us total 12.171ms
08-04 02:35:21.197  5662  5662 D CourseListActivity: onCreate
08-04 02:35:21.202  5662  5684 I art     : Starting a blocking GC Explicit
08-04 02:35:21.214  5662  5684 I art     : Explicit concurrent mark sweep GC freed 773(91KB) AllocSpace objects, 0(0B) LOS objects, 40% free, 22MB/36MB, paused 277us total 12.374ms
08-04 02:35:21.221  5662  5684 I art     : Starting a blocking GC Explicit
08-04 02:35:21.229  5662  5875 D HTTP    : Request for: https://uob-timetable-api.adriankeenan.co.uk/courses
08-04 02:35:21.232  5662  5684 I art     : Explicit concurrent mark sweep GC freed 729(60KB) AllocSpace objects, 0(0B) LOS objects, 40% free, 22MB/36MB, paused 459us total 11.734ms
08-04 02:35:21.239  5662  5684 I art     : Starting a blocking GC Explicit
08-04 02:35:21.249  5662  5684 I art     : Explicit concurrent mark sweep GC freed 339(38KB) AllocSpace objects, 0(0B) LOS objects, 40% free, 22MB/36MB, paused 163us total 10.534ms
08-04 02:35:21.287   918   936 I ActivityManager: Displayed baseline.com.ak.uobtimetable/.CourseListActivity: +125ms
08-04 02:35:21.288 13866 13866 I GoogleInputMethodServic: GoogleInputMethodService.onFinishInput():3138 
08-04 02:35:21.289 13866 13866 I GoogleInputMethodServic: GoogleInputMethodService.onStartInput():1808 
08-04 02:35:21.314  5662  5678 D OpenGLRenderer: endAllStagingAnimators on 0x7f9949c800 (RippleDrawable) with handle 0x7f9a1e6d20
08-04 02:35:21.478  5662  5684 I art     : Starting a blocking GC Explicit
08-04 02:35:21.493  5662  5684 I art     : Explicit concurrent mark sweep GC freed 1631(98KB) AllocSpace objects, 1(20KB) LOS objects, 40% free, 22MB/37MB, paused 166us total 14.755ms
08-04 02:35:21.501  5662  5684 I art     : Starting a blocking GC Explicit
08-04 02:35:21.516  5662  5684 I art     : Explicit concurrent mark sweep GC freed 46(1536B) AllocSpace objects, 0(0B) LOS objects, 40% free, 22MB/37MB, paused 155us total 14.231ms
08-04 02:35:21.522  5662  5684 I art     : Starting a blocking GC Explicit
08-04 02:35:21.535  5662  5684 I art     : Explicit concurrent mark sweep GC freed 5(160B) AllocSpace objects, 0(0B) LOS objects, 40% free, 22MB/37MB, paused 144us total 13.270ms
08-04 02:35:21.542  5662  5684 I art     : Starting a blocking GC Explicit
08-04 02:35:21.551  4779  4779 I ServiceManager: Waiting for service AtCmdFwd...
08-04 02:35:21.555  5662  5684 I art     : Explicit concurrent mark sweep GC freed 40(1856B) AllocSpace objects, 0(0B) LOS objects, 40% free, 22MB/37MB, paused 141us total 12.933ms
08-04 02:35:21.562  5662  5684 I art     : Starting a blocking GC Explicit
08-04 02:35:21.572  5662  5684 I art     : Explicit concurrent mark sweep GC freed 4(128B) AllocSpace objects, 0(0B) LOS objects, 40% free, 22MB/37MB, paused 144us total 10.523ms
08-04 02:35:21.720   512  2967 D audio_hw_primary: disable_audio_route: reset and update mixer path: low-latency-playback speaker
08-04 02:35:21.720   512  2967 D audio_hw_primary: disable_snd_device: snd_device(2: speaker)
08-04 02:35:21.729   512  2967 I soundtrigger: audio_extn_sound_trigger_update_device_status: device 0x2 of type 0 for Event 0
08-04 02:35:21.744  5662  5875 I NAPPA_EXPERIMENTATION: MetricNetworkRequestExecutionTime: REQUEST_DURATION_SYSTEM='510',REQUEST_DURATION_OKHTTP='33',REQUEST_SYNCHRONOUS='TRUE',RESPONSE_CODE='200',RESPONSE_METHOD='GET',RESPONSE_LENGTH_OKHTTP='-1',RESPONSE_LENGTH_HEADER='-2',REQUEST_PROTOCOL='http/1.1',REQUEST_URL='https://uob-timetable-api.adriankeenan.co.uk/courses',
08-04 02:35:21.830  5662  5673 I art     : Starting a blocking GC Explicit
08-04 02:35:21.845  5662  5673 I art     : Explicit concurrent mark sweep GC freed 4167(265KB) AllocSpace objects, 4(220KB) LOS objects, 34% free, 30MB/46MB, paused 316us total 15.314ms
08-04 02:35:21.852  5662  5673 I art     : Starting a blocking GC Explicit
08-04 02:35:21.865  5662  5673 I art     : Explicit concurrent mark sweep GC freed 1051(119KB) AllocSpace objects, 0(0B) LOS objects, 33% free, 31MB/47MB, paused 140us total 12.795ms
08-04 02:35:21.871  5662  5673 I art     : Starting a blocking GC Explicit
08-04 02:35:21.882  5662  5673 I art     : Explicit concurrent mark sweep GC freed 20(656B) AllocSpace objects, 0(0B) LOS objects, 32% free, 33MB/49MB, paused 142us total 10.686ms
08-04 02:35:21.887  5662  5673 I art     : Starting a blocking GC Explicit
08-04 02:35:21.900  5662  5673 I art     : Explicit concurrent mark sweep GC freed 1222(7MB) AllocSpace objects, 0(0B) LOS objects, 31% free, 34MB/50MB, paused 394us total 12.414ms
08-04 02:35:21.906  5662  5673 I art     : Starting a blocking GC Explicit
08-04 02:35:21.917  5662  5673 I art     : Explicit concurrent mark sweep GC freed 722(4MB) AllocSpace objects, 0(0B) LOS objects, 26% free, 44MB/60MB, paused 142us total 10.618ms
08-04 02:35:22.089  5662  5875 I HTTP    : Response was compressed.
08-04 02:35:22.175  5662  5676 I art     : Starting a blocking GC Explicit
08-04 02:35:22.190  5662  5676 I art     : Explicit concurrent mark sweep GC freed 11939(563KB) AllocSpace objects, 0(0B) LOS objects, 29% free, 37MB/53MB, paused 264us total 14.343ms
08-04 02:35:22.197  5662  5676 I art     : Starting a blocking GC Explicit
08-04 02:35:22.210  5662  5676 I art     : Explicit concurrent mark sweep GC freed 11154(536KB) AllocSpace objects, 0(0B) LOS objects, 29% free, 37MB/53MB, paused 200us total 12.849ms
08-04 02:35:22.216  5662  5676 I art     : Starting a blocking GC Explicit
08-04 02:35:22.229  5662  5676 I art     : Explicit concurrent mark sweep GC freed 10145(490KB) AllocSpace objects, 0(0B) LOS objects, 29% free, 38MB/54MB, paused 174us total 12.353ms
08-04 02:35:22.235  5662  5676 I art     : Starting a blocking GC Explicit
08-04 02:35:22.247  5662  5676 I art     : Explicit concurrent mark sweep GC freed 10126(470KB) AllocSpace objects, 0(0B) LOS objects, 29% free, 38MB/54MB, paused 205us total 12.375ms
08-04 02:35:22.253  5662  5676 I art     : Starting a blocking GC Explicit
08-04 02:35:22.266  5662  5676 I art     : Explicit concurrent mark sweep GC freed 10149(481KB) AllocSpace objects, 0(0B) LOS objects, 29% free, 38MB/54MB, paused 198us total 12.572ms
08-04 02:35:22.530  5662  5676 I art     : Starting a blocking GC Explicit
08-04 02:35:22.552  4779  4779 I ServiceManager: Waiting for service AtCmdFwd...
08-04 02:35:22.559  5662  5676 I art     : Explicit concurrent mark sweep GC freed 157085(7MB) AllocSpace objects, 1(20KB) LOS objects, 28% free, 39MB/55MB, paused 302us total 29.009ms
08-04 02:35:22.567  5662  5676 I art     : Starting a blocking GC Explicit
08-04 02:35:22.582  5662  5676 I art     : Explicit concurrent mark sweep GC freed 16992(799KB) AllocSpace objects, 0(0B) LOS objects, 28% free, 39MB/55MB, paused 247us total 15.268ms
08-04 02:35:22.589  5662  5676 I art     : Starting a blocking GC Explicit
08-04 02:35:22.604  5662  5676 I art     : Explicit concurrent mark sweep GC freed 12436(584KB) AllocSpace objects, 0(0B) LOS objects, 28% free, 39MB/55MB, paused 238us total 15.061ms
08-04 02:35:22.611  5662  5676 I art     : Starting a blocking GC Explicit
08-04 02:35:22.627  5662  5676 I art     : Explicit concurrent mark sweep GC freed 12705(601KB) AllocSpace objects, 0(0B) LOS objects, 28% free, 39MB/55MB, paused 256us total 15.767ms
08-04 02:35:22.634  5662  5676 I art     : Starting a blocking GC Explicit
08-04 02:35:22.650  5662  5676 I art     : Explicit concurrent mark sweep GC freed 12336(591KB) AllocSpace objects, 0(0B) LOS objects, 28% free, 39MB/55MB, paused 286us total 15.540ms
08-04 02:35:22.922  5662  5676 I art     : Starting a blocking GC Explicit
08-04 02:35:22.957  5662  5676 I art     : Explicit concurrent mark sweep GC freed 163188(7MB) AllocSpace objects, 1(20KB) LOS objects, 27% free, 41MB/57MB, paused 393us total 34.544ms
08-04 02:35:22.967  5662  5676 I art     : Starting a blocking GC Explicit
08-04 02:35:22.985  5662  5676 I art     : Explicit concurrent mark sweep GC freed 19931(935KB) AllocSpace objects, 0(0B) LOS objects, 28% free, 41MB/57MB, paused 310us total 17.943ms
08-04 02:35:22.993  5662  5676 I art     : Starting a blocking GC Explicit
08-04 02:35:23.012  5662  5676 I art     : Explicit concurrent mark sweep GC freed 15068(705KB) AllocSpace objects, 0(0B) LOS objects, 27% free, 41MB/57MB, paused 354us total 18.788ms
08-04 02:35:23.020  5662  5676 I art     : Starting a blocking GC Explicit
08-04 02:35:23.039  5662  5676 I art     : Explicit concurrent mark sweep GC freed 14836(692KB) AllocSpace objects, 0(0B) LOS objects, 27% free, 41MB/57MB, paused 328us total 18.541ms
08-04 02:35:23.047  5662  5676 I art     : Starting a blocking GC Explicit
08-04 02:35:23.066  5662  5676 I art     : Explicit concurrent mark sweep GC freed 15054(705KB) AllocSpace objects, 0(0B) LOS objects, 27% free, 41MB/57MB, paused 330us total 18.919ms
08-04 02:35:23.337  5662  5684 I art     : Starting a blocking GC Explicit
08-04 02:35:23.375  5662  5684 I art     : Explicit concurrent mark sweep GC freed 162121(7MB) AllocSpace objects, 1(20KB) LOS objects, 27% free, 42MB/58MB, paused 452us total 37.849ms
08-04 02:35:23.385  5662  5684 I art     : Starting a blocking GC Explicit
08-04 02:35:23.408  5662  5684 I art     : Explicit concurrent mark sweep GC freed 21698(1010KB) AllocSpace objects, 0(0B) LOS objects, 27% free, 42MB/58MB, paused 344us total 23.082ms
08-04 02:35:23.417  5662  5684 I art     : Starting a blocking GC Explicit
08-04 02:35:23.438  5662  5684 I art     : Explicit concurrent mark sweep GC freed 16818(790KB) AllocSpace objects, 0(0B) LOS objects, 27% free, 42MB/58MB, paused 390us total 21.223ms
08-04 02:35:23.448  5662  5684 I art     : Starting a blocking GC Explicit
08-04 02:35:23.470  5662  5684 I art     : Explicit concurrent mark sweep GC freed 16395(771KB) AllocSpace objects, 0(0B) LOS objects, 27% free, 43MB/59MB, paused 382us total 21.807ms
08-04 02:35:23.479  5662  5684 I art     : Starting a blocking GC Explicit
08-04 02:35:23.501  5662  5684 I art     : Explicit concurrent mark sweep GC freed 16838(785KB) AllocSpace objects, 0(0B) LOS objects, 27% free, 43MB/59MB, paused 394us total 22.129ms
08-04 02:35:23.552  4779  4779 I ServiceManager: Waiting for service AtCmdFwd...
08-04 02:35:23.754  5662  5684 I art     : Starting a blocking GC Explicit
08-04 02:35:23.792  5662  5684 I art     : Explicit concurrent mark sweep GC freed 156146(7MB) AllocSpace objects, 1(20KB) LOS objects, 26% free, 44MB/60MB, paused 487us total 37.966ms
08-04 02:35:23.802  5662  5684 I art     : Starting a blocking GC Explicit
08-04 02:35:23.826  5662  5684 I art     : Explicit concurrent mark sweep GC freed 22989(1077KB) AllocSpace objects, 0(0B) LOS objects, 26% free, 44MB/60MB, paused 421us total 24.347ms
08-04 02:35:23.836  5662  5684 I art     : Starting a blocking GC Explicit
08-04 02:35:23.861  5662  5684 I art     : Explicit concurrent mark sweep GC freed 19081(896KB) AllocSpace objects, 0(0B) LOS objects, 26% free, 44MB/60MB, paused 419us total 24.487ms
08-04 02:35:23.870  5662  5684 I art     : Starting a blocking GC Explicit
08-04 02:35:23.896  5662  5684 I art     : Explicit concurrent mark sweep GC freed 19070(916KB) AllocSpace objects, 0(0B) LOS objects, 26% free, 44MB/60MB, paused 413us total 25.879ms
08-04 02:35:23.907  5662  5684 I art     : Starting a blocking GC Explicit
08-04 02:35:23.932  5662  5684 I art     : Explicit concurrent mark sweep GC freed 19384(951KB) AllocSpace objects, 0(0B) LOS objects, 26% free, 44MB/60MB, paused 542us total 25.632ms
08-04 02:35:24.186  5662  5684 I art     : Starting a blocking GC Explicit
08-04 02:35:24.227  5662  5684 I art     : Explicit concurrent mark sweep GC freed 155149(7MB) AllocSpace objects, 1(20KB) LOS objects, 25% free, 46MB/62MB, paused 452us total 40.356ms
08-04 02:35:24.239  5662  5684 I art     : Starting a blocking GC Explicit
08-04 02:35:24.267  5662  5684 I art     : Explicit concurrent mark sweep GC freed 25814(1201KB) AllocSpace objects, 0(0B) LOS objects, 25% free, 46MB/62MB, paused 483us total 27.914ms
08-04 02:35:24.278  5662  5684 I art     : Starting a blocking GC Explicit
08-04 02:35:24.305  5662  5684 I art     : Explicit concurrent mark sweep GC freed 20946(979KB) AllocSpace objects, 0(0B) LOS objects, 25% free, 46MB/62MB, paused 477us total 27.660ms
08-04 02:35:24.316  5662  5684 I art     : Starting a blocking GC Explicit
08-04 02:35:24.345  5662  5684 I art     : Explicit concurrent mark sweep GC freed 21616(1013KB) AllocSpace objects, 0(0B) LOS objects, 25% free, 46MB/62MB, paused 520us total 29.483ms
08-04 02:35:24.356  5662  5684 I art     : Starting a blocking GC Explicit
08-04 02:35:24.386  5662  5684 I art     : Explicit concurrent mark sweep GC freed 19430(904KB) AllocSpace objects, 0(0B) LOS objects, 25% free, 46MB/62MB, paused 484us total 29.439ms
08-04 02:35:24.552  4779  4779 I ServiceManager: Waiting for service AtCmdFwd...
08-04 02:35:24.656  5662  5676 I art     : Starting a blocking GC Explicit
08-04 02:35:24.711  5662  5676 I art     : Explicit concurrent mark sweep GC freed 168011(7MB) AllocSpace objects, 1(20KB) LOS objects, 24% free, 48MB/64MB, paused 640us total 54.222ms
08-04 02:35:24.724  5662  5676 I art     : Starting a blocking GC Explicit
08-04 02:35:24.756  5662  5676 I art     : Explicit concurrent mark sweep GC freed 28027(1322KB) AllocSpace objects, 0(0B) LOS objects, 24% free, 48MB/64MB, paused 544us total 31.434ms
08-04 02:35:24.767  5662  5676 I art     : Starting a blocking GC Explicit
08-04 02:35:24.801  5662  5676 I art     : Explicit concurrent mark sweep GC freed 23774(1117KB) AllocSpace objects, 0(0B) LOS objects, 24% free, 48MB/64MB, paused 624us total 33.464ms
08-04 02:35:24.813  5662  5676 I art     : Starting a blocking GC Explicit
08-04 02:35:24.845  5662  5676 I art     : Explicit concurrent mark sweep GC freed 23068(1131KB) AllocSpace objects, 0(0B) LOS objects, 24% free, 48MB/64MB, paused 575us total 32.307ms
08-04 02:35:24.856  5662  5676 I art     : Starting a blocking GC Explicit
08-04 02:35:24.860  5662  5875 I Service : getCourses response time: 0.69
08-04 02:35:24.865  5662  5662 I SettingsManager: Getting string: savedCourse
08-04 02:35:24.888  5662  5676 I art     : Explicit concurrent mark sweep GC freed 8793(413KB) AllocSpace objects, 0(0B) LOS objects, 24% free, 48MB/64MB, paused 408us total 31.683ms
08-04 02:35:25.146  5662  5676 I art     : Starting a blocking GC Explicit
08-04 02:35:25.198  5662  5676 I art     : Explicit concurrent mark sweep GC freed 1958(105KB) AllocSpace objects, 2(15MB) LOS objects, 32% free, 33MB/49MB, paused 147us total 51.126ms
08-04 02:35:25.212  5662  5676 I art     : Starting a blocking GC Explicit
08-04 02:35:25.244  5662  5676 I art     : Explicit concurrent mark sweep GC freed 65(2640B) AllocSpace objects, 0(0B) LOS objects, 32% free, 33MB/49MB, paused 140us total 31.875ms
08-04 02:35:25.255  5662  5676 I art     : Starting a blocking GC Explicit
08-04 02:35:25.291  5662  5676 I art     : Explicit concurrent mark sweep GC freed 3(96B) AllocSpace objects, 0(0B) LOS objects, 32% free, 33MB/49MB, paused 144us total 34.964ms
08-04 02:35:25.303  5662  5676 I art     : Starting a blocking GC Explicit
08-04 02:35:25.339  5662  5676 I art     : Explicit concurrent mark sweep GC freed 3(96B) AllocSpace objects, 0(0B) LOS objects, 32% free, 33MB/49MB, paused 167us total 36.032ms
08-04 02:35:25.352  5662  5676 I art     : Starting a blocking GC Explicit
08-04 02:35:25.388  5662  5676 I art     : Explicit concurrent mark sweep GC freed 3(96B) AllocSpace objects, 0(0B) LOS objects, 32% free, 33MB/49MB, paused 150us total 35.848ms
08-04 02:35:25.553  4779  4779 I ServiceManager: Waiting for service AtCmdFwd...
08-04 02:35:25.676  5662  5684 I art     : Starting a blocking GC Explicit
08-04 02:35:25.716  5662  5684 I art     : Explicit concurrent mark sweep GC freed 1274(74KB) AllocSpace objects, 1(20KB) LOS objects, 32% free, 33MB/49MB, paused 153us total 39.389ms
08-04 02:35:25.731  5662  5684 I art     : Starting a blocking GC Explicit
08-04 02:35:25.765  5662  5684 I art     : Explicit concurrent mark sweep GC freed 18(624B) AllocSpace objects, 0(0B) LOS objects, 32% free, 33MB/49MB, paused 142us total 34.635ms
08-04 02:35:25.779  5662  5684 I art     : Starting a blocking GC Explicit
08-04 02:35:25.814  5662  5684 I art     : Explicit concurrent mark sweep GC freed 3(96B) AllocSpace objects, 0(0B) LOS objects, 32% free, 33MB/49MB, paused 147us total 35.624ms
08-04 02:35:25.828  5662  5684 I art     : Starting a blocking GC Explicit
08-04 02:35:25.863  5662  5684 I art     : Explicit concurrent mark sweep GC freed 3(96B) AllocSpace objects, 0(0B) LOS objects, 32% free, 33MB/49MB, paused 143us total 34.587ms
08-04 02:35:25.876  5662  5684 I art     : Starting a blocking GC Explicit
08-04 02:35:25.912  5662  5684 I art     : Explicit concurrent mark sweep GC freed 3(96B) AllocSpace objects, 0(0B) LOS objects, 32% free, 33MB/49MB, paused 138us total 35.581ms
08-04 02:35:26.224  5662  5673 I art     : Starting a blocking GC Explicit
08-04 02:35:26.273  5662  5673 I art     : Explicit concurrent mark sweep GC freed 1274(74KB) AllocSpace objects, 1(20KB) LOS objects, 32% free, 33MB/49MB, paused 143us total 48.074ms
08-04 02:35:26.287  5662  5673 I art     : Starting a blocking GC Explicit
08-04 02:35:26.323  5662  5673 I art     : Explicit concurrent mark sweep GC freed 18(624B) AllocSpace objects, 0(0B) LOS objects, 32% free, 33MB/49MB, paused 134us total 35.773ms
08-04 02:35:26.336  5662  5673 I art     : Starting a blocking GC Explicit
08-04 02:35:26.372  5662  5673 I art     : Explicit concurrent mark sweep GC freed 3(96B) AllocSpace objects, 0(0B) LOS objects, 32% free, 33MB/49MB, paused 139us total 36.053ms
08-04 02:35:26.385  5662  5673 I art     : Starting a blocking GC Explicit
08-04 02:35:26.421  5662  5673 I art     : Explicit concurrent mark sweep GC freed 3(96B) AllocSpace objects, 0(0B) LOS objects, 32% free, 33MB/49MB, paused 138us total 35.971ms
08-04 02:35:26.434  5662  5673 I art     : Starting a blocking GC Explicit
08-04 02:35:26.470  5662  5673 I art     : Explicit concurrent mark sweep GC freed 3(96B) AllocSpace objects, 0(0B) LOS objects, 32% free, 33MB/49MB, paused 140us total 35.806ms
08-04 02:35:26.553  4779  4779 W Atfwd_Sendcmd: AtCmdFwd service not published, waiting... retryCnt : 3
08-04 02:35:26.763  5662  5684 I art     : Starting a blocking GC Explicit
08-04 02:35:26.810  5662  5684 I art     : Explicit concurrent mark sweep GC freed 1275(74KB) AllocSpace objects, 1(20KB) LOS objects, 32% free, 33MB/49MB, paused 236us total 47.371ms
08-04 02:35:26.830  5662  5684 I art     : Starting a blocking GC Explicit
08-04 02:35:26.867  5662  5684 I art     : Explicit concurrent mark sweep GC freed 20(704B) AllocSpace objects, 0(0B) LOS objects, 32% free, 33MB/49MB, paused 180us total 37.176ms
08-04 02:35:26.880  5662  5684 I art     : Starting a blocking GC Explicit
08-04 02:35:26.916  5662  5684 I art     : Explicit concurrent mark sweep GC freed 3(96B) AllocSpace objects, 0(0B) LOS objects, 32% free, 33MB/49MB, paused 151us total 35.665ms
08-04 02:35:26.928  5662  5684 I art     : Starting a blocking GC Explicit
08-04 02:35:26.963  5662  5684 I art     : Explicit concurrent mark sweep GC freed 3(96B) AllocSpace objects, 0(0B) LOS objects, 32% free, 33MB/49MB, paused 141us total 34.721ms
08-04 02:35:26.976  5662  5684 I art     : Starting a blocking GC Explicit
08-04 02:35:27.011  5662  5684 I art     : Explicit concurrent mark sweep GC freed 3(96B) AllocSpace objects, 0(0B) LOS objects, 32% free, 33MB/49MB, paused 147us total 35.296ms
08-04 02:35:27.332  5662  5673 I art     : Starting a blocking GC Explicit
08-04 02:35:27.388  5662  5673 I art     : Explicit concurrent mark sweep GC freed 1274(74KB) AllocSpace objects, 1(20KB) LOS objects, 32% free, 33MB/49MB, paused 186us total 55.766ms
08-04 02:35:27.401  5662  5673 I art     : Starting a blocking GC Explicit
08-04 02:35:27.432  5662  5673 I art     : Explicit concurrent mark sweep GC freed 18(624B) AllocSpace objects, 0(0B) LOS objects, 32% free, 33MB/49MB, paused 135us total 30.797ms
08-04 02:35:27.444  5662  5673 I art     : Starting a blocking GC Explicit
08-04 02:35:27.475  5662  5673 I art     : Explicit concurrent mark sweep GC freed 3(96B) AllocSpace objects, 0(0B) LOS objects, 32% free, 33MB/49MB, paused 131us total 30.836ms
08-04 02:35:27.486  5662  5673 I art     : Starting a blocking GC Explicit
08-04 02:35:27.517  5662  5673 I art     : Explicit concurrent mark sweep GC freed 3(96B) AllocSpace objects, 0(0B) LOS objects, 32% free, 33MB/49MB, paused 129us total 31.027ms
08-04 02:35:27.529  5662  5673 I art     : Starting a blocking GC Explicit
08-04 02:35:27.560  5662  5673 I art     : Explicit concurrent mark sweep GC freed 3(96B) AllocSpace objects, 0(0B) LOS objects, 32% free, 33MB/49MB, paused 137us total 30.817ms
08-04 02:35:27.733  6022  6022 D AndroidRuntime: >>>>>> START com.android.internal.os.RuntimeInit uid 2000 <<<<<<
08-04 02:35:27.738  6022  6022 D AndroidRuntime: CheckJNI is OFF
08-04 02:35:27.763  6022  6022 D ICU     : No timezone override file found: /data/misc/zoneinfo/current/icu/icu_tzdata.dat
08-04 02:35:27.789  6022  6022 I Radio-JNI: register_android_hardware_Radio DONE
08-04 02:35:27.805  6022  6022 D AndroidRuntime: Calling main entry com.android.commands.input.Input
08-04 02:35:27.806  6022  6022 I Input   : injectMotionEvent: MotionEvent { action=ACTION_DOWN, actionButton=0, id[0]=0, x[0]=526.0, y[0]=704.0, toolType[0]=TOOL_TYPE_UNKNOWN, buttonState=0, metaState=0, flags=0x0, edgeFlags=0x0, pointerCount=1, historySize=0, eventTime=671744219, downTime=671744219, deviceId=0, source=0x1002 }
08-04 02:35:27.811  6022  6022 I Input   : injectMotionEvent: MotionEvent { action=ACTION_UP, actionButton=0, id[0]=0, x[0]=526.0, y[0]=704.0, toolType[0]=TOOL_TYPE_UNKNOWN, buttonState=0, metaState=0, flags=0x0, edgeFlags=0x0, pointerCount=1, historySize=0, eventTime=671744219, downTime=671744219, deviceId=0, source=0x1002 }
08-04 02:35:27.812  6022  6022 D AndroidRuntime: Shutting down VM
08-04 02:35:27.837  5662  5684 I art     : Starting a blocking GC Explicit
08-04 02:35:27.874  5662  5684 I art     : Explicit concurrent mark sweep GC freed 1293(75KB) AllocSpace objects, 1(20KB) LOS objects, 32% free, 33MB/49MB, paused 223us total 37.365ms
08-04 02:35:27.878   512  2967 D audio_hw_primary: out_set_parameters: enter: usecase(1: low-latency-playback) kvpairs: routing=2
08-04 02:35:27.888  5662  5684 I art     : Starting a blocking GC Explicit
08-04 02:35:27.891   512  2967 D audio_hw_primary: select_devices: out_snd_device(2: speaker) in_snd_device(0: none)
08-04 02:35:27.891   512  2967 D msm8974_platform: platform_send_audio_calibration: sending audio calibration for snd_device(2) acdb_id(15)
08-04 02:35:27.891   512  2967 I soundtrigger: audio_extn_sound_trigger_update_device_status: device 0x2 of type 0 for Event 1
08-04 02:35:27.903   512  2967 D audio_hw_primary: enable_snd_device: snd_device(2: speaker)
08-04 02:35:27.905   512  2967 D audio_hw_primary: enable_audio_route: apply and update mixer path: low-latency-playback speaker
08-04 02:35:27.922  5662  5684 I art     : Explicit concurrent mark sweep GC freed 646(49KB) AllocSpace objects, 1(20KB) LOS objects, 32% free, 33MB/49MB, paused 167us total 33.260ms
08-04 02:35:27.933  5662  5684 I art     : Starting a blocking GC Explicit
08-04 02:35:27.967  5662  5684 I art     : Explicit concurrent mark sweep GC freed 184(11KB) AllocSpace objects, 0(0B) LOS objects, 32% free, 33MB/49MB, paused 223us total 33.302ms
08-04 02:35:27.979  5662  5684 I art     : Starting a blocking GC Explicit
08-04 02:35:28.011  5662  5684 I art     : Explicit concurrent mark sweep GC freed 74(3KB) AllocSpace objects, 0(0B) LOS objects, 32% free, 33MB/49MB, paused 162us total 31.875ms
08-04 02:35:28.022  5662  5684 I art     : Starting a blocking GC Explicit
08-04 02:35:28.058  5662  5684 I art     : Explicit concurrent mark sweep GC freed 7(224B) AllocSpace objects, 0(0B) LOS objects, 32% free, 33MB/49MB, paused 155us total 35.575ms
08-04 02:35:28.324  5662  5676 I art     : Starting a blocking GC Explicit
08-04 02:35:28.375  5662  5676 I art     : Explicit concurrent mark sweep GC freed 1279(75KB) AllocSpace objects, 1(20KB) LOS objects, 32% free, 33MB/49MB, paused 153us total 50.656ms
08-04 02:35:28.394  5662  5676 I art     : Starting a blocking GC Explicit
08-04 02:35:28.402  6058  6058 I art     : Late-enabling -Xcheck:jni
08-04 02:35:28.404   918   918 I ActivityManager: Start proc 6058:nappatfpr.com.newsblur/u0a658 for service nappatfpr.com.newsblur/.service.NBSyncService
08-04 02:35:28.408 18789 18789 I Finsky  : [1] xow.onStartJob(3): SCH: onJobSchedulerWakeup with jobId 9009
08-04 02:35:28.413 24365 28436 I NetworkScheduler.Stats: Task com.google.android.apps.gcs/ started execution. cause:4 exec_start_elapsed_seconds: 1655132 [CONTEXT service_id=218 ]
08-04 02:35:28.415 18789 18789 I Finsky  : [1] xjw.a(9): Scheduling fallback in 43199994 (absolute: 1698332284)
08-04 02:35:28.418 18789 18789 I Finsky  : [1] xjw.a(9): Scheduling fallback in 64799998 (absolute: 1719932291)
08-04 02:35:28.423 29579  6071 W Gcs.WfaEliRefreshTask: [23209] afk.b: NULL eligibility response.
08-04 02:35:28.426  5662  5676 I art     : Explicit concurrent mark sweep GC freed 24(816B) AllocSpace objects, 0(0B) LOS objects, 32% free, 33MB/49MB, paused 124us total 31.892ms
08-04 02:35:28.427 24365 28436 I NetworkScheduler.Stats: Task com.google.android.apps.gcs/ finished executing. cause:4 result: 3 elapsed_millis: 17 uptime_millis: 17 exec_start_elapsed_seconds: 1655132 [CONTEXT service_id=218 ]
08-04 02:35:28.436  6058  6058 W System  : ClassLoader referenced unknown path: /data/app/nappatfpr.com.newsblur-1/lib/arm64
08-04 02:35:28.439  5662  5676 I art     : Starting a blocking GC Explicit
08-04 02:35:28.448   512  2967 D audio_hw_primary: disable_audio_route: reset and update mixer path: low-latency-playback speaker
08-04 02:35:28.450   512  2967 D audio_hw_primary: disable_snd_device: snd_device(2: speaker)
08-04 02:35:28.458   512  2967 I soundtrigger: audio_extn_sound_trigger_update_device_status: device 0x2 of type 0 for Event 0
08-04 02:35:28.471  5662  5676 I art     : Explicit concurrent mark sweep GC freed 3(96B) AllocSpace objects, 0(0B) LOS objects, 32% free, 33MB/49MB, paused 126us total 31.819ms
08-04 02:35:28.474 24365 28437 I NetworkScheduler.Stats: Task com.google.android.gms/com.google.android.gms.icing.service.IcingGcmTaskService started execution. cause:5 exec_start_elapsed_seconds: 1655132 [CONTEXT service_id=218 ]
08-04 02:35:28.480 24365 28436 I NetworkScheduler.Stats: Task com.google.android.gms/com.google.android.gms.icing.service.IcingGcmTaskService finished executing. cause:5 result: 1 elapsed_millis: 27 uptime_millis: 27 exec_start_elapsed_seconds: 1655132 [CONTEXT service_id=218 ]
08-04 02:35:28.483  5662  5676 I art     : Starting a blocking GC Explicit
08-04 02:35:28.515  5662  5676 I art     : Explicit concurrent mark sweep GC freed 3(96B) AllocSpace objects, 0(0B) LOS objects, 32% free, 33MB/49MB, paused 159us total 31.311ms
08-04 02:35:28.526  5662  5676 I art     : Starting a blocking GC Explicit
08-04 02:35:28.556 18789 18789 I Finsky  : [1] xkf.handleMessage(8): SCH: DeviceState: DeviceState{currentTime=1596501328553, isCharging=false, isIdle=false, netAny=true, netNotRoaming=true, netUnmetered=true, batteryPercent=100.0}
08-04 02:35:28.557  5662  5676 I art     : Explicit concurrent mark sweep GC freed 5(160B) AllocSpace objects, 0(0B) LOS objects, 32% free, 33MB/49MB, paused 160us total 30.544ms
08-04 02:35:28.560 18789  5628 I Finsky  : [6411] xmu.a(8): SCH: Jobs in database: 1-1337 3-181 3-182 12-1 24-77777777 26-1414141414 
08-04 02:35:28.564 18789 18789 I Finsky  : [1] xkg.a(16): SCH: Running job: 12-1
08-04 02:35:28.565 18789 18789 I Finsky  : [1] ContentSyncJob.a(16): [ContentSync] job started
08-04 02:35:28.566 18789 18789 I Finsky  : [1] xkf.handleMessage(61): SCH: RunningQueue size: 1, PendingQueue size: 0
08-04 02:35:28.566 18789 18789 I Finsky  : [1] xkf.handleMessage(64): SCH: Running queue: 12-1 
08-04 02:35:28.651 18789  5650 I Finsky  : [6416] dzn.a(22): Completed 0 account content syncs with 0 successful.
08-04 02:35:28.652 18789 18789 I Finsky  : [1] ContentSyncJob.a(1): [ContentSync] Installation state replication succeeded.
08-04 02:35:28.653 18789 18789 I Finsky  : [1] xlr.a(13): SCH: jobFinished: 12-1. TimeElapsed: 88ms.
08-04 02:35:28.654 18789 18789 I Finsky  : [1] xkg.a(36): SCH: Job 12-1 finished. Not rescheduling.
08-04 02:35:28.655 18789 18789 I Finsky  : [1] xkf.handleMessage(61): SCH: RunningQueue size: 0, PendingQueue size: 0
08-04 02:35:28.655 18789 18789 I Finsky  : [1] xkf.handleMessage(25): Executor finished
08-04 02:35:28.679 18789 18789 I Finsky  : [1] xmu.a(8): SCH: Jobs in database: 1-1337 3-181 3-182 24-77777777 26-1414141414 
08-04 02:35:28.682 18789 18789 I Finsky  : [1] xio.a(57): SCH: ConstraintMapping: 24-77777777,  -> L: 0ms, D: 66872156ms, C: false, I: true, N: 0
08-04 02:35:28.683 18789 18789 I Finsky  : [1] xio.a(57): SCH: ConstraintMapping: 1-1337,  -> L: 8681388ms, D: 27024228ms, C: false, I: false, N: 1
08-04 02:35:28.684 18789 18789 I Finsky  : [1] xio.a(57): SCH: ConstraintMapping: 3-181,  -> L: 0ms, D: 58280533ms, C: false, I: true, N: 2
08-04 02:35:28.685 18789 18789 I Finsky  : [1] xio.a(57): SCH: ConstraintMapping: 3-182,  -> L: 0ms, D: 58280605ms, C: true, I: true, N: 2
08-04 02:35:28.686 18789 18789 I Finsky  : [1] xio.a(57): SCH: ConstraintMapping: 26-1414141414,  -> L: 31101782ms, D: 32001782ms, C: false, I: false, N: 0
08-04 02:35:28.709 18789 18789 I Finsky  : [1] xle.a(34): Cancelling existing jobscheduler jobs: 9000 9019 9017 9010 9018 9014 9015 9013 9016 
08-04 02:35:28.710 18789 18789 I Finsky  : [1] xle.a(10): Throttling wakeup for job 9001 (expected to run in 0 ms) due to recent wakeup
08-04 02:35:28.710 18789 18789 I Finsky  : [1] xle.a(27): Scheduling job Id: 9001, L: 30000, D: 66872156, C: false, I: true, N: 0
08-04 02:35:28.713 18789 18789 I Finsky  : [1] xle.a(27): Scheduling job Id: 9002, L: 8681388, D: 27024228, C: false, I: false, N: 1
08-04 02:35:28.715 18789 18789 I Finsky  : [1] xle.a(10): Throttling wakeup for job 9003 (expected to run in 0 ms) due to recent wakeup
08-04 02:35:28.716 18789 18789 I Finsky  : [1] xle.a(27): Scheduling job Id: 9003, L: 30000, D: 58280533, C: false, I: true, N: 2
08-04 02:35:28.719 18789 18789 I Finsky  : [1] xle.a(10): Throttling wakeup for job 9004 (expected to run in 0 ms) due to recent wakeup
08-04 02:35:28.720 18789 18789 I Finsky  : [1] xle.a(27): Scheduling job Id: 9004, L: 30000, D: 58280605, C: true, I: true, N: 2
08-04 02:35:28.723 18789 18789 I Finsky  : [1] xle.a(27): Scheduling job Id: 9005, L: 31101782, D: 32001782, C: false, I: false, N: 0
08-04 02:35:28.725 18789 18789 I Finsky  : [1] xle.a(10): Throttling wakeup for job 9006 (expected to run in 0 ms) due to recent wakeup
08-04 02:35:28.725 18789 18789 I Finsky  : [1] xle.a(27): Scheduling job Id: 9006, L: 30000, D: 66872156, C: false, I: true, N: 0
08-04 02:35:28.727 18789 18789 I Finsky  : [1] xle.a(27): Scheduling job Id: 9007, L: 8681388, D: 27024228, C: false, I: false, N: 1
08-04 02:35:28.729 18789 18789 I Finsky  : [1] xle.a(10): Throttling wakeup for job 9008 (expected to run in 0 ms) due to recent wakeup
08-04 02:35:28.729 18789 18789 I Finsky  : [1] xle.a(27): Scheduling job Id: 9008, L: 30000, D: 58280533, C: false, I: true, N: 2
08-04 02:35:28.731 18789 18789 I Finsky  : [1] xle.a(10): Throttling wakeup for job 9011 (expected to run in 0 ms) due to recent wakeup
08-04 02:35:28.731 18789 18789 I Finsky  : [1] xle.a(27): Scheduling job Id: 9011, L: 30000, D: 58280605, C: true, I: true, N: 2
08-04 02:35:28.733 18789 18789 I Finsky  : [1] xle.a(27): Scheduling job Id: 9012, L: 31101782, D: 32001782, C: false, I: false, N: 0
08-04 02:35:28.833  5662  6047 I art     : Starting a blocking GC Explicit
08-04 02:35:28.886  5662  6047 I art     : Explicit concurrent mark sweep GC freed 1280(75KB) AllocSpace objects, 1(20KB) LOS objects, 32% free, 33MB/49MB, paused 189us total 52.477ms
08-04 02:35:28.904  5662  6047 I art     : Starting a blocking GC Explicit
08-04 02:35:28.942  5662  6047 I art     : Explicit concurrent mark sweep GC freed 20(688B) AllocSpace objects, 0(0B) LOS objects, 32% free, 33MB/49MB, paused 193us total 37.912ms
08-04 02:35:28.955  5662  6047 I art     : Starting a blocking GC Explicit
08-04 02:35:28.991  5662  6047 I art     : Explicit concurrent mark sweep GC freed 3(96B) AllocSpace objects, 0(0B) LOS objects, 32% free, 33MB/49MB, paused 153us total 35.856ms
08-04 02:35:29.004  5662  6047 I art     : Starting a blocking GC Explicit
08-04 02:35:29.038  5662  6047 I art     : Explicit concurrent mark sweep GC freed 3(96B) AllocSpace objects, 0(0B) LOS objects, 32% free, 33MB/49MB, paused 146us total 34.551ms
08-04 02:35:29.052  5662  6047 I art     : Starting a blocking GC Explicit
08-04 02:35:29.084  5662  6047 I art     : Explicit concurrent mark sweep GC freed 3(96B) AllocSpace objects, 0(0B) LOS objects, 32% free, 33MB/49MB, paused 147us total 31.832ms
08-04 02:35:29.329  5662  5673 I art     : Starting a blocking GC Explicit
08-04 02:35:29.357  6085  6085 D AndroidRuntime: >>>>>> START com.android.internal.os.RuntimeInit uid 2000 <<<<<<
08-04 02:35:29.361  6085  6085 D AndroidRuntime: CheckJNI is OFF
08-04 02:35:29.365  5662  5673 I art     : Explicit concurrent mark sweep GC freed 1279(75KB) AllocSpace objects, 1(20KB) LOS objects, 32% free, 33MB/49MB, paused 161us total 36.449ms
08-04 02:35:29.381  5662  5673 I art     : Starting a blocking GC Explicit
08-04 02:35:29.391  6085  6085 D ICU     : No timezone override file found: /data/misc/zoneinfo/current/icu/icu_tzdata.dat
08-04 02:35:29.410  5662  5673 I art     : Explicit concurrent mark sweep GC freed 18(624B) AllocSpace objects, 0(0B) LOS objects, 32% free, 33MB/49MB, paused 141us total 29.546ms
08-04 02:35:29.414  6085  6085 I Radio-JNI: register_android_hardware_Radio DONE
08-04 02:35:29.421  5662  5673 I art     : Starting a blocking GC Explicit
08-04 02:35:29.431  6085  6085 D AndroidRuntime: Calling main entry com.android.commands.input.Input
08-04 02:35:29.433  6085  6085 I Input   : injectMotionEvent: MotionEvent { action=ACTION_DOWN, actionButton=0, id[0]=0, x[0]=1197.0, y[0]=1456.0, toolType[0]=TOOL_TYPE_UNKNOWN, buttonState=0, metaState=0, flags=0x0, edgeFlags=0x0, pointerCount=1, historySize=0, eventTime=671745846, downTime=671745846, deviceId=0, source=0x1002 }
08-04 02:35:29.440  6085  6085 I Input   : injectMotionEvent: MotionEvent { action=ACTION_UP, actionButton=0, id[0]=0, x[0]=1197.0, y[0]=1456.0, toolType[0]=TOOL_TYPE_UNKNOWN, buttonState=0, metaState=0, flags=0x0, edgeFlags=0x0, pointerCount=1, historySize=0, eventTime=671745846, downTime=671745846, deviceId=0, source=0x1002 }
08-04 02:35:29.441  6085  6085 D AndroidRuntime: Shutting down VM
08-04 02:35:29.453  5662  5673 I art     : Explicit concurrent mark sweep GC freed 7(224B) AllocSpace objects, 0(0B) LOS objects, 32% free, 33MB/49MB, paused 235us total 31.827ms
08-04 02:35:29.461   512  2967 D audio_hw_primary: out_set_parameters: enter: usecase(1: low-latency-playback) kvpairs: routing=2
08-04 02:35:29.466  5662  5673 I art     : Starting a blocking GC Explicit
08-04 02:35:29.472  5662  5662 I SettingsManager: Setting string: savedCourse
08-04 02:35:29.474   512  2967 D audio_hw_primary: select_devices: out_snd_device(2: speaker) in_snd_device(0: none)
08-04 02:35:29.474   512  2967 D msm8974_platform: platform_send_audio_calibration: sending audio calibration for snd_device(2) acdb_id(15)
08-04 02:35:29.474   512  2967 I soundtrigger: audio_extn_sound_trigger_update_device_status: device 0x2 of type 0 for Event 1
08-04 02:35:29.481   918  4400 W BackupManagerService: dataChanged but no participant pkg='baseline.com.ak.uobtimetable' uid=10659
08-04 02:35:29.481   918  6029 I ActivityManager: START u0 {flg=0x4000000 cmp=baseline.com.ak.uobtimetable/.MainActivity (has extras)} from uid 10659 on display 0
08-04 02:35:29.485   512  2967 D audio_hw_primary: enable_snd_device: snd_device(2: speaker)
08-04 02:35:29.487   512  2967 D audio_hw_primary: enable_audio_route: apply and update mixer path: low-latency-playback speaker
08-04 02:35:29.494   918  6110 W InputMethodManagerService: Focus gain on non-focused client com.android.internal.view.IInputMethodClient$Stub$Proxy@f5bb67d (uid=10659 pid=5662)
08-04 02:35:29.502  5662  5673 I art     : Explicit concurrent mark sweep GC freed 2552(122KB) AllocSpace objects, 1(20KB) LOS objects, 32% free, 33MB/49MB, paused 191us total 35.460ms
08-04 02:35:29.509  5662  5662 D MainActivity: OnDestroy
08-04 02:35:29.515  5662  5673 I art     : Starting a blocking GC Explicit
08-04 02:35:29.527  5662  5662 D MainActivity: onCreate
08-04 02:35:29.527  5662  5662 I SettingsManager: Getting string: savedSessions
08-04 02:35:29.527  5662  5662 I Settings: No saved sessions
08-04 02:35:29.551  5662  5673 I art     : Explicit concurrent mark sweep GC freed 850(54KB) AllocSpace objects, 0(0B) LOS objects, 31% free, 35MB/51MB, paused 268us total 35.658ms
08-04 02:35:29.552  5662  5662 I SettingsManager: Getting string: savedCourse
08-04 02:35:29.553  5662  5662 D MainActivity: sessionListFragmentArg: updateSessions
08-04 02:35:29.553  5662  5662 D MainActivity: showTermDatesConfigChange: false
08-04 02:35:29.553  5662  5662 D MainActivity: showTermDatesShortcut: false
08-04 02:35:29.555  5662  5662 D MainActivity: Setting initial fragment: SessionListsFragment
08-04 02:35:29.558  5662  5662 I SettingsManager: Getting int: launchCount
08-04 02:35:29.562  5662  5662 D SessionListsFragment: onCreateView
08-04 02:35:29.571  5662  5662 I SettingsManager: Getting string: savedCourse
08-04 02:35:29.573  5662  5662 I SettingsManager: Getting string: savedSessions
08-04 02:35:29.573  5662  5662 D SessionListsFragment: loadArgument: updateSessions
08-04 02:35:29.573  5662  5662 D SessionListsFragment: initialIndex: -1
08-04 02:35:29.575  5662  6109 D HTTP    : Request for: https://uob-timetable-api.adriankeenan.co.uk/sessions?dept=BD002&course=CFIEFAAF%2F02AA%2F0%2FFT&level=ALL+Courses
08-04 02:35:29.577  5662  5662 I WebViewFactory: Loading com.google.android.webview version 84.0.4147.89 (code 414708953)
08-04 02:35:29.634  5662  5662 I cr_LibraryLoader: Loaded native library version number "84.0.4147.89"
08-04 02:35:29.634  5662  5662 I cr_CachingUmaRecorder: Flushed 5 samples from 5 histograms.
08-04 02:35:29.661  5662  5662 E chromium: [ERROR:filesystem_posix.cc(62)] mkdir /data/user/0/baseline.com.ak.uobtimetable/cache/WebView/Crashpad: No such file or directory (2)
08-04 02:35:29.731   918  3714 D ConnectivityService: listenForNetwork for Listen from uid/pid:10659/5662 for NetworkRequest [ id=2551, legacyType=-1, [ Capabilities: INTERNET&NOT_RESTRICTED&TRUSTED] ]
08-04 02:35:29.760  5662  6130 W cr_media: Requires BLUETOOTH permission
08-04 02:35:29.773  5662  6147 E libEGL  : validate_display:255 error 3008 (EGL_BAD_DISPLAY)
08-04 02:35:29.775  5662  5662 D TermDatesFragment: WebView loaded
08-04 02:35:29.775  5662  5662 D MainActivity: OnResume
08-04 02:35:29.795  5662  5684 I art     : Starting a blocking GC Explicit
08-04 02:35:29.810  5662  6109 I NAPPA_EXPERIMENTATION: MetricNetworkRequestExecutionTime: REQUEST_DURATION_SYSTEM='232',REQUEST_DURATION_OKHTTP='31',REQUEST_SYNCHRONOUS='TRUE',RESPONSE_CODE='200',RESPONSE_METHOD='GET',RESPONSE_LENGTH_OKHTTP='-1',RESPONSE_LENGTH_HEADER='867',REQUEST_PROTOCOL='http/1.1',REQUEST_URL='https://uob-timetable-api.adriankeenan.co.uk/sessions?dept=BD002&course=CFIEFAAF%2F02AA%2F0%2FFT&level=ALL+Courses',
08-04 02:35:29.846  5662  5684 I art     : Explicit concurrent mark sweep GC freed 18408(1372KB) AllocSpace objects, 10(1696KB) LOS objects, 31% free, 35MB/51MB, paused 803us total 51.006ms
08-04 02:35:29.850  5662  6109 I HTTP    : Response was compressed.
08-04 02:35:29.858  5662  5684 I art     : Starting a blocking GC Explicit
08-04 02:35:29.863  5662  5662 I TermDatesFragment: Webview load %: 10
08-04 02:35:29.868  5662  6109 I Service : getSessions response time: 1.12
08-04 02:35:29.893 13866 13866 I GoogleInputMethodServic: GoogleInputMethodService.onFinishInput():3138 
08-04 02:35:29.893   918   936 I ActivityManager: Displayed baseline.com.ak.uobtimetable/.MainActivity: +387ms
08-04 02:35:29.893 13866 13866 I GoogleInputMethodServic: GoogleInputMethodService.onStartInput():1808 
08-04 02:35:29.895  5662  5684 I art     : Explicit concurrent mark sweep GC freed 9159(552KB) AllocSpace objects, 4(112KB) LOS objects, 31% free, 34MB/50MB, paused 309us total 35.849ms
08-04 02:35:29.904  5662  5662 I SettingsManager: Getting string: savedSessions
08-04 02:35:29.907  5662  5684 I art     : Starting a blocking GC Explicit
08-04 02:35:29.912  5662  5662 I SettingsManager: Setting string: savedSessions
08-04 02:35:29.917   918  6111 W BackupManagerService: dataChanged but no participant pkg='baseline.com.ak.uobtimetable' uid=10659
08-04 02:35:29.918  5662  5662 I SettingsManager: Setting date: savedSessionsTime
08-04 02:35:29.924   918  3961 W BackupManagerService: dataChanged but no participant pkg='baseline.com.ak.uobtimetable' uid=10659
08-04 02:35:29.925  5662  5662 I SettingsManager: Setting string: savedSessionsCourseName
08-04 02:35:29.929   918  6112 W BackupManagerService: dataChanged but no participant pkg='baseline.com.ak.uobtimetable' uid=10659
08-04 02:35:29.929  5662  5662 I SettingsManager: Setting string: savedSessionsDateRange
08-04 02:35:29.933   918   929 W BackupManagerService: dataChanged but no participant pkg='baseline.com.ak.uobtimetable' uid=10659
08-04 02:35:29.933  5662  5662 I SettingsManager: Setting string: timetableUrl
08-04 02:35:29.940   918  5132 W BackupManagerService: dataChanged but no participant pkg='baseline.com.ak.uobtimetable' uid=10659
08-04 02:35:29.941  5662  5662 I SettingsManager: Getting boolean: notifySessionRemindersEnabled
08-04 02:35:29.941  5662  5662 I SettingsManager: Getting int: notifySessionRemindersMinutes
08-04 02:35:29.941  5662  5662 I SettingsManager: Getting boolean: showHiddenSessions
08-04 02:35:29.942  5662  5684 I art     : Explicit concurrent mark sweep GC freed 5401(340KB) AllocSpace objects, 5(100KB) LOS objects, 31% free, 34MB/50MB, paused 345us total 34.345ms
08-04 02:35:29.954  5662  5684 I art     : Starting a blocking GC Explicit
08-04 02:35:29.967  5662  5662 I SessionReminderNotifier: Created session reminder alarm for f7b4771250a919bd729c1c5a4a459c77 at Mon 08:30:00 10/08/20
08-04 02:35:29.968  5662  5662 I SessionReminderNotifier: Created session reminder alarm for a7f879aabdeb78622c8820a5fb7b64cd at Tue 08:30:00 04/08/20
08-04 02:35:29.969  5662  5662 I SessionReminderNotifier: Created session reminder alarm for 7bc8d7e2c2055711f597c3d9078c6ea3 at Tue 08:30:00 04/08/20
08-04 02:35:29.970  5662  5662 I SessionReminderNotifier: Created session reminder alarm for e0fc978b5db8218778540b4053344581 at Tue 11:00:00 04/08/20
08-04 02:35:29.971  5662  5662 I SessionReminderNotifier: Created session reminder alarm for 21712fef61090882c855a1425543edb5 at Tue 13:30:00 04/08/20
08-04 02:35:29.972  5662  5662 I SessionReminderNotifier: Created session reminder alarm for 65ca4d97f031f29a4d02bbb45a705d8f at Wed 08:30:00 05/08/20
08-04 02:35:29.973  5662  5662 I SessionReminderNotifier: Created session reminder alarm for eeda7741b0bcab58fd9f46dc6ef1d942 at Wed 08:30:00 05/08/20
08-04 02:35:29.974  5662  5662 I SessionReminderNotifier: Created session reminder alarm for c276c1b2075a0beb67f1b3d1e580f920 at Wed 11:00:00 05/08/20
08-04 02:35:29.976  5662  5662 I SessionReminderNotifier: Created session reminder alarm for 79fe0b5c3b887a13ba29db5a33fa2800 at Thu 08:30:00 06/08/20
08-04 02:35:29.978  5662  5662 I SessionReminderNotifier: Created session reminder alarm for 2ba1034116e4fffdd592dbf0796a43d5 at Fri 08:30:00 07/08/20
08-04 02:35:29.978  5662  5662 I SettingsManager: Getting boolean: showHiddenSessions
08-04 02:35:29.978  5662  5662 D SessionListsFragment: 1 sessions for day 0
08-04 02:35:29.978  5662  5662 D SessionListsFragment: 4 sessions for day 1
08-04 02:35:29.978  5662  5662 D SessionListsFragment: 3 sessions for day 2
08-04 02:35:29.978  5662  5662 D SessionListsFragment: 1 sessions for day 3
08-04 02:35:29.978  5662  5662 D SessionListsFragment: 1 sessions for day 4
08-04 02:35:29.994  5662  5684 I art     : Explicit concurrent mark sweep GC freed 4543(213KB) AllocSpace objects, 0(0B) LOS objects, 31% free, 35MB/51MB, paused 821us total 39.434ms
08-04 02:35:30.006  5662  5684 I art     : Starting a blocking GC Explicit
08-04 02:35:30.019  5662  5662 I SettingsManager: Getting boolean: showHiddenSessions
08-04 02:35:30.019  5662  5662 D SessionListsFragment: Refreshed ViewPager
08-04 02:35:30.019  5662  5662 I SettingsManager: Getting boolean: showHiddenSessions
08-04 02:35:30.020  5662  5662 I SettingsManager: Getting boolean: completedTutorial
08-04 02:35:30.029   512  2967 D audio_hw_primary: disable_audio_route: reset and update mixer path: low-latency-playback speaker
08-04 02:35:30.029   512  2967 D audio_hw_primary: disable_snd_device: snd_device(2: speaker)
08-04 02:35:30.031  5662  5662 I SettingsManager: Getting boolean: showHiddenSessions
08-04 02:35:30.031  5662  5662 I SettingsManager: Getting date: savedSessionsTime
08-04 02:35:30.037   512  2967 I soundtrigger: audio_extn_sound_trigger_update_device_status: device 0x2 of type 0 for Event 0
08-04 02:35:30.047  5662  5684 I art     : Explicit concurrent mark sweep GC freed 4161(313KB) AllocSpace objects, 0(0B) LOS objects, 30% free, 35MB/51MB, paused 877us total 40.924ms
08-04 02:35:30.127   918   927 I art     : Background partial concurrent mark sweep GC freed 98477(9MB) AllocSpace objects, 85(1812KB) LOS objects, 18% free, 68MB/84MB, paused 1.177ms total 151.965ms
08-04 02:35:30.317  5662  5676 I art     : Starting a blocking GC Explicit
08-04 02:35:30.382  5662  5676 I art     : Explicit concurrent mark sweep GC freed 170322(6MB) AllocSpace objects, 4(220KB) LOS objects, 30% free, 37MB/53MB, paused 415us total 64.978ms
08-04 02:35:30.398  5662  5676 I art     : Starting a blocking GC Explicit
08-04 02:35:30.439  5662  5676 I art     : Explicit concurrent mark sweep GC freed 5003(512KB) AllocSpace objects, 0(0B) LOS objects, 30% free, 36MB/52MB, paused 281us total 41.148ms
08-04 02:35:30.452  5662  5676 I art     : Starting a blocking GC Explicit
08-04 02:35:30.470  5662  5662 I TermDatesFragment: Webview load %: 70
08-04 02:35:30.493  5662  5662 I TermDatesFragment: Webview load %: 100
08-04 02:35:30.493  5662  5676 I art     : Explicit concurrent mark sweep GC freed 386(19KB) AllocSpace objects, 0(0B) LOS objects, 30% free, 36MB/52MB, paused 352us total 41.004ms
08-04 02:35:30.493  5662  5662 I TermDatesFragment: Webview load %: 100
08-04 02:35:30.507  5662  5676 I art     : Starting a blocking GC Explicit
08-04 02:35:30.550  5662  5676 I art     : Explicit concurrent mark sweep GC freed 116(6KB) AllocSpace objects, 0(0B) LOS objects, 30% free, 36MB/52MB, paused 226us total 42.243ms
08-04 02:35:30.563  5662  5676 I art     : Starting a blocking GC Explicit
08-04 02:35:30.605  5662  5676 I art     : Explicit concurrent mark sweep GC freed 23(896B) AllocSpace objects, 0(0B) LOS objects, 30% free, 36MB/52MB, paused 229us total 41.653ms
08-04 02:35:30.894  5662  5676 I art     : Starting a blocking GC Explicit
08-04 02:35:30.950  5662  5676 I art     : Explicit concurrent mark sweep GC freed 1609(90KB) AllocSpace objects, 1(20KB) LOS objects, 30% free, 36MB/52MB, paused 264us total 56.385ms
08-04 02:35:30.965  5662  5676 I art     : Starting a blocking GC Explicit
08-04 02:35:31.001  5662  5676 I art     : Explicit concurrent mark sweep GC freed 121444(11MB) AllocSpace objects, 3(136KB) LOS objects, 38% free, 25MB/41MB, paused 232us total 35.977ms
08-04 02:35:31.010  5662  5676 I art     : Starting a blocking GC Explicit
08-04 02:35:31.032  5662  5676 I art     : Explicit concurrent mark sweep GC freed 3(96B) AllocSpace objects, 0(0B) LOS objects, 38% free, 25MB/41MB, paused 219us total 21.307ms
08-04 02:35:31.040  5662  5676 I art     : Starting a blocking GC Explicit
08-04 02:35:31.061  5662  5676 I art     : Explicit concurrent mark sweep GC freed 3(96B) AllocSpace objects, 0(0B) LOS objects, 38% free, 25MB/41MB, paused 233us total 21.251ms
08-04 02:35:31.071  5662  5676 I art     : Starting a blocking GC Explicit
08-04 02:35:31.094  5662  5676 I art     : Explicit concurrent mark sweep GC freed 3(96B) AllocSpace objects, 0(0B) LOS objects, 38% free, 25MB/41MB, paused 232us total 23.735ms
08-04 02:35:31.408  5662  5673 I art     : Starting a blocking GC Explicit
08-04 02:35:31.445  5662  5673 I art     : Explicit concurrent mark sweep GC freed 1294(75KB) AllocSpace objects, 1(20KB) LOS objects, 38% free, 25MB/41MB, paused 265us total 36.851ms
08-04 02:35:31.459  5662  5673 I art     : Starting a blocking GC Explicit
08-04 02:35:31.484  5662  5673 I art     : Explicit concurrent mark sweep GC freed 18(624B) AllocSpace objects, 0(0B) LOS objects, 38% free, 25MB/41MB, paused 276us total 24.804ms
08-04 02:35:31.494  5662  5673 I art     : Starting a blocking GC Explicit
08-04 02:35:31.519  5662  5673 I art     : Explicit concurrent mark sweep GC freed 3(96B) AllocSpace objects, 0(0B) LOS objects, 38% free, 25MB/41MB, paused 226us total 24.410ms
08-04 02:35:31.528  5662  5673 I art     : Starting a blocking GC Explicit
08-04 02:35:31.552  5662  5673 I art     : Explicit concurrent mark sweep GC freed 3(96B) AllocSpace objects, 0(0B) LOS objects, 38% free, 25MB/41MB, paused 226us total 23.615ms
08-04 02:35:31.561  5662  5673 I art     : Starting a blocking GC Explicit
08-04 02:35:31.585  5662  5673 I art     : Explicit concurrent mark sweep GC freed 3(96B) AllocSpace objects, 0(0B) LOS objects, 38% free, 25MB/41MB, paused 234us total 24.089ms
08-04 02:35:31.877   518   646 I ThermalEngine: ACTION: GPU - Setting GPU[0] to 510000000
08-04 02:35:31.898  5662  5676 I art     : Starting a blocking GC Explicit
08-04 02:35:31.932  5662  5676 I art     : Explicit concurrent mark sweep GC freed 1445(80KB) AllocSpace objects, 1(20KB) LOS objects, 38% free, 25MB/41MB, paused 301us total 34.338ms
08-04 02:35:31.944  5662  5676 I art     : Starting a blocking GC Explicit
08-04 02:35:31.973  5662  5676 I art     : Explicit concurrent mark sweep GC freed 21(736B) AllocSpace objects, 0(0B) LOS objects, 38% free, 25MB/41MB, paused 311us total 29.092ms
08-04 02:35:31.988  5662  5676 I art     : Starting a blocking GC Explicit
08-04 02:35:32.022  5662  5676 I art     : Explicit concurrent mark sweep GC freed 9(288B) AllocSpace objects, 0(0B) LOS objects, 38% free, 25MB/41MB, paused 320us total 33.460ms
08-04 02:35:32.034  5662  5676 I art     : Starting a blocking GC Explicit
08-04 02:35:32.064  5662  5676 I art     : Explicit concurrent mark sweep GC freed 8(256B) AllocSpace objects, 0(0B) LOS objects, 38% free, 25MB/41MB, paused 293us total 30.294ms
08-04 02:35:32.078  5662  5676 I art     : Starting a blocking GC Explicit
08-04 02:35:32.111  5662  5676 I art     : Explicit concurrent mark sweep GC freed 9(288B) AllocSpace objects, 0(0B) LOS objects, 38% free, 25MB/41MB, paused 854us total 32.687ms
08-04 02:35:32.454  5662  5676 I art     : Starting a blocking GC Explicit
08-04 02:35:32.492  5662  5676 I art     : Explicit concurrent mark sweep GC freed 1305(76KB) AllocSpace objects, 1(20KB) LOS objects, 38% free, 25MB/41MB, paused 315us total 38.205ms
08-04 02:35:32.504  5662  5676 I art     : Starting a blocking GC Explicit
08-04 02:35:32.535  5662  5676 I art     : Explicit concurrent mark sweep GC freed 18(624B) AllocSpace objects, 0(0B) LOS objects, 38% free, 25MB/41MB, paused 312us total 30.598ms
08-04 02:35:32.547  5662  5676 I art     : Starting a blocking GC Explicit
08-04 02:35:32.576  5662  5676 I art     : Explicit concurrent mark sweep GC freed 3(96B) AllocSpace objects, 0(0B) LOS objects, 38% free, 25MB/41MB, paused 309us total 29.122ms
08-04 02:35:32.588  5662  5676 I art     : Starting a blocking GC Explicit
08-04 02:35:32.618  5662  5676 I art     : Explicit concurrent mark sweep GC freed 3(96B) AllocSpace objects, 0(0B) LOS objects, 38% free, 25MB/41MB, paused 312us total 29.924ms
08-04 02:35:32.630  5662  5676 I art     : Starting a blocking GC Explicit
08-04 02:35:32.659  5662  5676 I art     : Explicit concurrent mark sweep GC freed 3(96B) AllocSpace objects, 0(0B) LOS objects, 38% free, 25MB/41MB, paused 308us total 29.357ms
08-04 02:35:32.991  5662  5684 I art     : Starting a blocking GC Explicit
08-04 02:35:33.034  5662  5684 I art     : Explicit concurrent mark sweep GC freed 1293(75KB) AllocSpace objects, 1(20KB) LOS objects, 38% free, 25MB/41MB, paused 349us total 43.194ms
08-04 02:35:33.046  5662  5684 I art     : Starting a blocking GC Explicit
08-04 02:35:33.076  5662  5684 I art     : Explicit concurrent mark sweep GC freed 18(624B) AllocSpace objects, 0(0B) LOS objects, 38% free, 25MB/41MB, paused 302us total 29.784ms
08-04 02:35:33.088  5662  5684 I art     : Starting a blocking GC Explicit
08-04 02:35:33.117  5662  5684 I art     : Explicit concurrent mark sweep GC freed 3(96B) AllocSpace objects, 0(0B) LOS objects, 38% free, 25MB/41MB, paused 399us total 29.284ms
08-04 02:35:33.129  5662  5684 I art     : Starting a blocking GC Explicit
08-04 02:35:33.159  5662  5684 I art     : Explicit concurrent mark sweep GC freed 3(96B) AllocSpace objects, 0(0B) LOS objects, 38% free, 25MB/41MB, paused 299us total 29.891ms
08-04 02:35:33.171  5662  5684 I art     : Starting a blocking GC Explicit
08-04 02:35:33.202  5662  5684 I art     : Explicit concurrent mark sweep GC freed 3(96B) AllocSpace objects, 0(0B) LOS objects, 38% free, 25MB/41MB, paused 314us total 30.806ms
08-04 02:35:33.553  5662  6047 I art     : Starting a blocking GC Explicit
08-04 02:35:33.593  5662  6047 I art     : Explicit concurrent mark sweep GC freed 1311(76KB) AllocSpace objects, 1(20KB) LOS objects, 38% free, 25MB/41MB, paused 327us total 39.493ms
08-04 02:35:33.605  5662  6047 I art     : Starting a blocking GC Explicit
08-04 02:35:33.634  5662  6047 I art     : Explicit concurrent mark sweep GC freed 20(656B) AllocSpace objects, 0(0B) LOS objects, 38% free, 25MB/41MB, paused 294us total 28.097ms
08-04 02:35:33.646  5662  6047 I art     : Starting a blocking GC Explicit
08-04 02:35:33.678  5662  6047 I art     : Explicit concurrent mark sweep GC freed 29(1136B) AllocSpace objects, 0(0B) LOS objects, 38% free, 25MB/41MB, paused 288us total 31.823ms
08-04 02:35:33.692  5662  6047 I art     : Starting a blocking GC Explicit
08-04 02:35:33.721  5662  6047 I art     : Explicit concurrent mark sweep GC freed 5(128B) AllocSpace objects, 0(0B) LOS objects, 38% free, 25MB/41MB, paused 300us total 28.622ms
08-04 02:35:33.732  5662  6047 I art     : Starting a blocking GC Explicit
08-04 02:35:33.761  5662  6047 I art     : Explicit concurrent mark sweep GC freed 58(1968B) AllocSpace objects, 0(0B) LOS objects, 38% free, 25MB/41MB, paused 300us total 28.043ms
08-04 02:35:34.093  5662  5676 I art     : Starting a blocking GC Explicit
08-04 02:35:34.119  6263  6263 D AndroidRuntime: >>>>>> START com.android.internal.os.RuntimeInit uid 2000 <<<<<<
08-04 02:35:34.124  6263  6263 D AndroidRuntime: CheckJNI is OFF
08-04 02:35:34.128  5662  5676 I art     : Explicit concurrent mark sweep GC freed 1440(85KB) AllocSpace objects, 1(20KB) LOS objects, 38% free, 25MB/41MB, paused 328us total 34.483ms
08-04 02:35:34.140  5662  5676 I art     : Starting a blocking GC Explicit
08-04 02:35:34.158  6263  6263 D ICU     : No timezone override file found: /data/misc/zoneinfo/current/icu/icu_tzdata.dat
08-04 02:35:34.166  5662  5676 I art     : Explicit concurrent mark sweep GC freed 18(624B) AllocSpace objects, 0(0B) LOS objects, 38% free, 25MB/41MB, paused 327us total 26.147ms
08-04 02:35:34.177  5662  5676 I art     : Starting a blocking GC Explicit
08-04 02:35:34.195  6263  6263 I Radio-JNI: register_android_hardware_Radio DONE
08-04 02:35:34.205  5662  5676 I art     : Explicit concurrent mark sweep GC freed 3(96B) AllocSpace objects, 0(0B) LOS objects, 38% free, 25MB/41MB, paused 352us total 27.753ms
08-04 02:35:34.216  5662  5676 I art     : Starting a blocking GC Explicit
08-04 02:35:34.217  6263  6263 D AndroidRuntime: Calling main entry com.android.commands.input.Input
08-04 02:35:34.219  6263  6263 I Input   : injectMotionEvent: MotionEvent { action=ACTION_DOWN, actionButton=0, id[0]=0, x[0]=1215.0, y[0]=1450.0, toolType[0]=TOOL_TYPE_UNKNOWN, buttonState=0, metaState=0, flags=0x0, edgeFlags=0x0, pointerCount=1, historySize=0, eventTime=671750632, downTime=671750632, deviceId=0, source=0x1002 }
08-04 02:35:34.225  6263  6263 I Input   : injectMotionEvent: MotionEvent { action=ACTION_UP, actionButton=0, id[0]=0, x[0]=1215.0, y[0]=1450.0, toolType[0]=TOOL_TYPE_UNKNOWN, buttonState=0, metaState=0, flags=0x0, edgeFlags=0x0, pointerCount=1, historySize=0, eventTime=671750632, downTime=671750632, deviceId=0, source=0x1002 }
08-04 02:35:34.226  6263  6263 D AndroidRuntime: Shutting down VM
08-04 02:35:34.245  5662  5676 I art     : Explicit concurrent mark sweep GC freed 8(368B) AllocSpace objects, 0(0B) LOS objects, 38% free, 25MB/41MB, paused 344us total 29.192ms
08-04 02:35:34.248   512  2967 D audio_hw_primary: out_set_parameters: enter: usecase(1: low-latency-playback) kvpairs: routing=2
08-04 02:35:34.257  5662  5676 I art     : Starting a blocking GC Explicit
08-04 02:35:34.261   512  2967 D audio_hw_primary: select_devices: out_snd_device(2: speaker) in_snd_device(0: none)
08-04 02:35:34.261   512  2967 D msm8974_platform: platform_send_audio_calibration: sending audio calibration for snd_device(2) acdb_id(15)
08-04 02:35:34.262   512  2967 I soundtrigger: audio_extn_sound_trigger_update_device_status: device 0x2 of type 0 for Event 1
08-04 02:35:34.275   512  2967 D audio_hw_primary: enable_snd_device: snd_device(2: speaker)
08-04 02:35:34.277   512  2967 D audio_hw_primary: enable_audio_route: apply and update mixer path: low-latency-playback speaker
08-04 02:35:34.286  5662  5676 I art     : Explicit concurrent mark sweep GC freed 329(30KB) AllocSpace objects, 0(0B) LOS objects, 38% free, 25MB/41MB, paused 349us total 28.044ms
08-04 02:35:34.292   918  3261 D WifiStateMachine: starting scan for "H369AA63323"WPA_PSK with 2412,5180
08-04 02:35:34.565  5662  6047 I art     : Starting a blocking GC Explicit
08-04 02:35:34.597  5662  6047 I art     : Explicit concurrent mark sweep GC freed 1595(93KB) AllocSpace objects, 1(20KB) LOS objects, 38% free, 25MB/41MB, paused 336us total 31.370ms
08-04 02:35:34.609  5662  6047 I art     : Starting a blocking GC Explicit
08-04 02:35:34.639  5662  6047 I art     : Explicit concurrent mark sweep GC freed 826(60KB) AllocSpace objects, 1(40KB) LOS objects, 38% free, 25MB/41MB, paused 326us total 30.123ms
08-04 02:35:34.651  5662  6047 I art     : Starting a blocking GC Explicit
08-04 02:35:34.680  5662  6047 I art     : Explicit concurrent mark sweep GC freed 3(96B) AllocSpace objects, 0(0B) LOS objects, 38% free, 25MB/41MB, paused 322us total 29.389ms
08-04 02:35:34.692  5662  6047 I art     : Starting a blocking GC Explicit
08-04 02:35:34.722  5662  6047 I art     : Explicit concurrent mark sweep GC freed 3(96B) AllocSpace objects, 0(0B) LOS objects, 38% free, 25MB/41MB, paused 334us total 29.874ms
08-04 02:35:34.733  5662  6047 I art     : Starting a blocking GC Explicit
08-04 02:35:34.763  5662  6047 I art     : Explicit concurrent mark sweep GC freed 3(96B) AllocSpace objects, 0(0B) LOS objects, 38% free, 25MB/41MB, paused 312us total 29.445ms
08-04 02:35:34.820   512  2967 D audio_hw_primary: disable_audio_route: reset and update mixer path: low-latency-playback speaker
08-04 02:35:34.822   512  2967 D audio_hw_primary: disable_snd_device: snd_device(2: speaker)
08-04 02:35:34.829   512  2967 I soundtrigger: audio_extn_sound_trigger_update_device_status: device 0x2 of type 0 for Event 0
08-04 02:35:35.070  5662  5676 I art     : Starting a blocking GC Explicit
08-04 02:35:35.115  5662  5676 I art     : Explicit concurrent mark sweep GC freed 1293(75KB) AllocSpace objects, 1(20KB) LOS objects, 38% free, 25MB/41MB, paused 350us total 43.699ms
08-04 02:35:35.129  5662  5676 I art     : Starting a blocking GC Explicit
08-04 02:35:35.159  5662  5676 I art     : Explicit concurrent mark sweep GC freed 20(704B) AllocSpace objects, 0(0B) LOS objects, 38% free, 25MB/41MB, paused 310us total 30.030ms
08-04 02:35:35.171  5662  5676 I art     : Starting a blocking GC Explicit
08-04 02:35:35.201  5662  5676 I art     : Explicit concurrent mark sweep GC freed 3(96B) AllocSpace objects, 0(0B) LOS objects, 38% free, 25MB/41MB, paused 317us total 29.807ms
08-04 02:35:35.213  5662  5676 I art     : Starting a blocking GC Explicit
08-04 02:35:35.243  5662  5676 I art     : Explicit concurrent mark sweep GC freed 3(96B) AllocSpace objects, 0(0B) LOS objects, 38% free, 25MB/41MB, paused 305us total 29.962ms
08-04 02:35:35.255  5662  5676 I art     : Starting a blocking GC Explicit
08-04 02:35:35.285  5662  5676 I art     : Explicit concurrent mark sweep GC freed 3(96B) AllocSpace objects, 0(0B) LOS objects, 38% free, 25MB/41MB, paused 318us total 30.199ms
08-04 02:35:35.564  5662  5684 I art     : Starting a blocking GC Explicit
08-04 02:35:35.594  5662  5684 I art     : Explicit concurrent mark sweep GC freed 1293(75KB) AllocSpace objects, 1(20KB) LOS objects, 38% free, 25MB/41MB, paused 331us total 30.211ms
08-04 02:35:35.606  5662  5684 I art     : Starting a blocking GC Explicit
08-04 02:35:35.637  5662  5684 I art     : Explicit concurrent mark sweep GC freed 18(624B) AllocSpace objects, 0(0B) LOS objects, 38% free, 25MB/41MB, paused 603us total 30.425ms
08-04 02:35:35.648  5662  5684 I art     : Starting a blocking GC Explicit
08-04 02:35:35.676  5662  5684 I art     : Explicit concurrent mark sweep GC freed 3(96B) AllocSpace objects, 0(0B) LOS objects, 38% free, 25MB/41MB, paused 328us total 27.975ms
08-04 02:35:35.687  5662  5684 I art     : Starting a blocking GC Explicit
08-04 02:35:35.715  5662  5684 I art     : Explicit concurrent mark sweep GC freed 3(96B) AllocSpace objects, 0(0B) LOS objects, 38% free, 25MB/41MB, paused 313us total 27.631ms
08-04 02:35:35.726  5662  5684 I art     : Starting a blocking GC Explicit
08-04 02:35:35.755  5662  5684 I art     : Explicit concurrent mark sweep GC freed 3(96B) AllocSpace objects, 0(0B) LOS objects, 38% free, 25MB/41MB, paused 318us total 28.885ms
08-04 02:35:35.895  6311  6311 D AndroidRuntime: >>>>>> START com.android.internal.os.RuntimeInit uid 2000 <<<<<<
08-04 02:35:35.901  6311  6311 D AndroidRuntime: CheckJNI is OFF
08-04 02:35:35.942  6311  6311 D ICU     : No timezone override file found: /data/misc/zoneinfo/current/icu/icu_tzdata.dat
08-04 02:35:35.978  6311  6311 I Radio-JNI: register_android_hardware_Radio DONE
08-04 02:35:36.000  6311  6311 D AndroidRuntime: Calling main entry com.android.commands.input.Input
08-04 02:35:36.002  6311  6311 I Input   : injectMotionEvent: MotionEvent { action=ACTION_DOWN, actionButton=0, id[0]=0, x[0]=1215.0, y[0]=1482.0, toolType[0]=TOOL_TYPE_UNKNOWN, buttonState=0, metaState=0, flags=0x0, edgeFlags=0x0, pointerCount=1, historySize=0, eventTime=671752414, downTime=671752414, deviceId=0, source=0x1002 }
08-04 02:35:36.013  6311  6311 I Input   : injectMotionEvent: MotionEvent { action=ACTION_UP, actionButton=0, id[0]=0, x[0]=1215.0, y[0]=1482.0, toolType[0]=TOOL_TYPE_UNKNOWN, buttonState=0, metaState=0, flags=0x0, edgeFlags=0x0, pointerCount=1, historySize=0, eventTime=671752414, downTime=671752414, deviceId=0, source=0x1002 }
08-04 02:35:36.016  6311  6311 D AndroidRuntime: Shutting down VM
08-04 02:35:36.029   512  2967 D audio_hw_primary: out_set_parameters: enter: usecase(1: low-latency-playback) kvpairs: routing=2
08-04 02:35:36.042   512  2967 D audio_hw_primary: select_devices: out_snd_device(2: speaker) in_snd_device(0: none)
08-04 02:35:36.042   512  2967 D msm8974_platform: platform_send_audio_calibration: sending audio calibration for snd_device(2) acdb_id(15)
08-04 02:35:36.043   512  2967 I soundtrigger: audio_extn_sound_trigger_update_device_status: device 0x2 of type 0 for Event 1
08-04 02:35:36.046  5662  5662 I SettingsManager: Setting boolean: completedTutorial
08-04 02:35:36.052   512  2967 D audio_hw_primary: enable_snd_device: snd_device(2: speaker)
08-04 02:35:36.053   918  6110 W BackupManagerService: dataChanged but no participant pkg='baseline.com.ak.uobtimetable' uid=10659
08-04 02:35:36.054   512  2967 D audio_hw_primary: enable_audio_route: apply and update mixer path: low-latency-playback speaker
08-04 02:35:36.079  5662  5676 I art     : Starting a blocking GC Explicit
08-04 02:35:36.086  5662  5678 D OpenGLRenderer: endAllStagingAnimators on 0x7f995fc800 (RippleDrawable) with handle 0x7f7a0a86c0
08-04 02:35:36.090   918  5481 W InputMethodManagerService: Window already focused, ignoring focus gain of: com.android.internal.view.IInputMethodClient$Stub$Proxy@525a82 attribute=null, token = android.os.BinderProxy@b025e46
08-04 02:35:36.108  5662  5676 I art     : Explicit concurrent mark sweep GC freed 1699(108KB) AllocSpace objects, 2(40KB) LOS objects, 38% free, 25MB/41MB, paused 406us total 29.010ms
08-04 02:35:36.120  5662  5676 I art     : Starting a blocking GC Explicit
08-04 02:35:36.146  5662  5676 I art     : Explicit concurrent mark sweep GC freed 190(8KB) AllocSpace objects, 0(0B) LOS objects, 38% free, 25MB/41MB, paused 293us total 26.620ms
08-04 02:35:36.158  5662  5676 I art     : Starting a blocking GC Explicit
08-04 02:35:36.187  5662  5676 I art     : Explicit concurrent mark sweep GC freed 887(62KB) AllocSpace objects, 1(40KB) LOS objects, 38% free, 25MB/41MB, paused 296us total 28.343ms
08-04 02:35:36.197  5662  5676 I art     : Starting a blocking GC Explicit
08-04 02:35:36.229  5662  5676 I art     : Explicit concurrent mark sweep GC freed 3(96B) AllocSpace objects, 0(0B) LOS objects, 38% free, 25MB/41MB, paused 418us total 31.320ms
08-04 02:35:36.244  5662  5676 I art     : Starting a blocking GC Explicit
08-04 02:35:36.276  5662  5676 I art     : Explicit concurrent mark sweep GC freed 3(96B) AllocSpace objects, 0(0B) LOS objects, 38% free, 25MB/41MB, paused 287us total 31.702ms
08-04 02:35:36.548  5662  5673 I art     : Starting a blocking GC Explicit
08-04 02:35:36.579  5662  5673 I art     : Explicit concurrent mark sweep GC freed 1293(75KB) AllocSpace objects, 1(20KB) LOS objects, 38% free, 25MB/41MB, paused 318us total 30.973ms
08-04 02:35:36.589   512  2967 D audio_hw_primary: disable_audio_route: reset and update mixer path: low-latency-playback speaker
08-04 02:35:36.591  5662  5673 I art     : Starting a blocking GC Explicit
08-04 02:35:36.591   512  2967 D audio_hw_primary: disable_snd_device: snd_device(2: speaker)
08-04 02:35:36.599   512  2967 I soundtrigger: audio_extn_sound_trigger_update_device_status: device 0x2 of type 0 for Event 0
08-04 02:35:36.620  5662  5673 I art     : Explicit concurrent mark sweep GC freed 18(624B) AllocSpace objects, 0(0B) LOS objects, 38% free, 25MB/41MB, paused 306us total 28.896ms
08-04 02:35:36.631  5662  5673 I art     : Starting a blocking GC Explicit
08-04 02:35:36.660  5662  5673 I art     : Explicit concurrent mark sweep GC freed 3(96B) AllocSpace objects, 0(0B) LOS objects, 38% free, 25MB/41MB, paused 306us total 29.218ms
08-04 02:35:36.672  5662  5673 I art     : Starting a blocking GC Explicit
08-04 02:35:36.701  5662  5673 I art     : Explicit concurrent mark sweep GC freed 3(96B) AllocSpace objects, 0(0B) LOS objects, 38% free, 25MB/41MB, paused 316us total 29.202ms
08-04 02:35:36.713  5662  5673 I art     : Starting a blocking GC Explicit
08-04 02:35:36.742  5662  5673 I art     : Explicit concurrent mark sweep GC freed 3(96B) AllocSpace objects, 0(0B) LOS objects, 38% free, 25MB/41MB, paused 308us total 29.352ms
08-04 02:35:37.048  5662  5684 I art     : Starting a blocking GC Explicit
08-04 02:35:37.087  5662  5684 I art     : Explicit concurrent mark sweep GC freed 1293(75KB) AllocSpace objects, 1(20KB) LOS objects, 38% free, 25MB/41MB, paused 344us total 38.062ms
08-04 02:35:37.103  5662  5684 I art     : Starting a blocking GC Explicit
08-04 02:35:37.133  5662  5684 I art     : Explicit concurrent mark sweep GC freed 18(624B) AllocSpace objects, 0(0B) LOS objects, 38% free, 25MB/41MB, paused 351us total 30.262ms
08-04 02:35:37.145  5662  5684 I art     : Starting a blocking GC Explicit
08-04 02:35:37.174  5662  5684 I art     : Explicit concurrent mark sweep GC freed 3(96B) AllocSpace objects, 0(0B) LOS objects, 38% free, 25MB/41MB, paused 312us total 29.160ms
08-04 02:35:37.185  5662  5684 I art     : Starting a blocking GC Explicit
08-04 02:35:37.215  5662  5684 I art     : Explicit concurrent mark sweep GC freed 3(96B) AllocSpace objects, 0(0B) LOS objects, 38% free, 25MB/41MB, paused 325us total 29.638ms
08-04 02:35:37.227  5662  5684 I art     : Starting a blocking GC Explicit
08-04 02:35:37.256  5662  5684 I art     : Explicit concurrent mark sweep GC freed 3(96B) AllocSpace objects, 0(0B) LOS objects, 38% free, 25MB/41MB, paused 295us total 28.611ms
08-04 02:35:37.535  5662  6047 I art     : Starting a blocking GC Explicit
08-04 02:35:37.566  5662  6047 I art     : Explicit concurrent mark sweep GC freed 1293(75KB) AllocSpace objects, 1(20KB) LOS objects, 38% free, 25MB/41MB, paused 355us total 30.555ms
08-04 02:35:37.578  5662  6047 I art     : Starting a blocking GC Explicit
08-04 02:35:37.607  5662  6047 I art     : Explicit concurrent mark sweep GC freed 18(624B) AllocSpace objects, 0(0B) LOS objects, 38% free, 25MB/41MB, paused 322us total 28.468ms
08-04 02:35:37.618  5662  6047 I art     : Starting a blocking GC Explicit
08-04 02:35:37.646  5662  6047 I art     : Explicit concurrent mark sweep GC freed 3(96B) AllocSpace objects, 0(0B) LOS objects, 38% free, 25MB/41MB, paused 319us total 27.897ms
08-04 02:35:37.657  5662  6047 I art     : Starting a blocking GC Explicit
08-04 02:35:37.669  6361  6361 D AndroidRuntime: >>>>>> START com.android.internal.os.RuntimeInit uid 2000 <<<<<<
08-04 02:35:37.674  6361  6361 D AndroidRuntime: CheckJNI is OFF
08-04 02:35:37.686  5662  6047 I art     : Explicit concurrent mark sweep GC freed 3(96B) AllocSpace objects, 0(0B) LOS objects, 38% free, 25MB/41MB, paused 367us total 28.911ms
08-04 02:35:37.697  5662  6047 I art     : Starting a blocking GC Explicit
08-04 02:35:37.711  6361  6361 D ICU     : No timezone override file found: /data/misc/zoneinfo/current/icu/icu_tzdata.dat
08-04 02:35:37.725  5662  6047 I art     : Explicit concurrent mark sweep GC freed 3(96B) AllocSpace objects, 0(0B) LOS objects, 38% free, 25MB/41MB, paused 334us total 27.945ms
08-04 02:35:37.747  6361  6361 I Radio-JNI: register_android_hardware_Radio DONE
08-04 02:35:37.769  6361  6361 D AndroidRuntime: Calling main entry com.android.commands.input.Input
08-04 02:35:37.770  6361  6361 I Input   : injectMotionEvent: MotionEvent { action=ACTION_DOWN, actionButton=0, id[0]=0, x[0]=81.0, y[0]=176.0, toolType[0]=TOOL_TYPE_UNKNOWN, buttonState=0, metaState=0, flags=0x0, edgeFlags=0x0, pointerCount=1, historySize=0, eventTime=671754183, downTime=671754183, deviceId=0, source=0x1002 }
08-04 02:35:37.775  6361  6361 I Input   : injectMotionEvent: MotionEvent { action=ACTION_UP, actionButton=0, id[0]=0, x[0]=81.0, y[0]=176.0, toolType[0]=TOOL_TYPE_UNKNOWN, buttonState=0, metaState=0, flags=0x0, edgeFlags=0x0, pointerCount=1, historySize=0, eventTime=671754183, downTime=671754183, deviceId=0, source=0x1002 }
08-04 02:35:37.776  6361  6361 D AndroidRuntime: Shutting down VM
08-04 02:35:37.779   512  2967 D audio_hw_primary: out_set_parameters: enter: usecase(1: low-latency-playback) kvpairs: routing=2
08-04 02:35:37.792   512  2967 D audio_hw_primary: select_devices: out_snd_device(2: speaker) in_snd_device(0: none)
08-04 02:35:37.792   512  2967 D msm8974_platform: platform_send_audio_calibration: sending audio calibration for snd_device(2) acdb_id(15)
08-04 02:35:37.792   512  2967 I soundtrigger: audio_extn_sound_trigger_update_device_status: device 0x2 of type 0 for Event 1
08-04 02:35:37.806   512  2967 D audio_hw_primary: enable_snd_device: snd_device(2: speaker)
08-04 02:35:37.808   512  2967 D audio_hw_primary: enable_audio_route: apply and update mixer path: low-latency-playback speaker
08-04 02:35:37.832 13866 13866 I GoogleInputMethodServic: GoogleInputMethodService.onFinishInput():3138 
08-04 02:35:37.833 13866 13866 I GoogleInputMethodServic: GoogleInputMethodService.onStartInput():1808 
08-04 02:35:37.986  5662  6047 I art     : Starting a blocking GC Explicit
08-04 02:35:38.017  5662  6047 I art     : Explicit concurrent mark sweep GC freed 1713(96KB) AllocSpace objects, 1(20KB) LOS objects, 38% free, 25MB/41MB, paused 420us total 31.335ms
08-04 02:35:38.030  5662  6047 I art     : Starting a blocking GC Explicit
08-04 02:35:38.056  5662  6047 I art     : Explicit concurrent mark sweep GC freed 34(1312B) AllocSpace objects, 0(0B) LOS objects, 38% free, 25MB/41MB, paused 306us total 26.748ms
08-04 02:35:38.067  5662  6047 I art     : Starting a blocking GC Explicit
08-04 02:35:38.093  5662  6047 I art     : Explicit concurrent mark sweep GC freed 3(96B) AllocSpace objects, 0(0B) LOS objects, 38% free, 25MB/41MB, paused 306us total 25.781ms
08-04 02:35:38.104  5662  6047 I art     : Starting a blocking GC Explicit
08-04 02:35:38.130  5662  6047 I art     : Explicit concurrent mark sweep GC freed 3(96B) AllocSpace objects, 0(0B) LOS objects, 38% free, 25MB/41MB, paused 277us total 26.295ms
08-04 02:35:38.141  5662  6047 I art     : Starting a blocking GC Explicit
08-04 02:35:38.167  5662  6047 I art     : Explicit concurrent mark sweep GC freed 3(96B) AllocSpace objects, 0(0B) LOS objects, 38% free, 25MB/41MB, paused 276us total 25.759ms
08-04 02:35:38.339   512  2967 D audio_hw_primary: disable_audio_route: reset and update mixer path: low-latency-playback speaker
08-04 02:35:38.340   512  2967 D audio_hw_primary: disable_snd_device: snd_device(2: speaker)
08-04 02:35:38.349   512  2967 I soundtrigger: audio_extn_sound_trigger_update_device_status: device 0x2 of type 0 for Event 0
08-04 02:35:38.452  5662  6047 I art     : Starting a blocking GC Explicit
08-04 02:35:38.483  5662  6047 I art     : Explicit concurrent mark sweep GC freed 1296(75KB) AllocSpace objects, 1(20KB) LOS objects, 38% free, 25MB/41MB, paused 322us total 30.150ms
08-04 02:35:38.494  5662  6047 I art     : Starting a blocking GC Explicit
08-04 02:35:38.523  5662  6047 I art     : Explicit concurrent mark sweep GC freed 22(752B) AllocSpace objects, 0(0B) LOS objects, 38% free, 25MB/41MB, paused 292us total 28.701ms
08-04 02:35:38.535  5662  6047 I art     : Starting a blocking GC Explicit
08-04 02:35:38.564  5662  6047 I art     : Explicit concurrent mark sweep GC freed 3(96B) AllocSpace objects, 0(0B) LOS objects, 38% free, 25MB/41MB, paused 314us total 28.905ms
08-04 02:35:38.575  5662  6047 I art     : Starting a blocking GC Explicit
08-04 02:35:38.604  5662  6047 I art     : Explicit concurrent mark sweep GC freed 3(96B) AllocSpace objects, 0(0B) LOS objects, 38% free, 25MB/41MB, paused 321us total 29.314ms
08-04 02:35:38.616  5662  6047 I art     : Starting a blocking GC Explicit
08-04 02:35:38.646  5662  6047 I art     : Explicit concurrent mark sweep GC freed 3(96B) AllocSpace objects, 0(0B) LOS objects, 38% free, 25MB/41MB, paused 330us total 29.675ms
08-04 02:35:38.950  5662  5673 I art     : Starting a blocking GC Explicit
08-04 02:35:38.989  5662  5673 I art     : Explicit concurrent mark sweep GC freed 1293(75KB) AllocSpace objects, 1(20KB) LOS objects, 38% free, 25MB/41MB, paused 473us total 38.362ms
08-04 02:35:39.002  5662  5673 I art     : Starting a blocking GC Explicit
08-04 02:35:39.029  5662  5673 I art     : Explicit concurrent mark sweep GC freed 18(624B) AllocSpace objects, 0(0B) LOS objects, 38% free, 25MB/41MB, paused 314us total 26.776ms
08-04 02:35:39.039  5662  5673 I art     : Starting a blocking GC Explicit
08-04 02:35:39.066  5662  5673 I art     : Explicit concurrent mark sweep GC freed 3(96B) AllocSpace objects, 0(0B) LOS objects, 38% free, 25MB/41MB, paused 319us total 26.719ms
08-04 02:35:39.077  5662  5673 I art     : Starting a blocking GC Explicit
08-04 02:35:39.105  5662  5673 I art     : Explicit concurrent mark sweep GC freed 3(96B) AllocSpace objects, 0(0B) LOS objects, 38% free, 25MB/41MB, paused 305us total 27.463ms
08-04 02:35:39.117  5662  5673 I art     : Starting a blocking GC Explicit
08-04 02:35:39.145  5662  5673 I art     : Explicit concurrent mark sweep GC freed 3(96B) AllocSpace objects, 0(0B) LOS objects, 38% free, 25MB/41MB, paused 317us total 28.136ms
08-04 02:35:39.424  6414  6414 D AndroidRuntime: >>>>>> START com.android.internal.os.RuntimeInit uid 2000 <<<<<<
08-04 02:35:39.429  6414  6414 D AndroidRuntime: CheckJNI is OFF
08-04 02:35:39.437  5662  6047 I art     : Starting a blocking GC Explicit
08-04 02:35:39.469  6414  6414 D ICU     : No timezone override file found: /data/misc/zoneinfo/current/icu/icu_tzdata.dat
08-04 02:35:39.469  5662  6047 I art     : Explicit concurrent mark sweep GC freed 1299(75KB) AllocSpace objects, 1(20KB) LOS objects, 38% free, 25MB/41MB, paused 327us total 31.954ms
08-04 02:35:39.479  5662  6047 I art     : Starting a blocking GC Explicit
08-04 02:35:39.501  6414  6414 I Radio-JNI: register_android_hardware_Radio DONE
08-04 02:35:39.504  5662  6047 I art     : Explicit concurrent mark sweep GC freed 23(784B) AllocSpace objects, 0(0B) LOS objects, 38% free, 25MB/41MB, paused 313us total 24.642ms
08-04 02:35:39.514  5662  6047 I art     : Starting a blocking GC Explicit
08-04 02:35:39.523  6414  6414 D AndroidRuntime: Calling main entry com.android.commands.input.Input
08-04 02:35:39.524  6414  6414 I Input   : injectMotionEvent: MotionEvent { action=ACTION_DOWN, actionButton=0, id[0]=0, x[0]=436.0, y[0]=1770.0, toolType[0]=TOOL_TYPE_UNKNOWN, buttonState=0, metaState=0, flags=0x0, edgeFlags=0x0, pointerCount=1, historySize=0, eventTime=671755937, downTime=671755937, deviceId=0, source=0x1002 }
08-04 02:35:39.528  6414  6414 I Input   : injectMotionEvent: MotionEvent { action=ACTION_UP, actionButton=0, id[0]=0, x[0]=436.0, y[0]=1770.0, toolType[0]=TOOL_TYPE_UNKNOWN, buttonState=0, metaState=0, flags=0x0, edgeFlags=0x0, pointerCount=1, historySize=0, eventTime=671755937, downTime=671755937, deviceId=0, source=0x1002 }
08-04 02:35:39.529  6414  6414 D AndroidRuntime: Shutting down VM
08-04 02:35:39.533  5662  5662 D MainActivity: NavigationItemSelected: Courses
08-04 02:35:39.534   512  2967 D audio_hw_primary: out_set_parameters: enter: usecase(1: low-latency-playback) kvpairs: routing=2
08-04 02:35:39.535   918   928 I ActivityManager: START u0 {cmp=baseline.com.ak.uobtimetable/.CourseListActivity} from uid 10659 on display 0
08-04 02:35:39.541  5662  6047 I art     : Explicit concurrent mark sweep GC freed 33(1312B) AllocSpace objects, 0(0B) LOS objects, 38% free, 25MB/41MB, paused 417us total 26.588ms
08-04 02:35:39.547   512  2967 D audio_hw_primary: select_devices: out_snd_device(2: speaker) in_snd_device(0: none)
08-04 02:35:39.548   512  2967 D msm8974_platform: platform_send_audio_calibration: sending audio calibration for snd_device(2) acdb_id(15)
08-04 02:35:39.548   512  2967 I soundtrigger: audio_extn_sound_trigger_update_device_status: device 0x2 of type 0 for Event 1
08-04 02:35:39.552  5662  6047 I art     : Starting a blocking GC Explicit
08-04 02:35:39.557   512  2967 D audio_hw_primary: enable_snd_device: snd_device(2: speaker)
08-04 02:35:39.559   512  2967 D audio_hw_primary: enable_audio_route: apply and update mixer path: low-latency-playback speaker
08-04 02:35:39.560  5662  5662 D MainActivity: OnPause
08-04 02:35:39.579  5662  6047 I art     : Explicit concurrent mark sweep GC freed 709(34KB) AllocSpace objects, 0(0B) LOS objects, 38% free, 25MB/41MB, paused 656us total 27.545ms
08-04 02:35:39.590  5662  6047 I art     : Starting a blocking GC Explicit
08-04 02:35:39.592  5662  5662 D CourseListActivity: onCreate
08-04 02:35:39.594  5662  6437 D HTTP    : Request for: https://uob-timetable-api.adriankeenan.co.uk/courses
08-04 02:35:39.616  5662  6047 I art     : Explicit concurrent mark sweep GC freed 2044(110KB) AllocSpace objects, 0(0B) LOS objects, 38% free, 25MB/41MB, paused 406us total 26.363ms
08-04 02:35:39.652   918   936 I ActivityManager: Displayed baseline.com.ak.uobtimetable/.CourseListActivity: +91ms
08-04 02:35:39.652 13866 13866 I GoogleInputMethodServic: GoogleInputMethodService.onFinishInput():3138 
08-04 02:35:39.652 13866 13866 I GoogleInputMethodServic: GoogleInputMethodService.onStartInput():1808 
08-04 02:35:39.845  5662  6437 I NAPPA_EXPERIMENTATION: MetricNetworkRequestExecutionTime: REQUEST_DURATION_SYSTEM='251',REQUEST_DURATION_OKHTTP='29',REQUEST_SYNCHRONOUS='TRUE',RESPONSE_CODE='200',RESPONSE_METHOD='GET',RESPONSE_LENGTH_OKHTTP='-1',RESPONSE_LENGTH_HEADER='-2',REQUEST_PROTOCOL='http/1.1',REQUEST_URL='https://uob-timetable-api.adriankeenan.co.uk/courses',
08-04 02:35:39.881  5662  6047 I art     : Starting a blocking GC Explicit
08-04 02:35:39.920  5662  6047 I art     : Explicit concurrent mark sweep GC freed 4404(251KB) AllocSpace objects, 4(220KB) LOS objects, 36% free, 28MB/44MB, paused 382us total 38.327ms
08-04 02:35:39.930  5662  6047 I art     : Starting a blocking GC Explicit
08-04 02:35:39.958  5662  6047 I art     : Explicit concurrent mark sweep GC freed 1040(120KB) AllocSpace objects, 0(0B) LOS objects, 34% free, 30MB/46MB, paused 389us total 27.478ms
08-04 02:35:39.968  5662  6047 I art     : Starting a blocking GC Explicit
08-04 02:35:39.995  5662  6047 I art     : Explicit concurrent mark sweep GC freed 14(352B) AllocSpace objects, 0(0B) LOS objects, 32% free, 33MB/49MB, paused 347us total 26.382ms
08-04 02:35:40.005  5662  6047 I art     : Starting a blocking GC Explicit
08-04 02:35:40.032  5662  6047 I art     : Explicit concurrent mark sweep GC freed 12(304B) AllocSpace objects, 0(0B) LOS objects, 31% free, 35MB/51MB, paused 697us total 26.547ms
08-04 02:35:40.032  5662  5662 D MainActivity: Saving state
08-04 02:35:40.033  5662  5662 D MainActivity: Saving current fragment: SessionListsFragment
08-04 02:35:40.033  5662  5662 D MainActivity: Saving current index: 1
08-04 02:35:40.034  5662  5662 D SessionListsFragment: Saving state
08-04 02:35:40.043  5662  6047 I art     : Starting a blocking GC Explicit
08-04 02:35:40.070  5662  6047 I art     : Explicit concurrent mark sweep GC freed 221(10KB) AllocSpace objects, 0(0B) LOS objects, 30% free, 36MB/52MB, paused 343us total 26.844ms
08-04 02:35:40.088   512  2967 D audio_hw_primary: disable_audio_route: reset and update mixer path: low-latency-playback speaker
08-04 02:35:40.089   512  2967 D audio_hw_primary: disable_snd_device: snd_device(2: speaker)
08-04 02:35:40.096   512  2967 I soundtrigger: audio_extn_sound_trigger_update_device_status: device 0x2 of type 0 for Event 0
08-04 02:35:40.271  5662  6437 I HTTP    : Response was compressed.
08-04 02:35:40.356  5662  6047 I art     : Waiting for a blocking GC Explicit
08-04 02:35:40.368  5662  6047 I art     : WaitForGcToComplete blocked for 12.151ms for cause Explicit
08-04 02:35:40.368  5662  6047 I art     : Starting a blocking GC Explicit
08-04 02:35:40.399  5662  6047 I art     : Explicit concurrent mark sweep GC freed 19699(949KB) AllocSpace objects, 0(0B) LOS objects, 27% free, 41MB/57MB, paused 590us total 30.778ms
08-04 02:35:40.410  5662  6047 I art     : Starting a blocking GC Explicit
08-04 02:35:40.441  5662  6047 I art     : Explicit concurrent mark sweep GC freed 23148(1084KB) AllocSpace objects, 0(0B) LOS objects, 27% free, 41MB/57MB, paused 636us total 30.909ms
08-04 02:35:40.452  5662  6047 I art     : Starting a blocking GC Explicit
08-04 02:35:40.485  5662  6047 I art     : Explicit concurrent mark sweep GC freed 23802(1121KB) AllocSpace objects, 0(0B) LOS objects, 27% free, 41MB/57MB, paused 685us total 32.299ms
08-04 02:35:40.496  5662  6047 I art     : Starting a blocking GC Explicit
08-04 02:35:40.529  5662  6047 I art     : Explicit concurrent mark sweep GC freed 23969(1123KB) AllocSpace objects, 0(0B) LOS objects, 27% free, 41MB/57MB, paused 606us total 32.689ms
08-04 02:35:40.540  5662  6047 I art     : Starting a blocking GC Explicit
08-04 02:35:40.573  5662  6047 I art     : Explicit concurrent mark sweep GC freed 23444(1112KB) AllocSpace objects, 0(0B) LOS objects, 27% free, 41MB/57MB, paused 673us total 32.777ms
08-04 02:35:40.861  5662  5673 I art     : Starting a blocking GC Explicit
08-04 02:35:40.913  5662  5673 I art     : Explicit concurrent mark sweep GC freed 177953(8MB) AllocSpace objects, 1(20KB) LOS objects, 26% free, 43MB/59MB, paused 638us total 50.860ms
08-04 02:35:40.926  5662  5673 I art     : Starting a blocking GC Explicit
08-04 02:35:40.964  5662  5673 I art     : Explicit concurrent mark sweep GC freed 30947(1464KB) AllocSpace objects, 0(0B) LOS objects, 26% free, 43MB/59MB, paused 648us total 37.217ms
08-04 02:35:40.977  5662  5673 I art     : Starting a blocking GC Explicit
08-04 02:35:41.014  5662  5673 I art     : Explicit concurrent mark sweep GC freed 25800(1219KB) AllocSpace objects, 0(0B) LOS objects, 26% free, 43MB/59MB, paused 709us total 36.907ms
08-04 02:35:41.027  5662  5673 I art     : Starting a blocking GC Explicit
08-04 02:35:41.064  5662  5673 I art     : Explicit concurrent mark sweep GC freed 25560(1196KB) AllocSpace objects, 0(0B) LOS objects, 26% free, 43MB/59MB, paused 712us total 37.300ms
08-04 02:35:41.077  5662  5673 I art     : Starting a blocking GC Explicit
08-04 02:35:41.115  5662  5673 I art     : Explicit concurrent mark sweep GC freed 25879(1234KB) AllocSpace objects, 0(0B) LOS objects, 26% free, 44MB/60MB, paused 746us total 37.986ms
08-04 02:35:41.417  5662  6047 I art     : Starting a blocking GC Explicit
08-04 02:35:41.474  5662  6047 I art     : Explicit concurrent mark sweep GC freed 181161(8MB) AllocSpace objects, 1(20KB) LOS objects, 25% free, 45MB/61MB, paused 735us total 57.266ms
08-04 02:35:41.489  5662  6047 I art     : Starting a blocking GC Explicit
08-04 02:35:41.532  5662  6047 I art     : Explicit concurrent mark sweep GC freed 37303(1779KB) AllocSpace objects, 0(0B) LOS objects, 25% free, 45MB/61MB, paused 829us total 42.569ms
08-04 02:35:41.546  5662  6047 I art     : Starting a blocking GC Explicit
08-04 02:35:41.554  4779  4779 I ServiceManager: Waiting for service AtCmdFwd...
08-04 02:35:41.587  5662  6047 I art     : Explicit concurrent mark sweep GC freed 30533(1441KB) AllocSpace objects, 0(0B) LOS objects, 25% free, 45MB/61MB, paused 746us total 41.220ms
08-04 02:35:41.601  5662  6047 I art     : Starting a blocking GC Explicit
08-04 02:35:41.644  5662  6047 I art     : Explicit concurrent mark sweep GC freed 30943(1443KB) AllocSpace objects, 0(0B) LOS objects, 25% free, 46MB/62MB, paused 819us total 42.522ms
08-04 02:35:41.659  5662  6047 I art     : Starting a blocking GC Explicit
08-04 02:35:41.703  5662  6047 I art     : Explicit concurrent mark sweep GC freed 31407(1475KB) AllocSpace objects, 0(0B) LOS objects, 25% free, 46MB/62MB, paused 800us total 43.773ms
08-04 02:35:42.001  5662  5673 I art     : Starting a blocking GC Explicit
08-04 02:35:42.066  5662  5673 I art     : Explicit concurrent mark sweep GC freed 187393(8MB) AllocSpace objects, 1(20KB) LOS objects, 24% free, 48MB/64MB, paused 986us total 65.235ms
08-04 02:35:42.082  5662  5673 I art     : Starting a blocking GC Explicit
08-04 02:35:42.130  5662  5673 I art     : Explicit concurrent mark sweep GC freed 40420(1927KB) AllocSpace objects, 0(0B) LOS objects, 24% free, 48MB/64MB, paused 838us total 47.672ms
08-04 02:35:42.130  5662  5672 I art     : WaitForGcToComplete blocked for 43.288ms for cause HeapTrim
08-04 02:35:42.145  5662  5673 I art     : Starting a blocking GC Explicit
08-04 02:35:42.194  5662  5673 I art     : Explicit concurrent mark sweep GC freed 34550(1649KB) AllocSpace objects, 0(0B) LOS objects, 24% free, 48MB/64MB, paused 964us total 47.945ms
08-04 02:35:42.209  5662  5673 I art     : Starting a blocking GC Explicit
08-04 02:35:42.257  5662  5673 I art     : Explicit concurrent mark sweep GC freed 34010(1605KB) AllocSpace objects, 0(0B) LOS objects, 24% free, 48MB/64MB, paused 941us total 47.723ms
08-04 02:35:42.273  5662  5673 I art     : Starting a blocking GC Explicit
08-04 02:35:42.323  5662  5673 I art     : Explicit concurrent mark sweep GC freed 34728(1647KB) AllocSpace objects, 0(0B) LOS objects, 24% free, 48MB/64MB, paused 896us total 50.571ms
08-04 02:35:42.554  4779  4779 I ServiceManager: Waiting for service AtCmdFwd...
08-04 02:35:42.617  5662  5673 I art     : Starting a blocking GC Explicit
08-04 02:35:42.686  5662  5673 I art     : Explicit concurrent mark sweep GC freed 186158(8MB) AllocSpace objects, 1(20KB) LOS objects, 24% free, 50MB/66MB, paused 1.584ms total 68.694ms
08-04 02:35:42.703  5662  5673 I art     : Starting a blocking GC Explicit
08-04 02:35:42.760  5662  5673 I art     : Explicit concurrent mark sweep GC freed 43602(2046KB) AllocSpace objects, 0(0B) LOS objects, 24% free, 50MB/66MB, paused 937us total 56.206ms
08-04 02:35:42.777  5662  5673 I art     : Starting a blocking GC Explicit
08-04 02:35:42.830  5662  5673 I art     : Explicit concurrent mark sweep GC freed 39397(1841KB) AllocSpace objects, 0(0B) LOS objects, 23% free, 50MB/66MB, paused 1.016ms total 53.196ms
08-04 02:35:42.847  5662  5673 I art     : Starting a blocking GC Explicit
08-04 02:35:42.902  5662  5673 I art     : Explicit concurrent mark sweep GC freed 37963(1795KB) AllocSpace objects, 0(0B) LOS objects, 23% free, 51MB/67MB, paused 1.001ms total 54.863ms
08-04 02:35:42.919  5662  5673 I art     : Starting a blocking GC Explicit
08-04 02:35:42.976  5662  5673 I art     : Explicit concurrent mark sweep GC freed 38251(1803KB) AllocSpace objects, 0(0B) LOS objects, 23% free, 51MB/67MB, paused 1.178ms total 56.914ms
08-04 02:35:43.081  5662  6437 I Service : getCourses response time: 0.69
08-04 02:35:43.085  5662  5662 I SettingsManager: Getting string: savedCourse
08-04 02:35:43.258  5662  5684 I art     : Starting a blocking GC Explicit
08-04 02:35:43.332  5662  5684 I art     : Explicit concurrent mark sweep GC freed 62933(2MB) AllocSpace objects, 2(15MB) LOS objects, 30% free, 36MB/52MB, paused 380us total 74.205ms
08-04 02:35:43.351  5662  5684 I art     : Starting a blocking GC Explicit
08-04 02:35:43.409  5662  5684 I art     : Explicit concurrent mark sweep GC freed 751(66KB) AllocSpace objects, 0(0B) LOS objects, 30% free, 36MB/52MB, paused 356us total 57.589ms
08-04 02:35:43.427  5662  5684 I art     : Starting a blocking GC Explicit
08-04 02:35:43.486  5662  5684 I art     : Explicit concurrent mark sweep GC freed 3(96B) AllocSpace objects, 0(0B) LOS objects, 30% free, 36MB/52MB, paused 371us total 58.455ms
08-04 02:35:43.506  5662  5684 I art     : Starting a blocking GC Explicit
08-04 02:35:43.555  4779  4779 I ServiceManager: Waiting for service AtCmdFwd...
08-04 02:35:43.563  5662  5684 I art     : Explicit concurrent mark sweep GC freed 3(96B) AllocSpace objects, 0(0B) LOS objects, 30% free, 36MB/52MB, paused 378us total 56.882ms
08-04 02:35:43.583  5662  5684 I art     : Starting a blocking GC Explicit
08-04 02:35:43.642  5662  5684 I art     : Explicit concurrent mark sweep GC freed 3(96B) AllocSpace objects, 0(0B) LOS objects, 30% free, 36MB/52MB, paused 341us total 58.614ms
08-04 02:35:43.981  5662  5676 I art     : Starting a blocking GC Explicit
08-04 02:35:44.058  5662  5676 I art     : Explicit concurrent mark sweep GC freed 1293(75KB) AllocSpace objects, 1(20KB) LOS objects, 30% free, 36MB/52MB, paused 383us total 76.531ms
08-04 02:35:44.078  5662  5676 I art     : Starting a blocking GC Explicit
08-04 02:35:44.137  5662  5676 I art     : Explicit concurrent mark sweep GC freed 18(624B) AllocSpace objects, 0(0B) LOS objects, 30% free, 36MB/52MB, paused 362us total 58.756ms
08-04 02:35:44.157  5662  5676 I art     : Starting a blocking GC Explicit
08-04 02:35:44.213  5662  5676 I art     : Explicit concurrent mark sweep GC freed 3(96B) AllocSpace objects, 0(0B) LOS objects, 30% free, 36MB/52MB, paused 368us total 56.451ms
08-04 02:35:44.233  5662  5676 I art     : Starting a blocking GC Explicit
08-04 02:35:44.291  5662  5676 I art     : Explicit concurrent mark sweep GC freed 3(96B) AllocSpace objects, 0(0B) LOS objects, 30% free, 36MB/52MB, paused 350us total 58.573ms
08-04 02:35:44.311  5662  5676 I art     : Starting a blocking GC Explicit
08-04 02:35:44.365  5662  5676 I art     : Explicit concurrent mark sweep GC freed 3(96B) AllocSpace objects, 0(0B) LOS objects, 30% free, 36MB/52MB, paused 381us total 53.479ms
08-04 02:35:44.556  4779  4779 I ServiceManager: Waiting for service AtCmdFwd...
08-04 02:35:44.702  5662  5673 I art     : Starting a blocking GC Explicit
08-04 02:35:44.772  5662  5673 I art     : Explicit concurrent mark sweep GC freed 1295(75KB) AllocSpace objects, 1(20KB) LOS objects, 30% free, 36MB/52MB, paused 416us total 69.507ms
08-04 02:35:44.791  5662  5673 I art     : Starting a blocking GC Explicit
08-04 02:35:44.845  5662  5673 I art     : Explicit concurrent mark sweep GC freed 18(624B) AllocSpace objects, 0(0B) LOS objects, 30% free, 36MB/52MB, paused 355us total 53.405ms
08-04 02:35:44.865  5662  5673 I art     : Starting a blocking GC Explicit
08-04 02:35:44.916  5662  5673 I art     : Explicit concurrent mark sweep GC freed 36(1760B) AllocSpace objects, 0(0B) LOS objects, 30% free, 36MB/52MB, paused 343us total 51.304ms
08-04 02:35:44.934  5662  5673 I art     : Starting a blocking GC Explicit
08-04 02:35:44.989  5662  5673 I art     : Explicit concurrent mark sweep GC freed 16(720B) AllocSpace objects, 0(0B) LOS objects, 30% free, 36MB/52MB, paused 335us total 54.200ms
08-04 02:35:45.007  5662  5673 I art     : Starting a blocking GC Explicit
08-04 02:35:45.063  5662  5673 I art     : Explicit concurrent mark sweep GC freed 6(208B) AllocSpace objects, 0(0B) LOS objects, 30% free, 36MB/52MB, paused 349us total 55.674ms
08-04 02:35:45.383  5662  5684 I art     : Starting a blocking GC Explicit
08-04 02:35:45.455  5662  5684 I art     : Explicit concurrent mark sweep GC freed 1294(75KB) AllocSpace objects, 1(20KB) LOS objects, 30% free, 36MB/52MB, paused 371us total 72.056ms
08-04 02:35:45.474  5662  5684 I art     : Starting a blocking GC Explicit
08-04 02:35:45.533  5662  5684 I art     : Explicit concurrent mark sweep GC freed 18(624B) AllocSpace objects, 0(0B) LOS objects, 30% free, 36MB/52MB, paused 363us total 58.909ms
08-04 02:35:45.552  5662  5684 I art     : Starting a blocking GC Explicit
08-04 02:35:45.557  4779  4779 I ServiceManager: Waiting for service AtCmdFwd...
08-04 02:35:45.610  5662  5684 I art     : Explicit concurrent mark sweep GC freed 3(96B) AllocSpace objects, 0(0B) LOS objects, 30% free, 36MB/52MB, paused 373us total 57.664ms
08-04 02:35:45.629  5662  5684 I art     : Starting a blocking GC Explicit
08-04 02:35:45.684  5662  5684 I art     : Explicit concurrent mark sweep GC freed 3(96B) AllocSpace objects, 0(0B) LOS objects, 30% free, 36MB/52MB, paused 357us total 54ms
08-04 02:35:45.703  5662  5684 I art     : Starting a blocking GC Explicit
08-04 02:35:45.758  5662  5684 I art     : Explicit concurrent mark sweep GC freed 3(96B) AllocSpace objects, 0(0B) LOS objects, 30% free, 36MB/52MB, paused 328us total 55.445ms
08-04 02:35:46.038  5662  5676 I art     : Starting a blocking GC Explicit
08-04 02:35:46.098  5662  5676 I art     : Explicit concurrent mark sweep GC freed 1293(75KB) AllocSpace objects, 1(20KB) LOS objects, 30% free, 36MB/52MB, paused 415us total 58.840ms
08-04 02:35:46.116  5662  5676 I art     : Starting a blocking GC Explicit
08-04 02:35:46.172  5662  5676 I art     : Explicit concurrent mark sweep GC freed 18(624B) AllocSpace objects, 0(0B) LOS objects, 30% free, 36MB/52MB, paused 354us total 55.580ms
08-04 02:35:46.191  5662  5676 I art     : Starting a blocking GC Explicit
08-04 02:35:46.207  6540  6540 D AndroidRuntime: >>>>>> START com.android.internal.os.RuntimeInit uid 2000 <<<<<<
08-04 02:35:46.211  6540  6540 D AndroidRuntime: CheckJNI is OFF
08-04 02:35:46.242  5662  5676 I art     : Explicit concurrent mark sweep GC freed 3(96B) AllocSpace objects, 0(0B) LOS objects, 30% free, 36MB/52MB, paused 409us total 51.720ms
08-04 02:35:46.244  6540  6540 D ICU     : No timezone override file found: /data/misc/zoneinfo/current/icu/icu_tzdata.dat
08-04 02:35:46.260  5662  5676 I art     : Starting a blocking GC Explicit
08-04 02:35:46.280  6540  6540 I Radio-JNI: register_android_hardware_Radio DONE
08-04 02:35:46.301  6540  6540 D AndroidRuntime: Calling main entry com.android.commands.input.Input
08-04 02:35:46.303  6540  6540 I Input   : injectMotionEvent: MotionEvent { action=ACTION_DOWN, actionButton=0, id[0]=0, x[0]=558.0, y[0]=368.0, toolType[0]=TOOL_TYPE_UNKNOWN, buttonState=0, metaState=0, flags=0x0, edgeFlags=0x0, pointerCount=1, historySize=0, eventTime=671762716, downTime=671762716, deviceId=0, source=0x1002 }
08-04 02:35:46.309  6540  6540 I Input   : injectMotionEvent: MotionEvent { action=ACTION_UP, actionButton=0, id[0]=0, x[0]=558.0, y[0]=368.0, toolType[0]=TOOL_TYPE_UNKNOWN, buttonState=0, metaState=0, flags=0x0, edgeFlags=0x0, pointerCount=1, historySize=0, eventTime=671762716, downTime=671762716, deviceId=0, source=0x1002 }
08-04 02:35:46.311  6540  6540 D AndroidRuntime: Shutting down VM
08-04 02:35:46.313  5662  5676 I art     : Explicit concurrent mark sweep GC freed 22(688B) AllocSpace objects, 0(0B) LOS objects, 30% free, 36MB/52MB, paused 384us total 52.212ms
08-04 02:35:46.331  5662  5676 I art     : Starting a blocking GC Explicit
08-04 02:35:46.381  5662  5676 I art     : Explicit concurrent mark sweep GC freed 345(63KB) AllocSpace objects, 0(0B) LOS objects, 30% free, 36MB/52MB, paused 604us total 50.461ms
08-04 02:35:46.557  4779  4779 W Atfwd_Sendcmd: AtCmdFwd service not published, waiting... retryCnt : 4
08-04 02:35:46.652  5662  6047 I art     : Starting a blocking GC Explicit
08-04 02:35:46.714  5662  6047 I art     : Explicit concurrent mark sweep GC freed 2205(123KB) AllocSpace objects, 1(20KB) LOS objects, 30% free, 36MB/52MB, paused 321us total 61.654ms
08-04 02:35:46.734  5662  6047 I art     : Starting a blocking GC Explicit
08-04 02:35:46.785  5662  6047 I art     : Explicit concurrent mark sweep GC freed 61(2672B) AllocSpace objects, 0(0B) LOS objects, 30% free, 36MB/52MB, paused 342us total 50.800ms
08-04 02:35:46.802  5662  6047 I art     : Starting a blocking GC Explicit
08-04 02:35:46.853  5662  6047 I art     : Explicit concurrent mark sweep GC freed 17(544B) AllocSpace objects, 0(0B) LOS objects, 30% free, 36MB/52MB, paused 334us total 50.605ms
08-04 02:35:46.872  5662  6047 I art     : Starting a blocking GC Explicit
08-04 02:35:46.926  5662  6047 I art     : Explicit concurrent mark sweep GC freed 8(256B) AllocSpace objects, 0(0B) LOS objects, 30% free, 36MB/52MB, paused 308us total 54.273ms
08-04 02:35:46.943  5662  6047 I art     : Starting a blocking GC Explicit
08-04 02:35:46.994  5662  6047 I art     : Explicit concurrent mark sweep GC freed 7(224B) AllocSpace objects, 0(0B) LOS objects, 30% free, 36MB/52MB, paused 311us total 50.244ms
08-04 02:35:47.288  5662  5684 I art     : Starting a blocking GC Explicit
08-04 02:35:47.356  5662  5684 I art     : Explicit concurrent mark sweep GC freed 1299(75KB) AllocSpace objects, 1(20KB) LOS objects, 30% free, 36MB/52MB, paused 366us total 67.638ms
08-04 02:35:47.375  5662  5684 I art     : Starting a blocking GC Explicit
08-04 02:35:47.436  5662  5684 I art     : Explicit concurrent mark sweep GC freed 18(624B) AllocSpace objects, 0(0B) LOS objects, 30% free, 36MB/52MB, paused 368us total 60.499ms
08-04 02:35:47.455  5662  5684 I art     : Starting a blocking GC Explicit
08-04 02:35:47.514  5662  5684 I art     : Explicit concurrent mark sweep GC freed 3(96B) AllocSpace objects, 0(0B) LOS objects, 30% free, 36MB/52MB, paused 364us total 58.374ms
08-04 02:35:47.534  5662  5684 I art     : Starting a blocking GC Explicit
08-04 02:35:47.589  5662  5684 I art     : Explicit concurrent mark sweep GC freed 3(96B) AllocSpace objects, 0(0B) LOS objects, 30% free, 36MB/52MB, paused 353us total 54.528ms
08-04 02:35:47.606  5662  5684 I art     : Starting a blocking GC Explicit
08-04 02:35:47.662  5662  5684 I art     : Explicit concurrent mark sweep GC freed 3(96B) AllocSpace objects, 0(0B) LOS objects, 30% free, 36MB/52MB, paused 348us total 55.840ms
08-04 02:35:47.946  6584  6584 D AndroidRuntime: >>>>>> START com.android.internal.os.RuntimeInit uid 2000 <<<<<<
08-04 02:35:47.951  6584  6584 D AndroidRuntime: CheckJNI is OFF
08-04 02:35:47.957  5662  6047 I art     : Starting a blocking GC Explicit
08-04 02:35:47.987  6584  6584 D ICU     : No timezone override file found: /data/misc/zoneinfo/current/icu/icu_tzdata.dat
08-04 02:35:48.017  5662  6047 I art     : Explicit concurrent mark sweep GC freed 1296(75KB) AllocSpace objects, 1(20KB) LOS objects, 30% free, 36MB/52MB, paused 357us total 59.446ms
08-04 02:35:48.021  6584  6584 I Radio-JNI: register_android_hardware_Radio DONE
08-04 02:35:48.037  5662  6047 I art     : Starting a blocking GC Explicit
08-04 02:35:48.046  6584  6584 D AndroidRuntime: Calling main entry com.android.commands.input.Input
08-04 02:35:48.048  6584  6584 I Input   : injectMotionEvent: MotionEvent { action=ACTION_DOWN, actionButton=0, id[0]=0, x[0]=945.0, y[0]=1376.0, toolType[0]=TOOL_TYPE_UNKNOWN, buttonState=0, metaState=0, flags=0x0, edgeFlags=0x0, pointerCount=1, historySize=0, eventTime=671764461, downTime=671764461, deviceId=0, source=0x1002 }
08-04 02:35:48.052  6584  6584 I Input   : injectMotionEvent: MotionEvent { action=ACTION_UP, actionButton=0, id[0]=0, x[0]=945.0, y[0]=1376.0, toolType[0]=TOOL_TYPE_UNKNOWN, buttonState=0, metaState=0, flags=0x0, edgeFlags=0x0, pointerCount=1, historySize=0, eventTime=671764461, downTime=671764461, deviceId=0, source=0x1002 }
08-04 02:35:48.053  6584  6584 D AndroidRuntime: Shutting down VM
08-04 02:35:48.088  5662  6047 I art     : Explicit concurrent mark sweep GC freed 43(1536B) AllocSpace objects, 0(0B) LOS objects, 30% free, 36MB/52MB, paused 377us total 50.972ms
08-04 02:35:48.106  5662  6047 I art     : Starting a blocking GC Explicit
08-04 02:35:48.125   512  2967 D audio_hw_primary: out_set_parameters: enter: usecase(1: low-latency-playback) kvpairs: routing=2
08-04 02:35:48.138   512  2967 D audio_hw_primary: select_devices: out_snd_device(2: speaker) in_snd_device(0: none)
08-04 02:35:48.138   512  2967 D msm8974_platform: platform_send_audio_calibration: sending audio calibration for snd_device(2) acdb_id(15)
08-04 02:35:48.138   512  2967 I soundtrigger: audio_extn_sound_trigger_update_device_status: device 0x2 of type 0 for Event 1
08-04 02:35:48.142 13866 13866 I GoogleInputMethodServic: GoogleInputMethodService.onFinishInput():3138 
08-04 02:35:48.143 13866 13866 I GoogleInputMethodServic: GoogleInputMethodService.onStartInput():1808 
08-04 02:35:48.148   512  2967 D audio_hw_primary: enable_snd_device: snd_device(2: speaker)
08-04 02:35:48.150   512  2967 D audio_hw_primary: enable_audio_route: apply and update mixer path: low-latency-playback speaker
08-04 02:35:48.155 13866 13866 I GoogleInputMethodServic: GoogleInputMethodService.onFinishInput():3138 
08-04 02:35:48.158 13866 13866 I GoogleInputMethodServic: GoogleInputMethodService.onStartInput():1808 
08-04 02:35:48.165  5662  6047 I art     : Explicit concurrent mark sweep GC freed 387(20KB) AllocSpace objects, 0(0B) LOS objects, 30% free, 36MB/52MB, paused 513us total 58.158ms
08-04 02:35:48.186  5662  6047 I art     : Starting a blocking GC Explicit
08-04 02:35:48.244  5662  6047 I art     : Explicit concurrent mark sweep GC freed 620(35KB) AllocSpace objects, 0(0B) LOS objects, 30% free, 36MB/52MB, paused 384us total 57.782ms
08-04 02:35:48.262  5662  6047 I art     : Starting a blocking GC Explicit
08-04 02:35:48.315  5662  6047 I art     : Explicit concurrent mark sweep GC freed 677(62KB) AllocSpace objects, 0(0B) LOS objects, 30% free, 36MB/52MB, paused 321us total 53.158ms
08-04 02:35:48.463  5662  5678 D OpenGLRenderer: endAllStagingAnimators on 0x7f7a14c000 (ListPopupWindow$DropDownListView) with handle 0x7f76d27500
08-04 02:35:48.584  5662  5676 I art     : Starting a blocking GC Explicit
08-04 02:35:48.649  5662  5676 I art     : Explicit concurrent mark sweep GC freed 1411(80KB) AllocSpace objects, 1(20KB) LOS objects, 30% free, 36MB/52MB, paused 380us total 64.689ms
08-04 02:35:48.668  5662  5676 I art     : Starting a blocking GC Explicit
08-04 02:35:48.688   512  2967 D audio_hw_primary: disable_audio_route: reset and update mixer path: low-latency-playback speaker
08-04 02:35:48.690   512  2967 D audio_hw_primary: disable_snd_device: snd_device(2: speaker)
08-04 02:35:48.699   512  2967 I soundtrigger: audio_extn_sound_trigger_update_device_status: device 0x2 of type 0 for Event 0
08-04 02:35:48.728  5662  5676 I art     : Explicit concurrent mark sweep GC freed 574(38KB) AllocSpace objects, 0(0B) LOS objects, 30% free, 36MB/52MB, paused 372us total 59.398ms
08-04 02:35:48.747  5662  5676 I art     : Starting a blocking GC Explicit
08-04 02:35:48.806  5662  5676 I art     : Explicit concurrent mark sweep GC freed 3(96B) AllocSpace objects, 0(0B) LOS objects, 30% free, 36MB/52MB, paused 365us total 58.805ms
08-04 02:35:48.826  5662  5676 I art     : Starting a blocking GC Explicit
08-04 02:35:48.881  5662  5676 I art     : Explicit concurrent mark sweep GC freed 3(96B) AllocSpace objects, 0(0B) LOS objects, 30% free, 36MB/52MB, paused 361us total 54.791ms
08-04 02:35:48.901  5662  5676 I art     : Starting a blocking GC Explicit
08-04 02:35:48.959  5662  5676 I art     : Explicit concurrent mark sweep GC freed 3(96B) AllocSpace objects, 0(0B) LOS objects, 30% free, 36MB/52MB, paused 361us total 57.915ms
08-04 02:35:49.268  5662  5673 I art     : Starting a blocking GC Explicit
08-04 02:35:49.335  5662  5673 I art     : Explicit concurrent mark sweep GC freed 1293(75KB) AllocSpace objects, 1(20KB) LOS objects, 30% free, 36MB/52MB, paused 356us total 66.201ms
08-04 02:35:49.354  5662  5673 I art     : Starting a blocking GC Explicit
08-04 02:35:49.406  5662  5673 I art     : Explicit concurrent mark sweep GC freed 18(624B) AllocSpace objects, 0(0B) LOS objects, 30% free, 36MB/52MB, paused 345us total 52.324ms
08-04 02:35:49.425  5662  5673 I art     : Starting a blocking GC Explicit
08-04 02:35:49.476  5662  5673 I art     : Explicit concurrent mark sweep GC freed 3(96B) AllocSpace objects, 0(0B) LOS objects, 30% free, 36MB/52MB, paused 329us total 51.361ms
08-04 02:35:49.495  5662  5673 I art     : Starting a blocking GC Explicit
08-04 02:35:49.552  5662  5673 I art     : Explicit concurrent mark sweep GC freed 3(96B) AllocSpace objects, 0(0B) LOS objects, 30% free, 36MB/52MB, paused 327us total 56.488ms
08-04 02:35:49.570  5662  5673 I art     : Starting a blocking GC Explicit
08-04 02:35:49.622  5662  5673 I art     : Explicit concurrent mark sweep GC freed 3(96B) AllocSpace objects, 0(0B) LOS objects, 30% free, 36MB/52MB, paused 343us total 52.750ms
08-04 02:35:49.719  6627  6627 D AndroidRuntime: >>>>>> START com.android.internal.os.RuntimeInit uid 2000 <<<<<<
08-04 02:35:49.724  6627  6627 D AndroidRuntime: CheckJNI is OFF
08-04 02:35:49.762  6627  6627 D ICU     : No timezone override file found: /data/misc/zoneinfo/current/icu/icu_tzdata.dat
08-04 02:35:49.797  6627  6627 I Radio-JNI: register_android_hardware_Radio DONE
08-04 02:35:49.818  6627  6627 D AndroidRuntime: Calling main entry com.android.commands.input.Input
08-04 02:35:49.820  6627  6627 I Input   : injectMotionEvent: MotionEvent { action=ACTION_DOWN, actionButton=0, id[0]=0, x[0]=481.0, y[0]=544.0, toolType[0]=TOOL_TYPE_UNKNOWN, buttonState=0, metaState=0, flags=0x0, edgeFlags=0x0, pointerCount=1, historySize=0, eventTime=671766233, downTime=671766233, deviceId=0, source=0x1002 }
08-04 02:35:49.825  6627  6627 I Input   : injectMotionEvent: MotionEvent { action=ACTION_UP, actionButton=0, id[0]=0, x[0]=481.0, y[0]=544.0, toolType[0]=TOOL_TYPE_UNKNOWN, buttonState=0, metaState=0, flags=0x0, edgeFlags=0x0, pointerCount=1, historySize=0, eventTime=671766233, downTime=671766233, deviceId=0, source=0x1002 }
08-04 02:35:49.827  6627  6627 D AndroidRuntime: Shutting down VM
08-04 02:35:49.923  5662  5684 I art     : Starting a blocking GC Explicit
08-04 02:35:49.976  5662  5684 I art     : Explicit concurrent mark sweep GC freed 2021(106KB) AllocSpace objects, 1(20KB) LOS objects, 30% free, 36MB/52MB, paused 533us total 52.162ms
08-04 02:35:49.992  5662  5684 I art     : Starting a blocking GC Explicit
08-04 02:35:50.040  5662  5684 I art     : Explicit concurrent mark sweep GC freed 108(5KB) AllocSpace objects, 0(0B) LOS objects, 30% free, 36MB/52MB, paused 348us total 47.450ms
08-04 02:35:50.056  5662  5684 I art     : Starting a blocking GC Explicit
08-04 02:35:50.104  5662  5684 I art     : Explicit concurrent mark sweep GC freed 14(528B) AllocSpace objects, 0(0B) LOS objects, 30% free, 36MB/52MB, paused 334us total 47.361ms
08-04 02:35:50.122  5662  5684 I art     : Starting a blocking GC Explicit
08-04 02:35:50.175  5662  5684 I art     : Explicit concurrent mark sweep GC freed 19(800B) AllocSpace objects, 0(0B) LOS objects, 30% free, 36MB/52MB, paused 343us total 52.215ms
08-04 02:35:50.194  5662  5684 I art     : Starting a blocking GC Explicit
08-04 02:35:50.245  5662  5684 I art     : Explicit concurrent mark sweep GC freed 301(13KB) AllocSpace objects, 0(0B) LOS objects, 30% free, 36MB/52MB, paused 313us total 51.003ms
08-04 02:35:50.538  5662  5676 I art     : Starting a blocking GC Explicit
08-04 02:35:50.601  5662  5676 I art     : Explicit concurrent mark sweep GC freed 1331(77KB) AllocSpace objects, 1(20KB) LOS objects, 30% free, 36MB/52MB, paused 368us total 62.487ms
08-04 02:35:50.621  5662  5676 I art     : Starting a blocking GC Explicit
08-04 02:35:50.680  5662  5676 I art     : Explicit concurrent mark sweep GC freed 26(880B) AllocSpace objects, 0(0B) LOS objects, 30% free, 36MB/52MB, paused 353us total 58.795ms
08-04 02:35:50.700  5662  5676 I art     : Starting a blocking GC Explicit
08-04 02:35:50.755  5662  5676 I art     : Explicit concurrent mark sweep GC freed 3(96B) AllocSpace objects, 0(0B) LOS objects, 30% free, 36MB/52MB, paused 350us total 55.165ms
08-04 02:35:50.774  5662  5676 I art     : Starting a blocking GC Explicit
08-04 02:35:50.832  5662  5676 I art     : Explicit concurrent mark sweep GC freed 3(96B) AllocSpace objects, 0(0B) LOS objects, 30% free, 36MB/52MB, paused 355us total 57.891ms
08-04 02:35:50.852  5662  5676 I art     : Starting a blocking GC Explicit
08-04 02:35:50.910  5662  5676 I art     : Explicit concurrent mark sweep GC freed 3(96B) AllocSpace objects, 0(0B) LOS objects, 30% free, 36MB/52MB, paused 353us total 57.439ms
08-04 02:35:51.199  5662  5673 I art     : Starting a blocking GC Explicit
08-04 02:35:51.260  5662  5673 I art     : Explicit concurrent mark sweep GC freed 1293(75KB) AllocSpace objects, 1(20KB) LOS objects, 30% free, 36MB/52MB, paused 362us total 60.660ms
08-04 02:35:51.278  5662  5673 I art     : Starting a blocking GC Explicit
08-04 02:35:51.332  5662  5673 I art     : Explicit concurrent mark sweep GC freed 18(624B) AllocSpace objects, 0(0B) LOS objects, 30% free, 36MB/52MB, paused 362us total 52.994ms
08-04 02:35:51.350  5662  5673 I art     : Starting a blocking GC Explicit
08-04 02:35:51.403  5662  5673 I art     : Explicit concurrent mark sweep GC freed 3(96B) AllocSpace objects, 0(0B) LOS objects, 30% free, 36MB/52MB, paused 330us total 52.702ms
08-04 02:35:51.422  5662  5673 I art     : Starting a blocking GC Explicit
08-04 02:35:51.478  5662  5673 I art     : Explicit concurrent mark sweep GC freed 3(96B) AllocSpace objects, 0(0B) LOS objects, 30% free, 36MB/52MB, paused 336us total 56.502ms
08-04 02:35:51.497  5662  5673 I art     : Starting a blocking GC Explicit
08-04 02:35:51.509  6662  6662 D AndroidRuntime: >>>>>> START com.android.internal.os.RuntimeInit uid 2000 <<<<<<
08-04 02:35:51.514  6662  6662 D AndroidRuntime: CheckJNI is OFF
08-04 02:35:51.551  6662  6662 D ICU     : No timezone override file found: /data/misc/zoneinfo/current/icu/icu_tzdata.dat
08-04 02:35:51.555  5662  5673 I art     : Explicit concurrent mark sweep GC freed 10(320B) AllocSpace objects, 0(0B) LOS objects, 30% free, 36MB/52MB, paused 331us total 57.846ms
08-04 02:35:51.585  6662  6662 I Radio-JNI: register_android_hardware_Radio DONE
08-04 02:35:51.606  6662  6662 D AndroidRuntime: Calling main entry com.android.commands.input.Input
08-04 02:35:51.607  6662  6662 I Input   : injectMotionEvent: MotionEvent { action=ACTION_DOWN, actionButton=0, id[0]=0, x[0]=310.0, y[0]=906.0, toolType[0]=TOOL_TYPE_UNKNOWN, buttonState=0, metaState=0, flags=0x0, edgeFlags=0x0, pointerCount=1, historySize=0, eventTime=671768020, downTime=671768020, deviceId=0, source=0x1002 }
08-04 02:35:51.612  6662  6662 I Input   : injectMotionEvent: MotionEvent { action=ACTION_UP, actionButton=0, id[0]=0, x[0]=310.0, y[0]=906.0, toolType[0]=TOOL_TYPE_UNKNOWN, buttonState=0, metaState=0, flags=0x0, edgeFlags=0x0, pointerCount=1, historySize=0, eventTime=671768020, downTime=671768020, deviceId=0, source=0x1002 }
08-04 02:35:51.614  6662  6662 D AndroidRuntime: Shutting down VM
08-04 02:35:51.695   512  2967 D audio_hw_primary: out_set_parameters: enter: usecase(1: low-latency-playback) kvpairs: routing=2
08-04 02:35:51.708   512  2967 D audio_hw_primary: select_devices: out_snd_device(2: speaker) in_snd_device(0: none)
08-04 02:35:51.708   512  2967 D msm8974_platform: platform_send_audio_calibration: sending audio calibration for snd_device(2) acdb_id(15)
08-04 02:35:51.708   512  2967 I soundtrigger: audio_extn_sound_trigger_update_device_status: device 0x2 of type 0 for Event 1
08-04 02:35:51.714 13866 13866 I GoogleInputMethodServic: GoogleInputMethodService.onFinishInput():3138 
08-04 02:35:51.714 13866 13866 I GoogleInputMethodServic: GoogleInputMethodService.onStartInput():1808 
08-04 02:35:51.719   512  2967 D audio_hw_primary: enable_snd_device: snd_device(2: speaker)
08-04 02:35:51.721   512  2967 D audio_hw_primary: enable_audio_route: apply and update mixer path: low-latency-playback speaker
08-04 02:35:51.724 13866 13866 I GoogleInputMethodServic: GoogleInputMethodService.onFinishInput():3138 
08-04 02:35:51.725 13866 13866 I GoogleInputMethodServic: GoogleInputMethodService.onStartInput():1808 
08-04 02:35:51.829  5662  5673 I art     : Starting a blocking GC Explicit
08-04 02:35:51.885  5662  5673 I art     : Explicit concurrent mark sweep GC freed 2274(120KB) AllocSpace objects, 1(20KB) LOS objects, 30% free, 36MB/52MB, paused 353us total 55.754ms
08-04 02:35:51.903  5662  5673 I art     : Starting a blocking GC Explicit
08-04 02:35:51.958  5662  5673 I art     : Explicit concurrent mark sweep GC freed 727(64KB) AllocSpace objects, 0(0B) LOS objects, 30% free, 36MB/52MB, paused 475us total 54.797ms
08-04 02:35:51.979  5662  5673 I art     : Starting a blocking GC Explicit
08-04 02:35:52.032  5662  5678 D OpenGLRenderer: endAllStagingAnimators on 0x7f99579400 (ListPopupWindow$DropDownListView) with handle 0x7f812074a0
08-04 02:35:52.036  5662  5673 I art     : Explicit concurrent mark sweep GC freed 4(128B) AllocSpace objects, 0(0B) LOS objects, 30% free, 36MB/52MB, paused 362us total 56.788ms
08-04 02:35:52.054  5662  5673 I art     : Starting a blocking GC Explicit
08-04 02:35:52.105  5662  5673 I art     : Explicit concurrent mark sweep GC freed 122(5KB) AllocSpace objects, 0(0B) LOS objects, 30% free, 36MB/52MB, paused 346us total 50.945ms
08-04 02:35:52.122  5662  5673 I art     : Starting a blocking GC Explicit
08-04 02:35:52.177  5662  5673 I art     : Explicit concurrent mark sweep GC freed 488(32KB) AllocSpace objects, 0(0B) LOS objects, 30% free, 36MB/52MB, paused 316us total 54.521ms
08-04 02:35:52.269   512  2967 D audio_hw_primary: disable_audio_route: reset and update mixer path: low-latency-playback speaker
08-04 02:35:52.270   512  2967 D audio_hw_primary: disable_snd_device: snd_device(2: speaker)
08-04 02:35:52.278   512  2967 I soundtrigger: audio_extn_sound_trigger_update_device_status: device 0x2 of type 0 for Event 0
08-04 02:35:52.493  5662  5676 I art     : Starting a blocking GC Explicit
08-04 02:35:52.567  5662  5676 I art     : Explicit concurrent mark sweep GC freed 1293(75KB) AllocSpace objects, 1(20KB) LOS objects, 30% free, 36MB/52MB, paused 361us total 73.369ms
08-04 02:35:52.586  5662  5676 I art     : Starting a blocking GC Explicit
08-04 02:35:52.646  5662  5676 I art     : Explicit concurrent mark sweep GC freed 18(624B) AllocSpace objects, 0(0B) LOS objects, 30% free, 36MB/52MB, paused 386us total 58.994ms
08-04 02:35:52.664  5662  5676 I art     : Starting a blocking GC Explicit
08-04 02:35:52.723  5662  5676 I art     : Explicit concurrent mark sweep GC freed 3(96B) AllocSpace objects, 0(0B) LOS objects, 30% free, 36MB/52MB, paused 354us total 58.659ms
08-04 02:35:52.743  5662  5676 I art     : Starting a blocking GC Explicit
08-04 02:35:52.801  5662  5676 I art     : Explicit concurrent mark sweep GC freed 3(96B) AllocSpace objects, 0(0B) LOS objects, 30% free, 36MB/52MB, paused 361us total 57.495ms
08-04 02:35:52.821  5662  5676 I art     : Starting a blocking GC Explicit
08-04 02:35:52.877  5662  5676 I art     : Explicit concurrent mark sweep GC freed 3(96B) AllocSpace objects, 0(0B) LOS objects, 30% free, 36MB/52MB, paused 333us total 55.420ms
08-04 02:35:53.166  5662  5684 I art     : Starting a blocking GC Explicit
08-04 02:35:53.227  5662  5684 I art     : Explicit concurrent mark sweep GC freed 1293(75KB) AllocSpace objects, 1(20KB) LOS objects, 30% free, 36MB/52MB, paused 366us total 60.583ms
08-04 02:35:53.246  5662  5684 I art     : Starting a blocking GC Explicit
08-04 02:35:53.258  6705  6705 D AndroidRuntime: >>>>>> START com.android.internal.os.RuntimeInit uid 2000 <<<<<<
08-04 02:35:53.262  6705  6705 D AndroidRuntime: CheckJNI is OFF
08-04 02:35:53.297  6705  6705 D ICU     : No timezone override file found: /data/misc/zoneinfo/current/icu/icu_tzdata.dat
08-04 02:35:53.303  5662  5684 I art     : Explicit concurrent mark sweep GC freed 18(624B) AllocSpace objects, 0(0B) LOS objects, 30% free, 36MB/52MB, paused 351us total 56.262ms
08-04 02:35:53.321  5662  5684 I art     : Starting a blocking GC Explicit
08-04 02:35:53.333  6705  6705 I Radio-JNI: register_android_hardware_Radio DONE
08-04 02:35:53.354  6705  6705 D AndroidRuntime: Calling main entry com.android.commands.input.Input
08-04 02:35:53.356  6705  6705 I Input   : injectMotionEvent: MotionEvent { action=ACTION_DOWN, actionButton=0, id[0]=0, x[0]=648.0, y[0]=709.0, toolType[0]=TOOL_TYPE_UNKNOWN, buttonState=0, metaState=0, flags=0x0, edgeFlags=0x0, pointerCount=1, historySize=0, eventTime=671769768, downTime=671769768, deviceId=0, source=0x1002 }
08-04 02:35:53.363  6705  6705 I Input   : injectMotionEvent: MotionEvent { action=ACTION_UP, actionButton=0, id[0]=0, x[0]=648.0, y[0]=709.0, toolType[0]=TOOL_TYPE_UNKNOWN, buttonState=0, metaState=0, flags=0x0, edgeFlags=0x0, pointerCount=1, historySize=0, eventTime=671769768, downTime=671769768, deviceId=0, source=0x1002 }
08-04 02:35:53.365  6705  6705 D AndroidRuntime: Shutting down VM
08-04 02:35:53.373  5662  5684 I art     : Explicit concurrent mark sweep GC freed 15(448B) AllocSpace objects, 0(0B) LOS objects, 30% free, 36MB/52MB, paused 362us total 51.922ms
08-04 02:35:53.392  5662  5684 I art     : Starting a blocking GC Explicit
08-04 02:35:53.431   512  2967 D audio_hw_primary: out_set_parameters: enter: usecase(1: low-latency-playback) kvpairs: routing=2
08-04 02:35:53.444   512  2967 D audio_hw_primary: select_devices: out_snd_device(2: speaker) in_snd_device(0: none)
08-04 02:35:53.444   512  2967 D msm8974_platform: platform_send_audio_calibration: sending audio calibration for snd_device(2) acdb_id(15)
08-04 02:35:53.444  5662  5684 I art     : Explicit concurrent mark sweep GC freed 215(26KB) AllocSpace objects, 1(20KB) LOS objects, 30% free, 36MB/52MB, paused 584us total 51.853ms
08-04 02:35:53.444   512  2967 I soundtrigger: audio_extn_sound_trigger_update_device_status: device 0x2 of type 0 for Event 1
08-04 02:35:53.455   512  2967 D audio_hw_primary: enable_snd_device: snd_device(2: speaker)
08-04 02:35:53.457   512  2967 D audio_hw_primary: enable_audio_route: apply and update mixer path: low-latency-playback speaker
08-04 02:35:53.462  5662  5684 I art     : Starting a blocking GC Explicit
08-04 02:35:53.513  5662  5684 I art     : Explicit concurrent mark sweep GC freed 616(34KB) AllocSpace objects, 0(0B) LOS objects, 30% free, 36MB/52MB, paused 460us total 50.817ms
08-04 02:35:53.805  5662  5673 I art     : Starting a blocking GC Explicit
08-04 02:35:53.882  5662  5673 I art     : Explicit concurrent mark sweep GC freed 1355(78KB) AllocSpace objects, 1(20KB) LOS objects, 30% free, 36MB/52MB, paused 326us total 76.738ms
08-04 02:35:53.906  5662  5673 I art     : Starting a blocking GC Explicit
08-04 02:35:53.975  5662  5673 I art     : Explicit concurrent mark sweep GC freed 28(960B) AllocSpace objects, 0(0B) LOS objects, 30% free, 36MB/52MB, paused 385us total 69.020ms
08-04 02:35:53.996  5662  5673 I art     : Starting a blocking GC Explicit
08-04 02:35:53.999   512  2967 D audio_hw_primary: disable_audio_route: reset and update mixer path: low-latency-playback speaker
08-04 02:35:54.001   512  2967 D audio_hw_primary: disable_snd_device: snd_device(2: speaker)
08-04 02:35:54.009   512  2967 I soundtrigger: audio_extn_sound_trigger_update_device_status: device 0x2 of type 0 for Event 0
08-04 02:35:54.059  5662  5673 I art     : Explicit concurrent mark sweep GC freed 3(96B) AllocSpace objects, 0(0B) LOS objects, 30% free, 36MB/52MB, paused 349us total 63.080ms
08-04 02:35:54.082  5662  5673 I art     : Starting a blocking GC Explicit
08-04 02:35:54.152  5662  5673 I art     : Explicit concurrent mark sweep GC freed 5(160B) AllocSpace objects, 0(0B) LOS objects, 30% free, 36MB/52MB, paused 450us total 69.874ms
08-04 02:35:54.177  5662  5673 I art     : Starting a blocking GC Explicit
08-04 02:35:54.248  5662  5673 I art     : Explicit concurrent mark sweep GC freed 3(96B) AllocSpace objects, 0(0B) LOS objects, 30% free, 36MB/52MB, paused 334us total 70.891ms
08-04 02:35:54.295   918  3261 D WifiStateMachine: starting scan for "H369AA63323"WPA_PSK with 2412,5180
08-04 02:35:54.551  5662  6047 I art     : Starting a blocking GC Explicit
08-04 02:35:54.621  5662  6047 I art     : Explicit concurrent mark sweep GC freed 1293(75KB) AllocSpace objects, 1(20KB) LOS objects, 30% free, 36MB/52MB, paused 353us total 69.698ms
08-04 02:35:54.640  5662  6047 I art     : Starting a blocking GC Explicit
08-04 02:35:54.694  5662  6047 I art     : Explicit concurrent mark sweep GC freed 20(688B) AllocSpace objects, 0(0B) LOS objects, 30% free, 36MB/52MB, paused 347us total 53.777ms
08-04 02:35:54.711  5662  6047 I art     : Starting a blocking GC Explicit
08-04 02:35:54.764  5662  6047 I art     : Explicit concurrent mark sweep GC freed 3(96B) AllocSpace objects, 0(0B) LOS objects, 30% free, 36MB/52MB, paused 353us total 52.759ms
08-04 02:35:54.782  5662  6047 I art     : Starting a blocking GC Explicit
08-04 02:35:54.838  5662  6047 I art     : Explicit concurrent mark sweep GC freed 3(96B) AllocSpace objects, 0(0B) LOS objects, 30% free, 36MB/52MB, paused 362us total 56.131ms
08-04 02:35:54.856  5662  6047 I art     : Starting a blocking GC Explicit
08-04 02:35:54.913  5662  6047 I art     : Explicit concurrent mark sweep GC freed 3(96B) AllocSpace objects, 0(0B) LOS objects, 30% free, 36MB/52MB, paused 354us total 56.721ms
08-04 02:35:55.028  6749  6749 D AndroidRuntime: >>>>>> START com.android.internal.os.RuntimeInit uid 2000 <<<<<<
08-04 02:35:55.034  6749  6749 D AndroidRuntime: CheckJNI is OFF
08-04 02:35:55.074  6749  6749 D ICU     : No timezone override file found: /data/misc/zoneinfo/current/icu/icu_tzdata.dat
08-04 02:35:55.109  6749  6749 I Radio-JNI: register_android_hardware_Radio DONE
08-04 02:35:55.131  6749  6749 D AndroidRuntime: Calling main entry com.android.commands.input.Input
08-04 02:35:55.133  6749  6749 I Input   : injectMotionEvent: MotionEvent { action=ACTION_DOWN, actionButton=0, id[0]=0, x[0]=1197.0, y[0]=1456.0, toolType[0]=TOOL_TYPE_UNKNOWN, buttonState=0, metaState=0, flags=0x0, edgeFlags=0x0, pointerCount=1, historySize=0, eventTime=671771546, downTime=671771546, deviceId=0, source=0x1002 }
08-04 02:35:55.138  6749  6749 I Input   : injectMotionEvent: MotionEvent { action=ACTION_UP, actionButton=0, id[0]=0, x[0]=1197.0, y[0]=1456.0, toolType[0]=TOOL_TYPE_UNKNOWN, buttonState=0, metaState=0, flags=0x0, edgeFlags=0x0, pointerCount=1, historySize=0, eventTime=671771546, downTime=671771546, deviceId=0, source=0x1002 }
08-04 02:35:55.139  6749  6749 D AndroidRuntime: Shutting down VM
08-04 02:35:55.156   512  2967 D audio_hw_primary: out_set_parameters: enter: usecase(1: low-latency-playback) kvpairs: routing=2
08-04 02:35:55.169   512  2967 D audio_hw_primary: select_devices: out_snd_device(2: speaker) in_snd_device(0: none)
08-04 02:35:55.169   512  2967 D msm8974_platform: platform_send_audio_calibration: sending audio calibration for snd_device(2) acdb_id(15)
08-04 02:35:55.169   512  2967 I soundtrigger: audio_extn_sound_trigger_update_device_status: device 0x2 of type 0 for Event 1
08-04 02:35:55.170  5662  5678 D OpenGLRenderer: endAllStagingAnimators on 0x7f810cdc00 (RippleDrawable) with handle 0x7f76d272e0
08-04 02:35:55.177  5662  5662 I SettingsManager: Setting string: savedCourse
08-04 02:35:55.180   512  2967 D audio_hw_primary: enable_snd_device: snd_device(2: speaker)
08-04 02:35:55.182   512  2967 D audio_hw_primary: enable_audio_route: apply and update mixer path: low-latency-playback speaker
08-04 02:35:55.183   918  6112 W BackupManagerService: dataChanged but no participant pkg='baseline.com.ak.uobtimetable' uid=10659
08-04 02:35:55.184   918  3670 I ActivityManager: START u0 {flg=0x4000000 cmp=baseline.com.ak.uobtimetable/.MainActivity (has extras)} from uid 10659 on display 0
08-04 02:35:55.201   918  6110 W InputMethodManagerService: Focus gain on non-focused client com.android.internal.view.IInputMethodClient$Stub$Proxy@f5bb67d (uid=10659 pid=5662)
08-04 02:35:55.215  5662  5662 D MainActivity: OnDestroy
08-04 02:35:55.233  5662  5662 D MainActivity: onCreate
08-04 02:35:55.233  5662  5662 I SettingsManager: Getting string: savedSessions
08-04 02:35:55.233  5662  5662 I SettingsManager: Getting string: savedSessions
08-04 02:35:55.234  5662  5673 I art     : Starting a blocking GC Explicit
08-04 02:35:55.243  5662  5662 I SettingsManager: Getting string: savedSessionsCourseName
08-04 02:35:55.243  5662  5662 I SettingsManager: Getting string: savedSessionsCourseName
08-04 02:35:55.243  5662  5662 I SettingsManager: Getting string: savedSessionsDateRange
08-04 02:35:55.243  5662  5662 I SettingsManager: Getting string: savedSessionsDateRange
08-04 02:35:55.243  5662  5662 I Settings: 10 saved sessions - Bedfordshire International and EU Foundation Year - Int Foun - Ltn - Y0 Feb FT - Weeks: 24-38 (8 Jun 2020-20 Sep 2020)
08-04 02:35:55.276  5662  5662 I SettingsManager: Getting string: savedCourse
08-04 02:35:55.277  5662  5662 D MainActivity: sessionListFragmentArg: updateSessions
08-04 02:35:55.277  5662  5662 D MainActivity: showTermDatesConfigChange: false
08-04 02:35:55.277  5662  5662 D MainActivity: showTermDatesShortcut: false
08-04 02:35:55.277  5662  5662 D MainActivity: Setting initial fragment: SessionListsFragment
08-04 02:35:55.278  5662  5662 I SettingsManager: Getting int: launchCount
08-04 02:35:55.279  5662  5662 D SessionListsFragment: onCreateView
08-04 02:35:55.282  5662  5662 I SettingsManager: Getting string: savedCourse
08-04 02:35:55.285  5662  5662 I SettingsManager: Getting string: savedSessions
08-04 02:35:55.294  5662  5662 D SessionListsFragment: loadArgument: updateSessions
08-04 02:35:55.294  5662  5662 D SessionListsFragment: initialIndex: -1
08-04 02:35:55.296  5662  6772 D HTTP    : Request for: https://uob-timetable-api.adriankeenan.co.uk/sessions?dept=CM010&course=BSAIFAAF%2F02AA%2F0%2FFT&level=Foundation+Year
08-04 02:35:55.297  5662  5673 I art     : Explicit concurrent mark sweep GC freed 18862(908KB) AllocSpace objects, 4(1380KB) LOS objects, 30% free, 37MB/53MB, paused 1.028ms total 63.123ms
08-04 02:35:55.311  5662  5662 D TermDatesFragment: WebView loaded
08-04 02:35:55.311  5662  5662 D MainActivity: OnResume
08-04 02:35:55.319  5662  5673 I art     : Starting a blocking GC Explicit
08-04 02:35:55.380  5662  5673 I art     : Explicit concurrent mark sweep GC freed 4295(230KB) AllocSpace objects, 1(40KB) LOS objects, 30% free, 37MB/53MB, paused 1.009ms total 60.263ms
08-04 02:35:55.385  5662  5662 I TermDatesFragment: Webview load %: 10
08-04 02:35:55.397  5662  5673 I art     : Starting a blocking GC Explicit
08-04 02:35:55.408   918   936 I ActivityManager: Displayed baseline.com.ak.uobtimetable/.MainActivity: +205ms
08-04 02:35:55.409 13866 13866 I GoogleInputMethodServic: GoogleInputMethodService.onFinishInput():3138 
08-04 02:35:55.411 13866 13866 I GoogleInputMethodServic: GoogleInputMethodService.onStartInput():1808 
08-04 02:35:55.451  5662  5673 I art     : Explicit concurrent mark sweep GC freed 627(35KB) AllocSpace objects, 0(0B) LOS objects, 30% free, 37MB/53MB, paused 571us total 53.239ms
08-04 02:35:55.470  5662  5673 I art     : Starting a blocking GC Explicit
08-04 02:35:55.515  5662  5662 I TermDatesFragment: Webview load %: 70
08-04 02:35:55.519  5662  6772 I NAPPA_EXPERIMENTATION: MetricNetworkRequestExecutionTime: REQUEST_DURATION_SYSTEM='220',REQUEST_DURATION_OKHTTP='35',REQUEST_SYNCHRONOUS='TRUE',RESPONSE_CODE='200',RESPONSE_METHOD='GET',RESPONSE_LENGTH_OKHTTP='-1',RESPONSE_LENGTH_HEADER='1214',REQUEST_PROTOCOL='http/1.1',REQUEST_URL='https://uob-timetable-api.adriankeenan.co.uk/sessions?dept=CM010&course=BSAIFAAF%2F02AA%2F0%2FFT&level=Foundation+Year',
08-04 02:35:55.519  5662  5673 I art     : Explicit concurrent mark sweep GC freed 29305(1351KB) AllocSpace objects, 3(200KB) LOS objects, 30% free, 36MB/52MB, paused 631us total 48.215ms
08-04 02:35:55.523  5662  5662 I TermDatesFragment: Webview load %: 100
08-04 02:35:55.524  5662  5662 I TermDatesFragment: Webview load %: 100
08-04 02:35:55.535  5662  5673 I art     : Starting a blocking GC Explicit
08-04 02:35:55.553   918  6110 I AccountManagerService: getTypesVisibleToCaller: isPermitted? true
08-04 02:35:55.560  5662  6772 I HTTP    : Response was compressed.
08-04 02:35:55.571  5662  6772 I Service : getSessions response time: 1.10
08-04 02:35:55.572  5662  5662 I SettingsManager: Getting string: savedSessions
08-04 02:35:55.572  5662  5662 I SettingsManager: Getting string: savedSessions
08-04 02:35:55.581  5662  5662 I Service : Sessions updated: 10
08-04 02:35:55.581  5662  5662 I Service : Sessions removed from new list: 0
08-04 02:35:55.583  5662  5673 I art     : Explicit concurrent mark sweep GC freed 11545(602KB) AllocSpace objects, 3(112KB) LOS objects, 30% free, 36MB/52MB, paused 874us total 47.683ms
08-04 02:35:55.589  5662  5662 I SettingsManager: Setting string: savedSessions
08-04 02:35:55.595   918  4413 W BackupManagerService: dataChanged but no participant pkg='baseline.com.ak.uobtimetable' uid=10659
08-04 02:35:55.595  5662  5662 I SettingsManager: Setting date: savedSessionsTime
08-04 02:35:55.601   918  6029 W BackupManagerService: dataChanged but no participant pkg='baseline.com.ak.uobtimetable' uid=10659
08-04 02:35:55.601  5662  5662 I SettingsManager: Setting string: savedSessionsCourseName
08-04 02:35:55.607   918  4400 W BackupManagerService: dataChanged but no participant pkg='baseline.com.ak.uobtimetable' uid=10659
08-04 02:35:55.607  5662  5662 I SettingsManager: Setting string: savedSessionsDateRange
08-04 02:35:55.607   918  5481 W BackupManagerService: dataChanged but no participant pkg='baseline.com.ak.uobtimetable' uid=10659
08-04 02:35:55.607  5662  5662 I SettingsManager: Setting string: timetableUrl
08-04 02:35:55.607   918  3714 W BackupManagerService: dataChanged but no participant pkg='baseline.com.ak.uobtimetable' uid=10659
08-04 02:35:55.608  5662  5662 I SettingsManager: Getting boolean: notifySessionRemindersEnabled
08-04 02:35:55.608  5662  5662 I SettingsManager: Getting int: notifySessionRemindersMinutes
08-04 02:35:55.608  5662  5662 I SettingsManager: Getting boolean: showHiddenSessions
08-04 02:35:55.609  5662  5662 I SessionReminderNotifier: Created session reminder alarm for f7b4771250a919bd729c1c5a4a459c77 at Mon 08:30:00 10/08/20
08-04 02:35:55.611  5662  5662 I SessionReminderNotifier: Created session reminder alarm for a7f879aabdeb78622c8820a5fb7b64cd at Tue 08:30:00 04/08/20
08-04 02:35:55.612  5662  5662 I SessionReminderNotifier: Created session reminder alarm for 7bc8d7e2c2055711f597c3d9078c6ea3 at Tue 08:30:00 04/08/20
08-04 02:35:55.613  5662  5662 I SessionReminderNotifier: Created session reminder alarm for 53c0527a6f009a1f2fd223834d3bfe51 at Tue 10:30:00 04/08/20
08-04 02:35:55.615  5662  5662 I SessionReminderNotifier: Created session reminder alarm for e0fc978b5db8218778540b4053344581 at Tue 11:00:00 04/08/20
08-04 02:35:55.616  5662  5662 I SessionReminderNotifier: Created session reminder alarm for 199afb0100f329ff65a09e1b0cd9deba at Tue 11:30:00 04/08/20
08-04 02:35:55.617  5662  5662 I SessionReminderNotifier: Created session reminder alarm for 21712fef61090882c855a1425543edb5 at Tue 13:30:00 04/08/20
08-04 02:35:55.618  5662  5662 I SessionReminderNotifier: Created session reminder alarm for 65ca4d97f031f29a4d02bbb45a705d8f at Wed 08:30:00 05/08/20
08-04 02:35:55.619  5662  5662 I SessionReminderNotifier: Created session reminder alarm for eeda7741b0bcab58fd9f46dc6ef1d942 at Wed 08:30:00 05/08/20
08-04 02:35:55.620  5662  5662 I SessionReminderNotifier: Created session reminder alarm for c276c1b2075a0beb67f1b3d1e580f920 at Wed 11:00:00 05/08/20
08-04 02:35:55.621  5662  5662 I SessionReminderNotifier: Created session reminder alarm for 8b1f3627e42ae13a6f6ba0a83903dde1 at Wed 13:30:00 05/08/20
08-04 02:35:55.622  5662  5662 I SessionReminderNotifier: Created session reminder alarm for 79fe0b5c3b887a13ba29db5a33fa2800 at Thu 08:30:00 06/08/20
08-04 02:35:55.623  5662  5662 I SessionReminderNotifier: Created session reminder alarm for cb9dfc8231cdba2be0835dc5709690e1 at Thu 08:30:00 06/08/20
08-04 02:35:55.624  5662  5662 I SessionReminderNotifier: Created session reminder alarm for f850dc24d6de60b7b89fa9e1a8c224c5 at Thu 12:00:00 06/08/20
08-04 02:35:55.625  5662  5662 I SessionReminderNotifier: Created session reminder alarm for 2ba1034116e4fffdd592dbf0796a43d5 at Fri 08:30:00 07/08/20
08-04 02:35:55.625  5662  5662 I SettingsManager: Getting boolean: showHiddenSessions
08-04 02:35:55.626  5662  5662 D SessionListsFragment: 1 sessions for day 0
08-04 02:35:55.626  5662  5662 D SessionListsFragment: 6 sessions for day 1
08-04 02:35:55.626  5662  5662 D SessionListsFragment: 4 sessions for day 2
08-04 02:35:55.626  5662  5662 D SessionListsFragment: 3 sessions for day 3
08-04 02:35:55.626  5662  5662 D SessionListsFragment: 1 sessions for day 4
08-04 02:35:55.657  5662  5662 I SettingsManager: Getting boolean: showHiddenSessions
08-04 02:35:55.658  5662  5662 D SessionListsFragment: Refreshed ViewPager
08-04 02:35:55.658  5662  5662 I SettingsManager: Getting boolean: showHiddenSessions
08-04 02:35:55.658  5662  5662 I SettingsManager: Getting boolean: completedTutorial
08-04 02:35:55.658  5662  5662 I SettingsManager: Getting boolean: showHiddenSessions
08-04 02:35:55.658  5662  5662 I SettingsManager: Getting date: savedSessionsTime
08-04 02:35:55.728   512  2967 D audio_hw_primary: disable_audio_route: reset and update mixer path: low-latency-playback speaker
08-04 02:35:55.729   512  2967 D audio_hw_primary: disable_snd_device: snd_device(2: speaker)
08-04 02:35:55.737   512  2967 I soundtrigger: audio_extn_sound_trigger_update_device_status: device 0x2 of type 0 for Event 0
08-04 02:35:55.856  5662  5676 I art     : Starting a blocking GC Explicit
08-04 02:35:55.924  5662  5676 I art     : Explicit concurrent mark sweep GC freed 119067(4MB) AllocSpace objects, 4(80KB) LOS objects, 30% free, 37MB/53MB, paused 1.050ms total 68.087ms
08-04 02:35:55.942  5662  5676 I art     : Starting a blocking GC Explicit
08-04 02:35:56.002  5662  5676 I art     : Explicit concurrent mark sweep GC freed 38453(1694KB) AllocSpace objects, 0(0B) LOS objects, 30% free, 37MB/53MB, paused 1.069ms total 59.705ms
08-04 02:35:56.018  5662  5676 I art     : Starting a blocking GC Explicit
08-04 02:35:56.078  5662  5676 I art     : Explicit concurrent mark sweep GC freed 32093(1313KB) AllocSpace objects, 0(0B) LOS objects, 30% free, 37MB/53MB, paused 1.752ms total 59.769ms
08-04 02:35:56.096  5662  5676 I art     : Starting a blocking GC Explicit
08-04 02:35:56.155  5662  5676 I art     : Explicit concurrent mark sweep GC freed 37452(1536KB) AllocSpace objects, 0(0B) LOS objects, 30% free, 37MB/53MB, paused 1.020ms total 58.897ms
08-04 02:35:56.172  5662  5676 I art     : Starting a blocking GC Explicit
08-04 02:35:56.231  5662  5676 I art     : Explicit concurrent mark sweep GC freed 33121(1366KB) AllocSpace objects, 0(0B) LOS objects, 29% free, 37MB/53MB, paused 947us total 59.714ms
08-04 02:35:56.304  5662  5662 I Choreographer: Skipped 37 frames!  The application may be doing too much work on its main thread.
08-04 02:35:56.515  5662  5684 I art     : Starting a blocking GC Explicit
08-04 02:35:56.580  5662  5684 I art     : Explicit concurrent mark sweep GC freed 36690(1537KB) AllocSpace objects, 1(20KB) LOS objects, 29% free, 37MB/53MB, paused 438us total 65.539ms
08-04 02:35:56.600  5662  5684 I art     : Starting a blocking GC Explicit
08-04 02:35:56.644  5662  5684 I art     : Explicit concurrent mark sweep GC freed 122770(11MB) AllocSpace objects, 3(136KB) LOS objects, 37% free, 26MB/42MB, paused 398us total 44.227ms
08-04 02:35:56.656  5662  5684 I art     : Starting a blocking GC Explicit
08-04 02:35:56.686  5662  5684 I art     : Explicit concurrent mark sweep GC freed 3(96B) AllocSpace objects, 0(0B) LOS objects, 37% free, 26MB/42MB, paused 390us total 29.809ms
08-04 02:35:56.697  5662  5684 I art     : Starting a blocking GC Explicit
08-04 02:35:56.727  5662  5684 I art     : Explicit concurrent mark sweep GC freed 3(96B) AllocSpace objects, 0(0B) LOS objects, 37% free, 26MB/42MB, paused 424us total 30.756ms
08-04 02:35:56.739  5662  5684 I art     : Starting a blocking GC Explicit
08-04 02:35:56.771  5662  5684 I art     : Explicit concurrent mark sweep GC freed 3(96B) AllocSpace objects, 0(0B) LOS objects, 37% free, 26MB/42MB, paused 413us total 31.821ms
08-04 02:35:56.919   518   646 I ThermalEngine: ACTION: GPU - Setting GPU[0] to 450000000
08-04 02:35:57.073  5662  5673 I art     : Starting a blocking GC Explicit
08-04 02:35:57.132  5662  5673 I art     : Explicit concurrent mark sweep GC freed 1295(75KB) AllocSpace objects, 1(20KB) LOS objects, 37% free, 26MB/42MB, paused 556us total 57.889ms
08-04 02:35:57.150  5662  5673 I art     : Starting a blocking GC Explicit
08-04 02:35:57.196  5662  5673 I art     : Explicit concurrent mark sweep GC freed 18(624B) AllocSpace objects, 0(0B) LOS objects, 37% free, 26MB/42MB, paused 553us total 46.590ms
08-04 02:35:57.213  5662  5673 I art     : Starting a blocking GC Explicit
08-04 02:35:57.258  5662  5673 I art     : Explicit concurrent mark sweep GC freed 7(256B) AllocSpace objects, 0(0B) LOS objects, 37% free, 26MB/42MB, paused 536us total 44.780ms
08-04 02:35:57.276  5662  5673 I art     : Starting a blocking GC Explicit
08-04 02:35:57.321  5662  5673 I art     : Explicit concurrent mark sweep GC freed 37(1280B) AllocSpace objects, 0(0B) LOS objects, 37% free, 26MB/42MB, paused 777us total 44.269ms
08-04 02:35:57.337  5662  5673 I art     : Starting a blocking GC Explicit
08-04 02:35:57.378  5662  5673 I art     : Explicit concurrent mark sweep GC freed 44(1424B) AllocSpace objects, 0(0B) LOS objects, 37% free, 26MB/42MB, paused 672us total 40.821ms
08-04 02:35:57.727  5662  5684 I art     : Starting a blocking GC Explicit
08-04 02:35:57.783  5662  5684 I art     : Explicit concurrent mark sweep GC freed 1368(77KB) AllocSpace objects, 1(20KB) LOS objects, 37% free, 26MB/42MB, paused 612us total 55.530ms
08-04 02:35:57.801  5662  5684 I art     : Starting a blocking GC Explicit
08-04 02:35:57.849  5662  5684 I art     : Explicit concurrent mark sweep GC freed 18(624B) AllocSpace objects, 0(0B) LOS objects, 37% free, 26MB/42MB, paused 549us total 47.690ms
08-04 02:35:57.866  5662  5684 I art     : Starting a blocking GC Explicit
08-04 02:35:57.910  5662  5684 I art     : Explicit concurrent mark sweep GC freed 3(96B) AllocSpace objects, 0(0B) LOS objects, 37% free, 26MB/42MB, paused 525us total 43.442ms
08-04 02:35:57.926  5662  5684 I art     : Starting a blocking GC Explicit
08-04 02:35:57.973  5662  5684 I art     : Explicit concurrent mark sweep GC freed 3(96B) AllocSpace objects, 0(0B) LOS objects, 37% free, 26MB/42MB, paused 524us total 47.062ms
08-04 02:35:57.990  5662  5684 I art     : Starting a blocking GC Explicit
08-04 02:35:58.034  5662  5684 I art     : Explicit concurrent mark sweep GC freed 3(96B) AllocSpace objects, 0(0B) LOS objects, 37% free, 26MB/42MB, paused 561us total 43.861ms
08-04 02:35:58.370  5662  6047 I art     : Starting a blocking GC Explicit
08-04 02:35:58.419  5662  6047 I art     : Explicit concurrent mark sweep GC freed 1293(75KB) AllocSpace objects, 1(20KB) LOS objects, 37% free, 26MB/42MB, paused 541us total 48.490ms
08-04 02:35:58.435  5662  6047 I art     : Starting a blocking GC Explicit
08-04 02:35:58.477  5662  6047 I art     : Explicit concurrent mark sweep GC freed 18(624B) AllocSpace objects, 0(0B) LOS objects, 37% free, 26MB/42MB, paused 530us total 41.683ms
08-04 02:35:58.493  5662  6047 I art     : Starting a blocking GC Explicit
08-04 02:35:58.540  5662  6047 I art     : Explicit concurrent mark sweep GC freed 3(96B) AllocSpace objects, 0(0B) LOS objects, 37% free, 26MB/42MB, paused 552us total 47.239ms
08-04 02:35:58.557  5662  6047 I art     : Starting a blocking GC Explicit
08-04 02:35:58.603  5662  6047 I art     : Explicit concurrent mark sweep GC freed 3(96B) AllocSpace objects, 0(0B) LOS objects, 37% free, 26MB/42MB, paused 547us total 45.748ms
08-04 02:35:58.619  5662  6047 I art     : Starting a blocking GC Explicit
08-04 02:35:58.666  5662  6047 I art     : Explicit concurrent mark sweep GC freed 3(96B) AllocSpace objects, 0(0B) LOS objects, 37% free, 26MB/42MB, paused 555us total 47.281ms
08-04 02:35:58.921   518   646 I ThermalEngine: ACTION: GPU - Setting GPU[0] to 510000000
08-04 02:35:58.974  5662  5673 I art     : Starting a blocking GC Explicit
08-04 02:35:59.020  5662  5673 I art     : Explicit concurrent mark sweep GC freed 1293(75KB) AllocSpace objects, 1(20KB) LOS objects, 37% free, 26MB/42MB, paused 457us total 45.108ms
08-04 02:35:59.034  5662  5673 I art     : Starting a blocking GC Explicit
08-04 02:35:59.069  5662  5673 I art     : Explicit concurrent mark sweep GC freed 18(624B) AllocSpace objects, 0(0B) LOS objects, 37% free, 26MB/42MB, paused 407us total 35.266ms
08-04 02:35:59.082  5662  5673 I art     : Starting a blocking GC Explicit
08-04 02:35:59.116  5662  5673 I art     : Explicit concurrent mark sweep GC freed 3(96B) AllocSpace objects, 0(0B) LOS objects, 37% free, 26MB/42MB, paused 388us total 34.477ms
08-04 02:35:59.129  5662  5673 I art     : Starting a blocking GC Explicit
08-04 02:35:59.164  5662  5673 I art     : Explicit concurrent mark sweep GC freed 3(96B) AllocSpace objects, 0(0B) LOS objects, 37% free, 26MB/42MB, paused 402us total 34.917ms
08-04 02:35:59.177  5662  5673 I art     : Starting a blocking GC Explicit
08-04 02:35:59.212  5662  5673 I art     : Explicit concurrent mark sweep GC freed 3(96B) AllocSpace objects, 0(0B) LOS objects, 37% free, 26MB/42MB, paused 417us total 35.153ms
08-04 02:35:59.537  5662  5684 I art     : Starting a blocking GC Explicit
08-04 02:35:59.571  5662  5684 I art     : Explicit concurrent mark sweep GC freed 1336(77KB) AllocSpace objects, 1(20KB) LOS objects, 37% free, 26MB/42MB, paused 399us total 34.491ms
08-04 02:35:59.585  5662  5684 I art     : Starting a blocking GC Explicit
08-04 02:35:59.617  5662  5684 I art     : Explicit concurrent mark sweep GC freed 75(2368B) AllocSpace objects, 0(0B) LOS objects, 37% free, 26MB/42MB, paused 429us total 32.394ms
08-04 02:35:59.628  5662  5684 I art     : Starting a blocking GC Explicit
08-04 02:35:59.659  5662  5684 I art     : Explicit concurrent mark sweep GC freed 160(10KB) AllocSpace objects, 0(0B) LOS objects, 37% free, 26MB/42MB, paused 377us total 30.729ms
08-04 02:35:59.671  5662  5684 I art     : Starting a blocking GC Explicit
08-04 02:35:59.705  5662  5684 I art     : Explicit concurrent mark sweep GC freed 14(512B) AllocSpace objects, 0(0B) LOS objects, 37% free, 26MB/42MB, paused 379us total 33.225ms
08-04 02:35:59.717  5662  5684 I art     : Starting a blocking GC Explicit
08-04 02:35:59.750  5662  5684 I art     : Explicit concurrent mark sweep GC freed 3(96B) AllocSpace objects, 0(0B) LOS objects, 37% free, 26MB/42MB, paused 384us total 32.560ms
08-04 02:35:59.814  6845  6845 D AndroidRuntime: >>>>>> START com.android.internal.os.RuntimeInit uid 2000 <<<<<<
08-04 02:35:59.819  6845  6845 D AndroidRuntime: CheckJNI is OFF
08-04 02:35:59.854  6845  6845 D ICU     : No timezone override file found: /data/misc/zoneinfo/current/icu/icu_tzdata.dat
08-04 02:35:59.890  6845  6845 I Radio-JNI: register_android_hardware_Radio DONE
08-04 02:35:59.912  6845  6845 D AndroidRuntime: Calling main entry com.android.commands.input.Input
08-04 02:35:59.914  6845  6845 I Input   : injectMotionEvent: MotionEvent { action=ACTION_DOWN, actionButton=0, id[0]=0, x[0]=81.0, y[0]=176.0, toolType[0]=TOOL_TYPE_UNKNOWN, buttonState=0, metaState=0, flags=0x0, edgeFlags=0x0, pointerCount=1, historySize=0, eventTime=671776326, downTime=671776326, deviceId=0, source=0x1002 }
08-04 02:35:59.919  6845  6845 I Input   : injectMotionEvent: MotionEvent { action=ACTION_UP, actionButton=0, id[0]=0, x[0]=81.0, y[0]=176.0, toolType[0]=TOOL_TYPE_UNKNOWN, buttonState=0, metaState=0, flags=0x0, edgeFlags=0x0, pointerCount=1, historySize=0, eventTime=671776326, downTime=671776326, deviceId=0, source=0x1002 }
08-04 02:35:59.921  6845  6845 D AndroidRuntime: Shutting down VM
08-04 02:35:59.937   512  2967 D audio_hw_primary: out_set_parameters: enter: usecase(1: low-latency-playback) kvpairs: routing=2
08-04 02:35:59.950   512  2967 D audio_hw_primary: select_devices: out_snd_device(2: speaker) in_snd_device(0: none)
08-04 02:35:59.951   512  2967 D msm8974_platform: platform_send_audio_calibration: sending audio calibration for snd_device(2) acdb_id(15)
08-04 02:35:59.951   512  2967 I soundtrigger: audio_extn_sound_trigger_update_device_status: device 0x2 of type 0 for Event 1
08-04 02:35:59.967   512  2967 D audio_hw_primary: enable_snd_device: snd_device(2: speaker)
08-04 02:35:59.969   512  2967 D audio_hw_primary: enable_audio_route: apply and update mixer path: low-latency-playback speaker
08-04 02:35:59.973 13866 13866 I GoogleInputMethodServic: GoogleInputMethodService.onFinishInput():3138 
08-04 02:35:59.975 13866 13866 I GoogleInputMethodServic: GoogleInputMethodService.onStartInput():1808 
08-04 02:36:00.033  5662  5676 I art     : Starting a blocking GC Explicit
08-04 02:36:00.064  5662  5676 I art     : Explicit concurrent mark sweep GC freed 1710(96KB) AllocSpace objects, 1(20KB) LOS objects, 37% free, 26MB/42MB, paused 352us total 30.012ms
08-04 02:36:00.076  5662  5676 I art     : Starting a blocking GC Explicit
08-04 02:36:00.105  5662  5676 I art     : Explicit concurrent mark sweep GC freed 26(1056B) AllocSpace objects, 0(0B) LOS objects, 37% free, 26MB/42MB, paused 381us total 29.582ms
08-04 02:36:00.117  5662  5676 I art     : Starting a blocking GC Explicit
08-04 02:36:00.146  5662  5676 I art     : Explicit concurrent mark sweep GC freed 3(96B) AllocSpace objects, 0(0B) LOS objects, 37% free, 26MB/42MB, paused 352us total 29.630ms
08-04 02:36:00.158  5662  5676 I art     : Starting a blocking GC Explicit
08-04 02:36:00.188  5662  5676 I art     : Explicit concurrent mark sweep GC freed 5(160B) AllocSpace objects, 0(0B) LOS objects, 37% free, 26MB/42MB, paused 370us total 29.896ms
08-04 02:36:00.200  5662  5676 I art     : Starting a blocking GC Explicit
08-04 02:36:00.229  5662  5676 I art     : Explicit concurrent mark sweep GC freed 3(96B) AllocSpace objects, 0(0B) LOS objects, 37% free, 26MB/42MB, paused 340us total 29.686ms
08-04 02:36:00.509   512  2967 D audio_hw_primary: disable_audio_route: reset and update mixer path: low-latency-playback speaker
08-04 02:36:00.510   512  2967 D audio_hw_primary: disable_snd_device: snd_device(2: speaker)
08-04 02:36:00.518   512  2967 I soundtrigger: audio_extn_sound_trigger_update_device_status: device 0x2 of type 0 for Event 0
08-04 02:36:00.521  5662  6047 I art     : Starting a blocking GC Explicit
08-04 02:36:00.557  5662  6047 I art     : Explicit concurrent mark sweep GC freed 1296(75KB) AllocSpace objects, 1(20KB) LOS objects, 37% free, 26MB/42MB, paused 336us total 35.697ms
08-04 02:36:00.569  5662  6047 I art     : Starting a blocking GC Explicit
08-04 02:36:00.576   918 13198 D NetlinkSocketObserver: NeighborEvent{elapsedMs=1655164451, 192.168.2.254, [7C3953A63323], RTM_NEWNEIGH, NUD_REACHABLE}
08-04 02:36:00.602  5662  6047 I art     : Explicit concurrent mark sweep GC freed 26(880B) AllocSpace objects, 0(0B) LOS objects, 37% free, 26MB/42MB, paused 334us total 32.953ms
08-04 02:36:00.615  5662  6047 I art     : Starting a blocking GC Explicit
08-04 02:36:00.648  5662  6047 I art     : Explicit concurrent mark sweep GC freed 3(96B) AllocSpace objects, 0(0B) LOS objects, 37% free, 26MB/42MB, paused 450us total 33.245ms
08-04 02:36:00.661  5662  6047 I art     : Starting a blocking GC Explicit
08-04 02:36:00.694  5662  6047 I art     : Explicit concurrent mark sweep GC freed 5(160B) AllocSpace objects, 0(0B) LOS objects, 37% free, 26MB/42MB, paused 372us total 33.334ms
08-04 02:36:00.707  5662  6047 I art     : Starting a blocking GC Explicit
08-04 02:36:00.740  5662  6047 I art     : Explicit concurrent mark sweep GC freed 3(96B) AllocSpace objects, 0(0B) LOS objects, 37% free, 26MB/42MB, paused 372us total 33.579ms
08-04 02:36:01.044  5662  5673 I art     : Starting a blocking GC Explicit
08-04 02:36:01.091  5662  5673 I art     : Explicit concurrent mark sweep GC freed 1293(75KB) AllocSpace objects, 1(20KB) LOS objects, 37% free, 26MB/42MB, paused 402us total 46.953ms
08-04 02:36:01.107  5662  5673 I art     : Starting a blocking GC Explicit
08-04 02:36:01.143  5662  5673 I art     : Explicit concurrent mark sweep GC freed 18(624B) AllocSpace objects, 0(0B) LOS objects, 37% free, 26MB/42MB, paused 368us total 35.420ms
08-04 02:36:01.156  5662  5673 I art     : Starting a blocking GC Explicit
08-04 02:36:01.189  5662  5673 I art     : Explicit concurrent mark sweep GC freed 3(96B) AllocSpace objects, 0(0B) LOS objects, 37% free, 26MB/42MB, paused 362us total 33.539ms
08-04 02:36:01.201  5662  5673 I art     : Starting a blocking GC Explicit
08-04 02:36:01.234  5662  5673 I art     : Explicit concurrent mark sweep GC freed 3(96B) AllocSpace objects, 0(0B) LOS objects, 37% free, 26MB/42MB, paused 355us total 32.395ms
08-04 02:36:01.245  5662  5673 I art     : Starting a blocking GC Explicit
08-04 02:36:01.278  5662  5673 I art     : Explicit concurrent mark sweep GC freed 3(96B) AllocSpace objects, 0(0B) LOS objects, 37% free, 26MB/42MB, paused 379us total 32.775ms
08-04 02:36:01.563  5662  5684 I art     : Starting a blocking GC Explicit
08-04 02:36:01.575  6897  6897 D AndroidRuntime: >>>>>> START com.android.internal.os.RuntimeInit uid 2000 <<<<<<
08-04 02:36:01.581  6897  6897 D AndroidRuntime: CheckJNI is OFF
08-04 02:36:01.600  5662  5684 I art     : Explicit concurrent mark sweep GC freed 1295(75KB) AllocSpace objects, 1(20KB) LOS objects, 37% free, 26MB/42MB, paused 399us total 36.879ms
08-04 02:36:01.612  5662  5684 I art     : Starting a blocking GC Explicit
08-04 02:36:01.619  6897  6897 D ICU     : No timezone override file found: /data/misc/zoneinfo/current/icu/icu_tzdata.dat
08-04 02:36:01.643  5662  5684 I art     : Explicit concurrent mark sweep GC freed 24(816B) AllocSpace objects, 0(0B) LOS objects, 37% free, 26MB/42MB, paused 374us total 30.604ms
08-04 02:36:01.652  6897  6897 I Radio-JNI: register_android_hardware_Radio DONE
08-04 02:36:01.655  5662  5684 I art     : Starting a blocking GC Explicit
08-04 02:36:01.673  6897  6897 D AndroidRuntime: Calling main entry com.android.commands.input.Input
08-04 02:36:01.676  6897  6897 I Input   : injectMotionEvent: MotionEvent { action=ACTION_DOWN, actionButton=0, id[0]=0, x[0]=436.0, y[0]=1770.0, toolType[0]=TOOL_TYPE_UNKNOWN, buttonState=0, metaState=0, flags=0x0, edgeFlags=0x0, pointerCount=1, historySize=0, eventTime=671778089, downTime=671778089, deviceId=0, source=0x1002 }
08-04 02:36:01.680  6897  6897 I Input   : injectMotionEvent: MotionEvent { action=ACTION_UP, actionButton=0, id[0]=0, x[0]=436.0, y[0]=1770.0, toolType[0]=TOOL_TYPE_UNKNOWN, buttonState=0, metaState=0, flags=0x0, edgeFlags=0x0, pointerCount=1, historySize=0, eventTime=671778089, downTime=671778089, deviceId=0, source=0x1002 }
08-04 02:36:01.681  6897  6897 D AndroidRuntime: Shutting down VM
08-04 02:36:01.686  5662  5684 I art     : Explicit concurrent mark sweep GC freed 13(384B) AllocSpace objects, 0(0B) LOS objects, 37% free, 26MB/42MB, paused 391us total 30.658ms
08-04 02:36:01.690  5662  5662 D MainActivity: NavigationItemSelected: Courses
08-04 02:36:01.691   918  6111 I ActivityManager: START u0 {cmp=baseline.com.ak.uobtimetable/.CourseListActivity} from uid 10659 on display 0
08-04 02:36:01.692   512  2967 D audio_hw_primary: out_set_parameters: enter: usecase(1: low-latency-playback) kvpairs: routing=2
08-04 02:36:01.699  5662  5684 I art     : Starting a blocking GC Explicit
08-04 02:36:01.705   512  2967 D audio_hw_primary: select_devices: out_snd_device(2: speaker) in_snd_device(0: none)
08-04 02:36:01.705   512  2967 D msm8974_platform: platform_send_audio_calibration: sending audio calibration for snd_device(2) acdb_id(15)
08-04 02:36:01.705   512  2967 I soundtrigger: audio_extn_sound_trigger_update_device_status: device 0x2 of type 0 for Event 1
08-04 02:36:01.712  5662  5662 D MainActivity: OnPause
08-04 02:36:01.716   512  2967 D audio_hw_primary: enable_snd_device: snd_device(2: speaker)
08-04 02:36:01.718   512  2967 D audio_hw_primary: enable_audio_route: apply and update mixer path: low-latency-playback speaker
08-04 02:36:01.732  5662  5684 I art     : Explicit concurrent mark sweep GC freed 672(28KB) AllocSpace objects, 0(0B) LOS objects, 37% free, 26MB/42MB, paused 1.240ms total 33.155ms
08-04 02:36:01.743  5662  5684 I art     : Starting a blocking GC Explicit
08-04 02:36:01.744  5662  5662 D CourseListActivity: onCreate
08-04 02:36:01.746  5662  6920 D HTTP    : Request for: https://uob-timetable-api.adriankeenan.co.uk/courses
08-04 02:36:01.775  5662  5684 I art     : Explicit concurrent mark sweep GC freed 2047(115KB) AllocSpace objects, 0(0B) LOS objects, 37% free, 26MB/42MB, paused 473us total 30.996ms
08-04 02:36:01.808   918   936 I ActivityManager: Displayed baseline.com.ak.uobtimetable/.CourseListActivity: +95ms
08-04 02:36:01.810 13866 13866 I GoogleInputMethodServic: GoogleInputMethodService.onFinishInput():3138 
08-04 02:36:01.810 13866 13866 I GoogleInputMethodServic: GoogleInputMethodService.onStartInput():1808 
08-04 02:36:01.948  5662  6920 I NAPPA_EXPERIMENTATION: MetricNetworkRequestExecutionTime: REQUEST_DURATION_SYSTEM='201',REQUEST_DURATION_OKHTTP='30',REQUEST_SYNCHRONOUS='TRUE',RESPONSE_CODE='200',RESPONSE_METHOD='GET',RESPONSE_LENGTH_OKHTTP='-1',RESPONSE_LENGTH_HEADER='-2',REQUEST_PROTOCOL='http/1.1',REQUEST_URL='https://uob-timetable-api.adriankeenan.co.uk/courses',
08-04 02:36:02.040  5662  5673 I art     : Starting a blocking GC Explicit
08-04 02:36:02.076  5662  5673 I art     : Explicit concurrent mark sweep GC freed 4441(254KB) AllocSpace objects, 4(220KB) LOS objects, 31% free, 35MB/51MB, paused 407us total 36.366ms
08-04 02:36:02.090  5662  5673 I art     : Starting a blocking GC Explicit
08-04 02:36:02.120  5662  5673 I art     : Explicit concurrent mark sweep GC freed 1027(119KB) AllocSpace objects, 0(0B) LOS objects, 26% free, 45MB/61MB, paused 516us total 30.256ms
08-04 02:36:02.132  5662  5673 I art     : Starting a blocking GC Explicit
08-04 02:36:02.163  5662  5673 I art     : Explicit concurrent mark sweep GC freed 1913(11MB) AllocSpace objects, 0(0B) LOS objects, 24% free, 48MB/64MB, paused 386us total 31.455ms
08-04 02:36:02.174  5662  5673 I art     : Starting a blocking GC Explicit
08-04 02:36:02.205  5662  5673 I art     : Explicit concurrent mark sweep GC freed 5(176B) AllocSpace objects, 0(0B) LOS objects, 24% free, 48MB/64MB, paused 554us total 30.320ms
08-04 02:36:02.205  5662  5662 D MainActivity: Saving state
08-04 02:36:02.205  5662  5662 D MainActivity: Saving current fragment: SessionListsFragment
08-04 02:36:02.205  5662  5662 D MainActivity: Saving current index: 1
08-04 02:36:02.206  5662  5662 D SessionListsFragment: Saving state
08-04 02:36:02.217  5662  5673 I art     : Starting a blocking GC Explicit
08-04 02:36:02.247  5662  5673 I art     : Explicit concurrent mark sweep GC freed 190(7KB) AllocSpace objects, 0(0B) LOS objects, 24% free, 48MB/64MB, paused 403us total 29.375ms
08-04 02:36:02.248   512  2967 D audio_hw_primary: disable_audio_route: reset and update mixer path: low-latency-playback speaker
08-04 02:36:02.249   512  2967 D audio_hw_primary: disable_snd_device: snd_device(2: speaker)
08-04 02:36:02.258   512  2967 I soundtrigger: audio_extn_sound_trigger_update_device_status: device 0x2 of type 0 for Event 0
08-04 02:36:02.318  5662  6920 I HTTP    : Response was compressed.
08-04 02:36:02.529  5662  5676 I art     : Starting a blocking GC Explicit
08-04 02:36:02.572  5662  5676 I art     : Explicit concurrent mark sweep GC freed 76919(3MB) AllocSpace objects, 0(0B) LOS objects, 27% free, 42MB/58MB, paused 732us total 43.395ms
08-04 02:36:02.585  5662  5676 I art     : Starting a blocking GC Explicit
08-04 02:36:02.623  5662  5676 I art     : Explicit concurrent mark sweep GC freed 29768(1411KB) AllocSpace objects, 0(0B) LOS objects, 27% free, 42MB/58MB, paused 723us total 37.102ms
08-04 02:36:02.636  5662  5676 I art     : Starting a blocking GC Explicit
08-04 02:36:02.675  5662  5676 I art     : Explicit concurrent mark sweep GC freed 28010(1300KB) AllocSpace objects, 0(0B) LOS objects, 27% free, 42MB/58MB, paused 820us total 38.999ms
08-04 02:36:02.687  5662  5676 I art     : Starting a blocking GC Explicit
08-04 02:36:02.726  5662  5676 I art     : Explicit concurrent mark sweep GC freed 27295(1290KB) AllocSpace objects, 0(0B) LOS objects, 27% free, 43MB/59MB, paused 743us total 38.795ms
08-04 02:36:02.739  5662  5676 I art     : Starting a blocking GC Explicit
08-04 02:36:02.780  5662  5676 I art     : Explicit concurrent mark sweep GC freed 28735(1347KB) AllocSpace objects, 0(0B) LOS objects, 26% free, 43MB/59MB, paused 941us total 41.086ms
08-04 02:36:03.072  5662  5684 I art     : Starting a blocking GC Explicit
08-04 02:36:03.134  5662  5684 I art     : Explicit concurrent mark sweep GC freed 174593(8MB) AllocSpace objects, 1(20KB) LOS objects, 26% free, 44MB/60MB, paused 803us total 61.687ms
08-04 02:36:03.148  5662  5684 I art     : Starting a blocking GC Explicit
08-04 02:36:03.192  5662  5684 I art     : Explicit concurrent mark sweep GC freed 37314(1772KB) AllocSpace objects, 0(0B) LOS objects, 26% free, 44MB/60MB, paused 765us total 43.414ms
08-04 02:36:03.206  5662  5684 I art     : Starting a blocking GC Explicit
08-04 02:36:03.251  5662  5684 I art     : Explicit concurrent mark sweep GC freed 31980(1502KB) AllocSpace objects, 0(0B) LOS objects, 26% free, 45MB/61MB, paused 924us total 44.663ms
08-04 02:36:03.264  5662  5684 I art     : Starting a blocking GC Explicit
08-04 02:36:03.309  5662  5684 I art     : Explicit concurrent mark sweep GC freed 29701(1390KB) AllocSpace objects, 0(0B) LOS objects, 26% free, 45MB/61MB, paused 947us total 44.489ms
08-04 02:36:03.323  5662  5684 I art     : Starting a blocking GC Explicit
08-04 02:36:03.369  5662  5684 I art     : Explicit concurrent mark sweep GC freed 32086(1495KB) AllocSpace objects, 0(0B) LOS objects, 25% free, 45MB/61MB, paused 817us total 45.367ms
08-04 02:36:03.663  5662  5676 I art     : Starting a blocking GC Explicit
08-04 02:36:03.729  5662  5676 I art     : Explicit concurrent mark sweep GC freed 186397(8MB) AllocSpace objects, 1(20KB) LOS objects, 25% free, 47MB/63MB, paused 782us total 65.515ms
08-04 02:36:03.745  5662  5676 I art     : Starting a blocking GC Explicit
08-04 02:36:03.794  5662  5676 I art     : Explicit concurrent mark sweep GC freed 41464(1942KB) AllocSpace objects, 0(0B) LOS objects, 25% free, 47MB/63MB, paused 1.061ms total 49.607ms
08-04 02:36:03.810  5662  5676 I art     : Starting a blocking GC Explicit
08-04 02:36:03.860  5662  5676 I art     : Explicit concurrent mark sweep GC freed 35508(1670KB) AllocSpace objects, 0(0B) LOS objects, 25% free, 47MB/63MB, paused 911us total 49.725ms
08-04 02:36:03.875  5662  5676 I art     : Starting a blocking GC Explicit
08-04 02:36:03.927  5662  5676 I art     : Explicit concurrent mark sweep GC freed 35489(1671KB) AllocSpace objects, 0(0B) LOS objects, 25% free, 47MB/63MB, paused 981us total 51.926ms
08-04 02:36:03.932   518   646 I ThermalEngine: ACTION: GPU - Setting GPU[0] to 450000000
08-04 02:36:03.946  5662  5676 I art     : Starting a blocking GC Explicit
08-04 02:36:04.011  5662  5676 I art     : Explicit concurrent mark sweep GC freed 42740(2009KB) AllocSpace objects, 0(0B) LOS objects, 24% free, 48MB/64MB, paused 1.344ms total 64.543ms
08-04 02:36:04.340  5662  5684 I art     : Starting a blocking GC Explicit
08-04 02:36:04.366   918 13198 D NetlinkSocketObserver: NeighborEvent{elapsedMs=1655168241, 192.168.2.254, [7C3953A63323], RTM_NEWNEIGH, NUD_STALE}
08-04 02:36:04.431  5662  5684 I art     : Explicit concurrent mark sweep GC freed 211617(9MB) AllocSpace objects, 1(20KB) LOS objects, 24% free, 50MB/66MB, paused 1.147ms total 91.079ms
08-04 02:36:04.453  5662  5684 I art     : Starting a blocking GC Explicit
08-04 02:36:04.523  5662  5684 I art     : Explicit concurrent mark sweep GC freed 57491(2MB) AllocSpace objects, 0(0B) LOS objects, 24% free, 50MB/66MB, paused 1.370ms total 70.091ms
08-04 02:36:04.546  5662  5684 I art     : Starting a blocking GC Explicit
08-04 02:36:04.618  5662  5684 I art     : Explicit concurrent mark sweep GC freed 50509(2MB) AllocSpace objects, 0(0B) LOS objects, 24% free, 50MB/66MB, paused 1.392ms total 71.613ms
08-04 02:36:04.639  5662  5684 I art     : Starting a blocking GC Explicit
08-04 02:36:04.713  5662  5684 I art     : Explicit concurrent mark sweep GC freed 50457(2MB) AllocSpace objects, 0(0B) LOS objects, 23% free, 50MB/66MB, paused 1.529ms total 73.921ms
08-04 02:36:04.735  5662  5684 I art     : Starting a blocking GC Explicit
08-04 02:36:04.809  5662  5684 I art     : Explicit concurrent mark sweep GC freed 50448(2MB) AllocSpace objects, 0(0B) LOS objects, 23% free, 51MB/67MB, paused 1.493ms total 73.674ms
08-04 02:36:05.138  5662  6047 I art     : Starting a blocking GC Explicit
08-04 02:36:05.144  5662  6920 I Service : getCourses response time: 0.69
08-04 02:36:05.159  5662  5662 I SettingsManager: Getting string: savedCourse
08-04 02:36:05.233  5662  6047 I art     : Explicit concurrent mark sweep GC freed 182208(8MB) AllocSpace objects, 1(20KB) LOS objects, 23% free, 52MB/68MB, paused 1.025ms total 94.381ms
08-04 02:36:05.257  5662  6047 I art     : Starting a blocking GC Explicit
08-04 02:36:05.335  5662  6047 I art     : Explicit concurrent mark sweep GC freed 1002(43KB) AllocSpace objects, 1(14MB) LOS objects, 29% free, 37MB/53MB, paused 573us total 77.985ms
08-04 02:36:05.360  5662  6047 I art     : Starting a blocking GC Explicit
08-04 02:36:05.442  5662  6047 I art     : Explicit concurrent mark sweep GC freed 788(67KB) AllocSpace objects, 0(0B) LOS objects, 29% free, 37MB/53MB, paused 545us total 81.884ms
08-04 02:36:05.468  5662  6047 I art     : Starting a blocking GC Explicit
08-04 02:36:05.549  5662  6047 I art     : Explicit concurrent mark sweep GC freed 5(192B) AllocSpace objects, 0(0B) LOS objects, 29% free, 37MB/53MB, paused 557us total 80.761ms
08-04 02:36:05.575  5662  6047 I art     : Starting a blocking GC Explicit
08-04 02:36:05.659  5662  6047 I art     : Explicit concurrent mark sweep GC freed 3(96B) AllocSpace objects, 0(0B) LOS objects, 29% free, 37MB/53MB, paused 547us total 83.930ms
08-04 02:36:06.030  5662  5676 I art     : Starting a blocking GC Explicit
08-04 02:36:06.140  5662  5676 I art     : Explicit concurrent mark sweep GC freed 1293(75KB) AllocSpace objects, 1(20KB) LOS objects, 29% free, 37MB/53MB, paused 537us total 110.087ms
08-04 02:36:06.166  5662  5676 I art     : Starting a blocking GC Explicit
08-04 02:36:06.241  5662  5676 I art     : Explicit concurrent mark sweep GC freed 18(624B) AllocSpace objects, 0(0B) LOS objects, 29% free, 37MB/53MB, paused 546us total 74.577ms
08-04 02:36:06.267  5662  5676 I art     : Starting a blocking GC Explicit
08-04 02:36:06.352  5662  5676 I art     : Explicit concurrent mark sweep GC freed 3(96B) AllocSpace objects, 0(0B) LOS objects, 29% free, 37MB/53MB, paused 516us total 85.491ms
08-04 02:36:06.377  5662  5676 I art     : Starting a blocking GC Explicit
08-04 02:36:06.459  5662  5676 I art     : Explicit concurrent mark sweep GC freed 3(96B) AllocSpace objects, 0(0B) LOS objects, 29% free, 37MB/53MB, paused 560us total 81.280ms
08-04 02:36:06.484  5662  5676 I art     : Starting a blocking GC Explicit
08-04 02:36:06.558  4779  4779 I ServiceManager: Waiting for service AtCmdFwd...
08-04 02:36:06.567  5662  5676 I art     : Explicit concurrent mark sweep GC freed 3(96B) AllocSpace objects, 0(0B) LOS objects, 29% free, 37MB/53MB, paused 549us total 82.041ms
08-04 02:36:06.934  5662  5684 I art     : Starting a blocking GC Explicit
08-04 02:36:06.937   518   646 I ThermalEngine: ACTION: GPU - Setting GPU[0] to 510000000
08-04 02:36:07.027  5662  5684 I art     : Explicit concurrent mark sweep GC freed 1296(75KB) AllocSpace objects, 1(20KB) LOS objects, 29% free, 37MB/53MB, paused 439us total 91.862ms
08-04 02:36:07.049  5662  5684 I art     : Starting a blocking GC Explicit
08-04 02:36:07.111  5662  5684 I art     : Explicit concurrent mark sweep GC freed 18(624B) AllocSpace objects, 0(0B) LOS objects, 29% free, 37MB/53MB, paused 391us total 61.415ms
08-04 02:36:07.132  5662  5684 I art     : Starting a blocking GC Explicit
08-04 02:36:07.190  5662  5684 I art     : Explicit concurrent mark sweep GC freed 3(96B) AllocSpace objects, 0(0B) LOS objects, 29% free, 37MB/53MB, paused 411us total 58.160ms
08-04 02:36:07.211  5662  5684 I art     : Starting a blocking GC Explicit
08-04 02:36:07.271  5662  5684 I art     : Explicit concurrent mark sweep GC freed 3(96B) AllocSpace objects, 0(0B) LOS objects, 29% free, 37MB/53MB, paused 400us total 60.348ms
08-04 02:36:07.292  5662  5684 I art     : Starting a blocking GC Explicit
08-04 02:36:07.355  5662  5684 I art     : Explicit concurrent mark sweep GC freed 3(96B) AllocSpace objects, 0(0B) LOS objects, 29% free, 37MB/53MB, paused 377us total 63.055ms
08-04 02:36:07.559  4779  4779 I ServiceManager: Waiting for service AtCmdFwd...
08-04 02:36:07.686  5662  6047 I art     : Starting a blocking GC Explicit
08-04 02:36:07.757  5662  6047 I art     : Explicit concurrent mark sweep GC freed 1293(75KB) AllocSpace objects, 1(20KB) LOS objects, 29% free, 37MB/53MB, paused 380us total 71.456ms
08-04 02:36:07.777  5662  6047 I art     : Starting a blocking GC Explicit
08-04 02:36:07.841  5662  6047 I art     : Explicit concurrent mark sweep GC freed 18(624B) AllocSpace objects, 0(0B) LOS objects, 29% free, 37MB/53MB, paused 399us total 63.438ms
08-04 02:36:07.861  5662  6047 I art     : Starting a blocking GC Explicit
08-04 02:36:07.923  5662  6047 I art     : Explicit concurrent mark sweep GC freed 3(96B) AllocSpace objects, 0(0B) LOS objects, 29% free, 37MB/53MB, paused 380us total 62.064ms
08-04 02:36:07.942  5662  6047 I art     : Starting a blocking GC Explicit
08-04 02:36:07.999  5662  6047 I art     : Explicit concurrent mark sweep GC freed 3(96B) AllocSpace objects, 0(0B) LOS objects, 29% free, 37MB/53MB, paused 386us total 56.796ms
08-04 02:36:08.018  5662  6047 I art     : Starting a blocking GC Explicit
08-04 02:36:08.074  5662  6047 I art     : Explicit concurrent mark sweep GC freed 3(96B) AllocSpace objects, 0(0B) LOS objects, 29% free, 37MB/53MB, paused 394us total 55.865ms
08-04 02:36:08.329  7012  7012 D AndroidRuntime: >>>>>> START com.android.internal.os.RuntimeInit uid 2000 <<<<<<
08-04 02:36:08.334  7012  7012 D AndroidRuntime: CheckJNI is OFF
08-04 02:36:08.367  7012  7012 D ICU     : No timezone override file found: /data/misc/zoneinfo/current/icu/icu_tzdata.dat
08-04 02:36:08.400  5662  5676 I art     : Starting a blocking GC Explicit
08-04 02:36:08.401  7012  7012 I Radio-JNI: register_android_hardware_Radio DONE
08-04 02:36:08.424  7012  7012 D AndroidRuntime: Calling main entry com.android.commands.input.Input
08-04 02:36:08.426  7012  7012 I Input   : injectMotionEvent: MotionEvent { action=ACTION_DOWN, actionButton=0, id[0]=0, x[0]=648.0, y[0]=709.0, toolType[0]=TOOL_TYPE_UNKNOWN, buttonState=0, metaState=0, flags=0x0, edgeFlags=0x0, pointerCount=1, historySize=0, eventTime=671784839, downTime=671784839, deviceId=0, source=0x1002 }
08-04 02:36:08.432  7012  7012 I Input   : injectMotionEvent: MotionEvent { action=ACTION_UP, actionButton=0, id[0]=0, x[0]=648.0, y[0]=709.0, toolType[0]=TOOL_TYPE_UNKNOWN, buttonState=0, metaState=0, flags=0x0, edgeFlags=0x0, pointerCount=1, historySize=0, eventTime=671784839, downTime=671784839, deviceId=0, source=0x1002 }
08-04 02:36:08.433  7012  7012 D AndroidRuntime: Shutting down VM
08-04 02:36:08.468  5662  5676 I art     : Explicit concurrent mark sweep GC freed 1309(76KB) AllocSpace objects, 1(20KB) LOS objects, 29% free, 37MB/53MB, paused 493us total 67.696ms
08-04 02:36:08.488  5662  5676 I art     : Starting a blocking GC Explicit
08-04 02:36:08.499   512  2967 D audio_hw_primary: out_set_parameters: enter: usecase(1: low-latency-playback) kvpairs: routing=2
08-04 02:36:08.511   512  2967 D audio_hw_primary: select_devices: out_snd_device(2: speaker) in_snd_device(0: none)
08-04 02:36:08.511   512  2967 D msm8974_platform: platform_send_audio_calibration: sending audio calibration for snd_device(2) acdb_id(15)
08-04 02:36:08.512   512  2967 I soundtrigger: audio_extn_sound_trigger_update_device_status: device 0x2 of type 0 for Event 1
08-04 02:36:08.521   512  2967 D audio_hw_primary: enable_snd_device: snd_device(2: speaker)
08-04 02:36:08.523   512  2967 D audio_hw_primary: enable_audio_route: apply and update mixer path: low-latency-playback speaker
08-04 02:36:08.548  5662  5676 I art     : Explicit concurrent mark sweep GC freed 680(49KB) AllocSpace objects, 1(20KB) LOS objects, 29% free, 37MB/53MB, paused 764us total 59.809ms
08-04 02:36:08.559  4779  4779 I ServiceManager: Waiting for service AtCmdFwd...
08-04 02:36:08.569  5662  5676 I art     : Starting a blocking GC Explicit
08-04 02:36:08.627  5662  5676 I art     : Explicit concurrent mark sweep GC freed 183(12KB) AllocSpace objects, 0(0B) LOS objects, 29% free, 37MB/53MB, paused 488us total 57.783ms
08-04 02:36:08.647  5662  5676 I art     : Starting a blocking GC Explicit
08-04 02:36:08.708  5662  5676 I art     : Explicit concurrent mark sweep GC freed 41(1712B) AllocSpace objects, 0(0B) LOS objects, 29% free, 37MB/53MB, paused 397us total 60.814ms
08-04 02:36:08.732  5662  5676 I art     : Starting a blocking GC Explicit
08-04 02:36:08.799  5662  5676 I art     : Explicit concurrent mark sweep GC freed 5(160B) AllocSpace objects, 0(0B) LOS objects, 29% free, 37MB/53MB, paused 569us total 66.840ms
08-04 02:36:09.059   512  2967 D audio_hw_primary: disable_audio_route: reset and update mixer path: low-latency-playback speaker
08-04 02:36:09.061   512  2967 D audio_hw_primary: disable_snd_device: snd_device(2: speaker)
08-04 02:36:09.070   512  2967 I soundtrigger: audio_extn_sound_trigger_update_device_status: device 0x2 of type 0 for Event 0
08-04 02:36:09.121  5662  6047 I art     : Starting a blocking GC Explicit
08-04 02:36:09.202  5662  6047 I art     : Explicit concurrent mark sweep GC freed 1295(75KB) AllocSpace objects, 1(20KB) LOS objects, 29% free, 37MB/53MB, paused 426us total 80.987ms
08-04 02:36:09.229  5662  6047 I art     : Starting a blocking GC Explicit
08-04 02:36:09.306  5662  6047 I art     : Explicit concurrent mark sweep GC freed 26(880B) AllocSpace objects, 0(0B) LOS objects, 29% free, 37MB/53MB, paused 451us total 76.778ms
08-04 02:36:09.332  5662  6047 I art     : Starting a blocking GC Explicit
08-04 02:36:09.390  5662  6047 I art     : Explicit concurrent mark sweep GC freed 3(96B) AllocSpace objects, 0(0B) LOS objects, 29% free, 37MB/53MB, paused 399us total 57.405ms
08-04 02:36:09.408  5662  6047 I art     : Starting a blocking GC Explicit
08-04 02:36:09.470  5662  6047 I art     : Explicit concurrent mark sweep GC freed 5(160B) AllocSpace objects, 0(0B) LOS objects, 29% free, 37MB/53MB, paused 408us total 61.648ms
08-04 02:36:09.490  5662  6047 I art     : Starting a blocking GC Explicit
08-04 02:36:09.555  5662  6047 I art     : Explicit concurrent mark sweep GC freed 3(96B) AllocSpace objects, 0(0B) LOS objects, 29% free, 37MB/53MB, paused 410us total 65.284ms
08-04 02:36:09.560  4779  4779 I ServiceManager: Waiting for service AtCmdFwd...
08-04 02:36:09.853  5662  5673 I art     : Starting a blocking GC Explicit
08-04 02:36:09.918  5662  5673 I art     : Explicit concurrent mark sweep GC freed 1293(75KB) AllocSpace objects, 1(20KB) LOS objects, 29% free, 37MB/53MB, paused 455us total 65.314ms
08-04 02:36:09.938  5662  5673 I art     : Starting a blocking GC Explicit
08-04 02:36:09.996  5662  5673 I art     : Explicit concurrent mark sweep GC freed 18(624B) AllocSpace objects, 0(0B) LOS objects, 29% free, 37MB/53MB, paused 401us total 57.864ms
08-04 02:36:10.015  5662  5673 I art     : Starting a blocking GC Explicit
08-04 02:36:10.077  5662  5673 I art     : Explicit concurrent mark sweep GC freed 3(96B) AllocSpace objects, 0(0B) LOS objects, 29% free, 37MB/53MB, paused 413us total 61.725ms
08-04 02:36:10.096  5662  5673 I art     : Starting a blocking GC Explicit
08-04 02:36:10.113  7047  7047 D AndroidRuntime: >>>>>> START com.android.internal.os.RuntimeInit uid 2000 <<<<<<
08-04 02:36:10.117  7047  7047 D AndroidRuntime: CheckJNI is OFF
08-04 02:36:10.150  7047  7047 D ICU     : No timezone override file found: /data/misc/zoneinfo/current/icu/icu_tzdata.dat
08-04 02:36:10.153  5662  5673 I art     : Explicit concurrent mark sweep GC freed 5(160B) AllocSpace objects, 0(0B) LOS objects, 29% free, 37MB/53MB, paused 414us total 57.053ms
08-04 02:36:10.172  5662  5673 I art     : Starting a blocking GC Explicit
08-04 02:36:10.187  7047  7047 I Radio-JNI: register_android_hardware_Radio DONE
08-04 02:36:10.209  7047  7047 D AndroidRuntime: Calling main entry com.android.commands.input.Input
08-04 02:36:10.211  7047  7047 I Input   : injectMotionEvent: MotionEvent { action=ACTION_DOWN, actionButton=0, id[0]=0, x[0]=1197.0, y[0]=1456.0, toolType[0]=TOOL_TYPE_UNKNOWN, buttonState=0, metaState=0, flags=0x0, edgeFlags=0x0, pointerCount=1, historySize=0, eventTime=671786624, downTime=671786624, deviceId=0, source=0x1002 }
08-04 02:36:10.217  7047  7047 I Input   : injectMotionEvent: MotionEvent { action=ACTION_UP, actionButton=0, id[0]=0, x[0]=1197.0, y[0]=1456.0, toolType[0]=TOOL_TYPE_UNKNOWN, buttonState=0, metaState=0, flags=0x0, edgeFlags=0x0, pointerCount=1, historySize=0, eventTime=671786624, downTime=671786624, deviceId=0, source=0x1002 }
08-04 02:36:10.218  7047  7047 D AndroidRuntime: Shutting down VM
08-04 02:36:10.231   512  2967 D audio_hw_primary: out_set_parameters: enter: usecase(1: low-latency-playback) kvpairs: routing=2
08-04 02:36:10.232  5662  5673 I art     : Explicit concurrent mark sweep GC freed 36(1280B) AllocSpace objects, 0(0B) LOS objects, 29% free, 37MB/53MB, paused 450us total 59.181ms
08-04 02:36:10.244   512  2967 D audio_hw_primary: select_devices: out_snd_device(2: speaker) in_snd_device(0: none)
08-04 02:36:10.244   512  2967 D msm8974_platform: platform_send_audio_calibration: sending audio calibration for snd_device(2) acdb_id(15)
08-04 02:36:10.244   512  2967 I soundtrigger: audio_extn_sound_trigger_update_device_status: device 0x2 of type 0 for Event 1
08-04 02:36:10.253   512  2967 D audio_hw_primary: enable_snd_device: snd_device(2: speaker)
08-04 02:36:10.256   512  2967 D audio_hw_primary: enable_audio_route: apply and update mixer path: low-latency-playback speaker
08-04 02:36:10.259  5662  5678 D OpenGLRenderer: endAllStagingAnimators on 0x7f99665000 (RippleDrawable) with handle 0x7f7a0c2300
08-04 02:36:10.265  5662  5662 I SettingsManager: Setting string: savedCourse
08-04 02:36:10.266   918  6110 W BackupManagerService: dataChanged but no participant pkg='baseline.com.ak.uobtimetable' uid=10659
08-04 02:36:10.267   918  3696 I ActivityManager: START u0 {flg=0x4000000 cmp=baseline.com.ak.uobtimetable/.MainActivity (has extras)} from uid 10659 on display 0
08-04 02:36:10.283   918  3670 W InputMethodManagerService: Focus gain on non-focused client com.android.internal.view.IInputMethodClient$Stub$Proxy@f5bb67d (uid=10659 pid=5662)
08-04 02:36:10.297  5662  5662 D MainActivity: OnDestroy
08-04 02:36:10.313  5662  5662 D MainActivity: onCreate
08-04 02:36:10.314  5662  5662 I SettingsManager: Getting string: savedSessions
08-04 02:36:10.314  5662  5662 I SettingsManager: Getting string: savedSessions
08-04 02:36:10.321  5662  5662 I SettingsManager: Getting string: savedSessionsCourseName
08-04 02:36:10.321  5662  5662 I SettingsManager: Getting string: savedSessionsCourseName
08-04 02:36:10.322  5662  5662 I SettingsManager: Getting string: savedSessionsDateRange
08-04 02:36:10.322  5662  5662 I SettingsManager: Getting string: savedSessionsDateRange
08-04 02:36:10.322  5662  5662 I Settings: 15 saved sessions - Artificial Intelligence and Robotics (with Foundation Year) - BSc (Hons) - Ltn - Y0 Feb FT - Weeks: 24-38 (8 Jun 2020-20 Sep 2020)
08-04 02:36:10.355  5662  5662 I SettingsManager: Getting string: savedCourse
08-04 02:36:10.356  5662  5662 D MainActivity: sessionListFragmentArg: updateSessions
08-04 02:36:10.356  5662  5662 D MainActivity: showTermDatesConfigChange: false
08-04 02:36:10.356  5662  5662 D MainActivity: showTermDatesShortcut: false
08-04 02:36:10.357  5662  5662 D MainActivity: Setting initial fragment: SessionListsFragment
08-04 02:36:10.358  5662  5662 I SettingsManager: Getting int: launchCount
08-04 02:36:10.359  5662  5662 D SessionListsFragment: onCreateView
08-04 02:36:10.362  5662  5662 I SettingsManager: Getting string: savedCourse
08-04 02:36:10.366  5662  5662 I SettingsManager: Getting string: savedSessions
08-04 02:36:10.376  5662  5662 D SessionListsFragment: loadArgument: updateSessions
08-04 02:36:10.376  5662  5662 D SessionListsFragment: initialIndex: -1
08-04 02:36:10.378  5662  7072 D HTTP    : Request for: https://uob-timetable-api.adriankeenan.co.uk/sessions?dept=CM010&course=BSAIFAAF%2F02AA%2F0%2FFT&level=Foundation+Year
08-04 02:36:10.392  5662  5662 D TermDatesFragment: WebView loaded
08-04 02:36:10.393  5662  5662 D MainActivity: OnResume
08-04 02:36:10.399  5662  5662 I TermDatesFragment: Webview load %: 10
08-04 02:36:10.486   918   936 I ActivityManager: Displayed baseline.com.ak.uobtimetable/.MainActivity: +201ms
08-04 02:36:10.488 13866 13866 I GoogleInputMethodServic: GoogleInputMethodService.onFinishInput():3138 
08-04 02:36:10.489 13866 13866 I GoogleInputMethodServic: GoogleInputMethodService.onStartInput():1808 
08-04 02:36:10.508  5662  5673 I art     : Starting a blocking GC Explicit
08-04 02:36:10.560  4779  4779 I ServiceManager: Waiting for service AtCmdFwd...
08-04 02:36:10.570  5662  7072 I NAPPA_EXPERIMENTATION: MetricNetworkRequestExecutionTime: REQUEST_DURATION_SYSTEM='191',REQUEST_DURATION_OKHTTP='33',REQUEST_SYNCHRONOUS='TRUE',RESPONSE_CODE='200',RESPONSE_METHOD='GET',RESPONSE_LENGTH_OKHTTP='-1',RESPONSE_LENGTH_HEADER='1214',REQUEST_PROTOCOL='http/1.1',REQUEST_URL='https://uob-timetable-api.adriankeenan.co.uk/sessions?dept=CM010&course=BSAIFAAF%2F02AA%2F0%2FFT&level=Foundation+Year',
08-04 02:36:10.570  5662  5662 I TermDatesFragment: Webview load %: 70
08-04 02:36:10.572  5662  5673 I art     : Explicit concurrent mark sweep GC freed 25559(1215KB) AllocSpace objects, 5(1480KB) LOS objects, 29% free, 38MB/54MB, paused 835us total 63.791ms
08-04 02:36:10.592  5662  5662 I TermDatesFragment: Webview load %: 100
08-04 02:36:10.592  5662  5662 I TermDatesFragment: Webview load %: 100
08-04 02:36:10.592  5662  5673 I art     : Starting a blocking GC Explicit
08-04 02:36:10.609  5662  7072 I HTTP    : Response was compressed.
08-04 02:36:10.622  5662  7072 I Service : getSessions response time: 1.10
08-04 02:36:10.622  5662  5662 I SettingsManager: Getting string: savedSessions
08-04 02:36:10.623  5662  5662 I SettingsManager: Getting string: savedSessions
08-04 02:36:10.630  5662  5662 I Service : Sessions updated: 15
08-04 02:36:10.631  5662  5662 I Service : Sessions removed from new list: 0
08-04 02:36:10.638  5662  5662 I SettingsManager: Setting string: savedSessions
08-04 02:36:10.639   918  6110 W BackupManagerService: dataChanged but no participant pkg='baseline.com.ak.uobtimetable' uid=10659
08-04 02:36:10.640  5662  5662 I SettingsManager: Setting date: savedSessionsTime
08-04 02:36:10.646  5662  5673 I art     : Explicit concurrent mark sweep GC freed 56404(2MB) AllocSpace objects, 5(232KB) LOS objects, 30% free, 36MB/52MB, paused 799us total 53.401ms
08-04 02:36:10.648   918  3714 W BackupManagerService: dataChanged but no participant pkg='baseline.com.ak.uobtimetable' uid=10659
08-04 02:36:10.649  5662  5662 I SettingsManager: Setting string: savedSessionsCourseName
08-04 02:36:10.649   918  3670 W BackupManagerService: dataChanged but no participant pkg='baseline.com.ak.uobtimetable' uid=10659
08-04 02:36:10.649  5662  5662 I SettingsManager: Setting string: savedSessionsDateRange
08-04 02:36:10.650   918  6112 W BackupManagerService: dataChanged but no participant pkg='baseline.com.ak.uobtimetable' uid=10659
08-04 02:36:10.650  5662  5662 I SettingsManager: Setting string: timetableUrl
08-04 02:36:10.650   918   929 W BackupManagerService: dataChanged but no participant pkg='baseline.com.ak.uobtimetable' uid=10659
08-04 02:36:10.650  5662  5662 I SettingsManager: Getting boolean: notifySessionRemindersEnabled
08-04 02:36:10.650  5662  5662 I SettingsManager: Getting int: notifySessionRemindersMinutes
08-04 02:36:10.651  5662  5662 I SettingsManager: Getting boolean: showHiddenSessions
08-04 02:36:10.653  5662  5662 I SessionReminderNotifier: Created session reminder alarm for f7b4771250a919bd729c1c5a4a459c77 at Mon 08:30:00 10/08/20
08-04 02:36:10.655  5662  5662 I SessionReminderNotifier: Created session reminder alarm for a7f879aabdeb78622c8820a5fb7b64cd at Tue 08:30:00 04/08/20
08-04 02:36:10.656  5662  5662 I SessionReminderNotifier: Created session reminder alarm for 7bc8d7e2c2055711f597c3d9078c6ea3 at Tue 08:30:00 04/08/20
08-04 02:36:10.658  5662  5662 I SessionReminderNotifier: Created session reminder alarm for 53c0527a6f009a1f2fd223834d3bfe51 at Tue 10:30:00 04/08/20
08-04 02:36:10.660  5662  5662 I SessionReminderNotifier: Created session reminder alarm for e0fc978b5db8218778540b4053344581 at Tue 11:00:00 04/08/20
08-04 02:36:10.662  5662  5662 I SessionReminderNotifier: Created session reminder alarm for 199afb0100f329ff65a09e1b0cd9deba at Tue 11:30:00 04/08/20
08-04 02:36:10.663  5662  5662 I SessionReminderNotifier: Created session reminder alarm for 21712fef61090882c855a1425543edb5 at Tue 13:30:00 04/08/20
08-04 02:36:10.664  5662  5673 I art     : Starting a blocking GC Explicit
08-04 02:36:10.665  5662  5662 I SessionReminderNotifier: Created session reminder alarm for 65ca4d97f031f29a4d02bbb45a705d8f at Wed 08:30:00 05/08/20
08-04 02:36:10.667  5662  5662 I SessionReminderNotifier: Created session reminder alarm for eeda7741b0bcab58fd9f46dc6ef1d942 at Wed 08:30:00 05/08/20
08-04 02:36:10.668  5662  5662 I SessionReminderNotifier: Created session reminder alarm for c276c1b2075a0beb67f1b3d1e580f920 at Wed 11:00:00 05/08/20
08-04 02:36:10.670  5662  5662 I SessionReminderNotifier: Created session reminder alarm for 8b1f3627e42ae13a6f6ba0a83903dde1 at Wed 13:30:00 05/08/20
08-04 02:36:10.671  5662  5662 I SessionReminderNotifier: Created session reminder alarm for 79fe0b5c3b887a13ba29db5a33fa2800 at Thu 08:30:00 06/08/20
08-04 02:36:10.672  5662  5662 I SessionReminderNotifier: Created session reminder alarm for cb9dfc8231cdba2be0835dc5709690e1 at Thu 08:30:00 06/08/20
08-04 02:36:10.674  5662  5662 I SessionReminderNotifier: Created session reminder alarm for f850dc24d6de60b7b89fa9e1a8c224c5 at Thu 12:00:00 06/08/20
08-04 02:36:10.675  5662  5662 I SessionReminderNotifier: Created session reminder alarm for 2ba1034116e4fffdd592dbf0796a43d5 at Fri 08:30:00 07/08/20
08-04 02:36:10.675  5662  5662 I SettingsManager: Getting boolean: showHiddenSessions
08-04 02:36:10.676  5662  5662 D SessionListsFragment: 1 sessions for day 0
08-04 02:36:10.676  5662  5662 D SessionListsFragment: 6 sessions for day 1
08-04 02:36:10.676  5662  5662 D SessionListsFragment: 4 sessions for day 2
08-04 02:36:10.676  5662  5662 D SessionListsFragment: 3 sessions for day 3
08-04 02:36:10.676  5662  5662 D SessionListsFragment: 1 sessions for day 4
08-04 02:36:10.711  5662  5662 I SettingsManager: Getting boolean: showHiddenSessions
08-04 02:36:10.713  5662  5662 D SessionListsFragment: Refreshed ViewPager
08-04 02:36:10.713  5662  5662 I SettingsManager: Getting boolean: showHiddenSessions
08-04 02:36:10.713  5662  5662 I SettingsManager: Getting boolean: completedTutorial
08-04 02:36:10.713  5662  5662 I SettingsManager: Getting boolean: showHiddenSessions
08-04 02:36:10.713  5662  5662 I SettingsManager: Getting date: savedSessionsTime
08-04 02:36:10.714  5662  5673 I art     : Explicit concurrent mark sweep GC freed 3999(225KB) AllocSpace objects, 1(20KB) LOS objects, 30% free, 36MB/52MB, paused 747us total 49.823ms
08-04 02:36:10.732  5662  5673 I art     : Starting a blocking GC Explicit
08-04 02:36:10.788  5662  5673 I art     : Explicit concurrent mark sweep GC freed 30347(1216KB) AllocSpace objects, 0(0B) LOS objects, 30% free, 36MB/52MB, paused 936us total 55.633ms
08-04 02:36:10.798   512  2967 D audio_hw_primary: disable_audio_route: reset and update mixer path: low-latency-playback speaker
08-04 02:36:10.799   512  2967 D audio_hw_primary: disable_snd_device: snd_device(2: speaker)
08-04 02:36:10.807  5662  5673 I art     : Starting a blocking GC Explicit
08-04 02:36:10.808   512  2967 I soundtrigger: audio_extn_sound_trigger_update_device_status: device 0x2 of type 0 for Event 0
08-04 02:36:10.861  5662  5673 I art     : Explicit concurrent mark sweep GC freed 30538(1260KB) AllocSpace objects, 0(0B) LOS objects, 30% free, 36MB/52MB, paused 990us total 53.945ms
08-04 02:36:11.156  5662  6047 I art     : Starting a blocking GC Explicit
08-04 02:36:11.239  5662  6047 I art     : Explicit concurrent mark sweep GC freed 157103(6MB) AllocSpace objects, 1(20KB) LOS objects, 29% free, 38MB/54MB, paused 1.127ms total 82.733ms
08-04 02:36:11.258  5662  6047 I art     : Starting a blocking GC Explicit
08-04 02:36:11.323  5662  6047 I art     : Explicit concurrent mark sweep GC freed 41907(1884KB) AllocSpace objects, 0(0B) LOS objects, 29% free, 37MB/53MB, paused 1.123ms total 64.698ms
08-04 02:36:11.327  5662  5662 I Choreographer: Skipped 35 frames!  The application may be doing too much work on its main thread.
08-04 02:36:11.342  5662  6047 I art     : Starting a blocking GC Explicit
08-04 02:36:11.399  5662  6047 I art     : Explicit concurrent mark sweep GC freed 4439(224KB) AllocSpace objects, 0(0B) LOS objects, 29% free, 37MB/53MB, paused 413us total 56.987ms
08-04 02:36:11.417  5662  6047 I art     : Starting a blocking GC Explicit
08-04 02:36:11.464  5662  6047 I art     : Explicit concurrent mark sweep GC freed 121693(11MB) AllocSpace objects, 3(136KB) LOS objects, 37% free, 26MB/42MB, paused 412us total 45.995ms
08-04 02:36:11.475  5662  6047 I art     : Starting a blocking GC Explicit
08-04 02:36:11.505  5662  6047 I art     : Explicit concurrent mark sweep GC freed 3(96B) AllocSpace objects, 0(0B) LOS objects, 37% free, 26MB/42MB, paused 370us total 29.517ms
08-04 02:36:11.560  4779  4779 W Atfwd_Sendcmd: AtCmdFwd service not published, waiting... retryCnt : 5
08-04 02:36:11.808  5662  6047 I art     : Starting a blocking GC Explicit
08-04 02:36:11.852  5662  6047 I art     : Explicit concurrent mark sweep GC freed 1516(85KB) AllocSpace objects, 1(20KB) LOS objects, 37% free, 26MB/42MB, paused 423us total 42.980ms
08-04 02:36:11.864  5662  6047 I art     : Starting a blocking GC Explicit
08-04 02:36:11.901  5662  6047 I art     : Explicit concurrent mark sweep GC freed 18(624B) AllocSpace objects, 0(0B) LOS objects, 37% free, 26MB/42MB, paused 419us total 35.892ms
08-04 02:36:11.914  5662  6047 I art     : Starting a blocking GC Explicit
08-04 02:36:11.946   518   646 I ThermalEngine: ACTION: GPU - Setting GPU[0] to 450000000
08-04 02:36:11.951  5662  6047 I art     : Explicit concurrent mark sweep GC freed 3(96B) AllocSpace objects, 0(0B) LOS objects, 37% free, 26MB/42MB, paused 398us total 37.447ms
08-04 02:36:11.968  5662  6047 I art     : Starting a blocking GC Explicit
08-04 02:36:12.014  5662  6047 I art     : Explicit concurrent mark sweep GC freed 4(160B) AllocSpace objects, 0(0B) LOS objects, 37% free, 26MB/42MB, paused 585us total 46.165ms
08-04 02:36:12.031  5662  6047 I art     : Starting a blocking GC Explicit
08-04 02:36:12.080  5662  6047 I art     : Explicit concurrent mark sweep GC freed 3(96B) AllocSpace objects, 0(0B) LOS objects, 37% free, 26MB/42MB, paused 575us total 48.479ms
08-04 02:36:12.443  5662  6047 I art     : Starting a blocking GC Explicit
08-04 02:36:12.488  5662  6047 I art     : Explicit concurrent mark sweep GC freed 1407(79KB) AllocSpace objects, 1(20KB) LOS objects, 37% free, 26MB/42MB, paused 698us total 44.343ms
08-04 02:36:12.505  5662  6047 I art     : Starting a blocking GC Explicit
08-04 02:36:12.546  5662  6047 I art     : Explicit concurrent mark sweep GC freed 50(1664B) AllocSpace objects, 0(0B) LOS objects, 37% free, 26MB/42MB, paused 559us total 40.536ms
08-04 02:36:12.562  5662  6047 I art     : Starting a blocking GC Explicit
08-04 02:36:12.604  5662  6047 I art     : Explicit concurrent mark sweep GC freed 9(320B) AllocSpace objects, 0(0B) LOS objects, 37% free, 26MB/42MB, paused 539us total 42.303ms
08-04 02:36:12.620  5662  6047 I art     : Starting a blocking GC Explicit
08-04 02:36:12.667  5662  6047 I art     : Explicit concurrent mark sweep GC freed 3(96B) AllocSpace objects, 0(0B) LOS objects, 37% free, 26MB/42MB, paused 572us total 46.754ms
08-04 02:36:12.684  5662  6047 I art     : Starting a blocking GC Explicit
08-04 02:36:12.731  5662  6047 I art     : Explicit concurrent mark sweep GC freed 3(96B) AllocSpace objects, 0(0B) LOS objects, 37% free, 26MB/42MB, paused 539us total 47.051ms
08-04 02:36:13.095  5662  5673 I art     : Starting a blocking GC Explicit
08-04 02:36:13.141  5662  5673 I art     : Explicit concurrent mark sweep GC freed 1293(75KB) AllocSpace objects, 1(20KB) LOS objects, 37% free, 26MB/42MB, paused 578us total 45.804ms
08-04 02:36:13.161  5662  5673 I art     : Starting a blocking GC Explicit
08-04 02:36:13.206  5662  5673 I art     : Explicit concurrent mark sweep GC freed 18(624B) AllocSpace objects, 0(0B) LOS objects, 37% free, 26MB/42MB, paused 558us total 44.093ms
08-04 02:36:13.223  5662  5673 I art     : Starting a blocking GC Explicit
08-04 02:36:13.273  5662  5673 I art     : Explicit concurrent mark sweep GC freed 3(96B) AllocSpace objects, 0(0B) LOS objects, 37% free, 26MB/42MB, paused 582us total 50.078ms
08-04 02:36:13.294  5662  5673 I art     : Starting a blocking GC Explicit
08-04 02:36:13.340  5662  5673 I art     : Explicit concurrent mark sweep GC freed 3(96B) AllocSpace objects, 0(0B) LOS objects, 37% free, 26MB/42MB, paused 532us total 45.607ms
08-04 02:36:13.357  5662  5673 I art     : Starting a blocking GC Explicit
08-04 02:36:13.405  5662  5673 I art     : Explicit concurrent mark sweep GC freed 3(96B) AllocSpace objects, 0(0B) LOS objects, 37% free, 26MB/42MB, paused 555us total 47.232ms
08-04 02:36:13.784  5662  5676 I art     : Starting a blocking GC Explicit
08-04 02:36:13.833  5662  5676 I art     : Explicit concurrent mark sweep GC freed 1293(75KB) AllocSpace objects, 1(20KB) LOS objects, 37% free, 26MB/42MB, paused 594us total 49.476ms
08-04 02:36:13.850  5662  5676 I art     : Starting a blocking GC Explicit
08-04 02:36:13.899  5662  5676 I art     : Explicit concurrent mark sweep GC freed 18(624B) AllocSpace objects, 0(0B) LOS objects, 37% free, 26MB/42MB, paused 585us total 48.600ms
08-04 02:36:13.916  5662  5676 I art     : Starting a blocking GC Explicit
08-04 02:36:13.951   518   646 I ThermalEngine: ACTION: GPU - Setting GPU[0] to 510000000
08-04 02:36:13.961  5662  5676 I art     : Explicit concurrent mark sweep GC freed 3(96B) AllocSpace objects, 0(0B) LOS objects, 37% free, 26MB/42MB, paused 571us total 44.430ms
08-04 02:36:13.978  5662  5676 I art     : Starting a blocking GC Explicit
08-04 02:36:14.018  5662  5676 I art     : Explicit concurrent mark sweep GC freed 3(96B) AllocSpace objects, 0(0B) LOS objects, 37% free, 26MB/42MB, paused 444us total 40.031ms
08-04 02:36:14.031  5662  5676 I art     : Starting a blocking GC Explicit
08-04 02:36:14.067  5662  5676 I art     : Explicit concurrent mark sweep GC freed 3(96B) AllocSpace objects, 0(0B) LOS objects, 37% free, 26MB/42MB, paused 403us total 35.452ms
08-04 02:36:14.297   918  3261 D WifiStateMachine: starting scan for "H369AA63323"WPA_PSK with 2412,5180
08-04 02:36:14.372  5662  6047 I art     : Starting a blocking GC Explicit
08-04 02:36:14.415  5662  6047 I art     : Explicit concurrent mark sweep GC freed 1306(76KB) AllocSpace objects, 1(20KB) LOS objects, 37% free, 26MB/42MB, paused 398us total 42.609ms
08-04 02:36:14.429  5662  6047 I art     : Starting a blocking GC Explicit
08-04 02:36:14.464  5662  6047 I art     : Explicit concurrent mark sweep GC freed 18(624B) AllocSpace objects, 0(0B) LOS objects, 37% free, 26MB/42MB, paused 384us total 33.970ms
08-04 02:36:14.476  5662  6047 I art     : Starting a blocking GC Explicit
08-04 02:36:14.508  5662  6047 I art     : Explicit concurrent mark sweep GC freed 5(128B) AllocSpace objects, 0(0B) LOS objects, 37% free, 26MB/42MB, paused 367us total 31.389ms
08-04 02:36:14.520  5662  6047 I art     : Starting a blocking GC Explicit
08-04 02:36:14.551  5662  6047 I art     : Explicit concurrent mark sweep GC freed 29(1136B) AllocSpace objects, 0(0B) LOS objects, 37% free, 26MB/42MB, paused 396us total 31.330ms
08-04 02:36:14.563  5662  6047 I art     : Starting a blocking GC Explicit
08-04 02:36:14.595  5662  6047 I art     : Explicit concurrent mark sweep GC freed 5(128B) AllocSpace objects, 0(0B) LOS objects, 37% free, 26MB/42MB, paused 461us total 31.600ms
08-04 02:36:14.871  7144  7144 D AndroidRuntime: >>>>>> START com.android.internal.os.RuntimeInit uid 2000 <<<<<<
08-04 02:36:14.877  7144  7144 D AndroidRuntime: CheckJNI is OFF
08-04 02:36:14.907  5662  5673 I art     : Starting a blocking GC Explicit
08-04 02:36:14.916  7144  7144 D ICU     : No timezone override file found: /data/misc/zoneinfo/current/icu/icu_tzdata.dat
08-04 02:36:14.943  5662  5673 I art     : Explicit concurrent mark sweep GC freed 1346(77KB) AllocSpace objects, 1(20KB) LOS objects, 37% free, 26MB/42MB, paused 434us total 35.801ms
08-04 02:36:14.950  7144  7144 I Radio-JNI: register_android_hardware_Radio DONE
08-04 02:36:14.955  5662  5673 I art     : Starting a blocking GC Explicit
08-04 02:36:14.973  7144  7144 D AndroidRuntime: Calling main entry com.android.commands.input.Input
08-04 02:36:14.975  7144  7144 I Input   : injectMotionEvent: MotionEvent { action=ACTION_DOWN, actionButton=0, id[0]=0, x[0]=81.0, y[0]=176.0, toolType[0]=TOOL_TYPE_UNKNOWN, buttonState=0, metaState=0, flags=0x0, edgeFlags=0x0, pointerCount=1, historySize=0, eventTime=671791388, downTime=671791388, deviceId=0, source=0x1002 }
08-04 02:36:14.982  7144  7144 I Input   : injectMotionEvent: MotionEvent { action=ACTION_UP, actionButton=0, id[0]=0, x[0]=81.0, y[0]=176.0, toolType[0]=TOOL_TYPE_UNKNOWN, buttonState=0, metaState=0, flags=0x0, edgeFlags=0x0, pointerCount=1, historySize=0, eventTime=671791388, downTime=671791388, deviceId=0, source=0x1002 }
08-04 02:36:14.984  7144  7144 D AndroidRuntime: Shutting down VM
08-04 02:36:14.991  5662  5673 I art     : Explicit concurrent mark sweep GC freed 185(11KB) AllocSpace objects, 0(0B) LOS objects, 37% free, 26MB/42MB, paused 575us total 35.590ms
08-04 02:36:15.004  5662  5673 I art     : Starting a blocking GC Explicit
08-04 02:36:15.004   512  2967 D audio_hw_primary: out_set_parameters: enter: usecase(1: low-latency-playback) kvpairs: routing=2
08-04 02:36:15.017   512  2967 D audio_hw_primary: select_devices: out_snd_device(2: speaker) in_snd_device(0: none)
08-04 02:36:15.017   512  2967 D msm8974_platform: platform_send_audio_calibration: sending audio calibration for snd_device(2) acdb_id(15)
08-04 02:36:15.017   512  2967 I soundtrigger: audio_extn_sound_trigger_update_device_status: device 0x2 of type 0 for Event 1
08-04 02:36:15.027   512  2967 D audio_hw_primary: enable_snd_device: snd_device(2: speaker)
08-04 02:36:15.029   512  2967 D audio_hw_primary: enable_audio_route: apply and update mixer path: low-latency-playback speaker
08-04 02:36:15.035 13866 13866 I GoogleInputMethodServic: GoogleInputMethodService.onFinishInput():3138 
08-04 02:36:15.035 13866 13866 I GoogleInputMethodServic: GoogleInputMethodService.onStartInput():1808 
08-04 02:36:15.036  5662  5673 I art     : Explicit concurrent mark sweep GC freed 26(976B) AllocSpace objects, 0(0B) LOS objects, 37% free, 26MB/42MB, paused 457us total 32.205ms
08-04 02:36:15.048  5662  5673 I art     : Starting a blocking GC Explicit
08-04 02:36:15.079  5662  5673 I art     : Explicit concurrent mark sweep GC freed 380(19KB) AllocSpace objects, 0(0B) LOS objects, 37% free, 26MB/42MB, paused 401us total 30.493ms
08-04 02:36:15.090  5662  5673 I art     : Starting a blocking GC Explicit
08-04 02:36:15.122  5662  5673 I art     : Explicit concurrent mark sweep GC freed 9(448B) AllocSpace objects, 0(0B) LOS objects, 37% free, 26MB/42MB, paused 490us total 31.488ms
08-04 02:36:15.399  5662  5673 I art     : Starting a blocking GC Explicit
08-04 02:36:15.436  5662  5673 I art     : Explicit concurrent mark sweep GC freed 1296(75KB) AllocSpace objects, 1(20KB) LOS objects, 37% free, 26MB/42MB, paused 380us total 37.046ms
08-04 02:36:15.451  5662  5673 I art     : Starting a blocking GC Explicit
08-04 02:36:15.487  5662  5673 I art     : Explicit concurrent mark sweep GC freed 28(944B) AllocSpace objects, 0(0B) LOS objects, 37% free, 26MB/42MB, paused 434us total 36.258ms
08-04 02:36:15.499  5662  5673 I art     : Starting a blocking GC Explicit
08-04 02:36:15.532  5662  5673 I art     : Explicit concurrent mark sweep GC freed 3(96B) AllocSpace objects, 0(0B) LOS objects, 37% free, 26MB/42MB, paused 410us total 32.435ms
08-04 02:36:15.544  5662  5673 I art     : Starting a blocking GC Explicit
08-04 02:36:15.558   512  2967 D audio_hw_primary: disable_audio_route: reset and update mixer path: low-latency-playback speaker
08-04 02:36:15.559   512  2967 D audio_hw_primary: disable_snd_device: snd_device(2: speaker)
08-04 02:36:15.567   512  2967 I soundtrigger: audio_extn_sound_trigger_update_device_status: device 0x2 of type 0 for Event 0
08-04 02:36:15.576  5662  5673 I art     : Explicit concurrent mark sweep GC freed 3(96B) AllocSpace objects, 0(0B) LOS objects, 37% free, 26MB/42MB, paused 399us total 32.275ms
08-04 02:36:15.589  5662  5673 I art     : Starting a blocking GC Explicit
08-04 02:36:15.622  5662  5673 I art     : Explicit concurrent mark sweep GC freed 3(96B) AllocSpace objects, 0(0B) LOS objects, 37% free, 26MB/42MB, paused 370us total 33.389ms
08-04 02:36:15.943  5662  5673 I art     : Starting a blocking GC Explicit
08-04 02:36:15.996  5662  5673 I art     : Explicit concurrent mark sweep GC freed 1293(75KB) AllocSpace objects, 1(20KB) LOS objects, 37% free, 26MB/42MB, paused 564us total 52.465ms
08-04 02:36:16.012  5662  5673 I art     : Starting a blocking GC Explicit
08-04 02:36:16.049  5662  5673 I art     : Explicit concurrent mark sweep GC freed 20(688B) AllocSpace objects, 0(0B) LOS objects, 37% free, 26MB/42MB, paused 407us total 36.386ms
08-04 02:36:16.062  5662  5673 I art     : Starting a blocking GC Explicit
08-04 02:36:16.097  5662  5673 I art     : Explicit concurrent mark sweep GC freed 3(96B) AllocSpace objects, 0(0B) LOS objects, 37% free, 26MB/42MB, paused 478us total 35.426ms
08-04 02:36:16.110  5662  5673 I art     : Starting a blocking GC Explicit
08-04 02:36:16.147  5662  5673 I art     : Explicit concurrent mark sweep GC freed 3(96B) AllocSpace objects, 0(0B) LOS objects, 37% free, 26MB/42MB, paused 417us total 36.097ms
08-04 02:36:16.160  5662  5673 I art     : Starting a blocking GC Explicit
08-04 02:36:16.196  5662  5673 I art     : Explicit concurrent mark sweep GC freed 3(96B) AllocSpace objects, 0(0B) LOS objects, 37% free, 26MB/42MB, paused 417us total 35.604ms
08-04 02:36:16.478  5662  6047 I art     : Starting a blocking GC Explicit
08-04 02:36:16.515  5662  6047 I art     : Explicit concurrent mark sweep GC freed 1293(75KB) AllocSpace objects, 1(20KB) LOS objects, 37% free, 26MB/42MB, paused 438us total 36.098ms
08-04 02:36:16.528  5662  6047 I art     : Starting a blocking GC Explicit
08-04 02:36:16.562  5662  6047 I art     : Explicit concurrent mark sweep GC freed 18(624B) AllocSpace objects, 0(0B) LOS objects, 37% free, 26MB/42MB, paused 430us total 33.872ms
08-04 02:36:16.575  5662  6047 I art     : Starting a blocking GC Explicit
08-04 02:36:16.609  5662  6047 I art     : Explicit concurrent mark sweep GC freed 3(96B) AllocSpace objects, 0(0B) LOS objects, 37% free, 26MB/42MB, paused 417us total 33.695ms
08-04 02:36:16.621  5662  6047 I art     : Starting a blocking GC Explicit
08-04 02:36:16.645  7188  7188 D AndroidRuntime: >>>>>> START com.android.internal.os.RuntimeInit uid 2000 <<<<<<
08-04 02:36:16.650  7188  7188 D AndroidRuntime: CheckJNI is OFF
08-04 02:36:16.655  5662  6047 I art     : Explicit concurrent mark sweep GC freed 4(128B) AllocSpace objects, 0(0B) LOS objects, 37% free, 26MB/42MB, paused 444us total 34.270ms
08-04 02:36:16.668  5662  6047 I art     : Starting a blocking GC Explicit
08-04 02:36:16.687  7188  7188 D ICU     : No timezone override file found: /data/misc/zoneinfo/current/icu/icu_tzdata.dat
08-04 02:36:16.703  5662  6047 I art     : Explicit concurrent mark sweep GC freed 9(288B) AllocSpace objects, 0(0B) LOS objects, 37% free, 26MB/42MB, paused 585us total 34.478ms
08-04 02:36:16.722  7188  7188 I Radio-JNI: register_android_hardware_Radio DONE
08-04 02:36:16.742  7188  7188 D AndroidRuntime: Calling main entry com.android.commands.input.Input
08-04 02:36:16.743  7188  7188 I Input   : injectMotionEvent: MotionEvent { action=ACTION_DOWN, actionButton=0, id[0]=0, x[0]=360.0, y[0]=1098.0, toolType[0]=TOOL_TYPE_UNKNOWN, buttonState=0, metaState=0, flags=0x0, edgeFlags=0x0, pointerCount=1, historySize=0, eventTime=671793156, downTime=671793156, deviceId=0, source=0x1002 }
08-04 02:36:16.750  7188  7188 I Input   : injectMotionEvent: MotionEvent { action=ACTION_UP, actionButton=0, id[0]=0, x[0]=360.0, y[0]=1098.0, toolType[0]=TOOL_TYPE_UNKNOWN, buttonState=0, metaState=0, flags=0x0, edgeFlags=0x0, pointerCount=1, historySize=0, eventTime=671793156, downTime=671793156, deviceId=0, source=0x1002 }
08-04 02:36:16.753  7188  7188 D AndroidRuntime: Shutting down VM
08-04 02:36:16.756  5662  5662 D MainActivity: NavigationItemSelected: Term dates
08-04 02:36:16.757   512  2967 D audio_hw_primary: out_set_parameters: enter: usecase(1: low-latency-playback) kvpairs: routing=2
08-04 02:36:16.771   512  2967 D audio_hw_primary: select_devices: out_snd_device(2: speaker) in_snd_device(0: none)
08-04 02:36:16.771   512  2967 D msm8974_platform: platform_send_audio_calibration: sending audio calibration for snd_device(2) acdb_id(15)
08-04 02:36:16.771   512  2967 I soundtrigger: audio_extn_sound_trigger_update_device_status: device 0x2 of type 0 for Event 1
08-04 02:36:16.781   512  2967 D audio_hw_primary: enable_snd_device: snd_device(2: speaker)
08-04 02:36:16.783   512  2967 D audio_hw_primary: enable_audio_route: apply and update mixer path: low-latency-playback speaker
08-04 02:36:16.964  5662  6047 I art     : Starting a blocking GC Explicit
08-04 02:36:16.996  5662  6047 I art     : Explicit concurrent mark sweep GC freed 1871(98KB) AllocSpace objects, 1(20KB) LOS objects, 37% free, 26MB/42MB, paused 379us total 31.911ms
08-04 02:36:17.009  5662  6047 I art     : Starting a blocking GC Explicit
08-04 02:36:17.042  5662  6047 I art     : Explicit concurrent mark sweep GC freed 219(16KB) AllocSpace objects, 0(0B) LOS objects, 37% free, 26MB/42MB, paused 370us total 32.479ms
08-04 02:36:17.054  5662  6047 I art     : Starting a blocking GC Explicit
08-04 02:36:17.087  5662  6047 I art     : Explicit concurrent mark sweep GC freed 8(256B) AllocSpace objects, 0(0B) LOS objects, 37% free, 26MB/42MB, paused 842us total 32.844ms
08-04 02:36:17.099  5662  6047 I art     : Starting a blocking GC Explicit
08-04 02:36:17.132  5662  6047 I art     : Explicit concurrent mark sweep GC freed 8(256B) AllocSpace objects, 0(0B) LOS objects, 37% free, 26MB/42MB, paused 397us total 32.382ms
08-04 02:36:17.144  5662  6047 I art     : Starting a blocking GC Explicit
08-04 02:36:17.176  5662  6047 I art     : Explicit concurrent mark sweep GC freed 29(928B) AllocSpace objects, 0(0B) LOS objects, 37% free, 26MB/42MB, paused 371us total 31.891ms
08-04 02:36:17.189 13866 13866 I GoogleInputMethodServic: GoogleInputMethodService.onFinishInput():3138 
08-04 02:36:17.190 13866 13866 I GoogleInputMethodServic: GoogleInputMethodService.onStartInput():1808 
08-04 02:36:17.322   512  2967 D audio_hw_primary: disable_audio_route: reset and update mixer path: low-latency-playback speaker
08-04 02:36:17.323   512  2967 D audio_hw_primary: disable_snd_device: snd_device(2: speaker)
08-04 02:36:17.332   512  2967 I soundtrigger: audio_extn_sound_trigger_update_device_status: device 0x2 of type 0 for Event 0
08-04 02:36:17.494  5662  5673 I art     : Starting a blocking GC Explicit
08-04 02:36:17.541  5662  5673 I art     : Explicit concurrent mark sweep GC freed 1378(79KB) AllocSpace objects, 1(20KB) LOS objects, 37% free, 26MB/42MB, paused 600us total 46.568ms
08-04 02:36:17.559  5662  5673 I art     : Starting a blocking GC Explicit
08-04 02:36:17.593  5662  5673 I art     : Explicit concurrent mark sweep GC freed 28(944B) AllocSpace objects, 0(0B) LOS objects, 37% free, 26MB/42MB, paused 368us total 34.374ms
08-04 02:36:17.606  5662  5673 I art     : Starting a blocking GC Explicit
08-04 02:36:17.640  5662  5673 I art     : Explicit concurrent mark sweep GC freed 9(288B) AllocSpace objects, 0(0B) LOS objects, 37% free, 26MB/42MB, paused 402us total 34.579ms
08-04 02:36:17.654  5662  5673 I art     : Starting a blocking GC Explicit
08-04 02:36:17.690  5662  5673 I art     : Explicit concurrent mark sweep GC freed 8(256B) AllocSpace objects, 0(0B) LOS objects, 37% free, 26MB/42MB, paused 408us total 36.030ms
08-04 02:36:17.704  5662  5673 I art     : Starting a blocking GC Explicit
08-04 02:36:17.737  5662  5673 I art     : Explicit concurrent mark sweep GC freed 9(288B) AllocSpace objects, 0(0B) LOS objects, 37% free, 26MB/42MB, paused 479us total 32.656ms
08-04 02:36:18.049  5662  6047 I art     : Starting a blocking GC Explicit
08-04 02:36:18.093  5662  6047 I art     : Explicit concurrent mark sweep GC freed 1336(76KB) AllocSpace objects, 1(20KB) LOS objects, 37% free, 26MB/42MB, paused 387us total 42.858ms
08-04 02:36:18.110  5662  6047 I art     : Starting a blocking GC Explicit
08-04 02:36:18.144  5662  6047 I art     : Explicit concurrent mark sweep GC freed 24(816B) AllocSpace objects, 0(0B) LOS objects, 37% free, 26MB/42MB, paused 365us total 34.013ms
08-04 02:36:18.157  5662  6047 I art     : Starting a blocking GC Explicit
08-04 02:36:18.189  5662  6047 I art     : Explicit concurrent mark sweep GC freed 8(256B) AllocSpace objects, 0(0B) LOS objects, 37% free, 26MB/42MB, paused 471us total 31.335ms
08-04 02:36:18.200  5662  6047 I art     : Starting a blocking GC Explicit
08-04 02:36:18.234  5662  6047 I art     : Explicit concurrent mark sweep GC freed 8(256B) AllocSpace objects, 0(0B) LOS objects, 37% free, 26MB/42MB, paused 527us total 33.620ms
08-04 02:36:18.248  5662  6047 I art     : Starting a blocking GC Explicit
08-04 02:36:18.281  5662  6047 I art     : Explicit concurrent mark sweep GC freed 9(288B) AllocSpace objects, 0(0B) LOS objects, 37% free, 26MB/42MB, paused 395us total 33.184ms
08-04 02:36:18.618  5662  5676 I art     : Starting a blocking GC Explicit
08-04 02:36:18.657  5662  5676 I art     : Explicit concurrent mark sweep GC freed 1369(77KB) AllocSpace objects, 1(20KB) LOS objects, 37% free, 26MB/42MB, paused 405us total 38.339ms
08-04 02:36:18.671  5662  5676 I art     : Starting a blocking GC Explicit
08-04 02:36:18.705  5662  5676 I art     : Explicit concurrent mark sweep GC freed 19(656B) AllocSpace objects, 0(0B) LOS objects, 37% free, 26MB/42MB, paused 369us total 33.156ms
08-04 02:36:18.716  5662  5676 I art     : Starting a blocking GC Explicit
08-04 02:36:18.750  5662  5676 I art     : Explicit concurrent mark sweep GC freed 3(96B) AllocSpace objects, 0(0B) LOS objects, 37% free, 26MB/42MB, paused 410us total 33.596ms
08-04 02:36:18.763  5662  5676 I art     : Starting a blocking GC Explicit
08-04 02:36:18.798  5662  5676 I art     : Explicit concurrent mark sweep GC freed 3(96B) AllocSpace objects, 0(0B) LOS objects, 37% free, 26MB/42MB, paused 453us total 35.167ms
08-04 02:36:18.811  5662  5676 I art     : Starting a blocking GC Explicit
08-04 02:36:18.846  5662  5676 I art     : Explicit concurrent mark sweep GC freed 3(96B) AllocSpace objects, 0(0B) LOS objects, 37% free, 26MB/42MB, paused 410us total 35.111ms
08-04 02:36:18.847  5662  5672 I art     : WaitForGcToComplete blocked for 12.940ms for cause HeapTrim
08-04 02:36:18.961   518   646 I ThermalEngine: ACTION: GPU - Setting GPU[0] to 450000000
08-04 02:36:19.207  5662  6047 I art     : Starting a blocking GC Explicit
08-04 02:36:19.269  5662  6047 I art     : Explicit concurrent mark sweep GC freed 1293(75KB) AllocSpace objects, 1(20KB) LOS objects, 37% free, 26MB/42MB, paused 697us total 60.405ms
08-04 02:36:19.287  5662  6047 I art     : Starting a blocking GC Explicit
08-04 02:36:19.336  5662  6047 I art     : Explicit concurrent mark sweep GC freed 18(624B) AllocSpace objects, 0(0B) LOS objects, 37% free, 26MB/42MB, paused 553us total 48.678ms
08-04 02:36:19.353  5662  6047 I art     : Starting a blocking GC Explicit
08-04 02:36:19.399  5662  6047 I art     : Explicit concurrent mark sweep GC freed 3(96B) AllocSpace objects, 0(0B) LOS objects, 37% free, 26MB/42MB, paused 551us total 46.096ms
08-04 02:36:19.416  5662  6047 I art     : Starting a blocking GC Explicit
08-04 02:36:19.464  5662  6047 I art     : Explicit concurrent mark sweep GC freed 3(96B) AllocSpace objects, 0(0B) LOS objects, 37% free, 26MB/42MB, paused 563us total 47.060ms
08-04 02:36:19.480  5662  6047 I art     : Starting a blocking GC Explicit
08-04 02:36:19.527  5662  6047 I art     : Explicit concurrent mark sweep GC freed 3(96B) AllocSpace objects, 0(0B) LOS objects, 37% free, 26MB/42MB, paused 577us total 46.437ms
08-04 02:36:19.888  5662  5684 I art     : Starting a blocking GC Explicit
08-04 02:36:19.949  5662  5684 I art     : Explicit concurrent mark sweep GC freed 1293(75KB) AllocSpace objects, 1(20KB) LOS objects, 37% free, 26MB/42MB, paused 717us total 60.077ms
08-04 02:36:19.968  5662  5684 I art     : Starting a blocking GC Explicit
08-04 02:36:20.013  5662  5684 I art     : Explicit concurrent mark sweep GC freed 18(624B) AllocSpace objects, 0(0B) LOS objects, 37% free, 26MB/42MB, paused 572us total 45.115ms
08-04 02:36:20.030  5662  5684 I art     : Starting a blocking GC Explicit
08-04 02:36:20.077  5662  5684 I art     : Explicit concurrent mark sweep GC freed 3(96B) AllocSpace objects, 0(0B) LOS objects, 37% free, 26MB/42MB, paused 560us total 46.784ms
08-04 02:36:20.094  5662  5684 I art     : Starting a blocking GC Explicit
08-04 02:36:20.140  5662  5684 I art     : Explicit concurrent mark sweep GC freed 3(96B) AllocSpace objects, 0(0B) LOS objects, 37% free, 26MB/42MB, paused 566us total 45.876ms
08-04 02:36:20.156  5662  5684 I art     : Starting a blocking GC Explicit
08-04 02:36:20.205  5662  5684 I art     : Explicit concurrent mark sweep GC freed 3(96B) AllocSpace objects, 0(0B) LOS objects, 37% free, 26MB/42MB, paused 556us total 48.096ms
08-04 02:36:20.567  5662  5673 I art     : Starting a blocking GC Explicit
08-04 02:36:20.629  5662  5673 I art     : Explicit concurrent mark sweep GC freed 1293(75KB) AllocSpace objects, 1(20KB) LOS objects, 37% free, 26MB/42MB, paused 653us total 61.337ms
08-04 02:36:20.650  5662  5673 I art     : Starting a blocking GC Explicit
08-04 02:36:20.696  5662  5673 I art     : Explicit concurrent mark sweep GC freed 18(624B) AllocSpace objects, 0(0B) LOS objects, 37% free, 26MB/42MB, paused 566us total 45.771ms
08-04 02:36:20.713  5662  5673 I art     : Starting a blocking GC Explicit
08-04 02:36:20.761  5662  5673 I art     : Explicit concurrent mark sweep GC freed 3(96B) AllocSpace objects, 0(0B) LOS objects, 37% free, 26MB/42MB, paused 534us total 48.235ms
08-04 02:36:20.778  5662  5673 I art     : Starting a blocking GC Explicit
08-04 02:36:20.826  5662  5673 I art     : Explicit concurrent mark sweep GC freed 3(96B) AllocSpace objects, 0(0B) LOS objects, 37% free, 26MB/42MB, paused 564us total 48.278ms
08-04 02:36:20.843  5662  5673 I art     : Starting a blocking GC Explicit
08-04 02:36:20.889  5662  5673 I art     : Explicit concurrent mark sweep GC freed 3(96B) AllocSpace objects, 0(0B) LOS objects, 37% free, 26MB/42MB, paused 551us total 45.897ms
08-04 02:36:20.966   518   646 I ThermalEngine: ACTION: GPU - Setting GPU[0] to 510000000
08-04 02:36:21.186  5662  5676 I art     : Starting a blocking GC Explicit
08-04 02:36:21.222  5662  5676 I art     : Explicit concurrent mark sweep GC freed 1293(75KB) AllocSpace objects, 1(20KB) LOS objects, 37% free, 26MB/42MB, paused 441us total 35.307ms
08-04 02:36:21.235  5662  5676 I art     : Starting a blocking GC Explicit
08-04 02:36:21.269  5662  5676 I art     : Explicit concurrent mark sweep GC freed 18(624B) AllocSpace objects, 0(0B) LOS objects, 37% free, 26MB/42MB, paused 426us total 33.989ms
08-04 02:36:21.282  5662  5676 I art     : Starting a blocking GC Explicit
08-04 02:36:21.316  5662  5676 I art     : Explicit concurrent mark sweep GC freed 3(96B) AllocSpace objects, 0(0B) LOS objects, 37% free, 26MB/42MB, paused 418us total 33.676ms
08-04 02:36:21.328  5662  5676 I art     : Starting a blocking GC Explicit
08-04 02:36:21.362  5662  5676 I art     : Explicit concurrent mark sweep GC freed 3(96B) AllocSpace objects, 0(0B) LOS objects, 37% free, 26MB/42MB, paused 412us total 33.485ms
08-04 02:36:21.374  5662  5676 I art     : Starting a blocking GC Explicit
08-04 02:36:21.409  5662  5676 I art     : Explicit concurrent mark sweep GC freed 3(96B) AllocSpace objects, 0(0B) LOS objects, 37% free, 26MB/42MB, paused 415us total 34.005ms
08-04 02:36:21.492  7291  7291 D AndroidRuntime: >>>>>> START com.android.internal.os.RuntimeInit uid 2000 <<<<<<
08-04 02:36:21.497  7291  7291 D AndroidRuntime: CheckJNI is OFF
08-04 02:36:21.536  7291  7291 D ICU     : No timezone override file found: /data/misc/zoneinfo/current/icu/icu_tzdata.dat
08-04 02:36:21.572  7291  7291 I Radio-JNI: register_android_hardware_Radio DONE
08-04 02:36:21.593  7291  7291 D AndroidRuntime: Calling main entry com.android.commands.am.Am
08-04 02:36:21.600  8825  8825 I Trepn   : Trepn 6.2s: Received intent: com.quicinc.trepn.stop_profiling
08-04 02:36:21.632  8825  8825 I Trepn   : Trepn 6.2s: Trepn has Stopped Profiling.
08-04 02:36:21.731  5662  6047 I art     : Starting a blocking GC Explicit
08-04 02:36:21.766  5662  6047 I art     : Explicit concurrent mark sweep GC freed 1293(75KB) AllocSpace objects, 1(20KB) LOS objects, 37% free, 26MB/42MB, paused 420us total 35.339ms
08-04 02:36:21.779  5662  6047 I art     : Starting a blocking GC Explicit
08-04 02:36:21.808  7291  7291 D AndroidRuntime: Shutting down VM
08-04 02:36:21.812   918  5132 W AppOps  : Finishing op nesting under-run: uid 10078 pkg com.quicinc.trepn code 24 time=0 duration=0 nesting=0
08-04 02:36:21.814  5662  6047 I art     : Explicit concurrent mark sweep GC freed 18(624B) AllocSpace objects, 0(0B) LOS objects, 37% free, 26MB/42MB, paused 448us total 34.797ms
08-04 02:36:21.828  5662  6047 I art     : Starting a blocking GC Explicit
08-04 02:36:21.856  5662  6047 I art     : Explicit concurrent mark sweep GC freed 3(96B) AllocSpace objects, 0(0B) LOS objects, 37% free, 26MB/42MB, paused 371us total 27.818ms
08-04 02:36:21.866  5662  6047 I art     : Starting a blocking GC Explicit
08-04 02:36:21.895  5662  6047 I art     : Explicit concurrent mark sweep GC freed 3(96B) AllocSpace objects, 0(0B) LOS objects, 37% free, 26MB/42MB, paused 378us total 28.072ms
08-04 02:36:21.906  5662  6047 I art     : Starting a blocking GC Explicit
08-04 02:36:21.935  5662  6047 I art     : Explicit concurrent mark sweep GC freed 3(96B) AllocSpace objects, 0(0B) LOS objects, 37% free, 26MB/42MB, paused 390us total 29.708ms
08-04 02:36:22.223  5662  5684 I art     : Starting a blocking GC Explicit
08-04 02:36:22.259  5662  5684 I art     : Explicit concurrent mark sweep GC freed 1293(75KB) AllocSpace objects, 1(20KB) LOS objects, 37% free, 26MB/42MB, paused 485us total 35.976ms
08-04 02:36:22.272  5662  5684 I art     : Starting a blocking GC Explicit
08-04 02:36:22.306  5662  5684 I art     : Explicit concurrent mark sweep GC freed 18(624B) AllocSpace objects, 0(0B) LOS objects, 37% free, 26MB/42MB, paused 383us total 33.197ms
08-04 02:36:22.318  5662  5684 I art     : Starting a blocking GC Explicit
08-04 02:36:22.352  5662  5684 I art     : Explicit concurrent mark sweep GC freed 3(96B) AllocSpace objects, 0(0B) LOS objects, 37% free, 26MB/42MB, paused 418us total 33.600ms
08-04 02:36:22.364  5662  5684 I art     : Starting a blocking GC Explicit
08-04 02:36:22.398  5662  5684 I art     : Explicit concurrent mark sweep GC freed 3(96B) AllocSpace objects, 0(0B) LOS objects, 37% free, 26MB/42MB, paused 446us total 33.359ms
08-04 02:36:22.410  5662  5684 I art     : Starting a blocking GC Explicit
08-04 02:36:22.444  5662  5684 I art     : Explicit concurrent mark sweep GC freed 3(96B) AllocSpace objects, 0(0B) LOS objects, 37% free, 26MB/42MB, paused 398us total 33.470ms
