08-06 05:59:22.061 23445 23445 D Nappa   : STATS Number of requests prefetched: 0
08-06 05:59:22.061 23445 23445 D Nappa   : STATS Time saved until now: 0.0
08-06 05:59:22.102 23445 23445 D ActivityNode: Observer - visit time - GlobalSharedStoriesItemsList - New aggregate visit time found is 116514 ms
08-06 05:59:22.103 13866 13866 I GoogleInputMethodServic: GoogleInputMethodService.onFinishInput():3138 
08-06 05:59:22.104 13866 13866 I GoogleInputMethodServic: GoogleInputMethodService.onStartInput():1808 
08-06 05:59:22.137 23445 31692 I art     : Starting a blocking GC Explicit
08-06 05:59:22.137   918  1209 D NetworkMonitor/NetworkAgentInfo [WIFI () - 159]: Checking http://connectivitycheck.gstatic.com/generate_204 on "H369AA63323", 192.168.2.12=192.168.2.12
08-06 05:59:22.187 23445 31692 I art     : Explicit concurrent mark sweep GC freed 10236(696KB) AllocSpace objects, 13(260KB) LOS objects, 30% free, 36MB/52MB, paused 1.444ms total 50.044ms
08-06 05:59:22.199 23445 31692 I art     : Starting a blocking GC Explicit
08-06 05:59:22.229 23445 32522 D CustomInterceptor: NETWORK-PROVIDER https://www.newsblur.com/reader/mark_story_hashes_as_read/
08-06 05:59:22.229 23445 32522 D CustomInterceptor: HEADER REQUEST
08-06 05:59:22.229 23445 32522 D CustomInterceptor: Cache-Control max-age=300, max-stale=300
08-06 05:59:22.229 23445 32522 D CustomInterceptor: Cookie newsblur_sessionid=qlbd3ilzka7q9q07v2htr96j75kh6za7; Domain=.newsblur.com; expires=Fri, 05 Aug 2022 20:39:35 GMT; Max-Age=63072000; Path=/
08-06 05:59:22.229 23445 32522 D CustomInterceptor: CACHED STATS: size = '9', maxSize = '100', hitCount = '9', createCount = '0', putCount = '9', evictionCount = '0', missCount = '25', toString = 'LruCache[maxSize=100,hits=9,misses=25,hitRate=26%]', 
08-06 05:59:22.229 23445 32522 D CustomInterceptor: PREFLIB NOT A GET REQUEST OR NOT IN CACHEPOST
08-06 05:59:22.240 23445 31692 I art     : Explicit concurrent mark sweep GC freed 521(23KB) AllocSpace objects, 0(0B) LOS objects, 30% free, 36MB/52MB, paused 1.625ms total 40.438ms
08-06 05:59:22.253 23445 31692 I art     : Starting a blocking GC Explicit
08-06 05:59:22.260   918  1209 D NetworkMonitor/NetworkAgentInfo [WIFI () - 159]: Probably not a portal: exception java.io.IOException: unexpected end of stream on Connection{connectivitycheck.gstatic.com:80, proxy=HTTP@/192.168.2.12:8080 hostAddress=192.168.2.12 cipherSuite=none protocol=http/1.1} (recycle count=0)
08-06 05:59:22.262   918  3263 D ConnectivityService: NetworkAgentInfo [WIFI () - 159] validation failed
08-06 05:59:22.263   918  3261 E WifiConfigStore:  rewrite network history for "H369AA63323"WPA_PSK
08-06 05:59:22.298 23445 31692 I art     : Explicit concurrent mark sweep GC freed 68(3KB) AllocSpace objects, 0(0B) LOS objects, 30% free, 36MB/52MB, paused 1.839ms total 45.256ms
08-06 05:59:22.312 23445 31692 I art     : Starting a blocking GC Explicit
08-06 05:59:22.360 23445 31692 I art     : Explicit concurrent mark sweep GC freed 9(400B) AllocSpace objects, 0(0B) LOS objects, 30% free, 36MB/52MB, paused 1.597ms total 47.391ms
08-06 05:59:22.360 23445 31633 D Nappa   : PREFETCH_ON_EXTRA - setCurrentActivity - logs - from extra - made prediction isfalse
08-06 05:59:22.375 23445 31692 I art     : Starting a blocking GC Explicit
08-06 05:59:22.424 23445 31692 I art     : Explicit concurrent mark sweep GC freed 18(1216B) AllocSpace objects, 0(0B) LOS objects, 30% free, 36MB/52MB, paused 1.566ms total 49.240ms
08-06 05:59:22.477   380   380 W SurfaceFlinger: couldn't log to binary event log: overflow.
08-06 05:59:22.479 23445 23445 D NappaLifecycleObserver: nappagreedy.com.newsblur.activity.GlobalSharedStoriesItemsList - onDestroy
08-06 05:59:22.479 23445 23445 D NappaLifecycleObserver: -------------F1_SCORE #22 -----------
08-06 05:59:22.479 23445 23445 D NappaLifecycleObserver: F1_SCORE - Intercept list (11)= [https://www.newsblur.com/reader/feeds/?update_counts=true, https://www.newsblur.com/reader/unread_story_hashes?include_timestamps=1, https://www.newsblur.com/social/river_stories?order=newest&page=1&read_filter=all&global_feed=true, https://www.newsblur.com/rss_feeds/icon/0, https://s3.amazonaws.com/icons.newsblur.com/6882243.png, https://s3.amazonaws.com/icons.newsblur.com/18178.png, https://s3.amazonaws.com/icons.newsblur.com/5762506.png, http://feeds.feedburner.com/~r/retort/~4/UffaFMiJbNs, https://images.fastcompany.net/image/upload/w_1280,q_auto,f_auto,fl_lossy/wp-cms/uploads/2020/07/p-1-90532920-this-chart-shows-how-effective-masks-can-be.png, https://www.gravatar.com/avatar/f5934485a0863578733c447016505547, https://www.newsblur.com/social/river_stories?order=newest&page=2&read_filter=all&global_feed=true]
08-06 05:59:22.479 23445 23445 D NappaLifecycleObserver: F1_SCORE - Prefetch list (0)= []
08-06 05:59:22.480 23445 23445 D NappaLifecycleObserver: F1_SCORE - TP list (0)= []
08-06 05:59:22.480 23445 23445 D NappaLifecycleObserver: F1_SCORE - FN list (11)= [https://www.newsblur.com/reader/feeds/?update_counts=true, https://www.newsblur.com/reader/unread_story_hashes?include_timestamps=1, https://www.newsblur.com/social/river_stories?order=newest&page=1&read_filter=all&global_feed=true, https://www.newsblur.com/rss_feeds/icon/0, https://s3.amazonaws.com/icons.newsblur.com/6882243.png, https://s3.amazonaws.com/icons.newsblur.com/18178.png, https://s3.amazonaws.com/icons.newsblur.com/5762506.png, http://feeds.feedburner.com/~r/retort/~4/UffaFMiJbNs, https://images.fastcompany.net/image/upload/w_1280,q_auto,f_auto,fl_lossy/wp-cms/uploads/2020/07/p-1-90532920-this-chart-shows-how-effective-masks-can-be.png, https://www.gravatar.com/avatar/f5934485a0863578733c447016505547, https://www.newsblur.com/social/river_stories?order=newest&page=2&read_filter=all&global_feed=true]
08-06 05:59:22.480 23445 23445 I NAPPA_EXPERIMENTATION: MetricPrefetchingAccuracy: LOG_ID='23',F1_SCORE_1='0.0',F1_SCORE_2='0.0',TRUE_POSITIVE='0',FALSE_POSITIVE='0',FALSE_NEGATIVE='11',
08-06 05:59:22.686 23445 32522 D CustomInterceptor: Interceptor exiting with exception java.io.IOException: unexpected end of stream on https://www.newsblur.com/...
08-06 05:59:22.686 23445 32522 W System.err: java.io.IOException: unexpected end of stream on https://www.newsblur.com/...
08-06 05:59:22.686 23445 32522 W System.err: 	at okhttp3.internal.http1.Http1ExchangeCodec.readResponseHeaders(Http1ExchangeCodec.java:236)
08-06 05:59:22.686 23445 32522 W System.err: 	at okhttp3.internal.connection.Exchange.readResponseHeaders(Exchange.java:115)
08-06 05:59:22.687 23445 32522 W System.err: 	at okhttp3.internal.http.CallServerInterceptor.intercept(CallServerInterceptor.java:94)
08-06 05:59:22.687 23445 32522 W System.err: 	at okhttp3.internal.http.RealInterceptorChain.proceed(RealInterceptorChain.java:142)
08-06 05:59:22.687 23445 32522 W System.err: 	at okhttp3.internal.connection.ConnectInterceptor.intercept(ConnectInterceptor.java:43)
08-06 05:59:22.687 23445 32522 W System.err: 	at okhttp3.internal.http.RealInterceptorChain.proceed(RealInterceptorChain.java:142)
08-06 05:59:22.687 23445 32522 W System.err: 	at okhttp3.internal.http.RealInterceptorChain.proceed(RealInterceptorChain.java:117)
08-06 05:59:22.687 23445 32522 W System.err: 	at okhttp3.internal.cache.CacheInterceptor.intercept(CacheInterceptor.java:94)
08-06 05:59:22.687 23445 32522 W System.err: 	at okhttp3.internal.http.RealInterceptorChain.proceed(RealInterceptorChain.java:142)
08-06 05:59:22.687 23445 32522 W System.err: 	at okhttp3.internal.http.RealInterceptorChain.proceed(RealInterceptorChain.java:117)
08-06 05:59:22.687 23445 32522 W System.err: 	at okhttp3.internal.http.BridgeInterceptor.intercept(BridgeInterceptor.java:93)
08-06 05:59:22.687 23445 32522 W System.err: 	at okhttp3.internal.http.RealInterceptorChain.proceed(RealInterceptorChain.java:142)
08-06 05:59:22.687 23445 32522 W System.err: 	at okhttp3.internal.http.RetryAndFollowUpInterceptor.intercept(RetryAndFollowUpInterceptor.java:88)
08-06 05:59:22.687 23445 32522 W System.err: 	at okhttp3.internal.http.RealInterceptorChain.proceed(RealInterceptorChain.java:142)
08-06 05:59:22.687 23445 32522 W System.err: 	at okhttp3.internal.http.RealInterceptorChain.proceed(RealInterceptorChain.java:117)
08-06 05:59:22.687 23445 32522 W System.err: 	at nl.vu.cs.s2group.nappa.Nappa$CustomInterceptor.intercept(Nappa.java:875)
08-06 05:59:22.687 23445 32522 W System.err: 	at okhttp3.internal.http.RealInterceptorChain.proceed(RealInterceptorChain.java:142)
08-06 05:59:22.687 23445 32522 W System.err: 	at okhttp3.internal.http.RealInterceptorChain.proceed(RealInterceptorChain.java:117)
08-06 05:59:22.687 23445 32522 W System.err: 	at okhttp3.RealCall.getResponseWithInterceptorChain(RealCall.java:229)
08-06 05:59:22.687 23445 32522 W System.err: 	at okhttp3.RealCall.execute(RealCall.java:81)
08-06 05:59:22.687 23445 32522 W System.err: 	at nappagreedy.com.newsblur.network.APIResponse.<init>(APIResponse.java:57)
08-06 05:59:22.688 23445 32522 W System.err: 	at nappagreedy.com.newsblur.network.APIResponse.<init>(APIResponse.java:43)
08-06 05:59:22.688 23445 32522 W System.err: 	at nappagreedy.com.newsblur.network.APIManager.post_single(APIManager.java:703)
08-06 05:59:22.688 23445 32522 W System.err: 	at nappagreedy.com.newsblur.network.APIManager.post(APIManager.java:676)
08-06 05:59:22.688 23445 32522 W System.err: 	at nappagreedy.com.newsblur.network.APIManager.post(APIManager.java:715)
08-06 05:59:22.688 23445 32522 W System.err: 	at nappagreedy.com.newsblur.network.APIManager.markStoryAsRead(APIManager.java:206)
08-06 05:59:22.688 23445 32522 W System.err: 	at nappagreedy.com.newsblur.util.ReadingAction.doRemote(ReadingAction.java:281)
08-06 05:59:22.688 23445 32522 W System.err: 	at nappagreedy.com.newsblur.service.NBSyncService.syncActions(NBSyncService.java:400)
08-06 05:59:22.688 23445 32522 W System.err: 	at nappagreedy.com.newsblur.service.NBSyncService.doSync(NBSyncService.java:298)
08-06 05:59:22.688 23445 32522 W System.err: 	at nappagreedy.com.newsblur.service.NBSyncService.access$100(NBSyncService.java:67)
08-06 05:59:22.688 23445 32522 W System.err: 	at nappagreedy.com.newsblur.service.NBSyncService$1.run(NBSyncService.java:188)
08-06 05:59:22.688 23445 32522 W System.err: 	at java.util.concurrent.ThreadPoolExecutor.runWorker(ThreadPoolExecutor.java:1113)
08-06 05:59:22.688 23445 32522 W System.err: 	at java.util.concurrent.ThreadPoolExecutor$Worker.run(ThreadPoolExecutor.java:588)
08-06 05:59:22.688 23445 32522 W System.err: 	at java.lang.Thread.run(Thread.java:818)
08-06 05:59:22.688 23445 32522 W System.err: Caused by: java.io.EOFException: \n not found: limit=0 content=
08-06 05:59:22.689 23445 32522 W System.err: 	at okio.RealBufferedSource.readUtf8LineStrict(RealBufferedSource.java:240)
08-06 05:59:22.689 23445 32522 W System.err: 	at okhttp3.internal.http1.Http1ExchangeCodec.readHeaderLine(Http1ExchangeCodec.java:242)
08-06 05:59:22.689 23445 32522 W System.err: 	at okhttp3.internal.http1.Http1ExchangeCodec.readResponseHeaders(Http1ExchangeCodec.java:213)
08-06 05:59:22.689 23445 32522 W System.err: 	... 33 more
08-06 05:59:22.689 23445 32522 D CustomInterceptor: interceptor_finished : return_type #4 : interceptor failed, resuming the request chain with the original request
08-06 05:59:22.782 23445 23456 I art     : Starting a blocking GC Explicit
08-06 05:59:22.832 23445 23456 I art     : Explicit concurrent mark sweep GC freed 4788(285KB) AllocSpace objects, 1(20KB) LOS objects, 30% free, 36MB/52MB, paused 1.605ms total 49.510ms
08-06 05:59:22.847 23445 23456 I art     : Starting a blocking GC Explicit
08-06 05:59:22.891 23445 23456 I art     : Explicit concurrent mark sweep GC freed 253(10KB) AllocSpace objects, 0(0B) LOS objects, 30% free, 36MB/52MB, paused 1.560ms total 43.844ms
08-06 05:59:22.905 23445 23456 I art     : Starting a blocking GC Explicit
08-06 05:59:22.950 23445 23456 I art     : Explicit concurrent mark sweep GC freed 10(320B) AllocSpace objects, 0(0B) LOS objects, 30% free, 36MB/52MB, paused 1.669ms total 45.301ms
08-06 05:59:22.964 23445 23456 I art     : Starting a blocking GC Explicit
08-06 05:59:23.006 23445 23456 I art     : Explicit concurrent mark sweep GC freed 10(320B) AllocSpace objects, 0(0B) LOS objects, 30% free, 36MB/52MB, paused 1.526ms total 41.695ms
08-06 05:59:23.018 23445 23456 I art     : Starting a blocking GC Explicit
08-06 05:59:23.064 23445 23456 I art     : Explicit concurrent mark sweep GC freed 1604(62KB) AllocSpace objects, 0(0B) LOS objects, 30% free, 36MB/52MB, paused 1.702ms total 45.775ms
08-06 05:59:23.105 23445 32522 E nappagreedy.com.newsblur.network.APIResponse: Error (unexpected end of stream on https://www.newsblur.com/...) calling https://www.newsblur.com/reader/mark_story_hashes_as_read/
08-06 05:59:23.105 23445 32522 E nappagreedy.com.newsblur.network.APIResponse: java.io.IOException: unexpected end of stream on https://www.newsblur.com/...
08-06 05:59:23.105 23445 32522 E nappagreedy.com.newsblur.network.APIResponse: 	at okhttp3.internal.http1.Http1ExchangeCodec.readResponseHeaders(Http1ExchangeCodec.java:236)
08-06 05:59:23.105 23445 32522 E nappagreedy.com.newsblur.network.APIResponse: 	at okhttp3.internal.connection.Exchange.readResponseHeaders(Exchange.java:115)
08-06 05:59:23.105 23445 32522 E nappagreedy.com.newsblur.network.APIResponse: 	at okhttp3.internal.http.CallServerInterceptor.intercept(CallServerInterceptor.java:94)
08-06 05:59:23.105 23445 32522 E nappagreedy.com.newsblur.network.APIResponse: 	at okhttp3.internal.http.RealInterceptorChain.proceed(RealInterceptorChain.java:142)
08-06 05:59:23.105 23445 32522 E nappagreedy.com.newsblur.network.APIResponse: 	at okhttp3.internal.connection.ConnectInterceptor.intercept(ConnectInterceptor.java:43)
08-06 05:59:23.105 23445 32522 E nappagreedy.com.newsblur.network.APIResponse: 	at okhttp3.internal.http.RealInterceptorChain.proceed(RealInterceptorChain.java:142)
08-06 05:59:23.105 23445 32522 E nappagreedy.com.newsblur.network.APIResponse: 	at okhttp3.internal.http.RealInterceptorChain.proceed(RealInterceptorChain.java:117)
08-06 05:59:23.105 23445 32522 E nappagreedy.com.newsblur.network.APIResponse: 	at okhttp3.internal.cache.CacheInterceptor.intercept(CacheInterceptor.java:94)
08-06 05:59:23.105 23445 32522 E nappagreedy.com.newsblur.network.APIResponse: 	at okhttp3.internal.http.RealInterceptorChain.proceed(RealInterceptorChain.java:142)
08-06 05:59:23.105 23445 32522 E nappagreedy.com.newsblur.network.APIResponse: 	at okhttp3.internal.http.RealInterceptorChain.proceed(RealInterceptorChain.java:117)
08-06 05:59:23.105 23445 32522 E nappagreedy.com.newsblur.network.APIResponse: 	at okhttp3.internal.http.BridgeInterceptor.intercept(BridgeInterceptor.java:93)
08-06 05:59:23.105 23445 32522 E nappagreedy.com.newsblur.network.APIResponse: 	at okhttp3.internal.http.RealInterceptorChain.proceed(RealInterceptorChain.java:142)
08-06 05:59:23.105 23445 32522 E nappagreedy.com.newsblur.network.APIResponse: 	at okhttp3.internal.http.RetryAndFollowUpInterceptor.intercept(RetryAndFollowUpInterceptor.java:88)
08-06 05:59:23.105 23445 32522 E nappagreedy.com.newsblur.network.APIResponse: 	at okhttp3.internal.http.RealInterceptorChain.proceed(RealInterceptorChain.java:142)
08-06 05:59:23.105 23445 32522 E nappagreedy.com.newsblur.network.APIResponse: 	at okhttp3.internal.http.RealInterceptorChain.proceed(RealInterceptorChain.java:117)
08-06 05:59:23.105 23445 32522 E nappagreedy.com.newsblur.network.APIResponse: 	at nl.vu.cs.s2group.nappa.Nappa$CustomInterceptor.intercept(Nappa.java:970)
08-06 05:59:23.105 23445 32522 E nappagreedy.com.newsblur.network.APIResponse: 	at okhttp3.internal.http.RealInterceptorChain.proceed(RealInterceptorChain.java:142)
08-06 05:59:23.105 23445 32522 E nappagreedy.com.newsblur.network.APIResponse: 	at okhttp3.internal.http.RealInterceptorChain.proceed(RealInterceptorChain.java:117)
08-06 05:59:23.105 23445 32522 E nappagreedy.com.newsblur.network.APIResponse: 	at okhttp3.RealCall.getResponseWithInterceptorChain(RealCall.java:229)
08-06 05:59:23.105 23445 32522 E nappagreedy.com.newsblur.network.APIResponse: 	at okhttp3.RealCall.execute(RealCall.java:81)
08-06 05:59:23.105 23445 32522 E nappagreedy.com.newsblur.network.APIResponse: 	at nappagreedy.com.newsblur.network.APIResponse.<init>(APIResponse.java:57)
08-06 05:59:23.105 23445 32522 E nappagreedy.com.newsblur.network.APIResponse: 	at nappagreedy.com.newsblur.network.APIResponse.<init>(APIResponse.java:43)
08-06 05:59:23.105 23445 32522 E nappagreedy.com.newsblur.network.APIResponse: 	at nappagreedy.com.newsblur.network.APIManager.post_single(APIManager.java:703)
08-06 05:59:23.105 23445 32522 E nappagreedy.com.newsblur.network.APIResponse: 	at nappagreedy.com.newsblur.network.APIManager.post(APIManager.java:676)
08-06 05:59:23.105 23445 32522 E nappagreedy.com.newsblur.network.APIResponse: 	at nappagreedy.com.newsblur.network.APIManager.post(APIManager.java:715)
08-06 05:59:23.105 23445 32522 E nappagreedy.com.newsblur.network.APIResponse: 	at nappagreedy.com.newsblur.network.APIManager.markStoryAsRead(APIManager.java:206)
08-06 05:59:23.105 23445 32522 E nappagreedy.com.newsblur.network.APIResponse: 	at nappagreedy.com.newsblur.util.ReadingAction.doRemote(ReadingAction.java:281)
08-06 05:59:23.105 23445 32522 E nappagreedy.com.newsblur.network.APIResponse: 	at nappagreedy.com.newsblur.service.NBSyncService.syncActions(NBSyncService.java:400)
08-06 05:59:23.105 23445 32522 E nappagreedy.com.newsblur.network.APIResponse: 	at nappagreedy.com.newsblur.service.NBSyncService.doSync(NBSyncService.java:298)
08-06 05:59:23.105 23445 32522 E nappagreedy.com.newsblur.network.APIResponse: 	at nappagreedy.com.newsblur.service.NBSyncService.access$100(NBSyncService.java:67)
08-06 05:59:23.105 23445 32522 E nappagreedy.com.newsblur.network.APIResponse: 	at nappagreedy.com.newsblur.service.NBSyncService$1.run(NBSyncService.java:188)
08-06 05:59:23.105 23445 32522 E nappagreedy.com.newsblur.network.APIResponse: 	at java.util.concurrent.ThreadPoolExecutor.runWorker(ThreadPoolExecutor.java:1113)
08-06 05:59:23.105 23445 32522 E nappagreedy.com.newsblur.network.APIResponse: 	at java.util.concurrent.ThreadPoolExecutor$Worker.run(ThreadPoolExecutor.java:588)
08-06 05:59:23.105 23445 32522 E nappagreedy.com.newsblur.network.APIResponse: 	at java.lang.Thread.run(Thread.java:818)
08-06 05:59:23.105 23445 32522 E nappagreedy.com.newsblur.network.APIResponse: Caused by: java.io.EOFException: \n not found: limit=0 content=
08-06 05:59:23.105 23445 32522 E nappagreedy.com.newsblur.network.APIResponse: 	at okio.RealBufferedSource.readUtf8LineStrict(RealBufferedSource.java:240)
08-06 05:59:23.105 23445 32522 E nappagreedy.com.newsblur.network.APIResponse: 	at okhttp3.internal.http1.Http1ExchangeCodec.readHeaderLine(Http1ExchangeCodec.java:242)
08-06 05:59:23.105 23445 32522 E nappagreedy.com.newsblur.network.APIResponse: 	at okhttp3.internal.http1.Http1ExchangeCodec.readResponseHeaders(Http1ExchangeCodec.java:213)
08-06 05:59:23.105 23445 32522 E nappagreedy.com.newsblur.network.APIResponse: 	... 33 more
08-06 05:59:23.107 23445 32522 I nappagreedy.com.newsblur.service.NBSyncService: Holding reading action with server-side or network error.
08-06 05:59:23.117 23445 32522 W nappagreedy.com.newsblur.service.NBSyncService: hard API failure
08-06 05:59:23.120 23445 32522 D CustomInterceptor: NETWORK-PROVIDER https://www.newsblur.com/reader/mark_story_hashes_as_read/
08-06 05:59:23.120 23445 32522 D CustomInterceptor: HEADER REQUEST
08-06 05:59:23.120 23445 32522 D CustomInterceptor: Cache-Control max-age=300, max-stale=300
08-06 05:59:23.120 23445 32522 D CustomInterceptor: Cookie newsblur_sessionid=qlbd3ilzka7q9q07v2htr96j75kh6za7; Domain=.newsblur.com; expires=Fri, 05 Aug 2022 20:39:35 GMT; Max-Age=63072000; Path=/
08-06 05:59:23.121 23445 32522 D CustomInterceptor: CACHED STATS: size = '9', maxSize = '100', hitCount = '9', createCount = '0', putCount = '9', evictionCount = '0', missCount = '26', toString = 'LruCache[maxSize=100,hits=9,misses=26,hitRate=25%]', 
08-06 05:59:23.121 23445 32522 D CustomInterceptor: PREFLIB NOT A GET REQUEST OR NOT IN CACHEPOST
08-06 05:59:23.407 23445 31692 I art     : Starting a blocking GC Explicit
08-06 05:59:23.456 23445 31692 I art     : Explicit concurrent mark sweep GC freed 3158(371KB) AllocSpace objects, 5(100KB) LOS objects, 30% free, 36MB/52MB, paused 1.656ms total 48.808ms
08-06 05:59:23.469 23445 31692 I art     : Starting a blocking GC Explicit
08-06 05:59:23.515 23445 31692 I art     : Explicit concurrent mark sweep GC freed 1700(67KB) AllocSpace objects, 0(0B) LOS objects, 30% free, 36MB/52MB, paused 1.600ms total 46.321ms
08-06 05:59:23.525 23445 32522 D CustomInterceptor: Interceptor exiting with exception java.io.IOException: unexpected end of stream on https://www.newsblur.com/...
08-06 05:59:23.525 23445 32522 W System.err: java.io.IOException: unexpected end of stream on https://www.newsblur.com/...
08-06 05:59:23.526 23445 32522 W System.err: 	at okhttp3.internal.http1.Http1ExchangeCodec.readResponseHeaders(Http1ExchangeCodec.java:236)
08-06 05:59:23.526 23445 32522 W System.err: 	at okhttp3.internal.connection.Exchange.readResponseHeaders(Exchange.java:115)
08-06 05:59:23.527 23445 32522 W System.err: 	at okhttp3.internal.http.CallServerInterceptor.intercept(CallServerInterceptor.java:94)
08-06 05:59:23.527 23445 32522 W System.err: 	at okhttp3.internal.http.RealInterceptorChain.proceed(RealInterceptorChain.java:142)
08-06 05:59:23.527 23445 32522 W System.err: 	at okhttp3.internal.connection.ConnectInterceptor.intercept(ConnectInterceptor.java:43)
08-06 05:59:23.527 23445 32522 W System.err: 	at okhttp3.internal.http.RealInterceptorChain.proceed(RealInterceptorChain.java:142)
08-06 05:59:23.527 23445 32522 W System.err: 	at okhttp3.internal.http.RealInterceptorChain.proceed(RealInterceptorChain.java:117)
08-06 05:59:23.527 23445 32522 W System.err: 	at okhttp3.internal.cache.CacheInterceptor.intercept(CacheInterceptor.java:94)
08-06 05:59:23.528 23445 32522 W System.err: 	at okhttp3.internal.http.RealInterceptorChain.proceed(RealInterceptorChain.java:142)
08-06 05:59:23.528 23445 32522 W System.err: 	at okhttp3.internal.http.RealInterceptorChain.proceed(RealInterceptorChain.java:117)
08-06 05:59:23.528 23445 32522 W System.err: 	at okhttp3.internal.http.BridgeInterceptor.intercept(BridgeInterceptor.java:93)
08-06 05:59:23.528 23445 32522 W System.err: 	at okhttp3.internal.http.RealInterceptorChain.proceed(RealInterceptorChain.java:142)
08-06 05:59:23.528 23445 32522 W System.err: 	at okhttp3.internal.http.RetryAndFollowUpInterceptor.intercept(RetryAndFollowUpInterceptor.java:88)
08-06 05:59:23.528 23445 32522 W System.err: 	at okhttp3.internal.http.RealInterceptorChain.proceed(RealInterceptorChain.java:142)
08-06 05:59:23.528 23445 32522 W System.err: 	at okhttp3.internal.http.RealInterceptorChain.proceed(RealInterceptorChain.java:117)
08-06 05:59:23.528 23445 32522 W System.err: 	at nl.vu.cs.s2group.nappa.Nappa$CustomInterceptor.intercept(Nappa.java:875)
08-06 05:59:23.528 23445 32522 W System.err: 	at okhttp3.internal.http.RealInterceptorChain.proceed(RealInterceptorChain.java:142)
08-06 05:59:23.529 23445 31692 I art     : Starting a blocking GC Explicit
08-06 05:59:23.529 23445 32522 W System.err: 	at okhttp3.internal.http.RealInterceptorChain.proceed(RealInterceptorChain.java:117)
08-06 05:59:23.531 23445 32522 W System.err: 	at okhttp3.RealCall.getResponseWithInterceptorChain(RealCall.java:229)
08-06 05:59:23.531 23445 32522 W System.err: 	at okhttp3.RealCall.execute(RealCall.java:81)
08-06 05:59:23.532 23445 32522 W System.err: 	at nappagreedy.com.newsblur.network.APIResponse.<init>(APIResponse.java:57)
08-06 05:59:23.532 23445 32522 W System.err: 	at nappagreedy.com.newsblur.network.APIResponse.<init>(APIResponse.java:43)
08-06 05:59:23.532 23445 32522 W System.err: 	at nappagreedy.com.newsblur.network.APIManager.post_single(APIManager.java:703)
08-06 05:59:23.532 23445 32522 W System.err: 	at nappagreedy.com.newsblur.network.APIManager.post(APIManager.java:676)
08-06 05:59:23.532 23445 32522 W System.err: 	at nappagreedy.com.newsblur.network.APIManager.post(APIManager.java:715)
08-06 05:59:23.532 23445 32522 W System.err: 	at nappagreedy.com.newsblur.network.APIManager.markStoryAsRead(APIManager.java:206)
08-06 05:59:23.532 23445 32522 W System.err: 	at nappagreedy.com.newsblur.util.ReadingAction.doRemote(ReadingAction.java:281)
08-06 05:59:23.532 23445 32522 W System.err: 	at nappagreedy.com.newsblur.service.NBSyncService.syncActions(NBSyncService.java:400)
08-06 05:59:23.532 23445 32522 W System.err: 	at nappagreedy.com.newsblur.service.NBSyncService.doSync(NBSyncService.java:298)
08-06 05:59:23.533 23445 32522 W System.err: 	at nappagreedy.com.newsblur.service.NBSyncService.access$100(NBSyncService.java:67)
08-06 05:59:23.533 23445 32522 W System.err: 	at nappagreedy.com.newsblur.service.NBSyncService$1.run(NBSyncService.java:188)
08-06 05:59:23.533 23445 32522 W System.err: 	at java.util.concurrent.ThreadPoolExecutor.runWorker(ThreadPoolExecutor.java:1113)
08-06 05:59:23.533 23445 32522 W System.err: 	at java.util.concurrent.ThreadPoolExecutor$Worker.run(ThreadPoolExecutor.java:588)
08-06 05:59:23.533 23445 32522 W System.err: 	at java.lang.Thread.run(Thread.java:818)
08-06 05:59:23.533 23445 32522 W System.err: Caused by: java.io.EOFException: \n not found: limit=0 content=
08-06 05:59:23.534 23445 32522 W System.err: 	at okio.RealBufferedSource.readUtf8LineStrict(RealBufferedSource.java:240)
08-06 05:59:23.534 23445 32522 W System.err: 	at okhttp3.internal.http1.Http1ExchangeCodec.readHeaderLine(Http1ExchangeCodec.java:242)
08-06 05:59:23.534 23445 32522 W System.err: 	at okhttp3.internal.http1.Http1ExchangeCodec.readResponseHeaders(Http1ExchangeCodec.java:213)
08-06 05:59:23.534 23445 32522 W System.err: 	... 33 more
08-06 05:59:23.534 23445 32522 D CustomInterceptor: interceptor_finished : return_type #4 : interceptor failed, resuming the request chain with the original request
08-06 05:59:23.573 23445 31692 I art     : Explicit concurrent mark sweep GC freed 598(57KB) AllocSpace objects, 0(0B) LOS objects, 30% free, 36MB/52MB, paused 1.653ms total 43.887ms
08-06 05:59:23.585 23445 31692 I art     : Starting a blocking GC Explicit
08-06 05:59:23.595 32673 32673 D AndroidRuntime: >>>>>> START com.android.internal.os.RuntimeInit uid 2000 <<<<<<
08-06 05:59:23.601 32673 32673 D AndroidRuntime: CheckJNI is OFF
08-06 05:59:23.631 23445 31692 I art     : Explicit concurrent mark sweep GC freed 332(18KB) AllocSpace objects, 0(0B) LOS objects, 30% free, 36MB/52MB, paused 1.700ms total 45.793ms
08-06 05:59:23.644 23445 31692 I art     : Starting a blocking GC Explicit
08-06 05:59:23.649 32673 32673 D ICU     : No timezone override file found: /data/misc/zoneinfo/current/icu/icu_tzdata.dat
08-06 05:59:23.689 23445 31692 I art     : Explicit concurrent mark sweep GC freed 3(96B) AllocSpace objects, 0(0B) LOS objects, 30% free, 36MB/52MB, paused 1.622ms total 44.851ms
08-06 05:59:23.696 32673 32673 I Radio-JNI: register_android_hardware_Radio DONE
08-06 05:59:23.726 32673 32673 D AndroidRuntime: Calling main entry com.android.commands.input.Input
08-06 05:59:23.728 32673 32673 I Input   : injectMotionEvent: MotionEvent { action=ACTION_DOWN, actionButton=0, id[0]=0, x[0]=594.0, y[0]=330.0, toolType[0]=TOOL_TYPE_UNKNOWN, buttonState=0, metaState=0, flags=0x0, edgeFlags=0x0, pointerCount=1, historySize=0, eventTime=856780140, downTime=856780140, deviceId=0, source=0x1002 }
08-06 05:59:23.734 32673 32673 I Input   : injectMotionEvent: MotionEvent { action=ACTION_UP, actionButton=0, id[0]=0, x[0]=594.0, y[0]=330.0, toolType[0]=TOOL_TYPE_UNKNOWN, buttonState=0, metaState=0, flags=0x0, edgeFlags=0x0, pointerCount=1, historySize=0, eventTime=856780140, downTime=856780140, deviceId=0, source=0x1002 }
08-06 05:59:23.736 32673 32673 D AndroidRuntime: Shutting down VM
08-06 05:59:23.799 23445 23445 D NappaIntentExtras: ==================
08-06 05:59:23.799 23445 23445 D NappaIntentExtras: Log #4
08-06 05:59:23.799 23445 23445 D NappaIntentExtras: ------------------
08-06 05:59:23.799 23445 23445 D NappaIntentExtras: activity nappagreedy.com.newsblur.activity.AllSharedStoriesItemsList
08-06 05:59:23.799 23445 23445 D NappaIntentExtras: 	- No extras registered
08-06 05:59:23.799 23445 23445 D NappaIntentExtras: activity nappagreedy.com.newsblur.activity.GlobalSharedStoriesItemsList
08-06 05:59:23.799 23445 31633 D Nappa   : PREFETCH_ON_EXTRA - notifyExtras- start
08-06 05:59:23.799 23445 23445 D NappaIntentExtras: 	- 2 extras registered
08-06 05:59:23.799 23445 23445 D NappaIntentExtras: 	- story_hash : 0:d567e6
08-06 05:59:23.799 23445 23445 D NappaIntentExtras: 	- feed_set : nappagreedy.com.newsblur.util.FeedSet@e
08-06 05:59:23.799 23445 23445 D NappaIntentExtras: activity nappagreedy.com.newsblur.activity.GlobalSharedStoriesReading
08-06 05:59:23.800 23445 23445 D NappaIntentExtras: 	- No extras registered
08-06 05:59:23.800 23445 23445 D NappaIntentExtras: activity nappagreedy.com.newsblur.activity.Main
08-06 05:59:23.800 23445 23445 D NappaIntentExtras: 	- 1 extras registered
08-06 05:59:23.800 23445 23445 D NappaIntentExtras: 	- feed_set : nappagreedy.com.newsblur.util.FeedSet@e
08-06 05:59:23.800 23445 23445 D NappaIntentExtras: activity nappagreedy.com.newsblur.activity.AllSharedStoriesReading
08-06 05:59:23.800 23445 23445 D NappaIntentExtras: 	- No extras registered
08-06 05:59:23.800 23445 23445 D NappaIntentExtras: ==================
08-06 05:59:23.800 23445 31633 I NAPPA_EXPERIMENTATION: MetricNappaPrefetchingStrategyExecutionTime: STRATEGY_CLASS='GreedyPrefetchingStrategyOnVisitFrequencyAndTime',DURATION='324375',NUMBER_OF_URLS='0',NUMBER_OF_SELECTED_CHILDREN_NODES='1',NUMBER_OF_CHILDREN_NODES='2',STRATEGY_RUN_SUCCESSFULLY='True',
08-06 05:59:23.800 23445 31633 D GreedyPrefetchingStrategyOnVisitFrequencyAndTime: ==================================
08-06 05:59:23.800 23445 31633 D GreedyPrefetchingStrategyOnVisitFrequencyAndTime: Starting Run #7
08-06 05:59:23.800 23445 31633 D GreedyPrefetchingStrategyOnVisitFrequencyAndTime: ----------------------------------
08-06 05:59:23.800 23445 31633 D GreedyPrefetchingStrategyOnVisitFrequencyAndTime: Node data Main 
08-06 05:59:23.800 23445 31633 D GreedyPrefetchingStrategyOnVisitFrequencyAndTime: 	Successors:
08-06 05:59:23.800 23445 31633 D GreedyPrefetchingStrategyOnVisitFrequencyAndTime: 		GlobalSharedStoriesItemsList (1 hits)
08-06 05:59:23.800 23445 31633 D GreedyPrefetchingStrategyOnVisitFrequencyAndTime: 		AllSharedStoriesItemsList (0 hits)
08-06 05:59:23.800 23445 31633 D GreedyPrefetchingStrategyOnVisitFrequencyAndTime: 	Ancestors:
08-06 05:59:23.800 23445 31633 D GreedyPrefetchingStrategyOnVisitFrequencyAndTime: 
08-06 05:59:23.800 23445 31633 D GreedyPrefetchingStrategyOnVisitFrequencyAndTime: 
08-06 05:59:23.800 23445 31633 D GreedyPrefetchingStrategyOnVisitFrequencyAndTime: MetricStrategyAccuracy inc execution count7 | act = false; extra = true
08-06 05:59:23.800 23445 31633 D GreedyPrefetchingStrategyOnVisitFrequencyAndTime: ------------- Recursion #1 -----------
08-06 05:59:23.800 23445 31633 D GreedyPrefetchingStrategyOnVisitFrequencyAndTime: Best successors so far []
08-06 05:59:23.800 23445 31633 D GreedyPrefetchingStrategyOnVisitFrequencyAndTime: Checking node Main with 2 successors
08-06 05:59:23.800 23445 31633 D GreedyPrefetchingStrategyOnVisitFrequencyAndTime: Check successor GlobalSharedStoriesItemsList
08-06 05:59:23.800 23445 31633 D GreedyPrefetchingStrategyOnVisitFrequencyAndTime: Data:
08-06 05:59:23.800 23445 31633 D GreedyPrefetchingStrategyOnVisitFrequencyAndTime: 	- Successor time = 116514.0
08-06 05:59:23.800 23445 31633 D GreedyPrefetchingStrategyOnVisitFrequencyAndTime: 	- Successor frequency = 9
08-06 05:59:23.800 23445 31633 D GreedyPrefetchingStrategyOnVisitFrequencyAndTime: 	- Aggregated time = 220548.0
08-06 05:59:23.801 23445 31633 D GreedyPrefetchingStrategyOnVisitFrequencyAndTime: 	- Aggregated frequency = 17
08-06 05:59:23.801 23445 31633 D GreedyPrefetchingStrategyOnVisitFrequencyAndTime: Calculated scores:
08-06 05:59:23.801 23445 31633 D GreedyPrefetchingStrategyOnVisitFrequencyAndTime: 	- Parent score = 1.0
08-06 05:59:23.801 23445 31633 D GreedyPrefetchingStrategyOnVisitFrequencyAndTime: 	- Successor time score = 0.26414657
08-06 05:59:23.801 23445 31633 D GreedyPrefetchingStrategyOnVisitFrequencyAndTime: 	- Successor frequency score = 0.2647059
08-06 05:59:23.801 23445 31633 D GreedyPrefetchingStrategyOnVisitFrequencyAndTime: 	- Successor final score = 0.52885246
08-06 05:59:23.801 23445 31633 D GreedyPrefetchingStrategyOnVisitFrequencyAndTime: Switch best successor
08-06 05:59:23.801 23445 31633 D GreedyPrefetchingStrategyOnVisitFrequencyAndTime: Check successor AllSharedStoriesItemsList
08-06 05:59:23.801 23445 31633 D GreedyPrefetchingStrategyOnVisitFrequencyAndTime: Data:
08-06 05:59:23.801 23445 31633 D GreedyPrefetchingStrategyOnVisitFrequencyAndTime: 	- Successor time = 104034.0
08-06 05:59:23.801 23445 31633 D GreedyPrefetchingStrategyOnVisitFrequencyAndTime: 	- Successor frequency = 8
08-06 05:59:23.801 23445 31633 D GreedyPrefetchingStrategyOnVisitFrequencyAndTime: 	- Aggregated time = 220548.0
08-06 05:59:23.801 23445 31633 D GreedyPrefetchingStrategyOnVisitFrequencyAndTime: 	- Aggregated frequency = 17
08-06 05:59:23.801 23445 31633 D GreedyPrefetchingStrategyOnVisitFrequencyAndTime: Calculated scores:
08-06 05:59:23.801 23445 31633 D GreedyPrefetchingStrategyOnVisitFrequencyAndTime: 	- Parent score = 1.0
08-06 05:59:23.801 23445 31633 D GreedyPrefetchingStrategyOnVisitFrequencyAndTime: 	- Successor time score = 0.23585342
08-06 05:59:23.801 23445 31633 D GreedyPrefetchingStrategyOnVisitFrequencyAndTime: 	- Successor frequency score = 0.23529412
08-06 05:59:23.801 23445 31633 D GreedyPrefetchingStrategyOnVisitFrequencyAndTime: 	- Successor final score = 0.47114754
08-06 05:59:23.801 23445 31633 D GreedyPrefetchingStrategyOnVisitFrequencyAndTime: Best successor has score 0.52885246 which is lower than the acceptable threshold of 0.6
08-06 05:59:23.801 23445 31633 D GreedyPrefetchingStrategyOnVisitFrequencyAndTime: MetricStrategyAccuracy inc insufficient score count2 | act = false; extra = true
08-06 05:59:23.801 23445 31633 D GreedyPrefetchingStrategyOnVisitFrequencyAndTime: Next visited child will be []
08-06 05:59:23.801 23445 31633 D GreedyPrefetchingStrategyOnVisitFrequencyAndTime: ==================================
08-06 05:59:23.801 23445 31633 D Nappa   : PREFETCH_ON_EXTRA - notifyExtras- end
08-06 05:59:23.802 23445 31633 D Nappa   : PREFSTRAT2 ADDING NEW ACTEXTRADATA
08-06 05:59:23.803   918  3359 I ActivityManager: START u0 {cmp=nappagreedy.com.newsblur/.activity.GlobalSharedStoriesItemsList (has extras)} from uid 10701 on display 0
08-06 05:59:23.811 23445 23445 D ActivityNode: Observer - intent extra - GlobalSharedStoriesReading
08-06 05:59:23.811 23445 23445 D ActivityNode: Extras:
08-06 05:59:23.812 23445 23445 D NappaLifecycleObserver: nappagreedy.com.newsblur.activity.Main - onPause
08-06 05:59:23.813 23445 23445 D Nappa   : Stayed on nappagreedy.com.newsblur.activity.Main for 1752 ms
08-06 05:59:23.820 23445 23445 D ActivityNode: Observer - intent extra - AllSharedStoriesReading
08-06 05:59:23.820 23445 23445 D ActivityNode: Extras:
08-06 05:59:23.820 23445 23445 D ActivityNode: Observer - intent extra - GlobalSharedStoriesItemsList
08-06 05:59:23.820 23445 23445 D ActivityNode: Extras:
08-06 05:59:23.820 23445 23445 D ActivityNode: 	activity ID 2( key feed_set)
08-06 05:59:23.820 23445 23445 D ActivityNode: 	activity ID 2( key story_hash)
08-06 05:59:23.820 23445 23445 D ActivityNode: 	activity ID 2( key feed_set)
08-06 05:59:23.820 23445 23445 D ActivityNode: 	activity ID 2( key story_hash)
08-06 05:59:23.820 23445 23445 D ActivityNode: 	activity ID 2( key feed_set)
08-06 05:59:23.820 23445 23445 D ActivityNode: 	activity ID 2( key story_hash)
08-06 05:59:23.820 23445 23445 D ActivityNode: 	activity ID 2( key feed_set)
08-06 05:59:23.820 23445 23445 D ActivityNode: 	activity ID 2( key story_hash)
08-06 05:59:23.820 23445 23445 D ActivityNode: 	activity ID 2( key feed_set)
08-06 05:59:23.820 23445 23445 D ActivityNode: 	activity ID 2( key story_hash)
08-06 05:59:23.820 23445 23445 D ActivityNode: 	activity ID 2( key feed_set)
08-06 05:59:23.820 23445 23445 D ActivityNode: 	activity ID 2( key story_hash)
08-06 05:59:23.820 23445 23445 D ActivityNode: 	activity ID 2( key feed_set)
08-06 05:59:23.820 23445 23445 D ActivityNode: 	activity ID 2( key story_hash)
08-06 05:59:23.820 23445 23445 D ActivityNode: 	activity ID 2( key feed_set)
08-06 05:59:23.820 23445 23445 D ActivityNode: 	activity ID 2( key story_hash)
08-06 05:59:23.820 23445 23445 D ActivityNode: 	activity ID 2( key feed_set)
08-06 05:59:23.820 23445 23445 D ActivityNode: 	activity ID 2( key story_hash)
08-06 05:59:23.820 23445 23445 D ActivityNode: 	activity ID 2( key feed_set)
08-06 05:59:23.820 23445 23445 D ActivityNode: 	activity ID 2( key story_hash)
08-06 05:59:23.820 23445 23445 D ActivityNode: 	activity ID 2( key feed_set)
08-06 05:59:23.820 23445 23445 D ActivityNode: 	activity ID 2( key story_hash)
08-06 05:59:23.820 23445 23445 D ActivityNode: 	activity ID 2( key feed_set)
08-06 05:59:23.820 23445 23445 D ActivityNode: 	activity ID 2( key story_hash)
08-06 05:59:23.820 23445 23445 D ActivityNode: 	activity ID 2( key feed_set)
08-06 05:59:23.820 23445 23445 D ActivityNode: 	activity ID 2( key story_hash)
08-06 05:59:23.820 23445 23445 D ActivityNode: 	activity ID 2( key feed_set)
08-06 05:59:23.820 23445 23445 D ActivityNode: 	activity ID 2( key story_hash)
08-06 05:59:23.820 23445 23445 D ActivityNode: 	activity ID 2( key feed_set)
08-06 05:59:23.820 23445 23445 D ActivityNode: 	activity ID 2( key story_hash)
08-06 05:59:23.820 23445 23445 D ActivityNode: 	activity ID 2( key feed_set)
08-06 05:59:23.820 23445 23445 D ActivityNode: 	activity ID 2( key story_hash)
08-06 05:59:23.820 23445 23445 D ActivityNode: 	activity ID 2( key feed_set)
08-06 05:59:23.820 23445 23445 D ActivityNode: 	activity ID 2( key story_hash)
08-06 05:59:23.820 23445 23445 D ActivityNode: Observer - intent extra - AllSharedStoriesItemsList
08-06 05:59:23.820 23445 23445 D ActivityNode: Extras:
08-06 05:59:23.820 23445 23445 D ActivityNode: 	activity ID 4( key feed_set)
08-06 05:59:23.820 23445 23445 D ActivityNode: 	activity ID 4( key story_hash)
08-06 05:59:23.820 23445 23445 D ActivityNode: 	activity ID 4( key feed_set)
08-06 05:59:23.820 23445 23445 D ActivityNode: 	activity ID 4( key story_hash)
08-06 05:59:23.820 23445 23445 D ActivityNode: 	activity ID 4( key feed_set)
08-06 05:59:23.820 23445 23445 D ActivityNode: 	activity ID 4( key story_hash)
08-06 05:59:23.820 23445 23445 D ActivityNode: 	activity ID 4( key feed_set)
08-06 05:59:23.820 23445 23445 D ActivityNode: 	activity ID 4( key story_hash)
08-06 05:59:23.820 23445 23445 D ActivityNode: 	activity ID 4( key feed_set)
08-06 05:59:23.820 23445 23445 D ActivityNode: 	activity ID 4( key story_hash)
08-06 05:59:23.820 23445 23445 D ActivityNode: 	activity ID 4( key feed_set)
08-06 05:59:23.820 23445 23445 D ActivityNode: 	activity ID 4( key story_hash)
08-06 05:59:23.820 23445 23445 D ActivityNode: 	activity ID 4( key feed_set)
08-06 05:59:23.820 23445 23445 D ActivityNode: 	activity ID 4( key story_hash)
08-06 05:59:23.820 23445 23445 D ActivityNode: 	activity ID 4( key feed_set)
08-06 05:59:23.820 23445 23445 D ActivityNode: 	activity ID 4( key story_hash)
08-06 05:59:23.820 23445 23445 D ActivityNode: 	activity ID 4( key feed_set)
08-06 05:59:23.820 23445 23445 D ActivityNode: 	activity ID 4( key story_hash)
08-06 05:59:23.820 23445 23445 D ActivityNode: 	activity ID 4( key feed_set)
08-06 05:59:23.820 23445 23445 D ActivityNode: 	activity ID 4( key story_hash)
08-06 05:59:23.820 23445 23445 D ActivityNode: 	activity ID 4( key feed_set)
08-06 05:59:23.820 23445 23445 D ActivityNode: 	activity ID 4( key story_hash)
08-06 05:59:23.820 23445 23445 D ActivityNode: 	activity ID 4( key feed_set)
08-06 05:59:23.820 23445 23445 D ActivityNode: 	activity ID 4( key story_hash)
08-06 05:59:23.820 23445 23445 D ActivityNode: 	activity ID 4( key feed_set)
08-06 05:59:23.820 23445 23445 D ActivityNode: 	activity ID 4( key story_hash)
08-06 05:59:23.820 23445 23445 D ActivityNode: 	activity ID 4( key feed_set)
08-06 05:59:23.820 23445 23445 D ActivityNode: 	activity ID 4( key story_hash)
08-06 05:59:23.820 23445 23445 D ActivityNode: 	activity ID 4( key feed_set)
08-06 05:59:23.820 23445 23445 D ActivityNode: 	activity ID 4( key story_hash)
08-06 05:59:23.820 23445 23445 D ActivityNode: Observer - intent extra - Main
08-06 05:59:23.820 23445 23445 D ActivityNode: Extras:
08-06 05:59:23.820 23445 23445 D ActivityNode: 	activity ID 1( key feed_set)
08-06 05:59:23.820 23445 23445 D ActivityNode: 	activity ID 1( key feed_set)
08-06 05:59:23.820 23445 23445 D ActivityNode: 	activity ID 1( key feed_set)
08-06 05:59:23.820 23445 23445 D ActivityNode: 	activity ID 1( key feed_set)
08-06 05:59:23.820 23445 23445 D ActivityNode: 	activity ID 1( key feed_set)
08-06 05:59:23.820 23445 23445 D ActivityNode: 	activity ID 1( key feed_set)
08-06 05:59:23.820 23445 23445 D ActivityNode: 	activity ID 1( key feed_set)
08-06 05:59:23.820 23445 23445 D ActivityNode: 	activity ID 1( key feed_set)
08-06 05:59:23.820 23445 23445 D ActivityNode: 	activity ID 1( key feed_set)
08-06 05:59:23.820 23445 23445 D ActivityNode: 	activity ID 1( key feed_set)
08-06 05:59:23.820 23445 23445 D ActivityNode: 	activity ID 1( key feed_set)
08-06 05:59:23.820 23445 23445 D ActivityNode: 	activity ID 1( key feed_set)
08-06 05:59:23.820 23445 23445 D ActivityNode: 	activity ID 1( key feed_set)
08-06 05:59:23.820 23445 23445 D ActivityNode: 	activity ID 1( key feed_set)
08-06 05:59:23.820 23445 23445 D ActivityNode: 	activity ID 1( key feed_set)
08-06 05:59:23.820 23445 23445 D ActivityNode: 	activity ID 1( key feed_set)
08-06 05:59:23.820 23445 23445 D ActivityNode: 	activity ID 1( key feed_set)
08-06 05:59:23.820 23445 23445 D ActivityNode: 	activity ID 1( key feed_set)
08-06 05:59:23.820 23445 23445 D ActivityNode: 	activity ID 1( key feed_set)
08-06 05:59:23.820 23445 23445 D ActivityNode: 	activity ID 1( key feed_set)
08-06 05:59:23.820 23445 23445 D ActivityNode: 	activity ID 1( key feed_set)
08-06 05:59:23.820 23445 23445 D ActivityNode: 	activity ID 1( key feed_set)
08-06 05:59:23.829 23445 31850 I nappagreedy.com.newsblur.database.BlurDatabaseHelper: reading session reset
08-06 05:59:23.964 23445 23445 D NappaLifecycleObserver: nappagreedy.com.newsblur.activity.GlobalSharedStoriesItemsList - onResume
08-06 05:59:23.964 23445 23445 D Nappa   : setCurrentActivity - MetricStrategyAccuracy - 
08-06 05:59:23.964 23445 23445 D Nappa   : madePredictionFromActivity = false, 
08-06 05:59:23.964 23445 23445 D Nappa   : fromActivity = nappagreedy.com.newsblur.activity.Main, 
08-06 05:59:23.964 23445 23445 D Nappa   : predictedNextActivityFromActivity = [], 
08-06 05:59:23.964 23445 23445 D Nappa   : activity.getClass().getCanonicalName() = nappagreedy.com.newsblur.activity.GlobalSharedStoriesItemsList, 
08-06 05:59:23.964 23445 23445 D Nappa   : setCurrentActivity - MetricStrategyAccuracy - 
08-06 05:59:23.964 23445 23445 D Nappa   : madePredictionFromExtra = true, 
08-06 05:59:23.964 23445 23445 D Nappa   : fromActivity = nappagreedy.com.newsblur.activity.Main, 
08-06 05:59:23.964 23445 23445 D Nappa   : predictedNextActivityFromExtra = [], 
08-06 05:59:23.964 23445 23445 D Nappa   : activity.getClass().getCanonicalName() = nappagreedy.com.newsblur.activity.GlobalSharedStoriesItemsList, 
08-06 05:59:23.964 23445 23445 D Nappa   : PREFETCH_ON_EXTRA - setCurrentActivity - logs - from activity - made prediction isfalse
08-06 05:59:24.010 23445 23456 I art     : Starting a blocking GC Explicit
08-06 05:59:24.016 23445 32522 E nappagreedy.com.newsblur.network.APIResponse: Error (unexpected end of stream on https://www.newsblur.com/...) calling https://www.newsblur.com/reader/mark_story_hashes_as_read/
08-06 05:59:24.016 23445 32522 E nappagreedy.com.newsblur.network.APIResponse: java.io.IOException: unexpected end of stream on https://www.newsblur.com/...
08-06 05:59:24.016 23445 32522 E nappagreedy.com.newsblur.network.APIResponse: 	at okhttp3.internal.http1.Http1ExchangeCodec.readResponseHeaders(Http1ExchangeCodec.java:236)
08-06 05:59:24.016 23445 32522 E nappagreedy.com.newsblur.network.APIResponse: 	at okhttp3.internal.connection.Exchange.readResponseHeaders(Exchange.java:115)
08-06 05:59:24.016 23445 32522 E nappagreedy.com.newsblur.network.APIResponse: 	at okhttp3.internal.http.CallServerInterceptor.intercept(CallServerInterceptor.java:94)
08-06 05:59:24.016 23445 32522 E nappagreedy.com.newsblur.network.APIResponse: 	at okhttp3.internal.http.RealInterceptorChain.proceed(RealInterceptorChain.java:142)
08-06 05:59:24.016 23445 32522 E nappagreedy.com.newsblur.network.APIResponse: 	at okhttp3.internal.connection.ConnectInterceptor.intercept(ConnectInterceptor.java:43)
08-06 05:59:24.016 23445 32522 E nappagreedy.com.newsblur.network.APIResponse: 	at okhttp3.internal.http.RealInterceptorChain.proceed(RealInterceptorChain.java:142)
08-06 05:59:24.016 23445 32522 E nappagreedy.com.newsblur.network.APIResponse: 	at okhttp3.internal.http.RealInterceptorChain.proceed(RealInterceptorChain.java:117)
08-06 05:59:24.016 23445 32522 E nappagreedy.com.newsblur.network.APIResponse: 	at okhttp3.internal.cache.CacheInterceptor.intercept(CacheInterceptor.java:94)
08-06 05:59:24.016 23445 32522 E nappagreedy.com.newsblur.network.APIResponse: 	at okhttp3.internal.http.RealInterceptorChain.proceed(RealInterceptorChain.java:142)
08-06 05:59:24.016 23445 32522 E nappagreedy.com.newsblur.network.APIResponse: 	at okhttp3.internal.http.RealInterceptorChain.proceed(RealInterceptorChain.java:117)
08-06 05:59:24.016 23445 32522 E nappagreedy.com.newsblur.network.APIResponse: 	at okhttp3.internal.http.BridgeInterceptor.intercept(BridgeInterceptor.java:93)
08-06 05:59:24.016 23445 32522 E nappagreedy.com.newsblur.network.APIResponse: 	at okhttp3.internal.http.RealInterceptorChain.proceed(RealInterceptorChain.java:142)
08-06 05:59:24.016 23445 32522 E nappagreedy.com.newsblur.network.APIResponse: 	at okhttp3.internal.http.RetryAndFollowUpInterceptor.intercept(RetryAndFollowUpInterceptor.java:88)
08-06 05:59:24.016 23445 32522 E nappagreedy.com.newsblur.network.APIResponse: 	at okhttp3.internal.http.RealInterceptorChain.proceed(RealInterceptorChain.java:142)
08-06 05:59:24.016 23445 32522 E nappagreedy.com.newsblur.network.APIResponse: 	at okhttp3.internal.http.RealInterceptorChain.proceed(RealInterceptorChain.java:117)
08-06 05:59:24.016 23445 32522 E nappagreedy.com.newsblur.network.APIResponse: 	at nl.vu.cs.s2group.nappa.Nappa$CustomInterceptor.intercept(Nappa.java:970)
08-06 05:59:24.016 23445 32522 E nappagreedy.com.newsblur.network.APIResponse: 	at okhttp3.internal.http.RealInterceptorChain.proceed(RealInterceptorChain.java:142)
08-06 05:59:24.016 23445 32522 E nappagreedy.com.newsblur.network.APIResponse: 	at okhttp3.internal.http.RealInterceptorChain.proceed(RealInterceptorChain.java:117)
08-06 05:59:24.016 23445 32522 E nappagreedy.com.newsblur.network.APIResponse: 	at okhttp3.RealCall.getResponseWithInterceptorChain(RealCall.java:229)
08-06 05:59:24.016 23445 32522 E nappagreedy.com.newsblur.network.APIResponse: 	at okhttp3.RealCall.execute(RealCall.java:81)
08-06 05:59:24.016 23445 32522 E nappagreedy.com.newsblur.network.APIResponse: 	at nappagreedy.com.newsblur.network.APIResponse.<init>(APIResponse.java:57)
08-06 05:59:24.016 23445 32522 E nappagreedy.com.newsblur.network.APIResponse: 	at nappagreedy.com.newsblur.network.APIResponse.<init>(APIResponse.java:43)
08-06 05:59:24.016 23445 32522 E nappagreedy.com.newsblur.network.APIResponse: 	at nappagreedy.com.newsblur.network.APIManager.post_single(APIManager.java:703)
08-06 05:59:24.016 23445 32522 E nappagreedy.com.newsblur.network.APIResponse: 	at nappagreedy.com.newsblur.network.APIManager.post(APIManager.java:676)
08-06 05:59:24.016 23445 32522 E nappagreedy.com.newsblur.network.APIResponse: 	at nappagreedy.com.newsblur.network.APIManager.post(APIManager.java:715)
08-06 05:59:24.016 23445 32522 E nappagreedy.com.newsblur.network.APIResponse: 	at nappagreedy.com.newsblur.network.APIManager.markStoryAsRead(APIManager.java:206)
08-06 05:59:24.016 23445 32522 E nappagreedy.com.newsblur.network.APIResponse: 	at nappagreedy.com.newsblur.util.ReadingAction.doRemote(ReadingAction.java:281)
08-06 05:59:24.016 23445 32522 E nappagreedy.com.newsblur.network.APIResponse: 	at nappagreedy.com.newsblur.service.NBSyncService.syncActions(NBSyncService.java:400)
08-06 05:59:24.016 23445 32522 E nappagreedy.com.newsblur.network.APIResponse: 	at nappagreedy.com.newsblur.service.NBSyncService.doSync(NBSyncService.java:298)
08-06 05:59:24.016 23445 32522 E nappagreedy.com.newsblur.network.APIResponse: 	at nappagreedy.com.newsblur.service.NBSyncService.access$100(NBSyncService.java:67)
08-06 05:59:24.016 23445 32522 E nappagreedy.com.newsblur.network.APIResponse: 	at nappagreedy.com.newsblur.service.NBSyncService$1.run(NBSyncService.java:188)
08-06 05:59:24.016 23445 32522 E nappagreedy.com.newsblur.network.APIResponse: 	at java.util.concurrent.ThreadPoolExecutor.runWorker(ThreadPoolExecutor.java:1113)
08-06 05:59:24.016 23445 32522 E nappagreedy.com.newsblur.network.APIResponse: 	at java.util.concurrent.ThreadPoolExecutor$Worker.run(ThreadPoolExecutor.java:588)
08-06 05:59:24.016 23445 32522 E nappagreedy.com.newsblur.network.APIResponse: 	at java.lang.Thread.run(Thread.java:818)
08-06 05:59:24.016 23445 32522 E nappagreedy.com.newsblur.network.APIResponse: Caused by: java.io.EOFException: \n not found: limit=0 content=
