--------- beginning of main
08-06 02:26:49.527   918  4413 I AccountManagerService: getTypesVisibleToCaller: isPermitted? true
08-06 02:26:49.532 15866 15866 I Finsky  : [1] uah.a(18): PackageMonitorReceiverImpl - Received: android.intent.action.PACKAGE_REMOVED, [0-ZT9HreWxDlPwL3PD1BWbmvF9Uw3CqQ7cBeRCZMsvs]
08-06 02:26:49.533 15866 15866 I Finsky  : [1] ubi.d(9): Invalidating cached PackageState for nappatfpr.de.danoeh.antennapod.debug
08-06 02:26:49.537 24365  9326 I Fitness : FitCleanupIntentOperation received Intent android.intent.action.PACKAGE_REMOVED [CONTEXT service_id=17 ]
08-06 02:26:49.544  3784  3784 D CarrierServiceBindHelper: Receive action: android.intent.action.PACKAGE_ADDED
08-06 02:26:49.544  3784  3784 D CarrierServiceBindHelper: Receive action: android.intent.action.PACKAGE_REPLACED
08-06 02:26:49.553  3784  3784 D CarrierServiceBindHelper: mHandler: 3
08-06 02:26:49.553  3784  3784 D CarrierServiceBindHelper: mHandler: 3
08-06 02:26:49.553  3784  3784 D CarrierServiceBindHelper: mHandler: 3
08-06 02:26:49.553  3784  3784 D CarrierConfigLoader: mHandler: 9 phoneId: 0
08-06 02:26:49.585   918  5481 I AccountManagerService: getTypesVisibleToCaller: isPermitted? true
08-06 02:26:49.591 15866 15866 I Finsky  : [1] lzi.c(2): Frosting ID looked up on UI thread. Caller should move to a background thread.
08-06 02:26:49.594 15866 15866 I Finsky  : [1] nqb.c(3): Installer: package nappatfpr.de.danoeh.antennapod.debug was removed. replacing: true
08-06 02:26:49.595 15866 15866 I Finsky  : [1] nra.a(188): Installer: Notifying status update. package=nappatfpr.de.danoeh.antennapod.debug, status=UNINSTALLED
08-06 02:26:49.634 15866 15866 I Finsky  : [1] lzi.c(2): Frosting ID looked up on UI thread. Caller should move to a background thread.
08-06 02:26:49.639 15866  9341 I Finsky  : [6930] ejf.a(-1): Cancelled 0 ongoing asset module downloads for package nappatfpr.de.danoeh.antennapod.debug due to a concurrent app update.
08-06 02:26:49.649 15866 15866 I Finsky  : [1] nra.a(220): Installer: found apps to install. isMultiUserMode=false, apps=[]
08-06 02:26:49.673 15866 16054 I Finsky  : [6134] odj.b(52): IQ: Notifying installation update. package=nappatfpr.de.danoeh.antennapod.debug, status=UNINSTALLED
08-06 02:26:49.742 15866  9339 I Finsky  : [6928] lyv.run(-1): Wrote row to frosting DB: 3118
08-06 02:26:49.784 24577  9338 I Auth    : [SupervisedAccountIntentOperation] onHandleIntent(): android.intent.action.PACKAGE_ADDED
08-06 02:26:49.785 24577  9330 I ChromeSync: [Sync,SyncIntentOperation] Handling the intent: Intent { act=android.intent.action.PACKAGE_ADDED dat=package:nappatfpr.de.danoeh.antennapod.debug flg=0x4000010 cmp=com.google.android.gms/.chimera.GmsIntentOperationService (has extras) }.
08-06 02:26:49.815 15866 16054 I Finsky  : [6134] odj.b(40): IQ: No matching installs to run for jobs: []
--------- beginning of system
08-06 02:26:49.822   918  3714 W ActivityManager: Unable to start service Intent { act=com.google.android.gms.auth.key.retrieval.service.START pkg=com.google.android.gms } U=0: not found
08-06 02:26:49.824   918  6110 W ActivityManager: Unbind failed: could not find connection for android.os.BinderProxy@817e5e4
08-06 02:26:49.839 24577 24621 E GmsClient: unable to connect to service: com.google.android.gms.auth.key.retrieval.service.START on com.google.android.gms
08-06 02:26:49.886 15866  9339 I Finsky  : [6928] lyv.run(-1): Wrote row to frosting DB: 3119
08-06 02:26:49.901   918  5952 I AccountManagerService: getTypesVisibleToCaller: isPermitted? true
08-06 02:26:49.902 24577  9330 I ChromeSync: [Persistence,AffiliationManager] One of affiliation or grouping data for android://bz0hZa4nAJEtd0n5sRlXG7KAqctUMWVefv7Ki4mh1p6slZ9YO-n9gS9j8m9YCrsIyI2wIxrDHraumF9Y6pBLTA==@nappatfpr.de.danoeh.antennapod.debug/ was not found. Marking affiliation data as stale...
08-06 02:26:49.934 15866 15866 I Finsky  : [1] uah.a(18): PackageMonitorReceiverImpl - Received: android.intent.action.PACKAGE_ADDED, [0-ZT9HreWxDlPwL3PD1BWbmvF9Uw3CqQ7cBeRCZMsvs]
08-06 02:26:49.934 15866 15866 I Finsky  : [1] ubi.d(9): Invalidating cached PackageState for nappatfpr.de.danoeh.antennapod.debug
08-06 02:26:49.938 15866 15866 I Finsky  : [1] lzi.c(2): Frosting ID looked up on UI thread. Caller should move to a background thread.
08-06 02:26:49.974 15866  9340 I Finsky  : [6929] gzn.a(-1): [ContentSync] finished, scheduled=false
08-06 02:26:49.980 15866 15866 I Finsky  : [1] agsx.a(4): Do not start WearSupportService due to Wear service optimization
08-06 02:26:49.985 15866  9341 I Finsky  : [6930] ejc.a(-1): Asset module broadcast after update successful for package nappatfpr.de.danoeh.antennapod.debug. 0 sessions broadcast.
08-06 02:26:49.991   918  6111 I AccountManagerService: getTypesVisibleToCaller: isPermitted? true
08-06 02:26:49.994 15866 15866 I Finsky  : [1] lzi.c(2): Frosting ID looked up on UI thread. Caller should move to a background thread.
08-06 02:26:50.092  9353  9353 D AndroidRuntime: >>>>>> START com.android.internal.os.RuntimeInit uid 2000 <<<<<<
08-06 02:26:50.095  9353  9353 D AndroidRuntime: CheckJNI is OFF
08-06 02:26:50.118  9353  9353 D ICU     : No timezone override file found: /data/misc/zoneinfo/current/icu/icu_tzdata.dat
08-06 02:26:50.136 15866  9339 I Finsky  : [6928] lyv.run(-1): Wrote row to frosting DB: 3120
08-06 02:26:50.143  9353  9353 I Radio-JNI: register_android_hardware_Radio DONE
08-06 02:26:50.158  9353  9353 D AndroidRuntime: Calling main entry com.android.commands.monkey.Monkey
08-06 02:26:50.172   918   931 W BroadcastQueue: Skipping deliver [background] BroadcastRecord{9cad81 u-1 android.net.conn.CONNECTIVITY_CHANGE} to ReceiverList{2595e26 9353 (unknown name)/2000/u-1 remote:68c08b}: process crashing
08-06 02:26:50.172 24577 13336 I Icing   : IndexChimeraService.getServiceInterface callingPackage=com.google.android.gms componentName=AppsCorpus serviceId=36
08-06 02:26:50.185 15866 15866 I Finsky  : [1] xmu.a(8): SCH: Jobs in database: 1-1337 3-219 3-220 12-1 24-77777777 26-1414141414 
08-06 02:26:50.187   918  5132 I ActivityManager: START u0 {act=android.intent.action.MAIN cat=[android.intent.category.LAUNCHER] flg=0x10200000 cmp=nappatfpr.de.danoeh.antennapod.debug/nappatfpr.de.danoeh.antennapod.activity.SplashActivity} from uid 2000 on display 0
08-06 02:26:50.188 15866  9340 I Finsky  : [6929] gzn.a(-1): [ContentSync] finished, scheduled=true
08-06 02:26:50.190 15866 15866 I Finsky  : [1] xio.a(57): SCH: ConstraintMapping: 24-77777777,  -> L: 0ms, D: 67400740ms, C: false, I: true, N: 0
08-06 02:26:50.190 15866 15866 I Finsky  : [1] xio.a(57): SCH: ConstraintMapping: 1-1337, 12-1,  -> L: 14440ms, D: 27542723ms, C: false, I: false, N: 1
08-06 02:26:50.191 15866 15866 I Finsky  : [1] xio.a(57): SCH: ConstraintMapping: 3-219,  -> L: 0ms, D: 59553337ms, C: false, I: true, N: 2
08-06 02:26:50.193 15866  9339 I Finsky  : [6928] lyv.run(-1): Wrote row to frosting DB: 3121
08-06 02:26:50.194 15866 15866 I Finsky  : [1] xio.a(57): SCH: ConstraintMapping: 3-220,  -> L: 0ms, D: 59553378ms, C: true, I: true, N: 2
08-06 02:26:50.195 15866 15866 I Finsky  : [1] xio.a(57): SCH: ConstraintMapping: 26-1414141414,  -> L: 32190630ms, D: 33090630ms, C: false, I: false, N: 0
08-06 02:26:50.208  9371  9371 I art     : Late-enabling -Xcheck:jni
08-06 02:26:50.211   918  6110 I ActivityManager: Start proc 9371:nappatfpr.de.danoeh.antennapod.debug/u0a707 for activity nappatfpr.de.danoeh.antennapod.debug/nappatfpr.de.danoeh.antennapod.activity.SplashActivity
08-06 02:26:50.222  9353  9353 I art     : System.exit called, status: 0
08-06 02:26:50.222  9353  9353 I AndroidRuntime: VM exiting with result code 0.
08-06 02:26:50.258 15866 15866 I Finsky  : [1] xle.a(34): Cancelling existing jobscheduler jobs: 9005 9000 9006 9003 9004 9008 9010 9007 9009 9002 
08-06 02:26:50.258 15866 15866 I Finsky  : [1] xle.a(27): Scheduling job Id: 9001, L: 0, D: 67400740, C: false, I: true, N: 0
08-06 02:26:50.259  9371  9371 W System  : ClassLoader referenced unknown path: /data/app/nappatfpr.de.danoeh.antennapod.debug-1/lib/arm64
08-06 02:26:50.259 15866 15866 I Finsky  : [1] xle.a(27): Scheduling job Id: 9011, L: 14440, D: 27542723, C: false, I: false, N: 1
08-06 02:26:50.264 15866 15866 I Finsky  : [1] xle.a(27): Scheduling job Id: 9012, L: 0, D: 59553337, C: false, I: true, N: 2
08-06 02:26:50.267 15866 15866 I Finsky  : [1] xle.a(27): Scheduling job Id: 9013, L: 0, D: 59553378, C: true, I: true, N: 2
08-06 02:26:50.279 15866 15866 I Finsky  : [1] xle.a(27): Scheduling job Id: 9014, L: 32190630, D: 33090630, C: false, I: false, N: 0
08-06 02:26:50.281  9371  9371 D UserPreferences: Creating new instance of UserPreferences
08-06 02:26:50.281 15866 15866 I Finsky  : [1] xle.a(27): Scheduling job Id: 9015, L: 0, D: 67400740, C: false, I: true, N: 0
08-06 02:26:50.282  9371  9371 D UserPreferences: Using default data folder
08-06 02:26:50.283 15866 15866 I Finsky  : [1] xle.a(27): Scheduling job Id: 9016, L: 14440, D: 27542723, C: false, I: false, N: 1
08-06 02:26:50.284 15866 15866 I Finsky  : [1] xle.a(27): Scheduling job Id: 9017, L: 0, D: 59553337, C: false, I: true, N: 2
08-06 02:26:50.284  9371  9371 D UserPreferences: Import directory already exists
08-06 02:26:50.285 15866 15866 I Finsky  : [1] xle.a(27): Scheduling job Id: 9018, L: 0, D: 59553378, C: true, I: true, N: 2
08-06 02:26:50.286  9371  9371 D UpdateManager: old: -1, current: 1070296
08-06 02:26:50.286 15866 15866 I Finsky  : [1] xle.a(27): Scheduling job Id: 9019, L: 32190630, D: 33090630, C: false, I: false, N: 0
08-06 02:26:50.288  9371  9371 D SleepTimerPreferences: Creating new instance of SleepTimerPreferences
08-06 02:26:50.294 16458 14157 I PBSessionCacheImpl: Deleted sessionId[72384646105454640] from persistence.
08-06 02:26:50.298 16458 16488 W SearchServiceCore: Abort, client detached.
08-06 02:26:50.299 16458 16488 I MicroDetectionState: Should stop hotword detection immediately - true
08-06 02:26:50.308  9371  9371 D SPAUtil : Sending SP_APPS_QUERY_FEEDS intent
08-06 02:26:50.309   918  3359 I AccountManagerService: getTypesVisibleToCaller: isPermitted? true
08-06 02:26:50.314 24577 23808 W Icing   : No valid account for uploading user actions
08-06 02:26:50.342  9371  9371 W art     : Before Android 4.1, method android.graphics.PorterDuffColorFilter androidx.vectordrawable.graphics.drawable.VectorDrawableCompat.updateTintFilter(android.graphics.PorterDuffColorFilter, android.content.res.ColorStateList, android.graphics.PorterDuff$Mode) would have incorrectly overridden the package-private method in android.graphics.drawable.Drawable
08-06 02:26:50.345 24577 13294 I Icing   : IndexChimeraService.getServiceInterface callingPackage=com.google.android.gms componentName=null serviceId=30
08-06 02:26:50.369  9371  9371 D Nappa   : Selected prefetching strategy STRATEGY_TFPR
08-06 02:26:50.400  9371  9389 D Nappa   : Updating activity map nappatfpr.de.danoeh.antennapod.activity.SplashActivity: 1
08-06 02:26:50.400  9371  9389 D Nappa   : Updating activity map nappatfpr.de.danoeh.antennapod.activity.MainActivity: 2
08-06 02:26:50.400  9371  9389 D Nappa   : Updating activity map nappatfpr.de.danoeh.antennapod.activity.PreferenceActivity: 3
08-06 02:26:50.400  9371  9389 D Nappa   : Updating activity map nappatfpr.de.danoeh.antennapod.activity.OnlineFeedViewActivity: 4
08-06 02:26:50.400  9371  9389 D Nappa   : Updating activity map nappatfpr.de.danoeh.antennapod.activity.FeedSettingsActivity: 5
08-06 02:26:50.400  9371  9389 D Nappa   : Updating activity map nappatfpr.de.danoeh.antennapod.activity.FeedInfoActivity: 6
08-06 02:26:50.400  9371  9389 D ActivityGraph: ACT_GRAPH initNodes() fired for node: nappatfpr.de.danoeh.antennapod.activity.SplashActivity
08-06 02:26:50.459 24577 23808 I Icing   : Usage reports ok 4, Failed Usage reports 0, indexed 0, rejected 0
08-06 02:26:50.463 24577 23808 W Icing   : No valid account for uploading user actions
08-06 02:26:50.481 24577 23808 I Icing   : Usage reports ok 0, Failed Usage reports 0, indexed 0, rejected 0
08-06 02:26:50.482 24577 23808 I Icing   : Indexing com.google.android.gms-internal.3p:MobileApplication from com.google.android.gms using seqno 763
08-06 02:26:50.485 24577 23808 I Icing   : Indexing com.google.android.gms-internal.3p:MobileApplication from com.google.android.gms using seqno 763
08-06 02:26:50.501  9371  9389 D Nappa   : registerActivity: (already in) nappatfpr.de.danoeh.antennapod.activity.SplashActivity
08-06 02:26:50.502  9371  9389 D ActivityGraph: LARDataInitFetchDB nappatfpr.de.danoeh.antennapod.activity.SplashActivity Pagerank: 0.25 HITS-Authority: 1.0 HITS-Hub: 1.0 SALSA-Authority: 1.0 SALSA-Hub: 1.0
08-06 02:26:50.502  9371  9389 D ActivityGraph: LARDataInit node nappatfpr.de.danoeh.antennapod.activity.SplashActivity added to nodeList
08-06 02:26:50.504  9371  9389 D ActivityGraph: ACT_GRAPH Edges size: 1
08-06 02:26:50.532 24577 13294 I Icing   : IndexChimeraService.getServiceInterface callingPackage=com.google.android.gms componentName=null serviceId=36
08-06 02:26:50.536 24577 23808 W Icing   : No valid account for uploading user actions
08-06 02:26:50.550 24577 23808 I Icing   : Usage reports ok 0, Failed Usage reports 0, indexed 0, rejected 0
08-06 02:26:50.604  9371  9389 D Nappa   : registerActivity: (already in) nappatfpr.de.danoeh.antennapod.activity.MainActivity
08-06 02:26:50.606  9371  9389 D ActivityGraph: LARDataInitFetchDB nappatfpr.de.danoeh.antennapod.activity.SplashActivity Pagerank: 0.25 HITS-Authority: 1.0 HITS-Hub: 1.0 SALSA-Authority: 1.0 SALSA-Hub: 1.0 loaded following an edge
08-06 02:26:50.606  9371  9389 D ActivityGraph: ACT_GRAPH does not contain temp2
08-06 02:26:50.606  9371  9389 D ActivityGraph: LARDataInit node nappatfpr.de.danoeh.antennapod.activity.MainActivity added to nodeList from edge
08-06 02:26:50.607  9371  9389 D ActivityGraph: ACT_GRAPH adding successors: nappatfpr.de.danoeh.antennapod.activity.SplashActivity -> nappatfpr.de.danoeh.antennapod.activity.MainActivity
08-06 02:26:50.608  9371  9389 D FetchActivityLiveDataInfoHandler: activity  = SplashActivity
08-06 02:26:50.608  9371  9389 D FetchActivityLiveDataInfoHandler: shouldSetSessionAggregateLiveData  = true
08-06 02:26:50.608  9371  9389 D FetchActivityLiveDataInfoHandler: need/shouldSetSuccessorVisitTime  = true - true
08-06 02:26:50.608  9371  9392 D Nappa   : {nappatfpr.de.danoeh.antennapod.activity.FeedSettingsActivity=5, nappatfpr.de.danoeh.antennapod.activity.MainActivity=2, nappatfpr.de.danoeh.antennapod.activity.FeedInfoActivity=6, nappatfpr.de.danoeh.antennapod.activity.OnlineFeedViewActivity=4, nappatfpr.de.danoeh.antennapod.activity.PreferenceActivity=3, nappatfpr.de.danoeh.antennapod.activity.SplashActivity=1}
08-06 02:26:50.608  9371  9389 D FetchActivityLiveDataInfoHandler: need/shouldSetSuccessorVisitTime  = true - true
08-06 02:26:50.608  9371  9389 D FetchActivityLiveDataInfoHandler: shouldSetUrlCandidateDbLiveDataLiveData  = true
08-06 02:26:50.608  9371  9389 D FetchActivityLiveDataInfoHandler: shouldSetActivityExtraLiveData  = true
08-06 02:26:50.609  9371  9391 D FetchSessionDataRunnable: SplashActivity Fetching session data for LAST_N_SESSIONS_FROM_ENTITY_SESSION
08-06 02:26:50.612  9371  9391 D FetchVisitTimeRunnable: SplashActivity Fetching session data for LAST_N_SESSIONS_FROM_ENTITY_SESSION
08-06 02:26:50.616  9371  9391 D FetchSuccessorsVisitTimeRunnable: SplashActivity Fetching session data for LAST_N_SESSIONS_FROM_ENTITY_SESSION
08-06 02:26:50.617  9371  9391 D FetchUrlCandidateRunnable: SplashActivity Fetching URL candidates
08-06 02:26:50.619  9371  9391 D FetchIntentExtraRunnable: SplashActivity Fetching intent extras
08-06 02:26:50.620  9371  9389 D ActivityGraph: ACT_GRAPH initNodes() fired for node: nappatfpr.de.danoeh.antennapod.activity.MainActivity
08-06 02:26:50.721  9371  9389 D Nappa   : registerActivity: (already in) nappatfpr.de.danoeh.antennapod.activity.MainActivity
08-06 02:26:50.723  9371  9389 D ActivityGraph: LARDataInitFetchDB nappatfpr.de.danoeh.antennapod.activity.MainActivity Pagerank: 0.25 HITS-Authority: 1.0 HITS-Hub: 1.0 SALSA-Authority: 1.0 SALSA-Hub: 1.0
08-06 02:26:50.723  9371  9389 D ActivityGraph: LARDataInit already in nodeList
08-06 02:26:50.724  9371  9389 D ActivityGraph: ACT_GRAPH Edges size: 4
08-06 02:26:50.824  9371  9389 D Nappa   : registerActivity: (already in) nappatfpr.de.danoeh.antennapod.activity.PreferenceActivity
08-06 02:26:50.825  9371  9389 D ActivityGraph: LARDataInitFetchDB nappatfpr.de.danoeh.antennapod.activity.MainActivity Pagerank: 0.25 HITS-Authority: 1.0 HITS-Hub: 1.0 SALSA-Authority: 1.0 SALSA-Hub: 1.0 loaded following an edge
08-06 02:26:50.825  9371  9389 D ActivityGraph: ACT_GRAPH does not contain temp2
08-06 02:26:50.825  9371  9389 D ActivityGraph: LARDataInit node nappatfpr.de.danoeh.antennapod.activity.PreferenceActivity added to nodeList from edge
08-06 02:26:50.826  9371  9389 D ActivityGraph: ACT_GRAPH adding successors: nappatfpr.de.danoeh.antennapod.activity.MainActivity -> nappatfpr.de.danoeh.antennapod.activity.PreferenceActivity
08-06 02:26:50.826  9371  9392 D Nappa   : {nappatfpr.de.danoeh.antennapod.activity.FeedSettingsActivity=5, nappatfpr.de.danoeh.antennapod.activity.MainActivity=2, nappatfpr.de.danoeh.antennapod.activity.FeedInfoActivity=6, nappatfpr.de.danoeh.antennapod.activity.OnlineFeedViewActivity=4, nappatfpr.de.danoeh.antennapod.activity.PreferenceActivity=3, nappatfpr.de.danoeh.antennapod.activity.SplashActivity=1}
08-06 02:26:50.927  9371  9389 D Nappa   : registerActivity: (already in) nappatfpr.de.danoeh.antennapod.activity.OnlineFeedViewActivity
08-06 02:26:50.928  9371  9389 D ActivityGraph: LARDataInitFetchDB nappatfpr.de.danoeh.antennapod.activity.MainActivity Pagerank: 0.25 HITS-Authority: 1.0 HITS-Hub: 1.0 SALSA-Authority: 1.0 SALSA-Hub: 1.0 loaded following an edge
08-06 02:26:50.928  9371  9389 D ActivityGraph: ACT_GRAPH does not contain temp2
08-06 02:26:50.928  9371  9389 D ActivityGraph: LARDataInit node nappatfpr.de.danoeh.antennapod.activity.OnlineFeedViewActivity added to nodeList from edge
08-06 02:26:50.929  9371  9389 D ActivityGraph: ACT_GRAPH adding successors: nappatfpr.de.danoeh.antennapod.activity.MainActivity -> nappatfpr.de.danoeh.antennapod.activity.OnlineFeedViewActivity
08-06 02:26:50.929  9371  9392 D Nappa   : {nappatfpr.de.danoeh.antennapod.activity.FeedSettingsActivity=5, nappatfpr.de.danoeh.antennapod.activity.MainActivity=2, nappatfpr.de.danoeh.antennapod.activity.FeedInfoActivity=6, nappatfpr.de.danoeh.antennapod.activity.OnlineFeedViewActivity=4, nappatfpr.de.danoeh.antennapod.activity.PreferenceActivity=3, nappatfpr.de.danoeh.antennapod.activity.SplashActivity=1}
08-06 02:26:51.029  9371  9389 D Nappa   : registerActivity: (already in) nappatfpr.de.danoeh.antennapod.activity.FeedSettingsActivity
08-06 02:26:51.031  9371  9389 D ActivityGraph: LARDataInitFetchDB nappatfpr.de.danoeh.antennapod.activity.MainActivity Pagerank: 0.25 HITS-Authority: 1.0 HITS-Hub: 1.0 SALSA-Authority: 1.0 SALSA-Hub: 1.0 loaded following an edge
08-06 02:26:51.031  9371  9389 D ActivityGraph: ACT_GRAPH does not contain temp2
08-06 02:26:51.031  9371  9389 D ActivityGraph: LARDataInit node nappatfpr.de.danoeh.antennapod.activity.FeedSettingsActivity added to nodeList from edge
08-06 02:26:51.031  9371  9389 D ActivityGraph: ACT_GRAPH adding successors: nappatfpr.de.danoeh.antennapod.activity.MainActivity -> nappatfpr.de.danoeh.antennapod.activity.FeedSettingsActivity
08-06 02:26:51.032  9371  9392 D Nappa   : {nappatfpr.de.danoeh.antennapod.activity.FeedSettingsActivity=5, nappatfpr.de.danoeh.antennapod.activity.MainActivity=2, nappatfpr.de.danoeh.antennapod.activity.FeedInfoActivity=6, nappatfpr.de.danoeh.antennapod.activity.OnlineFeedViewActivity=4, nappatfpr.de.danoeh.antennapod.activity.PreferenceActivity=3, nappatfpr.de.danoeh.antennapod.activity.SplashActivity=1}
08-06 02:26:51.133  9371  9389 D Nappa   : registerActivity: (already in) nappatfpr.de.danoeh.antennapod.activity.FeedInfoActivity
08-06 02:26:51.134  9371  9389 D ActivityGraph: LARDataInitFetchDB nappatfpr.de.danoeh.antennapod.activity.MainActivity Pagerank: 0.25 HITS-Authority: 1.0 HITS-Hub: 1.0 SALSA-Authority: 1.0 SALSA-Hub: 1.0 loaded following an edge
08-06 02:26:51.134  9371  9389 D ActivityGraph: ACT_GRAPH does not contain temp2
08-06 02:26:51.135  9371  9389 D ActivityGraph: LARDataInit node nappatfpr.de.danoeh.antennapod.activity.FeedInfoActivity added to nodeList from edge
08-06 02:26:51.135  9371  9389 D ActivityGraph: ACT_GRAPH adding successors: nappatfpr.de.danoeh.antennapod.activity.MainActivity -> nappatfpr.de.danoeh.antennapod.activity.FeedInfoActivity
08-06 02:26:51.135  9371  9389 D FetchActivityLiveDataInfoHandler: activity  = MainActivity
08-06 02:26:51.135  9371  9389 D FetchActivityLiveDataInfoHandler: shouldSetSessionAggregateLiveData  = true
08-06 02:26:51.135  9371  9389 D FetchActivityLiveDataInfoHandler: need/shouldSetSuccessorVisitTime  = true - true
08-06 02:26:51.135  9371  9392 D Nappa   : {nappatfpr.de.danoeh.antennapod.activity.FeedSettingsActivity=5, nappatfpr.de.danoeh.antennapod.activity.MainActivity=2, nappatfpr.de.danoeh.antennapod.activity.FeedInfoActivity=6, nappatfpr.de.danoeh.antennapod.activity.OnlineFeedViewActivity=4, nappatfpr.de.danoeh.antennapod.activity.PreferenceActivity=3, nappatfpr.de.danoeh.antennapod.activity.SplashActivity=1}
08-06 02:26:51.135  9371  9389 D FetchActivityLiveDataInfoHandler: need/shouldSetSuccessorVisitTime  = true - true
08-06 02:26:51.135  9371  9389 D FetchActivityLiveDataInfoHandler: shouldSetUrlCandidateDbLiveDataLiveData  = true
08-06 02:26:51.135  9371  9389 D FetchActivityLiveDataInfoHandler: shouldSetActivityExtraLiveData  = true
08-06 02:26:51.136  9371  9391 D FetchSessionDataRunnable: MainActivity Fetching session data for LAST_N_SESSIONS_FROM_ENTITY_SESSION
08-06 02:26:51.137  9371  9391 D FetchVisitTimeRunnable: MainActivity Fetching session data for LAST_N_SESSIONS_FROM_ENTITY_SESSION
08-06 02:26:51.138  9371  9391 D FetchSuccessorsVisitTimeRunnable: MainActivity Fetching session data for LAST_N_SESSIONS_FROM_ENTITY_SESSION
08-06 02:26:51.138  9371  9391 D FetchUrlCandidateRunnable: MainActivity Fetching URL candidates
08-06 02:26:51.138  9371  9391 D FetchIntentExtraRunnable: MainActivity Fetching intent extras
08-06 02:26:51.139  9371  9389 D ActivityGraph: ACT_GRAPH initNodes() fired for node: nappatfpr.de.danoeh.antennapod.activity.PreferenceActivity
08-06 02:26:51.241  9371  9389 D Nappa   : registerActivity: (already in) nappatfpr.de.danoeh.antennapod.activity.PreferenceActivity
08-06 02:26:51.243  9371  9389 D ActivityGraph: LARDataInitFetchDB nappatfpr.de.danoeh.antennapod.activity.PreferenceActivity Pagerank: 0.25 HITS-Authority: 1.0 HITS-Hub: 1.0 SALSA-Authority: 1.0 SALSA-Hub: 1.0
08-06 02:26:51.243  9371  9389 D ActivityGraph: LARDataInit already in nodeList
08-06 02:26:51.244  9371  9389 D ActivityGraph: ACT_GRAPH Edges size: 0
08-06 02:26:51.244  9371  9389 D FetchActivityLiveDataInfoHandler: activity  = PreferenceActivity
08-06 02:26:51.244  9371  9389 D FetchActivityLiveDataInfoHandler: shouldSetSessionAggregateLiveData  = true
08-06 02:26:51.244  9371  9389 D FetchActivityLiveDataInfoHandler: need/shouldSetSuccessorVisitTime  = true - true
08-06 02:26:51.244  9371  9389 D FetchActivityLiveDataInfoHandler: need/shouldSetSuccessorVisitTime  = true - true
08-06 02:26:51.244  9371  9389 D FetchActivityLiveDataInfoHandler: shouldSetUrlCandidateDbLiveDataLiveData  = true
08-06 02:26:51.245  9371  9389 D FetchActivityLiveDataInfoHandler: shouldSetActivityExtraLiveData  = true
08-06 02:26:51.245  9371  9391 D FetchSessionDataRunnable: PreferenceActivity Fetching session data for LAST_N_SESSIONS_FROM_ENTITY_SESSION
08-06 02:26:51.246  9371  9391 D FetchVisitTimeRunnable: PreferenceActivity Fetching session data for LAST_N_SESSIONS_FROM_ENTITY_SESSION
08-06 02:26:51.248  9371  9391 D FetchSuccessorsVisitTimeRunnable: PreferenceActivity Fetching session data for LAST_N_SESSIONS_FROM_ENTITY_SESSION
08-06 02:26:51.249  9371  9391 D FetchUrlCandidateRunnable: PreferenceActivity Fetching URL candidates
08-06 02:26:51.250  9371  9391 D FetchIntentExtraRunnable: PreferenceActivity Fetching intent extras
08-06 02:26:51.251  9371  9389 D ActivityGraph: ACT_GRAPH initNodes() fired for node: nappatfpr.de.danoeh.antennapod.activity.OnlineFeedViewActivity
08-06 02:26:51.352  9371  9389 D Nappa   : registerActivity: (already in) nappatfpr.de.danoeh.antennapod.activity.OnlineFeedViewActivity
08-06 02:26:51.354  9371  9389 D ActivityGraph: LARDataInitFetchDB nappatfpr.de.danoeh.antennapod.activity.OnlineFeedViewActivity Pagerank: 0.25 HITS-Authority: 1.0 HITS-Hub: 1.0 SALSA-Authority: 1.0 SALSA-Hub: 1.0
08-06 02:26:51.354  9371  9389 D ActivityGraph: LARDataInit already in nodeList
08-06 02:26:51.355  9371  9389 D ActivityGraph: ACT_GRAPH Edges size: 0
08-06 02:26:51.355  9371  9389 D FetchActivityLiveDataInfoHandler: activity  = OnlineFeedViewActivity
08-06 02:26:51.355  9371  9389 D FetchActivityLiveDataInfoHandler: shouldSetSessionAggregateLiveData  = true
08-06 02:26:51.355  9371  9389 D FetchActivityLiveDataInfoHandler: need/shouldSetSuccessorVisitTime  = true - true
08-06 02:26:51.355  9371  9389 D FetchActivityLiveDataInfoHandler: need/shouldSetSuccessorVisitTime  = true - true
08-06 02:26:51.355  9371  9389 D FetchActivityLiveDataInfoHandler: shouldSetUrlCandidateDbLiveDataLiveData  = true
08-06 02:26:51.355  9371  9389 D FetchActivityLiveDataInfoHandler: shouldSetActivityExtraLiveData  = true
08-06 02:26:51.356  9371  9391 D FetchSessionDataRunnable: OnlineFeedViewActivity Fetching session data for LAST_N_SESSIONS_FROM_ENTITY_SESSION
08-06 02:26:51.357  9371  9391 D FetchVisitTimeRunnable: OnlineFeedViewActivity Fetching session data for LAST_N_SESSIONS_FROM_ENTITY_SESSION
08-06 02:26:51.357  9371  9391 D FetchSuccessorsVisitTimeRunnable: OnlineFeedViewActivity Fetching session data for LAST_N_SESSIONS_FROM_ENTITY_SESSION
08-06 02:26:51.358  9371  9391 D FetchUrlCandidateRunnable: OnlineFeedViewActivity Fetching URL candidates
08-06 02:26:51.359  9371  9391 D FetchIntentExtraRunnable: OnlineFeedViewActivity Fetching intent extras
08-06 02:26:51.359  9371  9389 D ActivityGraph: ACT_GRAPH initNodes() fired for node: nappatfpr.de.danoeh.antennapod.activity.FeedSettingsActivity
08-06 02:26:51.460  9371  9389 D Nappa   : registerActivity: (already in) nappatfpr.de.danoeh.antennapod.activity.FeedSettingsActivity
08-06 02:26:51.462  9371  9389 D ActivityGraph: LARDataInitFetchDB nappatfpr.de.danoeh.antennapod.activity.FeedSettingsActivity Pagerank: 0.25 HITS-Authority: 1.0 HITS-Hub: 1.0 SALSA-Authority: 1.0 SALSA-Hub: 1.0
08-06 02:26:51.462  9371  9389 D ActivityGraph: LARDataInit already in nodeList
08-06 02:26:51.463  9371  9389 D ActivityGraph: ACT_GRAPH Edges size: 0
08-06 02:26:51.463 24577 23808 I Icing   : Indexing com.google.android.gms-apps from com.google.android.gms
08-06 02:26:51.463  9371  9389 D FetchActivityLiveDataInfoHandler: activity  = FeedSettingsActivity
08-06 02:26:51.463  9371  9389 D FetchActivityLiveDataInfoHandler: shouldSetSessionAggregateLiveData  = true
08-06 02:26:51.463  9371  9389 D FetchActivityLiveDataInfoHandler: need/shouldSetSuccessorVisitTime  = true - true
08-06 02:26:51.463  9371  9389 D FetchActivityLiveDataInfoHandler: need/shouldSetSuccessorVisitTime  = true - true
08-06 02:26:51.463  9371  9389 D FetchActivityLiveDataInfoHandler: shouldSetUrlCandidateDbLiveDataLiveData  = true
08-06 02:26:51.463  9371  9389 D FetchActivityLiveDataInfoHandler: shouldSetActivityExtraLiveData  = true
08-06 02:26:51.464  9371  9391 D FetchSessionDataRunnable: FeedSettingsActivity Fetching session data for LAST_N_SESSIONS_FROM_ENTITY_SESSION
08-06 02:26:51.465  9371  9391 D FetchVisitTimeRunnable: FeedSettingsActivity Fetching session data for LAST_N_SESSIONS_FROM_ENTITY_SESSION
08-06 02:26:51.465  9371  9391 D FetchSuccessorsVisitTimeRunnable: FeedSettingsActivity Fetching session data for LAST_N_SESSIONS_FROM_ENTITY_SESSION
08-06 02:26:51.466  9371  9391 D FetchUrlCandidateRunnable: FeedSettingsActivity Fetching URL candidates
08-06 02:26:51.467  9371  9391 D FetchIntentExtraRunnable: FeedSettingsActivity Fetching intent extras
08-06 02:26:51.468  9371  9389 D ActivityGraph: ACT_GRAPH initNodes() fired for node: nappatfpr.de.danoeh.antennapod.activity.FeedInfoActivity
08-06 02:26:51.537 24577 23808 I Icing   : Indexing done com.google.android.gms-apps
08-06 02:26:51.568  9371  9389 D Nappa   : registerActivity: (already in) nappatfpr.de.danoeh.antennapod.activity.FeedInfoActivity
08-06 02:26:51.569  9371  9389 D ActivityGraph: LARDataInitFetchDB nappatfpr.de.danoeh.antennapod.activity.FeedInfoActivity Pagerank: 0.25 HITS-Authority: 1.0 HITS-Hub: 1.0 SALSA-Authority: 1.0 SALSA-Hub: 1.0
08-06 02:26:51.569  9371  9389 D ActivityGraph: LARDataInit already in nodeList
08-06 02:26:51.569  9371  9389 D ActivityGraph: ACT_GRAPH Edges size: 0
08-06 02:26:51.569  9371  9389 D FetchActivityLiveDataInfoHandler: activity  = FeedInfoActivity
08-06 02:26:51.569  9371  9389 D FetchActivityLiveDataInfoHandler: shouldSetSessionAggregateLiveData  = true
08-06 02:26:51.569  9371  9389 D FetchActivityLiveDataInfoHandler: need/shouldSetSuccessorVisitTime  = true - true
08-06 02:26:51.569  9371  9389 D FetchActivityLiveDataInfoHandler: need/shouldSetSuccessorVisitTime  = true - true
08-06 02:26:51.570  9371  9389 D FetchActivityLiveDataInfoHandler: shouldSetUrlCandidateDbLiveDataLiveData  = true
08-06 02:26:51.570  9371  9389 D FetchActivityLiveDataInfoHandler: shouldSetActivityExtraLiveData  = true
08-06 02:26:51.570  9371  9391 D FetchSessionDataRunnable: FeedInfoActivity Fetching session data for LAST_N_SESSIONS_FROM_ENTITY_SESSION
08-06 02:26:51.570  9371  9391 D FetchVisitTimeRunnable: FeedInfoActivity Fetching session data for LAST_N_SESSIONS_FROM_ENTITY_SESSION
08-06 02:26:51.571  9371  9391 D FetchSuccessorsVisitTimeRunnable: FeedInfoActivity Fetching session data for LAST_N_SESSIONS_FROM_ENTITY_SESSION
08-06 02:26:51.571  9371  9391 D FetchUrlCandidateRunnable: FeedInfoActivity Fetching URL candidates
08-06 02:26:51.572  9371  9391 D FetchIntentExtraRunnable: FeedInfoActivity Fetching intent extras
08-06 02:26:51.572  9371  9389 D Nappa   : Extended Startup-time: 1203 ms
08-06 02:26:51.573  9371  9389 D InitGraphRunnable: Initialised graph ActivityGraph beginning
08-06 02:26:51.573  9371  9389 D InitGraphRunnable: 
08-06 02:26:51.573  9371  9389 D InitGraphRunnable: SplashActivity 
08-06 02:26:51.573  9371  9389 D InitGraphRunnable: 	Successors:
08-06 02:26:51.573  9371  9389 D InitGraphRunnable: 		MainActivity (0 hits)
08-06 02:26:51.573  9371  9389 D InitGraphRunnable: 	Ancestors:
08-06 02:26:51.573  9371  9389 D InitGraphRunnable: 
08-06 02:26:51.573  9371  9389 D InitGraphRunnable: 
08-06 02:26:51.573  9371  9389 D InitGraphRunnable: MainActivity 
08-06 02:26:51.573  9371  9389 D InitGraphRunnable: 	Successors:
08-06 02:26:51.573  9371  9389 D InitGraphRunnable: 		PreferenceActivity (0 hits)
08-06 02:26:51.573  9371  9389 D InitGraphRunnable: 		OnlineFeedViewActivity (0 hits)
08-06 02:26:51.573  9371  9389 D InitGraphRunnable: 		FeedSettingsActivity (0 hits)
08-06 02:26:51.573  9371  9389 D InitGraphRunnable: 		FeedInfoActivity (0 hits)
08-06 02:26:51.573  9371  9389 D InitGraphRunnable: 	Ancestors:
08-06 02:26:51.573  9371  9389 D InitGraphRunnable: 		SplashActivity (0 hits)
08-06 02:26:51.573  9371  9389 D InitGraphRunnable: 
08-06 02:26:51.573  9371  9389 D InitGraphRunnable: PreferenceActivity 
08-06 02:26:51.573  9371  9389 D InitGraphRunnable: 	Successors:
08-06 02:26:51.573  9371  9389 D InitGraphRunnable: 
08-06 02:26:51.573  9371  9389 D InitGraphRunnable: 	Ancestors:
08-06 02:26:51.573  9371  9389 D InitGraphRunnable: 		MainActivity (0 hits)
08-06 02:26:51.573  9371  9389 D InitGraphRunnable: 
08-06 02:26:51.573  9371  9389 D InitGraphRunnable: OnlineFeedViewActivity 
08-06 02:26:51.573  9371  9389 D InitGraphRunnable: 	Successors:
08-06 02:26:51.573  9371  9389 D InitGraphRunnable: 
08-06 02:26:51.573  9371  9389 D InitGraphRunnable: 	Ancestors:
08-06 02:26:51.573  9371  9389 D InitGraphRunnable: 		MainActivity (0 hits)
08-06 02:26:51.573  9371  9389 D InitGraphRunnable: 
08-06 02:26:51.573  9371  9389 D InitGraphRunnable: FeedSettingsActivity 
08-06 02:26:51.573  9371  9389 D InitGraphRunnable: 	Successors:
08-06 02:26:51.573  9371  9389 D InitGraphRunnable: 
08-06 02:26:51.573  9371  9389 D InitGraphRunnable: 	Ancestors:
08-06 02:26:51.573  9371  9389 D InitGraphRunnable: 		MainActivity (0 hits)
08-06 02:26:51.573  9371  9389 D InitGraphRunnable: 
08-06 02:26:51.573  9371  9389 D InitGraphRunnable: FeedInfoActivity 
08-06 02:26:51.573  9371  9389 D InitGraphRunnable: 	Successors:
08-06 02:26:51.573  9371  9389 D InitGraphRunnable: 
08-06 02:26:51.573  9371  9389 D InitGraphRunnable: 	Ancestors:
08-06 02:26:51.573  9371  9389 D InitGraphRunnable: 		MainActivity (0 hits)
08-06 02:26:51.573  9371  9389 D InitGraphRunnable: 
08-06 02:26:51.573  9371  9389 D InitGraphRunnable: ActivityGraph end
08-06 02:26:51.573  9371  9389 D InitGraphRunnable: 
08-06 02:26:51.574  9371  9371 D Nappa   : Startup-time: 1205 ms
08-06 02:26:51.586  9371  9371 I art     : Rejecting re-init on previously-failed class java.lang.Class<androidx.core.view.ViewCompat$2>
08-06 02:26:51.586  9371  9371 I art     : Rejecting re-init on previously-failed class java.lang.Class<androidx.core.view.ViewCompat$2>
08-06 02:26:51.607  9371  9371 D NappaLifecycleObserver: nappatfpr.de.danoeh.antennapod.activity.SplashActivity - onResume
08-06 02:26:51.607  9371  9371 D Nappa   : setCurrentActivity - MetricStrategyAccuracy - 
08-06 02:26:51.607  9371  9371 D Nappa   : madePredictionFromActivity = false, 
08-06 02:26:51.607  9371  9371 D Nappa   : fromActivity = null, 
08-06 02:26:51.607  9371  9371 D Nappa   : predictedNextActivityFromActivity = [], 
08-06 02:26:51.607  9371  9371 D Nappa   : activity.getClass().getCanonicalName() = nappatfpr.de.danoeh.antennapod.activity.SplashActivity, 
08-06 02:26:51.607  9371  9371 D Nappa   : setCurrentActivity - MetricStrategyAccuracy - 
08-06 02:26:51.607  9371  9371 D Nappa   : madePredictionFromExtra = false, 
08-06 02:26:51.607  9371  9371 D Nappa   : fromActivity = null, 
08-06 02:26:51.607  9371  9371 D Nappa   : predictedNextActivityFromExtra = [], 
08-06 02:26:51.607  9371  9371 D Nappa   : activity.getClass().getCanonicalName() = nappatfpr.de.danoeh.antennapod.activity.SplashActivity, 
08-06 02:26:51.607  9371  9371 D Nappa   : PREFETCH_ON_EXTRA - setCurrentActivity - logs - from activity - made prediction isfalse
08-06 02:26:51.707  9371  9371 D Nappa   : registerActivity: (already in) nappatfpr.de.danoeh.antennapod.activity.SplashActivity
08-06 02:26:51.708  9371  9371 D Nappa   : SHOULD_PREFETCH false
08-06 02:26:51.708  9371  9371 D Nappa   : STATS Number of requests not prefetched: 0
08-06 02:26:51.708  9371  9371 D Nappa   : STATS Number of requests prefetched: 0
08-06 02:26:51.708  9371  9371 D Nappa   : STATS Time saved until now: 0.0
08-06 02:26:51.714  9371  9411 D OpenGLRenderer: Use EGL_SWAP_BEHAVIOR_PRESERVED: true
08-06 02:26:51.724  9371  9371 D ActivityNode: Setting aggregate visit time live data for node SplashActivity
08-06 02:26:51.724  9371  9371 D ActivityNode: Setting aggregate visit time live data for node MainActivity
08-06 02:26:51.725  9371  9371 D ActivityNode: Setting aggregate visit time live data for node PreferenceActivity
08-06 02:26:51.725  9371  9371 D ActivityNode: Setting aggregate visit time live data for node OnlineFeedViewActivity
08-06 02:26:51.725  9371  9371 D ActivityNode: Setting aggregate visit time live data for node FeedSettingsActivity
08-06 02:26:51.725  9371  9371 D ActivityNode: Setting aggregate visit time live data for node FeedInfoActivity
08-06 02:26:51.725  9371  9371 D NappaIntentExtras: ==================
08-06 02:26:51.725  9371  9371 D NappaIntentExtras: Log #1
08-06 02:26:51.725  9371  9371 D NappaIntentExtras: ------------------
08-06 02:26:51.725  9371  9371 D NappaIntentExtras: activity nappatfpr.de.danoeh.antennapod.activity.FeedSettingsActivity
08-06 02:26:51.726  9371  9371 D NappaIntentExtras: 	- No extras registered
08-06 02:26:51.726  9371  9371 D NappaIntentExtras: activity nappatfpr.de.danoeh.antennapod.activity.MainActivity
08-06 02:26:51.726  9371  9371 D NappaIntentExtras: 	- No extras registered
08-06 02:26:51.726  9371  9371 D NappaIntentExtras: activity nappatfpr.de.danoeh.antennapod.activity.FeedInfoActivity
08-06 02:26:51.726  9371  9371 D NappaIntentExtras: 	- No extras registered
08-06 02:26:51.726  9371  9371 D NappaIntentExtras: activity nappatfpr.de.danoeh.antennapod.activity.OnlineFeedViewActivity
08-06 02:26:51.726  9371  9371 D NappaIntentExtras: 	- No extras registered
08-06 02:26:51.726  9371  9371 D NappaIntentExtras: activity nappatfpr.de.danoeh.antennapod.activity.PreferenceActivity
08-06 02:26:51.726  9371  9371 D NappaIntentExtras: 	- No extras registered
08-06 02:26:51.726  9371  9371 D NappaIntentExtras: activity nappatfpr.de.danoeh.antennapod.activity.SplashActivity
08-06 02:26:51.726  9371  9371 D NappaIntentExtras: 	- No extras registered
08-06 02:26:51.726  9371  9371 D NappaIntentExtras: ==================
08-06 02:26:51.727   918  5952 I ActivityManager: START u0 {cmp=nappatfpr.de.danoeh.antennapod.debug/nappatfpr.de.danoeh.antennapod.activity.MainActivity} from uid 10707 on display 0
08-06 02:26:51.774  9371  9411 I Adreno  : QUALCOMM build                   : fcf4852, I1af360237c
08-06 02:26:51.774  9371  9411 I Adreno  : Build Date                       : 09/23/15
08-06 02:26:51.774  9371  9411 I Adreno  : OpenGL ES Shader Compiler Version: XE031.05.13.02
08-06 02:26:51.774  9371  9411 I Adreno  : Local Branch                     : mybranch14465806
08-06 02:26:51.774  9371  9411 I Adreno  : Remote Branch                    : quic/LA.BF64.1.2.9_v2
08-06 02:26:51.774  9371  9411 I Adreno  : Remote Branch                    : NONE
08-06 02:26:51.774  9371  9411 I Adreno  : Reconstruct Branch               : NOTHING
08-06 02:26:51.780  9371  9411 I OpenGLRenderer: Initialized EGL, version 1.4
08-06 02:26:51.783  9406  9406 D AndroidRuntime: >>>>>> START com.android.internal.os.RuntimeInit uid 2000 <<<<<<
08-06 02:26:51.785  9406  9406 D AndroidRuntime: CheckJNI is OFF
08-06 02:26:51.805  9371  9371 D PARAM   : COUNT: 0
08-06 02:26:51.806  9371  9371 D ActivityNode: Observer - URL candidate SplashActivity[]
08-06 02:26:51.806  9371  9371 D ActivityNode: Observer - visit time - SplashActivity - New aggregate visit time found is 579 ms
08-06 02:26:51.807  9371  9371 D NappaLifecycleObserver: nappatfpr.de.danoeh.antennapod.activity.SplashActivity - onPause
08-06 02:26:51.807  9371  9371 D Nappa   : Stayed on nappatfpr.de.danoeh.antennapod.activity.SplashActivity for 99 ms
08-06 02:26:51.808  9406  9406 D ICU     : No timezone override file found: /data/misc/zoneinfo/current/icu/icu_tzdata.dat
08-06 02:26:51.816  9371  9371 D ActivityNode: Observer - session data - sourceMainActivity
08-06 02:26:51.816  9371  9371 D ActivityNode: destinations:
08-06 02:26:51.816  9371  9371 D ActivityNode: 	nappatfpr.de.danoeh.antennapod.activity.PreferenceActivity( count 4)
08-06 02:26:51.816  9371  9371 D ActivityNode: 	nappatfpr.de.danoeh.antennapod.activity.OnlineFeedViewActivity( count 32)
08-06 02:26:51.816  9371  9371 D ActivityNode: 	nappatfpr.de.danoeh.antennapod.activity.FeedSettingsActivity( count 4)
08-06 02:26:51.816  9371  9371 D ActivityNode: 	nappatfpr.de.danoeh.antennapod.activity.FeedInfoActivity( count 4)
08-06 02:26:51.816  9371  9371 D ActivityNode: Observer - successor visit time - SplashActivity - Updating the visit time from the successors list:
08-06 02:26:51.816  9371  9371 D ActivityNode: [AggregateVisitTimeByActivity{nappatfpr.de.danoeh.antennapod.activity.MainActivity : 30685 ms}]
08-06 02:26:51.816  9371  9371 D ActivityNode: Observer - intent extra - SplashActivity
08-06 02:26:51.816  9371  9371 D ActivityNode: Extras:
08-06 02:26:51.817  9371  9371 D PARAM   : COUNT: 0
08-06 02:26:51.817  9371  9371 D ActivityNode: Observer - URL candidate MainActivity[]
08-06 02:26:51.817  9371  9371 D ActivityNode: Observer - successor visit time - MainActivity - Updating the visit time from the successors list:
08-06 02:26:51.817  9371  9371 D ActivityNode: [AggregateVisitTimeByActivity{nappatfpr.de.danoeh.antennapod.activity.PreferenceActivity : 21980 ms}, AggregateVisitTimeByActivity{nappatfpr.de.danoeh.antennapod.activity.OnlineFeedViewActivity : 199577 ms}, AggregateVisitTimeByActivity{nappatfpr.de.danoeh.antennapod.activity.FeedSettingsActivity : 17872 ms}, AggregateVisitTimeByActivity{nappatfpr.de.danoeh.antennapod.activity.FeedInfoActivity : 18673 ms}]
08-06 02:26:51.817  9371  9371 D ActivityNode: Observer - session data - sourcePreferenceActivity
08-06 02:26:51.817  9371  9371 D ActivityNode: destinations:
08-06 02:26:51.817  9371  9371 D ActivityNode: Observer - intent extra - MainActivity
08-06 02:26:51.817  9371  9371 D ActivityNode: Extras:
08-06 02:26:51.817  9371  9371 D ActivityNode: 	activity ID 2( key title)
08-06 02:26:51.817  9371  9371 D ActivityNode: 	activity ID 2( key arg.feedurl)
08-06 02:26:51.817  9371  9371 D ActivityNode: 	activity ID 2( key title)
08-06 02:26:51.817  9371  9371 D ActivityNode: 	activity ID 2( key arg.feedurl)
08-06 02:26:51.817  9371  9371 D ActivityNode: 	activity ID 2( key title)
08-06 02:26:51.817  9371  9371 D ActivityNode: 	activity ID 2( key arg.feedurl)
08-06 02:26:51.817  9371  9371 D ActivityNode: 	activity ID 2( key title)
08-06 02:26:51.817  9371  9371 D ActivityNode: 	activity ID 2( key arg.feedurl)
08-06 02:26:51.817  9371  9371 D ActivityNode: 	activity ID 2( key title)
08-06 02:26:51.817  9371  9371 D ActivityNode: 	activity ID 2( key arg.feedurl)
08-06 02:26:51.817  9371  9371 D ActivityNode: 	activity ID 2( key nappatfpr.de.danoeh.antennapod.extra.feedId)
08-06 02:26:51.817  9371  9371 D ActivityNode: 	activity ID 2( key nappatfpr.de.danoeh.antennapod.extra.feedId)
08-06 02:26:51.817  9371  9371 D ActivityNode: 	activity ID 2( key title)
08-06 02:26:51.817  9371  9371 D ActivityNode: 	activity ID 2( key arg.feedurl)
08-06 02:26:51.817  9371  9371 D ActivityNode: 	activity ID 2( key title)
08-06 02:26:51.817  9371  9371 D ActivityNode: 	activity ID 2( key arg.feedurl)
08-06 02:26:51.817  9371  9371 D ActivityNode: 	activity ID 2( key title)
08-06 02:26:51.817  9371  9371 D ActivityNode: 	activity ID 2( key arg.feedurl)
08-06 02:26:51.817  9371  9371 D ActivityNode: 	activity ID 2( key title)
08-06 02:26:51.817  9371  9371 D ActivityNode: 	activity ID 2( key arg.feedurl)
08-06 02:26:51.817  9371  9371 D ActivityNode: 	activity ID 2( key title)
08-06 02:26:51.817  9371  9371 D ActivityNode: 	activity ID 2( key arg.feedurl)
08-06 02:26:51.817  9371  9371 D ActivityNode: 	activity ID 2( key title)
08-06 02:26:51.817  9371  9371 D ActivityNode: 	activity ID 2( key arg.feedurl)
08-06 02:26:51.817  9371  9371 D ActivityNode: 	activity ID 2( key title)
08-06 02:26:51.817  9371  9371 D ActivityNode: 	activity ID 2( key arg.feedurl)
08-06 02:26:51.817  9371  9371 D ActivityNode: 	activity ID 2( key title)
08-06 02:26:51.817  9371  9371 D ActivityNode: 	activity ID 2( key arg.feedurl)
08-06 02:26:51.817  9371  9371 D ActivityNode: 	activity ID 2( key nappatfpr.de.danoeh.antennapod.extra.feedId)
08-06 02:26:51.817  9371  9371 D ActivityNode: 	activity ID 2( key nappatfpr.de.danoeh.antennapod.extra.feedId)
08-06 02:26:51.817  9371  9371 D ActivityNode: 	activity ID 2( key title)
08-06 02:26:51.817  9371  9371 D ActivityNode: 	activity ID 2( key arg.feedurl)
08-06 02:26:51.817  9371  9371 D ActivityNode: 	activity ID 2( key title)
08-06 02:26:51.817  9371  9371 D ActivityNode: 	activity ID 2( key arg.feedurl)
08-06 02:26:51.817  9371  9371 D ActivityNode: 	activity ID 2( key title)
08-06 02:26:51.817  9371  9371 D ActivityNode: 	activity ID 2( key arg.feedurl)
08-06 02:26:51.817  9371  9371 D ActivityNode: 	activity ID 2( key title)
08-06 02:26:51.817  9371  9371 D ActivityNode: 	activity ID 2( key arg.feedurl)
08-06 02:26:51.817  9371  9371 D ActivityNode: 	activity ID 2( key title)
08-06 02:26:51.817  9371  9371 D ActivityNode: 	activity ID 2( key arg.feedurl)
08-06 02:26:51.817  9371  9371 D ActivityNode: 	activity ID 2( key title)
08-06 02:26:51.817  9371  9371 D ActivityNode: 	activity ID 2( key arg.feedurl)
08-06 02:26:51.817  9371  9371 D ActivityNode: 	activity ID 2( key title)
08-06 02:26:51.817  9371  9371 D ActivityNode: 	activity ID 2( key arg.feedurl)
08-06 02:26:51.817  9371  9371 D ActivityNode: 	activity ID 2( key title)
08-06 02:26:51.817  9371  9371 D ActivityNode: 	activity ID 2( key arg.feedurl)
08-06 02:26:51.817  9371  9371 D ActivityNode: 	activity ID 2( key nappatfpr.de.danoeh.antennapod.extra.feedId)
08-06 02:26:51.817  9371  9371 D ActivityNode: 	activity ID 2( key nappatfpr.de.danoeh.antennapod.extra.feedId)
08-06 02:26:51.817  9371  9371 D ActivityNode: 	activity ID 2( key title)
08-06 02:26:51.817  9371  9371 D ActivityNode: 	activity ID 2( key arg.feedurl)
08-06 02:26:51.817  9371  9371 D ActivityNode: 	activity ID 2( key title)
08-06 02:26:51.817  9371  9371 D ActivityNode: 	activity ID 2( key arg.feedurl)
08-06 02:26:51.817  9371  9371 D ActivityNode: 	activity ID 2( key title)
08-06 02:26:51.817  9371  9371 D ActivityNode: 	activity ID 2( key arg.feedurl)
08-06 02:26:51.817  9371  9371 D ActivityNode: 	activity ID 2( key title)
08-06 02:26:51.817  9371  9371 D ActivityNode: 	activity ID 2( key arg.feedurl)
08-06 02:26:51.817  9371  9371 D ActivityNode: 	activity ID 2( key title)
08-06 02:26:51.817  9371  9371 D ActivityNode: 	activity ID 2( key arg.feedurl)
08-06 02:26:51.817  9371  9371 D ActivityNode: 	activity ID 2( key title)
08-06 02:26:51.817  9371  9371 D ActivityNode: 	activity ID 2( key arg.feedurl)
08-06 02:26:51.817  9371  9371 D ActivityNode: 	activity ID 2( key title)
08-06 02:26:51.817  9371  9371 D ActivityNode: 	activity ID 2( key arg.feedurl)
08-06 02:26:51.817  9371  9371 D ActivityNode: 	activity ID 2( key title)
08-06 02:26:51.817  9371  9371 D ActivityNode: 	activity ID 2( key arg.feedurl)
08-06 02:26:51.817  9371  9371 D ActivityNode: 	activity ID 2( key nappatfpr.de.danoeh.antennapod.extra.feedId)
08-06 02:26:51.817  9371  9371 D ActivityNode: 	activity ID 2( key nappatfpr.de.danoeh.antennapod.extra.feedId)
08-06 02:26:51.817  9371  9371 D ActivityNode: 	activity ID 2( key title)
08-06 02:26:51.817  9371  9371 D ActivityNode: 	activity ID 2( key arg.feedurl)
08-06 02:26:51.817  9371  9371 D ActivityNode: 	activity ID 2( key title)
08-06 02:26:51.817  9371  9371 D ActivityNode: 	activity ID 2( key arg.feedurl)
08-06 02:26:51.817  9371  9371 D ActivityNode: 	activity ID 2( key title)
08-06 02:26:51.817  9371  9371 D ActivityNode: 	activity ID 2( key arg.feedurl)
08-06 02:26:51.817  9371  9371 D ActivityNode: Observer - visit time - MainActivity - New aggregate visit time found is 322239 ms
08-06 02:26:51.817  9371  9371 D PARAM   : COUNT: 0
08-06 02:26:51.817  9371  9371 D ActivityNode: Observer - URL candidate PreferenceActivity[]
08-06 02:26:51.817  9371  9371 D ActivityNode: Observer - intent extra - PreferenceActivity
08-06 02:26:51.817  9371  9371 D ActivityNode: Extras:
08-06 02:26:51.818  9371  9371 D ActivityNode: Observer - session data - sourceOnlineFeedViewActivity
08-06 02:26:51.818  9371  9371 D ActivityNode: destinations:
08-06 02:26:51.818  9371  9371 D ActivityNode: Observer - visit time - OnlineFeedViewActivity - New aggregate visit time found is 199577 ms
08-06 02:26:51.818  9371  9371 D ActivityNode: Observer - visit time - PreferenceActivity - New aggregate visit time found is 21980 ms
08-06 02:26:51.818  9371  9371 D PARAM   : COUNT: 1
08-06 02:26:51.818  9371  9371 D PARAM   : ID_ACTIVITY: 4
08-06 02:26:51.818  9371  9371 D PARAM   : parameter.urlPiece = arg.feedurl
08-06 02:26:51.818  9371  9371 D PARAM   : parameter.type = 1
08-06 02:26:51.818  9371  9371 D PARAM   : parameter.urlOrder = 0
08-06 02:26:51.819  9371  9371 D ActivityNode: Observer - URL candidate OnlineFeedViewActivity[nl.vu.cs.s2group.nappa.room.dao.UrlCandidateDao$UrlCandidateToUrlParameter@c6db3d3]
08-06 02:26:51.819  9371  9371 D ActivityNode: Observer - session data - sourceFeedSettingsActivity
08-06 02:26:51.819  9371  9371 D ActivityNode: destinations:
08-06 02:26:51.819  9371  9371 D ActivityNode: Observer - intent extra - OnlineFeedViewActivity
08-06 02:26:51.819  9371  9371 D ActivityNode: Extras:
08-06 02:26:51.819  9371  9371 D ActivityNode: Observer - visit time - FeedSettingsActivity - New aggregate visit time found is 17872 ms
08-06 02:26:51.819  9371  9371 D ActivityNode: Observer - session data - sourceFeedInfoActivity
08-06 02:26:51.819  9371  9371 D ActivityNode: destinations:
08-06 02:26:51.819  9371  9371 D PARAM   : COUNT: 0
08-06 02:26:51.819  9371  9371 D ActivityNode: Observer - URL candidate FeedSettingsActivity[]
08-06 02:26:51.819  9371  9371 D ActivityNode: Observer - intent extra - FeedSettingsActivity
08-06 02:26:51.819  9371  9371 D ActivityNode: Extras:
08-06 02:26:51.819  9371  9371 D ActivityNode: Observer - session data - sourceSplashActivity
08-06 02:26:51.819  9371  9371 D ActivityNode: destinations:
08-06 02:26:51.819  9371  9371 D ActivityNode: 	nappatfpr.de.danoeh.antennapod.activity.MainActivity( count 4)
08-06 02:26:51.819  9371  9371 D PARAM   : COUNT: 0
08-06 02:26:51.819  9371  9371 D ActivityNode: Observer - URL candidate FeedInfoActivity[]
08-06 02:26:51.820  9371  9371 D ActivityNode: Observer - visit time - FeedInfoActivity - New aggregate visit time found is 18673 ms
08-06 02:26:51.820  9371  9371 D ActivityNode: Observer - intent extra - FeedInfoActivity
08-06 02:26:51.820  9371  9371 D ActivityNode: Extras:
