08-06 02:26:51.837  9406  9406 I Radio-JNI: register_android_hardware_Radio DONE
08-06 02:26:51.852  9406  9406 D AndroidRuntime: Calling main entry com.android.commands.am.Am
08-06 02:26:51.859  3167  3167 I Trepn   : Trepn 6.2s: Received intent: com.quicinc.trepn.start_profiling
08-06 02:26:51.890  9371  9371 D UserPreferences: Using default data folder
08-06 02:26:51.924  9371  9371 D MainActivity: getLastNavFragment() -> QueueFragment
08-06 02:26:51.925  9371  9371 D MainActivity: loadFragment(tag: QueueFragment, args: null)
08-06 02:26:51.927  9371  9371 D MainActivity: saveLastNavFragment(tag: QueueFragment)
08-06 02:26:51.928  9371  9371 D MainActivity: getLastNavFragment() -> QueueFragment
08-06 02:26:51.929  9371  9371 D UserPreferences: timeOfDay: []
08-06 02:26:51.930  9371  9371 D AutoUpdateManager: Restarting update alarm.
08-06 02:26:51.931  9371  9371 D AutoUpdateManager: Changed alarm to new interval 12 h
08-06 02:26:51.951  9371  9371 D UserPreferences: timeOfDay: []
08-06 02:26:51.951  9371  9371 D AutoUpdateManager: Restarting update alarm.
08-06 02:26:51.952  9371  9371 D AutoUpdateManager: Changed alarm to new interval 12 h
08-06 02:26:51.979  3167  3167 W FileUtils: Failed to chmod(/storage/emulated/0/trepn/Trepn_2020.08.06_022651.db): android.system.ErrnoException: chmod failed: EPERM (Operation not permitted)
08-06 02:26:51.991  9371  9371 D ExternalPlayerFragment: Loading media info
08-06 02:26:51.993  9371  9371 D QueueFragment: loadItems()
08-06 02:26:51.998  9371  9410 D DBReader: getQueue() called
08-06 02:26:51.998  9371  9410 D DBReader: getQueue()
08-06 02:26:51.999  9371  9410 D DBReader: getFavoriteIDList() called
08-06 02:26:52.000  9371  9410 D DBReader: getQueueIDList() called
08-06 02:26:52.001  9371  9410 D DBReader: Extracting Feedlist
08-06 02:26:52.005  9371  9371 V PlaybackController: initServiceNotRunning()
08-06 02:26:52.006  9371  9371 D ExternalPlayerFragment: Loading media info
08-06 02:26:52.008  9371  9392 D Nappa   : PREFETCH_ON_EXTRA - setCurrentActivity - logs - from extra - made prediction isfalse
08-06 02:26:52.010  9371  9371 D UserPreferences: Using default data folder
08-06 02:26:52.012  9371  9371 D AutoUpdateManager: last refresh: 443520 hours 26 minutes ago
08-06 02:26:52.013  9371  9410 D DBReader: getNavDrawerData() called with: 
08-06 02:26:52.013  9371  9371 D NappaLifecycleObserver: nappatfpr.de.danoeh.antennapod.activity.MainActivity - onResume
08-06 02:26:52.013  9371  9371 D Nappa   : setCurrentActivity - MetricStrategyAccuracy - 
08-06 02:26:52.013  9371  9371 D Nappa   : madePredictionFromActivity = false, 
08-06 02:26:52.013  9371  9371 D Nappa   : fromActivity = nappatfpr.de.danoeh.antennapod.activity.SplashActivity, 
08-06 02:26:52.013  9371  9371 D Nappa   : predictedNextActivityFromActivity = [], 
08-06 02:26:52.013  9371  9371 D Nappa   : activity.getClass().getCanonicalName() = nappatfpr.de.danoeh.antennapod.activity.MainActivity, 
08-06 02:26:52.013  9371  9371 D Nappa   : setCurrentActivity - MetricStrategyAccuracy - 
08-06 02:26:52.013  9371  9371 D Nappa   : madePredictionFromExtra = false, 
08-06 02:26:52.013  9371  9371 D Nappa   : fromActivity = nappatfpr.de.danoeh.antennapod.activity.SplashActivity, 
08-06 02:26:52.013  9371  9371 D Nappa   : predictedNextActivityFromExtra = [], 
08-06 02:26:52.013  9371  9371 D Nappa   : activity.getClass().getCanonicalName() = nappatfpr.de.danoeh.antennapod.activity.MainActivity, 
08-06 02:26:52.013  9371  9371 D Nappa   : PREFETCH_ON_EXTRA - setCurrentActivity - logs - from activity - made prediction isfalse
08-06 02:26:52.018  9371  9410 D DBReader: getDownloadedItems() called
08-06 02:26:52.018  9371  9410 D DBReader: getFavoriteIDList() called
08-06 02:26:52.018  9371  9410 D DBReader: getQueueIDList() called
08-06 02:26:52.019  9371  9410 D DBReader: Extracting Feedlist
08-06 02:26:52.083  3167  3167 I Trepn   : Trepn 6.2s: Trepn has Started Profiling.
08-06 02:26:52.086  9406  9406 D AndroidRuntime: Shutting down VM
08-06 02:26:52.114  9371  9371 D Nappa   : registerActivity: (already in) nappatfpr.de.danoeh.antennapod.activity.MainActivity
08-06 02:26:52.114  9371  9371 D ActivityNode: ACTNODE UPDATING AFTER LOADING FROM DB
08-06 02:26:52.114  9371  9371 D ActivityGraph: LARDataCalculatedUpdate nappatfpr.de.danoeh.antennapod.activity.MainActivity Pagerank: 0.25 HITS-Authority: 1.0 HITS-Hub: 1.0 SALSA-Authority: 1.0 SALSA-Hub: 1.0
08-06 02:26:52.115  9371  9371 D Nappa   : SHOULD_PREFETCH true
08-06 02:26:52.215  9371  9371 D Nappa   : registerActivity: (already in) nappatfpr.de.danoeh.antennapod.activity.MainActivity
08-06 02:26:52.216  9371  9371 D Nappa   : SUCCESSORS nappatfpr.de.danoeh.antennapod.activity.PreferenceActivity
08-06 02:26:52.216  9371  9371 D Nappa   : SUCCESSORS nappatfpr.de.danoeh.antennapod.activity.OnlineFeedViewActivity
08-06 02:26:52.216  9371  9371 D Nappa   : SUCCESSORS nappatfpr.de.danoeh.antennapod.activity.FeedSettingsActivity
08-06 02:26:52.216  9371  9371 D Nappa   : SUCCESSORS nappatfpr.de.danoeh.antennapod.activity.FeedInfoActivity
08-06 02:26:52.217  9371  9371 D Nappa   : STATS Number of requests not prefetched: 0
08-06 02:26:52.217  9371  9371 D Nappa   : STATS Number of requests prefetched: 0
08-06 02:26:52.217  9371  9371 D Nappa   : STATS Time saved until now: 0.0
08-06 02:26:52.344  9371  9371 D MainActivity: getLastNavFragment() -> QueueFragment
08-06 02:26:52.345  9371  9371 D MainActivity: handleNavIntent()
08-06 02:26:52.406  9371  9371 D ActivityNode: Observer - visit time - SplashActivity - New aggregate visit time found is 678 ms
08-06 02:26:52.414  9371  9392 D Nappa   : PREFETCH_ON_EXTRA - setCurrentActivity - logs - from extra - made prediction isfalse
08-06 02:26:52.521  9371  9382 I art     : Starting a blocking GC Explicit
08-06 02:26:52.547  9371  9371 D ActivityNode: Observer - successor visit time - SplashActivity - Updating the visit time from the successors list:
08-06 02:26:52.547  9371  9371 D ActivityNode: [AggregateVisitTimeByActivity{nappatfpr.de.danoeh.antennapod.activity.MainActivity : 30685 ms}]
08-06 02:26:52.547  9371  9371 D ActivityNode: Observer - successor visit time - MainActivity - Updating the visit time from the successors list:
08-06 02:26:52.547  9371  9371 D ActivityNode: [AggregateVisitTimeByActivity{nappatfpr.de.danoeh.antennapod.activity.PreferenceActivity : 21980 ms}, AggregateVisitTimeByActivity{nappatfpr.de.danoeh.antennapod.activity.OnlineFeedViewActivity : 199577 ms}, AggregateVisitTimeByActivity{nappatfpr.de.danoeh.antennapod.activity.FeedSettingsActivity : 17872 ms}, AggregateVisitTimeByActivity{nappatfpr.de.danoeh.antennapod.activity.FeedInfoActivity : 18673 ms}]
08-06 02:26:52.551   918   936 I ActivityManager: Displayed nappatfpr.de.danoeh.antennapod.debug/nappatfpr.de.danoeh.antennapod.activity.MainActivity: +742ms (total +2s358ms)
08-06 02:26:52.558 13866 13866 I GoogleInputMethodServic: GoogleInputMethodService.onFinishInput():3138 
08-06 02:26:52.559  9371  9371 D ActivityNode: Observer - session data - sourceSplashActivity
08-06 02:26:52.559  9371  9371 D ActivityNode: destinations:
08-06 02:26:52.559  9371  9371 D ActivityNode: 	nappatfpr.de.danoeh.antennapod.activity.MainActivity( count 5)
08-06 02:26:52.559  9371  9371 D ActivityNode: Observer - session data - sourcePreferenceActivity
08-06 02:26:52.559  9371  9371 D ActivityNode: destinations:
08-06 02:26:52.559  9371  9371 D ActivityNode: Observer - session data - sourceMainActivity
08-06 02:26:52.559  9371  9371 D ActivityNode: destinations:
08-06 02:26:52.559  9371  9371 D ActivityNode: 	nappatfpr.de.danoeh.antennapod.activity.PreferenceActivity( count 4)
08-06 02:26:52.559  9371  9371 D ActivityNode: 	nappatfpr.de.danoeh.antennapod.activity.OnlineFeedViewActivity( count 32)
08-06 02:26:52.559  9371  9371 D ActivityNode: 	nappatfpr.de.danoeh.antennapod.activity.FeedSettingsActivity( count 4)
08-06 02:26:52.559  9371  9371 D ActivityNode: 	nappatfpr.de.danoeh.antennapod.activity.FeedInfoActivity( count 4)
08-06 02:26:52.559  9371  9371 D ActivityNode: Observer - session data - sourceOnlineFeedViewActivity
08-06 02:26:52.559  9371  9371 D ActivityNode: destinations:
08-06 02:26:52.559  9371  9371 D ActivityNode: Observer - session data - sourceFeedSettingsActivity
08-06 02:26:52.559  9371  9371 D ActivityNode: destinations:
08-06 02:26:52.559 13866 13866 I GoogleInputMethodServic: GoogleInputMethodService.onStartInput():1808 
08-06 02:26:52.559  9371  9371 D ActivityNode: Observer - session data - sourceFeedInfoActivity
08-06 02:26:52.559  9371  9371 D ActivityNode: destinations:
08-06 02:26:52.563  9371  9382 I art     : Explicit concurrent mark sweep GC freed 21417(2MB) AllocSpace objects, 6(120KB) LOS objects, 40% free, 23MB/39MB, paused 353us total 42.406ms
08-06 02:26:52.575  9371  9382 I art     : Starting a blocking GC Explicit
08-06 02:26:52.579  9371  9371 D NappaLifecycleObserver: nappatfpr.de.danoeh.antennapod.activity.SplashActivity - onDestroy
08-06 02:26:52.579  9371  9371 D NappaLifecycleObserver: -------------F1_SCORE #0 -----------
08-06 02:26:52.579  9371  9371 D NappaLifecycleObserver: F1_SCORE - Intercept list (0)= []
08-06 02:26:52.579  9371  9371 D NappaLifecycleObserver: F1_SCORE - Prefetch list (0)= []
08-06 02:26:52.579  9371  9371 D NappaLifecycleObserver: F1_SCORE - TP list (0)= []
08-06 02:26:52.579  9371  9371 D NappaLifecycleObserver: F1_SCORE - FN list (0)= []
08-06 02:26:52.580  9371  9371 I NAPPA_EXPERIMENTATION: MetricPrefetchingAccuracy: LOG_ID='1',F1_SCORE_1='0.0',F1_SCORE_2='0.0',TRUE_POSITIVE='0',FALSE_POSITIVE='0',FALSE_NEGATIVE='0',
08-06 02:26:52.581 29532 29532 W PathParser: Points are too far apart 4.030360828967057
08-06 02:26:52.581 29532 29532 W PathParser: Points are too far apart 4.030360538880159
08-06 02:26:52.593  9371  9382 I art     : Explicit concurrent mark sweep GC freed 4600(243KB) AllocSpace objects, 0(0B) LOS objects, 40% free, 23MB/39MB, paused 283us total 17.960ms
08-06 02:26:52.597 29532 29532 W PathParser: Points are too far apart 4.030360828967057
08-06 02:26:52.597 29532 29532 W PathParser: Points are too far apart 4.030360538880159
08-06 02:26:52.600  9371  9382 I art     : Starting a blocking GC Explicit
08-06 02:26:52.614  9371  9382 I art     : Explicit concurrent mark sweep GC freed 159(8KB) AllocSpace objects, 0(0B) LOS objects, 40% free, 23MB/39MB, paused 221us total 13.716ms
08-06 02:26:52.615 29532 29532 W PathParser: Points are too far apart 4.030360828967057
08-06 02:26:52.615 29532 29532 W PathParser: Points are too far apart 4.030360538880159
08-06 02:26:52.620  9371  9382 I art     : Starting a blocking GC Explicit
08-06 02:26:52.631 29532 29532 W PathParser: Points are too far apart 4.030360828967057
08-06 02:26:52.632 29532 29532 W PathParser: Points are too far apart 4.030360538880159
08-06 02:26:52.633  9371  9382 I art     : Explicit concurrent mark sweep GC freed 1058(65KB) AllocSpace objects, 2(588KB) LOS objects, 40% free, 22MB/38MB, paused 238us total 12.305ms
08-06 02:26:52.640  9371  9382 I art     : Starting a blocking GC Explicit
08-06 02:26:52.648 29532 29532 W PathParser: Points are too far apart 4.030360828967057
08-06 02:26:52.648 29532 29532 W PathParser: Points are too far apart 4.030360538880159
08-06 02:26:52.653  9371  9382 I art     : Explicit concurrent mark sweep GC freed 3(96B) AllocSpace objects, 0(0B) LOS objects, 40% free, 22MB/38MB, paused 191us total 12.605ms
08-06 02:26:52.665 29532 29532 W PathParser: Points are too far apart 4.030360828967057
08-06 02:26:52.665 29532 29532 W PathParser: Points are too far apart 4.030360538880159
08-06 02:26:52.683 29532 29532 W PathParser: Points are too far apart 4.030360828967057
08-06 02:26:52.683 29532 29532 W PathParser: Points are too far apart 4.030360538880159
08-06 02:26:52.699 29532 29532 W PathParser: Points are too far apart 4.030360828967057
08-06 02:26:52.699 29532 29532 W PathParser: Points are too far apart 4.030360538880159
08-06 02:26:52.717  9371  9392 D Nappa   : PREFETCH_ON_EXTRA - setCurrentActivity - starting new prediction
08-06 02:26:52.717  9371  9392 D Nappa   : Current node - currentActivityName - nappatfpr.de.danoeh.antennapod.activity.MainActivity
08-06 02:26:52.722  9371  9392 D Nappa   : Current node - activityGraph.getCurrent() - nappatfpr.de.danoeh.antennapod.activity.MainActivity
08-06 02:26:52.727  9371  9392 I NAPPA_EXPERIMENTATION: MetricNappaPrefetchingStrategyExecutionTime: STRATEGY_CLASS='TfprPrefetchingStrategy',DURATION='3452969',NUMBER_OF_URLS='0',NUMBER_OF_SELECTED_CHILDREN_NODES='1',NUMBER_OF_CHILDREN_NODES='4',STRATEGY_RUN_SUCCESSFULLY='True',
08-06 02:26:52.727  9371  9392 D TfprPrefetchingStrategy: ==================================
08-06 02:26:52.727  9371  9392 D TfprPrefetchingStrategy: Starting Run #1
08-06 02:26:52.727  9371  9392 D TfprPrefetchingStrategy: ----------------------------------
08-06 02:26:52.727  9371  9392 D TfprPrefetchingStrategy: Node data MainActivity 
08-06 02:26:52.727  9371  9392 D TfprPrefetchingStrategy: 	Successors:
08-06 02:26:52.727  9371  9392 D TfprPrefetchingStrategy: 		PreferenceActivity (0 hits)
08-06 02:26:52.727  9371  9392 D TfprPrefetchingStrategy: 		OnlineFeedViewActivity (0 hits)
08-06 02:26:52.727  9371  9392 D TfprPrefetchingStrategy: 		FeedSettingsActivity (0 hits)
08-06 02:26:52.727  9371  9392 D TfprPrefetchingStrategy: 		FeedInfoActivity (0 hits)
08-06 02:26:52.727  9371  9392 D TfprPrefetchingStrategy: 	Ancestors:
08-06 02:26:52.727  9371  9392 D TfprPrefetchingStrategy: 		SplashActivity (0 hits)
08-06 02:26:52.727  9371  9392 D TfprPrefetchingStrategy: 
08-06 02:26:52.727  9371  9392 D TfprPrefetchingStrategy: MetricStrategyAccuracy inc execution count1 | act = true; extra = false
08-06 02:26:52.727  9371  9392 D TfprPrefetchingStrategy: ===
08-06 02:26:52.727  9371  9392 D TfprPrefetchingStrategy: calculateVisitTimeScores
08-06 02:26:52.727  9371  9392 D TfprPrefetchingStrategy: -------- Node FeedSettingsActivity-----------
08-06 02:26:52.727  9371  9392 D TfprPrefetchingStrategy: tfprNode.aggregateVisitTime = 17872
08-06 02:26:52.727  9371  9392 D TfprPrefetchingStrategy: tfprNode.totalAggregateVisitTimeFromSuccessors = 0
08-06 02:26:52.727  9371  9392 D TfprPrefetchingStrategy: tfprNode.aggregateVisitTimeFromSuccessors = {}
08-06 02:26:52.727  9371  9392 D TfprPrefetchingStrategy: -------- Node MainActivity-----------
08-06 02:26:52.727  9371  9392 D TfprPrefetchingStrategy: tfprNode.aggregateVisitTime = 322239
08-06 02:26:52.727  9371  9392 D TfprPrefetchingStrategy: tfprNode.totalAggregateVisitTimeFromSuccessors = 258102
08-06 02:26:52.727  9371  9392 D TfprPrefetchingStrategy: tfprNode.aggregateVisitTimeFromSuccessors = {nappatfpr.de.danoeh.antennapod.activity.FeedInfoActivity=18673, nappatfpr.de.danoeh.antennapod.activity.FeedSettingsActivity=17872, nappatfpr.de.danoeh.antennapod.activity.OnlineFeedViewActivity=199577, nappatfpr.de.danoeh.antennapod.activity.PreferenceActivity=21980}
08-06 02:26:52.727  9371  9392 D TfprPrefetchingStrategy: -------- Node FeedInfoActivity-----------
08-06 02:26:52.727  9371  9392 D TfprPrefetchingStrategy: tfprNode.aggregateVisitTime = 18673
08-06 02:26:52.727  9371  9392 D TfprPrefetchingStrategy: tfprNode.totalAggregateVisitTimeFromSuccessors = 0
08-06 02:26:52.728  9371  9392 D TfprPrefetchingStrategy: tfprNode.aggregateVisitTimeFromSuccessors = {}
08-06 02:26:52.728  9371  9392 D TfprPrefetchingStrategy: -------- Node OnlineFeedViewActivity-----------
08-06 02:26:52.728  9371  9392 D TfprPrefetchingStrategy: tfprNode.aggregateVisitTime = 199577
08-06 02:26:52.728  9371  9392 D TfprPrefetchingStrategy: tfprNode.totalAggregateVisitTimeFromSuccessors = 0
08-06 02:26:52.728  9371  9392 D TfprPrefetchingStrategy: tfprNode.aggregateVisitTimeFromSuccessors = {}
08-06 02:26:52.728  9371  9392 D TfprPrefetchingStrategy: -------- Node PreferenceActivity-----------
08-06 02:26:52.728  9371  9392 D TfprPrefetchingStrategy: tfprNode.aggregateVisitTime = 21980
08-06 02:26:52.728  9371  9392 D TfprPrefetchingStrategy: tfprNode.totalAggregateVisitTimeFromSuccessors = 0
08-06 02:26:52.728  9371  9392 D TfprPrefetchingStrategy: tfprNode.aggregateVisitTimeFromSuccessors = {}
08-06 02:26:52.728  9371  9392 D TfprPrefetchingStrategy: -------- Graph -----------
08-06 02:26:52.728  9371  9392 D TfprPrefetchingStrategy: tfprGraph.aggregateVisitTimeFromSuccessors = 580341
08-06 02:26:52.728  9371  9392 D TfprPrefetchingStrategy: ===
08-06 02:26:52.728  9371  9392 D TfprPrefetchingStrategy: ===
08-06 02:26:52.728  9371  9392 D TfprPrefetchingStrategy: runTfprAlgorithm
08-06 02:26:52.728  9371  9392 D TfprPrefetchingStrategy: ------------- TFPR calculation #1 of 10 -----------
08-06 02:26:52.728  9371  9392 D TfprPrefetchingStrategy: node FeedSettingsActivity score = 0.026176335
08-06 02:26:52.728  9371  9392 D TfprPrefetchingStrategy: node MainActivity score = 0.47196934
08-06 02:26:52.728  9371  9392 D TfprPrefetchingStrategy: node FeedInfoActivity score = 0.032471385
08-06 02:26:52.728  9371  9392 D TfprPrefetchingStrategy: node OnlineFeedViewActivity score = 0.3470541
08-06 02:26:52.728  9371  9392 D TfprPrefetchingStrategy: node PreferenceActivity score = 0.03822209
08-06 02:26:52.728  9371  9392 D TfprPrefetchingStrategy: ------------- TFPR calculation #2 of 10 -----------
08-06 02:26:52.728  9371  9392 D TfprPrefetchingStrategy: node FeedSettingsActivity score = 0.031078488
08-06 02:26:52.728  9371  9392 D TfprPrefetchingStrategy: node MainActivity score = 0.47196934
08-06 02:26:52.728  9371  9392 D TfprPrefetchingStrategy: node FeedInfoActivity score = 0.032471385
08-06 02:26:52.729  9371  9392 D TfprPrefetchingStrategy: node OnlineFeedViewActivity score = 0.3470541
08-06 02:26:52.729  9371  9392 D TfprPrefetchingStrategy: node PreferenceActivity score = 0.03822209
08-06 02:26:52.729  9371  9392 D TfprPrefetchingStrategy: ------------- TFPR calculation #3 of 10 -----------
08-06 02:26:52.729  9371  9392 D TfprPrefetchingStrategy: node FeedSettingsActivity score = 0.031078488
08-06 02:26:52.729  9371  9392 D TfprPrefetchingStrategy: node MainActivity score = 0.47196934
08-06 02:26:52.729  9371  9392 D TfprPrefetchingStrategy: node FeedInfoActivity score = 0.032471385
08-06 02:26:52.729  9371  9392 D TfprPrefetchingStrategy: node OnlineFeedViewActivity score = 0.3470541
08-06 02:26:52.729  9371  9392 D TfprPrefetchingStrategy: node PreferenceActivity score = 0.03822209
08-06 02:26:52.729  9371  9392 D TfprPrefetchingStrategy: ------------- TFPR calculation #4 of 10 -----------
08-06 02:26:52.729  9371  9392 D TfprPrefetchingStrategy: node FeedSettingsActivity score = 0.031078488
08-06 02:26:52.729  9371  9392 D TfprPrefetchingStrategy: node MainActivity score = 0.47196934
08-06 02:26:52.729  9371  9392 D TfprPrefetchingStrategy: node FeedInfoActivity score = 0.032471385
08-06 02:26:52.729  9371  9392 D TfprPrefetchingStrategy: node OnlineFeedViewActivity score = 0.3470541
08-06 02:26:52.729  9371  9392 D TfprPrefetchingStrategy: node PreferenceActivity score = 0.03822209
08-06 02:26:52.729  9371  9392 D TfprPrefetchingStrategy: ------------- TFPR calculation #5 of 10 -----------
08-06 02:26:52.729  9371  9392 D TfprPrefetchingStrategy: node FeedSettingsActivity score = 0.031078488
08-06 02:26:52.729  9371  9392 D TfprPrefetchingStrategy: node MainActivity score = 0.47196934
08-06 02:26:52.729  9371  9392 D TfprPrefetchingStrategy: node FeedInfoActivity score = 0.032471385
08-06 02:26:52.729  9371  9392 D TfprPrefetchingStrategy: node OnlineFeedViewActivity score = 0.3470541
08-06 02:26:52.729  9371  9392 D TfprPrefetchingStrategy: node PreferenceActivity score = 0.03822209
08-06 02:26:52.729  9371  9392 D TfprPrefetchingStrategy: ------------- TFPR calculation #6 of 10 -----------
08-06 02:26:52.729  9371  9392 D TfprPrefetchingStrategy: node FeedSettingsActivity score = 0.031078488
08-06 02:26:52.729  9371  9392 D TfprPrefetchingStrategy: node MainActivity score = 0.47196934
08-06 02:26:52.729  9371  9392 D TfprPrefetchingStrategy: node FeedInfoActivity score = 0.032471385
08-06 02:26:52.730  9371  9392 D TfprPrefetchingStrategy: node OnlineFeedViewActivity score = 0.3470541
08-06 02:26:52.730  9371  9392 D TfprPrefetchingStrategy: node PreferenceActivity score = 0.03822209
08-06 02:26:52.730  9371  9392 D TfprPrefetchingStrategy: ------------- TFPR calculation #7 of 10 -----------
08-06 02:26:52.730  9371  9392 D TfprPrefetchingStrategy: node FeedSettingsActivity score = 0.031078488
08-06 02:26:52.730  9371  9392 D TfprPrefetchingStrategy: node MainActivity score = 0.47196934
08-06 02:26:52.730  9371  9392 D TfprPrefetchingStrategy: node FeedInfoActivity score = 0.032471385
08-06 02:26:52.730  9371  9392 D TfprPrefetchingStrategy: node OnlineFeedViewActivity score = 0.3470541
08-06 02:26:52.730  9371  9392 D TfprPrefetchingStrategy: node PreferenceActivity score = 0.03822209
08-06 02:26:52.730  9371  9392 D TfprPrefetchingStrategy: ------------- TFPR calculation #8 of 10 -----------
08-06 02:26:52.730  9371  9392 D TfprPrefetchingStrategy: node FeedSettingsActivity score = 0.031078488
08-06 02:26:52.730  9371  9392 D TfprPrefetchingStrategy: node MainActivity score = 0.47196934
08-06 02:26:52.730  9371  9392 D TfprPrefetchingStrategy: node FeedInfoActivity score = 0.032471385
08-06 02:26:52.730  9371  9392 D TfprPrefetchingStrategy: node OnlineFeedViewActivity score = 0.3470541
08-06 02:26:52.730  9371  9392 D TfprPrefetchingStrategy: node PreferenceActivity score = 0.03822209
08-06 02:26:52.730  9371  9392 D TfprPrefetchingStrategy: ------------- TFPR calculation #9 of 10 -----------
08-06 02:26:52.730  9371  9392 D TfprPrefetchingStrategy: node FeedSettingsActivity score = 0.031078488
08-06 02:26:52.730  9371  9392 D TfprPrefetchingStrategy: node MainActivity score = 0.47196934
08-06 02:26:52.730  9371  9392 D TfprPrefetchingStrategy: node FeedInfoActivity score = 0.032471385
08-06 02:26:52.730  9371  9392 D TfprPrefetchingStrategy: node OnlineFeedViewActivity score = 0.3470541
08-06 02:26:52.730  9371  9392 D TfprPrefetchingStrategy: node PreferenceActivity score = 0.03822209
08-06 02:26:52.730  9371  9392 D TfprPrefetchingStrategy: ------------- TFPR calculation #10 of 10 -----------
08-06 02:26:52.730  9371  9392 D TfprPrefetchingStrategy: node FeedSettingsActivity score = 0.031078488
08-06 02:26:52.730  9371  9392 D TfprPrefetchingStrategy: node MainActivity score = 0.47196934
08-06 02:26:52.730  9371  9392 D TfprPrefetchingStrategy: node FeedInfoActivity score = 0.032471385
08-06 02:26:52.731  9371  9392 D TfprPrefetchingStrategy: node OnlineFeedViewActivity score = 0.3470541
08-06 02:26:52.731  9371  9392 D TfprPrefetchingStrategy: node PreferenceActivity score = 0.03822209
08-06 02:26:52.731  9371  9392 D TfprPrefetchingStrategy: ===
08-06 02:26:52.731  9371  9392 D TfprPrefetchingStrategy: ===
08-06 02:26:52.731  9371  9392 D TfprPrefetchingStrategy: getSuccessorListSortByTfprScore
08-06 02:26:52.731  9371  9392 D TfprPrefetchingStrategy: Successors before the sort [TfprNode{PreferenceActivity : TFPR = 0.03822209}, TfprNode{OnlineFeedViewActivity : TFPR = 0.3470541}, TfprNode{FeedSettingsActivity : TFPR = 0.031078488}, TfprNode{FeedInfoActivity : TFPR = 0.032471385}]
08-06 02:26:52.731  9371  9392 D TfprPrefetchingStrategy: Successors sorted by highest to lowest score (N2 - N1 comparator) are [TfprNode{OnlineFeedViewActivity : TFPR = 0.3470541}, TfprNode{PreferenceActivity : TFPR = 0.03822209}, TfprNode{FeedInfoActivity : TFPR = 0.032471385}, TfprNode{FeedSettingsActivity : TFPR = 0.031078488}]
08-06 02:26:52.731  9371  9392 D TfprPrefetchingStrategy: Selected the following nodes:
08-06 02:26:52.731  9371  9392 D TfprPrefetchingStrategy: #1 - OnlineFeedViewActivity with score 0.3470541
08-06 02:26:52.731  9371  9392 D TfprPrefetchingStrategy: successors with high score = [OnlineFeedViewActivity 
08-06 02:26:52.731  9371  9392 D TfprPrefetchingStrategy: 	Successors:
08-06 02:26:52.731  9371  9392 D TfprPrefetchingStrategy: 
08-06 02:26:52.731  9371  9392 D TfprPrefetchingStrategy: 	Ancestors:
08-06 02:26:52.731  9371  9392 D TfprPrefetchingStrategy: 		MainActivity (0 hits)
08-06 02:26:52.731  9371  9392 D TfprPrefetchingStrategy: 
08-06 02:26:52.731  9371  9392 D TfprPrefetchingStrategy: ]
08-06 02:26:52.731  9371  9392 D TfprPrefetchingStrategy: ===
08-06 02:26:52.731  9371  9392 D TfprPrefetchingStrategy: Selected node OnlineFeedViewActivity containing the URLS []
08-06 02:26:52.731  9371  9392 D TfprPrefetchingStrategy: Next visited child will be [nappatfpr.de.danoeh.antennapod.activity.OnlineFeedViewActivity]
08-06 02:26:52.731  9371  9392 D TfprPrefetchingStrategy: ==================================
08-06 02:26:52.731  9371  9392 D Nappa   : PREFETCH_ON_EXTRA - setCurrentActivity - finished new prediction
08-06 02:26:52.948  9371  9383 I art     : Starting a blocking GC Explicit
08-06 02:26:52.973  9371  9383 I art     : Explicit concurrent mark sweep GC freed 2830(179KB) AllocSpace objects, 1(20KB) LOS objects, 40% free, 22MB/38MB, paused 304us total 24.449ms
08-06 02:26:52.984  9371  9383 I art     : Starting a blocking GC Explicit
08-06 02:26:53.000  9371  9383 I art     : Explicit concurrent mark sweep GC freed 35(1136B) AllocSpace objects, 0(0B) LOS objects, 40% free, 22MB/38MB, paused 242us total 15.347ms
08-06 02:26:53.007  9371  9383 I art     : Starting a blocking GC Explicit
08-06 02:26:53.022  9371  9383 I art     : Explicit concurrent mark sweep GC freed 31(1968B) AllocSpace objects, 0(0B) LOS objects, 40% free, 22MB/38MB, paused 537us total 14.555ms
08-06 02:26:53.024  9371  9462 D DBReader: Extracting Feedlist
08-06 02:26:53.026  9371  9462 D FlattrUtils: Retrieving access token
08-06 02:26:53.026  9371  9462 D FlattrUtils: No access token found
08-06 02:26:53.028  9371  9462 I art     : Rejecting re-init on previously-failed class java.lang.Class<androidx.core.app.JobIntentService$JobServiceEngineImpl>
08-06 02:26:53.028  9371  9462 I art     : Rejecting re-init on previously-failed class java.lang.Class<androidx.core.app.JobIntentService$JobServiceEngineImpl>
08-06 02:26:53.029  9371  9462 I art     : Rejecting re-init on previously-failed class java.lang.Class<androidx.core.app.SafeJobIntentService$SafeJobServiceEngineImpl>
08-06 02:26:53.029  9371  9462 I art     : Rejecting re-init on previously-failed class java.lang.Class<androidx.core.app.SafeJobIntentService$SafeJobServiceEngineImpl>
08-06 02:26:53.030  9371  9383 I art     : Starting a blocking GC Explicit
08-06 02:26:53.045  9371  9383 I art     : Explicit concurrent mark sweep GC freed 408(80KB) AllocSpace objects, 1(20KB) LOS objects, 40% free, 23MB/38MB, paused 262us total 15.180ms
08-06 02:26:53.052  9371  9383 I art     : Starting a blocking GC Explicit
08-06 02:26:53.066  9371  9383 I art     : Explicit concurrent mark sweep GC freed 77(8KB) AllocSpace objects, 0(0B) LOS objects, 40% free, 22MB/38MB, paused 196us total 13.660ms
08-06 02:26:53.366  9371  9446 I art     : Starting a blocking GC Explicit
08-06 02:26:53.385  9371  9446 I art     : Explicit concurrent mark sweep GC freed 1589(96KB) AllocSpace objects, 1(20KB) LOS objects, 40% free, 22MB/38MB, paused 276us total 18.928ms
08-06 02:26:53.395  9371  9446 I art     : Starting a blocking GC Explicit
08-06 02:26:53.410  9371  9446 I art     : Explicit concurrent mark sweep GC freed 35(1136B) AllocSpace objects, 0(0B) LOS objects, 40% free, 22MB/38MB, paused 211us total 14.544ms
08-06 02:26:53.416  9371  9446 I art     : Starting a blocking GC Explicit
08-06 02:26:53.431  9371  9446 I art     : Explicit concurrent mark sweep GC freed 3(96B) AllocSpace objects, 0(0B) LOS objects, 40% free, 22MB/38MB, paused 519us total 14.395ms
08-06 02:26:53.438  9371  9446 I art     : Starting a blocking GC Explicit
08-06 02:26:53.452  9371  9446 I art     : Explicit concurrent mark sweep GC freed 9(272B) AllocSpace objects, 0(0B) LOS objects, 40% free, 22MB/38MB, paused 368us total 14.655ms
08-06 02:26:53.461  9371  9446 I art     : Starting a blocking GC Explicit
08-06 02:26:53.476  9371  9446 I art     : Explicit concurrent mark sweep GC freed 79(3024B) AllocSpace objects, 0(0B) LOS objects, 40% free, 23MB/38MB, paused 225us total 14.820ms
08-06 02:26:53.483 13866 13866 I GoogleInputMethodServic: GoogleInputMethodService.onFinishInput():3138 
08-06 02:26:53.483 13866 13866 I GoogleInputMethodServic: GoogleInputMethodService.onStartInput():1808 
08-06 02:26:53.759  9371  9382 I art     : Starting a blocking GC Explicit
08-06 02:26:53.777  9371  9382 I art     : Explicit concurrent mark sweep GC freed 1622(99KB) AllocSpace objects, 1(20KB) LOS objects, 40% free, 22MB/38MB, paused 353us total 17.733ms
08-06 02:26:53.785  9371  9382 I art     : Starting a blocking GC Explicit
08-06 02:26:53.800  9371  9382 I art     : Explicit concurrent mark sweep GC freed 37(1200B) AllocSpace objects, 0(0B) LOS objects, 40% free, 22MB/38MB, paused 256us total 14.952ms
08-06 02:26:53.806  9371  9382 I art     : Starting a blocking GC Explicit
08-06 02:26:53.820  9371  9382 I art     : Explicit concurrent mark sweep GC freed 3(96B) AllocSpace objects, 0(0B) LOS objects, 40% free, 22MB/38MB, paused 182us total 13.530ms
08-06 02:26:53.826  9371  9382 I art     : Starting a blocking GC Explicit
08-06 02:26:53.841  9371  9382 I art     : Explicit concurrent mark sweep GC freed 3(96B) AllocSpace objects, 0(0B) LOS objects, 40% free, 22MB/38MB, paused 223us total 14.051ms
08-06 02:26:53.847  9371  9382 I art     : Starting a blocking GC Explicit
08-06 02:26:53.859  9371  9382 I art     : Explicit concurrent mark sweep GC freed 6(256B) AllocSpace objects, 0(0B) LOS objects, 40% free, 22MB/38MB, paused 195us total 12.186ms
08-06 02:26:54.157  9371  9382 I art     : Starting a blocking GC Explicit
08-06 02:26:54.178  9371  9382 I art     : Explicit concurrent mark sweep GC freed 1587(99KB) AllocSpace objects, 1(20KB) LOS objects, 40% free, 22MB/38MB, paused 244us total 20.717ms
08-06 02:26:54.189  9371  9382 I art     : Starting a blocking GC Explicit
08-06 02:26:54.207  9371  9382 I art     : Explicit concurrent mark sweep GC freed 35(1136B) AllocSpace objects, 0(0B) LOS objects, 40% free, 22MB/38MB, paused 227us total 17.997ms
08-06 02:26:54.214  9371  9382 I art     : Starting a blocking GC Explicit
08-06 02:26:54.228  9371  9382 I art     : Explicit concurrent mark sweep GC freed 3(96B) AllocSpace objects, 0(0B) LOS objects, 40% free, 22MB/38MB, paused 198us total 14.457ms
08-06 02:26:54.235  9371  9382 I art     : Starting a blocking GC Explicit
08-06 02:26:54.250  9371  9382 I art     : Explicit concurrent mark sweep GC freed 3(96B) AllocSpace objects, 0(0B) LOS objects, 40% free, 22MB/38MB, paused 221us total 14.789ms
08-06 02:26:54.256  9371  9382 I art     : Starting a blocking GC Explicit
08-06 02:26:54.270  9371  9382 I art     : Explicit concurrent mark sweep GC freed 3(96B) AllocSpace objects, 0(0B) LOS objects, 40% free, 22MB/38MB, paused 181us total 13.817ms
08-06 02:26:54.301   918  3261 D WifiStateMachine: starting scan for "H369AA63323"WPA_PSK with 2412,5180
08-06 02:26:54.570  9371  9446 I art     : Starting a blocking GC Explicit
08-06 02:26:54.594  9371  9446 I art     : Explicit concurrent mark sweep GC freed 1586(98KB) AllocSpace objects, 1(20KB) LOS objects, 40% free, 22MB/38MB, paused 292us total 23.569ms
08-06 02:26:54.606  9371  9446 I art     : Starting a blocking GC Explicit
08-06 02:26:54.621  9371  9446 I art     : Explicit concurrent mark sweep GC freed 60(1824B) AllocSpace objects, 0(0B) LOS objects, 40% free, 22MB/38MB, paused 200us total 14.270ms
08-06 02:26:54.627  9371  9446 I art     : Starting a blocking GC Explicit
08-06 02:26:54.641  9371  9446 I art     : Explicit concurrent mark sweep GC freed 3(96B) AllocSpace objects, 0(0B) LOS objects, 40% free, 22MB/38MB, paused 215us total 13.728ms
08-06 02:26:54.648  9371  9446 I art     : Starting a blocking GC Explicit
08-06 02:26:54.661  9371  9446 I art     : Explicit concurrent mark sweep GC freed 3(96B) AllocSpace objects, 0(0B) LOS objects, 40% free, 22MB/38MB, paused 209us total 13.623ms
08-06 02:26:54.668  9371  9446 I art     : Starting a blocking GC Explicit
08-06 02:26:54.681  9371  9446 I art     : Explicit concurrent mark sweep GC freed 3(96B) AllocSpace objects, 0(0B) LOS objects, 40% free, 22MB/38MB, paused 211us total 13.238ms
08-06 02:26:54.980  9371  9383 I art     : Starting a blocking GC Explicit
08-06 02:26:55.000  9371  9383 I art     : Explicit concurrent mark sweep GC freed 1588(100KB) AllocSpace objects, 1(20KB) LOS objects, 40% free, 22MB/38MB, paused 264us total 19.992ms
08-06 02:26:55.008  9371  9383 I art     : Starting a blocking GC Explicit
08-06 02:26:55.022  9371  9383 I art     : Explicit concurrent mark sweep GC freed 35(1136B) AllocSpace objects, 0(0B) LOS objects, 40% free, 22MB/38MB, paused 214us total 14.258ms
08-06 02:26:55.029  9371  9383 I art     : Starting a blocking GC Explicit
08-06 02:26:55.043  9371  9383 I art     : Explicit concurrent mark sweep GC freed 3(96B) AllocSpace objects, 0(0B) LOS objects, 40% free, 22MB/38MB, paused 211us total 13.737ms
08-06 02:26:55.050  9371  9383 I art     : Starting a blocking GC Explicit
08-06 02:26:55.064  9371  9383 I art     : Explicit concurrent mark sweep GC freed 3(96B) AllocSpace objects, 0(0B) LOS objects, 40% free, 22MB/38MB, paused 212us total 13.774ms
08-06 02:26:55.070  9371  9383 I art     : Starting a blocking GC Explicit
08-06 02:26:55.084  9371  9383 I art     : Explicit concurrent mark sweep GC freed 5(160B) AllocSpace objects, 0(0B) LOS objects, 40% free, 22MB/38MB, paused 219us total 13.557ms
08-06 02:26:55.386  9371  9383 I art     : Starting a blocking GC Explicit
08-06 02:26:55.403  9371  9383 I art     : Explicit concurrent mark sweep GC freed 1618(101KB) AllocSpace objects, 1(20KB) LOS objects, 40% free, 22MB/38MB, paused 259us total 16.395ms
08-06 02:26:55.410  9371  9383 I art     : Starting a blocking GC Explicit
08-06 02:26:55.424  9371  9383 I art     : Explicit concurrent mark sweep GC freed 35(1136B) AllocSpace objects, 0(0B) LOS objects, 40% free, 22MB/38MB, paused 232us total 14.548ms
08-06 02:26:55.431  9371  9383 I art     : Starting a blocking GC Explicit
08-06 02:26:55.445  9371  9383 I art     : Explicit concurrent mark sweep GC freed 3(96B) AllocSpace objects, 0(0B) LOS objects, 40% free, 22MB/38MB, paused 211us total 14.029ms
08-06 02:26:55.452  9371  9383 I art     : Starting a blocking GC Explicit
08-06 02:26:55.466  9371  9383 I art     : Explicit concurrent mark sweep GC freed 3(96B) AllocSpace objects, 0(0B) LOS objects, 40% free, 22MB/38MB, paused 195us total 13.676ms
08-06 02:26:55.473  9371  9383 I art     : Starting a blocking GC Explicit
08-06 02:26:55.486  9371  9383 I art     : Explicit concurrent mark sweep GC freed 3(96B) AllocSpace objects, 0(0B) LOS objects, 40% free, 22MB/38MB, paused 214us total 13.336ms
08-06 02:26:55.801  9371  9382 I art     : Starting a blocking GC Explicit
08-06 02:26:55.822  9371  9382 I art     : Explicit concurrent mark sweep GC freed 1608(96KB) AllocSpace objects, 1(20KB) LOS objects, 40% free, 22MB/38MB, paused 233us total 20.681ms
08-06 02:26:55.833  9371  9382 I art     : Starting a blocking GC Explicit
08-06 02:26:55.851  9371  9382 I art     : Explicit concurrent mark sweep GC freed 35(1136B) AllocSpace objects, 0(0B) LOS objects, 40% free, 22MB/38MB, paused 193us total 18.245ms
08-06 02:26:55.858  9371  9382 I art     : Starting a blocking GC Explicit
08-06 02:26:55.872  9371  9382 I art     : Explicit concurrent mark sweep GC freed 3(96B) AllocSpace objects, 0(0B) LOS objects, 40% free, 22MB/38MB, paused 208us total 13.824ms
08-06 02:26:55.878  9371  9382 I art     : Starting a blocking GC Explicit
08-06 02:26:55.892  9371  9382 I art     : Explicit concurrent mark sweep GC freed 3(96B) AllocSpace objects, 0(0B) LOS objects, 40% free, 22MB/38MB, paused 203us total 13.879ms
08-06 02:26:55.899  9371  9382 I art     : Starting a blocking GC Explicit
08-06 02:26:55.913  9371  9382 I art     : Explicit concurrent mark sweep GC freed 3(96B) AllocSpace objects, 0(0B) LOS objects, 40% free, 22MB/38MB, paused 198us total 13.771ms
08-06 02:26:56.196  9371  9446 I art     : Starting a blocking GC Explicit
08-06 02:26:56.219  9371  9446 I art     : Explicit concurrent mark sweep GC freed 1582(94KB) AllocSpace objects, 1(20KB) LOS objects, 40% free, 22MB/38MB, paused 255us total 23.377ms
08-06 02:26:56.230  9371  9446 I art     : Starting a blocking GC Explicit
08-06 02:26:56.245  9371  9446 I art     : Explicit concurrent mark sweep GC freed 35(1136B) AllocSpace objects, 0(0B) LOS objects, 40% free, 22MB/38MB, paused 208us total 14.560ms
08-06 02:26:56.251  9371  9446 I art     : Starting a blocking GC Explicit
08-06 02:26:56.265  9371  9446 I art     : Explicit concurrent mark sweep GC freed 3(96B) AllocSpace objects, 0(0B) LOS objects, 40% free, 22MB/38MB, paused 211us total 13.556ms
08-06 02:26:56.271  9371  9446 I art     : Starting a blocking GC Explicit
08-06 02:26:56.285  9371  9446 I art     : Explicit concurrent mark sweep GC freed 3(96B) AllocSpace objects, 0(0B) LOS objects, 40% free, 22MB/38MB, paused 195us total 13.485ms
08-06 02:26:56.291  9371  9446 I art     : Starting a blocking GC Explicit
08-06 02:26:56.305  9371  9446 I art     : Explicit concurrent mark sweep GC freed 3(96B) AllocSpace objects, 0(0B) LOS objects, 40% free, 22MB/38MB, paused 212us total 13.799ms
08-06 02:26:56.619  9371  9383 I art     : Starting a blocking GC Explicit
08-06 02:26:56.639  9371  9383 I art     : Explicit concurrent mark sweep GC freed 1606(94KB) AllocSpace objects, 1(20KB) LOS objects, 40% free, 22MB/38MB, paused 262us total 19.434ms
08-06 02:26:56.650  9371  9383 I art     : Starting a blocking GC Explicit
08-06 02:26:56.664  9371  9383 I art     : Explicit concurrent mark sweep GC freed 35(1136B) AllocSpace objects, 0(0B) LOS objects, 40% free, 22MB/38MB, paused 215us total 14.435ms
08-06 02:26:56.671  9371  9383 I art     : Starting a blocking GC Explicit
08-06 02:26:56.685  9371  9383 I art     : Explicit concurrent mark sweep GC freed 3(96B) AllocSpace objects, 0(0B) LOS objects, 40% free, 22MB/38MB, paused 200us total 13.885ms
08-06 02:26:56.691  9371  9383 I art     : Starting a blocking GC Explicit
08-06 02:26:56.706  9371  9383 I art     : Explicit concurrent mark sweep GC freed 3(96B) AllocSpace objects, 0(0B) LOS objects, 40% free, 22MB/38MB, paused 215us total 14.081ms
08-06 02:26:56.712  9371  9383 I art     : Starting a blocking GC Explicit
08-06 02:26:56.726  9371  9383 I art     : Explicit concurrent mark sweep GC freed 3(96B) AllocSpace objects, 0(0B) LOS objects, 40% free, 22MB/38MB, paused 202us total 13.319ms
08-06 02:26:56.990  9371  9382 I art     : Starting a blocking GC Explicit
08-06 02:26:57.007  9371  9382 I art     : Explicit concurrent mark sweep GC freed 1583(94KB) AllocSpace objects, 1(20KB) LOS objects, 40% free, 22MB/38MB, paused 305us total 16.386ms
08-06 02:26:57.014  9371  9382 I art     : Starting a blocking GC Explicit
08-06 02:26:57.028  9371  9382 I art     : Explicit concurrent mark sweep GC freed 35(1136B) AllocSpace objects, 0(0B) LOS objects, 40% free, 22MB/38MB, paused 199us total 14.034ms
08-06 02:26:57.034  9371  9382 I art     : Starting a blocking GC Explicit
08-06 02:26:57.048  9371  9382 I art     : Explicit concurrent mark sweep GC freed 3(96B) AllocSpace objects, 0(0B) LOS objects, 40% free, 22MB/38MB, paused 192us total 13.580ms
08-06 02:26:57.054  9371  9382 I art     : Starting a blocking GC Explicit
08-06 02:26:57.068  9371  9382 I art     : Explicit concurrent mark sweep GC freed 3(96B) AllocSpace objects, 0(0B) LOS objects, 40% free, 22MB/38MB, paused 214us total 13.593ms
08-06 02:26:57.074  9371  9382 I art     : Starting a blocking GC Explicit
08-06 02:26:57.087  9371  9382 I art     : Explicit concurrent mark sweep GC freed 3(96B) AllocSpace objects, 0(0B) LOS objects, 40% free, 22MB/38MB, paused 223us total 12.979ms
08-06 02:26:57.114 24365 20837 I NetworkScheduler.Stats: Task com.google.android.apps.gcs/ started execution. cause:4 exec_start_elapsed_seconds: 1827420 [CONTEXT service_id=218 ]
08-06 02:26:57.115  5753  9574 W Gcs.WfaEliRefreshTask: [28148] afk.b: NULL eligibility response.
08-06 02:26:57.118 24365 20837 I NetworkScheduler.Stats: Task com.google.android.apps.gcs/ finished executing. cause:4 result: 3 elapsed_millis: 8 uptime_millis: 7 exec_start_elapsed_seconds: 1827420 [CONTEXT service_id=218 ]
08-06 02:26:57.272  9572  9572 D AndroidRuntime: >>>>>> START com.android.internal.os.RuntimeInit uid 2000 <<<<<<
08-06 02:26:57.276  9572  9572 D AndroidRuntime: CheckJNI is OFF
08-06 02:26:57.301  9572  9572 D ICU     : No timezone override file found: /data/misc/zoneinfo/current/icu/icu_tzdata.dat
08-06 02:26:57.325  9572  9572 I Radio-JNI: register_android_hardware_Radio DONE
08-06 02:26:57.342  9572  9572 D AndroidRuntime: Calling main entry com.android.commands.input.Input
08-06 02:26:57.343  9572  9572 I Input   : injectMotionEvent: MotionEvent { action=ACTION_DOWN, actionButton=0, id[0]=0, x[0]=1233.0, y[0]=1274.0, toolType[0]=TOOL_TYPE_UNKNOWN, buttonState=0, metaState=0, flags=0x0, edgeFlags=0x0, pointerCount=1, historySize=0, eventTime=844033756, downTime=844033756, deviceId=0, source=0x1002 }
08-06 02:26:57.348  9572  9572 I Input   : injectMotionEvent: MotionEvent { action=ACTION_UP, actionButton=0, id[0]=0, x[0]=1233.0, y[0]=1274.0, toolType[0]=TOOL_TYPE_UNKNOWN, buttonState=0, metaState=0, flags=0x0, edgeFlags=0x0, pointerCount=1, historySize=0, eventTime=844033756, downTime=844033756, deviceId=0, source=0x1002 }
08-06 02:26:57.351  9572  9572 D AndroidRuntime: Shutting down VM
08-06 02:26:57.353  9371  9446 I art     : Starting a blocking GC Explicit
08-06 02:26:57.370  9371  9446 I art     : Explicit concurrent mark sweep GC freed 1586(94KB) AllocSpace objects, 1(20KB) LOS objects, 40% free, 22MB/38MB, paused 296us total 16.816ms
08-06 02:26:57.377  9371  9446 I art     : Starting a blocking GC Explicit
08-06 02:26:57.393  9371  9446 I art     : Explicit concurrent mark sweep GC freed 35(1136B) AllocSpace objects, 0(0B) LOS objects, 40% free, 22MB/38MB, paused 216us total 15.555ms
08-06 02:26:57.401  9371  9446 I art     : Starting a blocking GC Explicit
08-06 02:26:57.414  9371  9446 I art     : Explicit concurrent mark sweep GC freed 3(96B) AllocSpace objects, 0(0B) LOS objects, 40% free, 22MB/38MB, paused 214us total 13.450ms
08-06 02:26:57.421  9371  9446 I art     : Starting a blocking GC Explicit
08-06 02:26:57.434  9371  9446 I art     : Explicit concurrent mark sweep GC freed 3(96B) AllocSpace objects, 0(0B) LOS objects, 40% free, 22MB/38MB, paused 218us total 13.141ms
08-06 02:26:57.440  9371  9446 I art     : Starting a blocking GC Explicit
08-06 02:26:57.453  9371  9446 I art     : Explicit concurrent mark sweep GC freed 3(96B) AllocSpace objects, 0(0B) LOS objects, 40% free, 22MB/38MB, paused 213us total 13.136ms
08-06 02:26:57.692  9371  9383 I art     : Starting a blocking GC Explicit
08-06 02:26:57.705  9371  9383 I art     : Explicit concurrent mark sweep GC freed 1608(94KB) AllocSpace objects, 1(20KB) LOS objects, 40% free, 22MB/38MB, paused 201us total 12.567ms
08-06 02:26:57.711  9371  9383 I art     : Starting a blocking GC Explicit
08-06 02:26:57.723  9371  9383 I art     : Explicit concurrent mark sweep GC freed 35(1136B) AllocSpace objects, 0(0B) LOS objects, 40% free, 22MB/38MB, paused 193us total 12.043ms
08-06 02:26:57.730  9371  9383 I art     : Starting a blocking GC Explicit
08-06 02:26:57.742  9371  9383 I art     : Explicit concurrent mark sweep GC freed 3(96B) AllocSpace objects, 0(0B) LOS objects, 40% free, 22MB/38MB, paused 201us total 12.341ms
08-06 02:26:57.748  9371  9383 I art     : Starting a blocking GC Explicit
08-06 02:26:57.760  9371  9383 I art     : Explicit concurrent mark sweep GC freed 33(1056B) AllocSpace objects, 0(0B) LOS objects, 40% free, 22MB/38MB, paused 191us total 12.147ms
08-06 02:26:57.766  9371  9383 I art     : Starting a blocking GC Explicit
08-06 02:26:57.775 13866 13866 I GoogleInputMethodServic: GoogleInputMethodService.onFinishInput():3138 
08-06 02:26:57.775 13866 13866 I GoogleInputMethodServic: GoogleInputMethodService.onStartInput():1808 
08-06 02:26:57.779  9371  9383 I art     : Explicit concurrent mark sweep GC freed 66(2608B) AllocSpace objects, 0(0B) LOS objects, 40% free, 22MB/38MB, paused 204us total 12.487ms
08-06 02:26:58.028  9371  9446 I art     : Starting a blocking GC Explicit
08-06 02:26:58.043  9371  9446 I art     : Explicit concurrent mark sweep GC freed 1591(94KB) AllocSpace objects, 1(20KB) LOS objects, 40% free, 22MB/38MB, paused 219us total 14.822ms
08-06 02:26:58.049  9371  9446 I art     : Starting a blocking GC Explicit
08-06 02:26:58.062  9371  9446 I art     : Explicit concurrent mark sweep GC freed 37(1200B) AllocSpace objects, 0(0B) LOS objects, 40% free, 22MB/38MB, paused 215us total 12.952ms
08-06 02:26:58.068  9371  9446 I art     : Starting a blocking GC Explicit
08-06 02:26:58.080  9371  9446 I art     : Explicit concurrent mark sweep GC freed 3(96B) AllocSpace objects, 0(0B) LOS objects, 40% free, 22MB/38MB, paused 204us total 12.454ms
08-06 02:26:58.086  9371  9446 I art     : Starting a blocking GC Explicit
08-06 02:26:58.099  9371  9446 I art     : Explicit concurrent mark sweep GC freed 3(96B) AllocSpace objects, 0(0B) LOS objects, 40% free, 22MB/38MB, paused 201us total 12.841ms
08-06 02:26:58.105  9371  9446 I art     : Starting a blocking GC Explicit
08-06 02:26:58.119  9371  9446 I art     : Explicit concurrent mark sweep GC freed 3(96B) AllocSpace objects, 0(0B) LOS objects, 40% free, 22MB/38MB, paused 204us total 13.814ms
08-06 02:26:58.404  9371  9383 I art     : Starting a blocking GC Explicit
08-06 02:26:58.425  9371  9383 I art     : Explicit concurrent mark sweep GC freed 1583(94KB) AllocSpace objects, 1(20KB) LOS objects, 40% free, 22MB/38MB, paused 282us total 20.790ms
08-06 02:26:58.435  9371  9383 I art     : Starting a blocking GC Explicit
08-06 02:26:58.450  9371  9383 I art     : Explicit concurrent mark sweep GC freed 35(1136B) AllocSpace objects, 0(0B) LOS objects, 40% free, 22MB/38MB, paused 214us total 15.055ms
08-06 02:26:58.457  9371  9383 I art     : Starting a blocking GC Explicit
08-06 02:26:58.471  9371  9383 I art     : Explicit concurrent mark sweep GC freed 3(96B) AllocSpace objects, 0(0B) LOS objects, 40% free, 22MB/38MB, paused 214us total 14.402ms
08-06 02:26:58.478  9371  9383 I art     : Starting a blocking GC Explicit
08-06 02:26:58.492  9371  9383 I art     : Explicit concurrent mark sweep GC freed 3(96B) AllocSpace objects, 0(0B) LOS objects, 40% free, 22MB/38MB, paused 214us total 14.014ms
08-06 02:26:58.499  9371  9383 I art     : Starting a blocking GC Explicit
08-06 02:26:58.513  9371  9383 I art     : Explicit concurrent mark sweep GC freed 3(96B) AllocSpace objects, 0(0B) LOS objects, 40% free, 22MB/38MB, paused 214us total 14.155ms
08-06 02:26:58.765  9371  9382 I art     : Starting a blocking GC Explicit
08-06 02:26:58.780  9371  9382 I art     : Explicit concurrent mark sweep GC freed 1606(94KB) AllocSpace objects, 1(20KB) LOS objects, 40% free, 22MB/38MB, paused 207us total 14.012ms
08-06 02:26:58.786  9371  9382 I art     : Starting a blocking GC Explicit
08-06 02:26:58.801  9371  9382 I art     : Explicit concurrent mark sweep GC freed 35(1136B) AllocSpace objects, 0(0B) LOS objects, 40% free, 22MB/38MB, paused 194us total 14.275ms
08-06 02:26:58.807  9371  9382 I art     : Starting a blocking GC Explicit
08-06 02:26:58.820  9371  9382 I art     : Explicit concurrent mark sweep GC freed 3(96B) AllocSpace objects, 0(0B) LOS objects, 40% free, 22MB/38MB, paused 197us total 13.157ms
08-06 02:26:58.826  9371  9382 I art     : Starting a blocking GC Explicit
08-06 02:26:58.840  9371  9382 I art     : Explicit concurrent mark sweep GC freed 3(96B) AllocSpace objects, 0(0B) LOS objects, 40% free, 22MB/38MB, paused 194us total 13.703ms
08-06 02:26:58.846  9371  9382 I art     : Starting a blocking GC Explicit
08-06 02:26:58.860  9371  9382 I art     : Explicit concurrent mark sweep GC freed 3(96B) AllocSpace objects, 0(0B) LOS objects, 40% free, 22MB/38MB, paused 191us total 12.977ms
08-06 02:26:58.930  9628  9628 D AndroidRuntime: >>>>>> START com.android.internal.os.RuntimeInit uid 2000 <<<<<<
08-06 02:26:58.934  9628  9628 D AndroidRuntime: CheckJNI is OFF
08-06 02:26:58.964  9628  9628 D ICU     : No timezone override file found: /data/misc/zoneinfo/current/icu/icu_tzdata.dat
08-06 02:26:58.995  9628  9628 I Radio-JNI: register_android_hardware_Radio DONE
08-06 02:26:59.011  9628  9628 D AndroidRuntime: Calling main entry com.android.commands.input.Input
08-06 02:26:59.013  9628  9628 I Input   : injectMotionEvent: MotionEvent { action=ACTION_DOWN, actionButton=0, id[0]=0, x[0]=103.0, y[0]=192.0, toolType[0]=TOOL_TYPE_UNKNOWN, buttonState=0, metaState=0, flags=0x0, edgeFlags=0x0, pointerCount=1, historySize=0, eventTime=844035426, downTime=844035426, deviceId=0, source=0x1002 }
08-06 02:26:59.018  9628  9628 I Input   : injectMotionEvent: MotionEvent { action=ACTION_UP, actionButton=0, id[0]=0, x[0]=103.0, y[0]=192.0, toolType[0]=TOOL_TYPE_UNKNOWN, buttonState=0, metaState=0, flags=0x0, edgeFlags=0x0, pointerCount=1, historySize=0, eventTime=844035426, downTime=844035426, deviceId=0, source=0x1002 }
08-06 02:26:59.019  9628  9628 D AndroidRuntime: Shutting down VM
08-06 02:26:59.025   512  2967 D audio_hw_primary: out_set_parameters: enter: usecase(1: low-latency-playback) kvpairs: routing=2
08-06 02:26:59.038   512  2967 D audio_hw_primary: select_devices: out_snd_device(2: speaker) in_snd_device(0: none)
08-06 02:26:59.039   512  2967 D msm8974_platform: platform_send_audio_calibration: sending audio calibration for snd_device(2) acdb_id(15)
