08-05 23:07:43.677 30761 30761 D DownloadService: Service shutting down
08-05 23:07:43.677 30761 30761 D DownloadService: No report is created
08-05 23:07:43.677 30761 30761 D OnlineFeedViewActivity: onEventMainThread() called with: event = [DownloadEvent{update=DownloaderUpdate{downloaders=[], feedIds=[], mediaIds=[]}}]
08-05 23:07:43.680 30761 30761 D DownloadService: NotificationUpdater cancelled. Result: false
08-05 23:07:43.680 30761 31786 E downloadCompletionThd: DownloadCompletionThread was interrupted
08-05 23:07:43.680 30761 30761 D DBTasks : autodownloadUndownloadedItems
08-05 23:07:43.683 30761 31802 D NetworkUtils: Device is connected to Wi-Fi
08-05 23:07:43.683 30761 31802 D NetworkUtils: Auto-dl filter is disabled
08-05 23:07:43.685   918  3267 D NotificationSQLiteLog: Pruned event entries: 3
08-05 23:07:43.690 30761 30787 D Nappa   : registerActivity: (already in) nappatfpr.de.danoeh.antennapod.activity.OnlineFeedViewActivity
08-05 23:07:43.690 30761 30787 D Nappa   : PARENTS 
08-05 23:07:43.690 30761 30787 D Nappa   : Of: nappatfpr.de.danoeh.antennapod.activity.OnlineFeedViewActivity -> 
08-05 23:07:43.690 30761 30787 D Nappa   : PARENTS nappatfpr.de.danoeh.antennapod.activity.MainActivity
08-05 23:07:43.690 30761 30775 I art     : Starting a blocking GC Explicit
08-05 23:07:43.690 30761 30787 D Nappa   : PARENTS has extra: (arg.feedurl, https://rss.art19.com/nice-white-parents)
08-05 23:07:43.690 30761 30787 D Nappa   : PARENTS value of key 'arg.feedurl' is contained into https://rss.art19.com/nice-white-parents
08-05 23:07:43.691 30761 30787 D Nappa   : PARENTS PARAM: arg.feedurl
08-05 23:07:43.691 30761 30787 D Nappa   : PARENTS   NODE nappatfpr.de.danoeh.antennapod.activity.OnlineFeedViewActivity DOES NOT CONTAIN THIS URL
08-05 23:07:43.691 30761 30787 D Nappa   : PARENTS has extra: (title, iTunes)
08-05 23:07:43.691 30761 30787 D Nappa   : PARENTS nappatfpr.de.danoeh.antennapod.activity.SplashActivity
08-05 23:07:43.691 30761 30787 D Nappa   : serializeAndSavePar start adding
08-05 23:07:43.701 30761 30761 D PARAM   : COUNT: 0
08-05 23:07:43.701 30761 30761 D ActivityNode: Observer - URL candidate PreferenceActivity[]
08-05 23:07:43.701 30761 30761 D PARAM   : COUNT: 0
08-05 23:07:43.701 30761 30761 D ActivityNode: Observer - URL candidate SplashActivity[]
08-05 23:07:43.701 30761 30761 D PARAM   : COUNT: 0
08-05 23:07:43.701 30761 30761 D ActivityNode: Observer - URL candidate MainActivity[]
08-05 23:07:43.701 30761 30761 D PARAM   : COUNT: 1
08-05 23:07:43.702 30761 30761 D ActivityNode: Observer - URL candidate OnlineFeedViewActivity[nl.vu.cs.s2group.nappa.room.dao.UrlCandidateDao$UrlCandidateToUrlParameter@6f5a50]
08-05 23:07:43.702 30761 30787 D Nappa   : serializeAndSavePar end adding
08-05 23:07:43.704 30761 30761 D PARAM   : COUNT: 0
08-05 23:07:43.704 30761 30761 D ActivityNode: Observer - URL candidate SplashActivity[]
08-05 23:07:43.704 30761 30761 D PARAM   : COUNT: 0
08-05 23:07:43.704 30761 30761 D ActivityNode: Observer - URL candidate MainActivity[]
08-05 23:07:43.704 30761 30761 D PARAM   : COUNT: 0
08-05 23:07:43.704 30761 30761 D ActivityNode: Observer - URL candidate PreferenceActivity[]
08-05 23:07:43.705 30761 30761 D PARAM   : COUNT: 1
08-05 23:07:43.705 30761 30761 D PARAM   : ID_ACTIVITY: 4
08-05 23:07:43.705 30761 30761 D PARAM   : parameter.urlPiece = arg.feedurl
08-05 23:07:43.705 30761 30761 D PARAM   : parameter.type = 1
08-05 23:07:43.705 30761 30761 D PARAM   : parameter.urlOrder = 0
08-05 23:07:43.705 30761 30761 D ActivityNode: Observer - URL candidate OnlineFeedViewActivity[nl.vu.cs.s2group.nappa.room.dao.UrlCandidateDao$UrlCandidateToUrlParameter@2df245a]
08-05 23:07:43.717 30761 30775 I art     : Explicit concurrent mark sweep GC freed 4688(533KB) AllocSpace objects, 5(100KB) LOS objects, 35% free, 28MB/44MB, paused 912us total 27.503ms
08-05 23:07:43.722 30761 30771 E StrictMode: A resource was acquired at attached stack trace but never released. See java.io.Closeable for information on avoiding resource leaks.
08-05 23:07:43.722 30761 30771 E StrictMode: java.lang.Throwable: Explicit termination method 'close' not called
08-05 23:07:43.722 30761 30771 E StrictMode: 	at dalvik.system.CloseGuard.open(CloseGuard.java:180)
08-05 23:07:43.722 30761 30771 E StrictMode: 	at java.io.FileOutputStream.<init>(FileOutputStream.java:89)
08-05 23:07:43.722 30761 30771 E StrictMode: 	at okio.Okio.appendingSink(Okio.java:187)
08-05 23:07:43.722 30761 30771 E StrictMode: 	at okhttp3.internal.io.FileSystem$1.appendingSink(FileSystem.java:59)
08-05 23:07:43.722 30761 30771 E StrictMode: 	at okhttp3.internal.cache.DiskLruCache.newJournalWriter(DiskLruCache.java:312)
08-05 23:07:43.722 30761 30771 E StrictMode: 	at okhttp3.internal.cache.DiskLruCache.readJournal(DiskLruCache.java:306)
08-05 23:07:43.722 30761 30771 E StrictMode: 	at okhttp3.internal.cache.DiskLruCache.initialize(DiskLruCache.java:228)
08-05 23:07:43.722 30761 30771 E StrictMode: 	at okhttp3.internal.cache.DiskLruCache.get(DiskLruCache.java:430)
08-05 23:07:43.722 30761 30771 E StrictMode: 	at okhttp3.Cache.get(Cache.java:198)
08-05 23:07:43.722 30761 30771 E StrictMode: 	at okhttp3.Cache$1.get(Cache.java:145)
08-05 23:07:43.722 30761 30771 E StrictMode: 	at okhttp3.internal.cache.CacheInterceptor.intercept(CacheInterceptor.java:55)
08-05 23:07:43.722 30761 30771 E StrictMode: 	at okhttp3.internal.http.RealInterceptorChain.proceed(RealInterceptorChain.java:142)
08-05 23:07:43.722 30761 30771 E StrictMode: 	at okhttp3.internal.http.RealInterceptorChain.proceed(RealInterceptorChain.java:117)
08-05 23:07:43.722 30761 30771 E StrictMode: 	at okhttp3.internal.http.BridgeInterceptor.intercept(BridgeInterceptor.java:93)
08-05 23:07:43.722 30761 30771 E StrictMode: 	at okhttp3.internal.http.RealInterceptorChain.proceed(RealInterceptorChain.java:142)
08-05 23:07:43.722 30761 30771 E StrictMode: 	at okhttp3.internal.http.RetryAndFollowUpInterceptor.intercept(RetryAndFollowUpInterceptor.java:88)
08-05 23:07:43.722 30761 30771 E StrictMode: 	at okhttp3.internal.http.RealInterceptorChain.proceed(RealInterceptorChain.java:142)
08-05 23:07:43.722 30761 30771 E StrictMode: 	at okhttp3.internal.http.RealInterceptorChain.proceed(RealInterceptorChain.java:117)
08-05 23:07:43.722 30761 30771 E StrictMode: 	at nl.vu.cs.s2group.nappa.Nappa$CustomInterceptor.intercept(Nappa.java:875)
08-05 23:07:43.722 30761 30771 E StrictMode: 	at okhttp3.internal.http.RealInterceptorChain.proceed(RealInterceptorChain.java:142)
08-05 23:07:43.722 30761 30771 E StrictMode: 	at okhttp3.internal.http.RealInterceptorChain.proceed(RealInterceptorChain.java:117)
08-05 23:07:43.722 30761 30771 E StrictMode: 	at nappatfpr.de.danoeh.antennapod.core.service.download.HttpDownloader$BasicAuthorizationInterceptor.intercept(HttpDownloader.java:336)
08-05 23:07:43.722 30761 30771 E StrictMode: 	at okhttp3.internal.http.RealInterceptorChain.proceed(RealInterceptorChain.java:142)
08-05 23:07:43.722 30761 30771 E StrictMode: 	at okhttp3.internal.http.RealInterceptorChain.proceed(RealInterceptorChain.java:117)
08-05 23:07:43.722 30761 30771 E StrictMode: 	at okhttp3.RealCall.getResponseWithInterceptorChain(RealCall.java:229)
08-05 23:07:43.722 30761 30771 E StrictMode: 	at okhttp3.RealCall.execute(RealCall.java:81)
08-05 23:07:43.722 30761 30771 E StrictMode: 	at nappatfpr.de.danoeh.antennapod.core.service.download.HttpDownloader.download(HttpDownloader.java:105)
08-05 23:07:43.722 30761 30771 E StrictMode: 	at nappatfpr.de.danoeh.antennapod.core.service.download.Downloader.call(Downloader.java:46)
08-05 23:07:43.722 30761 30771 E StrictMode: 	at nappatfpr.de.danoeh.antennapod.activity.OnlineFeedViewActivity.lambda$startFeedDownload$1$OnlineFeedViewActivity(OnlineFeedViewActivity.java:285)
08-05 23:07:43.722 30761 30771 E StrictMode: 	at nappatfpr.de.danoeh.antennapod.activity.-$$Lambda$OnlineFeedViewActivity$prEa24i5Sons6FphjkvkM1FZnYs.call(lambda)
08-05 23:07:43.722 30761 30771 E StrictMode: 	at io.reactivex.internal.operators.observable.ObservableFromCallable.subscribeActual(ObservableFromCallable.java:43)
08-05 23:07:43.722 30761 30771 E StrictMode: 	at io.reactivex.Observable.subscribe(Observable.java:12090)
08-05 23:07:43.722 30761 30771 E StrictMode: 	at io.reactivex.internal.operators.observable.ObservableSubscribeOn$SubscribeTask.run(ObservableSubscribeOn.java:96)
08-05 23:07:43.722 30761 30771 E StrictMode: 	at io.reactivex.Scheduler$DisposeTask.run(Scheduler.java:578)
08-05 23:07:43.722 30761 30771 E StrictMode: 	at io.reactivex.internal.schedulers.ScheduledRunnable.run(ScheduledRunnable.java:66)
08-05 23:07:43.722 30761 30771 E StrictMode: 	at io.reactivex.internal.schedulers.ScheduledRunnable.call(ScheduledRunnable.java:57)
08-05 23:07:43.722 30761 30771 E StrictMode: 	at java.util.concurrent.FutureTask.run(FutureTask.java:237)
08-05 23:07:43.722 30761 30771 E StrictMode: 	at java.util.concurrent.ScheduledThreadPoolExecutor$ScheduledFutureTask.run(ScheduledThreadPoolExecutor.java:269)
08-05 23:07:43.722 30761 30771 E StrictMode: 	at java.util.concurrent.ThreadPoolExecutor.runWorker(ThreadPoolExecutor.java:1113)
08-05 23:07:43.722 30761 30771 E StrictMode: 	at java.util.concurrent.ThreadPoolExecutor$Worker.run(ThreadPoolExecutor.java:588)
08-05 23:07:43.722 30761 30771 E StrictMode: 	at java.lang.Thread.run(Thread.java:818)
08-05 23:07:43.727 30761 30775 I art     : Starting a blocking GC Explicit
08-05 23:07:43.752 30761 30775 I art     : Explicit concurrent mark sweep GC freed 1168(175KB) AllocSpace objects, 0(0B) LOS objects, 35% free, 28MB/44MB, paused 1.026ms total 25.364ms
08-05 23:07:43.761 30761 30775 I art     : Starting a blocking GC Explicit
08-05 23:07:43.787 30761 30775 I art     : Explicit concurrent mark sweep GC freed 18(768B) AllocSpace objects, 0(0B) LOS objects, 35% free, 28MB/44MB, paused 872us total 25.435ms
08-05 23:07:43.796 30761 30775 I art     : Starting a blocking GC Explicit
08-05 23:07:43.822 30761 30775 I art     : Explicit concurrent mark sweep GC freed 9(320B) AllocSpace objects, 0(0B) LOS objects, 35% free, 28MB/44MB, paused 824us total 25.674ms
08-05 23:07:43.831 30761 30775 I art     : Starting a blocking GC Explicit
08-05 23:07:43.857 30761 30775 I art     : Explicit concurrent mark sweep GC freed 5(160B) AllocSpace objects, 0(0B) LOS objects, 35% free, 28MB/44MB, paused 911us total 25.945ms
08-05 23:07:44.118   512  2967 D audio_hw_primary: disable_audio_route: reset and update mixer path: low-latency-playback speaker
08-05 23:07:44.120   512  2967 D audio_hw_primary: disable_snd_device: snd_device(2: speaker)
08-05 23:07:44.128   512  2967 I soundtrigger: audio_extn_sound_trigger_update_device_status: device 0x2 of type 0 for Event 0
08-05 23:07:44.146 30761 30774 I art     : Starting a blocking GC Explicit
08-05 23:07:44.176 30761 30774 I art     : Explicit concurrent mark sweep GC freed 1630(95KB) AllocSpace objects, 1(20KB) LOS objects, 35% free, 28MB/44MB, paused 928us total 29.342ms
08-05 23:07:44.185 30761 30774 I art     : Starting a blocking GC Explicit
08-05 23:07:44.215 30761 30774 I art     : Explicit concurrent mark sweep GC freed 83(2560B) AllocSpace objects, 0(0B) LOS objects, 35% free, 28MB/44MB, paused 886us total 29.077ms
08-05 23:07:44.224 30761 30774 I art     : Starting a blocking GC Explicit
08-05 23:07:44.252 30761 30774 I art     : Explicit concurrent mark sweep GC freed 5(192B) AllocSpace objects, 0(0B) LOS objects, 35% free, 28MB/44MB, paused 806us total 27.589ms
08-05 23:07:44.262 30761 30774 I art     : Starting a blocking GC Explicit
08-05 23:07:44.289 30761 30774 I art     : Explicit concurrent mark sweep GC freed 3(96B) AllocSpace objects, 0(0B) LOS objects, 35% free, 28MB/44MB, paused 824us total 27.216ms
08-05 23:07:44.299 30761 30774 I art     : Starting a blocking GC Explicit
08-05 23:07:44.326 30761 30774 I art     : Explicit concurrent mark sweep GC freed 3(96B) AllocSpace objects, 0(0B) LOS objects, 35% free, 28MB/44MB, paused 879us total 26.798ms
08-05 23:07:44.607 30761 30846 I art     : Starting a blocking GC Explicit
08-05 23:07:44.642 30761 30846 I art     : Explicit concurrent mark sweep GC freed 1594(96KB) AllocSpace objects, 1(20KB) LOS objects, 35% free, 28MB/44MB, paused 1.127ms total 35.356ms
08-05 23:07:44.654 30761 30846 I art     : Starting a blocking GC Explicit
08-05 23:07:44.684 30761 30846 I art     : Explicit concurrent mark sweep GC freed 37(1200B) AllocSpace objects, 0(0B) LOS objects, 35% free, 28MB/44MB, paused 1.023ms total 29.651ms
08-05 23:07:44.694 30761 30846 I art     : Starting a blocking GC Explicit
08-05 23:07:44.723 30761 30846 I art     : Explicit concurrent mark sweep GC freed 3(96B) AllocSpace objects, 0(0B) LOS objects, 35% free, 28MB/44MB, paused 884us total 28.913ms
08-05 23:07:44.733 30761 30846 I art     : Starting a blocking GC Explicit
08-05 23:07:44.762 30761 30846 I art     : Explicit concurrent mark sweep GC freed 3(96B) AllocSpace objects, 0(0B) LOS objects, 35% free, 28MB/44MB, paused 960us total 28.839ms
08-05 23:07:44.771 30761 30846 I art     : Starting a blocking GC Explicit
08-05 23:07:44.801 30761 30846 I art     : Explicit concurrent mark sweep GC freed 3(96B) AllocSpace objects, 0(0B) LOS objects, 35% free, 28MB/44MB, paused 894us total 29.192ms
08-05 23:07:45.113 30761 30775 I art     : Starting a blocking GC Explicit
08-05 23:07:45.150 30761 30775 I art     : Explicit concurrent mark sweep GC freed 1598(96KB) AllocSpace objects, 1(20KB) LOS objects, 35% free, 28MB/44MB, paused 1.017ms total 36.708ms
08-05 23:07:45.163 30761 30775 I art     : Starting a blocking GC Explicit
08-05 23:07:45.192 30761 30775 I art     : Explicit concurrent mark sweep GC freed 64(1920B) AllocSpace objects, 0(0B) LOS objects, 35% free, 28MB/44MB, paused 922us total 28.989ms
08-05 23:07:45.202 30761 30775 I art     : Starting a blocking GC Explicit
08-05 23:07:45.231 30761 30775 I art     : Explicit concurrent mark sweep GC freed 3(96B) AllocSpace objects, 0(0B) LOS objects, 35% free, 28MB/44MB, paused 894us total 29.096ms
08-05 23:07:45.241 30761 30775 I art     : Starting a blocking GC Explicit
08-05 23:07:45.270 30761 30775 I art     : Explicit concurrent mark sweep GC freed 3(96B) AllocSpace objects, 0(0B) LOS objects, 35% free, 28MB/44MB, paused 855us total 29.179ms
08-05 23:07:45.280 30761 30775 I art     : Starting a blocking GC Explicit
08-05 23:07:45.310 30761 30775 I art     : Explicit concurrent mark sweep GC freed 3(96B) AllocSpace objects, 0(0B) LOS objects, 35% free, 28MB/44MB, paused 912us total 29.922ms
08-05 23:07:45.637 30761 31179 I art     : Starting a blocking GC Explicit
08-05 23:07:45.676 30761 31179 I art     : Explicit concurrent mark sweep GC freed 1598(97KB) AllocSpace objects, 1(20KB) LOS objects, 35% free, 28MB/44MB, paused 906us total 39.425ms
08-05 23:07:45.688 30761 31179 I art     : Starting a blocking GC Explicit
08-05 23:07:45.718 30761 31179 I art     : Explicit concurrent mark sweep GC freed 35(1136B) AllocSpace objects, 0(0B) LOS objects, 35% free, 28MB/44MB, paused 944us total 29.749ms
08-05 23:07:45.728 30761 31179 I art     : Starting a blocking GC Explicit
08-05 23:07:45.757 30761 31179 I art     : Explicit concurrent mark sweep GC freed 3(96B) AllocSpace objects, 0(0B) LOS objects, 35% free, 28MB/44MB, paused 975us total 28.866ms
08-05 23:07:45.767 30761 31179 I art     : Starting a blocking GC Explicit
08-05 23:07:45.796 30761 31179 I art     : Explicit concurrent mark sweep GC freed 3(96B) AllocSpace objects, 0(0B) LOS objects, 35% free, 28MB/44MB, paused 918us total 29.241ms
08-05 23:07:45.806 30761 31179 I art     : Starting a blocking GC Explicit
08-05 23:07:45.836 30761 31179 I art     : Explicit concurrent mark sweep GC freed 3(96B) AllocSpace objects, 0(0B) LOS objects, 35% free, 28MB/44MB, paused 892us total 29.510ms
08-05 23:07:46.174 30761 30774 I art     : Starting a blocking GC Explicit
08-05 23:07:46.215 30761 30774 I art     : Explicit concurrent mark sweep GC freed 1627(95KB) AllocSpace objects, 1(20KB) LOS objects, 35% free, 28MB/44MB, paused 1.053ms total 40.519ms
08-05 23:07:46.227 30761 30774 I art     : Starting a blocking GC Explicit
08-05 23:07:46.257 30761 30774 I art     : Explicit concurrent mark sweep GC freed 35(1136B) AllocSpace objects, 0(0B) LOS objects, 35% free, 28MB/44MB, paused 897us total 29.354ms
08-05 23:07:46.266 30761 30774 I art     : Starting a blocking GC Explicit
08-05 23:07:46.295 30761 30774 I art     : Explicit concurrent mark sweep GC freed 3(96B) AllocSpace objects, 0(0B) LOS objects, 35% free, 28MB/44MB, paused 909us total 28.757ms
08-05 23:07:46.305 30761 30774 I art     : Starting a blocking GC Explicit
08-05 23:07:46.335 30761 30774 I art     : Explicit concurrent mark sweep GC freed 3(96B) AllocSpace objects, 0(0B) LOS objects, 35% free, 28MB/44MB, paused 902us total 29.807ms
08-05 23:07:46.345 30761 30774 I art     : Starting a blocking GC Explicit
08-05 23:07:46.374 30761 30774 I art     : Explicit concurrent mark sweep GC freed 3(96B) AllocSpace objects, 0(0B) LOS objects, 35% free, 28MB/44MB, paused 912us total 28.867ms
08-05 23:07:46.692 30761 30846 I art     : Starting a blocking GC Explicit
08-05 23:07:46.730 30761 30846 I art     : Explicit concurrent mark sweep GC freed 1594(94KB) AllocSpace objects, 1(20KB) LOS objects, 35% free, 28MB/44MB, paused 1.040ms total 37.632ms
08-05 23:07:46.741 30761 30846 I art     : Starting a blocking GC Explicit
08-05 23:07:46.771 30761 30846 I art     : Explicit concurrent mark sweep GC freed 35(1136B) AllocSpace objects, 0(0B) LOS objects, 35% free, 28MB/44MB, paused 931us total 29.631ms
08-05 23:07:46.781 30761 30846 I art     : Starting a blocking GC Explicit
08-05 23:07:46.811 30761 30846 I art     : Explicit concurrent mark sweep GC freed 3(96B) AllocSpace objects, 0(0B) LOS objects, 35% free, 28MB/44MB, paused 1.016ms total 29.244ms
08-05 23:07:46.821 30761 30846 I art     : Starting a blocking GC Explicit
08-05 23:07:46.849 30761 30846 I art     : Explicit concurrent mark sweep GC freed 3(96B) AllocSpace objects, 0(0B) LOS objects, 35% free, 28MB/44MB, paused 933us total 28.028ms
08-05 23:07:46.859 30761 30846 I art     : Starting a blocking GC Explicit
08-05 23:07:46.888 30761 30846 I art     : Explicit concurrent mark sweep GC freed 3(96B) AllocSpace objects, 0(0B) LOS objects, 35% free, 28MB/44MB, paused 940us total 29.302ms
08-05 23:07:47.223 30761 30775 I art     : Starting a blocking GC Explicit
08-05 23:07:47.268 30761 30775 I art     : Explicit concurrent mark sweep GC freed 1624(97KB) AllocSpace objects, 1(20KB) LOS objects, 35% free, 28MB/44MB, paused 1.279ms total 44.963ms
08-05 23:07:47.281 30761 30775 I art     : Starting a blocking GC Explicit
08-05 23:07:47.311 30761 30775 I art     : Explicit concurrent mark sweep GC freed 35(1136B) AllocSpace objects, 0(0B) LOS objects, 35% free, 28MB/44MB, paused 938us total 29.527ms
08-05 23:07:47.320 30761 30775 I art     : Starting a blocking GC Explicit
08-05 23:07:47.350 30761 30775 I art     : Explicit concurrent mark sweep GC freed 3(96B) AllocSpace objects, 0(0B) LOS objects, 35% free, 28MB/44MB, paused 932us total 29.680ms
08-05 23:07:47.360 30761 30775 I art     : Starting a blocking GC Explicit
08-05 23:07:47.389 30761 30775 I art     : Explicit concurrent mark sweep GC freed 3(96B) AllocSpace objects, 0(0B) LOS objects, 35% free, 28MB/44MB, paused 934us total 29.065ms
08-05 23:07:47.399 30761 30775 I art     : Starting a blocking GC Explicit
08-05 23:07:47.428 30761 30775 I art     : Explicit concurrent mark sweep GC freed 3(96B) AllocSpace objects, 0(0B) LOS objects, 35% free, 28MB/44MB, paused 926us total 28.995ms
08-05 23:07:47.757 30761 31179 I art     : Starting a blocking GC Explicit
08-05 23:07:47.793 30761 31179 I art     : Explicit concurrent mark sweep GC freed 1594(94KB) AllocSpace objects, 1(20KB) LOS objects, 35% free, 28MB/44MB, paused 920us total 35.473ms
08-05 23:07:47.807 30761 31179 I art     : Starting a blocking GC Explicit
08-05 23:07:47.835 30761 31179 I art     : Explicit concurrent mark sweep GC freed 35(1136B) AllocSpace objects, 0(0B) LOS objects, 35% free, 28MB/44MB, paused 847us total 27.328ms
08-05 23:07:47.835 30761 30773 I art     : WaitForGcToComplete blocked for 12.028ms for cause HeapTrim
08-05 23:07:47.845 30761 31179 I art     : Starting a blocking GC Explicit
08-05 23:07:47.872 30761 31179 I art     : Explicit concurrent mark sweep GC freed 3(96B) AllocSpace objects, 0(0B) LOS objects, 35% free, 28MB/44MB, paused 880us total 26.799ms
08-05 23:07:47.881 30761 31179 I art     : Starting a blocking GC Explicit
08-05 23:07:47.909 30761 31179 I art     : Explicit concurrent mark sweep GC freed 3(96B) AllocSpace objects, 0(0B) LOS objects, 35% free, 28MB/44MB, paused 945us total 27.509ms
08-05 23:07:47.918 30761 31179 I art     : Starting a blocking GC Explicit
08-05 23:07:47.945 30761 31179 I art     : Explicit concurrent mark sweep GC freed 3(96B) AllocSpace objects, 0(0B) LOS objects, 35% free, 28MB/44MB, paused 880us total 27.050ms
08-05 23:07:48.200 31884 31884 D AndroidRuntime: >>>>>> START com.android.internal.os.RuntimeInit uid 2000 <<<<<<
08-05 23:07:48.205 31884 31884 D AndroidRuntime: CheckJNI is OFF
08-05 23:07:48.239 31884 31884 D ICU     : No timezone override file found: /data/misc/zoneinfo/current/icu/icu_tzdata.dat
08-05 23:07:48.270 30761 30774 I art     : Starting a blocking GC Explicit
08-05 23:07:48.273 31884 31884 I Radio-JNI: register_android_hardware_Radio DONE
08-05 23:07:48.296 31884 31884 D AndroidRuntime: Calling main entry com.android.commands.input.Input
08-05 23:07:48.298 31884 31884 I Input   : injectKeyEvent: KeyEvent { action=ACTION_DOWN, keyCode=KEYCODE_BACK, scanCode=0, metaState=0, flags=0x0, repeatCount=0, eventTime=832084712, downTime=832084712, deviceId=-1, source=0x101 }
08-05 23:07:48.299 30761 30774 I art     : Explicit concurrent mark sweep GC freed 1623(95KB) AllocSpace objects, 1(20KB) LOS objects, 35% free, 28MB/44MB, paused 1.046ms total 29.181ms
08-05 23:07:48.304 31884 31884 I Input   : injectKeyEvent: KeyEvent { action=ACTION_UP, keyCode=KEYCODE_BACK, scanCode=0, metaState=0, flags=0x0, repeatCount=0, eventTime=832084712, downTime=832084712, deviceId=-1, source=0x101 }
08-05 23:07:48.308 30761 30774 I art     : Starting a blocking GC Explicit
08-05 23:07:48.311 30761 30761 D NappaLifecycleObserver: nappatfpr.de.danoeh.antennapod.activity.OnlineFeedViewActivity - onPause
08-05 23:07:48.311 30761 30761 D Nappa   : Stayed on nappatfpr.de.danoeh.antennapod.activity.OnlineFeedViewActivity for 8952 ms
08-05 23:07:48.311 31884 31884 D AndroidRuntime: Shutting down VM
08-05 23:07:48.318 30761 30761 V PlaybackController: initServiceNotRunning()
08-05 23:07:48.318 30761 30761 D ExternalPlayerFragment: Loading media info
08-05 23:07:48.320 30761 30761 D UserPreferences: Using default data folder
08-05 23:07:48.320 30761 30761 D NappaLifecycleObserver: nappatfpr.de.danoeh.antennapod.activity.MainActivity - onResume
08-05 23:07:48.320 30761 30796 D DBReader: getNavDrawerData() called with: 
08-05 23:07:48.320 30761 30761 D Nappa   : setCurrentActivity - MetricStrategyAccuracy - 
08-05 23:07:48.320 30761 30761 D Nappa   : madePredictionFromActivity = true, 
08-05 23:07:48.320 30761 30761 D Nappa   : fromActivity = nappatfpr.de.danoeh.antennapod.activity.OnlineFeedViewActivity, 
08-05 23:07:48.320 30761 30761 D Nappa   : predictedNextActivityFromActivity = [], 
08-05 23:07:48.320 30761 30761 D Nappa   : activity.getClass().getCanonicalName() = nappatfpr.de.danoeh.antennapod.activity.MainActivity, 
08-05 23:07:48.320 30761 30761 D Nappa   : setCurrentActivity - MetricStrategyAccuracy - 
08-05 23:07:48.320 30761 30761 D Nappa   : madePredictionFromExtra = false, 
08-05 23:07:48.320 30761 30761 D Nappa   : fromActivity = nappatfpr.de.danoeh.antennapod.activity.OnlineFeedViewActivity, 
08-05 23:07:48.320 30761 30761 D Nappa   : predictedNextActivityFromExtra = [], 
08-05 23:07:48.320 30761 30761 D Nappa   : activity.getClass().getCanonicalName() = nappatfpr.de.danoeh.antennapod.activity.MainActivity, 
08-05 23:07:48.320 30761 30761 D Nappa   : PREFETCH_ON_EXTRA - setCurrentActivity - logs - from activity - made prediction istrue
08-05 23:07:48.320 30761 30761 D Nappa   : PREFETCH_ON_EXTRA - setCurrentActivity - logs - from activity - start
08-05 23:07:48.320 30761 30761 I NAPPA_EXPERIMENTATION: MetricStrategyAccuracy: LOG_ID='4',EXECUTION_COUNT='4',CASES_COUNT='4',HIT_PERCENTAGE_TOTAL='0.0',HIT_PERCENTAGE_WHEN_PREDICTED='0.0',HIT_COUNT='0',MISS_COUNT='1',INSUFFICIENT_SCORE_COUNT='0',EXCEPTION_COUNT='0',NO_SUCCESSOR_COUNT='3',
08-05 23:07:48.320 30761 30761 D Nappa   : PREFETCH_ON_EXTRA - setCurrentActivity - logs - from activity- finished
08-05 23:07:48.323 30761 30796 D DBReader: getDownloadedItems() called
08-05 23:07:48.324 30761 30796 D DBReader: getFavoriteIDList() called
08-05 23:07:48.324 30761 30796 D DBReader: getQueueIDList() called
08-05 23:07:48.325 30761 30796 D DBReader: Extracting Feedlist
08-05 23:07:48.335 30761 30774 I art     : Explicit concurrent mark sweep GC freed 628(59KB) AllocSpace objects, 0(0B) LOS objects, 35% free, 28MB/44MB, paused 992us total 26.480ms
08-05 23:07:48.344 30761 30774 I art     : Starting a blocking GC Explicit
08-05 23:07:48.370 30761 30774 I art     : Explicit concurrent mark sweep GC freed 357(16KB) AllocSpace objects, 0(0B) LOS objects, 35% free, 28MB/44MB, paused 909us total 25.915ms
08-05 23:07:48.379 30761 30774 I art     : Starting a blocking GC Explicit
08-05 23:07:48.405 30761 30774 I art     : Explicit concurrent mark sweep GC freed 31(1248B) AllocSpace objects, 0(0B) LOS objects, 35% free, 28MB/44MB, paused 910us total 25.766ms
08-05 23:07:48.414 30761 30774 I art     : Starting a blocking GC Explicit
08-05 23:07:48.421 30761 30761 D Nappa   : registerActivity: (already in) nappatfpr.de.danoeh.antennapod.activity.MainActivity
08-05 23:07:48.421 30761 30761 D ActivityGraph: LARDataCalculatedUpdate nappatfpr.de.danoeh.antennapod.activity.MainActivity Pagerank: 0.25 HITS-Authority: 1.0 HITS-Hub: 1.0 SALSA-Authority: 1.0 SALSA-Hub: 1.0
08-05 23:07:48.421 30761 30761 D Nappa   : SHOULD_PREFETCH false
08-05 23:07:48.421 30761 30761 D Nappa   : STATS Number of requests not prefetched: 4
08-05 23:07:48.421 30761 30761 D Nappa   : STATS Number of requests prefetched: 1
08-05 23:07:48.421 30761 30761 D Nappa   : STATS Time saved until now: 0.145
08-05 23:07:48.441 30761 30774 I art     : Explicit concurrent mark sweep GC freed 207(9KB) AllocSpace objects, 0(0B) LOS objects, 35% free, 28MB/44MB, paused 837us total 26.481ms
08-05 23:07:48.444 30761 30761 D MainActivity: getLastNavFragment() -> AddFeedFragment
08-05 23:07:48.447 13866 13866 I GoogleInputMethodServic: GoogleInputMethodService.onFinishInput():3138 
08-05 23:07:48.448 13866 13866 I GoogleInputMethodServic: GoogleInputMethodService.onStartInput():1808 
08-05 23:07:48.462 30761 31680 D ApOkHttpUrlLoader: buildLoadData() called with: model = [https://content.production.cdn.art19.com/images/89/e0/88/44/89e08844-ac28-4fc0-96fa-15a41fec2014/262c12ed699a8d9720dea0bd66449d998e4a08cf18095bed170ccaa76722045fa5dbf7a366918b2db7e3acf29ad22f6b99fd659a9409cb807bf2781d968932f8.jpeg], width = [140], height = [140]
08-05 23:07:48.479 30761 30761 D ActivityNode: Observer - successor visit time - MainActivity - Updating the visit time from the successors list:
08-05 23:07:48.479 30761 30761 D ActivityNode: [AggregateVisitTimeByActivity{nappatfpr.de.danoeh.antennapod.activity.PreferenceActivity : 5140 ms}, AggregateVisitTimeByActivity{nappatfpr.de.danoeh.antennapod.activity.OnlineFeedViewActivity : 8952 ms}]
08-05 23:07:48.479 30761 30761 D ActivityNode: Observer - successor visit time - SplashActivity - Updating the visit time from the successors list:
08-05 23:07:48.479 30761 30761 D ActivityNode: [AggregateVisitTimeByActivity{nappatfpr.de.danoeh.antennapod.activity.MainActivity : 8380 ms}]
08-05 23:07:48.479 30761 30761 D ActivityNode: Observer - visit time - OnlineFeedViewActivity - New aggregate visit time found is 8952 ms
08-05 23:07:48.705 30761 30846 I art     : Starting a blocking GC Explicit
08-05 23:07:48.721 30761 30787 D Nappa   : PREFETCH_ON_EXTRA - setCurrentActivity - logs - from extra - made prediction isfalse
08-05 23:07:48.742 30761 30846 I art     : Explicit concurrent mark sweep GC freed 2597(183KB) AllocSpace objects, 1(20KB) LOS objects, 35% free, 28MB/44MB, paused 833us total 36.318ms
08-05 23:07:48.756 30761 30846 I art     : Starting a blocking GC Explicit
08-05 23:07:48.773   380   380 W SurfaceFlinger: couldn't log to binary event log: overflow.
08-05 23:07:48.774 30761 30761 D NappaLifecycleObserver: nappatfpr.de.danoeh.antennapod.activity.OnlineFeedViewActivity - onDestroy
08-05 23:07:48.774 30761 30761 D NappaLifecycleObserver: -------------F1_SCORE #7 -----------
08-05 23:07:48.774 30761 30761 D NappaLifecycleObserver: F1_SCORE - Intercept list (4)= [https://itunes.apple.com/en/rss/toppodcasts/limit=25/explicit=true/json, https://itunes.apple.com/us/rss/toppodcasts/limit=25/explicit=true/json, https://itunes.apple.com/lookup?id=1524080195, https://rss.art19.com/nice-white-parents]
08-05 23:07:48.774 30761 30761 D NappaLifecycleObserver: F1_SCORE - Prefetch list (0)= []
08-05 23:07:48.774 30761 30761 D NappaLifecycleObserver: F1_SCORE - TP list (0)= []
08-05 23:07:48.774 30761 30761 D NappaLifecycleObserver: F1_SCORE - FN list (4)= [https://itunes.apple.com/en/rss/toppodcasts/limit=25/explicit=true/json, https://itunes.apple.com/us/rss/toppodcasts/limit=25/explicit=true/json, https://itunes.apple.com/lookup?id=1524080195, https://rss.art19.com/nice-white-parents]
08-05 23:07:48.774 30761 30761 I NAPPA_EXPERIMENTATION: MetricPrefetchingAccuracy: LOG_ID='8',F1_SCORE_1='0.0',F1_SCORE_2='0.0',TRUE_POSITIVE='0',FALSE_POSITIVE='0',FALSE_NEGATIVE='4',
08-05 23:07:48.787 30761 30846 I art     : Explicit concurrent mark sweep GC freed 1048(57KB) AllocSpace objects, 0(0B) LOS objects, 35% free, 28MB/44MB, paused 988us total 30.548ms
08-05 23:07:48.796 30761 30846 I art     : Starting a blocking GC Explicit
08-05 23:07:48.824 30761 30846 I art     : Explicit concurrent mark sweep GC freed 158(6KB) AllocSpace objects, 0(0B) LOS objects, 35% free, 28MB/44MB, paused 857us total 27.750ms
08-05 23:07:48.834 30761 30846 I art     : Starting a blocking GC Explicit
08-05 23:07:48.860 30761 30846 I art     : Explicit concurrent mark sweep GC freed 2482(152KB) AllocSpace objects, 2(248KB) LOS objects, 36% free, 28MB/44MB, paused 876us total 25.822ms
08-05 23:07:48.869 30761 30846 I art     : Starting a blocking GC Explicit
08-05 23:07:48.896 30761 30846 I art     : Explicit concurrent mark sweep GC freed 3(96B) AllocSpace objects, 0(0B) LOS objects, 36% free, 28MB/44MB, paused 912us total 27.146ms
08-05 23:07:49.199 30761 31917 I art     : Starting a blocking GC Explicit
08-05 23:07:49.237 30761 31917 I art     : Explicit concurrent mark sweep GC freed 1625(97KB) AllocSpace objects, 1(20KB) LOS objects, 36% free, 28MB/44MB, paused 975us total 38.118ms
08-05 23:07:49.250 30761 31917 I art     : Starting a blocking GC Explicit
08-05 23:07:49.279 30761 31917 I art     : Explicit concurrent mark sweep GC freed 37(1216B) AllocSpace objects, 0(0B) LOS objects, 36% free, 28MB/44MB, paused 982us total 28.876ms
08-05 23:07:49.289 30761 31917 I art     : Starting a blocking GC Explicit
08-05 23:07:49.317 30761 31917 I art     : Explicit concurrent mark sweep GC freed 3(96B) AllocSpace objects, 0(0B) LOS objects, 36% free, 28MB/44MB, paused 1.013ms total 28.085ms
08-05 23:07:49.327 30761 31917 I art     : Starting a blocking GC Explicit
08-05 23:07:49.355 30761 31917 I art     : Explicit concurrent mark sweep GC freed 3(96B) AllocSpace objects, 0(0B) LOS objects, 36% free, 28MB/44MB, paused 922us total 27.912ms
08-05 23:07:49.364 30761 31917 I art     : Starting a blocking GC Explicit
08-05 23:07:49.393 30761 31917 I art     : Explicit concurrent mark sweep GC freed 3(96B) AllocSpace objects, 0(0B) LOS objects, 36% free, 28MB/44MB, paused 975us total 28.214ms
08-05 23:07:49.672 30761 31918 I art     : Starting a blocking GC Explicit
08-05 23:07:49.706 30761 31918 I art     : Explicit concurrent mark sweep GC freed 1594(94KB) AllocSpace objects, 1(20KB) LOS objects, 36% free, 28MB/44MB, paused 997us total 34.193ms
08-05 23:07:49.718 30761 31918 I art     : Starting a blocking GC Explicit
08-05 23:07:49.746 30761 31918 I art     : Explicit concurrent mark sweep GC freed 35(1136B) AllocSpace objects, 0(0B) LOS objects, 36% free, 28MB/44MB, paused 936us total 27.645ms
08-05 23:07:49.756 30761 31918 I art     : Starting a blocking GC Explicit
08-05 23:07:49.783 30761 31918 I art     : Explicit concurrent mark sweep GC freed 3(96B) AllocSpace objects, 0(0B) LOS objects, 36% free, 28MB/44MB, paused 923us total 26.429ms
08-05 23:07:49.792 30761 31918 I art     : Starting a blocking GC Explicit
08-05 23:07:49.819 30761 31918 I art     : Explicit concurrent mark sweep GC freed 3(96B) AllocSpace objects, 0(0B) LOS objects, 36% free, 28MB/44MB, paused 916us total 26.668ms
08-05 23:07:49.828 30761 31918 I art     : Starting a blocking GC Explicit
08-05 23:07:49.856 30761 31918 I art     : Explicit concurrent mark sweep GC freed 3(96B) AllocSpace objects, 0(0B) LOS objects, 36% free, 28MB/44MB, paused 899us total 27.240ms
08-05 23:07:49.974 31932 31932 D AndroidRuntime: >>>>>> START com.android.internal.os.RuntimeInit uid 2000 <<<<<<
08-05 23:07:49.980 31932 31932 D AndroidRuntime: CheckJNI is OFF
08-05 23:07:50.019 31932 31932 D ICU     : No timezone override file found: /data/misc/zoneinfo/current/icu/icu_tzdata.dat
08-05 23:07:50.052 31932 31932 I Radio-JNI: register_android_hardware_Radio DONE
08-05 23:07:50.074 31932 31932 D AndroidRuntime: Calling main entry com.android.commands.input.Input
08-05 23:07:50.075 31932 31932 I Input   : injectMotionEvent: MotionEvent { action=ACTION_DOWN, actionButton=0, id[0]=0, x[0]=639.0, y[0]=762.0, toolType[0]=TOOL_TYPE_UNKNOWN, buttonState=0, metaState=0, flags=0x0, edgeFlags=0x0, pointerCount=1, historySize=0, eventTime=832086488, downTime=832086488, deviceId=0, source=0x1002 }
08-05 23:07:50.082 31932 31932 I Input   : injectMotionEvent: MotionEvent { action=ACTION_UP, actionButton=0, id[0]=0, x[0]=639.0, y[0]=762.0, toolType[0]=TOOL_TYPE_UNKNOWN, buttonState=0, metaState=0, flags=0x0, edgeFlags=0x0, pointerCount=1, historySize=0, eventTime=832086488, downTime=832086488, deviceId=0, source=0x1002 }
08-05 23:07:50.084 31932 31932 D AndroidRuntime: Shutting down VM
08-05 23:07:50.158 30761 31918 I art     : Starting a blocking GC Explicit
08-05 23:07:50.161 30761 31297 D CustomInterceptor: NETWORK-PROVIDER https://itunes.apple.com/lookup?id=360084272
08-05 23:07:50.161 30761 31297 D Nappa   : F1_SCORE add_intercept_url - (new) - https://itunes.apple.com/lookup?id=360084272
08-05 23:07:50.161 30761 31297 D Nappa   : F1_SCORE add_fn_url - (new) - https://itunes.apple.com/lookup?id=360084272
08-05 23:07:50.161 30761 31297 D Nappa   : -------------F1_SCORE #8 -----------
08-05 23:07:50.161 30761 31297 D Nappa   : F1_SCORE - Intercept list (5)= [https://itunes.apple.com/en/rss/toppodcasts/limit=25/explicit=true/json, https://itunes.apple.com/us/rss/toppodcasts/limit=25/explicit=true/json, https://itunes.apple.com/lookup?id=1524080195, https://rss.art19.com/nice-white-parents, https://itunes.apple.com/lookup?id=360084272]
08-05 23:07:50.161 30761 31297 D Nappa   : F1_SCORE - Prefetch list (0)= []
08-05 23:07:50.161 30761 31297 D Nappa   : F1_SCORE - TP list (0)= []
08-05 23:07:50.161 30761 31297 D Nappa   : F1_SCORE - FN list (5)= [https://itunes.apple.com/en/rss/toppodcasts/limit=25/explicit=true/json, https://itunes.apple.com/us/rss/toppodcasts/limit=25/explicit=true/json, https://itunes.apple.com/lookup?id=1524080195, https://rss.art19.com/nice-white-parents, https://itunes.apple.com/lookup?id=360084272]
08-05 23:07:50.161 30761 31297 I NAPPA_EXPERIMENTATION: MetricPrefetchingAccuracy: LOG_ID='9',F1_SCORE_1='0.0',F1_SCORE_2='0.0',TRUE_POSITIVE='0',FALSE_POSITIVE='0',FALSE_NEGATIVE='5',
08-05 23:07:50.162 30761 31297 D CustomInterceptor: HEADER REQUEST
08-05 23:07:50.162 30761 31297 D CustomInterceptor: Cache-Control max-age=300, max-stale=300
08-05 23:07:50.162 30761 31297 D CustomInterceptor: User-Agent AntennaPod/1.7.2b
08-05 23:07:50.162 30761 31297 D CustomInterceptor: CACHED STATS: size = '3', maxSize = '100', hitCount = '4', createCount = '0', putCount = '3', evictionCount = '0', missCount = '4', toString = 'LruCache[maxSize=100,hits=4,misses=4,hitRate=50%]', 
08-05 23:07:50.162 30761 31297 D CustomInterceptor: PREFLIB NOT A GET REQUEST OR NOT IN CACHEGET
08-05 23:07:50.162   512  2967 D audio_hw_primary: out_set_parameters: enter: usecase(1: low-latency-playback) kvpairs: routing=2
08-05 23:07:50.175   512  2967 D audio_hw_primary: select_devices: out_snd_device(2: speaker) in_snd_device(0: none)
08-05 23:07:50.175   512  2967 D msm8974_platform: platform_send_audio_calibration: sending audio calibration for snd_device(2) acdb_id(15)
08-05 23:07:50.176   512  2967 I soundtrigger: audio_extn_sound_trigger_update_device_status: device 0x2 of type 0 for Event 1
08-05 23:07:50.182 13866 13866 I GoogleInputMethodServic: GoogleInputMethodService.onFinishInput():3138 
08-05 23:07:50.183 13866 13866 I GoogleInputMethodServic: GoogleInputMethodService.onStartInput():1808 
08-05 23:07:50.186   512  2967 D audio_hw_primary: enable_snd_device: snd_device(2: speaker)
08-05 23:07:50.188 30761 31918 I art     : Explicit concurrent mark sweep GC freed 2006(124KB) AllocSpace objects, 1(20KB) LOS objects, 36% free, 28MB/44MB, paused 1.330ms total 30.315ms
08-05 23:07:50.189   512  2967 D audio_hw_primary: enable_audio_route: apply and update mixer path: low-latency-playback speaker
08-05 23:07:50.198 30761 31918 I art     : Starting a blocking GC Explicit
08-05 23:07:50.227 30761 31918 I art     : Explicit concurrent mark sweep GC freed 70(2672B) AllocSpace objects, 0(0B) LOS objects, 36% free, 28MB/44MB, paused 1.241ms total 28.634ms
08-05 23:07:50.236 30761 31918 I art     : Starting a blocking GC Explicit
08-05 23:07:50.262 30761 30787 D Nappa   : registerActivity: (already in) nappatfpr.de.danoeh.antennapod.activity.MainActivity
08-05 23:07:50.262 30761 30787 D Nappa   : PARENTS 
08-05 23:07:50.262 30761 30787 D Nappa   : Of: nappatfpr.de.danoeh.antennapod.activity.MainActivity -> 
08-05 23:07:50.262 30761 30787 D Nappa   : PARENTS nappatfpr.de.danoeh.antennapod.activity.SplashActivity
08-05 23:07:50.262 30761 31918 I art     : Explicit concurrent mark sweep GC freed 16(592B) AllocSpace objects, 0(0B) LOS objects, 36% free, 28MB/44MB, paused 937us total 25.691ms
08-05 23:07:50.271 30761 31918 I art     : Starting a blocking GC Explicit
08-05 23:07:50.296 30761 31918 I art     : Explicit concurrent mark sweep GC freed 45(2768B) AllocSpace objects, 0(0B) LOS objects, 36% free, 28MB/44MB, paused 992us total 25.319ms
08-05 23:07:50.305 30761 31918 I art     : Starting a blocking GC Explicit
08-05 23:07:50.331 30761 31918 I art     : Explicit concurrent mark sweep GC freed 13(480B) AllocSpace objects, 0(0B) LOS objects, 36% free, 28MB/44MB, paused 838us total 25.499ms
08-05 23:07:50.351 30761 31297 D CustomInterceptor: HEADER RESPONSE
08-05 23:07:50.351 30761 31297 D CustomInterceptor: apple-originating-system MZStoreServices
08-05 23:07:50.351 30761 31297 D CustomInterceptor: apple-seq 0
08-05 23:07:50.351 30761 31297 D CustomInterceptor: apple-timing-app 4 ms
08-05 23:07:50.351 30761 31297 D CustomInterceptor: apple-tk false
08-05 23:07:50.351 30761 31297 D CustomInterceptor: b3 83fb0f00030f93c20e8d23856727d559-0c287b91e7384266
08-05 23:07:50.351 30761 31297 D CustomInterceptor: cache-control max-age=41356
08-05 23:07:50.351 30761 31297 D CustomInterceptor: content-disposition attachment; filename=1.txt
08-05 23:07:50.351 30761 31297 D CustomInterceptor: content-type text/javascript; charset=utf-8
08-05 23:07:50.351 30761 31297 D CustomInterceptor: date Wed, 05 Aug 2020 21:07:46 GMT
08-05 23:07:50.351 30761 31297 D CustomInterceptor: strict-transport-security max-age=31536000
08-05 23:07:50.351 30761 31297 D CustomInterceptor: vary Accept-Encoding
08-05 23:07:50.352 30761 31297 D CustomInterceptor: x-apple-application-instance 4046000
08-05 23:07:50.352 30761 31297 D CustomInterceptor: x-apple-application-site MR22
08-05 23:07:50.352 30761 31297 D CustomInterceptor: x-apple-jingle-correlation-key QP5Q6AADB6J4EDUNEOCWOJ6VLE
08-05 23:07:50.352 30761 31297 D CustomInterceptor: x-apple-orig-url https://itunes.apple.com/lookup?id=360084272
08-05 23:07:50.352 30761 31297 D CustomInterceptor: x-apple-partner origin.0
08-05 23:07:50.352 30761 31297 D CustomInterceptor: x-apple-request-uuid 83fb0f00-030f-93c2-0e8d-23856727d559
08-05 23:07:50.352 30761 31297 D CustomInterceptor: x-apple-translated-wo-url /WebObjects/MZStoreServices.woa/ws/wsLookup?id=360084272&urlDesc=
08-05 23:07:50.352 30761 31297 D CustomInterceptor: x-b3-spanid 0c287b91e7384266
08-05 23:07:50.352 30761 31297 D CustomInterceptor: x-b3-traceid 83fb0f00030f93c20e8d23856727d559
08-05 23:07:50.352 30761 31297 D CustomInterceptor: x-cache TCP_HIT from a95-100-169-39.deploy.akamaitechnologies.com (AkamaiGHost/10.1.0.1-30367680) (-)
08-05 23:07:50.352 30761 31297 D CustomInterceptor: x-content-type-options nosniff
08-05 23:07:50.352 30761 31297 D CustomInterceptor: x-true-cache-key /L/itunes.apple.com/lookup vcd=2897 ci2=id=360084272__
08-05 23:07:50.352 30761 31297 D CustomInterceptor: x-webobjects-loadaverage 0
08-05 23:07:50.352 30761 31297 D CustomInterceptor: CACHEABLE true
08-05 23:07:50.352 30761 31297 D CustomInterceptor: REQ https://itunes.apple.com/lookup?id=360084272
08-05 23:07:50.352 30761 31297 D CustomInterceptor: REQ_SERV_BY net
08-05 23:07:50.352 30761 31297 D CustomInterceptor: PREFLIB Adding response to lrucache - https://itunes.apple.com/lookup?id=360084272
08-05 23:07:50.354 30761 31297 D CustomInterceptor: interceptor_finished : return_type #3 : request served from remote and added to cache
08-05 23:07:50.354 30761 31297 I NAPPA_EXPERIMENTATION: MetricNetworkRequestExecutionTime: REQUEST_DURATION_SYSTEM='193',REQUEST_DURATION_OKHTTP='0',REQUEST_SYNCHRONOUS='TRUE',RESPONSE_CODE='200',RESPONSE_METHOD='GET',RESPONSE_LENGTH_OKHTTP='1796',RESPONSE_LENGTH_HEADER='-2',REQUEST_PROTOCOL='h2',REQUEST_URL='https://itunes.apple.com/lookup?id=360084272',
08-05 23:07:50.360 30761 30761 D NappaIntentExtras: ==================
08-05 23:07:50.360 30761 30787 D Nappa   : PREFETCH_ON_EXTRA - notifyExtras- start
08-05 23:07:50.360 30761 30761 D NappaIntentExtras: Log #4
08-05 23:07:50.360 30761 30761 D NappaIntentExtras: ------------------
08-05 23:07:50.360 30761 30761 D NappaIntentExtras: activity nappatfpr.de.danoeh.antennapod.activity.OnlineFeedViewActivity
08-05 23:07:50.360 30761 30761 D NappaIntentExtras: 	- No extras registered
08-05 23:07:50.360 30761 30761 D NappaIntentExtras: activity nappatfpr.de.danoeh.antennapod.activity.PreferenceActivity
08-05 23:07:50.360 30761 30761 D NappaIntentExtras: 	- No extras registered
08-05 23:07:50.360 30761 30761 D NappaIntentExtras: activity nappatfpr.de.danoeh.antennapod.activity.MainActivity
08-05 23:07:50.360 30761 30761 D NappaIntentExtras: 	- 2 extras registered
08-05 23:07:50.360 30761 30761 D NappaIntentExtras: 	- arg.feedurl : http://joeroganexp.joerogan.libsynpro.com/rss
08-05 23:07:50.360 30761 30761 D NappaIntentExtras: 	- title : iTunes
08-05 23:07:50.360 30761 30761 D NappaIntentExtras: activity nappatfpr.de.danoeh.antennapod.activity.SplashActivity
08-05 23:07:50.360 30761 30761 D NappaIntentExtras: 	- No extras registered
08-05 23:07:50.360 30761 30761 D NappaIntentExtras: ==================
08-05 23:07:50.361 30761 30787 I NAPPA_EXPERIMENTATION: MetricNappaPrefetchingStrategyExecutionTime: STRATEGY_CLASS='TfprPrefetchingStrategy',DURATION='640781',NUMBER_OF_URLS='0',NUMBER_OF_SELECTED_CHILDREN_NODES='0',NUMBER_OF_CHILDREN_NODES='2',STRATEGY_RUN_SUCCESSFULLY='True',
08-05 23:07:50.361 30761 30787 D TfprPrefetchingStrategy: ==================================
08-05 23:07:50.361 30761 30787 D TfprPrefetchingStrategy: Starting Run #5
08-05 23:07:50.361 30761 30787 D TfprPrefetchingStrategy: ----------------------------------
08-05 23:07:50.361 30761 30787 D TfprPrefetchingStrategy: Node data MainActivity 
08-05 23:07:50.361 30761 30787 D TfprPrefetchingStrategy: 	Successors:
08-05 23:07:50.361 30761 30787 D TfprPrefetchingStrategy: 		PreferenceActivity (1 hits)
08-05 23:07:50.361 30761 30787 D TfprPrefetchingStrategy: 		OnlineFeedViewActivity (1 hits)
08-05 23:07:50.361 30761 30787 D TfprPrefetchingStrategy: 	Ancestors:
08-05 23:07:50.361 30761 30787 D TfprPrefetchingStrategy: 		SplashActivity (1 hits)
08-05 23:07:50.361 30761 30787 D TfprPrefetchingStrategy: 
08-05 23:07:50.361 30761 30787 D TfprPrefetchingStrategy: MetricStrategyAccuracy inc execution count5 | act = false; extra = true
08-05 23:07:50.361   918  4413 I ActivityManager: START u0 {cmp=nappatfpr.de.danoeh.antennapod.debug/nappatfpr.de.danoeh.antennapod.activity.OnlineFeedViewActivity (has extras)} from uid 10707 on display 0
08-05 23:07:50.361 30761 30787 D TfprPrefetchingStrategy: ===
08-05 23:07:50.361 30761 30787 D TfprPrefetchingStrategy: calculateVisitTimeScores
08-05 23:07:50.361 30761 30787 D TfprPrefetchingStrategy: -------- Node OnlineFeedViewActivity-----------
08-05 23:07:50.361 30761 30787 D TfprPrefetchingStrategy: tfprNode.aggregateVisitTime = 8952
08-05 23:07:50.361 30761 30787 D TfprPrefetchingStrategy: tfprNode.totalAggregateVisitTimeFromSuccessors = 0
08-05 23:07:50.361 30761 30787 D TfprPrefetchingStrategy: tfprNode.aggregateVisitTimeFromSuccessors = {}
08-05 23:07:50.361 30761 30787 D TfprPrefetchingStrategy: -------- Node PreferenceActivity-----------
08-05 23:07:50.361 30761 30787 D TfprPrefetchingStrategy: tfprNode.aggregateVisitTime = 5140
08-05 23:07:50.361 30761 30787 D TfprPrefetchingStrategy: tfprNode.totalAggregateVisitTimeFromSuccessors = 0
08-05 23:07:50.361 30761 30787 D TfprPrefetchingStrategy: tfprNode.aggregateVisitTimeFromSuccessors = {}
08-05 23:07:50.361 30761 30787 D TfprPrefetchingStrategy: -------- Node MainActivity-----------
08-05 23:07:50.361 30761 30787 D TfprPrefetchingStrategy: tfprNode.aggregateVisitTime = 20670
08-05 23:07:50.361 30761 30787 D TfprPrefetchingStrategy: tfprNode.totalAggregateVisitTimeFromSuccessors = 14092
08-05 23:07:50.361 30761 30787 D TfprPrefetchingStrategy: tfprNode.aggregateVisitTimeFromSuccessors = {nappatfpr.de.danoeh.antennapod.activity.OnlineFeedViewActivity=8952, nappatfpr.de.danoeh.antennapod.activity.PreferenceActivity=5140}
08-05 23:07:50.361 30761 30787 D TfprPrefetchingStrategy: -------- Graph -----------
08-05 23:07:50.361 30761 30787 D TfprPrefetchingStrategy: tfprGraph.aggregateVisitTimeFromSuccessors = 34762
08-05 23:07:50.361 30761 30787 D TfprPrefetchingStrategy: ===
08-05 23:07:50.362 30761 30787 D TfprPrefetchingStrategy: ===
08-05 23:07:50.362 30761 30787 D TfprPrefetchingStrategy: runTfprAlgorithm
08-05 23:07:50.362 30761 30787 D TfprPrefetchingStrategy: ------------- TFPR calculation #1 of 10 -----------
08-05 23:07:50.362 30761 30787 D TfprPrefetchingStrategy: node OnlineFeedViewActivity score = 0.2188942
08-05 23:07:50.362 30761 30787 D TfprPrefetchingStrategy: node PreferenceActivity score = 0.12568322
08-05 23:07:50.362 30761 30787 D TfprPrefetchingStrategy: node MainActivity score = 0.5054226
08-05 23:07:50.362 30761 30787 D TfprPrefetchingStrategy: ------------- TFPR calculation #2 of 10 -----------
08-05 23:07:50.362 30761 30787 D TfprPrefetchingStrategy: node OnlineFeedViewActivity score = 0.26705495
08-05 23:07:50.362 30761 30787 D TfprPrefetchingStrategy: node PreferenceActivity score = 0.15333584
08-05 23:07:50.362 30761 30787 D TfprPrefetchingStrategy: node MainActivity score = 0.5054226
08-05 23:07:50.362 30761 30787 D TfprPrefetchingStrategy: ------------- TFPR calculation #3 of 10 -----------
08-05 23:07:50.362 30761 30787 D TfprPrefetchingStrategy: node OnlineFeedViewActivity score = 0.26705495
08-05 23:07:50.362 30761 30787 D TfprPrefetchingStrategy: node PreferenceActivity score = 0.15333584
08-05 23:07:50.362 30761 30787 D TfprPrefetchingStrategy: node MainActivity score = 0.5054226
08-05 23:07:50.362 30761 30787 D TfprPrefetchingStrategy: ------------- TFPR calculation #4 of 10 -----------
08-05 23:07:50.362 30761 30787 D TfprPrefetchingStrategy: node OnlineFeedViewActivity score = 0.26705495
08-05 23:07:50.362 30761 30787 D TfprPrefetchingStrategy: node PreferenceActivity score = 0.15333584
08-05 23:07:50.362 30761 30787 D TfprPrefetchingStrategy: node MainActivity score = 0.5054226
08-05 23:07:50.362 30761 30787 D TfprPrefetchingStrategy: ------------- TFPR calculation #5 of 10 -----------
08-05 23:07:50.362 30761 30787 D TfprPrefetchingStrategy: node OnlineFeedViewActivity score = 0.26705495
08-05 23:07:50.362 30761 30787 D TfprPrefetchingStrategy: node PreferenceActivity score = 0.15333584
08-05 23:07:50.362 30761 30787 D TfprPrefetchingStrategy: node MainActivity score = 0.5054226
08-05 23:07:50.362 30761 30787 D TfprPrefetchingStrategy: ------------- TFPR calculation #6 of 10 -----------
08-05 23:07:50.362 30761 30787 D TfprPrefetchingStrategy: node OnlineFeedViewActivity score = 0.26705495
08-05 23:07:50.362 30761 30787 D TfprPrefetchingStrategy: node PreferenceActivity score = 0.15333584
08-05 23:07:50.362 30761 30787 D TfprPrefetchingStrategy: node MainActivity score = 0.5054226
08-05 23:07:50.362 30761 30787 D TfprPrefetchingStrategy: ------------- TFPR calculation #7 of 10 -----------
08-05 23:07:50.362 30761 30787 D TfprPrefetchingStrategy: node OnlineFeedViewActivity score = 0.26705495
08-05 23:07:50.362 30761 30787 D TfprPrefetchingStrategy: node PreferenceActivity score = 0.15333584
08-05 23:07:50.362 30761 30787 D TfprPrefetchingStrategy: node MainActivity score = 0.5054226
