08-05 23:28:25.282 17123 18503 D CustomInterceptor: CONTENT <?xml version="1.0" encoding="UTF-8"?>
08-05 23:28:25.282 17123 18503 D CustomInterceptor: <rss version="2.0" xmlns:atom="http://www.w3.org/2005/Atom" xmlns:cc="http://web.resource.org/cc/" xmlns:itunes="http://www.itunes.com/dtds/podcast-1.0.dtd" xmlns:media="http://search.yahoo.com/mrss/" xmlns:content="http://purl.org/rss/1.0/modules/content/" xmlns:rdf="http://www.w3.org/1999/02/22-rdf-syntax-ns#">
08-05 23:28:25.282 17123 18503 D CustomInterceptor: 	<channel>
08-05 23:28:25.282 17123 18503 D CustomInterceptor: 		<atom:link href="http://joeroganexp.joerogan.libsynpro.com/rss" rel="self" type="application/rss+xml"/>
08-05 23:28:25.282 17123 18503 D CustomInterceptor: 		<title>The Joe Rogan Experience</title>
08-05 23:28:25.282 17123 18503 D CustomInterceptor: 		<pubDate>Fri, 24 Jul 2020 19:00:00 +0000</pubDate>
08-05 23:28:25.282 17123 18503 D CustomInterceptor: 		<lastBuildDate>Tue, 28 Jul 2020 00:28:52 +0000</lastBuildDate>
08-05 23:28:25.282 17123 18503 D CustomInterceptor: 		<generator>Libsyn WebEngine 2.0</generator>
08-05 23:28:25.282 17123 18503 D CustomInterceptor: 		<link>https://www.joerogan.com</link>
08-05 23:28:25.282 17123 18503 D CustomInterceptor: 		<language>en</language>
08-05 23:28:25.282 17123 18503 D CustomInterceptor: 		<copyright><![CDATA[Copyright  Talking Monkey Productions ]]></copyright>
08-05 23:28:25.282 17123 18503 D CustomInterceptor: 		<docs>https://www.joerogan.com</docs>
08-05 23:28:25.282 17123 18503 D CustomInterceptor: 		<managingEditor>joe@joerogan.net (joe@joerogan.net)</managingEditor>
08-05 23:28:25.282 17123 18503 D CustomInterceptor: 		<itunes:summary><![CDATA[The podcast of Comedian Joe Rogan..]]></itunes:summary>
08-05 23:28:25.282 17123 18503 D CustomInterceptor: 		<image>
08-05 23:28:25.282 17123 18503 D CustomInterceptor: 			<url>http://static.libsyn.com/p/assets/7/1/f/3/71f3014e14ef2722/JREiTunesImage2.jpg</url>
08-05 23:28:25.282 17123 18503 D CustomInterceptor: 			<title>The Joe Rogan Experience</title>
08-05 23:28:25.282 17123 18503 D CustomInterceptor: 			<link><![CDATA[https://www.joerogan.com]]></link>
08-05 23:28:25.282 17123 18503 D CustomInterceptor: 		</image>
08-05 23:28:25.282 17123 18503 D CustomInterceptor: 		<itunes:author>Joe Rogan</itunes:author>
08-05 23:28:25.282 17123 18503 D CustomInterceptor: 		<itunes:keywords>comedian,joe,monkey,redban,rogan,talking,ufc</itunes:keywords>
08-05 23:28:25.282 17123 18503 D CustomInterceptor: 		<itunes:category text="Comedy"></itunes:category>
08-05 23:28:25.282 17123 18503 D CustomInterceptor: 		<itunes:category text="Society &amp; Culture"></itunes:category>
08-05 23:28:25.282 17123 18503 D CustomInterceptor: 		<itunes:category text="Technology">
08-05 23:28:25.282 17123 18503 D CustomInterceptor: 			<itunes:category text="Podcasting"/>
08-05 23:28:25.282 17123 18503 D CustomInterceptor: 		</itunes:category>
08-05 23:28:25.282 17123 18503 D CustomInterceptor: 		<itunes:image href="http://static.libsyn.com/p/assets/7/1/f/3/71f3014e14ef2722/JREiTunesImage2.jpg" />
08-05 23:28:25.282 17123 18503 D CustomInterceptor: 		<itunes:explicit>yes</itunes:explicit>
08-05 23:28:25.282 17123 18503 D CustomInterceptor: 		<itunes:owner>
08-05 23:28:25.282 17123 18503 D CustomInterceptor: 			<itunes:name><![CDATA[Joe Rogan]]></itunes:name>
08-05 23:28:25.282 17123 18503 D CustomInterceptor: 			<itunes:email>joe@joerogan.net</itunes:email>
08-05 23:28:25.282 17123 18503 D CustomInterceptor: 		</itunes:owner>
08-05 23:28:25.282 17123 18503 D CustomInterceptor: 		<description><![CDATA[The podcast of Comedian Joe Rogan..]]></description>
08-05 23:28:25.282 17123 18503 D CustomInterceptor: 		<itunes:subtitle><![CDATA[Joe Rogan's Weekly Podcast]]></itunes:subtitle>
08-05 23:28:25.282 17123 18503 D CustomInterceptor: 		<itunes:type>episodic</itunes:type>
08-05 23:28:25.282 17123 18503 D CustomInterceptor: 			<itunes:new-feed-url>http://joeroganexp.joerogan.libsynpro.com/rss</itunes:new-feed-url>
08-05 23:28:25.282 17123 18503 D CustomInterceptor: 		
08-05 23:28:25.282 17123 18503 D CustomInterceptor: 
08-05 23:28:25.282 17123 18503 D CustomInterceptor: 
08-05 23:28:25.282 17123 18503 D CustomInterceptor: 		<item>
08-05 23:28:25.282 17123 18503 D CustomInterceptor: 			<title>#1514 - Joe De Sena</title>
08-05 23:28:25.282 17123 18503 D CustomInterceptor: 			<pubDate>Fri, 24 Jul 2020 19:00:00 +0000</pubDate>
08-05 23:28:25.282 17123 18503 D CustomInterceptor: 			<guid isPermaLink="false"><![CDATA[a0870b6b-c887-4883-930c-a06d5e1a8f7e]]></guid>
08-05 23:28:25.282 17123 18503 D CustomInterceptor: 			<link><![CDATA[http://traffic.libsyn.com/joeroganexp/p1514.mp3]]></link>
08-05 23:28:25.282 17123 18503 D CustomInterceptor: 			<itunes:image href="http://static.libsyn.com/p/assets/2/7/8/6/278615fe73b1f0ca/JRE1514.jpg" />
08-05 23:28:25.282 17123 18503 D CustomInterceptor: 			<description><![CDATA[Joe De Sena is the CEO and founder of Spartan and the Death Race. He is also a NY Times best selling author of Spartan Up, Spartan Fit and The Spartan Way.]]></description>
08-05 23:28:25.282 17123 18503 D CustomInterceptor: 			<content:encoded><![CDATA[Joe De Sena is the CEO and founder of Spartan and the Death Race. He is also a NY Times best selling author of Spartan Up, Spartan Fit and The Spartan Way.]]></content:encoded>
08-05 23:28:25.282 17123 18503 D CustomInterceptor: 			<enclosure length="230461633" type="audio/mpeg" url="http://traffic.libsyn.com/joeroganexp/p1514.mp3?dest-id=19997" />
08-05 23:28:25.282 17123 18503 D CustomInterceptor: 			<itunes:duration>02:39:48</itunes:duration>
08-05 23:28:25.282 17123 18503 D CustomInterceptor: 			<itunes:explicit>no</itunes:explicit>
08-05 23:28:25.282 17123 18503 D CustomInterceptor: 			<itunes:keywords>podcast,joe,de,party,experience,freak,rogan,spartan,sena,deathsquad,jre,1514</itunes:keywords>
08-05 23:28:25.282 17123 18503 D CustomInterceptor: 			<itunes:subtitle><![CDATA[Joe De Sena is the CEO and founder of Spartan and the Death Race. He is also a NY Times best selling author of Spartan Up, Spartan Fit and The Spartan Way.]]></itunes:subtitle>
08-05 23:28:25.282 17123 18503 D CustomInterceptor: 			<itunes:episode>1514</itunes:episode>
08-05 23:28:25.282 17123 18503 D CustomInterceptor: 			<itunes:episodeType>full</itunes:episodeType>
08-05 23:28:25.282 17123 18503 D CustomInterceptor: 		</item>
08-05 23:28:25.282 17123 18503 D CustomInterceptor: 		<item>
08-05 23:28:25.282 17123 18503 D CustomInterceptor: 			<title>#1513 - Andrew Huberman</title>
08-05 23:28:25.282 17123 18503 D CustomInterceptor: 			<pubDate>Thu, 23 Jul 2020 19:00:00 +0000</pubDate>
08-05 23:28:25.282 17123 18503 D CustomInterceptor: 			<guid isPermaLink="false"><![CDATA[1123e3f7-2535-4d01-9dfc-470b7f9d5173]]></guid>
08-05 23:28:25.282 17123 18503 D CustomInterceptor: 			<link><![CDATA[http://traffic.libsyn.com/joeroganexp/p1513.mp3]]></link>
08-05 23:28:25.282 17123 18503 D CustomInterceptor: 			<itunes:image href="http://static.libsyn.com/p/assets/2/e/2/9/2e29936a079c8b11/JRE1513.jpg" />
08-05 23:28:25.282 17123 18503 D CustomInterceptor: 			<description><![CDATA[AndrewHubermanis a neuroscientist and tenured professor in the Department of Neurobiology at the Stanford University Schoo
08-05 23:28:25.283 17123 18503 D CustomInterceptor: interceptor_finished : return_type #2 : request served from cache
08-05 23:28:25.303 17123 17203 I art     : Starting a blocking GC Explicit
08-05 23:28:25.329 17123 17147 D Nappa   : registerActivity: (already in) nappatfpr.de.danoeh.antennapod.activity.OnlineFeedViewActivity
08-05 23:28:25.329 17123 17147 D Nappa   : PARENTS 
08-05 23:28:25.329 17123 17147 D Nappa   : Of: nappatfpr.de.danoeh.antennapod.activity.OnlineFeedViewActivity -> 
08-05 23:28:25.329 17123 17147 D Nappa   : PARENTS nappatfpr.de.danoeh.antennapod.activity.MainActivity
08-05 23:28:25.330 17123 17147 D Nappa   : PARENTS has extra: (arg.feedurl, http://joeroganexp.joerogan.libsynpro.com/rss)
08-05 23:28:25.330 17123 17147 D Nappa   : PARENTS value of key 'arg.feedurl' is contained into http://joeroganexp.joerogan.libsynpro.com/rss
08-05 23:28:25.330 17123 17147 D Nappa   : PARENTS PARAM: arg.feedurl
08-05 23:28:25.330 17123 17147 D Nappa   : PARENTS   NODE nappatfpr.de.danoeh.antennapod.activity.OnlineFeedViewActivity ALREADY CONTAINS THIS URL
08-05 23:28:25.330 17123 17147 D Nappa   : PARENTS has extra: (title, iTunes)
08-05 23:28:25.330 17123 17147 D Nappa   : PARENTS nappatfpr.de.danoeh.antennapod.activity.SplashActivity
08-05 23:28:25.331 17123 18503 D MYTAG   : interceptor 3a http://joeroganexp.joerogan.libsynpro.com/rss
08-05 23:28:25.331 17123 18503 I NAPPA_EXPERIMENTATION: MetricNetworkRequestExecutionTime: REQUEST_DURATION_SYSTEM='102',REQUEST_DURATION_OKHTTP='0',REQUEST_SYNCHRONOUS='TRUE',RESPONSE_CODE='200',RESPONSE_METHOD='GET',RESPONSE_LENGTH_OKHTTP='2239818',RESPONSE_LENGTH_HEADER='-2',REQUEST_PROTOCOL='http/1.1',REQUEST_URL='http://joeroganexp.joerogan.libsynpro.com/rss',
08-05 23:28:25.331 17123 18503 D HttpDownloader: Response code is 200
08-05 23:28:25.331 17123 18503 D UserPreferences: Using default data folder
08-05 23:28:25.333 17123 18503 D HttpDownloader: Getting size of download
08-05 23:28:25.333 17123 18503 D HttpDownloader: Size is 2239818
08-05 23:28:25.333 17123 18503 D UserPreferences: Using default data folder
08-05 23:28:25.333 17123 18503 D HttpDownloader: Free space is 20650921984
08-05 23:28:25.333 17123 18503 D HttpDownloader: Starting download
08-05 23:28:25.376 17123 17203 I art     : Explicit concurrent mark sweep GC freed 3397(2MB) AllocSpace objects, 5(14MB) LOS objects, 28% free, 39MB/55MB, paused 1.334ms total 71.880ms
08-05 23:28:25.378 17123 17132 E StrictMode: A resource was acquired at attached stack trace but never released. See java.io.Closeable for information on avoiding resource leaks.
08-05 23:28:25.378 17123 17132 E StrictMode: java.lang.Throwable: Explicit termination method 'close' not called
08-05 23:28:25.378 17123 17132 E StrictMode: 	at dalvik.system.CloseGuard.open(CloseGuard.java:180)
08-05 23:28:25.378 17123 17132 E StrictMode: 	at java.io.FileOutputStream.<init>(FileOutputStream.java:89)
08-05 23:28:25.378 17123 17132 E StrictMode: 	at okio.Okio.appendingSink(Okio.java:187)
08-05 23:28:25.378 17123 17132 E StrictMode: 	at okhttp3.internal.io.FileSystem$1.appendingSink(FileSystem.java:59)
08-05 23:28:25.378 17123 17132 E StrictMode: 	at okhttp3.internal.cache.DiskLruCache.newJournalWriter(DiskLruCache.java:312)
08-05 23:28:25.378 17123 17132 E StrictMode: 	at okhttp3.internal.cache.DiskLruCache.readJournal(DiskLruCache.java:306)
08-05 23:28:25.378 17123 17132 E StrictMode: 	at okhttp3.internal.cache.DiskLruCache.initialize(DiskLruCache.java:228)
08-05 23:28:25.378 17123 17132 E StrictMode: 	at okhttp3.internal.cache.DiskLruCache.get(DiskLruCache.java:430)
08-05 23:28:25.378 17123 17132 E StrictMode: 	at okhttp3.Cache.get(Cache.java:198)
08-05 23:28:25.378 17123 17132 E StrictMode: 	at okhttp3.Cache$1.get(Cache.java:145)
08-05 23:28:25.378 17123 17132 E StrictMode: 	at okhttp3.internal.cache.CacheInterceptor.intercept(CacheInterceptor.java:55)
08-05 23:28:25.378 17123 17132 E StrictMode: 	at okhttp3.internal.http.RealInterceptorChain.proceed(RealInterceptorChain.java:142)
08-05 23:28:25.378 17123 17132 E StrictMode: 	at okhttp3.internal.http.RealInterceptorChain.proceed(RealInterceptorChain.java:117)
08-05 23:28:25.378 17123 17132 E StrictMode: 	at okhttp3.internal.http.BridgeInterceptor.intercept(BridgeInterceptor.java:93)
08-05 23:28:25.378 17123 17132 E StrictMode: 	at okhttp3.internal.http.RealInterceptorChain.proceed(RealInterceptorChain.java:142)
08-05 23:28:25.378 17123 17132 E StrictMode: 	at okhttp3.internal.http.RetryAndFollowUpInterceptor.intercept(RetryAndFollowUpInterceptor.java:88)
08-05 23:28:25.378 17123 17132 E StrictMode: 	at okhttp3.internal.http.RealInterceptorChain.proceed(RealInterceptorChain.java:142)
08-05 23:28:25.378 17123 17132 E StrictMode: 	at okhttp3.internal.http.RealInterceptorChain.proceed(RealInterceptorChain.java:117)
08-05 23:28:25.378 17123 17132 E StrictMode: 	at nl.vu.cs.s2group.nappa.Nappa$CustomInterceptor.intercept(Nappa.java:875)
08-05 23:28:25.378 17123 17132 E StrictMode: 	at okhttp3.internal.http.RealInterceptorChain.proceed(RealInterceptorChain.java:142)
08-05 23:28:25.378 17123 17132 E StrictMode: 	at okhttp3.internal.http.RealInterceptorChain.proceed(RealInterceptorChain.java:117)
08-05 23:28:25.378 17123 17132 E StrictMode: 	at nappatfpr.de.danoeh.antennapod.core.service.download.HttpDownloader$BasicAuthorizationInterceptor.intercept(HttpDownloader.java:336)
08-05 23:28:25.378 17123 17132 E StrictMode: 	at okhttp3.internal.http.RealInterceptorChain.proceed(RealInterceptorChain.java:142)
08-05 23:28:25.378 17123 17132 E StrictMode: 	at okhttp3.internal.http.RealInterceptorChain.proceed(RealInterceptorChain.java:117)
08-05 23:28:25.378 17123 17132 E StrictMode: 	at okhttp3.RealCall.getResponseWithInterceptorChain(RealCall.java:229)
08-05 23:28:25.378 17123 17132 E StrictMode: 	at okhttp3.RealCall.execute(RealCall.java:81)
08-05 23:28:25.378 17123 17132 E StrictMode: 	at nappatfpr.de.danoeh.antennapod.core.service.download.HttpDownloader.download(HttpDownloader.java:105)
08-05 23:28:25.378 17123 17132 E StrictMode: 	at nappatfpr.de.danoeh.antennapod.core.service.download.Downloader.call(Downloader.java:46)
08-05 23:28:25.378 17123 17132 E StrictMode: 	at nappatfpr.de.danoeh.antennapod.activity.OnlineFeedViewActivity.lambda$startFeedDownload$1$OnlineFeedViewActivity(OnlineFeedViewActivity.java:285)
08-05 23:28:25.378 17123 17132 E StrictMode: 	at nappatfpr.de.danoeh.antennapod.activity.-$$Lambda$OnlineFeedViewActivity$prEa24i5Sons6FphjkvkM1FZnYs.call(lambda)
08-05 23:28:25.378 17123 17132 E StrictMode: 	at io.reactivex.internal.operators.observable.ObservableFromCallable.subscribeActual(ObservableFromCallable.java:43)
08-05 23:28:25.378 17123 17132 E StrictMode: 	at io.reactivex.Observable.subscribe(Observable.java:12090)
08-05 23:28:25.378 17123 17132 E StrictMode: 	at io.reactivex.internal.operators.observable.ObservableSubscribeOn$SubscribeTask.run(ObservableSubscribeOn.java:96)
08-05 23:28:25.378 17123 17132 E StrictMode: 	at io.reactivex.Scheduler$DisposeTask.run(Scheduler.java:578)
08-05 23:28:25.378 17123 17132 E StrictMode: 	at io.reactivex.internal.schedulers.ScheduledRunnable.run(ScheduledRunnable.java:66)
08-05 23:28:25.378 17123 17132 E StrictMode: 	at io.reactivex.internal.schedulers.ScheduledRunnable.call(ScheduledRunnable.java:57)
08-05 23:28:25.378 17123 17132 E StrictMode: 	at java.util.concurrent.FutureTask.run(FutureTask.java:237)
08-05 23:28:25.378 17123 17132 E StrictMode: 	at java.util.concurrent.ScheduledThreadPoolExecutor$ScheduledFutureTask.run(ScheduledThreadPoolExecutor.java:269)
08-05 23:28:25.378 17123 17132 E StrictMode: 	at java.util.concurrent.ThreadPoolExecutor.runWorker(ThreadPoolExecutor.java:1113)
08-05 23:28:25.378 17123 17132 E StrictMode: 	at java.util.concurrent.ThreadPoolExecutor$Worker.run(ThreadPoolExecutor.java:588)
08-05 23:28:25.378 17123 17132 E StrictMode: 	at java.lang.Thread.run(Thread.java:818)
08-05 23:28:25.382 17123 18503 D HttpDownloader: Download was successful
08-05 23:28:25.383   918  5952 D WifiService: releaseWifiLockLocked: WifiLock{Downloader type=1 binder=android.os.BinderProxy@7e425ff}
08-05 23:28:25.384 17123 18501 D downloadCompletionThd: Received 'Download Complete' - message.
08-05 23:28:25.384 17123 18501 D DownloadService: Handling completed Feed Download
08-05 23:28:25.384 17123 17123 D DownloadService: Removing downloader: http://joeroganexp.joerogan.libsynpro.com/rss
08-05 23:28:25.384 17123 17123 D DownloadService: Result of downloads.remove: true
08-05 23:28:25.388 17123 18506 D TypeGetter: Recognized type RSS 2.0
08-05 23:28:25.390 17123 17203 I art     : Starting a blocking GC Explicit
08-05 23:28:25.391 17123 18506 D SyndHandler: Recognized Atom namespace
08-05 23:28:25.391 17123 18506 D SyndHandler: Recognized ITunes namespace
08-05 23:28:25.391 17123 18506 D SyndHandler: Recognized media namespace
08-05 23:28:25.391 17123 18506 D SyndHandler: Recognized Content namespace
08-05 23:28:25.436 17123 17203 I art     : Explicit concurrent mark sweep GC freed 2783(1339KB) AllocSpace objects, 4(2MB) LOS objects, 30% free, 36MB/52MB, paused 1.613ms total 46.083ms
08-05 23:28:25.450 17123 17203 I art     : Starting a blocking GC Explicit
08-05 23:28:25.497 17123 17203 I art     : Explicit concurrent mark sweep GC freed 3237(167KB) AllocSpace objects, 0(0B) LOS objects, 30% free, 36MB/52MB, paused 1.519ms total 45.859ms
08-05 23:28:25.511 17123 17203 I art     : Starting a blocking GC Explicit
08-05 23:28:25.556 17123 17203 I art     : Explicit concurrent mark sweep GC freed 3562(182KB) AllocSpace objects, 0(0B) LOS objects, 30% free, 36MB/52MB, paused 1.646ms total 45.297ms
08-05 23:28:25.570 17123 17203 I art     : Starting a blocking GC Explicit
08-05 23:28:25.617 17123 17203 I art     : Explicit concurrent mark sweep GC freed 3489(179KB) AllocSpace objects, 0(0B) LOS objects, 30% free, 36MB/52MB, paused 1.626ms total 46.288ms
08-05 23:28:25.779   512  2967 D audio_hw_primary: disable_audio_route: reset and update mixer path: low-latency-playback speaker
08-05 23:28:25.780   512  2967 D audio_hw_primary: disable_snd_device: snd_device(2: speaker)
08-05 23:28:25.789   512  2967 I soundtrigger: audio_extn_sound_trigger_update_device_status: device 0x2 of type 0 for Event 0
08-05 23:28:25.918 17123 17138 I art     : Starting a blocking GC Explicit
08-05 23:28:25.948 24365 12204 I NetworkScheduler.Stats: Task com.google.android.gms/com.google.android.gms.icing.service.IcingGcmTaskService started execution. cause:4 exec_start_elapsed_seconds: 1816709 [CONTEXT service_id=218 ]
08-05 23:28:25.969 24365 20837 I NetworkScheduler.Stats: Task com.google.android.gms/com.google.android.gms.icing.service.IcingGcmTaskService finished executing. cause:4 result: 1 elapsed_millis: 50 uptime_millis: 50 exec_start_elapsed_seconds: 1816709 [CONTEXT service_id=218 ]
08-05 23:28:25.972 17123 17138 I art     : Explicit concurrent mark sweep GC freed 20643(1106KB) AllocSpace objects, 1(20KB) LOS objects, 29% free, 37MB/53MB, paused 1.605ms total 53.508ms
08-05 23:28:25.987 17123 17138 I art     : Starting a blocking GC Explicit
08-05 23:28:26.013 24365 12204 I NetworkScheduler.Stats: Task com.google.android.gms/com.google.android.gms.ipa.base.IpaGcmTaskService started execution. cause:5 exec_start_elapsed_seconds: 1816709 [CONTEXT service_id=218 ]
08-05 23:28:26.032 24577 18518 I GmscoreIpa: Starting mediastore batch index
08-05 23:28:26.032 17123 17138 I art     : Explicit concurrent mark sweep GC freed 8509(410KB) AllocSpace objects, 0(0B) LOS objects, 30% free, 37MB/53MB, paused 1.643ms total 45.134ms
08-05 23:28:26.044 24365 20837 I NetworkScheduler.Stats: Task com.google.android.gms/com.google.android.gms.ipa.base.IpaGcmTaskService finished executing. cause:5 result: 1 elapsed_millis: 52 uptime_millis: 52 exec_start_elapsed_seconds: 1816709 [CONTEXT service_id=218 ]
08-05 23:28:26.047 17123 17138 I art     : Starting a blocking GC Explicit
08-05 23:28:26.061 24577 31546 I MdiSyncModule: Dispatching task '2_PERIODIC'...
08-05 23:28:26.086 24577 31546 I MdiSyncModule: Running singleton-scoped task '2 PERIODIC (2_PERIODIC)'...
08-05 23:28:26.092 17123 17138 I art     : Explicit concurrent mark sweep GC freed 3943(199KB) AllocSpace objects, 0(0B) LOS objects, 30% free, 37MB/53MB, paused 1.487ms total 44.291ms
08-05 23:28:26.106 17123 17138 I art     : Starting a blocking GC Explicit
08-05 23:28:26.127   918  3670 I AccountManagerService: getTypesVisibleToCaller: isPermitted? true
08-05 23:28:26.137 24365 20837 I NetworkScheduler.Stats: Task com.google.android.gms/com.google.android.gms.mdisync.service.MdiSyncBackgroundTaskService started execution. cause:5 exec_start_elapsed_seconds: 1816709 [CONTEXT service_id=218 ]
08-05 23:28:26.150 17123 17138 I art     : Explicit concurrent mark sweep GC freed 3733(194KB) AllocSpace objects, 0(0B) LOS objects, 29% free, 37MB/53MB, paused 1.476ms total 44.008ms
08-05 23:28:26.156 24577  2474 I GmscoreIpa: Bulk mediastore status = true
08-05 23:28:26.165 17123 17138 I art     : Starting a blocking GC Explicit
08-05 23:28:26.209 17123 17138 I art     : Explicit concurrent mark sweep GC freed 3687(186KB) AllocSpace objects, 0(0B) LOS objects, 29% free, 37MB/53MB, paused 1.529ms total 44.245ms
08-05 23:28:26.229 24577 17102 I GmscoreIpa: Batch indexing status=true
08-05 23:28:26.233   918  6029 I AccountManagerService: getTypesVisibleToCaller: isPermitted? true
08-05 23:28:26.234   918   929 I AccountManagerService: getTypesVisibleToCaller: isPermitted? true
08-05 23:28:26.256 24577 31546 I MdiSyncModule: Singleton-scoped task '2 PERIODIC (2_PERIODIC)' finished with result '0'!
08-05 23:28:26.257   918  5952 I AccountManagerService: getTypesVisibleToCaller: isPermitted? true
08-05 23:28:26.258 24577 31546 I MdiSyncModule: Task '2 PERIODIC (2_PERIODIC)' finished with result '0'!
08-05 23:28:26.261 24365 12204 I NetworkScheduler.Stats: Task com.google.android.gms/com.google.android.gms.mdisync.service.MdiSyncBackgroundTaskService finished executing. cause:5 result: 1 elapsed_millis: 240 uptime_millis: 241 exec_start_elapsed_seconds: 1816709 [CONTEXT service_id=218 ]
08-05 23:28:26.506 17123 17203 I art     : Starting a blocking GC Explicit
08-05 23:28:26.572 17123 17203 I art     : Explicit concurrent mark sweep GC freed 20709(1093KB) AllocSpace objects, 1(20KB) LOS objects, 29% free, 37MB/53MB, paused 1.993ms total 65.500ms
08-05 23:28:26.589 17123 17203 I art     : Starting a blocking GC Explicit
08-05 23:28:26.640 17123 17203 I art     : Explicit concurrent mark sweep GC freed 8995(439KB) AllocSpace objects, 0(0B) LOS objects, 29% free, 37MB/53MB, paused 1.760ms total 51.344ms
08-05 23:28:26.656 17123 17203 I art     : Starting a blocking GC Explicit
08-05 23:28:26.709 17123 17203 I art     : Explicit concurrent mark sweep GC freed 4088(211KB) AllocSpace objects, 0(0B) LOS objects, 29% free, 37MB/53MB, paused 1.868ms total 52.346ms
08-05 23:28:26.723 17123 17123 D OnlineFeedViewActivity: onEventMainThread() called with: event = [DownloadEvent{update=DownloaderUpdate{downloaders=[], feedIds=[], mediaIds=[]}}]
08-05 23:28:26.724 17123 17203 I art     : Starting a blocking GC Explicit
08-05 23:28:26.779 17123 17203 I art     : Explicit concurrent mark sweep GC freed 3949(218KB) AllocSpace objects, 0(0B) LOS objects, 29% free, 37MB/53MB, paused 1.815ms total 54.389ms
08-05 23:28:26.795 17123 17203 I art     : Starting a blocking GC Explicit
08-05 23:28:26.852 17123 17203 I art     : Explicit concurrent mark sweep GC freed 4184(217KB) AllocSpace objects, 0(0B) LOS objects, 29% free, 38MB/54MB, paused 1.969ms total 57.035ms
08-05 23:28:27.190 17123 17475 I art     : Starting a blocking GC Explicit
08-05 23:28:27.265 17123 17475 I art     : Explicit concurrent mark sweep GC freed 22968(1250KB) AllocSpace objects, 1(20KB) LOS objects, 29% free, 38MB/54MB, paused 1.784ms total 74.175ms
08-05 23:28:27.265 17123 17136 I art     : WaitForGcToComplete blocked for 39.250ms for cause HeapTrim
08-05 23:28:27.283 17123 17475 I art     : Starting a blocking GC Explicit
08-05 23:28:27.343 17123 17475 I art     : Explicit concurrent mark sweep GC freed 6052(308KB) AllocSpace objects, 0(0B) LOS objects, 29% free, 38MB/54MB, paused 2.056ms total 60.196ms
08-05 23:28:27.359 17123 17475 I art     : Starting a blocking GC Explicit
08-05 23:28:27.413 17123 17475 I art     : Explicit concurrent mark sweep GC freed 8379(410KB) AllocSpace objects, 0(0B) LOS objects, 29% free, 38MB/54MB, paused 1.805ms total 53.808ms
08-05 23:28:27.430 17123 17475 I art     : Starting a blocking GC Explicit
08-05 23:28:27.488 17123 17475 I art     : Explicit concurrent mark sweep GC freed 4283(239KB) AllocSpace objects, 0(0B) LOS objects, 29% free, 38MB/54MB, paused 1.864ms total 57.566ms
08-05 23:28:27.505 17123 17475 I art     : Starting a blocking GC Explicit
08-05 23:28:27.563 17123 17475 I art     : Explicit concurrent mark sweep GC freed 4264(232KB) AllocSpace objects, 0(0B) LOS objects, 29% free, 38MB/54MB, paused 1.831ms total 57.544ms
08-05 23:28:27.896 17123 17138 I art     : Starting a blocking GC Explicit
08-05 23:28:27.969 17123 17138 I art     : Explicit concurrent mark sweep GC freed 22592(1204KB) AllocSpace objects, 1(20KB) LOS objects, 28% free, 39MB/55MB, paused 1.848ms total 72.950ms
08-05 23:28:27.986 17123 17138 I art     : Starting a blocking GC Explicit
08-05 23:28:28.041 17123 17138 I art     : Explicit concurrent mark sweep GC freed 10251(514KB) AllocSpace objects, 0(0B) LOS objects, 28% free, 39MB/55MB, paused 2.092ms total 55.189ms
08-05 23:28:28.058 17123 17138 I art     : Starting a blocking GC Explicit
08-05 23:28:28.116 17123 17138 I art     : Explicit concurrent mark sweep GC freed 4378(262KB) AllocSpace objects, 0(0B) LOS objects, 28% free, 39MB/55MB, paused 1.716ms total 57.859ms
08-05 23:28:28.132 17123 17138 I art     : Starting a blocking GC Explicit
08-05 23:28:28.190 17123 17138 I art     : Explicit concurrent mark sweep GC freed 4408(187KB) AllocSpace objects, 0(0B) LOS objects, 28% free, 39MB/55MB, paused 1.810ms total 56.869ms
08-05 23:28:28.207 17123 17138 I art     : Starting a blocking GC Explicit
08-05 23:28:28.226 17123 17123 D OnlineFeedViewActivity: onEventMainThread() called with: event = [DownloadEvent{update=DownloaderUpdate{downloaders=[], feedIds=[], mediaIds=[]}}]
08-05 23:28:28.267 17123 17138 I art     : Explicit concurrent mark sweep GC freed 4460(190KB) AllocSpace objects, 0(0B) LOS objects, 28% free, 39MB/55MB, paused 1.927ms total 59.981ms
08-05 23:28:28.597 17123 17203 I art     : Starting a blocking GC Explicit
08-05 23:28:28.666 17123 18506 D FeedSyncThread: The Joe Rogan Experience parsed
08-05 23:28:28.671 17123 17203 I art     : Explicit concurrent mark sweep GC freed 22967(1044KB) AllocSpace objects, 1(20KB) LOS objects, 28% free, 39MB/55MB, paused 2.049ms total 73.926ms
08-05 23:28:28.675 17123 18506 D FeedSyncThread: Deletion of file '/storage/emulated/0/Android/data/nappatfpr.de.danoeh.antennapod.debug/files/cache/feed-The Joe Rogan Experience' successful
08-05 23:28:28.675 17123 18506 D DBReader: getFeedDownloadLog() called with: feed = [nappatfpr.de.danoeh.antennapod.core.feed.Feed@0]
08-05 23:28:28.676 17123 18502 D FeedSyncThread: Bundling 1 feeds
08-05 23:28:28.679 17123 18562 D DBReader: Extracting Feedlist
08-05 23:28:28.682 17123 18562 D DBTasks : Found no existing Feed with title The Joe Rogan Experience. Adding as new one.
08-05 23:28:28.690 17123 17203 I art     : Starting a blocking GC Explicit
08-05 23:28:28.693 17123 18222 D PodDBAdapter: Setting feed with flattr status The Joe Rogan Experience: 0
08-05 23:28:28.693 17123 18222 D nappatfpr.de.danoeh.antennapod.core.storage.PodDBAdapter@73a5737: Inserting new Feed into db
08-05 23:28:28.750 17123 17203 I art     : Explicit concurrent mark sweep GC freed 16058(861KB) AllocSpace objects, 0(0B) LOS objects, 28% free, 39MB/55MB, paused 3.078ms total 59.637ms
08-05 23:28:28.767 17123 17203 I art     : Starting a blocking GC Explicit
08-05 23:28:28.830 17123 17203 I art     : Explicit concurrent mark sweep GC freed 21052(1547KB) AllocSpace objects, 0(0B) LOS objects, 28% free, 39MB/55MB, paused 1.582ms total 62.062ms
08-05 23:28:28.847 17123 17203 I art     : Starting a blocking GC Explicit
08-05 23:28:28.910 17123 17203 I art     : Explicit concurrent mark sweep GC freed 22578(1683KB) AllocSpace objects, 0(0B) LOS objects, 28% free, 39MB/55MB, paused 1.709ms total 63.048ms
08-05 23:28:28.928 17123 17203 I art     : Starting a blocking GC Explicit
08-05 23:28:28.991 17123 17203 I art     : Explicit concurrent mark sweep GC freed 22416(1678KB) AllocSpace objects, 0(0B) LOS objects, 28% free, 39MB/55MB, paused 1.762ms total 62.543ms
08-05 23:28:29.234 17123 17123 D EventDistributor: Processing event queue. Number of events: 1
08-05 23:28:29.234 17123 17123 D EventDistributor: Notifying observers. Data: 1
08-05 23:28:29.235 17123 17123 D DownloadService: 0 downloads left
08-05 23:28:29.235 17123 17123 D DownloadService: Number of downloads is 0, attempting shutdown
08-05 23:28:29.235 17123 17689 D DBReader: Extracting Feedlist
08-05 23:28:29.236 17123 17123 D DownloadService: Service shutting down
08-05 23:28:29.236 17123 17123 D DownloadService: No report is created
08-05 23:28:29.236 17123 17123 D OnlineFeedViewActivity: onEventMainThread() called with: event = [DownloadEvent{update=DownloaderUpdate{downloaders=[], feedIds=[], mediaIds=[]}}]
08-05 23:28:29.238 17123 17123 D DownloadService: NotificationUpdater cancelled. Result: false
08-05 23:28:29.238 17123 18501 E downloadCompletionThd: DownloadCompletionThread was interrupted
08-05 23:28:29.239 17123 17123 D DBTasks : autodownloadUndownloadedItems
08-05 23:28:29.239 17123 18224 D NetworkUtils: Device is connected to Wi-Fi
08-05 23:28:29.239 17123 18224 D NetworkUtils: Auto-dl filter is disabled
08-05 23:28:29.311 17123 17203 I art     : Starting a blocking GC Explicit
08-05 23:28:29.371 17123 17203 I art     : Explicit concurrent mark sweep GC freed 80545(6MB) AllocSpace objects, 2(40KB) LOS objects, 30% free, 36MB/52MB, paused 1.290ms total 60.141ms
08-05 23:28:29.385 17123 17203 I art     : Starting a blocking GC Explicit
08-05 23:28:29.432 17123 17203 I art     : Explicit concurrent mark sweep GC freed 111(4KB) AllocSpace objects, 0(0B) LOS objects, 30% free, 36MB/52MB, paused 1.232ms total 45.876ms
08-05 23:28:29.446 17123 17203 I art     : Starting a blocking GC Explicit
08-05 23:28:29.493 17123 17203 I art     : Explicit concurrent mark sweep GC freed 3(96B) AllocSpace objects, 0(0B) LOS objects, 30% free, 36MB/52MB, paused 1.280ms total 45.976ms
08-05 23:28:29.507 17123 17203 I art     : Starting a blocking GC Explicit
08-05 23:28:29.554 17123 17203 I art     : Explicit concurrent mark sweep GC freed 3(96B) AllocSpace objects, 0(0B) LOS objects, 30% free, 36MB/52MB, paused 1.372ms total 46.938ms
08-05 23:28:29.570 17123 17203 I art     : Starting a blocking GC Explicit
08-05 23:28:29.622 17123 17203 I art     : Explicit concurrent mark sweep GC freed 3(96B) AllocSpace objects, 0(0B) LOS objects, 30% free, 36MB/52MB, paused 1.265ms total 51.862ms
08-05 23:28:29.967 17123 17475 I art     : Starting a blocking GC Explicit
08-05 23:28:29.973 18573 18573 D AndroidRuntime: >>>>>> START com.android.internal.os.RuntimeInit uid 2000 <<<<<<
08-05 23:28:29.980 18573 18573 D AndroidRuntime: CheckJNI is OFF
08-05 23:28:30.018 17123 17475 I art     : Explicit concurrent mark sweep GC freed 1640(97KB) AllocSpace objects, 1(20KB) LOS objects, 30% free, 36MB/52MB, paused 1.457ms total 50.978ms
08-05 23:28:30.026 18573 18573 D ICU     : No timezone override file found: /data/misc/zoneinfo/current/icu/icu_tzdata.dat
08-05 23:28:30.034 17123 17475 I art     : Starting a blocking GC Explicit
08-05 23:28:30.070 18573 18573 I Radio-JNI: register_android_hardware_Radio DONE
08-05 23:28:30.084 17123 17475 I art     : Explicit concurrent mark sweep GC freed 35(1136B) AllocSpace objects, 0(0B) LOS objects, 30% free, 36MB/52MB, paused 1.371ms total 50.276ms
08-05 23:28:30.100 17123 17475 I art     : Starting a blocking GC Explicit
08-05 23:28:30.100 18573 18573 D AndroidRuntime: Calling main entry com.android.commands.input.Input
08-05 23:28:30.102 18573 18573 I Input   : injectKeyEvent: KeyEvent { action=ACTION_DOWN, keyCode=KEYCODE_BACK, scanCode=0, metaState=0, flags=0x0, repeatCount=0, eventTime=833326515, downTime=833326515, deviceId=-1, source=0x101 }
08-05 23:28:30.108 18573 18573 I Input   : injectKeyEvent: KeyEvent { action=ACTION_UP, keyCode=KEYCODE_BACK, scanCode=0, metaState=0, flags=0x0, repeatCount=0, eventTime=833326515, downTime=833326515, deviceId=-1, source=0x101 }
08-05 23:28:30.115 18573 18573 D AndroidRuntime: Shutting down VM
08-05 23:28:30.115 17123 17123 D NappaLifecycleObserver: nappatfpr.de.danoeh.antennapod.activity.OnlineFeedViewActivity - onPause
08-05 23:28:30.116 17123 17123 D Nappa   : Stayed on nappatfpr.de.danoeh.antennapod.activity.OnlineFeedViewActivity for 9369 ms
08-05 23:28:30.122 17123 17123 V PlaybackController: initServiceNotRunning()
08-05 23:28:30.122 17123 17123 D ExternalPlayerFragment: Loading media info
08-05 23:28:30.127 17123 17123 D UserPreferences: Using default data folder
08-05 23:28:30.128 17123 17689 D DBReader: getNavDrawerData() called with: 
08-05 23:28:30.128 17123 17123 D NappaLifecycleObserver: nappatfpr.de.danoeh.antennapod.activity.MainActivity - onResume
08-05 23:28:30.128 17123 17123 D Nappa   : setCurrentActivity - MetricStrategyAccuracy - 
08-05 23:28:30.128 17123 17123 D Nappa   : madePredictionFromActivity = true, 
08-05 23:28:30.128 17123 17123 D Nappa   : fromActivity = nappatfpr.de.danoeh.antennapod.activity.OnlineFeedViewActivity, 
08-05 23:28:30.128 17123 17123 D Nappa   : predictedNextActivityFromActivity = [], 
08-05 23:28:30.128 17123 17123 D Nappa   : activity.getClass().getCanonicalName() = nappatfpr.de.danoeh.antennapod.activity.MainActivity, 
08-05 23:28:30.128 17123 17123 D Nappa   : setCurrentActivity - MetricStrategyAccuracy - 
08-05 23:28:30.128 17123 17123 D Nappa   : madePredictionFromExtra = false, 
08-05 23:28:30.128 17123 17123 D Nappa   : fromActivity = nappatfpr.de.danoeh.antennapod.activity.OnlineFeedViewActivity, 
08-05 23:28:30.128 17123 17123 D Nappa   : predictedNextActivityFromExtra = [], 
08-05 23:28:30.128 17123 17123 D Nappa   : activity.getClass().getCanonicalName() = nappatfpr.de.danoeh.antennapod.activity.MainActivity, 
08-05 23:28:30.128 17123 17123 D Nappa   : PREFETCH_ON_EXTRA - setCurrentActivity - logs - from activity - made prediction istrue
08-05 23:28:30.128 17123 17123 D Nappa   : PREFETCH_ON_EXTRA - setCurrentActivity - logs - from activity - start
08-05 23:28:30.128 17123 17123 I NAPPA_EXPERIMENTATION: MetricStrategyAccuracy: LOG_ID='6',EXECUTION_COUNT='6',CASES_COUNT='6',HIT_PERCENTAGE_TOTAL='33.333333333333336',HIT_PERCENTAGE_WHEN_PREDICTED='66.66666666666667',HIT_COUNT='2',MISS_COUNT='1',INSUFFICIENT_SCORE_COUNT='0',EXCEPTION_COUNT='0',NO_SUCCESSOR_COUNT='3',
08-05 23:28:30.128 17123 17123 D Nappa   : PREFETCH_ON_EXTRA - setCurrentActivity - logs - from activity- finished
08-05 23:28:30.141 17123 17689 D DBReader: getDownloadedItems() called
08-05 23:28:30.143 17123 17689 D DBReader: getFavoriteIDList() called
08-05 23:28:30.144 17123 17689 D DBReader: getQueueIDList() called
08-05 23:28:30.144 17123 17689 D DBReader: Extracting Feedlist
08-05 23:28:30.148 17123 17475 I art     : Explicit concurrent mark sweep GC freed 668(58KB) AllocSpace objects, 0(0B) LOS objects, 30% free, 36MB/52MB, paused 1.741ms total 47.106ms
08-05 23:28:30.163 17123 17475 I art     : Starting a blocking GC Explicit
08-05 23:28:30.210 17123 17475 I art     : Explicit concurrent mark sweep GC freed 322(24KB) AllocSpace objects, 0(0B) LOS objects, 30% free, 36MB/52MB, paused 1.405ms total 46.829ms
08-05 23:28:30.225 17123 17475 I art     : Starting a blocking GC Explicit
08-05 23:28:30.229 17123 17123 D Nappa   : registerActivity: (already in) nappatfpr.de.danoeh.antennapod.activity.MainActivity
08-05 23:28:30.229 17123 17123 D ActivityGraph: LARDataCalculatedUpdate nappatfpr.de.danoeh.antennapod.activity.MainActivity Pagerank: 0.25 HITS-Authority: 1.0 HITS-Hub: 1.0 SALSA-Authority: 1.0 SALSA-Hub: 1.0
08-05 23:28:30.229 17123 17123 D Nappa   : SHOULD_PREFETCH false
08-05 23:28:30.229 17123 17123 D Nappa   : STATS Number of requests not prefetched: 4
08-05 23:28:30.229 17123 17123 D Nappa   : STATS Number of requests prefetched: 2
08-05 23:28:30.230 17123 17123 D Nappa   : STATS Time saved until now: 0.19
08-05 23:28:30.261 17123 17123 D MainActivity: getLastNavFragment() -> AddFeedFragment
08-05 23:28:30.261 17123 17123 D ActivityNode: Observer - successor visit time - MainActivity - Updating the visit time from the successors list:
08-05 23:28:30.261 17123 17123 D ActivityNode: [AggregateVisitTimeByActivity{nappatfpr.de.danoeh.antennapod.activity.PreferenceActivity : 10787 ms}, AggregateVisitTimeByActivity{nappatfpr.de.danoeh.antennapod.activity.OnlineFeedViewActivity : 67899 ms}, AggregateVisitTimeByActivity{nappatfpr.de.danoeh.antennapod.activity.FeedSettingsActivity : 4465 ms}, AggregateVisitTimeByActivity{nappatfpr.de.danoeh.antennapod.activity.FeedInfoActivity : 4647 ms}]
08-05 23:28:30.262 17123 17123 D ActivityNode: Observer - successor visit time - SplashActivity - Updating the visit time from the successors list:
08-05 23:28:30.262 17123 17123 D ActivityNode: [AggregateVisitTimeByActivity{nappatfpr.de.danoeh.antennapod.activity.MainActivity : 15804 ms}]
08-05 23:28:30.262 17123 17123 D ActivityNode: Observer - visit time - OnlineFeedViewActivity - New aggregate visit time found is 67899 ms
08-05 23:28:30.264 13866 13866 I GoogleInputMethodServic: GoogleInputMethodService.onFinishInput():3138 
08-05 23:28:30.264 13866 13866 I GoogleInputMethodServic: GoogleInputMethodService.onStartInput():1808 
08-05 23:28:30.268 17123 18072 D ApOkHttpUrlLoader: buildLoadData() called with: model = [http://static.libsyn.com/p/assets/7/1/f/3/71f3014e14ef2722/JREiTunesImage2.jpg], width = [140], height = [140]
08-05 23:28:30.275 17123 17475 I art     : Explicit concurrent mark sweep GC freed 888(60KB) AllocSpace objects, 0(0B) LOS objects, 30% free, 36MB/52MB, paused 1.932ms total 49.258ms
08-05 23:28:30.311 17123 18072 D ApOkHttpUrlLoader: buildLoadData() called with: model = [http://static.libsyn.com/p/assets/7/1/f/3/71f3014e14ef2722/JREiTunesImage2.jpg], width = [140], height = [140]
08-05 23:28:30.529 17123 17147 D Nappa   : PREFETCH_ON_EXTRA - setCurrentActivity - logs - from extra - made prediction isfalse
08-05 23:28:30.563   380   380 W SurfaceFlinger: couldn't log to binary event log: overflow.
08-05 23:28:30.564 17123 17123 D NappaLifecycleObserver: nappatfpr.de.danoeh.antennapod.activity.OnlineFeedViewActivity - onDestroy
08-05 23:28:30.565 17123 17123 D NappaLifecycleObserver: -------------F1_SCORE #13 -----------
08-05 23:28:30.565 17123 17123 D NappaLifecycleObserver: F1_SCORE - Intercept list (6)= [https://itunes.apple.com/en/rss/toppodcasts/limit=25/explicit=true/json, https://itunes.apple.com/us/rss/toppodcasts/limit=25/explicit=true/json, https://itunes.apple.com/lookup?id=1524080195, https://rss.art19.com/nice-white-parents, https://itunes.apple.com/lookup?id=360084272, http://joeroganexp.joerogan.libsynpro.com/rss]
08-05 23:28:30.565 17123 17123 D NappaLifecycleObserver: F1_SCORE - Prefetch list (2)= [https://rss.art19.com/nice-white-parents, http://joeroganexp.joerogan.libsynpro.com/rss]
08-05 23:28:30.565 17123 17123 D NappaLifecycleObserver: F1_SCORE - TP list (2)= [https://rss.art19.com/nice-white-parents, http://joeroganexp.joerogan.libsynpro.com/rss]
08-05 23:28:30.565 17123 17123 D NappaLifecycleObserver: F1_SCORE - FN list (4)= [https://itunes.apple.com/en/rss/toppodcasts/limit=25/explicit=true/json, https://itunes.apple.com/us/rss/toppodcasts/limit=25/explicit=true/json, https://itunes.apple.com/lookup?id=1524080195, https://itunes.apple.com/lookup?id=360084272]
08-05 23:28:30.566 17123 17123 I NAPPA_EXPERIMENTATION: MetricPrefetchingAccuracy: LOG_ID='14',F1_SCORE_1='0.5',F1_SCORE_2='0.5',TRUE_POSITIVE='2',FALSE_POSITIVE='0',FALSE_NEGATIVE='4',
08-05 23:28:30.590 17123 17138 I art     : Starting a blocking GC Explicit
08-05 23:28:30.637 17123 17138 I art     : Explicit concurrent mark sweep GC freed 3353(195KB) AllocSpace objects, 1(20KB) LOS objects, 30% free, 36MB/52MB, paused 1.274ms total 47.389ms
08-05 23:28:30.652 17123 17138 I art     : Starting a blocking GC Explicit
08-05 23:28:30.693 17123 17138 I art     : Explicit concurrent mark sweep GC freed 33584(3MB) AllocSpace objects, 2(248KB) LOS objects, 32% free, 33MB/49MB, paused 1.387ms total 41.450ms
08-05 23:28:30.705 17123 17138 I art     : Starting a blocking GC Explicit
08-05 23:28:30.741 17123 17138 I art     : Explicit concurrent mark sweep GC freed 3(96B) AllocSpace objects, 0(0B) LOS objects, 32% free, 33MB/49MB, paused 1.288ms total 35.293ms
08-05 23:28:30.753 17123 17138 I art     : Starting a blocking GC Explicit
08-05 23:28:30.790 17123 17138 I art     : Explicit concurrent mark sweep GC freed 3(96B) AllocSpace objects, 0(0B) LOS objects, 32% free, 33MB/49MB, paused 1.321ms total 37.063ms
08-05 23:28:30.802 17123 17138 I art     : Starting a blocking GC Explicit
08-05 23:28:30.839 17123 17138 I art     : Explicit concurrent mark sweep GC freed 3(96B) AllocSpace objects, 0(0B) LOS objects, 32% free, 33MB/49MB, paused 1.296ms total 36.756ms
08-05 23:28:31.170 17123 17203 I art     : Starting a blocking GC Explicit
08-05 23:28:31.215 17123 17203 I art     : Explicit concurrent mark sweep GC freed 1598(96KB) AllocSpace objects, 1(20KB) LOS objects, 32% free, 33MB/49MB, paused 1.388ms total 44.946ms
08-05 23:28:31.229 17123 17203 I art     : Starting a blocking GC Explicit
08-05 23:28:31.267 17123 17203 I art     : Explicit concurrent mark sweep GC freed 35(1136B) AllocSpace objects, 0(0B) LOS objects, 32% free, 33MB/49MB, paused 1.285ms total 37.355ms
08-05 23:28:31.279 17123 17203 I art     : Starting a blocking GC Explicit
08-05 23:28:31.316 17123 17203 I art     : Explicit concurrent mark sweep GC freed 3(96B) AllocSpace objects, 0(0B) LOS objects, 32% free, 33MB/49MB, paused 1.284ms total 36.466ms
08-05 23:28:31.328 17123 17203 I art     : Starting a blocking GC Explicit
08-05 23:28:31.363 17123 17203 I art     : Explicit concurrent mark sweep GC freed 3(96B) AllocSpace objects, 0(0B) LOS objects, 32% free, 33MB/49MB, paused 1.279ms total 35.192ms
08-05 23:28:31.376 17123 17203 I art     : Starting a blocking GC Explicit
08-05 23:28:31.410 17123 17203 I art     : Explicit concurrent mark sweep GC freed 3(96B) AllocSpace objects, 0(0B) LOS objects, 32% free, 33MB/49MB, paused 1.368ms total 33.910ms
08-05 23:28:31.720 17123 17475 I art     : Starting a blocking GC Explicit
08-05 23:28:31.764 17123 17475 I art     : Explicit concurrent mark sweep GC freed 1625(95KB) AllocSpace objects, 1(20KB) LOS objects, 32% free, 33MB/49MB, paused 1.448ms total 44.024ms
08-05 23:28:31.779 17123 17475 I art     : Starting a blocking GC Explicit
08-05 23:28:31.818 17123 17475 I art     : Explicit concurrent mark sweep GC freed 35(1136B) AllocSpace objects, 0(0B) LOS objects, 32% free, 33MB/49MB, paused 1.460ms total 38.069ms
08-05 23:28:31.830 17123 17475 I art     : Starting a blocking GC Explicit
08-05 23:28:31.872 17123 17475 I art     : Explicit concurrent mark sweep GC freed 6(192B) AllocSpace objects, 0(0B) LOS objects, 32% free, 33MB/49MB, paused 1.375ms total 41.203ms
08-05 23:28:31.885 17123 17475 I art     : Starting a blocking GC Explicit
08-05 23:28:31.902 18616 18616 D AndroidRuntime: >>>>>> START com.android.internal.os.RuntimeInit uid 2000 <<<<<<
08-05 23:28:31.908 18616 18616 D AndroidRuntime: CheckJNI is OFF
08-05 23:28:31.920 17123 17475 I art     : Explicit concurrent mark sweep GC freed 9(288B) AllocSpace objects, 0(0B) LOS objects, 32% free, 33MB/49MB, paused 1.223ms total 34.551ms
08-05 23:28:31.932 17123 17475 I art     : Starting a blocking GC Explicit
08-05 23:28:31.950 18616 18616 D ICU     : No timezone override file found: /data/misc/zoneinfo/current/icu/icu_tzdata.dat
08-05 23:28:31.966 17123 17475 I art     : Explicit concurrent mark sweep GC freed 7(224B) AllocSpace objects, 0(0B) LOS objects, 32% free, 33MB/49MB, paused 1.244ms total 33.768ms
08-05 23:28:31.992 18616 18616 I Radio-JNI: register_android_hardware_Radio DONE
08-05 23:28:32.020 18616 18616 D AndroidRuntime: Calling main entry com.android.commands.input.Input
08-05 23:28:32.022 18616 18616 I Input   : injectMotionEvent: MotionEvent { action=ACTION_DOWN, actionButton=0, id[0]=0, x[0]=639.0, y[0]=762.0, toolType[0]=TOOL_TYPE_UNKNOWN, buttonState=0, metaState=0, flags=0x0, edgeFlags=0x0, pointerCount=1, historySize=0, eventTime=833328435, downTime=833328435, deviceId=0, source=0x1002 }
08-05 23:28:32.030 18616 18616 I Input   : injectMotionEvent: MotionEvent { action=ACTION_UP, actionButton=0, id[0]=0, x[0]=639.0, y[0]=762.0, toolType[0]=TOOL_TYPE_UNKNOWN, buttonState=0, metaState=0, flags=0x0, edgeFlags=0x0, pointerCount=1, historySize=0, eventTime=833328435, downTime=833328435, deviceId=0, source=0x1002 }
08-05 23:28:32.032 18616 18616 D AndroidRuntime: Shutting down VM
08-05 23:28:32.102 17123 17181 D CustomInterceptor: NETWORK-PROVIDER https://itunes.apple.com/lookup?id=360084272
08-05 23:28:32.102 17123 17181 D Nappa   : F1_SCORE add_intercept_url - (already in) - https://itunes.apple.com/lookup?id=360084272
08-05 23:28:32.102 17123 17181 D Nappa   : F1_SCORE add_fn_url - (already in) - https://itunes.apple.com/lookup?id=360084272
08-05 23:28:32.102 17123 17181 D Nappa   : -------------F1_SCORE #14 -----------
08-05 23:28:32.102 17123 17181 D Nappa   : F1_SCORE - Intercept list (6)= [https://itunes.apple.com/en/rss/toppodcasts/limit=25/explicit=true/json, https://itunes.apple.com/us/rss/toppodcasts/limit=25/explicit=true/json, https://itunes.apple.com/lookup?id=1524080195, https://rss.art19.com/nice-white-parents, https://itunes.apple.com/lookup?id=360084272, http://joeroganexp.joerogan.libsynpro.com/rss]
08-05 23:28:32.103 17123 17181 D Nappa   : F1_SCORE - Prefetch list (2)= [https://rss.art19.com/nice-white-parents, http://joeroganexp.joerogan.libsynpro.com/rss]
08-05 23:28:32.103 17123 17181 D Nappa   : F1_SCORE - TP list (2)= [https://rss.art19.com/nice-white-parents, http://joeroganexp.joerogan.libsynpro.com/rss]
08-05 23:28:32.103 17123 17181 D Nappa   : F1_SCORE - FN list (4)= [https://itunes.apple.com/en/rss/toppodcasts/limit=25/explicit=true/json, https://itunes.apple.com/us/rss/toppodcasts/limit=25/explicit=true/json, https://itunes.apple.com/lookup?id=1524080195, https://itunes.apple.com/lookup?id=360084272]
08-05 23:28:32.103   512  2967 D audio_hw_primary: out_set_parameters: enter: usecase(1: low-latency-playback) kvpairs: routing=2
08-05 23:28:32.103 17123 17181 I NAPPA_EXPERIMENTATION: MetricPrefetchingAccuracy: LOG_ID='15',F1_SCORE_1='0.5',F1_SCORE_2='0.5',TRUE_POSITIVE='2',FALSE_POSITIVE='0',FALSE_NEGATIVE='4',
08-05 23:28:32.103 17123 17181 D CustomInterceptor: HEADER REQUEST
08-05 23:28:32.103 17123 17181 D CustomInterceptor: Cache-Control max-age=300, max-stale=300
08-05 23:28:32.103 17123 17181 D CustomInterceptor: User-Agent AntennaPod/1.7.2b
08-05 23:28:32.103 17123 17181 D CustomInterceptor: CACHED STATS: size = '5', maxSize = '100', hitCount = '9', createCount = '0', putCount = '7', evictionCount = '0', missCount = '8', toString = 'LruCache[maxSize=100,hits=9,misses=8,hitRate=52%]', 
08-05 23:28:32.103 17123 17181 D CustomInterceptor: PREFLIB GET REQUEST https://itunes.apple.com/lookup?id=360084272
08-05 23:28:32.103 17123 17181 D CustomInterceptor: PREFLIB found https://itunes.apple.com/lookup?id=360084272, sending it back
08-05 23:28:32.103 17123 17181 D CustomInterceptor: CONTENT 
08-05 23:28:32.103 17123 17181 D CustomInterceptor: 
08-05 23:28:32.103 17123 17181 D CustomInterceptor: 
08-05 23:28:32.103 17123 17181 D CustomInterceptor: {
08-05 23:28:32.103 17123 17181 D CustomInterceptor:  "resultCount":1,
08-05 23:28:32.103 17123 17181 D CustomInterceptor:  "results": [
08-05 23:28:32.103 17123 17181 D CustomInterceptor: {"wrapperType":"track", "kind":"podcast", "artistId":974891224, "collectionId":360084272, "trackId":360084272, "artistName":"Joe Rogan", "collectionName":"The Joe Rogan Experience", "trackName":"The Joe Rogan Experience", "collectionCensoredName":"The Joe Rogan Experience", "trackCensoredName":"The Joe Rogan Experience", "artistViewUrl":"https://podcasts.apple.com/us/artist/joe-rogan/974891224?uo=4", "collectionViewUrl":"https://podcasts.apple.com/us/podcast/the-joe-rogan-experience/id360084272?uo=4", "feedUrl":"http://joeroganexp.joerogan.libsynpro.com/rss", "trackViewUrl":"https://podcasts.apple.com/us/podcast/the-joe-rogan-experience/id360084272?uo=4", "artworkUrl30":"https://is4-ssl.mzstatic.com/image/thumb/Podcasts113/v4/e5/8a/10/e58a108f-f5d0-f622-c94a-13f66edd570c/mza_3025981348644196724.jpg/30x30bb.jpg", "artworkUrl60":"https://is4-ssl.mzstatic.com/image/thumb/Podcasts113/v4/e5/8a/10/e58a108f-f5d0-f622-c94a-13f66edd570c/mza_3025981348644196724.jpg/60x60bb.jpg", "artworkUrl100":"https://is4-ssl.mzstatic.com/image/thumb/Podcasts113/v4/e5/8a/10/e58a108f-f5d0-f622-c94a-13f66edd570c/mza_3025981348644196724.jpg/100x100bb.jpg", "collectionPrice":0.00, "trackPrice":0.00, "trackRentalPrice":0, "collectionHdPrice":0, "trackHdPrice":0, "trackHdRentalPrice":0, "releaseDate":"2020-07-24T19:00:00Z", "collectionExplicitness":"explicit", "trackExplicitness":"explicit", "trackCount":300, "country":"USA", "currency":"USD", "primaryGenreName":"Comedy", "contentAdvisoryRating":"Explicit", "artworkUrl600":"https://is4-ssl.mzstatic.com/image/thumb/Podcasts113/v4/e5/8a/10/e58a108f-f5d0-f622-c94a-13f66edd570c/mza_3025981348644196724.jpg/600x600bb.jpg", "genreIds":["1303", "26", "1324"], "genres":["Comedy", "Podcasts", "Society & Culture"]}]
08-05 23:28:32.103 17123 17181 D CustomInterceptor: }
08-05 23:28:32.103 17123 17181 D CustomInterceptor: 
08-05 23:28:32.103 17123 17181 D CustomInterceptor: 
08-05 23:28:32.104 17123 17181 D CustomInterceptor: interceptor_finished : return_type #2 : request served from cache
08-05 23:28:32.104 17123 17181 I NAPPA_EXPERIMENTATION: MetricNetworkRequestExecutionTime: REQUEST_DURATION_SYSTEM='2',REQUEST_DURATION_OKHTTP='0',REQUEST_SYNCHRONOUS='TRUE',RESPONSE_CODE='200',RESPONSE_METHOD='GET',RESPONSE_LENGTH_OKHTTP='1796',RESPONSE_LENGTH_HEADER='-2',REQUEST_PROTOCOL='http/1.1',REQUEST_URL='https://itunes.apple.com/lookup?id=360084272',
08-05 23:28:32.116   512  2967 D audio_hw_primary: select_devices: out_snd_device(2: speaker) in_snd_device(0: none)
