08-05 03:33:09.140 31301 31301 D AutoUpdateManager: Restarting update alarm.
08-05 03:33:09.141 31301 31301 D AutoUpdateManager: Changed alarm to new interval 12 h
08-05 03:33:09.153 31301 31301 D UserPreferences: timeOfDay: []
08-05 03:33:09.153 31301 31301 D AutoUpdateManager: Restarting update alarm.
08-05 03:33:09.154 31301 31301 D AutoUpdateManager: Changed alarm to new interval 12 h
08-05 03:33:09.169 31301 31323 D Nappa   : PREFETCH_ON_EXTRA - setCurrentActivity - logs - from extra - made prediction isfalse
08-05 03:33:09.186 31301 31301 D ExternalPlayerFragment: Loading media info
08-05 03:33:09.188 31301 31301 D QueueFragment: loadItems()
08-05 03:33:09.191 31301 31342 D DBReader: getQueue() called
08-05 03:33:09.191 31301 31342 D DBReader: getQueue()
08-05 03:33:09.192 31301 31342 D DBReader: getFavoriteIDList() called
08-05 03:33:09.192 24044 24044 I Trepn   : Trepn 6.2s: Trepn has Started Profiling.
08-05 03:33:09.192 31301 31342 D DBReader: getQueueIDList() called
08-05 03:33:09.193 31338 31338 D AndroidRuntime: Shutting down VM
08-05 03:33:09.193 31301 31342 D DBReader: Extracting Feedlist
08-05 03:33:09.196 31301 31301 V PlaybackController: initServiceNotRunning()
08-05 03:33:09.196 31301 31301 D ExternalPlayerFragment: Loading media info
08-05 03:33:09.199 31301 31301 D UserPreferences: Using default data folder
08-05 03:33:09.201 31301 31301 D AutoUpdateManager: last refresh: 443497 hours 33 minutes ago
08-05 03:33:09.202 31301 31342 D DBReader: getNavDrawerData() called with: 
08-05 03:33:09.202 31301 31301 D NappaLifecycleObserver: nappatfpr.de.danoeh.antennapod.activity.MainActivity - onResume
08-05 03:33:09.202 31301 31301 D Nappa   : setCurrentActivity - MetricStrategyAccuracy - 
08-05 03:33:09.202 31301 31301 D Nappa   : madePredictionFromActivity = false, 
08-05 03:33:09.202 31301 31301 D Nappa   : fromActivity = nappatfpr.de.danoeh.antennapod.activity.SplashActivity, 
08-05 03:33:09.202 31301 31301 D Nappa   : predictedNextActivityFromActivity = [], 
08-05 03:33:09.202 31301 31301 D Nappa   : activity.getClass().getCanonicalName() = nappatfpr.de.danoeh.antennapod.activity.MainActivity, 
08-05 03:33:09.202 31301 31301 D Nappa   : setCurrentActivity - MetricStrategyAccuracy - 
08-05 03:33:09.202 31301 31301 D Nappa   : madePredictionFromExtra = false, 
08-05 03:33:09.202 31301 31301 D Nappa   : fromActivity = nappatfpr.de.danoeh.antennapod.activity.SplashActivity, 
08-05 03:33:09.202 31301 31301 D Nappa   : predictedNextActivityFromExtra = [], 
08-05 03:33:09.202 31301 31301 D Nappa   : activity.getClass().getCanonicalName() = nappatfpr.de.danoeh.antennapod.activity.MainActivity, 
08-05 03:33:09.202 31301 31301 D Nappa   : PREFETCH_ON_EXTRA - setCurrentActivity - logs - from activity - made prediction isfalse
08-05 03:33:09.205 31301 31342 D DBReader: getDownloadedItems() called
08-05 03:33:09.206 31301 31342 D DBReader: getFavoriteIDList() called
08-05 03:33:09.206 31301 31342 D DBReader: getQueueIDList() called
08-05 03:33:09.207 31301 31342 D DBReader: Extracting Feedlist
08-05 03:33:09.302 31301 31301 D Nappa   : registerActivity: (already in) nappatfpr.de.danoeh.antennapod.activity.MainActivity
08-05 03:33:09.303 31301 31301 D ActivityNode: ACTNODE UPDATING AFTER LOADING FROM DB
08-05 03:33:09.304 31301 31301 D ActivityGraph: LARDataCalculatedUpdate nappatfpr.de.danoeh.antennapod.activity.MainActivity Pagerank: 0.25 HITS-Authority: 1.0 HITS-Hub: 1.0 SALSA-Authority: 1.0 SALSA-Hub: 1.0
08-05 03:33:09.304 31301 31301 D Nappa   : SHOULD_PREFETCH true
08-05 03:33:09.404 31301 31301 D Nappa   : registerActivity: (already in) nappatfpr.de.danoeh.antennapod.activity.MainActivity
08-05 03:33:09.404 31301 31301 D Nappa   : SUCCESSORS nappatfpr.de.danoeh.antennapod.activity.PreferenceActivity
08-05 03:33:09.405 31301 31301 D Nappa   : SUCCESSORS nappatfpr.de.danoeh.antennapod.activity.OnlineFeedViewActivity
08-05 03:33:09.405 31301 31301 D Nappa   : SUCCESSORS nappatfpr.de.danoeh.antennapod.activity.FeedSettingsActivity
08-05 03:33:09.405 31301 31301 D Nappa   : SUCCESSORS nappatfpr.de.danoeh.antennapod.activity.FeedInfoActivity
08-05 03:33:09.405 31301 31301 D Nappa   : STATS Number of requests not prefetched: 0
08-05 03:33:09.406 31301 31301 D Nappa   : STATS Number of requests prefetched: 0
08-05 03:33:09.406 31301 31301 D Nappa   : STATS Time saved until now: 0.0
08-05 03:33:09.525 31301 31301 D MainActivity: getLastNavFragment() -> QueueFragment
08-05 03:33:09.525 31301 31301 D MainActivity: handleNavIntent()
08-05 03:33:09.602 31301 31323 D Nappa   : PREFETCH_ON_EXTRA - setCurrentActivity - logs - from extra - made prediction isfalse
08-05 03:33:09.619 31301 31361 I art     : Starting a blocking GC Explicit
08-05 03:33:09.640 31301 31361 I art     : Explicit concurrent mark sweep GC freed 15563(1919KB) AllocSpace objects, 6(120KB) LOS objects, 40% free, 23MB/39MB, paused 330us total 20.396ms
08-05 03:33:09.647 31301 31361 I art     : Starting a blocking GC Explicit
08-05 03:33:09.653 31301 31301 D ActivityNode: Observer - visit time - SplashActivity - New aggregate visit time found is 615 ms
08-05 03:33:09.653 31301 31301 D ActivityNode: Observer - successor visit time - SplashActivity - Updating the visit time from the successors list:
08-05 03:33:09.653 31301 31301 D ActivityNode: [AggregateVisitTimeByActivity{nappatfpr.de.danoeh.antennapod.activity.MainActivity : 24347 ms}]
08-05 03:33:09.655   918   936 I ActivityManager: Displayed nappatfpr.de.danoeh.antennapod.debug/nappatfpr.de.danoeh.antennapod.activity.MainActivity: +644ms (total +2s289ms)
08-05 03:33:09.660 31301 31361 I art     : Explicit concurrent mark sweep GC freed 3848(198KB) AllocSpace objects, 0(0B) LOS objects, 40% free, 23MB/39MB, paused 454us total 13.447ms
08-05 03:33:09.662 31301 31301 D ActivityNode: Observer - successor visit time - MainActivity - Updating the visit time from the successors list:
08-05 03:33:09.662 31301 31301 D ActivityNode: [AggregateVisitTimeByActivity{nappatfpr.de.danoeh.antennapod.activity.PreferenceActivity : 15082 ms}, AggregateVisitTimeByActivity{nappatfpr.de.danoeh.antennapod.activity.OnlineFeedViewActivity : 147336 ms}, AggregateVisitTimeByActivity{nappatfpr.de.danoeh.antennapod.activity.FeedSettingsActivity : 13028 ms}, AggregateVisitTimeByActivity{nappatfpr.de.danoeh.antennapod.activity.FeedInfoActivity : 13496 ms}]
08-05 03:33:09.663 31301 31301 D ActivityNode: Observer - session data - sourceSplashActivity
08-05 03:33:09.663 31301 31301 D ActivityNode: destinations:
08-05 03:33:09.663 31301 31301 D ActivityNode: 	nappatfpr.de.danoeh.antennapod.activity.MainActivity( count 4)
08-05 03:33:09.663 31301 31301 D ActivityNode: Observer - session data - sourceMainActivity
08-05 03:33:09.663 31301 31301 D ActivityNode: destinations:
08-05 03:33:09.663 31301 31301 D ActivityNode: 	nappatfpr.de.danoeh.antennapod.activity.PreferenceActivity( count 3)
08-05 03:33:09.663 31301 31301 D ActivityNode: 	nappatfpr.de.danoeh.antennapod.activity.OnlineFeedViewActivity( count 24)
08-05 03:33:09.663 31301 31301 D ActivityNode: 	nappatfpr.de.danoeh.antennapod.activity.FeedSettingsActivity( count 3)
08-05 03:33:09.663 31301 31301 D ActivityNode: 	nappatfpr.de.danoeh.antennapod.activity.FeedInfoActivity( count 3)
08-05 03:33:09.663 31301 31301 D ActivityNode: Observer - session data - sourcePreferenceActivity
08-05 03:33:09.663 31301 31301 D ActivityNode: destinations:
08-05 03:33:09.663 31301 31301 D ActivityNode: Observer - session data - sourceOnlineFeedViewActivity
08-05 03:33:09.663 31301 31301 D ActivityNode: destinations:
08-05 03:33:09.663 31301 31301 D ActivityNode: Observer - session data - sourceFeedInfoActivity
08-05 03:33:09.663 31301 31301 D ActivityNode: destinations:
08-05 03:33:09.663 31301 31301 D ActivityNode: Observer - session data - sourceFeedSettingsActivity
08-05 03:33:09.663 31301 31301 D ActivityNode: destinations:
08-05 03:33:09.665 13866 13866 I GoogleInputMethodServic: GoogleInputMethodService.onFinishInput():3138 
08-05 03:33:09.665 13866 13866 I GoogleInputMethodServic: GoogleInputMethodService.onStartInput():1808 
08-05 03:33:09.666 31301 31361 I art     : Starting a blocking GC Explicit
08-05 03:33:09.679 31301 31361 I art     : Explicit concurrent mark sweep GC freed 537(40KB) AllocSpace objects, 0(0B) LOS objects, 40% free, 23MB/39MB, paused 206us total 12.791ms
08-05 03:33:09.679 31301 31301 D NappaLifecycleObserver: nappatfpr.de.danoeh.antennapod.activity.SplashActivity - onDestroy
08-05 03:33:09.680 31301 31301 D NappaLifecycleObserver: -------------F1_SCORE #0 -----------
08-05 03:33:09.680 31301 31301 D NappaLifecycleObserver: F1_SCORE - Intercept list (0)= []
08-05 03:33:09.680 31301 31301 D NappaLifecycleObserver: F1_SCORE - Prefetch list (0)= []
08-05 03:33:09.680 31301 31301 D NappaLifecycleObserver: F1_SCORE - TP list (0)= []
08-05 03:33:09.680 31301 31301 D NappaLifecycleObserver: F1_SCORE - FN list (0)= []
08-05 03:33:09.680 31301 31301 I NAPPA_EXPERIMENTATION: MetricPrefetchingAccuracy: LOG_ID='1',F1_SCORE_1='0.0',F1_SCORE_2='0.0',TRUE_POSITIVE='0',FALSE_POSITIVE='0',FALSE_NEGATIVE='0',
08-05 03:33:09.684 31301 31361 I art     : Starting a blocking GC Explicit
08-05 03:33:09.685 29532 29532 W PathParser: Points are too far apart 4.030360828967057
08-05 03:33:09.686 29532 29532 W PathParser: Points are too far apart 4.030360538880159
08-05 03:33:09.697 31301 31361 I art     : Explicit concurrent mark sweep GC freed 785(49KB) AllocSpace objects, 0(0B) LOS objects, 40% free, 23MB/39MB, paused 240us total 12.392ms
08-05 03:33:09.702 29532 29532 W PathParser: Points are too far apart 4.030360828967057
08-05 03:33:09.702 29532 29532 W PathParser: Points are too far apart 4.030360538880159
08-05 03:33:09.703 31301 31361 I art     : Starting a blocking GC Explicit
08-05 03:33:09.715 31301 31361 I art     : Explicit concurrent mark sweep GC freed 1161(70KB) AllocSpace objects, 2(588KB) LOS objects, 40% free, 22MB/38MB, paused 207us total 12.209ms
08-05 03:33:09.719 29532 29532 W PathParser: Points are too far apart 4.030360828967057
08-05 03:33:09.719 29532 29532 W PathParser: Points are too far apart 4.030360538880159
08-05 03:33:09.735 29532 29532 W PathParser: Points are too far apart 4.030360828967057
08-05 03:33:09.735 29532 29532 W PathParser: Points are too far apart 4.030360538880159
08-05 03:33:09.752 29532 29532 W PathParser: Points are too far apart 4.030360828967057
08-05 03:33:09.752 29532 29532 W PathParser: Points are too far apart 4.030360538880159
08-05 03:33:09.769 29532 29532 W PathParser: Points are too far apart 4.030360828967057
08-05 03:33:09.769 29532 29532 W PathParser: Points are too far apart 4.030360538880159
08-05 03:33:09.785 29532 29532 W PathParser: Points are too far apart 4.030360828967057
08-05 03:33:09.786 29532 29532 W PathParser: Points are too far apart 4.030360538880159
08-05 03:33:09.802 29532 29532 W PathParser: Points are too far apart 4.030360828967057
08-05 03:33:09.802 29532 29532 W PathParser: Points are too far apart 4.030360538880159
08-05 03:33:09.906 31301 31323 D Nappa   : PREFETCH_ON_EXTRA - setCurrentActivity - starting new prediction
08-05 03:33:09.906 31301 31323 D Nappa   : Current node - currentActivityName - nappatfpr.de.danoeh.antennapod.activity.MainActivity
08-05 03:33:09.906 31301 31323 D Nappa   : Current node - activityGraph.getCurrent() - nappatfpr.de.danoeh.antennapod.activity.MainActivity
08-05 03:33:09.909 31301 31323 I NAPPA_EXPERIMENTATION: MetricNappaPrefetchingStrategyExecutionTime: STRATEGY_CLASS='TfprPrefetchingStrategy',DURATION='2464583',NUMBER_OF_URLS='0',NUMBER_OF_SELECTED_CHILDREN_NODES='1',NUMBER_OF_CHILDREN_NODES='4',STRATEGY_RUN_SUCCESSFULLY='True',
08-05 03:33:09.909 31301 31323 D TfprPrefetchingStrategy: ==================================
08-05 03:33:09.909 31301 31323 D TfprPrefetchingStrategy: Starting Run #1
08-05 03:33:09.910 31301 31323 D TfprPrefetchingStrategy: ----------------------------------
08-05 03:33:09.910 31301 31323 D TfprPrefetchingStrategy: Node data MainActivity 
08-05 03:33:09.910 31301 31323 D TfprPrefetchingStrategy: 	Successors:
08-05 03:33:09.910 31301 31323 D TfprPrefetchingStrategy: 		PreferenceActivity (0 hits)
08-05 03:33:09.910 31301 31323 D TfprPrefetchingStrategy: 		OnlineFeedViewActivity (0 hits)
08-05 03:33:09.910 31301 31323 D TfprPrefetchingStrategy: 		FeedSettingsActivity (0 hits)
08-05 03:33:09.910 31301 31323 D TfprPrefetchingStrategy: 		FeedInfoActivity (0 hits)
08-05 03:33:09.910 31301 31323 D TfprPrefetchingStrategy: 	Ancestors:
08-05 03:33:09.910 31301 31323 D TfprPrefetchingStrategy: 		SplashActivity (0 hits)
08-05 03:33:09.910 31301 31323 D TfprPrefetchingStrategy: 
08-05 03:33:09.910 31301 31323 D TfprPrefetchingStrategy: MetricStrategyAccuracy inc execution count1 | act = true; extra = false
08-05 03:33:09.910 31301 31323 D TfprPrefetchingStrategy: ===
08-05 03:33:09.910 31301 31323 D TfprPrefetchingStrategy: calculateVisitTimeScores
08-05 03:33:09.910 31301 31323 D TfprPrefetchingStrategy: -------- Node FeedSettingsActivity-----------
08-05 03:33:09.910 31301 31323 D TfprPrefetchingStrategy: tfprNode.aggregateVisitTime = 13028
08-05 03:33:09.910 31301 31323 D TfprPrefetchingStrategy: tfprNode.totalAggregateVisitTimeFromSuccessors = 0
08-05 03:33:09.910 31301 31323 D TfprPrefetchingStrategy: tfprNode.aggregateVisitTimeFromSuccessors = {}
08-05 03:33:09.910 31301 31323 D TfprPrefetchingStrategy: -------- Node MainActivity-----------
08-05 03:33:09.910 31301 31323 D TfprPrefetchingStrategy: tfprNode.aggregateVisitTime = 236121
08-05 03:33:09.910 31301 31323 D TfprPrefetchingStrategy: tfprNode.totalAggregateVisitTimeFromSuccessors = 188942
08-05 03:33:09.910 31301 31323 D TfprPrefetchingStrategy: tfprNode.aggregateVisitTimeFromSuccessors = {nappatfpr.de.danoeh.antennapod.activity.FeedInfoActivity=13496, nappatfpr.de.danoeh.antennapod.activity.FeedSettingsActivity=13028, nappatfpr.de.danoeh.antennapod.activity.OnlineFeedViewActivity=147336, nappatfpr.de.danoeh.antennapod.activity.PreferenceActivity=15082}
08-05 03:33:09.910 31301 31323 D TfprPrefetchingStrategy: -------- Node FeedInfoActivity-----------
08-05 03:33:09.910 31301 31323 D TfprPrefetchingStrategy: tfprNode.aggregateVisitTime = 13496
08-05 03:33:09.910 31301 31323 D TfprPrefetchingStrategy: tfprNode.totalAggregateVisitTimeFromSuccessors = 0
08-05 03:33:09.910 31301 31323 D TfprPrefetchingStrategy: tfprNode.aggregateVisitTimeFromSuccessors = {}
08-05 03:33:09.910 31301 31323 D TfprPrefetchingStrategy: -------- Node OnlineFeedViewActivity-----------
08-05 03:33:09.910 31301 31323 D TfprPrefetchingStrategy: tfprNode.aggregateVisitTime = 147336
08-05 03:33:09.910 31301 31323 D TfprPrefetchingStrategy: tfprNode.totalAggregateVisitTimeFromSuccessors = 0
08-05 03:33:09.910 31301 31323 D TfprPrefetchingStrategy: tfprNode.aggregateVisitTimeFromSuccessors = {}
08-05 03:33:09.910 31301 31323 D TfprPrefetchingStrategy: -------- Node PreferenceActivity-----------
08-05 03:33:09.910 31301 31323 D TfprPrefetchingStrategy: tfprNode.aggregateVisitTime = 15082
08-05 03:33:09.910 31301 31323 D TfprPrefetchingStrategy: tfprNode.totalAggregateVisitTimeFromSuccessors = 0
08-05 03:33:09.910 31301 31323 D TfprPrefetchingStrategy: tfprNode.aggregateVisitTimeFromSuccessors = {}
08-05 03:33:09.910 31301 31323 D TfprPrefetchingStrategy: -------- Graph -----------
08-05 03:33:09.911 31301 31323 D TfprPrefetchingStrategy: tfprGraph.aggregateVisitTimeFromSuccessors = 425063
08-05 03:33:09.911 31301 31323 D TfprPrefetchingStrategy: ===
08-05 03:33:09.911 31301 31323 D TfprPrefetchingStrategy: ===
08-05 03:33:09.911 31301 31323 D TfprPrefetchingStrategy: runTfprAlgorithm
08-05 03:33:09.911 31301 31323 D TfprPrefetchingStrategy: ------------- TFPR calculation #1 of 10 -----------
08-05 03:33:09.911 31301 31323 D TfprPrefetchingStrategy: node FeedSettingsActivity score = 0.02605214
08-05 03:33:09.911 31301 31323 D TfprPrefetchingStrategy: node MainActivity score = 0.47217202
08-05 03:33:09.911 31301 31323 D TfprPrefetchingStrategy: node FeedInfoActivity score = 0.03204704
08-05 03:33:09.911 31301 31323 D TfprPrefetchingStrategy: node OnlineFeedViewActivity score = 0.34985793
08-05 03:33:09.911 31301 31323 D TfprPrefetchingStrategy: node PreferenceActivity score = 0.035813086
08-05 03:33:09.911 31301 31323 D TfprPrefetchingStrategy: ------------- TFPR calculation #2 of 10 -----------
08-05 03:33:09.911 31301 31323 D TfprPrefetchingStrategy: node FeedSettingsActivity score = 0.030935746
08-05 03:33:09.911 31301 31323 D TfprPrefetchingStrategy: node MainActivity score = 0.47217202
08-05 03:33:09.911 31301 31323 D TfprPrefetchingStrategy: node FeedInfoActivity score = 0.03204704
08-05 03:33:09.911 31301 31323 D TfprPrefetchingStrategy: node OnlineFeedViewActivity score = 0.34985793
08-05 03:33:09.911 31301 31323 D TfprPrefetchingStrategy: node PreferenceActivity score = 0.035813086
08-05 03:33:09.911 31301 31323 D TfprPrefetchingStrategy: ------------- TFPR calculation #3 of 10 -----------
08-05 03:33:09.911 31301 31323 D TfprPrefetchingStrategy: node FeedSettingsActivity score = 0.030935746
08-05 03:33:09.911 31301 31323 D TfprPrefetchingStrategy: node MainActivity score = 0.47217202
08-05 03:33:09.911 31301 31323 D TfprPrefetchingStrategy: node FeedInfoActivity score = 0.03204704
08-05 03:33:09.911 31301 31323 D TfprPrefetchingStrategy: node OnlineFeedViewActivity score = 0.34985793
08-05 03:33:09.911 31301 31323 D TfprPrefetchingStrategy: node PreferenceActivity score = 0.035813086
08-05 03:33:09.911 31301 31323 D TfprPrefetchingStrategy: ------------- TFPR calculation #4 of 10 -----------
08-05 03:33:09.911 31301 31323 D TfprPrefetchingStrategy: node FeedSettingsActivity score = 0.030935746
08-05 03:33:09.911 31301 31323 D TfprPrefetchingStrategy: node MainActivity score = 0.47217202
08-05 03:33:09.911 31301 31323 D TfprPrefetchingStrategy: node FeedInfoActivity score = 0.03204704
08-05 03:33:09.911 31301 31323 D TfprPrefetchingStrategy: node OnlineFeedViewActivity score = 0.34985793
08-05 03:33:09.912 31301 31323 D TfprPrefetchingStrategy: node PreferenceActivity score = 0.035813086
08-05 03:33:09.912 31301 31323 D TfprPrefetchingStrategy: ------------- TFPR calculation #5 of 10 -----------
08-05 03:33:09.912 31301 31323 D TfprPrefetchingStrategy: node FeedSettingsActivity score = 0.030935746
08-05 03:33:09.912 31301 31323 D TfprPrefetchingStrategy: node MainActivity score = 0.47217202
08-05 03:33:09.912 31301 31323 D TfprPrefetchingStrategy: node FeedInfoActivity score = 0.03204704
08-05 03:33:09.912 31301 31323 D TfprPrefetchingStrategy: node OnlineFeedViewActivity score = 0.34985793
08-05 03:33:09.912 31301 31323 D TfprPrefetchingStrategy: node PreferenceActivity score = 0.035813086
08-05 03:33:09.912 31301 31323 D TfprPrefetchingStrategy: ------------- TFPR calculation #6 of 10 -----------
08-05 03:33:09.912 31301 31323 D TfprPrefetchingStrategy: node FeedSettingsActivity score = 0.030935746
08-05 03:33:09.912 31301 31323 D TfprPrefetchingStrategy: node MainActivity score = 0.47217202
08-05 03:33:09.912 31301 31323 D TfprPrefetchingStrategy: node FeedInfoActivity score = 0.03204704
08-05 03:33:09.912 31301 31323 D TfprPrefetchingStrategy: node OnlineFeedViewActivity score = 0.34985793
08-05 03:33:09.912 31301 31323 D TfprPrefetchingStrategy: node PreferenceActivity score = 0.035813086
08-05 03:33:09.912 31301 31323 D TfprPrefetchingStrategy: ------------- TFPR calculation #7 of 10 -----------
08-05 03:33:09.912 31301 31323 D TfprPrefetchingStrategy: node FeedSettingsActivity score = 0.030935746
08-05 03:33:09.912 31301 31323 D TfprPrefetchingStrategy: node MainActivity score = 0.47217202
08-05 03:33:09.912 31301 31323 D TfprPrefetchingStrategy: node FeedInfoActivity score = 0.03204704
08-05 03:33:09.912 31301 31323 D TfprPrefetchingStrategy: node OnlineFeedViewActivity score = 0.34985793
08-05 03:33:09.912 31301 31323 D TfprPrefetchingStrategy: node PreferenceActivity score = 0.035813086
08-05 03:33:09.912 31301 31323 D TfprPrefetchingStrategy: ------------- TFPR calculation #8 of 10 -----------
08-05 03:33:09.912 31301 31323 D TfprPrefetchingStrategy: node FeedSettingsActivity score = 0.030935746
08-05 03:33:09.912 31301 31323 D TfprPrefetchingStrategy: node MainActivity score = 0.47217202
08-05 03:33:09.912 31301 31323 D TfprPrefetchingStrategy: node FeedInfoActivity score = 0.03204704
08-05 03:33:09.912 31301 31323 D TfprPrefetchingStrategy: node OnlineFeedViewActivity score = 0.34985793
08-05 03:33:09.912 31301 31323 D TfprPrefetchingStrategy: node PreferenceActivity score = 0.035813086
08-05 03:33:09.912 31301 31323 D TfprPrefetchingStrategy: ------------- TFPR calculation #9 of 10 -----------
08-05 03:33:09.912 31301 31323 D TfprPrefetchingStrategy: node FeedSettingsActivity score = 0.030935746
08-05 03:33:09.913 31301 31323 D TfprPrefetchingStrategy: node MainActivity score = 0.47217202
08-05 03:33:09.913 31301 31323 D TfprPrefetchingStrategy: node FeedInfoActivity score = 0.03204704
08-05 03:33:09.913 31301 31323 D TfprPrefetchingStrategy: node OnlineFeedViewActivity score = 0.34985793
08-05 03:33:09.913 31301 31323 D TfprPrefetchingStrategy: node PreferenceActivity score = 0.035813086
08-05 03:33:09.913 31301 31323 D TfprPrefetchingStrategy: ------------- TFPR calculation #10 of 10 -----------
08-05 03:33:09.913 31301 31323 D TfprPrefetchingStrategy: node FeedSettingsActivity score = 0.030935746
08-05 03:33:09.913 31301 31323 D TfprPrefetchingStrategy: node MainActivity score = 0.47217202
08-05 03:33:09.913 31301 31323 D TfprPrefetchingStrategy: node FeedInfoActivity score = 0.03204704
08-05 03:33:09.913 31301 31323 D TfprPrefetchingStrategy: node OnlineFeedViewActivity score = 0.34985793
08-05 03:33:09.913 31301 31323 D TfprPrefetchingStrategy: node PreferenceActivity score = 0.035813086
08-05 03:33:09.913 31301 31323 D TfprPrefetchingStrategy: ===
08-05 03:33:09.913 31301 31323 D TfprPrefetchingStrategy: ===
08-05 03:33:09.913 31301 31323 D TfprPrefetchingStrategy: getSuccessorListSortByTfprScore
08-05 03:33:09.913 31301 31323 D TfprPrefetchingStrategy: Successors before the sort [TfprNode{PreferenceActivity : TFPR = 0.035813086}, TfprNode{OnlineFeedViewActivity : TFPR = 0.34985793}, TfprNode{FeedSettingsActivity : TFPR = 0.030935746}, TfprNode{FeedInfoActivity : TFPR = 0.03204704}]
08-05 03:33:09.913 31301 31323 D TfprPrefetchingStrategy: Successors sorted by highest to lowest score (N2 - N1 comparator) are [TfprNode{OnlineFeedViewActivity : TFPR = 0.34985793}, TfprNode{PreferenceActivity : TFPR = 0.035813086}, TfprNode{FeedInfoActivity : TFPR = 0.03204704}, TfprNode{FeedSettingsActivity : TFPR = 0.030935746}]
08-05 03:33:09.913 31301 31323 D TfprPrefetchingStrategy: Selected the following nodes:
08-05 03:33:09.913 31301 31323 D TfprPrefetchingStrategy: #1 - OnlineFeedViewActivity with score 0.34985793
08-05 03:33:09.913 31301 31323 D TfprPrefetchingStrategy: successors with high score = [OnlineFeedViewActivity 
08-05 03:33:09.913 31301 31323 D TfprPrefetchingStrategy: 	Successors:
08-05 03:33:09.913 31301 31323 D TfprPrefetchingStrategy: 
08-05 03:33:09.913 31301 31323 D TfprPrefetchingStrategy: 	Ancestors:
08-05 03:33:09.913 31301 31323 D TfprPrefetchingStrategy: 		MainActivity (0 hits)
08-05 03:33:09.913 31301 31323 D TfprPrefetchingStrategy: 
08-05 03:33:09.913 31301 31323 D TfprPrefetchingStrategy: ]
08-05 03:33:09.913 31301 31323 D TfprPrefetchingStrategy: ===
08-05 03:33:09.913 31301 31323 D TfprPrefetchingStrategy: Selected node OnlineFeedViewActivity containing the URLS []
08-05 03:33:09.913 31301 31323 D TfprPrefetchingStrategy: Next visited child will be [nappatfpr.de.danoeh.antennapod.activity.OnlineFeedViewActivity]
08-05 03:33:09.913 31301 31323 D TfprPrefetchingStrategy: ==================================
08-05 03:33:09.913 31301 31323 D Nappa   : PREFETCH_ON_EXTRA - setCurrentActivity - finished new prediction
08-05 03:33:09.998 31301 31314 I art     : Starting a blocking GC Explicit
08-05 03:33:10.015 31301 31314 I art     : Explicit concurrent mark sweep GC freed 2859(179KB) AllocSpace objects, 1(20KB) LOS objects, 40% free, 22MB/38MB, paused 274us total 17.275ms
08-05 03:33:10.023 31301 31314 I art     : Starting a blocking GC Explicit
08-05 03:33:10.038 31301 31314 I art     : Explicit concurrent mark sweep GC freed 35(1136B) AllocSpace objects, 0(0B) LOS objects, 40% free, 22MB/38MB, paused 335us total 14.949ms
08-05 03:33:10.045 31301 31314 I art     : Starting a blocking GC Explicit
08-05 03:33:10.059 31301 31314 I art     : Explicit concurrent mark sweep GC freed 3(96B) AllocSpace objects, 0(0B) LOS objects, 40% free, 22MB/38MB, paused 220us total 13.859ms
08-05 03:33:10.065 31301 31314 I art     : Starting a blocking GC Explicit
08-05 03:33:10.079 31301 31314 I art     : Explicit concurrent mark sweep GC freed 3(96B) AllocSpace objects, 0(0B) LOS objects, 40% free, 22MB/38MB, paused 223us total 13.874ms
08-05 03:33:10.085 31301 31314 I art     : Starting a blocking GC Explicit
08-05 03:33:10.099 31301 31314 I art     : Explicit concurrent mark sweep GC freed 3(96B) AllocSpace objects, 0(0B) LOS objects, 40% free, 22MB/38MB, paused 225us total 13.814ms
08-05 03:33:10.214 31301 31394 D DBReader: Extracting Feedlist
08-05 03:33:10.217 31301 31394 D FlattrUtils: Retrieving access token
08-05 03:33:10.217 31301 31394 D FlattrUtils: No access token found
08-05 03:33:10.219 31301 31394 I art     : Rejecting re-init on previously-failed class java.lang.Class<androidx.core.app.JobIntentService$JobServiceEngineImpl>
08-05 03:33:10.219 31301 31394 I art     : Rejecting re-init on previously-failed class java.lang.Class<androidx.core.app.JobIntentService$JobServiceEngineImpl>
08-05 03:33:10.220 31301 31394 I art     : Rejecting re-init on previously-failed class java.lang.Class<androidx.core.app.SafeJobIntentService$SafeJobServiceEngineImpl>
08-05 03:33:10.220 31301 31394 I art     : Rejecting re-init on previously-failed class java.lang.Class<androidx.core.app.SafeJobIntentService$SafeJobServiceEngineImpl>
08-05 03:33:10.392 31301 31313 I art     : Starting a blocking GC Explicit
08-05 03:33:10.409 31301 31313 I art     : Explicit concurrent mark sweep GC freed 2044(186KB) AllocSpace objects, 2(40KB) LOS objects, 40% free, 22MB/38MB, paused 226us total 17.466ms
08-05 03:33:10.416 31301 31313 I art     : Starting a blocking GC Explicit
08-05 03:33:10.432 31301 31313 I art     : Explicit concurrent mark sweep GC freed 85(3KB) AllocSpace objects, 0(0B) LOS objects, 40% free, 22MB/38MB, paused 202us total 15.041ms
08-05 03:33:10.438 31301 31313 I art     : Starting a blocking GC Explicit
08-05 03:33:10.453 31301 31313 I art     : Explicit concurrent mark sweep GC freed 3(96B) AllocSpace objects, 0(0B) LOS objects, 40% free, 22MB/38MB, paused 197us total 14.517ms
08-05 03:33:10.460 31301 31313 I art     : Starting a blocking GC Explicit
08-05 03:33:10.474 31301 31313 I art     : Explicit concurrent mark sweep GC freed 3(96B) AllocSpace objects, 0(0B) LOS objects, 40% free, 22MB/38MB, paused 198us total 14.163ms
08-05 03:33:10.481 31301 31313 I art     : Starting a blocking GC Explicit
08-05 03:33:10.496 31301 31313 I art     : Explicit concurrent mark sweep GC freed 3(96B) AllocSpace objects, 0(0B) LOS objects, 40% free, 22MB/38MB, paused 223us total 14.481ms
08-05 03:33:10.685 13866 13866 I GoogleInputMethodServic: GoogleInputMethodService.onFinishInput():3138 
08-05 03:33:10.686 13866 13866 I GoogleInputMethodServic: GoogleInputMethodService.onStartInput():1808 
08-05 03:33:10.786 31301 31361 I art     : Starting a blocking GC Explicit
08-05 03:33:10.804 31301 31361 I art     : Explicit concurrent mark sweep GC freed 1695(100KB) AllocSpace objects, 1(20KB) LOS objects, 40% free, 22MB/38MB, paused 392us total 18.169ms
08-05 03:33:10.812 31301 31361 I art     : Starting a blocking GC Explicit
08-05 03:33:10.828 31301 31361 I art     : Explicit concurrent mark sweep GC freed 43(1584B) AllocSpace objects, 0(0B) LOS objects, 40% free, 22MB/38MB, paused 194us total 15.242ms
08-05 03:33:10.834 31301 31361 I art     : Starting a blocking GC Explicit
08-05 03:33:10.847 31301 31361 I art     : Explicit concurrent mark sweep GC freed 3(96B) AllocSpace objects, 0(0B) LOS objects, 40% free, 22MB/38MB, paused 206us total 12.829ms
08-05 03:33:10.854 31301 31361 I art     : Starting a blocking GC Explicit
08-05 03:33:10.868 31301 31361 I art     : Explicit concurrent mark sweep GC freed 3(96B) AllocSpace objects, 0(0B) LOS objects, 40% free, 22MB/38MB, paused 296us total 13.958ms
08-05 03:33:10.875 31301 31361 I art     : Starting a blocking GC Explicit
08-05 03:33:10.889 31301 31361 I art     : Explicit concurrent mark sweep GC freed 3(96B) AllocSpace objects, 0(0B) LOS objects, 40% free, 22MB/38MB, paused 307us total 14.194ms
08-05 03:33:11.170 31301 31314 I art     : Starting a blocking GC Explicit
08-05 03:33:11.189 31301 31314 I art     : Explicit concurrent mark sweep GC freed 1590(99KB) AllocSpace objects, 1(20KB) LOS objects, 40% free, 22MB/38MB, paused 235us total 18.322ms
08-05 03:33:11.199 31301 31314 I art     : Starting a blocking GC Explicit
08-05 03:33:11.212 31301 31314 I art     : Explicit concurrent mark sweep GC freed 35(1136B) AllocSpace objects, 0(0B) LOS objects, 40% free, 22MB/38MB, paused 206us total 12.805ms
08-05 03:33:11.219 31301 31314 I art     : Starting a blocking GC Explicit
08-05 03:33:11.232 31301 31314 I art     : Explicit concurrent mark sweep GC freed 3(96B) AllocSpace objects, 0(0B) LOS objects, 40% free, 22MB/38MB, paused 201us total 13.363ms
08-05 03:33:11.238 31301 31314 I art     : Starting a blocking GC Explicit
08-05 03:33:11.251 31301 31314 I art     : Explicit concurrent mark sweep GC freed 3(96B) AllocSpace objects, 0(0B) LOS objects, 40% free, 22MB/38MB, paused 200us total 12.563ms
08-05 03:33:11.257 31301 31314 I art     : Starting a blocking GC Explicit
08-05 03:33:11.270 31301 31314 I art     : Explicit concurrent mark sweep GC freed 3(96B) AllocSpace objects, 0(0B) LOS objects, 40% free, 22MB/38MB, paused 200us total 12.614ms
08-05 03:33:11.588 31301 31361 I art     : Starting a blocking GC Explicit
08-05 03:33:11.609 31301 31361 I art     : Explicit concurrent mark sweep GC freed 1588(100KB) AllocSpace objects, 1(20KB) LOS objects, 40% free, 22MB/38MB, paused 255us total 21.176ms
08-05 03:33:11.620 31301 31361 I art     : Starting a blocking GC Explicit
08-05 03:33:11.636 31301 31361 I art     : Explicit concurrent mark sweep GC freed 35(1136B) AllocSpace objects, 0(0B) LOS objects, 40% free, 22MB/38MB, paused 211us total 15.491ms
08-05 03:33:11.642 31301 31361 I art     : Starting a blocking GC Explicit
08-05 03:33:11.656 31301 31361 I art     : Explicit concurrent mark sweep GC freed 3(96B) AllocSpace objects, 0(0B) LOS objects, 40% free, 22MB/38MB, paused 203us total 13.606ms
08-05 03:33:11.662 31301 31361 I art     : Starting a blocking GC Explicit
08-05 03:33:11.676 31301 31361 I art     : Explicit concurrent mark sweep GC freed 3(96B) AllocSpace objects, 0(0B) LOS objects, 40% free, 22MB/38MB, paused 203us total 14.097ms
08-05 03:33:11.683 31301 31361 I art     : Starting a blocking GC Explicit
08-05 03:33:11.696 31301 31361 I art     : Explicit concurrent mark sweep GC freed 3(96B) AllocSpace objects, 0(0B) LOS objects, 40% free, 22MB/38MB, paused 204us total 13.421ms
08-05 03:33:11.999 31301 31313 I art     : Starting a blocking GC Explicit
08-05 03:33:12.023 31301 31313 I art     : Explicit concurrent mark sweep GC freed 1615(101KB) AllocSpace objects, 1(20KB) LOS objects, 40% free, 22MB/38MB, paused 243us total 23.237ms
08-05 03:33:12.034 31301 31313 I art     : Starting a blocking GC Explicit
08-05 03:33:12.051 31301 31313 I art     : Explicit concurrent mark sweep GC freed 35(1136B) AllocSpace objects, 0(0B) LOS objects, 40% free, 22MB/38MB, paused 205us total 16.184ms
08-05 03:33:12.057 31301 31313 I art     : Starting a blocking GC Explicit
08-05 03:33:12.072 31301 31313 I art     : Explicit concurrent mark sweep GC freed 3(96B) AllocSpace objects, 0(0B) LOS objects, 40% free, 22MB/38MB, paused 200us total 14.470ms
08-05 03:33:12.079 31301 31313 I art     : Starting a blocking GC Explicit
08-05 03:33:12.093 31301 31313 I art     : Explicit concurrent mark sweep GC freed 3(96B) AllocSpace objects, 0(0B) LOS objects, 40% free, 22MB/38MB, paused 197us total 13.847ms
08-05 03:33:12.100 31301 31313 I art     : Starting a blocking GC Explicit
08-05 03:33:12.114 31301 31313 I art     : Explicit concurrent mark sweep GC freed 3(96B) AllocSpace objects, 0(0B) LOS objects, 40% free, 22MB/38MB, paused 199us total 14.183ms
08-05 03:33:12.426 31301 31314 I art     : Starting a blocking GC Explicit
08-05 03:33:12.442 31301 31314 I art     : Explicit concurrent mark sweep GC freed 1606(97KB) AllocSpace objects, 1(20KB) LOS objects, 40% free, 22MB/38MB, paused 202us total 15.982ms
08-05 03:33:12.450 31301 31314 I art     : Starting a blocking GC Explicit
08-05 03:33:12.465 31301 31314 I art     : Explicit concurrent mark sweep GC freed 38(1232B) AllocSpace objects, 0(0B) LOS objects, 40% free, 22MB/38MB, paused 196us total 14.567ms
08-05 03:33:12.471 31301 31314 I art     : Starting a blocking GC Explicit
08-05 03:33:12.486 31301 31314 I art     : Explicit concurrent mark sweep GC freed 5(160B) AllocSpace objects, 0(0B) LOS objects, 40% free, 22MB/38MB, paused 197us total 14.119ms
08-05 03:33:12.486 31301 31311 I art     : WaitForGcToComplete blocked for 8.008ms for cause HeapTrim
08-05 03:33:12.492 31301 31314 I art     : Starting a blocking GC Explicit
08-05 03:33:12.505 31301 31314 I art     : Explicit concurrent mark sweep GC freed 5(160B) AllocSpace objects, 0(0B) LOS objects, 40% free, 22MB/38MB, paused 180us total 12.399ms
08-05 03:33:12.511 31301 31314 I art     : Starting a blocking GC Explicit
08-05 03:33:12.524 31301 31314 I art     : Explicit concurrent mark sweep GC freed 3(96B) AllocSpace objects, 0(0B) LOS objects, 40% free, 22MB/38MB, paused 177us total 12.350ms
08-05 03:33:12.798 31301 31313 I art     : Starting a blocking GC Explicit
08-05 03:33:12.814 31301 31313 I art     : Explicit concurrent mark sweep GC freed 1608(94KB) AllocSpace objects, 1(20KB) LOS objects, 40% free, 22MB/38MB, paused 199us total 15.635ms
08-05 03:33:12.821 31301 31313 I art     : Starting a blocking GC Explicit
08-05 03:33:12.835 31301 31313 I art     : Explicit concurrent mark sweep GC freed 35(1136B) AllocSpace objects, 0(0B) LOS objects, 40% free, 22MB/38MB, paused 180us total 13.745ms
08-05 03:33:12.841 31301 31313 I art     : Starting a blocking GC Explicit
08-05 03:33:12.854 31301 31313 I art     : Explicit concurrent mark sweep GC freed 3(96B) AllocSpace objects, 0(0B) LOS objects, 40% free, 22MB/38MB, paused 176us total 12.713ms
08-05 03:33:12.860 31301 31313 I art     : Starting a blocking GC Explicit
08-05 03:33:12.872 31301 31313 I art     : Explicit concurrent mark sweep GC freed 3(96B) AllocSpace objects, 0(0B) LOS objects, 40% free, 22MB/38MB, paused 177us total 11.792ms
08-05 03:33:12.878 31301 31313 I art     : Starting a blocking GC Explicit
08-05 03:33:12.890 31301 31313 I art     : Explicit concurrent mark sweep GC freed 3(96B) AllocSpace objects, 0(0B) LOS objects, 40% free, 22MB/38MB, paused 179us total 11.821ms
08-05 03:33:13.151 31301 31314 I art     : Starting a blocking GC Explicit
08-05 03:33:13.169 31301 31314 I art     : Explicit concurrent mark sweep GC freed 1582(96KB) AllocSpace objects, 1(20KB) LOS objects, 40% free, 22MB/38MB, paused 242us total 18.059ms
08-05 03:33:13.181 31301 31314 I art     : Starting a blocking GC Explicit
08-05 03:33:13.194 31301 31314 I art     : Explicit concurrent mark sweep GC freed 35(1136B) AllocSpace objects, 0(0B) LOS objects, 40% free, 22MB/38MB, paused 203us total 13.388ms
08-05 03:33:13.200 31301 31314 I art     : Starting a blocking GC Explicit
08-05 03:33:13.214 31301 31314 I art     : Explicit concurrent mark sweep GC freed 3(96B) AllocSpace objects, 0(0B) LOS objects, 40% free, 22MB/38MB, paused 201us total 13.493ms
08-05 03:33:13.220 31301 31314 I art     : Starting a blocking GC Explicit
08-05 03:33:13.234 31301 31314 I art     : Explicit concurrent mark sweep GC freed 3(96B) AllocSpace objects, 0(0B) LOS objects, 40% free, 22MB/38MB, paused 209us total 13.846ms
08-05 03:33:13.240 31301 31314 I art     : Starting a blocking GC Explicit
08-05 03:33:13.254 31301 31314 I art     : Explicit concurrent mark sweep GC freed 3(96B) AllocSpace objects, 0(0B) LOS objects, 40% free, 22MB/38MB, paused 204us total 13.835ms
08-05 03:33:13.551 31301 31361 I art     : Starting a blocking GC Explicit
08-05 03:33:13.570 31301 31361 I art     : Explicit concurrent mark sweep GC freed 1580(94KB) AllocSpace objects, 1(20KB) LOS objects, 40% free, 22MB/38MB, paused 227us total 19.655ms
08-05 03:33:13.578 31301 31361 I art     : Starting a blocking GC Explicit
08-05 03:33:13.592 31301 31361 I art     : Explicit concurrent mark sweep GC freed 35(1136B) AllocSpace objects, 0(0B) LOS objects, 40% free, 22MB/38MB, paused 210us total 14.506ms
08-05 03:33:13.599 31301 31361 I art     : Starting a blocking GC Explicit
08-05 03:33:13.613 31301 31361 I art     : Explicit concurrent mark sweep GC freed 3(96B) AllocSpace objects, 0(0B) LOS objects, 40% free, 22MB/38MB, paused 215us total 13.867ms
08-05 03:33:13.619 31301 31361 I art     : Starting a blocking GC Explicit
08-05 03:33:13.633 31301 31361 I art     : Explicit concurrent mark sweep GC freed 3(96B) AllocSpace objects, 0(0B) LOS objects, 40% free, 22MB/38MB, paused 204us total 13.699ms
08-05 03:33:13.639 31301 31361 I art     : Starting a blocking GC Explicit
08-05 03:33:13.653 31301 31361 I art     : Explicit concurrent mark sweep GC freed 3(96B) AllocSpace objects, 0(0B) LOS objects, 40% free, 22MB/38MB, paused 205us total 13.646ms
08-05 03:33:13.937 31301 31313 I art     : Starting a blocking GC Explicit
08-05 03:33:13.953 31301 31313 I art     : Explicit concurrent mark sweep GC freed 1607(94KB) AllocSpace objects, 1(20KB) LOS objects, 40% free, 22MB/38MB, paused 208us total 15.931ms
08-05 03:33:13.961 31301 31313 I art     : Starting a blocking GC Explicit
08-05 03:33:13.975 31301 31313 I art     : Explicit concurrent mark sweep GC freed 35(1136B) AllocSpace objects, 0(0B) LOS objects, 40% free, 22MB/38MB, paused 189us total 13.529ms
08-05 03:33:13.981 31301 31313 I art     : Starting a blocking GC Explicit
08-05 03:33:13.995 31301 31313 I art     : Explicit concurrent mark sweep GC freed 3(96B) AllocSpace objects, 0(0B) LOS objects, 40% free, 22MB/38MB, paused 179us total 13.518ms
08-05 03:33:14.001 31301 31313 I art     : Starting a blocking GC Explicit
08-05 03:33:14.014 31301 31313 I art     : Explicit concurrent mark sweep GC freed 3(96B) AllocSpace objects, 0(0B) LOS objects, 40% free, 22MB/38MB, paused 180us total 12.032ms
08-05 03:33:14.020 31301 31313 I art     : Starting a blocking GC Explicit
08-05 03:33:14.032 31301 31313 I art     : Explicit concurrent mark sweep GC freed 3(96B) AllocSpace objects, 0(0B) LOS objects, 40% free, 22MB/38MB, paused 187us total 12.282ms
08-05 03:33:14.295 31506 31506 D AndroidRuntime: >>>>>> START com.android.internal.os.RuntimeInit uid 2000 <<<<<<
08-05 03:33:14.304 31506 31506 D AndroidRuntime: CheckJNI is OFF
08-05 03:33:14.309 31301 31314 I art     : Starting a blocking GC Explicit
08-05 03:33:14.324 31301 31314 I art     : Explicit concurrent mark sweep GC freed 1583(94KB) AllocSpace objects, 1(20KB) LOS objects, 40% free, 22MB/38MB, paused 211us total 14.423ms
08-05 03:33:14.330 31301 31314 I art     : Starting a blocking GC Explicit
08-05 03:33:14.334 31506 31506 D ICU     : No timezone override file found: /data/misc/zoneinfo/current/icu/icu_tzdata.dat
08-05 03:33:14.345 31301 31314 I art     : Explicit concurrent mark sweep GC freed 35(1136B) AllocSpace objects, 0(0B) LOS objects, 40% free, 22MB/38MB, paused 221us total 14.033ms
08-05 03:33:14.351 31301 31314 I art     : Starting a blocking GC Explicit
08-05 03:33:14.360 31506 31506 I Radio-JNI: register_android_hardware_Radio DONE
08-05 03:33:14.364 31301 31314 I art     : Explicit concurrent mark sweep GC freed 3(96B) AllocSpace objects, 0(0B) LOS objects, 40% free, 22MB/38MB, paused 209us total 13.132ms
08-05 03:33:14.370 31301 31314 I art     : Starting a blocking GC Explicit
08-05 03:33:14.377 31506 31506 D AndroidRuntime: Calling main entry com.android.commands.input.Input
08-05 03:33:14.378 31506 31506 I Input   : injectMotionEvent: MotionEvent { action=ACTION_DOWN, actionButton=0, id[0]=0, x[0]=1233.0, y[0]=1274.0, toolType[0]=TOOL_TYPE_UNKNOWN, buttonState=0, metaState=0, flags=0x0, edgeFlags=0x0, pointerCount=1, historySize=0, eventTime=761610791, downTime=761610791, deviceId=0, source=0x1002 }
08-05 03:33:14.384 31301 31314 I art     : Explicit concurrent mark sweep GC freed 3(96B) AllocSpace objects, 0(0B) LOS objects, 40% free, 22MB/38MB, paused 183us total 13.472ms
08-05 03:33:14.386 31506 31506 I Input   : injectMotionEvent: MotionEvent { action=ACTION_UP, actionButton=0, id[0]=0, x[0]=1233.0, y[0]=1274.0, toolType[0]=TOOL_TYPE_UNKNOWN, buttonState=0, metaState=0, flags=0x0, edgeFlags=0x0, pointerCount=1, historySize=0, eventTime=761610791, downTime=761610791, deviceId=0, source=0x1002 }
08-05 03:33:14.387 31506 31506 D AndroidRuntime: Shutting down VM
08-05 03:33:14.390 31301 31314 I art     : Starting a blocking GC Explicit
08-05 03:33:14.404 31301 31314 I art     : Explicit concurrent mark sweep GC freed 6(192B) AllocSpace objects, 0(0B) LOS objects, 40% free, 22MB/38MB, paused 211us total 13.833ms
08-05 03:33:14.627 31301 31361 I art     : Starting a blocking GC Explicit
08-05 03:33:14.643 31301 31361 I art     : Explicit concurrent mark sweep GC freed 1584(94KB) AllocSpace objects, 1(20KB) LOS objects, 40% free, 22MB/38MB, paused 269us total 15.223ms
08-05 03:33:14.650 31301 31361 I art     : Starting a blocking GC Explicit
08-05 03:33:14.664 31301 31361 I art     : Explicit concurrent mark sweep GC freed 35(1136B) AllocSpace objects, 0(0B) LOS objects, 40% free, 22MB/38MB, paused 217us total 14.234ms
08-05 03:33:14.672 31301 31361 I art     : Starting a blocking GC Explicit
08-05 03:33:14.687 31301 31361 I art     : Explicit concurrent mark sweep GC freed 3(96B) AllocSpace objects, 0(0B) LOS objects, 40% free, 22MB/38MB, paused 261us total 14.799ms
08-05 03:33:14.693 31301 31361 I art     : Starting a blocking GC Explicit
08-05 03:33:14.707 31301 31361 I art     : Explicit concurrent mark sweep GC freed 3(96B) AllocSpace objects, 0(0B) LOS objects, 40% free, 22MB/38MB, paused 203us total 13.648ms
08-05 03:33:14.714 31301 31361 I art     : Starting a blocking GC Explicit
08-05 03:33:14.728 31301 31361 I art     : Explicit concurrent mark sweep GC freed 3(96B) AllocSpace objects, 0(0B) LOS objects, 40% free, 22MB/38MB, paused 238us total 13.689ms
08-05 03:33:14.813 13866 13866 I GoogleInputMethodServic: GoogleInputMethodService.onFinishInput():3138 
08-05 03:33:14.813 13866 13866 I GoogleInputMethodServic: GoogleInputMethodService.onStartInput():1808 
08-05 03:33:14.991 31301 31361 I art     : Starting a blocking GC Explicit
08-05 03:33:15.009 31301 31361 I art     : Explicit concurrent mark sweep GC freed 1704(98KB) AllocSpace objects, 1(20KB) LOS objects, 40% free, 22MB/38MB, paused 285us total 18.498ms
08-05 03:33:15.020 31301 31361 I art     : Starting a blocking GC Explicit
08-05 03:33:15.038 31301 31361 I art     : Explicit concurrent mark sweep GC freed 43(1584B) AllocSpace objects, 0(0B) LOS objects, 40% free, 22MB/38MB, paused 210us total 17.094ms
08-05 03:33:15.044 31301 31361 I art     : Starting a blocking GC Explicit
08-05 03:33:15.059 31301 31361 I art     : Explicit concurrent mark sweep GC freed 3(96B) AllocSpace objects, 0(0B) LOS objects, 40% free, 22MB/38MB, paused 203us total 14.380ms
08-05 03:33:15.066 31301 31361 I art     : Starting a blocking GC Explicit
08-05 03:33:15.080 31301 31361 I art     : Explicit concurrent mark sweep GC freed 3(96B) AllocSpace objects, 0(0B) LOS objects, 40% free, 22MB/38MB, paused 204us total 14.423ms
08-05 03:33:15.087 31301 31361 I art     : Starting a blocking GC Explicit
08-05 03:33:15.101 31301 31361 I art     : Explicit concurrent mark sweep GC freed 3(96B) AllocSpace objects, 0(0B) LOS objects, 40% free, 22MB/38MB, paused 223us total 13.777ms
08-05 03:33:15.381 31301 31313 I art     : Starting a blocking GC Explicit
08-05 03:33:15.406 31301 31313 I art     : Explicit concurrent mark sweep GC freed 1582(94KB) AllocSpace objects, 1(20KB) LOS objects, 40% free, 22MB/38MB, paused 424us total 24.720ms
08-05 03:33:15.413 31301 31313 I art     : Starting a blocking GC Explicit
08-05 03:33:15.428 31301 31313 I art     : Explicit concurrent mark sweep GC freed 35(1136B) AllocSpace objects, 0(0B) LOS objects, 40% free, 22MB/38MB, paused 207us total 14.876ms
08-05 03:33:15.435 31301 31313 I art     : Starting a blocking GC Explicit
08-05 03:33:15.449 31301 31313 I art     : Explicit concurrent mark sweep GC freed 3(96B) AllocSpace objects, 0(0B) LOS objects, 40% free, 22MB/38MB, paused 195us total 14.184ms
08-05 03:33:15.456 31301 31313 I art     : Starting a blocking GC Explicit
08-05 03:33:15.470 31301 31313 I art     : Explicit concurrent mark sweep GC freed 3(96B) AllocSpace objects, 0(0B) LOS objects, 40% free, 22MB/38MB, paused 205us total 14.111ms
08-05 03:33:15.477 31301 31313 I art     : Starting a blocking GC Explicit
08-05 03:33:15.491 31301 31313 I art     : Explicit concurrent mark sweep GC freed 3(96B) AllocSpace objects, 0(0B) LOS objects, 40% free, 22MB/38MB, paused 198us total 14.250ms
08-05 03:33:15.739 31301 31314 I art     : Starting a blocking GC Explicit
08-05 03:33:15.754 31301 31314 I art     : Explicit concurrent mark sweep GC freed 1582(94KB) AllocSpace objects, 1(20KB) LOS objects, 40% free, 22MB/38MB, paused 211us total 14.487ms
08-05 03:33:15.760 31301 31314 I art     : Starting a blocking GC Explicit
08-05 03:33:15.774 31301 31314 I art     : Explicit concurrent mark sweep GC freed 60(1824B) AllocSpace objects, 0(0B) LOS objects, 40% free, 22MB/38MB, paused 199us total 13.874ms
08-05 03:33:15.781 31301 31314 I art     : Starting a blocking GC Explicit
08-05 03:33:15.794 31301 31314 I art     : Explicit concurrent mark sweep GC freed 3(96B) AllocSpace objects, 0(0B) LOS objects, 40% free, 22MB/38MB, paused 219us total 13.360ms
08-05 03:33:15.800 31301 31314 I art     : Starting a blocking GC Explicit
08-05 03:33:15.814 31301 31314 I art     : Explicit concurrent mark sweep GC freed 3(96B) AllocSpace objects, 0(0B) LOS objects, 40% free, 22MB/38MB, paused 200us total 13.742ms
08-05 03:33:15.820 31301 31314 I art     : Starting a blocking GC Explicit
08-05 03:33:15.834 31301 31314 I art     : Explicit concurrent mark sweep GC freed 3(96B) AllocSpace objects, 0(0B) LOS objects, 40% free, 22MB/38MB, paused 196us total 12.972ms
08-05 03:33:15.960 31560 31560 D AndroidRuntime: >>>>>> START com.android.internal.os.RuntimeInit uid 2000 <<<<<<
08-05 03:33:15.965 31560 31560 D AndroidRuntime: CheckJNI is OFF
08-05 03:33:15.991 31560 31560 D ICU     : No timezone override file found: /data/misc/zoneinfo/current/icu/icu_tzdata.dat
08-05 03:33:16.016 31560 31560 I Radio-JNI: register_android_hardware_Radio DONE
08-05 03:33:16.032 31560 31560 D AndroidRuntime: Calling main entry com.android.commands.input.Input
08-05 03:33:16.034 31560 31560 I Input   : injectMotionEvent: MotionEvent { action=ACTION_DOWN, actionButton=0, id[0]=0, x[0]=103.0, y[0]=192.0, toolType[0]=TOOL_TYPE_UNKNOWN, buttonState=0, metaState=0, flags=0x0, edgeFlags=0x0, pointerCount=1, historySize=0, eventTime=761612446, downTime=761612446, deviceId=0, source=0x1002 }
08-05 03:33:16.038 31560 31560 I Input   : injectMotionEvent: MotionEvent { action=ACTION_UP, actionButton=0, id[0]=0, x[0]=103.0, y[0]=192.0, toolType[0]=TOOL_TYPE_UNKNOWN, buttonState=0, metaState=0, flags=0x0, edgeFlags=0x0, pointerCount=1, historySize=0, eventTime=761612446, downTime=761612446, deviceId=0, source=0x1002 }
08-05 03:33:16.039 31560 31560 D AndroidRuntime: Shutting down VM
08-05 03:33:16.047   512  2967 D audio_hw_primary: out_set_parameters: enter: usecase(1: low-latency-playback) kvpairs: routing=2
08-05 03:33:16.061   512  2967 D audio_hw_primary: select_devices: out_snd_device(2: speaker) in_snd_device(0: none)
08-05 03:33:16.061   512  2967 D msm8974_platform: platform_send_audio_calibration: sending audio calibration for snd_device(2) acdb_id(15)
08-05 03:33:16.061   512  2967 I soundtrigger: audio_extn_sound_trigger_update_device_status: device 0x2 of type 0 for Event 1
08-05 03:33:16.072   512  2967 D audio_hw_primary: enable_snd_device: snd_device(2: speaker)
08-05 03:33:16.074   512  2967 D audio_hw_primary: enable_audio_route: apply and update mixer path: low-latency-playback speaker
08-05 03:33:16.077 31301 31314 I art     : Starting a blocking GC Explicit
08-05 03:33:16.083 13866 13866 I GoogleInputMethodServic: GoogleInputMethodService.onFinishInput():3138 
08-05 03:33:16.084 13866 13866 I GoogleInputMethodServic: GoogleInputMethodService.onStartInput():1808 
08-05 03:33:16.092 31301 31314 I art     : Explicit concurrent mark sweep GC freed 1709(98KB) AllocSpace objects, 1(20KB) LOS objects, 40% free, 22MB/38MB, paused 197us total 14.042ms
08-05 03:33:16.099 31301 31314 I art     : Starting a blocking GC Explicit
08-05 03:33:16.112 31301 31314 I art     : Explicit concurrent mark sweep GC freed 49(1840B) AllocSpace objects, 0(0B) LOS objects, 40% free, 22MB/38MB, paused 218us total 12.813ms
08-05 03:33:16.119 31301 31314 I art     : Starting a blocking GC Explicit
08-05 03:33:16.132 31301 31314 I art     : Explicit concurrent mark sweep GC freed 379(19KB) AllocSpace objects, 0(0B) LOS objects, 40% free, 22MB/38MB, paused 196us total 12.734ms
08-05 03:33:16.138 31301 31314 I art     : Starting a blocking GC Explicit
