08-05 02:52:17.618 24577 13336 I Icing   : IndexChimeraService.getServiceInterface callingPackage=com.google.android.gms componentName=AppsCorpus serviceId=36
08-05 02:52:17.639 23251 23300 I DynamiteLoaderV2: [71] Cronetdynamite
08-05 02:52:17.642 23251 23300 E linker  : readlink('/proc/self/fd/34') failed: Permission denied [fd=34]
08-05 02:52:17.642 23251 23300 E linker  : warning: unable to get realpath for the library "/data/data/com.google.android.gms/app_chimera/m/00000038/oat/arm64/CronetDynamite.odex". Will use given name.
08-05 02:52:17.644 23279 23279 D ExternalPlayerFragment: Loading media info
08-05 02:52:17.644 23279 23329 D Nappa   : PREFETCH_ON_EXTRA - setCurrentActivity - logs - from extra - made prediction isfalse
08-05 02:52:17.645 23279 23279 D QueueFragment: loadItems()
08-05 02:52:17.648 17099 17099 I Finsky  : [1] nly.a(-1): previousAllInstallsDone is Optional.empty, allInstallationsDone is Optional[true]
08-05 02:52:17.648 17099 17099 I Finsky  : [1] nly.a(-1): Updating installations status false cross profiles
08-05 02:52:17.648 17099 17099 I Finsky  : [1] hcq.b(1): Binding for 159693203
08-05 02:52:17.650 23279 23385 D DBReader: getQueue() called
08-05 02:52:17.650 23279 23385 D DBReader: getQueue()
08-05 02:52:17.651 23279 23385 D DBReader: getFavoriteIDList() called
08-05 02:52:17.652 23279 23385 D DBReader: getQueueIDList() called
08-05 02:52:17.652 23279 23385 D DBReader: Extracting Feedlist
08-05 02:52:17.656 23279 23279 V PlaybackController: initServiceNotRunning()
08-05 02:52:17.656 17099 17099 I Finsky  : [1] ProfileStateService.onCreate(-1): creating profileStateService
08-05 02:52:17.656 23279 23279 D ExternalPlayerFragment: Loading media info
08-05 02:52:17.659 23279 23279 D UserPreferences: Using default data folder
08-05 02:52:17.661 23279 23279 D AutoUpdateManager: last refresh: 443496 hours 52 minutes ago
08-05 02:52:17.662 23279 23279 D NappaLifecycleObserver: nappatfpr.de.danoeh.antennapod.activity.MainActivity - onResume
08-05 02:52:17.662 23279 23279 D Nappa   : setCurrentActivity - MetricStrategyAccuracy - 
08-05 02:52:17.662 23279 23279 D Nappa   : madePredictionFromActivity = false, 
08-05 02:52:17.662 23279 23279 D Nappa   : fromActivity = nappatfpr.de.danoeh.antennapod.activity.SplashActivity, 
08-05 02:52:17.662 23279 23279 D Nappa   : predictedNextActivityFromActivity = [], 
08-05 02:52:17.662 23279 23279 D Nappa   : activity.getClass().getCanonicalName() = nappatfpr.de.danoeh.antennapod.activity.MainActivity, 
08-05 02:52:17.662 23279 23385 D DBReader: getNavDrawerData() called with: 
08-05 02:52:17.662 23279 23279 D Nappa   : setCurrentActivity - MetricStrategyAccuracy - 
08-05 02:52:17.662 23279 23279 D Nappa   : madePredictionFromExtra = false, 
08-05 02:52:17.662 23279 23279 D Nappa   : fromActivity = nappatfpr.de.danoeh.antennapod.activity.SplashActivity, 
08-05 02:52:17.662 23279 23279 D Nappa   : predictedNextActivityFromExtra = [], 
08-05 02:52:17.662 23279 23279 D Nappa   : activity.getClass().getCanonicalName() = nappatfpr.de.danoeh.antennapod.activity.MainActivity, 
08-05 02:52:17.662 23279 23279 D Nappa   : PREFETCH_ON_EXTRA - setCurrentActivity - logs - from activity - made prediction isfalse
08-05 02:52:17.666 23279 23385 D DBReader: getDownloadedItems() called
08-05 02:52:17.667 23279 23385 D DBReader: getFavoriteIDList() called
08-05 02:52:17.667 23279 23385 D DBReader: getQueueIDList() called
08-05 02:52:17.667 23279 23385 D DBReader: Extracting Feedlist
08-05 02:52:17.670 17099 17099 I Finsky  : [1] hci.a(3): Registering listener 116019406 for user UserHandle{0}.
08-05 02:52:17.676 17099 17099 I Finsky  : [1] hci.c(8): User UserHandle{0} finished enterprise setup, removing profile.
08-05 02:52:17.677 17099 17099 I Finsky  : [1] hci.b(14): User UserHandle{0} is not in installation anymore, removing profile.
08-05 02:52:17.677 17099 17099 I Finsky  : [1] hci.b(22): Notifying user UserHandle{0} that all installs are finished
08-05 02:52:17.680 17099 17099 I Finsky  : [1] hcq.d(1): unbinding for 159693203
08-05 02:52:17.685 17099 23411 I Finsky  : [5982] hci.b(5): Removing listener for user UserHandle{0} and listener 116019406
08-05 02:52:17.695 24577 24411 W Icing   : No valid account for uploading user actions
08-05 02:52:17.734 24577 13294 I Icing   : IndexChimeraService.getServiceInterface callingPackage=com.google.android.gms componentName=null serviceId=30
08-05 02:52:17.762 23279 23279 D Nappa   : registerActivity: (already in) nappatfpr.de.danoeh.antennapod.activity.MainActivity
08-05 02:52:17.763 23279 23279 D ActivityNode: ACTNODE UPDATING AFTER LOADING FROM DB
08-05 02:52:17.763 23279 23279 D ActivityGraph: LARDataCalculatedUpdate nappatfpr.de.danoeh.antennapod.activity.MainActivity Pagerank: 0.25 HITS-Authority: 1.0 HITS-Hub: 1.0 SALSA-Authority: 1.0 SALSA-Hub: 1.0
08-05 02:52:17.763 23279 23279 D Nappa   : SHOULD_PREFETCH true
08-05 02:52:17.808 24577 24411 I Icing   : Usage reports ok 2, Failed Usage reports 0, indexed 0, rejected 0
08-05 02:52:17.810 23251 23300 E linker  : readlink('/proc/self/fd/38') failed: Permission denied [fd=38]
08-05 02:52:17.810 23251 23300 E linker  : warning: unable to get realpath for the library "/data/data/com.google.android.gms/app_chimera/m/00000038/n/arm64-v8a/libcronet.83.0.4103.106.so". Will use given name.
08-05 02:52:17.812 24577 13294 I Icing   : IndexChimeraService.getServiceInterface callingPackage=com.google.android.gms componentName=null serviceId=36
08-05 02:52:17.813 24577 24411 W Icing   : No valid account for uploading user actions
08-05 02:52:17.828 24577 24411 I Icing   : Usage reports ok 0, Failed Usage reports 0, indexed 0, rejected 0
08-05 02:52:17.829 24577 24411 I Icing   : Indexing com.google.android.gms-internal.3p:MobileApplication from com.google.android.gms using seqno 763
08-05 02:52:17.832   918  6112 D ConnectivityService: listenForNetwork for Listen from uid/pid:10058/23251 for NetworkRequest [ id=3126, legacyType=-1, [ Capabilities: INTERNET&NOT_RESTRICTED&TRUSTED] ]
08-05 02:52:17.849 23251 23300 I cr_CronetLibraryLoader: Cronet version: 83.0.4103.106, arch: aarch64
08-05 02:52:17.860 24577 24411 W Icing   : No valid account for uploading user actions
08-05 02:52:17.864 23279 23279 D Nappa   : registerActivity: (already in) nappatfpr.de.danoeh.antennapod.activity.MainActivity
08-05 02:52:17.864 23279 23279 D Nappa   : SUCCESSORS nappatfpr.de.danoeh.antennapod.activity.PreferenceActivity
08-05 02:52:17.864 23279 23279 D Nappa   : SUCCESSORS nappatfpr.de.danoeh.antennapod.activity.OnlineFeedViewActivity
08-05 02:52:17.864 23279 23279 D Nappa   : SUCCESSORS nappatfpr.de.danoeh.antennapod.activity.FeedSettingsActivity
08-05 02:52:17.864 23279 23279 D Nappa   : SUCCESSORS nappatfpr.de.danoeh.antennapod.activity.FeedInfoActivity
08-05 02:52:17.865 23279 23279 D Nappa   : STATS Number of requests not prefetched: 0
08-05 02:52:17.865 23279 23279 D Nappa   : STATS Number of requests prefetched: 0
08-05 02:52:17.865 23279 23279 D Nappa   : STATS Time saved until now: 0.0
08-05 02:52:17.873 24577 24411 I Icing   : Usage reports ok 0, Failed Usage reports 0, indexed 0, rejected 0
08-05 02:52:17.892   380   380 W SurfaceFlinger: couldn't log to binary event log: overflow.
08-05 02:52:17.976 23279 23279 D MainActivity: getLastNavFragment() -> QueueFragment
08-05 02:52:17.977 23279 23279 D MainActivity: handleNavIntent()
08-05 02:52:18.062 23279 23329 D Nappa   : PREFETCH_ON_EXTRA - setCurrentActivity - logs - from extra - made prediction isfalse
08-05 02:52:18.080 23251 23430 I art     : Rejecting re-init on previously-failed class java.lang.Class<xlp>
08-05 02:52:18.080 23251 23430 I art     : Rejecting re-init on previously-failed class java.lang.Class<xlp>
08-05 02:52:18.081 23251 23430 I art     : Rejecting re-init on previously-failed class java.lang.Class<xlp>
08-05 02:52:18.081 23251 23430 I art     : Rejecting re-init on previously-failed class java.lang.Class<xlp>
08-05 02:52:18.084 23251 23430 I art     : Rejecting re-init on previously-failed class java.lang.Class<xlp>
08-05 02:52:18.109   918   935 D BluetoothManagerService: Added callback: android.bluetooth.IBluetoothManagerCallback$Stub$Proxy@9ac3fc9:true
08-05 02:52:18.115 23279 23279 D ActivityNode: Observer - visit time - SplashActivity - New aggregate visit time found is 474 ms
08-05 02:52:18.118   918   936 I ActivityManager: Displayed nappatfpr.de.danoeh.antennapod.debug/nappatfpr.de.danoeh.antennapod.activity.MainActivity: +595ms (total +2s272ms)
08-05 02:52:18.121 23279 23279 D ActivityNode: Observer - successor visit time - MainActivity - Updating the visit time from the successors list:
08-05 02:52:18.121 23279 23279 D ActivityNode: [AggregateVisitTimeByActivity{nappatfpr.de.danoeh.antennapod.activity.PreferenceActivity : 10041 ms}, AggregateVisitTimeByActivity{nappatfpr.de.danoeh.antennapod.activity.OnlineFeedViewActivity : 98291 ms}, AggregateVisitTimeByActivity{nappatfpr.de.danoeh.antennapod.activity.FeedSettingsActivity : 8680 ms}, AggregateVisitTimeByActivity{nappatfpr.de.danoeh.antennapod.activity.FeedInfoActivity : 9005 ms}]
08-05 02:52:18.121 23279 23279 D ActivityNode: Observer - successor visit time - SplashActivity - Updating the visit time from the successors list:
08-05 02:52:18.121 23279 23279 D ActivityNode: [AggregateVisitTimeByActivity{nappatfpr.de.danoeh.antennapod.activity.MainActivity : 15493 ms}]
08-05 02:52:18.122 23279 23279 D ActivityNode: Observer - session data - sourceSplashActivity
08-05 02:52:18.122 23279 23279 D ActivityNode: destinations:
08-05 02:52:18.122 23279 23279 D ActivityNode: 	nappatfpr.de.danoeh.antennapod.activity.MainActivity( count 3)
08-05 02:52:18.122 23279 23279 D ActivityNode: Observer - session data - sourceMainActivity
08-05 02:52:18.122 23279 23279 D ActivityNode: destinations:
08-05 02:52:18.122 23279 23279 D ActivityNode: 	nappatfpr.de.danoeh.antennapod.activity.PreferenceActivity( count 2)
08-05 02:52:18.122 23279 23279 D ActivityNode: 	nappatfpr.de.danoeh.antennapod.activity.OnlineFeedViewActivity( count 16)
08-05 02:52:18.122 23279 23279 D ActivityNode: 	nappatfpr.de.danoeh.antennapod.activity.FeedSettingsActivity( count 2)
08-05 02:52:18.122 23279 23279 D ActivityNode: 	nappatfpr.de.danoeh.antennapod.activity.FeedInfoActivity( count 2)
08-05 02:52:18.122 23279 23279 D ActivityNode: Observer - session data - sourcePreferenceActivity
08-05 02:52:18.122 23279 23279 D ActivityNode: destinations:
08-05 02:52:18.123 23279 23279 D ActivityNode: Observer - session data - sourceOnlineFeedViewActivity
08-05 02:52:18.123 23279 23279 D ActivityNode: destinations:
08-05 02:52:18.123 23279 23279 D ActivityNode: Observer - session data - sourceFeedSettingsActivity
08-05 02:52:18.123 23279 23279 D ActivityNode: destinations:
08-05 02:52:18.123 23279 23279 D ActivityNode: Observer - session data - sourceFeedInfoActivity
08-05 02:52:18.123 23279 23279 D ActivityNode: destinations:
08-05 02:52:18.130 13866 13866 I GoogleInputMethodServic: GoogleInputMethodService.onFinishInput():3138 
08-05 02:52:18.131 13866 13866 I GoogleInputMethodServic: GoogleInputMethodService.onStartInput():1808 
08-05 02:52:18.139 23279 23279 D NappaLifecycleObserver: nappatfpr.de.danoeh.antennapod.activity.SplashActivity - onDestroy
08-05 02:52:18.139 23279 23279 D NappaLifecycleObserver: -------------F1_SCORE #0 -----------
08-05 02:52:18.140 23279 23279 D NappaLifecycleObserver: F1_SCORE - Intercept list (0)= []
08-05 02:52:18.140 23279 23279 D NappaLifecycleObserver: F1_SCORE - Prefetch list (0)= []
08-05 02:52:18.140 23279 23279 D NappaLifecycleObserver: F1_SCORE - TP list (0)= []
08-05 02:52:18.140 23279 23279 D NappaLifecycleObserver: F1_SCORE - FN list (0)= []
08-05 02:52:18.140 23279 23279 I NAPPA_EXPERIMENTATION: MetricPrefetchingAccuracy: LOG_ID='1',F1_SCORE_1='0.0',F1_SCORE_2='0.0',TRUE_POSITIVE='0',FALSE_POSITIVE='0',FALSE_NEGATIVE='0',
08-05 02:52:18.143 29532 29532 W PathParser: Points are too far apart 4.030360828967057
08-05 02:52:18.143 29532 29532 W PathParser: Points are too far apart 4.030360538880159
08-05 02:52:18.152 23313 23337 W art     : Verification of void amtw.b(android.app.Activity) took 148.253ms
08-05 02:52:18.161 29532 29532 W PathParser: Points are too far apart 4.030360828967057
08-05 02:52:18.161 29532 29532 W PathParser: Points are too far apart 4.030360538880159
08-05 02:52:18.177 29532 29532 W PathParser: Points are too far apart 4.030360828967057
08-05 02:52:18.177 29532 29532 W PathParser: Points are too far apart 4.030360538880159
08-05 02:52:18.193 29532 29532 W PathParser: Points are too far apart 4.030360828967057
08-05 02:52:18.193 29532 29532 W PathParser: Points are too far apart 4.030360538880159
08-05 02:52:18.210 29532 29532 W PathParser: Points are too far apart 4.030360828967057
08-05 02:52:18.210 29532 29532 W PathParser: Points are too far apart 4.030360538880159
08-05 02:52:18.229 29532 29532 W PathParser: Points are too far apart 4.030360828967057
08-05 02:52:18.229 29532 29532 W PathParser: Points are too far apart 4.030360538880159
08-05 02:52:18.243 29532 29532 W PathParser: Points are too far apart 4.030360828967057
08-05 02:52:18.243 29532 29532 W PathParser: Points are too far apart 4.030360538880159
08-05 02:52:18.260 29532 29532 W PathParser: Points are too far apart 4.030360828967057
08-05 02:52:18.260 29532 29532 W PathParser: Points are too far apart 4.030360538880159
08-05 02:52:18.317 23251 23438 I DynamiteLoaderV2: [71] Measurementdynamite
08-05 02:52:18.341 23251 23438 E linker  : readlink('/proc/self/fd/60') failed: Permission denied [fd=60]
08-05 02:52:18.341 23251 23438 E linker  : warning: unable to get realpath for the library "/data/data/com.google.android.gms/app_chimera/m/0000003e/oat/arm64/MeasurementDynamite.odex". Will use given name.
08-05 02:52:18.345 23251 23438 W System  : ClassLoader referenced unknown path: /data/data/com.google.android.gms/app_chimera/m/0000003e/n/arm64-v8a
08-05 02:52:18.366 23279 23329 D Nappa   : PREFETCH_ON_EXTRA - setCurrentActivity - starting new prediction
08-05 02:52:18.366 23279 23329 D Nappa   : Current node - currentActivityName - nappatfpr.de.danoeh.antennapod.activity.MainActivity
08-05 02:52:18.366 23279 23329 D Nappa   : Current node - activityGraph.getCurrent() - nappatfpr.de.danoeh.antennapod.activity.MainActivity
08-05 02:52:18.370 23279 23329 I NAPPA_EXPERIMENTATION: MetricNappaPrefetchingStrategyExecutionTime: STRATEGY_CLASS='TfprPrefetchingStrategy',DURATION='2349687',NUMBER_OF_URLS='0',NUMBER_OF_SELECTED_CHILDREN_NODES='1',NUMBER_OF_CHILDREN_NODES='4',STRATEGY_RUN_SUCCESSFULLY='True',
08-05 02:52:18.370 23279 23329 D TfprPrefetchingStrategy: ==================================
08-05 02:52:18.370 23279 23329 D TfprPrefetchingStrategy: Starting Run #1
08-05 02:52:18.370 23279 23329 D TfprPrefetchingStrategy: ----------------------------------
08-05 02:52:18.370 23279 23329 D TfprPrefetchingStrategy: Node data MainActivity 
08-05 02:52:18.370 23279 23329 D TfprPrefetchingStrategy: 	Successors:
08-05 02:52:18.370 23279 23329 D TfprPrefetchingStrategy: 		PreferenceActivity (0 hits)
08-05 02:52:18.370 23279 23329 D TfprPrefetchingStrategy: 		OnlineFeedViewActivity (0 hits)
08-05 02:52:18.370 23279 23329 D TfprPrefetchingStrategy: 		FeedSettingsActivity (0 hits)
08-05 02:52:18.370 23279 23329 D TfprPrefetchingStrategy: 		FeedInfoActivity (0 hits)
08-05 02:52:18.370 23279 23329 D TfprPrefetchingStrategy: 	Ancestors:
08-05 02:52:18.370 23279 23329 D TfprPrefetchingStrategy: 		SplashActivity (0 hits)
08-05 02:52:18.370 23279 23329 D TfprPrefetchingStrategy: 
08-05 02:52:18.370 23279 23329 D TfprPrefetchingStrategy: MetricStrategyAccuracy inc execution count1 | act = true; extra = false
08-05 02:52:18.370 23279 23329 D TfprPrefetchingStrategy: ===
08-05 02:52:18.370 23279 23329 D TfprPrefetchingStrategy: calculateVisitTimeScores
08-05 02:52:18.371 23279 23329 D TfprPrefetchingStrategy: -------- Node FeedSettingsActivity-----------
08-05 02:52:18.371 23279 23329 D TfprPrefetchingStrategy: tfprNode.aggregateVisitTime = 8680
08-05 02:52:18.371 23279 23329 D TfprPrefetchingStrategy: tfprNode.totalAggregateVisitTimeFromSuccessors = 0
08-05 02:52:18.371 23279 23329 D TfprPrefetchingStrategy: tfprNode.aggregateVisitTimeFromSuccessors = {}
08-05 02:52:18.371 23279 23329 D TfprPrefetchingStrategy: -------- Node MainActivity-----------
08-05 02:52:18.371 23279 23329 D TfprPrefetchingStrategy: tfprNode.aggregateVisitTime = 156614
08-05 02:52:18.371 23279 23329 D TfprPrefetchingStrategy: tfprNode.totalAggregateVisitTimeFromSuccessors = 126017
08-05 02:52:18.371 23279 23329 D TfprPrefetchingStrategy: tfprNode.aggregateVisitTimeFromSuccessors = {nappatfpr.de.danoeh.antennapod.activity.FeedInfoActivity=9005, nappatfpr.de.danoeh.antennapod.activity.FeedSettingsActivity=8680, nappatfpr.de.danoeh.antennapod.activity.OnlineFeedViewActivity=98291, nappatfpr.de.danoeh.antennapod.activity.PreferenceActivity=10041}
08-05 02:52:18.371 23279 23329 D TfprPrefetchingStrategy: -------- Node FeedInfoActivity-----------
08-05 02:52:18.371 23279 23329 D TfprPrefetchingStrategy: tfprNode.aggregateVisitTime = 9005
08-05 02:52:18.371 23279 23329 D TfprPrefetchingStrategy: tfprNode.totalAggregateVisitTimeFromSuccessors = 0
08-05 02:52:18.371 23279 23329 D TfprPrefetchingStrategy: tfprNode.aggregateVisitTimeFromSuccessors = {}
08-05 02:52:18.371 23279 23329 D TfprPrefetchingStrategy: -------- Node OnlineFeedViewActivity-----------
08-05 02:52:18.371 23279 23329 D TfprPrefetchingStrategy: tfprNode.aggregateVisitTime = 98291
08-05 02:52:18.371 23279 23329 D TfprPrefetchingStrategy: tfprNode.totalAggregateVisitTimeFromSuccessors = 0
08-05 02:52:18.371 23279 23329 D TfprPrefetchingStrategy: tfprNode.aggregateVisitTimeFromSuccessors = {}
08-05 02:52:18.371 23279 23329 D TfprPrefetchingStrategy: -------- Node PreferenceActivity-----------
08-05 02:52:18.371 23279 23329 D TfprPrefetchingStrategy: tfprNode.aggregateVisitTime = 10041
08-05 02:52:18.371 23279 23329 D TfprPrefetchingStrategy: tfprNode.totalAggregateVisitTimeFromSuccessors = 0
08-05 02:52:18.371 23279 23329 D TfprPrefetchingStrategy: tfprNode.aggregateVisitTimeFromSuccessors = {}
08-05 02:52:18.371 23279 23329 D TfprPrefetchingStrategy: -------- Graph -----------
08-05 02:52:18.371 23279 23329 D TfprPrefetchingStrategy: tfprGraph.aggregateVisitTimeFromSuccessors = 282631
08-05 02:52:18.371 23279 23329 D TfprPrefetchingStrategy: ===
08-05 02:52:18.371 23279 23329 D TfprPrefetchingStrategy: ===
08-05 02:52:18.371 23279 23329 D TfprPrefetchingStrategy: runTfprAlgorithm
08-05 02:52:18.371 23279 23329 D TfprPrefetchingStrategy: ------------- TFPR calculation #1 of 10 -----------
08-05 02:52:18.371 23279 23329 D TfprPrefetchingStrategy: node FeedSettingsActivity score = 0.02610471
08-05 02:52:18.372 23279 23329 D TfprPrefetchingStrategy: node MainActivity score = 0.47100958
08-05 02:52:18.372 23279 23329 D TfprPrefetchingStrategy: node FeedInfoActivity score = 0.032130785
08-05 02:52:18.372 23279 23329 D TfprPrefetchingStrategy: node OnlineFeedViewActivity score = 0.3507126
08-05 02:52:18.372 23279 23329 D TfprPrefetchingStrategy: node PreferenceActivity score = 0.035827342
08-05 02:52:18.372 23279 23329 D TfprPrefetchingStrategy: ------------- TFPR calculation #2 of 10 -----------
08-05 02:52:18.372 23279 23329 D TfprPrefetchingStrategy: node FeedSettingsActivity score = 0.03097115
08-05 02:52:18.372 23279 23329 D TfprPrefetchingStrategy: node MainActivity score = 0.47100958
08-05 02:52:18.372 23279 23329 D TfprPrefetchingStrategy: node FeedInfoActivity score = 0.032130785
08-05 02:52:18.372 23279 23329 D TfprPrefetchingStrategy: node OnlineFeedViewActivity score = 0.3507126
08-05 02:52:18.372 23279 23329 D TfprPrefetchingStrategy: node PreferenceActivity score = 0.035827342
08-05 02:52:18.372 23279 23329 D TfprPrefetchingStrategy: ------------- TFPR calculation #3 of 10 -----------
08-05 02:52:18.372 23279 23329 D TfprPrefetchingStrategy: node FeedSettingsActivity score = 0.03097115
08-05 02:52:18.372 23279 23329 D TfprPrefetchingStrategy: node MainActivity score = 0.47100958
08-05 02:52:18.372 23279 23329 D TfprPrefetchingStrategy: node FeedInfoActivity score = 0.032130785
08-05 02:52:18.372 23279 23329 D TfprPrefetchingStrategy: node OnlineFeedViewActivity score = 0.3507126
08-05 02:52:18.372 23279 23329 D TfprPrefetchingStrategy: node PreferenceActivity score = 0.035827342
08-05 02:52:18.372 23279 23329 D TfprPrefetchingStrategy: ------------- TFPR calculation #4 of 10 -----------
08-05 02:52:18.372 23279 23329 D TfprPrefetchingStrategy: node FeedSettingsActivity score = 0.03097115
08-05 02:52:18.372 23279 23329 D TfprPrefetchingStrategy: node MainActivity score = 0.47100958
08-05 02:52:18.372 23279 23329 D TfprPrefetchingStrategy: node FeedInfoActivity score = 0.032130785
08-05 02:52:18.372 23279 23329 D TfprPrefetchingStrategy: node OnlineFeedViewActivity score = 0.3507126
08-05 02:52:18.372 23279 23329 D TfprPrefetchingStrategy: node PreferenceActivity score = 0.035827342
08-05 02:52:18.372 23279 23329 D TfprPrefetchingStrategy: ------------- TFPR calculation #5 of 10 -----------
08-05 02:52:18.372 23279 23329 D TfprPrefetchingStrategy: node FeedSettingsActivity score = 0.03097115
08-05 02:52:18.372 23279 23329 D TfprPrefetchingStrategy: node MainActivity score = 0.47100958
08-05 02:52:18.372 23279 23329 D TfprPrefetchingStrategy: node FeedInfoActivity score = 0.032130785
08-05 02:52:18.372 23279 23329 D TfprPrefetchingStrategy: node OnlineFeedViewActivity score = 0.3507126
08-05 02:52:18.372 23279 23329 D TfprPrefetchingStrategy: node PreferenceActivity score = 0.035827342
08-05 02:52:18.372 23279 23329 D TfprPrefetchingStrategy: ------------- TFPR calculation #6 of 10 -----------
08-05 02:52:18.372 23279 23329 D TfprPrefetchingStrategy: node FeedSettingsActivity score = 0.03097115
08-05 02:52:18.373 23279 23329 D TfprPrefetchingStrategy: node MainActivity score = 0.47100958
08-05 02:52:18.373 23279 23329 D TfprPrefetchingStrategy: node FeedInfoActivity score = 0.032130785
08-05 02:52:18.373 23279 23329 D TfprPrefetchingStrategy: node OnlineFeedViewActivity score = 0.3507126
08-05 02:52:18.373 23279 23329 D TfprPrefetchingStrategy: node PreferenceActivity score = 0.035827342
08-05 02:52:18.373 23279 23329 D TfprPrefetchingStrategy: ------------- TFPR calculation #7 of 10 -----------
08-05 02:52:18.373 23279 23329 D TfprPrefetchingStrategy: node FeedSettingsActivity score = 0.03097115
08-05 02:52:18.373 23279 23329 D TfprPrefetchingStrategy: node MainActivity score = 0.47100958
08-05 02:52:18.373 23279 23329 D TfprPrefetchingStrategy: node FeedInfoActivity score = 0.032130785
08-05 02:52:18.373 23279 23329 D TfprPrefetchingStrategy: node OnlineFeedViewActivity score = 0.3507126
08-05 02:52:18.373 23279 23329 D TfprPrefetchingStrategy: node PreferenceActivity score = 0.035827342
08-05 02:52:18.373 23279 23329 D TfprPrefetchingStrategy: ------------- TFPR calculation #8 of 10 -----------
08-05 02:52:18.373 23279 23329 D TfprPrefetchingStrategy: node FeedSettingsActivity score = 0.03097115
08-05 02:52:18.373 23279 23329 D TfprPrefetchingStrategy: node MainActivity score = 0.47100958
08-05 02:52:18.373 23279 23329 D TfprPrefetchingStrategy: node FeedInfoActivity score = 0.032130785
08-05 02:52:18.373 23279 23329 D TfprPrefetchingStrategy: node OnlineFeedViewActivity score = 0.3507126
08-05 02:52:18.373 23279 23329 D TfprPrefetchingStrategy: node PreferenceActivity score = 0.035827342
08-05 02:52:18.373 23279 23329 D TfprPrefetchingStrategy: ------------- TFPR calculation #9 of 10 -----------
08-05 02:52:18.373 23279 23329 D TfprPrefetchingStrategy: node FeedSettingsActivity score = 0.03097115
08-05 02:52:18.373 23279 23329 D TfprPrefetchingStrategy: node MainActivity score = 0.47100958
08-05 02:52:18.373 23279 23329 D TfprPrefetchingStrategy: node FeedInfoActivity score = 0.032130785
08-05 02:52:18.373 23279 23329 D TfprPrefetchingStrategy: node OnlineFeedViewActivity score = 0.3507126
08-05 02:52:18.373 23279 23329 D TfprPrefetchingStrategy: node PreferenceActivity score = 0.035827342
08-05 02:52:18.373 23279 23329 D TfprPrefetchingStrategy: ------------- TFPR calculation #10 of 10 -----------
08-05 02:52:18.373 23279 23329 D TfprPrefetchingStrategy: node FeedSettingsActivity score = 0.03097115
08-05 02:52:18.373 23279 23329 D TfprPrefetchingStrategy: node MainActivity score = 0.47100958
08-05 02:52:18.373 23279 23329 D TfprPrefetchingStrategy: node FeedInfoActivity score = 0.032130785
08-05 02:52:18.373 23279 23329 D TfprPrefetchingStrategy: node OnlineFeedViewActivity score = 0.3507126
08-05 02:52:18.373 23279 23329 D TfprPrefetchingStrategy: node PreferenceActivity score = 0.035827342
08-05 02:52:18.373 23279 23329 D TfprPrefetchingStrategy: ===
08-05 02:52:18.373 23279 23329 D TfprPrefetchingStrategy: ===
08-05 02:52:18.373 23279 23329 D TfprPrefetchingStrategy: getSuccessorListSortByTfprScore
08-05 02:52:18.374 23279 23329 D TfprPrefetchingStrategy: Successors before the sort [TfprNode{PreferenceActivity : TFPR = 0.035827342}, TfprNode{OnlineFeedViewActivity : TFPR = 0.3507126}, TfprNode{FeedSettingsActivity : TFPR = 0.03097115}, TfprNode{FeedInfoActivity : TFPR = 0.032130785}]
08-05 02:52:18.374 23279 23329 D TfprPrefetchingStrategy: Successors sorted by highest to lowest score (N2 - N1 comparator) are [TfprNode{OnlineFeedViewActivity : TFPR = 0.3507126}, TfprNode{PreferenceActivity : TFPR = 0.035827342}, TfprNode{FeedInfoActivity : TFPR = 0.032130785}, TfprNode{FeedSettingsActivity : TFPR = 0.03097115}]
08-05 02:52:18.374 23279 23329 D TfprPrefetchingStrategy: Selected the following nodes:
08-05 02:52:18.374 23279 23329 D TfprPrefetchingStrategy: #1 - OnlineFeedViewActivity with score 0.3507126
08-05 02:52:18.374 23279 23329 D TfprPrefetchingStrategy: successors with high score = [OnlineFeedViewActivity 
08-05 02:52:18.374 23279 23329 D TfprPrefetchingStrategy: 	Successors:
08-05 02:52:18.374 23279 23329 D TfprPrefetchingStrategy: 
08-05 02:52:18.374 23279 23329 D TfprPrefetchingStrategy: 	Ancestors:
08-05 02:52:18.374 23279 23329 D TfprPrefetchingStrategy: 		MainActivity (0 hits)
08-05 02:52:18.374 23279 23329 D TfprPrefetchingStrategy: 
08-05 02:52:18.374 23279 23329 D TfprPrefetchingStrategy: ]
08-05 02:52:18.374 23279 23329 D TfprPrefetchingStrategy: ===
08-05 02:52:18.374 23279 23329 D TfprPrefetchingStrategy: Selected node OnlineFeedViewActivity containing the URLS []
08-05 02:52:18.374 23279 23329 D TfprPrefetchingStrategy: Next visited child will be [nappatfpr.de.danoeh.antennapod.activity.OnlineFeedViewActivity]
08-05 02:52:18.374 23279 23329 D TfprPrefetchingStrategy: ==================================
08-05 02:52:18.374 23279 23329 D Nappa   : PREFETCH_ON_EXTRA - setCurrentActivity - finished new prediction
08-05 02:52:18.504 23313 23336 W ResourceType: For resource 0x7f1403b8, entry index(952) is beyond type entryCount(289)
08-05 02:52:18.505 23313 23336 W ResourceType: For resource 0x7f140250, entry index(592) is beyond type entryCount(289)
08-05 02:52:18.505 23313 23336 W ResourceType: For resource 0x7f14025d, entry index(605) is beyond type entryCount(289)
08-05 02:52:18.528 23313 23336 W ResourceType: For resource 0x7f140323, entry index(803) is beyond type entryCount(289)
08-05 02:52:18.528 23313 23336 W ResourceType: For resource 0x7f140323, entry index(803) is beyond type entryCount(289)
08-05 02:52:18.538 23313 23336 W ResourceType: For resource 0x7f140323, entry index(803) is beyond type entryCount(289)
08-05 02:52:18.539 23313 23336 W ResourceType: For resource 0x7f1404fd, entry index(1277) is beyond type entryCount(289)
08-05 02:52:18.540 23313 23336 W ResourceType: For resource 0x7f1404fd, entry index(1277) is beyond type entryCount(289)
08-05 02:52:18.540 23313 23336 W ResourceType: For resource 0x7f1404fe, entry index(1278) is beyond type entryCount(289)
08-05 02:52:18.540 23313 23336 W ResourceType: For resource 0x7f140500, entry index(1280) is beyond type entryCount(289)
08-05 02:52:18.540 23313 23336 W ResourceType: For resource 0x7f1404ff, entry index(1279) is beyond type entryCount(289)
08-05 02:52:18.540 23313 23336 W ResourceType: For resource 0x7f140489, entry index(1161) is beyond type entryCount(289)
08-05 02:52:18.540 23313 23336 W ResourceType: For resource 0x7f14053f, entry index(1343) is beyond type entryCount(289)
08-05 02:52:18.540 23313 23336 W ResourceType: For resource 0x7f140502, entry index(1282) is beyond type entryCount(289)
08-05 02:52:18.547 23313 23336 W ResourceType: For resource 0x7f140504, entry index(1284) is beyond type entryCount(289)
08-05 02:52:18.547 23313 23336 W ResourceType: For resource 0x7f140489, entry index(1161) is beyond type entryCount(289)
08-05 02:52:18.547 23313 23336 W ResourceType: For resource 0x7f140532, entry index(1330) is beyond type entryCount(289)
08-05 02:52:18.547 23313 23336 W ResourceType: For resource 0x7f140505, entry index(1285) is beyond type entryCount(289)
08-05 02:52:18.547 23313 23336 W ResourceType: For resource 0x7f14048f, entry index(1167) is beyond type entryCount(289)
08-05 02:52:18.547 23313 23336 W ResourceType: For resource 0x7f140506, entry index(1286) is beyond type entryCount(289)
08-05 02:52:18.547 23313 23336 W ResourceType: For resource 0x7f14050a, entry index(1290) is beyond type entryCount(289)
08-05 02:52:18.547 23313 23336 W ResourceType: For resource 0x7f14050a, entry index(1290) is beyond type entryCount(289)
08-05 02:52:18.547 23313 23336 W ResourceType: For resource 0x7f14050a, entry index(1290) is beyond type entryCount(289)
08-05 02:52:18.547 23313 23336 W ResourceType: For resource 0x7f14050a, entry index(1290) is beyond type entryCount(289)
08-05 02:52:18.547 23313 23336 W ResourceType: For resource 0x7f14050d, entry index(1293) is beyond type entryCount(289)
08-05 02:52:18.547 23313 23336 W ResourceType: For resource 0x7f14048e, entry index(1166) is beyond type entryCount(289)
08-05 02:52:18.547 23313 23336 W ResourceType: For resource 0x7f14052f, entry index(1327) is beyond type entryCount(289)
08-05 02:52:18.548 23313 23336 W ResourceType: For resource 0x7f140514, entry index(1300) is beyond type entryCount(289)
08-05 02:52:18.548 23313 23336 W ResourceType: For resource 0x7f140515, entry index(1301) is beyond type entryCount(289)
08-05 02:52:18.548 23313 23336 W ResourceType: For resource 0x7f14052c, entry index(1324) is beyond type entryCount(289)
08-05 02:52:18.548 23313 23336 W ResourceType: For resource 0x7f14052d, entry index(1325) is beyond type entryCount(289)
08-05 02:52:18.548 23313 23336 W ResourceType: For resource 0x7f1403b9, entry index(953) is beyond type entryCount(289)
08-05 02:52:18.548 23313 23336 W ResourceType: For resource 0x7f140531, entry index(1329) is beyond type entryCount(289)
08-05 02:52:18.548 23313 23336 W ResourceType: For resource 0x7f140539, entry index(1337) is beyond type entryCount(289)
08-05 02:52:18.548 23313 23336 W ResourceType: For resource 0x7f14053b, entry index(1339) is beyond type entryCount(289)
08-05 02:52:18.548 23313 23336 W ResourceType: For resource 0x7f140513, entry index(1299) is beyond type entryCount(289)
08-05 02:52:18.548 23313 23336 W ResourceType: For resource 0x7f140511, entry index(1297) is beyond type entryCount(289)
08-05 02:52:18.548 23313 23336 W ResourceType: For resource 0x7f140315, entry index(789) is beyond type entryCount(289)
08-05 02:52:18.548 23313 23336 W ResourceType: For resource 0x7f1402fe, entry index(766) is beyond type entryCount(289)
08-05 02:52:18.548 23313 23336 W ResourceType: For resource 0x7f140315, entry index(789) is beyond type entryCount(289)
08-05 02:52:18.548 23313 23336 W ResourceType: For resource 0x7f140328, entry index(808) is beyond type entryCount(289)
08-05 02:52:18.548 23313 23336 W ResourceType: For resource 0x7f140311, entry index(785) is beyond type entryCount(289)
08-05 02:52:18.548 23313 23336 W ResourceType: For resource 0x7f140312, entry index(786) is beyond type entryCount(289)
08-05 02:52:18.548 23313 23336 W ResourceType: For resource 0x7f140544, entry index(1348) is beyond type entryCount(289)
08-05 02:52:18.548 23313 23336 W ResourceType: For resource 0x7f140543, entry index(1347) is beyond type entryCount(289)
08-05 02:52:18.550   918  3261 D WifiStateMachine: starting scan for "H369AA63323"WPA_PSK with 2412,5180
08-05 02:52:18.676 23279 23451 D DBReader: Extracting Feedlist
08-05 02:52:18.678 23279 23451 D FlattrUtils: Retrieving access token
08-05 02:52:18.678 23279 23451 D FlattrUtils: No access token found
08-05 02:52:18.681 23279 23451 I art     : Rejecting re-init on previously-failed class java.lang.Class<androidx.core.app.JobIntentService$JobServiceEngineImpl>
08-05 02:52:18.682 23279 23451 I art     : Rejecting re-init on previously-failed class java.lang.Class<androidx.core.app.JobIntentService$JobServiceEngineImpl>
08-05 02:52:18.683 23279 23451 I art     : Rejecting re-init on previously-failed class java.lang.Class<androidx.core.app.SafeJobIntentService$SafeJobServiceEngineImpl>
08-05 02:52:18.684 23279 23451 I art     : Rejecting re-init on previously-failed class java.lang.Class<androidx.core.app.SafeJobIntentService$SafeJobServiceEngineImpl>
08-05 02:52:18.702 23313 23336 W ResourceType: For resource 0x7f140323, entry index(803) is beyond type entryCount(289)
08-05 02:52:18.745 24365 24988 I GeofencerStateMachine: removeGeofences: removeRequest=RemoveGeofencingRequest[REMOVE_BY_IDS Ids=[atn_geofence_request_id], packageName=com.google.android.apps.maps]
08-05 02:52:18.747 23313 23336 W ResourceType: For resource 0x7f140323, entry index(803) is beyond type entryCount(289)
08-05 02:52:18.812 24577 24411 I Icing   : Indexing com.google.android.gms-apps from com.google.android.gms
08-05 02:52:18.824 24365 24372 I art     : Background partial concurrent mark sweep GC freed 329521(14MB) AllocSpace objects, 16(736KB) LOS objects, 27% free, 41MB/57MB, paused 729us total 139.045ms
08-05 02:52:18.850 23251 23446 I FA      : App measurement initialized, version: 29027
08-05 02:52:18.850 23251 23446 I FA      : To enable debug logging run: adb shell setprop log.tag.FA VERBOSE
08-05 02:52:18.850 23251 23446 I FA      : To enable faster debug mode event logging run:
08-05 02:52:18.850 23251 23446 I FA      :   adb shell setprop debug.firebase.analytics.app com.google.android.apps.maps
08-05 02:52:18.851 24577 24411 I Icing   : Indexing done com.google.android.gms-apps
08-05 02:52:18.886 24044 24044 I Trepn   : Trepn 6.2s: Received intent: com.quicinc.trepn.start_profiling
08-05 02:52:18.933 24577 24411 I Icing   : Indexing com.google.android.gms-internal.3p:MobileApplication from com.google.android.gms using seqno 763
08-05 02:52:19.017 24044 24044 W FileUtils: Failed to chmod(/storage/emulated/0/trepn/Trepn_2020.08.05_025218.db): android.system.ErrnoException: chmod failed: EPERM (Operation not permitted)
08-05 02:52:19.038   918   927 I art     : Background partial concurrent mark sweep GC freed 56633(4MB) AllocSpace objects, 4(80KB) LOS objects, 18% free, 69MB/85MB, paused 1.125ms total 125.415ms
08-05 02:52:19.051   918   929 I AccountManagerService: getTypesVisibleToCaller: isPermitted? true
08-05 02:52:19.121 13866 13866 I GoogleInputMethodServic: GoogleInputMethodService.onFinishInput():3138 
08-05 02:52:19.122 13866 13866 I GoogleInputMethodServic: GoogleInputMethodService.onStartInput():1808 
08-05 02:52:19.134 24044 24044 I Trepn   : Trepn 6.2s: Trepn has Started Profiling.
08-05 02:52:19.136 23379 23379 D AndroidRuntime: Shutting down VM
08-05 02:52:19.603 23279 23424 I art     : Starting a blocking GC Explicit
08-05 02:52:19.629 23279 23424 I art     : Explicit concurrent mark sweep GC freed 18124(2MB) AllocSpace objects, 6(120KB) LOS objects, 40% free, 23MB/39MB, paused 239us total 26.196ms
08-05 02:52:19.640 23279 23424 I art     : Starting a blocking GC Explicit
08-05 02:52:19.654 23279 23424 I art     : Explicit concurrent mark sweep GC freed 5326(291KB) AllocSpace objects, 1(560KB) LOS objects, 40% free, 23MB/38MB, paused 223us total 13.805ms
08-05 02:52:19.660 23279 23424 I art     : Starting a blocking GC Explicit
08-05 02:52:19.674 23279 23424 I art     : Explicit concurrent mark sweep GC freed 10(352B) AllocSpace objects, 1(28KB) LOS objects, 40% free, 22MB/38MB, paused 216us total 13.334ms
08-05 02:52:19.680 23279 23424 I art     : Starting a blocking GC Explicit
08-05 02:52:19.693 23279 23424 I art     : Explicit concurrent mark sweep GC freed 3(96B) AllocSpace objects, 0(0B) LOS objects, 40% free, 22MB/38MB, paused 196us total 12.514ms
08-05 02:52:19.699 23279 23424 I art     : Starting a blocking GC Explicit
08-05 02:52:19.712 23279 23424 I art     : Explicit concurrent mark sweep GC freed 3(96B) AllocSpace objects, 0(0B) LOS objects, 40% free, 22MB/38MB, paused 193us total 12.771ms
08-05 02:52:19.934 24577 24411 I Icing   : Indexing com.google.android.gms-apps from com.google.android.gms
08-05 02:52:19.985 24577 24411 I Icing   : Indexing done com.google.android.gms-apps
08-05 02:52:20.006 23279 23293 I art     : Starting a blocking GC Explicit
08-05 02:52:20.023 23279 23293 I art     : Explicit concurrent mark sweep GC freed 1605(97KB) AllocSpace objects, 1(20KB) LOS objects, 40% free, 22MB/38MB, paused 235us total 16.554ms
08-05 02:52:20.030 23279 23293 I art     : Starting a blocking GC Explicit
08-05 02:52:20.045 23279 23293 I art     : Explicit concurrent mark sweep GC freed 35(1136B) AllocSpace objects, 0(0B) LOS objects, 40% free, 22MB/38MB, paused 212us total 14.819ms
08-05 02:52:20.052 23279 23293 I art     : Starting a blocking GC Explicit
08-05 02:52:20.067 23279 23293 I art     : Explicit concurrent mark sweep GC freed 3(96B) AllocSpace objects, 0(0B) LOS objects, 40% free, 22MB/38MB, paused 218us total 14.364ms
08-05 02:52:20.073 23279 23293 I art     : Starting a blocking GC Explicit
08-05 02:52:20.088 23279 23293 I art     : Explicit concurrent mark sweep GC freed 3(96B) AllocSpace objects, 0(0B) LOS objects, 40% free, 22MB/38MB, paused 443us total 14.767ms
08-05 02:52:20.095 23279 23293 I art     : Starting a blocking GC Explicit
08-05 02:52:20.109 23279 23293 I art     : Explicit concurrent mark sweep GC freed 3(96B) AllocSpace objects, 0(0B) LOS objects, 40% free, 22MB/38MB, paused 211us total 13.909ms
08-05 02:52:20.240   918  3188 I hubconnection: sensorhub said: 'set_bias 3: -6.2400, 0.0000, 0.0000'
08-05 02:52:20.368 23279 23292 I art     : Starting a blocking GC Explicit
08-05 02:52:20.383 23279 23292 I art     : Explicit concurrent mark sweep GC freed 1613(98KB) AllocSpace objects, 1(20KB) LOS objects, 40% free, 22MB/38MB, paused 199us total 14.741ms
08-05 02:52:20.389 23279 23292 I art     : Starting a blocking GC Explicit
08-05 02:52:20.402 23279 23292 I art     : Explicit concurrent mark sweep GC freed 35(1136B) AllocSpace objects, 0(0B) LOS objects, 40% free, 22MB/38MB, paused 186us total 13.050ms
08-05 02:52:20.409 23279 23292 I art     : Starting a blocking GC Explicit
08-05 02:52:20.421 23279 23292 I art     : Explicit concurrent mark sweep GC freed 3(96B) AllocSpace objects, 0(0B) LOS objects, 40% free, 22MB/38MB, paused 194us total 12.343ms
08-05 02:52:20.427 23279 23292 I art     : Starting a blocking GC Explicit
08-05 02:52:20.440 23279 23292 I art     : Explicit concurrent mark sweep GC freed 3(96B) AllocSpace objects, 0(0B) LOS objects, 40% free, 22MB/38MB, paused 194us total 12.492ms
08-05 02:52:20.440 23120 23120 I ServiceManager: Waiting for service AtCmdFwd...
08-05 02:52:20.446 23279 23292 I art     : Starting a blocking GC Explicit
08-05 02:52:20.460 23279 23292 I art     : Explicit concurrent mark sweep GC freed 3(96B) AllocSpace objects, 0(0B) LOS objects, 40% free, 22MB/38MB, paused 205us total 13.971ms
08-05 02:52:20.750 23279 23292 I art     : Starting a blocking GC Explicit
08-05 02:52:20.768 23279 23292 I art     : Explicit concurrent mark sweep GC freed 1592(97KB) AllocSpace objects, 1(20KB) LOS objects, 40% free, 22MB/38MB, paused 210us total 17.692ms
08-05 02:52:20.776 23279 23292 I art     : Starting a blocking GC Explicit
08-05 02:52:20.791 23279 23292 I art     : Explicit concurrent mark sweep GC freed 38(1232B) AllocSpace objects, 0(0B) LOS objects, 40% free, 22MB/38MB, paused 207us total 14.539ms
08-05 02:52:20.797 23279 23292 I art     : Starting a blocking GC Explicit
08-05 02:52:20.811 23279 23292 I art     : Explicit concurrent mark sweep GC freed 5(160B) AllocSpace objects, 0(0B) LOS objects, 40% free, 22MB/38MB, paused 198us total 13.218ms
08-05 02:52:20.817 23279 23292 I art     : Starting a blocking GC Explicit
08-05 02:52:20.829 23279 23292 I art     : Explicit concurrent mark sweep GC freed 5(160B) AllocSpace objects, 0(0B) LOS objects, 40% free, 22MB/38MB, paused 230us total 12.652ms
08-05 02:52:20.835 23279 23292 I art     : Starting a blocking GC Explicit
08-05 02:52:20.848 23279 23292 I art     : Explicit concurrent mark sweep GC freed 6(192B) AllocSpace objects, 0(0B) LOS objects, 40% free, 22MB/38MB, paused 187us total 12.663ms
08-05 02:52:21.159 23279 23424 I art     : Starting a blocking GC Explicit
08-05 02:52:21.178 23279 23424 I art     : Explicit concurrent mark sweep GC freed 1599(99KB) AllocSpace objects, 1(20KB) LOS objects, 40% free, 22MB/38MB, paused 211us total 19.162ms
08-05 02:52:21.185 23279 23424 I art     : Starting a blocking GC Explicit
08-05 02:52:21.197 23279 23424 I art     : Explicit concurrent mark sweep GC freed 35(1136B) AllocSpace objects, 0(0B) LOS objects, 40% free, 22MB/38MB, paused 187us total 12.166ms
08-05 02:52:21.203 23279 23424 I art     : Starting a blocking GC Explicit
08-05 02:52:21.215 23279 23424 I art     : Explicit concurrent mark sweep GC freed 3(96B) AllocSpace objects, 0(0B) LOS objects, 40% free, 22MB/38MB, paused 189us total 11.725ms
08-05 02:52:21.220 23279 23424 I art     : Starting a blocking GC Explicit
08-05 02:52:21.233 23279 23424 I art     : Explicit concurrent mark sweep GC freed 3(96B) AllocSpace objects, 0(0B) LOS objects, 40% free, 22MB/38MB, paused 199us total 12.851ms
08-05 02:52:21.239 23279 23424 I art     : Starting a blocking GC Explicit
08-05 02:52:21.252 23279 23424 I art     : Explicit concurrent mark sweep GC freed 30(832B) AllocSpace objects, 0(0B) LOS objects, 40% free, 22MB/38MB, paused 194us total 12.708ms
08-05 02:52:21.440 23120 23120 I ServiceManager: Waiting for service AtCmdFwd...
08-05 02:52:21.573 23279 23292 I art     : Starting a blocking GC Explicit
08-05 02:52:21.594 23279 23292 I art     : Explicit concurrent mark sweep GC freed 1587(99KB) AllocSpace objects, 1(20KB) LOS objects, 40% free, 22MB/38MB, paused 276us total 21.396ms
08-05 02:52:21.605 23279 23292 I art     : Starting a blocking GC Explicit
08-05 02:52:21.624 23279 23292 I art     : Explicit concurrent mark sweep GC freed 35(1136B) AllocSpace objects, 0(0B) LOS objects, 40% free, 22MB/38MB, paused 239us total 18.367ms
08-05 02:52:21.632 23279 23292 I art     : Starting a blocking GC Explicit
08-05 02:52:21.647 23279 23292 I art     : Explicit concurrent mark sweep GC freed 3(96B) AllocSpace objects, 0(0B) LOS objects, 40% free, 22MB/38MB, paused 281us total 14.701ms
08-05 02:52:21.654 23279 23292 I art     : Starting a blocking GC Explicit
08-05 02:52:21.669 23279 23292 I art     : Explicit concurrent mark sweep GC freed 3(96B) AllocSpace objects, 0(0B) LOS objects, 40% free, 22MB/38MB, paused 326us total 14.753ms
08-05 02:52:21.675 23279 23292 I art     : Starting a blocking GC Explicit
08-05 02:52:21.688 23279 23292 I art     : Explicit concurrent mark sweep GC freed 3(96B) AllocSpace objects, 0(0B) LOS objects, 40% free, 22MB/38MB, paused 207us total 13.453ms
08-05 02:52:21.991 23279 23293 I art     : Starting a blocking GC Explicit
08-05 02:52:22.008 23279 23293 I art     : Explicit concurrent mark sweep GC freed 1589(101KB) AllocSpace objects, 1(20KB) LOS objects, 40% free, 22MB/38MB, paused 231us total 16.410ms
08-05 02:52:22.015 23279 23293 I art     : Starting a blocking GC Explicit
08-05 02:52:22.030 23279 23293 I art     : Explicit concurrent mark sweep GC freed 35(1136B) AllocSpace objects, 0(0B) LOS objects, 40% free, 22MB/38MB, paused 220us total 14.371ms
08-05 02:52:22.036 23279 23293 I art     : Starting a blocking GC Explicit
08-05 02:52:22.051 23279 23293 I art     : Explicit concurrent mark sweep GC freed 3(96B) AllocSpace objects, 0(0B) LOS objects, 40% free, 22MB/38MB, paused 222us total 14.004ms
08-05 02:52:22.058 23279 23293 I art     : Starting a blocking GC Explicit
08-05 02:52:22.072 23279 23293 I art     : Explicit concurrent mark sweep GC freed 3(96B) AllocSpace objects, 0(0B) LOS objects, 40% free, 22MB/38MB, paused 213us total 13.683ms
08-05 02:52:22.078 23279 23293 I art     : Starting a blocking GC Explicit
08-05 02:52:22.092 23279 23293 I art     : Explicit concurrent mark sweep GC freed 3(96B) AllocSpace objects, 0(0B) LOS objects, 40% free, 22MB/38MB, paused 214us total 13.739ms
08-05 02:52:22.397 23279 23424 I art     : Starting a blocking GC Explicit
08-05 02:52:22.418 23279 23424 I art     : Explicit concurrent mark sweep GC freed 1616(100KB) AllocSpace objects, 1(20KB) LOS objects, 40% free, 22MB/38MB, paused 267us total 21.135ms
08-05 02:52:22.429 23279 23424 I art     : Starting a blocking GC Explicit
08-05 02:52:22.441 23120 23120 I ServiceManager: Waiting for service AtCmdFwd...
08-05 02:52:22.447 23279 23424 I art     : Explicit concurrent mark sweep GC freed 35(1136B) AllocSpace objects, 0(0B) LOS objects, 40% free, 22MB/38MB, paused 222us total 17.833ms
08-05 02:52:22.454 23279 23424 I art     : Starting a blocking GC Explicit
08-05 02:52:22.468 23279 23424 I art     : Explicit concurrent mark sweep GC freed 3(96B) AllocSpace objects, 0(0B) LOS objects, 40% free, 22MB/38MB, paused 212us total 13.952ms
08-05 02:52:22.475 23279 23424 I art     : Starting a blocking GC Explicit
08-05 02:52:22.490 23279 23424 I art     : Explicit concurrent mark sweep GC freed 3(96B) AllocSpace objects, 0(0B) LOS objects, 40% free, 22MB/38MB, paused 211us total 14.672ms
08-05 02:52:22.496 23279 23424 I art     : Starting a blocking GC Explicit
08-05 02:52:22.510 23279 23424 I art     : Explicit concurrent mark sweep GC freed 3(96B) AllocSpace objects, 0(0B) LOS objects, 40% free, 22MB/38MB, paused 192us total 13.310ms
08-05 02:52:22.835 23279 23292 I art     : Starting a blocking GC Explicit
08-05 02:52:22.860 23279 23292 I art     : Explicit concurrent mark sweep GC freed 1584(94KB) AllocSpace objects, 1(20KB) LOS objects, 40% free, 22MB/38MB, paused 270us total 24.891ms
08-05 02:52:22.871 23279 23292 I art     : Starting a blocking GC Explicit
08-05 02:52:22.889 23279 23292 I art     : Explicit concurrent mark sweep GC freed 35(1136B) AllocSpace objects, 0(0B) LOS objects, 40% free, 22MB/38MB, paused 218us total 17.662ms
08-05 02:52:22.899 23279 23292 I art     : Starting a blocking GC Explicit
08-05 02:52:22.913 23279 23292 I art     : Explicit concurrent mark sweep GC freed 3(96B) AllocSpace objects, 0(0B) LOS objects, 40% free, 22MB/38MB, paused 203us total 13.987ms
08-05 02:52:22.919 23279 23292 I art     : Starting a blocking GC Explicit
08-05 02:52:22.933 23279 23292 I art     : Explicit concurrent mark sweep GC freed 3(96B) AllocSpace objects, 0(0B) LOS objects, 40% free, 22MB/38MB, paused 211us total 13.817ms
08-05 02:52:22.940 23279 23292 I art     : Starting a blocking GC Explicit
08-05 02:52:22.954 23279 23292 I art     : Explicit concurrent mark sweep GC freed 3(96B) AllocSpace objects, 0(0B) LOS objects, 40% free, 22MB/38MB, paused 206us total 13.637ms
08-05 02:52:23.257 23279 23293 I art     : Starting a blocking GC Explicit
08-05 02:52:23.271 23279 23293 I art     : Explicit concurrent mark sweep GC freed 1611(94KB) AllocSpace objects, 1(20KB) LOS objects, 40% free, 22MB/38MB, paused 206us total 14ms
08-05 02:52:23.277 23279 23293 I art     : Starting a blocking GC Explicit
08-05 02:52:23.290 23279 23293 I art     : Explicit concurrent mark sweep GC freed 35(1136B) AllocSpace objects, 0(0B) LOS objects, 40% free, 22MB/38MB, paused 193us total 12.506ms
08-05 02:52:23.296 23279 23293 I art     : Starting a blocking GC Explicit
08-05 02:52:23.308 23279 23293 I art     : Explicit concurrent mark sweep GC freed 3(96B) AllocSpace objects, 0(0B) LOS objects, 40% free, 22MB/38MB, paused 199us total 11.999ms
08-05 02:52:23.313 23279 23293 I art     : Starting a blocking GC Explicit
08-05 02:52:23.325 23279 23293 I art     : Explicit concurrent mark sweep GC freed 3(96B) AllocSpace objects, 0(0B) LOS objects, 40% free, 22MB/38MB, paused 200us total 11.852ms
08-05 02:52:23.331 23279 23293 I art     : Starting a blocking GC Explicit
08-05 02:52:23.343 23279 23293 I art     : Explicit concurrent mark sweep GC freed 3(96B) AllocSpace objects, 0(0B) LOS objects, 40% free, 22MB/38MB, paused 196us total 12.009ms
08-05 02:52:23.442 23120 23120 I ServiceManager: Waiting for service AtCmdFwd...
08-05 02:52:23.649 23279 23424 I art     : Starting a blocking GC Explicit
08-05 02:52:23.675 23279 23424 I art     : Explicit concurrent mark sweep GC freed 1582(94KB) AllocSpace objects, 1(20KB) LOS objects, 40% free, 22MB/38MB, paused 280us total 25.003ms
08-05 02:52:23.687 23279 23424 I art     : Starting a blocking GC Explicit
08-05 02:52:23.705 23279 23424 I art     : Explicit concurrent mark sweep GC freed 35(1136B) AllocSpace objects, 0(0B) LOS objects, 40% free, 22MB/38MB, paused 223us total 18.032ms
08-05 02:52:23.715 23279 23424 I art     : Starting a blocking GC Explicit
08-05 02:52:23.729 23279 23424 I art     : Explicit concurrent mark sweep GC freed 3(96B) AllocSpace objects, 0(0B) LOS objects, 40% free, 22MB/38MB, paused 199us total 14.115ms
08-05 02:52:23.736 23279 23424 I art     : Starting a blocking GC Explicit
08-05 02:52:23.751 23279 23424 I art     : Explicit concurrent mark sweep GC freed 3(96B) AllocSpace objects, 0(0B) LOS objects, 40% free, 22MB/38MB, paused 213us total 14.527ms
