08-04 13:11:23.889 18027 18027 W RcsClientLib: 	at android.os.Looper.loop(Looper.java:148)
08-04 13:11:23.889 18027 18027 W RcsClientLib: 	at android.app.ActivityThread.main(ActivityThread.java:5417)
08-04 13:11:23.889 18027 18027 W RcsClientLib: 	at java.lang.reflect.Method.invoke(Native Method)
08-04 13:11:23.889 18027 18027 W RcsClientLib: 	at com.android.internal.os.ZygoteInit$MethodAndArgsCaller.run(ZygoteInit.java:726)
08-04 13:11:23.889 18027 18027 W RcsClientLib: 	at com.android.internal.os.ZygoteInit.main(ZygoteInit.java:616)
08-04 13:11:23.889 18027 18027 I BugleRcsEngine: [1] aeyl.disconnect: Disconnecting BusinessInfoService
08-04 13:11:23.889 18027 18027 W RcsClientLib: Unexpected error when trying to unbind com.google.android.ims.rcsservice.businessinfo.IBusinessInfo: Service not registered: aeym@736e3de
08-04 13:11:23.890 18027 18027 W RcsClientLib: java.lang.IllegalArgumentException: Service not registered: aeym@736e3de
08-04 13:11:23.890 18027 18027 W RcsClientLib: 	at android.app.LoadedApk.forgetServiceDispatcher(LoadedApk.java:1044)
08-04 13:11:23.890 18027 18027 W RcsClientLib: 	at android.app.ContextImpl.unbindService(ContextImpl.java:1337)
08-04 13:11:23.890 18027 18027 W RcsClientLib: 	at android.content.ContextWrapper.unbindService(ContextWrapper.java:616)
08-04 13:11:23.890 18027 18027 W RcsClientLib: 	at aeyl.b(PG:43)
08-04 13:11:23.890 18027 18027 W RcsClientLib: 	at aeyl.disconnect(PG:41)
08-04 13:11:23.890 18027 18027 W RcsClientLib: 	at lhd.b(PG:43)
08-04 13:11:23.890 18027 18027 W RcsClientLib: 	at lhg.a(PG:38)
08-04 13:11:23.890 18027 18027 W RcsClientLib: 	at sdz.a(PG:78)
08-04 13:11:23.890 18027 18027 W RcsClientLib: 	at sdk.run(Unknown Source)
08-04 13:11:23.890 18027 18027 W RcsClientLib: 	at aglo.run(PG:3)
08-04 13:11:23.890 18027 18027 W RcsClientLib: 	at android.os.Handler.handleCallback(Handler.java:739)
08-04 13:11:23.890 18027 18027 W RcsClientLib: 	at android.os.Handler.dispatchMessage(Handler.java:95)
08-04 13:11:23.890 18027 18027 W RcsClientLib: 	at android.os.Looper.loop(Looper.java:148)
08-04 13:11:23.890 18027 18027 W RcsClientLib: 	at android.app.ActivityThread.main(ActivityThread.java:5417)
08-04 13:11:23.890 18027 18027 W RcsClientLib: 	at java.lang.reflect.Method.invoke(Native Method)
08-04 13:11:23.890 18027 18027 W RcsClientLib: 	at com.android.internal.os.ZygoteInit$MethodAndArgsCaller.run(ZygoteInit.java:726)
08-04 13:11:23.890 18027 18027 W RcsClientLib: 	at com.android.internal.os.ZygoteInit.main(ZygoteInit.java:616)
08-04 13:11:23.890 18027 18027 I BugleRcsEngine: [1] aeyl.disconnect: Disconnecting RcsMessagingService
08-04 13:11:23.890 18027 18027 W RcsClientLib: Unexpected error when trying to unbind com.google.android.rcs.client.messaging.IMessaging: Service not registered: aeym@780d9bf
08-04 13:11:23.890 18027 18027 W RcsClientLib: java.lang.IllegalArgumentException: Service not registered: aeym@780d9bf
08-04 13:11:23.890 18027 18027 W RcsClientLib: 	at android.app.LoadedApk.forgetServiceDispatcher(LoadedApk.java:1044)
08-04 13:11:23.890 18027 18027 W RcsClientLib: 	at android.app.ContextImpl.unbindService(ContextImpl.java:1337)
08-04 13:11:23.890 18027 18027 W RcsClientLib: 	at android.content.ContextWrapper.unbindService(ContextWrapper.java:616)
08-04 13:11:23.890 18027 18027 W RcsClientLib: 	at aeyl.b(PG:43)
08-04 13:11:23.890 18027 18027 W RcsClientLib: 	at aeyl.disconnect(PG:41)
08-04 13:11:23.890 18027 18027 W RcsClientLib: 	at lhd.b(PG:44)
08-04 13:11:23.890 18027 18027 W RcsClientLib: 	at lhg.a(PG:38)
08-04 13:11:23.890 18027 18027 W RcsClientLib: 	at sdz.a(PG:78)
08-04 13:11:23.890 18027 18027 W RcsClientLib: 	at sdk.run(Unknown Source)
08-04 13:11:23.890 18027 18027 W RcsClientLib: 	at aglo.run(PG:3)
08-04 13:11:23.890 18027 18027 W RcsClientLib: 	at android.os.Handler.handleCallback(Handler.java:739)
08-04 13:11:23.890 18027 18027 W RcsClientLib: 	at android.os.Handler.dispatchMessage(Handler.java:95)
08-04 13:11:23.890 18027 18027 W RcsClientLib: 	at android.os.Looper.loop(Looper.java:148)
08-04 13:11:23.890 18027 18027 W RcsClientLib: 	at android.app.ActivityThread.main(ActivityThread.java:5417)
08-04 13:11:23.890 18027 18027 W RcsClientLib: 	at java.lang.reflect.Method.invoke(Native Method)
08-04 13:11:23.890 18027 18027 W RcsClientLib: 	at com.android.internal.os.ZygoteInit$MethodAndArgsCaller.run(ZygoteInit.java:726)
08-04 13:11:23.890 18027 18027 W RcsClientLib: 	at com.android.internal.os.ZygoteInit.main(ZygoteInit.java:616)
08-04 13:11:23.891 18027 18027 I BugleRcsEngine: [1] aeyl.disconnect: Disconnecting TransportControlService
08-04 13:11:23.891 18027 18027 W RcsClientLib: Unexpected error when trying to unbind com.google.android.ims.rcsservice.transportcontrol.ITransportControl: Service not registered: aeym@cef188c
08-04 13:11:23.891 18027 18027 W RcsClientLib: java.lang.IllegalArgumentException: Service not registered: aeym@cef188c
08-04 13:11:23.891 18027 18027 W RcsClientLib: 	at android.app.LoadedApk.forgetServiceDispatcher(LoadedApk.java:1044)
08-04 13:11:23.891 18027 18027 W RcsClientLib: 	at android.app.ContextImpl.unbindService(ContextImpl.java:1337)
08-04 13:11:23.891 18027 18027 W RcsClientLib: 	at android.content.ContextWrapper.unbindService(ContextWrapper.java:616)
08-04 13:11:23.891 18027 18027 W RcsClientLib: 	at aeyl.b(PG:43)
08-04 13:11:23.891 18027 18027 W RcsClientLib: 	at aeyl.disconnect(PG:41)
08-04 13:11:23.891 18027 18027 W RcsClientLib: 	at lhd.b(PG:45)
08-04 13:11:23.891 18027 18027 W RcsClientLib: 	at lhg.a(PG:38)
08-04 13:11:23.891 18027 18027 W RcsClientLib: 	at sdz.a(PG:78)
08-04 13:11:23.891 18027 18027 W RcsClientLib: 	at sdk.run(Unknown Source)
08-04 13:11:23.891 18027 18027 W RcsClientLib: 	at aglo.run(PG:3)
08-04 13:11:23.891 18027 18027 W RcsClientLib: 	at android.os.Handler.handleCallback(Handler.java:739)
08-04 13:11:23.891 18027 18027 W RcsClientLib: 	at android.os.Handler.dispatchMessage(Handler.java:95)
08-04 13:11:23.891 18027 18027 W RcsClientLib: 	at android.os.Looper.loop(Looper.java:148)
08-04 13:11:23.891 18027 18027 W RcsClientLib: 	at android.app.ActivityThread.main(ActivityThread.java:5417)
08-04 13:11:23.891 18027 18027 W RcsClientLib: 	at java.lang.reflect.Method.invoke(Native Method)
08-04 13:11:23.891 18027 18027 W RcsClientLib: 	at com.android.internal.os.ZygoteInit$MethodAndArgsCaller.run(ZygoteInit.java:726)
08-04 13:11:23.891 18027 18027 W RcsClientLib: 	at com.android.internal.os.ZygoteInit.main(ZygoteInit.java:616)
08-04 13:11:23.892 18027 18027 W BugleRcs: disconnecting from all Rcs Services
08-04 13:11:23.892 18027 18114 I BugleRcsEngine: [24002] aeyl.disconnect: Disconnecting SignupService
08-04 13:11:23.894 18027 18114 I BugleRcs: RcsAvailabilityUtilForProvisioningEngineV2: success updating RCS availability async
08-04 13:11:23.943 18027 18112 W ConnectionTracker: Exception thrown while unbinding
08-04 13:11:23.943 18027 18112 W ConnectionTracker: java.lang.IllegalArgumentException: Service not registered: vlx@e7352db
08-04 13:11:23.943 18027 18112 W ConnectionTracker: 	at android.app.LoadedApk.forgetServiceDispatcher(LoadedApk.java:1044)
08-04 13:11:23.943 18027 18112 W ConnectionTracker: 	at android.app.ContextImpl.unbindService(ContextImpl.java:1337)
08-04 13:11:23.943 18027 18112 W ConnectionTracker: 	at android.content.ContextWrapper.unbindService(ContextWrapper.java:616)
08-04 13:11:23.943 18027 18112 W ConnectionTracker: 	at uhp.b(PG:30)
08-04 13:11:23.943 18027 18112 W ConnectionTracker: 	at uhp.a(PG:26)
08-04 13:11:23.943 18027 18112 W ConnectionTracker: 	at vly.q(PG:48)
08-04 13:11:23.943 18027 18112 W ConnectionTracker: 	at vlj.a(PG:5)
08-04 13:11:23.943 18027 18112 W ConnectionTracker: 	at vdg.run(PG:5)
08-04 13:11:23.943 18027 18112 W ConnectionTracker: 	at java.util.concurrent.Executors$RunnableAdapter.call(Executors.java:423)
08-04 13:11:23.943 18027 18112 W ConnectionTracker: 	at java.util.concurrent.FutureTask.run(FutureTask.java:237)
08-04 13:11:23.943 18027 18112 W ConnectionTracker: 	at vin.run(PG:26)
08-04 13:11:24.057 13866 13882 I PeriodicStatsRunner: PeriodicStatsRunner.call():175 call()
08-04 13:11:24.057 13866 13882 I PeriodicStatsRunner: PeriodicStatsRunner.call():179 No submit PeriodicStats since input started.
08-04 13:11:24.116 17648 17661 I art     : Starting a blocking GC Explicit
08-04 13:11:24.138 18027 18117 I BugleJobs: Icing index repair service is not scheduled. [CONTEXT class_name="IcingMonitoringUtils" ]
08-04 13:11:24.139 18027 18145 I GnpSdk  : [PhenotypeManagerImpl] Phenotype registration SUCCESS
08-04 13:11:24.143 17648 17661 I art     : Explicit concurrent mark sweep GC freed 2704(113KB) AllocSpace objects, 2(40KB) LOS objects, 29% free, 38MB/54MB, paused 524us total 26.723ms
08-04 13:11:24.156 17648 17661 I art     : Starting a blocking GC Explicit
08-04 13:11:24.181 17648 17661 I art     : Explicit concurrent mark sweep GC freed 136(3KB) AllocSpace objects, 0(0B) LOS objects, 29% free, 38MB/54MB, paused 477us total 25.142ms
08-04 13:11:24.193 17648 17661 I art     : Starting a blocking GC Explicit
08-04 13:11:24.205 18027 18117 I BugleJobs: Starts to observe table change.
08-04 13:11:24.217 17648 17661 I art     : Explicit concurrent mark sweep GC freed 99(1696B) AllocSpace objects, 0(0B) LOS objects, 29% free, 38MB/54MB, paused 545us total 23.339ms
08-04 13:11:24.228 17648 17661 I art     : Starting a blocking GC Explicit
08-04 13:11:24.233 18027 18117 I DynamiteModule: Considering local module com.google.android.gms.cronet_dynamite:0 and remote module com.google.android.gms.cronet_dynamite:1311
08-04 13:11:24.233 18027 18117 I DynamiteModule: Selected remote version of com.google.android.gms.cronet_dynamite, version >= 1311
08-04 13:11:24.233 18027 18117 V DynamiteModule: Dynamite loader version >= 2, using loadModule2NoCrashUtils
08-04 13:11:24.251 17648 17661 I art     : Explicit concurrent mark sweep GC freed 99(1696B) AllocSpace objects, 0(0B) LOS objects, 29% free, 38MB/54MB, paused 438us total 22.481ms
08-04 13:11:24.262 17648 17661 I art     : Starting a blocking GC Explicit
08-04 13:11:24.264 18027 18117 I DynamiteLoaderV2: [71] Cronetdynamite
08-04 13:11:24.268 18027 18117 E linker  : readlink('/proc/self/fd/44') failed: Permission denied [fd=44]
08-04 13:11:24.268 18027 18117 E linker  : warning: unable to get realpath for the library "/data/data/com.google.android.gms/app_chimera/m/00000038/oat/arm64/CronetDynamite.odex". Will use given name.
08-04 13:11:24.286 17648 17661 I art     : Explicit concurrent mark sweep GC freed 120(2032B) AllocSpace objects, 0(0B) LOS objects, 29% free, 38MB/54MB, paused 519us total 23.548ms
08-04 13:11:24.320 18027 18117 E linker  : readlink('/proc/self/fd/51') failed: Permission denied [fd=51]
08-04 13:11:24.320 18027 18117 E linker  : warning: unable to get realpath for the library "/data/data/com.google.android.gms/app_chimera/m/00000038/n/arm64-v8a/libcronet.83.0.4103.106.so". Will use given name.
08-04 13:11:24.339   918   929 D ConnectivityService: listenForNetwork for Listen from uid/pid:10065/18027 for NetworkRequest [ id=2665, legacyType=-1, [ Capabilities: INTERNET&NOT_RESTRICTED&TRUSTED] ]
08-04 13:11:24.348 18027 18117 I cr_CronetLibraryLoader: Cronet version: 83.0.4103.106, arch: aarch64
08-04 13:11:24.385 18027 18117 V AssistantIntegClient: #getAssistantConfig()
08-04 13:11:24.526 18319 18319 D AndroidRuntime: >>>>>> START com.android.internal.os.RuntimeInit uid 2000 <<<<<<
08-04 13:11:24.531 18319 18319 D AndroidRuntime: CheckJNI is OFF
08-04 13:11:24.563 18319 18319 D ICU     : No timezone override file found: /data/misc/zoneinfo/current/icu/icu_tzdata.dat
08-04 13:11:24.593 17648 17710 I art     : Starting a blocking GC Explicit
08-04 13:11:24.594 18319 18319 I Radio-JNI: register_android_hardware_Radio DONE
08-04 13:11:24.617 18319 18319 D AndroidRuntime: Calling main entry com.android.commands.input.Input
08-04 13:11:24.618 18319 18319 I Input   : injectMotionEvent: MotionEvent { action=ACTION_DOWN, actionButton=0, id[0]=0, x[0]=504.0, y[0]=1706.0, toolType[0]=TOOL_TYPE_UNKNOWN, buttonState=0, metaState=0, flags=0x0, edgeFlags=0x0, pointerCount=1, historySize=0, eventTime=709901031, downTime=709901031, deviceId=0, source=0x1002 }
08-04 13:11:24.618 17648 17710 I art     : Explicit concurrent mark sweep GC freed 2567(110KB) AllocSpace objects, 2(40KB) LOS objects, 29% free, 38MB/54MB, paused 522us total 25.231ms
08-04 13:11:24.622 18319 18319 I Input   : injectMotionEvent: MotionEvent { action=ACTION_UP, actionButton=0, id[0]=0, x[0]=504.0, y[0]=1706.0, toolType[0]=TOOL_TYPE_UNKNOWN, buttonState=0, metaState=0, flags=0x0, edgeFlags=0x0, pointerCount=1, historySize=0, eventTime=709901031, downTime=709901031, deviceId=0, source=0x1002 }
08-04 13:11:24.624 18319 18319 D AndroidRuntime: Shutting down VM
08-04 13:11:24.624 17648 17648 D NappaIntentExtras: ==================
08-04 13:11:24.624 17648 17665 D Nappa   : PREFETCH_ON_EXTRA - notifyExtras- start
08-04 13:11:24.624 17648 17648 D NappaIntentExtras: Log #4
08-04 13:11:24.625 17648 17648 D NappaIntentExtras: ------------------
08-04 13:11:24.625 17648 17648 D NappaIntentExtras: activity nappagreedy.io.github.project_travel_mate.destinations.description.CityHistoryActivity
08-04 13:11:24.625 17648 17648 D NappaIntentExtras: 	- No extras registered
08-04 13:11:24.625 17648 17648 D NappaIntentExtras: activity nappagreedy.io.github.project_travel_mate.MainActivity
08-04 13:11:24.625 17648 17648 D NappaIntentExtras: 	- 1 extras registered
08-04 13:11:24.625 17648 17648 D NappaIntentExtras: 	- cityobject_ : objects.City@e108694
08-04 13:11:24.625 17648 17648 D NappaIntentExtras: activity nappagreedy.io.github.project_travel_mate.SplashActivity
08-04 13:11:24.625 17648 17648 D NappaIntentExtras: 	- No extras registered
08-04 13:11:24.625 17648 17648 D NappaIntentExtras: activity nappagreedy.io.github.project_travel_mate.utilities.CompassActivity
08-04 13:11:24.625 17648 17648 D NappaIntentExtras: 	- No extras registered
08-04 13:11:24.625 17648 17648 D NappaIntentExtras: activity nappagreedy.io.github.project_travel_mate.notifications.NotificationsActivity
08-04 13:11:24.625 17648 17648 D NappaIntentExtras: 	- No extras registered
08-04 13:11:24.625 17648 17648 D NappaIntentExtras: activity nappagreedy.io.github.project_travel_mate.destinations.funfacts.FunFactsActivity
08-04 13:11:24.625 17648 17665 I NAPPA_EXPERIMENTATION: MetricNappaPrefetchingStrategyExecutionTime: STRATEGY_CLASS='GreedyPrefetchingStrategyOnVisitFrequencyAndTime',DURATION='304948',NUMBER_OF_URLS='0',NUMBER_OF_SELECTED_CHILDREN_NODES='1',NUMBER_OF_CHILDREN_NODES='2',STRATEGY_RUN_SUCCESSFULLY='True',
08-04 13:11:24.625 17648 17648 D NappaIntentExtras: 	- No extras registered
08-04 13:11:24.625 17648 17665 D GreedyPrefetchingStrategyOnVisitFrequencyAndTime: ==================================
08-04 13:11:24.625 17648 17648 D NappaIntentExtras: activity nappagreedy.io.github.project_travel_mate.utilities.UpcomingWeekendsActivity
08-04 13:11:24.625 17648 17665 D GreedyPrefetchingStrategyOnVisitFrequencyAndTime: Starting Run #5
08-04 13:11:24.625 17648 17648 D NappaIntentExtras: 	- No extras registered
08-04 13:11:24.625 17648 17665 D GreedyPrefetchingStrategyOnVisitFrequencyAndTime: ----------------------------------
08-04 13:11:24.625 17648 17648 D NappaIntentExtras: activity nappagreedy.io.github.project_travel_mate.utilities.ChecklistActivity
08-04 13:11:24.625 17648 17665 D GreedyPrefetchingStrategyOnVisitFrequencyAndTime: Node data FinalCityInfoActivity 
08-04 13:11:24.625 17648 17665 D GreedyPrefetchingStrategyOnVisitFrequencyAndTime: 	Successors:
08-04 13:11:24.625 17648 17665 D GreedyPrefetchingStrategyOnVisitFrequencyAndTime: 		FunFactsActivity (0 hits)
08-04 13:11:24.625 17648 17665 D GreedyPrefetchingStrategyOnVisitFrequencyAndTime: 		CityHistoryActivity (1 hits)
08-04 13:11:24.625 17648 17665 D GreedyPrefetchingStrategyOnVisitFrequencyAndTime: 	Ancestors:
08-04 13:11:24.625 17648 17665 D GreedyPrefetchingStrategyOnVisitFrequencyAndTime: 		MainActivity (0 hits)
08-04 13:11:24.625 17648 17665 D GreedyPrefetchingStrategyOnVisitFrequencyAndTime: 
08-04 13:11:24.625 17648 17648 D NappaIntentExtras: 	- No extras registered
08-04 13:11:24.625 17648 17665 D GreedyPrefetchingStrategyOnVisitFrequencyAndTime: MetricStrategyAccuracy inc execution count5 | act = false; extra = true
08-04 13:11:24.625 17648 17648 D NappaIntentExtras: activity nappagreedy.io.github.project_travel_mate.destinations.description.FinalCityInfoActivity
08-04 13:11:24.625 17648 17665 D GreedyPrefetchingStrategyOnVisitFrequencyAndTime: ------------- Recursion #1 -----------
08-04 13:11:24.625 17648 17648 D NappaIntentExtras: 	- 1 extras registered
08-04 13:11:24.625 17648 17665 D GreedyPrefetchingStrategyOnVisitFrequencyAndTime: Best successors so far []
08-04 13:11:24.625 17648 17665 D GreedyPrefetchingStrategyOnVisitFrequencyAndTime: Checking node FinalCityInfoActivity with 2 successors
08-04 13:11:24.625 17648 17648 D NappaIntentExtras: 	- cityobject_ : objects.City@f007e82
08-04 13:11:24.625   512  2967 D audio_hw_primary: out_set_parameters: enter: usecase(1: low-latency-playback) kvpairs: routing=2
08-04 13:11:24.625 17648 17665 D GreedyPrefetchingStrategyOnVisitFrequencyAndTime: Check successor FunFactsActivity
08-04 13:11:24.625 17648 17648 D NappaIntentExtras: ==================
08-04 13:11:24.626 17648 17665 D GreedyPrefetchingStrategyOnVisitFrequencyAndTime: Data:
08-04 13:11:24.626 17648 17665 D GreedyPrefetchingStrategyOnVisitFrequencyAndTime: 	- Successor time = 20198.0
08-04 13:11:24.626 17648 17665 D GreedyPrefetchingStrategyOnVisitFrequencyAndTime: 	- Successor frequency = 8
08-04 13:11:24.626 17648 17665 D GreedyPrefetchingStrategyOnVisitFrequencyAndTime: 	- Aggregated time = 78885.0
08-04 13:11:24.626 17648 17665 D GreedyPrefetchingStrategyOnVisitFrequencyAndTime: 	- Aggregated frequency = 21
08-04 13:11:24.626 17648 17665 D GreedyPrefetchingStrategyOnVisitFrequencyAndTime: Calculated scores:
08-04 13:11:24.626 17648 17665 D GreedyPrefetchingStrategyOnVisitFrequencyAndTime: 	- Parent score = 1.0
08-04 13:11:24.626 17648 17665 D GreedyPrefetchingStrategyOnVisitFrequencyAndTime: 	- Successor time score = 0.1280218
08-04 13:11:24.626 17648 17665 D GreedyPrefetchingStrategyOnVisitFrequencyAndTime: 	- Successor frequency score = 0.1904762
08-04 13:11:24.626 17648 17665 D GreedyPrefetchingStrategyOnVisitFrequencyAndTime: 	- Successor final score = 0.31849802
08-04 13:11:24.626 17648 17665 D GreedyPrefetchingStrategyOnVisitFrequencyAndTime: Switch best successor
08-04 13:11:24.626 17648 17665 D GreedyPrefetchingStrategyOnVisitFrequencyAndTime: Check successor CityHistoryActivity
08-04 13:11:24.626 17648 17665 D GreedyPrefetchingStrategyOnVisitFrequencyAndTime: Data:
08-04 13:11:24.627 17648 17665 D GreedyPrefetchingStrategyOnVisitFrequencyAndTime: 	- Successor time = 58687.0
08-04 13:11:24.627 17648 17665 D GreedyPrefetchingStrategyOnVisitFrequencyAndTime: 	- Successor frequency = 13
08-04 13:11:24.627 17648 17665 D GreedyPrefetchingStrategyOnVisitFrequencyAndTime: 	- Aggregated time = 78885.0
08-04 13:11:24.627 17648 17665 D GreedyPrefetchingStrategyOnVisitFrequencyAndTime: 	- Aggregated frequency = 21
08-04 13:11:24.627 17648 17665 D GreedyPrefetchingStrategyOnVisitFrequencyAndTime: Calculated scores:
08-04 13:11:24.627 17648 17665 D GreedyPrefetchingStrategyOnVisitFrequencyAndTime: 	- Parent score = 1.0
08-04 13:11:24.627 17648 17665 D GreedyPrefetchingStrategyOnVisitFrequencyAndTime: 	- Successor time score = 0.3719782
08-04 13:11:24.627 17648 17665 D GreedyPrefetchingStrategyOnVisitFrequencyAndTime: 	- Successor frequency score = 0.30952382
08-04 13:11:24.627 17648 17665 D GreedyPrefetchingStrategyOnVisitFrequencyAndTime: 	- Successor final score = 0.681502
08-04 13:11:24.627 17648 17665 D GreedyPrefetchingStrategyOnVisitFrequencyAndTime: Switch best successor
08-04 13:11:24.627 17648 17665 D GreedyPrefetchingStrategyOnVisitFrequencyAndTime: FinalCityInfoActivity best successor is CityHistoryActivity with score 0.681502 containing the URLS []
08-04 13:11:24.627 17648 17665 D GreedyPrefetchingStrategyOnVisitFrequencyAndTime: ------------- Recursion #2 -----------
08-04 13:11:24.627 17648 17665 D GreedyPrefetchingStrategyOnVisitFrequencyAndTime: Best successors so far [CityHistoryActivity]
08-04 13:11:24.627 17648 17665 D GreedyPrefetchingStrategyOnVisitFrequencyAndTime: Checking node CityHistoryActivity with 0 successors
08-04 13:11:24.627 17648 17665 D GreedyPrefetchingStrategyOnVisitFrequencyAndTime: this node has no successors
08-04 13:11:24.627 17648 17665 D GreedyPrefetchingStrategyOnVisitFrequencyAndTime: Next visited child will be [nappagreedy.io.github.project_travel_mate.destinations.description.CityHistoryActivity]
08-04 13:11:24.627 17648 17665 D GreedyPrefetchingStrategyOnVisitFrequencyAndTime: ==================================
08-04 13:11:24.627 17648 17665 D Nappa   : PREFETCH_ON_EXTRA - notifyExtras- end
08-04 13:11:24.627 17648 17665 D Nappa   : PREFSTRAT2 ADDING NEW ACTEXTRADATA
08-04 13:11:24.630   918  3670 I ActivityManager: START u0 {cmp=nappagreedy.io.github.project_travel_mate/.destinations.funfacts.FunFactsActivity (has extras)} from uid 10653 on display 0
08-04 13:11:24.630 17648 17710 I art     : Starting a blocking GC Explicit
08-04 13:11:24.637 17648 17648 D NappaLifecycleObserver: nappagreedy.io.github.project_travel_mate.destinations.description.FinalCityInfoActivity - onPause
08-04 13:11:24.637 17648 17648 D Nappa   : Stayed on nappagreedy.io.github.project_travel_mate.destinations.description.FinalCityInfoActivity for 1612 ms
08-04 13:11:24.638   512  2967 D audio_hw_primary: select_devices: out_snd_device(2: speaker) in_snd_device(0: none)
08-04 13:11:24.639   512  2967 D msm8974_platform: platform_send_audio_calibration: sending audio calibration for snd_device(2) acdb_id(15)
08-04 13:11:24.639   512  2967 I soundtrigger: audio_extn_sound_trigger_update_device_status: device 0x2 of type 0 for Event 1
08-04 13:11:24.644 17648 17648 D ActivityNode: Observer - intent extra - CityHistoryActivity
08-04 13:11:24.644 17648 17648 D ActivityNode: Extras:
08-04 13:11:24.644 17648 17648 D ActivityNode: Observer - intent extra - MainActivity
08-04 13:11:24.644 17648 17648 D ActivityNode: Extras:
08-04 13:11:24.644 17648 17648 D ActivityNode: 	activity ID 2( key cityobject_)
08-04 13:11:24.644 17648 17648 D ActivityNode: 	activity ID 2( key cityobject_)
08-04 13:11:24.644 17648 17648 D ActivityNode: 	activity ID 2( key cityobject_)
08-04 13:11:24.644 17648 17648 D ActivityNode: 	activity ID 2( key cityobject_)
08-04 13:11:24.644 17648 17648 D ActivityNode: 	activity ID 2( key cityobject_)
08-04 13:11:24.644 17648 17648 D ActivityNode: 	activity ID 2( key cityobject_)
08-04 13:11:24.644 17648 17648 D ActivityNode: 	activity ID 2( key cityobject_)
08-04 13:11:24.644 17648 17648 D ActivityNode: 	activity ID 2( key cityobject_)
08-04 13:11:24.644 17648 17648 D ActivityNode: 	activity ID 2( key cityobject_)
08-04 13:11:24.644 17648 17648 D ActivityNode: 	activity ID 2( key cityobject_)
08-04 13:11:24.644 17648 17648 D ActivityNode: 	activity ID 2( key cityobject_)
08-04 13:11:24.644 17648 17648 D ActivityNode: 	activity ID 2( key cityobject_)
08-04 13:11:24.644 17648 17648 D ActivityNode: 	activity ID 2( key cityobject_)
08-04 13:11:24.644 17648 17648 D ActivityNode: Observer - intent extra - FinalCityInfoActivity
08-04 13:11:24.644 17648 17648 D ActivityNode: Extras:
08-04 13:11:24.644 17648 17648 D ActivityNode: 	activity ID 3( key cityobject_)
08-04 13:11:24.644 17648 17648 D ActivityNode: 	activity ID 3( key cityobject_)
08-04 13:11:24.644 17648 17648 D ActivityNode: 	activity ID 3( key cityobject_)
08-04 13:11:24.644 17648 17648 D ActivityNode: 	activity ID 3( key cityobject_)
08-04 13:11:24.644 17648 17648 D ActivityNode: 	activity ID 3( key cityobject_)
08-04 13:11:24.644 17648 17648 D ActivityNode: 	activity ID 3( key cityobject_)
08-04 13:11:24.644 17648 17648 D ActivityNode: 	activity ID 3( key cityobject_)
08-04 13:11:24.644 17648 17648 D ActivityNode: 	activity ID 3( key cityobject_)
08-04 13:11:24.644 17648 17648 D ActivityNode: 	activity ID 3( key cityobject_)
08-04 13:11:24.644 17648 17648 D ActivityNode: 	activity ID 3( key cityobject_)
08-04 13:11:24.644 17648 17648 D ActivityNode: 	activity ID 3( key cityobject_)
08-04 13:11:24.644 17648 17648 D ActivityNode: 	activity ID 3( key cityobject_)
08-04 13:11:24.644 17648 17648 D ActivityNode: 	activity ID 3( key cityobject_)
08-04 13:11:24.644 17648 17648 D ActivityNode: Observer - intent extra - SplashActivity
08-04 13:11:24.644 17648 17648 D ActivityNode: Extras:
08-04 13:11:24.648   512  2967 D audio_hw_primary: enable_snd_device: snd_device(2: speaker)
08-04 13:11:24.650   512  2967 D audio_hw_primary: enable_audio_route: apply and update mixer path: low-latency-playback speaker
08-04 13:11:24.651 17648 17786 D Gabe    : call	returning from cache
08-04 13:11:24.653 17648 17648 V EXECUTING: https://project-travel-mate.herokuapp.com/api/get-city-facts/1
08-04 13:11:24.654 17648 17648 D Nappa   : TAG okHttpClient initialized
08-04 13:11:24.655 17648 18356 D CustomInterceptor: NETWORK-PROVIDER https://project-travel-mate.herokuapp.com/api/get-city-facts/1
08-04 13:11:24.656 17648 18356 D Nappa   : F1_SCORE add_intercept_url - (new) - https://project-travel-mate.herokuapp.com/api/get-city-facts/1
08-04 13:11:24.656 17648 17648 D NappaLifecycleObserver: nappagreedy.io.github.project_travel_mate.destinations.funfacts.FunFactsActivity - onResume
08-04 13:11:24.656 17648 17648 D Nappa   : setCurrentActivity - MetricStrategyAccuracy - 
08-04 13:11:24.656 17648 17648 D Nappa   : madePredictionFromActivity = false, 
08-04 13:11:24.656 17648 17648 D Nappa   : fromActivity = nappagreedy.io.github.project_travel_mate.destinations.description.FinalCityInfoActivity, 
08-04 13:11:24.656 17648 17648 D Nappa   : predictedNextActivityFromActivity = [], 
08-04 13:11:24.656 17648 17648 D Nappa   : activity.getClass().getCanonicalName() = nappagreedy.io.github.project_travel_mate.destinations.funfacts.FunFactsActivity, 
08-04 13:11:24.656 17648 18356 D Nappa   : F1_SCORE add_fn_url - (new) - https://project-travel-mate.herokuapp.com/api/get-city-facts/1
08-04 13:11:24.656 17648 18356 D Nappa   : -------------F1_SCORE #8 -----------
08-04 13:11:24.656 17648 17648 D Nappa   : setCurrentActivity - MetricStrategyAccuracy - 
08-04 13:11:24.656 17648 17648 D Nappa   : madePredictionFromExtra = true, 
08-04 13:11:24.656 17648 17648 D Nappa   : fromActivity = nappagreedy.io.github.project_travel_mate.destinations.description.FinalCityInfoActivity, 
08-04 13:11:24.656 17648 17648 D Nappa   : predictedNextActivityFromExtra = [nappagreedy.io.github.project_travel_mate.destinations.description.CityHistoryActivity], 
08-04 13:11:24.656 17648 17648 D Nappa   : activity.getClass().getCanonicalName() = nappagreedy.io.github.project_travel_mate.destinations.funfacts.FunFactsActivity, 
08-04 13:11:24.656 17648 18356 D Nappa   : F1_SCORE - Intercept list (7)= [https://project-travel-mate.herokuapp.com/api/get-user, https://project-travel-mate.herokuapp.com/api/get-all-cities/10, https://project-travel-mate.herokuapp.com/api/number-of-unread-notifications, https://project-travel-mate.herokuapp.com/api/get-city-weather/1, https://project-travel-mate.herokuapp.com/api/get-city/1, https://project-travel-mate.herokuapp.com/api/get-city-information/1, https://project-travel-mate.herokuapp.com/api/get-city-facts/1]
08-04 13:11:24.656 17648 18356 D Nappa   : F1_SCORE - Prefetch list (0)= []
08-04 13:11:24.656 17648 18356 D Nappa   : F1_SCORE - TP list (0)= []
08-04 13:11:24.656 17648 17648 D Nappa   : PREFETCH_ON_EXTRA - setCurrentActivity - logs - from activity - made prediction isfalse
08-04 13:11:24.656 17648 18356 D Nappa   : F1_SCORE - FN list (7)= [https://project-travel-mate.herokuapp.com/api/get-user, https://project-travel-mate.herokuapp.com/api/get-all-cities/10, https://project-travel-mate.herokuapp.com/api/number-of-unread-notifications, https://project-travel-mate.herokuapp.com/api/get-city-weather/1, https://project-travel-mate.herokuapp.com/api/get-city/1, https://project-travel-mate.herokuapp.com/api/get-city-information/1, https://project-travel-mate.herokuapp.com/api/get-city-facts/1]
08-04 13:11:24.656 17648 18356 I NAPPA_EXPERIMENTATION: MetricPrefetchingAccuracy: LOG_ID='9',F1_SCORE_1='0.0',F1_SCORE_2='0.0',TRUE_POSITIVE='0',FALSE_POSITIVE='0',FALSE_NEGATIVE='7',
08-04 13:11:24.657 17648 18356 D CustomInterceptor: HEADER REQUEST
08-04 13:11:24.657 17648 18356 D CustomInterceptor: Authorization Token e817cf733b7893037942a7dc5507f3c5a98408e6
08-04 13:11:24.657 17648 18356 D CustomInterceptor: Cache-Control max-age=300, max-stale=300
08-04 13:11:24.658 17648 18356 D CustomInterceptor: CACHED STATS: size = '6', maxSize = '100', hitCount = '6', createCount = '0', putCount = '6', evictionCount = '0', missCount = '6', toString = 'LruCache[maxSize=100,hits=6,misses=6,hitRate=50%]', 
08-04 13:11:24.658 17648 18356 D CustomInterceptor: PREFLIB NOT A GET REQUEST OR NOT IN CACHEGET
08-04 13:11:24.659 17648 17710 I art     : Explicit concurrent mark sweep GC freed 2796(252KB) AllocSpace objects, 0(0B) LOS objects, 29% free, 39MB/55MB, paused 830us total 28.204ms
08-04 13:11:24.670 17648 17710 I art     : Starting a blocking GC Explicit
08-04 13:11:24.694 17648 17710 I art     : Explicit concurrent mark sweep GC freed 898(91KB) AllocSpace objects, 0(0B) LOS objects, 29% free, 39MB/55MB, paused 569us total 23.730ms
08-04 13:11:24.706 17648 17710 I art     : Starting a blocking GC Explicit
08-04 13:11:24.730 17648 17710 I art     : Explicit concurrent mark sweep GC freed 151(8KB) AllocSpace objects, 0(0B) LOS objects, 29% free, 39MB/55MB, paused 591us total 24.538ms
08-04 13:11:24.742 17648 17710 I art     : Starting a blocking GC Explicit
08-04 13:11:24.756 17648 17665 D Nappa   : registerActivity: (already in) nappagreedy.io.github.project_travel_mate.destinations.description.FinalCityInfoActivity
08-04 13:11:24.756 17648 17665 D Nappa   : PARENTS 
08-04 13:11:24.756 17648 17665 D Nappa   : Of: nappagreedy.io.github.project_travel_mate.destinations.description.FinalCityInfoActivity -> 
08-04 13:11:24.756 17648 17665 D Nappa   : PARENTS nappagreedy.io.github.project_travel_mate.MainActivity
08-04 13:11:24.756 17648 17665 D Nappa   : PARENTS has extra: (cityobject_, objects.City@e108694)
08-04 13:11:24.756 17648 17665 D Nappa   : PARENTS nappagreedy.io.github.project_travel_mate.SplashActivity
08-04 13:11:24.756 17648 17648 D Nappa   : registerActivity: (already in) nappagreedy.io.github.project_travel_mate.destinations.funfacts.FunFactsActivity
08-04 13:11:24.757 17648 17648 D ActivityNode: ACTNODE UPDATING AFTER LOADING FROM DB
08-04 13:11:24.757 17648 17648 D ActivityGraph: LARDataCalculatedUpdate nappagreedy.io.github.project_travel_mate.destinations.funfacts.FunFactsActivity Pagerank: 0.25 HITS-Authority: 1.0 HITS-Hub: 1.0 SALSA-Authority: 1.0 SALSA-Hub: 1.0
08-04 13:11:24.757 17648 17648 D Nappa   : SHOULD_PREFETCH true
08-04 13:11:24.767 17648 17710 I art     : Explicit concurrent mark sweep GC freed 124(7KB) AllocSpace objects, 0(0B) LOS objects, 29% free, 39MB/55MB, paused 659us total 24.655ms
08-04 13:11:24.857 17648 17648 D Nappa   : registerActivity: (already in) nappagreedy.io.github.project_travel_mate.destinations.funfacts.FunFactsActivity
08-04 13:11:24.857 17648 17648 D Nappa   : STATS Number of requests not prefetched: 6
08-04 13:11:24.857 17648 17648 D Nappa   : STATS Number of requests prefetched: 0
08-04 13:11:24.857 17648 17648 D Nappa   : STATS Time saved until now: 0.0
08-04 13:11:24.861 17648 17648 D ActivityNode: Observer - intent extra - ChecklistActivity
08-04 13:11:24.861 17648 17648 D ActivityNode: Extras:
08-04 13:11:24.862 17648 17648 D ActivityNode: Observer - intent extra - UpcomingWeekendsActivity
08-04 13:11:24.862 17648 17648 D ActivityNode: Extras:
08-04 13:11:24.862 17648 17648 D ActivityNode: Observer - intent extra - FunFactsActivity
08-04 13:11:24.862 17648 17648 D ActivityNode: Extras:
08-04 13:11:24.862 17648 17648 D ActivityNode: Observer - intent extra - CompassActivity
08-04 13:11:24.862 17648 17648 D ActivityNode: Extras:
08-04 13:11:24.862 17648 17648 D ActivityNode: Observer - intent extra - NotificationsActivity
08-04 13:11:24.862 17648 17648 D ActivityNode: Extras:
08-04 13:11:24.886  2075 18357 I GsaConfigFlagsSyncer: Flags already sync'ed.
08-04 13:11:24.914 17648 17648 D ActivityNode: Observer - visit time - FinalCityInfoActivity - New aggregate visit time found is 73798 ms
08-04 13:11:24.953  2075 18357 W DynamiteModule: Local module descriptor class for com.google.android.gms.googlecertificates not found.
08-04 13:11:24.958  2075 18357 I DynamiteModule: Considering local module com.google.android.gms.googlecertificates:0 and remote module com.google.android.gms.googlecertificates:5
08-04 13:11:24.959  2075 18357 I DynamiteModule: Selected remote version of com.google.android.gms.googlecertificates, version >= 5
08-04 13:11:24.959  2075 18357 V DynamiteModule: Dynamite loader version >= 2, using loadModule2NoCrashUtils
08-04 13:11:24.989  2075 18357 I DynamiteLoaderV2: [71] Googlecertificates
08-04 13:11:24.992 13866 13866 I GoogleInputMethodServic: GoogleInputMethodService.onFinishInput():3138 
08-04 13:11:24.992   918   936 I ActivityManager: Displayed nappagreedy.io.github.project_travel_mate/.destinations.funfacts.FunFactsActivity: +354ms
08-04 13:11:24.992 17648 17648 D ActivityNode: Observer - session data - sourceCityHistoryActivity
08-04 13:11:24.992 17648 17648 D ActivityNode: destinations:
08-04 13:11:24.992 13866 13866 I GoogleInputMethodServic: GoogleInputMethodService.onStartInput():1808 
08-04 13:11:24.992 17648 17648 D ActivityNode: Observer - session data - sourceSplashActivity
08-04 13:11:24.992 17648 17648 D ActivityNode: destinations:
08-04 13:11:24.992 17648 17648 D ActivityNode: 	nappagreedy.io.github.project_travel_mate.MainActivity( count 5)
08-04 13:11:24.992 17648 17648 D ActivityNode: Observer - session data - sourceFinalCityInfoActivity
08-04 13:11:24.992 17648 17648 D ActivityNode: destinations:
08-04 13:11:24.992 17648 17648 D ActivityNode: 	nappagreedy.io.github.project_travel_mate.destinations.description.CityHistoryActivity( count 13)
08-04 13:11:24.992 17648 17648 D ActivityNode: 	nappagreedy.io.github.project_travel_mate.destinations.funfacts.FunFactsActivity( count 9)
08-04 13:11:24.993 17648 17648 D ActivityNode: Observer - session data - sourceMainActivity
08-04 13:11:24.993 17648 17648 D ActivityNode: destinations:
08-04 13:11:24.993 17648 17648 D ActivityNode: 	nappagreedy.io.github.project_travel_mate.destinations.description.FinalCityInfoActivity( count 9)
08-04 13:11:24.993 17648 17648 D ActivityNode: 	nappagreedy.io.github.project_travel_mate.utilities.ChecklistActivity( count 8)
08-04 13:11:24.993 17648 17648 D ActivityNode: 	nappagreedy.io.github.project_travel_mate.utilities.CompassActivity( count 8)
08-04 13:11:24.993 17648 17648 D ActivityNode: 	nappagreedy.io.github.project_travel_mate.utilities.UpcomingWeekendsActivity( count 16)
08-04 13:11:24.993 17648 17648 D ActivityNode: 	nappagreedy.io.github.project_travel_mate.notifications.NotificationsActivity( count 8)
08-04 13:11:24.993 17648 17648 D ActivityNode: Observer - session data - sourceChecklistActivity
08-04 13:11:24.993 17648 17648 D ActivityNode: destinations:
08-04 13:11:24.993 17648 17648 D ActivityNode: Observer - session data - sourceFunFactsActivity
08-04 13:11:24.993 17648 17648 D ActivityNode: destinations:
08-04 13:11:24.993 17648 17648 D ActivityNode: Observer - session data - sourceCompassActivity
08-04 13:11:24.993 17648 17648 D ActivityNode: destinations:
08-04 13:11:24.993 17648 17648 D ActivityNode: Observer - session data - sourceUpcomingWeekendsActivity
08-04 13:11:24.993 17648 17648 D ActivityNode: destinations:
08-04 13:11:24.993 17648 17648 D ActivityNode: Observer - session data - sourceNotificationsActivity
08-04 13:11:24.993 17648 17648 D ActivityNode: destinations:
08-04 13:11:24.999  2075 18357 E linker  : readlink('/proc/self/fd/55') failed: Permission denied [fd=55]
08-04 13:11:24.999  2075 18357 E linker  : warning: unable to get realpath for the library "/data/data/com.google.android.gms/app_chimera/m/0000003c/oat/arm64/GoogleCertificates.odex". Will use given name.
08-04 13:11:25.006  2075 18357 W System  : ClassLoader referenced unknown path: /data/data/com.google.android.gms/app_chimera/m/0000003c/n/arm64-v8a
08-04 13:11:25.057 17648 17665 D Nappa   : PREFETCH_ON_EXTRA - setCurrentActivity - logs - from extra - made prediction istrue
08-04 13:11:25.057 17648 17665 D Nappa   : PREFETCH_ON_EXTRA - setCurrentActivity - logs - from extra - start
08-04 13:11:25.057 17648 17665 D Nappa   : setCurrentActivity - MetricStrategyAccuracy - checking prediction VS current activity for extras
08-04 13:11:25.057 17648 17665 D GreedyPrefetchingStrategyOnVisitFrequencyAndTime: MetricStrategyAccuracy inc misses count0 | from extra
08-04 13:11:25.057 17648 17665 I NAPPA_EXPERIMENTATION: MetricStrategyAccuracy: LOG_ID='5',EXECUTION_COUNT='5',CASES_COUNT='5',HIT_PERCENTAGE_TOTAL='20.0',HIT_PERCENTAGE_WHEN_PREDICTED='50.0',HIT_COUNT='1',MISS_COUNT='1',INSUFFICIENT_SCORE_COUNT='2',EXCEPTION_COUNT='0',NO_SUCCESSOR_COUNT='1',
08-04 13:11:25.057 17648 17665 D Nappa   : PREFETCH_ON_EXTRA - setCurrentActivity - logs - from extra- finished
08-04 13:11:25.069 17648 17710 I art     : Starting a blocking GC Explicit
08-04 13:11:25.099 17648 17710 I art     : Explicit concurrent mark sweep GC freed 3130(167KB) AllocSpace objects, 2(40KB) LOS objects, 26% free, 43MB/59MB, paused 671us total 29.346ms
08-04 13:11:25.104 18027 18331 W AssistantConfig: appIntegrationDataInBase64 is null
08-04 13:11:25.112 17648 17710 I art     : Starting a blocking GC Explicit
08-04 13:11:25.142 17648 17710 I art     : Explicit concurrent mark sweep GC freed 413(14KB) AllocSpace objects, 0(0B) LOS objects, 26% free, 43MB/59MB, paused 533us total 28.997ms
08-04 13:11:25.154 17648 17710 I art     : Starting a blocking GC Explicit
08-04 13:11:25.179 17648 17710 I art     : Explicit concurrent mark sweep GC freed 222(3KB) AllocSpace objects, 0(0B) LOS objects, 26% free, 43MB/59MB, paused 486us total 25.368ms
08-04 13:11:25.188   512  2967 D audio_hw_primary: disable_audio_route: reset and update mixer path: low-latency-playback speaker
08-04 13:11:25.189   512  2967 D audio_hw_primary: disable_snd_device: snd_device(2: speaker)
08-04 13:11:25.191 17648 17710 I art     : Starting a blocking GC Explicit
08-04 13:11:25.197   512  2967 I soundtrigger: audio_extn_sound_trigger_update_device_status: device 0x2 of type 0 for Event 0
08-04 13:11:25.219 17648 17710 I art     : Explicit concurrent mark sweep GC freed 147(2496B) AllocSpace objects, 0(0B) LOS objects, 26% free, 43MB/59MB, paused 512us total 27.698ms
08-04 13:11:25.232 17648 17710 I art     : Starting a blocking GC Explicit
08-04 13:11:25.252   380   380 W SurfaceFlinger: couldn't log to binary event log: overflow.
08-04 13:11:25.260 17648 17710 I art     : Explicit concurrent mark sweep GC freed 219(3KB) AllocSpace objects, 0(0B) LOS objects, 26% free, 43MB/59MB, paused 487us total 28.322ms
08-04 13:11:25.357 17648 17665 D Nappa   : PREFETCH_ON_EXTRA - setCurrentActivity - starting new prediction
08-04 13:11:25.358 17648 17665 D Nappa   : Current node - currentActivityName - nappagreedy.io.github.project_travel_mate.destinations.funfacts.FunFactsActivity
08-04 13:11:25.358 17648 17665 D Nappa   : Current node - activityGraph.getCurrent() - nappagreedy.io.github.project_travel_mate.destinations.funfacts.FunFactsActivity
08-04 13:11:25.358 17648 17665 I NAPPA_EXPERIMENTATION: MetricNappaPrefetchingStrategyExecutionTime: STRATEGY_CLASS='GreedyPrefetchingStrategyOnVisitFrequencyAndTime',DURATION='64271',NUMBER_OF_URLS='0',NUMBER_OF_SELECTED_CHILDREN_NODES='0',NUMBER_OF_CHILDREN_NODES='0',STRATEGY_RUN_SUCCESSFULLY='True',
08-04 13:11:25.358 17648 17665 D GreedyPrefetchingStrategyOnVisitFrequencyAndTime: ==================================
08-04 13:11:25.358 17648 17665 D GreedyPrefetchingStrategyOnVisitFrequencyAndTime: Starting Run #6
08-04 13:11:25.358 17648 17665 D GreedyPrefetchingStrategyOnVisitFrequencyAndTime: ----------------------------------
08-04 13:11:25.358 17648 17665 D GreedyPrefetchingStrategyOnVisitFrequencyAndTime: Node data FunFactsActivity 
08-04 13:11:25.358 17648 17665 D GreedyPrefetchingStrategyOnVisitFrequencyAndTime: 	Successors:
08-04 13:11:25.358 17648 17665 D GreedyPrefetchingStrategyOnVisitFrequencyAndTime: 
08-04 13:11:25.358 17648 17665 D GreedyPrefetchingStrategyOnVisitFrequencyAndTime: 	Ancestors:
08-04 13:11:25.358 17648 17665 D GreedyPrefetchingStrategyOnVisitFrequencyAndTime: 		FinalCityInfoActivity (0 hits)
08-04 13:11:25.358 17648 17665 D GreedyPrefetchingStrategyOnVisitFrequencyAndTime: 
08-04 13:11:25.358 17648 17665 D GreedyPrefetchingStrategyOnVisitFrequencyAndTime: MetricStrategyAccuracy inc execution count6 | act = true; extra = false
08-04 13:11:25.359 17648 17665 D GreedyPrefetchingStrategyOnVisitFrequencyAndTime: MetricStrategyAccuracy inc no sucessor count2 | act = true; extra = false
08-04 13:11:25.359 17648 17665 D GreedyPrefetchingStrategyOnVisitFrequencyAndTime: ------------- Recursion #1 -----------
08-04 13:11:25.359 17648 17665 D GreedyPrefetchingStrategyOnVisitFrequencyAndTime: Best successors so far []
08-04 13:11:25.359 17648 17665 D GreedyPrefetchingStrategyOnVisitFrequencyAndTime: Checking node FunFactsActivity with 0 successors
08-04 13:11:25.359 17648 17665 D GreedyPrefetchingStrategyOnVisitFrequencyAndTime: this node has no successors
08-04 13:11:25.359 17648 17665 D GreedyPrefetchingStrategyOnVisitFrequencyAndTime: Next visited child will be []
08-04 13:11:25.359 17648 17665 D GreedyPrefetchingStrategyOnVisitFrequencyAndTime: ==================================
08-04 13:11:25.359 17648 17665 D Nappa   : PREFETCH_ON_EXTRA - setCurrentActivity - finished new prediction
08-04 13:11:25.484 17648 18356 D CustomInterceptor: CACHE_CONTROL SETTING NEW MAX-AGE
08-04 13:11:25.485 17648 18356 D CustomInterceptor: HEADER RESPONSE
08-04 13:11:25.486 17648 18356 D CustomInterceptor: Allow GET, OPTIONS
08-04 13:11:25.486 17648 18356 D CustomInterceptor: Cache-Control public, immutable, max-age=300, only-if-cached, max-stale=300
08-04 13:11:25.486 17648 18356 D CustomInterceptor: Connection keep-alive
08-04 13:11:25.486 17648 18356 D CustomInterceptor: Content-Length 1793
08-04 13:11:25.486 17648 18356 D CustomInterceptor: Content-Type application/json
08-04 13:11:25.488 17648 18356 D CustomInterceptor: Date Tue, 04 Aug 2020 11:11:20 GMT
08-04 13:11:25.488 17648 18356 D CustomInterceptor: Expires Tue, 04 Aug 2020 11:16:25 GMT+00:00
08-04 13:11:25.488 17648 18356 D CustomInterceptor: Server gunicorn/19.8.1
08-04 13:11:25.488 17648 18356 D CustomInterceptor: Vary Accept
08-04 13:11:25.488 17648 18356 D CustomInterceptor: Via 1.1 vegur
08-04 13:11:25.488 17648 18356 D CustomInterceptor: X-Frame-Options SAMEORIGIN
08-04 13:11:25.488 17648 18356 D CustomInterceptor: CACHEABLE true
08-04 13:11:25.488 17648 18356 D CustomInterceptor: REQ https://project-travel-mate.herokuapp.com/api/get-city-facts/1
08-04 13:11:25.488 17648 18356 D CustomInterceptor: REQ_SERV_BY net
08-04 13:11:25.488 17648 18356 D CustomInterceptor: PREFLIB Adding response to lrucache - https://project-travel-mate.herokuapp.com/api/get-city-facts/1
08-04 13:11:25.490 17648 18356 D CustomInterceptor: interceptor_finished : return_type #3 : request served from remote and added to cache
08-04 13:11:25.490 17648 18356 I NAPPA_EXPERIMENTATION: MetricNetworkRequestExecutionTime: REQUEST_DURATION_SYSTEM='836',REQUEST_DURATION_OKHTTP='0',REQUEST_SYNCHRONOUS='FALSE',RESPONSE_CODE='200',RESPONSE_METHOD='GET',RESPONSE_LENGTH_OKHTTP='1793',RESPONSE_LENGTH_HEADER='-2',REQUEST_PROTOCOL='http/1.1',REQUEST_URL='https://project-travel-mate.herokuapp.com/api/get-city-facts/1',
08-04 13:11:25.491 17648 18356 V EXECUTING: https://project-travel-mate.herokuapp.com/api/get-city-images/1
08-04 13:11:25.492 17648 18356 D Nappa   : TAG okHttpClient initialized
08-04 13:11:25.494 17648 18380 D CustomInterceptor: NETWORK-PROVIDER https://project-travel-mate.herokuapp.com/api/get-city-images/1
08-04 13:11:25.495 17648 18380 D Nappa   : F1_SCORE add_intercept_url - (new) - https://project-travel-mate.herokuapp.com/api/get-city-images/1
08-04 13:11:25.495 17648 18380 D Nappa   : F1_SCORE add_fn_url - (new) - https://project-travel-mate.herokuapp.com/api/get-city-images/1
08-04 13:11:25.495 17648 18380 D Nappa   : -------------F1_SCORE #9 -----------
08-04 13:11:25.495 17648 18380 D Nappa   : F1_SCORE - Intercept list (8)= [https://project-travel-mate.herokuapp.com/api/get-user, https://project-travel-mate.herokuapp.com/api/get-all-cities/10, https://project-travel-mate.herokuapp.com/api/number-of-unread-notifications, https://project-travel-mate.herokuapp.com/api/get-city-weather/1, https://project-travel-mate.herokuapp.com/api/get-city/1, https://project-travel-mate.herokuapp.com/api/get-city-information/1, https://project-travel-mate.herokuapp.com/api/get-city-facts/1, https://project-travel-mate.herokuapp.com/api/get-city-images/1]
08-04 13:11:25.495 17648 18380 D Nappa   : F1_SCORE - Prefetch list (0)= []
08-04 13:11:25.495 17648 18380 D Nappa   : F1_SCORE - TP list (0)= []
08-04 13:11:25.495 17648 18380 D Nappa   : F1_SCORE - FN list (8)= [https://project-travel-mate.herokuapp.com/api/get-user, https://project-travel-mate.herokuapp.com/api/get-all-cities/10, https://project-travel-mate.herokuapp.com/api/number-of-unread-notifications, https://project-travel-mate.herokuapp.com/api/get-city-weather/1, https://project-travel-mate.herokuapp.com/api/get-city/1, https://project-travel-mate.herokuapp.com/api/get-city-information/1, https://project-travel-mate.herokuapp.com/api/get-city-facts/1, https://project-travel-mate.herokuapp.com/api/get-city-images/1]
08-04 13:11:25.495 17648 18380 I NAPPA_EXPERIMENTATION: MetricPrefetchingAccuracy: LOG_ID='10',F1_SCORE_1='0.0',F1_SCORE_2='0.0',TRUE_POSITIVE='0',FALSE_POSITIVE='0',FALSE_NEGATIVE='8',
08-04 13:11:25.495 17648 18380 D CustomInterceptor: HEADER REQUEST
08-04 13:11:25.495 17648 18380 D CustomInterceptor: Authorization Token e817cf733b7893037942a7dc5507f3c5a98408e6
08-04 13:11:25.495 17648 18380 D CustomInterceptor: Cache-Control max-age=300, max-stale=300
08-04 13:11:25.496 17648 18380 D CustomInterceptor: CACHED STATS: size = '7', maxSize = '100', hitCount = '7', createCount = '0', putCount = '7', evictionCount = '0', missCount = '7', toString = 'LruCache[maxSize=100,hits=7,misses=7,hitRate=50%]', 
08-04 13:11:25.496 17648 18380 D CustomInterceptor: PREFLIB NOT A GET REQUEST OR NOT IN CACHEGET
08-04 13:11:25.577 17648 17710 I art     : Starting a blocking GC Explicit
08-04 13:11:25.595 17648 17665 D Nappa   : registerActivity: (already in) nappagreedy.io.github.project_travel_mate.destinations.funfacts.FunFactsActivity
08-04 13:11:25.595 17648 17665 D Nappa   : PARENTS 
08-04 13:11:25.595 17648 17665 D Nappa   : Of: nappagreedy.io.github.project_travel_mate.destinations.funfacts.FunFactsActivity -> 
08-04 13:11:25.595 17648 17665 D Nappa   : PARENTS nappagreedy.io.github.project_travel_mate.destinations.description.FinalCityInfoActivity
08-04 13:11:25.595 17648 17665 D Nappa   : PARENTS has extra: (cityobject_, objects.City@f007e82)
08-04 13:11:25.595 17648 17665 D Nappa   : PARENTS nappagreedy.io.github.project_travel_mate.MainActivity
08-04 13:11:25.595 17648 17665 D Nappa   : PARENTS has extra: (cityobject_, objects.City@e108694)
08-04 13:11:25.595 17648 17665 D Nappa   : PARENTS nappagreedy.io.github.project_travel_mate.SplashActivity
08-04 13:11:25.605 17648 17710 I art     : Explicit concurrent mark sweep GC freed 6963(472KB) AllocSpace objects, 5(240KB) LOS objects, 26% free, 43MB/59MB, paused 713us total 27.903ms
08-04 13:11:25.618 17648 17710 I art     : Starting a blocking GC Explicit
08-04 13:11:25.644 17648 17710 I art     : Explicit concurrent mark sweep GC freed 1206(123KB) AllocSpace objects, 0(0B) LOS objects, 26% free, 43MB/59MB, paused 662us total 26.473ms
08-04 13:11:25.657 17648 17710 I art     : Starting a blocking GC Explicit
08-04 13:11:25.683 17648 17710 I art     : Explicit concurrent mark sweep GC freed 123(2064B) AllocSpace objects, 0(0B) LOS objects, 26% free, 43MB/59MB, paused 819us total 26.392ms
08-04 13:11:25.695 17648 17710 I art     : Starting a blocking GC Explicit
08-04 13:11:25.722 17648 17710 I art     : Explicit concurrent mark sweep GC freed 131(2192B) AllocSpace objects, 0(0B) LOS objects, 26% free, 43MB/59MB, paused 688us total 26.277ms
08-04 13:11:25.734 17648 17710 I art     : Starting a blocking GC Explicit
08-04 13:11:25.760 17648 17710 I art     : Explicit concurrent mark sweep GC freed 102(1728B) AllocSpace objects, 0(0B) LOS objects, 26% free, 43MB/59MB, paused 736us total 26.070ms
08-04 13:11:26.085 17648 17660 I art     : Starting a blocking GC Explicit
08-04 13:11:26.111 17648 17660 I art     : Explicit concurrent mark sweep GC freed 2583(110KB) AllocSpace objects, 2(40KB) LOS objects, 26% free, 43MB/59MB, paused 737us total 26.565ms
08-04 13:11:26.124 17648 17660 I art     : Starting a blocking GC Explicit
08-04 13:11:26.150 17648 17660 I art     : Explicit concurrent mark sweep GC freed 60(1696B) AllocSpace objects, 0(0B) LOS objects, 26% free, 43MB/59MB, paused 518us total 25.967ms
08-04 13:11:26.162 17648 17660 I art     : Starting a blocking GC Explicit
08-04 13:11:26.190 17648 17660 I art     : Explicit concurrent mark sweep GC freed 132(2208B) AllocSpace objects, 0(0B) LOS objects, 26% free, 43MB/59MB, paused 791us total 27.300ms
08-04 13:11:26.202 17648 17660 I art     : Starting a blocking GC Explicit
