08-03 23:33:20.307 30454 30467 I art     : Explicit concurrent mark sweep GC freed 3(96B) AllocSpace objects, 0(0B) LOS objects, 40% free, 21MB/35MB, paused 165us total 10.702ms
08-03 23:33:20.314 30454 30467 I art     : Starting a blocking GC Explicit
08-03 23:33:20.325 30454 30467 I art     : Explicit concurrent mark sweep GC freed 3(96B) AllocSpace objects, 0(0B) LOS objects, 40% free, 21MB/35MB, paused 146us total 10.653ms
08-03 23:33:20.606 30454 30466 I art     : Starting a blocking GC Explicit
08-03 23:33:20.621 30454 30466 I art     : Explicit concurrent mark sweep GC freed 1511(90KB) AllocSpace objects, 1(20KB) LOS objects, 40% free, 21MB/35MB, paused 200us total 15.022ms
08-03 23:33:20.635 30454 30466 I art     : Starting a blocking GC Explicit
08-03 23:33:20.646 30454 30466 I art     : Explicit concurrent mark sweep GC freed 26(944B) AllocSpace objects, 0(0B) LOS objects, 40% free, 21MB/35MB, paused 165us total 11.392ms
08-03 23:33:20.654 30454 30466 I art     : Starting a blocking GC Explicit
08-03 23:33:20.665 30454 30466 I art     : Explicit concurrent mark sweep GC freed 3(96B) AllocSpace objects, 0(0B) LOS objects, 40% free, 21MB/35MB, paused 143us total 10.223ms
08-03 23:33:20.672 30454 30466 I art     : Starting a blocking GC Explicit
08-03 23:33:20.683 30454 30466 I art     : Explicit concurrent mark sweep GC freed 3(96B) AllocSpace objects, 0(0B) LOS objects, 40% free, 21MB/35MB, paused 139us total 10.438ms
08-03 23:33:20.691 30454 30466 I art     : Starting a blocking GC Explicit
08-03 23:33:20.702 30454 30466 I art     : Explicit concurrent mark sweep GC freed 3(96B) AllocSpace objects, 0(0B) LOS objects, 40% free, 21MB/35MB, paused 146us total 10.397ms
08-03 23:33:20.994 30454 30466 I art     : Starting a blocking GC Explicit
08-03 23:33:21.012 30454 30466 I art     : Explicit concurrent mark sweep GC freed 1499(89KB) AllocSpace objects, 1(20KB) LOS objects, 40% free, 21MB/35MB, paused 237us total 17.578ms
08-03 23:33:21.067 30454 30466 I art     : Starting a blocking GC Explicit
08-03 23:33:21.086 30454 30466 I art     : Explicit concurrent mark sweep GC freed 26(944B) AllocSpace objects, 0(0B) LOS objects, 40% free, 21MB/35MB, paused 267us total 18.523ms
08-03 23:33:21.171 30454 30466 I art     : Starting a blocking GC Explicit
08-03 23:33:21.191 30454 30466 I art     : Explicit concurrent mark sweep GC freed 3(96B) AllocSpace objects, 0(0B) LOS objects, 40% free, 21MB/35MB, paused 332us total 19.645ms
08-03 23:33:21.205 30454 30466 I art     : Starting a blocking GC Explicit
08-03 23:33:21.220 30454 30466 I art     : Explicit concurrent mark sweep GC freed 3(96B) AllocSpace objects, 0(0B) LOS objects, 40% free, 21MB/35MB, paused 242us total 14.721ms
08-03 23:33:21.231 30454 30466 I art     : Starting a blocking GC Explicit
08-03 23:33:21.244 30454 30466 I art     : Explicit concurrent mark sweep GC freed 3(96B) AllocSpace objects, 0(0B) LOS objects, 40% free, 21MB/35MB, paused 210us total 12.393ms
08-03 23:33:21.543 30454 30466 I art     : Starting a blocking GC Explicit
08-03 23:33:21.555 30454 30466 I art     : Explicit concurrent mark sweep GC freed 1533(92KB) AllocSpace objects, 1(20KB) LOS objects, 40% free, 21MB/35MB, paused 199us total 11.392ms
08-03 23:33:21.564 30454 30466 I art     : Starting a blocking GC Explicit
08-03 23:33:21.574 30454 30466 I art     : Explicit concurrent mark sweep GC freed 26(944B) AllocSpace objects, 0(0B) LOS objects, 40% free, 21MB/35MB, paused 183us total 10.184ms
08-03 23:33:21.583 30454 30466 I art     : Starting a blocking GC Explicit
08-03 23:33:21.594 30454 30466 I art     : Explicit concurrent mark sweep GC freed 3(96B) AllocSpace objects, 0(0B) LOS objects, 40% free, 21MB/35MB, paused 233us total 11.095ms
08-03 23:33:21.603 30454 30466 I art     : Starting a blocking GC Explicit
08-03 23:33:21.613 30454 30466 I art     : Explicit concurrent mark sweep GC freed 3(96B) AllocSpace objects, 0(0B) LOS objects, 40% free, 21MB/35MB, paused 178us total 9.889ms
08-03 23:33:21.621 30454 30466 I art     : Starting a blocking GC Explicit
08-03 23:33:21.631 30454 30466 I art     : Explicit concurrent mark sweep GC freed 3(96B) AllocSpace objects, 0(0B) LOS objects, 40% free, 21MB/35MB, paused 183us total 9.815ms
08-03 23:33:21.879 30454 30454 D NappaIntentExtras: ==================
08-03 23:33:21.879 30454 30454 D NappaIntentExtras: Log #1
08-03 23:33:21.879 30454 30454 D NappaIntentExtras: ------------------
08-03 23:33:21.879 30454 30454 D NappaIntentExtras: activity nappagreedy.io.github.project_travel_mate.destinations.description.CityHistoryActivity
08-03 23:33:21.879 30454 30454 D NappaIntentExtras: 	- No extras registered
08-03 23:33:21.879 30454 30454 D NappaIntentExtras: activity nappagreedy.io.github.project_travel_mate.MainActivity
08-03 23:33:21.879 30454 30454 D NappaIntentExtras: 	- No extras registered
08-03 23:33:21.879 30454 30454 D NappaIntentExtras: activity nappagreedy.io.github.project_travel_mate.SplashActivity
08-03 23:33:21.879 30454 30454 D NappaIntentExtras: 	- No extras registered
08-03 23:33:21.879 30454 30454 D NappaIntentExtras: activity nappagreedy.io.github.project_travel_mate.utilities.CompassActivity
08-03 23:33:21.879 30454 30454 D NappaIntentExtras: 	- No extras registered
08-03 23:33:21.879 30454 30454 D NappaIntentExtras: activity nappagreedy.io.github.project_travel_mate.notifications.NotificationsActivity
08-03 23:33:21.879 30454 30454 D NappaIntentExtras: 	- No extras registered
08-03 23:33:21.879 30454 30454 D NappaIntentExtras: activity nappagreedy.io.github.project_travel_mate.destinations.funfacts.FunFactsActivity
08-03 23:33:21.879 30454 30454 D NappaIntentExtras: 	- No extras registered
08-03 23:33:21.879 30454 30454 D NappaIntentExtras: activity nappagreedy.io.github.project_travel_mate.utilities.UpcomingWeekendsActivity
08-03 23:33:21.879 30454 30454 D NappaIntentExtras: 	- No extras registered
08-03 23:33:21.879 30454 30454 D NappaIntentExtras: activity nappagreedy.io.github.project_travel_mate.utilities.ChecklistActivity
08-03 23:33:21.880 30454 30454 D NappaIntentExtras: 	- No extras registered
08-03 23:33:21.880 30454 30454 D NappaIntentExtras: activity nappagreedy.io.github.project_travel_mate.destinations.description.FinalCityInfoActivity
08-03 23:33:21.880 30454 30454 D NappaIntentExtras: 	- No extras registered
08-03 23:33:21.880 30454 30454 D NappaIntentExtras: ==================
08-03 23:33:21.881   918  5481 I ActivityManager: START u0 {cmp=nappagreedy.io.github.project_travel_mate/.MainActivity} from uid 10653 on display 0
08-03 23:33:21.940 30454 30454 D NappaLifecycleObserver: nappagreedy.io.github.project_travel_mate.SplashActivity - onPause
08-03 23:33:21.940 30454 30454 D Nappa   : Stayed on nappagreedy.io.github.project_travel_mate.SplashActivity for 2047 ms
08-03 23:33:21.999 30454 30467 I art     : Starting a blocking GC Explicit
08-03 23:33:22.013 30454 30467 I art     : Explicit concurrent mark sweep GC freed 3224(159KB) AllocSpace objects, 1(20KB) LOS objects, 40% free, 21MB/35MB, paused 205us total 13.900ms
08-03 23:33:22.026 30454 30467 I art     : Starting a blocking GC Explicit
08-03 23:33:22.039 30454 30467 I art     : Explicit concurrent mark sweep GC freed 1343(99KB) AllocSpace objects, 0(0B) LOS objects, 40% free, 21MB/35MB, paused 305us total 13.367ms
08-03 23:33:22.047 30454 30467 I art     : Starting a blocking GC Explicit
08-03 23:33:22.058 30454 30467 I art     : Explicit concurrent mark sweep GC freed 308(70KB) AllocSpace objects, 0(0B) LOS objects, 40% free, 21MB/35MB, paused 370us total 10.801ms
08-03 23:33:22.066 30454 30467 I art     : Starting a blocking GC Explicit
08-03 23:33:22.077 30454 30467 I art     : Explicit concurrent mark sweep GC freed 477(91KB) AllocSpace objects, 0(0B) LOS objects, 40% free, 21MB/35MB, paused 363us total 11.091ms
08-03 23:33:22.085 30454 30467 I art     : Starting a blocking GC Explicit
08-03 23:33:22.098 30454 30467 I art     : Explicit concurrent mark sweep GC freed 1375(173KB) AllocSpace objects, 1(20KB) LOS objects, 40% free, 21MB/35MB, paused 667us total 12.087ms
08-03 23:33:22.102 30454 30454 W Settings: Setting airplane_mode_on has moved from android.provider.Settings.System to android.provider.Settings.Global, returning read-only value.
08-03 23:33:22.113 30454 30454 V MainActivity: url=https://project-travel-mate.herokuapp.com/api/get-user
08-03 23:33:22.122 30454 30454 D Nappa   : TAG okHttpClient initialized
08-03 23:33:22.125 30454 30573 D CustomInterceptor: NETWORK-PROVIDER https://project-travel-mate.herokuapp.com/api/get-user
08-03 23:33:22.125 30454 30573 D Nappa   : F1_SCORE add_intercept_url - (new) - https://project-travel-mate.herokuapp.com/api/get-user
08-03 23:33:22.125 30454 30573 D Nappa   : F1_SCORE add_fn_url - (new) - https://project-travel-mate.herokuapp.com/api/get-user
08-03 23:33:22.126 30454 30573 D Nappa   : -------------F1_SCORE #0 -----------
08-03 23:33:22.126 30454 30573 D Nappa   : F1_SCORE - Intercept list (1)= [https://project-travel-mate.herokuapp.com/api/get-user]
08-03 23:33:22.126 30454 30573 D Nappa   : F1_SCORE - Prefetch list (0)= []
08-03 23:33:22.126 30454 30573 D Nappa   : F1_SCORE - TP list (0)= []
08-03 23:33:22.126 30454 30573 D Nappa   : F1_SCORE - FN list (1)= [https://project-travel-mate.herokuapp.com/api/get-user]
08-03 23:33:22.126 30454 30573 I NAPPA_EXPERIMENTATION: MetricPrefetchingAccuracy: LOG_ID='1',F1_SCORE_1='0.0',F1_SCORE_2='0.0',TRUE_POSITIVE='0',FALSE_POSITIVE='0',FALSE_NEGATIVE='1',
08-03 23:33:22.126 30454 30573 D CustomInterceptor: HEADER REQUEST
08-03 23:33:22.126 30454 30573 D CustomInterceptor: Authorization Token e817cf733b7893037942a7dc5507f3c5a98408e6
08-03 23:33:22.126 30454 30573 D CustomInterceptor: Cache-Control max-age=300, max-stale=300
08-03 23:33:22.126 30454 30573 D CustomInterceptor: CACHED STATS: size = '0', maxSize = '100', hitCount = '0', createCount = '0', putCount = '0', evictionCount = '0', missCount = '0', toString = 'LruCache[maxSize=100,hits=0,misses=0,hitRate=0%]', 
08-03 23:33:22.126 30454 30573 D CustomInterceptor: PREFLIB NOT A GET REQUEST OR NOT IN CACHEGET
08-03 23:33:22.139 30454 30574 W LOTTIE  : Unknown mask mode mode. Defaulting to Add.
08-03 23:33:22.146 30454 30574 W LOTTIE  : You have 5 images. Lottie should primarily be used with shapes. If you are using Adobe Illustrator, convert the Illustrator layers to shape layers.
08-03 23:33:22.147 30454 30574 W LOTTIE  : Unknown mask mode mode. Defaulting to Add.
08-03 23:33:22.148 30454 30574 W LOTTIE  : Unknown mask mode mode. Defaulting to Add.
08-03 23:33:22.183 30454 30454 V CityFragment: url=https://project-travel-mate.herokuapp.com/api/get-all-cities/10
08-03 23:33:22.184 30454 30454 D Nappa   : TAG okHttpClient initialized
08-03 23:33:22.185 30454 30576 D CustomInterceptor: NETWORK-PROVIDER https://project-travel-mate.herokuapp.com/api/get-all-cities/10
08-03 23:33:22.185 30454 30576 D Nappa   : F1_SCORE add_intercept_url - (new) - https://project-travel-mate.herokuapp.com/api/get-all-cities/10
08-03 23:33:22.185 30454 30576 D Nappa   : F1_SCORE add_fn_url - (new) - https://project-travel-mate.herokuapp.com/api/get-all-cities/10
08-03 23:33:22.185 30454 30576 D Nappa   : -------------F1_SCORE #1 -----------
08-03 23:33:22.185 30454 30576 D Nappa   : F1_SCORE - Intercept list (2)= [https://project-travel-mate.herokuapp.com/api/get-user, https://project-travel-mate.herokuapp.com/api/get-all-cities/10]
08-03 23:33:22.185 30454 30576 D Nappa   : F1_SCORE - Prefetch list (0)= []
08-03 23:33:22.185 30454 30576 D Nappa   : F1_SCORE - TP list (0)= []
08-03 23:33:22.185 30454 30576 D Nappa   : F1_SCORE - FN list (2)= [https://project-travel-mate.herokuapp.com/api/get-user, https://project-travel-mate.herokuapp.com/api/get-all-cities/10]
08-03 23:33:22.185 30454 30576 I NAPPA_EXPERIMENTATION: MetricPrefetchingAccuracy: LOG_ID='2',F1_SCORE_1='0.0',F1_SCORE_2='0.0',TRUE_POSITIVE='0',FALSE_POSITIVE='0',FALSE_NEGATIVE='2',
08-03 23:33:22.185 30454 30576 D CustomInterceptor: HEADER REQUEST
08-03 23:33:22.185 30454 30576 D CustomInterceptor: Authorization Token e817cf733b7893037942a7dc5507f3c5a98408e6
08-03 23:33:22.185 30454 30576 D CustomInterceptor: Cache-Control max-age=300, max-stale=300
08-03 23:33:22.185 30454 30576 D CustomInterceptor: CACHED STATS: size = '0', maxSize = '100', hitCount = '0', createCount = '0', putCount = '0', evictionCount = '0', missCount = '1', toString = 'LruCache[maxSize=100,hits=0,misses=1,hitRate=0%]', 
08-03 23:33:22.185 30454 30576 D CustomInterceptor: PREFLIB NOT A GET REQUEST OR NOT IN CACHEGET
08-03 23:33:22.186 30454 30454 D NappaLifecycleObserver: nappagreedy.io.github.project_travel_mate.MainActivity - onResume
08-03 23:33:22.186 30454 30454 D Nappa   : setCurrentActivity - MetricStrategyAccuracy - 
08-03 23:33:22.186 30454 30454 D Nappa   : madePredictionFromActivity = false, 
08-03 23:33:22.186 30454 30454 D Nappa   : fromActivity = nappagreedy.io.github.project_travel_mate.SplashActivity, 
08-03 23:33:22.186 30454 30454 D Nappa   : predictedNextActivityFromActivity = [], 
08-03 23:33:22.186 30454 30454 D Nappa   : activity.getClass().getCanonicalName() = nappagreedy.io.github.project_travel_mate.MainActivity, 
08-03 23:33:22.186 30454 30454 D Nappa   : setCurrentActivity - MetricStrategyAccuracy - 
08-03 23:33:22.186 30454 30454 D Nappa   : madePredictionFromExtra = false, 
08-03 23:33:22.186 30454 30454 D Nappa   : fromActivity = nappagreedy.io.github.project_travel_mate.SplashActivity, 
08-03 23:33:22.186 30454 30454 D Nappa   : predictedNextActivityFromExtra = [], 
08-03 23:33:22.186 30454 30454 D Nappa   : activity.getClass().getCanonicalName() = nappagreedy.io.github.project_travel_mate.MainActivity, 
08-03 23:33:22.186 30454 30454 D Nappa   : PREFETCH_ON_EXTRA - setCurrentActivity - logs - from activity - made prediction isfalse
08-03 23:33:22.226 30454 30471 D Nappa   : registerActivity: (already in) nappagreedy.io.github.project_travel_mate.SplashActivity
08-03 23:33:22.226 30454 30471 D Nappa   : PARENTS 
08-03 23:33:22.226 30454 30471 D Nappa   : Of: nappagreedy.io.github.project_travel_mate.SplashActivity -> 
08-03 23:33:22.286 30454 30454 D Nappa   : registerActivity: (already in) nappagreedy.io.github.project_travel_mate.MainActivity
08-03 23:33:22.286 30454 30454 D ActivityNode: ACTNODE UPDATING AFTER LOADING FROM DB
08-03 23:33:22.286 30454 30454 D ActivityGraph: LARDataCalculatedUpdate nappagreedy.io.github.project_travel_mate.MainActivity Pagerank: 0.25 HITS-Authority: 1.0 HITS-Hub: 1.0 SALSA-Authority: 1.0 SALSA-Hub: 1.0
08-03 23:33:22.286 30454 30454 D Nappa   : SHOULD_PREFETCH true
08-03 23:33:22.326 30454 30471 D Nappa   : registerActivity: (already in) nappagreedy.io.github.project_travel_mate.MainActivity
08-03 23:33:22.326 30454 30471 D Nappa   : PARENTS 
08-03 23:33:22.326 30454 30471 D Nappa   : Of: nappagreedy.io.github.project_travel_mate.MainActivity -> 
08-03 23:33:22.326 30454 30471 D Nappa   : PARENTS nappagreedy.io.github.project_travel_mate.SplashActivity
08-03 23:33:22.387 30454 30454 D Nappa   : registerActivity: (already in) nappagreedy.io.github.project_travel_mate.MainActivity
08-03 23:33:22.387 30454 30454 D Nappa   : SUCCESSORS nappagreedy.io.github.project_travel_mate.utilities.UpcomingWeekendsActivity
08-03 23:33:22.387 30454 30454 D Nappa   : SUCCESSORS nappagreedy.io.github.project_travel_mate.utilities.ChecklistActivity
08-03 23:33:22.387 30454 30454 D Nappa   : SUCCESSORS nappagreedy.io.github.project_travel_mate.destinations.description.FinalCityInfoActivity
08-03 23:33:22.387 30454 30454 D Nappa   : SUCCESSORS nappagreedy.io.github.project_travel_mate.notifications.NotificationsActivity
08-03 23:33:22.387 30454 30454 D Nappa   : SUCCESSORS nappagreedy.io.github.project_travel_mate.utilities.CompassActivity
08-03 23:33:22.387 30454 30454 D Nappa   : STATS Number of requests not prefetched: 0
08-03 23:33:22.387 30454 30454 D Nappa   : STATS Number of requests prefetched: 0
08-03 23:33:22.387 30454 30454 D Nappa   : STATS Time saved until now: 0.0
08-03 23:33:22.421 30454 30466 I art     : Starting a blocking GC Explicit
08-03 23:33:22.438 30454 30466 I art     : Explicit concurrent mark sweep GC freed 14462(894KB) AllocSpace objects, 1(20KB) LOS objects, 40% free, 23MB/39MB, paused 365us total 17.414ms
08-03 23:33:22.451 30454 30466 I art     : Starting a blocking GC Explicit
08-03 23:33:22.466 30454 30466 I art     : Explicit concurrent mark sweep GC freed 511(20KB) AllocSpace objects, 0(0B) LOS objects, 40% free, 23MB/39MB, paused 276us total 14.460ms
08-03 23:33:22.474 30454 30466 I art     : Starting a blocking GC Explicit
08-03 23:33:22.483 30454 30454 E RecyclerView: No adapter attached; skipping layout
08-03 23:33:22.488 30454 30466 I art     : Explicit concurrent mark sweep GC freed 118(4KB) AllocSpace objects, 0(0B) LOS objects, 40% free, 23MB/39MB, paused 531us total 13.648ms
08-03 23:33:22.497 30454 30466 I art     : Starting a blocking GC Explicit
08-03 23:33:22.511 30454 30466 I art     : Explicit concurrent mark sweep GC freed 137(94KB) AllocSpace objects, 0(0B) LOS objects, 40% free, 23MB/39MB, paused 725us total 13.829ms
08-03 23:33:22.519 30454 30466 I art     : Starting a blocking GC Explicit
08-03 23:33:22.532 30454 30466 I art     : Explicit concurrent mark sweep GC freed 1542(55KB) AllocSpace objects, 0(0B) LOS objects, 40% free, 23MB/39MB, paused 398us total 13.467ms
08-03 23:33:22.562 30454 30454 D ActivityNode: Observer - visit time - SplashActivity - New aggregate visit time found is 4070 ms
08-03 23:33:22.586 30454 30471 D Nappa   : PREFETCH_ON_EXTRA - setCurrentActivity - logs - from extra - made prediction isfalse
08-03 23:33:22.661 30454 30454 V MainActivity: url = https://project-travel-mate.herokuapp.com/api/number-of-unread-notifications
08-03 23:33:22.661 30454 30454 D Nappa   : TAG okHttpClient initialized
08-03 23:33:22.662 30454 30591 D CustomInterceptor: NETWORK-PROVIDER https://project-travel-mate.herokuapp.com/api/number-of-unread-notifications
08-03 23:33:22.662 30454 30591 D Nappa   : F1_SCORE add_intercept_url - (new) - https://project-travel-mate.herokuapp.com/api/number-of-unread-notifications
08-03 23:33:22.662 30454 30591 D Nappa   : F1_SCORE add_fn_url - (new) - https://project-travel-mate.herokuapp.com/api/number-of-unread-notifications
08-03 23:33:22.662 30454 30591 D Nappa   : -------------F1_SCORE #2 -----------
08-03 23:33:22.662 30454 30591 D Nappa   : F1_SCORE - Intercept list (3)= [https://project-travel-mate.herokuapp.com/api/get-user, https://project-travel-mate.herokuapp.com/api/get-all-cities/10, https://project-travel-mate.herokuapp.com/api/number-of-unread-notifications]
08-03 23:33:22.662 30454 30591 D Nappa   : F1_SCORE - Prefetch list (0)= []
08-03 23:33:22.662 30454 30591 D Nappa   : F1_SCORE - TP list (0)= []
08-03 23:33:22.662 30454 30591 D Nappa   : F1_SCORE - FN list (3)= [https://project-travel-mate.herokuapp.com/api/get-user, https://project-travel-mate.herokuapp.com/api/get-all-cities/10, https://project-travel-mate.herokuapp.com/api/number-of-unread-notifications]
08-03 23:33:22.663 30454 30591 I NAPPA_EXPERIMENTATION: MetricPrefetchingAccuracy: LOG_ID='3',F1_SCORE_1='0.0',F1_SCORE_2='0.0',TRUE_POSITIVE='0',FALSE_POSITIVE='0',FALSE_NEGATIVE='3',
08-03 23:33:22.663 30454 30591 D CustomInterceptor: HEADER REQUEST
08-03 23:33:22.663 30454 30591 D CustomInterceptor: Authorization Token e817cf733b7893037942a7dc5507f3c5a98408e6
08-03 23:33:22.663 30454 30591 D CustomInterceptor: Cache-Control max-age=300, max-stale=300
08-03 23:33:22.663 30454 30591 D CustomInterceptor: CACHED STATS: size = '0', maxSize = '100', hitCount = '0', createCount = '0', putCount = '0', evictionCount = '0', missCount = '2', toString = 'LruCache[maxSize=100,hits=0,misses=2,hitRate=0%]', 
08-03 23:33:22.663 30454 30591 D CustomInterceptor: PREFLIB NOT A GET REQUEST OR NOT IN CACHEGET
08-03 23:33:22.665   918   936 I ActivityManager: Displayed nappagreedy.io.github.project_travel_mate/.MainActivity: +723ms
08-03 23:33:22.669 30454 30454 D ActivityNode: Observer - session data - sourceFinalCityInfoActivity
08-03 23:33:22.669 30454 30454 D ActivityNode: destinations:
08-03 23:33:22.669 30454 30454 D ActivityNode: 	nappagreedy.io.github.project_travel_mate.destinations.description.CityHistoryActivity( count 3)
08-03 23:33:22.669 30454 30454 D ActivityNode: 	nappagreedy.io.github.project_travel_mate.destinations.funfacts.FunFactsActivity( count 2)
08-03 23:33:22.669 30454 30454 D ActivityNode: Observer - session data - sourceCityHistoryActivity
08-03 23:33:22.669 30454 30454 D ActivityNode: destinations:
08-03 23:33:22.669 30454 30454 D ActivityNode: Observer - session data - sourceSplashActivity
08-03 23:33:22.669 30454 30454 D ActivityNode: destinations:
08-03 23:33:22.669 30454 30454 D ActivityNode: 	nappagreedy.io.github.project_travel_mate.MainActivity( count 2)
08-03 23:33:22.670 30454 30454 D ActivityNode: Observer - session data - sourceMainActivity
08-03 23:33:22.670 30454 30454 D ActivityNode: destinations:
08-03 23:33:22.670 30454 30454 D ActivityNode: 	nappagreedy.io.github.project_travel_mate.destinations.description.FinalCityInfoActivity( count 2)
08-03 23:33:22.670 30454 30454 D ActivityNode: 	nappagreedy.io.github.project_travel_mate.utilities.ChecklistActivity( count 2)
08-03 23:33:22.670 30454 30454 D ActivityNode: 	nappagreedy.io.github.project_travel_mate.utilities.CompassActivity( count 2)
08-03 23:33:22.670 30454 30454 D ActivityNode: 	nappagreedy.io.github.project_travel_mate.utilities.UpcomingWeekendsActivity( count 4)
08-03 23:33:22.670 30454 30454 D ActivityNode: 	nappagreedy.io.github.project_travel_mate.notifications.NotificationsActivity( count 2)
08-03 23:33:22.670 30454 30454 D ActivityNode: Observer - session data - sourceFunFactsActivity
08-03 23:33:22.670 30454 30454 D ActivityNode: destinations:
08-03 23:33:22.670 30454 30454 D ActivityNode: Observer - session data - sourceChecklistActivity
08-03 23:33:22.670 30454 30454 D ActivityNode: destinations:
08-03 23:33:22.670 30454 30454 D ActivityNode: Observer - session data - sourceUpcomingWeekendsActivity
08-03 23:33:22.670 30454 30454 D ActivityNode: destinations:
08-03 23:33:22.670 30454 30454 D ActivityNode: Observer - session data - sourceNotificationsActivity
08-03 23:33:22.670 30454 30454 D ActivityNode: destinations:
08-03 23:33:22.670 30454 30454 D ActivityNode: Observer - session data - sourceCompassActivity
08-03 23:33:22.670 30454 30454 D ActivityNode: destinations:
08-03 23:33:22.672 30454 30454 E RecyclerView: No adapter attached; skipping layout
08-03 23:33:22.673 13866 13866 I GoogleInputMethodServic: GoogleInputMethodService.onFinishInput():3138 
08-03 23:33:22.674 13866 13866 I GoogleInputMethodServic: GoogleInputMethodService.onStartInput():1808 
08-03 23:33:22.715 30454 30573 D CustomInterceptor: CACHE_CONTROL SETTING NEW MAX-AGE
08-03 23:33:22.733 30454 30576 D CustomInterceptor: CACHE_CONTROL SETTING NEW MAX-AGE
08-03 23:33:22.747 30454 30573 I System  : Loaded time zone names for "en" in 18ms (17ms in ICU)
08-03 23:33:22.747 30454 30573 D CustomInterceptor: HEADER RESPONSE
08-03 23:33:22.747 30454 30576 D CustomInterceptor: HEADER RESPONSE
08-03 23:33:22.747 30454 30573 D CustomInterceptor: Allow GET, OPTIONS
08-03 23:33:22.747 30454 30573 D CustomInterceptor: Cache-Control public, immutable, max-age=300, only-if-cached, max-stale=300
08-03 23:33:22.747 30454 30576 D CustomInterceptor: Allow GET, OPTIONS
08-03 23:33:22.747 30454 30573 D CustomInterceptor: Connection keep-alive
08-03 23:33:22.747 30454 30573 D CustomInterceptor: Content-Length 185
08-03 23:33:22.747 30454 30576 D CustomInterceptor: Cache-Control public, immutable, max-age=300, only-if-cached, max-stale=300
08-03 23:33:22.747 30454 30573 D CustomInterceptor: Content-Type application/json
08-03 23:33:22.747 30454 30573 D CustomInterceptor: Date Mon, 03 Aug 2020 21:33:18 GMT
08-03 23:33:22.747 30454 30576 D CustomInterceptor: Connection keep-alive
08-03 23:33:22.747 30454 30573 D CustomInterceptor: Expires Mon, 03 Aug 2020 21:38:22 GMT+00:00
08-03 23:33:22.747 30454 30576 D CustomInterceptor: Content-Length 1588
08-03 23:33:22.747 30454 30573 D CustomInterceptor: Server gunicorn/19.8.1
08-03 23:33:22.747 30454 30576 D CustomInterceptor: Content-Type application/json
08-03 23:33:22.747 30454 30573 D CustomInterceptor: Vary Accept
08-03 23:33:22.747 30454 30576 D CustomInterceptor: Date Mon, 03 Aug 2020 21:33:18 GMT
08-03 23:33:22.747 30454 30573 D CustomInterceptor: Via 1.1 vegur
08-03 23:33:22.748 30454 30573 D CustomInterceptor: X-Frame-Options SAMEORIGIN
08-03 23:33:22.748 30454 30576 D CustomInterceptor: Expires Mon, 03 Aug 2020 21:38:22 GMT+00:00
08-03 23:33:22.748 30454 30576 D CustomInterceptor: Server gunicorn/19.8.1
08-03 23:33:22.748 30454 30576 D CustomInterceptor: Vary Accept
08-03 23:33:22.748 30454 30573 D CustomInterceptor: CACHEABLE true
08-03 23:33:22.748 30454 30576 D CustomInterceptor: Via 1.1 vegur
08-03 23:33:22.748 30454 30576 D CustomInterceptor: X-Frame-Options SAMEORIGIN
08-03 23:33:22.748 30454 30576 D CustomInterceptor: CACHEABLE true
08-03 23:33:22.748 30454 30573 D CustomInterceptor: REQ https://project-travel-mate.herokuapp.com/api/get-user
08-03 23:33:22.748 30454 30573 D CustomInterceptor: REQ_SERV_BY net
08-03 23:33:22.748 30454 30576 D CustomInterceptor: REQ https://project-travel-mate.herokuapp.com/api/get-all-cities/10
08-03 23:33:22.748 30454 30573 D CustomInterceptor: PREFLIB Adding response to lrucache - https://project-travel-mate.herokuapp.com/api/get-user
08-03 23:33:22.748 30454 30576 D CustomInterceptor: REQ_SERV_BY net
08-03 23:33:22.748 30454 30576 D CustomInterceptor: PREFLIB Adding response to lrucache - https://project-travel-mate.herokuapp.com/api/get-all-cities/10
08-03 23:33:22.749 30454 30573 D CustomInterceptor: interceptor_finished : return_type #3 : request served from remote and added to cache
08-03 23:33:22.750 30454 30576 D CustomInterceptor: interceptor_finished : return_type #3 : request served from remote and added to cache
08-03 23:33:22.750 30454 30573 I NAPPA_EXPERIMENTATION: MetricNetworkRequestExecutionTime: REQUEST_DURATION_SYSTEM='627',REQUEST_DURATION_OKHTTP='0',REQUEST_SYNCHRONOUS='FALSE',RESPONSE_CODE='200',RESPONSE_METHOD='GET',RESPONSE_LENGTH_OKHTTP='185',RESPONSE_LENGTH_HEADER='-2',REQUEST_PROTOCOL='http/1.1',REQUEST_URL='https://project-travel-mate.herokuapp.com/api/get-user',
08-03 23:33:22.750 30454 30576 I NAPPA_EXPERIMENTATION: MetricNetworkRequestExecutionTime: REQUEST_DURATION_SYSTEM='566',REQUEST_DURATION_OKHTTP='0',REQUEST_SYNCHRONOUS='FALSE',RESPONSE_CODE='200',RESPONSE_METHOD='GET',RESPONSE_LENGTH_OKHTTP='1588',RESPONSE_LENGTH_HEADER='-2',REQUEST_PROTOCOL='http/1.1',REQUEST_URL='https://project-travel-mate.herokuapp.com/api/get-all-cities/10',
08-03 23:33:22.762 30454 30454 V CityFragment: result=[{"id":1,"city_name":"Delhi","facts_count":6,"image":"https://upload.wikimedia.org/wikipedia/commons/9/94/%E0%B4%96%E0%B5%81%E0%B4%A4%E0%B5%8D%E0%B4%AC%E0%B5%8D_%E0%B4%AE%E0%B4%BF%E0%B4%A8%E0%B4%BE%E0%B5%BC1.jpg","visit_count":18186},{"id":2,"city_name":"Mumbai","facts_count":0,"image":"https://static1.squarespace.com/static/55917ae2e4b0984fc8c264c4/t/5ad7a037758d464041bfba27/1524102624280/Victoria_Mumbai.jpg","visit_count":6022},{"id":3,"city_name":"Bangalore","facts_count":0,"image":null,"visit_count":5536},{"id":8,"city_name":"Pune","facts_count":0,"image":"https://www.zricks.com/ImagesPostProject/47929//6557d975-20a9-4c6c-a776-8072a1936a76.jpg","visit_count":3324},{"id":4,"city_name":"Chennai","facts_count":0,"image":"http://lh3.ggpht.com/_YLb7tJ8RoAk/SfazBLdgf3I/AAAAAAAANEg/p52_Zz_URxg/s640/Picture%20009.jpg","visit_count":3061},{"id":5,"city_name":"Kolkata","facts_count":0,"image":"https://i.pinimg.com/originals/05/ec/42/05ec42c545b494d12cc612923483b4f0.jpg","visit_count":2211},{"id":9,"city_name":"Jaipur","facts_count":1,"image":"https://www.trodly.com/pictures/attraction/1943.jpg","visit_count":2007},{"id":6,"city_name":"Hyderabad","facts_count":0,"image":"https://i1.trekearth.com/photos/59194/charminar_020_sm.jpg","visit_count":1633},{"id":150,"city_name":"Panjim","facts_count":0,"image":"http://www.nomad4ever.com/wp-content/uploads/2009/04/palm-trees-at-baga-creek-north-goa1.jpg","visit_count":1488},{"id":7,"city_name":"Ahmedabad","facts_count":0,"image":"https://i.pinimg.com/originals/a5/ed/29/a5ed293271669a61f47059f7b0d9cf2c.jpg","visit_count":1115}]
08-03 23:33:22.762 30454 30471 D Nappa   : registerActivity: (already in) nappagreedy.io.github.project_travel_mate.MainActivity
08-03 23:33:22.763 30454 30471 D Nappa   : PARENTS 
08-03 23:33:22.763 30454 30471 D Nappa   : Of: nappagreedy.io.github.project_travel_mate.MainActivity -> 
08-03 23:33:22.763 30454 30471 D Nappa   : PARENTS nappagreedy.io.github.project_travel_mate.SplashActivity
08-03 23:33:22.810 30454 30547 I art     : Starting a blocking GC Explicit
08-03 23:33:22.813 30454 30454 D CityFragment: get cities cities size = 10
08-03 23:33:22.840 30454 30547 I art     : Explicit concurrent mark sweep GC freed 14954(964KB) AllocSpace objects, 8(440KB) LOS objects, 33% free, 31MB/47MB, paused 613us total 29.954ms
08-03 23:33:22.851 30454 30547 I art     : Starting a blocking GC Explicit
08-03 23:33:22.877 30454 30547 I art     : Explicit concurrent mark sweep GC freed 3425(323KB) AllocSpace objects, 0(0B) LOS objects, 33% free, 31MB/47MB, paused 1.660ms total 25.782ms
08-03 23:33:22.886 30454 30547 I art     : Starting a blocking GC Explicit
08-03 23:33:22.888 30454 30471 D Nappa   : PREFETCH_ON_EXTRA - setCurrentActivity - starting new prediction
08-03 23:33:22.889 30454 30471 D Nappa   : Current node - currentActivityName - nappagreedy.io.github.project_travel_mate.MainActivity
08-03 23:33:22.889 30454 30471 D Nappa   : Current node - activityGraph.getCurrent() - nappagreedy.io.github.project_travel_mate.MainActivity
08-03 23:33:22.890 30454 30471 I NAPPA_EXPERIMENTATION: MetricNappaPrefetchingStrategyExecutionTime: STRATEGY_CLASS='GreedyPrefetchingStrategyOnVisitFrequencyAndTime',DURATION='821250',NUMBER_OF_URLS='0',NUMBER_OF_SELECTED_CHILDREN_NODES='1',NUMBER_OF_CHILDREN_NODES='5',STRATEGY_RUN_SUCCESSFULLY='True',
08-03 23:33:22.890 30454 30471 D GreedyPrefetchingStrategyOnVisitFrequencyAndTime: ==================================
08-03 23:33:22.891 30454 30471 D GreedyPrefetchingStrategyOnVisitFrequencyAndTime: Starting Run #1
08-03 23:33:22.891 30454 30471 D GreedyPrefetchingStrategyOnVisitFrequencyAndTime: ----------------------------------
08-03 23:33:22.891 30454 30471 D GreedyPrefetchingStrategyOnVisitFrequencyAndTime: Node data MainActivity 
08-03 23:33:22.891 30454 30471 D GreedyPrefetchingStrategyOnVisitFrequencyAndTime: 	Successors:
08-03 23:33:22.891 30454 30471 D GreedyPrefetchingStrategyOnVisitFrequencyAndTime: 		UpcomingWeekendsActivity (0 hits)
08-03 23:33:22.891 30454 30471 D GreedyPrefetchingStrategyOnVisitFrequencyAndTime: 		ChecklistActivity (0 hits)
08-03 23:33:22.891 30454 30471 D GreedyPrefetchingStrategyOnVisitFrequencyAndTime: 		FinalCityInfoActivity (0 hits)
08-03 23:33:22.891 30454 30471 D GreedyPrefetchingStrategyOnVisitFrequencyAndTime: 		NotificationsActivity (0 hits)
08-03 23:33:22.891 30454 30471 D GreedyPrefetchingStrategyOnVisitFrequencyAndTime: 		CompassActivity (0 hits)
08-03 23:33:22.891 30454 30471 D GreedyPrefetchingStrategyOnVisitFrequencyAndTime: 	Ancestors:
08-03 23:33:22.891 30454 30471 D GreedyPrefetchingStrategyOnVisitFrequencyAndTime: 		SplashActivity (0 hits)
08-03 23:33:22.891 30454 30471 D GreedyPrefetchingStrategyOnVisitFrequencyAndTime: 
08-03 23:33:22.891 30454 30471 D GreedyPrefetchingStrategyOnVisitFrequencyAndTime: MetricStrategyAccuracy inc execution count1 | act = true; extra = false
08-03 23:33:22.891 30454 30471 D GreedyPrefetchingStrategyOnVisitFrequencyAndTime: ------------- Recursion #1 -----------
08-03 23:33:22.891 30454 30471 D GreedyPrefetchingStrategyOnVisitFrequencyAndTime: Best successors so far []
08-03 23:33:22.891 30454 30471 D GreedyPrefetchingStrategyOnVisitFrequencyAndTime: Checking node MainActivity with 5 successors
08-03 23:33:22.891 30454 30471 D GreedyPrefetchingStrategyOnVisitFrequencyAndTime: Check successor UpcomingWeekendsActivity
08-03 23:33:22.891 30454 30471 D GreedyPrefetchingStrategyOnVisitFrequencyAndTime: Data:
08-03 23:33:22.891 30454 30471 D GreedyPrefetchingStrategyOnVisitFrequencyAndTime: 	- Successor time = 18278.0
08-03 23:33:22.891 30454 30471 D GreedyPrefetchingStrategyOnVisitFrequencyAndTime: 	- Successor frequency = 4
08-03 23:33:22.891 30454 30471 D GreedyPrefetchingStrategyOnVisitFrequencyAndTime: 	- Aggregated time = 57897.0
08-03 23:33:22.891 30454 30471 D GreedyPrefetchingStrategyOnVisitFrequencyAndTime: 	- Aggregated frequency = 12
08-03 23:33:22.891 30454 30471 D GreedyPrefetchingStrategyOnVisitFrequencyAndTime: Calculated scores:
08-03 23:33:22.891 30454 30471 D GreedyPrefetchingStrategyOnVisitFrequencyAndTime: 	- Parent score = 1.0
08-03 23:33:22.891 30454 30471 D GreedyPrefetchingStrategyOnVisitFrequencyAndTime: 	- Successor time score = 0.15784928
08-03 23:33:22.891 30454 30471 D GreedyPrefetchingStrategyOnVisitFrequencyAndTime: 	- Successor frequency score = 0.16666667
08-03 23:33:22.891 30454 30471 D GreedyPrefetchingStrategyOnVisitFrequencyAndTime: 	- Successor final score = 0.32451594
08-03 23:33:22.891 30454 30471 D GreedyPrefetchingStrategyOnVisitFrequencyAndTime: Switch best successor
08-03 23:33:22.891 30454 30471 D GreedyPrefetchingStrategyOnVisitFrequencyAndTime: Check successor ChecklistActivity
08-03 23:33:22.891 30454 30471 D GreedyPrefetchingStrategyOnVisitFrequencyAndTime: Data:
08-03 23:33:22.891 30454 30471 D GreedyPrefetchingStrategyOnVisitFrequencyAndTime: 	- Successor time = 8925.0
08-03 23:33:22.891 30454 30471 D GreedyPrefetchingStrategyOnVisitFrequencyAndTime: 	- Successor frequency = 2
08-03 23:33:22.891 30454 30471 D GreedyPrefetchingStrategyOnVisitFrequencyAndTime: 	- Aggregated time = 57897.0
08-03 23:33:22.891 30454 30471 D GreedyPrefetchingStrategyOnVisitFrequencyAndTime: 	- Aggregated frequency = 12
08-03 23:33:22.891 30454 30471 D GreedyPrefetchingStrategyOnVisitFrequencyAndTime: Calculated scores:
08-03 23:33:22.891 30454 30471 D GreedyPrefetchingStrategyOnVisitFrequencyAndTime: 	- Parent score = 1.0
08-03 23:33:22.891 30454 30471 D GreedyPrefetchingStrategyOnVisitFrequencyAndTime: 	- Successor time score = 0.07707653
08-03 23:33:22.891 30454 30471 D GreedyPrefetchingStrategyOnVisitFrequencyAndTime: 	- Successor frequency score = 0.083333336
08-03 23:33:22.891 30454 30471 D GreedyPrefetchingStrategyOnVisitFrequencyAndTime: 	- Successor final score = 0.16040987
08-03 23:33:22.892 30454 30471 D GreedyPrefetchingStrategyOnVisitFrequencyAndTime: Check successor FinalCityInfoActivity
08-03 23:33:22.892 30454 30471 D GreedyPrefetchingStrategyOnVisitFrequencyAndTime: Data:
08-03 23:33:22.892 30454 30471 D GreedyPrefetchingStrategyOnVisitFrequencyAndTime: 	- Successor time = 17049.0
08-03 23:33:22.892 30454 30471 D GreedyPrefetchingStrategyOnVisitFrequencyAndTime: 	- Successor frequency = 2
08-03 23:33:22.892 30454 30471 D GreedyPrefetchingStrategyOnVisitFrequencyAndTime: 	- Aggregated time = 57897.0
08-03 23:33:22.892 30454 30471 D GreedyPrefetchingStrategyOnVisitFrequencyAndTime: 	- Aggregated frequency = 12
08-03 23:33:22.892 30454 30471 D GreedyPrefetchingStrategyOnVisitFrequencyAndTime: Calculated scores:
08-03 23:33:22.892 30454 30471 D GreedyPrefetchingStrategyOnVisitFrequencyAndTime: 	- Parent score = 1.0
08-03 23:33:22.892 30454 30471 D GreedyPrefetchingStrategyOnVisitFrequencyAndTime: 	- Successor time score = 0.1472356
08-03 23:33:22.892 30454 30471 D GreedyPrefetchingStrategyOnVisitFrequencyAndTime: 	- Successor frequency score = 0.083333336
08-03 23:33:22.892 30454 30471 D GreedyPrefetchingStrategyOnVisitFrequencyAndTime: 	- Successor final score = 0.23056895
08-03 23:33:22.892 30454 30471 D GreedyPrefetchingStrategyOnVisitFrequencyAndTime: Check successor NotificationsActivity
08-03 23:33:22.892 30454 30471 D GreedyPrefetchingStrategyOnVisitFrequencyAndTime: Data:
08-03 23:33:22.892 30454 30471 D GreedyPrefetchingStrategyOnVisitFrequencyAndTime: 	- Successor time = 9185.0
08-03 23:33:22.892 30454 30471 D GreedyPrefetchingStrategyOnVisitFrequencyAndTime: 	- Successor frequency = 2
08-03 23:33:22.892 30454 30471 D GreedyPrefetchingStrategyOnVisitFrequencyAndTime: 	- Aggregated time = 57897.0
08-03 23:33:22.892 30454 30471 D GreedyPrefetchingStrategyOnVisitFrequencyAndTime: 	- Aggregated frequency = 12
08-03 23:33:22.892 30454 30471 D GreedyPrefetchingStrategyOnVisitFrequencyAndTime: Calculated scores:
08-03 23:33:22.892 30454 30471 D GreedyPrefetchingStrategyOnVisitFrequencyAndTime: 	- Parent score = 1.0
08-03 23:33:22.892 30454 30471 D GreedyPrefetchingStrategyOnVisitFrequencyAndTime: 	- Successor time score = 0.0793219
08-03 23:33:22.892 30454 30471 D GreedyPrefetchingStrategyOnVisitFrequencyAndTime: 	- Successor frequency score = 0.083333336
08-03 23:33:22.892 30454 30471 D GreedyPrefetchingStrategyOnVisitFrequencyAndTime: 	- Successor final score = 0.16265523
08-03 23:33:22.892 30454 30471 D GreedyPrefetchingStrategyOnVisitFrequencyAndTime: Check successor CompassActivity
08-03 23:33:22.892 30454 30471 D GreedyPrefetchingStrategyOnVisitFrequencyAndTime: Data:
08-03 23:33:22.892 30454 30471 D GreedyPrefetchingStrategyOnVisitFrequencyAndTime: 	- Successor time = 4460.0
08-03 23:33:22.892 30454 30471 D GreedyPrefetchingStrategyOnVisitFrequencyAndTime: 	- Successor frequency = 2
08-03 23:33:22.892 30454 30471 D GreedyPrefetchingStrategyOnVisitFrequencyAndTime: 	- Aggregated time = 57897.0
08-03 23:33:22.892 30454 30471 D GreedyPrefetchingStrategyOnVisitFrequencyAndTime: 	- Aggregated frequency = 12
08-03 23:33:22.892 30454 30471 D GreedyPrefetchingStrategyOnVisitFrequencyAndTime: Calculated scores:
08-03 23:33:22.892 30454 30471 D GreedyPrefetchingStrategyOnVisitFrequencyAndTime: 	- Parent score = 1.0
08-03 23:33:22.892 30454 30471 D GreedyPrefetchingStrategyOnVisitFrequencyAndTime: 	- Successor time score = 0.038516678
08-03 23:33:22.893 30454 30471 D GreedyPrefetchingStrategyOnVisitFrequencyAndTime: 	- Successor frequency score = 0.083333336
08-03 23:33:22.893 30454 30471 D GreedyPrefetchingStrategyOnVisitFrequencyAndTime: 	- Successor final score = 0.121850014
08-03 23:33:22.893 30454 30471 D GreedyPrefetchingStrategyOnVisitFrequencyAndTime: Best successor has score 0.32451594 which is lower than the acceptable threshold of 0.6
08-03 23:33:22.893 30454 30471 D GreedyPrefetchingStrategyOnVisitFrequencyAndTime: MetricStrategyAccuracy inc insufficient score count1 | act = true; extra = false
08-03 23:33:22.893 30454 30471 D GreedyPrefetchingStrategyOnVisitFrequencyAndTime: Next visited child will be []
08-03 23:33:22.893 30454 30471 D GreedyPrefetchingStrategyOnVisitFrequencyAndTime: ==================================
08-03 23:33:22.893 30454 30471 D Nappa   : PREFETCH_ON_EXTRA - setCurrentActivity - finished new prediction
08-03 23:33:22.904 30454 30547 I art     : Explicit concurrent mark sweep GC freed 821(58KB) AllocSpace objects, 0(0B) LOS objects, 33% free, 31MB/47MB, paused 560us total 18.185ms
08-03 23:33:22.913 30454 30547 I art     : Starting a blocking GC Explicit
08-03 23:33:22.919   380   380 W SurfaceFlinger: couldn't log to binary event log: overflow.
08-03 23:33:22.931 30454 30547 I art     : Explicit concurrent mark sweep GC freed 713(34KB) AllocSpace objects, 0(0B) LOS objects, 33% free, 31MB/47MB, paused 949us total 17.666ms
08-03 23:33:22.940 30454 30547 I art     : Starting a blocking GC Explicit
08-03 23:33:22.957 30454 30547 I art     : Explicit concurrent mark sweep GC freed 272(18KB) AllocSpace objects, 0(0B) LOS objects, 33% free, 31MB/47MB, paused 666us total 16.761ms
08-03 23:33:23.124 30454 30591 D CustomInterceptor: CACHE_CONTROL SETTING NEW MAX-AGE
08-03 23:33:23.126 30454 30591 D CustomInterceptor: HEADER RESPONSE
08-03 23:33:23.127 30454 30591 D CustomInterceptor: Allow GET, OPTIONS
08-03 23:33:23.127 30454 30591 D CustomInterceptor: Cache-Control public, immutable, max-age=300, only-if-cached, max-stale=300
08-03 23:33:23.127 30454 30591 D CustomInterceptor: Connection keep-alive
08-03 23:33:23.127 30454 30591 D CustomInterceptor: Content-Length 36
08-03 23:33:23.127 30454 30591 D CustomInterceptor: Content-Type application/json
08-03 23:33:23.127 30454 30591 D CustomInterceptor: Date Mon, 03 Aug 2020 21:33:18 GMT
08-03 23:33:23.127 30454 30591 D CustomInterceptor: Expires Mon, 03 Aug 2020 21:38:23 GMT+00:00
08-03 23:33:23.127 30454 30591 D CustomInterceptor: Server gunicorn/19.8.1
08-03 23:33:23.127 30454 30591 D CustomInterceptor: Vary Accept
08-03 23:33:23.127 30454 30591 D CustomInterceptor: Via 1.1 vegur
08-03 23:33:23.127 30454 30591 D CustomInterceptor: X-Frame-Options SAMEORIGIN
08-03 23:33:23.128 30454 30591 D CustomInterceptor: CACHEABLE true
08-03 23:33:23.128 30454 30591 D CustomInterceptor: REQ https://project-travel-mate.herokuapp.com/api/number-of-unread-notifications
08-03 23:33:23.128 30454 30591 D CustomInterceptor: REQ_SERV_BY net
08-03 23:33:23.128 30454 30591 D CustomInterceptor: PREFLIB Adding response to lrucache - https://project-travel-mate.herokuapp.com/api/number-of-unread-notifications
08-03 23:33:23.159 30454 30591 D CustomInterceptor: interceptor_finished : return_type #3 : request served from remote and added to cache
08-03 23:33:23.160 30454 30591 I NAPPA_EXPERIMENTATION: MetricNetworkRequestExecutionTime: REQUEST_DURATION_SYSTEM='498',REQUEST_DURATION_OKHTTP='0',REQUEST_SYNCHRONOUS='FALSE',RESPONSE_CODE='200',RESPONSE_METHOD='GET',RESPONSE_LENGTH_OKHTTP='36',RESPONSE_LENGTH_HEADER='-2',REQUEST_PROTOCOL='http/1.1',REQUEST_URL='https://project-travel-mate.herokuapp.com/api/number-of-unread-notifications',
08-03 23:33:23.189 30454 30454 D NappaLifecycleObserver: nappagreedy.io.github.project_travel_mate.SplashActivity - onDestroy
08-03 23:33:23.189 30454 30454 D NappaLifecycleObserver: -------------F1_SCORE #3 -----------
08-03 23:33:23.189 30454 30454 D NappaLifecycleObserver: F1_SCORE - Intercept list (3)= [https://project-travel-mate.herokuapp.com/api/get-user, https://project-travel-mate.herokuapp.com/api/get-all-cities/10, https://project-travel-mate.herokuapp.com/api/number-of-unread-notifications]
08-03 23:33:23.189 30454 30454 D NappaLifecycleObserver: F1_SCORE - Prefetch list (0)= []
08-03 23:33:23.189 30454 30454 D NappaLifecycleObserver: F1_SCORE - TP list (0)= []
08-03 23:33:23.189 30454 30454 D NappaLifecycleObserver: F1_SCORE - FN list (3)= [https://project-travel-mate.herokuapp.com/api/get-user, https://project-travel-mate.herokuapp.com/api/get-all-cities/10, https://project-travel-mate.herokuapp.com/api/number-of-unread-notifications]
08-03 23:33:23.190 30454 30454 I NAPPA_EXPERIMENTATION: MetricPrefetchingAccuracy: LOG_ID='4',F1_SCORE_1='0.0',F1_SCORE_2='0.0',TRUE_POSITIVE='0',FALSE_POSITIVE='0',FALSE_NEGATIVE='3',
08-03 23:33:23.212 30454 30547 I art     : Starting a blocking GC Explicit
08-03 23:33:23.235 30454 30547 I art     : Explicit concurrent mark sweep GC freed 16779(1485KB) AllocSpace objects, 16(4MB) LOS objects, 34% free, 30MB/46MB, paused 396us total 21.951ms
08-03 23:33:23.245 30454 30547 I art     : Starting a blocking GC Explicit
08-03 23:33:23.264 30454 30547 I art     : Explicit concurrent mark sweep GC freed 12313(603KB) AllocSpace objects, 0(0B) LOS objects, 34% free, 29MB/45MB, paused 419us total 18.789ms
08-03 23:33:23.272 30454 30547 I art     : Starting a blocking GC Explicit
08-03 23:33:23.290 30454 30547 I art     : Explicit concurrent mark sweep GC freed 294(41KB) AllocSpace objects, 0(0B) LOS objects, 34% free, 29MB/45MB, paused 377us total 17.145ms
08-03 23:33:23.299 30454 30547 I art     : Starting a blocking GC Explicit
08-03 23:33:23.317 30454 30547 I art     : Explicit concurrent mark sweep GC freed 1894(121KB) AllocSpace objects, 1(20KB) LOS objects, 34% free, 30MB/46MB, paused 409us total 18.017ms
08-03 23:33:23.325 30454 30547 I art     : Starting a blocking GC Explicit
08-03 23:33:23.342 30454 30547 I art     : Explicit concurrent mark sweep GC freed 198(114KB) AllocSpace objects, 1(36KB) LOS objects, 34% free, 31MB/47MB, paused 380us total 16.811ms
08-03 23:33:23.648 30454 30547 I art     : Starting a blocking GC Explicit
08-03 23:33:23.669 30454 30547 I art     : Explicit concurrent mark sweep GC freed 11475(1069KB) AllocSpace objects, 17(1764KB) LOS objects, 32% free, 33MB/49MB, paused 429us total 20.457ms
08-03 23:33:23.679 30454 30547 I art     : Starting a blocking GC Explicit
08-03 23:33:23.699 30454 30547 I art     : Explicit concurrent mark sweep GC freed 392(13KB) AllocSpace objects, 0(0B) LOS objects, 32% free, 33MB/49MB, paused 660us total 19.661ms
08-03 23:33:23.707 30454 30547 I art     : Starting a blocking GC Explicit
08-03 23:33:23.724 30454 30547 I art     : Explicit concurrent mark sweep GC freed 254(114KB) AllocSpace objects, 1(36KB) LOS objects, 31% free, 34MB/50MB, paused 270us total 17.122ms
08-03 23:33:23.733 30454 30547 I art     : Starting a blocking GC Explicit
08-03 23:33:23.750 30454 30547 I art     : Explicit concurrent mark sweep GC freed 172(30KB) AllocSpace objects, 4(1312KB) LOS objects, 32% free, 33MB/49MB, paused 299us total 17.288ms
08-03 23:33:23.759 30454 30547 I art     : Starting a blocking GC Explicit
08-03 23:33:23.776 30454 30547 I art     : Explicit concurrent mark sweep GC freed 79(1808B) AllocSpace objects, 0(0B) LOS objects, 32% free, 33MB/49MB, paused 267us total 17.138ms
08-03 23:33:24.130 30454 30547 I art     : Starting a blocking GC Explicit
08-03 23:33:24.152 30454 30547 I art     : Explicit concurrent mark sweep GC freed 2576(126KB) AllocSpace objects, 2(40KB) LOS objects, 32% free, 33MB/49MB, paused 286us total 21.468ms
08-03 23:33:24.163 30454 30547 I art     : Starting a blocking GC Explicit
08-03 23:33:24.182 30454 30547 I art     : Explicit concurrent mark sweep GC freed 92(2752B) AllocSpace objects, 0(0B) LOS objects, 32% free, 33MB/49MB, paused 341us total 18.519ms
08-03 23:33:24.191 30454 30547 I art     : Starting a blocking GC Explicit
08-03 23:33:24.210 30454 30547 I art     : Explicit concurrent mark sweep GC freed 54(992B) AllocSpace objects, 0(0B) LOS objects, 32% free, 33MB/49MB, paused 275us total 18.552ms
08-03 23:33:24.219 30454 30547 I art     : Starting a blocking GC Explicit
08-03 23:33:24.238 30454 30547 I art     : Explicit concurrent mark sweep GC freed 47(864B) AllocSpace objects, 0(0B) LOS objects, 32% free, 33MB/49MB, paused 354us total 18.467ms
08-03 23:33:24.247 30454 30547 I art     : Starting a blocking GC Explicit
08-03 23:33:24.265 30454 30547 I art     : Explicit concurrent mark sweep GC freed 38(752B) AllocSpace objects, 0(0B) LOS objects, 32% free, 33MB/49MB, paused 306us total 17.984ms
08-03 23:33:24.610 30454 30466 I art     : Starting a blocking GC Explicit
08-03 23:33:24.631 30454 30466 I art     : Explicit concurrent mark sweep GC freed 2153(108KB) AllocSpace objects, 2(40KB) LOS objects, 32% free, 33MB/49MB, paused 289us total 20.175ms
08-03 23:33:24.640 30454 30466 I art     : Starting a blocking GC Explicit
08-03 23:33:24.659 30454 30466 I art     : Explicit concurrent mark sweep GC freed 78(1904B) AllocSpace objects, 0(0B) LOS objects, 32% free, 33MB/49MB, paused 305us total 18.189ms
08-03 23:33:24.668 30454 30466 I art     : Starting a blocking GC Explicit
08-03 23:33:24.686 30454 30466 I art     : Explicit concurrent mark sweep GC freed 27(496B) AllocSpace objects, 0(0B) LOS objects, 32% free, 33MB/49MB, paused 279us total 17.071ms
08-03 23:33:24.694 30454 30466 I art     : Starting a blocking GC Explicit
08-03 23:33:24.711 30454 30466 I art     : Explicit concurrent mark sweep GC freed 51(896B) AllocSpace objects, 0(0B) LOS objects, 32% free, 33MB/49MB, paused 296us total 17.007ms
08-03 23:33:24.720 30454 30466 I art     : Starting a blocking GC Explicit
08-03 23:33:24.738 30454 30466 I art     : Explicit concurrent mark sweep GC freed 42(736B) AllocSpace objects, 0(0B) LOS objects, 32% free, 33MB/49MB, paused 320us total 18.220ms
08-03 23:33:25.093 30454 30467 I art     : Starting a blocking GC Explicit
08-03 23:33:25.114 30454 30467 I art     : Explicit concurrent mark sweep GC freed 2157(103KB) AllocSpace objects, 2(40KB) LOS objects, 32% free, 33MB/49MB, paused 310us total 20.878ms
08-03 23:33:25.123 30454 30467 I art     : Starting a blocking GC Explicit
08-03 23:33:25.143 30454 30467 I art     : Explicit concurrent mark sweep GC freed 77(1872B) AllocSpace objects, 0(0B) LOS objects, 32% free, 33MB/49MB, paused 335us total 19.912ms
08-03 23:33:25.153 30454 30467 I art     : Starting a blocking GC Explicit
08-03 23:33:25.172 30454 30467 I art     : Explicit concurrent mark sweep GC freed 28(528B) AllocSpace objects, 0(0B) LOS objects, 32% free, 33MB/49MB, paused 289us total 18.156ms
08-03 23:33:25.180 30454 30467 I art     : Starting a blocking GC Explicit
08-03 23:33:25.198 30454 30467 I art     : Explicit concurrent mark sweep GC freed 51(896B) AllocSpace objects, 0(0B) LOS objects, 32% free, 33MB/49MB, paused 282us total 17.569ms
08-03 23:33:25.207 30454 30467 I art     : Starting a blocking GC Explicit
08-03 23:33:25.224 30454 30467 I art     : Explicit concurrent mark sweep GC freed 51(896B) AllocSpace objects, 0(0B) LOS objects, 32% free, 33MB/49MB, paused 269us total 16.696ms
08-03 23:33:25.519 30454 30547 I art     : Starting a blocking GC Explicit
08-03 23:33:25.541 30454 30547 I art     : Explicit concurrent mark sweep GC freed 2076(105KB) AllocSpace objects, 2(40KB) LOS objects, 32% free, 33MB/49MB, paused 359us total 21.532ms
08-03 23:33:25.552 30454 30547 I art     : Starting a blocking GC Explicit
08-03 23:33:25.572 30454 30547 I art     : Explicit concurrent mark sweep GC freed 60(1616B) AllocSpace objects, 0(0B) LOS objects, 32% free, 33MB/49MB, paused 288us total 19.189ms
