08-03 20:44:47.110 22143 22729 D CustomInterceptor: PREFLIB GET REQUEST https://hacker-news.firebaseio.com/v0/item/23971557.json
08-03 20:44:47.110 22143 22729 D CustomInterceptor: PREFLIB found https://hacker-news.firebaseio.com/v0/item/23971557.json, sending it back
08-03 20:44:47.110 22143 22729 D CustomInterceptor: CONTENT {"by":"Simulacra","id":23971557,"kids":[23971897],"parent":23970236,"text":"We had someone try this at a company I worked at previously. The target was so angry they aggressively complained; the company fired the salesman. It boggles the mind why a sales person would do something that is likely to be seen as an invasion to the prospect.","time":1595901512,"type":"comment"}
08-03 20:44:47.110 22143 22729 D CustomInterceptor: interceptor_finished : return_type #2 : request served from cache
08-03 20:44:47.115 22143 22724 D CustomInterceptor: NETWORK-PROVIDER https://hacker-news.firebaseio.com/v0/item/23970862.json
08-03 20:44:47.117 22143 22724 D CustomInterceptor: HEADER REQUEST
08-03 20:44:47.117 22143 22724 D CustomInterceptor: Cache-Control max-age=300, max-stale=300
08-03 20:44:47.117 22143 22724 D CustomInterceptor: CACHED STATS: size = '100', maxSize = '100', hitCount = '162', createCount = '0', putCount = '122', evictionCount = '22', missCount = '151', toString = 'LruCache[maxSize=100,hits=162,misses=151,hitRate=51%]', 
08-03 20:44:47.117 22143 22724 D CustomInterceptor: PREFLIB GET REQUEST https://hacker-news.firebaseio.com/v0/item/23970862.json
08-03 20:44:47.117 22143 22724 D CustomInterceptor: PREFLIB found https://hacker-news.firebaseio.com/v0/item/23970862.json, sending it back
08-03 20:44:47.117 22143 22724 D CustomInterceptor: CONTENT {"by":"pavel_lishin","id":23970862,"kids":[23971030],"parent":23970236,"text":"&gt; <i>It&#x27;s used not just by spammers, but by sales reps, too.</i><p>Not sure there&#x27;s a distinction there.","time":1595895099,"type":"comment"}
08-03 20:44:47.117 22143 22724 D CustomInterceptor: interceptor_finished : return_type #2 : request served from cache
08-03 20:44:47.128 22143 22256 D CustomInterceptor: NETWORK-PROVIDER https://hacker-news.firebaseio.com/v0/item/23970298.json
08-03 20:44:47.130 22143 22256 D CustomInterceptor: HEADER REQUEST
08-03 20:44:47.130 22143 22256 D CustomInterceptor: Cache-Control max-age=300, max-stale=300
08-03 20:44:47.130 22143 22256 D CustomInterceptor: CACHED STATS: size = '100', maxSize = '100', hitCount = '163', createCount = '0', putCount = '122', evictionCount = '22', missCount = '151', toString = 'LruCache[maxSize=100,hits=163,misses=151,hitRate=51%]', 
08-03 20:44:47.130 22143 22256 D CustomInterceptor: PREFLIB GET REQUEST https://hacker-news.firebaseio.com/v0/item/23970298.json
08-03 20:44:47.130 22143 22256 D CustomInterceptor: PREFLIB found https://hacker-news.firebaseio.com/v0/item/23970298.json, sending it back
08-03 20:44:47.130 22143 22256 D CustomInterceptor: CONTENT {"by":"kstrauser","id":23970298,"kids":[23972381],"parent":23970236,"text":"That sounds like an excellent way to make me ban all inbound traffic from that vendor.","time":1595889859,"type":"comment"}
08-03 20:44:47.130 22143 22256 D CustomInterceptor: interceptor_finished : return_type #2 : request served from cache
08-03 20:44:47.142 22143 22732 D CustomInterceptor: NETWORK-PROVIDER https://hacker-news.firebaseio.com/v0/item/23970271.json
08-03 20:44:47.144 22143 22732 D CustomInterceptor: HEADER REQUEST
08-03 20:44:47.144 22143 22732 D CustomInterceptor: Cache-Control max-age=300, max-stale=300
08-03 20:44:47.144 22143 22732 D CustomInterceptor: CACHED STATS: size = '100', maxSize = '100', hitCount = '164', createCount = '0', putCount = '122', evictionCount = '22', missCount = '151', toString = 'LruCache[maxSize=100,hits=164,misses=151,hitRate=52%]', 
08-03 20:44:47.144 22143 22732 D CustomInterceptor: PREFLIB GET REQUEST https://hacker-news.firebaseio.com/v0/item/23970271.json
08-03 20:44:47.144 22143 22732 D CustomInterceptor: PREFLIB found https://hacker-news.firebaseio.com/v0/item/23970271.json, sending it back
08-03 20:44:47.144 22143 22732 D CustomInterceptor: CONTENT {"by":"fpgaminer","id":23970271,"parent":23970204,"text":"If it&#x27;s any help, I _think_ this is the guide I used to disable the feature: <a href=\"https:&#x2F;&#x2F;lifehacker.com&#x2F;how-to-keep-spam-out-of-your-google-calendar-1835810050\" rel=\"nofollow\">https:&#x2F;&#x2F;lifehacker.com&#x2F;how-to-keep-spam-out-of-your-google-c...</a><p>It was awhile ago, but that looks like the right link and jives with my current settings.  I don&#x27;t get any more spam on my calendar, but obviously need to manually respond Yes to any email invites to get them to show on the calendar.","time":1595889643,"type":"comment"}
08-03 20:44:47.144 22143 22732 D CustomInterceptor: interceptor_finished : return_type #2 : request served from cache
08-03 20:44:47.204 22143 22741 D CustomInterceptor: NETWORK-PROVIDER https://hacker-news.firebaseio.com/v0/item/23972258.json
08-03 20:44:47.206 22143 22741 D CustomInterceptor: HEADER REQUEST
08-03 20:44:47.206 22143 22741 D CustomInterceptor: Cache-Control max-age=300, max-stale=300
08-03 20:44:47.206 22143 22741 D CustomInterceptor: CACHED STATS: size = '100', maxSize = '100', hitCount = '165', createCount = '0', putCount = '122', evictionCount = '22', missCount = '151', toString = 'LruCache[maxSize=100,hits=165,misses=151,hitRate=52%]', 
08-03 20:44:47.207 22143 22741 D CustomInterceptor: PREFLIB GET REQUEST https://hacker-news.firebaseio.com/v0/item/23972258.json
08-03 20:44:47.207 22143 22741 D CustomInterceptor: PREFLIB found https://hacker-news.firebaseio.com/v0/item/23972258.json, sending it back
08-03 20:44:47.207 22143 22741 D CustomInterceptor: CONTENT {"by":"fpgaminer","id":23972258,"kids":[23974089],"parent":23971544,"text":"&gt; Google has very little incentive to fix the problem<p>A long time ago, in an internet far, far away, Gmail was brand new.  The big feature?  No spam.  Back then we&#x27;d hide our email addresses in cryptic text and images.  It was a private thing, shared between friends.  If the light of the internet were to ever shine upon your unobfuscated email address, woe be onto you as the plague of SPAM descended.  There were even entire websites dedicate to the purpose of &quot;email address images&quot;.  It was ... a wild time.<p>Then, GMAIL!  For the first time since the dawn of SPAM we could post our addresses in plaintext, in the light of day.  We didn&#x27;t hide them like dirty underwear.  The whole WORLD could see our email addresses, and we didn&#x27;t have a care in the world.  The smell of fresh email was in the air, unbesmirched by SPAM.<p>Perhaps the young ones forget.  Perhaps Google has forgotten.  Lost to the sands of Calendar spam...","time":1595910396,"type":"comment"}
08-03 20:44:47.207 22143 22741 D CustomInterceptor: interceptor_finished : return_type #2 : request served from cache
08-03 20:44:47.219 22143 22748 D CustomInterceptor: NETWORK-PROVIDER https://hacker-news.firebaseio.com/v0/item/23972889.json
08-03 20:44:47.220 22143 22748 D CustomInterceptor: HEADER REQUEST
08-03 20:44:47.220 22143 22748 D CustomInterceptor: Cache-Control max-age=300, max-stale=300
08-03 20:44:47.221 22143 22748 D CustomInterceptor: CACHED STATS: size = '100', maxSize = '100', hitCount = '166', createCount = '0', putCount = '122', evictionCount = '22', missCount = '151', toString = 'LruCache[maxSize=100,hits=166,misses=151,hitRate=52%]', 
08-03 20:44:47.221 22143 22748 D CustomInterceptor: PREFLIB GET REQUEST https://hacker-news.firebaseio.com/v0/item/23972889.json
08-03 20:44:47.221 22143 22748 D CustomInterceptor: PREFLIB found https://hacker-news.firebaseio.com/v0/item/23972889.json, sending it back
08-03 20:44:47.221 22143 22748 D CustomInterceptor: CONTENT {"by":"eximius","id":23972889,"kids":[23972983],"parent":23971544,"text":"Even internally this bug is not prioritized. In their defense, it&#x27;s not clear what the behaviour <i>should</i> be. Against them, there are options that, while not perfect, are better than the status quo, even if the user must manually set them.","time":1595917612,"type":"comment"}
08-03 20:44:47.221 22143 22748 D CustomInterceptor: interceptor_finished : return_type #2 : request served from cache
08-03 20:44:47.233 22143 22746 D CustomInterceptor: NETWORK-PROVIDER https://hacker-news.firebaseio.com/v0/item/23970459.json
08-03 20:44:47.234 22143 22746 D CustomInterceptor: HEADER REQUEST
08-03 20:44:47.235 22143 22746 D CustomInterceptor: Cache-Control max-age=300, max-stale=300
08-03 20:44:47.235 22143 22746 D CustomInterceptor: CACHED STATS: size = '100', maxSize = '100', hitCount = '167', createCount = '0', putCount = '122', evictionCount = '22', missCount = '151', toString = 'LruCache[maxSize=100,hits=167,misses=151,hitRate=52%]', 
08-03 20:44:47.235 22143 22746 D CustomInterceptor: PREFLIB NOT A GET REQUEST OR NOT IN CACHEGET
08-03 20:44:47.391 22143 22729 D CustomInterceptor: NETWORK-PROVIDER https://hacker-news.firebaseio.com/v0/item/23971924.json
08-03 20:44:47.393 22143 22729 D CustomInterceptor: HEADER REQUEST
08-03 20:44:47.393 22143 22729 D CustomInterceptor: Cache-Control max-age=300, max-stale=300
08-03 20:44:47.393 22143 22729 D CustomInterceptor: CACHED STATS: size = '100', maxSize = '100', hitCount = '167', createCount = '0', putCount = '122', evictionCount = '22', missCount = '152', toString = 'LruCache[maxSize=100,hits=167,misses=152,hitRate=52%]', 
08-03 20:44:47.393 22143 22729 D CustomInterceptor: PREFLIB GET REQUEST https://hacker-news.firebaseio.com/v0/item/23971924.json
08-03 20:44:47.393 22143 22729 D CustomInterceptor: PREFLIB found https://hacker-news.firebaseio.com/v0/item/23971924.json, sending it back
08-03 20:44:47.393 22143 22729 D CustomInterceptor: CONTENT {"by":"o-__-o","id":23971924,"kids":[23972051],"parent":23971214,"text":"For every one person who vows to never purchase their product, 10 others become useful leads.","time":1595905948,"type":"comment"}
08-03 20:44:47.393 22143 22729 D CustomInterceptor: interceptor_finished : return_type #2 : request served from cache
08-03 20:44:47.404 22143 22726 D CustomInterceptor: NETWORK-PROVIDER https://hacker-news.firebaseio.com/v0/item/23973978.json
08-03 20:44:47.405 22143 22726 D CustomInterceptor: HEADER REQUEST
08-03 20:44:47.405 22143 22726 D CustomInterceptor: Cache-Control max-age=300, max-stale=300
08-03 20:44:47.406 22143 22726 D CustomInterceptor: CACHED STATS: size = '100', maxSize = '100', hitCount = '168', createCount = '0', putCount = '122', evictionCount = '22', missCount = '152', toString = 'LruCache[maxSize=100,hits=168,misses=152,hitRate=52%]', 
08-03 20:44:47.406 22143 22726 D CustomInterceptor: PREFLIB GET REQUEST https://hacker-news.firebaseio.com/v0/item/23973978.json
08-03 20:44:47.406 22143 22726 D CustomInterceptor: PREFLIB found https://hacker-news.firebaseio.com/v0/item/23973978.json, sending it back
08-03 20:44:47.406 22143 22726 D CustomInterceptor: CONTENT {"deleted":true,"id":23973978,"parent":23971214,"time":1595928835,"type":"comment"}
08-03 20:44:47.406 22143 22726 D CustomInterceptor: interceptor_finished : return_type #2 : request served from cache
08-03 20:44:47.418 22143 22256 D CustomInterceptor: NETWORK-PROVIDER https://hacker-news.firebaseio.com/v0/item/23972234.json
08-03 20:44:47.420 22143 22256 D CustomInterceptor: HEADER REQUEST
08-03 20:44:47.420 22143 22256 D CustomInterceptor: Cache-Control max-age=300, max-stale=300
08-03 20:44:47.420 22143 22256 D CustomInterceptor: CACHED STATS: size = '100', maxSize = '100', hitCount = '169', createCount = '0', putCount = '122', evictionCount = '22', missCount = '152', toString = 'LruCache[maxSize=100,hits=169,misses=152,hitRate=52%]', 
08-03 20:44:47.420 22143 22256 D CustomInterceptor: PREFLIB GET REQUEST https://hacker-news.firebaseio.com/v0/item/23972234.json
08-03 20:44:47.420 22143 22256 D CustomInterceptor: PREFLIB found https://hacker-news.firebaseio.com/v0/item/23972234.json, sending it back
08-03 20:44:47.420 22143 22256 D CustomInterceptor: CONTENT {"by":"gjs278","dead":true,"id":23972234,"parent":23971214,"text":"ok... and you know it wasnt a breech. anyone you explained it to would understand it was a sales rep taking advantage of a bug. youd sound a little off.","time":1595909897,"type":"comment"}
08-03 20:44:47.420 22143 22256 D CustomInterceptor: interceptor_finished : return_type #2 : request served from cache
08-03 20:44:47.430 22143 22732 D CustomInterceptor: NETWORK-PROVIDER https://hacker-news.firebaseio.com/v0/item/23971897.json
08-03 20:44:47.431 22143 22732 D CustomInterceptor: HEADER REQUEST
08-03 20:44:47.431 22143 22732 D CustomInterceptor: Cache-Control max-age=300, max-stale=300
08-03 20:44:47.431 22143 22732 D CustomInterceptor: CACHED STATS: size = '100', maxSize = '100', hitCount = '170', createCount = '0', putCount = '122', evictionCount = '22', missCount = '152', toString = 'LruCache[maxSize=100,hits=170,misses=152,hitRate=52%]', 
08-03 20:44:47.432 22143 22732 D CustomInterceptor: PREFLIB GET REQUEST https://hacker-news.firebaseio.com/v0/item/23971897.json
08-03 20:44:47.432 22143 22732 D CustomInterceptor: PREFLIB found https://hacker-news.firebaseio.com/v0/item/23971897.json, sending it back
08-03 20:44:47.432 22143 22732 D CustomInterceptor: CONTENT {"by":"dreamcompiler","id":23971897,"kids":[23971961,23972074],"parent":23971557,"text":"&gt; It boggles the mind why a sales person would do something that is likely to be seen as an invasion to the prospect.<p>Sales droids don&#x27;t think the same way regular people do. A lot of them really believe everybody is as extroverted as they are and introverts are just pretending. And that everybody would be as excited about their product as they are, if they only knew about it. The best sales people can adopt the point of view of their prospects; mediocre ones cannot.","time":1595905474,"type":"comment"}
08-03 20:44:47.432 22143 22732 D CustomInterceptor: interceptor_finished : return_type #2 : request served from cache
08-03 20:44:47.480 22143 22741 D CustomInterceptor: NETWORK-PROVIDER https://hacker-news.firebaseio.com/v0/item/23971030.json
08-03 20:44:47.482 22143 22741 D CustomInterceptor: HEADER REQUEST
08-03 20:44:47.482 22143 22741 D CustomInterceptor: Cache-Control max-age=300, max-stale=300
08-03 20:44:47.482 22143 22741 D CustomInterceptor: CACHED STATS: size = '100', maxSize = '100', hitCount = '171', createCount = '0', putCount = '122', evictionCount = '22', missCount = '152', toString = 'LruCache[maxSize=100,hits=171,misses=152,hitRate=52%]', 
08-03 20:44:47.482 22143 22741 D CustomInterceptor: PREFLIB GET REQUEST https://hacker-news.firebaseio.com/v0/item/23971030.json
08-03 20:44:47.482 22143 22741 D CustomInterceptor: PREFLIB found https://hacker-news.firebaseio.com/v0/item/23971030.json, sending it back
08-03 20:44:47.482 22143 22741 D CustomInterceptor: CONTENT {"by":"superkuh","id":23971030,"parent":23970862,"text":"Spammers don&#x27;t have the corporate liability protections that allow corporate employees to spam without worry. So really, spammers are better people.","time":1595896682,"type":"comment"}
08-03 20:44:47.482 22143 22741 D CustomInterceptor: interceptor_finished : return_type #2 : request served from cache
08-03 20:44:47.493 22143 22748 D CustomInterceptor: NETWORK-PROVIDER https://hacker-news.firebaseio.com/v0/item/23972381.json
08-03 20:44:47.504 22143 22748 D CustomInterceptor: HEADER REQUEST
08-03 20:44:47.504 22143 22748 D CustomInterceptor: Cache-Control max-age=300, max-stale=300
08-03 20:44:47.504 22143 22748 D CustomInterceptor: CACHED STATS: size = '100', maxSize = '100', hitCount = '172', createCount = '0', putCount = '122', evictionCount = '22', missCount = '152', toString = 'LruCache[maxSize=100,hits=172,misses=152,hitRate=53%]', 
08-03 20:44:47.504 22143 22748 D CustomInterceptor: PREFLIB NOT A GET REQUEST OR NOT IN CACHEGET
08-03 20:44:47.723 22143 22742 D CustomInterceptor: NETWORK-PROVIDER https://hacker-news.firebaseio.com/v0/item/23972051.json
08-03 20:44:47.725 22143 22742 D CustomInterceptor: HEADER REQUEST
08-03 20:44:47.726 22143 22742 D CustomInterceptor: Cache-Control max-age=300, max-stale=300
08-03 20:44:47.726 22143 22742 D CustomInterceptor: CACHED STATS: size = '100', maxSize = '100', hitCount = '172', createCount = '0', putCount = '122', evictionCount = '22', missCount = '153', toString = 'LruCache[maxSize=100,hits=172,misses=153,hitRate=52%]', 
08-03 20:44:47.726 22143 22742 D CustomInterceptor: PREFLIB GET REQUEST https://hacker-news.firebaseio.com/v0/item/23972051.json
08-03 20:44:47.726 22143 22742 D CustomInterceptor: PREFLIB found https://hacker-news.firebaseio.com/v0/item/23972051.json, sending it back
08-03 20:44:47.726 22143 22742 D CustomInterceptor: CONTENT {"by":"WrtCdEvrydy","id":23972051,"kids":[23972279,23972882],"parent":23971924,"text":"Yes, but for every person I tell that they had a data breach causing them to phish their customers through calendar, I can poison 50 people in each organization, then they can poison 50 and so forth... let&#x27;s call it exponential growth of the DELL-20 coronavirus.","time":1595907630,"type":"comment"}
08-03 20:44:47.726 22143 22742 D CustomInterceptor: interceptor_finished : return_type #2 : request served from cache
08-03 20:44:47.768 22143 22729 D CustomInterceptor: NETWORK-PROVIDER https://hacker-news.firebaseio.com/v0/item/23971961.json
08-03 20:44:47.770 22143 22729 D CustomInterceptor: HEADER REQUEST
08-03 20:44:47.770 22143 22729 D CustomInterceptor: Cache-Control max-age=300, max-stale=300
08-03 20:44:47.770 22143 22729 D CustomInterceptor: CACHED STATS: size = '100', maxSize = '100', hitCount = '173', createCount = '0', putCount = '122', evictionCount = '22', missCount = '153', toString = 'LruCache[maxSize=100,hits=173,misses=153,hitRate=53%]', 
08-03 20:44:47.770 22143 22729 D CustomInterceptor: PREFLIB NOT A GET REQUEST OR NOT IN CACHEGET
08-03 20:44:47.852 22143 22726 D CustomInterceptor: NETWORK-PROVIDER https://hacker-news.firebaseio.com/v0/item/23972279.json
08-03 20:44:47.854 22143 22726 D CustomInterceptor: HEADER REQUEST
08-03 20:44:47.854 22143 22726 D CustomInterceptor: Cache-Control max-age=300, max-stale=300
08-03 20:44:47.854 22143 22726 D CustomInterceptor: CACHED STATS: size = '100', maxSize = '100', hitCount = '173', createCount = '0', putCount = '122', evictionCount = '22', missCount = '154', toString = 'LruCache[maxSize=100,hits=173,misses=154,hitRate=52%]', 
08-03 20:44:47.854 22143 22726 D CustomInterceptor: PREFLIB GET REQUEST https://hacker-news.firebaseio.com/v0/item/23972279.json
08-03 20:44:47.854 22143 22726 D CustomInterceptor: PREFLIB found https://hacker-news.firebaseio.com/v0/item/23972279.json, sending it back
08-03 20:44:47.854 22143 22726 D CustomInterceptor: CONTENT {"by":"malux85","id":23972279,"kids":[23972400,23973654],"parent":23972051,"text":"And each of those 10 successes tells 50,<p>Dont you get it?! They wouldnt do it if it didnt work, and you are vastly outnumbered. Its not right, its bloody annoying, but its there and its not going away.<p>Google needs to fix the root problem, so that the spammy behaviour is not possible.","time":1595910606,"type":"comment"}
08-03 20:44:47.854 22143 22726 D CustomInterceptor: interceptor_finished : return_type #2 : request served from cache
08-03 20:44:47.867 22143 22253 D CustomInterceptor: NETWORK-PROVIDER https://hacker-news.firebaseio.com/v0/item/23972882.json
08-03 20:44:47.869 22143 22253 D CustomInterceptor: HEADER REQUEST
08-03 20:44:47.869 22143 22253 D CustomInterceptor: Cache-Control max-age=300, max-stale=300
08-03 20:44:47.869 22143 22253 D CustomInterceptor: CACHED STATS: size = '100', maxSize = '100', hitCount = '174', createCount = '0', putCount = '122', evictionCount = '22', missCount = '154', toString = 'LruCache[maxSize=100,hits=174,misses=154,hitRate=53%]', 
08-03 20:44:47.869 22143 22253 D CustomInterceptor: PREFLIB GET REQUEST https://hacker-news.firebaseio.com/v0/item/23972882.json
08-03 20:44:47.869 22143 22253 D CustomInterceptor: PREFLIB found https://hacker-news.firebaseio.com/v0/item/23972882.json, sending it back
08-03 20:44:47.869 22143 22253 D CustomInterceptor: CONTENT {"by":"BeetleB","id":23972882,"parent":23972051,"text":"&gt; Yes, but for every person I tell that they had a data breach causing them to phish their customers through calendar<p>The number of times I&#x27;ve managed to convince someone not to use a service because of data breaches or poor security settings is precisely 0.<p>If people are OK with banks and retirement accounts that follow poor security standards, they won&#x27;t really care about Dell.","time":1595917552,"type":"comment"}
08-03 20:44:47.869 22143 22253 D CustomInterceptor: interceptor_finished : return_type #2 : request served from cache
08-03 20:44:47.981 22143 22730 D CustomInterceptor: CACHE_CONTROL SETTING NEW MAX-AGE
08-03 20:44:47.983 22143 22730 D CustomInterceptor: HEADER RESPONSE
08-03 20:44:47.984 22143 22730 D CustomInterceptor: Access-Control-Allow-Origin *
08-03 20:44:47.984 22143 22730 D CustomInterceptor: Cache-Control public, immutable, max-age=300, only-if-cached, max-stale=300
08-03 20:44:47.984 22143 22730 D CustomInterceptor: Connection keep-alive
08-03 20:44:47.984 22143 22730 D CustomInterceptor: Content-Length 1084
08-03 20:44:47.984 22143 22730 D CustomInterceptor: Content-Type application/json; charset=utf-8
08-03 20:44:47.984 22143 22730 D CustomInterceptor: Date Mon, 03 Aug 2020 18:44:42 GMT
08-03 20:44:47.984 22143 22730 D CustomInterceptor: Expires Mon, 03 Aug 2020 18:49:47 GMT+00:00
08-03 20:44:47.984 22143 22730 D CustomInterceptor: Server nginx
08-03 20:44:47.984 22143 22730 D CustomInterceptor: Strict-Transport-Security max-age=31556926; includeSubDomains; preload
08-03 20:44:47.984 22143 22730 D CustomInterceptor: CACHEABLE true
08-03 20:44:47.984 22143 22730 D CustomInterceptor: REQ https://hacker-news.firebaseio.com/v0/item/23970795.json
08-03 20:44:47.985 22143 22730 D CustomInterceptor: REQ_SERV_BY net
08-03 20:44:47.985 22143 22730 D CustomInterceptor: PREFLIB Adding response to lrucache - https://hacker-news.firebaseio.com/v0/item/23970795.json
08-03 20:44:47.988 22143 22730 D CustomInterceptor: interceptor_finished : return_type #3 : request served from remote and added to cache
08-03 20:44:47.996 22143 22702 D CustomInterceptor: CACHE_CONTROL SETTING NEW MAX-AGE
08-03 20:44:48.002 22143 22736 D CustomInterceptor: CACHE_CONTROL SETTING NEW MAX-AGE
08-03 20:44:48.003 22143 22702 D CustomInterceptor: HEADER RESPONSE
08-03 20:44:48.003 22143 22702 D CustomInterceptor: Access-Control-Allow-Origin *
08-03 20:44:48.003 22143 22702 D CustomInterceptor: Cache-Control public, immutable, max-age=300, only-if-cached, max-stale=300
08-03 20:44:48.003 22143 22702 D CustomInterceptor: Connection keep-alive
08-03 20:44:48.003 22143 22702 D CustomInterceptor: Content-Length 526
08-03 20:44:48.003 22143 22736 D CustomInterceptor: HEADER RESPONSE
08-03 20:44:48.003 22143 22702 D CustomInterceptor: Content-Type application/json; charset=utf-8
08-03 20:44:48.003 22143 22702 D CustomInterceptor: Date Mon, 03 Aug 2020 18:44:43 GMT
08-03 20:44:48.003 22143 22736 D CustomInterceptor: Access-Control-Allow-Origin *
08-03 20:44:48.003 22143 22702 D CustomInterceptor: Expires Mon, 03 Aug 2020 18:49:47 GMT+00:00
08-03 20:44:48.003 22143 22736 D CustomInterceptor: Cache-Control public, immutable, max-age=300, only-if-cached, max-stale=300
08-03 20:44:48.003 22143 22702 D CustomInterceptor: Server nginx
08-03 20:44:48.003 22143 22736 D CustomInterceptor: Connection keep-alive
08-03 20:44:48.003 22143 22702 D CustomInterceptor: Strict-Transport-Security max-age=31556926; includeSubDomains; preload
08-03 20:44:48.003 22143 22736 D CustomInterceptor: Content-Length 389
08-03 20:44:48.003 22143 22736 D CustomInterceptor: Content-Type application/json; charset=utf-8
08-03 20:44:48.004 22143 22736 D CustomInterceptor: Date Mon, 03 Aug 2020 18:44:42 GMT
08-03 20:44:48.004 22143 22702 D CustomInterceptor: CACHEABLE true
08-03 20:44:48.004 22143 22736 D CustomInterceptor: Expires Mon, 03 Aug 2020 18:49:48 GMT+00:00
08-03 20:44:48.004 22143 22702 D CustomInterceptor: REQ https://hacker-news.firebaseio.com/v0/item/23970392.json
08-03 20:44:48.004 22143 22736 D CustomInterceptor: Server nginx
08-03 20:44:48.004 22143 22702 D CustomInterceptor: REQ_SERV_BY net
08-03 20:44:48.004 22143 22736 D CustomInterceptor: Strict-Transport-Security max-age=31556926; includeSubDomains; preload
08-03 20:44:48.004 22143 22702 D CustomInterceptor: PREFLIB Adding response to lrucache - https://hacker-news.firebaseio.com/v0/item/23970392.json
08-03 20:44:48.004 22143 22736 D CustomInterceptor: CACHEABLE true
08-03 20:44:48.004 22143 22736 D CustomInterceptor: REQ https://hacker-news.firebaseio.com/v0/item/23970196.json
08-03 20:44:48.004 22143 22736 D CustomInterceptor: REQ_SERV_BY net
08-03 20:44:48.004 22143 22736 D CustomInterceptor: PREFLIB Adding response to lrucache - https://hacker-news.firebaseio.com/v0/item/23970196.json
08-03 20:44:48.006 22143 22736 D CustomInterceptor: interceptor_finished : return_type #3 : request served from remote and added to cache
08-03 20:44:48.011 22143 22702 D CustomInterceptor: interceptor_finished : return_type #3 : request served from remote and added to cache
08-03 20:44:48.026 22143 22738 D CustomInterceptor: CACHE_CONTROL SETTING NEW MAX-AGE
08-03 20:44:48.027 22143 22738 D CustomInterceptor: HEADER RESPONSE
08-03 20:44:48.027 22143 22738 D CustomInterceptor: Access-Control-Allow-Origin *
08-03 20:44:48.027 22143 22738 D CustomInterceptor: Cache-Control public, immutable, max-age=300, only-if-cached, max-stale=300
08-03 20:44:48.027 22143 22738 D CustomInterceptor: Connection keep-alive
08-03 20:44:48.027 22143 22738 D CustomInterceptor: Content-Length 376
08-03 20:44:48.028 22143 22738 D CustomInterceptor: Content-Type application/json; charset=utf-8
08-03 20:44:48.028 22143 22738 D CustomInterceptor: Date Mon, 03 Aug 2020 18:44:42 GMT
08-03 20:44:48.028 22143 22738 D CustomInterceptor: Expires Mon, 03 Aug 2020 18:49:48 GMT+00:00
08-03 20:44:48.028 22143 22738 D CustomInterceptor: Server nginx
08-03 20:44:48.028 22143 22738 D CustomInterceptor: Strict-Transport-Security max-age=31556926; includeSubDomains; preload
08-03 20:44:48.028 22143 22738 D CustomInterceptor: CACHEABLE true
08-03 20:44:48.028 22143 22738 D CustomInterceptor: REQ https://hacker-news.firebaseio.com/v0/item/23970050.json
08-03 20:44:48.028 22143 22738 D CustomInterceptor: REQ_SERV_BY net
08-03 20:44:48.028 22143 22738 D CustomInterceptor: PREFLIB Adding response to lrucache - https://hacker-news.firebaseio.com/v0/item/23970050.json
08-03 20:44:48.031 22143 22241 D CustomInterceptor: CACHE_CONTROL SETTING NEW MAX-AGE
08-03 20:44:48.032 22143 22241 D CustomInterceptor: HEADER RESPONSE
08-03 20:44:48.032 22143 22241 D CustomInterceptor: Access-Control-Allow-Origin *
08-03 20:44:48.032 22143 22241 D CustomInterceptor: Cache-Control public, immutable, max-age=300, only-if-cached, max-stale=300
08-03 20:44:48.032 22143 22241 D CustomInterceptor: Connection keep-alive
08-03 20:44:48.032 22143 22241 D CustomInterceptor: Content-Length 812
08-03 20:44:48.032 22143 22241 D CustomInterceptor: Content-Type application/json; charset=utf-8
08-03 20:44:48.032 22143 22241 D CustomInterceptor: Date Mon, 03 Aug 2020 18:44:43 GMT
08-03 20:44:48.032 22143 22241 D CustomInterceptor: Expires Mon, 03 Aug 2020 18:49:48 GMT+00:00
08-03 20:44:48.032 22143 22241 D CustomInterceptor: Server nginx
08-03 20:44:48.032 22143 22241 D CustomInterceptor: Strict-Transport-Security max-age=31556926; includeSubDomains; preload
08-03 20:44:48.033 22143 22241 D CustomInterceptor: CACHEABLE true
08-03 20:44:48.033 22143 22241 D CustomInterceptor: REQ https://hacker-news.firebaseio.com/v0/item/23970705.json
08-03 20:44:48.033 22143 22241 D CustomInterceptor: REQ_SERV_BY net
08-03 20:44:48.033 22143 22241 D CustomInterceptor: PREFLIB Adding response to lrucache - https://hacker-news.firebaseio.com/v0/item/23970705.json
08-03 20:44:48.037 22143 22738 D CustomInterceptor: interceptor_finished : return_type #3 : request served from remote and added to cache
08-03 20:44:48.038 22143 22241 D CustomInterceptor: interceptor_finished : return_type #3 : request served from remote and added to cache
08-03 20:44:48.044 22143 22723 D CustomInterceptor: CACHE_CONTROL SETTING NEW MAX-AGE
08-03 20:44:48.047 22143 22723 D CustomInterceptor: HEADER RESPONSE
08-03 20:44:48.050 22143 22723 D CustomInterceptor: Access-Control-Allow-Origin *
08-03 20:44:48.051 22143 22735 D CustomInterceptor: CACHE_CONTROL SETTING NEW MAX-AGE
08-03 20:44:48.052 22143 22735 D CustomInterceptor: HEADER RESPONSE
08-03 20:44:48.052 22143 22735 D CustomInterceptor: Access-Control-Allow-Origin *
08-03 20:44:48.052 22143 22735 D CustomInterceptor: Cache-Control public, immutable, max-age=300, only-if-cached, max-stale=300
08-03 20:44:48.052 22143 22735 D CustomInterceptor: Connection keep-alive
08-03 20:44:48.052 22143 22735 D CustomInterceptor: Content-Length 252
08-03 20:44:48.052 22143 22735 D CustomInterceptor: Content-Type application/json; charset=utf-8
08-03 20:44:48.052 22143 22735 D CustomInterceptor: Date Mon, 03 Aug 2020 18:44:43 GMT
08-03 20:44:48.052 22143 22735 D CustomInterceptor: Expires Mon, 03 Aug 2020 18:49:48 GMT+00:00
08-03 20:44:48.052 22143 22735 D CustomInterceptor: Server nginx
08-03 20:44:48.052 22143 22735 D CustomInterceptor: Strict-Transport-Security max-age=31556926; includeSubDomains; preload
08-03 20:44:48.052 22143 22735 D CustomInterceptor: CACHEABLE true
08-03 20:44:48.052 22143 22735 D CustomInterceptor: REQ https://hacker-news.firebaseio.com/v0/item/23970244.json
08-03 20:44:48.052 22143 22735 D CustomInterceptor: REQ_SERV_BY net
08-03 20:44:48.052 22143 22735 D CustomInterceptor: PREFLIB Adding response to lrucache - https://hacker-news.firebaseio.com/v0/item/23970244.json
08-03 20:44:48.054 22143 22723 D CustomInterceptor: Cache-Control public, immutable, max-age=300, only-if-cached, max-stale=300
08-03 20:44:48.055 22143 22723 D CustomInterceptor: Connection keep-alive
08-03 20:44:48.055 22143 22723 D CustomInterceptor: Content-Length 241
08-03 20:44:48.055 22143 22723 D CustomInterceptor: Content-Type application/json; charset=utf-8
08-03 20:44:48.055 22143 22723 D CustomInterceptor: Date Mon, 03 Aug 2020 18:44:43 GMT
08-03 20:44:48.055 22143 22723 D CustomInterceptor: Expires Mon, 03 Aug 2020 18:49:48 GMT+00:00
08-03 20:44:48.055 22143 22723 D CustomInterceptor: Server nginx
08-03 20:44:48.055 22143 22723 D CustomInterceptor: Strict-Transport-Security max-age=31556926; includeSubDomains; preload
08-03 20:44:48.061 22143 22723 D CustomInterceptor: CACHEABLE true
08-03 20:44:48.061 22143 22723 D CustomInterceptor: REQ https://hacker-news.firebaseio.com/v0/item/23970574.json
08-03 20:44:48.061 22143 22723 D CustomInterceptor: REQ_SERV_BY net
08-03 20:44:48.061 22143 22723 D CustomInterceptor: PREFLIB Adding response to lrucache - https://hacker-news.firebaseio.com/v0/item/23970574.json
08-03 20:44:48.063 22143 22735 D CustomInterceptor: interceptor_finished : return_type #3 : request served from remote and added to cache
08-03 20:44:48.064 22143 22251 D CustomInterceptor: CACHE_CONTROL SETTING NEW MAX-AGE
08-03 20:44:48.066 22143 22251 D CustomInterceptor: HEADER RESPONSE
08-03 20:44:48.068 22143 22251 D CustomInterceptor: Access-Control-Allow-Origin *
08-03 20:44:48.068 22143 22251 D CustomInterceptor: Cache-Control public, immutable, max-age=300, only-if-cached, max-stale=300
08-03 20:44:48.068 22143 22251 D CustomInterceptor: Connection keep-alive
08-03 20:44:48.068 22143 22251 D CustomInterceptor: Content-Length 236
08-03 20:44:48.068 22143 22251 D CustomInterceptor: Content-Type application/json; charset=utf-8
08-03 20:44:48.070 22143 22723 D CustomInterceptor: interceptor_finished : return_type #3 : request served from remote and added to cache
08-03 20:44:48.072 22143 22251 D CustomInterceptor: Date Mon, 03 Aug 2020 18:44:43 GMT
08-03 20:44:48.072 22143 22251 D CustomInterceptor: Expires Mon, 03 Aug 2020 18:49:48 GMT+00:00
08-03 20:44:48.072 22143 22251 D CustomInterceptor: Server nginx
08-03 20:44:48.072 22143 22251 D CustomInterceptor: Strict-Transport-Security max-age=31556926; includeSubDomains; preload
08-03 20:44:48.072 22143 22251 D CustomInterceptor: CACHEABLE true
08-03 20:44:48.072 22143 22251 D CustomInterceptor: REQ https://hacker-news.firebaseio.com/v0/item/23970063.json
08-03 20:44:48.072 22143 22251 D CustomInterceptor: REQ_SERV_BY net
08-03 20:44:48.072 22143 22251 D CustomInterceptor: PREFLIB Adding response to lrucache - https://hacker-news.firebaseio.com/v0/item/23970063.json
08-03 20:44:48.075 22143 22708 D CustomInterceptor: CACHE_CONTROL SETTING NEW MAX-AGE
08-03 20:44:48.075 22143 22708 D CustomInterceptor: HEADER RESPONSE
08-03 20:44:48.076 22143 22708 D CustomInterceptor: Access-Control-Allow-Origin *
08-03 20:44:48.076 22143 22708 D CustomInterceptor: Cache-Control public, immutable, max-age=300, only-if-cached, max-stale=300
08-03 20:44:48.076 22143 22708 D CustomInterceptor: Connection keep-alive
08-03 20:44:48.076 22143 22708 D CustomInterceptor: Content-Length 211
08-03 20:44:48.076 22143 22708 D CustomInterceptor: Content-Type application/json; charset=utf-8
08-03 20:44:48.076 22143 22708 D CustomInterceptor: Date Mon, 03 Aug 2020 18:44:43 GMT
08-03 20:44:48.076 22143 22708 D CustomInterceptor: Expires Mon, 03 Aug 2020 18:49:48 GMT+00:00
08-03 20:44:48.076 22143 22708 D CustomInterceptor: Server nginx
08-03 20:44:48.076 22143 22708 D CustomInterceptor: Strict-Transport-Security max-age=31556926; includeSubDomains; preload
08-03 20:44:48.076 22143 22708 D CustomInterceptor: CACHEABLE true
08-03 20:44:48.076 22143 22708 D CustomInterceptor: REQ https://hacker-news.firebaseio.com/v0/item/23970388.json
08-03 20:44:48.076 22143 22708 D CustomInterceptor: REQ_SERV_BY net
08-03 20:44:48.076 22143 22708 D CustomInterceptor: PREFLIB Adding response to lrucache - https://hacker-news.firebaseio.com/v0/item/23970388.json
08-03 20:44:48.077 22143 22251 D CustomInterceptor: interceptor_finished : return_type #3 : request served from remote and added to cache
08-03 20:44:48.080 22143 22708 D CustomInterceptor: interceptor_finished : return_type #3 : request served from remote and added to cache
08-03 20:44:48.093 22143 22746 D CustomInterceptor: CACHE_CONTROL SETTING NEW MAX-AGE
08-03 20:44:48.095 22143 22746 D CustomInterceptor: HEADER RESPONSE
08-03 20:44:48.095 22143 22746 D CustomInterceptor: Access-Control-Allow-Origin *
08-03 20:44:48.095 22143 22746 D CustomInterceptor: Cache-Control public, immutable, max-age=300, only-if-cached, max-stale=300
08-03 20:44:48.095 22143 22746 D CustomInterceptor: Connection keep-alive
08-03 20:44:48.095 22143 22746 D CustomInterceptor: Content-Length 300
08-03 20:44:48.095 22143 22746 D CustomInterceptor: Content-Type application/json; charset=utf-8
08-03 20:44:48.095 22143 22746 D CustomInterceptor: Date Mon, 03 Aug 2020 18:44:43 GMT
08-03 20:44:48.095 22143 22746 D CustomInterceptor: Expires Mon, 03 Aug 2020 18:49:48 GMT+00:00
08-03 20:44:48.095 22143 22746 D CustomInterceptor: Server nginx
08-03 20:44:48.095 22143 22746 D CustomInterceptor: Strict-Transport-Security max-age=31556926; includeSubDomains; preload
08-03 20:44:48.095 22143 22746 D CustomInterceptor: CACHEABLE true
08-03 20:44:48.095 22143 22746 D CustomInterceptor: REQ https://hacker-news.firebaseio.com/v0/item/23970459.json
08-03 20:44:48.096 22143 22746 D CustomInterceptor: REQ_SERV_BY net
08-03 20:44:48.096 22143 22746 D CustomInterceptor: PREFLIB Adding response to lrucache - https://hacker-news.firebaseio.com/v0/item/23970459.json
08-03 20:44:48.110 22143 22746 D CustomInterceptor: interceptor_finished : return_type #3 : request served from remote and added to cache
08-03 20:44:48.119 22143 22748 D CustomInterceptor: CACHE_CONTROL SETTING NEW MAX-AGE
08-03 20:44:48.120 22143 22748 D CustomInterceptor: HEADER RESPONSE
08-03 20:44:48.120 22143 22748 D CustomInterceptor: Access-Control-Allow-Origin *
08-03 20:44:48.120 22143 22748 D CustomInterceptor: Cache-Control public, immutable, max-age=300, only-if-cached, max-stale=300
08-03 20:44:48.120 22143 22748 D CustomInterceptor: Connection keep-alive
08-03 20:44:48.120 22143 22748 D CustomInterceptor: Content-Length 209
08-03 20:44:48.120 22143 22748 D CustomInterceptor: Content-Type application/json; charset=utf-8
08-03 20:44:48.120 22143 22748 D CustomInterceptor: Date Mon, 03 Aug 2020 18:44:43 GMT
08-03 20:44:48.120 22143 22748 D CustomInterceptor: Expires Mon, 03 Aug 2020 18:49:48 GMT+00:00
08-03 20:44:48.120 22143 22748 D CustomInterceptor: Server nginx
08-03 20:44:48.120 22143 22748 D CustomInterceptor: Strict-Transport-Security max-age=31556926; includeSubDomains; preload
08-03 20:44:48.121 22143 22748 D CustomInterceptor: CACHEABLE true
08-03 20:44:48.121 22143 22748 D CustomInterceptor: REQ https://hacker-news.firebaseio.com/v0/item/23972381.json
08-03 20:44:48.121 22143 22748 D CustomInterceptor: REQ_SERV_BY net
08-03 20:44:48.121 22143 22748 D CustomInterceptor: PREFLIB Adding response to lrucache - https://hacker-news.firebaseio.com/v0/item/23972381.json
08-03 20:44:48.151 22143 22748 D CustomInterceptor: interceptor_finished : return_type #3 : request served from remote and added to cache
08-03 20:44:48.642 22143 22729 D CustomInterceptor: Interceptor exiting with exception java.io.IOException: unexpected end of stream on https://hacker-news.firebaseio.com/...
08-03 20:44:48.645 22143 22729 D CustomInterceptor: interceptor_finished : return_type #4 : interceptor failed, resuming the request chain with the original request
08-03 20:44:57.536 22143 22733 D CustomInterceptor: NETWORK-PROVIDER https://hacker-news.firebaseio.com/v0/item/23971016.json
08-03 20:44:57.539 22143 22733 D CustomInterceptor: HEADER REQUEST
08-03 20:44:57.539 22143 22733 D CustomInterceptor: Cache-Control max-age=300, max-stale=300
08-03 20:44:57.539 22143 22733 D CustomInterceptor: CACHED STATS: size = '100', maxSize = '100', hitCount = '186', createCount = '0', putCount = '133', evictionCount = '33', missCount = '154', toString = 'LruCache[maxSize=100,hits=186,misses=154,hitRate=54%]', 
08-03 20:44:57.539 22143 22733 D CustomInterceptor: PREFLIB GET REQUEST https://hacker-news.firebaseio.com/v0/item/23971016.json
08-03 20:44:57.539 22143 22733 D CustomInterceptor: PREFLIB found https://hacker-news.firebaseio.com/v0/item/23971016.json, sending it back
08-03 20:44:57.539 22143 22733 D CustomInterceptor: CONTENT {"by":"ghostcluster","id":23971016,"kids":[23971915,23971105,23973392,23971132,23975363,23972654,23972528,23972925,23971363,23976677,23974893,23974463,23971037,23972679,23973223,23972846,23972362,23971100,23971248],"parent":23970842,"text":"&gt; Ann Kelleher, a 24-year Intel veteran, will lead development of 7-nanometer and 5-nanometer chip technology processes. Last week, the company had said the smaller, faster 7-nanometer chipmaking technology was six months behind schedule and it <i>would have to rely more on outside chipmakers to keep its products competitive</i>.<p>I hope Intel keeps its US-based fabs and continues to upgrade them. It would be a mistake to cede this capacity to outsourcing like so much of our other manufacturing capacity. Interestingly, it seems the US is almost unique in our mass deindustrialization. Japan, Germany and South Korea have avoided this.","time":1595896565,"type":"comment"}
08-03 20:44:57.539 22143 22733 D CustomInterceptor: interceptor_finished : return_type #2 : request served from cache
08-03 20:44:57.549 22143 22705 D CustomInterceptor: NETWORK-PROVIDER https://hacker-news.firebaseio.com/v0/item/23972768.json
08-03 20:44:57.551 22143 22705 D CustomInterceptor: HEADER REQUEST
08-03 20:44:57.551 22143 22705 D CustomInterceptor: Cache-Control max-age=300, max-stale=300
08-03 20:44:57.551 22143 22705 D CustomInterceptor: CACHED STATS: size = '100', maxSize = '100', hitCount = '187', createCount = '0', putCount = '133', evictionCount = '33', missCount = '154', toString = 'LruCache[maxSize=100,hits=187,misses=154,hitRate=54%]', 
08-03 20:44:57.552 22143 22705 D CustomInterceptor: PREFLIB GET REQUEST https://hacker-news.firebaseio.com/v0/item/23972768.json
08-03 20:44:57.552 22143 22705 D CustomInterceptor: PREFLIB found https://hacker-news.firebaseio.com/v0/item/23972768.json, sending it back
08-03 20:44:57.552 22143 22705 D CustomInterceptor: CONTENT {"by":"headmelted","id":23972768,"kids":[23973005,23975937],"parent":23970842,"text":"&quot;Renduchintala was one of several key hires from outside Intel, which had been famous in Silicon Valley for developing and promoting talent from within. He was hired as part of a strategy to go after broader markets than the central processing units, or CPUs, the company became known for in the PC era.&quot;<p>I feel like this will go down in history as one of technology&#x27;s most expensive decisions (that&#x27;s not a knock on Renduchintala as much as it&#x27;s my own astonishment at Intel thinking they were safe as recently as 2015).<p>I&#x27;m also a bit saddened by this.  It confirms what we all suspected but what I secretly hoped wasn&#x27;t true.<p>Intel for over a decade coyly hinted they had aces up their sleeves that would already have been played if they faced more competition.  Graphene got kicked around in conversations for a while and then when that turned out to be a no go they talked about black phosphorus.<p>So after all that, aside from marginal tweaks and pretty meager die shrinks here and there, they were doing.. nothing?.. for <i>ten years</i>?","time":1595916380,"type":"comment"}
08-03 20:44:57.552 22143 22705 D CustomInterceptor: interceptor_finished : return_type #2 : request served from cache
08-03 20:44:57.562 22143 22741 D CustomInterceptor: NETWORK-PROVIDER https://hacker-news.firebaseio.com/v0/item/23971269.json
08-03 20:44:57.564 22143 22741 D CustomInterceptor: HEADER REQUEST
08-03 20:44:57.564 22143 22741 D CustomInterceptor: Cache-Control max-age=300, max-stale=300
08-03 20:44:57.564 22143 22741 D CustomInterceptor: CACHED STATS: size = '100', maxSize = '100', hitCount = '188', createCount = '0', putCount = '133', evictionCount = '33', missCount = '154', toString = 'LruCache[maxSize=100,hits=188,misses=154,hitRate=54%]', 
08-03 20:44:57.564 22143 22741 D CustomInterceptor: PREFLIB NOT A GET REQUEST OR NOT IN CACHEGET
08-03 20:44:57.575 22143 22254 D CustomInterceptor: NETWORK-PROVIDER https://hacker-news.firebaseio.com/v0/item/23971892.json
08-03 20:44:57.577 22143 22254 D CustomInterceptor: HEADER REQUEST
08-03 20:44:57.577 22143 22254 D CustomInterceptor: Cache-Control max-age=300, max-stale=300
08-03 20:44:57.577 22143 22254 D CustomInterceptor: CACHED STATS: size = '100', maxSize = '100', hitCount = '188', createCount = '0', putCount = '133', evictionCount = '33', missCount = '155', toString = 'LruCache[maxSize=100,hits=188,misses=155,hitRate=54%]', 
08-03 20:44:57.577 22143 22254 D CustomInterceptor: PREFLIB NOT A GET REQUEST OR NOT IN CACHEGET
08-03 20:44:57.591 22143 22751 D CustomInterceptor: NETWORK-PROVIDER https://hacker-news.firebaseio.com/v0/item/23971139.json
08-03 20:44:57.598 22143 22751 D CustomInterceptor: HEADER REQUEST
08-03 20:44:57.598 22143 22751 D CustomInterceptor: Cache-Control max-age=300, max-stale=300
08-03 20:44:57.598 22143 22751 D CustomInterceptor: CACHED STATS: size = '100', maxSize = '100', hitCount = '188', createCount = '0', putCount = '133', evictionCount = '33', missCount = '156', toString = 'LruCache[maxSize=100,hits=188,misses=156,hitRate=54%]', 
08-03 20:44:57.598 22143 22751 D CustomInterceptor: PREFLIB NOT A GET REQUEST OR NOT IN CACHEGET
08-03 20:44:57.611 22143 22698 D CustomInterceptor: NETWORK-PROVIDER https://hacker-news.firebaseio.com/v0/item/23972347.json
08-03 20:44:57.613 22143 22698 D CustomInterceptor: HEADER REQUEST
08-03 20:44:57.613 22143 22698 D CustomInterceptor: Cache-Control max-age=300, max-stale=300
08-03 20:44:57.613 22143 22698 D CustomInterceptor: CACHED STATS: size = '100', maxSize = '100', hitCount = '188', createCount = '0', putCount = '133', evictionCount = '33', missCount = '157', toString = 'LruCache[maxSize=100,hits=188,misses=157,hitRate=54%]', 
08-03 20:44:57.613 22143 22698 D CustomInterceptor: PREFLIB NOT A GET REQUEST OR NOT IN CACHEGET
08-03 20:44:57.626 22143 22248 D CustomInterceptor: NETWORK-PROVIDER https://hacker-news.firebaseio.com/v0/item/23976296.json
08-03 20:44:57.628 22143 22248 D CustomInterceptor: HEADER REQUEST
08-03 20:44:57.628 22143 22248 D CustomInterceptor: Cache-Control max-age=300, max-stale=300
08-03 20:44:57.628 22143 22248 D CustomInterceptor: CACHED STATS: size = '100', maxSize = '100', hitCount = '188', createCount = '0', putCount = '133', evictionCount = '33', missCount = '158', toString = 'LruCache[maxSize=100,hits=188,misses=158,hitRate=54%]', 
08-03 20:44:57.628 22143 22248 D CustomInterceptor: PREFLIB NOT A GET REQUEST OR NOT IN CACHEGET
08-03 20:44:57.642 22143 22249 D CustomInterceptor: NETWORK-PROVIDER https://hacker-news.firebaseio.com/v0/item/23974581.json
08-03 20:44:57.644 22143 22249 D CustomInterceptor: HEADER REQUEST
08-03 20:44:57.644 22143 22249 D CustomInterceptor: Cache-Control max-age=300, max-stale=300
08-03 20:44:57.644 22143 22249 D CustomInterceptor: CACHED STATS: size = '100', maxSize = '100', hitCount = '188', createCount = '0', putCount = '133', evictionCount = '33', missCount = '159', toString = 'LruCache[maxSize=100,hits=188,misses=159,hitRate=54%]', 
08-03 20:44:57.644 22143 22249 D CustomInterceptor: PREFLIB GET REQUEST https://hacker-news.firebaseio.com/v0/item/23974581.json
08-03 20:44:57.644 22143 22249 D CustomInterceptor: PREFLIB found https://hacker-news.firebaseio.com/v0/item/23974581.json, sending it back
08-03 20:44:57.644 22143 22249 D CustomInterceptor: CONTENT {"by":"elnik","id":23974581,"kids":[23974911],"parent":23970842,"text":"Nobody seems to want to talk about delays.<p>I work at a hard tech startup, and all I have been seeing are delays in launching our product. I keep seeing more work as work gets done. Much of our progress till date has been incremental. It came from either fixing bugs in sprints or unlocking new capabilities by solving hard problems.<p>I have never understood the point of timing work. Work takes as much &quot;time&quot; as it needs for getting done. It can&#x27;t be accurately estimated with out actually spending time actually working on it. Clarity seems to be the most critical piece for productivity for me. Drive that, and people just can&#x27;t help but work. Dealing with drudgery seems inevitable.<p>Add on top of this people&#x27;s incompetence or I should say unreadiness for situation, it irks the managers and people responsible for delivery. Delays cascade up. But I think most delays are due to unrealistic expectations of people higher up. Irony being the expectations set by the ones that are supposed to carry out the work.","time":1595935687,"type":"comment"}
08-03 20:44:57.644 22143 22249 D CustomInterceptor: interceptor_finished : return_type #2 : request served from cache
08-03 20:44:57.657 22143 22752 D CustomInterceptor: NETWORK-PROVIDER https://hacker-news.firebaseio.com/v0/item/23971375.json
08-03 20:44:57.659 22143 22752 D CustomInterceptor: HEADER REQUEST
08-03 20:44:57.659 22143 22752 D CustomInterceptor: Cache-Control max-age=300, max-stale=300
08-03 20:44:57.659 22143 22752 D CustomInterceptor: CACHED STATS: size = '100', maxSize = '100', hitCount = '189', createCount = '0', putCount = '133', evictionCount = '33', missCount = '159', toString = 'LruCache[maxSize=100,hits=189,misses=159,hitRate=54%]', 
08-03 20:44:57.659 22143 22752 D CustomInterceptor: PREFLIB GET REQUEST https://hacker-news.firebaseio.com/v0/item/23971375.json
08-03 20:44:57.659 22143 22752 D CustomInterceptor: PREFLIB found https://hacker-news.firebaseio.com/v0/item/23971375.json, sending it back
08-03 20:44:57.659 22143 22752 D CustomInterceptor: CONTENT {"by":"maxpert","id":23971375,"kids":[23971820,23971906,23971958],"parent":23970842,"text":"Apple moving away, AMD kick in, ARM taking dominance. I guess we are about to witness the fall (may be death) of another titan.","time":1595899972,"type":"comment"}
08-03 20:44:57.659 22143 22752 D CustomInterceptor: interceptor_finished : return_type #2 : request served from cache
08-03 20:44:57.670 22143 22703 D CustomInterceptor: NETWORK-PROVIDER https://hacker-news.firebaseio.com/v0/item/23971097.json
08-03 20:44:57.671 22143 22703 D CustomInterceptor: HEADER REQUEST
08-03 20:44:57.671 22143 22703 D CustomInterceptor: Cache-Control max-age=300, max-stale=300
08-03 20:44:57.671 22143 22703 D CustomInterceptor: CACHED STATS: size = '100', maxSize = '100', hitCount = '190', createCount = '0', putCount = '133', evictionCount = '33', missCount = '159', toString = 'LruCache[maxSize=100,hits=190,misses=159,hitRate=54%]', 
08-03 20:44:57.671 22143 22703 D CustomInterceptor: PREFLIB GET REQUEST https://hacker-news.firebaseio.com/v0/item/23971097.json
08-03 20:44:57.672 22143 22703 D CustomInterceptor: PREFLIB found https://hacker-news.firebaseio.com/v0/item/23971097.json, sending it back
