--------- beginning of main
08-05 02:20:09.005 23763 23763 I Finsky  : [1] zko.a(1): Clearing split related stale data.
08-05 02:20:09.081   918  3670 I AccountManagerService: getTypesVisibleToCaller: isPermitted? true
08-05 02:20:09.081 23763 26253 I Finsky  : [6137] eji.a(-1): Asset module storage cleared for package baseline.de.danoeh.antennapod.debug.
08-05 02:20:09.082 23763 23763 I Finsky  : [1] lzi.c(2): Frosting ID looked up on UI thread. Caller should move to a background thread.
--------- beginning of system
08-05 02:20:09.119   918   928 W ActivityManager: Unbind failed: could not find connection for android.os.BinderProxy@2b24d77
08-05 02:20:09.134 24577 24621 E GmsClient: unable to connect to service: com.google.android.gms.auth.key.retrieval.service.START on com.google.android.gms
08-05 02:20:09.147   918  4413 I AccountManagerService: getTypesVisibleToCaller: isPermitted? true
08-05 02:20:09.149 24577 26238 I ChromeSync: [Persistence,AffiliationManager] One of affiliation or grouping data for android://bz0hZa4nAJEtd0n5sRlXG7KAqctUMWVefv7Ki4mh1p6slZ9YO-n9gS9j8m9YCrsIyI2wIxrDHraumF9Y6pBLTA==@baseline.de.danoeh.antennapod.debug/ was not found. Marking affiliation data as stale...
08-05 02:20:09.219 23763 26245 I Finsky  : [6135] lyv.run(-1): Wrote row to frosting DB: 2602
08-05 02:20:09.237   918  3670 I AccountManagerService: getTypesVisibleToCaller: isPermitted? true
08-05 02:20:09.284 23763 26245 I Finsky  : [6135] lyv.run(-1): Wrote row to frosting DB: 2603
08-05 02:20:09.324 24577 13294 I Icing   : IndexChimeraService.getServiceInterface callingPackage=com.google.android.gms componentName=AppsCorpus serviceId=36
08-05 02:20:09.359 24577 23235 W Icing   : No valid account for uploading user actions
08-05 02:20:09.397 24577 13316 I Icing   : IndexChimeraService.getServiceInterface callingPackage=com.google.android.gms componentName=null serviceId=30
08-05 02:20:09.516 24577 23235 I Icing   : Usage reports ok 4, Failed Usage reports 0, indexed 0, rejected 0
08-05 02:20:09.519 24577 13316 I Icing   : IndexChimeraService.getServiceInterface callingPackage=com.google.android.gms componentName=null serviceId=36
08-05 02:20:09.519 24577 23235 W Icing   : No valid account for uploading user actions
08-05 02:20:09.528 24577 23235 I Icing   : Usage reports ok 0, Failed Usage reports 0, indexed 0, rejected 0
08-05 02:20:09.529 24577 23235 I Icing   : Indexing com.google.android.gms-internal.3p:MobileApplication from com.google.android.gms using seqno 763
08-05 02:20:09.550 24577 23235 W Icing   : No valid account for uploading user actions
08-05 02:20:09.562 24577 23235 I Icing   : Usage reports ok 0, Failed Usage reports 0, indexed 0, rejected 0
08-05 02:20:09.623 18832 18832 I ServiceManager: Waiting for service AtCmdFwd...
08-05 02:20:09.875 26269 26269 D AndroidRuntime: >>>>>> START com.android.internal.os.RuntimeInit uid 2000 <<<<<<
08-05 02:20:09.898 26269 26269 D AndroidRuntime: CheckJNI is OFF
08-05 02:20:09.943 26269 26269 D ICU     : No timezone override file found: /data/misc/zoneinfo/current/icu/icu_tzdata.dat
08-05 02:20:09.991 26269 26269 I Radio-JNI: register_android_hardware_Radio DONE
08-05 02:20:10.008 26269 26269 D AndroidRuntime: Calling main entry com.android.commands.monkey.Monkey
08-05 02:20:10.027   918   931 W BroadcastQueue: Skipping deliver [background] BroadcastRecord{7977862 u-1 android.net.conn.CONNECTIVITY_CHANGE} to ReceiverList{ff84df3 26269 (unknown name)/2000/u-1 remote:5ffae44}: process crashing
08-05 02:20:10.037   918  6112 I ActivityManager: START u0 {act=android.intent.action.MAIN cat=[android.intent.category.LAUNCHER] flg=0x10200000 cmp=baseline.de.danoeh.antennapod.debug/baseline.de.danoeh.antennapod.activity.SplashActivity} from uid 2000 on display 0
08-05 02:20:10.081 26278 26278 I art     : Late-enabling -Xcheck:jni
08-05 02:20:10.083   918  6110 I ActivityManager: Start proc 26278:baseline.de.danoeh.antennapod.debug/u0a691 for activity baseline.de.danoeh.antennapod.debug/baseline.de.danoeh.antennapod.activity.SplashActivity
08-05 02:20:10.096 26269 26269 I art     : System.exit called, status: 0
08-05 02:20:10.096 26269 26269 I AndroidRuntime: VM exiting with result code 0.
08-05 02:20:10.147   719   760 W SearchServiceCore: Abort, client detached.
08-05 02:20:10.148   719   760 I MicroDetectionState: Should stop hotword detection immediately - true
08-05 02:20:10.149   719 23718 I PBSessionCacheImpl: Deleted sessionId[3163792008073881] from persistence.
08-05 02:20:10.153 26278 26278 W System  : ClassLoader referenced unknown path: /data/app/baseline.de.danoeh.antennapod.debug-1/lib/arm64
08-05 02:20:10.172 26278 26278 D UserPreferences: Creating new instance of UserPreferences
08-05 02:20:10.174 26278 26278 D UserPreferences: Using default data folder
08-05 02:20:10.187 26278 26278 D UserPreferences: Import directory already exists
08-05 02:20:10.190 26278 26278 D UserPreferences: .nomedia file created
08-05 02:20:10.192 26278 26278 D UpdateManager: old: -1, current: 1070296
08-05 02:20:10.197 26278 26278 D SleepTimerPreferences: Creating new instance of SleepTimerPreferences
08-05 02:20:10.228 26278 26278 D SPAUtil : Sending SP_APPS_QUERY_FEEDS intent
08-05 02:20:10.273 26278 26278 W art     : Before Android 4.1, method android.graphics.PorterDuffColorFilter androidx.vectordrawable.graphics.drawable.VectorDrawableCompat.updateTintFilter(android.graphics.PorterDuffColorFilter, android.content.res.ColorStateList, android.graphics.PorterDuff$Mode) would have incorrectly overridden the package-private method in android.graphics.drawable.Drawable
08-05 02:20:10.321 26278 26278 I art     : Rejecting re-init on previously-failed class java.lang.Class<androidx.core.view.ViewCompat$2>
08-05 02:20:10.321 26278 26278 I art     : Rejecting re-init on previously-failed class java.lang.Class<androidx.core.view.ViewCompat$2>
08-05 02:20:10.349 26278 26299 D OpenGLRenderer: Use EGL_SWAP_BEHAVIOR_PRESERVED: true
08-05 02:20:10.386 26278 26299 I Adreno  : QUALCOMM build                   : fcf4852, I1af360237c
08-05 02:20:10.386 26278 26299 I Adreno  : Build Date                       : 09/23/15
08-05 02:20:10.386 26278 26299 I Adreno  : OpenGL ES Shader Compiler Version: XE031.05.13.02
08-05 02:20:10.386 26278 26299 I Adreno  : Local Branch                     : mybranch14465806
08-05 02:20:10.386 26278 26299 I Adreno  : Remote Branch                    : quic/LA.BF64.1.2.9_v2
08-05 02:20:10.386 26278 26299 I Adreno  : Remote Branch                    : NONE
08-05 02:20:10.386 26278 26299 I Adreno  : Reconstruct Branch               : NOTHING
08-05 02:20:10.391 26278 26299 I OpenGLRenderer: Initialized EGL, version 1.4
08-05 02:20:10.419   918  4400 I ActivityManager: START u0 {cmp=baseline.de.danoeh.antennapod.debug/baseline.de.danoeh.antennapod.activity.MainActivity} from uid 10691 on display 0
08-05 02:20:10.423 13866 13866 I GoogleInputMethodServic: GoogleInputMethodService.onFinishInput():3138 
08-05 02:20:10.424 13866 13866 I GoogleInputMethodServic: GoogleInputMethodService.onStartInput():1808 
08-05 02:20:10.519 24577 23235 I Icing   : Indexing com.google.android.gms-apps from com.google.android.gms
08-05 02:20:10.558 26278 26278 D UserPreferences: Using default data folder
08-05 02:20:10.574 24577 23235 I Icing   : Indexing done com.google.android.gms-apps
08-05 02:20:10.612 26278 26278 D MainActivity: getLastNavFragment() -> QueueFragment
08-05 02:20:10.613 26278 26278 D MainActivity: loadFragment(tag: QueueFragment, args: null)
08-05 02:20:10.616 26278 26278 D MainActivity: saveLastNavFragment(tag: QueueFragment)
08-05 02:20:10.616 26278 26278 D MainActivity: getLastNavFragment() -> QueueFragment
08-05 02:20:10.617 26278 26278 D UserPreferences: timeOfDay: []
08-05 02:20:10.619 26278 26278 D AutoUpdateManager: Restarting update alarm.
08-05 02:20:10.620 26278 26278 D AutoUpdateManager: Changed alarm to new interval 12 h
08-05 02:20:10.624 18832 18832 I ServiceManager: Waiting for service AtCmdFwd...
08-05 02:20:10.647 26278 26278 D UserPreferences: timeOfDay: []
08-05 02:20:10.647 26278 26278 D AutoUpdateManager: Restarting update alarm.
08-05 02:20:10.648 26278 26278 D AutoUpdateManager: Changed alarm to new interval 12 h
08-05 02:20:10.658 23763 23763 I Finsky  : [1] xmu.a(8): SCH: Jobs in database: 1-1337 3-199 3-200 12-1 24-77777777 26-1414141414 
08-05 02:20:10.661 23763 23763 I Finsky  : [1] xio.a(57): SCH: ConstraintMapping: 24-77777777,  -> L: 0ms, D: 67789860ms, C: false, I: true, N: 0
08-05 02:20:10.661 23763 23763 I Finsky  : [1] xio.a(57): SCH: ConstraintMapping: 1-1337, 12-1,  -> L: 13403ms, D: 27942251ms, C: false, I: false, N: 1
08-05 02:20:10.662 23763 23763 I Finsky  : [1] xio.a(57): SCH: ConstraintMapping: 3-199,  -> L: 0ms, D: 79382594ms, C: false, I: true, N: 2
08-05 02:20:10.662 23763 23763 I Finsky  : [1] xio.a(57): SCH: ConstraintMapping: 3-200,  -> L: 0ms, D: 79382699ms, C: true, I: true, N: 2
08-05 02:20:10.663 23763 23763 I Finsky  : [1] xio.a(57): SCH: ConstraintMapping: 26-1414141414,  -> L: 32579734ms, D: 33479734ms, C: false, I: false, N: 0
08-05 02:20:10.666 23763 26248 I Finsky  : [6136] gzn.a(-1): [ContentSync] finished, scheduled=true
08-05 02:20:10.679 23763 23763 I Finsky  : [1] xle.a(34): Cancelling existing jobscheduler jobs: 9006 9009 9005 9001 9002 9008 9007 9010 9004 9003 
08-05 02:20:10.679 23763 23763 I Finsky  : [1] xle.a(27): Scheduling job Id: 9000, L: 0, D: 67789860, C: false, I: true, N: 0
08-05 02:20:10.680 23763 23763 I Finsky  : [1] xle.a(27): Scheduling job Id: 9011, L: 13403, D: 27942251, C: false, I: false, N: 1
08-05 02:20:10.681 26278 26278 D ExternalPlayerFragment: Loading media info
08-05 02:20:10.682 26278 26278 D QueueFragment: loadItems()
08-05 02:20:10.682 23763 23763 I Finsky  : [1] xle.a(27): Scheduling job Id: 9012, L: 0, D: 79382594, C: false, I: true, N: 2
08-05 02:20:10.684 23763 23763 I Finsky  : [1] xle.a(27): Scheduling job Id: 9013, L: 0, D: 79382699, C: true, I: true, N: 2
08-05 02:20:10.685 23763 23763 I Finsky  : [1] xle.a(27): Scheduling job Id: 9014, L: 32579734, D: 33479734, C: false, I: false, N: 0
08-05 02:20:10.685 26278 26298 D DBReader: getQueue() called
08-05 02:20:10.685 26278 26298 D DBReader: getQueue()
08-05 02:20:10.686 23763 23763 I Finsky  : [1] xle.a(27): Scheduling job Id: 9015, L: 0, D: 67789860, C: false, I: true, N: 0
08-05 02:20:10.686 26278 26298 D DBReader: getFavoriteIDList() called
08-05 02:20:10.687 26278 26298 D DBReader: getQueueIDList() called
08-05 02:20:10.688 26278 26298 D DBReader: Extracting Feedlist
08-05 02:20:10.688 23763 23763 I Finsky  : [1] xle.a(27): Scheduling job Id: 9016, L: 13403, D: 27942251, C: false, I: false, N: 1
08-05 02:20:10.689 23763 23763 I Finsky  : [1] xle.a(27): Scheduling job Id: 9017, L: 0, D: 79382594, C: false, I: true, N: 2
08-05 02:20:10.689 26278 26278 V PlaybackController: initServiceNotRunning()
08-05 02:20:10.690 26278 26278 D ExternalPlayerFragment: Loading media info
08-05 02:20:10.690 23763 23763 I Finsky  : [1] xle.a(27): Scheduling job Id: 9018, L: 0, D: 79382699, C: true, I: true, N: 2
08-05 02:20:10.691 23763 23763 I Finsky  : [1] xle.a(27): Scheduling job Id: 9019, L: 32579734, D: 33479734, C: false, I: false, N: 0
08-05 02:20:10.692 26278 26278 D UserPreferences: Using default data folder
08-05 02:20:10.694 26278 26278 D AutoUpdateManager: last refresh: 443496 hours 20 minutes ago
08-05 02:20:10.695 26278 26298 D DBReader: getNavDrawerData() called with: 
08-05 02:20:10.699 26278 26298 D DBReader: getDownloadedItems() called
08-05 02:20:10.700 26278 26298 D DBReader: getFavoriteIDList() called
08-05 02:20:10.700 26278 26298 D DBReader: getQueueIDList() called
08-05 02:20:10.700 26278 26298 D DBReader: Extracting Feedlist
08-05 02:20:10.711   380   380 W SurfaceFlinger: couldn't log to binary event log: overflow.
08-05 02:20:10.756 26278 26278 D MainActivity: getLastNavFragment() -> QueueFragment
08-05 02:20:10.756 26278 26278 D MainActivity: handleNavIntent()
08-05 02:20:10.879   918   936 I ActivityManager: Displayed baseline.de.danoeh.antennapod.debug/baseline.de.danoeh.antennapod.activity.MainActivity: +358ms (total +834ms)
08-05 02:20:10.880 13866 13866 I GoogleInputMethodServic: GoogleInputMethodService.onFinishInput():3138 
08-05 02:20:10.880 13866 13866 I GoogleInputMethodServic: GoogleInputMethodService.onStartInput():1808 
08-05 02:20:10.910 29532 29532 W PathParser: Points are too far apart 4.030360828967057
08-05 02:20:10.911 29532 29532 W PathParser: Points are too far apart 4.030360538880159
08-05 02:20:10.928 29532 29532 W PathParser: Points are too far apart 4.030360828967057
08-05 02:20:10.928 29532 29532 W PathParser: Points are too far apart 4.030360538880159
08-05 02:20:10.944 29532 29532 W PathParser: Points are too far apart 4.030360828967057
08-05 02:20:10.944 29532 29532 W PathParser: Points are too far apart 4.030360538880159
08-05 02:20:10.961 29532 29532 W PathParser: Points are too far apart 4.030360828967057
08-05 02:20:10.962 29532 29532 W PathParser: Points are too far apart 4.030360538880159
08-05 02:20:10.978 29532 29532 W PathParser: Points are too far apart 4.030360828967057
08-05 02:20:10.978 29532 29532 W PathParser: Points are too far apart 4.030360538880159
08-05 02:20:10.995 29532 29532 W PathParser: Points are too far apart 4.030360828967057
08-05 02:20:10.996 29532 29532 W PathParser: Points are too far apart 4.030360538880159
08-05 02:20:11.013 29532 29532 W PathParser: Points are too far apart 4.030360828967057
08-05 02:20:11.013 29532 29532 W PathParser: Points are too far apart 4.030360538880159
08-05 02:20:11.030 29532 29532 W PathParser: Points are too far apart 4.030360828967057
08-05 02:20:11.030 29532 29532 W PathParser: Points are too far apart 4.030360538880159
08-05 02:20:11.626 18832 18832 I ServiceManager: Waiting for service AtCmdFwd...
08-05 02:20:11.709 26278 26324 D DBReader: Extracting Feedlist
08-05 02:20:11.711 26278 26324 D FlattrUtils: Retrieving access token
08-05 02:20:11.711 26278 26324 D FlattrUtils: No access token found
08-05 02:20:11.713 26278 26324 I art     : Rejecting re-init on previously-failed class java.lang.Class<androidx.core.app.JobIntentService$JobServiceEngineImpl>
08-05 02:20:11.713 26278 26324 I art     : Rejecting re-init on previously-failed class java.lang.Class<androidx.core.app.JobIntentService$JobServiceEngineImpl>
08-05 02:20:11.714 26278 26324 I art     : Rejecting re-init on previously-failed class java.lang.Class<androidx.core.app.SafeJobIntentService$SafeJobServiceEngineImpl>
08-05 02:20:11.714 26278 26324 I art     : Rejecting re-init on previously-failed class java.lang.Class<androidx.core.app.SafeJobIntentService$SafeJobServiceEngineImpl>
08-05 02:20:11.732 26321 26321 D AndroidRuntime: >>>>>> START com.android.internal.os.RuntimeInit uid 2000 <<<<<<
08-05 02:20:11.735 26321 26321 D AndroidRuntime: CheckJNI is OFF
08-05 02:20:11.761 26321 26321 D ICU     : No timezone override file found: /data/misc/zoneinfo/current/icu/icu_tzdata.dat
08-05 02:20:11.791 26321 26321 I Radio-JNI: register_android_hardware_Radio DONE
08-05 02:20:11.807 26321 26321 D AndroidRuntime: Calling main entry com.android.commands.am.Am
08-05 02:20:11.821 24044 24044 I Trepn   : Trepn 6.2s: Received intent: com.quicinc.trepn.start_profiling
08-05 02:20:11.980 24044 24044 W FileUtils: Failed to chmod(/storage/emulated/0/trepn/Trepn_2020.08.05_022011.db): android.system.ErrnoException: chmod failed: EPERM (Operation not permitted)
08-05 02:20:12.142 24044 24044 I Trepn   : Trepn 6.2s: Trepn has Started Profiling.
08-05 02:20:12.143   918  3188 I hubconnection: sensorhub said: 'set_bias 3: -6.0192, 0.0000, 0.0000'
08-05 02:20:12.143 26321 26321 D AndroidRuntime: Shutting down VM
08-05 02:20:12.166 13866 13866 I GoogleInputMethodServic: GoogleInputMethodService.onFinishInput():3138 
08-05 02:20:12.177 13866 13866 I GoogleInputMethodServic: GoogleInputMethodService.onStartInput():1808 
08-05 02:20:12.627 18832 18832 I ServiceManager: Waiting for service AtCmdFwd...
08-05 02:20:12.627 26278 26300 I art     : Starting a blocking GC Explicit
08-05 02:20:12.651 26278 26300 I art     : Explicit concurrent mark sweep GC freed 9960(1289KB) AllocSpace objects, 5(100KB) LOS objects, 40% free, 23MB/38MB, paused 197us total 22.847ms
08-05 02:20:12.660 26278 26300 I art     : Starting a blocking GC Explicit
08-05 02:20:12.673 26278 26300 I art     : Explicit concurrent mark sweep GC freed 3294(191KB) AllocSpace objects, 2(588KB) LOS objects, 40% free, 22MB/37MB, paused 147us total 13.001ms
08-05 02:20:12.679 26278 26300 I art     : Starting a blocking GC Explicit
08-05 02:20:12.691 26278 26300 I art     : Explicit concurrent mark sweep GC freed 3(96B) AllocSpace objects, 0(0B) LOS objects, 40% free, 22MB/37MB, paused 145us total 11.859ms
08-05 02:20:12.697 26278 26300 I art     : Starting a blocking GC Explicit
08-05 02:20:12.709 26278 26300 I art     : Explicit concurrent mark sweep GC freed 3(96B) AllocSpace objects, 0(0B) LOS objects, 40% free, 22MB/37MB, paused 145us total 11.870ms
08-05 02:20:12.714 26278 26300 I art     : Starting a blocking GC Explicit
08-05 02:20:12.726 26278 26300 I art     : Explicit concurrent mark sweep GC freed 3(96B) AllocSpace objects, 0(0B) LOS objects, 40% free, 22MB/37MB, paused 137us total 11.606ms
08-05 02:20:13.037 26278 26291 I art     : Starting a blocking GC Explicit
08-05 02:20:13.060 26278 26291 I art     : Explicit concurrent mark sweep GC freed 1371(82KB) AllocSpace objects, 1(20KB) LOS objects, 40% free, 22MB/37MB, paused 159us total 23.155ms
08-05 02:20:13.067 26278 26291 I art     : Starting a blocking GC Explicit
08-05 02:20:13.081 26278 26291 I art     : Explicit concurrent mark sweep GC freed 23(752B) AllocSpace objects, 0(0B) LOS objects, 40% free, 22MB/37MB, paused 154us total 13.391ms
08-05 02:20:13.087 26278 26291 I art     : Starting a blocking GC Explicit
08-05 02:20:13.100 26278 26291 I art     : Explicit concurrent mark sweep GC freed 3(96B) AllocSpace objects, 0(0B) LOS objects, 40% free, 22MB/37MB, paused 147us total 12.323ms
08-05 02:20:13.106 26278 26291 I art     : Starting a blocking GC Explicit
08-05 02:20:13.118 26278 26291 I art     : Explicit concurrent mark sweep GC freed 3(96B) AllocSpace objects, 0(0B) LOS objects, 40% free, 22MB/37MB, paused 156us total 12.190ms
08-05 02:20:13.124 26278 26291 I art     : Starting a blocking GC Explicit
08-05 02:20:13.136 26278 26291 I art     : Explicit concurrent mark sweep GC freed 3(96B) AllocSpace objects, 0(0B) LOS objects, 40% free, 22MB/37MB, paused 154us total 11.945ms
08-05 02:20:13.400 26278 26290 I art     : Starting a blocking GC Explicit
08-05 02:20:13.415 26278 26290 I art     : Explicit concurrent mark sweep GC freed 1386(80KB) AllocSpace objects, 1(20KB) LOS objects, 40% free, 22MB/37MB, paused 239us total 14.905ms
08-05 02:20:13.422 26278 26290 I art     : Starting a blocking GC Explicit
08-05 02:20:13.435 26278 26290 I art     : Explicit concurrent mark sweep GC freed 23(752B) AllocSpace objects, 0(0B) LOS objects, 40% free, 22MB/37MB, paused 167us total 12.843ms
08-05 02:20:13.441 26278 26290 I art     : Starting a blocking GC Explicit
08-05 02:20:13.454 26278 26290 I art     : Explicit concurrent mark sweep GC freed 3(96B) AllocSpace objects, 0(0B) LOS objects, 40% free, 22MB/37MB, paused 195us total 12.428ms
08-05 02:20:13.460 26278 26290 I art     : Starting a blocking GC Explicit
08-05 02:20:13.472 26278 26290 I art     : Explicit concurrent mark sweep GC freed 3(96B) AllocSpace objects, 0(0B) LOS objects, 40% free, 22MB/37MB, paused 137us total 11.458ms
08-05 02:20:13.478 26278 26290 I art     : Starting a blocking GC Explicit
08-05 02:20:13.489 26278 26290 I art     : Explicit concurrent mark sweep GC freed 3(96B) AllocSpace objects, 0(0B) LOS objects, 40% free, 22MB/37MB, paused 143us total 11.441ms
08-05 02:20:13.627 18832 18832 I ServiceManager: Waiting for service AtCmdFwd...
08-05 02:20:13.787 26278 26290 I art     : Starting a blocking GC Explicit
08-05 02:20:13.806 26278 26290 I art     : Explicit concurrent mark sweep GC freed 1366(80KB) AllocSpace objects, 1(20KB) LOS objects, 40% free, 22MB/37MB, paused 162us total 18.271ms
08-05 02:20:13.814 26278 26290 I art     : Starting a blocking GC Explicit
08-05 02:20:13.830 26278 26290 I art     : Explicit concurrent mark sweep GC freed 25(816B) AllocSpace objects, 0(0B) LOS objects, 40% free, 22MB/37MB, paused 391us total 16.116ms
08-05 02:20:13.838 26278 26290 I art     : Starting a blocking GC Explicit
08-05 02:20:13.850 26278 26290 I art     : Explicit concurrent mark sweep GC freed 6(192B) AllocSpace objects, 0(0B) LOS objects, 40% free, 22MB/37MB, paused 137us total 11.709ms
08-05 02:20:13.857 26278 26290 I art     : Starting a blocking GC Explicit
08-05 02:20:13.869 26278 26290 I art     : Explicit concurrent mark sweep GC freed 5(160B) AllocSpace objects, 0(0B) LOS objects, 40% free, 22MB/37MB, paused 143us total 12.212ms
08-05 02:20:13.875 26278 26290 I art     : Starting a blocking GC Explicit
08-05 02:20:13.887 26278 26290 I art     : Explicit concurrent mark sweep GC freed 6(192B) AllocSpace objects, 0(0B) LOS objects, 40% free, 22MB/37MB, paused 149us total 11.271ms
08-05 02:20:14.191 26278 26291 I art     : Starting a blocking GC Explicit
08-05 02:20:14.208 26278 26291 I art     : Explicit concurrent mark sweep GC freed 1370(80KB) AllocSpace objects, 1(20KB) LOS objects, 40% free, 22MB/37MB, paused 202us total 16.876ms
08-05 02:20:14.220 26278 26291 I art     : Starting a blocking GC Explicit
08-05 02:20:14.234 26278 26291 I art     : Explicit concurrent mark sweep GC freed 23(752B) AllocSpace objects, 0(0B) LOS objects, 40% free, 22MB/37MB, paused 153us total 14.618ms
08-05 02:20:14.241 26278 26291 I art     : Starting a blocking GC Explicit
08-05 02:20:14.253 26278 26291 I art     : Explicit concurrent mark sweep GC freed 3(96B) AllocSpace objects, 0(0B) LOS objects, 40% free, 22MB/37MB, paused 169us total 12.333ms
08-05 02:20:14.260 26278 26291 I art     : Starting a blocking GC Explicit
08-05 02:20:14.272 26278 26291 I art     : Explicit concurrent mark sweep GC freed 3(96B) AllocSpace objects, 0(0B) LOS objects, 40% free, 22MB/37MB, paused 143us total 12.350ms
08-05 02:20:14.278 26278 26291 I art     : Starting a blocking GC Explicit
08-05 02:20:14.290 26278 26291 I art     : Explicit concurrent mark sweep GC freed 3(96B) AllocSpace objects, 0(0B) LOS objects, 40% free, 22MB/37MB, paused 149us total 11.985ms
08-05 02:20:14.609 26278 26300 I art     : Starting a blocking GC Explicit
08-05 02:20:14.628 18832 18832 W Atfwd_Sendcmd: AtCmdFwd service not published, waiting... retryCnt : 3
08-05 02:20:14.630 26278 26300 I art     : Explicit concurrent mark sweep GC freed 1385(81KB) AllocSpace objects, 1(20KB) LOS objects, 40% free, 22MB/37MB, paused 200us total 20.090ms
08-05 02:20:14.641 26278 26300 I art     : Starting a blocking GC Explicit
08-05 02:20:14.654 26278 26300 I art     : Explicit concurrent mark sweep GC freed 23(752B) AllocSpace objects, 0(0B) LOS objects, 40% free, 22MB/37MB, paused 148us total 13.125ms
08-05 02:20:14.661 26278 26300 I art     : Starting a blocking GC Explicit
08-05 02:20:14.674 26278 26300 I art     : Explicit concurrent mark sweep GC freed 3(96B) AllocSpace objects, 0(0B) LOS objects, 40% free, 22MB/37MB, paused 153us total 13.088ms
08-05 02:20:14.680 26278 26300 I art     : Starting a blocking GC Explicit
08-05 02:20:14.693 26278 26300 I art     : Explicit concurrent mark sweep GC freed 3(96B) AllocSpace objects, 0(0B) LOS objects, 40% free, 22MB/37MB, paused 147us total 12.274ms
08-05 02:20:14.699 26278 26300 I art     : Starting a blocking GC Explicit
08-05 02:20:14.711 26278 26300 I art     : Explicit concurrent mark sweep GC freed 3(96B) AllocSpace objects, 0(0B) LOS objects, 40% free, 22MB/37MB, paused 142us total 12.319ms
08-05 02:20:14.851  2671  2865 E GoogleConversionReporter: Error sending ping
08-05 02:20:14.851  2671  2865 E GoogleConversionReporter: bljc: Exception in CronetUrlRequest: net::ERR_CONNECTION_CLOSED, ErrorCode=5, InternalErrorCode=-100, Retryable=true
08-05 02:20:14.851  2671  2865 E GoogleConversionReporter: 	at org.chromium.net.impl.CronetUrlRequest.onError(PG:55)
08-05 02:20:15.005 26278 26290 I art     : Starting a blocking GC Explicit
08-05 02:20:15.023 26278 26290 I art     : Explicit concurrent mark sweep GC freed 1360(81KB) AllocSpace objects, 1(20KB) LOS objects, 40% free, 22MB/37MB, paused 198us total 17.287ms
08-05 02:20:15.033 26278 26290 I art     : Starting a blocking GC Explicit
08-05 02:20:15.047 26278 26290 I art     : Explicit concurrent mark sweep GC freed 23(752B) AllocSpace objects, 0(0B) LOS objects, 40% free, 22MB/37MB, paused 230us total 13.234ms
08-05 02:20:15.053 26278 26290 I art     : Starting a blocking GC Explicit
08-05 02:20:15.066 26278 26290 I art     : Explicit concurrent mark sweep GC freed 3(96B) AllocSpace objects, 0(0B) LOS objects, 40% free, 22MB/37MB, paused 138us total 12.696ms
08-05 02:20:15.072 26278 26290 I art     : Starting a blocking GC Explicit
08-05 02:20:15.085 26278 26290 I art     : Explicit concurrent mark sweep GC freed 3(96B) AllocSpace objects, 0(0B) LOS objects, 40% free, 22MB/37MB, paused 133us total 12.690ms
08-05 02:20:15.091 26278 26290 I art     : Starting a blocking GC Explicit
08-05 02:20:15.104 26278 26290 I art     : Explicit concurrent mark sweep GC freed 3(96B) AllocSpace objects, 0(0B) LOS objects, 40% free, 22MB/37MB, paused 145us total 12.653ms
08-05 02:20:15.399 26278 26291 I art     : Starting a blocking GC Explicit
08-05 02:20:15.414 26278 26291 I art     : Explicit concurrent mark sweep GC freed 1386(82KB) AllocSpace objects, 1(20KB) LOS objects, 40% free, 22MB/37MB, paused 165us total 14.890ms
08-05 02:20:15.421 26278 26291 I art     : Starting a blocking GC Explicit
08-05 02:20:15.434 26278 26291 I art     : Explicit concurrent mark sweep GC freed 23(752B) AllocSpace objects, 0(0B) LOS objects, 40% free, 22MB/37MB, paused 153us total 13.435ms
08-05 02:20:15.441 26278 26291 I art     : Starting a blocking GC Explicit
08-05 02:20:15.454 26278 26291 I art     : Explicit concurrent mark sweep GC freed 3(96B) AllocSpace objects, 0(0B) LOS objects, 40% free, 22MB/37MB, paused 154us total 12.849ms
08-05 02:20:15.460 26278 26291 I art     : Starting a blocking GC Explicit
08-05 02:20:15.473 26278 26291 I art     : Explicit concurrent mark sweep GC freed 3(96B) AllocSpace objects, 0(0B) LOS objects, 40% free, 22MB/37MB, paused 149us total 12.619ms
08-05 02:20:15.479 26278 26291 I art     : Starting a blocking GC Explicit
08-05 02:20:15.492 26278 26291 I art     : Explicit concurrent mark sweep GC freed 3(96B) AllocSpace objects, 0(0B) LOS objects, 40% free, 22MB/37MB, paused 142us total 12.255ms
08-05 02:20:15.793 26278 26300 I art     : Starting a blocking GC Explicit
08-05 02:20:15.809 26278 26300 I art     : Explicit concurrent mark sweep GC freed 1358(79KB) AllocSpace objects, 1(20KB) LOS objects, 40% free, 22MB/37MB, paused 178us total 15.822ms
08-05 02:20:15.819 26278 26300 I art     : Starting a blocking GC Explicit
08-05 02:20:15.834 26278 26300 I art     : Explicit concurrent mark sweep GC freed 23(752B) AllocSpace objects, 0(0B) LOS objects, 40% free, 22MB/37MB, paused 150us total 14.975ms
08-05 02:20:15.841 26278 26300 I art     : Starting a blocking GC Explicit
08-05 02:20:15.853 26278 26300 I art     : Explicit concurrent mark sweep GC freed 3(96B) AllocSpace objects, 0(0B) LOS objects, 40% free, 22MB/37MB, paused 143us total 12.449ms
08-05 02:20:15.860 26278 26300 I art     : Starting a blocking GC Explicit
08-05 02:20:15.872 26278 26300 I art     : Explicit concurrent mark sweep GC freed 3(96B) AllocSpace objects, 0(0B) LOS objects, 40% free, 22MB/37MB, paused 144us total 12.533ms
08-05 02:20:15.878 26278 26300 I art     : Starting a blocking GC Explicit
08-05 02:20:15.891 26278 26300 I art     : Explicit concurrent mark sweep GC freed 3(96B) AllocSpace objects, 0(0B) LOS objects, 40% free, 22MB/37MB, paused 149us total 12.245ms
08-05 02:20:16.148 26278 26290 I art     : Starting a blocking GC Explicit
08-05 02:20:16.162 26278 26290 I art     : Explicit concurrent mark sweep GC freed 1358(79KB) AllocSpace objects, 1(20KB) LOS objects, 40% free, 22MB/37MB, paused 171us total 14.237ms
08-05 02:20:16.169 26278 26290 I art     : Starting a blocking GC Explicit
08-05 02:20:16.182 26278 26290 I art     : Explicit concurrent mark sweep GC freed 23(752B) AllocSpace objects, 0(0B) LOS objects, 40% free, 22MB/37MB, paused 141us total 12.830ms
08-05 02:20:16.189 26278 26290 I art     : Starting a blocking GC Explicit
08-05 02:20:16.201 26278 26290 I art     : Explicit concurrent mark sweep GC freed 3(96B) AllocSpace objects, 0(0B) LOS objects, 40% free, 22MB/37MB, paused 138us total 12.156ms
08-05 02:20:16.207 26278 26290 I art     : Starting a blocking GC Explicit
08-05 02:20:16.219 26278 26290 I art     : Explicit concurrent mark sweep GC freed 3(96B) AllocSpace objects, 0(0B) LOS objects, 40% free, 22MB/37MB, paused 139us total 12.171ms
08-05 02:20:16.225 26278 26290 I art     : Starting a blocking GC Explicit
08-05 02:20:16.238 26278 26290 I art     : Explicit concurrent mark sweep GC freed 3(96B) AllocSpace objects, 0(0B) LOS objects, 40% free, 22MB/37MB, paused 137us total 12.175ms
08-05 02:20:16.540 26278 26291 I art     : Starting a blocking GC Explicit
08-05 02:20:16.559 26278 26291 I art     : Explicit concurrent mark sweep GC freed 1384(80KB) AllocSpace objects, 1(20KB) LOS objects, 40% free, 22MB/37MB, paused 150us total 18.532ms
08-05 02:20:16.565 26278 26291 I art     : Starting a blocking GC Explicit
08-05 02:20:16.579 26278 26291 I art     : Explicit concurrent mark sweep GC freed 23(752B) AllocSpace objects, 0(0B) LOS objects, 40% free, 22MB/37MB, paused 150us total 13.586ms
08-05 02:20:16.585 26278 26291 I art     : Starting a blocking GC Explicit
08-05 02:20:16.598 26278 26291 I art     : Explicit concurrent mark sweep GC freed 3(96B) AllocSpace objects, 0(0B) LOS objects, 40% free, 22MB/37MB, paused 145us total 12.333ms
08-05 02:20:16.604 26278 26291 I art     : Starting a blocking GC Explicit
08-05 02:20:16.616 26278 26291 I art     : Explicit concurrent mark sweep GC freed 3(96B) AllocSpace objects, 0(0B) LOS objects, 40% free, 22MB/37MB, paused 148us total 12.364ms
08-05 02:20:16.622 26278 26291 I art     : Starting a blocking GC Explicit
08-05 02:20:16.635 26278 26291 I art     : Explicit concurrent mark sweep GC freed 3(96B) AllocSpace objects, 0(0B) LOS objects, 40% free, 22MB/37MB, paused 148us total 12.319ms
08-05 02:20:16.908 26278 26300 I art     : Starting a blocking GC Explicit
08-05 02:20:16.922 26278 26300 I art     : Explicit concurrent mark sweep GC freed 1358(79KB) AllocSpace objects, 1(20KB) LOS objects, 40% free, 22MB/37MB, paused 152us total 13.647ms
08-05 02:20:16.929 26278 26300 I art     : Starting a blocking GC Explicit
08-05 02:20:16.942 26278 26300 I art     : Explicit concurrent mark sweep GC freed 23(752B) AllocSpace objects, 0(0B) LOS objects, 40% free, 22MB/37MB, paused 177us total 12.533ms
08-05 02:20:16.948 26278 26300 I art     : Starting a blocking GC Explicit
08-05 02:20:16.960 26278 26300 I art     : Explicit concurrent mark sweep GC freed 3(96B) AllocSpace objects, 0(0B) LOS objects, 40% free, 22MB/37MB, paused 146us total 11.448ms
08-05 02:20:16.966 26278 26300 I art     : Starting a blocking GC Explicit
08-05 02:20:16.977 26278 26300 I art     : Explicit concurrent mark sweep GC freed 3(96B) AllocSpace objects, 0(0B) LOS objects, 40% free, 22MB/37MB, paused 198us total 10.887ms
08-05 02:20:16.982 26278 26300 I art     : Starting a blocking GC Explicit
08-05 02:20:16.994 26278 26300 I art     : Explicit concurrent mark sweep GC freed 3(96B) AllocSpace objects, 0(0B) LOS objects, 40% free, 22MB/37MB, paused 140us total 11.265ms
08-05 02:20:17.265 26278 26290 I art     : Starting a blocking GC Explicit
08-05 02:20:17.278 26278 26290 I art     : Explicit concurrent mark sweep GC freed 1357(79KB) AllocSpace objects, 1(20KB) LOS objects, 40% free, 22MB/37MB, paused 157us total 13.084ms
08-05 02:20:17.285 26278 26290 I art     : Starting a blocking GC Explicit
08-05 02:20:17.298 26278 26290 I art     : Explicit concurrent mark sweep GC freed 23(752B) AllocSpace objects, 0(0B) LOS objects, 40% free, 22MB/37MB, paused 411us total 13.070ms
08-05 02:20:17.304 26278 26290 I art     : Starting a blocking GC Explicit
08-05 02:20:17.316 26278 26290 I art     : Explicit concurrent mark sweep GC freed 3(96B) AllocSpace objects, 0(0B) LOS objects, 40% free, 22MB/37MB, paused 156us total 12.210ms
08-05 02:20:17.322 26278 26290 I art     : Starting a blocking GC Explicit
08-05 02:20:17.323 26476 26476 D AndroidRuntime: >>>>>> START com.android.internal.os.RuntimeInit uid 2000 <<<<<<
08-05 02:20:17.327 26476 26476 D AndroidRuntime: CheckJNI is OFF
08-05 02:20:17.335 26278 26290 I art     : Explicit concurrent mark sweep GC freed 3(96B) AllocSpace objects, 0(0B) LOS objects, 40% free, 22MB/37MB, paused 141us total 12.276ms
08-05 02:20:17.341 26278 26290 I art     : Starting a blocking GC Explicit
08-05 02:20:17.352 26278 26290 I art     : Explicit concurrent mark sweep GC freed 30(832B) AllocSpace objects, 0(0B) LOS objects, 40% free, 22MB/37MB, paused 146us total 11.201ms
08-05 02:20:17.354 26476 26476 D ICU     : No timezone override file found: /data/misc/zoneinfo/current/icu/icu_tzdata.dat
08-05 02:20:17.377 26476 26476 I Radio-JNI: register_android_hardware_Radio DONE
08-05 02:20:17.393 26476 26476 D AndroidRuntime: Calling main entry com.android.commands.input.Input
08-05 02:20:17.395 26476 26476 I Input   : injectMotionEvent: MotionEvent { action=ACTION_DOWN, actionButton=0, id[0]=0, x[0]=1233.0, y[0]=1274.0, toolType[0]=TOOL_TYPE_UNKNOWN, buttonState=0, metaState=0, flags=0x0, edgeFlags=0x0, pointerCount=1, historySize=0, eventTime=757233808, downTime=757233808, deviceId=0, source=0x1002 }
08-05 02:20:17.400 26476 26476 I Input   : injectMotionEvent: MotionEvent { action=ACTION_UP, actionButton=0, id[0]=0, x[0]=1233.0, y[0]=1274.0, toolType[0]=TOOL_TYPE_UNKNOWN, buttonState=0, metaState=0, flags=0x0, edgeFlags=0x0, pointerCount=1, historySize=0, eventTime=757233808, downTime=757233808, deviceId=0, source=0x1002 }
08-05 02:20:17.402 26476 26476 D AndroidRuntime: Shutting down VM
08-05 02:20:17.584 26278 26290 I art     : Starting a blocking GC Explicit
08-05 02:20:17.599 26278 26290 I art     : Explicit concurrent mark sweep GC freed 1360(79KB) AllocSpace objects, 1(20KB) LOS objects, 40% free, 22MB/37MB, paused 161us total 15.119ms
08-05 02:20:17.606 26278 26290 I art     : Starting a blocking GC Explicit
08-05 02:20:17.621 26278 26290 I art     : Explicit concurrent mark sweep GC freed 23(752B) AllocSpace objects, 0(0B) LOS objects, 40% free, 22MB/37MB, paused 184us total 14.163ms
08-05 02:20:17.628 26278 26290 I art     : Starting a blocking GC Explicit
08-05 02:20:17.642 26278 26290 I art     : Explicit concurrent mark sweep GC freed 3(96B) AllocSpace objects, 0(0B) LOS objects, 40% free, 22MB/37MB, paused 152us total 13.510ms
08-05 02:20:17.648 26278 26290 I art     : Starting a blocking GC Explicit
08-05 02:20:17.661 26278 26290 I art     : Explicit concurrent mark sweep GC freed 3(96B) AllocSpace objects, 0(0B) LOS objects, 40% free, 22MB/37MB, paused 150us total 12.989ms
08-05 02:20:17.667 26278 26290 I art     : Starting a blocking GC Explicit
08-05 02:20:17.680 26278 26290 I art     : Explicit concurrent mark sweep GC freed 3(96B) AllocSpace objects, 0(0B) LOS objects, 40% free, 22MB/37MB, paused 146us total 12.166ms
08-05 02:20:17.841 13866 13866 I GoogleInputMethodServic: GoogleInputMethodService.onFinishInput():3138 
08-05 02:20:17.842 13866 13866 I GoogleInputMethodServic: GoogleInputMethodService.onStartInput():1808 
08-05 02:20:17.928 26278 26291 I art     : Starting a blocking GC Explicit
08-05 02:20:17.945 26278 26291 I art     : Explicit concurrent mark sweep GC freed 1455(83KB) AllocSpace objects, 1(20KB) LOS objects, 40% free, 22MB/37MB, paused 196us total 16.650ms
08-05 02:20:17.953 26278 26291 I art     : Starting a blocking GC Explicit
08-05 02:20:17.967 26278 26291 I art     : Explicit concurrent mark sweep GC freed 31(1200B) AllocSpace objects, 0(0B) LOS objects, 40% free, 22MB/37MB, paused 174us total 14.174ms
08-05 02:20:17.973 26278 26291 I art     : Starting a blocking GC Explicit
08-05 02:20:17.987 26278 26291 I art     : Explicit concurrent mark sweep GC freed 3(96B) AllocSpace objects, 0(0B) LOS objects, 40% free, 22MB/37MB, paused 201us total 12.986ms
08-05 02:20:17.993 26278 26291 I art     : Starting a blocking GC Explicit
08-05 02:20:18.006 26278 26291 I art     : Explicit concurrent mark sweep GC freed 3(96B) AllocSpace objects, 0(0B) LOS objects, 40% free, 22MB/37MB, paused 147us total 12.596ms
08-05 02:20:18.012 26278 26291 I art     : Starting a blocking GC Explicit
08-05 02:20:18.024 26278 26291 I art     : Explicit concurrent mark sweep GC freed 3(96B) AllocSpace objects, 0(0B) LOS objects, 40% free, 22MB/37MB, paused 149us total 12.325ms
08-05 02:20:18.275   918  3261 D WifiStateMachine: starting scan for "H369AA63323"WPA_PSK with 2412,5180
08-05 02:20:18.293 26278 26290 I art     : Starting a blocking GC Explicit
08-05 02:20:18.309 26278 26290 I art     : Explicit concurrent mark sweep GC freed 1358(79KB) AllocSpace objects, 1(20KB) LOS objects, 40% free, 22MB/37MB, paused 174us total 16.301ms
08-05 02:20:18.320 26278 26290 I art     : Starting a blocking GC Explicit
08-05 02:20:18.336 26278 26290 I art     : Explicit concurrent mark sweep GC freed 23(752B) AllocSpace objects, 0(0B) LOS objects, 40% free, 22MB/37MB, paused 147us total 16.238ms
08-05 02:20:18.344 26278 26290 I art     : Starting a blocking GC Explicit
08-05 02:20:18.357 26278 26290 I art     : Explicit concurrent mark sweep GC freed 30(832B) AllocSpace objects, 0(0B) LOS objects, 40% free, 22MB/37MB, paused 165us total 12.653ms
08-05 02:20:18.364 26278 26290 I art     : Starting a blocking GC Explicit
08-05 02:20:18.377 26278 26290 I art     : Explicit concurrent mark sweep GC freed 3(96B) AllocSpace objects, 0(0B) LOS objects, 40% free, 22MB/37MB, paused 137us total 13.361ms
08-05 02:20:18.383 26278 26290 I art     : Starting a blocking GC Explicit
08-05 02:20:18.396 26278 26290 I art     : Explicit concurrent mark sweep GC freed 3(96B) AllocSpace objects, 0(0B) LOS objects, 40% free, 22MB/37MB, paused 148us total 12.332ms
08-05 02:20:18.680 26278 26300 I art     : Starting a blocking GC Explicit
08-05 02:20:18.695 26278 26300 I art     : Explicit concurrent mark sweep GC freed 1357(79KB) AllocSpace objects, 1(20KB) LOS objects, 40% free, 22MB/37MB, paused 194us total 15.175ms
08-05 02:20:18.702 26278 26300 I art     : Starting a blocking GC Explicit
08-05 02:20:18.715 26278 26300 I art     : Explicit concurrent mark sweep GC freed 23(752B) AllocSpace objects, 0(0B) LOS objects, 40% free, 22MB/37MB, paused 161us total 12.721ms
08-05 02:20:18.722 26278 26300 I art     : Starting a blocking GC Explicit
08-05 02:20:18.734 26278 26300 I art     : Explicit concurrent mark sweep GC freed 3(96B) AllocSpace objects, 0(0B) LOS objects, 40% free, 22MB/37MB, paused 164us total 12.051ms
08-05 02:20:18.740 26278 26300 I art     : Starting a blocking GC Explicit
08-05 02:20:18.751 26278 26300 I art     : Explicit concurrent mark sweep GC freed 3(96B) AllocSpace objects, 0(0B) LOS objects, 40% free, 22MB/37MB, paused 139us total 11.367ms
08-05 02:20:18.757 26278 26300 I art     : Starting a blocking GC Explicit
08-05 02:20:18.768 26278 26300 I art     : Explicit concurrent mark sweep GC freed 3(96B) AllocSpace objects, 0(0B) LOS objects, 40% free, 22MB/37MB, paused 148us total 11.175ms
08-05 02:20:18.967 26541 26541 D AndroidRuntime: >>>>>> START com.android.internal.os.RuntimeInit uid 2000 <<<<<<
08-05 02:20:18.971 26541 26541 D AndroidRuntime: CheckJNI is OFF
08-05 02:20:18.998 26541 26541 D ICU     : No timezone override file found: /data/misc/zoneinfo/current/icu/icu_tzdata.dat
08-05 02:20:19.007 26278 26291 I art     : Starting a blocking GC Explicit
08-05 02:20:19.019 26278 26291 I art     : Explicit concurrent mark sweep GC freed 1357(79KB) AllocSpace objects, 1(20KB) LOS objects, 40% free, 22MB/37MB, paused 168us total 12.701ms
08-05 02:20:19.024 26541 26541 I Radio-JNI: register_android_hardware_Radio DONE
08-05 02:20:19.026 26278 26291 I art     : Starting a blocking GC Explicit
08-05 02:20:19.039 26278 26291 I art     : Explicit concurrent mark sweep GC freed 23(752B) AllocSpace objects, 0(0B) LOS objects, 40% free, 22MB/37MB, paused 188us total 13.061ms
08-05 02:20:19.042 26541 26541 D AndroidRuntime: Calling main entry com.android.commands.input.Input
08-05 02:20:19.043 26541 26541 I Input   : injectMotionEvent: MotionEvent { action=ACTION_DOWN, actionButton=0, id[0]=0, x[0]=103.0, y[0]=192.0, toolType[0]=TOOL_TYPE_UNKNOWN, buttonState=0, metaState=0, flags=0x0, edgeFlags=0x0, pointerCount=1, historySize=0, eventTime=757235456, downTime=757235456, deviceId=0, source=0x1002 }
08-05 02:20:19.045 26278 26291 I art     : Starting a blocking GC Explicit
08-05 02:20:19.048 26541 26541 I Input   : injectMotionEvent: MotionEvent { action=ACTION_UP, actionButton=0, id[0]=0, x[0]=103.0, y[0]=192.0, toolType[0]=TOOL_TYPE_UNKNOWN, buttonState=0, metaState=0, flags=0x0, edgeFlags=0x0, pointerCount=1, historySize=0, eventTime=757235456, downTime=757235456, deviceId=0, source=0x1002 }
08-05 02:20:19.050 26541 26541 D AndroidRuntime: Shutting down VM
08-05 02:20:19.055   512  2967 D audio_hw_primary: out_set_parameters: enter: usecase(1: low-latency-playback) kvpairs: routing=2
08-05 02:20:19.058 26278 26291 I art     : Explicit concurrent mark sweep GC freed 33(1024B) AllocSpace objects, 0(0B) LOS objects, 40% free, 22MB/37MB, paused 161us total 12.786ms
08-05 02:20:19.066 26278 26291 I art     : Starting a blocking GC Explicit
08-05 02:20:19.067   512  2967 D audio_hw_primary: select_devices: out_snd_device(2: speaker) in_snd_device(0: none)
08-05 02:20:19.068   512  2967 D msm8974_platform: platform_send_audio_calibration: sending audio calibration for snd_device(2) acdb_id(15)
08-05 02:20:19.068   512  2967 I soundtrigger: audio_extn_sound_trigger_update_device_status: device 0x2 of type 0 for Event 1
08-05 02:20:19.079 26278 26291 I art     : Explicit concurrent mark sweep GC freed 34(1088B) AllocSpace objects, 0(0B) LOS objects, 40% free, 22MB/37MB, paused 147us total 12.348ms
08-05 02:20:19.080   512  2967 D audio_hw_primary: enable_snd_device: snd_device(2: speaker)
08-05 02:20:19.082   512  2967 D audio_hw_primary: enable_audio_route: apply and update mixer path: low-latency-playback speaker
08-05 02:20:19.085 26278 26291 I art     : Starting a blocking GC Explicit
08-05 02:20:19.091 13866 13866 I GoogleInputMethodServic: GoogleInputMethodService.onFinishInput():3138 
08-05 02:20:19.092 13866 13866 I GoogleInputMethodServic: GoogleInputMethodService.onStartInput():1808 
08-05 02:20:19.097 26278 26291 I art     : Explicit concurrent mark sweep GC freed 69(2864B) AllocSpace objects, 0(0B) LOS objects, 40% free, 22MB/37MB, paused 187us total 12.055ms
08-05 02:20:19.335 26278 26290 I art     : Starting a blocking GC Explicit
08-05 02:20:19.348 26278 26290 I art     : Explicit concurrent mark sweep GC freed 1774(100KB) AllocSpace objects, 1(20KB) LOS objects, 40% free, 22MB/37MB, paused 161us total 12.716ms
08-05 02:20:19.354 26278 26290 I art     : Starting a blocking GC Explicit
08-05 02:20:19.367 26278 26290 I art     : Explicit concurrent mark sweep GC freed 29(1104B) AllocSpace objects, 0(0B) LOS objects, 40% free, 22MB/37MB, paused 155us total 12.514ms
08-05 02:20:19.373 26278 26290 I art     : Starting a blocking GC Explicit
08-05 02:20:19.385 26278 26290 I art     : Explicit concurrent mark sweep GC freed 3(96B) AllocSpace objects, 0(0B) LOS objects, 40% free, 22MB/37MB, paused 225us total 12.414ms
08-05 02:20:19.391 26278 26290 I art     : Starting a blocking GC Explicit
08-05 02:20:19.404 26278 26290 I art     : Explicit concurrent mark sweep GC freed 3(96B) AllocSpace objects, 0(0B) LOS objects, 40% free, 22MB/37MB, paused 137us total 12.146ms
08-05 02:20:19.410 26278 26290 I art     : Starting a blocking GC Explicit
08-05 02:20:19.422 26278 26290 I art     : Explicit concurrent mark sweep GC freed 9(288B) AllocSpace objects, 0(0B) LOS objects, 40% free, 22MB/37MB, paused 140us total 11.646ms
08-05 02:20:19.602 26570 26570 D AndroidRuntime: >>>>>> START com.android.internal.os.RuntimeInit uid 2000 <<<<<<
08-05 02:20:19.607 26570 26570 D AndroidRuntime: CheckJNI is OFF
08-05 02:20:19.622   512  2967 D audio_hw_primary: disable_audio_route: reset and update mixer path: low-latency-playback speaker
08-05 02:20:19.625   512  2967 D audio_hw_primary: disable_snd_device: snd_device(2: speaker)
08-05 02:20:19.630 26570 26570 D ICU     : No timezone override file found: /data/misc/zoneinfo/current/icu/icu_tzdata.dat
08-05 02:20:19.632   512  2967 I soundtrigger: audio_extn_sound_trigger_update_device_status: device 0x2 of type 0 for Event 0
08-05 02:20:19.654 26570 26570 I Radio-JNI: register_android_hardware_Radio DONE
08-05 02:20:19.670 26570 26570 D AndroidRuntime: Calling main entry com.android.commands.input.Input
08-05 02:20:19.671 26570 26570 I Input   : injectMotionEvent: MotionEvent { action=ACTION_DOWN, actionButton=0, id[0]=0, x[0]=324.0, y[0]=2298.0, toolType[0]=TOOL_TYPE_UNKNOWN, buttonState=0, metaState=0, flags=0x0, edgeFlags=0x0, pointerCount=1, historySize=0, eventTime=757236084, downTime=757236084, deviceId=0, source=0x1002 }
08-05 02:20:19.675 26570 26570 I Input   : injectMotionEvent: MotionEvent { action=ACTION_UP, actionButton=0, id[0]=0, x[0]=324.0, y[0]=2298.0, toolType[0]=TOOL_TYPE_UNKNOWN, buttonState=0, metaState=0, flags=0x0, edgeFlags=0x0, pointerCount=1, historySize=0, eventTime=757236084, downTime=757236084, deviceId=0, source=0x1002 }
08-05 02:20:19.676 26278 26290 I art     : Starting a blocking GC Explicit
08-05 02:20:19.677 26570 26570 D AndroidRuntime: Shutting down VM
08-05 02:20:19.688   512  2967 D audio_hw_primary: out_set_parameters: enter: usecase(1: low-latency-playback) kvpairs: routing=2
08-05 02:20:19.690 26278 26290 I art     : Explicit concurrent mark sweep GC freed 1371(84KB) AllocSpace objects, 1(20KB) LOS objects, 40% free, 22MB/37MB, paused 263us total 14.525ms
08-05 02:20:19.690   918  4400 I ActivityManager: START u0 {cmp=baseline.de.danoeh.antennapod.debug/baseline.de.danoeh.antennapod.activity.PreferenceActivity} from uid 10691 on display 0
08-05 02:20:19.696 26278 26290 I art     : Starting a blocking GC Explicit
08-05 02:20:19.701   512  2967 D audio_hw_primary: select_devices: out_snd_device(2: speaker) in_snd_device(0: none)
08-05 02:20:19.701   512  2967 D msm8974_platform: platform_send_audio_calibration: sending audio calibration for snd_device(2) acdb_id(15)
08-05 02:20:19.701   512  2967 I soundtrigger: audio_extn_sound_trigger_update_device_status: device 0x2 of type 0 for Event 1
08-05 02:20:19.709 26278 26290 I art     : Explicit concurrent mark sweep GC freed 76(20KB) AllocSpace objects, 1(20KB) LOS objects, 40% free, 22MB/37MB, paused 217us total 12.962ms
08-05 02:20:19.712   512  2967 D audio_hw_primary: enable_snd_device: snd_device(2: speaker)
08-05 02:20:19.714   512  2967 D audio_hw_primary: enable_audio_route: apply and update mixer path: low-latency-playback speaker
08-05 02:20:19.716 26278 26290 I art     : Starting a blocking GC Explicit
08-05 02:20:19.731 26278 26290 I art     : Explicit concurrent mark sweep GC freed 477(47KB) AllocSpace objects, 0(0B) LOS objects, 40% free, 22MB/37MB, paused 417us total 14.504ms
08-05 02:20:19.738 26278 26290 I art     : Starting a blocking GC Explicit
08-05 02:20:19.752 26278 26290 I art     : Explicit concurrent mark sweep GC freed 685(116KB) AllocSpace objects, 0(0B) LOS objects, 40% free, 22MB/37MB, paused 757us total 13.509ms
08-05 02:20:19.756   512  2967 D AudioFlinger: mixer(0xf4740000) throttle end: throttle time(12)
08-05 02:20:19.757 26278 26290 I art     : Starting a blocking GC Explicit
08-05 02:20:19.771 26278 26290 I art     : Explicit concurrent mark sweep GC freed 269(30KB) AllocSpace objects, 0(0B) LOS objects, 40% free, 22MB/37MB, paused 161us total 13.094ms
08-05 02:20:19.940 13866 13866 I GoogleInputMethodServic: GoogleInputMethodService.onFinishInput():3138 
08-05 02:20:19.940   918   936 I ActivityManager: Displayed baseline.de.danoeh.antennapod.debug/baseline.de.danoeh.antennapod.activity.PreferenceActivity: +228ms
08-05 02:20:19.947 13866 13866 I GoogleInputMethodServic: GoogleInputMethodService.onStartInput():1808 
08-05 02:20:19.977 26278 26299 D OpenGLRenderer: endAllStagingAnimators on 0x7f7f35d800 (RippleDrawable) with handle 0x7f94b82560
08-05 02:20:20.001 26278 26300 I art     : Starting a blocking GC Explicit
08-05 02:20:20.015 26278 26300 I art     : Explicit concurrent mark sweep GC freed 3373(243KB) AllocSpace objects, 1(20KB) LOS objects, 40% free, 23MB/39MB, paused 141us total 13.880ms
08-05 02:20:20.021 26278 26300 I art     : Starting a blocking GC Explicit
08-05 02:20:20.035 26278 26300 I art     : Explicit concurrent mark sweep GC freed 223(10KB) AllocSpace objects, 0(0B) LOS objects, 40% free, 23MB/38MB, paused 138us total 13ms
08-05 02:20:20.042 26278 26300 I art     : Starting a blocking GC Explicit
08-05 02:20:20.057 26278 26300 I art     : Explicit concurrent mark sweep GC freed 3(96B) AllocSpace objects, 0(0B) LOS objects, 40% free, 23MB/38MB, paused 151us total 14.765ms
08-05 02:20:20.064 26278 26300 I art     : Starting a blocking GC Explicit
08-05 02:20:20.078 26278 26300 I art     : Explicit concurrent mark sweep GC freed 3(96B) AllocSpace objects, 0(0B) LOS objects, 40% free, 23MB/38MB, paused 142us total 14.734ms
08-05 02:20:20.085 26278 26300 I art     : Starting a blocking GC Explicit
08-05 02:20:20.099 26278 26300 I art     : Explicit concurrent mark sweep GC freed 3(96B) AllocSpace objects, 0(0B) LOS objects, 40% free, 23MB/38MB, paused 148us total 14.105ms
08-05 02:20:20.187   380   380 W SurfaceFlinger: couldn't log to binary event log: overflow.
08-05 02:20:20.238   512  2967 D audio_hw_primary: disable_audio_route: reset and update mixer path: low-latency-playback speaker
08-05 02:20:20.239   512  2967 D audio_hw_primary: disable_snd_device: snd_device(2: speaker)
08-05 02:20:20.247   512  2967 I soundtrigger: audio_extn_sound_trigger_update_device_status: device 0x2 of type 0 for Event 0
08-05 02:20:20.291 26278 26278 D PlaybackController: Releasing PlaybackController
08-05 02:20:20.357 26278 26291 I art     : Starting a blocking GC Explicit
08-05 02:20:20.374 26278 26291 I art     : Explicit concurrent mark sweep GC freed 1647(98KB) AllocSpace objects, 1(20KB) LOS objects, 40% free, 23MB/39MB, paused 158us total 17.021ms
08-05 02:20:20.380 26278 26291 I art     : Starting a blocking GC Explicit
08-05 02:20:20.396 26278 26291 I art     : Explicit concurrent mark sweep GC freed 63(2064B) AllocSpace objects, 0(0B) LOS objects, 40% free, 23MB/39MB, paused 154us total 14.952ms
08-05 02:20:20.402 26278 26291 I art     : Starting a blocking GC Explicit
08-05 02:20:20.417 26278 26291 I art     : Explicit concurrent mark sweep GC freed 3(96B) AllocSpace objects, 0(0B) LOS objects, 40% free, 23MB/39MB, paused 155us total 14.259ms
08-05 02:20:20.423 26278 26291 I art     : Starting a blocking GC Explicit
08-05 02:20:20.437 26278 26291 I art     : Explicit concurrent mark sweep GC freed 3(96B) AllocSpace objects, 0(0B) LOS objects, 40% free, 23MB/39MB, paused 143us total 14.260ms
08-05 02:20:20.444 26278 26291 I art     : Starting a blocking GC Explicit
08-05 02:20:20.458 26278 26291 I art     : Explicit concurrent mark sweep GC freed 3(96B) AllocSpace objects, 0(0B) LOS objects, 40% free, 23MB/39MB, paused 145us total 14.721ms
08-05 02:20:20.738 26278 26300 I art     : Starting a blocking GC Explicit
08-05 02:20:20.756 26278 26300 I art     : Explicit concurrent mark sweep GC freed 1360(80KB) AllocSpace objects, 1(20KB) LOS objects, 40% free, 23MB/39MB, paused 172us total 18.082ms
08-05 02:20:20.763 26278 26300 I art     : Starting a blocking GC Explicit
08-05 02:20:20.779 26278 26300 I art     : Explicit concurrent mark sweep GC freed 23(752B) AllocSpace objects, 0(0B) LOS objects, 40% free, 23MB/39MB, paused 152us total 16.049ms
08-05 02:20:20.786 26278 26300 I art     : Starting a blocking GC Explicit
08-05 02:20:20.802 26278 26300 I art     : Explicit concurrent mark sweep GC freed 3(96B) AllocSpace objects, 0(0B) LOS objects, 40% free, 23MB/39MB, paused 153us total 15.171ms
08-05 02:20:20.808 26278 26300 I art     : Starting a blocking GC Explicit
08-05 02:20:20.823 26278 26300 I art     : Explicit concurrent mark sweep GC freed 3(96B) AllocSpace objects, 0(0B) LOS objects, 40% free, 23MB/39MB, paused 155us total 14.593ms
08-05 02:20:20.830 26278 26300 I art     : Starting a blocking GC Explicit
08-05 02:20:20.845 26278 26300 I art     : Explicit concurrent mark sweep GC freed 3(96B) AllocSpace objects, 0(0B) LOS objects, 40% free, 23MB/39MB, paused 149us total 14.922ms
08-05 02:20:21.087 26278 26290 I art     : Starting a blocking GC Explicit
08-05 02:20:21.102 26278 26290 I art     : Explicit concurrent mark sweep GC freed 1360(80KB) AllocSpace objects, 1(20KB) LOS objects, 40% free, 23MB/39MB, paused 148us total 14.955ms
08-05 02:20:21.109 26278 26290 I art     : Starting a blocking GC Explicit
08-05 02:20:21.124 26278 26290 I art     : Explicit concurrent mark sweep GC freed 23(752B) AllocSpace objects, 0(0B) LOS objects, 40% free, 23MB/39MB, paused 144us total 14.603ms
08-05 02:20:21.130 26278 26290 I art     : Starting a blocking GC Explicit
08-05 02:20:21.145 26278 26290 I art     : Explicit concurrent mark sweep GC freed 3(96B) AllocSpace objects, 0(0B) LOS objects, 40% free, 23MB/39MB, paused 142us total 15.241ms
08-05 02:20:21.152 26278 26290 I art     : Starting a blocking GC Explicit
08-05 02:20:21.167 26278 26290 I art     : Explicit concurrent mark sweep GC freed 3(96B) AllocSpace objects, 0(0B) LOS objects, 40% free, 23MB/39MB, paused 202us total 14.623ms
08-05 02:20:21.173 26278 26290 I art     : Starting a blocking GC Explicit
08-05 02:20:21.188 26278 26290 I art     : Explicit concurrent mark sweep GC freed 3(96B) AllocSpace objects, 0(0B) LOS objects, 40% free, 23MB/39MB, paused 259us total 14.544ms
08-05 02:20:21.248 26628 26628 D AndroidRuntime: >>>>>> START com.android.internal.os.RuntimeInit uid 2000 <<<<<<
08-05 02:20:21.252 26628 26628 D AndroidRuntime: CheckJNI is OFF
08-05 02:20:21.280 26628 26628 D ICU     : No timezone override file found: /data/misc/zoneinfo/current/icu/icu_tzdata.dat
08-05 02:20:21.306 26628 26628 I Radio-JNI: register_android_hardware_Radio DONE
08-05 02:20:21.322 26628 26628 D AndroidRuntime: Calling main entry com.android.commands.input.Input
08-05 02:20:21.324 26628 26628 I Input   : injectMotionEvent: MotionEvent { action=ACTION_DOWN, actionButton=0, id[0]=0, x[0]=400.0, y[0]=997.0, toolType[0]=TOOL_TYPE_UNKNOWN, buttonState=0, metaState=0, flags=0x0, edgeFlags=0x0, pointerCount=1, historySize=0, eventTime=757237736, downTime=757237736, deviceId=0, source=0x1002 }
08-05 02:20:21.329 26628 26628 I Input   : injectMotionEvent: MotionEvent { action=ACTION_UP, actionButton=0, id[0]=0, x[0]=400.0, y[0]=997.0, toolType[0]=TOOL_TYPE_UNKNOWN, buttonState=0, metaState=0, flags=0x0, edgeFlags=0x0, pointerCount=1, historySize=0, eventTime=757237736, downTime=757237736, deviceId=0, source=0x1002 }
08-05 02:20:21.332 26628 26628 D AndroidRuntime: Shutting down VM
08-05 02:20:21.342   512  2967 D audio_hw_primary: out_set_parameters: enter: usecase(1: low-latency-playback) kvpairs: routing=2
08-05 02:20:21.356   512  2967 D audio_hw_primary: select_devices: out_snd_device(2: speaker) in_snd_device(0: none)
08-05 02:20:21.357   512  2967 D msm8974_platform: platform_send_audio_calibration: sending audio calibration for snd_device(2) acdb_id(15)
08-05 02:20:21.357   512  2967 I soundtrigger: audio_extn_sound_trigger_update_device_status: device 0x2 of type 0 for Event 1
08-05 02:20:21.366   512  2967 D audio_hw_primary: enable_snd_device: snd_device(2: speaker)
08-05 02:20:21.368   512  2967 D audio_hw_primary: enable_audio_route: apply and update mixer path: low-latency-playback speaker
08-05 02:20:21.412 26278 26300 I art     : Starting a blocking GC Explicit
08-05 02:20:21.431 26278 26300 I art     : Explicit concurrent mark sweep GC freed 2904(185KB) AllocSpace objects, 2(40KB) LOS objects, 40% free, 23MB/39MB, paused 176us total 19.303ms
08-05 02:20:21.437 26278 26300 I art     : Starting a blocking GC Explicit
08-05 02:20:21.439 13866 13866 I GoogleInputMethodServic: GoogleInputMethodService.onFinishInput():3138 
08-05 02:20:21.440 13866 13866 I GoogleInputMethodServic: GoogleInputMethodService.onStartInput():1808 
08-05 02:20:21.453 26278 26300 I art     : Explicit concurrent mark sweep GC freed 258(13KB) AllocSpace objects, 0(0B) LOS objects, 40% free, 23MB/39MB, paused 158us total 15.591ms
08-05 02:20:21.459 26278 26300 I art     : Starting a blocking GC Explicit
08-05 02:20:21.474 26278 26300 I art     : Explicit concurrent mark sweep GC freed 5(160B) AllocSpace objects, 0(0B) LOS objects, 40% free, 23MB/39MB, paused 143us total 14.663ms
08-05 02:20:21.481 26278 26300 I art     : Starting a blocking GC Explicit
08-05 02:20:21.495 26278 26300 I art     : Explicit concurrent mark sweep GC freed 3(96B) AllocSpace objects, 0(0B) LOS objects, 40% free, 23MB/39MB, paused 141us total 14.151ms
08-05 02:20:21.502 26278 26300 I art     : Starting a blocking GC Explicit
08-05 02:20:21.518 26278 26300 I art     : Explicit concurrent mark sweep GC freed 3(96B) AllocSpace objects, 0(0B) LOS objects, 40% free, 23MB/39MB, paused 155us total 16.011ms
08-05 02:20:21.734 26278 26290 I art     : Starting a blocking GC Explicit
08-05 02:20:21.751 26278 26290 I art     : Explicit concurrent mark sweep GC freed 1362(80KB) AllocSpace objects, 1(20KB) LOS objects, 40% free, 23MB/39MB, paused 148us total 16.645ms
08-05 02:20:21.758 26278 26290 I art     : Starting a blocking GC Explicit
08-05 02:20:21.775 26278 26290 I art     : Explicit concurrent mark sweep GC freed 23(752B) AllocSpace objects, 0(0B) LOS objects, 40% free, 23MB/39MB, paused 144us total 17.224ms
08-05 02:20:21.782 26278 26290 I art     : Starting a blocking GC Explicit
08-05 02:20:21.799 26278 26290 I art     : Explicit concurrent mark sweep GC freed 3(96B) AllocSpace objects, 0(0B) LOS objects, 40% free, 23MB/39MB, paused 149us total 16.145ms
08-05 02:20:21.805 26278 26290 I art     : Starting a blocking GC Explicit
08-05 02:20:21.821 26278 26290 I art     : Explicit concurrent mark sweep GC freed 3(96B) AllocSpace objects, 0(0B) LOS objects, 40% free, 23MB/39MB, paused 147us total 16.060ms
08-05 02:20:21.828 26278 26290 I art     : Starting a blocking GC Explicit
08-05 02:20:21.844 26278 26290 I art     : Explicit concurrent mark sweep GC freed 3(96B) AllocSpace objects, 0(0B) LOS objects, 40% free, 23MB/39MB, paused 144us total 16.075ms
08-05 02:20:21.884 26661 26661 D AndroidRuntime: >>>>>> START com.android.internal.os.RuntimeInit uid 2000 <<<<<<
08-05 02:20:21.887 26661 26661 D AndroidRuntime: CheckJNI is OFF
08-05 02:20:21.898   512  2967 D audio_hw_primary: disable_audio_route: reset and update mixer path: low-latency-playback speaker
08-05 02:20:21.899   512  2967 D audio_hw_primary: disable_snd_device: snd_device(2: speaker)
08-05 02:20:21.906   512  2967 I soundtrigger: audio_extn_sound_trigger_update_device_status: device 0x2 of type 0 for Event 0
08-05 02:20:21.911 26661 26661 D ICU     : No timezone override file found: /data/misc/zoneinfo/current/icu/icu_tzdata.dat
08-05 02:20:21.937 26661 26661 I Radio-JNI: register_android_hardware_Radio DONE
08-05 02:20:21.954 26661 26661 D AndroidRuntime: Calling main entry com.android.commands.input.Input
08-05 02:20:21.955 26661 26661 I Input   : injectMotionEvent: MotionEvent { action=ACTION_DOWN, actionButton=0, id[0]=0, x[0]=697.0, y[0]=656.0, toolType[0]=TOOL_TYPE_UNKNOWN, buttonState=0, metaState=0, flags=0x0, edgeFlags=0x0, pointerCount=1, historySize=0, eventTime=757238368, downTime=757238368, deviceId=0, source=0x1002 }
08-05 02:20:21.959 26661 26661 I Input   : injectMotionEvent: MotionEvent { action=ACTION_UP, actionButton=0, id[0]=0, x[0]=697.0, y[0]=656.0, toolType[0]=TOOL_TYPE_UNKNOWN, buttonState=0, metaState=0, flags=0x0, edgeFlags=0x0, pointerCount=1, historySize=0, eventTime=757238368, downTime=757238368, deviceId=0, source=0x1002 }
08-05 02:20:21.961 26661 26661 D AndroidRuntime: Shutting down VM
08-05 02:20:21.975   512  2967 D audio_hw_primary: out_set_parameters: enter: usecase(1: low-latency-playback) kvpairs: routing=2
08-05 02:20:21.988   512  2967 D audio_hw_primary: select_devices: out_snd_device(2: speaker) in_snd_device(0: none)
08-05 02:20:21.988   512  2967 D msm8974_platform: platform_send_audio_calibration: sending audio calibration for snd_device(2) acdb_id(15)
08-05 02:20:21.988   512  2967 I soundtrigger: audio_extn_sound_trigger_update_device_status: device 0x2 of type 0 for Event 1
08-05 02:20:22.000   512  2967 D audio_hw_primary: enable_snd_device: snd_device(2: speaker)
08-05 02:20:22.002   512  2967 D audio_hw_primary: enable_audio_route: apply and update mixer path: low-latency-playback speaker
08-05 02:20:22.042 13866 13866 I GoogleInputMethodServic: GoogleInputMethodService.onFinishInput():3138 
08-05 02:20:22.043 13866 13866 I GoogleInputMethodServic: GoogleInputMethodService.onStartInput():1808 
08-05 02:20:22.045   512  2967 D AudioFlinger: mixer(0xf4740000) throttle end: throttle time(12)
08-05 02:20:22.095 26278 26300 I art     : Starting a blocking GC Explicit
08-05 02:20:22.114 26278 26300 I art     : Explicit concurrent mark sweep GC freed 2409(194KB) AllocSpace objects, 1(20KB) LOS objects, 40% free, 23MB/39MB, paused 152us total 18.908ms
08-05 02:20:22.122 26278 26300 I art     : Starting a blocking GC Explicit
08-05 02:20:22.142 26278 26300 I art     : Explicit concurrent mark sweep GC freed 163(7KB) AllocSpace objects, 0(0B) LOS objects, 40% free, 23MB/39MB, paused 173us total 19.844ms
08-05 02:20:22.151 26278 26300 I art     : Starting a blocking GC Explicit
08-05 02:20:22.170 26278 26300 I art     : Explicit concurrent mark sweep GC freed 3(96B) AllocSpace objects, 0(0B) LOS objects, 40% free, 23MB/39MB, paused 172us total 18.944ms
08-05 02:20:22.178 26278 26300 I art     : Starting a blocking GC Explicit
08-05 02:20:22.198 26278 26300 I art     : Explicit concurrent mark sweep GC freed 3(96B) AllocSpace objects, 0(0B) LOS objects, 40% free, 23MB/39MB, paused 184us total 19.210ms
08-05 02:20:22.206 26278 26300 I art     : Starting a blocking GC Explicit
08-05 02:20:22.222 26278 26300 I art     : Explicit concurrent mark sweep GC freed 5(160B) AllocSpace objects, 0(0B) LOS objects, 40% free, 23MB/39MB, paused 143us total 15.616ms
08-05 02:20:22.272 29532 29532 W PathParser: Points are too far apart 4.030360828967057
08-05 02:20:22.272 29532 29532 W PathParser: Points are too far apart 4.030360538880159
08-05 02:20:22.289 29532 29532 W PathParser: Points are too far apart 4.030360828967057
08-05 02:20:22.289 29532 29532 W PathParser: Points are too far apart 4.030360538880159
08-05 02:20:22.306 29532 29532 W PathParser: Points are too far apart 4.030360828967057
08-05 02:20:22.306 29532 29532 W PathParser: Points are too far apart 4.030360538880159
08-05 02:20:22.323 29532 29532 W PathParser: Points are too far apart 4.030360828967057
08-05 02:20:22.323 29532 29532 W PathParser: Points are too far apart 4.030360538880159
08-05 02:20:22.339 29532 29532 W PathParser: Points are too far apart 4.030360828967057
08-05 02:20:22.339 29532 29532 W PathParser: Points are too far apart 4.030360538880159
08-05 02:20:22.356 29532 29532 W PathParser: Points are too far apart 4.030360828967057
08-05 02:20:22.357 29532 29532 W PathParser: Points are too far apart 4.030360538880159
08-05 02:20:22.372 29532 29532 W PathParser: Points are too far apart 4.030360828967057
08-05 02:20:22.372 29532 29532 W PathParser: Points are too far apart 4.030360538880159
08-05 02:20:22.461 26278 26290 I art     : Starting a blocking GC Explicit
08-05 02:20:22.478 26278 26290 I art     : Explicit concurrent mark sweep GC freed 1394(80KB) AllocSpace objects, 1(20KB) LOS objects, 40% free, 23MB/39MB, paused 145us total 16.848ms
08-05 02:20:22.485 26278 26290 I art     : Starting a blocking GC Explicit
08-05 02:20:22.504 26278 26290 I art     : Explicit concurrent mark sweep GC freed 29(944B) AllocSpace objects, 0(0B) LOS objects, 40% free, 23MB/39MB, paused 152us total 19.586ms
08-05 02:20:22.507 26693 26693 D AndroidRuntime: >>>>>> START com.android.internal.os.RuntimeInit uid 2000 <<<<<<
08-05 02:20:22.513 26693 26693 D AndroidRuntime: CheckJNI is OFF
08-05 02:20:22.513 26278 26290 I art     : Starting a blocking GC Explicit
08-05 02:20:22.529   512  2967 D audio_hw_primary: disable_audio_route: reset and update mixer path: low-latency-playback speaker
08-05 02:20:22.531   512  2967 D audio_hw_primary: disable_snd_device: snd_device(2: speaker)
08-05 02:20:22.532 26278 26290 I art     : Explicit concurrent mark sweep GC freed 3(96B) AllocSpace objects, 0(0B) LOS objects, 40% free, 23MB/39MB, paused 136us total 18.709ms
08-05 02:20:22.539 26278 26290 I art     : Starting a blocking GC Explicit
08-05 02:20:22.540   512  2967 I soundtrigger: audio_extn_sound_trigger_update_device_status: device 0x2 of type 0 for Event 0
08-05 02:20:22.545 26693 26693 D ICU     : No timezone override file found: /data/misc/zoneinfo/current/icu/icu_tzdata.dat
08-05 02:20:22.555 26278 26290 I art     : Explicit concurrent mark sweep GC freed 3(96B) AllocSpace objects, 0(0B) LOS objects, 40% free, 23MB/39MB, paused 171us total 16.177ms
08-05 02:20:22.563 26278 26290 I art     : Starting a blocking GC Explicit
08-05 02:20:22.573 26693 26693 I Radio-JNI: register_android_hardware_Radio DONE
08-05 02:20:22.580 26278 26290 I art     : Explicit concurrent mark sweep GC freed 3(96B) AllocSpace objects, 0(0B) LOS objects, 40% free, 23MB/39MB, paused 139us total 16.984ms
08-05 02:20:22.591 26693 26693 D AndroidRuntime: Calling main entry com.android.commands.input.Input
08-05 02:20:22.592 26693 26693 I Input   : injectMotionEvent: MotionEvent { action=ACTION_DOWN, actionButton=0, id[0]=0, x[0]=256.0, y[0]=1589.0, toolType[0]=TOOL_TYPE_UNKNOWN, buttonState=0, metaState=0, flags=0x0, edgeFlags=0x0, pointerCount=1, historySize=0, eventTime=757239005, downTime=757239005, deviceId=0, source=0x1002 }
08-05 02:20:22.596 26693 26693 I Input   : injectMotionEvent: MotionEvent { action=ACTION_UP, actionButton=0, id[0]=0, x[0]=256.0, y[0]=1589.0, toolType[0]=TOOL_TYPE_UNKNOWN, buttonState=0, metaState=0, flags=0x0, edgeFlags=0x0, pointerCount=1, historySize=0, eventTime=757239005, downTime=757239005, deviceId=0, source=0x1002 }
08-05 02:20:22.598 26693 26693 D AndroidRuntime: Shutting down VM
08-05 02:20:22.610   512  2967 D audio_hw_primary: out_set_parameters: enter: usecase(1: low-latency-playback) kvpairs: routing=2
08-05 02:20:22.611 26278 26278 D UserPreferences: timeOfDay: []
08-05 02:20:22.612 26278 26278 D AutoUpdateManager: Restarting update alarm.
08-05 02:20:22.613 26278 26278 D AutoUpdateManager: Automatic update was deactivated
08-05 02:20:22.624   512  2967 D audio_hw_primary: select_devices: out_snd_device(2: speaker) in_snd_device(0: none)
08-05 02:20:22.624   512  2967 D msm8974_platform: platform_send_audio_calibration: sending audio calibration for snd_device(2) acdb_id(15)
08-05 02:20:22.625   512  2967 I soundtrigger: audio_extn_sound_trigger_update_device_status: device 0x2 of type 0 for Event 1
08-05 02:20:22.632 13866 13866 I GoogleInputMethodServic: GoogleInputMethodService.onFinishInput():3138 
08-05 02:20:22.635 13866 13866 I GoogleInputMethodServic: GoogleInputMethodService.onStartInput():1808 
08-05 02:20:22.636   512  2967 D audio_hw_primary: enable_snd_device: snd_device(2: speaker)
08-05 02:20:22.639   512  2967 D audio_hw_primary: enable_audio_route: apply and update mixer path: low-latency-playback speaker
08-05 02:20:22.656 29532 29532 W PathParser: Points are too far apart 4.030360828967057
08-05 02:20:22.657 29532 29532 W PathParser: Points are too far apart 4.030360538880159
08-05 02:20:22.673 29532 29532 W PathParser: Points are too far apart 4.030360828967057
08-05 02:20:22.673 29532 29532 W PathParser: Points are too far apart 4.030360538880159
08-05 02:20:22.682   512  2967 D AudioFlinger: mixer(0xf4740000) throttle end: throttle time(12)
08-05 02:20:22.690 29532 29532 W PathParser: Points are too far apart 4.030360828967057
08-05 02:20:22.690 29532 29532 W PathParser: Points are too far apart 4.030360538880159
08-05 02:20:22.707 29532 29532 W PathParser: Points are too far apart 4.030360828967057
08-05 02:20:22.707 29532 29532 W PathParser: Points are too far apart 4.030360538880159
08-05 02:20:22.724 29532 29532 W PathParser: Points are too far apart 4.030360828967057
08-05 02:20:22.724 29532 29532 W PathParser: Points are too far apart 4.030360538880159
08-05 02:20:22.740 29532 29532 W PathParser: Points are too far apart 4.030360828967057
08-05 02:20:22.740 29532 29532 W PathParser: Points are too far apart 4.030360538880159
08-05 02:20:22.758 29532 29532 W PathParser: Points are too far apart 4.030360828967057
08-05 02:20:22.759 29532 29532 W PathParser: Points are too far apart 4.030360538880159
08-05 02:20:22.772 29532 29532 W PathParser: Points are too far apart 4.030360828967057
08-05 02:20:22.773 29532 29532 W PathParser: Points are too far apart 4.030360538880159
08-05 02:20:22.811 26278 26290 I art     : Starting a blocking GC Explicit
08-05 02:20:22.822   380   380 W SurfaceFlinger: couldn't log to binary event log: overflow.
08-05 02:20:22.829 26278 26290 I art     : Explicit concurrent mark sweep GC freed 1691(107KB) AllocSpace objects, 2(40KB) LOS objects, 40% free, 23MB/39MB, paused 144us total 17.686ms
08-05 02:20:22.836 26278 26290 I art     : Starting a blocking GC Explicit
08-05 02:20:22.853 26278 26290 I art     : Explicit concurrent mark sweep GC freed 60(2176B) AllocSpace objects, 0(0B) LOS objects, 40% free, 23MB/39MB, paused 161us total 16.828ms
08-05 02:20:22.859 26278 26290 I art     : Starting a blocking GC Explicit
08-05 02:20:22.874 26278 26290 I art     : Explicit concurrent mark sweep GC freed 4(192B) AllocSpace objects, 0(0B) LOS objects, 40% free, 23MB/39MB, paused 160us total 14.347ms
08-05 02:20:22.880 26278 26290 I art     : Starting a blocking GC Explicit
08-05 02:20:22.895 26278 26290 I art     : Explicit concurrent mark sweep GC freed 5(160B) AllocSpace objects, 0(0B) LOS objects, 40% free, 23MB/39MB, paused 137us total 14.804ms
08-05 02:20:22.901 26278 26290 I art     : Starting a blocking GC Explicit
08-05 02:20:22.916 26278 26290 I art     : Explicit concurrent mark sweep GC freed 3(96B) AllocSpace objects, 0(0B) LOS objects, 40% free, 23MB/39MB, paused 144us total 14.818ms
08-05 02:20:23.134 26725 26725 D AndroidRuntime: >>>>>> START com.android.internal.os.RuntimeInit uid 2000 <<<<<<
08-05 02:20:23.138 26725 26725 D AndroidRuntime: CheckJNI is OFF
08-05 02:20:23.164 26725 26725 D ICU     : No timezone override file found: /data/misc/zoneinfo/current/icu/icu_tzdata.dat
08-05 02:20:23.167 26278 26291 I art     : Starting a blocking GC Explicit
08-05 02:20:23.168   512  2967 D audio_hw_primary: disable_audio_route: reset and update mixer path: low-latency-playback speaker
08-05 02:20:23.169   512  2967 D audio_hw_primary: disable_snd_device: snd_device(2: speaker)
08-05 02:20:23.176   512  2967 I soundtrigger: audio_extn_sound_trigger_update_device_status: device 0x2 of type 0 for Event 0
08-05 02:20:23.185 26278 26291 I art     : Explicit concurrent mark sweep GC freed 1789(95KB) AllocSpace objects, 1(20KB) LOS objects, 40% free, 23MB/39MB, paused 153us total 17.395ms
08-05 02:20:23.191 26278 26291 I art     : Starting a blocking GC Explicit
08-05 02:20:23.192 26725 26725 I Radio-JNI: register_android_hardware_Radio DONE
08-05 02:20:23.208 26278 26291 I art     : Explicit concurrent mark sweep GC freed 72(2320B) AllocSpace objects, 0(0B) LOS objects, 40% free, 23MB/39MB, paused 290us total 16.453ms
08-05 02:20:23.208 26725 26725 D AndroidRuntime: Calling main entry com.android.commands.input.Input
08-05 02:20:23.210 26725 26725 I Input   : injectKeyEvent: KeyEvent { action=ACTION_DOWN, keyCode=KEYCODE_BACK, scanCode=0, metaState=0, flags=0x0, repeatCount=0, eventTime=757239623, downTime=757239623, deviceId=-1, source=0x101 }
08-05 02:20:23.215 26278 26291 I art     : Starting a blocking GC Explicit
08-05 02:20:23.215 26725 26725 I Input   : injectKeyEvent: KeyEvent { action=ACTION_UP, keyCode=KEYCODE_BACK, scanCode=0, metaState=0, flags=0x0, repeatCount=0, eventTime=757239623, downTime=757239623, deviceId=-1, source=0x101 }
08-05 02:20:23.220 26725 26725 D AndroidRuntime: Shutting down VM
08-05 02:20:23.232 26278 26291 I art     : Explicit concurrent mark sweep GC freed 782(39KB) AllocSpace objects, 0(0B) LOS objects, 40% free, 23MB/39MB, paused 438us total 16.759ms
08-05 02:20:23.238 26278 26291 I art     : Starting a blocking GC Explicit
08-05 02:20:23.254 26278 26291 I art     : Explicit concurrent mark sweep GC freed 4905(307KB) AllocSpace objects, 0(0B) LOS objects, 40% free, 23MB/39MB, paused 321us total 15.716ms
08-05 02:20:23.260 26278 26291 I art     : Starting a blocking GC Explicit
08-05 02:20:23.275 26278 26291 I art     : Explicit concurrent mark sweep GC freed 4026(244KB) AllocSpace objects, 0(0B) LOS objects, 40% free, 23MB/39MB, paused 154us total 14.542ms
08-05 02:20:23.276 13866 13866 I GoogleInputMethodServic: GoogleInputMethodService.onFinishInput():3138 
08-05 02:20:23.277 13866 13866 I GoogleInputMethodServic: GoogleInputMethodService.onStartInput():1808 
08-05 02:20:23.511 26278 26290 I art     : Starting a blocking GC Explicit
08-05 02:20:23.529 26278 26290 I art     : Explicit concurrent mark sweep GC freed 1423(83KB) AllocSpace objects, 1(20KB) LOS objects, 40% free, 23MB/39MB, paused 168us total 17.402ms
08-05 02:20:23.536 26278 26290 I art     : Starting a blocking GC Explicit
08-05 02:20:23.552 26278 26290 I art     : Explicit concurrent mark sweep GC freed 28(928B) AllocSpace objects, 0(0B) LOS objects, 40% free, 23MB/39MB, paused 148us total 16ms
08-05 02:20:23.559 26278 26290 I art     : Starting a blocking GC Explicit
08-05 02:20:23.576 26278 26290 I art     : Explicit concurrent mark sweep GC freed 3(96B) AllocSpace objects, 0(0B) LOS objects, 40% free, 23MB/39MB, paused 152us total 16.269ms
08-05 02:20:23.583 26278 26290 I art     : Starting a blocking GC Explicit
08-05 02:20:23.599 26278 26290 I art     : Explicit concurrent mark sweep GC freed 104(5KB) AllocSpace objects, 0(0B) LOS objects, 40% free, 23MB/39MB, paused 152us total 16.124ms
08-05 02:20:23.606 26278 26290 I art     : Starting a blocking GC Explicit
08-05 02:20:23.622 26278 26290 I art     : Explicit concurrent mark sweep GC freed 869(55KB) AllocSpace objects, 1(48KB) LOS objects, 40% free, 23MB/39MB, paused 149us total 15.706ms
08-05 02:20:23.900 26278 26291 I art     : Starting a blocking GC Explicit
08-05 02:20:23.928 26278 26291 I art     : Explicit concurrent mark sweep GC freed 1365(80KB) AllocSpace objects, 1(20KB) LOS objects, 40% free, 23MB/39MB, paused 216us total 27.259ms
08-05 02:20:23.939 26278 26291 I art     : Starting a blocking GC Explicit
08-05 02:20:23.956 26278 26291 I art     : Explicit concurrent mark sweep GC freed 23(752B) AllocSpace objects, 0(0B) LOS objects, 40% free, 23MB/39MB, paused 145us total 17.485ms
08-05 02:20:23.963 26278 26291 I art     : Starting a blocking GC Explicit
08-05 02:20:23.979 26278 26291 I art     : Explicit concurrent mark sweep GC freed 3(96B) AllocSpace objects, 0(0B) LOS objects, 40% free, 23MB/39MB, paused 175us total 15.459ms
08-05 02:20:23.986 26278 26291 I art     : Starting a blocking GC Explicit
08-05 02:20:24.001 26278 26291 I art     : Explicit concurrent mark sweep GC freed 3(96B) AllocSpace objects, 0(0B) LOS objects, 40% free, 23MB/39MB, paused 156us total 14.876ms
08-05 02:20:24.008 26278 26291 I art     : Starting a blocking GC Explicit
08-05 02:20:24.023 26278 26291 I art     : Explicit concurrent mark sweep GC freed 3(96B) AllocSpace objects, 0(0B) LOS objects, 40% free, 23MB/39MB, paused 156us total 14.686ms
08-05 02:20:24.300 26278 26300 I art     : Starting a blocking GC Explicit
08-05 02:20:24.321 26278 26300 I art     : Explicit concurrent mark sweep GC freed 1365(80KB) AllocSpace objects, 1(20KB) LOS objects, 40% free, 23MB/39MB, paused 167us total 20.927ms
08-05 02:20:24.329 26278 26300 I art     : Starting a blocking GC Explicit
08-05 02:20:24.344 26278 26300 I art     : Explicit concurrent mark sweep GC freed 50(1488B) AllocSpace objects, 0(0B) LOS objects, 40% free, 23MB/39MB, paused 151us total 15.498ms
08-05 02:20:24.352 26278 26300 I art     : Starting a blocking GC Explicit
08-05 02:20:24.366 26278 26300 I art     : Explicit concurrent mark sweep GC freed 3(96B) AllocSpace objects, 0(0B) LOS objects, 40% free, 23MB/39MB, paused 153us total 14.661ms
08-05 02:20:24.373 26278 26300 I art     : Starting a blocking GC Explicit
08-05 02:20:24.388 26278 26300 I art     : Explicit concurrent mark sweep GC freed 3(96B) AllocSpace objects, 0(0B) LOS objects, 40% free, 23MB/39MB, paused 166us total 14.764ms
08-05 02:20:24.394 26278 26300 I art     : Starting a blocking GC Explicit
08-05 02:20:24.409 26278 26300 I art     : Explicit concurrent mark sweep GC freed 3(96B) AllocSpace objects, 0(0B) LOS objects, 40% free, 23MB/39MB, paused 160us total 14.649ms
08-05 02:20:24.665 26278 26290 I art     : Starting a blocking GC Explicit
08-05 02:20:24.681 26278 26290 I art     : Explicit concurrent mark sweep GC freed 1365(80KB) AllocSpace objects, 1(20KB) LOS objects, 40% free, 23MB/39MB, paused 188us total 16.027ms
08-05 02:20:24.688 26278 26290 I art     : Starting a blocking GC Explicit
08-05 02:20:24.704 26278 26290 I art     : Explicit concurrent mark sweep GC freed 23(752B) AllocSpace objects, 0(0B) LOS objects, 40% free, 23MB/39MB, paused 149us total 15.481ms
08-05 02:20:24.710 26278 26290 I art     : Starting a blocking GC Explicit
08-05 02:20:24.724 26278 26290 I art     : Explicit concurrent mark sweep GC freed 3(96B) AllocSpace objects, 0(0B) LOS objects, 40% free, 23MB/39MB, paused 147us total 13.895ms
08-05 02:20:24.730 26278 26290 I art     : Starting a blocking GC Explicit
08-05 02:20:24.744 26278 26290 I art     : Explicit concurrent mark sweep GC freed 3(96B) AllocSpace objects, 0(0B) LOS objects, 40% free, 23MB/39MB, paused 142us total 14.045ms
08-05 02:20:24.751 26278 26290 I art     : Starting a blocking GC Explicit
08-05 02:20:24.759 26777 26777 D AndroidRuntime: >>>>>> START com.android.internal.os.RuntimeInit uid 2000 <<<<<<
08-05 02:20:24.761   518   646 I ThermalEngine: ACTION: GPU - Setting GPU[0] to 510000000
08-05 02:20:24.764 26777 26777 D AndroidRuntime: CheckJNI is OFF
08-05 02:20:24.767 26278 26290 I art     : Explicit concurrent mark sweep GC freed 3(96B) AllocSpace objects, 0(0B) LOS objects, 40% free, 23MB/39MB, paused 246us total 15.905ms
08-05 02:20:24.797 26777 26777 D ICU     : No timezone override file found: /data/misc/zoneinfo/current/icu/icu_tzdata.dat
08-05 02:20:24.829 26777 26777 I Radio-JNI: register_android_hardware_Radio DONE
08-05 02:20:24.852 26777 26777 D AndroidRuntime: Calling main entry com.android.commands.input.Input
08-05 02:20:24.853 26777 26777 I Input   : injectKeyEvent: KeyEvent { action=ACTION_DOWN, keyCode=KEYCODE_BACK, scanCode=0, metaState=0, flags=0x0, repeatCount=0, eventTime=757241266, downTime=757241266, deviceId=-1, source=0x101 }
08-05 02:20:24.862 26777 26777 I Input   : injectKeyEvent: KeyEvent { action=ACTION_UP, keyCode=KEYCODE_BACK, scanCode=0, metaState=0, flags=0x0, repeatCount=0, eventTime=757241266, downTime=757241266, deviceId=-1, source=0x101 }
08-05 02:20:24.869 26777 26777 D AndroidRuntime: Shutting down VM
08-05 02:20:24.897 26278 26278 D QueueFragment: loadItems()
08-05 02:20:24.897 26278 26304 D DBReader: getQueue() called
08-05 02:20:24.897 26278 26304 D DBReader: getQueue()
08-05 02:20:24.897 26278 26278 V PlaybackController: initServiceNotRunning()
08-05 02:20:24.897 26278 26278 D ExternalPlayerFragment: Loading media info
08-05 02:20:24.898 26278 26278 D UserPreferences: Using default data folder
08-05 02:20:24.898 26278 26304 D DBReader: getFavoriteIDList() called
08-05 02:20:24.899 26278 26304 D DBReader: getQueueIDList() called
08-05 02:20:24.899 26278 26298 D DBReader: getNavDrawerData() called with: 
08-05 02:20:24.902 26278 26298 D DBReader: getDownloadedItems() called
08-05 02:20:24.902 26278 26298 D DBReader: getFavoriteIDList() called
08-05 02:20:24.903 26278 26298 D DBReader: getQueueIDList() called
08-05 02:20:24.903 26278 26298 D DBReader: Extracting Feedlist
08-05 02:20:24.904 26278 26304 D DBReader: Extracting Feedlist
08-05 02:20:24.951 26278 26278 D MainActivity: getLastNavFragment() -> QueueFragment
08-05 02:20:24.985 13866 13866 I GoogleInputMethodServic: GoogleInputMethodService.onFinishInput():3138 
08-05 02:20:24.987 13866 13866 I GoogleInputMethodServic: GoogleInputMethodService.onStartInput():1808 
08-05 02:20:25.007 26278 26300 I art     : Starting a blocking GC Explicit
08-05 02:20:25.028 26278 26300 I art     : Explicit concurrent mark sweep GC freed 3387(197KB) AllocSpace objects, 1(20KB) LOS objects, 40% free, 23MB/39MB, paused 199us total 21.562ms
08-05 02:20:25.036 26278 26300 I art     : Starting a blocking GC Explicit
08-05 02:20:25.053 26278 26300 I art     : Explicit concurrent mark sweep GC freed 1468(92KB) AllocSpace objects, 0(0B) LOS objects, 40% free, 23MB/39MB, paused 217us total 16.420ms
08-05 02:20:25.060 26278 26300 I art     : Starting a blocking GC Explicit
08-05 02:20:25.078 26278 26300 I art     : Explicit concurrent mark sweep GC freed 3(96B) AllocSpace objects, 0(0B) LOS objects, 40% free, 23MB/39MB, paused 245us total 17.455ms
08-05 02:20:25.087 26278 26300 I art     : Starting a blocking GC Explicit
08-05 02:20:25.105 26278 26300 I art     : Explicit concurrent mark sweep GC freed 3(96B) AllocSpace objects, 0(0B) LOS objects, 40% free, 23MB/39MB, paused 277us total 17.543ms
08-05 02:20:25.113 26278 26300 I art     : Starting a blocking GC Explicit
08-05 02:20:25.131 26278 26300 I art     : Explicit concurrent mark sweep GC freed 3(96B) AllocSpace objects, 0(0B) LOS objects, 40% free, 23MB/39MB, paused 218us total 17.971ms
08-05 02:20:25.259   380   380 W SurfaceFlinger: couldn't log to binary event log: overflow.
08-05 02:20:25.383 26278 26291 I art     : Starting a blocking GC Explicit
08-05 02:20:25.404 26278 26291 I art     : Explicit concurrent mark sweep GC freed 1936(106KB) AllocSpace objects, 1(20KB) LOS objects, 40% free, 23MB/39MB, paused 233us total 20.715ms
08-05 02:20:25.413 26278 26291 I art     : Starting a blocking GC Explicit
08-05 02:20:25.432 26278 26291 I art     : Explicit concurrent mark sweep GC freed 1375(66KB) AllocSpace objects, 0(0B) LOS objects, 40% free, 23MB/39MB, paused 259us total 19.214ms
08-05 02:20:25.441 26278 26291 I art     : Starting a blocking GC Explicit
08-05 02:20:25.459 26278 26291 I art     : Explicit concurrent mark sweep GC freed 4877(323KB) AllocSpace objects, 11(308KB) LOS objects, 40% free, 22MB/38MB, paused 218us total 17.637ms
08-05 02:20:25.459 26278 26288 I art     : WaitForGcToComplete blocked for 17.865ms for cause HeapTrim
08-05 02:20:25.467 26278 26291 I art     : Starting a blocking GC Explicit
08-05 02:20:25.483 26278 26291 I art     : Explicit concurrent mark sweep GC freed 3(96B) AllocSpace objects, 0(0B) LOS objects, 40% free, 22MB/38MB, paused 220us total 16.535ms
08-05 02:20:25.491 26278 26291 I art     : Starting a blocking GC Explicit
08-05 02:20:25.509 26278 26291 I art     : Explicit concurrent mark sweep GC freed 3(96B) AllocSpace objects, 0(0B) LOS objects, 40% free, 22MB/38MB, paused 219us total 16.903ms
08-05 02:20:25.794 26278 26300 I art     : Starting a blocking GC Explicit
08-05 02:20:25.819 26278 26300 I art     : Explicit concurrent mark sweep GC freed 1366(80KB) AllocSpace objects, 1(20KB) LOS objects, 40% free, 22MB/38MB, paused 238us total 23.975ms
08-05 02:20:25.830 26278 26300 I art     : Starting a blocking GC Explicit
08-05 02:20:25.850 26278 26300 I art     : Explicit concurrent mark sweep GC freed 23(752B) AllocSpace objects, 0(0B) LOS objects, 40% free, 22MB/38MB, paused 225us total 19.989ms
08-05 02:20:25.859 26278 26300 I art     : Starting a blocking GC Explicit
08-05 02:20:25.876 26278 26300 I art     : Explicit concurrent mark sweep GC freed 3(96B) AllocSpace objects, 0(0B) LOS objects, 40% free, 22MB/38MB, paused 233us total 16.938ms
08-05 02:20:25.884 26278 26300 I art     : Starting a blocking GC Explicit
08-05 02:20:25.901 26278 26300 I art     : Explicit concurrent mark sweep GC freed 3(96B) AllocSpace objects, 0(0B) LOS objects, 40% free, 22MB/38MB, paused 213us total 16.485ms
08-05 02:20:25.909 26278 26300 I art     : Starting a blocking GC Explicit
08-05 02:20:25.925 26278 26300 I art     : Explicit concurrent mark sweep GC freed 3(96B) AllocSpace objects, 0(0B) LOS objects, 40% free, 22MB/38MB, paused 209us total 16.448ms
08-05 02:20:26.195 26278 26290 I art     : Starting a blocking GC Explicit
08-05 02:20:26.213 26278 26290 I art     : Explicit concurrent mark sweep GC freed 1364(80KB) AllocSpace objects, 1(20KB) LOS objects, 40% free, 22MB/38MB, paused 230us total 17.210ms
08-05 02:20:26.221 26278 26290 I art     : Starting a blocking GC Explicit
08-05 02:20:26.238 26278 26290 I art     : Explicit concurrent mark sweep GC freed 23(752B) AllocSpace objects, 0(0B) LOS objects, 40% free, 22MB/38MB, paused 219us total 16.209ms
08-05 02:20:26.246 26278 26290 I art     : Starting a blocking GC Explicit
08-05 02:20:26.262 26278 26290 I art     : Explicit concurrent mark sweep GC freed 3(96B) AllocSpace objects, 0(0B) LOS objects, 40% free, 22MB/38MB, paused 207us total 16.093ms
08-05 02:20:26.270 26278 26290 I art     : Starting a blocking GC Explicit
08-05 02:20:26.286 26278 26290 I art     : Explicit concurrent mark sweep GC freed 3(96B) AllocSpace objects, 0(0B) LOS objects, 40% free, 22MB/38MB, paused 208us total 15.981ms
08-05 02:20:26.294 26278 26290 I art     : Starting a blocking GC Explicit
08-05 02:20:26.310 26278 26290 I art     : Explicit concurrent mark sweep GC freed 3(96B) AllocSpace objects, 0(0B) LOS objects, 40% free, 22MB/38MB, paused 214us total 16.101ms
08-05 02:20:26.522 26835 26835 D AndroidRuntime: >>>>>> START com.android.internal.os.RuntimeInit uid 2000 <<<<<<
08-05 02:20:26.527 26835 26835 D AndroidRuntime: CheckJNI is OFF
08-05 02:20:26.561 26835 26835 D ICU     : No timezone override file found: /data/misc/zoneinfo/current/icu/icu_tzdata.dat
08-05 02:20:26.570 26278 26291 I art     : Starting a blocking GC Explicit
08-05 02:20:26.588 26278 26291 I art     : Explicit concurrent mark sweep GC freed 1394(81KB) AllocSpace objects, 1(20KB) LOS objects, 40% free, 22MB/38MB, paused 227us total 17.446ms
08-05 02:20:26.596 26835 26835 I Radio-JNI: register_android_hardware_Radio DONE
08-05 02:20:26.596 26278 26291 I art     : Starting a blocking GC Explicit
08-05 02:20:26.613 26278 26291 I art     : Explicit concurrent mark sweep GC freed 23(752B) AllocSpace objects, 0(0B) LOS objects, 40% free, 22MB/38MB, paused 219us total 16.722ms
08-05 02:20:26.619 26835 26835 D AndroidRuntime: Calling main entry com.android.commands.input.Input
08-05 02:20:26.621 26835 26835 I Input   : injectMotionEvent: MotionEvent { action=ACTION_DOWN, actionButton=0, id[0]=0, x[0]=103.0, y[0]=192.0, toolType[0]=TOOL_TYPE_UNKNOWN, buttonState=0, metaState=0, flags=0x0, edgeFlags=0x0, pointerCount=1, historySize=0, eventTime=757243034, downTime=757243034, deviceId=0, source=0x1002 }
08-05 02:20:26.621 26278 26291 I art     : Starting a blocking GC Explicit
08-05 02:20:26.629 26835 26835 I Input   : injectMotionEvent: MotionEvent { action=ACTION_UP, actionButton=0, id[0]=0, x[0]=103.0, y[0]=192.0, toolType[0]=TOOL_TYPE_UNKNOWN, buttonState=0, metaState=0, flags=0x0, edgeFlags=0x0, pointerCount=1, historySize=0, eventTime=757243034, downTime=757243034, deviceId=0, source=0x1002 }
08-05 02:20:26.630 26835 26835 D AndroidRuntime: Shutting down VM
08-05 02:20:26.638 26278 26291 I art     : Explicit concurrent mark sweep GC freed 22(688B) AllocSpace objects, 0(0B) LOS objects, 40% free, 22MB/38MB, paused 230us total 16.363ms
08-05 02:20:26.646 26278 26291 I art     : Starting a blocking GC Explicit
08-05 02:20:26.648   512  2967 D audio_hw_primary: out_set_parameters: enter: usecase(1: low-latency-playback) kvpairs: routing=2
08-05 02:20:26.661   512  2967 D audio_hw_primary: select_devices: out_snd_device(2: speaker) in_snd_device(0: none)
08-05 02:20:26.662   512  2967 D msm8974_platform: platform_send_audio_calibration: sending audio calibration for snd_device(2) acdb_id(15)
08-05 02:20:26.662   512  2967 I soundtrigger: audio_extn_sound_trigger_update_device_status: device 0x2 of type 0 for Event 1
08-05 02:20:26.663 26278 26291 I art     : Explicit concurrent mark sweep GC freed 37(1200B) AllocSpace objects, 0(0B) LOS objects, 40% free, 22MB/38MB, paused 282us total 16.702ms
08-05 02:20:26.671 26278 26291 I art     : Starting a blocking GC Explicit
08-05 02:20:26.671   512  2967 D audio_hw_primary: enable_snd_device: snd_device(2: speaker)
08-05 02:20:26.673   512  2967 D audio_hw_primary: enable_audio_route: apply and update mixer path: low-latency-playback speaker
08-05 02:20:26.683 13866 13866 I GoogleInputMethodServic: GoogleInputMethodService.onFinishInput():3138 
08-05 02:20:26.683 13866 13866 I GoogleInputMethodServic: GoogleInputMethodService.onStartInput():1808 
08-05 02:20:26.686 26278 26291 I art     : Explicit concurrent mark sweep GC freed 67(2640B) AllocSpace objects, 0(0B) LOS objects, 40% free, 22MB/38MB, paused 204us total 15.147ms
08-05 02:20:26.927 26278 26300 I art     : Starting a blocking GC Explicit
08-05 02:20:26.949 26278 26300 I art     : Explicit concurrent mark sweep GC freed 1795(104KB) AllocSpace objects, 1(20KB) LOS objects, 40% free, 22MB/38MB, paused 581us total 21.703ms
08-05 02:20:26.958 26278 26300 I art     : Starting a blocking GC Explicit
08-05 02:20:26.975 26278 26300 I art     : Explicit concurrent mark sweep GC freed 31(1168B) AllocSpace objects, 0(0B) LOS objects, 40% free, 22MB/38MB, paused 220us total 17.536ms
08-05 02:20:26.984 26278 26300 I art     : Starting a blocking GC Explicit
08-05 02:20:27.001 26278 26300 I art     : Explicit concurrent mark sweep GC freed 3(96B) AllocSpace objects, 0(0B) LOS objects, 40% free, 22MB/38MB, paused 256us total 16.693ms
08-05 02:20:27.009 26278 26300 I art     : Starting a blocking GC Explicit
08-05 02:20:27.027 26278 26300 I art     : Explicit concurrent mark sweep GC freed 9(288B) AllocSpace objects, 0(0B) LOS objects, 40% free, 22MB/38MB, paused 366us total 17.528ms
08-05 02:20:27.035 26278 26300 I art     : Starting a blocking GC Explicit
08-05 02:20:27.051 26278 26300 I art     : Explicit concurrent mark sweep GC freed 3(96B) AllocSpace objects, 0(0B) LOS objects, 40% free, 22MB/38MB, paused 199us total 15.651ms
08-05 02:20:27.208   512  2967 D audio_hw_primary: disable_audio_route: reset and update mixer path: low-latency-playback speaker
08-05 02:20:27.210   512  2967 D audio_hw_primary: disable_snd_device: snd_device(2: speaker)
08-05 02:20:27.219   512  2967 I soundtrigger: audio_extn_sound_trigger_update_device_status: device 0x2 of type 0 for Event 0
08-05 02:20:27.336 26278 26291 I art     : Starting a blocking GC Explicit
08-05 02:20:27.354 26278 26291 I art     : Explicit concurrent mark sweep GC freed 1396(83KB) AllocSpace objects, 1(20KB) LOS objects, 40% free, 22MB/38MB, paused 224us total 17.826ms
08-05 02:20:27.362 26278 26291 I art     : Starting a blocking GC Explicit
08-05 02:20:27.379 26278 26291 I art     : Explicit concurrent mark sweep GC freed 27(880B) AllocSpace objects, 0(0B) LOS objects, 40% free, 22MB/38MB, paused 225us total 17.030ms
08-05 02:20:27.387 26278 26291 I art     : Starting a blocking GC Explicit
08-05 02:20:27.404 26278 26291 I art     : Explicit concurrent mark sweep GC freed 3(96B) AllocSpace objects, 0(0B) LOS objects, 40% free, 22MB/38MB, paused 215us total 16.797ms
08-05 02:20:27.412 26278 26291 I art     : Starting a blocking GC Explicit
08-05 02:20:27.430 26278 26291 I art     : Explicit concurrent mark sweep GC freed 3(96B) AllocSpace objects, 0(0B) LOS objects, 40% free, 22MB/38MB, paused 216us total 16.892ms
08-05 02:20:27.438 26278 26291 I art     : Starting a blocking GC Explicit
08-05 02:20:27.455 26278 26291 I art     : Explicit concurrent mark sweep GC freed 3(96B) AllocSpace objects, 0(0B) LOS objects, 40% free, 22MB/38MB, paused 220us total 17.092ms
08-05 02:20:27.735 26278 26290 I art     : Starting a blocking GC Explicit
08-05 02:20:27.755 26278 26290 I art     : Explicit concurrent mark sweep GC freed 1363(82KB) AllocSpace objects, 1(20KB) LOS objects, 40% free, 22MB/38MB, paused 233us total 19.435ms
08-05 02:20:27.765 26278 26290 I art     : Starting a blocking GC Explicit
08-05 02:20:27.782 26278 26290 I art     : Explicit concurrent mark sweep GC freed 23(752B) AllocSpace objects, 0(0B) LOS objects, 40% free, 22MB/38MB, paused 220us total 16.758ms
08-05 02:20:27.790 26278 26290 I art     : Starting a blocking GC Explicit
08-05 02:20:27.807 26278 26290 I art     : Explicit concurrent mark sweep GC freed 3(96B) AllocSpace objects, 0(0B) LOS objects, 40% free, 22MB/38MB, paused 218us total 16.896ms
08-05 02:20:27.815 26278 26290 I art     : Starting a blocking GC Explicit
08-05 02:20:27.832 26278 26290 I art     : Explicit concurrent mark sweep GC freed 3(96B) AllocSpace objects, 0(0B) LOS objects, 40% free, 22MB/38MB, paused 209us total 16.643ms
08-05 02:20:27.840 26278 26290 I art     : Starting a blocking GC Explicit
08-05 02:20:27.857 26278 26290 I art     : Explicit concurrent mark sweep GC freed 3(96B) AllocSpace objects, 0(0B) LOS objects, 40% free, 22MB/38MB, paused 270us total 16.324ms
08-05 02:20:28.110 26278 26300 I art     : Starting a blocking GC Explicit
08-05 02:20:28.127 26278 26300 I art     : Explicit concurrent mark sweep GC freed 1362(80KB) AllocSpace objects, 1(20KB) LOS objects, 40% free, 22MB/38MB, paused 318us total 17.088ms
08-05 02:20:28.135 26278 26300 I art     : Starting a blocking GC Explicit
08-05 02:20:28.151 26278 26300 I art     : Explicit concurrent mark sweep GC freed 23(752B) AllocSpace objects, 0(0B) LOS objects, 40% free, 22MB/38MB, paused 214us total 15.873ms
08-05 02:20:28.159 26278 26300 I art     : Starting a blocking GC Explicit
08-05 02:20:28.175 26278 26300 I art     : Explicit concurrent mark sweep GC freed 3(96B) AllocSpace objects, 0(0B) LOS objects, 40% free, 22MB/38MB, paused 215us total 15.948ms
08-05 02:20:28.183 26278 26300 I art     : Starting a blocking GC Explicit
08-05 02:20:28.200 26278 26300 I art     : Explicit concurrent mark sweep GC freed 3(96B) AllocSpace objects, 0(0B) LOS objects, 40% free, 22MB/38MB, paused 213us total 16.013ms
08-05 02:20:28.207 26278 26300 I art     : Starting a blocking GC Explicit
08-05 02:20:28.223 26278 26300 I art     : Explicit concurrent mark sweep GC freed 3(96B) AllocSpace objects, 0(0B) LOS objects, 40% free, 22MB/38MB, paused 216us total 15.752ms
08-05 02:20:28.289 26894 26894 D AndroidRuntime: >>>>>> START com.android.internal.os.RuntimeInit uid 2000 <<<<<<
08-05 02:20:28.294 26894 26894 D AndroidRuntime: CheckJNI is OFF
08-05 02:20:28.329 26894 26894 D ICU     : No timezone override file found: /data/misc/zoneinfo/current/icu/icu_tzdata.dat
08-05 02:20:28.363 26894 26894 I Radio-JNI: register_android_hardware_Radio DONE
08-05 02:20:28.385 26894 26894 D AndroidRuntime: Calling main entry com.android.commands.input.Input
08-05 02:20:28.387 26894 26894 I Input   : injectMotionEvent: MotionEvent { action=ACTION_DOWN, actionButton=0, id[0]=0, x[0]=409.0, y[0]=1034.0, toolType[0]=TOOL_TYPE_UNKNOWN, buttonState=0, metaState=0, flags=0x0, edgeFlags=0x0, pointerCount=1, historySize=0, eventTime=757244800, downTime=757244800, deviceId=0, source=0x1002 }
08-05 02:20:28.391 26894 26894 I Input   : injectMotionEvent: MotionEvent { action=ACTION_UP, actionButton=0, id[0]=0, x[0]=409.0, y[0]=1034.0, toolType[0]=TOOL_TYPE_UNKNOWN, buttonState=0, metaState=0, flags=0x0, edgeFlags=0x0, pointerCount=1, historySize=0, eventTime=757244800, downTime=757244800, deviceId=0, source=0x1002 }
08-05 02:20:28.394 26894 26894 D AndroidRuntime: Shutting down VM
08-05 02:20:28.422   918  3188 I hubconnection: sensorhub said: 'set_bias 3: -6.2400, 0.0000, 0.0000'
08-05 02:20:28.462 26278 26278 D MainActivity: loadFragment(index: 5, args: null)
08-05 02:20:28.462 26278 26278 D MainActivity: loadFragment(tag: AddFeedFragment, args: null)
08-05 02:20:28.462 26278 26278 D MainActivity: saveLastNavFragment(tag: AddFeedFragment)
08-05 02:20:28.463 26278 26278 D MainActivity: getLastNavFragment() -> AddFeedFragment
08-05 02:20:28.463   512  2967 D audio_hw_primary: out_set_parameters: enter: usecase(1: low-latency-playback) kvpairs: routing=2
08-05 02:20:28.476   512  2967 D audio_hw_primary: select_devices: out_snd_device(2: speaker) in_snd_device(0: none)
08-05 02:20:28.476   512  2967 D msm8974_platform: platform_send_audio_calibration: sending audio calibration for snd_device(2) acdb_id(15)
08-05 02:20:28.476   512  2967 I soundtrigger: audio_extn_sound_trigger_update_device_status: device 0x2 of type 0 for Event 1
08-05 02:20:28.478 26278 26291 I art     : Starting a blocking GC Explicit
08-05 02:20:28.492   512  2967 D audio_hw_primary: enable_snd_device: snd_device(2: speaker)
08-05 02:20:28.494   512  2967 D audio_hw_primary: enable_audio_route: apply and update mixer path: low-latency-playback speaker
08-05 02:20:28.496 26278 26291 I art     : Explicit concurrent mark sweep GC freed 2741(169KB) AllocSpace objects, 2(40KB) LOS objects, 40% free, 22MB/38MB, paused 511us total 17.899ms
08-05 02:20:28.505 26278 26291 I art     : Starting a blocking GC Explicit
08-05 02:20:28.524 26278 26291 I art     : Explicit concurrent mark sweep GC freed 888(48KB) AllocSpace objects, 0(0B) LOS objects, 40% free, 23MB/38MB, paused 362us total 18.089ms
08-05 02:20:28.532 26278 26291 I art     : Starting a blocking GC Explicit
08-05 02:20:28.550 26278 26291 I art     : Explicit concurrent mark sweep GC freed 809(48KB) AllocSpace objects, 2(56KB) LOS objects, 40% free, 22MB/38MB, paused 220us total 17.269ms
08-05 02:20:28.558 26278 26291 I art     : Starting a blocking GC Explicit
08-05 02:20:28.574 26278 26291 I art     : Explicit concurrent mark sweep GC freed 437(25KB) AllocSpace objects, 0(0B) LOS objects, 40% free, 22MB/38MB, paused 202us total 15.226ms
08-05 02:20:28.581 26278 26291 I art     : Starting a blocking GC Explicit
08-05 02:20:28.597 26278 26291 I art     : Explicit concurrent mark sweep GC freed 5(160B) AllocSpace objects, 0(0B) LOS objects, 40% free, 22MB/38MB, paused 306us total 15.300ms
08-05 02:20:28.847 26278 26290 I art     : Starting a blocking GC Explicit
08-05 02:20:28.864 26278 26290 I art     : Explicit concurrent mark sweep GC freed 1408(81KB) AllocSpace objects, 1(20KB) LOS objects, 40% free, 22MB/38MB, paused 216us total 17.431ms
08-05 02:20:28.872 26278 26290 I art     : Starting a blocking GC Explicit
08-05 02:20:28.890 26278 26290 I art     : Explicit concurrent mark sweep GC freed 84(2976B) AllocSpace objects, 0(0B) LOS objects, 40% free, 22MB/38MB, paused 212us total 17.116ms
08-05 02:20:28.898 26278 26290 I art     : Starting a blocking GC Explicit
08-05 02:20:28.905 13866 13866 I GoogleInputMethodServic: GoogleInputMethodService.onFinishInput():3138 
08-05 02:20:28.906 13866 13866 I GoogleInputMethodServic: GoogleInputMethodService.onStartInput():1808 
08-05 02:20:28.913 26278 26290 I art     : Explicit concurrent mark sweep GC freed 96(3KB) AllocSpace objects, 0(0B) LOS objects, 40% free, 22MB/38MB, paused 217us total 15.598ms
08-05 02:20:28.921 26278 26290 I art     : Starting a blocking GC Explicit
08-05 02:20:28.936 26278 26290 I art     : Explicit concurrent mark sweep GC freed 79(4KB) AllocSpace objects, 0(0B) LOS objects, 40% free, 22MB/38MB, paused 182us total 14.881ms
08-05 02:20:28.943 26278 26290 I art     : Starting a blocking GC Explicit
08-05 02:20:28.959 26278 26290 I art     : Explicit concurrent mark sweep GC freed 3(96B) AllocSpace objects, 0(0B) LOS objects, 40% free, 22MB/38MB, paused 195us total 14.936ms
08-05 02:20:29.031   512  2967 D audio_hw_primary: disable_audio_route: reset and update mixer path: low-latency-playback speaker
08-05 02:20:29.032   512  2967 D audio_hw_primary: disable_snd_device: snd_device(2: speaker)
08-05 02:20:29.039   512  2967 I soundtrigger: audio_extn_sound_trigger_update_device_status: device 0x2 of type 0 for Event 0
08-05 02:20:29.243 26278 26291 I art     : Starting a blocking GC Explicit
08-05 02:20:29.262 26278 26291 I art     : Explicit concurrent mark sweep GC freed 1362(80KB) AllocSpace objects, 1(20KB) LOS objects, 40% free, 22MB/38MB, paused 248us total 18.563ms
08-05 02:20:29.271 26278 26291 I art     : Starting a blocking GC Explicit
08-05 02:20:29.288 26278 26291 I art     : Explicit concurrent mark sweep GC freed 25(816B) AllocSpace objects, 0(0B) LOS objects, 40% free, 22MB/38MB, paused 205us total 16.629ms
08-05 02:20:29.296 26278 26291 I art     : Starting a blocking GC Explicit
08-05 02:20:29.313 26278 26291 I art     : Explicit concurrent mark sweep GC freed 5(160B) AllocSpace objects, 0(0B) LOS objects, 40% free, 22MB/38MB, paused 198us total 16.296ms
08-05 02:20:29.321 26278 26291 I art     : Starting a blocking GC Explicit
08-05 02:20:29.337 26278 26291 I art     : Explicit concurrent mark sweep GC freed 3(96B) AllocSpace objects, 0(0B) LOS objects, 40% free, 22MB/38MB, paused 203us total 16.132ms
08-05 02:20:29.345 26278 26291 I art     : Starting a blocking GC Explicit
08-05 02:20:29.363 26278 26291 I art     : Explicit concurrent mark sweep GC freed 32(880B) AllocSpace objects, 0(0B) LOS objects, 40% free, 22MB/38MB, paused 212us total 17.134ms
08-05 02:20:29.538   918   918 I ActivityManager: Start proc 26954:baseline.com.newsblur/u0a676 for service baseline.com.newsblur/.service.NBSyncService
08-05 02:20:29.540 26954 26954 I art     : Late-enabling -Xcheck:jni
08-05 02:20:29.541 23763 23763 I Finsky  : [1] xow.onStartJob(3): SCH: onJobSchedulerWakeup with jobId 9011
08-05 02:20:29.547 23763 23763 I Finsky  : [1] xjw.a(9): Scheduling fallback in 43199995 (absolute: 1783833416)
08-05 02:20:29.549 23763 23763 I Finsky  : [1] xjw.a(9): Scheduling fallback in 64799998 (absolute: 1805433422)
08-05 02:20:29.574 26954 26954 W System  : ClassLoader referenced unknown path: /data/app/baseline.com.newsblur-1/lib/arm64
08-05 02:20:29.608 23763 23763 I Finsky  : [1] xow.onStartJob(3): SCH: onJobSchedulerWakeup with jobId 9016
08-05 02:20:29.610 26278 26290 I art     : Starting a blocking GC Explicit
08-05 02:20:29.612 23763 23763 I Finsky  : [1] xjw.a(9): Scheduling fallback in 43199996 (absolute: 1783833483)
08-05 02:20:29.614 23763 23763 I Finsky  : [1] xjw.a(9): Scheduling fallback in 64799999 (absolute: 1805433488)
08-05 02:20:29.618 23763 23763 W Finsky  : [1] xow.onStartJob(9): SCH: onJobSchedulerWakeup while already running
08-05 02:20:29.624 26278 26290 I art     : Explicit concurrent mark sweep GC freed 1362(80KB) AllocSpace objects, 1(20KB) LOS objects, 40% free, 22MB/38MB, paused 185us total 14.334ms
08-05 02:20:29.629 18832 18832 I ServiceManager: Waiting for service AtCmdFwd...
08-05 02:20:29.632 26278 26290 I art     : Starting a blocking GC Explicit
08-05 02:20:29.636 23763 23763 I Finsky  : [1] xkf.handleMessage(8): SCH: DeviceState: DeviceState{currentTime=1596586829633, isCharging=false, isIdle=false, netAny=true, netNotRoaming=true, netUnmetered=true, batteryPercent=100.0}
08-05 02:20:29.641 23763 26248 I Finsky  : [6136] xmu.a(8): SCH: Jobs in database: 1-1337 3-199 3-200 12-1 24-77777777 26-1414141414 
08-05 02:20:29.647 26278 26290 I art     : Explicit concurrent mark sweep GC freed 23(752B) AllocSpace objects, 0(0B) LOS objects, 40% free, 22MB/38MB, paused 263us total 14.605ms
08-05 02:20:29.654 26278 26290 I art     : Starting a blocking GC Explicit
08-05 02:20:29.661 23763 23763 I Finsky  : [1] xkg.a(16): SCH: Running job: 12-1
08-05 02:20:29.661 23763 23763 I Finsky  : [1] ContentSyncJob.a(16): [ContentSync] job started
08-05 02:20:29.662 23763 23763 I Finsky  : [1] xkf.handleMessage(61): SCH: RunningQueue size: 1, PendingQueue size: 0
08-05 02:20:29.662 23763 23763 I Finsky  : [1] xkf.handleMessage(64): SCH: Running queue: 12-1 
08-05 02:20:29.669 26278 26290 I art     : Explicit concurrent mark sweep GC freed 3(96B) AllocSpace objects, 0(0B) LOS objects, 40% free, 22MB/38MB, paused 199us total 14.753ms
08-05 02:20:29.676 26278 26290 I art     : Starting a blocking GC Explicit
08-05 02:20:29.691 26278 26290 I art     : Explicit concurrent mark sweep GC freed 3(96B) AllocSpace objects, 0(0B) LOS objects, 40% free, 22MB/38MB, paused 199us total 14.632ms
08-05 02:20:29.698 26278 26290 I art     : Starting a blocking GC Explicit
08-05 02:20:29.713 26278 26290 I art     : Explicit concurrent mark sweep GC freed 3(96B) AllocSpace objects, 0(0B) LOS objects, 40% free, 22MB/38MB, paused 193us total 14.633ms
08-05 02:20:29.720 23763 26976 I Finsky  : [6146] dzn.a(22): Completed 0 account content syncs with 0 successful.
08-05 02:20:29.721 23763 23763 I Finsky  : [1] ContentSyncJob.a(1): [ContentSync] Installation state replication succeeded.
08-05 02:20:29.721 23763 23763 I Finsky  : [1] xlr.a(13): SCH: jobFinished: 12-1. TimeElapsed: 60ms.
08-05 02:20:29.722 23763 23763 I Finsky  : [1] xkg.a(36): SCH: Job 12-1 finished. Not rescheduling.
08-05 02:20:29.722 23763 23763 I Finsky  : [1] xkf.handleMessage(61): SCH: RunningQueue size: 0, PendingQueue size: 0
08-05 02:20:29.723 23763 23763 I Finsky  : [1] xkf.handleMessage(25): Executor finished
08-05 02:20:29.737 23763 23763 I Finsky  : [1] xmu.a(8): SCH: Jobs in database: 1-1337 3-199 3-200 24-77777777 26-1414141414 
08-05 02:20:29.739 23763 23763 I Finsky  : [1] xio.a(57): SCH: ConstraintMapping: 24-77777777,  -> L: 0ms, D: 67770781ms, C: false, I: true, N: 0
08-05 02:20:29.739 23763 23763 I Finsky  : [1] xio.a(57): SCH: ConstraintMapping: 1-1337,  -> L: 9163803ms, D: 27923172ms, C: false, I: false, N: 1
08-05 02:20:29.739 23763 23763 I Finsky  : [1] xio.a(57): SCH: ConstraintMapping: 3-199,  -> L: 0ms, D: 79363515ms, C: false, I: true, N: 2
08-05 02:20:29.740 23763 23763 I Finsky  : [1] xio.a(57): SCH: ConstraintMapping: 3-200,  -> L: 0ms, D: 79363620ms, C: true, I: true, N: 2
08-05 02:20:29.740 23763 23763 I Finsky  : [1] xio.a(57): SCH: ConstraintMapping: 26-1414141414,  -> L: 32560655ms, D: 33460655ms, C: false, I: false, N: 0
08-05 02:20:29.749 23763 23763 I Finsky  : [1] xle.a(34): Cancelling existing jobscheduler jobs: 9019 9015 9012 9014 9018 9017 9000 9013 
08-05 02:20:29.750 23763 23763 I Finsky  : [1] xle.a(10): Throttling wakeup for job 9001 (expected to run in 0 ms) due to recent wakeup
08-05 02:20:29.750 23763 23763 I Finsky  : [1] xle.a(27): Scheduling job Id: 9001, L: 30000, D: 67770781, C: false, I: true, N: 0
08-05 02:20:29.752 23763 23763 I Finsky  : [1] xle.a(27): Scheduling job Id: 9002, L: 9163803, D: 27923172, C: false, I: false, N: 1
08-05 02:20:29.753 23763 23763 I Finsky  : [1] xle.a(10): Throttling wakeup for job 9003 (expected to run in 0 ms) due to recent wakeup
08-05 02:20:29.753 23763 23763 I Finsky  : [1] xle.a(27): Scheduling job Id: 9003, L: 30000, D: 79363515, C: false, I: true, N: 2
08-05 02:20:29.754 23763 23763 I Finsky  : [1] xle.a(10): Throttling wakeup for job 9004 (expected to run in 0 ms) due to recent wakeup
08-05 02:20:29.755 23763 23763 I Finsky  : [1] xle.a(27): Scheduling job Id: 9004, L: 30000, D: 79363620, C: true, I: true, N: 2
08-05 02:20:29.756 23763 23763 I Finsky  : [1] xle.a(27): Scheduling job Id: 9005, L: 32560655, D: 33460655, C: false, I: false, N: 0
08-05 02:20:29.758 23763 23763 I Finsky  : [1] xle.a(10): Throttling wakeup for job 9006 (expected to run in 0 ms) due to recent wakeup
08-05 02:20:29.758 23763 23763 I Finsky  : [1] xle.a(27): Scheduling job Id: 9006, L: 30000, D: 67770781, C: false, I: true, N: 0
08-05 02:20:29.759 23763 23763 I Finsky  : [1] xle.a(27): Scheduling job Id: 9007, L: 9163803, D: 27923172, C: false, I: false, N: 1
08-05 02:20:29.760 23763 23763 I Finsky  : [1] xle.a(10): Throttling wakeup for job 9008 (expected to run in 0 ms) due to recent wakeup
08-05 02:20:29.761 23763 23763 I Finsky  : [1] xle.a(27): Scheduling job Id: 9008, L: 30000, D: 79363515, C: false, I: true, N: 2
08-05 02:20:29.762 23763 23763 I Finsky  : [1] xle.a(10): Throttling wakeup for job 9009 (expected to run in 0 ms) due to recent wakeup
08-05 02:20:29.762 23763 23763 I Finsky  : [1] xle.a(27): Scheduling job Id: 9009, L: 30000, D: 79363620, C: true, I: true, N: 2
08-05 02:20:29.764 23763 23763 I Finsky  : [1] xle.a(27): Scheduling job Id: 9010, L: 32560655, D: 33460655, C: false, I: false, N: 0
08-05 02:20:29.972 26278 26300 I art     : Starting a blocking GC Explicit
08-05 02:20:29.989 26278 26300 I art     : Explicit concurrent mark sweep GC freed 1362(80KB) AllocSpace objects, 1(20KB) LOS objects, 40% free, 22MB/38MB, paused 215us total 16.932ms
08-05 02:20:29.997 26278 26300 I art     : Starting a blocking GC Explicit
08-05 02:20:30.013 26278 26300 I art     : Explicit concurrent mark sweep GC freed 23(752B) AllocSpace objects, 0(0B) LOS objects, 40% free, 22MB/38MB, paused 213us total 16.084ms
08-05 02:20:30.017 26973 26973 D AndroidRuntime: >>>>>> START com.android.internal.os.RuntimeInit uid 2000 <<<<<<
08-05 02:20:30.021 26278 26300 I art     : Starting a blocking GC Explicit
08-05 02:20:30.022 26973 26973 D AndroidRuntime: CheckJNI is OFF
08-05 02:20:30.037 26278 26300 I art     : Explicit concurrent mark sweep GC freed 3(96B) AllocSpace objects, 0(0B) LOS objects, 40% free, 22MB/38MB, paused 210us total 15.551ms
08-05 02:20:30.044 26278 26300 I art     : Starting a blocking GC Explicit
08-05 02:20:30.056 26973 26973 D ICU     : No timezone override file found: /data/misc/zoneinfo/current/icu/icu_tzdata.dat
08-05 02:20:30.060 26278 26300 I art     : Explicit concurrent mark sweep GC freed 3(96B) AllocSpace objects, 0(0B) LOS objects, 40% free, 22MB/38MB, paused 218us total 16.251ms
08-05 02:20:30.068 26278 26300 I art     : Starting a blocking GC Explicit
08-05 02:20:30.084 26278 26300 I art     : Explicit concurrent mark sweep GC freed 3(96B) AllocSpace objects, 0(0B) LOS objects, 40% free, 22MB/38MB, paused 211us total 16.113ms
08-05 02:20:30.092 26973 26973 I Radio-JNI: register_android_hardware_Radio DONE
08-05 02:20:30.114 26973 26973 D AndroidRuntime: Calling main entry com.android.commands.input.Input
08-05 02:20:30.116 26973 26973 I Input   : injectMotionEvent: MotionEvent { action=ACTION_DOWN, actionButton=0, id[0]=0, x[0]=567.0, y[0]=714.0, toolType[0]=TOOL_TYPE_UNKNOWN, buttonState=0, metaState=0, flags=0x0, edgeFlags=0x0, pointerCount=1, historySize=0, eventTime=757246528, downTime=757246528, deviceId=0, source=0x1002 }
08-05 02:20:30.121 26973 26973 I Input   : injectMotionEvent: MotionEvent { action=ACTION_UP, actionButton=0, id[0]=0, x[0]=567.0, y[0]=714.0, toolType[0]=TOOL_TYPE_UNKNOWN, buttonState=0, metaState=0, flags=0x0, edgeFlags=0x0, pointerCount=1, historySize=0, eventTime=757246528, downTime=757246528, deviceId=0, source=0x1002 }
08-05 02:20:30.123 26973 26973 D AndroidRuntime: Shutting down VM
08-05 02:20:30.134   512  2967 D audio_hw_primary: out_set_parameters: enter: usecase(1: low-latency-playback) kvpairs: routing=2
08-05 02:20:30.147   512  2967 D audio_hw_primary: select_devices: out_snd_device(2: speaker) in_snd_device(0: none)
08-05 02:20:30.147   512  2967 D msm8974_platform: platform_send_audio_calibration: sending audio calibration for snd_device(2) acdb_id(15)
08-05 02:20:30.147   512  2967 I soundtrigger: audio_extn_sound_trigger_update_device_status: device 0x2 of type 0 for Event 1
08-05 02:20:30.157   512  2967 D audio_hw_primary: enable_snd_device: snd_device(2: speaker)
08-05 02:20:30.159   512  2967 D audio_hw_primary: enable_audio_route: apply and update mixer path: low-latency-playback speaker
08-05 02:20:30.164 26278 26802 D AntennapodHttpClient: Creating new instance of HTTP client
08-05 02:20:30.168 13866 13866 I GoogleInputMethodServic: GoogleInputMethodService.onFinishInput():3138 
08-05 02:20:30.169 13866 13866 I GoogleInputMethodServic: GoogleInputMethodService.onStartInput():1808 
08-05 02:20:30.317 26278 26300 I art     : Starting a blocking GC Explicit
08-05 02:20:30.343 26278 26300 I art     : Explicit concurrent mark sweep GC freed 8332(520KB) AllocSpace objects, 3(140KB) LOS objects, 40% free, 23MB/39MB, paused 348us total 24.807ms
08-05 02:20:30.351 26278 26300 I art     : Starting a blocking GC Explicit
08-05 02:20:30.370 26278 26300 I art     : Explicit concurrent mark sweep GC freed 6122(346KB) AllocSpace objects, 1(80KB) LOS objects, 40% free, 23MB/39MB, paused 568us total 19.201ms
08-05 02:20:30.378 26278 26300 I art     : Starting a blocking GC Explicit
08-05 02:20:30.395 26278 26300 I art     : Explicit concurrent mark sweep GC freed 122(11KB) AllocSpace objects, 1(220KB) LOS objects, 40% free, 23MB/39MB, paused 315us total 17.080ms
08-05 02:20:30.403 26278 26300 I art     : Starting a blocking GC Explicit
08-05 02:20:30.421 26278 26300 I art     : Explicit concurrent mark sweep GC freed 34(1536B) AllocSpace objects, 0(0B) LOS objects, 40% free, 23MB/39MB, paused 312us total 17.406ms
08-05 02:20:30.430 26278 26300 I art     : Starting a blocking GC Explicit
08-05 02:20:30.447 26278 26300 I art     : Explicit concurrent mark sweep GC freed 14(512B) AllocSpace objects, 0(0B) LOS objects, 40% free, 23MB/39MB, paused 313us total 17.470ms
08-05 02:20:30.526 26278 26802 I NAPPA_EXPERIMENTATION: MetricNetworkRequestExecutionTime: REQUEST_DURATION_SYSTEM='346',REQUEST_DURATION_OKHTTP='158',REQUEST_SYNCHRONOUS='TRUE',RESPONSE_CODE='400',RESPONSE_METHOD='GET',RESPONSE_LENGTH_OKHTTP='0',RESPONSE_LENGTH_HEADER='0',REQUEST_PROTOCOL='h2',REQUEST_URL='https://itunes.apple.com/en/rss/toppodcasts/limit=25/explicit=true/json',
08-05 02:20:30.629 18832 18832 I ServiceManager: Waiting for service AtCmdFwd...
08-05 02:20:30.680 26278 26802 I NAPPA_EXPERIMENTATION: MetricNetworkRequestExecutionTime: REQUEST_DURATION_SYSTEM='152',REQUEST_DURATION_OKHTTP='150',REQUEST_SYNCHRONOUS='TRUE',RESPONSE_CODE='200',RESPONSE_METHOD='GET',RESPONSE_LENGTH_OKHTTP='-1',RESPONSE_LENGTH_HEADER='10075',REQUEST_PROTOCOL='h2',REQUEST_URL='https://itunes.apple.com/us/rss/toppodcasts/limit=25/explicit=true/json',
08-05 02:20:30.699   512  2967 D audio_hw_primary: disable_audio_route: reset and update mixer path: low-latency-playback speaker
08-05 02:20:30.700   512  2967 D audio_hw_primary: disable_snd_device: snd_device(2: speaker)
08-05 02:20:30.708   512  2967 I soundtrigger: audio_extn_sound_trigger_update_device_status: device 0x2 of type 0 for Event 0
08-05 02:20:30.715 26278 26291 I art     : Starting a blocking GC Explicit
08-05 02:20:30.738 26278 26291 I art     : Explicit concurrent mark sweep GC freed 10362(558KB) AllocSpace objects, 5(372KB) LOS objects, 40% free, 23MB/39MB, paused 1.433ms total 22.736ms
08-05 02:20:30.747 26278 26291 I art     : Starting a blocking GC Explicit
08-05 02:20:30.761 26278 26278 D AntennapodHttpClient: Creating new instance of HTTP client
08-05 02:20:30.770 26278 26291 I art     : Explicit concurrent mark sweep GC freed 640(63KB) AllocSpace objects, 0(0B) LOS objects, 40% free, 23MB/39MB, paused 1.268ms total 23.189ms
08-05 02:20:30.775 26278 27023 D ApOkHttpUrlLoader: buildLoadData() called with: model = [https://is4-ssl.mzstatic.com/image/thumb/Podcasts114/v4/3f/16/74/3f167426-bf50-ce3a-d709-e4301620fc5b/mza_5832671293059882550.jpeg/170x170bb.png], width = [224], height = [224]
08-05 02:20:30.779 26278 26291 I art     : Starting a blocking GC Explicit
08-05 02:20:30.781 26278 27024 D ApOkHttpUrlLoader: buildLoadData() called with: model = [https://is4-ssl.mzstatic.com/image/thumb/Podcasts113/v4/e5/8a/10/e58a108f-f5d0-f622-c94a-13f66edd570c/mza_3025981348644196724.jpg/170x170bb.png], width = [224], height = [224]
08-05 02:20:30.784 26278 27025 D ApOkHttpUrlLoader: buildLoadData() called with: model = [https://is2-ssl.mzstatic.com/image/thumb/Podcasts113/v4/a9/39/cc/a939ccc5-6d60-0c11-0a4c-16d71cdef89b/mza_8787577209688278658.jpg/170x170bb.png], width = [224], height = [224]
08-05 02:20:30.787 26278 27026 D ApOkHttpUrlLoader: buildLoadData() called with: model = [https://is5-ssl.mzstatic.com/image/thumb/Podcasts114/v4/93/cf/99/93cf9960-fff3-205e-6655-72c03ddeccb2/mza_10545582232493904175.jpeg/170x170bb.png], width = [224], height = [224]
08-05 02:20:30.789 26278 27027 D DBReader: getImageAuthentication() called with: imageUrl = [https://is4-ssl.mzstatic.com/image/thumb/Podcasts114/v4/3f/16/74/3f167426-bf50-ce3a-d709-e4301620fc5b/mza_5832671293059882550.jpeg/170x170bb.png]
08-05 02:20:30.789 26278 27028 D DBReader: getImageAuthentication() called with: imageUrl = [https://is4-ssl.mzstatic.com/image/thumb/Podcasts113/v4/e5/8a/10/e58a108f-f5d0-f622-c94a-13f66edd570c/mza_3025981348644196724.jpg/170x170bb.png]
08-05 02:20:30.789 26278 27029 D DBReader: getImageAuthentication() called with: imageUrl = [https://is2-ssl.mzstatic.com/image/thumb/Podcasts113/v4/a9/39/cc/a939ccc5-6d60-0c11-0a4c-16d71cdef89b/mza_8787577209688278658.jpg/170x170bb.png]
08-05 02:20:30.790 26278 27023 D ApOkHttpUrlLoader: buildLoadData() called with: model = [https://is4-ssl.mzstatic.com/image/thumb/Podcasts124/v4/49/a4/91/49a491b7-3daf-c5dc-d7c6-6c4f1486955c/mza_5930014091766152297.png/170x170bb.png], width = [224], height = [224]
08-05 02:20:30.790 26278 27030 D DBReader: getImageAuthentication() called with: imageUrl = [https://is5-ssl.mzstatic.com/image/thumb/Podcasts114/v4/93/cf/99/93cf9960-fff3-205e-6655-72c03ddeccb2/mza_10545582232493904175.jpeg/170x170bb.png]
08-05 02:20:30.791 26278 27031 D DBReader: getImageAuthentication() called with: imageUrl = [https://is4-ssl.mzstatic.com/image/thumb/Podcasts124/v4/49/a4/91/49a491b7-3daf-c5dc-d7c6-6c4f1486955c/mza_5930014091766152297.png/170x170bb.png]
08-05 02:20:30.791 26278 27028 D ApOkHttpUrlLoader: no credentials for 'https://is4-ssl.mzstatic.com/image/thumb/Podcasts113/v4/e5/8a/10/e58a108f-f5d0-f622-c94a-13f66edd570c/mza_3025981348644196724.jpg/170x170bb.png'
08-05 02:20:30.792 26278 27027 D ApOkHttpUrlLoader: no credentials for 'https://is4-ssl.mzstatic.com/image/thumb/Podcasts114/v4/3f/16/74/3f167426-bf50-ce3a-d709-e4301620fc5b/mza_5832671293059882550.jpeg/170x170bb.png'
08-05 02:20:30.792 26278 27029 D ApOkHttpUrlLoader: no credentials for 'https://is2-ssl.mzstatic.com/image/thumb/Podcasts113/v4/a9/39/cc/a939ccc5-6d60-0c11-0a4c-16d71cdef89b/mza_8787577209688278658.jpg/170x170bb.png'
08-05 02:20:30.793 26278 27030 D ApOkHttpUrlLoader: no credentials for 'https://is5-ssl.mzstatic.com/image/thumb/Podcasts114/v4/93/cf/99/93cf9960-fff3-205e-6655-72c03ddeccb2/mza_10545582232493904175.jpeg/170x170bb.png'
08-05 02:20:30.794 26278 27031 D ApOkHttpUrlLoader: no credentials for 'https://is4-ssl.mzstatic.com/image/thumb/Podcasts124/v4/49/a4/91/49a491b7-3daf-c5dc-d7c6-6c4f1486955c/mza_5930014091766152297.png/170x170bb.png'
08-05 02:20:30.795 26278 27024 D ApOkHttpUrlLoader: buildLoadData() called with: model = [https://is5-ssl.mzstatic.com/image/thumb/Podcasts113/v4/fd/54/6e/fd546ea0-7ab2-e3f0-6049-884d82917af9/mza_4855349695799758348.jpeg/170x170bb.png], width = [224], height = [224]
08-05 02:20:30.797 26278 27025 D ApOkHttpUrlLoader: buildLoadData() called with: model = [https://is2-ssl.mzstatic.com/image/thumb/Podcasts114/v4/b3/4c/cf/b34ccfc2-cea4-1ca1-0fad-7793af301cc5/mza_2466085192629456364.jpg/170x170bb.png], width = [224], height = [224]
08-05 02:20:30.803 26278 27032 D DBReader: getImageAuthentication() called with: imageUrl = [https://is5-ssl.mzstatic.com/image/thumb/Podcasts113/v4/fd/54/6e/fd546ea0-7ab2-e3f0-6049-884d82917af9/mza_4855349695799758348.jpeg/170x170bb.png]
08-05 02:20:30.804 26278 27033 D DBReader: getImageAuthentication() called with: imageUrl = [https://is2-ssl.mzstatic.com/image/thumb/Podcasts114/v4/b3/4c/cf/b34ccfc2-cea4-1ca1-0fad-7793af301cc5/mza_2466085192629456364.jpg/170x170bb.png]
08-05 02:20:30.806 26278 27032 D ApOkHttpUrlLoader: no credentials for 'https://is5-ssl.mzstatic.com/image/thumb/Podcasts113/v4/fd/54/6e/fd546ea0-7ab2-e3f0-6049-884d82917af9/mza_4855349695799758348.jpeg/170x170bb.png'
08-05 02:20:30.807 26278 27033 D ApOkHttpUrlLoader: no credentials for 'https://is2-ssl.mzstatic.com/image/thumb/Podcasts114/v4/b3/4c/cf/b34ccfc2-cea4-1ca1-0fad-7793af301cc5/mza_2466085192629456364.jpg/170x170bb.png'
08-05 02:20:30.808 26278 26291 I art     : Explicit concurrent mark sweep GC freed 3299(268KB) AllocSpace objects, 0(0B) LOS objects, 39% free, 24MB/40MB, paused 1.065ms total 28.747ms
08-05 02:20:30.815 26278 26291 I art     : Starting a blocking GC Explicit
08-05 02:20:30.834 26278 26291 I art     : Explicit concurrent mark sweep GC freed 590(31KB) AllocSpace objects, 0(0B) LOS objects, 39% free, 24MB/40MB, paused 718us total 18.978ms
08-05 02:20:30.842 26278 26291 I art     : Starting a blocking GC Explicit
08-05 02:20:30.861 26278 26291 I art     : Explicit concurrent mark sweep GC freed 375(23KB) AllocSpace objects, 0(0B) LOS objects, 39% free, 24MB/40MB, paused 675us total 19.315ms
08-05 02:20:31.143 26278 26290 I art     : Starting a blocking GC Explicit
08-05 02:20:31.177 26278 26290 I art     : Explicit concurrent mark sweep GC freed 27712(1394KB) AllocSpace objects, 4(220KB) LOS objects, 39% free, 24MB/40MB, paused 823us total 33.669ms
08-05 02:20:31.191 26278 26290 I art     : Starting a blocking GC Explicit
08-05 02:20:31.214 26278 26290 I art     : Explicit concurrent mark sweep GC freed 1522(135KB) AllocSpace objects, 0(0B) LOS objects, 39% free, 24MB/40MB, paused 738us total 23.415ms
08-05 02:20:31.223 26278 26290 I art     : Starting a blocking GC Explicit
08-05 02:20:31.238 26278 27027 D MYTAG   : interceptor 2a
08-05 02:20:31.238 26278 27027 I NAPPA_EXPERIMENTATION: MetricNetworkRequestExecutionTime: REQUEST_DURATION_SYSTEM='446',REQUEST_DURATION_OKHTTP='198',REQUEST_SYNCHRONOUS='TRUE',RESPONSE_CODE='200',RESPONSE_METHOD='GET',RESPONSE_LENGTH_OKHTTP='26177',RESPONSE_LENGTH_HEADER='26177',REQUEST_PROTOCOL='h2',REQUEST_URL='https://is4-ssl.mzstatic.com/image/thumb/Podcasts114/v4/3f/16/74/3f167426-bf50-ce3a-d709-e4301620fc5b/mza_5832671293059882550.jpeg/170x170bb.png',
08-05 02:20:31.248 26278 26290 I art     : Explicit concurrent mark sweep GC freed 730(43KB) AllocSpace objects, 0(0B) LOS objects, 39% free, 24MB/40MB, paused 1.484ms total 24.550ms
08-05 02:20:31.257 26278 26290 I art     : Starting a blocking GC Explicit
08-05 02:20:31.279 26278 26290 I art     : Explicit concurrent mark sweep GC freed 99(8KB) AllocSpace objects, 0(0B) LOS objects, 39% free, 24MB/40MB, paused 735us total 22.139ms
08-05 02:20:31.287 26278 26290 I art     : Starting a blocking GC Explicit
08-05 02:20:31.291 26278 27031 D MYTAG   : interceptor 2a
08-05 02:20:31.291 26278 27031 I NAPPA_EXPERIMENTATION: MetricNetworkRequestExecutionTime: REQUEST_DURATION_SYSTEM='497',REQUEST_DURATION_OKHTTP='233',REQUEST_SYNCHRONOUS='TRUE',RESPONSE_CODE='200',RESPONSE_METHOD='GET',RESPONSE_LENGTH_OKHTTP='12000',RESPONSE_LENGTH_HEADER='12000',REQUEST_PROTOCOL='h2',REQUEST_URL='https://is4-ssl.mzstatic.com/image/thumb/Podcasts124/v4/49/a4/91/49a491b7-3daf-c5dc-d7c6-6c4f1486955c/mza_5930014091766152297.png/170x170bb.png',
08-05 02:20:31.309 26278 26290 I art     : Explicit concurrent mark sweep GC freed 432(28KB) AllocSpace objects, 0(0B) LOS objects, 39% free, 24MB/40MB, paused 935us total 21.196ms
08-05 02:20:31.326 26278 27028 D MYTAG   : interceptor 2a
08-05 02:20:31.326 26278 27028 I NAPPA_EXPERIMENTATION: MetricNetworkRequestExecutionTime: REQUEST_DURATION_SYSTEM='535',REQUEST_DURATION_OKHTTP='263',REQUEST_SYNCHRONOUS='TRUE',RESPONSE_CODE='200',RESPONSE_METHOD='GET',RESPONSE_LENGTH_OKHTTP='45995',RESPONSE_LENGTH_HEADER='45995',REQUEST_PROTOCOL='h2',REQUEST_URL='https://is4-ssl.mzstatic.com/image/thumb/Podcasts113/v4/e5/8a/10/e58a108f-f5d0-f622-c94a-13f66edd570c/mza_3025981348644196724.jpg/170x170bb.png',
08-05 02:20:31.334 26278 27032 D MYTAG   : interceptor 2a
08-05 02:20:31.334 26278 27032 I NAPPA_EXPERIMENTATION: MetricNetworkRequestExecutionTime: REQUEST_DURATION_SYSTEM='527',REQUEST_DURATION_OKHTTP='274',REQUEST_SYNCHRONOUS='TRUE',RESPONSE_CODE='200',RESPONSE_METHOD='GET',RESPONSE_LENGTH_OKHTTP='54835',RESPONSE_LENGTH_HEADER='54835',REQUEST_PROTOCOL='h2',REQUEST_URL='https://is5-ssl.mzstatic.com/image/thumb/Podcasts113/v4/fd/54/6e/fd546ea0-7ab2-e3f0-6049-884d82917af9/mza_4855349695799758348.jpeg/170x170bb.png',
08-05 02:20:31.342 26278 27029 D MYTAG   : interceptor 2a
08-05 02:20:31.342 26278 27029 I NAPPA_EXPERIMENTATION: MetricNetworkRequestExecutionTime: REQUEST_DURATION_SYSTEM='549',REQUEST_DURATION_OKHTTP='282',REQUEST_SYNCHRONOUS='TRUE',RESPONSE_CODE='200',RESPONSE_METHOD='GET',RESPONSE_LENGTH_OKHTTP='48239',RESPONSE_LENGTH_HEADER='48239',REQUEST_PROTOCOL='h2',REQUEST_URL='https://is2-ssl.mzstatic.com/image/thumb/Podcasts113/v4/a9/39/cc/a939ccc5-6d60-0c11-0a4c-16d71cdef89b/mza_8787577209688278658.jpg/170x170bb.png',
08-05 02:20:31.360 26278 27030 D MYTAG   : interceptor 2a
08-05 02:20:31.360 26278 27030 I NAPPA_EXPERIMENTATION: MetricNetworkRequestExecutionTime: REQUEST_DURATION_SYSTEM='567',REQUEST_DURATION_OKHTTP='316',REQUEST_SYNCHRONOUS='TRUE',RESPONSE_CODE='200',RESPONSE_METHOD='GET',RESPONSE_LENGTH_OKHTTP='22351',RESPONSE_LENGTH_HEADER='22351',REQUEST_PROTOCOL='h2',REQUEST_URL='https://is5-ssl.mzstatic.com/image/thumb/Podcasts114/v4/93/cf/99/93cf9960-fff3-205e-6655-72c03ddeccb2/mza_10545582232493904175.jpeg/170x170bb.png',
08-05 02:20:31.377 26278 27033 D MYTAG   : interceptor 2a
08-05 02:20:31.378 26278 27033 I NAPPA_EXPERIMENTATION: MetricNetworkRequestExecutionTime: REQUEST_DURATION_SYSTEM='570',REQUEST_DURATION_OKHTTP='324',REQUEST_SYNCHRONOUS='TRUE',RESPONSE_CODE='200',RESPONSE_METHOD='GET',RESPONSE_LENGTH_OKHTTP='42299',RESPONSE_LENGTH_HEADER='42299',REQUEST_PROTOCOL='h2',REQUEST_URL='https://is2-ssl.mzstatic.com/image/thumb/Podcasts114/v4/b3/4c/cf/b34ccfc2-cea4-1ca1-0fad-7793af301cc5/mza_2466085192629456364.jpg/170x170bb.png',
08-05 02:20:31.586 26278 26290 I art     : Starting a blocking GC Explicit
08-05 02:20:31.615 26278 26290 I art     : Explicit concurrent mark sweep GC freed 3984(234KB) AllocSpace objects, 1(20KB) LOS objects, 38% free, 25MB/41MB, paused 686us total 29.284ms
08-05 02:20:31.627 26278 26290 I art     : Starting a blocking GC Explicit
08-05 02:20:31.629 18832 18832 I ServiceManager: Waiting for service AtCmdFwd...
08-05 02:20:31.650 26278 26290 I art     : Explicit concurrent mark sweep GC freed 63(3KB) AllocSpace objects, 0(0B) LOS objects, 38% free, 25MB/41MB, paused 536us total 22.785ms
08-05 02:20:31.659 26278 26290 I art     : Starting a blocking GC Explicit
08-05 02:20:31.682 26278 26290 I art     : Explicit concurrent mark sweep GC freed 3(96B) AllocSpace objects, 0(0B) LOS objects, 38% free, 25MB/41MB, paused 539us total 22.636ms
08-05 02:20:31.690 26278 26290 I art     : Starting a blocking GC Explicit
08-05 02:20:31.713 26278 26290 I art     : Explicit concurrent mark sweep GC freed 3(96B) AllocSpace objects, 0(0B) LOS objects, 38% free, 25MB/41MB, paused 628us total 22.265ms
08-05 02:20:31.722 26278 26290 I art     : Starting a blocking GC Explicit
08-05 02:20:31.744 26278 26290 I art     : Explicit concurrent mark sweep GC freed 3(96B) AllocSpace objects, 0(0B) LOS objects, 38% free, 25MB/41MB, paused 533us total 22.230ms
08-05 02:20:32.068 26278 26291 I art     : Starting a blocking GC Explicit
08-05 02:20:32.096 26278 26291 I art     : Explicit concurrent mark sweep GC freed 1363(80KB) AllocSpace objects, 1(20KB) LOS objects, 38% free, 25MB/41MB, paused 583us total 28.130ms
08-05 02:20:32.108 26278 26291 I art     : Starting a blocking GC Explicit
08-05 02:20:32.131 26278 26291 I art     : Explicit concurrent mark sweep GC freed 23(752B) AllocSpace objects, 0(0B) LOS objects, 38% free, 25MB/41MB, paused 538us total 22.959ms
08-05 02:20:32.140 26278 26291 I art     : Starting a blocking GC Explicit
08-05 02:20:32.163 26278 26291 I art     : Explicit concurrent mark sweep GC freed 3(96B) AllocSpace objects, 0(0B) LOS objects, 38% free, 25MB/41MB, paused 527us total 22.986ms
08-05 02:20:32.172 26278 26291 I art     : Starting a blocking GC Explicit
08-05 02:20:32.194 26278 26291 I art     : Explicit concurrent mark sweep GC freed 3(96B) AllocSpace objects, 0(0B) LOS objects, 38% free, 25MB/41MB, paused 506us total 21.754ms
08-05 02:20:32.203 26278 26291 I art     : Starting a blocking GC Explicit
08-05 02:20:32.226 26278 26291 I art     : Explicit concurrent mark sweep GC freed 3(96B) AllocSpace objects, 0(0B) LOS objects, 38% free, 25MB/41MB, paused 534us total 22.779ms
08-05 02:20:32.538 26278 26300 I art     : Starting a blocking GC Explicit
08-05 02:20:32.562 26278 26300 I art     : Explicit concurrent mark sweep GC freed 1419(81KB) AllocSpace objects, 1(20KB) LOS objects, 38% free, 25MB/41MB, paused 572us total 23.799ms
08-05 02:20:32.571 26278 26300 I art     : Starting a blocking GC Explicit
08-05 02:20:32.594 26278 26300 I art     : Explicit concurrent mark sweep GC freed 26(848B) AllocSpace objects, 0(0B) LOS objects, 38% free, 25MB/41MB, paused 521us total 22.657ms
08-05 02:20:32.602 26278 26300 I art     : Starting a blocking GC Explicit
08-05 02:20:32.623 26278 26300 I art     : Explicit concurrent mark sweep GC freed 3(96B) AllocSpace objects, 0(0B) LOS objects, 38% free, 25MB/41MB, paused 480us total 20.720ms
08-05 02:20:32.630 18832 18832 I ServiceManager: Waiting for service AtCmdFwd...
08-05 02:20:32.632 26278 26300 I art     : Starting a blocking GC Explicit
08-05 02:20:32.653 26278 26300 I art     : Explicit concurrent mark sweep GC freed 3(96B) AllocSpace objects, 0(0B) LOS objects, 38% free, 25MB/41MB, paused 487us total 21.041ms
08-05 02:20:32.662 26278 26300 I art     : Starting a blocking GC Explicit
08-05 02:20:32.683 26278 26300 I art     : Explicit concurrent mark sweep GC freed 3(96B) AllocSpace objects, 0(0B) LOS objects, 38% free, 25MB/41MB, paused 492us total 21.091ms
08-05 02:20:32.988 26278 26291 I art     : Starting a blocking GC Explicit
08-05 02:20:33.015 26278 26291 I art     : Explicit concurrent mark sweep GC freed 1363(80KB) AllocSpace objects, 1(20KB) LOS objects, 38% free, 25MB/41MB, paused 568us total 26.729ms
08-05 02:20:33.027 26278 26291 I art     : Starting a blocking GC Explicit
08-05 02:20:33.051 26278 26291 I art     : Explicit concurrent mark sweep GC freed 23(752B) AllocSpace objects, 0(0B) LOS objects, 38% free, 25MB/41MB, paused 526us total 22.798ms
08-05 02:20:33.059 26278 26291 I art     : Starting a blocking GC Explicit
08-05 02:20:33.081 26278 26291 I art     : Explicit concurrent mark sweep GC freed 3(96B) AllocSpace objects, 0(0B) LOS objects, 38% free, 25MB/41MB, paused 517us total 21.200ms
08-05 02:20:33.089 26278 26291 I art     : Starting a blocking GC Explicit
08-05 02:20:33.112 26278 26291 I art     : Explicit concurrent mark sweep GC freed 3(96B) AllocSpace objects, 0(0B) LOS objects, 38% free, 25MB/41MB, paused 535us total 22.559ms
08-05 02:20:33.121 26278 26291 I art     : Starting a blocking GC Explicit
08-05 02:20:33.144 26278 26291 I art     : Explicit concurrent mark sweep GC freed 3(96B) AllocSpace objects, 0(0B) LOS objects, 38% free, 25MB/41MB, paused 535us total 22.981ms
08-05 02:20:33.480 26278 26290 I art     : Starting a blocking GC Explicit
08-05 02:20:33.513 26278 26290 I art     : Explicit concurrent mark sweep GC freed 1392(80KB) AllocSpace objects, 1(20KB) LOS objects, 38% free, 25MB/41MB, paused 613us total 33.183ms
08-05 02:20:33.528 26278 26290 I art     : Starting a blocking GC Explicit
08-05 02:20:33.554 26278 26290 I art     : Explicit concurrent mark sweep GC freed 23(752B) AllocSpace objects, 0(0B) LOS objects, 38% free, 25MB/41MB, paused 515us total 25.672ms
08-05 02:20:33.563 26278 26290 I art     : Starting a blocking GC Explicit
08-05 02:20:33.586 26278 26290 I art     : Explicit concurrent mark sweep GC freed 3(96B) AllocSpace objects, 0(0B) LOS objects, 38% free, 25MB/41MB, paused 494us total 22.711ms
08-05 02:20:33.595 26278 26290 I art     : Starting a blocking GC Explicit
08-05 02:20:33.617 26278 26290 I art     : Explicit concurrent mark sweep GC freed 3(96B) AllocSpace objects, 0(0B) LOS objects, 38% free, 25MB/41MB, paused 598us total 22.265ms
08-05 02:20:33.626 26278 26290 I art     : Starting a blocking GC Explicit
08-05 02:20:33.631 18832 18832 I ServiceManager: Waiting for service AtCmdFwd...
08-05 02:20:33.648 26278 26290 I art     : Explicit concurrent mark sweep GC freed 3(96B) AllocSpace objects, 0(0B) LOS objects, 38% free, 25MB/41MB, paused 522us total 22.398ms
08-05 02:20:33.987 26278 26300 I art     : Starting a blocking GC Explicit
08-05 02:20:34.021 26278 26300 I art     : Explicit concurrent mark sweep GC freed 1363(80KB) AllocSpace objects, 1(20KB) LOS objects, 38% free, 25MB/41MB, paused 557us total 33.463ms
08-05 02:20:34.035 26278 26300 I art     : Starting a blocking GC Explicit
08-05 02:20:34.057 26278 26300 I art     : Explicit concurrent mark sweep GC freed 23(752B) AllocSpace objects, 0(0B) LOS objects, 38% free, 25MB/41MB, paused 593us total 21.769ms
08-05 02:20:34.066 26278 26300 I art     : Starting a blocking GC Explicit
08-05 02:20:34.088 26278 26300 I art     : Explicit concurrent mark sweep GC freed 3(96B) AllocSpace objects, 0(0B) LOS objects, 38% free, 25MB/41MB, paused 532us total 22.104ms
08-05 02:20:34.097 26278 26300 I art     : Starting a blocking GC Explicit
08-05 02:20:34.119 26278 26300 I art     : Explicit concurrent mark sweep GC freed 3(96B) AllocSpace objects, 0(0B) LOS objects, 38% free, 25MB/41MB, paused 509us total 22.040ms
08-05 02:20:34.127 26278 26300 I art     : Starting a blocking GC Explicit
08-05 02:20:34.149 26278 26300 I art     : Explicit concurrent mark sweep GC freed 3(96B) AllocSpace objects, 0(0B) LOS objects, 38% free, 25MB/41MB, paused 531us total 21.847ms
08-05 02:20:34.461 26278 26291 I art     : Starting a blocking GC Explicit
08-05 02:20:34.490 26278 26291 I art     : Explicit concurrent mark sweep GC freed 1392(80KB) AllocSpace objects, 1(20KB) LOS objects, 38% free, 25MB/41MB, paused 569us total 28.531ms
08-05 02:20:34.501 26278 26291 I art     : Starting a blocking GC Explicit
08-05 02:20:34.524 26278 26291 I art     : Explicit concurrent mark sweep GC freed 23(752B) AllocSpace objects, 0(0B) LOS objects, 38% free, 25MB/41MB, paused 531us total 22.772ms
08-05 02:20:34.532 26278 26291 I art     : Starting a blocking GC Explicit
08-05 02:20:34.555 26278 26291 I art     : Explicit concurrent mark sweep GC freed 3(96B) AllocSpace objects, 0(0B) LOS objects, 38% free, 25MB/41MB, paused 514us total 22.038ms
08-05 02:20:34.564 26278 26291 I art     : Starting a blocking GC Explicit
08-05 02:20:34.585 26278 26291 I art     : Explicit concurrent mark sweep GC freed 3(96B) AllocSpace objects, 0(0B) LOS objects, 38% free, 25MB/41MB, paused 582us total 21.393ms
08-05 02:20:34.594 26278 26291 I art     : Starting a blocking GC Explicit
08-05 02:20:34.616 26278 26291 I art     : Explicit concurrent mark sweep GC freed 3(96B) AllocSpace objects, 0(0B) LOS objects, 38% free, 25MB/41MB, paused 518us total 21.495ms
08-05 02:20:34.631 18832 18832 W Atfwd_Sendcmd: AtCmdFwd service not published, waiting... retryCnt : 4
08-05 02:20:34.780   518   646 I ThermalEngine: ACTION: GPU - Setting GPU[0] to 600000000
08-05 02:20:34.896 26278 26290 I art     : Starting a blocking GC Explicit
08-05 02:20:34.918 26278 26290 I art     : Explicit concurrent mark sweep GC freed 1363(80KB) AllocSpace objects, 1(20KB) LOS objects, 38% free, 25MB/41MB, paused 397us total 21.928ms
08-05 02:20:34.925 26278 26290 I art     : Starting a blocking GC Explicit
08-05 02:20:34.944 26278 26290 I art     : Explicit concurrent mark sweep GC freed 23(752B) AllocSpace objects, 0(0B) LOS objects, 38% free, 25MB/41MB, paused 368us total 18.137ms
08-05 02:20:34.951 26278 26290 I art     : Starting a blocking GC Explicit
08-05 02:20:34.969 26278 26290 I art     : Explicit concurrent mark sweep GC freed 3(96B) AllocSpace objects, 0(0B) LOS objects, 38% free, 25MB/41MB, paused 392us total 17.868ms
08-05 02:20:34.976 26278 26290 I art     : Starting a blocking GC Explicit
08-05 02:20:34.994 26278 26290 I art     : Explicit concurrent mark sweep GC freed 3(96B) AllocSpace objects, 0(0B) LOS objects, 38% free, 25MB/41MB, paused 398us total 18.092ms
08-05 02:20:35.001 26278 26290 I art     : Starting a blocking GC Explicit
08-05 02:20:35.018 26278 26290 I art     : Explicit concurrent mark sweep GC freed 3(96B) AllocSpace objects, 0(0B) LOS objects, 38% free, 25MB/41MB, paused 366us total 17.425ms
08-05 02:20:35.337 26278 26300 I art     : Starting a blocking GC Explicit
08-05 02:20:35.367 26278 26300 I art     : Explicit concurrent mark sweep GC freed 1392(80KB) AllocSpace objects, 1(20KB) LOS objects, 38% free, 25MB/41MB, paused 493us total 29.394ms
08-05 02:20:35.378 26278 26300 I art     : Starting a blocking GC Explicit
08-05 02:20:35.396 26278 26300 I art     : Explicit concurrent mark sweep GC freed 23(752B) AllocSpace objects, 0(0B) LOS objects, 38% free, 25MB/41MB, paused 368us total 17.499ms
08-05 02:20:35.403 26278 26300 I art     : Starting a blocking GC Explicit
08-05 02:20:35.420 26278 26300 I art     : Explicit concurrent mark sweep GC freed 3(96B) AllocSpace objects, 0(0B) LOS objects, 38% free, 25MB/41MB, paused 366us total 16.521ms
08-05 02:20:35.426 26278 26300 I art     : Starting a blocking GC Explicit
08-05 02:20:35.444 26278 26300 I art     : Explicit concurrent mark sweep GC freed 3(96B) AllocSpace objects, 0(0B) LOS objects, 38% free, 25MB/41MB, paused 383us total 17.235ms
08-05 02:20:35.451 26278 26300 I art     : Starting a blocking GC Explicit
08-05 02:20:35.468 26278 26300 I art     : Explicit concurrent mark sweep GC freed 3(96B) AllocSpace objects, 0(0B) LOS objects, 38% free, 25MB/41MB, paused 370us total 17.125ms
08-05 02:20:35.767 26278 26291 I art     : Starting a blocking GC Explicit
08-05 02:20:35.790 26278 26291 I art     : Explicit concurrent mark sweep GC freed 1363(80KB) AllocSpace objects, 1(20KB) LOS objects, 38% free, 25MB/41MB, paused 354us total 22.929ms
08-05 02:20:35.798 26278 26291 I art     : Starting a blocking GC Explicit
08-05 02:20:35.816 26278 26291 I art     : Explicit concurrent mark sweep GC freed 23(752B) AllocSpace objects, 0(0B) LOS objects, 38% free, 25MB/41MB, paused 384us total 18.057ms
08-05 02:20:35.823 26278 26291 I art     : Starting a blocking GC Explicit
08-05 02:20:35.841 26278 26291 I art     : Explicit concurrent mark sweep GC freed 3(96B) AllocSpace objects, 0(0B) LOS objects, 38% free, 25MB/41MB, paused 392us total 17.172ms
08-05 02:20:35.847 26278 26291 I art     : Starting a blocking GC Explicit
08-05 02:20:35.865 26278 26291 I art     : Explicit concurrent mark sweep GC freed 3(96B) AllocSpace objects, 0(0B) LOS objects, 38% free, 25MB/41MB, paused 372us total 17.252ms
08-05 02:20:35.872 26278 26291 I art     : Starting a blocking GC Explicit
08-05 02:20:35.889 26278 26291 I art     : Explicit concurrent mark sweep GC freed 3(96B) AllocSpace objects, 0(0B) LOS objects, 38% free, 25MB/41MB, paused 349us total 17.106ms
08-05 02:20:36.209 26278 26290 I art     : Starting a blocking GC Explicit
08-05 02:20:36.239 26278 26290 I art     : Explicit concurrent mark sweep GC freed 1363(80KB) AllocSpace objects, 1(20KB) LOS objects, 38% free, 25MB/41MB, paused 437us total 29.533ms
08-05 02:20:36.250 26278 26290 I art     : Starting a blocking GC Explicit
08-05 02:20:36.268 26278 26290 I art     : Explicit concurrent mark sweep GC freed 23(752B) AllocSpace objects, 0(0B) LOS objects, 38% free, 25MB/41MB, paused 369us total 18.453ms
08-05 02:20:36.275 26278 26290 I art     : Starting a blocking GC Explicit
08-05 02:20:36.293 26278 26290 I art     : Explicit concurrent mark sweep GC freed 3(96B) AllocSpace objects, 0(0B) LOS objects, 38% free, 25MB/41MB, paused 368us total 17.671ms
08-05 02:20:36.300 26278 26290 I art     : Starting a blocking GC Explicit
08-05 02:20:36.318 26278 26290 I art     : Explicit concurrent mark sweep GC freed 3(96B) AllocSpace objects, 0(0B) LOS objects, 38% free, 25MB/41MB, paused 397us total 17.837ms
08-05 02:20:36.324 26278 26290 I art     : Starting a blocking GC Explicit
08-05 02:20:36.342 26278 26290 I art     : Explicit concurrent mark sweep GC freed 32(880B) AllocSpace objects, 0(0B) LOS objects, 38% free, 25MB/41MB, paused 369us total 17.159ms
08-05 02:20:36.593 26278 26300 I art     : Starting a blocking GC Explicit
08-05 02:20:36.611 26278 26300 I art     : Explicit concurrent mark sweep GC freed 1363(80KB) AllocSpace objects, 1(20KB) LOS objects, 38% free, 25MB/41MB, paused 412us total 17.597ms
08-05 02:20:36.618 26278 26300 I art     : Starting a blocking GC Explicit
08-05 02:20:36.635 26278 26300 I art     : Explicit concurrent mark sweep GC freed 23(752B) AllocSpace objects, 0(0B) LOS objects, 38% free, 25MB/41MB, paused 356us total 17.253ms
08-05 02:20:36.641 26278 26300 I art     : Starting a blocking GC Explicit
08-05 02:20:36.657 26278 26300 I art     : Explicit concurrent mark sweep GC freed 3(96B) AllocSpace objects, 0(0B) LOS objects, 38% free, 25MB/41MB, paused 400us total 15.614ms
08-05 02:20:36.663 26278 26300 I art     : Starting a blocking GC Explicit
08-05 02:20:36.679 26278 26300 I art     : Explicit concurrent mark sweep GC freed 3(96B) AllocSpace objects, 0(0B) LOS objects, 38% free, 25MB/41MB, paused 379us total 15.944ms
08-05 02:20:36.686 26278 26300 I art     : Starting a blocking GC Explicit
08-05 02:20:36.702 26278 26300 I art     : Explicit concurrent mark sweep GC freed 3(96B) AllocSpace objects, 0(0B) LOS objects, 38% free, 25MB/41MB, paused 381us total 16.127ms
08-05 02:20:36.736 27166 27166 D AndroidRuntime: >>>>>> START com.android.internal.os.RuntimeInit uid 2000 <<<<<<
08-05 02:20:36.740 27166 27166 D AndroidRuntime: CheckJNI is OFF
08-05 02:20:36.764 27166 27166 D ICU     : No timezone override file found: /data/misc/zoneinfo/current/icu/icu_tzdata.dat
08-05 02:20:36.790 27166 27166 I Radio-JNI: register_android_hardware_Radio DONE
08-05 02:20:36.806 27166 27166 D AndroidRuntime: Calling main entry com.android.commands.input.Input
08-05 02:20:36.808 27166 27166 I Input   : injectMotionEvent: MotionEvent { action=ACTION_DOWN, actionButton=0, id[0]=0, x[0]=616.0, y[0]=469.0, toolType[0]=TOOL_TYPE_UNKNOWN, buttonState=0, metaState=0, flags=0x0, edgeFlags=0x0, pointerCount=1, historySize=0, eventTime=757253220, downTime=757253220, deviceId=0, source=0x1002 }
08-05 02:20:36.813 27166 27166 I Input   : injectMotionEvent: MotionEvent { action=ACTION_UP, actionButton=0, id[0]=0, x[0]=616.0, y[0]=469.0, toolType[0]=TOOL_TYPE_UNKNOWN, buttonState=0, metaState=0, flags=0x0, edgeFlags=0x0, pointerCount=1, historySize=0, eventTime=757253220, downTime=757253220, deviceId=0, source=0x1002 }
08-05 02:20:36.815 27166 27166 D AndroidRuntime: Shutting down VM
08-05 02:20:36.881   512  2967 D audio_hw_primary: out_set_parameters: enter: usecase(1: low-latency-playback) kvpairs: routing=2
08-05 02:20:36.894   512  2967 D audio_hw_primary: select_devices: out_snd_device(2: speaker) in_snd_device(0: none)
08-05 02:20:36.895   512  2967 D msm8974_platform: platform_send_audio_calibration: sending audio calibration for snd_device(2) acdb_id(15)
08-05 02:20:36.895   512  2967 I soundtrigger: audio_extn_sound_trigger_update_device_status: device 0x2 of type 0 for Event 1
08-05 02:20:36.907   512  2967 D audio_hw_primary: enable_snd_device: snd_device(2: speaker)
08-05 02:20:36.909   512  2967 D audio_hw_primary: enable_audio_route: apply and update mixer path: low-latency-playback speaker
08-05 02:20:36.929 26278 26291 I art     : Starting a blocking GC Explicit
08-05 02:20:36.947 26278 26291 I art     : Explicit concurrent mark sweep GC freed 1596(90KB) AllocSpace objects, 1(20KB) LOS objects, 38% free, 25MB/41MB, paused 481us total 18.243ms
08-05 02:20:36.954 26278 26291 I art     : Starting a blocking GC Explicit
08-05 02:20:36.973 26278 26291 I art     : Explicit concurrent mark sweep GC freed 42(1472B) AllocSpace objects, 0(0B) LOS objects, 38% free, 25MB/41MB, paused 530us total 18.823ms
08-05 02:20:36.980 26278 26291 I art     : Starting a blocking GC Explicit
08-05 02:20:36.997 26278 26291 I art     : Explicit concurrent mark sweep GC freed 9(336B) AllocSpace objects, 0(0B) LOS objects, 38% free, 25MB/41MB, paused 486us total 16.998ms
08-05 02:20:37.004 26278 26291 I art     : Starting a blocking GC Explicit
08-05 02:20:37.021 26278 26291 I art     : Explicit concurrent mark sweep GC freed 10(352B) AllocSpace objects, 0(0B) LOS objects, 38% free, 25MB/41MB, paused 449us total 16.904ms
08-05 02:20:37.028 26278 26291 I art     : Starting a blocking GC Explicit
08-05 02:20:37.044 26278 26291 I art     : Explicit concurrent mark sweep GC freed 11(416B) AllocSpace objects, 0(0B) LOS objects, 38% free, 25MB/41MB, paused 436us total 16.714ms
08-05 02:20:37.117 26278 26298 I NAPPA_EXPERIMENTATION: MetricNetworkRequestExecutionTime: REQUEST_DURATION_SYSTEM='237',REQUEST_DURATION_OKHTTP='235',REQUEST_SYNCHRONOUS='TRUE',RESPONSE_CODE='200',RESPONSE_METHOD='GET',RESPONSE_LENGTH_OKHTTP='-1',RESPONSE_LENGTH_HEADER='628',REQUEST_PROTOCOL='h2',REQUEST_URL='https://itunes.apple.com/lookup?id=1524080195',
08-05 02:20:37.142   918  6112 I ActivityManager: START u0 {cmp=baseline.de.danoeh.antennapod.debug/baseline.de.danoeh.antennapod.activity.OnlineFeedViewActivity (has extras)} from uid 10691 on display 0
08-05 02:20:37.164 13866 13866 I GoogleInputMethodServic: GoogleInputMethodService.onFinishInput():3138 
08-05 02:20:37.166 13866 13866 I GoogleInputMethodServic: GoogleInputMethodService.onStartInput():1808 
08-05 02:20:37.192 26278 26278 D UserPreferences: Using default data folder
08-05 02:20:37.193 26278 26278 D OnlineFeedViewActivity: Activity was started with url https://rss.art19.com/nice-white-parents
08-05 02:20:37.197 26278 26278 D OnlineFeedViewActivity: Starting feed download
08-05 02:20:37.204 26278 26304 D DBReader: Extracting Feedlist
08-05 02:20:37.208   918  3670 D WifiService: acquireWifiLockLocked: WifiLock{Downloader type=1 binder=android.os.BinderProxy@42ae1c9}
08-05 02:20:37.209 26278 26304 D AntennapodHttpClient: Creating new instance of HTTP client
08-05 02:20:37.264 13866 13866 I GoogleInputMethodServic: GoogleInputMethodService.onFinishInput():3138 
08-05 02:20:37.264 13866 13866 I GoogleInputMethodServic: GoogleInputMethodService.onStartInput():1808 
08-05 02:20:37.288   918   936 I ActivityManager: Displayed baseline.de.danoeh.antennapod.debug/baseline.de.danoeh.antennapod.activity.OnlineFeedViewActivity: +122ms
08-05 02:20:37.293 26278 26290 I art     : Starting a blocking GC Explicit
08-05 02:20:37.316 26278 26290 I art     : Explicit concurrent mark sweep GC freed 3887(246KB) AllocSpace objects, 1(20KB) LOS objects, 37% free, 26MB/42MB, paused 591us total 21.904ms
08-05 02:20:37.327 26278 26290 I art     : Starting a blocking GC Explicit
08-05 02:20:37.345 26278 26290 I art     : Explicit concurrent mark sweep GC freed 1279(86KB) AllocSpace objects, 2(120KB) LOS objects, 37% free, 26MB/42MB, paused 538us total 16.942ms
08-05 02:20:37.351 26278 26290 I art     : Starting a blocking GC Explicit
08-05 02:20:37.368 26278 26290 I art     : Explicit concurrent mark sweep GC freed 3986(205KB) AllocSpace objects, 1(80KB) LOS objects, 37% free, 26MB/42MB, paused 473us total 16.819ms
08-05 02:20:37.375 26278 26290 I art     : Starting a blocking GC Explicit
08-05 02:20:37.391 26278 26290 I art     : Explicit concurrent mark sweep GC freed 521(53KB) AllocSpace objects, 0(0B) LOS objects, 37% free, 26MB/42MB, paused 401us total 15.945ms
08-05 02:20:37.397 26278 26290 I art     : Starting a blocking GC Explicit
08-05 02:20:37.413 26278 26290 I art     : Explicit concurrent mark sweep GC freed 31(1408B) AllocSpace objects, 0(0B) LOS objects, 37% free, 26MB/42MB, paused 403us total 16.027ms
08-05 02:20:37.438   512  2967 D audio_hw_primary: disable_audio_route: reset and update mixer path: low-latency-playback speaker
08-05 02:20:37.440   512  2967 D audio_hw_primary: disable_snd_device: snd_device(2: speaker)
08-05 02:20:37.448   512  2967 I soundtrigger: audio_extn_sound_trigger_update_device_status: device 0x2 of type 0 for Event 0
08-05 02:20:37.515 26278 26304 D MYTAG   : interceptor 3a https://rss.art19.com/nice-white-parents
08-05 02:20:37.515 26278 26304 I NAPPA_EXPERIMENTATION: MetricNetworkRequestExecutionTime: REQUEST_DURATION_SYSTEM='305',REQUEST_DURATION_OKHTTP='151',REQUEST_SYNCHRONOUS='TRUE',RESPONSE_CODE='200',RESPONSE_METHOD='GET',RESPONSE_LENGTH_OKHTTP='-1',RESPONSE_LENGTH_HEADER='1803',REQUEST_PROTOCOL='h2',REQUEST_URL='https://rss.art19.com/nice-white-parents',
08-05 02:20:37.516 26278 26304 D HttpDownloader: Response code is 200
08-05 02:20:37.516 26278 26304 D UserPreferences: Using default data folder
08-05 02:20:37.519 26278 26304 D HttpDownloader: Getting size of download
08-05 02:20:37.520 26278 26304 D HttpDownloader: Size is -1
08-05 02:20:37.520 26278 26304 D UserPreferences: Using default data folder
08-05 02:20:37.520 26278 26304 D HttpDownloader: Free space is 20455227392
08-05 02:20:37.520 26278 26304 D HttpDownloader: Starting download
08-05 02:20:37.522   380   380 W SurfaceFlinger: couldn't log to binary event log: overflow.
08-05 02:20:37.528 26278 26304 D HttpDownloader: Download was successful
08-05 02:20:37.532   918  5132 D WifiService: releaseWifiLockLocked: WifiLock{Downloader type=1 binder=android.os.BinderProxy@42ae1c9}
08-05 02:20:37.533 26278 26278 D OnlineFeedViewActivity: Parsing feed
08-05 02:20:37.547 26278 27214 D TypeGetter: Recognized type RSS 2.0
08-05 02:20:37.551 26278 27214 D SyndHandler: Recognized ITunes namespace
08-05 02:20:37.552 26278 27214 D SyndHandler: Recognized Atom namespace
08-05 02:20:37.552 26278 27214 D SyndHandler: Recognized Content namespace
08-05 02:20:37.562 26278 27214 D OnlineFeedViewActivity: Deleted feed source file. Result: true
08-05 02:20:37.562 26278 26278 D OnlineFeedViewActivity: Removing HTML from shownotes
08-05 02:20:37.635 26278 26278 W art     : Before Android 4.1, method int androidx.appcompat.widget.DropDownListView.lookForSelectablePosition(int, boolean) would have incorrectly overridden the package-private method in android.widget.ListView
08-05 02:20:37.642 26278 26278 I ListPopupWindow: Could not find method setEpicenterBounds(Rect) on PopupWindow. Oh well.
08-05 02:20:37.650 26278 27223 D ApOkHttpUrlLoader: buildLoadData() called with: model = [https://content.production.cdn.art19.com/images/89/e0/88/44/89e08844-ac28-4fc0-96fa-15a41fec2014/262c12ed699a8d9720dea0bd66449d998e4a08cf18095bed170ccaa76722045fa5dbf7a366918b2db7e3acf29ad22f6b99fd659a9409cb807bf2781d968932f8.jpeg], width = [350], height = [350]
08-05 02:20:37.657 26278 27033 D DBReader: getImageAuthentication() called with: imageUrl = [https://content.production.cdn.art19.com/images/89/e0/88/44/89e08844-ac28-4fc0-96fa-15a41fec2014/262c12ed699a8d9720dea0bd66449d998e4a08cf18095bed170ccaa76722045fa5dbf7a366918b2db7e3acf29ad22f6b99fd659a9409cb807bf2781d968932f8.jpeg]
08-05 02:20:37.658 26278 27033 D ApOkHttpUrlLoader: no credentials for 'https://content.production.cdn.art19.com/images/89/e0/88/44/89e08844-ac28-4fc0-96fa-15a41fec2014/262c12ed699a8d9720dea0bd66449d998e4a08cf18095bed170ccaa76722045fa5dbf7a366918b2db7e3acf29ad22f6b99fd659a9409cb807bf2781d968932f8.jpeg'
08-05 02:20:37.673 26278 26290 I art     : Starting a blocking GC Explicit
08-05 02:20:37.719 26278 26290 I art     : Explicit concurrent mark sweep GC freed 10218(792KB) AllocSpace objects, 7(232KB) LOS objects, 37% free, 27MB/43MB, paused 806us total 45.279ms
08-05 02:20:37.726 26278 26290 I art     : Starting a blocking GC Explicit
08-05 02:20:37.734 26278 26278 D PlaybackController: Releasing PlaybackController
08-05 02:20:37.747 26278 26290 I art     : Explicit concurrent mark sweep GC freed 6032(301KB) AllocSpace objects, 0(0B) LOS objects, 37% free, 27MB/43MB, paused 481us total 20.509ms
08-05 02:20:37.753 26278 26290 I art     : Starting a blocking GC Explicit
08-05 02:20:37.772 26278 26290 I art     : Explicit concurrent mark sweep GC freed 1848(100KB) AllocSpace objects, 1(112KB) LOS objects, 37% free, 26MB/42MB, paused 636us total 18.593ms
08-05 02:20:37.779 26278 26290 I art     : Starting a blocking GC Explicit
08-05 02:20:37.797 26278 26290 I art     : Explicit concurrent mark sweep GC freed 3603(147KB) AllocSpace objects, 0(0B) LOS objects, 37% free, 26MB/42MB, paused 491us total 18.076ms
08-05 02:20:37.804 26278 26290 I art     : Starting a blocking GC Explicit
08-05 02:20:37.822 26278 26290 I art     : Explicit concurrent mark sweep GC freed 50(1840B) AllocSpace objects, 0(0B) LOS objects, 37% free, 26MB/42MB, paused 569us total 18.454ms
08-05 02:20:37.945 26278 27033 D MYTAG   : interceptor 2a
08-05 02:20:37.945 26278 27033 I NAPPA_EXPERIMENTATION: MetricNetworkRequestExecutionTime: REQUEST_DURATION_SYSTEM='287',REQUEST_DURATION_OKHTTP='157',REQUEST_SYNCHRONOUS='TRUE',RESPONSE_CODE='200',RESPONSE_METHOD='GET',RESPONSE_LENGTH_OKHTTP='2466122',RESPONSE_LENGTH_HEADER='2466122',REQUEST_PROTOCOL='h2',REQUEST_URL='https://content.production.cdn.art19.com/images/89/e0/88/44/89e08844-ac28-4fc0-96fa-15a41fec2014/262c12ed699a8d9720dea0bd66449d998e4a08cf18095bed170ccaa76722045fa5dbf7a366918b2db7e3acf29ad22f6b99fd659a9409cb807bf2781d968932f8.jpeg',
08-05 02:20:38.097 26278 26291 I art     : Starting a blocking GC Explicit
08-05 02:20:38.118 26278 26291 I art     : Explicit concurrent mark sweep GC freed 1842(110KB) AllocSpace objects, 1(20KB) LOS objects, 37% free, 26MB/42MB, paused 451us total 21.323ms
08-05 02:20:38.125 26278 26291 I art     : Starting a blocking GC Explicit
08-05 02:20:38.142 26278 26291 I art     : Explicit concurrent mark sweep GC freed 71(2288B) AllocSpace objects, 0(0B) LOS objects, 37% free, 26MB/42MB, paused 435us total 17.683ms
08-05 02:20:38.149 26278 26291 I art     : Starting a blocking GC Explicit
08-05 02:20:38.167 26278 26291 I art     : Explicit concurrent mark sweep GC freed 58(1856B) AllocSpace objects, 0(0B) LOS objects, 37% free, 26MB/42MB, paused 607us total 17.783ms
08-05 02:20:38.173 26278 26291 I art     : Starting a blocking GC Explicit
08-05 02:20:38.191 26278 26291 I art     : Explicit concurrent mark sweep GC freed 59(1888B) AllocSpace objects, 0(0B) LOS objects, 37% free, 26MB/42MB, paused 453us total 17.724ms
08-05 02:20:38.198 26278 26291 I art     : Starting a blocking GC Explicit
08-05 02:20:38.216 26278 26291 I art     : Explicit concurrent mark sweep GC freed 56(1792B) AllocSpace objects, 0(0B) LOS objects, 37% free, 26MB/42MB, paused 567us total 17.196ms
08-05 02:20:38.479 26278 26290 I art     : Starting a blocking GC Explicit
08-05 02:20:38.504 26278 26290 I art     : Explicit concurrent mark sweep GC freed 2657(149KB) AllocSpace objects, 1(20KB) LOS objects, 36% free, 27MB/43MB, paused 649us total 25.524ms
08-05 02:20:38.512 26278 26290 I art     : Starting a blocking GC Explicit
08-05 02:20:38.534 26278 26290 I art     : Explicit concurrent mark sweep GC freed 42(1312B) AllocSpace objects, 0(0B) LOS objects, 36% free, 27MB/43MB, paused 472us total 21.253ms
08-05 02:20:38.541 26278 26290 I art     : Starting a blocking GC Explicit
08-05 02:20:38.562 26278 26290 I art     : Explicit concurrent mark sweep GC freed 3(96B) AllocSpace objects, 0(0B) LOS objects, 36% free, 27MB/43MB, paused 458us total 20.013ms
08-05 02:20:38.569 26278 26290 I art     : Starting a blocking GC Explicit
08-05 02:20:38.589 26278 26290 I art     : Explicit concurrent mark sweep GC freed 3(96B) AllocSpace objects, 0(0B) LOS objects, 36% free, 27MB/43MB, paused 445us total 20.211ms
08-05 02:20:38.596 26278 26290 I art     : Starting a blocking GC Explicit
08-05 02:20:38.617 26278 26290 I art     : Explicit concurrent mark sweep GC freed 3(96B) AllocSpace objects, 0(0B) LOS objects, 36% free, 27MB/43MB, paused 501us total 20.152ms
08-05 02:20:38.788   518   646 I ThermalEngine: ACTION: GPU - Setting GPU[0] to 510000000
08-05 02:20:38.921 26278 26291 I art     : Starting a blocking GC Explicit
08-05 02:20:38.955 26278 26291 I art     : Explicit concurrent mark sweep GC freed 1369(80KB) AllocSpace objects, 1(20KB) LOS objects, 36% free, 27MB/43MB, paused 676us total 32.993ms
08-05 02:20:38.967 26278 26291 I art     : Starting a blocking GC Explicit
08-05 02:20:38.993 26278 26291 I art     : Explicit concurrent mark sweep GC freed 23(752B) AllocSpace objects, 0(0B) LOS objects, 36% free, 27MB/43MB, paused 620us total 25.738ms
08-05 02:20:39.003 26278 26291 I art     : Starting a blocking GC Explicit
08-05 02:20:39.029 26278 26291 I art     : Explicit concurrent mark sweep GC freed 3(96B) AllocSpace objects, 0(0B) LOS objects, 36% free, 27MB/43MB, paused 617us total 26.038ms
08-05 02:20:39.038 26278 26291 I art     : Starting a blocking GC Explicit
08-05 02:20:39.064 26278 26291 I art     : Explicit concurrent mark sweep GC freed 3(96B) AllocSpace objects, 0(0B) LOS objects, 36% free, 27MB/43MB, paused 615us total 25.758ms
08-05 02:20:39.074 26278 26291 I art     : Starting a blocking GC Explicit
08-05 02:20:39.100 26278 26291 I art     : Explicit concurrent mark sweep GC freed 3(96B) AllocSpace objects, 0(0B) LOS objects, 36% free, 27MB/43MB, paused 655us total 26.167ms
08-05 02:20:39.420 26278 26300 I art     : Starting a blocking GC Explicit
08-05 02:20:39.447 26278 26300 I art     : Explicit concurrent mark sweep GC freed 1420(81KB) AllocSpace objects, 1(20KB) LOS objects, 36% free, 27MB/43MB, paused 580us total 26.001ms
08-05 02:20:39.457 26278 26300 I art     : Starting a blocking GC Explicit
08-05 02:20:39.483 26278 26300 I art     : Explicit concurrent mark sweep GC freed 28(912B) AllocSpace objects, 0(0B) LOS objects, 36% free, 27MB/43MB, paused 584us total 25.168ms
08-05 02:20:39.492 26278 26300 I art     : Starting a blocking GC Explicit
08-05 02:20:39.517 26278 26300 I art     : Explicit concurrent mark sweep GC freed 3(96B) AllocSpace objects, 0(0B) LOS objects, 36% free, 27MB/43MB, paused 567us total 24.569ms
08-05 02:20:39.526 26278 26300 I art     : Starting a blocking GC Explicit
08-05 02:20:39.550 26278 26300 I art     : Explicit concurrent mark sweep GC freed 3(96B) AllocSpace objects, 0(0B) LOS objects, 36% free, 27MB/43MB, paused 591us total 23.367ms
08-05 02:20:39.559 26278 26300 I art     : Starting a blocking GC Explicit
08-05 02:20:39.583 26278 26300 I art     : Explicit concurrent mark sweep GC freed 3(96B) AllocSpace objects, 0(0B) LOS objects, 36% free, 27MB/43MB, paused 634us total 24.510ms
08-05 02:20:39.909 26278 26290 I art     : Starting a blocking GC Explicit
08-05 02:20:39.938 26278 26290 I art     : Explicit concurrent mark sweep GC freed 1367(82KB) AllocSpace objects, 1(20KB) LOS objects, 36% free, 27MB/43MB, paused 656us total 27.943ms
08-05 02:20:39.947 26278 26290 I art     : Starting a blocking GC Explicit
08-05 02:20:39.973 26278 26290 I art     : Explicit concurrent mark sweep GC freed 23(752B) AllocSpace objects, 0(0B) LOS objects, 36% free, 27MB/43MB, paused 627us total 25.524ms
08-05 02:20:39.982 26278 26290 I art     : Starting a blocking GC Explicit
08-05 02:20:40.009 26278 26290 I art     : Explicit concurrent mark sweep GC freed 3(96B) AllocSpace objects, 0(0B) LOS objects, 36% free, 27MB/43MB, paused 618us total 26.340ms
08-05 02:20:40.018 26278 26290 I art     : Starting a blocking GC Explicit
08-05 02:20:40.044 26278 26290 I art     : Explicit concurrent mark sweep GC freed 3(96B) AllocSpace objects, 0(0B) LOS objects, 36% free, 27MB/43MB, paused 631us total 25.467ms
08-05 02:20:40.053 26278 26290 I art     : Starting a blocking GC Explicit
08-05 02:20:40.079 26278 26290 I art     : Explicit concurrent mark sweep GC freed 3(96B) AllocSpace objects, 0(0B) LOS objects, 36% free, 27MB/43MB, paused 625us total 25.545ms
08-05 02:20:40.403 26278 26291 I art     : Starting a blocking GC Explicit
08-05 02:20:40.436 26278 26291 I art     : Explicit concurrent mark sweep GC freed 1395(80KB) AllocSpace objects, 1(20KB) LOS objects, 36% free, 27MB/43MB, paused 671us total 32.498ms
08-05 02:20:40.448 26278 26291 I art     : Starting a blocking GC Explicit
08-05 02:20:40.475 26278 26291 I art     : Explicit concurrent mark sweep GC freed 23(752B) AllocSpace objects, 0(0B) LOS objects, 36% free, 27MB/43MB, paused 636us total 26.467ms
08-05 02:20:40.485 26278 26291 I art     : Starting a blocking GC Explicit
08-05 02:20:40.511 26278 26291 I art     : Explicit concurrent mark sweep GC freed 3(96B) AllocSpace objects, 0(0B) LOS objects, 36% free, 27MB/43MB, paused 633us total 26.317ms
08-05 02:20:40.521 26278 26291 I art     : Starting a blocking GC Explicit
08-05 02:20:40.547 26278 26291 I art     : Explicit concurrent mark sweep GC freed 3(96B) AllocSpace objects, 0(0B) LOS objects, 36% free, 27MB/43MB, paused 729us total 26.448ms
08-05 02:20:40.557 26278 26291 I art     : Starting a blocking GC Explicit
08-05 02:20:40.583 26278 26291 I art     : Explicit concurrent mark sweep GC freed 3(96B) AllocSpace objects, 0(0B) LOS objects, 36% free, 27MB/43MB, paused 623us total 26.104ms
08-05 02:20:40.909 26278 26300 I art     : Starting a blocking GC Explicit
08-05 02:20:40.942 26278 26300 I art     : Explicit concurrent mark sweep GC freed 1366(80KB) AllocSpace objects, 1(20KB) LOS objects, 36% free, 27MB/43MB, paused 688us total 32.800ms
08-05 02:20:40.955 26278 26300 I art     : Starting a blocking GC Explicit
08-05 02:20:40.981 26278 26300 I art     : Explicit concurrent mark sweep GC freed 23(752B) AllocSpace objects, 0(0B) LOS objects, 36% free, 27MB/43MB, paused 616us total 26.270ms
08-05 02:20:40.991 26278 26300 I art     : Starting a blocking GC Explicit
08-05 02:20:41.017 26278 26300 I art     : Explicit concurrent mark sweep GC freed 3(96B) AllocSpace objects, 0(0B) LOS objects, 36% free, 27MB/43MB, paused 803us total 25.703ms
08-05 02:20:41.026 26278 26300 I art     : Starting a blocking GC Explicit
08-05 02:20:41.052 26278 26300 I art     : Explicit concurrent mark sweep GC freed 3(96B) AllocSpace objects, 0(0B) LOS objects, 36% free, 27MB/43MB, paused 616us total 25.143ms
08-05 02:20:41.061 26278 26300 I art     : Starting a blocking GC Explicit
08-05 02:20:41.086 26278 26300 I art     : Explicit concurrent mark sweep GC freed 3(96B) AllocSpace objects, 0(0B) LOS objects, 36% free, 27MB/43MB, paused 595us total 25.026ms
08-05 02:20:41.378 26278 26290 I art     : Starting a blocking GC Explicit
08-05 02:20:41.413 26278 26290 I art     : Explicit concurrent mark sweep GC freed 1395(80KB) AllocSpace objects, 1(20KB) LOS objects, 36% free, 27MB/43MB, paused 916us total 34.297ms
08-05 02:20:41.422 26278 26290 I art     : Starting a blocking GC Explicit
08-05 02:20:41.446 26278 26290 I art     : Explicit concurrent mark sweep GC freed 23(752B) AllocSpace objects, 0(0B) LOS objects, 36% free, 27MB/43MB, paused 615us total 23.912ms
08-05 02:20:41.455 26278 26290 I art     : Starting a blocking GC Explicit
08-05 02:20:41.479 26278 26290 I art     : Explicit concurrent mark sweep GC freed 3(96B) AllocSpace objects, 0(0B) LOS objects, 36% free, 27MB/43MB, paused 614us total 23.950ms
08-05 02:20:41.488 26278 26290 I art     : Starting a blocking GC Explicit
08-05 02:20:41.503 27296 27296 D AndroidRuntime: >>>>>> START com.android.internal.os.RuntimeInit uid 2000 <<<<<<
08-05 02:20:41.508 27296 27296 D AndroidRuntime: CheckJNI is OFF
08-05 02:20:41.512 26278 26290 I art     : Explicit concurrent mark sweep GC freed 3(96B) AllocSpace objects, 0(0B) LOS objects, 36% free, 27MB/43MB, paused 658us total 24.636ms
08-05 02:20:41.521 26278 26290 I art     : Starting a blocking GC Explicit
08-05 02:20:41.543 27296 27296 D ICU     : No timezone override file found: /data/misc/zoneinfo/current/icu/icu_tzdata.dat
08-05 02:20:41.546 26278 26290 I art     : Explicit concurrent mark sweep GC freed 3(96B) AllocSpace objects, 0(0B) LOS objects, 36% free, 27MB/43MB, paused 679us total 23.938ms
08-05 02:20:41.576 27296 27296 I Radio-JNI: register_android_hardware_Radio DONE
08-05 02:20:41.597 27296 27296 D AndroidRuntime: Calling main entry com.android.commands.input.Input
08-05 02:20:41.599 27296 27296 I Input   : injectMotionEvent: MotionEvent { action=ACTION_DOWN, actionButton=0, id[0]=0, x[0]=625.0, y[0]=832.0, toolType[0]=TOOL_TYPE_UNKNOWN, buttonState=0, metaState=0, flags=0x0, edgeFlags=0x0, pointerCount=1, historySize=0, eventTime=757258012, downTime=757258012, deviceId=0, source=0x1002 }
08-05 02:20:41.604 27296 27296 I Input   : injectMotionEvent: MotionEvent { action=ACTION_UP, actionButton=0, id[0]=0, x[0]=625.0, y[0]=832.0, toolType[0]=TOOL_TYPE_UNKNOWN, buttonState=0, metaState=0, flags=0x0, edgeFlags=0x0, pointerCount=1, historySize=0, eventTime=757258012, downTime=757258012, deviceId=0, source=0x1002 }
08-05 02:20:41.607 27296 27296 D AndroidRuntime: Shutting down VM
08-05 02:20:41.615 26278 26278 D UserPreferences: Using default data folder
08-05 02:20:41.615   512  2967 D audio_hw_primary: out_set_parameters: enter: usecase(1: low-latency-playback) kvpairs: routing=2
08-05 02:20:41.616 26278 26278 D DownloadRequester: partiallyDownloadedFileExists: false
08-05 02:20:41.617 26278 26278 D DownloadRequester: /storage/emulated/0/Android/data/baseline.de.danoeh.antennapod.debug/files/cache/feed-Nice White Parents is available as a download destination
08-05 02:20:41.619 26278 26278 D DownloadRequester: Requesting download of url https://rss.art19.com/nice-white-parents
08-05 02:20:41.626 26278 26278 D DownloadService: Service started
08-05 02:20:41.627 26278 26278 D DownloadService: parallel downloads: 4
08-05 02:20:41.628   512  2967 D audio_hw_primary: select_devices: out_snd_device(2: speaker) in_snd_device(0: none)
08-05 02:20:41.628   512  2967 D msm8974_platform: platform_send_audio_calibration: sending audio calibration for snd_device(2) acdb_id(15)
08-05 02:20:41.628   512  2967 I soundtrigger: audio_extn_sound_trigger_update_device_status: device 0x2 of type 0 for Event 1
08-05 02:20:41.628 26278 27319 D downloadCompletionThd: downloadCompletionThread was started
08-05 02:20:41.629 26278 26278 D DownloadService: Notification set up
08-05 02:20:41.639   512  2967 D audio_hw_primary: enable_snd_device: snd_device(2: speaker)
08-05 02:20:41.641   512  2967 D audio_hw_primary: enable_audio_route: apply and update mixer path: low-latency-playback speaker
08-05 02:20:41.646 26278 26278 D DownloadService: Received enqueue request
08-05 02:20:41.648 26278 26278 D OnlineFeedViewActivity: onEventMainThread() called with: event = [DownloadEvent{update=DownloaderUpdate{downloaders=[baseline.de.danoeh.antennapod.core.service.download.HttpDownloader@7b0b3ff], feedIds=[0], mediaIds=[]}}]
08-05 02:20:41.648 26278 26278 D DownloadService: 1 downloads left
08-05 02:20:41.648 26278 26278 D DownloadService: Setting up notification updater
08-05 02:20:41.649   918   928 D WifiService: acquireWifiLockLocked: WifiLock{Downloader type=1 binder=android.os.BinderProxy@56dbb00}
08-05 02:20:41.649 26278 27322 D AntennapodHttpClient: Creating new instance of HTTP client
08-05 02:20:41.787 26278 26300 I art     : Starting a blocking GC Explicit
08-05 02:20:41.815 26278 26300 I art     : Explicit concurrent mark sweep GC freed 6476(346KB) AllocSpace objects, 3(140KB) LOS objects, 36% free, 27MB/43MB, paused 827us total 27.589ms
08-05 02:20:41.826 26278 26300 I art     : Starting a blocking GC Explicit
08-05 02:20:41.850 26278 26300 I art     : Explicit concurrent mark sweep GC freed 1614(140KB) AllocSpace objects, 1(80KB) LOS objects, 36% free, 27MB/43MB, paused 753us total 23.579ms
08-05 02:20:41.858 26278 26300 I art     : Starting a blocking GC Explicit
08-05 02:20:41.883 26278 26300 I art     : Explicit concurrent mark sweep GC freed 32(1456B) AllocSpace objects, 0(0B) LOS objects, 36% free, 27MB/43MB, paused 721us total 24.219ms
08-05 02:20:41.891 26278 26300 I art     : Starting a blocking GC Explicit
08-05 02:20:41.915 26278 26300 I art     : Explicit concurrent mark sweep GC freed 9(320B) AllocSpace objects, 0(0B) LOS objects, 36% free, 27MB/43MB, paused 742us total 23.884ms
08-05 02:20:41.925 26278 26300 I art     : Starting a blocking GC Explicit
08-05 02:20:41.950 26278 26300 I art     : Explicit concurrent mark sweep GC freed 5(160B) AllocSpace objects, 0(0B) LOS objects, 36% free, 27MB/43MB, paused 772us total 25.354ms
08-05 02:20:41.974 26278 27322 D MYTAG   : interceptor 3a https://rss.art19.com/nice-white-parents
08-05 02:20:41.974 26278 27322 I NAPPA_EXPERIMENTATION: MetricNetworkRequestExecutionTime: REQUEST_DURATION_SYSTEM='323',REQUEST_DURATION_OKHTTP='155',REQUEST_SYNCHRONOUS='TRUE',RESPONSE_CODE='200',RESPONSE_METHOD='GET',RESPONSE_LENGTH_OKHTTP='-1',RESPONSE_LENGTH_HEADER='1803',REQUEST_PROTOCOL='h2',REQUEST_URL='https://rss.art19.com/nice-white-parents',
08-05 02:20:41.974 26278 27322 D HttpDownloader: Response code is 200
08-05 02:20:41.974 26278 27322 D UserPreferences: Using default data folder
08-05 02:20:41.977 26278 27322 D HttpDownloader: Getting size of download
08-05 02:20:41.978 26278 27322 D HttpDownloader: Size is -1
08-05 02:20:41.978 26278 27322 D UserPreferences: Using default data folder
08-05 02:20:41.978 26278 27322 D HttpDownloader: Free space is 20452720640
08-05 02:20:41.979 26278 27322 D HttpDownloader: Starting download
08-05 02:20:41.979 26278 27322 D HttpDownloader: Download was successful
08-05 02:20:41.980   918  5132 D WifiService: releaseWifiLockLocked: WifiLock{Downloader type=1 binder=android.os.BinderProxy@56dbb00}
08-05 02:20:41.981 26278 27319 D downloadCompletionThd: Received 'Download Complete' - message.
08-05 02:20:41.981 26278 27319 D DownloadService: Handling completed Feed Download
08-05 02:20:41.981 26278 26278 D DownloadService: Removing downloader: https://rss.art19.com/nice-white-parents
08-05 02:20:41.981 26278 26278 D DownloadService: Result of downloads.remove: true
08-05 02:20:41.981 26278 26278 D OnlineFeedViewActivity: onEventMainThread() called with: event = [DownloadEvent{update=DownloaderUpdate{downloaders=[], feedIds=[], mediaIds=[]}}]
08-05 02:20:41.984 26278 27338 D TypeGetter: Recognized type RSS 2.0
08-05 02:20:41.985 26278 27338 D SyndHandler: Recognized ITunes namespace
08-05 02:20:41.985 26278 27338 D SyndHandler: Recognized Atom namespace
08-05 02:20:41.985 26278 27338 D SyndHandler: Recognized Content namespace
08-05 02:20:41.989 26278 27338 D FeedSyncThread: Nice White Parents parsed
08-05 02:20:41.990 26278 27338 D FeedSyncThread: Deletion of file '/storage/emulated/0/Android/data/baseline.de.danoeh.antennapod.debug/files/cache/feed-Nice White Parents' successful
08-05 02:20:41.990 26278 27338 D DBReader: getFeedDownloadLog() called with: feed = [baseline.de.danoeh.antennapod.core.feed.Feed@0]
08-05 02:20:41.991 26278 27320 D FeedSyncThread: Bundling 1 feeds
08-05 02:20:41.992 26278 27339 D DBReader: Extracting Feedlist
08-05 02:20:41.993 26278 27339 D DBTasks : Found no existing Feed with title Nice White Parents. Adding as new one.
08-05 02:20:41.995 26278 27340 D PodDBAdapter: Setting feed with flattr status Nice White Parents: 0
08-05 02:20:41.995 26278 27340 D baseline.de.danoeh.antennapod.core.storage.PodDBAdapter@5e5c264: Inserting new Feed into db
08-05 02:20:42.009 26278 26278 D EventDistributor: Processing event queue. Number of events: 1
08-05 02:20:42.009 26278 26278 D EventDistributor: Notifying observers. Data: 1
08-05 02:20:42.010 26278 26278 D DownloadService: 0 downloads left
08-05 02:20:42.010 26278 26802 D DBReader: Extracting Feedlist
08-05 02:20:42.010 26278 26278 D DownloadService: Number of downloads is 0, attempting shutdown
08-05 02:20:42.012 26278 26278 D DownloadService: Service shutting down
08-05 02:20:42.012 26278 26278 D DownloadService: No report is created
08-05 02:20:42.012 26278 26278 D OnlineFeedViewActivity: onEventMainThread() called with: event = [DownloadEvent{update=DownloaderUpdate{downloaders=[], feedIds=[], mediaIds=[]}}]
08-05 02:20:42.013 26278 26278 D DownloadService: NotificationUpdater cancelled. Result: false
08-05 02:20:42.014 26278 27319 E downloadCompletionThd: DownloadCompletionThread was interrupted
08-05 02:20:42.014 26278 26278 D DBTasks : autodownloadUndownloadedItems
08-05 02:20:42.016 26278 27341 D NetworkUtils: Device is connected to Wi-Fi
08-05 02:20:42.016 26278 27341 D NetworkUtils: Auto-dl filter is disabled
08-05 02:20:42.179   512  2967 D audio_hw_primary: disable_audio_route: reset and update mixer path: low-latency-playback speaker
08-05 02:20:42.181   512  2967 D audio_hw_primary: disable_snd_device: snd_device(2: speaker)
08-05 02:20:42.188   512  2967 I soundtrigger: audio_extn_sound_trigger_update_device_status: device 0x2 of type 0 for Event 0
08-05 02:20:42.225 26278 26300 I art     : Starting a blocking GC Explicit
08-05 02:20:42.250 26278 26300 I art     : Explicit concurrent mark sweep GC freed 2870(357KB) AllocSpace objects, 5(100KB) LOS objects, 36% free, 27MB/43MB, paused 739us total 24.864ms
08-05 02:20:42.258 26278 26300 I art     : Starting a blocking GC Explicit
08-05 02:20:42.284 26278 26300 I art     : Explicit concurrent mark sweep GC freed 343(16KB) AllocSpace objects, 0(0B) LOS objects, 36% free, 27MB/43MB, paused 748us total 25.229ms
08-05 02:20:42.293 26278 26300 I art     : Starting a blocking GC Explicit
08-05 02:20:42.318 26278 26300 I art     : Explicit concurrent mark sweep GC freed 6(224B) AllocSpace objects, 0(0B) LOS objects, 36% free, 27MB/43MB, paused 931us total 25.321ms
08-05 02:20:42.327 26278 26300 I art     : Starting a blocking GC Explicit
08-05 02:20:42.354 26278 26300 I art     : Explicit concurrent mark sweep GC freed 32(880B) AllocSpace objects, 0(0B) LOS objects, 36% free, 27MB/43MB, paused 759us total 26.035ms
08-05 02:20:42.363 26278 26300 I art     : Starting a blocking GC Explicit
08-05 02:20:42.389 26278 26300 I art     : Explicit concurrent mark sweep GC freed 3(96B) AllocSpace objects, 0(0B) LOS objects, 36% free, 27MB/43MB, paused 755us total 25.694ms
08-05 02:20:42.686 26278 26300 I art     : Starting a blocking GC Explicit
08-05 02:20:42.720 26278 26300 I art     : Explicit concurrent mark sweep GC freed 1368(80KB) AllocSpace objects, 1(20KB) LOS objects, 36% free, 27MB/43MB, paused 790us total 33.787ms
08-05 02:20:42.729 26278 26300 I art     : Starting a blocking GC Explicit
08-05 02:20:42.755 26278 26300 I art     : Explicit concurrent mark sweep GC freed 25(816B) AllocSpace objects, 0(0B) LOS objects, 36% free, 27MB/43MB, paused 729us total 26.059ms
08-05 02:20:42.765 26278 26300 I art     : Starting a blocking GC Explicit
08-05 02:20:42.792 26278 26300 I art     : Explicit concurrent mark sweep GC freed 3(96B) AllocSpace objects, 0(0B) LOS objects, 36% free, 27MB/43MB, paused 726us total 26.859ms
08-05 02:20:42.801 26278 26300 I art     : Starting a blocking GC Explicit
08-05 02:20:42.829 26278 26300 I art     : Explicit concurrent mark sweep GC freed 3(96B) AllocSpace objects, 0(0B) LOS objects, 36% free, 27MB/43MB, paused 748us total 27.727ms
08-05 02:20:42.839 26278 26300 I art     : Starting a blocking GC Explicit
08-05 02:20:42.866 26278 26300 I art     : Explicit concurrent mark sweep GC freed 3(96B) AllocSpace objects, 0(0B) LOS objects, 36% free, 27MB/43MB, paused 755us total 27.085ms
08-05 02:20:43.176 26278 26291 I art     : Starting a blocking GC Explicit
08-05 02:20:43.216 26278 26291 I art     : Explicit concurrent mark sweep GC freed 1367(82KB) AllocSpace objects, 1(20KB) LOS objects, 36% free, 27MB/43MB, paused 795us total 39.922ms
08-05 02:20:43.231 26278 26291 I art     : Starting a blocking GC Explicit
08-05 02:20:43.236   918  3188 I hubconnection: sensorhub said: 'set_bias 3: -6.1248, 0.0000, 0.0000'
08-05 02:20:43.258 26278 26291 I art     : Explicit concurrent mark sweep GC freed 23(752B) AllocSpace objects, 0(0B) LOS objects, 36% free, 27MB/43MB, paused 755us total 27.221ms
08-05 02:20:43.268 26278 26291 I art     : Starting a blocking GC Explicit
08-05 02:20:43.295 26278 26291 I art     : Explicit concurrent mark sweep GC freed 3(96B) AllocSpace objects, 0(0B) LOS objects, 36% free, 27MB/43MB, paused 763us total 27.166ms
08-05 02:20:43.304 26278 26291 I art     : Starting a blocking GC Explicit
08-05 02:20:43.332 26278 26291 I art     : Explicit concurrent mark sweep GC freed 3(96B) AllocSpace objects, 0(0B) LOS objects, 36% free, 27MB/43MB, paused 780us total 27.184ms
08-05 02:20:43.341 26278 26291 I art     : Starting a blocking GC Explicit
08-05 02:20:43.369 26278 26291 I art     : Explicit concurrent mark sweep GC freed 32(880B) AllocSpace objects, 0(0B) LOS objects, 36% free, 27MB/43MB, paused 774us total 27.523ms
08-05 02:20:43.724 26278 26290 I art     : Starting a blocking GC Explicit
08-05 02:20:43.761 26278 26290 I art     : Explicit concurrent mark sweep GC freed 1373(82KB) AllocSpace objects, 1(20KB) LOS objects, 36% free, 27MB/43MB, paused 877us total 37.090ms
08-05 02:20:43.774 26278 26290 I art     : Starting a blocking GC Explicit
08-05 02:20:43.802 26278 26290 I art     : Explicit concurrent mark sweep GC freed 23(752B) AllocSpace objects, 0(0B) LOS objects, 36% free, 27MB/43MB, paused 753us total 27.740ms
08-05 02:20:43.811 26278 26290 I art     : Starting a blocking GC Explicit
08-05 02:20:43.839 26278 26290 I art     : Explicit concurrent mark sweep GC freed 3(96B) AllocSpace objects, 0(0B) LOS objects, 36% free, 27MB/43MB, paused 765us total 27.802ms
08-05 02:20:43.849 26278 26290 I art     : Starting a blocking GC Explicit
08-05 02:20:43.877 26278 26290 I art     : Explicit concurrent mark sweep GC freed 3(96B) AllocSpace objects, 0(0B) LOS objects, 36% free, 27MB/43MB, paused 808us total 27.594ms
08-05 02:20:43.886 26278 26290 I art     : Starting a blocking GC Explicit
08-05 02:20:43.914 26278 26290 I art     : Explicit concurrent mark sweep GC freed 3(96B) AllocSpace objects, 0(0B) LOS objects, 36% free, 27MB/43MB, paused 757us total 27.532ms
08-05 02:20:44.229 26278 26300 I art     : Starting a blocking GC Explicit
08-05 02:20:44.265 26278 26300 I art     : Explicit concurrent mark sweep GC freed 1372(82KB) AllocSpace objects, 1(20KB) LOS objects, 36% free, 27MB/43MB, paused 841us total 34.434ms
08-05 02:20:44.277 26278 26300 I art     : Starting a blocking GC Explicit
08-05 02:20:44.304 26278 26300 I art     : Explicit concurrent mark sweep GC freed 23(752B) AllocSpace objects, 0(0B) LOS objects, 36% free, 27MB/43MB, paused 761us total 27.380ms
08-05 02:20:44.314 26278 26300 I art     : Starting a blocking GC Explicit
08-05 02:20:44.342 26278 26300 I art     : Explicit concurrent mark sweep GC freed 32(880B) AllocSpace objects, 0(0B) LOS objects, 36% free, 27MB/43MB, paused 775us total 27.655ms
08-05 02:20:44.351 26278 26300 I art     : Starting a blocking GC Explicit
08-05 02:20:44.379 26278 26300 I art     : Explicit concurrent mark sweep GC freed 3(96B) AllocSpace objects, 0(0B) LOS objects, 36% free, 27MB/43MB, paused 764us total 27.546ms
08-05 02:20:44.389 26278 26300 I art     : Starting a blocking GC Explicit
08-05 02:20:44.416 26278 26300 I art     : Explicit concurrent mark sweep GC freed 3(96B) AllocSpace objects, 0(0B) LOS objects, 36% free, 27MB/43MB, paused 761us total 27.557ms
08-05 02:20:44.763 26278 26291 I art     : Starting a blocking GC Explicit
08-05 02:20:44.796   518   646 I ThermalEngine: ACTION: GPU - Setting GPU[0] to 600000000
08-05 02:20:44.804 26278 26291 I art     : Explicit concurrent mark sweep GC freed 1370(80KB) AllocSpace objects, 1(20KB) LOS objects, 36% free, 27MB/43MB, paused 908us total 41.179ms
08-05 02:20:44.818 26278 26291 I art     : Starting a blocking GC Explicit
08-05 02:20:44.845 26278 26291 I art     : Explicit concurrent mark sweep GC freed 23(752B) AllocSpace objects, 0(0B) LOS objects, 36% free, 27MB/43MB, paused 671us total 26.820ms
08-05 02:20:44.854 26278 26291 I art     : Starting a blocking GC Explicit
08-05 02:20:44.876 26278 26291 I art     : Explicit concurrent mark sweep GC freed 3(96B) AllocSpace objects, 0(0B) LOS objects, 36% free, 27MB/43MB, paused 561us total 22.416ms
08-05 02:20:44.884 26278 26291 I art     : Starting a blocking GC Explicit
08-05 02:20:44.906 26278 26291 I art     : Explicit concurrent mark sweep GC freed 3(96B) AllocSpace objects, 0(0B) LOS objects, 36% free, 27MB/43MB, paused 557us total 21.781ms
08-05 02:20:44.913 26278 26291 I art     : Starting a blocking GC Explicit
08-05 02:20:44.935 26278 26291 I art     : Explicit concurrent mark sweep GC freed 3(96B) AllocSpace objects, 0(0B) LOS objects, 36% free, 27MB/43MB, paused 563us total 21.609ms
08-05 02:20:45.258 26278 26290 I art     : Starting a blocking GC Explicit
08-05 02:20:45.290 26278 26290 I art     : Explicit concurrent mark sweep GC freed 1366(80KB) AllocSpace objects, 1(20KB) LOS objects, 36% free, 27MB/43MB, paused 623us total 31.049ms
08-05 02:20:45.301 26278 26290 I art     : Starting a blocking GC Explicit
08-05 02:20:45.323 26278 26290 I art     : Explicit concurrent mark sweep GC freed 23(752B) AllocSpace objects, 0(0B) LOS objects, 36% free, 27MB/43MB, paused 574us total 21.404ms
08-05 02:20:45.330 26278 26290 I art     : Starting a blocking GC Explicit
08-05 02:20:45.352 26278 26290 I art     : Explicit concurrent mark sweep GC freed 32(880B) AllocSpace objects, 0(0B) LOS objects, 36% free, 27MB/43MB, paused 558us total 21.736ms
08-05 02:20:45.359 26278 26290 I art     : Starting a blocking GC Explicit
08-05 02:20:45.381 26278 26290 I art     : Explicit concurrent mark sweep GC freed 3(96B) AllocSpace objects, 0(0B) LOS objects, 36% free, 27MB/43MB, paused 552us total 21.221ms
08-05 02:20:45.388 26278 26290 I art     : Starting a blocking GC Explicit
08-05 02:20:45.409 26278 26290 I art     : Explicit concurrent mark sweep GC freed 3(96B) AllocSpace objects, 0(0B) LOS objects, 36% free, 27MB/43MB, paused 558us total 21.226ms
08-05 02:20:45.760 26278 26300 I art     : Starting a blocking GC Explicit
08-05 02:20:45.795 26278 26300 I art     : Explicit concurrent mark sweep GC freed 1367(82KB) AllocSpace objects, 1(20KB) LOS objects, 36% free, 27MB/43MB, paused 665us total 34.224ms
08-05 02:20:45.805 26278 26300 I art     : Starting a blocking GC Explicit
08-05 02:20:45.828 26278 26300 I art     : Explicit concurrent mark sweep GC freed 23(752B) AllocSpace objects, 0(0B) LOS objects, 36% free, 27MB/43MB, paused 520us total 22.354ms
08-05 02:20:45.836 26278 26300 I art     : Starting a blocking GC Explicit
08-05 02:20:45.856 26278 26300 I art     : Explicit concurrent mark sweep GC freed 3(96B) AllocSpace objects, 0(0B) LOS objects, 36% free, 27MB/43MB, paused 538us total 20.456ms
08-05 02:20:45.864 26278 26300 I art     : Starting a blocking GC Explicit
08-05 02:20:45.884 26278 26300 I art     : Explicit concurrent mark sweep GC freed 3(96B) AllocSpace objects, 0(0B) LOS objects, 36% free, 27MB/43MB, paused 609us total 20.459ms
08-05 02:20:45.891 26278 26300 I art     : Starting a blocking GC Explicit
08-05 02:20:45.911 26278 26300 I art     : Explicit concurrent mark sweep GC freed 3(96B) AllocSpace objects, 0(0B) LOS objects, 36% free, 27MB/43MB, paused 552us total 20.063ms
08-05 02:20:46.067   918  1210 D NetlinkSocketObserver: NeighborEvent{elapsedMs=1740649942, 192.168.2.254, [7C3953A63323], RTM_NEWNEIGH, NUD_PROBE}
08-05 02:20:46.159 27438 27438 D AndroidRuntime: >>>>>> START com.android.internal.os.RuntimeInit uid 2000 <<<<<<
08-05 02:20:46.163 27438 27438 D AndroidRuntime: CheckJNI is OFF
08-05 02:20:46.189 26278 26291 I art     : Starting a blocking GC Explicit
08-05 02:20:46.190 27438 27438 D ICU     : No timezone override file found: /data/misc/zoneinfo/current/icu/icu_tzdata.dat
08-05 02:20:46.211 26278 26291 I art     : Explicit concurrent mark sweep GC freed 1366(80KB) AllocSpace objects, 1(20KB) LOS objects, 36% free, 27MB/43MB, paused 633us total 22.396ms
08-05 02:20:46.218 27438 27438 I Radio-JNI: register_android_hardware_Radio DONE
08-05 02:20:46.219 26278 26291 I art     : Starting a blocking GC Explicit
08-05 02:20:46.235 27438 27438 D AndroidRuntime: Calling main entry com.android.commands.input.Input
08-05 02:20:46.236 27438 27438 I Input   : injectKeyEvent: KeyEvent { action=ACTION_DOWN, keyCode=KEYCODE_BACK, scanCode=0, metaState=0, flags=0x0, repeatCount=0, eventTime=757262649, downTime=757262649, deviceId=-1, source=0x101 }
08-05 02:20:46.240 26278 26291 I art     : Explicit concurrent mark sweep GC freed 23(752B) AllocSpace objects, 0(0B) LOS objects, 36% free, 27MB/43MB, paused 659us total 20.664ms
08-05 02:20:46.241 27438 27438 I Input   : injectKeyEvent: KeyEvent { action=ACTION_UP, keyCode=KEYCODE_BACK, scanCode=0, metaState=0, flags=0x0, repeatCount=0, eventTime=757262649, downTime=757262649, deviceId=-1, source=0x101 }
08-05 02:20:46.246 27438 27438 D AndroidRuntime: Shutting down VM
08-05 02:20:46.248 26278 26291 I art     : Starting a blocking GC Explicit
08-05 02:20:46.250 26278 26278 V PlaybackController: initServiceNotRunning()
08-05 02:20:46.250 26278 26278 D ExternalPlayerFragment: Loading media info
08-05 02:20:46.252 26278 26278 D UserPreferences: Using default data folder
08-05 02:20:46.252 26278 26802 D DBReader: getNavDrawerData() called with: 
08-05 02:20:46.255 26278 26802 D DBReader: getDownloadedItems() called
08-05 02:20:46.255 26278 26802 D DBReader: getFavoriteIDList() called
08-05 02:20:46.256 26278 26802 D DBReader: getQueueIDList() called
08-05 02:20:46.256 26278 26802 D DBReader: Extracting Feedlist
08-05 02:20:46.268 26278 26291 I art     : Explicit concurrent mark sweep GC freed 561(45KB) AllocSpace objects, 0(0B) LOS objects, 36% free, 27MB/43MB, paused 592us total 19.642ms
08-05 02:20:46.275 26278 26291 I art     : Starting a blocking GC Explicit
08-05 02:20:46.286 26278 26278 D MainActivity: getLastNavFragment() -> AddFeedFragment
08-05 02:20:46.288 13866 13866 I GoogleInputMethodServic: GoogleInputMethodService.onFinishInput():3138 
08-05 02:20:46.288 13866 13866 I GoogleInputMethodServic: GoogleInputMethodService.onStartInput():1808 
08-05 02:20:46.295 26278 26291 I art     : Explicit concurrent mark sweep GC freed 389(26KB) AllocSpace objects, 0(0B) LOS objects, 36% free, 27MB/43MB, paused 1.333ms total 20.059ms
08-05 02:20:46.299 26278 27223 D ApOkHttpUrlLoader: buildLoadData() called with: model = [https://content.production.cdn.art19.com/images/89/e0/88/44/89e08844-ac28-4fc0-96fa-15a41fec2014/262c12ed699a8d9720dea0bd66449d998e4a08cf18095bed170ccaa76722045fa5dbf7a366918b2db7e3acf29ad22f6b99fd659a9409cb807bf2781d968932f8.jpeg], width = [140], height = [140]
08-05 02:20:46.302 26278 26291 I art     : Starting a blocking GC Explicit
08-05 02:20:46.323 26278 26291 I art     : Explicit concurrent mark sweep GC freed 424(34KB) AllocSpace objects, 0(0B) LOS objects, 36% free, 27MB/43MB, paused 634us total 21.021ms
08-05 02:20:46.565 26278 26290 I art     : Starting a blocking GC Explicit
08-05 02:20:46.594 26278 26290 I art     : Explicit concurrent mark sweep GC freed 1808(111KB) AllocSpace objects, 1(20KB) LOS objects, 36% free, 27MB/43MB, paused 553us total 29.211ms
08-05 02:20:46.603 26278 26290 I art     : Starting a blocking GC Explicit
08-05 02:20:46.615   380   380 W SurfaceFlinger: couldn't log to binary event log: overflow.
08-05 02:20:46.629 26278 26290 I art     : Explicit concurrent mark sweep GC freed 530(22KB) AllocSpace objects, 0(0B) LOS objects, 36% free, 27MB/43MB, paused 565us total 25.800ms
08-05 02:20:46.635 26278 26290 I art     : Starting a blocking GC Explicit
08-05 02:20:46.655 26278 26290 I art     : Explicit concurrent mark sweep GC freed 150(6KB) AllocSpace objects, 0(0B) LOS objects, 36% free, 27MB/43MB, paused 570us total 19.005ms
08-05 02:20:46.661 26278 26290 I art     : Starting a blocking GC Explicit
08-05 02:20:46.680 26278 26290 I art     : Explicit concurrent mark sweep GC freed 2463(151KB) AllocSpace objects, 2(248KB) LOS objects, 36% free, 27MB/43MB, paused 547us total 18.545ms
08-05 02:20:46.686 26278 26290 I art     : Starting a blocking GC Explicit
08-05 02:20:46.705 26278 26290 I art     : Explicit concurrent mark sweep GC freed 3(96B) AllocSpace objects, 0(0B) LOS objects, 36% free, 27MB/43MB, paused 569us total 18.536ms
08-05 02:20:46.979 26278 26291 I art     : Starting a blocking GC Explicit
08-05 02:20:47.000 26278 26291 I art     : Explicit concurrent mark sweep GC freed 1372(82KB) AllocSpace objects, 1(20KB) LOS objects, 36% free, 27MB/43MB, paused 585us total 20.743ms
08-05 02:20:47.007 26278 26291 I art     : Starting a blocking GC Explicit
08-05 02:20:47.026 26278 26291 I art     : Explicit concurrent mark sweep GC freed 23(752B) AllocSpace objects, 0(0B) LOS objects, 36% free, 27MB/43MB, paused 541us total 18.350ms
08-05 02:20:47.033 26278 26291 I art     : Starting a blocking GC Explicit
08-05 02:20:47.053 26278 26291 I art     : Explicit concurrent mark sweep GC freed 3(96B) AllocSpace objects, 0(0B) LOS objects, 36% free, 27MB/43MB, paused 560us total 19.775ms
08-05 02:20:47.060 26278 26291 I art     : Starting a blocking GC Explicit
08-05 02:20:47.080 26278 26291 I art     : Explicit concurrent mark sweep GC freed 3(96B) AllocSpace objects, 0(0B) LOS objects, 36% free, 27MB/43MB, paused 524us total 19.892ms
08-05 02:20:47.087 26278 26291 I art     : Starting a blocking GC Explicit
08-05 02:20:47.107 26278 26291 I art     : Explicit concurrent mark sweep GC freed 3(96B) AllocSpace objects, 0(0B) LOS objects, 36% free, 27MB/43MB, paused 666us total 19.801ms
08-05 02:20:47.385 26278 27471 I art     : Starting a blocking GC Explicit
08-05 02:20:47.412 26278 27471 I art     : Explicit concurrent mark sweep GC freed 1397(81KB) AllocSpace objects, 1(20KB) LOS objects, 36% free, 27MB/43MB, paused 612us total 26.740ms
08-05 02:20:47.422 26278 27471 I art     : Starting a blocking GC Explicit
08-05 02:20:47.444 26278 27471 I art     : Explicit concurrent mark sweep GC freed 23(752B) AllocSpace objects, 0(0B) LOS objects, 36% free, 27MB/43MB, paused 678us total 22.006ms
08-05 02:20:47.452 26278 27471 I art     : Starting a blocking GC Explicit
08-05 02:20:47.473 26278 27471 I art     : Explicit concurrent mark sweep GC freed 3(96B) AllocSpace objects, 0(0B) LOS objects, 36% free, 27MB/43MB, paused 528us total 20.344ms
08-05 02:20:47.480 26278 27471 I art     : Starting a blocking GC Explicit
08-05 02:20:47.500 26278 27471 I art     : Explicit concurrent mark sweep GC freed 3(96B) AllocSpace objects, 0(0B) LOS objects, 36% free, 27MB/43MB, paused 590us total 19.522ms
08-05 02:20:47.507 26278 27471 I art     : Starting a blocking GC Explicit
08-05 02:20:47.527 26278 27471 I art     : Explicit concurrent mark sweep GC freed 3(96B) AllocSpace objects, 0(0B) LOS objects, 36% free, 27MB/43MB, paused 602us total 19.964ms
08-05 02:20:47.779 27494 27494 D AndroidRuntime: >>>>>> START com.android.internal.os.RuntimeInit uid 2000 <<<<<<
08-05 02:20:47.784 27494 27494 D AndroidRuntime: CheckJNI is OFF
08-05 02:20:47.803   518   646 I ThermalEngine: ACTION: GPU - Setting GPU[0] to 510000000
08-05 02:20:47.808 26278 26300 I art     : Starting a blocking GC Explicit
08-05 02:20:47.814 27494 27494 D ICU     : No timezone override file found: /data/misc/zoneinfo/current/icu/icu_tzdata.dat
08-05 02:20:47.836 26278 26300 I art     : Explicit concurrent mark sweep GC freed 1368(80KB) AllocSpace objects, 1(20KB) LOS objects, 36% free, 27MB/43MB, paused 785us total 27.054ms
08-05 02:20:47.844 26278 26300 I art     : Starting a blocking GC Explicit
08-05 02:20:47.848 27494 27494 I Radio-JNI: register_android_hardware_Radio DONE
08-05 02:20:47.870 26278 26300 I art     : Explicit concurrent mark sweep GC freed 23(752B) AllocSpace objects, 0(0B) LOS objects, 36% free, 27MB/43MB, paused 784us total 25.015ms
08-05 02:20:47.870 27494 27494 D AndroidRuntime: Calling main entry com.android.commands.input.Input
08-05 02:20:47.873 27494 27494 I Input   : injectMotionEvent: MotionEvent { action=ACTION_DOWN, actionButton=0, id[0]=0, x[0]=639.0, y[0]=762.0, toolType[0]=TOOL_TYPE_UNKNOWN, buttonState=0, metaState=0, flags=0x0, edgeFlags=0x0, pointerCount=1, historySize=0, eventTime=757264285, downTime=757264285, deviceId=0, source=0x1002 }
08-05 02:20:47.879 26278 26300 I art     : Starting a blocking GC Explicit
08-05 02:20:47.880 27494 27494 I Input   : injectMotionEvent: MotionEvent { action=ACTION_UP, actionButton=0, id[0]=0, x[0]=639.0, y[0]=762.0, toolType[0]=TOOL_TYPE_UNKNOWN, buttonState=0, metaState=0, flags=0x0, edgeFlags=0x0, pointerCount=1, historySize=0, eventTime=757264285, downTime=757264285, deviceId=0, source=0x1002 }
08-05 02:20:47.882 27494 27494 D AndroidRuntime: Shutting down VM
08-05 02:20:47.904 26278 26300 I art     : Explicit concurrent mark sweep GC freed 30(1056B) AllocSpace objects, 0(0B) LOS objects, 36% free, 27MB/43MB, paused 810us total 25.106ms
08-05 02:20:47.913 26278 26300 I art     : Starting a blocking GC Explicit
08-05 02:20:47.938 26278 26300 I art     : Explicit concurrent mark sweep GC freed 9(288B) AllocSpace objects, 0(0B) LOS objects, 36% free, 27MB/43MB, paused 761us total 24.807ms
08-05 02:20:47.948 26278 26300 I art     : Starting a blocking GC Explicit
08-05 02:20:47.953   512  2967 D audio_hw_primary: out_set_parameters: enter: usecase(1: low-latency-playback) kvpairs: routing=2
08-05 02:20:47.966   512  2967 D audio_hw_primary: select_devices: out_snd_device(2: speaker) in_snd_device(0: none)
08-05 02:20:47.966   512  2967 D msm8974_platform: platform_send_audio_calibration: sending audio calibration for snd_device(2) acdb_id(15)
08-05 02:20:47.966   512  2967 I soundtrigger: audio_extn_sound_trigger_update_device_status: device 0x2 of type 0 for Event 1
08-05 02:20:47.972 26278 26300 I art     : Explicit concurrent mark sweep GC freed 196(8KB) AllocSpace objects, 0(0B) LOS objects, 36% free, 27MB/43MB, paused 989us total 24.558ms
08-05 02:20:47.973 13866 13866 I GoogleInputMethodServic: GoogleInputMethodService.onFinishInput():3138 
08-05 02:20:47.974 13866 13866 I GoogleInputMethodServic: GoogleInputMethodService.onStartInput():1808 
08-05 02:20:47.977   512  2967 D audio_hw_primary: enable_snd_device: snd_device(2: speaker)
08-05 02:20:47.979   512  2967 D audio_hw_primary: enable_audio_route: apply and update mixer path: low-latency-playback speaker
08-05 02:20:48.175 26278 26298 I NAPPA_EXPERIMENTATION: MetricNetworkRequestExecutionTime: REQUEST_DURATION_SYSTEM='224',REQUEST_DURATION_OKHTTP='222',REQUEST_SYNCHRONOUS='TRUE',RESPONSE_CODE='200',RESPONSE_METHOD='GET',RESPONSE_LENGTH_OKHTTP='-1',RESPONSE_LENGTH_HEADER='622',REQUEST_PROTOCOL='h2',REQUEST_URL='https://itunes.apple.com/lookup?id=360084272',
08-05 02:20:48.202   918  3696 I ActivityManager: START u0 {cmp=baseline.de.danoeh.antennapod.debug/baseline.de.danoeh.antennapod.activity.OnlineFeedViewActivity (has extras)} from uid 10691 on display 0
08-05 02:20:48.224 13866 13866 I GoogleInputMethodServic: GoogleInputMethodService.onFinishInput():3138 
08-05 02:20:48.227 13866 13866 I GoogleInputMethodServic: GoogleInputMethodService.onStartInput():1808 
08-05 02:20:48.230 26278 26290 I art     : Starting a blocking GC Explicit
08-05 02:20:48.247 26278 26278 D UserPreferences: Using default data folder
08-05 02:20:48.248 26278 26278 D OnlineFeedViewActivity: Activity was started with url http://joeroganexp.joerogan.libsynpro.com/rss
08-05 02:20:48.250 26278 26278 D OnlineFeedViewActivity: Starting feed download
08-05 02:20:48.253 26278 26304 D DBReader: Extracting Feedlist
08-05 02:20:48.255   918   929 D WifiService: acquireWifiLockLocked: WifiLock{Downloader type=1 binder=android.os.BinderProxy@852bd73}
08-05 02:20:48.257 26278 26304 D AntennapodHttpClient: Creating new instance of HTTP client
08-05 02:20:48.260 26278 26290 I art     : Explicit concurrent mark sweep GC freed 2888(186KB) AllocSpace objects, 1(20KB) LOS objects, 36% free, 27MB/43MB, paused 1.101ms total 30.588ms
08-05 02:20:48.269 26278 26290 I art     : Starting a blocking GC Explicit
08-05 02:20:48.294 26278 26290 I art     : Explicit concurrent mark sweep GC freed 604(40KB) AllocSpace objects, 0(0B) LOS objects, 36% free, 27MB/43MB, paused 767us total 24.314ms
08-05 02:20:48.302 26278 26290 I art     : Starting a blocking GC Explicit
08-05 02:20:48.307 26278 26304 D MYTAG   : interceptor 3a http://joeroganexp.joerogan.libsynpro.com/rss
08-05 02:20:48.307 26278 26304 I NAPPA_EXPERIMENTATION: MetricNetworkRequestExecutionTime: REQUEST_DURATION_SYSTEM='48',REQUEST_DURATION_OKHTTP='40',REQUEST_SYNCHRONOUS='TRUE',RESPONSE_CODE='200',RESPONSE_METHOD='GET',RESPONSE_LENGTH_OKHTTP='-1',RESPONSE_LENGTH_HEADER='307892',REQUEST_PROTOCOL='http/1.1',REQUEST_URL='http://joeroganexp.joerogan.libsynpro.com/rss',
08-05 02:20:48.307 26278 26304 D HttpDownloader: Response code is 200
08-05 02:20:48.307 26278 26304 D UserPreferences: Using default data folder
08-05 02:20:48.309 26278 26304 D HttpDownloader: Getting size of download
08-05 02:20:48.309 26278 26304 D HttpDownloader: Size is -1
08-05 02:20:48.309 26278 26304 D UserPreferences: Using default data folder
08-05 02:20:48.309 26278 26304 D HttpDownloader: Free space is 20452642816
08-05 02:20:48.309 26278 26304 D HttpDownloader: Starting download
08-05 02:20:48.312 13866 13866 I GoogleInputMethodServic: GoogleInputMethodService.onFinishInput():3138 
08-05 02:20:48.313 13866 13866 I GoogleInputMethodServic: GoogleInputMethodService.onStartInput():1808 
08-05 02:20:48.327 26278 26290 I art     : Explicit concurrent mark sweep GC freed 337(22KB) AllocSpace objects, 0(0B) LOS objects, 36% free, 27MB/43MB, paused 1.019ms total 25.129ms
08-05 02:20:48.338 26278 26290 I art     : Starting a blocking GC Explicit
08-05 02:20:48.344   918   936 I ActivityManager: Displayed baseline.de.danoeh.antennapod.debug/baseline.de.danoeh.antennapod.activity.OnlineFeedViewActivity: +119ms
08-05 02:20:48.364 26278 26290 I art     : Explicit concurrent mark sweep GC freed 85(3KB) AllocSpace objects, 0(0B) LOS objects, 36% free, 27MB/43MB, paused 791us total 26.678ms
08-05 02:20:48.374 26278 26290 I art     : Starting a blocking GC Explicit
08-05 02:20:48.397 26278 26290 I art     : Explicit concurrent mark sweep GC freed 20(1200B) AllocSpace objects, 0(0B) LOS objects, 36% free, 27MB/43MB, paused 875us total 23.540ms
08-05 02:20:48.412 26278 26304 D HttpDownloader: Download was successful
08-05 02:20:48.413   918  3696 D WifiService: releaseWifiLockLocked: WifiLock{Downloader type=1 binder=android.os.BinderProxy@852bd73}
08-05 02:20:48.413 26278 26278 D OnlineFeedViewActivity: Parsing feed
08-05 02:20:48.417 26278 27531 D TypeGetter: Recognized type RSS 2.0
08-05 02:20:48.419 26278 27531 D SyndHandler: Recognized Atom namespace
08-05 02:20:48.419 26278 27531 D SyndHandler: Recognized ITunes namespace
08-05 02:20:48.420 26278 27531 D SyndHandler: Recognized media namespace
08-05 02:20:48.420 26278 27531 D SyndHandler: Recognized Content namespace
08-05 02:20:48.520   512  2967 D audio_hw_primary: disable_audio_route: reset and update mixer path: low-latency-playback speaker
08-05 02:20:48.522   512  2967 D audio_hw_primary: disable_snd_device: snd_device(2: speaker)
08-05 02:20:48.534   512  2967 I soundtrigger: audio_extn_sound_trigger_update_device_status: device 0x2 of type 0 for Event 0
08-05 02:20:48.585   380   380 W SurfaceFlinger: couldn't log to binary event log: overflow.
08-05 02:20:48.684 26278 26291 I art     : Starting a blocking GC Explicit
08-05 02:20:48.703 26278 26278 D PlaybackController: Releasing PlaybackController
08-05 02:20:48.716 26278 26291 I art     : Explicit concurrent mark sweep GC freed 20718(1263KB) AllocSpace objects, 4(80KB) LOS objects, 35% free, 28MB/44MB, paused 1.194ms total 31.805ms
08-05 02:20:48.726 26278 26291 I art     : Starting a blocking GC Explicit
08-05 02:20:48.752 26278 26291 I art     : Explicit concurrent mark sweep GC freed 4985(242KB) AllocSpace objects, 0(0B) LOS objects, 36% free, 28MB/44MB, paused 1.133ms total 25.765ms
08-05 02:20:48.761 26278 26291 I art     : Starting a blocking GC Explicit
08-05 02:20:48.786 26278 26291 I art     : Explicit concurrent mark sweep GC freed 6218(300KB) AllocSpace objects, 0(0B) LOS objects, 36% free, 28MB/44MB, paused 1.031ms total 25.374ms
08-05 02:20:48.795 26278 26291 I art     : Starting a blocking GC Explicit
08-05 02:20:48.821 26278 26291 I art     : Explicit concurrent mark sweep GC freed 2763(141KB) AllocSpace objects, 0(0B) LOS objects, 36% free, 28MB/44MB, paused 1.129ms total 25.646ms
08-05 02:20:48.829 26278 26291 I art     : Starting a blocking GC Explicit
08-05 02:20:48.855 26278 26291 I art     : Explicit concurrent mark sweep GC freed 2801(137KB) AllocSpace objects, 0(0B) LOS objects, 36% free, 28MB/44MB, paused 959us total 25.320ms
08-05 02:20:49.136 26278 26290 I art     : Starting a blocking GC Explicit
08-05 02:20:49.170 26278 26290 I art     : Explicit concurrent mark sweep GC freed 24332(1293KB) AllocSpace objects, 1(20KB) LOS objects, 35% free, 29MB/45MB, paused 1.103ms total 33.328ms
08-05 02:20:49.180 26278 26290 I art     : Starting a blocking GC Explicit
08-05 02:20:49.210 26278 26290 I art     : Explicit concurrent mark sweep GC freed 5559(272KB) AllocSpace objects, 0(0B) LOS objects, 35% free, 29MB/45MB, paused 1.269ms total 29.082ms
08-05 02:20:49.219 26278 26290 I art     : Starting a blocking GC Explicit
08-05 02:20:49.247 26278 26290 I art     : Explicit concurrent mark sweep GC freed 7102(342KB) AllocSpace objects, 0(0B) LOS objects, 35% free, 28MB/44MB, paused 1.067ms total 27.717ms
08-05 02:20:49.257 26278 26290 I art     : Starting a blocking GC Explicit
08-05 02:20:49.285 26278 26290 I art     : Explicit concurrent mark sweep GC freed 3001(151KB) AllocSpace objects, 0(0B) LOS objects, 35% free, 28MB/44MB, paused 1.063ms total 27.702ms
08-05 02:20:49.295 26278 26290 I art     : Starting a blocking GC Explicit
08-05 02:20:49.323 26278 26290 I art     : Explicit concurrent mark sweep GC freed 2868(142KB) AllocSpace objects, 0(0B) LOS objects, 35% free, 29MB/45MB, paused 1.063ms total 28.579ms
08-05 02:20:49.609 26278 26290 I art     : Starting a blocking GC Explicit
08-05 02:20:49.646 26278 26290 I art     : Explicit concurrent mark sweep GC freed 24221(1316KB) AllocSpace objects, 1(20KB) LOS objects, 34% free, 29MB/45MB, paused 1.107ms total 37.562ms
08-05 02:20:49.658 26278 26290 I art     : Starting a blocking GC Explicit
08-05 02:20:49.690 26278 26290 I art     : Explicit concurrent mark sweep GC freed 3625(192KB) AllocSpace objects, 0(0B) LOS objects, 34% free, 29MB/45MB, paused 1.217ms total 31.577ms
08-05 02:20:49.700 26278 26290 I art     : Starting a blocking GC Explicit
08-05 02:20:49.729 26278 26290 I art     : Explicit concurrent mark sweep GC freed 8312(396KB) AllocSpace objects, 0(0B) LOS objects, 35% free, 29MB/45MB, paused 1.145ms total 29.526ms
08-05 02:20:49.739 26278 26290 I art     : Starting a blocking GC Explicit
08-05 02:20:49.769 26278 26290 I art     : Explicit concurrent mark sweep GC freed 4398(230KB) AllocSpace objects, 0(0B) LOS objects, 35% free, 29MB/45MB, paused 968us total 29.993ms
08-05 02:20:49.779 26278 26290 I art     : Starting a blocking GC Explicit
08-05 02:20:49.808 26278 26290 I art     : Explicit concurrent mark sweep GC freed 3142(166KB) AllocSpace objects, 0(0B) LOS objects, 35% free, 29MB/45MB, paused 1.568ms total 29.317ms
08-05 02:20:50.119 26278 27471 I art     : Starting a blocking GC Explicit
08-05 02:20:50.165 26278 27471 I art     : Explicit concurrent mark sweep GC freed 26682(1472KB) AllocSpace objects, 1(20KB) LOS objects, 34% free, 30MB/46MB, paused 1.204ms total 45.311ms
08-05 02:20:50.177 26278 27471 I art     : Starting a blocking GC Explicit
08-05 02:20:50.209 26278 27471 I art     : Explicit concurrent mark sweep GC freed 7605(361KB) AllocSpace objects, 0(0B) LOS objects, 34% free, 30MB/46MB, paused 1.278ms total 31.701ms
08-05 02:20:50.219 26278 27471 I art     : Starting a blocking GC Explicit
08-05 02:20:50.251 26278 27471 I art     : Explicit concurrent mark sweep GC freed 6920(332KB) AllocSpace objects, 0(0B) LOS objects, 34% free, 30MB/46MB, paused 1.014ms total 30.938ms
08-05 02:20:50.261 26278 27471 I art     : Starting a blocking GC Explicit
08-05 02:20:50.292 26278 27471 I art     : Explicit concurrent mark sweep GC freed 3279(172KB) AllocSpace objects, 0(0B) LOS objects, 34% free, 30MB/46MB, paused 1.109ms total 31.369ms
08-05 02:20:50.303 26278 27471 I art     : Starting a blocking GC Explicit
08-05 02:20:50.335 26278 27471 I art     : Explicit concurrent mark sweep GC freed 3357(170KB) AllocSpace objects, 0(0B) LOS objects, 34% free, 30MB/46MB, paused 1.092ms total 32.020ms
08-05 02:20:50.642 26278 26300 I art     : Starting a blocking GC Explicit
08-05 02:20:50.685 26278 26300 I art     : Explicit concurrent mark sweep GC freed 26976(1280KB) AllocSpace objects, 1(20KB) LOS objects, 33% free, 31MB/47MB, paused 1.250ms total 42.768ms
08-05 02:20:50.697 26278 26300 I art     : Starting a blocking GC Explicit
08-05 02:20:50.734 26278 26300 I art     : Explicit concurrent mark sweep GC freed 4769(224KB) AllocSpace objects, 0(0B) LOS objects, 33% free, 31MB/47MB, paused 1.273ms total 36.819ms
08-05 02:20:50.744 26278 26300 I art     : Starting a blocking GC Explicit
08-05 02:20:50.778 26278 26300 I art     : Explicit concurrent mark sweep GC freed 10183(465KB) AllocSpace objects, 0(0B) LOS objects, 34% free, 30MB/46MB, paused 1.147ms total 33.356ms
08-05 02:20:50.788 26278 26300 I art     : Starting a blocking GC Explicit
08-05 02:20:50.802 26278 27531 D OnlineFeedViewActivity: Deleted feed source file. Result: true
08-05 02:20:50.804 26278 26278 D OnlineFeedViewActivity: Removing HTML from shownotes
08-05 02:20:50.822 26278 26300 I art     : Explicit concurrent mark sweep GC freed 4883(308KB) AllocSpace objects, 10(680KB) LOS objects, 33% free, 31MB/47MB, paused 838us total 33.714ms
08-05 02:20:50.833 26278 26300 I art     : Starting a blocking GC Explicit
08-05 02:20:50.868 26278 26300 I art     : Explicit concurrent mark sweep GC freed 12322(1059KB) AllocSpace objects, 55(3MB) LOS objects, 33% free, 31MB/47MB, paused 986us total 34.041ms
08-05 02:20:51.164 26278 26291 I art     : Starting a blocking GC Explicit
08-05 02:20:51.209 26278 26291 I art     : Explicit concurrent mark sweep GC freed 46281(3MB) AllocSpace objects, 208(13MB) LOS objects, 32% free, 33MB/49MB, paused 1.131ms total 44.872ms
08-05 02:20:51.221 26278 26291 I art     : Starting a blocking GC Explicit
08-05 02:20:51.261 26278 26291 I art     : Explicit concurrent mark sweep GC freed 43523(5MB) AllocSpace objects, 313(20MB) LOS objects, 33% free, 31MB/47MB, paused 1.058ms total 40.002ms
08-05 02:20:51.261 26278 26288 I art     : WaitForGcToComplete blocked for 40.225ms for cause HeapTrim
08-05 02:20:51.268 26278 27223 D ApOkHttpUrlLoader: buildLoadData() called with: model = [http://static.libsyn.com/p/assets/7/1/f/3/71f3014e14ef2722/JREiTunesImage2.jpg], width = [350], height = [350]
08-05 02:20:51.271 26278 27033 D DBReader: getImageAuthentication() called with: imageUrl = [http://static.libsyn.com/p/assets/7/1/f/3/71f3014e14ef2722/JREiTunesImage2.jpg]
08-05 02:20:51.272 26278 26291 I art     : Starting a blocking GC Explicit
08-05 02:20:51.275 26278 27033 D ApOkHttpUrlLoader: no credentials for 'http://static.libsyn.com/p/assets/7/1/f/3/71f3014e14ef2722/JREiTunesImage2.jpg'
08-05 02:20:51.307 26278 26291 I art     : Explicit concurrent mark sweep GC freed 2047(161KB) AllocSpace objects, 4(272KB) LOS objects, 34% free, 30MB/46MB, paused 939us total 35.163ms
08-05 02:20:51.318 26278 26291 I art     : Starting a blocking GC Explicit
08-05 02:20:51.353 26278 26291 I art     : Explicit concurrent mark sweep GC freed 679(32KB) AllocSpace objects, 1(112KB) LOS objects, 34% free, 30MB/46MB, paused 858us total 34.742ms
08-05 02:20:51.357 26278 27033 D MYTAG   : interceptor 2a
08-05 02:20:51.357 26278 27033 I NAPPA_EXPERIMENTATION: MetricNetworkRequestExecutionTime: REQUEST_DURATION_SYSTEM='82',REQUEST_DURATION_OKHTTP='48',REQUEST_SYNCHRONOUS='TRUE',RESPONSE_CODE='200',RESPONSE_METHOD='GET',RESPONSE_LENGTH_OKHTTP='402832',RESPONSE_LENGTH_HEADER='402832',REQUEST_PROTOCOL='http/1.1',REQUEST_URL='http://static.libsyn.com/p/assets/7/1/f/3/71f3014e14ef2722/JREiTunesImage2.jpg',
08-05 02:20:51.364 26278 26291 I art     : Starting a blocking GC Explicit
08-05 02:20:51.399 26278 26291 I art     : Explicit concurrent mark sweep GC freed 207(18KB) AllocSpace objects, 0(0B) LOS objects, 34% free, 30MB/46MB, paused 798us total 35.174ms
08-05 02:20:51.681 26278 26290 I art     : Starting a blocking GC Explicit
08-05 02:20:51.729 26278 26290 I art     : Explicit concurrent mark sweep GC freed 1542(98KB) AllocSpace objects, 1(20KB) LOS objects, 33% free, 31MB/47MB, paused 900us total 48.057ms
08-05 02:20:51.746 26278 26290 I art     : Starting a blocking GC Explicit
08-05 02:20:51.783 26278 26290 I art     : Explicit concurrent mark sweep GC freed 42(1312B) AllocSpace objects, 0(0B) LOS objects, 33% free, 31MB/47MB, paused 777us total 37.492ms
08-05 02:20:51.795 26278 26290 I art     : Starting a blocking GC Explicit
08-05 02:20:51.833 26278 26290 I art     : Explicit concurrent mark sweep GC freed 3(96B) AllocSpace objects, 0(0B) LOS objects, 33% free, 31MB/47MB, paused 812us total 37.772ms
08-05 02:20:51.846 26278 26290 I art     : Starting a blocking GC Explicit
08-05 02:20:51.884 26278 26290 I art     : Explicit concurrent mark sweep GC freed 3(96B) AllocSpace objects, 0(0B) LOS objects, 33% free, 31MB/47MB, paused 811us total 38.051ms
08-05 02:20:51.896 26278 26290 I art     : Starting a blocking GC Explicit
08-05 02:20:51.934 26278 26290 I art     : Explicit concurrent mark sweep GC freed 3(96B) AllocSpace objects, 0(0B) LOS objects, 33% free, 31MB/47MB, paused 793us total 37.886ms
08-05 02:20:52.229 26278 26300 I art     : Starting a blocking GC Explicit
08-05 02:20:52.267 26278 26300 I art     : Explicit concurrent mark sweep GC freed 1370(80KB) AllocSpace objects, 1(20KB) LOS objects, 33% free, 31MB/47MB, paused 789us total 37.225ms
08-05 02:20:52.279 26278 26300 I art     : Starting a blocking GC Explicit
08-05 02:20:52.315 26278 26300 I art     : Explicit concurrent mark sweep GC freed 23(752B) AllocSpace objects, 0(0B) LOS objects, 33% free, 31MB/47MB, paused 799us total 35.396ms
08-05 02:20:52.326 26278 26300 I art     : Starting a blocking GC Explicit
08-05 02:20:52.362 26278 26300 I art     : Explicit concurrent mark sweep GC freed 32(880B) AllocSpace objects, 0(0B) LOS objects, 33% free, 31MB/47MB, paused 800us total 35.682ms
08-05 02:20:52.373 26278 26300 I art     : Starting a blocking GC Explicit
08-05 02:20:52.408 26278 26300 I art     : Explicit concurrent mark sweep GC freed 3(96B) AllocSpace objects, 0(0B) LOS objects, 33% free, 31MB/47MB, paused 817us total 34.984ms
08-05 02:20:52.420 26278 26300 I art     : Starting a blocking GC Explicit
08-05 02:20:52.456 26278 26300 I art     : Explicit concurrent mark sweep GC freed 3(96B) AllocSpace objects, 0(0B) LOS objects, 33% free, 31MB/47MB, paused 803us total 36.169ms
08-05 02:20:52.542 27607 27607 D AndroidRuntime: >>>>>> START com.android.internal.os.RuntimeInit uid 2000 <<<<<<
08-05 02:20:52.548 27607 27607 D AndroidRuntime: CheckJNI is OFF
08-05 02:20:52.586 27607 27607 D ICU     : No timezone override file found: /data/misc/zoneinfo/current/icu/icu_tzdata.dat
08-05 02:20:52.622 27607 27607 I Radio-JNI: register_android_hardware_Radio DONE
08-05 02:20:52.643 27607 27607 D AndroidRuntime: Calling main entry com.android.commands.input.Input
08-05 02:20:52.645 27607 27607 I Input   : injectMotionEvent: MotionEvent { action=ACTION_DOWN, actionButton=0, id[0]=0, x[0]=693.0, y[0]=821.0, toolType[0]=TOOL_TYPE_UNKNOWN, buttonState=0, metaState=0, flags=0x0, edgeFlags=0x0, pointerCount=1, historySize=0, eventTime=757269058, downTime=757269058, deviceId=0, source=0x1002 }
08-05 02:20:52.651 27607 27607 I Input   : injectMotionEvent: MotionEvent { action=ACTION_UP, actionButton=0, id[0]=0, x[0]=693.0, y[0]=821.0, toolType[0]=TOOL_TYPE_UNKNOWN, buttonState=0, metaState=0, flags=0x0, edgeFlags=0x0, pointerCount=1, historySize=0, eventTime=757269058, downTime=757269058, deviceId=0, source=0x1002 }
08-05 02:20:52.653 27607 27607 D AndroidRuntime: Shutting down VM
08-05 02:20:52.657 26278 26278 D UserPreferences: Using default data folder
08-05 02:20:52.657 26278 26278 D DownloadRequester: partiallyDownloadedFileExists: false
08-05 02:20:52.657 26278 26278 D DownloadRequester: /storage/emulated/0/Android/data/baseline.de.danoeh.antennapod.debug/files/cache/feed-The Joe Rogan Experience is available as a download destination
08-05 02:20:52.658 26278 26278 D DownloadRequester: Requesting download of url http://joeroganexp.joerogan.libsynpro.com/rss
08-05 02:20:52.658   512  2967 D audio_hw_primary: out_set_parameters: enter: usecase(1: low-latency-playback) kvpairs: routing=2
08-05 02:20:52.661 26278 26278 D DownloadService: Service started
08-05 02:20:52.663 26278 26278 D DownloadService: parallel downloads: 4
08-05 02:20:52.664 26278 27632 D downloadCompletionThd: downloadCompletionThread was started
08-05 02:20:52.666 26278 26278 D DownloadService: Notification set up
08-05 02:20:52.670 26278 26278 D DownloadService: Received enqueue request
08-05 02:20:52.671 26278 26278 D OnlineFeedViewActivity: onEventMainThread() called with: event = [DownloadEvent{update=DownloaderUpdate{downloaders=[baseline.de.danoeh.antennapod.core.service.download.HttpDownloader@33fe79d], feedIds=[0], mediaIds=[]}}]
08-05 02:20:52.671 26278 26278 D DownloadService: 1 downloads left
08-05 02:20:52.671 26278 26278 D DownloadService: Setting up notification updater
08-05 02:20:52.671   512  2967 D audio_hw_primary: select_devices: out_snd_device(2: speaker) in_snd_device(0: none)
08-05 02:20:52.671   512  2967 D msm8974_platform: platform_send_audio_calibration: sending audio calibration for snd_device(2) acdb_id(15)
08-05 02:20:52.672   512  2967 I soundtrigger: audio_extn_sound_trigger_update_device_status: device 0x2 of type 0 for Event 1
08-05 02:20:52.672   918  6110 D WifiService: acquireWifiLockLocked: WifiLock{Downloader type=1 binder=android.os.BinderProxy@b759b92}
08-05 02:20:52.673 26278 27634 D AntennapodHttpClient: Creating new instance of HTTP client
08-05 02:20:52.684   512  2967 D audio_hw_primary: enable_snd_device: snd_device(2: speaker)
08-05 02:20:52.686   512  2967 D audio_hw_primary: enable_audio_route: apply and update mixer path: low-latency-playback speaker
08-05 02:20:52.747 26278 26290 I art     : Starting a blocking GC Explicit
08-05 02:20:52.779 26278 27634 D MYTAG   : interceptor 3a http://joeroganexp.joerogan.libsynpro.com/rss
08-05 02:20:52.780 26278 27634 I NAPPA_EXPERIMENTATION: MetricNetworkRequestExecutionTime: REQUEST_DURATION_SYSTEM='106',REQUEST_DURATION_OKHTTP='41',REQUEST_SYNCHRONOUS='TRUE',RESPONSE_CODE='200',RESPONSE_METHOD='GET',RESPONSE_LENGTH_OKHTTP='-1',RESPONSE_LENGTH_HEADER='307892',REQUEST_PROTOCOL='http/1.1',REQUEST_URL='http://joeroganexp.joerogan.libsynpro.com/rss',
08-05 02:20:52.780 26278 27634 D HttpDownloader: Response code is 200
08-05 02:20:52.780 26278 27634 D UserPreferences: Using default data folder
08-05 02:20:52.783 26278 26290 I art     : Explicit concurrent mark sweep GC freed 2617(153KB) AllocSpace objects, 1(20KB) LOS objects, 33% free, 31MB/47MB, paused 996us total 34.783ms
08-05 02:20:52.783 26278 27634 D HttpDownloader: Getting size of download
08-05 02:20:52.783 26278 27634 D HttpDownloader: Size is -1
08-05 02:20:52.783 26278 27634 D UserPreferences: Using default data folder
08-05 02:20:52.784 26278 27634 D HttpDownloader: Free space is 20452184064
08-05 02:20:52.784 26278 27634 D HttpDownloader: Starting download
08-05 02:20:52.795 26278 26290 I art     : Starting a blocking GC Explicit
08-05 02:20:52.828 26278 26290 I art     : Explicit concurrent mark sweep GC freed 95(4KB) AllocSpace objects, 0(0B) LOS objects, 33% free, 31MB/47MB, paused 904us total 32.931ms
08-05 02:20:52.839 26278 26290 I art     : Starting a blocking GC Explicit
08-05 02:20:52.872 26278 26290 I art     : Explicit concurrent mark sweep GC freed 6(192B) AllocSpace objects, 0(0B) LOS objects, 33% free, 31MB/47MB, paused 951us total 33.070ms
08-05 02:20:52.884 26278 26290 I art     : Starting a blocking GC Explicit
08-05 02:20:52.902 26278 27634 D HttpDownloader: Download was successful
08-05 02:20:52.903   918  6110 D WifiService: releaseWifiLockLocked: WifiLock{Downloader type=1 binder=android.os.BinderProxy@b759b92}
08-05 02:20:52.904 26278 27632 D downloadCompletionThd: Received 'Download Complete' - message.
08-05 02:20:52.904 26278 27632 D DownloadService: Handling completed Feed Download
08-05 02:20:52.904 26278 27633 D FeedSyncThread: Waiting for 3000 ms
08-05 02:20:52.905 26278 26278 D DownloadService: Removing downloader: http://joeroganexp.joerogan.libsynpro.com/rss
08-05 02:20:52.905 26278 26278 D DownloadService: Result of downloads.remove: true
08-05 02:20:52.908 26278 27641 D TypeGetter: Recognized type RSS 2.0
08-05 02:20:52.909 26278 27641 D SyndHandler: Recognized Atom namespace
08-05 02:20:52.910 26278 27641 D SyndHandler: Recognized ITunes namespace
08-05 02:20:52.910 26278 27641 D SyndHandler: Recognized media namespace
08-05 02:20:52.910 26278 27641 D SyndHandler: Recognized Content namespace
08-05 02:20:52.917 26278 26290 I art     : Explicit concurrent mark sweep GC freed 528(140KB) AllocSpace objects, 3(60KB) LOS objects, 33% free, 31MB/47MB, paused 1.149ms total 33.494ms
08-05 02:20:52.929 26278 26290 I art     : Starting a blocking GC Explicit
08-05 02:20:52.964 26278 26290 I art     : Explicit concurrent mark sweep GC freed 2864(182KB) AllocSpace objects, 0(0B) LOS objects, 33% free, 31MB/47MB, paused 1.096ms total 34.782ms
08-05 02:20:53.218   512  2967 D audio_hw_primary: disable_audio_route: reset and update mixer path: low-latency-playback speaker
08-05 02:20:53.219   512  2967 D audio_hw_primary: disable_snd_device: snd_device(2: speaker)
08-05 02:20:53.222 26278 26291 I art     : Starting a blocking GC Explicit
08-05 02:20:53.228   512  2967 I soundtrigger: audio_extn_sound_trigger_update_device_status: device 0x2 of type 0 for Event 0
08-05 02:20:53.263 26278 26291 I art     : Explicit concurrent mark sweep GC freed 21301(1143KB) AllocSpace objects, 1(20KB) LOS objects, 33% free, 32MB/48MB, paused 1.184ms total 41.138ms
08-05 02:20:53.275 26278 26291 I art     : Starting a blocking GC Explicit
08-05 02:20:53.311 26278 26291 I art     : Explicit concurrent mark sweep GC freed 8627(411KB) AllocSpace objects, 0(0B) LOS objects, 33% free, 32MB/48MB, paused 1.095ms total 35.605ms
08-05 02:20:53.321 26278 26291 I art     : Starting a blocking GC Explicit
08-05 02:20:53.356 26278 26291 I art     : Explicit concurrent mark sweep GC freed 4183(208KB) AllocSpace objects, 0(0B) LOS objects, 33% free, 32MB/48MB, paused 1.006ms total 34.747ms
08-05 02:20:53.367 26278 26291 I art     : Starting a blocking GC Explicit
08-05 02:20:53.402 26278 26291 I art     : Explicit concurrent mark sweep GC freed 3647(188KB) AllocSpace objects, 0(0B) LOS objects, 33% free, 32MB/48MB, paused 1.088ms total 34.886ms
08-05 02:20:53.413 26278 26291 I art     : Starting a blocking GC Explicit
08-05 02:20:53.448 26278 26291 I art     : Explicit concurrent mark sweep GC freed 3584(187KB) AllocSpace objects, 0(0B) LOS objects, 33% free, 32MB/48MB, paused 1.144ms total 34.898ms
08-05 02:20:53.721 26278 27471 I art     : Starting a blocking GC Explicit
08-05 02:20:53.764 26278 27471 I art     : Explicit concurrent mark sweep GC freed 24373(1289KB) AllocSpace objects, 1(20KB) LOS objects, 32% free, 33MB/49MB, paused 1.214ms total 43.464ms
08-05 02:20:53.776 26278 27471 I art     : Starting a blocking GC Explicit
08-05 02:20:53.816 26278 27471 I art     : Explicit concurrent mark sweep GC freed 7756(371KB) AllocSpace objects, 0(0B) LOS objects, 32% free, 32MB/48MB, paused 1.262ms total 39.351ms
08-05 02:20:53.827 26278 27471 I art     : Starting a blocking GC Explicit
08-05 02:20:53.866 26278 27471 I art     : Explicit concurrent mark sweep GC freed 6674(338KB) AllocSpace objects, 0(0B) LOS objects, 32% free, 32MB/48MB, paused 1.202ms total 38.641ms
08-05 02:20:53.878 26278 27471 I art     : Starting a blocking GC Explicit
08-05 02:20:53.917 26278 27471 I art     : Explicit concurrent mark sweep GC freed 4019(207KB) AllocSpace objects, 0(0B) LOS objects, 32% free, 32MB/48MB, paused 1.181ms total 38.486ms
08-05 02:20:53.928 26278 27471 I art     : Starting a blocking GC Explicit
08-05 02:20:53.967 26278 27471 I art     : Explicit concurrent mark sweep GC freed 3886(217KB) AllocSpace objects, 0(0B) LOS objects, 32% free, 32MB/48MB, paused 1.140ms total 39.086ms
08-05 02:20:54.172 26278 26278 D OnlineFeedViewActivity: onEventMainThread() called with: event = [DownloadEvent{update=DownloaderUpdate{downloaders=[], feedIds=[], mediaIds=[]}}]
08-05 02:20:54.252 26278 26290 I art     : Starting a blocking GC Explicit
08-05 02:20:54.305 26278 26290 I art     : Explicit concurrent mark sweep GC freed 24290(1311KB) AllocSpace objects, 1(20KB) LOS objects, 32% free, 33MB/49MB, paused 1.437ms total 52.764ms
08-05 02:20:54.318 26278 26290 I art     : Starting a blocking GC Explicit
08-05 02:20:54.362 26278 26290 I art     : Explicit concurrent mark sweep GC freed 4360(237KB) AllocSpace objects, 0(0B) LOS objects, 32% free, 33MB/49MB, paused 1.363ms total 43.076ms
08-05 02:20:54.374 26278 26290 I art     : Starting a blocking GC Explicit
08-05 02:20:54.416 26278 26290 I art     : Explicit concurrent mark sweep GC freed 10847(523KB) AllocSpace objects, 0(0B) LOS objects, 32% free, 33MB/49MB, paused 1.255ms total 41.647ms
08-05 02:20:54.428 26278 26290 I art     : Starting a blocking GC Explicit
08-05 02:20:54.470 26278 26290 I art     : Explicit concurrent mark sweep GC freed 4206(231KB) AllocSpace objects, 0(0B) LOS objects, 32% free, 33MB/49MB, paused 1.259ms total 41.332ms
08-05 02:20:54.482 26278 26290 I art     : Starting a blocking GC Explicit
08-05 02:20:54.523 26278 26290 I art     : Explicit concurrent mark sweep GC freed 4112(228KB) AllocSpace objects, 0(0B) LOS objects, 32% free, 33MB/49MB, paused 1.208ms total 41.687ms
08-05 02:20:54.631 18832 18832 I ServiceManager: Waiting for service AtCmdFwd...
08-05 02:20:54.833 26278 26300 I art     : Starting a blocking GC Explicit
08-05 02:20:54.888 26278 26300 I art     : Explicit concurrent mark sweep GC freed 26180(1414KB) AllocSpace objects, 1(20KB) LOS objects, 31% free, 34MB/50MB, paused 1.385ms total 54.943ms
08-05 02:20:54.902 26278 26300 I art     : Starting a blocking GC Explicit
08-05 02:20:54.947 26278 26300 I art     : Explicit concurrent mark sweep GC freed 9293(487KB) AllocSpace objects, 0(0B) LOS objects, 31% free, 34MB/50MB, paused 1.462ms total 45.537ms
08-05 02:20:54.960 26278 26300 I art     : Starting a blocking GC Explicit
08-05 02:20:55.003 26278 26300 I art     : Explicit concurrent mark sweep GC freed 7177(313KB) AllocSpace objects, 0(0B) LOS objects, 31% free, 34MB/50MB, paused 1.310ms total 43.009ms
08-05 02:20:55.016 26278 26300 I art     : Starting a blocking GC Explicit
08-05 02:20:55.059 26278 26300 I art     : Explicit concurrent mark sweep GC freed 4586(194KB) AllocSpace objects, 0(0B) LOS objects, 31% free, 34MB/50MB, paused 1.316ms total 43.061ms
08-05 02:20:55.072 26278 26300 I art     : Starting a blocking GC Explicit
08-05 02:20:55.116 26278 26300 I art     : Explicit concurrent mark sweep GC freed 4435(187KB) AllocSpace objects, 0(0B) LOS objects, 31% free, 34MB/50MB, paused 1.287ms total 43.618ms
08-05 02:20:55.354 26278 27641 D FeedSyncThread: The Joe Rogan Experience parsed
08-05 02:20:55.360 26278 27641 D FeedSyncThread: Deletion of file '/storage/emulated/0/Android/data/baseline.de.danoeh.antennapod.debug/files/cache/feed-The Joe Rogan Experience' successful
08-05 02:20:55.360 26278 27641 D DBReader: getFeedDownloadLog() called with: feed = [baseline.de.danoeh.antennapod.core.feed.Feed@0]
08-05 02:20:55.425 26278 27471 I art     : Starting a blocking GC Explicit
08-05 02:20:55.492 26278 27471 I art     : Explicit concurrent mark sweep GC freed 20800(938KB) AllocSpace objects, 1(20KB) LOS objects, 31% free, 34MB/50MB, paused 1.256ms total 66.218ms
08-05 02:20:55.507 26278 27471 I art     : Starting a blocking GC Explicit
08-05 02:20:55.551 26278 27471 I art     : Explicit concurrent mark sweep GC freed 2511(113KB) AllocSpace objects, 0(0B) LOS objects, 31% free, 34MB/50MB, paused 1.028ms total 43.973ms
08-05 02:20:55.565 26278 27471 I art     : Starting a blocking GC Explicit
08-05 02:20:55.613 26278 27471 I art     : Explicit concurrent mark sweep GC freed 3251(148KB) AllocSpace objects, 0(0B) LOS objects, 31% free, 34MB/50MB, paused 907us total 48.125ms
08-05 02:20:55.627 26278 27471 I art     : Starting a blocking GC Explicit
08-05 02:20:55.632 18832 18832 I ServiceManager: Waiting for service AtCmdFwd...
08-05 02:20:55.676 26278 27471 I art     : Explicit concurrent mark sweep GC freed 3(96B) AllocSpace objects, 0(0B) LOS objects, 31% free, 34MB/50MB, paused 891us total 48.361ms
08-05 02:20:55.676 26278 26278 D OnlineFeedViewActivity: onEventMainThread() called with: event = [DownloadEvent{update=DownloaderUpdate{downloaders=[], feedIds=[], mediaIds=[]}}]
08-05 02:20:55.690 26278 27471 I art     : Starting a blocking GC Explicit
08-05 02:20:55.736 26278 27471 I art     : Explicit concurrent mark sweep GC freed 39(3024B) AllocSpace objects, 0(0B) LOS objects, 31% free, 34MB/50MB, paused 878us total 45.857ms
08-05 02:20:55.816   518   646 I ThermalEngine: ACTION: GPU - Setting GPU[0] to 450000000
08-05 02:20:55.905 26278 27633 D FeedSyncThread: Bundling 1 feeds
08-05 02:20:55.906 26278 27695 D DBReader: Extracting Feedlist
08-05 02:20:55.908 26278 27695 D DBTasks : Found no existing Feed with title The Joe Rogan Experience. Adding as new one.
08-05 02:20:55.913 26278 27340 D PodDBAdapter: Setting feed with flattr status The Joe Rogan Experience: 0
08-05 02:20:55.913 26278 27340 D baseline.de.danoeh.antennapod.core.storage.PodDBAdapter@5e5c264: Inserting new Feed into db
08-05 02:20:56.054 26278 26290 I art     : Starting a blocking GC Explicit
08-05 02:20:56.109 26278 26290 I art     : Explicit concurrent mark sweep GC freed 53356(3MB) AllocSpace objects, 1(20KB) LOS objects, 31% free, 34MB/50MB, paused 1.042ms total 54.908ms
08-05 02:20:56.123 26278 26290 I art     : Starting a blocking GC Explicit
08-05 02:20:56.170 26278 26290 I art     : Explicit concurrent mark sweep GC freed 17501(1310KB) AllocSpace objects, 0(0B) LOS objects, 31% free, 34MB/50MB, paused 1.106ms total 46.485ms
08-05 02:20:56.183 26278 26290 I art     : Starting a blocking GC Explicit
08-05 02:20:56.231 26278 26290 I art     : Explicit concurrent mark sweep GC freed 16547(1238KB) AllocSpace objects, 0(0B) LOS objects, 31% free, 34MB/50MB, paused 1.197ms total 47.722ms
08-05 02:20:56.245 26278 26290 I art     : Starting a blocking GC Explicit
08-05 02:20:56.294 26278 26290 I art     : Explicit concurrent mark sweep GC freed 17671(1320KB) AllocSpace objects, 0(0B) LOS objects, 31% free, 34MB/50MB, paused 1.156ms total 48.775ms
08-05 02:20:56.308 26278 26290 I art     : Waiting for a blocking GC Explicit
08-05 02:20:56.309 26278 26290 I art     : Starting a blocking GC Explicit
08-05 02:20:56.358 26278 26290 I art     : Explicit concurrent mark sweep GC freed 16319(1221KB) AllocSpace objects, 0(0B) LOS objects, 31% free, 34MB/50MB, paused 1.117ms total 48.045ms
08-05 02:20:56.411 26278 26278 D EventDistributor: Processing event queue. Number of events: 1
08-05 02:20:56.411 26278 26278 D EventDistributor: Notifying observers. Data: 1
08-05 02:20:56.411 26278 26278 D DownloadService: 0 downloads left
08-05 02:20:56.411 26278 26802 D DBReader: Extracting Feedlist
08-05 02:20:56.411 26278 26278 D DownloadService: Number of downloads is 0, attempting shutdown
08-05 02:20:56.412 26278 26278 D DownloadService: Service shutting down
08-05 02:20:56.412 26278 26278 D DownloadService: No report is created
08-05 02:20:56.412 26278 26278 D OnlineFeedViewActivity: onEventMainThread() called with: event = [DownloadEvent{update=DownloaderUpdate{downloaders=[], feedIds=[], mediaIds=[]}}]
08-05 02:20:56.414 26278 27632 E downloadCompletionThd: DownloadCompletionThread was interrupted
08-05 02:20:56.414 26278 26278 D DownloadService: NotificationUpdater cancelled. Result: false
08-05 02:20:56.414 26278 26278 D DBTasks : autodownloadUndownloadedItems
08-05 02:20:56.415 26278 27341 D NetworkUtils: Device is connected to Wi-Fi
08-05 02:20:56.415 26278 27341 D NetworkUtils: Auto-dl filter is disabled
08-05 02:20:56.633 18832 18832 I ServiceManager: Waiting for service AtCmdFwd...
08-05 02:20:56.648 26278 27471 I art     : Starting a blocking GC Explicit
08-05 02:20:56.704 26278 27471 I art     : Explicit concurrent mark sweep GC freed 33560(3MB) AllocSpace objects, 2(40KB) LOS objects, 33% free, 31MB/47MB, paused 1.019ms total 55.350ms
08-05 02:20:56.716 26278 27471 I art     : Starting a blocking GC Explicit
08-05 02:20:56.750 26278 27471 I art     : Explicit concurrent mark sweep GC freed 99(4KB) AllocSpace objects, 0(0B) LOS objects, 33% free, 31MB/47MB, paused 848us total 33.513ms
08-05 02:20:56.762 26278 27471 I art     : Starting a blocking GC Explicit
08-05 02:20:56.798 26278 27471 I art     : Explicit concurrent mark sweep GC freed 3(96B) AllocSpace objects, 0(0B) LOS objects, 33% free, 31MB/47MB, paused 852us total 36.020ms
08-05 02:20:56.809 26278 27471 I art     : Starting a blocking GC Explicit
08-05 02:20:56.819   518   646 I ThermalEngine: ACTION: GPU - Setting GPU[0] to 510000000
08-05 02:20:56.845 26278 27471 I art     : Explicit concurrent mark sweep GC freed 3(96B) AllocSpace objects, 0(0B) LOS objects, 33% free, 31MB/47MB, paused 826us total 35.640ms
08-05 02:20:56.857 26278 27471 I art     : Starting a blocking GC Explicit
08-05 02:20:56.895 26278 27471 I art     : Explicit concurrent mark sweep GC freed 3(96B) AllocSpace objects, 0(0B) LOS objects, 33% free, 31MB/47MB, paused 849us total 37.878ms
08-05 02:20:57.216 26278 26290 I art     : Starting a blocking GC Explicit
08-05 02:20:57.261 26278 26290 I art     : Explicit concurrent mark sweep GC freed 1386(82KB) AllocSpace objects, 1(20KB) LOS objects, 33% free, 31MB/47MB, paused 909us total 43.947ms
08-05 02:20:57.273 26278 26290 I art     : Starting a blocking GC Explicit
08-05 02:20:57.309 26278 26290 I art     : Explicit concurrent mark sweep GC freed 23(752B) AllocSpace objects, 0(0B) LOS objects, 33% free, 31MB/47MB, paused 955us total 35.498ms
08-05 02:20:57.315 27715 27715 D AndroidRuntime: >>>>>> START com.android.internal.os.RuntimeInit uid 2000 <<<<<<
08-05 02:20:57.321 27715 27715 D AndroidRuntime: CheckJNI is OFF
08-05 02:20:57.321 26278 26290 I art     : Starting a blocking GC Explicit
08-05 02:20:57.355 27715 27715 D ICU     : No timezone override file found: /data/misc/zoneinfo/current/icu/icu_tzdata.dat
08-05 02:20:57.358 26278 26290 I art     : Explicit concurrent mark sweep GC freed 32(880B) AllocSpace objects, 0(0B) LOS objects, 33% free, 31MB/47MB, paused 1.025ms total 36.314ms
08-05 02:20:57.370 26278 26290 I art     : Starting a blocking GC Explicit
08-05 02:20:57.391 27715 27715 I Radio-JNI: register_android_hardware_Radio DONE
08-05 02:20:57.406 26278 26290 I art     : Explicit concurrent mark sweep GC freed 3(96B) AllocSpace objects, 0(0B) LOS objects, 33% free, 31MB/47MB, paused 895us total 35.487ms
08-05 02:20:57.414 27715 27715 D AndroidRuntime: Calling main entry com.android.commands.input.Input
08-05 02:20:57.416 27715 27715 I Input   : injectKeyEvent: KeyEvent { action=ACTION_DOWN, keyCode=KEYCODE_BACK, scanCode=0, metaState=0, flags=0x0, repeatCount=0, eventTime=757273829, downTime=757273829, deviceId=-1, source=0x101 }
08-05 02:20:57.417 26278 26290 I art     : Starting a blocking GC Explicit
08-05 02:20:57.422 27715 27715 I Input   : injectKeyEvent: KeyEvent { action=ACTION_UP, keyCode=KEYCODE_BACK, scanCode=0, metaState=0, flags=0x0, repeatCount=0, eventTime=757273829, downTime=757273829, deviceId=-1, source=0x101 }
08-05 02:20:57.427 27715 27715 D AndroidRuntime: Shutting down VM
08-05 02:20:57.432 26278 26278 V PlaybackController: initServiceNotRunning()
08-05 02:20:57.432 26278 26278 D ExternalPlayerFragment: Loading media info
08-05 02:20:57.438 26278 26278 D UserPreferences: Using default data folder
08-05 02:20:57.438 26278 26802 D DBReader: getNavDrawerData() called with: 
08-05 02:20:57.448 26278 26802 D DBReader: getDownloadedItems() called
08-05 02:20:57.449 26278 26802 D DBReader: getFavoriteIDList() called
08-05 02:20:57.450 26278 26802 D DBReader: getQueueIDList() called
08-05 02:20:57.452 26278 26802 D DBReader: Extracting Feedlist
08-05 02:20:57.453 26278 26290 I art     : Explicit concurrent mark sweep GC freed 525(39KB) AllocSpace objects, 0(0B) LOS objects, 33% free, 31MB/47MB, paused 1.129ms total 35.770ms
08-05 02:20:57.469 26278 26278 D MainActivity: getLastNavFragment() -> AddFeedFragment
08-05 02:20:57.469 13866 13866 I GoogleInputMethodServic: GoogleInputMethodService.onFinishInput():3138 
08-05 02:20:57.470 13866 13866 I GoogleInputMethodServic: GoogleInputMethodService.onStartInput():1808 
08-05 02:20:57.472 26278 27223 D ApOkHttpUrlLoader: buildLoadData() called with: model = [http://static.libsyn.com/p/assets/7/1/f/3/71f3014e14ef2722/JREiTunesImage2.jpg], width = [140], height = [140]
08-05 02:20:57.501 26278 27223 D ApOkHttpUrlLoader: buildLoadData() called with: model = [http://static.libsyn.com/p/assets/7/1/f/3/71f3014e14ef2722/JREiTunesImage2.jpg], width = [140], height = [140]
08-05 02:20:57.633 18832 18832 I ServiceManager: Waiting for service AtCmdFwd...
08-05 02:20:57.728 26278 26300 I art     : Starting a blocking GC Explicit
08-05 02:20:57.760   380   380 W SurfaceFlinger: couldn't log to binary event log: overflow.
08-05 02:20:57.769 26278 26300 I art     : Explicit concurrent mark sweep GC freed 3001(175KB) AllocSpace objects, 1(20KB) LOS objects, 33% free, 31MB/47MB, paused 957us total 40.477ms
08-05 02:20:57.781 26278 26300 I art     : Starting a blocking GC Explicit
08-05 02:20:57.815 26278 26300 I art     : Explicit concurrent mark sweep GC freed 505(25KB) AllocSpace objects, 0(0B) LOS objects, 33% free, 31MB/47MB, paused 850us total 33.580ms
08-05 02:20:57.826 26278 26300 I art     : Starting a blocking GC Explicit
08-05 02:20:57.857 26278 26300 I art     : Explicit concurrent mark sweep GC freed 33315(3MB) AllocSpace objects, 2(248KB) LOS objects, 36% free, 28MB/44MB, paused 902us total 31.447ms
08-05 02:20:57.866 26278 26300 I art     : Starting a blocking GC Explicit
08-05 02:20:57.893 26278 26300 I art     : Explicit concurrent mark sweep GC freed 3(96B) AllocSpace objects, 0(0B) LOS objects, 36% free, 28MB/44MB, paused 859us total 26.272ms
08-05 02:20:57.902 26278 26300 I art     : Starting a blocking GC Explicit
08-05 02:20:57.929 26278 26300 I art     : Explicit concurrent mark sweep GC freed 3(96B) AllocSpace objects, 0(0B) LOS objects, 36% free, 28MB/44MB, paused 886us total 26.901ms
08-05 02:20:58.237 26278 27471 I art     : Starting a blocking GC Explicit
08-05 02:20:58.272 26278 27471 I art     : Explicit concurrent mark sweep GC freed 1376(82KB) AllocSpace objects, 1(20KB) LOS objects, 36% free, 28MB/44MB, paused 948us total 34.593ms
08-05 02:20:58.284 26278 27471 I art     : Starting a blocking GC Explicit
08-05 02:20:58.312 26278 27471 I art     : Explicit concurrent mark sweep GC freed 23(752B) AllocSpace objects, 0(0B) LOS objects, 36% free, 28MB/44MB, paused 888us total 28.087ms
08-05 02:20:58.321 26278 27471 I art     : Starting a blocking GC Explicit
08-05 02:20:58.349 26278 27471 I art     : Explicit concurrent mark sweep GC freed 32(880B) AllocSpace objects, 0(0B) LOS objects, 36% free, 28MB/44MB, paused 867us total 27.263ms
08-05 02:20:58.358 26278 27471 I art     : Starting a blocking GC Explicit
08-05 02:20:58.386 26278 27471 I art     : Explicit concurrent mark sweep GC freed 3(96B) AllocSpace objects, 0(0B) LOS objects, 36% free, 28MB/44MB, paused 870us total 27.154ms
08-05 02:20:58.395 26278 27471 I art     : Starting a blocking GC Explicit
08-05 02:20:58.423 26278 27471 I art     : Explicit concurrent mark sweep GC freed 3(96B) AllocSpace objects, 0(0B) LOS objects, 36% free, 28MB/44MB, paused 878us total 27.788ms
08-05 02:20:58.634 18832 18832 I ServiceManager: Waiting for service AtCmdFwd...
08-05 02:20:58.725 26278 26290 I art     : Starting a blocking GC Explicit
08-05 02:20:58.753 26278 26290 I art     : Explicit concurrent mark sweep GC freed 1373(80KB) AllocSpace objects, 1(20KB) LOS objects, 36% free, 28MB/44MB, paused 867us total 27.994ms
08-05 02:20:58.763 26278 26290 I art     : Starting a blocking GC Explicit
08-05 02:20:58.790 26278 26290 I art     : Explicit concurrent mark sweep GC freed 23(752B) AllocSpace objects, 0(0B) LOS objects, 36% free, 28MB/44MB, paused 864us total 27.157ms
08-05 02:20:58.799 26278 26290 I art     : Starting a blocking GC Explicit
08-05 02:20:58.825 26278 26290 I art     : Explicit concurrent mark sweep GC freed 3(96B) AllocSpace objects, 0(0B) LOS objects, 36% free, 28MB/44MB, paused 849us total 26.087ms
08-05 02:20:58.834 26278 26290 I art     : Starting a blocking GC Explicit
08-05 02:20:58.860 26278 26290 I art     : Explicit concurrent mark sweep GC freed 3(96B) AllocSpace objects, 0(0B) LOS objects, 36% free, 28MB/44MB, paused 881us total 26.015ms
08-05 02:20:58.869 26278 26290 I art     : Starting a blocking GC Explicit
08-05 02:20:58.896 26278 26290 I art     : Explicit concurrent mark sweep GC freed 3(96B) AllocSpace objects, 0(0B) LOS objects, 36% free, 28MB/44MB, paused 879us total 25.944ms
08-05 02:20:59.099 27768 27768 D AndroidRuntime: >>>>>> START com.android.internal.os.RuntimeInit uid 2000 <<<<<<
08-05 02:20:59.103 27768 27768 D AndroidRuntime: CheckJNI is OFF
08-05 02:20:59.133 27768 27768 D ICU     : No timezone override file found: /data/misc/zoneinfo/current/icu/icu_tzdata.dat
08-05 02:20:59.164 27768 27768 I Radio-JNI: register_android_hardware_Radio DONE
08-05 02:20:59.185 27768 27768 D AndroidRuntime: Calling main entry com.android.commands.input.Input
08-05 02:20:59.186 27768 27768 I Input   : injectMotionEvent: MotionEvent { action=ACTION_DOWN, actionButton=0, id[0]=0, x[0]=639.0, y[0]=762.0, toolType[0]=TOOL_TYPE_UNKNOWN, buttonState=0, metaState=0, flags=0x0, edgeFlags=0x0, pointerCount=1, historySize=0, eventTime=757275599, downTime=757275599, deviceId=0, source=0x1002 }
08-05 02:20:59.191 27768 27768 I Input   : injectMotionEvent: MotionEvent { action=ACTION_UP, actionButton=0, id[0]=0, x[0]=639.0, y[0]=762.0, toolType[0]=TOOL_TYPE_UNKNOWN, buttonState=0, metaState=0, flags=0x0, edgeFlags=0x0, pointerCount=1, historySize=0, eventTime=757275599, downTime=757275599, deviceId=0, source=0x1002 }
08-05 02:20:59.192 27768 27768 D AndroidRuntime: Shutting down VM
08-05 02:20:59.199 26278 27471 I art     : Starting a blocking GC Explicit
08-05 02:20:59.226 26278 27471 I art     : Explicit concurrent mark sweep GC freed 1636(94KB) AllocSpace objects, 1(20KB) LOS objects, 36% free, 28MB/44MB, paused 845us total 25.913ms
08-05 02:20:59.234 26278 27471 I art     : Starting a blocking GC Explicit
08-05 02:20:59.258 26278 27471 I art     : Explicit concurrent mark sweep GC freed 31(1088B) AllocSpace objects, 0(0B) LOS objects, 36% free, 28MB/44MB, paused 860us total 24.061ms
08-05 02:20:59.264   512  2967 D audio_hw_primary: out_set_parameters: enter: usecase(1: low-latency-playback) kvpairs: routing=2
08-05 02:20:59.267 26278 27471 I art     : Starting a blocking GC Explicit
08-05 02:20:59.277   512  2967 D audio_hw_primary: select_devices: out_snd_device(2: speaker) in_snd_device(0: none)
08-05 02:20:59.277   512  2967 D msm8974_platform: platform_send_audio_calibration: sending audio calibration for snd_device(2) acdb_id(15)
08-05 02:20:59.277   512  2967 I soundtrigger: audio_extn_sound_trigger_update_device_status: device 0x2 of type 0 for Event 1
08-05 02:20:59.283 13866 13866 I GoogleInputMethodServic: GoogleInputMethodService.onFinishInput():3138 
08-05 02:20:59.283 13866 13866 I GoogleInputMethodServic: GoogleInputMethodService.onStartInput():1808 
08-05 02:20:59.287   512  2967 D audio_hw_primary: enable_snd_device: snd_device(2: speaker)
08-05 02:20:59.289   512  2967 D audio_hw_primary: enable_audio_route: apply and update mixer path: low-latency-playback speaker
08-05 02:20:59.292 26278 27471 I art     : Explicit concurrent mark sweep GC freed 196(8KB) AllocSpace objects, 0(0B) LOS objects, 36% free, 28MB/44MB, paused 958us total 24.956ms
08-05 02:20:59.301 26278 27471 I art     : Starting a blocking GC Explicit
08-05 02:20:59.326 26278 27471 I art     : Explicit concurrent mark sweep GC freed 28(1216B) AllocSpace objects, 0(0B) LOS objects, 36% free, 28MB/44MB, paused 909us total 25.395ms
08-05 02:20:59.335 26278 27471 I art     : Starting a blocking GC Explicit
08-05 02:20:59.360 26278 27471 I art     : Explicit concurrent mark sweep GC freed 44(1328B) AllocSpace objects, 0(0B) LOS objects, 36% free, 28MB/44MB, paused 907us total 25.329ms
08-05 02:20:59.441 26278 26298 I NAPPA_EXPERIMENTATION: MetricNetworkRequestExecutionTime: REQUEST_DURATION_SYSTEM='178',REQUEST_DURATION_OKHTTP='176',REQUEST_SYNCHRONOUS='TRUE',RESPONSE_CODE='200',RESPONSE_METHOD='GET',RESPONSE_LENGTH_OKHTTP='-1',RESPONSE_LENGTH_HEADER='622',REQUEST_PROTOCOL='h2',REQUEST_URL='https://itunes.apple.com/lookup?id=360084272',
08-05 02:20:59.464   918  5132 I ActivityManager: START u0 {cmp=baseline.de.danoeh.antennapod.debug/baseline.de.danoeh.antennapod.activity.OnlineFeedViewActivity (has extras)} from uid 10691 on display 0
08-05 02:20:59.492 13866 13866 I GoogleInputMethodServic: GoogleInputMethodService.onFinishInput():3138 
08-05 02:20:59.493 13866 13866 I GoogleInputMethodServic: GoogleInputMethodService.onStartInput():1808 
08-05 02:20:59.515 26278 26278 D UserPreferences: Using default data folder
08-05 02:20:59.516 26278 26278 D OnlineFeedViewActivity: Activity was started with url http://joeroganexp.joerogan.libsynpro.com/rss
08-05 02:20:59.518 26278 26278 D OnlineFeedViewActivity: Starting feed download
08-05 02:20:59.521 26278 26304 D DBReader: Extracting Feedlist
08-05 02:20:59.525   918  5132 D WifiService: acquireWifiLockLocked: WifiLock{Downloader type=1 binder=android.os.BinderProxy@3180d42}
08-05 02:20:59.525 26278 26304 D AntennapodHttpClient: Creating new instance of HTTP client
08-05 02:20:59.533   918  3188 I hubconnection: sensorhub said: 'set_bias 3: -6.2400, 0.0000, 0.0000'
08-05 02:20:59.571 26278 26304 D MYTAG   : interceptor 3a http://joeroganexp.joerogan.libsynpro.com/rss
08-05 02:20:59.572 26278 26304 I NAPPA_EXPERIMENTATION: MetricNetworkRequestExecutionTime: REQUEST_DURATION_SYSTEM='46',REQUEST_DURATION_OKHTTP='38',REQUEST_SYNCHRONOUS='TRUE',RESPONSE_CODE='200',RESPONSE_METHOD='GET',RESPONSE_LENGTH_OKHTTP='-1',RESPONSE_LENGTH_HEADER='307892',REQUEST_PROTOCOL='http/1.1',REQUEST_URL='http://joeroganexp.joerogan.libsynpro.com/rss',
08-05 02:20:59.572 13866 13866 I GoogleInputMethodServic: GoogleInputMethodService.onFinishInput():3138 
08-05 02:20:59.572 26278 26304 D HttpDownloader: Response code is 200
08-05 02:20:59.572 26278 26304 D UserPreferences: Using default data folder
08-05 02:20:59.572 13866 13866 I GoogleInputMethodServic: GoogleInputMethodService.onStartInput():1808 
08-05 02:20:59.573 26278 26304 D HttpDownloader: Getting size of download
08-05 02:20:59.573 26278 26304 D HttpDownloader: Size is -1
08-05 02:20:59.573 26278 26304 D UserPreferences: Using default data folder
08-05 02:20:59.574 26278 26304 D HttpDownloader: Free space is 20450955264
08-05 02:20:59.574 26278 26304 D HttpDownloader: Starting download
08-05 02:20:59.595   918   936 I ActivityManager: Displayed baseline.de.danoeh.antennapod.debug/baseline.de.danoeh.antennapod.activity.OnlineFeedViewActivity: +102ms
08-05 02:20:59.617 26278 26290 I art     : Starting a blocking GC Explicit
08-05 02:20:59.634 26278 26299 D OpenGLRenderer: endAllStagingAnimators on 0x7f7f07cc00 (GridView) with handle 0x7f79688ca0
08-05 02:20:59.635 18832 18832 W Atfwd_Sendcmd: AtCmdFwd service not published, waiting... retryCnt : 5
08-05 02:20:59.649 26278 26290 I art     : Explicit concurrent mark sweep GC freed 3348(227KB) AllocSpace objects, 1(20KB) LOS objects, 35% free, 28MB/44MB, paused 1.023ms total 31.255ms
08-05 02:20:59.659 26278 26290 I art     : Starting a blocking GC Explicit
08-05 02:20:59.684 26278 26290 I art     : Explicit concurrent mark sweep GC freed 386(17KB) AllocSpace objects, 0(0B) LOS objects, 35% free, 28MB/44MB, paused 861us total 24.544ms
08-05 02:20:59.692 26278 26290 I art     : Starting a blocking GC Explicit
08-05 02:20:59.717 26278 26290 I art     : Explicit concurrent mark sweep GC freed 3(96B) AllocSpace objects, 0(0B) LOS objects, 35% free, 28MB/44MB, paused 836us total 24.510ms
08-05 02:20:59.725 26278 26290 I art     : Starting a blocking GC Explicit
08-05 02:20:59.740 26278 26304 D HttpDownloader: Download was successful
08-05 02:20:59.740   918  6112 D WifiService: releaseWifiLockLocked: WifiLock{Downloader type=1 binder=android.os.BinderProxy@3180d42}
08-05 02:20:59.741 26278 26278 D OnlineFeedViewActivity: Parsing feed
08-05 02:20:59.744 26278 27802 D TypeGetter: Recognized type RSS 2.0
08-05 02:20:59.749 26278 27802 D SyndHandler: Recognized Atom namespace
08-05 02:20:59.749 26278 27802 D SyndHandler: Recognized ITunes namespace
08-05 02:20:59.749 26278 27802 D SyndHandler: Recognized media namespace
08-05 02:20:59.750 26278 27802 D SyndHandler: Recognized Content namespace
08-05 02:20:59.751 26278 26290 I art     : Explicit concurrent mark sweep GC freed 158(121KB) AllocSpace objects, 3(60KB) LOS objects, 35% free, 28MB/44MB, paused 871us total 25.303ms
08-05 02:20:59.759 26278 26290 I art     : Starting a blocking GC Explicit
08-05 02:20:59.785 26278 26290 I art     : Explicit concurrent mark sweep GC freed 1264(92KB) AllocSpace objects, 0(0B) LOS objects, 35% free, 28MB/44MB, paused 939us total 26.124ms
08-05 02:20:59.807 24365 29098 I NetworkScheduler.Stats: Task com.google.android.gms/com.google.android.gms.icing.service.IcingGcmTaskService started execution. cause:4 exec_start_elapsed_seconds: 1740663 [CONTEXT service_id=218 ]
08-05 02:20:59.822 24365 23289 I NetworkScheduler.Stats: Task com.google.android.gms/com.google.android.gms.icing.service.IcingGcmTaskService finished executing. cause:4 result: 1 elapsed_millis: 40 uptime_millis: 40 exec_start_elapsed_seconds: 1740663 [CONTEXT service_id=218 ]
08-05 02:20:59.831   512  2967 D audio_hw_primary: disable_audio_route: reset and update mixer path: low-latency-playback speaker
08-05 02:20:59.832   512  2967 D audio_hw_primary: disable_snd_device: snd_device(2: speaker)
08-05 02:20:59.839   512  2967 I soundtrigger: audio_extn_sound_trigger_update_device_status: device 0x2 of type 0 for Event 0
08-05 02:20:59.845   380   380 W SurfaceFlinger: couldn't log to binary event log: overflow.
08-05 02:20:59.966 26278 26278 D PlaybackController: Releasing PlaybackController
08-05 02:21:00.052 26278 26300 I art     : Starting a blocking GC Explicit
08-05 02:21:00.085 26278 26300 I art     : Explicit concurrent mark sweep GC freed 22742(1230KB) AllocSpace objects, 1(20KB) LOS objects, 35% free, 29MB/45MB, paused 1.195ms total 32.155ms
08-05 02:21:00.094 26278 26300 I art     : Starting a blocking GC Explicit
08-05 02:21:00.123 26278 26300 I art     : Explicit concurrent mark sweep GC freed 5452(265KB) AllocSpace objects, 0(0B) LOS objects, 35% free, 29MB/45MB, paused 1.316ms total 28.719ms
08-05 02:21:00.132 26278 26300 I art     : Starting a blocking GC Explicit
08-05 02:21:00.160 26278 26300 I art     : Explicit concurrent mark sweep GC freed 6490(307KB) AllocSpace objects, 0(0B) LOS objects, 35% free, 29MB/45MB, paused 1.143ms total 27.416ms
08-05 02:21:00.169 26278 26300 I art     : Starting a blocking GC Explicit
08-05 02:21:00.196 26278 26300 I art     : Explicit concurrent mark sweep GC freed 2950(151KB) AllocSpace objects, 0(0B) LOS objects, 35% free, 29MB/45MB, paused 1.203ms total 26.818ms
08-05 02:21:00.205 26278 26300 I art     : Starting a blocking GC Explicit
08-05 02:21:00.232 26278 26300 I art     : Explicit concurrent mark sweep GC freed 2939(154KB) AllocSpace objects, 0(0B) LOS objects, 35% free, 29MB/45MB, paused 1.261ms total 26.873ms
08-05 02:21:00.512 26278 26300 I art     : Starting a blocking GC Explicit
08-05 02:21:00.550 26278 26300 I art     : Explicit concurrent mark sweep GC freed 24279(1286KB) AllocSpace objects, 1(20KB) LOS objects, 34% free, 29MB/45MB, paused 1.249ms total 36.997ms
08-05 02:21:00.560 26278 26300 I art     : Starting a blocking GC Explicit
08-05 02:21:00.589 26278 26300 I art     : Explicit concurrent mark sweep GC freed 9075(427KB) AllocSpace objects, 0(0B) LOS objects, 35% free, 29MB/45MB, paused 1.384ms total 28.802ms
08-05 02:21:00.599 26278 26300 I art     : Starting a blocking GC Explicit
08-05 02:21:00.632 26278 26300 I art     : Explicit concurrent mark sweep GC freed 3383(166KB) AllocSpace objects, 0(0B) LOS objects, 35% free, 29MB/45MB, paused 1.185ms total 32.293ms
08-05 02:21:00.641 26278 26300 I art     : Starting a blocking GC Explicit
08-05 02:21:00.670 26278 26300 I art     : Explicit concurrent mark sweep GC freed 3274(172KB) AllocSpace objects, 0(0B) LOS objects, 34% free, 29MB/45MB, paused 1.081ms total 29.254ms
08-05 02:21:00.680 26278 26300 I art     : Starting a blocking GC Explicit
08-05 02:21:00.709 26278 26300 I art     : Explicit concurrent mark sweep GC freed 3233(171KB) AllocSpace objects, 0(0B) LOS objects, 34% free, 29MB/45MB, paused 1.173ms total 29.315ms
08-05 02:21:00.825   518   646 I ThermalEngine: ACTION: GPU - Setting GPU[0] to 450000000
08-05 02:21:01.039 26278 27471 I art     : Starting a blocking GC Explicit
08-05 02:21:01.089 26278 27471 I art     : Explicit concurrent mark sweep GC freed 23484(1273KB) AllocSpace objects, 1(20KB) LOS objects, 34% free, 30MB/46MB, paused 1.786ms total 50.470ms
08-05 02:21:01.104 26278 27471 I art     : Starting a blocking GC Explicit
08-05 02:21:01.145 26278 27471 I art     : Explicit concurrent mark sweep GC freed 5861(292KB) AllocSpace objects, 0(0B) LOS objects, 34% free, 30MB/46MB, paused 1.812ms total 40.961ms
08-05 02:21:01.158 26278 27471 I art     : Starting a blocking GC Explicit
08-05 02:21:01.196 26278 27471 I art     : Explicit concurrent mark sweep GC freed 6952(339KB) AllocSpace objects, 0(0B) LOS objects, 34% free, 30MB/46MB, paused 1.595ms total 37.942ms
08-05 02:21:01.209 26278 27471 I art     : Starting a blocking GC Explicit
08-05 02:21:01.249 26278 27471 I art     : Explicit concurrent mark sweep GC freed 3134(169KB) AllocSpace objects, 0(0B) LOS objects, 34% free, 30MB/46MB, paused 1.520ms total 39.939ms
08-05 02:21:01.262 26278 27471 I art     : Starting a blocking GC Explicit
08-05 02:21:01.303 26278 27471 I art     : Explicit concurrent mark sweep GC freed 3288(173KB) AllocSpace objects, 0(0B) LOS objects, 34% free, 30MB/46MB, paused 1.818ms total 40.509ms
08-05 02:21:01.628 26278 26300 I art     : Starting a blocking GC Explicit
08-05 02:21:01.679 26278 26300 I art     : Explicit concurrent mark sweep GC freed 21187(1161KB) AllocSpace objects, 1(20KB) LOS objects, 33% free, 31MB/47MB, paused 1.863ms total 50.181ms
08-05 02:21:01.694 26278 26300 I art     : Starting a blocking GC Explicit
08-05 02:21:01.737 26278 26300 I art     : Explicit concurrent mark sweep GC freed 5002(256KB) AllocSpace objects, 0(0B) LOS objects, 34% free, 31MB/47MB, paused 1.689ms total 43.004ms
08-05 02:21:01.750 26278 26300 I art     : Starting a blocking GC Explicit
08-05 02:21:01.794 26278 26300 I art     : Explicit concurrent mark sweep GC freed 7540(357KB) AllocSpace objects, 0(0B) LOS objects, 34% free, 30MB/46MB, paused 1.619ms total 42.937ms
08-05 02:21:01.807 26278 26300 I art     : Starting a blocking GC Explicit
08-05 02:21:01.849 26278 26300 I art     : Explicit concurrent mark sweep GC freed 3270(163KB) AllocSpace objects, 0(0B) LOS objects, 34% free, 30MB/46MB, paused 1.645ms total 41.796ms
08-05 02:21:01.862 26278 26300 I art     : Starting a blocking GC Explicit
08-05 02:21:01.905 26278 26300 I art     : Explicit concurrent mark sweep GC freed 3380(176KB) AllocSpace objects, 0(0B) LOS objects, 34% free, 31MB/47MB, paused 1.521ms total 42.608ms
08-05 02:21:02.229 26278 26300 I art     : Starting a blocking GC Explicit
08-05 02:21:02.282 26278 26300 I art     : Explicit concurrent mark sweep GC freed 21527(1067KB) AllocSpace objects, 1(20KB) LOS objects, 33% free, 31MB/47MB, paused 1.928ms total 52.922ms
08-05 02:21:02.298 26278 26300 I art     : Starting a blocking GC Explicit
08-05 02:21:02.343 26278 26300 I art     : Explicit concurrent mark sweep GC freed 6356(285KB) AllocSpace objects, 0(0B) LOS objects, 33% free, 31MB/47MB, paused 1.738ms total 44.962ms
08-05 02:21:02.357 26278 26300 I art     : Starting a blocking GC Explicit
08-05 02:21:02.400 26278 26300 I art     : Explicit concurrent mark sweep GC freed 6825(300KB) AllocSpace objects, 0(0B) LOS objects, 33% free, 31MB/47MB, paused 1.697ms total 42.947ms
08-05 02:21:02.414 26278 26300 I art     : Starting a blocking GC Explicit
08-05 02:21:02.459 26278 26300 I art     : Explicit concurrent mark sweep GC freed 3450(156KB) AllocSpace objects, 0(0B) LOS objects, 33% free, 31MB/47MB, paused 1.721ms total 44.684ms
08-05 02:21:02.466   918  1210 D NetlinkSocketObserver: NeighborEvent{elapsedMs=1740666341, 192.168.2.254, [7C3953A63323], RTM_NEWNEIGH, NUD_STALE}
08-05 02:21:02.472 26278 26300 I art     : Starting a blocking GC Explicit
08-05 02:21:02.517 26278 26300 I art     : Explicit concurrent mark sweep GC freed 3465(163KB) AllocSpace objects, 0(0B) LOS objects, 33% free, 31MB/47MB, paused 1.664ms total 44.580ms
08-05 02:21:02.604 26278 27802 D OnlineFeedViewActivity: Deleted feed source file. Result: true
08-05 02:21:02.618 26278 26278 D OnlineFeedViewActivity: Removing HTML from shownotes
08-05 02:21:02.824 26278 26291 I art     : Waiting for a blocking GC Explicit
08-05 02:21:02.846 26278 26291 I art     : WaitForGcToComplete blocked for 22.966ms for cause Explicit
08-05 02:21:02.847 26278 26291 I art     : Starting a blocking GC Explicit
08-05 02:21:02.900 26278 26291 I art     : Explicit concurrent mark sweep GC freed 40195(3MB) AllocSpace objects, 174(11MB) LOS objects, 32% free, 33MB/49MB, paused 1.637ms total 53.016ms
08-05 02:21:02.915 26278 26291 I art     : Starting a blocking GC Explicit
08-05 02:21:02.966 26278 26291 I art     : Explicit concurrent mark sweep GC freed 42183(3MB) AllocSpace objects, 192(12MB) LOS objects, 32% free, 33MB/49MB, paused 1.579ms total 50.881ms
08-05 02:21:02.981 26278 26291 I art     : Starting a blocking GC Explicit
08-05 02:21:03.036 26278 26291 I art     : Explicit concurrent mark sweep GC freed 43959(3MB) AllocSpace objects, 191(12MB) LOS objects, 32% free, 33MB/49MB, paused 1.679ms total 54.209ms
08-05 02:21:03.051 26278 26291 I art     : Starting a blocking GC Explicit
08-05 02:21:03.106 26278 26291 I art     : Explicit concurrent mark sweep GC freed 44834(3MB) AllocSpace objects, 208(13MB) LOS objects, 32% free, 33MB/49MB, paused 1.645ms total 55.075ms
08-05 02:21:03.122 26278 26291 I art     : Starting a blocking GC Explicit
08-05 02:21:03.176 26278 26291 I art     : Explicit concurrent mark sweep GC freed 43232(4MB) AllocSpace objects, 278(18MB) LOS objects, 31% free, 34MB/50MB, paused 1.614ms total 53.449ms
08-05 02:21:03.212 26278 26278 I Choreographer: Skipped 34 frames!  The application may be doing too much work on its main thread.
08-05 02:21:03.499 26278 26291 I art     : Starting a blocking GC Explicit
08-05 02:21:03.553 26278 26291 I art     : Explicit concurrent mark sweep GC freed 20966(2MB) AllocSpace objects, 115(7MB) LOS objects, 33% free, 31MB/47MB, paused 1.277ms total 53.765ms
08-05 02:21:03.568 26278 26291 I art     : Starting a blocking GC Explicit
08-05 02:21:03.617 26278 26291 I art     : Explicit concurrent mark sweep GC freed 565(27KB) AllocSpace objects, 1(112KB) LOS objects, 33% free, 31MB/47MB, paused 1.295ms total 48.831ms
08-05 02:21:03.633 26278 26291 I art     : Starting a blocking GC Explicit
08-05 02:21:03.685 26278 26291 I art     : Explicit concurrent mark sweep GC freed 3(96B) AllocSpace objects, 0(0B) LOS objects, 33% free, 31MB/47MB, paused 1.300ms total 51.617ms
08-05 02:21:03.700 26278 26291 I art     : Starting a blocking GC Explicit
08-05 02:21:03.748 26278 26291 I art     : Explicit concurrent mark sweep GC freed 3(96B) AllocSpace objects, 0(0B) LOS objects, 33% free, 31MB/47MB, paused 1.322ms total 47.932ms
08-05 02:21:03.763 26278 26291 I art     : Starting a blocking GC Explicit
08-05 02:21:03.811 26278 26291 I art     : Explicit concurrent mark sweep GC freed 3(96B) AllocSpace objects, 0(0B) LOS objects, 33% free, 31MB/47MB, paused 1.207ms total 47.043ms
08-05 02:21:03.978 27873 27873 D AndroidRuntime: >>>>>> START com.android.internal.os.RuntimeInit uid 2000 <<<<<<
08-05 02:21:03.987 27873 27873 D AndroidRuntime: CheckJNI is OFF
08-05 02:21:04.028 27873 27873 D ICU     : No timezone override file found: /data/misc/zoneinfo/current/icu/icu_tzdata.dat
08-05 02:21:04.070 27873 27873 I Radio-JNI: register_android_hardware_Radio DONE
08-05 02:21:04.099 27873 27873 D AndroidRuntime: Calling main entry com.android.commands.input.Input
08-05 02:21:04.100 27873 27873 I Input   : injectKeyEvent: KeyEvent { action=ACTION_DOWN, keyCode=KEYCODE_BACK, scanCode=0, metaState=0, flags=0x0, repeatCount=0, eventTime=757280513, downTime=757280513, deviceId=-1, source=0x101 }
08-05 02:21:04.105 27873 27873 I Input   : injectKeyEvent: KeyEvent { action=ACTION_UP, keyCode=KEYCODE_BACK, scanCode=0, metaState=0, flags=0x0, repeatCount=0, eventTime=757280513, downTime=757280513, deviceId=-1, source=0x101 }
08-05 02:21:04.111 27873 27873 D AndroidRuntime: Shutting down VM
08-05 02:21:04.116 26278 26278 V PlaybackController: initServiceNotRunning()
08-05 02:21:04.116 26278 26278 D ExternalPlayerFragment: Loading media info
08-05 02:21:04.122 26278 26278 D UserPreferences: Using default data folder
08-05 02:21:04.122 26278 26304 D DBReader: getNavDrawerData() called with: 
08-05 02:21:04.134 26278 26290 I art     : Starting a blocking GC Explicit
08-05 02:21:04.138 26278 26304 D DBReader: getDownloadedItems() called
08-05 02:21:04.140 26278 26304 D DBReader: getFavoriteIDList() called
08-05 02:21:04.141 26278 26304 D DBReader: getQueueIDList() called
08-05 02:21:04.141 26278 26304 D DBReader: Extracting Feedlist
08-05 02:21:04.167 26278 26278 D MainActivity: getLastNavFragment() -> AddFeedFragment
08-05 02:21:04.169 13866 13866 I GoogleInputMethodServic: GoogleInputMethodService.onFinishInput():3138 
08-05 02:21:04.169 13866 13866 I GoogleInputMethodServic: GoogleInputMethodService.onStartInput():1808 
08-05 02:21:04.181 26278 26290 I art     : Explicit concurrent mark sweep GC freed 2214(139KB) AllocSpace objects, 1(20KB) LOS objects, 33% free, 31MB/47MB, paused 1.848ms total 47.142ms
08-05 02:21:04.196 26278 26290 I art     : Starting a blocking GC Explicit
08-05 02:21:04.239 26278 26290 I art     : Explicit concurrent mark sweep GC freed 568(26KB) AllocSpace objects, 0(0B) LOS objects, 33% free, 31MB/47MB, paused 1.187ms total 42.707ms
08-05 02:21:04.254 26278 26290 I art     : Starting a blocking GC Explicit
08-05 02:21:04.294 26278 26290 I art     : Explicit concurrent mark sweep GC freed 155(10KB) AllocSpace objects, 0(0B) LOS objects, 33% free, 31MB/47MB, paused 1.059ms total 39.747ms
08-05 02:21:04.311 26278 26290 I art     : Starting a blocking GC Explicit
08-05 02:21:04.363 26278 26290 I art     : Explicit concurrent mark sweep GC freed 32(880B) AllocSpace objects, 0(0B) LOS objects, 33% free, 31MB/47MB, paused 1.299ms total 51.176ms
08-05 02:21:04.381 26278 26290 I art     : Starting a blocking GC Explicit
08-05 02:21:04.436 26278 26290 I art     : Explicit concurrent mark sweep GC freed 3(96B) AllocSpace objects, 0(0B) LOS objects, 33% free, 31MB/47MB, paused 1.096ms total 54.428ms
08-05 02:21:04.484   380   380 W SurfaceFlinger: couldn't log to binary event log: overflow.
08-05 02:21:04.754 26278 26300 I art     : Starting a blocking GC Explicit
08-05 02:21:04.803 26278 26300 I art     : Explicit concurrent mark sweep GC freed 1970(105KB) AllocSpace objects, 1(20KB) LOS objects, 33% free, 31MB/47MB, paused 1.294ms total 48.677ms
08-05 02:21:04.818 26278 26300 I art     : Starting a blocking GC Explicit
08-05 02:21:04.865 26278 26300 I art     : Explicit concurrent mark sweep GC freed 140(6KB) AllocSpace objects, 0(0B) LOS objects, 33% free, 31MB/47MB, paused 1.207ms total 46.175ms
08-05 02:21:04.880 26278 26300 I art     : Starting a blocking GC Explicit
08-05 02:21:04.921 26278 26300 I art     : Explicit concurrent mark sweep GC freed 33148(3MB) AllocSpace objects, 1(28KB) LOS objects, 36% free, 28MB/44MB, paused 1.176ms total 40.531ms
08-05 02:21:04.933 26278 26300 I art     : Starting a blocking GC Explicit
08-05 02:21:04.965 26278 26300 I art     : Explicit concurrent mark sweep GC freed 3(96B) AllocSpace objects, 0(0B) LOS objects, 36% free, 28MB/44MB, paused 1.156ms total 31.917ms
08-05 02:21:04.976 26278 26300 I art     : Starting a blocking GC Explicit
08-05 02:21:05.010 26278 26300 I art     : Explicit concurrent mark sweep GC freed 3(96B) AllocSpace objects, 0(0B) LOS objects, 36% free, 28MB/44MB, paused 1.182ms total 34.138ms
08-05 02:21:05.324 26278 27471 I art     : Starting a blocking GC Explicit
08-05 02:21:05.367 26278 27471 I art     : Explicit concurrent mark sweep GC freed 1403(83KB) AllocSpace objects, 1(20KB) LOS objects, 36% free, 28MB/44MB, paused 1.189ms total 43.102ms
08-05 02:21:05.379 26278 27471 I art     : Starting a blocking GC Explicit
08-05 02:21:05.411 26278 27471 I art     : Explicit concurrent mark sweep GC freed 23(752B) AllocSpace objects, 0(0B) LOS objects, 36% free, 28MB/44MB, paused 1.181ms total 31.300ms
08-05 02:21:05.422 26278 27471 I art     : Starting a blocking GC Explicit
08-05 02:21:05.454 26278 27471 I art     : Explicit concurrent mark sweep GC freed 3(96B) AllocSpace objects, 0(0B) LOS objects, 36% free, 28MB/44MB, paused 1.162ms total 31.961ms
08-05 02:21:05.465 26278 27471 I art     : Starting a blocking GC Explicit
08-05 02:21:05.498 26278 27471 I art     : Explicit concurrent mark sweep GC freed 3(96B) AllocSpace objects, 0(0B) LOS objects, 36% free, 28MB/44MB, paused 1.238ms total 32.288ms
08-05 02:21:05.510 26278 27471 I art     : Starting a blocking GC Explicit
08-05 02:21:05.543 26278 27471 I art     : Explicit concurrent mark sweep GC freed 3(96B) AllocSpace objects, 0(0B) LOS objects, 36% free, 28MB/44MB, paused 1.188ms total 32.908ms
08-05 02:21:05.834   518   646 I ThermalEngine: ACTION: GPU - Setting GPU[0] to 510000000
08-05 02:21:05.858 26278 26300 I art     : Starting a blocking GC Explicit
08-05 02:21:05.886 27916 27916 D AndroidRuntime: >>>>>> START com.android.internal.os.RuntimeInit uid 2000 <<<<<<
08-05 02:21:05.889 26278 26300 I art     : Explicit concurrent mark sweep GC freed 1389(81KB) AllocSpace objects, 1(20KB) LOS objects, 36% free, 28MB/44MB, paused 1.325ms total 30.886ms
08-05 02:21:05.892 27916 27916 D AndroidRuntime: CheckJNI is OFF
08-05 02:21:05.899 26278 26300 I art     : Starting a blocking GC Explicit
08-05 02:21:05.926 26278 26300 I art     : Explicit concurrent mark sweep GC freed 27(880B) AllocSpace objects, 0(0B) LOS objects, 36% free, 28MB/44MB, paused 913us total 26.586ms
08-05 02:21:05.928 27916 27916 D ICU     : No timezone override file found: /data/misc/zoneinfo/current/icu/icu_tzdata.dat
08-05 02:21:05.935 26278 26300 I art     : Starting a blocking GC Explicit
08-05 02:21:05.960 26278 26300 I art     : Explicit concurrent mark sweep GC freed 8(256B) AllocSpace objects, 0(0B) LOS objects, 36% free, 28MB/44MB, paused 911us total 24.608ms
08-05 02:21:05.960 27916 27916 I Radio-JNI: register_android_hardware_Radio DONE
08-05 02:21:05.969 26278 26300 I art     : Starting a blocking GC Explicit
08-05 02:21:05.983 27916 27916 D AndroidRuntime: Calling main entry com.android.commands.input.Input
08-05 02:21:05.985 27916 27916 I Input   : injectMotionEvent: MotionEvent { action=ACTION_DOWN, actionButton=0, id[0]=0, x[0]=616.0, y[0]=469.0, toolType[0]=TOOL_TYPE_UNKNOWN, buttonState=0, metaState=0, flags=0x0, edgeFlags=0x0, pointerCount=1, historySize=0, eventTime=757282397, downTime=757282397, deviceId=0, source=0x1002 }
08-05 02:21:05.991 27916 27916 I Input   : injectMotionEvent: MotionEvent { action=ACTION_UP, actionButton=0, id[0]=0, x[0]=616.0, y[0]=469.0, toolType[0]=TOOL_TYPE_UNKNOWN, buttonState=0, metaState=0, flags=0x0, edgeFlags=0x0, pointerCount=1, historySize=0, eventTime=757282397, downTime=757282397, deviceId=0, source=0x1002 }
08-05 02:21:05.993 26278 26300 I art     : Explicit concurrent mark sweep GC freed 6(192B) AllocSpace objects, 0(0B) LOS objects, 36% free, 28MB/44MB, paused 905us total 23.219ms
08-05 02:21:05.994 27916 27916 D AndroidRuntime: Shutting down VM
08-05 02:21:06.002 26278 26300 I art     : Starting a blocking GC Explicit
08-05 02:21:06.027 26278 26300 I art     : Explicit concurrent mark sweep GC freed 43(1776B) AllocSpace objects, 0(0B) LOS objects, 36% free, 28MB/44MB, paused 857us total 25.176ms
08-05 02:21:06.060   512  2967 D audio_hw_primary: out_set_parameters: enter: usecase(1: low-latency-playback) kvpairs: routing=2
08-05 02:21:06.073   512  2967 D audio_hw_primary: select_devices: out_snd_device(2: speaker) in_snd_device(0: none)
08-05 02:21:06.073   512  2967 D msm8974_platform: platform_send_audio_calibration: sending audio calibration for snd_device(2) acdb_id(15)
08-05 02:21:06.073   512  2967 I soundtrigger: audio_extn_sound_trigger_update_device_status: device 0x2 of type 0 for Event 1
08-05 02:21:06.075 13866 13866 I GoogleInputMethodServic: GoogleInputMethodService.onFinishInput():3138 
08-05 02:21:06.077 13866 13866 I GoogleInputMethodServic: GoogleInputMethodService.onStartInput():1808 
08-05 02:21:06.084   512  2967 D audio_hw_primary: enable_snd_device: snd_device(2: speaker)
08-05 02:21:06.086   512  2967 D audio_hw_primary: enable_audio_route: apply and update mixer path: low-latency-playback speaker
08-05 02:21:06.285 26278 27471 I art     : Starting a blocking GC Explicit
08-05 02:21:06.295 26278 26298 I NAPPA_EXPERIMENTATION: MetricNetworkRequestExecutionTime: REQUEST_DURATION_SYSTEM='236',REQUEST_DURATION_OKHTTP='234',REQUEST_SYNCHRONOUS='TRUE',RESPONSE_CODE='200',RESPONSE_METHOD='GET',RESPONSE_LENGTH_OKHTTP='-1',RESPONSE_LENGTH_HEADER='628',REQUEST_PROTOCOL='h2',REQUEST_URL='https://itunes.apple.com/lookup?id=1524080195',
08-05 02:21:06.313 26278 27471 I art     : Explicit concurrent mark sweep GC freed 2029(130KB) AllocSpace objects, 1(20KB) LOS objects, 36% free, 28MB/44MB, paused 908us total 28.388ms
08-05 02:21:06.321   918   929 I ActivityManager: START u0 {cmp=baseline.de.danoeh.antennapod.debug/baseline.de.danoeh.antennapod.activity.OnlineFeedViewActivity (has extras)} from uid 10691 on display 0
08-05 02:21:06.322 26278 27471 I art     : Starting a blocking GC Explicit
08-05 02:21:06.344 13866 13866 I GoogleInputMethodServic: GoogleInputMethodService.onFinishInput():3138 
08-05 02:21:06.345 13866 13866 I GoogleInputMethodServic: GoogleInputMethodService.onStartInput():1808 
08-05 02:21:06.349 26278 27471 I art     : Explicit concurrent mark sweep GC freed 403(14KB) AllocSpace objects, 0(0B) LOS objects, 36% free, 28MB/44MB, paused 1.039ms total 26.805ms
08-05 02:21:06.359 26278 27471 I art     : Starting a blocking GC Explicit
08-05 02:21:06.366 26278 26278 D UserPreferences: Using default data folder
08-05 02:21:06.367 26278 26278 D OnlineFeedViewActivity: Activity was started with url https://rss.art19.com/nice-white-parents
08-05 02:21:06.368 26278 26278 D OnlineFeedViewActivity: Starting feed download
08-05 02:21:06.372 26278 26802 D DBReader: Extracting Feedlist
08-05 02:21:06.373   918  4413 D WifiService: acquireWifiLockLocked: WifiLock{Downloader type=1 binder=android.os.BinderProxy@9c62697}
08-05 02:21:06.374 26278 26802 D AntennapodHttpClient: Creating new instance of HTTP client
08-05 02:21:06.386 26278 27471 I art     : Explicit concurrent mark sweep GC freed 874(64KB) AllocSpace objects, 0(0B) LOS objects, 36% free, 28MB/44MB, paused 1.009ms total 26.255ms
08-05 02:21:06.394 26278 27471 I art     : Starting a blocking GC Explicit
08-05 02:21:06.419 26278 27471 I art     : Explicit concurrent mark sweep GC freed 393(22KB) AllocSpace objects, 0(0B) LOS objects, 36% free, 28MB/44MB, paused 908us total 24.219ms
08-05 02:21:06.427 26278 27471 I art     : Starting a blocking GC Explicit
08-05 02:21:06.429 13866 13866 I GoogleInputMethodServic: GoogleInputMethodService.onFinishInput():3138 
08-05 02:21:06.429 13866 13866 I GoogleInputMethodServic: GoogleInputMethodService.onStartInput():1808 
08-05 02:21:06.452 26278 27471 I art     : Explicit concurrent mark sweep GC freed 144(5KB) AllocSpace objects, 0(0B) LOS objects, 35% free, 28MB/44MB, paused 907us total 24.931ms
08-05 02:21:06.457   918   936 I ActivityManager: Displayed baseline.de.danoeh.antennapod.debug/baseline.de.danoeh.antennapod.activity.OnlineFeedViewActivity: +112ms
08-05 02:21:06.630   512  2967 D audio_hw_primary: disable_audio_route: reset and update mixer path: low-latency-playback speaker
08-05 02:21:06.633   512  2967 D audio_hw_primary: disable_snd_device: snd_device(2: speaker)
08-05 02:21:06.641   512  2967 I soundtrigger: audio_extn_sound_trigger_update_device_status: device 0x2 of type 0 for Event 0
08-05 02:21:06.662 26278 26802 D MYTAG   : interceptor 3a https://rss.art19.com/nice-white-parents
08-05 02:21:06.662 26278 26802 I NAPPA_EXPERIMENTATION: MetricNetworkRequestExecutionTime: REQUEST_DURATION_SYSTEM='287',REQUEST_DURATION_OKHTTP='148',REQUEST_SYNCHRONOUS='TRUE',RESPONSE_CODE='200',RESPONSE_METHOD='GET',RESPONSE_LENGTH_OKHTTP='-1',RESPONSE_LENGTH_HEADER='1803',REQUEST_PROTOCOL='h2',REQUEST_URL='https://rss.art19.com/nice-white-parents',
08-05 02:21:06.662 26278 26802 D HttpDownloader: Response code is 200
08-05 02:21:06.662 26278 26802 D UserPreferences: Using default data folder
08-05 02:21:06.664 26278 26802 D HttpDownloader: Getting size of download
08-05 02:21:06.664 26278 26802 D HttpDownloader: Size is -1
08-05 02:21:06.664 26278 26802 D UserPreferences: Using default data folder
08-05 02:21:06.664 26278 26802 D HttpDownloader: Free space is 20450955264
08-05 02:21:06.664 26278 26802 D HttpDownloader: Starting download
08-05 02:21:06.677 26278 26802 D HttpDownloader: Download was successful
08-05 02:21:06.678   918  4413 D WifiService: releaseWifiLockLocked: WifiLock{Downloader type=1 binder=android.os.BinderProxy@9c62697}
08-05 02:21:06.678 26278 26278 D OnlineFeedViewActivity: Parsing feed
08-05 02:21:06.689 26278 27963 D TypeGetter: Recognized type RSS 2.0
08-05 02:21:06.692 26278 27963 D SyndHandler: Recognized ITunes namespace
08-05 02:21:06.692 26278 27963 D SyndHandler: Recognized Atom namespace
08-05 02:21:06.692 26278 27963 D SyndHandler: Recognized Content namespace
08-05 02:21:06.701 26278 27963 D OnlineFeedViewActivity: Deleted feed source file. Result: true
08-05 02:21:06.701 26278 26278 D OnlineFeedViewActivity: Removing HTML from shownotes
08-05 02:21:06.710   380   380 W SurfaceFlinger: couldn't log to binary event log: overflow.
08-05 02:21:06.752 26278 26290 I art     : Starting a blocking GC Explicit
08-05 02:21:06.779 26278 26290 I art     : Explicit concurrent mark sweep GC freed 8004(580KB) AllocSpace objects, 8(348KB) LOS objects, 35% free, 28MB/44MB, paused 976us total 26.665ms
08-05 02:21:06.788 26278 26290 I art     : Starting a blocking GC Explicit
08-05 02:21:06.814 26278 26290 I art     : Explicit concurrent mark sweep GC freed 1576(147KB) AllocSpace objects, 0(0B) LOS objects, 35% free, 28MB/44MB, paused 865us total 26.291ms
08-05 02:21:06.823 26278 26290 I art     : Starting a blocking GC Explicit
08-05 02:21:06.843 26278 26278 D PlaybackController: Releasing PlaybackController
08-05 02:21:06.852 26278 26290 I art     : Explicit concurrent mark sweep GC freed 202(11KB) AllocSpace objects, 0(0B) LOS objects, 35% free, 28MB/44MB, paused 996us total 28.144ms
08-05 02:21:06.861 26278 26290 I art     : Starting a blocking GC Explicit
08-05 02:21:06.887 26278 26290 I art     : Explicit concurrent mark sweep GC freed 52(2000B) AllocSpace objects, 1(112KB) LOS objects, 35% free, 28MB/44MB, paused 904us total 25.611ms
08-05 02:21:06.896 26278 26290 I art     : Starting a blocking GC Explicit
08-05 02:21:06.922 26278 26290 I art     : Explicit concurrent mark sweep GC freed 19(640B) AllocSpace objects, 0(0B) LOS objects, 35% free, 28MB/44MB, paused 916us total 26.049ms
08-05 02:21:07.223 26278 27471 I art     : Starting a blocking GC Explicit
08-05 02:21:07.260 26278 27471 I art     : Explicit concurrent mark sweep GC freed 1375(82KB) AllocSpace objects, 1(20KB) LOS objects, 35% free, 28MB/44MB, paused 1.034ms total 37.057ms
08-05 02:21:07.271 26278 27471 I art     : Starting a blocking GC Explicit
08-05 02:21:07.302 26278 27471 I art     : Explicit concurrent mark sweep GC freed 23(752B) AllocSpace objects, 0(0B) LOS objects, 35% free, 28MB/44MB, paused 1.019ms total 29.778ms
08-05 02:21:07.311 26278 27471 I art     : Starting a blocking GC Explicit
08-05 02:21:07.341 26278 27471 I art     : Explicit concurrent mark sweep GC freed 32(880B) AllocSpace objects, 0(0B) LOS objects, 35% free, 28MB/44MB, paused 961us total 29.888ms
08-05 02:21:07.351 26278 27471 I art     : Starting a blocking GC Explicit
08-05 02:21:07.380 26278 27471 I art     : Explicit concurrent mark sweep GC freed 3(96B) AllocSpace objects, 0(0B) LOS objects, 35% free, 28MB/44MB, paused 954us total 28.758ms
08-05 02:21:07.390 26278 27471 I art     : Starting a blocking GC Explicit
08-05 02:21:07.419 26278 27471 I art     : Explicit concurrent mark sweep GC freed 3(96B) AllocSpace objects, 0(0B) LOS objects, 35% free, 28MB/44MB, paused 978us total 28.874ms
08-05 02:21:07.720 26278 26291 I art     : Starting a blocking GC Explicit
08-05 02:21:07.759 26278 26291 I art     : Explicit concurrent mark sweep GC freed 1372(80KB) AllocSpace objects, 1(20KB) LOS objects, 35% free, 28MB/44MB, paused 1.078ms total 38.924ms
08-05 02:21:07.772 26278 26291 I art     : Starting a blocking GC Explicit
08-05 02:21:07.802 26278 26291 I art     : Explicit concurrent mark sweep GC freed 23(752B) AllocSpace objects, 0(0B) LOS objects, 35% free, 28MB/44MB, paused 960us total 29.865ms
08-05 02:21:07.812 26278 26291 I art     : Starting a blocking GC Explicit
08-05 02:21:07.839   518   646 I ThermalEngine: ACTION: GPU - Setting GPU[0] to 450000000
08-05 02:21:07.844 26278 26291 I art     : Explicit concurrent mark sweep GC freed 3(96B) AllocSpace objects, 0(0B) LOS objects, 35% free, 28MB/44MB, paused 965us total 31.082ms
08-05 02:21:07.856 26278 26291 I art     : Starting a blocking GC Explicit
08-05 02:21:07.894 26278 26291 I art     : Explicit concurrent mark sweep GC freed 3(96B) AllocSpace objects, 0(0B) LOS objects, 35% free, 28MB/44MB, paused 1.302ms total 37.918ms
08-05 02:21:07.907 26278 26291 I art     : Starting a blocking GC Explicit
08-05 02:21:07.946 26278 26291 I art     : Explicit concurrent mark sweep GC freed 3(96B) AllocSpace objects, 0(0B) LOS objects, 35% free, 28MB/44MB, paused 1.315ms total 39.263ms
08-05 02:21:08.294 26278 26300 I art     : Starting a blocking GC Explicit
08-05 02:21:08.346 26278 26300 I art     : Explicit concurrent mark sweep GC freed 1404(81KB) AllocSpace objects, 1(20KB) LOS objects, 35% free, 28MB/44MB, paused 1.330ms total 50.940ms
08-05 02:21:08.361 26278 26300 I art     : Starting a blocking GC Explicit
08-05 02:21:08.393 26278 26300 I art     : Explicit concurrent mark sweep GC freed 29(944B) AllocSpace objects, 0(0B) LOS objects, 35% free, 28MB/44MB, paused 1.168ms total 31.818ms
08-05 02:21:08.404 26278 26300 I art     : Starting a blocking GC Explicit
08-05 02:21:08.438 26278 26300 I art     : Explicit concurrent mark sweep GC freed 7(224B) AllocSpace objects, 0(0B) LOS objects, 35% free, 28MB/44MB, paused 1.306ms total 33.022ms
08-05 02:21:08.449 26278 26300 I art     : Starting a blocking GC Explicit
08-05 02:21:08.480 26278 26300 I art     : Explicit concurrent mark sweep GC freed 9(288B) AllocSpace objects, 0(0B) LOS objects, 35% free, 28MB/44MB, paused 1.164ms total 31.181ms
08-05 02:21:08.492 26278 26300 I art     : Starting a blocking GC Explicit
08-05 02:21:08.525 26278 26300 I art     : Explicit concurrent mark sweep GC freed 8(256B) AllocSpace objects, 0(0B) LOS objects, 35% free, 28MB/44MB, paused 1.309ms total 33.045ms
08-05 02:21:08.843   518   646 I ThermalEngine: ACTION: GPU - Setting GPU[0] to 510000000
08-05 02:21:08.857 26278 27471 I art     : Starting a blocking GC Explicit
08-05 02:21:08.892 26278 27471 I art     : Explicit concurrent mark sweep GC freed 1378(80KB) AllocSpace objects, 1(20KB) LOS objects, 35% free, 28MB/44MB, paused 1.127ms total 35.010ms
08-05 02:21:08.902 26278 27471 I art     : Starting a blocking GC Explicit
08-05 02:21:08.931 26278 27471 I art     : Explicit concurrent mark sweep GC freed 23(752B) AllocSpace objects, 0(0B) LOS objects, 35% free, 28MB/44MB, paused 1.006ms total 29.036ms
08-05 02:21:08.941 26278 27471 I art     : Starting a blocking GC Explicit
08-05 02:21:08.970 26278 27471 I art     : Explicit concurrent mark sweep GC freed 3(96B) AllocSpace objects, 0(0B) LOS objects, 35% free, 28MB/44MB, paused 947us total 29.093ms
08-05 02:21:08.980 26278 27471 I art     : Starting a blocking GC Explicit
08-05 02:21:09.009 26278 27471 I art     : Explicit concurrent mark sweep GC freed 3(96B) AllocSpace objects, 0(0B) LOS objects, 35% free, 28MB/44MB, paused 968us total 28.812ms
08-05 02:21:09.018 26278 27471 I art     : Starting a blocking GC Explicit
08-05 02:21:09.048 26278 27471 I art     : Explicit concurrent mark sweep GC freed 3(96B) AllocSpace objects, 0(0B) LOS objects, 35% free, 28MB/44MB, paused 932us total 29.371ms
08-05 02:21:09.370 26278 26291 I art     : Starting a blocking GC Explicit
08-05 02:21:09.413 26278 26291 I art     : Explicit concurrent mark sweep GC freed 1401(81KB) AllocSpace objects, 1(20KB) LOS objects, 35% free, 28MB/44MB, paused 1.210ms total 42.232ms
08-05 02:21:09.425 26278 26291 I art     : Starting a blocking GC Explicit
08-05 02:21:09.455 26278 26291 I art     : Explicit concurrent mark sweep GC freed 23(752B) AllocSpace objects, 0(0B) LOS objects, 35% free, 28MB/44MB, paused 968us total 30.184ms
08-05 02:21:09.465 26278 26291 I art     : Starting a blocking GC Explicit
08-05 02:21:09.495 26278 26291 I art     : Explicit concurrent mark sweep GC freed 3(96B) AllocSpace objects, 0(0B) LOS objects, 35% free, 28MB/44MB, paused 1.075ms total 29.957ms
08-05 02:21:09.505 26278 26291 I art     : Starting a blocking GC Explicit
08-05 02:21:09.534 26278 26291 I art     : Explicit concurrent mark sweep GC freed 3(96B) AllocSpace objects, 0(0B) LOS objects, 35% free, 28MB/44MB, paused 959us total 29.172ms
08-05 02:21:09.544 26278 26291 I art     : Starting a blocking GC Explicit
08-05 02:21:09.573 26278 26291 I art     : Explicit concurrent mark sweep GC freed 3(96B) AllocSpace objects, 0(0B) LOS objects, 35% free, 28MB/44MB, paused 950us total 29.355ms
08-05 02:21:09.900 26278 26300 I art     : Starting a blocking GC Explicit
08-05 02:21:09.937 26278 26300 I art     : Explicit concurrent mark sweep GC freed 1373(82KB) AllocSpace objects, 1(20KB) LOS objects, 35% free, 28MB/44MB, paused 1.041ms total 36.767ms
08-05 02:21:09.949 26278 26300 I art     : Starting a blocking GC Explicit
08-05 02:21:09.979 26278 26300 I art     : Explicit concurrent mark sweep GC freed 23(752B) AllocSpace objects, 0(0B) LOS objects, 35% free, 28MB/44MB, paused 941us total 29.752ms
08-05 02:21:09.989 26278 26300 I art     : Starting a blocking GC Explicit
08-05 02:21:10.019 26278 26300 I art     : Explicit concurrent mark sweep GC freed 3(96B) AllocSpace objects, 0(0B) LOS objects, 35% free, 28MB/44MB, paused 985us total 29.899ms
08-05 02:21:10.029 26278 26300 I art     : Starting a blocking GC Explicit
08-05 02:21:10.058 26278 26300 I art     : Explicit concurrent mark sweep GC freed 3(96B) AllocSpace objects, 0(0B) LOS objects, 35% free, 28MB/44MB, paused 988us total 29.425ms
08-05 02:21:10.068 26278 26300 I art     : Starting a blocking GC Explicit
08-05 02:21:10.098 26278 26300 I art     : Explicit concurrent mark sweep GC freed 3(96B) AllocSpace objects, 0(0B) LOS objects, 35% free, 28MB/44MB, paused 1.064ms total 29.543ms
08-05 02:21:10.426 26278 26290 I art     : Starting a blocking GC Explicit
08-05 02:21:10.463 26278 26290 I art     : Explicit concurrent mark sweep GC freed 1406(81KB) AllocSpace objects, 1(20KB) LOS objects, 35% free, 28MB/44MB, paused 1.020ms total 37.239ms
08-05 02:21:10.476 26278 26290 I art     : Starting a blocking GC Explicit
08-05 02:21:10.506 26278 26290 I art     : Explicit concurrent mark sweep GC freed 23(752B) AllocSpace objects, 0(0B) LOS objects, 35% free, 28MB/44MB, paused 955us total 29.888ms
08-05 02:21:10.516 26278 26290 I art     : Starting a blocking GC Explicit
08-05 02:21:10.546 26278 26290 I art     : Explicit concurrent mark sweep GC freed 3(96B) AllocSpace objects, 0(0B) LOS objects, 35% free, 28MB/44MB, paused 943us total 29.961ms
08-05 02:21:10.556 26278 26290 I art     : Starting a blocking GC Explicit
08-05 02:21:10.586 26278 26290 I art     : Explicit concurrent mark sweep GC freed 30(2304B) AllocSpace objects, 0(0B) LOS objects, 35% free, 28MB/44MB, paused 973us total 29.726ms
08-05 02:21:10.596 26278 26290 I art     : Starting a blocking GC Explicit
08-05 02:21:10.625 26278 26290 I art     : Explicit concurrent mark sweep GC freed 16(848B) AllocSpace objects, 0(0B) LOS objects, 35% free, 28MB/44MB, paused 927us total 28.819ms
08-05 02:21:10.956 26278 27471 I art     : Starting a blocking GC Explicit
08-05 02:21:10.999 26278 27471 I art     : Explicit concurrent mark sweep GC freed 1372(80KB) AllocSpace objects, 1(20KB) LOS objects, 35% free, 28MB/44MB, paused 1.032ms total 42.835ms
08-05 02:21:11.015 26278 27471 I art     : Starting a blocking GC Explicit
08-05 02:21:11.043 26278 27471 I art     : Explicit concurrent mark sweep GC freed 23(752B) AllocSpace objects, 0(0B) LOS objects, 35% free, 28MB/44MB, paused 909us total 28.492ms
08-05 02:21:11.053 26278 27471 I art     : Starting a blocking GC Explicit
08-05 02:21:11.082 26278 27471 I art     : Explicit concurrent mark sweep GC freed 3(96B) AllocSpace objects, 0(0B) LOS objects, 35% free, 28MB/44MB, paused 932us total 29.415ms
08-05 02:21:11.092 26278 27471 I art     : Starting a blocking GC Explicit
08-05 02:21:11.122 26278 27471 I art     : Explicit concurrent mark sweep GC freed 3(96B) AllocSpace objects, 0(0B) LOS objects, 35% free, 28MB/44MB, paused 938us total 29.523ms
08-05 02:21:11.132 26278 27471 I art     : Starting a blocking GC Explicit
08-05 02:21:11.162 26278 27471 I art     : Explicit concurrent mark sweep GC freed 3(96B) AllocSpace objects, 0(0B) LOS objects, 35% free, 28MB/44MB, paused 921us total 29.745ms
08-05 02:21:11.487 26278 26291 I art     : Starting a blocking GC Explicit
08-05 02:21:11.527 26278 26291 I art     : Explicit concurrent mark sweep GC freed 1520(90KB) AllocSpace objects, 1(20KB) LOS objects, 35% free, 28MB/44MB, paused 915us total 39.341ms
08-05 02:21:11.539 26278 26291 I art     : Starting a blocking GC Explicit
08-05 02:21:11.568 26278 26291 I art     : Explicit concurrent mark sweep GC freed 23(752B) AllocSpace objects, 0(0B) LOS objects, 35% free, 28MB/44MB, paused 909us total 28.960ms
08-05 02:21:11.578 26278 26291 I art     : Starting a blocking GC Explicit
08-05 02:21:11.607 26278 26291 I art     : Explicit concurrent mark sweep GC freed 3(96B) AllocSpace objects, 0(0B) LOS objects, 35% free, 28MB/44MB, paused 1.043ms total 28.696ms
08-05 02:21:11.617 26278 26291 I art     : Starting a blocking GC Explicit
08-05 02:21:11.646 26278 26291 I art     : Explicit concurrent mark sweep GC freed 3(96B) AllocSpace objects, 0(0B) LOS objects, 35% free, 28MB/44MB, paused 878us total 28.800ms
08-05 02:21:11.655 26278 26291 I art     : Starting a blocking GC Explicit
08-05 02:21:11.685 26278 26291 I art     : Explicit concurrent mark sweep GC freed 3(96B) AllocSpace objects, 0(0B) LOS objects, 35% free, 28MB/44MB, paused 846us total 29.618ms
08-05 02:21:12.031 26278 26300 I art     : Starting a blocking GC Explicit
08-05 02:21:12.072 26278 26300 I art     : Explicit concurrent mark sweep GC freed 1372(80KB) AllocSpace objects, 1(20KB) LOS objects, 35% free, 28MB/44MB, paused 924us total 40.419ms
08-05 02:21:12.085 26278 26300 I art     : Starting a blocking GC Explicit
08-05 02:21:12.114 26278 26300 I art     : Explicit concurrent mark sweep GC freed 23(752B) AllocSpace objects, 0(0B) LOS objects, 35% free, 28MB/44MB, paused 857us total 29.133ms
08-05 02:21:12.124 26278 26300 I art     : Starting a blocking GC Explicit
08-05 02:21:12.153 26278 26300 I art     : Explicit concurrent mark sweep GC freed 3(96B) AllocSpace objects, 0(0B) LOS objects, 35% free, 28MB/44MB, paused 842us total 28.620ms
08-05 02:21:12.162 26278 26300 I art     : Starting a blocking GC Explicit
08-05 02:21:12.191 26278 26300 I art     : Explicit concurrent mark sweep GC freed 3(96B) AllocSpace objects, 0(0B) LOS objects, 35% free, 28MB/44MB, paused 859us total 29.251ms
08-05 02:21:12.201 26278 26300 I art     : Starting a blocking GC Explicit
08-05 02:21:12.230 26278 26300 I art     : Explicit concurrent mark sweep GC freed 3(96B) AllocSpace objects, 0(0B) LOS objects, 35% free, 28MB/44MB, paused 853us total 29.091ms
08-05 02:21:12.565 26278 26290 I art     : Starting a blocking GC Explicit
08-05 02:21:12.604 26278 26290 I art     : Explicit concurrent mark sweep GC freed 1401(81KB) AllocSpace objects, 1(20KB) LOS objects, 35% free, 28MB/44MB, paused 892us total 38.237ms
08-05 02:21:12.616 26278 26290 I art     : Starting a blocking GC Explicit
08-05 02:21:12.645 26278 26290 I art     : Explicit concurrent mark sweep GC freed 23(752B) AllocSpace objects, 0(0B) LOS objects, 35% free, 28MB/44MB, paused 847us total 29.352ms
08-05 02:21:12.655 26278 26290 I art     : Starting a blocking GC Explicit
08-05 02:21:12.685 26278 26290 I art     : Explicit concurrent mark sweep GC freed 3(96B) AllocSpace objects, 0(0B) LOS objects, 35% free, 28MB/44MB, paused 909us total 29.451ms
08-05 02:21:12.694 26278 26290 I art     : Starting a blocking GC Explicit
08-05 02:21:12.723 26278 26290 I art     : Explicit concurrent mark sweep GC freed 3(96B) AllocSpace objects, 0(0B) LOS objects, 35% free, 28MB/44MB, paused 827us total 28.620ms
08-05 02:21:12.733 26278 26290 I art     : Starting a blocking GC Explicit
08-05 02:21:12.762 26278 26290 I art     : Explicit concurrent mark sweep GC freed 3(96B) AllocSpace objects, 0(0B) LOS objects, 35% free, 28MB/44MB, paused 820us total 28.115ms
08-05 02:21:13.076 26278 27471 I art     : Starting a blocking GC Explicit
08-05 02:21:13.114 26278 27471 I art     : Explicit concurrent mark sweep GC freed 1372(80KB) AllocSpace objects, 1(20KB) LOS objects, 35% free, 28MB/44MB, paused 1.114ms total 36.901ms
08-05 02:21:13.126 26278 27471 I art     : Starting a blocking GC Explicit
08-05 02:21:13.155 26278 27471 I art     : Explicit concurrent mark sweep GC freed 23(752B) AllocSpace objects, 0(0B) LOS objects, 35% free, 28MB/44MB, paused 839us total 29.235ms
08-05 02:21:13.165 26278 27471 I art     : Starting a blocking GC Explicit
08-05 02:21:13.194 26278 27471 I art     : Explicit concurrent mark sweep GC freed 3(96B) AllocSpace objects, 0(0B) LOS objects, 35% free, 28MB/44MB, paused 848us total 28.798ms
08-05 02:21:13.204 26278 27471 I art     : Starting a blocking GC Explicit
08-05 02:21:13.233 26278 27471 I art     : Explicit concurrent mark sweep GC freed 3(96B) AllocSpace objects, 0(0B) LOS objects, 35% free, 28MB/44MB, paused 846us total 29.146ms
08-05 02:21:13.243 26278 27471 I art     : Starting a blocking GC Explicit
08-05 02:21:13.272 26278 27471 I art     : Explicit concurrent mark sweep GC freed 3(96B) AllocSpace objects, 0(0B) LOS objects, 35% free, 28MB/44MB, paused 828us total 29.301ms
08-05 02:21:13.601 26278 26291 I art     : Starting a blocking GC Explicit
08-05 02:21:13.638 26278 26291 I art     : Explicit concurrent mark sweep GC freed 1401(81KB) AllocSpace objects, 1(20KB) LOS objects, 35% free, 28MB/44MB, paused 948us total 36.935ms
08-05 02:21:13.650 26278 26291 I art     : Starting a blocking GC Explicit
08-05 02:21:13.680 26278 26291 I art     : Explicit concurrent mark sweep GC freed 23(752B) AllocSpace objects, 0(0B) LOS objects, 35% free, 28MB/44MB, paused 862us total 29.625ms
08-05 02:21:13.689 26278 26291 I art     : Starting a blocking GC Explicit
08-05 02:21:13.719 26278 26291 I art     : Explicit concurrent mark sweep GC freed 3(96B) AllocSpace objects, 0(0B) LOS objects, 35% free, 28MB/44MB, paused 896us total 28.810ms
08-05 02:21:13.728 26278 26291 I art     : Starting a blocking GC Explicit
08-05 02:21:13.757 26278 26291 I art     : Explicit concurrent mark sweep GC freed 3(96B) AllocSpace objects, 0(0B) LOS objects, 35% free, 28MB/44MB, paused 896us total 28.681ms
08-05 02:21:13.767 26278 26291 I art     : Starting a blocking GC Explicit
08-05 02:21:13.797 26278 26291 I art     : Explicit concurrent mark sweep GC freed 3(96B) AllocSpace objects, 0(0B) LOS objects, 35% free, 28MB/44MB, paused 845us total 29.645ms
08-05 02:21:14.125 26278 26300 I art     : Starting a blocking GC Explicit
08-05 02:21:14.163 26278 26300 I art     : Explicit concurrent mark sweep GC freed 1372(80KB) AllocSpace objects, 1(20KB) LOS objects, 35% free, 28MB/44MB, paused 915us total 37.664ms
08-05 02:21:14.175 26278 26300 I art     : Starting a blocking GC Explicit
08-05 02:21:14.205 26278 26300 I art     : Explicit concurrent mark sweep GC freed 23(752B) AllocSpace objects, 0(0B) LOS objects, 35% free, 28MB/44MB, paused 951us total 29.722ms
08-05 02:21:14.215 26278 26300 I art     : Starting a blocking GC Explicit
08-05 02:21:14.243 26278 26300 I art     : Explicit concurrent mark sweep GC freed 3(96B) AllocSpace objects, 0(0B) LOS objects, 35% free, 28MB/44MB, paused 810us total 28.370ms
08-05 02:21:14.253 26278 26300 I art     : Starting a blocking GC Explicit
08-05 02:21:14.280 26278 26300 I art     : Explicit concurrent mark sweep GC freed 3(96B) AllocSpace objects, 0(0B) LOS objects, 35% free, 28MB/44MB, paused 821us total 26.776ms
08-05 02:21:14.290 26278 26300 I art     : Starting a blocking GC Explicit
08-05 02:21:14.317 26278 26300 I art     : Explicit concurrent mark sweep GC freed 3(96B) AllocSpace objects, 0(0B) LOS objects, 35% free, 28MB/44MB, paused 928us total 27.145ms
08-05 02:21:14.611 26278 26290 I art     : Starting a blocking GC Explicit
08-05 02:21:14.645 26278 26290 I art     : Explicit concurrent mark sweep GC freed 1401(81KB) AllocSpace objects, 1(20KB) LOS objects, 35% free, 28MB/44MB, paused 869us total 33.427ms
08-05 02:21:14.655 26278 26290 I art     : Starting a blocking GC Explicit
08-05 02:21:14.674 28105 28105 D AndroidRuntime: >>>>>> START com.android.internal.os.RuntimeInit uid 2000 <<<<<<
08-05 02:21:14.678 28105 28105 D AndroidRuntime: CheckJNI is OFF
08-05 02:21:14.684 26278 26290 I art     : Explicit concurrent mark sweep GC freed 23(752B) AllocSpace objects, 0(0B) LOS objects, 35% free, 28MB/44MB, paused 950us total 28.645ms
08-05 02:21:14.693 26278 26290 I art     : Starting a blocking GC Explicit
08-05 02:21:14.713 28105 28105 D ICU     : No timezone override file found: /data/misc/zoneinfo/current/icu/icu_tzdata.dat
08-05 02:21:14.721 26278 26290 I art     : Explicit concurrent mark sweep GC freed 3(96B) AllocSpace objects, 0(0B) LOS objects, 35% free, 28MB/44MB, paused 915us total 27.540ms
08-05 02:21:14.730 26278 26290 I art     : Starting a blocking GC Explicit
08-05 02:21:14.749 28105 28105 I Radio-JNI: register_android_hardware_Radio DONE
08-05 02:21:14.757 26278 26290 I art     : Explicit concurrent mark sweep GC freed 3(96B) AllocSpace objects, 0(0B) LOS objects, 35% free, 28MB/44MB, paused 952us total 26.937ms
08-05 02:21:14.766 26278 26290 I art     : Starting a blocking GC Explicit
08-05 02:21:14.771 28105 28105 D AndroidRuntime: Calling main entry com.android.commands.input.Input
08-05 02:21:14.773 28105 28105 I Input   : injectKeyEvent: KeyEvent { action=ACTION_DOWN, keyCode=KEYCODE_BACK, scanCode=0, metaState=0, flags=0x0, repeatCount=0, eventTime=757291186, downTime=757291186, deviceId=-1, source=0x101 }
08-05 02:21:14.778 28105 28105 I Input   : injectKeyEvent: KeyEvent { action=ACTION_UP, keyCode=KEYCODE_BACK, scanCode=0, metaState=0, flags=0x0, repeatCount=0, eventTime=757291186, downTime=757291186, deviceId=-1, source=0x101 }
08-05 02:21:14.783 28105 28105 D AndroidRuntime: Shutting down VM
08-05 02:21:14.787 26278 26278 V PlaybackController: initServiceNotRunning()
08-05 02:21:14.787 26278 26278 D ExternalPlayerFragment: Loading media info
08-05 02:21:14.792 26278 26290 I art     : Explicit concurrent mark sweep GC freed 114(4KB) AllocSpace objects, 0(0B) LOS objects, 35% free, 28MB/44MB, paused 1.047ms total 25.564ms
08-05 02:21:14.793 26278 26278 D UserPreferences: Using default data folder
08-05 02:21:14.796 26278 26802 D DBReader: getNavDrawerData() called with: 
08-05 02:21:14.806 26278 26802 D DBReader: getDownloadedItems() called
08-05 02:21:14.807 26278 26802 D DBReader: getFavoriteIDList() called
08-05 02:21:14.808 26278 26802 D DBReader: getQueueIDList() called
08-05 02:21:14.808 26278 26802 D DBReader: Extracting Feedlist
08-05 02:21:14.828 26278 26278 D MainActivity: getLastNavFragment() -> AddFeedFragment
08-05 02:21:14.829 13866 13866 I GoogleInputMethodServic: GoogleInputMethodService.onFinishInput():3138 
08-05 02:21:14.830 13866 13866 I GoogleInputMethodServic: GoogleInputMethodService.onStartInput():1808 
08-05 02:21:15.066 26278 27471 I art     : Starting a blocking GC Explicit
08-05 02:21:15.101 26278 27471 I art     : Explicit concurrent mark sweep GC freed 2361(147KB) AllocSpace objects, 1(20KB) LOS objects, 35% free, 28MB/44MB, paused 881us total 35.014ms
08-05 02:21:15.113 26278 27471 I art     : Starting a blocking GC Explicit
08-05 02:21:15.130   380   380 W SurfaceFlinger: couldn't log to binary event log: overflow.
08-05 02:21:15.144 26278 27471 I art     : Explicit concurrent mark sweep GC freed 936(44KB) AllocSpace objects, 0(0B) LOS objects, 35% free, 28MB/44MB, paused 863us total 30.712ms
08-05 02:21:15.153 26278 27471 I art     : Starting a blocking GC Explicit
08-05 02:21:15.177 26278 27471 I art     : Explicit concurrent mark sweep GC freed 111(4KB) AllocSpace objects, 0(0B) LOS objects, 35% free, 28MB/44MB, paused 808us total 24.629ms
08-05 02:21:15.186 26278 27471 I art     : Starting a blocking GC Explicit
08-05 02:21:15.212 26278 27471 I art     : Explicit concurrent mark sweep GC freed 2437(152KB) AllocSpace objects, 1(28KB) LOS objects, 36% free, 28MB/44MB, paused 815us total 25.637ms
08-05 02:21:15.220 26278 27471 I art     : Starting a blocking GC Explicit
08-05 02:21:15.247 26278 27471 I art     : Explicit concurrent mark sweep GC freed 3(96B) AllocSpace objects, 0(0B) LOS objects, 36% free, 28MB/44MB, paused 909us total 26.393ms
08-05 02:21:15.547 26278 26291 I art     : Starting a blocking GC Explicit
08-05 02:21:15.590 26278 26291 I art     : Explicit concurrent mark sweep GC freed 1401(81KB) AllocSpace objects, 1(20KB) LOS objects, 36% free, 28MB/44MB, paused 931us total 42.205ms
08-05 02:21:15.603 26278 26291 I art     : Starting a blocking GC Explicit
08-05 02:21:15.634 26278 26291 I art     : Explicit concurrent mark sweep GC freed 23(752B) AllocSpace objects, 0(0B) LOS objects, 36% free, 28MB/44MB, paused 838us total 31.449ms
08-05 02:21:15.644 26278 26291 I art     : Starting a blocking GC Explicit
08-05 02:21:15.673 26278 26291 I art     : Explicit concurrent mark sweep GC freed 3(96B) AllocSpace objects, 0(0B) LOS objects, 36% free, 28MB/44MB, paused 848us total 28.297ms
08-05 02:21:15.682 26278 26291 I art     : Starting a blocking GC Explicit
08-05 02:21:15.711 26278 26291 I art     : Explicit concurrent mark sweep GC freed 3(96B) AllocSpace objects, 0(0B) LOS objects, 36% free, 28MB/44MB, paused 861us total 28.343ms
08-05 02:21:15.720 26278 26291 I art     : Starting a blocking GC Explicit
08-05 02:21:15.752 26278 26291 I art     : Explicit concurrent mark sweep GC freed 3(96B) AllocSpace objects, 0(0B) LOS objects, 36% free, 28MB/44MB, paused 839us total 31.362ms
08-05 02:21:16.044 26278 26300 I art     : Starting a blocking GC Explicit
08-05 02:21:16.072 26278 26300 I art     : Explicit concurrent mark sweep GC freed 1374(82KB) AllocSpace objects, 1(20KB) LOS objects, 36% free, 28MB/44MB, paused 869us total 27.942ms
08-05 02:21:16.082 26278 26300 I art     : Starting a blocking GC Explicit
08-05 02:21:16.109 26278 26300 I art     : Explicit concurrent mark sweep GC freed 23(752B) AllocSpace objects, 0(0B) LOS objects, 36% free, 28MB/44MB, paused 861us total 26.956ms
08-05 02:21:16.119 26278 26300 I art     : Starting a blocking GC Explicit
08-05 02:21:16.145 26278 26300 I art     : Explicit concurrent mark sweep GC freed 3(96B) AllocSpace objects, 0(0B) LOS objects, 36% free, 28MB/44MB, paused 820us total 25.958ms
08-05 02:21:16.154 26278 26300 I art     : Starting a blocking GC Explicit
08-05 02:21:16.180 26278 26300 I art     : Explicit concurrent mark sweep GC freed 3(96B) AllocSpace objects, 0(0B) LOS objects, 36% free, 28MB/44MB, paused 819us total 26.367ms
08-05 02:21:16.189 26278 26300 I art     : Starting a blocking GC Explicit
08-05 02:21:16.216 26278 26300 I art     : Explicit concurrent mark sweep GC freed 3(96B) AllocSpace objects, 0(0B) LOS objects, 36% free, 28MB/44MB, paused 834us total 26.229ms
08-05 02:21:16.424 28158 28158 D AndroidRuntime: >>>>>> START com.android.internal.os.RuntimeInit uid 2000 <<<<<<
08-05 02:21:16.429 28158 28158 D AndroidRuntime: CheckJNI is OFF
08-05 02:21:16.464 28158 28158 D ICU     : No timezone override file found: /data/misc/zoneinfo/current/icu/icu_tzdata.dat
08-05 02:21:16.495 28158 28158 I Radio-JNI: register_android_hardware_Radio DONE
08-05 02:21:16.517 28158 28158 D AndroidRuntime: Calling main entry com.android.commands.input.Input
08-05 02:21:16.519 28158 28158 I Input   : injectKeyEvent: KeyEvent { action=ACTION_DOWN, keyCode=KEYCODE_BACK, scanCode=0, metaState=0, flags=0x0, repeatCount=0, eventTime=757292932, downTime=757292932, deviceId=-1, source=0x101 }
08-05 02:21:16.521 26278 26290 I art     : Starting a blocking GC Explicit
08-05 02:21:16.524 28158 28158 I Input   : injectKeyEvent: KeyEvent { action=ACTION_UP, keyCode=KEYCODE_BACK, scanCode=0, metaState=0, flags=0x0, repeatCount=0, eventTime=757292932, downTime=757292932, deviceId=-1, source=0x101 }
08-05 02:21:16.534 13866 13866 I GoogleInputMethodServic: GoogleInputMethodService.onFinishInput():3138 
08-05 02:21:16.534 13866 13866 I GoogleInputMethodServic: GoogleInputMethodService.onStartInput():1808 
08-05 02:21:16.539 28158 28158 D AndroidRuntime: Shutting down VM
08-05 02:21:16.549 26278 26290 I art     : Explicit concurrent mark sweep GC freed 2502(126KB) AllocSpace objects, 1(20KB) LOS objects, 36% free, 28MB/44MB, paused 1.110ms total 28.705ms
08-05 02:21:16.560 26278 26290 I art     : Starting a blocking GC Explicit
08-05 02:21:16.585 26278 26290 I art     : Explicit concurrent mark sweep GC freed 251(15KB) AllocSpace objects, 0(0B) LOS objects, 36% free, 28MB/44MB, paused 747us total 25.225ms
08-05 02:21:16.594 26278 26290 I art     : Starting a blocking GC Explicit
08-05 02:21:16.619 26278 26290 I art     : Explicit concurrent mark sweep GC freed 2470(164KB) AllocSpace objects, 9(1540KB) LOS objects, 37% free, 26MB/42MB, paused 829us total 24.760ms
08-05 02:21:16.627 26278 26290 I art     : Starting a blocking GC Explicit
08-05 02:21:16.652 26278 26290 I art     : Explicit concurrent mark sweep GC freed 48(2016B) AllocSpace objects, 0(0B) LOS objects, 37% free, 26MB/42MB, paused 834us total 24.997ms
08-05 02:21:16.662 26278 26290 I art     : Starting a blocking GC Explicit
08-05 02:21:16.689 26278 26290 I art     : Explicit concurrent mark sweep GC freed 3(96B) AllocSpace objects, 0(0B) LOS objects, 37% free, 26MB/42MB, paused 918us total 26.782ms
08-05 02:21:16.964 26278 26291 I art     : Starting a blocking GC Explicit
08-05 02:21:16.999 26278 26291 I art     : Explicit concurrent mark sweep GC freed 1373(80KB) AllocSpace objects, 1(20KB) LOS objects, 37% free, 26MB/42MB, paused 944us total 34.436ms
08-05 02:21:17.012 26278 26291 I art     : Starting a blocking GC Explicit
08-05 02:21:17.040 26278 26291 I art     : Explicit concurrent mark sweep GC freed 23(752B) AllocSpace objects, 0(0B) LOS objects, 37% free, 26MB/42MB, paused 817us total 27.274ms
08-05 02:21:17.049 26278 26291 I art     : Starting a blocking GC Explicit
08-05 02:21:17.076 26278 26291 I art     : Explicit concurrent mark sweep GC freed 3(96B) AllocSpace objects, 0(0B) LOS objects, 37% free, 26MB/42MB, paused 828us total 26.507ms
08-05 02:21:17.085 26278 26291 I art     : Starting a blocking GC Explicit
08-05 02:21:17.113 26278 26291 I art     : Explicit concurrent mark sweep GC freed 3(96B) AllocSpace objects, 0(0B) LOS objects, 37% free, 26MB/42MB, paused 833us total 27.140ms
08-05 02:21:17.122 26278 26291 I art     : Starting a blocking GC Explicit
08-05 02:21:17.149 26278 26291 I art     : Explicit concurrent mark sweep GC freed 3(96B) AllocSpace objects, 0(0B) LOS objects, 37% free, 26MB/42MB, paused 849us total 27.037ms
08-05 02:21:17.444 26278 26300 I art     : Starting a blocking GC Explicit
08-05 02:21:17.483 26278 26300 I art     : Explicit concurrent mark sweep GC freed 1401(82KB) AllocSpace objects, 1(20KB) LOS objects, 37% free, 26MB/42MB, paused 900us total 38.397ms
08-05 02:21:17.496 26278 26300 I art     : Starting a blocking GC Explicit
08-05 02:21:17.527 26278 26300 I art     : Explicit concurrent mark sweep GC freed 23(752B) AllocSpace objects, 0(0B) LOS objects, 37% free, 26MB/42MB, paused 900us total 30.248ms
08-05 02:21:17.536 26278 26300 I art     : Starting a blocking GC Explicit
08-05 02:21:17.564 26278 26300 I art     : Explicit concurrent mark sweep GC freed 3(96B) AllocSpace objects, 0(0B) LOS objects, 37% free, 26MB/42MB, paused 842us total 27.470ms
08-05 02:21:17.574 26278 26300 I art     : Starting a blocking GC Explicit
08-05 02:21:17.601 26278 26300 I art     : Explicit concurrent mark sweep GC freed 3(96B) AllocSpace objects, 0(0B) LOS objects, 37% free, 26MB/42MB, paused 844us total 27.559ms
08-05 02:21:17.611 26278 26300 I art     : Starting a blocking GC Explicit
08-05 02:21:17.638 26278 26300 I art     : Explicit concurrent mark sweep GC freed 3(96B) AllocSpace objects, 0(0B) LOS objects, 37% free, 26MB/42MB, paused 853us total 27.315ms
08-05 02:21:17.913 26278 27471 I art     : Starting a blocking GC Explicit
08-05 02:21:17.941 26278 27471 I art     : Explicit concurrent mark sweep GC freed 1373(81KB) AllocSpace objects, 1(20KB) LOS objects, 37% free, 26MB/42MB, paused 866us total 27.551ms
08-05 02:21:17.950 26278 27471 I art     : Starting a blocking GC Explicit
08-05 02:21:17.977 26278 27471 I art     : Explicit concurrent mark sweep GC freed 23(752B) AllocSpace objects, 0(0B) LOS objects, 37% free, 26MB/42MB, paused 951us total 26.770ms
08-05 02:21:17.986 26278 27471 I art     : Starting a blocking GC Explicit
08-05 02:21:18.013 26278 27471 I art     : Explicit concurrent mark sweep GC freed 3(96B) AllocSpace objects, 0(0B) LOS objects, 37% free, 26MB/42MB, paused 857us total 26.238ms
08-05 02:21:18.022 26278 27471 I art     : Starting a blocking GC Explicit
08-05 02:21:18.047 26278 27471 I art     : Explicit concurrent mark sweep GC freed 3(96B) AllocSpace objects, 0(0B) LOS objects, 37% free, 26MB/42MB, paused 860us total 25.115ms
08-05 02:21:18.056 26278 27471 I art     : Starting a blocking GC Explicit
08-05 02:21:18.082 26278 27471 I art     : Explicit concurrent mark sweep GC freed 3(96B) AllocSpace objects, 0(0B) LOS objects, 37% free, 26MB/42MB, paused 821us total 25.889ms
08-05 02:21:18.215 28201 28201 D AndroidRuntime: >>>>>> START com.android.internal.os.RuntimeInit uid 2000 <<<<<<
08-05 02:21:18.220 28201 28201 D AndroidRuntime: CheckJNI is OFF
08-05 02:21:18.254 28201 28201 D ICU     : No timezone override file found: /data/misc/zoneinfo/current/icu/icu_tzdata.dat
08-05 02:21:18.282   918  3261 D WifiStateMachine: starting scan for "H369AA63323"WPA_PSK with 2412,5180
08-05 02:21:18.290 28201 28201 I Radio-JNI: register_android_hardware_Radio DONE
08-05 02:21:18.310 28201 28201 D AndroidRuntime: Calling main entry com.android.commands.input.Input
08-05 02:21:18.312 28201 28201 I Input   : injectMotionEvent: MotionEvent { action=ACTION_DOWN, actionButton=0, id[0]=0, x[0]=567.0, y[0]=714.0, toolType[0]=TOOL_TYPE_UNKNOWN, buttonState=0, metaState=0, flags=0x0, edgeFlags=0x0, pointerCount=1, historySize=0, eventTime=757294725, downTime=757294725, deviceId=0, source=0x1002 }
08-05 02:21:18.317 28201 28201 I Input   : injectMotionEvent: MotionEvent { action=ACTION_UP, actionButton=0, id[0]=0, x[0]=567.0, y[0]=714.0, toolType[0]=TOOL_TYPE_UNKNOWN, buttonState=0, metaState=0, flags=0x0, edgeFlags=0x0, pointerCount=1, historySize=0, eventTime=757294725, downTime=757294725, deviceId=0, source=0x1002 }
08-05 02:21:18.319 28201 28201 D AndroidRuntime: Shutting down VM
08-05 02:21:18.323   512  2967 D audio_hw_primary: out_set_parameters: enter: usecase(1: low-latency-playback) kvpairs: routing=2
08-05 02:21:18.337   512  2967 D audio_hw_primary: select_devices: out_snd_device(2: speaker) in_snd_device(0: none)
08-05 02:21:18.337   512  2967 D msm8974_platform: platform_send_audio_calibration: sending audio calibration for snd_device(2) acdb_id(15)
08-05 02:21:18.337   512  2967 I soundtrigger: audio_extn_sound_trigger_update_device_status: device 0x2 of type 0 for Event 1
08-05 02:21:18.347   512  2967 D audio_hw_primary: enable_snd_device: snd_device(2: speaker)
08-05 02:21:18.350   512  2967 D audio_hw_primary: enable_audio_route: apply and update mixer path: low-latency-playback speaker
08-05 02:21:18.388 26278 26300 I art     : Starting a blocking GC Explicit
08-05 02:21:18.414 26278 26300 I art     : Explicit concurrent mark sweep GC freed 3597(170KB) AllocSpace objects, 1(20KB) LOS objects, 37% free, 27MB/43MB, paused 965us total 26.309ms
08-05 02:21:18.423 26278 26300 I art     : Starting a blocking GC Explicit
08-05 02:21:18.449 26278 26300 I art     : Explicit concurrent mark sweep GC freed 1636(83KB) AllocSpace objects, 1(220KB) LOS objects, 37% free, 26MB/42MB, paused 897us total 26.429ms
08-05 02:21:18.458 26278 26300 I art     : Starting a blocking GC Explicit
08-05 02:21:18.484 26278 26300 I art     : Explicit concurrent mark sweep GC freed 83(5KB) AllocSpace objects, 0(0B) LOS objects, 37% free, 26MB/42MB, paused 846us total 25.357ms
08-05 02:21:18.492 26278 26300 I art     : Starting a blocking GC Explicit
08-05 02:21:18.518 26278 26300 I art     : Explicit concurrent mark sweep GC freed 19(784B) AllocSpace objects, 0(0B) LOS objects, 37% free, 26MB/42MB, paused 872us total 25.161ms
08-05 02:21:18.527 26278 26300 I art     : Starting a blocking GC Explicit
08-05 02:21:18.553 26278 26300 I art     : Explicit concurrent mark sweep GC freed 14(528B) AllocSpace objects, 0(0B) LOS objects, 37% free, 26MB/42MB, paused 951us total 26.009ms
08-05 02:21:18.767 26278 26304 I NAPPA_EXPERIMENTATION: MetricNetworkRequestExecutionTime: REQUEST_DURATION_SYSTEM='420',REQUEST_DURATION_OKHTTP='159',REQUEST_SYNCHRONOUS='TRUE',RESPONSE_CODE='400',RESPONSE_METHOD='GET',RESPONSE_LENGTH_OKHTTP='0',RESPONSE_LENGTH_HEADER='0',REQUEST_PROTOCOL='h2',REQUEST_URL='https://itunes.apple.com/en/rss/toppodcasts/limit=25/explicit=true/json',
08-05 02:21:18.821 26278 26291 I art     : Starting a blocking GC Explicit
08-05 02:21:18.850 26278 26291 I art     : Explicit concurrent mark sweep GC freed 5847(293KB) AllocSpace objects, 1(20KB) LOS objects, 37% free, 26MB/42MB, paused 954us total 28.414ms
08-05 02:21:18.859 26278 26291 I art     : Starting a blocking GC Explicit
08-05 02:21:18.886 26278 26291 I art     : Explicit concurrent mark sweep GC freed 184(6KB) AllocSpace objects, 0(0B) LOS objects, 37% free, 26MB/42MB, paused 895us total 27.004ms
08-05 02:21:18.889   512  2967 D audio_hw_primary: disable_audio_route: reset and update mixer path: low-latency-playback speaker
08-05 02:21:18.890   512  2967 D audio_hw_primary: disable_snd_device: snd_device(2: speaker)
08-05 02:21:18.895 26278 26291 I art     : Starting a blocking GC Explicit
08-05 02:21:18.898   512  2967 I soundtrigger: audio_extn_sound_trigger_update_device_status: device 0x2 of type 0 for Event 0
08-05 02:21:18.916 26278 26304 I NAPPA_EXPERIMENTATION: MetricNetworkRequestExecutionTime: REQUEST_DURATION_SYSTEM='147',REQUEST_DURATION_OKHTTP='146',REQUEST_SYNCHRONOUS='TRUE',RESPONSE_CODE='200',RESPONSE_METHOD='GET',RESPONSE_LENGTH_OKHTTP='-1',RESPONSE_LENGTH_HEADER='10075',REQUEST_PROTOCOL='h2',REQUEST_URL='https://itunes.apple.com/us/rss/toppodcasts/limit=25/explicit=true/json',
08-05 02:21:18.921 26278 26291 I art     : Explicit concurrent mark sweep GC freed 342(26KB) AllocSpace objects, 0(0B) LOS objects, 37% free, 26MB/42MB, paused 857us total 25.515ms
08-05 02:21:18.930 26278 26291 I art     : Starting a blocking GC Explicit
08-05 02:21:18.956 26278 26291 I art     : Explicit concurrent mark sweep GC freed 8019(410KB) AllocSpace objects, 4(352KB) LOS objects, 37% free, 26MB/42MB, paused 920us total 26.347ms
08-05 02:21:18.965 26278 26291 I art     : Starting a blocking GC Explicit
08-05 02:21:18.969 26278 27025 D ApOkHttpUrlLoader: buildLoadData() called with: model = [https://is4-ssl.mzstatic.com/image/thumb/Podcasts114/v4/3f/16/74/3f167426-bf50-ce3a-d709-e4301620fc5b/mza_5832671293059882550.jpeg/170x170bb.png], width = [224], height = [224]
08-05 02:21:18.971 26278 27033 D DBReader: getImageAuthentication() called with: imageUrl = [https://is4-ssl.mzstatic.com/image/thumb/Podcasts114/v4/3f/16/74/3f167426-bf50-ce3a-d709-e4301620fc5b/mza_5832671293059882550.jpeg/170x170bb.png]
08-05 02:21:18.973 26278 27026 D ApOkHttpUrlLoader: buildLoadData() called with: model = [https://is4-ssl.mzstatic.com/image/thumb/Podcasts113/v4/e5/8a/10/e58a108f-f5d0-f622-c94a-13f66edd570c/mza_3025981348644196724.jpg/170x170bb.png], width = [224], height = [224]
08-05 02:21:18.974 26278 27030 D DBReader: getImageAuthentication() called with: imageUrl = [https://is4-ssl.mzstatic.com/image/thumb/Podcasts113/v4/e5/8a/10/e58a108f-f5d0-f622-c94a-13f66edd570c/mza_3025981348644196724.jpg/170x170bb.png]
08-05 02:21:18.974 26278 27033 D ApOkHttpUrlLoader: no credentials for 'https://is4-ssl.mzstatic.com/image/thumb/Podcasts114/v4/3f/16/74/3f167426-bf50-ce3a-d709-e4301620fc5b/mza_5832671293059882550.jpeg/170x170bb.png'
08-05 02:21:18.976 26278 27023 D ApOkHttpUrlLoader: buildLoadData() called with: model = [https://is2-ssl.mzstatic.com/image/thumb/Podcasts113/v4/a9/39/cc/a939ccc5-6d60-0c11-0a4c-16d71cdef89b/mza_8787577209688278658.jpg/170x170bb.png], width = [224], height = [224]
08-05 02:21:18.977 26278 27029 D DBReader: getImageAuthentication() called with: imageUrl = [https://is2-ssl.mzstatic.com/image/thumb/Podcasts113/v4/a9/39/cc/a939ccc5-6d60-0c11-0a4c-16d71cdef89b/mza_8787577209688278658.jpg/170x170bb.png]
08-05 02:21:18.978 26278 27030 D ApOkHttpUrlLoader: no credentials for 'https://is4-ssl.mzstatic.com/image/thumb/Podcasts113/v4/e5/8a/10/e58a108f-f5d0-f622-c94a-13f66edd570c/mza_3025981348644196724.jpg/170x170bb.png'
08-05 02:21:18.978 26278 27024 D ApOkHttpUrlLoader: buildLoadData() called with: model = [https://is5-ssl.mzstatic.com/image/thumb/Podcasts114/v4/93/cf/99/93cf9960-fff3-205e-6655-72c03ddeccb2/mza_10545582232493904175.jpeg/170x170bb.png], width = [224], height = [224]
08-05 02:21:18.980 26278 27032 D DBReader: getImageAuthentication() called with: imageUrl = [https://is5-ssl.mzstatic.com/image/thumb/Podcasts114/v4/93/cf/99/93cf9960-fff3-205e-6655-72c03ddeccb2/mza_10545582232493904175.jpeg/170x170bb.png]
08-05 02:21:18.980 26278 27029 D ApOkHttpUrlLoader: no credentials for 'https://is2-ssl.mzstatic.com/image/thumb/Podcasts113/v4/a9/39/cc/a939ccc5-6d60-0c11-0a4c-16d71cdef89b/mza_8787577209688278658.jpg/170x170bb.png'
08-05 02:21:18.981 26278 27025 D ApOkHttpUrlLoader: buildLoadData() called with: model = [https://is4-ssl.mzstatic.com/image/thumb/Podcasts124/v4/49/a4/91/49a491b7-3daf-c5dc-d7c6-6c4f1486955c/mza_5930014091766152297.png/170x170bb.png], width = [224], height = [224]
08-05 02:21:18.982 26278 27028 D DBReader: getImageAuthentication() called with: imageUrl = [https://is4-ssl.mzstatic.com/image/thumb/Podcasts124/v4/49/a4/91/49a491b7-3daf-c5dc-d7c6-6c4f1486955c/mza_5930014091766152297.png/170x170bb.png]
08-05 02:21:18.983 26278 27026 D ApOkHttpUrlLoader: buildLoadData() called with: model = [https://is5-ssl.mzstatic.com/image/thumb/Podcasts113/v4/fd/54/6e/fd546ea0-7ab2-e3f0-6049-884d82917af9/mza_4855349695799758348.jpeg/170x170bb.png], width = [224], height = [224]
08-05 02:21:18.984 26278 27032 D ApOkHttpUrlLoader: no credentials for 'https://is5-ssl.mzstatic.com/image/thumb/Podcasts114/v4/93/cf/99/93cf9960-fff3-205e-6655-72c03ddeccb2/mza_10545582232493904175.jpeg/170x170bb.png'
08-05 02:21:18.984 26278 27031 D DBReader: getImageAuthentication() called with: imageUrl = [https://is5-ssl.mzstatic.com/image/thumb/Podcasts113/v4/fd/54/6e/fd546ea0-7ab2-e3f0-6049-884d82917af9/mza_4855349695799758348.jpeg/170x170bb.png]
08-05 02:21:18.986 26278 27023 D ApOkHttpUrlLoader: buildLoadData() called with: model = [https://is2-ssl.mzstatic.com/image/thumb/Podcasts114/v4/b3/4c/cf/b34ccfc2-cea4-1ca1-0fad-7793af301cc5/mza_2466085192629456364.jpg/170x170bb.png], width = [224], height = [224]
08-05 02:21:18.987 26278 27028 D ApOkHttpUrlLoader: no credentials for 'https://is4-ssl.mzstatic.com/image/thumb/Podcasts124/v4/49/a4/91/49a491b7-3daf-c5dc-d7c6-6c4f1486955c/mza_5930014091766152297.png/170x170bb.png'
08-05 02:21:18.989 26278 27027 D DBReader: getImageAuthentication() called with: imageUrl = [https://is2-ssl.mzstatic.com/image/thumb/Podcasts114/v4/b3/4c/cf/b34ccfc2-cea4-1ca1-0fad-7793af301cc5/mza_2466085192629456364.jpg/170x170bb.png]
08-05 02:21:18.992 26278 27031 D ApOkHttpUrlLoader: no credentials for 'https://is5-ssl.mzstatic.com/image/thumb/Podcasts113/v4/fd/54/6e/fd546ea0-7ab2-e3f0-6049-884d82917af9/mza_4855349695799758348.jpeg/170x170bb.png'
08-05 02:21:18.992 26278 26291 I art     : Explicit concurrent mark sweep GC freed 2006(166KB) AllocSpace objects, 0(0B) LOS objects, 37% free, 27MB/43MB, paused 1.742ms total 27.245ms
08-05 02:21:18.996 26278 27027 D ApOkHttpUrlLoader: no credentials for 'https://is2-ssl.mzstatic.com/image/thumb/Podcasts114/v4/b3/4c/cf/b34ccfc2-cea4-1ca1-0fad-7793af301cc5/mza_2466085192629456364.jpg/170x170bb.png'
08-05 02:21:19.304 26278 26290 I art     : Starting a blocking GC Explicit
08-05 02:21:19.343 26278 26290 I art     : Explicit concurrent mark sweep GC freed 28098(1378KB) AllocSpace objects, 1(20KB) LOS objects, 37% free, 26MB/42MB, paused 1.306ms total 38.186ms
08-05 02:21:19.356 26278 26290 I art     : Starting a blocking GC Explicit
08-05 02:21:19.386 26278 26290 I art     : Explicit concurrent mark sweep GC freed 932(32KB) AllocSpace objects, 0(0B) LOS objects, 37% free, 26MB/42MB, paused 1.219ms total 29.419ms
08-05 02:21:19.395 26278 26290 I art     : Starting a blocking GC Explicit
08-05 02:21:19.420 26278 27033 D MYTAG   : interceptor 2a
08-05 02:21:19.422 26278 27033 I NAPPA_EXPERIMENTATION: MetricNetworkRequestExecutionTime: REQUEST_DURATION_SYSTEM='446',REQUEST_DURATION_OKHTTP='215',REQUEST_SYNCHRONOUS='TRUE',RESPONSE_CODE='200',RESPONSE_METHOD='GET',RESPONSE_LENGTH_OKHTTP='26177',RESPONSE_LENGTH_HEADER='26177',REQUEST_PROTOCOL='h2',REQUEST_URL='https://is4-ssl.mzstatic.com/image/thumb/Podcasts114/v4/3f/16/74/3f167426-bf50-ce3a-d709-e4301620fc5b/mza_5832671293059882550.jpeg/170x170bb.png',
08-05 02:21:19.424 26278 26290 I art     : Explicit concurrent mark sweep GC freed 279(21KB) AllocSpace objects, 0(0B) LOS objects, 37% free, 26MB/42MB, paused 1.353ms total 28.971ms
08-05 02:21:19.434 26278 26290 I art     : Starting a blocking GC Explicit
08-05 02:21:19.459 26278 27030 D MYTAG   : interceptor 2a
08-05 02:21:19.460 26278 27030 I NAPPA_EXPERIMENTATION: MetricNetworkRequestExecutionTime: REQUEST_DURATION_SYSTEM='480',REQUEST_DURATION_OKHTTP='256',REQUEST_SYNCHRONOUS='TRUE',RESPONSE_CODE='200',RESPONSE_METHOD='GET',RESPONSE_LENGTH_OKHTTP='45995',RESPONSE_LENGTH_HEADER='45995',REQUEST_PROTOCOL='h2',REQUEST_URL='https://is4-ssl.mzstatic.com/image/thumb/Podcasts113/v4/e5/8a/10/e58a108f-f5d0-f622-c94a-13f66edd570c/mza_3025981348644196724.jpg/170x170bb.png',
08-05 02:21:19.463 26278 26290 I art     : Explicit concurrent mark sweep GC freed 189(17KB) AllocSpace objects, 0(0B) LOS objects, 37% free, 27MB/43MB, paused 1.326ms total 29.052ms
08-05 02:21:19.472 26278 26290 I art     : Starting a blocking GC Explicit
08-05 02:21:19.487 26278 27027 D MYTAG   : interceptor 2a
08-05 02:21:19.487 26278 27027 I NAPPA_EXPERIMENTATION: MetricNetworkRequestExecutionTime: REQUEST_DURATION_SYSTEM='491',REQUEST_DURATION_OKHTTP='273',REQUEST_SYNCHRONOUS='TRUE',RESPONSE_CODE='200',RESPONSE_METHOD='GET',RESPONSE_LENGTH_OKHTTP='42299',RESPONSE_LENGTH_HEADER='42299',REQUEST_PROTOCOL='h2',REQUEST_URL='https://is2-ssl.mzstatic.com/image/thumb/Podcasts114/v4/b3/4c/cf/b34ccfc2-cea4-1ca1-0fad-7793af301cc5/mza_2466085192629456364.jpg/170x170bb.png',
08-05 02:21:19.488 26278 27028 D MYTAG   : interceptor 2a
08-05 02:21:19.488 26278 27028 I NAPPA_EXPERIMENTATION: MetricNetworkRequestExecutionTime: REQUEST_DURATION_SYSTEM='501',REQUEST_DURATION_OKHTTP='258',REQUEST_SYNCHRONOUS='TRUE',RESPONSE_CODE='200',RESPONSE_METHOD='GET',RESPONSE_LENGTH_OKHTTP='12000',RESPONSE_LENGTH_HEADER='12000',REQUEST_PROTOCOL='h2',REQUEST_URL='https://is4-ssl.mzstatic.com/image/thumb/Podcasts124/v4/49/a4/91/49a491b7-3daf-c5dc-d7c6-6c4f1486955c/mza_5930014091766152297.png/170x170bb.png',
08-05 02:21:19.499 26278 26290 I art     : Explicit concurrent mark sweep GC freed 832(54KB) AllocSpace objects, 0(0B) LOS objects, 36% free, 27MB/43MB, paused 1.124ms total 26.640ms
08-05 02:21:19.501 26278 27029 D MYTAG   : interceptor 2a
08-05 02:21:19.502 26278 27029 I NAPPA_EXPERIMENTATION: MetricNetworkRequestExecutionTime: REQUEST_DURATION_SYSTEM='521',REQUEST_DURATION_OKHTTP='281',REQUEST_SYNCHRONOUS='TRUE',RESPONSE_CODE='200',RESPONSE_METHOD='GET',RESPONSE_LENGTH_OKHTTP='48239',RESPONSE_LENGTH_HEADER='48239',REQUEST_PROTOCOL='h2',REQUEST_URL='https://is2-ssl.mzstatic.com/image/thumb/Podcasts113/v4/a9/39/cc/a939ccc5-6d60-0c11-0a4c-16d71cdef89b/mza_8787577209688278658.jpg/170x170bb.png',
08-05 02:21:19.508 26278 27032 D MYTAG   : interceptor 2a
08-05 02:21:19.508 26278 27032 I NAPPA_EXPERIMENTATION: MetricNetworkRequestExecutionTime: REQUEST_DURATION_SYSTEM='524',REQUEST_DURATION_OKHTTP='288',REQUEST_SYNCHRONOUS='TRUE',RESPONSE_CODE='200',RESPONSE_METHOD='GET',RESPONSE_LENGTH_OKHTTP='22351',RESPONSE_LENGTH_HEADER='22351',REQUEST_PROTOCOL='h2',REQUEST_URL='https://is5-ssl.mzstatic.com/image/thumb/Podcasts114/v4/93/cf/99/93cf9960-fff3-205e-6655-72c03ddeccb2/mza_10545582232493904175.jpeg/170x170bb.png',
08-05 02:21:19.533 26278 27031 D MYTAG   : interceptor 2a
08-05 02:21:19.534 26278 27031 I NAPPA_EXPERIMENTATION: MetricNetworkRequestExecutionTime: REQUEST_DURATION_SYSTEM='541',REQUEST_DURATION_OKHTTP='317',REQUEST_SYNCHRONOUS='TRUE',RESPONSE_CODE='200',RESPONSE_METHOD='GET',RESPONSE_LENGTH_OKHTTP='54835',RESPONSE_LENGTH_HEADER='54835',REQUEST_PROTOCOL='h2',REQUEST_URL='https://is5-ssl.mzstatic.com/image/thumb/Podcasts113/v4/fd/54/6e/fd546ea0-7ab2-e3f0-6049-884d82917af9/mza_4855349695799758348.jpeg/170x170bb.png',
08-05 02:21:19.798 26278 26291 I art     : Starting a blocking GC Explicit
08-05 02:21:19.832 26278 26291 I art     : Explicit concurrent mark sweep GC freed 3435(192KB) AllocSpace objects, 1(20KB) LOS objects, 36% free, 28MB/44MB, paused 925us total 33.751ms
08-05 02:21:19.841 26278 26291 I art     : Starting a blocking GC Explicit
08-05 02:21:19.868 26278 26291 I art     : Explicit concurrent mark sweep GC freed 63(3KB) AllocSpace objects, 0(0B) LOS objects, 36% free, 28MB/44MB, paused 1.047ms total 26.198ms
08-05 02:21:19.876 26278 26291 I art     : Starting a blocking GC Explicit
08-05 02:21:19.903 26278 26291 I art     : Explicit concurrent mark sweep GC freed 3(96B) AllocSpace objects, 0(0B) LOS objects, 36% free, 28MB/44MB, paused 929us total 26.231ms
08-05 02:21:19.912 26278 26291 I art     : Starting a blocking GC Explicit
08-05 02:21:19.939 26278 26291 I art     : Explicit concurrent mark sweep GC freed 3(96B) AllocSpace objects, 0(0B) LOS objects, 36% free, 28MB/44MB, paused 960us total 27.471ms
08-05 02:21:19.949 26278 26291 I art     : Starting a blocking GC Explicit
08-05 02:21:19.977 26278 26291 I art     : Explicit concurrent mark sweep GC freed 3(96B) AllocSpace objects, 0(0B) LOS objects, 36% free, 28MB/44MB, paused 1.046ms total 28.337ms
08-05 02:21:20.300 26278 26300 I art     : Starting a blocking GC Explicit
08-05 02:21:20.336 26278 26300 I art     : Explicit concurrent mark sweep GC freed 1373(81KB) AllocSpace objects, 1(20KB) LOS objects, 36% free, 28MB/44MB, paused 1.016ms total 35.664ms
08-05 02:21:20.348 26278 26300 I art     : Starting a blocking GC Explicit
08-05 02:21:20.377 26278 26300 I art     : Explicit concurrent mark sweep GC freed 52(1536B) AllocSpace objects, 0(0B) LOS objects, 36% free, 28MB/44MB, paused 907us total 28.827ms
08-05 02:21:20.386 26278 26300 I art     : Starting a blocking GC Explicit
08-05 02:21:20.414 26278 26300 I art     : Explicit concurrent mark sweep GC freed 3(96B) AllocSpace objects, 0(0B) LOS objects, 36% free, 28MB/44MB, paused 940us total 27.238ms
08-05 02:21:20.423 26278 26300 I art     : Starting a blocking GC Explicit
08-05 02:21:20.451 26278 26300 I art     : Explicit concurrent mark sweep GC freed 3(96B) AllocSpace objects, 0(0B) LOS objects, 36% free, 28MB/44MB, paused 950us total 27.855ms
08-05 02:21:20.461 26278 26300 I art     : Starting a blocking GC Explicit
08-05 02:21:20.489 26278 26300 I art     : Explicit concurrent mark sweep GC freed 3(96B) AllocSpace objects, 0(0B) LOS objects, 36% free, 28MB/44MB, paused 977us total 28.288ms
08-05 02:21:20.837 26278 26291 I art     : Starting a blocking GC Explicit
08-05 02:21:20.866 26278 26291 I art     : Explicit concurrent mark sweep GC freed 1404(83KB) AllocSpace objects, 1(20KB) LOS objects, 36% free, 28MB/44MB, paused 975us total 29.305ms
08-05 02:21:20.876 26278 26291 I art     : Starting a blocking GC Explicit
08-05 02:21:20.904 26278 26291 I art     : Explicit concurrent mark sweep GC freed 23(752B) AllocSpace objects, 0(0B) LOS objects, 36% free, 28MB/44MB, paused 956us total 27.552ms
08-05 02:21:20.913 26278 26291 I art     : Starting a blocking GC Explicit
08-05 02:21:20.941 26278 26291 I art     : Explicit concurrent mark sweep GC freed 3(96B) AllocSpace objects, 0(0B) LOS objects, 36% free, 28MB/44MB, paused 955us total 27.357ms
08-05 02:21:20.950 26278 26291 I art     : Starting a blocking GC Explicit
08-05 02:21:20.979 26278 26291 I art     : Explicit concurrent mark sweep GC freed 3(96B) AllocSpace objects, 0(0B) LOS objects, 36% free, 28MB/44MB, paused 953us total 28.349ms
08-05 02:21:20.988 26278 26291 I art     : Starting a blocking GC Explicit
08-05 02:21:21.015 26278 26291 I art     : Explicit concurrent mark sweep GC freed 3(96B) AllocSpace objects, 0(0B) LOS objects, 36% free, 28MB/44MB, paused 928us total 27.247ms
08-05 02:21:21.348 26278 26290 I art     : Starting a blocking GC Explicit
08-05 02:21:21.387 26278 26290 I art     : Explicit concurrent mark sweep GC freed 1402(82KB) AllocSpace objects, 1(20KB) LOS objects, 36% free, 28MB/44MB, paused 957us total 38.995ms
08-05 02:21:21.397 26278 26290 I art     : Starting a blocking GC Explicit
08-05 02:21:21.425 26278 26290 I art     : Explicit concurrent mark sweep GC freed 23(752B) AllocSpace objects, 0(0B) LOS objects, 36% free, 28MB/44MB, paused 957us total 28.673ms
08-05 02:21:21.435 26278 26290 I art     : Starting a blocking GC Explicit
08-05 02:21:21.464 26278 26290 I art     : Explicit concurrent mark sweep GC freed 3(96B) AllocSpace objects, 0(0B) LOS objects, 36% free, 28MB/44MB, paused 969us total 28.412ms
08-05 02:21:21.473 26278 26290 I art     : Starting a blocking GC Explicit
08-05 02:21:21.502 26278 26290 I art     : Explicit concurrent mark sweep GC freed 3(96B) AllocSpace objects, 0(0B) LOS objects, 36% free, 28MB/44MB, paused 1.007ms total 28.158ms
08-05 02:21:21.511 26278 26290 I art     : Starting a blocking GC Explicit
08-05 02:21:21.538 26278 26290 I art     : Explicit concurrent mark sweep GC freed 3(96B) AllocSpace objects, 0(0B) LOS objects, 36% free, 28MB/44MB, paused 968us total 26.965ms
08-05 02:21:21.871 26278 27471 I art     : Starting a blocking GC Explicit
08-05 02:21:21.910 26278 27471 I art     : Explicit concurrent mark sweep GC freed 1374(82KB) AllocSpace objects, 1(20KB) LOS objects, 36% free, 28MB/44MB, paused 993us total 39.245ms
08-05 02:21:21.920 26278 27471 I art     : Starting a blocking GC Explicit
08-05 02:21:21.949 26278 27471 I art     : Explicit concurrent mark sweep GC freed 23(752B) AllocSpace objects, 0(0B) LOS objects, 36% free, 28MB/44MB, paused 978us total 28.754ms
08-05 02:21:21.959 26278 27471 I art     : Starting a blocking GC Explicit
08-05 02:21:21.988 26278 27471 I art     : Explicit concurrent mark sweep GC freed 3(96B) AllocSpace objects, 0(0B) LOS objects, 36% free, 28MB/44MB, paused 1.135ms total 28.856ms
08-05 02:21:21.997 26278 27471 I art     : Starting a blocking GC Explicit
08-05 02:21:22.026 26278 27471 I art     : Explicit concurrent mark sweep GC freed 3(96B) AllocSpace objects, 0(0B) LOS objects, 36% free, 28MB/44MB, paused 915us total 27.975ms
08-05 02:21:22.035 26278 27471 I art     : Starting a blocking GC Explicit
08-05 02:21:22.063 26278 27471 I art     : Explicit concurrent mark sweep GC freed 3(96B) AllocSpace objects, 0(0B) LOS objects, 36% free, 28MB/44MB, paused 960us total 27.518ms
08-05 02:21:22.391 26278 26300 I art     : Starting a blocking GC Explicit
08-05 02:21:22.430 26278 26300 I art     : Explicit concurrent mark sweep GC freed 1402(82KB) AllocSpace objects, 1(20KB) LOS objects, 36% free, 28MB/44MB, paused 1.047ms total 38.015ms
08-05 02:21:22.442 26278 26300 I art     : Starting a blocking GC Explicit
08-05 02:21:22.471 26278 26300 I art     : Explicit concurrent mark sweep GC freed 23(752B) AllocSpace objects, 0(0B) LOS objects, 36% free, 28MB/44MB, paused 959us total 28.849ms
08-05 02:21:22.481 26278 26300 I art     : Starting a blocking GC Explicit
08-05 02:21:22.509 26278 26300 I art     : Explicit concurrent mark sweep GC freed 3(96B) AllocSpace objects, 0(0B) LOS objects, 36% free, 28MB/44MB, paused 910us total 27.987ms
08-05 02:21:22.519 26278 26300 I art     : Starting a blocking GC Explicit
08-05 02:21:22.547 26278 26300 I art     : Explicit concurrent mark sweep GC freed 3(96B) AllocSpace objects, 0(0B) LOS objects, 36% free, 28MB/44MB, paused 996us total 27.937ms
08-05 02:21:22.556 26278 26300 I art     : Starting a blocking GC Explicit
08-05 02:21:22.585 26278 26300 I art     : Explicit concurrent mark sweep GC freed 3(96B) AllocSpace objects, 0(0B) LOS objects, 36% free, 28MB/44MB, paused 952us total 28.336ms
08-05 02:21:22.924 26278 26291 I art     : Starting a blocking GC Explicit
08-05 02:21:22.960 26278 26291 I art     : Explicit concurrent mark sweep GC freed 1372(80KB) AllocSpace objects, 1(20KB) LOS objects, 36% free, 28MB/44MB, paused 1.055ms total 35.599ms
08-05 02:21:22.971 26278 26291 I art     : Starting a blocking GC Explicit
08-05 02:21:23.000 26278 26291 I art     : Explicit concurrent mark sweep GC freed 23(752B) AllocSpace objects, 0(0B) LOS objects, 36% free, 28MB/44MB, paused 922us total 28.573ms
08-05 02:21:23.010 26278 26291 I art     : Starting a blocking GC Explicit
08-05 02:21:23.038 26278 26291 I art     : Explicit concurrent mark sweep GC freed 3(96B) AllocSpace objects, 0(0B) LOS objects, 36% free, 28MB/44MB, paused 990us total 28.473ms
08-05 02:21:23.048 26278 26291 I art     : Starting a blocking GC Explicit
08-05 02:21:23.076 26278 26291 I art     : Explicit concurrent mark sweep GC freed 3(96B) AllocSpace objects, 0(0B) LOS objects, 36% free, 28MB/44MB, paused 943us total 28.210ms
08-05 02:21:23.086 26278 26291 I art     : Starting a blocking GC Explicit
08-05 02:21:23.115 26278 26291 I art     : Explicit concurrent mark sweep GC freed 3(96B) AllocSpace objects, 0(0B) LOS objects, 36% free, 28MB/44MB, paused 955us total 28.711ms
08-05 02:21:23.458 26278 26290 I art     : Starting a blocking GC Explicit
08-05 02:21:23.496 26278 26290 I art     : Explicit concurrent mark sweep GC freed 1401(81KB) AllocSpace objects, 1(20KB) LOS objects, 36% free, 28MB/44MB, paused 1.040ms total 38.437ms
08-05 02:21:23.509 26278 26290 I art     : Starting a blocking GC Explicit
08-05 02:21:23.538 26278 26290 I art     : Explicit concurrent mark sweep GC freed 23(752B) AllocSpace objects, 0(0B) LOS objects, 36% free, 28MB/44MB, paused 1.088ms total 28.289ms
08-05 02:21:23.547 26278 26290 I art     : Starting a blocking GC Explicit
08-05 02:21:23.576 26278 26290 I art     : Explicit concurrent mark sweep GC freed 3(96B) AllocSpace objects, 0(0B) LOS objects, 36% free, 28MB/44MB, paused 967us total 28.372ms
08-05 02:21:23.585 26278 26290 I art     : Starting a blocking GC Explicit
08-05 02:21:23.614 26278 26290 I art     : Explicit concurrent mark sweep GC freed 3(96B) AllocSpace objects, 0(0B) LOS objects, 36% free, 28MB/44MB, paused 936us total 27.936ms
08-05 02:21:23.623 26278 26290 I art     : Starting a blocking GC Explicit
08-05 02:21:23.652 26278 26290 I art     : Explicit concurrent mark sweep GC freed 3(96B) AllocSpace objects, 0(0B) LOS objects, 36% free, 28MB/44MB, paused 959us total 28.789ms
08-05 02:21:23.978 26278 27471 I art     : Starting a blocking GC Explicit
08-05 02:21:24.008 26278 27471 I art     : Explicit concurrent mark sweep GC freed 1372(80KB) AllocSpace objects, 1(20KB) LOS objects, 36% free, 28MB/44MB, paused 1.144ms total 30.213ms
08-05 02:21:24.018 26278 27471 I art     : Starting a blocking GC Explicit
08-05 02:21:24.046 26278 27471 I art     : Explicit concurrent mark sweep GC freed 23(752B) AllocSpace objects, 0(0B) LOS objects, 36% free, 28MB/44MB, paused 952us total 28.227ms
08-05 02:21:24.056 26278 27471 I art     : Starting a blocking GC Explicit
08-05 02:21:24.085 26278 27471 I art     : Explicit concurrent mark sweep GC freed 3(96B) AllocSpace objects, 0(0B) LOS objects, 36% free, 28MB/44MB, paused 947us total 28.885ms
08-05 02:21:24.094 26278 27471 I art     : Starting a blocking GC Explicit
08-05 02:21:24.123 26278 27471 I art     : Explicit concurrent mark sweep GC freed 3(96B) AllocSpace objects, 0(0B) LOS objects, 36% free, 28MB/44MB, paused 919us total 28.047ms
08-05 02:21:24.132 26278 27471 I art     : Starting a blocking GC Explicit
08-05 02:21:24.161 26278 27471 I art     : Explicit concurrent mark sweep GC freed 3(96B) AllocSpace objects, 0(0B) LOS objects, 36% free, 28MB/44MB, paused 945us total 28.583ms
08-05 02:21:24.488 26278 26300 I art     : Starting a blocking GC Explicit
08-05 02:21:24.527 26278 26300 I art     : Explicit concurrent mark sweep GC freed 1401(81KB) AllocSpace objects, 1(20KB) LOS objects, 36% free, 28MB/44MB, paused 1.022ms total 38.989ms
08-05 02:21:24.540 26278 26300 I art     : Starting a blocking GC Explicit
08-05 02:21:24.568 26278 26300 I art     : Explicit concurrent mark sweep GC freed 23(752B) AllocSpace objects, 0(0B) LOS objects, 36% free, 28MB/44MB, paused 989us total 27.784ms
08-05 02:21:24.577 26278 26300 I art     : Starting a blocking GC Explicit
08-05 02:21:24.602 26278 26300 I art     : Explicit concurrent mark sweep GC freed 3(96B) AllocSpace objects, 0(0B) LOS objects, 36% free, 28MB/44MB, paused 861us total 24.359ms
08-05 02:21:24.611 26278 26300 I art     : Starting a blocking GC Explicit
08-05 02:21:24.635 18832 18832 I Atfwd_Sendcmd: AtCmdFwd service not ready - Exhausted retry attempts - :6
08-05 02:21:24.635 18832 18832 I Atfwd_Daemon: result : -1 	 ,Init step :2 	 ,qmiErrorCode: 0
08-05 02:21:24.637 26278 26300 I art     : Explicit concurrent mark sweep GC freed 3(96B) AllocSpace objects, 0(0B) LOS objects, 36% free, 28MB/44MB, paused 966us total 25.827ms
08-05 02:21:24.646 26278 26300 I art     : Starting a blocking GC Explicit
08-05 02:21:24.671 26278 26300 I art     : Explicit concurrent mark sweep GC freed 3(96B) AllocSpace objects, 0(0B) LOS objects, 36% free, 28MB/44MB, paused 934us total 25.727ms
08-05 02:21:24.964 26278 26291 I art     : Starting a blocking GC Explicit
08-05 02:21:24.980 28366 28366 D AndroidRuntime: >>>>>> START com.android.internal.os.RuntimeInit uid 2000 <<<<<<
08-05 02:21:24.985 28366 28366 D AndroidRuntime: CheckJNI is OFF
08-05 02:21:24.993 26278 26291 I art     : Explicit concurrent mark sweep GC freed 1372(80KB) AllocSpace objects, 1(20KB) LOS objects, 36% free, 28MB/44MB, paused 1.073ms total 28.969ms
08-05 02:21:25.003 26278 26291 I art     : Starting a blocking GC Explicit
08-05 02:21:25.021 28366 28366 D ICU     : No timezone override file found: /data/misc/zoneinfo/current/icu/icu_tzdata.dat
08-05 02:21:25.030 26278 26291 I art     : Explicit concurrent mark sweep GC freed 23(752B) AllocSpace objects, 0(0B) LOS objects, 36% free, 28MB/44MB, paused 1.010ms total 26.292ms
08-05 02:21:25.039 26278 26291 I art     : Starting a blocking GC Explicit
08-05 02:21:25.056 28366 28366 I Radio-JNI: register_android_hardware_Radio DONE
08-05 02:21:25.065 26278 26291 I art     : Explicit concurrent mark sweep GC freed 3(96B) AllocSpace objects, 0(0B) LOS objects, 36% free, 28MB/44MB, paused 1.003ms total 26.080ms
08-05 02:21:25.074 26278 26291 I art     : Starting a blocking GC Explicit
08-05 02:21:25.079 28366 28366 D AndroidRuntime: Calling main entry com.android.commands.input.Input
08-05 02:21:25.080 28366 28366 I Input   : injectMotionEvent: MotionEvent { action=ACTION_DOWN, actionButton=0, id[0]=0, x[0]=616.0, y[0]=469.0, toolType[0]=TOOL_TYPE_UNKNOWN, buttonState=0, metaState=0, flags=0x0, edgeFlags=0x0, pointerCount=1, historySize=0, eventTime=757301493, downTime=757301493, deviceId=0, source=0x1002 }
08-05 02:21:25.086 28366 28366 I Input   : injectMotionEvent: MotionEvent { action=ACTION_UP, actionButton=0, id[0]=0, x[0]=616.0, y[0]=469.0, toolType[0]=TOOL_TYPE_UNKNOWN, buttonState=0, metaState=0, flags=0x0, edgeFlags=0x0, pointerCount=1, historySize=0, eventTime=757301493, downTime=757301493, deviceId=0, source=0x1002 }
08-05 02:21:25.088 28366 28366 D AndroidRuntime: Shutting down VM
08-05 02:21:25.101 26278 26291 I art     : Explicit concurrent mark sweep GC freed 21(672B) AllocSpace objects, 0(0B) LOS objects, 36% free, 28MB/44MB, paused 929us total 26.453ms
08-05 02:21:25.110 26278 26291 I art     : Starting a blocking GC Explicit
08-05 02:21:25.135 26278 26291 I art     : Explicit concurrent mark sweep GC freed 6(192B) AllocSpace objects, 0(0B) LOS objects, 36% free, 28MB/44MB, paused 873us total 25.332ms
08-05 02:21:25.153   512  2967 D audio_hw_primary: out_set_parameters: enter: usecase(1: low-latency-playback) kvpairs: routing=2
08-05 02:21:25.166   512  2967 D audio_hw_primary: select_devices: out_snd_device(2: speaker) in_snd_device(0: none)
08-05 02:21:25.167   512  2967 D msm8974_platform: platform_send_audio_calibration: sending audio calibration for snd_device(2) acdb_id(15)
08-05 02:21:25.167   512  2967 I soundtrigger: audio_extn_sound_trigger_update_device_status: device 0x2 of type 0 for Event 1
08-05 02:21:25.177   512  2967 D audio_hw_primary: enable_snd_device: snd_device(2: speaker)
08-05 02:21:25.180   512  2967 D audio_hw_primary: enable_audio_route: apply and update mixer path: low-latency-playback speaker
08-05 02:21:25.348 26278 26298 I NAPPA_EXPERIMENTATION: MetricNetworkRequestExecutionTime: REQUEST_DURATION_SYSTEM='195',REQUEST_DURATION_OKHTTP='195',REQUEST_SYNCHRONOUS='TRUE',RESPONSE_CODE='200',RESPONSE_METHOD='GET',RESPONSE_LENGTH_OKHTTP='-1',RESPONSE_LENGTH_HEADER='628',REQUEST_PROTOCOL='h2',REQUEST_URL='https://itunes.apple.com/lookup?id=1524080195',
08-05 02:21:25.376   918  3359 I ActivityManager: START u0 {cmp=baseline.de.danoeh.antennapod.debug/baseline.de.danoeh.antennapod.activity.OnlineFeedViewActivity (has extras)} from uid 10691 on display 0
08-05 02:21:25.403 13866 13866 I GoogleInputMethodServic: GoogleInputMethodService.onFinishInput():3138 
08-05 02:21:25.405 13866 13866 I GoogleInputMethodServic: GoogleInputMethodService.onStartInput():1808 
08-05 02:21:25.409 26278 26291 I art     : Starting a blocking GC Explicit
08-05 02:21:25.425 26278 26278 D UserPreferences: Using default data folder
08-05 02:21:25.426 26278 26278 D OnlineFeedViewActivity: Activity was started with url https://rss.art19.com/nice-white-parents
08-05 02:21:25.428 26278 26278 D OnlineFeedViewActivity: Starting feed download
08-05 02:21:25.430 26278 26802 D DBReader: Extracting Feedlist
08-05 02:21:25.432   918  6029 D WifiService: acquireWifiLockLocked: WifiLock{Downloader type=1 binder=android.os.BinderProxy@6cc244c}
08-05 02:21:25.433 26278 26802 D AntennapodHttpClient: Creating new instance of HTTP client
08-05 02:21:25.440 26278 26291 I art     : Explicit concurrent mark sweep GC freed 3255(214KB) AllocSpace objects, 1(20KB) LOS objects, 35% free, 28MB/44MB, paused 1.329ms total 31.373ms
08-05 02:21:25.449 26278 26291 I art     : Starting a blocking GC Explicit
08-05 02:21:25.474 26278 26291 I art     : Explicit concurrent mark sweep GC freed 471(22KB) AllocSpace objects, 0(0B) LOS objects, 36% free, 28MB/44MB, paused 915us total 24.458ms
08-05 02:21:25.482 13866 13866 I GoogleInputMethodServic: GoogleInputMethodService.onFinishInput():3138 
08-05 02:21:25.482 13866 13866 I GoogleInputMethodServic: GoogleInputMethodService.onStartInput():1808 
08-05 02:21:25.483 26278 26291 I art     : Starting a blocking GC Explicit
08-05 02:21:25.509   918   936 I ActivityManager: Displayed baseline.de.danoeh.antennapod.debug/baseline.de.danoeh.antennapod.activity.OnlineFeedViewActivity: +106ms
08-05 02:21:25.511 26278 26291 I art     : Explicit concurrent mark sweep GC freed 165(7KB) AllocSpace objects, 0(0B) LOS objects, 35% free, 28MB/44MB, paused 1.109ms total 28.380ms
08-05 02:21:25.522 26278 26291 I art     : Starting a blocking GC Explicit
08-05 02:21:25.555 26278 26291 I art     : Explicit concurrent mark sweep GC freed 1145(80KB) AllocSpace objects, 2(120KB) LOS objects, 35% free, 28MB/44MB, paused 1.425ms total 32.426ms
08-05 02:21:25.564 26278 26291 I art     : Starting a blocking GC Explicit
08-05 02:21:25.590 26278 26291 I art     : Explicit concurrent mark sweep GC freed 4208(240KB) AllocSpace objects, 1(80KB) LOS objects, 35% free, 28MB/44MB, paused 936us total 26.153ms
08-05 02:21:25.719   512  2967 D audio_hw_primary: disable_audio_route: reset and update mixer path: low-latency-playback speaker
08-05 02:21:25.720   512  2967 D audio_hw_primary: disable_snd_device: snd_device(2: speaker)
08-05 02:21:25.721 26278 26802 D MYTAG   : interceptor 3a https://rss.art19.com/nice-white-parents
08-05 02:21:25.721 26278 26802 I NAPPA_EXPERIMENTATION: MetricNetworkRequestExecutionTime: REQUEST_DURATION_SYSTEM='288',REQUEST_DURATION_OKHTTP='151',REQUEST_SYNCHRONOUS='TRUE',RESPONSE_CODE='200',RESPONSE_METHOD='GET',RESPONSE_LENGTH_OKHTTP='-1',RESPONSE_LENGTH_HEADER='1803',REQUEST_PROTOCOL='h2',REQUEST_URL='https://rss.art19.com/nice-white-parents',
08-05 02:21:25.721 26278 26802 D HttpDownloader: Response code is 200
08-05 02:21:25.721 26278 26802 D UserPreferences: Using default data folder
08-05 02:21:25.722 26278 26802 D HttpDownloader: Getting size of download
08-05 02:21:25.722 26278 26802 D HttpDownloader: Size is -1
08-05 02:21:25.723 26278 26802 D UserPreferences: Using default data folder
08-05 02:21:25.723 26278 26802 D HttpDownloader: Free space is 20450938880
08-05 02:21:25.723 26278 26802 D HttpDownloader: Starting download
08-05 02:21:25.729   512  2967 I soundtrigger: audio_extn_sound_trigger_update_device_status: device 0x2 of type 0 for Event 0
08-05 02:21:25.735 26278 26802 D HttpDownloader: Download was successful
08-05 02:21:25.736   918  6029 D WifiService: releaseWifiLockLocked: WifiLock{Downloader type=1 binder=android.os.BinderProxy@6cc244c}
08-05 02:21:25.736 26278 26278 D OnlineFeedViewActivity: Parsing feed
08-05 02:21:25.742 26278 28404 D TypeGetter: Recognized type RSS 2.0
08-05 02:21:25.744 26278 28404 D SyndHandler: Recognized ITunes namespace
08-05 02:21:25.744 26278 28404 D SyndHandler: Recognized Atom namespace
08-05 02:21:25.744 26278 28404 D SyndHandler: Recognized Content namespace
08-05 02:21:25.751 26278 28404 D OnlineFeedViewActivity: Deleted feed source file. Result: true
08-05 02:21:25.751 26278 26278 D OnlineFeedViewActivity: Removing HTML from shownotes
08-05 02:21:25.758   380   380 W SurfaceFlinger: couldn't log to binary event log: overflow.
08-05 02:21:25.856 26278 26300 I art     : Starting a blocking GC Explicit
08-05 02:21:25.880 26278 26278 D PlaybackController: Releasing PlaybackController
08-05 02:21:25.883 26278 26300 I art     : Explicit concurrent mark sweep GC freed 3729(384KB) AllocSpace objects, 5(148KB) LOS objects, 35% free, 28MB/44MB, paused 1.043ms total 26.710ms
08-05 02:21:25.892 26278 26300 I art     : Starting a blocking GC Explicit
08-05 02:21:25.920 26278 26300 I art     : Explicit concurrent mark sweep GC freed 744(34KB) AllocSpace objects, 0(0B) LOS objects, 35% free, 28MB/44MB, paused 925us total 27.411ms
08-05 02:21:25.928 26278 26300 I art     : Starting a blocking GC Explicit
08-05 02:21:25.955 26278 26300 I art     : Explicit concurrent mark sweep GC freed 19(640B) AllocSpace objects, 1(112KB) LOS objects, 35% free, 28MB/44MB, paused 1ms total 26.074ms
08-05 02:21:25.963 26278 26300 I art     : Starting a blocking GC Explicit
08-05 02:21:25.991 26278 26300 I art     : Explicit concurrent mark sweep GC freed 3(96B) AllocSpace objects, 0(0B) LOS objects, 35% free, 28MB/44MB, paused 995us total 27.355ms
08-05 02:21:26.000 26278 26300 I art     : Starting a blocking GC Explicit
08-05 02:21:26.029 26278 26300 I art     : Explicit concurrent mark sweep GC freed 3(96B) AllocSpace objects, 0(0B) LOS objects, 35% free, 28MB/44MB, paused 1.024ms total 28.722ms
08-05 02:21:26.319 26278 26290 I art     : Starting a blocking GC Explicit
08-05 02:21:26.362 26278 26290 I art     : Explicit concurrent mark sweep GC freed 1401(81KB) AllocSpace objects, 1(20KB) LOS objects, 35% free, 28MB/44MB, paused 1.079ms total 42.202ms
08-05 02:21:26.375 26278 26290 I art     : Starting a blocking GC Explicit
08-05 02:21:26.407 26278 26290 I art     : Explicit concurrent mark sweep GC freed 23(752B) AllocSpace objects, 0(0B) LOS objects, 35% free, 28MB/44MB, paused 1.077ms total 31.415ms
08-05 02:21:26.417 26278 26290 I art     : Starting a blocking GC Explicit
08-05 02:21:26.447 26278 26290 I art     : Explicit concurrent mark sweep GC freed 3(96B) AllocSpace objects, 0(0B) LOS objects, 35% free, 28MB/44MB, paused 1.049ms total 30.040ms
08-05 02:21:26.457 26278 26290 I art     : Starting a blocking GC Explicit
08-05 02:21:26.487 26278 26290 I art     : Explicit concurrent mark sweep GC freed 3(96B) AllocSpace objects, 0(0B) LOS objects, 35% free, 28MB/44MB, paused 1.144ms total 30.371ms
08-05 02:21:26.497 26278 26290 I art     : Starting a blocking GC Explicit
08-05 02:21:26.528 26278 26290 I art     : Explicit concurrent mark sweep GC freed 3(96B) AllocSpace objects, 0(0B) LOS objects, 35% free, 28MB/44MB, paused 1.060ms total 30.800ms
08-05 02:21:26.841 26278 26291 I art     : Starting a blocking GC Explicit
08-05 02:21:26.879 26278 26291 I art     : Explicit concurrent mark sweep GC freed 1372(80KB) AllocSpace objects, 1(20KB) LOS objects, 35% free, 28MB/44MB, paused 1.235ms total 37.668ms
08-05 02:21:26.892 26278 26291 I art     : Starting a blocking GC Explicit
08-05 02:21:26.926 26278 26291 I art     : Explicit concurrent mark sweep GC freed 23(752B) AllocSpace objects, 0(0B) LOS objects, 35% free, 28MB/44MB, paused 1.133ms total 33.290ms
08-05 02:21:26.935 26278 26291 I art     : Starting a blocking GC Explicit
08-05 02:21:26.966 26278 26291 I art     : Explicit concurrent mark sweep GC freed 3(96B) AllocSpace objects, 0(0B) LOS objects, 35% free, 28MB/44MB, paused 1.013ms total 30.076ms
08-05 02:21:26.975 26278 26291 I art     : Starting a blocking GC Explicit
08-05 02:21:27.006 26278 26291 I art     : Explicit concurrent mark sweep GC freed 3(96B) AllocSpace objects, 0(0B) LOS objects, 35% free, 28MB/44MB, paused 1.031ms total 30.250ms
08-05 02:21:27.016 26278 26291 I art     : Starting a blocking GC Explicit
08-05 02:21:27.046 26278 26291 I art     : Explicit concurrent mark sweep GC freed 3(96B) AllocSpace objects, 0(0B) LOS objects, 35% free, 28MB/44MB, paused 1.027ms total 30.620ms
08-05 02:21:27.368 26278 27471 I art     : Starting a blocking GC Explicit
08-05 02:21:27.411 26278 27471 I art     : Explicit concurrent mark sweep GC freed 1406(81KB) AllocSpace objects, 1(20KB) LOS objects, 35% free, 28MB/44MB, paused 1.143ms total 42.283ms
08-05 02:21:27.421 26278 27471 I art     : Starting a blocking GC Explicit
08-05 02:21:27.449 26278 27471 I art     : Explicit concurrent mark sweep GC freed 29(944B) AllocSpace objects, 0(0B) LOS objects, 35% free, 28MB/44MB, paused 896us total 28.108ms
08-05 02:21:27.449 26278 26288 I art     : WaitForGcToComplete blocked for 19.306ms for cause HeapTrim
08-05 02:21:27.458 26278 27471 I art     : Starting a blocking GC Explicit
08-05 02:21:27.484 26278 27471 I art     : Explicit concurrent mark sweep GC freed 7(224B) AllocSpace objects, 0(0B) LOS objects, 35% free, 28MB/44MB, paused 876us total 25.869ms
08-05 02:21:27.495 26278 27471 I art     : Starting a blocking GC Explicit
08-05 02:21:27.521 26278 27471 I art     : Explicit concurrent mark sweep GC freed 7(224B) AllocSpace objects, 0(0B) LOS objects, 35% free, 28MB/44MB, paused 932us total 25.929ms
08-05 02:21:27.530 26278 27471 I art     : Starting a blocking GC Explicit
08-05 02:21:27.556 26278 27471 I art     : Explicit concurrent mark sweep GC freed 8(256B) AllocSpace objects, 0(0B) LOS objects, 35% free, 28MB/44MB, paused 942us total 26.019ms
08-05 02:21:27.858 26278 26290 I art     : Starting a blocking GC Explicit
08-05 02:21:27.894 26278 26290 I art     : Explicit concurrent mark sweep GC freed 1378(80KB) AllocSpace objects, 1(20KB) LOS objects, 35% free, 28MB/44MB, paused 1.099ms total 36.031ms
08-05 02:21:27.906 26278 26290 I art     : Starting a blocking GC Explicit
08-05 02:21:27.936 26278 26290 I art     : Explicit concurrent mark sweep GC freed 23(752B) AllocSpace objects, 0(0B) LOS objects, 35% free, 28MB/44MB, paused 1.005ms total 29.968ms
08-05 02:21:27.946 26278 26290 I art     : Starting a blocking GC Explicit
08-05 02:21:27.976 26278 26290 I art     : Explicit concurrent mark sweep GC freed 3(96B) AllocSpace objects, 0(0B) LOS objects, 35% free, 28MB/44MB, paused 1.003ms total 30.055ms
08-05 02:21:27.986 26278 26290 I art     : Starting a blocking GC Explicit
08-05 02:21:28.016 26278 26290 I art     : Explicit concurrent mark sweep GC freed 3(96B) AllocSpace objects, 0(0B) LOS objects, 35% free, 28MB/44MB, paused 990us total 29.696ms
08-05 02:21:28.025 26278 26290 I art     : Starting a blocking GC Explicit
08-05 02:21:28.055 26278 26290 I art     : Explicit concurrent mark sweep GC freed 3(96B) AllocSpace objects, 0(0B) LOS objects, 35% free, 28MB/44MB, paused 1.008ms total 29.980ms
08-05 02:21:28.383 26278 27471 I art     : Starting a blocking GC Explicit
08-05 02:21:28.422 26278 27471 I art     : Explicit concurrent mark sweep GC freed 1401(81KB) AllocSpace objects, 1(20KB) LOS objects, 35% free, 28MB/44MB, paused 1.102ms total 37.525ms
08-05 02:21:28.434 26278 27471 I art     : Starting a blocking GC Explicit
08-05 02:21:28.465 26278 27471 I art     : Explicit concurrent mark sweep GC freed 23(752B) AllocSpace objects, 0(0B) LOS objects, 35% free, 28MB/44MB, paused 1.023ms total 30.820ms
08-05 02:21:28.474 26278 27471 I art     : Starting a blocking GC Explicit
08-05 02:21:28.505 26278 27471 I art     : Explicit concurrent mark sweep GC freed 3(96B) AllocSpace objects, 0(0B) LOS objects, 35% free, 28MB/44MB, paused 1.026ms total 30.787ms
08-05 02:21:28.515 26278 27471 I art     : Starting a blocking GC Explicit
08-05 02:21:28.545 26278 27471 I art     : Explicit concurrent mark sweep GC freed 3(96B) AllocSpace objects, 0(0B) LOS objects, 35% free, 28MB/44MB, paused 993us total 29.715ms
08-05 02:21:28.555 26278 27471 I art     : Starting a blocking GC Explicit
08-05 02:21:28.586 26278 27471 I art     : Explicit concurrent mark sweep GC freed 3(96B) AllocSpace objects, 0(0B) LOS objects, 35% free, 28MB/44MB, paused 1.096ms total 30.465ms
08-05 02:21:28.934 26278 26300 I art     : Starting a blocking GC Explicit
08-05 02:21:28.973 26278 26300 I art     : Explicit concurrent mark sweep GC freed 1373(82KB) AllocSpace objects, 1(20KB) LOS objects, 35% free, 28MB/44MB, paused 1.096ms total 39.302ms
08-05 02:21:28.983 26278 26300 I art     : Starting a blocking GC Explicit
08-05 02:21:29.014 26278 26300 I art     : Explicit concurrent mark sweep GC freed 23(752B) AllocSpace objects, 0(0B) LOS objects, 35% free, 28MB/44MB, paused 993us total 30.708ms
08-05 02:21:29.024 26278 26300 I art     : Starting a blocking GC Explicit
08-05 02:21:29.055 26278 26300 I art     : Explicit concurrent mark sweep GC freed 3(96B) AllocSpace objects, 0(0B) LOS objects, 35% free, 28MB/44MB, paused 1.023ms total 30.491ms
08-05 02:21:29.065 26278 26300 I art     : Starting a blocking GC Explicit
08-05 02:21:29.095 26278 26300 I art     : Explicit concurrent mark sweep GC freed 3(96B) AllocSpace objects, 0(0B) LOS objects, 35% free, 28MB/44MB, paused 1.014ms total 29.991ms
08-05 02:21:29.104 26278 26300 I art     : Starting a blocking GC Explicit
08-05 02:21:29.135 26278 26300 I art     : Explicit concurrent mark sweep GC freed 3(96B) AllocSpace objects, 0(0B) LOS objects, 35% free, 28MB/44MB, paused 982us total 30.028ms
08-05 02:21:29.446 26278 26291 I art     : Starting a blocking GC Explicit
08-05 02:21:29.481 26278 26291 I art     : Explicit concurrent mark sweep GC freed 1401(81KB) AllocSpace objects, 1(20KB) LOS objects, 35% free, 28MB/44MB, paused 1.005ms total 34.954ms
08-05 02:21:29.491 26278 26291 I art     : Starting a blocking GC Explicit
08-05 02:21:29.521 26278 26291 I art     : Explicit concurrent mark sweep GC freed 23(752B) AllocSpace objects, 0(0B) LOS objects, 35% free, 28MB/44MB, paused 1.030ms total 29.887ms
08-05 02:21:29.530 26278 26291 I art     : Starting a blocking GC Explicit
08-05 02:21:29.559 26278 26291 I art     : Explicit concurrent mark sweep GC freed 3(96B) AllocSpace objects, 0(0B) LOS objects, 35% free, 28MB/44MB, paused 1.026ms total 28.512ms
08-05 02:21:29.568 26278 26291 I art     : Starting a blocking GC Explicit
08-05 02:21:29.596 26278 26291 I art     : Explicit concurrent mark sweep GC freed 3(96B) AllocSpace objects, 0(0B) LOS objects, 35% free, 28MB/44MB, paused 1.012ms total 28.191ms
08-05 02:21:29.606 26278 26291 I art     : Starting a blocking GC Explicit
08-05 02:21:29.634 26278 26291 I art     : Explicit concurrent mark sweep GC freed 3(96B) AllocSpace objects, 0(0B) LOS objects, 35% free, 28MB/44MB, paused 1.068ms total 28.515ms
08-05 02:21:29.790 28475 28475 D AndroidRuntime: >>>>>> START com.android.internal.os.RuntimeInit uid 2000 <<<<<<
08-05 02:21:29.796 28475 28475 D AndroidRuntime: CheckJNI is OFF
08-05 02:21:29.830 28475 28475 D ICU     : No timezone override file found: /data/misc/zoneinfo/current/icu/icu_tzdata.dat
08-05 02:21:29.863 28475 28475 I Radio-JNI: register_android_hardware_Radio DONE
08-05 02:21:29.884 28475 28475 D AndroidRuntime: Calling main entry com.android.commands.input.Input
08-05 02:21:29.885 28475 28475 I Input   : injectKeyEvent: KeyEvent { action=ACTION_DOWN, keyCode=KEYCODE_BACK, scanCode=0, metaState=0, flags=0x0, repeatCount=0, eventTime=757306298, downTime=757306298, deviceId=-1, source=0x101 }
08-05 02:21:29.898 28475 28475 I Input   : injectKeyEvent: KeyEvent { action=ACTION_UP, keyCode=KEYCODE_BACK, scanCode=0, metaState=0, flags=0x0, repeatCount=0, eventTime=757306298, downTime=757306298, deviceId=-1, source=0x101 }
08-05 02:21:29.904 28475 28475 D AndroidRuntime: Shutting down VM
08-05 02:21:29.909 26278 26278 V PlaybackController: initServiceNotRunning()
08-05 02:21:29.909 26278 26278 D ExternalPlayerFragment: Loading media info
08-05 02:21:29.913 26278 26278 D UserPreferences: Using default data folder
08-05 02:21:29.914 26278 26802 D DBReader: getNavDrawerData() called with: 
08-05 02:21:29.924 26278 26802 D DBReader: getDownloadedItems() called
08-05 02:21:29.925 26278 26802 D DBReader: getFavoriteIDList() called
08-05 02:21:29.925 26278 26802 D DBReader: getQueueIDList() called
08-05 02:21:29.926 26278 26802 D DBReader: Extracting Feedlist
08-05 02:21:29.940 13866 13866 I GoogleInputMethodServic: GoogleInputMethodService.onFinishInput():3138 
08-05 02:21:29.940 26278 26278 D MainActivity: getLastNavFragment() -> AddFeedFragment
08-05 02:21:29.941 13866 13866 I GoogleInputMethodServic: GoogleInputMethodService.onStartInput():1808 
08-05 02:21:29.950 26278 26291 I art     : Starting a blocking GC Explicit
08-05 02:21:29.977 26278 26291 I art     : Explicit concurrent mark sweep GC freed 2478(152KB) AllocSpace objects, 1(20KB) LOS objects, 35% free, 28MB/44MB, paused 929us total 27.398ms
08-05 02:21:29.987 26278 26291 I art     : Starting a blocking GC Explicit
08-05 02:21:30.011 26278 26291 I art     : Explicit concurrent mark sweep GC freed 458(24KB) AllocSpace objects, 0(0B) LOS objects, 35% free, 28MB/44MB, paused 913us total 24.215ms
08-05 02:21:30.020 26278 26291 I art     : Starting a blocking GC Explicit
08-05 02:21:30.045 26278 26291 I art     : Explicit concurrent mark sweep GC freed 3(96B) AllocSpace objects, 0(0B) LOS objects, 35% free, 28MB/44MB, paused 967us total 24.107ms
08-05 02:21:30.053 26278 26291 I art     : Starting a blocking GC Explicit
08-05 02:21:30.079 26278 26291 I art     : Explicit concurrent mark sweep GC freed 3(96B) AllocSpace objects, 0(0B) LOS objects, 35% free, 28MB/44MB, paused 906us total 25.855ms
08-05 02:21:30.089 26278 26291 I art     : Starting a blocking GC Explicit
08-05 02:21:30.116 26278 26291 I art     : Explicit concurrent mark sweep GC freed 3(96B) AllocSpace objects, 0(0B) LOS objects, 35% free, 28MB/44MB, paused 1.221ms total 27.302ms
08-05 02:21:30.246   380   380 W SurfaceFlinger: couldn't log to binary event log: overflow.
08-05 02:21:30.383 26278 26290 I art     : Starting a blocking GC Explicit
08-05 02:21:30.411 26278 26290 I art     : Explicit concurrent mark sweep GC freed 1999(106KB) AllocSpace objects, 1(20KB) LOS objects, 35% free, 28MB/44MB, paused 955us total 27.249ms
08-05 02:21:30.420 26278 26290 I art     : Starting a blocking GC Explicit
08-05 02:21:30.445 26278 26290 I art     : Explicit concurrent mark sweep GC freed 2457(152KB) AllocSpace objects, 1(28KB) LOS objects, 35% free, 28MB/44MB, paused 1.026ms total 25.274ms
08-05 02:21:30.454 26278 26290 I art     : Starting a blocking GC Explicit
08-05 02:21:30.480 26278 26290 I art     : Explicit concurrent mark sweep GC freed 3(96B) AllocSpace objects, 0(0B) LOS objects, 35% free, 28MB/44MB, paused 963us total 25.621ms
08-05 02:21:30.489 26278 26290 I art     : Starting a blocking GC Explicit
08-05 02:21:30.514 26278 26290 I art     : Explicit concurrent mark sweep GC freed 3(96B) AllocSpace objects, 0(0B) LOS objects, 35% free, 28MB/44MB, paused 943us total 25.461ms
08-05 02:21:30.523 26278 26290 I art     : Starting a blocking GC Explicit
08-05 02:21:30.549 26278 26290 I art     : Explicit concurrent mark sweep GC freed 3(96B) AllocSpace objects, 0(0B) LOS objects, 35% free, 28MB/44MB, paused 950us total 25.812ms
08-05 02:21:30.828 26278 27471 I art     : Starting a blocking GC Explicit
08-05 02:21:30.858 26278 27471 I art     : Explicit concurrent mark sweep GC freed 1374(82KB) AllocSpace objects, 1(20KB) LOS objects, 35% free, 28MB/44MB, paused 1.114ms total 29.665ms
08-05 02:21:30.868 26278 27471 I art     : Starting a blocking GC Explicit
08-05 02:21:30.897 26278 27471 I art     : Explicit concurrent mark sweep GC freed 23(752B) AllocSpace objects, 0(0B) LOS objects, 35% free, 28MB/44MB, paused 1.078ms total 29.220ms
08-05 02:21:30.907 26278 27471 I art     : Starting a blocking GC Explicit
08-05 02:21:30.936 26278 27471 I art     : Explicit concurrent mark sweep GC freed 3(96B) AllocSpace objects, 0(0B) LOS objects, 35% free, 28MB/44MB, paused 1.014ms total 29.401ms
08-05 02:21:30.946 26278 27471 I art     : Starting a blocking GC Explicit
08-05 02:21:30.975 26278 27471 I art     : Explicit concurrent mark sweep GC freed 3(96B) AllocSpace objects, 0(0B) LOS objects, 35% free, 28MB/44MB, paused 997us total 28.980ms
08-05 02:21:30.985 26278 27471 I art     : Starting a blocking GC Explicit
08-05 02:21:31.014 26278 27471 I art     : Explicit concurrent mark sweep GC freed 3(96B) AllocSpace objects, 0(0B) LOS objects, 35% free, 28MB/44MB, paused 1.001ms total 28.920ms
08-05 02:21:31.293 26278 26291 I art     : Starting a blocking GC Explicit
08-05 02:21:31.323 26278 26291 I art     : Explicit concurrent mark sweep GC freed 1373(80KB) AllocSpace objects, 1(20KB) LOS objects, 35% free, 28MB/44MB, paused 1.009ms total 29.433ms
08-05 02:21:31.333 26278 26291 I art     : Starting a blocking GC Explicit
08-05 02:21:31.361 26278 26291 I art     : Explicit concurrent mark sweep GC freed 52(1536B) AllocSpace objects, 0(0B) LOS objects, 35% free, 28MB/44MB, paused 1.023ms total 28.249ms
08-05 02:21:31.370 26278 26291 I art     : Starting a blocking GC Explicit
08-05 02:21:31.397 26278 26291 I art     : Explicit concurrent mark sweep GC freed 3(96B) AllocSpace objects, 0(0B) LOS objects, 35% free, 28MB/44MB, paused 1.061ms total 26.965ms
08-05 02:21:31.407 26278 26291 I art     : Starting a blocking GC Explicit
08-05 02:21:31.434 26278 26291 I art     : Explicit concurrent mark sweep GC freed 3(96B) AllocSpace objects, 0(0B) LOS objects, 35% free, 28MB/44MB, paused 1.026ms total 27.406ms
08-05 02:21:31.443 26278 26291 I art     : Starting a blocking GC Explicit
08-05 02:21:31.472 26278 26291 I art     : Explicit concurrent mark sweep GC freed 3(96B) AllocSpace objects, 0(0B) LOS objects, 35% free, 28MB/44MB, paused 1.021ms total 28.214ms
08-05 02:21:31.591 28527 28527 D AndroidRuntime: >>>>>> START com.android.internal.os.RuntimeInit uid 2000 <<<<<<
08-05 02:21:31.596 28527 28527 D AndroidRuntime: CheckJNI is OFF
08-05 02:21:31.628 28527 28527 D ICU     : No timezone override file found: /data/misc/zoneinfo/current/icu/icu_tzdata.dat
08-05 02:21:31.661 28527 28527 I Radio-JNI: register_android_hardware_Radio DONE
08-05 02:21:31.682 28527 28527 D AndroidRuntime: Calling main entry com.android.commands.input.Input
08-05 02:21:31.684 28527 28527 I Input   : injectKeyEvent: KeyEvent { action=ACTION_DOWN, keyCode=KEYCODE_BACK, scanCode=0, metaState=0, flags=0x0, repeatCount=0, eventTime=757308097, downTime=757308097, deviceId=-1, source=0x101 }
08-05 02:21:31.692 28527 28527 I Input   : injectKeyEvent: KeyEvent { action=ACTION_UP, keyCode=KEYCODE_BACK, scanCode=0, metaState=0, flags=0x0, repeatCount=0, eventTime=757308097, downTime=757308097, deviceId=-1, source=0x101 }
08-05 02:21:31.701 13866 13866 I GoogleInputMethodServic: GoogleInputMethodService.onFinishInput():3138 
08-05 02:21:31.702 13866 13866 I GoogleInputMethodServic: GoogleInputMethodService.onStartInput():1808 
08-05 02:21:31.706 28527 28527 D AndroidRuntime: Shutting down VM
08-05 02:21:31.756 26278 26291 I art     : Starting a blocking GC Explicit
08-05 02:21:31.784 26278 26291 I art     : Explicit concurrent mark sweep GC freed 2545(128KB) AllocSpace objects, 1(20KB) LOS objects, 35% free, 28MB/44MB, paused 983us total 27.988ms
08-05 02:21:31.794 26278 26291 I art     : Starting a blocking GC Explicit
08-05 02:21:31.823 26278 26291 I art     : Explicit concurrent mark sweep GC freed 2694(179KB) AllocSpace objects, 9(1540KB) LOS objects, 37% free, 26MB/42MB, paused 1.029ms total 29.149ms
08-05 02:21:31.833 26278 26291 I art     : Starting a blocking GC Explicit
08-05 02:21:31.861 26278 26291 I art     : Explicit concurrent mark sweep GC freed 3(96B) AllocSpace objects, 0(0B) LOS objects, 37% free, 26MB/42MB, paused 1.003ms total 27.648ms
08-05 02:21:31.870 26278 26291 I art     : Starting a blocking GC Explicit
08-05 02:21:31.898 26278 26291 I art     : Explicit concurrent mark sweep GC freed 3(96B) AllocSpace objects, 0(0B) LOS objects, 37% free, 26MB/42MB, paused 1.058ms total 28.242ms
08-05 02:21:31.908 26278 26291 I art     : Starting a blocking GC Explicit
08-05 02:21:31.936 26278 26291 I art     : Explicit concurrent mark sweep GC freed 3(96B) AllocSpace objects, 0(0B) LOS objects, 37% free, 26MB/42MB, paused 1.141ms total 27.815ms
08-05 02:21:32.220 26278 27471 I art     : Starting a blocking GC Explicit
08-05 02:21:32.256 26278 27471 I art     : Explicit concurrent mark sweep GC freed 1373(81KB) AllocSpace objects, 1(20KB) LOS objects, 37% free, 26MB/42MB, paused 1.102ms total 35.786ms
08-05 02:21:32.269 26278 27471 I art     : Starting a blocking GC Explicit
08-05 02:21:32.297 26278 27471 I art     : Explicit concurrent mark sweep GC freed 23(752B) AllocSpace objects, 0(0B) LOS objects, 37% free, 26MB/42MB, paused 996us total 27.552ms
08-05 02:21:32.306 26278 27471 I art     : Starting a blocking GC Explicit
08-05 02:21:32.334 26278 27471 I art     : Explicit concurrent mark sweep GC freed 3(96B) AllocSpace objects, 0(0B) LOS objects, 37% free, 26MB/42MB, paused 1.008ms total 28.166ms
08-05 02:21:32.344 26278 27471 I art     : Starting a blocking GC Explicit
08-05 02:21:32.372 26278 27471 I art     : Explicit concurrent mark sweep GC freed 32(880B) AllocSpace objects, 0(0B) LOS objects, 37% free, 26MB/42MB, paused 1.018ms total 28.504ms
08-05 02:21:32.382 26278 27471 I art     : Starting a blocking GC Explicit
08-05 02:21:32.411 26278 27471 I art     : Explicit concurrent mark sweep GC freed 3(96B) AllocSpace objects, 0(0B) LOS objects, 37% free, 26MB/42MB, paused 1.017ms total 28.706ms
08-05 02:21:32.709 26278 26300 I art     : Starting a blocking GC Explicit
08-05 02:21:32.742 26278 26300 I art     : Explicit concurrent mark sweep GC freed 1373(81KB) AllocSpace objects, 1(20KB) LOS objects, 37% free, 26MB/42MB, paused 1.006ms total 32.707ms
08-05 02:21:32.752 26278 26300 I art     : Starting a blocking GC Explicit
08-05 02:21:32.780 26278 26300 I art     : Explicit concurrent mark sweep GC freed 23(752B) AllocSpace objects, 0(0B) LOS objects, 37% free, 26MB/42MB, paused 1.009ms total 28.504ms
08-05 02:21:32.790 26278 26300 I art     : Starting a blocking GC Explicit
08-05 02:21:32.818 26278 26300 I art     : Explicit concurrent mark sweep GC freed 3(96B) AllocSpace objects, 0(0B) LOS objects, 37% free, 26MB/42MB, paused 1.052ms total 28.190ms
08-05 02:21:32.828 26278 26300 I art     : Starting a blocking GC Explicit
08-05 02:21:32.857 26278 26300 I art     : Explicit concurrent mark sweep GC freed 3(96B) AllocSpace objects, 0(0B) LOS objects, 37% free, 26MB/42MB, paused 1.006ms total 28.739ms
08-05 02:21:32.866 26278 26300 I art     : Starting a blocking GC Explicit
08-05 02:21:32.895 26278 26300 I art     : Explicit concurrent mark sweep GC freed 3(96B) AllocSpace objects, 0(0B) LOS objects, 37% free, 26MB/42MB, paused 1.016ms total 28.788ms
08-05 02:21:33.179 26278 26290 I art     : Starting a blocking GC Explicit
08-05 02:21:33.212 26278 26290 I art     : Explicit concurrent mark sweep GC freed 1372(82KB) AllocSpace objects, 1(20KB) LOS objects, 37% free, 26MB/42MB, paused 1.011ms total 32.955ms
08-05 02:21:33.222 26278 26290 I art     : Starting a blocking GC Explicit
08-05 02:21:33.250 26278 26290 I art     : Explicit concurrent mark sweep GC freed 23(752B) AllocSpace objects, 0(0B) LOS objects, 37% free, 26MB/42MB, paused 1.024ms total 27.726ms
08-05 02:21:33.259 26278 26290 I art     : Starting a blocking GC Explicit
08-05 02:21:33.286 26278 26290 I art     : Explicit concurrent mark sweep GC freed 3(96B) AllocSpace objects, 0(0B) LOS objects, 37% free, 26MB/42MB, paused 1.066ms total 26.748ms
08-05 02:21:33.295 26278 26290 I art     : Starting a blocking GC Explicit
08-05 02:21:33.321 26278 26290 I art     : Explicit concurrent mark sweep GC freed 4(128B) AllocSpace objects, 0(0B) LOS objects, 37% free, 26MB/42MB, paused 962us total 26.229ms
08-05 02:21:33.331 26278 26290 I art     : Starting a blocking GC Explicit
08-05 02:21:33.359 26278 26290 I art     : Explicit concurrent mark sweep GC freed 36(1008B) AllocSpace objects, 0(0B) LOS objects, 37% free, 26MB/42MB, paused 1.131ms total 27.787ms
08-05 02:21:33.368 28581 28581 D AndroidRuntime: >>>>>> START com.android.internal.os.RuntimeInit uid 2000 <<<<<<
08-05 02:21:33.372 28581 28581 D AndroidRuntime: CheckJNI is OFF
08-05 02:21:33.402 28581 28581 D ICU     : No timezone override file found: /data/misc/zoneinfo/current/icu/icu_tzdata.dat
08-05 02:21:33.434 28581 28581 I Radio-JNI: register_android_hardware_Radio DONE
08-05 02:21:33.455 28581 28581 D AndroidRuntime: Calling main entry com.android.commands.input.Input
08-05 02:21:33.457 28581 28581 I Input   : injectMotionEvent: MotionEvent { action=ACTION_DOWN, actionButton=0, id[0]=0, x[0]=103.0, y[0]=192.0, toolType[0]=TOOL_TYPE_UNKNOWN, buttonState=0, metaState=0, flags=0x0, edgeFlags=0x0, pointerCount=1, historySize=0, eventTime=757309870, downTime=757309870, deviceId=0, source=0x1002 }
08-05 02:21:33.462 28581 28581 I Input   : injectMotionEvent: MotionEvent { action=ACTION_UP, actionButton=0, id[0]=0, x[0]=103.0, y[0]=192.0, toolType[0]=TOOL_TYPE_UNKNOWN, buttonState=0, metaState=0, flags=0x0, edgeFlags=0x0, pointerCount=1, historySize=0, eventTime=757309870, downTime=757309870, deviceId=0, source=0x1002 }
08-05 02:21:33.463 28581 28581 D AndroidRuntime: Shutting down VM
08-05 02:21:33.471   512  2967 D audio_hw_primary: out_set_parameters: enter: usecase(1: low-latency-playback) kvpairs: routing=2
08-05 02:21:33.484   512  2967 D audio_hw_primary: select_devices: out_snd_device(2: speaker) in_snd_device(0: none)
08-05 02:21:33.484   512  2967 D msm8974_platform: platform_send_audio_calibration: sending audio calibration for snd_device(2) acdb_id(15)
08-05 02:21:33.484   512  2967 I soundtrigger: audio_extn_sound_trigger_update_device_status: device 0x2 of type 0 for Event 1
08-05 02:21:33.495   512  2967 D audio_hw_primary: enable_snd_device: snd_device(2: speaker)
08-05 02:21:33.497   512  2967 D audio_hw_primary: enable_audio_route: apply and update mixer path: low-latency-playback speaker
08-05 02:21:33.507 13866 13866 I GoogleInputMethodServic: GoogleInputMethodService.onFinishInput():3138 
08-05 02:21:33.509 13866 13866 I GoogleInputMethodServic: GoogleInputMethodService.onStartInput():1808 
08-05 02:21:33.620 26278 26290 I art     : Starting a blocking GC Explicit
08-05 02:21:33.651 26278 26290 I art     : Explicit concurrent mark sweep GC freed 1997(109KB) AllocSpace objects, 1(20KB) LOS objects, 37% free, 26MB/42MB, paused 975us total 29.898ms
08-05 02:21:33.661 26278 26290 I art     : Starting a blocking GC Explicit
08-05 02:21:33.689 26278 26290 I art     : Explicit concurrent mark sweep GC freed 100(5KB) AllocSpace objects, 0(0B) LOS objects, 37% free, 26MB/42MB, paused 1.097ms total 27.919ms
08-05 02:21:33.698 26278 26290 I art     : Starting a blocking GC Explicit
08-05 02:21:33.724 26278 26290 I art     : Explicit concurrent mark sweep GC freed 5(160B) AllocSpace objects, 0(0B) LOS objects, 37% free, 26MB/42MB, paused 918us total 25.241ms
08-05 02:21:33.733 26278 26290 I art     : Starting a blocking GC Explicit
08-05 02:21:33.759 26278 26290 I art     : Explicit concurrent mark sweep GC freed 3(96B) AllocSpace objects, 0(0B) LOS objects, 37% free, 26MB/42MB, paused 1.095ms total 25.991ms
08-05 02:21:33.768 26278 26290 I art     : Starting a blocking GC Explicit
08-05 02:21:33.793 26278 26290 I art     : Explicit concurrent mark sweep GC freed 3(96B) AllocSpace objects, 0(0B) LOS objects, 37% free, 26MB/42MB, paused 908us total 25.353ms
08-05 02:21:34.038   512  2967 D audio_hw_primary: disable_audio_route: reset and update mixer path: low-latency-playback speaker
08-05 02:21:34.039   512  2967 D audio_hw_primary: disable_snd_device: snd_device(2: speaker)
08-05 02:21:34.047   512  2967 I soundtrigger: audio_extn_sound_trigger_update_device_status: device 0x2 of type 0 for Event 0
08-05 02:21:34.074 26278 26291 I art     : Starting a blocking GC Explicit
08-05 02:21:34.103 26278 26291 I art     : Explicit concurrent mark sweep GC freed 1374(80KB) AllocSpace objects, 1(20KB) LOS objects, 37% free, 26MB/42MB, paused 967us total 28.503ms
08-05 02:21:34.112 26278 26291 I art     : Starting a blocking GC Explicit
08-05 02:21:34.140 26278 26291 I art     : Explicit concurrent mark sweep GC freed 31(1008B) AllocSpace objects, 0(0B) LOS objects, 37% free, 26MB/42MB, paused 908us total 27.220ms
08-05 02:21:34.150 26278 26291 I art     : Starting a blocking GC Explicit
08-05 02:21:34.177 26278 26291 I art     : Explicit concurrent mark sweep GC freed 3(96B) AllocSpace objects, 0(0B) LOS objects, 37% free, 26MB/42MB, paused 1.039ms total 27.151ms
08-05 02:21:34.186 26278 26291 I art     : Starting a blocking GC Explicit
08-05 02:21:34.214 26278 26291 I art     : Explicit concurrent mark sweep GC freed 5(160B) AllocSpace objects, 0(0B) LOS objects, 37% free, 26MB/42MB, paused 980us total 27.402ms
08-05 02:21:34.223 26278 26291 I art     : Starting a blocking GC Explicit
08-05 02:21:34.252 26278 26291 I art     : Explicit concurrent mark sweep GC freed 3(96B) AllocSpace objects, 0(0B) LOS objects, 37% free, 26MB/42MB, paused 1.007ms total 28.282ms
08-05 02:21:34.561 26278 27471 I art     : Starting a blocking GC Explicit
08-05 02:21:34.600 26278 27471 I art     : Explicit concurrent mark sweep GC freed 1400(81KB) AllocSpace objects, 1(20KB) LOS objects, 37% free, 26MB/42MB, paused 1.090ms total 38.185ms
08-05 02:21:34.612 26278 27471 I art     : Starting a blocking GC Explicit
08-05 02:21:34.641 26278 27471 I art     : Explicit concurrent mark sweep GC freed 23(752B) AllocSpace objects, 0(0B) LOS objects, 37% free, 26MB/42MB, paused 1.027ms total 28.653ms
08-05 02:21:34.651 26278 27471 I art     : Starting a blocking GC Explicit
08-05 02:21:34.679 26278 27471 I art     : Explicit concurrent mark sweep GC freed 3(96B) AllocSpace objects, 0(0B) LOS objects, 37% free, 26MB/42MB, paused 1.016ms total 28.055ms
08-05 02:21:34.688 26278 27471 I art     : Starting a blocking GC Explicit
08-05 02:21:34.713 26278 27471 I art     : Explicit concurrent mark sweep GC freed 3(96B) AllocSpace objects, 0(0B) LOS objects, 37% free, 26MB/42MB, paused 937us total 24.172ms
08-05 02:21:34.721 26278 27471 I art     : Starting a blocking GC Explicit
08-05 02:21:34.746 26278 27471 I art     : Explicit concurrent mark sweep GC freed 3(96B) AllocSpace objects, 0(0B) LOS objects, 37% free, 26MB/42MB, paused 986us total 24.428ms
08-05 02:21:35.020 26278 26290 I art     : Starting a blocking GC Explicit
08-05 02:21:35.049 26278 26290 I art     : Explicit concurrent mark sweep GC freed 1371(80KB) AllocSpace objects, 1(20KB) LOS objects, 37% free, 26MB/42MB, paused 1.071ms total 28.789ms
08-05 02:21:35.058 26278 26290 I art     : Starting a blocking GC Explicit
08-05 02:21:35.084 26278 26290 I art     : Explicit concurrent mark sweep GC freed 23(752B) AllocSpace objects, 0(0B) LOS objects, 37% free, 26MB/42MB, paused 946us total 25.548ms
08-05 02:21:35.092 26278 26290 I art     : Starting a blocking GC Explicit
08-05 02:21:35.102 28635 28635 D AndroidRuntime: >>>>>> START com.android.internal.os.RuntimeInit uid 2000 <<<<<<
08-05 02:21:35.106 28635 28635 D AndroidRuntime: CheckJNI is OFF
08-05 02:21:35.119 26278 26290 I art     : Explicit concurrent mark sweep GC freed 5(160B) AllocSpace objects, 0(0B) LOS objects, 37% free, 26MB/42MB, paused 1.058ms total 26.585ms
08-05 02:21:35.128 26278 26290 I art     : Starting a blocking GC Explicit
08-05 02:21:35.142 28635 28635 D ICU     : No timezone override file found: /data/misc/zoneinfo/current/icu/icu_tzdata.dat
08-05 02:21:35.156 26278 26290 I art     : Explicit concurrent mark sweep GC freed 7(224B) AllocSpace objects, 0(0B) LOS objects, 37% free, 26MB/42MB, paused 1.182ms total 27.316ms
08-05 02:21:35.164 26278 26290 I art     : Starting a blocking GC Explicit
08-05 02:21:35.177 28635 28635 I Radio-JNI: register_android_hardware_Radio DONE
08-05 02:21:35.190 26278 26290 I art     : Explicit concurrent mark sweep GC freed 8(256B) AllocSpace objects, 0(0B) LOS objects, 37% free, 26MB/42MB, paused 949us total 24.954ms
08-05 02:21:35.200 28635 28635 D AndroidRuntime: Calling main entry com.android.commands.input.Input
08-05 02:21:35.202 28635 28635 I Input   : injectMotionEvent: MotionEvent { action=ACTION_DOWN, actionButton=0, id[0]=0, x[0]=625.0, y[0]=1248.0, toolType[0]=TOOL_TYPE_UNKNOWN, buttonState=0, metaState=0, flags=0x0, edgeFlags=0x0, pointerCount=1, historySize=0, eventTime=757311614, downTime=757311614, deviceId=0, source=0x1002 }
08-05 02:21:35.209 28635 28635 I Input   : injectMotionEvent: MotionEvent { action=ACTION_UP, actionButton=0, id[0]=0, x[0]=625.0, y[0]=1248.0, toolType[0]=TOOL_TYPE_UNKNOWN, buttonState=0, metaState=0, flags=0x0, edgeFlags=0x0, pointerCount=1, historySize=0, eventTime=757311614, downTime=757311614, deviceId=0, source=0x1002 }
08-05 02:21:35.211 28635 28635 D AndroidRuntime: Shutting down VM
08-05 02:21:35.285 26278 26278 D MainActivity: loadFragment(index: 7, args: null)
08-05 02:21:35.287 26278 26278 D MainActivity: saveLastNavFragment(tag: 2)
08-05 02:21:35.287 26278 26278 D MainActivity: getLastNavFragment() -> 2
08-05 02:21:35.288   512  2967 D audio_hw_primary: out_set_parameters: enter: usecase(1: low-latency-playback) kvpairs: routing=2
08-05 02:21:35.301   512  2967 D audio_hw_primary: select_devices: out_snd_device(2: speaker) in_snd_device(0: none)
08-05 02:21:35.301   512  2967 D msm8974_platform: platform_send_audio_calibration: sending audio calibration for snd_device(2) acdb_id(15)
08-05 02:21:35.301   512  2967 I soundtrigger: audio_extn_sound_trigger_update_device_status: device 0x2 of type 0 for Event 1
08-05 02:21:35.312   512  2967 D audio_hw_primary: enable_snd_device: snd_device(2: speaker)
08-05 02:21:35.314   512  2967 D audio_hw_primary: enable_audio_route: apply and update mixer path: low-latency-playback speaker
08-05 02:21:35.331 26278 26278 D ItemlistFragment: onEventMainThread() called with: event = [DownloadEvent{update=DownloaderUpdate{downloaders=[], feedIds=[], mediaIds=[]}}]
08-05 02:21:35.332 26278 26304 D DBReader: getFeed() called with: feedId = [2]
08-05 02:21:35.333 26278 26304 D DBReader: getFeedItemList() called with: feed = [baseline.de.danoeh.antennapod.core.feed.Feed@2]
08-05 02:21:35.408 26278 26304 W PodDBAdapter: Length of id array is larger than 800. Creating multiple cursors
08-05 02:21:35.458 26278 26290 I art     : Starting a blocking GC Explicit
08-05 02:21:35.479 26278 26304 D DBReader: getFavoriteIDList() called
08-05 02:21:35.480 26278 26304 D DBReader: getQueueIDList() called
08-05 02:21:35.481 26278 26304 D DBReader: Extracting Feedlist
08-05 02:21:35.497 26278 26290 I art     : Explicit concurrent mark sweep GC freed 12499(542KB) AllocSpace objects, 3(56KB) LOS objects, 35% free, 29MB/45MB, paused 1.446ms total 38.765ms
08-05 02:21:35.509 26278 26290 I art     : Starting a blocking GC Explicit
08-05 02:21:35.516 26278 26278 D FeedMenuHandler: Preparing options menu
08-05 02:21:35.545 26278 26290 I art     : Explicit concurrent mark sweep GC freed 6449(283KB) AllocSpace objects, 1(16KB) LOS objects, 35% free, 29MB/45MB, paused 1.473ms total 36.059ms
08-05 02:21:35.556 26278 26290 I art     : Starting a blocking GC Explicit
08-05 02:21:35.578 26278 27223 D ApOkHttpUrlLoader: buildLoadData() called with: model = [http://static.libsyn.com/p/assets/7/1/f/3/71f3014e14ef2722/JREiTunesImage2.jpg], width = [1440], height = [462]
08-05 02:21:35.590 26278 26290 I art     : Explicit concurrent mark sweep GC freed 1658(150KB) AllocSpace objects, 0(0B) LOS objects, 29% free, 37MB/53MB, paused 1.475ms total 34.058ms
08-05 02:21:35.601 26278 26290 I art     : Starting a blocking GC Explicit
08-05 02:21:35.632 26278 26290 I art     : Explicit concurrent mark sweep GC freed 270(15KB) AllocSpace objects, 0(0B) LOS objects, 29% free, 37MB/53MB, paused 1.037ms total 31.532ms
08-05 02:21:35.642 26278 26290 I art     : Starting a blocking GC Explicit
08-05 02:21:35.662 26278 26299 V RenderScript: 0x7f76a51000 Launching thread(s), CPUs 8
08-05 02:21:35.675 26278 26290 I art     : Explicit concurrent mark sweep GC freed 7(256B) AllocSpace objects, 0(0B) LOS objects, 29% free, 37MB/53MB, paused 1.147ms total 31.908ms
08-05 02:21:35.713 13866 13866 I GoogleInputMethodServic: GoogleInputMethodService.onFinishInput():3138 
08-05 02:21:35.714 13866 13866 I GoogleInputMethodServic: GoogleInputMethodService.onStartInput():1808 
08-05 02:21:35.849   512  2967 D audio_hw_primary: disable_audio_route: reset and update mixer path: low-latency-playback speaker
08-05 02:21:35.849   512  2967 D audio_hw_primary: disable_snd_device: snd_device(2: speaker)
08-05 02:21:35.857   512  2967 I soundtrigger: audio_extn_sound_trigger_update_device_status: device 0x2 of type 0 for Event 0
08-05 02:21:35.967 26278 26290 I art     : Starting a blocking GC Explicit
08-05 02:21:36.002 26278 26290 I art     : Explicit concurrent mark sweep GC freed 1752(115KB) AllocSpace objects, 6(236KB) LOS objects, 29% free, 37MB/53MB, paused 978us total 34.450ms
08-05 02:21:36.012 26278 26290 I art     : Starting a blocking GC Explicit
08-05 02:21:36.043 26278 26290 I art     : Explicit concurrent mark sweep GC freed 163(7KB) AllocSpace objects, 0(0B) LOS objects, 29% free, 37MB/53MB, paused 886us total 31.504ms
08-05 02:21:36.054 26278 26290 I art     : Starting a blocking GC Explicit
08-05 02:21:36.087 26278 26290 I art     : Explicit concurrent mark sweep GC freed 20(672B) AllocSpace objects, 0(0B) LOS objects, 29% free, 37MB/53MB, paused 864us total 32.278ms
08-05 02:21:36.098 26278 26290 I art     : Starting a blocking GC Explicit
08-05 02:21:36.133 26278 26290 I art     : Explicit concurrent mark sweep GC freed 3(96B) AllocSpace objects, 0(0B) LOS objects, 29% free, 37MB/53MB, paused 992us total 34.331ms
08-05 02:21:36.144 26278 26290 I art     : Starting a blocking GC Explicit
08-05 02:21:36.178 26278 26290 I art     : Explicit concurrent mark sweep GC freed 5(160B) AllocSpace objects, 0(0B) LOS objects, 29% free, 37MB/53MB, paused 1.076ms total 33.880ms
08-05 02:21:36.486 26278 27471 I art     : Starting a blocking GC Explicit
08-05 02:21:36.537 26278 27471 I art     : Explicit concurrent mark sweep GC freed 1404(81KB) AllocSpace objects, 1(20KB) LOS objects, 29% free, 37MB/53MB, paused 1.088ms total 49.703ms
08-05 02:21:36.550 26278 27471 I art     : Starting a blocking GC Explicit
08-05 02:21:36.588 26278 27471 I art     : Explicit concurrent mark sweep GC freed 23(752B) AllocSpace objects, 0(0B) LOS objects, 29% free, 37MB/53MB, paused 1.051ms total 37.755ms
08-05 02:21:36.599 26278 27471 I art     : Starting a blocking GC Explicit
08-05 02:21:36.637 26278 27471 I art     : Explicit concurrent mark sweep GC freed 3(96B) AllocSpace objects, 0(0B) LOS objects, 29% free, 37MB/53MB, paused 1.036ms total 37.509ms
08-05 02:21:36.648 26278 27471 I art     : Starting a blocking GC Explicit
08-05 02:21:36.686 26278 27471 I art     : Explicit concurrent mark sweep GC freed 3(96B) AllocSpace objects, 0(0B) LOS objects, 29% free, 37MB/53MB, paused 1.044ms total 38.071ms
08-05 02:21:36.698 26278 27471 I art     : Starting a blocking GC Explicit
08-05 02:21:36.736 26278 27471 I art     : Explicit concurrent mark sweep GC freed 3(96B) AllocSpace objects, 0(0B) LOS objects, 29% free, 37MB/53MB, paused 1.029ms total 38.296ms
08-05 02:21:37.058 26278 26300 I art     : Starting a blocking GC Explicit
08-05 02:21:37.112 26278 26300 I art     : Explicit concurrent mark sweep GC freed 1372(80KB) AllocSpace objects, 1(20KB) LOS objects, 29% free, 37MB/53MB, paused 1.383ms total 52.959ms
08-05 02:21:37.124 26278 26300 I art     : Starting a blocking GC Explicit
08-05 02:21:37.159 26278 26300 I art     : Explicit concurrent mark sweep GC freed 31(1008B) AllocSpace objects, 0(0B) LOS objects, 29% free, 37MB/53MB, paused 907us total 34.253ms
08-05 02:21:37.169 26278 26300 I art     : Starting a blocking GC Explicit
08-05 02:21:37.202 26278 26300 I art     : Explicit concurrent mark sweep GC freed 6(192B) AllocSpace objects, 0(0B) LOS objects, 29% free, 37MB/53MB, paused 964us total 32.222ms
08-05 02:21:37.212 26278 26300 I art     : Starting a blocking GC Explicit
08-05 02:21:37.247 26278 26300 I art     : Explicit concurrent mark sweep GC freed 9(288B) AllocSpace objects, 0(0B) LOS objects, 29% free, 37MB/53MB, paused 980us total 34.855ms
08-05 02:21:37.258 26278 26300 I art     : Starting a blocking GC Explicit
08-05 02:21:37.293 26278 26300 I art     : Explicit concurrent mark sweep GC freed 9(288B) AllocSpace objects, 0(0B) LOS objects, 29% free, 37MB/53MB, paused 904us total 34.896ms
08-05 02:21:37.624 26278 27471 I art     : Starting a blocking GC Explicit
08-05 02:21:37.672 26278 27471 I art     : Explicit concurrent mark sweep GC freed 2110(103KB) AllocSpace objects, 1(20KB) LOS objects, 29% free, 37MB/53MB, paused 1.094ms total 48.074ms
08-05 02:21:37.687 26278 27471 I art     : Starting a blocking GC Explicit
08-05 02:21:37.725 26278 27471 I art     : Explicit concurrent mark sweep GC freed 23(752B) AllocSpace objects, 0(0B) LOS objects, 29% free, 37MB/53MB, paused 1.030ms total 37.826ms
08-05 02:21:37.737 26278 27471 I art     : Starting a blocking GC Explicit
08-05 02:21:37.775 26278 27471 I art     : Explicit concurrent mark sweep GC freed 3(96B) AllocSpace objects, 0(0B) LOS objects, 29% free, 37MB/53MB, paused 1.121ms total 38.007ms
08-05 02:21:37.775 26278 26288 I art     : WaitForGcToComplete blocked for 32.885ms for cause HeapTrim
08-05 02:21:37.786 26278 27471 I art     : Starting a blocking GC Explicit
08-05 02:21:37.823 26278 27471 I art     : Explicit concurrent mark sweep GC freed 3(96B) AllocSpace objects, 0(0B) LOS objects, 29% free, 37MB/53MB, paused 1.014ms total 36.496ms
08-05 02:21:37.834 26278 27471 I art     : Starting a blocking GC Explicit
08-05 02:21:37.872 26278 27471 I art     : Explicit concurrent mark sweep GC freed 3(96B) AllocSpace objects, 0(0B) LOS objects, 29% free, 37MB/53MB, paused 1.003ms total 37.571ms
08-05 02:21:38.199 26278 26300 I art     : Starting a blocking GC Explicit
08-05 02:21:38.246 26278 26300 I art     : Explicit concurrent mark sweep GC freed 2260(112KB) AllocSpace objects, 1(20KB) LOS objects, 29% free, 37MB/53MB, paused 1.088ms total 47.557ms
08-05 02:21:38.262 26278 26300 I art     : Starting a blocking GC Explicit
08-05 02:21:38.300 26278 26300 I art     : Explicit concurrent mark sweep GC freed 23(752B) AllocSpace objects, 0(0B) LOS objects, 29% free, 37MB/53MB, paused 991us total 37.269ms
08-05 02:21:38.311 26278 26300 I art     : Starting a blocking GC Explicit
08-05 02:21:38.348 26278 26300 I art     : Explicit concurrent mark sweep GC freed 32(880B) AllocSpace objects, 0(0B) LOS objects, 29% free, 37MB/53MB, paused 1.062ms total 36.522ms
08-05 02:21:38.359 26278 26300 I art     : Starting a blocking GC Explicit
08-05 02:21:38.396 26278 26300 I art     : Explicit concurrent mark sweep GC freed 3(96B) AllocSpace objects, 0(0B) LOS objects, 29% free, 37MB/53MB, paused 1.025ms total 37.249ms
08-05 02:21:38.407 26278 26300 I art     : Starting a blocking GC Explicit
08-05 02:21:38.444 26278 26300 I art     : Explicit concurrent mark sweep GC freed 3(96B) AllocSpace objects, 0(0B) LOS objects, 29% free, 37MB/53MB, paused 1.009ms total 36.747ms
08-05 02:21:38.779 26278 26290 I art     : Starting a blocking GC Explicit
08-05 02:21:38.832 26278 26290 I art     : Explicit concurrent mark sweep GC freed 1374(81KB) AllocSpace objects, 1(20KB) LOS objects, 29% free, 37MB/53MB, paused 1.091ms total 51.960ms
08-05 02:21:38.847 26278 26290 I art     : Starting a blocking GC Explicit
08-05 02:21:38.886 26278 26290 I art     : Explicit concurrent mark sweep GC freed 23(752B) AllocSpace objects, 0(0B) LOS objects, 29% free, 37MB/53MB, paused 1.030ms total 38.306ms
08-05 02:21:38.897 26278 26290 I art     : Starting a blocking GC Explicit
08-05 02:21:38.936 26278 26290 I art     : Explicit concurrent mark sweep GC freed 3(96B) AllocSpace objects, 0(0B) LOS objects, 29% free, 37MB/53MB, paused 941us total 38.373ms
08-05 02:21:38.947 26278 26290 I art     : Starting a blocking GC Explicit
08-05 02:21:38.986 26278 26290 I art     : Explicit concurrent mark sweep GC freed 3(96B) AllocSpace objects, 0(0B) LOS objects, 29% free, 37MB/53MB, paused 975us total 37.974ms
08-05 02:21:38.997 26278 26290 I art     : Starting a blocking GC Explicit
08-05 02:21:39.034 26278 26290 I art     : Explicit concurrent mark sweep GC freed 3(96B) AllocSpace objects, 0(0B) LOS objects, 29% free, 37MB/53MB, paused 1.022ms total 37.501ms
08-05 02:21:39.367 26278 26291 I art     : Starting a blocking GC Explicit
08-05 02:21:39.415 26278 26291 I art     : Explicit concurrent mark sweep GC freed 1402(83KB) AllocSpace objects, 1(20KB) LOS objects, 29% free, 37MB/53MB, paused 1.088ms total 48.018ms
08-05 02:21:39.431 26278 26291 I art     : Starting a blocking GC Explicit
08-05 02:21:39.468 26278 26291 I art     : Explicit concurrent mark sweep GC freed 23(752B) AllocSpace objects, 0(0B) LOS objects, 29% free, 37MB/53MB, paused 1.041ms total 36.963ms
08-05 02:21:39.479 26278 26291 I art     : Starting a blocking GC Explicit
08-05 02:21:39.515 26278 26291 I art     : Explicit concurrent mark sweep GC freed 3(96B) AllocSpace objects, 0(0B) LOS objects, 29% free, 37MB/53MB, paused 941us total 35.284ms
08-05 02:21:39.526 26278 26291 I art     : Starting a blocking GC Explicit
08-05 02:21:39.561 26278 26291 I art     : Explicit concurrent mark sweep GC freed 3(96B) AllocSpace objects, 0(0B) LOS objects, 29% free, 37MB/53MB, paused 1.018ms total 35.422ms
08-05 02:21:39.572 26278 26291 I art     : Starting a blocking GC Explicit
08-05 02:21:39.607 26278 26291 I art     : Explicit concurrent mark sweep GC freed 3(96B) AllocSpace objects, 0(0B) LOS objects, 29% free, 37MB/53MB, paused 1.090ms total 35.288ms
08-05 02:21:39.883 28748 28748 D AndroidRuntime: >>>>>> START com.android.internal.os.RuntimeInit uid 2000 <<<<<<
08-05 02:21:39.889 28748 28748 D AndroidRuntime: CheckJNI is OFF
08-05 02:21:39.910 26278 27471 I art     : Starting a blocking GC Explicit
08-05 02:21:39.925 28748 28748 D ICU     : No timezone override file found: /data/misc/zoneinfo/current/icu/icu_tzdata.dat
08-05 02:21:39.948 26278 27471 I art     : Explicit concurrent mark sweep GC freed 1372(80KB) AllocSpace objects, 1(20KB) LOS objects, 29% free, 37MB/53MB, paused 1.166ms total 37.536ms
08-05 02:21:39.960 26278 27471 I art     : Starting a blocking GC Explicit
08-05 02:21:39.961 28748 28748 I Radio-JNI: register_android_hardware_Radio DONE
08-05 02:21:39.982 28748 28748 D AndroidRuntime: Calling main entry com.android.commands.input.Input
08-05 02:21:39.984 28748 28748 I Input   : injectMotionEvent: MotionEvent { action=ACTION_DOWN, actionButton=0, id[0]=0, x[0]=1363.0, y[0]=517.0, toolType[0]=TOOL_TYPE_UNKNOWN, buttonState=0, metaState=0, flags=0x0, edgeFlags=0x0, pointerCount=1, historySize=0, eventTime=757316397, downTime=757316397, deviceId=0, source=0x1002 }
08-05 02:21:39.991 28748 28748 I Input   : injectMotionEvent: MotionEvent { action=ACTION_UP, actionButton=0, id[0]=0, x[0]=1363.0, y[0]=517.0, toolType[0]=TOOL_TYPE_UNKNOWN, buttonState=0, metaState=0, flags=0x0, edgeFlags=0x0, pointerCount=1, historySize=0, eventTime=757316397, downTime=757316397, deviceId=0, source=0x1002 }
08-05 02:21:39.993 26278 27471 I art     : Explicit concurrent mark sweep GC freed 23(752B) AllocSpace objects, 0(0B) LOS objects, 29% free, 37MB/53MB, paused 1.117ms total 32.798ms
08-05 02:21:39.993 28748 28748 D AndroidRuntime: Shutting down VM
08-05 02:21:40.003 26278 27471 I art     : Starting a blocking GC Explicit
08-05 02:21:40.012   512  2967 D audio_hw_primary: out_set_parameters: enter: usecase(1: low-latency-playback) kvpairs: routing=2
08-05 02:21:40.014   918  3670 I ActivityManager: START u0 {cmp=baseline.de.danoeh.antennapod.debug/baseline.de.danoeh.antennapod.activity.FeedSettingsActivity (has extras)} from uid 10691 on display 0
08-05 02:21:40.027   512  2967 D audio_hw_primary: select_devices: out_snd_device(2: speaker) in_snd_device(0: none)
08-05 02:21:40.027   512  2967 D msm8974_platform: platform_send_audio_calibration: sending audio calibration for snd_device(2) acdb_id(15)
08-05 02:21:40.027   512  2967 I soundtrigger: audio_extn_sound_trigger_update_device_status: device 0x2 of type 0 for Event 1
08-05 02:21:40.037   512  2967 D audio_hw_primary: enable_snd_device: snd_device(2: speaker)
08-05 02:21:40.039 26278 27471 I art     : Explicit concurrent mark sweep GC freed 416(32KB) AllocSpace objects, 0(0B) LOS objects, 29% free, 37MB/53MB, paused 1.435ms total 35.216ms
08-05 02:21:40.040   512  2967 D audio_hw_primary: enable_audio_route: apply and update mixer path: low-latency-playback speaker
08-05 02:21:40.051 26278 27471 I art     : Starting a blocking GC Explicit
08-05 02:21:40.090 26278 27471 I art     : Explicit concurrent mark sweep GC freed 13461(582KB) AllocSpace objects, 0(0B) LOS objects, 29% free, 37MB/53MB, paused 2.715ms total 38.944ms
08-05 02:21:40.101 26278 27471 I art     : Starting a blocking GC Explicit
08-05 02:21:40.139 26278 27471 I art     : Explicit concurrent mark sweep GC freed 17892(754KB) AllocSpace objects, 0(0B) LOS objects, 29% free, 37MB/53MB, paused 2.020ms total 38.475ms
08-05 02:21:40.272 26278 26298 D DBReader: getFeed() called with: feedId = [2]
08-05 02:21:40.273 26278 26298 D DBReader: getFeedItemList() called with: feed = [baseline.de.danoeh.antennapod.core.feed.Feed@2]
08-05 02:21:40.346 26278 26298 W PodDBAdapter: Length of id array is larger than 800. Creating multiple cursors
08-05 02:21:40.379   918   936 I ActivityManager: Displayed baseline.de.danoeh.antennapod.debug/baseline.de.danoeh.antennapod.activity.FeedSettingsActivity: +355ms
08-05 02:21:40.379 13866 13866 I GoogleInputMethodServic: GoogleInputMethodService.onFinishInput():3138 
08-05 02:21:40.380 13866 13866 I GoogleInputMethodServic: GoogleInputMethodService.onStartInput():1808 
08-05 02:21:40.410 26278 26291 I art     : Starting a blocking GC Explicit
08-05 02:21:40.415 26278 26299 D OpenGLRenderer: endAllStagingAnimators on 0x7f7db39800 (RippleDrawable) with handle 0x7f799e0660
08-05 02:21:40.424 26278 27223 D ApOkHttpUrlLoader: buildLoadData() called with: model = [http://static.libsyn.com/p/assets/7/1/f/3/71f3014e14ef2722/JREiTunesImage2.jpg], width = [1440], height = [462]
08-05 02:21:40.428 13866 13866 I GoogleInputMethodServic: GoogleInputMethodService.onStartInput():1808 
08-05 02:21:40.429 13866 13866 W SessionManager: SessionManager.beginSession():53 Try to begin an already begun session [INPUT_SESSION], end it first
08-05 02:21:40.438 13866 13866 I ShortcutsDataManager: ShortcutsDataManager.onContentChanged():89 onContentChanged()
08-05 02:21:40.439 26278 26278 D FeedSettingsActivity: No filter set
08-05 02:21:40.449   918  5952 W IntentResolver: resolveIntent: multiple matches, only some with CATEGORY_DEFAULT
08-05 02:21:40.463 26278 26291 I art     : Explicit concurrent mark sweep GC freed 29296(1274KB) AllocSpace objects, 2(36KB) LOS objects, 27% free, 42MB/58MB, paused 1.732ms total 52.699ms
08-05 02:21:40.476 26278 26291 I art     : Starting a blocking GC Explicit
08-05 02:21:40.518 26278 26291 I art     : Explicit concurrent mark sweep GC freed 4137(203KB) AllocSpace objects, 1(16KB) LOS objects, 27% free, 41MB/57MB, paused 1.030ms total 41.953ms
08-05 02:21:40.531 26278 26291 I art     : Starting a blocking GC Explicit
08-05 02:21:40.577 26278 26291 I art     : Explicit concurrent mark sweep GC freed 349(28KB) AllocSpace objects, 0(0B) LOS objects, 27% free, 41MB/57MB, paused 1.204ms total 45.781ms
08-05 02:21:40.580   512  2967 D audio_hw_primary: disable_audio_route: reset and update mixer path: low-latency-playback speaker
08-05 02:21:40.582   512  2967 D audio_hw_primary: disable_snd_device: snd_device(2: speaker)
08-05 02:21:40.590   512  2967 I soundtrigger: audio_extn_sound_trigger_update_device_status: device 0x2 of type 0 for Event 0
08-05 02:21:40.594 26278 26291 I art     : Starting a blocking GC Explicit
08-05 02:21:40.608   380   380 W SurfaceFlinger: couldn't log to binary event log: overflow.
08-05 02:21:40.645 26278 26291 I art     : Explicit concurrent mark sweep GC freed 91(3KB) AllocSpace objects, 0(0B) LOS objects, 27% free, 41MB/57MB, paused 1.003ms total 50.758ms
08-05 02:21:40.658 26278 26291 I art     : Starting a blocking GC Explicit
08-05 02:21:40.700 26278 26291 I art     : Explicit concurrent mark sweep GC freed 39(1760B) AllocSpace objects, 0(0B) LOS objects, 27% free, 41MB/57MB, paused 1.018ms total 41.612ms
08-05 02:21:40.756 26278 26278 D PlaybackController: Releasing PlaybackController
08-05 02:21:41.003 26278 26290 I art     : Starting a blocking GC Explicit
08-05 02:21:41.053 26278 26290 I art     : Explicit concurrent mark sweep GC freed 1866(105KB) AllocSpace objects, 1(20KB) LOS objects, 27% free, 41MB/57MB, paused 1.120ms total 49.782ms
08-05 02:21:41.066 26278 26290 I art     : Starting a blocking GC Explicit
08-05 02:21:41.117 26278 26290 I art     : Explicit concurrent mark sweep GC freed 81(2640B) AllocSpace objects, 0(0B) LOS objects, 27% free, 41MB/57MB, paused 1.103ms total 50.112ms
08-05 02:21:41.130 26278 26290 I art     : Starting a blocking GC Explicit
08-05 02:21:41.181 26278 26290 I art     : Explicit concurrent mark sweep GC freed 3(96B) AllocSpace objects, 0(0B) LOS objects, 27% free, 41MB/57MB, paused 1.074ms total 50.023ms
08-05 02:21:41.194 26278 26290 I art     : Starting a blocking GC Explicit
08-05 02:21:41.245 26278 26290 I art     : Explicit concurrent mark sweep GC freed 3(96B) AllocSpace objects, 0(0B) LOS objects, 27% free, 41MB/57MB, paused 1.114ms total 50.167ms
08-05 02:21:41.259 26278 26290 I art     : Starting a blocking GC Explicit
08-05 02:21:41.306 26278 26290 I art     : Explicit concurrent mark sweep GC freed 3(96B) AllocSpace objects, 0(0B) LOS objects, 27% free, 41MB/57MB, paused 1.024ms total 47.063ms
08-05 02:21:41.615 26278 26291 I art     : Starting a blocking GC Explicit
08-05 02:21:41.677 26278 26291 I art     : Explicit concurrent mark sweep GC freed 1401(81KB) AllocSpace objects, 1(20KB) LOS objects, 27% free, 41MB/57MB, paused 1.204ms total 61.176ms
08-05 02:21:41.694 26278 26291 I art     : Starting a blocking GC Explicit
08-05 02:21:41.745 26278 26291 I art     : Explicit concurrent mark sweep GC freed 23(752B) AllocSpace objects, 0(0B) LOS objects, 27% free, 41MB/57MB, paused 1.121ms total 50.774ms
08-05 02:21:41.759 26278 26291 I art     : Starting a blocking GC Explicit
08-05 02:21:41.808 26278 26291 I art     : Explicit concurrent mark sweep GC freed 3(96B) AllocSpace objects, 0(0B) LOS objects, 27% free, 41MB/57MB, paused 1.139ms total 49.128ms
08-05 02:21:41.822 26278 26291 I art     : Starting a blocking GC Explicit
08-05 02:21:41.871 26278 26291 I art     : Explicit concurrent mark sweep GC freed 3(96B) AllocSpace objects, 0(0B) LOS objects, 27% free, 41MB/57MB, paused 1.042ms total 48.934ms
08-05 02:21:41.884 26278 26291 I art     : Starting a blocking GC Explicit
08-05 02:21:41.928 26278 26291 I art     : Explicit concurrent mark sweep GC freed 11(352B) AllocSpace objects, 0(0B) LOS objects, 27% free, 41MB/57MB, paused 1.012ms total 43.717ms
08-05 02:21:42.267 26278 27471 I art     : Starting a blocking GC Explicit
08-05 02:21:42.319 26278 27471 I art     : Explicit concurrent mark sweep GC freed 1421(82KB) AllocSpace objects, 1(20KB) LOS objects, 27% free, 41MB/57MB, paused 1.152ms total 52.348ms
08-05 02:21:42.333 26278 27471 I art     : Starting a blocking GC Explicit
08-05 02:21:42.381 26278 27471 I art     : Explicit concurrent mark sweep GC freed 52(1536B) AllocSpace objects, 0(0B) LOS objects, 27% free, 41MB/57MB, paused 1.056ms total 47.639ms
08-05 02:21:42.395 26278 27471 I art     : Starting a blocking GC Explicit
08-05 02:21:42.445 26278 27471 I art     : Explicit concurrent mark sweep GC freed 3(96B) AllocSpace objects, 0(0B) LOS objects, 27% free, 41MB/57MB, paused 1.084ms total 49.826ms
08-05 02:21:42.459 26278 27471 I art     : Starting a blocking GC Explicit
08-05 02:21:42.508 26278 27471 I art     : Explicit concurrent mark sweep GC freed 3(96B) AllocSpace objects, 0(0B) LOS objects, 27% free, 41MB/57MB, paused 1.089ms total 49.565ms
08-05 02:21:42.522 26278 27471 I art     : Starting a blocking GC Explicit
08-05 02:21:42.570 26278 27471 I art     : Explicit concurrent mark sweep GC freed 3(96B) AllocSpace objects, 0(0B) LOS objects, 27% free, 41MB/57MB, paused 1.116ms total 47.985ms
08-05 02:21:42.922 26278 26300 I art     : Starting a blocking GC Explicit
08-05 02:21:42.977 26278 26300 I art     : Explicit concurrent mark sweep GC freed 1373(82KB) AllocSpace objects, 1(20KB) LOS objects, 27% free, 41MB/57MB, paused 1.123ms total 54.701ms
08-05 02:21:42.991 26278 26300 I art     : Starting a blocking GC Explicit
08-05 02:21:43.041 26278 26300 I art     : Explicit concurrent mark sweep GC freed 23(752B) AllocSpace objects, 0(0B) LOS objects, 27% free, 41MB/57MB, paused 1.111ms total 49.943ms
08-05 02:21:43.055 26278 26300 I art     : Starting a blocking GC Explicit
08-05 02:21:43.102 26278 26300 I art     : Explicit concurrent mark sweep GC freed 3(96B) AllocSpace objects, 0(0B) LOS objects, 27% free, 41MB/57MB, paused 1.110ms total 46.928ms
08-05 02:21:43.115 26278 26300 I art     : Starting a blocking GC Explicit
08-05 02:21:43.164 26278 26300 I art     : Explicit concurrent mark sweep GC freed 3(96B) AllocSpace objects, 0(0B) LOS objects, 27% free, 41MB/57MB, paused 1.123ms total 49.138ms
08-05 02:21:43.178 26278 26300 I art     : Starting a blocking GC Explicit
08-05 02:21:43.227 26278 26300 I art     : Explicit concurrent mark sweep GC freed 3(96B) AllocSpace objects, 0(0B) LOS objects, 27% free, 41MB/57MB, paused 1.189ms total 48.860ms
08-05 02:21:43.574 26278 27471 I art     : Starting a blocking GC Explicit
08-05 02:21:43.638 26278 27471 I art     : Explicit concurrent mark sweep GC freed 1402(82KB) AllocSpace objects, 1(20KB) LOS objects, 27% free, 41MB/57MB, paused 1.198ms total 63.026ms
08-05 02:21:43.657 26278 27471 I art     : Starting a blocking GC Explicit
08-05 02:21:43.706 26278 27471 I art     : Explicit concurrent mark sweep GC freed 23(752B) AllocSpace objects, 0(0B) LOS objects, 27% free, 41MB/57MB, paused 1.126ms total 48.754ms
08-05 02:21:43.720 26278 27471 I art     : Starting a blocking GC Explicit
08-05 02:21:43.769 26278 27471 I art     : Explicit concurrent mark sweep GC freed 3(96B) AllocSpace objects, 0(0B) LOS objects, 27% free, 41MB/57MB, paused 1.139ms total 49.385ms
08-05 02:21:43.783 26278 27471 I art     : Starting a blocking GC Explicit
08-05 02:21:43.831 26278 27471 I art     : Explicit concurrent mark sweep GC freed 3(96B) AllocSpace objects, 0(0B) LOS objects, 27% free, 41MB/57MB, paused 1.112ms total 48.252ms
08-05 02:21:43.845 26278 27471 I art     : Starting a blocking GC Explicit
08-05 02:21:43.896 26278 27471 I art     : Explicit concurrent mark sweep GC freed 3(96B) AllocSpace objects, 0(0B) LOS objects, 27% free, 41MB/57MB, paused 1.093ms total 51.075ms
08-05 02:21:44.243 26278 26300 I art     : Starting a blocking GC Explicit
08-05 02:21:44.295 26278 26300 I art     : Explicit concurrent mark sweep GC freed 2075(106KB) AllocSpace objects, 1(20KB) LOS objects, 27% free, 41MB/57MB, paused 1.097ms total 51.811ms
08-05 02:21:44.309 26278 26300 I art     : Starting a blocking GC Explicit
08-05 02:21:44.355 26278 26300 I art     : Explicit concurrent mark sweep GC freed 52(1536B) AllocSpace objects, 0(0B) LOS objects, 27% free, 41MB/57MB, paused 1.126ms total 46.126ms
08-05 02:21:44.369 26278 26300 I art     : Starting a blocking GC Explicit
08-05 02:21:44.416 26278 26300 I art     : Explicit concurrent mark sweep GC freed 3(96B) AllocSpace objects, 0(0B) LOS objects, 27% free, 41MB/57MB, paused 1.094ms total 47.278ms
08-05 02:21:44.429 26278 26300 I art     : Starting a blocking GC Explicit
08-05 02:21:44.475 26278 26300 I art     : Explicit concurrent mark sweep GC freed 3(96B) AllocSpace objects, 0(0B) LOS objects, 27% free, 41MB/57MB, paused 1.094ms total 46.145ms
08-05 02:21:44.488 26278 26300 I art     : Starting a blocking GC Explicit
08-05 02:21:44.535 26278 26300 I art     : Explicit concurrent mark sweep GC freed 3(96B) AllocSpace objects, 0(0B) LOS objects, 27% free, 41MB/57MB, paused 1.141ms total 46.599ms
08-05 02:21:44.651 28848 28848 D AndroidRuntime: >>>>>> START com.android.internal.os.RuntimeInit uid 2000 <<<<<<
08-05 02:21:44.659 28848 28848 D AndroidRuntime: CheckJNI is OFF
08-05 02:21:44.695 28848 28848 D ICU     : No timezone override file found: /data/misc/zoneinfo/current/icu/icu_tzdata.dat
08-05 02:21:44.727 28848 28848 I Radio-JNI: register_android_hardware_Radio DONE
08-05 02:21:44.749 28848 28848 D AndroidRuntime: Calling main entry com.android.commands.input.Input
08-05 02:21:44.750 28848 28848 I Input   : injectKeyEvent: KeyEvent { action=ACTION_DOWN, keyCode=KEYCODE_BACK, scanCode=0, metaState=0, flags=0x0, repeatCount=0, eventTime=757321163, downTime=757321163, deviceId=-1, source=0x101 }
08-05 02:21:44.760 28848 28848 I Input   : injectKeyEvent: KeyEvent { action=ACTION_UP, keyCode=KEYCODE_BACK, scanCode=0, metaState=0, flags=0x0, repeatCount=0, eventTime=757321163, downTime=757321163, deviceId=-1, source=0x101 }
08-05 02:21:44.767 28848 28848 D AndroidRuntime: Shutting down VM
08-05 02:21:44.772 26278 26278 V PlaybackController: initServiceNotRunning()
08-05 02:21:44.772 26278 26278 D ExternalPlayerFragment: Loading media info
08-05 02:21:44.774 26278 26278 D ItemlistFragment: onEventMainThread() called with: event = [DownloadEvent{update=DownloaderUpdate{downloaders=[], feedIds=[], mediaIds=[]}}]
08-05 02:21:44.775 26278 27223 D ApOkHttpUrlLoader: buildLoadData() called with: model = [http://static.libsyn.com/p/assets/7/1/f/3/71f3014e14ef2722/JREiTunesImage2.jpg], width = [1440], height = [462]
08-05 02:21:44.778 26278 26278 D UserPreferences: Using default data folder
08-05 02:21:44.779 26278 26298 D DBReader: getNavDrawerData() called with: 
08-05 02:21:44.779 26278 26802 D DBReader: getFeed() called with: feedId = [2]
08-05 02:21:44.780 26278 26802 D DBReader: getFeedItemList() called with: feed = [baseline.de.danoeh.antennapod.core.feed.Feed@2]
08-05 02:21:44.803 26278 26298 D DBReader: getDownloadedItems() called
08-05 02:21:44.803 26278 26278 D FeedMenuHandler: Preparing options menu
08-05 02:21:44.804 26278 26298 D DBReader: getFavoriteIDList() called
08-05 02:21:44.804 26278 26298 D DBReader: getQueueIDList() called
08-05 02:21:44.805 26278 26298 D DBReader: Extracting Feedlist
08-05 02:21:44.842 26278 26278 D MainActivity: getLastNavFragment() -> 2
08-05 02:21:44.846 26278 26290 I art     : Starting a blocking GC Explicit
08-05 02:21:44.859 26278 26802 W PodDBAdapter: Length of id array is larger than 800. Creating multiple cursors
08-05 02:21:44.882 13866 13866 I GoogleInputMethodServic: GoogleInputMethodService.onFinishInput():3138 
08-05 02:21:44.882 13866 13866 I GoogleInputMethodServic: GoogleInputMethodService.onStartInput():1808 
08-05 02:21:44.883 13866 13866 I ShortcutsDataManager: AbstractContentDataManager.startImportContentTask():208 startImportContentTask()
08-05 02:21:44.886 13866 13938 I ShortcutsDataManager: AbstractContentDataManager$ImportContentTask.doInBackground():222 doInBackground()
08-05 02:21:44.886 13866 13938 I PersonalDictionaryDataH: PersonalDictionaryDataHandler.beginProcess():111 LanguageTags = [en-US]
08-05 02:21:44.895 13866 13938 I ShortcutsDataManager: AbstractContentDataManager.importRecords():312 importRecords() : Success : Count = 0
08-05 02:21:44.900 13866 13938 I ShortcutsDataManager: AbstractContentDataManager.importContentData():262 importContentData() : Ending import process
08-05 02:21:44.905 26278 26290 I art     : Explicit concurrent mark sweep GC freed 7984(472KB) AllocSpace objects, 2(36KB) LOS objects, 25% free, 46MB/62MB, paused 1.641ms total 58.870ms
08-05 02:21:44.919 26278 26290 I art     : Starting a blocking GC Explicit
08-05 02:21:44.928 13866 13938 I PersonalLanguageModelUp: PersonalLanguageModelUpdater$UpdateOperation.performInternal():160 run() : Added 0 words and 0 shortcuts
08-05 02:21:44.928 13866 13938 I DynamicLanguageModelOpe: DynamicLanguageModelOperation.perform():37 perform() : 4 : coc : Completed
08-05 02:21:44.928 13866 13950 I Delight5Decoder: Delight5DecoderWrapper.loadLanguageModel():578 loadLanguageModel() : 4, version [n/a]
08-05 02:21:44.928 13866 13866 I ShortcutsDataManager: AbstractContentDataManager$ImportContentTask.onPostExecute():233 onPostExecute() : Result = [2,0]
08-05 02:21:44.929 13866 13866 I ShortcutsDataManager: ShortcutsDataManager.onImportFinished():99 onImportFinished() : Result = 2 : Count = 0
08-05 02:21:44.929 26278 26802 D DBReader: getFavoriteIDList() called
08-05 02:21:44.929 13866 13950 I Delight5Decoder: Delight5DecoderWrapper.loadLanguageModel():616 Loaded dynamic LM 4.en
08-05 02:21:44.930 26278 26802 D DBReader: getQueueIDList() called
08-05 02:21:44.931 26278 26802 D DBReader: Extracting Feedlist
08-05 02:21:44.933 26278 27223 D ApOkHttpUrlLoader: buildLoadData() called with: model = [http://static.libsyn.com/p/assets/7/1/f/3/71f3014e14ef2722/JREiTunesImage2.jpg], width = [1440], height = [462]
08-05 02:21:44.952 26278 26278 D FeedMenuHandler: Preparing options menu
08-05 02:21:44.964 26278 26290 I art     : Explicit concurrent mark sweep GC freed 33736(2MB) AllocSpace objects, 0(0B) LOS objects, 25% free, 47MB/63MB, paused 1.627ms total 45.358ms
08-05 02:21:44.978 26278 26290 I art     : Starting a blocking GC Explicit
08-05 02:21:45.022 26278 26290 I art     : Explicit concurrent mark sweep GC freed 2688(114KB) AllocSpace objects, 1(16KB) LOS objects, 25% free, 47MB/63MB, paused 979us total 43.841ms
08-05 02:21:45.035 26278 26290 I art     : Starting a blocking GC Explicit
08-05 02:21:45.080 26278 26290 I art     : Explicit concurrent mark sweep GC freed 859(64KB) AllocSpace objects, 0(0B) LOS objects, 25% free, 47MB/63MB, paused 981us total 44.539ms
08-05 02:21:45.093 26278 26290 I art     : Starting a blocking GC Explicit
08-05 02:21:45.137 26278 26290 I art     : Explicit concurrent mark sweep GC freed 3(96B) AllocSpace objects, 0(0B) LOS objects, 25% free, 47MB/63MB, paused 1.204ms total 43.791ms
08-05 02:21:45.146   380   380 W SurfaceFlinger: couldn't log to binary event log: overflow.
08-05 02:21:45.444 26278 26291 I art     : Starting a blocking GC Explicit
08-05 02:21:45.467   918  3188 I hubconnection: sensorhub said: 'set_bias 3: -5.6448, 0.0000, 0.0000'
08-05 02:21:45.509 26278 26291 I art     : Explicit concurrent mark sweep GC freed 2079(110KB) AllocSpace objects, 1(20KB) LOS objects, 25% free, 47MB/63MB, paused 1.249ms total 64.387ms
08-05 02:21:45.523 26278 26291 I art     : Starting a blocking GC Explicit
08-05 02:21:45.566 26278 26291 I art     : Explicit concurrent mark sweep GC freed 34769(2MB) AllocSpace objects, 44(2MB) LOS objects, 27% free, 42MB/58MB, paused 1.185ms total 42.850ms
08-05 02:21:45.578 26278 26291 I art     : Starting a blocking GC Explicit
08-05 02:21:45.617 26278 26291 I art     : Explicit concurrent mark sweep GC freed 3(96B) AllocSpace objects, 0(0B) LOS objects, 27% free, 42MB/58MB, paused 1.092ms total 38.253ms
08-05 02:21:45.628 26278 26291 I art     : Starting a blocking GC Explicit
08-05 02:21:45.668 26278 26291 I art     : Explicit concurrent mark sweep GC freed 3(96B) AllocSpace objects, 0(0B) LOS objects, 27% free, 42MB/58MB, paused 1.191ms total 39.282ms
08-05 02:21:45.679 26278 26291 I art     : Starting a blocking GC Explicit
08-05 02:21:45.720 26278 26291 I art     : Explicit concurrent mark sweep GC freed 3(96B) AllocSpace objects, 0(0B) LOS objects, 27% free, 42MB/58MB, paused 1.129ms total 40.248ms
08-05 02:21:46.027 26278 26290 I art     : Starting a blocking GC Explicit
08-05 02:21:46.071 26278 26290 I art     : Explicit concurrent mark sweep GC freed 1374(81KB) AllocSpace objects, 1(20KB) LOS objects, 27% free, 42MB/58MB, paused 1.129ms total 43.041ms
08-05 02:21:46.082 26278 26290 I art     : Starting a blocking GC Explicit
08-05 02:21:46.119 26278 26290 I art     : Explicit concurrent mark sweep GC freed 23(752B) AllocSpace objects, 0(0B) LOS objects, 27% free, 42MB/58MB, paused 1.081ms total 36.552ms
08-05 02:21:46.130 26278 26290 I art     : Starting a blocking GC Explicit
08-05 02:21:46.167 26278 26290 I art     : Explicit concurrent mark sweep GC freed 3(96B) AllocSpace objects, 0(0B) LOS objects, 27% free, 42MB/58MB, paused 1.259ms total 36.685ms
08-05 02:21:46.178 26278 26290 I art     : Starting a blocking GC Explicit
08-05 02:21:46.215 26278 26290 I art     : Explicit concurrent mark sweep GC freed 3(96B) AllocSpace objects, 0(0B) LOS objects, 27% free, 42MB/58MB, paused 1.082ms total 36.294ms
08-05 02:21:46.226 26278 26290 I art     : Starting a blocking GC Explicit
08-05 02:21:46.263 26278 26290 I art     : Explicit concurrent mark sweep GC freed 3(96B) AllocSpace objects, 0(0B) LOS objects, 27% free, 42MB/58MB, paused 1.087ms total 36.490ms
08-05 02:21:46.424 28891 28891 D AndroidRuntime: >>>>>> START com.android.internal.os.RuntimeInit uid 2000 <<<<<<
08-05 02:21:46.432 28891 28891 D AndroidRuntime: CheckJNI is OFF
08-05 02:21:46.472 28891 28891 D ICU     : No timezone override file found: /data/misc/zoneinfo/current/icu/icu_tzdata.dat
08-05 02:21:46.508 28891 28891 I Radio-JNI: register_android_hardware_Radio DONE
08-05 02:21:46.529 28891 28891 D AndroidRuntime: Calling main entry com.android.commands.input.Input
08-05 02:21:46.531 28891 28891 I Input   : injectMotionEvent: MotionEvent { action=ACTION_DOWN, actionButton=0, id[0]=0, x[0]=1372.0, y[0]=384.0, toolType[0]=TOOL_TYPE_UNKNOWN, buttonState=0, metaState=0, flags=0x0, edgeFlags=0x0, pointerCount=1, historySize=0, eventTime=757322943, downTime=757322943, deviceId=0, source=0x1002 }
08-05 02:21:46.534 28891 28891 I Input   : injectMotionEvent: MotionEvent { action=ACTION_UP, actionButton=0, id[0]=0, x[0]=1372.0, y[0]=384.0, toolType[0]=TOOL_TYPE_UNKNOWN, buttonState=0, metaState=0, flags=0x0, edgeFlags=0x0, pointerCount=1, historySize=0, eventTime=757322943, downTime=757322943, deviceId=0, source=0x1002 }
08-05 02:21:46.536 28891 28891 D AndroidRuntime: Shutting down VM
08-05 02:21:46.549   918  6112 I ActivityManager: START u0 {cmp=baseline.de.danoeh.antennapod.debug/baseline.de.danoeh.antennapod.activity.FeedInfoActivity (has extras)} from uid 10691 on display 0
08-05 02:21:46.551   512  2967 D audio_hw_primary: out_set_parameters: enter: usecase(1: low-latency-playback) kvpairs: routing=2
08-05 02:21:46.558 26278 26290 I art     : Starting a blocking GC Explicit
08-05 02:21:46.563   512  2967 D audio_hw_primary: select_devices: out_snd_device(2: speaker) in_snd_device(0: none)
08-05 02:21:46.564   512  2967 D msm8974_platform: platform_send_audio_calibration: sending audio calibration for snd_device(2) acdb_id(15)
08-05 02:21:46.564   512  2967 I soundtrigger: audio_extn_sound_trigger_update_device_status: device 0x2 of type 0 for Event 1
08-05 02:21:46.575   512  2967 D audio_hw_primary: enable_snd_device: snd_device(2: speaker)
08-05 02:21:46.577   512  2967 D audio_hw_primary: enable_audio_route: apply and update mixer path: low-latency-playback speaker
08-05 02:21:46.600 26278 26290 I art     : Explicit concurrent mark sweep GC freed 2075(130KB) AllocSpace objects, 1(20KB) LOS objects, 27% free, 42MB/58MB, paused 1.410ms total 42.170ms
08-05 02:21:46.611 26278 26304 D DBReader: getFeed() called with: feedId = [2]
08-05 02:21:46.612 26278 26290 I art     : Starting a blocking GC Explicit
08-05 02:21:46.614 26278 26304 D DBReader: getFeedItemList() called with: feed = [baseline.de.danoeh.antennapod.core.feed.Feed@2]
08-05 02:21:46.624 26278 26278 D androidx.gridlayout.widget.GridLayout: horizontal constraints: x2-x0>=1328, x2-x1<=0, x1-x0<=242 are inconsistent; permanently removing: x2-x1<=0. 
08-05 02:21:46.625 26278 26278 D androidx.gridlayout.widget.GridLayout: vertical constraints: y3-y2>=80, y3-y2<=66, y2-y1<=94, y1-y0<=94 are inconsistent; permanently removing: y3-y2<=66. 
08-05 02:21:46.652 26278 26290 I art     : Explicit concurrent mark sweep GC freed 3113(136KB) AllocSpace objects, 0(0B) LOS objects, 26% free, 43MB/59MB, paused 1.567ms total 39.563ms
08-05 02:21:46.663 26278 26290 I art     : Starting a blocking GC Explicit
08-05 02:21:46.690 26278 26304 W PodDBAdapter: Length of id array is larger than 800. Creating multiple cursors
08-05 02:21:46.704 13866 13866 I GoogleInputMethodServic: GoogleInputMethodService.onFinishInput():3138 
08-05 02:21:46.705   918   936 I ActivityManager: Displayed baseline.de.danoeh.antennapod.debug/baseline.de.danoeh.antennapod.activity.FeedInfoActivity: +139ms
08-05 02:21:46.707 26278 26290 I art     : Explicit concurrent mark sweep GC freed 2927(211KB) AllocSpace objects, 1(16KB) LOS objects, 26% free, 44MB/60MB, paused 1.653ms total 43.937ms
08-05 02:21:46.708 13866 13866 I GoogleInputMethodServic: GoogleInputMethodService.onStartInput():1808 
08-05 02:21:46.720 26278 26290 I art     : Starting a blocking GC Explicit
08-05 02:21:46.740 26278 26299 D OpenGLRenderer: endAllStagingAnimators on 0x7f7db39400 (RippleDrawable) with handle 0x7f79629560
08-05 02:21:46.760 26278 26278 D FeedInfoActivity: Language is en
08-05 02:21:46.760 26278 26278 D FeedInfoActivity: Author is Joe Rogan
08-05 02:21:46.760 26278 26278 D FeedInfoActivity: URL is http://joeroganexp.joerogan.libsynpro.com/rss
08-05 02:21:46.765 26278 26290 I art     : Explicit concurrent mark sweep GC freed 5189(98KB) AllocSpace objects, 0(0B) LOS objects, 26% free, 44MB/60MB, paused 2.488ms total 44.798ms
08-05 02:21:46.766 26278 27223 D ApOkHttpUrlLoader: buildLoadData() called with: model = [http://static.libsyn.com/p/assets/7/1/f/3/71f3014e14ef2722/JREiTunesImage2.jpg], width = [1440], height = [462]
08-05 02:21:46.777 26278 26290 I art     : Starting a blocking GC Explicit
08-05 02:21:46.783   918  6112 W IntentResolver: resolveIntent: multiple matches, only some with CATEGORY_DEFAULT
08-05 02:21:46.796 26278 26278 D androidx.gridlayout.widget.GridLayout: horizontal constraints: x2-x0>=1328, x2-x1<=232, x1-x0<=242 are inconsistent; permanently removing: x2-x1<=232. 
08-05 02:21:46.796 26278 26278 D androidx.gridlayout.widget.GridLayout: vertical constraints: y3-y2>=80, y3-y2<=66, y2-y1<=94, y1-y0<=94 are inconsistent; permanently removing: y3-y2<=66. 
08-05 02:21:46.820 26278 26290 I art     : Explicit concurrent mark sweep GC freed 2490(107KB) AllocSpace objects, 1(16KB) LOS objects, 25% free, 47MB/63MB, paused 1.206ms total 42.767ms
08-05 02:21:46.955   380   380 W SurfaceFlinger: couldn't log to binary event log: overflow.
08-05 02:21:47.073 26278 26278 D PlaybackController: Releasing PlaybackController
08-05 02:21:47.102 26278 26300 I art     : Starting a blocking GC Explicit
08-05 02:21:47.120   512  2967 D audio_hw_primary: disable_audio_route: reset and update mixer path: low-latency-playback speaker
08-05 02:21:47.120   512  2967 D audio_hw_primary: disable_snd_device: snd_device(2: speaker)
08-05 02:21:47.129   512  2967 I soundtrigger: audio_extn_sound_trigger_update_device_status: device 0x2 of type 0 for Event 0
08-05 02:21:47.143 26278 26300 I art     : Explicit concurrent mark sweep GC freed 2013(122KB) AllocSpace objects, 1(20KB) LOS objects, 25% free, 47MB/63MB, paused 972us total 40.076ms
08-05 02:21:47.155 26278 26300 I art     : Starting a blocking GC Explicit
08-05 02:21:47.201 26278 26300 I art     : Explicit concurrent mark sweep GC freed 59(1984B) AllocSpace objects, 0(0B) LOS objects, 25% free, 47MB/63MB, paused 1.085ms total 45.838ms
08-05 02:21:47.214 26278 26300 I art     : Starting a blocking GC Explicit
08-05 02:21:47.264 26278 26300 I art     : Explicit concurrent mark sweep GC freed 3(96B) AllocSpace objects, 0(0B) LOS objects, 25% free, 47MB/63MB, paused 1.212ms total 49.583ms
08-05 02:21:47.277 26278 26300 I art     : Starting a blocking GC Explicit
08-05 02:21:47.324 26278 26300 I art     : Explicit concurrent mark sweep GC freed 3(96B) AllocSpace objects, 0(0B) LOS objects, 25% free, 47MB/63MB, paused 1.084ms total 46.485ms
08-05 02:21:47.337 26278 26300 I art     : Starting a blocking GC Explicit
08-05 02:21:47.387 26278 26300 I art     : Explicit concurrent mark sweep GC freed 27(704B) AllocSpace objects, 0(0B) LOS objects, 25% free, 47MB/63MB, paused 1.202ms total 49.434ms
08-05 02:21:47.689 26278 26291 I art     : Starting a blocking GC Explicit
08-05 02:21:47.752 26278 26291 I art     : Explicit concurrent mark sweep GC freed 1377(80KB) AllocSpace objects, 1(20KB) LOS objects, 25% free, 47MB/63MB, paused 1.193ms total 62.516ms
08-05 02:21:47.771 26278 26291 I art     : Starting a blocking GC Explicit
08-05 02:21:47.819 26278 26291 I art     : Explicit concurrent mark sweep GC freed 23(752B) AllocSpace objects, 0(0B) LOS objects, 25% free, 47MB/63MB, paused 1.167ms total 47.364ms
08-05 02:21:47.832 26278 26291 I art     : Starting a blocking GC Explicit
08-05 02:21:47.882 26278 26291 I art     : Explicit concurrent mark sweep GC freed 3(96B) AllocSpace objects, 0(0B) LOS objects, 25% free, 47MB/63MB, paused 1.105ms total 49.635ms
08-05 02:21:47.896 26278 26291 I art     : Starting a blocking GC Explicit
08-05 02:21:47.905   518   646 I ThermalEngine: ACTION: GPU - Setting GPU[0] to 450000000
08-05 02:21:47.954 26278 26291 I art     : Explicit concurrent mark sweep GC freed 3(96B) AllocSpace objects, 0(0B) LOS objects, 25% free, 47MB/63MB, paused 1.432ms total 57.955ms
08-05 02:21:47.971 26278 26291 I art     : Starting a blocking GC Explicit
08-05 02:21:48.032 26278 26291 I art     : Explicit concurrent mark sweep GC freed 3(96B) AllocSpace objects, 0(0B) LOS objects, 25% free, 47MB/63MB, paused 1.661ms total 60.699ms
08-05 02:21:48.032 26278 26288 I art     : WaitForGcToComplete blocked for 54.977ms for cause HeapTrim
08-05 02:21:48.355 26278 26291 I art     : Starting a blocking GC Explicit
08-05 02:21:48.417 26278 26291 I art     : Explicit concurrent mark sweep GC freed 1421(81KB) AllocSpace objects, 1(20KB) LOS objects, 25% free, 47MB/63MB, paused 1.424ms total 61.613ms
08-05 02:21:48.434 26278 26291 I art     : Starting a blocking GC Explicit
08-05 02:21:48.494 26278 26291 I art     : Explicit concurrent mark sweep GC freed 32(1040B) AllocSpace objects, 0(0B) LOS objects, 25% free, 47MB/63MB, paused 1.633ms total 59.328ms
08-05 02:21:48.512 26278 26291 I art     : Starting a blocking GC Explicit
08-05 02:21:48.573 26278 26291 I art     : Explicit concurrent mark sweep GC freed 3(96B) AllocSpace objects, 0(0B) LOS objects, 25% free, 47MB/63MB, paused 1.394ms total 61.632ms
08-05 02:21:48.591 26278 26291 I art     : Starting a blocking GC Explicit
08-05 02:21:48.653 26278 26291 I art     : Explicit concurrent mark sweep GC freed 3(96B) AllocSpace objects, 0(0B) LOS objects, 25% free, 47MB/63MB, paused 1.499ms total 62.349ms
08-05 02:21:48.671 26278 26291 I art     : Starting a blocking GC Explicit
08-05 02:21:48.734 26278 26291 I art     : Explicit concurrent mark sweep GC freed 3(96B) AllocSpace objects, 0(0B) LOS objects, 25% free, 47MB/63MB, paused 1.489ms total 62.736ms
08-05 02:21:49.096 26278 27471 I art     : Starting a blocking GC Explicit
08-05 02:21:49.177 26278 27471 I art     : Explicit concurrent mark sweep GC freed 1373(82KB) AllocSpace objects, 1(20KB) LOS objects, 25% free, 47MB/63MB, paused 1.598ms total 79.922ms
08-05 02:21:49.198 26278 27471 I art     : Starting a blocking GC Explicit
08-05 02:21:49.261 26278 27471 I art     : Explicit concurrent mark sweep GC freed 23(752B) AllocSpace objects, 0(0B) LOS objects, 25% free, 47MB/63MB, paused 1.557ms total 62.199ms
08-05 02:21:49.278 26278 27471 I art     : Starting a blocking GC Explicit
08-05 02:21:49.343 26278 27471 I art     : Explicit concurrent mark sweep GC freed 32(880B) AllocSpace objects, 0(0B) LOS objects, 25% free, 47MB/63MB, paused 1.511ms total 64.777ms
08-05 02:21:49.361 26278 27471 I art     : Starting a blocking GC Explicit
08-05 02:21:49.425 26278 27471 I art     : Explicit concurrent mark sweep GC freed 3(96B) AllocSpace objects, 0(0B) LOS objects, 25% free, 47MB/63MB, paused 1.523ms total 64.392ms
08-05 02:21:49.443 26278 27471 I art     : Starting a blocking GC Explicit
08-05 02:21:49.510 26278 27471 I art     : Explicit concurrent mark sweep GC freed 3(96B) AllocSpace objects, 0(0B) LOS objects, 25% free, 47MB/63MB, paused 1.606ms total 66.687ms
08-05 02:21:49.647 18832 18834 E QC-QMI  : qmi_client [18832] 53f: failed to locate client data
08-05 02:21:49.651   519   519 E QC-QMI  : qmuxd: RX on fd=18 returned error=0 errno[2:No such file or directory]
08-05 02:21:49.652   519   519 E QC-QMI  : QMUX qmux_client_id=53f not found in qmux client list, unable to remove
08-05 02:21:49.655 18832 18832 I Atfwd_Daemon: Stop the daemon....
08-05 02:21:49.689 28959 28959 W ATFWD-daemon: type=1400 audit(0.0:739256): avc: denied { read write } for name="diag" dev="tmpfs" ino=1296 scontext=u:r:atfwd:s0 tcontext=u:object_r:diag_device:s0 tclass=chr_file permissive=0
08-05 02:21:49.699 28959 28959 I libmdmdetect: ESOC framework not supported
08-05 02:21:49.699 28959 28959 I libmdmdetect: Found internal modem: modem
08-05 02:21:49.700 28959 28959 E Diag_Lib:  Diag_LSM_Init: Failed to open handle to diag driver, error = 13
08-05 02:21:49.706 28959 28959 I Atfwd_Daemon: result : 255 	 ,Init step :0 	 ,qmiErrorCode: 0
08-05 02:21:49.706 28959 28959 I Atfwd_Daemon: result : 0 	 ,Init step :1 	 ,qmiErrorCode: 0
08-05 02:21:49.707 28959 28959 I ServiceManager: Waiting for service AtCmdFwd...
08-05 02:21:49.865 26278 26300 I art     : Starting a blocking GC Explicit
08-05 02:21:49.929 26278 26300 I art     : Explicit concurrent mark sweep GC freed 1373(81KB) AllocSpace objects, 1(20KB) LOS objects, 25% free, 47MB/63MB, paused 1.413ms total 63.318ms
08-05 02:21:49.946 26278 26300 I art     : Starting a blocking GC Explicit
08-05 02:21:50.004 26278 26300 I art     : Explicit concurrent mark sweep GC freed 23(752B) AllocSpace objects, 0(0B) LOS objects, 25% free, 47MB/63MB, paused 1.511ms total 58.631ms
08-05 02:21:50.021 26278 26300 I art     : Starting a blocking GC Explicit
08-05 02:21:50.091 26278 26300 I art     : Explicit concurrent mark sweep GC freed 3(96B) AllocSpace objects, 0(0B) LOS objects, 25% free, 47MB/63MB, paused 1.560ms total 68.860ms
08-05 02:21:50.110 26278 26300 I art     : Starting a blocking GC Explicit
08-05 02:21:50.173 26278 26300 I art     : Explicit concurrent mark sweep GC freed 3(96B) AllocSpace objects, 0(0B) LOS objects, 25% free, 47MB/63MB, paused 1.466ms total 62.958ms
08-05 02:21:50.190 26278 26300 I art     : Starting a blocking GC Explicit
08-05 02:21:50.241 26278 26300 I art     : Explicit concurrent mark sweep GC freed 3(96B) AllocSpace objects, 0(0B) LOS objects, 25% free, 47MB/63MB, paused 1.321ms total 50.338ms
08-05 02:21:50.556 26278 27471 I art     : Starting a blocking GC Explicit
08-05 02:21:50.624 26278 27471 I art     : Explicit concurrent mark sweep GC freed 2104(107KB) AllocSpace objects, 1(20KB) LOS objects, 25% free, 47MB/63MB, paused 1.486ms total 68.533ms
08-05 02:21:50.641 26278 27471 I art     : Starting a blocking GC Explicit
08-05 02:21:50.707 26278 27471 I art     : Explicit concurrent mark sweep GC freed 31(1072B) AllocSpace objects, 0(0B) LOS objects, 25% free, 47MB/63MB, paused 1.611ms total 65.433ms
08-05 02:21:50.708 28959 28959 I ServiceManager: Waiting for service AtCmdFwd...
08-05 02:21:50.728 26278 27471 I art     : Starting a blocking GC Explicit
08-05 02:21:50.790 26278 27471 I art     : Explicit concurrent mark sweep GC freed 3(96B) AllocSpace objects, 0(0B) LOS objects, 25% free, 47MB/63MB, paused 1.367ms total 61.791ms
08-05 02:21:50.807 26278 27471 I art     : Starting a blocking GC Explicit
08-05 02:21:50.861 26278 27471 I art     : Explicit concurrent mark sweep GC freed 3(96B) AllocSpace objects, 0(0B) LOS objects, 25% free, 47MB/63MB, paused 1.453ms total 54.114ms
08-05 02:21:50.877 26278 27471 I art     : Starting a blocking GC Explicit
08-05 02:21:50.911   518   646 I ThermalEngine: ACTION: GPU - Setting GPU[0] to 510000000
08-05 02:21:50.934 26278 27471 I art     : Explicit concurrent mark sweep GC freed 3(96B) AllocSpace objects, 0(0B) LOS objects, 25% free, 47MB/63MB, paused 1.576ms total 56.848ms
08-05 02:21:51.224 28981 28981 D AndroidRuntime: >>>>>> START com.android.internal.os.RuntimeInit uid 2000 <<<<<<
08-05 02:21:51.229 28981 28981 D AndroidRuntime: CheckJNI is OFF
08-05 02:21:51.264 28981 28981 D ICU     : No timezone override file found: /data/misc/zoneinfo/current/icu/icu_tzdata.dat
08-05 02:21:51.282 26278 26300 I art     : Starting a blocking GC Explicit
08-05 02:21:51.298 28981 28981 I Radio-JNI: register_android_hardware_Radio DONE
08-05 02:21:51.315  2671  2740 E YouTube : Failed to fetch offline library browse
08-05 02:21:51.315  2671  2740 E YouTube : java.lang.Exception: bwj
08-05 02:21:51.315  2671  2740 E YouTube : 	at java.lang.reflect.Constructor.newInstance(Native Method)
08-05 02:21:51.315  2671  2740 E YouTube : 	at asdp.a(PG:30)
08-05 02:21:51.315  2671  2740 E YouTube : 	at asdp.a(PG:36)
08-05 02:21:51.315  2671  2740 E YouTube : 	at asdp.a(PG:45)
08-05 02:21:51.315  2671  2740 E YouTube : 	at asdp.a(PG:10)
08-05 02:21:51.315  2671  2740 E YouTube : 	at eqq.a(PG:7)
08-05 02:21:51.315  2671  2740 E YouTube : 	at abdc.a(PG:4)
08-05 02:21:51.315  2671  2740 E YouTube : 	at com.google.android.libraries.youtube.common.backgroundtask.workmanager.BackgroundTaskWorker.i(PG:7)
08-05 02:21:51.315  2671  2740 E YouTube : 	at bih.run(PG:1)
08-05 02:21:51.315  2671  2740 E YouTube : 	at java.util.concurrent.Executors$RunnableAdapter.call(Executors.java:423)
08-05 02:21:51.315  2671  2740 E YouTube : 	at java.util.concurrent.FutureTask.run(FutureTask.java:237)
08-05 02:21:51.315  2671  2740 E YouTube : 	at java.util.concurrent.ScheduledThreadPoolExecutor$ScheduledFutureTask.run(ScheduledThreadPoolExecutor.java:269)
08-05 02:21:51.315  2671  2740 E YouTube : 	at java.util.concurrent.ThreadPoolExecutor.runWorker(ThreadPoolExecutor.java:1113)
08-05 02:21:51.315  2671  2740 E YouTube : 	at java.util.concurrent.ThreadPoolExecutor$Worker.run(ThreadPoolExecutor.java:588)
08-05 02:21:51.315  2671  2740 E YouTube : 	at abgr.run(PG:12)
08-05 02:21:51.315  2671  2740 E YouTube : 	at java.lang.Thread.run(Thread.java:818)
08-05 02:21:51.315  2671  2740 E YouTube : Caused by: bwj
08-05 02:21:51.315  2671  2740 E YouTube : 	at abpp.run(Unknown Source)
08-05 02:21:51.315  2671  2740 E YouTube : 	... 4 more
08-05 02:21:51.315  2671  2740 E YouTube : Caused by: bljc: Exception in CronetUrlRequest: net::ERR_CONNECTION_CLOSED, ErrorCode=5, InternalErrorCode=-100, Retryable=true
08-05 02:21:51.315  2671  2740 E YouTube : 	at org.chromium.net.impl.CronetUrlRequest.onError(PG:55)
08-05 02:21:51.318  2671  2718 E YouTube : Failed to fetch offline library browse
08-05 02:21:51.318  2671  2718 E YouTube : java.lang.Exception: bwj
08-05 02:21:51.318  2671  2718 E YouTube : 	at java.lang.reflect.Constructor.newInstance(Native Method)
08-05 02:21:51.318  2671  2718 E YouTube : 	at asdp.a(PG:30)
08-05 02:21:51.318  2671  2718 E YouTube : 	at asdp.a(PG:36)
08-05 02:21:51.318  2671  2718 E YouTube : 	at asdp.a(PG:45)
08-05 02:21:51.318  2671  2718 E YouTube : 	at asdp.a(PG:10)
08-05 02:21:51.318  2671  2718 E YouTube : 	at eqq.a(PG:7)
08-05 02:21:51.318  2671  2718 E YouTube : 	at abdc.a(PG:4)
08-05 02:21:51.318  2671  2718 E YouTube : 	at com.google.android.libraries.youtube.common.backgroundtask.workmanager.BackgroundTaskWorker.i(PG:7)
08-05 02:21:51.318  2671  2718 E YouTube : 	at bih.run(PG:1)
08-05 02:21:51.318  2671  2718 E YouTube : 	at java.util.concurrent.Executors$RunnableAdapter.call(Executors.java:423)
08-05 02:21:51.318  2671  2718 E YouTube : 	at java.util.concurrent.FutureTask.run(FutureTask.java:237)
08-05 02:21:51.318  2671  2718 E YouTube : 	at java.util.concurrent.ScheduledThreadPoolExecutor$ScheduledFutureTask.run(ScheduledThreadPoolExecutor.java:269)
08-05 02:21:51.318  2671  2718 E YouTube : 	at java.util.concurrent.ThreadPoolExecutor.runWorker(ThreadPoolExecutor.java:1113)
08-05 02:21:51.318  2671  2718 E YouTube : 	at java.util.concurrent.ThreadPoolExecutor$Worker.run(ThreadPoolExecutor.java:588)
08-05 02:21:51.318  2671  2718 E YouTube : 	at abgr.run(PG:12)
08-05 02:21:51.318  2671  2718 E YouTube : 	at java.lang.Thread.run(Thread.java:818)
08-05 02:21:51.318  2671  2718 E YouTube : Caused by: bwj
08-05 02:21:51.318  2671  2718 E YouTube : 	at abpp.run(Unknown Source)
08-05 02:21:51.318  2671  2718 E YouTube : 	... 4 more
08-05 02:21:51.318  2671  2718 E YouTube : Caused by: bljc: Exception in CronetUrlRequest: net::ERR_CONNECTION_CLOSED, ErrorCode=5, InternalErrorCode=-100, Retryable=true
08-05 02:21:51.318  2671  2718 E YouTube : 	at org.chromium.net.impl.CronetUrlRequest.onError(PG:55)
08-05 02:21:51.321 28981 28981 D AndroidRuntime: Calling main entry com.android.commands.input.Input
08-05 02:21:51.323 28981 28981 I Input   : injectKeyEvent: KeyEvent { action=ACTION_DOWN, keyCode=KEYCODE_BACK, scanCode=0, metaState=0, flags=0x0, repeatCount=0, eventTime=757327736, downTime=757327736, deviceId=-1, source=0x101 }
08-05 02:21:51.329 26278 26300 I art     : Explicit concurrent mark sweep GC freed 2261(112KB) AllocSpace objects, 1(20KB) LOS objects, 25% free, 47MB/63MB, paused 1.027ms total 46.385ms
08-05 02:21:51.330   918   928 I ActivityManager: Killing 9725:com.android.keychain/1000 (adj 15): empty #17
08-05 02:21:51.337 28981 28981 I Input   : injectKeyEvent: KeyEvent { action=ACTION_UP, keyCode=KEYCODE_BACK, scanCode=0, metaState=0, flags=0x0, repeatCount=0, eventTime=757327736, downTime=757327736, deviceId=-1, source=0x101 }
08-05 02:21:51.341 26278 26300 I art     : Starting a blocking GC Explicit
08-05 02:21:51.383 26278 26300 I art     : Explicit concurrent mark sweep GC freed 59(2080B) AllocSpace objects, 0(0B) LOS objects, 25% free, 47MB/63MB, paused 1.133ms total 41.561ms
08-05 02:21:51.395 26278 26300 I art     : Starting a blocking GC Explicit
08-05 02:21:51.398 28981 28981 D AndroidRuntime: Shutting down VM
08-05 02:21:51.403 26278 26278 V PlaybackController: initServiceNotRunning()
08-05 02:21:51.403 26278 26278 D ExternalPlayerFragment: Loading media info
08-05 02:21:51.406 26278 26278 D ItemlistFragment: onEventMainThread() called with: event = [DownloadEvent{update=DownloaderUpdate{downloaders=[], feedIds=[], mediaIds=[]}}]
08-05 02:21:51.406 26278 27223 D ApOkHttpUrlLoader: buildLoadData() called with: model = [http://static.libsyn.com/p/assets/7/1/f/3/71f3014e14ef2722/JREiTunesImage2.jpg], width = [1440], height = [462]
08-05 02:21:51.409 26278 26278 D UserPreferences: Using default data folder
08-05 02:21:51.409 26278 26304 D DBReader: getNavDrawerData() called with: 
08-05 02:21:51.410 26278 26298 D DBReader: getFeed() called with: feedId = [2]
08-05 02:21:51.411 26278 26298 D DBReader: getFeedItemList() called with: feed = [baseline.de.danoeh.antennapod.core.feed.Feed@2]
08-05 02:21:51.419 26278 26278 D FeedMenuHandler: Preparing options menu
08-05 02:21:51.435 26278 26304 D DBReader: getDownloadedItems() called
08-05 02:21:51.436 26278 26304 D DBReader: getFavoriteIDList() called
08-05 02:21:51.438 26278 26304 D DBReader: getQueueIDList() called
08-05 02:21:51.439 26278 26304 D DBReader: Extracting Feedlist
08-05 02:21:51.439 26278 26300 I art     : Explicit concurrent mark sweep GC freed 1127(69KB) AllocSpace objects, 0(0B) LOS objects, 24% free, 50MB/66MB, paused 1.486ms total 43.678ms
08-05 02:21:51.451 26278 26300 I art     : Starting a blocking GC Explicit
08-05 02:21:51.457 13866 13866 I GoogleInputMethodServic: GoogleInputMethodService.onFinishInput():3138 
08-05 02:21:51.457 13866 13866 I GoogleInputMethodServic: GoogleInputMethodService.onStartInput():1808 
08-05 02:21:51.476 26278 26278 D MainActivity: getLastNavFragment() -> 2
08-05 02:21:51.499 26278 26300 I art     : Explicit concurrent mark sweep GC freed 3000(102KB) AllocSpace objects, 0(0B) LOS objects, 23% free, 51MB/67MB, paused 2.173ms total 47.473ms
08-05 02:21:51.502 26278 26298 W PodDBAdapter: Length of id array is larger than 800. Creating multiple cursors
08-05 02:21:51.513 26278 26300 I art     : Starting a blocking GC Explicit
08-05 02:21:51.560 26278 26300 I art     : Explicit concurrent mark sweep GC freed 2762(251KB) AllocSpace objects, 1(16KB) LOS objects, 23% free, 51MB/67MB, paused 1.384ms total 46.994ms
08-05 02:21:51.568 26278 26298 D DBReader: getFavoriteIDList() called
08-05 02:21:51.569 26278 26298 D DBReader: getQueueIDList() called
08-05 02:21:51.570 26278 26298 D DBReader: Extracting Feedlist
08-05 02:21:51.573 26278 27223 D ApOkHttpUrlLoader: buildLoadData() called with: model = [http://static.libsyn.com/p/assets/7/1/f/3/71f3014e14ef2722/JREiTunesImage2.jpg], width = [1440], height = [462]
08-05 02:21:51.593 26278 26278 D FeedMenuHandler: Preparing options menu
08-05 02:21:51.709 28959 28959 I ServiceManager: Waiting for service AtCmdFwd...
08-05 02:21:51.770   380   380 W SurfaceFlinger: couldn't log to binary event log: overflow.
08-05 02:21:51.841 26278 27471 I art     : Starting a blocking GC Explicit
08-05 02:21:51.889 26278 27471 I art     : Explicit concurrent mark sweep GC freed 36868(2MB) AllocSpace objects, 2(36KB) LOS objects, 23% free, 52MB/68MB, paused 1.092ms total 46.844ms
08-05 02:21:51.902 26278 27471 I art     : Starting a blocking GC Explicit
08-05 02:21:51.940 26278 27471 I art     : Explicit concurrent mark sweep GC freed 30439(2MB) AllocSpace objects, 3(84KB) LOS objects, 24% free, 50MB/66MB, paused 1.156ms total 37.701ms
08-05 02:21:51.951 26278 27471 I art     : Starting a blocking GC Explicit
08-05 02:21:51.988 26278 27471 I art     : Explicit concurrent mark sweep GC freed 3(96B) AllocSpace objects, 0(0B) LOS objects, 24% free, 50MB/66MB, paused 1.192ms total 37.185ms
08-05 02:21:51.999 26278 27471 I art     : Starting a blocking GC Explicit
08-05 02:21:52.038 26278 27471 I art     : Explicit concurrent mark sweep GC freed 3(96B) AllocSpace objects, 0(0B) LOS objects, 24% free, 50MB/66MB, paused 1.169ms total 39.048ms
08-05 02:21:52.050 26278 27471 I art     : Starting a blocking GC Explicit
08-05 02:21:52.089 26278 27471 I art     : Explicit concurrent mark sweep GC freed 3(96B) AllocSpace objects, 0(0B) LOS objects, 24% free, 50MB/66MB, paused 1.121ms total 39.015ms
08-05 02:21:52.391 26278 26300 I art     : Starting a blocking GC Explicit
08-05 02:21:52.444 26278 26300 I art     : Explicit concurrent mark sweep GC freed 1403(82KB) AllocSpace objects, 1(20KB) LOS objects, 24% free, 50MB/66MB, paused 1.194ms total 52.466ms
08-05 02:21:52.459 26278 26300 I art     : Starting a blocking GC Explicit
08-05 02:21:52.499 26278 26300 I art     : Explicit concurrent mark sweep GC freed 23(752B) AllocSpace objects, 0(0B) LOS objects, 24% free, 50MB/66MB, paused 1.144ms total 40.149ms
08-05 02:21:52.511 26278 26300 I art     : Starting a blocking GC Explicit
08-05 02:21:52.551 26278 26300 I art     : Explicit concurrent mark sweep GC freed 3(96B) AllocSpace objects, 0(0B) LOS objects, 24% free, 50MB/66MB, paused 1.122ms total 40.046ms
08-05 02:21:52.563 26278 26300 I art     : Starting a blocking GC Explicit
08-05 02:21:52.603 26278 26300 I art     : Explicit concurrent mark sweep GC freed 3(96B) AllocSpace objects, 0(0B) LOS objects, 24% free, 50MB/66MB, paused 1.122ms total 39.758ms
08-05 02:21:52.615 26278 26300 I art     : Starting a blocking GC Explicit
08-05 02:21:52.652 26278 26300 I art     : Explicit concurrent mark sweep GC freed 3(96B) AllocSpace objects, 0(0B) LOS objects, 24% free, 50MB/66MB, paused 1.128ms total 37.266ms
08-05 02:21:52.709 28959 28959 I ServiceManager: Waiting for service AtCmdFwd...
08-05 02:21:52.944 26278 26291 I art     : Starting a blocking GC Explicit
08-05 02:21:52.983 26278 26291 I art     : Explicit concurrent mark sweep GC freed 1373(82KB) AllocSpace objects, 1(20KB) LOS objects, 24% free, 50MB/66MB, paused 1.141ms total 39.152ms
08-05 02:21:52.995 26278 26291 I art     : Starting a blocking GC Explicit
08-05 02:21:53.032 26278 26291 I art     : Explicit concurrent mark sweep GC freed 23(752B) AllocSpace objects, 0(0B) LOS objects, 24% free, 50MB/66MB, paused 1.228ms total 36.490ms
08-05 02:21:53.040 29025 29025 D AndroidRuntime: >>>>>> START com.android.internal.os.RuntimeInit uid 2000 <<<<<<
08-05 02:21:53.043 26278 26291 I art     : Starting a blocking GC Explicit
08-05 02:21:53.044 29025 29025 D AndroidRuntime: CheckJNI is OFF
08-05 02:21:53.082 29025 29025 D ICU     : No timezone override file found: /data/misc/zoneinfo/current/icu/icu_tzdata.dat
08-05 02:21:53.084 26278 26291 I art     : Explicit concurrent mark sweep GC freed 8(256B) AllocSpace objects, 0(0B) LOS objects, 24% free, 50MB/66MB, paused 1.231ms total 40.303ms
08-05 02:21:53.095 26278 26291 I art     : Starting a blocking GC Explicit
08-05 02:21:53.115 29025 29025 I Radio-JNI: register_android_hardware_Radio DONE
08-05 02:21:53.129 26278 26291 I art     : Explicit concurrent mark sweep GC freed 9(288B) AllocSpace objects, 0(0B) LOS objects, 24% free, 50MB/66MB, paused 1.026ms total 33.983ms
08-05 02:21:53.138 29025 29025 D AndroidRuntime: Calling main entry com.android.commands.input.Input
08-05 02:21:53.139 26278 26291 I art     : Starting a blocking GC Explicit
08-05 02:21:53.140 29025 29025 I Input   : injectMotionEvent: MotionEvent { action=ACTION_DOWN, actionButton=0, id[0]=0, x[0]=733.0, y[0]=896.0, toolType[0]=TOOL_TYPE_UNKNOWN, buttonState=0, metaState=0, flags=0x0, edgeFlags=0x0, pointerCount=1, historySize=0, eventTime=757329552, downTime=757329552, deviceId=0, source=0x1002 }
08-05 02:21:53.146 29025 29025 I Input   : injectMotionEvent: MotionEvent { action=ACTION_UP, actionButton=0, id[0]=0, x[0]=733.0, y[0]=896.0, toolType[0]=TOOL_TYPE_UNKNOWN, buttonState=0, metaState=0, flags=0x0, edgeFlags=0x0, pointerCount=1, historySize=0, eventTime=757329552, downTime=757329552, deviceId=0, source=0x1002 }
08-05 02:21:53.147 29025 29025 D AndroidRuntime: Shutting down VM
08-05 02:21:53.173 26278 26291 I art     : Explicit concurrent mark sweep GC freed 29(928B) AllocSpace objects, 0(0B) LOS objects, 24% free, 50MB/66MB, paused 1.193ms total 33.854ms
08-05 02:21:53.224   512  2967 D audio_hw_primary: out_set_parameters: enter: usecase(1: low-latency-playback) kvpairs: routing=2
08-05 02:21:53.236   512  2967 D audio_hw_primary: select_devices: out_snd_device(2: speaker) in_snd_device(0: none)
08-05 02:21:53.237   512  2967 D msm8974_platform: platform_send_audio_calibration: sending audio calibration for snd_device(2) acdb_id(15)
08-05 02:21:53.237   512  2967 I soundtrigger: audio_extn_sound_trigger_update_device_status: device 0x2 of type 0 for Event 1
08-05 02:21:53.248   512  2967 D audio_hw_primary: enable_snd_device: snd_device(2: speaker)
08-05 02:21:53.250   512  2967 D audio_hw_primary: enable_audio_route: apply and update mixer path: low-latency-playback speaker
08-05 02:21:53.255 26278 26278 I WebViewFactory: Loading com.google.android.webview version 84.0.4147.89 (code 414708953)
08-05 02:21:53.324 26278 26278 I cr_LibraryLoader: Loaded native library version number "84.0.4147.89"
08-05 02:21:53.325 26278 26278 I cr_CachingUmaRecorder: Flushed 5 samples from 5 histograms.
08-05 02:21:53.355 26278 26278 E chromium: [ERROR:filesystem_posix.cc(62)] mkdir /data/user/0/baseline.de.danoeh.antennapod.debug/cache/WebView/Crashpad: No such file or directory (2)
08-05 02:21:53.454   918  3359 D ConnectivityService: listenForNetwork for Listen from uid/pid:10691/26278 for NetworkRequest [ id=3113, legacyType=-1, [ Capabilities: INTERNET&NOT_RESTRICTED&TRUSTED] ]
08-05 02:21:53.473 26278 26300 I art     : Starting a blocking GC Explicit
08-05 02:21:53.500 26278 26802 D DBReader: getFeedItem() called with: itemId = [2]
08-05 02:21:53.500 26278 26802 D DBReader: Loading feeditem with id 2
08-05 02:21:53.501 26278 26278 D ItemFragment: onEventMainThread() called with: event = [DownloadEvent{update=DownloaderUpdate{downloaders=[], feedIds=[], mediaIds=[]}}]
08-05 02:21:53.503 26278 26802 D DBReader: getFavoriteIDList() called
08-05 02:21:53.503 26278 26802 D DBReader: getQueueIDList() called
08-05 02:21:53.504 26278 26802 D DBReader: Extracting Feedlist
08-05 02:21:53.506 13866 13866 I GoogleInputMethodServic: GoogleInputMethodService.onFinishInput():3138 
08-05 02:21:53.507 13866 13866 I GoogleInputMethodServic: GoogleInputMethodService.onStartInput():1808 
08-05 02:21:53.511 26278 26802 D DBReader: loadExtraInformationOfFeedItem() called with: item = [FeedItem[autoDownload=1,chapters=<null>,contentEncoded=<null>,description=<null>,feed=baseline.de.danoeh.antennapod.core.feed.Feed@fbcfb57,feedId=2,flattrStatus=baseline.de.danoeh.antennapod.core.util.flattr.FlattrStatus@455b644,hasChapters=false,imageUrl=http://static.libsyn.com/p/assets/2/7/8/6/278615fe73b1f0ca/JRE1514.jpg,itemIdentifier=a0870b6b-c887-4883-930c-a06d5e1a8f7e,link=http://traffic.libsyn.com/joeroganexp/p1514.mp3,media=baseline.de.danoeh.antennapod.core.feed.FeedMedia@29f832d,paymentLink=<null>,pubDate=Fri Jul 24 21:00:00 GMT+02:00 2020,state=-1,tags=[],title=#1514 - Joe De Sena,id=2]]
08-05 02:21:53.514 26278 26278 E libEGL  : validate_display:255 error 3008 (EGL_BAD_DISPLAY)
08-05 02:21:53.519 26278 26300 I art     : Explicit concurrent mark sweep GC freed 11210(947KB) AllocSpace objects, 4(128KB) LOS objects, 23% free, 51MB/67MB, paused 3.034ms total 45.732ms
08-05 02:21:53.532 26278 26300 I art     : Starting a blocking GC Explicit
08-05 02:21:53.571   918   935 D BluetoothManagerService: Added callback: android.bluetooth.IBluetoothManagerCallback$Stub$Proxy@4ecb858:true
08-05 02:21:53.577 26278 26300 I art     : Explicit concurrent mark sweep GC freed 1756(108KB) AllocSpace objects, 0(0B) LOS objects, 23% free, 51MB/67MB, paused 1.717ms total 44.639ms
08-05 02:21:53.578 26278 27223 D ApOkHttpUrlLoader: buildLoadData() called with: model = [http://static.libsyn.com/p/assets/2/7/8/6/278615fe73b1f0ca/JRE1514.jpg], width = [175], height = [175]
08-05 02:21:53.582 26278 27031 D DBReader: getImageAuthentication() called with: imageUrl = [http://static.libsyn.com/p/assets/2/7/8/6/278615fe73b1f0ca/JRE1514.jpg]
08-05 02:21:53.586 26278 27031 D ApOkHttpUrlLoader: no credentials for 'http://static.libsyn.com/p/assets/2/7/8/6/278615fe73b1f0ca/JRE1514.jpg'
08-05 02:21:53.600 26278 26300 I art     : Starting a blocking GC Explicit
08-05 02:21:53.640 26278 26300 I art     : Explicit concurrent mark sweep GC freed 1946(127KB) AllocSpace objects, 4(112KB) LOS objects, 23% free, 51MB/67MB, paused 1.443ms total 39.707ms
08-05 02:21:53.653 26278 26300 I art     : Starting a blocking GC Explicit
08-05 02:21:53.690 26278 26300 I art     : Explicit concurrent mark sweep GC freed 280(22KB) AllocSpace objects, 0(0B) LOS objects, 23% free, 51MB/67MB, paused 1.226ms total 36.473ms
08-05 02:21:53.701 26278 26300 I art     : Starting a blocking GC Explicit
08-05 02:21:53.707 26278 27031 D MYTAG   : interceptor 2a
08-05 02:21:53.707 26278 27031 I NAPPA_EXPERIMENTATION: MetricNetworkRequestExecutionTime: REQUEST_DURATION_SYSTEM='121',REQUEST_DURATION_OKHTTP='120',REQUEST_SYNCHRONOUS='TRUE',RESPONSE_CODE='200',RESPONSE_METHOD='GET',RESPONSE_LENGTH_OKHTTP='364960',RESPONSE_LENGTH_HEADER='364960',REQUEST_PROTOCOL='http/1.1',REQUEST_URL='http://static.libsyn.com/p/assets/2/7/8/6/278615fe73b1f0ca/JRE1514.jpg',
08-05 02:21:53.709 28959 28959 I ServiceManager: Waiting for service AtCmdFwd...
08-05 02:21:53.738 26278 26300 I art     : Explicit concurrent mark sweep GC freed 200(25KB) AllocSpace objects, 0(0B) LOS objects, 23% free, 51MB/67MB, paused 1.363ms total 36.761ms
08-05 02:21:53.798   512  2967 D audio_hw_primary: disable_audio_route: reset and update mixer path: low-latency-playback speaker
08-05 02:21:53.799   512  2967 D audio_hw_primary: disable_snd_device: snd_device(2: speaker)
08-05 02:21:53.807   512  2967 I soundtrigger: audio_extn_sound_trigger_update_device_status: device 0x2 of type 0 for Event 0
08-05 02:21:54.068 26278 27471 I art     : Starting a blocking GC Explicit
08-05 02:21:54.111 26278 27471 I art     : Explicit concurrent mark sweep GC freed 1660(104KB) AllocSpace objects, 1(20KB) LOS objects, 23% free, 51MB/67MB, paused 1.073ms total 43.597ms
08-05 02:21:54.125 26278 27471 I art     : Starting a blocking GC Explicit
08-05 02:21:54.169 26278 27471 I art     : Explicit concurrent mark sweep GC freed 48(1504B) AllocSpace objects, 0(0B) LOS objects, 23% free, 51MB/67MB, paused 1.290ms total 44.071ms
08-05 02:21:54.181 26278 27471 I art     : Starting a blocking GC Explicit
08-05 02:21:54.225 26278 27471 I art     : Explicit concurrent mark sweep GC freed 10(320B) AllocSpace objects, 0(0B) LOS objects, 23% free, 51MB/67MB, paused 1.184ms total 43.226ms
08-05 02:21:54.237 26278 27471 I art     : Starting a blocking GC Explicit
08-05 02:21:54.278 26278 27471 I art     : Explicit concurrent mark sweep GC freed 10(320B) AllocSpace objects, 0(0B) LOS objects, 23% free, 51MB/67MB, paused 1.087ms total 41.042ms
08-05 02:21:54.291 26278 27471 I art     : Starting a blocking GC Explicit
08-05 02:21:54.332 26278 27471 I art     : Explicit concurrent mark sweep GC freed 10(320B) AllocSpace objects, 0(0B) LOS objects, 23% free, 51MB/67MB, paused 1.214ms total 40.711ms
08-05 02:21:54.664 26278 27471 I art     : Starting a blocking GC Explicit
08-05 02:21:54.709 26278 27471 I art     : Explicit concurrent mark sweep GC freed 1457(83KB) AllocSpace objects, 1(20KB) LOS objects, 23% free, 51MB/67MB, paused 1.239ms total 44.520ms
08-05 02:21:54.710 28959 28959 W Atfwd_Sendcmd: AtCmdFwd service not published, waiting... retryCnt : 1
08-05 02:21:54.723 26278 27471 I art     : Starting a blocking GC Explicit
08-05 02:21:54.764 26278 27471 I art     : Explicit concurrent mark sweep GC freed 31(1008B) AllocSpace objects, 0(0B) LOS objects, 23% free, 51MB/67MB, paused 1.112ms total 41.152ms
08-05 02:21:54.777 26278 27471 I art     : Starting a blocking GC Explicit
08-05 02:21:54.818 26278 27471 I art     : Explicit concurrent mark sweep GC freed 8(256B) AllocSpace objects, 0(0B) LOS objects, 23% free, 51MB/67MB, paused 1.350ms total 40.655ms
08-05 02:21:54.829 26278 27471 I art     : Starting a blocking GC Explicit
08-05 02:21:54.871 26278 27471 I art     : Explicit concurrent mark sweep GC freed 9(288B) AllocSpace objects, 0(0B) LOS objects, 23% free, 51MB/67MB, paused 1.191ms total 41.363ms
08-05 02:21:54.883 26278 27471 I art     : Starting a blocking GC Explicit
08-05 02:21:54.919   518   646 I ThermalEngine: ACTION: GPU - Setting GPU[0] to 450000000
08-05 02:21:54.926 26278 27471 I art     : Explicit concurrent mark sweep GC freed 9(288B) AllocSpace objects, 0(0B) LOS objects, 23% free, 51MB/67MB, paused 1.671ms total 43.485ms
08-05 02:21:55.306 26278 26291 I art     : Starting a blocking GC Explicit
08-05 02:21:55.363 26278 26291 I art     : Explicit concurrent mark sweep GC freed 1490(84KB) AllocSpace objects, 1(20KB) LOS objects, 23% free, 51MB/67MB, paused 3.892ms total 57.176ms
08-05 02:21:55.380 26278 26291 I art     : Starting a blocking GC Explicit
08-05 02:21:55.432 26278 26291 I art     : Explicit concurrent mark sweep GC freed 30(976B) AllocSpace objects, 0(0B) LOS objects, 23% free, 51MB/67MB, paused 1.585ms total 51.966ms
08-05 02:21:55.447 26278 26291 I art     : Starting a blocking GC Explicit
08-05 02:21:55.503 26278 26291 I art     : Explicit concurrent mark sweep GC freed 3(96B) AllocSpace objects, 0(0B) LOS objects, 23% free, 51MB/67MB, paused 1.683ms total 55.979ms
08-05 02:21:55.519 26278 26291 I art     : Starting a blocking GC Explicit
08-05 02:21:55.581 26278 26291 I art     : Explicit concurrent mark sweep GC freed 3(96B) AllocSpace objects, 0(0B) LOS objects, 23% free, 51MB/67MB, paused 1.780ms total 61.844ms
08-05 02:21:55.600 26278 26291 I art     : Starting a blocking GC Explicit
08-05 02:21:55.656 26278 26291 I art     : Explicit concurrent mark sweep GC freed 3(96B) AllocSpace objects, 0(0B) LOS objects, 23% free, 51MB/67MB, paused 1.639ms total 55.596ms
08-05 02:21:56.035 26278 26290 I art     : Starting a blocking GC Explicit
08-05 02:21:56.108 26278 26290 I art     : Explicit concurrent mark sweep GC freed 1382(82KB) AllocSpace objects, 1(20KB) LOS objects, 23% free, 51MB/67MB, paused 1.754ms total 72.538ms
08-05 02:21:56.128 26278 26290 I art     : Starting a blocking GC Explicit
08-05 02:21:56.188 26278 26290 I art     : Explicit concurrent mark sweep GC freed 23(752B) AllocSpace objects, 0(0B) LOS objects, 23% free, 51MB/67MB, paused 1.879ms total 60.221ms
08-05 02:21:56.207 26278 26290 I art     : Starting a blocking GC Explicit
08-05 02:21:56.263 26278 26290 I art     : Explicit concurrent mark sweep GC freed 3(96B) AllocSpace objects, 0(0B) LOS objects, 23% free, 51MB/67MB, paused 1.675ms total 55.977ms
08-05 02:21:56.279 26278 26290 I art     : Starting a blocking GC Explicit
08-05 02:21:56.338 26278 26290 I art     : Explicit concurrent mark sweep GC freed 3(96B) AllocSpace objects, 0(0B) LOS objects, 23% free, 51MB/67MB, paused 1.764ms total 58.880ms
08-05 02:21:56.354 26278 26290 I art     : Starting a blocking GC Explicit
08-05 02:21:56.413 26278 26290 I art     : Explicit concurrent mark sweep GC freed 32(880B) AllocSpace objects, 0(0B) LOS objects, 23% free, 51MB/67MB, paused 1.583ms total 58.859ms
08-05 02:21:56.821 26278 27471 I art     : Starting a blocking GC Explicit
08-05 02:21:56.891 26278 27471 I art     : Explicit concurrent mark sweep GC freed 1382(81KB) AllocSpace objects, 1(20KB) LOS objects, 23% free, 51MB/67MB, paused 1.816ms total 69.010ms
08-05 02:21:56.909 26278 27471 I art     : Starting a blocking GC Explicit
08-05 02:21:56.967 26278 27471 I art     : Explicit concurrent mark sweep GC freed 23(752B) AllocSpace objects, 0(0B) LOS objects, 23% free, 51MB/67MB, paused 1.680ms total 57.118ms
08-05 02:21:56.983 26278 27471 I art     : Starting a blocking GC Explicit
08-05 02:21:57.040 26278 27471 I art     : Explicit concurrent mark sweep GC freed 3(96B) AllocSpace objects, 0(0B) LOS objects, 23% free, 51MB/67MB, paused 1.681ms total 57.358ms
08-05 02:21:57.056 26278 27471 I art     : Starting a blocking GC Explicit
08-05 02:21:57.112 26278 27471 I art     : Explicit concurrent mark sweep GC freed 3(96B) AllocSpace objects, 0(0B) LOS objects, 23% free, 51MB/67MB, paused 1.693ms total 56.046ms
08-05 02:21:57.128 26278 27471 I art     : Starting a blocking GC Explicit
08-05 02:21:57.187 26278 27471 I art     : Explicit concurrent mark sweep GC freed 3(96B) AllocSpace objects, 0(0B) LOS objects, 23% free, 51MB/67MB, paused 1.853ms total 58.455ms
08-05 02:21:57.556 26278 26300 I art     : Starting a blocking GC Explicit
08-05 02:21:57.618 26278 26300 I art     : Explicit concurrent mark sweep GC freed 1411(83KB) AllocSpace objects, 1(20KB) LOS objects, 23% free, 51MB/67MB, paused 1.681ms total 60.815ms
08-05 02:21:57.633 26278 26300 I art     : Starting a blocking GC Explicit
08-05 02:21:57.687 26278 26300 I art     : Explicit concurrent mark sweep GC freed 23(752B) AllocSpace objects, 0(0B) LOS objects, 23% free, 51MB/67MB, paused 1.711ms total 53.768ms
08-05 02:21:57.702 26278 26300 I art     : Starting a blocking GC Explicit
08-05 02:21:57.755 26278 26300 I art     : Explicit concurrent mark sweep GC freed 3(96B) AllocSpace objects, 0(0B) LOS objects, 23% free, 51MB/67MB, paused 1.813ms total 52.586ms
08-05 02:21:57.771 26278 26300 I art     : Starting a blocking GC Explicit
08-05 02:21:57.826 26278 26300 I art     : Explicit concurrent mark sweep GC freed 3(96B) AllocSpace objects, 0(0B) LOS objects, 23% free, 51MB/67MB, paused 1.674ms total 54.728ms
08-05 02:21:57.841 26278 26300 I art     : Starting a blocking GC Explicit
08-05 02:21:57.896 26278 26300 I art     : Explicit concurrent mark sweep GC freed 3(96B) AllocSpace objects, 0(0B) LOS objects, 23% free, 51MB/67MB, paused 1.678ms total 54.724ms
08-05 02:21:57.953 29147 29147 D AndroidRuntime: >>>>>> START com.android.internal.os.RuntimeInit uid 2000 <<<<<<
08-05 02:21:57.960 29147 29147 D AndroidRuntime: CheckJNI is OFF
08-05 02:21:58.005 29147 29147 D ICU     : No timezone override file found: /data/misc/zoneinfo/current/icu/icu_tzdata.dat
08-05 02:21:58.054 29147 29147 I Radio-JNI: register_android_hardware_Radio DONE
08-05 02:21:58.083 29147 29147 D AndroidRuntime: Calling main entry com.android.commands.input.Input
08-05 02:21:58.085 29147 29147 I Input   : injectKeyEvent: KeyEvent { action=ACTION_DOWN, keyCode=KEYCODE_BACK, scanCode=0, metaState=0, flags=0x0, repeatCount=0, eventTime=757334498, downTime=757334498, deviceId=-1, source=0x101 }
08-05 02:21:58.092 29147 29147 I Input   : injectKeyEvent: KeyEvent { action=ACTION_UP, keyCode=KEYCODE_BACK, scanCode=0, metaState=0, flags=0x0, repeatCount=0, eventTime=757334498, downTime=757334498, deviceId=-1, source=0x101 }
08-05 02:21:58.114 26278 26278 D ItemlistFragment: onEventMainThread() called with: event = [DownloadEvent{update=DownloaderUpdate{downloaders=[], feedIds=[], mediaIds=[]}}]
08-05 02:21:58.115 26278 26304 D DBReader: getFeed() called with: feedId = [2]
08-05 02:21:58.116 29147 29147 D AndroidRuntime: Shutting down VM
08-05 02:21:58.116 26278 26304 D DBReader: getFeedItemList() called with: feed = [baseline.de.danoeh.antennapod.core.feed.Feed@2]
08-05 02:21:58.117   918  3263 D ConnectivityService: releasing NetworkRequest NetworkRequest [ id=3113, legacyType=-1, [ Capabilities: INTERNET&NOT_RESTRICTED&TRUSTED] ]
08-05 02:21:58.154 26278 26278 D FeedMenuHandler: Preparing options menu
08-05 02:21:58.222 26278 27223 D ApOkHttpUrlLoader: buildLoadData() called with: model = [http://static.libsyn.com/p/assets/7/1/f/3/71f3014e14ef2722/JREiTunesImage2.jpg], width = [1440], height = [462]
08-05 02:21:58.237 26278 26304 W PodDBAdapter: Length of id array is larger than 800. Creating multiple cursors
08-05 02:21:58.246 13866 13866 I GoogleInputMethodServic: GoogleInputMethodService.onFinishInput():3138 
08-05 02:21:58.247 13866 13866 I GoogleInputMethodServic: GoogleInputMethodService.onStartInput():1808 
08-05 02:21:58.263 26278 27471 I art     : Starting a blocking GC Explicit
08-05 02:21:58.285   918  3261 D WifiStateMachine: starting scan for "H369AA63323"WPA_PSK with 2412,5180
08-05 02:21:58.321 26278 27471 I art     : Explicit concurrent mark sweep GC freed 8514(530KB) AllocSpace objects, 3(64KB) LOS objects, 21% free, 56MB/72MB, paused 1.912ms total 57.741ms
08-05 02:21:58.327 26278 26304 D DBReader: getFavoriteIDList() called
08-05 02:21:58.328 26278 26304 D DBReader: getQueueIDList() called
08-05 02:21:58.329 26278 26304 D DBReader: Extracting Feedlist
08-05 02:21:58.332 26278 27223 D ApOkHttpUrlLoader: buildLoadData() called with: model = [http://static.libsyn.com/p/assets/7/1/f/3/71f3014e14ef2722/JREiTunesImage2.jpg], width = [1440], height = [462]
08-05 02:21:58.337 26278 27471 I art     : Starting a blocking GC Explicit
08-05 02:21:58.354 26278 26278 D FeedMenuHandler: Preparing options menu
08-05 02:21:58.392 26278 27471 I art     : Explicit concurrent mark sweep GC freed 39519(2MB) AllocSpace objects, 6(3MB) LOS objects, 22% free, 54MB/70MB, paused 1.776ms total 54.988ms
08-05 02:21:58.407 26278 27471 I art     : Starting a blocking GC Explicit
08-05 02:21:58.453 26278 27471 I art     : Explicit concurrent mark sweep GC freed 825(51KB) AllocSpace objects, 0(0B) LOS objects, 22% free, 54MB/70MB, paused 1.550ms total 46.212ms
08-05 02:21:58.467 26278 27471 I art     : Starting a blocking GC Explicit
08-05 02:21:58.520 26278 27471 I art     : Explicit concurrent mark sweep GC freed 633(41KB) AllocSpace objects, 0(0B) LOS objects, 22% free, 54MB/70MB, paused 1.644ms total 52.111ms
08-05 02:21:58.535 26278 27471 I art     : Starting a blocking GC Explicit
08-05 02:21:58.586 26278 27471 I art     : Explicit concurrent mark sweep GC freed 3(96B) AllocSpace objects, 0(0B) LOS objects, 22% free, 54MB/70MB, paused 1.585ms total 50.749ms
08-05 02:21:58.937 26278 26290 I art     : Starting a blocking GC Explicit
08-05 02:21:58.999 26278 26290 I art     : Explicit concurrent mark sweep GC freed 1464(86KB) AllocSpace objects, 1(20KB) LOS objects, 22% free, 54MB/70MB, paused 1.638ms total 61.424ms
08-05 02:21:59.014 26278 26290 I art     : Starting a blocking GC Explicit
08-05 02:21:59.067 26278 26290 I art     : Explicit concurrent mark sweep GC freed 25(832B) AllocSpace objects, 0(0B) LOS objects, 22% free, 54MB/70MB, paused 1.524ms total 52.811ms
08-05 02:21:59.088 26278 26290 I art     : Starting a blocking GC Explicit
08-05 02:21:59.138 26278 26290 I art     : Explicit concurrent mark sweep GC freed 3(96B) AllocSpace objects, 0(0B) LOS objects, 22% free, 54MB/70MB, paused 1.647ms total 50.235ms
08-05 02:21:59.154 26278 26290 I art     : Starting a blocking GC Explicit
08-05 02:21:59.207 26278 26290 I art     : Explicit concurrent mark sweep GC freed 3(96B) AllocSpace objects, 0(0B) LOS objects, 22% free, 54MB/70MB, paused 1.557ms total 52.840ms
08-05 02:21:59.222 26278 26290 I art     : Starting a blocking GC Explicit
08-05 02:21:59.276 26278 26290 I art     : Explicit concurrent mark sweep GC freed 3(96B) AllocSpace objects, 0(0B) LOS objects, 22% free, 54MB/70MB, paused 1.552ms total 53.300ms
08-05 02:21:59.612 26278 26300 I art     : Starting a blocking GC Explicit
08-05 02:21:59.667 26278 26300 I art     : Explicit concurrent mark sweep GC freed 1528(92KB) AllocSpace objects, 1(20KB) LOS objects, 22% free, 54MB/70MB, paused 1.475ms total 54.416ms
08-05 02:21:59.682 26278 26300 I art     : Starting a blocking GC Explicit
08-05 02:21:59.710 28959 28959 I ServiceManager: Waiting for service AtCmdFwd...
08-05 02:21:59.735 26278 26300 I art     : Explicit concurrent mark sweep GC freed 26(848B) AllocSpace objects, 0(0B) LOS objects, 22% free, 54MB/70MB, paused 1.408ms total 52.256ms
08-05 02:21:59.751 26278 26300 I art     : Starting a blocking GC Explicit
08-05 02:21:59.796 26278 26300 I art     : Explicit concurrent mark sweep GC freed 9(288B) AllocSpace objects, 0(0B) LOS objects, 22% free, 54MB/70MB, paused 1.283ms total 45.294ms
08-05 02:21:59.813 26278 26300 I art     : Starting a blocking GC Explicit
08-05 02:21:59.860 26278 26300 I art     : Explicit concurrent mark sweep GC freed 12(384B) AllocSpace objects, 0(0B) LOS objects, 22% free, 54MB/70MB, paused 1.503ms total 47.170ms
08-05 02:21:59.874 26278 26300 I art     : Starting a blocking GC Explicit
08-05 02:21:59.922 26278 26300 I art     : Explicit concurrent mark sweep GC freed 10(320B) AllocSpace objects, 0(0B) LOS objects, 22% free, 54MB/70MB, paused 1.359ms total 46.895ms
08-05 02:21:59.926   518   646 I ThermalEngine: ACTION: GPU - Setting GPU[0] to 510000000
08-05 02:21:59.935 29188 29188 D AndroidRuntime: >>>>>> START com.android.internal.os.RuntimeInit uid 2000 <<<<<<
08-05 02:21:59.941 29188 29188 D AndroidRuntime: CheckJNI is OFF
08-05 02:21:59.978 29188 29188 D ICU     : No timezone override file found: /data/misc/zoneinfo/current/icu/icu_tzdata.dat
08-05 02:22:00.010 29188 29188 I Radio-JNI: register_android_hardware_Radio DONE
08-05 02:22:00.030 29188 29188 D AndroidRuntime: Calling main entry com.android.commands.input.Input
08-05 02:22:00.032 29188 29188 I Input   : injectMotionEvent: MotionEvent { action=ACTION_DOWN, actionButton=0, id[0]=0, x[0]=103.0, y[0]=192.0, toolType[0]=TOOL_TYPE_UNKNOWN, buttonState=0, metaState=0, flags=0x0, edgeFlags=0x0, pointerCount=1, historySize=0, eventTime=757336445, downTime=757336445, deviceId=0, source=0x1002 }
08-05 02:22:00.036 29188 29188 I Input   : injectMotionEvent: MotionEvent { action=ACTION_UP, actionButton=0, id[0]=0, x[0]=103.0, y[0]=192.0, toolType[0]=TOOL_TYPE_UNKNOWN, buttonState=0, metaState=0, flags=0x0, edgeFlags=0x0, pointerCount=1, historySize=0, eventTime=757336445, downTime=757336445, deviceId=0, source=0x1002 }
08-05 02:22:00.038 29188 29188 D AndroidRuntime: Shutting down VM
08-05 02:22:00.051   512  2967 D audio_hw_primary: out_set_parameters: enter: usecase(1: low-latency-playback) kvpairs: routing=2
08-05 02:22:00.064   512  2967 D audio_hw_primary: select_devices: out_snd_device(2: speaker) in_snd_device(0: none)
08-05 02:22:00.064   512  2967 D msm8974_platform: platform_send_audio_calibration: sending audio calibration for snd_device(2) acdb_id(15)
08-05 02:22:00.064   512  2967 I soundtrigger: audio_extn_sound_trigger_update_device_status: device 0x2 of type 0 for Event 1
08-05 02:22:00.074   512  2967 D audio_hw_primary: enable_snd_device: snd_device(2: speaker)
08-05 02:22:00.076   512  2967 D audio_hw_primary: enable_audio_route: apply and update mixer path: low-latency-playback speaker
08-05 02:22:00.209 26278 26291 I art     : Starting a blocking GC Explicit
08-05 02:22:00.252 26278 26291 I art     : Explicit concurrent mark sweep GC freed 1809(103KB) AllocSpace objects, 1(20KB) LOS objects, 22% free, 54MB/70MB, paused 1.208ms total 43.228ms
08-05 02:22:00.264 26278 26291 I art     : Starting a blocking GC Explicit
08-05 02:22:00.302 26278 26291 I art     : Explicit concurrent mark sweep GC freed 35(1296B) AllocSpace objects, 0(0B) LOS objects, 22% free, 54MB/70MB, paused 965us total 37.593ms
08-05 02:22:00.315 26278 26291 I art     : Starting a blocking GC Explicit
08-05 02:22:00.355 26278 26291 I art     : Explicit concurrent mark sweep GC freed 34(944B) AllocSpace objects, 0(0B) LOS objects, 22% free, 54MB/70MB, paused 1.016ms total 39.899ms
08-05 02:22:00.366 26278 26291 I art     : Starting a blocking GC Explicit
08-05 02:22:00.404 26278 26291 I art     : Explicit concurrent mark sweep GC freed 3(96B) AllocSpace objects, 0(0B) LOS objects, 22% free, 54MB/70MB, paused 1.031ms total 37.529ms
08-05 02:22:00.416 26278 26291 I art     : Starting a blocking GC Explicit
08-05 02:22:00.457 26278 26291 I art     : Explicit concurrent mark sweep GC freed 9(288B) AllocSpace objects, 0(0B) LOS objects, 22% free, 54MB/70MB, paused 1.312ms total 40.714ms
08-05 02:22:00.618   512  2967 D audio_hw_primary: disable_audio_route: reset and update mixer path: low-latency-playback speaker
08-05 02:22:00.620   512  2967 D audio_hw_primary: disable_snd_device: snd_device(2: speaker)
08-05 02:22:00.628   512  2967 I soundtrigger: audio_extn_sound_trigger_update_device_status: device 0x2 of type 0 for Event 0
08-05 02:22:00.710 28959 28959 I ServiceManager: Waiting for service AtCmdFwd...
08-05 02:22:00.784 26278 26290 I art     : Starting a blocking GC Explicit
08-05 02:22:00.829 26278 26290 I art     : Explicit concurrent mark sweep GC freed 2087(107KB) AllocSpace objects, 1(20KB) LOS objects, 22% free, 54MB/70MB, paused 1.205ms total 44.139ms
08-05 02:22:00.841 26278 26290 I art     : Starting a blocking GC Explicit
08-05 02:22:00.883 26278 26290 I art     : Explicit concurrent mark sweep GC freed 27(880B) AllocSpace objects, 0(0B) LOS objects, 22% free, 54MB/70MB, paused 1.068ms total 41.421ms
08-05 02:22:00.895 26278 26290 I art     : Starting a blocking GC Explicit
08-05 02:22:00.939 26278 26290 I art     : Explicit concurrent mark sweep GC freed 3(96B) AllocSpace objects, 0(0B) LOS objects, 22% free, 54MB/70MB, paused 1.105ms total 43.812ms
08-05 02:22:00.951 26278 26290 I art     : Starting a blocking GC Explicit
08-05 02:22:00.995 26278 26290 I art     : Explicit concurrent mark sweep GC freed 3(96B) AllocSpace objects, 0(0B) LOS objects, 22% free, 54MB/70MB, paused 1.131ms total 43.292ms
08-05 02:22:01.007 26278 26290 I art     : Starting a blocking GC Explicit
08-05 02:22:01.050 26278 26290 I art     : Explicit concurrent mark sweep GC freed 3(96B) AllocSpace objects, 0(0B) LOS objects, 22% free, 54MB/70MB, paused 1.073ms total 42.519ms
08-05 02:22:01.369 26278 27471 I art     : Starting a blocking GC Explicit
08-05 02:22:01.412 26278 27471 I art     : Explicit concurrent mark sweep GC freed 2299(114KB) AllocSpace objects, 1(20KB) LOS objects, 22% free, 53MB/69MB, paused 1.138ms total 42.065ms
08-05 02:22:01.423 26278 27471 I art     : Starting a blocking GC Explicit
08-05 02:22:01.464 26278 27471 I art     : Explicit concurrent mark sweep GC freed 23(752B) AllocSpace objects, 0(0B) LOS objects, 22% free, 53MB/69MB, paused 1.107ms total 40.459ms
08-05 02:22:01.476 26278 27471 I art     : Starting a blocking GC Explicit
08-05 02:22:01.516 26278 27471 I art     : Explicit concurrent mark sweep GC freed 3(96B) AllocSpace objects, 0(0B) LOS objects, 22% free, 53MB/69MB, paused 1.085ms total 39.810ms
08-05 02:22:01.527 26278 27471 I art     : Starting a blocking GC Explicit
08-05 02:22:01.567 26278 27471 I art     : Explicit concurrent mark sweep GC freed 3(96B) AllocSpace objects, 0(0B) LOS objects, 22% free, 53MB/69MB, paused 1.136ms total 39.493ms
08-05 02:22:01.578 26278 27471 I art     : Starting a blocking GC Explicit
08-05 02:22:01.619 26278 27471 I art     : Explicit concurrent mark sweep GC freed 3(96B) AllocSpace objects, 0(0B) LOS objects, 22% free, 53MB/69MB, paused 1.125ms total 40.003ms
08-05 02:22:01.697 29240 29240 D AndroidRuntime: >>>>>> START com.android.internal.os.RuntimeInit uid 2000 <<<<<<
08-05 02:22:01.702 29240 29240 D AndroidRuntime: CheckJNI is OFF
08-05 02:22:01.711 28959 28959 I ServiceManager: Waiting for service AtCmdFwd...
08-05 02:22:01.738 29240 29240 D ICU     : No timezone override file found: /data/misc/zoneinfo/current/icu/icu_tzdata.dat
08-05 02:22:01.766   918  3188 I hubconnection: sensorhub said: 'set_bias 3: -6.2400, 0.0000, 0.0000'
08-05 02:22:01.773 29240 29240 I Radio-JNI: register_android_hardware_Radio DONE
08-05 02:22:01.794 29240 29240 D AndroidRuntime: Calling main entry com.android.commands.input.Input
08-05 02:22:01.795 29240 29240 I Input   : injectMotionEvent: MotionEvent { action=ACTION_DOWN, actionButton=0, id[0]=0, x[0]=409.0, y[0]=1034.0, toolType[0]=TOOL_TYPE_UNKNOWN, buttonState=0, metaState=0, flags=0x0, edgeFlags=0x0, pointerCount=1, historySize=0, eventTime=757338208, downTime=757338208, deviceId=0, source=0x1002 }
08-05 02:22:01.800 29240 29240 I Input   : injectMotionEvent: MotionEvent { action=ACTION_UP, actionButton=0, id[0]=0, x[0]=409.0, y[0]=1034.0, toolType[0]=TOOL_TYPE_UNKNOWN, buttonState=0, metaState=0, flags=0x0, edgeFlags=0x0, pointerCount=1, historySize=0, eventTime=757338208, downTime=757338208, deviceId=0, source=0x1002 }
08-05 02:22:01.802 29240 29240 D AndroidRuntime: Shutting down VM
08-05 02:22:01.882 26278 26278 D MainActivity: loadFragment(index: 5, args: null)
08-05 02:22:01.882 26278 26278 D MainActivity: loadFragment(tag: AddFeedFragment, args: null)
08-05 02:22:01.882 26278 26278 D MainActivity: saveLastNavFragment(tag: AddFeedFragment)
08-05 02:22:01.882 26278 26278 D MainActivity: getLastNavFragment() -> AddFeedFragment
08-05 02:22:01.884   512  2967 D audio_hw_primary: out_set_parameters: enter: usecase(1: low-latency-playback) kvpairs: routing=2
08-05 02:22:01.896   512  2967 D audio_hw_primary: select_devices: out_snd_device(2: speaker) in_snd_device(0: none)
08-05 02:22:01.896   512  2967 D msm8974_platform: platform_send_audio_calibration: sending audio calibration for snd_device(2) acdb_id(15)
08-05 02:22:01.897   512  2967 I soundtrigger: audio_extn_sound_trigger_update_device_status: device 0x2 of type 0 for Event 1
08-05 02:22:01.908   512  2967 D audio_hw_primary: enable_snd_device: snd_device(2: speaker)
08-05 02:22:01.910   512  2967 D audio_hw_primary: enable_audio_route: apply and update mixer path: low-latency-playback speaker
08-05 02:22:01.920 26278 26300 I art     : Starting a blocking GC Explicit
08-05 02:22:01.927 13866 13866 I GoogleInputMethodServic: GoogleInputMethodService.onFinishInput():3138 
08-05 02:22:01.928 13866 13866 I GoogleInputMethodServic: GoogleInputMethodService.onStartInput():1808 
08-05 02:22:01.931   518   646 I ThermalEngine: ACTION: GPU - Setting GPU[0] to 450000000
08-05 02:22:01.971 26278 26300 I art     : Explicit concurrent mark sweep GC freed 3724(196KB) AllocSpace objects, 2(40KB) LOS objects, 22% free, 54MB/70MB, paused 1.493ms total 50.848ms
08-05 02:22:01.985 26278 26300 I art     : Starting a blocking GC Explicit
08-05 02:22:02.032 26278 26300 I art     : Explicit concurrent mark sweep GC freed 382(22KB) AllocSpace objects, 0(0B) LOS objects, 22% free, 54MB/70MB, paused 1.430ms total 46.682ms
08-05 02:22:02.046 26278 26300 I art     : Starting a blocking GC Explicit
08-05 02:22:02.086 26278 26300 I art     : Explicit concurrent mark sweep GC freed 31166(2MB) AllocSpace objects, 9(3MB) LOS objects, 24% free, 48MB/64MB, paused 1.336ms total 39.972ms
08-05 02:22:02.098 26278 26300 I art     : Starting a blocking GC Explicit
08-05 02:22:02.134 26278 26300 I art     : Explicit concurrent mark sweep GC freed 7(224B) AllocSpace objects, 0(0B) LOS objects, 24% free, 48MB/64MB, paused 1.346ms total 36.065ms
08-05 02:22:02.146 26278 26300 I art     : Starting a blocking GC Explicit
08-05 02:22:02.182 26278 26300 I art     : Explicit concurrent mark sweep GC freed 3(96B) AllocSpace objects, 0(0B) LOS objects, 24% free, 48MB/64MB, paused 1.325ms total 35.491ms
08-05 02:22:02.327 13866 13866 I GoogleInputMethodServic: GoogleInputMethodService.onFinishInput():3138 
08-05 02:22:02.328 13866 13866 I GoogleInputMethodServic: GoogleInputMethodService.onStartInput():1808 
08-05 02:22:02.450   512  2967 D audio_hw_primary: disable_audio_route: reset and update mixer path: low-latency-playback speaker
08-05 02:22:02.452   512  2967 D audio_hw_primary: disable_snd_device: snd_device(2: speaker)
08-05 02:22:02.459   512  2967 I soundtrigger: audio_extn_sound_trigger_update_device_status: device 0x2 of type 0 for Event 0
08-05 02:22:02.533 26278 26291 I art     : Starting a blocking GC Explicit
08-05 02:22:02.576 26278 26291 I art     : Explicit concurrent mark sweep GC freed 1658(93KB) AllocSpace objects, 1(20KB) LOS objects, 24% free, 48MB/64MB, paused 1.411ms total 42.489ms
08-05 02:22:02.590 26278 26291 I art     : Starting a blocking GC Explicit
08-05 02:22:02.628 26278 26291 I art     : Explicit concurrent mark sweep GC freed 122(6KB) AllocSpace objects, 0(0B) LOS objects, 24% free, 48MB/64MB, paused 1.453ms total 37.469ms
08-05 02:22:02.641 26278 26291 I art     : Starting a blocking GC Explicit
08-05 02:22:02.680 26278 26291 I art     : Explicit concurrent mark sweep GC freed 3(96B) AllocSpace objects, 0(0B) LOS objects, 24% free, 48MB/64MB, paused 1.560ms total 38.506ms
08-05 02:22:02.692 26278 26291 I art     : Starting a blocking GC Explicit
08-05 02:22:02.711 28959 28959 I ServiceManager: Waiting for service AtCmdFwd...
08-05 02:22:02.731 26278 26291 I art     : Explicit concurrent mark sweep GC freed 3(96B) AllocSpace objects, 0(0B) LOS objects, 24% free, 48MB/64MB, paused 1.418ms total 38.190ms
08-05 02:22:02.743 26278 26291 I art     : Starting a blocking GC Explicit
08-05 02:22:02.782 26278 26291 I art     : Explicit concurrent mark sweep GC freed 5(160B) AllocSpace objects, 0(0B) LOS objects, 24% free, 48MB/64MB, paused 1.414ms total 38.773ms
08-05 02:22:03.131 26278 26290 I art     : Starting a blocking GC Explicit
08-05 02:22:03.173 26278 26290 I art     : Explicit concurrent mark sweep GC freed 1380(81KB) AllocSpace objects, 1(20KB) LOS objects, 24% free, 48MB/64MB, paused 1.499ms total 41.747ms
08-05 02:22:03.186 26278 26290 I art     : Starting a blocking GC Explicit
08-05 02:22:03.225 26278 26290 I art     : Explicit concurrent mark sweep GC freed 23(752B) AllocSpace objects, 0(0B) LOS objects, 24% free, 48MB/64MB, paused 1.475ms total 39.028ms
08-05 02:22:03.238 26278 26290 I art     : Starting a blocking GC Explicit
08-05 02:22:03.277 26278 26290 I art     : Explicit concurrent mark sweep GC freed 3(96B) AllocSpace objects, 0(0B) LOS objects, 24% free, 48MB/64MB, paused 1.481ms total 39.324ms
08-05 02:22:03.290 26278 26290 I art     : Starting a blocking GC Explicit
08-05 02:22:03.330 26278 26290 I art     : Explicit concurrent mark sweep GC freed 3(96B) AllocSpace objects, 0(0B) LOS objects, 24% free, 48MB/64MB, paused 1.548ms total 39.942ms
08-05 02:22:03.342 26278 26290 I art     : Starting a blocking GC Explicit
08-05 02:22:03.382 26278 26290 I art     : Explicit concurrent mark sweep GC freed 32(880B) AllocSpace objects, 0(0B) LOS objects, 24% free, 48MB/64MB, paused 1.419ms total 38.480ms
08-05 02:22:03.587 29285 29285 D AndroidRuntime: >>>>>> START com.android.internal.os.RuntimeInit uid 2000 <<<<<<
08-05 02:22:03.593 29285 29285 D AndroidRuntime: CheckJNI is OFF
08-05 02:22:03.635 29285 29285 D ICU     : No timezone override file found: /data/misc/zoneinfo/current/icu/icu_tzdata.dat
08-05 02:22:03.685 29285 29285 I Radio-JNI: register_android_hardware_Radio DONE
08-05 02:22:03.712 28959 28959 I ServiceManager: Waiting for service AtCmdFwd...
08-05 02:22:03.714 29285 29285 D AndroidRuntime: Calling main entry com.android.commands.input.Input
08-05 02:22:03.716 29285 29285 I Input   : injectMotionEvent: MotionEvent { action=ACTION_DOWN, actionButton=0, id[0]=0, x[0]=603.0, y[0]=1061.0, toolType[0]=TOOL_TYPE_UNKNOWN, buttonState=0, metaState=0, flags=0x0, edgeFlags=0x0, pointerCount=1, historySize=0, eventTime=757340129, downTime=757340129, deviceId=0, source=0x1002 }
08-05 02:22:03.721 29285 29285 I Input   : injectMotionEvent: MotionEvent { action=ACTION_UP, actionButton=0, id[0]=0, x[0]=603.0, y[0]=1061.0, toolType[0]=TOOL_TYPE_UNKNOWN, buttonState=0, metaState=0, flags=0x0, edgeFlags=0x0, pointerCount=1, historySize=0, eventTime=757340129, downTime=757340129, deviceId=0, source=0x1002 }
08-05 02:22:03.723 29285 29285 D AndroidRuntime: Shutting down VM
08-05 02:22:03.738   512  2967 D audio_hw_primary: out_set_parameters: enter: usecase(1: low-latency-playback) kvpairs: routing=2
08-05 02:22:03.751   512  2967 D audio_hw_primary: select_devices: out_snd_device(2: speaker) in_snd_device(0: none)
08-05 02:22:03.752   512  2967 D msm8974_platform: platform_send_audio_calibration: sending audio calibration for snd_device(2) acdb_id(15)
08-05 02:22:03.752   512  2967 I soundtrigger: audio_extn_sound_trigger_update_device_status: device 0x2 of type 0 for Event 1
08-05 02:22:03.761 26278 26300 I art     : Starting a blocking GC Explicit
08-05 02:22:03.765   512  2967 D audio_hw_primary: enable_snd_device: snd_device(2: speaker)
08-05 02:22:03.768   512  2967 D audio_hw_primary: enable_audio_route: apply and update mixer path: low-latency-playback speaker
08-05 02:22:03.801 26278 26300 I art     : Explicit concurrent mark sweep GC freed 2304(209KB) AllocSpace objects, 1(20KB) LOS objects, 24% free, 49MB/65MB, paused 1.882ms total 40.285ms
08-05 02:22:03.815 26278 26300 I art     : Starting a blocking GC Explicit
08-05 02:22:03.823 13866 13866 I GoogleInputMethodServic: GoogleInputMethodService.onFinishInput():3138 
08-05 02:22:03.824 13866 13866 I GoogleInputMethodServic: GoogleInputMethodService.onStartInput():1808 
08-05 02:22:03.857 26278 26300 I art     : Explicit concurrent mark sweep GC freed 2433(123KB) AllocSpace objects, 0(0B) LOS objects, 24% free, 49MB/65MB, paused 2.538ms total 41.997ms
08-05 02:22:03.870 26278 26300 I art     : Starting a blocking GC Explicit
08-05 02:22:03.907 26278 26300 I art     : Explicit concurrent mark sweep GC freed 333(15KB) AllocSpace objects, 0(0B) LOS objects, 24% free, 49MB/65MB, paused 1.539ms total 37.403ms
08-05 02:22:03.919 26278 26300 I art     : Starting a blocking GC Explicit
08-05 02:22:03.959 26278 26300 I art     : Explicit concurrent mark sweep GC freed 1573(83KB) AllocSpace objects, 1(220KB) LOS objects, 24% free, 49MB/65MB, paused 1.631ms total 39.312ms
08-05 02:22:03.971 26278 26300 I art     : Starting a blocking GC Explicit
08-05 02:22:04.008 26278 26300 I art     : Explicit concurrent mark sweep GC freed 45(1792B) AllocSpace objects, 0(0B) LOS objects, 24% free, 49MB/65MB, paused 1.688ms total 37.370ms
08-05 02:22:04.298   512  2967 D audio_hw_primary: disable_audio_route: reset and update mixer path: low-latency-playback speaker
08-05 02:22:04.300   512  2967 D audio_hw_primary: disable_snd_device: snd_device(2: speaker)
08-05 02:22:04.309   512  2967 I soundtrigger: audio_extn_sound_trigger_update_device_status: device 0x2 of type 0 for Event 0
08-05 02:22:04.338 26278 26300 I art     : Starting a blocking GC Explicit
08-05 02:22:04.381 26278 26300 I art     : Explicit concurrent mark sweep GC freed 1553(87KB) AllocSpace objects, 1(20KB) LOS objects, 24% free, 49MB/65MB, paused 1.618ms total 42.426ms
08-05 02:22:04.394 26278 26300 I art     : Starting a blocking GC Explicit
08-05 02:22:04.434 26278 26300 I art     : Explicit concurrent mark sweep GC freed 129(4KB) AllocSpace objects, 0(0B) LOS objects, 24% free, 49MB/65MB, paused 1.519ms total 40.059ms
08-05 02:22:04.447 26278 26300 I art     : Starting a blocking GC Explicit
08-05 02:22:04.488 26278 26300 I art     : Explicit concurrent mark sweep GC freed 38(1456B) AllocSpace objects, 0(0B) LOS objects, 24% free, 49MB/65MB, paused 2.062ms total 41.055ms
08-05 02:22:04.501 26278 26300 I art     : Starting a blocking GC Explicit
08-05 02:22:04.541 26278 26300 I art     : Explicit concurrent mark sweep GC freed 35(1312B) AllocSpace objects, 0(0B) LOS objects, 24% free, 49MB/65MB, paused 1.572ms total 40.301ms
08-05 02:22:04.554 26278 26300 I art     : Starting a blocking GC Explicit
08-05 02:22:04.594 26278 26300 I art     : Explicit concurrent mark sweep GC freed 34(1296B) AllocSpace objects, 0(0B) LOS objects, 24% free, 49MB/65MB, paused 1.548ms total 40.015ms
08-05 02:22:04.697 26278 29309 I NAPPA_EXPERIMENTATION: MetricNetworkRequestExecutionTime: REQUEST_DURATION_SYSTEM='888',REQUEST_DURATION_OKHTTP='54',REQUEST_SYNCHRONOUS='TRUE',RESPONSE_CODE='200',RESPONSE_METHOD='GET',RESPONSE_LENGTH_OKHTTP='37507',RESPONSE_LENGTH_HEADER='37507',REQUEST_PROTOCOL='http/1.1',REQUEST_URL='https://gpodder.net/toplist/50.json',
08-05 02:22:04.709 26278 29310 I NAPPA_EXPERIMENTATION: MetricNetworkRequestExecutionTime: REQUEST_DURATION_SYSTEM='895',REQUEST_DURATION_OKHTTP='67',REQUEST_SYNCHRONOUS='TRUE',RESPONSE_CODE='200',RESPONSE_METHOD='GET',RESPONSE_LENGTH_OKHTTP='2923',RESPONSE_LENGTH_HEADER='2923',REQUEST_PROTOCOL='http/1.1',REQUEST_URL='https://gpodder.net/api/2/tags/50.json',
08-05 02:22:04.712 28959 28959 W Atfwd_Sendcmd: AtCmdFwd service not published, waiting... retryCnt : 2
08-05 02:22:04.755 26278 27223 D ApOkHttpUrlLoader: buildLoadData() called with: model = [http://sixgun.org/files/linuxoutlaws.jpg], width = [224], height = [224]
08-05 02:22:04.757 26278 27031 D DBReader: getImageAuthentication() called with: imageUrl = [http://sixgun.org/files/linuxoutlaws.jpg]
08-05 02:22:04.762 26278 27031 D ApOkHttpUrlLoader: no credentials for 'http://sixgun.org/files/linuxoutlaws.jpg'
08-05 02:22:04.770 26278 27223 D ApOkHttpUrlLoader: buildLoadData() called with: model = [https://files.thisamericanlife.org/sites/all/themes/thislife/img/tal-name-1400x1400.png], width = [224], height = [224]
08-05 02:22:04.772 26278 27032 D DBReader: getImageAuthentication() called with: imageUrl = [https://files.thisamericanlife.org/sites/all/themes/thislife/img/tal-name-1400x1400.png]
08-05 02:22:04.775 26278 27032 D ApOkHttpUrlLoader: no credentials for 'https://files.thisamericanlife.org/sites/all/themes/thislife/img/tal-name-1400x1400.png'
08-05 02:22:04.776 26278 27223 D ApOkHttpUrlLoader: buildLoadData() called with: model = [https://elroy.twit.tv/sites/default/files/styles/twit_album_art_2048x2048/public/images/shows/floss_weekly/album_art/audio/floss_albumart_mask.jpg?itok=IUjxKpwt], width = [224], height = [224]
08-05 02:22:04.778 26278 27029 D DBReader: getImageAuthentication() called with: imageUrl = [https://elroy.twit.tv/sites/default/files/styles/twit_album_art_2048x2048/public/images/shows/floss_weekly/album_art/audio/floss_albumart_mask.jpg?itok=IUjxKpwt]
08-05 02:22:04.782 26278 27029 D ApOkHttpUrlLoader: no credentials for 'https://elroy.twit.tv/sites/default/files/styles/twit_album_art_2048x2048/public/images/shows/floss_weekly/album_art/audio/floss_albumart_mask.jpg?itok=IUjxKpwt'
08-05 02:22:04.782 26278 27223 D ApOkHttpUrlLoader: buildLoadData() called with: model = [http://ichef.bbci.co.uk/images/ic/3000x3000/p07kfvzb.jpg], width = [224], height = [224]
08-05 02:22:04.784 26278 27028 D DBReader: getImageAuthentication() called with: imageUrl = [http://ichef.bbci.co.uk/images/ic/3000x3000/p07kfvzb.jpg]
08-05 02:22:04.788 26278 27028 D ApOkHttpUrlLoader: no credentials for 'http://ichef.bbci.co.uk/images/ic/3000x3000/p07kfvzb.jpg'
08-05 02:22:04.789 26278 27223 D ApOkHttpUrlLoader: buildLoadData() called with: model = [https://pl.tedcdn.com/rss_feed_images/ted_talks_main_podcast/video.png], width = [224], height = [224]
08-05 02:22:04.790 26278 27027 D DBReader: getImageAuthentication() called with: imageUrl = [https://pl.tedcdn.com/rss_feed_images/ted_talks_main_podcast/video.png]
08-05 02:22:04.794 26278 27223 D ApOkHttpUrlLoader: buildLoadData() called with: model = [https://elroy.twit.tv/sites/default/files/styles/twit_album_art_2048x2048/public/images/shows/this_week_in_tech/album_art/audio/twit1400audio.jpg?itok=J0vhatZb], width = [224], height = [224]
08-05 02:22:04.794 26278 27027 D ApOkHttpUrlLoader: no credentials for 'https://pl.tedcdn.com/rss_feed_images/ted_talks_main_podcast/video.png'
08-05 02:22:04.796 26278 27030 D DBReader: getImageAuthentication() called with: imageUrl = [https://elroy.twit.tv/sites/default/files/styles/twit_album_art_2048x2048/public/images/shows/this_week_in_tech/album_art/audio/twit1400audio.jpg?itok=J0vhatZb]
08-05 02:22:04.799 26278 27223 D ApOkHttpUrlLoader: buildLoadData() called with: model = [http://ichef.bbci.co.uk/images/ic/3000x3000/p03gtk3j.jpg], width = [224], height = [224]
08-05 02:22:04.800 26278 27030 D ApOkHttpUrlLoader: no credentials for 'https://elroy.twit.tv/sites/default/files/styles/twit_album_art_2048x2048/public/images/shows/this_week_in_tech/album_art/audio/twit1400audio.jpg?itok=J0vhatZb'
08-05 02:22:04.801 26278 27033 D DBReader: getImageAuthentication() called with: imageUrl = [http://ichef.bbci.co.uk/images/ic/3000x3000/p03gtk3j.jpg]
08-05 02:22:04.804 26278 27033 D ApOkHttpUrlLoader: no credentials for 'http://ichef.bbci.co.uk/images/ic/3000x3000/p03gtk3j.jpg'
08-05 02:22:04.829 26278 27031 D DBWriter: updateFeedDownloadURL(original: http://sixgun.org/files/linuxoutlaws.jpg, updated: https://fab.industries/sixgun/files/linuxoutlaws.jpg)
08-05 02:22:04.882 26278 27028 D MYTAG   : interceptor 2a
08-05 02:22:04.882 26278 27028 I NAPPA_EXPERIMENTATION: MetricNetworkRequestExecutionTime: REQUEST_DURATION_SYSTEM='94',REQUEST_DURATION_OKHTTP='89',REQUEST_SYNCHRONOUS='TRUE',RESPONSE_CODE='200',RESPONSE_METHOD='GET',RESPONSE_LENGTH_OKHTTP='589826',RESPONSE_LENGTH_HEADER='589826',REQUEST_PROTOCOL='http/1.1',REQUEST_URL='http://ichef.bbci.co.uk/images/ic/3000x3000/p07kfvzb.jpg',
08-05 02:22:04.921 26278 26300 I art     : Starting a blocking GC Explicit
08-05 02:22:04.960 26278 27033 D MYTAG   : interceptor 2a
08-05 02:22:04.961 26278 27033 I NAPPA_EXPERIMENTATION: MetricNetworkRequestExecutionTime: REQUEST_DURATION_SYSTEM='156',REQUEST_DURATION_OKHTTP='150',REQUEST_SYNCHRONOUS='TRUE',RESPONSE_CODE='200',RESPONSE_METHOD='GET',RESPONSE_LENGTH_OKHTTP='814284',RESPONSE_LENGTH_HEADER='814284',REQUEST_PROTOCOL='http/1.1',REQUEST_URL='http://ichef.bbci.co.uk/images/ic/3000x3000/p03gtk3j.jpg',
08-05 02:22:04.969 26278 26300 I art     : Explicit concurrent mark sweep GC freed 12989(845KB) AllocSpace objects, 4(212KB) LOS objects, 24% free, 49MB/65MB, paused 1.944ms total 47.674ms
08-05 02:22:04.982 26278 26300 I art     : Starting a blocking GC Explicit
08-05 02:22:05.027 26278 26300 I art     : Explicit concurrent mark sweep GC freed 5447(218KB) AllocSpace objects, 0(0B) LOS objects, 24% free, 49MB/65MB, paused 2.250ms total 44.024ms
08-05 02:22:05.040 26278 26300 I art     : Starting a blocking GC Explicit
08-05 02:22:05.074 26278 27032 D MYTAG   : interceptor 2a
08-05 02:22:05.074 26278 27032 I NAPPA_EXPERIMENTATION: MetricNetworkRequestExecutionTime: REQUEST_DURATION_SYSTEM='299',REQUEST_DURATION_OKHTTP='56',REQUEST_SYNCHRONOUS='TRUE',RESPONSE_CODE='200',RESPONSE_METHOD='GET',RESPONSE_LENGTH_OKHTTP='52553',RESPONSE_LENGTH_HEADER='52553',REQUEST_PROTOCOL='http/1.1',REQUEST_URL='https://files.thisamericanlife.org/sites/all/themes/thislife/img/tal-name-1400x1400.png',
08-05 02:22:05.082 26278 26300 I art     : Explicit concurrent mark sweep GC freed 2583(151KB) AllocSpace objects, 0(0B) LOS objects, 24% free, 49MB/65MB, paused 1.869ms total 41.880ms
08-05 02:22:05.094 26278 26300 I art     : Starting a blocking GC Explicit
08-05 02:22:05.134 26278 26300 I art     : Explicit concurrent mark sweep GC freed 2187(110KB) AllocSpace objects, 0(0B) LOS objects, 24% free, 50MB/66MB, paused 2.013ms total 39.867ms
08-05 02:22:05.148 26278 26300 I art     : Starting a blocking GC Explicit
08-05 02:22:05.188 26278 26300 I art     : Explicit concurrent mark sweep GC freed 1065(63KB) AllocSpace objects, 0(0B) LOS objects, 24% free, 50MB/66MB, paused 1.795ms total 39.784ms
08-05 02:22:05.264 26278 27027 D MYTAG   : interceptor 2a
08-05 02:22:05.264 26278 27027 I NAPPA_EXPERIMENTATION: MetricNetworkRequestExecutionTime: REQUEST_DURATION_SYSTEM='470',REQUEST_DURATION_OKHTTP='219',REQUEST_SYNCHRONOUS='TRUE',RESPONSE_CODE='200',RESPONSE_METHOD='GET',RESPONSE_LENGTH_OKHTTP='89986',RESPONSE_LENGTH_HEADER='89986',REQUEST_PROTOCOL='h2',REQUEST_URL='https://pl.tedcdn.com/rss_feed_images/ted_talks_main_podcast/video.png',
08-05 02:22:05.300 26278 27029 D MYTAG   : interceptor 2a
08-05 02:22:05.300 26278 27029 I NAPPA_EXPERIMENTATION: MetricNetworkRequestExecutionTime: REQUEST_DURATION_SYSTEM='518',REQUEST_DURATION_OKHTTP='272',REQUEST_SYNCHRONOUS='TRUE',RESPONSE_CODE='200',RESPONSE_METHOD='GET',RESPONSE_LENGTH_OKHTTP='297964',RESPONSE_LENGTH_HEADER='297964',REQUEST_PROTOCOL='h2',REQUEST_URL='https://elroy.twit.tv/sites/default/files/styles/twit_album_art_2048x2048/public/images/shows/floss_weekly/album_art/audio/floss_albumart_mask.jpg?itok=IUjxKpwt',
08-05 02:22:05.329 26278 27031 D MYTAG   : interceptor 2a
08-05 02:22:05.329 26278 27031 I NAPPA_EXPERIMENTATION: MetricNetworkRequestExecutionTime: REQUEST_DURATION_SYSTEM='567',REQUEST_DURATION_OKHTTP='191',REQUEST_SYNCHRONOUS='TRUE',RESPONSE_CODE='404',RESPONSE_METHOD='GET',RESPONSE_LENGTH_OKHTTP='-1',RESPONSE_LENGTH_HEADER='1503',REQUEST_PROTOCOL='h2',REQUEST_URL='https://fab.industries/sixgun/files/linuxoutlaws.jpg',
08-05 02:22:05.334 26278 26278 W Glide   : Load failed for http://sixgun.org/files/linuxoutlaws.jpg with size [224x224]
08-05 02:22:05.334 26278 26278 W Glide   : class com.bumptech.glide.load.engine.GlideException: Failed to load resource
08-05 02:22:05.334 26278 26278 W Glide   : There was 1 cause:
08-05 02:22:05.334 26278 26278 W Glide   : com.bumptech.glide.load.HttpException()
08-05 02:22:05.334 26278 26278 W Glide   :  call GlideException#logRootCauses(String) for more detail
08-05 02:22:05.334 26278 26278 W Glide   :   Cause (1 of 1): class com.bumptech.glide.load.engine.GlideException: Fetching data failed, class java.io.InputStream, REMOTE
08-05 02:22:05.334 26278 26278 W Glide   : There was 1 cause:
08-05 02:22:05.334 26278 26278 W Glide   : com.bumptech.glide.load.HttpException()
08-05 02:22:05.334 26278 26278 W Glide   :  call GlideException#logRootCauses(String) for more detail
08-05 02:22:05.334 26278 26278 W Glide   :     Cause (1 of 1): class com.bumptech.glide.load.HttpException: 
08-05 02:22:05.334 26278 26278 I Glide   : Root cause (1 of 1)
08-05 02:22:05.334 26278 26278 I Glide   : com.bumptech.glide.load.HttpException: 
08-05 02:22:05.334 26278 26278 I Glide   : 	at com.bumptech.glide.integration.okhttp3.OkHttpStreamFetcher.onResponse(OkHttpStreamFetcher.java:73)
08-05 02:22:05.334 26278 26278 I Glide   : 	at okhttp3.RealCall$AsyncCall.execute(RealCall.java:174)
08-05 02:22:05.334 26278 26278 I Glide   : 	at okhttp3.internal.NamedRunnable.run(NamedRunnable.java:32)
08-05 02:22:05.334 26278 26278 I Glide   : 	at java.util.concurrent.ThreadPoolExecutor.runWorker(ThreadPoolExecutor.java:1113)
08-05 02:22:05.334 26278 26278 I Glide   : 	at java.util.concurrent.ThreadPoolExecutor$Worker.run(ThreadPoolExecutor.java:588)
08-05 02:22:05.334 26278 26278 I Glide   : 	at java.lang.Thread.run(Thread.java:818)
08-05 02:22:05.335 26278 26278 W Glide   : Load failed for http://sixgun.org/files/linuxoutlaws.jpg with size [224x224]
08-05 02:22:05.335 26278 26278 W Glide   : class com.bumptech.glide.load.engine.GlideException: Failed to load resource
08-05 02:22:05.335 26278 26278 W Glide   : There was 1 cause:
08-05 02:22:05.335 26278 26278 W Glide   : com.bumptech.glide.load.HttpException()
08-05 02:22:05.335 26278 26278 W Glide   :  call GlideException#logRootCauses(String) for more detail
08-05 02:22:05.335 26278 26278 W Glide   :   Cause (1 of 1): class com.bumptech.glide.load.engine.GlideException: Fetching data failed, class java.io.InputStream, REMOTE
08-05 02:22:05.335 26278 26278 W Glide   : There was 1 cause:
08-05 02:22:05.335 26278 26278 W Glide   : com.bumptech.glide.load.HttpException()
08-05 02:22:05.335 26278 26278 W Glide   :  call GlideException#logRootCauses(String) for more detail
08-05 02:22:05.335 26278 26278 W Glide   :     Cause (1 of 1): class com.bumptech.glide.load.HttpException: 
08-05 02:22:05.335 26278 26278 I Glide   : Root cause (1 of 1)
08-05 02:22:05.335 26278 26278 I Glide   : com.bumptech.glide.load.HttpException: 
08-05 02:22:05.335 26278 26278 I Glide   : 	at com.bumptech.glide.integration.okhttp3.OkHttpStreamFetcher.onResponse(OkHttpStreamFetcher.java:73)
08-05 02:22:05.335 26278 26278 I Glide   : 	at okhttp3.RealCall$AsyncCall.execute(RealCall.java:174)
08-05 02:22:05.335 26278 26278 I Glide   : 	at okhttp3.internal.NamedRunnable.run(NamedRunnable.java:32)
08-05 02:22:05.335 26278 26278 I Glide   : 	at java.util.concurrent.ThreadPoolExecutor.runWorker(ThreadPoolExecutor.java:1113)
08-05 02:22:05.335 26278 26278 I Glide   : 	at java.util.concurrent.ThreadPoolExecutor$Worker.run(ThreadPoolExecutor.java:588)
08-05 02:22:05.335 26278 26278 I Glide   : 	at java.lang.Thread.run(Thread.java:818)
08-05 02:22:05.365 26278 27030 D MYTAG   : interceptor 2a
08-05 02:22:05.365 26278 27030 I NAPPA_EXPERIMENTATION: MetricNetworkRequestExecutionTime: REQUEST_DURATION_SYSTEM='565',REQUEST_DURATION_OKHTTP='338',REQUEST_SYNCHRONOUS='TRUE',RESPONSE_CODE='200',RESPONSE_METHOD='GET',RESPONSE_LENGTH_OKHTTP='465707',RESPONSE_LENGTH_HEADER='465707',REQUEST_PROTOCOL='h2',REQUEST_URL='https://elroy.twit.tv/sites/default/files/styles/twit_album_art_2048x2048/public/images/shows/this_week_in_tech/album_art/audio/twit1400audio.jpg?itok=J0vhatZb',
08-05 02:22:05.436 26278 27223 D ApOkHttpUrlLoader: buildLoadData() called with: model = [http://sixgun.org/files/linuxoutlaws.jpg], width = [224], height = [224]
08-05 02:22:05.437 26278 27030 D DBReader: getImageAuthentication() called with: imageUrl = [http://sixgun.org/files/linuxoutlaws.jpg]
08-05 02:22:05.440 26278 27030 D ApOkHttpUrlLoader: no credentials for 'http://sixgun.org/files/linuxoutlaws.jpg'
08-05 02:22:05.484 26278 27030 D DBWriter: updateFeedDownloadURL(original: http://sixgun.org/files/linuxoutlaws.jpg, updated: https://fab.industries/sixgun/files/linuxoutlaws.jpg)
08-05 02:22:05.523 26278 26300 I art     : Starting a blocking GC Explicit
08-05 02:22:05.561 26278 26300 I art     : Explicit concurrent mark sweep GC freed 4762(345KB) AllocSpace objects, 1(20KB) LOS objects, 23% free, 50MB/66MB, paused 1.523ms total 38.402ms
08-05 02:22:05.573 26278 26300 I art     : Starting a blocking GC Explicit
08-05 02:22:05.610 26278 26300 I art     : Explicit concurrent mark sweep GC freed 177(6KB) AllocSpace objects, 0(0B) LOS objects, 23% free, 50MB/66MB, paused 1.523ms total 36.762ms
08-05 02:22:05.623 26278 26300 I art     : Starting a blocking GC Explicit
08-05 02:22:05.647 26278 27030 D MYTAG   : interceptor 2a
08-05 02:22:05.647 26278 27030 I NAPPA_EXPERIMENTATION: MetricNetworkRequestExecutionTime: REQUEST_DURATION_SYSTEM='207',REQUEST_DURATION_OKHTTP='159',REQUEST_SYNCHRONOUS='TRUE',RESPONSE_CODE='404',RESPONSE_METHOD='GET',RESPONSE_LENGTH_OKHTTP='-1',RESPONSE_LENGTH_HEADER='1503',REQUEST_PROTOCOL='h2',REQUEST_URL='https://fab.industries/sixgun/files/linuxoutlaws.jpg',
08-05 02:22:05.663 26278 26300 I art     : Explicit concurrent mark sweep GC freed 356(31KB) AllocSpace objects, 0(0B) LOS objects, 23% free, 50MB/66MB, paused 1.835ms total 39.740ms
08-05 02:22:05.666 26278 26278 W Glide   : Load failed for http://sixgun.org/files/linuxoutlaws.jpg with size [224x224]
08-05 02:22:05.666 26278 26278 W Glide   : class com.bumptech.glide.load.engine.GlideException: Failed to load resource
08-05 02:22:05.666 26278 26278 W Glide   : There was 1 cause:
08-05 02:22:05.666 26278 26278 W Glide   : com.bumptech.glide.load.HttpException()
08-05 02:22:05.666 26278 26278 W Glide   :  call GlideException#logRootCauses(String) for more detail
08-05 02:22:05.666 26278 26278 W Glide   :   Cause (1 of 1): class com.bumptech.glide.load.engine.GlideException: Fetching data failed, class java.io.InputStream, REMOTE
08-05 02:22:05.666 26278 26278 W Glide   : There was 1 cause:
08-05 02:22:05.666 26278 26278 W Glide   : com.bumptech.glide.load.HttpException()
08-05 02:22:05.666 26278 26278 W Glide   :  call GlideException#logRootCauses(String) for more detail
08-05 02:22:05.666 26278 26278 W Glide   :     Cause (1 of 1): class com.bumptech.glide.load.HttpException: 
08-05 02:22:05.667 26278 26278 I Glide   : Root cause (1 of 1)
08-05 02:22:05.667 26278 26278 I Glide   : com.bumptech.glide.load.HttpException: 
08-05 02:22:05.667 26278 26278 I Glide   : 	at com.bumptech.glide.integration.okhttp3.OkHttpStreamFetcher.onResponse(OkHttpStreamFetcher.java:73)
08-05 02:22:05.667 26278 26278 I Glide   : 	at okhttp3.RealCall$AsyncCall.execute(RealCall.java:174)
08-05 02:22:05.667 26278 26278 I Glide   : 	at okhttp3.internal.NamedRunnable.run(NamedRunnable.java:32)
08-05 02:22:05.667 26278 26278 I Glide   : 	at java.util.concurrent.ThreadPoolExecutor.runWorker(ThreadPoolExecutor.java:1113)
08-05 02:22:05.667 26278 26278 I Glide   : 	at java.util.concurrent.ThreadPoolExecutor$Worker.run(ThreadPoolExecutor.java:588)
08-05 02:22:05.667 26278 26278 I Glide   : 	at java.lang.Thread.run(Thread.java:818)
08-05 02:22:05.675 26278 26300 I art     : Starting a blocking GC Explicit
08-05 02:22:05.714 26278 26300 I art     : Explicit concurrent mark sweep GC freed 385(38KB) AllocSpace objects, 0(0B) LOS objects, 23% free, 50MB/66MB, paused 1.471ms total 39.383ms
08-05 02:22:05.727 26278 26300 I art     : Starting a blocking GC Explicit
08-05 02:22:05.766 26278 26300 I art     : Explicit concurrent mark sweep GC freed 16(656B) AllocSpace objects, 0(0B) LOS objects, 23% free, 50MB/66MB, paused 1.467ms total 38.668ms
08-05 02:22:06.168 26278 27471 I art     : Starting a blocking GC Explicit
08-05 02:22:06.225 26278 27471 I art     : Explicit concurrent mark sweep GC freed 1384(81KB) AllocSpace objects, 1(20KB) LOS objects, 23% free, 50MB/66MB, paused 1.767ms total 56.672ms
08-05 02:22:06.242 26278 27471 I art     : Starting a blocking GC Explicit
08-05 02:22:06.293 26278 27471 I art     : Explicit concurrent mark sweep GC freed 40(1344B) AllocSpace objects, 0(0B) LOS objects, 23% free, 50MB/66MB, paused 1.593ms total 50.640ms
08-05 02:22:06.307 26278 27471 I art     : Starting a blocking GC Explicit
08-05 02:22:06.351 26278 27471 I art     : Explicit concurrent mark sweep GC freed 32(880B) AllocSpace objects, 0(0B) LOS objects, 23% free, 50MB/66MB, paused 1.653ms total 43.793ms
08-05 02:22:06.364 26278 27471 I art     : Starting a blocking GC Explicit
08-05 02:22:06.414 26278 27471 I art     : Explicit concurrent mark sweep GC freed 16(512B) AllocSpace objects, 0(0B) LOS objects, 23% free, 50MB/66MB, paused 1.489ms total 50.194ms
08-05 02:22:06.428 26278 27471 I art     : Starting a blocking GC Explicit
08-05 02:22:06.472 26278 27471 I art     : Explicit concurrent mark sweep GC freed 32(1056B) AllocSpace objects, 0(0B) LOS objects, 23% free, 50MB/66MB, paused 1.598ms total 43.204ms
08-05 02:22:06.873 26278 26290 I art     : Starting a blocking GC Explicit
08-05 02:22:06.926 26278 26290 I art     : Explicit concurrent mark sweep GC freed 1414(82KB) AllocSpace objects, 1(20KB) LOS objects, 23% free, 50MB/66MB, paused 1.584ms total 52.787ms
08-05 02:22:06.940 26278 26290 I art     : Starting a blocking GC Explicit
08-05 02:22:06.987 26278 26290 I art     : Explicit concurrent mark sweep GC freed 23(752B) AllocSpace objects, 0(0B) LOS objects, 23% free, 50MB/66MB, paused 1.618ms total 46.763ms
08-05 02:22:07.000 26278 26290 I art     : Starting a blocking GC Explicit
08-05 02:22:07.047 26278 26290 I art     : Explicit concurrent mark sweep GC freed 3(96B) AllocSpace objects, 0(0B) LOS objects, 23% free, 50MB/66MB, paused 1.722ms total 47.218ms
08-05 02:22:07.061 26278 26290 I art     : Starting a blocking GC Explicit
08-05 02:22:07.108 26278 26290 I art     : Explicit concurrent mark sweep GC freed 3(96B) AllocSpace objects, 0(0B) LOS objects, 23% free, 50MB/66MB, paused 1.707ms total 47.377ms
08-05 02:22:07.122 26278 26290 I art     : Starting a blocking GC Explicit
08-05 02:22:07.170 26278 26290 I art     : Explicit concurrent mark sweep GC freed 3(96B) AllocSpace objects, 0(0B) LOS objects, 23% free, 50MB/66MB, paused 1.594ms total 48.007ms
08-05 02:22:07.594 26278 26291 I art     : Starting a blocking GC Explicit
08-05 02:22:07.656 26278 26291 I art     : Explicit concurrent mark sweep GC freed 1410(81KB) AllocSpace objects, 1(20KB) LOS objects, 23% free, 50MB/66MB, paused 1.715ms total 62.146ms
08-05 02:22:07.672 26278 26291 I art     : Starting a blocking GC Explicit
08-05 02:22:07.719 26278 26291 I art     : Explicit concurrent mark sweep GC freed 23(752B) AllocSpace objects, 0(0B) LOS objects, 23% free, 50MB/66MB, paused 1.606ms total 46.415ms
08-05 02:22:07.733 26278 26291 I art     : Starting a blocking GC Explicit
08-05 02:22:07.781 26278 26291 I art     : Explicit concurrent mark sweep GC freed 3(96B) AllocSpace objects, 0(0B) LOS objects, 23% free, 50MB/66MB, paused 1.635ms total 47.827ms
08-05 02:22:07.794 26278 26291 I art     : Starting a blocking GC Explicit
08-05 02:22:07.841 26278 26291 I art     : Explicit concurrent mark sweep GC freed 3(96B) AllocSpace objects, 0(0B) LOS objects, 23% free, 50MB/66MB, paused 1.660ms total 46.080ms
08-05 02:22:07.855 26278 26291 I art     : Starting a blocking GC Explicit
08-05 02:22:07.902 26278 26291 I art     : Explicit concurrent mark sweep GC freed 3(96B) AllocSpace objects, 0(0B) LOS objects, 23% free, 50MB/66MB, paused 1.633ms total 47.456ms
08-05 02:22:08.283 26278 26300 I art     : Starting a blocking GC Explicit
08-05 02:22:08.346 26278 26300 I art     : Explicit concurrent mark sweep GC freed 1410(81KB) AllocSpace objects, 1(20KB) LOS objects, 23% free, 50MB/66MB, paused 1.708ms total 62.011ms
08-05 02:22:08.362 26278 26300 I art     : Starting a blocking GC Explicit
08-05 02:22:08.410 26278 26300 I art     : Explicit concurrent mark sweep GC freed 23(752B) AllocSpace objects, 0(0B) LOS objects, 23% free, 50MB/66MB, paused 1.623ms total 47.253ms
08-05 02:22:08.427 26278 26300 I art     : Starting a blocking GC Explicit
08-05 02:22:08.473 26278 26300 I art     : Explicit concurrent mark sweep GC freed 3(96B) AllocSpace objects, 0(0B) LOS objects, 23% free, 50MB/66MB, paused 1.604ms total 45.082ms
08-05 02:22:08.487 26278 26300 I art     : Starting a blocking GC Explicit
08-05 02:22:08.534 26278 26300 I art     : Explicit concurrent mark sweep GC freed 3(96B) AllocSpace objects, 0(0B) LOS objects, 23% free, 50MB/66MB, paused 1.631ms total 47.054ms
08-05 02:22:08.548 26278 26300 I art     : Starting a blocking GC Explicit
08-05 02:22:08.595 26278 26300 I art     : Explicit concurrent mark sweep GC freed 3(96B) AllocSpace objects, 0(0B) LOS objects, 23% free, 50MB/66MB, paused 1.632ms total 46.967ms
08-05 02:22:08.973 26278 26291 I art     : Starting a blocking GC Explicit
08-05 02:22:09.029 26278 26291 I art     : Explicit concurrent mark sweep GC freed 1425(83KB) AllocSpace objects, 1(20KB) LOS objects, 23% free, 50MB/66MB, paused 1.777ms total 55.889ms
08-05 02:22:09.045 26278 26291 I art     : Starting a blocking GC Explicit
08-05 02:22:09.093 26278 26291 I art     : Explicit concurrent mark sweep GC freed 29(976B) AllocSpace objects, 0(0B) LOS objects, 23% free, 50MB/66MB, paused 1.526ms total 47.642ms
08-05 02:22:09.107 26278 26291 I art     : Starting a blocking GC Explicit
08-05 02:22:09.154 26278 26291 I art     : Explicit concurrent mark sweep GC freed 3(96B) AllocSpace objects, 0(0B) LOS objects, 23% free, 50MB/66MB, paused 1.569ms total 47.009ms
08-05 02:22:09.167 26278 26291 I art     : Starting a blocking GC Explicit
08-05 02:22:09.215 26278 26291 I art     : Explicit concurrent mark sweep GC freed 3(96B) AllocSpace objects, 0(0B) LOS objects, 23% free, 50MB/66MB, paused 1.627ms total 47.460ms
08-05 02:22:09.229 26278 26291 I art     : Starting a blocking GC Explicit
08-05 02:22:09.278 26278 26291 I art     : Explicit concurrent mark sweep GC freed 3(96B) AllocSpace objects, 0(0B) LOS objects, 23% free, 50MB/66MB, paused 1.713ms total 48.821ms
08-05 02:22:09.673 26278 27471 I art     : Starting a blocking GC Explicit
08-05 02:22:09.730 26278 27471 I art     : Explicit concurrent mark sweep GC freed 1411(82KB) AllocSpace objects, 1(20KB) LOS objects, 23% free, 50MB/66MB, paused 1.673ms total 56.862ms
08-05 02:22:09.746 26278 27471 I art     : Starting a blocking GC Explicit
08-05 02:22:09.796 26278 27471 I art     : Explicit concurrent mark sweep GC freed 23(752B) AllocSpace objects, 0(0B) LOS objects, 23% free, 50MB/66MB, paused 1.700ms total 49.609ms
08-05 02:22:09.814 26278 27471 I art     : Starting a blocking GC Explicit
08-05 02:22:09.861 26278 27471 I art     : Explicit concurrent mark sweep GC freed 3(96B) AllocSpace objects, 0(0B) LOS objects, 23% free, 50MB/66MB, paused 1.656ms total 46.609ms
08-05 02:22:09.874 26278 27471 I art     : Starting a blocking GC Explicit
08-05 02:22:09.923 26278 27471 I art     : Explicit concurrent mark sweep GC freed 3(96B) AllocSpace objects, 0(0B) LOS objects, 23% free, 50MB/66MB, paused 1.748ms total 48.702ms
08-05 02:22:09.941 26278 27471 I art     : Starting a blocking GC Explicit
08-05 02:22:09.947   518   646 I ThermalEngine: ACTION: GPU - Setting GPU[0] to 510000000
08-05 02:22:09.983 26278 27471 I art     : Explicit concurrent mark sweep GC freed 3(96B) AllocSpace objects, 0(0B) LOS objects, 23% free, 50MB/66MB, paused 1.542ms total 42.214ms
08-05 02:22:10.325 26278 26290 I art     : Starting a blocking GC Explicit
08-05 02:22:10.366 26278 26290 I art     : Explicit concurrent mark sweep GC freed 1416(82KB) AllocSpace objects, 1(20KB) LOS objects, 23% free, 50MB/66MB, paused 1.246ms total 40.568ms
08-05 02:22:10.376 26278 26290 I art     : Starting a blocking GC Explicit
08-05 02:22:10.407 29412 29412 D AndroidRuntime: >>>>>> START com.android.internal.os.RuntimeInit uid 2000 <<<<<<
08-05 02:22:10.411 26278 26290 I art     : Explicit concurrent mark sweep GC freed 23(752B) AllocSpace objects, 0(0B) LOS objects, 23% free, 50MB/66MB, paused 1.245ms total 34.136ms
08-05 02:22:10.412 29412 29412 D AndroidRuntime: CheckJNI is OFF
08-05 02:22:10.421 26278 26290 I art     : Starting a blocking GC Explicit
08-05 02:22:10.446 29412 29412 D ICU     : No timezone override file found: /data/misc/zoneinfo/current/icu/icu_tzdata.dat
08-05 02:22:10.454 26278 26290 I art     : Explicit concurrent mark sweep GC freed 3(96B) AllocSpace objects, 0(0B) LOS objects, 23% free, 50MB/66MB, paused 1.167ms total 32.819ms
08-05 02:22:10.464 26278 26290 I art     : Starting a blocking GC Explicit
08-05 02:22:10.480 29412 29412 I Radio-JNI: register_android_hardware_Radio DONE
08-05 02:22:10.497 26278 26290 I art     : Explicit concurrent mark sweep GC freed 3(96B) AllocSpace objects, 0(0B) LOS objects, 23% free, 50MB/66MB, paused 1.214ms total 32.860ms
08-05 02:22:10.502 29412 29412 D AndroidRuntime: Calling main entry com.android.commands.input.Input
08-05 02:22:10.504 29412 29412 I Input   : injectMotionEvent: MotionEvent { action=ACTION_DOWN, actionButton=0, id[0]=0, x[0]=526.0, y[0]=597.0, toolType[0]=TOOL_TYPE_UNKNOWN, buttonState=0, metaState=0, flags=0x0, edgeFlags=0x0, pointerCount=1, historySize=0, eventTime=757346917, downTime=757346917, deviceId=0, source=0x1002 }
08-05 02:22:10.507 26278 26290 I art     : Starting a blocking GC Explicit
08-05 02:22:10.509 29412 29412 I Input   : injectMotionEvent: MotionEvent { action=ACTION_UP, actionButton=0, id[0]=0, x[0]=526.0, y[0]=597.0, toolType[0]=TOOL_TYPE_UNKNOWN, buttonState=0, metaState=0, flags=0x0, edgeFlags=0x0, pointerCount=1, historySize=0, eventTime=757346917, downTime=757346917, deviceId=0, source=0x1002 }
08-05 02:22:10.511 29412 29412 D AndroidRuntime: Shutting down VM
08-05 02:22:10.540 26278 26290 I art     : Explicit concurrent mark sweep GC freed 21(672B) AllocSpace objects, 0(0B) LOS objects, 23% free, 50MB/66MB, paused 1.254ms total 33.033ms
08-05 02:22:10.575 26278 26278 D PodcastListFragment: Selected podcast: GpodnetPodcast [url=http://feeds.feedburner.com/linuxoutlaws, title=Linux Outlaws, description=Two pragmatic geeks talk about the latest news concerning Linux, free and open
08-05 02:22:10.575 26278 26278 D PodcastListFragment: technology or anything else they deem noteworthy which may include such absurd
08-05 02:22:10.575 26278 26278 D PodcastListFragment: things as hockey or bands you never heard of. This means there's many a joke
08-05 02:22:10.575 26278 26278 D PodcastListFragment: and derailed conversation along the way, so don't come here expecting only
08-05 02:22:10.575 26278 26278 D PodcastListFragment: Linux or software freedom talk  just sit back and relax, partner., subscribers=3321, logoUrl=http://sixgun.org/files/linuxoutlaws.jpg, website=http://sixgun.org, mygpoLink=http://gpodder.net/podcast/linux-outlaws-mp3]
08-05 02:22:10.576   918  6112 I ActivityManager: START u0 {cmp=baseline.de.danoeh.antennapod.debug/baseline.de.danoeh.antennapod.activity.OnlineFeedViewActivity (has extras)} from uid 10691 on display 0
08-05 02:22:10.578   512  2967 D audio_hw_primary: out_set_parameters: enter: usecase(1: low-latency-playback) kvpairs: routing=2
08-05 02:22:10.591   512  2967 D audio_hw_primary: select_devices: out_snd_device(2: speaker) in_snd_device(0: none)
08-05 02:22:10.591   512  2967 D msm8974_platform: platform_send_audio_calibration: sending audio calibration for snd_device(2) acdb_id(15)
08-05 02:22:10.591   512  2967 I soundtrigger: audio_extn_sound_trigger_update_device_status: device 0x2 of type 0 for Event 1
08-05 02:22:10.602   512  2967 D audio_hw_primary: enable_snd_device: snd_device(2: speaker)
08-05 02:22:10.604   512  2967 D audio_hw_primary: enable_audio_route: apply and update mixer path: low-latency-playback speaker
08-05 02:22:10.610 26278 26278 D UserPreferences: Using default data folder
08-05 02:22:10.611 26278 26278 D OnlineFeedViewActivity: Activity was started with url http://feeds.feedburner.com/linuxoutlaws
08-05 02:22:10.613 26278 26278 D OnlineFeedViewActivity: Starting feed download
08-05 02:22:10.616 26278 26298 D DBReader: Extracting Feedlist
08-05 02:22:10.617   918   929 D WifiService: acquireWifiLockLocked: WifiLock{Downloader type=1 binder=android.os.BinderProxy@149bb07}
08-05 02:22:10.618 26278 26298 D AntennapodHttpClient: Creating new instance of HTTP client
08-05 02:22:10.671 13866 13866 I GoogleInputMethodServic: GoogleInputMethodService.onFinishInput():3138 
08-05 02:22:10.671 13866 13866 I GoogleInputMethodServic: GoogleInputMethodService.onStartInput():1808 
08-05 02:22:10.696   918   936 I ActivityManager: Displayed baseline.de.danoeh.antennapod.debug/baseline.de.danoeh.antennapod.activity.OnlineFeedViewActivity: +102ms
08-05 02:22:10.707 26278 26298 D MYTAG   : interceptor 3a http://feeds.feedburner.com/linuxoutlaws
08-05 02:22:10.707 26278 26298 I NAPPA_EXPERIMENTATION: MetricNetworkRequestExecutionTime: REQUEST_DURATION_SYSTEM='88',REQUEST_DURATION_OKHTTP='42',REQUEST_SYNCHRONOUS='TRUE',RESPONSE_CODE='200',RESPONSE_METHOD='GET',RESPONSE_LENGTH_OKHTTP='-1',RESPONSE_LENGTH_HEADER='-2',REQUEST_PROTOCOL='http/1.1',REQUEST_URL='http://feeds.feedburner.com/linuxoutlaws',
08-05 02:22:10.707 26278 26298 D HttpDownloader: Response code is 200
08-05 02:22:10.707 26278 26298 D UserPreferences: Using default data folder
08-05 02:22:10.709 26278 26298 D HttpDownloader: Getting size of download
08-05 02:22:10.710 26278 26298 D HttpDownloader: Size is -1
08-05 02:22:10.710 26278 26298 D UserPreferences: Using default data folder
08-05 02:22:10.710 26278 26298 D HttpDownloader: Free space is 20447760384
08-05 02:22:10.710 26278 26298 D HttpDownloader: Starting download
08-05 02:22:10.729 26278 26298 D HttpDownloader: Download was successful
08-05 02:22:10.731   918  3696 D WifiService: releaseWifiLockLocked: WifiLock{Downloader type=1 binder=android.os.BinderProxy@149bb07}
08-05 02:22:10.731 26278 26299 D OpenGLRenderer: endAllStagingAnimators on 0x7f7c39d800 (GridView) with handle 0x7f7e36b560
08-05 02:22:10.735 26278 26278 D OnlineFeedViewActivity: Parsing feed
08-05 02:22:10.739 26278 29446 D TypeGetter: Recognized type RSS 2.0
08-05 02:22:10.741 26278 29446 D SyndHandler: Recognized Content namespace
08-05 02:22:10.741 26278 29446 D SyndHandler: Recognized DublinCore namespace
08-05 02:22:10.741 26278 29446 D SyndHandler: Recognized Atom namespace
08-05 02:22:10.741 26278 29446 D SyndHandler: Recognized ITunes namespace
08-05 02:22:10.742 26278 29446 D SyndHandler: Recognized media namespace
08-05 02:22:10.770 26278 29446 D OnlineFeedViewActivity: Deleted feed source file. Result: true
08-05 02:22:10.771 26278 26278 D OnlineFeedViewActivity: Removing HTML from shownotes
08-05 02:22:10.786 26278 27223 D ApOkHttpUrlLoader: buildLoadData() called with: model = [http://sixgun.org/files/linuxoutlaws.jpg], width = [350], height = [350]
08-05 02:22:10.789 26278 27030 D DBReader: getImageAuthentication() called with: imageUrl = [http://sixgun.org/files/linuxoutlaws.jpg]
08-05 02:22:10.791 26278 27030 D ApOkHttpUrlLoader: no credentials for 'http://sixgun.org/files/linuxoutlaws.jpg'
08-05 02:22:10.827 26278 26291 I art     : Starting a blocking GC Explicit
08-05 02:22:10.832 26278 27030 D DBWriter: updateFeedDownloadURL(original: http://sixgun.org/files/linuxoutlaws.jpg, updated: https://fab.industries/sixgun/files/linuxoutlaws.jpg)
08-05 02:22:10.869 26278 26291 I art     : Explicit concurrent mark sweep GC freed 15236(1303KB) AllocSpace objects, 16(848KB) LOS objects, 23% free, 51MB/67MB, paused 1.194ms total 41.755ms
08-05 02:22:10.882 26278 26291 I art     : Starting a blocking GC Explicit
08-05 02:22:10.922 26278 26291 I art     : Explicit concurrent mark sweep GC freed 1495(68KB) AllocSpace objects, 0(0B) LOS objects, 23% free, 51MB/67MB, paused 1.228ms total 38.959ms
08-05 02:22:10.934 26278 26291 I art     : Starting a blocking GC Explicit
08-05 02:22:10.942   380   380 W SurfaceFlinger: couldn't log to binary event log: overflow.
08-05 02:22:10.972 26278 26291 I art     : Explicit concurrent mark sweep GC freed 7(256B) AllocSpace objects, 0(0B) LOS objects, 23% free, 51MB/67MB, paused 1.268ms total 37.556ms
08-05 02:22:10.979 26278 27030 D MYTAG   : interceptor 2a
08-05 02:22:10.979 26278 27030 I NAPPA_EXPERIMENTATION: MetricNetworkRequestExecutionTime: REQUEST_DURATION_SYSTEM='188',REQUEST_DURATION_OKHTTP='143',REQUEST_SYNCHRONOUS='TRUE',RESPONSE_CODE='404',RESPONSE_METHOD='GET',RESPONSE_LENGTH_OKHTTP='-1',RESPONSE_LENGTH_HEADER='1503',REQUEST_PROTOCOL='h2',REQUEST_URL='https://fab.industries/sixgun/files/linuxoutlaws.jpg',
08-05 02:22:10.980 26278 26278 W Glide   : Load failed for http://sixgun.org/files/linuxoutlaws.jpg with size [350x350]
08-05 02:22:10.980 26278 26278 W Glide   : class com.bumptech.glide.load.engine.GlideException: Failed to load resource
08-05 02:22:10.980 26278 26278 W Glide   : There was 1 cause:
08-05 02:22:10.980 26278 26278 W Glide   : com.bumptech.glide.load.HttpException()
08-05 02:22:10.980 26278 26278 W Glide   :  call GlideException#logRootCauses(String) for more detail
08-05 02:22:10.980 26278 26278 W Glide   :   Cause (1 of 1): class com.bumptech.glide.load.engine.GlideException: Fetching data failed, class java.io.InputStream, REMOTE
08-05 02:22:10.980 26278 26278 W Glide   : There was 1 cause:
08-05 02:22:10.980 26278 26278 W Glide   : com.bumptech.glide.load.HttpException()
08-05 02:22:10.980 26278 26278 W Glide   :  call GlideException#logRootCauses(String) for more detail
08-05 02:22:10.980 26278 26278 W Glide   :     Cause (1 of 1): class com.bumptech.glide.load.HttpException: 
08-05 02:22:10.980 26278 26278 I Glide   : Root cause (1 of 1)
08-05 02:22:10.980 26278 26278 I Glide   : com.bumptech.glide.load.HttpException: 
08-05 02:22:10.980 26278 26278 I Glide   : 	at com.bumptech.glide.integration.okhttp3.OkHttpStreamFetcher.onResponse(OkHttpStreamFetcher.java:73)
08-05 02:22:10.980 26278 26278 I Glide   : 	at okhttp3.RealCall$AsyncCall.execute(RealCall.java:174)
08-05 02:22:10.980 26278 26278 I Glide   : 	at okhttp3.internal.NamedRunnable.run(NamedRunnable.java:32)
08-05 02:22:10.980 26278 26278 I Glide   : 	at java.util.concurrent.ThreadPoolExecutor.runWorker(ThreadPoolExecutor.java:1113)
08-05 02:22:10.980 26278 26278 I Glide   : 	at java.util.concurrent.ThreadPoolExecutor$Worker.run(ThreadPoolExecutor.java:588)
08-05 02:22:10.980 26278 26278 I Glide   : 	at java.lang.Thread.run(Thread.java:818)
08-05 02:22:10.983 26278 26291 I art     : Starting a blocking GC Explicit
08-05 02:22:11.014 26278 26291 I art     : Explicit concurrent mark sweep GC freed 459(48KB) AllocSpace objects, 0(0B) LOS objects, 23% free, 51MB/67MB, paused 1.067ms total 31.020ms
08-05 02:22:11.024 26278 26291 I art     : Starting a blocking GC Explicit
08-05 02:22:11.055 26278 26291 I art     : Explicit concurrent mark sweep GC freed 14(576B) AllocSpace objects, 0(0B) LOS objects, 23% free, 51MB/67MB, paused 1.166ms total 31.032ms
08-05 02:22:11.062 26278 26278 D PlaybackController: Releasing PlaybackController
08-05 02:22:11.139   512  2967 D audio_hw_primary: disable_audio_route: reset and update mixer path: low-latency-playback speaker
08-05 02:22:11.140   512  2967 D audio_hw_primary: disable_snd_device: snd_device(2: speaker)
08-05 02:22:11.148   512  2967 I soundtrigger: audio_extn_sound_trigger_update_device_status: device 0x2 of type 0 for Event 0
08-05 02:22:11.387 26278 27471 I art     : Starting a blocking GC Explicit
08-05 02:22:11.428 26278 27471 I art     : Explicit concurrent mark sweep GC freed 1693(97KB) AllocSpace objects, 2(132KB) LOS objects, 23% free, 51MB/67MB, paused 1.628ms total 41.169ms
08-05 02:22:11.444 26278 27471 I art     : Starting a blocking GC Explicit
08-05 02:22:11.482 26278 27471 I art     : Explicit concurrent mark sweep GC freed 47(1552B) AllocSpace objects, 0(0B) LOS objects, 23% free, 51MB/67MB, paused 1.237ms total 36.958ms
08-05 02:22:11.492 26278 27471 I art     : Starting a blocking GC Explicit
08-05 02:22:11.529 26278 27471 I art     : Explicit concurrent mark sweep GC freed 3(96B) AllocSpace objects, 0(0B) LOS objects, 23% free, 51MB/67MB, paused 1.219ms total 36.551ms
08-05 02:22:11.540 26278 27471 I art     : Starting a blocking GC Explicit
08-05 02:22:11.577 26278 27471 I art     : Explicit concurrent mark sweep GC freed 3(96B) AllocSpace objects, 0(0B) LOS objects, 23% free, 51MB/67MB, paused 1.213ms total 36.678ms
08-05 02:22:11.587 26278 27471 I art     : Starting a blocking GC Explicit
08-05 02:22:11.624 26278 27471 I art     : Explicit concurrent mark sweep GC freed 3(96B) AllocSpace objects, 0(0B) LOS objects, 23% free, 51MB/67MB, paused 1.243ms total 36.928ms
08-05 02:22:11.949 26278 26291 I art     : Starting a blocking GC Explicit
08-05 02:22:11.993 26278 26291 I art     : Explicit concurrent mark sweep GC freed 1381(81KB) AllocSpace objects, 1(20KB) LOS objects, 23% free, 51MB/67MB, paused 1.308ms total 43.242ms
08-05 02:22:12.006 26278 26291 I art     : Starting a blocking GC Explicit
08-05 02:22:12.044 26278 26291 I art     : Explicit concurrent mark sweep GC freed 23(752B) AllocSpace objects, 0(0B) LOS objects, 23% free, 51MB/67MB, paused 1.211ms total 37.205ms
08-05 02:22:12.055 26278 26291 I art     : Starting a blocking GC Explicit
08-05 02:22:12.091 26278 26291 I art     : Explicit concurrent mark sweep GC freed 3(96B) AllocSpace objects, 0(0B) LOS objects, 23% free, 51MB/67MB, paused 1.220ms total 36.665ms
08-05 02:22:12.102 26278 26291 I art     : Starting a blocking GC Explicit
08-05 02:22:12.140 26278 26291 I art     : Explicit concurrent mark sweep GC freed 3(96B) AllocSpace objects, 0(0B) LOS objects, 23% free, 51MB/67MB, paused 1.354ms total 36.988ms
08-05 02:22:12.150 26278 26291 I art     : Starting a blocking GC Explicit
08-05 02:22:12.188 26278 26291 I art     : Explicit concurrent mark sweep GC freed 3(96B) AllocSpace objects, 0(0B) LOS objects, 23% free, 51MB/67MB, paused 1.316ms total 37.389ms
08-05 02:22:12.561 26278 26291 I art     : Starting a blocking GC Explicit
08-05 02:22:12.602 26278 26291 I art     : Explicit concurrent mark sweep GC freed 1436(82KB) AllocSpace objects, 1(20KB) LOS objects, 23% free, 51MB/67MB, paused 1.269ms total 40.036ms
08-05 02:22:12.614 26278 26291 I art     : Starting a blocking GC Explicit
08-05 02:22:12.648 26278 26291 I art     : Explicit concurrent mark sweep GC freed 27(880B) AllocSpace objects, 0(0B) LOS objects, 23% free, 51MB/67MB, paused 1.100ms total 34.424ms
08-05 02:22:12.659 26278 26291 I art     : Starting a blocking GC Explicit
08-05 02:22:12.694 26278 26291 I art     : Explicit concurrent mark sweep GC freed 3(96B) AllocSpace objects, 0(0B) LOS objects, 23% free, 51MB/67MB, paused 1.102ms total 34.675ms
08-05 02:22:12.704 26278 26291 I art     : Starting a blocking GC Explicit
08-05 02:22:12.741 26278 26291 I art     : Explicit concurrent mark sweep GC freed 3(96B) AllocSpace objects, 0(0B) LOS objects, 23% free, 51MB/67MB, paused 1.350ms total 36.050ms
08-05 02:22:12.751 26278 26291 I art     : Starting a blocking GC Explicit
08-05 02:22:12.788 26278 26291 I art     : Explicit concurrent mark sweep GC freed 3(96B) AllocSpace objects, 0(0B) LOS objects, 23% free, 51MB/67MB, paused 1.304ms total 36.943ms
08-05 02:22:13.156 26278 26290 I art     : Starting a blocking GC Explicit
08-05 02:22:13.205 26278 26290 I art     : Explicit concurrent mark sweep GC freed 1381(81KB) AllocSpace objects, 1(20KB) LOS objects, 23% free, 51MB/67MB, paused 1.336ms total 48.707ms
08-05 02:22:13.218 26278 26290 I art     : Starting a blocking GC Explicit
08-05 02:22:13.256 26278 26290 I art     : Explicit concurrent mark sweep GC freed 23(752B) AllocSpace objects, 0(0B) LOS objects, 23% free, 51MB/67MB, paused 1.238ms total 37.700ms
08-05 02:22:13.267 26278 26290 I art     : Starting a blocking GC Explicit
08-05 02:22:13.305 26278 26290 I art     : Explicit concurrent mark sweep GC freed 3(96B) AllocSpace objects, 0(0B) LOS objects, 23% free, 51MB/67MB, paused 1.247ms total 37.469ms
08-05 02:22:13.316 26278 26290 I art     : Starting a blocking GC Explicit
08-05 02:22:13.354 26278 26290 I art     : Explicit concurrent mark sweep GC freed 32(880B) AllocSpace objects, 0(0B) LOS objects, 23% free, 51MB/67MB, paused 1.248ms total 37.580ms
08-05 02:22:13.364 26278 26290 I art     : Starting a blocking GC Explicit
08-05 02:22:13.403 26278 26290 I art     : Explicit concurrent mark sweep GC freed 3(96B) AllocSpace objects, 0(0B) LOS objects, 23% free, 51MB/67MB, paused 1.250ms total 37.964ms
08-05 02:22:13.776 26278 27471 I art     : Starting a blocking GC Explicit
08-05 02:22:13.810 26278 27471 I art     : Explicit concurrent mark sweep GC freed 1381(81KB) AllocSpace objects, 1(20KB) LOS objects, 23% free, 51MB/67MB, paused 1.120ms total 33.093ms
08-05 02:22:13.820 26278 27471 I art     : Starting a blocking GC Explicit
08-05 02:22:13.855 26278 27471 I art     : Explicit concurrent mark sweep GC freed 23(752B) AllocSpace objects, 0(0B) LOS objects, 23% free, 51MB/67MB, paused 1.197ms total 34.717ms
08-05 02:22:13.865 26278 27471 I art     : Starting a blocking GC Explicit
08-05 02:22:13.901 26278 27471 I art     : Explicit concurrent mark sweep GC freed 17(544B) AllocSpace objects, 0(0B) LOS objects, 23% free, 51MB/67MB, paused 1.225ms total 35.772ms
08-05 02:22:13.911 26278 27471 I art     : Starting a blocking GC Explicit
08-05 02:22:13.949 26278 27471 I art     : Explicit concurrent mark sweep GC freed 3(96B) AllocSpace objects, 0(0B) LOS objects, 23% free, 51MB/67MB, paused 1.332ms total 37.318ms
08-05 02:22:13.960 26278 27471 I art     : Starting a blocking GC Explicit
08-05 02:22:13.997 26278 27471 I art     : Explicit concurrent mark sweep GC freed 3(96B) AllocSpace objects, 0(0B) LOS objects, 23% free, 51MB/67MB, paused 1.310ms total 37.359ms
08-05 02:22:14.363 26278 26290 I art     : Starting a blocking GC Explicit
08-05 02:22:14.411 26278 26290 I art     : Explicit concurrent mark sweep GC freed 1412(84KB) AllocSpace objects, 1(20KB) LOS objects, 23% free, 51MB/67MB, paused 1.331ms total 47.187ms
08-05 02:22:14.424 26278 26290 I art     : Starting a blocking GC Explicit
08-05 02:22:14.461 26278 26290 I art     : Explicit concurrent mark sweep GC freed 23(752B) AllocSpace objects, 0(0B) LOS objects, 23% free, 51MB/67MB, paused 1.227ms total 37.021ms
08-05 02:22:14.472 26278 26290 I art     : Starting a blocking GC Explicit
08-05 02:22:14.510 26278 26290 I art     : Explicit concurrent mark sweep GC freed 3(96B) AllocSpace objects, 0(0B) LOS objects, 23% free, 51MB/67MB, paused 1.264ms total 37.193ms
08-05 02:22:14.520 26278 26290 I art     : Starting a blocking GC Explicit
08-05 02:22:14.559 26278 26290 I art     : Explicit concurrent mark sweep GC freed 3(96B) AllocSpace objects, 0(0B) LOS objects, 23% free, 51MB/67MB, paused 1.277ms total 37.873ms
08-05 02:22:14.569 26278 26290 I art     : Starting a blocking GC Explicit
08-05 02:22:14.608 26278 26290 I art     : Explicit concurrent mark sweep GC freed 3(96B) AllocSpace objects, 0(0B) LOS objects, 23% free, 51MB/67MB, paused 1.330ms total 38.086ms
08-05 02:22:14.713 28959 28959 I ServiceManager: Waiting for service AtCmdFwd...
08-05 02:22:14.948 26278 26291 I art     : Starting a blocking GC Explicit
08-05 02:22:14.985 26278 26291 I art     : Explicit concurrent mark sweep GC freed 1384(81KB) AllocSpace objects, 1(20KB) LOS objects, 23% free, 51MB/67MB, paused 1.337ms total 36.968ms
08-05 02:22:14.996 26278 26291 I art     : Starting a blocking GC Explicit
08-05 02:22:15.031 26278 26291 I art     : Explicit concurrent mark sweep GC freed 23(752B) AllocSpace objects, 0(0B) LOS objects, 23% free, 51MB/67MB, paused 1.282ms total 35.481ms
08-05 02:22:15.041 26278 26291 I art     : Starting a blocking GC Explicit
08-05 02:22:15.077 26278 26291 I art     : Explicit concurrent mark sweep GC freed 3(96B) AllocSpace objects, 0(0B) LOS objects, 23% free, 51MB/67MB, paused 1.227ms total 35.037ms
08-05 02:22:15.087 26278 26291 I art     : Starting a blocking GC Explicit
08-05 02:22:15.123 26278 26291 I art     : Explicit concurrent mark sweep GC freed 3(96B) AllocSpace objects, 0(0B) LOS objects, 23% free, 51MB/67MB, paused 1.234ms total 35.738ms
08-05 02:22:15.134 26278 26291 I art     : Starting a blocking GC Explicit
08-05 02:22:15.169 26278 26291 I art     : Explicit concurrent mark sweep GC freed 3(96B) AllocSpace objects, 0(0B) LOS objects, 23% free, 51MB/67MB, paused 1.216ms total 35.281ms
08-05 02:22:15.217 29507 29507 D AndroidRuntime: >>>>>> START com.android.internal.os.RuntimeInit uid 2000 <<<<<<
08-05 02:22:15.222 29507 29507 D AndroidRuntime: CheckJNI is OFF
08-05 02:22:15.257 29507 29507 D ICU     : No timezone override file found: /data/misc/zoneinfo/current/icu/icu_tzdata.dat
08-05 02:22:15.293 29507 29507 I Radio-JNI: register_android_hardware_Radio DONE
08-05 02:22:15.315 29507 29507 D AndroidRuntime: Calling main entry com.android.commands.input.Input
08-05 02:22:15.316 29507 29507 I Input   : injectKeyEvent: KeyEvent { action=ACTION_DOWN, keyCode=KEYCODE_BACK, scanCode=0, metaState=0, flags=0x0, repeatCount=0, eventTime=757351729, downTime=757351729, deviceId=-1, source=0x101 }
08-05 02:22:15.322 29507 29507 I Input   : injectKeyEvent: KeyEvent { action=ACTION_UP, keyCode=KEYCODE_BACK, scanCode=0, metaState=0, flags=0x0, repeatCount=0, eventTime=757351729, downTime=757351729, deviceId=-1, source=0x101 }
08-05 02:22:15.329 29507 29507 D AndroidRuntime: Shutting down VM
08-05 02:22:15.338 26278 26278 V PlaybackController: initServiceNotRunning()
08-05 02:22:15.338 26278 26278 D ExternalPlayerFragment: Loading media info
08-05 02:22:15.340 26278 27223 D ApOkHttpUrlLoader: buildLoadData() called with: model = [http://sixgun.org/files/linuxoutlaws.jpg], width = [224], height = [224]
08-05 02:22:15.341 26278 27030 D DBReader: getImageAuthentication() called with: imageUrl = [http://sixgun.org/files/linuxoutlaws.jpg]
08-05 02:22:15.342 26278 26278 D UserPreferences: Using default data folder
08-05 02:22:15.342 26278 26298 D DBReader: getNavDrawerData() called with: 
08-05 02:22:15.344 26278 27030 D ApOkHttpUrlLoader: no credentials for 'http://sixgun.org/files/linuxoutlaws.jpg'
08-05 02:22:15.356 26278 26298 D DBReader: getDownloadedItems() called
08-05 02:22:15.357 26278 26298 D DBReader: getFavoriteIDList() called
08-05 02:22:15.358 26278 26298 D DBReader: getQueueIDList() called
08-05 02:22:15.358 26278 26298 D DBReader: Extracting Feedlist
08-05 02:22:15.373 26278 26278 D MainActivity: getLastNavFragment() -> AddFeedFragment
08-05 02:22:15.373 13866 13866 I GoogleInputMethodServic: GoogleInputMethodService.onFinishInput():3138 
08-05 02:22:15.374 13866 13866 I GoogleInputMethodServic: GoogleInputMethodService.onStartInput():1808 
08-05 02:22:15.407 26278 27030 D DBWriter: updateFeedDownloadURL(original: http://sixgun.org/files/linuxoutlaws.jpg, updated: https://fab.industries/sixgun/files/linuxoutlaws.jpg)
08-05 02:22:15.474 26278 26291 I art     : Starting a blocking GC Explicit
08-05 02:22:15.515 26278 26291 I art     : Explicit concurrent mark sweep GC freed 3134(186KB) AllocSpace objects, 1(20KB) LOS objects, 23% free, 51MB/67MB, paused 1.249ms total 40.273ms
08-05 02:22:15.531 26278 26291 I art     : Starting a blocking GC Explicit
08-05 02:22:15.557 26278 27030 D MYTAG   : interceptor 2a
08-05 02:22:15.557 26278 27030 I NAPPA_EXPERIMENTATION: MetricNetworkRequestExecutionTime: REQUEST_DURATION_SYSTEM='213',REQUEST_DURATION_OKHTTP='148',REQUEST_SYNCHRONOUS='TRUE',RESPONSE_CODE='404',RESPONSE_METHOD='GET',RESPONSE_LENGTH_OKHTTP='-1',RESPONSE_LENGTH_HEADER='1503',REQUEST_PROTOCOL='h2',REQUEST_URL='https://fab.industries/sixgun/files/linuxoutlaws.jpg',
08-05 02:22:15.558 26278 26278 W Glide   : Load failed for http://sixgun.org/files/linuxoutlaws.jpg with size [224x224]
08-05 02:22:15.558 26278 26278 W Glide   : class com.bumptech.glide.load.engine.GlideException: Failed to load resource
08-05 02:22:15.558 26278 26278 W Glide   : There was 1 cause:
08-05 02:22:15.558 26278 26278 W Glide   : com.bumptech.glide.load.HttpException()
08-05 02:22:15.558 26278 26278 W Glide   :  call GlideException#logRootCauses(String) for more detail
08-05 02:22:15.558 26278 26278 W Glide   :   Cause (1 of 1): class com.bumptech.glide.load.engine.GlideException: Fetching data failed, class java.io.InputStream, REMOTE
08-05 02:22:15.558 26278 26278 W Glide   : There was 1 cause:
08-05 02:22:15.558 26278 26278 W Glide   : com.bumptech.glide.load.HttpException()
08-05 02:22:15.558 26278 26278 W Glide   :  call GlideException#logRootCauses(String) for more detail
08-05 02:22:15.558 26278 26278 W Glide   :     Cause (1 of 1): class com.bumptech.glide.load.HttpException: 
08-05 02:22:15.558 26278 26278 I Glide   : Root cause (1 of 1)
08-05 02:22:15.558 26278 26278 I Glide   : com.bumptech.glide.load.HttpException: 
08-05 02:22:15.558 26278 26278 I Glide   : 	at com.bumptech.glide.integration.okhttp3.OkHttpStreamFetcher.onResponse(OkHttpStreamFetcher.java:73)
08-05 02:22:15.558 26278 26278 I Glide   : 	at okhttp3.RealCall$AsyncCall.execute(RealCall.java:174)
08-05 02:22:15.558 26278 26278 I Glide   : 	at okhttp3.internal.NamedRunnable.run(NamedRunnable.java:32)
08-05 02:22:15.558 26278 26278 I Glide   : 	at java.util.concurrent.ThreadPoolExecutor.runWorker(ThreadPoolExecutor.java:1113)
08-05 02:22:15.558 26278 26278 I Glide   : 	at java.util.concurrent.ThreadPoolExecutor$Worker.run(ThreadPoolExecutor.java:588)
08-05 02:22:15.558 26278 26278 I Glide   : 	at java.lang.Thread.run(Thread.java:818)
08-05 02:22:15.559 26278 26278 W Glide   : Load failed for http://sixgun.org/files/linuxoutlaws.jpg with size [224x224]
08-05 02:22:15.559 26278 26278 W Glide   : class com.bumptech.glide.load.engine.GlideException: Failed to load resource
08-05 02:22:15.559 26278 26278 W Glide   : There was 1 cause:
08-05 02:22:15.559 26278 26278 W Glide   : com.bumptech.glide.load.HttpException()
08-05 02:22:15.559 26278 26278 W Glide   :  call GlideException#logRootCauses(String) for more detail
08-05 02:22:15.559 26278 26278 W Glide   :   Cause (1 of 1): class com.bumptech.glide.load.engine.GlideException: Fetching data failed, class java.io.InputStream, REMOTE
08-05 02:22:15.559 26278 26278 W Glide   : There was 1 cause:
08-05 02:22:15.559 26278 26278 W Glide   : com.bumptech.glide.load.HttpException()
08-05 02:22:15.559 26278 26278 W Glide   :  call GlideException#logRootCauses(String) for more detail
08-05 02:22:15.559 26278 26278 W Glide   :     Cause (1 of 1): class com.bumptech.glide.load.HttpException: 
08-05 02:22:15.559 26278 26278 I Glide   : Root cause (1 of 1)
08-05 02:22:15.559 26278 26278 I Glide   : com.bumptech.glide.load.HttpException: 
08-05 02:22:15.559 26278 26278 I Glide   : 	at com.bumptech.glide.integration.okhttp3.OkHttpStreamFetcher.onResponse(OkHttpStreamFetcher.java:73)
08-05 02:22:15.559 26278 26278 I Glide   : 	at okhttp3.RealCall$AsyncCall.execute(RealCall.java:174)
08-05 02:22:15.559 26278 26278 I Glide   : 	at okhttp3.internal.NamedRunnable.run(NamedRunnable.java:32)
08-05 02:22:15.559 26278 26278 I Glide   : 	at java.util.concurrent.ThreadPoolExecutor.runWorker(ThreadPoolExecutor.java:1113)
08-05 02:22:15.559 26278 26278 I Glide   : 	at java.util.concurrent.ThreadPoolExecutor$Worker.run(ThreadPoolExecutor.java:588)
08-05 02:22:15.559 26278 26278 I Glide   : 	at java.lang.Thread.run(Thread.java:818)
08-05 02:22:15.574 26278 26291 I art     : Explicit concurrent mark sweep GC freed 883(94KB) AllocSpace objects, 0(0B) LOS objects, 23% free, 51MB/67MB, paused 1.453ms total 43.471ms
08-05 02:22:15.586 26278 26291 I art     : Starting a blocking GC Explicit
08-05 02:22:15.627 26278 26291 I art     : Explicit concurrent mark sweep GC freed 202(8KB) AllocSpace objects, 0(0B) LOS objects, 23% free, 51MB/67MB, paused 1.321ms total 40.805ms
08-05 02:22:15.641 26278 26291 I art     : Starting a blocking GC Explicit
08-05 02:22:15.680   380   380 W SurfaceFlinger: couldn't log to binary event log: overflow.
08-05 02:22:15.681 26278 26291 I art     : Explicit concurrent mark sweep GC freed 6(192B) AllocSpace objects, 0(0B) LOS objects, 23% free, 51MB/67MB, paused 1.227ms total 39.464ms
08-05 02:22:15.697 26278 26291 I art     : Starting a blocking GC Explicit
08-05 02:22:15.713 28959 28959 I ServiceManager: Waiting for service AtCmdFwd...
08-05 02:22:15.729 26278 26291 I art     : Explicit concurrent mark sweep GC freed 588(24KB) AllocSpace objects, 0(0B) LOS objects, 23% free, 51MB/67MB, paused 1.234ms total 31.638ms
08-05 02:22:16.046 26278 26300 I art     : Starting a blocking GC Explicit
08-05 02:22:16.093 26278 26300 I art     : Explicit concurrent mark sweep GC freed 4235(318KB) AllocSpace objects, 2(48KB) LOS objects, 23% free, 50MB/66MB, paused 1.250ms total 46.211ms
08-05 02:22:16.104 26278 26300 I art     : Starting a blocking GC Explicit
08-05 02:22:16.139 26278 26300 I art     : Explicit concurrent mark sweep GC freed 23(752B) AllocSpace objects, 0(0B) LOS objects, 23% free, 50MB/66MB, paused 1.214ms total 35.096ms
08-05 02:22:16.149 26278 26300 I art     : Starting a blocking GC Explicit
08-05 02:22:16.186 26278 26300 I art     : Explicit concurrent mark sweep GC freed 3(96B) AllocSpace objects, 0(0B) LOS objects, 23% free, 50MB/66MB, paused 1.319ms total 36.760ms
08-05 02:22:16.197 26278 26300 I art     : Starting a blocking GC Explicit
08-05 02:22:16.233 26278 26300 I art     : Explicit concurrent mark sweep GC freed 3(96B) AllocSpace objects, 0(0B) LOS objects, 23% free, 50MB/66MB, paused 1.237ms total 35.561ms
08-05 02:22:16.243 26278 26300 I art     : Starting a blocking GC Explicit
08-05 02:22:16.280 26278 26300 I art     : Explicit concurrent mark sweep GC freed 3(96B) AllocSpace objects, 0(0B) LOS objects, 23% free, 50MB/66MB, paused 1.218ms total 36.490ms
08-05 02:22:16.626 26278 26290 I art     : Starting a blocking GC Explicit
08-05 02:22:16.662 26278 26290 I art     : Explicit concurrent mark sweep GC freed 1412(82KB) AllocSpace objects, 1(20KB) LOS objects, 23% free, 50MB/66MB, paused 1.304ms total 35.928ms
08-05 02:22:16.673 26278 26290 I art     : Starting a blocking GC Explicit
08-05 02:22:16.708 26278 26290 I art     : Explicit concurrent mark sweep GC freed 23(752B) AllocSpace objects, 0(0B) LOS objects, 23% free, 50MB/66MB, paused 1.749ms total 35.185ms
08-05 02:22:16.714 28959 28959 I ServiceManager: Waiting for service AtCmdFwd...
08-05 02:22:16.718 26278 26290 I art     : Starting a blocking GC Explicit
08-05 02:22:16.752 26278 26290 I art     : Explicit concurrent mark sweep GC freed 3(96B) AllocSpace objects, 0(0B) LOS objects, 23% free, 50MB/66MB, paused 1.238ms total 34.082ms
08-05 02:22:16.762 26278 26290 I art     : Starting a blocking GC Explicit
08-05 02:22:16.796 26278 26290 I art     : Explicit concurrent mark sweep GC freed 3(96B) AllocSpace objects, 0(0B) LOS objects, 23% free, 50MB/66MB, paused 1.217ms total 33.776ms
08-05 02:22:16.806 26278 26290 I art     : Starting a blocking GC Explicit
08-05 02:22:16.840 26278 26290 I art     : Explicit concurrent mark sweep GC freed 3(96B) AllocSpace objects, 0(0B) LOS objects, 23% free, 50MB/66MB, paused 1.256ms total 33.652ms
08-05 02:22:17.004 29587 29587 D AndroidRuntime: >>>>>> START com.android.internal.os.RuntimeInit uid 2000 <<<<<<
08-05 02:22:17.010 29587 29587 D AndroidRuntime: CheckJNI is OFF
08-05 02:22:17.043 29587 29587 D ICU     : No timezone override file found: /data/misc/zoneinfo/current/icu/icu_tzdata.dat
08-05 02:22:17.074 29587 29587 I Radio-JNI: register_android_hardware_Radio DONE
08-05 02:22:17.097 29587 29587 D AndroidRuntime: Calling main entry com.android.commands.input.Input
08-05 02:22:17.098 29587 29587 I Input   : injectMotionEvent: MotionEvent { action=ACTION_DOWN, actionButton=0, id[0]=0, x[0]=526.0, y[0]=597.0, toolType[0]=TOOL_TYPE_UNKNOWN, buttonState=0, metaState=0, flags=0x0, edgeFlags=0x0, pointerCount=1, historySize=0, eventTime=757353511, downTime=757353511, deviceId=0, source=0x1002 }
08-05 02:22:17.103 29587 29587 I Input   : injectMotionEvent: MotionEvent { action=ACTION_UP, actionButton=0, id[0]=0, x[0]=526.0, y[0]=597.0, toolType[0]=TOOL_TYPE_UNKNOWN, buttonState=0, metaState=0, flags=0x0, edgeFlags=0x0, pointerCount=1, historySize=0, eventTime=757353511, downTime=757353511, deviceId=0, source=0x1002 }
08-05 02:22:17.106 29587 29587 D AndroidRuntime: Shutting down VM
08-05 02:22:17.183 26278 26278 D PodcastListFragment: Selected podcast: GpodnetPodcast [url=http://feeds.feedburner.com/linuxoutlaws, title=Linux Outlaws, description=Two pragmatic geeks talk about the latest news concerning Linux, free and open
08-05 02:22:17.183 26278 26278 D PodcastListFragment: technology or anything else they deem noteworthy which may include such absurd
08-05 02:22:17.183 26278 26278 D PodcastListFragment: things as hockey or bands you never heard of. This means there's many a joke
08-05 02:22:17.183 26278 26278 D PodcastListFragment: and derailed conversation along the way, so don't come here expecting only
08-05 02:22:17.183 26278 26278 D PodcastListFragment: Linux or software freedom talk  just sit back and relax, partner., subscribers=3321, logoUrl=http://sixgun.org/files/linuxoutlaws.jpg, website=http://sixgun.org, mygpoLink=http://gpodder.net/podcast/linux-outlaws-mp3]
08-05 02:22:17.183   918  6110 I ActivityManager: START u0 {cmp=baseline.de.danoeh.antennapod.debug/baseline.de.danoeh.antennapod.activity.OnlineFeedViewActivity (has extras)} from uid 10691 on display 0
08-05 02:22:17.185   512  2967 D audio_hw_primary: out_set_parameters: enter: usecase(1: low-latency-playback) kvpairs: routing=2
08-05 02:22:17.193 26278 26300 I art     : Starting a blocking GC Explicit
08-05 02:22:17.198   512  2967 D audio_hw_primary: select_devices: out_snd_device(2: speaker) in_snd_device(0: none)
08-05 02:22:17.198   512  2967 D msm8974_platform: platform_send_audio_calibration: sending audio calibration for snd_device(2) acdb_id(15)
08-05 02:22:17.198   512  2967 I soundtrigger: audio_extn_sound_trigger_update_device_status: device 0x2 of type 0 for Event 1
08-05 02:22:17.210   512  2967 D audio_hw_primary: enable_snd_device: snd_device(2: speaker)
08-05 02:22:17.212   512  2967 D audio_hw_primary: enable_audio_route: apply and update mixer path: low-latency-playback speaker
08-05 02:22:17.230 26278 26278 D UserPreferences: Using default data folder
08-05 02:22:17.232 26278 26278 D OnlineFeedViewActivity: Activity was started with url http://feeds.feedburner.com/linuxoutlaws
08-05 02:22:17.233 26278 26300 I art     : Explicit concurrent mark sweep GC freed 2160(128KB) AllocSpace objects, 1(20KB) LOS objects, 23% free, 50MB/66MB, paused 1.561ms total 39.472ms
08-05 02:22:17.234 26278 26278 D OnlineFeedViewActivity: Starting feed download
08-05 02:22:17.236 26278 26802 D DBReader: Extracting Feedlist
08-05 02:22:17.239   918  5481 D WifiService: acquireWifiLockLocked: WifiLock{Downloader type=1 binder=android.os.BinderProxy@69f09fc}
08-05 02:22:17.239 26278 26802 D AntennapodHttpClient: Creating new instance of HTTP client
08-05 02:22:17.242 26278 26300 I art     : Starting a blocking GC Explicit
08-05 02:22:17.273 26278 26300 I art     : Explicit concurrent mark sweep GC freed 698(57KB) AllocSpace objects, 0(0B) LOS objects, 23% free, 50MB/66MB, paused 1.135ms total 30.830ms
08-05 02:22:17.283 26278 26300 I art     : Starting a blocking GC Explicit
08-05 02:22:17.288 13866 13866 I GoogleInputMethodServic: GoogleInputMethodService.onFinishInput():3138 
08-05 02:22:17.289 13866 13866 I GoogleInputMethodServic: GoogleInputMethodService.onStartInput():1808 
08-05 02:22:17.314   918   936 I ActivityManager: Displayed baseline.de.danoeh.antennapod.debug/baseline.de.danoeh.antennapod.activity.OnlineFeedViewActivity: +113ms
08-05 02:22:17.316 26278 26300 I art     : Explicit concurrent mark sweep GC freed 327(13KB) AllocSpace objects, 0(0B) LOS objects, 23% free, 51MB/67MB, paused 1.470ms total 32.608ms
08-05 02:22:17.327 26278 26300 I art     : Starting a blocking GC Explicit
08-05 02:22:17.334 26278 26299 D OpenGLRenderer: endAllStagingAnimators on 0x7f7c39d800 (GridView) with handle 0x7f7a375e80
08-05 02:22:17.358 26278 26300 I art     : Explicit concurrent mark sweep GC freed 100(5KB) AllocSpace objects, 0(0B) LOS objects, 23% free, 51MB/67MB, paused 1.222ms total 31.646ms
08-05 02:22:17.363 26278 26802 D MYTAG   : interceptor 3a http://feeds.feedburner.com/linuxoutlaws
08-05 02:22:17.363 26278 26802 I NAPPA_EXPERIMENTATION: MetricNetworkRequestExecutionTime: REQUEST_DURATION_SYSTEM='123',REQUEST_DURATION_OKHTTP='41',REQUEST_SYNCHRONOUS='TRUE',RESPONSE_CODE='200',RESPONSE_METHOD='GET',RESPONSE_LENGTH_OKHTTP='-1',RESPONSE_LENGTH_HEADER='-2',REQUEST_PROTOCOL='http/1.1',REQUEST_URL='http://feeds.feedburner.com/linuxoutlaws',
08-05 02:22:17.363 26278 26802 D HttpDownloader: Response code is 200
08-05 02:22:17.363 26278 26802 D UserPreferences: Using default data folder
08-05 02:22:17.365 26278 26802 D HttpDownloader: Getting size of download
08-05 02:22:17.365 26278 26802 D HttpDownloader: Size is -1
08-05 02:22:17.365 26278 26802 D UserPreferences: Using default data folder
08-05 02:22:17.366 26278 26802 D HttpDownloader: Free space is 20447760384
08-05 02:22:17.366 26278 26802 D HttpDownloader: Starting download
08-05 02:22:17.369 26278 26300 I art     : Starting a blocking GC Explicit
08-05 02:22:17.371 26278 26802 D HttpDownloader: Download was successful
08-05 02:22:17.372   918  5952 D WifiService: releaseWifiLockLocked: WifiLock{Downloader type=1 binder=android.os.BinderProxy@69f09fc}
08-05 02:22:17.372 26278 26278 D OnlineFeedViewActivity: Parsing feed
08-05 02:22:17.375 26278 29614 D TypeGetter: Recognized type RSS 2.0
08-05 02:22:17.376 26278 29614 D SyndHandler: Recognized Content namespace
08-05 02:22:17.377 26278 29614 D SyndHandler: Recognized DublinCore namespace
08-05 02:22:17.377 26278 29614 D SyndHandler: Recognized Atom namespace
08-05 02:22:17.377 26278 29614 D SyndHandler: Recognized ITunes namespace
08-05 02:22:17.377 26278 29614 D SyndHandler: Recognized media namespace
08-05 02:22:17.402 26278 26300 I art     : Explicit concurrent mark sweep GC freed 1616(349KB) AllocSpace objects, 3(60KB) LOS objects, 23% free, 51MB/67MB, paused 1.445ms total 32.837ms
08-05 02:22:17.409 26278 29614 D OnlineFeedViewActivity: Deleted feed source file. Result: true
08-05 02:22:17.409 26278 26278 D OnlineFeedViewActivity: Removing HTML from shownotes
08-05 02:22:17.425 26278 27223 D ApOkHttpUrlLoader: buildLoadData() called with: model = [http://sixgun.org/files/linuxoutlaws.jpg], width = [350], height = [350]
08-05 02:22:17.426 26278 27030 D DBReader: getImageAuthentication() called with: imageUrl = [http://sixgun.org/files/linuxoutlaws.jpg]
08-05 02:22:17.429 26278 27030 D ApOkHttpUrlLoader: no credentials for 'http://sixgun.org/files/linuxoutlaws.jpg'
08-05 02:22:17.469 26278 27030 D DBWriter: updateFeedDownloadURL(original: http://sixgun.org/files/linuxoutlaws.jpg, updated: https://fab.industries/sixgun/files/linuxoutlaws.jpg)
08-05 02:22:17.566   380   380 W SurfaceFlinger: couldn't log to binary event log: overflow.
08-05 02:22:17.620 26278 27030 D MYTAG   : interceptor 2a
08-05 02:22:17.620 26278 27030 I NAPPA_EXPERIMENTATION: MetricNetworkRequestExecutionTime: REQUEST_DURATION_SYSTEM='191',REQUEST_DURATION_OKHTTP='149',REQUEST_SYNCHRONOUS='TRUE',RESPONSE_CODE='404',RESPONSE_METHOD='GET',RESPONSE_LENGTH_OKHTTP='-1',RESPONSE_LENGTH_HEADER='1503',REQUEST_PROTOCOL='h2',REQUEST_URL='https://fab.industries/sixgun/files/linuxoutlaws.jpg',
08-05 02:22:17.621 26278 26278 W Glide   : Load failed for http://sixgun.org/files/linuxoutlaws.jpg with size [350x350]
08-05 02:22:17.621 26278 26278 W Glide   : class com.bumptech.glide.load.engine.GlideException: Failed to load resource
08-05 02:22:17.621 26278 26278 W Glide   : There was 1 cause:
08-05 02:22:17.621 26278 26278 W Glide   : com.bumptech.glide.load.HttpException()
08-05 02:22:17.621 26278 26278 W Glide   :  call GlideException#logRootCauses(String) for more detail
08-05 02:22:17.621 26278 26278 W Glide   :   Cause (1 of 1): class com.bumptech.glide.load.engine.GlideException: Fetching data failed, class java.io.InputStream, REMOTE
08-05 02:22:17.621 26278 26278 W Glide   : There was 1 cause:
08-05 02:22:17.621 26278 26278 W Glide   : com.bumptech.glide.load.HttpException()
08-05 02:22:17.621 26278 26278 W Glide   :  call GlideException#logRootCauses(String) for more detail
08-05 02:22:17.621 26278 26278 W Glide   :     Cause (1 of 1): class com.bumptech.glide.load.HttpException: 
08-05 02:22:17.622 26278 26278 I Glide   : Root cause (1 of 1)
08-05 02:22:17.622 26278 26278 I Glide   : com.bumptech.glide.load.HttpException: 
08-05 02:22:17.622 26278 26278 I Glide   : 	at com.bumptech.glide.integration.okhttp3.OkHttpStreamFetcher.onResponse(OkHttpStreamFetcher.java:73)
08-05 02:22:17.622 26278 26278 I Glide   : 	at okhttp3.RealCall$AsyncCall.execute(RealCall.java:174)
08-05 02:22:17.622 26278 26278 I Glide   : 	at okhttp3.internal.NamedRunnable.run(NamedRunnable.java:32)
08-05 02:22:17.622 26278 26278 I Glide   : 	at java.util.concurrent.ThreadPoolExecutor.runWorker(ThreadPoolExecutor.java:1113)
08-05 02:22:17.622 26278 26278 I Glide   : 	at java.util.concurrent.ThreadPoolExecutor$Worker.run(ThreadPoolExecutor.java:588)
08-05 02:22:17.622 26278 26278 I Glide   : 	at java.lang.Thread.run(Thread.java:818)
08-05 02:22:17.687 26278 26278 D PlaybackController: Releasing PlaybackController
08-05 02:22:17.694 26278 27471 I art     : Starting a blocking GC Explicit
08-05 02:22:17.714 28959 28959 I ServiceManager: Waiting for service AtCmdFwd...
08-05 02:22:17.742 26278 27471 I art     : Explicit concurrent mark sweep GC freed 6626(577KB) AllocSpace objects, 12(768KB) LOS objects, 23% free, 51MB/67MB, paused 1.077ms total 47.193ms
08-05 02:22:17.751 26278 27471 I art     : Starting a blocking GC Explicit
08-05 02:22:17.758   512  2967 D audio_hw_primary: disable_audio_route: reset and update mixer path: low-latency-playback speaker
08-05 02:22:17.759   512  2967 D audio_hw_primary: disable_snd_device: snd_device(2: speaker)
08-05 02:22:17.767   512  2967 I soundtrigger: audio_extn_sound_trigger_update_device_status: device 0x2 of type 0 for Event 0
08-05 02:22:17.782 26278 27471 I art     : Explicit concurrent mark sweep GC freed 790(36KB) AllocSpace objects, 1(112KB) LOS objects, 23% free, 51MB/67MB, paused 1.173ms total 30.769ms
08-05 02:22:17.791 26278 27471 I art     : Starting a blocking GC Explicit
08-05 02:22:17.823 26278 27471 I art     : Explicit concurrent mark sweep GC freed 3(96B) AllocSpace objects, 0(0B) LOS objects, 23% free, 51MB/67MB, paused 1.168ms total 31.215ms
08-05 02:22:17.832 26278 27471 I art     : Starting a blocking GC Explicit
08-05 02:22:17.865 26278 27471 I art     : Explicit concurrent mark sweep GC freed 3(96B) AllocSpace objects, 0(0B) LOS objects, 23% free, 51MB/67MB, paused 1.213ms total 32.410ms
08-05 02:22:17.874 26278 27471 I art     : Starting a blocking GC Explicit
08-05 02:22:17.907 26278 27471 I art     : Explicit concurrent mark sweep GC freed 3(96B) AllocSpace objects, 0(0B) LOS objects, 23% free, 51MB/67MB, paused 1.239ms total 32.476ms
08-05 02:22:18.243 26278 26290 I art     : Starting a blocking GC Explicit
08-05 02:22:18.299 26278 26290 I art     : Explicit concurrent mark sweep GC freed 1384(81KB) AllocSpace objects, 1(20KB) LOS objects, 23% free, 51MB/67MB, paused 1.850ms total 55.132ms
08-05 02:22:18.314 26278 26290 I art     : Starting a blocking GC Explicit
08-05 02:22:18.360 26278 26290 I art     : Explicit concurrent mark sweep GC freed 52(1536B) AllocSpace objects, 0(0B) LOS objects, 23% free, 51MB/67MB, paused 1.656ms total 46.562ms
08-05 02:22:18.374 26278 26290 I art     : Starting a blocking GC Explicit
08-05 02:22:18.421 26278 26290 I art     : Explicit concurrent mark sweep GC freed 3(96B) AllocSpace objects, 0(0B) LOS objects, 23% free, 51MB/67MB, paused 1.646ms total 46.429ms
08-05 02:22:18.434 26278 26290 I art     : Starting a blocking GC Explicit
08-05 02:22:18.481 26278 26290 I art     : Explicit concurrent mark sweep GC freed 3(96B) AllocSpace objects, 0(0B) LOS objects, 23% free, 51MB/67MB, paused 1.652ms total 46.418ms
08-05 02:22:18.494 26278 26290 I art     : Starting a blocking GC Explicit
08-05 02:22:18.541 26278 26290 I art     : Explicit concurrent mark sweep GC freed 3(96B) AllocSpace objects, 0(0B) LOS objects, 23% free, 51MB/67MB, paused 1.683ms total 46.476ms
08-05 02:22:18.715 28959 28959 I ServiceManager: Waiting for service AtCmdFwd...
08-05 02:22:18.916 26278 26291 I art     : Starting a blocking GC Explicit
08-05 02:22:18.962   518   646 I ThermalEngine: ACTION: GPU - Setting GPU[0] to 450000000
08-05 02:22:18.976 26278 26291 I art     : Explicit concurrent mark sweep GC freed 1381(81KB) AllocSpace objects, 1(20KB) LOS objects, 23% free, 51MB/67MB, paused 2.208ms total 60.157ms
08-05 02:22:18.993 26278 26291 I art     : Starting a blocking GC Explicit
08-05 02:22:19.040 26278 26291 I art     : Explicit concurrent mark sweep GC freed 24(784B) AllocSpace objects, 0(0B) LOS objects, 23% free, 51MB/67MB, paused 1.637ms total 46.911ms
08-05 02:22:19.054 26278 26291 I art     : Starting a blocking GC Explicit
08-05 02:22:19.101 26278 26291 I art     : Explicit concurrent mark sweep GC freed 9(288B) AllocSpace objects, 0(0B) LOS objects, 23% free, 51MB/67MB, paused 1.556ms total 46.091ms
08-05 02:22:19.113 26278 26291 I art     : Starting a blocking GC Explicit
08-05 02:22:19.155 26278 26291 I art     : Explicit concurrent mark sweep GC freed 9(288B) AllocSpace objects, 0(0B) LOS objects, 23% free, 51MB/67MB, paused 1.710ms total 41.515ms
08-05 02:22:19.168 26278 26291 I art     : Starting a blocking GC Explicit
08-05 02:22:19.213 26278 26291 I art     : Explicit concurrent mark sweep GC freed 12(384B) AllocSpace objects, 0(0B) LOS objects, 23% free, 51MB/67MB, paused 1.661ms total 45.200ms
08-05 02:22:19.598 26278 26290 I art     : Starting a blocking GC Explicit
08-05 02:22:19.657 26278 26290 I art     : Explicit concurrent mark sweep GC freed 1418(82KB) AllocSpace objects, 1(20KB) LOS objects, 23% free, 51MB/67MB, paused 1.769ms total 59.031ms
08-05 02:22:19.674 26278 26290 I art     : Starting a blocking GC Explicit
08-05 02:22:19.715 28959 28959 W Atfwd_Sendcmd: AtCmdFwd service not published, waiting... retryCnt : 3
08-05 02:22:19.725 26278 26290 I art     : Explicit concurrent mark sweep GC freed 23(752B) AllocSpace objects, 0(0B) LOS objects, 23% free, 51MB/67MB, paused 1.699ms total 50.263ms
08-05 02:22:19.739 26278 26290 I art     : Starting a blocking GC Explicit
08-05 02:22:19.788 26278 26290 I art     : Explicit concurrent mark sweep GC freed 3(96B) AllocSpace objects, 0(0B) LOS objects, 23% free, 51MB/67MB, paused 1.851ms total 48.775ms
08-05 02:22:19.802 26278 26290 I art     : Starting a blocking GC Explicit
08-05 02:22:19.848 26278 26290 I art     : Explicit concurrent mark sweep GC freed 3(96B) AllocSpace objects, 0(0B) LOS objects, 23% free, 51MB/67MB, paused 1.848ms total 45.475ms
08-05 02:22:19.862 26278 26290 I art     : Starting a blocking GC Explicit
08-05 02:22:19.911 26278 26290 I art     : Explicit concurrent mark sweep GC freed 3(96B) AllocSpace objects, 0(0B) LOS objects, 23% free, 51MB/67MB, paused 1.720ms total 49.007ms
08-05 02:22:20.302 26278 27471 I art     : Starting a blocking GC Explicit
08-05 02:22:20.361 26278 27471 I art     : Explicit concurrent mark sweep GC freed 1410(81KB) AllocSpace objects, 1(20KB) LOS objects, 23% free, 51MB/67MB, paused 1.842ms total 59.027ms
08-05 02:22:20.379 26278 27471 I art     : Starting a blocking GC Explicit
08-05 02:22:20.429 26278 27471 I art     : Explicit concurrent mark sweep GC freed 23(752B) AllocSpace objects, 0(0B) LOS objects, 23% free, 51MB/67MB, paused 1.780ms total 49.456ms
08-05 02:22:20.443 26278 27471 I art     : Starting a blocking GC Explicit
08-05 02:22:20.493 26278 27471 I art     : Explicit concurrent mark sweep GC freed 3(96B) AllocSpace objects, 0(0B) LOS objects, 23% free, 51MB/67MB, paused 1.719ms total 50.327ms
08-05 02:22:20.507 26278 27471 I art     : Starting a blocking GC Explicit
08-05 02:22:20.556 26278 27471 I art     : Explicit concurrent mark sweep GC freed 3(96B) AllocSpace objects, 0(0B) LOS objects, 23% free, 51MB/67MB, paused 1.672ms total 48.690ms
08-05 02:22:20.571 26278 27471 I art     : Starting a blocking GC Explicit
08-05 02:22:20.622 26278 27471 I art     : Explicit concurrent mark sweep GC freed 3(96B) AllocSpace objects, 0(0B) LOS objects, 23% free, 51MB/67MB, paused 1.820ms total 51.001ms
08-05 02:22:20.967   518   646 I ThermalEngine: ACTION: GPU - Setting GPU[0] to 510000000
08-05 02:22:21.014 26278 26300 I art     : Starting a blocking GC Explicit
08-05 02:22:21.058 26278 26300 I art     : Explicit concurrent mark sweep GC freed 1382(83KB) AllocSpace objects, 1(20KB) LOS objects, 23% free, 51MB/67MB, paused 1.355ms total 43.883ms
08-05 02:22:21.069 26278 26300 I art     : Starting a blocking GC Explicit
08-05 02:22:21.106 26278 26300 I art     : Explicit concurrent mark sweep GC freed 23(752B) AllocSpace objects, 0(0B) LOS objects, 23% free, 51MB/67MB, paused 1.261ms total 37.064ms
08-05 02:22:21.117 26278 26300 I art     : Starting a blocking GC Explicit
08-05 02:22:21.154 26278 26300 I art     : Explicit concurrent mark sweep GC freed 3(96B) AllocSpace objects, 0(0B) LOS objects, 23% free, 51MB/67MB, paused 1.205ms total 36.870ms
08-05 02:22:21.165 26278 26300 I art     : Starting a blocking GC Explicit
08-05 02:22:21.203 26278 26300 I art     : Explicit concurrent mark sweep GC freed 3(96B) AllocSpace objects, 0(0B) LOS objects, 23% free, 51MB/67MB, paused 1.265ms total 38.087ms
08-05 02:22:21.214 26278 26300 I art     : Starting a blocking GC Explicit
08-05 02:22:21.252 26278 26300 I art     : Explicit concurrent mark sweep GC freed 3(96B) AllocSpace objects, 0(0B) LOS objects, 23% free, 51MB/67MB, paused 1.280ms total 37.793ms
08-05 02:22:21.568 26278 26291 I art     : Starting a blocking GC Explicit
08-05 02:22:21.606 26278 26291 I art     : Explicit concurrent mark sweep GC freed 1411(82KB) AllocSpace objects, 1(20KB) LOS objects, 23% free, 51MB/67MB, paused 1.278ms total 37.013ms
08-05 02:22:21.617 26278 26291 I art     : Starting a blocking GC Explicit
08-05 02:22:21.653 26278 26291 I art     : Explicit concurrent mark sweep GC freed 23(752B) AllocSpace objects, 0(0B) LOS objects, 23% free, 51MB/67MB, paused 1.258ms total 35.818ms
08-05 02:22:21.663 26278 26291 I art     : Starting a blocking GC Explicit
08-05 02:22:21.699 26278 26291 I art     : Explicit concurrent mark sweep GC freed 3(96B) AllocSpace objects, 0(0B) LOS objects, 23% free, 51MB/67MB, paused 1.305ms total 35.827ms
08-05 02:22:21.709 26278 26291 I art     : Starting a blocking GC Explicit
08-05 02:22:21.745 26278 26291 I art     : Explicit concurrent mark sweep GC freed 3(96B) AllocSpace objects, 0(0B) LOS objects, 23% free, 51MB/67MB, paused 1.266ms total 35.195ms
08-05 02:22:21.755 26278 26291 I art     : Starting a blocking GC Explicit
08-05 02:22:21.791 26278 26291 I art     : Explicit concurrent mark sweep GC freed 3(96B) AllocSpace objects, 0(0B) LOS objects, 23% free, 51MB/67MB, paused 1.260ms total 35.761ms
08-05 02:22:21.820 29677 29677 D AndroidRuntime: >>>>>> START com.android.internal.os.RuntimeInit uid 2000 <<<<<<
08-05 02:22:21.824 29677 29677 D AndroidRuntime: CheckJNI is OFF
08-05 02:22:21.857 29677 29677 D ICU     : No timezone override file found: /data/misc/zoneinfo/current/icu/icu_tzdata.dat
08-05 02:22:21.890 29677 29677 I Radio-JNI: register_android_hardware_Radio DONE
08-05 02:22:21.912 29677 29677 D AndroidRuntime: Calling main entry com.android.commands.input.Input
08-05 02:22:21.913 29677 29677 I Input   : injectKeyEvent: KeyEvent { action=ACTION_DOWN, keyCode=KEYCODE_BACK, scanCode=0, metaState=0, flags=0x0, repeatCount=0, eventTime=757358327, downTime=757358327, deviceId=-1, source=0x101 }
08-05 02:22:21.920 29677 29677 I Input   : injectKeyEvent: KeyEvent { action=ACTION_UP, keyCode=KEYCODE_BACK, scanCode=0, metaState=0, flags=0x0, repeatCount=0, eventTime=757358327, downTime=757358327, deviceId=-1, source=0x101 }
08-05 02:22:21.926 29677 29677 D AndroidRuntime: Shutting down VM
08-05 02:22:21.931 26278 26278 V PlaybackController: initServiceNotRunning()
08-05 02:22:21.931 26278 26278 D ExternalPlayerFragment: Loading media info
08-05 02:22:21.934 26278 27223 D ApOkHttpUrlLoader: buildLoadData() called with: model = [http://sixgun.org/files/linuxoutlaws.jpg], width = [224], height = [224]
08-05 02:22:21.936 26278 26278 D UserPreferences: Using default data folder
08-05 02:22:21.938 26278 27030 D DBReader: getImageAuthentication() called with: imageUrl = [http://sixgun.org/files/linuxoutlaws.jpg]
08-05 02:22:21.940 26278 27030 D ApOkHttpUrlLoader: no credentials for 'http://sixgun.org/files/linuxoutlaws.jpg'
08-05 02:22:21.942 26278 26802 D DBReader: getNavDrawerData() called with: 
08-05 02:22:21.955 26278 26802 D DBReader: getDownloadedItems() called
08-05 02:22:21.956 26278 26802 D DBReader: getFavoriteIDList() called
08-05 02:22:21.957 26278 26802 D DBReader: getQueueIDList() called
08-05 02:22:21.958 26278 26802 D DBReader: Extracting Feedlist
08-05 02:22:21.974 13866 13866 I GoogleInputMethodServic: GoogleInputMethodService.onFinishInput():3138 
08-05 02:22:21.975 13866 13866 I GoogleInputMethodServic: GoogleInputMethodService.onStartInput():1808 
08-05 02:22:21.991 26278 26278 D MainActivity: getLastNavFragment() -> AddFeedFragment
08-05 02:22:22.066 26278 27030 D DBWriter: updateFeedDownloadURL(original: http://sixgun.org/files/linuxoutlaws.jpg, updated: https://fab.industries/sixgun/files/linuxoutlaws.jpg)
08-05 02:22:22.078 26278 26291 I art     : Starting a blocking GC Explicit
08-05 02:22:22.112 26278 26291 I art     : Explicit concurrent mark sweep GC freed 3103(185KB) AllocSpace objects, 1(20KB) LOS objects, 23% free, 51MB/67MB, paused 1.185ms total 34.235ms
08-05 02:22:22.122 26278 26291 I art     : Starting a blocking GC Explicit
08-05 02:22:22.157 26278 26291 I art     : Explicit concurrent mark sweep GC freed 490(26KB) AllocSpace objects, 0(0B) LOS objects, 23% free, 51MB/67MB, paused 1.199ms total 34.624ms
08-05 02:22:22.167 26278 26291 I art     : Starting a blocking GC Explicit
08-05 02:22:22.202 26278 26291 I art     : Explicit concurrent mark sweep GC freed 3(96B) AllocSpace objects, 0(0B) LOS objects, 23% free, 51MB/67MB, paused 1.235ms total 34.176ms
08-05 02:22:22.213 26278 26291 I art     : Starting a blocking GC Explicit
08-05 02:22:22.218 26278 27030 D MYTAG   : interceptor 2a
08-05 02:22:22.218 26278 27030 I NAPPA_EXPERIMENTATION: MetricNetworkRequestExecutionTime: REQUEST_DURATION_SYSTEM='277',REQUEST_DURATION_OKHTTP='150',REQUEST_SYNCHRONOUS='TRUE',RESPONSE_CODE='404',RESPONSE_METHOD='GET',RESPONSE_LENGTH_OKHTTP='-1',RESPONSE_LENGTH_HEADER='1503',REQUEST_PROTOCOL='h2',REQUEST_URL='https://fab.industries/sixgun/files/linuxoutlaws.jpg',
08-05 02:22:22.219 26278 26278 W Glide   : Load failed for http://sixgun.org/files/linuxoutlaws.jpg with size [224x224]
08-05 02:22:22.219 26278 26278 W Glide   : class com.bumptech.glide.load.engine.GlideException: Failed to load resource
08-05 02:22:22.219 26278 26278 W Glide   : There was 1 cause:
08-05 02:22:22.219 26278 26278 W Glide   : com.bumptech.glide.load.HttpException()
08-05 02:22:22.219 26278 26278 W Glide   :  call GlideException#logRootCauses(String) for more detail
08-05 02:22:22.219 26278 26278 W Glide   :   Cause (1 of 1): class com.bumptech.glide.load.engine.GlideException: Fetching data failed, class java.io.InputStream, REMOTE
08-05 02:22:22.219 26278 26278 W Glide   : There was 1 cause:
08-05 02:22:22.219 26278 26278 W Glide   : com.bumptech.glide.load.HttpException()
08-05 02:22:22.219 26278 26278 W Glide   :  call GlideException#logRootCauses(String) for more detail
08-05 02:22:22.219 26278 26278 W Glide   :     Cause (1 of 1): class com.bumptech.glide.load.HttpException: 
08-05 02:22:22.219 26278 26278 I Glide   : Root cause (1 of 1)
08-05 02:22:22.219 26278 26278 I Glide   : com.bumptech.glide.load.HttpException: 
08-05 02:22:22.219 26278 26278 I Glide   : 	at com.bumptech.glide.integration.okhttp3.OkHttpStreamFetcher.onResponse(OkHttpStreamFetcher.java:73)
08-05 02:22:22.219 26278 26278 I Glide   : 	at okhttp3.RealCall$AsyncCall.execute(RealCall.java:174)
08-05 02:22:22.219 26278 26278 I Glide   : 	at okhttp3.internal.NamedRunnable.run(NamedRunnable.java:32)
08-05 02:22:22.219 26278 26278 I Glide   : 	at java.util.concurrent.ThreadPoolExecutor.runWorker(ThreadPoolExecutor.java:1113)
08-05 02:22:22.219 26278 26278 I Glide   : 	at java.util.concurrent.ThreadPoolExecutor$Worker.run(ThreadPoolExecutor.java:588)
08-05 02:22:22.219 26278 26278 I Glide   : 	at java.lang.Thread.run(Thread.java:818)
08-05 02:22:22.220 26278 26278 W Glide   : Load failed for http://sixgun.org/files/linuxoutlaws.jpg with size [224x224]
08-05 02:22:22.220 26278 26278 W Glide   : class com.bumptech.glide.load.engine.GlideException: Failed to load resource
08-05 02:22:22.220 26278 26278 W Glide   : There was 1 cause:
08-05 02:22:22.220 26278 26278 W Glide   : com.bumptech.glide.load.HttpException()
08-05 02:22:22.220 26278 26278 W Glide   :  call GlideException#logRootCauses(String) for more detail
08-05 02:22:22.220 26278 26278 W Glide   :   Cause (1 of 1): class com.bumptech.glide.load.engine.GlideException: Fetching data failed, class java.io.InputStream, REMOTE
08-05 02:22:22.220 26278 26278 W Glide   : There was 1 cause:
08-05 02:22:22.220 26278 26278 W Glide   : com.bumptech.glide.load.HttpException()
08-05 02:22:22.220 26278 26278 W Glide   :  call GlideException#logRootCauses(String) for more detail
08-05 02:22:22.220 26278 26278 W Glide   :     Cause (1 of 1): class com.bumptech.glide.load.HttpException: 
08-05 02:22:22.220 26278 26278 I Glide   : Root cause (1 of 1)
08-05 02:22:22.220 26278 26278 I Glide   : com.bumptech.glide.load.HttpException: 
08-05 02:22:22.220 26278 26278 I Glide   : 	at com.bumptech.glide.integration.okhttp3.OkHttpStreamFetcher.onResponse(OkHttpStreamFetcher.java:73)
08-05 02:22:22.220 26278 26278 I Glide   : 	at okhttp3.RealCall$AsyncCall.execute(RealCall.java:174)
08-05 02:22:22.220 26278 26278 I Glide   : 	at okhttp3.internal.NamedRunnable.run(NamedRunnable.java:32)
08-05 02:22:22.220 26278 26278 I Glide   : 	at java.util.concurrent.ThreadPoolExecutor.runWorker(ThreadPoolExecutor.java:1113)
08-05 02:22:22.220 26278 26278 I Glide   : 	at java.util.concurrent.ThreadPoolExecutor$Worker.run(ThreadPoolExecutor.java:588)
08-05 02:22:22.220 26278 26278 I Glide   : 	at java.lang.Thread.run(Thread.java:818)
08-05 02:22:22.251 26278 26291 I art     : Explicit concurrent mark sweep GC freed 403(68KB) AllocSpace objects, 0(0B) LOS objects, 23% free, 51MB/67MB, paused 1.256ms total 38.143ms
08-05 02:22:22.263 26278 26291 I art     : Starting a blocking GC Explicit
08-05 02:22:22.287   380   380 W SurfaceFlinger: couldn't log to binary event log: overflow.
08-05 02:22:22.302 26278 26291 I art     : Explicit concurrent mark sweep GC freed 650(27KB) AllocSpace objects, 0(0B) LOS objects, 23% free, 51MB/67MB, paused 1.226ms total 38.242ms
08-05 02:22:22.644 26278 26300 I art     : Starting a blocking GC Explicit
08-05 02:22:22.697 26278 26300 I art     : Explicit concurrent mark sweep GC freed 1522(88KB) AllocSpace objects, 1(20KB) LOS objects, 23% free, 51MB/67MB, paused 1.732ms total 52.281ms
08-05 02:22:22.709 26278 26300 I art     : Starting a blocking GC Explicit
08-05 02:22:22.747 26278 26300 I art     : Explicit concurrent mark sweep GC freed 2877(236KB) AllocSpace objects, 1(28KB) LOS objects, 23% free, 50MB/66MB, paused 1.252ms total 37.214ms
08-05 02:22:22.757 26278 26300 I art     : Starting a blocking GC Explicit
08-05 02:22:22.794 26278 26300 I art     : Explicit concurrent mark sweep GC freed 3(96B) AllocSpace objects, 0(0B) LOS objects, 23% free, 50MB/66MB, paused 1.488ms total 36.354ms
08-05 02:22:22.804 26278 26300 I art     : Starting a blocking GC Explicit
08-05 02:22:22.840 26278 26300 I art     : Explicit concurrent mark sweep GC freed 3(96B) AllocSpace objects, 0(0B) LOS objects, 23% free, 50MB/66MB, paused 1.253ms total 36.034ms
08-05 02:22:22.851 26278 26300 I art     : Starting a blocking GC Explicit
08-05 02:22:22.888 26278 26300 I art     : Explicit concurrent mark sweep GC freed 3(96B) AllocSpace objects, 0(0B) LOS objects, 23% free, 50MB/66MB, paused 1.430ms total 36.681ms
08-05 02:22:23.233 26278 26290 I art     : Starting a blocking GC Explicit
08-05 02:22:23.269 26278 26290 I art     : Explicit concurrent mark sweep GC freed 1383(81KB) AllocSpace objects, 1(20KB) LOS objects, 23% free, 50MB/66MB, paused 1.385ms total 35.706ms
08-05 02:22:23.279 26278 26290 I art     : Starting a blocking GC Explicit
08-05 02:22:23.315 26278 26290 I art     : Explicit concurrent mark sweep GC freed 27(880B) AllocSpace objects, 0(0B) LOS objects, 23% free, 50MB/66MB, paused 1.229ms total 34.946ms
08-05 02:22:23.325 26278 26290 I art     : Starting a blocking GC Explicit
08-05 02:22:23.358 26278 26290 I art     : Explicit concurrent mark sweep GC freed 43(1408B) AllocSpace objects, 0(0B) LOS objects, 23% free, 50MB/66MB, paused 1.294ms total 33.624ms
08-05 02:22:23.368 26278 26290 I art     : Starting a blocking GC Explicit
08-05 02:22:23.402 26278 26290 I art     : Explicit concurrent mark sweep GC freed 12(448B) AllocSpace objects, 0(0B) LOS objects, 23% free, 50MB/66MB, paused 1.188ms total 33.592ms
08-05 02:22:23.412 26278 26290 I art     : Starting a blocking GC Explicit
08-05 02:22:23.446 26278 26290 I art     : Explicit concurrent mark sweep GC freed 3(96B) AllocSpace objects, 0(0B) LOS objects, 23% free, 50MB/66MB, paused 1.191ms total 33.986ms
08-05 02:22:23.581 29732 29732 D AndroidRuntime: >>>>>> START com.android.internal.os.RuntimeInit uid 2000 <<<<<<
08-05 02:22:23.587 29732 29732 D AndroidRuntime: CheckJNI is OFF
08-05 02:22:23.619 29732 29732 D ICU     : No timezone override file found: /data/misc/zoneinfo/current/icu/icu_tzdata.dat
08-05 02:22:23.651 29732 29732 I Radio-JNI: register_android_hardware_Radio DONE
08-05 02:22:23.672 29732 29732 D AndroidRuntime: Calling main entry com.android.commands.input.Input
08-05 02:22:23.674 29732 29732 I Input   : injectKeyEvent: KeyEvent { action=ACTION_DOWN, keyCode=KEYCODE_BACK, scanCode=0, metaState=0, flags=0x0, repeatCount=0, eventTime=757360086, downTime=757360086, deviceId=-1, source=0x101 }
08-05 02:22:23.679 29732 29732 I Input   : injectKeyEvent: KeyEvent { action=ACTION_UP, keyCode=KEYCODE_BACK, scanCode=0, metaState=0, flags=0x0, repeatCount=0, eventTime=757360086, downTime=757360086, deviceId=-1, source=0x101 }
08-05 02:22:23.695 29732 29732 D AndroidRuntime: Shutting down VM
08-05 02:22:23.755 26278 26291 I art     : Starting a blocking GC Explicit
08-05 02:22:23.792 26278 26291 I art     : Explicit concurrent mark sweep GC freed 3552(170KB) AllocSpace objects, 1(20KB) LOS objects, 23% free, 50MB/66MB, paused 1.388ms total 37.247ms
08-05 02:22:23.804 26278 26291 I art     : Starting a blocking GC Explicit
08-05 02:22:23.837 26278 26291 I art     : Explicit concurrent mark sweep GC freed 5386(396KB) AllocSpace objects, 9(1620KB) LOS objects, 24% free, 48MB/64MB, paused 1.199ms total 33.459ms
08-05 02:22:23.847 26278 26291 I art     : Starting a blocking GC Explicit
08-05 02:22:23.880 26278 26291 I art     : Explicit concurrent mark sweep GC freed 3(96B) AllocSpace objects, 0(0B) LOS objects, 24% free, 48MB/64MB, paused 1.136ms total 32.729ms
08-05 02:22:23.890 26278 26291 I art     : Starting a blocking GC Explicit
08-05 02:22:23.924 26278 26291 I art     : Explicit concurrent mark sweep GC freed 3(96B) AllocSpace objects, 0(0B) LOS objects, 24% free, 48MB/64MB, paused 1.237ms total 33.471ms
08-05 02:22:23.934 26278 26291 I art     : Starting a blocking GC Explicit
08-05 02:22:23.968 26278 26291 I art     : Explicit concurrent mark sweep GC freed 3(96B) AllocSpace objects, 0(0B) LOS objects, 24% free, 48MB/64MB, paused 1.300ms total 33.574ms
08-05 02:22:24.288 26278 26290 I art     : Starting a blocking GC Explicit
08-05 02:22:24.333 26278 26290 I art     : Explicit concurrent mark sweep GC freed 1382(82KB) AllocSpace objects, 1(20KB) LOS objects, 24% free, 48MB/64MB, paused 1.331ms total 43.771ms
08-05 02:22:24.348 26278 26290 I art     : Starting a blocking GC Explicit
08-05 02:22:24.382 26278 26290 I art     : Explicit concurrent mark sweep GC freed 52(1536B) AllocSpace objects, 0(0B) LOS objects, 24% free, 48MB/64MB, paused 1.205ms total 34.152ms
08-05 02:22:24.392 26278 26290 I art     : Starting a blocking GC Explicit
08-05 02:22:24.426 26278 26290 I art     : Explicit concurrent mark sweep GC freed 3(96B) AllocSpace objects, 0(0B) LOS objects, 24% free, 48MB/64MB, paused 1.195ms total 34.250ms
08-05 02:22:24.437 26278 26290 I art     : Starting a blocking GC Explicit
08-05 02:22:24.471 26278 26290 I art     : Explicit concurrent mark sweep GC freed 3(96B) AllocSpace objects, 0(0B) LOS objects, 24% free, 48MB/64MB, paused 1.220ms total 34.501ms
08-05 02:22:24.482 26278 26290 I art     : Starting a blocking GC Explicit
08-05 02:22:24.517 26278 26290 I art     : Explicit concurrent mark sweep GC freed 3(96B) AllocSpace objects, 0(0B) LOS objects, 24% free, 48MB/64MB, paused 1.157ms total 34.532ms
08-05 02:22:24.867 26278 29711 I art     : Starting a blocking GC Explicit
08-05 02:22:24.916 26278 29711 I art     : Explicit concurrent mark sweep GC freed 1381(82KB) AllocSpace objects, 1(20KB) LOS objects, 24% free, 48MB/64MB, paused 1.413ms total 48.488ms
08-05 02:22:24.927 26278 29711 I art     : Starting a blocking GC Explicit
08-05 02:22:24.960 26278 29711 I art     : Explicit concurrent mark sweep GC freed 23(752B) AllocSpace objects, 0(0B) LOS objects, 24% free, 48MB/64MB, paused 1.213ms total 32.620ms
08-05 02:22:24.970 26278 29711 I art     : Starting a blocking GC Explicit
08-05 02:22:25.002 26278 29711 I art     : Explicit concurrent mark sweep GC freed 3(96B) AllocSpace objects, 0(0B) LOS objects, 24% free, 48MB/64MB, paused 1.356ms total 31.861ms
08-05 02:22:25.012 26278 29711 I art     : Starting a blocking GC Explicit
08-05 02:22:25.044 26278 29711 I art     : Explicit concurrent mark sweep GC freed 3(96B) AllocSpace objects, 0(0B) LOS objects, 24% free, 48MB/64MB, paused 1.221ms total 31.857ms
08-05 02:22:25.054 26278 29711 I art     : Starting a blocking GC Explicit
08-05 02:22:25.085 26278 29711 I art     : Explicit concurrent mark sweep GC freed 3(96B) AllocSpace objects, 0(0B) LOS objects, 24% free, 48MB/64MB, paused 1.167ms total 31.239ms
08-05 02:22:25.341 29775 29775 D AndroidRuntime: >>>>>> START com.android.internal.os.RuntimeInit uid 2000 <<<<<<
08-05 02:22:25.348 29775 29775 D AndroidRuntime: CheckJNI is OFF
08-05 02:22:25.384 29775 29775 D ICU     : No timezone override file found: /data/misc/zoneinfo/current/icu/icu_tzdata.dat
08-05 02:22:25.409 26278 27471 I art     : Starting a blocking GC Explicit
08-05 02:22:25.417 29775 29775 I Radio-JNI: register_android_hardware_Radio DONE
08-05 02:22:25.439 29775 29775 D AndroidRuntime: Calling main entry com.android.commands.input.Input
08-05 02:22:25.439 26278 27471 I art     : Explicit concurrent mark sweep GC freed 1426(84KB) AllocSpace objects, 1(20KB) LOS objects, 24% free, 48MB/64MB, paused 1.243ms total 30.448ms
08-05 02:22:25.440 29775 29775 I Input   : injectMotionEvent: MotionEvent { action=ACTION_DOWN, actionButton=0, id[0]=0, x[0]=603.0, y[0]=1061.0, toolType[0]=TOOL_TYPE_UNKNOWN, buttonState=0, metaState=0, flags=0x0, edgeFlags=0x0, pointerCount=1, historySize=0, eventTime=757361853, downTime=757361853, deviceId=0, source=0x1002 }
08-05 02:22:25.446 29775 29775 I Input   : injectMotionEvent: MotionEvent { action=ACTION_UP, actionButton=0, id[0]=0, x[0]=603.0, y[0]=1061.0, toolType[0]=TOOL_TYPE_UNKNOWN, buttonState=0, metaState=0, flags=0x0, edgeFlags=0x0, pointerCount=1, historySize=0, eventTime=757361853, downTime=757361853, deviceId=0, source=0x1002 }
08-05 02:22:25.448 29775 29775 D AndroidRuntime: Shutting down VM
08-05 02:22:25.449 26278 27471 I art     : Starting a blocking GC Explicit
08-05 02:22:25.463   512  2967 D audio_hw_primary: out_set_parameters: enter: usecase(1: low-latency-playback) kvpairs: routing=2
08-05 02:22:25.477   512  2967 D audio_hw_primary: select_devices: out_snd_device(2: speaker) in_snd_device(0: none)
08-05 02:22:25.477   512  2967 D msm8974_platform: platform_send_audio_calibration: sending audio calibration for snd_device(2) acdb_id(15)
08-05 02:22:25.477   512  2967 I soundtrigger: audio_extn_sound_trigger_update_device_status: device 0x2 of type 0 for Event 1
08-05 02:22:25.482 26278 27471 I art     : Explicit concurrent mark sweep GC freed 602(25KB) AllocSpace objects, 0(0B) LOS objects, 24% free, 49MB/65MB, paused 1.598ms total 32.710ms
08-05 02:22:25.487   512  2967 D audio_hw_primary: enable_snd_device: snd_device(2: speaker)
08-05 02:22:25.489   512  2967 D audio_hw_primary: enable_audio_route: apply and update mixer path: low-latency-playback speaker
08-05 02:22:25.491 26278 27471 I art     : Starting a blocking GC Explicit
08-05 02:22:25.523 26278 27471 I art     : Explicit concurrent mark sweep GC freed 2290(92KB) AllocSpace objects, 0(0B) LOS objects, 24% free, 49MB/65MB, paused 1.890ms total 31.748ms
08-05 02:22:25.533 26278 27471 I art     : Starting a blocking GC Explicit
08-05 02:22:25.550 26278 29798 I NAPPA_EXPERIMENTATION: MetricNetworkRequestExecutionTime: REQUEST_DURATION_SYSTEM='53',REQUEST_DURATION_OKHTTP='53',REQUEST_SYNCHRONOUS='TRUE',RESPONSE_CODE='200',RESPONSE_METHOD='GET',RESPONSE_LENGTH_OKHTTP='37507',RESPONSE_LENGTH_HEADER='37507',REQUEST_PROTOCOL='http/1.1',REQUEST_URL='https://gpodder.net/toplist/50.json',
08-05 02:22:25.562 26278 27471 I art     : Explicit concurrent mark sweep GC freed 1878(98KB) AllocSpace objects, 1(220KB) LOS objects, 24% free, 49MB/65MB, paused 1.173ms total 29.394ms
08-05 02:22:25.571 26278 27471 I art     : Starting a blocking GC Explicit
08-05 02:22:25.586 26278 28773 I NAPPA_EXPERIMENTATION: MetricNetworkRequestExecutionTime: REQUEST_DURATION_SYSTEM='86',REQUEST_DURATION_OKHTTP='86',REQUEST_SYNCHRONOUS='TRUE',RESPONSE_CODE='200',RESPONSE_METHOD='GET',RESPONSE_LENGTH_OKHTTP='2923',RESPONSE_LENGTH_HEADER='2923',REQUEST_PROTOCOL='http/1.1',REQUEST_URL='https://gpodder.net/api/2/tags/50.json',
08-05 02:22:25.602 26278 27471 I art     : Explicit concurrent mark sweep GC freed 3999(305KB) AllocSpace objects, 1(76KB) LOS objects, 24% free, 49MB/65MB, paused 1.263ms total 30.513ms
08-05 02:22:25.611 26278 27223 D ApOkHttpUrlLoader: buildLoadData() called with: model = [http://sixgun.org/files/linuxoutlaws.jpg], width = [224], height = [224]
08-05 02:22:25.612 26278 27030 D DBReader: getImageAuthentication() called with: imageUrl = [http://sixgun.org/files/linuxoutlaws.jpg]
08-05 02:22:25.614 26278 27030 D ApOkHttpUrlLoader: no credentials for 'http://sixgun.org/files/linuxoutlaws.jpg'
08-05 02:22:25.620 26278 27223 D ApOkHttpUrlLoader: buildLoadData() called with: model = [https://files.thisamericanlife.org/sites/all/themes/thislife/img/tal-name-1400x1400.png], width = [224], height = [224]
08-05 02:22:25.624 26278 27223 D ApOkHttpUrlLoader: buildLoadData() called with: model = [https://elroy.twit.tv/sites/default/files/styles/twit_album_art_2048x2048/public/images/shows/floss_weekly/album_art/audio/floss_albumart_mask.jpg?itok=IUjxKpwt], width = [224], height = [224]
08-05 02:22:25.629 26278 27223 D ApOkHttpUrlLoader: buildLoadData() called with: model = [http://ichef.bbci.co.uk/images/ic/3000x3000/p07kfvzb.jpg], width = [224], height = [224]
08-05 02:22:25.632 26278 27223 D ApOkHttpUrlLoader: buildLoadData() called with: model = [https://pl.tedcdn.com/rss_feed_images/ted_talks_main_podcast/video.png], width = [224], height = [224]
08-05 02:22:25.635 26278 27223 D ApOkHttpUrlLoader: buildLoadData() called with: model = [https://elroy.twit.tv/sites/default/files/styles/twit_album_art_2048x2048/public/images/shows/this_week_in_tech/album_art/audio/twit1400audio.jpg?itok=J0vhatZb], width = [224], height = [224]
08-05 02:22:25.638 26278 27223 D ApOkHttpUrlLoader: buildLoadData() called with: model = [http://ichef.bbci.co.uk/images/ic/3000x3000/p03gtk3j.jpg], width = [224], height = [224]
08-05 02:22:25.651 26278 27030 D DBWriter: updateFeedDownloadURL(original: http://sixgun.org/files/linuxoutlaws.jpg, updated: https://fab.industries/sixgun/files/linuxoutlaws.jpg)
08-05 02:22:25.799 26278 27030 D MYTAG   : interceptor 2a
08-05 02:22:25.799 26278 27030 I NAPPA_EXPERIMENTATION: MetricNetworkRequestExecutionTime: REQUEST_DURATION_SYSTEM='185',REQUEST_DURATION_OKHTTP='146',REQUEST_SYNCHRONOUS='TRUE',RESPONSE_CODE='404',RESPONSE_METHOD='GET',RESPONSE_LENGTH_OKHTTP='-1',RESPONSE_LENGTH_HEADER='1503',REQUEST_PROTOCOL='h2',REQUEST_URL='https://fab.industries/sixgun/files/linuxoutlaws.jpg',
08-05 02:22:25.800 26278 26278 W Glide   : Load failed for http://sixgun.org/files/linuxoutlaws.jpg with size [224x224]
08-05 02:22:25.800 26278 26278 W Glide   : class com.bumptech.glide.load.engine.GlideException: Failed to load resource
08-05 02:22:25.800 26278 26278 W Glide   : There was 1 cause:
08-05 02:22:25.800 26278 26278 W Glide   : com.bumptech.glide.load.HttpException()
08-05 02:22:25.800 26278 26278 W Glide   :  call GlideException#logRootCauses(String) for more detail
08-05 02:22:25.800 26278 26278 W Glide   :   Cause (1 of 1): class com.bumptech.glide.load.engine.GlideException: Fetching data failed, class java.io.InputStream, REMOTE
08-05 02:22:25.800 26278 26278 W Glide   : There was 1 cause:
08-05 02:22:25.800 26278 26278 W Glide   : com.bumptech.glide.load.HttpException()
08-05 02:22:25.800 26278 26278 W Glide   :  call GlideException#logRootCauses(String) for more detail
08-05 02:22:25.800 26278 26278 W Glide   :     Cause (1 of 1): class com.bumptech.glide.load.HttpException: 
08-05 02:22:25.800 26278 26278 I Glide   : Root cause (1 of 1)
08-05 02:22:25.800 26278 26278 I Glide   : com.bumptech.glide.load.HttpException: 
08-05 02:22:25.800 26278 26278 I Glide   : 	at com.bumptech.glide.integration.okhttp3.OkHttpStreamFetcher.onResponse(OkHttpStreamFetcher.java:73)
08-05 02:22:25.800 26278 26278 I Glide   : 	at okhttp3.RealCall$AsyncCall.execute(RealCall.java:174)
08-05 02:22:25.800 26278 26278 I Glide   : 	at okhttp3.internal.NamedRunnable.run(NamedRunnable.java:32)
08-05 02:22:25.800 26278 26278 I Glide   : 	at java.util.concurrent.ThreadPoolExecutor.runWorker(ThreadPoolExecutor.java:1113)
08-05 02:22:25.800 26278 26278 I Glide   : 	at java.util.concurrent.ThreadPoolExecutor$Worker.run(ThreadPoolExecutor.java:588)
08-05 02:22:25.800 26278 26278 I Glide   : 	at java.lang.Thread.run(Thread.java:818)
08-05 02:22:25.801 26278 26278 W Glide   : Load failed for http://sixgun.org/files/linuxoutlaws.jpg with size [224x224]
08-05 02:22:25.801 26278 26278 W Glide   : class com.bumptech.glide.load.engine.GlideException: Failed to load resource
08-05 02:22:25.801 26278 26278 W Glide   : There was 1 cause:
08-05 02:22:25.801 26278 26278 W Glide   : com.bumptech.glide.load.HttpException()
08-05 02:22:25.801 26278 26278 W Glide   :  call GlideException#logRootCauses(String) for more detail
08-05 02:22:25.801 26278 26278 W Glide   :   Cause (1 of 1): class com.bumptech.glide.load.engine.GlideException: Fetching data failed, class java.io.InputStream, REMOTE
08-05 02:22:25.801 26278 26278 W Glide   : There was 1 cause:
08-05 02:22:25.801 26278 26278 W Glide   : com.bumptech.glide.load.HttpException()
08-05 02:22:25.801 26278 26278 W Glide   :  call GlideException#logRootCauses(String) for more detail
08-05 02:22:25.801 26278 26278 W Glide   :     Cause (1 of 1): class com.bumptech.glide.load.HttpException: 
08-05 02:22:25.801 26278 26278 I Glide   : Root cause (1 of 1)
08-05 02:22:25.801 26278 26278 I Glide   : com.bumptech.glide.load.HttpException: 
08-05 02:22:25.801 26278 26278 I Glide   : 	at com.bumptech.glide.integration.okhttp3.OkHttpStreamFetcher.onResponse(OkHttpStreamFetcher.java:73)
08-05 02:22:25.801 26278 26278 I Glide   : 	at okhttp3.RealCall$AsyncCall.execute(RealCall.java:174)
08-05 02:22:25.801 26278 26278 I Glide   : 	at okhttp3.internal.NamedRunnable.run(NamedRunnable.java:32)
08-05 02:22:25.801 26278 26278 I Glide   : 	at java.util.concurrent.ThreadPoolExecutor.runWorker(ThreadPoolExecutor.java:1113)
08-05 02:22:25.801 26278 26278 I Glide   : 	at java.util.concurrent.ThreadPoolExecutor$Worker.run(ThreadPoolExecutor.java:588)
08-05 02:22:25.801 26278 26278 I Glide   : 	at java.lang.Thread.run(Thread.java:818)
08-05 02:22:25.876 26278 26300 I art     : Starting a blocking GC Explicit
08-05 02:22:25.909 26278 26300 I art     : Explicit concurrent mark sweep GC freed 4086(264KB) AllocSpace objects, 3(136KB) LOS objects, 23% free, 50MB/66MB, paused 1.157ms total 33.226ms
08-05 02:22:25.920 26278 26300 I art     : Starting a blocking GC Explicit
08-05 02:22:25.952 26278 26300 I art     : Explicit concurrent mark sweep GC freed 224(9KB) AllocSpace objects, 0(0B) LOS objects, 23% free, 50MB/66MB, paused 1.075ms total 32.085ms
08-05 02:22:25.962 26278 26300 I art     : Starting a blocking GC Explicit
08-05 02:22:25.993 26278 26300 I art     : Explicit concurrent mark sweep GC freed 3(96B) AllocSpace objects, 0(0B) LOS objects, 23% free, 50MB/66MB, paused 1.185ms total 31.564ms
08-05 02:22:26.004 26278 26300 I art     : Starting a blocking GC Explicit
08-05 02:22:26.018   512  2967 D audio_hw_primary: disable_audio_route: reset and update mixer path: low-latency-playback speaker
08-05 02:22:26.020   512  2967 D audio_hw_primary: disable_snd_device: snd_device(2: speaker)
08-05 02:22:26.029   512  2967 I soundtrigger: audio_extn_sound_trigger_update_device_status: device 0x2 of type 0 for Event 0
08-05 02:22:26.035 26278 26300 I art     : Explicit concurrent mark sweep GC freed 3(96B) AllocSpace objects, 0(0B) LOS objects, 23% free, 50MB/66MB, paused 1.193ms total 31.354ms
08-05 02:22:26.045 26278 26300 I art     : Starting a blocking GC Explicit
08-05 02:22:26.077 26278 26300 I art     : Explicit concurrent mark sweep GC freed 3(96B) AllocSpace objects, 0(0B) LOS objects, 23% free, 50MB/66MB, paused 1.304ms total 31.951ms
08-05 02:22:26.400 26278 29711 I art     : Starting a blocking GC Explicit
08-05 02:22:26.445 26278 29711 I art     : Explicit concurrent mark sweep GC freed 1410(81KB) AllocSpace objects, 1(20KB) LOS objects, 23% free, 50MB/66MB, paused 1.341ms total 45.181ms
08-05 02:22:26.459 26278 29711 I art     : Starting a blocking GC Explicit
08-05 02:22:26.495 26278 29711 I art     : Explicit concurrent mark sweep GC freed 40(1344B) AllocSpace objects, 0(0B) LOS objects, 23% free, 50MB/66MB, paused 1.239ms total 35.915ms
08-05 02:22:26.506 26278 29711 I art     : Starting a blocking GC Explicit
08-05 02:22:26.542 26278 29711 I art     : Explicit concurrent mark sweep GC freed 3(96B) AllocSpace objects, 0(0B) LOS objects, 23% free, 50MB/66MB, paused 1.214ms total 36.030ms
08-05 02:22:26.552 26278 29711 I art     : Starting a blocking GC Explicit
08-05 02:22:26.589 26278 29711 I art     : Explicit concurrent mark sweep GC freed 3(96B) AllocSpace objects, 0(0B) LOS objects, 23% free, 50MB/66MB, paused 1.230ms total 36.393ms
08-05 02:22:26.600 26278 29711 I art     : Starting a blocking GC Explicit
08-05 02:22:26.636 26278 29711 I art     : Explicit concurrent mark sweep GC freed 3(96B) AllocSpace objects, 0(0B) LOS objects, 23% free, 50MB/66MB, paused 1.250ms total 35.608ms
08-05 02:22:26.979   518   646 I ThermalEngine: ACTION: GPU - Setting GPU[0] to 450000000
08-05 02:22:26.981 26278 27471 I art     : Starting a blocking GC Explicit
08-05 02:22:27.029 26278 27471 I art     : Explicit concurrent mark sweep GC freed 1381(81KB) AllocSpace objects, 1(20KB) LOS objects, 23% free, 50MB/66MB, paused 1.618ms total 48.305ms
08-05 02:22:27.043 26278 27471 I art     : Starting a blocking GC Explicit
08-05 02:22:27.090 26278 27471 I art     : Explicit concurrent mark sweep GC freed 23(752B) AllocSpace objects, 0(0B) LOS objects, 23% free, 50MB/66MB, paused 1.719ms total 46.285ms
08-05 02:22:27.104 26278 27471 I art     : Starting a blocking GC Explicit
08-05 02:22:27.153 26278 27471 I art     : Explicit concurrent mark sweep GC freed 3(96B) AllocSpace objects, 0(0B) LOS objects, 23% free, 50MB/66MB, paused 1.724ms total 48.747ms
08-05 02:22:27.166 26278 27471 I art     : Starting a blocking GC Explicit
08-05 02:22:27.212 26278 27471 I art     : Explicit concurrent mark sweep GC freed 4(160B) AllocSpace objects, 0(0B) LOS objects, 23% free, 50MB/66MB, paused 1.875ms total 46.036ms
08-05 02:22:27.226 26278 27471 I art     : Starting a blocking GC Explicit
08-05 02:22:27.275 26278 27471 I art     : Explicit concurrent mark sweep GC freed 18(576B) AllocSpace objects, 0(0B) LOS objects, 23% free, 50MB/66MB, paused 1.747ms total 48.799ms
08-05 02:22:27.665 26278 29711 I art     : Starting a blocking GC Explicit
08-05 02:22:27.724 26278 29711 I art     : Explicit concurrent mark sweep GC freed 1473(83KB) AllocSpace objects, 1(20KB) LOS objects, 23% free, 50MB/66MB, paused 1.788ms total 59.186ms
08-05 02:22:27.741 26278 29711 I art     : Starting a blocking GC Explicit
08-05 02:22:27.791 26278 29711 I art     : Explicit concurrent mark sweep GC freed 23(752B) AllocSpace objects, 0(0B) LOS objects, 23% free, 50MB/66MB, paused 1.813ms total 49.575ms
08-05 02:22:27.808 26278 29711 I art     : Starting a blocking GC Explicit
08-05 02:22:27.855 26278 29711 I art     : Explicit concurrent mark sweep GC freed 3(96B) AllocSpace objects, 0(0B) LOS objects, 23% free, 50MB/66MB, paused 1.663ms total 46.887ms
08-05 02:22:27.869 26278 29711 I art     : Starting a blocking GC Explicit
08-05 02:22:27.918 26278 29711 I art     : Explicit concurrent mark sweep GC freed 3(96B) AllocSpace objects, 0(0B) LOS objects, 23% free, 50MB/66MB, paused 1.808ms total 48.707ms
08-05 02:22:27.931 26278 29711 I art     : Starting a blocking GC Explicit
08-05 02:22:27.980 26278 29711 I art     : Explicit concurrent mark sweep GC freed 3(96B) AllocSpace objects, 0(0B) LOS objects, 23% free, 50MB/66MB, paused 1.716ms total 48.400ms
08-05 02:22:28.385 26278 27471 I art     : Starting a blocking GC Explicit
08-05 02:22:28.445 26278 27471 I art     : Explicit concurrent mark sweep GC freed 1410(81KB) AllocSpace objects, 1(20KB) LOS objects, 23% free, 50MB/66MB, paused 1.790ms total 59.308ms
08-05 02:22:28.460 26278 27471 I art     : Starting a blocking GC Explicit
08-05 02:22:28.509 26278 27471 I art     : Explicit concurrent mark sweep GC freed 23(752B) AllocSpace objects, 0(0B) LOS objects, 23% free, 50MB/66MB, paused 1.802ms total 48.572ms
08-05 02:22:28.523 26278 27471 I art     : Starting a blocking GC Explicit
08-05 02:22:28.570 26278 27471 I art     : Explicit concurrent mark sweep GC freed 3(96B) AllocSpace objects, 0(0B) LOS objects, 23% free, 50MB/66MB, paused 1.767ms total 46.880ms
08-05 02:22:28.584 26278 27471 I art     : Starting a blocking GC Explicit
08-05 02:22:28.633 26278 27471 I art     : Explicit concurrent mark sweep GC freed 3(96B) AllocSpace objects, 0(0B) LOS objects, 23% free, 50MB/66MB, paused 1.667ms total 48.607ms
08-05 02:22:28.647 26278 27471 I art     : Starting a blocking GC Explicit
08-05 02:22:28.692 26278 27471 I art     : Explicit concurrent mark sweep GC freed 3(96B) AllocSpace objects, 0(0B) LOS objects, 23% free, 50MB/66MB, paused 1.702ms total 45.377ms
08-05 02:22:29.082 26278 26290 I art     : Starting a blocking GC Explicit
08-05 02:22:29.140 26278 26290 I art     : Explicit concurrent mark sweep GC freed 1381(81KB) AllocSpace objects, 1(20KB) LOS objects, 23% free, 50MB/66MB, paused 1.935ms total 57.953ms
08-05 02:22:29.157 26278 26290 I art     : Starting a blocking GC Explicit
08-05 02:22:29.204 26278 26290 I art     : Explicit concurrent mark sweep GC freed 23(752B) AllocSpace objects, 0(0B) LOS objects, 23% free, 50MB/66MB, paused 1.657ms total 46.939ms
08-05 02:22:29.218 26278 26290 I art     : Starting a blocking GC Explicit
08-05 02:22:29.266 26278 26290 I art     : Explicit concurrent mark sweep GC freed 3(96B) AllocSpace objects, 0(0B) LOS objects, 23% free, 50MB/66MB, paused 1.673ms total 48.639ms
08-05 02:22:29.285 26278 26290 I art     : Starting a blocking GC Explicit
08-05 02:22:29.332 26278 26290 I art     : Explicit concurrent mark sweep GC freed 3(96B) AllocSpace objects, 0(0B) LOS objects, 23% free, 50MB/66MB, paused 1.655ms total 46.432ms
08-05 02:22:29.345 26278 26290 I art     : Starting a blocking GC Explicit
08-05 02:22:29.394 26278 26290 I art     : Explicit concurrent mark sweep GC freed 32(880B) AllocSpace objects, 0(0B) LOS objects, 23% free, 50MB/66MB, paused 1.675ms total 48.531ms
08-05 02:22:29.800 26278 26300 I art     : Starting a blocking GC Explicit
08-05 02:22:29.858 26278 26300 I art     : Explicit concurrent mark sweep GC freed 1382(82KB) AllocSpace objects, 1(20KB) LOS objects, 23% free, 50MB/66MB, paused 1.791ms total 58.190ms
08-05 02:22:29.875 26278 26300 I art     : Starting a blocking GC Explicit
08-05 02:22:29.927 26278 26300 I art     : Explicit concurrent mark sweep GC freed 23(752B) AllocSpace objects, 0(0B) LOS objects, 23% free, 50MB/66MB, paused 1.607ms total 51.322ms
08-05 02:22:29.927 26278 26288 I art     : WaitForGcToComplete blocked for 10.485ms for cause HeapTrim
08-05 02:22:29.940 26278 26300 I art     : Starting a blocking GC Explicit
08-05 02:22:29.984   518   646 I ThermalEngine: ACTION: GPU - Setting GPU[0] to 510000000
08-05 02:22:29.988 26278 26300 I art     : Explicit concurrent mark sweep GC freed 3(96B) AllocSpace objects, 0(0B) LOS objects, 23% free, 50MB/66MB, paused 1.664ms total 46.973ms
08-05 02:22:30.001 26278 26300 I art     : Starting a blocking GC Explicit
08-05 02:22:30.043 26278 26300 I art     : Explicit concurrent mark sweep GC freed 3(96B) AllocSpace objects, 0(0B) LOS objects, 23% free, 50MB/66MB, paused 1.190ms total 41.001ms
08-05 02:22:30.053 26278 26300 I art     : Starting a blocking GC Explicit
08-05 02:22:30.089 26278 26300 I art     : Explicit concurrent mark sweep GC freed 3(96B) AllocSpace objects, 0(0B) LOS objects, 23% free, 50MB/66MB, paused 1.260ms total 35.749ms
08-05 02:22:30.466 26278 26291 I art     : Starting a blocking GC Explicit
08-05 02:22:30.513 26278 26291 I art     : Explicit concurrent mark sweep GC freed 1413(82KB) AllocSpace objects, 1(20KB) LOS objects, 23% free, 50MB/66MB, paused 1.342ms total 45.887ms
08-05 02:22:30.527 26278 26291 I art     : Starting a blocking GC Explicit
08-05 02:22:30.563 26278 26291 I art     : Explicit concurrent mark sweep GC freed 23(752B) AllocSpace objects, 0(0B) LOS objects, 23% free, 50MB/66MB, paused 1.249ms total 35.756ms
08-05 02:22:30.573 26278 26291 I art     : Starting a blocking GC Explicit
08-05 02:22:30.610 26278 26291 I art     : Explicit concurrent mark sweep GC freed 3(96B) AllocSpace objects, 0(0B) LOS objects, 23% free, 50MB/66MB, paused 1.256ms total 36.765ms
08-05 02:22:30.621 26278 26291 I art     : Starting a blocking GC Explicit
08-05 02:22:30.657 26278 26291 I art     : Explicit concurrent mark sweep GC freed 3(96B) AllocSpace objects, 0(0B) LOS objects, 23% free, 50MB/66MB, paused 1.260ms total 36.230ms
08-05 02:22:30.668 26278 26291 I art     : Starting a blocking GC Explicit
08-05 02:22:30.704 26278 26291 I art     : Explicit concurrent mark sweep GC freed 3(96B) AllocSpace objects, 0(0B) LOS objects, 23% free, 50MB/66MB, paused 1.241ms total 35.714ms
08-05 02:22:31.080 26278 29711 I art     : Starting a blocking GC Explicit
08-05 02:22:31.126 26278 29711 I art     : Explicit concurrent mark sweep GC freed 1381(81KB) AllocSpace objects, 1(20KB) LOS objects, 23% free, 50MB/66MB, paused 1.342ms total 45.684ms
08-05 02:22:31.138 26278 29711 I art     : Starting a blocking GC Explicit
08-05 02:22:31.174 26278 29711 I art     : Explicit concurrent mark sweep GC freed 23(752B) AllocSpace objects, 0(0B) LOS objects, 23% free, 50MB/66MB, paused 1.263ms total 35.779ms
08-05 02:22:31.185 26278 29711 I art     : Starting a blocking GC Explicit
08-05 02:22:31.222 26278 29711 I art     : Explicit concurrent mark sweep GC freed 3(96B) AllocSpace objects, 0(0B) LOS objects, 23% free, 50MB/66MB, paused 1.242ms total 36.404ms
08-05 02:22:31.232 26278 29711 I art     : Starting a blocking GC Explicit
08-05 02:22:31.268 26278 29711 I art     : Explicit concurrent mark sweep GC freed 3(96B) AllocSpace objects, 0(0B) LOS objects, 23% free, 50MB/66MB, paused 1.334ms total 35.283ms
08-05 02:22:31.278 26278 29711 I art     : Starting a blocking GC Explicit
08-05 02:22:31.315 26278 29711 I art     : Explicit concurrent mark sweep GC freed 3(96B) AllocSpace objects, 0(0B) LOS objects, 23% free, 50MB/66MB, paused 1.249ms total 36.555ms
08-05 02:22:31.691 26278 27471 I art     : Starting a blocking GC Explicit
08-05 02:22:31.728 26278 27471 I art     : Explicit concurrent mark sweep GC freed 1410(81KB) AllocSpace objects, 1(20KB) LOS objects, 23% free, 50MB/66MB, paused 1.338ms total 36.868ms
08-05 02:22:31.739 26278 27471 I art     : Starting a blocking GC Explicit
08-05 02:22:31.772 26278 27471 I art     : Explicit concurrent mark sweep GC freed 23(752B) AllocSpace objects, 0(0B) LOS objects, 23% free, 50MB/66MB, paused 1.218ms total 33.347ms
08-05 02:22:31.782 26278 27471 I art     : Starting a blocking GC Explicit
08-05 02:22:31.816 26278 27471 I art     : Explicit concurrent mark sweep GC freed 3(96B) AllocSpace objects, 0(0B) LOS objects, 23% free, 50MB/66MB, paused 1.327ms total 33.536ms
08-05 02:22:31.826 26278 27471 I art     : Starting a blocking GC Explicit
08-05 02:22:31.860 26278 27471 I art     : Explicit concurrent mark sweep GC freed 3(96B) AllocSpace objects, 0(0B) LOS objects, 23% free, 50MB/66MB, paused 1.224ms total 34.091ms
08-05 02:22:31.870 26278 27471 I art     : Starting a blocking GC Explicit
08-05 02:22:31.904 26278 27471 I art     : Explicit concurrent mark sweep GC freed 3(96B) AllocSpace objects, 0(0B) LOS objects, 23% free, 50MB/66MB, paused 1.223ms total 33.201ms
08-05 02:22:32.108 29902 29902 D AndroidRuntime: >>>>>> START com.android.internal.os.RuntimeInit uid 2000 <<<<<<
08-05 02:22:32.114 29902 29902 D AndroidRuntime: CheckJNI is OFF
08-05 02:22:32.145 29902 29902 D ICU     : No timezone override file found: /data/misc/zoneinfo/current/icu/icu_tzdata.dat
08-05 02:22:32.177 29902 29902 I Radio-JNI: register_android_hardware_Radio DONE
08-05 02:22:32.199 29902 29902 D AndroidRuntime: Calling main entry com.android.commands.input.Input
08-05 02:22:32.201 29902 29902 I Input   : injectMotionEvent: MotionEvent { action=ACTION_DOWN, actionButton=0, id[0]=0, x[0]=526.0, y[0]=597.0, toolType[0]=TOOL_TYPE_UNKNOWN, buttonState=0, metaState=0, flags=0x0, edgeFlags=0x0, pointerCount=1, historySize=0, eventTime=757368614, downTime=757368614, deviceId=0, source=0x1002 }
08-05 02:22:32.206 29902 29902 I Input   : injectMotionEvent: MotionEvent { action=ACTION_UP, actionButton=0, id[0]=0, x[0]=526.0, y[0]=597.0, toolType[0]=TOOL_TYPE_UNKNOWN, buttonState=0, metaState=0, flags=0x0, edgeFlags=0x0, pointerCount=1, historySize=0, eventTime=757368614, downTime=757368614, deviceId=0, source=0x1002 }
08-05 02:22:32.208 29902 29902 D AndroidRuntime: Shutting down VM
08-05 02:22:32.248 26278 26291 I art     : Starting a blocking GC Explicit
08-05 02:22:32.273 26278 26278 D PodcastListFragment: Selected podcast: GpodnetPodcast [url=http://feeds.feedburner.com/linuxoutlaws, title=Linux Outlaws, description=Two pragmatic geeks talk about the latest news concerning Linux, free and open
08-05 02:22:32.273 26278 26278 D PodcastListFragment: technology or anything else they deem noteworthy which may include such absurd
08-05 02:22:32.273 26278 26278 D PodcastListFragment: things as hockey or bands you never heard of. This means there's many a joke
08-05 02:22:32.273 26278 26278 D PodcastListFragment: and derailed conversation along the way, so don't come here expecting only
08-05 02:22:32.273 26278 26278 D PodcastListFragment: Linux or software freedom talk  just sit back and relax, partner., subscribers=3321, logoUrl=http://sixgun.org/files/linuxoutlaws.jpg, website=http://sixgun.org, mygpoLink=http://gpodder.net/podcast/linux-outlaws-mp3]
08-05 02:22:32.275   918  3670 I ActivityManager: START u0 {cmp=baseline.de.danoeh.antennapod.debug/baseline.de.danoeh.antennapod.activity.OnlineFeedViewActivity (has extras)} from uid 10691 on display 0
08-05 02:22:32.276   512  2967 D audio_hw_primary: out_set_parameters: enter: usecase(1: low-latency-playback) kvpairs: routing=2
08-05 02:22:32.289 26278 26291 I art     : Explicit concurrent mark sweep GC freed 1421(91KB) AllocSpace objects, 1(20KB) LOS objects, 23% free, 50MB/66MB, paused 1.750ms total 40.759ms
08-05 02:22:32.289   512  2967 D audio_hw_primary: select_devices: out_snd_device(2: speaker) in_snd_device(0: none)
08-05 02:22:32.289   512  2967 D msm8974_platform: platform_send_audio_calibration: sending audio calibration for snd_device(2) acdb_id(15)
08-05 02:22:32.289   512  2967 I soundtrigger: audio_extn_sound_trigger_update_device_status: device 0x2 of type 0 for Event 1
08-05 02:22:32.300 26278 26291 I art     : Starting a blocking GC Explicit
08-05 02:22:32.302   512  2967 D audio_hw_primary: enable_snd_device: snd_device(2: speaker)
08-05 02:22:32.304   512  2967 D audio_hw_primary: enable_audio_route: apply and update mixer path: low-latency-playback speaker
08-05 02:22:32.310 26278 26278 D UserPreferences: Using default data folder
08-05 02:22:32.311 26278 26278 D OnlineFeedViewActivity: Activity was started with url http://feeds.feedburner.com/linuxoutlaws
08-05 02:22:32.313 26278 26278 D OnlineFeedViewActivity: Starting feed download
08-05 02:22:32.315 26278 26304 D DBReader: Extracting Feedlist
08-05 02:22:32.317   918  3714 D WifiService: acquireWifiLockLocked: WifiLock{Downloader type=1 binder=android.os.BinderProxy@35525ad}
08-05 02:22:32.318 26278 26304 D AntennapodHttpClient: Creating new instance of HTTP client
08-05 02:22:32.334 26278 26291 I art     : Explicit concurrent mark sweep GC freed 1247(90KB) AllocSpace objects, 0(0B) LOS objects, 23% free, 50MB/66MB, paused 1.976ms total 33.642ms
08-05 02:22:32.343 26278 26291 I art     : Starting a blocking GC Explicit
08-05 02:22:32.374 26278 26291 I art     : Explicit concurrent mark sweep GC freed 336(14KB) AllocSpace objects, 0(0B) LOS objects, 23% free, 50MB/66MB, paused 1.174ms total 30.644ms
08-05 02:22:32.376 13866 13866 I GoogleInputMethodServic: GoogleInputMethodService.onFinishInput():3138 
08-05 02:22:32.377 13866 13866 I GoogleInputMethodServic: GoogleInputMethodService.onStartInput():1808 
08-05 02:22:32.384 26278 26291 I art     : Starting a blocking GC Explicit
08-05 02:22:32.398   918   936 I ActivityManager: Displayed baseline.de.danoeh.antennapod.debug/baseline.de.danoeh.antennapod.activity.OnlineFeedViewActivity: +107ms
08-05 02:22:32.409 26278 26304 D MYTAG   : interceptor 3a http://feeds.feedburner.com/linuxoutlaws
08-05 02:22:32.410 26278 26304 I NAPPA_EXPERIMENTATION: MetricNetworkRequestExecutionTime: REQUEST_DURATION_SYSTEM='91',REQUEST_DURATION_OKHTTP='36',REQUEST_SYNCHRONOUS='TRUE',RESPONSE_CODE='200',RESPONSE_METHOD='GET',RESPONSE_LENGTH_OKHTTP='-1',RESPONSE_LENGTH_HEADER='-2',REQUEST_PROTOCOL='http/1.1',REQUEST_URL='http://feeds.feedburner.com/linuxoutlaws',
08-05 02:22:32.410 26278 26304 D HttpDownloader: Response code is 200
08-05 02:22:32.410 26278 26304 D UserPreferences: Using default data folder
08-05 02:22:32.411 26278 26304 D HttpDownloader: Getting size of download
08-05 02:22:32.411 26278 26304 D HttpDownloader: Size is -1
08-05 02:22:32.411 26278 26304 D UserPreferences: Using default data folder
08-05 02:22:32.411 26278 26304 D HttpDownloader: Free space is 20447752192
08-05 02:22:32.411 26278 26304 D HttpDownloader: Starting download
08-05 02:22:32.418 26278 26291 I art     : Explicit concurrent mark sweep GC freed 332(23KB) AllocSpace objects, 0(0B) LOS objects, 23% free, 51MB/67MB, paused 1.568ms total 33.630ms
08-05 02:22:32.428 26278 26291 I art     : Starting a blocking GC Explicit
08-05 02:22:32.436 26278 26299 D OpenGLRenderer: endAllStagingAnimators on 0x7f7d23b800 (GridView) with handle 0x7f76920180
08-05 02:22:32.438 26278 26304 D HttpDownloader: Download was successful
08-05 02:22:32.439   918  3714 D WifiService: releaseWifiLockLocked: WifiLock{Downloader type=1 binder=android.os.BinderProxy@35525ad}
08-05 02:22:32.441 26278 26278 D OnlineFeedViewActivity: Parsing feed
08-05 02:22:32.443 26278 29926 D TypeGetter: Recognized type RSS 2.0
08-05 02:22:32.445 26278 29926 D SyndHandler: Recognized Content namespace
08-05 02:22:32.445 26278 29926 D SyndHandler: Recognized DublinCore namespace
08-05 02:22:32.445 26278 29926 D SyndHandler: Recognized Atom namespace
08-05 02:22:32.445 26278 29926 D SyndHandler: Recognized ITunes namespace
08-05 02:22:32.445 26278 29926 D SyndHandler: Recognized media namespace
08-05 02:22:32.462 26278 26291 I art     : Explicit concurrent mark sweep GC freed 978(217KB) AllocSpace objects, 3(60KB) LOS objects, 23% free, 51MB/67MB, paused 1.551ms total 34.225ms
08-05 02:22:32.479 26278 29926 D OnlineFeedViewActivity: Deleted feed source file. Result: true
08-05 02:22:32.479 26278 26278 D OnlineFeedViewActivity: Removing HTML from shownotes
08-05 02:22:32.495 26278 27223 D ApOkHttpUrlLoader: buildLoadData() called with: model = [http://sixgun.org/files/linuxoutlaws.jpg], width = [350], height = [350]
08-05 02:22:32.496 26278 27030 D DBReader: getImageAuthentication() called with: imageUrl = [http://sixgun.org/files/linuxoutlaws.jpg]
08-05 02:22:32.498 26278 27030 D ApOkHttpUrlLoader: no credentials for 'http://sixgun.org/files/linuxoutlaws.jpg'
08-05 02:22:32.536 26278 27030 D DBWriter: updateFeedDownloadURL(original: http://sixgun.org/files/linuxoutlaws.jpg, updated: https://fab.industries/sixgun/files/linuxoutlaws.jpg)
08-05 02:22:32.650   380   380 W SurfaceFlinger: couldn't log to binary event log: overflow.
08-05 02:22:32.686 26278 27030 D MYTAG   : interceptor 2a
08-05 02:22:32.687 26278 27030 I NAPPA_EXPERIMENTATION: MetricNetworkRequestExecutionTime: REQUEST_DURATION_SYSTEM='188',REQUEST_DURATION_OKHTTP='147',REQUEST_SYNCHRONOUS='TRUE',RESPONSE_CODE='404',RESPONSE_METHOD='GET',RESPONSE_LENGTH_OKHTTP='-1',RESPONSE_LENGTH_HEADER='1503',REQUEST_PROTOCOL='h2',REQUEST_URL='https://fab.industries/sixgun/files/linuxoutlaws.jpg',
08-05 02:22:32.688 26278 26278 W Glide   : Load failed for http://sixgun.org/files/linuxoutlaws.jpg with size [350x350]
08-05 02:22:32.688 26278 26278 W Glide   : class com.bumptech.glide.load.engine.GlideException: Failed to load resource
08-05 02:22:32.688 26278 26278 W Glide   : There was 1 cause:
08-05 02:22:32.688 26278 26278 W Glide   : com.bumptech.glide.load.HttpException()
08-05 02:22:32.688 26278 26278 W Glide   :  call GlideException#logRootCauses(String) for more detail
08-05 02:22:32.688 26278 26278 W Glide   :   Cause (1 of 1): class com.bumptech.glide.load.engine.GlideException: Fetching data failed, class java.io.InputStream, REMOTE
08-05 02:22:32.688 26278 26278 W Glide   : There was 1 cause:
08-05 02:22:32.688 26278 26278 W Glide   : com.bumptech.glide.load.HttpException()
08-05 02:22:32.688 26278 26278 W Glide   :  call GlideException#logRootCauses(String) for more detail
08-05 02:22:32.688 26278 26278 W Glide   :     Cause (1 of 1): class com.bumptech.glide.load.HttpException: 
08-05 02:22:32.688 26278 26278 I Glide   : Root cause (1 of 1)
08-05 02:22:32.688 26278 26278 I Glide   : com.bumptech.glide.load.HttpException: 
08-05 02:22:32.688 26278 26278 I Glide   : 	at com.bumptech.glide.integration.okhttp3.OkHttpStreamFetcher.onResponse(OkHttpStreamFetcher.java:73)
08-05 02:22:32.688 26278 26278 I Glide   : 	at okhttp3.RealCall$AsyncCall.execute(RealCall.java:174)
08-05 02:22:32.688 26278 26278 I Glide   : 	at okhttp3.internal.NamedRunnable.run(NamedRunnable.java:32)
08-05 02:22:32.688 26278 26278 I Glide   : 	at java.util.concurrent.ThreadPoolExecutor.runWorker(ThreadPoolExecutor.java:1113)
08-05 02:22:32.688 26278 26278 I Glide   : 	at java.util.concurrent.ThreadPoolExecutor$Worker.run(ThreadPoolExecutor.java:588)
08-05 02:22:32.688 26278 26278 I Glide   : 	at java.lang.Thread.run(Thread.java:818)
08-05 02:22:32.767 26278 27471 I art     : Starting a blocking GC Explicit
08-05 02:22:32.777 26278 26278 D PlaybackController: Releasing PlaybackController
08-05 02:22:32.811 26278 27471 I art     : Explicit concurrent mark sweep GC freed 6992(685KB) AllocSpace objects, 12(768KB) LOS objects, 23% free, 51MB/67MB, paused 1.274ms total 43.928ms
08-05 02:22:32.821 26278 27471 I art     : Starting a blocking GC Explicit
08-05 02:22:32.848   512  2967 D audio_hw_primary: disable_audio_route: reset and update mixer path: low-latency-playback speaker
08-05 02:22:32.849   512  2967 D audio_hw_primary: disable_snd_device: snd_device(2: speaker)
08-05 02:22:32.856 26278 27471 I art     : Explicit concurrent mark sweep GC freed 930(42KB) AllocSpace objects, 1(112KB) LOS objects, 23% free, 51MB/67MB, paused 1.152ms total 34.319ms
08-05 02:22:32.857   512  2967 I soundtrigger: audio_extn_sound_trigger_update_device_status: device 0x2 of type 0 for Event 0
08-05 02:22:32.866 26278 27471 I art     : Starting a blocking GC Explicit
08-05 02:22:32.903 26278 27471 I art     : Explicit concurrent mark sweep GC freed 3(96B) AllocSpace objects, 0(0B) LOS objects, 23% free, 51MB/67MB, paused 1.256ms total 35.929ms
08-05 02:22:32.913 26278 27471 I art     : Starting a blocking GC Explicit
08-05 02:22:32.951 26278 27471 I art     : Explicit concurrent mark sweep GC freed 3(96B) AllocSpace objects, 0(0B) LOS objects, 23% free, 51MB/67MB, paused 1.214ms total 37.036ms
08-05 02:22:32.961 26278 27471 I art     : Starting a blocking GC Explicit
08-05 02:22:32.998 26278 27471 I art     : Explicit concurrent mark sweep GC freed 3(96B) AllocSpace objects, 0(0B) LOS objects, 23% free, 51MB/67MB, paused 1.232ms total 37.003ms
08-05 02:22:33.340 26278 26291 I art     : Starting a blocking GC Explicit
08-05 02:22:33.388 26278 26291 I art     : Explicit concurrent mark sweep GC freed 1410(81KB) AllocSpace objects, 1(20KB) LOS objects, 23% free, 51MB/67MB, paused 1.290ms total 47.881ms
08-05 02:22:33.403 26278 26291 I art     : Starting a blocking GC Explicit
08-05 02:22:33.441 26278 26291 I art     : Explicit concurrent mark sweep GC freed 23(768B) AllocSpace objects, 0(0B) LOS objects, 23% free, 51MB/67MB, paused 1.275ms total 38.014ms
08-05 02:22:33.452 26278 26291 I art     : Starting a blocking GC Explicit
08-05 02:22:33.491 26278 26291 I art     : Explicit concurrent mark sweep GC freed 3(96B) AllocSpace objects, 0(0B) LOS objects, 23% free, 51MB/67MB, paused 1.308ms total 38.229ms
08-05 02:22:33.502 26278 26291 I art     : Starting a blocking GC Explicit
08-05 02:22:33.539 26278 26291 I art     : Explicit concurrent mark sweep GC freed 3(96B) AllocSpace objects, 0(0B) LOS objects, 23% free, 51MB/67MB, paused 1.300ms total 37.005ms
08-05 02:22:33.550 26278 26291 I art     : Starting a blocking GC Explicit
08-05 02:22:33.588 26278 26291 I art     : Explicit concurrent mark sweep GC freed 3(96B) AllocSpace objects, 0(0B) LOS objects, 23% free, 51MB/67MB, paused 1.177ms total 38.218ms
08-05 02:22:33.926 26278 26300 I art     : Starting a blocking GC Explicit
08-05 02:22:33.973 26278 26300 I art     : Explicit concurrent mark sweep GC freed 1381(81KB) AllocSpace objects, 1(20KB) LOS objects, 23% free, 51MB/67MB, paused 1.362ms total 46.858ms
08-05 02:22:33.988 26278 26300 I art     : Starting a blocking GC Explicit
08-05 02:22:34.027 26278 26300 I art     : Explicit concurrent mark sweep GC freed 23(752B) AllocSpace objects, 0(0B) LOS objects, 23% free, 51MB/67MB, paused 1.389ms total 38.852ms
08-05 02:22:34.037 26278 26300 I art     : Starting a blocking GC Explicit
08-05 02:22:34.074 26278 26300 I art     : Explicit concurrent mark sweep GC freed 3(96B) AllocSpace objects, 0(0B) LOS objects, 23% free, 51MB/67MB, paused 1.254ms total 36.698ms
08-05 02:22:34.085 26278 26300 I art     : Starting a blocking GC Explicit
08-05 02:22:34.125 26278 26300 I art     : Explicit concurrent mark sweep GC freed 6(192B) AllocSpace objects, 0(0B) LOS objects, 23% free, 51MB/67MB, paused 1.671ms total 39.688ms
08-05 02:22:34.136 26278 26300 I art     : Starting a blocking GC Explicit
08-05 02:22:34.178 26278 26300 I art     : Explicit concurrent mark sweep GC freed 10(320B) AllocSpace objects, 0(0B) LOS objects, 23% free, 51MB/67MB, paused 1.279ms total 41.210ms
08-05 02:22:34.538 26278 26300 I art     : Starting a blocking GC Explicit
08-05 02:22:34.587 26278 26300 I art     : Explicit concurrent mark sweep GC freed 1430(82KB) AllocSpace objects, 1(20KB) LOS objects, 23% free, 51MB/67MB, paused 1.450ms total 47.994ms
08-05 02:22:34.598 26278 26300 I art     : Starting a blocking GC Explicit
08-05 02:22:34.636 26278 26300 I art     : Explicit concurrent mark sweep GC freed 23(752B) AllocSpace objects, 0(0B) LOS objects, 23% free, 51MB/67MB, paused 1.241ms total 37.940ms
08-05 02:22:34.647 26278 26300 I art     : Starting a blocking GC Explicit
08-05 02:22:34.685 26278 26300 I art     : Explicit concurrent mark sweep GC freed 3(96B) AllocSpace objects, 0(0B) LOS objects, 23% free, 51MB/67MB, paused 1.493ms total 37.825ms
08-05 02:22:34.696 26278 26300 I art     : Starting a blocking GC Explicit
08-05 02:22:34.716 28959 28959 I ServiceManager: Waiting for service AtCmdFwd...
08-05 02:22:34.734 26278 26300 I art     : Explicit concurrent mark sweep GC freed 3(96B) AllocSpace objects, 0(0B) LOS objects, 23% free, 51MB/67MB, paused 1.245ms total 37.279ms
08-05 02:22:34.744 26278 26300 I art     : Starting a blocking GC Explicit
08-05 02:22:34.782 26278 26300 I art     : Explicit concurrent mark sweep GC freed 3(96B) AllocSpace objects, 0(0B) LOS objects, 23% free, 51MB/67MB, paused 1.256ms total 37.333ms
08-05 02:22:35.154 26278 27471 I art     : Starting a blocking GC Explicit
08-05 02:22:35.203 26278 27471 I art     : Explicit concurrent mark sweep GC freed 1381(81KB) AllocSpace objects, 1(20KB) LOS objects, 23% free, 51MB/67MB, paused 1.681ms total 47.967ms
08-05 02:22:35.216 26278 27471 I art     : Starting a blocking GC Explicit
08-05 02:22:35.255 26278 27471 I art     : Explicit concurrent mark sweep GC freed 23(752B) AllocSpace objects, 0(0B) LOS objects, 23% free, 51MB/67MB, paused 1.484ms total 38.608ms
08-05 02:22:35.266 26278 27471 I art     : Starting a blocking GC Explicit
08-05 02:22:35.304 26278 27471 I art     : Explicit concurrent mark sweep GC freed 3(96B) AllocSpace objects, 0(0B) LOS objects, 23% free, 51MB/67MB, paused 1.482ms total 37.906ms
08-05 02:22:35.315 26278 27471 I art     : Starting a blocking GC Explicit
08-05 02:22:35.353 26278 27471 I art     : Explicit concurrent mark sweep GC freed 32(880B) AllocSpace objects, 0(0B) LOS objects, 23% free, 51MB/67MB, paused 1.256ms total 38.353ms
08-05 02:22:35.364 26278 27471 I art     : Starting a blocking GC Explicit
08-05 02:22:35.402 26278 27471 I art     : Explicit concurrent mark sweep GC freed 3(96B) AllocSpace objects, 0(0B) LOS objects, 23% free, 51MB/67MB, paused 1.394ms total 37.807ms
08-05 02:22:35.717 28959 28959 I ServiceManager: Waiting for service AtCmdFwd...
08-05 02:22:35.788 26278 26291 I art     : Starting a blocking GC Explicit
08-05 02:22:35.841 26278 26291 I art     : Explicit concurrent mark sweep GC freed 1382(83KB) AllocSpace objects, 1(20KB) LOS objects, 23% free, 51MB/67MB, paused 1.400ms total 52.448ms
08-05 02:22:35.853 26278 26291 I art     : Starting a blocking GC Explicit
08-05 02:22:35.891 26278 26291 I art     : Explicit concurrent mark sweep GC freed 23(752B) AllocSpace objects, 0(0B) LOS objects, 23% free, 51MB/67MB, paused 1.242ms total 38.034ms
08-05 02:22:35.902 26278 26291 I art     : Starting a blocking GC Explicit
08-05 02:22:35.940 26278 26291 I art     : Explicit concurrent mark sweep GC freed 3(96B) AllocSpace objects, 0(0B) LOS objects, 23% free, 51MB/67MB, paused 1.255ms total 38.253ms
08-05 02:22:35.951 26278 26291 I art     : Starting a blocking GC Explicit
08-05 02:22:35.989 26278 26291 I art     : Explicit concurrent mark sweep GC freed 3(96B) AllocSpace objects, 0(0B) LOS objects, 23% free, 51MB/67MB, paused 1.334ms total 37.477ms
08-05 02:22:36.000 26278 26291 I art     : Starting a blocking GC Explicit
08-05 02:22:36.039 26278 26291 I art     : Explicit concurrent mark sweep GC freed 3(96B) AllocSpace objects, 0(0B) LOS objects, 23% free, 51MB/67MB, paused 1.570ms total 38.491ms
08-05 02:22:36.415 26278 29711 I art     : Starting a blocking GC Explicit
08-05 02:22:36.462 26278 29711 I art     : Explicit concurrent mark sweep GC freed 1411(82KB) AllocSpace objects, 1(20KB) LOS objects, 23% free, 51MB/67MB, paused 1.307ms total 45.722ms
08-05 02:22:36.475 26278 29711 I art     : Starting a blocking GC Explicit
08-05 02:22:36.511 26278 29711 I art     : Explicit concurrent mark sweep GC freed 23(752B) AllocSpace objects, 0(0B) LOS objects, 23% free, 51MB/67MB, paused 1.263ms total 36.233ms
08-05 02:22:36.521 26278 29711 I art     : Starting a blocking GC Explicit
08-05 02:22:36.556 26278 29711 I art     : Explicit concurrent mark sweep GC freed 3(96B) AllocSpace objects, 0(0B) LOS objects, 23% free, 51MB/67MB, paused 1.258ms total 34.787ms
08-05 02:22:36.566 26278 29711 I art     : Starting a blocking GC Explicit
08-05 02:22:36.602 26278 29711 I art     : Explicit concurrent mark sweep GC freed 3(96B) AllocSpace objects, 0(0B) LOS objects, 23% free, 51MB/67MB, paused 1.268ms total 35.169ms
08-05 02:22:36.612 26278 29711 I art     : Starting a blocking GC Explicit
08-05 02:22:36.647 26278 29711 I art     : Explicit concurrent mark sweep GC freed 3(96B) AllocSpace objects, 0(0B) LOS objects, 23% free, 51MB/67MB, paused 1.360ms total 35.149ms
08-05 02:22:36.717 28959 28959 I ServiceManager: Waiting for service AtCmdFwd...
08-05 02:22:36.871 29999 29999 D AndroidRuntime: >>>>>> START com.android.internal.os.RuntimeInit uid 2000 <<<<<<
08-05 02:22:36.876 29999 29999 D AndroidRuntime: CheckJNI is OFF
08-05 02:22:36.909 29999 29999 D ICU     : No timezone override file found: /data/misc/zoneinfo/current/icu/icu_tzdata.dat
08-05 02:22:36.942 29999 29999 I Radio-JNI: register_android_hardware_Radio DONE
08-05 02:22:36.965 29999 29999 D AndroidRuntime: Calling main entry com.android.commands.input.Input
08-05 02:22:36.966 29999 29999 I Input   : injectKeyEvent: KeyEvent { action=ACTION_DOWN, keyCode=KEYCODE_BACK, scanCode=0, metaState=0, flags=0x0, repeatCount=0, eventTime=757373379, downTime=757373379, deviceId=-1, source=0x101 }
08-05 02:22:36.971 29999 29999 I Input   : injectKeyEvent: KeyEvent { action=ACTION_UP, keyCode=KEYCODE_BACK, scanCode=0, metaState=0, flags=0x0, repeatCount=0, eventTime=757373379, downTime=757373379, deviceId=-1, source=0x101 }
08-05 02:22:36.975 29999 29999 D AndroidRuntime: Shutting down VM
08-05 02:22:36.980 26278 26278 V PlaybackController: initServiceNotRunning()
08-05 02:22:36.980 26278 26278 D ExternalPlayerFragment: Loading media info
08-05 02:22:36.981 26278 26291 I art     : Starting a blocking GC Explicit
08-05 02:22:36.983 26278 27223 D ApOkHttpUrlLoader: buildLoadData() called with: model = [http://sixgun.org/files/linuxoutlaws.jpg], width = [224], height = [224]
08-05 02:22:36.984 26278 27030 D DBReader: getImageAuthentication() called with: imageUrl = [http://sixgun.org/files/linuxoutlaws.jpg]
08-05 02:22:36.987 26278 27030 D ApOkHttpUrlLoader: no credentials for 'http://sixgun.org/files/linuxoutlaws.jpg'
08-05 02:22:36.987 26278 26278 D UserPreferences: Using default data folder
08-05 02:22:36.987 26278 26304 D DBReader: getNavDrawerData() called with: 
08-05 02:22:36.998 26278 26304 D DBReader: getDownloadedItems() called
08-05 02:22:36.999 26278 26304 D DBReader: getFavoriteIDList() called
08-05 02:22:37.000 26278 26304 D DBReader: getQueueIDList() called
08-05 02:22:37.001 26278 26304 D DBReader: Extracting Feedlist
08-05 02:22:37.015 26278 26291 I art     : Explicit concurrent mark sweep GC freed 2280(145KB) AllocSpace objects, 1(20KB) LOS objects, 23% free, 51MB/67MB, paused 1.264ms total 34.071ms
08-05 02:22:37.018 26278 26278 D MainActivity: getLastNavFragment() -> AddFeedFragment
08-05 02:22:37.018 13866 13866 I GoogleInputMethodServic: GoogleInputMethodService.onFinishInput():3138 
08-05 02:22:37.019 13866 13866 I GoogleInputMethodServic: GoogleInputMethodService.onStartInput():1808 
08-05 02:22:37.025 26278 26291 I art     : Starting a blocking GC Explicit
08-05 02:22:37.060 26278 26291 I art     : Explicit concurrent mark sweep GC freed 903(43KB) AllocSpace objects, 0(0B) LOS objects, 23% free, 51MB/67MB, paused 1.301ms total 34.339ms
08-05 02:22:37.070 26278 26291 I art     : Starting a blocking GC Explicit
08-05 02:22:37.101 26278 26291 I art     : Explicit concurrent mark sweep GC freed 187(11KB) AllocSpace objects, 0(0B) LOS objects, 23% free, 51MB/67MB, paused 1.243ms total 30.648ms
08-05 02:22:37.110 26278 26291 I art     : Starting a blocking GC Explicit
08-05 02:22:37.120 26278 27030 D DBWriter: updateFeedDownloadURL(original: http://sixgun.org/files/linuxoutlaws.jpg, updated: https://fab.industries/sixgun/files/linuxoutlaws.jpg)
08-05 02:22:37.147 26278 26291 I art     : Explicit concurrent mark sweep GC freed 214(12KB) AllocSpace objects, 0(0B) LOS objects, 23% free, 51MB/67MB, paused 1.459ms total 37.134ms
08-05 02:22:37.158 26278 26291 I art     : Starting a blocking GC Explicit
08-05 02:22:37.201 26278 26291 I art     : Explicit concurrent mark sweep GC freed 19(784B) AllocSpace objects, 0(0B) LOS objects, 23% free, 51MB/67MB, paused 1.402ms total 42.497ms
08-05 02:22:37.269 26278 27030 D MYTAG   : interceptor 2a
08-05 02:22:37.269 26278 27030 I NAPPA_EXPERIMENTATION: MetricNetworkRequestExecutionTime: REQUEST_DURATION_SYSTEM='282',REQUEST_DURATION_OKHTTP='147',REQUEST_SYNCHRONOUS='TRUE',RESPONSE_CODE='404',RESPONSE_METHOD='GET',RESPONSE_LENGTH_OKHTTP='-1',RESPONSE_LENGTH_HEADER='1503',REQUEST_PROTOCOL='h2',REQUEST_URL='https://fab.industries/sixgun/files/linuxoutlaws.jpg',
08-05 02:22:37.270 26278 26278 W Glide   : Load failed for http://sixgun.org/files/linuxoutlaws.jpg with size [224x224]
08-05 02:22:37.270 26278 26278 W Glide   : class com.bumptech.glide.load.engine.GlideException: Failed to load resource
08-05 02:22:37.270 26278 26278 W Glide   : There was 1 cause:
08-05 02:22:37.270 26278 26278 W Glide   : com.bumptech.glide.load.HttpException()
08-05 02:22:37.270 26278 26278 W Glide   :  call GlideException#logRootCauses(String) for more detail
08-05 02:22:37.270 26278 26278 W Glide   :   Cause (1 of 1): class com.bumptech.glide.load.engine.GlideException: Fetching data failed, class java.io.InputStream, REMOTE
08-05 02:22:37.270 26278 26278 W Glide   : There was 1 cause:
08-05 02:22:37.270 26278 26278 W Glide   : com.bumptech.glide.load.HttpException()
08-05 02:22:37.270 26278 26278 W Glide   :  call GlideException#logRootCauses(String) for more detail
08-05 02:22:37.270 26278 26278 W Glide   :     Cause (1 of 1): class com.bumptech.glide.load.HttpException: 
08-05 02:22:37.271 26278 26278 I Glide   : Root cause (1 of 1)
08-05 02:22:37.271 26278 26278 I Glide   : com.bumptech.glide.load.HttpException: 
08-05 02:22:37.271 26278 26278 I Glide   : 	at com.bumptech.glide.integration.okhttp3.OkHttpStreamFetcher.onResponse(OkHttpStreamFetcher.java:73)
08-05 02:22:37.271 26278 26278 I Glide   : 	at okhttp3.RealCall$AsyncCall.execute(RealCall.java:174)
08-05 02:22:37.271 26278 26278 I Glide   : 	at okhttp3.internal.NamedRunnable.run(NamedRunnable.java:32)
08-05 02:22:37.271 26278 26278 I Glide   : 	at java.util.concurrent.ThreadPoolExecutor.runWorker(ThreadPoolExecutor.java:1113)
08-05 02:22:37.271 26278 26278 I Glide   : 	at java.util.concurrent.ThreadPoolExecutor$Worker.run(ThreadPoolExecutor.java:588)
08-05 02:22:37.271 26278 26278 I Glide   : 	at java.lang.Thread.run(Thread.java:818)
08-05 02:22:37.271 26278 26278 W Glide   : Load failed for http://sixgun.org/files/linuxoutlaws.jpg with size [224x224]
08-05 02:22:37.271 26278 26278 W Glide   : class com.bumptech.glide.load.engine.GlideException: Failed to load resource
08-05 02:22:37.271 26278 26278 W Glide   : There was 1 cause:
08-05 02:22:37.271 26278 26278 W Glide   : com.bumptech.glide.load.HttpException()
08-05 02:22:37.271 26278 26278 W Glide   :  call GlideException#logRootCauses(String) for more detail
08-05 02:22:37.271 26278 26278 W Glide   :   Cause (1 of 1): class com.bumptech.glide.load.engine.GlideException: Fetching data failed, class java.io.InputStream, REMOTE
08-05 02:22:37.271 26278 26278 W Glide   : There was 1 cause:
08-05 02:22:37.271 26278 26278 W Glide   : com.bumptech.glide.load.HttpException()
08-05 02:22:37.271 26278 26278 W Glide   :  call GlideException#logRootCauses(String) for more detail
08-05 02:22:37.271 26278 26278 W Glide   :     Cause (1 of 1): class com.bumptech.glide.load.HttpException: 
08-05 02:22:37.271 26278 26278 I Glide   : Root cause (1 of 1)
08-05 02:22:37.271 26278 26278 I Glide   : com.bumptech.glide.load.HttpException: 
08-05 02:22:37.271 26278 26278 I Glide   : 	at com.bumptech.glide.integration.okhttp3.OkHttpStreamFetcher.onResponse(OkHttpStreamFetcher.java:73)
08-05 02:22:37.271 26278 26278 I Glide   : 	at okhttp3.RealCall$AsyncCall.execute(RealCall.java:174)
08-05 02:22:37.271 26278 26278 I Glide   : 	at okhttp3.internal.NamedRunnable.run(NamedRunnable.java:32)
08-05 02:22:37.271 26278 26278 I Glide   : 	at java.util.concurrent.ThreadPoolExecutor.runWorker(ThreadPoolExecutor.java:1113)
08-05 02:22:37.271 26278 26278 I Glide   : 	at java.util.concurrent.ThreadPoolExecutor$Worker.run(ThreadPoolExecutor.java:588)
08-05 02:22:37.271 26278 26278 I Glide   : 	at java.lang.Thread.run(Thread.java:818)
08-05 02:22:37.338   380   380 W SurfaceFlinger: couldn't log to binary event log: overflow.
08-05 02:22:37.494 26278 26290 I art     : Starting a blocking GC Explicit
08-05 02:22:37.533 26278 26290 I art     : Explicit concurrent mark sweep GC freed 2551(182KB) AllocSpace objects, 1(20KB) LOS objects, 23% free, 51MB/67MB, paused 1.239ms total 38.425ms
08-05 02:22:37.544 26278 26290 I art     : Starting a blocking GC Explicit
08-05 02:22:37.581 26278 26290 I art     : Explicit concurrent mark sweep GC freed 2896(237KB) AllocSpace objects, 1(28KB) LOS objects, 23% free, 50MB/66MB, paused 1.279ms total 36.735ms
08-05 02:22:37.591 26278 26290 I art     : Starting a blocking GC Explicit
08-05 02:22:37.629 26278 26290 I art     : Explicit concurrent mark sweep GC freed 3(96B) AllocSpace objects, 0(0B) LOS objects, 23% free, 50MB/66MB, paused 1.354ms total 36.959ms
08-05 02:22:37.639 26278 26290 I art     : Starting a blocking GC Explicit
08-05 02:22:37.676 26278 26290 I art     : Explicit concurrent mark sweep GC freed 3(96B) AllocSpace objects, 0(0B) LOS objects, 23% free, 50MB/66MB, paused 1.276ms total 36.970ms
08-05 02:22:37.687 26278 26290 I art     : Starting a blocking GC Explicit
08-05 02:22:37.718 28959 28959 I ServiceManager: Waiting for service AtCmdFwd...
08-05 02:22:37.723 26278 26290 I art     : Explicit concurrent mark sweep GC freed 3(96B) AllocSpace objects, 0(0B) LOS objects, 23% free, 50MB/66MB, paused 1.266ms total 35.854ms
08-05 02:22:38.054 26278 26300 I art     : Starting a blocking GC Explicit
08-05 02:22:38.100 26278 26300 I art     : Explicit concurrent mark sweep GC freed 1383(81KB) AllocSpace objects, 1(20KB) LOS objects, 23% free, 50MB/66MB, paused 1.423ms total 45.738ms
08-05 02:22:38.113 26278 26300 I art     : Starting a blocking GC Explicit
08-05 02:22:38.150 26278 26300 I art     : Explicit concurrent mark sweep GC freed 23(768B) AllocSpace objects, 0(0B) LOS objects, 23% free, 50MB/66MB, paused 1.291ms total 36.814ms
08-05 02:22:38.161 26278 26300 I art     : Starting a blocking GC Explicit
08-05 02:22:38.197 26278 26300 I art     : Explicit concurrent mark sweep GC freed 3(96B) AllocSpace objects, 0(0B) LOS objects, 23% free, 50MB/66MB, paused 1.342ms total 36.128ms
08-05 02:22:38.208 26278 26300 I art     : Starting a blocking GC Explicit
08-05 02:22:38.244 26278 26300 I art     : Explicit concurrent mark sweep GC freed 3(96B) AllocSpace objects, 0(0B) LOS objects, 23% free, 50MB/66MB, paused 1.316ms total 35.368ms
08-05 02:22:38.254 26278 26300 I art     : Starting a blocking GC Explicit
08-05 02:22:38.289 26278 26300 I art     : Explicit concurrent mark sweep GC freed 3(96B) AllocSpace objects, 0(0B) LOS objects, 23% free, 50MB/66MB, paused 1.305ms total 33.843ms
08-05 02:22:38.289   918  3261 D WifiStateMachine: starting scan for "H369AA63323"WPA_PSK with 2412,5180
08-05 02:22:38.598 26278 27471 I art     : Starting a blocking GC Explicit
08-05 02:22:38.637 26278 27471 I art     : Explicit concurrent mark sweep GC freed 1419(82KB) AllocSpace objects, 1(20KB) LOS objects, 23% free, 50MB/66MB, paused 1.370ms total 38.415ms
08-05 02:22:38.637 30042 30042 D AndroidRuntime: >>>>>> START com.android.internal.os.RuntimeInit uid 2000 <<<<<<
08-05 02:22:38.642 30042 30042 D AndroidRuntime: CheckJNI is OFF
08-05 02:22:38.648 26278 27471 I art     : Starting a blocking GC Explicit
08-05 02:22:38.677 30042 30042 D ICU     : No timezone override file found: /data/misc/zoneinfo/current/icu/icu_tzdata.dat
08-05 02:22:38.681 26278 27471 I art     : Explicit concurrent mark sweep GC freed 35(1136B) AllocSpace objects, 0(0B) LOS objects, 23% free, 50MB/66MB, paused 1.268ms total 33.055ms
08-05 02:22:38.691 26278 27471 I art     : Starting a blocking GC Explicit
08-05 02:22:38.709 30042 30042 I Radio-JNI: register_android_hardware_Radio DONE
08-05 02:22:38.718 28959 28959 I ServiceManager: Waiting for service AtCmdFwd...
08-05 02:22:38.723 26278 27471 I art     : Explicit concurrent mark sweep GC freed 11(352B) AllocSpace objects, 0(0B) LOS objects, 23% free, 50MB/66MB, paused 1.142ms total 31.799ms
08-05 02:22:38.731 30042 30042 D AndroidRuntime: Calling main entry com.android.commands.input.Input
08-05 02:22:38.732 26278 27471 I art     : Starting a blocking GC Explicit
08-05 02:22:38.733 30042 30042 I Input   : injectKeyEvent: KeyEvent { action=ACTION_DOWN, keyCode=KEYCODE_BACK, scanCode=0, metaState=0, flags=0x0, repeatCount=0, eventTime=757375146, downTime=757375146, deviceId=-1, source=0x101 }
08-05 02:22:38.738 30042 30042 I Input   : injectKeyEvent: KeyEvent { action=ACTION_UP, keyCode=KEYCODE_BACK, scanCode=0, metaState=0, flags=0x0, repeatCount=0, eventTime=757375146, downTime=757375146, deviceId=-1, source=0x101 }
08-05 02:22:38.760 30042 30042 D AndroidRuntime: Shutting down VM
08-05 02:22:38.767 26278 27471 I art     : Explicit concurrent mark sweep GC freed 1806(75KB) AllocSpace objects, 0(0B) LOS objects, 23% free, 50MB/66MB, paused 1.784ms total 33.904ms
08-05 02:22:38.777 26278 27471 I art     : Starting a blocking GC Explicit
08-05 02:22:38.809 26278 27471 I art     : Explicit concurrent mark sweep GC freed 358(13KB) AllocSpace objects, 0(0B) LOS objects, 23% free, 50MB/66MB, paused 1.281ms total 32.479ms
08-05 02:22:39.111 26278 26300 I art     : Starting a blocking GC Explicit
08-05 02:22:39.148 26278 26300 I art     : Explicit concurrent mark sweep GC freed 6726(476KB) AllocSpace objects, 10(1640KB) LOS objects, 24% free, 48MB/64MB, paused 1.262ms total 36.838ms
08-05 02:22:39.159 26278 26300 I art     : Starting a blocking GC Explicit
08-05 02:22:39.193 26278 26300 I art     : Explicit concurrent mark sweep GC freed 23(752B) AllocSpace objects, 0(0B) LOS objects, 24% free, 48MB/64MB, paused 1.270ms total 34.600ms
08-05 02:22:39.204 26278 26300 I art     : Starting a blocking GC Explicit
08-05 02:22:39.239 26278 26300 I art     : Explicit concurrent mark sweep GC freed 3(96B) AllocSpace objects, 0(0B) LOS objects, 24% free, 48MB/64MB, paused 1.303ms total 34.578ms
08-05 02:22:39.249 26278 26300 I art     : Starting a blocking GC Explicit
08-05 02:22:39.283 26278 26300 I art     : Explicit concurrent mark sweep GC freed 3(96B) AllocSpace objects, 0(0B) LOS objects, 24% free, 48MB/64MB, paused 1.260ms total 34ms
08-05 02:22:39.294 26278 26300 I art     : Starting a blocking GC Explicit
08-05 02:22:39.329 26278 26300 I art     : Explicit concurrent mark sweep GC freed 3(96B) AllocSpace objects, 0(0B) LOS objects, 24% free, 48MB/64MB, paused 1.312ms total 34.789ms
08-05 02:22:39.670 26278 29711 I art     : Starting a blocking GC Explicit
08-05 02:22:39.714 26278 29711 I art     : Explicit concurrent mark sweep GC freed 1410(82KB) AllocSpace objects, 1(20KB) LOS objects, 24% free, 48MB/64MB, paused 1.397ms total 43.732ms
08-05 02:22:39.719 28959 28959 W Atfwd_Sendcmd: AtCmdFwd service not published, waiting... retryCnt : 4
08-05 02:22:39.729 26278 29711 I art     : Starting a blocking GC Explicit
08-05 02:22:39.765 26278 29711 I art     : Explicit concurrent mark sweep GC freed 23(752B) AllocSpace objects, 0(0B) LOS objects, 24% free, 48MB/64MB, paused 1.320ms total 34.909ms
08-05 02:22:39.775 26278 29711 I art     : Starting a blocking GC Explicit
08-05 02:22:39.810 26278 29711 I art     : Explicit concurrent mark sweep GC freed 3(96B) AllocSpace objects, 0(0B) LOS objects, 24% free, 48MB/64MB, paused 1.277ms total 34.866ms
08-05 02:22:39.821 26278 29711 I art     : Starting a blocking GC Explicit
08-05 02:22:39.856 26278 29711 I art     : Explicit concurrent mark sweep GC freed 3(96B) AllocSpace objects, 0(0B) LOS objects, 24% free, 48MB/64MB, paused 1.262ms total 34.817ms
08-05 02:22:39.866 26278 29711 I art     : Starting a blocking GC Explicit
08-05 02:22:39.900 26278 29711 I art     : Explicit concurrent mark sweep GC freed 3(96B) AllocSpace objects, 0(0B) LOS objects, 24% free, 48MB/64MB, paused 1.255ms total 33.962ms
08-05 02:22:40.207 26278 26291 I art     : Starting a blocking GC Explicit
08-05 02:22:40.242 26278 26291 I art     : Explicit concurrent mark sweep GC freed 1382(83KB) AllocSpace objects, 1(20KB) LOS objects, 24% free, 48MB/64MB, paused 1.295ms total 34.196ms
08-05 02:22:40.252 26278 26291 I art     : Starting a blocking GC Explicit
08-05 02:22:40.284 26278 26291 I art     : Explicit concurrent mark sweep GC freed 23(752B) AllocSpace objects, 0(0B) LOS objects, 24% free, 48MB/64MB, paused 1.233ms total 31.504ms
08-05 02:22:40.294 26278 26291 I art     : Starting a blocking GC Explicit
08-05 02:22:40.326 26278 26291 I art     : Explicit concurrent mark sweep GC freed 3(96B) AllocSpace objects, 0(0B) LOS objects, 24% free, 48MB/64MB, paused 1.397ms total 32.380ms
08-05 02:22:40.336 26278 26291 I art     : Starting a blocking GC Explicit
08-05 02:22:40.369 26278 26291 I art     : Explicit concurrent mark sweep GC freed 32(880B) AllocSpace objects, 0(0B) LOS objects, 24% free, 48MB/64MB, paused 1.296ms total 32.290ms
08-05 02:22:40.379 26278 26291 I art     : Starting a blocking GC Explicit
08-05 02:22:40.413 26278 26291 I art     : Explicit concurrent mark sweep GC freed 8(256B) AllocSpace objects, 0(0B) LOS objects, 24% free, 48MB/64MB, paused 1.206ms total 33.876ms
08-05 02:22:40.489 30091 30091 D AndroidRuntime: >>>>>> START com.android.internal.os.RuntimeInit uid 2000 <<<<<<
08-05 02:22:40.494 30091 30091 D AndroidRuntime: CheckJNI is OFF
08-05 02:22:40.526 30091 30091 D ICU     : No timezone override file found: /data/misc/zoneinfo/current/icu/icu_tzdata.dat
08-05 02:22:40.559 30091 30091 I Radio-JNI: register_android_hardware_Radio DONE
08-05 02:22:40.580 30091 30091 D AndroidRuntime: Calling main entry com.android.commands.am.Am
08-05 02:22:40.588 24044 24044 I Trepn   : Trepn 6.2s: Received intent: com.quicinc.trepn.stop_profiling
08-05 02:22:40.627 24044 24044 I Trepn   : Trepn 6.2s: Trepn has Stopped Profiling.
08-05 02:22:40.743 30091 30091 D AndroidRuntime: Shutting down VM
08-05 02:22:40.748   918  3714 W AppOps  : Finishing op nesting under-run: uid 10078 pkg com.quicinc.trepn code 24 time=0 duration=0 nesting=0
08-05 02:22:40.761 26278 29711 I art     : Starting a blocking GC Explicit
08-05 02:22:40.789 26278 29711 I art     : Explicit concurrent mark sweep GC freed 1408(82KB) AllocSpace objects, 1(20KB) LOS objects, 24% free, 48MB/64MB, paused 1.131ms total 27.343ms
08-05 02:22:40.797 26278 29711 I art     : Starting a blocking GC Explicit
08-05 02:22:40.825 26278 29711 I art     : Explicit concurrent mark sweep GC freed 23(752B) AllocSpace objects, 0(0B) LOS objects, 24% free, 48MB/64MB, paused 1.101ms total 28.015ms
08-05 02:22:40.834 26278 29711 I art     : Starting a blocking GC Explicit
08-05 02:22:40.864 26278 29711 I art     : Explicit concurrent mark sweep GC freed 3(96B) AllocSpace objects, 0(0B) LOS objects, 24% free, 48MB/64MB, paused 1.107ms total 28.963ms
08-05 02:22:40.873 26278 29711 I art     : Starting a blocking GC Explicit
08-05 02:22:40.906 26278 29711 I art     : Explicit concurrent mark sweep GC freed 3(96B) AllocSpace objects, 0(0B) LOS objects, 24% free, 48MB/64MB, paused 1.220ms total 32.111ms
08-05 02:22:40.916 26278 29711 I art     : Starting a blocking GC Explicit
08-05 02:22:40.950 26278 29711 I art     : Explicit concurrent mark sweep GC freed 3(96B) AllocSpace objects, 0(0B) LOS objects, 24% free, 48MB/64MB, paused 1.242ms total 34.115ms
08-05 02:22:41.274 26278 27471 I art     : Starting a blocking GC Explicit
08-05 02:22:41.304 26278 27471 I art     : Explicit concurrent mark sweep GC freed 1380(81KB) AllocSpace objects, 1(20KB) LOS objects, 24% free, 48MB/64MB, paused 1.103ms total 29.739ms
08-05 02:22:41.313 26278 27471 I art     : Starting a blocking GC Explicit
08-05 02:22:41.344 26278 27471 I art     : Explicit concurrent mark sweep GC freed 52(1536B) AllocSpace objects, 0(0B) LOS objects, 24% free, 48MB/64MB, paused 1.132ms total 30.435ms
08-05 02:22:41.354 26278 27471 I art     : Starting a blocking GC Explicit
08-05 02:22:41.386 26278 27471 I art     : Explicit concurrent mark sweep GC freed 70(2624B) AllocSpace objects, 0(0B) LOS objects, 24% free, 48MB/64MB, paused 1.123ms total 32.033ms
08-05 02:22:41.396 26278 27471 I art     : Starting a blocking GC Explicit
08-05 02:22:41.428 26278 27471 I art     : Explicit concurrent mark sweep GC freed 3(96B) AllocSpace objects, 0(0B) LOS objects, 24% free, 48MB/64MB, paused 1.349ms total 31.953ms
08-05 02:22:41.438 26278 27471 I art     : Starting a blocking GC Explicit
08-05 02:22:41.470 26278 27471 I art     : Explicit concurrent mark sweep GC freed 3(96B) AllocSpace objects, 0(0B) LOS objects, 24% free, 48MB/64MB, paused 1.185ms total 31.928ms
