--------- beginning of main
08-05 03:37:27.585  3784  3784 D CarrierServiceBindHelper: Receive action: android.intent.action.PACKAGE_REMOVED
08-05 03:37:27.590   918  6111 I AccountManagerService: getTypesVisibleToCaller: isPermitted? true
08-05 03:37:27.614   918   929 I AccountManagerService: getTypesVisibleToCaller: isPermitted? true
08-05 03:37:27.630 17099 17099 I Finsky  : [1] uah.a(18): PackageMonitorReceiverImpl - Received: android.intent.action.PACKAGE_REMOVED, [CFjXe5fo2ooiLur0Ju3smv2h5qnGgIsGl5_C_SkJu8g]
08-05 03:37:27.630 17099 17099 I Finsky  : [1] ubi.d(9): Invalidating cached PackageState for baseline.de.danoeh.antennapod.debug
08-05 03:37:27.635 24365  3307 I Fitness : FitCleanupIntentOperation received Intent android.intent.action.PACKAGE_REMOVED [CONTEXT service_id=17 ]
08-05 03:37:27.641 17099 17099 I Finsky  : [1] lzi.c(2): Frosting ID looked up on UI thread. Caller should move to a background thread.
08-05 03:37:27.642  3784  3784 D CarrierServiceBindHelper: Receive action: android.intent.action.PACKAGE_ADDED
08-05 03:37:27.642  3784  3784 D CarrierServiceBindHelper: Receive action: android.intent.action.PACKAGE_REPLACED
08-05 03:37:27.643  3784  3784 D CarrierServiceBindHelper: mHandler: 3
08-05 03:37:27.643  3784  3784 D CarrierServiceBindHelper: mHandler: 3
08-05 03:37:27.643  3784  3784 D CarrierServiceBindHelper: mHandler: 3
08-05 03:37:27.643  3784  3784 D CarrierConfigLoader: mHandler: 9 phoneId: 0
08-05 03:37:27.650 17099 17099 I Finsky  : [1] nqb.c(3): Installer: package baseline.de.danoeh.antennapod.debug was removed. replacing: true
08-05 03:37:27.651 17099 17099 I Finsky  : [1] nra.a(188): Installer: Notifying status update. package=baseline.de.danoeh.antennapod.debug, status=UNINSTALLED
08-05 03:37:27.689 17099 17099 I Finsky  : [1] lzi.c(2): Frosting ID looked up on UI thread. Caller should move to a background thread.
08-05 03:37:27.712 17099  3327 I Finsky  : [6039] ejf.a(-1): Cancelled 0 ongoing asset module downloads for package baseline.de.danoeh.antennapod.debug due to a concurrent app update.
08-05 03:37:27.713 17099 17099 I Finsky  : [1] nra.a(220): Installer: found apps to install. isMultiUserMode=false, apps=[]
08-05 03:37:27.738 17099 17273 I Finsky  : [5938] odj.b(52): IQ: Notifying installation update. package=baseline.de.danoeh.antennapod.debug, status=UNINSTALLED
08-05 03:37:27.776 24577  3321 I Auth    : [SupervisedAccountIntentOperation] onHandleIntent(): android.intent.action.PACKAGE_ADDED
08-05 03:37:27.780 17099 17099 I Finsky  : [1] uah.a(18): PackageMonitorReceiverImpl - Received: android.intent.action.PACKAGE_ADDED, [CFjXe5fo2ooiLur0Ju3smv2h5qnGgIsGl5_C_SkJu8g]
08-05 03:37:27.780 17099 17099 I Finsky  : [1] ubi.d(9): Invalidating cached PackageState for baseline.de.danoeh.antennapod.debug
08-05 03:37:27.787 17099 17099 I Finsky  : [1] lzi.c(2): Frosting ID looked up on UI thread. Caller should move to a background thread.
08-05 03:37:27.794 24577  3322 I ChromeSync: [Sync,SyncIntentOperation] Handling the intent: Intent { act=android.intent.action.PACKAGE_ADDED dat=package:baseline.de.danoeh.antennapod.debug flg=0x4000010 cmp=com.google.android.gms/.chimera.GmsIntentOperationService (has extras) }.
--------- beginning of system
08-05 03:37:27.809   918  3696 W ActivityManager: Unable to start service Intent { act=com.google.android.gms.auth.key.retrieval.service.START pkg=com.google.android.gms } U=0: not found
08-05 03:37:27.889 17099 17099 I Finsky  : [1] agsx.a(4): Do not start WearSupportService due to Wear service optimization
08-05 03:37:27.895 17099  3325 I Finsky  : [6037] lyv.run(-1): Wrote row to frosting DB: 2638
08-05 03:37:27.906 17099  3326 I Finsky  : [6038] gzn.a(-1): [ContentSync] finished, scheduled=false
08-05 03:37:27.908 17099  3327 I Finsky  : [6039] ejc.a(-1): Asset module broadcast after update successful for package baseline.de.danoeh.antennapod.debug. 0 sessions broadcast.
08-05 03:37:27.914   918  3696 W ActivityManager: Unbind failed: could not find connection for android.os.BinderProxy@88ccc5e
08-05 03:37:27.918 24577 24621 E GmsClient: unable to connect to service: com.google.android.gms.auth.key.retrieval.service.START on com.google.android.gms
08-05 03:37:27.919 17099 17099 I Finsky  : [1] lzi.c(2): Frosting ID looked up on UI thread. Caller should move to a background thread.
08-05 03:37:27.922   918  6110 I AccountManagerService: getTypesVisibleToCaller: isPermitted? true
08-05 03:37:27.925 24577  3322 I ChromeSync: [Persistence,AffiliationManager] One of affiliation or grouping data for android://bz0hZa4nAJEtd0n5sRlXG7KAqctUMWVefv7Ki4mh1p6slZ9YO-n9gS9j8m9YCrsIyI2wIxrDHraumF9Y6pBLTA==@baseline.de.danoeh.antennapod.debug/ was not found. Marking affiliation data as stale...
08-05 03:37:28.005   918  3670 I AccountManagerService: getTypesVisibleToCaller: isPermitted? true
08-05 03:37:28.060 17099 17273 I Finsky  : [5938] odj.b(40): IQ: No matching installs to run for jobs: []
08-05 03:37:28.085 17099  3325 I Finsky  : [6037] lyv.run(-1): Wrote row to frosting DB: 2639
08-05 03:37:28.155  3338  3338 D AndroidRuntime: >>>>>> START com.android.internal.os.RuntimeInit uid 2000 <<<<<<
08-05 03:37:28.159  3338  3338 D AndroidRuntime: CheckJNI is OFF
08-05 03:37:28.182 17099  3325 I Finsky  : [6037] lyv.run(-1): Wrote row to frosting DB: 2640
08-05 03:37:28.184  3338  3338 D ICU     : No timezone override file found: /data/misc/zoneinfo/current/icu/icu_tzdata.dat
08-05 03:37:28.193 17099 17099 I Finsky  : [1] xmu.a(8): SCH: Jobs in database: 1-1337 3-201 3-202 12-1 24-77777777 26-1414141414 
08-05 03:37:28.195 17099 17099 I Finsky  : [1] xio.a(57): SCH: ConstraintMapping: 24-77777777,  -> L: 0ms, D: 63152325ms, C: false, I: true, N: 0
08-05 03:37:28.195 17099 17099 I Finsky  : [1] xio.a(57): SCH: ConstraintMapping: 1-1337, 12-1,  -> L: 14487ms, D: 66504714ms, C: false, I: false, N: 1
08-05 03:37:28.196 17099 17099 I Finsky  : [1] xio.a(57): SCH: ConstraintMapping: 3-201,  -> L: 0ms, D: 83246229ms, C: false, I: true, N: 2
08-05 03:37:28.196 17099 17099 I Finsky  : [1] xio.a(57): SCH: ConstraintMapping: 3-202,  -> L: 0ms, D: 83246293ms, C: true, I: true, N: 2
08-05 03:37:28.197 17099 17099 I Finsky  : [1] xio.a(57): SCH: ConstraintMapping: 26-1414141414,  -> L: 27942199ms, D: 28842199ms, C: false, I: false, N: 0
08-05 03:37:28.198 17099  3326 I Finsky  : [6038] gzn.a(-1): [ContentSync] finished, scheduled=true
08-05 03:37:28.210  3338  3338 I Radio-JNI: register_android_hardware_Radio DONE
08-05 03:37:28.227  3338  3338 D AndroidRuntime: Calling main entry com.android.commands.monkey.Monkey
08-05 03:37:28.232 17099 17099 I Finsky  : [1] xle.a(34): Cancelling existing jobscheduler jobs: 9000 9007 9005 9003 9002 9010 9011 9012 9009 9013 
08-05 03:37:28.233 17099 17099 I Finsky  : [1] xle.a(27): Scheduling job Id: 9001, L: 0, D: 63152325, C: false, I: true, N: 0
08-05 03:37:28.234 17099 17099 I Finsky  : [1] xle.a(27): Scheduling job Id: 9004, L: 14487, D: 66504714, C: false, I: false, N: 1
08-05 03:37:28.236 17099 17099 I Finsky  : [1] xle.a(27): Scheduling job Id: 9006, L: 0, D: 83246229, C: false, I: true, N: 2
08-05 03:37:28.237 17099 17099 I Finsky  : [1] xle.a(27): Scheduling job Id: 9008, L: 0, D: 83246293, C: true, I: true, N: 2
08-05 03:37:28.239 17099 17099 I Finsky  : [1] xle.a(27): Scheduling job Id: 9014, L: 27942199, D: 28842199, C: false, I: false, N: 0
08-05 03:37:28.241 17099 17099 I Finsky  : [1] xle.a(27): Scheduling job Id: 9015, L: 0, D: 63152325, C: false, I: true, N: 0
08-05 03:37:28.242   918   931 W BroadcastQueue: Skipping deliver [background] BroadcastRecord{819393c u-1 android.net.conn.CONNECTIVITY_CHANGE} to ReceiverList{295d6c5 3338 (unknown name)/2000/u-1 remote:d33090e}: process crashing
08-05 03:37:28.242 17099 17099 I Finsky  : [1] xle.a(27): Scheduling job Id: 9016, L: 14487, D: 66504714, C: false, I: false, N: 1
08-05 03:37:28.245 17099 17099 I Finsky  : [1] xle.a(27): Scheduling job Id: 9017, L: 0, D: 83246229, C: false, I: true, N: 2
08-05 03:37:28.247 17099 17099 I Finsky  : [1] xle.a(27): Scheduling job Id: 9018, L: 0, D: 83246293, C: true, I: true, N: 2
08-05 03:37:28.249 17099 17099 I Finsky  : [1] xle.a(27): Scheduling job Id: 9019, L: 27942199, D: 28842199, C: false, I: false, N: 0
08-05 03:37:28.253   918   929 I ActivityManager: START u0 {act=android.intent.action.MAIN cat=[android.intent.category.LAUNCHER] flg=0x10200000 cmp=baseline.de.danoeh.antennapod.debug/baseline.de.danoeh.antennapod.activity.SplashActivity} from uid 2000 on display 0
08-05 03:37:28.268 17099  3325 I Finsky  : [6037] lyv.run(-1): Wrote row to frosting DB: 2641
08-05 03:37:28.269  3363  3363 I art     : Late-enabling -Xcheck:jni
08-05 03:37:28.270   918  5952 I ActivityManager: Start proc 3363:baseline.de.danoeh.antennapod.debug/u0a691 for activity baseline.de.danoeh.antennapod.debug/baseline.de.danoeh.antennapod.activity.SplashActivity
08-05 03:37:28.277  3338  3338 I art     : System.exit called, status: 0
08-05 03:37:28.277  3338  3338 I AndroidRuntime: VM exiting with result code 0.
08-05 03:37:28.287   918  3670 I AccountManagerService: getTypesVisibleToCaller: isPermitted? true
08-05 03:37:28.312 24577 13336 I Icing   : IndexChimeraService.getServiceInterface callingPackage=com.google.android.gms componentName=AppsCorpus serviceId=36
08-05 03:37:28.318  3363  3363 W System  : ClassLoader referenced unknown path: /data/app/baseline.de.danoeh.antennapod.debug-2/lib/arm64
08-05 03:37:28.328  3363  3363 D UserPreferences: Creating new instance of UserPreferences
08-05 03:37:28.330  3363  3363 D UserPreferences: Using default data folder
08-05 03:37:28.331 24577 10434 W Icing   : No valid account for uploading user actions
08-05 03:37:28.332  3363  3363 D UserPreferences: Import directory already exists
08-05 03:37:28.339  3363  3363 D UpdateManager: old: -1, current: 1070296
08-05 03:37:28.342  3363  3363 D SleepTimerPreferences: Creating new instance of SleepTimerPreferences
08-05 03:37:28.353 24577 13294 I Icing   : IndexChimeraService.getServiceInterface callingPackage=com.google.android.gms componentName=null serviceId=30
08-05 03:37:28.356  3363  3363 D SPAUtil : Sending SP_APPS_QUERY_FEEDS intent
08-05 03:37:28.359   719 23718 I PBSessionCacheImpl: Deleted sessionId[3163792008073881] from persistence.
08-05 03:37:28.362   719   760 W SearchServiceCore: Abort, client detached.
08-05 03:37:28.363   719   760 I MicroDetectionState: Should stop hotword detection immediately - true
08-05 03:37:28.381  3363  3363 W art     : Before Android 4.1, method android.graphics.PorterDuffColorFilter androidx.vectordrawable.graphics.drawable.VectorDrawableCompat.updateTintFilter(android.graphics.PorterDuffColorFilter, android.content.res.ColorStateList, android.graphics.PorterDuff$Mode) would have incorrectly overridden the package-private method in android.graphics.drawable.Drawable
08-05 03:37:28.416  3363  3363 I art     : Rejecting re-init on previously-failed class java.lang.Class<androidx.core.view.ViewCompat$2>
08-05 03:37:28.416  3363  3363 I art     : Rejecting re-init on previously-failed class java.lang.Class<androidx.core.view.ViewCompat$2>
08-05 03:37:28.417 24577 10434 I Icing   : Usage reports ok 2, Failed Usage reports 0, indexed 0, rejected 0
08-05 03:37:28.420 24577 10434 W Icing   : No valid account for uploading user actions
08-05 03:37:28.436 24577 10434 I Icing   : Usage reports ok 0, Failed Usage reports 0, indexed 0, rejected 0
08-05 03:37:28.437 24577 10434 I Icing   : Indexing com.google.android.gms-internal.3p:MobileApplication from com.google.android.gms using seqno 763
08-05 03:37:28.439  3363  3384 D OpenGLRenderer: Use EGL_SWAP_BEHAVIOR_PRESERVED: true
08-05 03:37:28.440 24577 10434 I Icing   : Indexing com.google.android.gms-internal.3p:MobileApplication from com.google.android.gms using seqno 763
08-05 03:37:28.470  3363  3384 I Adreno  : QUALCOMM build                   : fcf4852, I1af360237c
08-05 03:37:28.470  3363  3384 I Adreno  : Build Date                       : 09/23/15
08-05 03:37:28.470  3363  3384 I Adreno  : OpenGL ES Shader Compiler Version: XE031.05.13.02
08-05 03:37:28.470  3363  3384 I Adreno  : Local Branch                     : mybranch14465806
08-05 03:37:28.470  3363  3384 I Adreno  : Remote Branch                    : quic/LA.BF64.1.2.9_v2
08-05 03:37:28.470  3363  3384 I Adreno  : Remote Branch                    : NONE
08-05 03:37:28.470  3363  3384 I Adreno  : Reconstruct Branch               : NOTHING
08-05 03:37:28.474 24577 13294 I Icing   : IndexChimeraService.getServiceInterface callingPackage=com.google.android.gms componentName=null serviceId=36
08-05 03:37:28.476  3363  3384 I OpenGLRenderer: Initialized EGL, version 1.4
08-05 03:37:28.480 24577 24411 W Icing   : No valid account for uploading user actions
08-05 03:37:28.499 24577 24411 I Icing   : Usage reports ok 0, Failed Usage reports 0, indexed 0, rejected 0
08-05 03:37:28.502 13866 13866 I GoogleInputMethodServic: GoogleInputMethodService.onFinishInput():3138 
08-05 03:37:28.503 13866 13866 I GoogleInputMethodServic: GoogleInputMethodService.onStartInput():1808 
08-05 03:37:28.571   918   928 I ActivityManager: START u0 {cmp=baseline.de.danoeh.antennapod.debug/baseline.de.danoeh.antennapod.activity.MainActivity} from uid 10691 on display 0
08-05 03:37:28.619  3363  3363 D UserPreferences: Using default data folder
08-05 03:37:28.650  3363  3363 D MainActivity: getLastNavFragment() -> QueueFragment
08-05 03:37:28.651  3363  3363 D MainActivity: loadFragment(tag: QueueFragment, args: null)
08-05 03:37:28.653  3363  3363 D MainActivity: saveLastNavFragment(tag: QueueFragment)
08-05 03:37:28.654  3363  3363 D MainActivity: getLastNavFragment() -> QueueFragment
08-05 03:37:28.655  3363  3363 D UserPreferences: timeOfDay: []
08-05 03:37:28.657  3363  3363 D AutoUpdateManager: Restarting update alarm.
08-05 03:37:28.658  3363  3363 D AutoUpdateManager: Changed alarm to new interval 12 h
08-05 03:37:28.675  3363  3363 D UserPreferences: timeOfDay: []
08-05 03:37:28.675  3363  3363 D AutoUpdateManager: Restarting update alarm.
08-05 03:37:28.676  3363  3363 D AutoUpdateManager: Changed alarm to new interval 12 h
08-05 03:37:28.713  3363  3363 D ExternalPlayerFragment: Loading media info
08-05 03:37:28.714  3363  3363 D QueueFragment: loadItems()
08-05 03:37:28.720  3363  3383 D DBReader: getQueue() called
08-05 03:37:28.721  3363  3383 D DBReader: getQueue()
08-05 03:37:28.723  3363  3383 D DBReader: getFavoriteIDList() called
08-05 03:37:28.724  3363  3383 D DBReader: getQueueIDList() called
08-05 03:37:28.724  3363  3383 D DBReader: Extracting Feedlist
08-05 03:37:28.726  3363  3363 V PlaybackController: initServiceNotRunning()
08-05 03:37:28.726  3363  3363 D ExternalPlayerFragment: Loading media info
08-05 03:37:28.729  3363  3363 D UserPreferences: Using default data folder
08-05 03:37:28.731  3363  3363 D AutoUpdateManager: last refresh: 443497 hours 37 minutes ago
08-05 03:37:28.732  3363  3383 D DBReader: getNavDrawerData() called with: 
08-05 03:37:28.739  3363  3383 D DBReader: getDownloadedItems() called
08-05 03:37:28.740  3363  3383 D DBReader: getFavoriteIDList() called
08-05 03:37:28.740  3363  3383 D DBReader: getQueueIDList() called
08-05 03:37:28.741  3363  3383 D DBReader: Extracting Feedlist
08-05 03:37:28.763   380   380 W SurfaceFlinger: couldn't log to binary event log: overflow.
08-05 03:37:28.832  3363  3363 D MainActivity: getLastNavFragment() -> QueueFragment
08-05 03:37:28.832  3363  3363 D MainActivity: handleNavIntent()
08-05 03:37:29.011   918   936 I ActivityManager: Displayed baseline.de.danoeh.antennapod.debug/baseline.de.danoeh.antennapod.activity.MainActivity: +426ms (total +752ms)
08-05 03:37:29.012 13866 13866 I GoogleInputMethodServic: GoogleInputMethodService.onFinishInput():3138 
08-05 03:37:29.013 13866 13866 I GoogleInputMethodServic: GoogleInputMethodService.onStartInput():1808 
08-05 03:37:29.047 29532 29532 W PathParser: Points are too far apart 4.030360828967057
08-05 03:37:29.047 29532 29532 W PathParser: Points are too far apart 4.030360538880159
08-05 03:37:29.063 29532 29532 W PathParser: Points are too far apart 4.030360828967057
08-05 03:37:29.065 29532 29532 W PathParser: Points are too far apart 4.030360538880159
08-05 03:37:29.080 29532 29532 W PathParser: Points are too far apart 4.030360828967057
08-05 03:37:29.081 29532 29532 W PathParser: Points are too far apart 4.030360538880159
08-05 03:37:29.097 29532 29532 W PathParser: Points are too far apart 4.030360828967057
08-05 03:37:29.097 29532 29532 W PathParser: Points are too far apart 4.030360538880159
08-05 03:37:29.114 29532 29532 W PathParser: Points are too far apart 4.030360828967057
08-05 03:37:29.114 29532 29532 W PathParser: Points are too far apart 4.030360538880159
08-05 03:37:29.131 29532 29532 W PathParser: Points are too far apart 4.030360828967057
08-05 03:37:29.131 29532 29532 W PathParser: Points are too far apart 4.030360538880159
08-05 03:37:29.149 29532 29532 W PathParser: Points are too far apart 4.030360828967057
08-05 03:37:29.149 29532 29532 W PathParser: Points are too far apart 4.030360538880159
08-05 03:37:29.164 29532 29532 W PathParser: Points are too far apart 4.030360828967057
08-05 03:37:29.164 29532 29532 W PathParser: Points are too far apart 4.030360538880159
08-05 03:37:29.420 24577 24411 I Icing   : Indexing com.google.android.gms-apps from com.google.android.gms
08-05 03:37:29.518 24577 24411 I Icing   : Indexing done com.google.android.gms-apps
08-05 03:37:29.749  3363  3409 D DBReader: Extracting Feedlist
08-05 03:37:29.752  3363  3409 D FlattrUtils: Retrieving access token
08-05 03:37:29.752  3363  3409 D FlattrUtils: No access token found
08-05 03:37:29.755  3363  3409 I art     : Rejecting re-init on previously-failed class java.lang.Class<androidx.core.app.JobIntentService$JobServiceEngineImpl>
08-05 03:37:29.755  3363  3409 I art     : Rejecting re-init on previously-failed class java.lang.Class<androidx.core.app.JobIntentService$JobServiceEngineImpl>
08-05 03:37:29.756  3363  3409 I art     : Rejecting re-init on previously-failed class java.lang.Class<androidx.core.app.SafeJobIntentService$SafeJobServiceEngineImpl>
08-05 03:37:29.756  3363  3409 I art     : Rejecting re-init on previously-failed class java.lang.Class<androidx.core.app.SafeJobIntentService$SafeJobServiceEngineImpl>
08-05 03:37:29.869  3406  3406 D AndroidRuntime: >>>>>> START com.android.internal.os.RuntimeInit uid 2000 <<<<<<
08-05 03:37:29.875  3406  3406 D AndroidRuntime: CheckJNI is OFF
08-05 03:37:29.903  3406  3406 D ICU     : No timezone override file found: /data/misc/zoneinfo/current/icu/icu_tzdata.dat
08-05 03:37:29.931  3406  3406 I Radio-JNI: register_android_hardware_Radio DONE
08-05 03:37:29.947  3406  3406 D AndroidRuntime: Calling main entry com.android.commands.am.Am
08-05 03:37:29.955 24044 24044 I Trepn   : Trepn 6.2s: Received intent: com.quicinc.trepn.start_profiling
08-05 03:37:30.074 24044 24044 W FileUtils: Failed to chmod(/storage/emulated/0/trepn/Trepn_2020.08.05_033729.db): android.system.ErrnoException: chmod failed: EPERM (Operation not permitted)
08-05 03:37:30.198 13866 13866 I GoogleInputMethodServic: GoogleInputMethodService.onFinishInput():3138 
08-05 03:37:30.199 13866 13866 I GoogleInputMethodServic: GoogleInputMethodService.onStartInput():1808 
08-05 03:37:30.218 24044 24044 I Trepn   : Trepn 6.2s: Trepn has Started Profiling.
08-05 03:37:30.221  3406  3406 D AndroidRuntime: Shutting down VM
08-05 03:37:30.691  3363  3376 I art     : Starting a blocking GC Explicit
08-05 03:37:30.712  3363  3376 I art     : Explicit concurrent mark sweep GC freed 10862(1545KB) AllocSpace objects, 7(140KB) LOS objects, 40% free, 23MB/38MB, paused 170us total 20.886ms
08-05 03:37:30.720  3363  3376 I art     : Starting a blocking GC Explicit
08-05 03:37:30.734  3363  3376 I art     : Explicit concurrent mark sweep GC freed 3343(193KB) AllocSpace objects, 2(588KB) LOS objects, 40% free, 22MB/37MB, paused 142us total 13.060ms
08-05 03:37:30.740  3363  3376 I art     : Starting a blocking GC Explicit
08-05 03:37:30.753  3363  3376 I art     : Explicit concurrent mark sweep GC freed 7(288B) AllocSpace objects, 0(0B) LOS objects, 40% free, 22MB/37MB, paused 363us total 12.809ms
08-05 03:37:30.759  3363  3376 I art     : Starting a blocking GC Explicit
08-05 03:37:30.772  3363  3376 I art     : Explicit concurrent mark sweep GC freed 3(96B) AllocSpace objects, 0(0B) LOS objects, 40% free, 22MB/37MB, paused 143us total 12.255ms
08-05 03:37:30.778  3363  3376 I art     : Starting a blocking GC Explicit
08-05 03:37:30.790  3363  3376 I art     : Explicit concurrent mark sweep GC freed 3(96B) AllocSpace objects, 0(0B) LOS objects, 40% free, 22MB/37MB, paused 145us total 11.992ms
08-05 03:37:31.060  3363  3375 I art     : Starting a blocking GC Explicit
08-05 03:37:31.077  3363  3375 I art     : Explicit concurrent mark sweep GC freed 1371(82KB) AllocSpace objects, 1(20KB) LOS objects, 40% free, 22MB/37MB, paused 190us total 17.585ms
08-05 03:37:31.088  3363  3375 I art     : Starting a blocking GC Explicit
08-05 03:37:31.101  3363  3375 I art     : Explicit concurrent mark sweep GC freed 23(752B) AllocSpace objects, 0(0B) LOS objects, 40% free, 22MB/37MB, paused 139us total 12.611ms
08-05 03:37:31.107  3363  3375 I art     : Starting a blocking GC Explicit
08-05 03:37:31.120  3363  3375 I art     : Explicit concurrent mark sweep GC freed 3(96B) AllocSpace objects, 0(0B) LOS objects, 40% free, 22MB/37MB, paused 135us total 12.630ms
08-05 03:37:31.127  3363  3375 I art     : Starting a blocking GC Explicit
08-05 03:37:31.140  3363  3375 I art     : Explicit concurrent mark sweep GC freed 3(96B) AllocSpace objects, 0(0B) LOS objects, 40% free, 22MB/37MB, paused 130us total 12.709ms
08-05 03:37:31.146  3363  3375 I art     : Starting a blocking GC Explicit
08-05 03:37:31.159  3363  3375 I art     : Explicit concurrent mark sweep GC freed 3(96B) AllocSpace objects, 0(0B) LOS objects, 40% free, 22MB/37MB, paused 136us total 12.556ms
08-05 03:37:31.418  3363  3376 I art     : Starting a blocking GC Explicit
08-05 03:37:31.433  3363  3376 I art     : Explicit concurrent mark sweep GC freed 1384(80KB) AllocSpace objects, 1(20KB) LOS objects, 40% free, 22MB/37MB, paused 160us total 15.024ms
08-05 03:37:31.440  3363  3376 I art     : Starting a blocking GC Explicit
08-05 03:37:31.453  3363  3376 I art     : Explicit concurrent mark sweep GC freed 23(752B) AllocSpace objects, 0(0B) LOS objects, 40% free, 22MB/37MB, paused 145us total 12.935ms
08-05 03:37:31.459  3363  3376 I art     : Starting a blocking GC Explicit
08-05 03:37:31.472  3363  3376 I art     : Explicit concurrent mark sweep GC freed 3(96B) AllocSpace objects, 0(0B) LOS objects, 40% free, 22MB/37MB, paused 143us total 12.218ms
08-05 03:37:31.478  3363  3376 I art     : Starting a blocking GC Explicit
08-05 03:37:31.490  3363  3376 I art     : Explicit concurrent mark sweep GC freed 3(96B) AllocSpace objects, 0(0B) LOS objects, 40% free, 22MB/37MB, paused 142us total 11.821ms
08-05 03:37:31.496  3363  3376 I art     : Starting a blocking GC Explicit
08-05 03:37:31.509  3363  3376 I art     : Explicit concurrent mark sweep GC freed 3(96B) AllocSpace objects, 0(0B) LOS objects, 40% free, 22MB/37MB, paused 143us total 12.324ms
08-05 03:37:31.809  3363  3375 I art     : Starting a blocking GC Explicit
08-05 03:37:31.826  3363  3375 I art     : Explicit concurrent mark sweep GC freed 1364(80KB) AllocSpace objects, 1(20KB) LOS objects, 40% free, 22MB/37MB, paused 173us total 16.897ms
08-05 03:37:31.833  3363  3375 I art     : Starting a blocking GC Explicit
08-05 03:37:31.846  3363  3375 I art     : Explicit concurrent mark sweep GC freed 25(816B) AllocSpace objects, 0(0B) LOS objects, 40% free, 22MB/37MB, paused 131us total 13.322ms
08-05 03:37:31.852  3363  3375 I art     : Starting a blocking GC Explicit
08-05 03:37:31.863  3363  3375 I art     : Explicit concurrent mark sweep GC freed 5(160B) AllocSpace objects, 0(0B) LOS objects, 40% free, 22MB/37MB, paused 137us total 11.110ms
08-05 03:37:31.869  3363  3375 I art     : Starting a blocking GC Explicit
08-05 03:37:31.881  3363  3375 I art     : Explicit concurrent mark sweep GC freed 5(160B) AllocSpace objects, 0(0B) LOS objects, 40% free, 22MB/37MB, paused 133us total 11.540ms
08-05 03:37:31.886  3363  3375 I art     : Starting a blocking GC Explicit
08-05 03:37:31.898  3363  3375 I art     : Explicit concurrent mark sweep GC freed 5(160B) AllocSpace objects, 0(0B) LOS objects, 40% free, 22MB/37MB, paused 128us total 11.162ms
08-05 03:37:32.177  3363  3376 I art     : Starting a blocking GC Explicit
08-05 03:37:32.193  3363  3376 I art     : Explicit concurrent mark sweep GC freed 1375(80KB) AllocSpace objects, 1(20KB) LOS objects, 40% free, 22MB/37MB, paused 166us total 15.745ms
08-05 03:37:32.201  3363  3376 I art     : Starting a blocking GC Explicit
08-05 03:37:32.214  3363  3376 I art     : Explicit concurrent mark sweep GC freed 23(752B) AllocSpace objects, 0(0B) LOS objects, 40% free, 22MB/37MB, paused 158us total 12.946ms
08-05 03:37:32.220  3363  3376 I art     : Starting a blocking GC Explicit
08-05 03:37:32.232  3363  3376 I art     : Explicit concurrent mark sweep GC freed 3(96B) AllocSpace objects, 0(0B) LOS objects, 40% free, 22MB/37MB, paused 133us total 11.740ms
08-05 03:37:32.238  3363  3376 I art     : Starting a blocking GC Explicit
08-05 03:37:32.250  3363  3376 I art     : Explicit concurrent mark sweep GC freed 3(96B) AllocSpace objects, 0(0B) LOS objects, 40% free, 22MB/37MB, paused 149us total 11.697ms
08-05 03:37:32.256  3363  3376 I art     : Starting a blocking GC Explicit
08-05 03:37:32.269  3363  3376 I art     : Explicit concurrent mark sweep GC freed 3(96B) AllocSpace objects, 0(0B) LOS objects, 40% free, 22MB/37MB, paused 141us total 12.575ms
08-05 03:37:32.597  3363  3375 I art     : Starting a blocking GC Explicit
08-05 03:37:32.617  3363  3375 I art     : Explicit concurrent mark sweep GC freed 1383(81KB) AllocSpace objects, 1(20KB) LOS objects, 40% free, 22MB/37MB, paused 207us total 19.872ms
08-05 03:37:32.627  3363  3375 I art     : Starting a blocking GC Explicit
08-05 03:37:32.640  3363  3375 I art     : Explicit concurrent mark sweep GC freed 23(752B) AllocSpace objects, 0(0B) LOS objects, 40% free, 22MB/37MB, paused 132us total 13.537ms
08-05 03:37:32.647  3363  3375 I art     : Starting a blocking GC Explicit
08-05 03:37:32.659  3363  3375 I art     : Explicit concurrent mark sweep GC freed 3(96B) AllocSpace objects, 0(0B) LOS objects, 40% free, 22MB/37MB, paused 124us total 11.874ms
08-05 03:37:32.665  3363  3375 I art     : Starting a blocking GC Explicit
08-05 03:37:32.678  3363  3375 I art     : Explicit concurrent mark sweep GC freed 3(96B) AllocSpace objects, 0(0B) LOS objects, 40% free, 22MB/37MB, paused 131us total 12.427ms
08-05 03:37:32.684  3363  3375 I art     : Starting a blocking GC Explicit
08-05 03:37:32.696  3363  3375 I art     : Explicit concurrent mark sweep GC freed 3(96B) AllocSpace objects, 0(0B) LOS objects, 40% free, 22MB/37MB, paused 133us total 11.828ms
08-05 03:37:33.006  3363  3471 I art     : Starting a blocking GC Explicit
08-05 03:37:33.027  3363  3471 I art     : Explicit concurrent mark sweep GC freed 1360(81KB) AllocSpace objects, 1(20KB) LOS objects, 40% free, 22MB/37MB, paused 225us total 20.438ms
08-05 03:37:33.035  3363  3471 I art     : Starting a blocking GC Explicit
08-05 03:37:33.049  3363  3471 I art     : Explicit concurrent mark sweep GC freed 23(752B) AllocSpace objects, 0(0B) LOS objects, 40% free, 22MB/37MB, paused 150us total 13.607ms
08-05 03:37:33.056  3363  3471 I art     : Starting a blocking GC Explicit
08-05 03:37:33.068  3363  3471 I art     : Explicit concurrent mark sweep GC freed 3(96B) AllocSpace objects, 0(0B) LOS objects, 40% free, 22MB/37MB, paused 146us total 12.058ms
08-05 03:37:33.074  3363  3471 I art     : Starting a blocking GC Explicit
08-05 03:37:33.086  3363  3471 I art     : Explicit concurrent mark sweep GC freed 3(96B) AllocSpace objects, 0(0B) LOS objects, 40% free, 22MB/37MB, paused 146us total 11.995ms
08-05 03:37:33.092  3363  3471 I art     : Starting a blocking GC Explicit
08-05 03:37:33.105  3363  3471 I art     : Explicit concurrent mark sweep GC freed 3(96B) AllocSpace objects, 0(0B) LOS objects, 40% free, 22MB/37MB, paused 142us total 12.305ms
08-05 03:37:33.409  3363  3376 I art     : Starting a blocking GC Explicit
08-05 03:37:33.428  3363  3376 I art     : Explicit concurrent mark sweep GC freed 1359(81KB) AllocSpace objects, 1(20KB) LOS objects, 40% free, 22MB/37MB, paused 211us total 18.258ms
08-05 03:37:33.440  3363  3376 I art     : Starting a blocking GC Explicit
08-05 03:37:33.453  3363  3376 I art     : Explicit concurrent mark sweep GC freed 48(1440B) AllocSpace objects, 0(0B) LOS objects, 40% free, 22MB/37MB, paused 147us total 12.623ms
08-05 03:37:33.459  3363  3376 I art     : Starting a blocking GC Explicit
08-05 03:37:33.471  3363  3376 I art     : Explicit concurrent mark sweep GC freed 3(96B) AllocSpace objects, 0(0B) LOS objects, 40% free, 22MB/37MB, paused 145us total 12.016ms
08-05 03:37:33.478  3363  3376 I art     : Starting a blocking GC Explicit
08-05 03:37:33.490  3363  3376 I art     : Explicit concurrent mark sweep GC freed 3(96B) AllocSpace objects, 0(0B) LOS objects, 40% free, 22MB/37MB, paused 142us total 12.305ms
08-05 03:37:33.496  3363  3376 I art     : Starting a blocking GC Explicit
08-05 03:37:33.509  3363  3376 I art     : Explicit concurrent mark sweep GC freed 3(96B) AllocSpace objects, 0(0B) LOS objects, 40% free, 22MB/37MB, paused 140us total 12.110ms
08-05 03:37:33.806  3363  3375 I art     : Starting a blocking GC Explicit
08-05 03:37:33.822  3363  3375 I art     : Explicit concurrent mark sweep GC freed 1358(79KB) AllocSpace objects, 1(20KB) LOS objects, 40% free, 22MB/37MB, paused 149us total 16.568ms
08-05 03:37:33.829  3363  3375 I art     : Starting a blocking GC Explicit
08-05 03:37:33.843  3363  3375 I art     : Explicit concurrent mark sweep GC freed 23(752B) AllocSpace objects, 0(0B) LOS objects, 40% free, 22MB/37MB, paused 139us total 13.248ms
08-05 03:37:33.850  3363  3375 I art     : Starting a blocking GC Explicit
08-05 03:37:33.862  3363  3375 I art     : Explicit concurrent mark sweep GC freed 3(96B) AllocSpace objects, 0(0B) LOS objects, 40% free, 22MB/37MB, paused 137us total 12.439ms
08-05 03:37:33.868  3363  3375 I art     : Starting a blocking GC Explicit
08-05 03:37:33.881  3363  3375 I art     : Explicit concurrent mark sweep GC freed 3(96B) AllocSpace objects, 0(0B) LOS objects, 40% free, 22MB/37MB, paused 139us total 12.458ms
08-05 03:37:33.887  3363  3375 I art     : Starting a blocking GC Explicit
08-05 03:37:33.900  3363  3375 I art     : Explicit concurrent mark sweep GC freed 3(96B) AllocSpace objects, 0(0B) LOS objects, 40% free, 22MB/37MB, paused 140us total 12.498ms
08-05 03:37:34.186  3363  3471 I art     : Starting a blocking GC Explicit
08-05 03:37:34.199  3363  3471 I art     : Explicit concurrent mark sweep GC freed 1358(79KB) AllocSpace objects, 1(20KB) LOS objects, 40% free, 22MB/37MB, paused 143us total 13.128ms
08-05 03:37:34.205  3363  3471 I art     : Starting a blocking GC Explicit
08-05 03:37:34.217  3363  3471 I art     : Explicit concurrent mark sweep GC freed 23(752B) AllocSpace objects, 0(0B) LOS objects, 40% free, 22MB/37MB, paused 155us total 11.620ms
08-05 03:37:34.222  3363  3471 I art     : Starting a blocking GC Explicit
08-05 03:37:34.233  3363  3471 I art     : Explicit concurrent mark sweep GC freed 3(96B) AllocSpace objects, 0(0B) LOS objects, 40% free, 22MB/37MB, paused 130us total 10.604ms
08-05 03:37:34.239  3363  3471 I art     : Starting a blocking GC Explicit
08-05 03:37:34.249  3363  3471 I art     : Explicit concurrent mark sweep GC freed 3(96B) AllocSpace objects, 0(0B) LOS objects, 40% free, 22MB/37MB, paused 127us total 10.719ms
08-05 03:37:34.255  3363  3471 I art     : Starting a blocking GC Explicit
08-05 03:37:34.266  3363  3471 I art     : Explicit concurrent mark sweep GC freed 3(96B) AllocSpace objects, 0(0B) LOS objects, 40% free, 22MB/37MB, paused 127us total 10.840ms
08-05 03:37:34.550  3363  3376 I art     : Starting a blocking GC Explicit
08-05 03:37:34.568  3363  3376 I art     : Explicit concurrent mark sweep GC freed 1382(80KB) AllocSpace objects, 1(20KB) LOS objects, 40% free, 22MB/37MB, paused 336us total 17.858ms
08-05 03:37:34.578  3363  3376 I art     : Starting a blocking GC Explicit
08-05 03:37:34.591  3363  3376 I art     : Explicit concurrent mark sweep GC freed 23(752B) AllocSpace objects, 0(0B) LOS objects, 40% free, 22MB/37MB, paused 151us total 13.283ms
08-05 03:37:34.598  3363  3376 I art     : Starting a blocking GC Explicit
08-05 03:37:34.611  3363  3376 I art     : Explicit concurrent mark sweep GC freed 3(96B) AllocSpace objects, 0(0B) LOS objects, 40% free, 22MB/37MB, paused 150us total 12.774ms
08-05 03:37:34.617  3363  3376 I art     : Starting a blocking GC Explicit
08-05 03:37:34.630  3363  3376 I art     : Explicit concurrent mark sweep GC freed 3(96B) AllocSpace objects, 0(0B) LOS objects, 40% free, 22MB/37MB, paused 140us total 12.238ms
08-05 03:37:34.636  3363  3376 I art     : Starting a blocking GC Explicit
08-05 03:37:34.648  3363  3376 I art     : Explicit concurrent mark sweep GC freed 3(96B) AllocSpace objects, 0(0B) LOS objects, 40% free, 22MB/37MB, paused 142us total 12.417ms
08-05 03:37:34.940  3363  3375 I art     : Starting a blocking GC Explicit
08-05 03:37:34.955  3363  3375 I art     : Explicit concurrent mark sweep GC freed 1358(79KB) AllocSpace objects, 1(20KB) LOS objects, 40% free, 22MB/37MB, paused 147us total 14.469ms
08-05 03:37:34.962  3363  3375 I art     : Starting a blocking GC Explicit
08-05 03:37:34.975  3363  3375 I art     : Explicit concurrent mark sweep GC freed 23(752B) AllocSpace objects, 0(0B) LOS objects, 40% free, 22MB/37MB, paused 151us total 12.712ms
08-05 03:37:34.981  3363  3375 I art     : Starting a blocking GC Explicit
08-05 03:37:34.994  3363  3375 I art     : Explicit concurrent mark sweep GC freed 3(96B) AllocSpace objects, 0(0B) LOS objects, 40% free, 22MB/37MB, paused 126us total 12.747ms
08-05 03:37:35.000  3363  3375 I art     : Starting a blocking GC Explicit
08-05 03:37:35.012  3363  3375 I art     : Explicit concurrent mark sweep GC freed 3(96B) AllocSpace objects, 0(0B) LOS objects, 40% free, 22MB/37MB, paused 161us total 11.459ms
08-05 03:37:35.018  3363  3375 I art     : Starting a blocking GC Explicit
08-05 03:37:35.030  3363  3375 I art     : Explicit concurrent mark sweep GC freed 3(96B) AllocSpace objects, 0(0B) LOS objects, 40% free, 22MB/37MB, paused 126us total 12.013ms
08-05 03:37:35.268  3363  3471 I art     : Starting a blocking GC Explicit
08-05 03:37:35.281  3363  3471 I art     : Explicit concurrent mark sweep GC freed 1357(79KB) AllocSpace objects, 1(20KB) LOS objects, 40% free, 22MB/37MB, paused 140us total 12.917ms
08-05 03:37:35.288  3363  3471 I art     : Starting a blocking GC Explicit
08-05 03:37:35.300  3363  3471 I art     : Explicit concurrent mark sweep GC freed 23(752B) AllocSpace objects, 0(0B) LOS objects, 40% free, 22MB/37MB, paused 153us total 12.540ms
08-05 03:37:35.307  3363  3471 I art     : Starting a blocking GC Explicit
08-05 03:37:35.319  3363  3471 I art     : Explicit concurrent mark sweep GC freed 3(96B) AllocSpace objects, 0(0B) LOS objects, 40% free, 22MB/37MB, paused 146us total 12.174ms
08-05 03:37:35.325  3363  3471 I art     : Starting a blocking GC Explicit
08-05 03:37:35.337  3363  3471 I art     : Explicit concurrent mark sweep GC freed 3(96B) AllocSpace objects, 0(0B) LOS objects, 40% free, 22MB/37MB, paused 142us total 11.894ms
08-05 03:37:35.344  3363  3471 I art     : Starting a blocking GC Explicit
08-05 03:37:35.355  3363  3471 I art     : Explicit concurrent mark sweep GC freed 3(96B) AllocSpace objects, 0(0B) LOS objects, 40% free, 22MB/37MB, paused 134us total 11.180ms
08-05 03:37:35.377  3560  3560 D AndroidRuntime: >>>>>> START com.android.internal.os.RuntimeInit uid 2000 <<<<<<
08-05 03:37:35.380  3560  3560 D AndroidRuntime: CheckJNI is OFF
08-05 03:37:35.406  3560  3560 D ICU     : No timezone override file found: /data/misc/zoneinfo/current/icu/icu_tzdata.dat
08-05 03:37:35.431  3560  3560 I Radio-JNI: register_android_hardware_Radio DONE
08-05 03:37:35.447  3560  3560 D AndroidRuntime: Calling main entry com.android.commands.input.Input
08-05 03:37:35.448  3560  3560 I Input   : injectMotionEvent: MotionEvent { action=ACTION_DOWN, actionButton=0, id[0]=0, x[0]=1233.0, y[0]=1274.0, toolType[0]=TOOL_TYPE_UNKNOWN, buttonState=0, metaState=0, flags=0x0, edgeFlags=0x0, pointerCount=1, historySize=0, eventTime=761871861, downTime=761871861, deviceId=0, source=0x1002 }
08-05 03:37:35.455  3560  3560 I Input   : injectMotionEvent: MotionEvent { action=ACTION_UP, actionButton=0, id[0]=0, x[0]=1233.0, y[0]=1274.0, toolType[0]=TOOL_TYPE_UNKNOWN, buttonState=0, metaState=0, flags=0x0, edgeFlags=0x0, pointerCount=1, historySize=0, eventTime=761871861, downTime=761871861, deviceId=0, source=0x1002 }
08-05 03:37:35.456  3560  3560 D AndroidRuntime: Shutting down VM
08-05 03:37:35.572  3363  3376 I art     : Starting a blocking GC Explicit
08-05 03:37:35.587  3363  3376 I art     : Explicit concurrent mark sweep GC freed 1386(80KB) AllocSpace objects, 1(20KB) LOS objects, 40% free, 22MB/37MB, paused 137us total 14.537ms
08-05 03:37:35.594  3363  3376 I art     : Starting a blocking GC Explicit
08-05 03:37:35.607  3363  3376 I art     : Explicit concurrent mark sweep GC freed 23(752B) AllocSpace objects, 0(0B) LOS objects, 40% free, 22MB/37MB, paused 200us total 13.510ms
08-05 03:37:35.616  3363  3376 I art     : Starting a blocking GC Explicit
08-05 03:37:35.630  3363  3376 I art     : Explicit concurrent mark sweep GC freed 3(96B) AllocSpace objects, 0(0B) LOS objects, 40% free, 22MB/37MB, paused 180us total 13.801ms
08-05 03:37:35.636  3363  3376 I art     : Starting a blocking GC Explicit
08-05 03:37:35.650  3363  3376 I art     : Explicit concurrent mark sweep GC freed 3(96B) AllocSpace objects, 0(0B) LOS objects, 40% free, 22MB/37MB, paused 156us total 13.777ms
08-05 03:37:35.657  3363  3376 I art     : Starting a blocking GC Explicit
08-05 03:37:35.670  3363  3376 I art     : Explicit concurrent mark sweep GC freed 3(96B) AllocSpace objects, 0(0B) LOS objects, 40% free, 22MB/37MB, paused 141us total 13.219ms
08-05 03:37:35.894 13866 13866 I GoogleInputMethodServic: GoogleInputMethodService.onFinishInput():3138 
08-05 03:37:35.895 13866 13866 I GoogleInputMethodServic: GoogleInputMethodService.onStartInput():1808 
08-05 03:37:35.916  3363  3471 I art     : Starting a blocking GC Explicit
08-05 03:37:35.930  3363  3471 I art     : Explicit concurrent mark sweep GC freed 1454(83KB) AllocSpace objects, 1(20KB) LOS objects, 40% free, 22MB/37MB, paused 144us total 13.114ms
08-05 03:37:35.936  3363  3471 I art     : Starting a blocking GC Explicit
08-05 03:37:35.949  3363  3471 I art     : Explicit concurrent mark sweep GC freed 31(1200B) AllocSpace objects, 0(0B) LOS objects, 40% free, 22MB/37MB, paused 152us total 12.367ms
08-05 03:37:35.955  3363  3471 I art     : Starting a blocking GC Explicit
08-05 03:37:35.968  3363  3471 I art     : Explicit concurrent mark sweep GC freed 3(96B) AllocSpace objects, 0(0B) LOS objects, 40% free, 22MB/37MB, paused 152us total 13.041ms
08-05 03:37:35.975  3363  3471 I art     : Starting a blocking GC Explicit
08-05 03:37:35.988  3363  3471 I art     : Explicit concurrent mark sweep GC freed 3(96B) AllocSpace objects, 0(0B) LOS objects, 40% free, 22MB/37MB, paused 138us total 13.021ms
08-05 03:37:35.994  3363  3471 I art     : Starting a blocking GC Explicit
08-05 03:37:36.007  3363  3471 I art     : Explicit concurrent mark sweep GC freed 3(96B) AllocSpace objects, 0(0B) LOS objects, 40% free, 22MB/37MB, paused 164us total 12.652ms
08-05 03:37:36.279  3363  3376 I art     : Starting a blocking GC Explicit
08-05 03:37:36.294  3363  3376 I art     : Explicit concurrent mark sweep GC freed 1358(79KB) AllocSpace objects, 1(20KB) LOS objects, 40% free, 22MB/37MB, paused 160us total 15.276ms
08-05 03:37:36.302  3363  3376 I art     : Starting a blocking GC Explicit
08-05 03:37:36.320  3363  3376 I art     : Explicit concurrent mark sweep GC freed 23(752B) AllocSpace objects, 0(0B) LOS objects, 40% free, 22MB/37MB, paused 175us total 16.695ms
08-05 03:37:36.329  3363  3376 I art     : Starting a blocking GC Explicit
08-05 03:37:36.342  3363  3376 I art     : Explicit concurrent mark sweep GC freed 3(96B) AllocSpace objects, 0(0B) LOS objects, 40% free, 22MB/37MB, paused 145us total 12.602ms
08-05 03:37:36.348  3363  3376 I art     : Starting a blocking GC Explicit
08-05 03:37:36.361  3363  3376 I art     : Explicit concurrent mark sweep GC freed 3(96B) AllocSpace objects, 0(0B) LOS objects, 40% free, 22MB/37MB, paused 154us total 12.843ms
08-05 03:37:36.367  3363  3376 I art     : Starting a blocking GC Explicit
08-05 03:37:36.380  3363  3376 I art     : Explicit concurrent mark sweep GC freed 3(96B) AllocSpace objects, 0(0B) LOS objects, 40% free, 22MB/37MB, paused 141us total 12.539ms
08-05 03:37:36.387 27088 27088 I ServiceManager: Waiting for service AtCmdFwd...
08-05 03:37:36.647  3363  3375 I art     : Starting a blocking GC Explicit
08-05 03:37:36.662  3363  3375 I art     : Explicit concurrent mark sweep GC freed 1382(80KB) AllocSpace objects, 1(20KB) LOS objects, 40% free, 22MB/37MB, paused 143us total 14.186ms
08-05 03:37:36.669   518   646 I ThermalEngine: ACTION: GPU - Setting GPU[0] to 510000000
08-05 03:37:36.670  3363  3375 I art     : Starting a blocking GC Explicit
08-05 03:37:36.686  3363  3375 I art     : Explicit concurrent mark sweep GC freed 23(752B) AllocSpace objects, 0(0B) LOS objects, 40% free, 22MB/37MB, paused 179us total 15.504ms
08-05 03:37:36.694  3363  3375 I art     : Starting a blocking GC Explicit
08-05 03:37:36.709  3363  3375 I art     : Explicit concurrent mark sweep GC freed 3(96B) AllocSpace objects, 0(0B) LOS objects, 40% free, 22MB/37MB, paused 178us total 14.748ms
08-05 03:37:36.717  3363  3375 I art     : Starting a blocking GC Explicit
08-05 03:37:36.732  3363  3375 I art     : Explicit concurrent mark sweep GC freed 3(96B) AllocSpace objects, 0(0B) LOS objects, 40% free, 22MB/37MB, paused 183us total 14.966ms
08-05 03:37:36.740  3363  3375 I art     : Starting a blocking GC Explicit
08-05 03:37:36.755  3363  3375 I art     : Explicit concurrent mark sweep GC freed 3(96B) AllocSpace objects, 0(0B) LOS objects, 40% free, 22MB/37MB, paused 177us total 15.063ms
08-05 03:37:37.012  3363  3471 I art     : Starting a blocking GC Explicit
08-05 03:37:37.029  3363  3471 I art     : Explicit concurrent mark sweep GC freed 1357(79KB) AllocSpace objects, 1(20KB) LOS objects, 40% free, 22MB/37MB, paused 206us total 16.367ms
08-05 03:37:37.038  3363  3471 I art     : Starting a blocking GC Explicit
08-05 03:37:37.053  3363  3471 I art     : Explicit concurrent mark sweep GC freed 23(752B) AllocSpace objects, 0(0B) LOS objects, 40% free, 22MB/37MB, paused 199us total 15.268ms
08-05 03:37:37.061  3363  3471 I art     : Starting a blocking GC Explicit
08-05 03:37:37.076  3363  3471 I art     : Explicit concurrent mark sweep GC freed 3(96B) AllocSpace objects, 0(0B) LOS objects, 40% free, 22MB/37MB, paused 191us total 15.399ms
08-05 03:37:37.084  3363  3471 I art     : Starting a blocking GC Explicit
08-05 03:37:37.099  3363  3471 I art     : Explicit concurrent mark sweep GC freed 3(96B) AllocSpace objects, 0(0B) LOS objects, 40% free, 22MB/37MB, paused 195us total 15.333ms
08-05 03:37:37.108  3363  3471 I art     : Starting a blocking GC Explicit
08-05 03:37:37.109  3626  3626 D AndroidRuntime: >>>>>> START com.android.internal.os.RuntimeInit uid 2000 <<<<<<
08-05 03:37:37.113  3626  3626 D AndroidRuntime: CheckJNI is OFF
08-05 03:37:37.124  3363  3471 I art     : Explicit concurrent mark sweep GC freed 3(96B) AllocSpace objects, 0(0B) LOS objects, 40% free, 22MB/37MB, paused 178us total 15.612ms
08-05 03:37:37.146  3626  3626 D ICU     : No timezone override file found: /data/misc/zoneinfo/current/icu/icu_tzdata.dat
08-05 03:37:37.178  3626  3626 I Radio-JNI: register_android_hardware_Radio DONE
08-05 03:37:37.200  3626  3626 D AndroidRuntime: Calling main entry com.android.commands.input.Input
08-05 03:37:37.202  3626  3626 I Input   : injectMotionEvent: MotionEvent { action=ACTION_DOWN, actionButton=0, id[0]=0, x[0]=103.0, y[0]=192.0, toolType[0]=TOOL_TYPE_UNKNOWN, buttonState=0, metaState=0, flags=0x0, edgeFlags=0x0, pointerCount=1, historySize=0, eventTime=761873615, downTime=761873615, deviceId=0, source=0x1002 }
08-05 03:37:37.208  3626  3626 I Input   : injectMotionEvent: MotionEvent { action=ACTION_UP, actionButton=0, id[0]=0, x[0]=103.0, y[0]=192.0, toolType[0]=TOOL_TYPE_UNKNOWN, buttonState=0, metaState=0, flags=0x0, edgeFlags=0x0, pointerCount=1, historySize=0, eventTime=761873615, downTime=761873615, deviceId=0, source=0x1002 }
08-05 03:37:37.209  3626  3626 D AndroidRuntime: Shutting down VM
08-05 03:37:37.227   512  2967 D audio_hw_primary: out_set_parameters: enter: usecase(1: low-latency-playback) kvpairs: routing=2
08-05 03:37:37.241   512  2967 D audio_hw_primary: select_devices: out_snd_device(2: speaker) in_snd_device(0: none)
08-05 03:37:37.241   512  2967 D msm8974_platform: platform_send_audio_calibration: sending audio calibration for snd_device(2) acdb_id(15)
08-05 03:37:37.241   512  2967 I soundtrigger: audio_extn_sound_trigger_update_device_status: device 0x2 of type 0 for Event 1
08-05 03:37:37.252   512  2967 D audio_hw_primary: enable_snd_device: snd_device(2: speaker)
08-05 03:37:37.254   512  2967 D audio_hw_primary: enable_audio_route: apply and update mixer path: low-latency-playback speaker
08-05 03:37:37.264 13866 13866 I GoogleInputMethodServic: GoogleInputMethodService.onFinishInput():3138 
08-05 03:37:37.265 13866 13866 I GoogleInputMethodServic: GoogleInputMethodService.onStartInput():1808 
08-05 03:37:37.359  3363  3375 I art     : Starting a blocking GC Explicit
08-05 03:37:37.377  3363  3375 I art     : Explicit concurrent mark sweep GC freed 1866(104KB) AllocSpace objects, 1(20KB) LOS objects, 40% free, 22MB/37MB, paused 204us total 17.245ms
08-05 03:37:37.387 27088 27088 I ServiceManager: Waiting for service AtCmdFwd...
08-05 03:37:37.387  3363  3375 I art     : Starting a blocking GC Explicit
08-05 03:37:37.405  3363  3375 I art     : Explicit concurrent mark sweep GC freed 35(1488B) AllocSpace objects, 0(0B) LOS objects, 40% free, 22MB/37MB, paused 177us total 17.950ms
08-05 03:37:37.414  3363  3375 I art     : Starting a blocking GC Explicit
08-05 03:37:37.431  3363  3375 I art     : Explicit concurrent mark sweep GC freed 28(784B) AllocSpace objects, 0(0B) LOS objects, 40% free, 22MB/37MB, paused 226us total 16.470ms
08-05 03:37:37.439  3363  3375 I art     : Starting a blocking GC Explicit
08-05 03:37:37.455  3363  3375 I art     : Explicit concurrent mark sweep GC freed 5(160B) AllocSpace objects, 0(0B) LOS objects, 40% free, 22MB/37MB, paused 190us total 15.287ms
08-05 03:37:37.462  3363  3375 I art     : Starting a blocking GC Explicit
08-05 03:37:37.477  3363  3375 I art     : Explicit concurrent mark sweep GC freed 3(96B) AllocSpace objects, 0(0B) LOS objects, 40% free, 22MB/37MB, paused 208us total 14.318ms
08-05 03:37:37.714  3363  3376 I art     : Starting a blocking GC Explicit
08-05 03:37:37.731  3363  3376 I art     : Explicit concurrent mark sweep GC freed 1376(80KB) AllocSpace objects, 1(20KB) LOS objects, 40% free, 22MB/37MB, paused 195us total 16.664ms
08-05 03:37:37.739  3363  3376 I art     : Starting a blocking GC Explicit
08-05 03:37:37.754  3363  3376 I art     : Explicit concurrent mark sweep GC freed 39(1264B) AllocSpace objects, 0(0B) LOS objects, 40% free, 22MB/37MB, paused 199us total 15.239ms
08-05 03:37:37.762  3363  3376 I art     : Starting a blocking GC Explicit
08-05 03:37:37.777  3363  3376 I art     : Explicit concurrent mark sweep GC freed 3(96B) AllocSpace objects, 0(0B) LOS objects, 40% free, 22MB/37MB, paused 179us total 15.195ms
08-05 03:37:37.785  3363  3376 I art     : Starting a blocking GC Explicit
08-05 03:37:37.799   512  2967 D audio_hw_primary: disable_audio_route: reset and update mixer path: low-latency-playback speaker
08-05 03:37:37.799   512  2967 D audio_hw_primary: disable_snd_device: snd_device(2: speaker)
08-05 03:37:37.800  3363  3376 I art     : Explicit concurrent mark sweep GC freed 3(96B) AllocSpace objects, 0(0B) LOS objects, 40% free, 22MB/37MB, paused 233us total 14.861ms
08-05 03:37:37.807  3363  3376 I art     : Starting a blocking GC Explicit
08-05 03:37:37.809   512  2967 I soundtrigger: audio_extn_sound_trigger_update_device_status: device 0x2 of type 0 for Event 0
08-05 03:37:37.822  3363  3376 I art     : Explicit concurrent mark sweep GC freed 3(96B) AllocSpace objects, 0(0B) LOS objects, 40% free, 22MB/37MB, paused 191us total 14.418ms
08-05 03:37:37.852  3663  3663 D AndroidRuntime: >>>>>> START com.android.internal.os.RuntimeInit uid 2000 <<<<<<
08-05 03:37:37.857  3663  3663 D AndroidRuntime: CheckJNI is OFF
08-05 03:37:37.889  3663  3663 D ICU     : No timezone override file found: /data/misc/zoneinfo/current/icu/icu_tzdata.dat
08-05 03:37:37.921  3663  3663 I Radio-JNI: register_android_hardware_Radio DONE
08-05 03:37:37.943  3663  3663 D AndroidRuntime: Calling main entry com.android.commands.input.Input
08-05 03:37:37.945  3663  3663 I Input   : injectMotionEvent: MotionEvent { action=ACTION_DOWN, actionButton=0, id[0]=0, x[0]=324.0, y[0]=2298.0, toolType[0]=TOOL_TYPE_UNKNOWN, buttonState=0, metaState=0, flags=0x0, edgeFlags=0x0, pointerCount=1, historySize=0, eventTime=761874358, downTime=761874358, deviceId=0, source=0x1002 }
08-05 03:37:37.949  3663  3663 I Input   : injectMotionEvent: MotionEvent { action=ACTION_UP, actionButton=0, id[0]=0, x[0]=324.0, y[0]=2298.0, toolType[0]=TOOL_TYPE_UNKNOWN, buttonState=0, metaState=0, flags=0x0, edgeFlags=0x0, pointerCount=1, historySize=0, eventTime=761874358, downTime=761874358, deviceId=0, source=0x1002 }
08-05 03:37:37.951  3663  3663 D AndroidRuntime: Shutting down VM
08-05 03:37:37.959   918  3670 I ActivityManager: START u0 {cmp=baseline.de.danoeh.antennapod.debug/baseline.de.danoeh.antennapod.activity.PreferenceActivity} from uid 10691 on display 0
08-05 03:37:37.962   512  2967 D audio_hw_primary: out_set_parameters: enter: usecase(1: low-latency-playback) kvpairs: routing=2
08-05 03:37:37.974   512  2967 D audio_hw_primary: select_devices: out_snd_device(2: speaker) in_snd_device(0: none)
08-05 03:37:37.975   512  2967 D msm8974_platform: platform_send_audio_calibration: sending audio calibration for snd_device(2) acdb_id(15)
08-05 03:37:37.975   512  2967 I soundtrigger: audio_extn_sound_trigger_update_device_status: device 0x2 of type 0 for Event 1
08-05 03:37:37.986   512  2967 D audio_hw_primary: enable_snd_device: snd_device(2: speaker)
08-05 03:37:37.989   512  2967 D audio_hw_primary: enable_audio_route: apply and update mixer path: low-latency-playback speaker
08-05 03:37:38.035   512  2967 D AudioFlinger: mixer(0xf4740000) throttle end: throttle time(12)
08-05 03:37:38.069  3363  3375 I art     : Starting a blocking GC Explicit
08-05 03:37:38.086  3363  3375 I art     : Explicit concurrent mark sweep GC freed 3044(314KB) AllocSpace objects, 2(40KB) LOS objects, 40% free, 22MB/38MB, paused 523us total 16.785ms
08-05 03:37:38.094  3363  3375 I art     : Starting a blocking GC Explicit
08-05 03:37:38.112  3363  3375 I art     : Explicit concurrent mark sweep GC freed 1123(111KB) AllocSpace objects, 0(0B) LOS objects, 40% free, 23MB/38MB, paused 428us total 17.455ms
08-05 03:37:38.120  3363  3375 I art     : Starting a blocking GC Explicit
08-05 03:37:38.137  3363  3375 I art     : Explicit concurrent mark sweep GC freed 319(22KB) AllocSpace objects, 0(0B) LOS objects, 40% free, 23MB/38MB, paused 432us total 17.304ms
08-05 03:37:38.145  3363  3375 I art     : Starting a blocking GC Explicit
08-05 03:37:38.163  3363  3375 I art     : Explicit concurrent mark sweep GC freed 229(10KB) AllocSpace objects, 0(0B) LOS objects, 40% free, 23MB/38MB, paused 430us total 18.126ms
08-05 03:37:38.171  3363  3375 I art     : Starting a blocking GC Explicit
08-05 03:37:38.189  3363  3375 I art     : Explicit concurrent mark sweep GC freed 68(3KB) AllocSpace objects, 0(0B) LOS objects, 40% free, 23MB/38MB, paused 208us total 17.905ms
08-05 03:37:38.268 13866 13866 I GoogleInputMethodServic: GoogleInputMethodService.onFinishInput():3138 
08-05 03:37:38.269   918   936 I ActivityManager: Displayed baseline.de.danoeh.antennapod.debug/baseline.de.danoeh.antennapod.activity.PreferenceActivity: +288ms
08-05 03:37:38.269 13866 13866 I GoogleInputMethodServic: GoogleInputMethodService.onStartInput():1808 
08-05 03:37:38.301  3363  3384 D OpenGLRenderer: endAllStagingAnimators on 0x7f7f19c000 (RippleDrawable) with handle 0x7f7e479020
08-05 03:37:38.387 27088 27088 I ServiceManager: Waiting for service AtCmdFwd...
08-05 03:37:38.426  3363  3471 I art     : Starting a blocking GC Explicit
08-05 03:37:38.449  3363  3471 I art     : Explicit concurrent mark sweep GC freed 1680(91KB) AllocSpace objects, 1(20KB) LOS objects, 40% free, 23MB/38MB, paused 184us total 22.387ms
08-05 03:37:38.449  3363  3373 I art     : WaitForGcToComplete blocked for 21.092ms for cause HeapTrim
08-05 03:37:38.458  3363  3471 I art     : Starting a blocking GC Explicit
08-05 03:37:38.480  3363  3471 I art     : Explicit concurrent mark sweep GC freed 37(1216B) AllocSpace objects, 0(0B) LOS objects, 40% free, 23MB/38MB, paused 213us total 21.789ms
08-05 03:37:38.489  3363  3471 I art     : Starting a blocking GC Explicit
08-05 03:37:38.508   380   380 W SurfaceFlinger: couldn't log to binary event log: overflow.
08-05 03:37:38.511  3363  3471 I art     : Explicit concurrent mark sweep GC freed 3(96B) AllocSpace objects, 0(0B) LOS objects, 40% free, 23MB/38MB, paused 209us total 21.809ms
08-05 03:37:38.521  3363  3471 I art     : Starting a blocking GC Explicit
08-05 03:37:38.530   512  2967 D audio_hw_primary: disable_audio_route: reset and update mixer path: low-latency-playback speaker
08-05 03:37:38.531   512  2967 D audio_hw_primary: disable_snd_device: snd_device(2: speaker)
08-05 03:37:38.538  3363  3471 I art     : Explicit concurrent mark sweep GC freed 3(96B) AllocSpace objects, 0(0B) LOS objects, 40% free, 23MB/38MB, paused 181us total 16.804ms
08-05 03:37:38.538   512  2967 I soundtrigger: audio_extn_sound_trigger_update_device_status: device 0x2 of type 0 for Event 0
08-05 03:37:38.545  3363  3471 I art     : Starting a blocking GC Explicit
08-05 03:37:38.561  3363  3471 I art     : Explicit concurrent mark sweep GC freed 3(96B) AllocSpace objects, 0(0B) LOS objects, 40% free, 23MB/38MB, paused 169us total 15.771ms
08-05 03:37:38.610  3363  3363 D PlaybackController: Releasing PlaybackController
08-05 03:37:38.830  3363  3375 I art     : Starting a blocking GC Explicit
08-05 03:37:38.855  3363  3375 I art     : Explicit concurrent mark sweep GC freed 1619(97KB) AllocSpace objects, 1(20KB) LOS objects, 40% free, 23MB/39MB, paused 203us total 24.114ms
08-05 03:37:38.866  3363  3375 I art     : Starting a blocking GC Explicit
08-05 03:37:38.885  3363  3375 I art     : Explicit concurrent mark sweep GC freed 63(2064B) AllocSpace objects, 0(0B) LOS objects, 40% free, 23MB/39MB, paused 185us total 18.665ms
08-05 03:37:38.893  3363  3375 I art     : Starting a blocking GC Explicit
08-05 03:37:38.912  3363  3375 I art     : Explicit concurrent mark sweep GC freed 3(96B) AllocSpace objects, 0(0B) LOS objects, 40% free, 23MB/39MB, paused 184us total 18.877ms
08-05 03:37:38.921  3363  3375 I art     : Starting a blocking GC Explicit
08-05 03:37:38.940  3363  3375 I art     : Explicit concurrent mark sweep GC freed 3(96B) AllocSpace objects, 0(0B) LOS objects, 40% free, 23MB/39MB, paused 194us total 19.233ms
08-05 03:37:38.949  3363  3375 I art     : Starting a blocking GC Explicit
08-05 03:37:38.968  3363  3375 I art     : Explicit concurrent mark sweep GC freed 3(96B) AllocSpace objects, 0(0B) LOS objects, 40% free, 23MB/39MB, paused 187us total 19.103ms
08-05 03:37:38.995   918  3261 D WifiStateMachine: starting scan for "H369AA63323"WPA_PSK with 2412,5180
08-05 03:37:39.245  3363  3376 I art     : Starting a blocking GC Explicit
08-05 03:37:39.264  3363  3376 I art     : Explicit concurrent mark sweep GC freed 1360(80KB) AllocSpace objects, 1(20KB) LOS objects, 40% free, 23MB/39MB, paused 230us total 19.190ms
08-05 03:37:39.272  3363  3376 I art     : Starting a blocking GC Explicit
08-05 03:37:39.291  3363  3376 I art     : Explicit concurrent mark sweep GC freed 23(752B) AllocSpace objects, 0(0B) LOS objects, 40% free, 23MB/39MB, paused 194us total 18.101ms
08-05 03:37:39.299  3363  3376 I art     : Starting a blocking GC Explicit
08-05 03:37:39.317  3363  3376 I art     : Explicit concurrent mark sweep GC freed 3(96B) AllocSpace objects, 0(0B) LOS objects, 40% free, 23MB/39MB, paused 191us total 18.209ms
08-05 03:37:39.326  3363  3376 I art     : Starting a blocking GC Explicit
08-05 03:37:39.344  3363  3376 I art     : Explicit concurrent mark sweep GC freed 3(96B) AllocSpace objects, 0(0B) LOS objects, 40% free, 23MB/39MB, paused 198us total 18.590ms
08-05 03:37:39.353  3363  3376 I art     : Starting a blocking GC Explicit
08-05 03:37:39.371  3363  3376 I art     : Explicit concurrent mark sweep GC freed 3(96B) AllocSpace objects, 0(0B) LOS objects, 40% free, 23MB/39MB, paused 193us total 18.176ms
08-05 03:37:39.388 27088 27088 I ServiceManager: Waiting for service AtCmdFwd...
08-05 03:37:39.599  3730  3730 D AndroidRuntime: >>>>>> START com.android.internal.os.RuntimeInit uid 2000 <<<<<<
08-05 03:37:39.604  3730  3730 D AndroidRuntime: CheckJNI is OFF
08-05 03:37:39.628  3363  3471 I art     : Starting a blocking GC Explicit
08-05 03:37:39.640  3730  3730 D ICU     : No timezone override file found: /data/misc/zoneinfo/current/icu/icu_tzdata.dat
08-05 03:37:39.647  3363  3471 I art     : Explicit concurrent mark sweep GC freed 1385(80KB) AllocSpace objects, 1(20KB) LOS objects, 40% free, 23MB/39MB, paused 237us total 19.339ms
08-05 03:37:39.656  3363  3471 I art     : Starting a blocking GC Explicit
08-05 03:37:39.674  3363  3471 I art     : Explicit concurrent mark sweep GC freed 26(848B) AllocSpace objects, 0(0B) LOS objects, 40% free, 23MB/39MB, paused 199us total 17.779ms
08-05 03:37:39.674  3730  3730 I Radio-JNI: register_android_hardware_Radio DONE
08-05 03:37:39.682  3363  3471 I art     : Starting a blocking GC Explicit
08-05 03:37:39.698  3730  3730 D AndroidRuntime: Calling main entry com.android.commands.input.Input
08-05 03:37:39.700  3730  3730 I Input   : injectMotionEvent: MotionEvent { action=ACTION_DOWN, actionButton=0, id[0]=0, x[0]=400.0, y[0]=997.0, toolType[0]=TOOL_TYPE_UNKNOWN, buttonState=0, metaState=0, flags=0x0, edgeFlags=0x0, pointerCount=1, historySize=0, eventTime=761876112, downTime=761876112, deviceId=0, source=0x1002 }
08-05 03:37:39.702  3363  3471 I art     : Explicit concurrent mark sweep GC freed 7(224B) AllocSpace objects, 0(0B) LOS objects, 40% free, 23MB/39MB, paused 173us total 20.325ms
08-05 03:37:39.708  3730  3730 I Input   : injectMotionEvent: MotionEvent { action=ACTION_UP, actionButton=0, id[0]=0, x[0]=400.0, y[0]=997.0, toolType[0]=TOOL_TYPE_UNKNOWN, buttonState=0, metaState=0, flags=0x0, edgeFlags=0x0, pointerCount=1, historySize=0, eventTime=761876112, downTime=761876112, deviceId=0, source=0x1002 }
08-05 03:37:39.711  3363  3471 I art     : Starting a blocking GC Explicit
08-05 03:37:39.714  3730  3730 D AndroidRuntime: Shutting down VM
08-05 03:37:39.731   512  2967 D audio_hw_primary: out_set_parameters: enter: usecase(1: low-latency-playback) kvpairs: routing=2
08-05 03:37:39.732  3363  3471 I art     : Explicit concurrent mark sweep GC freed 194(8KB) AllocSpace objects, 0(0B) LOS objects, 40% free, 23MB/39MB, paused 202us total 20.061ms
08-05 03:37:39.739  3363  3471 I art     : Starting a blocking GC Explicit
08-05 03:37:39.744   512  2967 D audio_hw_primary: select_devices: out_snd_device(2: speaker) in_snd_device(0: none)
08-05 03:37:39.744   512  2967 D msm8974_platform: platform_send_audio_calibration: sending audio calibration for snd_device(2) acdb_id(15)
08-05 03:37:39.744   512  2967 I soundtrigger: audio_extn_sound_trigger_update_device_status: device 0x2 of type 0 for Event 1
08-05 03:37:39.754   512  2967 D audio_hw_primary: enable_snd_device: snd_device(2: speaker)
08-05 03:37:39.756   512  2967 D audio_hw_primary: enable_audio_route: apply and update mixer path: low-latency-playback speaker
08-05 03:37:39.757  3363  3471 I art     : Explicit concurrent mark sweep GC freed 642(45KB) AllocSpace objects, 1(20KB) LOS objects, 40% free, 23MB/39MB, paused 263us total 17.849ms
08-05 03:37:39.843 13866 13866 I GoogleInputMethodServic: GoogleInputMethodService.onFinishInput():3138 
08-05 03:37:39.844 13866 13866 I GoogleInputMethodServic: GoogleInputMethodService.onStartInput():1808 
08-05 03:37:39.983  3363  3376 I art     : Starting a blocking GC Explicit
08-05 03:37:40.002  3363  3376 I art     : Explicit concurrent mark sweep GC freed 2122(133KB) AllocSpace objects, 1(20KB) LOS objects, 40% free, 23MB/39MB, paused 185us total 18.857ms
08-05 03:37:40.010  3363  3376 I art     : Starting a blocking GC Explicit
08-05 03:37:40.028  3363  3376 I art     : Explicit concurrent mark sweep GC freed 157(7KB) AllocSpace objects, 0(0B) LOS objects, 40% free, 23MB/39MB, paused 179us total 18.133ms
08-05 03:37:40.036  3363  3376 I art     : Starting a blocking GC Explicit
08-05 03:37:40.054  3363  3376 I art     : Explicit concurrent mark sweep GC freed 3(96B) AllocSpace objects, 0(0B) LOS objects, 40% free, 23MB/39MB, paused 187us total 18.257ms
08-05 03:37:40.062  3363  3376 I art     : Starting a blocking GC Explicit
08-05 03:37:40.080  3363  3376 I art     : Explicit concurrent mark sweep GC freed 3(96B) AllocSpace objects, 0(0B) LOS objects, 40% free, 23MB/39MB, paused 185us total 18.260ms
08-05 03:37:40.088  3363  3376 I art     : Starting a blocking GC Explicit
08-05 03:37:40.106  3363  3376 I art     : Explicit concurrent mark sweep GC freed 3(96B) AllocSpace objects, 0(0B) LOS objects, 40% free, 23MB/39MB, paused 181us total 17.880ms
08-05 03:37:40.298   512  2967 D audio_hw_primary: disable_audio_route: reset and update mixer path: low-latency-playback speaker
08-05 03:37:40.300   512  2967 D audio_hw_primary: disable_snd_device: snd_device(2: speaker)
08-05 03:37:40.308   512  2967 I soundtrigger: audio_extn_sound_trigger_update_device_status: device 0x2 of type 0 for Event 0
08-05 03:37:40.331  3776  3776 D AndroidRuntime: >>>>>> START com.android.internal.os.RuntimeInit uid 2000 <<<<<<
08-05 03:37:40.336  3776  3776 D AndroidRuntime: CheckJNI is OFF
08-05 03:37:40.370  3776  3776 D ICU     : No timezone override file found: /data/misc/zoneinfo/current/icu/icu_tzdata.dat
08-05 03:37:40.371  3363  3375 I art     : Starting a blocking GC Explicit
08-05 03:37:40.388 27088 27088 I ServiceManager: Waiting for service AtCmdFwd...
08-05 03:37:40.392  3363  3375 I art     : Explicit concurrent mark sweep GC freed 1362(80KB) AllocSpace objects, 1(20KB) LOS objects, 40% free, 23MB/39MB, paused 191us total 20.713ms
08-05 03:37:40.401  3363  3375 I art     : Starting a blocking GC Explicit
08-05 03:37:40.404  3776  3776 I Radio-JNI: register_android_hardware_Radio DONE
08-05 03:37:40.420  3363  3375 I art     : Explicit concurrent mark sweep GC freed 23(752B) AllocSpace objects, 0(0B) LOS objects, 40% free, 23MB/39MB, paused 178us total 19.453ms
08-05 03:37:40.426  3776  3776 D AndroidRuntime: Calling main entry com.android.commands.input.Input
08-05 03:37:40.428  3776  3776 I Input   : injectMotionEvent: MotionEvent { action=ACTION_DOWN, actionButton=0, id[0]=0, x[0]=697.0, y[0]=656.0, toolType[0]=TOOL_TYPE_UNKNOWN, buttonState=0, metaState=0, flags=0x0, edgeFlags=0x0, pointerCount=1, historySize=0, eventTime=761876841, downTime=761876841, deviceId=0, source=0x1002 }
08-05 03:37:40.429  3363  3375 I art     : Starting a blocking GC Explicit
08-05 03:37:40.433  3776  3776 I Input   : injectMotionEvent: MotionEvent { action=ACTION_UP, actionButton=0, id[0]=0, x[0]=697.0, y[0]=656.0, toolType[0]=TOOL_TYPE_UNKNOWN, buttonState=0, metaState=0, flags=0x0, edgeFlags=0x0, pointerCount=1, historySize=0, eventTime=761876841, downTime=761876841, deviceId=0, source=0x1002 }
08-05 03:37:40.435  3776  3776 D AndroidRuntime: Shutting down VM
08-05 03:37:40.445   512  2967 D audio_hw_primary: out_set_parameters: enter: usecase(1: low-latency-playback) kvpairs: routing=2
08-05 03:37:40.449  3363  3375 I art     : Explicit concurrent mark sweep GC freed 79(11KB) AllocSpace objects, 0(0B) LOS objects, 40% free, 23MB/39MB, paused 418us total 20.235ms
08-05 03:37:40.458   512  2967 D audio_hw_primary: select_devices: out_snd_device(2: speaker) in_snd_device(0: none)
08-05 03:37:40.458   512  2967 D msm8974_platform: platform_send_audio_calibration: sending audio calibration for snd_device(2) acdb_id(15)
08-05 03:37:40.459   512  2967 I soundtrigger: audio_extn_sound_trigger_update_device_status: device 0x2 of type 0 for Event 1
08-05 03:37:40.459  3363  3375 I art     : Starting a blocking GC Explicit
08-05 03:37:40.469   512  2967 D audio_hw_primary: enable_snd_device: snd_device(2: speaker)
08-05 03:37:40.471   512  2967 D audio_hw_primary: enable_audio_route: apply and update mixer path: low-latency-playback speaker
08-05 03:37:40.479  3363  3375 I art     : Explicit concurrent mark sweep GC freed 300(66KB) AllocSpace objects, 0(0B) LOS objects, 40% free, 23MB/39MB, paused 280us total 19.822ms
08-05 03:37:40.487  3363  3375 I art     : Starting a blocking GC Explicit
08-05 03:37:40.505  3363  3375 I art     : Explicit concurrent mark sweep GC freed 239(15KB) AllocSpace objects, 0(0B) LOS objects, 40% free, 23MB/39MB, paused 354us total 17.904ms
08-05 03:37:40.510 13866 13866 I GoogleInputMethodServic: GoogleInputMethodService.onFinishInput():3138 
08-05 03:37:40.511 13866 13866 I GoogleInputMethodServic: GoogleInputMethodService.onStartInput():1808 
08-05 03:37:40.517   512  2967 D AudioFlinger: mixer(0xf4740000) throttle end: throttle time(12)
08-05 03:37:40.676   518   646 I ThermalEngine: ACTION: GPU - Setting GPU[0] to 450000000
08-05 03:37:40.728 29532 29532 W PathParser: Points are too far apart 4.030360828967057
08-05 03:37:40.729 29532 29532 W PathParser: Points are too far apart 4.030360538880159
08-05 03:37:40.744 29532 29532 W PathParser: Points are too far apart 4.030360828967057
08-05 03:37:40.745 29532 29532 W PathParser: Points are too far apart 4.030360538880159
08-05 03:37:40.761 29532 29532 W PathParser: Points are too far apart 4.030360828967057
08-05 03:37:40.761 29532 29532 W PathParser: Points are too far apart 4.030360538880159
08-05 03:37:40.778 29532 29532 W PathParser: Points are too far apart 4.030360828967057
08-05 03:37:40.779 29532 29532 W PathParser: Points are too far apart 4.030360538880159
08-05 03:37:40.789  3363  3471 I art     : Starting a blocking GC Explicit
08-05 03:37:40.795 29532 29532 W PathParser: Points are too far apart 4.030360828967057
08-05 03:37:40.795 29532 29532 W PathParser: Points are too far apart 4.030360538880159
08-05 03:37:40.812 29532 29532 W PathParser: Points are too far apart 4.030360828967057
08-05 03:37:40.812 29532 29532 W PathParser: Points are too far apart 4.030360538880159
08-05 03:37:40.820  3363  3471 I art     : Explicit concurrent mark sweep GC freed 1954(107KB) AllocSpace objects, 1(20KB) LOS objects, 40% free, 23MB/39MB, paused 247us total 29.869ms
08-05 03:37:40.828 29532 29532 W PathParser: Points are too far apart 4.030360828967057
08-05 03:37:40.828 29532 29532 W PathParser: Points are too far apart 4.030360538880159
08-05 03:37:40.831  3363  3471 I art     : Starting a blocking GC Explicit
08-05 03:37:40.855  3363  3471 I art     : Explicit concurrent mark sweep GC freed 33(1248B) AllocSpace objects, 0(0B) LOS objects, 40% free, 23MB/39MB, paused 242us total 23.992ms
08-05 03:37:40.866  3363  3471 I art     : Starting a blocking GC Explicit
08-05 03:37:40.890  3363  3471 I art     : Explicit concurrent mark sweep GC freed 7(224B) AllocSpace objects, 0(0B) LOS objects, 40% free, 23MB/39MB, paused 240us total 23.854ms
08-05 03:37:40.901  3363  3471 I art     : Starting a blocking GC Explicit
08-05 03:37:40.929  3363  3471 I art     : Explicit concurrent mark sweep GC freed 3(96B) AllocSpace objects, 0(0B) LOS objects, 40% free, 23MB/39MB, paused 259us total 27.384ms
08-05 03:37:40.941  3363  3471 I art     : Starting a blocking GC Explicit
08-05 03:37:40.966  3363  3471 I art     : Explicit concurrent mark sweep GC freed 5(192B) AllocSpace objects, 0(0B) LOS objects, 40% free, 23MB/39MB, paused 249us total 25.135ms
08-05 03:37:41.009   512  2967 D audio_hw_primary: disable_audio_route: reset and update mixer path: low-latency-playback speaker
08-05 03:37:41.010   512  2967 D audio_hw_primary: disable_snd_device: snd_device(2: speaker)
08-05 03:37:41.019   512  2967 I soundtrigger: audio_extn_sound_trigger_update_device_status: device 0x2 of type 0 for Event 0
08-05 03:37:41.203  3816  3816 D AndroidRuntime: >>>>>> START com.android.internal.os.RuntimeInit uid 2000 <<<<<<
08-05 03:37:41.210  3816  3816 D AndroidRuntime: CheckJNI is OFF
08-05 03:37:41.254  3816  3816 D ICU     : No timezone override file found: /data/misc/zoneinfo/current/icu/icu_tzdata.dat
08-05 03:37:41.275  3363  3471 I art     : Starting a blocking GC Explicit
08-05 03:37:41.300  3816  3816 I Radio-JNI: register_android_hardware_Radio DONE
08-05 03:37:41.305  3363  3471 I art     : Explicit concurrent mark sweep GC freed 1367(80KB) AllocSpace objects, 1(20KB) LOS objects, 40% free, 23MB/39MB, paused 261us total 29.353ms
08-05 03:37:41.318  3363  3471 I art     : Starting a blocking GC Explicit
08-05 03:37:41.332  3816  3816 D AndroidRuntime: Calling main entry com.android.commands.input.Input
08-05 03:37:41.334  3816  3816 I Input   : injectMotionEvent: MotionEvent { action=ACTION_DOWN, actionButton=0, id[0]=0, x[0]=256.0, y[0]=1589.0, toolType[0]=TOOL_TYPE_UNKNOWN, buttonState=0, metaState=0, flags=0x0, edgeFlags=0x0, pointerCount=1, historySize=0, eventTime=761877747, downTime=761877747, deviceId=0, source=0x1002 }
08-05 03:37:41.338  3816  3816 I Input   : injectMotionEvent: MotionEvent { action=ACTION_UP, actionButton=0, id[0]=0, x[0]=256.0, y[0]=1589.0, toolType[0]=TOOL_TYPE_UNKNOWN, buttonState=0, metaState=0, flags=0x0, edgeFlags=0x0, pointerCount=1, historySize=0, eventTime=761877747, downTime=761877747, deviceId=0, source=0x1002 }
08-05 03:37:41.341  3816  3816 D AndroidRuntime: Shutting down VM
08-05 03:37:41.343  3363  3471 I art     : Explicit concurrent mark sweep GC freed 28(880B) AllocSpace objects, 0(0B) LOS objects, 40% free, 23MB/39MB, paused 273us total 24.896ms
08-05 03:37:41.348  3363  3363 D UserPreferences: timeOfDay: []
08-05 03:37:41.349  3363  3363 D AutoUpdateManager: Restarting update alarm.
08-05 03:37:41.350   512  2967 D audio_hw_primary: out_set_parameters: enter: usecase(1: low-latency-playback) kvpairs: routing=2
08-05 03:37:41.351  3363  3363 D AutoUpdateManager: Automatic update was deactivated
08-05 03:37:41.355  3363  3471 I art     : Starting a blocking GC Explicit
08-05 03:37:41.364   512  2967 D audio_hw_primary: select_devices: out_snd_device(2: speaker) in_snd_device(0: none)
08-05 03:37:41.365   512  2967 D msm8974_platform: platform_send_audio_calibration: sending audio calibration for snd_device(2) acdb_id(15)
08-05 03:37:41.365   512  2967 I soundtrigger: audio_extn_sound_trigger_update_device_status: device 0x2 of type 0 for Event 1
08-05 03:37:41.371 13866 13866 I GoogleInputMethodServic: GoogleInputMethodService.onFinishInput():3138 
08-05 03:37:41.372 13866 13866 I GoogleInputMethodServic: GoogleInputMethodService.onStartInput():1808 
08-05 03:37:41.375   512  2967 D audio_hw_primary: enable_snd_device: snd_device(2: speaker)
08-05 03:37:41.378   512  2967 D audio_hw_primary: enable_audio_route: apply and update mixer path: low-latency-playback speaker
08-05 03:37:41.383  3363  3471 I art     : Explicit concurrent mark sweep GC freed 302(26KB) AllocSpace objects, 1(20KB) LOS objects, 40% free, 23MB/39MB, paused 329us total 28.184ms
08-05 03:37:41.389 27088 27088 W Atfwd_Sendcmd: AtCmdFwd service not published, waiting... retryCnt : 5
08-05 03:37:41.395 29532 29532 W PathParser: Points are too far apart 4.030360828967057
08-05 03:37:41.395 29532 29532 W PathParser: Points are too far apart 4.030360538880159
08-05 03:37:41.395  3363  3471 I art     : Starting a blocking GC Explicit
08-05 03:37:41.411 29532 29532 W PathParser: Points are too far apart 4.030360828967057
08-05 03:37:41.411 29532 29532 W PathParser: Points are too far apart 4.030360538880159
08-05 03:37:41.422  3363  3471 I art     : Explicit concurrent mark sweep GC freed 149(6KB) AllocSpace objects, 0(0B) LOS objects, 40% free, 23MB/39MB, paused 259us total 26.147ms
08-05 03:37:41.423   512  2967 D AudioFlinger: mixer(0xf4740000) throttle end: throttle time(12)
08-05 03:37:41.428 29532 29532 W PathParser: Points are too far apart 4.030360828967057
08-05 03:37:41.428 29532 29532 W PathParser: Points are too far apart 4.030360538880159
08-05 03:37:41.432  3363  3471 I art     : Starting a blocking GC Explicit
08-05 03:37:41.445 29532 29532 W PathParser: Points are too far apart 4.030360828967057
08-05 03:37:41.445 29532 29532 W PathParser: Points are too far apart 4.030360538880159
08-05 03:37:41.458  3363  3471 I art     : Explicit concurrent mark sweep GC freed 101(3KB) AllocSpace objects, 0(0B) LOS objects, 40% free, 23MB/39MB, paused 271us total 25.135ms
08-05 03:37:41.461 29532 29532 W PathParser: Points are too far apart 4.030360828967057
08-05 03:37:41.461 29532 29532 W PathParser: Points are too far apart 4.030360538880159
08-05 03:37:41.478 29532 29532 W PathParser: Points are too far apart 4.030360828967057
08-05 03:37:41.478 29532 29532 W PathParser: Points are too far apart 4.030360538880159
08-05 03:37:41.494 29532 29532 W PathParser: Points are too far apart 4.030360828967057
08-05 03:37:41.495 29532 29532 W PathParser: Points are too far apart 4.030360538880159
08-05 03:37:41.511 29532 29532 W PathParser: Points are too far apart 4.030360828967057
08-05 03:37:41.511 29532 29532 W PathParser: Points are too far apart 4.030360538880159
08-05 03:37:41.561   380   380 W SurfaceFlinger: couldn't log to binary event log: overflow.
08-05 03:37:41.719  3363  3375 I art     : Starting a blocking GC Explicit
08-05 03:37:41.745  3363  3375 I art     : Explicit concurrent mark sweep GC freed 1730(91KB) AllocSpace objects, 1(20KB) LOS objects, 40% free, 23MB/39MB, paused 258us total 25.590ms
08-05 03:37:41.756  3363  3375 I art     : Starting a blocking GC Explicit
08-05 03:37:41.781  3363  3375 I art     : Explicit concurrent mark sweep GC freed 23(752B) AllocSpace objects, 0(0B) LOS objects, 40% free, 23MB/39MB, paused 249us total 24.640ms
08-05 03:37:41.791  3363  3375 I art     : Starting a blocking GC Explicit
08-05 03:37:41.817  3363  3375 I art     : Explicit concurrent mark sweep GC freed 3(96B) AllocSpace objects, 0(0B) LOS objects, 40% free, 23MB/39MB, paused 315us total 25.252ms
08-05 03:37:41.828  3363  3375 I art     : Starting a blocking GC Explicit
08-05 03:37:41.853  3363  3375 I art     : Explicit concurrent mark sweep GC freed 3(96B) AllocSpace objects, 0(0B) LOS objects, 40% free, 23MB/39MB, paused 247us total 25.260ms
08-05 03:37:41.864  3363  3375 I art     : Starting a blocking GC Explicit
08-05 03:37:41.889  3363  3375 I art     : Explicit concurrent mark sweep GC freed 3(96B) AllocSpace objects, 0(0B) LOS objects, 40% free, 23MB/39MB, paused 249us total 25.255ms
08-05 03:37:41.920   512  2967 D audio_hw_primary: disable_audio_route: reset and update mixer path: low-latency-playback speaker
08-05 03:37:41.920   512  2967 D audio_hw_primary: disable_snd_device: snd_device(2: speaker)
08-05 03:37:41.929   512  2967 I soundtrigger: audio_extn_sound_trigger_update_device_status: device 0x2 of type 0 for Event 0
08-05 03:37:42.107  3846  3846 D AndroidRuntime: >>>>>> START com.android.internal.os.RuntimeInit uid 2000 <<<<<<
08-05 03:37:42.113  3846  3846 D AndroidRuntime: CheckJNI is OFF
08-05 03:37:42.156  3846  3846 D ICU     : No timezone override file found: /data/misc/zoneinfo/current/icu/icu_tzdata.dat
08-05 03:37:42.171  3363  3376 I art     : Starting a blocking GC Explicit
08-05 03:37:42.197  3363  3376 I art     : Explicit concurrent mark sweep GC freed 1467(85KB) AllocSpace objects, 1(20KB) LOS objects, 40% free, 23MB/39MB, paused 276us total 26.056ms
08-05 03:37:42.199  3846  3846 I Radio-JNI: register_android_hardware_Radio DONE
08-05 03:37:42.209  3363  3376 I art     : Starting a blocking GC Explicit
08-05 03:37:42.229  3846  3846 D AndroidRuntime: Calling main entry com.android.commands.input.Input
08-05 03:37:42.231  3846  3846 I Input   : injectKeyEvent: KeyEvent { action=ACTION_DOWN, keyCode=KEYCODE_BACK, scanCode=0, metaState=0, flags=0x0, repeatCount=0, eventTime=761878644, downTime=761878644, deviceId=-1, source=0x101 }
08-05 03:37:42.232  3363  3376 I art     : Explicit concurrent mark sweep GC freed 889(56KB) AllocSpace objects, 1(48KB) LOS objects, 40% free, 23MB/39MB, paused 264us total 23.679ms
08-05 03:37:42.236  3846  3846 I Input   : injectKeyEvent: KeyEvent { action=ACTION_UP, keyCode=KEYCODE_BACK, scanCode=0, metaState=0, flags=0x0, repeatCount=0, eventTime=761878644, downTime=761878644, deviceId=-1, source=0x101 }
08-05 03:37:42.243  3363  3376 I art     : Starting a blocking GC Explicit
08-05 03:37:42.248  3846  3846 D AndroidRuntime: Shutting down VM
08-05 03:37:42.271  3363  3376 I art     : Explicit concurrent mark sweep GC freed 828(37KB) AllocSpace objects, 0(0B) LOS objects, 40% free, 23MB/39MB, paused 802us total 28.125ms
08-05 03:37:42.282  3363  3376 I art     : Starting a blocking GC Explicit
08-05 03:37:42.310  3363  3376 I art     : Explicit concurrent mark sweep GC freed 4990(314KB) AllocSpace objects, 0(0B) LOS objects, 40% free, 23MB/39MB, paused 631us total 27.793ms
08-05 03:37:42.321  3363  3376 I art     : Starting a blocking GC Explicit
08-05 03:37:42.329 13866 13866 I GoogleInputMethodServic: GoogleInputMethodService.onFinishInput():3138 
08-05 03:37:42.330 13866 13866 I GoogleInputMethodServic: GoogleInputMethodService.onStartInput():1808 
08-05 03:37:42.347  3363  3376 I art     : Explicit concurrent mark sweep GC freed 3882(239KB) AllocSpace objects, 0(0B) LOS objects, 40% free, 23MB/39MB, paused 381us total 25.931ms
08-05 03:37:42.631  3363  3471 I art     : Starting a blocking GC Explicit
08-05 03:37:42.664  3363  3471 I art     : Explicit concurrent mark sweep GC freed 1401(81KB) AllocSpace objects, 1(20KB) LOS objects, 40% free, 23MB/39MB, paused 287us total 32.291ms
08-05 03:37:42.679  3363  3471 I art     : Starting a blocking GC Explicit
08-05 03:37:42.703  3363  3471 I art     : Explicit concurrent mark sweep GC freed 23(752B) AllocSpace objects, 0(0B) LOS objects, 40% free, 23MB/39MB, paused 258us total 23.991ms
08-05 03:37:42.714  3363  3471 I art     : Starting a blocking GC Explicit
08-05 03:37:42.738  3363  3471 I art     : Explicit concurrent mark sweep GC freed 3(96B) AllocSpace objects, 0(0B) LOS objects, 40% free, 23MB/39MB, paused 275us total 23.484ms
08-05 03:37:42.748  3363  3471 I art     : Starting a blocking GC Explicit
08-05 03:37:42.773  3363  3471 I art     : Explicit concurrent mark sweep GC freed 3(96B) AllocSpace objects, 0(0B) LOS objects, 40% free, 23MB/39MB, paused 263us total 24.103ms
08-05 03:37:42.783  3363  3471 I art     : Starting a blocking GC Explicit
08-05 03:37:42.808  3363  3471 I art     : Explicit concurrent mark sweep GC freed 3(96B) AllocSpace objects, 0(0B) LOS objects, 40% free, 23MB/39MB, paused 254us total 24.346ms
08-05 03:37:43.090  3363  3375 I art     : Starting a blocking GC Explicit
08-05 03:37:43.122  3363  3375 I art     : Explicit concurrent mark sweep GC freed 1365(80KB) AllocSpace objects, 1(20KB) LOS objects, 40% free, 23MB/39MB, paused 271us total 31.275ms
08-05 03:37:43.135  3363  3375 I art     : Starting a blocking GC Explicit
08-05 03:37:43.160  3363  3375 I art     : Explicit concurrent mark sweep GC freed 23(752B) AllocSpace objects, 0(0B) LOS objects, 40% free, 23MB/39MB, paused 253us total 24.810ms
08-05 03:37:43.171  3363  3375 I art     : Starting a blocking GC Explicit
08-05 03:37:43.195  3363  3375 I art     : Explicit concurrent mark sweep GC freed 3(96B) AllocSpace objects, 0(0B) LOS objects, 40% free, 23MB/39MB, paused 250us total 23.853ms
08-05 03:37:43.205  3363  3375 I art     : Starting a blocking GC Explicit
08-05 03:37:43.230  3363  3375 I art     : Explicit concurrent mark sweep GC freed 3(96B) AllocSpace objects, 0(0B) LOS objects, 40% free, 23MB/39MB, paused 252us total 23.992ms
08-05 03:37:43.241  3363  3375 I art     : Starting a blocking GC Explicit
08-05 03:37:43.265  3363  3375 I art     : Explicit concurrent mark sweep GC freed 3(96B) AllocSpace objects, 0(0B) LOS objects, 40% free, 23MB/39MB, paused 248us total 24.472ms
08-05 03:37:43.551  3363  3376 I art     : Starting a blocking GC Explicit
08-05 03:37:43.575  3363  3376 I art     : Explicit concurrent mark sweep GC freed 1390(80KB) AllocSpace objects, 1(20KB) LOS objects, 40% free, 23MB/39MB, paused 255us total 23.612ms
08-05 03:37:43.586  3363  3376 I art     : Starting a blocking GC Explicit
08-05 03:37:43.610  3363  3376 I art     : Explicit concurrent mark sweep GC freed 23(752B) AllocSpace objects, 0(0B) LOS objects, 40% free, 23MB/39MB, paused 259us total 23.319ms
08-05 03:37:43.620  3363  3376 I art     : Starting a blocking GC Explicit
08-05 03:37:43.643  3363  3376 I art     : Explicit concurrent mark sweep GC freed 3(96B) AllocSpace objects, 0(0B) LOS objects, 40% free, 23MB/39MB, paused 256us total 22.969ms
08-05 03:37:43.654  3363  3376 I art     : Starting a blocking GC Explicit
08-05 03:37:43.677  3363  3376 I art     : Explicit concurrent mark sweep GC freed 3(96B) AllocSpace objects, 0(0B) LOS objects, 40% free, 23MB/39MB, paused 254us total 23.249ms
08-05 03:37:43.688  3363  3376 I art     : Starting a blocking GC Explicit
08-05 03:37:43.712  3363  3376 I art     : Explicit concurrent mark sweep GC freed 3(96B) AllocSpace objects, 0(0B) LOS objects, 40% free, 23MB/39MB, paused 248us total 23.572ms
08-05 03:37:44.001  3363  3471 I art     : Starting a blocking GC Explicit
08-05 03:37:44.026  3915  3915 D AndroidRuntime: >>>>>> START com.android.internal.os.RuntimeInit uid 2000 <<<<<<
08-05 03:37:44.027  3363  3471 I art     : Explicit concurrent mark sweep GC freed 1783(94KB) AllocSpace objects, 1(20KB) LOS objects, 40% free, 23MB/39MB, paused 329us total 26.197ms
08-05 03:37:44.032  3915  3915 D AndroidRuntime: CheckJNI is OFF
08-05 03:37:44.037  3363  3471 I art     : Starting a blocking GC Explicit
08-05 03:37:44.059  3363  3471 I art     : Explicit concurrent mark sweep GC freed 119(3KB) AllocSpace objects, 0(0B) LOS objects, 40% free, 23MB/39MB, paused 260us total 21.199ms
08-05 03:37:44.069  3363  3471 I art     : Starting a blocking GC Explicit
08-05 03:37:44.075  3915  3915 D ICU     : No timezone override file found: /data/misc/zoneinfo/current/icu/icu_tzdata.dat
08-05 03:37:44.092  3363  3471 I art     : Explicit concurrent mark sweep GC freed 100(3KB) AllocSpace objects, 0(0B) LOS objects, 40% free, 23MB/39MB, paused 246us total 23.246ms
08-05 03:37:44.103  3363  3471 I art     : Starting a blocking GC Explicit
08-05 03:37:44.121  3915  3915 I Radio-JNI: register_android_hardware_Radio DONE
08-05 03:37:44.126  3363  3471 I art     : Explicit concurrent mark sweep GC freed 96(3KB) AllocSpace objects, 0(0B) LOS objects, 40% free, 23MB/39MB, paused 272us total 22.975ms
08-05 03:37:44.136  3363  3471 I art     : Starting a blocking GC Explicit
08-05 03:37:44.150  3915  3915 D AndroidRuntime: Calling main entry com.android.commands.input.Input
08-05 03:37:44.151  3915  3915 I Input   : injectKeyEvent: KeyEvent { action=ACTION_DOWN, keyCode=KEYCODE_BACK, scanCode=0, metaState=0, flags=0x0, repeatCount=0, eventTime=761880564, downTime=761880564, deviceId=-1, source=0x101 }
08-05 03:37:44.158  3915  3915 I Input   : injectKeyEvent: KeyEvent { action=ACTION_UP, keyCode=KEYCODE_BACK, scanCode=0, metaState=0, flags=0x0, repeatCount=0, eventTime=761880564, downTime=761880564, deviceId=-1, source=0x101 }
08-05 03:37:44.159  3363  3471 I art     : Explicit concurrent mark sweep GC freed 66(2384B) AllocSpace objects, 0(0B) LOS objects, 40% free, 23MB/39MB, paused 300us total 22.784ms
08-05 03:37:44.165  3915  3915 D AndroidRuntime: Shutting down VM
08-05 03:37:44.181   918   937 W ProcessCpuTracker: Skipping unknown process pid 3930
08-05 03:37:44.182   918   937 W ProcessCpuTracker: Skipping unknown process pid 3932
08-05 03:37:44.182   918   937 W ProcessCpuTracker: Skipping unknown process pid 3933
08-05 03:37:44.183  3363  3363 D QueueFragment: loadItems()
08-05 03:37:44.183  3363  3383 D DBReader: getQueue() called
08-05 03:37:44.183  3363  3363 V PlaybackController: initServiceNotRunning()
08-05 03:37:44.183  3363  3383 D DBReader: getQueue()
08-05 03:37:44.183  3363  3363 D ExternalPlayerFragment: Loading media info
08-05 03:37:44.184  3363  3383 D DBReader: getFavoriteIDList() called
08-05 03:37:44.185  3363  3363 D UserPreferences: Using default data folder
08-05 03:37:44.185  3363  3383 D DBReader: getQueueIDList() called
08-05 03:37:44.186  3363  3383 D DBReader: Extracting Feedlist
08-05 03:37:44.189  3363  3959 D DBReader: getNavDrawerData() called with: 
08-05 03:37:44.191  3363  3959 D DBReader: getDownloadedItems() called
08-05 03:37:44.192  3363  3959 D DBReader: getFavoriteIDList() called
08-05 03:37:44.193  3363  3959 D DBReader: getQueueIDList() called
08-05 03:37:44.193  3363  3959 D DBReader: Extracting Feedlist
08-05 03:37:44.236  3363  3363 D MainActivity: getLastNavFragment() -> QueueFragment
08-05 03:37:44.270 13866 13866 I GoogleInputMethodServic: GoogleInputMethodService.onFinishInput():3138 
08-05 03:37:44.271 13866 13866 I GoogleInputMethodServic: GoogleInputMethodService.onStartInput():1808 
08-05 03:37:44.428  3363  3471 I art     : Starting a blocking GC Explicit
08-05 03:37:44.459  3363  3471 I art     : Explicit concurrent mark sweep GC freed 3101(187KB) AllocSpace objects, 1(20KB) LOS objects, 40% free, 23MB/39MB, paused 371us total 31.415ms
08-05 03:37:44.471  3363  3471 I art     : Starting a blocking GC Explicit
08-05 03:37:44.498  3363  3471 I art     : Explicit concurrent mark sweep GC freed 1478(93KB) AllocSpace objects, 0(0B) LOS objects, 40% free, 23MB/39MB, paused 289us total 26.831ms
08-05 03:37:44.512  3363  3471 I art     : Starting a blocking GC Explicit
08-05 03:37:44.531   380   380 W SurfaceFlinger: couldn't log to binary event log: overflow.
08-05 03:37:44.536  3363  3471 I art     : Explicit concurrent mark sweep GC freed 433(18KB) AllocSpace objects, 0(0B) LOS objects, 40% free, 23MB/39MB, paused 401us total 23.016ms
08-05 03:37:44.550  3363  3471 I art     : Starting a blocking GC Explicit
08-05 03:37:44.573  3363  3471 I art     : Explicit concurrent mark sweep GC freed 113(4KB) AllocSpace objects, 0(0B) LOS objects, 40% free, 23MB/39MB, paused 292us total 22.858ms
08-05 03:37:44.583  3363  3471 I art     : Starting a blocking GC Explicit
08-05 03:37:44.604  3363  3471 I art     : Explicit concurrent mark sweep GC freed 6228(389KB) AllocSpace objects, 11(308KB) LOS objects, 40% free, 22MB/38MB, paused 290us total 20.752ms
08-05 03:37:44.897  3363  3375 I art     : Starting a blocking GC Explicit
08-05 03:37:44.925  3363  3375 I art     : Explicit concurrent mark sweep GC freed 1367(82KB) AllocSpace objects, 1(20KB) LOS objects, 40% free, 22MB/38MB, paused 328us total 27.685ms
08-05 03:37:44.938  3363  3375 I art     : Starting a blocking GC Explicit
08-05 03:37:44.961  3363  3375 I art     : Explicit concurrent mark sweep GC freed 23(752B) AllocSpace objects, 0(0B) LOS objects, 40% free, 22MB/38MB, paused 291us total 22.625ms
08-05 03:37:44.971  3363  3375 I art     : Starting a blocking GC Explicit
08-05 03:37:44.993  3363  3375 I art     : Explicit concurrent mark sweep GC freed 3(96B) AllocSpace objects, 0(0B) LOS objects, 40% free, 22MB/38MB, paused 293us total 21.607ms
08-05 03:37:45.003  3363  3375 I art     : Starting a blocking GC Explicit
08-05 03:37:45.025  3363  3375 I art     : Explicit concurrent mark sweep GC freed 3(96B) AllocSpace objects, 0(0B) LOS objects, 40% free, 22MB/38MB, paused 288us total 21.346ms
08-05 03:37:45.035  3363  3375 I art     : Starting a blocking GC Explicit
08-05 03:37:45.057  3363  3375 I art     : Explicit concurrent mark sweep GC freed 3(96B) AllocSpace objects, 0(0B) LOS objects, 40% free, 22MB/38MB, paused 378us total 21.792ms
08-05 03:37:45.359  3363  3376 I art     : Starting a blocking GC Explicit
08-05 03:37:45.386  3363  3376 I art     : Explicit concurrent mark sweep GC freed 1365(82KB) AllocSpace objects, 1(20KB) LOS objects, 40% free, 22MB/38MB, paused 334us total 25.946ms
08-05 03:37:45.400  3363  3376 I art     : Starting a blocking GC Explicit
08-05 03:37:45.420  3363  3376 I art     : Explicit concurrent mark sweep GC freed 23(752B) AllocSpace objects, 0(0B) LOS objects, 40% free, 22MB/38MB, paused 362us total 20.616ms
08-05 03:37:45.431  3363  3376 I art     : Starting a blocking GC Explicit
08-05 03:37:45.451  3363  3376 I art     : Explicit concurrent mark sweep GC freed 34(928B) AllocSpace objects, 0(0B) LOS objects, 40% free, 22MB/38MB, paused 381us total 19.879ms
08-05 03:37:45.461  3363  3376 I art     : Starting a blocking GC Explicit
08-05 03:37:45.478   918  3188 I hubconnection: sensorhub said: 'set_bias 3: -5.9040, 0.0000, 0.0000'
08-05 03:37:45.482  3363  3376 I art     : Explicit concurrent mark sweep GC freed 3(96B) AllocSpace objects, 0(0B) LOS objects, 40% free, 22MB/38MB, paused 307us total 20.114ms
08-05 03:37:45.492  3363  3376 I art     : Starting a blocking GC Explicit
08-05 03:37:45.512  3363  3376 I art     : Explicit concurrent mark sweep GC freed 3(96B) AllocSpace objects, 0(0B) LOS objects, 40% free, 22MB/38MB, paused 318us total 20.417ms
08-05 03:37:45.683   518   646 I ThermalEngine: ACTION: GPU - Setting GPU[0] to 510000000
08-05 03:37:45.795  3363  3471 I art     : Starting a blocking GC Explicit
08-05 03:37:45.813  3363  3471 I art     : Explicit concurrent mark sweep GC freed 1364(80KB) AllocSpace objects, 1(20KB) LOS objects, 40% free, 22MB/38MB, paused 240us total 17.301ms
08-05 03:37:45.821  3363  3471 I art     : Starting a blocking GC Explicit
08-05 03:37:45.838  3363  3471 I art     : Explicit concurrent mark sweep GC freed 23(752B) AllocSpace objects, 0(0B) LOS objects, 40% free, 22MB/38MB, paused 242us total 16.902ms
08-05 03:37:45.846  3363  3471 I art     : Starting a blocking GC Explicit
08-05 03:37:45.863  3363  3471 I art     : Explicit concurrent mark sweep GC freed 3(96B) AllocSpace objects, 0(0B) LOS objects, 40% free, 22MB/38MB, paused 233us total 16.699ms
08-05 03:37:45.871  3363  3471 I art     : Starting a blocking GC Explicit
08-05 03:37:45.887  3363  3471 I art     : Explicit concurrent mark sweep GC freed 3(96B) AllocSpace objects, 0(0B) LOS objects, 40% free, 22MB/38MB, paused 243us total 16.436ms
08-05 03:37:45.890  3994  3994 D AndroidRuntime: >>>>>> START com.android.internal.os.RuntimeInit uid 2000 <<<<<<
08-05 03:37:45.895  3994  3994 D AndroidRuntime: CheckJNI is OFF
08-05 03:37:45.895  3363  3471 I art     : Starting a blocking GC Explicit
08-05 03:37:45.912  3363  3471 I art     : Explicit concurrent mark sweep GC freed 3(96B) AllocSpace objects, 0(0B) LOS objects, 40% free, 22MB/38MB, paused 300us total 16.698ms
08-05 03:37:45.931  3994  3994 D ICU     : No timezone override file found: /data/misc/zoneinfo/current/icu/icu_tzdata.dat
08-05 03:37:45.963  3994  3994 I Radio-JNI: register_android_hardware_Radio DONE
08-05 03:37:45.985  3994  3994 D AndroidRuntime: Calling main entry com.android.commands.input.Input
08-05 03:37:45.987  3994  3994 I Input   : injectMotionEvent: MotionEvent { action=ACTION_DOWN, actionButton=0, id[0]=0, x[0]=103.0, y[0]=192.0, toolType[0]=TOOL_TYPE_UNKNOWN, buttonState=0, metaState=0, flags=0x0, edgeFlags=0x0, pointerCount=1, historySize=0, eventTime=761882399, downTime=761882399, deviceId=0, source=0x1002 }
08-05 03:37:45.992  3994  3994 I Input   : injectMotionEvent: MotionEvent { action=ACTION_UP, actionButton=0, id[0]=0, x[0]=103.0, y[0]=192.0, toolType[0]=TOOL_TYPE_UNKNOWN, buttonState=0, metaState=0, flags=0x0, edgeFlags=0x0, pointerCount=1, historySize=0, eventTime=761882399, downTime=761882399, deviceId=0, source=0x1002 }
08-05 03:37:45.994  3994  3994 D AndroidRuntime: Shutting down VM
08-05 03:37:46.003   512  2967 D audio_hw_primary: out_set_parameters: enter: usecase(1: low-latency-playback) kvpairs: routing=2
08-05 03:37:46.016   512  2967 D audio_hw_primary: select_devices: out_snd_device(2: speaker) in_snd_device(0: none)
08-05 03:37:46.016   512  2967 D msm8974_platform: platform_send_audio_calibration: sending audio calibration for snd_device(2) acdb_id(15)
08-05 03:37:46.016   512  2967 I soundtrigger: audio_extn_sound_trigger_update_device_status: device 0x2 of type 0 for Event 1
08-05 03:37:46.032   512  2967 D audio_hw_primary: enable_snd_device: snd_device(2: speaker)
08-05 03:37:46.034   512  2967 D audio_hw_primary: enable_audio_route: apply and update mixer path: low-latency-playback speaker
08-05 03:37:46.041 13866 13866 I GoogleInputMethodServic: GoogleInputMethodService.onFinishInput():3138 
08-05 03:37:46.042 13866 13866 I GoogleInputMethodServic: GoogleInputMethodService.onStartInput():1808 
08-05 03:37:46.151  3363  3375 I art     : Starting a blocking GC Explicit
08-05 03:37:46.171  3363  3375 I art     : Explicit concurrent mark sweep GC freed 1856(104KB) AllocSpace objects, 1(20KB) LOS objects, 40% free, 22MB/38MB, paused 289us total 20.025ms
08-05 03:37:46.182  3363  3375 I art     : Starting a blocking GC Explicit
08-05 03:37:46.198  3363  3375 I art     : Explicit concurrent mark sweep GC freed 84(5KB) AllocSpace objects, 0(0B) LOS objects, 40% free, 22MB/38MB, paused 225us total 15.907ms
08-05 03:37:46.206  3363  3375 I art     : Starting a blocking GC Explicit
08-05 03:37:46.222  3363  3375 I art     : Explicit concurrent mark sweep GC freed 3(96B) AllocSpace objects, 0(0B) LOS objects, 40% free, 22MB/38MB, paused 203us total 15.503ms
08-05 03:37:46.230  3363  3375 I art     : Starting a blocking GC Explicit
08-05 03:37:46.246  3363  3375 I art     : Explicit concurrent mark sweep GC freed 5(160B) AllocSpace objects, 0(0B) LOS objects, 40% free, 22MB/38MB, paused 213us total 15.443ms
08-05 03:37:46.253  3363  3375 I art     : Starting a blocking GC Explicit
08-05 03:37:46.269  3363  3375 I art     : Explicit concurrent mark sweep GC freed 3(96B) AllocSpace objects, 0(0B) LOS objects, 40% free, 22MB/38MB, paused 202us total 15.674ms
08-05 03:37:46.525  3363  3375 I art     : Starting a blocking GC Explicit
08-05 03:37:46.542  3363  3375 I art     : Explicit concurrent mark sweep GC freed 1397(81KB) AllocSpace objects, 1(20KB) LOS objects, 40% free, 22MB/38MB, paused 225us total 17.179ms
08-05 03:37:46.550  3363  3375 I art     : Starting a blocking GC Explicit
08-05 03:37:46.567  3363  3375 I art     : Explicit concurrent mark sweep GC freed 31(1008B) AllocSpace objects, 0(0B) LOS objects, 40% free, 22MB/38MB, paused 212us total 16.958ms
08-05 03:37:46.575  3363  3375 I art     : Starting a blocking GC Explicit
08-05 03:37:46.578   512  2967 D audio_hw_primary: disable_audio_route: reset and update mixer path: low-latency-playback speaker
08-05 03:37:46.579   512  2967 D audio_hw_primary: disable_snd_device: snd_device(2: speaker)
08-05 03:37:46.588   512  2967 I soundtrigger: audio_extn_sound_trigger_update_device_status: device 0x2 of type 0 for Event 0
08-05 03:37:46.592  3363  3375 I art     : Explicit concurrent mark sweep GC freed 3(96B) AllocSpace objects, 0(0B) LOS objects, 40% free, 22MB/38MB, paused 217us total 16.512ms
08-05 03:37:46.600  3363  3375 I art     : Starting a blocking GC Explicit
08-05 03:37:46.616  3363  3375 I art     : Explicit concurrent mark sweep GC freed 3(96B) AllocSpace objects, 0(0B) LOS objects, 40% free, 22MB/38MB, paused 200us total 16.226ms
08-05 03:37:46.624  3363  3375 I art     : Starting a blocking GC Explicit
08-05 03:37:46.641  3363  3375 I art     : Explicit concurrent mark sweep GC freed 3(96B) AllocSpace objects, 0(0B) LOS objects, 40% free, 22MB/38MB, paused 226us total 16.376ms
08-05 03:37:46.921  3363  3376 I art     : Starting a blocking GC Explicit
08-05 03:37:46.946  3363  3376 I art     : Explicit concurrent mark sweep GC freed 1364(81KB) AllocSpace objects, 1(20KB) LOS objects, 40% free, 22MB/38MB, paused 279us total 24.104ms
08-05 03:37:46.963  3363  3376 I art     : Starting a blocking GC Explicit
08-05 03:37:46.982  3363  3376 I art     : Explicit concurrent mark sweep GC freed 25(816B) AllocSpace objects, 0(0B) LOS objects, 40% free, 22MB/38MB, paused 237us total 19.314ms
08-05 03:37:46.990  3363  3376 I art     : Starting a blocking GC Explicit
08-05 03:37:47.007  3363  3376 I art     : Explicit concurrent mark sweep GC freed 3(96B) AllocSpace objects, 0(0B) LOS objects, 40% free, 22MB/38MB, paused 232us total 16.865ms
08-05 03:37:47.015  3363  3376 I art     : Starting a blocking GC Explicit
08-05 03:37:47.033  3363  3376 I art     : Explicit concurrent mark sweep GC freed 3(96B) AllocSpace objects, 0(0B) LOS objects, 40% free, 22MB/38MB, paused 228us total 16.863ms
08-05 03:37:47.041  3363  3376 I art     : Starting a blocking GC Explicit
08-05 03:37:47.058  3363  3376 I art     : Explicit concurrent mark sweep GC freed 3(96B) AllocSpace objects, 0(0B) LOS objects, 40% free, 22MB/38MB, paused 242us total 16.742ms
08-05 03:37:47.319  3363  3471 I art     : Starting a blocking GC Explicit
08-05 03:37:47.337  3363  3471 I art     : Explicit concurrent mark sweep GC freed 1363(82KB) AllocSpace objects, 1(20KB) LOS objects, 40% free, 22MB/38MB, paused 245us total 17.111ms
08-05 03:37:47.345  3363  3471 I art     : Starting a blocking GC Explicit
08-05 03:37:47.362  3363  3471 I art     : Explicit concurrent mark sweep GC freed 23(752B) AllocSpace objects, 0(0B) LOS objects, 40% free, 22MB/38MB, paused 245us total 16.899ms
08-05 03:37:47.369  3363  3471 I art     : Starting a blocking GC Explicit
08-05 03:37:47.386  3363  3471 I art     : Explicit concurrent mark sweep GC freed 3(96B) AllocSpace objects, 0(0B) LOS objects, 40% free, 22MB/38MB, paused 233us total 16.210ms
08-05 03:37:47.394  3363  3471 I art     : Starting a blocking GC Explicit
08-05 03:37:47.410  3363  3471 I art     : Explicit concurrent mark sweep GC freed 3(96B) AllocSpace objects, 0(0B) LOS objects, 40% free, 22MB/38MB, paused 230us total 16.079ms
08-05 03:37:47.418  3363  3471 I art     : Starting a blocking GC Explicit
08-05 03:37:47.434  3363  3471 I art     : Explicit concurrent mark sweep GC freed 34(928B) AllocSpace objects, 0(0B) LOS objects, 40% free, 22MB/38MB, paused 229us total 16.195ms
08-05 03:37:47.643  4049  4049 D AndroidRuntime: >>>>>> START com.android.internal.os.RuntimeInit uid 2000 <<<<<<
08-05 03:37:47.648  4049  4049 D AndroidRuntime: CheckJNI is OFF
08-05 03:37:47.681  4049  4049 D ICU     : No timezone override file found: /data/misc/zoneinfo/current/icu/icu_tzdata.dat
08-05 03:37:47.700  3363  3376 I art     : Starting a blocking GC Explicit
08-05 03:37:47.714  4049  4049 I Radio-JNI: register_android_hardware_Radio DONE
08-05 03:37:47.717  3363  3376 I art     : Explicit concurrent mark sweep GC freed 1373(80KB) AllocSpace objects, 1(20KB) LOS objects, 40% free, 22MB/38MB, paused 295us total 16.874ms
08-05 03:37:47.725  3363  3376 I art     : Starting a blocking GC Explicit
08-05 03:37:47.731 17099 17099 I Finsky  : [1] xow.onStartJob(3): SCH: onJobSchedulerWakeup with jobId 9016
08-05 03:37:47.737  4049  4049 D AndroidRuntime: Calling main entry com.android.commands.input.Input
08-05 03:37:47.737 17099 17099 I Finsky  : [1] xjw.a(9): Scheduling fallback in 43199995 (absolute: 1788471607)
08-05 03:37:47.740  4049  4049 I Input   : injectMotionEvent: MotionEvent { action=ACTION_DOWN, actionButton=0, id[0]=0, x[0]=409.0, y[0]=1034.0, toolType[0]=TOOL_TYPE_UNKNOWN, buttonState=0, metaState=0, flags=0x0, edgeFlags=0x0, pointerCount=1, historySize=0, eventTime=761884152, downTime=761884152, deviceId=0, source=0x1002 }
08-05 03:37:47.741  3363  3376 I art     : Explicit concurrent mark sweep GC freed 26(848B) AllocSpace objects, 0(0B) LOS objects, 40% free, 22MB/38MB, paused 240us total 16.127ms
08-05 03:37:47.742 17099 17099 I Finsky  : [1] xjw.a(9): Scheduling fallback in 64799997 (absolute: 1810071613)
08-05 03:37:47.745  4049  4049 I Input   : injectMotionEvent: MotionEvent { action=ACTION_UP, actionButton=0, id[0]=0, x[0]=409.0, y[0]=1034.0, toolType[0]=TOOL_TYPE_UNKNOWN, buttonState=0, metaState=0, flags=0x0, edgeFlags=0x0, pointerCount=1, historySize=0, eventTime=761884152, downTime=761884152, deviceId=0, source=0x1002 }
08-05 03:37:47.746 17099 17099 I Finsky  : [1] xow.onStartJob(3): SCH: onJobSchedulerWakeup with jobId 9004
08-05 03:37:47.747  4049  4049 D AndroidRuntime: Shutting down VM
08-05 03:37:47.749  3363  3376 I art     : Starting a blocking GC Explicit
08-05 03:37:47.753 17099 17099 I Finsky  : [1] xjw.a(9): Scheduling fallback in 43199996 (absolute: 1788471622)
08-05 03:37:47.756 17099 17099 I Finsky  : [1] xjw.a(9): Scheduling fallback in 64799997 (absolute: 1810071628)
08-05 03:37:47.760 17099 17099 W Finsky  : [1] xow.onStartJob(9): SCH: onJobSchedulerWakeup while already running
08-05 03:37:47.767  3363  3376 I art     : Explicit concurrent mark sweep GC freed 28(864B) AllocSpace objects, 0(0B) LOS objects, 40% free, 22MB/38MB, paused 243us total 17.812ms
08-05 03:37:47.774  3363  3376 I art     : Starting a blocking GC Explicit
08-05 03:37:47.789  3363  3376 I art     : Explicit concurrent mark sweep GC freed 10(320B) AllocSpace objects, 0(0B) LOS objects, 40% free, 22MB/38MB, paused 216us total 14.789ms
08-05 03:37:47.797  3363  3376 I art     : Starting a blocking GC Explicit
08-05 03:37:47.812  3363  3376 I art     : Explicit concurrent mark sweep GC freed 8(256B) AllocSpace objects, 0(0B) LOS objects, 40% free, 22MB/38MB, paused 230us total 14.991ms
08-05 03:37:47.819  3363  3363 D MainActivity: loadFragment(index: 5, args: null)
08-05 03:37:47.819  3363  3363 D MainActivity: loadFragment(tag: AddFeedFragment, args: null)
08-05 03:37:47.820  3363  3363 D MainActivity: saveLastNavFragment(tag: AddFeedFragment)
08-05 03:37:47.820  3363  3363 D MainActivity: getLastNavFragment() -> AddFeedFragment
08-05 03:37:47.821   512  2967 D audio_hw_primary: out_set_parameters: enter: usecase(1: low-latency-playback) kvpairs: routing=2
08-05 03:37:47.833   512  2967 D audio_hw_primary: select_devices: out_snd_device(2: speaker) in_snd_device(0: none)
08-05 03:37:47.834   512  2967 D msm8974_platform: platform_send_audio_calibration: sending audio calibration for snd_device(2) acdb_id(15)
08-05 03:37:47.834   512  2967 I soundtrigger: audio_extn_sound_trigger_update_device_status: device 0x2 of type 0 for Event 1
08-05 03:37:47.842 17099 17099 I Finsky  : [1] xkf.handleMessage(8): SCH: DeviceState: DeviceState{currentTime=1596591467839, isCharging=false, isIdle=false, netAny=true, netNotRoaming=true, netUnmetered=true, batteryPercent=100.0}
08-05 03:37:47.844   512  2967 D audio_hw_primary: enable_snd_device: snd_device(2: speaker)
08-05 03:37:47.846   512  2967 D audio_hw_primary: enable_audio_route: apply and update mixer path: low-latency-playback speaker
08-05 03:37:47.847 17099  3326 I Finsky  : [6038] xmu.a(8): SCH: Jobs in database: 1-1337 3-201 3-202 12-1 24-77777777 26-1414141414 
08-05 03:37:47.851 17099 17099 I Finsky  : [1] xkg.a(16): SCH: Running job: 12-1
08-05 03:37:47.851 17099 17099 I Finsky  : [1] ContentSyncJob.a(16): [ContentSync] job started
08-05 03:37:47.852 17099 17099 I Finsky  : [1] xkf.handleMessage(61): SCH: RunningQueue size: 1, PendingQueue size: 0
08-05 03:37:47.854 17099 17099 I Finsky  : [1] xkf.handleMessage(64): SCH: Running queue: 12-1 
08-05 03:37:47.949 17099  3349 I Finsky  : [6043] dzn.a(22): Completed 0 account content syncs with 0 successful.
08-05 03:37:47.950 17099 17099 I Finsky  : [1] ContentSyncJob.a(1): [ContentSync] Installation state replication succeeded.
08-05 03:37:47.950 17099 17099 I Finsky  : [1] xlr.a(13): SCH: jobFinished: 12-1. TimeElapsed: 99ms.
08-05 03:37:47.951 17099 17099 I Finsky  : [1] xkg.a(36): SCH: Job 12-1 finished. Not rescheduling.
08-05 03:37:47.954 17099 17099 I Finsky  : [1] xkf.handleMessage(61): SCH: RunningQueue size: 0, PendingQueue size: 0
08-05 03:37:47.955 17099 17099 I Finsky  : [1] xkf.handleMessage(25): Executor finished
08-05 03:37:47.970 17099 17099 I Finsky  : [1] xmu.a(8): SCH: Jobs in database: 1-1337 3-201 3-202 24-77777777 26-1414141414 
08-05 03:37:47.973 17099 17099 I Finsky  : [1] xio.a(57): SCH: ConstraintMapping: 24-77777777,  -> L: 0ms, D: 63132547ms, C: false, I: true, N: 0
08-05 03:37:47.974 17099 17099 I Finsky  : [1] xio.a(57): SCH: ConstraintMapping: 1-1337,  -> L: 23284936ms, D: 66484936ms, C: false, I: false, N: 1
08-05 03:37:47.974 17099 17099 I Finsky  : [1] xio.a(57): SCH: ConstraintMapping: 3-201,  -> L: 0ms, D: 83226451ms, C: false, I: true, N: 2
08-05 03:37:47.974 17099 17099 I Finsky  : [1] xio.a(57): SCH: ConstraintMapping: 3-202,  -> L: 0ms, D: 83226515ms, C: true, I: true, N: 2
08-05 03:37:47.975 17099 17099 I Finsky  : [1] xio.a(57): SCH: ConstraintMapping: 26-1414141414,  -> L: 27922421ms, D: 28822421ms, C: false, I: false, N: 0
08-05 03:37:47.989 17099 17099 I Finsky  : [1] xle.a(34): Cancelling existing jobscheduler jobs: 9018 9001 9008 9019 9017 9006 9015 9014 
08-05 03:37:47.989 17099 17099 I Finsky  : [1] xle.a(10): Throttling wakeup for job 9000 (expected to run in 0 ms) due to recent wakeup
08-05 03:37:47.990 17099 17099 I Finsky  : [1] xle.a(27): Scheduling job Id: 9000, L: 30000, D: 63132547, C: false, I: true, N: 0
08-05 03:37:47.994 17099 17099 I Finsky  : [1] xle.a(27): Scheduling job Id: 9002, L: 23284936, D: 66484936, C: false, I: false, N: 1
08-05 03:37:47.995 17099 17099 I Finsky  : [1] xle.a(10): Throttling wakeup for job 9003 (expected to run in 0 ms) due to recent wakeup
08-05 03:37:47.996 17099 17099 I Finsky  : [1] xle.a(27): Scheduling job Id: 9003, L: 30000, D: 83226451, C: false, I: true, N: 2
08-05 03:37:47.997 17099 17099 I Finsky  : [1] xle.a(10): Throttling wakeup for job 9004 (expected to run in 0 ms) due to recent wakeup
08-05 03:37:47.997 17099 17099 I Finsky  : [1] xle.a(27): Scheduling job Id: 9004, L: 30000, D: 83226515, C: true, I: true, N: 2
08-05 03:37:47.999 17099 17099 I Finsky  : [1] xle.a(27): Scheduling job Id: 9005, L: 27922421, D: 28822421, C: false, I: false, N: 0
08-05 03:37:48.000 17099 17099 I Finsky  : [1] xle.a(10): Throttling wakeup for job 9007 (expected to run in 0 ms) due to recent wakeup
08-05 03:37:48.000 17099 17099 I Finsky  : [1] xle.a(27): Scheduling job Id: 9007, L: 30000, D: 63132547, C: false, I: true, N: 0
08-05 03:37:48.001 17099 17099 I Finsky  : [1] xle.a(27): Scheduling job Id: 9009, L: 23284936, D: 66484936, C: false, I: false, N: 1
08-05 03:37:48.004 17099 17099 I Finsky  : [1] xle.a(10): Throttling wakeup for job 9010 (expected to run in 0 ms) due to recent wakeup
08-05 03:37:48.004 17099 17099 I Finsky  : [1] xle.a(27): Scheduling job Id: 9010, L: 30000, D: 83226451, C: false, I: true, N: 2
08-05 03:37:48.005 17099 17099 I Finsky  : [1] xle.a(10): Throttling wakeup for job 9011 (expected to run in 0 ms) due to recent wakeup
08-05 03:37:48.006 17099 17099 I Finsky  : [1] xle.a(27): Scheduling job Id: 9011, L: 30000, D: 83226515, C: true, I: true, N: 2
08-05 03:37:48.007 17099 17099 I Finsky  : [1] xle.a(27): Scheduling job Id: 9012, L: 27922421, D: 28822421, C: false, I: false, N: 0
08-05 03:37:48.042  3363  3471 I art     : Starting a blocking GC Explicit
08-05 03:37:48.060  3363  3471 I art     : Explicit concurrent mark sweep GC freed 3454(207KB) AllocSpace objects, 2(40KB) LOS objects, 40% free, 23MB/38MB, paused 252us total 18.512ms
08-05 03:37:48.069  3363  3471 I art     : Starting a blocking GC Explicit
08-05 03:37:48.087  3363  3471 I art     : Explicit concurrent mark sweep GC freed 1370(83KB) AllocSpace objects, 2(56KB) LOS objects, 40% free, 22MB/38MB, paused 314us total 17.824ms
08-05 03:37:48.095  3363  3471 I art     : Starting a blocking GC Explicit
08-05 03:37:48.111  3363  3471 I art     : Explicit concurrent mark sweep GC freed 3(96B) AllocSpace objects, 0(0B) LOS objects, 40% free, 22MB/38MB, paused 218us total 16.621ms
08-05 03:37:48.120  3363  3471 I art     : Starting a blocking GC Explicit
08-05 03:37:48.137  3363  3471 I art     : Explicit concurrent mark sweep GC freed 3(96B) AllocSpace objects, 0(0B) LOS objects, 40% free, 22MB/38MB, paused 290us total 17.339ms
08-05 03:37:48.145  3363  3471 I art     : Starting a blocking GC Explicit
08-05 03:37:48.160  3363  3471 I art     : Explicit concurrent mark sweep GC freed 3(96B) AllocSpace objects, 0(0B) LOS objects, 40% free, 22MB/38MB, paused 236us total 15.544ms
08-05 03:37:48.257 13866 13866 I GoogleInputMethodServic: GoogleInputMethodService.onFinishInput():3138 
08-05 03:37:48.257 13866 13866 I GoogleInputMethodServic: GoogleInputMethodService.onStartInput():1808 
08-05 03:37:48.379   512  2967 D audio_hw_primary: disable_audio_route: reset and update mixer path: low-latency-playback speaker
08-05 03:37:48.380   512  2967 D audio_hw_primary: disable_snd_device: snd_device(2: speaker)
08-05 03:37:48.388   512  2967 I soundtrigger: audio_extn_sound_trigger_update_device_status: device 0x2 of type 0 for Event 0
08-05 03:37:48.445  3363  3376 I art     : Starting a blocking GC Explicit
08-05 03:37:48.460  3363  3376 I art     : Explicit concurrent mark sweep GC freed 1538(86KB) AllocSpace objects, 1(20KB) LOS objects, 40% free, 22MB/38MB, paused 238us total 14.853ms
08-05 03:37:48.468  3363  3376 I art     : Starting a blocking GC Explicit
08-05 03:37:48.482  3363  3376 I art     : Explicit concurrent mark sweep GC freed 117(6KB) AllocSpace objects, 0(0B) LOS objects, 40% free, 22MB/38MB, paused 213us total 14.324ms
08-05 03:37:48.489  3363  3376 I art     : Starting a blocking GC Explicit
08-05 03:37:48.504  3363  3376 I art     : Explicit concurrent mark sweep GC freed 3(96B) AllocSpace objects, 0(0B) LOS objects, 40% free, 22MB/38MB, paused 205us total 14.351ms
08-05 03:37:48.511  3363  3376 I art     : Starting a blocking GC Explicit
08-05 03:37:48.525  3363  3376 I art     : Explicit concurrent mark sweep GC freed 3(96B) AllocSpace objects, 0(0B) LOS objects, 40% free, 22MB/38MB, paused 199us total 14.056ms
08-05 03:37:48.533  3363  3376 I art     : Starting a blocking GC Explicit
08-05 03:37:48.547  3363  3376 I art     : Explicit concurrent mark sweep GC freed 3(96B) AllocSpace objects, 0(0B) LOS objects, 40% free, 22MB/38MB, paused 210us total 14.525ms
08-05 03:37:48.833  3363  3376 I art     : Starting a blocking GC Explicit
08-05 03:37:48.851  3363  3376 I art     : Explicit concurrent mark sweep GC freed 1363(80KB) AllocSpace objects, 1(20KB) LOS objects, 40% free, 22MB/38MB, paused 239us total 18.073ms
08-05 03:37:48.859  3363  3376 I art     : Starting a blocking GC Explicit
08-05 03:37:48.877  3363  3376 I art     : Explicit concurrent mark sweep GC freed 25(816B) AllocSpace objects, 0(0B) LOS objects, 40% free, 22MB/38MB, paused 250us total 17.719ms
08-05 03:37:48.886  3363  3376 I art     : Starting a blocking GC Explicit
08-05 03:37:48.903  3363  3376 I art     : Explicit concurrent mark sweep GC freed 3(96B) AllocSpace objects, 0(0B) LOS objects, 40% free, 22MB/38MB, paused 226us total 16.903ms
08-05 03:37:48.911  3363  3376 I art     : Starting a blocking GC Explicit
08-05 03:37:48.928  3363  3376 I art     : Explicit concurrent mark sweep GC freed 3(96B) AllocSpace objects, 0(0B) LOS objects, 40% free, 22MB/38MB, paused 233us total 16.921ms
08-05 03:37:48.936  3363  3376 I art     : Starting a blocking GC Explicit
08-05 03:37:48.954  3363  3376 I art     : Explicit concurrent mark sweep GC freed 3(96B) AllocSpace objects, 0(0B) LOS objects, 40% free, 22MB/38MB, paused 235us total 17.362ms
08-05 03:37:49.226  3363  3471 I art     : Starting a blocking GC Explicit
08-05 03:37:49.243  3363  3471 I art     : Explicit concurrent mark sweep GC freed 1362(80KB) AllocSpace objects, 1(20KB) LOS objects, 40% free, 22MB/38MB, paused 227us total 17.602ms
08-05 03:37:49.252  3363  3471 I art     : Starting a blocking GC Explicit
08-05 03:37:49.272  3363  3471 I art     : Explicit concurrent mark sweep GC freed 23(752B) AllocSpace objects, 0(0B) LOS objects, 40% free, 22MB/38MB, paused 235us total 20.144ms
08-05 03:37:49.280  3363  3471 I art     : Starting a blocking GC Explicit
08-05 03:37:49.297  3363  3471 I art     : Explicit concurrent mark sweep GC freed 3(96B) AllocSpace objects, 0(0B) LOS objects, 40% free, 22MB/38MB, paused 271us total 16.105ms
08-05 03:37:49.304  3363  3471 I art     : Starting a blocking GC Explicit
08-05 03:37:49.322  3363  3471 I art     : Explicit concurrent mark sweep GC freed 3(96B) AllocSpace objects, 0(0B) LOS objects, 40% free, 22MB/38MB, paused 233us total 17.035ms
08-05 03:37:49.329  3363  3471 I art     : Starting a blocking GC Explicit
08-05 03:37:49.346  3363  3471 I art     : Explicit concurrent mark sweep GC freed 3(96B) AllocSpace objects, 0(0B) LOS objects, 40% free, 22MB/38MB, paused 236us total 16.462ms
08-05 03:37:49.404  4113  4113 D AndroidRuntime: >>>>>> START com.android.internal.os.RuntimeInit uid 2000 <<<<<<
08-05 03:37:49.410  4113  4113 D AndroidRuntime: CheckJNI is OFF
08-05 03:37:49.448  4113  4113 D ICU     : No timezone override file found: /data/misc/zoneinfo/current/icu/icu_tzdata.dat
08-05 03:37:49.486  4113  4113 I Radio-JNI: register_android_hardware_Radio DONE
08-05 03:37:49.510  4113  4113 D AndroidRuntime: Calling main entry com.android.commands.input.Input
08-05 03:37:49.512  4113  4113 I Input   : injectMotionEvent: MotionEvent { action=ACTION_DOWN, actionButton=0, id[0]=0, x[0]=567.0, y[0]=714.0, toolType[0]=TOOL_TYPE_UNKNOWN, buttonState=0, metaState=0, flags=0x0, edgeFlags=0x0, pointerCount=1, historySize=0, eventTime=761885925, downTime=761885925, deviceId=0, source=0x1002 }
08-05 03:37:49.520  4113  4113 I Input   : injectMotionEvent: MotionEvent { action=ACTION_UP, actionButton=0, id[0]=0, x[0]=567.0, y[0]=714.0, toolType[0]=TOOL_TYPE_UNKNOWN, buttonState=0, metaState=0, flags=0x0, edgeFlags=0x0, pointerCount=1, historySize=0, eventTime=761885925, downTime=761885925, deviceId=0, source=0x1002 }
08-05 03:37:49.526  4113  4113 D AndroidRuntime: Shutting down VM
08-05 03:37:49.547   512  2967 D audio_hw_primary: out_set_parameters: enter: usecase(1: low-latency-playback) kvpairs: routing=2
08-05 03:37:49.560   512  2967 D audio_hw_primary: select_devices: out_snd_device(2: speaker) in_snd_device(0: none)
08-05 03:37:49.560   512  2967 D msm8974_platform: platform_send_audio_calibration: sending audio calibration for snd_device(2) acdb_id(15)
08-05 03:37:49.560   512  2967 I soundtrigger: audio_extn_sound_trigger_update_device_status: device 0x2 of type 0 for Event 1
08-05 03:37:49.564  3363  3383 D AntennapodHttpClient: Creating new instance of HTTP client
08-05 03:37:49.574 13866 13866 I GoogleInputMethodServic: GoogleInputMethodService.onFinishInput():3138 
08-05 03:37:49.574 13866 13866 I GoogleInputMethodServic: GoogleInputMethodService.onStartInput():1808 
08-05 03:37:49.582   512  2967 D audio_hw_primary: enable_snd_device: snd_device(2: speaker)
08-05 03:37:49.585   512  2967 D audio_hw_primary: enable_audio_route: apply and update mixer path: low-latency-playback speaker
08-05 03:37:49.635  3363  3471 I art     : Starting a blocking GC Explicit
08-05 03:37:49.655  3363  3471 I art     : Explicit concurrent mark sweep GC freed 4575(291KB) AllocSpace objects, 1(20KB) LOS objects, 40% free, 23MB/39MB, paused 363us total 19.832ms
08-05 03:37:49.663  3363  3471 I art     : Starting a blocking GC Explicit
08-05 03:37:49.679  3363  3471 I art     : Explicit concurrent mark sweep GC freed 1762(94KB) AllocSpace objects, 1(220KB) LOS objects, 40% free, 23MB/38MB, paused 272us total 16.070ms
08-05 03:37:49.686  3363  3471 I art     : Starting a blocking GC Explicit
08-05 03:37:49.702  3363  3471 I art     : Explicit concurrent mark sweep GC freed 12(400B) AllocSpace objects, 0(0B) LOS objects, 40% free, 23MB/38MB, paused 265us total 15.813ms
08-05 03:37:49.709  3363  3471 I art     : Starting a blocking GC Explicit
08-05 03:37:49.725  3363  3471 I art     : Explicit concurrent mark sweep GC freed 11(416B) AllocSpace objects, 0(0B) LOS objects, 40% free, 23MB/38MB, paused 260us total 15.750ms
08-05 03:37:49.733  3363  3471 I art     : Starting a blocking GC Explicit
08-05 03:37:49.749  3363  3471 I art     : Explicit concurrent mark sweep GC freed 13(464B) AllocSpace objects, 0(0B) LOS objects, 40% free, 23MB/38MB, paused 379us total 15.843ms
08-05 03:37:49.964  3363  3383 I NAPPA_EXPERIMENTATION: MetricNetworkRequestExecutionTime: REQUEST_DURATION_SYSTEM='383',REQUEST_DURATION_OKHTTP='158',REQUEST_SYNCHRONOUS='TRUE',RESPONSE_CODE='400',RESPONSE_METHOD='GET',RESPONSE_LENGTH_OKHTTP='0',RESPONSE_LENGTH_HEADER='0',REQUEST_PROTOCOL='h2',REQUEST_URL='https://itunes.apple.com/en/rss/toppodcasts/limit=25/explicit=true/json',
08-05 03:37:49.983  3363  3375 I art     : Starting a blocking GC Explicit
08-05 03:37:50.003  3363  3375 I art     : Explicit concurrent mark sweep GC freed 9111(487KB) AllocSpace objects, 4(220KB) LOS objects, 40% free, 23MB/39MB, paused 368us total 19.418ms
08-05 03:37:50.011  3363  3375 I art     : Starting a blocking GC Explicit
08-05 03:37:50.028  3363  3375 I art     : Explicit concurrent mark sweep GC freed 1044(119KB) AllocSpace objects, 0(0B) LOS objects, 40% free, 23MB/39MB, paused 327us total 17.355ms
08-05 03:37:50.036  3363  3375 I art     : Starting a blocking GC Explicit
08-05 03:37:50.054  3363  3375 I art     : Explicit concurrent mark sweep GC freed 10(352B) AllocSpace objects, 0(0B) LOS objects, 40% free, 23MB/39MB, paused 324us total 18.167ms
08-05 03:37:50.062  3363  3375 I art     : Starting a blocking GC Explicit
08-05 03:37:50.081  3363  3375 I art     : Explicit concurrent mark sweep GC freed 11(416B) AllocSpace objects, 0(0B) LOS objects, 40% free, 23MB/39MB, paused 334us total 18.315ms
08-05 03:37:50.089  3363  3375 I art     : Starting a blocking GC Explicit
08-05 03:37:50.107  3363  3375 I art     : Explicit concurrent mark sweep GC freed 13(480B) AllocSpace objects, 0(0B) LOS objects, 40% free, 23MB/39MB, paused 318us total 18.351ms
08-05 03:37:50.109  3363  3383 I NAPPA_EXPERIMENTATION: MetricNetworkRequestExecutionTime: REQUEST_DURATION_SYSTEM='144',REQUEST_DURATION_OKHTTP='142',REQUEST_SYNCHRONOUS='TRUE',RESPONSE_CODE='200',RESPONSE_METHOD='GET',RESPONSE_LENGTH_OKHTTP='-1',RESPONSE_LENGTH_HEADER='10075',REQUEST_PROTOCOL='h2',REQUEST_URL='https://itunes.apple.com/us/rss/toppodcasts/limit=25/explicit=true/json',
08-05 03:37:50.119   512  2967 D audio_hw_primary: disable_audio_route: reset and update mixer path: low-latency-playback speaker
08-05 03:37:50.121   512  2967 D audio_hw_primary: disable_snd_device: snd_device(2: speaker)
08-05 03:37:50.129   512  2967 I soundtrigger: audio_extn_sound_trigger_update_device_status: device 0x2 of type 0 for Event 0
08-05 03:37:50.179  3363  3363 D AntennapodHttpClient: Creating new instance of HTTP client
08-05 03:37:50.191  3363  4167 D ApOkHttpUrlLoader: buildLoadData() called with: model = [https://is4-ssl.mzstatic.com/image/thumb/Podcasts114/v4/3f/16/74/3f167426-bf50-ce3a-d709-e4301620fc5b/mza_5832671293059882550.jpeg/170x170bb.png], width = [224], height = [224]
08-05 03:37:50.195  3363  4168 D DBReader: getImageAuthentication() called with: imageUrl = [https://is4-ssl.mzstatic.com/image/thumb/Podcasts114/v4/3f/16/74/3f167426-bf50-ce3a-d709-e4301620fc5b/mza_5832671293059882550.jpeg/170x170bb.png]
08-05 03:37:50.196  3363  4169 D ApOkHttpUrlLoader: buildLoadData() called with: model = [https://is4-ssl.mzstatic.com/image/thumb/Podcasts113/v4/e5/8a/10/e58a108f-f5d0-f622-c94a-13f66edd570c/mza_3025981348644196724.jpg/170x170bb.png], width = [224], height = [224]
08-05 03:37:50.197  3363  4168 D ApOkHttpUrlLoader: no credentials for 'https://is4-ssl.mzstatic.com/image/thumb/Podcasts114/v4/3f/16/74/3f167426-bf50-ce3a-d709-e4301620fc5b/mza_5832671293059882550.jpeg/170x170bb.png'
08-05 03:37:50.197  3363  4170 D DBReader: getImageAuthentication() called with: imageUrl = [https://is4-ssl.mzstatic.com/image/thumb/Podcasts113/v4/e5/8a/10/e58a108f-f5d0-f622-c94a-13f66edd570c/mza_3025981348644196724.jpg/170x170bb.png]
08-05 03:37:50.199  3363  4170 D ApOkHttpUrlLoader: no credentials for 'https://is4-ssl.mzstatic.com/image/thumb/Podcasts113/v4/e5/8a/10/e58a108f-f5d0-f622-c94a-13f66edd570c/mza_3025981348644196724.jpg/170x170bb.png'
08-05 03:37:50.199  3363  4171 D ApOkHttpUrlLoader: buildLoadData() called with: model = [https://is2-ssl.mzstatic.com/image/thumb/Podcasts113/v4/a9/39/cc/a939ccc5-6d60-0c11-0a4c-16d71cdef89b/mza_8787577209688278658.jpg/170x170bb.png], width = [224], height = [224]
08-05 03:37:50.201  3363  4172 D DBReader: getImageAuthentication() called with: imageUrl = [https://is2-ssl.mzstatic.com/image/thumb/Podcasts113/v4/a9/39/cc/a939ccc5-6d60-0c11-0a4c-16d71cdef89b/mza_8787577209688278658.jpg/170x170bb.png]
08-05 03:37:50.203  3363  4172 D ApOkHttpUrlLoader: no credentials for 'https://is2-ssl.mzstatic.com/image/thumb/Podcasts113/v4/a9/39/cc/a939ccc5-6d60-0c11-0a4c-16d71cdef89b/mza_8787577209688278658.jpg/170x170bb.png'
08-05 03:37:50.203  3363  4173 D ApOkHttpUrlLoader: buildLoadData() called with: model = [https://is5-ssl.mzstatic.com/image/thumb/Podcasts114/v4/93/cf/99/93cf9960-fff3-205e-6655-72c03ddeccb2/mza_10545582232493904175.jpeg/170x170bb.png], width = [224], height = [224]
08-05 03:37:50.204  3363  4174 D DBReader: getImageAuthentication() called with: imageUrl = [https://is5-ssl.mzstatic.com/image/thumb/Podcasts114/v4/93/cf/99/93cf9960-fff3-205e-6655-72c03ddeccb2/mza_10545582232493904175.jpeg/170x170bb.png]
08-05 03:37:50.206  3363  4167 D ApOkHttpUrlLoader: buildLoadData() called with: model = [https://is4-ssl.mzstatic.com/image/thumb/Podcasts124/v4/49/a4/91/49a491b7-3daf-c5dc-d7c6-6c4f1486955c/mza_5930014091766152297.png/170x170bb.png], width = [224], height = [224]
08-05 03:37:50.206  3363  4174 D ApOkHttpUrlLoader: no credentials for 'https://is5-ssl.mzstatic.com/image/thumb/Podcasts114/v4/93/cf/99/93cf9960-fff3-205e-6655-72c03ddeccb2/mza_10545582232493904175.jpeg/170x170bb.png'
08-05 03:37:50.207  3363  4175 D DBReader: getImageAuthentication() called with: imageUrl = [https://is4-ssl.mzstatic.com/image/thumb/Podcasts124/v4/49/a4/91/49a491b7-3daf-c5dc-d7c6-6c4f1486955c/mza_5930014091766152297.png/170x170bb.png]
08-05 03:37:50.208  3363  4175 D ApOkHttpUrlLoader: no credentials for 'https://is4-ssl.mzstatic.com/image/thumb/Podcasts124/v4/49/a4/91/49a491b7-3daf-c5dc-d7c6-6c4f1486955c/mza_5930014091766152297.png/170x170bb.png'
08-05 03:37:50.209  3363  4169 D ApOkHttpUrlLoader: buildLoadData() called with: model = [https://is5-ssl.mzstatic.com/image/thumb/Podcasts113/v4/fd/54/6e/fd546ea0-7ab2-e3f0-6049-884d82917af9/mza_4855349695799758348.jpeg/170x170bb.png], width = [224], height = [224]
08-05 03:37:50.210  3363  4176 D DBReader: getImageAuthentication() called with: imageUrl = [https://is5-ssl.mzstatic.com/image/thumb/Podcasts113/v4/fd/54/6e/fd546ea0-7ab2-e3f0-6049-884d82917af9/mza_4855349695799758348.jpeg/170x170bb.png]
08-05 03:37:50.211  3363  4176 D ApOkHttpUrlLoader: no credentials for 'https://is5-ssl.mzstatic.com/image/thumb/Podcasts113/v4/fd/54/6e/fd546ea0-7ab2-e3f0-6049-884d82917af9/mza_4855349695799758348.jpeg/170x170bb.png'
08-05 03:37:50.212  3363  4171 D ApOkHttpUrlLoader: buildLoadData() called with: model = [https://is2-ssl.mzstatic.com/image/thumb/Podcasts114/v4/b3/4c/cf/b34ccfc2-cea4-1ca1-0fad-7793af301cc5/mza_2466085192629456364.jpg/170x170bb.png], width = [224], height = [224]
08-05 03:37:50.213  3363  4177 D DBReader: getImageAuthentication() called with: imageUrl = [https://is2-ssl.mzstatic.com/image/thumb/Podcasts114/v4/b3/4c/cf/b34ccfc2-cea4-1ca1-0fad-7793af301cc5/mza_2466085192629456364.jpg/170x170bb.png]
08-05 03:37:50.214  3363  4177 D ApOkHttpUrlLoader: no credentials for 'https://is2-ssl.mzstatic.com/image/thumb/Podcasts114/v4/b3/4c/cf/b34ccfc2-cea4-1ca1-0fad-7793af301cc5/mza_2466085192629456364.jpg/170x170bb.png'
08-05 03:37:50.356  3363  3471 I art     : Starting a blocking GC Explicit
08-05 03:37:50.382  3363  3471 I art     : Explicit concurrent mark sweep GC freed 14089(884KB) AllocSpace objects, 5(372KB) LOS objects, 39% free, 24MB/40MB, paused 657us total 26.350ms
08-05 03:37:50.391  3363  3471 I art     : Starting a blocking GC Explicit
08-05 03:37:50.414  3363  3471 I art     : Explicit concurrent mark sweep GC freed 20305(894KB) AllocSpace objects, 2(120KB) LOS objects, 39% free, 24MB/40MB, paused 766us total 22.740ms
08-05 03:37:50.422  3363  3471 I art     : Starting a blocking GC Explicit
08-05 03:37:50.444  3363  3471 I art     : Explicit concurrent mark sweep GC freed 2546(180KB) AllocSpace objects, 1(80KB) LOS objects, 39% free, 24MB/40MB, paused 771us total 21.372ms
08-05 03:37:50.456  3363  3471 I art     : Starting a blocking GC Explicit
08-05 03:37:50.478  3363  3471 I art     : Explicit concurrent mark sweep GC freed 4258(263KB) AllocSpace objects, 0(0B) LOS objects, 39% free, 24MB/40MB, paused 779us total 21.761ms
08-05 03:37:50.486  3363  3471 I art     : Starting a blocking GC Explicit
08-05 03:37:50.507  3363  3471 I art     : Explicit concurrent mark sweep GC freed 286(34KB) AllocSpace objects, 0(0B) LOS objects, 39% free, 24MB/40MB, paused 768us total 21.024ms
08-05 03:37:50.693   518   646 I ThermalEngine: ACTION: GPU - Setting GPU[0] to 450000000
08-05 03:37:50.780  3363  4176 D MYTAG   : interceptor 2a
08-05 03:37:50.780  3363  4170 D MYTAG   : interceptor 2a
08-05 03:37:50.782  3363  4176 I NAPPA_EXPERIMENTATION: MetricNetworkRequestExecutionTime: REQUEST_DURATION_SYSTEM='569',REQUEST_DURATION_OKHTTP='330',REQUEST_SYNCHRONOUS='TRUE',RESPONSE_CODE='200',RESPONSE_METHOD='GET',RESPONSE_LENGTH_OKHTTP='54835',RESPONSE_LENGTH_HEADER='54835',REQUEST_PROTOCOL='h2',REQUEST_URL='https://is5-ssl.mzstatic.com/image/thumb/Podcasts113/v4/fd/54/6e/fd546ea0-7ab2-e3f0-6049-884d82917af9/mza_4855349695799758348.jpeg/170x170bb.png',
08-05 03:37:50.782  3363  4170 I NAPPA_EXPERIMENTATION: MetricNetworkRequestExecutionTime: REQUEST_DURATION_SYSTEM='581',REQUEST_DURATION_OKHTTP='351',REQUEST_SYNCHRONOUS='TRUE',RESPONSE_CODE='200',RESPONSE_METHOD='GET',RESPONSE_LENGTH_OKHTTP='45995',RESPONSE_LENGTH_HEADER='45995',REQUEST_PROTOCOL='h2',REQUEST_URL='https://is4-ssl.mzstatic.com/image/thumb/Podcasts113/v4/e5/8a/10/e58a108f-f5d0-f622-c94a-13f66edd570c/mza_3025981348644196724.jpg/170x170bb.png',
08-05 03:37:50.784  3363  4177 D MYTAG   : interceptor 2a
08-05 03:37:50.784  3363  4177 I NAPPA_EXPERIMENTATION: MetricNetworkRequestExecutionTime: REQUEST_DURATION_SYSTEM='570',REQUEST_DURATION_OKHTTP='346',REQUEST_SYNCHRONOUS='TRUE',RESPONSE_CODE='200',RESPONSE_METHOD='GET',RESPONSE_LENGTH_OKHTTP='42299',RESPONSE_LENGTH_HEADER='42299',REQUEST_PROTOCOL='h2',REQUEST_URL='https://is2-ssl.mzstatic.com/image/thumb/Podcasts114/v4/b3/4c/cf/b34ccfc2-cea4-1ca1-0fad-7793af301cc5/mza_2466085192629456364.jpg/170x170bb.png',
08-05 03:37:50.793  3363  3376 I art     : Starting a blocking GC Explicit
08-05 03:37:50.802  3363  4174 D MYTAG   : interceptor 2a
08-05 03:37:50.804  3363  4174 I NAPPA_EXPERIMENTATION: MetricNetworkRequestExecutionTime: REQUEST_DURATION_SYSTEM='596',REQUEST_DURATION_OKHTTP='345',REQUEST_SYNCHRONOUS='TRUE',RESPONSE_CODE='200',RESPONSE_METHOD='GET',RESPONSE_LENGTH_OKHTTP='22351',RESPONSE_LENGTH_HEADER='22351',REQUEST_PROTOCOL='h2',REQUEST_URL='https://is5-ssl.mzstatic.com/image/thumb/Podcasts114/v4/93/cf/99/93cf9960-fff3-205e-6655-72c03ddeccb2/mza_10545582232493904175.jpeg/170x170bb.png',
08-05 03:37:50.805  3363  4168 D MYTAG   : interceptor 2a
08-05 03:37:50.806  3363  4175 D MYTAG   : interceptor 2a
08-05 03:37:50.806  3363  4168 I NAPPA_EXPERIMENTATION: MetricNetworkRequestExecutionTime: REQUEST_DURATION_SYSTEM='608',REQUEST_DURATION_OKHTTP='352',REQUEST_SYNCHRONOUS='TRUE',RESPONSE_CODE='200',RESPONSE_METHOD='GET',RESPONSE_LENGTH_OKHTTP='26177',RESPONSE_LENGTH_HEADER='26177',REQUEST_PROTOCOL='h2',REQUEST_URL='https://is4-ssl.mzstatic.com/image/thumb/Podcasts114/v4/3f/16/74/3f167426-bf50-ce3a-d709-e4301620fc5b/mza_5832671293059882550.jpeg/170x170bb.png',
08-05 03:37:50.807  3363  4175 I NAPPA_EXPERIMENTATION: MetricNetworkRequestExecutionTime: REQUEST_DURATION_SYSTEM='597',REQUEST_DURATION_OKHTTP='353',REQUEST_SYNCHRONOUS='TRUE',RESPONSE_CODE='200',RESPONSE_METHOD='GET',RESPONSE_LENGTH_OKHTTP='12000',RESPONSE_LENGTH_HEADER='12000',REQUEST_PROTOCOL='h2',REQUEST_URL='https://is4-ssl.mzstatic.com/image/thumb/Podcasts124/v4/49/a4/91/49a491b7-3daf-c5dc-d7c6-6c4f1486955c/mza_5930014091766152297.png/170x170bb.png',
08-05 03:37:50.818  3363  4172 D MYTAG   : interceptor 2a
08-05 03:37:50.818  3363  4172 I NAPPA_EXPERIMENTATION: MetricNetworkRequestExecutionTime: REQUEST_DURATION_SYSTEM='615',REQUEST_DURATION_OKHTTP='366',REQUEST_SYNCHRONOUS='TRUE',RESPONSE_CODE='200',RESPONSE_METHOD='GET',RESPONSE_LENGTH_OKHTTP='48239',RESPONSE_LENGTH_HEADER='48239',REQUEST_PROTOCOL='h2',REQUEST_URL='https://is2-ssl.mzstatic.com/image/thumb/Podcasts113/v4/a9/39/cc/a939ccc5-6d60-0c11-0a4c-16d71cdef89b/mza_8787577209688278658.jpg/170x170bb.png',
08-05 03:37:50.840  3363  3376 I art     : Explicit concurrent mark sweep GC freed 3941(265KB) AllocSpace objects, 1(20KB) LOS objects, 38% free, 25MB/41MB, paused 1.116ms total 46.640ms
08-05 03:37:50.853  3363  3376 I art     : Starting a blocking GC Explicit
08-05 03:37:50.880  3363  3376 I art     : Explicit concurrent mark sweep GC freed 1124(285KB) AllocSpace objects, 0(0B) LOS objects, 37% free, 26MB/42MB, paused 720us total 26.102ms
08-05 03:37:50.890  3363  3376 I art     : Starting a blocking GC Explicit
08-05 03:37:50.914  3363  3376 I art     : Explicit concurrent mark sweep GC freed 111(4KB) AllocSpace objects, 0(0B) LOS objects, 37% free, 26MB/42MB, paused 660us total 24.242ms
08-05 03:37:50.925  3363  3376 I art     : Starting a blocking GC Explicit
08-05 03:37:50.950  3363  3376 I art     : Explicit concurrent mark sweep GC freed 5(240B) AllocSpace objects, 0(0B) LOS objects, 37% free, 26MB/42MB, paused 700us total 25.614ms
08-05 03:37:50.961  3363  3376 I art     : Starting a blocking GC Explicit
08-05 03:37:50.989  3363  3376 I art     : Explicit concurrent mark sweep GC freed 3(96B) AllocSpace objects, 0(0B) LOS objects, 37% free, 26MB/42MB, paused 730us total 27.734ms
08-05 03:37:51.317  3363  3375 I art     : Starting a blocking GC Explicit
08-05 03:37:51.358  3363  3375 I art     : Explicit concurrent mark sweep GC freed 1363(80KB) AllocSpace objects, 1(20KB) LOS objects, 37% free, 26MB/42MB, paused 892us total 39.745ms
08-05 03:37:51.373  3363  3375 I art     : Starting a blocking GC Explicit
08-05 03:37:51.402  3363  3375 I art     : Explicit concurrent mark sweep GC freed 23(752B) AllocSpace objects, 0(0B) LOS objects, 37% free, 26MB/42MB, paused 737us total 28.631ms
08-05 03:37:51.413  3363  3375 I art     : Starting a blocking GC Explicit
08-05 03:37:51.444  3363  3375 I art     : Explicit concurrent mark sweep GC freed 34(928B) AllocSpace objects, 0(0B) LOS objects, 37% free, 26MB/42MB, paused 748us total 30.240ms
08-05 03:37:51.455  3363  3375 I art     : Starting a blocking GC Explicit
08-05 03:37:51.486  3363  3375 I art     : Explicit concurrent mark sweep GC freed 3(96B) AllocSpace objects, 0(0B) LOS objects, 37% free, 26MB/42MB, paused 765us total 30.060ms
08-05 03:37:51.497  3363  3375 I art     : Starting a blocking GC Explicit
08-05 03:37:51.527  3363  3375 I art     : Explicit concurrent mark sweep GC freed 3(96B) AllocSpace objects, 0(0B) LOS objects, 37% free, 26MB/42MB, paused 793us total 29.427ms
08-05 03:37:51.697   518   646 I ThermalEngine: ACTION: GPU - Setting GPU[0] to 510000000
08-05 03:37:51.858  3363  3375 I art     : Starting a blocking GC Explicit
08-05 03:37:51.884  3363  3375 I art     : Explicit concurrent mark sweep GC freed 1378(80KB) AllocSpace objects, 1(20KB) LOS objects, 37% free, 26MB/42MB, paused 557us total 25.615ms
08-05 03:37:51.893  3363  3375 I art     : Starting a blocking GC Explicit
08-05 03:37:51.918  3363  3375 I art     : Explicit concurrent mark sweep GC freed 27(880B) AllocSpace objects, 0(0B) LOS objects, 37% free, 26MB/42MB, paused 557us total 24.652ms
08-05 03:37:51.928  3363  3375 I art     : Starting a blocking GC Explicit
08-05 03:37:51.949  3363  3375 I art     : Explicit concurrent mark sweep GC freed 7(224B) AllocSpace objects, 0(0B) LOS objects, 37% free, 26MB/42MB, paused 546us total 21.789ms
08-05 03:37:51.958  3363  3375 I art     : Starting a blocking GC Explicit
08-05 03:37:51.981  3363  3375 I art     : Explicit concurrent mark sweep GC freed 7(224B) AllocSpace objects, 0(0B) LOS objects, 37% free, 26MB/42MB, paused 575us total 22.399ms
08-05 03:37:51.990  3363  3375 I art     : Starting a blocking GC Explicit
08-05 03:37:52.012  3363  3375 I art     : Explicit concurrent mark sweep GC freed 6(192B) AllocSpace objects, 0(0B) LOS objects, 37% free, 26MB/42MB, paused 512us total 22.360ms
08-05 03:37:52.339  3363  3471 I art     : Starting a blocking GC Explicit
08-05 03:37:52.406  3363  3471 I art     : Explicit concurrent mark sweep GC freed 1364(80KB) AllocSpace objects, 1(20KB) LOS objects, 37% free, 26MB/42MB, paused 1.534ms total 66.474ms
08-05 03:37:52.423  3363  3471 I art     : Starting a blocking GC Explicit
08-05 03:37:52.456  3363  3471 I art     : Explicit concurrent mark sweep GC freed 54(1584B) AllocSpace objects, 0(0B) LOS objects, 37% free, 26MB/42MB, paused 598us total 32.691ms
08-05 03:37:52.465  3363  3471 I art     : Starting a blocking GC Explicit
08-05 03:37:52.488  3363  3471 I art     : Explicit concurrent mark sweep GC freed 3(96B) AllocSpace objects, 0(0B) LOS objects, 37% free, 26MB/42MB, paused 595us total 22.588ms
08-05 03:37:52.496  3363  3471 I art     : Starting a blocking GC Explicit
08-05 03:37:52.519  3363  3471 I art     : Explicit concurrent mark sweep GC freed 3(96B) AllocSpace objects, 0(0B) LOS objects, 37% free, 26MB/42MB, paused 541us total 21.895ms
08-05 03:37:52.527  3363  3471 I art     : Starting a blocking GC Explicit
08-05 03:37:52.550  3363  3471 I art     : Explicit concurrent mark sweep GC freed 3(96B) AllocSpace objects, 0(0B) LOS objects, 37% free, 26MB/42MB, paused 545us total 22.090ms
08-05 03:37:52.885  3363  3375 I art     : Starting a blocking GC Explicit
08-05 03:37:52.915  3363  3375 I art     : Explicit concurrent mark sweep GC freed 1363(80KB) AllocSpace objects, 1(20KB) LOS objects, 37% free, 26MB/42MB, paused 591us total 30.298ms
08-05 03:37:52.927  3363  3375 I art     : Starting a blocking GC Explicit
08-05 03:37:52.953  3363  3375 I art     : Explicit concurrent mark sweep GC freed 23(752B) AllocSpace objects, 0(0B) LOS objects, 37% free, 26MB/42MB, paused 554us total 25.314ms
08-05 03:37:52.962  3363  3375 I art     : Starting a blocking GC Explicit
08-05 03:37:52.984  3363  3375 I art     : Explicit concurrent mark sweep GC freed 3(96B) AllocSpace objects, 0(0B) LOS objects, 37% free, 26MB/42MB, paused 502us total 21.769ms
08-05 03:37:52.992  3363  3375 I art     : Starting a blocking GC Explicit
08-05 03:37:53.014  3363  3375 I art     : Explicit concurrent mark sweep GC freed 3(96B) AllocSpace objects, 0(0B) LOS objects, 37% free, 26MB/42MB, paused 554us total 21.657ms
08-05 03:37:53.023  3363  3375 I art     : Starting a blocking GC Explicit
08-05 03:37:53.045  3363  3375 I art     : Explicit concurrent mark sweep GC freed 3(96B) AllocSpace objects, 0(0B) LOS objects, 37% free, 26MB/42MB, paused 548us total 22.260ms
08-05 03:37:53.362  3363  3376 I art     : Starting a blocking GC Explicit
08-05 03:37:53.391  3363  3376 I art     : Explicit concurrent mark sweep GC freed 1363(80KB) AllocSpace objects, 1(20KB) LOS objects, 37% free, 26MB/42MB, paused 555us total 28.577ms
08-05 03:37:53.403  3363  3376 I art     : Starting a blocking GC Explicit
08-05 03:37:53.426  3363  3376 I art     : Explicit concurrent mark sweep GC freed 23(752B) AllocSpace objects, 0(0B) LOS objects, 37% free, 26MB/42MB, paused 565us total 22.669ms
08-05 03:37:53.435  3363  3376 I art     : Starting a blocking GC Explicit
08-05 03:37:53.458  3363  3376 I art     : Explicit concurrent mark sweep GC freed 34(928B) AllocSpace objects, 0(0B) LOS objects, 37% free, 26MB/42MB, paused 562us total 23.066ms
08-05 03:37:53.467  3363  3376 I art     : Starting a blocking GC Explicit
08-05 03:37:53.489  3363  3376 I art     : Explicit concurrent mark sweep GC freed 3(96B) AllocSpace objects, 0(0B) LOS objects, 37% free, 26MB/42MB, paused 532us total 21.992ms
08-05 03:37:53.498  3363  3376 I art     : Starting a blocking GC Explicit
08-05 03:37:53.521  3363  3376 I art     : Explicit concurrent mark sweep GC freed 3(96B) AllocSpace objects, 0(0B) LOS objects, 37% free, 26MB/42MB, paused 554us total 22.465ms
08-05 03:37:53.839  3363  3471 I art     : Starting a blocking GC Explicit
08-05 03:37:53.871  3363  3471 I art     : Explicit concurrent mark sweep GC freed 1363(80KB) AllocSpace objects, 1(20KB) LOS objects, 37% free, 26MB/42MB, paused 593us total 31.013ms
08-05 03:37:53.872  3363  3373 I art     : WaitForGcToComplete blocked for 20.203ms for cause HeapTrim
08-05 03:37:53.883  3363  3471 I art     : Starting a blocking GC Explicit
08-05 03:37:53.905  3363  3471 I art     : Explicit concurrent mark sweep GC freed 23(752B) AllocSpace objects, 0(0B) LOS objects, 37% free, 26MB/42MB, paused 549us total 22.537ms
08-05 03:37:53.914  3363  3471 I art     : Starting a blocking GC Explicit
08-05 03:37:53.936  3363  3471 I art     : Explicit concurrent mark sweep GC freed 3(96B) AllocSpace objects, 0(0B) LOS objects, 37% free, 26MB/42MB, paused 514us total 22.002ms
08-05 03:37:53.945  3363  3471 I art     : Starting a blocking GC Explicit
08-05 03:37:53.968  3363  3471 I art     : Explicit concurrent mark sweep GC freed 3(96B) AllocSpace objects, 0(0B) LOS objects, 37% free, 26MB/42MB, paused 550us total 22.876ms
08-05 03:37:53.977  3363  3471 I art     : Starting a blocking GC Explicit
08-05 03:37:53.999  3363  3471 I art     : Explicit concurrent mark sweep GC freed 3(96B) AllocSpace objects, 0(0B) LOS objects, 37% free, 26MB/42MB, paused 546us total 22.109ms
08-05 03:37:54.329  3363  3375 I art     : Starting a blocking GC Explicit
08-05 03:37:54.357  3363  3375 I art     : Explicit concurrent mark sweep GC freed 1363(80KB) AllocSpace objects, 1(20KB) LOS objects, 37% free, 26MB/42MB, paused 626us total 27.222ms
08-05 03:37:54.367  3363  3375 I art     : Starting a blocking GC Explicit
08-05 03:37:54.390  3363  3375 I art     : Explicit concurrent mark sweep GC freed 23(752B) AllocSpace objects, 0(0B) LOS objects, 37% free, 26MB/42MB, paused 559us total 22.810ms
08-05 03:37:54.399  3363  3375 I art     : Starting a blocking GC Explicit
08-05 03:37:54.421  3363  3375 I art     : Explicit concurrent mark sweep GC freed 3(96B) AllocSpace objects, 0(0B) LOS objects, 37% free, 26MB/42MB, paused 554us total 21.905ms
08-05 03:37:54.430  3363  3375 I art     : Starting a blocking GC Explicit
08-05 03:37:54.452  3363  3375 I art     : Explicit concurrent mark sweep GC freed 34(928B) AllocSpace objects, 0(0B) LOS objects, 37% free, 26MB/42MB, paused 577us total 21.722ms
08-05 03:37:54.461  3363  3375 I art     : Starting a blocking GC Explicit
08-05 03:37:54.483  3363  3375 I art     : Explicit concurrent mark sweep GC freed 3(96B) AllocSpace objects, 0(0B) LOS objects, 37% free, 26MB/42MB, paused 543us total 21.776ms
08-05 03:37:54.804  3363  3376 I art     : Starting a blocking GC Explicit
08-05 03:37:54.832  3363  3376 I art     : Explicit concurrent mark sweep GC freed 1363(80KB) AllocSpace objects, 1(20KB) LOS objects, 37% free, 26MB/42MB, paused 585us total 27.743ms
08-05 03:37:54.846  3363  3376 I art     : Starting a blocking GC Explicit
08-05 03:37:54.868  3363  3376 I art     : Explicit concurrent mark sweep GC freed 23(752B) AllocSpace objects, 0(0B) LOS objects, 37% free, 26MB/42MB, paused 533us total 21.005ms
08-05 03:37:54.876  3363  3376 I art     : Starting a blocking GC Explicit
08-05 03:37:54.898  3363  3376 I art     : Explicit concurrent mark sweep GC freed 3(96B) AllocSpace objects, 0(0B) LOS objects, 37% free, 26MB/42MB, paused 545us total 21.709ms
08-05 03:37:54.907  3363  3376 I art     : Starting a blocking GC Explicit
08-05 03:37:54.930  3363  3376 I art     : Explicit concurrent mark sweep GC freed 3(96B) AllocSpace objects, 0(0B) LOS objects, 37% free, 26MB/42MB, paused 559us total 22.744ms
08-05 03:37:54.939  3363  3376 I art     : Starting a blocking GC Explicit
08-05 03:37:54.961  3363  3376 I art     : Explicit concurrent mark sweep GC freed 3(96B) AllocSpace objects, 0(0B) LOS objects, 37% free, 26MB/42MB, paused 550us total 22.167ms
08-05 03:37:55.285  3363  3471 I art     : Starting a blocking GC Explicit
08-05 03:37:55.316  3363  3471 I art     : Explicit concurrent mark sweep GC freed 1363(80KB) AllocSpace objects, 1(20KB) LOS objects, 37% free, 26MB/42MB, paused 613us total 29.920ms
08-05 03:37:55.330  3363  3471 I art     : Starting a blocking GC Explicit
08-05 03:37:55.352  3363  3471 I art     : Explicit concurrent mark sweep GC freed 23(752B) AllocSpace objects, 0(0B) LOS objects, 37% free, 26MB/42MB, paused 541us total 21.611ms
08-05 03:37:55.360  3363  3471 I art     : Starting a blocking GC Explicit
08-05 03:37:55.383  3363  3471 I art     : Explicit concurrent mark sweep GC freed 3(96B) AllocSpace objects, 0(0B) LOS objects, 37% free, 26MB/42MB, paused 539us total 22.010ms
08-05 03:37:55.391  3363  3471 I art     : Starting a blocking GC Explicit
08-05 03:37:55.413  3363  3471 I art     : Explicit concurrent mark sweep GC freed 3(96B) AllocSpace objects, 0(0B) LOS objects, 37% free, 26MB/42MB, paused 540us total 21.890ms
08-05 03:37:55.422  3363  3471 I art     : Starting a blocking GC Explicit
08-05 03:37:55.444  3363  3471 I art     : Explicit concurrent mark sweep GC freed 34(928B) AllocSpace objects, 0(0B) LOS objects, 37% free, 26MB/42MB, paused 520us total 22.168ms
08-05 03:37:55.760  3363  3375 I art     : Starting a blocking GC Explicit
08-05 03:37:55.787  3363  3375 I art     : Explicit concurrent mark sweep GC freed 1363(80KB) AllocSpace objects, 1(20KB) LOS objects, 37% free, 26MB/42MB, paused 585us total 26.138ms
08-05 03:37:55.795  3363  3375 I art     : Starting a blocking GC Explicit
08-05 03:37:55.817  3363  3375 I art     : Explicit concurrent mark sweep GC freed 23(752B) AllocSpace objects, 0(0B) LOS objects, 37% free, 26MB/42MB, paused 653us total 21.695ms
08-05 03:37:55.826  3363  3375 I art     : Starting a blocking GC Explicit
08-05 03:37:55.847  3363  3375 I art     : Explicit concurrent mark sweep GC freed 3(96B) AllocSpace objects, 0(0B) LOS objects, 37% free, 26MB/42MB, paused 615us total 20.834ms
08-05 03:37:55.856  3363  3375 I art     : Starting a blocking GC Explicit
08-05 03:37:55.877  3363  3375 I art     : Explicit concurrent mark sweep GC freed 3(96B) AllocSpace objects, 0(0B) LOS objects, 37% free, 26MB/42MB, paused 669us total 21.429ms
08-05 03:37:55.885  3363  3375 I art     : Starting a blocking GC Explicit
08-05 03:37:55.907  3363  3375 I art     : Explicit concurrent mark sweep GC freed 3(96B) AllocSpace objects, 0(0B) LOS objects, 37% free, 26MB/42MB, paused 596us total 21.061ms
08-05 03:37:56.171  4311  4311 D AndroidRuntime: >>>>>> START com.android.internal.os.RuntimeInit uid 2000 <<<<<<
08-05 03:37:56.176  4311  4311 D AndroidRuntime: CheckJNI is OFF
08-05 03:37:56.211  4311  4311 D ICU     : No timezone override file found: /data/misc/zoneinfo/current/icu/icu_tzdata.dat
08-05 03:37:56.213  3363  3376 I art     : Starting a blocking GC Explicit
08-05 03:37:56.236  3363  3376 I art     : Explicit concurrent mark sweep GC freed 1363(80KB) AllocSpace objects, 1(20KB) LOS objects, 37% free, 26MB/42MB, paused 578us total 22.819ms
08-05 03:37:56.245  3363  3376 I art     : Starting a blocking GC Explicit
08-05 03:37:56.245  4311  4311 I Radio-JNI: register_android_hardware_Radio DONE
08-05 03:37:56.267  3363  3376 I art     : Explicit concurrent mark sweep GC freed 23(752B) AllocSpace objects, 0(0B) LOS objects, 37% free, 26MB/42MB, paused 650us total 21.802ms
08-05 03:37:56.267  4311  4311 D AndroidRuntime: Calling main entry com.android.commands.input.Input
08-05 03:37:56.269  4311  4311 I Input   : injectMotionEvent: MotionEvent { action=ACTION_DOWN, actionButton=0, id[0]=0, x[0]=616.0, y[0]=469.0, toolType[0]=TOOL_TYPE_UNKNOWN, buttonState=0, metaState=0, flags=0x0, edgeFlags=0x0, pointerCount=1, historySize=0, eventTime=761892682, downTime=761892682, deviceId=0, source=0x1002 }
08-05 03:37:56.275  4311  4311 I Input   : injectMotionEvent: MotionEvent { action=ACTION_UP, actionButton=0, id[0]=0, x[0]=616.0, y[0]=469.0, toolType[0]=TOOL_TYPE_UNKNOWN, buttonState=0, metaState=0, flags=0x0, edgeFlags=0x0, pointerCount=1, historySize=0, eventTime=761892682, downTime=761892682, deviceId=0, source=0x1002 }
08-05 03:37:56.276  3363  3376 I art     : Starting a blocking GC Explicit
08-05 03:37:56.278  4311  4311 D AndroidRuntime: Shutting down VM
08-05 03:37:56.297  3363  3376 I art     : Explicit concurrent mark sweep GC freed 22(704B) AllocSpace objects, 0(0B) LOS objects, 37% free, 26MB/42MB, paused 542us total 20.745ms
08-05 03:37:56.305  3363  3376 I art     : Starting a blocking GC Explicit
08-05 03:37:56.325  3363  3376 I art     : Explicit concurrent mark sweep GC freed 5(160B) AllocSpace objects, 0(0B) LOS objects, 37% free, 26MB/42MB, paused 543us total 19.940ms
08-05 03:37:56.333  3363  3376 I art     : Starting a blocking GC Explicit
08-05 03:37:56.344   512  2967 D audio_hw_primary: out_set_parameters: enter: usecase(1: low-latency-playback) kvpairs: routing=2
08-05 03:37:56.354  3363  3376 I art     : Explicit concurrent mark sweep GC freed 172(7KB) AllocSpace objects, 0(0B) LOS objects, 37% free, 26MB/42MB, paused 588us total 20.356ms
08-05 03:37:56.356   512  2967 D audio_hw_primary: select_devices: out_snd_device(2: speaker) in_snd_device(0: none)
08-05 03:37:56.357   512  2967 D msm8974_platform: platform_send_audio_calibration: sending audio calibration for snd_device(2) acdb_id(15)
08-05 03:37:56.357   512  2967 I soundtrigger: audio_extn_sound_trigger_update_device_status: device 0x2 of type 0 for Event 1
08-05 03:37:56.368   512  2967 D audio_hw_primary: enable_snd_device: snd_device(2: speaker)
08-05 03:37:56.370   512  2967 D audio_hw_primary: enable_audio_route: apply and update mixer path: low-latency-playback speaker
08-05 03:37:56.547  3363  3950 I NAPPA_EXPERIMENTATION: MetricNetworkRequestExecutionTime: REQUEST_DURATION_SYSTEM='204',REQUEST_DURATION_OKHTTP='204',REQUEST_SYNCHRONOUS='TRUE',RESPONSE_CODE='200',RESPONSE_METHOD='GET',RESPONSE_LENGTH_OKHTTP='-1',RESPONSE_LENGTH_HEADER='628',REQUEST_PROTOCOL='h2',REQUEST_URL='https://itunes.apple.com/lookup?id=1524080195',
08-05 03:37:56.567   918  3714 I ActivityManager: START u0 {cmp=baseline.de.danoeh.antennapod.debug/baseline.de.danoeh.antennapod.activity.OnlineFeedViewActivity (has extras)} from uid 10691 on display 0
08-05 03:37:56.586 13866 13866 I GoogleInputMethodServic: GoogleInputMethodService.onFinishInput():3138 
08-05 03:37:56.587 13866 13866 I GoogleInputMethodServic: GoogleInputMethodService.onStartInput():1808 
08-05 03:37:56.602  3363  3376 I art     : Starting a blocking GC Explicit
08-05 03:37:56.608  3363  3363 D UserPreferences: Using default data folder
08-05 03:37:56.609  3363  3363 D OnlineFeedViewActivity: Activity was started with url https://rss.art19.com/nice-white-parents
08-05 03:37:56.611  3363  3363 D OnlineFeedViewActivity: Starting feed download
08-05 03:37:56.615  3363  3955 D DBReader: Extracting Feedlist
08-05 03:37:56.618   918  3714 D WifiService: acquireWifiLockLocked: WifiLock{Downloader type=1 binder=android.os.BinderProxy@f6b2d19}
08-05 03:37:56.619  3363  3955 D AntennapodHttpClient: Creating new instance of HTTP client
08-05 03:37:56.627  3363  3376 I art     : Explicit concurrent mark sweep GC freed 3716(246KB) AllocSpace objects, 1(20KB) LOS objects, 37% free, 26MB/42MB, paused 783us total 24.064ms
08-05 03:37:56.635  3363  3376 I art     : Starting a blocking GC Explicit
08-05 03:37:56.655  3363  3376 I art     : Explicit concurrent mark sweep GC freed 444(24KB) AllocSpace objects, 0(0B) LOS objects, 37% free, 26MB/42MB, paused 551us total 20.091ms
08-05 03:37:56.663  3363  3376 I art     : Starting a blocking GC Explicit
08-05 03:37:56.668 13866 13866 I GoogleInputMethodServic: GoogleInputMethodService.onFinishInput():3138 
08-05 03:37:56.668 13866 13866 I GoogleInputMethodServic: GoogleInputMethodService.onStartInput():1808 
08-05 03:37:56.684  3363  3376 I art     : Explicit concurrent mark sweep GC freed 141(5KB) AllocSpace objects, 0(0B) LOS objects, 37% free, 26MB/42MB, paused 568us total 20.397ms
08-05 03:37:56.692  3363  3376 I art     : Starting a blocking GC Explicit
08-05 03:37:56.695   918   936 I ActivityManager: Displayed baseline.de.danoeh.antennapod.debug/baseline.de.danoeh.antennapod.activity.OnlineFeedViewActivity: +109ms
08-05 03:37:56.715  3363  3376 I art     : Explicit concurrent mark sweep GC freed 35(1376B) AllocSpace objects, 0(0B) LOS objects, 37% free, 26MB/42MB, paused 820us total 23.317ms
08-05 03:37:56.727  3363  3376 I art     : Starting a blocking GC Explicit
08-05 03:37:56.750  3363  3376 I art     : Explicit concurrent mark sweep GC freed 13(864B) AllocSpace objects, 0(0B) LOS objects, 37% free, 26MB/42MB, paused 558us total 22.413ms
08-05 03:37:56.909   512  2967 D audio_hw_primary: disable_audio_route: reset and update mixer path: low-latency-playback speaker
08-05 03:37:56.910   512  2967 D audio_hw_primary: disable_snd_device: snd_device(2: speaker)
08-05 03:37:56.923   512  2967 I soundtrigger: audio_extn_sound_trigger_update_device_status: device 0x2 of type 0 for Event 0
08-05 03:37:56.943  3363  3955 D MYTAG   : interceptor 3a https://rss.art19.com/nice-white-parents
08-05 03:37:56.944  3363  3955 I NAPPA_EXPERIMENTATION: MetricNetworkRequestExecutionTime: REQUEST_DURATION_SYSTEM='324',REQUEST_DURATION_OKHTTP='154',REQUEST_SYNCHRONOUS='TRUE',RESPONSE_CODE='200',RESPONSE_METHOD='GET',RESPONSE_LENGTH_OKHTTP='-1',RESPONSE_LENGTH_HEADER='1803',REQUEST_PROTOCOL='h2',REQUEST_URL='https://rss.art19.com/nice-white-parents',
08-05 03:37:56.944  3363  3955 D HttpDownloader: Response code is 200
08-05 03:37:56.944  3363  3955 D UserPreferences: Using default data folder
08-05 03:37:56.947   380   380 W SurfaceFlinger: couldn't log to binary event log: overflow.
08-05 03:37:56.948  3363  3955 D HttpDownloader: Getting size of download
08-05 03:37:56.948  3363  3955 D HttpDownloader: Size is -1
08-05 03:37:56.949  3363  3955 D UserPreferences: Using default data folder
08-05 03:37:56.949  3363  3955 D HttpDownloader: Free space is 20234022912
08-05 03:37:56.949  3363  3955 D HttpDownloader: Starting download
08-05 03:37:57.003  3363  3955 D HttpDownloader: Download was successful
08-05 03:37:57.005   918  5481 D WifiService: releaseWifiLockLocked: WifiLock{Downloader type=1 binder=android.os.BinderProxy@f6b2d19}
08-05 03:37:57.005  3363  3363 D OnlineFeedViewActivity: Parsing feed
08-05 03:37:57.015  3363  4360 D TypeGetter: Recognized type RSS 2.0
08-05 03:37:57.019  3363  4360 D SyndHandler: Recognized ITunes namespace
08-05 03:37:57.020  3363  4360 D SyndHandler: Recognized Atom namespace
08-05 03:37:57.020  3363  4360 D SyndHandler: Recognized Content namespace
08-05 03:37:57.028  3363  4360 D OnlineFeedViewActivity: Deleted feed source file. Result: true
08-05 03:37:57.029  3363  3363 D OnlineFeedViewActivity: Removing HTML from shownotes
08-05 03:37:57.034  3363  3375 I art     : Starting a blocking GC Explicit
08-05 03:37:57.060  3363  3375 I art     : Explicit concurrent mark sweep GC freed 9107(616KB) AllocSpace objects, 7(280KB) LOS objects, 37% free, 26MB/42MB, paused 883us total 26.211ms
08-05 03:37:57.069  3363  3375 I art     : Starting a blocking GC Explicit
08-05 03:37:57.092  3363  3363 W art     : Before Android 4.1, method int androidx.appcompat.widget.DropDownListView.lookForSelectablePosition(int, boolean) would have incorrectly overridden the package-private method in android.widget.ListView
08-05 03:37:57.096  3363  3375 I art     : Explicit concurrent mark sweep GC freed 3945(269KB) AllocSpace objects, 1(64KB) LOS objects, 37% free, 27MB/43MB, paused 1.080ms total 26.573ms
08-05 03:37:57.100  3363  3363 I ListPopupWindow: Could not find method setEpicenterBounds(Rect) on PopupWindow. Oh well.
08-05 03:37:57.106  3363  3375 I art     : Starting a blocking GC Explicit
08-05 03:37:57.112  3363  4361 D ApOkHttpUrlLoader: buildLoadData() called with: model = [https://content.production.cdn.art19.com/images/89/e0/88/44/89e08844-ac28-4fc0-96fa-15a41fec2014/262c12ed699a8d9720dea0bd66449d998e4a08cf18095bed170ccaa76722045fa5dbf7a366918b2db7e3acf29ad22f6b99fd659a9409cb807bf2781d968932f8.jpeg], width = [350], height = [350]
08-05 03:37:57.117  3363  4172 D DBReader: getImageAuthentication() called with: imageUrl = [https://content.production.cdn.art19.com/images/89/e0/88/44/89e08844-ac28-4fc0-96fa-15a41fec2014/262c12ed699a8d9720dea0bd66449d998e4a08cf18095bed170ccaa76722045fa5dbf7a366918b2db7e3acf29ad22f6b99fd659a9409cb807bf2781d968932f8.jpeg]
08-05 03:37:57.118  3363  4172 D ApOkHttpUrlLoader: no credentials for 'https://content.production.cdn.art19.com/images/89/e0/88/44/89e08844-ac28-4fc0-96fa-15a41fec2014/262c12ed699a8d9720dea0bd66449d998e4a08cf18095bed170ccaa76722045fa5dbf7a366918b2db7e3acf29ad22f6b99fd659a9409cb807bf2781d968932f8.jpeg'
08-05 03:37:57.133  3363  3375 I art     : Explicit concurrent mark sweep GC freed 5012(345KB) AllocSpace objects, 2(88KB) LOS objects, 36% free, 27MB/43MB, paused 1.283ms total 27.173ms
08-05 03:37:57.142  3363  3375 I art     : Starting a blocking GC Explicit
08-05 03:37:57.145  3363  3363 D PlaybackController: Releasing PlaybackController
08-05 03:37:57.166  3363  3375 I art     : Explicit concurrent mark sweep GC freed 8081(405KB) AllocSpace objects, 0(0B) LOS objects, 37% free, 27MB/43MB, paused 660us total 23.899ms
08-05 03:37:57.174  3363  3375 I art     : Starting a blocking GC Explicit
08-05 03:37:57.198  3363  3375 I art     : Explicit concurrent mark sweep GC freed 54(2912B) AllocSpace objects, 1(112KB) LOS objects, 37% free, 27MB/43MB, paused 605us total 23.576ms
08-05 03:37:57.336   918  3188 I hubconnection: sensorhub said: 'set_bias 3: -6.2400, 0.0000, 0.0000'
08-05 03:37:57.471  3363  3376 I art     : Starting a blocking GC Explicit
08-05 03:37:57.505  3363  3376 I art     : Explicit concurrent mark sweep GC freed 5364(248KB) AllocSpace objects, 1(20KB) LOS objects, 37% free, 27MB/43MB, paused 755us total 33.357ms
08-05 03:37:57.518  3363  3376 I art     : Starting a blocking GC Explicit
08-05 03:37:57.533  3363  4172 D MYTAG   : interceptor 2a
08-05 03:37:57.533  3363  4172 I NAPPA_EXPERIMENTATION: MetricNetworkRequestExecutionTime: REQUEST_DURATION_SYSTEM='415',REQUEST_DURATION_OKHTTP='163',REQUEST_SYNCHRONOUS='TRUE',RESPONSE_CODE='200',RESPONSE_METHOD='GET',RESPONSE_LENGTH_OKHTTP='2466122',RESPONSE_LENGTH_HEADER='2466122',REQUEST_PROTOCOL='h2',REQUEST_URL='https://content.production.cdn.art19.com/images/89/e0/88/44/89e08844-ac28-4fc0-96fa-15a41fec2014/262c12ed699a8d9720dea0bd66449d998e4a08cf18095bed170ccaa76722045fa5dbf7a366918b2db7e3acf29ad22f6b99fd659a9409cb807bf2781d968932f8.jpeg',
08-05 03:37:57.544  3363  3376 I art     : Explicit concurrent mark sweep GC freed 291(22KB) AllocSpace objects, 0(0B) LOS objects, 37% free, 27MB/43MB, paused 745us total 25.911ms
08-05 03:37:57.553  3363  3376 I art     : Starting a blocking GC Explicit
08-05 03:37:57.577  3363  3376 I art     : Explicit concurrent mark sweep GC freed 60(3KB) AllocSpace objects, 0(0B) LOS objects, 37% free, 27MB/43MB, paused 675us total 24.024ms
08-05 03:37:57.586  3363  3376 I art     : Starting a blocking GC Explicit
08-05 03:37:57.610  3363  3376 I art     : Explicit concurrent mark sweep GC freed 39(1248B) AllocSpace objects, 0(0B) LOS objects, 37% free, 27MB/43MB, paused 652us total 23.460ms
08-05 03:37:57.618  3363  3376 I art     : Starting a blocking GC Explicit
08-05 03:37:57.643  3363  3376 I art     : Explicit concurrent mark sweep GC freed 45(1440B) AllocSpace objects, 0(0B) LOS objects, 37% free, 27MB/43MB, paused 1.159ms total 23.941ms
08-05 03:37:57.899  3363  4345 I art     : Starting a blocking GC Explicit
08-05 03:37:57.930  3363  4345 I art     : Explicit concurrent mark sweep GC freed 2776(152KB) AllocSpace objects, 1(20KB) LOS objects, 36% free, 27MB/43MB, paused 835us total 30.371ms
08-05 03:37:57.943  3363  4345 I art     : Starting a blocking GC Explicit
08-05 03:37:57.971  3363  4345 I art     : Explicit concurrent mark sweep GC freed 91(14KB) AllocSpace objects, 0(0B) LOS objects, 36% free, 27MB/43MB, paused 692us total 27.812ms
08-05 03:37:57.980  3363  4345 I art     : Starting a blocking GC Explicit
08-05 03:37:58.006  3363  4345 I art     : Explicit concurrent mark sweep GC freed 98(4KB) AllocSpace objects, 0(0B) LOS objects, 36% free, 27MB/43MB, paused 654us total 24.977ms
08-05 03:37:58.014  3363  4345 I art     : Starting a blocking GC Explicit
08-05 03:37:58.037  3363  4345 I art     : Explicit concurrent mark sweep GC freed 5(176B) AllocSpace objects, 0(0B) LOS objects, 36% free, 27MB/43MB, paused 582us total 22.558ms
08-05 03:37:58.045  3363  4345 I art     : Starting a blocking GC Explicit
08-05 03:37:58.070  3363  4345 I art     : Explicit concurrent mark sweep GC freed 3(96B) AllocSpace objects, 0(0B) LOS objects, 36% free, 27MB/43MB, paused 646us total 25.299ms
08-05 03:37:58.386  3363  3375 I art     : Starting a blocking GC Explicit
08-05 03:37:58.416  3363  3375 I art     : Explicit concurrent mark sweep GC freed 1369(80KB) AllocSpace objects, 1(20KB) LOS objects, 36% free, 27MB/43MB, paused 651us total 29.241ms
08-05 03:37:58.425  3363  3375 I art     : Starting a blocking GC Explicit
08-05 03:37:58.451  3363  3375 I art     : Explicit concurrent mark sweep GC freed 54(1584B) AllocSpace objects, 0(0B) LOS objects, 36% free, 27MB/43MB, paused 612us total 26.129ms
08-05 03:37:58.461  3363  3375 I art     : Starting a blocking GC Explicit
08-05 03:37:58.488  3363  3375 I art     : Explicit concurrent mark sweep GC freed 3(96B) AllocSpace objects, 0(0B) LOS objects, 36% free, 27MB/43MB, paused 722us total 26.397ms
08-05 03:37:58.497  3363  3375 I art     : Starting a blocking GC Explicit
08-05 03:37:58.522  3363  3375 I art     : Explicit concurrent mark sweep GC freed 3(96B) AllocSpace objects, 0(0B) LOS objects, 36% free, 27MB/43MB, paused 665us total 24.981ms
08-05 03:37:58.531  3363  3375 I art     : Starting a blocking GC Explicit
08-05 03:37:58.557  3363  3375 I art     : Explicit concurrent mark sweep GC freed 3(96B) AllocSpace objects, 0(0B) LOS objects, 36% free, 27MB/43MB, paused 863us total 25.451ms
08-05 03:37:58.876  3363  3471 I art     : Starting a blocking GC Explicit
08-05 03:37:58.900  3363  3471 I art     : Explicit concurrent mark sweep GC freed 1391(80KB) AllocSpace objects, 1(20KB) LOS objects, 36% free, 27MB/43MB, paused 598us total 23.492ms
08-05 03:37:58.909  3363  3471 I art     : Starting a blocking GC Explicit
08-05 03:37:58.931  3363  3471 I art     : Explicit concurrent mark sweep GC freed 26(848B) AllocSpace objects, 0(0B) LOS objects, 36% free, 27MB/43MB, paused 590us total 22.305ms
08-05 03:37:58.932  3363  3373 I art     : WaitForGcToComplete blocked for 22.922ms for cause HeapTrim
08-05 03:37:58.940  3363  3471 I art     : Starting a blocking GC Explicit
08-05 03:37:58.962  3363  3471 I art     : Explicit concurrent mark sweep GC freed 5(160B) AllocSpace objects, 0(0B) LOS objects, 36% free, 27MB/43MB, paused 644us total 22.508ms
08-05 03:37:58.971  3363  3471 I art     : Starting a blocking GC Explicit
08-05 03:37:58.995  3363  3471 I art     : Explicit concurrent mark sweep GC freed 3(96B) AllocSpace objects, 0(0B) LOS objects, 36% free, 27MB/43MB, paused 625us total 23.740ms
08-05 03:37:59.003  3363  3471 I art     : Starting a blocking GC Explicit
08-05 03:37:59.028  3363  3471 I art     : Explicit concurrent mark sweep GC freed 3(96B) AllocSpace objects, 0(0B) LOS objects, 36% free, 27MB/43MB, paused 635us total 23.807ms
08-05 03:37:59.347  3363  3376 I art     : Starting a blocking GC Explicit
08-05 03:37:59.381  3363  3376 I art     : Explicit concurrent mark sweep GC freed 1367(82KB) AllocSpace objects, 1(20KB) LOS objects, 36% free, 27MB/43MB, paused 716us total 34.333ms
08-05 03:37:59.393  3363  3376 I art     : Starting a blocking GC Explicit
08-05 03:37:59.420  3363  3376 I art     : Explicit concurrent mark sweep GC freed 23(752B) AllocSpace objects, 0(0B) LOS objects, 36% free, 27MB/43MB, paused 659us total 26.431ms
08-05 03:37:59.429  3363  3376 I art     : Starting a blocking GC Explicit
08-05 03:37:59.455  3363  3376 I art     : Explicit concurrent mark sweep GC freed 34(928B) AllocSpace objects, 0(0B) LOS objects, 36% free, 27MB/43MB, paused 654us total 25.934ms
08-05 03:37:59.465  3363  3376 I art     : Starting a blocking GC Explicit
08-05 03:37:59.490  3363  3376 I art     : Explicit concurrent mark sweep GC freed 3(96B) AllocSpace objects, 0(0B) LOS objects, 36% free, 27MB/43MB, paused 651us total 25.307ms
08-05 03:37:59.499  3363  3376 I art     : Starting a blocking GC Explicit
08-05 03:37:59.526  3363  3376 I art     : Explicit concurrent mark sweep GC freed 3(96B) AllocSpace objects, 0(0B) LOS objects, 36% free, 27MB/43MB, paused 656us total 25.892ms
08-05 03:37:59.854  3363  4345 I art     : Starting a blocking GC Explicit
08-05 03:37:59.880  3363  4345 I art     : Explicit concurrent mark sweep GC freed 1366(80KB) AllocSpace objects, 1(20KB) LOS objects, 36% free, 27MB/43MB, paused 638us total 26.147ms
08-05 03:37:59.889  3363  4345 I art     : Starting a blocking GC Explicit
08-05 03:37:59.914  3363  4345 I art     : Explicit concurrent mark sweep GC freed 23(752B) AllocSpace objects, 0(0B) LOS objects, 36% free, 27MB/43MB, paused 654us total 25.092ms
08-05 03:37:59.924  3363  4345 I art     : Starting a blocking GC Explicit
08-05 03:37:59.950  3363  4345 I art     : Explicit concurrent mark sweep GC freed 3(96B) AllocSpace objects, 0(0B) LOS objects, 36% free, 27MB/43MB, paused 684us total 26.085ms
08-05 03:37:59.959  3363  4345 I art     : Starting a blocking GC Explicit
08-05 03:37:59.985  3363  4345 I art     : Explicit concurrent mark sweep GC freed 3(96B) AllocSpace objects, 0(0B) LOS objects, 36% free, 27MB/43MB, paused 652us total 25.477ms
08-05 03:37:59.994  3363  4345 I art     : Starting a blocking GC Explicit
08-05 03:38:00.019  3363  4345 I art     : Explicit concurrent mark sweep GC freed 3(96B) AllocSpace objects, 0(0B) LOS objects, 36% free, 27MB/43MB, paused 702us total 24.236ms
08-05 03:38:00.303  3363  3375 I art     : Starting a blocking GC Explicit
08-05 03:38:00.333  3363  3375 I art     : Explicit concurrent mark sweep GC freed 1366(80KB) AllocSpace objects, 1(20KB) LOS objects, 36% free, 27MB/43MB, paused 631us total 30.110ms
08-05 03:38:00.343  3363  3375 I art     : Starting a blocking GC Explicit
08-05 03:38:00.369  3363  3375 I art     : Explicit concurrent mark sweep GC freed 23(752B) AllocSpace objects, 0(0B) LOS objects, 36% free, 27MB/43MB, paused 659us total 26.157ms
08-05 03:38:00.378  3363  3375 I art     : Starting a blocking GC Explicit
08-05 03:38:00.405  3363  3375 I art     : Explicit concurrent mark sweep GC freed 3(96B) AllocSpace objects, 0(0B) LOS objects, 36% free, 27MB/43MB, paused 662us total 26.222ms
08-05 03:38:00.414  3363  3375 I art     : Starting a blocking GC Explicit
08-05 03:38:00.440  3363  3375 I art     : Explicit concurrent mark sweep GC freed 34(928B) AllocSpace objects, 0(0B) LOS objects, 36% free, 27MB/43MB, paused 661us total 25.956ms
08-05 03:38:00.450  3363  3375 I art     : Starting a blocking GC Explicit
08-05 03:38:00.476  3363  3375 I art     : Explicit concurrent mark sweep GC freed 3(96B) AllocSpace objects, 0(0B) LOS objects, 36% free, 27MB/43MB, paused 600us total 25.661ms
08-05 03:38:00.748  3363  3471 I art     : Starting a blocking GC Explicit
08-05 03:38:00.774  3363  3471 I art     : Explicit concurrent mark sweep GC freed 1366(80KB) AllocSpace objects, 1(20KB) LOS objects, 36% free, 27MB/43MB, paused 644us total 25.648ms
08-05 03:38:00.783  3363  3471 I art     : Starting a blocking GC Explicit
08-05 03:38:00.809  3363  3471 I art     : Explicit concurrent mark sweep GC freed 23(752B) AllocSpace objects, 0(0B) LOS objects, 36% free, 27MB/43MB, paused 662us total 25.314ms
08-05 03:38:00.818  3363  3471 I art     : Starting a blocking GC Explicit
08-05 03:38:00.842  3363  3471 I art     : Explicit concurrent mark sweep GC freed 3(96B) AllocSpace objects, 0(0B) LOS objects, 36% free, 27MB/43MB, paused 658us total 24.471ms
08-05 03:38:00.851  3363  3471 I art     : Starting a blocking GC Explicit
08-05 03:38:00.876  3363  3471 I art     : Explicit concurrent mark sweep GC freed 3(96B) AllocSpace objects, 0(0B) LOS objects, 36% free, 27MB/43MB, paused 629us total 24.923ms
08-05 03:38:00.885  3363  3471 I art     : Starting a blocking GC Explicit
08-05 03:38:00.910  3363  3471 I art     : Explicit concurrent mark sweep GC freed 3(96B) AllocSpace objects, 0(0B) LOS objects, 36% free, 27MB/43MB, paused 649us total 24.264ms
08-05 03:38:00.974  4439  4439 D AndroidRuntime: >>>>>> START com.android.internal.os.RuntimeInit uid 2000 <<<<<<
08-05 03:38:00.979  4439  4439 D AndroidRuntime: CheckJNI is OFF
08-05 03:38:01.016  4439  4439 D ICU     : No timezone override file found: /data/misc/zoneinfo/current/icu/icu_tzdata.dat
08-05 03:38:01.054  4439  4439 I Radio-JNI: register_android_hardware_Radio DONE
08-05 03:38:01.078  4439  4439 D AndroidRuntime: Calling main entry com.android.commands.input.Input
08-05 03:38:01.080  4439  4439 I Input   : injectMotionEvent: MotionEvent { action=ACTION_DOWN, actionButton=0, id[0]=0, x[0]=625.0, y[0]=832.0, toolType[0]=TOOL_TYPE_UNKNOWN, buttonState=0, metaState=0, flags=0x0, edgeFlags=0x0, pointerCount=1, historySize=0, eventTime=761897492, downTime=761897492, deviceId=0, source=0x1002 }
08-05 03:38:01.085  4439  4439 I Input   : injectMotionEvent: MotionEvent { action=ACTION_UP, actionButton=0, id[0]=0, x[0]=625.0, y[0]=832.0, toolType[0]=TOOL_TYPE_UNKNOWN, buttonState=0, metaState=0, flags=0x0, edgeFlags=0x0, pointerCount=1, historySize=0, eventTime=761897492, downTime=761897492, deviceId=0, source=0x1002 }
08-05 03:38:01.087  4439  4439 D AndroidRuntime: Shutting down VM
08-05 03:38:01.105  3363  3363 D UserPreferences: Using default data folder
08-05 03:38:01.106  3363  3363 D DownloadRequester: partiallyDownloadedFileExists: false
08-05 03:38:01.107   512  2967 D audio_hw_primary: out_set_parameters: enter: usecase(1: low-latency-playback) kvpairs: routing=2
08-05 03:38:01.107  3363  3363 D DownloadRequester: /storage/emulated/0/Android/data/baseline.de.danoeh.antennapod.debug/files/cache/feed-Nice White Parents is available as a download destination
08-05 03:38:01.107  3363  3363 D DownloadRequester: Requesting download of url https://rss.art19.com/nice-white-parents
08-05 03:38:01.113  3363  3363 D DownloadService: Service started
08-05 03:38:01.114  3363  3363 D DownloadService: parallel downloads: 4
08-05 03:38:01.115  3363  4475 D downloadCompletionThd: downloadCompletionThread was started
08-05 03:38:01.117  3363  3363 D DownloadService: Notification set up
08-05 03:38:01.119   512  2967 D audio_hw_primary: select_devices: out_snd_device(2: speaker) in_snd_device(0: none)
08-05 03:38:01.120   512  2967 D msm8974_platform: platform_send_audio_calibration: sending audio calibration for snd_device(2) acdb_id(15)
08-05 03:38:01.120   512  2967 I soundtrigger: audio_extn_sound_trigger_update_device_status: device 0x2 of type 0 for Event 1
08-05 03:38:01.130   512  2967 D audio_hw_primary: enable_snd_device: snd_device(2: speaker)
08-05 03:38:01.132  3363  3363 D DownloadService: Received enqueue request
08-05 03:38:01.132   512  2967 D audio_hw_primary: enable_audio_route: apply and update mixer path: low-latency-playback speaker
08-05 03:38:01.134  3363  3363 D OnlineFeedViewActivity: onEventMainThread() called with: event = [DownloadEvent{update=DownloaderUpdate{downloaders=[baseline.de.danoeh.antennapod.core.service.download.HttpDownloader@cfb5015], feedIds=[0], mediaIds=[]}}]
08-05 03:38:01.134  3363  3363 D DownloadService: 1 downloads left
08-05 03:38:01.135  3363  3363 D DownloadService: Setting up notification updater
08-05 03:38:01.135   918  5481 D WifiService: acquireWifiLockLocked: WifiLock{Downloader type=1 binder=android.os.BinderProxy@89ca590}
08-05 03:38:01.143  3363  4480 D AntennapodHttpClient: Creating new instance of HTTP client
08-05 03:38:01.188  3363  3376 I art     : Starting a blocking GC Explicit
08-05 03:38:01.212  3363  3376 I art     : Explicit concurrent mark sweep GC freed 2559(151KB) AllocSpace objects, 1(20KB) LOS objects, 36% free, 27MB/43MB, paused 755us total 23.619ms
08-05 03:38:01.220  3363  3376 I art     : Starting a blocking GC Explicit
08-05 03:38:01.243  3363  3376 I art     : Explicit concurrent mark sweep GC freed 103(5KB) AllocSpace objects, 0(0B) LOS objects, 36% free, 27MB/43MB, paused 719us total 22.951ms
08-05 03:38:01.252  3363  3376 I art     : Starting a blocking GC Explicit
08-05 03:38:01.275  3363  3376 I art     : Explicit concurrent mark sweep GC freed 25(1936B) AllocSpace objects, 0(0B) LOS objects, 36% free, 27MB/43MB, paused 712us total 22.736ms
08-05 03:38:01.283  3363  3376 I art     : Starting a blocking GC Explicit
08-05 03:38:01.305  3363  3376 I art     : Explicit concurrent mark sweep GC freed 6(192B) AllocSpace objects, 0(0B) LOS objects, 36% free, 27MB/43MB, paused 684us total 22.226ms
08-05 03:38:01.313  3363  3376 I art     : Starting a blocking GC Explicit
08-05 03:38:01.338  3363  3376 I art     : Explicit concurrent mark sweep GC freed 1393(89KB) AllocSpace objects, 3(200KB) LOS objects, 36% free, 28MB/44MB, paused 1.096ms total 24.184ms
08-05 03:38:01.506  3363  4480 D MYTAG   : interceptor 3a https://rss.art19.com/nice-white-parents
08-05 03:38:01.507  3363  4480 I NAPPA_EXPERIMENTATION: MetricNetworkRequestExecutionTime: REQUEST_DURATION_SYSTEM='363',REQUEST_DURATION_OKHTTP='156',REQUEST_SYNCHRONOUS='TRUE',RESPONSE_CODE='200',RESPONSE_METHOD='GET',RESPONSE_LENGTH_OKHTTP='-1',RESPONSE_LENGTH_HEADER='1803',REQUEST_PROTOCOL='h2',REQUEST_URL='https://rss.art19.com/nice-white-parents',
08-05 03:38:01.507  3363  4480 D HttpDownloader: Response code is 200
08-05 03:38:01.507  3363  4480 D UserPreferences: Using default data folder
08-05 03:38:01.509  3363  4480 D HttpDownloader: Getting size of download
08-05 03:38:01.509  3363  4480 D HttpDownloader: Size is -1
08-05 03:38:01.509  3363  4480 D UserPreferences: Using default data folder
08-05 03:38:01.509  3363  4480 D HttpDownloader: Free space is 20231520256
08-05 03:38:01.509  3363  4480 D HttpDownloader: Starting download
08-05 03:38:01.559  3363  4480 D HttpDownloader: Download was successful
08-05 03:38:01.560   918  3696 D WifiService: releaseWifiLockLocked: WifiLock{Downloader type=1 binder=android.os.BinderProxy@89ca590}
08-05 03:38:01.561  3363  4475 D downloadCompletionThd: Received 'Download Complete' - message.
08-05 03:38:01.561  3363  4475 D DownloadService: Handling completed Feed Download
08-05 03:38:01.561  3363  3363 D DownloadService: Removing downloader: https://rss.art19.com/nice-white-parents
08-05 03:38:01.561  3363  3363 D DownloadService: Result of downloads.remove: true
08-05 03:38:01.562  3363  3363 D OnlineFeedViewActivity: onEventMainThread() called with: event = [DownloadEvent{update=DownloaderUpdate{downloaders=[], feedIds=[], mediaIds=[]}}]
08-05 03:38:01.564  3363  4497 D TypeGetter: Recognized type RSS 2.0
08-05 03:38:01.566  3363  4497 D SyndHandler: Recognized ITunes namespace
08-05 03:38:01.566  3363  4497 D SyndHandler: Recognized Atom namespace
08-05 03:38:01.566  3363  4497 D SyndHandler: Recognized Content namespace
08-05 03:38:01.570  3363  4497 D FeedSyncThread: Nice White Parents parsed
08-05 03:38:01.570  3363  4497 D FeedSyncThread: Deletion of file '/storage/emulated/0/Android/data/baseline.de.danoeh.antennapod.debug/files/cache/feed-Nice White Parents' successful
08-05 03:38:01.570  3363  4497 D DBReader: getFeedDownloadLog() called with: feed = [baseline.de.danoeh.antennapod.core.feed.Feed@0]
08-05 03:38:01.572  3363  4476 D FeedSyncThread: Bundling 1 feeds
08-05 03:38:01.573  3363  4498 D DBReader: Extracting Feedlist
08-05 03:38:01.574  3363  4498 D DBTasks : Found no existing Feed with title Nice White Parents. Adding as new one.
08-05 03:38:01.576  3363  4499 D PodDBAdapter: Setting feed with flattr status Nice White Parents: 0
08-05 03:38:01.576  3363  4499 D baseline.de.danoeh.antennapod.core.storage.PodDBAdapter@150f982: Inserting new Feed into db
08-05 03:38:01.584  3363  3375 I art     : Starting a blocking GC Explicit
08-05 03:38:01.591  3363  3363 D EventDistributor: Processing event queue. Number of events: 1
08-05 03:38:01.591  3363  3363 D EventDistributor: Notifying observers. Data: 1
08-05 03:38:01.592  3363  3959 D DBReader: Extracting Feedlist
08-05 03:38:01.592  3363  3363 D DownloadService: 0 downloads left
08-05 03:38:01.592  3363  3363 D DownloadService: Number of downloads is 0, attempting shutdown
08-05 03:38:01.593  3363  3363 D DownloadService: Service shutting down
08-05 03:38:01.593  3363  3363 D DownloadService: No report is created
08-05 03:38:01.593  3363  3363 D OnlineFeedViewActivity: onEventMainThread() called with: event = [DownloadEvent{update=DownloaderUpdate{downloaders=[], feedIds=[], mediaIds=[]}}]
08-05 03:38:01.597  3363  3363 D DownloadService: NotificationUpdater cancelled. Result: false
08-05 03:38:01.597  3363  4475 E downloadCompletionThd: DownloadCompletionThread was interrupted
08-05 03:38:01.597  3363  3363 D DBTasks : autodownloadUndownloadedItems
08-05 03:38:01.598  3363  4500 D NetworkUtils: Device is connected to Wi-Fi
08-05 03:38:01.599  3363  4500 D NetworkUtils: Auto-dl filter is disabled
08-05 03:38:01.610  3363  3375 I art     : Explicit concurrent mark sweep GC freed 6839(591KB) AllocSpace objects, 5(100KB) LOS objects, 36% free, 28MB/44MB, paused 833us total 25.685ms
08-05 03:38:01.618  3363  3375 I art     : Starting a blocking GC Explicit
08-05 03:38:01.642  3363  3375 I art     : Explicit concurrent mark sweep GC freed 426(22KB) AllocSpace objects, 0(0B) LOS objects, 36% free, 27MB/43MB, paused 747us total 23.558ms
08-05 03:38:01.650  3363  3375 I art     : Starting a blocking GC Explicit
08-05 03:38:01.668   512  2967 D audio_hw_primary: disable_audio_route: reset and update mixer path: low-latency-playback speaker
08-05 03:38:01.669   512  2967 D audio_hw_primary: disable_snd_device: snd_device(2: speaker)
08-05 03:38:01.674  3363  3375 I art     : Explicit concurrent mark sweep GC freed 15(576B) AllocSpace objects, 0(0B) LOS objects, 36% free, 27MB/43MB, paused 708us total 23.706ms
08-05 03:38:01.677   512  2967 I soundtrigger: audio_extn_sound_trigger_update_device_status: device 0x2 of type 0 for Event 0
08-05 03:38:01.683  3363  3375 I art     : Starting a blocking GC Explicit
08-05 03:38:01.707  3363  3375 I art     : Explicit concurrent mark sweep GC freed 4(128B) AllocSpace objects, 0(0B) LOS objects, 36% free, 27MB/43MB, paused 842us total 24.580ms
08-05 03:38:01.716  3363  3375 I art     : Starting a blocking GC Explicit
08-05 03:38:01.741  3363  3375 I art     : Explicit concurrent mark sweep GC freed 5(160B) AllocSpace objects, 0(0B) LOS objects, 36% free, 27MB/43MB, paused 768us total 24.238ms
08-05 03:38:02.034  3363  3376 I art     : Starting a blocking GC Explicit
08-05 03:38:02.064  3363  3376 I art     : Explicit concurrent mark sweep GC freed 1375(80KB) AllocSpace objects, 1(20KB) LOS objects, 36% free, 27MB/43MB, paused 791us total 29.378ms
08-05 03:38:02.077  3363  3376 I art     : Starting a blocking GC Explicit
08-05 03:38:02.104  3363  3376 I art     : Explicit concurrent mark sweep GC freed 25(816B) AllocSpace objects, 0(0B) LOS objects, 36% free, 27MB/43MB, paused 751us total 26.302ms
08-05 03:38:02.113  3363  3376 I art     : Starting a blocking GC Explicit
08-05 03:38:02.139  3363  3376 I art     : Explicit concurrent mark sweep GC freed 3(96B) AllocSpace objects, 0(0B) LOS objects, 36% free, 27MB/43MB, paused 759us total 26.191ms
08-05 03:38:02.148  3363  3376 I art     : Starting a blocking GC Explicit
08-05 03:38:02.173  3363  3376 I art     : Explicit concurrent mark sweep GC freed 3(96B) AllocSpace objects, 0(0B) LOS objects, 36% free, 27MB/43MB, paused 726us total 25.036ms
08-05 03:38:02.182  3363  3376 I art     : Starting a blocking GC Explicit
08-05 03:38:02.210  3363  3376 I art     : Explicit concurrent mark sweep GC freed 3(96B) AllocSpace objects, 0(0B) LOS objects, 36% free, 27MB/43MB, paused 785us total 26.891ms
08-05 03:38:02.506  3363  3471 I art     : Starting a blocking GC Explicit
08-05 03:38:02.540  3363  3471 I art     : Explicit concurrent mark sweep GC freed 1398(82KB) AllocSpace objects, 1(20KB) LOS objects, 36% free, 27MB/43MB, paused 841us total 33.994ms
08-05 03:38:02.552  3363  3471 I art     : Starting a blocking GC Explicit
08-05 03:38:02.580  3363  3471 I art     : Explicit concurrent mark sweep GC freed 23(752B) AllocSpace objects, 0(0B) LOS objects, 36% free, 27MB/43MB, paused 800us total 27.653ms
08-05 03:38:02.590  3363  3471 I art     : Starting a blocking GC Explicit
08-05 03:38:02.617  3363  3471 I art     : Explicit concurrent mark sweep GC freed 3(96B) AllocSpace objects, 0(0B) LOS objects, 36% free, 27MB/43MB, paused 865us total 27.031ms
08-05 03:38:02.626  3363  3471 I art     : Starting a blocking GC Explicit
08-05 03:38:02.654  3363  3471 I art     : Explicit concurrent mark sweep GC freed 3(96B) AllocSpace objects, 0(0B) LOS objects, 36% free, 27MB/43MB, paused 769us total 27.513ms
08-05 03:38:02.663  3363  3471 I art     : Starting a blocking GC Explicit
08-05 03:38:02.692  3363  3471 I art     : Explicit concurrent mark sweep GC freed 3(96B) AllocSpace objects, 0(0B) LOS objects, 36% free, 27MB/43MB, paused 797us total 28.575ms
08-05 03:38:03.017  3363  4345 I art     : Starting a blocking GC Explicit
08-05 03:38:03.056  3363  4345 I art     : Explicit concurrent mark sweep GC freed 1373(82KB) AllocSpace objects, 1(20KB) LOS objects, 36% free, 27MB/43MB, paused 831us total 38.904ms
08-05 03:38:03.069  3363  4345 I art     : Starting a blocking GC Explicit
08-05 03:38:03.096  3363  4345 I art     : Explicit concurrent mark sweep GC freed 23(752B) AllocSpace objects, 0(0B) LOS objects, 36% free, 27MB/43MB, paused 766us total 26.540ms
08-05 03:38:03.105  3363  4345 I art     : Starting a blocking GC Explicit
08-05 03:38:03.132  3363  4345 I art     : Explicit concurrent mark sweep GC freed 3(96B) AllocSpace objects, 0(0B) LOS objects, 36% free, 27MB/43MB, paused 795us total 26.975ms
08-05 03:38:03.141  3363  4345 I art     : Starting a blocking GC Explicit
08-05 03:38:03.169  3363  4345 I art     : Explicit concurrent mark sweep GC freed 3(96B) AllocSpace objects, 0(0B) LOS objects, 36% free, 27MB/43MB, paused 783us total 27.092ms
08-05 03:38:03.178  3363  4345 I art     : Starting a blocking GC Explicit
08-05 03:38:03.204  3363  4345 I art     : Explicit concurrent mark sweep GC freed 3(96B) AllocSpace objects, 0(0B) LOS objects, 36% free, 27MB/43MB, paused 761us total 25.117ms
08-05 03:38:03.500  3363  3375 I art     : Starting a blocking GC Explicit
08-05 03:38:03.527  3363  3375 I art     : Explicit concurrent mark sweep GC freed 1403(83KB) AllocSpace objects, 1(20KB) LOS objects, 36% free, 27MB/43MB, paused 788us total 26.795ms
08-05 03:38:03.536  3363  3375 I art     : Starting a blocking GC Explicit
08-05 03:38:03.562  3363  3375 I art     : Explicit concurrent mark sweep GC freed 33(1136B) AllocSpace objects, 0(0B) LOS objects, 36% free, 27MB/43MB, paused 795us total 26.373ms
08-05 03:38:03.572  3363  3375 I art     : Starting a blocking GC Explicit
08-05 03:38:03.598  3363  3375 I art     : Explicit concurrent mark sweep GC freed 3(96B) AllocSpace objects, 0(0B) LOS objects, 36% free, 27MB/43MB, paused 769us total 26.290ms
08-05 03:38:03.608  3363  3375 I art     : Starting a blocking GC Explicit
08-05 03:38:03.635  3363  3375 I art     : Explicit concurrent mark sweep GC freed 3(96B) AllocSpace objects, 0(0B) LOS objects, 36% free, 27MB/43MB, paused 777us total 26.827ms
08-05 03:38:03.644  3363  3375 I art     : Starting a blocking GC Explicit
08-05 03:38:03.671  3363  3375 I art     : Explicit concurrent mark sweep GC freed 3(96B) AllocSpace objects, 0(0B) LOS objects, 36% free, 27MB/43MB, paused 784us total 26.919ms
08-05 03:38:04.011  3363  3471 I art     : Starting a blocking GC Explicit
08-05 03:38:04.045  3363  3471 I art     : Explicit concurrent mark sweep GC freed 1370(80KB) AllocSpace objects, 1(20KB) LOS objects, 36% free, 27MB/43MB, paused 856us total 33.952ms
08-05 03:38:04.057  3363  3471 I art     : Starting a blocking GC Explicit
08-05 03:38:04.084  3363  3471 I art     : Explicit concurrent mark sweep GC freed 23(752B) AllocSpace objects, 0(0B) LOS objects, 36% free, 27MB/43MB, paused 747us total 26.584ms
08-05 03:38:04.093  3363  3471 I art     : Starting a blocking GC Explicit
08-05 03:38:04.120  3363  3471 I art     : Explicit concurrent mark sweep GC freed 3(96B) AllocSpace objects, 0(0B) LOS objects, 36% free, 27MB/43MB, paused 778us total 26.885ms
08-05 03:38:04.130  3363  3471 I art     : Starting a blocking GC Explicit
08-05 03:38:04.158  3363  3471 I art     : Explicit concurrent mark sweep GC freed 3(96B) AllocSpace objects, 0(0B) LOS objects, 36% free, 27MB/43MB, paused 814us total 27.736ms
08-05 03:38:04.167  3363  3471 I art     : Starting a blocking GC Explicit
08-05 03:38:04.194  3363  3471 I art     : Explicit concurrent mark sweep GC freed 3(96B) AllocSpace objects, 0(0B) LOS objects, 36% free, 27MB/43MB, paused 758us total 26.646ms
08-05 03:38:04.531  3363  4345 I art     : Starting a blocking GC Explicit
08-05 03:38:04.569  3363  4345 I art     : Explicit concurrent mark sweep GC freed 1397(80KB) AllocSpace objects, 1(20KB) LOS objects, 36% free, 27MB/43MB, paused 837us total 38.469ms
08-05 03:38:04.583  3363  4345 I art     : Starting a blocking GC Explicit
08-05 03:38:04.608  3363  4345 I art     : Explicit concurrent mark sweep GC freed 23(752B) AllocSpace objects, 0(0B) LOS objects, 36% free, 27MB/43MB, paused 767us total 25.316ms
08-05 03:38:04.617  3363  4345 I art     : Starting a blocking GC Explicit
08-05 03:38:04.644  3363  4345 I art     : Explicit concurrent mark sweep GC freed 3(96B) AllocSpace objects, 0(0B) LOS objects, 36% free, 27MB/43MB, paused 723us total 26.713ms
08-05 03:38:04.653  3363  4345 I art     : Starting a blocking GC Explicit
08-05 03:38:04.680  3363  4345 I art     : Explicit concurrent mark sweep GC freed 3(96B) AllocSpace objects, 0(0B) LOS objects, 36% free, 27MB/43MB, paused 769us total 26.895ms
08-05 03:38:04.690  3363  4345 I art     : Starting a blocking GC Explicit
08-05 03:38:04.718  3363  4345 I art     : Explicit concurrent mark sweep GC freed 3(96B) AllocSpace objects, 0(0B) LOS objects, 36% free, 27MB/43MB, paused 823us total 27.738ms
08-05 03:38:05.064  3363  3376 I art     : Starting a blocking GC Explicit
08-05 03:38:05.103  3363  3376 I art     : Explicit concurrent mark sweep GC freed 1367(82KB) AllocSpace objects, 1(20KB) LOS objects, 36% free, 27MB/43MB, paused 909us total 38.070ms
08-05 03:38:05.118  3363  3376 I art     : Starting a blocking GC Explicit
08-05 03:38:05.149  3363  3376 I art     : Explicit concurrent mark sweep GC freed 23(752B) AllocSpace objects, 0(0B) LOS objects, 36% free, 27MB/43MB, paused 777us total 31.204ms
08-05 03:38:05.159  3363  3376 I art     : Starting a blocking GC Explicit
08-05 03:38:05.187  3363  3376 I art     : Explicit concurrent mark sweep GC freed 3(96B) AllocSpace objects, 0(0B) LOS objects, 36% free, 27MB/43MB, paused 749us total 27.543ms
08-05 03:38:05.196  3363  3376 I art     : Starting a blocking GC Explicit
08-05 03:38:05.224  3363  3376 I art     : Explicit concurrent mark sweep GC freed 3(96B) AllocSpace objects, 0(0B) LOS objects, 36% free, 27MB/43MB, paused 788us total 27.616ms
08-05 03:38:05.233  3363  3376 I art     : Starting a blocking GC Explicit
08-05 03:38:05.260  3363  3376 I art     : Explicit concurrent mark sweep GC freed 3(96B) AllocSpace objects, 0(0B) LOS objects, 36% free, 27MB/43MB, paused 782us total 26.387ms
08-05 03:38:05.523  3363  3375 I art     : Starting a blocking GC Explicit
08-05 03:38:05.556  3363  3375 I art     : Explicit concurrent mark sweep GC freed 1397(80KB) AllocSpace objects, 1(20KB) LOS objects, 36% free, 27MB/43MB, paused 884us total 32.570ms
08-05 03:38:05.567  3363  3375 I art     : Starting a blocking GC Explicit
08-05 03:38:05.594  3363  3375 I art     : Explicit concurrent mark sweep GC freed 23(752B) AllocSpace objects, 0(0B) LOS objects, 36% free, 27MB/43MB, paused 792us total 26.109ms
08-05 03:38:05.603  3363  3375 I art     : Starting a blocking GC Explicit
08-05 03:38:05.629  3363  3375 I art     : Explicit concurrent mark sweep GC freed 3(96B) AllocSpace objects, 0(0B) LOS objects, 36% free, 27MB/43MB, paused 777us total 25.042ms
08-05 03:38:05.638  3363  3375 I art     : Starting a blocking GC Explicit
08-05 03:38:05.663  3363  3375 I art     : Explicit concurrent mark sweep GC freed 3(96B) AllocSpace objects, 0(0B) LOS objects, 36% free, 27MB/43MB, paused 762us total 25.626ms
08-05 03:38:05.672  3363  3375 I art     : Starting a blocking GC Explicit
08-05 03:38:05.698  3363  3375 I art     : Explicit concurrent mark sweep GC freed 3(96B) AllocSpace objects, 0(0B) LOS objects, 36% free, 27MB/43MB, paused 808us total 25.778ms
08-05 03:38:05.778  4572  4572 D AndroidRuntime: >>>>>> START com.android.internal.os.RuntimeInit uid 2000 <<<<<<
08-05 03:38:05.783  4572  4572 D AndroidRuntime: CheckJNI is OFF
08-05 03:38:05.820  4572  4572 D ICU     : No timezone override file found: /data/misc/zoneinfo/current/icu/icu_tzdata.dat
08-05 03:38:05.857  4572  4572 I Radio-JNI: register_android_hardware_Radio DONE
08-05 03:38:05.879  4572  4572 D AndroidRuntime: Calling main entry com.android.commands.input.Input
08-05 03:38:05.881  4572  4572 I Input   : injectKeyEvent: KeyEvent { action=ACTION_DOWN, keyCode=KEYCODE_BACK, scanCode=0, metaState=0, flags=0x0, repeatCount=0, eventTime=761902294, downTime=761902294, deviceId=-1, source=0x101 }
08-05 03:38:05.887  4572  4572 I Input   : injectKeyEvent: KeyEvent { action=ACTION_UP, keyCode=KEYCODE_BACK, scanCode=0, metaState=0, flags=0x0, repeatCount=0, eventTime=761902294, downTime=761902294, deviceId=-1, source=0x101 }
08-05 03:38:05.896  4572  4572 D AndroidRuntime: Shutting down VM
08-05 03:38:05.901  3363  3363 V PlaybackController: initServiceNotRunning()
08-05 03:38:05.902  3363  3363 D ExternalPlayerFragment: Loading media info
08-05 03:38:05.905  3363  3363 D UserPreferences: Using default data folder
08-05 03:38:05.905  3363  3955 D DBReader: getNavDrawerData() called with: 
08-05 03:38:05.909  3363  3955 D DBReader: getDownloadedItems() called
08-05 03:38:05.909  3363  3955 D DBReader: getFavoriteIDList() called
08-05 03:38:05.910  3363  3955 D DBReader: getQueueIDList() called
08-05 03:38:05.910  3363  3955 D DBReader: Extracting Feedlist
08-05 03:38:05.934  3363  3363 D MainActivity: getLastNavFragment() -> AddFeedFragment
08-05 03:38:05.936 13866 13866 I GoogleInputMethodServic: GoogleInputMethodService.onFinishInput():3138 
08-05 03:38:05.937 13866 13866 I GoogleInputMethodServic: GoogleInputMethodService.onStartInput():1808 
08-05 03:38:05.951  3363  4361 D ApOkHttpUrlLoader: buildLoadData() called with: model = [https://content.production.cdn.art19.com/images/89/e0/88/44/89e08844-ac28-4fc0-96fa-15a41fec2014/262c12ed699a8d9720dea0bd66449d998e4a08cf18095bed170ccaa76722045fa5dbf7a366918b2db7e3acf29ad22f6b99fd659a9409cb807bf2781d968932f8.jpeg], width = [140], height = [140]
08-05 03:38:05.998  3363  3376 I art     : Starting a blocking GC Explicit
08-05 03:38:06.022  3363  3376 I art     : Explicit concurrent mark sweep GC freed 2442(171KB) AllocSpace objects, 1(20KB) LOS objects, 36% free, 28MB/44MB, paused 780us total 23.842ms
08-05 03:38:06.030  3363  3376 I art     : Starting a blocking GC Explicit
08-05 03:38:06.056  3363  3376 I art     : Explicit concurrent mark sweep GC freed 489(25KB) AllocSpace objects, 0(0B) LOS objects, 36% free, 28MB/44MB, paused 751us total 25.095ms
08-05 03:38:06.065  3363  3376 I art     : Starting a blocking GC Explicit
08-05 03:38:06.091  3363  3376 I art     : Explicit concurrent mark sweep GC freed 3(96B) AllocSpace objects, 0(0B) LOS objects, 36% free, 28MB/44MB, paused 965us total 25.762ms
08-05 03:38:06.104  3363  3376 I art     : Starting a blocking GC Explicit
08-05 03:38:06.131  3363  3376 I art     : Explicit concurrent mark sweep GC freed 217(19KB) AllocSpace objects, 0(0B) LOS objects, 36% free, 28MB/44MB, paused 706us total 26.306ms
08-05 03:38:06.139  3363  3376 I art     : Starting a blocking GC Explicit
08-05 03:38:06.163  3363  3376 I art     : Explicit concurrent mark sweep GC freed 19(864B) AllocSpace objects, 0(0B) LOS objects, 36% free, 28MB/44MB, paused 686us total 23.793ms
08-05 03:38:06.256   380   380 W SurfaceFlinger: couldn't log to binary event log: overflow.
08-05 03:38:06.389 27088 27088 I Atfwd_Sendcmd: AtCmdFwd service not ready - Exhausted retry attempts - :6
08-05 03:38:06.389 27088 27088 I Atfwd_Daemon: result : -1 	 ,Init step :2 	 ,qmiErrorCode: 0
08-05 03:38:06.426  3363  3471 I art     : Starting a blocking GC Explicit
08-05 03:38:06.459  3363  3471 I art     : Explicit concurrent mark sweep GC freed 2038(108KB) AllocSpace objects, 1(20KB) LOS objects, 36% free, 28MB/44MB, paused 853us total 32.819ms
08-05 03:38:06.469  3363  3471 I art     : Starting a blocking GC Explicit
08-05 03:38:06.497  3363  3471 I art     : Explicit concurrent mark sweep GC freed 2483(152KB) AllocSpace objects, 2(248KB) LOS objects, 36% free, 27MB/43MB, paused 811us total 27.385ms
08-05 03:38:06.506  3363  3471 I art     : Starting a blocking GC Explicit
08-05 03:38:06.533  3363  3471 I art     : Explicit concurrent mark sweep GC freed 3(96B) AllocSpace objects, 0(0B) LOS objects, 36% free, 27MB/43MB, paused 791us total 26.935ms
08-05 03:38:06.542  3363  3471 I art     : Starting a blocking GC Explicit
08-05 03:38:06.569  3363  3471 I art     : Explicit concurrent mark sweep GC freed 3(96B) AllocSpace objects, 0(0B) LOS objects, 36% free, 27MB/43MB, paused 795us total 26.482ms
08-05 03:38:06.578  3363  3471 I art     : Starting a blocking GC Explicit
08-05 03:38:06.605  3363  3471 I art     : Explicit concurrent mark sweep GC freed 3(96B) AllocSpace objects, 0(0B) LOS objects, 36% free, 27MB/43MB, paused 791us total 26.283ms
08-05 03:38:06.904  3363  3375 I art     : Starting a blocking GC Explicit
08-05 03:38:06.937  3363  3375 I art     : Explicit concurrent mark sweep GC freed 1369(82KB) AllocSpace objects, 1(20KB) LOS objects, 36% free, 27MB/43MB, paused 855us total 33.054ms
08-05 03:38:06.950  3363  3375 I art     : Starting a blocking GC Explicit
08-05 03:38:06.980  3363  3375 I art     : Explicit concurrent mark sweep GC freed 23(752B) AllocSpace objects, 0(0B) LOS objects, 36% free, 27MB/43MB, paused 833us total 29.940ms
08-05 03:38:06.990  3363  3375 I art     : Starting a blocking GC Explicit
08-05 03:38:07.017  3363  3375 I art     : Explicit concurrent mark sweep GC freed 3(96B) AllocSpace objects, 0(0B) LOS objects, 36% free, 27MB/43MB, paused 865us total 26.868ms
08-05 03:38:07.026  3363  3375 I art     : Starting a blocking GC Explicit
08-05 03:38:07.052  3363  3375 I art     : Explicit concurrent mark sweep GC freed 3(96B) AllocSpace objects, 0(0B) LOS objects, 36% free, 27MB/43MB, paused 787us total 25.945ms
08-05 03:38:07.062  3363  3375 I art     : Starting a blocking GC Explicit
08-05 03:38:07.088  3363  3375 I art     : Explicit concurrent mark sweep GC freed 3(96B) AllocSpace objects, 0(0B) LOS objects, 36% free, 27MB/43MB, paused 798us total 26.084ms
08-05 03:38:07.361  3363  4345 I art     : Starting a blocking GC Explicit
08-05 03:38:07.391  3363  4345 I art     : Explicit concurrent mark sweep GC freed 1368(80KB) AllocSpace objects, 1(20KB) LOS objects, 36% free, 27MB/43MB, paused 894us total 29.556ms
08-05 03:38:07.406  3363  4345 I art     : Starting a blocking GC Explicit
08-05 03:38:07.432  3363  4345 I art     : Explicit concurrent mark sweep GC freed 53(1552B) AllocSpace objects, 0(0B) LOS objects, 36% free, 27MB/43MB, paused 829us total 25.568ms
08-05 03:38:07.440  3363  4345 I art     : Starting a blocking GC Explicit
08-05 03:38:07.465  3363  4345 I art     : Explicit concurrent mark sweep GC freed 4(128B) AllocSpace objects, 0(0B) LOS objects, 36% free, 27MB/43MB, paused 779us total 24.795ms
08-05 03:38:07.474  3363  4345 I art     : Starting a blocking GC Explicit
08-05 03:38:07.499  3363  4345 I art     : Explicit concurrent mark sweep GC freed 3(96B) AllocSpace objects, 0(0B) LOS objects, 36% free, 27MB/43MB, paused 799us total 24.804ms
08-05 03:38:07.508  3363  4345 I art     : Starting a blocking GC Explicit
08-05 03:38:07.534  3363  4345 I art     : Explicit concurrent mark sweep GC freed 4(128B) AllocSpace objects, 0(0B) LOS objects, 36% free, 27MB/43MB, paused 802us total 25.185ms
08-05 03:38:07.558  4626  4626 D AndroidRuntime: >>>>>> START com.android.internal.os.RuntimeInit uid 2000 <<<<<<
08-05 03:38:07.563  4626  4626 D AndroidRuntime: CheckJNI is OFF
08-05 03:38:07.595  4626  4626 D ICU     : No timezone override file found: /data/misc/zoneinfo/current/icu/icu_tzdata.dat
08-05 03:38:07.627  4626  4626 I Radio-JNI: register_android_hardware_Radio DONE
08-05 03:38:07.648  4626  4626 D AndroidRuntime: Calling main entry com.android.commands.input.Input
08-05 03:38:07.651  4626  4626 I Input   : injectMotionEvent: MotionEvent { action=ACTION_DOWN, actionButton=0, id[0]=0, x[0]=639.0, y[0]=762.0, toolType[0]=TOOL_TYPE_UNKNOWN, buttonState=0, metaState=0, flags=0x0, edgeFlags=0x0, pointerCount=1, historySize=0, eventTime=761904063, downTime=761904063, deviceId=0, source=0x1002 }
08-05 03:38:07.656  4626  4626 I Input   : injectMotionEvent: MotionEvent { action=ACTION_UP, actionButton=0, id[0]=0, x[0]=639.0, y[0]=762.0, toolType[0]=TOOL_TYPE_UNKNOWN, buttonState=0, metaState=0, flags=0x0, edgeFlags=0x0, pointerCount=1, historySize=0, eventTime=761904063, downTime=761904063, deviceId=0, source=0x1002 }
08-05 03:38:07.659  4626  4626 D AndroidRuntime: Shutting down VM
08-05 03:38:07.727   512  2967 D audio_hw_primary: out_set_parameters: enter: usecase(1: low-latency-playback) kvpairs: routing=2
08-05 03:38:07.742   512  2967 D audio_hw_primary: select_devices: out_snd_device(2: speaker) in_snd_device(0: none)
08-05 03:38:07.742   512  2967 D msm8974_platform: platform_send_audio_calibration: sending audio calibration for snd_device(2) acdb_id(15)
08-05 03:38:07.742   512  2967 I soundtrigger: audio_extn_sound_trigger_update_device_status: device 0x2 of type 0 for Event 1
08-05 03:38:07.747 13866 13866 I GoogleInputMethodServic: GoogleInputMethodService.onFinishInput():3138 
08-05 03:38:07.747 13866 13866 I GoogleInputMethodServic: GoogleInputMethodService.onStartInput():1808 
08-05 03:38:07.753   512  2967 D audio_hw_primary: enable_snd_device: snd_device(2: speaker)
08-05 03:38:07.755   512  2967 D audio_hw_primary: enable_audio_route: apply and update mixer path: low-latency-playback speaker
08-05 03:38:07.791  3363  3471 I art     : Starting a blocking GC Explicit
08-05 03:38:07.817  3363  3471 I art     : Explicit concurrent mark sweep GC freed 1632(91KB) AllocSpace objects, 1(20KB) LOS objects, 36% free, 27MB/43MB, paused 827us total 26.105ms
08-05 03:38:07.826  3363  3471 I art     : Starting a blocking GC Explicit
08-05 03:38:07.851  3363  3471 I art     : Explicit concurrent mark sweep GC freed 47(1648B) AllocSpace objects, 0(0B) LOS objects, 36% free, 27MB/43MB, paused 792us total 25.227ms
08-05 03:38:07.860  3363  3471 I art     : Starting a blocking GC Explicit
08-05 03:38:07.885  3363  3471 I art     : Explicit concurrent mark sweep GC freed 13(480B) AllocSpace objects, 0(0B) LOS objects, 36% free, 27MB/43MB, paused 850us total 24.738ms
08-05 03:38:07.894  3363  3471 I art     : Starting a blocking GC Explicit
08-05 03:38:07.914  3363  3959 I NAPPA_EXPERIMENTATION: MetricNetworkRequestExecutionTime: REQUEST_DURATION_SYSTEM='188',REQUEST_DURATION_OKHTTP='187',REQUEST_SYNCHRONOUS='TRUE',RESPONSE_CODE='200',RESPONSE_METHOD='GET',RESPONSE_LENGTH_OKHTTP='-1',RESPONSE_LENGTH_HEADER='622',REQUEST_PROTOCOL='h2',REQUEST_URL='https://itunes.apple.com/lookup?id=360084272',
08-05 03:38:07.919  3363  3471 I art     : Explicit concurrent mark sweep GC freed 274(23KB) AllocSpace objects, 0(0B) LOS objects, 36% free, 27MB/43MB, paused 795us total 25.332ms
08-05 03:38:07.928  3363  3471 I art     : Starting a blocking GC Explicit
08-05 03:38:07.943   918  5132 I ActivityManager: START u0 {cmp=baseline.de.danoeh.antennapod.debug/baseline.de.danoeh.antennapod.activity.OnlineFeedViewActivity (has extras)} from uid 10691 on display 0
08-05 03:38:07.952  3363  3471 I art     : Explicit concurrent mark sweep GC freed 385(26KB) AllocSpace objects, 0(0B) LOS objects, 36% free, 27MB/43MB, paused 756us total 23.337ms
08-05 03:38:07.965 13866 13866 I GoogleInputMethodServic: GoogleInputMethodService.onFinishInput():3138 
08-05 03:38:07.966 13866 13866 I GoogleInputMethodServic: GoogleInputMethodService.onStartInput():1808 
08-05 03:38:07.985  3363  3363 D UserPreferences: Using default data folder
08-05 03:38:07.986  3363  3363 D OnlineFeedViewActivity: Activity was started with url http://joeroganexp.joerogan.libsynpro.com/rss
08-05 03:38:07.988  3363  3363 D OnlineFeedViewActivity: Starting feed download
08-05 03:38:07.992  3363  3383 D DBReader: Extracting Feedlist
08-05 03:38:07.993   918  5132 D WifiService: acquireWifiLockLocked: WifiLock{Downloader type=1 binder=android.os.BinderProxy@383cc43}
08-05 03:38:07.994  3363  3383 D AntennapodHttpClient: Creating new instance of HTTP client
08-05 03:38:08.049 13866 13866 I GoogleInputMethodServic: GoogleInputMethodService.onFinishInput():3138 
08-05 03:38:08.049 13866 13866 I GoogleInputMethodServic: GoogleInputMethodService.onStartInput():1808 
08-05 03:38:08.053  3363  3383 D MYTAG   : interceptor 3a http://joeroganexp.joerogan.libsynpro.com/rss
08-05 03:38:08.053  3363  3383 I NAPPA_EXPERIMENTATION: MetricNetworkRequestExecutionTime: REQUEST_DURATION_SYSTEM='58',REQUEST_DURATION_OKHTTP='52',REQUEST_SYNCHRONOUS='TRUE',RESPONSE_CODE='200',RESPONSE_METHOD='GET',RESPONSE_LENGTH_OKHTTP='-1',RESPONSE_LENGTH_HEADER='307892',REQUEST_PROTOCOL='http/1.1',REQUEST_URL='http://joeroganexp.joerogan.libsynpro.com/rss',
08-05 03:38:08.053  3363  3383 D HttpDownloader: Response code is 200
08-05 03:38:08.053  3363  3383 D UserPreferences: Using default data folder
08-05 03:38:08.055  3363  3383 D HttpDownloader: Getting size of download
08-05 03:38:08.055  3363  3383 D HttpDownloader: Size is -1
08-05 03:38:08.055  3363  3383 D UserPreferences: Using default data folder
08-05 03:38:08.055  3363  3383 D HttpDownloader: Free space is 20231442432
08-05 03:38:08.055  3363  3383 D HttpDownloader: Starting download
08-05 03:38:08.077   918   936 I ActivityManager: Displayed baseline.de.danoeh.antennapod.debug/baseline.de.danoeh.antennapod.activity.OnlineFeedViewActivity: +112ms
08-05 03:38:08.201  3363  3375 I art     : Starting a blocking GC Explicit
08-05 03:38:08.233  3363  3375 I art     : Explicit concurrent mark sweep GC freed 2820(184KB) AllocSpace objects, 1(20KB) LOS objects, 36% free, 27MB/43MB, paused 886us total 31.634ms
08-05 03:38:08.244  3363  3375 I art     : Starting a blocking GC Explicit
08-05 03:38:08.273  3363  3375 I art     : Explicit concurrent mark sweep GC freed 354(15KB) AllocSpace objects, 0(0B) LOS objects, 36% free, 27MB/43MB, paused 802us total 29.051ms
08-05 03:38:08.278  3363  3383 D HttpDownloader: Download was successful
08-05 03:38:08.279   918  5132 D WifiService: releaseWifiLockLocked: WifiLock{Downloader type=1 binder=android.os.BinderProxy@383cc43}
08-05 03:38:08.280  3363  3363 D OnlineFeedViewActivity: Parsing feed
08-05 03:38:08.284  3363  3375 I art     : Starting a blocking GC Explicit
08-05 03:38:08.284  3363  4671 D TypeGetter: Recognized type RSS 2.0
08-05 03:38:08.288  3363  4671 D SyndHandler: Recognized Atom namespace
08-05 03:38:08.288  3363  4671 D SyndHandler: Recognized ITunes namespace
08-05 03:38:08.288  3363  4671 D SyndHandler: Recognized media namespace
08-05 03:38:08.288   512  2967 D audio_hw_primary: disable_audio_route: reset and update mixer path: low-latency-playback speaker
08-05 03:38:08.289  3363  4671 D SyndHandler: Recognized Content namespace
08-05 03:38:08.290   512  2967 D audio_hw_primary: disable_snd_device: snd_device(2: speaker)
08-05 03:38:08.298   512  2967 I soundtrigger: audio_extn_sound_trigger_update_device_status: device 0x2 of type 0 for Event 0
08-05 03:38:08.310  3363  3375 I art     : Explicit concurrent mark sweep GC freed 1011(174KB) AllocSpace objects, 2(40KB) LOS objects, 36% free, 28MB/44MB, paused 1.108ms total 26.406ms
08-05 03:38:08.319  3363  3375 I art     : Starting a blocking GC Explicit
08-05 03:38:08.325   380   380 W SurfaceFlinger: couldn't log to binary event log: overflow.
08-05 03:38:08.347  3363  3375 I art     : Explicit concurrent mark sweep GC freed 2163(139KB) AllocSpace objects, 1(20KB) LOS objects, 36% free, 28MB/44MB, paused 1.018ms total 27.602ms
08-05 03:38:08.356  3363  3375 I art     : Starting a blocking GC Explicit
08-05 03:38:08.380  3363  3375 I art     : Explicit concurrent mark sweep GC freed 2639(132KB) AllocSpace objects, 0(0B) LOS objects, 36% free, 28MB/44MB, paused 898us total 23.569ms
08-05 03:38:08.447  3363  3363 D PlaybackController: Releasing PlaybackController
08-05 03:38:08.654  3363  3471 I art     : Starting a blocking GC Explicit
08-05 03:38:08.688  3363  3471 I art     : Explicit concurrent mark sweep GC freed 23470(1260KB) AllocSpace objects, 1(20KB) LOS objects, 35% free, 28MB/44MB, paused 1.204ms total 34.375ms
08-05 03:38:08.699  3363  3471 I art     : Starting a blocking GC Explicit
08-05 03:38:08.727  3363  3471 I art     : Explicit concurrent mark sweep GC freed 6678(320KB) AllocSpace objects, 0(0B) LOS objects, 35% free, 28MB/44MB, paused 1.100ms total 28.086ms
08-05 03:38:08.736  3363  3471 I art     : Starting a blocking GC Explicit
08-05 03:38:08.763  3363  3471 I art     : Explicit concurrent mark sweep GC freed 5652(272KB) AllocSpace objects, 0(0B) LOS objects, 35% free, 28MB/44MB, paused 1.173ms total 26.808ms
08-05 03:38:08.772  3363  3471 I art     : Starting a blocking GC Explicit
08-05 03:38:08.798  3363  3471 I art     : Explicit concurrent mark sweep GC freed 2636(140KB) AllocSpace objects, 0(0B) LOS objects, 35% free, 28MB/44MB, paused 1.093ms total 26.050ms
08-05 03:38:08.807  3363  3471 I art     : Starting a blocking GC Explicit
08-05 03:38:08.833  3363  3471 I art     : Explicit concurrent mark sweep GC freed 2780(138KB) AllocSpace objects, 0(0B) LOS objects, 35% free, 28MB/44MB, paused 1.031ms total 26.380ms
08-05 03:38:09.112  3363  3375 I art     : Starting a blocking GC Explicit
08-05 03:38:09.147  3363  3375 I art     : Explicit concurrent mark sweep GC freed 24259(1285KB) AllocSpace objects, 1(20KB) LOS objects, 35% free, 29MB/45MB, paused 1.152ms total 34.410ms
08-05 03:38:09.157  3363  3375 I art     : Starting a blocking GC Explicit
08-05 03:38:09.187  3363  3375 I art     : Explicit concurrent mark sweep GC freed 5406(266KB) AllocSpace objects, 0(0B) LOS objects, 35% free, 29MB/45MB, paused 1.257ms total 29.180ms
08-05 03:38:09.196  3363  3375 I art     : Starting a blocking GC Explicit
08-05 03:38:09.225  3363  3375 I art     : Explicit concurrent mark sweep GC freed 7297(355KB) AllocSpace objects, 0(0B) LOS objects, 35% free, 29MB/45MB, paused 1.101ms total 28.540ms
08-05 03:38:09.234  3363  3375 I art     : Starting a blocking GC Explicit
08-05 03:38:09.264  3363  3375 I art     : Explicit concurrent mark sweep GC freed 2962(150KB) AllocSpace objects, 0(0B) LOS objects, 35% free, 29MB/45MB, paused 1.106ms total 28.994ms
08-05 03:38:09.273  3363  3375 I art     : Starting a blocking GC Explicit
08-05 03:38:09.302  3363  3375 I art     : Explicit concurrent mark sweep GC freed 3058(172KB) AllocSpace objects, 0(0B) LOS objects, 35% free, 29MB/45MB, paused 1.108ms total 28.416ms
08-05 03:38:09.591  3363  3375 I art     : Starting a blocking GC Explicit
08-05 03:38:09.631  3363  3375 I art     : Explicit concurrent mark sweep GC freed 24665(1336KB) AllocSpace objects, 1(20KB) LOS objects, 34% free, 30MB/46MB, paused 1.248ms total 39.578ms
08-05 03:38:09.642  3363  3375 I art     : Starting a blocking GC Explicit
08-05 03:38:09.676  3363  3375 I art     : Explicit concurrent mark sweep GC freed 6246(312KB) AllocSpace objects, 0(0B) LOS objects, 34% free, 30MB/46MB, paused 1.323ms total 33.468ms
08-05 03:38:09.685  3363  3375 I art     : Starting a blocking GC Explicit
08-05 03:38:09.715  3363  3375 I art     : Explicit concurrent mark sweep GC freed 7311(355KB) AllocSpace objects, 0(0B) LOS objects, 34% free, 29MB/45MB, paused 979us total 29.705ms
08-05 03:38:09.725  3363  3375 I art     : Starting a blocking GC Explicit
08-05 03:38:09.755  3363  3375 I art     : Explicit concurrent mark sweep GC freed 3213(170KB) AllocSpace objects, 0(0B) LOS objects, 34% free, 29MB/45MB, paused 1.133ms total 29.661ms
08-05 03:38:09.765  3363  3375 I art     : Starting a blocking GC Explicit
08-05 03:38:09.794  3363  3375 I art     : Explicit concurrent mark sweep GC freed 3274(179KB) AllocSpace objects, 0(0B) LOS objects, 34% free, 30MB/46MB, paused 1.072ms total 29.397ms
08-05 03:38:10.101  3363  3375 I art     : Starting a blocking GC Explicit
08-05 03:38:10.143  3363  3375 I art     : Explicit concurrent mark sweep GC freed 26406(1430KB) AllocSpace objects, 1(20KB) LOS objects, 34% free, 30MB/46MB, paused 1.224ms total 41.546ms
08-05 03:38:10.155  3363  3375 I art     : Starting a blocking GC Explicit
08-05 03:38:10.190  3363  3375 I art     : Explicit concurrent mark sweep GC freed 3744(199KB) AllocSpace objects, 0(0B) LOS objects, 34% free, 30MB/46MB, paused 1.397ms total 35.441ms
08-05 03:38:10.201  3363  3375 I art     : Starting a blocking GC Explicit
08-05 03:38:10.233  3363  3375 I art     : Explicit concurrent mark sweep GC freed 10002(519KB) AllocSpace objects, 0(0B) LOS objects, 34% free, 30MB/46MB, paused 1.084ms total 32.375ms
08-05 03:38:10.243  3363  3375 I art     : Starting a blocking GC Explicit
08-05 03:38:10.276  3363  3375 I art     : Explicit concurrent mark sweep GC freed 4389(213KB) AllocSpace objects, 0(0B) LOS objects, 34% free, 30MB/46MB, paused 1.143ms total 31.974ms
08-05 03:38:10.286  3363  3375 I art     : Starting a blocking GC Explicit
08-05 03:38:10.318  3363  3375 I art     : Explicit concurrent mark sweep GC freed 3530(149KB) AllocSpace objects, 0(0B) LOS objects, 34% free, 30MB/46MB, paused 1.281ms total 31.608ms
08-05 03:38:10.626  3363  3471 I art     : Starting a blocking GC Explicit
08-05 03:38:10.639  3363  4671 D OnlineFeedViewActivity: Deleted feed source file. Result: true
08-05 03:38:10.646  3363  3363 D OnlineFeedViewActivity: Removing HTML from shownotes
08-05 03:38:10.672  3363  3471 I art     : Explicit concurrent mark sweep GC freed 38977(2MB) AllocSpace objects, 60(3MB) LOS objects, 32% free, 33MB/49MB, paused 1.248ms total 45.390ms
08-05 03:38:10.684  3363  3471 I art     : Starting a blocking GC Explicit
08-05 03:38:10.725  3363  3471 I art     : Explicit concurrent mark sweep GC freed 52796(4MB) AllocSpace objects, 200(13MB) LOS objects, 32% free, 33MB/49MB, paused 1.134ms total 39.943ms
08-05 03:38:10.736  3363  3471 I art     : Starting a blocking GC Explicit
08-05 03:38:10.776  3363  3471 I art     : Explicit concurrent mark sweep GC freed 49122(4MB) AllocSpace objects, 216(14MB) LOS objects, 32% free, 33MB/49MB, paused 1.096ms total 39.638ms
08-05 03:38:10.787  3363  3471 I art     : Starting a blocking GC Explicit
08-05 03:38:10.829  3363  3471 I art     : Explicit concurrent mark sweep GC freed 49257(4MB) AllocSpace objects, 215(14MB) LOS objects, 32% free, 32MB/48MB, paused 1.114ms total 41.074ms
08-05 03:38:10.841  3363  3471 I art     : Starting a blocking GC Explicit
08-05 03:38:10.882  3363  3471 I art     : Explicit concurrent mark sweep GC freed 49061(4MB) AllocSpace objects, 221(14MB) LOS objects, 32% free, 32MB/48MB, paused 1.105ms total 41.542ms
08-05 03:38:11.043  3363  4361 D ApOkHttpUrlLoader: buildLoadData() called with: model = [http://static.libsyn.com/p/assets/7/1/f/3/71f3014e14ef2722/JREiTunesImage2.jpg], width = [350], height = [350]
08-05 03:38:11.046  3363  4172 D DBReader: getImageAuthentication() called with: imageUrl = [http://static.libsyn.com/p/assets/7/1/f/3/71f3014e14ef2722/JREiTunesImage2.jpg]
08-05 03:38:11.048  3363  4172 D ApOkHttpUrlLoader: no credentials for 'http://static.libsyn.com/p/assets/7/1/f/3/71f3014e14ef2722/JREiTunesImage2.jpg'
08-05 03:38:11.174  3363  3471 I art     : Starting a blocking GC Explicit
08-05 03:38:11.197  3363  4172 D MYTAG   : interceptor 2a
08-05 03:38:11.198  3363  4172 I NAPPA_EXPERIMENTATION: MetricNetworkRequestExecutionTime: REQUEST_DURATION_SYSTEM='149',REQUEST_DURATION_OKHTTP='43',REQUEST_SYNCHRONOUS='TRUE',RESPONSE_CODE='200',RESPONSE_METHOD='GET',RESPONSE_LENGTH_OKHTTP='402832',RESPONSE_LENGTH_HEADER='402832',REQUEST_PROTOCOL='http/1.1',REQUEST_URL='http://static.libsyn.com/p/assets/7/1/f/3/71f3014e14ef2722/JREiTunesImage2.jpg',
08-05 03:38:11.212  3363  3471 I art     : Explicit concurrent mark sweep GC freed 1095(68KB) AllocSpace objects, 0(0B) LOS objects, 33% free, 31MB/47MB, paused 847us total 38.640ms
08-05 03:38:11.225  3363  3471 I art     : Starting a blocking GC Explicit
08-05 03:38:11.260  3363  3471 I art     : Explicit concurrent mark sweep GC freed 484(22KB) AllocSpace objects, 1(112KB) LOS objects, 34% free, 30MB/46MB, paused 1.103ms total 34.880ms
08-05 03:38:11.272  3363  3471 I art     : Starting a blocking GC Explicit
08-05 03:38:11.308  3363  3471 I art     : Explicit concurrent mark sweep GC freed 44(2352B) AllocSpace objects, 0(0B) LOS objects, 33% free, 31MB/47MB, paused 1.223ms total 35.981ms
08-05 03:38:11.320  3363  3471 I art     : Starting a blocking GC Explicit
08-05 03:38:11.357  3363  3471 I art     : Explicit concurrent mark sweep GC freed 72(5KB) AllocSpace objects, 0(0B) LOS objects, 33% free, 31MB/47MB, paused 855us total 36.824ms
08-05 03:38:11.368  3363  3471 I art     : Starting a blocking GC Explicit
08-05 03:38:11.404  3363  3471 I art     : Explicit concurrent mark sweep GC freed 72(10KB) AllocSpace objects, 0(0B) LOS objects, 33% free, 31MB/47MB, paused 808us total 35.738ms
08-05 03:38:11.719  3363  3376 I art     : Starting a blocking GC Explicit
08-05 03:38:11.729   518   646 I ThermalEngine: ACTION: GPU - Setting GPU[0] to 450000000
08-05 03:38:11.775  3363  3376 I art     : Explicit concurrent mark sweep GC freed 1404(81KB) AllocSpace objects, 1(20KB) LOS objects, 33% free, 31MB/47MB, paused 1.165ms total 56.090ms
08-05 03:38:11.795  3363  3376 I art     : Starting a blocking GC Explicit
08-05 03:38:11.847  3363  3376 I art     : Explicit concurrent mark sweep GC freed 23(752B) AllocSpace objects, 0(0B) LOS objects, 33% free, 31MB/47MB, paused 1.157ms total 51.405ms
08-05 03:38:11.862  3363  3376 I art     : Starting a blocking GC Explicit
08-05 03:38:11.911  3363  3376 I art     : Explicit concurrent mark sweep GC freed 3(96B) AllocSpace objects, 0(0B) LOS objects, 33% free, 31MB/47MB, paused 1.053ms total 48.175ms
08-05 03:38:11.926  3363  3376 I art     : Starting a blocking GC Explicit
08-05 03:38:11.967  3363  3376 I art     : Explicit concurrent mark sweep GC freed 3(96B) AllocSpace objects, 0(0B) LOS objects, 33% free, 31MB/47MB, paused 1.152ms total 40.902ms
08-05 03:38:11.982  3363  3376 I art     : Starting a blocking GC Explicit
08-05 03:38:12.026  3363  3376 I art     : Explicit concurrent mark sweep GC freed 3(96B) AllocSpace objects, 0(0B) LOS objects, 33% free, 31MB/47MB, paused 1.077ms total 42.982ms
08-05 03:38:12.356  3363  4345 I art     : Starting a blocking GC Explicit
08-05 03:38:12.409  3363  4345 I art     : Explicit concurrent mark sweep GC freed 1367(80KB) AllocSpace objects, 1(20KB) LOS objects, 33% free, 31MB/47MB, paused 1.195ms total 52.741ms
08-05 03:38:12.424  3363  4345 I art     : Starting a blocking GC Explicit
08-05 03:38:12.449  4743  4743 D AndroidRuntime: >>>>>> START com.android.internal.os.RuntimeInit uid 2000 <<<<<<
08-05 03:38:12.455  4743  4743 D AndroidRuntime: CheckJNI is OFF
08-05 03:38:12.471  3363  4345 I art     : Explicit concurrent mark sweep GC freed 54(1584B) AllocSpace objects, 0(0B) LOS objects, 33% free, 31MB/47MB, paused 1.194ms total 46.834ms
08-05 03:38:12.486  3363  4345 I art     : Starting a blocking GC Explicit
08-05 03:38:12.502  4743  4743 D ICU     : No timezone override file found: /data/misc/zoneinfo/current/icu/icu_tzdata.dat
08-05 03:38:12.533  3363  4345 I art     : Explicit concurrent mark sweep GC freed 3(96B) AllocSpace objects, 0(0B) LOS objects, 33% free, 31MB/47MB, paused 1.160ms total 46.626ms
08-05 03:38:12.548  3363  4345 I art     : Starting a blocking GC Explicit
08-05 03:38:12.550  4743  4743 I Radio-JNI: register_android_hardware_Radio DONE
08-05 03:38:12.578  4743  4743 D AndroidRuntime: Calling main entry com.android.commands.input.Input
08-05 03:38:12.581  4743  4743 I Input   : injectMotionEvent: MotionEvent { action=ACTION_DOWN, actionButton=0, id[0]=0, x[0]=693.0, y[0]=821.0, toolType[0]=TOOL_TYPE_UNKNOWN, buttonState=0, metaState=0, flags=0x0, edgeFlags=0x0, pointerCount=1, historySize=0, eventTime=761908993, downTime=761908993, deviceId=0, source=0x1002 }
08-05 03:38:12.587  4743  4743 I Input   : injectMotionEvent: MotionEvent { action=ACTION_UP, actionButton=0, id[0]=0, x[0]=693.0, y[0]=821.0, toolType[0]=TOOL_TYPE_UNKNOWN, buttonState=0, metaState=0, flags=0x0, edgeFlags=0x0, pointerCount=1, historySize=0, eventTime=761908993, downTime=761908993, deviceId=0, source=0x1002 }
08-05 03:38:12.590  4743  4743 D AndroidRuntime: Shutting down VM
08-05 03:38:12.594  3363  4345 I art     : Explicit concurrent mark sweep GC freed 28(960B) AllocSpace objects, 0(0B) LOS objects, 33% free, 31MB/47MB, paused 1.151ms total 46.130ms
08-05 03:38:12.600  3363  3363 D UserPreferences: Using default data folder
08-05 03:38:12.600  3363  3363 D DownloadRequester: partiallyDownloadedFileExists: false
08-05 03:38:12.600  3363  3363 D DownloadRequester: /storage/emulated/0/Android/data/baseline.de.danoeh.antennapod.debug/files/cache/feed-The Joe Rogan Experience is available as a download destination
08-05 03:38:12.601  3363  3363 D DownloadRequester: Requesting download of url http://joeroganexp.joerogan.libsynpro.com/rss
08-05 03:38:12.601   512  2967 D audio_hw_primary: out_set_parameters: enter: usecase(1: low-latency-playback) kvpairs: routing=2
08-05 03:38:12.611  3363  4345 I art     : Starting a blocking GC Explicit
08-05 03:38:12.614   512  2967 D audio_hw_primary: select_devices: out_snd_device(2: speaker) in_snd_device(0: none)
08-05 03:38:12.614   512  2967 D msm8974_platform: platform_send_audio_calibration: sending audio calibration for snd_device(2) acdb_id(15)
08-05 03:38:12.614   512  2967 I soundtrigger: audio_extn_sound_trigger_update_device_status: device 0x2 of type 0 for Event 1
08-05 03:38:12.615  3363  3363 D DownloadService: Service started
08-05 03:38:12.619  3363  3363 D DownloadService: parallel downloads: 4
08-05 03:38:12.620  3363  4770 D downloadCompletionThd: downloadCompletionThread was started
08-05 03:38:12.621  3363  3363 D DownloadService: Notification set up
08-05 03:38:12.625   512  2967 D audio_hw_primary: enable_snd_device: snd_device(2: speaker)
08-05 03:38:12.626  3363  3363 D DownloadService: Received enqueue request
08-05 03:38:12.626  3363  3363 D OnlineFeedViewActivity: onEventMainThread() called with: event = [DownloadEvent{update=DownloaderUpdate{downloaders=[baseline.de.danoeh.antennapod.core.service.download.HttpDownloader@5c087e3], feedIds=[0], mediaIds=[]}}]
08-05 03:38:12.627  3363  3363 D DownloadService: 1 downloads left
08-05 03:38:12.627  3363  3363 D DownloadService: Setting up notification updater
08-05 03:38:12.627   918   929 D WifiService: acquireWifiLockLocked: WifiLock{Downloader type=1 binder=android.os.BinderProxy@68387a2}
08-05 03:38:12.628   512  2967 D audio_hw_primary: enable_audio_route: apply and update mixer path: low-latency-playback speaker
08-05 03:38:12.628  3363  4772 D AntennapodHttpClient: Creating new instance of HTTP client
08-05 03:38:12.656  3363  4345 I art     : Explicit concurrent mark sweep GC freed 1065(57KB) AllocSpace objects, 0(0B) LOS objects, 33% free, 31MB/47MB, paused 1.353ms total 45.245ms
08-05 03:38:12.731  3363  4772 D MYTAG   : interceptor 3a http://joeroganexp.joerogan.libsynpro.com/rss
08-05 03:38:12.731  3363  4772 I NAPPA_EXPERIMENTATION: MetricNetworkRequestExecutionTime: REQUEST_DURATION_SYSTEM='101',REQUEST_DURATION_OKHTTP='39',REQUEST_SYNCHRONOUS='TRUE',RESPONSE_CODE='200',RESPONSE_METHOD='GET',RESPONSE_LENGTH_OKHTTP='-1',RESPONSE_LENGTH_HEADER='307892',REQUEST_PROTOCOL='http/1.1',REQUEST_URL='http://joeroganexp.joerogan.libsynpro.com/rss',
08-05 03:38:12.731  3363  4772 D HttpDownloader: Response code is 200
08-05 03:38:12.731  3363  4772 D UserPreferences: Using default data folder
08-05 03:38:12.733  3363  4772 D HttpDownloader: Getting size of download
08-05 03:38:12.733  3363  4772 D HttpDownloader: Size is -1
08-05 03:38:12.733  3363  4772 D UserPreferences: Using default data folder
08-05 03:38:12.733  3363  4772 D HttpDownloader: Free space is 20230983680
08-05 03:38:12.733  3363  4772 D HttpDownloader: Starting download
08-05 03:38:12.857  3363  4772 D HttpDownloader: Download was successful
08-05 03:38:12.858   918  6111 D WifiService: releaseWifiLockLocked: WifiLock{Downloader type=1 binder=android.os.BinderProxy@68387a2}
08-05 03:38:12.858  3363  4770 D downloadCompletionThd: Received 'Download Complete' - message.
08-05 03:38:12.859  3363  4770 D DownloadService: Handling completed Feed Download
08-05 03:38:12.859  3363  4771 D FeedSyncThread: Waiting for 3000 ms
08-05 03:38:12.862  3363  4785 D TypeGetter: Recognized type RSS 2.0
08-05 03:38:12.864  3363  3363 D DownloadService: Removing downloader: http://joeroganexp.joerogan.libsynpro.com/rss
08-05 03:38:12.864  3363  3363 D DownloadService: Result of downloads.remove: true
08-05 03:38:12.865  3363  4785 D SyndHandler: Recognized Atom namespace
08-05 03:38:12.865  3363  4785 D SyndHandler: Recognized ITunes namespace
08-05 03:38:12.865  3363  4785 D SyndHandler: Recognized media namespace
08-05 03:38:12.865  3363  4785 D SyndHandler: Recognized Content namespace
08-05 03:38:12.943  3363  3376 I art     : Starting a blocking GC Explicit
08-05 03:38:12.993  3363  3376 I art     : Explicit concurrent mark sweep GC freed 7877(570KB) AllocSpace objects, 4(80KB) LOS objects, 33% free, 31MB/47MB, paused 1.537ms total 50.026ms
08-05 03:38:13.009  3363  3376 I art     : Starting a blocking GC Explicit
08-05 03:38:13.053  3363  3376 I art     : Explicit concurrent mark sweep GC freed 4502(232KB) AllocSpace objects, 0(0B) LOS objects, 33% free, 31MB/47MB, paused 1.520ms total 44.025ms
08-05 03:38:13.067  3363  3376 I art     : Starting a blocking GC Explicit
08-05 03:38:13.111  3363  3376 I art     : Explicit concurrent mark sweep GC freed 3390(168KB) AllocSpace objects, 0(0B) LOS objects, 33% free, 31MB/47MB, paused 1.551ms total 44.326ms
08-05 03:38:13.125  3363  3376 I art     : Starting a blocking GC Explicit
08-05 03:38:13.170  3363  3376 I art     : Explicit concurrent mark sweep GC freed 3465(179KB) AllocSpace objects, 0(0B) LOS objects, 33% free, 32MB/48MB, paused 1.431ms total 44.403ms
08-05 03:38:13.178   512  2967 D audio_hw_primary: disable_audio_route: reset and update mixer path: low-latency-playback speaker
08-05 03:38:13.179   512  2967 D audio_hw_primary: disable_snd_device: snd_device(2: speaker)
08-05 03:38:13.184  3363  3376 I art     : Starting a blocking GC Explicit
08-05 03:38:13.188   512  2967 I soundtrigger: audio_extn_sound_trigger_update_device_status: device 0x2 of type 0 for Event 0
08-05 03:38:13.229  3363  3376 I art     : Explicit concurrent mark sweep GC freed 3293(169KB) AllocSpace objects, 0(0B) LOS objects, 33% free, 32MB/48MB, paused 1.612ms total 44.669ms
08-05 03:38:13.537  3363  3376 I art     : Starting a blocking GC Explicit
08-05 03:38:13.596  3363  3376 I art     : Explicit concurrent mark sweep GC freed 20650(1108KB) AllocSpace objects, 1(20KB) LOS objects, 32% free, 32MB/48MB, paused 1.758ms total 59.088ms
08-05 03:38:13.612  3363  3376 I art     : Starting a blocking GC Explicit
08-05 03:38:13.660  3363  3376 I art     : Explicit concurrent mark sweep GC freed 8764(422KB) AllocSpace objects, 0(0B) LOS objects, 32% free, 32MB/48MB, paused 1.669ms total 47.721ms
08-05 03:38:13.674  3363  3376 I art     : Starting a blocking GC Explicit
08-05 03:38:13.722  3363  3376 I art     : Explicit concurrent mark sweep GC freed 3637(179KB) AllocSpace objects, 0(0B) LOS objects, 32% free, 32MB/48MB, paused 1.465ms total 47.405ms
08-05 03:38:13.737  3363  3376 I art     : Starting a blocking GC Explicit
08-05 03:38:13.785  3363  3376 I art     : Explicit concurrent mark sweep GC freed 3686(185KB) AllocSpace objects, 0(0B) LOS objects, 32% free, 32MB/48MB, paused 1.518ms total 47.805ms
08-05 03:38:13.800  3363  3376 I art     : Starting a blocking GC Explicit
08-05 03:38:13.850  3363  3376 I art     : Explicit concurrent mark sweep GC freed 3773(192KB) AllocSpace objects, 0(0B) LOS objects, 32% free, 32MB/48MB, paused 1.465ms total 50.095ms
08-05 03:38:14.128  3363  3363 D OnlineFeedViewActivity: onEventMainThread() called with: event = [DownloadEvent{update=DownloaderUpdate{downloaders=[], feedIds=[], mediaIds=[]}}]
08-05 03:38:14.156  3363  3471 I art     : Starting a blocking GC Explicit
08-05 03:38:14.218  3363  3471 I art     : Explicit concurrent mark sweep GC freed 20584(1104KB) AllocSpace objects, 1(20KB) LOS objects, 32% free, 33MB/49MB, paused 1.868ms total 61.476ms
08-05 03:38:14.235  3363  3471 I art     : Starting a blocking GC Explicit
08-05 03:38:14.288  3363  3471 I art     : Explicit concurrent mark sweep GC freed 5801(305KB) AllocSpace objects, 0(0B) LOS objects, 32% free, 33MB/49MB, paused 1.708ms total 52.804ms
08-05 03:38:14.303  3363  3471 I art     : Starting a blocking GC Explicit
08-05 03:38:14.357  3363  3471 I art     : Explicit concurrent mark sweep GC freed 6997(337KB) AllocSpace objects, 0(0B) LOS objects, 32% free, 33MB/49MB, paused 1.736ms total 53.619ms
08-05 03:38:14.373  3363  3471 I art     : Starting a blocking GC Explicit
08-05 03:38:14.428  3363  3471 I art     : Explicit concurrent mark sweep GC freed 4108(208KB) AllocSpace objects, 0(0B) LOS objects, 32% free, 33MB/49MB, paused 1.708ms total 54.873ms
08-05 03:38:14.444  3363  3471 I art     : Starting a blocking GC Explicit
08-05 03:38:14.499  3363  3471 I art     : Explicit concurrent mark sweep GC freed 4073(209KB) AllocSpace objects, 0(0B) LOS objects, 32% free, 33MB/49MB, paused 1.799ms total 54.518ms
08-05 03:38:14.849  3363  3375 I art     : Starting a blocking GC Explicit
08-05 03:38:14.917  3363  3375 I art     : Explicit concurrent mark sweep GC freed 22942(1266KB) AllocSpace objects, 1(20KB) LOS objects, 31% free, 34MB/50MB, paused 1.810ms total 68.131ms
08-05 03:38:14.934  3363  3375 I art     : Starting a blocking GC Explicit
08-05 03:38:14.986  3363  3375 I art     : Explicit concurrent mark sweep GC freed 8979(450KB) AllocSpace objects, 0(0B) LOS objects, 32% free, 33MB/49MB, paused 1.649ms total 51.202ms
08-05 03:38:15.002  3363  3375 I art     : Starting a blocking GC Explicit
08-05 03:38:15.056  3363  3375 I art     : Explicit concurrent mark sweep GC freed 5300(278KB) AllocSpace objects, 0(0B) LOS objects, 32% free, 33MB/49MB, paused 1.665ms total 53.868ms
08-05 03:38:15.072  3363  3375 I art     : Starting a blocking GC Explicit
08-05 03:38:15.125  3363  3375 I art     : Explicit concurrent mark sweep GC freed 4053(207KB) AllocSpace objects, 0(0B) LOS objects, 32% free, 33MB/49MB, paused 1.543ms total 52.418ms
08-05 03:38:15.141  3363  3375 I art     : Starting a blocking GC Explicit
08-05 03:38:15.201  3363  3375 I art     : Explicit concurrent mark sweep GC freed 4167(204KB) AllocSpace objects, 0(0B) LOS objects, 32% free, 33MB/49MB, paused 1.742ms total 59.175ms
08-05 03:38:15.529  3363  3376 I art     : Starting a blocking GC Explicit
08-05 03:38:15.599  3363  3376 I art     : Explicit concurrent mark sweep GC freed 21830(1237KB) AllocSpace objects, 1(20KB) LOS objects, 31% free, 34MB/50MB, paused 1.793ms total 69.244ms
08-05 03:38:15.617  3363  3376 I art     : Starting a blocking GC Explicit
08-05 03:38:15.631  3363  3363 D OnlineFeedViewActivity: onEventMainThread() called with: event = [DownloadEvent{update=DownloaderUpdate{downloaders=[], feedIds=[], mediaIds=[]}}]
08-05 03:38:15.675  3363  3376 I art     : Explicit concurrent mark sweep GC freed 7516(334KB) AllocSpace objects, 0(0B) LOS objects, 31% free, 34MB/50MB, paused 1.828ms total 57.890ms
08-05 03:38:15.690  3363  3376 I art     : Starting a blocking GC Explicit
08-05 03:38:15.747  3363  3376 I art     : Explicit concurrent mark sweep GC freed 6900(300KB) AllocSpace objects, 0(0B) LOS objects, 31% free, 34MB/50MB, paused 1.671ms total 55.799ms
08-05 03:38:15.763  3363  3376 I art     : Starting a blocking GC Explicit
08-05 03:38:15.820  3363  3376 I art     : Explicit concurrent mark sweep GC freed 4396(185KB) AllocSpace objects, 0(0B) LOS objects, 31% free, 34MB/50MB, paused 1.740ms total 57.001ms
08-05 03:38:15.837  3363  3376 I art     : Starting a blocking GC Explicit
08-05 03:38:15.898  3363  3376 I art     : Explicit concurrent mark sweep GC freed 4526(192KB) AllocSpace objects, 0(0B) LOS objects, 31% free, 34MB/50MB, paused 1.827ms total 61.005ms
08-05 03:38:16.179  3363  4785 D FeedSyncThread: The Joe Rogan Experience parsed
08-05 03:38:16.185  3363  4785 D FeedSyncThread: Deletion of file '/storage/emulated/0/Android/data/baseline.de.danoeh.antennapod.debug/files/cache/feed-The Joe Rogan Experience' successful
08-05 03:38:16.185  3363  4785 D DBReader: getFeedDownloadLog() called with: feed = [baseline.de.danoeh.antennapod.core.feed.Feed@0]
08-05 03:38:16.187  3363  4771 D FeedSyncThread: Bundling 1 feeds
08-05 03:38:16.189  3363  4838 D DBReader: Extracting Feedlist
08-05 03:38:16.190  3363  4838 D DBTasks : Found no existing Feed with title The Joe Rogan Experience. Adding as new one.
08-05 03:38:16.194  3363  4499 D PodDBAdapter: Setting feed with flattr status The Joe Rogan Experience: 0
08-05 03:38:16.194  3363  4499 D baseline.de.danoeh.antennapod.core.storage.PodDBAdapter@150f982: Inserting new Feed into db
08-05 03:38:16.235  3363  3471 I art     : Starting a blocking GC Explicit
08-05 03:38:16.305  3363  3471 I art     : Explicit concurrent mark sweep GC freed 48767(2MB) AllocSpace objects, 1(20KB) LOS objects, 31% free, 35MB/51MB, paused 1.521ms total 69.530ms
08-05 03:38:16.323  3363  3471 I art     : Starting a blocking GC Explicit
08-05 03:38:16.381  3363  3471 I art     : Explicit concurrent mark sweep GC freed 26716(1844KB) AllocSpace objects, 0(0B) LOS objects, 31% free, 34MB/50MB, paused 1.538ms total 57.865ms
08-05 03:38:16.399  3363  3471 I art     : Starting a blocking GC Explicit
08-05 03:38:16.454  3363  3471 I art     : Explicit concurrent mark sweep GC freed 19283(1445KB) AllocSpace objects, 0(0B) LOS objects, 31% free, 34MB/50MB, paused 1.499ms total 55.076ms
08-05 03:38:16.471  3363  3471 I art     : Starting a blocking GC Explicit
08-05 03:38:16.530  3363  3471 I art     : Explicit concurrent mark sweep GC freed 20155(1506KB) AllocSpace objects, 0(0B) LOS objects, 31% free, 34MB/50MB, paused 1.499ms total 58.901ms
08-05 03:38:16.547  3363  3471 I art     : Starting a blocking GC Explicit
08-05 03:38:16.609  3363  3471 I art     : Explicit concurrent mark sweep GC freed 20675(1545KB) AllocSpace objects, 0(0B) LOS objects, 31% free, 34MB/50MB, paused 1.532ms total 61.249ms
08-05 03:38:16.704  3363  3363 D EventDistributor: Processing event queue. Number of events: 1
08-05 03:38:16.704  3363  3363 D EventDistributor: Notifying observers. Data: 1
08-05 03:38:16.704  3363  3950 D DBReader: Extracting Feedlist
08-05 03:38:16.704  3363  3363 D DownloadService: 0 downloads left
08-05 03:38:16.704  3363  3363 D DownloadService: Number of downloads is 0, attempting shutdown
08-05 03:38:16.706  3363  3363 D DownloadService: Service shutting down
08-05 03:38:16.706  3363  3363 D DownloadService: No report is created
08-05 03:38:16.706  3363  3363 D OnlineFeedViewActivity: onEventMainThread() called with: event = [DownloadEvent{update=DownloaderUpdate{downloaders=[], feedIds=[], mediaIds=[]}}]
08-05 03:38:16.708  3363  3363 D DownloadService: NotificationUpdater cancelled. Result: false
08-05 03:38:16.708  3363  4770 E downloadCompletionThd: DownloadCompletionThread was interrupted
08-05 03:38:16.709  3363  3363 D DBTasks : autodownloadUndownloadedItems
08-05 03:38:16.710  3363  4500 D NetworkUtils: Device is connected to Wi-Fi
08-05 03:38:16.710  3363  4500 D NetworkUtils: Auto-dl filter is disabled
08-05 03:38:16.913  3363  3376 I art     : Starting a blocking GC Explicit
08-05 03:38:16.975  3363  3376 I art     : Explicit concurrent mark sweep GC freed 41931(3MB) AllocSpace objects, 2(40KB) LOS objects, 33% free, 31MB/47MB, paused 1.354ms total 61.334ms
08-05 03:38:16.990  3363  3376 I art     : Starting a blocking GC Explicit
08-05 03:38:17.039  3363  3376 I art     : Explicit concurrent mark sweep GC freed 99(4KB) AllocSpace objects, 0(0B) LOS objects, 33% free, 31MB/47MB, paused 1.252ms total 48.647ms
08-05 03:38:17.054  3363  3376 I art     : Starting a blocking GC Explicit
08-05 03:38:17.102  3363  3376 I art     : Explicit concurrent mark sweep GC freed 3(96B) AllocSpace objects, 0(0B) LOS objects, 33% free, 31MB/47MB, paused 1.284ms total 47.386ms
08-05 03:38:17.117  3363  3376 I art     : Starting a blocking GC Explicit
08-05 03:38:17.166  3363  3376 I art     : Explicit concurrent mark sweep GC freed 3(96B) AllocSpace objects, 0(0B) LOS objects, 33% free, 31MB/47MB, paused 1.235ms total 48.740ms
08-05 03:38:17.182  3363  3376 I art     : Starting a blocking GC Explicit
08-05 03:38:17.231  3363  3376 I art     : Explicit concurrent mark sweep GC freed 3(96B) AllocSpace objects, 0(0B) LOS objects, 33% free, 31MB/47MB, paused 1.177ms total 48.869ms
08-05 03:38:17.395  4847  4847 D AndroidRuntime: >>>>>> START com.android.internal.os.RuntimeInit uid 2000 <<<<<<
08-05 03:38:17.401  4847  4847 D AndroidRuntime: CheckJNI is OFF
08-05 03:38:17.443  4847  4847 D ICU     : No timezone override file found: /data/misc/zoneinfo/current/icu/icu_tzdata.dat
08-05 03:38:17.484  4847  4847 I Radio-JNI: register_android_hardware_Radio DONE
08-05 03:38:17.513  4847  4847 D AndroidRuntime: Calling main entry com.android.commands.input.Input
08-05 03:38:17.514  4847  4847 I Input   : injectKeyEvent: KeyEvent { action=ACTION_DOWN, keyCode=KEYCODE_BACK, scanCode=0, metaState=0, flags=0x0, repeatCount=0, eventTime=761913927, downTime=761913927, deviceId=-1, source=0x101 }
08-05 03:38:17.519  4847  4847 I Input   : injectKeyEvent: KeyEvent { action=ACTION_UP, keyCode=KEYCODE_BACK, scanCode=0, metaState=0, flags=0x0, repeatCount=0, eventTime=761913927, downTime=761913927, deviceId=-1, source=0x101 }
08-05 03:38:17.524  4847  4847 D AndroidRuntime: Shutting down VM
08-05 03:38:17.530  3363  3363 V PlaybackController: initServiceNotRunning()
08-05 03:38:17.531  3363  3363 D ExternalPlayerFragment: Loading media info
08-05 03:38:17.535  3363  3363 D UserPreferences: Using default data folder
08-05 03:38:17.536  3363  3383 D DBReader: getNavDrawerData() called with: 
08-05 03:38:17.551  3363  3383 D DBReader: getDownloadedItems() called
08-05 03:38:17.552  3363  3383 D DBReader: getFavoriteIDList() called
08-05 03:38:17.553  3363  3383 D DBReader: getQueueIDList() called
08-05 03:38:17.554  3363  3383 D DBReader: Extracting Feedlist
08-05 03:38:17.565 13866 13866 I GoogleInputMethodServic: GoogleInputMethodService.onFinishInput():3138 
08-05 03:38:17.565 13866 13866 I GoogleInputMethodServic: GoogleInputMethodService.onStartInput():1808 
08-05 03:38:17.575  3363  4345 I art     : Starting a blocking GC Explicit
08-05 03:38:17.579  3363  3363 D MainActivity: getLastNavFragment() -> AddFeedFragment
08-05 03:38:17.589  3363  4361 D ApOkHttpUrlLoader: buildLoadData() called with: model = [http://static.libsyn.com/p/assets/7/1/f/3/71f3014e14ef2722/JREiTunesImage2.jpg], width = [140], height = [140]
08-05 03:38:17.617  3363  4345 I art     : Explicit concurrent mark sweep GC freed 2578(164KB) AllocSpace objects, 1(20KB) LOS objects, 33% free, 31MB/47MB, paused 1.383ms total 41.847ms
08-05 03:38:17.631  3363  4361 D ApOkHttpUrlLoader: buildLoadData() called with: model = [http://static.libsyn.com/p/assets/7/1/f/3/71f3014e14ef2722/JREiTunesImage2.jpg], width = [140], height = [140]
08-05 03:38:17.631  3363  4345 I art     : Starting a blocking GC Explicit
08-05 03:38:17.672  3363  4345 I art     : Explicit concurrent mark sweep GC freed 689(41KB) AllocSpace objects, 0(0B) LOS objects, 33% free, 31MB/47MB, paused 1.171ms total 40.349ms
08-05 03:38:17.686  3363  4345 I art     : Starting a blocking GC Explicit
08-05 03:38:17.734  3363  4345 I art     : Explicit concurrent mark sweep GC freed 158(9KB) AllocSpace objects, 0(0B) LOS objects, 33% free, 31MB/47MB, paused 1.248ms total 47.538ms
08-05 03:38:17.738   518   646 I ThermalEngine: ACTION: GPU - Setting GPU[0] to 510000000
08-05 03:38:17.754  3363  4345 I art     : Starting a blocking GC Explicit
08-05 03:38:17.805  3363  4345 I art     : Explicit concurrent mark sweep GC freed 12(480B) AllocSpace objects, 0(0B) LOS objects, 33% free, 31MB/47MB, paused 811us total 50.477ms
08-05 03:38:17.821  3363  4345 I art     : Starting a blocking GC Explicit
08-05 03:38:17.864  3363  4345 I art     : Explicit concurrent mark sweep GC freed 3(96B) AllocSpace objects, 0(0B) LOS objects, 33% free, 31MB/47MB, paused 858us total 43.011ms
08-05 03:38:17.869   380   380 W SurfaceFlinger: couldn't log to binary event log: overflow.
08-05 03:38:18.048 24365  7398 I NetworkScheduler.Stats: Task com.google.android.gms/com.google.android.gms.icing.service.IcingGcmTaskService started execution. cause:4 exec_start_elapsed_seconds: 1745301 [CONTEXT service_id=218 ]
08-05 03:38:18.060 24365 29098 I NetworkScheduler.Stats: Task com.google.android.gms/com.google.android.gms.icing.service.IcingGcmTaskService finished executing. cause:4 result: 1 elapsed_millis: 38 uptime_millis: 38 exec_start_elapsed_seconds: 1745301 [CONTEXT service_id=218 ]
08-05 03:38:18.135  3363  3375 I art     : Starting a blocking GC Explicit
08-05 03:38:18.170  3363  3375 I art     : Explicit concurrent mark sweep GC freed 2009(107KB) AllocSpace objects, 1(20KB) LOS objects, 33% free, 31MB/47MB, paused 945us total 34.683ms
08-05 03:38:18.181  3363  3375 I art     : Starting a blocking GC Explicit
08-05 03:38:18.209  3363  3375 I art     : Explicit concurrent mark sweep GC freed 33335(3MB) AllocSpace objects, 2(248KB) LOS objects, 36% free, 28MB/44MB, paused 855us total 28.544ms
08-05 03:38:18.218  3363  3375 I art     : Starting a blocking GC Explicit
08-05 03:38:18.242  3363  3375 I art     : Explicit concurrent mark sweep GC freed 3(96B) AllocSpace objects, 0(0B) LOS objects, 36% free, 28MB/44MB, paused 841us total 24.058ms
08-05 03:38:18.251  3363  3375 I art     : Starting a blocking GC Explicit
08-05 03:38:18.275  3363  3375 I art     : Explicit concurrent mark sweep GC freed 3(96B) AllocSpace objects, 0(0B) LOS objects, 36% free, 28MB/44MB, paused 867us total 24.411ms
08-05 03:38:18.284  3363  3375 I art     : Starting a blocking GC Explicit
08-05 03:38:18.308  3363  3375 I art     : Explicit concurrent mark sweep GC freed 3(96B) AllocSpace objects, 0(0B) LOS objects, 36% free, 28MB/44MB, paused 899us total 24.226ms
08-05 03:38:18.587  3363  3376 I art     : Starting a blocking GC Explicit
08-05 03:38:18.616  3363  3376 I art     : Explicit concurrent mark sweep GC freed 1404(83KB) AllocSpace objects, 1(20KB) LOS objects, 36% free, 28MB/44MB, paused 915us total 28.707ms
08-05 03:38:18.626  3363  3376 I art     : Starting a blocking GC Explicit
08-05 03:38:18.653  3363  3376 I art     : Explicit concurrent mark sweep GC freed 23(752B) AllocSpace objects, 0(0B) LOS objects, 36% free, 28MB/44MB, paused 902us total 26.808ms
08-05 03:38:18.662  3363  3376 I art     : Starting a blocking GC Explicit
08-05 03:38:18.690  3363  3376 I art     : Explicit concurrent mark sweep GC freed 3(96B) AllocSpace objects, 0(0B) LOS objects, 36% free, 28MB/44MB, paused 903us total 27.769ms
08-05 03:38:18.699  3363  3376 I art     : Starting a blocking GC Explicit
08-05 03:38:18.728  3363  3376 I art     : Explicit concurrent mark sweep GC freed 3(96B) AllocSpace objects, 0(0B) LOS objects, 36% free, 28MB/44MB, paused 955us total 28.589ms
08-05 03:38:18.738  3363  3376 I art     : Starting a blocking GC Explicit
08-05 03:38:18.765  3363  3376 I art     : Explicit concurrent mark sweep GC freed 3(96B) AllocSpace objects, 0(0B) LOS objects, 36% free, 28MB/44MB, paused 848us total 26.706ms
08-05 03:38:19.060  3363  3471 I art     : Starting a blocking GC Explicit
08-05 03:38:19.088  3363  3471 I art     : Explicit concurrent mark sweep GC freed 1373(80KB) AllocSpace objects, 1(20KB) LOS objects, 36% free, 28MB/44MB, paused 987us total 27.907ms
08-05 03:38:19.097  3363  3471 I art     : Starting a blocking GC Explicit
08-05 03:38:19.125  3363  3471 I art     : Explicit concurrent mark sweep GC freed 23(752B) AllocSpace objects, 0(0B) LOS objects, 36% free, 28MB/44MB, paused 946us total 27.645ms
08-05 03:38:19.134  3363  3471 I art     : Starting a blocking GC Explicit
08-05 03:38:19.162  3363  3471 I art     : Explicit concurrent mark sweep GC freed 4(128B) AllocSpace objects, 0(0B) LOS objects, 36% free, 28MB/44MB, paused 894us total 27.783ms
08-05 03:38:19.172  3363  3471 I art     : Starting a blocking GC Explicit
08-05 03:38:19.176  4894  4894 D AndroidRuntime: >>>>>> START com.android.internal.os.RuntimeInit uid 2000 <<<<<<
08-05 03:38:19.181  4894  4894 D AndroidRuntime: CheckJNI is OFF
08-05 03:38:19.204  3363  3471 I art     : Explicit concurrent mark sweep GC freed 7(224B) AllocSpace objects, 0(0B) LOS objects, 36% free, 28MB/44MB, paused 928us total 31.555ms
08-05 03:38:19.213  3363  3471 I art     : Starting a blocking GC Explicit
08-05 03:38:19.220  4894  4894 D ICU     : No timezone override file found: /data/misc/zoneinfo/current/icu/icu_tzdata.dat
08-05 03:38:19.238  3363  3471 I art     : Explicit concurrent mark sweep GC freed 7(224B) AllocSpace objects, 0(0B) LOS objects, 36% free, 28MB/44MB, paused 1.119ms total 24.927ms
08-05 03:38:19.239  3363  3373 I art     : WaitForGcToComplete blocked for 20.061ms for cause HeapTrim
08-05 03:38:19.253  4894  4894 I Radio-JNI: register_android_hardware_Radio DONE
08-05 03:38:19.274  4894  4894 D AndroidRuntime: Calling main entry com.android.commands.input.Input
08-05 03:38:19.275  4894  4894 I Input   : injectMotionEvent: MotionEvent { action=ACTION_DOWN, actionButton=0, id[0]=0, x[0]=639.0, y[0]=762.0, toolType[0]=TOOL_TYPE_UNKNOWN, buttonState=0, metaState=0, flags=0x0, edgeFlags=0x0, pointerCount=1, historySize=0, eventTime=761915688, downTime=761915688, deviceId=0, source=0x1002 }
08-05 03:38:19.280  4894  4894 I Input   : injectMotionEvent: MotionEvent { action=ACTION_UP, actionButton=0, id[0]=0, x[0]=639.0, y[0]=762.0, toolType[0]=TOOL_TYPE_UNKNOWN, buttonState=0, metaState=0, flags=0x0, edgeFlags=0x0, pointerCount=1, historySize=0, eventTime=761915688, downTime=761915688, deviceId=0, source=0x1002 }
08-05 03:38:19.282  4894  4894 D AndroidRuntime: Shutting down VM
08-05 03:38:19.357   512  2967 D audio_hw_primary: out_set_parameters: enter: usecase(1: low-latency-playback) kvpairs: routing=2
08-05 03:38:19.370   512  2967 D audio_hw_primary: select_devices: out_snd_device(2: speaker) in_snd_device(0: none)
08-05 03:38:19.370   512  2967 D msm8974_platform: platform_send_audio_calibration: sending audio calibration for snd_device(2) acdb_id(15)
08-05 03:38:19.370   512  2967 I soundtrigger: audio_extn_sound_trigger_update_device_status: device 0x2 of type 0 for Event 1
08-05 03:38:19.378 13866 13866 I GoogleInputMethodServic: GoogleInputMethodService.onFinishInput():3138 
08-05 03:38:19.379 13866 13866 I GoogleInputMethodServic: GoogleInputMethodService.onStartInput():1808 
08-05 03:38:19.384   512  2967 D audio_hw_primary: enable_snd_device: snd_device(2: speaker)
08-05 03:38:19.387   512  2967 D audio_hw_primary: enable_audio_route: apply and update mixer path: low-latency-playback speaker
08-05 03:38:19.504  3363  4345 I art     : Starting a blocking GC Explicit
08-05 03:38:19.532  3363  4345 I art     : Explicit concurrent mark sweep GC freed 1895(104KB) AllocSpace objects, 1(20KB) LOS objects, 36% free, 28MB/44MB, paused 968us total 27.146ms
08-05 03:38:19.541  3363  4345 I art     : Starting a blocking GC Explicit
08-05 03:38:19.568  3363  4345 I art     : Explicit concurrent mark sweep GC freed 59(2112B) AllocSpace objects, 0(0B) LOS objects, 36% free, 28MB/44MB, paused 1.190ms total 27.197ms
08-05 03:38:19.577  3363  4345 I art     : Starting a blocking GC Explicit
08-05 03:38:19.584  3363  3950 I NAPPA_EXPERIMENTATION: MetricNetworkRequestExecutionTime: REQUEST_DURATION_SYSTEM='228',REQUEST_DURATION_OKHTTP='226',REQUEST_SYNCHRONOUS='TRUE',RESPONSE_CODE='200',RESPONSE_METHOD='GET',RESPONSE_LENGTH_OKHTTP='-1',RESPONSE_LENGTH_HEADER='622',REQUEST_PROTOCOL='h2',REQUEST_URL='https://itunes.apple.com/lookup?id=360084272',
08-05 03:38:19.603  3363  4345 I art     : Explicit concurrent mark sweep GC freed 405(38KB) AllocSpace objects, 0(0B) LOS objects, 36% free, 28MB/44MB, paused 1.025ms total 26.163ms
08-05 03:38:19.606   918   929 I ActivityManager: START u0 {cmp=baseline.de.danoeh.antennapod.debug/baseline.de.danoeh.antennapod.activity.OnlineFeedViewActivity (has extras)} from uid 10691 on display 0
08-05 03:38:19.613  3363  4345 I art     : Starting a blocking GC Explicit
08-05 03:38:19.630 13866 13866 I GoogleInputMethodServic: GoogleInputMethodService.onFinishInput():3138 
08-05 03:38:19.630 13866 13866 I GoogleInputMethodServic: GoogleInputMethodService.onStartInput():1808 
08-05 03:38:19.638  3363  4345 I art     : Explicit concurrent mark sweep GC freed 337(12KB) AllocSpace objects, 0(0B) LOS objects, 36% free, 28MB/44MB, paused 994us total 25.080ms
08-05 03:38:19.647  3363  4345 I art     : Starting a blocking GC Explicit
08-05 03:38:19.651  3363  3363 D UserPreferences: Using default data folder
08-05 03:38:19.651  3363  3363 D OnlineFeedViewActivity: Activity was started with url http://joeroganexp.joerogan.libsynpro.com/rss
08-05 03:38:19.654  3363  3363 D OnlineFeedViewActivity: Starting feed download
08-05 03:38:19.658  3363  3955 D DBReader: Extracting Feedlist
08-05 03:38:19.660   918   929 D WifiService: acquireWifiLockLocked: WifiLock{Downloader type=1 binder=android.os.BinderProxy@4201ad9}
08-05 03:38:19.660  3363  3955 D AntennapodHttpClient: Creating new instance of HTTP client
08-05 03:38:19.674  3363  4345 I art     : Explicit concurrent mark sweep GC freed 899(72KB) AllocSpace objects, 0(0B) LOS objects, 36% free, 28MB/44MB, paused 1.164ms total 26.890ms
08-05 03:38:19.707  3363  3955 D MYTAG   : interceptor 3a http://joeroganexp.joerogan.libsynpro.com/rss
08-05 03:38:19.708  3363  3955 I NAPPA_EXPERIMENTATION: MetricNetworkRequestExecutionTime: REQUEST_DURATION_SYSTEM='46',REQUEST_DURATION_OKHTTP='40',REQUEST_SYNCHRONOUS='TRUE',RESPONSE_CODE='200',RESPONSE_METHOD='GET',RESPONSE_LENGTH_OKHTTP='-1',RESPONSE_LENGTH_HEADER='307892',REQUEST_PROTOCOL='http/1.1',REQUEST_URL='http://joeroganexp.joerogan.libsynpro.com/rss',
08-05 03:38:19.708  3363  3955 D HttpDownloader: Response code is 200
08-05 03:38:19.708  3363  3955 D UserPreferences: Using default data folder
08-05 03:38:19.709  3363  3955 D HttpDownloader: Getting size of download
08-05 03:38:19.709  3363  3955 D HttpDownloader: Size is -1
08-05 03:38:19.709  3363  3955 D UserPreferences: Using default data folder
08-05 03:38:19.709  3363  3955 D HttpDownloader: Free space is 20229754880
08-05 03:38:19.709  3363  3955 D HttpDownloader: Starting download
08-05 03:38:19.717 13866 13866 I GoogleInputMethodServic: GoogleInputMethodService.onFinishInput():3138 
08-05 03:38:19.718 13866 13866 I GoogleInputMethodServic: GoogleInputMethodService.onStartInput():1808 
08-05 03:38:19.736   918   936 I ActivityManager: Displayed baseline.de.danoeh.antennapod.debug/baseline.de.danoeh.antennapod.activity.OnlineFeedViewActivity: +106ms
08-05 03:38:19.757  3363  3384 D OpenGLRenderer: endAllStagingAnimators on 0x7f7ed1b400 (GridView) with handle 0x7f79cfff40
08-05 03:38:19.898  3363  3955 D HttpDownloader: Download was successful
08-05 03:38:19.899   918   929 D WifiService: releaseWifiLockLocked: WifiLock{Downloader type=1 binder=android.os.BinderProxy@4201ad9}
08-05 03:38:19.900  3363  3363 D OnlineFeedViewActivity: Parsing feed
08-05 03:38:19.904  3363  4942 D TypeGetter: Recognized type RSS 2.0
08-05 03:38:19.908  3363  4942 D SyndHandler: Recognized Atom namespace
08-05 03:38:19.908  3363  4942 D SyndHandler: Recognized ITunes namespace
08-05 03:38:19.908  3363  4942 D SyndHandler: Recognized media namespace
08-05 03:38:19.908  3363  4942 D SyndHandler: Recognized Content namespace
08-05 03:38:19.928   512  2967 D audio_hw_primary: disable_audio_route: reset and update mixer path: low-latency-playback speaker
08-05 03:38:19.929   512  2967 D audio_hw_primary: disable_snd_device: snd_device(2: speaker)
08-05 03:38:19.936   512  2967 I soundtrigger: audio_extn_sound_trigger_update_device_status: device 0x2 of type 0 for Event 0
08-05 03:38:19.956  3363  3471 I art     : Starting a blocking GC Explicit
08-05 03:38:19.988   380   380 W SurfaceFlinger: couldn't log to binary event log: overflow.
08-05 03:38:19.994  3363  3471 I art     : Explicit concurrent mark sweep GC freed 7201(535KB) AllocSpace objects, 4(80KB) LOS objects, 35% free, 28MB/44MB, paused 1.376ms total 38.080ms
08-05 03:38:20.005  3363  3471 I art     : Starting a blocking GC Explicit
08-05 03:38:20.031  3363  3471 I art     : Explicit concurrent mark sweep GC freed 3758(189KB) AllocSpace objects, 0(0B) LOS objects, 35% free, 28MB/44MB, paused 1.074ms total 25.274ms
08-05 03:38:20.039  3363  3471 I art     : Starting a blocking GC Explicit
08-05 03:38:20.064  3363  3471 I art     : Explicit concurrent mark sweep GC freed 2772(143KB) AllocSpace objects, 0(0B) LOS objects, 35% free, 28MB/44MB, paused 1.105ms total 24.948ms
08-05 03:38:20.073  3363  3471 I art     : Starting a blocking GC Explicit
08-05 03:38:20.099  3363  3471 I art     : Explicit concurrent mark sweep GC freed 2752(137KB) AllocSpace objects, 0(0B) LOS objects, 35% free, 28MB/44MB, paused 1.044ms total 25.550ms
08-05 03:38:20.108  3363  3363 D PlaybackController: Releasing PlaybackController
08-05 03:38:20.109  3363  3471 I art     : Starting a blocking GC Explicit
08-05 03:38:20.136  3363  3471 I art     : Explicit concurrent mark sweep GC freed 3160(162KB) AllocSpace objects, 0(0B) LOS objects, 35% free, 28MB/44MB, paused 1.177ms total 27.241ms
08-05 03:38:20.415  3363  3375 I art     : Starting a blocking GC Explicit
08-05 03:38:20.450  3363  3375 I art     : Explicit concurrent mark sweep GC freed 24260(1303KB) AllocSpace objects, 1(20KB) LOS objects, 35% free, 29MB/45MB, paused 1.335ms total 35.504ms
08-05 03:38:20.461  3363  3375 I art     : Starting a blocking GC Explicit
08-05 03:38:20.491  3363  3375 I art     : Explicit concurrent mark sweep GC freed 7258(349KB) AllocSpace objects, 0(0B) LOS objects, 35% free, 29MB/45MB, paused 1.845ms total 29.546ms
08-05 03:38:20.501  3363  3375 I art     : Starting a blocking GC Explicit
08-05 03:38:20.528  3363  3375 I art     : Explicit concurrent mark sweep GC freed 5202(248KB) AllocSpace objects, 0(0B) LOS objects, 35% free, 29MB/45MB, paused 1.193ms total 27.192ms
08-05 03:38:20.537  3363  3375 I art     : Starting a blocking GC Explicit
08-05 03:38:20.565  3363  3375 I art     : Explicit concurrent mark sweep GC freed 2941(148KB) AllocSpace objects, 0(0B) LOS objects, 35% free, 29MB/45MB, paused 1.133ms total 27.534ms
08-05 03:38:20.574  3363  3375 I art     : Starting a blocking GC Explicit
08-05 03:38:20.603  3363  3375 I art     : Explicit concurrent mark sweep GC freed 2953(148KB) AllocSpace objects, 0(0B) LOS objects, 35% free, 29MB/45MB, paused 1.108ms total 28.288ms
08-05 03:38:20.744   518   646 I ThermalEngine: ACTION: GPU - Setting GPU[0] to 450000000
08-05 03:38:20.895  3363  3376 I art     : Starting a blocking GC Explicit
08-05 03:38:20.969  3363  3376 I art     : Explicit concurrent mark sweep GC freed 23876(1295KB) AllocSpace objects, 1(20KB) LOS objects, 34% free, 30MB/46MB, paused 2.106ms total 73.706ms
08-05 03:38:20.983  3363  3376 I art     : Starting a blocking GC Explicit
08-05 03:38:21.022  3363  3376 I art     : Explicit concurrent mark sweep GC freed 6977(337KB) AllocSpace objects, 0(0B) LOS objects, 34% free, 30MB/46MB, paused 1.651ms total 38.752ms
08-05 03:38:21.034  3363  3376 I art     : Starting a blocking GC Explicit
08-05 03:38:21.072  3363  3376 I art     : Explicit concurrent mark sweep GC freed 5440(258KB) AllocSpace objects, 0(0B) LOS objects, 34% free, 30MB/46MB, paused 1.475ms total 37.521ms
08-05 03:38:21.084  3363  3376 I art     : Starting a blocking GC Explicit
08-05 03:38:21.123  3363  3376 I art     : Explicit concurrent mark sweep GC freed 2958(148KB) AllocSpace objects, 0(0B) LOS objects, 34% free, 30MB/46MB, paused 1.691ms total 38.968ms
08-05 03:38:21.135  3363  3376 I art     : Starting a blocking GC Explicit
08-05 03:38:21.175  3363  3376 I art     : Explicit concurrent mark sweep GC freed 3074(161KB) AllocSpace objects, 0(0B) LOS objects, 34% free, 30MB/46MB, paused 1.483ms total 39.743ms
08-05 03:38:21.518  3363  3375 I art     : Starting a blocking GC Explicit
08-05 03:38:21.567  3363  3375 I art     : Explicit concurrent mark sweep GC freed 22111(1214KB) AllocSpace objects, 1(20KB) LOS objects, 34% free, 30MB/46MB, paused 1.582ms total 49.149ms
08-05 03:38:21.582  3363  3375 I art     : Starting a blocking GC Explicit
08-05 03:38:21.624  3363  3375 I art     : Explicit concurrent mark sweep GC freed 4634(245KB) AllocSpace objects, 0(0B) LOS objects, 34% free, 30MB/46MB, paused 1.774ms total 41.741ms
08-05 03:38:21.637  3363  3375 I art     : Starting a blocking GC Explicit
08-05 03:38:21.677  3363  3375 I art     : Explicit concurrent mark sweep GC freed 7924(391KB) AllocSpace objects, 0(0B) LOS objects, 34% free, 30MB/46MB, paused 1.710ms total 39.813ms
08-05 03:38:21.690  3363  3375 I art     : Starting a blocking GC Explicit
08-05 03:38:21.731  3363  3375 I art     : Explicit concurrent mark sweep GC freed 3074(165KB) AllocSpace objects, 0(0B) LOS objects, 34% free, 30MB/46MB, paused 1.496ms total 40.710ms
08-05 03:38:21.744  3363  3375 I art     : Starting a blocking GC Explicit
08-05 03:38:21.786  3363  3375 I art     : Explicit concurrent mark sweep GC freed 3084(161KB) AllocSpace objects, 0(0B) LOS objects, 34% free, 30MB/46MB, paused 1.619ms total 41.406ms
08-05 03:38:22.115  3363  3376 I art     : Starting a blocking GC Explicit
08-05 03:38:22.168  3363  3376 I art     : Explicit concurrent mark sweep GC freed 21534(1147KB) AllocSpace objects, 1(20KB) LOS objects, 33% free, 31MB/47MB, paused 1.653ms total 52.885ms
08-05 03:38:22.183  3363  3376 I art     : Starting a blocking GC Explicit
08-05 03:38:22.228  3363  3376 I art     : Explicit concurrent mark sweep GC freed 8220(424KB) AllocSpace objects, 0(0B) LOS objects, 33% free, 31MB/47MB, paused 2.623ms total 44.075ms
08-05 03:38:22.241  3363  3376 I art     : Starting a blocking GC Explicit
08-05 03:38:22.283  3363  3376 I art     : Explicit concurrent mark sweep GC freed 4427(252KB) AllocSpace objects, 0(0B) LOS objects, 33% free, 31MB/47MB, paused 1.665ms total 41.557ms
08-05 03:38:22.296  3363  3376 I art     : Starting a blocking GC Explicit
08-05 03:38:22.340  3363  3376 I art     : Explicit concurrent mark sweep GC freed 3329(141KB) AllocSpace objects, 0(0B) LOS objects, 33% free, 31MB/47MB, paused 1.817ms total 43.406ms
08-05 03:38:22.353  3363  3376 I art     : Starting a blocking GC Explicit
08-05 03:38:22.397  3363  3376 I art     : Explicit concurrent mark sweep GC freed 3419(145KB) AllocSpace objects, 0(0B) LOS objects, 33% free, 31MB/47MB, paused 1.574ms total 43.660ms
08-05 03:38:22.727  3363  4345 I art     : Starting a blocking GC Explicit
08-05 03:38:22.780  3363  4345 I art     : Explicit concurrent mark sweep GC freed 21905(982KB) AllocSpace objects, 1(20KB) LOS objects, 33% free, 31MB/47MB, paused 1.733ms total 53.510ms
08-05 03:38:22.796  3363  4345 I art     : Starting a blocking GC Explicit
08-05 03:38:22.844  3363  4345 I art     : Explicit concurrent mark sweep GC freed 3597(164KB) AllocSpace objects, 0(0B) LOS objects, 33% free, 31MB/47MB, paused 1.673ms total 47.604ms
08-05 03:38:22.844  3363  4942 D OnlineFeedViewActivity: Deleted feed source file. Result: true
08-05 03:38:22.858  3363  4345 I art     : Starting a blocking GC Explicit
08-05 03:38:22.861  3363  3363 D OnlineFeedViewActivity: Removing HTML from shownotes
08-05 03:38:22.905  3363  4345 I art     : Explicit concurrent mark sweep GC freed 31563(2MB) AllocSpace objects, 108(7MB) LOS objects, 32% free, 32MB/48MB, paused 1.604ms total 47.325ms
08-05 03:38:22.920  3363  4345 I art     : Starting a blocking GC Explicit
08-05 03:38:22.971  3363  4345 I art     : Explicit concurrent mark sweep GC freed 42754(3MB) AllocSpace objects, 186(12MB) LOS objects, 32% free, 33MB/49MB, paused 1.589ms total 51.145ms
08-05 03:38:22.986  3363  4345 I art     : Starting a blocking GC Explicit
08-05 03:38:23.040  3363  4345 I art     : Explicit concurrent mark sweep GC freed 46309(3MB) AllocSpace objects, 210(13MB) LOS objects, 32% free, 33MB/49MB, paused 1.615ms total 53.690ms
08-05 03:38:23.398  3363  3363 I Choreographer: Skipped 31 frames!  The application may be doing too much work on its main thread.
08-05 03:38:23.402  3363  3471 I art     : Starting a blocking GC Explicit
08-05 03:38:23.448  3363  3471 I art     : Explicit concurrent mark sweep GC freed 1439(92KB) AllocSpace objects, 1(68KB) LOS objects, 33% free, 31MB/47MB, paused 1.379ms total 45.463ms
08-05 03:38:23.462  3363  3471 I art     : Starting a blocking GC Explicit
08-05 03:38:23.507  3363  3471 I art     : Explicit concurrent mark sweep GC freed 573(27KB) AllocSpace objects, 1(112KB) LOS objects, 33% free, 31MB/47MB, paused 1.120ms total 44.756ms
08-05 03:38:23.522  3363  3471 I art     : Starting a blocking GC Explicit
08-05 03:38:23.567  3363  3471 I art     : Explicit concurrent mark sweep GC freed 14(576B) AllocSpace objects, 0(0B) LOS objects, 33% free, 31MB/47MB, paused 1.271ms total 44.689ms
08-05 03:38:23.581  3363  3471 I art     : Starting a blocking GC Explicit
08-05 03:38:23.629  3363  3471 I art     : Explicit concurrent mark sweep GC freed 3(96B) AllocSpace objects, 0(0B) LOS objects, 33% free, 31MB/47MB, paused 1.237ms total 47.950ms
08-05 03:38:23.644  3363  3471 I art     : Starting a blocking GC Explicit
08-05 03:38:23.693  3363  3471 I art     : Explicit concurrent mark sweep GC freed 3(96B) AllocSpace objects, 0(0B) LOS objects, 33% free, 31MB/47MB, paused 1.286ms total 47.787ms
08-05 03:38:24.038  3363  3376 I art     : Starting a blocking GC Explicit
08-05 03:38:24.044  5004  5004 D AndroidRuntime: >>>>>> START com.android.internal.os.RuntimeInit uid 2000 <<<<<<
08-05 03:38:24.051  5004  5004 D AndroidRuntime: CheckJNI is OFF
08-05 03:38:24.087  3363  3376 I art     : Explicit concurrent mark sweep GC freed 1373(80KB) AllocSpace objects, 1(20KB) LOS objects, 33% free, 31MB/47MB, paused 1.294ms total 48.655ms
08-05 03:38:24.098  5004  5004 D ICU     : No timezone override file found: /data/misc/zoneinfo/current/icu/icu_tzdata.dat
08-05 03:38:24.102  3363  3376 I art     : Starting a blocking GC Explicit
08-05 03:38:24.146  5004  5004 I Radio-JNI: register_android_hardware_Radio DONE
08-05 03:38:24.149  3363  3376 I art     : Explicit concurrent mark sweep GC freed 23(752B) AllocSpace objects, 0(0B) LOS objects, 33% free, 31MB/47MB, paused 1.333ms total 47.416ms
08-05 03:38:24.164  3363  3376 I art     : Starting a blocking GC Explicit
08-05 03:38:24.176  5004  5004 D AndroidRuntime: Calling main entry com.android.commands.input.Input
08-05 03:38:24.178  5004  5004 I Input   : injectKeyEvent: KeyEvent { action=ACTION_DOWN, keyCode=KEYCODE_BACK, scanCode=0, metaState=0, flags=0x0, repeatCount=0, eventTime=761920591, downTime=761920591, deviceId=-1, source=0x101 }
08-05 03:38:24.184  5004  5004 I Input   : injectKeyEvent: KeyEvent { action=ACTION_UP, keyCode=KEYCODE_BACK, scanCode=0, metaState=0, flags=0x0, repeatCount=0, eventTime=761920591, downTime=761920591, deviceId=-1, source=0x101 }
08-05 03:38:24.192  5004  5004 D AndroidRuntime: Shutting down VM
08-05 03:38:24.198  3363  3363 V PlaybackController: initServiceNotRunning()
08-05 03:38:24.199  3363  3363 D ExternalPlayerFragment: Loading media info
08-05 03:38:24.203  3363  3363 D UserPreferences: Using default data folder
08-05 03:38:24.203  3363  3950 D DBReader: getNavDrawerData() called with: 
08-05 03:38:24.210  3363  3376 I art     : Explicit concurrent mark sweep GC freed 337(19KB) AllocSpace objects, 0(0B) LOS objects, 33% free, 31MB/47MB, paused 1.497ms total 45.683ms
08-05 03:38:24.223  3363  3950 D DBReader: getDownloadedItems() called
08-05 03:38:24.224  3363  3950 D DBReader: getFavoriteIDList() called
08-05 03:38:24.225  3363  3950 D DBReader: getQueueIDList() called
08-05 03:38:24.225  3363  3376 I art     : Starting a blocking GC Explicit
08-05 03:38:24.226  3363  3950 D DBReader: Extracting Feedlist
08-05 03:38:24.235 13866 13866 I GoogleInputMethodServic: GoogleInputMethodService.onFinishInput():3138 
08-05 03:38:24.236 13866 13866 I GoogleInputMethodServic: GoogleInputMethodService.onStartInput():1808 
08-05 03:38:24.252  3363  3363 D MainActivity: getLastNavFragment() -> AddFeedFragment
08-05 03:38:24.269  3363  3376 I art     : Explicit concurrent mark sweep GC freed 537(40KB) AllocSpace objects, 0(0B) LOS objects, 33% free, 31MB/47MB, paused 1.728ms total 44.041ms
08-05 03:38:24.284  3363  3376 I art     : Starting a blocking GC Explicit
08-05 03:38:24.324  3363  3376 I art     : Explicit concurrent mark sweep GC freed 507(24KB) AllocSpace objects, 0(0B) LOS objects, 33% free, 31MB/47MB, paused 1.154ms total 40.384ms
08-05 03:38:24.543   380   380 W SurfaceFlinger: couldn't log to binary event log: overflow.
08-05 03:38:24.624  3363  3471 I art     : Starting a blocking GC Explicit
08-05 03:38:24.674  3363  3471 I art     : Explicit concurrent mark sweep GC freed 2167(117KB) AllocSpace objects, 1(20KB) LOS objects, 33% free, 31MB/47MB, paused 1.282ms total 49.515ms
08-05 03:38:24.693  3363  3471 I art     : Starting a blocking GC Explicit
08-05 03:38:24.740  3363  3471 I art     : Explicit concurrent mark sweep GC freed 37(1440B) AllocSpace objects, 0(0B) LOS objects, 33% free, 31MB/47MB, paused 1.258ms total 47.039ms
08-05 03:38:24.755  3363  3471 I art     : Starting a blocking GC Explicit
08-05 03:38:24.802  3363  3471 I art     : Explicit concurrent mark sweep GC freed 3(96B) AllocSpace objects, 0(0B) LOS objects, 33% free, 31MB/47MB, paused 1.255ms total 47.351ms
08-05 03:38:24.817  3363  3471 I art     : Starting a blocking GC Explicit
08-05 03:38:24.865  3363  3471 I art     : Explicit concurrent mark sweep GC freed 3(96B) AllocSpace objects, 0(0B) LOS objects, 33% free, 31MB/47MB, paused 1.254ms total 47.688ms
08-05 03:38:24.880  3363  3471 I art     : Starting a blocking GC Explicit
08-05 03:38:24.929  3363  3471 I art     : Explicit concurrent mark sweep GC freed 3(96B) AllocSpace objects, 0(0B) LOS objects, 33% free, 31MB/47MB, paused 1.375ms total 48.650ms
08-05 03:38:25.258  3363  3375 I art     : Starting a blocking GC Explicit
08-05 03:38:25.323  3363  3375 I art     : Explicit concurrent mark sweep GC freed 1477(88KB) AllocSpace objects, 1(20KB) LOS objects, 33% free, 31MB/47MB, paused 1.522ms total 65.310ms
08-05 03:38:25.343  3363  3375 I art     : Starting a blocking GC Explicit
08-05 03:38:25.383  3363  3375 I art     : Explicit concurrent mark sweep GC freed 33168(3MB) AllocSpace objects, 1(28KB) LOS objects, 36% free, 28MB/44MB, paused 1.284ms total 39.937ms
08-05 03:38:25.395  3363  3375 I art     : Starting a blocking GC Explicit
08-05 03:38:25.429  3363  3375 I art     : Explicit concurrent mark sweep GC freed 3(96B) AllocSpace objects, 0(0B) LOS objects, 36% free, 28MB/44MB, paused 1.228ms total 33.874ms
08-05 03:38:25.441  3363  3375 I art     : Starting a blocking GC Explicit
08-05 03:38:25.474  3363  3375 I art     : Explicit concurrent mark sweep GC freed 34(928B) AllocSpace objects, 0(0B) LOS objects, 36% free, 28MB/44MB, paused 1.248ms total 33.260ms
08-05 03:38:25.486  3363  3375 I art     : Starting a blocking GC Explicit
08-05 03:38:25.519  3363  3375 I art     : Explicit concurrent mark sweep GC freed 3(96B) AllocSpace objects, 0(0B) LOS objects, 36% free, 28MB/44MB, paused 1.282ms total 33.105ms
08-05 03:38:25.826  3363  3376 I art     : Starting a blocking GC Explicit
08-05 03:38:25.868  3363  3376 I art     : Explicit concurrent mark sweep GC freed 1377(80KB) AllocSpace objects, 1(20KB) LOS objects, 36% free, 28MB/44MB, paused 1.423ms total 41.946ms
08-05 03:38:25.881  3363  3376 I art     : Starting a blocking GC Explicit
08-05 03:38:25.915  3363  3376 I art     : Explicit concurrent mark sweep GC freed 28(912B) AllocSpace objects, 0(0B) LOS objects, 36% free, 28MB/44MB, paused 1.327ms total 33.142ms
08-05 03:38:25.926  3363  3376 I art     : Starting a blocking GC Explicit
08-05 03:38:25.956  3363  3376 I art     : Explicit concurrent mark sweep GC freed 8(256B) AllocSpace objects, 0(0B) LOS objects, 36% free, 28MB/44MB, paused 1.205ms total 30.477ms
08-05 03:38:25.967  5050  5050 D AndroidRuntime: >>>>>> START com.android.internal.os.RuntimeInit uid 2000 <<<<<<
08-05 03:38:25.969  3363  3376 I art     : Starting a blocking GC Explicit
08-05 03:38:25.973  5050  5050 D AndroidRuntime: CheckJNI is OFF
08-05 03:38:26.000  3363  3376 I art     : Explicit concurrent mark sweep GC freed 9(288B) AllocSpace objects, 0(0B) LOS objects, 36% free, 28MB/44MB, paused 1.225ms total 31.039ms
08-05 03:38:26.011  3363  3376 I art     : Starting a blocking GC Explicit
08-05 03:38:26.017  5050  5050 D ICU     : No timezone override file found: /data/misc/zoneinfo/current/icu/icu_tzdata.dat
08-05 03:38:26.044  3363  3376 I art     : Explicit concurrent mark sweep GC freed 8(256B) AllocSpace objects, 0(0B) LOS objects, 36% free, 28MB/44MB, paused 1.305ms total 31.919ms
08-05 03:38:26.064  5050  5050 I Radio-JNI: register_android_hardware_Radio DONE
08-05 03:38:26.091  5050  5050 D AndroidRuntime: Calling main entry com.android.commands.input.Input
08-05 03:38:26.094  5050  5050 I Input   : injectMotionEvent: MotionEvent { action=ACTION_DOWN, actionButton=0, id[0]=0, x[0]=616.0, y[0]=469.0, toolType[0]=TOOL_TYPE_UNKNOWN, buttonState=0, metaState=0, flags=0x0, edgeFlags=0x0, pointerCount=1, historySize=0, eventTime=761922506, downTime=761922506, deviceId=0, source=0x1002 }
08-05 03:38:26.101  5050  5050 I Input   : injectMotionEvent: MotionEvent { action=ACTION_UP, actionButton=0, id[0]=0, x[0]=616.0, y[0]=469.0, toolType[0]=TOOL_TYPE_UNKNOWN, buttonState=0, metaState=0, flags=0x0, edgeFlags=0x0, pointerCount=1, historySize=0, eventTime=761922506, downTime=761922506, deviceId=0, source=0x1002 }
08-05 03:38:26.103  5050  5050 D AndroidRuntime: Shutting down VM
08-05 03:38:26.169   512  2967 D audio_hw_primary: out_set_parameters: enter: usecase(1: low-latency-playback) kvpairs: routing=2
08-05 03:38:26.183   512  2967 D audio_hw_primary: select_devices: out_snd_device(2: speaker) in_snd_device(0: none)
08-05 03:38:26.183   512  2967 D msm8974_platform: platform_send_audio_calibration: sending audio calibration for snd_device(2) acdb_id(15)
08-05 03:38:26.183   512  2967 I soundtrigger: audio_extn_sound_trigger_update_device_status: device 0x2 of type 0 for Event 1
08-05 03:38:26.185 13866 13866 I GoogleInputMethodServic: GoogleInputMethodService.onFinishInput():3138 
08-05 03:38:26.186 13866 13866 I GoogleInputMethodServic: GoogleInputMethodService.onStartInput():1808 
08-05 03:38:26.196   512  2967 D audio_hw_primary: enable_snd_device: snd_device(2: speaker)
08-05 03:38:26.198   512  2967 D audio_hw_primary: enable_audio_route: apply and update mixer path: low-latency-playback speaker
08-05 03:38:26.340  3363  3376 I art     : Starting a blocking GC Explicit
08-05 03:38:26.354  3363  3955 I NAPPA_EXPERIMENTATION: MetricNetworkRequestExecutionTime: REQUEST_DURATION_SYSTEM='186',REQUEST_DURATION_OKHTTP='184',REQUEST_SYNCHRONOUS='TRUE',RESPONSE_CODE='200',RESPONSE_METHOD='GET',RESPONSE_LENGTH_OKHTTP='-1',RESPONSE_LENGTH_HEADER='628',REQUEST_PROTOCOL='h2',REQUEST_URL='https://itunes.apple.com/lookup?id=1524080195',
08-05 03:38:26.375  3363  3376 I art     : Explicit concurrent mark sweep GC freed 2053(131KB) AllocSpace objects, 1(20KB) LOS objects, 36% free, 28MB/44MB, paused 1.232ms total 34.502ms
08-05 03:38:26.381   918  6111 I ActivityManager: START u0 {cmp=baseline.de.danoeh.antennapod.debug/baseline.de.danoeh.antennapod.activity.OnlineFeedViewActivity (has extras)} from uid 10691 on display 0
08-05 03:38:26.386  3363  3376 I art     : Starting a blocking GC Explicit
08-05 03:38:26.403 13866 13866 I GoogleInputMethodServic: GoogleInputMethodService.onFinishInput():3138 
08-05 03:38:26.404 13866 13866 I GoogleInputMethodServic: GoogleInputMethodService.onStartInput():1808 
08-05 03:38:26.421  3363  3376 I art     : Explicit concurrent mark sweep GC freed 434(17KB) AllocSpace objects, 0(0B) LOS objects, 36% free, 28MB/44MB, paused 1.605ms total 34.965ms
08-05 03:38:26.432  3363  3363 D UserPreferences: Using default data folder
08-05 03:38:26.432  3363  3376 I art     : Starting a blocking GC Explicit
08-05 03:38:26.435  3363  3363 D OnlineFeedViewActivity: Activity was started with url https://rss.art19.com/nice-white-parents
08-05 03:38:26.437  3363  3363 D OnlineFeedViewActivity: Starting feed download
08-05 03:38:26.440  3363  3959 D DBReader: Extracting Feedlist
08-05 03:38:26.443   918  6029 D WifiService: acquireWifiLockLocked: WifiLock{Downloader type=1 binder=android.os.BinderProxy@e727426}
08-05 03:38:26.444  3363  3959 D AntennapodHttpClient: Creating new instance of HTTP client
08-05 03:38:26.465  3363  3376 I art     : Explicit concurrent mark sweep GC freed 901(67KB) AllocSpace objects, 0(0B) LOS objects, 36% free, 28MB/44MB, paused 1.289ms total 32.410ms
08-05 03:38:26.476  3363  3376 I art     : Starting a blocking GC Explicit
08-05 03:38:26.488 13866 13866 I GoogleInputMethodServic: GoogleInputMethodService.onFinishInput():3138 
08-05 03:38:26.489 13866 13866 I GoogleInputMethodServic: GoogleInputMethodService.onStartInput():1808 
08-05 03:38:26.509  3363  3376 I art     : Explicit concurrent mark sweep GC freed 476(22KB) AllocSpace objects, 0(0B) LOS objects, 35% free, 28MB/44MB, paused 1.402ms total 32.933ms
08-05 03:38:26.515   918   936 I ActivityManager: Displayed baseline.de.danoeh.antennapod.debug/baseline.de.danoeh.antennapod.activity.OnlineFeedViewActivity: +110ms
08-05 03:38:26.521  3363  3376 I art     : Starting a blocking GC Explicit
08-05 03:38:26.558  3363  3376 I art     : Explicit concurrent mark sweep GC freed 32(1408B) AllocSpace objects, 0(0B) LOS objects, 35% free, 28MB/44MB, paused 1.341ms total 36.545ms
08-05 03:38:26.738   512  2967 D audio_hw_primary: disable_audio_route: reset and update mixer path: low-latency-playback speaker
08-05 03:38:26.739   512  2967 D audio_hw_primary: disable_snd_device: snd_device(2: speaker)
08-05 03:38:26.749   512  2967 I soundtrigger: audio_extn_sound_trigger_update_device_status: device 0x2 of type 0 for Event 0
08-05 03:38:26.754  3363  3959 D MYTAG   : interceptor 3a https://rss.art19.com/nice-white-parents
08-05 03:38:26.754  3363  3959 I NAPPA_EXPERIMENTATION: MetricNetworkRequestExecutionTime: REQUEST_DURATION_SYSTEM='309',REQUEST_DURATION_OKHTTP='152',REQUEST_SYNCHRONOUS='TRUE',RESPONSE_CODE='200',RESPONSE_METHOD='GET',RESPONSE_LENGTH_OKHTTP='-1',RESPONSE_LENGTH_HEADER='1803',REQUEST_PROTOCOL='h2',REQUEST_URL='https://rss.art19.com/nice-white-parents',
08-05 03:38:26.754  3363  3959 D HttpDownloader: Response code is 200
08-05 03:38:26.754  3363  3959 D UserPreferences: Using default data folder
08-05 03:38:26.757  3363  3959 D HttpDownloader: Getting size of download
08-05 03:38:26.757  3363  3959 D HttpDownloader: Size is -1
08-05 03:38:26.757  3363  3959 D UserPreferences: Using default data folder
08-05 03:38:26.757  3363  3959 D HttpDownloader: Free space is 20229750784
08-05 03:38:26.757  3363  3959 D HttpDownloader: Starting download
08-05 03:38:26.763   380   380 W SurfaceFlinger: couldn't log to binary event log: overflow.
08-05 03:38:26.770  3363  3959 D HttpDownloader: Download was successful
08-05 03:38:26.771   918  6111 D WifiService: releaseWifiLockLocked: WifiLock{Downloader type=1 binder=android.os.BinderProxy@e727426}
08-05 03:38:26.772  3363  3363 D OnlineFeedViewActivity: Parsing feed
08-05 03:38:26.777  3363  5106 D TypeGetter: Recognized type RSS 2.0
08-05 03:38:26.780  3363  5106 D SyndHandler: Recognized ITunes namespace
08-05 03:38:26.780  3363  5106 D SyndHandler: Recognized Atom namespace
08-05 03:38:26.780  3363  5106 D SyndHandler: Recognized Content namespace
08-05 03:38:26.786  3363  5106 D OnlineFeedViewActivity: Deleted feed source file. Result: true
08-05 03:38:26.786  3363  3363 D OnlineFeedViewActivity: Removing HTML from shownotes
08-05 03:38:26.873  3363  3375 I art     : Starting a blocking GC Explicit
08-05 03:38:26.903  3363  3363 D PlaybackController: Releasing PlaybackController
08-05 03:38:26.914  3363  3375 I art     : Explicit concurrent mark sweep GC freed 8175(591KB) AllocSpace objects, 8(348KB) LOS objects, 35% free, 28MB/44MB, paused 1.437ms total 40.727ms
08-05 03:38:26.929  3363  3375 I art     : Starting a blocking GC Explicit
08-05 03:38:26.963  3363  3375 I art     : Explicit concurrent mark sweep GC freed 1628(149KB) AllocSpace objects, 1(112KB) LOS objects, 35% free, 28MB/44MB, paused 1.351ms total 33.283ms
08-05 03:38:26.975  3363  3375 I art     : Starting a blocking GC Explicit
08-05 03:38:27.011  3363  3375 I art     : Explicit concurrent mark sweep GC freed 19(640B) AllocSpace objects, 0(0B) LOS objects, 35% free, 28MB/44MB, paused 1.273ms total 35.592ms
08-05 03:38:27.023  3363  3375 I art     : Starting a blocking GC Explicit
08-05 03:38:27.059  3363  3375 I art     : Explicit concurrent mark sweep GC freed 3(96B) AllocSpace objects, 0(0B) LOS objects, 35% free, 28MB/44MB, paused 1.274ms total 36.316ms
08-05 03:38:27.071  3363  3375 I art     : Starting a blocking GC Explicit
08-05 03:38:27.109  3363  3375 I art     : Explicit concurrent mark sweep GC freed 3(96B) AllocSpace objects, 0(0B) LOS objects, 35% free, 28MB/44MB, paused 1.361ms total 36.933ms
08-05 03:38:27.428  3363  3471 I art     : Starting a blocking GC Explicit
08-05 03:38:27.473  3363  3471 I art     : Explicit concurrent mark sweep GC freed 1405(83KB) AllocSpace objects, 1(20KB) LOS objects, 35% free, 28MB/44MB, paused 1.275ms total 45.361ms
08-05 03:38:27.488  3363  3471 I art     : Starting a blocking GC Explicit
08-05 03:38:27.525  3363  3471 I art     : Explicit concurrent mark sweep GC freed 23(752B) AllocSpace objects, 0(0B) LOS objects, 35% free, 28MB/44MB, paused 1.311ms total 36.975ms
08-05 03:38:27.537  3363  3471 I art     : Starting a blocking GC Explicit
08-05 03:38:27.574  3363  3471 I art     : Explicit concurrent mark sweep GC freed 3(96B) AllocSpace objects, 0(0B) LOS objects, 35% free, 28MB/44MB, paused 1.250ms total 36.424ms
08-05 03:38:27.586  3363  3471 I art     : Starting a blocking GC Explicit
08-05 03:38:27.623  3363  3471 I art     : Explicit concurrent mark sweep GC freed 3(96B) AllocSpace objects, 0(0B) LOS objects, 35% free, 28MB/44MB, paused 1.308ms total 36.557ms
08-05 03:38:27.635  3363  3471 I art     : Starting a blocking GC Explicit
08-05 03:38:27.672  3363  3471 I art     : Explicit concurrent mark sweep GC freed 3(96B) AllocSpace objects, 0(0B) LOS objects, 35% free, 28MB/44MB, paused 1.313ms total 37.021ms
08-05 03:38:28.010  3363  3376 I art     : Starting a blocking GC Explicit
08-05 03:38:28.056  3363  3376 I art     : Explicit concurrent mark sweep GC freed 1372(80KB) AllocSpace objects, 1(20KB) LOS objects, 35% free, 28MB/44MB, paused 1.379ms total 45.858ms
08-05 03:38:28.071  3363  3376 I art     : Starting a blocking GC Explicit
08-05 03:38:28.110  3363  3376 I art     : Explicit concurrent mark sweep GC freed 23(752B) AllocSpace objects, 0(0B) LOS objects, 35% free, 28MB/44MB, paused 1.388ms total 39.332ms
08-05 03:38:28.123  3363  3376 I art     : Starting a blocking GC Explicit
08-05 03:38:28.162  3363  3376 I art     : Explicit concurrent mark sweep GC freed 3(96B) AllocSpace objects, 0(0B) LOS objects, 35% free, 28MB/44MB, paused 1.370ms total 39.402ms
08-05 03:38:28.175  3363  3376 I art     : Starting a blocking GC Explicit
08-05 03:38:28.214  3363  3376 I art     : Explicit concurrent mark sweep GC freed 3(96B) AllocSpace objects, 0(0B) LOS objects, 35% free, 28MB/44MB, paused 1.340ms total 38.485ms
08-05 03:38:28.227  3363  3376 I art     : Starting a blocking GC Explicit
08-05 03:38:28.266  3363  3376 I art     : Explicit concurrent mark sweep GC freed 3(96B) AllocSpace objects, 0(0B) LOS objects, 35% free, 28MB/44MB, paused 1.348ms total 38.895ms
08-05 03:38:28.628  3363  4345 I art     : Starting a blocking GC Explicit
08-05 03:38:28.667  3363  4345 I art     : Explicit concurrent mark sweep GC freed 1438(82KB) AllocSpace objects, 1(20KB) LOS objects, 35% free, 28MB/44MB, paused 1.323ms total 38.932ms
08-05 03:38:28.680  3363  4345 I art     : Starting a blocking GC Explicit
08-05 03:38:28.717  3363  4345 I art     : Explicit concurrent mark sweep GC freed 23(752B) AllocSpace objects, 0(0B) LOS objects, 35% free, 28MB/44MB, paused 1.255ms total 36.513ms
08-05 03:38:28.729  3363  4345 I art     : Starting a blocking GC Explicit
08-05 03:38:28.768  3363  4345 I art     : Explicit concurrent mark sweep GC freed 3(96B) AllocSpace objects, 0(0B) LOS objects, 35% free, 28MB/44MB, paused 1.494ms total 38.112ms
08-05 03:38:28.780  3363  4345 I art     : Starting a blocking GC Explicit
08-05 03:38:28.819  3363  4345 I art     : Explicit concurrent mark sweep GC freed 3(96B) AllocSpace objects, 0(0B) LOS objects, 35% free, 28MB/44MB, paused 1.342ms total 38.966ms
08-05 03:38:28.832  3363  4345 I art     : Starting a blocking GC Explicit
08-05 03:38:28.871  3363  4345 I art     : Explicit concurrent mark sweep GC freed 3(96B) AllocSpace objects, 0(0B) LOS objects, 35% free, 28MB/44MB, paused 1.370ms total 38.801ms
08-05 03:38:29.207  3363  3376 I art     : Starting a blocking GC Explicit
08-05 03:38:29.258  3363  3376 I art     : Explicit concurrent mark sweep GC freed 1372(80KB) AllocSpace objects, 1(20KB) LOS objects, 35% free, 28MB/44MB, paused 1.431ms total 50.592ms
08-05 03:38:29.273  3363  3376 I art     : Starting a blocking GC Explicit
08-05 03:38:29.315  3363  3376 I art     : Explicit concurrent mark sweep GC freed 23(752B) AllocSpace objects, 0(0B) LOS objects, 35% free, 28MB/44MB, paused 1.366ms total 40.974ms
08-05 03:38:29.327  3363  3376 I art     : Starting a blocking GC Explicit
08-05 03:38:29.367  3363  3376 I art     : Explicit concurrent mark sweep GC freed 3(96B) AllocSpace objects, 0(0B) LOS objects, 35% free, 28MB/44MB, paused 1.333ms total 39.481ms
08-05 03:38:29.380  3363  3376 I art     : Starting a blocking GC Explicit
08-05 03:38:29.419  3363  3376 I art     : Explicit concurrent mark sweep GC freed 3(96B) AllocSpace objects, 0(0B) LOS objects, 35% free, 28MB/44MB, paused 1.404ms total 39.183ms
08-05 03:38:29.431  3363  3376 I art     : Starting a blocking GC Explicit
08-05 03:38:29.471  3363  3376 I art     : Explicit concurrent mark sweep GC freed 34(928B) AllocSpace objects, 0(0B) LOS objects, 35% free, 28MB/44MB, paused 1.343ms total 39.166ms
08-05 03:38:29.827  3363  3375 I art     : Starting a blocking GC Explicit
08-05 03:38:29.873  3363  3375 I art     : Explicit concurrent mark sweep GC freed 1372(80KB) AllocSpace objects, 1(20KB) LOS objects, 35% free, 28MB/44MB, paused 1.384ms total 45.514ms
08-05 03:38:29.888  3363  3375 I art     : Starting a blocking GC Explicit
08-05 03:38:29.930  3363  3375 I art     : Explicit concurrent mark sweep GC freed 23(752B) AllocSpace objects, 0(0B) LOS objects, 35% free, 28MB/44MB, paused 1.311ms total 41.578ms
08-05 03:38:29.943  3363  3375 I art     : Starting a blocking GC Explicit
08-05 03:38:29.983  3363  3375 I art     : Explicit concurrent mark sweep GC freed 3(96B) AllocSpace objects, 0(0B) LOS objects, 35% free, 28MB/44MB, paused 1.327ms total 39.500ms
08-05 03:38:29.995  3363  3375 I art     : Starting a blocking GC Explicit
08-05 03:38:30.035  3363  3375 I art     : Explicit concurrent mark sweep GC freed 29(2272B) AllocSpace objects, 0(0B) LOS objects, 35% free, 28MB/44MB, paused 1.251ms total 39.764ms
08-05 03:38:30.048  3363  3375 I art     : Starting a blocking GC Explicit
08-05 03:38:30.088  3363  3375 I art     : Explicit concurrent mark sweep GC freed 16(848B) AllocSpace objects, 0(0B) LOS objects, 35% free, 28MB/44MB, paused 1.445ms total 39.520ms
08-05 03:38:30.439  3363  3471 I art     : Starting a blocking GC Explicit
08-05 03:38:30.488  3363  3471 I art     : Explicit concurrent mark sweep GC freed 1404(83KB) AllocSpace objects, 1(20KB) LOS objects, 35% free, 28MB/44MB, paused 1.393ms total 48.208ms
08-05 03:38:30.502  3363  3471 I art     : Starting a blocking GC Explicit
08-05 03:38:30.542  3363  3471 I art     : Explicit concurrent mark sweep GC freed 23(752B) AllocSpace objects, 0(0B) LOS objects, 35% free, 28MB/44MB, paused 1.325ms total 39.168ms
08-05 03:38:30.554  3363  3471 I art     : Starting a blocking GC Explicit
08-05 03:38:30.594  3363  3471 I art     : Explicit concurrent mark sweep GC freed 3(96B) AllocSpace objects, 0(0B) LOS objects, 35% free, 28MB/44MB, paused 1.298ms total 39.996ms
08-05 03:38:30.607  3363  3471 I art     : Starting a blocking GC Explicit
08-05 03:38:30.648  3363  3471 I art     : Explicit concurrent mark sweep GC freed 81(6KB) AllocSpace objects, 0(0B) LOS objects, 35% free, 28MB/44MB, paused 1.278ms total 40.502ms
08-05 03:38:30.660  3363  3471 I art     : Starting a blocking GC Explicit
08-05 03:38:30.698  3363  3471 I art     : Explicit concurrent mark sweep GC freed 42(2352B) AllocSpace objects, 0(0B) LOS objects, 35% free, 28MB/44MB, paused 1.282ms total 37.555ms
08-05 03:38:30.760   518   646 I ThermalEngine: ACTION: GPU - Setting GPU[0] to 510000000
08-05 03:38:31.034  3363  4345 I art     : Starting a blocking GC Explicit
08-05 03:38:31.065  3363  4345 I art     : Explicit concurrent mark sweep GC freed 1372(80KB) AllocSpace objects, 1(20KB) LOS objects, 35% free, 28MB/44MB, paused 893us total 30.760ms
08-05 03:38:31.074  3363  4345 I art     : Starting a blocking GC Explicit
08-05 03:38:31.104  3363  4345 I art     : Explicit concurrent mark sweep GC freed 23(752B) AllocSpace objects, 0(0B) LOS objects, 35% free, 28MB/44MB, paused 879us total 28.962ms
08-05 03:38:31.113  3363  4345 I art     : Starting a blocking GC Explicit
08-05 03:38:31.142  3363  4345 I art     : Explicit concurrent mark sweep GC freed 3(96B) AllocSpace objects, 0(0B) LOS objects, 35% free, 28MB/44MB, paused 877us total 29.104ms
08-05 03:38:31.152  3363  4345 I art     : Starting a blocking GC Explicit
08-05 03:38:31.180  3363  4345 I art     : Explicit concurrent mark sweep GC freed 3(96B) AllocSpace objects, 0(0B) LOS objects, 35% free, 28MB/44MB, paused 891us total 28.007ms
08-05 03:38:31.190  3363  4345 I art     : Starting a blocking GC Explicit
08-05 03:38:31.219  3363  4345 I art     : Explicit concurrent mark sweep GC freed 3(96B) AllocSpace objects, 0(0B) LOS objects, 35% free, 28MB/44MB, paused 888us total 28.876ms
08-05 03:38:31.393 27088 27094 E QC-QMI  : qmi_client [27088] 547: failed to locate client data
08-05 03:38:31.394   519   519 E QC-QMI  : qmuxd: RX on fd=18 returned error=0 errno[2:No such file or directory]
08-05 03:38:31.395   519   519 E QC-QMI  : QMUX qmux_client_id=547 not found in qmux client list, unable to remove
08-05 03:38:31.399 27088 27088 I Atfwd_Daemon: Stop the daemon....
08-05 03:38:31.449  5221  5221 W ATFWD-daemon: type=1400 audit(0.0:739304): avc: denied { read write } for name="diag" dev="tmpfs" ino=1296 scontext=u:r:atfwd:s0 tcontext=u:object_r:diag_device:s0 tclass=chr_file permissive=0
08-05 03:38:31.458  5221  5221 I libmdmdetect: ESOC framework not supported
08-05 03:38:31.459  5221  5221 I libmdmdetect: Found internal modem: modem
08-05 03:38:31.460  5221  5221 E Diag_Lib:  Diag_LSM_Init: Failed to open handle to diag driver, error = 13
08-05 03:38:31.465  5221  5221 I Atfwd_Daemon: result : 255 	 ,Init step :0 	 ,qmiErrorCode: 0
08-05 03:38:31.465  5221  5221 I Atfwd_Daemon: result : 0 	 ,Init step :1 	 ,qmiErrorCode: 0
08-05 03:38:31.466  5221  5221 I ServiceManager: Waiting for service AtCmdFwd...
08-05 03:38:31.525  3363  3376 I art     : Starting a blocking GC Explicit
08-05 03:38:31.561  3363  3376 I art     : Explicit concurrent mark sweep GC freed 1403(81KB) AllocSpace objects, 1(20KB) LOS objects, 35% free, 28MB/44MB, paused 908us total 35.520ms
08-05 03:38:31.571  3363  3376 I art     : Starting a blocking GC Explicit
08-05 03:38:31.600  3363  3376 I art     : Explicit concurrent mark sweep GC freed 23(752B) AllocSpace objects, 0(0B) LOS objects, 35% free, 28MB/44MB, paused 892us total 29.012ms
08-05 03:38:31.610  3363  3376 I art     : Starting a blocking GC Explicit
08-05 03:38:31.638  3363  3376 I art     : Explicit concurrent mark sweep GC freed 3(96B) AllocSpace objects, 0(0B) LOS objects, 35% free, 28MB/44MB, paused 884us total 28.204ms
08-05 03:38:31.648  3363  3376 I art     : Starting a blocking GC Explicit
08-05 03:38:31.677  3363  3376 I art     : Explicit concurrent mark sweep GC freed 3(96B) AllocSpace objects, 0(0B) LOS objects, 35% free, 28MB/44MB, paused 992us total 29.215ms
08-05 03:38:31.687  3363  3376 I art     : Starting a blocking GC Explicit
08-05 03:38:31.715  3363  3376 I art     : Explicit concurrent mark sweep GC freed 3(96B) AllocSpace objects, 0(0B) LOS objects, 35% free, 28MB/44MB, paused 865us total 28.212ms
08-05 03:38:32.057  3363  3375 I art     : Starting a blocking GC Explicit
08-05 03:38:32.098  3363  3375 I art     : Explicit concurrent mark sweep GC freed 1372(80KB) AllocSpace objects, 1(20KB) LOS objects, 35% free, 28MB/44MB, paused 952us total 40.082ms
08-05 03:38:32.111  3363  3375 I art     : Starting a blocking GC Explicit
08-05 03:38:32.141  3363  3375 I art     : Explicit concurrent mark sweep GC freed 23(752B) AllocSpace objects, 0(0B) LOS objects, 35% free, 28MB/44MB, paused 864us total 29.666ms
08-05 03:38:32.150  3363  3375 I art     : Starting a blocking GC Explicit
08-05 03:38:32.180  3363  3375 I art     : Explicit concurrent mark sweep GC freed 3(96B) AllocSpace objects, 0(0B) LOS objects, 35% free, 28MB/44MB, paused 846us total 28.871ms
08-05 03:38:32.189  3363  3375 I art     : Starting a blocking GC Explicit
08-05 03:38:32.219  3363  3375 I art     : Explicit concurrent mark sweep GC freed 3(96B) AllocSpace objects, 0(0B) LOS objects, 35% free, 28MB/44MB, paused 872us total 29.450ms
08-05 03:38:32.229  3363  3375 I art     : Starting a blocking GC Explicit
08-05 03:38:32.257  3363  3375 I art     : Explicit concurrent mark sweep GC freed 3(96B) AllocSpace objects, 0(0B) LOS objects, 35% free, 28MB/44MB, paused 961us total 28.366ms
08-05 03:38:32.467  5221  5221 I ServiceManager: Waiting for service AtCmdFwd...
08-05 03:38:32.579  3363  3471 I art     : Starting a blocking GC Explicit
08-05 03:38:32.616  3363  3471 I art     : Explicit concurrent mark sweep GC freed 1403(81KB) AllocSpace objects, 1(20KB) LOS objects, 35% free, 28MB/44MB, paused 911us total 36.654ms
08-05 03:38:32.627  3363  3471 I art     : Starting a blocking GC Explicit
08-05 03:38:32.656  3363  3471 I art     : Explicit concurrent mark sweep GC freed 23(752B) AllocSpace objects, 0(0B) LOS objects, 35% free, 28MB/44MB, paused 885us total 29.169ms
08-05 03:38:32.666  3363  3471 I art     : Starting a blocking GC Explicit
08-05 03:38:32.695  3363  3471 I art     : Explicit concurrent mark sweep GC freed 3(96B) AllocSpace objects, 0(0B) LOS objects, 35% free, 28MB/44MB, paused 875us total 28.902ms
08-05 03:38:32.705  3363  3471 I art     : Starting a blocking GC Explicit
08-05 03:38:32.734  3363  3471 I art     : Explicit concurrent mark sweep GC freed 3(96B) AllocSpace objects, 0(0B) LOS objects, 35% free, 28MB/44MB, paused 839us total 29.673ms
08-05 03:38:32.744  3363  3471 I art     : Starting a blocking GC Explicit
08-05 03:38:32.772  3363  3471 I art     : Explicit concurrent mark sweep GC freed 3(96B) AllocSpace objects, 0(0B) LOS objects, 35% free, 28MB/44MB, paused 866us total 27.989ms
08-05 03:38:33.114  3363  4345 I art     : Starting a blocking GC Explicit
08-05 03:38:33.151  3363  4345 I art     : Explicit concurrent mark sweep GC freed 1372(80KB) AllocSpace objects, 1(20KB) LOS objects, 35% free, 28MB/44MB, paused 960us total 36.032ms
08-05 03:38:33.162  3363  4345 I art     : Starting a blocking GC Explicit
08-05 03:38:33.190  3363  4345 I art     : Explicit concurrent mark sweep GC freed 23(752B) AllocSpace objects, 0(0B) LOS objects, 35% free, 28MB/44MB, paused 806us total 27.865ms
08-05 03:38:33.200  3363  4345 I art     : Starting a blocking GC Explicit
08-05 03:38:33.228  3363  4345 I art     : Explicit concurrent mark sweep GC freed 3(96B) AllocSpace objects, 0(0B) LOS objects, 35% free, 28MB/44MB, paused 891us total 28.295ms
08-05 03:38:33.237  3363  4345 I art     : Starting a blocking GC Explicit
08-05 03:38:33.265  3363  4345 I art     : Explicit concurrent mark sweep GC freed 3(96B) AllocSpace objects, 0(0B) LOS objects, 35% free, 28MB/44MB, paused 878us total 27.220ms
08-05 03:38:33.274  3363  4345 I art     : Starting a blocking GC Explicit
08-05 03:38:33.302  3363  4345 I art     : Explicit concurrent mark sweep GC freed 3(96B) AllocSpace objects, 0(0B) LOS objects, 35% free, 28MB/44MB, paused 867us total 28.309ms
08-05 03:38:33.468  5221  5221 I ServiceManager: Waiting for service AtCmdFwd...
08-05 03:38:33.629  3363  3376 I art     : Starting a blocking GC Explicit
08-05 03:38:33.665  3363  3376 I art     : Explicit concurrent mark sweep GC freed 1403(81KB) AllocSpace objects, 1(20KB) LOS objects, 35% free, 28MB/44MB, paused 967us total 36.433ms
08-05 03:38:33.678  3363  3376 I art     : Starting a blocking GC Explicit
08-05 03:38:33.708  3363  3376 I art     : Explicit concurrent mark sweep GC freed 23(752B) AllocSpace objects, 0(0B) LOS objects, 35% free, 28MB/44MB, paused 989us total 29.708ms
08-05 03:38:33.718  3363  3376 I art     : Starting a blocking GC Explicit
08-05 03:38:33.747  3363  3376 I art     : Explicit concurrent mark sweep GC freed 3(96B) AllocSpace objects, 0(0B) LOS objects, 35% free, 28MB/44MB, paused 853us total 28.724ms
08-05 03:38:33.756  3363  3376 I art     : Starting a blocking GC Explicit
08-05 03:38:33.785  3363  3376 I art     : Explicit concurrent mark sweep GC freed 3(96B) AllocSpace objects, 0(0B) LOS objects, 35% free, 28MB/44MB, paused 886us total 28.443ms
08-05 03:38:33.795  3363  3376 I art     : Starting a blocking GC Explicit
08-05 03:38:33.825  3363  3376 I art     : Explicit concurrent mark sweep GC freed 3(96B) AllocSpace objects, 0(0B) LOS objects, 35% free, 28MB/44MB, paused 902us total 29.719ms
08-05 03:38:34.170  3363  3375 I art     : Starting a blocking GC Explicit
08-05 03:38:34.214  3363  3375 I art     : Explicit concurrent mark sweep GC freed 1372(80KB) AllocSpace objects, 1(20KB) LOS objects, 35% free, 28MB/44MB, paused 1.028ms total 43.118ms
08-05 03:38:34.229  3363  3375 I art     : Starting a blocking GC Explicit
08-05 03:38:34.259  3363  3375 I art     : Explicit concurrent mark sweep GC freed 23(752B) AllocSpace objects, 0(0B) LOS objects, 35% free, 28MB/44MB, paused 894us total 30.085ms
08-05 03:38:34.268  3363  3375 I art     : Starting a blocking GC Explicit
08-05 03:38:34.298  3363  3375 I art     : Explicit concurrent mark sweep GC freed 3(96B) AllocSpace objects, 0(0B) LOS objects, 35% free, 28MB/44MB, paused 1.051ms total 28.958ms
08-05 03:38:34.307  3363  3375 I art     : Starting a blocking GC Explicit
08-05 03:38:34.337  3363  3375 I art     : Explicit concurrent mark sweep GC freed 3(96B) AllocSpace objects, 0(0B) LOS objects, 35% free, 28MB/44MB, paused 888us total 29.395ms
08-05 03:38:34.347  3363  3375 I art     : Starting a blocking GC Explicit
08-05 03:38:34.375  3363  3375 I art     : Explicit concurrent mark sweep GC freed 3(96B) AllocSpace objects, 0(0B) LOS objects, 35% free, 28MB/44MB, paused 800us total 28.083ms
08-05 03:38:34.468  5221  5221 I ServiceManager: Waiting for service AtCmdFwd...
08-05 03:38:34.645  3363  3471 I art     : Starting a blocking GC Explicit
08-05 03:38:34.675  3363  3471 I art     : Explicit concurrent mark sweep GC freed 1403(81KB) AllocSpace objects, 1(20KB) LOS objects, 35% free, 28MB/44MB, paused 852us total 29.936ms
08-05 03:38:34.685  3363  3471 I art     : Starting a blocking GC Explicit
08-05 03:38:34.713  3363  3471 I art     : Explicit concurrent mark sweep GC freed 23(752B) AllocSpace objects, 0(0B) LOS objects, 35% free, 28MB/44MB, paused 901us total 28.612ms
08-05 03:38:34.723  3363  3471 I art     : Starting a blocking GC Explicit
08-05 03:38:34.751  3363  3471 I art     : Explicit concurrent mark sweep GC freed 3(96B) AllocSpace objects, 0(0B) LOS objects, 35% free, 28MB/44MB, paused 882us total 27.187ms
08-05 03:38:34.760  3363  3471 I art     : Starting a blocking GC Explicit
08-05 03:38:34.787  3363  3471 I art     : Explicit concurrent mark sweep GC freed 3(96B) AllocSpace objects, 0(0B) LOS objects, 35% free, 28MB/44MB, paused 979us total 27.545ms
08-05 03:38:34.792  5281  5281 D AndroidRuntime: >>>>>> START com.android.internal.os.RuntimeInit uid 2000 <<<<<<
08-05 03:38:34.797  5281  5281 D AndroidRuntime: CheckJNI is OFF
08-05 03:38:34.797  3363  3471 I art     : Starting a blocking GC Explicit
08-05 03:38:34.824  3363  3471 I art     : Explicit concurrent mark sweep GC freed 3(96B) AllocSpace objects, 0(0B) LOS objects, 35% free, 28MB/44MB, paused 883us total 27.329ms
08-05 03:38:34.832  5281  5281 D ICU     : No timezone override file found: /data/misc/zoneinfo/current/icu/icu_tzdata.dat
08-05 03:38:34.865  5281  5281 I Radio-JNI: register_android_hardware_Radio DONE
08-05 03:38:34.887  5281  5281 D AndroidRuntime: Calling main entry com.android.commands.input.Input
08-05 03:38:34.889  5281  5281 I Input   : injectKeyEvent: KeyEvent { action=ACTION_DOWN, keyCode=KEYCODE_BACK, scanCode=0, metaState=0, flags=0x0, repeatCount=0, eventTime=761931302, downTime=761931302, deviceId=-1, source=0x101 }
08-05 03:38:34.894  5281  5281 I Input   : injectKeyEvent: KeyEvent { action=ACTION_UP, keyCode=KEYCODE_BACK, scanCode=0, metaState=0, flags=0x0, repeatCount=0, eventTime=761931302, downTime=761931302, deviceId=-1, source=0x101 }
08-05 03:38:34.900  5281  5281 D AndroidRuntime: Shutting down VM
08-05 03:38:34.904  3363  3363 V PlaybackController: initServiceNotRunning()
08-05 03:38:34.904  3363  3363 D ExternalPlayerFragment: Loading media info
08-05 03:38:34.908  3363  3363 D UserPreferences: Using default data folder
08-05 03:38:34.909  3363  3955 D DBReader: getNavDrawerData() called with: 
08-05 03:38:34.920  3363  3955 D DBReader: getDownloadedItems() called
08-05 03:38:34.921  3363  3955 D DBReader: getFavoriteIDList() called
08-05 03:38:34.921  3363  3955 D DBReader: getQueueIDList() called
08-05 03:38:34.922  3363  3955 D DBReader: Extracting Feedlist
08-05 03:38:34.941 13866 13866 I GoogleInputMethodServic: GoogleInputMethodService.onFinishInput():3138 
08-05 03:38:34.942 13866 13866 I GoogleInputMethodServic: GoogleInputMethodService.onStartInput():1808 
08-05 03:38:34.960  3363  3363 D MainActivity: getLastNavFragment() -> AddFeedFragment
08-05 03:38:35.079  3363  3375 I art     : Starting a blocking GC Explicit
08-05 03:38:35.106  3363  3375 I art     : Explicit concurrent mark sweep GC freed 2482(153KB) AllocSpace objects, 1(20KB) LOS objects, 35% free, 28MB/44MB, paused 840us total 26.738ms
08-05 03:38:35.117  3363  3375 I art     : Starting a blocking GC Explicit
08-05 03:38:35.144  3363  3375 I art     : Explicit concurrent mark sweep GC freed 452(24KB) AllocSpace objects, 0(0B) LOS objects, 35% free, 28MB/44MB, paused 839us total 26.838ms
08-05 03:38:35.153  3363  3375 I art     : Starting a blocking GC Explicit
08-05 03:38:35.181  3363  3375 I art     : Explicit concurrent mark sweep GC freed 3(96B) AllocSpace objects, 0(0B) LOS objects, 35% free, 28MB/44MB, paused 769us total 27.608ms
08-05 03:38:35.190  3363  3375 I art     : Starting a blocking GC Explicit
08-05 03:38:35.220  3363  3375 I art     : Explicit concurrent mark sweep GC freed 3(96B) AllocSpace objects, 0(0B) LOS objects, 35% free, 28MB/44MB, paused 852us total 29.802ms
08-05 03:38:35.231  3363  3375 I art     : Starting a blocking GC Explicit
08-05 03:38:35.256   380   380 W SurfaceFlinger: couldn't log to binary event log: overflow.
08-05 03:38:35.261  3363  3375 I art     : Explicit concurrent mark sweep GC freed 17(560B) AllocSpace objects, 0(0B) LOS objects, 35% free, 28MB/44MB, paused 1.427ms total 29.948ms
08-05 03:38:35.469  5221  5221 I ServiceManager: Waiting for service AtCmdFwd...
08-05 03:38:35.545  3363  4345 I art     : Starting a blocking GC Explicit
08-05 03:38:35.579  3363  4345 I art     : Explicit concurrent mark sweep GC freed 1985(105KB) AllocSpace objects, 1(20KB) LOS objects, 35% free, 28MB/44MB, paused 960us total 33.447ms
08-05 03:38:35.594  3363  4345 I art     : Starting a blocking GC Explicit
08-05 03:38:35.623  3363  4345 I art     : Explicit concurrent mark sweep GC freed 2457(152KB) AllocSpace objects, 1(28KB) LOS objects, 36% free, 28MB/44MB, paused 856us total 28.678ms
08-05 03:38:35.633  3363  4345 I art     : Starting a blocking GC Explicit
08-05 03:38:35.661  3363  4345 I art     : Explicit concurrent mark sweep GC freed 3(96B) AllocSpace objects, 0(0B) LOS objects, 36% free, 28MB/44MB, paused 868us total 27.848ms
08-05 03:38:35.670  3363  4345 I art     : Starting a blocking GC Explicit
08-05 03:38:35.698  3363  4345 I art     : Explicit concurrent mark sweep GC freed 3(96B) AllocSpace objects, 0(0B) LOS objects, 36% free, 28MB/44MB, paused 899us total 28.095ms
08-05 03:38:35.708  3363  4345 I art     : Starting a blocking GC Explicit
08-05 03:38:35.737  3363  4345 I art     : Explicit concurrent mark sweep GC freed 3(96B) AllocSpace objects, 0(0B) LOS objects, 36% free, 28MB/44MB, paused 929us total 28.763ms
08-05 03:38:36.036  3363  3376 I art     : Starting a blocking GC Explicit
08-05 03:38:36.074  3363  3376 I art     : Explicit concurrent mark sweep GC freed 1374(82KB) AllocSpace objects, 1(20KB) LOS objects, 36% free, 28MB/44MB, paused 965us total 38.023ms
08-05 03:38:36.086  3363  3376 I art     : Starting a blocking GC Explicit
08-05 03:38:36.114  3363  3376 I art     : Explicit concurrent mark sweep GC freed 23(752B) AllocSpace objects, 0(0B) LOS objects, 36% free, 28MB/44MB, paused 867us total 28.374ms
08-05 03:38:36.124  3363  3376 I art     : Starting a blocking GC Explicit
08-05 03:38:36.150  3363  3376 I art     : Explicit concurrent mark sweep GC freed 3(96B) AllocSpace objects, 0(0B) LOS objects, 36% free, 28MB/44MB, paused 837us total 26.111ms
08-05 03:38:36.160  3363  3376 I art     : Starting a blocking GC Explicit
08-05 03:38:36.186  3363  3376 I art     : Explicit concurrent mark sweep GC freed 3(96B) AllocSpace objects, 0(0B) LOS objects, 36% free, 28MB/44MB, paused 932us total 25.910ms
08-05 03:38:36.195  3363  3376 I art     : Starting a blocking GC Explicit
08-05 03:38:36.221  3363  3376 I art     : Explicit concurrent mark sweep GC freed 3(96B) AllocSpace objects, 0(0B) LOS objects, 36% free, 28MB/44MB, paused 850us total 25.704ms
08-05 03:38:36.469  5221  5221 W Atfwd_Sendcmd: AtCmdFwd service not published, waiting... retryCnt : 1
08-05 03:38:36.493  3363  3471 I art     : Starting a blocking GC Explicit
08-05 03:38:36.521  3363  3471 I art     : Explicit concurrent mark sweep GC freed 1404(81KB) AllocSpace objects, 1(20KB) LOS objects, 36% free, 28MB/44MB, paused 899us total 27.775ms
08-05 03:38:36.532  3363  3471 I art     : Starting a blocking GC Explicit
08-05 03:38:36.549  5337  5337 D AndroidRuntime: >>>>>> START com.android.internal.os.RuntimeInit uid 2000 <<<<<<
08-05 03:38:36.555  5337  5337 D AndroidRuntime: CheckJNI is OFF
08-05 03:38:36.562  3363  3471 I art     : Explicit concurrent mark sweep GC freed 27(880B) AllocSpace objects, 0(0B) LOS objects, 36% free, 28MB/44MB, paused 1.395ms total 29.190ms
08-05 03:38:36.572  3363  3471 I art     : Starting a blocking GC Explicit
08-05 03:38:36.590  5337  5337 D ICU     : No timezone override file found: /data/misc/zoneinfo/current/icu/icu_tzdata.dat
08-05 03:38:36.598  3363  3471 I art     : Explicit concurrent mark sweep GC freed 7(224B) AllocSpace objects, 0(0B) LOS objects, 36% free, 28MB/44MB, paused 870us total 25.781ms
08-05 03:38:36.606  3363  3471 I art     : Starting a blocking GC Explicit
08-05 03:38:36.622  5337  5337 I Radio-JNI: register_android_hardware_Radio DONE
08-05 03:38:36.631  3363  3471 I art     : Explicit concurrent mark sweep GC freed 7(224B) AllocSpace objects, 0(0B) LOS objects, 36% free, 28MB/44MB, paused 856us total 24.311ms
08-05 03:38:36.639  3363  3471 I art     : Starting a blocking GC Explicit
08-05 03:38:36.645  5337  5337 D AndroidRuntime: Calling main entry com.android.commands.input.Input
08-05 03:38:36.646  5337  5337 I Input   : injectKeyEvent: KeyEvent { action=ACTION_DOWN, keyCode=KEYCODE_BACK, scanCode=0, metaState=0, flags=0x0, repeatCount=0, eventTime=761933059, downTime=761933059, deviceId=-1, source=0x101 }
08-05 03:38:36.651  5337  5337 I Input   : injectKeyEvent: KeyEvent { action=ACTION_UP, keyCode=KEYCODE_BACK, scanCode=0, metaState=0, flags=0x0, repeatCount=0, eventTime=761933059, downTime=761933059, deviceId=-1, source=0x101 }
08-05 03:38:36.661 13866 13866 I GoogleInputMethodServic: GoogleInputMethodService.onFinishInput():3138 
08-05 03:38:36.662 13866 13866 I GoogleInputMethodServic: GoogleInputMethodService.onStartInput():1808 
08-05 03:38:36.665  3363  3471 I art     : Explicit concurrent mark sweep GC freed 607(25KB) AllocSpace objects, 0(0B) LOS objects, 35% free, 28MB/44MB, paused 1.231ms total 26.111ms
08-05 03:38:36.670  5337  5337 D AndroidRuntime: Shutting down VM
08-05 03:38:36.921  3363  3376 I art     : Starting a blocking GC Explicit
08-05 03:38:36.951  3363  3376 I art     : Explicit concurrent mark sweep GC freed 1989(105KB) AllocSpace objects, 1(20KB) LOS objects, 35% free, 28MB/44MB, paused 900us total 30.090ms
08-05 03:38:36.961  3363  3376 I art     : Starting a blocking GC Explicit
08-05 03:38:36.989  3363  3376 I art     : Explicit concurrent mark sweep GC freed 2649(177KB) AllocSpace objects, 9(1540KB) LOS objects, 37% free, 26MB/42MB, paused 947us total 28.652ms
08-05 03:38:36.999  3363  3376 I art     : Starting a blocking GC Explicit
08-05 03:38:37.026  3363  3376 I art     : Explicit concurrent mark sweep GC freed 3(96B) AllocSpace objects, 0(0B) LOS objects, 37% free, 26MB/42MB, paused 865us total 27.409ms
08-05 03:38:37.036  3363  3376 I art     : Starting a blocking GC Explicit
08-05 03:38:37.063  3363  3376 I art     : Explicit concurrent mark sweep GC freed 3(96B) AllocSpace objects, 0(0B) LOS objects, 37% free, 26MB/42MB, paused 860us total 27.412ms
08-05 03:38:37.073  3363  3376 I art     : Starting a blocking GC Explicit
08-05 03:38:37.100  3363  3376 I art     : Explicit concurrent mark sweep GC freed 3(96B) AllocSpace objects, 0(0B) LOS objects, 37% free, 26MB/42MB, paused 882us total 27.450ms
08-05 03:38:37.400  3363  3375 I art     : Starting a blocking GC Explicit
08-05 03:38:37.435  3363  3375 I art     : Explicit concurrent mark sweep GC freed 1404(82KB) AllocSpace objects, 1(20KB) LOS objects, 37% free, 26MB/42MB, paused 926us total 34.337ms
08-05 03:38:37.448  3363  3375 I art     : Starting a blocking GC Explicit
08-05 03:38:37.476  3363  3375 I art     : Explicit concurrent mark sweep GC freed 23(752B) AllocSpace objects, 0(0B) LOS objects, 37% free, 26MB/42MB, paused 865us total 27.991ms
08-05 03:38:37.486  3363  3375 I art     : Starting a blocking GC Explicit
08-05 03:38:37.513  3363  3375 I art     : Explicit concurrent mark sweep GC freed 3(96B) AllocSpace objects, 0(0B) LOS objects, 37% free, 26MB/42MB, paused 875us total 27.126ms
08-05 03:38:37.522  3363  3375 I art     : Starting a blocking GC Explicit
08-05 03:38:37.550  3363  3375 I art     : Explicit concurrent mark sweep GC freed 3(96B) AllocSpace objects, 0(0B) LOS objects, 37% free, 26MB/42MB, paused 868us total 27.797ms
08-05 03:38:37.560  3363  3375 I art     : Starting a blocking GC Explicit
08-05 03:38:37.588  3363  3375 I art     : Explicit concurrent mark sweep GC freed 3(96B) AllocSpace objects, 0(0B) LOS objects, 37% free, 26MB/42MB, paused 934us total 27.841ms
08-05 03:38:37.888  3363  3471 I art     : Starting a blocking GC Explicit
08-05 03:38:37.924  3363  3471 I art     : Explicit concurrent mark sweep GC freed 1373(81KB) AllocSpace objects, 1(20KB) LOS objects, 37% free, 26MB/42MB, paused 915us total 36.058ms
08-05 03:38:37.934  3363  3471 I art     : Starting a blocking GC Explicit
08-05 03:38:37.960  3363  3471 I art     : Explicit concurrent mark sweep GC freed 23(752B) AllocSpace objects, 0(0B) LOS objects, 37% free, 26MB/42MB, paused 853us total 26.010ms
08-05 03:38:37.968  3363  3471 I art     : Starting a blocking GC Explicit
08-05 03:38:37.992  3363  3471 I art     : Explicit concurrent mark sweep GC freed 3(96B) AllocSpace objects, 0(0B) LOS objects, 37% free, 26MB/42MB, paused 824us total 24.027ms
08-05 03:38:38.001  3363  3471 I art     : Starting a blocking GC Explicit
08-05 03:38:38.028  3363  3471 I art     : Explicit concurrent mark sweep GC freed 3(96B) AllocSpace objects, 0(0B) LOS objects, 37% free, 26MB/42MB, paused 903us total 25.997ms
08-05 03:38:38.037  3363  3471 I art     : Starting a blocking GC Explicit
08-05 03:38:38.063  3363  3471 I art     : Explicit concurrent mark sweep GC freed 3(96B) AllocSpace objects, 0(0B) LOS objects, 37% free, 26MB/42MB, paused 871us total 25.929ms
08-05 03:38:38.326  5390  5390 D AndroidRuntime: >>>>>> START com.android.internal.os.RuntimeInit uid 2000 <<<<<<
08-05 03:38:38.331  5390  5390 D AndroidRuntime: CheckJNI is OFF
08-05 03:38:38.344  3363  4345 I art     : Starting a blocking GC Explicit
08-05 03:38:38.368  5390  5390 D ICU     : No timezone override file found: /data/misc/zoneinfo/current/icu/icu_tzdata.dat
08-05 03:38:38.373  3363  4345 I art     : Explicit concurrent mark sweep GC freed 1384(82KB) AllocSpace objects, 1(20KB) LOS objects, 37% free, 26MB/42MB, paused 855us total 28.518ms
08-05 03:38:38.382  3363  4345 I art     : Starting a blocking GC Explicit
08-05 03:38:38.404  5390  5390 I Radio-JNI: register_android_hardware_Radio DONE
08-05 03:38:38.409  3363  4345 I art     : Explicit concurrent mark sweep GC freed 27(880B) AllocSpace objects, 0(0B) LOS objects, 37% free, 26MB/42MB, paused 883us total 26.542ms
08-05 03:38:38.417  3363  4345 I art     : Starting a blocking GC Explicit
08-05 03:38:38.426  5390  5390 D AndroidRuntime: Calling main entry com.android.commands.input.Input
08-05 03:38:38.428  5390  5390 I Input   : injectMotionEvent: MotionEvent { action=ACTION_DOWN, actionButton=0, id[0]=0, x[0]=567.0, y[0]=714.0, toolType[0]=TOOL_TYPE_UNKNOWN, buttonState=0, metaState=0, flags=0x0, edgeFlags=0x0, pointerCount=1, historySize=0, eventTime=761934841, downTime=761934841, deviceId=0, source=0x1002 }
08-05 03:38:38.433  5390  5390 I Input   : injectMotionEvent: MotionEvent { action=ACTION_UP, actionButton=0, id[0]=0, x[0]=567.0, y[0]=714.0, toolType[0]=TOOL_TYPE_UNKNOWN, buttonState=0, metaState=0, flags=0x0, edgeFlags=0x0, pointerCount=1, historySize=0, eventTime=761934841, downTime=761934841, deviceId=0, source=0x1002 }
08-05 03:38:38.435  5390  5390 D AndroidRuntime: Shutting down VM
08-05 03:38:38.442  3363  4345 I art     : Explicit concurrent mark sweep GC freed 65(1984B) AllocSpace objects, 0(0B) LOS objects, 37% free, 26MB/42MB, paused 991us total 24.761ms
08-05 03:38:38.449   512  2967 D audio_hw_primary: out_set_parameters: enter: usecase(1: low-latency-playback) kvpairs: routing=2
08-05 03:38:38.453  3363  4345 I art     : Starting a blocking GC Explicit
08-05 03:38:38.462   512  2967 D audio_hw_primary: select_devices: out_snd_device(2: speaker) in_snd_device(0: none)
08-05 03:38:38.462   512  2967 D msm8974_platform: platform_send_audio_calibration: sending audio calibration for snd_device(2) acdb_id(15)
08-05 03:38:38.462   512  2967 I soundtrigger: audio_extn_sound_trigger_update_device_status: device 0x2 of type 0 for Event 1
08-05 03:38:38.471   512  2967 D audio_hw_primary: enable_snd_device: snd_device(2: speaker)
08-05 03:38:38.473   512  2967 D audio_hw_primary: enable_audio_route: apply and update mixer path: low-latency-playback speaker
08-05 03:38:38.478  3363  4345 I art     : Explicit concurrent mark sweep GC freed 785(33KB) AllocSpace objects, 0(0B) LOS objects, 37% free, 27MB/43MB, paused 1.103ms total 25.364ms
08-05 03:38:38.487  3363  4345 I art     : Starting a blocking GC Explicit
08-05 03:38:38.514  3363  4345 I art     : Explicit concurrent mark sweep GC freed 1397(53KB) AllocSpace objects, 0(0B) LOS objects, 37% free, 27MB/43MB, paused 1.073ms total 26.474ms
08-05 03:38:38.797  3363  3375 I art     : Starting a blocking GC Explicit
08-05 03:38:38.806  3363  3959 I NAPPA_EXPERIMENTATION: MetricNetworkRequestExecutionTime: REQUEST_DURATION_SYSTEM='338',REQUEST_DURATION_OKHTTP='164',REQUEST_SYNCHRONOUS='TRUE',RESPONSE_CODE='400',RESPONSE_METHOD='GET',RESPONSE_LENGTH_OKHTTP='0',RESPONSE_LENGTH_HEADER='0',REQUEST_PROTOCOL='h2',REQUEST_URL='https://itunes.apple.com/en/rss/toppodcasts/limit=25/explicit=true/json',
08-05 03:38:38.825  3363  3375 I art     : Explicit concurrent mark sweep GC freed 7429(376KB) AllocSpace objects, 2(240KB) LOS objects, 37% free, 26MB/42MB, paused 1.022ms total 28.740ms
08-05 03:38:38.835  3363  3375 I art     : Starting a blocking GC Explicit
08-05 03:38:38.860  3363  3375 I art     : Explicit concurrent mark sweep GC freed 265(9KB) AllocSpace objects, 0(0B) LOS objects, 37% free, 26MB/42MB, paused 876us total 24.937ms
08-05 03:38:38.869  3363  3375 I art     : Starting a blocking GC Explicit
08-05 03:38:38.896  3363  3375 I art     : Explicit concurrent mark sweep GC freed 16(608B) AllocSpace objects, 0(0B) LOS objects, 37% free, 26MB/42MB, paused 1.149ms total 26.507ms
08-05 03:38:38.905  3363  3375 I art     : Starting a blocking GC Explicit
08-05 03:38:38.931  3363  3375 I art     : Explicit concurrent mark sweep GC freed 15(544B) AllocSpace objects, 0(0B) LOS objects, 37% free, 26MB/42MB, paused 1.067ms total 26.297ms
08-05 03:38:38.940  3363  3375 I art     : Starting a blocking GC Explicit
08-05 03:38:38.955  3363  3959 I NAPPA_EXPERIMENTATION: MetricNetworkRequestExecutionTime: REQUEST_DURATION_SYSTEM='149',REQUEST_DURATION_OKHTTP='147',REQUEST_SYNCHRONOUS='TRUE',RESPONSE_CODE='200',RESPONSE_METHOD='GET',RESPONSE_LENGTH_OKHTTP='-1',RESPONSE_LENGTH_HEADER='10075',REQUEST_PROTOCOL='h2',REQUEST_URL='https://itunes.apple.com/us/rss/toppodcasts/limit=25/explicit=true/json',
08-05 03:38:38.966  3363  3375 I art     : Explicit concurrent mark sweep GC freed 340(26KB) AllocSpace objects, 0(0B) LOS objects, 37% free, 26MB/42MB, paused 926us total 26.137ms
08-05 03:38:39.003   918  3261 D WifiStateMachine: starting scan for "H369AA63323"WPA_PSK with 2412,5180
08-05 03:38:39.008   512  2967 D audio_hw_primary: disable_audio_route: reset and update mixer path: low-latency-playback speaker
08-05 03:38:39.009   512  2967 D audio_hw_primary: disable_snd_device: snd_device(2: speaker)
08-05 03:38:39.013  3363  4173 D ApOkHttpUrlLoader: buildLoadData() called with: model = [https://is4-ssl.mzstatic.com/image/thumb/Podcasts114/v4/3f/16/74/3f167426-bf50-ce3a-d709-e4301620fc5b/mza_5832671293059882550.jpeg/170x170bb.png], width = [224], height = [224]
08-05 03:38:39.013  3363  4172 D DBReader: getImageAuthentication() called with: imageUrl = [https://is4-ssl.mzstatic.com/image/thumb/Podcasts114/v4/3f/16/74/3f167426-bf50-ce3a-d709-e4301620fc5b/mza_5832671293059882550.jpeg/170x170bb.png]
08-05 03:38:39.016  3363  4171 D ApOkHttpUrlLoader: buildLoadData() called with: model = [https://is4-ssl.mzstatic.com/image/thumb/Podcasts113/v4/e5/8a/10/e58a108f-f5d0-f622-c94a-13f66edd570c/mza_3025981348644196724.jpg/170x170bb.png], width = [224], height = [224]
08-05 03:38:39.018  3363  4168 D DBReader: getImageAuthentication() called with: imageUrl = [https://is4-ssl.mzstatic.com/image/thumb/Podcasts113/v4/e5/8a/10/e58a108f-f5d0-f622-c94a-13f66edd570c/mza_3025981348644196724.jpg/170x170bb.png]
08-05 03:38:39.019  3363  4167 D ApOkHttpUrlLoader: buildLoadData() called with: model = [https://is2-ssl.mzstatic.com/image/thumb/Podcasts113/v4/a9/39/cc/a939ccc5-6d60-0c11-0a4c-16d71cdef89b/mza_8787577209688278658.jpg/170x170bb.png], width = [224], height = [224]
08-05 03:38:39.020  3363  4172 D ApOkHttpUrlLoader: no credentials for 'https://is4-ssl.mzstatic.com/image/thumb/Podcasts114/v4/3f/16/74/3f167426-bf50-ce3a-d709-e4301620fc5b/mza_5832671293059882550.jpeg/170x170bb.png'
08-05 03:38:39.020  3363  4175 D DBReader: getImageAuthentication() called with: imageUrl = [https://is2-ssl.mzstatic.com/image/thumb/Podcasts113/v4/a9/39/cc/a939ccc5-6d60-0c11-0a4c-16d71cdef89b/mza_8787577209688278658.jpg/170x170bb.png]
08-05 03:38:39.021   512  2967 I soundtrigger: audio_extn_sound_trigger_update_device_status: device 0x2 of type 0 for Event 0
08-05 03:38:39.021  3363  4169 D ApOkHttpUrlLoader: buildLoadData() called with: model = [https://is5-ssl.mzstatic.com/image/thumb/Podcasts114/v4/93/cf/99/93cf9960-fff3-205e-6655-72c03ddeccb2/mza_10545582232493904175.jpeg/170x170bb.png], width = [224], height = [224]
08-05 03:38:39.022  3363  4168 D ApOkHttpUrlLoader: no credentials for 'https://is4-ssl.mzstatic.com/image/thumb/Podcasts113/v4/e5/8a/10/e58a108f-f5d0-f622-c94a-13f66edd570c/mza_3025981348644196724.jpg/170x170bb.png'
08-05 03:38:39.022  3363  4174 D DBReader: getImageAuthentication() called with: imageUrl = [https://is5-ssl.mzstatic.com/image/thumb/Podcasts114/v4/93/cf/99/93cf9960-fff3-205e-6655-72c03ddeccb2/mza_10545582232493904175.jpeg/170x170bb.png]
08-05 03:38:39.024  3363  4173 D ApOkHttpUrlLoader: buildLoadData() called with: model = [https://is4-ssl.mzstatic.com/image/thumb/Podcasts124/v4/49/a4/91/49a491b7-3daf-c5dc-d7c6-6c4f1486955c/mza_5930014091766152297.png/170x170bb.png], width = [224], height = [224]
08-05 03:38:39.025  3363  4170 D DBReader: getImageAuthentication() called with: imageUrl = [https://is4-ssl.mzstatic.com/image/thumb/Podcasts124/v4/49/a4/91/49a491b7-3daf-c5dc-d7c6-6c4f1486955c/mza_5930014091766152297.png/170x170bb.png]
08-05 03:38:39.025  3363  4175 D ApOkHttpUrlLoader: no credentials for 'https://is2-ssl.mzstatic.com/image/thumb/Podcasts113/v4/a9/39/cc/a939ccc5-6d60-0c11-0a4c-16d71cdef89b/mza_8787577209688278658.jpg/170x170bb.png'
08-05 03:38:39.026  3363  4171 D ApOkHttpUrlLoader: buildLoadData() called with: model = [https://is5-ssl.mzstatic.com/image/thumb/Podcasts113/v4/fd/54/6e/fd546ea0-7ab2-e3f0-6049-884d82917af9/mza_4855349695799758348.jpeg/170x170bb.png], width = [224], height = [224]
08-05 03:38:39.027  3363  4176 D DBReader: getImageAuthentication() called with: imageUrl = [https://is5-ssl.mzstatic.com/image/thumb/Podcasts113/v4/fd/54/6e/fd546ea0-7ab2-e3f0-6049-884d82917af9/mza_4855349695799758348.jpeg/170x170bb.png]
08-05 03:38:39.029  3363  4167 D ApOkHttpUrlLoader: buildLoadData() called with: model = [https://is2-ssl.mzstatic.com/image/thumb/Podcasts114/v4/b3/4c/cf/b34ccfc2-cea4-1ca1-0fad-7793af301cc5/mza_2466085192629456364.jpg/170x170bb.png], width = [224], height = [224]
08-05 03:38:39.029  3363  4170 D ApOkHttpUrlLoader: no credentials for 'https://is4-ssl.mzstatic.com/image/thumb/Podcasts124/v4/49/a4/91/49a491b7-3daf-c5dc-d7c6-6c4f1486955c/mza_5930014091766152297.png/170x170bb.png'
08-05 03:38:39.030  3363  4177 D DBReader: getImageAuthentication() called with: imageUrl = [https://is2-ssl.mzstatic.com/image/thumb/Podcasts114/v4/b3/4c/cf/b34ccfc2-cea4-1ca1-0fad-7793af301cc5/mza_2466085192629456364.jpg/170x170bb.png]
08-05 03:38:39.032  3363  4174 D ApOkHttpUrlLoader: no credentials for 'https://is5-ssl.mzstatic.com/image/thumb/Podcasts114/v4/93/cf/99/93cf9960-fff3-205e-6655-72c03ddeccb2/mza_10545582232493904175.jpeg/170x170bb.png'
08-05 03:38:39.035  3363  4176 D ApOkHttpUrlLoader: no credentials for 'https://is5-ssl.mzstatic.com/image/thumb/Podcasts113/v4/fd/54/6e/fd546ea0-7ab2-e3f0-6049-884d82917af9/mza_4855349695799758348.jpeg/170x170bb.png'
08-05 03:38:39.036  3363  4177 D ApOkHttpUrlLoader: no credentials for 'https://is2-ssl.mzstatic.com/image/thumb/Podcasts114/v4/b3/4c/cf/b34ccfc2-cea4-1ca1-0fad-7793af301cc5/mza_2466085192629456364.jpg/170x170bb.png'
08-05 03:38:39.235  3363  3375 I art     : Starting a blocking GC Explicit
08-05 03:38:39.271  3363  3375 I art     : Explicit concurrent mark sweep GC freed 31598(1535KB) AllocSpace objects, 5(372KB) LOS objects, 37% free, 27MB/43MB, paused 1.381ms total 35.505ms
08-05 03:38:39.280  3363  3375 I art     : Starting a blocking GC Explicit
08-05 03:38:39.308  3363  3375 I art     : Explicit concurrent mark sweep GC freed 5288(231KB) AllocSpace objects, 0(0B) LOS objects, 37% free, 27MB/43MB, paused 1.507ms total 28.355ms
08-05 03:38:39.317  3363  3375 I art     : Starting a blocking GC Explicit
08-05 03:38:39.344  3363  3375 I art     : Explicit concurrent mark sweep GC freed 1580(199KB) AllocSpace objects, 0(0B) LOS objects, 37% free, 27MB/43MB, paused 1.186ms total 26.631ms
08-05 03:38:39.353  3363  3375 I art     : Starting a blocking GC Explicit
08-05 03:38:39.380  3363  3375 I art     : Explicit concurrent mark sweep GC freed 542(18KB) AllocSpace objects, 0(0B) LOS objects, 37% free, 27MB/43MB, paused 1.212ms total 26.648ms
08-05 03:38:39.389  3363  3375 I art     : Starting a blocking GC Explicit
08-05 03:38:39.417  3363  3375 I art     : Explicit concurrent mark sweep GC freed 33(1536B) AllocSpace objects, 0(0B) LOS objects, 37% free, 26MB/42MB, paused 1.247ms total 28.396ms
08-05 03:38:39.448  3363  4168 D MYTAG   : interceptor 2a
08-05 03:38:39.448  3363  4168 I NAPPA_EXPERIMENTATION: MetricNetworkRequestExecutionTime: REQUEST_DURATION_SYSTEM='426',REQUEST_DURATION_OKHTTP='164',REQUEST_SYNCHRONOUS='TRUE',RESPONSE_CODE='200',RESPONSE_METHOD='GET',RESPONSE_LENGTH_OKHTTP='45995',RESPONSE_LENGTH_HEADER='45995',REQUEST_PROTOCOL='h2',REQUEST_URL='https://is4-ssl.mzstatic.com/image/thumb/Podcasts113/v4/e5/8a/10/e58a108f-f5d0-f622-c94a-13f66edd570c/mza_3025981348644196724.jpg/170x170bb.png',
08-05 03:38:39.551  3363  4170 D MYTAG   : interceptor 2a
08-05 03:38:39.551  3363  4170 I NAPPA_EXPERIMENTATION: MetricNetworkRequestExecutionTime: REQUEST_DURATION_SYSTEM='522',REQUEST_DURATION_OKHTTP='254',REQUEST_SYNCHRONOUS='TRUE',RESPONSE_CODE='200',RESPONSE_METHOD='GET',RESPONSE_LENGTH_OKHTTP='12000',RESPONSE_LENGTH_HEADER='12000',REQUEST_PROTOCOL='h2',REQUEST_URL='https://is4-ssl.mzstatic.com/image/thumb/Podcasts124/v4/49/a4/91/49a491b7-3daf-c5dc-d7c6-6c4f1486955c/mza_5930014091766152297.png/170x170bb.png',
08-05 03:38:39.556  3363  4174 D MYTAG   : interceptor 2a
08-05 03:38:39.557  3363  4174 I NAPPA_EXPERIMENTATION: MetricNetworkRequestExecutionTime: REQUEST_DURATION_SYSTEM='524',REQUEST_DURATION_OKHTTP='252',REQUEST_SYNCHRONOUS='TRUE',RESPONSE_CODE='200',RESPONSE_METHOD='GET',RESPONSE_LENGTH_OKHTTP='22351',RESPONSE_LENGTH_HEADER='22351',REQUEST_PROTOCOL='h2',REQUEST_URL='https://is5-ssl.mzstatic.com/image/thumb/Podcasts114/v4/93/cf/99/93cf9960-fff3-205e-6655-72c03ddeccb2/mza_10545582232493904175.jpeg/170x170bb.png',
08-05 03:38:39.578  3363  4176 D MYTAG   : interceptor 2a
08-05 03:38:39.579  3363  4176 I NAPPA_EXPERIMENTATION: MetricNetworkRequestExecutionTime: REQUEST_DURATION_SYSTEM='543',REQUEST_DURATION_OKHTTP='284',REQUEST_SYNCHRONOUS='TRUE',RESPONSE_CODE='200',RESPONSE_METHOD='GET',RESPONSE_LENGTH_OKHTTP='54835',RESPONSE_LENGTH_HEADER='54835',REQUEST_PROTOCOL='h2',REQUEST_URL='https://is5-ssl.mzstatic.com/image/thumb/Podcasts113/v4/fd/54/6e/fd546ea0-7ab2-e3f0-6049-884d82917af9/mza_4855349695799758348.jpeg/170x170bb.png',
08-05 03:38:39.585  3363  4172 D MYTAG   : interceptor 2a
08-05 03:38:39.585  3363  4172 I NAPPA_EXPERIMENTATION: MetricNetworkRequestExecutionTime: REQUEST_DURATION_SYSTEM='565',REQUEST_DURATION_OKHTTP='284',REQUEST_SYNCHRONOUS='TRUE',RESPONSE_CODE='200',RESPONSE_METHOD='GET',RESPONSE_LENGTH_OKHTTP='26177',RESPONSE_LENGTH_HEADER='26177',REQUEST_PROTOCOL='h2',REQUEST_URL='https://is4-ssl.mzstatic.com/image/thumb/Podcasts114/v4/3f/16/74/3f167426-bf50-ce3a-d709-e4301620fc5b/mza_5832671293059882550.jpeg/170x170bb.png',
08-05 03:38:39.590  3363  4175 D MYTAG   : interceptor 2a
08-05 03:38:39.590  3363  4175 I NAPPA_EXPERIMENTATION: MetricNetworkRequestExecutionTime: REQUEST_DURATION_SYSTEM='565',REQUEST_DURATION_OKHTTP='280',REQUEST_SYNCHRONOUS='TRUE',RESPONSE_CODE='200',RESPONSE_METHOD='GET',RESPONSE_LENGTH_OKHTTP='48239',RESPONSE_LENGTH_HEADER='48239',REQUEST_PROTOCOL='h2',REQUEST_URL='https://is2-ssl.mzstatic.com/image/thumb/Podcasts113/v4/a9/39/cc/a939ccc5-6d60-0c11-0a4c-16d71cdef89b/mza_8787577209688278658.jpg/170x170bb.png',
08-05 03:38:39.629  3363  4177 D MYTAG   : interceptor 2a
08-05 03:38:39.629  3363  4177 I NAPPA_EXPERIMENTATION: MetricNetworkRequestExecutionTime: REQUEST_DURATION_SYSTEM='593',REQUEST_DURATION_OKHTTP='328',REQUEST_SYNCHRONOUS='TRUE',RESPONSE_CODE='200',RESPONSE_METHOD='GET',RESPONSE_LENGTH_OKHTTP='42299',RESPONSE_LENGTH_HEADER='42299',REQUEST_PROTOCOL='h2',REQUEST_URL='https://is2-ssl.mzstatic.com/image/thumb/Podcasts114/v4/b3/4c/cf/b34ccfc2-cea4-1ca1-0fad-7793af301cc5/mza_2466085192629456364.jpg/170x170bb.png',
08-05 03:38:39.698  3363  3376 I art     : Starting a blocking GC Explicit
08-05 03:38:39.728  3363  3376 I art     : Explicit concurrent mark sweep GC freed 4724(284KB) AllocSpace objects, 1(20KB) LOS objects, 36% free, 28MB/44MB, paused 905us total 29.847ms
08-05 03:38:39.740  3363  3376 I art     : Starting a blocking GC Explicit
08-05 03:38:39.768  3363  3376 I art     : Explicit concurrent mark sweep GC freed 51(2672B) AllocSpace objects, 0(0B) LOS objects, 36% free, 28MB/44MB, paused 1.021ms total 27.661ms
08-05 03:38:39.778  3363  3376 I art     : Starting a blocking GC Explicit
08-05 03:38:39.806  3363  3376 I art     : Explicit concurrent mark sweep GC freed 3(96B) AllocSpace objects, 0(0B) LOS objects, 36% free, 28MB/44MB, paused 985us total 28.523ms
08-05 03:38:39.816  3363  3376 I art     : Starting a blocking GC Explicit
08-05 03:38:39.844  3363  3376 I art     : Explicit concurrent mark sweep GC freed 3(96B) AllocSpace objects, 0(0B) LOS objects, 36% free, 28MB/44MB, paused 994us total 28.555ms
08-05 03:38:39.854  3363  3376 I art     : Starting a blocking GC Explicit
08-05 03:38:39.883  3363  3376 I art     : Explicit concurrent mark sweep GC freed 3(96B) AllocSpace objects, 0(0B) LOS objects, 36% free, 28MB/44MB, paused 983us total 28.902ms
08-05 03:38:40.187  3363  3471 I art     : Starting a blocking GC Explicit
08-05 03:38:40.228  3363  3471 I art     : Explicit concurrent mark sweep GC freed 1372(80KB) AllocSpace objects, 1(20KB) LOS objects, 36% free, 28MB/44MB, paused 1.213ms total 40.652ms
08-05 03:38:40.241  3363  3471 I art     : Starting a blocking GC Explicit
08-05 03:38:40.270  3363  3471 I art     : Explicit concurrent mark sweep GC freed 23(752B) AllocSpace objects, 0(0B) LOS objects, 36% free, 28MB/44MB, paused 979us total 28.865ms
08-05 03:38:40.280  3363  3471 I art     : Starting a blocking GC Explicit
08-05 03:38:40.309  3363  3471 I art     : Explicit concurrent mark sweep GC freed 3(96B) AllocSpace objects, 0(0B) LOS objects, 36% free, 28MB/44MB, paused 989us total 28.666ms
08-05 03:38:40.318  3363  3471 I art     : Starting a blocking GC Explicit
08-05 03:38:40.347  3363  3471 I art     : Explicit concurrent mark sweep GC freed 3(96B) AllocSpace objects, 0(0B) LOS objects, 36% free, 28MB/44MB, paused 1.043ms total 28.635ms
08-05 03:38:40.357  3363  3471 I art     : Starting a blocking GC Explicit
08-05 03:38:40.386  3363  3471 I art     : Explicit concurrent mark sweep GC freed 3(96B) AllocSpace objects, 0(0B) LOS objects, 36% free, 28MB/44MB, paused 1.078ms total 29.183ms
08-05 03:38:40.718  3363  4345 I art     : Starting a blocking GC Explicit
08-05 03:38:40.751  3363  4345 I art     : Explicit concurrent mark sweep GC freed 1421(82KB) AllocSpace objects, 1(20KB) LOS objects, 36% free, 28MB/44MB, paused 1.128ms total 31.869ms
08-05 03:38:40.762  3363  4345 I art     : Starting a blocking GC Explicit
08-05 03:38:40.790  3363  4345 I art     : Explicit concurrent mark sweep GC freed 28(912B) AllocSpace objects, 0(0B) LOS objects, 36% free, 28MB/44MB, paused 958us total 27.695ms
08-05 03:38:40.799  3363  4345 I art     : Starting a blocking GC Explicit
08-05 03:38:40.828  3363  4345 I art     : Explicit concurrent mark sweep GC freed 7(224B) AllocSpace objects, 0(0B) LOS objects, 36% free, 28MB/44MB, paused 1.006ms total 28.845ms
08-05 03:38:40.839  3363  4345 I art     : Starting a blocking GC Explicit
08-05 03:38:40.867  3363  4345 I art     : Explicit concurrent mark sweep GC freed 7(224B) AllocSpace objects, 0(0B) LOS objects, 36% free, 28MB/44MB, paused 876us total 27.917ms
08-05 03:38:40.877  3363  4345 I art     : Starting a blocking GC Explicit
08-05 03:38:40.904  3363  4345 I art     : Explicit concurrent mark sweep GC freed 3(96B) AllocSpace objects, 0(0B) LOS objects, 36% free, 28MB/44MB, paused 877us total 26.923ms
08-05 03:38:41.237  3363  5314 I art     : Starting a blocking GC Explicit
08-05 03:38:41.272  3363  5314 I art     : Explicit concurrent mark sweep GC freed 1374(82KB) AllocSpace objects, 1(20KB) LOS objects, 36% free, 28MB/44MB, paused 992us total 34.748ms
08-05 03:38:41.282  3363  5314 I art     : Starting a blocking GC Explicit
08-05 03:38:41.310  3363  5314 I art     : Explicit concurrent mark sweep GC freed 23(752B) AllocSpace objects, 0(0B) LOS objects, 36% free, 28MB/44MB, paused 990us total 28.570ms
08-05 03:38:41.320  3363  5314 I art     : Starting a blocking GC Explicit
08-05 03:38:41.349  3363  5314 I art     : Explicit concurrent mark sweep GC freed 3(96B) AllocSpace objects, 0(0B) LOS objects, 36% free, 28MB/44MB, paused 933us total 28.716ms
08-05 03:38:41.358  3363  5314 I art     : Starting a blocking GC Explicit
08-05 03:38:41.388  3363  5314 I art     : Explicit concurrent mark sweep GC freed 3(96B) AllocSpace objects, 0(0B) LOS objects, 36% free, 28MB/44MB, paused 1.088ms total 29.234ms
08-05 03:38:41.397  3363  5314 I art     : Starting a blocking GC Explicit
08-05 03:38:41.427  3363  5314 I art     : Explicit concurrent mark sweep GC freed 3(96B) AllocSpace objects, 0(0B) LOS objects, 36% free, 28MB/44MB, paused 1.063ms total 29.090ms
08-05 03:38:41.470  5221  5221 I ServiceManager: Waiting for service AtCmdFwd...
08-05 03:38:41.721  3363  3376 I art     : Starting a blocking GC Explicit
08-05 03:38:41.760  3363  3376 I art     : Explicit concurrent mark sweep GC freed 1404(82KB) AllocSpace objects, 1(20KB) LOS objects, 36% free, 28MB/44MB, paused 984us total 38.315ms
08-05 03:38:41.769  3363  3376 I art     : Starting a blocking GC Explicit
08-05 03:38:41.798  3363  3376 I art     : Explicit concurrent mark sweep GC freed 23(752B) AllocSpace objects, 0(0B) LOS objects, 36% free, 28MB/44MB, paused 1.051ms total 28.740ms
08-05 03:38:41.808  3363  3376 I art     : Starting a blocking GC Explicit
08-05 03:38:41.836  3363  3376 I art     : Explicit concurrent mark sweep GC freed 3(96B) AllocSpace objects, 0(0B) LOS objects, 36% free, 28MB/44MB, paused 956us total 28.234ms
08-05 03:38:41.846  3363  3376 I art     : Starting a blocking GC Explicit
08-05 03:38:41.874  3363  3376 I art     : Explicit concurrent mark sweep GC freed 3(96B) AllocSpace objects, 0(0B) LOS objects, 36% free, 28MB/44MB, paused 985us total 28.231ms
08-05 03:38:41.883  3363  3376 I art     : Starting a blocking GC Explicit
08-05 03:38:41.912  3363  3376 I art     : Explicit concurrent mark sweep GC freed 3(96B) AllocSpace objects, 0(0B) LOS objects, 36% free, 28MB/44MB, paused 972us total 28.508ms
08-05 03:38:42.247  3363  3471 I art     : Starting a blocking GC Explicit
08-05 03:38:42.284  3363  3471 I art     : Explicit concurrent mark sweep GC freed 1373(81KB) AllocSpace objects, 1(20KB) LOS objects, 36% free, 28MB/44MB, paused 960us total 35.948ms
08-05 03:38:42.293  3363  3471 I art     : Starting a blocking GC Explicit
08-05 03:38:42.323  3363  3471 I art     : Explicit concurrent mark sweep GC freed 23(752B) AllocSpace objects, 0(0B) LOS objects, 36% free, 28MB/44MB, paused 971us total 29.052ms
08-05 03:38:42.332  3363  3471 I art     : Starting a blocking GC Explicit
08-05 03:38:42.361  3363  3471 I art     : Explicit concurrent mark sweep GC freed 3(96B) AllocSpace objects, 0(0B) LOS objects, 36% free, 28MB/44MB, paused 897us total 28.690ms
08-05 03:38:42.371  3363  3471 I art     : Starting a blocking GC Explicit
08-05 03:38:42.400  3363  3471 I art     : Explicit concurrent mark sweep GC freed 3(96B) AllocSpace objects, 0(0B) LOS objects, 36% free, 28MB/44MB, paused 977us total 28.683ms
08-05 03:38:42.409  3363  3471 I art     : Starting a blocking GC Explicit
08-05 03:38:42.437  3363  3471 I art     : Explicit concurrent mark sweep GC freed 34(928B) AllocSpace objects, 0(0B) LOS objects, 36% free, 28MB/44MB, paused 1.039ms total 27.949ms
08-05 03:38:42.470  5221  5221 I ServiceManager: Waiting for service AtCmdFwd...
08-05 03:38:42.748  3363  3375 I art     : Starting a blocking GC Explicit
08-05 03:38:42.789  3363  3375 I art     : Explicit concurrent mark sweep GC freed 1374(82KB) AllocSpace objects, 1(20KB) LOS objects, 36% free, 28MB/44MB, paused 1.115ms total 40.474ms
08-05 03:38:42.803  3363  3375 I art     : Starting a blocking GC Explicit
08-05 03:38:42.833  3363  3375 I art     : Explicit concurrent mark sweep GC freed 23(752B) AllocSpace objects, 0(0B) LOS objects, 36% free, 28MB/44MB, paused 966us total 29.866ms
08-05 03:38:42.842  3363  3375 I art     : Starting a blocking GC Explicit
08-05 03:38:42.871  3363  3375 I art     : Explicit concurrent mark sweep GC freed 3(96B) AllocSpace objects, 0(0B) LOS objects, 36% free, 28MB/44MB, paused 970us total 28.547ms
08-05 03:38:42.881  3363  3375 I art     : Starting a blocking GC Explicit
08-05 03:38:42.910  3363  3375 I art     : Explicit concurrent mark sweep GC freed 3(96B) AllocSpace objects, 0(0B) LOS objects, 36% free, 28MB/44MB, paused 956us total 29.075ms
08-05 03:38:42.919  3363  3375 I art     : Starting a blocking GC Explicit
08-05 03:38:42.949  3363  3375 I art     : Explicit concurrent mark sweep GC freed 3(96B) AllocSpace objects, 0(0B) LOS objects, 36% free, 28MB/44MB, paused 997us total 28.916ms
08-05 03:38:43.284  3363  4345 I art     : Starting a blocking GC Explicit
08-05 03:38:43.320  3363  4345 I art     : Explicit concurrent mark sweep GC freed 1372(80KB) AllocSpace objects, 1(20KB) LOS objects, 36% free, 28MB/44MB, paused 1.075ms total 35.765ms
08-05 03:38:43.331  3363  4345 I art     : Starting a blocking GC Explicit
08-05 03:38:43.361  3363  4345 I art     : Explicit concurrent mark sweep GC freed 23(752B) AllocSpace objects, 0(0B) LOS objects, 36% free, 28MB/44MB, paused 982us total 29.146ms
08-05 03:38:43.370  3363  4345 I art     : Starting a blocking GC Explicit
08-05 03:38:43.399  3363  4345 I art     : Explicit concurrent mark sweep GC freed 3(96B) AllocSpace objects, 0(0B) LOS objects, 36% free, 28MB/44MB, paused 999us total 28.280ms
08-05 03:38:43.409  3363  4345 I art     : Starting a blocking GC Explicit
08-05 03:38:43.437  3363  4345 I art     : Explicit concurrent mark sweep GC freed 34(928B) AllocSpace objects, 0(0B) LOS objects, 36% free, 28MB/44MB, paused 1.001ms total 27.633ms
08-05 03:38:43.446  3363  4345 I art     : Starting a blocking GC Explicit
08-05 03:38:43.471  5221  5221 I ServiceManager: Waiting for service AtCmdFwd...
08-05 03:38:43.475  3363  4345 I art     : Explicit concurrent mark sweep GC freed 3(96B) AllocSpace objects, 0(0B) LOS objects, 36% free, 28MB/44MB, paused 989us total 28.466ms
08-05 03:38:43.801  3363  5314 I art     : Starting a blocking GC Explicit
08-05 03:38:43.837  3363  5314 I art     : Explicit concurrent mark sweep GC freed 1372(80KB) AllocSpace objects, 1(20KB) LOS objects, 36% free, 28MB/44MB, paused 1.043ms total 36.214ms
08-05 03:38:43.850  3363  5314 I art     : Starting a blocking GC Explicit
08-05 03:38:43.879  3363  5314 I art     : Explicit concurrent mark sweep GC freed 23(752B) AllocSpace objects, 0(0B) LOS objects, 36% free, 28MB/44MB, paused 1.003ms total 29.015ms
08-05 03:38:43.888  3363  5314 I art     : Starting a blocking GC Explicit
08-05 03:38:43.917  3363  5314 I art     : Explicit concurrent mark sweep GC freed 3(96B) AllocSpace objects, 0(0B) LOS objects, 36% free, 28MB/44MB, paused 1.021ms total 28.507ms
08-05 03:38:43.926  3363  5314 I art     : Starting a blocking GC Explicit
08-05 03:38:43.955  3363  5314 I art     : Explicit concurrent mark sweep GC freed 3(96B) AllocSpace objects, 0(0B) LOS objects, 36% free, 28MB/44MB, paused 937us total 28.079ms
08-05 03:38:43.964  3363  5314 I art     : Starting a blocking GC Explicit
08-05 03:38:43.992  3363  5314 I art     : Explicit concurrent mark sweep GC freed 3(96B) AllocSpace objects, 0(0B) LOS objects, 36% free, 28MB/44MB, paused 980us total 28.166ms
08-05 03:38:44.332  3363  3376 I art     : Starting a blocking GC Explicit
08-05 03:38:44.375  3363  3376 I art     : Explicit concurrent mark sweep GC freed 1372(80KB) AllocSpace objects, 1(20KB) LOS objects, 36% free, 28MB/44MB, paused 1.070ms total 42.243ms
08-05 03:38:44.388  3363  3376 I art     : Starting a blocking GC Explicit
08-05 03:38:44.419  3363  3376 I art     : Explicit concurrent mark sweep GC freed 23(752B) AllocSpace objects, 0(0B) LOS objects, 36% free, 28MB/44MB, paused 1.052ms total 31.094ms
08-05 03:38:44.429  3363  3376 I art     : Starting a blocking GC Explicit
08-05 03:38:44.458  3363  3376 I art     : Explicit concurrent mark sweep GC freed 32(832B) AllocSpace objects, 0(0B) LOS objects, 36% free, 28MB/44MB, paused 1.038ms total 29.129ms
08-05 03:38:44.467  3363  3376 I art     : Starting a blocking GC Explicit
08-05 03:38:44.472  5221  5221 I ServiceManager: Waiting for service AtCmdFwd...
08-05 03:38:44.496  3363  3376 I art     : Explicit concurrent mark sweep GC freed 5(192B) AllocSpace objects, 0(0B) LOS objects, 36% free, 28MB/44MB, paused 967us total 28.310ms
08-05 03:38:44.506  3363  3376 I art     : Starting a blocking GC Explicit
08-05 03:38:44.535  3363  3376 I art     : Explicit concurrent mark sweep GC freed 3(96B) AllocSpace objects, 0(0B) LOS objects, 36% free, 28MB/44MB, paused 1.066ms total 29.405ms
08-05 03:38:44.851  3363  3471 I art     : Starting a blocking GC Explicit
08-05 03:38:44.884  3363  3471 I art     : Explicit concurrent mark sweep GC freed 1372(80KB) AllocSpace objects, 1(20KB) LOS objects, 36% free, 28MB/44MB, paused 1.066ms total 32.955ms
08-05 03:38:44.897  3363  3471 I art     : Starting a blocking GC Explicit
08-05 03:38:44.924  3363  3471 I art     : Explicit concurrent mark sweep GC freed 23(752B) AllocSpace objects, 0(0B) LOS objects, 36% free, 28MB/44MB, paused 997us total 26.755ms
08-05 03:38:44.933  3363  3471 I art     : Starting a blocking GC Explicit
08-05 03:38:44.961  3363  3471 I art     : Explicit concurrent mark sweep GC freed 3(96B) AllocSpace objects, 0(0B) LOS objects, 36% free, 28MB/44MB, paused 951us total 27.055ms
08-05 03:38:44.970  3363  3471 I art     : Starting a blocking GC Explicit
08-05 03:38:44.997  3363  3471 I art     : Explicit concurrent mark sweep GC freed 3(96B) AllocSpace objects, 0(0B) LOS objects, 36% free, 28MB/44MB, paused 974us total 26.902ms
08-05 03:38:45.006  3363  3471 I art     : Starting a blocking GC Explicit
08-05 03:38:45.033  3363  3471 I art     : Explicit concurrent mark sweep GC freed 3(96B) AllocSpace objects, 0(0B) LOS objects, 36% free, 28MB/44MB, paused 1.002ms total 27.422ms
08-05 03:38:45.157  5554  5554 D AndroidRuntime: >>>>>> START com.android.internal.os.RuntimeInit uid 2000 <<<<<<
08-05 03:38:45.163  5554  5554 D AndroidRuntime: CheckJNI is OFF
08-05 03:38:45.196  5554  5554 D ICU     : No timezone override file found: /data/misc/zoneinfo/current/icu/icu_tzdata.dat
08-05 03:38:45.228  5554  5554 I Radio-JNI: register_android_hardware_Radio DONE
08-05 03:38:45.250  5554  5554 D AndroidRuntime: Calling main entry com.android.commands.input.Input
08-05 03:38:45.251  5554  5554 I Input   : injectMotionEvent: MotionEvent { action=ACTION_DOWN, actionButton=0, id[0]=0, x[0]=616.0, y[0]=469.0, toolType[0]=TOOL_TYPE_UNKNOWN, buttonState=0, metaState=0, flags=0x0, edgeFlags=0x0, pointerCount=1, historySize=0, eventTime=761941664, downTime=761941664, deviceId=0, source=0x1002 }
08-05 03:38:45.256  5554  5554 I Input   : injectMotionEvent: MotionEvent { action=ACTION_UP, actionButton=0, id[0]=0, x[0]=616.0, y[0]=469.0, toolType[0]=TOOL_TYPE_UNKNOWN, buttonState=0, metaState=0, flags=0x0, edgeFlags=0x0, pointerCount=1, historySize=0, eventTime=761941664, downTime=761941664, deviceId=0, source=0x1002 }
08-05 03:38:45.259  5554  5554 D AndroidRuntime: Shutting down VM
08-05 03:38:45.325   512  2967 D audio_hw_primary: out_set_parameters: enter: usecase(1: low-latency-playback) kvpairs: routing=2
08-05 03:38:45.330  3363  3376 I art     : Starting a blocking GC Explicit
08-05 03:38:45.338   512  2967 D audio_hw_primary: select_devices: out_snd_device(2: speaker) in_snd_device(0: none)
08-05 03:38:45.338   512  2967 D msm8974_platform: platform_send_audio_calibration: sending audio calibration for snd_device(2) acdb_id(15)
08-05 03:38:45.339   512  2967 I soundtrigger: audio_extn_sound_trigger_update_device_status: device 0x2 of type 0 for Event 1
08-05 03:38:45.349   512  2967 D audio_hw_primary: enable_snd_device: snd_device(2: speaker)
08-05 03:38:45.352   512  2967 D audio_hw_primary: enable_audio_route: apply and update mixer path: low-latency-playback speaker
08-05 03:38:45.363  3363  3376 I art     : Explicit concurrent mark sweep GC freed 1593(89KB) AllocSpace objects, 1(20KB) LOS objects, 36% free, 28MB/44MB, paused 1.043ms total 32.850ms
08-05 03:38:45.374  3363  3376 I art     : Starting a blocking GC Explicit
08-05 03:38:45.406  3363  3376 I art     : Explicit concurrent mark sweep GC freed 42(1520B) AllocSpace objects, 0(0B) LOS objects, 36% free, 28MB/44MB, paused 965us total 30.500ms
08-05 03:38:45.415  3363  3376 I art     : Starting a blocking GC Explicit
08-05 03:38:45.440  3363  3376 I art     : Explicit concurrent mark sweep GC freed 46(1376B) AllocSpace objects, 0(0B) LOS objects, 36% free, 28MB/44MB, paused 997us total 25.514ms
08-05 03:38:45.449  3363  3376 I art     : Starting a blocking GC Explicit
08-05 03:38:45.472  5221  5221 I ServiceManager: Waiting for service AtCmdFwd...
08-05 03:38:45.475  3363  3376 I art     : Explicit concurrent mark sweep GC freed 13(480B) AllocSpace objects, 0(0B) LOS objects, 36% free, 28MB/44MB, paused 1.121ms total 25.619ms
08-05 03:38:45.484  3363  3376 I art     : Starting a blocking GC Explicit
08-05 03:38:45.493  3363  3383 I NAPPA_EXPERIMENTATION: MetricNetworkRequestExecutionTime: REQUEST_DURATION_SYSTEM='169',REQUEST_DURATION_OKHTTP='168',REQUEST_SYNCHRONOUS='TRUE',RESPONSE_CODE='200',RESPONSE_METHOD='GET',RESPONSE_LENGTH_OKHTTP='-1',RESPONSE_LENGTH_HEADER='628',REQUEST_PROTOCOL='h2',REQUEST_URL='https://itunes.apple.com/lookup?id=1524080195',
08-05 03:38:45.509  3363  3376 I art     : Explicit concurrent mark sweep GC freed 501(44KB) AllocSpace objects, 0(0B) LOS objects, 36% free, 28MB/44MB, paused 960us total 25.499ms
08-05 03:38:45.519   918  6111 I ActivityManager: START u0 {cmp=baseline.de.danoeh.antennapod.debug/baseline.de.danoeh.antennapod.activity.OnlineFeedViewActivity (has extras)} from uid 10691 on display 0
08-05 03:38:45.537   918   937 W ProcessCpuTracker: Skipping unknown process pid 5575
08-05 03:38:45.537   918   937 W ProcessCpuTracker: Skipping unknown process pid 5583
08-05 03:38:45.537   918   937 W ProcessCpuTracker: Skipping unknown process pid 5584
08-05 03:38:45.543 13866 13866 I GoogleInputMethodServic: GoogleInputMethodService.onFinishInput():3138 
08-05 03:38:45.544 13866 13866 I GoogleInputMethodServic: GoogleInputMethodService.onStartInput():1808 
08-05 03:38:45.562  3363  3363 D UserPreferences: Using default data folder
08-05 03:38:45.563  3363  3363 D OnlineFeedViewActivity: Activity was started with url https://rss.art19.com/nice-white-parents
08-05 03:38:45.565  3363  3363 D OnlineFeedViewActivity: Starting feed download
08-05 03:38:45.567  3363  3950 D DBReader: Extracting Feedlist
08-05 03:38:45.569   918  6111 D WifiService: acquireWifiLockLocked: WifiLock{Downloader type=1 binder=android.os.BinderProxy@2ae68e5}
08-05 03:38:45.569  3363  3950 D AntennapodHttpClient: Creating new instance of HTTP client
08-05 03:38:45.631 13866 13866 I GoogleInputMethodServic: GoogleInputMethodService.onFinishInput():3138 
08-05 03:38:45.632 13866 13866 I GoogleInputMethodServic: GoogleInputMethodService.onStartInput():1808 
08-05 03:38:45.662   918   936 I ActivityManager: Displayed baseline.de.danoeh.antennapod.debug/baseline.de.danoeh.antennapod.activity.OnlineFeedViewActivity: +120ms
08-05 03:38:45.771  3363  3471 I art     : Starting a blocking GC Explicit
08-05 03:38:45.800  3363  3471 I art     : Explicit concurrent mark sweep GC freed 2795(175KB) AllocSpace objects, 1(20KB) LOS objects, 35% free, 28MB/44MB, paused 1.285ms total 28.834ms
08-05 03:38:45.811  3363  3471 I art     : Starting a blocking GC Explicit
08-05 03:38:45.843  3363  3471 I art     : Explicit concurrent mark sweep GC freed 355(16KB) AllocSpace objects, 0(0B) LOS objects, 35% free, 28MB/44MB, paused 958us total 31.907ms
08-05 03:38:45.853  3363  3471 I art     : Starting a blocking GC Explicit
08-05 03:38:45.884  3363  3471 I art     : Explicit concurrent mark sweep GC freed 3(96B) AllocSpace objects, 0(0B) LOS objects, 35% free, 28MB/44MB, paused 989us total 30.069ms
08-05 03:38:45.895  3363  3471 I art     : Starting a blocking GC Explicit
08-05 03:38:45.899   512  2967 D audio_hw_primary: disable_audio_route: reset and update mixer path: low-latency-playback speaker
08-05 03:38:45.901   512  2967 D audio_hw_primary: disable_snd_device: snd_device(2: speaker)
08-05 03:38:45.903   380   380 W SurfaceFlinger: couldn't log to binary event log: overflow.
08-05 03:38:45.911   512  2967 I soundtrigger: audio_extn_sound_trigger_update_device_status: device 0x2 of type 0 for Event 0
08-05 03:38:45.925  3363  3471 I art     : Explicit concurrent mark sweep GC freed 3(96B) AllocSpace objects, 0(0B) LOS objects, 35% free, 28MB/44MB, paused 943us total 29.984ms
08-05 03:38:45.934  3363  3471 I art     : Starting a blocking GC Explicit
08-05 03:38:45.959  3363  3471 I art     : Explicit concurrent mark sweep GC freed 3(96B) AllocSpace objects, 0(0B) LOS objects, 35% free, 28MB/44MB, paused 907us total 25.208ms
08-05 03:38:46.022  3363  3363 D PlaybackController: Releasing PlaybackController
08-05 03:38:46.253  3363  3376 I art     : Starting a blocking GC Explicit
08-05 03:38:46.269  3363  3950 D MYTAG   : interceptor 3a https://rss.art19.com/nice-white-parents
08-05 03:38:46.269  3363  3950 I NAPPA_EXPERIMENTATION: MetricNetworkRequestExecutionTime: REQUEST_DURATION_SYSTEM='699',REQUEST_DURATION_OKHTTP='150',REQUEST_SYNCHRONOUS='TRUE',RESPONSE_CODE='200',RESPONSE_METHOD='GET',RESPONSE_LENGTH_OKHTTP='-1',RESPONSE_LENGTH_HEADER='1803',REQUEST_PROTOCOL='h2',REQUEST_URL='https://rss.art19.com/nice-white-parents',
08-05 03:38:46.269  3363  3950 D HttpDownloader: Response code is 200
08-05 03:38:46.269  3363  3950 D UserPreferences: Using default data folder
08-05 03:38:46.272  3363  3950 D HttpDownloader: Getting size of download
08-05 03:38:46.272  3363  3950 D HttpDownloader: Size is -1
08-05 03:38:46.273  3363  3950 D UserPreferences: Using default data folder
08-05 03:38:46.273  3363  3950 D HttpDownloader: Free space is 20229738496
08-05 03:38:46.273  3363  3950 D HttpDownloader: Starting download
08-05 03:38:46.284  3363  3376 I art     : Explicit concurrent mark sweep GC freed 6434(328KB) AllocSpace objects, 4(220KB) LOS objects, 35% free, 28MB/44MB, paused 1.098ms total 31.657ms
08-05 03:38:46.294  3363  3376 I art     : Starting a blocking GC Explicit
08-05 03:38:46.309  3363  3950 D HttpDownloader: Download was successful
08-05 03:38:46.310   918   928 D WifiService: releaseWifiLockLocked: WifiLock{Downloader type=1 binder=android.os.BinderProxy@2ae68e5}
08-05 03:38:46.322  3363  3363 D OnlineFeedViewActivity: Parsing feed
08-05 03:38:46.322  3363  3376 I art     : Explicit concurrent mark sweep GC freed 1031(120KB) AllocSpace objects, 0(0B) LOS objects, 35% free, 28MB/44MB, paused 1.186ms total 27.663ms
08-05 03:38:46.325  3363  5610 D TypeGetter: Recognized type RSS 2.0
08-05 03:38:46.327  3363  5610 D SyndHandler: Recognized ITunes namespace
08-05 03:38:46.327  3363  5610 D SyndHandler: Recognized Atom namespace
08-05 03:38:46.327  3363  5610 D SyndHandler: Recognized Content namespace
08-05 03:38:46.330  3363  3376 I art     : Starting a blocking GC Explicit
08-05 03:38:46.336  3363  5610 D OnlineFeedViewActivity: Deleted feed source file. Result: true
08-05 03:38:46.338  3363  3363 D OnlineFeedViewActivity: Removing HTML from shownotes
08-05 03:38:46.357  3363  3376 I art     : Explicit concurrent mark sweep GC freed 1264(211KB) AllocSpace objects, 4(128KB) LOS objects, 35% free, 28MB/44MB, paused 1.167ms total 26.803ms
08-05 03:38:46.366  3363  3376 I art     : Starting a blocking GC Explicit
08-05 03:38:46.394  3363  3376 I art     : Explicit concurrent mark sweep GC freed 1068(74KB) AllocSpace objects, 0(0B) LOS objects, 35% free, 28MB/44MB, paused 1.047ms total 27.957ms
08-05 03:38:46.403  3363  3376 I art     : Starting a blocking GC Explicit
08-05 03:38:46.429  3363  3376 I art     : Explicit concurrent mark sweep GC freed 124(8KB) AllocSpace objects, 1(112KB) LOS objects, 35% free, 28MB/44MB, paused 1.027ms total 26.109ms
08-05 03:38:46.473  5221  5221 W Atfwd_Sendcmd: AtCmdFwd service not published, waiting... retryCnt : 2
08-05 03:38:46.725  3363  5314 I art     : Starting a blocking GC Explicit
08-05 03:38:46.757  3363  5314 I art     : Explicit concurrent mark sweep GC freed 1412(81KB) AllocSpace objects, 1(20KB) LOS objects, 35% free, 28MB/44MB, paused 984us total 31.420ms
08-05 03:38:46.766  3363  5314 I art     : Starting a blocking GC Explicit
08-05 03:38:46.797  3363  5314 I art     : Explicit concurrent mark sweep GC freed 23(752B) AllocSpace objects, 0(0B) LOS objects, 35% free, 28MB/44MB, paused 1.032ms total 29.971ms
08-05 03:38:46.806  3363  5314 I art     : Starting a blocking GC Explicit
08-05 03:38:46.835  3363  5314 I art     : Explicit concurrent mark sweep GC freed 3(96B) AllocSpace objects, 0(0B) LOS objects, 35% free, 28MB/44MB, paused 1.042ms total 29.193ms
08-05 03:38:46.845  3363  5314 I art     : Starting a blocking GC Explicit
08-05 03:38:46.876  3363  5314 I art     : Explicit concurrent mark sweep GC freed 3(96B) AllocSpace objects, 0(0B) LOS objects, 35% free, 28MB/44MB, paused 1.016ms total 30.384ms
08-05 03:38:46.885  3363  5314 I art     : Starting a blocking GC Explicit
08-05 03:38:46.916  3363  5314 I art     : Explicit concurrent mark sweep GC freed 3(96B) AllocSpace objects, 0(0B) LOS objects, 35% free, 28MB/44MB, paused 1.030ms total 30.543ms
08-05 03:38:47.235  3363  3471 I art     : Starting a blocking GC Explicit
08-05 03:38:47.274  3363  3471 I art     : Explicit concurrent mark sweep GC freed 1372(80KB) AllocSpace objects, 1(20KB) LOS objects, 35% free, 28MB/44MB, paused 1.388ms total 38.373ms
08-05 03:38:47.287  3363  3471 I art     : Starting a blocking GC Explicit
08-05 03:38:47.318  3363  3471 I art     : Explicit concurrent mark sweep GC freed 23(752B) AllocSpace objects, 0(0B) LOS objects, 35% free, 28MB/44MB, paused 1.104ms total 30.454ms
08-05 03:38:47.328  3363  3471 I art     : Starting a blocking GC Explicit
08-05 03:38:47.357  3363  3471 I art     : Explicit concurrent mark sweep GC freed 3(96B) AllocSpace objects, 0(0B) LOS objects, 35% free, 28MB/44MB, paused 1.125ms total 29.551ms
08-05 03:38:47.367  3363  3471 I art     : Starting a blocking GC Explicit
08-05 03:38:47.398  3363  3471 I art     : Explicit concurrent mark sweep GC freed 3(96B) AllocSpace objects, 0(0B) LOS objects, 35% free, 28MB/44MB, paused 1.216ms total 30.704ms
08-05 03:38:47.407  3363  3471 I art     : Starting a blocking GC Explicit
08-05 03:38:47.437  3363  3471 I art     : Explicit concurrent mark sweep GC freed 34(928B) AllocSpace objects, 0(0B) LOS objects, 35% free, 28MB/44MB, paused 1.071ms total 29.596ms
08-05 03:38:47.778  3363  3375 I art     : Starting a blocking GC Explicit
08-05 03:38:47.814  3363  3375 I art     : Explicit concurrent mark sweep GC freed 1372(80KB) AllocSpace objects, 1(20KB) LOS objects, 35% free, 28MB/44MB, paused 1.059ms total 35.841ms
08-05 03:38:47.824  3363  3375 I art     : Starting a blocking GC Explicit
08-05 03:38:47.854  3363  3375 I art     : Explicit concurrent mark sweep GC freed 23(752B) AllocSpace objects, 0(0B) LOS objects, 35% free, 28MB/44MB, paused 1.049ms total 30.658ms
08-05 03:38:47.864  3363  3375 I art     : Starting a blocking GC Explicit
08-05 03:38:47.894  3363  3375 I art     : Explicit concurrent mark sweep GC freed 3(96B) AllocSpace objects, 0(0B) LOS objects, 35% free, 28MB/44MB, paused 999us total 29.421ms
08-05 03:38:47.903  3363  3375 I art     : Starting a blocking GC Explicit
08-05 03:38:47.933  3363  3375 I art     : Explicit concurrent mark sweep GC freed 3(96B) AllocSpace objects, 0(0B) LOS objects, 35% free, 28MB/44MB, paused 1.030ms total 29.801ms
08-05 03:38:47.943  3363  3375 I art     : Starting a blocking GC Explicit
08-05 03:38:47.973  3363  3375 I art     : Explicit concurrent mark sweep GC freed 5(160B) AllocSpace objects, 0(0B) LOS objects, 35% free, 28MB/44MB, paused 1.038ms total 29.340ms
08-05 03:38:48.290  3363  3471 I art     : Starting a blocking GC Explicit
08-05 03:38:48.322  3363  3471 I art     : Explicit concurrent mark sweep GC freed 1400(81KB) AllocSpace objects, 1(20KB) LOS objects, 35% free, 28MB/44MB, paused 1.053ms total 31.570ms
08-05 03:38:48.335  3363  3471 I art     : Starting a blocking GC Explicit
08-05 03:38:48.364  3363  3471 I art     : Explicit concurrent mark sweep GC freed 23(752B) AllocSpace objects, 0(0B) LOS objects, 35% free, 28MB/44MB, paused 1.018ms total 28.596ms
08-05 03:38:48.373  3363  3471 I art     : Starting a blocking GC Explicit
08-05 03:38:48.401  3363  3471 I art     : Explicit concurrent mark sweep GC freed 3(96B) AllocSpace objects, 0(0B) LOS objects, 35% free, 28MB/44MB, paused 1.045ms total 28.243ms
08-05 03:38:48.410  3363  3471 I art     : Starting a blocking GC Explicit
08-05 03:38:48.440  3363  3471 I art     : Explicit concurrent mark sweep GC freed 34(928B) AllocSpace objects, 0(0B) LOS objects, 35% free, 28MB/44MB, paused 1.059ms total 29.295ms
08-05 03:38:48.449  3363  3471 I art     : Starting a blocking GC Explicit
08-05 03:38:48.480  3363  3471 I art     : Explicit concurrent mark sweep GC freed 3(96B) AllocSpace objects, 0(0B) LOS objects, 35% free, 28MB/44MB, paused 1.056ms total 30.019ms
08-05 03:38:48.791  3363  3375 I art     : Starting a blocking GC Explicit
08-05 03:38:48.827  3363  3375 I art     : Explicit concurrent mark sweep GC freed 1372(80KB) AllocSpace objects, 1(20KB) LOS objects, 35% free, 28MB/44MB, paused 1.094ms total 35.783ms
08-05 03:38:48.841  3363  3375 I art     : Starting a blocking GC Explicit
08-05 03:38:48.871  3363  3375 I art     : Explicit concurrent mark sweep GC freed 23(752B) AllocSpace objects, 0(0B) LOS objects, 35% free, 28MB/44MB, paused 1.039ms total 29.534ms
08-05 03:38:48.880  3363  3375 I art     : Starting a blocking GC Explicit
08-05 03:38:48.910  3363  3375 I art     : Explicit concurrent mark sweep GC freed 3(96B) AllocSpace objects, 0(0B) LOS objects, 35% free, 28MB/44MB, paused 1.033ms total 29.883ms
08-05 03:38:48.920  3363  3375 I art     : Starting a blocking GC Explicit
08-05 03:38:48.950  3363  3375 I art     : Explicit concurrent mark sweep GC freed 3(96B) AllocSpace objects, 0(0B) LOS objects, 35% free, 28MB/44MB, paused 1.042ms total 30.206ms
08-05 03:38:48.960  3363  3375 I art     : Starting a blocking GC Explicit
08-05 03:38:48.991  3363  3375 I art     : Explicit concurrent mark sweep GC freed 3(96B) AllocSpace objects, 0(0B) LOS objects, 35% free, 28MB/44MB, paused 1.034ms total 30.323ms
08-05 03:38:49.315  3363  4345 I art     : Starting a blocking GC Explicit
08-05 03:38:49.353  3363  4345 I art     : Explicit concurrent mark sweep GC freed 1373(82KB) AllocSpace objects, 1(20KB) LOS objects, 35% free, 28MB/44MB, paused 1.137ms total 37.653ms
08-05 03:38:49.365  3363  4345 I art     : Starting a blocking GC Explicit
08-05 03:38:49.396  3363  4345 I art     : Explicit concurrent mark sweep GC freed 23(752B) AllocSpace objects, 0(0B) LOS objects, 35% free, 28MB/44MB, paused 1.126ms total 30.357ms
08-05 03:38:49.405  3363  4345 I art     : Starting a blocking GC Explicit
08-05 03:38:49.436  3363  4345 I art     : Explicit concurrent mark sweep GC freed 34(928B) AllocSpace objects, 0(0B) LOS objects, 35% free, 28MB/44MB, paused 1.029ms total 30.130ms
08-05 03:38:49.445  3363  4345 I art     : Starting a blocking GC Explicit
08-05 03:38:49.475  3363  4345 I art     : Explicit concurrent mark sweep GC freed 3(96B) AllocSpace objects, 0(0B) LOS objects, 35% free, 28MB/44MB, paused 1.023ms total 29.520ms
08-05 03:38:49.485  3363  4345 I art     : Starting a blocking GC Explicit
08-05 03:38:49.514  3363  4345 I art     : Explicit concurrent mark sweep GC freed 3(96B) AllocSpace objects, 0(0B) LOS objects, 35% free, 28MB/44MB, paused 984us total 29.160ms
08-05 03:38:49.819  3363  3376 I art     : Starting a blocking GC Explicit
08-05 03:38:49.855  3363  3376 I art     : Explicit concurrent mark sweep GC freed 1372(80KB) AllocSpace objects, 1(20KB) LOS objects, 35% free, 28MB/44MB, paused 1.062ms total 35.244ms
08-05 03:38:49.864  3363  3376 I art     : Starting a blocking GC Explicit
08-05 03:38:49.894  3363  3376 I art     : Explicit concurrent mark sweep GC freed 23(752B) AllocSpace objects, 0(0B) LOS objects, 35% free, 28MB/44MB, paused 1.013ms total 29.255ms
08-05 03:38:49.903  3363  3376 I art     : Starting a blocking GC Explicit
08-05 03:38:49.932  3363  3376 I art     : Explicit concurrent mark sweep GC freed 3(96B) AllocSpace objects, 0(0B) LOS objects, 35% free, 28MB/44MB, paused 1.143ms total 28.547ms
08-05 03:38:49.939  5673  5673 D AndroidRuntime: >>>>>> START com.android.internal.os.RuntimeInit uid 2000 <<<<<<
08-05 03:38:49.941  3363  3376 I art     : Starting a blocking GC Explicit
08-05 03:38:49.944  5673  5673 D AndroidRuntime: CheckJNI is OFF
08-05 03:38:49.970  3363  3376 I art     : Explicit concurrent mark sweep GC freed 3(96B) AllocSpace objects, 0(0B) LOS objects, 35% free, 28MB/44MB, paused 1.060ms total 28.780ms
08-05 03:38:49.979  3363  3376 I art     : Starting a blocking GC Explicit
08-05 03:38:49.980  5673  5673 D ICU     : No timezone override file found: /data/misc/zoneinfo/current/icu/icu_tzdata.dat
08-05 03:38:50.007  3363  3376 I art     : Explicit concurrent mark sweep GC freed 3(96B) AllocSpace objects, 0(0B) LOS objects, 35% free, 28MB/44MB, paused 1.173ms total 28.358ms
08-05 03:38:50.015  5673  5673 I Radio-JNI: register_android_hardware_Radio DONE
08-05 03:38:50.036  5673  5673 D AndroidRuntime: Calling main entry com.android.commands.input.Input
08-05 03:38:50.038  5673  5673 I Input   : injectKeyEvent: KeyEvent { action=ACTION_DOWN, keyCode=KEYCODE_BACK, scanCode=0, metaState=0, flags=0x0, repeatCount=0, eventTime=761946451, downTime=761946451, deviceId=-1, source=0x101 }
08-05 03:38:50.043  5673  5673 I Input   : injectKeyEvent: KeyEvent { action=ACTION_UP, keyCode=KEYCODE_BACK, scanCode=0, metaState=0, flags=0x0, repeatCount=0, eventTime=761946451, downTime=761946451, deviceId=-1, source=0x101 }
08-05 03:38:50.048  5673  5673 D AndroidRuntime: Shutting down VM
08-05 03:38:50.053  3363  3363 V PlaybackController: initServiceNotRunning()
08-05 03:38:50.053  3363  3363 D ExternalPlayerFragment: Loading media info
08-05 03:38:50.057  3363  3363 D UserPreferences: Using default data folder
08-05 03:38:50.057  3363  3383 D DBReader: getNavDrawerData() called with: 
08-05 03:38:50.067  3363  3383 D DBReader: getDownloadedItems() called
08-05 03:38:50.068  3363  3383 D DBReader: getFavoriteIDList() called
08-05 03:38:50.069  3363  3383 D DBReader: getQueueIDList() called
08-05 03:38:50.069  3363  3383 D DBReader: Extracting Feedlist
08-05 03:38:50.089  3363  3363 D MainActivity: getLastNavFragment() -> AddFeedFragment
08-05 03:38:50.091 13866 13866 I GoogleInputMethodServic: GoogleInputMethodService.onFinishInput():3138 
08-05 03:38:50.092 13866 13866 I GoogleInputMethodServic: GoogleInputMethodService.onStartInput():1808 
08-05 03:38:50.257  3363  5314 I art     : Starting a blocking GC Explicit
08-05 03:38:50.295  3363  5314 I art     : Explicit concurrent mark sweep GC freed 2484(153KB) AllocSpace objects, 1(20KB) LOS objects, 35% free, 28MB/44MB, paused 969us total 37.975ms
08-05 03:38:50.308  3363  5314 I art     : Starting a blocking GC Explicit
08-05 03:38:50.343  3363  5314 I art     : Explicit concurrent mark sweep GC freed 449(23KB) AllocSpace objects, 0(0B) LOS objects, 35% free, 28MB/44MB, paused 930us total 34.780ms
08-05 03:38:50.357  3363  5314 I art     : Starting a blocking GC Explicit
08-05 03:38:50.388  3363  5314 I art     : Explicit concurrent mark sweep GC freed 3(96B) AllocSpace objects, 0(0B) LOS objects, 35% free, 28MB/44MB, paused 1.155ms total 30.977ms
08-05 03:38:50.388  3363  3373 I art     : WaitForGcToComplete blocked for 23.861ms for cause HeapTrim
08-05 03:38:50.391   380   380 W SurfaceFlinger: couldn't log to binary event log: overflow.
08-05 03:38:50.398  3363  5314 I art     : Starting a blocking GC Explicit
08-05 03:38:50.425  3363  5314 I art     : Explicit concurrent mark sweep GC freed 600(25KB) AllocSpace objects, 0(0B) LOS objects, 35% free, 28MB/44MB, paused 973us total 27.117ms
08-05 03:38:50.434  3363  5314 I art     : Starting a blocking GC Explicit
08-05 03:38:50.460  3363  5314 I art     : Explicit concurrent mark sweep GC freed 2468(152KB) AllocSpace objects, 1(28KB) LOS objects, 35% free, 28MB/44MB, paused 1.030ms total 25.905ms
08-05 03:38:50.751  3363  3375 I art     : Starting a blocking GC Explicit
08-05 03:38:50.792  3363  3375 I art     : Explicit concurrent mark sweep GC freed 1372(80KB) AllocSpace objects, 1(20KB) LOS objects, 35% free, 28MB/44MB, paused 1.134ms total 40.662ms
08-05 03:38:50.805  3363  3375 I art     : Starting a blocking GC Explicit
08-05 03:38:50.835  3363  3375 I art     : Explicit concurrent mark sweep GC freed 23(752B) AllocSpace objects, 0(0B) LOS objects, 35% free, 28MB/44MB, paused 1.048ms total 29.720ms
08-05 03:38:50.845  3363  3375 I art     : Starting a blocking GC Explicit
08-05 03:38:50.874  3363  3375 I art     : Explicit concurrent mark sweep GC freed 3(96B) AllocSpace objects, 0(0B) LOS objects, 35% free, 28MB/44MB, paused 1.031ms total 29.204ms
08-05 03:38:50.884  3363  3375 I art     : Starting a blocking GC Explicit
08-05 03:38:50.913  3363  3375 I art     : Explicit concurrent mark sweep GC freed 3(96B) AllocSpace objects, 0(0B) LOS objects, 35% free, 28MB/44MB, paused 1.053ms total 28.952ms
08-05 03:38:50.923  3363  3375 I art     : Starting a blocking GC Explicit
08-05 03:38:50.952  3363  3375 I art     : Explicit concurrent mark sweep GC freed 3(96B) AllocSpace objects, 0(0B) LOS objects, 35% free, 28MB/44MB, paused 1.063ms total 29.325ms
08-05 03:38:51.258  3363  3471 I art     : Starting a blocking GC Explicit
08-05 03:38:51.292  3363  3471 I art     : Explicit concurrent mark sweep GC freed 1374(82KB) AllocSpace objects, 1(20KB) LOS objects, 35% free, 28MB/44MB, paused 1.486ms total 33.388ms
08-05 03:38:51.300  3363  3471 I art     : Starting a blocking GC Explicit
08-05 03:38:51.326  3363  3471 I art     : Explicit concurrent mark sweep GC freed 23(752B) AllocSpace objects, 0(0B) LOS objects, 35% free, 28MB/44MB, paused 990us total 25.658ms
08-05 03:38:51.335  3363  3471 I art     : Starting a blocking GC Explicit
08-05 03:38:51.362  3363  3471 I art     : Explicit concurrent mark sweep GC freed 3(96B) AllocSpace objects, 0(0B) LOS objects, 35% free, 28MB/44MB, paused 1.018ms total 27.318ms
08-05 03:38:51.371  3363  3471 I art     : Starting a blocking GC Explicit
08-05 03:38:51.399  3363  3471 I art     : Explicit concurrent mark sweep GC freed 3(96B) AllocSpace objects, 0(0B) LOS objects, 35% free, 28MB/44MB, paused 1.077ms total 27.643ms
08-05 03:38:51.408  3363  3471 I art     : Starting a blocking GC Explicit
08-05 03:38:51.436  3363  3471 I art     : Explicit concurrent mark sweep GC freed 34(928B) AllocSpace objects, 0(0B) LOS objects, 35% free, 28MB/44MB, paused 1.033ms total 27.668ms
08-05 03:38:51.685  5726  5726 D AndroidRuntime: >>>>>> START com.android.internal.os.RuntimeInit uid 2000 <<<<<<
08-05 03:38:51.692  5726  5726 D AndroidRuntime: CheckJNI is OFF
08-05 03:38:51.723  3363  5314 I art     : Starting a blocking GC Explicit
08-05 03:38:51.733  5726  5726 D ICU     : No timezone override file found: /data/misc/zoneinfo/current/icu/icu_tzdata.dat
08-05 03:38:51.755  3363  5314 I art     : Explicit concurrent mark sweep GC freed 1381(80KB) AllocSpace objects, 1(20KB) LOS objects, 35% free, 28MB/44MB, paused 1.088ms total 32.060ms
08-05 03:38:51.764  3363  5314 I art     : Starting a blocking GC Explicit
08-05 03:38:51.769  5726  5726 I Radio-JNI: register_android_hardware_Radio DONE
08-05 03:38:51.791  5726  5726 D AndroidRuntime: Calling main entry com.android.commands.input.Input
08-05 03:38:51.793  3363  5314 I art     : Explicit concurrent mark sweep GC freed 28(912B) AllocSpace objects, 0(0B) LOS objects, 35% free, 28MB/44MB, paused 1.101ms total 27.925ms
08-05 03:38:51.793  5726  5726 I Input   : injectKeyEvent: KeyEvent { action=ACTION_DOWN, keyCode=KEYCODE_BACK, scanCode=0, metaState=0, flags=0x0, repeatCount=0, eventTime=761948206, downTime=761948206, deviceId=-1, source=0x101 }
08-05 03:38:51.799  5726  5726 I Input   : injectKeyEvent: KeyEvent { action=ACTION_UP, keyCode=KEYCODE_BACK, scanCode=0, metaState=0, flags=0x0, repeatCount=0, eventTime=761948206, downTime=761948206, deviceId=-1, source=0x101 }
08-05 03:38:51.802  3363  5314 I art     : Starting a blocking GC Explicit
08-05 03:38:51.812 13866 13866 I GoogleInputMethodServic: GoogleInputMethodService.onFinishInput():3138 
08-05 03:38:51.812 13866 13866 I GoogleInputMethodServic: GoogleInputMethodService.onStartInput():1808 
08-05 03:38:51.817  5726  5726 D AndroidRuntime: Shutting down VM
08-05 03:38:51.830  3363  5314 I art     : Explicit concurrent mark sweep GC freed 1120(45KB) AllocSpace objects, 0(0B) LOS objects, 35% free, 28MB/44MB, paused 1.414ms total 27.625ms
08-05 03:38:51.840  3363  5314 I art     : Starting a blocking GC Explicit
08-05 03:38:51.866  3363  5314 I art     : Explicit concurrent mark sweep GC freed 199(13KB) AllocSpace objects, 0(0B) LOS objects, 35% free, 28MB/44MB, paused 919us total 26.244ms
08-05 03:38:51.875  3363  5314 I art     : Starting a blocking GC Explicit
08-05 03:38:51.903  3363  5314 I art     : Explicit concurrent mark sweep GC freed 2467(164KB) AllocSpace objects, 9(1540KB) LOS objects, 37% free, 26MB/42MB, paused 1.029ms total 27.592ms
08-05 03:38:52.164  3363  3375 I art     : Starting a blocking GC Explicit
08-05 03:38:52.193  3363  3375 I art     : Explicit concurrent mark sweep GC freed 1418(82KB) AllocSpace objects, 1(20KB) LOS objects, 37% free, 26MB/42MB, paused 1.067ms total 29.414ms
08-05 03:38:52.203  3363  3375 I art     : Starting a blocking GC Explicit
08-05 03:38:52.232  3363  3375 I art     : Explicit concurrent mark sweep GC freed 23(752B) AllocSpace objects, 0(0B) LOS objects, 37% free, 26MB/42MB, paused 1.034ms total 28.389ms
08-05 03:38:52.241  3363  3375 I art     : Starting a blocking GC Explicit
08-05 03:38:52.269  3363  3375 I art     : Explicit concurrent mark sweep GC freed 3(96B) AllocSpace objects, 0(0B) LOS objects, 37% free, 26MB/42MB, paused 1.058ms total 28.270ms
08-05 03:38:52.279  3363  3375 I art     : Starting a blocking GC Explicit
08-05 03:38:52.308  3363  3375 I art     : Explicit concurrent mark sweep GC freed 3(96B) AllocSpace objects, 0(0B) LOS objects, 37% free, 26MB/42MB, paused 1.335ms total 29.076ms
08-05 03:38:52.318  3363  3375 I art     : Starting a blocking GC Explicit
08-05 03:38:52.347  3363  3375 I art     : Explicit concurrent mark sweep GC freed 3(96B) AllocSpace objects, 0(0B) LOS objects, 37% free, 26MB/42MB, paused 1.038ms total 28.737ms
08-05 03:38:52.643  3363  3471 I art     : Starting a blocking GC Explicit
08-05 03:38:52.679  3363  3471 I art     : Explicit concurrent mark sweep GC freed 1403(82KB) AllocSpace objects, 1(20KB) LOS objects, 37% free, 26MB/42MB, paused 1.181ms total 35.569ms
08-05 03:38:52.691  3363  3471 I art     : Starting a blocking GC Explicit
08-05 03:38:52.721  3363  3471 I art     : Explicit concurrent mark sweep GC freed 23(752B) AllocSpace objects, 0(0B) LOS objects, 37% free, 26MB/42MB, paused 1.045ms total 29.071ms
08-05 03:38:52.731  3363  3471 I art     : Starting a blocking GC Explicit
08-05 03:38:52.760  3363  3471 I art     : Explicit concurrent mark sweep GC freed 3(96B) AllocSpace objects, 0(0B) LOS objects, 37% free, 26MB/42MB, paused 1.032ms total 28.786ms
08-05 03:38:52.769  3363  3471 I art     : Starting a blocking GC Explicit
08-05 03:38:52.798  3363  3471 I art     : Explicit concurrent mark sweep GC freed 3(96B) AllocSpace objects, 0(0B) LOS objects, 37% free, 26MB/42MB, paused 1.101ms total 28.275ms
08-05 03:38:52.807  3363  3471 I art     : Starting a blocking GC Explicit
08-05 03:38:52.837  3363  3471 I art     : Explicit concurrent mark sweep GC freed 3(96B) AllocSpace objects, 0(0B) LOS objects, 37% free, 26MB/42MB, paused 1.201ms total 29.439ms
08-05 03:38:53.134  3363  4345 I art     : Starting a blocking GC Explicit
08-05 03:38:53.163  3363  4345 I art     : Explicit concurrent mark sweep GC freed 1373(81KB) AllocSpace objects, 1(20KB) LOS objects, 37% free, 26MB/42MB, paused 1.078ms total 28.356ms
08-05 03:38:53.172  3363  4345 I art     : Starting a blocking GC Explicit
08-05 03:38:53.198  3363  4345 I art     : Explicit concurrent mark sweep GC freed 23(752B) AllocSpace objects, 0(0B) LOS objects, 37% free, 26MB/42MB, paused 1.036ms total 25.378ms
08-05 03:38:53.206  3363  4345 I art     : Starting a blocking GC Explicit
08-05 03:38:53.232  3363  4345 I art     : Explicit concurrent mark sweep GC freed 3(96B) AllocSpace objects, 0(0B) LOS objects, 37% free, 26MB/42MB, paused 1.022ms total 25.700ms
08-05 03:38:53.241  3363  4345 I art     : Starting a blocking GC Explicit
08-05 03:38:53.268  3363  4345 I art     : Explicit concurrent mark sweep GC freed 3(96B) AllocSpace objects, 0(0B) LOS objects, 37% free, 26MB/42MB, paused 1.045ms total 26.852ms
08-05 03:38:53.277  3363  4345 I art     : Starting a blocking GC Explicit
08-05 03:38:53.304  3363  4345 I art     : Explicit concurrent mark sweep GC freed 3(96B) AllocSpace objects, 0(0B) LOS objects, 37% free, 26MB/42MB, paused 1.017ms total 26.630ms
08-05 03:38:53.482  5775  5775 D AndroidRuntime: >>>>>> START com.android.internal.os.RuntimeInit uid 2000 <<<<<<
08-05 03:38:53.486  5775  5775 D AndroidRuntime: CheckJNI is OFF
08-05 03:38:53.519  5775  5775 D ICU     : No timezone override file found: /data/misc/zoneinfo/current/icu/icu_tzdata.dat
08-05 03:38:53.549  5775  5775 I Radio-JNI: register_android_hardware_Radio DONE
08-05 03:38:53.570  5775  5775 D AndroidRuntime: Calling main entry com.android.commands.input.Input
08-05 03:38:53.572  5775  5775 I Input   : injectMotionEvent: MotionEvent { action=ACTION_DOWN, actionButton=0, id[0]=0, x[0]=103.0, y[0]=192.0, toolType[0]=TOOL_TYPE_UNKNOWN, buttonState=0, metaState=0, flags=0x0, edgeFlags=0x0, pointerCount=1, historySize=0, eventTime=761949985, downTime=761949985, deviceId=0, source=0x1002 }
08-05 03:38:53.575  5775  5775 I Input   : injectMotionEvent: MotionEvent { action=ACTION_UP, actionButton=0, id[0]=0, x[0]=103.0, y[0]=192.0, toolType[0]=TOOL_TYPE_UNKNOWN, buttonState=0, metaState=0, flags=0x0, edgeFlags=0x0, pointerCount=1, historySize=0, eventTime=761949985, downTime=761949985, deviceId=0, source=0x1002 }
08-05 03:38:53.577  5775  5775 D AndroidRuntime: Shutting down VM
08-05 03:38:53.582   512  2967 D audio_hw_primary: out_set_parameters: enter: usecase(1: low-latency-playback) kvpairs: routing=2
08-05 03:38:53.594   512  2967 D audio_hw_primary: select_devices: out_snd_device(2: speaker) in_snd_device(0: none)
08-05 03:38:53.594   512  2967 D msm8974_platform: platform_send_audio_calibration: sending audio calibration for snd_device(2) acdb_id(15)
08-05 03:38:53.595   512  2967 I soundtrigger: audio_extn_sound_trigger_update_device_status: device 0x2 of type 0 for Event 1
08-05 03:38:53.604   512  2967 D audio_hw_primary: enable_snd_device: snd_device(2: speaker)
08-05 03:38:53.607   512  2967 D audio_hw_primary: enable_audio_route: apply and update mixer path: low-latency-playback speaker
08-05 03:38:53.608  3363  4345 I art     : Starting a blocking GC Explicit
08-05 03:38:53.621 13866 13866 I GoogleInputMethodServic: GoogleInputMethodService.onFinishInput():3138 
08-05 03:38:53.622 13866 13866 I GoogleInputMethodServic: GoogleInputMethodService.onStartInput():1808 
08-05 03:38:53.637  3363  4345 I art     : Explicit concurrent mark sweep GC freed 1655(93KB) AllocSpace objects, 1(20KB) LOS objects, 37% free, 26MB/42MB, paused 1.106ms total 29.004ms
08-05 03:38:53.647  3363  4345 I art     : Starting a blocking GC Explicit
08-05 03:38:53.672  3363  4345 I art     : Explicit concurrent mark sweep GC freed 475(25KB) AllocSpace objects, 0(0B) LOS objects, 37% free, 26MB/42MB, paused 977us total 24.813ms
08-05 03:38:53.680  3363  4345 I art     : Starting a blocking GC Explicit
08-05 03:38:53.706  3363  4345 I art     : Explicit concurrent mark sweep GC freed 7(384B) AllocSpace objects, 0(0B) LOS objects, 37% free, 26MB/42MB, paused 1.009ms total 25.720ms
08-05 03:38:53.715  3363  4345 I art     : Starting a blocking GC Explicit
08-05 03:38:53.741  3363  4345 I art     : Explicit concurrent mark sweep GC freed 3(96B) AllocSpace objects, 0(0B) LOS objects, 37% free, 26MB/42MB, paused 1.001ms total 25.895ms
08-05 03:38:53.750  3363  4345 I art     : Starting a blocking GC Explicit
08-05 03:38:53.776  3363  4345 I art     : Explicit concurrent mark sweep GC freed 3(96B) AllocSpace objects, 0(0B) LOS objects, 37% free, 26MB/42MB, paused 987us total 25.884ms
08-05 03:38:54.043  3363  5314 I art     : Starting a blocking GC Explicit
08-05 03:38:54.074  3363  5314 I art     : Explicit concurrent mark sweep GC freed 1374(80KB) AllocSpace objects, 1(20KB) LOS objects, 37% free, 26MB/42MB, paused 1.241ms total 30.460ms
08-05 03:38:54.085  3363  5314 I art     : Starting a blocking GC Explicit
08-05 03:38:54.112  3363  5314 I art     : Explicit concurrent mark sweep GC freed 33(1072B) AllocSpace objects, 0(0B) LOS objects, 37% free, 26MB/42MB, paused 982us total 27.005ms
08-05 03:38:54.121  3363  5314 I art     : Starting a blocking GC Explicit
08-05 03:38:54.139   512  2967 D audio_hw_primary: disable_audio_route: reset and update mixer path: low-latency-playback speaker
08-05 03:38:54.140   512  2967 D audio_hw_primary: disable_snd_device: snd_device(2: speaker)
08-05 03:38:54.148  3363  5314 I art     : Explicit concurrent mark sweep GC freed 3(96B) AllocSpace objects, 0(0B) LOS objects, 37% free, 26MB/42MB, paused 1.012ms total 26.527ms
08-05 03:38:54.149   512  2967 I soundtrigger: audio_extn_sound_trigger_update_device_status: device 0x2 of type 0 for Event 0
08-05 03:38:54.157  3363  5314 I art     : Starting a blocking GC Explicit
08-05 03:38:54.184  3363  5314 I art     : Explicit concurrent mark sweep GC freed 3(96B) AllocSpace objects, 0(0B) LOS objects, 37% free, 26MB/42MB, paused 933us total 26.575ms
08-05 03:38:54.193  3363  5314 I art     : Starting a blocking GC Explicit
08-05 03:38:54.220  3363  5314 I art     : Explicit concurrent mark sweep GC freed 3(96B) AllocSpace objects, 0(0B) LOS objects, 37% free, 26MB/42MB, paused 1.008ms total 26.357ms
08-05 03:38:54.520  3363  5314 I art     : Starting a blocking GC Explicit
08-05 03:38:54.559  3363  5314 I art     : Explicit concurrent mark sweep GC freed 1402(81KB) AllocSpace objects, 1(20KB) LOS objects, 37% free, 26MB/42MB, paused 1.220ms total 38.695ms
08-05 03:38:54.571  3363  5314 I art     : Starting a blocking GC Explicit
08-05 03:38:54.600  3363  5314 I art     : Explicit concurrent mark sweep GC freed 25(816B) AllocSpace objects, 0(0B) LOS objects, 37% free, 26MB/42MB, paused 1.021ms total 28.812ms
08-05 03:38:54.609  3363  5314 I art     : Starting a blocking GC Explicit
08-05 03:38:54.638  3363  5314 I art     : Explicit concurrent mark sweep GC freed 3(96B) AllocSpace objects, 0(0B) LOS objects, 37% free, 26MB/42MB, paused 1.069ms total 28.469ms
08-05 03:38:54.648  3363  5314 I art     : Starting a blocking GC Explicit
08-05 03:38:54.676  3363  5314 I art     : Explicit concurrent mark sweep GC freed 3(96B) AllocSpace objects, 0(0B) LOS objects, 37% free, 26MB/42MB, paused 1.031ms total 28.522ms
08-05 03:38:54.686  3363  5314 I art     : Starting a blocking GC Explicit
08-05 03:38:54.715  3363  5314 I art     : Explicit concurrent mark sweep GC freed 3(96B) AllocSpace objects, 0(0B) LOS objects, 37% free, 26MB/42MB, paused 1.047ms total 28.694ms
08-05 03:38:54.985  3363  3471 I art     : Starting a blocking GC Explicit
08-05 03:38:55.014  3363  3471 I art     : Explicit concurrent mark sweep GC freed 1371(80KB) AllocSpace objects, 1(20KB) LOS objects, 37% free, 26MB/42MB, paused 1.118ms total 28.229ms
08-05 03:38:55.024  3363  3471 I art     : Starting a blocking GC Explicit
08-05 03:38:55.049  3363  3471 I art     : Explicit concurrent mark sweep GC freed 23(752B) AllocSpace objects, 0(0B) LOS objects, 37% free, 26MB/42MB, paused 1.002ms total 24.873ms
08-05 03:38:55.057  3363  3471 I art     : Starting a blocking GC Explicit
08-05 03:38:55.084  3363  3471 I art     : Explicit concurrent mark sweep GC freed 3(96B) AllocSpace objects, 0(0B) LOS objects, 37% free, 26MB/42MB, paused 1.041ms total 26.720ms
08-05 03:38:55.093  3363  3471 I art     : Starting a blocking GC Explicit
08-05 03:38:55.121  3363  3471 I art     : Explicit concurrent mark sweep GC freed 3(96B) AllocSpace objects, 0(0B) LOS objects, 37% free, 26MB/42MB, paused 1.044ms total 27.275ms
08-05 03:38:55.130  3363  3471 I art     : Starting a blocking GC Explicit
08-05 03:38:55.157  3363  3471 I art     : Explicit concurrent mark sweep GC freed 3(96B) AllocSpace objects, 0(0B) LOS objects, 37% free, 26MB/42MB, paused 1.057ms total 26.818ms
08-05 03:38:55.226  5822  5822 D AndroidRuntime: >>>>>> START com.android.internal.os.RuntimeInit uid 2000 <<<<<<
08-05 03:38:55.232  5822  5822 D AndroidRuntime: CheckJNI is OFF
08-05 03:38:55.266  5822  5822 D ICU     : No timezone override file found: /data/misc/zoneinfo/current/icu/icu_tzdata.dat
08-05 03:38:55.300  5822  5822 I Radio-JNI: register_android_hardware_Radio DONE
08-05 03:38:55.322  5822  5822 D AndroidRuntime: Calling main entry com.android.commands.input.Input
08-05 03:38:55.324  5822  5822 I Input   : injectMotionEvent: MotionEvent { action=ACTION_DOWN, actionButton=0, id[0]=0, x[0]=625.0, y[0]=1248.0, toolType[0]=TOOL_TYPE_UNKNOWN, buttonState=0, metaState=0, flags=0x0, edgeFlags=0x0, pointerCount=1, historySize=0, eventTime=761951736, downTime=761951736, deviceId=0, source=0x1002 }
08-05 03:38:55.329  5822  5822 I Input   : injectMotionEvent: MotionEvent { action=ACTION_UP, actionButton=0, id[0]=0, x[0]=625.0, y[0]=1248.0, toolType[0]=TOOL_TYPE_UNKNOWN, buttonState=0, metaState=0, flags=0x0, edgeFlags=0x0, pointerCount=1, historySize=0, eventTime=761951736, downTime=761951736, deviceId=0, source=0x1002 }
08-05 03:38:55.333  5822  5822 D AndroidRuntime: Shutting down VM
08-05 03:38:55.397  3363  3363 D MainActivity: loadFragment(index: 7, args: null)
08-05 03:38:55.398  3363  3363 D MainActivity: saveLastNavFragment(tag: 2)
08-05 03:38:55.399   512  2967 D audio_hw_primary: out_set_parameters: enter: usecase(1: low-latency-playback) kvpairs: routing=2
08-05 03:38:55.400  3363  3363 D MainActivity: getLastNavFragment() -> 2
08-05 03:38:55.412   512  2967 D audio_hw_primary: select_devices: out_snd_device(2: speaker) in_snd_device(0: none)
08-05 03:38:55.412   512  2967 D msm8974_platform: platform_send_audio_calibration: sending audio calibration for snd_device(2) acdb_id(15)
08-05 03:38:55.412   512  2967 I soundtrigger: audio_extn_sound_trigger_update_device_status: device 0x2 of type 0 for Event 1
08-05 03:38:55.421   512  2967 D audio_hw_primary: enable_snd_device: snd_device(2: speaker)
08-05 03:38:55.423   512  2967 D audio_hw_primary: enable_audio_route: apply and update mixer path: low-latency-playback speaker
08-05 03:38:55.436  3363  3363 D ItemlistFragment: onEventMainThread() called with: event = [DownloadEvent{update=DownloaderUpdate{downloaders=[], feedIds=[], mediaIds=[]}}]
08-05 03:38:55.437  3363  3950 D DBReader: getFeed() called with: feedId = [2]
08-05 03:38:55.439  3363  3950 D DBReader: getFeedItemList() called with: feed = [baseline.de.danoeh.antennapod.core.feed.Feed@2]
08-05 03:38:55.443  3363  5314 I art     : Starting a blocking GC Explicit
08-05 03:38:55.473  3363  5314 I art     : Explicit concurrent mark sweep GC freed 4431(222KB) AllocSpace objects, 2(40KB) LOS objects, 36% free, 27MB/43MB, paused 1.192ms total 29.864ms
08-05 03:38:55.482  3363  5314 I art     : Starting a blocking GC Explicit
08-05 03:38:55.515  3363  5314 I art     : Explicit concurrent mark sweep GC freed 2810(106KB) AllocSpace objects, 0(0B) LOS objects, 35% free, 28MB/44MB, paused 1.241ms total 32.182ms
08-05 03:38:55.521  3363  3950 W PodDBAdapter: Length of id array is larger than 800. Creating multiple cursors
08-05 03:38:55.524  3363  5314 I art     : Starting a blocking GC Explicit
08-05 03:38:55.553  3363  5314 I art     : Explicit concurrent mark sweep GC freed 1902(194KB) AllocSpace objects, 1(16KB) LOS objects, 35% free, 28MB/44MB, paused 1.190ms total 29.492ms
08-05 03:38:55.563  3363  5314 I art     : Starting a blocking GC Explicit
08-05 03:38:55.591  3363  3950 D DBReader: getFavoriteIDList() called
08-05 03:38:55.591  3363  3950 D DBReader: getQueueIDList() called
08-05 03:38:55.594  3363  3950 D DBReader: Extracting Feedlist
08-05 03:38:55.595  3363  5314 I art     : Explicit concurrent mark sweep GC freed 5010(94KB) AllocSpace objects, 0(0B) LOS objects, 35% free, 29MB/45MB, paused 2.124ms total 32.257ms
08-05 03:38:55.605  3363  5314 I art     : Starting a blocking GC Explicit
08-05 03:38:55.624  3363  3363 D FeedMenuHandler: Preparing options menu
08-05 03:38:55.638  3363  5314 I art     : Explicit concurrent mark sweep GC freed 3252(133KB) AllocSpace objects, 1(16KB) LOS objects, 35% free, 29MB/45MB, paused 1.581ms total 32.951ms
08-05 03:38:55.676  3363  4361 D ApOkHttpUrlLoader: buildLoadData() called with: model = [http://static.libsyn.com/p/assets/7/1/f/3/71f3014e14ef2722/JREiTunesImage2.jpg], width = [1440], height = [462]
08-05 03:38:55.745  3363  3384 V RenderScript: 0x7f7c637000 Launching thread(s), CPUs 8
08-05 03:38:55.837 13866 13866 I GoogleInputMethodServic: GoogleInputMethodService.onFinishInput():3138 
08-05 03:38:55.838 13866 13866 I GoogleInputMethodServic: GoogleInputMethodService.onStartInput():1808 
08-05 03:38:55.895  3363  3376 I art     : Starting a blocking GC Explicit
08-05 03:38:55.931  3363  3376 I art     : Explicit concurrent mark sweep GC freed 4798(332KB) AllocSpace objects, 6(236KB) LOS objects, 29% free, 37MB/53MB, paused 1ms total 35.298ms
08-05 03:38:55.941  3363  3376 I art     : Starting a blocking GC Explicit
08-05 03:38:55.969   512  2967 D audio_hw_primary: disable_audio_route: reset and update mixer path: low-latency-playback speaker
08-05 03:38:55.970   512  2967 D audio_hw_primary: disable_snd_device: snd_device(2: speaker)
08-05 03:38:55.974  3363  3376 I art     : Explicit concurrent mark sweep GC freed 399(21KB) AllocSpace objects, 0(0B) LOS objects, 29% free, 37MB/53MB, paused 964us total 32.691ms
08-05 03:38:55.978   512  2967 I soundtrigger: audio_extn_sound_trigger_update_device_status: device 0x2 of type 0 for Event 0
08-05 03:38:55.984  3363  3376 I art     : Starting a blocking GC Explicit
08-05 03:38:56.017  3363  3376 I art     : Explicit concurrent mark sweep GC freed 5(160B) AllocSpace objects, 0(0B) LOS objects, 29% free, 37MB/53MB, paused 1.013ms total 32.584ms
08-05 03:38:56.028  3363  3376 I art     : Starting a blocking GC Explicit
08-05 03:38:56.061  3363  3376 I art     : Explicit concurrent mark sweep GC freed 3(96B) AllocSpace objects, 0(0B) LOS objects, 29% free, 37MB/53MB, paused 982us total 32.878ms
08-05 03:38:56.071  3363  3376 I art     : Starting a blocking GC Explicit
08-05 03:38:56.104  3363  3376 I art     : Explicit concurrent mark sweep GC freed 20(688B) AllocSpace objects, 0(0B) LOS objects, 29% free, 37MB/53MB, paused 933us total 33.258ms
08-05 03:38:56.395  3363  3376 I art     : Starting a blocking GC Explicit
08-05 03:38:56.440  3363  3376 I art     : Explicit concurrent mark sweep GC freed 1406(81KB) AllocSpace objects, 1(20KB) LOS objects, 29% free, 37MB/53MB, paused 1.067ms total 44.409ms
08-05 03:38:56.452  3363  3376 I art     : Starting a blocking GC Explicit
08-05 03:38:56.473  5221  5221 I ServiceManager: Waiting for service AtCmdFwd...
08-05 03:38:56.490  3363  3376 I art     : Explicit concurrent mark sweep GC freed 42(1392B) AllocSpace objects, 0(0B) LOS objects, 29% free, 37MB/53MB, paused 1.054ms total 37.971ms
08-05 03:38:56.501  3363  3376 I art     : Starting a blocking GC Explicit
08-05 03:38:56.540  3363  3376 I art     : Explicit concurrent mark sweep GC freed 3(96B) AllocSpace objects, 0(0B) LOS objects, 29% free, 37MB/53MB, paused 1.058ms total 38.758ms
08-05 03:38:56.551  3363  3376 I art     : Starting a blocking GC Explicit
08-05 03:38:56.591  3363  3376 I art     : Explicit concurrent mark sweep GC freed 3(96B) AllocSpace objects, 0(0B) LOS objects, 29% free, 37MB/53MB, paused 1.043ms total 39.042ms
08-05 03:38:56.602  3363  3376 I art     : Starting a blocking GC Explicit
08-05 03:38:56.641  3363  3376 I art     : Explicit concurrent mark sweep GC freed 3(96B) AllocSpace objects, 0(0B) LOS objects, 29% free, 37MB/53MB, paused 1.058ms total 38.549ms
08-05 03:38:56.805   518   646 I ThermalEngine: ACTION: GPU - Setting GPU[0] to 450000000
08-05 03:38:56.968  3363  3375 I art     : Starting a blocking GC Explicit
08-05 03:38:57.034  3363  3375 I art     : Explicit concurrent mark sweep GC freed 1372(80KB) AllocSpace objects, 1(20KB) LOS objects, 29% free, 37MB/53MB, paused 1.499ms total 65.871ms
08-05 03:38:57.050  3363  3375 I art     : Starting a blocking GC Explicit
08-05 03:38:57.102  3363  3375 I art     : Explicit concurrent mark sweep GC freed 23(752B) AllocSpace objects, 0(0B) LOS objects, 29% free, 37MB/53MB, paused 1.434ms total 51.146ms
08-05 03:38:57.116  3363  3375 I art     : Starting a blocking GC Explicit
08-05 03:38:57.168  3363  3375 I art     : Explicit concurrent mark sweep GC freed 3(96B) AllocSpace objects, 0(0B) LOS objects, 29% free, 37MB/53MB, paused 1.548ms total 51.178ms
08-05 03:38:57.182  3363  3375 I art     : Starting a blocking GC Explicit
08-05 03:38:57.232  3363  3375 I art     : Explicit concurrent mark sweep GC freed 4(128B) AllocSpace objects, 0(0B) LOS objects, 29% free, 37MB/53MB, paused 1.402ms total 49.142ms
08-05 03:38:57.249  3363  3375 I art     : Starting a blocking GC Explicit
08-05 03:38:57.299  3363  3375 I art     : Explicit concurrent mark sweep GC freed 12(384B) AllocSpace objects, 0(0B) LOS objects, 29% free, 37MB/53MB, paused 1.530ms total 49.840ms
08-05 03:38:57.474  5221  5221 I ServiceManager: Waiting for service AtCmdFwd...
08-05 03:38:57.670  3363  4345 I art     : Starting a blocking GC Explicit
08-05 03:38:57.733  3363  4345 I art     : Explicit concurrent mark sweep GC freed 2123(103KB) AllocSpace objects, 1(20KB) LOS objects, 29% free, 37MB/53MB, paused 1.772ms total 62.668ms
08-05 03:38:57.751  3363  4345 I art     : Starting a blocking GC Explicit
08-05 03:38:57.800  3363  4345 I art     : Explicit concurrent mark sweep GC freed 23(752B) AllocSpace objects, 0(0B) LOS objects, 29% free, 37MB/53MB, paused 1.476ms total 49.048ms
08-05 03:38:57.815  3363  4345 I art     : Starting a blocking GC Explicit
08-05 03:38:57.865  3363  4345 I art     : Explicit concurrent mark sweep GC freed 3(96B) AllocSpace objects, 0(0B) LOS objects, 29% free, 37MB/53MB, paused 1.424ms total 49.539ms
08-05 03:38:57.879  3363  4345 I art     : Starting a blocking GC Explicit
08-05 03:38:57.930  3363  4345 I art     : Explicit concurrent mark sweep GC freed 3(96B) AllocSpace objects, 0(0B) LOS objects, 29% free, 37MB/53MB, paused 1.536ms total 50.766ms
08-05 03:38:57.945  3363  4345 I art     : Starting a blocking GC Explicit
08-05 03:38:57.998  3363  4345 I art     : Explicit concurrent mark sweep GC freed 3(96B) AllocSpace objects, 0(0B) LOS objects, 29% free, 37MB/53MB, paused 1.509ms total 52.604ms
08-05 03:38:58.365  3363  3376 I art     : Starting a blocking GC Explicit
08-05 03:38:58.427  3363  3376 I art     : Explicit concurrent mark sweep GC freed 2260(112KB) AllocSpace objects, 1(20KB) LOS objects, 29% free, 37MB/53MB, paused 1.515ms total 61.068ms
08-05 03:38:58.446  3363  3376 I art     : Starting a blocking GC Explicit
08-05 03:38:58.475  5221  5221 I ServiceManager: Waiting for service AtCmdFwd...
08-05 03:38:58.498  3363  3376 I art     : Explicit concurrent mark sweep GC freed 54(1584B) AllocSpace objects, 0(0B) LOS objects, 29% free, 37MB/53MB, paused 1.482ms total 51.342ms
08-05 03:38:58.517  3363  3376 I art     : Starting a blocking GC Explicit
08-05 03:38:58.567  3363  3376 I art     : Explicit concurrent mark sweep GC freed 3(96B) AllocSpace objects, 0(0B) LOS objects, 29% free, 37MB/53MB, paused 1.518ms total 49.463ms
08-05 03:38:58.582  3363  3376 I art     : Starting a blocking GC Explicit
08-05 03:38:58.634  3363  3376 I art     : Explicit concurrent mark sweep GC freed 3(96B) AllocSpace objects, 0(0B) LOS objects, 29% free, 37MB/53MB, paused 1.502ms total 51.217ms
08-05 03:38:58.648  3363  3376 I art     : Starting a blocking GC Explicit
08-05 03:38:58.700  3363  3376 I art     : Explicit concurrent mark sweep GC freed 3(96B) AllocSpace objects, 0(0B) LOS objects, 29% free, 37MB/53MB, paused 1.464ms total 51.638ms
08-05 03:38:59.003   918  3261 D WifiStateMachine: starting scan for "H369AA63323"WPA_PSK with 2412,5180
08-05 03:38:59.059  3363  3471 I art     : Starting a blocking GC Explicit
08-05 03:38:59.114  3363  3471 I art     : Explicit concurrent mark sweep GC freed 1374(81KB) AllocSpace objects, 1(20KB) LOS objects, 29% free, 37MB/53MB, paused 1.326ms total 54.304ms
08-05 03:38:59.128  3363  3471 I art     : Starting a blocking GC Explicit
08-05 03:38:59.175  3363  3471 I art     : Explicit concurrent mark sweep GC freed 23(752B) AllocSpace objects, 0(0B) LOS objects, 29% free, 37MB/53MB, paused 1.416ms total 47.119ms
08-05 03:38:59.190  3363  3471 I art     : Starting a blocking GC Explicit
08-05 03:38:59.240  3363  3471 I art     : Explicit concurrent mark sweep GC freed 3(96B) AllocSpace objects, 0(0B) LOS objects, 29% free, 37MB/53MB, paused 1.603ms total 50.227ms
08-05 03:38:59.255  3363  3471 I art     : Starting a blocking GC Explicit
08-05 03:38:59.306  3363  3471 I art     : Explicit concurrent mark sweep GC freed 3(96B) AllocSpace objects, 0(0B) LOS objects, 29% free, 37MB/53MB, paused 1.435ms total 51.146ms
08-05 03:38:59.321  3363  3471 I art     : Starting a blocking GC Explicit
08-05 03:38:59.370  3363  3471 I art     : Explicit concurrent mark sweep GC freed 3(96B) AllocSpace objects, 0(0B) LOS objects, 29% free, 37MB/53MB, paused 1.360ms total 49.114ms
08-05 03:38:59.476  5221  5221 I ServiceManager: Waiting for service AtCmdFwd...
08-05 03:38:59.715  3363  3375 I art     : Starting a blocking GC Explicit
08-05 03:38:59.765  3363  3375 I art     : Explicit concurrent mark sweep GC freed 1404(83KB) AllocSpace objects, 1(20KB) LOS objects, 29% free, 37MB/53MB, paused 1.529ms total 49.110ms
08-05 03:38:59.779  3363  3375 I art     : Starting a blocking GC Explicit
08-05 03:38:59.827  3363  3375 I art     : Explicit concurrent mark sweep GC freed 23(752B) AllocSpace objects, 0(0B) LOS objects, 29% free, 37MB/53MB, paused 1.455ms total 47.401ms
08-05 03:38:59.841  3363  3375 I art     : Starting a blocking GC Explicit
08-05 03:38:59.888  3363  3375 I art     : Explicit concurrent mark sweep GC freed 3(96B) AllocSpace objects, 0(0B) LOS objects, 29% free, 37MB/53MB, paused 1.457ms total 46.576ms
08-05 03:38:59.902  3363  3375 I art     : Starting a blocking GC Explicit
08-05 03:38:59.950  3363  3375 I art     : Explicit concurrent mark sweep GC freed 3(96B) AllocSpace objects, 0(0B) LOS objects, 29% free, 37MB/53MB, paused 1.468ms total 47.874ms
08-05 03:38:59.964  3363  3375 I art     : Starting a blocking GC Explicit
08-05 03:39:00.012  3363  3375 I art     : Explicit concurrent mark sweep GC freed 3(96B) AllocSpace objects, 0(0B) LOS objects, 29% free, 37MB/53MB, paused 1.313ms total 47.287ms
08-05 03:39:00.133  5927  5927 D AndroidRuntime: >>>>>> START com.android.internal.os.RuntimeInit uid 2000 <<<<<<
08-05 03:39:00.139  5927  5927 D AndroidRuntime: CheckJNI is OFF
08-05 03:39:00.182  5927  5927 D ICU     : No timezone override file found: /data/misc/zoneinfo/current/icu/icu_tzdata.dat
08-05 03:39:00.225  5927  5927 I Radio-JNI: register_android_hardware_Radio DONE
08-05 03:39:00.254  5927  5927 D AndroidRuntime: Calling main entry com.android.commands.input.Input
08-05 03:39:00.256  5927  5927 I Input   : injectMotionEvent: MotionEvent { action=ACTION_DOWN, actionButton=0, id[0]=0, x[0]=1363.0, y[0]=517.0, toolType[0]=TOOL_TYPE_UNKNOWN, buttonState=0, metaState=0, flags=0x0, edgeFlags=0x0, pointerCount=1, historySize=0, eventTime=761956669, downTime=761956669, deviceId=0, source=0x1002 }
08-05 03:39:00.261  5927  5927 I Input   : injectMotionEvent: MotionEvent { action=ACTION_UP, actionButton=0, id[0]=0, x[0]=1363.0, y[0]=517.0, toolType[0]=TOOL_TYPE_UNKNOWN, buttonState=0, metaState=0, flags=0x0, edgeFlags=0x0, pointerCount=1, historySize=0, eventTime=761956669, downTime=761956669, deviceId=0, source=0x1002 }
08-05 03:39:00.267  5927  5927 D AndroidRuntime: Shutting down VM
08-05 03:39:00.272   918   928 I ActivityManager: START u0 {cmp=baseline.de.danoeh.antennapod.debug/baseline.de.danoeh.antennapod.activity.FeedSettingsActivity (has extras)} from uid 10691 on display 0
08-05 03:39:00.273   512  2967 D audio_hw_primary: out_set_parameters: enter: usecase(1: low-latency-playback) kvpairs: routing=2
08-05 03:39:00.286   512  2967 D audio_hw_primary: select_devices: out_snd_device(2: speaker) in_snd_device(0: none)
08-05 03:39:00.286   512  2967 D msm8974_platform: platform_send_audio_calibration: sending audio calibration for snd_device(2) acdb_id(15)
08-05 03:39:00.286   512  2967 I soundtrigger: audio_extn_sound_trigger_update_device_status: device 0x2 of type 0 for Event 1
08-05 03:39:00.297   512  2967 D audio_hw_primary: enable_snd_device: snd_device(2: speaker)
08-05 03:39:00.299   512  2967 D audio_hw_primary: enable_audio_route: apply and update mixer path: low-latency-playback speaker
08-05 03:39:00.351  3363  3375 I art     : Starting a blocking GC Explicit
08-05 03:39:00.404  3363  3375 I art     : Explicit concurrent mark sweep GC freed 31716(1374KB) AllocSpace objects, 1(20KB) LOS objects, 29% free, 37MB/53MB, paused 2.271ms total 53.334ms
08-05 03:39:00.418  3363  3375 I art     : Starting a blocking GC Explicit
08-05 03:39:00.470  3363  3375 I art     : Explicit concurrent mark sweep GC freed 19597(838KB) AllocSpace objects, 0(0B) LOS objects, 29% free, 38MB/54MB, paused 2.464ms total 51.811ms
08-05 03:39:00.476  5221  5221 I ServiceManager: Waiting for service AtCmdFwd...
08-05 03:39:00.491  3363  3375 I art     : Starting a blocking GC Explicit
08-05 03:39:00.530  3363  3955 D DBReader: getFeed() called with: feedId = [2]
08-05 03:39:00.533  3363  3955 D DBReader: getFeedItemList() called with: feed = [baseline.de.danoeh.antennapod.core.feed.Feed@2]
08-05 03:39:00.538  3363  3375 I art     : Explicit concurrent mark sweep GC freed 1186(121KB) AllocSpace objects, 0(0B) LOS objects, 28% free, 39MB/55MB, paused 1.816ms total 46.974ms
08-05 03:39:00.538  3363  3373 I art     : WaitForGcToComplete blocked for 47.405ms for cause HeapTrim
08-05 03:39:00.555  3363  3375 I art     : Starting a blocking GC Explicit
08-05 03:39:00.607  3363  3375 I art     : Explicit concurrent mark sweep GC freed 3406(117KB) AllocSpace objects, 0(0B) LOS objects, 28% free, 40MB/56MB, paused 1.905ms total 50.989ms
08-05 03:39:00.621  3363  3375 I art     : Starting a blocking GC Explicit
08-05 03:39:00.639  3363  3955 W PodDBAdapter: Length of id array is larger than 800. Creating multiple cursors
08-05 03:39:00.671  3363  3375 I art     : Explicit concurrent mark sweep GC freed 2659(189KB) AllocSpace objects, 1(16KB) LOS objects, 27% free, 41MB/57MB, paused 1.676ms total 50.017ms
08-05 03:39:00.684   918   936 I ActivityManager: Displayed baseline.de.danoeh.antennapod.debug/baseline.de.danoeh.antennapod.activity.FeedSettingsActivity: +404ms
08-05 03:39:00.688 13866 13866 I GoogleInputMethodServic: GoogleInputMethodService.onFinishInput():3138 
08-05 03:39:00.693 13866 13866 I GoogleInputMethodServic: GoogleInputMethodService.onStartInput():1808 
08-05 03:39:00.734  3363  3384 D OpenGLRenderer: endAllStagingAnimators on 0x7f7f17f800 (RippleDrawable) with handle 0x7f7a547e00
08-05 03:39:00.742  3363  4361 D ApOkHttpUrlLoader: buildLoadData() called with: model = [http://static.libsyn.com/p/assets/7/1/f/3/71f3014e14ef2722/JREiTunesImage2.jpg], width = [1440], height = [462]
08-05 03:39:00.748 13866 13866 I GoogleInputMethodServic: GoogleInputMethodService.onStartInput():1808 
08-05 03:39:00.749 13866 13866 W SessionManager: SessionManager.beginSession():53 Try to begin an already begun session [INPUT_SESSION], end it first
08-05 03:39:00.757 13866 13866 I ShortcutsDataManager: ShortcutsDataManager.onContentChanged():89 onContentChanged()
08-05 03:39:00.760  3363  3363 D FeedSettingsActivity: No filter set
08-05 03:39:00.768   918  5481 W IntentResolver: resolveIntent: multiple matches, only some with CATEGORY_DEFAULT
08-05 03:39:00.811   518   646 I ThermalEngine: ACTION: GPU - Setting GPU[0] to 510000000
08-05 03:39:00.840   512  2967 D audio_hw_primary: disable_audio_route: reset and update mixer path: low-latency-playback speaker
08-05 03:39:00.841   512  2967 D audio_hw_primary: disable_snd_device: snd_device(2: speaker)
08-05 03:39:00.851   512  2967 I soundtrigger: audio_extn_sound_trigger_update_device_status: device 0x2 of type 0 for Event 0
08-05 03:39:00.937   380   380 W SurfaceFlinger: couldn't log to binary event log: overflow.
08-05 03:39:00.983  3363  3376 I art     : Starting a blocking GC Explicit
08-05 03:39:01.031  3363  3376 I art     : Explicit concurrent mark sweep GC freed 9669(326KB) AllocSpace objects, 2(36KB) LOS objects, 27% free, 42MB/58MB, paused 1.067ms total 47.239ms
08-05 03:39:01.045  3363  3376 I art     : Starting a blocking GC Explicit
08-05 03:39:01.093  3363  3376 I art     : Explicit concurrent mark sweep GC freed 664(48KB) AllocSpace objects, 0(0B) LOS objects, 27% free, 42MB/58MB, paused 2.225ms total 48.025ms
08-05 03:39:01.093  3363  3363 D PlaybackController: Releasing PlaybackController
08-05 03:39:01.106  3363  3376 I art     : Starting a blocking GC Explicit
08-05 03:39:01.151  3363  3376 I art     : Explicit concurrent mark sweep GC freed 270(15KB) AllocSpace objects, 0(0B) LOS objects, 27% free, 42MB/58MB, paused 1.081ms total 44.797ms
08-05 03:39:01.163  3363  3376 I art     : Starting a blocking GC Explicit
08-05 03:39:01.205  3363  3376 I art     : Explicit concurrent mark sweep GC freed 56(1968B) AllocSpace objects, 0(0B) LOS objects, 27% free, 42MB/58MB, paused 1.142ms total 42.132ms
08-05 03:39:01.217  3363  3376 I art     : Starting a blocking GC Explicit
08-05 03:39:01.260  3363  3376 I art     : Explicit concurrent mark sweep GC freed 29(1120B) AllocSpace objects, 0(0B) LOS objects, 27% free, 42MB/58MB, paused 1.097ms total 42.712ms
08-05 03:39:01.477  5221  5221 W Atfwd_Sendcmd: AtCmdFwd service not published, waiting... retryCnt : 3
08-05 03:39:01.554  3363  3375 I art     : Starting a blocking GC Explicit
08-05 03:39:01.597  3363  3375 I art     : Explicit concurrent mark sweep GC freed 1448(83KB) AllocSpace objects, 1(20KB) LOS objects, 27% free, 42MB/58MB, paused 1.141ms total 43.058ms
08-05 03:39:01.609  3363  3375 I art     : Starting a blocking GC Explicit
08-05 03:39:01.652  3363  3375 I art     : Explicit concurrent mark sweep GC freed 86(3KB) AllocSpace objects, 0(0B) LOS objects, 27% free, 42MB/58MB, paused 1.052ms total 42.369ms
08-05 03:39:01.664  3363  3375 I art     : Starting a blocking GC Explicit
08-05 03:39:01.707  3363  3375 I art     : Explicit concurrent mark sweep GC freed 3(96B) AllocSpace objects, 0(0B) LOS objects, 27% free, 42MB/58MB, paused 1.138ms total 42.989ms
08-05 03:39:01.719  3363  3375 I art     : Starting a blocking GC Explicit
08-05 03:39:01.763  3363  3375 I art     : Explicit concurrent mark sweep GC freed 3(96B) AllocSpace objects, 0(0B) LOS objects, 27% free, 42MB/58MB, paused 998us total 43.752ms
08-05 03:39:01.775  3363  3375 I art     : Starting a blocking GC Explicit
08-05 03:39:01.823  3363  3375 I art     : Explicit concurrent mark sweep GC freed 3(96B) AllocSpace objects, 0(0B) LOS objects, 27% free, 42MB/58MB, paused 1.465ms total 47.831ms
08-05 03:39:02.175  3363  4345 I art     : Starting a blocking GC Explicit
08-05 03:39:02.240  3363  4345 I art     : Explicit concurrent mark sweep GC freed 1389(81KB) AllocSpace objects, 1(20KB) LOS objects, 27% free, 42MB/58MB, paused 1.656ms total 64.622ms
08-05 03:39:02.257  3363  4345 I art     : Starting a blocking GC Explicit
08-05 03:39:02.316  3363  4345 I art     : Explicit concurrent mark sweep GC freed 42(1360B) AllocSpace objects, 0(0B) LOS objects, 27% free, 42MB/58MB, paused 1.569ms total 58.795ms
08-05 03:39:02.333  3363  4345 I art     : Starting a blocking GC Explicit
08-05 03:39:02.393  3363  4345 I art     : Explicit concurrent mark sweep GC freed 19(608B) AllocSpace objects, 0(0B) LOS objects, 27% free, 42MB/58MB, paused 1.384ms total 59.521ms
08-05 03:39:02.410  3363  4345 I art     : Starting a blocking GC Explicit
08-05 03:39:02.472  3363  4345 I art     : Explicit concurrent mark sweep GC freed 39(1088B) AllocSpace objects, 0(0B) LOS objects, 27% free, 42MB/58MB, paused 1.425ms total 61.697ms
08-05 03:39:02.489  3363  4345 I art     : Starting a blocking GC Explicit
08-05 03:39:02.556  3363  4345 I art     : Explicit concurrent mark sweep GC freed 3(96B) AllocSpace objects, 0(0B) LOS objects, 27% free, 42MB/58MB, paused 1.513ms total 67.217ms
08-05 03:39:02.814   518   646 I ThermalEngine: ACTION: GPU - Setting GPU[0] to 450000000
08-05 03:39:02.911  3363  3376 I art     : Starting a blocking GC Explicit
08-05 03:39:02.982  3363  3376 I art     : Explicit concurrent mark sweep GC freed 1373(82KB) AllocSpace objects, 1(20KB) LOS objects, 27% free, 42MB/58MB, paused 1.649ms total 71.222ms
08-05 03:39:03.003  3363  3376 I art     : Starting a blocking GC Explicit
08-05 03:39:03.074  3363  3376 I art     : Explicit concurrent mark sweep GC freed 23(752B) AllocSpace objects, 0(0B) LOS objects, 27% free, 42MB/58MB, paused 1.552ms total 71.126ms
08-05 03:39:03.094  3363  3376 I art     : Starting a blocking GC Explicit
08-05 03:39:03.156  3363  3376 I art     : Explicit concurrent mark sweep GC freed 3(96B) AllocSpace objects, 0(0B) LOS objects, 27% free, 42MB/58MB, paused 1.426ms total 61.742ms
08-05 03:39:03.173  3363  3376 I art     : Starting a blocking GC Explicit
08-05 03:39:03.232  3363  3376 I art     : Explicit concurrent mark sweep GC freed 3(96B) AllocSpace objects, 0(0B) LOS objects, 27% free, 42MB/58MB, paused 1.523ms total 58.735ms
08-05 03:39:03.249  3363  3376 I art     : Starting a blocking GC Explicit
08-05 03:39:03.312  3363  3376 I art     : Explicit concurrent mark sweep GC freed 3(96B) AllocSpace objects, 0(0B) LOS objects, 27% free, 42MB/58MB, paused 1.399ms total 62.873ms
08-05 03:39:03.686  3363  5314 I art     : Starting a blocking GC Explicit
08-05 03:39:03.771  3363  5314 I art     : Explicit concurrent mark sweep GC freed 1404(82KB) AllocSpace objects, 1(20KB) LOS objects, 27% free, 42MB/58MB, paused 1.673ms total 84.726ms
08-05 03:39:03.793  3363  5314 I art     : Starting a blocking GC Explicit
08-05 03:39:03.820   518   646 I ThermalEngine: ACTION: GPU - Setting GPU[0] to 510000000
08-05 03:39:03.855  3363  5314 I art     : Explicit concurrent mark sweep GC freed 23(752B) AllocSpace objects, 0(0B) LOS objects, 27% free, 42MB/58MB, paused 1.562ms total 62.144ms
08-05 03:39:03.870  3363  5314 I art     : Starting a blocking GC Explicit
08-05 03:39:03.920  3363  5314 I art     : Explicit concurrent mark sweep GC freed 3(96B) AllocSpace objects, 0(0B) LOS objects, 27% free, 42MB/58MB, paused 1.109ms total 50.241ms
08-05 03:39:03.934  3363  5314 I art     : Starting a blocking GC Explicit
08-05 03:39:03.983  3363  5314 I art     : Explicit concurrent mark sweep GC freed 3(96B) AllocSpace objects, 0(0B) LOS objects, 27% free, 42MB/58MB, paused 1.130ms total 48.777ms
08-05 03:39:03.996  3363  5314 I art     : Starting a blocking GC Explicit
08-05 03:39:04.047  3363  5314 I art     : Explicit concurrent mark sweep GC freed 3(96B) AllocSpace objects, 0(0B) LOS objects, 27% free, 42MB/58MB, paused 1.259ms total 50.661ms
08-05 03:39:04.388  3363  3471 I art     : Starting a blocking GC Explicit
08-05 03:39:04.450  3363  3471 I art     : Explicit concurrent mark sweep GC freed 2106(107KB) AllocSpace objects, 1(20KB) LOS objects, 27% free, 42MB/58MB, paused 1.219ms total 61.848ms
08-05 03:39:04.469  3363  3471 I art     : Starting a blocking GC Explicit
08-05 03:39:04.518  3363  3471 I art     : Explicit concurrent mark sweep GC freed 23(752B) AllocSpace objects, 0(0B) LOS objects, 27% free, 42MB/58MB, paused 1.175ms total 48.102ms
08-05 03:39:04.531  3363  3471 I art     : Starting a blocking GC Explicit
08-05 03:39:04.573  3363  3471 I art     : Explicit concurrent mark sweep GC freed 3(96B) AllocSpace objects, 0(0B) LOS objects, 27% free, 42MB/58MB, paused 991us total 42.382ms
08-05 03:39:04.586  3363  3471 I art     : Starting a blocking GC Explicit
08-05 03:39:04.633  3363  3471 I art     : Explicit concurrent mark sweep GC freed 3(96B) AllocSpace objects, 0(0B) LOS objects, 27% free, 42MB/58MB, paused 1.152ms total 46.657ms
08-05 03:39:04.646  3363  3471 I art     : Starting a blocking GC Explicit
08-05 03:39:04.694  3363  3471 I art     : Explicit concurrent mark sweep GC freed 3(96B) AllocSpace objects, 0(0B) LOS objects, 27% free, 42MB/58MB, paused 1.086ms total 47.642ms
08-05 03:39:04.942  6026  6026 D AndroidRuntime: >>>>>> START com.android.internal.os.RuntimeInit uid 2000 <<<<<<
08-05 03:39:04.947  6026  6026 D AndroidRuntime: CheckJNI is OFF
08-05 03:39:04.979  6026  6026 D ICU     : No timezone override file found: /data/misc/zoneinfo/current/icu/icu_tzdata.dat
08-05 03:39:05.012  6026  6026 I Radio-JNI: register_android_hardware_Radio DONE
08-05 03:39:05.035  6026  6026 D AndroidRuntime: Calling main entry com.android.commands.input.Input
08-05 03:39:05.036  3363  4345 I art     : Starting a blocking GC Explicit
08-05 03:39:05.036  6026  6026 I Input   : injectKeyEvent: KeyEvent { action=ACTION_DOWN, keyCode=KEYCODE_BACK, scanCode=0, metaState=0, flags=0x0, repeatCount=0, eventTime=761961449, downTime=761961449, deviceId=-1, source=0x101 }
08-05 03:39:05.045  6026  6026 I Input   : injectKeyEvent: KeyEvent { action=ACTION_UP, keyCode=KEYCODE_BACK, scanCode=0, metaState=0, flags=0x0, repeatCount=0, eventTime=761961449, downTime=761961449, deviceId=-1, source=0x101 }
08-05 03:39:05.052  6026  6026 D AndroidRuntime: Shutting down VM
08-05 03:39:05.057  3363  3363 V PlaybackController: initServiceNotRunning()
08-05 03:39:05.057  3363  3363 D ExternalPlayerFragment: Loading media info
08-05 03:39:05.059  3363  3363 D ItemlistFragment: onEventMainThread() called with: event = [DownloadEvent{update=DownloaderUpdate{downloaders=[], feedIds=[], mediaIds=[]}}]
08-05 03:39:05.060  3363  4361 D ApOkHttpUrlLoader: buildLoadData() called with: model = [http://static.libsyn.com/p/assets/7/1/f/3/71f3014e14ef2722/JREiTunesImage2.jpg], width = [1440], height = [462]
08-05 03:39:05.062  3363  3363 D UserPreferences: Using default data folder
08-05 03:39:05.063  3363  3950 D DBReader: getNavDrawerData() called with: 
08-05 03:39:05.064  3363  3955 D DBReader: getFeed() called with: feedId = [2]
08-05 03:39:05.066  3363  3955 D DBReader: getFeedItemList() called with: feed = [baseline.de.danoeh.antennapod.core.feed.Feed@2]
08-05 03:39:05.080  3363  3363 D FeedMenuHandler: Preparing options menu
08-05 03:39:05.085  3363  4345 I art     : Explicit concurrent mark sweep GC freed 3106(165KB) AllocSpace objects, 1(20KB) LOS objects, 26% free, 44MB/60MB, paused 1.617ms total 48.421ms
08-05 03:39:05.090  3363  3950 D DBReader: getDownloadedItems() called
08-05 03:39:05.092  3363  3950 D DBReader: getFavoriteIDList() called
08-05 03:39:05.092  3363  3950 D DBReader: getQueueIDList() called
08-05 03:39:05.093  3363  3950 D DBReader: Extracting Feedlist
08-05 03:39:05.097  3363  4345 I art     : Starting a blocking GC Explicit
08-05 03:39:05.144  3363  3363 D MainActivity: getLastNavFragment() -> 2
08-05 03:39:05.148  3363  4345 I art     : Explicit concurrent mark sweep GC freed 2750(93KB) AllocSpace objects, 0(0B) LOS objects, 25% free, 46MB/62MB, paused 1.962ms total 51.581ms
08-05 03:39:05.150  3363  3955 W PodDBAdapter: Length of id array is larger than 800. Creating multiple cursors
08-05 03:39:05.151 13866 13866 I GoogleInputMethodServic: GoogleInputMethodService.onFinishInput():3138 
08-05 03:39:05.151 13866 13866 I GoogleInputMethodServic: GoogleInputMethodService.onStartInput():1808 
08-05 03:39:05.152 13866 13866 I ShortcutsDataManager: AbstractContentDataManager.startImportContentTask():208 startImportContentTask()
08-05 03:39:05.153 13866 13938 I ShortcutsDataManager: AbstractContentDataManager$ImportContentTask.doInBackground():222 doInBackground()
08-05 03:39:05.153 13866 13938 I PersonalDictionaryDataH: PersonalDictionaryDataHandler.beginProcess():111 LanguageTags = [en-US]
08-05 03:39:05.161  3363  4345 I art     : Starting a blocking GC Explicit
08-05 03:39:05.165 13866 13938 I ShortcutsDataManager: AbstractContentDataManager.importRecords():312 importRecords() : Success : Count = 0
08-05 03:39:05.171 13866 13938 I ShortcutsDataManager: AbstractContentDataManager.importContentData():262 importContentData() : Ending import process
08-05 03:39:05.197 13866 13938 I PersonalLanguageModelUp: PersonalLanguageModelUpdater$UpdateOperation.performInternal():160 run() : Added 0 words and 0 shortcuts
08-05 03:39:05.197 13866 13938 I DynamicLanguageModelOpe: DynamicLanguageModelOperation.perform():37 perform() : 4 : coc : Completed
08-05 03:39:05.197 13866 13950 I Delight5Decoder: Delight5DecoderWrapper.loadLanguageModel():578 loadLanguageModel() : 4, version [n/a]
08-05 03:39:05.197 13866 13866 I ShortcutsDataManager: AbstractContentDataManager$ImportContentTask.onPostExecute():233 onPostExecute() : Result = [2,0]
08-05 03:39:05.197 13866 13866 I ShortcutsDataManager: ShortcutsDataManager.onImportFinished():99 onImportFinished() : Result = 2 : Count = 0
08-05 03:39:05.198 13866 13950 I Delight5Decoder: Delight5DecoderWrapper.loadLanguageModel():616 Loaded dynamic LM 4.en
08-05 03:39:05.208  3363  4345 I art     : Explicit concurrent mark sweep GC freed 3320(278KB) AllocSpace objects, 1(16KB) LOS objects, 25% free, 46MB/62MB, paused 1.457ms total 47.111ms
08-05 03:39:05.216  3363  3955 D DBReader: getFavoriteIDList() called
08-05 03:39:05.217  3363  3955 D DBReader: getQueueIDList() called
08-05 03:39:05.217  3363  3955 D DBReader: Extracting Feedlist
08-05 03:39:05.220  3363  4361 D ApOkHttpUrlLoader: buildLoadData() called with: model = [http://static.libsyn.com/p/assets/7/1/f/3/71f3014e14ef2722/JREiTunesImage2.jpg], width = [1440], height = [462]
08-05 03:39:05.221  3363  4345 I art     : Starting a blocking GC Explicit
08-05 03:39:05.232  3363  3363 D FeedMenuHandler: Preparing options menu
08-05 03:39:05.266  3363  4345 I art     : Explicit concurrent mark sweep GC freed 34696(2MB) AllocSpace objects, 1(16KB) LOS objects, 25% free, 47MB/63MB, paused 1.083ms total 44.429ms
08-05 03:39:05.279  3363  4345 I art     : Starting a blocking GC Explicit
08-05 03:39:05.323  3363  4345 I art     : Explicit concurrent mark sweep GC freed 1386(92KB) AllocSpace objects, 0(0B) LOS objects, 25% free, 47MB/63MB, paused 1.106ms total 43.757ms
08-05 03:39:05.442   380   380 W SurfaceFlinger: couldn't log to binary event log: overflow.
08-05 03:39:05.597  3363  3376 I art     : Starting a blocking GC Explicit
08-05 03:39:05.646  3363  3376 I art     : Explicit concurrent mark sweep GC freed 2067(110KB) AllocSpace objects, 1(20KB) LOS objects, 25% free, 47MB/63MB, paused 1.178ms total 48.466ms
08-05 03:39:05.646  3363  3373 I art     : WaitForGcToComplete blocked for 38.675ms for cause HeapTrim
08-05 03:39:05.659  3363  3376 I art     : Starting a blocking GC Explicit
08-05 03:39:05.701  3363  3376 I art     : Explicit concurrent mark sweep GC freed 34785(2MB) AllocSpace objects, 44(2MB) LOS objects, 27% free, 42MB/58MB, paused 1.205ms total 41.987ms
08-05 03:39:05.712  3363  3376 I art     : Starting a blocking GC Explicit
08-05 03:39:05.751  3363  3376 I art     : Explicit concurrent mark sweep GC freed 3(96B) AllocSpace objects, 0(0B) LOS objects, 27% free, 42MB/58MB, paused 1.199ms total 38.108ms
08-05 03:39:05.762  3363  3376 I art     : Starting a blocking GC Explicit
08-05 03:39:05.802  3363  3376 I art     : Explicit concurrent mark sweep GC freed 3(96B) AllocSpace objects, 0(0B) LOS objects, 27% free, 42MB/58MB, paused 1.148ms total 39.241ms
08-05 03:39:05.813  3363  3376 I art     : Starting a blocking GC Explicit
08-05 03:39:05.853  3363  3376 I art     : Explicit concurrent mark sweep GC freed 3(96B) AllocSpace objects, 0(0B) LOS objects, 27% free, 42MB/58MB, paused 1.126ms total 39.526ms
08-05 03:39:06.169  3363  3375 I art     : Starting a blocking GC Explicit
08-05 03:39:06.222  3363  3375 I art     : Explicit concurrent mark sweep GC freed 1374(81KB) AllocSpace objects, 1(20KB) LOS objects, 27% free, 42MB/58MB, paused 1.225ms total 51.907ms
08-05 03:39:06.236  3363  3375 I art     : Starting a blocking GC Explicit
08-05 03:39:06.276  3363  3375 I art     : Explicit concurrent mark sweep GC freed 23(752B) AllocSpace objects, 0(0B) LOS objects, 27% free, 42MB/58MB, paused 1.126ms total 39.574ms
08-05 03:39:06.288  3363  3375 I art     : Starting a blocking GC Explicit
08-05 03:39:06.325  3363  3375 I art     : Explicit concurrent mark sweep GC freed 3(96B) AllocSpace objects, 0(0B) LOS objects, 27% free, 42MB/58MB, paused 1.108ms total 36.326ms
08-05 03:39:06.335  3363  3375 I art     : Starting a blocking GC Explicit
08-05 03:39:06.371  3363  3375 I art     : Explicit concurrent mark sweep GC freed 3(96B) AllocSpace objects, 0(0B) LOS objects, 27% free, 42MB/58MB, paused 1.106ms total 35.346ms
08-05 03:39:06.382  3363  3375 I art     : Starting a blocking GC Explicit
08-05 03:39:06.419  3363  3375 I art     : Explicit concurrent mark sweep GC freed 3(96B) AllocSpace objects, 0(0B) LOS objects, 27% free, 42MB/58MB, paused 1.145ms total 36.970ms
08-05 03:39:06.714  6070  6070 D AndroidRuntime: >>>>>> START com.android.internal.os.RuntimeInit uid 2000 <<<<<<
08-05 03:39:06.722  6070  6070 D AndroidRuntime: CheckJNI is OFF
08-05 03:39:06.731  3363  5314 I art     : Starting a blocking GC Explicit
08-05 03:39:06.760  6070  6070 D ICU     : No timezone override file found: /data/misc/zoneinfo/current/icu/icu_tzdata.dat
08-05 03:39:06.772  3363  5314 I art     : Explicit concurrent mark sweep GC freed 1413(83KB) AllocSpace objects, 1(20KB) LOS objects, 27% free, 42MB/58MB, paused 1.688ms total 40.512ms
08-05 03:39:06.783  3363  5314 I art     : Starting a blocking GC Explicit
08-05 03:39:06.794  6070  6070 I Radio-JNI: register_android_hardware_Radio DONE
08-05 03:39:06.817  6070  6070 D AndroidRuntime: Calling main entry com.android.commands.input.Input
08-05 03:39:06.817  3363  5314 I art     : Explicit concurrent mark sweep GC freed 29(944B) AllocSpace objects, 0(0B) LOS objects, 27% free, 42MB/58MB, paused 1.281ms total 34.493ms
08-05 03:39:06.820  6070  6070 I Input   : injectMotionEvent: MotionEvent { action=ACTION_DOWN, actionButton=0, id[0]=0, x[0]=1372.0, y[0]=384.0, toolType[0]=TOOL_TYPE_UNKNOWN, buttonState=0, metaState=0, flags=0x0, edgeFlags=0x0, pointerCount=1, historySize=0, eventTime=761963232, downTime=761963232, deviceId=0, source=0x1002 }
08-05 03:39:06.825  6070  6070 I Input   : injectMotionEvent: MotionEvent { action=ACTION_UP, actionButton=0, id[0]=0, x[0]=1372.0, y[0]=384.0, toolType[0]=TOOL_TYPE_UNKNOWN, buttonState=0, metaState=0, flags=0x0, edgeFlags=0x0, pointerCount=1, historySize=0, eventTime=761963232, downTime=761963232, deviceId=0, source=0x1002 }
08-05 03:39:06.827  6070  6070 D AndroidRuntime: Shutting down VM
08-05 03:39:06.828  3363  5314 I art     : Starting a blocking GC Explicit
08-05 03:39:06.834   512  2967 D audio_hw_primary: out_set_parameters: enter: usecase(1: low-latency-playback) kvpairs: routing=2
08-05 03:39:06.835   918  6111 I ActivityManager: START u0 {cmp=baseline.de.danoeh.antennapod.debug/baseline.de.danoeh.antennapod.activity.FeedInfoActivity (has extras)} from uid 10691 on display 0
08-05 03:39:06.847   512  2967 D audio_hw_primary: select_devices: out_snd_device(2: speaker) in_snd_device(0: none)
08-05 03:39:06.847   512  2967 D msm8974_platform: platform_send_audio_calibration: sending audio calibration for snd_device(2) acdb_id(15)
08-05 03:39:06.847   512  2967 I soundtrigger: audio_extn_sound_trigger_update_device_status: device 0x2 of type 0 for Event 1
08-05 03:39:06.858   512  2967 D audio_hw_primary: enable_snd_device: snd_device(2: speaker)
08-05 03:39:06.861   512  2967 D audio_hw_primary: enable_audio_route: apply and update mixer path: low-latency-playback speaker
08-05 03:39:06.866  3363  5314 I art     : Explicit concurrent mark sweep GC freed 353(21KB) AllocSpace objects, 0(0B) LOS objects, 27% free, 42MB/58MB, paused 1.393ms total 37.984ms
08-05 03:39:06.878  3363  5314 I art     : Starting a blocking GC Explicit
08-05 03:39:06.889  3363  3959 D DBReader: getFeed() called with: feedId = [2]
08-05 03:39:06.889  3363  3959 D DBReader: getFeedItemList() called with: feed = [baseline.de.danoeh.antennapod.core.feed.Feed@2]
08-05 03:39:06.896  3363  3363 D androidx.gridlayout.widget.GridLayout: horizontal constraints: x2-x0>=1328, x2-x1<=0, x1-x0<=242 are inconsistent; permanently removing: x2-x1<=0. 
08-05 03:39:06.897  3363  3363 D androidx.gridlayout.widget.GridLayout: vertical constraints: y3-y2>=80, y3-y2<=66, y2-y1<=94, y1-y0<=94 are inconsistent; permanently removing: y3-y2<=66. 
08-05 03:39:06.915  3363  5314 I art     : Explicit concurrent mark sweep GC freed 2876(148KB) AllocSpace objects, 0(0B) LOS objects, 27% free, 43MB/59MB, paused 1.541ms total 37.045ms
08-05 03:39:06.926  3363  5314 I art     : Starting a blocking GC Explicit
08-05 03:39:06.958   918   936 I ActivityManager: Displayed baseline.de.danoeh.antennapod.debug/baseline.de.danoeh.antennapod.activity.FeedInfoActivity: +114ms
08-05 03:39:06.959 13866 13866 I GoogleInputMethodServic: GoogleInputMethodService.onFinishInput():3138 
08-05 03:39:06.963 13866 13866 I GoogleInputMethodServic: GoogleInputMethodService.onStartInput():1808 
08-05 03:39:06.970  3363  3959 W PodDBAdapter: Length of id array is larger than 800. Creating multiple cursors
08-05 03:39:06.970  3363  5314 I art     : Explicit concurrent mark sweep GC freed 2854(89KB) AllocSpace objects, 0(0B) LOS objects, 26% free, 44MB/60MB, paused 1.744ms total 43.731ms
08-05 03:39:06.983  3363  3384 D OpenGLRenderer: endAllStagingAnimators on 0x7f7f17f400 (RippleDrawable) with handle 0x7f7a043aa0
08-05 03:39:07.033  3363  3363 D FeedInfoActivity: Language is en
08-05 03:39:07.033  3363  3363 D FeedInfoActivity: Author is Joe Rogan
08-05 03:39:07.033  3363  3363 D FeedInfoActivity: URL is http://joeroganexp.joerogan.libsynpro.com/rss
08-05 03:39:07.038  3363  4361 D ApOkHttpUrlLoader: buildLoadData() called with: model = [http://static.libsyn.com/p/assets/7/1/f/3/71f3014e14ef2722/JREiTunesImage2.jpg], width = [1440], height = [462]
08-05 03:39:07.046   918  6111 W IntentResolver: resolveIntent: multiple matches, only some with CATEGORY_DEFAULT
08-05 03:39:07.052  3363  3363 D androidx.gridlayout.widget.GridLayout: horizontal constraints: x2-x0>=1328, x2-x1<=232, x1-x0<=242 are inconsistent; permanently removing: x2-x1<=232. 
08-05 03:39:07.052  3363  3363 D androidx.gridlayout.widget.GridLayout: vertical constraints: y3-y2>=80, y3-y2<=66, y2-y1<=94, y1-y0<=94 are inconsistent; permanently removing: y3-y2<=66. 
08-05 03:39:07.211   380   380 W SurfaceFlinger: couldn't log to binary event log: overflow.
08-05 03:39:07.250  3363  3376 I art     : Starting a blocking GC Explicit
08-05 03:39:07.291  3363  3376 I art     : Explicit concurrent mark sweep GC freed 9661(420KB) AllocSpace objects, 3(52KB) LOS objects, 25% free, 47MB/63MB, paused 1.065ms total 41.070ms
08-05 03:39:07.305  3363  3376 I art     : Starting a blocking GC Explicit
08-05 03:39:07.349  3363  3376 I art     : Explicit concurrent mark sweep GC freed 362(25KB) AllocSpace objects, 0(0B) LOS objects, 25% free, 47MB/63MB, paused 1.324ms total 43.862ms
08-05 03:39:07.353  3363  3363 D PlaybackController: Releasing PlaybackController
08-05 03:39:07.364  3363  3376 I art     : Starting a blocking GC Explicit
08-05 03:39:07.389   512  2967 D audio_hw_primary: disable_audio_route: reset and update mixer path: low-latency-playback speaker
08-05 03:39:07.390   512  2967 D audio_hw_primary: disable_snd_device: snd_device(2: speaker)
08-05 03:39:07.398   512  2967 I soundtrigger: audio_extn_sound_trigger_update_device_status: device 0x2 of type 0 for Event 0
08-05 03:39:07.404  3363  3376 I art     : Explicit concurrent mark sweep GC freed 294(14KB) AllocSpace objects, 0(0B) LOS objects, 25% free, 47MB/63MB, paused 984us total 39.914ms
08-05 03:39:07.415  3363  3376 I art     : Starting a blocking GC Explicit
08-05 03:39:07.456  3363  3376 I art     : Explicit concurrent mark sweep GC freed 66(1984B) AllocSpace objects, 0(0B) LOS objects, 25% free, 47MB/63MB, paused 1.076ms total 40.774ms
08-05 03:39:07.468  3363  3376 I art     : Starting a blocking GC Explicit
08-05 03:39:07.509  3363  3376 I art     : Explicit concurrent mark sweep GC freed 3(96B) AllocSpace objects, 0(0B) LOS objects, 25% free, 47MB/63MB, paused 1.050ms total 40.736ms
08-05 03:39:07.807  3363  5314 I art     : Starting a blocking GC Explicit
08-05 03:39:07.828   518   646 I ThermalEngine: ACTION: GPU - Setting GPU[0] to 450000000
08-05 03:39:07.860  3363  5314 I art     : Explicit concurrent mark sweep GC freed 1373(82KB) AllocSpace objects, 1(20KB) LOS objects, 25% free, 47MB/63MB, paused 1.559ms total 52.723ms
08-05 03:39:07.877  3363  5314 I art     : Starting a blocking GC Explicit
08-05 03:39:07.935  3363  5314 I art     : Explicit concurrent mark sweep GC freed 23(752B) AllocSpace objects, 0(0B) LOS objects, 25% free, 47MB/63MB, paused 1.627ms total 58.043ms
08-05 03:39:07.951  3363  5314 I art     : Starting a blocking GC Explicit
08-05 03:39:08.012  3363  5314 I art     : Explicit concurrent mark sweep GC freed 3(96B) AllocSpace objects, 0(0B) LOS objects, 25% free, 47MB/63MB, paused 1.493ms total 60.035ms
08-05 03:39:08.028  3363  5314 I art     : Starting a blocking GC Explicit
08-05 03:39:08.087  3363  5314 I art     : Explicit concurrent mark sweep GC freed 3(96B) AllocSpace objects, 0(0B) LOS objects, 25% free, 47MB/63MB, paused 1.581ms total 58.660ms
08-05 03:39:08.104  3363  5314 I art     : Starting a blocking GC Explicit
08-05 03:39:08.162  3363  5314 I art     : Explicit concurrent mark sweep GC freed 3(96B) AllocSpace objects, 0(0B) LOS objects, 25% free, 47MB/63MB, paused 1.438ms total 57.919ms
08-05 03:39:08.491  3363  3375 I art     : Starting a blocking GC Explicit
08-05 03:39:08.565  3363  3375 I art     : Explicit concurrent mark sweep GC freed 1408(81KB) AllocSpace objects, 1(20KB) LOS objects, 25% free, 47MB/63MB, paused 1.491ms total 73.193ms
08-05 03:39:08.583  3363  3375 I art     : Starting a blocking GC Explicit
08-05 03:39:08.639  3363  3375 I art     : Explicit concurrent mark sweep GC freed 32(1040B) AllocSpace objects, 0(0B) LOS objects, 25% free, 47MB/63MB, paused 2.027ms total 56.123ms
08-05 03:39:08.656  3363  3375 I art     : Starting a blocking GC Explicit
08-05 03:39:08.716  3363  3375 I art     : Explicit concurrent mark sweep GC freed 13(416B) AllocSpace objects, 0(0B) LOS objects, 25% free, 47MB/63MB, paused 1.405ms total 60.167ms
08-05 03:39:08.735  3363  3375 I art     : Starting a blocking GC Explicit
08-05 03:39:08.793  3363  3375 I art     : Explicit concurrent mark sweep GC freed 6(192B) AllocSpace objects, 0(0B) LOS objects, 25% free, 47MB/63MB, paused 1.535ms total 58.269ms
08-05 03:39:08.810  3363  3375 I art     : Starting a blocking GC Explicit
08-05 03:39:08.875  3363  3375 I art     : Explicit concurrent mark sweep GC freed 3(96B) AllocSpace objects, 0(0B) LOS objects, 25% free, 47MB/63MB, paused 1.383ms total 64.320ms
08-05 03:39:09.262  3363  3471 I art     : Starting a blocking GC Explicit
08-05 03:39:09.332  3363  3471 I art     : Explicit concurrent mark sweep GC freed 1372(80KB) AllocSpace objects, 1(20KB) LOS objects, 25% free, 47MB/63MB, paused 1.659ms total 69.807ms
08-05 03:39:09.354  3363  3471 I art     : Starting a blocking GC Explicit
08-05 03:39:09.418  3363  3471 I art     : Explicit concurrent mark sweep GC freed 23(752B) AllocSpace objects, 0(0B) LOS objects, 25% free, 47MB/63MB, paused 1.738ms total 63.567ms
08-05 03:39:09.435  3363  3471 I art     : Starting a blocking GC Explicit
08-05 03:39:09.506  3363  3471 I art     : Explicit concurrent mark sweep GC freed 34(928B) AllocSpace objects, 0(0B) LOS objects, 25% free, 47MB/63MB, paused 1.938ms total 70.978ms
08-05 03:39:09.527  3363  3471 I art     : Starting a blocking GC Explicit
08-05 03:39:09.593  3363  3471 I art     : Explicit concurrent mark sweep GC freed 3(96B) AllocSpace objects, 0(0B) LOS objects, 25% free, 47MB/63MB, paused 1.553ms total 66.361ms
08-05 03:39:09.611  3363  3471 I art     : Starting a blocking GC Explicit
08-05 03:39:09.674  3363  3471 I art     : Explicit concurrent mark sweep GC freed 3(96B) AllocSpace objects, 0(0B) LOS objects, 25% free, 47MB/63MB, paused 1.549ms total 63.298ms
08-05 03:39:10.028  3363  5314 I art     : Starting a blocking GC Explicit
08-05 03:39:10.111  3363  5314 I art     : Explicit concurrent mark sweep GC freed 1373(82KB) AllocSpace objects, 1(20KB) LOS objects, 25% free, 47MB/63MB, paused 1.769ms total 82.015ms
08-05 03:39:10.132  3363  5314 I art     : Starting a blocking GC Explicit
08-05 03:39:10.191  3363  5314 I art     : Explicit concurrent mark sweep GC freed 23(752B) AllocSpace objects, 0(0B) LOS objects, 25% free, 47MB/63MB, paused 1.442ms total 59.398ms
08-05 03:39:10.208  3363  5314 I art     : Starting a blocking GC Explicit
08-05 03:39:10.270  3363  5314 I art     : Explicit concurrent mark sweep GC freed 3(96B) AllocSpace objects, 0(0B) LOS objects, 25% free, 47MB/63MB, paused 1.568ms total 61.267ms
08-05 03:39:10.287  3363  5314 I art     : Starting a blocking GC Explicit
08-05 03:39:10.354  3363  5314 I art     : Explicit concurrent mark sweep GC freed 3(96B) AllocSpace objects, 0(0B) LOS objects, 25% free, 47MB/63MB, paused 1.672ms total 67.197ms
08-05 03:39:10.375  3363  5314 I art     : Starting a blocking GC Explicit
08-05 03:39:10.439  3363  5314 I art     : Explicit concurrent mark sweep GC freed 34(928B) AllocSpace objects, 0(0B) LOS objects, 25% free, 47MB/63MB, paused 1.634ms total 64.314ms
08-05 03:39:10.741  3363  4345 I art     : Starting a blocking GC Explicit
08-05 03:39:10.799  3363  4345 I art     : Explicit concurrent mark sweep GC freed 1373(81KB) AllocSpace objects, 1(20KB) LOS objects, 25% free, 47MB/63MB, paused 1.573ms total 57.826ms
08-05 03:39:10.815  3363  4345 I art     : Starting a blocking GC Explicit
08-05 03:39:10.832   518   646 I ThermalEngine: ACTION: GPU - Setting GPU[0] to 510000000
08-05 03:39:10.874  3363  4345 I art     : Explicit concurrent mark sweep GC freed 23(752B) AllocSpace objects, 0(0B) LOS objects, 25% free, 47MB/63MB, paused 1.171ms total 58.075ms
08-05 03:39:10.888  3363  4345 I art     : Starting a blocking GC Explicit
08-05 03:39:10.934  3363  4345 I art     : Explicit concurrent mark sweep GC freed 11(416B) AllocSpace objects, 0(0B) LOS objects, 25% free, 47MB/63MB, paused 1.118ms total 45.782ms
08-05 03:39:10.947  3363  4345 I art     : Starting a blocking GC Explicit
08-05 03:39:10.996  3363  4345 I art     : Explicit concurrent mark sweep GC freed 3(96B) AllocSpace objects, 0(0B) LOS objects, 25% free, 47MB/63MB, paused 1.105ms total 48.748ms
08-05 03:39:11.009  3363  4345 I art     : Starting a blocking GC Explicit
08-05 03:39:11.058  3363  4345 I art     : Explicit concurrent mark sweep GC freed 3(96B) AllocSpace objects, 0(0B) LOS objects, 25% free, 47MB/63MB, paused 1.075ms total 48.898ms
08-05 03:39:11.342  3363  3471 I art     : Starting a blocking GC Explicit
08-05 03:39:11.396  3363  3471 I art     : Explicit concurrent mark sweep GC freed 2075(106KB) AllocSpace objects, 1(20KB) LOS objects, 25% free, 47MB/63MB, paused 1.159ms total 53.391ms
08-05 03:39:11.409  3363  3471 I art     : Starting a blocking GC Explicit
08-05 03:39:11.455  3363  3471 I art     : Explicit concurrent mark sweep GC freed 54(1584B) AllocSpace objects, 0(0B) LOS objects, 25% free, 47MB/63MB, paused 1.137ms total 46.260ms
08-05 03:39:11.468  3363  3471 I art     : Starting a blocking GC Explicit
08-05 03:39:11.513  6157  6157 D AndroidRuntime: >>>>>> START com.android.internal.os.RuntimeInit uid 2000 <<<<<<
08-05 03:39:11.515  3363  3471 I art     : Explicit concurrent mark sweep GC freed 3(96B) AllocSpace objects, 0(0B) LOS objects, 25% free, 47MB/63MB, paused 1.251ms total 46.213ms
08-05 03:39:11.518  6157  6157 D AndroidRuntime: CheckJNI is OFF
08-05 03:39:11.528  3363  3471 I art     : Starting a blocking GC Explicit
08-05 03:39:11.553  6157  6157 D ICU     : No timezone override file found: /data/misc/zoneinfo/current/icu/icu_tzdata.dat
08-05 03:39:11.573  3363  3471 I art     : Explicit concurrent mark sweep GC freed 3(96B) AllocSpace objects, 0(0B) LOS objects, 25% free, 47MB/63MB, paused 1.202ms total 44.971ms
08-05 03:39:11.585  3363  3471 I art     : Starting a blocking GC Explicit
08-05 03:39:11.587  6157  6157 I Radio-JNI: register_android_hardware_Radio DONE
08-05 03:39:11.610  6157  6157 D AndroidRuntime: Calling main entry com.android.commands.input.Input
08-05 03:39:11.611  6157  6157 I Input   : injectKeyEvent: KeyEvent { action=ACTION_DOWN, keyCode=KEYCODE_BACK, scanCode=0, metaState=0, flags=0x0, repeatCount=0, eventTime=761968024, downTime=761968024, deviceId=-1, source=0x101 }
08-05 03:39:11.617  6157  6157 I Input   : injectKeyEvent: KeyEvent { action=ACTION_UP, keyCode=KEYCODE_BACK, scanCode=0, metaState=0, flags=0x0, repeatCount=0, eventTime=761968024, downTime=761968024, deviceId=-1, source=0x101 }
08-05 03:39:11.623  6157  6157 D AndroidRuntime: Shutting down VM
08-05 03:39:11.627  3363  3471 I art     : Explicit concurrent mark sweep GC freed 25(1088B) AllocSpace objects, 0(0B) LOS objects, 25% free, 47MB/63MB, paused 1.337ms total 41.872ms
08-05 03:39:11.629  3363  3363 V PlaybackController: initServiceNotRunning()
08-05 03:39:11.629  3363  3363 D ExternalPlayerFragment: Loading media info
08-05 03:39:11.631  3363  3363 D ItemlistFragment: onEventMainThread() called with: event = [DownloadEvent{update=DownloaderUpdate{downloaders=[], feedIds=[], mediaIds=[]}}]
08-05 03:39:11.632  3363  4361 D ApOkHttpUrlLoader: buildLoadData() called with: model = [http://static.libsyn.com/p/assets/7/1/f/3/71f3014e14ef2722/JREiTunesImage2.jpg], width = [1440], height = [462]
08-05 03:39:11.634  3363  3363 D UserPreferences: Using default data folder
08-05 03:39:11.635  3363  3955 D DBReader: getNavDrawerData() called with: 
08-05 03:39:11.635  3363  3959 D DBReader: getFeed() called with: feedId = [2]
08-05 03:39:11.638  3363  3959 D DBReader: getFeedItemList() called with: feed = [baseline.de.danoeh.antennapod.core.feed.Feed@2]
08-05 03:39:11.645  3363  3363 D FeedMenuHandler: Preparing options menu
08-05 03:39:11.658  3363  3955 D DBReader: getDownloadedItems() called
08-05 03:39:11.659  3363  3955 D DBReader: getFavoriteIDList() called
08-05 03:39:11.659  3363  3955 D DBReader: getQueueIDList() called
08-05 03:39:11.659  3363  3955 D DBReader: Extracting Feedlist
08-05 03:39:11.683  3363  3363 D MainActivity: getLastNavFragment() -> 2
08-05 03:39:11.684 13866 13866 I GoogleInputMethodServic: GoogleInputMethodService.onFinishInput():3138 
08-05 03:39:11.684 13866 13866 I GoogleInputMethodServic: GoogleInputMethodService.onStartInput():1808 
08-05 03:39:11.717  3363  3959 W PodDBAdapter: Length of id array is larger than 800. Creating multiple cursors
08-05 03:39:11.780  3363  3959 D DBReader: getFavoriteIDList() called
08-05 03:39:11.781  3363  3959 D DBReader: getQueueIDList() called
08-05 03:39:11.782  3363  3959 D DBReader: Extracting Feedlist
08-05 03:39:11.785  3363  4361 D ApOkHttpUrlLoader: buildLoadData() called with: model = [http://static.libsyn.com/p/assets/7/1/f/3/71f3014e14ef2722/JREiTunesImage2.jpg], width = [1440], height = [462]
08-05 03:39:11.805  3363  3363 D FeedMenuHandler: Preparing options menu
08-05 03:39:11.892  3363  5314 I art     : Starting a blocking GC Explicit
08-05 03:39:11.957  3363  5314 I art     : Explicit concurrent mark sweep GC freed 42522(2MB) AllocSpace objects, 3(52KB) LOS objects, 23% free, 52MB/68MB, paused 1.151ms total 64.853ms
08-05 03:39:11.972  3363  5314 I art     : Starting a blocking GC Explicit
08-05 03:39:11.983   380   380 W SurfaceFlinger: couldn't log to binary event log: overflow.
08-05 03:39:12.018  3363  5314 I art     : Explicit concurrent mark sweep GC freed 2916(179KB) AllocSpace objects, 0(0B) LOS objects, 23% free, 52MB/68MB, paused 1.115ms total 45.978ms
08-05 03:39:12.032  3363  5314 I art     : Starting a blocking GC Explicit
08-05 03:39:12.072  3363  5314 I art     : Explicit concurrent mark sweep GC freed 123(4KB) AllocSpace objects, 0(0B) LOS objects, 23% free, 52MB/68MB, paused 1.102ms total 40.403ms
08-05 03:39:12.085  3363  5314 I art     : Starting a blocking GC Explicit
08-05 03:39:12.125  3363  5314 I art     : Explicit concurrent mark sweep GC freed 29243(2MB) AllocSpace objects, 3(84KB) LOS objects, 24% free, 50MB/66MB, paused 1.126ms total 39.575ms
08-05 03:39:12.137  3363  5314 I art     : Starting a blocking GC Explicit
08-05 03:39:12.175  3363  5314 I art     : Explicit concurrent mark sweep GC freed 3(96B) AllocSpace objects, 0(0B) LOS objects, 24% free, 50MB/66MB, paused 1.128ms total 37.719ms
08-05 03:39:12.496  3363  4345 I art     : Starting a blocking GC Explicit
08-05 03:39:12.547  3363  4345 I art     : Explicit concurrent mark sweep GC freed 1404(82KB) AllocSpace objects, 1(20KB) LOS objects, 24% free, 50MB/66MB, paused 1.252ms total 50.327ms
08-05 03:39:12.561  3363  4345 I art     : Starting a blocking GC Explicit
08-05 03:39:12.600  3363  4345 I art     : Explicit concurrent mark sweep GC freed 23(752B) AllocSpace objects, 0(0B) LOS objects, 24% free, 50MB/66MB, paused 1.174ms total 39.095ms
08-05 03:39:12.612  3363  4345 I art     : Starting a blocking GC Explicit
08-05 03:39:12.650  3363  4345 I art     : Explicit concurrent mark sweep GC freed 3(96B) AllocSpace objects, 0(0B) LOS objects, 24% free, 50MB/66MB, paused 1.133ms total 38.608ms
08-05 03:39:12.662  3363  4345 I art     : Starting a blocking GC Explicit
08-05 03:39:12.701  3363  4345 I art     : Explicit concurrent mark sweep GC freed 3(96B) AllocSpace objects, 0(0B) LOS objects, 24% free, 50MB/66MB, paused 1.154ms total 38.821ms
08-05 03:39:12.713  3363  4345 I art     : Starting a blocking GC Explicit
08-05 03:39:12.752  3363  4345 I art     : Explicit concurrent mark sweep GC freed 3(96B) AllocSpace objects, 0(0B) LOS objects, 24% free, 50MB/66MB, paused 1.126ms total 39.094ms
08-05 03:39:13.033  3363  3375 I art     : Starting a blocking GC Explicit
08-05 03:39:13.072  3363  3375 I art     : Explicit concurrent mark sweep GC freed 1374(81KB) AllocSpace objects, 1(20KB) LOS objects, 24% free, 50MB/66MB, paused 1.151ms total 38.744ms
08-05 03:39:13.084  3363  3375 I art     : Starting a blocking GC Explicit
08-05 03:39:13.120  3363  3375 I art     : Explicit concurrent mark sweep GC freed 23(752B) AllocSpace objects, 0(0B) LOS objects, 24% free, 50MB/66MB, paused 1.110ms total 35.637ms
08-05 03:39:13.131  3363  3375 I art     : Starting a blocking GC Explicit
08-05 03:39:13.168  3363  3375 I art     : Explicit concurrent mark sweep GC freed 3(96B) AllocSpace objects, 0(0B) LOS objects, 24% free, 50MB/66MB, paused 1.242ms total 36.896ms
08-05 03:39:13.179  3363  3375 I art     : Starting a blocking GC Explicit
08-05 03:39:13.217  3363  3375 I art     : Explicit concurrent mark sweep GC freed 3(96B) AllocSpace objects, 0(0B) LOS objects, 24% free, 50MB/66MB, paused 1.106ms total 37.134ms
08-05 03:39:13.228  3363  3375 I art     : Starting a blocking GC Explicit
08-05 03:39:13.265  3363  3375 I art     : Explicit concurrent mark sweep GC freed 3(96B) AllocSpace objects, 0(0B) LOS objects, 24% free, 50MB/66MB, paused 1.154ms total 37.257ms
08-05 03:39:13.307  6200  6200 D AndroidRuntime: >>>>>> START com.android.internal.os.RuntimeInit uid 2000 <<<<<<
08-05 03:39:13.312  6200  6200 D AndroidRuntime: CheckJNI is OFF
08-05 03:39:13.347  6200  6200 D ICU     : No timezone override file found: /data/misc/zoneinfo/current/icu/icu_tzdata.dat
08-05 03:39:13.381  6200  6200 I Radio-JNI: register_android_hardware_Radio DONE
08-05 03:39:13.404  6200  6200 D AndroidRuntime: Calling main entry com.android.commands.input.Input
08-05 03:39:13.405  6200  6200 I Input   : injectMotionEvent: MotionEvent { action=ACTION_DOWN, actionButton=0, id[0]=0, x[0]=733.0, y[0]=896.0, toolType[0]=TOOL_TYPE_UNKNOWN, buttonState=0, metaState=0, flags=0x0, edgeFlags=0x0, pointerCount=1, historySize=0, eventTime=761969818, downTime=761969818, deviceId=0, source=0x1002 }
08-05 03:39:13.412  6200  6200 I Input   : injectMotionEvent: MotionEvent { action=ACTION_UP, actionButton=0, id[0]=0, x[0]=733.0, y[0]=896.0, toolType[0]=TOOL_TYPE_UNKNOWN, buttonState=0, metaState=0, flags=0x0, edgeFlags=0x0, pointerCount=1, historySize=0, eventTime=761969818, downTime=761969818, deviceId=0, source=0x1002 }
08-05 03:39:13.414  6200  6200 D AndroidRuntime: Shutting down VM
08-05 03:39:13.487   512  2967 D audio_hw_primary: out_set_parameters: enter: usecase(1: low-latency-playback) kvpairs: routing=2
08-05 03:39:13.500   512  2967 D audio_hw_primary: select_devices: out_snd_device(2: speaker) in_snd_device(0: none)
08-05 03:39:13.500   512  2967 D msm8974_platform: platform_send_audio_calibration: sending audio calibration for snd_device(2) acdb_id(15)
08-05 03:39:13.500   512  2967 I soundtrigger: audio_extn_sound_trigger_update_device_status: device 0x2 of type 0 for Event 1
08-05 03:39:13.509   512  2967 D audio_hw_primary: enable_snd_device: snd_device(2: speaker)
08-05 03:39:13.512   512  2967 D audio_hw_primary: enable_audio_route: apply and update mixer path: low-latency-playback speaker
08-05 03:39:13.518  3363  3363 I WebViewFactory: Loading com.google.android.webview version 84.0.4147.89 (code 414708953)
08-05 03:39:13.563  3363  3471 I art     : Starting a blocking GC Explicit
08-05 03:39:13.604  3363  3471 I art     : Explicit concurrent mark sweep GC freed 5692(415KB) AllocSpace objects, 1(20KB) LOS objects, 23% free, 51MB/67MB, paused 1.614ms total 41.301ms
08-05 03:39:13.611  3363  3363 I cr_LibraryLoader: Loaded native library version number "84.0.4147.89"
08-05 03:39:13.612  3363  3363 I cr_CachingUmaRecorder: Flushed 5 samples from 5 histograms.
08-05 03:39:13.615  3363  3471 I art     : Starting a blocking GC Explicit
08-05 03:39:13.645  3363  3363 E chromium: [ERROR:filesystem_posix.cc(62)] mkdir /data/user/0/baseline.de.danoeh.antennapod.debug/cache/WebView/Crashpad: No such file or directory (2)
08-05 03:39:13.656  3363  3471 I art     : Explicit concurrent mark sweep GC freed 1652(221KB) AllocSpace objects, 2(40KB) LOS objects, 23% free, 51MB/67MB, paused 1.701ms total 41.171ms
08-05 03:39:13.669  3363  3471 I art     : Starting a blocking GC Explicit
08-05 03:39:13.709  3363  3471 I art     : Explicit concurrent mark sweep GC freed 866(68KB) AllocSpace objects, 0(0B) LOS objects, 23% free, 51MB/67MB, paused 2.021ms total 39.919ms
08-05 03:39:13.722  3363  3471 I art     : Starting a blocking GC Explicit
08-05 03:39:13.731   918  4400 D ConnectivityService: listenForNetwork for Listen from uid/pid:10691/3363 for NetworkRequest [ id=3147, legacyType=-1, [ Capabilities: INTERNET&NOT_RESTRICTED&TRUSTED] ]
08-05 03:39:13.761  3363  3471 I art     : Explicit concurrent mark sweep GC freed 875(97KB) AllocSpace objects, 0(0B) LOS objects, 23% free, 51MB/67MB, paused 2.653ms total 38.554ms
08-05 03:39:13.768  3363  3383 D DBReader: getFeedItem() called with: itemId = [2]
08-05 03:39:13.769  3363  3383 D DBReader: Loading feeditem with id 2
08-05 03:39:13.769  3363  3363 D ItemFragment: onEventMainThread() called with: event = [DownloadEvent{update=DownloaderUpdate{downloaders=[], feedIds=[], mediaIds=[]}}]
08-05 03:39:13.771  3363  3383 D DBReader: getFavoriteIDList() called
08-05 03:39:13.772  3363  3383 D DBReader: getQueueIDList() called
08-05 03:39:13.773  3363  3471 I art     : Starting a blocking GC Explicit
08-05 03:39:13.774 13866 13866 I GoogleInputMethodServic: GoogleInputMethodService.onFinishInput():3138 
08-05 03:39:13.775 13866 13866 I GoogleInputMethodServic: GoogleInputMethodService.onStartInput():1808 
08-05 03:39:13.778  3363  3383 D DBReader: Extracting Feedlist
08-05 03:39:13.785  3363  3363 E libEGL  : validate_display:255 error 3008 (EGL_BAD_DISPLAY)
08-05 03:39:13.786  3363  3383 D DBReader: loadExtraInformationOfFeedItem() called with: item = [FeedItem[autoDownload=1,chapters=<null>,contentEncoded=<null>,description=<null>,feed=baseline.de.danoeh.antennapod.core.feed.Feed@fbcfb57,feedId=2,flattrStatus=baseline.de.danoeh.antennapod.core.util.flattr.FlattrStatus@455b644,hasChapters=false,imageUrl=http://static.libsyn.com/p/assets/2/7/8/6/278615fe73b1f0ca/JRE1514.jpg,itemIdentifier=a0870b6b-c887-4883-930c-a06d5e1a8f7e,link=http://traffic.libsyn.com/joeroganexp/p1514.mp3,media=baseline.de.danoeh.antennapod.core.feed.FeedMedia@29f832d,paymentLink=<null>,pubDate=Fri Jul 24 21:00:00 GMT+02:00 2020,state=-1,tags=[],title=#1514 - Joe De Sena,id=2]]
08-05 03:39:13.814  3363  3471 I art     : Explicit concurrent mark sweep GC freed 3454(220KB) AllocSpace objects, 1(68KB) LOS objects, 23% free, 51MB/67MB, paused 1.646ms total 41.683ms
08-05 03:39:13.835   918   935 D BluetoothManagerService: Added callback: android.bluetooth.IBluetoothManagerCallback$Stub$Proxy@6b3d9da:true
08-05 03:39:13.844  3363  4361 D ApOkHttpUrlLoader: buildLoadData() called with: model = [http://static.libsyn.com/p/assets/2/7/8/6/278615fe73b1f0ca/JRE1514.jpg], width = [175], height = [175]
08-05 03:39:13.846  3363  4177 D DBReader: getImageAuthentication() called with: imageUrl = [http://static.libsyn.com/p/assets/2/7/8/6/278615fe73b1f0ca/JRE1514.jpg]
08-05 03:39:13.849  3363  4177 D ApOkHttpUrlLoader: no credentials for 'http://static.libsyn.com/p/assets/2/7/8/6/278615fe73b1f0ca/JRE1514.jpg'
08-05 03:39:13.964  3363  4177 D MYTAG   : interceptor 2a
08-05 03:39:13.964  3363  4177 I NAPPA_EXPERIMENTATION: MetricNetworkRequestExecutionTime: REQUEST_DURATION_SYSTEM='115',REQUEST_DURATION_OKHTTP='113',REQUEST_SYNCHRONOUS='TRUE',RESPONSE_CODE='200',RESPONSE_METHOD='GET',RESPONSE_LENGTH_OKHTTP='364960',RESPONSE_LENGTH_HEADER='364960',REQUEST_PROTOCOL='http/1.1',REQUEST_URL='http://static.libsyn.com/p/assets/2/7/8/6/278615fe73b1f0ca/JRE1514.jpg',
08-05 03:39:14.048   512  2967 D audio_hw_primary: disable_audio_route: reset and update mixer path: low-latency-playback speaker
08-05 03:39:14.050   512  2967 D audio_hw_primary: disable_snd_device: snd_device(2: speaker)
08-05 03:39:14.059   512  2967 I soundtrigger: audio_extn_sound_trigger_update_device_status: device 0x2 of type 0 for Event 0
08-05 03:39:14.126  3363  4345 I art     : Starting a blocking GC Explicit
08-05 03:39:14.172  3363  4345 I art     : Explicit concurrent mark sweep GC freed 3565(262KB) AllocSpace objects, 4(104KB) LOS objects, 23% free, 52MB/68MB, paused 1.290ms total 45.431ms
08-05 03:39:14.184  3363  4345 I art     : Starting a blocking GC Explicit
08-05 03:39:14.224  3363  4345 I art     : Explicit concurrent mark sweep GC freed 1006(55KB) AllocSpace objects, 1(28KB) LOS objects, 23% free, 51MB/67MB, paused 1.089ms total 39.797ms
08-05 03:39:14.236  3363  4345 I art     : Starting a blocking GC Explicit
08-05 03:39:14.277  3363  4345 I art     : Explicit concurrent mark sweep GC freed 21(656B) AllocSpace objects, 0(0B) LOS objects, 23% free, 51MB/67MB, paused 1.349ms total 41.208ms
08-05 03:39:14.290  3363  4345 I art     : Starting a blocking GC Explicit
08-05 03:39:14.332  3363  4345 I art     : Explicit concurrent mark sweep GC freed 8(256B) AllocSpace objects, 0(0B) LOS objects, 23% free, 51MB/67MB, paused 1.244ms total 41.353ms
08-05 03:39:14.343  3363  4345 I art     : Starting a blocking GC Explicit
08-05 03:39:14.386  3363  4345 I art     : Explicit concurrent mark sweep GC freed 9(288B) AllocSpace objects, 0(0B) LOS objects, 23% free, 51MB/67MB, paused 1.183ms total 41.944ms
08-05 03:39:14.713  3363  3471 I art     : Starting a blocking GC Explicit
08-05 03:39:14.762  3363  3471 I art     : Explicit concurrent mark sweep GC freed 1458(83KB) AllocSpace objects, 1(20KB) LOS objects, 23% free, 51MB/67MB, paused 1.175ms total 48.176ms
08-05 03:39:14.776  3363  3471 I art     : Starting a blocking GC Explicit
08-05 03:39:14.820  3363  3471 I art     : Explicit concurrent mark sweep GC freed 29(944B) AllocSpace objects, 0(0B) LOS objects, 23% free, 51MB/67MB, paused 1.108ms total 44.085ms
08-05 03:39:14.833  3363  3471 I art     : Starting a blocking GC Explicit
08-05 03:39:14.842   518   646 I ThermalEngine: ACTION: GPU - Setting GPU[0] to 450000000
08-05 03:39:14.881  3363  3471 I art     : Explicit concurrent mark sweep GC freed 11(352B) AllocSpace objects, 0(0B) LOS objects, 23% free, 51MB/67MB, paused 1.649ms total 48.670ms
08-05 03:39:14.896  3363  3471 I art     : Starting a blocking GC Explicit
08-05 03:39:14.947  3363  3471 I art     : Explicit concurrent mark sweep GC freed 11(352B) AllocSpace objects, 0(0B) LOS objects, 23% free, 51MB/67MB, paused 1.680ms total 50.533ms
08-05 03:39:14.963  3363  3471 I art     : Starting a blocking GC Explicit
08-05 03:39:15.016  3363  3471 I art     : Explicit concurrent mark sweep GC freed 11(352B) AllocSpace objects, 0(0B) LOS objects, 23% free, 51MB/67MB, paused 1.699ms total 53.104ms
08-05 03:39:15.398  3363  5314 I art     : Starting a blocking GC Explicit
08-05 03:39:15.457  3363  5314 I art     : Explicit concurrent mark sweep GC freed 1472(83KB) AllocSpace objects, 1(20KB) LOS objects, 23% free, 51MB/67MB, paused 1.848ms total 58.793ms
08-05 03:39:15.473  3363  5314 I art     : Starting a blocking GC Explicit
08-05 03:39:15.527  3363  5314 I art     : Explicit concurrent mark sweep GC freed 44(1424B) AllocSpace objects, 0(0B) LOS objects, 23% free, 51MB/67MB, paused 1.529ms total 53.118ms
08-05 03:39:15.542  3363  5314 I art     : Starting a blocking GC Explicit
08-05 03:39:15.595  3363  5314 I art     : Explicit concurrent mark sweep GC freed 17(544B) AllocSpace objects, 0(0B) LOS objects, 23% free, 51MB/67MB, paused 1.583ms total 52.502ms
08-05 03:39:15.612  3363  5314 I art     : Starting a blocking GC Explicit
08-05 03:39:15.667  3363  5314 I art     : Explicit concurrent mark sweep GC freed 15(480B) AllocSpace objects, 0(0B) LOS objects, 23% free, 51MB/67MB, paused 1.698ms total 54.549ms
08-05 03:39:15.682  3363  5314 I art     : Starting a blocking GC Explicit
08-05 03:39:15.735  3363  5314 I art     : Explicit concurrent mark sweep GC freed 3(96B) AllocSpace objects, 0(0B) LOS objects, 23% free, 51MB/67MB, paused 1.638ms total 53.648ms
08-05 03:39:16.119  3363  3376 I art     : Starting a blocking GC Explicit
08-05 03:39:16.193  3363  3376 I art     : Explicit concurrent mark sweep GC freed 1382(82KB) AllocSpace objects, 1(20KB) LOS objects, 23% free, 51MB/67MB, paused 1.847ms total 73.116ms
08-05 03:39:16.210  3363  3376 I art     : Starting a blocking GC Explicit
08-05 03:39:16.267  3363  3376 I art     : Explicit concurrent mark sweep GC freed 23(752B) AllocSpace objects, 0(0B) LOS objects, 23% free, 51MB/67MB, paused 1.824ms total 56.870ms
08-05 03:39:16.283  3363  3376 I art     : Starting a blocking GC Explicit
08-05 03:39:16.343  3363  3376 I art     : Explicit concurrent mark sweep GC freed 3(96B) AllocSpace objects, 0(0B) LOS objects, 23% free, 51MB/67MB, paused 1.853ms total 60.104ms
08-05 03:39:16.362  3363  3376 I art     : Starting a blocking GC Explicit
08-05 03:39:16.420  3363  3376 I art     : Explicit concurrent mark sweep GC freed 3(96B) AllocSpace objects, 0(0B) LOS objects, 23% free, 51MB/67MB, paused 1.765ms total 57.645ms
08-05 03:39:16.436  3363  3376 I art     : Starting a blocking GC Explicit
08-05 03:39:16.477  5221  5221 I ServiceManager: Waiting for service AtCmdFwd...
08-05 03:39:16.492  3363  3376 I art     : Explicit concurrent mark sweep GC freed 34(928B) AllocSpace objects, 0(0B) LOS objects, 23% free, 51MB/67MB, paused 1.629ms total 56.205ms
08-05 03:39:16.912  3363  3471 I art     : Starting a blocking GC Explicit
08-05 03:39:16.981  3363  3471 I art     : Explicit concurrent mark sweep GC freed 1382(81KB) AllocSpace objects, 1(20KB) LOS objects, 23% free, 51MB/67MB, paused 1.777ms total 67.902ms
08-05 03:39:17.001  3363  3471 I art     : Starting a blocking GC Explicit
08-05 03:39:17.058  3363  3471 I art     : Explicit concurrent mark sweep GC freed 23(752B) AllocSpace objects, 0(0B) LOS objects, 23% free, 51MB/67MB, paused 1.792ms total 56.850ms
08-05 03:39:17.074  3363  3471 I art     : Starting a blocking GC Explicit
08-05 03:39:17.132  3363  3471 I art     : Explicit concurrent mark sweep GC freed 3(96B) AllocSpace objects, 0(0B) LOS objects, 23% free, 51MB/67MB, paused 1.752ms total 58.131ms
08-05 03:39:17.151  3363  3471 I art     : Starting a blocking GC Explicit
08-05 03:39:17.211  3363  3471 I art     : Explicit concurrent mark sweep GC freed 3(96B) AllocSpace objects, 0(0B) LOS objects, 23% free, 51MB/67MB, paused 1.880ms total 59.062ms
08-05 03:39:17.230  3363  3471 I art     : Starting a blocking GC Explicit
08-05 03:39:17.286  3363  3471 I art     : Explicit concurrent mark sweep GC freed 3(96B) AllocSpace objects, 0(0B) LOS objects, 23% free, 51MB/67MB, paused 1.594ms total 56.157ms
08-05 03:39:17.479  5221  5221 I ServiceManager: Waiting for service AtCmdFwd...
08-05 03:39:17.675  3363  3375 I art     : Starting a blocking GC Explicit
08-05 03:39:17.730  3363  3375 I art     : Explicit concurrent mark sweep GC freed 1413(83KB) AllocSpace objects, 1(20KB) LOS objects, 23% free, 51MB/67MB, paused 1.659ms total 54.380ms
08-05 03:39:17.745  3363  3375 I art     : Starting a blocking GC Explicit
08-05 03:39:17.796  3363  3375 I art     : Explicit concurrent mark sweep GC freed 23(752B) AllocSpace objects, 0(0B) LOS objects, 23% free, 51MB/67MB, paused 1.664ms total 50.856ms
08-05 03:39:17.811  3363  3375 I art     : Starting a blocking GC Explicit
08-05 03:39:17.865  3363  3375 I art     : Explicit concurrent mark sweep GC freed 3(96B) AllocSpace objects, 0(0B) LOS objects, 23% free, 51MB/67MB, paused 1.696ms total 53.789ms
08-05 03:39:17.881  3363  3375 I art     : Starting a blocking GC Explicit
08-05 03:39:17.936  3363  3375 I art     : Explicit concurrent mark sweep GC freed 3(96B) AllocSpace objects, 0(0B) LOS objects, 23% free, 51MB/67MB, paused 1.710ms total 54.555ms
08-05 03:39:17.951  3363  3375 I art     : Starting a blocking GC Explicit
08-05 03:39:18.003  3363  3375 I art     : Explicit concurrent mark sweep GC freed 3(96B) AllocSpace objects, 0(0B) LOS objects, 23% free, 51MB/67MB, paused 1.686ms total 51.683ms
08-05 03:39:18.215  6328  6328 D AndroidRuntime: >>>>>> START com.android.internal.os.RuntimeInit uid 2000 <<<<<<
08-05 03:39:18.223  6328  6328 D AndroidRuntime: CheckJNI is OFF
08-05 03:39:18.264  6328  6328 D ICU     : No timezone override file found: /data/misc/zoneinfo/current/icu/icu_tzdata.dat
08-05 03:39:18.306  6328  6328 I Radio-JNI: register_android_hardware_Radio DONE
08-05 03:39:18.336  6328  6328 D AndroidRuntime: Calling main entry com.android.commands.input.Input
08-05 03:39:18.338  6328  6328 I Input   : injectKeyEvent: KeyEvent { action=ACTION_DOWN, keyCode=KEYCODE_BACK, scanCode=0, metaState=0, flags=0x0, repeatCount=0, eventTime=761974751, downTime=761974751, deviceId=-1, source=0x101 }
08-05 03:39:18.343  6328  6328 I Input   : injectKeyEvent: KeyEvent { action=ACTION_UP, keyCode=KEYCODE_BACK, scanCode=0, metaState=0, flags=0x0, repeatCount=0, eventTime=761974751, downTime=761974751, deviceId=-1, source=0x101 }
08-05 03:39:18.363  3363  3363 D ItemlistFragment: onEventMainThread() called with: event = [DownloadEvent{update=DownloaderUpdate{downloaders=[], feedIds=[], mediaIds=[]}}]
08-05 03:39:18.364  3363  3950 D DBReader: getFeed() called with: feedId = [2]
08-05 03:39:18.364  6328  6328 D AndroidRuntime: Shutting down VM
08-05 03:39:18.365  3363  3950 D DBReader: getFeedItemList() called with: feed = [baseline.de.danoeh.antennapod.core.feed.Feed@2]
08-05 03:39:18.366   918  3263 D ConnectivityService: releasing NetworkRequest NetworkRequest [ id=3147, legacyType=-1, [ Capabilities: INTERNET&NOT_RESTRICTED&TRUSTED] ]
08-05 03:39:18.390  3363  5314 I art     : Starting a blocking GC Explicit
08-05 03:39:18.391  3363  3363 D FeedMenuHandler: Preparing options menu
08-05 03:39:18.457  3363  5314 I art     : Explicit concurrent mark sweep GC freed 6064(282KB) AllocSpace objects, 1(20KB) LOS objects, 23% free, 53MB/69MB, paused 3.715ms total 65.751ms
08-05 03:39:18.465  3363  4361 D ApOkHttpUrlLoader: buildLoadData() called with: model = [http://static.libsyn.com/p/assets/7/1/f/3/71f3014e14ef2722/JREiTunesImage2.jpg], width = [1440], height = [462]
08-05 03:39:18.471  3363  3950 W PodDBAdapter: Length of id array is larger than 800. Creating multiple cursors
08-05 03:39:18.472  3363  5314 I art     : Starting a blocking GC Explicit
08-05 03:39:18.480  5221  5221 I ServiceManager: Waiting for service AtCmdFwd...
08-05 03:39:18.492 13866 13866 I GoogleInputMethodServic: GoogleInputMethodService.onFinishInput():3138 
08-05 03:39:18.494 13866 13866 I GoogleInputMethodServic: GoogleInputMethodService.onStartInput():1808 
08-05 03:39:18.529  3363  5314 I art     : Explicit concurrent mark sweep GC freed 7588(500KB) AllocSpace objects, 5(2MB) LOS objects, 23% free, 53MB/69MB, paused 1.751ms total 56.888ms
08-05 03:39:18.544  3363  5314 I art     : Starting a blocking GC Explicit
08-05 03:39:18.565  3363  3950 D DBReader: getFavoriteIDList() called
08-05 03:39:18.566  3363  3950 D DBReader: getQueueIDList() called
08-05 03:39:18.568  3363  3950 D DBReader: Extracting Feedlist
08-05 03:39:18.571  3363  4361 D ApOkHttpUrlLoader: buildLoadData() called with: model = [http://static.libsyn.com/p/assets/7/1/f/3/71f3014e14ef2722/JREiTunesImage2.jpg], width = [1440], height = [462]
08-05 03:39:18.583  3363  3363 D FeedMenuHandler: Preparing options menu
08-05 03:39:18.597  3363  5314 I art     : Explicit concurrent mark sweep GC freed 32504(2MB) AllocSpace objects, 2(108KB) LOS objects, 22% free, 54MB/70MB, paused 2.373ms total 52.787ms
08-05 03:39:18.611  3363  5314 I art     : Starting a blocking GC Explicit
08-05 03:39:18.659  3363  5314 I art     : Explicit concurrent mark sweep GC freed 2688(112KB) AllocSpace objects, 1(16KB) LOS objects, 22% free, 54MB/70MB, paused 1.715ms total 47.598ms
08-05 03:39:18.672  3363  5314 I art     : Starting a blocking GC Explicit
08-05 03:39:18.724  3363  5314 I art     : Explicit concurrent mark sweep GC freed 910(64KB) AllocSpace objects, 0(0B) LOS objects, 22% free, 54MB/70MB, paused 1.612ms total 50.942ms
08-05 03:39:19.093  3363  3375 I art     : Starting a blocking GC Explicit
08-05 03:39:19.160  3363  3375 I art     : Explicit concurrent mark sweep GC freed 1420(83KB) AllocSpace objects, 1(20KB) LOS objects, 22% free, 54MB/70MB, paused 1.731ms total 66.189ms
08-05 03:39:19.179  3363  3375 I art     : Starting a blocking GC Explicit
08-05 03:39:19.231  3363  3375 I art     : Explicit concurrent mark sweep GC freed 25(832B) AllocSpace objects, 0(0B) LOS objects, 22% free, 54MB/70MB, paused 1.590ms total 51.898ms
08-05 03:39:19.246  3363  3375 I art     : Starting a blocking GC Explicit
08-05 03:39:19.298  3363  3375 I art     : Explicit concurrent mark sweep GC freed 3(96B) AllocSpace objects, 0(0B) LOS objects, 22% free, 54MB/70MB, paused 1.638ms total 52.039ms
08-05 03:39:19.318  3363  3375 I art     : Starting a blocking GC Explicit
08-05 03:39:19.369  3363  3375 I art     : Explicit concurrent mark sweep GC freed 3(96B) AllocSpace objects, 0(0B) LOS objects, 22% free, 54MB/70MB, paused 1.609ms total 50.849ms
08-05 03:39:19.384  3363  3375 I art     : Starting a blocking GC Explicit
08-05 03:39:19.437  3363  3375 I art     : Explicit concurrent mark sweep GC freed 34(928B) AllocSpace objects, 0(0B) LOS objects, 22% free, 54MB/70MB, paused 1.535ms total 52.728ms
08-05 03:39:19.481  5221  5221 I ServiceManager: Waiting for service AtCmdFwd...
08-05 03:39:19.794  3363  4345 I art     : Starting a blocking GC Explicit
08-05 03:39:19.856  3363  4345 I art     : Explicit concurrent mark sweep GC freed 1501(91KB) AllocSpace objects, 1(20KB) LOS objects, 22% free, 54MB/70MB, paused 1.704ms total 61.733ms
08-05 03:39:19.873  3363  4345 I art     : Starting a blocking GC Explicit
08-05 03:39:19.923  3363  4345 I art     : Explicit concurrent mark sweep GC freed 23(752B) AllocSpace objects, 0(0B) LOS objects, 22% free, 54MB/70MB, paused 1.492ms total 49.932ms
08-05 03:39:19.938  3363  4345 I art     : Starting a blocking GC Explicit
08-05 03:39:19.992  3363  4345 I art     : Explicit concurrent mark sweep GC freed 6(192B) AllocSpace objects, 0(0B) LOS objects, 22% free, 54MB/70MB, paused 1.668ms total 53.502ms
08-05 03:39:20.007  3363  4345 I art     : Starting a blocking GC Explicit
08-05 03:39:20.059  3363  4345 I art     : Explicit concurrent mark sweep GC freed 11(352B) AllocSpace objects, 0(0B) LOS objects, 22% free, 54MB/70MB, paused 1.454ms total 51.574ms
08-05 03:39:20.074  3363  4345 I art     : Starting a blocking GC Explicit
08-05 03:39:20.125  3363  4345 I art     : Explicit concurrent mark sweep GC freed 11(352B) AllocSpace objects, 0(0B) LOS objects, 22% free, 54MB/70MB, paused 1.457ms total 50.217ms
08-05 03:39:20.193  6364  6364 D AndroidRuntime: >>>>>> START com.android.internal.os.RuntimeInit uid 2000 <<<<<<
08-05 03:39:20.199  6364  6364 D AndroidRuntime: CheckJNI is OFF
08-05 03:39:20.243  6364  6364 D ICU     : No timezone override file found: /data/misc/zoneinfo/current/icu/icu_tzdata.dat
08-05 03:39:20.286  6364  6364 I Radio-JNI: register_android_hardware_Radio DONE
08-05 03:39:20.315  6364  6364 D AndroidRuntime: Calling main entry com.android.commands.input.Input
08-05 03:39:20.317  6364  6364 I Input   : injectMotionEvent: MotionEvent { action=ACTION_DOWN, actionButton=0, id[0]=0, x[0]=103.0, y[0]=192.0, toolType[0]=TOOL_TYPE_UNKNOWN, buttonState=0, metaState=0, flags=0x0, edgeFlags=0x0, pointerCount=1, historySize=0, eventTime=761976730, downTime=761976730, deviceId=0, source=0x1002 }
08-05 03:39:20.323  6364  6364 I Input   : injectMotionEvent: MotionEvent { action=ACTION_UP, actionButton=0, id[0]=0, x[0]=103.0, y[0]=192.0, toolType[0]=TOOL_TYPE_UNKNOWN, buttonState=0, metaState=0, flags=0x0, edgeFlags=0x0, pointerCount=1, historySize=0, eventTime=761976730, downTime=761976730, deviceId=0, source=0x1002 }
08-05 03:39:20.326  6364  6364 D AndroidRuntime: Shutting down VM
08-05 03:39:20.329   512  2967 D audio_hw_primary: out_set_parameters: enter: usecase(1: low-latency-playback) kvpairs: routing=2
08-05 03:39:20.342   512  2967 D audio_hw_primary: select_devices: out_snd_device(2: speaker) in_snd_device(0: none)
08-05 03:39:20.342   512  2967 D msm8974_platform: platform_send_audio_calibration: sending audio calibration for snd_device(2) acdb_id(15)
08-05 03:39:20.342   512  2967 I soundtrigger: audio_extn_sound_trigger_update_device_status: device 0x2 of type 0 for Event 1
08-05 03:39:20.353   512  2967 D audio_hw_primary: enable_snd_device: snd_device(2: speaker)
08-05 03:39:20.355   512  2967 D audio_hw_primary: enable_audio_route: apply and update mixer path: low-latency-playback speaker
08-05 03:39:20.474  3363  3376 I art     : Starting a blocking GC Explicit
08-05 03:39:20.481  5221  5221 I ServiceManager: Waiting for service AtCmdFwd...
08-05 03:39:20.526  3363  3376 I art     : Explicit concurrent mark sweep GC freed 1846(104KB) AllocSpace objects, 1(20KB) LOS objects, 22% free, 54MB/70MB, paused 1.450ms total 52.187ms
08-05 03:39:20.542  3363  3376 I art     : Starting a blocking GC Explicit
08-05 03:39:20.589  3363  3376 I art     : Explicit concurrent mark sweep GC freed 35(1296B) AllocSpace objects, 0(0B) LOS objects, 22% free, 54MB/70MB, paused 1.401ms total 47.474ms
08-05 03:39:20.603  3363  3376 I art     : Starting a blocking GC Explicit
08-05 03:39:20.652  3363  3376 I art     : Explicit concurrent mark sweep GC freed 5(160B) AllocSpace objects, 0(0B) LOS objects, 22% free, 54MB/70MB, paused 1.460ms total 49.057ms
08-05 03:39:20.668  3363  3376 I art     : Starting a blocking GC Explicit
08-05 03:39:20.720  3363  3376 I art     : Explicit concurrent mark sweep GC freed 3(96B) AllocSpace objects, 0(0B) LOS objects, 22% free, 54MB/70MB, paused 1.578ms total 51.396ms
08-05 03:39:20.735  3363  3376 I art     : Starting a blocking GC Explicit
08-05 03:39:20.786  3363  3376 I art     : Explicit concurrent mark sweep GC freed 12(416B) AllocSpace objects, 0(0B) LOS objects, 22% free, 54MB/70MB, paused 1.551ms total 50.870ms
08-05 03:39:20.901   512  2967 D audio_hw_primary: disable_audio_route: reset and update mixer path: low-latency-playback speaker
08-05 03:39:20.903   512  2967 D audio_hw_primary: disable_snd_device: snd_device(2: speaker)
08-05 03:39:20.915   512  2967 I soundtrigger: audio_extn_sound_trigger_update_device_status: device 0x2 of type 0 for Event 0
08-05 03:39:21.139  3363  3376 I art     : Starting a blocking GC Explicit
08-05 03:39:21.209  3363  3376 I art     : Explicit concurrent mark sweep GC freed 2124(108KB) AllocSpace objects, 1(20KB) LOS objects, 22% free, 54MB/70MB, paused 1.662ms total 69.746ms
08-05 03:39:21.209  3363  3373 I art     : WaitForGcToComplete blocked for 15.897ms for cause HeapTrim
08-05 03:39:21.227  3363  3376 I art     : Starting a blocking GC Explicit
08-05 03:39:21.280  3363  3376 I art     : Explicit concurrent mark sweep GC freed 25(816B) AllocSpace objects, 0(0B) LOS objects, 22% free, 54MB/70MB, paused 1.522ms total 52.519ms
08-05 03:39:21.296  3363  3376 I art     : Starting a blocking GC Explicit
08-05 03:39:21.346  3363  3376 I art     : Explicit concurrent mark sweep GC freed 3(96B) AllocSpace objects, 0(0B) LOS objects, 22% free, 54MB/70MB, paused 1.450ms total 50.429ms
08-05 03:39:21.362  3363  3376 I art     : Starting a blocking GC Explicit
08-05 03:39:21.413  3363  3376 I art     : Explicit concurrent mark sweep GC freed 3(96B) AllocSpace objects, 0(0B) LOS objects, 22% free, 54MB/70MB, paused 1.455ms total 50.843ms
08-05 03:39:21.428  3363  3376 I art     : Starting a blocking GC Explicit
08-05 03:39:21.481  3363  3376 I art     : Explicit concurrent mark sweep GC freed 34(928B) AllocSpace objects, 0(0B) LOS objects, 22% free, 54MB/70MB, paused 1.486ms total 52.837ms
08-05 03:39:21.482  5221  5221 W Atfwd_Sendcmd: AtCmdFwd service not published, waiting... retryCnt : 4
08-05 03:39:21.803  3363  4345 I art     : Starting a blocking GC Explicit
08-05 03:39:21.862  3363  4345 I art     : Explicit concurrent mark sweep GC freed 2270(113KB) AllocSpace objects, 1(20KB) LOS objects, 22% free, 54MB/70MB, paused 1.501ms total 58.423ms
08-05 03:39:21.876  3363  4345 I art     : Starting a blocking GC Explicit
08-05 03:39:21.927  3363  4345 I art     : Explicit concurrent mark sweep GC freed 23(752B) AllocSpace objects, 0(0B) LOS objects, 22% free, 54MB/70MB, paused 1.501ms total 50.480ms
08-05 03:39:21.941  3363  4345 I art     : Starting a blocking GC Explicit
08-05 03:39:21.990  3363  4345 I art     : Explicit concurrent mark sweep GC freed 5(160B) AllocSpace objects, 0(0B) LOS objects, 22% free, 54MB/70MB, paused 1.477ms total 48.455ms
08-05 03:39:22.005  3363  4345 I art     : Starting a blocking GC Explicit
08-05 03:39:22.056  3363  4345 I art     : Explicit concurrent mark sweep GC freed 11(352B) AllocSpace objects, 0(0B) LOS objects, 22% free, 54MB/70MB, paused 1.548ms total 50.969ms
08-05 03:39:22.071  3363  4345 I art     : Starting a blocking GC Explicit
08-05 03:39:22.119  3363  4345 I art     : Explicit concurrent mark sweep GC freed 11(352B) AllocSpace objects, 0(0B) LOS objects, 22% free, 54MB/70MB, paused 1.411ms total 47.807ms
08-05 03:39:22.138  6405  6405 D AndroidRuntime: >>>>>> START com.android.internal.os.RuntimeInit uid 2000 <<<<<<
08-05 03:39:22.144  6405  6405 D AndroidRuntime: CheckJNI is OFF
08-05 03:39:22.185  6405  6405 D ICU     : No timezone override file found: /data/misc/zoneinfo/current/icu/icu_tzdata.dat
08-05 03:39:22.228  6405  6405 I Radio-JNI: register_android_hardware_Radio DONE
08-05 03:39:22.256  6405  6405 D AndroidRuntime: Calling main entry com.android.commands.input.Input
08-05 03:39:22.259  6405  6405 I Input   : injectMotionEvent: MotionEvent { action=ACTION_DOWN, actionButton=0, id[0]=0, x[0]=409.0, y[0]=1034.0, toolType[0]=TOOL_TYPE_UNKNOWN, buttonState=0, metaState=0, flags=0x0, edgeFlags=0x0, pointerCount=1, historySize=0, eventTime=761978672, downTime=761978672, deviceId=0, source=0x1002 }
08-05 03:39:22.265  6405  6405 I Input   : injectMotionEvent: MotionEvent { action=ACTION_UP, actionButton=0, id[0]=0, x[0]=409.0, y[0]=1034.0, toolType[0]=TOOL_TYPE_UNKNOWN, buttonState=0, metaState=0, flags=0x0, edgeFlags=0x0, pointerCount=1, historySize=0, eventTime=761978672, downTime=761978672, deviceId=0, source=0x1002 }
08-05 03:39:22.268  6405  6405 D AndroidRuntime: Shutting down VM
08-05 03:39:22.332  3363  3363 D MainActivity: loadFragment(index: 5, args: null)
08-05 03:39:22.332  3363  3363 D MainActivity: loadFragment(tag: AddFeedFragment, args: null)
08-05 03:39:22.333  3363  3363 D MainActivity: saveLastNavFragment(tag: AddFeedFragment)
08-05 03:39:22.333  3363  3363 D MainActivity: getLastNavFragment() -> AddFeedFragment
08-05 03:39:22.335   512  2967 D audio_hw_primary: out_set_parameters: enter: usecase(1: low-latency-playback) kvpairs: routing=2
08-05 03:39:22.348   512  2967 D audio_hw_primary: select_devices: out_snd_device(2: speaker) in_snd_device(0: none)
08-05 03:39:22.349   512  2967 D msm8974_platform: platform_send_audio_calibration: sending audio calibration for snd_device(2) acdb_id(15)
08-05 03:39:22.349   512  2967 I soundtrigger: audio_extn_sound_trigger_update_device_status: device 0x2 of type 0 for Event 1
08-05 03:39:22.359   512  2967 D audio_hw_primary: enable_snd_device: snd_device(2: speaker)
08-05 03:39:22.361   512  2967 D audio_hw_primary: enable_audio_route: apply and update mixer path: low-latency-playback speaker
08-05 03:39:22.377 13866 13866 I GoogleInputMethodServic: GoogleInputMethodService.onFinishInput():3138 
08-05 03:39:22.378 13866 13866 I GoogleInputMethodServic: GoogleInputMethodService.onStartInput():1808 
08-05 03:39:22.463  3363  4345 I art     : Starting a blocking GC Explicit
08-05 03:39:22.517  3363  4345 I art     : Explicit concurrent mark sweep GC freed 3829(201KB) AllocSpace objects, 2(40KB) LOS objects, 22% free, 54MB/70MB, paused 1.369ms total 52.853ms
08-05 03:39:22.532  3363  4345 I art     : Starting a blocking GC Explicit
08-05 03:39:22.574  3363  4345 I art     : Explicit concurrent mark sweep GC freed 31504(2MB) AllocSpace objects, 9(3MB) LOS objects, 24% free, 48MB/64MB, paused 1.497ms total 41.341ms
08-05 03:39:22.586  3363  4345 I art     : Starting a blocking GC Explicit
08-05 03:39:22.621  3363  4345 I art     : Explicit concurrent mark sweep GC freed 3(96B) AllocSpace objects, 0(0B) LOS objects, 24% free, 48MB/64MB, paused 1.363ms total 35.082ms
08-05 03:39:22.634  3363  4345 I art     : Starting a blocking GC Explicit
08-05 03:39:22.672  3363  4345 I art     : Explicit concurrent mark sweep GC freed 3(96B) AllocSpace objects, 0(0B) LOS objects, 24% free, 48MB/64MB, paused 1.533ms total 37.842ms
08-05 03:39:22.685  3363  4345 I art     : Starting a blocking GC Explicit
08-05 03:39:22.720  3363  4345 I art     : Explicit concurrent mark sweep GC freed 3(96B) AllocSpace objects, 0(0B) LOS objects, 24% free, 48MB/64MB, paused 1.479ms total 35.420ms
08-05 03:39:22.772 13866 13866 I GoogleInputMethodServic: GoogleInputMethodService.onFinishInput():3138 
08-05 03:39:22.773 13866 13866 I GoogleInputMethodServic: GoogleInputMethodService.onStartInput():1808 
08-05 03:39:22.899   512  2967 D audio_hw_primary: disable_audio_route: reset and update mixer path: low-latency-playback speaker
08-05 03:39:22.901   512  2967 D audio_hw_primary: disable_snd_device: snd_device(2: speaker)
08-05 03:39:22.909   512  2967 I soundtrigger: audio_extn_sound_trigger_update_device_status: device 0x2 of type 0 for Event 0
08-05 03:39:23.072  3363  3375 I art     : Starting a blocking GC Explicit
08-05 03:39:23.115  3363  3375 I art     : Explicit concurrent mark sweep GC freed 1644(93KB) AllocSpace objects, 1(20KB) LOS objects, 24% free, 48MB/64MB, paused 1.423ms total 42.635ms
08-05 03:39:23.129  3363  3375 I art     : Starting a blocking GC Explicit
08-05 03:39:23.168  3363  3375 I art     : Explicit concurrent mark sweep GC freed 114(6KB) AllocSpace objects, 0(0B) LOS objects, 24% free, 48MB/64MB, paused 1.419ms total 38.487ms
08-05 03:39:23.180  3363  3375 I art     : Starting a blocking GC Explicit
08-05 03:39:23.218  3363  3375 I art     : Explicit concurrent mark sweep GC freed 3(96B) AllocSpace objects, 0(0B) LOS objects, 24% free, 48MB/64MB, paused 1.485ms total 37.883ms
08-05 03:39:23.231  3363  3375 I art     : Starting a blocking GC Explicit
08-05 03:39:23.271  3363  3375 I art     : Explicit concurrent mark sweep GC freed 5(160B) AllocSpace objects, 0(0B) LOS objects, 24% free, 48MB/64MB, paused 1.425ms total 39.661ms
08-05 03:39:23.285  3363  3375 I art     : Starting a blocking GC Explicit
08-05 03:39:23.326  3363  3375 I art     : Explicit concurrent mark sweep GC freed 3(96B) AllocSpace objects, 0(0B) LOS objects, 24% free, 48MB/64MB, paused 1.437ms total 40.312ms
08-05 03:39:23.673  3363  3471 I art     : Starting a blocking GC Explicit
08-05 03:39:23.717  3363  3471 I art     : Explicit concurrent mark sweep GC freed 1411(81KB) AllocSpace objects, 1(20KB) LOS objects, 24% free, 48MB/64MB, paused 1.499ms total 43.227ms
08-05 03:39:23.729  3363  3471 I art     : Starting a blocking GC Explicit
08-05 03:39:23.768  3363  3471 I art     : Explicit concurrent mark sweep GC freed 23(752B) AllocSpace objects, 0(0B) LOS objects, 24% free, 48MB/64MB, paused 1.605ms total 38.776ms
08-05 03:39:23.783  3363  3471 I art     : Starting a blocking GC Explicit
08-05 03:39:23.822  3363  3471 I art     : Explicit concurrent mark sweep GC freed 3(96B) AllocSpace objects, 0(0B) LOS objects, 24% free, 48MB/64MB, paused 1.457ms total 38.114ms
08-05 03:39:23.834  3363  3471 I art     : Starting a blocking GC Explicit
08-05 03:39:23.872  3363  3471 I art     : Explicit concurrent mark sweep GC freed 3(96B) AllocSpace objects, 0(0B) LOS objects, 24% free, 48MB/64MB, paused 1.610ms total 38.050ms
08-05 03:39:23.884  3363  3471 I art     : Starting a blocking GC Explicit
08-05 03:39:23.923  3363  3471 I art     : Explicit concurrent mark sweep GC freed 22(1104B) AllocSpace objects, 0(0B) LOS objects, 24% free, 48MB/64MB, paused 1.453ms total 38.577ms
08-05 03:39:24.056  6450  6450 D AndroidRuntime: >>>>>> START com.android.internal.os.RuntimeInit uid 2000 <<<<<<
08-05 03:39:24.062  6450  6450 D AndroidRuntime: CheckJNI is OFF
08-05 03:39:24.102  6450  6450 D ICU     : No timezone override file found: /data/misc/zoneinfo/current/icu/icu_tzdata.dat
08-05 03:39:24.143  6450  6450 I Radio-JNI: register_android_hardware_Radio DONE
08-05 03:39:24.172  6450  6450 D AndroidRuntime: Calling main entry com.android.commands.input.Input
08-05 03:39:24.174  6450  6450 I Input   : injectMotionEvent: MotionEvent { action=ACTION_DOWN, actionButton=0, id[0]=0, x[0]=603.0, y[0]=1061.0, toolType[0]=TOOL_TYPE_UNKNOWN, buttonState=0, metaState=0, flags=0x0, edgeFlags=0x0, pointerCount=1, historySize=0, eventTime=761980586, downTime=761980586, deviceId=0, source=0x1002 }
08-05 03:39:24.178  6450  6450 I Input   : injectMotionEvent: MotionEvent { action=ACTION_UP, actionButton=0, id[0]=0, x[0]=603.0, y[0]=1061.0, toolType[0]=TOOL_TYPE_UNKNOWN, buttonState=0, metaState=0, flags=0x0, edgeFlags=0x0, pointerCount=1, historySize=0, eventTime=761980586, downTime=761980586, deviceId=0, source=0x1002 }
08-05 03:39:24.181  6450  6450 D AndroidRuntime: Shutting down VM
08-05 03:39:24.188   512  2967 D audio_hw_primary: out_set_parameters: enter: usecase(1: low-latency-playback) kvpairs: routing=2
08-05 03:39:24.201   512  2967 D audio_hw_primary: select_devices: out_snd_device(2: speaker) in_snd_device(0: none)
08-05 03:39:24.201   512  2967 D msm8974_platform: platform_send_audio_calibration: sending audio calibration for snd_device(2) acdb_id(15)
08-05 03:39:24.201   512  2967 I soundtrigger: audio_extn_sound_trigger_update_device_status: device 0x2 of type 0 for Event 1
08-05 03:39:24.209   512  2967 D audio_hw_primary: enable_snd_device: snd_device(2: speaker)
08-05 03:39:24.211   512  2967 D audio_hw_primary: enable_audio_route: apply and update mixer path: low-latency-playback speaker
08-05 03:39:24.259 13866 13866 I GoogleInputMethodServic: GoogleInputMethodService.onFinishInput():3138 
08-05 03:39:24.260 13866 13866 I GoogleInputMethodServic: GoogleInputMethodService.onStartInput():1808 
08-05 03:39:24.284  3363  5314 I art     : Starting a blocking GC Explicit
08-05 03:39:24.326  3363  5314 I art     : Explicit concurrent mark sweep GC freed 4812(340KB) AllocSpace objects, 1(20KB) LOS objects, 24% free, 49MB/65MB, paused 1.497ms total 41.729ms
08-05 03:39:24.340  3363  5314 I art     : Starting a blocking GC Explicit
08-05 03:39:24.380  3363  5314 I art     : Explicit concurrent mark sweep GC freed 434(20KB) AllocSpace objects, 0(0B) LOS objects, 24% free, 49MB/65MB, paused 1.645ms total 40.703ms
08-05 03:39:24.393  3363  5314 I art     : Starting a blocking GC Explicit
08-05 03:39:24.432  3363  5314 I art     : Explicit concurrent mark sweep GC freed 1418(71KB) AllocSpace objects, 1(220KB) LOS objects, 24% free, 49MB/65MB, paused 1.523ms total 39.280ms
08-05 03:39:24.444  3363  5314 I art     : Starting a blocking GC Explicit
08-05 03:39:24.484  3363  5314 I art     : Explicit concurrent mark sweep GC freed 36(1360B) AllocSpace objects, 0(0B) LOS objects, 24% free, 49MB/65MB, paused 1.994ms total 39.629ms
08-05 03:39:24.496  3363  5314 I art     : Starting a blocking GC Explicit
08-05 03:39:24.537  3363  5314 I art     : Explicit concurrent mark sweep GC freed 35(1328B) AllocSpace objects, 0(0B) LOS objects, 24% free, 49MB/65MB, paused 1.880ms total 40.188ms
08-05 03:39:24.749   512  2967 D audio_hw_primary: disable_audio_route: reset and update mixer path: low-latency-playback speaker
08-05 03:39:24.751   512  2967 D audio_hw_primary: disable_snd_device: snd_device(2: speaker)
08-05 03:39:24.759   512  2967 I soundtrigger: audio_extn_sound_trigger_update_device_status: device 0x2 of type 0 for Event 0
08-05 03:39:24.892  3363  3376 I art     : Starting a blocking GC Explicit
08-05 03:39:24.936  3363  3376 I art     : Explicit concurrent mark sweep GC freed 1539(87KB) AllocSpace objects, 1(20KB) LOS objects, 24% free, 49MB/65MB, paused 2.103ms total 43.420ms
08-05 03:39:24.949  3363  3376 I art     : Starting a blocking GC Explicit
08-05 03:39:24.988  3363  3376 I art     : Explicit concurrent mark sweep GC freed 141(4KB) AllocSpace objects, 0(0B) LOS objects, 24% free, 49MB/65MB, paused 1.587ms total 38.956ms
08-05 03:39:25.000  3363  3376 I art     : Starting a blocking GC Explicit
08-05 03:39:25.040  3363  3376 I art     : Explicit concurrent mark sweep GC freed 3326(129KB) AllocSpace objects, 0(0B) LOS objects, 24% free, 49MB/65MB, paused 1.661ms total 39.579ms
08-05 03:39:25.052  3363  3376 I art     : Starting a blocking GC Explicit
08-05 03:39:25.065  3363  6483 I NAPPA_EXPERIMENTATION: MetricNetworkRequestExecutionTime: REQUEST_DURATION_SYSTEM='818',REQUEST_DURATION_OKHTTP='60',REQUEST_SYNCHRONOUS='TRUE',RESPONSE_CODE='200',RESPONSE_METHOD='GET',RESPONSE_LENGTH_OKHTTP='2923',RESPONSE_LENGTH_HEADER='2923',REQUEST_PROTOCOL='http/1.1',REQUEST_URL='https://gpodder.net/api/2/tags/50.json',
08-05 03:39:25.077  3363  6482 I NAPPA_EXPERIMENTATION: MetricNetworkRequestExecutionTime: REQUEST_DURATION_SYSTEM='832',REQUEST_DURATION_OKHTTP='71',REQUEST_SYNCHRONOUS='TRUE',RESPONSE_CODE='200',RESPONSE_METHOD='GET',RESPONSE_LENGTH_OKHTTP='37507',RESPONSE_LENGTH_HEADER='37507',REQUEST_PROTOCOL='http/1.1',REQUEST_URL='https://gpodder.net/toplist/50.json',
08-05 03:39:25.093  3363  3376 I art     : Explicit concurrent mark sweep GC freed 1747(147KB) AllocSpace objects, 1(76KB) LOS objects, 24% free, 49MB/65MB, paused 2.134ms total 40.048ms
08-05 03:39:25.105  3363  3376 I art     : Starting a blocking GC Explicit
08-05 03:39:25.144  3363  3376 I art     : Explicit concurrent mark sweep GC freed 2793(199KB) AllocSpace objects, 2(116KB) LOS objects, 24% free, 49MB/65MB, paused 1.801ms total 39.034ms
08-05 03:39:25.155  3363  4361 D ApOkHttpUrlLoader: buildLoadData() called with: model = [http://sixgun.org/files/linuxoutlaws.jpg], width = [224], height = [224]
08-05 03:39:25.156  3363  4177 D DBReader: getImageAuthentication() called with: imageUrl = [http://sixgun.org/files/linuxoutlaws.jpg]
08-05 03:39:25.160  3363  4177 D ApOkHttpUrlLoader: no credentials for 'http://sixgun.org/files/linuxoutlaws.jpg'
08-05 03:39:25.166  3363  4361 D ApOkHttpUrlLoader: buildLoadData() called with: model = [https://files.thisamericanlife.org/sites/all/themes/thislife/img/tal-name-1400x1400.png], width = [224], height = [224]
08-05 03:39:25.168  3363  4175 D DBReader: getImageAuthentication() called with: imageUrl = [https://files.thisamericanlife.org/sites/all/themes/thislife/img/tal-name-1400x1400.png]
08-05 03:39:25.171  3363  4175 D ApOkHttpUrlLoader: no credentials for 'https://files.thisamericanlife.org/sites/all/themes/thislife/img/tal-name-1400x1400.png'
08-05 03:39:25.172  3363  4361 D ApOkHttpUrlLoader: buildLoadData() called with: model = [https://elroy.twit.tv/sites/default/files/styles/twit_album_art_2048x2048/public/images/shows/floss_weekly/album_art/audio/floss_albumart_mask.jpg?itok=IUjxKpwt], width = [224], height = [224]
08-05 03:39:25.173  3363  4172 D DBReader: getImageAuthentication() called with: imageUrl = [https://elroy.twit.tv/sites/default/files/styles/twit_album_art_2048x2048/public/images/shows/floss_weekly/album_art/audio/floss_albumart_mask.jpg?itok=IUjxKpwt]
08-05 03:39:25.177  3363  4361 D ApOkHttpUrlLoader: buildLoadData() called with: model = [http://ichef.bbci.co.uk/images/ic/3000x3000/p07kfvzb.jpg], width = [224], height = [224]
08-05 03:39:25.177  3363  4172 D ApOkHttpUrlLoader: no credentials for 'https://elroy.twit.tv/sites/default/files/styles/twit_album_art_2048x2048/public/images/shows/floss_weekly/album_art/audio/floss_albumart_mask.jpg?itok=IUjxKpwt'
08-05 03:39:25.178  3363  4176 D DBReader: getImageAuthentication() called with: imageUrl = [http://ichef.bbci.co.uk/images/ic/3000x3000/p07kfvzb.jpg]
08-05 03:39:25.182  3363  4176 D ApOkHttpUrlLoader: no credentials for 'http://ichef.bbci.co.uk/images/ic/3000x3000/p07kfvzb.jpg'
08-05 03:39:25.182  3363  4361 D ApOkHttpUrlLoader: buildLoadData() called with: model = [https://pl.tedcdn.com/rss_feed_images/ted_talks_main_podcast/video.png], width = [224], height = [224]
08-05 03:39:25.183  3363  4174 D DBReader: getImageAuthentication() called with: imageUrl = [https://pl.tedcdn.com/rss_feed_images/ted_talks_main_podcast/video.png]
08-05 03:39:25.187  3363  4361 D ApOkHttpUrlLoader: buildLoadData() called with: model = [https://elroy.twit.tv/sites/default/files/styles/twit_album_art_2048x2048/public/images/shows/this_week_in_tech/album_art/audio/twit1400audio.jpg?itok=J0vhatZb], width = [224], height = [224]
08-05 03:39:25.187  3363  4174 D ApOkHttpUrlLoader: no credentials for 'https://pl.tedcdn.com/rss_feed_images/ted_talks_main_podcast/video.png'
08-05 03:39:25.188  3363  4170 D DBReader: getImageAuthentication() called with: imageUrl = [https://elroy.twit.tv/sites/default/files/styles/twit_album_art_2048x2048/public/images/shows/this_week_in_tech/album_art/audio/twit1400audio.jpg?itok=J0vhatZb]
08-05 03:39:25.191  3363  4361 D ApOkHttpUrlLoader: buildLoadData() called with: model = [http://ichef.bbci.co.uk/images/ic/3000x3000/p03gtk3j.jpg], width = [224], height = [224]
08-05 03:39:25.192  3363  4170 D ApOkHttpUrlLoader: no credentials for 'https://elroy.twit.tv/sites/default/files/styles/twit_album_art_2048x2048/public/images/shows/this_week_in_tech/album_art/audio/twit1400audio.jpg?itok=J0vhatZb'
08-05 03:39:25.193  3363  4168 D DBReader: getImageAuthentication() called with: imageUrl = [http://ichef.bbci.co.uk/images/ic/3000x3000/p03gtk3j.jpg]
08-05 03:39:25.197  3363  4168 D ApOkHttpUrlLoader: no credentials for 'http://ichef.bbci.co.uk/images/ic/3000x3000/p03gtk3j.jpg'
08-05 03:39:25.236  3363  4177 D DBWriter: updateFeedDownloadURL(original: http://sixgun.org/files/linuxoutlaws.jpg, updated: https://fab.industries/sixgun/files/linuxoutlaws.jpg)
08-05 03:39:25.317  3363  4168 D MYTAG   : interceptor 2a
08-05 03:39:25.318  3363  4168 I NAPPA_EXPERIMENTATION: MetricNetworkRequestExecutionTime: REQUEST_DURATION_SYSTEM='120',REQUEST_DURATION_OKHTTP='116',REQUEST_SYNCHRONOUS='TRUE',RESPONSE_CODE='200',RESPONSE_METHOD='GET',RESPONSE_LENGTH_OKHTTP='814284',RESPONSE_LENGTH_HEADER='814284',REQUEST_PROTOCOL='http/1.1',REQUEST_URL='http://ichef.bbci.co.uk/images/ic/3000x3000/p03gtk3j.jpg',
08-05 03:39:25.329  3363  4176 D MYTAG   : interceptor 2a
08-05 03:39:25.329  3363  4176 I NAPPA_EXPERIMENTATION: MetricNetworkRequestExecutionTime: REQUEST_DURATION_SYSTEM='147',REQUEST_DURATION_OKHTTP='143',REQUEST_SYNCHRONOUS='TRUE',RESPONSE_CODE='200',RESPONSE_METHOD='GET',RESPONSE_LENGTH_OKHTTP='589826',RESPONSE_LENGTH_HEADER='589826',REQUEST_PROTOCOL='http/1.1',REQUEST_URL='http://ichef.bbci.co.uk/images/ic/3000x3000/p07kfvzb.jpg',
08-05 03:39:25.474  3363  3471 I art     : Starting a blocking GC Explicit
08-05 03:39:25.496  3363  4175 D MYTAG   : interceptor 2a
08-05 03:39:25.496  3363  4175 I NAPPA_EXPERIMENTATION: MetricNetworkRequestExecutionTime: REQUEST_DURATION_SYSTEM='325',REQUEST_DURATION_OKHTTP='82',REQUEST_SYNCHRONOUS='TRUE',RESPONSE_CODE='200',RESPONSE_METHOD='GET',RESPONSE_LENGTH_OKHTTP='52553',RESPONSE_LENGTH_HEADER='52553',REQUEST_PROTOCOL='http/1.1',REQUEST_URL='https://files.thisamericanlife.org/sites/all/themes/thislife/img/tal-name-1400x1400.png',
08-05 03:39:25.519  3363  3471 I art     : Explicit concurrent mark sweep GC freed 13315(775KB) AllocSpace objects, 1(20KB) LOS objects, 24% free, 50MB/66MB, paused 2.157ms total 45.339ms
08-05 03:39:25.532  3363  3471 I art     : Starting a blocking GC Explicit
08-05 03:39:25.573  3363  3471 I art     : Explicit concurrent mark sweep GC freed 3086(129KB) AllocSpace objects, 0(0B) LOS objects, 24% free, 50MB/66MB, paused 2.172ms total 41.037ms
08-05 03:39:25.586  3363  3471 I art     : Starting a blocking GC Explicit
08-05 03:39:25.626  3363  3471 I art     : Explicit concurrent mark sweep GC freed 399(33KB) AllocSpace objects, 0(0B) LOS objects, 24% free, 50MB/66MB, paused 1.790ms total 39.913ms
08-05 03:39:25.640  3363  3471 I art     : Starting a blocking GC Explicit
08-05 03:39:25.680  3363  3471 I art     : Explicit concurrent mark sweep GC freed 81(3KB) AllocSpace objects, 0(0B) LOS objects, 24% free, 50MB/66MB, paused 1.716ms total 40.057ms
08-05 03:39:25.680  3363  4170 D MYTAG   : interceptor 2a
08-05 03:39:25.680  3363  4170 I NAPPA_EXPERIMENTATION: MetricNetworkRequestExecutionTime: REQUEST_DURATION_SYSTEM='488',REQUEST_DURATION_OKHTTP='257',REQUEST_SYNCHRONOUS='TRUE',RESPONSE_CODE='200',RESPONSE_METHOD='GET',RESPONSE_LENGTH_OKHTTP='465707',RESPONSE_LENGTH_HEADER='465707',REQUEST_PROTOCOL='h2',REQUEST_URL='https://elroy.twit.tv/sites/default/files/styles/twit_album_art_2048x2048/public/images/shows/this_week_in_tech/album_art/audio/twit1400audio.jpg?itok=J0vhatZb',
08-05 03:39:25.692  3363  4174 D MYTAG   : interceptor 2a
08-05 03:39:25.692  3363  4174 I NAPPA_EXPERIMENTATION: MetricNetworkRequestExecutionTime: REQUEST_DURATION_SYSTEM='505',REQUEST_DURATION_OKHTTP='267',REQUEST_SYNCHRONOUS='TRUE',RESPONSE_CODE='200',RESPONSE_METHOD='GET',RESPONSE_LENGTH_OKHTTP='89986',RESPONSE_LENGTH_HEADER='89986',REQUEST_PROTOCOL='h2',REQUEST_URL='https://pl.tedcdn.com/rss_feed_images/ted_talks_main_podcast/video.png',
08-05 03:39:25.693  3363  3471 I art     : Starting a blocking GC Explicit
08-05 03:39:25.735  3363  3471 I art     : Explicit concurrent mark sweep GC freed 549(45KB) AllocSpace objects, 0(0B) LOS objects, 24% free, 50MB/66MB, paused 1.710ms total 41.792ms
08-05 03:39:25.747  3363  4177 D MYTAG   : interceptor 2a
08-05 03:39:25.748  3363  4177 I NAPPA_EXPERIMENTATION: MetricNetworkRequestExecutionTime: REQUEST_DURATION_SYSTEM='587',REQUEST_DURATION_OKHTTP='199',REQUEST_SYNCHRONOUS='TRUE',RESPONSE_CODE='404',RESPONSE_METHOD='GET',RESPONSE_LENGTH_OKHTTP='-1',RESPONSE_LENGTH_HEADER='1503',REQUEST_PROTOCOL='h2',REQUEST_URL='https://fab.industries/sixgun/files/linuxoutlaws.jpg',
08-05 03:39:25.752  3363  3363 W Glide   : Load failed for http://sixgun.org/files/linuxoutlaws.jpg with size [224x224]
08-05 03:39:25.752  3363  3363 W Glide   : class com.bumptech.glide.load.engine.GlideException: Failed to load resource
08-05 03:39:25.752  3363  3363 W Glide   : There was 1 cause:
08-05 03:39:25.752  3363  3363 W Glide   : com.bumptech.glide.load.HttpException()
08-05 03:39:25.752  3363  3363 W Glide   :  call GlideException#logRootCauses(String) for more detail
08-05 03:39:25.752  3363  3363 W Glide   :   Cause (1 of 1): class com.bumptech.glide.load.engine.GlideException: Fetching data failed, class java.io.InputStream, REMOTE
08-05 03:39:25.752  3363  3363 W Glide   : There was 1 cause:
08-05 03:39:25.752  3363  3363 W Glide   : com.bumptech.glide.load.HttpException()
08-05 03:39:25.752  3363  3363 W Glide   :  call GlideException#logRootCauses(String) for more detail
08-05 03:39:25.752  3363  3363 W Glide   :     Cause (1 of 1): class com.bumptech.glide.load.HttpException: 
08-05 03:39:25.754  3363  3363 I Glide   : Root cause (1 of 1)
08-05 03:39:25.754  3363  3363 I Glide   : com.bumptech.glide.load.HttpException: 
08-05 03:39:25.754  3363  3363 I Glide   : 	at com.bumptech.glide.integration.okhttp3.OkHttpStreamFetcher.onResponse(OkHttpStreamFetcher.java:73)
08-05 03:39:25.754  3363  3363 I Glide   : 	at okhttp3.RealCall$AsyncCall.execute(RealCall.java:174)
08-05 03:39:25.754  3363  3363 I Glide   : 	at okhttp3.internal.NamedRunnable.run(NamedRunnable.java:32)
08-05 03:39:25.754  3363  3363 I Glide   : 	at java.util.concurrent.ThreadPoolExecutor.runWorker(ThreadPoolExecutor.java:1113)
08-05 03:39:25.754  3363  3363 I Glide   : 	at java.util.concurrent.ThreadPoolExecutor$Worker.run(ThreadPoolExecutor.java:588)
08-05 03:39:25.754  3363  3363 I Glide   : 	at java.lang.Thread.run(Thread.java:818)
08-05 03:39:25.755  3363  3363 W Glide   : Load failed for http://sixgun.org/files/linuxoutlaws.jpg with size [224x224]
08-05 03:39:25.755  3363  3363 W Glide   : class com.bumptech.glide.load.engine.GlideException: Failed to load resource
08-05 03:39:25.755  3363  3363 W Glide   : There was 1 cause:
08-05 03:39:25.755  3363  3363 W Glide   : com.bumptech.glide.load.HttpException()
08-05 03:39:25.755  3363  3363 W Glide   :  call GlideException#logRootCauses(String) for more detail
08-05 03:39:25.755  3363  3363 W Glide   :   Cause (1 of 1): class com.bumptech.glide.load.engine.GlideException: Fetching data failed, class java.io.InputStream, REMOTE
08-05 03:39:25.755  3363  3363 W Glide   : There was 1 cause:
08-05 03:39:25.755  3363  3363 W Glide   : com.bumptech.glide.load.HttpException()
08-05 03:39:25.755  3363  3363 W Glide   :  call GlideException#logRootCauses(String) for more detail
08-05 03:39:25.755  3363  3363 W Glide   :     Cause (1 of 1): class com.bumptech.glide.load.HttpException: 
08-05 03:39:25.756  3363  3363 I Glide   : Root cause (1 of 1)
08-05 03:39:25.756  3363  3363 I Glide   : com.bumptech.glide.load.HttpException: 
08-05 03:39:25.756  3363  3363 I Glide   : 	at com.bumptech.glide.integration.okhttp3.OkHttpStreamFetcher.onResponse(OkHttpStreamFetcher.java:73)
08-05 03:39:25.756  3363  3363 I Glide   : 	at okhttp3.RealCall$AsyncCall.execute(RealCall.java:174)
08-05 03:39:25.756  3363  3363 I Glide   : 	at okhttp3.internal.NamedRunnable.run(NamedRunnable.java:32)
08-05 03:39:25.756  3363  3363 I Glide   : 	at java.util.concurrent.ThreadPoolExecutor.runWorker(ThreadPoolExecutor.java:1113)
08-05 03:39:25.756  3363  3363 I Glide   : 	at java.util.concurrent.ThreadPoolExecutor$Worker.run(ThreadPoolExecutor.java:588)
08-05 03:39:25.756  3363  3363 I Glide   : 	at java.lang.Thread.run(Thread.java:818)
08-05 03:39:25.772  3363  4172 D MYTAG   : interceptor 2a
08-05 03:39:25.773  3363  4172 I NAPPA_EXPERIMENTATION: MetricNetworkRequestExecutionTime: REQUEST_DURATION_SYSTEM='595',REQUEST_DURATION_OKHTTP='344',REQUEST_SYNCHRONOUS='TRUE',RESPONSE_CODE='200',RESPONSE_METHOD='GET',RESPONSE_LENGTH_OKHTTP='297964',RESPONSE_LENGTH_HEADER='297964',REQUEST_PROTOCOL='h2',REQUEST_URL='https://elroy.twit.tv/sites/default/files/styles/twit_album_art_2048x2048/public/images/shows/floss_weekly/album_art/audio/floss_albumart_mask.jpg?itok=IUjxKpwt',
08-05 03:39:25.900  3363  4361 D ApOkHttpUrlLoader: buildLoadData() called with: model = [http://sixgun.org/files/linuxoutlaws.jpg], width = [224], height = [224]
08-05 03:39:25.906  3363  4172 D DBReader: getImageAuthentication() called with: imageUrl = [http://sixgun.org/files/linuxoutlaws.jpg]
08-05 03:39:25.910  3363  4172 D ApOkHttpUrlLoader: no credentials for 'http://sixgun.org/files/linuxoutlaws.jpg'
08-05 03:39:25.958  3363  4172 D DBWriter: updateFeedDownloadURL(original: http://sixgun.org/files/linuxoutlaws.jpg, updated: https://fab.industries/sixgun/files/linuxoutlaws.jpg)
08-05 03:39:26.064  3363  3375 I art     : Starting a blocking GC Explicit
08-05 03:39:26.112  3363  4172 D MYTAG   : interceptor 2a
08-05 03:39:26.112  3363  4172 I NAPPA_EXPERIMENTATION: MetricNetworkRequestExecutionTime: REQUEST_DURATION_SYSTEM='202',REQUEST_DURATION_OKHTTP='148',REQUEST_SYNCHRONOUS='TRUE',RESPONSE_CODE='404',RESPONSE_METHOD='GET',RESPONSE_LENGTH_OKHTTP='-1',RESPONSE_LENGTH_HEADER='1503',REQUEST_PROTOCOL='h2',REQUEST_URL='https://fab.industries/sixgun/files/linuxoutlaws.jpg',
08-05 03:39:26.114  3363  3375 I art     : Explicit concurrent mark sweep GC freed 3778(275KB) AllocSpace objects, 1(20KB) LOS objects, 23% free, 50MB/66MB, paused 1.979ms total 48.709ms
08-05 03:39:26.124  3363  3363 W Glide   : Load failed for http://sixgun.org/files/linuxoutlaws.jpg with size [224x224]
08-05 03:39:26.124  3363  3363 W Glide   : class com.bumptech.glide.load.engine.GlideException: Failed to load resource
08-05 03:39:26.124  3363  3363 W Glide   : There was 1 cause:
08-05 03:39:26.124  3363  3363 W Glide   : com.bumptech.glide.load.HttpException()
08-05 03:39:26.124  3363  3363 W Glide   :  call GlideException#logRootCauses(String) for more detail
08-05 03:39:26.124  3363  3363 W Glide   :   Cause (1 of 1): class com.bumptech.glide.load.engine.GlideException: Fetching data failed, class java.io.InputStream, REMOTE
08-05 03:39:26.124  3363  3363 W Glide   : There was 1 cause:
08-05 03:39:26.124  3363  3363 W Glide   : com.bumptech.glide.load.HttpException()
08-05 03:39:26.124  3363  3363 W Glide   :  call GlideException#logRootCauses(String) for more detail
08-05 03:39:26.124  3363  3363 W Glide   :     Cause (1 of 1): class com.bumptech.glide.load.HttpException: 
08-05 03:39:26.124  3363  3363 I Glide   : Root cause (1 of 1)
08-05 03:39:26.124  3363  3363 I Glide   : com.bumptech.glide.load.HttpException: 
08-05 03:39:26.124  3363  3363 I Glide   : 	at com.bumptech.glide.integration.okhttp3.OkHttpStreamFetcher.onResponse(OkHttpStreamFetcher.java:73)
08-05 03:39:26.124  3363  3363 I Glide   : 	at okhttp3.RealCall$AsyncCall.execute(RealCall.java:174)
08-05 03:39:26.124  3363  3363 I Glide   : 	at okhttp3.internal.NamedRunnable.run(NamedRunnable.java:32)
08-05 03:39:26.124  3363  3363 I Glide   : 	at java.util.concurrent.ThreadPoolExecutor.runWorker(ThreadPoolExecutor.java:1113)
08-05 03:39:26.124  3363  3363 I Glide   : 	at java.util.concurrent.ThreadPoolExecutor$Worker.run(ThreadPoolExecutor.java:588)
08-05 03:39:26.124  3363  3363 I Glide   : 	at java.lang.Thread.run(Thread.java:818)
08-05 03:39:26.129  3363  3375 I art     : Starting a blocking GC Explicit
08-05 03:39:26.134  3363  4361 D ApOkHttpUrlLoader: buildLoadData() called with: model = [http://sixgun.org/files/linuxoutlaws.jpg], width = [224], height = [224]
08-05 03:39:26.135  3363  4172 D DBReader: getImageAuthentication() called with: imageUrl = [http://sixgun.org/files/linuxoutlaws.jpg]
08-05 03:39:26.141  3363  4172 D ApOkHttpUrlLoader: no credentials for 'http://sixgun.org/files/linuxoutlaws.jpg'
08-05 03:39:26.172  3363  3375 I art     : Explicit concurrent mark sweep GC freed 1014(82KB) AllocSpace objects, 0(0B) LOS objects, 23% free, 50MB/66MB, paused 1.545ms total 42.571ms
08-05 03:39:26.179  3363  4172 D DBWriter: updateFeedDownloadURL(original: http://sixgun.org/files/linuxoutlaws.jpg, updated: https://fab.industries/sixgun/files/linuxoutlaws.jpg)
08-05 03:39:26.184  3363  3375 I art     : Starting a blocking GC Explicit
08-05 03:39:26.227  3363  3375 I art     : Explicit concurrent mark sweep GC freed 275(13KB) AllocSpace objects, 0(0B) LOS objects, 23% free, 50MB/66MB, paused 1.606ms total 43.288ms
08-05 03:39:26.240  3363  3375 I art     : Starting a blocking GC Explicit
08-05 03:39:26.286  3363  3375 I art     : Explicit concurrent mark sweep GC freed 26(944B) AllocSpace objects, 0(0B) LOS objects, 23% free, 50MB/66MB, paused 1.723ms total 45.475ms
08-05 03:39:26.299  3363  3375 I art     : Starting a blocking GC Explicit
08-05 03:39:26.327  3363  4172 D MYTAG   : interceptor 2a
08-05 03:39:26.327  3363  4172 I NAPPA_EXPERIMENTATION: MetricNetworkRequestExecutionTime: REQUEST_DURATION_SYSTEM='186',REQUEST_DURATION_OKHTTP='144',REQUEST_SYNCHRONOUS='TRUE',RESPONSE_CODE='404',RESPONSE_METHOD='GET',RESPONSE_LENGTH_OKHTTP='-1',RESPONSE_LENGTH_HEADER='1503',REQUEST_PROTOCOL='h2',REQUEST_URL='https://fab.industries/sixgun/files/linuxoutlaws.jpg',
08-05 03:39:26.329  3363  3363 W Glide   : Load failed for http://sixgun.org/files/linuxoutlaws.jpg with size [224x224]
08-05 03:39:26.329  3363  3363 W Glide   : class com.bumptech.glide.load.engine.GlideException: Failed to load resource
08-05 03:39:26.329  3363  3363 W Glide   : There was 1 cause:
08-05 03:39:26.329  3363  3363 W Glide   : com.bumptech.glide.load.HttpException()
08-05 03:39:26.329  3363  3363 W Glide   :  call GlideException#logRootCauses(String) for more detail
08-05 03:39:26.329  3363  3363 W Glide   :   Cause (1 of 1): class com.bumptech.glide.load.engine.GlideException: Fetching data failed, class java.io.InputStream, REMOTE
08-05 03:39:26.329  3363  3363 W Glide   : There was 1 cause:
08-05 03:39:26.329  3363  3363 W Glide   : com.bumptech.glide.load.HttpException()
08-05 03:39:26.329  3363  3363 W Glide   :  call GlideException#logRootCauses(String) for more detail
08-05 03:39:26.329  3363  3363 W Glide   :     Cause (1 of 1): class com.bumptech.glide.load.HttpException: 
08-05 03:39:26.330  3363  3363 I Glide   : Root cause (1 of 1)
08-05 03:39:26.330  3363  3363 I Glide   : com.bumptech.glide.load.HttpException: 
08-05 03:39:26.330  3363  3363 I Glide   : 	at com.bumptech.glide.integration.okhttp3.OkHttpStreamFetcher.onResponse(OkHttpStreamFetcher.java:73)
08-05 03:39:26.330  3363  3363 I Glide   : 	at okhttp3.RealCall$AsyncCall.execute(RealCall.java:174)
08-05 03:39:26.330  3363  3363 I Glide   : 	at okhttp3.internal.NamedRunnable.run(NamedRunnable.java:32)
08-05 03:39:26.330  3363  3363 I Glide   : 	at java.util.concurrent.ThreadPoolExecutor.runWorker(ThreadPoolExecutor.java:1113)
08-05 03:39:26.330  3363  3363 I Glide   : 	at java.util.concurrent.ThreadPoolExecutor$Worker.run(ThreadPoolExecutor.java:588)
08-05 03:39:26.330  3363  3363 I Glide   : 	at java.lang.Thread.run(Thread.java:818)
08-05 03:39:26.348  3363  3375 I art     : Explicit concurrent mark sweep GC freed 281(40KB) AllocSpace objects, 0(0B) LOS objects, 23% free, 50MB/66MB, paused 1.738ms total 48.295ms
08-05 03:39:26.734  3363  5314 I art     : Starting a blocking GC Explicit
08-05 03:39:26.790  3363  5314 I art     : Explicit concurrent mark sweep GC freed 1581(88KB) AllocSpace objects, 1(20KB) LOS objects, 23% free, 50MB/66MB, paused 2.312ms total 54.909ms
08-05 03:39:26.806  3363  5314 I art     : Starting a blocking GC Explicit
08-05 03:39:26.849  3363  5314 I art     : Explicit concurrent mark sweep GC freed 43(1392B) AllocSpace objects, 0(0B) LOS objects, 23% free, 50MB/66MB, paused 1.524ms total 43.143ms
08-05 03:39:26.862  3363  5314 I art     : Starting a blocking GC Explicit
08-05 03:39:26.905  3363  5314 I art     : Explicit concurrent mark sweep GC freed 34(1120B) AllocSpace objects, 0(0B) LOS objects, 23% free, 50MB/66MB, paused 1.660ms total 42.747ms
08-05 03:39:26.919  3363  5314 I art     : Starting a blocking GC Explicit
08-05 03:39:26.962  3363  5314 I art     : Explicit concurrent mark sweep GC freed 15(480B) AllocSpace objects, 0(0B) LOS objects, 23% free, 50MB/66MB, paused 1.500ms total 43.456ms
08-05 03:39:26.976  3363  5314 I art     : Starting a blocking GC Explicit
08-05 03:39:27.018  3363  5314 I art     : Explicit concurrent mark sweep GC freed 7(224B) AllocSpace objects, 0(0B) LOS objects, 23% free, 50MB/66MB, paused 1.708ms total 41.342ms
08-05 03:39:27.401  3363  4345 I art     : Starting a blocking GC Explicit
08-05 03:39:27.468  3363  4345 I art     : Explicit concurrent mark sweep GC freed 1412(81KB) AllocSpace objects, 1(20KB) LOS objects, 23% free, 50MB/66MB, paused 1.808ms total 66.026ms
08-05 03:39:27.484  3363  4345 I art     : Starting a blocking GC Explicit
08-05 03:39:27.530  3363  4345 I art     : Explicit concurrent mark sweep GC freed 23(752B) AllocSpace objects, 0(0B) LOS objects, 23% free, 50MB/66MB, paused 1.666ms total 44.901ms
08-05 03:39:27.543  3363  4345 I art     : Starting a blocking GC Explicit
08-05 03:39:27.591  3363  4345 I art     : Explicit concurrent mark sweep GC freed 3(96B) AllocSpace objects, 0(0B) LOS objects, 23% free, 50MB/66MB, paused 1.599ms total 47.215ms
08-05 03:39:27.604  3363  4345 I art     : Starting a blocking GC Explicit
08-05 03:39:27.652  3363  4345 I art     : Explicit concurrent mark sweep GC freed 3(96B) AllocSpace objects, 0(0B) LOS objects, 23% free, 50MB/66MB, paused 1.634ms total 47.579ms
08-05 03:39:27.666  3363  4345 I art     : Starting a blocking GC Explicit
08-05 03:39:27.713  3363  4345 I art     : Explicit concurrent mark sweep GC freed 3(96B) AllocSpace objects, 0(0B) LOS objects, 23% free, 50MB/66MB, paused 1.627ms total 46.745ms
08-05 03:39:28.083  3363  3376 I art     : Starting a blocking GC Explicit
08-05 03:39:28.134  3363  3376 I art     : Explicit concurrent mark sweep GC freed 1383(81KB) AllocSpace objects, 1(20KB) LOS objects, 23% free, 50MB/66MB, paused 1.699ms total 50.869ms
08-05 03:39:28.148  3363  3376 I art     : Starting a blocking GC Explicit
08-05 03:39:28.196  3363  3376 I art     : Explicit concurrent mark sweep GC freed 23(752B) AllocSpace objects, 0(0B) LOS objects, 23% free, 50MB/66MB, paused 1.695ms total 47.308ms
08-05 03:39:28.209  3363  3376 I art     : Starting a blocking GC Explicit
08-05 03:39:28.256  3363  3376 I art     : Explicit concurrent mark sweep GC freed 3(96B) AllocSpace objects, 0(0B) LOS objects, 23% free, 50MB/66MB, paused 1.690ms total 46.704ms
08-05 03:39:28.270  3363  3376 I art     : Starting a blocking GC Explicit
08-05 03:39:28.318  3363  3376 I art     : Explicit concurrent mark sweep GC freed 3(96B) AllocSpace objects, 0(0B) LOS objects, 23% free, 50MB/66MB, paused 1.725ms total 47.407ms
08-05 03:39:28.334  3363  3376 I art     : Starting a blocking GC Explicit
08-05 03:39:28.382  3363  3376 I art     : Explicit concurrent mark sweep GC freed 3(96B) AllocSpace objects, 0(0B) LOS objects, 23% free, 50MB/66MB, paused 1.539ms total 48.033ms
08-05 03:39:28.769  3363  5314 I art     : Starting a blocking GC Explicit
08-05 03:39:28.827  3363  5314 I art     : Explicit concurrent mark sweep GC freed 1415(81KB) AllocSpace objects, 1(20KB) LOS objects, 23% free, 50MB/66MB, paused 1.796ms total 57.970ms
08-05 03:39:28.843  3363  5314 I art     : Starting a blocking GC Explicit
08-05 03:39:28.889  3363  5314 I art     : Explicit concurrent mark sweep GC freed 25(800B) AllocSpace objects, 0(0B) LOS objects, 23% free, 50MB/66MB, paused 1.655ms total 45.947ms
08-05 03:39:28.902  3363  5314 I art     : Starting a blocking GC Explicit
08-05 03:39:28.949  3363  5314 I art     : Explicit concurrent mark sweep GC freed 42(2096B) AllocSpace objects, 0(0B) LOS objects, 23% free, 50MB/66MB, paused 1.666ms total 46.302ms
08-05 03:39:28.962  3363  5314 I art     : Starting a blocking GC Explicit
08-05 03:39:29.008  3363  5314 I art     : Explicit concurrent mark sweep GC freed 9(320B) AllocSpace objects, 0(0B) LOS objects, 23% free, 50MB/66MB, paused 1.780ms total 46.250ms
08-05 03:39:29.022  3363  5314 I art     : Starting a blocking GC Explicit
08-05 03:39:29.071  3363  5314 I art     : Explicit concurrent mark sweep GC freed 3(96B) AllocSpace objects, 0(0B) LOS objects, 23% free, 50MB/66MB, paused 1.781ms total 49.161ms
08-05 03:39:29.464  3363  3376 I art     : Starting a blocking GC Explicit
08-05 03:39:29.523  3363  3376 I art     : Explicit concurrent mark sweep GC freed 1413(82KB) AllocSpace objects, 1(20KB) LOS objects, 23% free, 50MB/66MB, paused 1.772ms total 58.022ms
08-05 03:39:29.539  3363  3376 I art     : Starting a blocking GC Explicit
08-05 03:39:29.589  3363  3376 I art     : Explicit concurrent mark sweep GC freed 23(752B) AllocSpace objects, 0(0B) LOS objects, 23% free, 50MB/66MB, paused 1.758ms total 49.710ms
08-05 03:39:29.606  3363  3376 I art     : Starting a blocking GC Explicit
08-05 03:39:29.652  3363  3376 I art     : Explicit concurrent mark sweep GC freed 3(96B) AllocSpace objects, 0(0B) LOS objects, 23% free, 50MB/66MB, paused 1.663ms total 45.412ms
08-05 03:39:29.666  3363  3376 I art     : Starting a blocking GC Explicit
08-05 03:39:29.713  3363  3376 I art     : Explicit concurrent mark sweep GC freed 3(96B) AllocSpace objects, 0(0B) LOS objects, 23% free, 50MB/66MB, paused 1.667ms total 47.087ms
08-05 03:39:29.726  3363  3376 I art     : Starting a blocking GC Explicit
08-05 03:39:29.773  3363  3376 I art     : Explicit concurrent mark sweep GC freed 3(96B) AllocSpace objects, 0(0B) LOS objects, 23% free, 50MB/66MB, paused 1.619ms total 46.412ms
08-05 03:39:29.870   518   646 I ThermalEngine: ACTION: GPU - Setting GPU[0] to 510000000
08-05 03:39:30.146  3363  3471 I art     : Starting a blocking GC Explicit
08-05 03:39:30.191  3363  3471 I art     : Explicit concurrent mark sweep GC freed 1385(82KB) AllocSpace objects, 1(20KB) LOS objects, 23% free, 50MB/66MB, paused 1.228ms total 44.879ms
08-05 03:39:30.206  3363  3471 I art     : Starting a blocking GC Explicit
08-05 03:39:30.245  3363  3471 I art     : Explicit concurrent mark sweep GC freed 23(752B) AllocSpace objects, 0(0B) LOS objects, 23% free, 50MB/66MB, paused 1.152ms total 38.995ms
08-05 03:39:30.255  3363  3471 I art     : Starting a blocking GC Explicit
08-05 03:39:30.292  3363  3471 I art     : Explicit concurrent mark sweep GC freed 3(96B) AllocSpace objects, 0(0B) LOS objects, 23% free, 50MB/66MB, paused 1.166ms total 36.025ms
08-05 03:39:30.302  3363  3471 I art     : Starting a blocking GC Explicit
08-05 03:39:30.338  3363  3471 I art     : Explicit concurrent mark sweep GC freed 3(96B) AllocSpace objects, 0(0B) LOS objects, 23% free, 50MB/66MB, paused 1.266ms total 36.190ms
08-05 03:39:30.349  3363  3471 I art     : Starting a blocking GC Explicit
08-05 03:39:30.385  3363  3471 I art     : Explicit concurrent mark sweep GC freed 3(96B) AllocSpace objects, 0(0B) LOS objects, 23% free, 50MB/66MB, paused 1.220ms total 35.284ms
08-05 03:39:30.695  3363  3375 I art     : Starting a blocking GC Explicit
08-05 03:39:30.735  3363  3375 I art     : Explicit concurrent mark sweep GC freed 1415(82KB) AllocSpace objects, 1(20KB) LOS objects, 23% free, 50MB/66MB, paused 1.396ms total 39.744ms
08-05 03:39:30.746  3363  3375 I art     : Starting a blocking GC Explicit
08-05 03:39:30.779  3363  3375 I art     : Explicit concurrent mark sweep GC freed 23(752B) AllocSpace objects, 0(0B) LOS objects, 23% free, 50MB/66MB, paused 1.209ms total 33.063ms
08-05 03:39:30.789  3363  3375 I art     : Starting a blocking GC Explicit
08-05 03:39:30.823  3363  3375 I art     : Explicit concurrent mark sweep GC freed 3(96B) AllocSpace objects, 0(0B) LOS objects, 23% free, 50MB/66MB, paused 1.222ms total 33.554ms
08-05 03:39:30.833  3363  3375 I art     : Starting a blocking GC Explicit
08-05 03:39:30.867  3363  3375 I art     : Explicit concurrent mark sweep GC freed 3(96B) AllocSpace objects, 0(0B) LOS objects, 23% free, 50MB/66MB, paused 1.238ms total 33.749ms
08-05 03:39:30.877  3363  3375 I art     : Starting a blocking GC Explicit
08-05 03:39:30.882  6585  6585 D AndroidRuntime: >>>>>> START com.android.internal.os.RuntimeInit uid 2000 <<<<<<
08-05 03:39:30.887  6585  6585 D AndroidRuntime: CheckJNI is OFF
08-05 03:39:30.910  3363  3375 I art     : Explicit concurrent mark sweep GC freed 3(96B) AllocSpace objects, 0(0B) LOS objects, 23% free, 50MB/66MB, paused 1.248ms total 33.071ms
08-05 03:39:30.923  6585  6585 D ICU     : No timezone override file found: /data/misc/zoneinfo/current/icu/icu_tzdata.dat
08-05 03:39:30.955  6585  6585 I Radio-JNI: register_android_hardware_Radio DONE
08-05 03:39:30.976  6585  6585 D AndroidRuntime: Calling main entry com.android.commands.input.Input
08-05 03:39:30.978  6585  6585 I Input   : injectMotionEvent: MotionEvent { action=ACTION_DOWN, actionButton=0, id[0]=0, x[0]=526.0, y[0]=597.0, toolType[0]=TOOL_TYPE_UNKNOWN, buttonState=0, metaState=0, flags=0x0, edgeFlags=0x0, pointerCount=1, historySize=0, eventTime=761987391, downTime=761987391, deviceId=0, source=0x1002 }
08-05 03:39:30.983  6585  6585 I Input   : injectMotionEvent: MotionEvent { action=ACTION_UP, actionButton=0, id[0]=0, x[0]=526.0, y[0]=597.0, toolType[0]=TOOL_TYPE_UNKNOWN, buttonState=0, metaState=0, flags=0x0, edgeFlags=0x0, pointerCount=1, historySize=0, eventTime=761987391, downTime=761987391, deviceId=0, source=0x1002 }
08-05 03:39:30.985  6585  6585 D AndroidRuntime: Shutting down VM
08-05 03:39:31.050  3363  3363 D PodcastListFragment: Selected podcast: GpodnetPodcast [url=http://feeds.feedburner.com/linuxoutlaws, title=Linux Outlaws, description=Two pragmatic geeks talk about the latest news concerning Linux, free and open
08-05 03:39:31.050  3363  3363 D PodcastListFragment: technology or anything else they deem noteworthy which may include such absurd
08-05 03:39:31.050  3363  3363 D PodcastListFragment: things as hockey or bands you never heard of. This means there's many a joke
08-05 03:39:31.050  3363  3363 D PodcastListFragment: and derailed conversation along the way, so don't come here expecting only
08-05 03:39:31.050  3363  3363 D PodcastListFragment: Linux or software freedom talk  just sit back and relax, partner., subscribers=3321, logoUrl=http://sixgun.org/files/linuxoutlaws.jpg, website=http://sixgun.org, mygpoLink=http://gpodder.net/podcast/linux-outlaws-mp3]
08-05 03:39:31.051   918   928 I ActivityManager: START u0 {cmp=baseline.de.danoeh.antennapod.debug/baseline.de.danoeh.antennapod.activity.OnlineFeedViewActivity (has extras)} from uid 10691 on display 0
08-05 03:39:31.051   512  2967 D audio_hw_primary: out_set_parameters: enter: usecase(1: low-latency-playback) kvpairs: routing=2
08-05 03:39:31.064   512  2967 D audio_hw_primary: select_devices: out_snd_device(2: speaker) in_snd_device(0: none)
08-05 03:39:31.064   512  2967 D msm8974_platform: platform_send_audio_calibration: sending audio calibration for snd_device(2) acdb_id(15)
08-05 03:39:31.064   512  2967 I soundtrigger: audio_extn_sound_trigger_update_device_status: device 0x2 of type 0 for Event 1
08-05 03:39:31.074   918   937 W ProcessCpuTracker: Skipping unknown process pid 6608
08-05 03:39:31.075   512  2967 D audio_hw_primary: enable_snd_device: snd_device(2: speaker)
08-05 03:39:31.079   512  2967 D audio_hw_primary: enable_audio_route: apply and update mixer path: low-latency-playback speaker
08-05 03:39:31.082  3363  3363 D UserPreferences: Using default data folder
08-05 03:39:31.083  3363  3363 D OnlineFeedViewActivity: Activity was started with url http://feeds.feedburner.com/linuxoutlaws
08-05 03:39:31.085  3363  3363 D OnlineFeedViewActivity: Starting feed download
08-05 03:39:31.088  3363  3955 D DBReader: Extracting Feedlist
08-05 03:39:31.092   918  6112 D WifiService: acquireWifiLockLocked: WifiLock{Downloader type=1 binder=android.os.BinderProxy@902f271}
08-05 03:39:31.093  3363  3955 D AntennapodHttpClient: Creating new instance of HTTP client
08-05 03:39:31.131 13866 13866 I GoogleInputMethodServic: GoogleInputMethodService.onFinishInput():3138 
08-05 03:39:31.132 13866 13866 I GoogleInputMethodServic: GoogleInputMethodService.onStartInput():1808 
08-05 03:39:31.153   918   936 I ActivityManager: Displayed baseline.de.danoeh.antennapod.debug/baseline.de.danoeh.antennapod.activity.OnlineFeedViewActivity: +92ms
08-05 03:39:31.166  3363  3955 D MYTAG   : interceptor 3a http://feeds.feedburner.com/linuxoutlaws
08-05 03:39:31.166  3363  3955 I NAPPA_EXPERIMENTATION: MetricNetworkRequestExecutionTime: REQUEST_DURATION_SYSTEM='72',REQUEST_DURATION_OKHTTP='36',REQUEST_SYNCHRONOUS='TRUE',RESPONSE_CODE='200',RESPONSE_METHOD='GET',RESPONSE_LENGTH_OKHTTP='-1',RESPONSE_LENGTH_HEADER='-2',REQUEST_PROTOCOL='http/1.1',REQUEST_URL='http://feeds.feedburner.com/linuxoutlaws',
08-05 03:39:31.167  3363  3955 D HttpDownloader: Response code is 200
08-05 03:39:31.167  3363  3955 D UserPreferences: Using default data folder
08-05 03:39:31.168  3363  3955 D HttpDownloader: Getting size of download
08-05 03:39:31.168  3363  3955 D HttpDownloader: Size is -1
08-05 03:39:31.168  3363  3955 D UserPreferences: Using default data folder
08-05 03:39:31.168  3363  3955 D HttpDownloader: Free space is 20226560000
08-05 03:39:31.169  3363  3955 D HttpDownloader: Starting download
08-05 03:39:31.171  3363  3955 D HttpDownloader: Download was successful
08-05 03:39:31.172   918   929 D WifiService: releaseWifiLockLocked: WifiLock{Downloader type=1 binder=android.os.BinderProxy@902f271}
08-05 03:39:31.176  3363  3384 D OpenGLRenderer: endAllStagingAnimators on 0x7f7ed55c00 (GridView) with handle 0x7f7e46c560
08-05 03:39:31.179  3363  3363 D OnlineFeedViewActivity: Parsing feed
08-05 03:39:31.183  3363  6620 D TypeGetter: Recognized type RSS 2.0
08-05 03:39:31.184  3363  6620 D SyndHandler: Recognized Content namespace
08-05 03:39:31.184  3363  6620 D SyndHandler: Recognized DublinCore namespace
08-05 03:39:31.185  3363  6620 D SyndHandler: Recognized Atom namespace
08-05 03:39:31.185  3363  6620 D SyndHandler: Recognized ITunes namespace
08-05 03:39:31.185  3363  6620 D SyndHandler: Recognized media namespace
08-05 03:39:31.214  3363  3376 I art     : Starting a blocking GC Explicit
08-05 03:39:31.223  3363  6620 D OnlineFeedViewActivity: Deleted feed source file. Result: true
08-05 03:39:31.223  3363  3363 D OnlineFeedViewActivity: Removing HTML from shownotes
08-05 03:39:31.237  3363  4361 D ApOkHttpUrlLoader: buildLoadData() called with: model = [http://sixgun.org/files/linuxoutlaws.jpg], width = [350], height = [350]
08-05 03:39:31.238  3363  4172 D DBReader: getImageAuthentication() called with: imageUrl = [http://sixgun.org/files/linuxoutlaws.jpg]
08-05 03:39:31.242  3363  4172 D ApOkHttpUrlLoader: no credentials for 'http://sixgun.org/files/linuxoutlaws.jpg'
08-05 03:39:31.257  3363  3376 I art     : Explicit concurrent mark sweep GC freed 8263(927KB) AllocSpace objects, 16(848KB) LOS objects, 23% free, 51MB/67MB, paused 5.820ms total 43.205ms
08-05 03:39:31.268  3363  3376 I art     : Starting a blocking GC Explicit
08-05 03:39:31.285  3363  4172 D DBWriter: updateFeedDownloadURL(original: http://sixgun.org/files/linuxoutlaws.jpg, updated: https://fab.industries/sixgun/files/linuxoutlaws.jpg)
08-05 03:39:31.302  3363  3376 I art     : Explicit concurrent mark sweep GC freed 8592(451KB) AllocSpace objects, 0(0B) LOS objects, 23% free, 51MB/67MB, paused 1.201ms total 34.164ms
08-05 03:39:31.312  3363  3376 I art     : Starting a blocking GC Explicit
08-05 03:39:31.348  3363  3376 I art     : Explicit concurrent mark sweep GC freed 193(9KB) AllocSpace objects, 0(0B) LOS objects, 23% free, 51MB/67MB, paused 1.226ms total 35.015ms
08-05 03:39:31.358  3363  3376 I art     : Starting a blocking GC Explicit
08-05 03:39:31.400  3363  3376 I art     : Explicit concurrent mark sweep GC freed 10(416B) AllocSpace objects, 0(0B) LOS objects, 23% free, 51MB/67MB, paused 1.210ms total 41.734ms
08-05 03:39:31.400  3363  3373 I art     : WaitForGcToComplete blocked for 41.990ms for cause HeapTrim
08-05 03:39:31.407   380   380 W SurfaceFlinger: couldn't log to binary event log: overflow.
08-05 03:39:31.413  3363  3376 I art     : Starting a blocking GC Explicit
08-05 03:39:31.431  3363  4172 D MYTAG   : interceptor 2a
08-05 03:39:31.431  3363  4172 I NAPPA_EXPERIMENTATION: MetricNetworkRequestExecutionTime: REQUEST_DURATION_SYSTEM='189',REQUEST_DURATION_OKHTTP='143',REQUEST_SYNCHRONOUS='TRUE',RESPONSE_CODE='404',RESPONSE_METHOD='GET',RESPONSE_LENGTH_OKHTTP='-1',RESPONSE_LENGTH_HEADER='1503',REQUEST_PROTOCOL='h2',REQUEST_URL='https://fab.industries/sixgun/files/linuxoutlaws.jpg',
08-05 03:39:31.432  3363  3363 W Glide   : Load failed for http://sixgun.org/files/linuxoutlaws.jpg with size [350x350]
08-05 03:39:31.432  3363  3363 W Glide   : class com.bumptech.glide.load.engine.GlideException: Failed to load resource
08-05 03:39:31.432  3363  3363 W Glide   : There was 1 cause:
08-05 03:39:31.432  3363  3363 W Glide   : com.bumptech.glide.load.HttpException()
08-05 03:39:31.432  3363  3363 W Glide   :  call GlideException#logRootCauses(String) for more detail
08-05 03:39:31.432  3363  3363 W Glide   :   Cause (1 of 1): class com.bumptech.glide.load.engine.GlideException: Fetching data failed, class java.io.InputStream, REMOTE
08-05 03:39:31.432  3363  3363 W Glide   : There was 1 cause:
08-05 03:39:31.432  3363  3363 W Glide   : com.bumptech.glide.load.HttpException()
08-05 03:39:31.432  3363  3363 W Glide   :  call GlideException#logRootCauses(String) for more detail
08-05 03:39:31.432  3363  3363 W Glide   :     Cause (1 of 1): class com.bumptech.glide.load.HttpException: 
08-05 03:39:31.433  3363  3363 I Glide   : Root cause (1 of 1)
08-05 03:39:31.433  3363  3363 I Glide   : com.bumptech.glide.load.HttpException: 
08-05 03:39:31.433  3363  3363 I Glide   : 	at com.bumptech.glide.integration.okhttp3.OkHttpStreamFetcher.onResponse(OkHttpStreamFetcher.java:73)
08-05 03:39:31.433  3363  3363 I Glide   : 	at okhttp3.RealCall$AsyncCall.execute(RealCall.java:174)
08-05 03:39:31.433  3363  3363 I Glide   : 	at okhttp3.internal.NamedRunnable.run(NamedRunnable.java:32)
08-05 03:39:31.433  3363  3363 I Glide   : 	at java.util.concurrent.ThreadPoolExecutor.runWorker(ThreadPoolExecutor.java:1113)
08-05 03:39:31.433  3363  3363 I Glide   : 	at java.util.concurrent.ThreadPoolExecutor$Worker.run(ThreadPoolExecutor.java:588)
08-05 03:39:31.433  3363  3363 I Glide   : 	at java.lang.Thread.run(Thread.java:818)
08-05 03:39:31.448  3363  3376 I art     : Explicit concurrent mark sweep GC freed 339(42KB) AllocSpace objects, 0(0B) LOS objects, 23% free, 51MB/67MB, paused 1.225ms total 34.650ms
08-05 03:39:31.528  3363  3363 D PlaybackController: Releasing PlaybackController
08-05 03:39:31.619   512  2967 D audio_hw_primary: disable_audio_route: reset and update mixer path: low-latency-playback speaker
08-05 03:39:31.620   512  2967 D audio_hw_primary: disable_snd_device: snd_device(2: speaker)
08-05 03:39:31.628   512  2967 I soundtrigger: audio_extn_sound_trigger_update_device_status: device 0x2 of type 0 for Event 0
08-05 03:39:31.768  3363  4345 I art     : Starting a blocking GC Explicit
08-05 03:39:31.817  3363  4345 I art     : Explicit concurrent mark sweep GC freed 1827(103KB) AllocSpace objects, 2(132KB) LOS objects, 23% free, 51MB/67MB, paused 1.361ms total 48.035ms
08-05 03:39:31.829  3363  4345 I art     : Starting a blocking GC Explicit
08-05 03:39:31.867  3363  4345 I art     : Explicit concurrent mark sweep GC freed 50(1648B) AllocSpace objects, 0(0B) LOS objects, 23% free, 51MB/67MB, paused 1.296ms total 37.780ms
08-05 03:39:31.878  3363  4345 I art     : Starting a blocking GC Explicit
08-05 03:39:31.915  3363  4345 I art     : Explicit concurrent mark sweep GC freed 3(96B) AllocSpace objects, 0(0B) LOS objects, 23% free, 51MB/67MB, paused 1.217ms total 37.225ms
08-05 03:39:31.926  3363  4345 I art     : Starting a blocking GC Explicit
08-05 03:39:31.963  3363  4345 I art     : Explicit concurrent mark sweep GC freed 3(96B) AllocSpace objects, 0(0B) LOS objects, 23% free, 51MB/67MB, paused 1.202ms total 37.040ms
08-05 03:39:31.974  3363  4345 I art     : Starting a blocking GC Explicit
08-05 03:39:32.010  3363  4345 I art     : Explicit concurrent mark sweep GC freed 3(96B) AllocSpace objects, 0(0B) LOS objects, 23% free, 51MB/67MB, paused 1.228ms total 36.294ms
08-05 03:39:32.343  3363  3471 I art     : Starting a blocking GC Explicit
08-05 03:39:32.390  3363  3471 I art     : Explicit concurrent mark sweep GC freed 1381(81KB) AllocSpace objects, 1(20KB) LOS objects, 23% free, 51MB/67MB, paused 1.395ms total 46.677ms
08-05 03:39:32.406  3363  3471 I art     : Starting a blocking GC Explicit
08-05 03:39:32.443  3363  3471 I art     : Explicit concurrent mark sweep GC freed 54(1584B) AllocSpace objects, 0(0B) LOS objects, 23% free, 51MB/67MB, paused 1.237ms total 37ms
08-05 03:39:32.454  3363  3471 I art     : Starting a blocking GC Explicit
08-05 03:39:32.491  3363  3471 I art     : Explicit concurrent mark sweep GC freed 3(96B) AllocSpace objects, 0(0B) LOS objects, 23% free, 51MB/67MB, paused 1.224ms total 36.667ms
08-05 03:39:32.501  3363  3471 I art     : Starting a blocking GC Explicit
08-05 03:39:32.539  3363  3471 I art     : Explicit concurrent mark sweep GC freed 3(96B) AllocSpace objects, 0(0B) LOS objects, 23% free, 51MB/67MB, paused 1.312ms total 37.886ms
08-05 03:39:32.550  3363  3471 I art     : Starting a blocking GC Explicit
08-05 03:39:32.588  3363  3471 I art     : Explicit concurrent mark sweep GC freed 3(96B) AllocSpace objects, 0(0B) LOS objects, 23% free, 51MB/67MB, paused 1.326ms total 38.121ms
08-05 03:39:32.873   518   646 I ThermalEngine: ACTION: GPU - Setting GPU[0] to 450000000
08-05 03:39:32.967  3363  3471 I art     : Starting a blocking GC Explicit
08-05 03:39:33.015  3363  3471 I art     : Explicit concurrent mark sweep GC freed 1402(81KB) AllocSpace objects, 1(20KB) LOS objects, 23% free, 51MB/67MB, paused 1.545ms total 48.048ms
08-05 03:39:33.029  3363  3471 I art     : Starting a blocking GC Explicit
08-05 03:39:33.075  3363  3471 I art     : Explicit concurrent mark sweep GC freed 29(944B) AllocSpace objects, 0(0B) LOS objects, 23% free, 51MB/67MB, paused 1.558ms total 46.169ms
08-05 03:39:33.089  3363  3471 I art     : Starting a blocking GC Explicit
08-05 03:39:33.133  3363  3471 I art     : Explicit concurrent mark sweep GC freed 6(192B) AllocSpace objects, 0(0B) LOS objects, 23% free, 51MB/67MB, paused 1.510ms total 43.963ms
08-05 03:39:33.147  3363  3471 I art     : Starting a blocking GC Explicit
08-05 03:39:33.188  3363  3471 I art     : Explicit concurrent mark sweep GC freed 3(96B) AllocSpace objects, 0(0B) LOS objects, 23% free, 51MB/67MB, paused 1.631ms total 40.786ms
08-05 03:39:33.201  3363  3471 I art     : Starting a blocking GC Explicit
08-05 03:39:33.250  3363  3471 I art     : Explicit concurrent mark sweep GC freed 3(96B) AllocSpace objects, 0(0B) LOS objects, 23% free, 51MB/67MB, paused 1.605ms total 48.791ms
08-05 03:39:33.633  3363  5314 I art     : Starting a blocking GC Explicit
08-05 03:39:33.698  3363  5314 I art     : Explicit concurrent mark sweep GC freed 1412(81KB) AllocSpace objects, 1(20KB) LOS objects, 23% free, 51MB/67MB, paused 1.774ms total 64.262ms
08-05 03:39:33.714  3363  5314 I art     : Starting a blocking GC Explicit
08-05 03:39:33.763  3363  5314 I art     : Explicit concurrent mark sweep GC freed 23(752B) AllocSpace objects, 0(0B) LOS objects, 23% free, 51MB/67MB, paused 1.668ms total 48.695ms
08-05 03:39:33.777  3363  5314 I art     : Starting a blocking GC Explicit
08-05 03:39:33.828  3363  5314 I art     : Explicit concurrent mark sweep GC freed 3(96B) AllocSpace objects, 0(0B) LOS objects, 23% free, 51MB/67MB, paused 1.782ms total 50.418ms
08-05 03:39:33.841  3363  5314 I art     : Starting a blocking GC Explicit
08-05 03:39:33.890  3363  5314 I art     : Explicit concurrent mark sweep GC freed 3(96B) AllocSpace objects, 0(0B) LOS objects, 23% free, 51MB/67MB, paused 1.707ms total 48.290ms
08-05 03:39:33.904  3363  5314 I art     : Starting a blocking GC Explicit
08-05 03:39:33.946  3363  5314 I art     : Explicit concurrent mark sweep GC freed 3(96B) AllocSpace objects, 0(0B) LOS objects, 23% free, 51MB/67MB, paused 1.457ms total 42.156ms
08-05 03:39:34.291  3363  4345 I art     : Starting a blocking GC Explicit
08-05 03:39:34.352  3363  4345 I art     : Explicit concurrent mark sweep GC freed 1381(81KB) AllocSpace objects, 1(20KB) LOS objects, 23% free, 51MB/67MB, paused 1.862ms total 61.154ms
08-05 03:39:34.369  3363  4345 I art     : Starting a blocking GC Explicit
08-05 03:39:34.420  3363  4345 I art     : Explicit concurrent mark sweep GC freed 37(1200B) AllocSpace objects, 0(0B) LOS objects, 23% free, 51MB/67MB, paused 1.836ms total 50.866ms
08-05 03:39:34.437  3363  4345 I art     : Starting a blocking GC Explicit
08-05 03:39:34.486  3363  4345 I art     : Explicit concurrent mark sweep GC freed 34(928B) AllocSpace objects, 0(0B) LOS objects, 23% free, 51MB/67MB, paused 1.677ms total 49.087ms
08-05 03:39:34.500  3363  4345 I art     : Starting a blocking GC Explicit
08-05 03:39:34.552  3363  4345 I art     : Explicit concurrent mark sweep GC freed 3(96B) AllocSpace objects, 0(0B) LOS objects, 23% free, 51MB/67MB, paused 1.828ms total 51.491ms
08-05 03:39:34.569  3363  4345 I art     : Starting a blocking GC Explicit
08-05 03:39:34.618  3363  4345 I art     : Explicit concurrent mark sweep GC freed 3(96B) AllocSpace objects, 0(0B) LOS objects, 23% free, 51MB/67MB, paused 1.778ms total 48.760ms
08-05 03:39:34.877   518   646 I ThermalEngine: ACTION: GPU - Setting GPU[0] to 510000000
08-05 03:39:35.008  3363  3471 I art     : Starting a blocking GC Explicit
08-05 03:39:35.056  3363  3471 I art     : Explicit concurrent mark sweep GC freed 1383(84KB) AllocSpace objects, 1(20KB) LOS objects, 23% free, 51MB/67MB, paused 1.338ms total 47.143ms
08-05 03:39:35.070  3363  3471 I art     : Starting a blocking GC Explicit
08-05 03:39:35.107  3363  3471 I art     : Explicit concurrent mark sweep GC freed 23(752B) AllocSpace objects, 0(0B) LOS objects, 23% free, 51MB/67MB, paused 1.379ms total 37.130ms
08-05 03:39:35.118  3363  3471 I art     : Starting a blocking GC Explicit
08-05 03:39:35.156  3363  3471 I art     : Explicit concurrent mark sweep GC freed 3(96B) AllocSpace objects, 0(0B) LOS objects, 23% free, 51MB/67MB, paused 1.243ms total 37.934ms
08-05 03:39:35.167  3363  3471 I art     : Starting a blocking GC Explicit
08-05 03:39:35.203  3363  3471 I art     : Explicit concurrent mark sweep GC freed 3(96B) AllocSpace objects, 0(0B) LOS objects, 23% free, 51MB/67MB, paused 1.157ms total 36.514ms
08-05 03:39:35.214  3363  3471 I art     : Starting a blocking GC Explicit
08-05 03:39:35.250  3363  3471 I art     : Explicit concurrent mark sweep GC freed 3(96B) AllocSpace objects, 0(0B) LOS objects, 23% free, 51MB/67MB, paused 1.164ms total 35.668ms
08-05 03:39:35.555  3363  5314 I art     : Starting a blocking GC Explicit
08-05 03:39:35.593  3363  5314 I art     : Explicit concurrent mark sweep GC freed 1415(82KB) AllocSpace objects, 1(20KB) LOS objects, 23% free, 51MB/67MB, paused 1.256ms total 37.182ms
08-05 03:39:35.603  3363  5314 I art     : Starting a blocking GC Explicit
08-05 03:39:35.640  3363  5314 I art     : Explicit concurrent mark sweep GC freed 23(752B) AllocSpace objects, 0(0B) LOS objects, 23% free, 51MB/67MB, paused 1.266ms total 36.508ms
08-05 03:39:35.650  3363  5314 I art     : Starting a blocking GC Explicit
08-05 03:39:35.657  6682  6682 D AndroidRuntime: >>>>>> START com.android.internal.os.RuntimeInit uid 2000 <<<<<<
08-05 03:39:35.662  6682  6682 D AndroidRuntime: CheckJNI is OFF
08-05 03:39:35.686  3363  5314 I art     : Explicit concurrent mark sweep GC freed 3(96B) AllocSpace objects, 0(0B) LOS objects, 23% free, 51MB/67MB, paused 1.250ms total 35.542ms
08-05 03:39:35.696  3363  5314 I art     : Starting a blocking GC Explicit
08-05 03:39:35.699  6682  6682 D ICU     : No timezone override file found: /data/misc/zoneinfo/current/icu/icu_tzdata.dat
08-05 03:39:35.731  3363  5314 I art     : Explicit concurrent mark sweep GC freed 3(96B) AllocSpace objects, 0(0B) LOS objects, 23% free, 51MB/67MB, paused 1.273ms total 34.611ms
08-05 03:39:35.733  6682  6682 I Radio-JNI: register_android_hardware_Radio DONE
08-05 03:39:35.741  3363  5314 I art     : Starting a blocking GC Explicit
08-05 03:39:35.756  6682  6682 D AndroidRuntime: Calling main entry com.android.commands.input.Input
08-05 03:39:35.758  6682  6682 I Input   : injectKeyEvent: KeyEvent { action=ACTION_DOWN, keyCode=KEYCODE_BACK, scanCode=0, metaState=0, flags=0x0, repeatCount=0, eventTime=761992171, downTime=761992171, deviceId=-1, source=0x101 }
08-05 03:39:35.764  6682  6682 I Input   : injectKeyEvent: KeyEvent { action=ACTION_UP, keyCode=KEYCODE_BACK, scanCode=0, metaState=0, flags=0x0, repeatCount=0, eventTime=761992171, downTime=761992171, deviceId=-1, source=0x101 }
08-05 03:39:35.769  6682  6682 D AndroidRuntime: Shutting down VM
08-05 03:39:35.775  3363  5314 I art     : Explicit concurrent mark sweep GC freed 25(1088B) AllocSpace objects, 0(0B) LOS objects, 23% free, 51MB/67MB, paused 1.200ms total 33.832ms
08-05 03:39:35.775  3363  3363 V PlaybackController: initServiceNotRunning()
08-05 03:39:35.775  3363  3363 D ExternalPlayerFragment: Loading media info
08-05 03:39:35.777  3363  4361 D ApOkHttpUrlLoader: buildLoadData() called with: model = [http://sixgun.org/files/linuxoutlaws.jpg], width = [224], height = [224]
08-05 03:39:35.777  3363  4172 D DBReader: getImageAuthentication() called with: imageUrl = [http://sixgun.org/files/linuxoutlaws.jpg]
08-05 03:39:35.780  3363  4172 D ApOkHttpUrlLoader: no credentials for 'http://sixgun.org/files/linuxoutlaws.jpg'
08-05 03:39:35.783  3363  3363 D UserPreferences: Using default data folder
08-05 03:39:35.784  3363  3950 D DBReader: getNavDrawerData() called with: 
08-05 03:39:35.794  3363  3950 D DBReader: getDownloadedItems() called
08-05 03:39:35.795  3363  3950 D DBReader: getFavoriteIDList() called
08-05 03:39:35.796  3363  3950 D DBReader: getQueueIDList() called
08-05 03:39:35.796  3363  3950 D DBReader: Extracting Feedlist
08-05 03:39:35.812 13866 13866 I GoogleInputMethodServic: GoogleInputMethodService.onFinishInput():3138 
08-05 03:39:35.812 13866 13866 I GoogleInputMethodServic: GoogleInputMethodService.onStartInput():1808 
08-05 03:39:35.829  3363  3363 D MainActivity: getLastNavFragment() -> AddFeedFragment
08-05 03:39:35.873  3363  4172 D DBWriter: updateFeedDownloadURL(original: http://sixgun.org/files/linuxoutlaws.jpg, updated: https://fab.industries/sixgun/files/linuxoutlaws.jpg)
08-05 03:39:36.023  3363  4172 D MYTAG   : interceptor 2a
08-05 03:39:36.023  3363  4172 I NAPPA_EXPERIMENTATION: MetricNetworkRequestExecutionTime: REQUEST_DURATION_SYSTEM='243',REQUEST_DURATION_OKHTTP='149',REQUEST_SYNCHRONOUS='TRUE',RESPONSE_CODE='404',RESPONSE_METHOD='GET',RESPONSE_LENGTH_OKHTTP='-1',RESPONSE_LENGTH_HEADER='1503',REQUEST_PROTOCOL='h2',REQUEST_URL='https://fab.industries/sixgun/files/linuxoutlaws.jpg',
08-05 03:39:36.025  3363  3363 W Glide   : Load failed for http://sixgun.org/files/linuxoutlaws.jpg with size [224x224]
08-05 03:39:36.025  3363  3363 W Glide   : class com.bumptech.glide.load.engine.GlideException: Failed to load resource
08-05 03:39:36.025  3363  3363 W Glide   : There was 1 cause:
08-05 03:39:36.025  3363  3363 W Glide   : com.bumptech.glide.load.HttpException()
08-05 03:39:36.025  3363  3363 W Glide   :  call GlideException#logRootCauses(String) for more detail
08-05 03:39:36.025  3363  3363 W Glide   :   Cause (1 of 1): class com.bumptech.glide.load.engine.GlideException: Fetching data failed, class java.io.InputStream, REMOTE
08-05 03:39:36.025  3363  3363 W Glide   : There was 1 cause:
08-05 03:39:36.025  3363  3363 W Glide   : com.bumptech.glide.load.HttpException()
08-05 03:39:36.025  3363  3363 W Glide   :  call GlideException#logRootCauses(String) for more detail
08-05 03:39:36.025  3363  3363 W Glide   :     Cause (1 of 1): class com.bumptech.glide.load.HttpException: 
08-05 03:39:36.025  3363  3363 I Glide   : Root cause (1 of 1)
08-05 03:39:36.025  3363  3363 I Glide   : com.bumptech.glide.load.HttpException: 
08-05 03:39:36.025  3363  3363 I Glide   : 	at com.bumptech.glide.integration.okhttp3.OkHttpStreamFetcher.onResponse(OkHttpStreamFetcher.java:73)
08-05 03:39:36.025  3363  3363 I Glide   : 	at okhttp3.RealCall$AsyncCall.execute(RealCall.java:174)
08-05 03:39:36.025  3363  3363 I Glide   : 	at okhttp3.internal.NamedRunnable.run(NamedRunnable.java:32)
08-05 03:39:36.025  3363  3363 I Glide   : 	at java.util.concurrent.ThreadPoolExecutor.runWorker(ThreadPoolExecutor.java:1113)
08-05 03:39:36.025  3363  3363 I Glide   : 	at java.util.concurrent.ThreadPoolExecutor$Worker.run(ThreadPoolExecutor.java:588)
08-05 03:39:36.025  3363  3363 I Glide   : 	at java.lang.Thread.run(Thread.java:818)
08-05 03:39:36.025  3363  3363 W Glide   : Load failed for http://sixgun.org/files/linuxoutlaws.jpg with size [224x224]
08-05 03:39:36.025  3363  3363 W Glide   : class com.bumptech.glide.load.engine.GlideException: Failed to load resource
08-05 03:39:36.025  3363  3363 W Glide   : There was 1 cause:
08-05 03:39:36.025  3363  3363 W Glide   : com.bumptech.glide.load.HttpException()
08-05 03:39:36.025  3363  3363 W Glide   :  call GlideException#logRootCauses(String) for more detail
08-05 03:39:36.025  3363  3363 W Glide   :   Cause (1 of 1): class com.bumptech.glide.load.engine.GlideException: Fetching data failed, class java.io.InputStream, REMOTE
08-05 03:39:36.025  3363  3363 W Glide   : There was 1 cause:
08-05 03:39:36.025  3363  3363 W Glide   : com.bumptech.glide.load.HttpException()
08-05 03:39:36.025  3363  3363 W Glide   :  call GlideException#logRootCauses(String) for more detail
08-05 03:39:36.025  3363  3363 W Glide   :     Cause (1 of 1): class com.bumptech.glide.load.HttpException: 
08-05 03:39:36.025  3363  3363 I Glide   : Root cause (1 of 1)
08-05 03:39:36.025  3363  3363 I Glide   : com.bumptech.glide.load.HttpException: 
08-05 03:39:36.025  3363  3363 I Glide   : 	at com.bumptech.glide.integration.okhttp3.OkHttpStreamFetcher.onResponse(OkHttpStreamFetcher.java:73)
08-05 03:39:36.025  3363  3363 I Glide   : 	at okhttp3.RealCall$AsyncCall.execute(RealCall.java:174)
08-05 03:39:36.025  3363  3363 I Glide   : 	at okhttp3.internal.NamedRunnable.run(NamedRunnable.java:32)
08-05 03:39:36.025  3363  3363 I Glide   : 	at java.util.concurrent.ThreadPoolExecutor.runWorker(ThreadPoolExecutor.java:1113)
08-05 03:39:36.025  3363  3363 I Glide   : 	at java.util.concurrent.ThreadPoolExecutor$Worker.run(ThreadPoolExecutor.java:588)
08-05 03:39:36.025  3363  3363 I Glide   : 	at java.lang.Thread.run(Thread.java:818)
08-05 03:39:36.086  3363  3376 I art     : Starting a blocking GC Explicit
08-05 03:39:36.128   380   380 W SurfaceFlinger: couldn't log to binary event log: overflow.
08-05 03:39:36.129  3363  3376 I art     : Explicit concurrent mark sweep GC freed 3654(259KB) AllocSpace objects, 1(20KB) LOS objects, 23% free, 51MB/67MB, paused 1.306ms total 41.592ms
08-05 03:39:36.144  3363  3376 I art     : Starting a blocking GC Explicit
08-05 03:39:36.175  3363  3376 I art     : Explicit concurrent mark sweep GC freed 1096(54KB) AllocSpace objects, 0(0B) LOS objects, 23% free, 51MB/67MB, paused 1.096ms total 31.189ms
08-05 03:39:36.185  3363  3376 I art     : Starting a blocking GC Explicit
08-05 03:39:36.217  3363  3376 I art     : Explicit concurrent mark sweep GC freed 2856(235KB) AllocSpace objects, 1(28KB) LOS objects, 23% free, 50MB/66MB, paused 1.191ms total 32.185ms
08-05 03:39:36.226  3363  3376 I art     : Starting a blocking GC Explicit
08-05 03:39:36.260  3363  3376 I art     : Explicit concurrent mark sweep GC freed 3(96B) AllocSpace objects, 0(0B) LOS objects, 23% free, 50MB/66MB, paused 1.225ms total 33.719ms
08-05 03:39:36.270  3363  3376 I art     : Starting a blocking GC Explicit
08-05 03:39:36.305  3363  3376 I art     : Explicit concurrent mark sweep GC freed 3(96B) AllocSpace objects, 0(0B) LOS objects, 23% free, 50MB/66MB, paused 1.218ms total 34.886ms
08-05 03:39:36.648  3363  3375 I art     : Starting a blocking GC Explicit
08-05 03:39:36.700  3363  3375 I art     : Explicit concurrent mark sweep GC freed 1412(81KB) AllocSpace objects, 1(20KB) LOS objects, 23% free, 50MB/66MB, paused 1.368ms total 51.400ms
08-05 03:39:36.712  3363  3375 I art     : Starting a blocking GC Explicit
08-05 03:39:36.749  3363  3375 I art     : Explicit concurrent mark sweep GC freed 23(752B) AllocSpace objects, 0(0B) LOS objects, 23% free, 50MB/66MB, paused 1.268ms total 36.794ms
08-05 03:39:36.760  3363  3375 I art     : Starting a blocking GC Explicit
08-05 03:39:36.796  3363  3375 I art     : Explicit concurrent mark sweep GC freed 3(96B) AllocSpace objects, 0(0B) LOS objects, 23% free, 50MB/66MB, paused 1.308ms total 35.697ms
08-05 03:39:36.806  3363  3375 I art     : Starting a blocking GC Explicit
08-05 03:39:36.843  3363  3375 I art     : Explicit concurrent mark sweep GC freed 3(96B) AllocSpace objects, 0(0B) LOS objects, 23% free, 50MB/66MB, paused 1.229ms total 36.130ms
08-05 03:39:36.853  3363  3375 I art     : Starting a blocking GC Explicit
08-05 03:39:36.889  3363  3375 I art     : Explicit concurrent mark sweep GC freed 3(96B) AllocSpace objects, 0(0B) LOS objects, 23% free, 50MB/66MB, paused 1.255ms total 35.727ms
08-05 03:39:37.188  3363  3471 I art     : Starting a blocking GC Explicit
08-05 03:39:37.230  3363  3471 I art     : Explicit concurrent mark sweep GC freed 1383(81KB) AllocSpace objects, 1(20KB) LOS objects, 23% free, 50MB/66MB, paused 1.276ms total 41.791ms
08-05 03:39:37.240  3363  3471 I art     : Starting a blocking GC Explicit
08-05 03:39:37.274  3363  3471 I art     : Explicit concurrent mark sweep GC freed 23(752B) AllocSpace objects, 0(0B) LOS objects, 23% free, 50MB/66MB, paused 1.234ms total 33.191ms
08-05 03:39:37.283  3363  3471 I art     : Starting a blocking GC Explicit
08-05 03:39:37.318  3363  3471 I art     : Explicit concurrent mark sweep GC freed 3(96B) AllocSpace objects, 0(0B) LOS objects, 23% free, 50MB/66MB, paused 1.275ms total 34.486ms
08-05 03:39:37.328  3363  3471 I art     : Starting a blocking GC Explicit
08-05 03:39:37.362  3363  3471 I art     : Explicit concurrent mark sweep GC freed 3(96B) AllocSpace objects, 0(0B) LOS objects, 23% free, 50MB/66MB, paused 1.228ms total 33.613ms
08-05 03:39:37.372  3363  3471 I art     : Starting a blocking GC Explicit
08-05 03:39:37.406  3363  3471 I art     : Explicit concurrent mark sweep GC freed 6(192B) AllocSpace objects, 0(0B) LOS objects, 23% free, 50MB/66MB, paused 1.184ms total 33.520ms
08-05 03:39:37.441  6727  6727 D AndroidRuntime: >>>>>> START com.android.internal.os.RuntimeInit uid 2000 <<<<<<
08-05 03:39:37.446  6727  6727 D AndroidRuntime: CheckJNI is OFF
08-05 03:39:37.477  6727  6727 D ICU     : No timezone override file found: /data/misc/zoneinfo/current/icu/icu_tzdata.dat
08-05 03:39:37.510  6727  6727 I Radio-JNI: register_android_hardware_Radio DONE
08-05 03:39:37.531  6727  6727 D AndroidRuntime: Calling main entry com.android.commands.input.Input
08-05 03:39:37.533  6727  6727 I Input   : injectMotionEvent: MotionEvent { action=ACTION_DOWN, actionButton=0, id[0]=0, x[0]=526.0, y[0]=597.0, toolType[0]=TOOL_TYPE_UNKNOWN, buttonState=0, metaState=0, flags=0x0, edgeFlags=0x0, pointerCount=1, historySize=0, eventTime=761993946, downTime=761993946, deviceId=0, source=0x1002 }
08-05 03:39:37.539  6727  6727 I Input   : injectMotionEvent: MotionEvent { action=ACTION_UP, actionButton=0, id[0]=0, x[0]=526.0, y[0]=597.0, toolType[0]=TOOL_TYPE_UNKNOWN, buttonState=0, metaState=0, flags=0x0, edgeFlags=0x0, pointerCount=1, historySize=0, eventTime=761993946, downTime=761993946, deviceId=0, source=0x1002 }
08-05 03:39:37.541  6727  6727 D AndroidRuntime: Shutting down VM
08-05 03:39:37.614  3363  3363 D PodcastListFragment: Selected podcast: GpodnetPodcast [url=http://feeds.feedburner.com/linuxoutlaws, title=Linux Outlaws, description=Two pragmatic geeks talk about the latest news concerning Linux, free and open
08-05 03:39:37.614  3363  3363 D PodcastListFragment: technology or anything else they deem noteworthy which may include such absurd
08-05 03:39:37.614  3363  3363 D PodcastListFragment: things as hockey or bands you never heard of. This means there's many a joke
08-05 03:39:37.614  3363  3363 D PodcastListFragment: and derailed conversation along the way, so don't come here expecting only
08-05 03:39:37.614  3363  3363 D PodcastListFragment: Linux or software freedom talk  just sit back and relax, partner., subscribers=3321, logoUrl=http://sixgun.org/files/linuxoutlaws.jpg, website=http://sixgun.org, mygpoLink=http://gpodder.net/podcast/linux-outlaws-mp3]
08-05 03:39:37.615   918  5481 I ActivityManager: START u0 {cmp=baseline.de.danoeh.antennapod.debug/baseline.de.danoeh.antennapod.activity.OnlineFeedViewActivity (has extras)} from uid 10691 on display 0
08-05 03:39:37.617   512  2967 D audio_hw_primary: out_set_parameters: enter: usecase(1: low-latency-playback) kvpairs: routing=2
08-05 03:39:37.629   512  2967 D audio_hw_primary: select_devices: out_snd_device(2: speaker) in_snd_device(0: none)
08-05 03:39:37.629   512  2967 D msm8974_platform: platform_send_audio_calibration: sending audio calibration for snd_device(2) acdb_id(15)
08-05 03:39:37.630   512  2967 I soundtrigger: audio_extn_sound_trigger_update_device_status: device 0x2 of type 0 for Event 1
08-05 03:39:37.640   512  2967 D audio_hw_primary: enable_snd_device: snd_device(2: speaker)
08-05 03:39:37.642   512  2967 D audio_hw_primary: enable_audio_route: apply and update mixer path: low-latency-playback speaker
08-05 03:39:37.660  3363  3363 D UserPreferences: Using default data folder
08-05 03:39:37.661  3363  3363 D OnlineFeedViewActivity: Activity was started with url http://feeds.feedburner.com/linuxoutlaws
08-05 03:39:37.665  3363  3363 D OnlineFeedViewActivity: Starting feed download
08-05 03:39:37.667  3363  3955 D DBReader: Extracting Feedlist
08-05 03:39:37.669   918  6110 D WifiService: acquireWifiLockLocked: WifiLock{Downloader type=1 binder=android.os.BinderProxy@f316cde}
08-05 03:39:37.670  3363  3955 D AntennapodHttpClient: Creating new instance of HTTP client
08-05 03:39:37.701  3363  3375 I art     : Starting a blocking GC Explicit
08-05 03:39:37.707 13866 13866 I GoogleInputMethodServic: GoogleInputMethodService.onFinishInput():3138 
08-05 03:39:37.707 13866 13866 I GoogleInputMethodServic: GoogleInputMethodService.onStartInput():1808 
08-05 03:39:37.729   918   936 I ActivityManager: Displayed baseline.de.danoeh.antennapod.debug/baseline.de.danoeh.antennapod.activity.OnlineFeedViewActivity: +94ms
08-05 03:39:37.739  3363  3375 I art     : Explicit concurrent mark sweep GC freed 2887(186KB) AllocSpace objects, 1(20KB) LOS objects, 23% free, 51MB/67MB, paused 1.422ms total 37.811ms
08-05 03:39:37.749  3363  3375 I art     : Starting a blocking GC Explicit
08-05 03:39:37.750  3363  3384 D OpenGLRenderer: endAllStagingAnimators on 0x7f7ed55c00 (GridView) with handle 0x7f7a043920
08-05 03:39:37.783  3363  3375 I art     : Explicit concurrent mark sweep GC freed 366(16KB) AllocSpace objects, 0(0B) LOS objects, 23% free, 51MB/67MB, paused 1.229ms total 34.001ms
08-05 03:39:37.793  3363  3375 I art     : Starting a blocking GC Explicit
08-05 03:39:37.825  3363  3955 D MYTAG   : interceptor 3a http://feeds.feedburner.com/linuxoutlaws
08-05 03:39:37.825  3363  3955 I NAPPA_EXPERIMENTATION: MetricNetworkRequestExecutionTime: REQUEST_DURATION_SYSTEM='155',REQUEST_DURATION_OKHTTP='39',REQUEST_SYNCHRONOUS='TRUE',RESPONSE_CODE='200',RESPONSE_METHOD='GET',RESPONSE_LENGTH_OKHTTP='-1',RESPONSE_LENGTH_HEADER='-2',REQUEST_PROTOCOL='http/1.1',REQUEST_URL='http://feeds.feedburner.com/linuxoutlaws',
08-05 03:39:37.825  3363  3955 D HttpDownloader: Response code is 200
08-05 03:39:37.825  3363  3955 D UserPreferences: Using default data folder
08-05 03:39:37.825  3363  3375 I art     : Explicit concurrent mark sweep GC freed 123(8KB) AllocSpace objects, 0(0B) LOS objects, 23% free, 51MB/67MB, paused 1.410ms total 32.406ms
08-05 03:39:37.827  3363  3955 D HttpDownloader: Getting size of download
08-05 03:39:37.827  3363  3955 D HttpDownloader: Size is -1
08-05 03:39:37.827  3363  3955 D UserPreferences: Using default data folder
08-05 03:39:37.827  3363  3955 D HttpDownloader: Free space is 20226560000
08-05 03:39:37.827  3363  3955 D HttpDownloader: Starting download
08-05 03:39:37.830  3363  3955 D HttpDownloader: Download was successful
08-05 03:39:37.831   918  4413 D WifiService: releaseWifiLockLocked: WifiLock{Downloader type=1 binder=android.os.BinderProxy@f316cde}
08-05 03:39:37.831  3363  3363 D OnlineFeedViewActivity: Parsing feed
08-05 03:39:37.834  3363  6761 D TypeGetter: Recognized type RSS 2.0
08-05 03:39:37.835  3363  6761 D SyndHandler: Recognized Content namespace
08-05 03:39:37.835  3363  3375 I art     : Starting a blocking GC Explicit
08-05 03:39:37.835  3363  6761 D SyndHandler: Recognized DublinCore namespace
08-05 03:39:37.835  3363  6761 D SyndHandler: Recognized Atom namespace
08-05 03:39:37.838  3363  6761 D SyndHandler: Recognized ITunes namespace
08-05 03:39:37.841  3363  6761 D SyndHandler: Recognized media namespace
08-05 03:39:37.870  3363  3375 I art     : Explicit concurrent mark sweep GC freed 1949(409KB) AllocSpace objects, 3(60KB) LOS objects, 23% free, 51MB/67MB, paused 1.556ms total 34.817ms
08-05 03:39:37.873  3363  6761 D OnlineFeedViewActivity: Deleted feed source file. Result: true
08-05 03:39:37.873  3363  3363 D OnlineFeedViewActivity: Removing HTML from shownotes
08-05 03:39:37.880  3363  3375 I art     : Starting a blocking GC Explicit
08-05 03:39:37.891  3363  4361 D ApOkHttpUrlLoader: buildLoadData() called with: model = [http://sixgun.org/files/linuxoutlaws.jpg], width = [350], height = [350]
08-05 03:39:37.892  3363  4172 D DBReader: getImageAuthentication() called with: imageUrl = [http://sixgun.org/files/linuxoutlaws.jpg]
08-05 03:39:37.895  3363  4172 D ApOkHttpUrlLoader: no credentials for 'http://sixgun.org/files/linuxoutlaws.jpg'
08-05 03:39:37.918  3363  3375 I art     : Explicit concurrent mark sweep GC freed 3873(353KB) AllocSpace objects, 11(748KB) LOS objects, 23% free, 51MB/67MB, paused 1.592ms total 38.047ms
08-05 03:39:37.928  3363  4172 D DBWriter: updateFeedDownloadURL(original: http://sixgun.org/files/linuxoutlaws.jpg, updated: https://fab.industries/sixgun/files/linuxoutlaws.jpg)
08-05 03:39:37.964   380   380 W SurfaceFlinger: couldn't log to binary event log: overflow.
08-05 03:39:38.074  3363  4172 D MYTAG   : interceptor 2a
08-05 03:39:38.075  3363  4172 I NAPPA_EXPERIMENTATION: MetricNetworkRequestExecutionTime: REQUEST_DURATION_SYSTEM='179',REQUEST_DURATION_OKHTTP='142',REQUEST_SYNCHRONOUS='TRUE',RESPONSE_CODE='404',RESPONSE_METHOD='GET',RESPONSE_LENGTH_OKHTTP='-1',RESPONSE_LENGTH_HEADER='1503',REQUEST_PROTOCOL='h2',REQUEST_URL='https://fab.industries/sixgun/files/linuxoutlaws.jpg',
08-05 03:39:38.076  3363  3363 W Glide   : Load failed for http://sixgun.org/files/linuxoutlaws.jpg with size [350x350]
08-05 03:39:38.076  3363  3363 W Glide   : class com.bumptech.glide.load.engine.GlideException: Failed to load resource
08-05 03:39:38.076  3363  3363 W Glide   : There was 1 cause:
08-05 03:39:38.076  3363  3363 W Glide   : com.bumptech.glide.load.HttpException()
08-05 03:39:38.076  3363  3363 W Glide   :  call GlideException#logRootCauses(String) for more detail
08-05 03:39:38.076  3363  3363 W Glide   :   Cause (1 of 1): class com.bumptech.glide.load.engine.GlideException: Fetching data failed, class java.io.InputStream, REMOTE
08-05 03:39:38.076  3363  3363 W Glide   : There was 1 cause:
08-05 03:39:38.076  3363  3363 W Glide   : com.bumptech.glide.load.HttpException()
08-05 03:39:38.076  3363  3363 W Glide   :  call GlideException#logRootCauses(String) for more detail
08-05 03:39:38.076  3363  3363 W Glide   :     Cause (1 of 1): class com.bumptech.glide.load.HttpException: 
08-05 03:39:38.076  3363  3363 I Glide   : Root cause (1 of 1)
08-05 03:39:38.076  3363  3363 I Glide   : com.bumptech.glide.load.HttpException: 
08-05 03:39:38.076  3363  3363 I Glide   : 	at com.bumptech.glide.integration.okhttp3.OkHttpStreamFetcher.onResponse(OkHttpStreamFetcher.java:73)
08-05 03:39:38.076  3363  3363 I Glide   : 	at okhttp3.RealCall$AsyncCall.execute(RealCall.java:174)
08-05 03:39:38.076  3363  3363 I Glide   : 	at okhttp3.internal.NamedRunnable.run(NamedRunnable.java:32)
08-05 03:39:38.076  3363  3363 I Glide   : 	at java.util.concurrent.ThreadPoolExecutor.runWorker(ThreadPoolExecutor.java:1113)
08-05 03:39:38.076  3363  3363 I Glide   : 	at java.util.concurrent.ThreadPoolExecutor$Worker.run(ThreadPoolExecutor.java:588)
08-05 03:39:38.076  3363  3363 I Glide   : 	at java.lang.Thread.run(Thread.java:818)
08-05 03:39:38.105  3363  3363 D PlaybackController: Releasing PlaybackController
08-05 03:39:38.179   512  2967 D audio_hw_primary: disable_audio_route: reset and update mixer path: low-latency-playback speaker
08-05 03:39:38.180   512  2967 D audio_hw_primary: disable_snd_device: snd_device(2: speaker)
08-05 03:39:38.188   512  2967 I soundtrigger: audio_extn_sound_trigger_update_device_status: device 0x2 of type 0 for Event 0
08-05 03:39:38.234  3363  5314 I art     : Starting a blocking GC Explicit
08-05 03:39:38.274  3363  5314 I art     : Explicit concurrent mark sweep GC freed 3049(191KB) AllocSpace objects, 2(132KB) LOS objects, 23% free, 51MB/67MB, paused 1.258ms total 40.263ms
08-05 03:39:38.285  3363  5314 I art     : Starting a blocking GC Explicit
08-05 03:39:38.323  3363  5314 I art     : Explicit concurrent mark sweep GC freed 73(2848B) AllocSpace objects, 0(0B) LOS objects, 23% free, 51MB/67MB, paused 1.287ms total 37.869ms
08-05 03:39:38.334  3363  5314 I art     : Starting a blocking GC Explicit
08-05 03:39:38.372  3363  5314 I art     : Explicit concurrent mark sweep GC freed 3(96B) AllocSpace objects, 0(0B) LOS objects, 23% free, 51MB/67MB, paused 1.286ms total 38.095ms
08-05 03:39:38.383  3363  5314 I art     : Starting a blocking GC Explicit
08-05 03:39:38.421  3363  5314 I art     : Explicit concurrent mark sweep GC freed 3(96B) AllocSpace objects, 0(0B) LOS objects, 23% free, 51MB/67MB, paused 1.269ms total 37.705ms
08-05 03:39:38.432  3363  5314 I art     : Starting a blocking GC Explicit
08-05 03:39:38.470  3363  5314 I art     : Explicit concurrent mark sweep GC freed 34(928B) AllocSpace objects, 0(0B) LOS objects, 23% free, 51MB/67MB, paused 1.383ms total 38.339ms
08-05 03:39:38.805  3363  3376 I art     : Starting a blocking GC Explicit
08-05 03:39:38.856  3363  3376 I art     : Explicit concurrent mark sweep GC freed 1384(81KB) AllocSpace objects, 1(20KB) LOS objects, 23% free, 51MB/67MB, paused 1.387ms total 51.617ms
08-05 03:39:38.871  3363  3376 I art     : Starting a blocking GC Explicit
08-05 03:39:38.886   518   646 I ThermalEngine: ACTION: GPU - Setting GPU[0] to 450000000
08-05 03:39:38.914  3363  3376 I art     : Explicit concurrent mark sweep GC freed 23(752B) AllocSpace objects, 0(0B) LOS objects, 23% free, 51MB/67MB, paused 1.735ms total 43.554ms
08-05 03:39:38.928  3363  3376 I art     : Starting a blocking GC Explicit
08-05 03:39:38.975  3363  3376 I art     : Explicit concurrent mark sweep GC freed 3(96B) AllocSpace objects, 0(0B) LOS objects, 23% free, 51MB/67MB, paused 1.678ms total 46.487ms
08-05 03:39:38.988  3363  3376 I art     : Starting a blocking GC Explicit
08-05 03:39:39.034  3363  3376 I art     : Explicit concurrent mark sweep GC freed 3(96B) AllocSpace objects, 0(0B) LOS objects, 23% free, 51MB/67MB, paused 1.699ms total 45.597ms
08-05 03:39:39.048  3363  3376 I art     : Starting a blocking GC Explicit
08-05 03:39:39.094  3363  3376 I art     : Explicit concurrent mark sweep GC freed 3(96B) AllocSpace objects, 0(0B) LOS objects, 23% free, 51MB/67MB, paused 1.669ms total 46.213ms
08-05 03:39:39.517  3363  4345 I art     : Starting a blocking GC Explicit
08-05 03:39:39.572  3363  4345 I art     : Explicit concurrent mark sweep GC freed 1422(82KB) AllocSpace objects, 1(20KB) LOS objects, 23% free, 51MB/67MB, paused 1.788ms total 54.877ms
08-05 03:39:39.586  3363  4345 I art     : Starting a blocking GC Explicit
08-05 03:39:39.631  3363  4345 I art     : Explicit concurrent mark sweep GC freed 30(976B) AllocSpace objects, 0(0B) LOS objects, 23% free, 51MB/67MB, paused 1.651ms total 44.534ms
08-05 03:39:39.643  3363  4345 I art     : Starting a blocking GC Explicit
08-05 03:39:39.688  3363  4345 I art     : Explicit concurrent mark sweep GC freed 9(288B) AllocSpace objects, 0(0B) LOS objects, 23% free, 51MB/67MB, paused 1.952ms total 44.528ms
08-05 03:39:39.702  3363  4345 I art     : Starting a blocking GC Explicit
08-05 03:39:39.747  3363  4345 I art     : Explicit concurrent mark sweep GC freed 10(320B) AllocSpace objects, 0(0B) LOS objects, 23% free, 51MB/67MB, paused 1.640ms total 44.626ms
08-05 03:39:39.760  3363  4345 I art     : Starting a blocking GC Explicit
08-05 03:39:39.807  3363  4345 I art     : Explicit concurrent mark sweep GC freed 3(96B) AllocSpace objects, 0(0B) LOS objects, 23% free, 51MB/67MB, paused 1.595ms total 46.121ms
08-05 03:39:40.231  3363  3471 I art     : Starting a blocking GC Explicit
08-05 03:39:40.293  3363  3471 I art     : Explicit concurrent mark sweep GC freed 1381(81KB) AllocSpace objects, 1(20KB) LOS objects, 23% free, 51MB/67MB, paused 1.851ms total 61.649ms
08-05 03:39:40.311  3363  3471 I art     : Starting a blocking GC Explicit
08-05 03:39:40.364  3363  3471 I art     : Explicit concurrent mark sweep GC freed 23(752B) AllocSpace objects, 0(0B) LOS objects, 23% free, 51MB/67MB, paused 1.729ms total 53.486ms
08-05 03:39:40.378  3363  3471 I art     : Starting a blocking GC Explicit
08-05 03:39:40.429  3363  3471 I art     : Explicit concurrent mark sweep GC freed 3(96B) AllocSpace objects, 0(0B) LOS objects, 23% free, 51MB/67MB, paused 1.825ms total 49.996ms
08-05 03:39:40.442  3363  3471 I art     : Starting a blocking GC Explicit
08-05 03:39:40.495  3363  3471 I art     : Explicit concurrent mark sweep GC freed 34(928B) AllocSpace objects, 0(0B) LOS objects, 23% free, 51MB/67MB, paused 1.827ms total 52.093ms
08-05 03:39:40.512  3363  3471 I art     : Starting a blocking GC Explicit
08-05 03:39:40.561  3363  3471 I art     : Explicit concurrent mark sweep GC freed 3(96B) AllocSpace objects, 0(0B) LOS objects, 23% free, 51MB/67MB, paused 1.642ms total 49.164ms
08-05 03:39:40.969  3363  5314 I art     : Starting a blocking GC Explicit
08-05 03:39:41.033  3363  5314 I art     : Explicit concurrent mark sweep GC freed 1381(81KB) AllocSpace objects, 1(20KB) LOS objects, 23% free, 51MB/67MB, paused 1.812ms total 63.360ms
08-05 03:39:41.049  3363  5314 I art     : Starting a blocking GC Explicit
08-05 03:39:41.097  3363  5314 I art     : Explicit concurrent mark sweep GC freed 23(752B) AllocSpace objects, 0(0B) LOS objects, 23% free, 51MB/67MB, paused 1.722ms total 48.138ms
08-05 03:39:41.111  3363  5314 I art     : Starting a blocking GC Explicit
08-05 03:39:41.161  3363  5314 I art     : Explicit concurrent mark sweep GC freed 3(96B) AllocSpace objects, 0(0B) LOS objects, 23% free, 51MB/67MB, paused 1.748ms total 50.371ms
08-05 03:39:41.175  3363  5314 I art     : Starting a blocking GC Explicit
08-05 03:39:41.225  3363  5314 I art     : Explicit concurrent mark sweep GC freed 3(96B) AllocSpace objects, 0(0B) LOS objects, 23% free, 51MB/67MB, paused 1.731ms total 49.263ms
08-05 03:39:41.239  3363  5314 I art     : Starting a blocking GC Explicit
08-05 03:39:41.290  3363  5314 I art     : Explicit concurrent mark sweep GC freed 3(96B) AllocSpace objects, 0(0B) LOS objects, 23% free, 51MB/67MB, paused 1.767ms total 50.912ms
08-05 03:39:41.482  5221  5221 I ServiceManager: Waiting for service AtCmdFwd...
08-05 03:39:41.688  3363  3376 I art     : Starting a blocking GC Explicit
08-05 03:39:41.751  3363  3376 I art     : Explicit concurrent mark sweep GC freed 1414(84KB) AllocSpace objects, 1(20KB) LOS objects, 23% free, 51MB/67MB, paused 2.165ms total 62.792ms
08-05 03:39:41.751  3363  3373 I art     : WaitForGcToComplete blocked for 50.378ms for cause HeapTrim
08-05 03:39:41.766  3363  3376 I art     : Starting a blocking GC Explicit
08-05 03:39:41.812  3363  3376 I art     : Explicit concurrent mark sweep GC freed 23(752B) AllocSpace objects, 0(0B) LOS objects, 23% free, 51MB/67MB, paused 1.685ms total 45.839ms
08-05 03:39:41.826  3363  3376 I art     : Starting a blocking GC Explicit
08-05 03:39:41.868  3363  3376 I art     : Explicit concurrent mark sweep GC freed 3(96B) AllocSpace objects, 0(0B) LOS objects, 23% free, 51MB/67MB, paused 1.738ms total 41.400ms
08-05 03:39:41.881  3363  3376 I art     : Starting a blocking GC Explicit
08-05 03:39:41.891   518   646 I ThermalEngine: ACTION: GPU - Setting GPU[0] to 510000000
08-05 03:39:41.924  3363  3376 I art     : Explicit concurrent mark sweep GC freed 3(96B) AllocSpace objects, 0(0B) LOS objects, 23% free, 51MB/67MB, paused 1.674ms total 43.152ms
08-05 03:39:41.936  3363  3376 I art     : Starting a blocking GC Explicit
08-05 03:39:41.972  3363  3376 I art     : Explicit concurrent mark sweep GC freed 3(96B) AllocSpace objects, 0(0B) LOS objects, 23% free, 51MB/67MB, paused 1.271ms total 36.232ms
08-05 03:39:42.231  6823  6823 D AndroidRuntime: >>>>>> START com.android.internal.os.RuntimeInit uid 2000 <<<<<<
08-05 03:39:42.236  6823  6823 D AndroidRuntime: CheckJNI is OFF
08-05 03:39:42.270  6823  6823 D ICU     : No timezone override file found: /data/misc/zoneinfo/current/icu/icu_tzdata.dat
08-05 03:39:42.304  6823  6823 I Radio-JNI: register_android_hardware_Radio DONE
08-05 03:39:42.324  3363  3375 I art     : Starting a blocking GC Explicit
08-05 03:39:42.327  6823  6823 D AndroidRuntime: Calling main entry com.android.commands.input.Input
08-05 03:39:42.328  6823  6823 I Input   : injectKeyEvent: KeyEvent { action=ACTION_DOWN, keyCode=KEYCODE_BACK, scanCode=0, metaState=0, flags=0x0, repeatCount=0, eventTime=761998741, downTime=761998741, deviceId=-1, source=0x101 }
08-05 03:39:42.335  6823  6823 I Input   : injectKeyEvent: KeyEvent { action=ACTION_UP, keyCode=KEYCODE_BACK, scanCode=0, metaState=0, flags=0x0, repeatCount=0, eventTime=761998741, downTime=761998741, deviceId=-1, source=0x101 }
08-05 03:39:42.341  6823  6823 D AndroidRuntime: Shutting down VM
08-05 03:39:42.347  3363  3363 V PlaybackController: initServiceNotRunning()
08-05 03:39:42.348  3363  3363 D ExternalPlayerFragment: Loading media info
08-05 03:39:42.349  3363  4361 D ApOkHttpUrlLoader: buildLoadData() called with: model = [http://sixgun.org/files/linuxoutlaws.jpg], width = [224], height = [224]
08-05 03:39:42.350  3363  4172 D DBReader: getImageAuthentication() called with: imageUrl = [http://sixgun.org/files/linuxoutlaws.jpg]
08-05 03:39:42.353  3363  4172 D ApOkHttpUrlLoader: no credentials for 'http://sixgun.org/files/linuxoutlaws.jpg'
08-05 03:39:42.356  3363  3363 D UserPreferences: Using default data folder
08-05 03:39:42.361  3363  3950 D DBReader: getNavDrawerData() called with: 
08-05 03:39:42.362  3363  3375 I art     : Explicit concurrent mark sweep GC freed 1743(101KB) AllocSpace objects, 1(20KB) LOS objects, 23% free, 51MB/67MB, paused 1.318ms total 37.112ms
08-05 03:39:42.373  3363  3950 D DBReader: getDownloadedItems() called
08-05 03:39:42.374  3363  3950 D DBReader: getFavoriteIDList() called
08-05 03:39:42.374  3363  3950 D DBReader: getQueueIDList() called
08-05 03:39:42.375  3363  3950 D DBReader: Extracting Feedlist
08-05 03:39:42.375  3363  3375 I art     : Starting a blocking GC Explicit
08-05 03:39:42.393 13866 13866 I GoogleInputMethodServic: GoogleInputMethodService.onFinishInput():3138 
08-05 03:39:42.393 13866 13866 I GoogleInputMethodServic: GoogleInputMethodService.onStartInput():1808 
08-05 03:39:42.407  3363  3375 I art     : Explicit concurrent mark sweep GC freed 622(47KB) AllocSpace objects, 0(0B) LOS objects, 23% free, 51MB/67MB, paused 1.451ms total 32.258ms
08-05 03:39:42.411  3363  3363 D MainActivity: getLastNavFragment() -> AddFeedFragment
08-05 03:39:42.418  3363  3375 I art     : Starting a blocking GC Explicit
08-05 03:39:42.423  3363  4172 D DBWriter: updateFeedDownloadURL(original: http://sixgun.org/files/linuxoutlaws.jpg, updated: https://fab.industries/sixgun/files/linuxoutlaws.jpg)
08-05 03:39:42.452  3363  3375 I art     : Explicit concurrent mark sweep GC freed 1001(48KB) AllocSpace objects, 0(0B) LOS objects, 23% free, 51MB/67MB, paused 1.255ms total 34.186ms
08-05 03:39:42.461  3363  3375 I art     : Starting a blocking GC Explicit
08-05 03:39:42.482  5221  5221 I ServiceManager: Waiting for service AtCmdFwd...
08-05 03:39:42.492  3363  3375 I art     : Explicit concurrent mark sweep GC freed 265(15KB) AllocSpace objects, 0(0B) LOS objects, 23% free, 51MB/67MB, paused 1.142ms total 30.720ms
08-05 03:39:42.502  3363  3375 I art     : Starting a blocking GC Explicit
08-05 03:39:42.533  3363  3375 I art     : Explicit concurrent mark sweep GC freed 3(96B) AllocSpace objects, 0(0B) LOS objects, 23% free, 51MB/67MB, paused 1.252ms total 31.521ms
08-05 03:39:42.567  3363  4172 D MYTAG   : interceptor 2a
08-05 03:39:42.567  3363  4172 I NAPPA_EXPERIMENTATION: MetricNetworkRequestExecutionTime: REQUEST_DURATION_SYSTEM='214',REQUEST_DURATION_OKHTTP='140',REQUEST_SYNCHRONOUS='TRUE',RESPONSE_CODE='404',RESPONSE_METHOD='GET',RESPONSE_LENGTH_OKHTTP='-1',RESPONSE_LENGTH_HEADER='1503',REQUEST_PROTOCOL='h2',REQUEST_URL='https://fab.industries/sixgun/files/linuxoutlaws.jpg',
08-05 03:39:42.568  3363  3363 W Glide   : Load failed for http://sixgun.org/files/linuxoutlaws.jpg with size [224x224]
08-05 03:39:42.568  3363  3363 W Glide   : class com.bumptech.glide.load.engine.GlideException: Failed to load resource
08-05 03:39:42.568  3363  3363 W Glide   : There was 1 cause:
08-05 03:39:42.568  3363  3363 W Glide   : com.bumptech.glide.load.HttpException()
08-05 03:39:42.568  3363  3363 W Glide   :  call GlideException#logRootCauses(String) for more detail
08-05 03:39:42.568  3363  3363 W Glide   :   Cause (1 of 1): class com.bumptech.glide.load.engine.GlideException: Fetching data failed, class java.io.InputStream, REMOTE
08-05 03:39:42.568  3363  3363 W Glide   : There was 1 cause:
08-05 03:39:42.568  3363  3363 W Glide   : com.bumptech.glide.load.HttpException()
08-05 03:39:42.568  3363  3363 W Glide   :  call GlideException#logRootCauses(String) for more detail
08-05 03:39:42.568  3363  3363 W Glide   :     Cause (1 of 1): class com.bumptech.glide.load.HttpException: 
08-05 03:39:42.568  3363  3363 I Glide   : Root cause (1 of 1)
08-05 03:39:42.568  3363  3363 I Glide   : com.bumptech.glide.load.HttpException: 
08-05 03:39:42.568  3363  3363 I Glide   : 	at com.bumptech.glide.integration.okhttp3.OkHttpStreamFetcher.onResponse(OkHttpStreamFetcher.java:73)
08-05 03:39:42.568  3363  3363 I Glide   : 	at okhttp3.RealCall$AsyncCall.execute(RealCall.java:174)
08-05 03:39:42.568  3363  3363 I Glide   : 	at okhttp3.internal.NamedRunnable.run(NamedRunnable.java:32)
08-05 03:39:42.568  3363  3363 I Glide   : 	at java.util.concurrent.ThreadPoolExecutor.runWorker(ThreadPoolExecutor.java:1113)
08-05 03:39:42.568  3363  3363 I Glide   : 	at java.util.concurrent.ThreadPoolExecutor$Worker.run(ThreadPoolExecutor.java:588)
08-05 03:39:42.568  3363  3363 I Glide   : 	at java.lang.Thread.run(Thread.java:818)
08-05 03:39:42.568  3363  3363 W Glide   : Load failed for http://sixgun.org/files/linuxoutlaws.jpg with size [224x224]
08-05 03:39:42.568  3363  3363 W Glide   : class com.bumptech.glide.load.engine.GlideException: Failed to load resource
08-05 03:39:42.568  3363  3363 W Glide   : There was 1 cause:
08-05 03:39:42.568  3363  3363 W Glide   : com.bumptech.glide.load.HttpException()
08-05 03:39:42.568  3363  3363 W Glide   :  call GlideException#logRootCauses(String) for more detail
08-05 03:39:42.568  3363  3363 W Glide   :   Cause (1 of 1): class com.bumptech.glide.load.engine.GlideException: Fetching data failed, class java.io.InputStream, REMOTE
08-05 03:39:42.568  3363  3363 W Glide   : There was 1 cause:
08-05 03:39:42.568  3363  3363 W Glide   : com.bumptech.glide.load.HttpException()
08-05 03:39:42.568  3363  3363 W Glide   :  call GlideException#logRootCauses(String) for more detail
08-05 03:39:42.568  3363  3363 W Glide   :     Cause (1 of 1): class com.bumptech.glide.load.HttpException: 
08-05 03:39:42.569  3363  3363 I Glide   : Root cause (1 of 1)
08-05 03:39:42.569  3363  3363 I Glide   : com.bumptech.glide.load.HttpException: 
08-05 03:39:42.569  3363  3363 I Glide   : 	at com.bumptech.glide.integration.okhttp3.OkHttpStreamFetcher.onResponse(OkHttpStreamFetcher.java:73)
08-05 03:39:42.569  3363  3363 I Glide   : 	at okhttp3.RealCall$AsyncCall.execute(RealCall.java:174)
08-05 03:39:42.569  3363  3363 I Glide   : 	at okhttp3.internal.NamedRunnable.run(NamedRunnable.java:32)
08-05 03:39:42.569  3363  3363 I Glide   : 	at java.util.concurrent.ThreadPoolExecutor.runWorker(ThreadPoolExecutor.java:1113)
08-05 03:39:42.569  3363  3363 I Glide   : 	at java.util.concurrent.ThreadPoolExecutor$Worker.run(ThreadPoolExecutor.java:588)
08-05 03:39:42.569  3363  3363 I Glide   : 	at java.lang.Thread.run(Thread.java:818)
08-05 03:39:42.703   380   380 W SurfaceFlinger: couldn't log to binary event log: overflow.
08-05 03:39:42.826  3363  5314 I art     : Starting a blocking GC Explicit
08-05 03:39:42.861  3363  5314 I art     : Explicit concurrent mark sweep GC freed 2547(182KB) AllocSpace objects, 1(20KB) LOS objects, 23% free, 51MB/67MB, paused 1.228ms total 34.048ms
08-05 03:39:42.870  3363  5314 I art     : Starting a blocking GC Explicit
08-05 03:39:42.902  3363  5314 I art     : Explicit concurrent mark sweep GC freed 2896(237KB) AllocSpace objects, 1(28KB) LOS objects, 23% free, 50MB/66MB, paused 1.178ms total 31.193ms
08-05 03:39:42.911  3363  5314 I art     : Starting a blocking GC Explicit
08-05 03:39:42.943  3363  5314 I art     : Explicit concurrent mark sweep GC freed 3(96B) AllocSpace objects, 0(0B) LOS objects, 23% free, 50MB/66MB, paused 1.226ms total 31.441ms
08-05 03:39:42.952  3363  5314 I art     : Starting a blocking GC Explicit
08-05 03:39:42.984  3363  5314 I art     : Explicit concurrent mark sweep GC freed 3(96B) AllocSpace objects, 0(0B) LOS objects, 23% free, 50MB/66MB, paused 1.186ms total 31.414ms
08-05 03:39:42.993  3363  5314 I art     : Starting a blocking GC Explicit
08-05 03:39:43.025  3363  5314 I art     : Explicit concurrent mark sweep GC freed 3(96B) AllocSpace objects, 0(0B) LOS objects, 23% free, 50MB/66MB, paused 1.194ms total 31.452ms
08-05 03:39:43.339  3363  3376 I art     : Starting a blocking GC Explicit
08-05 03:39:43.381  3363  3376 I art     : Explicit concurrent mark sweep GC freed 1383(81KB) AllocSpace objects, 1(20KB) LOS objects, 23% free, 50MB/66MB, paused 1.425ms total 41.973ms
08-05 03:39:43.394  3363  3376 I art     : Starting a blocking GC Explicit
08-05 03:39:43.431  3363  3376 I art     : Explicit concurrent mark sweep GC freed 53(1552B) AllocSpace objects, 0(0B) LOS objects, 23% free, 50MB/66MB, paused 1.300ms total 37.107ms
08-05 03:39:43.442  3363  3376 I art     : Starting a blocking GC Explicit
08-05 03:39:43.478  3363  3376 I art     : Explicit concurrent mark sweep GC freed 4(128B) AllocSpace objects, 0(0B) LOS objects, 23% free, 50MB/66MB, paused 1.320ms total 36.423ms
08-05 03:39:43.483  5221  5221 I ServiceManager: Waiting for service AtCmdFwd...
08-05 03:39:43.489  3363  3376 I art     : Starting a blocking GC Explicit
08-05 03:39:43.526  3363  3376 I art     : Explicit concurrent mark sweep GC freed 3(96B) AllocSpace objects, 0(0B) LOS objects, 23% free, 50MB/66MB, paused 1.269ms total 37.172ms
08-05 03:39:43.537  3363  3376 I art     : Starting a blocking GC Explicit
08-05 03:39:43.573  3363  3376 I art     : Explicit concurrent mark sweep GC freed 3(96B) AllocSpace objects, 0(0B) LOS objects, 23% free, 50MB/66MB, paused 1.184ms total 35.772ms
08-05 03:39:43.890  3363  3471 I art     : Starting a blocking GC Explicit
08-05 03:39:43.926  3363  3471 I art     : Explicit concurrent mark sweep GC freed 1406(82KB) AllocSpace objects, 1(20KB) LOS objects, 23% free, 50MB/66MB, paused 1.265ms total 35.735ms
08-05 03:39:43.936  3363  3471 I art     : Starting a blocking GC Explicit
08-05 03:39:43.970  3363  3471 I art     : Explicit concurrent mark sweep GC freed 23(752B) AllocSpace objects, 0(0B) LOS objects, 23% free, 50MB/66MB, paused 1.224ms total 33.460ms
08-05 03:39:43.980  3363  3471 I art     : Starting a blocking GC Explicit
08-05 03:39:43.991  6866  6866 D AndroidRuntime: >>>>>> START com.android.internal.os.RuntimeInit uid 2000 <<<<<<
08-05 03:39:43.996  6866  6866 D AndroidRuntime: CheckJNI is OFF
08-05 03:39:44.015  3363  3471 I art     : Explicit concurrent mark sweep GC freed 14(448B) AllocSpace objects, 0(0B) LOS objects, 23% free, 50MB/66MB, paused 1.343ms total 34.681ms
08-05 03:39:44.025  3363  3471 I art     : Starting a blocking GC Explicit
08-05 03:39:44.033  6866  6866 D ICU     : No timezone override file found: /data/misc/zoneinfo/current/icu/icu_tzdata.dat
08-05 03:39:44.057  3363  3471 I art     : Explicit concurrent mark sweep GC freed 14(448B) AllocSpace objects, 0(0B) LOS objects, 23% free, 50MB/66MB, paused 1.296ms total 31.457ms
08-05 03:39:44.066  3363  3471 I art     : Starting a blocking GC Explicit
08-05 03:39:44.068  6866  6866 I Radio-JNI: register_android_hardware_Radio DONE
08-05 03:39:44.090  6866  6866 D AndroidRuntime: Calling main entry com.android.commands.input.Input
08-05 03:39:44.091  6866  6866 I Input   : injectKeyEvent: KeyEvent { action=ACTION_DOWN, keyCode=KEYCODE_BACK, scanCode=0, metaState=0, flags=0x0, repeatCount=0, eventTime=762000505, downTime=762000505, deviceId=-1, source=0x101 }
08-05 03:39:44.097  3363  3471 I art     : Explicit concurrent mark sweep GC freed 12(384B) AllocSpace objects, 0(0B) LOS objects, 23% free, 50MB/66MB, paused 1.163ms total 30.511ms
08-05 03:39:44.098  6866  6866 I Input   : injectKeyEvent: KeyEvent { action=ACTION_UP, keyCode=KEYCODE_BACK, scanCode=0, metaState=0, flags=0x0, repeatCount=0, eventTime=762000505, downTime=762000505, deviceId=-1, source=0x101 }
08-05 03:39:44.116  6866  6866 D AndroidRuntime: Shutting down VM
08-05 03:39:44.391  3363  3376 I art     : Starting a blocking GC Explicit
08-05 03:39:44.432  3363  3376 I art     : Explicit concurrent mark sweep GC freed 3563(172KB) AllocSpace objects, 1(20KB) LOS objects, 23% free, 50MB/66MB, paused 1.291ms total 40.649ms
08-05 03:39:44.443  3363  3376 I art     : Starting a blocking GC Explicit
08-05 03:39:44.478  3363  3376 I art     : Explicit concurrent mark sweep GC freed 5372(395KB) AllocSpace objects, 9(1620KB) LOS objects, 24% free, 48MB/64MB, paused 1.200ms total 34.484ms
08-05 03:39:44.483  5221  5221 I ServiceManager: Waiting for service AtCmdFwd...
08-05 03:39:44.488  3363  3376 I art     : Starting a blocking GC Explicit
08-05 03:39:44.522  3363  3376 I art     : Explicit concurrent mark sweep GC freed 3(96B) AllocSpace objects, 0(0B) LOS objects, 24% free, 48MB/64MB, paused 1.372ms total 34.277ms
08-05 03:39:44.533  3363  3376 I art     : Starting a blocking GC Explicit
08-05 03:39:44.567  3363  3376 I art     : Explicit concurrent mark sweep GC freed 3(96B) AllocSpace objects, 0(0B) LOS objects, 24% free, 48MB/64MB, paused 1.293ms total 33.884ms
08-05 03:39:44.578  3363  3376 I art     : Starting a blocking GC Explicit
08-05 03:39:44.612  3363  3376 I art     : Explicit concurrent mark sweep GC freed 3(96B) AllocSpace objects, 0(0B) LOS objects, 24% free, 48MB/64MB, paused 1.252ms total 34.320ms
08-05 03:39:44.900   518   646 I ThermalEngine: ACTION: GPU - Setting GPU[0] to 450000000
08-05 03:39:44.981  3363  3375 I art     : Starting a blocking GC Explicit
08-05 03:39:45.036  3363  3375 I art     : Explicit concurrent mark sweep GC freed 1382(82KB) AllocSpace objects, 1(20KB) LOS objects, 24% free, 48MB/64MB, paused 1.672ms total 54.438ms
08-05 03:39:45.050  3363  3375 I art     : Starting a blocking GC Explicit
08-05 03:39:45.093  3363  3375 I art     : Explicit concurrent mark sweep GC freed 23(752B) AllocSpace objects, 0(0B) LOS objects, 24% free, 48MB/64MB, paused 1.593ms total 41.912ms
08-05 03:39:45.106  3363  3375 I art     : Starting a blocking GC Explicit
08-05 03:39:45.148  3363  3375 I art     : Explicit concurrent mark sweep GC freed 3(96B) AllocSpace objects, 0(0B) LOS objects, 24% free, 48MB/64MB, paused 1.683ms total 41.783ms
08-05 03:39:45.161  3363  3375 I art     : Starting a blocking GC Explicit
08-05 03:39:45.202  3363  3375 I art     : Explicit concurrent mark sweep GC freed 3(96B) AllocSpace objects, 0(0B) LOS objects, 24% free, 48MB/64MB, paused 1.608ms total 41.156ms
08-05 03:39:45.215  3363  3375 I art     : Starting a blocking GC Explicit
08-05 03:39:45.257  3363  3375 I art     : Explicit concurrent mark sweep GC freed 3(96B) AllocSpace objects, 0(0B) LOS objects, 24% free, 48MB/64MB, paused 1.578ms total 41.515ms
08-05 03:39:45.484  5221  5221 I ServiceManager: Waiting for service AtCmdFwd...
08-05 03:39:45.593  3363  3471 I art     : Starting a blocking GC Explicit
08-05 03:39:45.643  3363  3471 I art     : Explicit concurrent mark sweep GC freed 1413(84KB) AllocSpace objects, 1(20KB) LOS objects, 24% free, 48MB/64MB, paused 1.763ms total 49.134ms
08-05 03:39:45.656  3363  3471 I art     : Starting a blocking GC Explicit
08-05 03:39:45.697  3363  3471 I art     : Explicit concurrent mark sweep GC freed 23(752B) AllocSpace objects, 0(0B) LOS objects, 24% free, 48MB/64MB, paused 1.632ms total 40.528ms
08-05 03:39:45.709  3363  3471 I art     : Starting a blocking GC Explicit
08-05 03:39:45.752  3363  3471 I art     : Explicit concurrent mark sweep GC freed 6(192B) AllocSpace objects, 0(0B) LOS objects, 24% free, 48MB/64MB, paused 1.709ms total 42.540ms
08-05 03:39:45.766  3363  3471 I art     : Starting a blocking GC Explicit
08-05 03:39:45.809  3363  3471 I art     : Explicit concurrent mark sweep GC freed 9(288B) AllocSpace objects, 0(0B) LOS objects, 24% free, 48MB/64MB, paused 1.757ms total 42.994ms
08-05 03:39:45.823  3363  3471 I art     : Starting a blocking GC Explicit
08-05 03:39:45.866  3363  3471 I art     : Explicit concurrent mark sweep GC freed 12(384B) AllocSpace objects, 0(0B) LOS objects, 24% free, 48MB/64MB, paused 1.557ms total 42.498ms
08-05 03:39:45.920  6909  6909 D AndroidRuntime: >>>>>> START com.android.internal.os.RuntimeInit uid 2000 <<<<<<
08-05 03:39:45.926  6909  6909 D AndroidRuntime: CheckJNI is OFF
08-05 03:39:45.969  6909  6909 D ICU     : No timezone override file found: /data/misc/zoneinfo/current/icu/icu_tzdata.dat
08-05 03:39:46.013  6909  6909 I Radio-JNI: register_android_hardware_Radio DONE
08-05 03:39:46.041  6909  6909 D AndroidRuntime: Calling main entry com.android.commands.input.Input
08-05 03:39:46.044  6909  6909 I Input   : injectMotionEvent: MotionEvent { action=ACTION_DOWN, actionButton=0, id[0]=0, x[0]=603.0, y[0]=1061.0, toolType[0]=TOOL_TYPE_UNKNOWN, buttonState=0, metaState=0, flags=0x0, edgeFlags=0x0, pointerCount=1, historySize=0, eventTime=762002456, downTime=762002456, deviceId=0, source=0x1002 }
08-05 03:39:46.049  6909  6909 I Input   : injectMotionEvent: MotionEvent { action=ACTION_UP, actionButton=0, id[0]=0, x[0]=603.0, y[0]=1061.0, toolType[0]=TOOL_TYPE_UNKNOWN, buttonState=0, metaState=0, flags=0x0, edgeFlags=0x0, pointerCount=1, historySize=0, eventTime=762002456, downTime=762002456, deviceId=0, source=0x1002 }
08-05 03:39:46.052  6909  6909 D AndroidRuntime: Shutting down VM
08-05 03:39:46.062   512  2967 D audio_hw_primary: out_set_parameters: enter: usecase(1: low-latency-playback) kvpairs: routing=2
08-05 03:39:46.076   512  2967 D audio_hw_primary: select_devices: out_snd_device(2: speaker) in_snd_device(0: none)
08-05 03:39:46.076   512  2967 D msm8974_platform: platform_send_audio_calibration: sending audio calibration for snd_device(2) acdb_id(15)
08-05 03:39:46.077   512  2967 I soundtrigger: audio_extn_sound_trigger_update_device_status: device 0x2 of type 0 for Event 1
08-05 03:39:46.089   512  2967 D audio_hw_primary: enable_snd_device: snd_device(2: speaker)
08-05 03:39:46.092   512  2967 D audio_hw_primary: enable_audio_route: apply and update mixer path: low-latency-playback speaker
08-05 03:39:46.222  3363  4345 I art     : Starting a blocking GC Explicit
08-05 03:39:46.243  3363  6940 I NAPPA_EXPERIMENTATION: MetricNetworkRequestExecutionTime: REQUEST_DURATION_SYSTEM='161',REQUEST_DURATION_OKHTTP='160',REQUEST_SYNCHRONOUS='TRUE',RESPONSE_CODE='200',RESPONSE_METHOD='GET',RESPONSE_LENGTH_OKHTTP='37507',RESPONSE_LENGTH_HEADER='37507',REQUEST_PROTOCOL='http/1.1',REQUEST_URL='https://gpodder.net/toplist/50.json',
08-05 03:39:46.250  3363  5959 I NAPPA_EXPERIMENTATION: MetricNetworkRequestExecutionTime: REQUEST_DURATION_SYSTEM='164',REQUEST_DURATION_OKHTTP='163',REQUEST_SYNCHRONOUS='TRUE',RESPONSE_CODE='200',RESPONSE_METHOD='GET',RESPONSE_LENGTH_OKHTTP='2923',RESPONSE_LENGTH_HEADER='2923',REQUEST_PROTOCOL='http/1.1',REQUEST_URL='https://gpodder.net/api/2/tags/50.json',
08-05 03:39:46.268  3363  4345 I art     : Explicit concurrent mark sweep GC freed 7115(474KB) AllocSpace objects, 3(136KB) LOS objects, 24% free, 49MB/65MB, paused 2.028ms total 46.161ms
08-05 03:39:46.280  3363  4345 I art     : Starting a blocking GC Explicit
08-05 03:39:46.312  3363  4361 D ApOkHttpUrlLoader: buildLoadData() called with: model = [http://sixgun.org/files/linuxoutlaws.jpg], width = [224], height = [224]
08-05 03:39:46.317  3363  4172 D DBReader: getImageAuthentication() called with: imageUrl = [http://sixgun.org/files/linuxoutlaws.jpg]
08-05 03:39:46.321  3363  4172 D ApOkHttpUrlLoader: no credentials for 'http://sixgun.org/files/linuxoutlaws.jpg'
08-05 03:39:46.322  3363  4345 I art     : Explicit concurrent mark sweep GC freed 3909(178KB) AllocSpace objects, 2(296KB) LOS objects, 24% free, 49MB/65MB, paused 2.396ms total 41.530ms
08-05 03:39:46.324  3363  4361 D ApOkHttpUrlLoader: buildLoadData() called with: model = [https://files.thisamericanlife.org/sites/all/themes/thislife/img/tal-name-1400x1400.png], width = [224], height = [224]
08-05 03:39:46.331  3363  4361 D ApOkHttpUrlLoader: buildLoadData() called with: model = [https://elroy.twit.tv/sites/default/files/styles/twit_album_art_2048x2048/public/images/shows/floss_weekly/album_art/audio/floss_albumart_mask.jpg?itok=IUjxKpwt], width = [224], height = [224]
08-05 03:39:46.334  3363  4345 I art     : Starting a blocking GC Explicit
08-05 03:39:46.340  3363  4361 D ApOkHttpUrlLoader: buildLoadData() called with: model = [http://ichef.bbci.co.uk/images/ic/3000x3000/p07kfvzb.jpg], width = [224], height = [224]
08-05 03:39:46.346  3363  4361 D ApOkHttpUrlLoader: buildLoadData() called with: model = [https://pl.tedcdn.com/rss_feed_images/ted_talks_main_podcast/video.png], width = [224], height = [224]
08-05 03:39:46.351  3363  4361 D ApOkHttpUrlLoader: buildLoadData() called with: model = [https://elroy.twit.tv/sites/default/files/styles/twit_album_art_2048x2048/public/images/shows/this_week_in_tech/album_art/audio/twit1400audio.jpg?itok=J0vhatZb], width = [224], height = [224]
08-05 03:39:46.358  3363  4361 D ApOkHttpUrlLoader: buildLoadData() called with: model = [http://ichef.bbci.co.uk/images/ic/3000x3000/p03gtk3j.jpg], width = [224], height = [224]
08-05 03:39:46.360  3363  4172 D DBWriter: updateFeedDownloadURL(original: http://sixgun.org/files/linuxoutlaws.jpg, updated: https://fab.industries/sixgun/files/linuxoutlaws.jpg)
08-05 03:39:46.375  3363  4345 I art     : Explicit concurrent mark sweep GC freed 1370(65KB) AllocSpace objects, 0(0B) LOS objects, 23% free, 50MB/66MB, paused 1.742ms total 40.648ms
08-05 03:39:46.387  3363  4345 I art     : Starting a blocking GC Explicit
08-05 03:39:46.425  3363  4345 I art     : Explicit concurrent mark sweep GC freed 359(12KB) AllocSpace objects, 0(0B) LOS objects, 23% free, 50MB/66MB, paused 1.482ms total 37.561ms
08-05 03:39:46.437  3363  4345 I art     : Starting a blocking GC Explicit
08-05 03:39:46.480  3363  4345 I art     : Explicit concurrent mark sweep GC freed 44(1344B) AllocSpace objects, 0(0B) LOS objects, 23% free, 50MB/66MB, paused 1.673ms total 42.456ms
08-05 03:39:46.484  5221  5221 W Atfwd_Sendcmd: AtCmdFwd service not published, waiting... retryCnt : 5
08-05 03:39:46.507  3363  4172 D MYTAG   : interceptor 2a
08-05 03:39:46.507  3363  4172 I NAPPA_EXPERIMENTATION: MetricNetworkRequestExecutionTime: REQUEST_DURATION_SYSTEM='186',REQUEST_DURATION_OKHTTP='144',REQUEST_SYNCHRONOUS='TRUE',RESPONSE_CODE='404',RESPONSE_METHOD='GET',RESPONSE_LENGTH_OKHTTP='-1',RESPONSE_LENGTH_HEADER='1503',REQUEST_PROTOCOL='h2',REQUEST_URL='https://fab.industries/sixgun/files/linuxoutlaws.jpg',
08-05 03:39:46.509  3363  3363 W Glide   : Load failed for http://sixgun.org/files/linuxoutlaws.jpg with size [224x224]
08-05 03:39:46.509  3363  3363 W Glide   : class com.bumptech.glide.load.engine.GlideException: Failed to load resource
08-05 03:39:46.509  3363  3363 W Glide   : There was 1 cause:
08-05 03:39:46.509  3363  3363 W Glide   : com.bumptech.glide.load.HttpException()
08-05 03:39:46.509  3363  3363 W Glide   :  call GlideException#logRootCauses(String) for more detail
08-05 03:39:46.509  3363  3363 W Glide   :   Cause (1 of 1): class com.bumptech.glide.load.engine.GlideException: Fetching data failed, class java.io.InputStream, REMOTE
08-05 03:39:46.509  3363  3363 W Glide   : There was 1 cause:
08-05 03:39:46.509  3363  3363 W Glide   : com.bumptech.glide.load.HttpException()
08-05 03:39:46.509  3363  3363 W Glide   :  call GlideException#logRootCauses(String) for more detail
08-05 03:39:46.509  3363  3363 W Glide   :     Cause (1 of 1): class com.bumptech.glide.load.HttpException: 
08-05 03:39:46.509  3363  3363 I Glide   : Root cause (1 of 1)
08-05 03:39:46.509  3363  3363 I Glide   : com.bumptech.glide.load.HttpException: 
08-05 03:39:46.509  3363  3363 I Glide   : 	at com.bumptech.glide.integration.okhttp3.OkHttpStreamFetcher.onResponse(OkHttpStreamFetcher.java:73)
08-05 03:39:46.509  3363  3363 I Glide   : 	at okhttp3.RealCall$AsyncCall.execute(RealCall.java:174)
08-05 03:39:46.509  3363  3363 I Glide   : 	at okhttp3.internal.NamedRunnable.run(NamedRunnable.java:32)
08-05 03:39:46.509  3363  3363 I Glide   : 	at java.util.concurrent.ThreadPoolExecutor.runWorker(ThreadPoolExecutor.java:1113)
08-05 03:39:46.509  3363  3363 I Glide   : 	at java.util.concurrent.ThreadPoolExecutor$Worker.run(ThreadPoolExecutor.java:588)
08-05 03:39:46.509  3363  3363 I Glide   : 	at java.lang.Thread.run(Thread.java:818)
08-05 03:39:46.510  3363  3363 W Glide   : Load failed for http://sixgun.org/files/linuxoutlaws.jpg with size [224x224]
08-05 03:39:46.510  3363  3363 W Glide   : class com.bumptech.glide.load.engine.GlideException: Failed to load resource
08-05 03:39:46.510  3363  3363 W Glide   : There was 1 cause:
08-05 03:39:46.510  3363  3363 W Glide   : com.bumptech.glide.load.HttpException()
08-05 03:39:46.510  3363  3363 W Glide   :  call GlideException#logRootCauses(String) for more detail
08-05 03:39:46.510  3363  3363 W Glide   :   Cause (1 of 1): class com.bumptech.glide.load.engine.GlideException: Fetching data failed, class java.io.InputStream, REMOTE
08-05 03:39:46.510  3363  3363 W Glide   : There was 1 cause:
08-05 03:39:46.510  3363  3363 W Glide   : com.bumptech.glide.load.HttpException()
08-05 03:39:46.510  3363  3363 W Glide   :  call GlideException#logRootCauses(String) for more detail
08-05 03:39:46.510  3363  3363 W Glide   :     Cause (1 of 1): class com.bumptech.glide.load.HttpException: 
08-05 03:39:46.510  3363  3363 I Glide   : Root cause (1 of 1)
08-05 03:39:46.510  3363  3363 I Glide   : com.bumptech.glide.load.HttpException: 
08-05 03:39:46.510  3363  3363 I Glide   : 	at com.bumptech.glide.integration.okhttp3.OkHttpStreamFetcher.onResponse(OkHttpStreamFetcher.java:73)
08-05 03:39:46.510  3363  3363 I Glide   : 	at okhttp3.RealCall$AsyncCall.execute(RealCall.java:174)
08-05 03:39:46.510  3363  3363 I Glide   : 	at okhttp3.internal.NamedRunnable.run(NamedRunnable.java:32)
08-05 03:39:46.510  3363  3363 I Glide   : 	at java.util.concurrent.ThreadPoolExecutor.runWorker(ThreadPoolExecutor.java:1113)
08-05 03:39:46.510  3363  3363 I Glide   : 	at java.util.concurrent.ThreadPoolExecutor$Worker.run(ThreadPoolExecutor.java:588)
08-05 03:39:46.510  3363  3363 I Glide   : 	at java.lang.Thread.run(Thread.java:818)
08-05 03:39:46.639   512  2967 D audio_hw_primary: disable_audio_route: reset and update mixer path: low-latency-playback speaker
08-05 03:39:46.641   512  2967 D audio_hw_primary: disable_snd_device: snd_device(2: speaker)
08-05 03:39:46.652   512  2967 I soundtrigger: audio_extn_sound_trigger_update_device_status: device 0x2 of type 0 for Event 0
08-05 03:39:46.837  3363  4345 I art     : Starting a blocking GC Explicit
08-05 03:39:46.886  3363  4345 I art     : Explicit concurrent mark sweep GC freed 1958(156KB) AllocSpace objects, 1(20KB) LOS objects, 23% free, 50MB/66MB, paused 1.776ms total 48.625ms
08-05 03:39:46.900  3363  4345 I art     : Starting a blocking GC Explicit
08-05 03:39:46.945  3363  4345 I art     : Explicit concurrent mark sweep GC freed 44(1680B) AllocSpace objects, 0(0B) LOS objects, 23% free, 50MB/66MB, paused 1.512ms total 44.607ms
08-05 03:39:46.959  3363  4345 I art     : Starting a blocking GC Explicit
08-05 03:39:47.000  3363  4345 I art     : Explicit concurrent mark sweep GC freed 3(96B) AllocSpace objects, 0(0B) LOS objects, 23% free, 50MB/66MB, paused 1.667ms total 40.429ms
08-05 03:39:47.013  3363  4345 I art     : Starting a blocking GC Explicit
08-05 03:39:47.056  3363  4345 I art     : Explicit concurrent mark sweep GC freed 20(688B) AllocSpace objects, 0(0B) LOS objects, 23% free, 50MB/66MB, paused 1.563ms total 43.115ms
08-05 03:39:47.069  3363  4345 I art     : Starting a blocking GC Explicit
08-05 03:39:47.114  3363  4345 I art     : Explicit concurrent mark sweep GC freed 3(96B) AllocSpace objects, 0(0B) LOS objects, 23% free, 50MB/66MB, paused 1.592ms total 44.695ms
08-05 03:39:47.480  3363  3376 I art     : Starting a blocking GC Explicit
08-05 03:39:47.542  3363  3376 I art     : Explicit concurrent mark sweep GC freed 1412(81KB) AllocSpace objects, 1(20KB) LOS objects, 23% free, 50MB/66MB, paused 1.729ms total 61.731ms
08-05 03:39:47.559  3363  3376 I art     : Starting a blocking GC Explicit
08-05 03:39:47.603  3363  3376 I art     : Explicit concurrent mark sweep GC freed 23(752B) AllocSpace objects, 0(0B) LOS objects, 23% free, 50MB/66MB, paused 1.551ms total 43.642ms
08-05 03:39:47.616  3363  3376 I art     : Starting a blocking GC Explicit
08-05 03:39:47.661  3363  3376 I art     : Explicit concurrent mark sweep GC freed 3(96B) AllocSpace objects, 0(0B) LOS objects, 23% free, 50MB/66MB, paused 1.628ms total 44.645ms
08-05 03:39:47.674  3363  3376 I art     : Starting a blocking GC Explicit
08-05 03:39:47.719  3363  3376 I art     : Explicit concurrent mark sweep GC freed 3(96B) AllocSpace objects, 0(0B) LOS objects, 23% free, 50MB/66MB, paused 1.615ms total 43.902ms
08-05 03:39:47.732  3363  3376 I art     : Starting a blocking GC Explicit
08-05 03:39:47.774  3363  3376 I art     : Explicit concurrent mark sweep GC freed 3(96B) AllocSpace objects, 0(0B) LOS objects, 23% free, 50MB/66MB, paused 1.542ms total 42.243ms
08-05 03:39:48.154  3363  3376 I art     : Starting a blocking GC Explicit
08-05 03:39:48.200  3363  3376 I art     : Explicit concurrent mark sweep GC freed 1433(82KB) AllocSpace objects, 1(20KB) LOS objects, 23% free, 50MB/66MB, paused 1.534ms total 45.674ms
08-05 03:39:48.213  3363  3376 I art     : Starting a blocking GC Explicit
08-05 03:39:48.259  3363  3376 I art     : Explicit concurrent mark sweep GC freed 40(1328B) AllocSpace objects, 0(0B) LOS objects, 23% free, 50MB/66MB, paused 1.664ms total 45.606ms
08-05 03:39:48.273  3363  3376 I art     : Starting a blocking GC Explicit
08-05 03:39:48.320  3363  3376 I art     : Explicit concurrent mark sweep GC freed 3(96B) AllocSpace objects, 0(0B) LOS objects, 23% free, 50MB/66MB, paused 1.573ms total 47.045ms
08-05 03:39:48.333  3363  3376 I art     : Starting a blocking GC Explicit
08-05 03:39:48.379  3363  3376 I art     : Explicit concurrent mark sweep GC freed 3(96B) AllocSpace objects, 0(0B) LOS objects, 23% free, 50MB/66MB, paused 1.717ms total 45.679ms
08-05 03:39:48.392  3363  3376 I art     : Starting a blocking GC Explicit
08-05 03:39:48.441  3363  3376 I art     : Explicit concurrent mark sweep GC freed 34(928B) AllocSpace objects, 0(0B) LOS objects, 23% free, 50MB/66MB, paused 1.717ms total 48.088ms
08-05 03:39:48.842  3363  3375 I art     : Starting a blocking GC Explicit
08-05 03:39:48.890  3363  3375 I art     : Explicit concurrent mark sweep GC freed 1381(81KB) AllocSpace objects, 1(20KB) LOS objects, 23% free, 50MB/66MB, paused 1.741ms total 48.271ms
08-05 03:39:48.904  3363  3375 I art     : Starting a blocking GC Explicit
08-05 03:39:48.951  3363  3375 I art     : Explicit concurrent mark sweep GC freed 23(752B) AllocSpace objects, 0(0B) LOS objects, 23% free, 50MB/66MB, paused 1.577ms total 46.863ms
08-05 03:39:48.965  3363  3375 I art     : Starting a blocking GC Explicit
08-05 03:39:49.013  3363  3375 I art     : Explicit concurrent mark sweep GC freed 3(96B) AllocSpace objects, 0(0B) LOS objects, 23% free, 50MB/66MB, paused 1.579ms total 48.063ms
08-05 03:39:49.027  3363  3375 I art     : Starting a blocking GC Explicit
08-05 03:39:49.074  3363  3375 I art     : Explicit concurrent mark sweep GC freed 3(96B) AllocSpace objects, 0(0B) LOS objects, 23% free, 50MB/66MB, paused 1.635ms total 46.799ms
08-05 03:39:49.088  3363  3375 I art     : Starting a blocking GC Explicit
08-05 03:39:49.136  3363  3375 I art     : Explicit concurrent mark sweep GC freed 3(96B) AllocSpace objects, 0(0B) LOS objects, 23% free, 50MB/66MB, paused 1.704ms total 48.235ms
08-05 03:39:49.525  3363  3471 I art     : Starting a blocking GC Explicit
08-05 03:39:49.579  3363  3471 I art     : Explicit concurrent mark sweep GC freed 1412(81KB) AllocSpace objects, 1(20KB) LOS objects, 23% free, 50MB/66MB, paused 1.859ms total 51.934ms
08-05 03:39:49.592  3363  3471 I art     : Starting a blocking GC Explicit
08-05 03:39:49.641  3363  3471 I art     : Explicit concurrent mark sweep GC freed 23(752B) AllocSpace objects, 0(0B) LOS objects, 23% free, 50MB/66MB, paused 1.728ms total 48.096ms
08-05 03:39:49.654  3363  3471 I art     : Starting a blocking GC Explicit
08-05 03:39:49.701  3363  3471 I art     : Explicit concurrent mark sweep GC freed 3(96B) AllocSpace objects, 0(0B) LOS objects, 23% free, 50MB/66MB, paused 1.680ms total 47.138ms
08-05 03:39:49.715  3363  3471 I art     : Starting a blocking GC Explicit
08-05 03:39:49.764  3363  3471 I art     : Explicit concurrent mark sweep GC freed 3(96B) AllocSpace objects, 0(0B) LOS objects, 23% free, 50MB/66MB, paused 1.705ms total 48.573ms
08-05 03:39:49.778  3363  3471 I art     : Starting a blocking GC Explicit
08-05 03:39:49.825  3363  3471 I art     : Explicit concurrent mark sweep GC freed 3(96B) AllocSpace objects, 0(0B) LOS objects, 23% free, 50MB/66MB, paused 1.682ms total 47.131ms
08-05 03:39:50.198  3363  4345 I art     : Starting a blocking GC Explicit
08-05 03:39:50.260  3363  4345 I art     : Explicit concurrent mark sweep GC freed 1382(82KB) AllocSpace objects, 1(20KB) LOS objects, 23% free, 50MB/66MB, paused 1.933ms total 61.180ms
08-05 03:39:50.275  3363  4345 I art     : Starting a blocking GC Explicit
08-05 03:39:50.323  3363  4345 I art     : Explicit concurrent mark sweep GC freed 23(752B) AllocSpace objects, 0(0B) LOS objects, 23% free, 50MB/66MB, paused 1.698ms total 47.248ms
08-05 03:39:50.336  3363  4345 I art     : Starting a blocking GC Explicit
08-05 03:39:50.385  3363  4345 I art     : Explicit concurrent mark sweep GC freed 3(96B) AllocSpace objects, 0(0B) LOS objects, 23% free, 50MB/66MB, paused 1.683ms total 48.599ms
08-05 03:39:50.399  3363  4345 I art     : Starting a blocking GC Explicit
08-05 03:39:50.446  3363  4345 I art     : Explicit concurrent mark sweep GC freed 34(928B) AllocSpace objects, 0(0B) LOS objects, 23% free, 50MB/66MB, paused 1.680ms total 47.010ms
08-05 03:39:50.460  3363  4345 I art     : Starting a blocking GC Explicit
08-05 03:39:50.511  3363  4345 I art     : Explicit concurrent mark sweep GC freed 3(96B) AllocSpace objects, 0(0B) LOS objects, 23% free, 50MB/66MB, paused 1.827ms total 50.982ms
08-05 03:39:50.901  3363  5314 I art     : Starting a blocking GC Explicit
08-05 03:39:50.910   518   646 I ThermalEngine: ACTION: GPU - Setting GPU[0] to 510000000
08-05 03:39:50.954  3363  5314 I art     : Explicit concurrent mark sweep GC freed 1384(81KB) AllocSpace objects, 1(20KB) LOS objects, 23% free, 50MB/66MB, paused 1.346ms total 51.794ms
08-05 03:39:50.965  3363  5314 I art     : Starting a blocking GC Explicit
08-05 03:39:51.001  3363  5314 I art     : Explicit concurrent mark sweep GC freed 23(752B) AllocSpace objects, 0(0B) LOS objects, 23% free, 50MB/66MB, paused 1.242ms total 35.866ms
08-05 03:39:51.011  3363  5314 I art     : Starting a blocking GC Explicit
08-05 03:39:51.047  3363  5314 I art     : Explicit concurrent mark sweep GC freed 3(96B) AllocSpace objects, 0(0B) LOS objects, 23% free, 50MB/66MB, paused 1.302ms total 35.925ms
08-05 03:39:51.058  3363  5314 I art     : Starting a blocking GC Explicit
08-05 03:39:51.093  3363  5314 I art     : Explicit concurrent mark sweep GC freed 3(96B) AllocSpace objects, 0(0B) LOS objects, 23% free, 50MB/66MB, paused 1.252ms total 35.094ms
08-05 03:39:51.103  3363  5314 I art     : Starting a blocking GC Explicit
08-05 03:39:51.140  3363  5314 I art     : Explicit concurrent mark sweep GC freed 3(96B) AllocSpace objects, 0(0B) LOS objects, 23% free, 50MB/66MB, paused 1.246ms total 36.283ms
08-05 03:39:51.509  3363  3376 I art     : Starting a blocking GC Explicit
08-05 03:39:51.553  3363  3376 I art     : Explicit concurrent mark sweep GC freed 1412(81KB) AllocSpace objects, 1(20KB) LOS objects, 23% free, 50MB/66MB, paused 1.169ms total 43.599ms
08-05 03:39:51.564  3363  3376 I art     : Starting a blocking GC Explicit
08-05 03:39:51.600  3363  3376 I art     : Explicit concurrent mark sweep GC freed 23(752B) AllocSpace objects, 0(0B) LOS objects, 23% free, 50MB/66MB, paused 1.242ms total 36.395ms
08-05 03:39:51.611  3363  3376 I art     : Starting a blocking GC Explicit
08-05 03:39:51.647  3363  3376 I art     : Explicit concurrent mark sweep GC freed 3(96B) AllocSpace objects, 0(0B) LOS objects, 23% free, 50MB/66MB, paused 1.316ms total 36.509ms
08-05 03:39:51.658  3363  3376 I art     : Starting a blocking GC Explicit
08-05 03:39:51.694  3363  3376 I art     : Explicit concurrent mark sweep GC freed 3(96B) AllocSpace objects, 0(0B) LOS objects, 23% free, 50MB/66MB, paused 1.226ms total 35.591ms
08-05 03:39:51.704  3363  3376 I art     : Starting a blocking GC Explicit
08-05 03:39:51.740  3363  3376 I art     : Explicit concurrent mark sweep GC freed 3(96B) AllocSpace objects, 0(0B) LOS objects, 23% free, 50MB/66MB, paused 1.416ms total 35.626ms
08-05 03:39:52.128  3363  3375 I art     : Starting a blocking GC Explicit
08-05 03:39:52.172  3363  3375 I art     : Explicit concurrent mark sweep GC freed 1381(81KB) AllocSpace objects, 1(20KB) LOS objects, 23% free, 50MB/66MB, paused 1.150ms total 44.208ms
08-05 03:39:52.183  3363  3375 I art     : Starting a blocking GC Explicit
08-05 03:39:52.218  3363  3375 I art     : Explicit concurrent mark sweep GC freed 23(752B) AllocSpace objects, 0(0B) LOS objects, 23% free, 50MB/66MB, paused 1.258ms total 35.102ms
08-05 03:39:52.229  3363  3375 I art     : Starting a blocking GC Explicit
08-05 03:39:52.265  3363  3375 I art     : Explicit concurrent mark sweep GC freed 3(96B) AllocSpace objects, 0(0B) LOS objects, 23% free, 50MB/66MB, paused 1.254ms total 36.493ms
08-05 03:39:52.276  3363  3375 I art     : Starting a blocking GC Explicit
08-05 03:39:52.311  3363  3375 I art     : Explicit concurrent mark sweep GC freed 3(96B) AllocSpace objects, 0(0B) LOS objects, 23% free, 50MB/66MB, paused 1.168ms total 34.336ms
08-05 03:39:52.321  3363  3375 I art     : Starting a blocking GC Explicit
08-05 03:39:52.355  3363  3375 I art     : Explicit concurrent mark sweep GC freed 3(96B) AllocSpace objects, 0(0B) LOS objects, 23% free, 50MB/66MB, paused 1.265ms total 33.424ms
08-05 03:39:52.717  3363  3471 I art     : Starting a blocking GC Explicit
08-05 03:39:52.729  7038  7038 D AndroidRuntime: >>>>>> START com.android.internal.os.RuntimeInit uid 2000 <<<<<<
08-05 03:39:52.734  7038  7038 D AndroidRuntime: CheckJNI is OFF
08-05 03:39:52.762  3363  3471 I art     : Explicit concurrent mark sweep GC freed 1412(81KB) AllocSpace objects, 1(20KB) LOS objects, 23% free, 50MB/66MB, paused 1.267ms total 43.859ms
08-05 03:39:52.771  3363  3471 I art     : Starting a blocking GC Explicit
08-05 03:39:52.774  7038  7038 D ICU     : No timezone override file found: /data/misc/zoneinfo/current/icu/icu_tzdata.dat
08-05 03:39:52.806  3363  3471 I art     : Explicit concurrent mark sweep GC freed 23(752B) AllocSpace objects, 0(0B) LOS objects, 23% free, 50MB/66MB, paused 1.325ms total 34.247ms
08-05 03:39:52.809  7038  7038 I Radio-JNI: register_android_hardware_Radio DONE
08-05 03:39:52.816  3363  3471 I art     : Starting a blocking GC Explicit
08-05 03:39:52.831  7038  7038 D AndroidRuntime: Calling main entry com.android.commands.input.Input
08-05 03:39:52.834  7038  7038 I Input   : injectMotionEvent: MotionEvent { action=ACTION_DOWN, actionButton=0, id[0]=0, x[0]=526.0, y[0]=597.0, toolType[0]=TOOL_TYPE_UNKNOWN, buttonState=0, metaState=0, flags=0x0, edgeFlags=0x0, pointerCount=1, historySize=0, eventTime=762009246, downTime=762009246, deviceId=0, source=0x1002 }
08-05 03:39:52.839  7038  7038 I Input   : injectMotionEvent: MotionEvent { action=ACTION_UP, actionButton=0, id[0]=0, x[0]=526.0, y[0]=597.0, toolType[0]=TOOL_TYPE_UNKNOWN, buttonState=0, metaState=0, flags=0x0, edgeFlags=0x0, pointerCount=1, historySize=0, eventTime=762009246, downTime=762009246, deviceId=0, source=0x1002 }
08-05 03:39:52.841  7038  7038 D AndroidRuntime: Shutting down VM
08-05 03:39:52.849  3363  3471 I art     : Explicit concurrent mark sweep GC freed 21(704B) AllocSpace objects, 0(0B) LOS objects, 23% free, 50MB/66MB, paused 1.567ms total 33.478ms
08-05 03:39:52.860  3363  3471 I art     : Starting a blocking GC Explicit
08-05 03:39:52.894  3363  3471 I art     : Explicit concurrent mark sweep GC freed 7(240B) AllocSpace objects, 0(0B) LOS objects, 23% free, 50MB/66MB, paused 1.130ms total 33.963ms
08-05 03:39:52.904  3363  3471 I art     : Starting a blocking GC Explicit
08-05 03:39:52.905  3363  3363 D PodcastListFragment: Selected podcast: GpodnetPodcast [url=http://feeds.feedburner.com/linuxoutlaws, title=Linux Outlaws, description=Two pragmatic geeks talk about the latest news concerning Linux, free and open
08-05 03:39:52.905  3363  3363 D PodcastListFragment: technology or anything else they deem noteworthy which may include such absurd
08-05 03:39:52.905  3363  3363 D PodcastListFragment: things as hockey or bands you never heard of. This means there's many a joke
08-05 03:39:52.905  3363  3363 D PodcastListFragment: and derailed conversation along the way, so don't come here expecting only
08-05 03:39:52.905  3363  3363 D PodcastListFragment: Linux or software freedom talk  just sit back and relax, partner., subscribers=3321, logoUrl=http://sixgun.org/files/linuxoutlaws.jpg, website=http://sixgun.org, mygpoLink=http://gpodder.net/podcast/linux-outlaws-mp3]
08-05 03:39:52.905   918  5481 I ActivityManager: START u0 {cmp=baseline.de.danoeh.antennapod.debug/baseline.de.danoeh.antennapod.activity.OnlineFeedViewActivity (has extras)} from uid 10691 on display 0
08-05 03:39:52.907   512  2967 D audio_hw_primary: out_set_parameters: enter: usecase(1: low-latency-playback) kvpairs: routing=2
08-05 03:39:52.920   512  2967 D audio_hw_primary: select_devices: out_snd_device(2: speaker) in_snd_device(0: none)
08-05 03:39:52.920   512  2967 D msm8974_platform: platform_send_audio_calibration: sending audio calibration for snd_device(2) acdb_id(15)
08-05 03:39:52.920   512  2967 I soundtrigger: audio_extn_sound_trigger_update_device_status: device 0x2 of type 0 for Event 1
08-05 03:39:52.929   512  2967 D audio_hw_primary: enable_snd_device: snd_device(2: speaker)
08-05 03:39:52.932   512  2967 D audio_hw_primary: enable_audio_route: apply and update mixer path: low-latency-playback speaker
08-05 03:39:52.935  3363  3363 D UserPreferences: Using default data folder
08-05 03:39:52.938  3363  3363 D OnlineFeedViewActivity: Activity was started with url http://feeds.feedburner.com/linuxoutlaws
08-05 03:39:52.938  3363  3471 I art     : Explicit concurrent mark sweep GC freed 694(44KB) AllocSpace objects, 0(0B) LOS objects, 23% free, 50MB/66MB, paused 1.732ms total 34.240ms
08-05 03:39:52.941  3363  3363 D OnlineFeedViewActivity: Starting feed download
08-05 03:39:52.943  3363  3955 D DBReader: Extracting Feedlist
08-05 03:39:52.945   918  4400 D WifiService: acquireWifiLockLocked: WifiLock{Downloader type=1 binder=android.os.BinderProxy@8603ba7}
08-05 03:39:52.946  3363  3955 D AntennapodHttpClient: Creating new instance of HTTP client
08-05 03:39:52.990 13866 13866 I GoogleInputMethodServic: GoogleInputMethodService.onFinishInput():3138 
08-05 03:39:52.991 13866 13866 I GoogleInputMethodServic: GoogleInputMethodService.onStartInput():1808 
08-05 03:39:53.012   918   936 I ActivityManager: Displayed baseline.de.danoeh.antennapod.debug/baseline.de.danoeh.antennapod.activity.OnlineFeedViewActivity: +96ms
08-05 03:39:53.056  3363  3384 D OpenGLRenderer: endAllStagingAnimators on 0x7f7b191400 (GridView) with handle 0x7f7a547e80
08-05 03:39:53.084  3363  3955 D MYTAG   : interceptor 3a http://feeds.feedburner.com/linuxoutlaws
08-05 03:39:53.084  3363  3955 I NAPPA_EXPERIMENTATION: MetricNetworkRequestExecutionTime: REQUEST_DURATION_SYSTEM='137',REQUEST_DURATION_OKHTTP='43',REQUEST_SYNCHRONOUS='TRUE',RESPONSE_CODE='200',RESPONSE_METHOD='GET',RESPONSE_LENGTH_OKHTTP='-1',RESPONSE_LENGTH_HEADER='-2',REQUEST_PROTOCOL='http/1.1',REQUEST_URL='http://feeds.feedburner.com/linuxoutlaws',
08-05 03:39:53.085  3363  3955 D HttpDownloader: Response code is 200
08-05 03:39:53.085  3363  3955 D UserPreferences: Using default data folder
08-05 03:39:53.086  3363  3955 D HttpDownloader: Getting size of download
08-05 03:39:53.086  3363  3955 D HttpDownloader: Size is -1
08-05 03:39:53.086  3363  3955 D UserPreferences: Using default data folder
08-05 03:39:53.087  3363  3955 D HttpDownloader: Free space is 20226543616
08-05 03:39:53.087  3363  3955 D HttpDownloader: Starting download
08-05 03:39:53.108  3363  3955 D HttpDownloader: Download was successful
08-05 03:39:53.109   918  4400 D WifiService: releaseWifiLockLocked: WifiLock{Downloader type=1 binder=android.os.BinderProxy@8603ba7}
08-05 03:39:53.109  3363  3363 D OnlineFeedViewActivity: Parsing feed
08-05 03:39:53.113  3363  7072 D TypeGetter: Recognized type RSS 2.0
08-05 03:39:53.115  3363  7072 D SyndHandler: Recognized Content namespace
08-05 03:39:53.115  3363  7072 D SyndHandler: Recognized DublinCore namespace
08-05 03:39:53.115  3363  7072 D SyndHandler: Recognized Atom namespace
08-05 03:39:53.116  3363  7072 D SyndHandler: Recognized ITunes namespace
08-05 03:39:53.116  3363  7072 D SyndHandler: Recognized media namespace
08-05 03:39:53.143  3363  7072 D OnlineFeedViewActivity: Deleted feed source file. Result: true
08-05 03:39:53.144  3363  3363 D OnlineFeedViewActivity: Removing HTML from shownotes
08-05 03:39:53.163  3363  4361 D ApOkHttpUrlLoader: buildLoadData() called with: model = [http://sixgun.org/files/linuxoutlaws.jpg], width = [350], height = [350]
08-05 03:39:53.164  3363  4172 D DBReader: getImageAuthentication() called with: imageUrl = [http://sixgun.org/files/linuxoutlaws.jpg]
08-05 03:39:53.166  3363  4172 D ApOkHttpUrlLoader: no credentials for 'http://sixgun.org/files/linuxoutlaws.jpg'
08-05 03:39:53.204  3363  4172 D DBWriter: updateFeedDownloadURL(original: http://sixgun.org/files/linuxoutlaws.jpg, updated: https://fab.industries/sixgun/files/linuxoutlaws.jpg)
08-05 03:39:53.207  3363  5314 I art     : Starting a blocking GC Explicit
08-05 03:39:53.241  3363  5314 I art     : Explicit concurrent mark sweep GC freed 7918(911KB) AllocSpace objects, 15(828KB) LOS objects, 23% free, 51MB/67MB, paused 1.174ms total 33.729ms
08-05 03:39:53.251  3363  5314 I art     : Starting a blocking GC Explicit
08-05 03:39:53.265   380   380 W SurfaceFlinger: couldn't log to binary event log: overflow.
08-05 03:39:53.284  3363  5314 I art     : Explicit concurrent mark sweep GC freed 1393(63KB) AllocSpace objects, 0(0B) LOS objects, 23% free, 51MB/67MB, paused 1.125ms total 32.514ms
08-05 03:39:53.293  3363  5314 I art     : Starting a blocking GC Explicit
08-05 03:39:53.324  3363  5314 I art     : Explicit concurrent mark sweep GC freed 7(256B) AllocSpace objects, 0(0B) LOS objects, 23% free, 51MB/67MB, paused 1.146ms total 30.539ms
08-05 03:39:53.333  3363  5314 I art     : Starting a blocking GC Explicit
08-05 03:39:53.349  3363  4172 D MYTAG   : interceptor 2a
08-05 03:39:53.349  3363  4172 I NAPPA_EXPERIMENTATION: MetricNetworkRequestExecutionTime: REQUEST_DURATION_SYSTEM='183',REQUEST_DURATION_OKHTTP='142',REQUEST_SYNCHRONOUS='TRUE',RESPONSE_CODE='404',RESPONSE_METHOD='GET',RESPONSE_LENGTH_OKHTTP='-1',RESPONSE_LENGTH_HEADER='1503',REQUEST_PROTOCOL='h2',REQUEST_URL='https://fab.industries/sixgun/files/linuxoutlaws.jpg',
08-05 03:39:53.350  3363  3363 W Glide   : Load failed for http://sixgun.org/files/linuxoutlaws.jpg with size [350x350]
08-05 03:39:53.350  3363  3363 W Glide   : class com.bumptech.glide.load.engine.GlideException: Failed to load resource
08-05 03:39:53.350  3363  3363 W Glide   : There was 1 cause:
08-05 03:39:53.350  3363  3363 W Glide   : com.bumptech.glide.load.HttpException()
08-05 03:39:53.350  3363  3363 W Glide   :  call GlideException#logRootCauses(String) for more detail
08-05 03:39:53.350  3363  3363 W Glide   :   Cause (1 of 1): class com.bumptech.glide.load.engine.GlideException: Fetching data failed, class java.io.InputStream, REMOTE
08-05 03:39:53.350  3363  3363 W Glide   : There was 1 cause:
08-05 03:39:53.350  3363  3363 W Glide   : com.bumptech.glide.load.HttpException()
08-05 03:39:53.350  3363  3363 W Glide   :  call GlideException#logRootCauses(String) for more detail
08-05 03:39:53.350  3363  3363 W Glide   :     Cause (1 of 1): class com.bumptech.glide.load.HttpException: 
08-05 03:39:53.351  3363  3363 I Glide   : Root cause (1 of 1)
08-05 03:39:53.351  3363  3363 I Glide   : com.bumptech.glide.load.HttpException: 
08-05 03:39:53.351  3363  3363 I Glide   : 	at com.bumptech.glide.integration.okhttp3.OkHttpStreamFetcher.onResponse(OkHttpStreamFetcher.java:73)
08-05 03:39:53.351  3363  3363 I Glide   : 	at okhttp3.RealCall$AsyncCall.execute(RealCall.java:174)
08-05 03:39:53.351  3363  3363 I Glide   : 	at okhttp3.internal.NamedRunnable.run(NamedRunnable.java:32)
08-05 03:39:53.351  3363  3363 I Glide   : 	at java.util.concurrent.ThreadPoolExecutor.runWorker(ThreadPoolExecutor.java:1113)
08-05 03:39:53.351  3363  3363 I Glide   : 	at java.util.concurrent.ThreadPoolExecutor$Worker.run(ThreadPoolExecutor.java:588)
08-05 03:39:53.351  3363  3363 I Glide   : 	at java.lang.Thread.run(Thread.java:818)
08-05 03:39:53.365  3363  5314 I art     : Explicit concurrent mark sweep GC freed 306(42KB) AllocSpace objects, 0(0B) LOS objects, 23% free, 51MB/67MB, paused 1.232ms total 31.605ms
08-05 03:39:53.374  3363  5314 I art     : Starting a blocking GC Explicit
08-05 03:39:53.389  3363  3363 D PlaybackController: Releasing PlaybackController
08-05 03:39:53.409  3363  5314 I art     : Explicit concurrent mark sweep GC freed 433(20KB) AllocSpace objects, 0(0B) LOS objects, 23% free, 51MB/67MB, paused 1.258ms total 33.905ms
08-05 03:39:53.469   512  2967 D audio_hw_primary: disable_audio_route: reset and update mixer path: low-latency-playback speaker
08-05 03:39:53.469   512  2967 D audio_hw_primary: disable_snd_device: snd_device(2: speaker)
08-05 03:39:53.477   512  2967 I soundtrigger: audio_extn_sound_trigger_update_device_status: device 0x2 of type 0 for Event 0
08-05 03:39:53.735  3363  3375 I art     : Starting a blocking GC Explicit
08-05 03:39:53.779  3363  3375 I art     : Explicit concurrent mark sweep GC freed 1445(83KB) AllocSpace objects, 2(132KB) LOS objects, 23% free, 51MB/67MB, paused 1.381ms total 43.132ms
08-05 03:39:53.790  3363  3375 I art     : Starting a blocking GC Explicit
08-05 03:39:53.826  3363  3375 I art     : Explicit concurrent mark sweep GC freed 39(1296B) AllocSpace objects, 0(0B) LOS objects, 23% free, 51MB/67MB, paused 1.217ms total 35.939ms
08-05 03:39:53.836  3363  3375 I art     : Starting a blocking GC Explicit
08-05 03:39:53.874  3363  3375 I art     : Explicit concurrent mark sweep GC freed 3(96B) AllocSpace objects, 0(0B) LOS objects, 23% free, 51MB/67MB, paused 1.253ms total 37.898ms
08-05 03:39:53.885  3363  3375 I art     : Starting a blocking GC Explicit
08-05 03:39:53.922  3363  3375 I art     : Explicit concurrent mark sweep GC freed 3(96B) AllocSpace objects, 0(0B) LOS objects, 23% free, 51MB/67MB, paused 1.221ms total 36.861ms
08-05 03:39:53.933  3363  3375 I art     : Starting a blocking GC Explicit
08-05 03:39:53.971  3363  3375 I art     : Explicit concurrent mark sweep GC freed 3(96B) AllocSpace objects, 0(0B) LOS objects, 23% free, 51MB/67MB, paused 1.235ms total 38.120ms
08-05 03:39:54.312  3363  4345 I art     : Starting a blocking GC Explicit
08-05 03:39:54.358  3363  4345 I art     : Explicit concurrent mark sweep GC freed 1381(81KB) AllocSpace objects, 1(20KB) LOS objects, 23% free, 51MB/67MB, paused 1.433ms total 45.797ms
08-05 03:39:54.369  3363  4345 I art     : Starting a blocking GC Explicit
08-05 03:39:54.407  3363  4345 I art     : Explicit concurrent mark sweep GC freed 23(752B) AllocSpace objects, 0(0B) LOS objects, 23% free, 51MB/67MB, paused 1.301ms total 38.032ms
08-05 03:39:54.418  3363  4345 I art     : Starting a blocking GC Explicit
08-05 03:39:54.456  3363  4345 I art     : Explicit concurrent mark sweep GC freed 34(928B) AllocSpace objects, 0(0B) LOS objects, 23% free, 51MB/67MB, paused 1.276ms total 37.401ms
08-05 03:39:54.466  3363  4345 I art     : Starting a blocking GC Explicit
08-05 03:39:54.504  3363  4345 I art     : Explicit concurrent mark sweep GC freed 3(96B) AllocSpace objects, 0(0B) LOS objects, 23% free, 51MB/67MB, paused 1.276ms total 37.685ms
08-05 03:39:54.515  3363  4345 I art     : Starting a blocking GC Explicit
08-05 03:39:54.553  3363  4345 I art     : Explicit concurrent mark sweep GC freed 3(96B) AllocSpace objects, 0(0B) LOS objects, 23% free, 51MB/67MB, paused 1.290ms total 37.666ms
08-05 03:39:54.916  3363  3375 I art     : Starting a blocking GC Explicit
08-05 03:39:54.955  3363  3375 I art     : Explicit concurrent mark sweep GC freed 1404(81KB) AllocSpace objects, 1(20KB) LOS objects, 23% free, 51MB/67MB, paused 1.233ms total 38.731ms
08-05 03:39:54.967  3363  3375 I art     : Starting a blocking GC Explicit
08-05 03:39:55.003  3363  3375 I art     : Explicit concurrent mark sweep GC freed 28(912B) AllocSpace objects, 0(0B) LOS objects, 23% free, 51MB/67MB, paused 1.281ms total 36.646ms
08-05 03:39:55.014  3363  3375 I art     : Starting a blocking GC Explicit
08-05 03:39:55.050  3363  3375 I art     : Explicit concurrent mark sweep GC freed 5(160B) AllocSpace objects, 0(0B) LOS objects, 23% free, 51MB/67MB, paused 1.217ms total 35.693ms
08-05 03:39:55.060  3363  3375 I art     : Starting a blocking GC Explicit
08-05 03:39:55.096  3363  3375 I art     : Explicit concurrent mark sweep GC freed 3(96B) AllocSpace objects, 0(0B) LOS objects, 23% free, 51MB/67MB, paused 1.215ms total 35.228ms
08-05 03:39:55.106  3363  3375 I art     : Starting a blocking GC Explicit
08-05 03:39:55.143  3363  3375 I art     : Explicit concurrent mark sweep GC freed 3(96B) AllocSpace objects, 0(0B) LOS objects, 23% free, 51MB/67MB, paused 1.254ms total 36.196ms
08-05 03:39:55.508  3363  5314 I art     : Starting a blocking GC Explicit
08-05 03:39:55.559  3363  5314 I art     : Explicit concurrent mark sweep GC freed 1412(81KB) AllocSpace objects, 1(20KB) LOS objects, 23% free, 51MB/67MB, paused 1.762ms total 50.801ms
08-05 03:39:55.572  3363  5314 I art     : Starting a blocking GC Explicit
08-05 03:39:55.611  3363  5314 I art     : Explicit concurrent mark sweep GC freed 23(752B) AllocSpace objects, 0(0B) LOS objects, 23% free, 51MB/67MB, paused 1.283ms total 38.202ms
08-05 03:39:55.622  3363  5314 I art     : Starting a blocking GC Explicit
08-05 03:39:55.659  3363  5314 I art     : Explicit concurrent mark sweep GC freed 3(96B) AllocSpace objects, 0(0B) LOS objects, 23% free, 51MB/67MB, paused 1.248ms total 37.247ms
08-05 03:39:55.670  3363  5314 I art     : Starting a blocking GC Explicit
08-05 03:39:55.707  3363  5314 I art     : Explicit concurrent mark sweep GC freed 3(96B) AllocSpace objects, 0(0B) LOS objects, 23% free, 51MB/67MB, paused 1.274ms total 36.356ms
08-05 03:39:55.717  3363  5314 I art     : Starting a blocking GC Explicit
08-05 03:39:55.756  3363  5314 I art     : Explicit concurrent mark sweep GC freed 3(96B) AllocSpace objects, 0(0B) LOS objects, 23% free, 51MB/67MB, paused 1.423ms total 38.207ms
08-05 03:39:56.118  3363  4345 I art     : Starting a blocking GC Explicit
08-05 03:39:56.169  3363  4345 I art     : Explicit concurrent mark sweep GC freed 1382(83KB) AllocSpace objects, 1(20KB) LOS objects, 23% free, 51MB/67MB, paused 1.493ms total 50.663ms
08-05 03:39:56.181  3363  4345 I art     : Starting a blocking GC Explicit
08-05 03:39:56.220  3363  4345 I art     : Explicit concurrent mark sweep GC freed 23(752B) AllocSpace objects, 0(0B) LOS objects, 23% free, 51MB/67MB, paused 1.272ms total 38.035ms
08-05 03:39:56.230  3363  4345 I art     : Starting a blocking GC Explicit
08-05 03:39:56.269  3363  4345 I art     : Explicit concurrent mark sweep GC freed 3(96B) AllocSpace objects, 0(0B) LOS objects, 23% free, 51MB/67MB, paused 1.316ms total 38.097ms
08-05 03:39:56.280  3363  4345 I art     : Starting a blocking GC Explicit
08-05 03:39:56.317  3363  4345 I art     : Explicit concurrent mark sweep GC freed 3(96B) AllocSpace objects, 0(0B) LOS objects, 23% free, 51MB/67MB, paused 1.272ms total 37.095ms
08-05 03:39:56.328  3363  4345 I art     : Starting a blocking GC Explicit
08-05 03:39:56.366  3363  4345 I art     : Explicit concurrent mark sweep GC freed 3(96B) AllocSpace objects, 0(0B) LOS objects, 23% free, 51MB/67MB, paused 1.271ms total 37.920ms
08-05 03:39:56.745  3363  3471 I art     : Starting a blocking GC Explicit
08-05 03:39:56.788  3363  3471 I art     : Explicit concurrent mark sweep GC freed 1413(82KB) AllocSpace objects, 1(20KB) LOS objects, 23% free, 51MB/67MB, paused 1.334ms total 42.143ms
08-05 03:39:56.798  3363  3471 I art     : Starting a blocking GC Explicit
08-05 03:39:56.836  3363  3471 I art     : Explicit concurrent mark sweep GC freed 23(752B) AllocSpace objects, 0(0B) LOS objects, 23% free, 51MB/67MB, paused 1.263ms total 37.039ms
08-05 03:39:56.847  3363  3471 I art     : Starting a blocking GC Explicit
08-05 03:39:56.885  3363  3471 I art     : Explicit concurrent mark sweep GC freed 3(96B) AllocSpace objects, 0(0B) LOS objects, 23% free, 51MB/67MB, paused 1.267ms total 37.938ms
08-05 03:39:56.895  3363  3471 I art     : Starting a blocking GC Explicit
08-05 03:39:56.933  3363  3471 I art     : Explicit concurrent mark sweep GC freed 3(96B) AllocSpace objects, 0(0B) LOS objects, 23% free, 51MB/67MB, paused 1.295ms total 37.066ms
08-05 03:39:56.943  3363  3471 I art     : Starting a blocking GC Explicit
08-05 03:39:56.981  3363  3471 I art     : Explicit concurrent mark sweep GC freed 4(160B) AllocSpace objects, 0(0B) LOS objects, 23% free, 51MB/67MB, paused 1.266ms total 37.355ms
08-05 03:39:57.295  3363  3376 I art     : Starting a blocking GC Explicit
08-05 03:39:57.332  3363  3376 I art     : Explicit concurrent mark sweep GC freed 1384(81KB) AllocSpace objects, 1(20KB) LOS objects, 23% free, 51MB/67MB, paused 1.311ms total 37.069ms
08-05 03:39:57.343  3363  3376 I art     : Starting a blocking GC Explicit
08-05 03:39:57.379  3363  3376 I art     : Explicit concurrent mark sweep GC freed 23(752B) AllocSpace objects, 0(0B) LOS objects, 23% free, 51MB/67MB, paused 1.304ms total 36.461ms
08-05 03:39:57.389  3363  3376 I art     : Starting a blocking GC Explicit
08-05 03:39:57.425  3363  3376 I art     : Explicit concurrent mark sweep GC freed 3(96B) AllocSpace objects, 0(0B) LOS objects, 23% free, 51MB/67MB, paused 1.275ms total 35.341ms
08-05 03:39:57.435  3363  3376 I art     : Starting a blocking GC Explicit
08-05 03:39:57.470  3363  3376 I art     : Explicit concurrent mark sweep GC freed 34(928B) AllocSpace objects, 0(0B) LOS objects, 23% free, 51MB/67MB, paused 1.249ms total 34.920ms
08-05 03:39:57.480  3363  3376 I art     : Starting a blocking GC Explicit
08-05 03:39:57.515  3363  3376 I art     : Explicit concurrent mark sweep GC freed 3(96B) AllocSpace objects, 0(0B) LOS objects, 23% free, 51MB/67MB, paused 1.307ms total 34.454ms
08-05 03:39:57.521  7135  7135 D AndroidRuntime: >>>>>> START com.android.internal.os.RuntimeInit uid 2000 <<<<<<
08-05 03:39:57.526  7135  7135 D AndroidRuntime: CheckJNI is OFF
08-05 03:39:57.559  7135  7135 D ICU     : No timezone override file found: /data/misc/zoneinfo/current/icu/icu_tzdata.dat
08-05 03:39:57.593  7135  7135 I Radio-JNI: register_android_hardware_Radio DONE
08-05 03:39:57.615  7135  7135 D AndroidRuntime: Calling main entry com.android.commands.input.Input
08-05 03:39:57.616  7135  7135 I Input   : injectKeyEvent: KeyEvent { action=ACTION_DOWN, keyCode=KEYCODE_BACK, scanCode=0, metaState=0, flags=0x0, repeatCount=0, eventTime=762014029, downTime=762014029, deviceId=-1, source=0x101 }
08-05 03:39:57.623  7135  7135 I Input   : injectKeyEvent: KeyEvent { action=ACTION_UP, keyCode=KEYCODE_BACK, scanCode=0, metaState=0, flags=0x0, repeatCount=0, eventTime=762014029, downTime=762014029, deviceId=-1, source=0x101 }
08-05 03:39:57.630  7135  7135 D AndroidRuntime: Shutting down VM
08-05 03:39:57.634  3363  3363 V PlaybackController: initServiceNotRunning()
08-05 03:39:57.634  3363  3363 D ExternalPlayerFragment: Loading media info
08-05 03:39:57.635  3363  4361 D ApOkHttpUrlLoader: buildLoadData() called with: model = [http://sixgun.org/files/linuxoutlaws.jpg], width = [224], height = [224]
08-05 03:39:57.637  3363  4172 D DBReader: getImageAuthentication() called with: imageUrl = [http://sixgun.org/files/linuxoutlaws.jpg]
08-05 03:39:57.639  3363  3363 D UserPreferences: Using default data folder
08-05 03:39:57.640  3363  4172 D ApOkHttpUrlLoader: no credentials for 'http://sixgun.org/files/linuxoutlaws.jpg'
08-05 03:39:57.640  3363  3950 D DBReader: getNavDrawerData() called with: 
08-05 03:39:57.649  3363  3950 D DBReader: getDownloadedItems() called
08-05 03:39:57.651  3363  3950 D DBReader: getFavoriteIDList() called
08-05 03:39:57.651  3363  3950 D DBReader: getQueueIDList() called
08-05 03:39:57.652  3363  3950 D DBReader: Extracting Feedlist
08-05 03:39:57.669  3363  3363 D MainActivity: getLastNavFragment() -> AddFeedFragment
08-05 03:39:57.669 13866 13866 I GoogleInputMethodServic: GoogleInputMethodService.onFinishInput():3138 
08-05 03:39:57.670 13866 13866 I GoogleInputMethodServic: GoogleInputMethodService.onStartInput():1808 
08-05 03:39:57.791  3363  4172 D DBWriter: updateFeedDownloadURL(original: http://sixgun.org/files/linuxoutlaws.jpg, updated: https://fab.industries/sixgun/files/linuxoutlaws.jpg)
08-05 03:39:57.805  3363  4345 I art     : Starting a blocking GC Explicit
08-05 03:39:57.853  3363  4345 I art     : Explicit concurrent mark sweep GC freed 3100(185KB) AllocSpace objects, 1(20KB) LOS objects, 23% free, 51MB/67MB, paused 1.429ms total 48.058ms
08-05 03:39:57.868  3363  4345 I art     : Starting a blocking GC Explicit
08-05 03:39:57.913  3363  4345 I art     : Explicit concurrent mark sweep GC freed 490(26KB) AllocSpace objects, 0(0B) LOS objects, 23% free, 51MB/67MB, paused 1.520ms total 45.319ms
08-05 03:39:57.925  3363  4345 I art     : Starting a blocking GC Explicit
08-05 03:39:57.942  3363  4172 D MYTAG   : interceptor 2a
08-05 03:39:57.942  3363  4172 I NAPPA_EXPERIMENTATION: MetricNetworkRequestExecutionTime: REQUEST_DURATION_SYSTEM='302',REQUEST_DURATION_OKHTTP='144',REQUEST_SYNCHRONOUS='TRUE',RESPONSE_CODE='404',RESPONSE_METHOD='GET',RESPONSE_LENGTH_OKHTTP='-1',RESPONSE_LENGTH_HEADER='1503',REQUEST_PROTOCOL='h2',REQUEST_URL='https://fab.industries/sixgun/files/linuxoutlaws.jpg',
08-05 03:39:57.944  3363  3363 W Glide   : Load failed for http://sixgun.org/files/linuxoutlaws.jpg with size [224x224]
08-05 03:39:57.944  3363  3363 W Glide   : class com.bumptech.glide.load.engine.GlideException: Failed to load resource
08-05 03:39:57.944  3363  3363 W Glide   : There was 1 cause:
08-05 03:39:57.944  3363  3363 W Glide   : com.bumptech.glide.load.HttpException()
08-05 03:39:57.944  3363  3363 W Glide   :  call GlideException#logRootCauses(String) for more detail
08-05 03:39:57.944  3363  3363 W Glide   :   Cause (1 of 1): class com.bumptech.glide.load.engine.GlideException: Fetching data failed, class java.io.InputStream, REMOTE
08-05 03:39:57.944  3363  3363 W Glide   : There was 1 cause:
08-05 03:39:57.944  3363  3363 W Glide   : com.bumptech.glide.load.HttpException()
08-05 03:39:57.944  3363  3363 W Glide   :  call GlideException#logRootCauses(String) for more detail
08-05 03:39:57.944  3363  3363 W Glide   :     Cause (1 of 1): class com.bumptech.glide.load.HttpException: 
08-05 03:39:57.945  3363  3363 I Glide   : Root cause (1 of 1)
08-05 03:39:57.945  3363  3363 I Glide   : com.bumptech.glide.load.HttpException: 
08-05 03:39:57.945  3363  3363 I Glide   : 	at com.bumptech.glide.integration.okhttp3.OkHttpStreamFetcher.onResponse(OkHttpStreamFetcher.java:73)
08-05 03:39:57.945  3363  3363 I Glide   : 	at okhttp3.RealCall$AsyncCall.execute(RealCall.java:174)
08-05 03:39:57.945  3363  3363 I Glide   : 	at okhttp3.internal.NamedRunnable.run(NamedRunnable.java:32)
08-05 03:39:57.945  3363  3363 I Glide   : 	at java.util.concurrent.ThreadPoolExecutor.runWorker(ThreadPoolExecutor.java:1113)
08-05 03:39:57.945  3363  3363 I Glide   : 	at java.util.concurrent.ThreadPoolExecutor$Worker.run(ThreadPoolExecutor.java:588)
08-05 03:39:57.945  3363  3363 I Glide   : 	at java.lang.Thread.run(Thread.java:818)
08-05 03:39:57.946  3363  3363 W Glide   : Load failed for http://sixgun.org/files/linuxoutlaws.jpg with size [224x224]
08-05 03:39:57.946  3363  3363 W Glide   : class com.bumptech.glide.load.engine.GlideException: Failed to load resource
08-05 03:39:57.946  3363  3363 W Glide   : There was 1 cause:
08-05 03:39:57.946  3363  3363 W Glide   : com.bumptech.glide.load.HttpException()
08-05 03:39:57.946  3363  3363 W Glide   :  call GlideException#logRootCauses(String) for more detail
08-05 03:39:57.946  3363  3363 W Glide   :   Cause (1 of 1): class com.bumptech.glide.load.engine.GlideException: Fetching data failed, class java.io.InputStream, REMOTE
08-05 03:39:57.946  3363  3363 W Glide   : There was 1 cause:
08-05 03:39:57.946  3363  3363 W Glide   : com.bumptech.glide.load.HttpException()
08-05 03:39:57.946  3363  3363 W Glide   :  call GlideException#logRootCauses(String) for more detail
08-05 03:39:57.946  3363  3363 W Glide   :     Cause (1 of 1): class com.bumptech.glide.load.HttpException: 
08-05 03:39:57.946  3363  3363 I Glide   : Root cause (1 of 1)
08-05 03:39:57.946  3363  3363 I Glide   : com.bumptech.glide.load.HttpException: 
08-05 03:39:57.946  3363  3363 I Glide   : 	at com.bumptech.glide.integration.okhttp3.OkHttpStreamFetcher.onResponse(OkHttpStreamFetcher.java:73)
08-05 03:39:57.946  3363  3363 I Glide   : 	at okhttp3.RealCall$AsyncCall.execute(RealCall.java:174)
08-05 03:39:57.946  3363  3363 I Glide   : 	at okhttp3.internal.NamedRunnable.run(NamedRunnable.java:32)
08-05 03:39:57.946  3363  3363 I Glide   : 	at java.util.concurrent.ThreadPoolExecutor.runWorker(ThreadPoolExecutor.java:1113)
08-05 03:39:57.946  3363  3363 I Glide   : 	at java.util.concurrent.ThreadPoolExecutor$Worker.run(ThreadPoolExecutor.java:588)
08-05 03:39:57.946  3363  3363 I Glide   : 	at java.lang.Thread.run(Thread.java:818)
08-05 03:39:57.967  3363  4345 I art     : Explicit concurrent mark sweep GC freed 417(69KB) AllocSpace objects, 0(0B) LOS objects, 23% free, 51MB/67MB, paused 1.478ms total 41.606ms
08-05 03:39:57.971   380   380 W SurfaceFlinger: couldn't log to binary event log: overflow.
08-05 03:39:57.980  3363  4345 I art     : Starting a blocking GC Explicit
08-05 03:39:58.014  3363  4345 I art     : Explicit concurrent mark sweep GC freed 770(31KB) AllocSpace objects, 0(0B) LOS objects, 23% free, 51MB/67MB, paused 1.180ms total 33.938ms
08-05 03:39:58.024  3363  4345 I art     : Starting a blocking GC Explicit
08-05 03:39:58.056  3363  4345 I art     : Explicit concurrent mark sweep GC freed 2860(236KB) AllocSpace objects, 1(28KB) LOS objects, 23% free, 50MB/66MB, paused 1.198ms total 31.863ms
08-05 03:39:58.381  3363  3375 I art     : Starting a blocking GC Explicit
08-05 03:39:58.428  3363  3375 I art     : Explicit concurrent mark sweep GC freed 1382(83KB) AllocSpace objects, 1(20KB) LOS objects, 23% free, 50MB/66MB, paused 1.393ms total 46.298ms
08-05 03:39:58.440  3363  3375 I art     : Starting a blocking GC Explicit
08-05 03:39:58.477  3363  3375 I art     : Explicit concurrent mark sweep GC freed 56(1664B) AllocSpace objects, 0(0B) LOS objects, 23% free, 50MB/66MB, paused 1.255ms total 36.641ms
08-05 03:39:58.487  3363  3375 I art     : Starting a blocking GC Explicit
08-05 03:39:58.524  3363  3375 I art     : Explicit concurrent mark sweep GC freed 3(96B) AllocSpace objects, 0(0B) LOS objects, 23% free, 50MB/66MB, paused 1.314ms total 36.799ms
08-05 03:39:58.535  3363  3375 I art     : Starting a blocking GC Explicit
08-05 03:39:58.572  3363  3375 I art     : Explicit concurrent mark sweep GC freed 3(96B) AllocSpace objects, 0(0B) LOS objects, 23% free, 50MB/66MB, paused 1.270ms total 36.274ms
08-05 03:39:58.582  3363  3375 I art     : Starting a blocking GC Explicit
08-05 03:39:58.618  3363  3375 I art     : Explicit concurrent mark sweep GC freed 3(96B) AllocSpace objects, 0(0B) LOS objects, 23% free, 50MB/66MB, paused 1.310ms total 36.066ms
08-05 03:39:58.953  3363  3471 I art     : Starting a blocking GC Explicit
08-05 03:39:58.989  3363  3471 I art     : Explicit concurrent mark sweep GC freed 1384(81KB) AllocSpace objects, 1(20KB) LOS objects, 23% free, 50MB/66MB, paused 1.384ms total 36.051ms
08-05 03:39:59.000  3363  3471 I art     : Starting a blocking GC Explicit
08-05 03:39:59.011   918  3261 D WifiStateMachine: starting scan for "H369AA63323"WPA_PSK with 2412,5180
08-05 03:39:59.034  3363  3471 I art     : Explicit concurrent mark sweep GC freed 23(752B) AllocSpace objects, 0(0B) LOS objects, 23% free, 50MB/66MB, paused 1.268ms total 34.348ms
08-05 03:39:59.044  3363  3471 I art     : Starting a blocking GC Explicit
08-05 03:39:59.078  3363  3471 I art     : Explicit concurrent mark sweep GC freed 3(96B) AllocSpace objects, 0(0B) LOS objects, 23% free, 50MB/66MB, paused 1.258ms total 33.880ms
08-05 03:39:59.088  3363  3471 I art     : Starting a blocking GC Explicit
08-05 03:39:59.122  3363  3471 I art     : Explicit concurrent mark sweep GC freed 3(96B) AllocSpace objects, 0(0B) LOS objects, 23% free, 50MB/66MB, paused 1.310ms total 33.872ms
08-05 03:39:59.132  3363  3471 I art     : Starting a blocking GC Explicit
08-05 03:39:59.167  3363  3471 I art     : Explicit concurrent mark sweep GC freed 3(96B) AllocSpace objects, 0(0B) LOS objects, 23% free, 50MB/66MB, paused 1.334ms total 34.519ms
08-05 03:39:59.299  7189  7189 D AndroidRuntime: >>>>>> START com.android.internal.os.RuntimeInit uid 2000 <<<<<<
08-05 03:39:59.305  7189  7189 D AndroidRuntime: CheckJNI is OFF
08-05 03:39:59.335  7189  7189 D ICU     : No timezone override file found: /data/misc/zoneinfo/current/icu/icu_tzdata.dat
08-05 03:39:59.365  7189  7189 I Radio-JNI: register_android_hardware_Radio DONE
08-05 03:39:59.386  7189  7189 D AndroidRuntime: Calling main entry com.android.commands.input.Input
08-05 03:39:59.387  7189  7189 I Input   : injectKeyEvent: KeyEvent { action=ACTION_DOWN, keyCode=KEYCODE_BACK, scanCode=0, metaState=0, flags=0x0, repeatCount=0, eventTime=762015800, downTime=762015800, deviceId=-1, source=0x101 }
08-05 03:39:59.397  7189  7189 I Input   : injectKeyEvent: KeyEvent { action=ACTION_UP, keyCode=KEYCODE_BACK, scanCode=0, metaState=0, flags=0x0, repeatCount=0, eventTime=762015800, downTime=762015800, deviceId=-1, source=0x101 }
08-05 03:39:59.413  7189  7189 D AndroidRuntime: Shutting down VM
08-05 03:39:59.486  3363  3375 I art     : Starting a blocking GC Explicit
08-05 03:39:59.524  3363  3375 I art     : Explicit concurrent mark sweep GC freed 3608(172KB) AllocSpace objects, 1(20KB) LOS objects, 23% free, 50MB/66MB, paused 1.290ms total 37.471ms
08-05 03:39:59.534  3363  3375 I art     : Starting a blocking GC Explicit
08-05 03:39:59.569  3363  3375 I art     : Explicit concurrent mark sweep GC freed 5355(395KB) AllocSpace objects, 9(1620KB) LOS objects, 24% free, 48MB/64MB, paused 1.305ms total 35.324ms
08-05 03:39:59.580  3363  3375 I art     : Starting a blocking GC Explicit
08-05 03:39:59.614  3363  3375 I art     : Explicit concurrent mark sweep GC freed 3(96B) AllocSpace objects, 0(0B) LOS objects, 24% free, 48MB/64MB, paused 1.273ms total 33.933ms
08-05 03:39:59.624  3363  3375 I art     : Starting a blocking GC Explicit
08-05 03:39:59.658  3363  3375 I art     : Explicit concurrent mark sweep GC freed 3(96B) AllocSpace objects, 0(0B) LOS objects, 24% free, 48MB/64MB, paused 1.316ms total 33.754ms
08-05 03:39:59.668  3363  3375 I art     : Starting a blocking GC Explicit
08-05 03:39:59.702  3363  3375 I art     : Explicit concurrent mark sweep GC freed 3(96B) AllocSpace objects, 0(0B) LOS objects, 24% free, 48MB/64MB, paused 1.274ms total 33.878ms
08-05 03:40:00.053  3363  3471 I art     : Starting a blocking GC Explicit
08-05 03:40:00.082  3363  3471 I art     : Explicit concurrent mark sweep GC freed 1382(82KB) AllocSpace objects, 1(20KB) LOS objects, 24% free, 48MB/64MB, paused 1.128ms total 28.793ms
08-05 03:40:00.091  3363  3471 I art     : Starting a blocking GC Explicit
08-05 03:40:00.120  3363  3471 I art     : Explicit concurrent mark sweep GC freed 23(752B) AllocSpace objects, 0(0B) LOS objects, 24% free, 48MB/64MB, paused 1.180ms total 28.544ms
08-05 03:40:00.129  3363  3471 I art     : Starting a blocking GC Explicit
08-05 03:40:00.160  3363  3471 I art     : Explicit concurrent mark sweep GC freed 3(96B) AllocSpace objects, 0(0B) LOS objects, 24% free, 48MB/64MB, paused 1.205ms total 30.367ms
08-05 03:40:00.169  3363  3471 I art     : Starting a blocking GC Explicit
08-05 03:40:00.202  3363  3471 I art     : Explicit concurrent mark sweep GC freed 3(96B) AllocSpace objects, 0(0B) LOS objects, 24% free, 48MB/64MB, paused 1.300ms total 32.982ms
08-05 03:40:00.212  3363  3471 I art     : Starting a blocking GC Explicit
08-05 03:40:00.246  3363  3471 I art     : Explicit concurrent mark sweep GC freed 3(96B) AllocSpace objects, 0(0B) LOS objects, 24% free, 48MB/64MB, paused 1.266ms total 33.766ms
08-05 03:40:00.595  3363  5314 I art     : Starting a blocking GC Explicit
08-05 03:40:00.639  3363  5314 I art     : Explicit concurrent mark sweep GC freed 1412(82KB) AllocSpace objects, 1(20KB) LOS objects, 24% free, 48MB/64MB, paused 1.536ms total 43.477ms
08-05 03:40:00.655  3363  5314 I art     : Starting a blocking GC Explicit
08-05 03:40:00.688  3363  5314 I art     : Explicit concurrent mark sweep GC freed 23(752B) AllocSpace objects, 0(0B) LOS objects, 24% free, 48MB/64MB, paused 1.292ms total 32.774ms
08-05 03:40:00.697  3363  5314 I art     : Starting a blocking GC Explicit
08-05 03:40:00.728  3363  5314 I art     : Explicit concurrent mark sweep GC freed 3(96B) AllocSpace objects, 0(0B) LOS objects, 24% free, 48MB/64MB, paused 1.414ms total 30.831ms
08-05 03:40:00.738  3363  5314 I art     : Starting a blocking GC Explicit
08-05 03:40:00.770  3363  5314 I art     : Explicit concurrent mark sweep GC freed 3(96B) AllocSpace objects, 0(0B) LOS objects, 24% free, 48MB/64MB, paused 1.345ms total 32.053ms
08-05 03:40:00.780  3363  5314 I art     : Starting a blocking GC Explicit
08-05 03:40:00.812  3363  5314 I art     : Explicit concurrent mark sweep GC freed 3(96B) AllocSpace objects, 0(0B) LOS objects, 24% free, 48MB/64MB, paused 1.257ms total 31.972ms
08-05 03:40:00.927   518   646 I ThermalEngine: ACTION: GPU - Setting GPU[0] to 450000000
08-05 03:40:01.159  3363  3376 I art     : Starting a blocking GC Explicit
08-05 03:40:01.183  7236  7236 D AndroidRuntime: >>>>>> START com.android.internal.os.RuntimeInit uid 2000 <<<<<<
08-05 03:40:01.190  7236  7236 D AndroidRuntime: CheckJNI is OFF
08-05 03:40:01.205  3363  3376 I art     : Explicit concurrent mark sweep GC freed 1403(83KB) AllocSpace objects, 1(20KB) LOS objects, 24% free, 48MB/64MB, paused 1.709ms total 45.334ms
08-05 03:40:01.218  3363  3376 I art     : Starting a blocking GC Explicit
08-05 03:40:01.235  7236  7236 D ICU     : No timezone override file found: /data/misc/zoneinfo/current/icu/icu_tzdata.dat
08-05 03:40:01.257  3363  3376 I art     : Explicit concurrent mark sweep GC freed 29(944B) AllocSpace objects, 0(0B) LOS objects, 24% free, 48MB/64MB, paused 1.766ms total 38.378ms
08-05 03:40:01.269  3363  3376 I art     : Starting a blocking GC Explicit
08-05 03:40:01.280  7236  7236 I Radio-JNI: register_android_hardware_Radio DONE
08-05 03:40:01.308  3363  3376 I art     : Explicit concurrent mark sweep GC freed 6(192B) AllocSpace objects, 0(0B) LOS objects, 24% free, 48MB/64MB, paused 1.683ms total 38.525ms
08-05 03:40:01.308  7236  7236 D AndroidRuntime: Calling main entry com.android.commands.am.Am
08-05 03:40:01.316 24044 24044 I Trepn   : Trepn 6.2s: Received intent: com.quicinc.trepn.stop_profiling
08-05 03:40:01.320  3363  3376 I art     : Starting a blocking GC Explicit
08-05 03:40:01.355 24044 24044 I Trepn   : Trepn 6.2s: Trepn has Stopped Profiling.
08-05 03:40:01.356  3363  3376 I art     : Explicit concurrent mark sweep GC freed 3(96B) AllocSpace objects, 0(0B) LOS objects, 24% free, 48MB/64MB, paused 1.464ms total 35.918ms
08-05 03:40:01.368  3363  3376 I art     : Starting a blocking GC Explicit
08-05 03:40:01.406  3363  3376 I art     : Explicit concurrent mark sweep GC freed 3(96B) AllocSpace objects, 0(0B) LOS objects, 24% free, 48MB/64MB, paused 1.585ms total 38.169ms
08-05 03:40:01.527  7236  7236 D AndroidRuntime: Shutting down VM
08-05 03:40:01.545   918   929 W AppOps  : Finishing op nesting under-run: uid 10078 pkg com.quicinc.trepn code 24 time=0 duration=0 nesting=0
08-05 03:40:01.743  3363  3375 I art     : Starting a blocking GC Explicit
08-05 03:40:01.783  3363  3375 I art     : Explicit concurrent mark sweep GC freed 1414(82KB) AllocSpace objects, 1(20KB) LOS objects, 24% free, 48MB/64MB, paused 1.595ms total 39.961ms
08-05 03:40:01.795  3363  3375 I art     : Starting a blocking GC Explicit
08-05 03:40:01.834  3363  3375 I art     : Explicit concurrent mark sweep GC freed 23(752B) AllocSpace objects, 0(0B) LOS objects, 24% free, 48MB/64MB, paused 1.468ms total 38.317ms
08-05 03:40:01.846  3363  3375 I art     : Starting a blocking GC Explicit
08-05 03:40:01.852   918  3188 I hubconnection: sensorhub said: 'set_bias 3: -4.9824, 0.0000, 0.0000'
08-05 03:40:01.883  3363  3375 I art     : Explicit concurrent mark sweep GC freed 3(96B) AllocSpace objects, 0(0B) LOS objects, 24% free, 48MB/64MB, paused 1.595ms total 36.880ms
08-05 03:40:01.896  3363  3375 I art     : Starting a blocking GC Explicit
08-05 03:40:01.932  3363  3375 I art     : Explicit concurrent mark sweep GC freed 3(96B) AllocSpace objects, 0(0B) LOS objects, 24% free, 48MB/64MB, paused 1.582ms total 36.253ms
08-05 03:40:01.944  3363  3375 I art     : Starting a blocking GC Explicit
08-05 03:40:01.983  3363  3375 I art     : Explicit concurrent mark sweep GC freed 3(96B) AllocSpace objects, 0(0B) LOS objects, 24% free, 48MB/64MB, paused 1.489ms total 38.582ms
08-05 03:40:03.932   518   646 I ThermalEngine: ACTION: GPU - Setting GPU[0] to 510000000
