--------- beginning of main
08-05 02:56:38.459 17099 17099 I Finsky  : [1] lzi.c(2): Frosting ID looked up on UI thread. Caller should move to a background thread.
08-05 02:56:38.465 17099 27584 I Finsky  : [5986] ejf.a(-1): Cancelled 0 ongoing asset module downloads for package baseline.de.danoeh.antennapod.debug due to a concurrent app update.
08-05 02:56:38.474 17099 17099 I Finsky  : [1] nra.a(220): Installer: found apps to install. isMultiUserMode=false, apps=[]
08-05 02:56:38.507 17099 17273 I Finsky  : [5938] odj.b(52): IQ: Notifying installation update. package=baseline.de.danoeh.antennapod.debug, status=UNINSTALLED
08-05 02:56:38.544 17099 17099 I Finsky  : [1] uah.a(18): PackageMonitorReceiverImpl - Received: android.intent.action.PACKAGE_ADDED, [CFjXe5fo2ooiLur0Ju3smv2h5qnGgIsGl5_C_SkJu8g]
08-05 02:56:38.544 17099 17099 I Finsky  : [1] ubi.d(9): Invalidating cached PackageState for baseline.de.danoeh.antennapod.debug
08-05 02:56:38.546 24577 27569 I Auth    : [SupervisedAccountIntentOperation] onHandleIntent(): android.intent.action.PACKAGE_ADDED
08-05 02:56:38.586 24577 27577 I ChromeSync: [Sync,SyncIntentOperation] Handling the intent: Intent { act=android.intent.action.PACKAGE_ADDED dat=package:baseline.de.danoeh.antennapod.debug flg=0x4000010 cmp=com.google.android.gms/.chimera.GmsIntentOperationService (has extras) }.
08-05 02:56:38.592   918  3261 D WifiStateMachine: starting scan for "H369AA63323"WPA_PSK with 2412,5180
08-05 02:56:38.615 17099 17099 I Finsky  : [1] lzi.c(2): Frosting ID looked up on UI thread. Caller should move to a background thread.
--------- beginning of system
08-05 02:56:38.616   918  6112 W ActivityManager: Unable to start service Intent { act=com.google.android.gms.auth.key.retrieval.service.START pkg=com.google.android.gms } U=0: not found
08-05 02:56:38.658 17099 27565 I Finsky  : [5984] lyv.run(-1): Wrote row to frosting DB: 2620
08-05 02:56:38.663 17099 17099 I Finsky  : [1] agsx.a(4): Do not start WearSupportService due to Wear service optimization
08-05 02:56:38.679 17099 27584 I Finsky  : [5986] ejc.a(-1): Asset module broadcast after update successful for package baseline.de.danoeh.antennapod.debug. 0 sessions broadcast.
08-05 02:56:38.685   918  3670 I AccountManagerService: getTypesVisibleToCaller: isPermitted? true
08-05 02:56:38.695 24577 27577 I ChromeSync: [Persistence,AffiliationManager] One of affiliation or grouping data for android://bz0hZa4nAJEtd0n5sRlXG7KAqctUMWVefv7Ki4mh1p6slZ9YO-n9gS9j8m9YCrsIyI2wIxrDHraumF9Y6pBLTA==@baseline.de.danoeh.antennapod.debug/ was not found. Marking affiliation data as stale...
08-05 02:56:38.697 17099 17099 I Finsky  : [1] lzi.c(2): Frosting ID looked up on UI thread. Caller should move to a background thread.
08-05 02:56:38.699   918   928 W ActivityManager: Unbind failed: could not find connection for android.os.BinderProxy@a8ae9fd
08-05 02:56:38.716 24577 24621 E GmsClient: unable to connect to service: com.google.android.gms.auth.key.retrieval.service.START on com.google.android.gms
08-05 02:56:38.828   918  6112 I AccountManagerService: getTypesVisibleToCaller: isPermitted? true
08-05 02:56:38.866 17099 27580 I Finsky  : [5985] gzn.a(-1): [ContentSync] finished, scheduled=false
08-05 02:56:38.872 17099 17273 I Finsky  : [5938] odj.b(40): IQ: No matching installs to run for jobs: []
08-05 02:56:38.885 17099 27565 I Finsky  : [5984] lyv.run(-1): Wrote row to frosting DB: 2621
08-05 02:56:38.939 17099 27565 I Finsky  : [5984] lyv.run(-1): Wrote row to frosting DB: 2622
08-05 02:56:38.986 17099 17099 I Finsky  : [1] xmu.a(8): SCH: Jobs in database: 1-1337 3-201 3-202 12-1 24-77777777 26-1414141414 
08-05 02:56:38.988 17099 17099 I Finsky  : [1] xio.a(57): SCH: ConstraintMapping: 24-77777777,  -> L: 0ms, D: 65601532ms, C: false, I: true, N: 0
08-05 02:56:38.989 17099 17099 I Finsky  : [1] xio.a(57): SCH: ConstraintMapping: 1-1337, 12-1,  -> L: 14477ms, D: 68953921ms, C: false, I: false, N: 1
08-05 02:56:38.989 17099 17099 I Finsky  : [1] xio.a(57): SCH: ConstraintMapping: 3-201,  -> L: 0ms, D: 85695435ms, C: false, I: true, N: 2
08-05 02:56:38.990 17099 17099 I Finsky  : [1] xio.a(57): SCH: ConstraintMapping: 3-202,  -> L: 0ms, D: 85695500ms, C: true, I: true, N: 2
08-05 02:56:38.990 17099 17099 I Finsky  : [1] xio.a(57): SCH: ConstraintMapping: 26-1414141414,  -> L: 30391406ms, D: 31291406ms, C: false, I: false, N: 0
08-05 02:56:38.992 17099 27580 I Finsky  : [5985] gzn.a(-1): [ContentSync] finished, scheduled=true
08-05 02:56:38.993 17099 27565 I Finsky  : [5984] lyv.run(-1): Wrote row to frosting DB: 2623
08-05 02:56:39.010 17099 17099 I Finsky  : [1] xle.a(34): Cancelling existing jobscheduler jobs: 9000 9009 9011 9014 9015 9012 9013 9010 9005 9007 
08-05 02:56:39.010 17099 17099 I Finsky  : [1] xle.a(27): Scheduling job Id: 9001, L: 0, D: 65601532, C: false, I: true, N: 0
08-05 02:56:39.012 17099 17099 I Finsky  : [1] xle.a(27): Scheduling job Id: 9002, L: 14477, D: 68953921, C: false, I: false, N: 1
08-05 02:56:39.013 17099 17099 I Finsky  : [1] xle.a(27): Scheduling job Id: 9003, L: 0, D: 85695435, C: false, I: true, N: 2
08-05 02:56:39.015 17099 17099 I Finsky  : [1] xle.a(27): Scheduling job Id: 9004, L: 0, D: 85695500, C: true, I: true, N: 2
08-05 02:56:39.017 17099 17099 I Finsky  : [1] xle.a(27): Scheduling job Id: 9006, L: 30391406, D: 31291406, C: false, I: false, N: 0
08-05 02:56:39.018 17099 17099 I Finsky  : [1] xle.a(27): Scheduling job Id: 9008, L: 0, D: 65601532, C: false, I: true, N: 0
08-05 02:56:39.020 17099 17099 I Finsky  : [1] xle.a(27): Scheduling job Id: 9016, L: 14477, D: 68953921, C: false, I: false, N: 1
08-05 02:56:39.023 17099 17099 I Finsky  : [1] xle.a(27): Scheduling job Id: 9017, L: 0, D: 85695435, C: false, I: true, N: 2
08-05 02:56:39.026 17099 17099 I Finsky  : [1] xle.a(27): Scheduling job Id: 9018, L: 0, D: 85695500, C: true, I: true, N: 2
08-05 02:56:39.028 17099 17099 I Finsky  : [1] xle.a(27): Scheduling job Id: 9019, L: 30391406, D: 31291406, C: false, I: false, N: 0
08-05 02:56:39.043 24577 13294 I Icing   : IndexChimeraService.getServiceInterface callingPackage=com.google.android.gms componentName=AppsCorpus serviceId=36
08-05 02:56:39.057 27595 27595 D AndroidRuntime: >>>>>> START com.android.internal.os.RuntimeInit uid 2000 <<<<<<
08-05 02:56:39.061 27595 27595 D AndroidRuntime: CheckJNI is OFF
08-05 02:56:39.080 24577 23389 W Icing   : No valid account for uploading user actions
08-05 02:56:39.080   918  3670 I AccountManagerService: getTypesVisibleToCaller: isPermitted? true
08-05 02:56:39.085 27595 27595 D ICU     : No timezone override file found: /data/misc/zoneinfo/current/icu/icu_tzdata.dat
08-05 02:56:39.103 24577 13294 I Icing   : IndexChimeraService.getServiceInterface callingPackage=com.google.android.gms componentName=null serviceId=30
08-05 02:56:39.107 27595 27595 I Radio-JNI: register_android_hardware_Radio DONE
08-05 02:56:39.123 27595 27595 D AndroidRuntime: Calling main entry com.android.commands.monkey.Monkey
08-05 02:56:39.131 24577 23389 I Icing   : Usage reports ok 1, Failed Usage reports 0, indexed 0, rejected 0
08-05 02:56:39.134 24577 23389 W Icing   : No valid account for uploading user actions
08-05 02:56:39.149   918   931 W BroadcastQueue: Skipping deliver [background] BroadcastRecord{85e6911 u-1 android.net.conn.CONNECTIVITY_CHANGE} to ReceiverList{85c1a76 27595 (unknown name)/2000/u-1 remote:68b8d9b}: process crashing
08-05 02:56:39.155 24577 23389 I Icing   : Usage reports ok 0, Failed Usage reports 0, indexed 0, rejected 0
08-05 02:56:39.156 24577 23389 I Icing   : Indexing com.google.android.gms-internal.3p:MobileApplication from com.google.android.gms using seqno 763
08-05 02:56:39.159 24577 23389 I Icing   : Indexing com.google.android.gms-internal.3p:MobileApplication from com.google.android.gms using seqno 763
08-05 02:56:39.170   918   929 I ActivityManager: START u0 {act=android.intent.action.MAIN cat=[android.intent.category.LAUNCHER] flg=0x10200000 cmp=baseline.de.danoeh.antennapod.debug/baseline.de.danoeh.antennapod.activity.SplashActivity} from uid 2000 on display 0
08-05 02:56:39.190   918  6029 I ActivityManager: Start proc 27610:baseline.de.danoeh.antennapod.debug/u0a691 for activity baseline.de.danoeh.antennapod.debug/baseline.de.danoeh.antennapod.activity.SplashActivity
08-05 02:56:39.190 27610 27610 I art     : Late-enabling -Xcheck:jni
08-05 02:56:39.194 27595 27595 I art     : System.exit called, status: 0
08-05 02:56:39.194 27595 27595 I AndroidRuntime: VM exiting with result code 0.
08-05 02:56:39.204 24577 13294 I Icing   : IndexChimeraService.getServiceInterface callingPackage=com.google.android.gms componentName=null serviceId=36
08-05 02:56:39.209 24577 10434 W Icing   : No valid account for uploading user actions
08-05 02:56:39.220 24577 10434 I Icing   : Usage reports ok 0, Failed Usage reports 0, indexed 0, rejected 0
08-05 02:56:39.261 27610 27610 W System  : ClassLoader referenced unknown path: /data/app/baseline.de.danoeh.antennapod.debug-2/lib/arm64
08-05 02:56:39.274 27610 27610 D UserPreferences: Creating new instance of UserPreferences
08-05 02:56:39.276 27610 27610 D UserPreferences: Using default data folder
08-05 02:56:39.277   719 23718 I PBSessionCacheImpl: Deleted sessionId[3163792008073881] from persistence.
08-05 02:56:39.279 27610 27610 D UserPreferences: Import directory already exists
08-05 02:56:39.281 27610 27610 D UpdateManager: old: -1, current: 1070296
08-05 02:56:39.282   719   760 W SearchServiceCore: Abort, client detached.
08-05 02:56:39.282   719   760 I MicroDetectionState: Should stop hotword detection immediately - true
08-05 02:56:39.283 27610 27610 D SleepTimerPreferences: Creating new instance of SleepTimerPreferences
08-05 02:56:39.303 27610 27610 D SPAUtil : Sending SP_APPS_QUERY_FEEDS intent
08-05 02:56:39.328 27610 27610 W art     : Before Android 4.1, method android.graphics.PorterDuffColorFilter androidx.vectordrawable.graphics.drawable.VectorDrawableCompat.updateTintFilter(android.graphics.PorterDuffColorFilter, android.content.res.ColorStateList, android.graphics.PorterDuff$Mode) would have incorrectly overridden the package-private method in android.graphics.drawable.Drawable
08-05 02:56:39.355 27610 27610 I art     : Rejecting re-init on previously-failed class java.lang.Class<androidx.core.view.ViewCompat$2>
08-05 02:56:39.355 27610 27610 I art     : Rejecting re-init on previously-failed class java.lang.Class<androidx.core.view.ViewCompat$2>
08-05 02:56:39.379 27610 27631 D OpenGLRenderer: Use EGL_SWAP_BEHAVIOR_PRESERVED: true
08-05 02:56:39.409 27610 27631 I Adreno  : QUALCOMM build                   : fcf4852, I1af360237c
08-05 02:56:39.409 27610 27631 I Adreno  : Build Date                       : 09/23/15
08-05 02:56:39.409 27610 27631 I Adreno  : OpenGL ES Shader Compiler Version: XE031.05.13.02
08-05 02:56:39.409 27610 27631 I Adreno  : Local Branch                     : mybranch14465806
08-05 02:56:39.409 27610 27631 I Adreno  : Remote Branch                    : quic/LA.BF64.1.2.9_v2
08-05 02:56:39.409 27610 27631 I Adreno  : Remote Branch                    : NONE
08-05 02:56:39.409 27610 27631 I Adreno  : Reconstruct Branch               : NOTHING
08-05 02:56:39.414 27610 27631 I OpenGLRenderer: Initialized EGL, version 1.4
08-05 02:56:39.440   918   929 I ActivityManager: START u0 {cmp=baseline.de.danoeh.antennapod.debug/baseline.de.danoeh.antennapod.activity.MainActivity} from uid 10691 on display 0
08-05 02:56:39.441 13866 13866 I GoogleInputMethodServic: GoogleInputMethodService.onFinishInput():3138 
08-05 02:56:39.442 13866 13866 I GoogleInputMethodServic: GoogleInputMethodService.onStartInput():1808 
08-05 02:56:39.542 27610 27610 D UserPreferences: Using default data folder
08-05 02:56:39.574 27610 27610 D MainActivity: getLastNavFragment() -> QueueFragment
08-05 02:56:39.575 27610 27610 D MainActivity: loadFragment(tag: QueueFragment, args: null)
08-05 02:56:39.577 27610 27610 D MainActivity: saveLastNavFragment(tag: QueueFragment)
08-05 02:56:39.578 27610 27610 D MainActivity: getLastNavFragment() -> QueueFragment
08-05 02:56:39.579 27610 27610 D UserPreferences: timeOfDay: []
08-05 02:56:39.580 27610 27610 D AutoUpdateManager: Restarting update alarm.
08-05 02:56:39.581 27610 27610 D AutoUpdateManager: Changed alarm to new interval 12 h
08-05 02:56:39.594 27610 27610 D UserPreferences: timeOfDay: []
08-05 02:56:39.594 27610 27610 D AutoUpdateManager: Restarting update alarm.
08-05 02:56:39.595 27610 27610 D AutoUpdateManager: Changed alarm to new interval 12 h
08-05 02:56:39.632 27610 27610 D ExternalPlayerFragment: Loading media info
08-05 02:56:39.633 27610 27610 D QueueFragment: loadItems()
08-05 02:56:39.637 27610 27630 D DBReader: getQueue() called
08-05 02:56:39.637 27610 27630 D DBReader: getQueue()
08-05 02:56:39.640 27610 27630 D DBReader: getFavoriteIDList() called
08-05 02:56:39.641 27610 27630 D DBReader: getQueueIDList() called
08-05 02:56:39.642 27610 27630 D DBReader: Extracting Feedlist
08-05 02:56:39.646 27610 27610 V PlaybackController: initServiceNotRunning()
08-05 02:56:39.646 27610 27610 D ExternalPlayerFragment: Loading media info
08-05 02:56:39.649 27610 27610 D UserPreferences: Using default data folder
08-05 02:56:39.651 27610 27610 D AutoUpdateManager: last refresh: 443496 hours 56 minutes ago
08-05 02:56:39.652 27610 27630 D DBReader: getNavDrawerData() called with: 
08-05 02:56:39.658 27610 27630 D DBReader: getDownloadedItems() called
08-05 02:56:39.660 27610 27630 D DBReader: getFavoriteIDList() called
08-05 02:56:39.663 27610 27630 D DBReader: getQueueIDList() called
08-05 02:56:39.663 27610 27630 D DBReader: Extracting Feedlist
08-05 02:56:39.668   380   380 W SurfaceFlinger: couldn't log to binary event log: overflow.
08-05 02:56:39.797 27610 27610 D MainActivity: getLastNavFragment() -> QueueFragment
08-05 02:56:39.797 27610 27610 D MainActivity: handleNavIntent()
08-05 02:56:39.874   918   936 I ActivityManager: Displayed baseline.de.danoeh.antennapod.debug/baseline.de.danoeh.antennapod.activity.MainActivity: +357ms (total +699ms)
08-05 02:56:39.878 13866 13866 I GoogleInputMethodServic: GoogleInputMethodService.onFinishInput():3138 
08-05 02:56:39.878 13866 13866 I GoogleInputMethodServic: GoogleInputMethodService.onStartInput():1808 
08-05 02:56:39.902 29532 29532 W PathParser: Points are too far apart 4.030360828967057
08-05 02:56:39.902 29532 29532 W PathParser: Points are too far apart 4.030360538880159
08-05 02:56:39.919 29532 29532 W PathParser: Points are too far apart 4.030360828967057
08-05 02:56:39.919 29532 29532 W PathParser: Points are too far apart 4.030360538880159
08-05 02:56:39.936 29532 29532 W PathParser: Points are too far apart 4.030360828967057
08-05 02:56:39.936 29532 29532 W PathParser: Points are too far apart 4.030360538880159
08-05 02:56:39.953 29532 29532 W PathParser: Points are too far apart 4.030360828967057
08-05 02:56:39.953 29532 29532 W PathParser: Points are too far apart 4.030360538880159
08-05 02:56:39.969 29532 29532 W PathParser: Points are too far apart 4.030360828967057
08-05 02:56:39.969 29532 29532 W PathParser: Points are too far apart 4.030360538880159
08-05 02:56:39.986 29532 29532 W PathParser: Points are too far apart 4.030360828967057
08-05 02:56:39.986 29532 29532 W PathParser: Points are too far apart 4.030360538880159
08-05 02:56:40.003 29532 29532 W PathParser: Points are too far apart 4.030360828967057
08-05 02:56:40.003 29532 29532 W PathParser: Points are too far apart 4.030360538880159
08-05 02:56:40.019 29532 29532 W PathParser: Points are too far apart 4.030360828967057
08-05 02:56:40.019 29532 29532 W PathParser: Points are too far apart 4.030360538880159
08-05 02:56:40.134 24577 23389 I Icing   : Indexing com.google.android.gms-apps from com.google.android.gms
08-05 02:56:40.236 24577 23389 I Icing   : Indexing done com.google.android.gms-apps
08-05 02:56:40.663 27610 27655 D DBReader: Extracting Feedlist
08-05 02:56:40.666 27610 27655 D FlattrUtils: Retrieving access token
08-05 02:56:40.667 27610 27655 D FlattrUtils: No access token found
08-05 02:56:40.670 27610 27655 I art     : Rejecting re-init on previously-failed class java.lang.Class<androidx.core.app.JobIntentService$JobServiceEngineImpl>
08-05 02:56:40.671 27610 27655 I art     : Rejecting re-init on previously-failed class java.lang.Class<androidx.core.app.JobIntentService$JobServiceEngineImpl>
08-05 02:56:40.671 27610 27655 I art     : Rejecting re-init on previously-failed class java.lang.Class<androidx.core.app.SafeJobIntentService$SafeJobServiceEngineImpl>
08-05 02:56:40.672 27610 27655 I art     : Rejecting re-init on previously-failed class java.lang.Class<androidx.core.app.SafeJobIntentService$SafeJobServiceEngineImpl>
08-05 02:56:40.745 27652 27652 D AndroidRuntime: >>>>>> START com.android.internal.os.RuntimeInit uid 2000 <<<<<<
08-05 02:56:40.750 27652 27652 D AndroidRuntime: CheckJNI is OFF
08-05 02:56:40.782 27652 27652 D ICU     : No timezone override file found: /data/misc/zoneinfo/current/icu/icu_tzdata.dat
08-05 02:56:40.815 27652 27652 I Radio-JNI: register_android_hardware_Radio DONE
08-05 02:56:40.833 27652 27652 D AndroidRuntime: Calling main entry com.android.commands.am.Am
08-05 02:56:40.844 24044 24044 I Trepn   : Trepn 6.2s: Received intent: com.quicinc.trepn.start_profiling
08-05 02:56:40.939 24044 24044 W FileUtils: Failed to chmod(/storage/emulated/0/trepn/Trepn_2020.08.05_025640.db): android.system.ErrnoException: chmod failed: EPERM (Operation not permitted)
08-05 02:56:41.013 24044 24044 I Trepn   : Trepn 6.2s: Trepn has Started Profiling.
08-05 02:56:41.015 27652 27652 D AndroidRuntime: Shutting down VM
08-05 02:56:41.120 13866 13866 I GoogleInputMethodServic: GoogleInputMethodService.onFinishInput():3138 
08-05 02:56:41.121 13866 13866 I GoogleInputMethodServic: GoogleInputMethodService.onStartInput():1808 
08-05 02:56:41.475 27610 27623 I art     : Starting a blocking GC Explicit
08-05 02:56:41.500 27610 27623 I art     : Explicit concurrent mark sweep GC freed 10603(1500KB) AllocSpace objects, 6(120KB) LOS objects, 40% free, 23MB/38MB, paused 167us total 24.767ms
08-05 02:56:41.509 27610 27623 I art     : Starting a blocking GC Explicit
08-05 02:56:41.525 27610 27623 I art     : Explicit concurrent mark sweep GC freed 3323(192KB) AllocSpace objects, 2(588KB) LOS objects, 40% free, 22MB/37MB, paused 145us total 15.475ms
08-05 02:56:41.531 27610 27623 I art     : Starting a blocking GC Explicit
08-05 02:56:41.543 27610 27623 I art     : Explicit concurrent mark sweep GC freed 14(464B) AllocSpace objects, 0(0B) LOS objects, 40% free, 22MB/37MB, paused 135us total 11.295ms
08-05 02:56:41.548 27610 27623 I art     : Starting a blocking GC Explicit
08-05 02:56:41.559 27610 27623 I art     : Explicit concurrent mark sweep GC freed 3(96B) AllocSpace objects, 0(0B) LOS objects, 40% free, 22MB/37MB, paused 129us total 10.834ms
08-05 02:56:41.565 27610 27623 I art     : Starting a blocking GC Explicit
08-05 02:56:41.576 27610 27623 I art     : Explicit concurrent mark sweep GC freed 3(96B) AllocSpace objects, 0(0B) LOS objects, 40% free, 22MB/37MB, paused 130us total 10.889ms
08-05 02:56:41.849 27610 27684 I art     : Starting a blocking GC Explicit
08-05 02:56:41.868 27610 27684 I art     : Explicit concurrent mark sweep GC freed 1371(82KB) AllocSpace objects, 1(20KB) LOS objects, 40% free, 22MB/37MB, paused 354us total 18ms
08-05 02:56:41.877 27610 27684 I art     : Starting a blocking GC Explicit
08-05 02:56:41.890 27610 27684 I art     : Explicit concurrent mark sweep GC freed 23(752B) AllocSpace objects, 0(0B) LOS objects, 40% free, 22MB/37MB, paused 152us total 13.255ms
08-05 02:56:41.897 27610 27684 I art     : Starting a blocking GC Explicit
08-05 02:56:41.910 27610 27684 I art     : Explicit concurrent mark sweep GC freed 3(96B) AllocSpace objects, 0(0B) LOS objects, 40% free, 22MB/37MB, paused 150us total 12.767ms
08-05 02:56:41.916 27610 27684 I art     : Starting a blocking GC Explicit
08-05 02:56:41.929 27610 27684 I art     : Explicit concurrent mark sweep GC freed 3(96B) AllocSpace objects, 0(0B) LOS objects, 40% free, 22MB/37MB, paused 151us total 12.796ms
08-05 02:56:41.935 27610 27684 I art     : Starting a blocking GC Explicit
08-05 02:56:41.948 27610 27684 I art     : Explicit concurrent mark sweep GC freed 3(96B) AllocSpace objects, 0(0B) LOS objects, 40% free, 22MB/37MB, paused 151us total 12.755ms
08-05 02:56:42.236 27610 27622 I art     : Starting a blocking GC Explicit
08-05 02:56:42.252 27610 27622 I art     : Explicit concurrent mark sweep GC freed 1359(79KB) AllocSpace objects, 1(20KB) LOS objects, 40% free, 22MB/37MB, paused 152us total 15.411ms
08-05 02:56:42.258 27610 27622 I art     : Starting a blocking GC Explicit
08-05 02:56:42.272 27610 27622 I art     : Explicit concurrent mark sweep GC freed 23(752B) AllocSpace objects, 0(0B) LOS objects, 40% free, 22MB/37MB, paused 147us total 13.573ms
08-05 02:56:42.279 27610 27622 I art     : Starting a blocking GC Explicit
08-05 02:56:42.292 27610 27622 I art     : Explicit concurrent mark sweep GC freed 3(96B) AllocSpace objects, 0(0B) LOS objects, 40% free, 22MB/37MB, paused 136us total 13.017ms
08-05 02:56:42.298 27610 27622 I art     : Starting a blocking GC Explicit
08-05 02:56:42.311 27610 27622 I art     : Explicit concurrent mark sweep GC freed 3(96B) AllocSpace objects, 0(0B) LOS objects, 40% free, 22MB/37MB, paused 128us total 12.212ms
08-05 02:56:42.317 27610 27622 I art     : Starting a blocking GC Explicit
08-05 02:56:42.330 27610 27622 I art     : Explicit concurrent mark sweep GC freed 3(96B) AllocSpace objects, 0(0B) LOS objects, 40% free, 22MB/37MB, paused 129us total 12.678ms
08-05 02:56:42.640 27610 27623 I art     : Starting a blocking GC Explicit
08-05 02:56:42.660 27610 27623 I art     : Explicit concurrent mark sweep GC freed 1383(80KB) AllocSpace objects, 1(20KB) LOS objects, 40% free, 22MB/37MB, paused 209us total 19.984ms
08-05 02:56:42.669 27610 27623 I art     : Starting a blocking GC Explicit
08-05 02:56:42.682 27610 27623 I art     : Explicit concurrent mark sweep GC freed 23(752B) AllocSpace objects, 0(0B) LOS objects, 40% free, 22MB/37MB, paused 152us total 13.393ms
08-05 02:56:42.689 27610 27623 I art     : Starting a blocking GC Explicit
08-05 02:56:42.701 27610 27623 I art     : Explicit concurrent mark sweep GC freed 3(96B) AllocSpace objects, 0(0B) LOS objects, 40% free, 22MB/37MB, paused 146us total 12.402ms
08-05 02:56:42.707 27610 27623 I art     : Starting a blocking GC Explicit
08-05 02:56:42.721 27610 27623 I art     : Explicit concurrent mark sweep GC freed 5(160B) AllocSpace objects, 0(0B) LOS objects, 40% free, 22MB/37MB, paused 134us total 13.212ms
08-05 02:56:42.727 27610 27623 I art     : Starting a blocking GC Explicit
08-05 02:56:42.739 27610 27623 I art     : Explicit concurrent mark sweep GC freed 6(192B) AllocSpace objects, 0(0B) LOS objects, 40% free, 22MB/37MB, paused 129us total 11.610ms
08-05 02:56:43.026 27610 27622 I art     : Starting a blocking GC Explicit
08-05 02:56:43.041 27610 27622 I art     : Explicit concurrent mark sweep GC freed 1383(80KB) AllocSpace objects, 1(20KB) LOS objects, 40% free, 22MB/37MB, paused 158us total 14.373ms
08-05 02:56:43.048 27610 27622 I art     : Starting a blocking GC Explicit
08-05 02:56:43.062 27610 27622 I art     : Explicit concurrent mark sweep GC freed 23(752B) AllocSpace objects, 0(0B) LOS objects, 40% free, 22MB/37MB, paused 152us total 13.321ms
08-05 02:56:43.068 27610 27622 I art     : Starting a blocking GC Explicit
08-05 02:56:43.082 27610 27622 I art     : Explicit concurrent mark sweep GC freed 3(96B) AllocSpace objects, 0(0B) LOS objects, 40% free, 22MB/37MB, paused 146us total 13.011ms
08-05 02:56:43.088 27610 27622 I art     : Starting a blocking GC Explicit
08-05 02:56:43.101 27610 27622 I art     : Explicit concurrent mark sweep GC freed 3(96B) AllocSpace objects, 0(0B) LOS objects, 40% free, 22MB/37MB, paused 136us total 12.331ms
08-05 02:56:43.107 27610 27622 I art     : Starting a blocking GC Explicit
08-05 02:56:43.120 27610 27622 I art     : Explicit concurrent mark sweep GC freed 3(96B) AllocSpace objects, 0(0B) LOS objects, 40% free, 22MB/37MB, paused 136us total 12.475ms
08-05 02:56:43.412 27610 27684 I art     : Starting a blocking GC Explicit
08-05 02:56:43.430 27610 27684 I art     : Explicit concurrent mark sweep GC freed 1383(81KB) AllocSpace objects, 1(20KB) LOS objects, 40% free, 22MB/37MB, paused 180us total 18.061ms
08-05 02:56:43.440 27610 27684 I art     : Starting a blocking GC Explicit
08-05 02:56:43.454 27610 27684 I art     : Explicit concurrent mark sweep GC freed 23(752B) AllocSpace objects, 0(0B) LOS objects, 40% free, 22MB/37MB, paused 160us total 13.395ms
08-05 02:56:43.460 27610 27684 I art     : Starting a blocking GC Explicit
08-05 02:56:43.473 27610 27684 I art     : Explicit concurrent mark sweep GC freed 3(96B) AllocSpace objects, 0(0B) LOS objects, 40% free, 22MB/37MB, paused 152us total 13.008ms
08-05 02:56:43.480 27610 27684 I art     : Starting a blocking GC Explicit
08-05 02:56:43.492 27610 27684 I art     : Explicit concurrent mark sweep GC freed 3(96B) AllocSpace objects, 0(0B) LOS objects, 40% free, 22MB/37MB, paused 145us total 12.319ms
08-05 02:56:43.498 27610 27684 I art     : Starting a blocking GC Explicit
08-05 02:56:43.511 27610 27684 I art     : Explicit concurrent mark sweep GC freed 3(96B) AllocSpace objects, 0(0B) LOS objects, 40% free, 22MB/37MB, paused 150us total 12.597ms
08-05 02:56:43.807 27610 27623 I art     : Starting a blocking GC Explicit
08-05 02:56:43.826 27610 27623 I art     : Explicit concurrent mark sweep GC freed 1360(81KB) AllocSpace objects, 1(20KB) LOS objects, 40% free, 22MB/37MB, paused 172us total 18.487ms
08-05 02:56:43.836 27610 27623 I art     : Starting a blocking GC Explicit
08-05 02:56:43.853 27610 27623 I art     : Explicit concurrent mark sweep GC freed 23(752B) AllocSpace objects, 0(0B) LOS objects, 40% free, 22MB/37MB, paused 250us total 16.750ms
08-05 02:56:43.862 27610 27623 I art     : Starting a blocking GC Explicit
08-05 02:56:43.875 27610 27623 I art     : Explicit concurrent mark sweep GC freed 3(96B) AllocSpace objects, 0(0B) LOS objects, 40% free, 22MB/37MB, paused 149us total 12.622ms
08-05 02:56:43.881 27610 27623 I art     : Starting a blocking GC Explicit
08-05 02:56:43.894 27610 27623 I art     : Explicit concurrent mark sweep GC freed 3(96B) AllocSpace objects, 0(0B) LOS objects, 40% free, 22MB/37MB, paused 147us total 12.658ms
08-05 02:56:43.901 27610 27623 I art     : Starting a blocking GC Explicit
08-05 02:56:43.913 27610 27623 I art     : Explicit concurrent mark sweep GC freed 3(96B) AllocSpace objects, 0(0B) LOS objects, 40% free, 22MB/37MB, paused 146us total 12.150ms
08-05 02:56:44.229 27610 27622 I art     : Starting a blocking GC Explicit
08-05 02:56:44.251 27610 27622 I art     : Explicit concurrent mark sweep GC freed 1359(81KB) AllocSpace objects, 1(20KB) LOS objects, 40% free, 22MB/37MB, paused 169us total 21.708ms
08-05 02:56:44.265 27610 27622 I art     : Starting a blocking GC Explicit
08-05 02:56:44.277 27610 27622 I art     : Explicit concurrent mark sweep GC freed 23(752B) AllocSpace objects, 0(0B) LOS objects, 40% free, 22MB/37MB, paused 131us total 12.159ms
08-05 02:56:44.283 27610 27622 I art     : Starting a blocking GC Explicit
08-05 02:56:44.296 27610 27622 I art     : Explicit concurrent mark sweep GC freed 3(96B) AllocSpace objects, 0(0B) LOS objects, 40% free, 22MB/37MB, paused 137us total 12.352ms
08-05 02:56:44.302 27610 27622 I art     : Starting a blocking GC Explicit
08-05 02:56:44.315 27610 27622 I art     : Explicit concurrent mark sweep GC freed 3(96B) AllocSpace objects, 0(0B) LOS objects, 40% free, 22MB/37MB, paused 139us total 12.422ms
08-05 02:56:44.321 27610 27622 I art     : Starting a blocking GC Explicit
08-05 02:56:44.334 27610 27622 I art     : Explicit concurrent mark sweep GC freed 3(96B) AllocSpace objects, 0(0B) LOS objects, 40% free, 22MB/37MB, paused 132us total 12.439ms
08-05 02:56:44.640 27610 27684 I art     : Starting a blocking GC Explicit
08-05 02:56:44.660 27610 27684 I art     : Explicit concurrent mark sweep GC freed 1383(80KB) AllocSpace objects, 1(20KB) LOS objects, 40% free, 22MB/37MB, paused 190us total 19.258ms
08-05 02:56:44.670 27610 27684 I art     : Starting a blocking GC Explicit
08-05 02:56:44.687 27610 27684 I art     : Explicit concurrent mark sweep GC freed 23(752B) AllocSpace objects, 0(0B) LOS objects, 40% free, 22MB/37MB, paused 250us total 16.314ms
08-05 02:56:44.695 27610 27684 I art     : Starting a blocking GC Explicit
08-05 02:56:44.709 27610 27684 I art     : Explicit concurrent mark sweep GC freed 3(96B) AllocSpace objects, 0(0B) LOS objects, 40% free, 22MB/37MB, paused 141us total 12.945ms
08-05 02:56:44.715 27610 27684 I art     : Starting a blocking GC Explicit
08-05 02:56:44.728 27610 27684 I art     : Explicit concurrent mark sweep GC freed 3(96B) AllocSpace objects, 0(0B) LOS objects, 40% free, 22MB/37MB, paused 145us total 12.888ms
08-05 02:56:44.734 27610 27684 I art     : Starting a blocking GC Explicit
08-05 02:56:44.747 27610 27684 I art     : Explicit concurrent mark sweep GC freed 3(96B) AllocSpace objects, 0(0B) LOS objects, 40% free, 22MB/37MB, paused 159us total 12.712ms
08-05 02:56:45.069 27610 27623 I art     : Starting a blocking GC Explicit
08-05 02:56:45.083 27610 27623 I art     : Explicit concurrent mark sweep GC freed 1358(79KB) AllocSpace objects, 1(20KB) LOS objects, 40% free, 22MB/37MB, paused 159us total 14.146ms
08-05 02:56:45.089 27610 27623 I art     : Starting a blocking GC Explicit
08-05 02:56:45.102 27610 27623 I art     : Explicit concurrent mark sweep GC freed 23(752B) AllocSpace objects, 0(0B) LOS objects, 40% free, 22MB/37MB, paused 141us total 12.201ms
08-05 02:56:45.108 27610 27623 I art     : Starting a blocking GC Explicit
08-05 02:56:45.119 27610 27623 I art     : Explicit concurrent mark sweep GC freed 3(96B) AllocSpace objects, 0(0B) LOS objects, 40% free, 22MB/37MB, paused 123us total 11.354ms
08-05 02:56:45.125 27610 27623 I art     : Starting a blocking GC Explicit
08-05 02:56:45.135 27610 27623 I art     : Explicit concurrent mark sweep GC freed 3(96B) AllocSpace objects, 0(0B) LOS objects, 40% free, 22MB/37MB, paused 128us total 10.582ms
08-05 02:56:45.141 27610 27623 I art     : Starting a blocking GC Explicit
08-05 02:56:45.151 27610 27623 I art     : Explicit concurrent mark sweep GC freed 3(96B) AllocSpace objects, 0(0B) LOS objects, 40% free, 22MB/37MB, paused 134us total 10.485ms
08-05 02:56:45.408 27610 27622 I art     : Starting a blocking GC Explicit
08-05 02:56:45.428 27610 27622 I art     : Explicit concurrent mark sweep GC freed 1382(80KB) AllocSpace objects, 1(20KB) LOS objects, 40% free, 22MB/37MB, paused 148us total 19.857ms
08-05 02:56:45.435 27610 27622 I art     : Starting a blocking GC Explicit
08-05 02:56:45.448 27610 27622 I art     : Explicit concurrent mark sweep GC freed 23(752B) AllocSpace objects, 0(0B) LOS objects, 40% free, 22MB/37MB, paused 135us total 13.106ms
08-05 02:56:45.455 27610 27622 I art     : Starting a blocking GC Explicit
08-05 02:56:45.467 27610 27622 I art     : Explicit concurrent mark sweep GC freed 3(96B) AllocSpace objects, 0(0B) LOS objects, 40% free, 22MB/37MB, paused 136us total 12.260ms
08-05 02:56:45.473 27610 27622 I art     : Starting a blocking GC Explicit
08-05 02:56:45.486 27610 27622 I art     : Explicit concurrent mark sweep GC freed 3(96B) AllocSpace objects, 0(0B) LOS objects, 40% free, 22MB/37MB, paused 134us total 12.480ms
08-05 02:56:45.492 27610 27622 I art     : Starting a blocking GC Explicit
08-05 02:56:45.505 27610 27622 I art     : Explicit concurrent mark sweep GC freed 3(96B) AllocSpace objects, 0(0B) LOS objects, 40% free, 22MB/37MB, paused 131us total 12.241ms
08-05 02:56:45.813 27610 27684 I art     : Starting a blocking GC Explicit
08-05 02:56:45.828 27610 27684 I art     : Explicit concurrent mark sweep GC freed 1358(79KB) AllocSpace objects, 1(20KB) LOS objects, 40% free, 22MB/37MB, paused 156us total 14.815ms
08-05 02:56:45.835 27610 27684 I art     : Starting a blocking GC Explicit
08-05 02:56:45.848 27610 27684 I art     : Explicit concurrent mark sweep GC freed 23(752B) AllocSpace objects, 0(0B) LOS objects, 40% free, 22MB/37MB, paused 139us total 12.764ms
08-05 02:56:45.854 27610 27684 I art     : Starting a blocking GC Explicit
08-05 02:56:45.866 27610 27684 I art     : Explicit concurrent mark sweep GC freed 3(96B) AllocSpace objects, 0(0B) LOS objects, 40% free, 22MB/37MB, paused 306us total 12.066ms
08-05 02:56:45.872 27610 27684 I art     : Starting a blocking GC Explicit
08-05 02:56:45.883 27610 27684 I art     : Explicit concurrent mark sweep GC freed 3(96B) AllocSpace objects, 0(0B) LOS objects, 40% free, 22MB/37MB, paused 147us total 10.965ms
08-05 02:56:45.889 27610 27684 I art     : Starting a blocking GC Explicit
08-05 02:56:45.900 27610 27684 I art     : Explicit concurrent mark sweep GC freed 3(96B) AllocSpace objects, 0(0B) LOS objects, 40% free, 22MB/37MB, paused 131us total 10.712ms
08-05 02:56:46.191 27808 27808 D AndroidRuntime: >>>>>> START com.android.internal.os.RuntimeInit uid 2000 <<<<<<
08-05 02:56:46.195 27808 27808 D AndroidRuntime: CheckJNI is OFF
08-05 02:56:46.197 27610 27623 I art     : Starting a blocking GC Explicit
08-05 02:56:46.211 27610 27623 I art     : Explicit concurrent mark sweep GC freed 1357(79KB) AllocSpace objects, 1(20KB) LOS objects, 40% free, 22MB/37MB, paused 159us total 13.161ms
08-05 02:56:46.218 27610 27623 I art     : Starting a blocking GC Explicit
08-05 02:56:46.227 27808 27808 D ICU     : No timezone override file found: /data/misc/zoneinfo/current/icu/icu_tzdata.dat
08-05 02:56:46.230 27610 27623 I art     : Explicit concurrent mark sweep GC freed 23(752B) AllocSpace objects, 0(0B) LOS objects, 40% free, 22MB/37MB, paused 151us total 12.058ms
08-05 02:56:46.236 27610 27623 I art     : Starting a blocking GC Explicit
08-05 02:56:46.248 27610 27623 I art     : Explicit concurrent mark sweep GC freed 3(96B) AllocSpace objects, 0(0B) LOS objects, 40% free, 22MB/37MB, paused 133us total 12.462ms
08-05 02:56:46.253 27808 27808 I Radio-JNI: register_android_hardware_Radio DONE
08-05 02:56:46.254 27610 27623 I art     : Starting a blocking GC Explicit
08-05 02:56:46.266 27610 27623 I art     : Explicit concurrent mark sweep GC freed 3(96B) AllocSpace objects, 0(0B) LOS objects, 40% free, 22MB/37MB, paused 142us total 11.413ms
08-05 02:56:46.269 27808 27808 D AndroidRuntime: Calling main entry com.android.commands.input.Input
08-05 02:56:46.270 27808 27808 I Input   : injectMotionEvent: MotionEvent { action=ACTION_DOWN, actionButton=0, id[0]=0, x[0]=1233.0, y[0]=1274.0, toolType[0]=TOOL_TYPE_UNKNOWN, buttonState=0, metaState=0, flags=0x0, edgeFlags=0x0, pointerCount=1, historySize=0, eventTime=759422683, downTime=759422683, deviceId=0, source=0x1002 }
08-05 02:56:46.271 27610 27623 I art     : Starting a blocking GC Explicit
08-05 02:56:46.276 27808 27808 I Input   : injectMotionEvent: MotionEvent { action=ACTION_UP, actionButton=0, id[0]=0, x[0]=1233.0, y[0]=1274.0, toolType[0]=TOOL_TYPE_UNKNOWN, buttonState=0, metaState=0, flags=0x0, edgeFlags=0x0, pointerCount=1, historySize=0, eventTime=759422683, downTime=759422683, deviceId=0, source=0x1002 }
08-05 02:56:46.277 27808 27808 D AndroidRuntime: Shutting down VM
08-05 02:56:46.283 27610 27623 I art     : Explicit concurrent mark sweep GC freed 6(192B) AllocSpace objects, 0(0B) LOS objects, 40% free, 22MB/37MB, paused 169us total 11.652ms
08-05 02:56:46.510 27610 27622 I art     : Starting a blocking GC Explicit
08-05 02:56:46.527 27610 27622 I art     : Explicit concurrent mark sweep GC freed 1382(80KB) AllocSpace objects, 1(20KB) LOS objects, 40% free, 22MB/37MB, paused 298us total 16.445ms
08-05 02:56:46.534 27610 27622 I art     : Starting a blocking GC Explicit
08-05 02:56:46.547 27610 27622 I art     : Explicit concurrent mark sweep GC freed 23(752B) AllocSpace objects, 0(0B) LOS objects, 40% free, 22MB/37MB, paused 223us total 13.039ms
08-05 02:56:46.555 27610 27622 I art     : Starting a blocking GC Explicit
08-05 02:56:46.568 27610 27622 I art     : Explicit concurrent mark sweep GC freed 3(96B) AllocSpace objects, 0(0B) LOS objects, 40% free, 22MB/37MB, paused 135us total 13.006ms
08-05 02:56:46.574 27610 27622 I art     : Starting a blocking GC Explicit
08-05 02:56:46.586 27610 27622 I art     : Explicit concurrent mark sweep GC freed 3(96B) AllocSpace objects, 0(0B) LOS objects, 40% free, 22MB/37MB, paused 139us total 12.132ms
08-05 02:56:46.592 27610 27622 I art     : Starting a blocking GC Explicit
08-05 02:56:46.605 27610 27622 I art     : Explicit concurrent mark sweep GC freed 3(96B) AllocSpace objects, 0(0B) LOS objects, 40% free, 22MB/37MB, paused 138us total 12.219ms
08-05 02:56:46.721 13866 13866 I GoogleInputMethodServic: GoogleInputMethodService.onFinishInput():3138 
08-05 02:56:46.722 13866 13866 I GoogleInputMethodServic: GoogleInputMethodService.onStartInput():1808 
08-05 02:56:46.865 27610 27622 I art     : Starting a blocking GC Explicit
08-05 02:56:46.883 27610 27622 I art     : Explicit concurrent mark sweep GC freed 1454(83KB) AllocSpace objects, 1(20KB) LOS objects, 40% free, 22MB/37MB, paused 168us total 16.866ms
08-05 02:56:46.893 27610 27622 I art     : Starting a blocking GC Explicit
08-05 02:56:46.907 27610 27622 I art     : Explicit concurrent mark sweep GC freed 31(1200B) AllocSpace objects, 0(0B) LOS objects, 40% free, 22MB/37MB, paused 154us total 13.303ms
08-05 02:56:46.913 27610 27622 I art     : Starting a blocking GC Explicit
08-05 02:56:46.926 27610 27622 I art     : Explicit concurrent mark sweep GC freed 3(96B) AllocSpace objects, 0(0B) LOS objects, 40% free, 22MB/37MB, paused 135us total 12.853ms
08-05 02:56:46.932 27610 27622 I art     : Starting a blocking GC Explicit
08-05 02:56:46.945 27610 27622 I art     : Explicit concurrent mark sweep GC freed 3(96B) AllocSpace objects, 0(0B) LOS objects, 40% free, 22MB/37MB, paused 131us total 12.777ms
08-05 02:56:46.952 27610 27622 I art     : Starting a blocking GC Explicit
08-05 02:56:46.964 27610 27622 I art     : Explicit concurrent mark sweep GC freed 3(96B) AllocSpace objects, 0(0B) LOS objects, 40% free, 22MB/37MB, paused 133us total 12.595ms
08-05 02:56:47.228 27610 27623 I art     : Starting a blocking GC Explicit
08-05 02:56:47.243 27610 27623 I art     : Explicit concurrent mark sweep GC freed 1358(79KB) AllocSpace objects, 1(20KB) LOS objects, 40% free, 22MB/37MB, paused 163us total 15.393ms
08-05 02:56:47.251 27610 27623 I art     : Starting a blocking GC Explicit
08-05 02:56:47.268 27610 27623 I art     : Explicit concurrent mark sweep GC freed 23(752B) AllocSpace objects, 0(0B) LOS objects, 40% free, 22MB/37MB, paused 164us total 16.340ms
08-05 02:56:47.278 27610 27623 I art     : Starting a blocking GC Explicit
08-05 02:56:47.292 27610 27623 I art     : Explicit concurrent mark sweep GC freed 3(96B) AllocSpace objects, 0(0B) LOS objects, 40% free, 22MB/37MB, paused 154us total 13.764ms
08-05 02:56:47.299 27610 27623 I art     : Starting a blocking GC Explicit
08-05 02:56:47.312 27610 27623 I art     : Explicit concurrent mark sweep GC freed 3(96B) AllocSpace objects, 0(0B) LOS objects, 40% free, 22MB/37MB, paused 148us total 13.097ms
08-05 02:56:47.319 27610 27623 I art     : Starting a blocking GC Explicit
08-05 02:56:47.332 27610 27623 I art     : Explicit concurrent mark sweep GC freed 3(96B) AllocSpace objects, 0(0B) LOS objects, 40% free, 22MB/37MB, paused 143us total 12.939ms
08-05 02:56:47.583 27610 27684 I art     : Starting a blocking GC Explicit
08-05 02:56:47.596 27610 27684 I art     : Explicit concurrent mark sweep GC freed 1382(80KB) AllocSpace objects, 1(20KB) LOS objects, 40% free, 22MB/37MB, paused 166us total 13.188ms
08-05 02:56:47.602 27610 27684 I art     : Starting a blocking GC Explicit
08-05 02:56:47.616 27610 27684 I art     : Explicit concurrent mark sweep GC freed 23(752B) AllocSpace objects, 0(0B) LOS objects, 40% free, 22MB/37MB, paused 151us total 13.298ms
08-05 02:56:47.622 27610 27684 I art     : Starting a blocking GC Explicit
08-05 02:56:47.634 27610 27684 I art     : Explicit concurrent mark sweep GC freed 3(96B) AllocSpace objects, 0(0B) LOS objects, 40% free, 22MB/37MB, paused 147us total 12.043ms
08-05 02:56:47.640 27610 27684 I art     : Starting a blocking GC Explicit
08-05 02:56:47.653 27610 27684 I art     : Explicit concurrent mark sweep GC freed 3(96B) AllocSpace objects, 0(0B) LOS objects, 40% free, 22MB/37MB, paused 138us total 12.231ms
08-05 02:56:47.659 27610 27684 I art     : Starting a blocking GC Explicit
08-05 02:56:47.671 27610 27684 I art     : Explicit concurrent mark sweep GC freed 3(96B) AllocSpace objects, 0(0B) LOS objects, 40% free, 22MB/37MB, paused 145us total 11.667ms
08-05 02:56:47.841 27866 27866 D AndroidRuntime: >>>>>> START com.android.internal.os.RuntimeInit uid 2000 <<<<<<
08-05 02:56:47.845 27866 27866 D AndroidRuntime: CheckJNI is OFF
08-05 02:56:47.870 27866 27866 D ICU     : No timezone override file found: /data/misc/zoneinfo/current/icu/icu_tzdata.dat
08-05 02:56:47.894 27866 27866 I Radio-JNI: register_android_hardware_Radio DONE
08-05 02:56:47.910 27866 27866 D AndroidRuntime: Calling main entry com.android.commands.input.Input
08-05 02:56:47.912 27866 27866 I Input   : injectMotionEvent: MotionEvent { action=ACTION_DOWN, actionButton=0, id[0]=0, x[0]=103.0, y[0]=192.0, toolType[0]=TOOL_TYPE_UNKNOWN, buttonState=0, metaState=0, flags=0x0, edgeFlags=0x0, pointerCount=1, historySize=0, eventTime=759424325, downTime=759424325, deviceId=0, source=0x1002 }
08-05 02:56:47.916 27610 27622 I art     : Starting a blocking GC Explicit
08-05 02:56:47.917 27866 27866 I Input   : injectMotionEvent: MotionEvent { action=ACTION_UP, actionButton=0, id[0]=0, x[0]=103.0, y[0]=192.0, toolType[0]=TOOL_TYPE_UNKNOWN, buttonState=0, metaState=0, flags=0x0, edgeFlags=0x0, pointerCount=1, historySize=0, eventTime=759424325, downTime=759424325, deviceId=0, source=0x1002 }
08-05 02:56:47.918 27866 27866 D AndroidRuntime: Shutting down VM
08-05 02:56:47.929 27610 27622 I art     : Explicit concurrent mark sweep GC freed 1387(80KB) AllocSpace objects, 1(20KB) LOS objects, 40% free, 22MB/37MB, paused 190us total 13.304ms
08-05 02:56:47.929   512  2967 D audio_hw_primary: out_set_parameters: enter: usecase(1: low-latency-playback) kvpairs: routing=2
08-05 02:56:47.937 27610 27622 I art     : Starting a blocking GC Explicit
08-05 02:56:47.942   512  2967 D audio_hw_primary: select_devices: out_snd_device(2: speaker) in_snd_device(0: none)
08-05 02:56:47.942   512  2967 D msm8974_platform: platform_send_audio_calibration: sending audio calibration for snd_device(2) acdb_id(15)
08-05 02:56:47.942   512  2967 I soundtrigger: audio_extn_sound_trigger_update_device_status: device 0x2 of type 0 for Event 1
08-05 02:56:47.952 27610 27622 I art     : Explicit concurrent mark sweep GC freed 53(1712B) AllocSpace objects, 0(0B) LOS objects, 40% free, 22MB/37MB, paused 179us total 14.561ms
08-05 02:56:47.954   512  2967 D audio_hw_primary: enable_snd_device: snd_device(2: speaker)
08-05 02:56:47.956   512  2967 D audio_hw_primary: enable_audio_route: apply and update mixer path: low-latency-playback speaker
08-05 02:56:47.958 27610 27622 I art     : Starting a blocking GC Explicit
08-05 02:56:47.966 13866 13866 I GoogleInputMethodServic: GoogleInputMethodService.onFinishInput():3138 
08-05 02:56:47.968 13866 13866 I GoogleInputMethodServic: GoogleInputMethodService.onStartInput():1808 
08-05 02:56:47.971 27610 27622 I art     : Explicit concurrent mark sweep GC freed 70(2896B) AllocSpace objects, 0(0B) LOS objects, 40% free, 22MB/37MB, paused 134us total 13.067ms
08-05 02:56:47.977 27610 27622 I art     : Starting a blocking GC Explicit
08-05 02:56:47.989 27610 27622 I art     : Explicit concurrent mark sweep GC freed 11(544B) AllocSpace objects, 0(0B) LOS objects, 40% free, 22MB/37MB, paused 130us total 12.020ms
08-05 02:56:47.995 27610 27622 I art     : Starting a blocking GC Explicit
08-05 02:56:48.007 27610 27622 I art     : Explicit concurrent mark sweep GC freed 101(4KB) AllocSpace objects, 0(0B) LOS objects, 40% free, 22MB/37MB, paused 132us total 11.930ms
08-05 02:56:48.240 27610 27684 I art     : Starting a blocking GC Explicit
08-05 02:56:48.253 27610 27684 I art     : Explicit concurrent mark sweep GC freed 1641(95KB) AllocSpace objects, 1(20KB) LOS objects, 40% free, 22MB/37MB, paused 145us total 12.780ms
08-05 02:56:48.259 27610 27684 I art     : Starting a blocking GC Explicit
08-05 02:56:48.272 27610 27684 I art     : Explicit concurrent mark sweep GC freed 29(1104B) AllocSpace objects, 0(0B) LOS objects, 40% free, 22MB/37MB, paused 148us total 12.291ms
08-05 02:56:48.278 27610 27684 I art     : Starting a blocking GC Explicit
08-05 02:56:48.287   918  3188 I hubconnection: sensorhub said: 'set_bias 3: -6.2400, 0.0000, 0.0000'
08-05 02:56:48.290 27610 27684 I art     : Explicit concurrent mark sweep GC freed 9(288B) AllocSpace objects, 0(0B) LOS objects, 40% free, 22MB/37MB, paused 143us total 12.266ms
08-05 02:56:48.296 27610 27684 I art     : Starting a blocking GC Explicit
08-05 02:56:48.308 27610 27684 I art     : Explicit concurrent mark sweep GC freed 3(96B) AllocSpace objects, 0(0B) LOS objects, 40% free, 22MB/37MB, paused 151us total 12.260ms
08-05 02:56:48.314 27610 27684 I art     : Starting a blocking GC Explicit
08-05 02:56:48.327 27610 27684 I art     : Explicit concurrent mark sweep GC freed 3(96B) AllocSpace objects, 0(0B) LOS objects, 40% free, 22MB/37MB, paused 170us total 12.256ms
08-05 02:56:48.475 27897 27897 D AndroidRuntime: >>>>>> START com.android.internal.os.RuntimeInit uid 2000 <<<<<<
08-05 02:56:48.479 27897 27897 D AndroidRuntime: CheckJNI is OFF
08-05 02:56:48.489   512  2967 D audio_hw_primary: disable_audio_route: reset and update mixer path: low-latency-playback speaker
08-05 02:56:48.490   512  2967 D audio_hw_primary: disable_snd_device: snd_device(2: speaker)
08-05 02:56:48.498   512  2967 I soundtrigger: audio_extn_sound_trigger_update_device_status: device 0x2 of type 0 for Event 0
08-05 02:56:48.505 27897 27897 D ICU     : No timezone override file found: /data/misc/zoneinfo/current/icu/icu_tzdata.dat
08-05 02:56:48.528 27897 27897 I Radio-JNI: register_android_hardware_Radio DONE
08-05 02:56:48.543 27897 27897 D AndroidRuntime: Calling main entry com.android.commands.input.Input
08-05 02:56:48.544 27897 27897 I Input   : injectMotionEvent: MotionEvent { action=ACTION_DOWN, actionButton=0, id[0]=0, x[0]=324.0, y[0]=2298.0, toolType[0]=TOOL_TYPE_UNKNOWN, buttonState=0, metaState=0, flags=0x0, edgeFlags=0x0, pointerCount=1, historySize=0, eventTime=759424957, downTime=759424957, deviceId=0, source=0x1002 }
08-05 02:56:48.548 27897 27897 I Input   : injectMotionEvent: MotionEvent { action=ACTION_UP, actionButton=0, id[0]=0, x[0]=324.0, y[0]=2298.0, toolType[0]=TOOL_TYPE_UNKNOWN, buttonState=0, metaState=0, flags=0x0, edgeFlags=0x0, pointerCount=1, historySize=0, eventTime=759424957, downTime=759424957, deviceId=0, source=0x1002 }
08-05 02:56:48.550 27897 27897 D AndroidRuntime: Shutting down VM
08-05 02:56:48.564   512  2967 D audio_hw_primary: out_set_parameters: enter: usecase(1: low-latency-playback) kvpairs: routing=2
08-05 02:56:48.566   918  3359 I ActivityManager: START u0 {cmp=baseline.de.danoeh.antennapod.debug/baseline.de.danoeh.antennapod.activity.PreferenceActivity} from uid 10691 on display 0
08-05 02:56:48.568 27610 27684 I art     : Starting a blocking GC Explicit
08-05 02:56:48.577   512  2967 D audio_hw_primary: select_devices: out_snd_device(2: speaker) in_snd_device(0: none)
08-05 02:56:48.577   512  2967 D msm8974_platform: platform_send_audio_calibration: sending audio calibration for snd_device(2) acdb_id(15)
08-05 02:56:48.577   512  2967 I soundtrigger: audio_extn_sound_trigger_update_device_status: device 0x2 of type 0 for Event 1
08-05 02:56:48.580 27610 27684 I art     : Explicit concurrent mark sweep GC freed 1402(89KB) AllocSpace objects, 1(20KB) LOS objects, 40% free, 22MB/37MB, paused 138us total 12.226ms
08-05 02:56:48.587 27610 27684 I art     : Starting a blocking GC Explicit
08-05 02:56:48.588   512  2967 D audio_hw_primary: enable_snd_device: snd_device(2: speaker)
08-05 02:56:48.590   512  2967 D audio_hw_primary: enable_audio_route: apply and update mixer path: low-latency-playback speaker
08-05 02:56:48.600 27610 27684 I art     : Explicit concurrent mark sweep GC freed 424(38KB) AllocSpace objects, 1(20KB) LOS objects, 40% free, 22MB/37MB, paused 303us total 12.654ms
08-05 02:56:48.607 27610 27684 I art     : Starting a blocking GC Explicit
08-05 02:56:48.621 27610 27684 I art     : Explicit concurrent mark sweep GC freed 570(113KB) AllocSpace objects, 0(0B) LOS objects, 40% free, 22MB/37MB, paused 688us total 14.268ms
08-05 02:56:48.628 27610 27684 I art     : Starting a blocking GC Explicit
08-05 02:56:48.632   512  2967 D AudioFlinger: mixer(0xf4740000) throttle end: throttle time(12)
08-05 02:56:48.642 27610 27684 I art     : Explicit concurrent mark sweep GC freed 421(53KB) AllocSpace objects, 0(0B) LOS objects, 40% free, 22MB/37MB, paused 241us total 13.948ms
08-05 02:56:48.648 27610 27684 I art     : Starting a blocking GC Explicit
08-05 02:56:48.660 27610 27684 I art     : Explicit concurrent mark sweep GC freed 108(6KB) AllocSpace objects, 0(0B) LOS objects, 40% free, 22MB/37MB, paused 162us total 11.764ms
08-05 02:56:48.829   918   936 I ActivityManager: Displayed baseline.de.danoeh.antennapod.debug/baseline.de.danoeh.antennapod.activity.PreferenceActivity: +237ms
08-05 02:56:48.829 13866 13866 I GoogleInputMethodServic: GoogleInputMethodService.onFinishInput():3138 
08-05 02:56:48.830 13866 13866 I GoogleInputMethodServic: GoogleInputMethodService.onStartInput():1808 
08-05 02:56:48.853 27610 27631 D OpenGLRenderer: endAllStagingAnimators on 0x7f7f46f000 (RippleDrawable) with handle 0x7f7e324c80
08-05 02:56:48.888 27610 27623 I art     : Starting a blocking GC Explicit
08-05 02:56:48.903 27610 27623 I art     : Explicit concurrent mark sweep GC freed 3350(242KB) AllocSpace objects, 1(20KB) LOS objects, 40% free, 23MB/39MB, paused 141us total 15.242ms
08-05 02:56:48.909 27610 27623 I art     : Starting a blocking GC Explicit
08-05 02:56:48.923 27610 27623 I art     : Explicit concurrent mark sweep GC freed 223(10KB) AllocSpace objects, 0(0B) LOS objects, 40% free, 23MB/38MB, paused 139us total 13.457ms
08-05 02:56:48.929 27610 27623 I art     : Starting a blocking GC Explicit
08-05 02:56:48.943 27610 27623 I art     : Explicit concurrent mark sweep GC freed 3(96B) AllocSpace objects, 0(0B) LOS objects, 40% free, 23MB/38MB, paused 149us total 13.559ms
08-05 02:56:48.950 27610 27623 I art     : Starting a blocking GC Explicit
08-05 02:56:48.965 27610 27623 I art     : Explicit concurrent mark sweep GC freed 3(96B) AllocSpace objects, 0(0B) LOS objects, 40% free, 23MB/38MB, paused 150us total 14.520ms
08-05 02:56:48.971 27610 27623 I art     : Starting a blocking GC Explicit
08-05 02:56:48.986 27610 27623 I art     : Explicit concurrent mark sweep GC freed 3(96B) AllocSpace objects, 0(0B) LOS objects, 40% free, 23MB/38MB, paused 138us total 14.535ms
08-05 02:56:49.079   380   380 W SurfaceFlinger: couldn't log to binary event log: overflow.
08-05 02:56:49.118   512  2967 D audio_hw_primary: disable_audio_route: reset and update mixer path: low-latency-playback speaker
08-05 02:56:49.119   512  2967 D audio_hw_primary: disable_snd_device: snd_device(2: speaker)
08-05 02:56:49.127   512  2967 I soundtrigger: audio_extn_sound_trigger_update_device_status: device 0x2 of type 0 for Event 0
08-05 02:56:49.186 27610 27610 D PlaybackController: Releasing PlaybackController
08-05 02:56:49.249 27610 27684 I art     : Starting a blocking GC Explicit
08-05 02:56:49.267 27610 27684 I art     : Explicit concurrent mark sweep GC freed 1620(97KB) AllocSpace objects, 1(20KB) LOS objects, 40% free, 23MB/39MB, paused 171us total 17.763ms
08-05 02:56:49.273 27610 27684 I art     : Starting a blocking GC Explicit
08-05 02:56:49.288 27610 27684 I art     : Explicit concurrent mark sweep GC freed 63(2064B) AllocSpace objects, 0(0B) LOS objects, 40% free, 23MB/39MB, paused 144us total 15.096ms
08-05 02:56:49.295 27610 27684 I art     : Starting a blocking GC Explicit
08-05 02:56:49.309 27610 27684 I art     : Explicit concurrent mark sweep GC freed 3(96B) AllocSpace objects, 0(0B) LOS objects, 40% free, 23MB/39MB, paused 146us total 14.475ms
08-05 02:56:49.316 27610 27684 I art     : Starting a blocking GC Explicit
08-05 02:56:49.330 27610 27684 I art     : Explicit concurrent mark sweep GC freed 3(96B) AllocSpace objects, 0(0B) LOS objects, 40% free, 23MB/39MB, paused 145us total 14.377ms
08-05 02:56:49.337 27610 27684 I art     : Waiting for a blocking GC Explicit
08-05 02:56:49.337 27610 27684 I art     : Starting a blocking GC Explicit
08-05 02:56:49.352 27610 27684 I art     : Explicit concurrent mark sweep GC freed 3(96B) AllocSpace objects, 0(0B) LOS objects, 40% free, 23MB/39MB, paused 145us total 14.671ms
08-05 02:56:49.630 27610 27623 I art     : Starting a blocking GC Explicit
08-05 02:56:49.652 27610 27623 I art     : Explicit concurrent mark sweep GC freed 1385(80KB) AllocSpace objects, 1(20KB) LOS objects, 40% free, 23MB/39MB, paused 181us total 21.985ms
08-05 02:56:49.660 27610 27623 I art     : Starting a blocking GC Explicit
08-05 02:56:49.676 27610 27623 I art     : Explicit concurrent mark sweep GC freed 23(752B) AllocSpace objects, 0(0B) LOS objects, 40% free, 23MB/39MB, paused 150us total 15.611ms
08-05 02:56:49.683 27610 27623 I art     : Starting a blocking GC Explicit
08-05 02:56:49.698 27610 27623 I art     : Explicit concurrent mark sweep GC freed 3(96B) AllocSpace objects, 0(0B) LOS objects, 40% free, 23MB/39MB, paused 140us total 14.516ms
08-05 02:56:49.704 27610 27623 I art     : Starting a blocking GC Explicit
08-05 02:56:49.719 27610 27623 I art     : Explicit concurrent mark sweep GC freed 3(96B) AllocSpace objects, 0(0B) LOS objects, 40% free, 23MB/39MB, paused 146us total 14.217ms
08-05 02:56:49.725 27610 27623 I art     : Starting a blocking GC Explicit
08-05 02:56:49.740 27610 27623 I art     : Explicit concurrent mark sweep GC freed 3(96B) AllocSpace objects, 0(0B) LOS objects, 40% free, 23MB/39MB, paused 150us total 14.368ms
08-05 02:56:49.984 27610 27622 I art     : Starting a blocking GC Explicit
08-05 02:56:50.000 27610 27622 I art     : Explicit concurrent mark sweep GC freed 1360(80KB) AllocSpace objects, 1(20KB) LOS objects, 40% free, 23MB/39MB, paused 150us total 15.906ms
08-05 02:56:50.007 27610 27622 I art     : Starting a blocking GC Explicit
08-05 02:56:50.021 27610 27622 I art     : Explicit concurrent mark sweep GC freed 23(752B) AllocSpace objects, 0(0B) LOS objects, 40% free, 23MB/39MB, paused 142us total 14.728ms
08-05 02:56:50.028 27610 27622 I art     : Starting a blocking GC Explicit
08-05 02:56:50.043 27610 27622 I art     : Explicit concurrent mark sweep GC freed 3(96B) AllocSpace objects, 0(0B) LOS objects, 40% free, 23MB/39MB, paused 145us total 14.488ms
08-05 02:56:50.049 27610 27622 I art     : Starting a blocking GC Explicit
08-05 02:56:50.063 27610 27622 I art     : Explicit concurrent mark sweep GC freed 3(96B) AllocSpace objects, 0(0B) LOS objects, 40% free, 23MB/39MB, paused 137us total 13.434ms
08-05 02:56:50.069 27610 27622 I art     : Starting a blocking GC Explicit
08-05 02:56:50.083 27610 27622 I art     : Explicit concurrent mark sweep GC freed 3(96B) AllocSpace objects, 0(0B) LOS objects, 40% free, 23MB/39MB, paused 146us total 13.790ms
08-05 02:56:50.090 27960 27960 D AndroidRuntime: >>>>>> START com.android.internal.os.RuntimeInit uid 2000 <<<<<<
08-05 02:56:50.094 27960 27960 D AndroidRuntime: CheckJNI is OFF
08-05 02:56:50.118 27960 27960 D ICU     : No timezone override file found: /data/misc/zoneinfo/current/icu/icu_tzdata.dat
08-05 02:56:50.141 27960 27960 I Radio-JNI: register_android_hardware_Radio DONE
08-05 02:56:50.157 27960 27960 D AndroidRuntime: Calling main entry com.android.commands.input.Input
08-05 02:56:50.159 27960 27960 I Input   : injectMotionEvent: MotionEvent { action=ACTION_DOWN, actionButton=0, id[0]=0, x[0]=400.0, y[0]=997.0, toolType[0]=TOOL_TYPE_UNKNOWN, buttonState=0, metaState=0, flags=0x0, edgeFlags=0x0, pointerCount=1, historySize=0, eventTime=759426572, downTime=759426572, deviceId=0, source=0x1002 }
08-05 02:56:50.164 27960 27960 I Input   : injectMotionEvent: MotionEvent { action=ACTION_UP, actionButton=0, id[0]=0, x[0]=400.0, y[0]=997.0, toolType[0]=TOOL_TYPE_UNKNOWN, buttonState=0, metaState=0, flags=0x0, edgeFlags=0x0, pointerCount=1, historySize=0, eventTime=759426572, downTime=759426572, deviceId=0, source=0x1002 }
08-05 02:56:50.167 27960 27960 D AndroidRuntime: Shutting down VM
08-05 02:56:50.189   512  2967 D audio_hw_primary: out_set_parameters: enter: usecase(1: low-latency-playback) kvpairs: routing=2
08-05 02:56:50.202   512  2967 D audio_hw_primary: select_devices: out_snd_device(2: speaker) in_snd_device(0: none)
08-05 02:56:50.202   512  2967 D msm8974_platform: platform_send_audio_calibration: sending audio calibration for snd_device(2) acdb_id(15)
08-05 02:56:50.202   512  2967 I soundtrigger: audio_extn_sound_trigger_update_device_status: device 0x2 of type 0 for Event 1
08-05 02:56:50.212   512  2967 D audio_hw_primary: enable_snd_device: snd_device(2: speaker)
08-05 02:56:50.214   512  2967 D audio_hw_primary: enable_audio_route: apply and update mixer path: low-latency-playback speaker
08-05 02:56:50.275 13866 13866 I GoogleInputMethodServic: GoogleInputMethodService.onFinishInput():3138 
08-05 02:56:50.276 13866 13866 I GoogleInputMethodServic: GoogleInputMethodService.onStartInput():1808 
08-05 02:56:50.300 27610 27684 I art     : Starting a blocking GC Explicit
08-05 02:56:50.316 27610 27684 I art     : Explicit concurrent mark sweep GC freed 2911(185KB) AllocSpace objects, 2(40KB) LOS objects, 40% free, 23MB/39MB, paused 136us total 16.351ms
08-05 02:56:50.323 27610 27684 I art     : Starting a blocking GC Explicit
08-05 02:56:50.339 27610 27684 I art     : Explicit concurrent mark sweep GC freed 226(11KB) AllocSpace objects, 0(0B) LOS objects, 40% free, 23MB/39MB, paused 143us total 15.905ms
08-05 02:56:50.346 27610 27684 I art     : Starting a blocking GC Explicit
08-05 02:56:50.362 27610 27684 I art     : Explicit concurrent mark sweep GC freed 3(96B) AllocSpace objects, 0(0B) LOS objects, 40% free, 23MB/39MB, paused 148us total 16.142ms
08-05 02:56:50.369 27610 27684 I art     : Starting a blocking GC Explicit
08-05 02:56:50.385 27610 27684 I art     : Explicit concurrent mark sweep GC freed 28(784B) AllocSpace objects, 0(0B) LOS objects, 40% free, 23MB/39MB, paused 169us total 16.111ms
08-05 02:56:50.393 27610 27684 I art     : Starting a blocking GC Explicit
08-05 02:56:50.408 27610 27684 I art     : Explicit concurrent mark sweep GC freed 3(96B) AllocSpace objects, 0(0B) LOS objects, 40% free, 23MB/39MB, paused 145us total 14.890ms
08-05 02:56:50.507 23120 23120 I ServiceManager: Waiting for service AtCmdFwd...
08-05 02:56:50.631 27610 27623 I art     : Starting a blocking GC Explicit
08-05 02:56:50.647 27610 27623 I art     : Explicit concurrent mark sweep GC freed 1362(80KB) AllocSpace objects, 1(20KB) LOS objects, 40% free, 23MB/39MB, paused 148us total 16.569ms
08-05 02:56:50.654 27610 27623 I art     : Starting a blocking GC Explicit
08-05 02:56:50.671 27610 27623 I art     : Explicit concurrent mark sweep GC freed 23(752B) AllocSpace objects, 0(0B) LOS objects, 40% free, 23MB/39MB, paused 157us total 16.340ms
08-05 02:56:50.678 27610 27623 I art     : Starting a blocking GC Explicit
08-05 02:56:50.694 27610 27623 I art     : Explicit concurrent mark sweep GC freed 3(96B) AllocSpace objects, 0(0B) LOS objects, 40% free, 23MB/39MB, paused 148us total 15.418ms
08-05 02:56:50.700 27610 27623 I art     : Starting a blocking GC Explicit
08-05 02:56:50.715 27610 27623 I art     : Explicit concurrent mark sweep GC freed 3(96B) AllocSpace objects, 0(0B) LOS objects, 40% free, 23MB/39MB, paused 152us total 15.064ms
08-05 02:56:50.720 27993 27993 D AndroidRuntime: >>>>>> START com.android.internal.os.RuntimeInit uid 2000 <<<<<<
08-05 02:56:50.722 27610 27623 I art     : Starting a blocking GC Explicit
08-05 02:56:50.724 27993 27993 D AndroidRuntime: CheckJNI is OFF
08-05 02:56:50.737 27610 27623 I art     : Explicit concurrent mark sweep GC freed 3(96B) AllocSpace objects, 0(0B) LOS objects, 40% free, 23MB/39MB, paused 135us total 14.904ms
08-05 02:56:50.748   512  2967 D audio_hw_primary: disable_audio_route: reset and update mixer path: low-latency-playback speaker
08-05 02:56:50.749   512  2967 D audio_hw_primary: disable_snd_device: snd_device(2: speaker)
08-05 02:56:50.751 27993 27993 D ICU     : No timezone override file found: /data/misc/zoneinfo/current/icu/icu_tzdata.dat
08-05 02:56:50.756   512  2967 I soundtrigger: audio_extn_sound_trigger_update_device_status: device 0x2 of type 0 for Event 0
08-05 02:56:50.775 27993 27993 I Radio-JNI: register_android_hardware_Radio DONE
08-05 02:56:50.791 27993 27993 D AndroidRuntime: Calling main entry com.android.commands.input.Input
08-05 02:56:50.792 27993 27993 I Input   : injectMotionEvent: MotionEvent { action=ACTION_DOWN, actionButton=0, id[0]=0, x[0]=697.0, y[0]=656.0, toolType[0]=TOOL_TYPE_UNKNOWN, buttonState=0, metaState=0, flags=0x0, edgeFlags=0x0, pointerCount=1, historySize=0, eventTime=759427205, downTime=759427205, deviceId=0, source=0x1002 }
08-05 02:56:50.798 27993 27993 I Input   : injectMotionEvent: MotionEvent { action=ACTION_UP, actionButton=0, id[0]=0, x[0]=697.0, y[0]=656.0, toolType[0]=TOOL_TYPE_UNKNOWN, buttonState=0, metaState=0, flags=0x0, edgeFlags=0x0, pointerCount=1, historySize=0, eventTime=759427205, downTime=759427205, deviceId=0, source=0x1002 }
08-05 02:56:50.800 27993 27993 D AndroidRuntime: Shutting down VM
08-05 02:56:50.818   512  2967 D audio_hw_primary: out_set_parameters: enter: usecase(1: low-latency-playback) kvpairs: routing=2
08-05 02:56:50.831   512  2967 D audio_hw_primary: select_devices: out_snd_device(2: speaker) in_snd_device(0: none)
08-05 02:56:50.831   512  2967 D msm8974_platform: platform_send_audio_calibration: sending audio calibration for snd_device(2) acdb_id(15)
08-05 02:56:50.832   512  2967 I soundtrigger: audio_extn_sound_trigger_update_device_status: device 0x2 of type 0 for Event 1
08-05 02:56:50.842   512  2967 D audio_hw_primary: enable_snd_device: snd_device(2: speaker)
08-05 02:56:50.844   512  2967 D audio_hw_primary: enable_audio_route: apply and update mixer path: low-latency-playback speaker
08-05 02:56:50.885 13866 13866 I GoogleInputMethodServic: GoogleInputMethodService.onFinishInput():3138 
08-05 02:56:50.886 13866 13866 I GoogleInputMethodServic: GoogleInputMethodService.onStartInput():1808 
08-05 02:56:50.887   512  2967 D AudioFlinger: mixer(0xf4740000) throttle end: throttle time(12)
08-05 02:56:50.964 27610 27622 I art     : Starting a blocking GC Explicit
08-05 02:56:50.982 27610 27622 I art     : Explicit concurrent mark sweep GC freed 2408(194KB) AllocSpace objects, 1(20KB) LOS objects, 40% free, 23MB/39MB, paused 131us total 17.809ms
08-05 02:56:50.990 27610 27622 I art     : Starting a blocking GC Explicit
08-05 02:56:51.006 27610 27622 I art     : Explicit concurrent mark sweep GC freed 163(7KB) AllocSpace objects, 0(0B) LOS objects, 40% free, 23MB/39MB, paused 181us total 16.092ms
08-05 02:56:51.014 27610 27622 I art     : Starting a blocking GC Explicit
08-05 02:56:51.033 27610 27622 I art     : Explicit concurrent mark sweep GC freed 3(96B) AllocSpace objects, 0(0B) LOS objects, 40% free, 23MB/39MB, paused 139us total 18.497ms
08-05 02:56:51.042 27610 27622 I art     : Starting a blocking GC Explicit
08-05 02:56:51.059 27610 27622 I art     : Explicit concurrent mark sweep GC freed 5(160B) AllocSpace objects, 0(0B) LOS objects, 40% free, 23MB/39MB, paused 139us total 16.445ms
08-05 02:56:51.065 27610 27622 I art     : Starting a blocking GC Explicit
08-05 02:56:51.081 27610 27622 I art     : Explicit concurrent mark sweep GC freed 3(96B) AllocSpace objects, 0(0B) LOS objects, 40% free, 23MB/39MB, paused 144us total 15.703ms
08-05 02:56:51.114 29532 29532 W PathParser: Points are too far apart 4.030360828967057
08-05 02:56:51.114 29532 29532 W PathParser: Points are too far apart 4.030360538880159
08-05 02:56:51.131 29532 29532 W PathParser: Points are too far apart 4.030360828967057
08-05 02:56:51.131 29532 29532 W PathParser: Points are too far apart 4.030360538880159
08-05 02:56:51.148 29532 29532 W PathParser: Points are too far apart 4.030360828967057
08-05 02:56:51.148 29532 29532 W PathParser: Points are too far apart 4.030360538880159
08-05 02:56:51.165 29532 29532 W PathParser: Points are too far apart 4.030360828967057
08-05 02:56:51.165 29532 29532 W PathParser: Points are too far apart 4.030360538880159
08-05 02:56:51.183 29532 29532 W PathParser: Points are too far apart 4.030360828967057
08-05 02:56:51.183 29532 29532 W PathParser: Points are too far apart 4.030360538880159
08-05 02:56:51.198 29532 29532 W PathParser: Points are too far apart 4.030360828967057
08-05 02:56:51.198 29532 29532 W PathParser: Points are too far apart 4.030360538880159
08-05 02:56:51.216 29532 29532 W PathParser: Points are too far apart 4.030360828967057
08-05 02:56:51.216 29532 29532 W PathParser: Points are too far apart 4.030360538880159
08-05 02:56:51.332 27610 27684 I art     : Starting a blocking GC Explicit
08-05 02:56:51.354 27610 27684 I art     : Explicit concurrent mark sweep GC freed 1367(80KB) AllocSpace objects, 1(20KB) LOS objects, 40% free, 23MB/39MB, paused 216us total 21.343ms
08-05 02:56:51.361 27610 27684 I art     : Starting a blocking GC Explicit
08-05 02:56:51.371 28025 28025 D AndroidRuntime: >>>>>> START com.android.internal.os.RuntimeInit uid 2000 <<<<<<
08-05 02:56:51.375 28025 28025 D AndroidRuntime: CheckJNI is OFF
08-05 02:56:51.378   512  2967 D audio_hw_primary: disable_audio_route: reset and update mixer path: low-latency-playback speaker
08-05 02:56:51.379   512  2967 D audio_hw_primary: disable_snd_device: snd_device(2: speaker)
08-05 02:56:51.380 27610 27684 I art     : Explicit concurrent mark sweep GC freed 54(1632B) AllocSpace objects, 0(0B) LOS objects, 40% free, 23MB/39MB, paused 146us total 19.021ms
08-05 02:56:51.388 27610 27684 I art     : Starting a blocking GC Explicit
08-05 02:56:51.388   512  2967 I soundtrigger: audio_extn_sound_trigger_update_device_status: device 0x2 of type 0 for Event 0
08-05 02:56:51.403 28025 28025 D ICU     : No timezone override file found: /data/misc/zoneinfo/current/icu/icu_tzdata.dat
08-05 02:56:51.404 27610 27684 I art     : Explicit concurrent mark sweep GC freed 3(96B) AllocSpace objects, 0(0B) LOS objects, 40% free, 23MB/39MB, paused 138us total 16.026ms
08-05 02:56:51.411 27610 27684 I art     : Starting a blocking GC Explicit
08-05 02:56:51.426 27610 27684 I art     : Explicit concurrent mark sweep GC freed 3(96B) AllocSpace objects, 0(0B) LOS objects, 40% free, 23MB/39MB, paused 139us total 14.875ms
08-05 02:56:51.429 28025 28025 I Radio-JNI: register_android_hardware_Radio DONE
08-05 02:56:51.432 27610 27684 I art     : Starting a blocking GC Explicit
08-05 02:56:51.446 28025 28025 D AndroidRuntime: Calling main entry com.android.commands.input.Input
08-05 02:56:51.448 28025 28025 I Input   : injectMotionEvent: MotionEvent { action=ACTION_DOWN, actionButton=0, id[0]=0, x[0]=256.0, y[0]=1589.0, toolType[0]=TOOL_TYPE_UNKNOWN, buttonState=0, metaState=0, flags=0x0, edgeFlags=0x0, pointerCount=1, historySize=0, eventTime=759427860, downTime=759427860, deviceId=0, source=0x1002 }
08-05 02:56:51.448 27610 27684 I art     : Explicit concurrent mark sweep GC freed 3(96B) AllocSpace objects, 0(0B) LOS objects, 40% free, 23MB/39MB, paused 231us total 15.209ms
08-05 02:56:51.453 28025 28025 I Input   : injectMotionEvent: MotionEvent { action=ACTION_UP, actionButton=0, id[0]=0, x[0]=256.0, y[0]=1589.0, toolType[0]=TOOL_TYPE_UNKNOWN, buttonState=0, metaState=0, flags=0x0, edgeFlags=0x0, pointerCount=1, historySize=0, eventTime=759427860, downTime=759427860, deviceId=0, source=0x1002 }
08-05 02:56:51.455 28025 28025 D AndroidRuntime: Shutting down VM
08-05 02:56:51.467 27610 27610 D UserPreferences: timeOfDay: []
08-05 02:56:51.468 27610 27610 D AutoUpdateManager: Restarting update alarm.
08-05 02:56:51.469   512  2967 D audio_hw_primary: out_set_parameters: enter: usecase(1: low-latency-playback) kvpairs: routing=2
08-05 02:56:51.471 27610 27610 D AutoUpdateManager: Automatic update was deactivated
08-05 02:56:51.482   512  2967 D audio_hw_primary: select_devices: out_snd_device(2: speaker) in_snd_device(0: none)
08-05 02:56:51.483   512  2967 D msm8974_platform: platform_send_audio_calibration: sending audio calibration for snd_device(2) acdb_id(15)
08-05 02:56:51.483   512  2967 I soundtrigger: audio_extn_sound_trigger_update_device_status: device 0x2 of type 0 for Event 1
08-05 02:56:51.487 13866 13866 I GoogleInputMethodServic: GoogleInputMethodService.onFinishInput():3138 
08-05 02:56:51.488 13866 13866 I GoogleInputMethodServic: GoogleInputMethodService.onStartInput():1808 
08-05 02:56:51.494   512  2967 D audio_hw_primary: enable_snd_device: snd_device(2: speaker)
08-05 02:56:51.497   512  2967 D audio_hw_primary: enable_audio_route: apply and update mixer path: low-latency-playback speaker
08-05 02:56:51.498 29532 29532 W PathParser: Points are too far apart 4.030360828967057
08-05 02:56:51.499 29532 29532 W PathParser: Points are too far apart 4.030360538880159
08-05 02:56:51.507 23120 23120 I ServiceManager: Waiting for service AtCmdFwd...
08-05 02:56:51.515 29532 29532 W PathParser: Points are too far apart 4.030360828967057
08-05 02:56:51.515 29532 29532 W PathParser: Points are too far apart 4.030360538880159
08-05 02:56:51.532 29532 29532 W PathParser: Points are too far apart 4.030360828967057
08-05 02:56:51.532 29532 29532 W PathParser: Points are too far apart 4.030360538880159
08-05 02:56:51.541   512  2967 D AudioFlinger: mixer(0xf4740000) throttle end: throttle time(12)
08-05 02:56:51.548 29532 29532 W PathParser: Points are too far apart 4.030360828967057
08-05 02:56:51.549 29532 29532 W PathParser: Points are too far apart 4.030360538880159
08-05 02:56:51.567 29532 29532 W PathParser: Points are too far apart 4.030360828967057
08-05 02:56:51.568 29532 29532 W PathParser: Points are too far apart 4.030360538880159
08-05 02:56:51.582 29532 29532 W PathParser: Points are too far apart 4.030360828967057
08-05 02:56:51.582 29532 29532 W PathParser: Points are too far apart 4.030360538880159
08-05 02:56:51.598 29532 29532 W PathParser: Points are too far apart 4.030360828967057
08-05 02:56:51.598 29532 29532 W PathParser: Points are too far apart 4.030360538880159
08-05 02:56:51.615 29532 29532 W PathParser: Points are too far apart 4.030360828967057
08-05 02:56:51.615 29532 29532 W PathParser: Points are too far apart 4.030360538880159
08-05 02:56:51.664   380   380 W SurfaceFlinger: couldn't log to binary event log: overflow.
08-05 02:56:51.707 27610 27684 I art     : Starting a blocking GC Explicit
08-05 02:56:51.728 27610 27684 I art     : Explicit concurrent mark sweep GC freed 1692(107KB) AllocSpace objects, 2(40KB) LOS objects, 40% free, 23MB/39MB, paused 153us total 20.825ms
08-05 02:56:51.734 27610 27684 I art     : Starting a blocking GC Explicit
08-05 02:56:51.749 27610 27684 I art     : Explicit concurrent mark sweep GC freed 62(2240B) AllocSpace objects, 0(0B) LOS objects, 40% free, 23MB/39MB, paused 146us total 15.048ms
08-05 02:56:51.755 27610 27684 I art     : Starting a blocking GC Explicit
08-05 02:56:51.770 27610 27684 I art     : Explicit concurrent mark sweep GC freed 3(96B) AllocSpace objects, 0(0B) LOS objects, 40% free, 23MB/39MB, paused 146us total 15.094ms
08-05 02:56:51.777 27610 27684 I art     : Starting a blocking GC Explicit
08-05 02:56:51.793 27610 27684 I art     : Explicit concurrent mark sweep GC freed 3(96B) AllocSpace objects, 0(0B) LOS objects, 40% free, 23MB/39MB, paused 148us total 16.108ms
08-05 02:56:51.800 27610 27684 I art     : Starting a blocking GC Explicit
08-05 02:56:51.816 27610 27684 I art     : Explicit concurrent mark sweep GC freed 6(224B) AllocSpace objects, 0(0B) LOS objects, 40% free, 23MB/39MB, paused 182us total 16.516ms
08-05 02:56:52.005 28057 28057 D AndroidRuntime: >>>>>> START com.android.internal.os.RuntimeInit uid 2000 <<<<<<
08-05 02:56:52.010 28057 28057 D AndroidRuntime: CheckJNI is OFF
08-05 02:56:52.036 28057 28057 D ICU     : No timezone override file found: /data/misc/zoneinfo/current/icu/icu_tzdata.dat
08-05 02:56:52.039   512  2967 D audio_hw_primary: disable_audio_route: reset and update mixer path: low-latency-playback speaker
08-05 02:56:52.040   512  2967 D audio_hw_primary: disable_snd_device: snd_device(2: speaker)
08-05 02:56:52.047   512  2967 I soundtrigger: audio_extn_sound_trigger_update_device_status: device 0x2 of type 0 for Event 0
08-05 02:56:52.058 27610 27684 I art     : Starting a blocking GC Explicit
08-05 02:56:52.062 28057 28057 I Radio-JNI: register_android_hardware_Radio DONE
08-05 02:56:52.074 27610 27684 I art     : Explicit concurrent mark sweep GC freed 1883(98KB) AllocSpace objects, 1(20KB) LOS objects, 40% free, 23MB/39MB, paused 137us total 15.533ms
08-05 02:56:52.078 28057 28057 D AndroidRuntime: Calling main entry com.android.commands.input.Input
08-05 02:56:52.080 28057 28057 I Input   : injectKeyEvent: KeyEvent { action=ACTION_DOWN, keyCode=KEYCODE_BACK, scanCode=0, metaState=0, flags=0x0, repeatCount=0, eventTime=759428493, downTime=759428493, deviceId=-1, source=0x101 }
08-05 02:56:52.080 27610 27684 I art     : Starting a blocking GC Explicit
08-05 02:56:52.086 28057 28057 I Input   : injectKeyEvent: KeyEvent { action=ACTION_UP, keyCode=KEYCODE_BACK, scanCode=0, metaState=0, flags=0x0, repeatCount=0, eventTime=759428493, downTime=759428493, deviceId=-1, source=0x101 }
08-05 02:56:52.093 28057 28057 D AndroidRuntime: Shutting down VM
08-05 02:56:52.098 27610 27684 I art     : Explicit concurrent mark sweep GC freed 562(23KB) AllocSpace objects, 0(0B) LOS objects, 40% free, 23MB/39MB, paused 224us total 17.470ms
08-05 02:56:52.104 27610 27684 I art     : Starting a blocking GC Explicit
08-05 02:56:52.121 27610 27684 I art     : Explicit concurrent mark sweep GC freed 455(25KB) AllocSpace objects, 0(0B) LOS objects, 39% free, 24MB/40MB, paused 416us total 17.413ms
08-05 02:56:52.128 27610 27684 I art     : Starting a blocking GC Explicit
08-05 02:56:52.143 27610 27684 I art     : Explicit concurrent mark sweep GC freed 8574(537KB) AllocSpace objects, 0(0B) LOS objects, 40% free, 23MB/39MB, paused 359us total 15.049ms
08-05 02:56:52.147 13866 13866 I GoogleInputMethodServic: GoogleInputMethodService.onFinishInput():3138 
08-05 02:56:52.148 13866 13866 I GoogleInputMethodServic: GoogleInputMethodService.onStartInput():1808 
08-05 02:56:52.149 27610 27684 I art     : Starting a blocking GC Explicit
08-05 02:56:52.164 27610 27684 I art     : Explicit concurrent mark sweep GC freed 162(6KB) AllocSpace objects, 0(0B) LOS objects, 40% free, 23MB/39MB, paused 145us total 14.401ms
08-05 02:56:52.422 27610 27623 I art     : Starting a blocking GC Explicit
08-05 02:56:52.444 27610 27623 I art     : Explicit concurrent mark sweep GC freed 1398(81KB) AllocSpace objects, 1(20KB) LOS objects, 40% free, 23MB/39MB, paused 237us total 21.282ms
08-05 02:56:52.455 27610 27623 I art     : Starting a blocking GC Explicit
08-05 02:56:52.471 27610 27623 I art     : Explicit concurrent mark sweep GC freed 124(6KB) AllocSpace objects, 0(0B) LOS objects, 40% free, 23MB/39MB, paused 153us total 16.016ms
08-05 02:56:52.478 27610 27623 I art     : Starting a blocking GC Explicit
08-05 02:56:52.494 27610 27623 I art     : Explicit concurrent mark sweep GC freed 869(55KB) AllocSpace objects, 1(48KB) LOS objects, 40% free, 23MB/39MB, paused 151us total 15.589ms
08-05 02:56:52.501 27610 27623 I art     : Starting a blocking GC Explicit
08-05 02:56:52.508 23120 23120 I ServiceManager: Waiting for service AtCmdFwd...
08-05 02:56:52.516 27610 27623 I art     : Explicit concurrent mark sweep GC freed 3(96B) AllocSpace objects, 0(0B) LOS objects, 40% free, 23MB/39MB, paused 153us total 15.217ms
08-05 02:56:52.523 27610 27623 I art     : Starting a blocking GC Explicit
08-05 02:56:52.539 27610 27623 I art     : Explicit concurrent mark sweep GC freed 3(96B) AllocSpace objects, 0(0B) LOS objects, 40% free, 23MB/39MB, paused 144us total 15.679ms
08-05 02:56:52.822 27610 27622 I art     : Starting a blocking GC Explicit
08-05 02:56:52.849 27610 27622 I art     : Explicit concurrent mark sweep GC freed 1365(80KB) AllocSpace objects, 1(20KB) LOS objects, 40% free, 23MB/39MB, paused 146us total 27.272ms
08-05 02:56:52.856 27610 27622 I art     : Starting a blocking GC Explicit
08-05 02:56:52.872 27610 27622 I art     : Explicit concurrent mark sweep GC freed 23(752B) AllocSpace objects, 0(0B) LOS objects, 40% free, 23MB/39MB, paused 154us total 15.288ms
08-05 02:56:52.879 27610 27622 I art     : Starting a blocking GC Explicit
08-05 02:56:52.894 27610 27622 I art     : Explicit concurrent mark sweep GC freed 3(96B) AllocSpace objects, 0(0B) LOS objects, 40% free, 23MB/39MB, paused 139us total 14.790ms
08-05 02:56:52.901 27610 27622 I art     : Starting a blocking GC Explicit
08-05 02:56:52.916 27610 27622 I art     : Explicit concurrent mark sweep GC freed 3(96B) AllocSpace objects, 0(0B) LOS objects, 40% free, 23MB/39MB, paused 136us total 14.784ms
08-05 02:56:52.922 27610 27622 I art     : Starting a blocking GC Explicit
08-05 02:56:52.937 27610 27622 I art     : Explicit concurrent mark sweep GC freed 3(96B) AllocSpace objects, 0(0B) LOS objects, 40% free, 23MB/39MB, paused 147us total 14.767ms
08-05 02:56:53.040   518   646 I ThermalEngine: ACTION: GPU - Setting GPU[0] to 510000000
08-05 02:56:53.211 27610 27684 I art     : Starting a blocking GC Explicit
08-05 02:56:53.235 27610 27684 I art     : Explicit concurrent mark sweep GC freed 1365(80KB) AllocSpace objects, 1(20KB) LOS objects, 40% free, 23MB/39MB, paused 217us total 24.060ms
08-05 02:56:53.247 27610 27684 I art     : Starting a blocking GC Explicit
08-05 02:56:53.271 27610 27684 I art     : Explicit concurrent mark sweep GC freed 23(752B) AllocSpace objects, 0(0B) LOS objects, 40% free, 23MB/39MB, paused 206us total 23.258ms
08-05 02:56:53.280 27610 27684 I art     : Starting a blocking GC Explicit
08-05 02:56:53.299 27610 27684 I art     : Explicit concurrent mark sweep GC freed 3(96B) AllocSpace objects, 0(0B) LOS objects, 40% free, 23MB/39MB, paused 201us total 19.572ms
08-05 02:56:53.308 27610 27684 I art     : Starting a blocking GC Explicit
08-05 02:56:53.326 27610 27684 I art     : Explicit concurrent mark sweep GC freed 3(96B) AllocSpace objects, 0(0B) LOS objects, 40% free, 23MB/39MB, paused 189us total 18.274ms
08-05 02:56:53.335 27610 27684 I art     : Starting a blocking GC Explicit
08-05 02:56:53.353 27610 27684 I art     : Explicit concurrent mark sweep GC freed 3(96B) AllocSpace objects, 0(0B) LOS objects, 40% free, 23MB/39MB, paused 188us total 18.219ms
08-05 02:56:53.508 23120 23120 I ServiceManager: Waiting for service AtCmdFwd...
08-05 02:56:53.518   918   918 I ActivityManager: Start proc 28113:nappagreedy.com.newsblur/u0a679 for service nappagreedy.com.newsblur/.service.NBSyncService
08-05 02:56:53.521 28113 28113 I art     : Late-enabling -Xcheck:jni
08-05 02:56:53.525 17099 17099 I Finsky  : [1] xow.onStartJob(3): SCH: onJobSchedulerWakeup with jobId 9002
08-05 02:56:53.532 17099 17099 I Finsky  : [1] xjw.a(9): Scheduling fallback in 43199995 (absolute: 1786017401)
08-05 02:56:53.535 17099 17099 I Finsky  : [1] xjw.a(9): Scheduling fallback in 64799999 (absolute: 1807617408)
08-05 02:56:53.574 28113 28113 W System  : ClassLoader referenced unknown path: /data/app/nappagreedy.com.newsblur-1/lib/arm64
08-05 02:56:53.618 27610 27623 I art     : Starting a blocking GC Explicit
08-05 02:56:53.627 17099 17099 I Finsky  : [1] xkf.handleMessage(8): SCH: DeviceState: DeviceState{currentTime=1596589013623, isCharging=false, isIdle=false, netAny=true, netNotRoaming=true, netUnmetered=true, batteryPercent=100.0}
08-05 02:56:53.631 17099 27580 I Finsky  : [5985] xmu.a(8): SCH: Jobs in database: 1-1337 3-201 3-202 12-1 24-77777777 26-1414141414 
08-05 02:56:53.633 17099 17099 I Finsky  : [1] xkg.a(16): SCH: Running job: 12-1
08-05 02:56:53.633 17099 17099 I Finsky  : [1] ContentSyncJob.a(16): [ContentSync] job started
08-05 02:56:53.634 17099 17099 I Finsky  : [1] xkf.handleMessage(61): SCH: RunningQueue size: 1, PendingQueue size: 0
08-05 02:56:53.634 17099 17099 I Finsky  : [1] xkf.handleMessage(64): SCH: Running queue: 12-1 
08-05 02:56:53.635 27610 27623 I art     : Explicit concurrent mark sweep GC freed 1390(80KB) AllocSpace objects, 1(20KB) LOS objects, 40% free, 23MB/39MB, paused 218us total 16.590ms
08-05 02:56:53.643 27610 27623 I art     : Starting a blocking GC Explicit
08-05 02:56:53.660 27610 27623 I art     : Explicit concurrent mark sweep GC freed 23(752B) AllocSpace objects, 0(0B) LOS objects, 40% free, 23MB/39MB, paused 184us total 16.826ms
08-05 02:56:53.668 27610 27623 I art     : Starting a blocking GC Explicit
08-05 02:56:53.684 27610 27623 I art     : Explicit concurrent mark sweep GC freed 3(96B) AllocSpace objects, 0(0B) LOS objects, 40% free, 23MB/39MB, paused 182us total 15.723ms
08-05 02:56:53.691 27610 27623 I art     : Starting a blocking GC Explicit
08-05 02:56:53.692 17099 27600 I Finsky  : [5990] dzn.a(22): Completed 0 account content syncs with 0 successful.
08-05 02:56:53.692 17099 17099 I Finsky  : [1] ContentSyncJob.a(1): [ContentSync] Installation state replication succeeded.
08-05 02:56:53.693 17099 17099 I Finsky  : [1] xlr.a(13): SCH: jobFinished: 12-1. TimeElapsed: 60ms.
08-05 02:56:53.694 17099 17099 I Finsky  : [1] xkg.a(36): SCH: Job 12-1 finished. Not rescheduling.
08-05 02:56:53.694 17099 17099 I Finsky  : [1] xkf.handleMessage(61): SCH: RunningQueue size: 0, PendingQueue size: 0
08-05 02:56:53.694 17099 17099 I Finsky  : [1] xkf.handleMessage(25): Executor finished
08-05 02:56:53.707 27610 27623 I art     : Explicit concurrent mark sweep GC freed 4(128B) AllocSpace objects, 0(0B) LOS objects, 40% free, 23MB/39MB, paused 180us total 15.983ms
08-05 02:56:53.711 17099 17099 I Finsky  : [1] xmu.a(8): SCH: Jobs in database: 1-1337 3-201 3-202 24-77777777 26-1414141414 
08-05 02:56:53.713 17099 17099 I Finsky  : [1] xio.a(57): SCH: ConstraintMapping: 24-77777777,  -> L: 0ms, D: 65586807ms, C: false, I: true, N: 0
08-05 02:56:53.713 17099 17099 I Finsky  : [1] xio.a(57): SCH: ConstraintMapping: 1-1337,  -> L: 25739195ms, D: 68939195ms, C: false, I: false, N: 1
08-05 02:56:53.714 17099 17099 I Finsky  : [1] xio.a(57): SCH: ConstraintMapping: 3-201,  -> L: 0ms, D: 85680710ms, C: false, I: true, N: 2
08-05 02:56:53.714 17099 17099 I Finsky  : [1] xio.a(57): SCH: ConstraintMapping: 3-202,  -> L: 0ms, D: 85680775ms, C: true, I: true, N: 2
08-05 02:56:53.715 17099 17099 I Finsky  : [1] xio.a(57): SCH: ConstraintMapping: 26-1414141414,  -> L: 30376681ms, D: 31276681ms, C: false, I: false, N: 0
08-05 02:56:53.715 27610 27623 I art     : Starting a blocking GC Explicit
08-05 02:56:53.731 27610 27623 I art     : Explicit concurrent mark sweep GC freed 21(1152B) AllocSpace objects, 0(0B) LOS objects, 40% free, 23MB/39MB, paused 216us total 15.812ms
08-05 02:56:53.740 28109 28109 D AndroidRuntime: >>>>>> START com.android.internal.os.RuntimeInit uid 2000 <<<<<<
08-05 02:56:53.744 28109 28109 D AndroidRuntime: CheckJNI is OFF
08-05 02:56:53.754 17099 17099 I Finsky  : [1] xle.a(34): Cancelling existing jobscheduler jobs: 9016 9001 9008 9003 9019 9004 9018 9006 9017 
08-05 02:56:53.754 17099 17099 I Finsky  : [1] xle.a(10): Throttling wakeup for job 9000 (expected to run in 0 ms) due to recent wakeup
08-05 02:56:53.754 17099 17099 I Finsky  : [1] xle.a(27): Scheduling job Id: 9000, L: 30000, D: 65586807, C: false, I: true, N: 0
08-05 02:56:53.756 17099 17099 I Finsky  : [1] xle.a(27): Scheduling job Id: 9005, L: 25739195, D: 68939195, C: false, I: false, N: 1
08-05 02:56:53.757 17099 17099 I Finsky  : [1] xle.a(10): Throttling wakeup for job 9007 (expected to run in 0 ms) due to recent wakeup
08-05 02:56:53.758 17099 17099 I Finsky  : [1] xle.a(27): Scheduling job Id: 9007, L: 30000, D: 85680710, C: false, I: true, N: 2
08-05 02:56:53.759 17099 17099 I Finsky  : [1] xle.a(10): Throttling wakeup for job 9009 (expected to run in 0 ms) due to recent wakeup
08-05 02:56:53.760 17099 17099 I Finsky  : [1] xle.a(27): Scheduling job Id: 9009, L: 30000, D: 85680775, C: true, I: true, N: 2
08-05 02:56:53.767 17099 17099 I Finsky  : [1] xle.a(27): Scheduling job Id: 9010, L: 30376681, D: 31276681, C: false, I: false, N: 0
08-05 02:56:53.769 17099 17099 I Finsky  : [1] xle.a(10): Throttling wakeup for job 9011 (expected to run in 0 ms) due to recent wakeup
08-05 02:56:53.770 17099 17099 I Finsky  : [1] xle.a(27): Scheduling job Id: 9011, L: 30000, D: 65586807, C: false, I: true, N: 0
08-05 02:56:53.773 28109 28109 D ICU     : No timezone override file found: /data/misc/zoneinfo/current/icu/icu_tzdata.dat
08-05 02:56:53.776 17099 17099 I Finsky  : [1] xle.a(27): Scheduling job Id: 9012, L: 25739195, D: 68939195, C: false, I: false, N: 1
08-05 02:56:53.777 17099 17099 I Finsky  : [1] xle.a(10): Throttling wakeup for job 9013 (expected to run in 0 ms) due to recent wakeup
08-05 02:56:53.778 17099 17099 I Finsky  : [1] xle.a(27): Scheduling job Id: 9013, L: 30000, D: 85680710, C: false, I: true, N: 2
08-05 02:56:53.779 17099 17099 I Finsky  : [1] xle.a(10): Throttling wakeup for job 9014 (expected to run in 0 ms) due to recent wakeup
08-05 02:56:53.779 17099 17099 I Finsky  : [1] xle.a(27): Scheduling job Id: 9014, L: 30000, D: 85680775, C: true, I: true, N: 2
08-05 02:56:53.781 17099 17099 I Finsky  : [1] xle.a(27): Scheduling job Id: 9015, L: 30376681, D: 31276681, C: false, I: false, N: 0
08-05 02:56:53.802 28109 28109 I Radio-JNI: register_android_hardware_Radio DONE
08-05 02:56:53.821 28109 28109 D AndroidRuntime: Calling main entry com.android.commands.input.Input
08-05 02:56:53.823 28109 28109 I Input   : injectKeyEvent: KeyEvent { action=ACTION_DOWN, keyCode=KEYCODE_BACK, scanCode=0, metaState=0, flags=0x0, repeatCount=0, eventTime=759430236, downTime=759430236, deviceId=-1, source=0x101 }
08-05 02:56:53.827 28109 28109 I Input   : injectKeyEvent: KeyEvent { action=ACTION_UP, keyCode=KEYCODE_BACK, scanCode=0, metaState=0, flags=0x0, repeatCount=0, eventTime=759430236, downTime=759430236, deviceId=-1, source=0x101 }
08-05 02:56:53.831 28109 28109 D AndroidRuntime: Shutting down VM
08-05 02:56:53.855 27610 27610 D QueueFragment: loadItems()
08-05 02:56:53.855 27610 27630 D DBReader: getQueue() called
08-05 02:56:53.855 27610 27630 D DBReader: getQueue()
08-05 02:56:53.855 27610 27610 V PlaybackController: initServiceNotRunning()
08-05 02:56:53.855 27610 27610 D ExternalPlayerFragment: Loading media info
08-05 02:56:53.856 27610 27630 D DBReader: getFavoriteIDList() called
08-05 02:56:53.856 27610 27610 D UserPreferences: Using default data folder
08-05 02:56:53.856 27610 27630 D DBReader: getQueueIDList() called
08-05 02:56:53.857 27610 27630 D DBReader: Extracting Feedlist
08-05 02:56:53.857 27610 28150 D DBReader: getNavDrawerData() called with: 
08-05 02:56:53.860 27610 28150 D DBReader: getDownloadedItems() called
08-05 02:56:53.860 27610 28150 D DBReader: getFavoriteIDList() called
08-05 02:56:53.861 27610 28150 D DBReader: getQueueIDList() called
08-05 02:56:53.861 27610 28150 D DBReader: Extracting Feedlist
08-05 02:56:53.906 27610 27610 D MainActivity: getLastNavFragment() -> QueueFragment
08-05 02:56:53.935 13866 13866 I GoogleInputMethodServic: GoogleInputMethodService.onFinishInput():3138 
08-05 02:56:53.938 13866 13866 I GoogleInputMethodServic: GoogleInputMethodService.onStartInput():1808 
08-05 02:56:53.970 27610 27622 I art     : Starting a blocking GC Explicit
08-05 02:56:53.989 27610 27622 I art     : Explicit concurrent mark sweep GC freed 3653(205KB) AllocSpace objects, 1(20KB) LOS objects, 40% free, 23MB/39MB, paused 204us total 18.577ms
08-05 02:56:53.998 27610 27622 I art     : Starting a blocking GC Explicit
08-05 02:56:54.015 27610 27622 I art     : Explicit concurrent mark sweep GC freed 1469(92KB) AllocSpace objects, 0(0B) LOS objects, 40% free, 23MB/39MB, paused 199us total 16.928ms
08-05 02:56:54.022 27610 27622 I art     : Starting a blocking GC Explicit
08-05 02:56:54.039 27610 27622 I art     : Explicit concurrent mark sweep GC freed 3(96B) AllocSpace objects, 0(0B) LOS objects, 40% free, 23MB/39MB, paused 216us total 16.592ms
08-05 02:56:54.047 27610 27622 I art     : Starting a blocking GC Explicit
08-05 02:56:54.063 27610 27622 I art     : Explicit concurrent mark sweep GC freed 3(96B) AllocSpace objects, 0(0B) LOS objects, 40% free, 23MB/39MB, paused 207us total 16.409ms
08-05 02:56:54.071 27610 27622 I art     : Starting a blocking GC Explicit
08-05 02:56:54.088 27610 27622 I art     : Explicit concurrent mark sweep GC freed 3(96B) AllocSpace objects, 0(0B) LOS objects, 40% free, 23MB/39MB, paused 199us total 16.443ms
08-05 02:56:54.146   918  6111 I ActivityManager: Killing 17460:com.google.android.apps.messaging/u0a65 (adj 15): empty #17
08-05 02:56:54.180   918  6110 D ConnectivityService: ConnectivityService NetworkRequestInfo binderDied(NetworkRequest [ id=3124, legacyType=-1, [ Capabilities: INTERNET&NOT_RESTRICTED&TRUSTED] ], android.os.BinderProxy@b363128)
08-05 02:56:54.180   918  3263 D ConnectivityService: releasing NetworkRequest NetworkRequest [ id=3124, legacyType=-1, [ Capabilities: INTERNET&NOT_RESTRICTED&TRUSTED] ]
08-05 02:56:54.181   918  3263 E ConnectivityService: RemoteException caught trying to send a callback msg for NetworkRequest [ id=3124, legacyType=-1, [ Capabilities: INTERNET&NOT_RESTRICTED&TRUSTED] ]
08-05 02:56:54.234   380   380 W SurfaceFlinger: couldn't log to binary event log: overflow.
08-05 02:56:54.337 27610 27684 I art     : Starting a blocking GC Explicit
08-05 02:56:54.357 27610 27684 I art     : Explicit concurrent mark sweep GC freed 1906(105KB) AllocSpace objects, 1(20KB) LOS objects, 40% free, 23MB/39MB, paused 231us total 20.235ms
08-05 02:56:54.358 27610 27621 I art     : WaitForGcToComplete blocked for 5.611ms for cause HeapTrim
08-05 02:56:54.365 27610 27684 I art     : Starting a blocking GC Explicit
08-05 02:56:54.382 27610 27684 I art     : Explicit concurrent mark sweep GC freed 6274(391KB) AllocSpace objects, 11(308KB) LOS objects, 40% free, 22MB/38MB, paused 231us total 17.001ms
08-05 02:56:54.390 27610 27684 I art     : Starting a blocking GC Explicit
08-05 02:56:54.407 27610 27684 I art     : Explicit concurrent mark sweep GC freed 6(192B) AllocSpace objects, 0(0B) LOS objects, 40% free, 22MB/38MB, paused 267us total 16.281ms
08-05 02:56:54.415 27610 27684 I art     : Starting a blocking GC Explicit
08-05 02:56:54.432 27610 27684 I art     : Explicit concurrent mark sweep GC freed 3(96B) AllocSpace objects, 0(0B) LOS objects, 40% free, 22MB/38MB, paused 229us total 16.621ms
08-05 02:56:54.440 27610 27684 I art     : Starting a blocking GC Explicit
08-05 02:56:54.457 27610 27684 I art     : Explicit concurrent mark sweep GC freed 3(96B) AllocSpace objects, 0(0B) LOS objects, 40% free, 22MB/38MB, paused 310us total 16.871ms
08-05 02:56:54.509 23120 23120 I ServiceManager: Waiting for service AtCmdFwd...
08-05 02:56:54.744 27610 27623 I art     : Starting a blocking GC Explicit
08-05 02:56:54.766 27610 27623 I art     : Explicit concurrent mark sweep GC freed 1367(82KB) AllocSpace objects, 1(20KB) LOS objects, 40% free, 22MB/38MB, paused 252us total 21.807ms
08-05 02:56:54.774 27610 27623 I art     : Starting a blocking GC Explicit
08-05 02:56:54.792 27610 27623 I art     : Explicit concurrent mark sweep GC freed 23(752B) AllocSpace objects, 0(0B) LOS objects, 40% free, 22MB/38MB, paused 223us total 17.196ms
08-05 02:56:54.800 27610 27623 I art     : Starting a blocking GC Explicit
08-05 02:56:54.817 27610 27623 I art     : Explicit concurrent mark sweep GC freed 3(96B) AllocSpace objects, 0(0B) LOS objects, 40% free, 22MB/38MB, paused 242us total 16.681ms
08-05 02:56:54.825 27610 27623 I art     : Starting a blocking GC Explicit
08-05 02:56:54.842 27610 27623 I art     : Explicit concurrent mark sweep GC freed 3(96B) AllocSpace objects, 0(0B) LOS objects, 40% free, 22MB/38MB, paused 199us total 16.643ms
08-05 02:56:54.849 27610 27623 I art     : Starting a blocking GC Explicit
08-05 02:56:54.867 27610 27623 I art     : Explicit concurrent mark sweep GC freed 3(96B) AllocSpace objects, 0(0B) LOS objects, 40% free, 22MB/38MB, paused 246us total 17.228ms
08-05 02:56:55.133 27610 27622 I art     : Starting a blocking GC Explicit
08-05 02:56:55.151 27610 27622 I art     : Explicit concurrent mark sweep GC freed 1364(80KB) AllocSpace objects, 1(20KB) LOS objects, 40% free, 22MB/38MB, paused 226us total 17.255ms
08-05 02:56:55.159 27610 27622 I art     : Starting a blocking GC Explicit
08-05 02:56:55.175 27610 27622 I art     : Explicit concurrent mark sweep GC freed 23(752B) AllocSpace objects, 0(0B) LOS objects, 40% free, 22MB/38MB, paused 219us total 15.737ms
08-05 02:56:55.182 27610 27622 I art     : Starting a blocking GC Explicit
08-05 02:56:55.198 27610 27622 I art     : Explicit concurrent mark sweep GC freed 3(96B) AllocSpace objects, 0(0B) LOS objects, 40% free, 22MB/38MB, paused 218us total 15.644ms
08-05 02:56:55.206 27610 27622 I art     : Starting a blocking GC Explicit
08-05 02:56:55.222 27610 27622 I art     : Explicit concurrent mark sweep GC freed 3(96B) AllocSpace objects, 0(0B) LOS objects, 40% free, 22MB/38MB, paused 215us total 16.455ms
08-05 02:56:55.230 27610 27622 I art     : Starting a blocking GC Explicit
08-05 02:56:55.247 27610 27622 I art     : Explicit concurrent mark sweep GC freed 3(96B) AllocSpace objects, 0(0B) LOS objects, 40% free, 22MB/38MB, paused 262us total 16.126ms
08-05 02:56:55.485 28186 28186 D AndroidRuntime: >>>>>> START com.android.internal.os.RuntimeInit uid 2000 <<<<<<
08-05 02:56:55.490 28186 28186 D AndroidRuntime: CheckJNI is OFF
08-05 02:56:55.501 27610 27684 I art     : Starting a blocking GC Explicit
08-05 02:56:55.509 23120 23120 W Atfwd_Sendcmd: AtCmdFwd service not published, waiting... retryCnt : 4
08-05 02:56:55.518 27610 27684 I art     : Explicit concurrent mark sweep GC freed 1393(81KB) AllocSpace objects, 1(20KB) LOS objects, 40% free, 22MB/38MB, paused 236us total 16.678ms
08-05 02:56:55.526 27610 27684 I art     : Starting a blocking GC Explicit
08-05 02:56:55.527 28186 28186 D ICU     : No timezone override file found: /data/misc/zoneinfo/current/icu/icu_tzdata.dat
08-05 02:56:55.543 27610 27684 I art     : Explicit concurrent mark sweep GC freed 23(752B) AllocSpace objects, 0(0B) LOS objects, 40% free, 22MB/38MB, paused 244us total 17.468ms
08-05 02:56:55.551 27610 27684 I art     : Starting a blocking GC Explicit
08-05 02:56:55.563 28186 28186 I Radio-JNI: register_android_hardware_Radio DONE
08-05 02:56:55.567 27610 27684 I art     : Explicit concurrent mark sweep GC freed 3(96B) AllocSpace objects, 0(0B) LOS objects, 40% free, 22MB/38MB, paused 233us total 15.927ms
08-05 02:56:55.575 27610 27684 I art     : Starting a blocking GC Explicit
08-05 02:56:55.586 28186 28186 D AndroidRuntime: Calling main entry com.android.commands.input.Input
08-05 02:56:55.588 28186 28186 I Input   : injectMotionEvent: MotionEvent { action=ACTION_DOWN, actionButton=0, id[0]=0, x[0]=103.0, y[0]=192.0, toolType[0]=TOOL_TYPE_UNKNOWN, buttonState=0, metaState=0, flags=0x0, edgeFlags=0x0, pointerCount=1, historySize=0, eventTime=759432000, downTime=759432000, deviceId=0, source=0x1002 }
08-05 02:56:55.591 27610 27684 I art     : Explicit concurrent mark sweep GC freed 3(96B) AllocSpace objects, 0(0B) LOS objects, 40% free, 22MB/38MB, paused 248us total 16.212ms
08-05 02:56:55.593 28186 28186 I Input   : injectMotionEvent: MotionEvent { action=ACTION_UP, actionButton=0, id[0]=0, x[0]=103.0, y[0]=192.0, toolType[0]=TOOL_TYPE_UNKNOWN, buttonState=0, metaState=0, flags=0x0, edgeFlags=0x0, pointerCount=1, historySize=0, eventTime=759432000, downTime=759432000, deviceId=0, source=0x1002 }
08-05 02:56:55.595 28186 28186 D AndroidRuntime: Shutting down VM
08-05 02:56:55.598 27610 27684 I art     : Starting a blocking GC Explicit
08-05 02:56:55.605   512  2967 D audio_hw_primary: out_set_parameters: enter: usecase(1: low-latency-playback) kvpairs: routing=2
08-05 02:56:55.615 27610 27684 I art     : Explicit concurrent mark sweep GC freed 27(864B) AllocSpace objects, 0(0B) LOS objects, 40% free, 22MB/38MB, paused 228us total 15.999ms
08-05 02:56:55.617   512  2967 D audio_hw_primary: select_devices: out_snd_device(2: speaker) in_snd_device(0: none)
08-05 02:56:55.618   512  2967 D msm8974_platform: platform_send_audio_calibration: sending audio calibration for snd_device(2) acdb_id(15)
08-05 02:56:55.618   512  2967 I soundtrigger: audio_extn_sound_trigger_update_device_status: device 0x2 of type 0 for Event 1
08-05 02:56:55.629   512  2967 D audio_hw_primary: enable_snd_device: snd_device(2: speaker)
08-05 02:56:55.631   512  2967 D audio_hw_primary: enable_audio_route: apply and update mixer path: low-latency-playback speaker
08-05 02:56:55.642 13866 13866 I GoogleInputMethodServic: GoogleInputMethodService.onFinishInput():3138 
08-05 02:56:55.642 13866 13866 I GoogleInputMethodServic: GoogleInputMethodService.onStartInput():1808 
08-05 02:56:55.866 27610 27622 I art     : Starting a blocking GC Explicit
08-05 02:56:55.884 27610 27622 I art     : Explicit concurrent mark sweep GC freed 1832(104KB) AllocSpace objects, 1(20KB) LOS objects, 40% free, 22MB/38MB, paused 211us total 17.308ms
08-05 02:56:55.892 27610 27622 I art     : Starting a blocking GC Explicit
08-05 02:56:55.909 27610 27622 I art     : Explicit concurrent mark sweep GC freed 86(5KB) AllocSpace objects, 0(0B) LOS objects, 40% free, 22MB/38MB, paused 260us total 17.060ms
08-05 02:56:55.918 27610 27622 I art     : Starting a blocking GC Explicit
08-05 02:56:55.937 27610 27622 I art     : Explicit concurrent mark sweep GC freed 3(96B) AllocSpace objects, 0(0B) LOS objects, 40% free, 22MB/38MB, paused 376us total 17.912ms
08-05 02:56:55.945 27610 27622 I art     : Starting a blocking GC Explicit
08-05 02:56:55.961 27610 27622 I art     : Explicit concurrent mark sweep GC freed 3(96B) AllocSpace objects, 0(0B) LOS objects, 40% free, 22MB/38MB, paused 198us total 15.559ms
08-05 02:56:55.968 27610 27622 I art     : Starting a blocking GC Explicit
08-05 02:56:55.984 27610 27622 I art     : Explicit concurrent mark sweep GC freed 9(288B) AllocSpace objects, 0(0B) LOS objects, 40% free, 22MB/38MB, paused 206us total 15.547ms
08-05 02:56:56.178   512  2967 D audio_hw_primary: disable_audio_route: reset and update mixer path: low-latency-playback speaker
08-05 02:56:56.180   512  2967 D audio_hw_primary: disable_snd_device: snd_device(2: speaker)
08-05 02:56:56.190   512  2967 I soundtrigger: audio_extn_sound_trigger_update_device_status: device 0x2 of type 0 for Event 0
08-05 02:56:56.256 27610 27622 I art     : Starting a blocking GC Explicit
08-05 02:56:56.273 27610 27622 I art     : Explicit concurrent mark sweep GC freed 1367(81KB) AllocSpace objects, 1(20KB) LOS objects, 40% free, 22MB/38MB, paused 202us total 17.090ms
08-05 02:56:56.282 27610 27622 I art     : Starting a blocking GC Explicit
08-05 02:56:56.299 27610 27622 I art     : Explicit concurrent mark sweep GC freed 25(816B) AllocSpace objects, 0(0B) LOS objects, 40% free, 22MB/38MB, paused 222us total 16.803ms
08-05 02:56:56.307 27610 27622 I art     : Starting a blocking GC Explicit
08-05 02:56:56.324 27610 27622 I art     : Explicit concurrent mark sweep GC freed 5(160B) AllocSpace objects, 0(0B) LOS objects, 40% free, 22MB/38MB, paused 214us total 16.436ms
08-05 02:56:56.332 27610 27622 I art     : Starting a blocking GC Explicit
08-05 02:56:56.349 27610 27622 I art     : Explicit concurrent mark sweep GC freed 3(96B) AllocSpace objects, 0(0B) LOS objects, 40% free, 22MB/38MB, paused 223us total 16.478ms
08-05 02:56:56.357 27610 27622 I art     : Starting a blocking GC Explicit
08-05 02:56:56.374 27610 27622 I art     : Explicit concurrent mark sweep GC freed 32(880B) AllocSpace objects, 0(0B) LOS objects, 40% free, 22MB/38MB, paused 207us total 16.891ms
08-05 02:56:56.660 27610 27623 I art     : Starting a blocking GC Explicit
08-05 02:56:56.679 27610 27623 I art     : Explicit concurrent mark sweep GC freed 1363(82KB) AllocSpace objects, 1(20KB) LOS objects, 40% free, 22MB/38MB, paused 245us total 18.259ms
08-05 02:56:56.691 27610 27623 I art     : Starting a blocking GC Explicit
08-05 02:56:56.708 27610 27623 I art     : Explicit concurrent mark sweep GC freed 23(752B) AllocSpace objects, 0(0B) LOS objects, 40% free, 22MB/38MB, paused 212us total 16.432ms
08-05 02:56:56.716 27610 27623 I art     : Starting a blocking GC Explicit
08-05 02:56:56.733 27610 27623 I art     : Explicit concurrent mark sweep GC freed 3(96B) AllocSpace objects, 0(0B) LOS objects, 40% free, 22MB/38MB, paused 222us total 16.762ms
08-05 02:56:56.741 27610 27623 I art     : Starting a blocking GC Explicit
08-05 02:56:56.757 27610 27623 I art     : Explicit concurrent mark sweep GC freed 3(96B) AllocSpace objects, 0(0B) LOS objects, 40% free, 22MB/38MB, paused 220us total 16.587ms
08-05 02:56:56.765 27610 27623 I art     : Starting a blocking GC Explicit
08-05 02:56:56.782 27610 27623 I art     : Explicit concurrent mark sweep GC freed 3(96B) AllocSpace objects, 0(0B) LOS objects, 40% free, 22MB/38MB, paused 218us total 16.851ms
08-05 02:56:57.044 27610 27684 I art     : Starting a blocking GC Explicit
08-05 02:56:57.061 27610 27684 I art     : Explicit concurrent mark sweep GC freed 1362(80KB) AllocSpace objects, 1(20KB) LOS objects, 40% free, 22MB/38MB, paused 257us total 17.052ms
08-05 02:56:57.069 27610 27684 I art     : Starting a blocking GC Explicit
08-05 02:56:57.086 27610 27684 I art     : Explicit concurrent mark sweep GC freed 23(752B) AllocSpace objects, 0(0B) LOS objects, 40% free, 22MB/38MB, paused 217us total 16.753ms
08-05 02:56:57.094 27610 27684 I art     : Starting a blocking GC Explicit
08-05 02:56:57.111 27610 27684 I art     : Explicit concurrent mark sweep GC freed 3(96B) AllocSpace objects, 0(0B) LOS objects, 40% free, 22MB/38MB, paused 222us total 16.330ms
08-05 02:56:57.119 27610 27684 I art     : Starting a blocking GC Explicit
08-05 02:56:57.135 27610 27684 I art     : Explicit concurrent mark sweep GC freed 3(96B) AllocSpace objects, 0(0B) LOS objects, 40% free, 22MB/38MB, paused 226us total 16.213ms
08-05 02:56:57.143 27610 27684 I art     : Starting a blocking GC Explicit
08-05 02:56:57.160 27610 27684 I art     : Explicit concurrent mark sweep GC freed 3(96B) AllocSpace objects, 0(0B) LOS objects, 40% free, 22MB/38MB, paused 221us total 16.397ms
08-05 02:56:57.258 28243 28243 D AndroidRuntime: >>>>>> START com.android.internal.os.RuntimeInit uid 2000 <<<<<<
08-05 02:56:57.265 28243 28243 D AndroidRuntime: CheckJNI is OFF
08-05 02:56:57.297 28243 28243 D ICU     : No timezone override file found: /data/misc/zoneinfo/current/icu/icu_tzdata.dat
08-05 02:56:57.328 28243 28243 I Radio-JNI: register_android_hardware_Radio DONE
08-05 02:56:57.350 28243 28243 D AndroidRuntime: Calling main entry com.android.commands.input.Input
08-05 02:56:57.352 28243 28243 I Input   : injectMotionEvent: MotionEvent { action=ACTION_DOWN, actionButton=0, id[0]=0, x[0]=409.0, y[0]=1034.0, toolType[0]=TOOL_TYPE_UNKNOWN, buttonState=0, metaState=0, flags=0x0, edgeFlags=0x0, pointerCount=1, historySize=0, eventTime=759433765, downTime=759433765, deviceId=0, source=0x1002 }
08-05 02:56:57.362 28243 28243 I Input   : injectMotionEvent: MotionEvent { action=ACTION_UP, actionButton=0, id[0]=0, x[0]=409.0, y[0]=1034.0, toolType[0]=TOOL_TYPE_UNKNOWN, buttonState=0, metaState=0, flags=0x0, edgeFlags=0x0, pointerCount=1, historySize=0, eventTime=759433765, downTime=759433765, deviceId=0, source=0x1002 }
08-05 02:56:57.365 28243 28243 D AndroidRuntime: Shutting down VM
08-05 02:56:57.435 27610 27684 I art     : Starting a blocking GC Explicit
08-05 02:56:57.438 27610 27610 D MainActivity: loadFragment(index: 5, args: null)
08-05 02:56:57.438 27610 27610 D MainActivity: loadFragment(tag: AddFeedFragment, args: null)
08-05 02:56:57.439 27610 27610 D MainActivity: saveLastNavFragment(tag: AddFeedFragment)
08-05 02:56:57.439 27610 27610 D MainActivity: getLastNavFragment() -> AddFeedFragment
08-05 02:56:57.440   512  2967 D audio_hw_primary: out_set_parameters: enter: usecase(1: low-latency-playback) kvpairs: routing=2
08-05 02:56:57.453   512  2967 D audio_hw_primary: select_devices: out_snd_device(2: speaker) in_snd_device(0: none)
08-05 02:56:57.453   512  2967 D msm8974_platform: platform_send_audio_calibration: sending audio calibration for snd_device(2) acdb_id(15)
08-05 02:56:57.453   512  2967 I soundtrigger: audio_extn_sound_trigger_update_device_status: device 0x2 of type 0 for Event 1
08-05 02:56:57.453 27610 27684 I art     : Explicit concurrent mark sweep GC freed 1553(102KB) AllocSpace objects, 2(40KB) LOS objects, 40% free, 22MB/38MB, paused 281us total 17.951ms
08-05 02:56:57.462 27610 27684 I art     : Starting a blocking GC Explicit
08-05 02:56:57.465   512  2967 D audio_hw_primary: enable_snd_device: snd_device(2: speaker)
08-05 02:56:57.467   512  2967 D audio_hw_primary: enable_audio_route: apply and update mixer path: low-latency-playback speaker
08-05 02:56:57.481 27610 27684 I art     : Explicit concurrent mark sweep GC freed 1396(74KB) AllocSpace objects, 0(0B) LOS objects, 40% free, 22MB/38MB, paused 519us total 18.317ms
08-05 02:56:57.488 27610 27684 I art     : Starting a blocking GC Explicit
08-05 02:56:57.506 27610 27684 I art     : Explicit concurrent mark sweep GC freed 736(43KB) AllocSpace objects, 0(0B) LOS objects, 40% free, 23MB/38MB, paused 393us total 17.086ms
08-05 02:56:57.515 27610 27684 I art     : Starting a blocking GC Explicit
08-05 02:56:57.531 27610 27684 I art     : Explicit concurrent mark sweep GC freed 757(46KB) AllocSpace objects, 2(56KB) LOS objects, 40% free, 22MB/38MB, paused 202us total 15.778ms
08-05 02:56:57.539 27610 27684 I art     : Starting a blocking GC Explicit
08-05 02:56:57.555 27610 27684 I art     : Explicit concurrent mark sweep GC freed 437(25KB) AllocSpace objects, 0(0B) LOS objects, 40% free, 22MB/38MB, paused 358us total 15.562ms
08-05 02:56:57.815 27610 27623 I art     : Starting a blocking GC Explicit
08-05 02:56:57.832 27610 27623 I art     : Explicit concurrent mark sweep GC freed 1406(81KB) AllocSpace objects, 1(20KB) LOS objects, 40% free, 22MB/38MB, paused 229us total 17.171ms
08-05 02:56:57.841 27610 27623 I art     : Starting a blocking GC Explicit
08-05 02:56:57.858 27610 27623 I art     : Explicit concurrent mark sweep GC freed 66(2096B) AllocSpace objects, 0(0B) LOS objects, 40% free, 22MB/38MB, paused 416us total 17.569ms
08-05 02:56:57.866 27610 27623 I art     : Starting a blocking GC Explicit
08-05 02:56:57.883 27610 27623 I art     : Explicit concurrent mark sweep GC freed 96(3KB) AllocSpace objects, 0(0B) LOS objects, 40% free, 22MB/38MB, paused 260us total 16.230ms
08-05 02:56:57.891 13866 13866 I GoogleInputMethodServic: GoogleInputMethodService.onFinishInput():3138 
08-05 02:56:57.891 13866 13866 I GoogleInputMethodServic: GoogleInputMethodService.onStartInput():1808 
08-05 02:56:57.892 27610 27623 I art     : Starting a blocking GC Explicit
08-05 02:56:57.907 27610 27623 I art     : Explicit concurrent mark sweep GC freed 88(5KB) AllocSpace objects, 0(0B) LOS objects, 40% free, 22MB/38MB, paused 196us total 15.325ms
08-05 02:56:57.915 27610 27623 I art     : Starting a blocking GC Explicit
08-05 02:56:57.930 27610 27623 I art     : Explicit concurrent mark sweep GC freed 19(800B) AllocSpace objects, 0(0B) LOS objects, 40% free, 22MB/38MB, paused 190us total 14.712ms
08-05 02:56:58.009   512  2967 D audio_hw_primary: disable_audio_route: reset and update mixer path: low-latency-playback speaker
08-05 02:56:58.011   512  2967 D audio_hw_primary: disable_snd_device: snd_device(2: speaker)
08-05 02:56:58.020   512  2967 I soundtrigger: audio_extn_sound_trigger_update_device_status: device 0x2 of type 0 for Event 0
08-05 02:56:58.204 27610 27622 I art     : Starting a blocking GC Explicit
08-05 02:56:58.222 27610 27622 I art     : Explicit concurrent mark sweep GC freed 1362(80KB) AllocSpace objects, 1(20KB) LOS objects, 40% free, 22MB/38MB, paused 200us total 18.181ms
08-05 02:56:58.231 27610 27622 I art     : Starting a blocking GC Explicit
08-05 02:56:58.249 27610 27622 I art     : Explicit concurrent mark sweep GC freed 25(816B) AllocSpace objects, 0(0B) LOS objects, 40% free, 22MB/38MB, paused 196us total 17.343ms
08-05 02:56:58.258 27610 27622 I art     : Starting a blocking GC Explicit
08-05 02:56:58.275 27610 27622 I art     : Explicit concurrent mark sweep GC freed 3(96B) AllocSpace objects, 0(0B) LOS objects, 40% free, 22MB/38MB, paused 196us total 16.753ms
08-05 02:56:58.283 27610 27622 I art     : Starting a blocking GC Explicit
08-05 02:56:58.300 27610 27622 I art     : Explicit concurrent mark sweep GC freed 5(160B) AllocSpace objects, 0(0B) LOS objects, 40% free, 22MB/38MB, paused 256us total 16.455ms
08-05 02:56:58.308 27610 27622 I art     : Starting a blocking GC Explicit
08-05 02:56:58.325 27610 27622 I art     : Explicit concurrent mark sweep GC freed 3(96B) AllocSpace objects, 0(0B) LOS objects, 40% free, 22MB/38MB, paused 191us total 16.021ms
08-05 02:56:58.594   918  3261 D WifiStateMachine: starting scan for "H369AA63323"WPA_PSK with 2412,5180
08-05 02:56:58.597 27610 27684 I art     : Starting a blocking GC Explicit
08-05 02:56:58.615 27610 27684 I art     : Explicit concurrent mark sweep GC freed 1391(80KB) AllocSpace objects, 1(20KB) LOS objects, 40% free, 22MB/38MB, paused 238us total 17.383ms
08-05 02:56:58.623 27610 27684 I art     : Starting a blocking GC Explicit
08-05 02:56:58.639 27610 27684 I art     : Explicit concurrent mark sweep GC freed 23(752B) AllocSpace objects, 0(0B) LOS objects, 40% free, 22MB/38MB, paused 215us total 15.693ms
08-05 02:56:58.646 27610 27684 I art     : Starting a blocking GC Explicit
08-05 02:56:58.662 27610 27684 I art     : Explicit concurrent mark sweep GC freed 3(96B) AllocSpace objects, 0(0B) LOS objects, 40% free, 22MB/38MB, paused 213us total 15.052ms
08-05 02:56:58.669 27610 27684 I art     : Starting a blocking GC Explicit
08-05 02:56:58.685 27610 27684 I art     : Explicit concurrent mark sweep GC freed 3(96B) AllocSpace objects, 0(0B) LOS objects, 40% free, 22MB/38MB, paused 220us total 16.231ms
08-05 02:56:58.693 27610 27684 I art     : Starting a blocking GC Explicit
08-05 02:56:58.709 27610 27684 I art     : Explicit concurrent mark sweep GC freed 3(96B) AllocSpace objects, 0(0B) LOS objects, 40% free, 22MB/38MB, paused 219us total 15.986ms
08-05 02:56:58.972 27610 27623 I art     : Starting a blocking GC Explicit
08-05 02:56:58.990 27610 27623 I art     : Explicit concurrent mark sweep GC freed 1362(80KB) AllocSpace objects, 1(20KB) LOS objects, 40% free, 22MB/38MB, paused 227us total 17.626ms
08-05 02:56:58.998 27610 27623 I art     : Starting a blocking GC Explicit
08-05 02:56:59.015 27610 27623 I art     : Explicit concurrent mark sweep GC freed 23(752B) AllocSpace objects, 0(0B) LOS objects, 40% free, 22MB/38MB, paused 222us total 16.446ms
08-05 02:56:59.023 27610 27623 I art     : Starting a blocking GC Explicit
08-05 02:56:59.027 28306 28306 D AndroidRuntime: >>>>>> START com.android.internal.os.RuntimeInit uid 2000 <<<<<<
08-05 02:56:59.032 28306 28306 D AndroidRuntime: CheckJNI is OFF
08-05 02:56:59.040 27610 27623 I art     : Explicit concurrent mark sweep GC freed 3(96B) AllocSpace objects, 0(0B) LOS objects, 40% free, 22MB/38MB, paused 230us total 16.641ms
08-05 02:56:59.048 27610 27623 I art     : Starting a blocking GC Explicit
08-05 02:56:59.064 27610 27623 I art     : Explicit concurrent mark sweep GC freed 3(96B) AllocSpace objects, 0(0B) LOS objects, 40% free, 22MB/38MB, paused 244us total 16.210ms
08-05 02:56:59.067 28306 28306 D ICU     : No timezone override file found: /data/misc/zoneinfo/current/icu/icu_tzdata.dat
08-05 02:56:59.072 27610 27623 I art     : Starting a blocking GC Explicit
08-05 02:56:59.090 27610 27623 I art     : Explicit concurrent mark sweep GC freed 3(96B) AllocSpace objects, 0(0B) LOS objects, 40% free, 22MB/38MB, paused 292us total 17.250ms
08-05 02:56:59.101 28306 28306 I Radio-JNI: register_android_hardware_Radio DONE
08-05 02:56:59.122 28306 28306 D AndroidRuntime: Calling main entry com.android.commands.input.Input
08-05 02:56:59.124 28306 28306 I Input   : injectMotionEvent: MotionEvent { action=ACTION_DOWN, actionButton=0, id[0]=0, x[0]=567.0, y[0]=714.0, toolType[0]=TOOL_TYPE_UNKNOWN, buttonState=0, metaState=0, flags=0x0, edgeFlags=0x0, pointerCount=1, historySize=0, eventTime=759435537, downTime=759435537, deviceId=0, source=0x1002 }
08-05 02:56:59.130 28306 28306 I Input   : injectMotionEvent: MotionEvent { action=ACTION_UP, actionButton=0, id[0]=0, x[0]=567.0, y[0]=714.0, toolType[0]=TOOL_TYPE_UNKNOWN, buttonState=0, metaState=0, flags=0x0, edgeFlags=0x0, pointerCount=1, historySize=0, eventTime=759435537, downTime=759435537, deviceId=0, source=0x1002 }
08-05 02:56:59.131 28306 28306 D AndroidRuntime: Shutting down VM
08-05 02:56:59.144   512  2967 D audio_hw_primary: out_set_parameters: enter: usecase(1: low-latency-playback) kvpairs: routing=2
08-05 02:56:59.157   512  2967 D audio_hw_primary: select_devices: out_snd_device(2: speaker) in_snd_device(0: none)
08-05 02:56:59.157   512  2967 D msm8974_platform: platform_send_audio_calibration: sending audio calibration for snd_device(2) acdb_id(15)
08-05 02:56:59.158   512  2967 I soundtrigger: audio_extn_sound_trigger_update_device_status: device 0x2 of type 0 for Event 1
08-05 02:56:59.166 27610 28151 D AntennapodHttpClient: Creating new instance of HTTP client
08-05 02:56:59.167   512  2967 D audio_hw_primary: enable_snd_device: snd_device(2: speaker)
08-05 02:56:59.169   512  2967 D audio_hw_primary: enable_audio_route: apply and update mixer path: low-latency-playback speaker
08-05 02:56:59.177 13866 13866 I GoogleInputMethodServic: GoogleInputMethodService.onFinishInput():3138 
08-05 02:56:59.177 13866 13866 I GoogleInputMethodServic: GoogleInputMethodService.onStartInput():1808 
08-05 02:56:59.318 27610 27684 I art     : Starting a blocking GC Explicit
08-05 02:56:59.336 27610 27684 I art     : Explicit concurrent mark sweep GC freed 8302(520KB) AllocSpace objects, 3(140KB) LOS objects, 40% free, 23MB/39MB, paused 291us total 18.701ms
08-05 02:56:59.344 27610 27684 I art     : Starting a blocking GC Explicit
08-05 02:56:59.361 27610 27684 I art     : Explicit concurrent mark sweep GC freed 3466(236KB) AllocSpace objects, 2(300KB) LOS objects, 40% free, 23MB/39MB, paused 643us total 16.504ms
08-05 02:56:59.369 27610 27684 I art     : Starting a blocking GC Explicit
08-05 02:56:59.386 27610 27684 I art     : Explicit concurrent mark sweep GC freed 2805(121KB) AllocSpace objects, 0(0B) LOS objects, 40% free, 23MB/39MB, paused 319us total 17.237ms
08-05 02:56:59.394 27610 27684 I art     : Starting a blocking GC Explicit
08-05 02:56:59.411 27610 27684 I art     : Explicit concurrent mark sweep GC freed 22(1120B) AllocSpace objects, 0(0B) LOS objects, 40% free, 23MB/39MB, paused 416us total 16.743ms
08-05 02:56:59.418 27610 27684 I art     : Starting a blocking GC Explicit
08-05 02:56:59.435 27610 27684 I art     : Explicit concurrent mark sweep GC freed 27(1168B) AllocSpace objects, 0(0B) LOS objects, 40% free, 23MB/39MB, paused 306us total 16.617ms
08-05 02:56:59.523 27610 28151 I NAPPA_EXPERIMENTATION: MetricNetworkRequestExecutionTime: REQUEST_DURATION_SYSTEM='342',REQUEST_DURATION_OKHTTP='155',REQUEST_SYNCHRONOUS='TRUE',RESPONSE_CODE='400',RESPONSE_METHOD='GET',RESPONSE_LENGTH_OKHTTP='0',RESPONSE_LENGTH_HEADER='0',REQUEST_PROTOCOL='h2',REQUEST_URL='https://itunes.apple.com/en/rss/toppodcasts/limit=25/explicit=true/json',
08-05 02:56:59.668 27610 28151 I NAPPA_EXPERIMENTATION: MetricNetworkRequestExecutionTime: REQUEST_DURATION_SYSTEM='144',REQUEST_DURATION_OKHTTP='142',REQUEST_SYNCHRONOUS='TRUE',RESPONSE_CODE='200',RESPONSE_METHOD='GET',RESPONSE_LENGTH_OKHTTP='-1',RESPONSE_LENGTH_HEADER='10075',REQUEST_PROTOCOL='h2',REQUEST_URL='https://itunes.apple.com/us/rss/toppodcasts/limit=25/explicit=true/json',
08-05 02:56:59.677 27610 27623 I art     : Starting a blocking GC Explicit
08-05 02:56:59.697 27610 27623 I art     : Explicit concurrent mark sweep GC freed 10191(548KB) AllocSpace objects, 5(372KB) LOS objects, 40% free, 23MB/39MB, paused 323us total 19.872ms
08-05 02:56:59.706 27610 27623 I art     : Starting a blocking GC Explicit
08-05 02:56:59.709   512  2967 D audio_hw_primary: disable_audio_route: reset and update mixer path: low-latency-playback speaker
08-05 02:56:59.710   512  2967 D audio_hw_primary: disable_snd_device: snd_device(2: speaker)
08-05 02:56:59.718   512  2967 I soundtrigger: audio_extn_sound_trigger_update_device_status: device 0x2 of type 0 for Event 0
08-05 02:56:59.723 27610 27623 I art     : Explicit concurrent mark sweep GC freed 203(8KB) AllocSpace objects, 0(0B) LOS objects, 40% free, 23MB/39MB, paused 273us total 17.435ms
08-05 02:56:59.731 27610 27623 I art     : Starting a blocking GC Explicit
08-05 02:56:59.752 27610 27610 D AntennapodHttpClient: Creating new instance of HTTP client
08-05 02:56:59.752 27610 27623 I art     : Explicit concurrent mark sweep GC freed 343(34KB) AllocSpace objects, 0(0B) LOS objects, 40% free, 23MB/39MB, paused 891us total 20.829ms
08-05 02:56:59.761 27610 27623 I art     : Starting a blocking GC Explicit
08-05 02:56:59.767 27610 28355 D ApOkHttpUrlLoader: buildLoadData() called with: model = [https://is4-ssl.mzstatic.com/image/thumb/Podcasts114/v4/3f/16/74/3f167426-bf50-ce3a-d709-e4301620fc5b/mza_5832671293059882550.jpeg/170x170bb.png], width = [224], height = [224]
08-05 02:56:59.771 27610 28356 D DBReader: getImageAuthentication() called with: imageUrl = [https://is4-ssl.mzstatic.com/image/thumb/Podcasts114/v4/3f/16/74/3f167426-bf50-ce3a-d709-e4301620fc5b/mza_5832671293059882550.jpeg/170x170bb.png]
08-05 02:56:59.772 27610 28357 D ApOkHttpUrlLoader: buildLoadData() called with: model = [https://is4-ssl.mzstatic.com/image/thumb/Podcasts113/v4/e5/8a/10/e58a108f-f5d0-f622-c94a-13f66edd570c/mza_3025981348644196724.jpg/170x170bb.png], width = [224], height = [224]
08-05 02:56:59.772 27610 28356 D ApOkHttpUrlLoader: no credentials for 'https://is4-ssl.mzstatic.com/image/thumb/Podcasts114/v4/3f/16/74/3f167426-bf50-ce3a-d709-e4301620fc5b/mza_5832671293059882550.jpeg/170x170bb.png'
08-05 02:56:59.773 27610 28358 D DBReader: getImageAuthentication() called with: imageUrl = [https://is4-ssl.mzstatic.com/image/thumb/Podcasts113/v4/e5/8a/10/e58a108f-f5d0-f622-c94a-13f66edd570c/mza_3025981348644196724.jpg/170x170bb.png]
08-05 02:56:59.775 27610 28358 D ApOkHttpUrlLoader: no credentials for 'https://is4-ssl.mzstatic.com/image/thumb/Podcasts113/v4/e5/8a/10/e58a108f-f5d0-f622-c94a-13f66edd570c/mza_3025981348644196724.jpg/170x170bb.png'
08-05 02:56:59.775 27610 28359 D ApOkHttpUrlLoader: buildLoadData() called with: model = [https://is2-ssl.mzstatic.com/image/thumb/Podcasts113/v4/a9/39/cc/a939ccc5-6d60-0c11-0a4c-16d71cdef89b/mza_8787577209688278658.jpg/170x170bb.png], width = [224], height = [224]
08-05 02:56:59.776 27610 28360 D DBReader: getImageAuthentication() called with: imageUrl = [https://is2-ssl.mzstatic.com/image/thumb/Podcasts113/v4/a9/39/cc/a939ccc5-6d60-0c11-0a4c-16d71cdef89b/mza_8787577209688278658.jpg/170x170bb.png]
08-05 02:56:59.778 27610 28360 D ApOkHttpUrlLoader: no credentials for 'https://is2-ssl.mzstatic.com/image/thumb/Podcasts113/v4/a9/39/cc/a939ccc5-6d60-0c11-0a4c-16d71cdef89b/mza_8787577209688278658.jpg/170x170bb.png'
08-05 02:56:59.778 27610 28361 D ApOkHttpUrlLoader: buildLoadData() called with: model = [https://is5-ssl.mzstatic.com/image/thumb/Podcasts114/v4/93/cf/99/93cf9960-fff3-205e-6655-72c03ddeccb2/mza_10545582232493904175.jpeg/170x170bb.png], width = [224], height = [224]
08-05 02:56:59.780 27610 28362 D DBReader: getImageAuthentication() called with: imageUrl = [https://is5-ssl.mzstatic.com/image/thumb/Podcasts114/v4/93/cf/99/93cf9960-fff3-205e-6655-72c03ddeccb2/mza_10545582232493904175.jpeg/170x170bb.png]
08-05 02:56:59.783 27610 28355 D ApOkHttpUrlLoader: buildLoadData() called with: model = [https://is4-ssl.mzstatic.com/image/thumb/Podcasts124/v4/49/a4/91/49a491b7-3daf-c5dc-d7c6-6c4f1486955c/mza_5930014091766152297.png/170x170bb.png], width = [224], height = [224]
08-05 02:56:59.784 27610 27623 I art     : Explicit concurrent mark sweep GC freed 2284(198KB) AllocSpace objects, 0(0B) LOS objects, 39% free, 24MB/40MB, paused 1.475ms total 22.837ms
08-05 02:56:59.784 27610 28362 D ApOkHttpUrlLoader: no credentials for 'https://is5-ssl.mzstatic.com/image/thumb/Podcasts114/v4/93/cf/99/93cf9960-fff3-205e-6655-72c03ddeccb2/mza_10545582232493904175.jpeg/170x170bb.png'
08-05 02:56:59.785 27610 28363 D DBReader: getImageAuthentication() called with: imageUrl = [https://is4-ssl.mzstatic.com/image/thumb/Podcasts124/v4/49/a4/91/49a491b7-3daf-c5dc-d7c6-6c4f1486955c/mza_5930014091766152297.png/170x170bb.png]
08-05 02:56:59.787 27610 28363 D ApOkHttpUrlLoader: no credentials for 'https://is4-ssl.mzstatic.com/image/thumb/Podcasts124/v4/49/a4/91/49a491b7-3daf-c5dc-d7c6-6c4f1486955c/mza_5930014091766152297.png/170x170bb.png'
08-05 02:56:59.787 27610 28357 D ApOkHttpUrlLoader: buildLoadData() called with: model = [https://is5-ssl.mzstatic.com/image/thumb/Podcasts113/v4/fd/54/6e/fd546ea0-7ab2-e3f0-6049-884d82917af9/mza_4855349695799758348.jpeg/170x170bb.png], width = [224], height = [224]
08-05 02:56:59.789 27610 28364 D DBReader: getImageAuthentication() called with: imageUrl = [https://is5-ssl.mzstatic.com/image/thumb/Podcasts113/v4/fd/54/6e/fd546ea0-7ab2-e3f0-6049-884d82917af9/mza_4855349695799758348.jpeg/170x170bb.png]
08-05 02:56:59.790 27610 28359 D ApOkHttpUrlLoader: buildLoadData() called with: model = [https://is2-ssl.mzstatic.com/image/thumb/Podcasts114/v4/b3/4c/cf/b34ccfc2-cea4-1ca1-0fad-7793af301cc5/mza_2466085192629456364.jpg/170x170bb.png], width = [224], height = [224]
08-05 02:56:59.791 27610 28364 D ApOkHttpUrlLoader: no credentials for 'https://is5-ssl.mzstatic.com/image/thumb/Podcasts113/v4/fd/54/6e/fd546ea0-7ab2-e3f0-6049-884d82917af9/mza_4855349695799758348.jpeg/170x170bb.png'
08-05 02:56:59.792 27610 28365 D DBReader: getImageAuthentication() called with: imageUrl = [https://is2-ssl.mzstatic.com/image/thumb/Podcasts114/v4/b3/4c/cf/b34ccfc2-cea4-1ca1-0fad-7793af301cc5/mza_2466085192629456364.jpg/170x170bb.png]
08-05 02:56:59.792 27610 27623 I art     : Starting a blocking GC Explicit
08-05 02:56:59.794 27610 28365 D ApOkHttpUrlLoader: no credentials for 'https://is2-ssl.mzstatic.com/image/thumb/Podcasts114/v4/b3/4c/cf/b34ccfc2-cea4-1ca1-0fad-7793af301cc5/mza_2466085192629456364.jpg/170x170bb.png'
08-05 02:56:59.812 27610 27623 I art     : Explicit concurrent mark sweep GC freed 1452(114KB) AllocSpace objects, 0(0B) LOS objects, 39% free, 24MB/40MB, paused 711us total 19.626ms
08-05 02:57:00.087 27610 27684 I art     : Starting a blocking GC Explicit
08-05 02:57:00.112 27610 27684 I art     : Explicit concurrent mark sweep GC freed 27771(1373KB) AllocSpace objects, 4(220KB) LOS objects, 39% free, 24MB/40MB, paused 765us total 24.979ms
08-05 02:57:00.121 27610 27684 I art     : Starting a blocking GC Explicit
08-05 02:57:00.143 27610 27684 I art     : Explicit concurrent mark sweep GC freed 1511(135KB) AllocSpace objects, 0(0B) LOS objects, 39% free, 24MB/40MB, paused 770us total 22.199ms
08-05 02:57:00.152 27610 27684 I art     : Starting a blocking GC Explicit
08-05 02:57:00.164 27610 28360 D MYTAG   : interceptor 2a
08-05 02:57:00.165 27610 28360 I NAPPA_EXPERIMENTATION: MetricNetworkRequestExecutionTime: REQUEST_DURATION_SYSTEM='386',REQUEST_DURATION_OKHTTP='165',REQUEST_SYNCHRONOUS='TRUE',RESPONSE_CODE='200',RESPONSE_METHOD='GET',RESPONSE_LENGTH_OKHTTP='48239',RESPONSE_LENGTH_HEADER='48239',REQUEST_PROTOCOL='h2',REQUEST_URL='https://is2-ssl.mzstatic.com/image/thumb/Podcasts113/v4/a9/39/cc/a939ccc5-6d60-0c11-0a4c-16d71cdef89b/mza_8787577209688278658.jpg/170x170bb.png',
08-05 02:57:00.175 27610 27684 I art     : Explicit concurrent mark sweep GC freed 699(42KB) AllocSpace objects, 0(0B) LOS objects, 39% free, 24MB/40MB, paused 796us total 23.059ms
08-05 02:57:00.184 27610 27684 I art     : Starting a blocking GC Explicit
08-05 02:57:00.208 27610 27684 I art     : Explicit concurrent mark sweep GC freed 90(8KB) AllocSpace objects, 0(0B) LOS objects, 39% free, 24MB/40MB, paused 936us total 23.775ms
08-05 02:57:00.217 27610 27684 I art     : Starting a blocking GC Explicit
08-05 02:57:00.239 27610 27684 I art     : Explicit concurrent mark sweep GC freed 222(9KB) AllocSpace objects, 0(0B) LOS objects, 39% free, 24MB/40MB, paused 712us total 22.393ms
08-05 02:57:00.272 27610 28358 D MYTAG   : interceptor 2a
08-05 02:57:00.272 27610 28358 I NAPPA_EXPERIMENTATION: MetricNetworkRequestExecutionTime: REQUEST_DURATION_SYSTEM='497',REQUEST_DURATION_OKHTTP='262',REQUEST_SYNCHRONOUS='TRUE',RESPONSE_CODE='200',RESPONSE_METHOD='GET',RESPONSE_LENGTH_OKHTTP='45995',RESPONSE_LENGTH_HEADER='45995',REQUEST_PROTOCOL='h2',REQUEST_URL='https://is4-ssl.mzstatic.com/image/thumb/Podcasts113/v4/e5/8a/10/e58a108f-f5d0-f622-c94a-13f66edd570c/mza_3025981348644196724.jpg/170x170bb.png',
08-05 02:57:00.279 27610 28362 D MYTAG   : interceptor 2a
08-05 02:57:00.280 27610 28362 I NAPPA_EXPERIMENTATION: MetricNetworkRequestExecutionTime: REQUEST_DURATION_SYSTEM='495',REQUEST_DURATION_OKHTTP='267',REQUEST_SYNCHRONOUS='TRUE',RESPONSE_CODE='200',RESPONSE_METHOD='GET',RESPONSE_LENGTH_OKHTTP='22351',RESPONSE_LENGTH_HEADER='22351',REQUEST_PROTOCOL='h2',REQUEST_URL='https://is5-ssl.mzstatic.com/image/thumb/Podcasts114/v4/93/cf/99/93cf9960-fff3-205e-6655-72c03ddeccb2/mza_10545582232493904175.jpeg/170x170bb.png',
08-05 02:57:00.286 27610 28356 D MYTAG   : interceptor 2a
08-05 02:57:00.286 27610 28356 I NAPPA_EXPERIMENTATION: MetricNetworkRequestExecutionTime: REQUEST_DURATION_SYSTEM='513',REQUEST_DURATION_OKHTTP='258',REQUEST_SYNCHRONOUS='TRUE',RESPONSE_CODE='200',RESPONSE_METHOD='GET',RESPONSE_LENGTH_OKHTTP='26177',RESPONSE_LENGTH_HEADER='26177',REQUEST_PROTOCOL='h2',REQUEST_URL='https://is4-ssl.mzstatic.com/image/thumb/Podcasts114/v4/3f/16/74/3f167426-bf50-ce3a-d709-e4301620fc5b/mza_5832671293059882550.jpeg/170x170bb.png',
08-05 02:57:00.305 27610 28363 D MYTAG   : interceptor 2a
08-05 02:57:00.305 27610 28363 I NAPPA_EXPERIMENTATION: MetricNetworkRequestExecutionTime: REQUEST_DURATION_SYSTEM='518',REQUEST_DURATION_OKHTTP='284',REQUEST_SYNCHRONOUS='TRUE',RESPONSE_CODE='200',RESPONSE_METHOD='GET',RESPONSE_LENGTH_OKHTTP='12000',RESPONSE_LENGTH_HEADER='12000',REQUEST_PROTOCOL='h2',REQUEST_URL='https://is4-ssl.mzstatic.com/image/thumb/Podcasts124/v4/49/a4/91/49a491b7-3daf-c5dc-d7c6-6c4f1486955c/mza_5930014091766152297.png/170x170bb.png',
08-05 02:57:00.321 27610 28365 D MYTAG   : interceptor 2a
08-05 02:57:00.321 27610 28365 I NAPPA_EXPERIMENTATION: MetricNetworkRequestExecutionTime: REQUEST_DURATION_SYSTEM='527',REQUEST_DURATION_OKHTTP='293',REQUEST_SYNCHRONOUS='TRUE',RESPONSE_CODE='200',RESPONSE_METHOD='GET',RESPONSE_LENGTH_OKHTTP='42299',RESPONSE_LENGTH_HEADER='42299',REQUEST_PROTOCOL='h2',REQUEST_URL='https://is2-ssl.mzstatic.com/image/thumb/Podcasts114/v4/b3/4c/cf/b34ccfc2-cea4-1ca1-0fad-7793af301cc5/mza_2466085192629456364.jpg/170x170bb.png',
08-05 02:57:00.323 27610 28364 D MYTAG   : interceptor 2a
08-05 02:57:00.323 27610 28364 I NAPPA_EXPERIMENTATION: MetricNetworkRequestExecutionTime: REQUEST_DURATION_SYSTEM='532',REQUEST_DURATION_OKHTTP='287',REQUEST_SYNCHRONOUS='TRUE',RESPONSE_CODE='200',RESPONSE_METHOD='GET',RESPONSE_LENGTH_OKHTTP='54835',RESPONSE_LENGTH_HEADER='54835',REQUEST_PROTOCOL='h2',REQUEST_URL='https://is5-ssl.mzstatic.com/image/thumb/Podcasts113/v4/fd/54/6e/fd546ea0-7ab2-e3f0-6049-884d82917af9/mza_4855349695799758348.jpeg/170x170bb.png',
08-05 02:57:00.509 27610 27684 I art     : Starting a blocking GC Explicit
08-05 02:57:00.536 27610 27684 I art     : Explicit concurrent mark sweep GC freed 4161(252KB) AllocSpace objects, 1(20KB) LOS objects, 38% free, 26MB/42MB, paused 576us total 26.601ms
08-05 02:57:00.549 27610 27684 I art     : Starting a blocking GC Explicit
08-05 02:57:00.572 27610 27684 I art     : Explicit concurrent mark sweep GC freed 47(2480B) AllocSpace objects, 0(0B) LOS objects, 38% free, 26MB/42MB, paused 522us total 22.146ms
08-05 02:57:00.580 27610 27684 I art     : Starting a blocking GC Explicit
08-05 02:57:00.602 27610 27684 I art     : Explicit concurrent mark sweep GC freed 3(96B) AllocSpace objects, 0(0B) LOS objects, 38% free, 26MB/42MB, paused 530us total 21.993ms
08-05 02:57:00.611 27610 27684 I art     : Starting a blocking GC Explicit
08-05 02:57:00.634 27610 27684 I art     : Explicit concurrent mark sweep GC freed 3(96B) AllocSpace objects, 0(0B) LOS objects, 38% free, 26MB/42MB, paused 773us total 22.754ms
08-05 02:57:00.644 27610 27684 I art     : Starting a blocking GC Explicit
08-05 02:57:00.666 27610 27684 I art     : Explicit concurrent mark sweep GC freed 3(96B) AllocSpace objects, 0(0B) LOS objects, 38% free, 26MB/42MB, paused 507us total 22.334ms
08-05 02:57:00.997 27610 27622 I art     : Starting a blocking GC Explicit
08-05 02:57:01.026 27610 27622 I art     : Explicit concurrent mark sweep GC freed 1363(80KB) AllocSpace objects, 1(20KB) LOS objects, 38% free, 26MB/42MB, paused 580us total 28.089ms
08-05 02:57:01.037 27610 27622 I art     : Starting a blocking GC Explicit
08-05 02:57:01.060 27610 27622 I art     : Explicit concurrent mark sweep GC freed 23(752B) AllocSpace objects, 0(0B) LOS objects, 38% free, 26MB/42MB, paused 543us total 22.644ms
08-05 02:57:01.069 27610 27622 I art     : Starting a blocking GC Explicit
08-05 02:57:01.092 27610 27622 I art     : Explicit concurrent mark sweep GC freed 3(96B) AllocSpace objects, 0(0B) LOS objects, 38% free, 26MB/42MB, paused 589us total 23.102ms
08-05 02:57:01.101 27610 27622 I art     : Starting a blocking GC Explicit
08-05 02:57:01.124 27610 27622 I art     : Explicit concurrent mark sweep GC freed 3(96B) AllocSpace objects, 0(0B) LOS objects, 38% free, 26MB/42MB, paused 540us total 22.687ms
08-05 02:57:01.133 27610 27622 I art     : Starting a blocking GC Explicit
08-05 02:57:01.155 27610 27622 I art     : Explicit concurrent mark sweep GC freed 3(96B) AllocSpace objects, 0(0B) LOS objects, 38% free, 26MB/42MB, paused 524us total 22.064ms
08-05 02:57:01.498 27610 27622 I art     : Starting a blocking GC Explicit
08-05 02:57:01.519 27610 27622 I art     : Explicit concurrent mark sweep GC freed 1415(81KB) AllocSpace objects, 1(20KB) LOS objects, 38% free, 26MB/42MB, paused 545us total 21.367ms
08-05 02:57:01.528 27610 27622 I art     : Starting a blocking GC Explicit
08-05 02:57:01.550 27610 27622 I art     : Explicit concurrent mark sweep GC freed 27(880B) AllocSpace objects, 0(0B) LOS objects, 38% free, 26MB/42MB, paused 485us total 21.276ms
08-05 02:57:01.559 27610 27622 I art     : Starting a blocking GC Explicit
08-05 02:57:01.580 27610 27622 I art     : Explicit concurrent mark sweep GC freed 6(192B) AllocSpace objects, 0(0B) LOS objects, 38% free, 26MB/42MB, paused 515us total 21.581ms
08-05 02:57:01.589 27610 27622 I art     : Starting a blocking GC Explicit
08-05 02:57:01.610 27610 27622 I art     : Explicit concurrent mark sweep GC freed 3(96B) AllocSpace objects, 0(0B) LOS objects, 38% free, 26MB/42MB, paused 484us total 20.730ms
08-05 02:57:01.618 27610 27622 I art     : Starting a blocking GC Explicit
08-05 02:57:01.639 27610 27622 I art     : Explicit concurrent mark sweep GC freed 3(96B) AllocSpace objects, 0(0B) LOS objects, 38% free, 26MB/42MB, paused 683us total 20.828ms
08-05 02:57:01.966 27610 27684 I art     : Starting a blocking GC Explicit
08-05 02:57:01.997 27610 27684 I art     : Explicit concurrent mark sweep GC freed 1363(80KB) AllocSpace objects, 1(20KB) LOS objects, 38% free, 26MB/42MB, paused 572us total 30.491ms
08-05 02:57:02.008 27610 27684 I art     : Starting a blocking GC Explicit
08-05 02:57:02.031 27610 27684 I art     : Explicit concurrent mark sweep GC freed 23(752B) AllocSpace objects, 0(0B) LOS objects, 38% free, 26MB/42MB, paused 522us total 22.611ms
08-05 02:57:02.040 27610 27684 I art     : Starting a blocking GC Explicit
08-05 02:57:02.063 27610 27684 I art     : Explicit concurrent mark sweep GC freed 3(96B) AllocSpace objects, 0(0B) LOS objects, 38% free, 26MB/42MB, paused 537us total 22.788ms
08-05 02:57:02.072 27610 27684 I art     : Starting a blocking GC Explicit
08-05 02:57:02.095 27610 27684 I art     : Explicit concurrent mark sweep GC freed 3(96B) AllocSpace objects, 0(0B) LOS objects, 38% free, 26MB/42MB, paused 607us total 22.968ms
08-05 02:57:02.104 27610 27684 I art     : Starting a blocking GC Explicit
08-05 02:57:02.126 27610 27684 I art     : Explicit concurrent mark sweep GC freed 3(96B) AllocSpace objects, 0(0B) LOS objects, 38% free, 26MB/42MB, paused 527us total 22.302ms
08-05 02:57:02.450 27610 27623 I art     : Starting a blocking GC Explicit
08-05 02:57:02.483 27610 27623 I art     : Explicit concurrent mark sweep GC freed 1392(80KB) AllocSpace objects, 1(20KB) LOS objects, 38% free, 26MB/42MB, paused 618us total 32.876ms
08-05 02:57:02.498 27610 27623 I art     : Starting a blocking GC Explicit
08-05 02:57:02.525 27610 27623 I art     : Explicit concurrent mark sweep GC freed 23(752B) AllocSpace objects, 0(0B) LOS objects, 38% free, 26MB/42MB, paused 509us total 26.767ms
08-05 02:57:02.534 27610 27623 I art     : Starting a blocking GC Explicit
08-05 02:57:02.558 27610 27623 I art     : Explicit concurrent mark sweep GC freed 3(96B) AllocSpace objects, 0(0B) LOS objects, 38% free, 26MB/42MB, paused 581us total 23.173ms
08-05 02:57:02.567 27610 27623 I art     : Starting a blocking GC Explicit
08-05 02:57:02.588 27610 27623 I art     : Explicit concurrent mark sweep GC freed 3(96B) AllocSpace objects, 0(0B) LOS objects, 38% free, 26MB/42MB, paused 500us total 21.244ms
08-05 02:57:02.597 27610 27623 I art     : Starting a blocking GC Explicit
08-05 02:57:02.619 27610 27623 I art     : Explicit concurrent mark sweep GC freed 3(96B) AllocSpace objects, 0(0B) LOS objects, 38% free, 26MB/42MB, paused 526us total 22.244ms
08-05 02:57:02.931 27610 27622 I art     : Starting a blocking GC Explicit
08-05 02:57:02.964 27610 27622 I art     : Explicit concurrent mark sweep GC freed 1363(80KB) AllocSpace objects, 1(20KB) LOS objects, 38% free, 26MB/42MB, paused 626us total 32.331ms
08-05 02:57:02.979 27610 27622 I art     : Starting a blocking GC Explicit
08-05 02:57:03.004 27610 27622 I art     : Explicit concurrent mark sweep GC freed 23(752B) AllocSpace objects, 0(0B) LOS objects, 38% free, 26MB/42MB, paused 545us total 24.774ms
08-05 02:57:03.013 27610 27622 I art     : Starting a blocking GC Explicit
08-05 02:57:03.035 27610 27622 I art     : Explicit concurrent mark sweep GC freed 3(96B) AllocSpace objects, 0(0B) LOS objects, 38% free, 26MB/42MB, paused 535us total 22.427ms
08-05 02:57:03.044 27610 27622 I art     : Starting a blocking GC Explicit
08-05 02:57:03.067 27610 27622 I art     : Explicit concurrent mark sweep GC freed 3(96B) AllocSpace objects, 0(0B) LOS objects, 38% free, 26MB/42MB, paused 535us total 22.289ms
08-05 02:57:03.075 27610 27622 I art     : Starting a blocking GC Explicit
08-05 02:57:03.097 27610 27622 I art     : Explicit concurrent mark sweep GC freed 3(96B) AllocSpace objects, 0(0B) LOS objects, 38% free, 26MB/42MB, paused 579us total 21.983ms
08-05 02:57:03.412 27610 27684 I art     : Starting a blocking GC Explicit
08-05 02:57:03.442 27610 27684 I art     : Explicit concurrent mark sweep GC freed 1392(80KB) AllocSpace objects, 1(20KB) LOS objects, 38% free, 26MB/42MB, paused 678us total 29.487ms
08-05 02:57:03.454 27610 27684 I art     : Starting a blocking GC Explicit
08-05 02:57:03.477 27610 27684 I art     : Explicit concurrent mark sweep GC freed 23(752B) AllocSpace objects, 0(0B) LOS objects, 38% free, 26MB/42MB, paused 528us total 22.589ms
08-05 02:57:03.485 27610 27684 I art     : Starting a blocking GC Explicit
08-05 02:57:03.508 27610 27684 I art     : Explicit concurrent mark sweep GC freed 3(96B) AllocSpace objects, 0(0B) LOS objects, 38% free, 26MB/42MB, paused 562us total 22.072ms
08-05 02:57:03.517 27610 27684 I art     : Starting a blocking GC Explicit
08-05 02:57:03.540 27610 27684 I art     : Explicit concurrent mark sweep GC freed 3(96B) AllocSpace objects, 0(0B) LOS objects, 38% free, 26MB/42MB, paused 536us total 22.751ms
08-05 02:57:03.549 27610 27684 I art     : Starting a blocking GC Explicit
08-05 02:57:03.571 27610 27684 I art     : Explicit concurrent mark sweep GC freed 3(96B) AllocSpace objects, 0(0B) LOS objects, 38% free, 26MB/42MB, paused 542us total 22.495ms
08-05 02:57:03.890 27610 27623 I art     : Starting a blocking GC Explicit
08-05 02:57:03.919 27610 27623 I art     : Explicit concurrent mark sweep GC freed 1363(80KB) AllocSpace objects, 1(20KB) LOS objects, 38% free, 26MB/42MB, paused 601us total 28.184ms
08-05 02:57:03.929 27610 27623 I art     : Starting a blocking GC Explicit
08-05 02:57:03.952 27610 27623 I art     : Explicit concurrent mark sweep GC freed 23(752B) AllocSpace objects, 0(0B) LOS objects, 38% free, 26MB/42MB, paused 533us total 22.775ms
08-05 02:57:03.961 27610 27623 I art     : Starting a blocking GC Explicit
08-05 02:57:03.984 27610 27623 I art     : Explicit concurrent mark sweep GC freed 3(96B) AllocSpace objects, 0(0B) LOS objects, 38% free, 26MB/42MB, paused 598us total 22.935ms
08-05 02:57:03.994 27610 27623 I art     : Starting a blocking GC Explicit
08-05 02:57:04.016 27610 27623 I art     : Explicit concurrent mark sweep GC freed 3(96B) AllocSpace objects, 0(0B) LOS objects, 38% free, 26MB/42MB, paused 539us total 22.402ms
08-05 02:57:04.025 27610 27623 I art     : Starting a blocking GC Explicit
08-05 02:57:04.048 27610 27623 I art     : Explicit concurrent mark sweep GC freed 3(96B) AllocSpace objects, 0(0B) LOS objects, 38% free, 26MB/42MB, paused 551us total 22.471ms
08-05 02:57:04.056   518   646 I ThermalEngine: ACTION: GPU - Setting GPU[0] to 600000000
08-05 02:57:04.365 27610 27622 I art     : Starting a blocking GC Explicit
08-05 02:57:04.390 27610 27622 I art     : Explicit concurrent mark sweep GC freed 1392(80KB) AllocSpace objects, 1(20KB) LOS objects, 38% free, 26MB/42MB, paused 444us total 24.798ms
08-05 02:57:04.400 27610 27622 I art     : Starting a blocking GC Explicit
08-05 02:57:04.419 27610 27622 I art     : Explicit concurrent mark sweep GC freed 23(752B) AllocSpace objects, 0(0B) LOS objects, 38% free, 26MB/42MB, paused 390us total 18.137ms
08-05 02:57:04.419 27610 27621 I art     : WaitForGcToComplete blocked for 7.821ms for cause HeapTrim
08-05 02:57:04.426 27610 27622 I art     : Starting a blocking GC Explicit
08-05 02:57:04.445 27610 27622 I art     : Explicit concurrent mark sweep GC freed 3(96B) AllocSpace objects, 0(0B) LOS objects, 38% free, 26MB/42MB, paused 385us total 18.783ms
08-05 02:57:04.451 27610 27622 I art     : Starting a blocking GC Explicit
08-05 02:57:04.469 27610 27622 I art     : Explicit concurrent mark sweep GC freed 3(96B) AllocSpace objects, 0(0B) LOS objects, 38% free, 26MB/42MB, paused 397us total 17.461ms
08-05 02:57:04.476 27610 27622 I art     : Starting a blocking GC Explicit
08-05 02:57:04.493 27610 27622 I art     : Explicit concurrent mark sweep GC freed 3(96B) AllocSpace objects, 0(0B) LOS objects, 38% free, 26MB/42MB, paused 401us total 17.589ms
08-05 02:57:04.810 27610 27684 I art     : Starting a blocking GC Explicit
08-05 02:57:04.836 27610 27684 I art     : Explicit concurrent mark sweep GC freed 1363(80KB) AllocSpace objects, 1(20KB) LOS objects, 38% free, 26MB/42MB, paused 465us total 25.340ms
08-05 02:57:04.847 27610 27684 I art     : Starting a blocking GC Explicit
08-05 02:57:04.865 27610 27684 I art     : Explicit concurrent mark sweep GC freed 23(752B) AllocSpace objects, 0(0B) LOS objects, 38% free, 26MB/42MB, paused 392us total 17.995ms
08-05 02:57:04.872 27610 27684 I art     : Starting a blocking GC Explicit
08-05 02:57:04.890 27610 27684 I art     : Explicit concurrent mark sweep GC freed 3(96B) AllocSpace objects, 0(0B) LOS objects, 38% free, 26MB/42MB, paused 392us total 17.968ms
08-05 02:57:04.897 27610 27684 I art     : Starting a blocking GC Explicit
08-05 02:57:04.914 27610 27684 I art     : Explicit concurrent mark sweep GC freed 3(96B) AllocSpace objects, 0(0B) LOS objects, 38% free, 26MB/42MB, paused 384us total 16.850ms
08-05 02:57:04.921 27610 27684 I art     : Starting a blocking GC Explicit
08-05 02:57:04.938 27610 27684 I art     : Explicit concurrent mark sweep GC freed 3(96B) AllocSpace objects, 0(0B) LOS objects, 38% free, 26MB/42MB, paused 382us total 17.429ms
08-05 02:57:05.248 27610 27623 I art     : Starting a blocking GC Explicit
08-05 02:57:05.279 27610 27623 I art     : Explicit concurrent mark sweep GC freed 1363(80KB) AllocSpace objects, 1(20KB) LOS objects, 38% free, 26MB/42MB, paused 453us total 30.923ms
08-05 02:57:05.290 27610 27623 I art     : Starting a blocking GC Explicit
08-05 02:57:05.311 27610 27623 I art     : Explicit concurrent mark sweep GC freed 23(752B) AllocSpace objects, 0(0B) LOS objects, 38% free, 26MB/42MB, paused 375us total 20.798ms
08-05 02:57:05.318 27610 27623 I art     : Starting a blocking GC Explicit
08-05 02:57:05.336 27610 27623 I art     : Explicit concurrent mark sweep GC freed 3(96B) AllocSpace objects, 0(0B) LOS objects, 38% free, 26MB/42MB, paused 416us total 18.127ms
08-05 02:57:05.343 27610 27623 I art     : Starting a blocking GC Explicit
08-05 02:57:05.361 27610 27623 I art     : Explicit concurrent mark sweep GC freed 3(96B) AllocSpace objects, 0(0B) LOS objects, 38% free, 26MB/42MB, paused 370us total 17.433ms
08-05 02:57:05.368 27610 27623 I art     : Starting a blocking GC Explicit
08-05 02:57:05.385 27610 27623 I art     : Explicit concurrent mark sweep GC freed 32(880B) AllocSpace objects, 0(0B) LOS objects, 38% free, 26MB/42MB, paused 366us total 16.800ms
08-05 02:57:05.672 27610 27622 I art     : Starting a blocking GC Explicit
08-05 02:57:05.691 27610 27622 I art     : Explicit concurrent mark sweep GC freed 1363(80KB) AllocSpace objects, 1(20KB) LOS objects, 38% free, 26MB/42MB, paused 425us total 18.175ms
08-05 02:57:05.698 27610 27622 I art     : Starting a blocking GC Explicit
08-05 02:57:05.701 28500 28500 D AndroidRuntime: >>>>>> START com.android.internal.os.RuntimeInit uid 2000 <<<<<<
08-05 02:57:05.706 28500 28500 D AndroidRuntime: CheckJNI is OFF
08-05 02:57:05.716 27610 27622 I art     : Explicit concurrent mark sweep GC freed 23(752B) AllocSpace objects, 0(0B) LOS objects, 38% free, 26MB/42MB, paused 409us total 17.564ms
08-05 02:57:05.723 27610 27622 I art     : Starting a blocking GC Explicit
08-05 02:57:05.733 28500 28500 D ICU     : No timezone override file found: /data/misc/zoneinfo/current/icu/icu_tzdata.dat
08-05 02:57:05.739 27610 27622 I art     : Explicit concurrent mark sweep GC freed 3(96B) AllocSpace objects, 0(0B) LOS objects, 38% free, 26MB/42MB, paused 379us total 15.499ms
08-05 02:57:05.745 27610 27622 I art     : Starting a blocking GC Explicit
08-05 02:57:05.758 28500 28500 I Radio-JNI: register_android_hardware_Radio DONE
08-05 02:57:05.761 27610 27622 I art     : Explicit concurrent mark sweep GC freed 3(96B) AllocSpace objects, 0(0B) LOS objects, 38% free, 26MB/42MB, paused 388us total 15.716ms
08-05 02:57:05.767 27610 27622 I art     : Starting a blocking GC Explicit
08-05 02:57:05.774 28500 28500 D AndroidRuntime: Calling main entry com.android.commands.input.Input
08-05 02:57:05.775 28500 28500 I Input   : injectMotionEvent: MotionEvent { action=ACTION_DOWN, actionButton=0, id[0]=0, x[0]=616.0, y[0]=469.0, toolType[0]=TOOL_TYPE_UNKNOWN, buttonState=0, metaState=0, flags=0x0, edgeFlags=0x0, pointerCount=1, historySize=0, eventTime=759442188, downTime=759442188, deviceId=0, source=0x1002 }
08-05 02:57:05.781 28500 28500 I Input   : injectMotionEvent: MotionEvent { action=ACTION_UP, actionButton=0, id[0]=0, x[0]=616.0, y[0]=469.0, toolType[0]=TOOL_TYPE_UNKNOWN, buttonState=0, metaState=0, flags=0x0, edgeFlags=0x0, pointerCount=1, historySize=0, eventTime=759442188, downTime=759442188, deviceId=0, source=0x1002 }
08-05 02:57:05.783 27610 27622 I art     : Explicit concurrent mark sweep GC freed 6(192B) AllocSpace objects, 0(0B) LOS objects, 38% free, 26MB/42MB, paused 555us total 15.959ms
08-05 02:57:05.783 28500 28500 D AndroidRuntime: Shutting down VM
08-05 02:57:05.849   512  2967 D audio_hw_primary: out_set_parameters: enter: usecase(1: low-latency-playback) kvpairs: routing=2
08-05 02:57:05.862   512  2967 D audio_hw_primary: select_devices: out_snd_device(2: speaker) in_snd_device(0: none)
08-05 02:57:05.862   512  2967 D msm8974_platform: platform_send_audio_calibration: sending audio calibration for snd_device(2) acdb_id(15)
08-05 02:57:05.862   512  2967 I soundtrigger: audio_extn_sound_trigger_update_device_status: device 0x2 of type 0 for Event 1
08-05 02:57:05.873   512  2967 D audio_hw_primary: enable_snd_device: snd_device(2: speaker)
08-05 02:57:05.875   512  2967 D audio_hw_primary: enable_audio_route: apply and update mixer path: low-latency-playback speaker
08-05 02:57:06.015 27610 27623 I art     : Starting a blocking GC Explicit
08-05 02:57:06.016 27610 27630 I NAPPA_EXPERIMENTATION: MetricNetworkRequestExecutionTime: REQUEST_DURATION_SYSTEM='167',REQUEST_DURATION_OKHTTP='167',REQUEST_SYNCHRONOUS='TRUE',RESPONSE_CODE='200',RESPONSE_METHOD='GET',RESPONSE_LENGTH_OKHTTP='-1',RESPONSE_LENGTH_HEADER='628',REQUEST_PROTOCOL='h2',REQUEST_URL='https://itunes.apple.com/lookup?id=1524080195',
08-05 02:57:06.033   918  6112 I ActivityManager: START u0 {cmp=baseline.de.danoeh.antennapod.debug/baseline.de.danoeh.antennapod.activity.OnlineFeedViewActivity (has extras)} from uid 10691 on display 0
08-05 02:57:06.040 27610 27623 I art     : Explicit concurrent mark sweep GC freed 2119(134KB) AllocSpace objects, 1(20KB) LOS objects, 37% free, 26MB/42MB, paused 429us total 24.972ms
08-05 02:57:06.047 27610 27623 I art     : Starting a blocking GC Explicit
08-05 02:57:06.053 13866 13866 I GoogleInputMethodServic: GoogleInputMethodService.onFinishInput():3138 
08-05 02:57:06.054 13866 13866 I GoogleInputMethodServic: GoogleInputMethodService.onStartInput():1808 
08-05 02:57:06.064 27610 27623 I art     : Explicit concurrent mark sweep GC freed 380(16KB) AllocSpace objects, 0(0B) LOS objects, 37% free, 26MB/42MB, paused 602us total 17.186ms
08-05 02:57:06.073 27610 27623 I art     : Starting a blocking GC Explicit
08-05 02:57:06.076 27610 27610 D UserPreferences: Using default data folder
08-05 02:57:06.077 27610 27610 D OnlineFeedViewActivity: Activity was started with url https://rss.art19.com/nice-white-parents
08-05 02:57:06.079 27610 27610 D OnlineFeedViewActivity: Starting feed download
08-05 02:57:06.082 27610 28150 D DBReader: Extracting Feedlist
08-05 02:57:06.085   918  4413 D WifiService: acquireWifiLockLocked: WifiLock{Downloader type=1 binder=android.os.BinderProxy@df450c3}
08-05 02:57:06.085 27610 28150 D AntennapodHttpClient: Creating new instance of HTTP client
08-05 02:57:06.090 27610 27623 I art     : Explicit concurrent mark sweep GC freed 1408(92KB) AllocSpace objects, 0(0B) LOS objects, 37% free, 26MB/42MB, paused 488us total 16.959ms
08-05 02:57:06.096 27610 27623 I art     : Starting a blocking GC Explicit
08-05 02:57:06.113 27610 27623 I art     : Explicit concurrent mark sweep GC freed 375(21KB) AllocSpace objects, 0(0B) LOS objects, 37% free, 26MB/42MB, paused 565us total 16.168ms
08-05 02:57:06.120 27610 27623 I art     : Starting a blocking GC Explicit
08-05 02:57:06.136 27610 27623 I art     : Explicit concurrent mark sweep GC freed 51(2736B) AllocSpace objects, 0(0B) LOS objects, 37% free, 26MB/42MB, paused 410us total 15.990ms
08-05 02:57:06.140 13866 13866 I GoogleInputMethodServic: GoogleInputMethodService.onFinishInput():3138 
08-05 02:57:06.140 13866 13866 I GoogleInputMethodServic: GoogleInputMethodService.onStartInput():1808 
08-05 02:57:06.162   918   936 I ActivityManager: Displayed baseline.de.danoeh.antennapod.debug/baseline.de.danoeh.antennapod.activity.OnlineFeedViewActivity: +108ms
08-05 02:57:06.369 27610 28150 D MYTAG   : interceptor 3a https://rss.art19.com/nice-white-parents
08-05 02:57:06.370 27610 28150 I NAPPA_EXPERIMENTATION: MetricNetworkRequestExecutionTime: REQUEST_DURATION_SYSTEM='283',REQUEST_DURATION_OKHTTP='146',REQUEST_SYNCHRONOUS='TRUE',RESPONSE_CODE='200',RESPONSE_METHOD='GET',RESPONSE_LENGTH_OKHTTP='-1',RESPONSE_LENGTH_HEADER='1803',REQUEST_PROTOCOL='h2',REQUEST_URL='https://rss.art19.com/nice-white-parents',
08-05 02:57:06.370 27610 28150 D HttpDownloader: Response code is 200
08-05 02:57:06.370 27610 28150 D UserPreferences: Using default data folder
08-05 02:57:06.373 27610 28150 D HttpDownloader: Getting size of download
08-05 02:57:06.373 27610 28150 D HttpDownloader: Size is -1
08-05 02:57:06.373 27610 28150 D UserPreferences: Using default data folder
08-05 02:57:06.374 27610 28150 D HttpDownloader: Free space is 20304834560
08-05 02:57:06.374 27610 28150 D HttpDownloader: Starting download
08-05 02:57:06.379 27610 28150 D HttpDownloader: Download was successful
08-05 02:57:06.382   918  4413 D WifiService: releaseWifiLockLocked: WifiLock{Downloader type=1 binder=android.os.BinderProxy@df450c3}
08-05 02:57:06.383 27610 27610 D OnlineFeedViewActivity: Parsing feed
08-05 02:57:06.395 27610 28547 D TypeGetter: Recognized type RSS 2.0
08-05 02:57:06.403 27610 28547 D SyndHandler: Recognized ITunes namespace
08-05 02:57:06.404 27610 28547 D SyndHandler: Recognized Atom namespace
08-05 02:57:06.404 27610 28547 D SyndHandler: Recognized Content namespace
08-05 02:57:06.413 27610 28547 D OnlineFeedViewActivity: Deleted feed source file. Result: true
08-05 02:57:06.414 27610 27610 D OnlineFeedViewActivity: Removing HTML from shownotes
08-05 02:57:06.414   380   380 W SurfaceFlinger: couldn't log to binary event log: overflow.
08-05 02:57:06.419   512  2967 D audio_hw_primary: disable_audio_route: reset and update mixer path: low-latency-playback speaker
08-05 02:57:06.421   512  2967 D audio_hw_primary: disable_snd_device: snd_device(2: speaker)
08-05 02:57:06.421 27610 27684 I art     : Starting a blocking GC Explicit
08-05 02:57:06.431   512  2967 I soundtrigger: audio_extn_sound_trigger_update_device_status: device 0x2 of type 0 for Event 0
08-05 02:57:06.449 27610 27684 I art     : Explicit concurrent mark sweep GC freed 9361(633KB) AllocSpace objects, 7(280KB) LOS objects, 37% free, 26MB/42MB, paused 609us total 28.399ms
08-05 02:57:06.456 27610 27684 I art     : Starting a blocking GC Explicit
08-05 02:57:06.473 27610 27610 W art     : Before Android 4.1, method int androidx.appcompat.widget.DropDownListView.lookForSelectablePosition(int, boolean) would have incorrectly overridden the package-private method in android.widget.ListView
08-05 02:57:06.476 27610 27684 I art     : Explicit concurrent mark sweep GC freed 3532(243KB) AllocSpace objects, 0(0B) LOS objects, 37% free, 27MB/43MB, paused 816us total 19.596ms
08-05 02:57:06.479 27610 27610 I ListPopupWindow: Could not find method setEpicenterBounds(Rect) on PopupWindow. Oh well.
08-05 02:57:06.483 27610 27684 I art     : Starting a blocking GC Explicit
08-05 02:57:06.488 27610 28548 D ApOkHttpUrlLoader: buildLoadData() called with: model = [https://content.production.cdn.art19.com/images/89/e0/88/44/89e08844-ac28-4fc0-96fa-15a41fec2014/262c12ed699a8d9720dea0bd66449d998e4a08cf18095bed170ccaa76722045fa5dbf7a366918b2db7e3acf29ad22f6b99fd659a9409cb807bf2781d968932f8.jpeg], width = [350], height = [350]
08-05 02:57:06.492 27610 28364 D DBReader: getImageAuthentication() called with: imageUrl = [https://content.production.cdn.art19.com/images/89/e0/88/44/89e08844-ac28-4fc0-96fa-15a41fec2014/262c12ed699a8d9720dea0bd66449d998e4a08cf18095bed170ccaa76722045fa5dbf7a366918b2db7e3acf29ad22f6b99fd659a9409cb807bf2781d968932f8.jpeg]
08-05 02:57:06.494 27610 28364 D ApOkHttpUrlLoader: no credentials for 'https://content.production.cdn.art19.com/images/89/e0/88/44/89e08844-ac28-4fc0-96fa-15a41fec2014/262c12ed699a8d9720dea0bd66449d998e4a08cf18095bed170ccaa76722045fa5dbf7a366918b2db7e3acf29ad22f6b99fd659a9409cb807bf2781d968932f8.jpeg'
08-05 02:57:06.504 27610 27684 I art     : Explicit concurrent mark sweep GC freed 5269(355KB) AllocSpace objects, 3(152KB) LOS objects, 36% free, 27MB/43MB, paused 868us total 20.446ms
08-05 02:57:06.511 27610 27684 I art     : Starting a blocking GC Explicit
08-05 02:57:06.529 27610 27684 I art     : Explicit concurrent mark sweep GC freed 8008(403KB) AllocSpace objects, 0(0B) LOS objects, 37% free, 27MB/43MB, paused 459us total 18.206ms
08-05 02:57:06.535 27610 27684 I art     : Starting a blocking GC Explicit
08-05 02:57:06.549 27610 27610 D PlaybackController: Releasing PlaybackController
08-05 02:57:06.554 27610 27684 I art     : Explicit concurrent mark sweep GC freed 182(12KB) AllocSpace objects, 0(0B) LOS objects, 37% free, 27MB/43MB, paused 792us total 18.850ms
08-05 02:57:06.775 27610 28364 D MYTAG   : interceptor 2a
08-05 02:57:06.775 27610 28364 I NAPPA_EXPERIMENTATION: MetricNetworkRequestExecutionTime: REQUEST_DURATION_SYSTEM='281',REQUEST_DURATION_OKHTTP='159',REQUEST_SYNCHRONOUS='TRUE',RESPONSE_CODE='200',RESPONSE_METHOD='GET',RESPONSE_LENGTH_OKHTTP='2466122',RESPONSE_LENGTH_HEADER='2466122',REQUEST_PROTOCOL='h2',REQUEST_URL='https://content.production.cdn.art19.com/images/89/e0/88/44/89e08844-ac28-4fc0-96fa-15a41fec2014/262c12ed699a8d9720dea0bd66449d998e4a08cf18095bed170ccaa76722045fa5dbf7a366918b2db7e3acf29ad22f6b99fd659a9409cb807bf2781d968932f8.jpeg',
08-05 02:57:06.806 27610 27623 I art     : Starting a blocking GC Explicit
08-05 02:57:06.827 27610 27623 I art     : Explicit concurrent mark sweep GC freed 5590(267KB) AllocSpace objects, 2(132KB) LOS objects, 37% free, 27MB/43MB, paused 526us total 21.330ms
08-05 02:57:06.834 27610 27623 I art     : Starting a blocking GC Explicit
08-05 02:57:06.852 27610 27623 I art     : Explicit concurrent mark sweep GC freed 114(3KB) AllocSpace objects, 0(0B) LOS objects, 37% free, 27MB/43MB, paused 449us total 18.249ms
08-05 02:57:06.859 27610 27623 I art     : Starting a blocking GC Explicit
08-05 02:57:06.877 27610 27623 I art     : Explicit concurrent mark sweep GC freed 30(960B) AllocSpace objects, 0(0B) LOS objects, 37% free, 27MB/43MB, paused 491us total 18.093ms
08-05 02:57:06.884 27610 27623 I art     : Starting a blocking GC Explicit
08-05 02:57:06.902 27610 27623 I art     : Explicit concurrent mark sweep GC freed 32(1024B) AllocSpace objects, 0(0B) LOS objects, 37% free, 27MB/43MB, paused 513us total 18.267ms
08-05 02:57:06.909 27610 27623 I art     : Starting a blocking GC Explicit
08-05 02:57:06.927 27610 27623 I art     : Explicit concurrent mark sweep GC freed 37(1184B) AllocSpace objects, 0(0B) LOS objects, 37% free, 27MB/43MB, paused 467us total 18ms
08-05 02:57:07.156 27610 27684 I art     : Starting a blocking GC Explicit
08-05 02:57:07.180 27610 27684 I art     : Explicit concurrent mark sweep GC freed 2768(143KB) AllocSpace objects, 1(20KB) LOS objects, 36% free, 27MB/43MB, paused 1.136ms total 23.276ms
08-05 02:57:07.188 27610 27684 I art     : Starting a blocking GC Explicit
08-05 02:57:07.206 27610 27684 I art     : Explicit concurrent mark sweep GC freed 153(15KB) AllocSpace objects, 0(0B) LOS objects, 36% free, 27MB/43MB, paused 412us total 18.178ms
08-05 02:57:07.212 27610 27684 I art     : Starting a blocking GC Explicit
08-05 02:57:07.230 27610 27684 I art     : Explicit concurrent mark sweep GC freed 9(288B) AllocSpace objects, 0(0B) LOS objects, 36% free, 27MB/43MB, paused 460us total 17.553ms
08-05 02:57:07.237 27610 27684 I art     : Starting a blocking GC Explicit
08-05 02:57:07.255 27610 27684 I art     : Explicit concurrent mark sweep GC freed 3(96B) AllocSpace objects, 0(0B) LOS objects, 36% free, 27MB/43MB, paused 442us total 18.373ms
08-05 02:57:07.262 27610 27684 I art     : Starting a blocking GC Explicit
08-05 02:57:07.281 27610 27684 I art     : Explicit concurrent mark sweep GC freed 3(96B) AllocSpace objects, 0(0B) LOS objects, 36% free, 27MB/43MB, paused 464us total 18.815ms
08-05 02:57:07.562 27610 28549 I art     : Starting a blocking GC Explicit
08-05 02:57:07.591 27610 28549 I art     : Explicit concurrent mark sweep GC freed 1398(80KB) AllocSpace objects, 1(20KB) LOS objects, 36% free, 27MB/43MB, paused 535us total 28.794ms
08-05 02:57:07.602 27610 28549 I art     : Starting a blocking GC Explicit
08-05 02:57:07.627 27610 28549 I art     : Explicit concurrent mark sweep GC freed 23(752B) AllocSpace objects, 0(0B) LOS objects, 36% free, 27MB/43MB, paused 580us total 24.482ms
08-05 02:57:07.634 27610 28549 I art     : Starting a blocking GC Explicit
08-05 02:57:07.655 27610 28549 I art     : Explicit concurrent mark sweep GC freed 3(96B) AllocSpace objects, 0(0B) LOS objects, 36% free, 27MB/43MB, paused 462us total 20.522ms
08-05 02:57:07.662 27610 28549 I art     : Starting a blocking GC Explicit
08-05 02:57:07.682 27610 28549 I art     : Explicit concurrent mark sweep GC freed 3(96B) AllocSpace objects, 0(0B) LOS objects, 36% free, 27MB/43MB, paused 471us total 20.142ms
08-05 02:57:07.690 27610 28549 I art     : Starting a blocking GC Explicit
08-05 02:57:07.710 27610 28549 I art     : Explicit concurrent mark sweep GC freed 3(96B) AllocSpace objects, 0(0B) LOS objects, 36% free, 27MB/43MB, paused 446us total 20.042ms
08-05 02:57:08.019 27610 27623 I art     : Starting a blocking GC Explicit
08-05 02:57:08.047 27610 27623 I art     : Explicit concurrent mark sweep GC freed 1366(80KB) AllocSpace objects, 1(20KB) LOS objects, 36% free, 27MB/43MB, paused 517us total 28.039ms
08-05 02:57:08.059 27610 27623 I art     : Starting a blocking GC Explicit
08-05 02:57:08.065   518   646 I ThermalEngine: ACTION: GPU - Setting GPU[0] to 510000000
08-05 02:57:08.084 27610 27623 I art     : Explicit concurrent mark sweep GC freed 24(784B) AllocSpace objects, 0(0B) LOS objects, 36% free, 27MB/43MB, paused 639us total 25.044ms
08-05 02:57:08.094 27610 27623 I art     : Starting a blocking GC Explicit
08-05 02:57:08.120 27610 27623 I art     : Explicit concurrent mark sweep GC freed 7(224B) AllocSpace objects, 0(0B) LOS objects, 36% free, 27MB/43MB, paused 572us total 26.167ms
08-05 02:57:08.131 27610 27623 I art     : Starting a blocking GC Explicit
08-05 02:57:08.157 27610 27623 I art     : Explicit concurrent mark sweep GC freed 7(224B) AllocSpace objects, 0(0B) LOS objects, 36% free, 27MB/43MB, paused 597us total 25.585ms
08-05 02:57:08.166 27610 27623 I art     : Starting a blocking GC Explicit
08-05 02:57:08.191 27610 27623 I art     : Explicit concurrent mark sweep GC freed 8(256B) AllocSpace objects, 0(0B) LOS objects, 36% free, 27MB/43MB, paused 616us total 25.182ms
08-05 02:57:08.501 27610 27623 I art     : Starting a blocking GC Explicit
08-05 02:57:08.535 27610 27623 I art     : Explicit concurrent mark sweep GC freed 1412(83KB) AllocSpace objects, 1(20KB) LOS objects, 36% free, 27MB/43MB, paused 684us total 33.308ms
08-05 02:57:08.548 27610 27623 I art     : Starting a blocking GC Explicit
08-05 02:57:08.574 27610 27623 I art     : Explicit concurrent mark sweep GC freed 23(752B) AllocSpace objects, 0(0B) LOS objects, 36% free, 27MB/43MB, paused 643us total 26.342ms
08-05 02:57:08.584 27610 27623 I art     : Starting a blocking GC Explicit
08-05 02:57:08.610 27610 27623 I art     : Explicit concurrent mark sweep GC freed 3(96B) AllocSpace objects, 0(0B) LOS objects, 36% free, 27MB/43MB, paused 676us total 26.234ms
08-05 02:57:08.619 27610 27623 I art     : Starting a blocking GC Explicit
08-05 02:57:08.646 27610 27623 I art     : Explicit concurrent mark sweep GC freed 3(96B) AllocSpace objects, 0(0B) LOS objects, 36% free, 27MB/43MB, paused 641us total 26.346ms
08-05 02:57:08.655 27610 27623 I art     : Starting a blocking GC Explicit
08-05 02:57:08.682 27610 27623 I art     : Explicit concurrent mark sweep GC freed 3(96B) AllocSpace objects, 0(0B) LOS objects, 36% free, 27MB/43MB, paused 610us total 26.261ms
08-05 02:57:09.020 27610 28549 I art     : Starting a blocking GC Explicit
08-05 02:57:09.052 27610 28549 I art     : Explicit concurrent mark sweep GC freed 1366(80KB) AllocSpace objects, 1(20KB) LOS objects, 36% free, 27MB/43MB, paused 681us total 32.089ms
08-05 02:57:09.067 27610 28549 I art     : Starting a blocking GC Explicit
08-05 02:57:09.093 27610 28549 I art     : Explicit concurrent mark sweep GC freed 23(752B) AllocSpace objects, 0(0B) LOS objects, 36% free, 27MB/43MB, paused 629us total 25.941ms
08-05 02:57:09.102 27610 28549 I art     : Starting a blocking GC Explicit
08-05 02:57:09.128 27610 28549 I art     : Explicit concurrent mark sweep GC freed 3(96B) AllocSpace objects, 0(0B) LOS objects, 36% free, 27MB/43MB, paused 630us total 25.826ms
08-05 02:57:09.138 27610 28549 I art     : Starting a blocking GC Explicit
08-05 02:57:09.164 27610 28549 I art     : Explicit concurrent mark sweep GC freed 3(96B) AllocSpace objects, 0(0B) LOS objects, 36% free, 27MB/43MB, paused 631us total 25.878ms
08-05 02:57:09.173 27610 28549 I art     : Starting a blocking GC Explicit
08-05 02:57:09.199 27610 28549 I art     : Explicit concurrent mark sweep GC freed 3(96B) AllocSpace objects, 0(0B) LOS objects, 36% free, 27MB/43MB, paused 631us total 26.054ms
08-05 02:57:09.521 27610 27684 I art     : Starting a blocking GC Explicit
08-05 02:57:09.557 27610 27684 I art     : Explicit concurrent mark sweep GC freed 1395(80KB) AllocSpace objects, 1(20KB) LOS objects, 36% free, 27MB/43MB, paused 674us total 36.244ms
08-05 02:57:09.570 27610 27684 I art     : Starting a blocking GC Explicit
08-05 02:57:09.598 27610 27684 I art     : Explicit concurrent mark sweep GC freed 23(752B) AllocSpace objects, 0(0B) LOS objects, 36% free, 27MB/43MB, paused 651us total 27.166ms
08-05 02:57:09.607 27610 27684 I art     : Starting a blocking GC Explicit
08-05 02:57:09.633 27610 27684 I art     : Explicit concurrent mark sweep GC freed 3(96B) AllocSpace objects, 0(0B) LOS objects, 36% free, 27MB/43MB, paused 611us total 25.504ms
08-05 02:57:09.642 27610 27684 I art     : Starting a blocking GC Explicit
08-05 02:57:09.668 27610 27684 I art     : Explicit concurrent mark sweep GC freed 3(96B) AllocSpace objects, 0(0B) LOS objects, 36% free, 27MB/43MB, paused 650us total 25.883ms
08-05 02:57:09.677 27610 27684 I art     : Starting a blocking GC Explicit
08-05 02:57:09.703 27610 27684 I art     : Explicit concurrent mark sweep GC freed 3(96B) AllocSpace objects, 0(0B) LOS objects, 36% free, 27MB/43MB, paused 617us total 25.844ms
08-05 02:57:10.015 27610 27622 I art     : Starting a blocking GC Explicit
08-05 02:57:10.043 27610 27622 I art     : Explicit concurrent mark sweep GC freed 1366(80KB) AllocSpace objects, 1(20KB) LOS objects, 36% free, 27MB/43MB, paused 599us total 27.922ms
08-05 02:57:10.052 27610 27622 I art     : Starting a blocking GC Explicit
08-05 02:57:10.076 27610 27622 I art     : Explicit concurrent mark sweep GC freed 23(752B) AllocSpace objects, 0(0B) LOS objects, 36% free, 27MB/43MB, paused 681us total 23.417ms
08-05 02:57:10.085 27610 27622 I art     : Starting a blocking GC Explicit
08-05 02:57:10.110 27610 27622 I art     : Explicit concurrent mark sweep GC freed 3(96B) AllocSpace objects, 0(0B) LOS objects, 36% free, 27MB/43MB, paused 655us total 24.655ms
08-05 02:57:10.118 27610 27622 I art     : Starting a blocking GC Explicit
08-05 02:57:10.143 27610 27622 I art     : Explicit concurrent mark sweep GC freed 3(96B) AllocSpace objects, 0(0B) LOS objects, 36% free, 27MB/43MB, paused 624us total 24.395ms
08-05 02:57:10.152 27610 27622 I art     : Starting a blocking GC Explicit
08-05 02:57:10.176 27610 27622 I art     : Explicit concurrent mark sweep GC freed 3(96B) AllocSpace objects, 0(0B) LOS objects, 36% free, 27MB/43MB, paused 687us total 24.312ms
08-05 02:57:10.443 28633 28633 D AndroidRuntime: >>>>>> START com.android.internal.os.RuntimeInit uid 2000 <<<<<<
08-05 02:57:10.448 28633 28633 D AndroidRuntime: CheckJNI is OFF
08-05 02:57:10.478 27610 27623 I art     : Starting a blocking GC Explicit
08-05 02:57:10.483 28633 28633 D ICU     : No timezone override file found: /data/misc/zoneinfo/current/icu/icu_tzdata.dat
08-05 02:57:10.505 27610 27623 I art     : Explicit concurrent mark sweep GC freed 1395(80KB) AllocSpace objects, 1(20KB) LOS objects, 36% free, 27MB/43MB, paused 657us total 26.191ms
08-05 02:57:10.514 27610 27623 I art     : Starting a blocking GC Explicit
08-05 02:57:10.517 28633 28633 I Radio-JNI: register_android_hardware_Radio DONE
08-05 02:57:10.539 28633 28633 D AndroidRuntime: Calling main entry com.android.commands.input.Input
08-05 02:57:10.540 27610 27623 I art     : Explicit concurrent mark sweep GC freed 23(752B) AllocSpace objects, 0(0B) LOS objects, 36% free, 27MB/43MB, paused 664us total 25.524ms
08-05 02:57:10.541 28633 28633 I Input   : injectMotionEvent: MotionEvent { action=ACTION_DOWN, actionButton=0, id[0]=0, x[0]=625.0, y[0]=832.0, toolType[0]=TOOL_TYPE_UNKNOWN, buttonState=0, metaState=0, flags=0x0, edgeFlags=0x0, pointerCount=1, historySize=0, eventTime=759446954, downTime=759446954, deviceId=0, source=0x1002 }
08-05 02:57:10.546 28633 28633 I Input   : injectMotionEvent: MotionEvent { action=ACTION_UP, actionButton=0, id[0]=0, x[0]=625.0, y[0]=832.0, toolType[0]=TOOL_TYPE_UNKNOWN, buttonState=0, metaState=0, flags=0x0, edgeFlags=0x0, pointerCount=1, historySize=0, eventTime=759446954, downTime=759446954, deviceId=0, source=0x1002 }
08-05 02:57:10.548 28633 28633 D AndroidRuntime: Shutting down VM
08-05 02:57:10.549 27610 27623 I art     : Starting a blocking GC Explicit
08-05 02:57:10.556 27610 27610 D UserPreferences: Using default data folder
08-05 02:57:10.557 27610 27610 D DownloadRequester: partiallyDownloadedFileExists: false
08-05 02:57:10.557 27610 27610 D DownloadRequester: /storage/emulated/0/Android/data/baseline.de.danoeh.antennapod.debug/files/cache/feed-Nice White Parents is available as a download destination
08-05 02:57:10.559   512  2967 D audio_hw_primary: out_set_parameters: enter: usecase(1: low-latency-playback) kvpairs: routing=2
08-05 02:57:10.559 27610 27610 D DownloadRequester: Requesting download of url https://rss.art19.com/nice-white-parents
08-05 02:57:10.564 27610 27610 D DownloadService: Service started
08-05 02:57:10.566 27610 27610 D DownloadService: parallel downloads: 4
08-05 02:57:10.567 27610 28656 D downloadCompletionThd: downloadCompletionThread was started
08-05 02:57:10.569 27610 27610 D DownloadService: Notification set up
08-05 02:57:10.571   512  2967 D audio_hw_primary: select_devices: out_snd_device(2: speaker) in_snd_device(0: none)
08-05 02:57:10.571   512  2967 D msm8974_platform: platform_send_audio_calibration: sending audio calibration for snd_device(2) acdb_id(15)
08-05 02:57:10.572   512  2967 I soundtrigger: audio_extn_sound_trigger_update_device_status: device 0x2 of type 0 for Event 1
08-05 02:57:10.578 27610 27623 I art     : Explicit concurrent mark sweep GC freed 227(14KB) AllocSpace objects, 0(0B) LOS objects, 36% free, 27MB/43MB, paused 1.196ms total 28.461ms
08-05 02:57:10.583   512  2967 D audio_hw_primary: enable_snd_device: snd_device(2: speaker)
08-05 02:57:10.584 27610 27610 D DownloadService: Received enqueue request
08-05 02:57:10.585   512  2967 D audio_hw_primary: enable_audio_route: apply and update mixer path: low-latency-playback speaker
08-05 02:57:10.586 27610 27610 D OnlineFeedViewActivity: onEventMainThread() called with: event = [DownloadEvent{update=DownloaderUpdate{downloaders=[baseline.de.danoeh.antennapod.core.service.download.HttpDownloader@34e85cc], feedIds=[0], mediaIds=[]}}]
08-05 02:57:10.586 27610 27610 D DownloadService: 1 downloads left
08-05 02:57:10.586 27610 27610 D DownloadService: Setting up notification updater
08-05 02:57:10.587 27610 27623 I art     : Starting a blocking GC Explicit
08-05 02:57:10.588   918  3359 D WifiService: acquireWifiLockLocked: WifiLock{Downloader type=1 binder=android.os.BinderProxy@147ee22}
08-05 02:57:10.591 27610 28658 D AntennapodHttpClient: Creating new instance of HTTP client
08-05 02:57:10.612 27610 27623 I art     : Explicit concurrent mark sweep GC freed 959(55KB) AllocSpace objects, 0(0B) LOS objects, 36% free, 27MB/43MB, paused 866us total 25.407ms
08-05 02:57:10.621 27610 27623 I art     : Starting a blocking GC Explicit
08-05 02:57:10.644 27610 27623 I art     : Explicit concurrent mark sweep GC freed 24(1104B) AllocSpace objects, 0(0B) LOS objects, 36% free, 27MB/43MB, paused 726us total 22.916ms
08-05 02:57:10.880 27610 28549 I art     : Starting a blocking GC Explicit
08-05 02:57:10.905 27610 28549 I art     : Explicit concurrent mark sweep GC freed 5975(300KB) AllocSpace objects, 4(220KB) LOS objects, 36% free, 27MB/43MB, paused 847us total 24.861ms
08-05 02:57:10.914 27610 28549 I art     : Starting a blocking GC Explicit
08-05 02:57:10.938 27610 28549 I art     : Explicit concurrent mark sweep GC freed 958(116KB) AllocSpace objects, 0(0B) LOS objects, 36% free, 27MB/43MB, paused 779us total 24.083ms
08-05 02:57:10.947 27610 28549 I art     : Starting a blocking GC Explicit
08-05 02:57:10.957 27610 28658 D MYTAG   : interceptor 3a https://rss.art19.com/nice-white-parents
08-05 02:57:10.957 27610 28658 I NAPPA_EXPERIMENTATION: MetricNetworkRequestExecutionTime: REQUEST_DURATION_SYSTEM='365',REQUEST_DURATION_OKHTTP='153',REQUEST_SYNCHRONOUS='TRUE',RESPONSE_CODE='200',RESPONSE_METHOD='GET',RESPONSE_LENGTH_OKHTTP='-1',RESPONSE_LENGTH_HEADER='1803',REQUEST_PROTOCOL='h2',REQUEST_URL='https://rss.art19.com/nice-white-parents',
08-05 02:57:10.957 27610 28658 D HttpDownloader: Response code is 200
08-05 02:57:10.957 27610 28658 D UserPreferences: Using default data folder
08-05 02:57:10.960 27610 28658 D HttpDownloader: Getting size of download
08-05 02:57:10.960 27610 28658 D HttpDownloader: Size is -1
08-05 02:57:10.960 27610 28658 D UserPreferences: Using default data folder
08-05 02:57:10.961 27610 28658 D HttpDownloader: Free space is 20302323712
08-05 02:57:10.961 27610 28658 D HttpDownloader: Starting download
08-05 02:57:10.971 27610 28549 I art     : Explicit concurrent mark sweep GC freed 279(20KB) AllocSpace objects, 0(0B) LOS objects, 36% free, 27MB/43MB, paused 860us total 23.871ms
08-05 02:57:10.979 27610 28549 I art     : Starting a blocking GC Explicit
08-05 02:57:11.004 27610 28549 I art     : Explicit concurrent mark sweep GC freed 36(1568B) AllocSpace objects, 0(0B) LOS objects, 36% free, 27MB/43MB, paused 867us total 24.730ms
08-05 02:57:11.009 27610 28658 D HttpDownloader: Download was successful
08-05 02:57:11.010   918  4400 D WifiService: releaseWifiLockLocked: WifiLock{Downloader type=1 binder=android.os.BinderProxy@147ee22}
08-05 02:57:11.010 27610 28656 D downloadCompletionThd: Received 'Download Complete' - message.
08-05 02:57:11.011 27610 28656 D DownloadService: Handling completed Feed Download
08-05 02:57:11.011 27610 27610 D DownloadService: Removing downloader: https://rss.art19.com/nice-white-parents
08-05 02:57:11.011 27610 27610 D DownloadService: Result of downloads.remove: true
08-05 02:57:11.012 27610 27610 D OnlineFeedViewActivity: onEventMainThread() called with: event = [DownloadEvent{update=DownloaderUpdate{downloaders=[], feedIds=[], mediaIds=[]}}]
08-05 02:57:11.014 27610 28549 I art     : Starting a blocking GC Explicit
08-05 02:57:11.016 27610 28674 D TypeGetter: Recognized type RSS 2.0
08-05 02:57:11.018 27610 28674 D SyndHandler: Recognized ITunes namespace
08-05 02:57:11.018 27610 28674 D SyndHandler: Recognized Atom namespace
08-05 02:57:11.018 27610 28674 D SyndHandler: Recognized Content namespace
08-05 02:57:11.023 27610 28674 D FeedSyncThread: Nice White Parents parsed
08-05 02:57:11.023 27610 28674 D FeedSyncThread: Deletion of file '/storage/emulated/0/Android/data/baseline.de.danoeh.antennapod.debug/files/cache/feed-Nice White Parents' successful
08-05 02:57:11.023 27610 28674 D DBReader: getFeedDownloadLog() called with: feed = [baseline.de.danoeh.antennapod.core.feed.Feed@0]
08-05 02:57:11.024 27610 28657 D FeedSyncThread: Bundling 1 feeds
08-05 02:57:11.025 27610 28675 D DBReader: Extracting Feedlist
08-05 02:57:11.026 27610 28675 D DBTasks : Found no existing Feed with title Nice White Parents. Adding as new one.
08-05 02:57:11.028 27610 28676 D PodDBAdapter: Setting feed with flattr status Nice White Parents: 0
08-05 02:57:11.028 27610 28676 D baseline.de.danoeh.antennapod.core.storage.PodDBAdapter@1666ccd: Inserting new Feed into db
08-05 02:57:11.039 27610 28549 I art     : Explicit concurrent mark sweep GC freed 819(192KB) AllocSpace objects, 2(40KB) LOS objects, 36% free, 27MB/43MB, paused 780us total 25.073ms
08-05 02:57:11.044 27610 27610 D EventDistributor: Processing event queue. Number of events: 1
08-05 02:57:11.044 27610 27610 D EventDistributor: Notifying observers. Data: 1
08-05 02:57:11.045 27610 27610 D DownloadService: 0 downloads left
08-05 02:57:11.045 27610 28151 D DBReader: Extracting Feedlist
08-05 02:57:11.045 27610 27610 D DownloadService: Number of downloads is 0, attempting shutdown
08-05 02:57:11.046 27610 27610 D DownloadService: Service shutting down
08-05 02:57:11.046 27610 27610 D DownloadService: No report is created
08-05 02:57:11.046 27610 27610 D OnlineFeedViewActivity: onEventMainThread() called with: event = [DownloadEvent{update=DownloaderUpdate{downloaders=[], feedIds=[], mediaIds=[]}}]
08-05 02:57:11.047 27610 27610 D DownloadService: NotificationUpdater cancelled. Result: false
08-05 02:57:11.048 27610 28656 E downloadCompletionThd: DownloadCompletionThread was interrupted
08-05 02:57:11.048 27610 27610 D DBTasks : autodownloadUndownloadedItems
08-05 02:57:11.050 27610 28677 D NetworkUtils: Device is connected to Wi-Fi
08-05 02:57:11.051 27610 28677 D NetworkUtils: Auto-dl filter is disabled
08-05 02:57:11.118   512  2967 D audio_hw_primary: disable_audio_route: reset and update mixer path: low-latency-playback speaker
08-05 02:57:11.121   512  2967 D audio_hw_primary: disable_snd_device: snd_device(2: speaker)
08-05 02:57:11.129   512  2967 I soundtrigger: audio_extn_sound_trigger_update_device_status: device 0x2 of type 0 for Event 0
08-05 02:57:11.313 27610 27684 I art     : Starting a blocking GC Explicit
08-05 02:57:11.337 27610 27684 I art     : Explicit concurrent mark sweep GC freed 1969(155KB) AllocSpace objects, 3(60KB) LOS objects, 36% free, 27MB/43MB, paused 725us total 24.484ms
08-05 02:57:11.346 27610 27684 I art     : Starting a blocking GC Explicit
08-05 02:57:11.371 27610 27684 I art     : Explicit concurrent mark sweep GC freed 116(4KB) AllocSpace objects, 0(0B) LOS objects, 36% free, 27MB/43MB, paused 710us total 25.334ms
08-05 02:57:11.380 27610 27684 I art     : Starting a blocking GC Explicit
08-05 02:57:11.407 27610 27684 I art     : Explicit concurrent mark sweep GC freed 33(976B) AllocSpace objects, 0(0B) LOS objects, 36% free, 27MB/43MB, paused 866us total 26.188ms
08-05 02:57:11.416 27610 27684 I art     : Starting a blocking GC Explicit
08-05 02:57:11.442 27610 27684 I art     : Explicit concurrent mark sweep GC freed 5(160B) AllocSpace objects, 0(0B) LOS objects, 36% free, 27MB/43MB, paused 752us total 26.118ms
08-05 02:57:11.451 27610 27684 I art     : Starting a blocking GC Explicit
08-05 02:57:11.478 27610 27684 I art     : Explicit concurrent mark sweep GC freed 3(96B) AllocSpace objects, 0(0B) LOS objects, 36% free, 27MB/43MB, paused 791us total 26.466ms
08-05 02:57:11.774 27610 28549 I art     : Starting a blocking GC Explicit
08-05 02:57:11.811 27610 28549 I art     : Explicit concurrent mark sweep GC freed 1369(82KB) AllocSpace objects, 1(20KB) LOS objects, 36% free, 27MB/43MB, paused 844us total 36.918ms
08-05 02:57:11.824 27610 28549 I art     : Starting a blocking GC Explicit
08-05 02:57:11.853 27610 28549 I art     : Explicit concurrent mark sweep GC freed 23(752B) AllocSpace objects, 0(0B) LOS objects, 36% free, 27MB/43MB, paused 804us total 28.654ms
08-05 02:57:11.862 27610 28549 I art     : Starting a blocking GC Explicit
08-05 02:57:11.890 27610 28549 I art     : Explicit concurrent mark sweep GC freed 3(96B) AllocSpace objects, 0(0B) LOS objects, 36% free, 27MB/43MB, paused 770us total 27.447ms
08-05 02:57:11.900 27610 28549 I art     : Starting a blocking GC Explicit
08-05 02:57:11.928 27610 28549 I art     : Explicit concurrent mark sweep GC freed 3(96B) AllocSpace objects, 0(0B) LOS objects, 36% free, 27MB/43MB, paused 805us total 27.632ms
08-05 02:57:11.937 27610 28549 I art     : Starting a blocking GC Explicit
08-05 02:57:11.965 27610 28549 I art     : Explicit concurrent mark sweep GC freed 3(96B) AllocSpace objects, 0(0B) LOS objects, 36% free, 27MB/43MB, paused 786us total 27.481ms
08-05 02:57:12.254 27610 27622 I art     : Starting a blocking GC Explicit
08-05 02:57:12.293 27610 27622 I art     : Explicit concurrent mark sweep GC freed 1373(82KB) AllocSpace objects, 1(20KB) LOS objects, 36% free, 27MB/43MB, paused 776us total 38.173ms
08-05 02:57:12.307 27610 27622 I art     : Starting a blocking GC Explicit
08-05 02:57:12.334 27610 27622 I art     : Explicit concurrent mark sweep GC freed 23(752B) AllocSpace objects, 0(0B) LOS objects, 36% free, 27MB/43MB, paused 766us total 26.596ms
08-05 02:57:12.343 27610 27622 I art     : Starting a blocking GC Explicit
08-05 02:57:12.370 27610 27622 I art     : Explicit concurrent mark sweep GC freed 4(144B) AllocSpace objects, 0(0B) LOS objects, 36% free, 27MB/43MB, paused 822us total 27.331ms
08-05 02:57:12.380 27610 27622 I art     : Starting a blocking GC Explicit
08-05 02:57:12.408 27610 27622 I art     : Explicit concurrent mark sweep GC freed 31(832B) AllocSpace objects, 0(0B) LOS objects, 36% free, 27MB/43MB, paused 820us total 27.897ms
08-05 02:57:12.417 27610 27622 I art     : Starting a blocking GC Explicit
08-05 02:57:12.445 27610 27622 I art     : Explicit concurrent mark sweep GC freed 3(96B) AllocSpace objects, 0(0B) LOS objects, 36% free, 27MB/43MB, paused 775us total 27.734ms
08-05 02:57:12.774 27610 27623 I art     : Starting a blocking GC Explicit
08-05 02:57:12.807 27610 27623 I art     : Explicit concurrent mark sweep GC freed 1372(82KB) AllocSpace objects, 1(20KB) LOS objects, 36% free, 27MB/43MB, paused 762us total 33.230ms
08-05 02:57:12.819 27610 27623 I art     : Starting a blocking GC Explicit
08-05 02:57:12.846 27610 27623 I art     : Explicit concurrent mark sweep GC freed 23(752B) AllocSpace objects, 0(0B) LOS objects, 36% free, 27MB/43MB, paused 758us total 27.251ms
08-05 02:57:12.856 27610 27623 I art     : Starting a blocking GC Explicit
08-05 02:57:12.884 27610 27623 I art     : Explicit concurrent mark sweep GC freed 3(96B) AllocSpace objects, 0(0B) LOS objects, 36% free, 27MB/43MB, paused 760us total 27.399ms
08-05 02:57:12.894 27610 27623 I art     : Starting a blocking GC Explicit
08-05 02:57:12.921 27610 27623 I art     : Explicit concurrent mark sweep GC freed 3(96B) AllocSpace objects, 0(0B) LOS objects, 36% free, 27MB/43MB, paused 758us total 27.316ms
08-05 02:57:12.931 27610 27623 I art     : Starting a blocking GC Explicit
08-05 02:57:12.958 27610 27623 I art     : Explicit concurrent mark sweep GC freed 3(96B) AllocSpace objects, 0(0B) LOS objects, 36% free, 27MB/43MB, paused 775us total 27.007ms
08-05 02:57:13.268 27610 27684 I art     : Starting a blocking GC Explicit
08-05 02:57:13.303 27610 27684 I art     : Explicit concurrent mark sweep GC freed 1370(80KB) AllocSpace objects, 1(20KB) LOS objects, 36% free, 27MB/43MB, paused 827us total 34.419ms
08-05 02:57:13.316 27610 27684 I art     : Starting a blocking GC Explicit
08-05 02:57:13.343 27610 27684 I art     : Explicit concurrent mark sweep GC freed 23(752B) AllocSpace objects, 0(0B) LOS objects, 36% free, 27MB/43MB, paused 777us total 27.145ms
08-05 02:57:13.352 27610 27684 I art     : Starting a blocking GC Explicit
08-05 02:57:13.380 27610 27684 I art     : Explicit concurrent mark sweep GC freed 32(880B) AllocSpace objects, 0(0B) LOS objects, 36% free, 27MB/43MB, paused 781us total 27.101ms
08-05 02:57:13.389 27610 27684 I art     : Starting a blocking GC Explicit
08-05 02:57:13.417 27610 27684 I art     : Explicit concurrent mark sweep GC freed 3(96B) AllocSpace objects, 0(0B) LOS objects, 36% free, 27MB/43MB, paused 854us total 27.733ms
08-05 02:57:13.427 27610 27684 I art     : Starting a blocking GC Explicit
08-05 02:57:13.454 27610 27684 I art     : Explicit concurrent mark sweep GC freed 3(96B) AllocSpace objects, 0(0B) LOS objects, 36% free, 27MB/43MB, paused 773us total 27.529ms
08-05 02:57:13.767 27610 28549 I art     : Starting a blocking GC Explicit
08-05 02:57:13.797 27610 28549 I art     : Explicit concurrent mark sweep GC freed 1366(80KB) AllocSpace objects, 1(20KB) LOS objects, 36% free, 27MB/43MB, paused 784us total 29.614ms
08-05 02:57:13.806 27610 28549 I art     : Starting a blocking GC Explicit
08-05 02:57:13.833 27610 28549 I art     : Explicit concurrent mark sweep GC freed 23(752B) AllocSpace objects, 0(0B) LOS objects, 36% free, 27MB/43MB, paused 766us total 26.943ms
08-05 02:57:13.843 27610 28549 I art     : Starting a blocking GC Explicit
08-05 02:57:13.870 27610 28549 I art     : Explicit concurrent mark sweep GC freed 3(96B) AllocSpace objects, 0(0B) LOS objects, 36% free, 27MB/43MB, paused 756us total 27.327ms
08-05 02:57:13.880 27610 28549 I art     : Starting a blocking GC Explicit
08-05 02:57:13.907 27610 28549 I art     : Explicit concurrent mark sweep GC freed 3(96B) AllocSpace objects, 0(0B) LOS objects, 36% free, 27MB/43MB, paused 821us total 26.721ms
08-05 02:57:13.916 27610 28549 I art     : Starting a blocking GC Explicit
08-05 02:57:13.943 27610 28549 I art     : Explicit concurrent mark sweep GC freed 3(96B) AllocSpace objects, 0(0B) LOS objects, 36% free, 27MB/43MB, paused 773us total 27.038ms
08-05 02:57:14.271 27610 27622 I art     : Starting a blocking GC Explicit
08-05 02:57:14.306 27610 27622 I art     : Explicit concurrent mark sweep GC freed 1367(82KB) AllocSpace objects, 1(20KB) LOS objects, 36% free, 27MB/43MB, paused 837us total 34.734ms
08-05 02:57:14.316 27610 27622 I art     : Starting a blocking GC Explicit
08-05 02:57:14.345 27610 27622 I art     : Explicit concurrent mark sweep GC freed 23(752B) AllocSpace objects, 0(0B) LOS objects, 36% free, 27MB/43MB, paused 768us total 27.783ms
08-05 02:57:14.354 27610 27622 I art     : Starting a blocking GC Explicit
08-05 02:57:14.381 27610 27622 I art     : Explicit concurrent mark sweep GC freed 32(880B) AllocSpace objects, 0(0B) LOS objects, 36% free, 27MB/43MB, paused 789us total 26.873ms
08-05 02:57:14.391 27610 27622 I art     : Starting a blocking GC Explicit
08-05 02:57:14.418 27610 27622 I art     : Explicit concurrent mark sweep GC freed 3(96B) AllocSpace objects, 0(0B) LOS objects, 36% free, 27MB/43MB, paused 801us total 26.777ms
08-05 02:57:14.427 27610 27622 I art     : Starting a blocking GC Explicit
08-05 02:57:14.454 27610 27622 I art     : Explicit concurrent mark sweep GC freed 3(96B) AllocSpace objects, 0(0B) LOS objects, 36% free, 27MB/43MB, paused 783us total 27.240ms
08-05 02:57:14.762 27610 27623 I art     : Starting a blocking GC Explicit
08-05 02:57:14.797 27610 27623 I art     : Explicit concurrent mark sweep GC freed 1366(80KB) AllocSpace objects, 1(20KB) LOS objects, 36% free, 27MB/43MB, paused 1.097ms total 34.225ms
08-05 02:57:14.809 27610 27623 I art     : Starting a blocking GC Explicit
08-05 02:57:14.835 27610 27623 I art     : Explicit concurrent mark sweep GC freed 23(752B) AllocSpace objects, 0(0B) LOS objects, 36% free, 27MB/43MB, paused 700us total 25.577ms
08-05 02:57:14.845 27610 27623 I art     : Starting a blocking GC Explicit
08-05 02:57:14.870 27610 27623 I art     : Explicit concurrent mark sweep GC freed 3(96B) AllocSpace objects, 0(0B) LOS objects, 36% free, 27MB/43MB, paused 810us total 25.492ms
08-05 02:57:14.879 27610 27623 I art     : Starting a blocking GC Explicit
08-05 02:57:14.905 27610 27623 I art     : Explicit concurrent mark sweep GC freed 3(96B) AllocSpace objects, 0(0B) LOS objects, 36% free, 27MB/43MB, paused 787us total 25.360ms
08-05 02:57:14.914 27610 27623 I art     : Starting a blocking GC Explicit
08-05 02:57:14.940 27610 27623 I art     : Explicit concurrent mark sweep GC freed 3(96B) AllocSpace objects, 0(0B) LOS objects, 36% free, 27MB/43MB, paused 748us total 25.667ms
08-05 02:57:15.077   518   646 I ThermalEngine: ACTION: GPU - Setting GPU[0] to 600000000
08-05 02:57:15.194 28760 28760 D AndroidRuntime: >>>>>> START com.android.internal.os.RuntimeInit uid 2000 <<<<<<
08-05 02:57:15.198 28760 28760 D AndroidRuntime: CheckJNI is OFF
08-05 02:57:15.226 28760 28760 D ICU     : No timezone override file found: /data/misc/zoneinfo/current/icu/icu_tzdata.dat
08-05 02:57:15.226 27610 27684 I art     : Starting a blocking GC Explicit
08-05 02:57:15.248 27610 27684 I art     : Explicit concurrent mark sweep GC freed 1366(80KB) AllocSpace objects, 1(20KB) LOS objects, 36% free, 27MB/43MB, paused 624us total 22.182ms
08-05 02:57:15.252 28760 28760 I Radio-JNI: register_android_hardware_Radio DONE
08-05 02:57:15.255 27610 27684 I art     : Starting a blocking GC Explicit
08-05 02:57:15.269 28760 28760 D AndroidRuntime: Calling main entry com.android.commands.input.Input
08-05 02:57:15.271 28760 28760 I Input   : injectKeyEvent: KeyEvent { action=ACTION_DOWN, keyCode=KEYCODE_BACK, scanCode=0, metaState=0, flags=0x0, repeatCount=0, eventTime=759451684, downTime=759451684, deviceId=-1, source=0x101 }
08-05 02:57:15.276 28760 28760 I Input   : injectKeyEvent: KeyEvent { action=ACTION_UP, keyCode=KEYCODE_BACK, scanCode=0, metaState=0, flags=0x0, repeatCount=0, eventTime=759451684, downTime=759451684, deviceId=-1, source=0x101 }
08-05 02:57:15.277 27610 27684 I art     : Explicit concurrent mark sweep GC freed 28(1184B) AllocSpace objects, 0(0B) LOS objects, 36% free, 27MB/43MB, paused 638us total 21.241ms
08-05 02:57:15.281 28760 28760 D AndroidRuntime: Shutting down VM
08-05 02:57:15.284 27610 27684 I art     : Starting a blocking GC Explicit
08-05 02:57:15.285 27610 27610 V PlaybackController: initServiceNotRunning()
08-05 02:57:15.285 27610 27610 D ExternalPlayerFragment: Loading media info
08-05 02:57:15.287 27610 27610 D UserPreferences: Using default data folder
08-05 02:57:15.288 27610 28151 D DBReader: getNavDrawerData() called with: 
08-05 02:57:15.290 27610 28151 D DBReader: getDownloadedItems() called
08-05 02:57:15.291 27610 28151 D DBReader: getFavoriteIDList() called
08-05 02:57:15.291 27610 28151 D DBReader: getQueueIDList() called
08-05 02:57:15.292 27610 28151 D DBReader: Extracting Feedlist
08-05 02:57:15.303 27610 27684 I art     : Explicit concurrent mark sweep GC freed 561(45KB) AllocSpace objects, 0(0B) LOS objects, 36% free, 27MB/43MB, paused 557us total 19.765ms
08-05 02:57:15.311 27610 27684 I art     : Starting a blocking GC Explicit
08-05 02:57:15.314 27610 27610 D MainActivity: getLastNavFragment() -> AddFeedFragment
08-05 02:57:15.315 13866 13866 I GoogleInputMethodServic: GoogleInputMethodService.onFinishInput():3138 
08-05 02:57:15.316 13866 13866 I GoogleInputMethodServic: GoogleInputMethodService.onStartInput():1808 
08-05 02:57:15.325 27610 28548 D ApOkHttpUrlLoader: buildLoadData() called with: model = [https://content.production.cdn.art19.com/images/89/e0/88/44/89e08844-ac28-4fc0-96fa-15a41fec2014/262c12ed699a8d9720dea0bd66449d998e4a08cf18095bed170ccaa76722045fa5dbf7a366918b2db7e3acf29ad22f6b99fd659a9409cb807bf2781d968932f8.jpeg], width = [140], height = [140]
08-05 02:57:15.332 27610 27684 I art     : Explicit concurrent mark sweep GC freed 674(46KB) AllocSpace objects, 0(0B) LOS objects, 36% free, 28MB/44MB, paused 989us total 20.698ms
08-05 02:57:15.339 27610 27684 I art     : Starting a blocking GC Explicit
08-05 02:57:15.359 27610 27684 I art     : Explicit concurrent mark sweep GC freed 149(14KB) AllocSpace objects, 0(0B) LOS objects, 36% free, 28MB/44MB, paused 721us total 19.895ms
08-05 02:57:15.510 23120 23120 I ServiceManager: Waiting for service AtCmdFwd...
08-05 02:57:15.608 27610 27622 I art     : Starting a blocking GC Explicit
08-05 02:57:15.625   380   380 W SurfaceFlinger: couldn't log to binary event log: overflow.
08-05 02:57:15.633 27610 27622 I art     : Explicit concurrent mark sweep GC freed 2252(130KB) AllocSpace objects, 1(20KB) LOS objects, 36% free, 28MB/44MB, paused 593us total 24.497ms
08-05 02:57:15.642 27610 27622 I art     : Starting a blocking GC Explicit
08-05 02:57:15.664 27610 27622 I art     : Explicit concurrent mark sweep GC freed 196(8KB) AllocSpace objects, 0(0B) LOS objects, 36% free, 28MB/44MB, paused 578us total 21.572ms
08-05 02:57:15.671 27610 27622 I art     : Starting a blocking GC Explicit
08-05 02:57:15.690 27610 27622 I art     : Explicit concurrent mark sweep GC freed 2463(151KB) AllocSpace objects, 2(248KB) LOS objects, 36% free, 27MB/43MB, paused 562us total 19.224ms
08-05 02:57:15.697 27610 27622 I art     : Starting a blocking GC Explicit
08-05 02:57:15.717 27610 27622 I art     : Explicit concurrent mark sweep GC freed 3(96B) AllocSpace objects, 0(0B) LOS objects, 36% free, 27MB/43MB, paused 725us total 20.254ms
08-05 02:57:15.724 27610 27622 I art     : Starting a blocking GC Explicit
08-05 02:57:15.745 27610 27622 I art     : Explicit concurrent mark sweep GC freed 3(96B) AllocSpace objects, 0(0B) LOS objects, 36% free, 27MB/43MB, paused 571us total 20.591ms
08-05 02:57:16.044 27610 28549 I art     : Starting a blocking GC Explicit
08-05 02:57:16.077 27610 28549 I art     : Explicit concurrent mark sweep GC freed 1372(82KB) AllocSpace objects, 1(20KB) LOS objects, 36% free, 27MB/43MB, paused 621us total 32.887ms
08-05 02:57:16.088 27610 28549 I art     : Starting a blocking GC Explicit
08-05 02:57:16.110 27610 28549 I art     : Explicit concurrent mark sweep GC freed 23(752B) AllocSpace objects, 0(0B) LOS objects, 36% free, 27MB/43MB, paused 574us total 21.210ms
08-05 02:57:16.117 27610 28549 I art     : Starting a blocking GC Explicit
08-05 02:57:16.138 27610 28549 I art     : Explicit concurrent mark sweep GC freed 3(96B) AllocSpace objects, 0(0B) LOS objects, 36% free, 27MB/43MB, paused 565us total 20.792ms
08-05 02:57:16.145 27610 28549 I art     : Starting a blocking GC Explicit
08-05 02:57:16.166 27610 28549 I art     : Explicit concurrent mark sweep GC freed 3(96B) AllocSpace objects, 0(0B) LOS objects, 36% free, 27MB/43MB, paused 565us total 20.404ms
08-05 02:57:16.173 27610 28549 I art     : Starting a blocking GC Explicit
08-05 02:57:16.193 27610 28549 I art     : Explicit concurrent mark sweep GC freed 3(96B) AllocSpace objects, 0(0B) LOS objects, 36% free, 27MB/43MB, paused 587us total 20.308ms
08-05 02:57:16.476 27610 27684 I art     : Starting a blocking GC Explicit
08-05 02:57:16.499 27610 27684 I art     : Explicit concurrent mark sweep GC freed 1397(81KB) AllocSpace objects, 1(20KB) LOS objects, 36% free, 27MB/43MB, paused 525us total 22.895ms
08-05 02:57:16.507 27610 27684 I art     : Starting a blocking GC Explicit
08-05 02:57:16.511 23120 23120 I ServiceManager: Waiting for service AtCmdFwd...
08-05 02:57:16.527 27610 27684 I art     : Explicit concurrent mark sweep GC freed 23(752B) AllocSpace objects, 0(0B) LOS objects, 36% free, 27MB/43MB, paused 681us total 19.774ms
08-05 02:57:16.534 27610 27684 I art     : Starting a blocking GC Explicit
08-05 02:57:16.553 27610 27684 I art     : Explicit concurrent mark sweep GC freed 3(96B) AllocSpace objects, 0(0B) LOS objects, 36% free, 27MB/43MB, paused 535us total 18.700ms
08-05 02:57:16.559 27610 27684 I art     : Starting a blocking GC Explicit
08-05 02:57:16.578 27610 27684 I art     : Explicit concurrent mark sweep GC freed 3(96B) AllocSpace objects, 0(0B) LOS objects, 36% free, 27MB/43MB, paused 972us total 18.458ms
08-05 02:57:16.585 27610 27684 I art     : Starting a blocking GC Explicit
08-05 02:57:16.604 27610 27684 I art     : Explicit concurrent mark sweep GC freed 3(96B) AllocSpace objects, 0(0B) LOS objects, 36% free, 27MB/43MB, paused 553us total 19.367ms
08-05 02:57:16.816 28814 28814 D AndroidRuntime: >>>>>> START com.android.internal.os.RuntimeInit uid 2000 <<<<<<
08-05 02:57:16.821 28814 28814 D AndroidRuntime: CheckJNI is OFF
08-05 02:57:16.848 28814 28814 D ICU     : No timezone override file found: /data/misc/zoneinfo/current/icu/icu_tzdata.dat
08-05 02:57:16.857 27610 27623 I art     : Starting a blocking GC Explicit
08-05 02:57:16.873 28814 28814 I Radio-JNI: register_android_hardware_Radio DONE
08-05 02:57:16.878 27610 27623 I art     : Explicit concurrent mark sweep GC freed 1368(80KB) AllocSpace objects, 1(20KB) LOS objects, 36% free, 27MB/43MB, paused 649us total 20.582ms
08-05 02:57:16.885 27610 27623 I art     : Starting a blocking GC Explicit
08-05 02:57:16.890 28814 28814 D AndroidRuntime: Calling main entry com.android.commands.input.Input
08-05 02:57:16.892 28814 28814 I Input   : injectMotionEvent: MotionEvent { action=ACTION_DOWN, actionButton=0, id[0]=0, x[0]=639.0, y[0]=762.0, toolType[0]=TOOL_TYPE_UNKNOWN, buttonState=0, metaState=0, flags=0x0, edgeFlags=0x0, pointerCount=1, historySize=0, eventTime=759453305, downTime=759453305, deviceId=0, source=0x1002 }
08-05 02:57:16.898 28814 28814 I Input   : injectMotionEvent: MotionEvent { action=ACTION_UP, actionButton=0, id[0]=0, x[0]=639.0, y[0]=762.0, toolType[0]=TOOL_TYPE_UNKNOWN, buttonState=0, metaState=0, flags=0x0, edgeFlags=0x0, pointerCount=1, historySize=0, eventTime=759453305, downTime=759453305, deviceId=0, source=0x1002 }
08-05 02:57:16.899 28814 28814 D AndroidRuntime: Shutting down VM
08-05 02:57:16.906 27610 27623 I art     : Explicit concurrent mark sweep GC freed 39(1232B) AllocSpace objects, 0(0B) LOS objects, 36% free, 27MB/43MB, paused 618us total 20.801ms
08-05 02:57:16.915 27610 27623 I art     : Starting a blocking GC Explicit
08-05 02:57:16.936 27610 27623 I art     : Explicit concurrent mark sweep GC freed 14(576B) AllocSpace objects, 0(0B) LOS objects, 36% free, 27MB/43MB, paused 543us total 20.282ms
08-05 02:57:16.943 27610 27623 I art     : Starting a blocking GC Explicit
08-05 02:57:16.963 27610 27623 I art     : Explicit concurrent mark sweep GC freed 9(288B) AllocSpace objects, 0(0B) LOS objects, 36% free, 27MB/43MB, paused 557us total 20.215ms
08-05 02:57:16.971 27610 27623 I art     : Starting a blocking GC Explicit
08-05 02:57:16.978   512  2967 D audio_hw_primary: out_set_parameters: enter: usecase(1: low-latency-playback) kvpairs: routing=2
08-05 02:57:16.991   512  2967 D audio_hw_primary: select_devices: out_snd_device(2: speaker) in_snd_device(0: none)
08-05 02:57:16.991   512  2967 D msm8974_platform: platform_send_audio_calibration: sending audio calibration for snd_device(2) acdb_id(15)
08-05 02:57:16.991   512  2967 I soundtrigger: audio_extn_sound_trigger_update_device_status: device 0x2 of type 0 for Event 1
08-05 02:57:16.992 27610 27623 I art     : Explicit concurrent mark sweep GC freed 172(7KB) AllocSpace objects, 0(0B) LOS objects, 36% free, 27MB/43MB, paused 619us total 20.425ms
08-05 02:57:17.000 13866 13866 I GoogleInputMethodServic: GoogleInputMethodService.onFinishInput():3138 
08-05 02:57:17.001 13866 13866 I GoogleInputMethodServic: GoogleInputMethodService.onStartInput():1808 
08-05 02:57:17.002   512  2967 D audio_hw_primary: enable_snd_device: snd_device(2: speaker)
08-05 02:57:17.004   512  2967 D audio_hw_primary: enable_audio_route: apply and update mixer path: low-latency-playback speaker
08-05 02:57:17.083   518   646 I ThermalEngine: ACTION: GPU - Setting GPU[0] to 510000000
08-05 02:57:17.181 27610 27630 I NAPPA_EXPERIMENTATION: MetricNetworkRequestExecutionTime: REQUEST_DURATION_SYSTEM='203',REQUEST_DURATION_OKHTTP='203',REQUEST_SYNCHRONOUS='TRUE',RESPONSE_CODE='200',RESPONSE_METHOD='GET',RESPONSE_LENGTH_OKHTTP='-1',RESPONSE_LENGTH_HEADER='622',REQUEST_PROTOCOL='h2',REQUEST_URL='https://itunes.apple.com/lookup?id=360084272',
08-05 02:57:17.195   918   928 I ActivityManager: START u0 {cmp=baseline.de.danoeh.antennapod.debug/baseline.de.danoeh.antennapod.activity.OnlineFeedViewActivity (has extras)} from uid 10691 on display 0
08-05 02:57:17.218 13866 13866 I GoogleInputMethodServic: GoogleInputMethodService.onFinishInput():3138 
08-05 02:57:17.218 13866 13866 I GoogleInputMethodServic: GoogleInputMethodService.onStartInput():1808 
08-05 02:57:17.241 27610 27610 D UserPreferences: Using default data folder
08-05 02:57:17.242 27610 27610 D OnlineFeedViewActivity: Activity was started with url http://joeroganexp.joerogan.libsynpro.com/rss
08-05 02:57:17.244 27610 27610 D OnlineFeedViewActivity: Starting feed download
08-05 02:57:17.247 27610 28150 D DBReader: Extracting Feedlist
08-05 02:57:17.248   918  3961 D WifiService: acquireWifiLockLocked: WifiLock{Downloader type=1 binder=android.os.BinderProxy@8058e5d}
08-05 02:57:17.249 27610 28150 D AntennapodHttpClient: Creating new instance of HTTP client
08-05 02:57:17.269 27610 28549 I art     : Starting a blocking GC Explicit
08-05 02:57:17.294 27610 28549 I art     : Explicit concurrent mark sweep GC freed 3193(214KB) AllocSpace objects, 1(20KB) LOS objects, 36% free, 27MB/43MB, paused 759us total 24.709ms
08-05 02:57:17.296 27610 28150 D MYTAG   : interceptor 3a http://joeroganexp.joerogan.libsynpro.com/rss
08-05 02:57:17.296 27610 28150 I NAPPA_EXPERIMENTATION: MetricNetworkRequestExecutionTime: REQUEST_DURATION_SYSTEM='46',REQUEST_DURATION_OKHTTP='40',REQUEST_SYNCHRONOUS='TRUE',RESPONSE_CODE='200',RESPONSE_METHOD='GET',RESPONSE_LENGTH_OKHTTP='-1',RESPONSE_LENGTH_HEADER='307892',REQUEST_PROTOCOL='http/1.1',REQUEST_URL='http://joeroganexp.joerogan.libsynpro.com/rss',
08-05 02:57:17.296 27610 28150 D HttpDownloader: Response code is 200
08-05 02:57:17.296 27610 28150 D UserPreferences: Using default data folder
08-05 02:57:17.298 27610 28150 D HttpDownloader: Getting size of download
08-05 02:57:17.299 27610 28150 D HttpDownloader: Size is -1
08-05 02:57:17.299 27610 28150 D UserPreferences: Using default data folder
08-05 02:57:17.299 27610 28150 D HttpDownloader: Free space is 20302254080
08-05 02:57:17.299 27610 28150 D HttpDownloader: Starting download
08-05 02:57:17.303 27610 28549 I art     : Starting a blocking GC Explicit
08-05 02:57:17.306 13866 13866 I GoogleInputMethodServic: GoogleInputMethodService.onFinishInput():3138 
08-05 02:57:17.306 13866 13866 I GoogleInputMethodServic: GoogleInputMethodService.onStartInput():1808 
08-05 02:57:17.327 27610 28549 I art     : Explicit concurrent mark sweep GC freed 674(38KB) AllocSpace objects, 0(0B) LOS objects, 36% free, 27MB/43MB, paused 870us total 24.315ms
08-05 02:57:17.328   918   936 I ActivityManager: Displayed baseline.de.danoeh.antennapod.debug/baseline.de.danoeh.antennapod.activity.OnlineFeedViewActivity: +110ms
08-05 02:57:17.337 27610 28549 I art     : Starting a blocking GC Explicit
08-05 02:57:17.366 27610 28549 I art     : Explicit concurrent mark sweep GC freed 38(1552B) AllocSpace objects, 0(0B) LOS objects, 36% free, 27MB/43MB, paused 802us total 28.527ms
08-05 02:57:17.375 27610 28549 I art     : Starting a blocking GC Explicit
08-05 02:57:17.399 27610 28549 I art     : Explicit concurrent mark sweep GC freed 39(1472B) AllocSpace objects, 0(0B) LOS objects, 36% free, 27MB/43MB, paused 716us total 23.521ms
08-05 02:57:17.407 27610 28549 I art     : Starting a blocking GC Explicit
08-05 02:57:17.431 27610 28549 I art     : Explicit concurrent mark sweep GC freed 3(96B) AllocSpace objects, 0(0B) LOS objects, 36% free, 27MB/43MB, paused 845us total 23.959ms
08-05 02:57:17.484 27610 28150 D HttpDownloader: Download was successful
08-05 02:57:17.485   918   928 D WifiService: releaseWifiLockLocked: WifiLock{Downloader type=1 binder=android.os.BinderProxy@8058e5d}
08-05 02:57:17.486 27610 27610 D OnlineFeedViewActivity: Parsing feed
08-05 02:57:17.490 27610 28848 D TypeGetter: Recognized type RSS 2.0
08-05 02:57:17.492 27610 28848 D SyndHandler: Recognized Atom namespace
08-05 02:57:17.493 27610 28848 D SyndHandler: Recognized ITunes namespace
08-05 02:57:17.493 27610 28848 D SyndHandler: Recognized media namespace
08-05 02:57:17.493 27610 28848 D SyndHandler: Recognized Content namespace
08-05 02:57:17.511 23120 23120 I ServiceManager: Waiting for service AtCmdFwd...
08-05 02:57:17.539   512  2967 D audio_hw_primary: disable_audio_route: reset and update mixer path: low-latency-playback speaker
08-05 02:57:17.540   512  2967 D audio_hw_primary: disable_snd_device: snd_device(2: speaker)
08-05 02:57:17.549   512  2967 I soundtrigger: audio_extn_sound_trigger_update_device_status: device 0x2 of type 0 for Event 0
08-05 02:57:17.577   380   380 W SurfaceFlinger: couldn't log to binary event log: overflow.
08-05 02:57:17.704 27610 28549 I art     : Starting a blocking GC Explicit
08-05 02:57:17.712 27610 27610 D PlaybackController: Releasing PlaybackController
08-05 02:57:17.735 27610 28549 I art     : Explicit concurrent mark sweep GC freed 17073(1064KB) AllocSpace objects, 4(80KB) LOS objects, 35% free, 28MB/44MB, paused 1.003ms total 30.841ms
08-05 02:57:17.745 27610 28549 I art     : Starting a blocking GC Explicit
08-05 02:57:17.772 27610 28549 I art     : Explicit concurrent mark sweep GC freed 4939(245KB) AllocSpace objects, 0(0B) LOS objects, 36% free, 28MB/44MB, paused 1.077ms total 27.224ms
08-05 02:57:17.781 27610 28549 I art     : Starting a blocking GC Explicit
08-05 02:57:17.806 27610 28549 I art     : Explicit concurrent mark sweep GC freed 4973(243KB) AllocSpace objects, 0(0B) LOS objects, 36% free, 28MB/44MB, paused 1.001ms total 25.288ms
08-05 02:57:17.815 27610 28549 I art     : Starting a blocking GC Explicit
08-05 02:57:17.841 27610 28549 I art     : Explicit concurrent mark sweep GC freed 2757(136KB) AllocSpace objects, 0(0B) LOS objects, 36% free, 28MB/44MB, paused 1.091ms total 25.873ms
08-05 02:57:17.850 27610 28549 I art     : Starting a blocking GC Explicit
08-05 02:57:17.876 27610 28549 I art     : Explicit concurrent mark sweep GC freed 2762(144KB) AllocSpace objects, 0(0B) LOS objects, 36% free, 28MB/44MB, paused 1.014ms total 25.576ms
08-05 02:57:18.141 27610 28549 I art     : Starting a blocking GC Explicit
08-05 02:57:18.176 27610 28549 I art     : Explicit concurrent mark sweep GC freed 22903(1214KB) AllocSpace objects, 1(20KB) LOS objects, 35% free, 29MB/45MB, paused 1.112ms total 34.579ms
08-05 02:57:18.187 27610 28549 I art     : Starting a blocking GC Explicit
08-05 02:57:18.216 27610 28549 I art     : Explicit concurrent mark sweep GC freed 8565(406KB) AllocSpace objects, 0(0B) LOS objects, 35% free, 28MB/44MB, paused 1.644ms total 28.974ms
08-05 02:57:18.225 27610 28549 I art     : Starting a blocking GC Explicit
08-05 02:57:18.252 27610 28549 I art     : Explicit concurrent mark sweep GC freed 3225(157KB) AllocSpace objects, 0(0B) LOS objects, 35% free, 28MB/44MB, paused 1.090ms total 27.154ms
08-05 02:57:18.261 27610 28549 I art     : Starting a blocking GC Explicit
08-05 02:57:18.289 27610 28549 I art     : Explicit concurrent mark sweep GC freed 2887(147KB) AllocSpace objects, 0(0B) LOS objects, 35% free, 28MB/44MB, paused 1.097ms total 27.472ms
08-05 02:57:18.298 27610 28549 I art     : Starting a blocking GC Explicit
08-05 02:57:18.326 27610 28549 I art     : Explicit concurrent mark sweep GC freed 2831(151KB) AllocSpace objects, 0(0B) LOS objects, 35% free, 29MB/45MB, paused 1.106ms total 27.720ms
08-05 02:57:18.511 23120 23120 I ServiceManager: Waiting for service AtCmdFwd...
08-05 02:57:18.611 27610 28549 I art     : Starting a blocking GC Explicit
08-05 02:57:18.648 27610 28549 I art     : Explicit concurrent mark sweep GC freed 24230(1311KB) AllocSpace objects, 1(20KB) LOS objects, 34% free, 29MB/45MB, paused 1.077ms total 37.678ms
08-05 02:57:18.660 27610 28549 I art     : Starting a blocking GC Explicit
08-05 02:57:18.691 27610 28549 I art     : Explicit concurrent mark sweep GC freed 3776(194KB) AllocSpace objects, 0(0B) LOS objects, 34% free, 29MB/45MB, paused 1.197ms total 31.081ms
08-05 02:57:18.701 27610 28549 I art     : Starting a blocking GC Explicit
08-05 02:57:18.731 27610 28549 I art     : Explicit concurrent mark sweep GC freed 9035(420KB) AllocSpace objects, 0(0B) LOS objects, 35% free, 29MB/45MB, paused 1.179ms total 29.056ms
08-05 02:57:18.740 27610 28549 I art     : Starting a blocking GC Explicit
08-05 02:57:18.768 27610 28549 I art     : Explicit concurrent mark sweep GC freed 3336(174KB) AllocSpace objects, 0(0B) LOS objects, 35% free, 29MB/45MB, paused 953us total 28.076ms
08-05 02:57:18.778 27610 28549 I art     : Starting a blocking GC Explicit
08-05 02:57:18.808 27610 28549 I art     : Explicit concurrent mark sweep GC freed 3223(170KB) AllocSpace objects, 0(0B) LOS objects, 35% free, 29MB/45MB, paused 1.092ms total 29.425ms
08-05 02:57:19.112 27610 27622 I art     : Starting a blocking GC Explicit
08-05 02:57:19.152 27610 27622 I art     : Explicit concurrent mark sweep GC freed 26579(1476KB) AllocSpace objects, 1(20KB) LOS objects, 34% free, 30MB/46MB, paused 1.416ms total 39.867ms
08-05 02:57:19.164 27610 27622 I art     : Starting a blocking GC Explicit
08-05 02:57:19.197 27610 27622 I art     : Explicit concurrent mark sweep GC freed 4376(221KB) AllocSpace objects, 0(0B) LOS objects, 34% free, 30MB/46MB, paused 1.355ms total 33.305ms
08-05 02:57:19.208 27610 27622 I art     : Starting a blocking GC Explicit
08-05 02:57:19.239 27610 27622 I art     : Explicit concurrent mark sweep GC freed 10038(481KB) AllocSpace objects, 0(0B) LOS objects, 34% free, 30MB/46MB, paused 1.110ms total 30.520ms
08-05 02:57:19.249 27610 27622 I art     : Starting a blocking GC Explicit
08-05 02:57:19.280 27610 27622 I art     : Explicit concurrent mark sweep GC freed 3286(165KB) AllocSpace objects, 0(0B) LOS objects, 34% free, 30MB/46MB, paused 986us total 30.660ms
08-05 02:57:19.290 27610 27622 I art     : Starting a blocking GC Explicit
08-05 02:57:19.322 27610 27622 I art     : Explicit concurrent mark sweep GC freed 3082(156KB) AllocSpace objects, 0(0B) LOS objects, 34% free, 30MB/46MB, paused 941us total 31.477ms
08-05 02:57:19.517 23120 23120 I ServiceManager: Waiting for service AtCmdFwd...
08-05 02:57:19.631 27610 28549 I art     : Starting a blocking GC Explicit
08-05 02:57:19.674 27610 28549 I art     : Explicit concurrent mark sweep GC freed 27152(1347KB) AllocSpace objects, 1(20KB) LOS objects, 33% free, 31MB/47MB, paused 1.212ms total 43.175ms
08-05 02:57:19.686 27610 28549 I art     : Starting a blocking GC Explicit
08-05 02:57:19.723 27610 28549 I art     : Explicit concurrent mark sweep GC freed 3971(170KB) AllocSpace objects, 0(0B) LOS objects, 33% free, 31MB/47MB, paused 1.393ms total 36.477ms
08-05 02:57:19.734 27610 28549 I art     : Starting a blocking GC Explicit
08-05 02:57:19.766 27610 28549 I art     : Explicit concurrent mark sweep GC freed 11016(498KB) AllocSpace objects, 0(0B) LOS objects, 34% free, 30MB/46MB, paused 1.275ms total 32.416ms
08-05 02:57:19.777 27610 28549 I art     : Starting a blocking GC Explicit
08-05 02:57:19.810 27610 28549 I art     : Explicit concurrent mark sweep GC freed 3884(183KB) AllocSpace objects, 0(0B) LOS objects, 34% free, 30MB/46MB, paused 1.008ms total 32.640ms
08-05 02:57:19.810 27610 27621 I art     : WaitForGcToComplete blocked for 12.588ms for cause HeapTrim
08-05 02:57:19.820 27610 28549 I art     : Starting a blocking GC Explicit
08-05 02:57:19.853 27610 28549 I art     : Explicit concurrent mark sweep GC freed 3475(162KB) AllocSpace objects, 0(0B) LOS objects, 34% free, 31MB/47MB, paused 1.046ms total 32.344ms
08-05 02:57:19.881 27610 28848 D OnlineFeedViewActivity: Deleted feed source file. Result: true
08-05 02:57:19.901 27610 27610 D OnlineFeedViewActivity: Removing HTML from shownotes
08-05 02:57:20.122 27610 27622 I art     : Starting a blocking GC Explicit
08-05 02:57:20.164 27610 27622 I art     : Explicit concurrent mark sweep GC freed 68396(5MB) AllocSpace objects, 304(20MB) LOS objects, 32% free, 33MB/49MB, paused 1.059ms total 42.473ms
08-05 02:57:20.176 27610 27622 I art     : Starting a blocking GC Explicit
08-05 02:57:20.216 27610 27622 I art     : Explicit concurrent mark sweep GC freed 50083(4MB) AllocSpace objects, 220(14MB) LOS objects, 32% free, 33MB/49MB, paused 1.073ms total 39.590ms
08-05 02:57:20.227 27610 27622 I art     : Starting a blocking GC Explicit
08-05 02:57:20.267 27610 27622 I art     : Explicit concurrent mark sweep GC freed 48534(4MB) AllocSpace objects, 222(14MB) LOS objects, 32% free, 33MB/49MB, paused 1.056ms total 39.457ms
08-05 02:57:20.279 27610 27622 I art     : Starting a blocking GC Explicit
08-05 02:57:20.321 27610 27622 I art     : Explicit concurrent mark sweep GC freed 48038(5MB) AllocSpace objects, 304(20MB) LOS objects, 31% free, 34MB/50MB, paused 1.096ms total 42.416ms
08-05 02:57:20.333 27610 27622 I art     : Starting a blocking GC Explicit
08-05 02:57:20.346 27610 28548 D ApOkHttpUrlLoader: buildLoadData() called with: model = [http://static.libsyn.com/p/assets/7/1/f/3/71f3014e14ef2722/JREiTunesImage2.jpg], width = [350], height = [350]
08-05 02:57:20.348 27610 28364 D DBReader: getImageAuthentication() called with: imageUrl = [http://static.libsyn.com/p/assets/7/1/f/3/71f3014e14ef2722/JREiTunesImage2.jpg]
08-05 02:57:20.351 27610 28364 D ApOkHttpUrlLoader: no credentials for 'http://static.libsyn.com/p/assets/7/1/f/3/71f3014e14ef2722/JREiTunesImage2.jpg'
08-05 02:57:20.372 27610 27622 I art     : Explicit concurrent mark sweep GC freed 18165(1854KB) AllocSpace objects, 104(6MB) LOS objects, 33% free, 31MB/47MB, paused 1.245ms total 38.855ms
08-05 02:57:20.452 27610 28364 D MYTAG   : interceptor 2a
08-05 02:57:20.452 27610 28364 I NAPPA_EXPERIMENTATION: MetricNetworkRequestExecutionTime: REQUEST_DURATION_SYSTEM='101',REQUEST_DURATION_OKHTTP='37',REQUEST_SYNCHRONOUS='TRUE',RESPONSE_CODE='200',RESPONSE_METHOD='GET',RESPONSE_LENGTH_OKHTTP='402832',RESPONSE_LENGTH_HEADER='402832',REQUEST_PROTOCOL='http/1.1',REQUEST_URL='http://static.libsyn.com/p/assets/7/1/f/3/71f3014e14ef2722/JREiTunesImage2.jpg',
08-05 02:57:20.517 23120 23120 W Atfwd_Sendcmd: AtCmdFwd service not published, waiting... retryCnt : 5
08-05 02:57:20.663 27610 27622 I art     : Starting a blocking GC Explicit
08-05 02:57:20.702 27610 27622 I art     : Explicit concurrent mark sweep GC freed 2862(181KB) AllocSpace objects, 3(200KB) LOS objects, 33% free, 31MB/47MB, paused 820us total 38.767ms
08-05 02:57:20.714 27610 27622 I art     : Starting a blocking GC Explicit
08-05 02:57:20.752 27610 27622 I art     : Explicit concurrent mark sweep GC freed 99(4KB) AllocSpace objects, 0(0B) LOS objects, 33% free, 31MB/47MB, paused 793us total 37.500ms
08-05 02:57:20.764 27610 27622 I art     : Starting a blocking GC Explicit
08-05 02:57:20.801 27610 27622 I art     : Explicit concurrent mark sweep GC freed 3(96B) AllocSpace objects, 0(0B) LOS objects, 33% free, 31MB/47MB, paused 814us total 36.923ms
08-05 02:57:20.813 27610 27622 I art     : Starting a blocking GC Explicit
08-05 02:57:20.851 27610 27622 I art     : Explicit concurrent mark sweep GC freed 3(96B) AllocSpace objects, 0(0B) LOS objects, 33% free, 31MB/47MB, paused 804us total 38.304ms
08-05 02:57:20.864 27610 27622 I art     : Starting a blocking GC Explicit
08-05 02:57:20.902 27610 27622 I art     : Explicit concurrent mark sweep GC freed 3(96B) AllocSpace objects, 0(0B) LOS objects, 33% free, 31MB/47MB, paused 763us total 37.845ms
08-05 02:57:21.223 27610 27623 I art     : Starting a blocking GC Explicit
08-05 02:57:21.261 27610 27623 I art     : Explicit concurrent mark sweep GC freed 1370(80KB) AllocSpace objects, 1(20KB) LOS objects, 33% free, 31MB/47MB, paused 821us total 37.884ms
08-05 02:57:21.273 27610 27623 I art     : Starting a blocking GC Explicit
08-05 02:57:21.308 27610 27623 I art     : Explicit concurrent mark sweep GC freed 23(752B) AllocSpace objects, 0(0B) LOS objects, 33% free, 31MB/47MB, paused 807us total 34.791ms
08-05 02:57:21.320 27610 27623 I art     : Starting a blocking GC Explicit
08-05 02:57:21.356 27610 27623 I art     : Explicit concurrent mark sweep GC freed 3(96B) AllocSpace objects, 0(0B) LOS objects, 33% free, 31MB/47MB, paused 795us total 35.515ms
08-05 02:57:21.368 27610 27623 I art     : Starting a blocking GC Explicit
08-05 02:57:21.403 27610 27623 I art     : Explicit concurrent mark sweep GC freed 32(880B) AllocSpace objects, 0(0B) LOS objects, 33% free, 31MB/47MB, paused 814us total 35.612ms
08-05 02:57:21.415 27610 27623 I art     : Starting a blocking GC Explicit
08-05 02:57:21.453 27610 27623 I art     : Explicit concurrent mark sweep GC freed 3(96B) AllocSpace objects, 0(0B) LOS objects, 33% free, 31MB/47MB, paused 800us total 37.143ms
08-05 02:57:21.567 28925 28925 D AndroidRuntime: >>>>>> START com.android.internal.os.RuntimeInit uid 2000 <<<<<<
08-05 02:57:21.574 28925 28925 D AndroidRuntime: CheckJNI is OFF
08-05 02:57:21.614 28925 28925 D ICU     : No timezone override file found: /data/misc/zoneinfo/current/icu/icu_tzdata.dat
08-05 02:57:21.647 28925 28925 I Radio-JNI: register_android_hardware_Radio DONE
08-05 02:57:21.669 28925 28925 D AndroidRuntime: Calling main entry com.android.commands.input.Input
08-05 02:57:21.671 28925 28925 I Input   : injectMotionEvent: MotionEvent { action=ACTION_DOWN, actionButton=0, id[0]=0, x[0]=693.0, y[0]=821.0, toolType[0]=TOOL_TYPE_UNKNOWN, buttonState=0, metaState=0, flags=0x0, edgeFlags=0x0, pointerCount=1, historySize=0, eventTime=759458083, downTime=759458083, deviceId=0, source=0x1002 }
08-05 02:57:21.675 28925 28925 I Input   : injectMotionEvent: MotionEvent { action=ACTION_UP, actionButton=0, id[0]=0, x[0]=693.0, y[0]=821.0, toolType[0]=TOOL_TYPE_UNKNOWN, buttonState=0, metaState=0, flags=0x0, edgeFlags=0x0, pointerCount=1, historySize=0, eventTime=759458083, downTime=759458083, deviceId=0, source=0x1002 }
08-05 02:57:21.677 28925 28925 D AndroidRuntime: Shutting down VM
08-05 02:57:21.685 27610 27610 D UserPreferences: Using default data folder
08-05 02:57:21.685   512  2967 D audio_hw_primary: out_set_parameters: enter: usecase(1: low-latency-playback) kvpairs: routing=2
08-05 02:57:21.685 27610 27610 D DownloadRequester: partiallyDownloadedFileExists: false
08-05 02:57:21.685 27610 27610 D DownloadRequester: /storage/emulated/0/Android/data/baseline.de.danoeh.antennapod.debug/files/cache/feed-The Joe Rogan Experience is available as a download destination
08-05 02:57:21.686 27610 27610 D DownloadRequester: Requesting download of url http://joeroganexp.joerogan.libsynpro.com/rss
08-05 02:57:21.689 27610 27610 D DownloadService: Service started
08-05 02:57:21.691 27610 27610 D DownloadService: parallel downloads: 4
08-05 02:57:21.696 27610 27610 D DownloadService: Notification set up
08-05 02:57:21.697 27610 28952 D downloadCompletionThd: downloadCompletionThread was started
08-05 02:57:21.698   512  2967 D audio_hw_primary: select_devices: out_snd_device(2: speaker) in_snd_device(0: none)
08-05 02:57:21.698   512  2967 D msm8974_platform: platform_send_audio_calibration: sending audio calibration for snd_device(2) acdb_id(15)
08-05 02:57:21.698   512  2967 I soundtrigger: audio_extn_sound_trigger_update_device_status: device 0x2 of type 0 for Event 1
08-05 02:57:21.704 27610 27610 D DownloadService: Received enqueue request
08-05 02:57:21.704 27610 27610 D OnlineFeedViewActivity: onEventMainThread() called with: event = [DownloadEvent{update=DownloaderUpdate{downloaders=[baseline.de.danoeh.antennapod.core.service.download.HttpDownloader@b35a412], feedIds=[0], mediaIds=[]}}]
08-05 02:57:21.705 27610 27610 D DownloadService: 1 downloads left
08-05 02:57:21.705 27610 27610 D DownloadService: Setting up notification updater
08-05 02:57:21.706   918  5132 D WifiService: acquireWifiLockLocked: WifiLock{Downloader type=1 binder=android.os.BinderProxy@5f70e64}
08-05 02:57:21.707 27610 28954 D AntennapodHttpClient: Creating new instance of HTTP client
08-05 02:57:21.715   512  2967 D audio_hw_primary: enable_snd_device: snd_device(2: speaker)
08-05 02:57:21.718   512  2967 D audio_hw_primary: enable_audio_route: apply and update mixer path: low-latency-playback speaker
08-05 02:57:21.754 27610 27684 I art     : Starting a blocking GC Explicit
08-05 02:57:21.784 27610 28954 D MYTAG   : interceptor 3a http://joeroganexp.joerogan.libsynpro.com/rss
08-05 02:57:21.784 27610 28954 I NAPPA_EXPERIMENTATION: MetricNetworkRequestExecutionTime: REQUEST_DURATION_SYSTEM='75',REQUEST_DURATION_OKHTTP='39',REQUEST_SYNCHRONOUS='TRUE',RESPONSE_CODE='200',RESPONSE_METHOD='GET',RESPONSE_LENGTH_OKHTTP='-1',RESPONSE_LENGTH_HEADER='307892',REQUEST_PROTOCOL='http/1.1',REQUEST_URL='http://joeroganexp.joerogan.libsynpro.com/rss',
08-05 02:57:21.784 27610 28954 D HttpDownloader: Response code is 200
08-05 02:57:21.784 27610 28954 D UserPreferences: Using default data folder
08-05 02:57:21.787 27610 28954 D HttpDownloader: Getting size of download
08-05 02:57:21.787 27610 28954 D HttpDownloader: Size is -1
08-05 02:57:21.787 27610 28954 D UserPreferences: Using default data folder
08-05 02:57:21.787 27610 28954 D HttpDownloader: Free space is 20301795328
08-05 02:57:21.787 27610 28954 D HttpDownloader: Starting download
08-05 02:57:21.787 27610 27684 I art     : Explicit concurrent mark sweep GC freed 2626(152KB) AllocSpace objects, 1(20KB) LOS objects, 33% free, 31MB/47MB, paused 867us total 33.178ms
08-05 02:57:21.799 27610 27684 I art     : Starting a blocking GC Explicit
08-05 02:57:21.832 27610 27684 I art     : Explicit concurrent mark sweep GC freed 75(5KB) AllocSpace objects, 0(0B) LOS objects, 33% free, 31MB/47MB, paused 830us total 32.922ms
08-05 02:57:21.843 27610 27684 I art     : Starting a blocking GC Explicit
08-05 02:57:21.876 27610 27684 I art     : Explicit concurrent mark sweep GC freed 16(624B) AllocSpace objects, 0(0B) LOS objects, 33% free, 31MB/47MB, paused 893us total 32.687ms
08-05 02:57:21.887 27610 27684 I art     : Starting a blocking GC Explicit
08-05 02:57:21.903 27610 28954 D HttpDownloader: Download was successful
08-05 02:57:21.904   918  6029 D WifiService: releaseWifiLockLocked: WifiLock{Downloader type=1 binder=android.os.BinderProxy@5f70e64}
08-05 02:57:21.904 27610 28952 D downloadCompletionThd: Received 'Download Complete' - message.
08-05 02:57:21.905 27610 28952 D DownloadService: Handling completed Feed Download
08-05 02:57:21.905 27610 27610 D DownloadService: Removing downloader: http://joeroganexp.joerogan.libsynpro.com/rss
08-05 02:57:21.905 27610 27610 D DownloadService: Result of downloads.remove: true
08-05 02:57:21.908 27610 28957 D TypeGetter: Recognized type RSS 2.0
08-05 02:57:21.909 27610 28957 D SyndHandler: Recognized Atom namespace
08-05 02:57:21.909 27610 28957 D SyndHandler: Recognized ITunes namespace
08-05 02:57:21.909 27610 28957 D SyndHandler: Recognized media namespace
08-05 02:57:21.909 27610 28957 D SyndHandler: Recognized Content namespace
08-05 02:57:21.920 27610 27684 I art     : Explicit concurrent mark sweep GC freed 627(146KB) AllocSpace objects, 3(60KB) LOS objects, 33% free, 31MB/47MB, paused 1.065ms total 33.208ms
08-05 02:57:21.931 27610 27684 I art     : Starting a blocking GC Explicit
08-05 02:57:21.966 27610 27684 I art     : Explicit concurrent mark sweep GC freed 2880(182KB) AllocSpace objects, 0(0B) LOS objects, 33% free, 31MB/47MB, paused 1.126ms total 35.074ms
08-05 02:57:22.228 27610 28549 I art     : Starting a blocking GC Explicit
08-05 02:57:22.269   512  2967 D audio_hw_primary: disable_audio_route: reset and update mixer path: low-latency-playback speaker
08-05 02:57:22.271   512  2967 D audio_hw_primary: disable_snd_device: snd_device(2: speaker)
08-05 02:57:22.273 27610 28549 I art     : Explicit concurrent mark sweep GC freed 21316(1144KB) AllocSpace objects, 1(20KB) LOS objects, 33% free, 32MB/48MB, paused 1.211ms total 45.235ms
08-05 02:57:22.279   512  2967 I soundtrigger: audio_extn_sound_trigger_update_device_status: device 0x2 of type 0 for Event 0
08-05 02:57:22.287 27610 28549 I art     : Starting a blocking GC Explicit
08-05 02:57:22.323 27610 28549 I art     : Explicit concurrent mark sweep GC freed 6519(316KB) AllocSpace objects, 0(0B) LOS objects, 33% free, 32MB/48MB, paused 1.259ms total 35.539ms
08-05 02:57:22.334 27610 28549 I art     : Starting a blocking GC Explicit
08-05 02:57:22.369 27610 28549 I art     : Explicit concurrent mark sweep GC freed 6475(313KB) AllocSpace objects, 0(0B) LOS objects, 33% free, 32MB/48MB, paused 1.165ms total 34.762ms
08-05 02:57:22.379 27610 28549 I art     : Starting a blocking GC Explicit
08-05 02:57:22.416 27610 28549 I art     : Explicit concurrent mark sweep GC freed 3815(197KB) AllocSpace objects, 0(0B) LOS objects, 33% free, 32MB/48MB, paused 1.117ms total 36.342ms
08-05 02:57:22.427 27610 28549 I art     : Starting a blocking GC Explicit
08-05 02:57:22.464 27610 28549 I art     : Explicit concurrent mark sweep GC freed 3794(193KB) AllocSpace objects, 0(0B) LOS objects, 33% free, 32MB/48MB, paused 1.160ms total 36.400ms
08-05 02:57:22.750 27610 28549 I art     : Starting a blocking GC Explicit
08-05 02:57:22.800 27610 28549 I art     : Explicit concurrent mark sweep GC freed 24985(1324KB) AllocSpace objects, 1(20KB) LOS objects, 32% free, 33MB/49MB, paused 1.316ms total 49.745ms
08-05 02:57:22.813 27610 28549 I art     : Starting a blocking GC Explicit
08-05 02:57:22.852 27610 28549 I art     : Explicit concurrent mark sweep GC freed 8163(392KB) AllocSpace objects, 0(0B) LOS objects, 32% free, 33MB/49MB, paused 1.298ms total 38.373ms
08-05 02:57:22.863 27610 28549 I art     : Starting a blocking GC Explicit
08-05 02:57:22.901 27610 28549 I art     : Explicit concurrent mark sweep GC freed 6117(308KB) AllocSpace objects, 0(0B) LOS objects, 32% free, 32MB/48MB, paused 1.124ms total 38.116ms
08-05 02:57:22.913 27610 28549 I art     : Starting a blocking GC Explicit
08-05 02:57:22.952 27610 28549 I art     : Explicit concurrent mark sweep GC freed 3942(207KB) AllocSpace objects, 0(0B) LOS objects, 32% free, 33MB/49MB, paused 1.216ms total 38.700ms
08-05 02:57:22.964 27610 28549 I art     : Starting a blocking GC Explicit
08-05 02:57:23.003 27610 28549 I art     : Explicit concurrent mark sweep GC freed 3835(209KB) AllocSpace objects, 0(0B) LOS objects, 32% free, 33MB/49MB, paused 1.191ms total 39.225ms
08-05 02:57:23.206 27610 27610 D OnlineFeedViewActivity: onEventMainThread() called with: event = [DownloadEvent{update=DownloaderUpdate{downloaders=[], feedIds=[], mediaIds=[]}}]
08-05 02:57:23.284 27610 27684 I art     : Starting a blocking GC Explicit
08-05 02:57:23.335 27610 27684 I art     : Explicit concurrent mark sweep GC freed 24550(1334KB) AllocSpace objects, 1(20KB) LOS objects, 32% free, 33MB/49MB, paused 1.379ms total 50.884ms
08-05 02:57:23.349 27610 27684 I art     : Starting a blocking GC Explicit
08-05 02:57:23.391 27610 27684 I art     : Explicit concurrent mark sweep GC freed 8916(437KB) AllocSpace objects, 0(0B) LOS objects, 32% free, 33MB/49MB, paused 1.658ms total 41.496ms
08-05 02:57:23.403 27610 27684 I art     : Starting a blocking GC Explicit
08-05 02:57:23.444 27610 27684 I art     : Explicit concurrent mark sweep GC freed 6287(323KB) AllocSpace objects, 0(0B) LOS objects, 32% free, 33MB/49MB, paused 1.268ms total 40.735ms
08-05 02:57:23.456 27610 27684 I art     : Starting a blocking GC Explicit
08-05 02:57:23.497 27610 27684 I art     : Explicit concurrent mark sweep GC freed 4199(232KB) AllocSpace objects, 0(0B) LOS objects, 32% free, 33MB/49MB, paused 1.209ms total 41.331ms
08-05 02:57:23.509 27610 27684 I art     : Starting a blocking GC Explicit
08-05 02:57:23.551 27610 27684 I art     : Explicit concurrent mark sweep GC freed 4012(216KB) AllocSpace objects, 0(0B) LOS objects, 32% free, 33MB/49MB, paused 1.285ms total 40.846ms
08-05 02:57:23.801 24365 29098 I NetworkScheduler.Stats: Task com.google.android.apps.gcs/ started execution. cause:4 exec_start_elapsed_seconds: 1742847 [CONTEXT service_id=218 ]
08-05 02:57:23.805 24905 28999 W Gcs.WfaEliRefreshTask: [25787] afk.b: NULL eligibility response.
08-05 02:57:23.808 24365 23289 I NetworkScheduler.Stats: Task com.google.android.gms/com.google.android.gms.icing.service.IcingGcmTaskService started execution. cause:4 exec_start_elapsed_seconds: 1742847 [CONTEXT service_id=218 ]
08-05 02:57:23.808 24365 23289 I NetworkScheduler.Stats: Task com.google.android.apps.gcs/ finished executing. cause:4 result: 3 elapsed_millis: 11 uptime_millis: 11 exec_start_elapsed_seconds: 1742847 [CONTEXT service_id=218 ]
08-05 02:57:23.823 24365 29098 I NetworkScheduler.Stats: Task com.google.android.gms/com.google.android.gms.icing.service.IcingGcmTaskService finished executing. cause:4 result: 1 elapsed_millis: 44 uptime_millis: 44 exec_start_elapsed_seconds: 1742847 [CONTEXT service_id=218 ]
08-05 02:57:23.856 27610 27623 I art     : Starting a blocking GC Explicit
08-05 02:57:23.908 27610 27623 I art     : Explicit concurrent mark sweep GC freed 26420(1449KB) AllocSpace objects, 1(20KB) LOS objects, 31% free, 34MB/50MB, paused 1.298ms total 51.176ms
08-05 02:57:23.923 27610 27623 I art     : Starting a blocking GC Explicit
08-05 02:57:23.966 27610 27623 I art     : Explicit concurrent mark sweep GC freed 11183(537KB) AllocSpace objects, 0(0B) LOS objects, 31% free, 34MB/50MB, paused 1.336ms total 42.768ms
08-05 02:57:23.979 27610 27623 I art     : Starting a blocking GC Explicit
08-05 02:57:24.020 27610 27623 I art     : Explicit concurrent mark sweep GC freed 5023(214KB) AllocSpace objects, 0(0B) LOS objects, 31% free, 34MB/50MB, paused 1.129ms total 41.272ms
08-05 02:57:24.033 27610 27623 I art     : Starting a blocking GC Explicit
08-05 02:57:24.076 27610 27623 I art     : Explicit concurrent mark sweep GC freed 4632(195KB) AllocSpace objects, 0(0B) LOS objects, 31% free, 34MB/50MB, paused 1.268ms total 42.754ms
08-05 02:57:24.090 27610 27623 I art     : Starting a blocking GC Explicit
08-05 02:57:24.136 27610 27623 I art     : Explicit concurrent mark sweep GC freed 4663(197KB) AllocSpace objects, 0(0B) LOS objects, 31% free, 34MB/50MB, paused 1.261ms total 45.932ms
08-05 02:57:24.352 27610 28957 D FeedSyncThread: The Joe Rogan Experience parsed
08-05 02:57:24.359 27610 28957 D FeedSyncThread: Deletion of file '/storage/emulated/0/Android/data/baseline.de.danoeh.antennapod.debug/files/cache/feed-The Joe Rogan Experience' successful
08-05 02:57:24.359 27610 28957 D DBReader: getFeedDownloadLog() called with: feed = [baseline.de.danoeh.antennapod.core.feed.Feed@0]
08-05 02:57:24.360 27610 28953 D FeedSyncThread: Bundling 1 feeds
08-05 02:57:24.361 27610 29006 D DBReader: Extracting Feedlist
08-05 02:57:24.362 27610 29006 D DBTasks : Found no existing Feed with title The Joe Rogan Experience. Adding as new one.
08-05 02:57:24.364 27610 28676 D PodDBAdapter: Setting feed with flattr status The Joe Rogan Experience: 0
08-05 02:57:24.364 27610 28676 D baseline.de.danoeh.antennapod.core.storage.PodDBAdapter@1666ccd: Inserting new Feed into db
08-05 02:57:24.447 27610 28549 I art     : Starting a blocking GC Explicit
08-05 02:57:24.506 27610 28549 I art     : Explicit concurrent mark sweep GC freed 58928(3MB) AllocSpace objects, 1(20KB) LOS objects, 31% free, 35MB/51MB, paused 1.232ms total 58.907ms
08-05 02:57:24.520 27610 28549 I art     : Starting a blocking GC Explicit
08-05 02:57:24.566 27610 28549 I art     : Explicit concurrent mark sweep GC freed 22821(1550KB) AllocSpace objects, 0(0B) LOS objects, 31% free, 34MB/50MB, paused 1.149ms total 45.446ms
08-05 02:57:24.579 27610 28549 I art     : Starting a blocking GC Explicit
08-05 02:57:24.625 27610 28549 I art     : Explicit concurrent mark sweep GC freed 16764(1252KB) AllocSpace objects, 0(0B) LOS objects, 31% free, 34MB/50MB, paused 1.054ms total 45.663ms
08-05 02:57:24.638 27610 28549 I art     : Starting a blocking GC Explicit
08-05 02:57:24.687 27610 28549 I art     : Explicit concurrent mark sweep GC freed 16559(1238KB) AllocSpace objects, 0(0B) LOS objects, 31% free, 34MB/50MB, paused 1.172ms total 48.284ms
08-05 02:57:24.701 27610 28549 I art     : Starting a blocking GC Explicit
08-05 02:57:24.708 27610 27610 D OnlineFeedViewActivity: onEventMainThread() called with: event = [DownloadEvent{update=DownloaderUpdate{downloaders=[], feedIds=[], mediaIds=[]}}]
08-05 02:57:24.748 27610 28549 I art     : Explicit concurrent mark sweep GC freed 15223(1142KB) AllocSpace objects, 0(0B) LOS objects, 31% free, 34MB/50MB, paused 1.075ms total 47.012ms
08-05 02:57:24.856 27610 27610 D EventDistributor: Processing event queue. Number of events: 1
08-05 02:57:24.856 27610 27610 D EventDistributor: Notifying observers. Data: 1
08-05 02:57:24.857 27610 28151 D DBReader: Extracting Feedlist
08-05 02:57:24.858 27610 27610 D DownloadService: 0 downloads left
08-05 02:57:24.858 27610 27610 D DownloadService: Number of downloads is 0, attempting shutdown
08-05 02:57:24.860 27610 27610 D DownloadService: Service shutting down
08-05 02:57:24.860 27610 27610 D DownloadService: No report is created
08-05 02:57:24.860 27610 27610 D OnlineFeedViewActivity: onEventMainThread() called with: event = [DownloadEvent{update=DownloaderUpdate{downloaders=[], feedIds=[], mediaIds=[]}}]
08-05 02:57:24.863 27610 27610 D DownloadService: NotificationUpdater cancelled. Result: false
08-05 02:57:24.863 27610 28952 E downloadCompletionThd: DownloadCompletionThread was interrupted
08-05 02:57:24.864 27610 27610 D DBTasks : autodownloadUndownloadedItems
08-05 02:57:24.864 27610 28677 D NetworkUtils: Device is connected to Wi-Fi
08-05 02:57:24.864 27610 28677 D NetworkUtils: Auto-dl filter is disabled
08-05 02:57:25.038 27610 27622 I art     : Starting a blocking GC Explicit
08-05 02:57:25.094 27610 27622 I art     : Explicit concurrent mark sweep GC freed 48411(4MB) AllocSpace objects, 2(40KB) LOS objects, 33% free, 31MB/47MB, paused 892us total 54.914ms
08-05 02:57:25.096   518   646 I ThermalEngine: ACTION: GPU - Setting GPU[0] to 450000000
08-05 02:57:25.110 27610 27622 I art     : Starting a blocking GC Explicit
08-05 02:57:25.152 27610 27622 I art     : Explicit concurrent mark sweep GC freed 99(4KB) AllocSpace objects, 0(0B) LOS objects, 33% free, 31MB/47MB, paused 1.193ms total 41.467ms
08-05 02:57:25.167 27610 27622 I art     : Starting a blocking GC Explicit
08-05 02:57:25.217 27610 27622 I art     : Explicit concurrent mark sweep GC freed 3(96B) AllocSpace objects, 0(0B) LOS objects, 33% free, 31MB/47MB, paused 1.211ms total 49.110ms
08-05 02:57:25.233 27610 27622 I art     : Starting a blocking GC Explicit
08-05 02:57:25.285 27610 27622 I art     : Explicit concurrent mark sweep GC freed 3(96B) AllocSpace objects, 0(0B) LOS objects, 33% free, 31MB/47MB, paused 1.213ms total 52.086ms
08-05 02:57:25.301 27610 27622 I art     : Starting a blocking GC Explicit
08-05 02:57:25.351 27610 27622 I art     : Explicit concurrent mark sweep GC freed 3(96B) AllocSpace objects, 0(0B) LOS objects, 33% free, 31MB/47MB, paused 1.212ms total 49.848ms
08-05 02:57:25.679 27610 28549 I art     : Starting a blocking GC Explicit
08-05 02:57:25.738 27610 28549 I art     : Explicit concurrent mark sweep GC freed 1415(83KB) AllocSpace objects, 1(20KB) LOS objects, 33% free, 31MB/47MB, paused 1.348ms total 58.919ms
08-05 02:57:25.759 27610 28549 I art     : Starting a blocking GC Explicit
08-05 02:57:25.809 27610 28549 I art     : Explicit concurrent mark sweep GC freed 23(752B) AllocSpace objects, 0(0B) LOS objects, 33% free, 31MB/47MB, paused 1.212ms total 49.583ms
08-05 02:57:25.824 27610 28549 I art     : Starting a blocking GC Explicit
08-05 02:57:25.876 27610 28549 I art     : Explicit concurrent mark sweep GC freed 3(96B) AllocSpace objects, 0(0B) LOS objects, 33% free, 31MB/47MB, paused 1.226ms total 51.109ms
08-05 02:57:25.892 27610 28549 I art     : Starting a blocking GC Explicit
08-05 02:57:25.939 27610 28549 I art     : Explicit concurrent mark sweep GC freed 3(96B) AllocSpace objects, 0(0B) LOS objects, 33% free, 31MB/47MB, paused 1.148ms total 47.428ms
08-05 02:57:25.955 27610 28549 I art     : Starting a blocking GC Explicit
08-05 02:57:25.999 27610 28549 I art     : Explicit concurrent mark sweep GC freed 3(96B) AllocSpace objects, 0(0B) LOS objects, 33% free, 31MB/47MB, paused 1.164ms total 43.976ms
08-05 02:57:26.317 27610 27684 I art     : Starting a blocking GC Explicit
08-05 02:57:26.376 27610 27684 I art     : Explicit concurrent mark sweep GC freed 1407(81KB) AllocSpace objects, 1(20KB) LOS objects, 33% free, 31MB/47MB, paused 1.384ms total 58.476ms
08-05 02:57:26.395 27610 27684 I art     : Starting a blocking GC Explicit
08-05 02:57:26.445 27610 27684 I art     : Explicit concurrent mark sweep GC freed 23(752B) AllocSpace objects, 0(0B) LOS objects, 33% free, 31MB/47MB, paused 1.197ms total 49.485ms
08-05 02:57:26.460 27610 27684 I art     : Starting a blocking GC Explicit
08-05 02:57:26.491 29032 29032 D AndroidRuntime: >>>>>> START com.android.internal.os.RuntimeInit uid 2000 <<<<<<
08-05 02:57:26.497 29032 29032 D AndroidRuntime: CheckJNI is OFF
08-05 02:57:26.508 27610 27684 I art     : Explicit concurrent mark sweep GC freed 3(96B) AllocSpace objects, 0(0B) LOS objects, 33% free, 31MB/47MB, paused 1.321ms total 47.881ms
08-05 02:57:26.523 27610 27684 I art     : Starting a blocking GC Explicit
08-05 02:57:26.543 29032 29032 D ICU     : No timezone override file found: /data/misc/zoneinfo/current/icu/icu_tzdata.dat
08-05 02:57:26.570 27610 27684 I art     : Explicit concurrent mark sweep GC freed 3(96B) AllocSpace objects, 0(0B) LOS objects, 33% free, 31MB/47MB, paused 1.301ms total 46.409ms
08-05 02:57:26.585 27610 27684 I art     : Starting a blocking GC Explicit
08-05 02:57:26.590 29032 29032 I Radio-JNI: register_android_hardware_Radio DONE
08-05 02:57:26.622 29032 29032 D AndroidRuntime: Calling main entry com.android.commands.input.Input
08-05 02:57:26.624 29032 29032 I Input   : injectKeyEvent: KeyEvent { action=ACTION_DOWN, keyCode=KEYCODE_BACK, scanCode=0, metaState=0, flags=0x0, repeatCount=0, eventTime=759463037, downTime=759463037, deviceId=-1, source=0x101 }
08-05 02:57:26.635 29032 29032 I Input   : injectKeyEvent: KeyEvent { action=ACTION_UP, keyCode=KEYCODE_BACK, scanCode=0, metaState=0, flags=0x0, repeatCount=0, eventTime=759463037, downTime=759463037, deviceId=-1, source=0x101 }
08-05 02:57:26.640 27610 27684 I art     : Explicit concurrent mark sweep GC freed 10(640B) AllocSpace objects, 0(0B) LOS objects, 33% free, 31MB/47MB, paused 1.441ms total 54.552ms
08-05 02:57:26.644 29032 29032 D AndroidRuntime: Shutting down VM
08-05 02:57:26.651 27610 27610 V PlaybackController: initServiceNotRunning()
08-05 02:57:26.651 27610 27610 D ExternalPlayerFragment: Loading media info
08-05 02:57:26.657 27610 27610 D UserPreferences: Using default data folder
08-05 02:57:26.657 27610 28151 D DBReader: getNavDrawerData() called with: 
08-05 02:57:26.670 27610 28151 D DBReader: getDownloadedItems() called
08-05 02:57:26.671 27610 28151 D DBReader: getFavoriteIDList() called
08-05 02:57:26.672 27610 28151 D DBReader: getQueueIDList() called
08-05 02:57:26.672 27610 28151 D DBReader: Extracting Feedlist
08-05 02:57:26.686 13866 13866 I GoogleInputMethodServic: GoogleInputMethodService.onFinishInput():3138 
08-05 02:57:26.690 13866 13866 I GoogleInputMethodServic: GoogleInputMethodService.onStartInput():1808 
08-05 02:57:26.700 27610 27610 D MainActivity: getLastNavFragment() -> AddFeedFragment
08-05 02:57:26.707 27610 28548 D ApOkHttpUrlLoader: buildLoadData() called with: model = [http://static.libsyn.com/p/assets/7/1/f/3/71f3014e14ef2722/JREiTunesImage2.jpg], width = [140], height = [140]
08-05 02:57:26.747 27610 28548 D ApOkHttpUrlLoader: buildLoadData() called with: model = [http://static.libsyn.com/p/assets/7/1/f/3/71f3014e14ef2722/JREiTunesImage2.jpg], width = [140], height = [140]
08-05 02:57:26.944 27610 27622 I art     : Starting a blocking GC Explicit
08-05 02:57:26.988   380   380 W SurfaceFlinger: couldn't log to binary event log: overflow.
08-05 02:57:26.999 27610 27622 I art     : Explicit concurrent mark sweep GC freed 3347(205KB) AllocSpace objects, 1(20KB) LOS objects, 33% free, 31MB/47MB, paused 1.384ms total 54.616ms
08-05 02:57:27.014 27610 27622 I art     : Starting a blocking GC Explicit
08-05 02:57:27.056 27610 27622 I art     : Explicit concurrent mark sweep GC freed 659(32KB) AllocSpace objects, 0(0B) LOS objects, 33% free, 31MB/47MB, paused 1.128ms total 42.441ms
08-05 02:57:27.070 27610 27622 I art     : Starting a blocking GC Explicit
08-05 02:57:27.099   518   646 I ThermalEngine: ACTION: GPU - Setting GPU[0] to 510000000
08-05 02:57:27.109 27610 27622 I art     : Explicit concurrent mark sweep GC freed 33317(3MB) AllocSpace objects, 2(248KB) LOS objects, 36% free, 28MB/44MB, paused 1.138ms total 38.544ms
08-05 02:57:27.121 27610 27622 I art     : Starting a blocking GC Explicit
08-05 02:57:27.150 27610 27622 I art     : Explicit concurrent mark sweep GC freed 3(96B) AllocSpace objects, 0(0B) LOS objects, 36% free, 28MB/44MB, paused 936us total 28.871ms
08-05 02:57:27.159 27610 27622 I art     : Starting a blocking GC Explicit
08-05 02:57:27.186 27610 27622 I art     : Explicit concurrent mark sweep GC freed 3(96B) AllocSpace objects, 0(0B) LOS objects, 36% free, 28MB/44MB, paused 846us total 26.082ms
08-05 02:57:27.475 27610 27684 I art     : Starting a blocking GC Explicit
08-05 02:57:27.510 27610 27684 I art     : Explicit concurrent mark sweep GC freed 1404(81KB) AllocSpace objects, 1(20KB) LOS objects, 36% free, 28MB/44MB, paused 938us total 35.033ms
08-05 02:57:27.522 27610 27684 I art     : Starting a blocking GC Explicit
08-05 02:57:27.550 27610 27684 I art     : Explicit concurrent mark sweep GC freed 23(752B) AllocSpace objects, 0(0B) LOS objects, 36% free, 28MB/44MB, paused 899us total 28.086ms
08-05 02:57:27.560 27610 27684 I art     : Starting a blocking GC Explicit
08-05 02:57:27.588 27610 27684 I art     : Explicit concurrent mark sweep GC freed 3(96B) AllocSpace objects, 0(0B) LOS objects, 36% free, 28MB/44MB, paused 961us total 28.177ms
08-05 02:57:27.597 27610 27684 I art     : Starting a blocking GC Explicit
08-05 02:57:27.625 27610 27684 I art     : Explicit concurrent mark sweep GC freed 3(96B) AllocSpace objects, 0(0B) LOS objects, 36% free, 28MB/44MB, paused 866us total 26.933ms
08-05 02:57:27.634 27610 27684 I art     : Starting a blocking GC Explicit
08-05 02:57:27.662 27610 27684 I art     : Explicit concurrent mark sweep GC freed 3(96B) AllocSpace objects, 0(0B) LOS objects, 36% free, 28MB/44MB, paused 936us total 27.710ms
08-05 02:57:27.962 27610 27623 I art     : Starting a blocking GC Explicit
08-05 02:57:27.989 27610 27623 I art     : Explicit concurrent mark sweep GC freed 1373(82KB) AllocSpace objects, 1(20KB) LOS objects, 36% free, 28MB/44MB, paused 933us total 27.577ms
08-05 02:57:27.999 27610 27623 I art     : Starting a blocking GC Explicit
08-05 02:57:28.026 27610 27623 I art     : Explicit concurrent mark sweep GC freed 23(752B) AllocSpace objects, 0(0B) LOS objects, 36% free, 28MB/44MB, paused 869us total 26.800ms
08-05 02:57:28.035 27610 27623 I art     : Starting a blocking GC Explicit
08-05 02:57:28.061 27610 27623 I art     : Explicit concurrent mark sweep GC freed 3(96B) AllocSpace objects, 0(0B) LOS objects, 36% free, 28MB/44MB, paused 874us total 26.390ms
08-05 02:57:28.071 27610 27623 I art     : Starting a blocking GC Explicit
08-05 02:57:28.097 27610 27623 I art     : Explicit concurrent mark sweep GC freed 3(96B) AllocSpace objects, 0(0B) LOS objects, 36% free, 28MB/44MB, paused 944us total 26.263ms
08-05 02:57:28.107 27610 27623 I art     : Starting a blocking GC Explicit
08-05 02:57:28.133 27610 27623 I art     : Explicit concurrent mark sweep GC freed 3(96B) AllocSpace objects, 0(0B) LOS objects, 36% free, 28MB/44MB, paused 873us total 25.787ms
08-05 02:57:28.315 29084 29084 D AndroidRuntime: >>>>>> START com.android.internal.os.RuntimeInit uid 2000 <<<<<<
08-05 02:57:28.323 29084 29084 D AndroidRuntime: CheckJNI is OFF
08-05 02:57:28.362 29084 29084 D ICU     : No timezone override file found: /data/misc/zoneinfo/current/icu/icu_tzdata.dat
08-05 02:57:28.392 29084 29084 I Radio-JNI: register_android_hardware_Radio DONE
08-05 02:57:28.413 29084 29084 D AndroidRuntime: Calling main entry com.android.commands.input.Input
08-05 02:57:28.415 29084 29084 I Input   : injectMotionEvent: MotionEvent { action=ACTION_DOWN, actionButton=0, id[0]=0, x[0]=639.0, y[0]=762.0, toolType[0]=TOOL_TYPE_UNKNOWN, buttonState=0, metaState=0, flags=0x0, edgeFlags=0x0, pointerCount=1, historySize=0, eventTime=759464827, downTime=759464827, deviceId=0, source=0x1002 }
08-05 02:57:28.419 29084 29084 I Input   : injectMotionEvent: MotionEvent { action=ACTION_UP, actionButton=0, id[0]=0, x[0]=639.0, y[0]=762.0, toolType[0]=TOOL_TYPE_UNKNOWN, buttonState=0, metaState=0, flags=0x0, edgeFlags=0x0, pointerCount=1, historySize=0, eventTime=759464827, downTime=759464827, deviceId=0, source=0x1002 }
08-05 02:57:28.420 29084 29084 D AndroidRuntime: Shutting down VM
08-05 02:57:28.457 27610 27622 I art     : Starting a blocking GC Explicit
08-05 02:57:28.482 27610 27622 I art     : Explicit concurrent mark sweep GC freed 1672(95KB) AllocSpace objects, 1(20KB) LOS objects, 36% free, 28MB/44MB, paused 786us total 24.776ms
08-05 02:57:28.492   512  2967 D audio_hw_primary: out_set_parameters: enter: usecase(1: low-latency-playback) kvpairs: routing=2
08-05 02:57:28.492 27610 27622 I art     : Starting a blocking GC Explicit
08-05 02:57:28.505   512  2967 D audio_hw_primary: select_devices: out_snd_device(2: speaker) in_snd_device(0: none)
08-05 02:57:28.505   512  2967 D msm8974_platform: platform_send_audio_calibration: sending audio calibration for snd_device(2) acdb_id(15)
08-05 02:57:28.505   512  2967 I soundtrigger: audio_extn_sound_trigger_update_device_status: device 0x2 of type 0 for Event 1
08-05 02:57:28.512 13866 13866 I GoogleInputMethodServic: GoogleInputMethodService.onFinishInput():3138 
08-05 02:57:28.513 13866 13866 I GoogleInputMethodServic: GoogleInputMethodService.onStartInput():1808 
08-05 02:57:28.516   512  2967 D audio_hw_primary: enable_snd_device: snd_device(2: speaker)
08-05 02:57:28.518   512  2967 D audio_hw_primary: enable_audio_route: apply and update mixer path: low-latency-playback speaker
08-05 02:57:28.520 27610 27622 I art     : Explicit concurrent mark sweep GC freed 219(9KB) AllocSpace objects, 0(0B) LOS objects, 36% free, 28MB/44MB, paused 1.016ms total 28.109ms
08-05 02:57:28.529 27610 27622 I art     : Starting a blocking GC Explicit
08-05 02:57:28.555 27610 27622 I art     : Explicit concurrent mark sweep GC freed 28(1216B) AllocSpace objects, 0(0B) LOS objects, 36% free, 28MB/44MB, paused 940us total 25.346ms
08-05 02:57:28.563 27610 27622 I art     : Starting a blocking GC Explicit
08-05 02:57:28.588 27610 27622 I art     : Explicit concurrent mark sweep GC freed 15(544B) AllocSpace objects, 0(0B) LOS objects, 36% free, 28MB/44MB, paused 909us total 25.051ms
08-05 02:57:28.597 27610 27622 I art     : Starting a blocking GC Explicit
08-05 02:57:28.622 27610 27622 I art     : Explicit concurrent mark sweep GC freed 13(480B) AllocSpace objects, 0(0B) LOS objects, 36% free, 28MB/44MB, paused 882us total 24.574ms
08-05 02:57:28.765 27610 27630 I NAPPA_EXPERIMENTATION: MetricNetworkRequestExecutionTime: REQUEST_DURATION_SYSTEM='275',REQUEST_DURATION_OKHTTP='274',REQUEST_SYNCHRONOUS='TRUE',RESPONSE_CODE='200',RESPONSE_METHOD='GET',RESPONSE_LENGTH_OKHTTP='-1',RESPONSE_LENGTH_HEADER='622',REQUEST_PROTOCOL='h2',REQUEST_URL='https://itunes.apple.com/lookup?id=360084272',
08-05 02:57:28.775   918   929 I ActivityManager: START u0 {cmp=baseline.de.danoeh.antennapod.debug/baseline.de.danoeh.antennapod.activity.OnlineFeedViewActivity (has extras)} from uid 10691 on display 0
08-05 02:57:28.801 13866 13866 I GoogleInputMethodServic: GoogleInputMethodService.onFinishInput():3138 
08-05 02:57:28.802 13866 13866 I GoogleInputMethodServic: GoogleInputMethodService.onStartInput():1808 
08-05 02:57:28.821 27610 27610 D UserPreferences: Using default data folder
08-05 02:57:28.821 27610 27610 D OnlineFeedViewActivity: Activity was started with url http://joeroganexp.joerogan.libsynpro.com/rss
08-05 02:57:28.824 27610 27610 D OnlineFeedViewActivity: Starting feed download
08-05 02:57:28.827 27610 28150 D DBReader: Extracting Feedlist
08-05 02:57:28.829   918  4400 D WifiService: acquireWifiLockLocked: WifiLock{Downloader type=1 binder=android.os.BinderProxy@788ea00}
08-05 02:57:28.829 27610 28150 D AntennapodHttpClient: Creating new instance of HTTP client
08-05 02:57:28.872 27610 27623 I art     : Starting a blocking GC Explicit
08-05 02:57:28.882 27610 28150 D MYTAG   : interceptor 3a http://joeroganexp.joerogan.libsynpro.com/rss
08-05 02:57:28.883 27610 28150 I NAPPA_EXPERIMENTATION: MetricNetworkRequestExecutionTime: REQUEST_DURATION_SYSTEM='53',REQUEST_DURATION_OKHTTP='46',REQUEST_SYNCHRONOUS='TRUE',RESPONSE_CODE='200',RESPONSE_METHOD='GET',RESPONSE_LENGTH_OKHTTP='-1',RESPONSE_LENGTH_HEADER='307892',REQUEST_PROTOCOL='http/1.1',REQUEST_URL='http://joeroganexp.joerogan.libsynpro.com/rss',
08-05 02:57:28.883 27610 28150 D HttpDownloader: Response code is 200
08-05 02:57:28.883 27610 28150 D UserPreferences: Using default data folder
08-05 02:57:28.883 13866 13866 I GoogleInputMethodServic: GoogleInputMethodService.onFinishInput():3138 
08-05 02:57:28.884 13866 13866 I GoogleInputMethodServic: GoogleInputMethodService.onStartInput():1808 
08-05 02:57:28.885 27610 28150 D HttpDownloader: Getting size of download
08-05 02:57:28.885 27610 28150 D HttpDownloader: Size is -1
08-05 02:57:28.885 27610 28150 D UserPreferences: Using default data folder
08-05 02:57:28.885 27610 28150 D HttpDownloader: Free space is 20300566528
08-05 02:57:28.885 27610 28150 D HttpDownloader: Starting download
08-05 02:57:28.900 27610 27623 I art     : Explicit concurrent mark sweep GC freed 3318(224KB) AllocSpace objects, 1(20KB) LOS objects, 35% free, 28MB/44MB, paused 1.280ms total 27.791ms
08-05 02:57:28.910   918   936 I ActivityManager: Displayed baseline.de.danoeh.antennapod.debug/baseline.de.danoeh.antennapod.activity.OnlineFeedViewActivity: +109ms
08-05 02:57:28.913 27610 27623 I art     : Starting a blocking GC Explicit
08-05 02:57:28.932 27610 27631 D OpenGLRenderer: endAllStagingAnimators on 0x7f99466400 (GridView) with handle 0x7f7a77dec0
08-05 02:57:28.939 27610 27623 I art     : Explicit concurrent mark sweep GC freed 411(18KB) AllocSpace objects, 0(0B) LOS objects, 35% free, 28MB/44MB, paused 847us total 26.296ms
08-05 02:57:28.948 27610 27623 I art     : Starting a blocking GC Explicit
08-05 02:57:28.973 27610 27623 I art     : Explicit concurrent mark sweep GC freed 20(1200B) AllocSpace objects, 0(0B) LOS objects, 35% free, 28MB/44MB, paused 878us total 24.086ms
08-05 02:57:28.982 27610 27623 I art     : Starting a blocking GC Explicit
08-05 02:57:29.006 27610 27623 I art     : Explicit concurrent mark sweep GC freed 5(160B) AllocSpace objects, 0(0B) LOS objects, 35% free, 28MB/44MB, paused 850us total 24.131ms
08-05 02:57:29.016 27610 27623 I art     : Starting a blocking GC Explicit
08-05 02:57:29.041 27610 27623 I art     : Explicit concurrent mark sweep GC freed 3(96B) AllocSpace objects, 0(0B) LOS objects, 35% free, 28MB/44MB, paused 887us total 25.219ms
08-05 02:57:29.049   512  2967 D audio_hw_primary: disable_audio_route: reset and update mixer path: low-latency-playback speaker
08-05 02:57:29.050   512  2967 D audio_hw_primary: disable_snd_device: snd_device(2: speaker)
08-05 02:57:29.061   512  2967 I soundtrigger: audio_extn_sound_trigger_update_device_status: device 0x2 of type 0 for Event 0
08-05 02:57:29.086 27610 28150 D HttpDownloader: Download was successful
08-05 02:57:29.086   918  4400 D WifiService: releaseWifiLockLocked: WifiLock{Downloader type=1 binder=android.os.BinderProxy@788ea00}
08-05 02:57:29.087 27610 27610 D OnlineFeedViewActivity: Parsing feed
08-05 02:57:29.091 27610 29121 D TypeGetter: Recognized type RSS 2.0
08-05 02:57:29.094 27610 29121 D SyndHandler: Recognized Atom namespace
08-05 02:57:29.094 27610 29121 D SyndHandler: Recognized ITunes namespace
08-05 02:57:29.094 27610 29121 D SyndHandler: Recognized media namespace
08-05 02:57:29.094 27610 29121 D SyndHandler: Recognized Content namespace
08-05 02:57:29.140   380   380 W SurfaceFlinger: couldn't log to binary event log: overflow.
08-05 02:57:29.277 27610 27610 D PlaybackController: Releasing PlaybackController
08-05 02:57:29.335 27610 27622 I art     : Starting a blocking GC Explicit
08-05 02:57:29.368 27610 27622 I art     : Explicit concurrent mark sweep GC freed 20074(1228KB) AllocSpace objects, 4(80KB) LOS objects, 35% free, 29MB/45MB, paused 1.236ms total 32.950ms
08-05 02:57:29.378 27610 27622 I art     : Starting a blocking GC Explicit
08-05 02:57:29.407 27610 27622 I art     : Explicit concurrent mark sweep GC freed 5415(263KB) AllocSpace objects, 0(0B) LOS objects, 35% free, 29MB/45MB, paused 1.259ms total 28.893ms
08-05 02:57:29.416 27610 27622 I art     : Starting a blocking GC Explicit
08-05 02:57:29.443 27610 27622 I art     : Explicit concurrent mark sweep GC freed 5704(274KB) AllocSpace objects, 0(0B) LOS objects, 35% free, 29MB/45MB, paused 1.104ms total 27.294ms
08-05 02:57:29.452 27610 27622 I art     : Starting a blocking GC Explicit
08-05 02:57:29.479 27610 27622 I art     : Explicit concurrent mark sweep GC freed 2790(144KB) AllocSpace objects, 0(0B) LOS objects, 35% free, 29MB/45MB, paused 1.123ms total 26.480ms
08-05 02:57:29.488 27610 27622 I art     : Starting a blocking GC Explicit
08-05 02:57:29.515 27610 27622 I art     : Explicit concurrent mark sweep GC freed 2820(138KB) AllocSpace objects, 0(0B) LOS objects, 35% free, 29MB/45MB, paused 1.158ms total 27.160ms
08-05 02:57:29.786 27610 27623 I art     : Starting a blocking GC Explicit
08-05 02:57:29.821 27610 27623 I art     : Explicit concurrent mark sweep GC freed 23297(1237KB) AllocSpace objects, 1(20KB) LOS objects, 34% free, 29MB/45MB, paused 1.318ms total 35.344ms
08-05 02:57:29.833 27610 27623 I art     : Starting a blocking GC Explicit
08-05 02:57:29.862 27610 27623 I art     : Explicit concurrent mark sweep GC freed 5191(253KB) AllocSpace objects, 0(0B) LOS objects, 34% free, 29MB/45MB, paused 1.112ms total 29.389ms
08-05 02:57:29.872 27610 27623 I art     : Starting a blocking GC Explicit
08-05 02:57:29.900 27610 27623 I art     : Explicit concurrent mark sweep GC freed 7115(347KB) AllocSpace objects, 0(0B) LOS objects, 35% free, 29MB/45MB, paused 1.165ms total 28.074ms
08-05 02:57:29.909 27610 27623 I art     : Starting a blocking GC Explicit
08-05 02:57:29.937 27610 27623 I art     : Explicit concurrent mark sweep GC freed 3028(153KB) AllocSpace objects, 0(0B) LOS objects, 35% free, 29MB/45MB, paused 1.207ms total 27.597ms
08-05 02:57:29.947 27610 27623 I art     : Starting a blocking GC Explicit
08-05 02:57:29.975 27610 27623 I art     : Explicit concurrent mark sweep GC freed 3028(151KB) AllocSpace objects, 0(0B) LOS objects, 35% free, 29MB/45MB, paused 1.166ms total 27.940ms
08-05 02:57:30.273 27610 27622 I art     : Starting a blocking GC Explicit
08-05 02:57:30.312 27610 27622 I art     : Explicit concurrent mark sweep GC freed 25782(1398KB) AllocSpace objects, 1(20KB) LOS objects, 34% free, 30MB/46MB, paused 1.337ms total 38.751ms
08-05 02:57:30.323 27610 27622 I art     : Starting a blocking GC Explicit
08-05 02:57:30.356 27610 27622 I art     : Explicit concurrent mark sweep GC freed 6028(300KB) AllocSpace objects, 0(0B) LOS objects, 34% free, 30MB/46MB, paused 1.334ms total 32.897ms
08-05 02:57:30.366 27610 27622 I art     : Starting a blocking GC Explicit
08-05 02:57:30.396 27610 27622 I art     : Explicit concurrent mark sweep GC freed 7770(373KB) AllocSpace objects, 0(0B) LOS objects, 34% free, 30MB/46MB, paused 1.089ms total 29.828ms
08-05 02:57:30.405 27610 27622 I art     : Starting a blocking GC Explicit
08-05 02:57:30.436 27610 27622 I art     : Explicit concurrent mark sweep GC freed 3228(177KB) AllocSpace objects, 0(0B) LOS objects, 34% free, 30MB/46MB, paused 1.131ms total 30.443ms
08-05 02:57:30.446 27610 27622 I art     : Starting a blocking GC Explicit
08-05 02:57:30.477 27610 27622 I art     : Explicit concurrent mark sweep GC freed 3280(174KB) AllocSpace objects, 0(0B) LOS objects, 34% free, 30MB/46MB, paused 1.180ms total 30.562ms
08-05 02:57:30.776 27610 27623 I art     : Starting a blocking GC Explicit
08-05 02:57:30.818 27610 27623 I art     : Explicit concurrent mark sweep GC freed 25799(1425KB) AllocSpace objects, 1(20KB) LOS objects, 33% free, 31MB/47MB, paused 1.256ms total 42.455ms
08-05 02:57:30.831 27610 27623 I art     : Starting a blocking GC Explicit
08-05 02:57:30.865 27610 27623 I art     : Explicit concurrent mark sweep GC freed 3661(182KB) AllocSpace objects, 0(0B) LOS objects, 33% free, 31MB/47MB, paused 1.385ms total 33.649ms
08-05 02:57:30.876 27610 27623 I art     : Starting a blocking GC Explicit
08-05 02:57:30.911 27610 27623 I art     : Explicit concurrent mark sweep GC freed 7588(361KB) AllocSpace objects, 0(0B) LOS objects, 33% free, 31MB/47MB, paused 1.204ms total 34.772ms
08-05 02:57:30.921 27610 27623 I art     : Starting a blocking GC Explicit
08-05 02:57:30.954 27610 27623 I art     : Explicit concurrent mark sweep GC freed 6716(329KB) AllocSpace objects, 0(0B) LOS objects, 34% free, 31MB/47MB, paused 1.134ms total 32.164ms
08-05 02:57:30.964 27610 27623 I art     : Starting a blocking GC Explicit
08-05 02:57:30.997 27610 27623 I art     : Explicit concurrent mark sweep GC freed 3360(173KB) AllocSpace objects, 0(0B) LOS objects, 33% free, 31MB/47MB, paused 1.313ms total 32.469ms
08-05 02:57:31.107   518   646 I ThermalEngine: ACTION: GPU - Setting GPU[0] to 450000000
08-05 02:57:31.322 27610 28549 I art     : Starting a blocking GC Explicit
08-05 02:57:31.376 27610 28549 I art     : Explicit concurrent mark sweep GC freed 23916(1144KB) AllocSpace objects, 1(20KB) LOS objects, 33% free, 31MB/47MB, paused 2.004ms total 53.896ms
08-05 02:57:31.392 27610 28549 I art     : Starting a blocking GC Explicit
08-05 02:57:31.439 27610 28549 I art     : Explicit concurrent mark sweep GC freed 4272(191KB) AllocSpace objects, 0(0B) LOS objects, 33% free, 31MB/47MB, paused 2.098ms total 47.514ms
08-05 02:57:31.453 27610 28549 I art     : Starting a blocking GC Explicit
08-05 02:57:31.497 27610 28549 I art     : Explicit concurrent mark sweep GC freed 9628(440KB) AllocSpace objects, 0(0B) LOS objects, 33% free, 31MB/47MB, paused 1.564ms total 43.441ms
08-05 02:57:31.511 27610 28549 I art     : Starting a blocking GC Explicit
08-05 02:57:31.555 27610 28549 I art     : Explicit concurrent mark sweep GC freed 3383(160KB) AllocSpace objects, 0(0B) LOS objects, 33% free, 31MB/47MB, paused 1.463ms total 43.846ms
08-05 02:57:31.570 27610 28549 I art     : Starting a blocking GC Explicit
08-05 02:57:31.601 27610 29121 D OnlineFeedViewActivity: Deleted feed source file. Result: true
08-05 02:57:31.611 27610 28549 I art     : Explicit concurrent mark sweep GC freed 2875(131KB) AllocSpace objects, 0(0B) LOS objects, 33% free, 31MB/47MB, paused 1.214ms total 41.016ms
08-05 02:57:31.611 27610 27610 D OnlineFeedViewActivity: Removing HTML from shownotes
08-05 02:57:31.938 27610 29065 I art     : Waiting for a blocking GC Explicit
08-05 02:57:31.982 27610 29065 I art     : WaitForGcToComplete blocked for 43.239ms for cause Explicit
08-05 02:57:31.982 27610 29065 I art     : Starting a blocking GC Explicit
08-05 02:57:32.036 27610 29065 I art     : Explicit concurrent mark sweep GC freed 40534(3MB) AllocSpace objects, 189(12MB) LOS objects, 32% free, 33MB/49MB, paused 1.754ms total 53.695ms
08-05 02:57:32.051 27610 29065 I art     : Starting a blocking GC Explicit
08-05 02:57:32.108 27610 29065 I art     : Explicit concurrent mark sweep GC freed 45905(4MB) AllocSpace objects, 297(19MB) LOS objects, 31% free, 34MB/50MB, paused 1.773ms total 56.019ms
08-05 02:57:32.124 27610 29065 I art     : Starting a blocking GC Explicit
08-05 02:57:32.140 27610 27610 I Choreographer: Skipped 30 frames!  The application may be doing too much work on its main thread.
08-05 02:57:32.173 27610 29065 I art     : Explicit concurrent mark sweep GC freed 17874(1799KB) AllocSpace objects, 101(6MB) LOS objects, 33% free, 31MB/47MB, paused 1.958ms total 48.746ms
08-05 02:57:32.188 27610 29065 I art     : Starting a blocking GC Explicit
08-05 02:57:32.236 27610 29065 I art     : Explicit concurrent mark sweep GC freed 791(48KB) AllocSpace objects, 2(180KB) LOS objects, 33% free, 31MB/47MB, paused 1.144ms total 47.667ms
08-05 02:57:32.251 27610 29065 I art     : Starting a blocking GC Explicit
08-05 02:57:32.300 27610 29065 I art     : Explicit concurrent mark sweep GC freed 30(1184B) AllocSpace objects, 0(0B) LOS objects, 33% free, 31MB/47MB, paused 1.270ms total 49.117ms
08-05 02:57:32.643 27610 27622 I art     : Starting a blocking GC Explicit
08-05 02:57:32.691 27610 27622 I art     : Explicit concurrent mark sweep GC freed 1400(83KB) AllocSpace objects, 1(20KB) LOS objects, 33% free, 31MB/47MB, paused 1.289ms total 47.952ms
08-05 02:57:32.706 27610 27622 I art     : Starting a blocking GC Explicit
08-05 02:57:32.752 27610 27622 I art     : Explicit concurrent mark sweep GC freed 23(752B) AllocSpace objects, 0(0B) LOS objects, 33% free, 31MB/47MB, paused 1.209ms total 45.252ms
08-05 02:57:32.766 27610 27622 I art     : Starting a blocking GC Explicit
08-05 02:57:32.815 27610 27622 I art     : Explicit concurrent mark sweep GC freed 3(96B) AllocSpace objects, 0(0B) LOS objects, 33% free, 31MB/47MB, paused 1.275ms total 48.757ms
08-05 02:57:32.831 27610 27622 I art     : Starting a blocking GC Explicit
08-05 02:57:32.879 27610 27622 I art     : Explicit concurrent mark sweep GC freed 3(96B) AllocSpace objects, 0(0B) LOS objects, 33% free, 31MB/47MB, paused 1.313ms total 48.081ms
08-05 02:57:32.894 27610 27622 I art     : Starting a blocking GC Explicit
08-05 02:57:32.943 27610 27622 I art     : Explicit concurrent mark sweep GC freed 3(96B) AllocSpace objects, 0(0B) LOS objects, 33% free, 31MB/47MB, paused 1.262ms total 48.571ms
08-05 02:57:33.191 29193 29193 D AndroidRuntime: >>>>>> START com.android.internal.os.RuntimeInit uid 2000 <<<<<<
08-05 02:57:33.198 29193 29193 D AndroidRuntime: CheckJNI is OFF
08-05 02:57:33.239 29193 29193 D ICU     : No timezone override file found: /data/misc/zoneinfo/current/icu/icu_tzdata.dat
08-05 02:57:33.282 29193 29193 I Radio-JNI: register_android_hardware_Radio DONE
08-05 02:57:33.286 27610 27623 I art     : Starting a blocking GC Explicit
08-05 02:57:33.311 29193 29193 D AndroidRuntime: Calling main entry com.android.commands.input.Input
08-05 02:57:33.313 29193 29193 I Input   : injectKeyEvent: KeyEvent { action=ACTION_DOWN, keyCode=KEYCODE_BACK, scanCode=0, metaState=0, flags=0x0, repeatCount=0, eventTime=759469726, downTime=759469726, deviceId=-1, source=0x101 }
08-05 02:57:33.321 29193 29193 I Input   : injectKeyEvent: KeyEvent { action=ACTION_UP, keyCode=KEYCODE_BACK, scanCode=0, metaState=0, flags=0x0, repeatCount=0, eventTime=759469726, downTime=759469726, deviceId=-1, source=0x101 }
08-05 02:57:33.327 29193 29193 D AndroidRuntime: Shutting down VM
08-05 02:57:33.333 27610 27623 I art     : Explicit concurrent mark sweep GC freed 1394(81KB) AllocSpace objects, 1(20KB) LOS objects, 33% free, 31MB/47MB, paused 1.271ms total 47.041ms
08-05 02:57:33.335 27610 27610 V PlaybackController: initServiceNotRunning()
08-05 02:57:33.336 27610 27610 D ExternalPlayerFragment: Loading media info
08-05 02:57:33.342 27610 27610 D UserPreferences: Using default data folder
08-05 02:57:33.343 27610 28150 D DBReader: getNavDrawerData() called with: 
08-05 02:57:33.348 27610 27623 I art     : Starting a blocking GC Explicit
08-05 02:57:33.355 27610 28150 D DBReader: getDownloadedItems() called
08-05 02:57:33.357 27610 28150 D DBReader: getFavoriteIDList() called
08-05 02:57:33.357 27610 28150 D DBReader: getQueueIDList() called
08-05 02:57:33.358 27610 28150 D DBReader: Extracting Feedlist
08-05 02:57:33.367 13866 13866 I GoogleInputMethodServic: GoogleInputMethodService.onFinishInput():3138 
08-05 02:57:33.367 27610 27610 D MainActivity: getLastNavFragment() -> AddFeedFragment
08-05 02:57:33.367 13866 13866 I GoogleInputMethodServic: GoogleInputMethodService.onStartInput():1808 
08-05 02:57:33.390 27610 27623 I art     : Explicit concurrent mark sweep GC freed 919(60KB) AllocSpace objects, 0(0B) LOS objects, 33% free, 31MB/47MB, paused 1.316ms total 41.705ms
08-05 02:57:33.405 27610 27623 I art     : Starting a blocking GC Explicit
08-05 02:57:33.447 27610 27623 I art     : Explicit concurrent mark sweep GC freed 510(26KB) AllocSpace objects, 0(0B) LOS objects, 33% free, 31MB/47MB, paused 1.175ms total 42.016ms
08-05 02:57:33.461 27610 27623 I art     : Starting a blocking GC Explicit
08-05 02:57:33.507 27610 27623 I art     : Explicit concurrent mark sweep GC freed 145(9KB) AllocSpace objects, 0(0B) LOS objects, 33% free, 31MB/47MB, paused 1.139ms total 45.709ms
08-05 02:57:33.524 27610 27623 I art     : Starting a blocking GC Explicit
08-05 02:57:33.580 27610 27623 I art     : Explicit concurrent mark sweep GC freed 3(96B) AllocSpace objects, 0(0B) LOS objects, 33% free, 31MB/47MB, paused 1.083ms total 56.118ms
08-05 02:57:33.662   380   380 W SurfaceFlinger: couldn't log to binary event log: overflow.
08-05 02:57:33.881 27610 27684 I art     : Starting a blocking GC Explicit
08-05 02:57:33.942 27610 27684 I art     : Explicit concurrent mark sweep GC freed 1970(105KB) AllocSpace objects, 1(20KB) LOS objects, 33% free, 31MB/47MB, paused 1.285ms total 61.154ms
08-05 02:57:33.962 27610 27684 I art     : Starting a blocking GC Explicit
08-05 02:57:34.003 27610 27684 I art     : Explicit concurrent mark sweep GC freed 33285(3MB) AllocSpace objects, 1(28KB) LOS objects, 36% free, 28MB/44MB, paused 1.274ms total 40.806ms
08-05 02:57:34.015 27610 27684 I art     : Starting a blocking GC Explicit
08-05 02:57:34.049 27610 27684 I art     : Explicit concurrent mark sweep GC freed 3(96B) AllocSpace objects, 0(0B) LOS objects, 36% free, 28MB/44MB, paused 1.208ms total 33.703ms
08-05 02:57:34.061 27610 27684 I art     : Starting a blocking GC Explicit
08-05 02:57:34.096 27610 27684 I art     : Explicit concurrent mark sweep GC freed 3(96B) AllocSpace objects, 0(0B) LOS objects, 36% free, 28MB/44MB, paused 1.184ms total 35.023ms
08-05 02:57:34.108 27610 27684 I art     : Starting a blocking GC Explicit
08-05 02:57:34.143 27610 27684 I art     : Explicit concurrent mark sweep GC freed 3(96B) AllocSpace objects, 0(0B) LOS objects, 36% free, 28MB/44MB, paused 1.203ms total 34.613ms
08-05 02:57:34.463 27610 28549 I art     : Starting a blocking GC Explicit
08-05 02:57:34.506 27610 28549 I art     : Explicit concurrent mark sweep GC freed 1403(83KB) AllocSpace objects, 1(20KB) LOS objects, 36% free, 28MB/44MB, paused 1.273ms total 42.226ms
08-05 02:57:34.521 27610 28549 I art     : Starting a blocking GC Explicit
08-05 02:57:34.559 27610 28549 I art     : Explicit concurrent mark sweep GC freed 23(752B) AllocSpace objects, 0(0B) LOS objects, 36% free, 28MB/44MB, paused 1.163ms total 37.925ms
08-05 02:57:34.571 27610 28549 I art     : Starting a blocking GC Explicit
08-05 02:57:34.603 27610 28549 I art     : Explicit concurrent mark sweep GC freed 3(96B) AllocSpace objects, 0(0B) LOS objects, 36% free, 28MB/44MB, paused 1.210ms total 31.902ms
08-05 02:57:34.614 27610 28549 I art     : Starting a blocking GC Explicit
08-05 02:57:34.647 27610 28549 I art     : Explicit concurrent mark sweep GC freed 3(96B) AllocSpace objects, 0(0B) LOS objects, 36% free, 28MB/44MB, paused 1.198ms total 32.385ms
08-05 02:57:34.658 27610 28549 I art     : Starting a blocking GC Explicit
08-05 02:57:34.691 27610 28549 I art     : Explicit concurrent mark sweep GC freed 3(96B) AllocSpace objects, 0(0B) LOS objects, 36% free, 28MB/44MB, paused 1.233ms total 32.797ms
08-05 02:57:35.003 27610 27684 I art     : Starting a blocking GC Explicit
08-05 02:57:35.039 27610 27684 I art     : Explicit concurrent mark sweep GC freed 1381(80KB) AllocSpace objects, 1(20KB) LOS objects, 36% free, 28MB/44MB, paused 1.229ms total 35.283ms
08-05 02:57:35.052 27610 27684 I art     : Starting a blocking GC Explicit
08-05 02:57:35.086 27610 27684 I art     : Explicit concurrent mark sweep GC freed 29(944B) AllocSpace objects, 0(0B) LOS objects, 36% free, 28MB/44MB, paused 1.275ms total 34.203ms
08-05 02:57:35.094 29237 29237 D AndroidRuntime: >>>>>> START com.android.internal.os.RuntimeInit uid 2000 <<<<<<
08-05 02:57:35.098 27610 27684 I art     : Starting a blocking GC Explicit
08-05 02:57:35.099 29237 29237 D AndroidRuntime: CheckJNI is OFF
08-05 02:57:35.118   518   646 I ThermalEngine: ACTION: GPU - Setting GPU[0] to 510000000
08-05 02:57:35.133 27610 27684 I art     : Explicit concurrent mark sweep GC freed 8(256B) AllocSpace objects, 0(0B) LOS objects, 36% free, 28MB/44MB, paused 1.395ms total 34.062ms
08-05 02:57:35.144 27610 27684 I art     : Starting a blocking GC Explicit
08-05 02:57:35.145 29237 29237 D ICU     : No timezone override file found: /data/misc/zoneinfo/current/icu/icu_tzdata.dat
08-05 02:57:35.172 27610 27684 I art     : Explicit concurrent mark sweep GC freed 8(256B) AllocSpace objects, 0(0B) LOS objects, 36% free, 28MB/44MB, paused 884us total 28.333ms
08-05 02:57:35.181 27610 27684 I art     : Starting a blocking GC Explicit
08-05 02:57:35.182 29237 29237 I Radio-JNI: register_android_hardware_Radio DONE
08-05 02:57:35.204 29237 29237 D AndroidRuntime: Calling main entry com.android.commands.input.Input
08-05 02:57:35.205 27610 27684 I art     : Explicit concurrent mark sweep GC freed 6(192B) AllocSpace objects, 0(0B) LOS objects, 36% free, 28MB/44MB, paused 935us total 23.834ms
08-05 02:57:35.206 29237 29237 I Input   : injectMotionEvent: MotionEvent { action=ACTION_DOWN, actionButton=0, id[0]=0, x[0]=616.0, y[0]=469.0, toolType[0]=TOOL_TYPE_UNKNOWN, buttonState=0, metaState=0, flags=0x0, edgeFlags=0x0, pointerCount=1, historySize=0, eventTime=759471618, downTime=759471618, deviceId=0, source=0x1002 }
08-05 02:57:35.211 29237 29237 I Input   : injectMotionEvent: MotionEvent { action=ACTION_UP, actionButton=0, id[0]=0, x[0]=616.0, y[0]=469.0, toolType[0]=TOOL_TYPE_UNKNOWN, buttonState=0, metaState=0, flags=0x0, edgeFlags=0x0, pointerCount=1, historySize=0, eventTime=759471618, downTime=759471618, deviceId=0, source=0x1002 }
08-05 02:57:35.214 29237 29237 D AndroidRuntime: Shutting down VM
08-05 02:57:35.280   512  2967 D audio_hw_primary: out_set_parameters: enter: usecase(1: low-latency-playback) kvpairs: routing=2
08-05 02:57:35.285 13866 13866 I GoogleInputMethodServic: GoogleInputMethodService.onFinishInput():3138 
08-05 02:57:35.286 13866 13866 I GoogleInputMethodServic: GoogleInputMethodService.onStartInput():1808 
08-05 02:57:35.293   512  2967 D audio_hw_primary: select_devices: out_snd_device(2: speaker) in_snd_device(0: none)
08-05 02:57:35.293   512  2967 D msm8974_platform: platform_send_audio_calibration: sending audio calibration for snd_device(2) acdb_id(15)
08-05 02:57:35.293   512  2967 I soundtrigger: audio_extn_sound_trigger_update_device_status: device 0x2 of type 0 for Event 1
08-05 02:57:35.305   512  2967 D audio_hw_primary: enable_snd_device: snd_device(2: speaker)
08-05 02:57:35.307   512  2967 D audio_hw_primary: enable_audio_route: apply and update mixer path: low-latency-playback speaker
08-05 02:57:35.474 27610 29065 I art     : Starting a blocking GC Explicit
08-05 02:57:35.501 27610 29065 I art     : Explicit concurrent mark sweep GC freed 1684(93KB) AllocSpace objects, 1(20KB) LOS objects, 36% free, 28MB/44MB, paused 1.004ms total 26.958ms
08-05 02:57:35.504 27610 28151 I NAPPA_EXPERIMENTATION: MetricNetworkRequestExecutionTime: REQUEST_DURATION_SYSTEM='226',REQUEST_DURATION_OKHTTP='226',REQUEST_SYNCHRONOUS='TRUE',RESPONSE_CODE='200',RESPONSE_METHOD='GET',RESPONSE_LENGTH_OKHTTP='-1',RESPONSE_LENGTH_HEADER='628',REQUEST_PROTOCOL='h2',REQUEST_URL='https://itunes.apple.com/lookup?id=1524080195',
08-05 02:57:35.510 27610 29065 I art     : Starting a blocking GC Explicit
08-05 02:57:35.532   918   929 I ActivityManager: START u0 {cmp=baseline.de.danoeh.antennapod.debug/baseline.de.danoeh.antennapod.activity.OnlineFeedViewActivity (has extras)} from uid 10691 on display 0
08-05 02:57:35.537 27610 29065 I art     : Explicit concurrent mark sweep GC freed 483(41KB) AllocSpace objects, 0(0B) LOS objects, 36% free, 28MB/44MB, paused 1.045ms total 26.719ms
08-05 02:57:35.546 27610 29065 I art     : Starting a blocking GC Explicit
08-05 02:57:35.553 13866 13866 I GoogleInputMethodServic: GoogleInputMethodService.onFinishInput():3138 
08-05 02:57:35.554 13866 13866 I GoogleInputMethodServic: GoogleInputMethodService.onStartInput():1808 
08-05 02:57:35.573 27610 29065 I art     : Explicit concurrent mark sweep GC freed 445(21KB) AllocSpace objects, 0(0B) LOS objects, 36% free, 28MB/44MB, paused 1.178ms total 27.352ms
08-05 02:57:35.579 27610 27610 D UserPreferences: Using default data folder
08-05 02:57:35.579 27610 27610 D OnlineFeedViewActivity: Activity was started with url https://rss.art19.com/nice-white-parents
08-05 02:57:35.581 27610 27610 D OnlineFeedViewActivity: Starting feed download
08-05 02:57:35.582 27610 29065 I art     : Starting a blocking GC Explicit
08-05 02:57:35.584 27610 27630 D DBReader: Extracting Feedlist
08-05 02:57:35.586   918   929 D WifiService: acquireWifiLockLocked: WifiLock{Downloader type=1 binder=android.os.BinderProxy@4736e1}
08-05 02:57:35.586 27610 27630 D AntennapodHttpClient: Creating new instance of HTTP client
08-05 02:57:35.606 27610 29065 I art     : Explicit concurrent mark sweep GC freed 801(61KB) AllocSpace objects, 0(0B) LOS objects, 36% free, 28MB/44MB, paused 987us total 24.372ms
08-05 02:57:35.615 27610 29065 I art     : Starting a blocking GC Explicit
08-05 02:57:35.639 27610 29065 I art     : Explicit concurrent mark sweep GC freed 359(17KB) AllocSpace objects, 0(0B) LOS objects, 36% free, 28MB/44MB, paused 1.151ms total 23.984ms
08-05 02:57:35.641 13866 13866 I GoogleInputMethodServic: GoogleInputMethodService.onFinishInput():3138 
08-05 02:57:35.641 13866 13866 I GoogleInputMethodServic: GoogleInputMethodService.onStartInput():1808 
08-05 02:57:35.665   918   936 I ActivityManager: Displayed baseline.de.danoeh.antennapod.debug/baseline.de.danoeh.antennapod.activity.OnlineFeedViewActivity: +111ms
08-05 02:57:35.850   512  2967 D audio_hw_primary: disable_audio_route: reset and update mixer path: low-latency-playback speaker
08-05 02:57:35.851   512  2967 D audio_hw_primary: disable_snd_device: snd_device(2: speaker)
08-05 02:57:35.860   512  2967 I soundtrigger: audio_extn_sound_trigger_update_device_status: device 0x2 of type 0 for Event 0
08-05 02:57:35.885 27610 27630 D MYTAG   : interceptor 3a https://rss.art19.com/nice-white-parents
08-05 02:57:35.885 27610 27630 I NAPPA_EXPERIMENTATION: MetricNetworkRequestExecutionTime: REQUEST_DURATION_SYSTEM='298',REQUEST_DURATION_OKHTTP='154',REQUEST_SYNCHRONOUS='TRUE',RESPONSE_CODE='200',RESPONSE_METHOD='GET',RESPONSE_LENGTH_OKHTTP='-1',RESPONSE_LENGTH_HEADER='1803',REQUEST_PROTOCOL='h2',REQUEST_URL='https://rss.art19.com/nice-white-parents',
08-05 02:57:35.885 27610 27630 D HttpDownloader: Response code is 200
08-05 02:57:35.886 27610 27630 D UserPreferences: Using default data folder
08-05 02:57:35.887 27610 27630 D HttpDownloader: Getting size of download
08-05 02:57:35.887 27610 27630 D HttpDownloader: Size is -1
08-05 02:57:35.887 27610 27630 D UserPreferences: Using default data folder
08-05 02:57:35.888 27610 27630 D HttpDownloader: Free space is 20300562432
08-05 02:57:35.888 27610 27630 D HttpDownloader: Starting download
08-05 02:57:35.898   380   380 W SurfaceFlinger: couldn't log to binary event log: overflow.
08-05 02:57:35.899 27610 27630 D HttpDownloader: Download was successful
08-05 02:57:35.900   918  5132 D WifiService: releaseWifiLockLocked: WifiLock{Downloader type=1 binder=android.os.BinderProxy@4736e1}
08-05 02:57:35.900 27610 27610 D OnlineFeedViewActivity: Parsing feed
08-05 02:57:35.903 27610 29283 D TypeGetter: Recognized type RSS 2.0
08-05 02:57:35.905 27610 29283 D SyndHandler: Recognized ITunes namespace
08-05 02:57:35.905 27610 29283 D SyndHandler: Recognized Atom namespace
08-05 02:57:35.905 27610 29283 D SyndHandler: Recognized Content namespace
08-05 02:57:35.911 27610 29283 D OnlineFeedViewActivity: Deleted feed source file. Result: true
08-05 02:57:35.912 27610 27610 D OnlineFeedViewActivity: Removing HTML from shownotes
08-05 02:57:35.929 27610 28549 I art     : Starting a blocking GC Explicit
08-05 02:57:35.956 27610 28549 I art     : Explicit concurrent mark sweep GC freed 8093(584KB) AllocSpace objects, 8(348KB) LOS objects, 35% free, 28MB/44MB, paused 873us total 27.613ms
08-05 02:57:35.965 27610 28549 I art     : Starting a blocking GC Explicit
08-05 02:57:35.991 27610 28549 I art     : Explicit concurrent mark sweep GC freed 1598(148KB) AllocSpace objects, 0(0B) LOS objects, 35% free, 28MB/44MB, paused 874us total 26.073ms
08-05 02:57:36.001 27610 28549 I art     : Starting a blocking GC Explicit
08-05 02:57:36.027 27610 28549 I art     : Explicit concurrent mark sweep GC freed 3(96B) AllocSpace objects, 0(0B) LOS objects, 35% free, 28MB/44MB, paused 1.016ms total 26.354ms
08-05 02:57:36.036 27610 28549 I art     : Starting a blocking GC Explicit
08-05 02:57:36.039 27610 27610 D PlaybackController: Releasing PlaybackController
08-05 02:57:36.064 27610 28549 I art     : Explicit concurrent mark sweep GC freed 247(13KB) AllocSpace objects, 1(112KB) LOS objects, 35% free, 28MB/44MB, paused 853us total 27.578ms
08-05 02:57:36.073 27610 28549 I art     : Starting a blocking GC Explicit
08-05 02:57:36.098 27610 28549 I art     : Explicit concurrent mark sweep GC freed 23(768B) AllocSpace objects, 0(0B) LOS objects, 35% free, 28MB/44MB, paused 911us total 24.990ms
08-05 02:57:36.389 27610 27623 I art     : Starting a blocking GC Explicit
08-05 02:57:36.424 27610 27623 I art     : Explicit concurrent mark sweep GC freed 1403(83KB) AllocSpace objects, 1(20KB) LOS objects, 35% free, 28MB/44MB, paused 984us total 34.869ms
08-05 02:57:36.434 27610 27623 I art     : Starting a blocking GC Explicit
08-05 02:57:36.464 27610 27623 I art     : Explicit concurrent mark sweep GC freed 23(752B) AllocSpace objects, 0(0B) LOS objects, 35% free, 28MB/44MB, paused 949us total 29.466ms
08-05 02:57:36.473 27610 27623 I art     : Starting a blocking GC Explicit
08-05 02:57:36.503 27610 27623 I art     : Explicit concurrent mark sweep GC freed 3(96B) AllocSpace objects, 0(0B) LOS objects, 35% free, 28MB/44MB, paused 968us total 29.602ms
08-05 02:57:36.513 27610 27623 I art     : Starting a blocking GC Explicit
08-05 02:57:36.542 27610 27623 I art     : Explicit concurrent mark sweep GC freed 3(96B) AllocSpace objects, 0(0B) LOS objects, 35% free, 28MB/44MB, paused 1.048ms total 29.530ms
08-05 02:57:36.552 27610 27623 I art     : Starting a blocking GC Explicit
08-05 02:57:36.582 27610 27623 I art     : Explicit concurrent mark sweep GC freed 3(96B) AllocSpace objects, 0(0B) LOS objects, 35% free, 28MB/44MB, paused 962us total 29.228ms
08-05 02:57:36.886 27610 27622 I art     : Starting a blocking GC Explicit
08-05 02:57:36.928 27610 27622 I art     : Explicit concurrent mark sweep GC freed 1372(80KB) AllocSpace objects, 1(20KB) LOS objects, 35% free, 28MB/44MB, paused 1.164ms total 41.518ms
08-05 02:57:36.941 27610 27622 I art     : Starting a blocking GC Explicit
08-05 02:57:36.970 27610 27622 I art     : Explicit concurrent mark sweep GC freed 23(752B) AllocSpace objects, 0(0B) LOS objects, 35% free, 28MB/44MB, paused 935us total 29.071ms
08-05 02:57:36.980 27610 27622 I art     : Starting a blocking GC Explicit
08-05 02:57:37.009 27610 27622 I art     : Explicit concurrent mark sweep GC freed 3(96B) AllocSpace objects, 0(0B) LOS objects, 35% free, 28MB/44MB, paused 996us total 29.383ms
08-05 02:57:37.019 27610 27622 I art     : Starting a blocking GC Explicit
08-05 02:57:37.048 27610 27622 I art     : Explicit concurrent mark sweep GC freed 3(96B) AllocSpace objects, 0(0B) LOS objects, 35% free, 28MB/44MB, paused 1.008ms total 29.341ms
08-05 02:57:37.058 27610 27622 I art     : Starting a blocking GC Explicit
08-05 02:57:37.088 27610 27622 I art     : Explicit concurrent mark sweep GC freed 3(96B) AllocSpace objects, 0(0B) LOS objects, 35% free, 28MB/44MB, paused 1.064ms total 29.204ms
08-05 02:57:37.119   518   646 I ThermalEngine: ACTION: GPU - Setting GPU[0] to 450000000
08-05 02:57:37.435 27610 27684 I art     : Starting a blocking GC Explicit
08-05 02:57:37.475 27610 27684 I art     : Explicit concurrent mark sweep GC freed 1401(81KB) AllocSpace objects, 1(20KB) LOS objects, 35% free, 28MB/44MB, paused 1.266ms total 40.377ms
08-05 02:57:37.488 27610 27684 I art     : Starting a blocking GC Explicit
08-05 02:57:37.525 27610 27684 I art     : Explicit concurrent mark sweep GC freed 23(752B) AllocSpace objects, 0(0B) LOS objects, 35% free, 28MB/44MB, paused 1.300ms total 37.389ms
08-05 02:57:37.538 27610 27684 I art     : Starting a blocking GC Explicit
08-05 02:57:37.579 27610 27684 I art     : Explicit concurrent mark sweep GC freed 8(256B) AllocSpace objects, 0(0B) LOS objects, 35% free, 28MB/44MB, paused 1.340ms total 40.821ms
08-05 02:57:37.592 27610 27684 I art     : Starting a blocking GC Explicit
08-05 02:57:37.627 27610 27684 I art     : Explicit concurrent mark sweep GC freed 9(288B) AllocSpace objects, 0(0B) LOS objects, 35% free, 28MB/44MB, paused 1.199ms total 34.705ms
08-05 02:57:37.640 27610 27684 I art     : Starting a blocking GC Explicit
08-05 02:57:37.675 27610 27684 I art     : Explicit concurrent mark sweep GC freed 9(288B) AllocSpace objects, 0(0B) LOS objects, 35% free, 28MB/44MB, paused 1.204ms total 35.642ms
08-05 02:57:38.017 27610 27622 I art     : Starting a blocking GC Explicit
08-05 02:57:38.068 27610 27622 I art     : Explicit concurrent mark sweep GC freed 1383(80KB) AllocSpace objects, 1(20KB) LOS objects, 35% free, 28MB/44MB, paused 1.310ms total 50.059ms
08-05 02:57:38.083 27610 27622 I art     : Starting a blocking GC Explicit
08-05 02:57:38.122 27610 27622 I art     : Explicit concurrent mark sweep GC freed 23(752B) AllocSpace objects, 0(0B) LOS objects, 35% free, 28MB/44MB, paused 1.263ms total 38.879ms
08-05 02:57:38.125   518   646 I ThermalEngine: ACTION: GPU - Setting GPU[0] to 510000000
08-05 02:57:38.134 27610 27622 I art     : Starting a blocking GC Explicit
08-05 02:57:38.173 27610 27622 I art     : Explicit concurrent mark sweep GC freed 3(96B) AllocSpace objects, 0(0B) LOS objects, 35% free, 28MB/44MB, paused 963us total 38.410ms
08-05 02:57:38.183 27610 27622 I art     : Starting a blocking GC Explicit
08-05 02:57:38.213 27610 27622 I art     : Explicit concurrent mark sweep GC freed 3(96B) AllocSpace objects, 0(0B) LOS objects, 35% free, 28MB/44MB, paused 987us total 29.148ms
08-05 02:57:38.222 27610 27622 I art     : Starting a blocking GC Explicit
08-05 02:57:38.252 27610 27622 I art     : Explicit concurrent mark sweep GC freed 3(96B) AllocSpace objects, 0(0B) LOS objects, 35% free, 28MB/44MB, paused 973us total 29.091ms
08-05 02:57:38.578 27610 27684 I art     : Starting a blocking GC Explicit
08-05 02:57:38.616 27610 27684 I art     : Explicit concurrent mark sweep GC freed 1401(81KB) AllocSpace objects, 1(20KB) LOS objects, 35% free, 28MB/44MB, paused 1.054ms total 37.421ms
08-05 02:57:38.627 27610 27684 I art     : Starting a blocking GC Explicit
08-05 02:57:38.657 27610 27684 I art     : Explicit concurrent mark sweep GC freed 23(752B) AllocSpace objects, 0(0B) LOS objects, 35% free, 28MB/44MB, paused 1.064ms total 29.816ms
08-05 02:57:38.667 27610 27684 I art     : Starting a blocking GC Explicit
08-05 02:57:38.696 27610 27684 I art     : Explicit concurrent mark sweep GC freed 3(96B) AllocSpace objects, 0(0B) LOS objects, 35% free, 28MB/44MB, paused 972us total 28.927ms
08-05 02:57:38.706 27610 27684 I art     : Starting a blocking GC Explicit
08-05 02:57:38.735 27610 27684 I art     : Explicit concurrent mark sweep GC freed 3(96B) AllocSpace objects, 0(0B) LOS objects, 35% free, 28MB/44MB, paused 943us total 29.239ms
08-05 02:57:38.745 27610 27684 I art     : Starting a blocking GC Explicit
08-05 02:57:38.775 27610 27684 I art     : Explicit concurrent mark sweep GC freed 3(96B) AllocSpace objects, 0(0B) LOS objects, 35% free, 28MB/44MB, paused 971us total 30.108ms
08-05 02:57:39.099 27610 29065 I art     : Starting a blocking GC Explicit
08-05 02:57:39.140 27610 29065 I art     : Explicit concurrent mark sweep GC freed 1373(82KB) AllocSpace objects, 1(20KB) LOS objects, 35% free, 28MB/44MB, paused 1.085ms total 41.298ms
08-05 02:57:39.153 27610 29065 I art     : Starting a blocking GC Explicit
08-05 02:57:39.182 27610 29065 I art     : Explicit concurrent mark sweep GC freed 23(752B) AllocSpace objects, 0(0B) LOS objects, 35% free, 28MB/44MB, paused 891us total 28.799ms
08-05 02:57:39.192 27610 29065 I art     : Starting a blocking GC Explicit
08-05 02:57:39.221 27610 29065 I art     : Explicit concurrent mark sweep GC freed 3(96B) AllocSpace objects, 0(0B) LOS objects, 35% free, 28MB/44MB, paused 958us total 28.604ms
08-05 02:57:39.230 27610 29065 I art     : Starting a blocking GC Explicit
08-05 02:57:39.260 27610 29065 I art     : Explicit concurrent mark sweep GC freed 3(96B) AllocSpace objects, 0(0B) LOS objects, 35% free, 28MB/44MB, paused 985us total 29.739ms
08-05 02:57:39.270 27610 29065 I art     : Starting a blocking GC Explicit
08-05 02:57:39.300 27610 29065 I art     : Explicit concurrent mark sweep GC freed 3(96B) AllocSpace objects, 0(0B) LOS objects, 35% free, 28MB/44MB, paused 879us total 29.552ms
08-05 02:57:39.647 27610 28549 I art     : Starting a blocking GC Explicit
08-05 02:57:39.685 27610 28549 I art     : Explicit concurrent mark sweep GC freed 1445(84KB) AllocSpace objects, 1(20KB) LOS objects, 35% free, 28MB/44MB, paused 970us total 36.917ms
08-05 02:57:39.697 27610 28549 I art     : Starting a blocking GC Explicit
08-05 02:57:39.727 27610 28549 I art     : Explicit concurrent mark sweep GC freed 23(752B) AllocSpace objects, 0(0B) LOS objects, 35% free, 28MB/44MB, paused 944us total 29.487ms
08-05 02:57:39.736 27610 28549 I art     : Starting a blocking GC Explicit
08-05 02:57:39.766 27610 28549 I art     : Explicit concurrent mark sweep GC freed 3(96B) AllocSpace objects, 0(0B) LOS objects, 35% free, 28MB/44MB, paused 932us total 29.127ms
08-05 02:57:39.775 27610 28549 I art     : Starting a blocking GC Explicit
08-05 02:57:39.805 27610 28549 I art     : Explicit concurrent mark sweep GC freed 3(96B) AllocSpace objects, 0(0B) LOS objects, 35% free, 28MB/44MB, paused 921us total 29.346ms
08-05 02:57:39.815 27610 28549 I art     : Starting a blocking GC Explicit
08-05 02:57:39.845 27610 28549 I art     : Explicit concurrent mark sweep GC freed 3(96B) AllocSpace objects, 0(0B) LOS objects, 35% free, 28MB/44MB, paused 939us total 29.906ms
08-05 02:57:40.150 27610 27623 I art     : Starting a blocking GC Explicit
08-05 02:57:40.189 27610 27623 I art     : Explicit concurrent mark sweep GC freed 1398(82KB) AllocSpace objects, 1(20KB) LOS objects, 35% free, 28MB/44MB, paused 1.103ms total 38.913ms
08-05 02:57:40.200 27610 27623 I art     : Starting a blocking GC Explicit
08-05 02:57:40.229 27610 27623 I art     : Explicit concurrent mark sweep GC freed 113(7KB) AllocSpace objects, 0(0B) LOS objects, 35% free, 28MB/44MB, paused 871us total 29.162ms
08-05 02:57:40.239 27610 27623 I art     : Starting a blocking GC Explicit
08-05 02:57:40.268 27610 27623 I art     : Explicit concurrent mark sweep GC freed 3(96B) AllocSpace objects, 0(0B) LOS objects, 35% free, 28MB/44MB, paused 930us total 28.264ms
08-05 02:57:40.277 27610 27623 I art     : Starting a blocking GC Explicit
08-05 02:57:40.306 27610 27623 I art     : Explicit concurrent mark sweep GC freed 3(96B) AllocSpace objects, 0(0B) LOS objects, 35% free, 28MB/44MB, paused 834us total 28.620ms
08-05 02:57:40.315 27610 27623 I art     : Starting a blocking GC Explicit
08-05 02:57:40.344 27610 27623 I art     : Explicit concurrent mark sweep GC freed 3(96B) AllocSpace objects, 0(0B) LOS objects, 35% free, 28MB/44MB, paused 835us total 28.284ms
08-05 02:57:40.663 27610 27622 I art     : Starting a blocking GC Explicit
08-05 02:57:40.706 27610 27622 I art     : Explicit concurrent mark sweep GC freed 1401(81KB) AllocSpace objects, 1(20KB) LOS objects, 35% free, 28MB/44MB, paused 995us total 42.886ms
08-05 02:57:40.721 27610 27622 I art     : Starting a blocking GC Explicit
08-05 02:57:40.749 27610 27622 I art     : Explicit concurrent mark sweep GC freed 23(752B) AllocSpace objects, 0(0B) LOS objects, 35% free, 28MB/44MB, paused 853us total 27.299ms
08-05 02:57:40.758 27610 27622 I art     : Starting a blocking GC Explicit
08-05 02:57:40.786 27610 27622 I art     : Explicit concurrent mark sweep GC freed 3(96B) AllocSpace objects, 0(0B) LOS objects, 35% free, 28MB/44MB, paused 838us total 28.471ms
08-05 02:57:40.796 27610 27622 I art     : Starting a blocking GC Explicit
08-05 02:57:40.825 27610 27622 I art     : Explicit concurrent mark sweep GC freed 3(96B) AllocSpace objects, 0(0B) LOS objects, 35% free, 28MB/44MB, paused 849us total 28.752ms
08-05 02:57:40.834 27610 27622 I art     : Starting a blocking GC Explicit
08-05 02:57:40.864 27610 27622 I art     : Explicit concurrent mark sweep GC freed 3(96B) AllocSpace objects, 0(0B) LOS objects, 35% free, 28MB/44MB, paused 866us total 28.923ms
08-05 02:57:41.186 27610 27684 I art     : Starting a blocking GC Explicit
08-05 02:57:41.223 27610 27684 I art     : Explicit concurrent mark sweep GC freed 1372(80KB) AllocSpace objects, 1(20KB) LOS objects, 35% free, 28MB/44MB, paused 915us total 35.835ms
08-05 02:57:41.234 27610 27684 I art     : Starting a blocking GC Explicit
08-05 02:57:41.264 27610 27684 I art     : Explicit concurrent mark sweep GC freed 23(752B) AllocSpace objects, 0(0B) LOS objects, 35% free, 28MB/44MB, paused 895us total 29.392ms
08-05 02:57:41.273 27610 27684 I art     : Starting a blocking GC Explicit
08-05 02:57:41.302 27610 27684 I art     : Explicit concurrent mark sweep GC freed 3(96B) AllocSpace objects, 0(0B) LOS objects, 35% free, 28MB/44MB, paused 838us total 28.881ms
08-05 02:57:41.312 27610 27684 I art     : Starting a blocking GC Explicit
08-05 02:57:41.341 27610 27684 I art     : Explicit concurrent mark sweep GC freed 3(96B) AllocSpace objects, 0(0B) LOS objects, 35% free, 28MB/44MB, paused 827us total 28.259ms
08-05 02:57:41.350 27610 27684 I art     : Starting a blocking GC Explicit
08-05 02:57:41.380 27610 27684 I art     : Explicit concurrent mark sweep GC freed 32(880B) AllocSpace objects, 0(0B) LOS objects, 35% free, 28MB/44MB, paused 847us total 29.413ms
08-05 02:57:41.714 27610 29065 I art     : Starting a blocking GC Explicit
08-05 02:57:41.758 27610 29065 I art     : Explicit concurrent mark sweep GC freed 1372(80KB) AllocSpace objects, 1(20KB) LOS objects, 35% free, 28MB/44MB, paused 1.024ms total 43.511ms
08-05 02:57:41.772 27610 29065 I art     : Starting a blocking GC Explicit
08-05 02:57:41.802 27610 29065 I art     : Explicit concurrent mark sweep GC freed 23(752B) AllocSpace objects, 0(0B) LOS objects, 35% free, 28MB/44MB, paused 852us total 29.246ms
08-05 02:57:41.811 27610 29065 I art     : Starting a blocking GC Explicit
08-05 02:57:41.839 27610 29065 I art     : Explicit concurrent mark sweep GC freed 3(96B) AllocSpace objects, 0(0B) LOS objects, 35% free, 28MB/44MB, paused 859us total 27.783ms
08-05 02:57:41.849 27610 29065 I art     : Starting a blocking GC Explicit
08-05 02:57:41.879 27610 29065 I art     : Explicit concurrent mark sweep GC freed 3(96B) AllocSpace objects, 0(0B) LOS objects, 35% free, 28MB/44MB, paused 875us total 29.509ms
08-05 02:57:41.889 27610 29065 I art     : Starting a blocking GC Explicit
08-05 02:57:41.918 27610 29065 I art     : Explicit concurrent mark sweep GC freed 3(96B) AllocSpace objects, 0(0B) LOS objects, 35% free, 28MB/44MB, paused 884us total 29.458ms
08-05 02:57:42.227 27610 28549 I art     : Starting a blocking GC Explicit
08-05 02:57:42.262 27610 28549 I art     : Explicit concurrent mark sweep GC freed 1372(80KB) AllocSpace objects, 1(20KB) LOS objects, 35% free, 28MB/44MB, paused 882us total 34.458ms
08-05 02:57:42.276 27610 28549 I art     : Starting a blocking GC Explicit
08-05 02:57:42.305 27610 28549 I art     : Explicit concurrent mark sweep GC freed 23(752B) AllocSpace objects, 0(0B) LOS objects, 35% free, 28MB/44MB, paused 820us total 29.371ms
08-05 02:57:42.315 27610 28549 I art     : Starting a blocking GC Explicit
08-05 02:57:42.344 27610 28549 I art     : Explicit concurrent mark sweep GC freed 3(96B) AllocSpace objects, 0(0B) LOS objects, 35% free, 28MB/44MB, paused 821us total 28.549ms
08-05 02:57:42.353 27610 28549 I art     : Starting a blocking GC Explicit
08-05 02:57:42.382 27610 28549 I art     : Explicit concurrent mark sweep GC freed 32(880B) AllocSpace objects, 0(0B) LOS objects, 35% free, 28MB/44MB, paused 839us total 28.690ms
08-05 02:57:42.392 27610 28549 I art     : Starting a blocking GC Explicit
08-05 02:57:42.421 27610 28549 I art     : Explicit concurrent mark sweep GC freed 3(96B) AllocSpace objects, 0(0B) LOS objects, 35% free, 28MB/44MB, paused 852us total 29.066ms
08-05 02:57:42.754 27610 27623 I art     : Starting a blocking GC Explicit
08-05 02:57:42.797 27610 27623 I art     : Explicit concurrent mark sweep GC freed 1372(80KB) AllocSpace objects, 1(20KB) LOS objects, 35% free, 28MB/44MB, paused 1.017ms total 42.147ms
08-05 02:57:42.812 27610 27623 I art     : Starting a blocking GC Explicit
08-05 02:57:42.845 27610 27623 I art     : Explicit concurrent mark sweep GC freed 23(752B) AllocSpace objects, 0(0B) LOS objects, 35% free, 28MB/44MB, paused 861us total 32.514ms
08-05 02:57:42.854 27610 27623 I art     : Starting a blocking GC Explicit
08-05 02:57:42.884 27610 27623 I art     : Explicit concurrent mark sweep GC freed 3(96B) AllocSpace objects, 0(0B) LOS objects, 35% free, 28MB/44MB, paused 848us total 29.578ms
08-05 02:57:42.894 27610 27623 I art     : Starting a blocking GC Explicit
08-05 02:57:42.922 27610 27623 I art     : Explicit concurrent mark sweep GC freed 3(96B) AllocSpace objects, 0(0B) LOS objects, 35% free, 28MB/44MB, paused 840us total 28.287ms
08-05 02:57:42.932 27610 27623 I art     : Starting a blocking GC Explicit
08-05 02:57:42.960 27610 27623 I art     : Explicit concurrent mark sweep GC freed 3(96B) AllocSpace objects, 0(0B) LOS objects, 35% free, 28MB/44MB, paused 842us total 27.703ms
08-05 02:57:43.271 27610 27622 I art     : Starting a blocking GC Explicit
08-05 02:57:43.307 27610 27622 I art     : Explicit concurrent mark sweep GC freed 1372(80KB) AllocSpace objects, 1(20KB) LOS objects, 35% free, 28MB/44MB, paused 871us total 36.218ms
08-05 02:57:43.320 27610 27622 I art     : Starting a blocking GC Explicit
08-05 02:57:43.349 27610 27622 I art     : Explicit concurrent mark sweep GC freed 23(752B) AllocSpace objects, 0(0B) LOS objects, 35% free, 28MB/44MB, paused 861us total 29.402ms
08-05 02:57:43.359 27610 27622 I art     : Starting a blocking GC Explicit
08-05 02:57:43.388 27610 27622 I art     : Explicit concurrent mark sweep GC freed 32(880B) AllocSpace objects, 0(0B) LOS objects, 35% free, 28MB/44MB, paused 883us total 28.694ms
08-05 02:57:43.397 27610 27622 I art     : Starting a blocking GC Explicit
08-05 02:57:43.427 27610 27622 I art     : Explicit concurrent mark sweep GC freed 3(96B) AllocSpace objects, 0(0B) LOS objects, 35% free, 28MB/44MB, paused 846us total 29.163ms
08-05 02:57:43.436 27610 27622 I art     : Starting a blocking GC Explicit
08-05 02:57:43.464 27610 27622 I art     : Explicit concurrent mark sweep GC freed 3(96B) AllocSpace objects, 0(0B) LOS objects, 35% free, 28MB/44MB, paused 791us total 27.377ms
08-05 02:57:43.762 27610 27684 I art     : Starting a blocking GC Explicit
08-05 02:57:43.792 27610 27684 I art     : Explicit concurrent mark sweep GC freed 1372(80KB) AllocSpace objects, 1(20KB) LOS objects, 35% free, 28MB/44MB, paused 833us total 29.095ms
08-05 02:57:43.801 27610 27684 I art     : Starting a blocking GC Explicit
08-05 02:57:43.829 27610 27684 I art     : Explicit concurrent mark sweep GC freed 23(752B) AllocSpace objects, 0(0B) LOS objects, 35% free, 28MB/44MB, paused 862us total 27.668ms
08-05 02:57:43.838 27610 27684 I art     : Starting a blocking GC Explicit
08-05 02:57:43.866 27610 27684 I art     : Explicit concurrent mark sweep GC freed 3(96B) AllocSpace objects, 0(0B) LOS objects, 35% free, 28MB/44MB, paused 875us total 27.773ms
08-05 02:57:43.876 27610 27684 I art     : Starting a blocking GC Explicit
08-05 02:57:43.897 29425 29425 D AndroidRuntime: >>>>>> START com.android.internal.os.RuntimeInit uid 2000 <<<<<<
08-05 02:57:43.902 29425 29425 D AndroidRuntime: CheckJNI is OFF
08-05 02:57:43.904 27610 27684 I art     : Explicit concurrent mark sweep GC freed 3(96B) AllocSpace objects, 0(0B) LOS objects, 35% free, 28MB/44MB, paused 895us total 28.456ms
08-05 02:57:43.914 27610 27684 I art     : Starting a blocking GC Explicit
08-05 02:57:43.936 29425 29425 D ICU     : No timezone override file found: /data/misc/zoneinfo/current/icu/icu_tzdata.dat
08-05 02:57:43.941 27610 27684 I art     : Explicit concurrent mark sweep GC freed 3(96B) AllocSpace objects, 0(0B) LOS objects, 35% free, 28MB/44MB, paused 853us total 27.091ms
08-05 02:57:43.971 29425 29425 I Radio-JNI: register_android_hardware_Radio DONE
08-05 02:57:43.993 29425 29425 D AndroidRuntime: Calling main entry com.android.commands.input.Input
08-05 02:57:43.994 29425 29425 I Input   : injectKeyEvent: KeyEvent { action=ACTION_DOWN, keyCode=KEYCODE_BACK, scanCode=0, metaState=0, flags=0x0, repeatCount=0, eventTime=759480407, downTime=759480407, deviceId=-1, source=0x101 }
08-05 02:57:44.000 29425 29425 I Input   : injectKeyEvent: KeyEvent { action=ACTION_UP, keyCode=KEYCODE_BACK, scanCode=0, metaState=0, flags=0x0, repeatCount=0, eventTime=759480407, downTime=759480407, deviceId=-1, source=0x101 }
08-05 02:57:44.005 29425 29425 D AndroidRuntime: Shutting down VM
08-05 02:57:44.012 27610 27610 V PlaybackController: initServiceNotRunning()
08-05 02:57:44.013 27610 27610 D ExternalPlayerFragment: Loading media info
08-05 02:57:44.017 27610 27610 D UserPreferences: Using default data folder
08-05 02:57:44.019 27610 27630 D DBReader: getNavDrawerData() called with: 
08-05 02:57:44.029 27610 27630 D DBReader: getDownloadedItems() called
08-05 02:57:44.030 27610 27630 D DBReader: getFavoriteIDList() called
08-05 02:57:44.030 27610 27630 D DBReader: getQueueIDList() called
08-05 02:57:44.031 27610 27630 D DBReader: Extracting Feedlist
08-05 02:57:44.048 27610 27610 D MainActivity: getLastNavFragment() -> AddFeedFragment
08-05 02:57:44.049 13866 13866 I GoogleInputMethodServic: GoogleInputMethodService.onFinishInput():3138 
08-05 02:57:44.049 13866 13866 I GoogleInputMethodServic: GoogleInputMethodService.onStartInput():1808 
08-05 02:57:44.195 27610 29065 I art     : Starting a blocking GC Explicit
08-05 02:57:44.225 27610 29065 I art     : Explicit concurrent mark sweep GC freed 2481(153KB) AllocSpace objects, 1(20KB) LOS objects, 35% free, 28MB/44MB, paused 947us total 30.503ms
08-05 02:57:44.237 27610 29065 I art     : Starting a blocking GC Explicit
08-05 02:57:44.265 27610 29065 I art     : Explicit concurrent mark sweep GC freed 452(24KB) AllocSpace objects, 0(0B) LOS objects, 35% free, 28MB/44MB, paused 784us total 27.161ms
08-05 02:57:44.274 27610 29065 I art     : Starting a blocking GC Explicit
08-05 02:57:44.301 27610 29065 I art     : Explicit concurrent mark sweep GC freed 3(96B) AllocSpace objects, 0(0B) LOS objects, 35% free, 28MB/44MB, paused 745us total 26.857ms
08-05 02:57:44.309 27610 29065 I art     : Starting a blocking GC Explicit
08-05 02:57:44.335 27610 29065 I art     : Explicit concurrent mark sweep GC freed 3(96B) AllocSpace objects, 0(0B) LOS objects, 35% free, 28MB/44MB, paused 735us total 24.970ms
08-05 02:57:44.340   380   380 W SurfaceFlinger: couldn't log to binary event log: overflow.
08-05 02:57:44.346 27610 29065 I art     : Starting a blocking GC Explicit
08-05 02:57:44.372 27610 29065 I art     : Explicit concurrent mark sweep GC freed 628(25KB) AllocSpace objects, 0(0B) LOS objects, 35% free, 28MB/44MB, paused 833us total 26.490ms
08-05 02:57:44.657 27610 27622 I art     : Starting a blocking GC Explicit
08-05 02:57:44.686 27610 27622 I art     : Explicit concurrent mark sweep GC freed 3807(232KB) AllocSpace objects, 2(48KB) LOS objects, 36% free, 28MB/44MB, paused 864us total 29.056ms
08-05 02:57:44.696 27610 27622 I art     : Starting a blocking GC Explicit
08-05 02:57:44.723 27610 27622 I art     : Explicit concurrent mark sweep GC freed 23(752B) AllocSpace objects, 0(0B) LOS objects, 36% free, 28MB/44MB, paused 832us total 26.707ms
08-05 02:57:44.733 27610 27622 I art     : Starting a blocking GC Explicit
08-05 02:57:44.760 27610 27622 I art     : Explicit concurrent mark sweep GC freed 3(96B) AllocSpace objects, 0(0B) LOS objects, 36% free, 28MB/44MB, paused 844us total 27.476ms
08-05 02:57:44.770 27610 27622 I art     : Starting a blocking GC Explicit
08-05 02:57:44.799 27610 27622 I art     : Explicit concurrent mark sweep GC freed 3(96B) AllocSpace objects, 0(0B) LOS objects, 36% free, 28MB/44MB, paused 856us total 28.657ms
08-05 02:57:44.809 27610 27622 I art     : Starting a blocking GC Explicit
08-05 02:57:44.837 27610 27622 I art     : Explicit concurrent mark sweep GC freed 3(96B) AllocSpace objects, 0(0B) LOS objects, 36% free, 28MB/44MB, paused 900us total 28.138ms
08-05 02:57:45.126 27610 28549 I art     : Starting a blocking GC Explicit
08-05 02:57:45.164 27610 28549 I art     : Explicit concurrent mark sweep GC freed 1374(82KB) AllocSpace objects, 1(20KB) LOS objects, 36% free, 28MB/44MB, paused 933us total 37.649ms
08-05 02:57:45.177 27610 28549 I art     : Starting a blocking GC Explicit
08-05 02:57:45.206 27610 28549 I art     : Explicit concurrent mark sweep GC freed 23(752B) AllocSpace objects, 0(0B) LOS objects, 36% free, 28MB/44MB, paused 864us total 28.416ms
08-05 02:57:45.215 27610 28549 I art     : Starting a blocking GC Explicit
08-05 02:57:45.242 27610 28549 I art     : Explicit concurrent mark sweep GC freed 3(96B) AllocSpace objects, 0(0B) LOS objects, 36% free, 28MB/44MB, paused 795us total 26.765ms
08-05 02:57:45.251 27610 28549 I art     : Starting a blocking GC Explicit
08-05 02:57:45.278 27610 28549 I art     : Explicit concurrent mark sweep GC freed 3(96B) AllocSpace objects, 0(0B) LOS objects, 36% free, 28MB/44MB, paused 956us total 26.220ms
08-05 02:57:45.287 27610 28549 I art     : Starting a blocking GC Explicit
08-05 02:57:45.313 27610 28549 I art     : Explicit concurrent mark sweep GC freed 3(96B) AllocSpace objects, 0(0B) LOS objects, 36% free, 28MB/44MB, paused 812us total 26.353ms
08-05 02:57:45.517 23120 23120 I Atfwd_Sendcmd: AtCmdFwd service not ready - Exhausted retry attempts - :6
08-05 02:57:45.517 23120 23120 I Atfwd_Daemon: result : -1 	 ,Init step :2 	 ,qmiErrorCode: 0
08-05 02:57:45.592 27610 27684 I art     : Starting a blocking GC Explicit
08-05 02:57:45.620 27610 27684 I art     : Explicit concurrent mark sweep GC freed 1402(81KB) AllocSpace objects, 1(20KB) LOS objects, 36% free, 28MB/44MB, paused 871us total 27.851ms
08-05 02:57:45.630 27610 27684 I art     : Starting a blocking GC Explicit
08-05 02:57:45.656 29478 29478 D AndroidRuntime: >>>>>> START com.android.internal.os.RuntimeInit uid 2000 <<<<<<
08-05 02:57:45.659 27610 27684 I art     : Explicit concurrent mark sweep GC freed 24(784B) AllocSpace objects, 0(0B) LOS objects, 36% free, 28MB/44MB, paused 880us total 28.372ms
08-05 02:57:45.661 29478 29478 D AndroidRuntime: CheckJNI is OFF
08-05 02:57:45.673 27610 27684 I art     : Starting a blocking GC Explicit
08-05 02:57:45.699 29478 29478 D ICU     : No timezone override file found: /data/misc/zoneinfo/current/icu/icu_tzdata.dat
08-05 02:57:45.701 27610 27684 I art     : Explicit concurrent mark sweep GC freed 8(256B) AllocSpace objects, 0(0B) LOS objects, 36% free, 28MB/44MB, paused 876us total 27.937ms
08-05 02:57:45.711 27610 27684 I art     : Starting a blocking GC Explicit
08-05 02:57:45.734 29478 29478 I Radio-JNI: register_android_hardware_Radio DONE
08-05 02:57:45.737 27610 27684 I art     : Explicit concurrent mark sweep GC freed 8(256B) AllocSpace objects, 0(0B) LOS objects, 36% free, 28MB/44MB, paused 898us total 24.812ms
08-05 02:57:45.737 27610 27621 I art     : WaitForGcToComplete blocked for 25.117ms for cause HeapTrim
08-05 02:57:45.745 27610 27684 I art     : Starting a blocking GC Explicit
08-05 02:57:45.757 29478 29478 D AndroidRuntime: Calling main entry com.android.commands.input.Input
08-05 02:57:45.758 29478 29478 I Input   : injectKeyEvent: KeyEvent { action=ACTION_DOWN, keyCode=KEYCODE_BACK, scanCode=0, metaState=0, flags=0x0, repeatCount=0, eventTime=759482171, downTime=759482171, deviceId=-1, source=0x101 }
08-05 02:57:45.766 29478 29478 I Input   : injectKeyEvent: KeyEvent { action=ACTION_UP, keyCode=KEYCODE_BACK, scanCode=0, metaState=0, flags=0x0, repeatCount=0, eventTime=759482171, downTime=759482171, deviceId=-1, source=0x101 }
08-05 02:57:45.771 27610 27684 I art     : Explicit concurrent mark sweep GC freed 427(18KB) AllocSpace objects, 0(0B) LOS objects, 36% free, 28MB/44MB, paused 1.240ms total 25.066ms
08-05 02:57:45.778 13866 13866 I GoogleInputMethodServic: GoogleInputMethodService.onFinishInput():3138 
08-05 02:57:45.779 13866 13866 I GoogleInputMethodServic: GoogleInputMethodService.onStartInput():1808 
08-05 02:57:45.784 29478 29478 D AndroidRuntime: Shutting down VM
08-05 02:57:46.035 27610 27622 I art     : Starting a blocking GC Explicit
08-05 02:57:46.071 27610 27622 I art     : Explicit concurrent mark sweep GC freed 2152(111KB) AllocSpace objects, 1(20KB) LOS objects, 36% free, 28MB/44MB, paused 1.023ms total 36.090ms
08-05 02:57:46.082 27610 27622 I art     : Starting a blocking GC Explicit
08-05 02:57:46.110 27610 27622 I art     : Explicit concurrent mark sweep GC freed 2655(177KB) AllocSpace objects, 9(1540KB) LOS objects, 37% free, 26MB/42MB, paused 806us total 27.914ms
08-05 02:57:46.120 27610 27622 I art     : Starting a blocking GC Explicit
08-05 02:57:46.147 27610 27622 I art     : Explicit concurrent mark sweep GC freed 3(96B) AllocSpace objects, 0(0B) LOS objects, 37% free, 26MB/42MB, paused 878us total 26.989ms
08-05 02:57:46.157 27610 27622 I art     : Starting a blocking GC Explicit
08-05 02:57:46.184 27610 27622 I art     : Explicit concurrent mark sweep GC freed 3(96B) AllocSpace objects, 0(0B) LOS objects, 37% free, 26MB/42MB, paused 946us total 27.189ms
08-05 02:57:46.193 27610 27622 I art     : Starting a blocking GC Explicit
08-05 02:57:46.221 27610 27622 I art     : Explicit concurrent mark sweep GC freed 3(96B) AllocSpace objects, 0(0B) LOS objects, 37% free, 26MB/42MB, paused 855us total 27.339ms
08-05 02:57:46.517 27610 27684 I art     : Starting a blocking GC Explicit
08-05 02:57:46.545 27610 27684 I art     : Explicit concurrent mark sweep GC freed 1402(82KB) AllocSpace objects, 1(20KB) LOS objects, 37% free, 26MB/42MB, paused 847us total 27.690ms
08-05 02:57:46.555 27610 27684 I art     : Starting a blocking GC Explicit
08-05 02:57:46.582 27610 27684 I art     : Explicit concurrent mark sweep GC freed 23(752B) AllocSpace objects, 0(0B) LOS objects, 37% free, 26MB/42MB, paused 854us total 27.078ms
08-05 02:57:46.592 27610 27684 I art     : Starting a blocking GC Explicit
08-05 02:57:46.619 27610 27684 I art     : Explicit concurrent mark sweep GC freed 3(96B) AllocSpace objects, 0(0B) LOS objects, 37% free, 26MB/42MB, paused 860us total 27.486ms
08-05 02:57:46.629 27610 27684 I art     : Starting a blocking GC Explicit
08-05 02:57:46.656 27610 27684 I art     : Explicit concurrent mark sweep GC freed 3(96B) AllocSpace objects, 0(0B) LOS objects, 37% free, 26MB/42MB, paused 837us total 26.499ms
08-05 02:57:46.665 27610 27684 I art     : Starting a blocking GC Explicit
08-05 02:57:46.692 27610 27684 I art     : Explicit concurrent mark sweep GC freed 3(96B) AllocSpace objects, 0(0B) LOS objects, 37% free, 26MB/42MB, paused 858us total 26.874ms
08-05 02:57:46.998 27610 28549 I art     : Starting a blocking GC Explicit
08-05 02:57:47.031 27610 28549 I art     : Explicit concurrent mark sweep GC freed 1373(81KB) AllocSpace objects, 1(20KB) LOS objects, 37% free, 26MB/42MB, paused 882us total 33.432ms
08-05 02:57:47.041 27610 28549 I art     : Starting a blocking GC Explicit
08-05 02:57:47.068 27610 28549 I art     : Explicit concurrent mark sweep GC freed 23(752B) AllocSpace objects, 0(0B) LOS objects, 37% free, 26MB/42MB, paused 920us total 26.691ms
08-05 02:57:47.076 27610 28549 I art     : Starting a blocking GC Explicit
08-05 02:57:47.102 27610 28549 I art     : Explicit concurrent mark sweep GC freed 3(96B) AllocSpace objects, 0(0B) LOS objects, 37% free, 26MB/42MB, paused 825us total 25.054ms
08-05 02:57:47.110 27610 28549 I art     : Starting a blocking GC Explicit
08-05 02:57:47.136 27610 28549 I art     : Explicit concurrent mark sweep GC freed 3(96B) AllocSpace objects, 0(0B) LOS objects, 37% free, 26MB/42MB, paused 829us total 25.026ms
08-05 02:57:47.144 27610 28549 I art     : Starting a blocking GC Explicit
08-05 02:57:47.171 27610 28549 I art     : Explicit concurrent mark sweep GC freed 3(96B) AllocSpace objects, 0(0B) LOS objects, 37% free, 26MB/42MB, paused 853us total 25.940ms
08-05 02:57:47.431 29531 29531 D AndroidRuntime: >>>>>> START com.android.internal.os.RuntimeInit uid 2000 <<<<<<
08-05 02:57:47.437 29531 29531 D AndroidRuntime: CheckJNI is OFF
08-05 02:57:47.453 27610 28549 I art     : Starting a blocking GC Explicit
08-05 02:57:47.475 29531 29531 D ICU     : No timezone override file found: /data/misc/zoneinfo/current/icu/icu_tzdata.dat
08-05 02:57:47.480 27610 28549 I art     : Explicit concurrent mark sweep GC freed 1412(83KB) AllocSpace objects, 1(20KB) LOS objects, 37% free, 26MB/42MB, paused 819us total 27.643ms
08-05 02:57:47.492 27610 28549 I art     : Starting a blocking GC Explicit
08-05 02:57:47.510 29531 29531 I Radio-JNI: register_android_hardware_Radio DONE
08-05 02:57:47.517 27610 28549 I art     : Explicit concurrent mark sweep GC freed 27(880B) AllocSpace objects, 0(0B) LOS objects, 37% free, 26MB/42MB, paused 1.011ms total 24.541ms
08-05 02:57:47.526 27610 28549 I art     : Starting a blocking GC Explicit
08-05 02:57:47.533 29531 29531 D AndroidRuntime: Calling main entry com.android.commands.input.Input
08-05 02:57:47.536 29531 29531 I Input   : injectMotionEvent: MotionEvent { action=ACTION_DOWN, actionButton=0, id[0]=0, x[0]=567.0, y[0]=714.0, toolType[0]=TOOL_TYPE_UNKNOWN, buttonState=0, metaState=0, flags=0x0, edgeFlags=0x0, pointerCount=1, historySize=0, eventTime=759483948, downTime=759483948, deviceId=0, source=0x1002 }
08-05 02:57:47.539 29531 29531 I Input   : injectMotionEvent: MotionEvent { action=ACTION_UP, actionButton=0, id[0]=0, x[0]=567.0, y[0]=714.0, toolType[0]=TOOL_TYPE_UNKNOWN, buttonState=0, metaState=0, flags=0x0, edgeFlags=0x0, pointerCount=1, historySize=0, eventTime=759483948, downTime=759483948, deviceId=0, source=0x1002 }
08-05 02:57:47.541 29531 29531 D AndroidRuntime: Shutting down VM
08-05 02:57:47.549   512  2967 D audio_hw_primary: out_set_parameters: enter: usecase(1: low-latency-playback) kvpairs: routing=2
08-05 02:57:47.551 27610 28549 I art     : Explicit concurrent mark sweep GC freed 60(2336B) AllocSpace objects, 0(0B) LOS objects, 37% free, 26MB/42MB, paused 963us total 25.088ms
08-05 02:57:47.560 27610 28549 I art     : Starting a blocking GC Explicit
08-05 02:57:47.563   512  2967 D audio_hw_primary: select_devices: out_snd_device(2: speaker) in_snd_device(0: none)
08-05 02:57:47.563   512  2967 D msm8974_platform: platform_send_audio_calibration: sending audio calibration for snd_device(2) acdb_id(15)
08-05 02:57:47.563   512  2967 I soundtrigger: audio_extn_sound_trigger_update_device_status: device 0x2 of type 0 for Event 1
08-05 02:57:47.572   512  2967 D audio_hw_primary: enable_snd_device: snd_device(2: speaker)
08-05 02:57:47.574   512  2967 D audio_hw_primary: enable_audio_route: apply and update mixer path: low-latency-playback speaker
08-05 02:57:47.585 27610 28549 I art     : Explicit concurrent mark sweep GC freed 869(36KB) AllocSpace objects, 0(0B) LOS objects, 37% free, 27MB/43MB, paused 1.173ms total 25.448ms
08-05 02:57:47.594 27610 28549 I art     : Starting a blocking GC Explicit
08-05 02:57:47.620 27610 28549 I art     : Explicit concurrent mark sweep GC freed 2645(119KB) AllocSpace objects, 1(220KB) LOS objects, 37% free, 26MB/42MB, paused 958us total 26.324ms
08-05 02:57:47.868 27610 29065 I art     : Starting a blocking GC Explicit
08-05 02:57:47.896 27610 29065 I art     : Explicit concurrent mark sweep GC freed 5723(282KB) AllocSpace objects, 1(20KB) LOS objects, 37% free, 26MB/42MB, paused 904us total 26.873ms
08-05 02:57:47.906 27610 29065 I art     : Starting a blocking GC Explicit
08-05 02:57:47.932 27610 29065 I art     : Explicit concurrent mark sweep GC freed 177(5KB) AllocSpace objects, 0(0B) LOS objects, 37% free, 26MB/42MB, paused 1.005ms total 26.255ms
08-05 02:57:47.942 27610 29065 I art     : Starting a blocking GC Explicit
08-05 02:57:47.960 27610 28150 I NAPPA_EXPERIMENTATION: MetricNetworkRequestExecutionTime: REQUEST_DURATION_SYSTEM='391',REQUEST_DURATION_OKHTTP='158',REQUEST_SYNCHRONOUS='TRUE',RESPONSE_CODE='400',RESPONSE_METHOD='GET',RESPONSE_LENGTH_OKHTTP='0',RESPONSE_LENGTH_HEADER='0',REQUEST_PROTOCOL='h2',REQUEST_URL='https://itunes.apple.com/en/rss/toppodcasts/limit=25/explicit=true/json',
08-05 02:57:47.967 27610 29065 I art     : Explicit concurrent mark sweep GC freed 365(25KB) AllocSpace objects, 0(0B) LOS objects, 37% free, 26MB/42MB, paused 992us total 24.844ms
08-05 02:57:47.975 27610 29065 I art     : Starting a blocking GC Explicit
08-05 02:57:48.000 27610 29065 I art     : Explicit concurrent mark sweep GC freed 91(3KB) AllocSpace objects, 0(0B) LOS objects, 37% free, 26MB/42MB, paused 894us total 24.837ms
08-05 02:57:48.009 27610 29065 I art     : Starting a blocking GC Explicit
08-05 02:57:48.033 27610 29065 I art     : Explicit concurrent mark sweep GC freed 13(480B) AllocSpace objects, 0(0B) LOS objects, 37% free, 26MB/42MB, paused 891us total 24.559ms
08-05 02:57:48.104 27610 28150 I NAPPA_EXPERIMENTATION: MetricNetworkRequestExecutionTime: REQUEST_DURATION_SYSTEM='144',REQUEST_DURATION_OKHTTP='143',REQUEST_SYNCHRONOUS='TRUE',RESPONSE_CODE='200',RESPONSE_METHOD='GET',RESPONSE_LENGTH_OKHTTP='-1',RESPONSE_LENGTH_HEADER='10075',REQUEST_PROTOCOL='h2',REQUEST_URL='https://itunes.apple.com/us/rss/toppodcasts/limit=25/explicit=true/json',
08-05 02:57:48.121   512  2967 D audio_hw_primary: disable_audio_route: reset and update mixer path: low-latency-playback speaker
08-05 02:57:48.122   512  2967 D audio_hw_primary: disable_snd_device: snd_device(2: speaker)
08-05 02:57:48.131   512  2967 I soundtrigger: audio_extn_sound_trigger_update_device_status: device 0x2 of type 0 for Event 0
08-05 02:57:48.149 27610 28359 D ApOkHttpUrlLoader: buildLoadData() called with: model = [https://is4-ssl.mzstatic.com/image/thumb/Podcasts114/v4/3f/16/74/3f167426-bf50-ce3a-d709-e4301620fc5b/mza_5832671293059882550.jpeg/170x170bb.png], width = [224], height = [224]
08-05 02:57:48.150 27610 28364 D DBReader: getImageAuthentication() called with: imageUrl = [https://is4-ssl.mzstatic.com/image/thumb/Podcasts114/v4/3f/16/74/3f167426-bf50-ce3a-d709-e4301620fc5b/mza_5832671293059882550.jpeg/170x170bb.png]
08-05 02:57:48.153 27610 28361 D ApOkHttpUrlLoader: buildLoadData() called with: model = [https://is4-ssl.mzstatic.com/image/thumb/Podcasts113/v4/e5/8a/10/e58a108f-f5d0-f622-c94a-13f66edd570c/mza_3025981348644196724.jpg/170x170bb.png], width = [224], height = [224]
08-05 02:57:48.154 27610 28364 D ApOkHttpUrlLoader: no credentials for 'https://is4-ssl.mzstatic.com/image/thumb/Podcasts114/v4/3f/16/74/3f167426-bf50-ce3a-d709-e4301620fc5b/mza_5832671293059882550.jpeg/170x170bb.png'
08-05 02:57:48.154 27610 28365 D DBReader: getImageAuthentication() called with: imageUrl = [https://is4-ssl.mzstatic.com/image/thumb/Podcasts113/v4/e5/8a/10/e58a108f-f5d0-f622-c94a-13f66edd570c/mza_3025981348644196724.jpg/170x170bb.png]
08-05 02:57:48.157 27610 28355 D ApOkHttpUrlLoader: buildLoadData() called with: model = [https://is2-ssl.mzstatic.com/image/thumb/Podcasts113/v4/a9/39/cc/a939ccc5-6d60-0c11-0a4c-16d71cdef89b/mza_8787577209688278658.jpg/170x170bb.png], width = [224], height = [224]
08-05 02:57:48.158 27610 28365 D ApOkHttpUrlLoader: no credentials for 'https://is4-ssl.mzstatic.com/image/thumb/Podcasts113/v4/e5/8a/10/e58a108f-f5d0-f622-c94a-13f66edd570c/mza_3025981348644196724.jpg/170x170bb.png'
08-05 02:57:48.158 27610 28363 D DBReader: getImageAuthentication() called with: imageUrl = [https://is2-ssl.mzstatic.com/image/thumb/Podcasts113/v4/a9/39/cc/a939ccc5-6d60-0c11-0a4c-16d71cdef89b/mza_8787577209688278658.jpg/170x170bb.png]
08-05 02:57:48.161 27610 28357 D ApOkHttpUrlLoader: buildLoadData() called with: model = [https://is5-ssl.mzstatic.com/image/thumb/Podcasts114/v4/93/cf/99/93cf9960-fff3-205e-6655-72c03ddeccb2/mza_10545582232493904175.jpeg/170x170bb.png], width = [224], height = [224]
08-05 02:57:48.162 27610 28363 D ApOkHttpUrlLoader: no credentials for 'https://is2-ssl.mzstatic.com/image/thumb/Podcasts113/v4/a9/39/cc/a939ccc5-6d60-0c11-0a4c-16d71cdef89b/mza_8787577209688278658.jpg/170x170bb.png'
08-05 02:57:48.164 27610 28356 D DBReader: getImageAuthentication() called with: imageUrl = [https://is5-ssl.mzstatic.com/image/thumb/Podcasts114/v4/93/cf/99/93cf9960-fff3-205e-6655-72c03ddeccb2/mza_10545582232493904175.jpeg/170x170bb.png]
08-05 02:57:48.164 27610 28359 D ApOkHttpUrlLoader: buildLoadData() called with: model = [https://is4-ssl.mzstatic.com/image/thumb/Podcasts124/v4/49/a4/91/49a491b7-3daf-c5dc-d7c6-6c4f1486955c/mza_5930014091766152297.png/170x170bb.png], width = [224], height = [224]
08-05 02:57:48.167 27610 28362 D DBReader: getImageAuthentication() called with: imageUrl = [https://is4-ssl.mzstatic.com/image/thumb/Podcasts124/v4/49/a4/91/49a491b7-3daf-c5dc-d7c6-6c4f1486955c/mza_5930014091766152297.png/170x170bb.png]
08-05 02:57:48.168 27610 28361 D ApOkHttpUrlLoader: buildLoadData() called with: model = [https://is5-ssl.mzstatic.com/image/thumb/Podcasts113/v4/fd/54/6e/fd546ea0-7ab2-e3f0-6049-884d82917af9/mza_4855349695799758348.jpeg/170x170bb.png], width = [224], height = [224]
08-05 02:57:48.169 27610 28358 D DBReader: getImageAuthentication() called with: imageUrl = [https://is5-ssl.mzstatic.com/image/thumb/Podcasts113/v4/fd/54/6e/fd546ea0-7ab2-e3f0-6049-884d82917af9/mza_4855349695799758348.jpeg/170x170bb.png]
08-05 02:57:48.170 27610 28356 D ApOkHttpUrlLoader: no credentials for 'https://is5-ssl.mzstatic.com/image/thumb/Podcasts114/v4/93/cf/99/93cf9960-fff3-205e-6655-72c03ddeccb2/mza_10545582232493904175.jpeg/170x170bb.png'
08-05 02:57:48.171 27610 28355 D ApOkHttpUrlLoader: buildLoadData() called with: model = [https://is2-ssl.mzstatic.com/image/thumb/Podcasts114/v4/b3/4c/cf/b34ccfc2-cea4-1ca1-0fad-7793af301cc5/mza_2466085192629456364.jpg/170x170bb.png], width = [224], height = [224]
08-05 02:57:48.172 27610 28360 D DBReader: getImageAuthentication() called with: imageUrl = [https://is2-ssl.mzstatic.com/image/thumb/Podcasts114/v4/b3/4c/cf/b34ccfc2-cea4-1ca1-0fad-7793af301cc5/mza_2466085192629456364.jpg/170x170bb.png]
08-05 02:57:48.173 27610 28358 D ApOkHttpUrlLoader: no credentials for 'https://is5-ssl.mzstatic.com/image/thumb/Podcasts113/v4/fd/54/6e/fd546ea0-7ab2-e3f0-6049-884d82917af9/mza_4855349695799758348.jpeg/170x170bb.png'
08-05 02:57:48.176 27610 28362 D ApOkHttpUrlLoader: no credentials for 'https://is4-ssl.mzstatic.com/image/thumb/Podcasts124/v4/49/a4/91/49a491b7-3daf-c5dc-d7c6-6c4f1486955c/mza_5930014091766152297.png/170x170bb.png'
08-05 02:57:48.178 27610 28360 D ApOkHttpUrlLoader: no credentials for 'https://is2-ssl.mzstatic.com/image/thumb/Podcasts114/v4/b3/4c/cf/b34ccfc2-cea4-1ca1-0fad-7793af301cc5/mza_2466085192629456364.jpg/170x170bb.png'
08-05 02:57:48.335 27610 27684 I art     : Starting a blocking GC Explicit
08-05 02:57:48.378 27610 27684 I art     : Explicit concurrent mark sweep GC freed 31271(1531KB) AllocSpace objects, 5(372KB) LOS objects, 36% free, 27MB/43MB, paused 1.339ms total 43.479ms
08-05 02:57:48.387 27610 27684 I art     : Starting a blocking GC Explicit
08-05 02:57:48.416 27610 27684 I art     : Explicit concurrent mark sweep GC freed 5336(229KB) AllocSpace objects, 0(0B) LOS objects, 36% free, 27MB/43MB, paused 1.501ms total 28.575ms
08-05 02:57:48.425 27610 27684 I art     : Starting a blocking GC Explicit
08-05 02:57:48.452 27610 27684 I art     : Explicit concurrent mark sweep GC freed 2297(236KB) AllocSpace objects, 0(0B) LOS objects, 37% free, 27MB/43MB, paused 1.147ms total 26.416ms
08-05 02:57:48.461 27610 27684 I art     : Starting a blocking GC Explicit
08-05 02:57:48.487 27610 27684 I art     : Explicit concurrent mark sweep GC freed 533(18KB) AllocSpace objects, 0(0B) LOS objects, 37% free, 26MB/42MB, paused 1.204ms total 26.107ms
08-05 02:57:48.495 27610 27684 I art     : Starting a blocking GC Explicit
08-05 02:57:48.523 27610 27684 I art     : Explicit concurrent mark sweep GC freed 7(272B) AllocSpace objects, 0(0B) LOS objects, 37% free, 26MB/42MB, paused 1.183ms total 27.759ms
08-05 02:57:48.643 27610 28364 D MYTAG   : interceptor 2a
08-05 02:57:48.644 27610 28364 I NAPPA_EXPERIMENTATION: MetricNetworkRequestExecutionTime: REQUEST_DURATION_SYSTEM='489',REQUEST_DURATION_OKHTTP='239',REQUEST_SYNCHRONOUS='TRUE',RESPONSE_CODE='200',RESPONSE_METHOD='GET',RESPONSE_LENGTH_OKHTTP='26177',RESPONSE_LENGTH_HEADER='26177',REQUEST_PROTOCOL='h2',REQUEST_URL='https://is4-ssl.mzstatic.com/image/thumb/Podcasts114/v4/3f/16/74/3f167426-bf50-ce3a-d709-e4301620fc5b/mza_5832671293059882550.jpeg/170x170bb.png',
08-05 02:57:48.666 27610 28358 D MYTAG   : interceptor 2a
08-05 02:57:48.666 27610 28365 D MYTAG   : interceptor 2a
08-05 02:57:48.667 27610 28365 I NAPPA_EXPERIMENTATION: MetricNetworkRequestExecutionTime: REQUEST_DURATION_SYSTEM='508',REQUEST_DURATION_OKHTTP='275',REQUEST_SYNCHRONOUS='TRUE',RESPONSE_CODE='200',RESPONSE_METHOD='GET',RESPONSE_LENGTH_OKHTTP='45995',RESPONSE_LENGTH_HEADER='45995',REQUEST_PROTOCOL='h2',REQUEST_URL='https://is4-ssl.mzstatic.com/image/thumb/Podcasts113/v4/e5/8a/10/e58a108f-f5d0-f622-c94a-13f66edd570c/mza_3025981348644196724.jpg/170x170bb.png',
08-05 02:57:48.667 27610 28358 I NAPPA_EXPERIMENTATION: MetricNetworkRequestExecutionTime: REQUEST_DURATION_SYSTEM='493',REQUEST_DURATION_OKHTTP='267',REQUEST_SYNCHRONOUS='TRUE',RESPONSE_CODE='200',RESPONSE_METHOD='GET',RESPONSE_LENGTH_OKHTTP='54835',RESPONSE_LENGTH_HEADER='54835',REQUEST_PROTOCOL='h2',REQUEST_URL='https://is5-ssl.mzstatic.com/image/thumb/Podcasts113/v4/fd/54/6e/fd546ea0-7ab2-e3f0-6049-884d82917af9/mza_4855349695799758348.jpeg/170x170bb.png',
08-05 02:57:48.681 27610 28360 D MYTAG   : interceptor 2a
08-05 02:57:48.681 27610 28360 I NAPPA_EXPERIMENTATION: MetricNetworkRequestExecutionTime: REQUEST_DURATION_SYSTEM='503',REQUEST_DURATION_OKHTTP='276',REQUEST_SYNCHRONOUS='TRUE',RESPONSE_CODE='200',RESPONSE_METHOD='GET',RESPONSE_LENGTH_OKHTTP='42299',RESPONSE_LENGTH_HEADER='42299',REQUEST_PROTOCOL='h2',REQUEST_URL='https://is2-ssl.mzstatic.com/image/thumb/Podcasts114/v4/b3/4c/cf/b34ccfc2-cea4-1ca1-0fad-7793af301cc5/mza_2466085192629456364.jpg/170x170bb.png',
08-05 02:57:48.698 27610 28362 D MYTAG   : interceptor 2a
08-05 02:57:48.698 27610 28362 I NAPPA_EXPERIMENTATION: MetricNetworkRequestExecutionTime: REQUEST_DURATION_SYSTEM='522',REQUEST_DURATION_OKHTTP='297',REQUEST_SYNCHRONOUS='TRUE',RESPONSE_CODE='200',RESPONSE_METHOD='GET',RESPONSE_LENGTH_OKHTTP='12000',RESPONSE_LENGTH_HEADER='12000',REQUEST_PROTOCOL='h2',REQUEST_URL='https://is4-ssl.mzstatic.com/image/thumb/Podcasts124/v4/49/a4/91/49a491b7-3daf-c5dc-d7c6-6c4f1486955c/mza_5930014091766152297.png/170x170bb.png',
08-05 02:57:48.700 27610 28356 D MYTAG   : interceptor 2a
08-05 02:57:48.701 27610 28356 I NAPPA_EXPERIMENTATION: MetricNetworkRequestExecutionTime: REQUEST_DURATION_SYSTEM='529',REQUEST_DURATION_OKHTTP='283',REQUEST_SYNCHRONOUS='TRUE',RESPONSE_CODE='200',RESPONSE_METHOD='GET',RESPONSE_LENGTH_OKHTTP='22351',RESPONSE_LENGTH_HEADER='22351',REQUEST_PROTOCOL='h2',REQUEST_URL='https://is5-ssl.mzstatic.com/image/thumb/Podcasts114/v4/93/cf/99/93cf9960-fff3-205e-6655-72c03ddeccb2/mza_10545582232493904175.jpeg/170x170bb.png',
08-05 02:57:48.728 27610 28363 D MYTAG   : interceptor 2a
08-05 02:57:48.729 27610 28363 I NAPPA_EXPERIMENTATION: MetricNetworkRequestExecutionTime: REQUEST_DURATION_SYSTEM='565',REQUEST_DURATION_OKHTTP='316',REQUEST_SYNCHRONOUS='TRUE',RESPONSE_CODE='200',RESPONSE_METHOD='GET',RESPONSE_LENGTH_OKHTTP='48239',RESPONSE_LENGTH_HEADER='48239',REQUEST_PROTOCOL='h2',REQUEST_URL='https://is2-ssl.mzstatic.com/image/thumb/Podcasts113/v4/a9/39/cc/a939ccc5-6d60-0c11-0a4c-16d71cdef89b/mza_8787577209688278658.jpg/170x170bb.png',
08-05 02:57:48.813 27610 29065 I art     : Starting a blocking GC Explicit
08-05 02:57:48.839 27610 29065 I art     : Explicit concurrent mark sweep GC freed 4593(280KB) AllocSpace objects, 1(20KB) LOS objects, 36% free, 28MB/44MB, paused 938us total 25.807ms
08-05 02:57:48.848 27610 29065 I art     : Starting a blocking GC Explicit
08-05 02:57:48.873 27610 29065 I art     : Explicit concurrent mark sweep GC freed 65(3KB) AllocSpace objects, 0(0B) LOS objects, 36% free, 28MB/44MB, paused 926us total 24.862ms
08-05 02:57:48.882 27610 29065 I art     : Starting a blocking GC Explicit
08-05 02:57:48.907 27610 29065 I art     : Explicit concurrent mark sweep GC freed 3(96B) AllocSpace objects, 0(0B) LOS objects, 36% free, 28MB/44MB, paused 988us total 24.983ms
08-05 02:57:48.915 27610 29065 I art     : Starting a blocking GC Explicit
08-05 02:57:48.940 27610 29065 I art     : Explicit concurrent mark sweep GC freed 3(96B) AllocSpace objects, 0(0B) LOS objects, 36% free, 28MB/44MB, paused 963us total 24.760ms
08-05 02:57:48.949 27610 29065 I art     : Starting a blocking GC Explicit
08-05 02:57:48.974 27610 29065 I art     : Explicit concurrent mark sweep GC freed 3(96B) AllocSpace objects, 0(0B) LOS objects, 36% free, 28MB/44MB, paused 925us total 25.029ms
08-05 02:57:49.250 27610 27622 I art     : Starting a blocking GC Explicit
08-05 02:57:49.280 27610 27622 I art     : Explicit concurrent mark sweep GC freed 1372(80KB) AllocSpace objects, 1(20KB) LOS objects, 36% free, 28MB/44MB, paused 1.026ms total 29.072ms
08-05 02:57:49.289 27610 27622 I art     : Starting a blocking GC Explicit
08-05 02:57:49.318 27610 27622 I art     : Explicit concurrent mark sweep GC freed 23(752B) AllocSpace objects, 0(0B) LOS objects, 36% free, 28MB/44MB, paused 968us total 28.501ms
08-05 02:57:49.327 27610 27622 I art     : Starting a blocking GC Explicit
08-05 02:57:49.356 27610 27622 I art     : Explicit concurrent mark sweep GC freed 3(96B) AllocSpace objects, 0(0B) LOS objects, 36% free, 28MB/44MB, paused 967us total 28.228ms
08-05 02:57:49.365 27610 27622 I art     : Starting a blocking GC Explicit
08-05 02:57:49.394 27610 27622 I art     : Explicit concurrent mark sweep GC freed 32(880B) AllocSpace objects, 0(0B) LOS objects, 36% free, 28MB/44MB, paused 983us total 28.058ms
08-05 02:57:49.403 27610 27622 I art     : Starting a blocking GC Explicit
08-05 02:57:49.432 27610 27622 I art     : Explicit concurrent mark sweep GC freed 3(96B) AllocSpace objects, 0(0B) LOS objects, 36% free, 28MB/44MB, paused 970us total 28.310ms
08-05 02:57:49.750 27610 27623 I art     : Starting a blocking GC Explicit
08-05 02:57:49.788 27610 27623 I art     : Explicit concurrent mark sweep GC freed 1378(81KB) AllocSpace objects, 1(20KB) LOS objects, 36% free, 28MB/44MB, paused 1.007ms total 37.152ms
08-05 02:57:49.800 27610 27623 I art     : Starting a blocking GC Explicit
08-05 02:57:49.828 27610 27623 I art     : Explicit concurrent mark sweep GC freed 28(912B) AllocSpace objects, 0(0B) LOS objects, 36% free, 28MB/44MB, paused 978us total 27.982ms
08-05 02:57:49.837 27610 27623 I art     : Starting a blocking GC Explicit
08-05 02:57:49.865 27610 27623 I art     : Explicit concurrent mark sweep GC freed 7(224B) AllocSpace objects, 0(0B) LOS objects, 36% free, 28MB/44MB, paused 1.048ms total 27.453ms
08-05 02:57:49.873 27610 27623 I art     : Starting a blocking GC Explicit
08-05 02:57:49.899 27610 27623 I art     : Explicit concurrent mark sweep GC freed 8(256B) AllocSpace objects, 0(0B) LOS objects, 36% free, 28MB/44MB, paused 1.186ms total 25.083ms
08-05 02:57:49.907 27610 27623 I art     : Starting a blocking GC Explicit
08-05 02:57:49.932 27610 27623 I art     : Explicit concurrent mark sweep GC freed 7(224B) AllocSpace objects, 0(0B) LOS objects, 36% free, 28MB/44MB, paused 951us total 24.841ms
08-05 02:57:50.254 27610 27684 I art     : Starting a blocking GC Explicit
08-05 02:57:50.280 27610 27684 I art     : Explicit concurrent mark sweep GC freed 1381(82KB) AllocSpace objects, 1(20KB) LOS objects, 36% free, 28MB/44MB, paused 944us total 26.071ms
08-05 02:57:50.289 27610 27684 I art     : Starting a blocking GC Explicit
08-05 02:57:50.314 27610 27684 I art     : Explicit concurrent mark sweep GC freed 23(752B) AllocSpace objects, 0(0B) LOS objects, 36% free, 28MB/44MB, paused 944us total 25.296ms
08-05 02:57:50.323 27610 27684 I art     : Starting a blocking GC Explicit
08-05 02:57:50.349 27610 27684 I art     : Explicit concurrent mark sweep GC freed 3(96B) AllocSpace objects, 0(0B) LOS objects, 36% free, 28MB/44MB, paused 957us total 26.354ms
08-05 02:57:50.359 27610 27684 I art     : Starting a blocking GC Explicit
08-05 02:57:50.386 27610 27684 I art     : Explicit concurrent mark sweep GC freed 32(880B) AllocSpace objects, 0(0B) LOS objects, 36% free, 28MB/44MB, paused 936us total 27.218ms
08-05 02:57:50.395 27610 27684 I art     : Starting a blocking GC Explicit
08-05 02:57:50.423 27610 27684 I art     : Explicit concurrent mark sweep GC freed 3(96B) AllocSpace objects, 0(0B) LOS objects, 36% free, 28MB/44MB, paused 970us total 27.944ms
08-05 02:57:50.741 27610 28549 I art     : Starting a blocking GC Explicit
08-05 02:57:50.778 27610 28549 I art     : Explicit concurrent mark sweep GC freed 1373(81KB) AllocSpace objects, 1(20KB) LOS objects, 36% free, 28MB/44MB, paused 1.041ms total 35.676ms
08-05 02:57:50.778 27610 27621 I art     : WaitForGcToComplete blocked for 7.076ms for cause HeapTrim
08-05 02:57:50.793 27610 28549 I art     : Starting a blocking GC Explicit
08-05 02:57:50.824 27610 28549 I art     : Explicit concurrent mark sweep GC freed 23(752B) AllocSpace objects, 0(0B) LOS objects, 36% free, 28MB/44MB, paused 981us total 30.984ms
08-05 02:57:50.834 27610 28549 I art     : Starting a blocking GC Explicit
08-05 02:57:50.862 27610 28549 I art     : Explicit concurrent mark sweep GC freed 3(96B) AllocSpace objects, 0(0B) LOS objects, 36% free, 28MB/44MB, paused 973us total 28.328ms
08-05 02:57:50.872 27610 28549 I art     : Starting a blocking GC Explicit
08-05 02:57:50.901 27610 28549 I art     : Explicit concurrent mark sweep GC freed 3(96B) AllocSpace objects, 0(0B) LOS objects, 36% free, 28MB/44MB, paused 951us total 29.026ms
08-05 02:57:50.911 27610 28549 I art     : Starting a blocking GC Explicit
08-05 02:57:50.939 27610 28549 I art     : Explicit concurrent mark sweep GC freed 3(96B) AllocSpace objects, 0(0B) LOS objects, 36% free, 28MB/44MB, paused 984us total 28.137ms
08-05 02:57:51.250 27610 27623 I art     : Starting a blocking GC Explicit
08-05 02:57:51.287 27610 27623 I art     : Explicit concurrent mark sweep GC freed 1374(82KB) AllocSpace objects, 1(20KB) LOS objects, 36% free, 28MB/44MB, paused 1.201ms total 36.253ms
08-05 02:57:51.298 27610 27623 I art     : Starting a blocking GC Explicit
08-05 02:57:51.328 27610 27623 I art     : Explicit concurrent mark sweep GC freed 23(752B) AllocSpace objects, 0(0B) LOS objects, 36% free, 28MB/44MB, paused 1.070ms total 29.178ms
08-05 02:57:51.337 27610 27623 I art     : Starting a blocking GC Explicit
08-05 02:57:51.365 27610 27623 I art     : Explicit concurrent mark sweep GC freed 3(96B) AllocSpace objects, 0(0B) LOS objects, 36% free, 28MB/44MB, paused 956us total 27.881ms
08-05 02:57:51.375 27610 27623 I art     : Starting a blocking GC Explicit
08-05 02:57:51.403 27610 27623 I art     : Explicit concurrent mark sweep GC freed 32(880B) AllocSpace objects, 0(0B) LOS objects, 36% free, 28MB/44MB, paused 972us total 28.010ms
08-05 02:57:51.413 27610 27623 I art     : Starting a blocking GC Explicit
08-05 02:57:51.441 27610 27623 I art     : Explicit concurrent mark sweep GC freed 3(96B) AllocSpace objects, 0(0B) LOS objects, 36% free, 28MB/44MB, paused 984us total 28.568ms
08-05 02:57:51.730 27610 29065 I art     : Starting a blocking GC Explicit
08-05 02:57:51.766 27610 29065 I art     : Explicit concurrent mark sweep GC freed 1373(81KB) AllocSpace objects, 1(20KB) LOS objects, 36% free, 28MB/44MB, paused 1.052ms total 35.713ms
08-05 02:57:51.780 27610 29065 I art     : Starting a blocking GC Explicit
08-05 02:57:51.809 27610 29065 I art     : Explicit concurrent mark sweep GC freed 23(752B) AllocSpace objects, 0(0B) LOS objects, 36% free, 28MB/44MB, paused 1.045ms total 29.526ms
08-05 02:57:51.819 27610 29065 I art     : Starting a blocking GC Explicit
08-05 02:57:51.848 27610 29065 I art     : Explicit concurrent mark sweep GC freed 3(96B) AllocSpace objects, 0(0B) LOS objects, 36% free, 28MB/44MB, paused 947us total 28.674ms
08-05 02:57:51.857 27610 29065 I art     : Starting a blocking GC Explicit
08-05 02:57:51.886 27610 29065 I art     : Explicit concurrent mark sweep GC freed 3(96B) AllocSpace objects, 0(0B) LOS objects, 36% free, 28MB/44MB, paused 975us total 28.748ms
08-05 02:57:51.896 27610 29065 I art     : Starting a blocking GC Explicit
08-05 02:57:51.925 27610 29065 I art     : Explicit concurrent mark sweep GC freed 3(96B) AllocSpace objects, 0(0B) LOS objects, 36% free, 28MB/44MB, paused 989us total 28.876ms
08-05 02:57:52.255 27610 27622 I art     : Starting a blocking GC Explicit
08-05 02:57:52.294 27610 27622 I art     : Explicit concurrent mark sweep GC freed 1372(80KB) AllocSpace objects, 1(20KB) LOS objects, 36% free, 28MB/44MB, paused 1.114ms total 38.510ms
08-05 02:57:52.306 27610 27622 I art     : Starting a blocking GC Explicit
08-05 02:57:52.336 27610 27622 I art     : Explicit concurrent mark sweep GC freed 23(752B) AllocSpace objects, 0(0B) LOS objects, 36% free, 28MB/44MB, paused 998us total 29.230ms
08-05 02:57:52.345 27610 27622 I art     : Starting a blocking GC Explicit
08-05 02:57:52.374 27610 27622 I art     : Explicit concurrent mark sweep GC freed 32(880B) AllocSpace objects, 0(0B) LOS objects, 36% free, 28MB/44MB, paused 964us total 27.997ms
08-05 02:57:52.383 27610 27622 I art     : Starting a blocking GC Explicit
08-05 02:57:52.412 27610 27622 I art     : Explicit concurrent mark sweep GC freed 3(96B) AllocSpace objects, 0(0B) LOS objects, 36% free, 28MB/44MB, paused 1.099ms total 28.449ms
08-05 02:57:52.421 27610 27622 I art     : Starting a blocking GC Explicit
08-05 02:57:52.450 27610 27622 I art     : Explicit concurrent mark sweep GC freed 3(96B) AllocSpace objects, 0(0B) LOS objects, 36% free, 28MB/44MB, paused 958us total 28.429ms
08-05 02:57:52.774 27610 27684 I art     : Starting a blocking GC Explicit
08-05 02:57:52.811 27610 27684 I art     : Explicit concurrent mark sweep GC freed 1372(80KB) AllocSpace objects, 1(20KB) LOS objects, 36% free, 28MB/44MB, paused 1.068ms total 36.935ms
08-05 02:57:52.824 27610 27684 I art     : Starting a blocking GC Explicit
08-05 02:57:52.854 27610 27684 I art     : Explicit concurrent mark sweep GC freed 23(752B) AllocSpace objects, 0(0B) LOS objects, 36% free, 28MB/44MB, paused 981us total 29.150ms
08-05 02:57:52.863 27610 27684 I art     : Starting a blocking GC Explicit
08-05 02:57:52.892 27610 27684 I art     : Explicit concurrent mark sweep GC freed 3(96B) AllocSpace objects, 0(0B) LOS objects, 36% free, 28MB/44MB, paused 991us total 28.599ms
08-05 02:57:52.902 27610 27684 I art     : Starting a blocking GC Explicit
08-05 02:57:52.930 27610 27684 I art     : Explicit concurrent mark sweep GC freed 3(96B) AllocSpace objects, 0(0B) LOS objects, 36% free, 28MB/44MB, paused 968us total 28.265ms
08-05 02:57:52.940 27610 27684 I art     : Starting a blocking GC Explicit
08-05 02:57:52.968 27610 27684 I art     : Explicit concurrent mark sweep GC freed 3(96B) AllocSpace objects, 0(0B) LOS objects, 36% free, 28MB/44MB, paused 1.035ms total 28.380ms
08-05 02:57:53.313 27610 28549 I art     : Starting a blocking GC Explicit
08-05 02:57:53.352 27610 28549 I art     : Explicit concurrent mark sweep GC freed 1372(80KB) AllocSpace objects, 1(20KB) LOS objects, 36% free, 28MB/44MB, paused 1.087ms total 38.730ms
08-05 02:57:53.365 27610 28549 I art     : Starting a blocking GC Explicit
08-05 02:57:53.394 27610 28549 I art     : Explicit concurrent mark sweep GC freed 52(1536B) AllocSpace objects, 0(0B) LOS objects, 36% free, 28MB/44MB, paused 981us total 29.136ms
08-05 02:57:53.404 27610 28549 I art     : Starting a blocking GC Explicit
08-05 02:57:53.433 27610 28549 I art     : Explicit concurrent mark sweep GC freed 3(96B) AllocSpace objects, 0(0B) LOS objects, 36% free, 28MB/44MB, paused 978us total 28.530ms
08-05 02:57:53.442 27610 28549 I art     : Starting a blocking GC Explicit
08-05 02:57:53.471 27610 28549 I art     : Explicit concurrent mark sweep GC freed 3(96B) AllocSpace objects, 0(0B) LOS objects, 36% free, 28MB/44MB, paused 977us total 28.447ms
08-05 02:57:53.481 27610 28549 I art     : Starting a blocking GC Explicit
08-05 02:57:53.510 27610 28549 I art     : Explicit concurrent mark sweep GC freed 3(96B) AllocSpace objects, 0(0B) LOS objects, 36% free, 28MB/44MB, paused 994us total 29.125ms
08-05 02:57:53.850 27610 27623 I art     : Starting a blocking GC Explicit
08-05 02:57:53.879 27610 27623 I art     : Explicit concurrent mark sweep GC freed 1372(80KB) AllocSpace objects, 1(20KB) LOS objects, 36% free, 28MB/44MB, paused 1.062ms total 28.900ms
08-05 02:57:53.888 27610 27623 I art     : Starting a blocking GC Explicit
08-05 02:57:53.915 27610 27623 I art     : Explicit concurrent mark sweep GC freed 23(752B) AllocSpace objects, 0(0B) LOS objects, 36% free, 28MB/44MB, paused 981us total 26.743ms
08-05 02:57:53.924 27610 27623 I art     : Starting a blocking GC Explicit
08-05 02:57:53.951 27610 27623 I art     : Explicit concurrent mark sweep GC freed 3(96B) AllocSpace objects, 0(0B) LOS objects, 36% free, 28MB/44MB, paused 919us total 26.541ms
08-05 02:57:53.960 27610 27623 I art     : Starting a blocking GC Explicit
08-05 02:57:53.987 27610 27623 I art     : Explicit concurrent mark sweep GC freed 3(96B) AllocSpace objects, 0(0B) LOS objects, 36% free, 28MB/44MB, paused 1.066ms total 26.902ms
08-05 02:57:53.997 27610 27623 I art     : Starting a blocking GC Explicit
08-05 02:57:54.024 27610 27623 I art     : Explicit concurrent mark sweep GC freed 3(96B) AllocSpace objects, 0(0B) LOS objects, 36% free, 28MB/44MB, paused 997us total 26.867ms
08-05 02:57:54.211 29731 29731 D AndroidRuntime: >>>>>> START com.android.internal.os.RuntimeInit uid 2000 <<<<<<
08-05 02:57:54.216 29731 29731 D AndroidRuntime: CheckJNI is OFF
08-05 02:57:54.248 29731 29731 D ICU     : No timezone override file found: /data/misc/zoneinfo/current/icu/icu_tzdata.dat
08-05 02:57:54.280 29731 29731 I Radio-JNI: register_android_hardware_Radio DONE
08-05 02:57:54.302 29731 29731 D AndroidRuntime: Calling main entry com.android.commands.input.Input
08-05 02:57:54.304 29731 29731 I Input   : injectMotionEvent: MotionEvent { action=ACTION_DOWN, actionButton=0, id[0]=0, x[0]=616.0, y[0]=469.0, toolType[0]=TOOL_TYPE_UNKNOWN, buttonState=0, metaState=0, flags=0x0, edgeFlags=0x0, pointerCount=1, historySize=0, eventTime=759490716, downTime=759490716, deviceId=0, source=0x1002 }
08-05 02:57:54.308 29731 29731 I Input   : injectMotionEvent: MotionEvent { action=ACTION_UP, actionButton=0, id[0]=0, x[0]=616.0, y[0]=469.0, toolType[0]=TOOL_TYPE_UNKNOWN, buttonState=0, metaState=0, flags=0x0, edgeFlags=0x0, pointerCount=1, historySize=0, eventTime=759490716, downTime=759490716, deviceId=0, source=0x1002 }
08-05 02:57:54.310 29731 29731 D AndroidRuntime: Shutting down VM
08-05 02:57:54.326 27610 29065 I art     : Starting a blocking GC Explicit
08-05 02:57:54.356 27610 29065 I art     : Explicit concurrent mark sweep GC freed 1393(81KB) AllocSpace objects, 1(20KB) LOS objects, 36% free, 28MB/44MB, paused 966us total 29.210ms
08-05 02:57:54.367 27610 29065 I art     : Starting a blocking GC Explicit
08-05 02:57:54.376   512  2967 D audio_hw_primary: out_set_parameters: enter: usecase(1: low-latency-playback) kvpairs: routing=2
08-05 02:57:54.389   512  2967 D audio_hw_primary: select_devices: out_snd_device(2: speaker) in_snd_device(0: none)
08-05 02:57:54.389   512  2967 D msm8974_platform: platform_send_audio_calibration: sending audio calibration for snd_device(2) acdb_id(15)
08-05 02:57:54.390   512  2967 I soundtrigger: audio_extn_sound_trigger_update_device_status: device 0x2 of type 0 for Event 1
08-05 02:57:54.397 27610 29065 I art     : Explicit concurrent mark sweep GC freed 241(9KB) AllocSpace objects, 0(0B) LOS objects, 36% free, 28MB/44MB, paused 1.196ms total 29.700ms
08-05 02:57:54.399   512  2967 D audio_hw_primary: enable_snd_device: snd_device(2: speaker)
08-05 02:57:54.401   512  2967 D audio_hw_primary: enable_audio_route: apply and update mixer path: low-latency-playback speaker
08-05 02:57:54.407 27610 29065 I art     : Starting a blocking GC Explicit
08-05 02:57:54.435 27610 29065 I art     : Explicit concurrent mark sweep GC freed 25(960B) AllocSpace objects, 0(0B) LOS objects, 36% free, 28MB/44MB, paused 969us total 27.992ms
08-05 02:57:54.444 27610 29065 I art     : Starting a blocking GC Explicit
08-05 02:57:54.470 27610 29065 I art     : Explicit concurrent mark sweep GC freed 13(480B) AllocSpace objects, 0(0B) LOS objects, 36% free, 28MB/44MB, paused 956us total 25.480ms
08-05 02:57:54.479 27610 29065 I art     : Starting a blocking GC Explicit
08-05 02:57:54.505 27610 29065 I art     : Explicit concurrent mark sweep GC freed 16(608B) AllocSpace objects, 0(0B) LOS objects, 36% free, 28MB/44MB, paused 1.234ms total 25.801ms
08-05 02:57:54.556 27610 28151 I NAPPA_EXPERIMENTATION: MetricNetworkRequestExecutionTime: REQUEST_DURATION_SYSTEM='181',REQUEST_DURATION_OKHTTP='180',REQUEST_SYNCHRONOUS='TRUE',RESPONSE_CODE='200',RESPONSE_METHOD='GET',RESPONSE_LENGTH_OKHTTP='-1',RESPONSE_LENGTH_HEADER='628',REQUEST_PROTOCOL='h2',REQUEST_URL='https://itunes.apple.com/lookup?id=1524080195',
08-05 02:57:54.570   918   929 I ActivityManager: START u0 {cmp=baseline.de.danoeh.antennapod.debug/baseline.de.danoeh.antennapod.activity.OnlineFeedViewActivity (has extras)} from uid 10691 on display 0
08-05 02:57:54.593 13866 13866 I GoogleInputMethodServic: GoogleInputMethodService.onFinishInput():3138 
08-05 02:57:54.594 13866 13866 I GoogleInputMethodServic: GoogleInputMethodService.onStartInput():1808 
08-05 02:57:54.616 27610 27610 D UserPreferences: Using default data folder
08-05 02:57:54.617 27610 27610 D OnlineFeedViewActivity: Activity was started with url https://rss.art19.com/nice-white-parents
08-05 02:57:54.619 27610 27610 D OnlineFeedViewActivity: Starting feed download
08-05 02:57:54.622 27610 27630 D DBReader: Extracting Feedlist
08-05 02:57:54.625   918  6112 D WifiService: acquireWifiLockLocked: WifiLock{Downloader type=1 binder=android.os.BinderProxy@639428e}
08-05 02:57:54.625 27610 27630 D AntennapodHttpClient: Creating new instance of HTTP client
08-05 02:57:54.679 13866 13866 I GoogleInputMethodServic: GoogleInputMethodService.onFinishInput():3138 
08-05 02:57:54.680 13866 13866 I GoogleInputMethodServic: GoogleInputMethodService.onStartInput():1808 
08-05 02:57:54.711   918   936 I ActivityManager: Displayed baseline.de.danoeh.antennapod.debug/baseline.de.danoeh.antennapod.activity.OnlineFeedViewActivity: +117ms
08-05 02:57:54.760 27610 28549 I art     : Starting a blocking GC Explicit
08-05 02:57:54.789 27610 28549 I art     : Explicit concurrent mark sweep GC freed 7751(430KB) AllocSpace objects, 4(220KB) LOS objects, 35% free, 28MB/44MB, paused 1.196ms total 28.645ms
08-05 02:57:54.797 27610 28549 I art     : Starting a blocking GC Explicit
08-05 02:57:54.825 27610 28549 I art     : Explicit concurrent mark sweep GC freed 1331(134KB) AllocSpace objects, 0(0B) LOS objects, 35% free, 28MB/44MB, paused 1.215ms total 27.894ms
08-05 02:57:54.834 27610 28549 I art     : Starting a blocking GC Explicit
08-05 02:57:54.863 27610 28549 I art     : Explicit concurrent mark sweep GC freed 7(256B) AllocSpace objects, 0(0B) LOS objects, 35% free, 28MB/44MB, paused 1.058ms total 28.671ms
08-05 02:57:54.875 27610 28549 I art     : Starting a blocking GC Explicit
08-05 02:57:54.910 27610 28549 I art     : Explicit concurrent mark sweep GC freed 3(96B) AllocSpace objects, 0(0B) LOS objects, 35% free, 28MB/44MB, paused 1.123ms total 34.708ms
08-05 02:57:54.918 27610 27630 D MYTAG   : interceptor 3a https://rss.art19.com/nice-white-parents
08-05 02:57:54.918 27610 27630 I NAPPA_EXPERIMENTATION: MetricNetworkRequestExecutionTime: REQUEST_DURATION_SYSTEM='291',REQUEST_DURATION_OKHTTP='152',REQUEST_SYNCHRONOUS='TRUE',RESPONSE_CODE='200',RESPONSE_METHOD='GET',RESPONSE_LENGTH_OKHTTP='-1',RESPONSE_LENGTH_HEADER='1803',REQUEST_PROTOCOL='h2',REQUEST_URL='https://rss.art19.com/nice-white-parents',
08-05 02:57:54.918 27610 27630 D HttpDownloader: Response code is 200
08-05 02:57:54.918 27610 27630 D UserPreferences: Using default data folder
08-05 02:57:54.920 27610 27630 D HttpDownloader: Getting size of download
08-05 02:57:54.920 27610 27630 D HttpDownloader: Size is -1
08-05 02:57:54.920 27610 27630 D UserPreferences: Using default data folder
08-05 02:57:54.920 27610 28549 I art     : Starting a blocking GC Explicit
08-05 02:57:54.920 27610 27630 D HttpDownloader: Free space is 20300546048
08-05 02:57:54.921 27610 27630 D HttpDownloader: Starting download
08-05 02:57:54.930 27610 27630 D HttpDownloader: Download was successful
08-05 02:57:54.931   918  3359 D WifiService: releaseWifiLockLocked: WifiLock{Downloader type=1 binder=android.os.BinderProxy@639428e}
08-05 02:57:54.931 27610 27610 D OnlineFeedViewActivity: Parsing feed
08-05 02:57:54.935 27610 29767 D TypeGetter: Recognized type RSS 2.0
08-05 02:57:54.939 27610 29767 D SyndHandler: Recognized ITunes namespace
08-05 02:57:54.939 27610 29767 D SyndHandler: Recognized Atom namespace
08-05 02:57:54.939 27610 29767 D SyndHandler: Recognized Content namespace
08-05 02:57:54.941   512  2967 D audio_hw_primary: disable_audio_route: reset and update mixer path: low-latency-playback speaker
08-05 02:57:54.945   512  2967 D audio_hw_primary: disable_snd_device: snd_device(2: speaker)
08-05 02:57:54.949 27610 29767 D OnlineFeedViewActivity: Deleted feed source file. Result: true
08-05 02:57:54.949 27610 27610 D OnlineFeedViewActivity: Removing HTML from shownotes
08-05 02:57:54.953   512  2967 I soundtrigger: audio_extn_sound_trigger_update_device_status: device 0x2 of type 0 for Event 0
08-05 02:57:54.954   380   380 W SurfaceFlinger: couldn't log to binary event log: overflow.
08-05 02:57:54.954 27610 28549 I art     : Explicit concurrent mark sweep GC freed 1111(206KB) AllocSpace objects, 4(128KB) LOS objects, 35% free, 28MB/44MB, paused 1.332ms total 33.799ms
08-05 02:57:55.077 27610 27610 D PlaybackController: Releasing PlaybackController
08-05 02:57:55.251 27610 27684 I art     : Starting a blocking GC Explicit
08-05 02:57:55.285 27610 27684 I art     : Explicit concurrent mark sweep GC freed 2721(178KB) AllocSpace objects, 1(20KB) LOS objects, 35% free, 28MB/44MB, paused 1.123ms total 33.288ms
08-05 02:57:55.297 27610 27684 I art     : Starting a blocking GC Explicit
08-05 02:57:55.328 27610 27684 I art     : Explicit concurrent mark sweep GC freed 539(24KB) AllocSpace objects, 1(112KB) LOS objects, 35% free, 28MB/44MB, paused 1.259ms total 30.600ms
08-05 02:57:55.338 27610 27684 I art     : Starting a blocking GC Explicit
08-05 02:57:55.368 27610 27684 I art     : Explicit concurrent mark sweep GC freed 3(96B) AllocSpace objects, 0(0B) LOS objects, 35% free, 28MB/44MB, paused 1.075ms total 29.821ms
08-05 02:57:55.377 27610 27684 I art     : Starting a blocking GC Explicit
08-05 02:57:55.408 27610 27684 I art     : Explicit concurrent mark sweep GC freed 32(880B) AllocSpace objects, 0(0B) LOS objects, 35% free, 28MB/44MB, paused 1.119ms total 30.546ms
08-05 02:57:55.418 27610 27684 I art     : Starting a blocking GC Explicit
08-05 02:57:55.448 27610 27684 I art     : Explicit concurrent mark sweep GC freed 3(96B) AllocSpace objects, 0(0B) LOS objects, 35% free, 28MB/44MB, paused 1.115ms total 29.774ms
08-05 02:57:55.756 27610 27622 I art     : Starting a blocking GC Explicit
08-05 02:57:55.795 27610 27622 I art     : Explicit concurrent mark sweep GC freed 1372(80KB) AllocSpace objects, 1(20KB) LOS objects, 35% free, 28MB/44MB, paused 1.071ms total 39.320ms
08-05 02:57:55.808 27610 27622 I art     : Starting a blocking GC Explicit
08-05 02:57:55.839 27610 27622 I art     : Explicit concurrent mark sweep GC freed 23(752B) AllocSpace objects, 0(0B) LOS objects, 35% free, 28MB/44MB, paused 1.064ms total 30.614ms
08-05 02:57:55.839 27610 27621 I art     : WaitForGcToComplete blocked for 14.250ms for cause HeapTrim
08-05 02:57:55.848 27610 27622 I art     : Starting a blocking GC Explicit
08-05 02:57:55.879 27610 27622 I art     : Explicit concurrent mark sweep GC freed 3(96B) AllocSpace objects, 0(0B) LOS objects, 35% free, 28MB/44MB, paused 1.057ms total 30.320ms
08-05 02:57:55.889 27610 27622 I art     : Starting a blocking GC Explicit
08-05 02:57:55.919 27610 27622 I art     : Explicit concurrent mark sweep GC freed 3(96B) AllocSpace objects, 0(0B) LOS objects, 35% free, 28MB/44MB, paused 1.048ms total 29.624ms
08-05 02:57:55.928 27610 27622 I art     : Starting a blocking GC Explicit
08-05 02:57:55.959 27610 27622 I art     : Explicit concurrent mark sweep GC freed 3(96B) AllocSpace objects, 0(0B) LOS objects, 35% free, 28MB/44MB, paused 1.039ms total 30.602ms
08-05 02:57:56.283 27610 28549 I art     : Starting a blocking GC Explicit
08-05 02:57:56.324 27610 28549 I art     : Explicit concurrent mark sweep GC freed 1372(80KB) AllocSpace objects, 1(20KB) LOS objects, 35% free, 28MB/44MB, paused 1.102ms total 40.312ms
08-05 02:57:56.337 27610 28549 I art     : Starting a blocking GC Explicit
08-05 02:57:56.367 27610 28549 I art     : Explicit concurrent mark sweep GC freed 23(752B) AllocSpace objects, 0(0B) LOS objects, 35% free, 28MB/44MB, paused 1.123ms total 29.680ms
08-05 02:57:56.377 27610 28549 I art     : Starting a blocking GC Explicit
08-05 02:57:56.408 27610 28549 I art     : Explicit concurrent mark sweep GC freed 32(880B) AllocSpace objects, 0(0B) LOS objects, 35% free, 28MB/44MB, paused 1.084ms total 30.229ms
08-05 02:57:56.417 27610 28549 I art     : Starting a blocking GC Explicit
08-05 02:57:56.449 27610 28549 I art     : Explicit concurrent mark sweep GC freed 3(96B) AllocSpace objects, 0(0B) LOS objects, 35% free, 28MB/44MB, paused 1.164ms total 31.164ms
08-05 02:57:56.459 27610 28549 I art     : Starting a blocking GC Explicit
08-05 02:57:56.489 27610 28549 I art     : Explicit concurrent mark sweep GC freed 3(96B) AllocSpace objects, 0(0B) LOS objects, 35% free, 28MB/44MB, paused 1.077ms total 29.868ms
08-05 02:57:56.801 27610 27684 I art     : Starting a blocking GC Explicit
08-05 02:57:56.832 27610 27684 I art     : Explicit concurrent mark sweep GC freed 1402(81KB) AllocSpace objects, 1(20KB) LOS objects, 35% free, 28MB/44MB, paused 952us total 30.590ms
08-05 02:57:56.842 27610 27684 I art     : Starting a blocking GC Explicit
08-05 02:57:56.872 27610 27684 I art     : Explicit concurrent mark sweep GC freed 23(752B) AllocSpace objects, 0(0B) LOS objects, 35% free, 28MB/44MB, paused 1.023ms total 29.001ms
08-05 02:57:56.882 27610 27684 I art     : Starting a blocking GC Explicit
08-05 02:57:56.909 27610 27684 I art     : Explicit concurrent mark sweep GC freed 3(96B) AllocSpace objects, 0(0B) LOS objects, 35% free, 28MB/44MB, paused 939us total 27.566ms
08-05 02:57:56.919 27610 27684 I art     : Starting a blocking GC Explicit
08-05 02:57:56.948 27610 27684 I art     : Explicit concurrent mark sweep GC freed 3(96B) AllocSpace objects, 0(0B) LOS objects, 35% free, 28MB/44MB, paused 1.047ms total 29.537ms
08-05 02:57:56.958 27610 27684 I art     : Starting a blocking GC Explicit
08-05 02:57:56.987 27610 27684 I art     : Explicit concurrent mark sweep GC freed 3(96B) AllocSpace objects, 0(0B) LOS objects, 35% free, 28MB/44MB, paused 1.107ms total 29.301ms
08-05 02:57:57.314 27610 28549 I art     : Starting a blocking GC Explicit
08-05 02:57:57.352 27610 28549 I art     : Explicit concurrent mark sweep GC freed 1372(80KB) AllocSpace objects, 1(20KB) LOS objects, 35% free, 28MB/44MB, paused 1.121ms total 38.030ms
08-05 02:57:57.365 27610 28549 I art     : Starting a blocking GC Explicit
08-05 02:57:57.395 27610 28549 I art     : Explicit concurrent mark sweep GC freed 52(1536B) AllocSpace objects, 0(0B) LOS objects, 35% free, 28MB/44MB, paused 1.060ms total 30.362ms
08-05 02:57:57.405 27610 28549 I art     : Starting a blocking GC Explicit
08-05 02:57:57.435 27610 28549 I art     : Explicit concurrent mark sweep GC freed 3(96B) AllocSpace objects, 0(0B) LOS objects, 35% free, 28MB/44MB, paused 1.027ms total 29.770ms
08-05 02:57:57.444 27610 28549 I art     : Starting a blocking GC Explicit
08-05 02:57:57.474 27610 28549 I art     : Explicit concurrent mark sweep GC freed 3(96B) AllocSpace objects, 0(0B) LOS objects, 35% free, 28MB/44MB, paused 1.019ms total 29.727ms
08-05 02:57:57.484 27610 28549 I art     : Starting a blocking GC Explicit
08-05 02:57:57.514 27610 28549 I art     : Explicit concurrent mark sweep GC freed 3(96B) AllocSpace objects, 0(0B) LOS objects, 35% free, 28MB/44MB, paused 1.014ms total 29.411ms
08-05 02:57:57.845 27610 29065 I art     : Starting a blocking GC Explicit
08-05 02:57:57.883 27610 29065 I art     : Explicit concurrent mark sweep GC freed 1372(80KB) AllocSpace objects, 1(20KB) LOS objects, 35% free, 28MB/44MB, paused 1.035ms total 37.905ms
08-05 02:57:57.893 27610 29065 I art     : Starting a blocking GC Explicit
08-05 02:57:57.923 27610 29065 I art     : Explicit concurrent mark sweep GC freed 23(752B) AllocSpace objects, 0(0B) LOS objects, 35% free, 28MB/44MB, paused 1.041ms total 30.080ms
08-05 02:57:57.933 27610 29065 I art     : Starting a blocking GC Explicit
08-05 02:57:57.963 27610 29065 I art     : Explicit concurrent mark sweep GC freed 3(96B) AllocSpace objects, 0(0B) LOS objects, 35% free, 28MB/44MB, paused 1.027ms total 30.115ms
08-05 02:57:57.973 27610 29065 I art     : Starting a blocking GC Explicit
08-05 02:57:58.003 27610 29065 I art     : Explicit concurrent mark sweep GC freed 3(96B) AllocSpace objects, 0(0B) LOS objects, 35% free, 28MB/44MB, paused 1.019ms total 29.804ms
08-05 02:57:58.012 27610 29065 I art     : Starting a blocking GC Explicit
08-05 02:57:58.043 27610 29065 I art     : Explicit concurrent mark sweep GC freed 3(96B) AllocSpace objects, 0(0B) LOS objects, 35% free, 28MB/44MB, paused 1.054ms total 30.046ms
08-05 02:57:58.363 27610 27623 I art     : Starting a blocking GC Explicit
08-05 02:57:58.404 27610 27623 I art     : Explicit concurrent mark sweep GC freed 1402(83KB) AllocSpace objects, 1(20KB) LOS objects, 35% free, 28MB/44MB, paused 1.093ms total 40.525ms
08-05 02:57:58.416 27610 27623 I art     : Starting a blocking GC Explicit
08-05 02:57:58.447 27610 27623 I art     : Explicit concurrent mark sweep GC freed 23(752B) AllocSpace objects, 0(0B) LOS objects, 35% free, 28MB/44MB, paused 1.023ms total 30.551ms
08-05 02:57:58.457 27610 27623 I art     : Starting a blocking GC Explicit
08-05 02:57:58.487 27610 27623 I art     : Explicit concurrent mark sweep GC freed 3(96B) AllocSpace objects, 0(0B) LOS objects, 35% free, 28MB/44MB, paused 1.019ms total 29.799ms
08-05 02:57:58.497 27610 27623 I art     : Starting a blocking GC Explicit
08-05 02:57:58.527 27610 27623 I art     : Explicit concurrent mark sweep GC freed 3(96B) AllocSpace objects, 0(0B) LOS objects, 35% free, 28MB/44MB, paused 1.184ms total 30.279ms
08-05 02:57:58.537 27610 27623 I art     : Starting a blocking GC Explicit
08-05 02:57:58.567 27610 27623 I art     : Explicit concurrent mark sweep GC freed 3(96B) AllocSpace objects, 0(0B) LOS objects, 35% free, 28MB/44MB, paused 1.028ms total 29.405ms
08-05 02:57:58.600   918  3261 D WifiStateMachine: starting scan for "H369AA63323"WPA_PSK with 2412,5180
08-05 02:57:58.883 27610 27622 I art     : Starting a blocking GC Explicit
08-05 02:57:58.918 27610 27622 I art     : Explicit concurrent mark sweep GC freed 1372(80KB) AllocSpace objects, 1(20KB) LOS objects, 35% free, 28MB/44MB, paused 1.281ms total 34.413ms
08-05 02:57:58.931 27610 27622 I art     : Starting a blocking GC Explicit
08-05 02:57:58.961 27610 27622 I art     : Explicit concurrent mark sweep GC freed 23(752B) AllocSpace objects, 0(0B) LOS objects, 35% free, 28MB/44MB, paused 1.042ms total 29.397ms
08-05 02:57:58.970 27610 27622 I art     : Starting a blocking GC Explicit
08-05 02:57:58.992 29839 29839 D AndroidRuntime: >>>>>> START com.android.internal.os.RuntimeInit uid 2000 <<<<<<
08-05 02:57:58.997 29839 29839 D AndroidRuntime: CheckJNI is OFF
08-05 02:57:58.999 27610 27622 I art     : Explicit concurrent mark sweep GC freed 3(96B) AllocSpace objects, 0(0B) LOS objects, 35% free, 28MB/44MB, paused 1.114ms total 28.614ms
08-05 02:57:59.008 27610 27622 I art     : Starting a blocking GC Explicit
08-05 02:57:59.031 29839 29839 D ICU     : No timezone override file found: /data/misc/zoneinfo/current/icu/icu_tzdata.dat
08-05 02:57:59.037 27610 27622 I art     : Explicit concurrent mark sweep GC freed 3(96B) AllocSpace objects, 0(0B) LOS objects, 35% free, 28MB/44MB, paused 1.018ms total 28.191ms
08-05 02:57:59.046 27610 27622 I art     : Starting a blocking GC Explicit
08-05 02:57:59.067 29839 29839 I Radio-JNI: register_android_hardware_Radio DONE
08-05 02:57:59.075 27610 27622 I art     : Explicit concurrent mark sweep GC freed 3(96B) AllocSpace objects, 0(0B) LOS objects, 35% free, 28MB/44MB, paused 1.075ms total 28.660ms
08-05 02:57:59.089 29839 29839 D AndroidRuntime: Calling main entry com.android.commands.input.Input
08-05 02:57:59.091 29839 29839 I Input   : injectKeyEvent: KeyEvent { action=ACTION_DOWN, keyCode=KEYCODE_BACK, scanCode=0, metaState=0, flags=0x0, repeatCount=0, eventTime=759495504, downTime=759495504, deviceId=-1, source=0x101 }
08-05 02:57:59.097 29839 29839 I Input   : injectKeyEvent: KeyEvent { action=ACTION_UP, keyCode=KEYCODE_BACK, scanCode=0, metaState=0, flags=0x0, repeatCount=0, eventTime=759495504, downTime=759495504, deviceId=-1, source=0x101 }
08-05 02:57:59.102 29839 29839 D AndroidRuntime: Shutting down VM
08-05 02:57:59.107 27610 27610 V PlaybackController: initServiceNotRunning()
08-05 02:57:59.107 27610 27610 D ExternalPlayerFragment: Loading media info
08-05 02:57:59.114 27610 27610 D UserPreferences: Using default data folder
08-05 02:57:59.114 27610 27630 D DBReader: getNavDrawerData() called with: 
08-05 02:57:59.124 27610 27630 D DBReader: getDownloadedItems() called
08-05 02:57:59.125 27610 27630 D DBReader: getFavoriteIDList() called
08-05 02:57:59.125 27610 27630 D DBReader: getQueueIDList() called
08-05 02:57:59.126 27610 27630 D DBReader: Extracting Feedlist
08-05 02:57:59.144 13866 13866 I GoogleInputMethodServic: GoogleInputMethodService.onFinishInput():3138 
08-05 02:57:59.144 13866 13866 I GoogleInputMethodServic: GoogleInputMethodService.onStartInput():1808 
08-05 02:57:59.157 27610 27610 D MainActivity: getLastNavFragment() -> AddFeedFragment
08-05 02:57:59.352 27610 27684 I art     : Starting a blocking GC Explicit
08-05 02:57:59.390 27610 27684 I art     : Explicit concurrent mark sweep GC freed 2513(154KB) AllocSpace objects, 1(20KB) LOS objects, 35% free, 28MB/44MB, paused 1.034ms total 37.502ms
08-05 02:57:59.403 27610 27684 I art     : Starting a blocking GC Explicit
08-05 02:57:59.436 27610 27684 I art     : Explicit concurrent mark sweep GC freed 452(24KB) AllocSpace objects, 0(0B) LOS objects, 35% free, 28MB/44MB, paused 927us total 32.417ms
08-05 02:57:59.442   380   380 W SurfaceFlinger: couldn't log to binary event log: overflow.
08-05 02:57:59.448 27610 27684 I art     : Starting a blocking GC Explicit
08-05 02:57:59.475 27610 27684 I art     : Explicit concurrent mark sweep GC freed 597(24KB) AllocSpace objects, 0(0B) LOS objects, 35% free, 28MB/44MB, paused 978us total 26.627ms
08-05 02:57:59.483 27610 27684 I art     : Starting a blocking GC Explicit
08-05 02:57:59.510 27610 27684 I art     : Explicit concurrent mark sweep GC freed 123(6KB) AllocSpace objects, 0(0B) LOS objects, 35% free, 28MB/44MB, paused 997us total 26.956ms
08-05 02:57:59.519 27610 27684 I art     : Starting a blocking GC Explicit
08-05 02:57:59.546 27610 27684 I art     : Explicit concurrent mark sweep GC freed 2320(146KB) AllocSpace objects, 1(28KB) LOS objects, 35% free, 28MB/44MB, paused 976us total 26.440ms
08-05 02:57:59.842 27610 28549 I art     : Starting a blocking GC Explicit
08-05 02:57:59.884 27610 28549 I art     : Explicit concurrent mark sweep GC freed 1372(80KB) AllocSpace objects, 1(20KB) LOS objects, 35% free, 28MB/44MB, paused 1.142ms total 40.995ms
08-05 02:57:59.897 27610 28549 I art     : Starting a blocking GC Explicit
08-05 02:57:59.927 27610 28549 I art     : Explicit concurrent mark sweep GC freed 23(752B) AllocSpace objects, 0(0B) LOS objects, 35% free, 28MB/44MB, paused 1.115ms total 29.776ms
08-05 02:57:59.937 27610 28549 I art     : Starting a blocking GC Explicit
08-05 02:57:59.967 27610 28549 I art     : Explicit concurrent mark sweep GC freed 3(96B) AllocSpace objects, 0(0B) LOS objects, 35% free, 28MB/44MB, paused 1.048ms total 29.490ms
08-05 02:57:59.977 27610 28549 I art     : Starting a blocking GC Explicit
08-05 02:58:00.007 27610 28549 I art     : Explicit concurrent mark sweep GC freed 3(96B) AllocSpace objects, 0(0B) LOS objects, 35% free, 28MB/44MB, paused 1.115ms total 29.147ms
08-05 02:58:00.016 27610 28549 I art     : Starting a blocking GC Explicit
08-05 02:58:00.043 27610 28549 I art     : Explicit concurrent mark sweep GC freed 3(96B) AllocSpace objects, 0(0B) LOS objects, 35% free, 28MB/44MB, paused 888us total 26.793ms
08-05 02:58:00.330 27610 27622 I art     : Starting a blocking GC Explicit
08-05 02:58:00.359 27610 27622 I art     : Explicit concurrent mark sweep GC freed 1374(82KB) AllocSpace objects, 1(20KB) LOS objects, 35% free, 28MB/44MB, paused 1.106ms total 29.125ms
08-05 02:58:00.368 27610 27622 I art     : Starting a blocking GC Explicit
08-05 02:58:00.396 27610 27622 I art     : Explicit concurrent mark sweep GC freed 52(1536B) AllocSpace objects, 0(0B) LOS objects, 35% free, 28MB/44MB, paused 993us total 27.230ms
08-05 02:58:00.405 27610 27622 I art     : Starting a blocking GC Explicit
08-05 02:58:00.432 27610 27622 I art     : Explicit concurrent mark sweep GC freed 3(96B) AllocSpace objects, 0(0B) LOS objects, 35% free, 28MB/44MB, paused 1.013ms total 26.882ms
08-05 02:58:00.441 27610 27622 I art     : Starting a blocking GC Explicit
08-05 02:58:00.469 27610 27622 I art     : Explicit concurrent mark sweep GC freed 3(96B) AllocSpace objects, 0(0B) LOS objects, 35% free, 28MB/44MB, paused 1.033ms total 27.793ms
08-05 02:58:00.478 27610 27622 I art     : Starting a blocking GC Explicit
08-05 02:58:00.506 27610 27622 I art     : Explicit concurrent mark sweep GC freed 3(96B) AllocSpace objects, 0(0B) LOS objects, 35% free, 28MB/44MB, paused 1.027ms total 27.892ms
08-05 02:58:00.749 29892 29892 D AndroidRuntime: >>>>>> START com.android.internal.os.RuntimeInit uid 2000 <<<<<<
08-05 02:58:00.754 29892 29892 D AndroidRuntime: CheckJNI is OFF
08-05 02:58:00.784 27610 28549 I art     : Starting a blocking GC Explicit
08-05 02:58:00.792 29892 29892 D ICU     : No timezone override file found: /data/misc/zoneinfo/current/icu/icu_tzdata.dat
08-05 02:58:00.813 27610 28549 I art     : Explicit concurrent mark sweep GC freed 1383(80KB) AllocSpace objects, 1(20KB) LOS objects, 35% free, 28MB/44MB, paused 1.019ms total 28.589ms
08-05 02:58:00.824 27610 28549 I art     : Starting a blocking GC Explicit
08-05 02:58:00.827 29892 29892 I Radio-JNI: register_android_hardware_Radio DONE
08-05 02:58:00.849 29892 29892 D AndroidRuntime: Calling main entry com.android.commands.input.Input
08-05 02:58:00.851 27610 28549 I art     : Explicit concurrent mark sweep GC freed 27(880B) AllocSpace objects, 0(0B) LOS objects, 35% free, 28MB/44MB, paused 1.243ms total 26.708ms
08-05 02:58:00.851 29892 29892 I Input   : injectKeyEvent: KeyEvent { action=ACTION_DOWN, keyCode=KEYCODE_BACK, scanCode=0, metaState=0, flags=0x0, repeatCount=0, eventTime=759497263, downTime=759497263, deviceId=-1, source=0x101 }
08-05 02:58:00.856 29892 29892 I Input   : injectKeyEvent: KeyEvent { action=ACTION_UP, keyCode=KEYCODE_BACK, scanCode=0, metaState=0, flags=0x0, repeatCount=0, eventTime=759497263, downTime=759497263, deviceId=-1, source=0x101 }
08-05 02:58:00.859 27610 28549 I art     : Starting a blocking GC Explicit
08-05 02:58:00.871 13866 13866 I GoogleInputMethodServic: GoogleInputMethodService.onFinishInput():3138 
08-05 02:58:00.872 13866 13866 I GoogleInputMethodServic: GoogleInputMethodService.onStartInput():1808 
08-05 02:58:00.877 29892 29892 D AndroidRuntime: Shutting down VM
08-05 02:58:00.887 27610 28549 I art     : Explicit concurrent mark sweep GC freed 1110(45KB) AllocSpace objects, 0(0B) LOS objects, 35% free, 28MB/44MB, paused 1.166ms total 27.112ms
08-05 02:58:00.887 27610 27621 I art     : WaitForGcToComplete blocked for 7.553ms for cause HeapTrim
08-05 02:58:00.896 27610 28549 I art     : Starting a blocking GC Explicit
08-05 02:58:00.922 27610 28549 I art     : Explicit concurrent mark sweep GC freed 209(13KB) AllocSpace objects, 0(0B) LOS objects, 35% free, 28MB/44MB, paused 927us total 26.483ms
08-05 02:58:00.931 27610 28549 I art     : Starting a blocking GC Explicit
08-05 02:58:00.958 27610 28549 I art     : Explicit concurrent mark sweep GC freed 2467(164KB) AllocSpace objects, 9(1540KB) LOS objects, 37% free, 26MB/42MB, paused 985us total 26.659ms
08-05 02:58:01.232 27610 27622 I art     : Starting a blocking GC Explicit
08-05 02:58:01.262 27610 27622 I art     : Explicit concurrent mark sweep GC freed 1418(82KB) AllocSpace objects, 1(20KB) LOS objects, 37% free, 26MB/42MB, paused 1.008ms total 29.439ms
08-05 02:58:01.272 27610 27622 I art     : Starting a blocking GC Explicit
08-05 02:58:01.301 27610 27622 I art     : Explicit concurrent mark sweep GC freed 23(752B) AllocSpace objects, 0(0B) LOS objects, 37% free, 26MB/42MB, paused 1.021ms total 28.852ms
08-05 02:58:01.310 27610 27622 I art     : Starting a blocking GC Explicit
08-05 02:58:01.339 27610 27622 I art     : Explicit concurrent mark sweep GC freed 3(96B) AllocSpace objects, 0(0B) LOS objects, 37% free, 26MB/42MB, paused 1.012ms total 28.327ms
08-05 02:58:01.348 27610 27622 I art     : Starting a blocking GC Explicit
08-05 02:58:01.376 27610 27622 I art     : Explicit concurrent mark sweep GC freed 32(880B) AllocSpace objects, 0(0B) LOS objects, 37% free, 26MB/42MB, paused 1.021ms total 27.981ms
08-05 02:58:01.386 27610 27622 I art     : Starting a blocking GC Explicit
08-05 02:58:01.414 27610 27622 I art     : Explicit concurrent mark sweep GC freed 3(96B) AllocSpace objects, 0(0B) LOS objects, 37% free, 26MB/42MB, paused 1.022ms total 28.445ms
08-05 02:58:01.709 27610 29065 I art     : Starting a blocking GC Explicit
08-05 02:58:01.745 27610 29065 I art     : Explicit concurrent mark sweep GC freed 1372(81KB) AllocSpace objects, 1(20KB) LOS objects, 37% free, 26MB/42MB, paused 1.102ms total 35.776ms
08-05 02:58:01.758 27610 29065 I art     : Starting a blocking GC Explicit
08-05 02:58:01.788 27610 29065 I art     : Explicit concurrent mark sweep GC freed 23(752B) AllocSpace objects, 0(0B) LOS objects, 37% free, 26MB/42MB, paused 1.120ms total 29.159ms
08-05 02:58:01.797 27610 29065 I art     : Starting a blocking GC Explicit
08-05 02:58:01.826 27610 29065 I art     : Explicit concurrent mark sweep GC freed 3(96B) AllocSpace objects, 0(0B) LOS objects, 37% free, 26MB/42MB, paused 1.038ms total 28.285ms
08-05 02:58:01.835 27610 29065 I art     : Starting a blocking GC Explicit
08-05 02:58:01.864 27610 29065 I art     : Explicit concurrent mark sweep GC freed 3(96B) AllocSpace objects, 0(0B) LOS objects, 37% free, 26MB/42MB, paused 1.034ms total 28.394ms
08-05 02:58:01.873 27610 29065 I art     : Starting a blocking GC Explicit
08-05 02:58:01.903 27610 29065 I art     : Explicit concurrent mark sweep GC freed 3(96B) AllocSpace objects, 0(0B) LOS objects, 37% free, 26MB/42MB, paused 1.035ms total 29.183ms
08-05 02:58:02.199 27610 27684 I art     : Starting a blocking GC Explicit
08-05 02:58:02.227 27610 27684 I art     : Explicit concurrent mark sweep GC freed 1373(81KB) AllocSpace objects, 1(20KB) LOS objects, 37% free, 26MB/42MB, paused 1.142ms total 28.400ms
08-05 02:58:02.236 27610 27684 I art     : Starting a blocking GC Explicit
08-05 02:58:02.263 27610 27684 I art     : Explicit concurrent mark sweep GC freed 23(752B) AllocSpace objects, 0(0B) LOS objects, 37% free, 26MB/42MB, paused 1.025ms total 26.609ms
08-05 02:58:02.272 27610 27684 I art     : Starting a blocking GC Explicit
08-05 02:58:02.299 27610 27684 I art     : Explicit concurrent mark sweep GC freed 3(96B) AllocSpace objects, 0(0B) LOS objects, 37% free, 26MB/42MB, paused 1.023ms total 26.826ms
08-05 02:58:02.308 27610 27684 I art     : Starting a blocking GC Explicit
08-05 02:58:02.335 27610 27684 I art     : Explicit concurrent mark sweep GC freed 3(96B) AllocSpace objects, 0(0B) LOS objects, 37% free, 26MB/42MB, paused 1.015ms total 26.488ms
08-05 02:58:02.344 27610 27684 I art     : Starting a blocking GC Explicit
08-05 02:58:02.371 27610 27684 I art     : Explicit concurrent mark sweep GC freed 31(848B) AllocSpace objects, 0(0B) LOS objects, 37% free, 26MB/42MB, paused 1.008ms total 26.710ms
08-05 02:58:02.544 29943 29943 D AndroidRuntime: >>>>>> START com.android.internal.os.RuntimeInit uid 2000 <<<<<<
08-05 02:58:02.550 29943 29943 D AndroidRuntime: CheckJNI is OFF
08-05 02:58:02.581 29943 29943 D ICU     : No timezone override file found: /data/misc/zoneinfo/current/icu/icu_tzdata.dat
08-05 02:58:02.612 29943 29943 I Radio-JNI: register_android_hardware_Radio DONE
08-05 02:58:02.635 29943 29943 D AndroidRuntime: Calling main entry com.android.commands.input.Input
08-05 02:58:02.637 29943 29943 I Input   : injectMotionEvent: MotionEvent { action=ACTION_DOWN, actionButton=0, id[0]=0, x[0]=103.0, y[0]=192.0, toolType[0]=TOOL_TYPE_UNKNOWN, buttonState=0, metaState=0, flags=0x0, edgeFlags=0x0, pointerCount=1, historySize=0, eventTime=759499050, downTime=759499050, deviceId=0, source=0x1002 }
08-05 02:58:02.653 29943 29943 I Input   : injectMotionEvent: MotionEvent { action=ACTION_UP, actionButton=0, id[0]=0, x[0]=103.0, y[0]=192.0, toolType[0]=TOOL_TYPE_UNKNOWN, buttonState=0, metaState=0, flags=0x0, edgeFlags=0x0, pointerCount=1, historySize=0, eventTime=759499050, downTime=759499050, deviceId=0, source=0x1002 }
08-05 02:58:02.655 29943 29943 D AndroidRuntime: Shutting down VM
08-05 02:58:02.667   512  2967 D audio_hw_primary: out_set_parameters: enter: usecase(1: low-latency-playback) kvpairs: routing=2
08-05 02:58:02.680   512  2967 D audio_hw_primary: select_devices: out_snd_device(2: speaker) in_snd_device(0: none)
08-05 02:58:02.680   512  2967 D msm8974_platform: platform_send_audio_calibration: sending audio calibration for snd_device(2) acdb_id(15)
08-05 02:58:02.680   512  2967 I soundtrigger: audio_extn_sound_trigger_update_device_status: device 0x2 of type 0 for Event 1
08-05 02:58:02.689   512  2967 D audio_hw_primary: enable_snd_device: snd_device(2: speaker)
08-05 02:58:02.691   512  2967 D audio_hw_primary: enable_audio_route: apply and update mixer path: low-latency-playback speaker
08-05 02:58:02.702 13866 13866 I GoogleInputMethodServic: GoogleInputMethodService.onFinishInput():3138 
08-05 02:58:02.703 13866 13866 I GoogleInputMethodServic: GoogleInputMethodService.onStartInput():1808 
08-05 02:58:02.704 27610 27622 I art     : Starting a blocking GC Explicit
08-05 02:58:02.731 27610 27622 I art     : Explicit concurrent mark sweep GC freed 1629(92KB) AllocSpace objects, 1(20KB) LOS objects, 37% free, 26MB/42MB, paused 1.163ms total 27.063ms
08-05 02:58:02.741 27610 27622 I art     : Starting a blocking GC Explicit
08-05 02:58:02.768 27610 27622 I art     : Explicit concurrent mark sweep GC freed 470(25KB) AllocSpace objects, 0(0B) LOS objects, 37% free, 26MB/42MB, paused 1.549ms total 27.545ms
08-05 02:58:02.778 27610 27622 I art     : Starting a blocking GC Explicit
08-05 02:58:02.807 27610 27622 I art     : Explicit concurrent mark sweep GC freed 7(384B) AllocSpace objects, 0(0B) LOS objects, 37% free, 26MB/42MB, paused 991us total 28.317ms
08-05 02:58:02.816 27610 27622 I art     : Starting a blocking GC Explicit
08-05 02:58:02.842 27610 27622 I art     : Explicit concurrent mark sweep GC freed 3(96B) AllocSpace objects, 0(0B) LOS objects, 37% free, 26MB/42MB, paused 971us total 25.631ms
08-05 02:58:02.850 27610 27622 I art     : Starting a blocking GC Explicit
08-05 02:58:02.877 27610 27622 I art     : Explicit concurrent mark sweep GC freed 3(96B) AllocSpace objects, 0(0B) LOS objects, 37% free, 26MB/42MB, paused 982us total 26.093ms
08-05 02:58:03.152 27610 27622 I art     : Starting a blocking GC Explicit
08-05 02:58:03.182 27610 27622 I art     : Explicit concurrent mark sweep GC freed 1376(80KB) AllocSpace objects, 1(20KB) LOS objects, 37% free, 26MB/42MB, paused 947us total 29.130ms
08-05 02:58:03.191 27610 27622 I art     : Starting a blocking GC Explicit
08-05 02:58:03.219 27610 27622 I art     : Explicit concurrent mark sweep GC freed 31(1008B) AllocSpace objects, 0(0B) LOS objects, 37% free, 26MB/42MB, paused 994us total 27.762ms
08-05 02:58:03.228 27610 27622 I art     : Starting a blocking GC Explicit
08-05 02:58:03.230   512  2967 D audio_hw_primary: disable_audio_route: reset and update mixer path: low-latency-playback speaker
08-05 02:58:03.231   512  2967 D audio_hw_primary: disable_snd_device: snd_device(2: speaker)
08-05 02:58:03.239   512  2967 I soundtrigger: audio_extn_sound_trigger_update_device_status: device 0x2 of type 0 for Event 0
08-05 02:58:03.254 27610 27622 I art     : Explicit concurrent mark sweep GC freed 3(96B) AllocSpace objects, 0(0B) LOS objects, 37% free, 26MB/42MB, paused 1.005ms total 25.791ms
08-05 02:58:03.263 27610 27622 I art     : Starting a blocking GC Explicit
08-05 02:58:03.289 27610 27622 I art     : Explicit concurrent mark sweep GC freed 3(96B) AllocSpace objects, 0(0B) LOS objects, 37% free, 26MB/42MB, paused 991us total 25.228ms
08-05 02:58:03.297 27610 27622 I art     : Starting a blocking GC Explicit
08-05 02:58:03.324 27610 27622 I art     : Explicit concurrent mark sweep GC freed 3(96B) AllocSpace objects, 0(0B) LOS objects, 37% free, 26MB/42MB, paused 1.004ms total 26.805ms
08-05 02:58:03.634 27610 29065 I art     : Starting a blocking GC Explicit
08-05 02:58:03.675 27610 29065 I art     : Explicit concurrent mark sweep GC freed 1400(81KB) AllocSpace objects, 1(20KB) LOS objects, 37% free, 26MB/42MB, paused 1.129ms total 40.481ms
08-05 02:58:03.688 27610 29065 I art     : Starting a blocking GC Explicit
08-05 02:58:03.716 27610 29065 I art     : Explicit concurrent mark sweep GC freed 25(816B) AllocSpace objects, 0(0B) LOS objects, 37% free, 26MB/42MB, paused 1.050ms total 27.956ms
08-05 02:58:03.725 27610 29065 I art     : Starting a blocking GC Explicit
08-05 02:58:03.754 27610 29065 I art     : Explicit concurrent mark sweep GC freed 3(96B) AllocSpace objects, 0(0B) LOS objects, 37% free, 26MB/42MB, paused 1.011ms total 28.650ms
08-05 02:58:03.764 27610 29065 I art     : Starting a blocking GC Explicit
08-05 02:58:03.794 27610 29065 I art     : Explicit concurrent mark sweep GC freed 3(96B) AllocSpace objects, 0(0B) LOS objects, 37% free, 26MB/42MB, paused 1.041ms total 29.562ms
08-05 02:58:03.803 27610 29065 I art     : Starting a blocking GC Explicit
08-05 02:58:03.832 27610 29065 I art     : Explicit concurrent mark sweep GC freed 3(96B) AllocSpace objects, 0(0B) LOS objects, 37% free, 26MB/42MB, paused 1.040ms total 28.953ms
08-05 02:58:04.115 27610 27684 I art     : Starting a blocking GC Explicit
08-05 02:58:04.149 27610 27684 I art     : Explicit concurrent mark sweep GC freed 1371(80KB) AllocSpace objects, 1(20KB) LOS objects, 37% free, 26MB/42MB, paused 1.066ms total 33.966ms
08-05 02:58:04.159 27610 27684 I art     : Starting a blocking GC Explicit
08-05 02:58:04.187 27610 27684 I art     : Explicit concurrent mark sweep GC freed 23(752B) AllocSpace objects, 0(0B) LOS objects, 37% free, 26MB/42MB, paused 1.104ms total 28.203ms
08-05 02:58:04.196 27610 27684 I art     : Starting a blocking GC Explicit
08-05 02:58:04.223 27610 27684 I art     : Explicit concurrent mark sweep GC freed 3(96B) AllocSpace objects, 0(0B) LOS objects, 37% free, 26MB/42MB, paused 1.044ms total 26.988ms
08-05 02:58:04.233 27610 27684 I art     : Starting a blocking GC Explicit
08-05 02:58:04.259 27610 27684 I art     : Explicit concurrent mark sweep GC freed 3(96B) AllocSpace objects, 0(0B) LOS objects, 37% free, 26MB/42MB, paused 1.038ms total 26.718ms
08-05 02:58:04.268 27610 27684 I art     : Starting a blocking GC Explicit
08-05 02:58:04.295 27610 27684 I art     : Explicit concurrent mark sweep GC freed 3(96B) AllocSpace objects, 0(0B) LOS objects, 37% free, 26MB/42MB, paused 1.005ms total 26.824ms
08-05 02:58:04.322 29992 29992 D AndroidRuntime: >>>>>> START com.android.internal.os.RuntimeInit uid 2000 <<<<<<
08-05 02:58:04.327 29992 29992 D AndroidRuntime: CheckJNI is OFF
08-05 02:58:04.359 29992 29992 D ICU     : No timezone override file found: /data/misc/zoneinfo/current/icu/icu_tzdata.dat
08-05 02:58:04.392 29992 29992 I Radio-JNI: register_android_hardware_Radio DONE
08-05 02:58:04.414 29992 29992 D AndroidRuntime: Calling main entry com.android.commands.input.Input
08-05 02:58:04.416 29992 29992 I Input   : injectMotionEvent: MotionEvent { action=ACTION_DOWN, actionButton=0, id[0]=0, x[0]=625.0, y[0]=1248.0, toolType[0]=TOOL_TYPE_UNKNOWN, buttonState=0, metaState=0, flags=0x0, edgeFlags=0x0, pointerCount=1, historySize=0, eventTime=759500828, downTime=759500828, deviceId=0, source=0x1002 }
08-05 02:58:04.424 29992 29992 I Input   : injectMotionEvent: MotionEvent { action=ACTION_UP, actionButton=0, id[0]=0, x[0]=625.0, y[0]=1248.0, toolType[0]=TOOL_TYPE_UNKNOWN, buttonState=0, metaState=0, flags=0x0, edgeFlags=0x0, pointerCount=1, historySize=0, eventTime=759500828, downTime=759500828, deviceId=0, source=0x1002 }
08-05 02:58:04.426 29992 29992 D AndroidRuntime: Shutting down VM
08-05 02:58:04.498 27610 27610 D MainActivity: loadFragment(index: 7, args: null)
08-05 02:58:04.500 27610 27610 D MainActivity: saveLastNavFragment(tag: 2)
08-05 02:58:04.500 27610 27610 D MainActivity: getLastNavFragment() -> 2
08-05 02:58:04.501   512  2967 D audio_hw_primary: out_set_parameters: enter: usecase(1: low-latency-playback) kvpairs: routing=2
08-05 02:58:04.514   512  2967 D audio_hw_primary: select_devices: out_snd_device(2: speaker) in_snd_device(0: none)
08-05 02:58:04.514   512  2967 D msm8974_platform: platform_send_audio_calibration: sending audio calibration for snd_device(2) acdb_id(15)
08-05 02:58:04.514   512  2967 I soundtrigger: audio_extn_sound_trigger_update_device_status: device 0x2 of type 0 for Event 1
08-05 02:58:04.523   512  2967 D audio_hw_primary: enable_snd_device: snd_device(2: speaker)
08-05 02:58:04.525   512  2967 D audio_hw_primary: enable_audio_route: apply and update mixer path: low-latency-playback speaker
08-05 02:58:04.534 27610 27610 D ItemlistFragment: onEventMainThread() called with: event = [DownloadEvent{update=DownloaderUpdate{downloaders=[], feedIds=[], mediaIds=[]}}]
08-05 02:58:04.535 27610 28150 D DBReader: getFeed() called with: feedId = [2]
08-05 02:58:04.537 27610 28150 D DBReader: getFeedItemList() called with: feed = [baseline.de.danoeh.antennapod.core.feed.Feed@2]
08-05 02:58:04.556 27610 27623 I art     : Starting a blocking GC Explicit
08-05 02:58:04.588 27610 27623 I art     : Explicit concurrent mark sweep GC freed 4908(230KB) AllocSpace objects, 2(40KB) LOS objects, 36% free, 28MB/44MB, paused 1.438ms total 31.095ms
08-05 02:58:04.598 27610 27623 I art     : Starting a blocking GC Explicit
08-05 02:58:04.615 27610 28150 W PodDBAdapter: Length of id array is larger than 800. Creating multiple cursors
08-05 02:58:04.631 27610 27623 I art     : Explicit concurrent mark sweep GC freed 4181(277KB) AllocSpace objects, 1(16KB) LOS objects, 35% free, 28MB/44MB, paused 1.263ms total 32.553ms
08-05 02:58:04.642 27610 27623 I art     : Starting a blocking GC Explicit
08-05 02:58:04.672 27610 27623 I art     : Explicit concurrent mark sweep GC freed 59(24KB) AllocSpace objects, 0(0B) LOS objects, 35% free, 29MB/45MB, paused 1.145ms total 29.582ms
08-05 02:58:04.681 27610 27623 I art     : Starting a blocking GC Explicit
08-05 02:58:04.686 27610 28150 D DBReader: getFavoriteIDList() called
08-05 02:58:04.687 27610 28150 D DBReader: getQueueIDList() called
08-05 02:58:04.688 27610 28150 D DBReader: Extracting Feedlist
08-05 02:58:04.714 27610 27623 I art     : Explicit concurrent mark sweep GC freed 5296(115KB) AllocSpace objects, 0(0B) LOS objects, 35% free, 29MB/45MB, paused 1.150ms total 32.765ms
08-05 02:58:04.725 27610 27623 I art     : Starting a blocking GC Explicit
08-05 02:58:04.726 27610 27610 D FeedMenuHandler: Preparing options menu
08-05 02:58:04.757 27610 27623 I art     : Explicit concurrent mark sweep GC freed 4777(202KB) AllocSpace objects, 1(16KB) LOS objects, 35% free, 29MB/45MB, paused 1.458ms total 32.544ms
08-05 02:58:04.781 27610 28548 D ApOkHttpUrlLoader: buildLoadData() called with: model = [http://static.libsyn.com/p/assets/7/1/f/3/71f3014e14ef2722/JREiTunesImage2.jpg], width = [1440], height = [462]
08-05 02:58:04.844 27610 27631 V RenderScript: 0x7f7daaf000 Launching thread(s), CPUs 8
08-05 02:58:04.943 13866 13866 I GoogleInputMethodServic: GoogleInputMethodService.onFinishInput():3138 
08-05 02:58:04.944 13866 13866 I GoogleInputMethodServic: GoogleInputMethodService.onStartInput():1808 
08-05 02:58:05.031 27610 29065 I art     : Starting a blocking GC Explicit
08-05 02:58:05.068   512  2967 D audio_hw_primary: disable_audio_route: reset and update mixer path: low-latency-playback speaker
08-05 02:58:05.069   512  2967 D audio_hw_primary: disable_snd_device: snd_device(2: speaker)
08-05 02:58:05.069 27610 29065 I art     : Explicit concurrent mark sweep GC freed 3263(248KB) AllocSpace objects, 6(236KB) LOS objects, 29% free, 37MB/53MB, paused 935us total 37.345ms
08-05 02:58:05.077   512  2967 I soundtrigger: audio_extn_sound_trigger_update_device_status: device 0x2 of type 0 for Event 0
08-05 02:58:05.079 27610 29065 I art     : Starting a blocking GC Explicit
08-05 02:58:05.112 27610 29065 I art     : Explicit concurrent mark sweep GC freed 281(13KB) AllocSpace objects, 0(0B) LOS objects, 29% free, 37MB/53MB, paused 1.002ms total 32.367ms
08-05 02:58:05.122 27610 29065 I art     : Starting a blocking GC Explicit
08-05 02:58:05.156 27610 29065 I art     : Explicit concurrent mark sweep GC freed 3(96B) AllocSpace objects, 0(0B) LOS objects, 29% free, 37MB/53MB, paused 945us total 33.826ms
08-05 02:58:05.168 27610 29065 I art     : Starting a blocking GC Explicit
08-05 02:58:05.203 27610 29065 I art     : Explicit concurrent mark sweep GC freed 20(688B) AllocSpace objects, 0(0B) LOS objects, 29% free, 37MB/53MB, paused 969us total 35.173ms
08-05 02:58:05.215 27610 29065 I art     : Starting a blocking GC Explicit
08-05 02:58:05.250 27610 29065 I art     : Explicit concurrent mark sweep GC freed 3(96B) AllocSpace objects, 0(0B) LOS objects, 29% free, 37MB/53MB, paused 964us total 35.501ms
08-05 02:58:05.518 23120 23120 I ServiceManager: Waiting for service AtCmdFwd...
08-05 02:58:05.548 27610 27623 I art     : Starting a blocking GC Explicit
08-05 02:58:05.597 27610 27623 I art     : Explicit concurrent mark sweep GC freed 1404(81KB) AllocSpace objects, 1(20KB) LOS objects, 29% free, 37MB/53MB, paused 1.153ms total 48.438ms
08-05 02:58:05.613 27610 27623 I art     : Starting a blocking GC Explicit
08-05 02:58:05.652 27610 27623 I art     : Explicit concurrent mark sweep GC freed 42(1392B) AllocSpace objects, 0(0B) LOS objects, 29% free, 37MB/53MB, paused 1.088ms total 39.109ms
08-05 02:58:05.664 27610 27623 I art     : Starting a blocking GC Explicit
08-05 02:58:05.703 27610 27623 I art     : Explicit concurrent mark sweep GC freed 3(96B) AllocSpace objects, 0(0B) LOS objects, 29% free, 37MB/53MB, paused 972us total 38.708ms
08-05 02:58:05.715 27610 27623 I art     : Starting a blocking GC Explicit
08-05 02:58:05.754 27610 27623 I art     : Explicit concurrent mark sweep GC freed 3(96B) AllocSpace objects, 0(0B) LOS objects, 29% free, 37MB/53MB, paused 1.044ms total 39.098ms
08-05 02:58:05.766 27610 27623 I art     : Starting a blocking GC Explicit
08-05 02:58:05.805 27610 27623 I art     : Explicit concurrent mark sweep GC freed 3(96B) AllocSpace objects, 0(0B) LOS objects, 29% free, 37MB/53MB, paused 1.055ms total 38.830ms
08-05 02:58:06.121 27610 28549 I art     : Starting a blocking GC Explicit
08-05 02:58:06.175 27610 28549 I art     : Explicit concurrent mark sweep GC freed 1372(80KB) AllocSpace objects, 1(20KB) LOS objects, 29% free, 37MB/53MB, paused 1.144ms total 53.292ms
08-05 02:58:06.189 27610 28549 I art     : Starting a blocking GC Explicit
08-05 02:58:06.228 27610 28549 I art     : Explicit concurrent mark sweep GC freed 23(752B) AllocSpace objects, 0(0B) LOS objects, 29% free, 37MB/53MB, paused 1.255ms total 38.033ms
08-05 02:58:06.239 27610 28549 I art     : Starting a blocking GC Explicit
08-05 02:58:06.278 27610 28549 I art     : Explicit concurrent mark sweep GC freed 3(96B) AllocSpace objects, 0(0B) LOS objects, 29% free, 37MB/53MB, paused 1.131ms total 38.927ms
08-05 02:58:06.290 27610 28549 I art     : Starting a blocking GC Explicit
08-05 02:58:06.328 27610 28549 I art     : Explicit concurrent mark sweep GC freed 4(128B) AllocSpace objects, 0(0B) LOS objects, 29% free, 37MB/53MB, paused 1.219ms total 37.730ms
08-05 02:58:06.339 27610 28549 I art     : Starting a blocking GC Explicit
08-05 02:58:06.375 27610 28549 I art     : Explicit concurrent mark sweep GC freed 39(1104B) AllocSpace objects, 0(0B) LOS objects, 29% free, 37MB/53MB, paused 916us total 35.375ms
08-05 02:58:06.519 23120 23120 I ServiceManager: Waiting for service AtCmdFwd...
08-05 02:58:06.706 27610 27623 I art     : Starting a blocking GC Explicit
08-05 02:58:06.747 27610 27623 I art     : Explicit concurrent mark sweep GC freed 2094(103KB) AllocSpace objects, 1(20KB) LOS objects, 29% free, 37MB/53MB, paused 1.027ms total 40.497ms
08-05 02:58:06.758 27610 27623 I art     : Starting a blocking GC Explicit
08-05 02:58:06.797 27610 27623 I art     : Explicit concurrent mark sweep GC freed 23(752B) AllocSpace objects, 0(0B) LOS objects, 29% free, 37MB/53MB, paused 1.127ms total 38.671ms
08-05 02:58:06.809 27610 27623 I art     : Starting a blocking GC Explicit
08-05 02:58:06.847 27610 27623 I art     : Explicit concurrent mark sweep GC freed 3(96B) AllocSpace objects, 0(0B) LOS objects, 29% free, 37MB/53MB, paused 1.137ms total 38.236ms
08-05 02:58:06.859 27610 27623 I art     : Starting a blocking GC Explicit
08-05 02:58:06.897 27610 27623 I art     : Explicit concurrent mark sweep GC freed 3(96B) AllocSpace objects, 0(0B) LOS objects, 29% free, 37MB/53MB, paused 1.135ms total 38.489ms
08-05 02:58:06.909 27610 27623 I art     : Starting a blocking GC Explicit
08-05 02:58:06.947 27610 27623 I art     : Explicit concurrent mark sweep GC freed 3(96B) AllocSpace objects, 0(0B) LOS objects, 29% free, 37MB/53MB, paused 1.026ms total 37.343ms
08-05 02:58:07.288 27610 28549 I art     : Starting a blocking GC Explicit
08-05 02:58:07.338 27610 28549 I art     : Explicit concurrent mark sweep GC freed 2260(112KB) AllocSpace objects, 1(20KB) LOS objects, 29% free, 37MB/53MB, paused 1.260ms total 49.947ms
08-05 02:58:07.351 27610 28549 I art     : Starting a blocking GC Explicit
08-05 02:58:07.390 27610 28549 I art     : Explicit concurrent mark sweep GC freed 52(1536B) AllocSpace objects, 0(0B) LOS objects, 29% free, 37MB/53MB, paused 1.137ms total 38.641ms
08-05 02:58:07.401 27610 28549 I art     : Starting a blocking GC Explicit
08-05 02:58:07.440 27610 28549 I art     : Explicit concurrent mark sweep GC freed 3(96B) AllocSpace objects, 0(0B) LOS objects, 29% free, 37MB/53MB, paused 1.040ms total 38.069ms
08-05 02:58:07.451 27610 28549 I art     : Starting a blocking GC Explicit
08-05 02:58:07.489 27610 28549 I art     : Explicit concurrent mark sweep GC freed 3(96B) AllocSpace objects, 0(0B) LOS objects, 29% free, 37MB/53MB, paused 1.078ms total 37.804ms
08-05 02:58:07.500 27610 28549 I art     : Starting a blocking GC Explicit
08-05 02:58:07.520 23120 23120 I ServiceManager: Waiting for service AtCmdFwd...
08-05 02:58:07.538 27610 28549 I art     : Explicit concurrent mark sweep GC freed 3(96B) AllocSpace objects, 0(0B) LOS objects, 29% free, 37MB/53MB, paused 1.088ms total 37.845ms
08-05 02:58:07.877 27610 27684 I art     : Starting a blocking GC Explicit
08-05 02:58:07.934 27610 27684 I art     : Explicit concurrent mark sweep GC freed 1374(81KB) AllocSpace objects, 1(20KB) LOS objects, 29% free, 37MB/53MB, paused 1.371ms total 57.376ms
08-05 02:58:07.949 27610 27684 I art     : Starting a blocking GC Explicit
08-05 02:58:07.986 27610 27684 I art     : Explicit concurrent mark sweep GC freed 23(752B) AllocSpace objects, 0(0B) LOS objects, 29% free, 37MB/53MB, paused 1.024ms total 36.328ms
08-05 02:58:07.997 27610 27684 I art     : Starting a blocking GC Explicit
08-05 02:58:08.036 27610 27684 I art     : Explicit concurrent mark sweep GC freed 3(96B) AllocSpace objects, 0(0B) LOS objects, 29% free, 37MB/53MB, paused 1.063ms total 38.266ms
08-05 02:58:08.047 27610 27684 I art     : Starting a blocking GC Explicit
08-05 02:58:08.085 27610 27684 I art     : Explicit concurrent mark sweep GC freed 3(96B) AllocSpace objects, 0(0B) LOS objects, 29% free, 37MB/53MB, paused 1.051ms total 37.956ms
08-05 02:58:08.097 27610 27684 I art     : Starting a blocking GC Explicit
08-05 02:58:08.136 27610 27684 I art     : Explicit concurrent mark sweep GC freed 3(96B) AllocSpace objects, 0(0B) LOS objects, 29% free, 37MB/53MB, paused 1.004ms total 38.412ms
08-05 02:58:08.469 27610 27622 I art     : Starting a blocking GC Explicit
08-05 02:58:08.521 23120 23120 I ServiceManager: Waiting for service AtCmdFwd...
08-05 02:58:08.522 27610 27622 I art     : Explicit concurrent mark sweep GC freed 1402(83KB) AllocSpace objects, 1(20KB) LOS objects, 29% free, 37MB/53MB, paused 1.098ms total 53.311ms
08-05 02:58:08.538 27610 27622 I art     : Starting a blocking GC Explicit
08-05 02:58:08.576 27610 27622 I art     : Explicit concurrent mark sweep GC freed 23(752B) AllocSpace objects, 0(0B) LOS objects, 29% free, 37MB/53MB, paused 1.075ms total 38.398ms
08-05 02:58:08.588 27610 27622 I art     : Starting a blocking GC Explicit
08-05 02:58:08.627 27610 27622 I art     : Explicit concurrent mark sweep GC freed 3(96B) AllocSpace objects, 0(0B) LOS objects, 29% free, 37MB/53MB, paused 1.050ms total 38.647ms
08-05 02:58:08.638 27610 27622 I art     : Starting a blocking GC Explicit
08-05 02:58:08.676 27610 27622 I art     : Explicit concurrent mark sweep GC freed 3(96B) AllocSpace objects, 0(0B) LOS objects, 29% free, 37MB/53MB, paused 1.007ms total 37.733ms
08-05 02:58:08.687 27610 27622 I art     : Starting a blocking GC Explicit
08-05 02:58:08.723 27610 27622 I art     : Explicit concurrent mark sweep GC freed 3(96B) AllocSpace objects, 0(0B) LOS objects, 29% free, 37MB/53MB, paused 975us total 35.861ms
08-05 02:58:09.052 27610 29065 I art     : Starting a blocking GC Explicit
08-05 02:58:09.092 27610 29065 I art     : Explicit concurrent mark sweep GC freed 1372(80KB) AllocSpace objects, 1(20KB) LOS objects, 29% free, 37MB/53MB, paused 1.101ms total 39.991ms
08-05 02:58:09.103 27610 29065 I art     : Starting a blocking GC Explicit
08-05 02:58:09.108 30105 30105 D AndroidRuntime: >>>>>> START com.android.internal.os.RuntimeInit uid 2000 <<<<<<
08-05 02:58:09.113 30105 30105 D AndroidRuntime: CheckJNI is OFF
08-05 02:58:09.141 27610 29065 I art     : Explicit concurrent mark sweep GC freed 23(752B) AllocSpace objects, 0(0B) LOS objects, 29% free, 37MB/53MB, paused 1.149ms total 36.988ms
08-05 02:58:09.150 30105 30105 D ICU     : No timezone override file found: /data/misc/zoneinfo/current/icu/icu_tzdata.dat
08-05 02:58:09.151 27610 29065 I art     : Starting a blocking GC Explicit
08-05 02:58:09.184 30105 30105 I Radio-JNI: register_android_hardware_Radio DONE
08-05 02:58:09.188 27610 29065 I art     : Explicit concurrent mark sweep GC freed 3(96B) AllocSpace objects, 0(0B) LOS objects, 29% free, 37MB/53MB, paused 1.614ms total 36.331ms
08-05 02:58:09.198 27610 29065 I art     : Starting a blocking GC Explicit
08-05 02:58:09.207 30105 30105 D AndroidRuntime: Calling main entry com.android.commands.input.Input
08-05 02:58:09.210 30105 30105 I Input   : injectMotionEvent: MotionEvent { action=ACTION_DOWN, actionButton=0, id[0]=0, x[0]=1363.0, y[0]=517.0, toolType[0]=TOOL_TYPE_UNKNOWN, buttonState=0, metaState=0, flags=0x0, edgeFlags=0x0, pointerCount=1, historySize=0, eventTime=759505622, downTime=759505622, deviceId=0, source=0x1002 }
08-05 02:58:09.214 30105 30105 I Input   : injectMotionEvent: MotionEvent { action=ACTION_UP, actionButton=0, id[0]=0, x[0]=1363.0, y[0]=517.0, toolType[0]=TOOL_TYPE_UNKNOWN, buttonState=0, metaState=0, flags=0x0, edgeFlags=0x0, pointerCount=1, historySize=0, eventTime=759505622, downTime=759505622, deviceId=0, source=0x1002 }
08-05 02:58:09.216 30105 30105 D AndroidRuntime: Shutting down VM
08-05 02:58:09.223   512  2967 D audio_hw_primary: out_set_parameters: enter: usecase(1: low-latency-playback) kvpairs: routing=2
08-05 02:58:09.224   918  4400 I ActivityManager: START u0 {cmp=baseline.de.danoeh.antennapod.debug/baseline.de.danoeh.antennapod.activity.FeedSettingsActivity (has extras)} from uid 10691 on display 0
08-05 02:58:09.236   512  2967 D audio_hw_primary: select_devices: out_snd_device(2: speaker) in_snd_device(0: none)
08-05 02:58:09.236   512  2967 D msm8974_platform: platform_send_audio_calibration: sending audio calibration for snd_device(2) acdb_id(15)
08-05 02:58:09.236 27610 29065 I art     : Explicit concurrent mark sweep GC freed 46(5KB) AllocSpace objects, 0(0B) LOS objects, 29% free, 37MB/53MB, paused 1.046ms total 37.194ms
08-05 02:58:09.236   512  2967 I soundtrigger: audio_extn_sound_trigger_update_device_status: device 0x2 of type 0 for Event 1
08-05 02:58:09.246   512  2967 D audio_hw_primary: enable_snd_device: snd_device(2: speaker)
08-05 02:58:09.247 27610 29065 I art     : Starting a blocking GC Explicit
08-05 02:58:09.248   512  2967 D audio_hw_primary: enable_audio_route: apply and update mixer path: low-latency-playback speaker
08-05 02:58:09.284 27610 29065 I art     : Explicit concurrent mark sweep GC freed 8977(408KB) AllocSpace objects, 0(0B) LOS objects, 29% free, 37MB/53MB, paused 1.644ms total 37.556ms
08-05 02:58:09.403 27610 28151 D DBReader: getFeed() called with: feedId = [2]
08-05 02:58:09.404 27610 28151 D DBReader: getFeedItemList() called with: feed = [baseline.de.danoeh.antennapod.core.feed.Feed@2]
08-05 02:58:09.482 27610 28151 W PodDBAdapter: Length of id array is larger than 800. Creating multiple cursors
08-05 02:58:09.505   918   936 I ActivityManager: Displayed baseline.de.danoeh.antennapod.debug/baseline.de.danoeh.antennapod.activity.FeedSettingsActivity: +271ms
08-05 02:58:09.508 13866 13866 I GoogleInputMethodServic: GoogleInputMethodService.onFinishInput():3138 
08-05 02:58:09.509 13866 13866 I GoogleInputMethodServic: GoogleInputMethodService.onStartInput():1808 
08-05 02:58:09.522 23120 23120 I ServiceManager: Waiting for service AtCmdFwd...
08-05 02:58:09.544 27610 27631 D OpenGLRenderer: endAllStagingAnimators on 0x7f7eac8800 (RippleDrawable) with handle 0x7f7c09f180
08-05 02:58:09.554 27610 27622 I art     : Starting a blocking GC Explicit
08-05 02:58:09.561 27610 28548 D ApOkHttpUrlLoader: buildLoadData() called with: model = [http://static.libsyn.com/p/assets/7/1/f/3/71f3014e14ef2722/JREiTunesImage2.jpg], width = [1440], height = [462]
08-05 02:58:09.565 13866 13866 I GoogleInputMethodServic: GoogleInputMethodService.onStartInput():1808 
08-05 02:58:09.566 13866 13866 W SessionManager: SessionManager.beginSession():53 Try to begin an already begun session [INPUT_SESSION], end it first
08-05 02:58:09.583 13866 13866 I ShortcutsDataManager: ShortcutsDataManager.onContentChanged():89 onContentChanged()
08-05 02:58:09.583 27610 27610 D FeedSettingsActivity: No filter set
08-05 02:58:09.593   918  6111 W IntentResolver: resolveIntent: multiple matches, only some with CATEGORY_DEFAULT
08-05 02:58:09.605 27610 27622 I art     : Explicit concurrent mark sweep GC freed 53110(2MB) AllocSpace objects, 3(52KB) LOS objects, 27% free, 42MB/58MB, paused 1.656ms total 50.788ms
08-05 02:58:09.618 27610 27622 I art     : Starting a blocking GC Explicit
08-05 02:58:09.663 27610 27622 I art     : Explicit concurrent mark sweep GC freed 3242(211KB) AllocSpace objects, 0(0B) LOS objects, 27% free, 42MB/58MB, paused 1.025ms total 43.962ms
08-05 02:58:09.678 27610 27622 I art     : Starting a blocking GC Explicit
08-05 02:58:09.733 27610 27622 I art     : Explicit concurrent mark sweep GC freed 149(10KB) AllocSpace objects, 0(0B) LOS objects, 27% free, 42MB/58MB, paused 1.031ms total 54.165ms
08-05 02:58:09.751 27610 27622 I art     : Starting a blocking GC Explicit
08-05 02:58:09.754   380   380 W SurfaceFlinger: couldn't log to binary event log: overflow.
08-05 02:58:09.780   512  2967 D audio_hw_primary: disable_audio_route: reset and update mixer path: low-latency-playback speaker
08-05 02:58:09.781   512  2967 D audio_hw_primary: disable_snd_device: snd_device(2: speaker)
08-05 02:58:09.790   512  2967 I soundtrigger: audio_extn_sound_trigger_update_device_status: device 0x2 of type 0 for Event 0
08-05 02:58:09.798 27610 27622 I art     : Explicit concurrent mark sweep GC freed 35(1632B) AllocSpace objects, 0(0B) LOS objects, 27% free, 42MB/58MB, paused 1.116ms total 47.088ms
08-05 02:58:09.811 27610 27622 I art     : Starting a blocking GC Explicit
08-05 02:58:09.854 27610 27622 I art     : Explicit concurrent mark sweep GC freed 34(1568B) AllocSpace objects, 0(0B) LOS objects, 27% free, 42MB/58MB, paused 1.045ms total 42.829ms
08-05 02:58:09.901 27610 27610 D PlaybackController: Releasing PlaybackController
08-05 02:58:10.168 27610 28549 I art     : Starting a blocking GC Explicit
08-05 02:58:10.218 27610 28549 I art     : Explicit concurrent mark sweep GC freed 1824(103KB) AllocSpace objects, 1(20KB) LOS objects, 27% free, 42MB/58MB, paused 1.230ms total 50.687ms
08-05 02:58:10.232 27610 28549 I art     : Starting a blocking GC Explicit
08-05 02:58:10.282 27610 28549 I art     : Explicit concurrent mark sweep GC freed 81(2656B) AllocSpace objects, 0(0B) LOS objects, 27% free, 42MB/58MB, paused 1.155ms total 49.454ms
08-05 02:58:10.296 27610 28549 I art     : Starting a blocking GC Explicit
08-05 02:58:10.347 27610 28549 I art     : Explicit concurrent mark sweep GC freed 3(96B) AllocSpace objects, 0(0B) LOS objects, 27% free, 42MB/58MB, paused 1.261ms total 50.342ms
08-05 02:58:10.361 27610 28549 I art     : Starting a blocking GC Explicit
08-05 02:58:10.410 27610 28549 I art     : Explicit concurrent mark sweep GC freed 32(880B) AllocSpace objects, 0(0B) LOS objects, 27% free, 42MB/58MB, paused 1.117ms total 49.195ms
08-05 02:58:10.424 27610 28549 I art     : Starting a blocking GC Explicit
08-05 02:58:10.475 27610 28549 I art     : Explicit concurrent mark sweep GC freed 3(96B) AllocSpace objects, 0(0B) LOS objects, 27% free, 42MB/58MB, paused 1.141ms total 50.461ms
08-05 02:58:10.522 23120 23120 W Atfwd_Sendcmd: AtCmdFwd service not published, waiting... retryCnt : 1
08-05 02:58:10.788 27610 27623 I art     : Starting a blocking GC Explicit
08-05 02:58:10.859 27610 27623 I art     : Explicit concurrent mark sweep GC freed 1372(80KB) AllocSpace objects, 1(20KB) LOS objects, 27% free, 42MB/58MB, paused 1.399ms total 70.762ms
08-05 02:58:10.875 27610 27623 I art     : Starting a blocking GC Explicit
08-05 02:58:10.927 27610 27623 I art     : Explicit concurrent mark sweep GC freed 23(752B) AllocSpace objects, 0(0B) LOS objects, 27% free, 42MB/58MB, paused 1.235ms total 50.880ms
08-05 02:58:10.941 27610 27623 I art     : Starting a blocking GC Explicit
08-05 02:58:10.989 27610 27623 I art     : Explicit concurrent mark sweep GC freed 3(96B) AllocSpace objects, 0(0B) LOS objects, 27% free, 42MB/58MB, paused 1.136ms total 48.550ms
08-05 02:58:11.004 27610 27623 I art     : Starting a blocking GC Explicit
08-05 02:58:11.051 27610 27623 I art     : Explicit concurrent mark sweep GC freed 7(224B) AllocSpace objects, 0(0B) LOS objects, 27% free, 42MB/58MB, paused 1.127ms total 47.311ms
08-05 02:58:11.065 27610 27623 I art     : Starting a blocking GC Explicit
08-05 02:58:11.112 27610 27623 I art     : Explicit concurrent mark sweep GC freed 19(608B) AllocSpace objects, 0(0B) LOS objects, 27% free, 42MB/58MB, paused 1.046ms total 46.023ms
08-05 02:58:11.452 27610 27622 I art     : Starting a blocking GC Explicit
08-05 02:58:11.515 27610 27622 I art     : Explicit concurrent mark sweep GC freed 1438(82KB) AllocSpace objects, 1(20KB) LOS objects, 27% free, 42MB/58MB, paused 1.208ms total 62.341ms
08-05 02:58:11.535 27610 27622 I art     : Starting a blocking GC Explicit
08-05 02:58:11.582 27610 27622 I art     : Explicit concurrent mark sweep GC freed 23(752B) AllocSpace objects, 0(0B) LOS objects, 27% free, 42MB/58MB, paused 1.114ms total 46.912ms
08-05 02:58:11.595 27610 27622 I art     : Starting a blocking GC Explicit
08-05 02:58:11.643 27610 27622 I art     : Explicit concurrent mark sweep GC freed 3(96B) AllocSpace objects, 0(0B) LOS objects, 27% free, 42MB/58MB, paused 1.182ms total 47.846ms
08-05 02:58:11.657 27610 27622 I art     : Starting a blocking GC Explicit
08-05 02:58:11.705 27610 27622 I art     : Explicit concurrent mark sweep GC freed 3(96B) AllocSpace objects, 0(0B) LOS objects, 27% free, 42MB/58MB, paused 1.072ms total 47.942ms
08-05 02:58:11.718 27610 27622 I art     : Starting a blocking GC Explicit
08-05 02:58:11.768 27610 27622 I art     : Explicit concurrent mark sweep GC freed 3(96B) AllocSpace objects, 0(0B) LOS objects, 27% free, 42MB/58MB, paused 1.190ms total 49.586ms
08-05 02:58:12.126 27610 27684 I art     : Starting a blocking GC Explicit
08-05 02:58:12.174 27610 27684 I art     : Explicit concurrent mark sweep GC freed 1373(82KB) AllocSpace objects, 1(20KB) LOS objects, 27% free, 42MB/58MB, paused 1.118ms total 47.754ms
08-05 02:58:12.187 27610 27684 I art     : Starting a blocking GC Explicit
08-05 02:58:12.236 27610 27684 I art     : Explicit concurrent mark sweep GC freed 84(3056B) AllocSpace objects, 0(0B) LOS objects, 27% free, 42MB/58MB, paused 1.092ms total 48.533ms
08-05 02:58:12.250 27610 27684 I art     : Starting a blocking GC Explicit
08-05 02:58:12.294 27610 27684 I art     : Explicit concurrent mark sweep GC freed 3(96B) AllocSpace objects, 0(0B) LOS objects, 27% free, 42MB/58MB, paused 1.082ms total 43.884ms
08-05 02:58:12.306 27610 27684 I art     : Starting a blocking GC Explicit
08-05 02:58:12.355 27610 27684 I art     : Explicit concurrent mark sweep GC freed 3(96B) AllocSpace objects, 0(0B) LOS objects, 27% free, 42MB/58MB, paused 1.227ms total 48.065ms
08-05 02:58:12.368 27610 27684 I art     : Starting a blocking GC Explicit
08-05 02:58:12.418 27610 27684 I art     : Explicit concurrent mark sweep GC freed 27(704B) AllocSpace objects, 0(0B) LOS objects, 27% free, 42MB/58MB, paused 1.186ms total 49.426ms
08-05 02:58:12.764 27610 28549 I art     : Starting a blocking GC Explicit
08-05 02:58:12.814 27610 28549 I art     : Explicit concurrent mark sweep GC freed 1378(81KB) AllocSpace objects, 1(20KB) LOS objects, 27% free, 42MB/58MB, paused 1.162ms total 50.509ms
08-05 02:58:12.828 27610 28549 I art     : Starting a blocking GC Explicit
08-05 02:58:12.878 27610 28549 I art     : Explicit concurrent mark sweep GC freed 23(752B) AllocSpace objects, 0(0B) LOS objects, 27% free, 42MB/58MB, paused 1.219ms total 49.306ms
08-05 02:58:12.891 27610 28549 I art     : Starting a blocking GC Explicit
08-05 02:58:12.941 27610 28549 I art     : Explicit concurrent mark sweep GC freed 3(96B) AllocSpace objects, 0(0B) LOS objects, 27% free, 42MB/58MB, paused 1.153ms total 49.539ms
08-05 02:58:12.955 27610 28549 I art     : Starting a blocking GC Explicit
08-05 02:58:13.003 27610 28549 I art     : Explicit concurrent mark sweep GC freed 3(96B) AllocSpace objects, 0(0B) LOS objects, 27% free, 42MB/58MB, paused 1.089ms total 47.795ms
08-05 02:58:13.017 27610 28549 I art     : Starting a blocking GC Explicit
08-05 02:58:13.068 27610 28549 I art     : Explicit concurrent mark sweep GC freed 3(96B) AllocSpace objects, 0(0B) LOS objects, 27% free, 42MB/58MB, paused 1.238ms total 50.466ms
08-05 02:58:13.415 27610 27622 I art     : Starting a blocking GC Explicit
08-05 02:58:13.474 27610 27622 I art     : Explicit concurrent mark sweep GC freed 2104(107KB) AllocSpace objects, 1(20KB) LOS objects, 27% free, 42MB/58MB, paused 1.047ms total 59.410ms
08-05 02:58:13.488 27610 27622 I art     : Starting a blocking GC Explicit
08-05 02:58:13.531 27610 27622 I art     : Explicit concurrent mark sweep GC freed 23(752B) AllocSpace objects, 0(0B) LOS objects, 27% free, 42MB/58MB, paused 1.113ms total 42.673ms
08-05 02:58:13.544 27610 27622 I art     : Starting a blocking GC Explicit
08-05 02:58:13.590 27610 27622 I art     : Explicit concurrent mark sweep GC freed 3(96B) AllocSpace objects, 0(0B) LOS objects, 27% free, 42MB/58MB, paused 1.132ms total 45.623ms
08-05 02:58:13.603 27610 27622 I art     : Starting a blocking GC Explicit
08-05 02:58:13.649 27610 27622 I art     : Explicit concurrent mark sweep GC freed 3(96B) AllocSpace objects, 0(0B) LOS objects, 27% free, 42MB/58MB, paused 1.142ms total 45.411ms
08-05 02:58:13.661 27610 27622 I art     : Starting a blocking GC Explicit
08-05 02:58:13.707 27610 27622 I art     : Explicit concurrent mark sweep GC freed 3(96B) AllocSpace objects, 0(0B) LOS objects, 27% free, 42MB/58MB, paused 1.086ms total 45.004ms
08-05 02:58:13.883 30207 30207 D AndroidRuntime: >>>>>> START com.android.internal.os.RuntimeInit uid 2000 <<<<<<
08-05 02:58:13.888 30207 30207 D AndroidRuntime: CheckJNI is OFF
08-05 02:58:13.921 30207 30207 D ICU     : No timezone override file found: /data/misc/zoneinfo/current/icu/icu_tzdata.dat
08-05 02:58:13.954 30207 30207 I Radio-JNI: register_android_hardware_Radio DONE
08-05 02:58:13.975 30207 30207 D AndroidRuntime: Calling main entry com.android.commands.input.Input
08-05 02:58:13.977 30207 30207 I Input   : injectKeyEvent: KeyEvent { action=ACTION_DOWN, keyCode=KEYCODE_BACK, scanCode=0, metaState=0, flags=0x0, repeatCount=0, eventTime=759510390, downTime=759510390, deviceId=-1, source=0x101 }
08-05 02:58:13.986 30207 30207 I Input   : injectKeyEvent: KeyEvent { action=ACTION_UP, keyCode=KEYCODE_BACK, scanCode=0, metaState=0, flags=0x0, repeatCount=0, eventTime=759510390, downTime=759510390, deviceId=-1, source=0x101 }
08-05 02:58:13.992 30207 30207 D AndroidRuntime: Shutting down VM
08-05 02:58:13.997 27610 27610 V PlaybackController: initServiceNotRunning()
08-05 02:58:13.997 27610 27610 D ExternalPlayerFragment: Loading media info
08-05 02:58:13.998 27610 27610 D ItemlistFragment: onEventMainThread() called with: event = [DownloadEvent{update=DownloaderUpdate{downloaders=[], feedIds=[], mediaIds=[]}}]
08-05 02:58:13.999 27610 28548 D ApOkHttpUrlLoader: buildLoadData() called with: model = [http://static.libsyn.com/p/assets/7/1/f/3/71f3014e14ef2722/JREiTunesImage2.jpg], width = [1440], height = [462]
08-05 02:58:14.001 27610 27610 D UserPreferences: Using default data folder
08-05 02:58:14.003 27610 28151 D DBReader: getNavDrawerData() called with: 
08-05 02:58:14.003 27610 27630 D DBReader: getFeed() called with: feedId = [2]
08-05 02:58:14.005 27610 27630 D DBReader: getFeedItemList() called with: feed = [baseline.de.danoeh.antennapod.core.feed.Feed@2]
08-05 02:58:14.017 27610 27610 D FeedMenuHandler: Preparing options menu
08-05 02:58:14.028 27610 28151 D DBReader: getDownloadedItems() called
08-05 02:58:14.029 27610 28151 D DBReader: getFavoriteIDList() called
08-05 02:58:14.029 27610 28151 D DBReader: getQueueIDList() called
08-05 02:58:14.030 27610 28151 D DBReader: Extracting Feedlist
08-05 02:58:14.036 27610 28549 I art     : Starting a blocking GC Explicit
08-05 02:58:14.081 27610 27610 D MainActivity: getLastNavFragment() -> 2
08-05 02:58:14.081 13866 13866 I GoogleInputMethodServic: GoogleInputMethodService.onFinishInput():3138 
08-05 02:58:14.081 13866 13866 I GoogleInputMethodServic: GoogleInputMethodService.onStartInput():1808 
08-05 02:58:14.082 13866 13866 I ShortcutsDataManager: AbstractContentDataManager.startImportContentTask():208 startImportContentTask()
08-05 02:58:14.083 13866 13938 I ShortcutsDataManager: AbstractContentDataManager$ImportContentTask.doInBackground():222 doInBackground()
08-05 02:58:14.083 13866 13938 I PersonalDictionaryDataH: PersonalDictionaryDataHandler.beginProcess():111 LanguageTags = [en-US]
08-05 02:58:14.087 27610 28549 I art     : Explicit concurrent mark sweep GC freed 5771(253KB) AllocSpace objects, 1(20KB) LOS objects, 25% free, 46MB/62MB, paused 1.930ms total 50.827ms
08-05 02:58:14.089 27610 27630 W PodDBAdapter: Length of id array is larger than 800. Creating multiple cursors
08-05 02:58:14.097 13866 13938 I ShortcutsDataManager: AbstractContentDataManager.importRecords():312 importRecords() : Success : Count = 0
08-05 02:58:14.101 13866 13938 I ShortcutsDataManager: AbstractContentDataManager.importContentData():262 importContentData() : Ending import process
08-05 02:58:14.102 27610 28549 I art     : Starting a blocking GC Explicit
08-05 02:58:14.125 13866 13938 I PersonalLanguageModelUp: PersonalLanguageModelUpdater$UpdateOperation.performInternal():160 run() : Added 0 words and 0 shortcuts
08-05 02:58:14.126 13866 13938 I DynamicLanguageModelOpe: DynamicLanguageModelOperation.perform():37 perform() : 4 : coc : Completed
08-05 02:58:14.126 13866 13950 I Delight5Decoder: Delight5DecoderWrapper.loadLanguageModel():578 loadLanguageModel() : 4, version [n/a]
08-05 02:58:14.126 13866 13866 I ShortcutsDataManager: AbstractContentDataManager$ImportContentTask.onPostExecute():233 onPostExecute() : Result = [2,0]
08-05 02:58:14.127 13866 13866 I ShortcutsDataManager: ShortcutsDataManager.onImportFinished():99 onImportFinished() : Result = 2 : Count = 0
08-05 02:58:14.127 13866 13950 I Delight5Decoder: Delight5DecoderWrapper.loadLanguageModel():616 Loaded dynamic LM 4.en
08-05 02:58:14.150 27610 28549 I art     : Explicit concurrent mark sweep GC freed 3389(282KB) AllocSpace objects, 1(16KB) LOS objects, 25% free, 46MB/62MB, paused 1.676ms total 48.267ms
08-05 02:58:14.159 27610 27630 D DBReader: getFavoriteIDList() called
08-05 02:58:14.159 27610 27630 D DBReader: getQueueIDList() called
08-05 02:58:14.161 27610 27630 D DBReader: Extracting Feedlist
08-05 02:58:14.164 27610 28548 D ApOkHttpUrlLoader: buildLoadData() called with: model = [http://static.libsyn.com/p/assets/7/1/f/3/71f3014e14ef2722/JREiTunesImage2.jpg], width = [1440], height = [462]
08-05 02:58:14.164 27610 28549 I art     : Starting a blocking GC Explicit
08-05 02:58:14.182 27610 27610 D FeedMenuHandler: Preparing options menu
08-05 02:58:14.211 27610 28549 I art     : Explicit concurrent mark sweep GC freed 34658(2MB) AllocSpace objects, 1(16KB) LOS objects, 25% free, 47MB/63MB, paused 1.300ms total 46.589ms
08-05 02:58:14.224 27610 28549 I art     : Starting a blocking GC Explicit
08-05 02:58:14.269 27610 28549 I art     : Explicit concurrent mark sweep GC freed 800(53KB) AllocSpace objects, 0(0B) LOS objects, 25% free, 47MB/63MB, paused 1.018ms total 44.538ms
08-05 02:58:14.282 27610 28549 I art     : Starting a blocking GC Explicit
08-05 02:58:14.335 27610 28549 I art     : Explicit concurrent mark sweep GC freed 653(42KB) AllocSpace objects, 0(0B) LOS objects, 25% free, 47MB/63MB, paused 1.014ms total 52.189ms
08-05 02:58:14.344   380   380 W SurfaceFlinger: couldn't log to binary event log: overflow.
08-05 02:58:14.634 27610 27623 I art     : Starting a blocking GC Explicit
08-05 02:58:14.698 27610 27623 I art     : Explicit concurrent mark sweep GC freed 2035(108KB) AllocSpace objects, 1(20KB) LOS objects, 25% free, 47MB/63MB, paused 1.301ms total 64.113ms
08-05 02:58:14.718 27610 27623 I art     : Starting a blocking GC Explicit
08-05 02:58:14.761 27610 27623 I art     : Explicit concurrent mark sweep GC freed 34769(2MB) AllocSpace objects, 44(2MB) LOS objects, 27% free, 42MB/58MB, paused 1.147ms total 42.741ms
08-05 02:58:14.773 27610 27623 I art     : Starting a blocking GC Explicit
08-05 02:58:14.809 27610 27623 I art     : Explicit concurrent mark sweep GC freed 3(96B) AllocSpace objects, 0(0B) LOS objects, 27% free, 42MB/58MB, paused 1.112ms total 35.742ms
08-05 02:58:14.819 27610 27623 I art     : Starting a blocking GC Explicit
08-05 02:58:14.858 27610 27623 I art     : Explicit concurrent mark sweep GC freed 3(96B) AllocSpace objects, 0(0B) LOS objects, 27% free, 42MB/58MB, paused 1.274ms total 38.237ms
08-05 02:58:14.870 27610 27623 I art     : Starting a blocking GC Explicit
08-05 02:58:14.909 27610 27623 I art     : Explicit concurrent mark sweep GC freed 3(96B) AllocSpace objects, 0(0B) LOS objects, 27% free, 42MB/58MB, paused 1.128ms total 38.948ms
08-05 02:58:15.220 27610 29065 I art     : Starting a blocking GC Explicit
08-05 02:58:15.267 27610 29065 I art     : Explicit concurrent mark sweep GC freed 1374(81KB) AllocSpace objects, 1(20KB) LOS objects, 27% free, 42MB/58MB, paused 1.134ms total 46.654ms
08-05 02:58:15.278 27610 29065 I art     : Starting a blocking GC Explicit
08-05 02:58:15.315 27610 29065 I art     : Explicit concurrent mark sweep GC freed 23(752B) AllocSpace objects, 0(0B) LOS objects, 27% free, 42MB/58MB, paused 1.119ms total 36.883ms
08-05 02:58:15.326 27610 29065 I art     : Starting a blocking GC Explicit
08-05 02:58:15.363 27610 29065 I art     : Explicit concurrent mark sweep GC freed 3(96B) AllocSpace objects, 0(0B) LOS objects, 27% free, 42MB/58MB, paused 1.125ms total 36.485ms
08-05 02:58:15.374 27610 29065 I art     : Starting a blocking GC Explicit
08-05 02:58:15.411 27610 29065 I art     : Explicit concurrent mark sweep GC freed 32(880B) AllocSpace objects, 0(0B) LOS objects, 27% free, 42MB/58MB, paused 1.165ms total 36.830ms
08-05 02:58:15.422 27610 29065 I art     : Starting a blocking GC Explicit
08-05 02:58:15.459 27610 29065 I art     : Explicit concurrent mark sweep GC freed 3(96B) AllocSpace objects, 0(0B) LOS objects, 27% free, 42MB/58MB, paused 1.193ms total 36.873ms
08-05 02:58:15.523 23120 23120 I ServiceManager: Waiting for service AtCmdFwd...
08-05 02:58:15.650 30251 30251 D AndroidRuntime: >>>>>> START com.android.internal.os.RuntimeInit uid 2000 <<<<<<
08-05 02:58:15.655 30251 30251 D AndroidRuntime: CheckJNI is OFF
08-05 02:58:15.686 30251 30251 D ICU     : No timezone override file found: /data/misc/zoneinfo/current/icu/icu_tzdata.dat
08-05 02:58:15.718 30251 30251 I Radio-JNI: register_android_hardware_Radio DONE
08-05 02:58:15.739 30251 30251 D AndroidRuntime: Calling main entry com.android.commands.input.Input
08-05 02:58:15.741 30251 30251 I Input   : injectMotionEvent: MotionEvent { action=ACTION_DOWN, actionButton=0, id[0]=0, x[0]=1372.0, y[0]=384.0, toolType[0]=TOOL_TYPE_UNKNOWN, buttonState=0, metaState=0, flags=0x0, edgeFlags=0x0, pointerCount=1, historySize=0, eventTime=759512154, downTime=759512154, deviceId=0, source=0x1002 }
08-05 02:58:15.747 30251 30251 I Input   : injectMotionEvent: MotionEvent { action=ACTION_UP, actionButton=0, id[0]=0, x[0]=1372.0, y[0]=384.0, toolType[0]=TOOL_TYPE_UNKNOWN, buttonState=0, metaState=0, flags=0x0, edgeFlags=0x0, pointerCount=1, historySize=0, eventTime=759512154, downTime=759512154, deviceId=0, source=0x1002 }
08-05 02:58:15.750 30251 30251 D AndroidRuntime: Shutting down VM
08-05 02:58:15.756 27610 27623 I art     : Starting a blocking GC Explicit
08-05 02:58:15.764   918  6111 I ActivityManager: START u0 {cmp=baseline.de.danoeh.antennapod.debug/baseline.de.danoeh.antennapod.activity.FeedInfoActivity (has extras)} from uid 10691 on display 0
08-05 02:58:15.765   512  2967 D audio_hw_primary: out_set_parameters: enter: usecase(1: low-latency-playback) kvpairs: routing=2
08-05 02:58:15.779   512  2967 D audio_hw_primary: select_devices: out_snd_device(2: speaker) in_snd_device(0: none)
08-05 02:58:15.779   512  2967 D msm8974_platform: platform_send_audio_calibration: sending audio calibration for snd_device(2) acdb_id(15)
08-05 02:58:15.779   512  2967 I soundtrigger: audio_extn_sound_trigger_update_device_status: device 0x2 of type 0 for Event 1
08-05 02:58:15.791   512  2967 D audio_hw_primary: enable_snd_device: snd_device(2: speaker)
08-05 02:58:15.793   512  2967 D audio_hw_primary: enable_audio_route: apply and update mixer path: low-latency-playback speaker
08-05 02:58:15.797 27610 27623 I art     : Explicit concurrent mark sweep GC freed 1596(97KB) AllocSpace objects, 1(20KB) LOS objects, 27% free, 42MB/58MB, paused 1.493ms total 40.956ms
08-05 02:58:15.808 27610 27623 I art     : Starting a blocking GC Explicit
08-05 02:58:15.822 27610 28150 D DBReader: getFeed() called with: feedId = [2]
08-05 02:58:15.823 27610 28150 D DBReader: getFeedItemList() called with: feed = [baseline.de.danoeh.antennapod.core.feed.Feed@2]
08-05 02:58:15.830 27610 27610 D androidx.gridlayout.widget.GridLayout: horizontal constraints: x2-x0>=1328, x2-x1<=0, x1-x0<=242 are inconsistent; permanently removing: x2-x1<=0. 
08-05 02:58:15.830 27610 27610 D androidx.gridlayout.widget.GridLayout: vertical constraints: y3-y2>=80, y3-y2<=66, y2-y1<=94, y1-y0<=94 are inconsistent; permanently removing: y3-y2<=66. 
08-05 02:58:15.846 27610 27623 I art     : Explicit concurrent mark sweep GC freed 3023(151KB) AllocSpace objects, 0(0B) LOS objects, 27% free, 43MB/59MB, paused 1.596ms total 37.541ms
08-05 02:58:15.858 27610 27623 I art     : Starting a blocking GC Explicit
08-05 02:58:15.894   918   936 I ActivityManager: Displayed baseline.de.danoeh.antennapod.debug/baseline.de.danoeh.antennapod.activity.FeedInfoActivity: +115ms
08-05 02:58:15.898 13866 13866 I GoogleInputMethodServic: GoogleInputMethodService.onFinishInput():3138 
08-05 02:58:15.899 13866 13866 I GoogleInputMethodServic: GoogleInputMethodService.onStartInput():1808 
08-05 02:58:15.901 27610 27623 I art     : Explicit concurrent mark sweep GC freed 2112(59KB) AllocSpace objects, 0(0B) LOS objects, 26% free, 44MB/60MB, paused 1.716ms total 42.927ms
08-05 02:58:15.901 27610 28150 W PodDBAdapter: Length of id array is larger than 800. Creating multiple cursors
08-05 02:58:15.913 27610 27623 I art     : Starting a blocking GC Explicit
08-05 02:58:15.916 27610 27631 D OpenGLRenderer: endAllStagingAnimators on 0x7f7eac8400 (RippleDrawable) with handle 0x7f79e84a00
08-05 02:58:15.954 27610 27623 I art     : Explicit concurrent mark sweep GC freed 1526(178KB) AllocSpace objects, 1(16KB) LOS objects, 26% free, 44MB/60MB, paused 1.250ms total 40.686ms
08-05 02:58:15.967 27610 27623 I art     : Starting a blocking GC Explicit
08-05 02:58:15.972 27610 27610 D FeedInfoActivity: Language is en
08-05 02:58:15.972 27610 27610 D FeedInfoActivity: Author is Joe Rogan
08-05 02:58:15.972 27610 27610 D FeedInfoActivity: URL is http://joeroganexp.joerogan.libsynpro.com/rss
08-05 02:58:15.975 27610 28548 D ApOkHttpUrlLoader: buildLoadData() called with: model = [http://static.libsyn.com/p/assets/7/1/f/3/71f3014e14ef2722/JREiTunesImage2.jpg], width = [1440], height = [462]
08-05 02:58:15.983   918  6029 W IntentResolver: resolveIntent: multiple matches, only some with CATEGORY_DEFAULT
08-05 02:58:15.989 27610 27610 D androidx.gridlayout.widget.GridLayout: horizontal constraints: x2-x0>=1328, x2-x1<=232, x1-x0<=242 are inconsistent; permanently removing: x2-x1<=232. 
08-05 02:58:15.989 27610 27610 D androidx.gridlayout.widget.GridLayout: vertical constraints: y3-y2>=80, y3-y2<=66, y2-y1<=94, y1-y0<=94 are inconsistent; permanently removing: y3-y2<=66. 
08-05 02:58:16.011 27610 27623 I art     : Explicit concurrent mark sweep GC freed 7478(193KB) AllocSpace objects, 1(16KB) LOS objects, 25% free, 47MB/63MB, paused 1.187ms total 42.927ms
08-05 02:58:16.128   380   380 W SurfaceFlinger: couldn't log to binary event log: overflow.
08-05 02:58:16.270 27610 27610 D PlaybackController: Releasing PlaybackController
08-05 02:58:16.288 27610 27623 I art     : Starting a blocking GC Explicit
08-05 02:58:16.328 27610 27623 I art     : Explicit concurrent mark sweep GC freed 1949(120KB) AllocSpace objects, 1(20KB) LOS objects, 25% free, 47MB/63MB, paused 1.095ms total 39.185ms
08-05 02:58:16.329   512  2967 D audio_hw_primary: disable_audio_route: reset and update mixer path: low-latency-playback speaker
08-05 02:58:16.330   512  2967 D audio_hw_primary: disable_snd_device: snd_device(2: speaker)
08-05 02:58:16.338   512  2967 I soundtrigger: audio_extn_sound_trigger_update_device_status: device 0x2 of type 0 for Event 0
08-05 02:58:16.340 27610 27623 I art     : Starting a blocking GC Explicit
08-05 02:58:16.381 27610 27623 I art     : Explicit concurrent mark sweep GC freed 217(8KB) AllocSpace objects, 0(0B) LOS objects, 25% free, 47MB/63MB, paused 1.067ms total 40.962ms
08-05 02:58:16.393 27610 27623 I art     : Starting a blocking GC Explicit
08-05 02:58:16.435 27610 27623 I art     : Explicit concurrent mark sweep GC freed 3(96B) AllocSpace objects, 0(0B) LOS objects, 25% free, 47MB/63MB, paused 1.079ms total 41.879ms
08-05 02:58:16.447 27610 27623 I art     : Starting a blocking GC Explicit
08-05 02:58:16.489 27610 27623 I art     : Explicit concurrent mark sweep GC freed 3(96B) AllocSpace objects, 0(0B) LOS objects, 25% free, 47MB/63MB, paused 1.095ms total 42.125ms
08-05 02:58:16.501 27610 27623 I art     : Starting a blocking GC Explicit
08-05 02:58:16.523 23120 23120 I ServiceManager: Waiting for service AtCmdFwd...
08-05 02:58:16.545 27610 27623 I art     : Explicit concurrent mark sweep GC freed 3(96B) AllocSpace objects, 0(0B) LOS objects, 25% free, 47MB/63MB, paused 1.095ms total 43.422ms
08-05 02:58:16.545 27610 27621 I art     : WaitForGcToComplete blocked for 29.844ms for cause HeapTrim
08-05 02:58:16.842 27610 27622 I art     : Starting a blocking GC Explicit
08-05 02:58:16.892 27610 27622 I art     : Explicit concurrent mark sweep GC freed 1372(80KB) AllocSpace objects, 1(20KB) LOS objects, 25% free, 47MB/63MB, paused 1.152ms total 50.067ms
08-05 02:58:16.905 27610 27622 I art     : Starting a blocking GC Explicit
08-05 02:58:16.954 27610 27622 I art     : Explicit concurrent mark sweep GC freed 23(752B) AllocSpace objects, 0(0B) LOS objects, 25% free, 47MB/63MB, paused 1.220ms total 48.580ms
08-05 02:58:16.968 27610 27622 I art     : Starting a blocking GC Explicit
08-05 02:58:17.016 27610 27622 I art     : Explicit concurrent mark sweep GC freed 3(96B) AllocSpace objects, 0(0B) LOS objects, 25% free, 47MB/63MB, paused 1.107ms total 47.689ms
08-05 02:58:17.029 27610 27622 I art     : Starting a blocking GC Explicit
08-05 02:58:17.079 27610 27622 I art     : Explicit concurrent mark sweep GC freed 3(96B) AllocSpace objects, 0(0B) LOS objects, 25% free, 47MB/63MB, paused 1.179ms total 49.610ms
08-05 02:58:17.092 27610 27622 I art     : Starting a blocking GC Explicit
08-05 02:58:17.141 27610 27622 I art     : Explicit concurrent mark sweep GC freed 3(96B) AllocSpace objects, 0(0B) LOS objects, 25% free, 47MB/63MB, paused 1.130ms total 48.433ms
08-05 02:58:17.186   518   646 I ThermalEngine: ACTION: GPU - Setting GPU[0] to 450000000
08-05 02:58:17.458 27610 28549 I art     : Starting a blocking GC Explicit
08-05 02:58:17.515 27610 28549 I art     : Explicit concurrent mark sweep GC freed 1409(81KB) AllocSpace objects, 1(20KB) LOS objects, 25% free, 47MB/63MB, paused 1.320ms total 56.971ms
08-05 02:58:17.524 23120 23120 I ServiceManager: Waiting for service AtCmdFwd...
08-05 02:58:17.531 27610 28549 I art     : Starting a blocking GC Explicit
08-05 02:58:17.585 27610 28549 I art     : Explicit concurrent mark sweep GC freed 31(1008B) AllocSpace objects, 0(0B) LOS objects, 25% free, 47MB/63MB, paused 1.360ms total 54.379ms
08-05 02:58:17.602 27610 28549 I art     : Starting a blocking GC Explicit
08-05 02:58:17.660 27610 28549 I art     : Explicit concurrent mark sweep GC freed 11(352B) AllocSpace objects, 0(0B) LOS objects, 25% free, 47MB/63MB, paused 1.557ms total 57.641ms
08-05 02:58:17.677 27610 28549 I art     : Starting a blocking GC Explicit
08-05 02:58:17.736 27610 28549 I art     : Explicit concurrent mark sweep GC freed 6(192B) AllocSpace objects, 0(0B) LOS objects, 25% free, 47MB/63MB, paused 1.490ms total 59.181ms
08-05 02:58:17.753 27610 28549 I art     : Starting a blocking GC Explicit
08-05 02:58:17.818 27610 28549 I art     : Explicit concurrent mark sweep GC freed 3(96B) AllocSpace objects, 0(0B) LOS objects, 25% free, 47MB/63MB, paused 1.624ms total 64.410ms
08-05 02:58:18.171 27610 27622 I art     : Starting a blocking GC Explicit
08-05 02:58:18.249 27610 27622 I art     : Explicit concurrent mark sweep GC freed 1373(82KB) AllocSpace objects, 1(20KB) LOS objects, 25% free, 47MB/63MB, paused 1.792ms total 77.009ms
08-05 02:58:18.268 27610 27622 I art     : Starting a blocking GC Explicit
08-05 02:58:18.333 27610 27622 I art     : Explicit concurrent mark sweep GC freed 23(752B) AllocSpace objects, 0(0B) LOS objects, 25% free, 47MB/63MB, paused 1.565ms total 64.936ms
08-05 02:58:18.351 27610 27622 I art     : Starting a blocking GC Explicit
08-05 02:58:18.417 27610 27622 I art     : Explicit concurrent mark sweep GC freed 32(880B) AllocSpace objects, 0(0B) LOS objects, 25% free, 47MB/63MB, paused 1.537ms total 66.083ms
08-05 02:58:18.434 27610 27622 I art     : Starting a blocking GC Explicit
08-05 02:58:18.500 27610 27622 I art     : Explicit concurrent mark sweep GC freed 3(96B) AllocSpace objects, 0(0B) LOS objects, 25% free, 47MB/63MB, paused 1.601ms total 65.598ms
08-05 02:58:18.517 27610 27622 I art     : Starting a blocking GC Explicit
08-05 02:58:18.524 23120 23120 I ServiceManager: Waiting for service AtCmdFwd...
08-05 02:58:18.582 27610 27622 I art     : Explicit concurrent mark sweep GC freed 3(96B) AllocSpace objects, 0(0B) LOS objects, 25% free, 47MB/63MB, paused 1.596ms total 64.548ms
08-05 02:58:18.603   918  3261 D WifiStateMachine: starting scan for "H369AA63323"WPA_PSK with 2412,5180
08-05 02:58:18.950 27610 27684 I art     : Starting a blocking GC Explicit
08-05 02:58:19.031 27610 27684 I art     : Explicit concurrent mark sweep GC freed 1373(81KB) AllocSpace objects, 1(20KB) LOS objects, 25% free, 47MB/63MB, paused 1.682ms total 80.034ms
08-05 02:58:19.052 27610 27684 I art     : Starting a blocking GC Explicit
08-05 02:58:19.118 27610 27684 I art     : Explicit concurrent mark sweep GC freed 23(752B) AllocSpace objects, 0(0B) LOS objects, 25% free, 47MB/63MB, paused 1.780ms total 65.378ms
08-05 02:58:19.134 27610 27684 I art     : Starting a blocking GC Explicit
08-05 02:58:19.188   518   646 I ThermalEngine: ACTION: GPU - Setting GPU[0] to 510000000
08-05 02:58:19.198 27610 27684 I art     : Explicit concurrent mark sweep GC freed 3(96B) AllocSpace objects, 0(0B) LOS objects, 25% free, 47MB/63MB, paused 1.640ms total 63.414ms
08-05 02:58:19.215 27610 27684 I art     : Starting a blocking GC Explicit
08-05 02:58:19.269 27610 27684 I art     : Explicit concurrent mark sweep GC freed 3(96B) AllocSpace objects, 0(0B) LOS objects, 25% free, 47MB/63MB, paused 1.174ms total 53.202ms
08-05 02:58:19.282 27610 27684 I art     : Starting a blocking GC Explicit
08-05 02:58:19.332 27610 27684 I art     : Explicit concurrent mark sweep GC freed 3(96B) AllocSpace objects, 0(0B) LOS objects, 25% free, 47MB/63MB, paused 1.148ms total 49.394ms
08-05 02:58:19.525 23120 23120 I ServiceManager: Waiting for service AtCmdFwd...
08-05 02:58:19.623 27610 29065 I art     : Starting a blocking GC Explicit
08-05 02:58:19.669 27610 29065 I art     : Explicit concurrent mark sweep GC freed 2104(107KB) AllocSpace objects, 1(20KB) LOS objects, 25% free, 47MB/63MB, paused 1.176ms total 45.440ms
08-05 02:58:19.681 27610 29065 I art     : Starting a blocking GC Explicit
08-05 02:58:19.728 27610 29065 I art     : Explicit concurrent mark sweep GC freed 23(752B) AllocSpace objects, 0(0B) LOS objects, 25% free, 47MB/63MB, paused 1.222ms total 46.306ms
08-05 02:58:19.741 27610 29065 I art     : Starting a blocking GC Explicit
08-05 02:58:19.789 27610 29065 I art     : Explicit concurrent mark sweep GC freed 11(416B) AllocSpace objects, 0(0B) LOS objects, 25% free, 47MB/63MB, paused 1.153ms total 47.869ms
08-05 02:58:19.802 27610 29065 I art     : Starting a blocking GC Explicit
08-05 02:58:19.849 27610 29065 I art     : Explicit concurrent mark sweep GC freed 3(96B) AllocSpace objects, 0(0B) LOS objects, 25% free, 47MB/63MB, paused 1.124ms total 46.480ms
08-05 02:58:19.862 27610 29065 I art     : Starting a blocking GC Explicit
08-05 02:58:19.911 27610 29065 I art     : Explicit concurrent mark sweep GC freed 3(96B) AllocSpace objects, 0(0B) LOS objects, 25% free, 47MB/63MB, paused 1.245ms total 48.417ms
08-05 02:58:20.191 27610 27622 I art     : Starting a blocking GC Explicit
08-05 02:58:20.240 27610 27622 I art     : Explicit concurrent mark sweep GC freed 2261(112KB) AllocSpace objects, 1(20KB) LOS objects, 25% free, 47MB/63MB, paused 1.293ms total 47.942ms
08-05 02:58:20.253 27610 27622 I art     : Starting a blocking GC Explicit
08-05 02:58:20.297 27610 27622 I art     : Explicit concurrent mark sweep GC freed 23(752B) AllocSpace objects, 0(0B) LOS objects, 25% free, 47MB/63MB, paused 1.124ms total 43.831ms
08-05 02:58:20.310 27610 27622 I art     : Starting a blocking GC Explicit
08-05 02:58:20.357 27610 27622 I art     : Explicit concurrent mark sweep GC freed 3(96B) AllocSpace objects, 0(0B) LOS objects, 25% free, 47MB/63MB, paused 1.158ms total 47.006ms
08-05 02:58:20.370 27610 27622 I art     : Starting a blocking GC Explicit
08-05 02:58:20.415 27610 27622 I art     : Explicit concurrent mark sweep GC freed 32(880B) AllocSpace objects, 0(0B) LOS objects, 25% free, 47MB/63MB, paused 1.121ms total 44.772ms
08-05 02:58:20.428 27610 27622 I art     : Starting a blocking GC Explicit
08-05 02:58:20.448 30335 30335 D AndroidRuntime: >>>>>> START com.android.internal.os.RuntimeInit uid 2000 <<<<<<
08-05 02:58:20.453 30335 30335 D AndroidRuntime: CheckJNI is OFF
08-05 02:58:20.473 27610 27622 I art     : Explicit concurrent mark sweep GC freed 3(96B) AllocSpace objects, 0(0B) LOS objects, 25% free, 47MB/63MB, paused 1.130ms total 45.298ms
08-05 02:58:20.492 30335 30335 D ICU     : No timezone override file found: /data/misc/zoneinfo/current/icu/icu_tzdata.dat
08-05 02:58:20.524 30335 30335 I Radio-JNI: register_android_hardware_Radio DONE
08-05 02:58:20.525 23120 23120 W Atfwd_Sendcmd: AtCmdFwd service not published, waiting... retryCnt : 2
08-05 02:58:20.546 30335 30335 D AndroidRuntime: Calling main entry com.android.commands.input.Input
08-05 02:58:20.548 30335 30335 I Input   : injectKeyEvent: KeyEvent { action=ACTION_DOWN, keyCode=KEYCODE_BACK, scanCode=0, metaState=0, flags=0x0, repeatCount=0, eventTime=759516961, downTime=759516961, deviceId=-1, source=0x101 }
08-05 02:58:20.554 30335 30335 I Input   : injectKeyEvent: KeyEvent { action=ACTION_UP, keyCode=KEYCODE_BACK, scanCode=0, metaState=0, flags=0x0, repeatCount=0, eventTime=759516961, downTime=759516961, deviceId=-1, source=0x101 }
08-05 02:58:20.561 30335 30335 D AndroidRuntime: Shutting down VM
08-05 02:58:20.567 27610 27610 V PlaybackController: initServiceNotRunning()
08-05 02:58:20.568 27610 27610 D ExternalPlayerFragment: Loading media info
08-05 02:58:20.569 27610 27610 D ItemlistFragment: onEventMainThread() called with: event = [DownloadEvent{update=DownloaderUpdate{downloaders=[], feedIds=[], mediaIds=[]}}]
08-05 02:58:20.570 27610 28548 D ApOkHttpUrlLoader: buildLoadData() called with: model = [http://static.libsyn.com/p/assets/7/1/f/3/71f3014e14ef2722/JREiTunesImage2.jpg], width = [1440], height = [462]
08-05 02:58:20.573 27610 27610 D UserPreferences: Using default data folder
08-05 02:58:20.574 27610 28150 D DBReader: getNavDrawerData() called with: 
08-05 02:58:20.574 27610 28151 D DBReader: getFeed() called with: feedId = [2]
08-05 02:58:20.575 27610 28151 D DBReader: getFeedItemList() called with: feed = [baseline.de.danoeh.antennapod.core.feed.Feed@2]
08-05 02:58:20.590 27610 27610 D FeedMenuHandler: Preparing options menu
08-05 02:58:20.596 27610 28150 D DBReader: getDownloadedItems() called
08-05 02:58:20.597 27610 28150 D DBReader: getFavoriteIDList() called
08-05 02:58:20.598 27610 28150 D DBReader: getQueueIDList() called
08-05 02:58:20.598 27610 28150 D DBReader: Extracting Feedlist
08-05 02:58:20.655 27610 28151 W PodDBAdapter: Length of id array is larger than 800. Creating multiple cursors
08-05 02:58:20.657 27610 27610 D MainActivity: getLastNavFragment() -> 2
08-05 02:58:20.662 13866 13866 I GoogleInputMethodServic: GoogleInputMethodService.onFinishInput():3138 
08-05 02:58:20.663 13866 13866 I GoogleInputMethodServic: GoogleInputMethodService.onStartInput():1808 
08-05 02:58:20.721 27610 28151 D DBReader: getFavoriteIDList() called
08-05 02:58:20.722 27610 28151 D DBReader: getQueueIDList() called
08-05 02:58:20.723 27610 28151 D DBReader: Extracting Feedlist
08-05 02:58:20.725 27610 28548 D ApOkHttpUrlLoader: buildLoadData() called with: model = [http://static.libsyn.com/p/assets/7/1/f/3/71f3014e14ef2722/JREiTunesImage2.jpg], width = [1440], height = [462]
08-05 02:58:20.738 27610 27610 D FeedMenuHandler: Preparing options menu
08-05 02:58:20.749 27610 27623 I art     : Starting a blocking GC Explicit
08-05 02:58:20.799 27610 27623 I art     : Explicit concurrent mark sweep GC freed 41680(2MB) AllocSpace objects, 3(52KB) LOS objects, 23% free, 52MB/68MB, paused 1.118ms total 50.138ms
08-05 02:58:20.816 27610 27623 I art     : Starting a blocking GC Explicit
08-05 02:58:20.868 27610 27623 I art     : Explicit concurrent mark sweep GC freed 2434(158KB) AllocSpace objects, 0(0B) LOS objects, 23% free, 52MB/68MB, paused 1.091ms total 51.622ms
08-05 02:58:20.885 27610 27623 I art     : Starting a blocking GC Explicit
08-05 02:58:20.933   380   380 W SurfaceFlinger: couldn't log to binary event log: overflow.
08-05 02:58:20.938 27610 27623 I art     : Explicit concurrent mark sweep GC freed 3(96B) AllocSpace objects, 0(0B) LOS objects, 23% free, 52MB/68MB, paused 1.573ms total 52.615ms
08-05 02:58:20.955 27610 27623 I art     : Starting a blocking GC Explicit
08-05 02:58:20.996 27610 27623 I art     : Explicit concurrent mark sweep GC freed 622(25KB) AllocSpace objects, 0(0B) LOS objects, 23% free, 52MB/68MB, paused 1.062ms total 40.506ms
08-05 02:58:21.009 27610 27623 I art     : Starting a blocking GC Explicit
08-05 02:58:21.052 27610 27623 I art     : Explicit concurrent mark sweep GC freed 120(6KB) AllocSpace objects, 0(0B) LOS objects, 23% free, 52MB/68MB, paused 1.210ms total 43.220ms
08-05 02:58:21.367 27610 27622 I art     : Starting a blocking GC Explicit
08-05 02:58:21.429 27610 27622 I art     : Explicit concurrent mark sweep GC freed 30575(2MB) AllocSpace objects, 4(104KB) LOS objects, 24% free, 50MB/66MB, paused 1.240ms total 61.223ms
08-05 02:58:21.442 27610 27622 I art     : Starting a blocking GC Explicit
08-05 02:58:21.482 27610 27622 I art     : Explicit concurrent mark sweep GC freed 23(752B) AllocSpace objects, 0(0B) LOS objects, 24% free, 50MB/66MB, paused 1.122ms total 40.339ms
08-05 02:58:21.494 27610 27622 I art     : Starting a blocking GC Explicit
08-05 02:58:21.534 27610 27622 I art     : Explicit concurrent mark sweep GC freed 3(96B) AllocSpace objects, 0(0B) LOS objects, 24% free, 50MB/66MB, paused 1.133ms total 39.622ms
08-05 02:58:21.546 27610 27622 I art     : Starting a blocking GC Explicit
08-05 02:58:21.585 27610 27622 I art     : Explicit concurrent mark sweep GC freed 3(96B) AllocSpace objects, 0(0B) LOS objects, 24% free, 50MB/66MB, paused 1.107ms total 38.874ms
08-05 02:58:21.596 27610 27622 I art     : Starting a blocking GC Explicit
08-05 02:58:21.636 27610 27622 I art     : Explicit concurrent mark sweep GC freed 3(96B) AllocSpace objects, 0(0B) LOS objects, 24% free, 50MB/66MB, paused 1.118ms total 39.067ms
08-05 02:58:21.924 27610 29065 I art     : Starting a blocking GC Explicit
08-05 02:58:21.964 27610 29065 I art     : Explicit concurrent mark sweep GC freed 1374(81KB) AllocSpace objects, 1(20KB) LOS objects, 24% free, 50MB/66MB, paused 1.302ms total 39.448ms
08-05 02:58:21.975 27610 29065 I art     : Starting a blocking GC Explicit
08-05 02:58:22.013 27610 29065 I art     : Explicit concurrent mark sweep GC freed 23(752B) AllocSpace objects, 0(0B) LOS objects, 24% free, 50MB/66MB, paused 1.130ms total 37.620ms
08-05 02:58:22.024 27610 29065 I art     : Starting a blocking GC Explicit
08-05 02:58:22.061 27610 29065 I art     : Explicit concurrent mark sweep GC freed 3(96B) AllocSpace objects, 0(0B) LOS objects, 24% free, 50MB/66MB, paused 1.149ms total 36.631ms
08-05 02:58:22.073 27610 29065 I art     : Starting a blocking GC Explicit
08-05 02:58:22.111 27610 29065 I art     : Explicit concurrent mark sweep GC freed 3(96B) AllocSpace objects, 0(0B) LOS objects, 24% free, 50MB/66MB, paused 1.122ms total 37.780ms
08-05 02:58:22.122 27610 29065 I art     : Starting a blocking GC Explicit
08-05 02:58:22.160 27610 29065 I art     : Explicit concurrent mark sweep GC freed 3(96B) AllocSpace objects, 0(0B) LOS objects, 24% free, 50MB/66MB, paused 1.161ms total 37.903ms
08-05 02:58:22.232 30380 30380 D AndroidRuntime: >>>>>> START com.android.internal.os.RuntimeInit uid 2000 <<<<<<
08-05 02:58:22.238 30380 30380 D AndroidRuntime: CheckJNI is OFF
08-05 02:58:22.271 30380 30380 D ICU     : No timezone override file found: /data/misc/zoneinfo/current/icu/icu_tzdata.dat
08-05 02:58:22.306 30380 30380 I Radio-JNI: register_android_hardware_Radio DONE
08-05 02:58:22.327 30380 30380 D AndroidRuntime: Calling main entry com.android.commands.input.Input
08-05 02:58:22.329 30380 30380 I Input   : injectMotionEvent: MotionEvent { action=ACTION_DOWN, actionButton=0, id[0]=0, x[0]=733.0, y[0]=896.0, toolType[0]=TOOL_TYPE_UNKNOWN, buttonState=0, metaState=0, flags=0x0, edgeFlags=0x0, pointerCount=1, historySize=0, eventTime=759518742, downTime=759518742, deviceId=0, source=0x1002 }
08-05 02:58:22.334 30380 30380 I Input   : injectMotionEvent: MotionEvent { action=ACTION_UP, actionButton=0, id[0]=0, x[0]=733.0, y[0]=896.0, toolType[0]=TOOL_TYPE_UNKNOWN, buttonState=0, metaState=0, flags=0x0, edgeFlags=0x0, pointerCount=1, historySize=0, eventTime=759518742, downTime=759518742, deviceId=0, source=0x1002 }
08-05 02:58:22.337 30380 30380 D AndroidRuntime: Shutting down VM
08-05 02:58:22.404   512  2967 D audio_hw_primary: out_set_parameters: enter: usecase(1: low-latency-playback) kvpairs: routing=2
08-05 02:58:22.417   512  2967 D audio_hw_primary: select_devices: out_snd_device(2: speaker) in_snd_device(0: none)
08-05 02:58:22.417   512  2967 D msm8974_platform: platform_send_audio_calibration: sending audio calibration for snd_device(2) acdb_id(15)
08-05 02:58:22.417   512  2967 I soundtrigger: audio_extn_sound_trigger_update_device_status: device 0x2 of type 0 for Event 1
08-05 02:58:22.427   512  2967 D audio_hw_primary: enable_snd_device: snd_device(2: speaker)
08-05 02:58:22.429   512  2967 D audio_hw_primary: enable_audio_route: apply and update mixer path: low-latency-playback speaker
08-05 02:58:22.432 27610 27610 I WebViewFactory: Loading com.google.android.webview version 84.0.4147.89 (code 414708953)
08-05 02:58:22.450 27610 29065 I art     : Starting a blocking GC Explicit
08-05 02:58:22.489 27610 29065 I art     : Explicit concurrent mark sweep GC freed 5387(371KB) AllocSpace objects, 1(20KB) LOS objects, 23% free, 51MB/67MB, paused 1.869ms total 38.427ms
08-05 02:58:22.503 27610 29065 I art     : Starting a blocking GC Explicit
08-05 02:58:22.515 27610 27610 I cr_LibraryLoader: Loaded native library version number "84.0.4147.89"
08-05 02:58:22.516 27610 27610 I cr_CachingUmaRecorder: Flushed 5 samples from 5 histograms.
08-05 02:58:22.541 27610 29065 I art     : Explicit concurrent mark sweep GC freed 1428(199KB) AllocSpace objects, 2(40KB) LOS objects, 23% free, 51MB/67MB, paused 1.607ms total 38.313ms
08-05 02:58:22.552 27610 29065 I art     : Starting a blocking GC Explicit
08-05 02:58:22.558 27610 27610 E chromium: [ERROR:filesystem_posix.cc(62)] mkdir /data/user/0/baseline.de.danoeh.antennapod.debug/cache/WebView/Crashpad: No such file or directory (2)
08-05 02:58:22.590 27610 29065 I art     : Explicit concurrent mark sweep GC freed 1089(108KB) AllocSpace objects, 0(0B) LOS objects, 23% free, 51MB/67MB, paused 1.525ms total 37.963ms
08-05 02:58:22.614 27610 29065 I art     : Starting a blocking GC Explicit
08-05 02:58:22.648   918  4413 D ConnectivityService: listenForNetwork for Listen from uid/pid:10691/27610 for NetworkRequest [ id=3128, legacyType=-1, [ Capabilities: INTERNET&NOT_RESTRICTED&TRUSTED] ]
08-05 02:58:22.656 27610 29065 I art     : Explicit concurrent mark sweep GC freed 810(65KB) AllocSpace objects, 0(0B) LOS objects, 23% free, 51MB/67MB, paused 1.717ms total 41.794ms
08-05 02:58:22.667 27610 29065 I art     : Starting a blocking GC Explicit
08-05 02:58:22.688 27610 27630 D DBReader: getFeedItem() called with: itemId = [2]
08-05 02:58:22.689 27610 27630 D DBReader: Loading feeditem with id 2
08-05 02:58:22.690 27610 27610 D ItemFragment: onEventMainThread() called with: event = [DownloadEvent{update=DownloaderUpdate{downloaders=[], feedIds=[], mediaIds=[]}}]
08-05 02:58:22.691 27610 27630 D DBReader: getFavoriteIDList() called
08-05 02:58:22.691 27610 27630 D DBReader: getQueueIDList() called
08-05 02:58:22.692 27610 27630 D DBReader: Extracting Feedlist
08-05 02:58:22.695 13866 13866 I GoogleInputMethodServic: GoogleInputMethodService.onFinishInput():3138 
08-05 02:58:22.696 13866 13866 I GoogleInputMethodServic: GoogleInputMethodService.onStartInput():1808 
08-05 02:58:22.700 27610 27630 D DBReader: loadExtraInformationOfFeedItem() called with: item = [FeedItem[autoDownload=1,chapters=<null>,contentEncoded=<null>,description=<null>,feed=baseline.de.danoeh.antennapod.core.feed.Feed@9257a75,feedId=2,flattrStatus=baseline.de.danoeh.antennapod.core.util.flattr.FlattrStatus@bc2fa0a,hasChapters=false,imageUrl=http://static.libsyn.com/p/assets/2/7/8/6/278615fe73b1f0ca/JRE1514.jpg,itemIdentifier=a0870b6b-c887-4883-930c-a06d5e1a8f7e,link=http://traffic.libsyn.com/joeroganexp/p1514.mp3,media=baseline.de.danoeh.antennapod.core.feed.FeedMedia@7efb27b,paymentLink=<null>,pubDate=Fri Jul 24 21:00:00 GMT+02:00 2020,state=-1,tags=[],title=#1514 - Joe De Sena,id=2]]
08-05 02:58:22.702 27610 27610 E libEGL  : validate_display:255 error 3008 (EGL_BAD_DISPLAY)
08-05 02:58:22.708 27610 29065 I art     : Explicit concurrent mark sweep GC freed 3638(252KB) AllocSpace objects, 1(68KB) LOS objects, 23% free, 51MB/67MB, paused 2.612ms total 40.844ms
08-05 02:58:22.761   918   935 D BluetoothManagerService: Added callback: android.bluetooth.IBluetoothManagerCallback$Stub$Proxy@bd383dc:true
08-05 02:58:22.766 27610 28548 D ApOkHttpUrlLoader: buildLoadData() called with: model = [http://static.libsyn.com/p/assets/2/7/8/6/278615fe73b1f0ca/JRE1514.jpg], width = [175], height = [175]
08-05 02:58:22.767 27610 28363 D DBReader: getImageAuthentication() called with: imageUrl = [http://static.libsyn.com/p/assets/2/7/8/6/278615fe73b1f0ca/JRE1514.jpg]
08-05 02:58:22.770 27610 28363 D ApOkHttpUrlLoader: no credentials for 'http://static.libsyn.com/p/assets/2/7/8/6/278615fe73b1f0ca/JRE1514.jpg'
08-05 02:58:22.923 27610 28363 D MYTAG   : interceptor 2a
08-05 02:58:22.924 27610 28363 I NAPPA_EXPERIMENTATION: MetricNetworkRequestExecutionTime: REQUEST_DURATION_SYSTEM='152',REQUEST_DURATION_OKHTTP='152',REQUEST_SYNCHRONOUS='TRUE',RESPONSE_CODE='200',RESPONSE_METHOD='GET',RESPONSE_LENGTH_OKHTTP='364960',RESPONSE_LENGTH_HEADER='364960',REQUEST_PROTOCOL='http/1.1',REQUEST_URL='http://static.libsyn.com/p/assets/2/7/8/6/278615fe73b1f0ca/JRE1514.jpg',
08-05 02:58:22.968   512  2967 D audio_hw_primary: disable_audio_route: reset and update mixer path: low-latency-playback speaker
08-05 02:58:22.970   512  2967 D audio_hw_primary: disable_snd_device: snd_device(2: speaker)
08-05 02:58:22.978   512  2967 I soundtrigger: audio_extn_sound_trigger_update_device_status: device 0x2 of type 0 for Event 0
08-05 02:58:23.005 27610 27684 I art     : Starting a blocking GC Explicit
08-05 02:58:23.050 27610 27684 I art     : Explicit concurrent mark sweep GC freed 3533(265KB) AllocSpace objects, 1(20KB) LOS objects, 23% free, 52MB/68MB, paused 1.427ms total 43.890ms
08-05 02:58:23.062 27610 27684 I art     : Starting a blocking GC Explicit
08-05 02:58:23.099 27610 27684 I art     : Explicit concurrent mark sweep GC freed 1145(75KB) AllocSpace objects, 4(112KB) LOS objects, 23% free, 51MB/67MB, paused 1.193ms total 36.970ms
08-05 02:58:23.111 27610 27684 I art     : Starting a blocking GC Explicit
08-05 02:58:23.148 27610 27684 I art     : Explicit concurrent mark sweep GC freed 93(3KB) AllocSpace objects, 0(0B) LOS objects, 23% free, 51MB/67MB, paused 1.150ms total 37.649ms
08-05 02:58:23.159 27610 27684 I art     : Starting a blocking GC Explicit
08-05 02:58:23.197 27610 27684 I art     : Explicit concurrent mark sweep GC freed 18(544B) AllocSpace objects, 0(0B) LOS objects, 23% free, 51MB/67MB, paused 1.190ms total 37.644ms
08-05 02:58:23.208 27610 27684 I art     : Starting a blocking GC Explicit
08-05 02:58:23.251 27610 27684 I art     : Explicit concurrent mark sweep GC freed 9(288B) AllocSpace objects, 0(0B) LOS objects, 23% free, 51MB/67MB, paused 1.104ms total 42.473ms
08-05 02:58:23.588 27610 27622 I art     : Starting a blocking GC Explicit
08-05 02:58:23.637 27610 27622 I art     : Explicit concurrent mark sweep GC freed 1457(83KB) AllocSpace objects, 1(20KB) LOS objects, 23% free, 51MB/67MB, paused 1.113ms total 48.568ms
08-05 02:58:23.650 27610 27622 I art     : Starting a blocking GC Explicit
08-05 02:58:23.688 27610 27622 I art     : Explicit concurrent mark sweep GC freed 29(944B) AllocSpace objects, 0(0B) LOS objects, 23% free, 51MB/67MB, paused 1.229ms total 38.212ms
08-05 02:58:23.700 27610 27622 I art     : Starting a blocking GC Explicit
08-05 02:58:23.741 27610 27622 I art     : Explicit concurrent mark sweep GC freed 10(320B) AllocSpace objects, 0(0B) LOS objects, 23% free, 51MB/67MB, paused 1.086ms total 41.269ms
08-05 02:58:23.754 27610 27622 I art     : Starting a blocking GC Explicit
08-05 02:58:23.795 27610 27622 I art     : Explicit concurrent mark sweep GC freed 10(320B) AllocSpace objects, 0(0B) LOS objects, 23% free, 51MB/67MB, paused 1.269ms total 41.042ms
08-05 02:58:23.808 27610 27622 I art     : Starting a blocking GC Explicit
08-05 02:58:23.850 27610 27622 I art     : Explicit concurrent mark sweep GC freed 8(256B) AllocSpace objects, 0(0B) LOS objects, 23% free, 51MB/67MB, paused 1.286ms total 41.673ms
08-05 02:58:24.201   518   646 I ThermalEngine: ACTION: GPU - Setting GPU[0] to 450000000
08-05 02:58:24.242 27610 27623 I art     : Starting a blocking GC Explicit
08-05 02:58:24.298 27610 27623 I art     : Explicit concurrent mark sweep GC freed 1435(82KB) AllocSpace objects, 1(20KB) LOS objects, 23% free, 51MB/67MB, paused 1.637ms total 54.677ms
08-05 02:58:24.313 27610 27623 I art     : Starting a blocking GC Explicit
08-05 02:58:24.363 27610 27623 I art     : Explicit concurrent mark sweep GC freed 37(1200B) AllocSpace objects, 0(0B) LOS objects, 23% free, 51MB/67MB, paused 1.685ms total 50.038ms
08-05 02:58:24.379 27610 27623 I art     : Starting a blocking GC Explicit
08-05 02:58:24.434 27610 27623 I art     : Explicit concurrent mark sweep GC freed 48(1392B) AllocSpace objects, 0(0B) LOS objects, 23% free, 51MB/67MB, paused 1.724ms total 53.943ms
08-05 02:58:24.450 27610 27623 I art     : Starting a blocking GC Explicit
08-05 02:58:24.505 27610 27623 I art     : Explicit concurrent mark sweep GC freed 19(608B) AllocSpace objects, 0(0B) LOS objects, 23% free, 51MB/67MB, paused 1.503ms total 54.397ms
08-05 02:58:24.521 27610 27623 I art     : Starting a blocking GC Explicit
08-05 02:58:24.575 27610 27623 I art     : Explicit concurrent mark sweep GC freed 21(672B) AllocSpace objects, 0(0B) LOS objects, 23% free, 51MB/67MB, paused 1.512ms total 54.110ms
08-05 02:58:24.968 27610 27622 I art     : Starting a blocking GC Explicit
08-05 02:58:25.032 27610 27622 I art     : Explicit concurrent mark sweep GC freed 1383(82KB) AllocSpace objects, 1(20KB) LOS objects, 23% free, 51MB/67MB, paused 1.696ms total 63.253ms
08-05 02:58:25.047 27610 27622 I art     : Starting a blocking GC Explicit
08-05 02:58:25.106 27610 27622 I art     : Explicit concurrent mark sweep GC freed 23(752B) AllocSpace objects, 0(0B) LOS objects, 23% free, 51MB/67MB, paused 1.624ms total 57.889ms
08-05 02:58:25.121 27610 27622 I art     : Starting a blocking GC Explicit
08-05 02:58:25.181 27610 27622 I art     : Explicit concurrent mark sweep GC freed 3(96B) AllocSpace objects, 0(0B) LOS objects, 23% free, 51MB/67MB, paused 1.821ms total 59.340ms
08-05 02:58:25.200 27610 27622 I art     : Starting a blocking GC Explicit
08-05 02:58:25.257 27610 27622 I art     : Explicit concurrent mark sweep GC freed 3(96B) AllocSpace objects, 0(0B) LOS objects, 23% free, 51MB/67MB, paused 1.652ms total 56.642ms
08-05 02:58:25.272 27610 27622 I art     : Starting a blocking GC Explicit
08-05 02:58:25.333 27610 27622 I art     : Explicit concurrent mark sweep GC freed 3(96B) AllocSpace objects, 0(0B) LOS objects, 23% free, 51MB/67MB, paused 1.791ms total 59.967ms
08-05 02:58:25.733 27610 27684 I art     : Starting a blocking GC Explicit
08-05 02:58:25.803 27610 27684 I art     : Explicit concurrent mark sweep GC freed 1411(81KB) AllocSpace objects, 1(20KB) LOS objects, 23% free, 51MB/67MB, paused 1.823ms total 68.994ms
08-05 02:58:25.822 27610 27684 I art     : Starting a blocking GC Explicit
08-05 02:58:25.877 27610 27684 I art     : Explicit concurrent mark sweep GC freed 23(752B) AllocSpace objects, 0(0B) LOS objects, 23% free, 51MB/67MB, paused 1.782ms total 55.443ms
08-05 02:58:25.893 27610 27684 I art     : Starting a blocking GC Explicit
08-05 02:58:25.953 27610 27684 I art     : Explicit concurrent mark sweep GC freed 3(96B) AllocSpace objects, 0(0B) LOS objects, 23% free, 51MB/67MB, paused 1.678ms total 59.553ms
08-05 02:58:25.968 27610 27684 I art     : Starting a blocking GC Explicit
08-05 02:58:26.026 27610 27684 I art     : Explicit concurrent mark sweep GC freed 3(96B) AllocSpace objects, 0(0B) LOS objects, 23% free, 51MB/67MB, paused 1.680ms total 56.993ms
08-05 02:58:26.041 27610 27684 I art     : Starting a blocking GC Explicit
08-05 02:58:26.100 27610 27684 I art     : Explicit concurrent mark sweep GC freed 3(96B) AllocSpace objects, 0(0B) LOS objects, 23% free, 51MB/67MB, paused 1.780ms total 58.626ms
08-05 02:58:26.495 27610 27623 I art     : Starting a blocking GC Explicit
08-05 02:58:26.569 27610 27623 I art     : Explicit concurrent mark sweep GC freed 1411(83KB) AllocSpace objects, 1(20KB) LOS objects, 23% free, 51MB/67MB, paused 1.771ms total 73.020ms
08-05 02:58:26.590 27610 27623 I art     : Starting a blocking GC Explicit
08-05 02:58:26.639 27610 27623 I art     : Explicit concurrent mark sweep GC freed 23(752B) AllocSpace objects, 0(0B) LOS objects, 23% free, 51MB/67MB, paused 1.691ms total 48.130ms
08-05 02:58:26.654 27610 27623 I art     : Starting a blocking GC Explicit
08-05 02:58:26.704 27610 27623 I art     : Explicit concurrent mark sweep GC freed 3(96B) AllocSpace objects, 0(0B) LOS objects, 23% free, 51MB/67MB, paused 1.637ms total 50.028ms
08-05 02:58:26.720 27610 27623 I art     : Starting a blocking GC Explicit
08-05 02:58:26.774 27610 27623 I art     : Explicit concurrent mark sweep GC freed 3(96B) AllocSpace objects, 0(0B) LOS objects, 23% free, 51MB/67MB, paused 1.826ms total 54.005ms
08-05 02:58:26.790 27610 27623 I art     : Starting a blocking GC Explicit
08-05 02:58:26.846 27610 27623 I art     : Explicit concurrent mark sweep GC freed 3(96B) AllocSpace objects, 0(0B) LOS objects, 23% free, 51MB/67MB, paused 1.674ms total 54.896ms
08-05 02:58:27.124 30509 30509 D AndroidRuntime: >>>>>> START com.android.internal.os.RuntimeInit uid 2000 <<<<<<
08-05 02:58:27.130 30509 30509 D AndroidRuntime: CheckJNI is OFF
08-05 02:58:27.174 30509 30509 D ICU     : No timezone override file found: /data/misc/zoneinfo/current/icu/icu_tzdata.dat
08-05 02:58:27.206 27610 29065 I art     : Starting a blocking GC Explicit
08-05 02:58:27.216 30509 30509 I Radio-JNI: register_android_hardware_Radio DONE
08-05 02:58:27.247 30509 30509 D AndroidRuntime: Calling main entry com.android.commands.input.Input
08-05 02:58:27.249 30509 30509 I Input   : injectKeyEvent: KeyEvent { action=ACTION_DOWN, keyCode=KEYCODE_BACK, scanCode=0, metaState=0, flags=0x0, repeatCount=0, eventTime=759523662, downTime=759523662, deviceId=-1, source=0x101 }
08-05 02:58:27.256 30509 30509 I Input   : injectKeyEvent: KeyEvent { action=ACTION_UP, keyCode=KEYCODE_BACK, scanCode=0, metaState=0, flags=0x0, repeatCount=0, eventTime=759523662, downTime=759523662, deviceId=-1, source=0x101 }
08-05 02:58:27.261 27610 29065 I art     : Explicit concurrent mark sweep GC freed 1391(81KB) AllocSpace objects, 1(20KB) LOS objects, 23% free, 51MB/67MB, paused 1.898ms total 55.170ms
08-05 02:58:27.277 27610 29065 I art     : Starting a blocking GC Explicit
08-05 02:58:27.282 27610 27610 D ItemlistFragment: onEventMainThread() called with: event = [DownloadEvent{update=DownloaderUpdate{downloaders=[], feedIds=[], mediaIds=[]}}]
08-05 02:58:27.284 27610 28150 D DBReader: getFeed() called with: feedId = [2]
08-05 02:58:27.284 30509 30509 D AndroidRuntime: Shutting down VM
08-05 02:58:27.285 27610 28150 D DBReader: getFeedItemList() called with: feed = [baseline.de.danoeh.antennapod.core.feed.Feed@2]
08-05 02:58:27.285   918  3263 D ConnectivityService: releasing NetworkRequest NetworkRequest [ id=3128, legacyType=-1, [ Capabilities: INTERNET&NOT_RESTRICTED&TRUSTED] ]
08-05 02:58:27.311 27610 27610 D FeedMenuHandler: Preparing options menu
08-05 02:58:27.329 27610 29065 I art     : Explicit concurrent mark sweep GC freed 2732(111KB) AllocSpace objects, 0(0B) LOS objects, 23% free, 52MB/68MB, paused 2.651ms total 52.228ms
08-05 02:58:27.343 27610 29065 I art     : Starting a blocking GC Explicit
08-05 02:58:27.379 27610 28548 D ApOkHttpUrlLoader: buildLoadData() called with: model = [http://static.libsyn.com/p/assets/7/1/f/3/71f3014e14ef2722/JREiTunesImage2.jpg], width = [1440], height = [462]
08-05 02:58:27.389 27610 28150 W PodDBAdapter: Length of id array is larger than 800. Creating multiple cursors
08-05 02:58:27.402 27610 29065 I art     : Explicit concurrent mark sweep GC freed 7703(492KB) AllocSpace objects, 4(2MB) LOS objects, 23% free, 53MB/69MB, paused 2.385ms total 58.191ms
08-05 02:58:27.402 13866 13866 I GoogleInputMethodServic: GoogleInputMethodService.onFinishInput():3138 
08-05 02:58:27.403 13866 13866 I GoogleInputMethodServic: GoogleInputMethodService.onStartInput():1808 
08-05 02:58:27.418 27610 29065 I art     : Starting a blocking GC Explicit
08-05 02:58:27.470 27610 29065 I art     : Explicit concurrent mark sweep GC freed 1919(124KB) AllocSpace objects, 4(236KB) LOS objects, 23% free, 53MB/69MB, paused 1.783ms total 51.544ms
08-05 02:58:27.481 27610 28150 D DBReader: getFavoriteIDList() called
08-05 02:58:27.482 27610 28150 D DBReader: getQueueIDList() called
08-05 02:58:27.483 27610 28150 D DBReader: Extracting Feedlist
08-05 02:58:27.486 27610 29065 I art     : Starting a blocking GC Explicit
08-05 02:58:27.489 27610 28548 D ApOkHttpUrlLoader: buildLoadData() called with: model = [http://static.libsyn.com/p/assets/7/1/f/3/71f3014e14ef2722/JREiTunesImage2.jpg], width = [1440], height = [462]
08-05 02:58:27.500 27610 27610 D FeedMenuHandler: Preparing options menu
08-05 02:58:27.539 27610 29065 I art     : Explicit concurrent mark sweep GC freed 34502(2MB) AllocSpace objects, 1(16KB) LOS objects, 22% free, 54MB/70MB, paused 1.785ms total 52.409ms
08-05 02:58:27.885 27610 28549 I art     : Starting a blocking GC Explicit
08-05 02:58:27.942 27610 28549 I art     : Explicit concurrent mark sweep GC freed 2208(132KB) AllocSpace objects, 1(20KB) LOS objects, 22% free, 54MB/70MB, paused 1.751ms total 57.056ms
08-05 02:58:27.961 27610 28549 I art     : Starting a blocking GC Explicit
08-05 02:58:28.013 27610 28549 I art     : Explicit concurrent mark sweep GC freed 690(45KB) AllocSpace objects, 0(0B) LOS objects, 22% free, 54MB/70MB, paused 1.580ms total 51.603ms
08-05 02:58:28.028 27610 28549 I art     : Starting a blocking GC Explicit
08-05 02:58:28.082 27610 28549 I art     : Explicit concurrent mark sweep GC freed 18(912B) AllocSpace objects, 0(0B) LOS objects, 22% free, 54MB/70MB, paused 1.570ms total 53.094ms
08-05 02:58:28.097 27610 28549 I art     : Starting a blocking GC Explicit
08-05 02:58:28.149 27610 28549 I art     : Explicit concurrent mark sweep GC freed 3(96B) AllocSpace objects, 0(0B) LOS objects, 22% free, 54MB/70MB, paused 1.650ms total 51.942ms
08-05 02:58:28.164 27610 28549 I art     : Starting a blocking GC Explicit
08-05 02:58:28.207   518   646 I ThermalEngine: ACTION: GPU - Setting GPU[0] to 510000000
08-05 02:58:28.215 27610 28549 I art     : Explicit concurrent mark sweep GC freed 3(96B) AllocSpace objects, 0(0B) LOS objects, 22% free, 54MB/70MB, paused 1.483ms total 50.710ms
08-05 02:58:28.541 27610 27684 I art     : Starting a blocking GC Explicit
08-05 02:58:28.583 27610 27684 I art     : Explicit concurrent mark sweep GC freed 1411(83KB) AllocSpace objects, 1(20KB) LOS objects, 22% free, 54MB/70MB, paused 1.175ms total 41.466ms
08-05 02:58:28.595 27610 27684 I art     : Starting a blocking GC Explicit
08-05 02:58:28.635 27610 27684 I art     : Explicit concurrent mark sweep GC freed 101(7KB) AllocSpace objects, 0(0B) LOS objects, 22% free, 54MB/70MB, paused 1.110ms total 39.776ms
08-05 02:58:28.646 27610 27684 I art     : Starting a blocking GC Explicit
08-05 02:58:28.686 27610 27684 I art     : Explicit concurrent mark sweep GC freed 42(2352B) AllocSpace objects, 0(0B) LOS objects, 22% free, 54MB/70MB, paused 1.096ms total 39.502ms
08-05 02:58:28.697 27610 27684 I art     : Starting a blocking GC Explicit
08-05 02:58:28.737 27610 27684 I art     : Explicit concurrent mark sweep GC freed 3(96B) AllocSpace objects, 0(0B) LOS objects, 22% free, 54MB/70MB, paused 1.147ms total 39.651ms
08-05 02:58:28.749 27610 27684 I art     : Starting a blocking GC Explicit
08-05 02:58:28.788 27610 27684 I art     : Explicit concurrent mark sweep GC freed 3(96B) AllocSpace objects, 0(0B) LOS objects, 22% free, 54MB/70MB, paused 1.140ms total 39.296ms
08-05 02:58:28.946 30556 30556 D AndroidRuntime: >>>>>> START com.android.internal.os.RuntimeInit uid 2000 <<<<<<
08-05 02:58:28.951 30556 30556 D AndroidRuntime: CheckJNI is OFF
08-05 02:58:28.984 30556 30556 D ICU     : No timezone override file found: /data/misc/zoneinfo/current/icu/icu_tzdata.dat
08-05 02:58:29.015 30556 30556 I Radio-JNI: register_android_hardware_Radio DONE
08-05 02:58:29.037 30556 30556 D AndroidRuntime: Calling main entry com.android.commands.input.Input
08-05 02:58:29.038 30556 30556 I Input   : injectMotionEvent: MotionEvent { action=ACTION_DOWN, actionButton=0, id[0]=0, x[0]=103.0, y[0]=192.0, toolType[0]=TOOL_TYPE_UNKNOWN, buttonState=0, metaState=0, flags=0x0, edgeFlags=0x0, pointerCount=1, historySize=0, eventTime=759525451, downTime=759525451, deviceId=0, source=0x1002 }
08-05 02:58:29.042 30556 30556 I Input   : injectMotionEvent: MotionEvent { action=ACTION_UP, actionButton=0, id[0]=0, x[0]=103.0, y[0]=192.0, toolType[0]=TOOL_TYPE_UNKNOWN, buttonState=0, metaState=0, flags=0x0, edgeFlags=0x0, pointerCount=1, historySize=0, eventTime=759525451, downTime=759525451, deviceId=0, source=0x1002 }
08-05 02:58:29.044 30556 30556 D AndroidRuntime: Shutting down VM
08-05 02:58:29.062   512  2967 D audio_hw_primary: out_set_parameters: enter: usecase(1: low-latency-playback) kvpairs: routing=2
08-05 02:58:29.075   512  2967 D audio_hw_primary: select_devices: out_snd_device(2: speaker) in_snd_device(0: none)
08-05 02:58:29.075   512  2967 D msm8974_platform: platform_send_audio_calibration: sending audio calibration for snd_device(2) acdb_id(15)
08-05 02:58:29.075   512  2967 I soundtrigger: audio_extn_sound_trigger_update_device_status: device 0x2 of type 0 for Event 1
08-05 02:58:29.085   512  2967 D audio_hw_primary: enable_snd_device: snd_device(2: speaker)
08-05 02:58:29.087   512  2967 D audio_hw_primary: enable_audio_route: apply and update mixer path: low-latency-playback speaker
08-05 02:58:29.113 27610 28549 I art     : Starting a blocking GC Explicit
08-05 02:58:29.152 27610 28549 I art     : Explicit concurrent mark sweep GC freed 1832(104KB) AllocSpace objects, 1(20KB) LOS objects, 22% free, 54MB/70MB, paused 1.041ms total 39.145ms
08-05 02:58:29.165 27610 28549 I art     : Starting a blocking GC Explicit
08-05 02:58:29.203 27610 28549 I art     : Explicit concurrent mark sweep GC freed 35(1296B) AllocSpace objects, 0(0B) LOS objects, 22% free, 54MB/70MB, paused 976us total 38.078ms
08-05 02:58:29.215 27610 28549 I art     : Starting a blocking GC Explicit
08-05 02:58:29.254 27610 28549 I art     : Explicit concurrent mark sweep GC freed 3(96B) AllocSpace objects, 0(0B) LOS objects, 22% free, 54MB/70MB, paused 1.270ms total 39.385ms
08-05 02:58:29.267 27610 28549 I art     : Starting a blocking GC Explicit
08-05 02:58:29.304 27610 28549 I art     : Explicit concurrent mark sweep GC freed 5(160B) AllocSpace objects, 0(0B) LOS objects, 22% free, 54MB/70MB, paused 983us total 37.009ms
08-05 02:58:29.315 27610 28549 I art     : Starting a blocking GC Explicit
08-05 02:58:29.352 27610 28549 I art     : Explicit concurrent mark sweep GC freed 3(96B) AllocSpace objects, 0(0B) LOS objects, 22% free, 54MB/70MB, paused 1.001ms total 36.205ms
08-05 02:58:29.619   512  2967 D audio_hw_primary: disable_audio_route: reset and update mixer path: low-latency-playback speaker
08-05 02:58:29.620   512  2967 D audio_hw_primary: disable_snd_device: snd_device(2: speaker)
08-05 02:58:29.629   512  2967 I soundtrigger: audio_extn_sound_trigger_update_device_status: device 0x2 of type 0 for Event 0
08-05 02:58:29.644 27610 27623 I art     : Starting a blocking GC Explicit
08-05 02:58:29.687 27610 27623 I art     : Explicit concurrent mark sweep GC freed 2131(108KB) AllocSpace objects, 1(20KB) LOS objects, 22% free, 54MB/70MB, paused 1.115ms total 42.804ms
08-05 02:58:29.699 27610 27623 I art     : Starting a blocking GC Explicit
08-05 02:58:29.739 27610 27623 I art     : Explicit concurrent mark sweep GC freed 39(1264B) AllocSpace objects, 0(0B) LOS objects, 22% free, 54MB/70MB, paused 1.115ms total 40.070ms
08-05 02:58:29.751 27610 27623 I art     : Starting a blocking GC Explicit
08-05 02:58:29.793 27610 27623 I art     : Explicit concurrent mark sweep GC freed 5(160B) AllocSpace objects, 0(0B) LOS objects, 22% free, 54MB/70MB, paused 1.197ms total 41.604ms
08-05 02:58:29.805 27610 27623 I art     : Starting a blocking GC Explicit
08-05 02:58:29.848 27610 27623 I art     : Explicit concurrent mark sweep GC freed 3(96B) AllocSpace objects, 0(0B) LOS objects, 22% free, 54MB/70MB, paused 1.212ms total 42.541ms
08-05 02:58:29.860 27610 27623 I art     : Starting a blocking GC Explicit
08-05 02:58:29.903 27610 27623 I art     : Explicit concurrent mark sweep GC freed 3(96B) AllocSpace objects, 0(0B) LOS objects, 22% free, 54MB/70MB, paused 1.168ms total 42.656ms
08-05 02:58:30.238 27610 29065 I art     : Starting a blocking GC Explicit
08-05 02:58:30.291 27610 29065 I art     : Explicit concurrent mark sweep GC freed 2270(113KB) AllocSpace objects, 1(20KB) LOS objects, 22% free, 54MB/70MB, paused 1.049ms total 52.332ms
08-05 02:58:30.303 27610 29065 I art     : Starting a blocking GC Explicit
08-05 02:58:30.343 27610 29065 I art     : Explicit concurrent mark sweep GC freed 23(752B) AllocSpace objects, 0(0B) LOS objects, 22% free, 54MB/70MB, paused 1.089ms total 39.724ms
08-05 02:58:30.354 27610 29065 I art     : Starting a blocking GC Explicit
08-05 02:58:30.393 27610 29065 I art     : Explicit concurrent mark sweep GC freed 32(880B) AllocSpace objects, 0(0B) LOS objects, 22% free, 54MB/70MB, paused 1.166ms total 39.403ms
08-05 02:58:30.405 27610 29065 I art     : Starting a blocking GC Explicit
08-05 02:58:30.445 27610 29065 I art     : Explicit concurrent mark sweep GC freed 3(96B) AllocSpace objects, 0(0B) LOS objects, 22% free, 54MB/70MB, paused 1.105ms total 39.949ms
08-05 02:58:30.456 27610 29065 I art     : Starting a blocking GC Explicit
08-05 02:58:30.496 27610 29065 I art     : Explicit concurrent mark sweep GC freed 3(96B) AllocSpace objects, 0(0B) LOS objects, 22% free, 54MB/70MB, paused 1.100ms total 39.709ms
08-05 02:58:30.526 23120 23120 I ServiceManager: Waiting for service AtCmdFwd...
08-05 02:58:30.705 30599 30599 D AndroidRuntime: >>>>>> START com.android.internal.os.RuntimeInit uid 2000 <<<<<<
08-05 02:58:30.710 30599 30599 D AndroidRuntime: CheckJNI is OFF
08-05 02:58:30.742 30599 30599 D ICU     : No timezone override file found: /data/misc/zoneinfo/current/icu/icu_tzdata.dat
08-05 02:58:30.773 30599 30599 I Radio-JNI: register_android_hardware_Radio DONE
08-05 02:58:30.794 30599 30599 D AndroidRuntime: Calling main entry com.android.commands.input.Input
08-05 02:58:30.796 30599 30599 I Input   : injectMotionEvent: MotionEvent { action=ACTION_DOWN, actionButton=0, id[0]=0, x[0]=409.0, y[0]=1034.0, toolType[0]=TOOL_TYPE_UNKNOWN, buttonState=0, metaState=0, flags=0x0, edgeFlags=0x0, pointerCount=1, historySize=0, eventTime=759527209, downTime=759527209, deviceId=0, source=0x1002 }
08-05 02:58:30.802 30599 30599 I Input   : injectMotionEvent: MotionEvent { action=ACTION_UP, actionButton=0, id[0]=0, x[0]=409.0, y[0]=1034.0, toolType[0]=TOOL_TYPE_UNKNOWN, buttonState=0, metaState=0, flags=0x0, edgeFlags=0x0, pointerCount=1, historySize=0, eventTime=759527209, downTime=759527209, deviceId=0, source=0x1002 }
08-05 02:58:30.804 30599 30599 D AndroidRuntime: Shutting down VM
08-05 02:58:30.810 27610 27622 I art     : Starting a blocking GC Explicit
08-05 02:58:30.848 27610 27622 I art     : Explicit concurrent mark sweep GC freed 1438(84KB) AllocSpace objects, 1(20KB) LOS objects, 22% free, 54MB/70MB, paused 1.266ms total 38.204ms
08-05 02:58:30.859 27610 27622 I art     : Starting a blocking GC Explicit
08-05 02:58:30.879 27610 27610 D MainActivity: loadFragment(index: 5, args: null)
08-05 02:58:30.879 27610 27610 D MainActivity: loadFragment(tag: AddFeedFragment, args: null)
08-05 02:58:30.879 27610 27610 D MainActivity: saveLastNavFragment(tag: AddFeedFragment)
08-05 02:58:30.879 27610 27610 D MainActivity: getLastNavFragment() -> AddFeedFragment
08-05 02:58:30.881   512  2967 D audio_hw_primary: out_set_parameters: enter: usecase(1: low-latency-playback) kvpairs: routing=2
08-05 02:58:30.894   512  2967 D audio_hw_primary: select_devices: out_snd_device(2: speaker) in_snd_device(0: none)
08-05 02:58:30.894   512  2967 D msm8974_platform: platform_send_audio_calibration: sending audio calibration for snd_device(2) acdb_id(15)
08-05 02:58:30.895   512  2967 I soundtrigger: audio_extn_sound_trigger_update_device_status: device 0x2 of type 0 for Event 1
08-05 02:58:30.898 27610 27622 I art     : Explicit concurrent mark sweep GC freed 123(18KB) AllocSpace objects, 1(20KB) LOS objects, 22% free, 54MB/70MB, paused 1.383ms total 38.568ms
08-05 02:58:30.904   512  2967 D audio_hw_primary: enable_snd_device: snd_device(2: speaker)
08-05 02:58:30.906   512  2967 D audio_hw_primary: enable_audio_route: apply and update mixer path: low-latency-playback speaker
08-05 02:58:30.909 27610 27622 I art     : Starting a blocking GC Explicit
08-05 02:58:30.922 13866 13866 I GoogleInputMethodServic: GoogleInputMethodService.onFinishInput():3138 
08-05 02:58:30.923 13866 13866 I GoogleInputMethodServic: GoogleInputMethodService.onStartInput():1808 
08-05 02:58:30.948 27610 27622 I art     : Explicit concurrent mark sweep GC freed 2173(94KB) AllocSpace objects, 0(0B) LOS objects, 22% free, 54MB/70MB, paused 1.402ms total 38.691ms
08-05 02:58:30.958 27610 27622 I art     : Starting a blocking GC Explicit
08-05 02:58:30.996 27610 27622 I art     : Explicit concurrent mark sweep GC freed 344(20KB) AllocSpace objects, 0(0B) LOS objects, 22% free, 54MB/70MB, paused 974us total 37.618ms
08-05 02:58:31.007 27610 27622 I art     : Starting a blocking GC Explicit
08-05 02:58:31.039 27610 27622 I art     : Explicit concurrent mark sweep GC freed 31149(2MB) AllocSpace objects, 9(3MB) LOS objects, 24% free, 48MB/64MB, paused 972us total 32.161ms
08-05 02:58:31.214   518   646 I ThermalEngine: ACTION: GPU - Setting GPU[0] to 450000000
08-05 02:58:31.324 13866 13866 I GoogleInputMethodServic: GoogleInputMethodService.onFinishInput():3138 
08-05 02:58:31.326 13866 13866 I GoogleInputMethodServic: GoogleInputMethodService.onStartInput():1808 
08-05 02:58:31.373 27610 28549 I art     : Starting a blocking GC Explicit
08-05 02:58:31.414 27610 28549 I art     : Explicit concurrent mark sweep GC freed 1689(94KB) AllocSpace objects, 1(20KB) LOS objects, 24% free, 48MB/64MB, paused 1.348ms total 40.008ms
08-05 02:58:31.428 27610 28549 I art     : Starting a blocking GC Explicit
08-05 02:58:31.450   512  2967 D audio_hw_primary: disable_audio_route: reset and update mixer path: low-latency-playback speaker
08-05 02:58:31.451   512  2967 D audio_hw_primary: disable_snd_device: snd_device(2: speaker)
08-05 02:58:31.461   512  2967 I soundtrigger: audio_extn_sound_trigger_update_device_status: device 0x2 of type 0 for Event 0
08-05 02:58:31.468 27610 28549 I art     : Explicit concurrent mark sweep GC freed 120(6KB) AllocSpace objects, 0(0B) LOS objects, 24% free, 48MB/64MB, paused 1.409ms total 40.263ms
08-05 02:58:31.481 27610 28549 I art     : Starting a blocking GC Explicit
08-05 02:58:31.520 27610 28549 I art     : Explicit concurrent mark sweep GC freed 3(96B) AllocSpace objects, 0(0B) LOS objects, 24% free, 48MB/64MB, paused 1.296ms total 38.501ms
08-05 02:58:31.526 23120 23120 I ServiceManager: Waiting for service AtCmdFwd...
08-05 02:58:31.533 27610 28549 I art     : Starting a blocking GC Explicit
08-05 02:58:31.572 27610 28549 I art     : Explicit concurrent mark sweep GC freed 3(96B) AllocSpace objects, 0(0B) LOS objects, 24% free, 48MB/64MB, paused 1.304ms total 38.449ms
08-05 02:58:31.585 27610 28549 I art     : Starting a blocking GC Explicit
08-05 02:58:31.624 27610 28549 I art     : Explicit concurrent mark sweep GC freed 5(160B) AllocSpace objects, 0(0B) LOS objects, 24% free, 48MB/64MB, paused 1.363ms total 38.876ms
08-05 02:58:31.980 27610 27623 I art     : Starting a blocking GC Explicit
08-05 02:58:32.030 27610 27623 I art     : Explicit concurrent mark sweep GC freed 1380(81KB) AllocSpace objects, 1(20KB) LOS objects, 24% free, 48MB/64MB, paused 1.683ms total 48.906ms
08-05 02:58:32.043 27610 27623 I art     : Starting a blocking GC Explicit
08-05 02:58:32.080 27610 27623 I art     : Explicit concurrent mark sweep GC freed 25(816B) AllocSpace objects, 0(0B) LOS objects, 24% free, 48MB/64MB, paused 1.402ms total 36.434ms
08-05 02:58:32.092 27610 27623 I art     : Starting a blocking GC Explicit
08-05 02:58:32.131 27610 27623 I art     : Explicit concurrent mark sweep GC freed 3(96B) AllocSpace objects, 0(0B) LOS objects, 24% free, 48MB/64MB, paused 1.437ms total 38.546ms
08-05 02:58:32.144 27610 27623 I art     : Starting a blocking GC Explicit
08-05 02:58:32.183 27610 27623 I art     : Explicit concurrent mark sweep GC freed 3(96B) AllocSpace objects, 0(0B) LOS objects, 24% free, 48MB/64MB, paused 1.429ms total 38.571ms
08-05 02:58:32.195 27610 27623 I art     : Starting a blocking GC Explicit
08-05 02:58:32.235 27610 27623 I art     : Explicit concurrent mark sweep GC freed 3(96B) AllocSpace objects, 0(0B) LOS objects, 24% free, 48MB/64MB, paused 1.459ms total 39.336ms
08-05 02:58:32.527 23120 23120 I ServiceManager: Waiting for service AtCmdFwd...
08-05 02:58:32.564 27610 27684 I art     : Starting a blocking GC Explicit
08-05 02:58:32.572 30643 30643 D AndroidRuntime: >>>>>> START com.android.internal.os.RuntimeInit uid 2000 <<<<<<
08-05 02:58:32.578 30643 30643 D AndroidRuntime: CheckJNI is OFF
08-05 02:58:32.603 27610 27684 I art     : Explicit concurrent mark sweep GC freed 1419(82KB) AllocSpace objects, 1(20KB) LOS objects, 24% free, 48MB/64MB, paused 1.402ms total 38.498ms
08-05 02:58:32.615 27610 27684 I art     : Starting a blocking GC Explicit
08-05 02:58:32.623 30643 30643 D ICU     : No timezone override file found: /data/misc/zoneinfo/current/icu/icu_tzdata.dat
08-05 02:58:32.652 27610 27684 I art     : Explicit concurrent mark sweep GC freed 28(912B) AllocSpace objects, 0(0B) LOS objects, 24% free, 48MB/64MB, paused 1.378ms total 36.709ms
08-05 02:58:32.664 27610 27684 I art     : Starting a blocking GC Explicit
08-05 02:58:32.666 30643 30643 I Radio-JNI: register_android_hardware_Radio DONE
08-05 02:58:32.695 30643 30643 D AndroidRuntime: Calling main entry com.android.commands.input.Input
08-05 02:58:32.698 30643 30643 I Input   : injectMotionEvent: MotionEvent { action=ACTION_DOWN, actionButton=0, id[0]=0, x[0]=603.0, y[0]=1061.0, toolType[0]=TOOL_TYPE_UNKNOWN, buttonState=0, metaState=0, flags=0x0, edgeFlags=0x0, pointerCount=1, historySize=0, eventTime=759529110, downTime=759529110, deviceId=0, source=0x1002 }
08-05 02:58:32.702 27610 27684 I art     : Explicit concurrent mark sweep GC freed 10(320B) AllocSpace objects, 0(0B) LOS objects, 24% free, 48MB/64MB, paused 1.635ms total 37.858ms
08-05 02:58:32.703 30643 30643 I Input   : injectMotionEvent: MotionEvent { action=ACTION_UP, actionButton=0, id[0]=0, x[0]=603.0, y[0]=1061.0, toolType[0]=TOOL_TYPE_UNKNOWN, buttonState=0, metaState=0, flags=0x0, edgeFlags=0x0, pointerCount=1, historySize=0, eventTime=759529110, downTime=759529110, deviceId=0, source=0x1002 }
08-05 02:58:32.706 30643 30643 D AndroidRuntime: Shutting down VM
08-05 02:58:32.715 27610 27684 I art     : Starting a blocking GC Explicit
08-05 02:58:32.720   512  2967 D audio_hw_primary: out_set_parameters: enter: usecase(1: low-latency-playback) kvpairs: routing=2
08-05 02:58:32.733   512  2967 D audio_hw_primary: select_devices: out_snd_device(2: speaker) in_snd_device(0: none)
08-05 02:58:32.733   512  2967 D msm8974_platform: platform_send_audio_calibration: sending audio calibration for snd_device(2) acdb_id(15)
08-05 02:58:32.734   512  2967 I soundtrigger: audio_extn_sound_trigger_update_device_status: device 0x2 of type 0 for Event 1
08-05 02:58:32.743   512  2967 D audio_hw_primary: enable_snd_device: snd_device(2: speaker)
08-05 02:58:32.745   512  2967 D audio_hw_primary: enable_audio_route: apply and update mixer path: low-latency-playback speaker
08-05 02:58:32.756 27610 27684 I art     : Explicit concurrent mark sweep GC freed 602(61KB) AllocSpace objects, 0(0B) LOS objects, 24% free, 49MB/65MB, paused 2.423ms total 40.852ms
08-05 02:58:32.767 27610 27684 I art     : Starting a blocking GC Explicit
08-05 02:58:32.796 13866 13866 I GoogleInputMethodServic: GoogleInputMethodService.onFinishInput():3138 
08-05 02:58:32.797 13866 13866 I GoogleInputMethodServic: GoogleInputMethodService.onStartInput():1808 
08-05 02:58:32.810 27610 27684 I art     : Explicit concurrent mark sweep GC freed 1393(133KB) AllocSpace objects, 0(0B) LOS objects, 24% free, 49MB/65MB, paused 2.365ms total 42.020ms
08-05 02:58:33.140 27610 29065 I art     : Starting a blocking GC Explicit
08-05 02:58:33.184 27610 29065 I art     : Explicit concurrent mark sweep GC freed 3121(158KB) AllocSpace objects, 1(20KB) LOS objects, 24% free, 49MB/65MB, paused 1.570ms total 43.737ms
08-05 02:58:33.197 27610 29065 I art     : Starting a blocking GC Explicit
08-05 02:58:33.237 27610 29065 I art     : Explicit concurrent mark sweep GC freed 1698(84KB) AllocSpace objects, 1(220KB) LOS objects, 24% free, 49MB/65MB, paused 1.584ms total 40.187ms
08-05 02:58:33.250 27610 29065 I art     : Starting a blocking GC Explicit
08-05 02:58:33.289 27610 29065 I art     : Explicit concurrent mark sweep GC freed 35(1344B) AllocSpace objects, 0(0B) LOS objects, 24% free, 49MB/65MB, paused 1.603ms total 38.840ms
08-05 02:58:33.290   512  2967 D audio_hw_primary: disable_audio_route: reset and update mixer path: low-latency-playback speaker
08-05 02:58:33.291   512  2967 D audio_hw_primary: disable_snd_device: snd_device(2: speaker)
08-05 02:58:33.299   512  2967 I soundtrigger: audio_extn_sound_trigger_update_device_status: device 0x2 of type 0 for Event 0
08-05 02:58:33.301 27610 29065 I art     : Starting a blocking GC Explicit
08-05 02:58:33.341 27610 29065 I art     : Explicit concurrent mark sweep GC freed 37(1376B) AllocSpace objects, 0(0B) LOS objects, 24% free, 49MB/65MB, paused 1.583ms total 39.647ms
08-05 02:58:33.353 27610 29065 I art     : Starting a blocking GC Explicit
08-05 02:58:33.394 27610 29065 I art     : Explicit concurrent mark sweep GC freed 62(2032B) AllocSpace objects, 0(0B) LOS objects, 24% free, 49MB/65MB, paused 1.740ms total 40.203ms
08-05 02:58:33.528 23120 23120 I ServiceManager: Waiting for service AtCmdFwd...
08-05 02:58:33.585 27610 30668 I NAPPA_EXPERIMENTATION: MetricNetworkRequestExecutionTime: REQUEST_DURATION_SYSTEM='799',REQUEST_DURATION_OKHTTP='38',REQUEST_SYNCHRONOUS='TRUE',RESPONSE_CODE='200',RESPONSE_METHOD='GET',RESPONSE_LENGTH_OKHTTP='2923',RESPONSE_LENGTH_HEADER='2923',REQUEST_PROTOCOL='http/1.1',REQUEST_URL='https://gpodder.net/api/2/tags/50.json',
08-05 02:58:33.619 27610 30667 I NAPPA_EXPERIMENTATION: MetricNetworkRequestExecutionTime: REQUEST_DURATION_SYSTEM='836',REQUEST_DURATION_OKHTTP='67',REQUEST_SYNCHRONOUS='TRUE',RESPONSE_CODE='200',RESPONSE_METHOD='GET',RESPONSE_LENGTH_OKHTTP='37507',RESPONSE_LENGTH_HEADER='37507',REQUEST_PROTOCOL='http/1.1',REQUEST_URL='https://gpodder.net/toplist/50.json',
08-05 02:58:33.670 27610 28548 D ApOkHttpUrlLoader: buildLoadData() called with: model = [http://sixgun.org/files/linuxoutlaws.jpg], width = [224], height = [224]
08-05 02:58:33.672 27610 28363 D DBReader: getImageAuthentication() called with: imageUrl = [http://sixgun.org/files/linuxoutlaws.jpg]
08-05 02:58:33.676 27610 28363 D ApOkHttpUrlLoader: no credentials for 'http://sixgun.org/files/linuxoutlaws.jpg'
08-05 02:58:33.679 27610 28548 D ApOkHttpUrlLoader: buildLoadData() called with: model = [https://files.thisamericanlife.org/sites/all/themes/thislife/img/tal-name-1400x1400.png], width = [224], height = [224]
08-05 02:58:33.681 27610 28356 D DBReader: getImageAuthentication() called with: imageUrl = [https://files.thisamericanlife.org/sites/all/themes/thislife/img/tal-name-1400x1400.png]
08-05 02:58:33.684 27610 28548 D ApOkHttpUrlLoader: buildLoadData() called with: model = [https://elroy.twit.tv/sites/default/files/styles/twit_album_art_2048x2048/public/images/shows/floss_weekly/album_art/audio/floss_albumart_mask.jpg?itok=IUjxKpwt], width = [224], height = [224]
08-05 02:58:33.685 27610 28356 D ApOkHttpUrlLoader: no credentials for 'https://files.thisamericanlife.org/sites/all/themes/thislife/img/tal-name-1400x1400.png'
08-05 02:58:33.686 27610 28362 D DBReader: getImageAuthentication() called with: imageUrl = [https://elroy.twit.tv/sites/default/files/styles/twit_album_art_2048x2048/public/images/shows/floss_weekly/album_art/audio/floss_albumart_mask.jpg?itok=IUjxKpwt]
08-05 02:58:33.689 27610 28548 D ApOkHttpUrlLoader: buildLoadData() called with: model = [http://ichef.bbci.co.uk/images/ic/3000x3000/p07kfvzb.jpg], width = [224], height = [224]
08-05 02:58:33.690 27610 28362 D ApOkHttpUrlLoader: no credentials for 'https://elroy.twit.tv/sites/default/files/styles/twit_album_art_2048x2048/public/images/shows/floss_weekly/album_art/audio/floss_albumart_mask.jpg?itok=IUjxKpwt'
08-05 02:58:33.693 27610 28360 D DBReader: getImageAuthentication() called with: imageUrl = [http://ichef.bbci.co.uk/images/ic/3000x3000/p07kfvzb.jpg]
08-05 02:58:33.696 27610 28548 D ApOkHttpUrlLoader: buildLoadData() called with: model = [https://pl.tedcdn.com/rss_feed_images/ted_talks_main_podcast/video.png], width = [224], height = [224]
08-05 02:58:33.698 27610 28360 D ApOkHttpUrlLoader: no credentials for 'http://ichef.bbci.co.uk/images/ic/3000x3000/p07kfvzb.jpg'
08-05 02:58:33.699 27610 28358 D DBReader: getImageAuthentication() called with: imageUrl = [https://pl.tedcdn.com/rss_feed_images/ted_talks_main_podcast/video.png]
08-05 02:58:33.700 27610 28548 D ApOkHttpUrlLoader: buildLoadData() called with: model = [https://elroy.twit.tv/sites/default/files/styles/twit_album_art_2048x2048/public/images/shows/this_week_in_tech/album_art/audio/twit1400audio.jpg?itok=J0vhatZb], width = [224], height = [224]
08-05 02:58:33.702 27610 28365 D DBReader: getImageAuthentication() called with: imageUrl = [https://elroy.twit.tv/sites/default/files/styles/twit_album_art_2048x2048/public/images/shows/this_week_in_tech/album_art/audio/twit1400audio.jpg?itok=J0vhatZb]
08-05 02:58:33.703 27610 28358 D ApOkHttpUrlLoader: no credentials for 'https://pl.tedcdn.com/rss_feed_images/ted_talks_main_podcast/video.png'
08-05 02:58:33.705 27610 28548 D ApOkHttpUrlLoader: buildLoadData() called with: model = [http://ichef.bbci.co.uk/images/ic/3000x3000/p03gtk3j.jpg], width = [224], height = [224]
08-05 02:58:33.707 27610 28364 D DBReader: getImageAuthentication() called with: imageUrl = [http://ichef.bbci.co.uk/images/ic/3000x3000/p03gtk3j.jpg]
08-05 02:58:33.708 27610 28365 D ApOkHttpUrlLoader: no credentials for 'https://elroy.twit.tv/sites/default/files/styles/twit_album_art_2048x2048/public/images/shows/this_week_in_tech/album_art/audio/twit1400audio.jpg?itok=J0vhatZb'
08-05 02:58:33.712 27610 28364 D ApOkHttpUrlLoader: no credentials for 'http://ichef.bbci.co.uk/images/ic/3000x3000/p03gtk3j.jpg'
08-05 02:58:33.720 27610 28363 D DBWriter: updateFeedDownloadURL(original: http://sixgun.org/files/linuxoutlaws.jpg, updated: https://fab.industries/sixgun/files/linuxoutlaws.jpg)
08-05 02:58:33.733 27610 27623 I art     : Starting a blocking GC Explicit
08-05 02:58:33.777 27610 27623 I art     : Explicit concurrent mark sweep GC freed 12540(802KB) AllocSpace objects, 4(212KB) LOS objects, 24% free, 49MB/65MB, paused 1.824ms total 43.523ms
08-05 02:58:33.790 27610 27623 I art     : Starting a blocking GC Explicit
08-05 02:58:33.812 27610 28360 D MYTAG   : interceptor 2a
08-05 02:58:33.812 27610 28360 I NAPPA_EXPERIMENTATION: MetricNetworkRequestExecutionTime: REQUEST_DURATION_SYSTEM='114',REQUEST_DURATION_OKHTTP='109',REQUEST_SYNCHRONOUS='TRUE',RESPONSE_CODE='200',RESPONSE_METHOD='GET',RESPONSE_LENGTH_OKHTTP='589826',RESPONSE_LENGTH_HEADER='589826',REQUEST_PROTOCOL='http/1.1',REQUEST_URL='http://ichef.bbci.co.uk/images/ic/3000x3000/p07kfvzb.jpg',
08-05 02:58:33.833 27610 27623 I art     : Explicit concurrent mark sweep GC freed 837(48KB) AllocSpace objects, 0(0B) LOS objects, 24% free, 49MB/65MB, paused 1.903ms total 42.946ms
08-05 02:58:33.846 27610 27623 I art     : Starting a blocking GC Explicit
08-05 02:58:33.850 27610 28364 D MYTAG   : interceptor 2a
08-05 02:58:33.850 27610 28364 I NAPPA_EXPERIMENTATION: MetricNetworkRequestExecutionTime: REQUEST_DURATION_SYSTEM='138',REQUEST_DURATION_OKHTTP='132',REQUEST_SYNCHRONOUS='TRUE',RESPONSE_CODE='200',RESPONSE_METHOD='GET',RESPONSE_LENGTH_OKHTTP='814284',RESPONSE_LENGTH_HEADER='814284',REQUEST_PROTOCOL='http/1.1',REQUEST_URL='http://ichef.bbci.co.uk/images/ic/3000x3000/p03gtk3j.jpg',
08-05 02:58:33.889 27610 27623 I art     : Explicit concurrent mark sweep GC freed 245(22KB) AllocSpace objects, 0(0B) LOS objects, 24% free, 49MB/65MB, paused 1.865ms total 42.349ms
08-05 02:58:33.902 27610 27623 I art     : Starting a blocking GC Explicit
08-05 02:58:33.947 27610 27623 I art     : Explicit concurrent mark sweep GC freed 8279(327KB) AllocSpace objects, 0(0B) LOS objects, 24% free, 49MB/65MB, paused 2.018ms total 43.943ms
08-05 02:58:33.960 27610 27623 I art     : Starting a blocking GC Explicit
08-05 02:58:33.999 27610 27623 I art     : Explicit concurrent mark sweep GC freed 1144(98KB) AllocSpace objects, 0(0B) LOS objects, 24% free, 50MB/66MB, paused 1.832ms total 39.027ms
08-05 02:58:34.007 27610 28356 D MYTAG   : interceptor 2a
08-05 02:58:34.008 27610 28356 I NAPPA_EXPERIMENTATION: MetricNetworkRequestExecutionTime: REQUEST_DURATION_SYSTEM='322',REQUEST_DURATION_OKHTTP='75',REQUEST_SYNCHRONOUS='TRUE',RESPONSE_CODE='200',RESPONSE_METHOD='GET',RESPONSE_LENGTH_OKHTTP='52553',RESPONSE_LENGTH_HEADER='52553',REQUEST_PROTOCOL='http/1.1',REQUEST_URL='https://files.thisamericanlife.org/sites/all/themes/thislife/img/tal-name-1400x1400.png',
08-05 02:58:34.175 27610 28362 D MYTAG   : interceptor 2a
08-05 02:58:34.177 27610 28362 I NAPPA_EXPERIMENTATION: MetricNetworkRequestExecutionTime: REQUEST_DURATION_SYSTEM='484',REQUEST_DURATION_OKHTTP='238',REQUEST_SYNCHRONOUS='TRUE',RESPONSE_CODE='200',RESPONSE_METHOD='GET',RESPONSE_LENGTH_OKHTTP='297964',RESPONSE_LENGTH_HEADER='297964',REQUEST_PROTOCOL='h2',REQUEST_URL='https://elroy.twit.tv/sites/default/files/styles/twit_album_art_2048x2048/public/images/shows/floss_weekly/album_art/audio/floss_albumart_mask.jpg?itok=IUjxKpwt',
08-05 02:58:34.191 27610 28363 D MYTAG   : interceptor 2a
08-05 02:58:34.191 27610 28363 I NAPPA_EXPERIMENTATION: MetricNetworkRequestExecutionTime: REQUEST_DURATION_SYSTEM='515',REQUEST_DURATION_OKHTTP='252',REQUEST_SYNCHRONOUS='TRUE',RESPONSE_CODE='404',RESPONSE_METHOD='GET',RESPONSE_LENGTH_OKHTTP='-1',RESPONSE_LENGTH_HEADER='1503',REQUEST_PROTOCOL='h2',REQUEST_URL='https://fab.industries/sixgun/files/linuxoutlaws.jpg',
08-05 02:58:34.194 27610 27610 W Glide   : Load failed for http://sixgun.org/files/linuxoutlaws.jpg with size [224x224]
08-05 02:58:34.194 27610 27610 W Glide   : class com.bumptech.glide.load.engine.GlideException: Failed to load resource
08-05 02:58:34.194 27610 27610 W Glide   : There was 1 cause:
08-05 02:58:34.194 27610 27610 W Glide   : com.bumptech.glide.load.HttpException()
08-05 02:58:34.194 27610 27610 W Glide   :  call GlideException#logRootCauses(String) for more detail
08-05 02:58:34.194 27610 27610 W Glide   :   Cause (1 of 1): class com.bumptech.glide.load.engine.GlideException: Fetching data failed, class java.io.InputStream, REMOTE
08-05 02:58:34.194 27610 27610 W Glide   : There was 1 cause:
08-05 02:58:34.194 27610 27610 W Glide   : com.bumptech.glide.load.HttpException()
08-05 02:58:34.194 27610 27610 W Glide   :  call GlideException#logRootCauses(String) for more detail
08-05 02:58:34.194 27610 27610 W Glide   :     Cause (1 of 1): class com.bumptech.glide.load.HttpException: 
08-05 02:58:34.195 27610 27610 I Glide   : Root cause (1 of 1)
08-05 02:58:34.195 27610 27610 I Glide   : com.bumptech.glide.load.HttpException: 
08-05 02:58:34.195 27610 27610 I Glide   : 	at com.bumptech.glide.integration.okhttp3.OkHttpStreamFetcher.onResponse(OkHttpStreamFetcher.java:73)
08-05 02:58:34.195 27610 27610 I Glide   : 	at okhttp3.RealCall$AsyncCall.execute(RealCall.java:174)
08-05 02:58:34.195 27610 27610 I Glide   : 	at okhttp3.internal.NamedRunnable.run(NamedRunnable.java:32)
08-05 02:58:34.195 27610 27610 I Glide   : 	at java.util.concurrent.ThreadPoolExecutor.runWorker(ThreadPoolExecutor.java:1113)
08-05 02:58:34.195 27610 27610 I Glide   : 	at java.util.concurrent.ThreadPoolExecutor$Worker.run(ThreadPoolExecutor.java:588)
08-05 02:58:34.195 27610 27610 I Glide   : 	at java.lang.Thread.run(Thread.java:818)
08-05 02:58:34.196 27610 27610 W Glide   : Load failed for http://sixgun.org/files/linuxoutlaws.jpg with size [224x224]
08-05 02:58:34.196 27610 27610 W Glide   : class com.bumptech.glide.load.engine.GlideException: Failed to load resource
08-05 02:58:34.196 27610 27610 W Glide   : There was 1 cause:
08-05 02:58:34.196 27610 27610 W Glide   : com.bumptech.glide.load.HttpException()
08-05 02:58:34.196 27610 27610 W Glide   :  call GlideException#logRootCauses(String) for more detail
08-05 02:58:34.196 27610 27610 W Glide   :   Cause (1 of 1): class com.bumptech.glide.load.engine.GlideException: Fetching data failed, class java.io.InputStream, REMOTE
08-05 02:58:34.196 27610 27610 W Glide   : There was 1 cause:
08-05 02:58:34.196 27610 27610 W Glide   : com.bumptech.glide.load.HttpException()
08-05 02:58:34.196 27610 27610 W Glide   :  call GlideException#logRootCauses(String) for more detail
08-05 02:58:34.196 27610 27610 W Glide   :     Cause (1 of 1): class com.bumptech.glide.load.HttpException: 
08-05 02:58:34.196 27610 27610 I Glide   : Root cause (1 of 1)
08-05 02:58:34.196 27610 27610 I Glide   : com.bumptech.glide.load.HttpException: 
08-05 02:58:34.196 27610 27610 I Glide   : 	at com.bumptech.glide.integration.okhttp3.OkHttpStreamFetcher.onResponse(OkHttpStreamFetcher.java:73)
08-05 02:58:34.196 27610 27610 I Glide   : 	at okhttp3.RealCall$AsyncCall.execute(RealCall.java:174)
08-05 02:58:34.196 27610 27610 I Glide   : 	at okhttp3.internal.NamedRunnable.run(NamedRunnable.java:32)
08-05 02:58:34.196 27610 27610 I Glide   : 	at java.util.concurrent.ThreadPoolExecutor.runWorker(ThreadPoolExecutor.java:1113)
08-05 02:58:34.196 27610 27610 I Glide   : 	at java.util.concurrent.ThreadPoolExecutor$Worker.run(ThreadPoolExecutor.java:588)
08-05 02:58:34.196 27610 27610 I Glide   : 	at java.lang.Thread.run(Thread.java:818)
08-05 02:58:34.231 27610 28358 D MYTAG   : interceptor 2a
08-05 02:58:34.231 27610 28358 I NAPPA_EXPERIMENTATION: MetricNetworkRequestExecutionTime: REQUEST_DURATION_SYSTEM='527',REQUEST_DURATION_OKHTTP='286',REQUEST_SYNCHRONOUS='TRUE',RESPONSE_CODE='200',RESPONSE_METHOD='GET',RESPONSE_LENGTH_OKHTTP='89986',RESPONSE_LENGTH_HEADER='89986',REQUEST_PROTOCOL='h2',REQUEST_URL='https://pl.tedcdn.com/rss_feed_images/ted_talks_main_podcast/video.png',
08-05 02:58:34.264 27610 28365 D MYTAG   : interceptor 2a
08-05 02:58:34.264 27610 28365 I NAPPA_EXPERIMENTATION: MetricNetworkRequestExecutionTime: REQUEST_DURATION_SYSTEM='556',REQUEST_DURATION_OKHTTP='316',REQUEST_SYNCHRONOUS='TRUE',RESPONSE_CODE='200',RESPONSE_METHOD='GET',RESPONSE_LENGTH_OKHTTP='465707',RESPONSE_LENGTH_HEADER='465707',REQUEST_PROTOCOL='h2',REQUEST_URL='https://elroy.twit.tv/sites/default/files/styles/twit_album_art_2048x2048/public/images/shows/this_week_in_tech/album_art/audio/twit1400audio.jpg?itok=J0vhatZb',
08-05 02:58:34.320 27610 27623 I art     : Starting a blocking GC Explicit
08-05 02:58:34.332 27610 28548 D ApOkHttpUrlLoader: buildLoadData() called with: model = [http://sixgun.org/files/linuxoutlaws.jpg], width = [224], height = [224]
08-05 02:58:34.333 27610 28365 D DBReader: getImageAuthentication() called with: imageUrl = [http://sixgun.org/files/linuxoutlaws.jpg]
08-05 02:58:34.337 27610 28365 D ApOkHttpUrlLoader: no credentials for 'http://sixgun.org/files/linuxoutlaws.jpg'
08-05 02:58:34.360 27610 27623 I art     : Explicit concurrent mark sweep GC freed 5330(469KB) AllocSpace objects, 1(20KB) LOS objects, 23% free, 50MB/66MB, paused 1.727ms total 40.154ms
08-05 02:58:34.374 27610 27623 I art     : Starting a blocking GC Explicit
08-05 02:58:34.376 27610 28365 D DBWriter: updateFeedDownloadURL(original: http://sixgun.org/files/linuxoutlaws.jpg, updated: https://fab.industries/sixgun/files/linuxoutlaws.jpg)
08-05 02:58:34.412 27610 27623 I art     : Explicit concurrent mark sweep GC freed 729(39KB) AllocSpace objects, 0(0B) LOS objects, 23% free, 50MB/66MB, paused 1.693ms total 37.730ms
08-05 02:58:34.424 27610 27623 I art     : Starting a blocking GC Explicit
08-05 02:58:34.463 27610 27623 I art     : Explicit concurrent mark sweep GC freed 143(5KB) AllocSpace objects, 0(0B) LOS objects, 23% free, 50MB/66MB, paused 1.664ms total 38.564ms
08-05 02:58:34.476 27610 27623 I art     : Starting a blocking GC Explicit
08-05 02:58:34.518 27610 27623 I art     : Explicit concurrent mark sweep GC freed 5(176B) AllocSpace objects, 0(0B) LOS objects, 23% free, 50MB/66MB, paused 1.714ms total 41.862ms
08-05 02:58:34.529 23120 23120 I ServiceManager: Waiting for service AtCmdFwd...
08-05 02:58:34.529 27610 28365 D MYTAG   : interceptor 2a
08-05 02:58:34.529 27610 28365 I NAPPA_EXPERIMENTATION: MetricNetworkRequestExecutionTime: REQUEST_DURATION_SYSTEM='192',REQUEST_DURATION_OKHTTP='150',REQUEST_SYNCHRONOUS='TRUE',RESPONSE_CODE='404',RESPONSE_METHOD='GET',RESPONSE_LENGTH_OKHTTP='-1',RESPONSE_LENGTH_HEADER='1503',REQUEST_PROTOCOL='h2',REQUEST_URL='https://fab.industries/sixgun/files/linuxoutlaws.jpg',
08-05 02:58:34.531 27610 27623 I art     : Starting a blocking GC Explicit
08-05 02:58:34.537 27610 27610 W Glide   : Load failed for http://sixgun.org/files/linuxoutlaws.jpg with size [224x224]
08-05 02:58:34.537 27610 27610 W Glide   : class com.bumptech.glide.load.engine.GlideException: Failed to load resource
08-05 02:58:34.537 27610 27610 W Glide   : There was 1 cause:
08-05 02:58:34.537 27610 27610 W Glide   : com.bumptech.glide.load.HttpException()
08-05 02:58:34.537 27610 27610 W Glide   :  call GlideException#logRootCauses(String) for more detail
08-05 02:58:34.537 27610 27610 W Glide   :   Cause (1 of 1): class com.bumptech.glide.load.engine.GlideException: Fetching data failed, class java.io.InputStream, REMOTE
08-05 02:58:34.537 27610 27610 W Glide   : There was 1 cause:
08-05 02:58:34.537 27610 27610 W Glide   : com.bumptech.glide.load.HttpException()
08-05 02:58:34.537 27610 27610 W Glide   :  call GlideException#logRootCauses(String) for more detail
08-05 02:58:34.537 27610 27610 W Glide   :     Cause (1 of 1): class com.bumptech.glide.load.HttpException: 
08-05 02:58:34.537 27610 27610 I Glide   : Root cause (1 of 1)
08-05 02:58:34.537 27610 27610 I Glide   : com.bumptech.glide.load.HttpException: 
08-05 02:58:34.537 27610 27610 I Glide   : 	at com.bumptech.glide.integration.okhttp3.OkHttpStreamFetcher.onResponse(OkHttpStreamFetcher.java:73)
08-05 02:58:34.537 27610 27610 I Glide   : 	at okhttp3.RealCall$AsyncCall.execute(RealCall.java:174)
08-05 02:58:34.537 27610 27610 I Glide   : 	at okhttp3.internal.NamedRunnable.run(NamedRunnable.java:32)
08-05 02:58:34.537 27610 27610 I Glide   : 	at java.util.concurrent.ThreadPoolExecutor.runWorker(ThreadPoolExecutor.java:1113)
08-05 02:58:34.537 27610 27610 I Glide   : 	at java.util.concurrent.ThreadPoolExecutor$Worker.run(ThreadPoolExecutor.java:588)
08-05 02:58:34.537 27610 27610 I Glide   : 	at java.lang.Thread.run(Thread.java:818)
08-05 02:58:34.574 27610 27623 I art     : Explicit concurrent mark sweep GC freed 445(47KB) AllocSpace objects, 0(0B) LOS objects, 23% free, 50MB/66MB, paused 1.513ms total 42.839ms
08-05 02:58:34.602 27610 28548 D ApOkHttpUrlLoader: buildLoadData() called with: model = [http://sixgun.org/files/linuxoutlaws.jpg], width = [224], height = [224]
08-05 02:58:34.604 27610 28365 D DBReader: getImageAuthentication() called with: imageUrl = [http://sixgun.org/files/linuxoutlaws.jpg]
08-05 02:58:34.610 27610 28365 D ApOkHttpUrlLoader: no credentials for 'http://sixgun.org/files/linuxoutlaws.jpg'
08-05 02:58:34.647 27610 28365 D DBWriter: updateFeedDownloadURL(original: http://sixgun.org/files/linuxoutlaws.jpg, updated: https://fab.industries/sixgun/files/linuxoutlaws.jpg)
08-05 02:58:34.858 27610 28365 D MYTAG   : interceptor 2a
08-05 02:58:34.859 27610 28365 I NAPPA_EXPERIMENTATION: MetricNetworkRequestExecutionTime: REQUEST_DURATION_SYSTEM='248',REQUEST_DURATION_OKHTTP='206',REQUEST_SYNCHRONOUS='TRUE',RESPONSE_CODE='404',RESPONSE_METHOD='GET',RESPONSE_LENGTH_OKHTTP='-1',RESPONSE_LENGTH_HEADER='1503',REQUEST_PROTOCOL='h2',REQUEST_URL='https://fab.industries/sixgun/files/linuxoutlaws.jpg',
08-05 02:58:34.860 27610 27610 W Glide   : Load failed for http://sixgun.org/files/linuxoutlaws.jpg with size [224x224]
08-05 02:58:34.860 27610 27610 W Glide   : class com.bumptech.glide.load.engine.GlideException: Failed to load resource
08-05 02:58:34.860 27610 27610 W Glide   : There was 1 cause:
08-05 02:58:34.860 27610 27610 W Glide   : com.bumptech.glide.load.HttpException()
08-05 02:58:34.860 27610 27610 W Glide   :  call GlideException#logRootCauses(String) for more detail
08-05 02:58:34.860 27610 27610 W Glide   :   Cause (1 of 1): class com.bumptech.glide.load.engine.GlideException: Fetching data failed, class java.io.InputStream, REMOTE
08-05 02:58:34.860 27610 27610 W Glide   : There was 1 cause:
08-05 02:58:34.860 27610 27610 W Glide   : com.bumptech.glide.load.HttpException()
08-05 02:58:34.860 27610 27610 W Glide   :  call GlideException#logRootCauses(String) for more detail
08-05 02:58:34.860 27610 27610 W Glide   :     Cause (1 of 1): class com.bumptech.glide.load.HttpException: 
08-05 02:58:34.861 27610 27610 I Glide   : Root cause (1 of 1)
08-05 02:58:34.861 27610 27610 I Glide   : com.bumptech.glide.load.HttpException: 
08-05 02:58:34.861 27610 27610 I Glide   : 	at com.bumptech.glide.integration.okhttp3.OkHttpStreamFetcher.onResponse(OkHttpStreamFetcher.java:73)
08-05 02:58:34.861 27610 27610 I Glide   : 	at okhttp3.RealCall$AsyncCall.execute(RealCall.java:174)
08-05 02:58:34.861 27610 27610 I Glide   : 	at okhttp3.internal.NamedRunnable.run(NamedRunnable.java:32)
08-05 02:58:34.861 27610 27610 I Glide   : 	at java.util.concurrent.ThreadPoolExecutor.runWorker(ThreadPoolExecutor.java:1113)
08-05 02:58:34.861 27610 27610 I Glide   : 	at java.util.concurrent.ThreadPoolExecutor$Worker.run(ThreadPoolExecutor.java:588)
08-05 02:58:34.861 27610 27610 I Glide   : 	at java.lang.Thread.run(Thread.java:818)
08-05 02:58:34.960 27610 27684 I art     : Starting a blocking GC Explicit
08-05 02:58:35.023 27610 27684 I art     : Explicit concurrent mark sweep GC freed 2533(175KB) AllocSpace objects, 1(20KB) LOS objects, 23% free, 50MB/66MB, paused 1.768ms total 62.494ms
08-05 02:58:35.040 27610 27684 I art     : Starting a blocking GC Explicit
08-05 02:58:35.087 27610 27684 I art     : Explicit concurrent mark sweep GC freed 86(3KB) AllocSpace objects, 0(0B) LOS objects, 23% free, 50MB/66MB, paused 1.717ms total 47.528ms
08-05 02:58:35.101 27610 27684 I art     : Starting a blocking GC Explicit
08-05 02:58:35.149 27610 27684 I art     : Explicit concurrent mark sweep GC freed 3(96B) AllocSpace objects, 0(0B) LOS objects, 23% free, 50MB/66MB, paused 1.717ms total 47.759ms
08-05 02:58:35.163 27610 27684 I art     : Starting a blocking GC Explicit
08-05 02:58:35.208 27610 27684 I art     : Explicit concurrent mark sweep GC freed 3(96B) AllocSpace objects, 0(0B) LOS objects, 23% free, 50MB/66MB, paused 1.832ms total 45.136ms
08-05 02:58:35.222 27610 27684 I art     : Starting a blocking GC Explicit
08-05 02:58:35.270 27610 27684 I art     : Explicit concurrent mark sweep GC freed 3(96B) AllocSpace objects, 0(0B) LOS objects, 23% free, 50MB/66MB, paused 1.629ms total 47.978ms
08-05 02:58:35.529 23120 23120 W Atfwd_Sendcmd: AtCmdFwd service not published, waiting... retryCnt : 3
08-05 02:58:35.646 27610 28549 I art     : Starting a blocking GC Explicit
08-05 02:58:35.694 27610 28549 I art     : Explicit concurrent mark sweep GC freed 1466(83KB) AllocSpace objects, 1(20KB) LOS objects, 23% free, 50MB/66MB, paused 1.597ms total 48.398ms
08-05 02:58:35.708 27610 28549 I art     : Starting a blocking GC Explicit
08-05 02:58:35.756 27610 28549 I art     : Explicit concurrent mark sweep GC freed 40(1344B) AllocSpace objects, 0(0B) LOS objects, 23% free, 50MB/66MB, paused 1.644ms total 47.374ms
08-05 02:58:35.770 27610 28549 I art     : Starting a blocking GC Explicit
08-05 02:58:35.816 27610 28549 I art     : Explicit concurrent mark sweep GC freed 3(96B) AllocSpace objects, 0(0B) LOS objects, 23% free, 50MB/66MB, paused 1.514ms total 45.816ms
08-05 02:58:35.829 27610 28549 I art     : Starting a blocking GC Explicit
08-05 02:58:35.876 27610 28549 I art     : Explicit concurrent mark sweep GC freed 3(96B) AllocSpace objects, 0(0B) LOS objects, 23% free, 50MB/66MB, paused 1.625ms total 46.597ms
08-05 02:58:35.890 27610 28549 I art     : Starting a blocking GC Explicit
08-05 02:58:35.937 27610 28549 I art     : Explicit concurrent mark sweep GC freed 3(96B) AllocSpace objects, 0(0B) LOS objects, 23% free, 50MB/66MB, paused 1.614ms total 46.972ms
08-05 02:58:36.329 27610 27623 I art     : Starting a blocking GC Explicit
08-05 02:58:36.380 27610 27623 I art     : Explicit concurrent mark sweep GC freed 1412(82KB) AllocSpace objects, 1(20KB) LOS objects, 23% free, 50MB/66MB, paused 1.572ms total 49.893ms
08-05 02:58:36.393 27610 27623 I art     : Starting a blocking GC Explicit
08-05 02:58:36.437 27610 27623 I art     : Explicit concurrent mark sweep GC freed 23(752B) AllocSpace objects, 0(0B) LOS objects, 23% free, 50MB/66MB, paused 1.582ms total 43.471ms
08-05 02:58:36.450 27610 27623 I art     : Starting a blocking GC Explicit
08-05 02:58:36.494 27610 27623 I art     : Explicit concurrent mark sweep GC freed 3(96B) AllocSpace objects, 0(0B) LOS objects, 23% free, 50MB/66MB, paused 1.579ms total 44.104ms
08-05 02:58:36.508 27610 27623 I art     : Starting a blocking GC Explicit
08-05 02:58:36.552 27610 27623 I art     : Explicit concurrent mark sweep GC freed 3(96B) AllocSpace objects, 0(0B) LOS objects, 23% free, 50MB/66MB, paused 1.580ms total 43.847ms
08-05 02:58:36.566 27610 27623 I art     : Starting a blocking GC Explicit
08-05 02:58:36.613 27610 27623 I art     : Explicit concurrent mark sweep GC freed 3(96B) AllocSpace objects, 0(0B) LOS objects, 23% free, 50MB/66MB, paused 1.509ms total 47.496ms
08-05 02:58:37.014 27610 27684 I art     : Starting a blocking GC Explicit
08-05 02:58:37.072 27610 27684 I art     : Explicit concurrent mark sweep GC freed 1381(81KB) AllocSpace objects, 1(20KB) LOS objects, 23% free, 50MB/66MB, paused 1.742ms total 58.385ms
08-05 02:58:37.088 27610 27684 I art     : Starting a blocking GC Explicit
08-05 02:58:37.135 27610 27684 I art     : Explicit concurrent mark sweep GC freed 23(752B) AllocSpace objects, 0(0B) LOS objects, 23% free, 50MB/66MB, paused 1.612ms total 46.750ms
08-05 02:58:37.149 27610 27684 I art     : Starting a blocking GC Explicit
08-05 02:58:37.195 27610 27684 I art     : Explicit concurrent mark sweep GC freed 3(96B) AllocSpace objects, 0(0B) LOS objects, 23% free, 50MB/66MB, paused 1.634ms total 46.165ms
08-05 02:58:37.209 27610 27684 I art     : Starting a blocking GC Explicit
08-05 02:58:37.257 27610 27684 I art     : Explicit concurrent mark sweep GC freed 3(96B) AllocSpace objects, 0(0B) LOS objects, 23% free, 50MB/66MB, paused 1.653ms total 47.851ms
08-05 02:58:37.270 27610 27684 I art     : Starting a blocking GC Explicit
08-05 02:58:37.316 27610 27684 I art     : Explicit concurrent mark sweep GC freed 3(96B) AllocSpace objects, 0(0B) LOS objects, 23% free, 50MB/66MB, paused 1.549ms total 45.952ms
08-05 02:58:37.678 27610 29065 I art     : Starting a blocking GC Explicit
08-05 02:58:37.739 27610 29065 I art     : Explicit concurrent mark sweep GC freed 1411(82KB) AllocSpace objects, 1(20KB) LOS objects, 23% free, 50MB/66MB, paused 1.994ms total 60.425ms
08-05 02:58:37.754 27610 29065 I art     : Starting a blocking GC Explicit
08-05 02:58:37.801 27610 29065 I art     : Explicit concurrent mark sweep GC freed 25(800B) AllocSpace objects, 0(0B) LOS objects, 23% free, 50MB/66MB, paused 1.633ms total 46.513ms
08-05 02:58:37.814 27610 29065 I art     : Starting a blocking GC Explicit
08-05 02:58:37.856 27610 29065 I art     : Explicit concurrent mark sweep GC freed 42(2096B) AllocSpace objects, 0(0B) LOS objects, 23% free, 50MB/66MB, paused 1.592ms total 41.937ms
08-05 02:58:37.869 27610 29065 I art     : Starting a blocking GC Explicit
08-05 02:58:37.917 27610 29065 I art     : Explicit concurrent mark sweep GC freed 9(320B) AllocSpace objects, 0(0B) LOS objects, 23% free, 50MB/66MB, paused 1.488ms total 47.323ms
08-05 02:58:37.930 27610 29065 I art     : Starting a blocking GC Explicit
08-05 02:58:37.976 27610 29065 I art     : Explicit concurrent mark sweep GC freed 3(96B) AllocSpace objects, 0(0B) LOS objects, 23% free, 50MB/66MB, paused 1.636ms total 45.853ms
08-05 02:58:38.223   518   646 I ThermalEngine: ACTION: GPU - Setting GPU[0] to 510000000
08-05 02:58:38.353 27610 27623 I art     : Starting a blocking GC Explicit
08-05 02:58:38.398 27610 27623 I art     : Explicit concurrent mark sweep GC freed 1413(82KB) AllocSpace objects, 1(20KB) LOS objects, 23% free, 50MB/66MB, paused 1.344ms total 44.849ms
08-05 02:58:38.412 27610 27623 I art     : Starting a blocking GC Explicit
08-05 02:58:38.447 27610 27623 I art     : Explicit concurrent mark sweep GC freed 23(752B) AllocSpace objects, 0(0B) LOS objects, 23% free, 50MB/66MB, paused 1.273ms total 34.443ms
08-05 02:58:38.457 27610 27623 I art     : Starting a blocking GC Explicit
08-05 02:58:38.493 27610 27623 I art     : Explicit concurrent mark sweep GC freed 3(96B) AllocSpace objects, 0(0B) LOS objects, 23% free, 50MB/66MB, paused 1.195ms total 34.898ms
08-05 02:58:38.503 27610 27623 I art     : Starting a blocking GC Explicit
08-05 02:58:38.539 27610 27623 I art     : Explicit concurrent mark sweep GC freed 3(96B) AllocSpace objects, 0(0B) LOS objects, 23% free, 50MB/66MB, paused 1.234ms total 35.494ms
08-05 02:58:38.550 27610 27623 I art     : Starting a blocking GC Explicit
08-05 02:58:38.585 27610 27623 I art     : Explicit concurrent mark sweep GC freed 3(96B) AllocSpace objects, 0(0B) LOS objects, 23% free, 50MB/66MB, paused 1.150ms total 35.099ms
08-05 02:58:38.951 27610 27684 I art     : Starting a blocking GC Explicit
08-05 02:58:38.987 27610 27684 I art     : Explicit concurrent mark sweep GC freed 1382(82KB) AllocSpace objects, 1(20KB) LOS objects, 23% free, 50MB/66MB, paused 1.241ms total 35.802ms
08-05 02:58:38.998 27610 27684 I art     : Starting a blocking GC Explicit
08-05 02:58:39.031 27610 27684 I art     : Explicit concurrent mark sweep GC freed 23(752B) AllocSpace objects, 0(0B) LOS objects, 23% free, 50MB/66MB, paused 1.186ms total 32.823ms
08-05 02:58:39.041 27610 27684 I art     : Starting a blocking GC Explicit
08-05 02:58:39.074 27610 27684 I art     : Explicit concurrent mark sweep GC freed 3(96B) AllocSpace objects, 0(0B) LOS objects, 23% free, 50MB/66MB, paused 1.178ms total 33.202ms
08-05 02:58:39.084 27610 27684 I art     : Starting a blocking GC Explicit
08-05 02:58:39.118 27610 27684 I art     : Explicit concurrent mark sweep GC freed 3(96B) AllocSpace objects, 0(0B) LOS objects, 23% free, 50MB/66MB, paused 1.270ms total 33.728ms
08-05 02:58:39.128 27610 27684 I art     : Starting a blocking GC Explicit
08-05 02:58:39.161 27610 27684 I art     : Explicit concurrent mark sweep GC freed 3(96B) AllocSpace objects, 0(0B) LOS objects, 23% free, 50MB/66MB, paused 1.139ms total 33.291ms
08-05 02:58:39.353 30782 30782 D AndroidRuntime: >>>>>> START com.android.internal.os.RuntimeInit uid 2000 <<<<<<
08-05 02:58:39.358 30782 30782 D AndroidRuntime: CheckJNI is OFF
08-05 02:58:39.390 30782 30782 D ICU     : No timezone override file found: /data/misc/zoneinfo/current/icu/icu_tzdata.dat
08-05 02:58:39.422 30782 30782 I Radio-JNI: register_android_hardware_Radio DONE
08-05 02:58:39.444 30782 30782 D AndroidRuntime: Calling main entry com.android.commands.input.Input
08-05 02:58:39.445 30782 30782 I Input   : injectMotionEvent: MotionEvent { action=ACTION_DOWN, actionButton=0, id[0]=0, x[0]=526.0, y[0]=597.0, toolType[0]=TOOL_TYPE_UNKNOWN, buttonState=0, metaState=0, flags=0x0, edgeFlags=0x0, pointerCount=1, historySize=0, eventTime=759535858, downTime=759535858, deviceId=0, source=0x1002 }
08-05 02:58:39.449 30782 30782 I Input   : injectMotionEvent: MotionEvent { action=ACTION_UP, actionButton=0, id[0]=0, x[0]=526.0, y[0]=597.0, toolType[0]=TOOL_TYPE_UNKNOWN, buttonState=0, metaState=0, flags=0x0, edgeFlags=0x0, pointerCount=1, historySize=0, eventTime=759535858, downTime=759535858, deviceId=0, source=0x1002 }
08-05 02:58:39.451 30782 30782 D AndroidRuntime: Shutting down VM
08-05 02:58:39.516 27610 27610 D PodcastListFragment: Selected podcast: GpodnetPodcast [url=http://feeds.feedburner.com/linuxoutlaws, title=Linux Outlaws, description=Two pragmatic geeks talk about the latest news concerning Linux, free and open
08-05 02:58:39.516 27610 27610 D PodcastListFragment: technology or anything else they deem noteworthy which may include such absurd
08-05 02:58:39.516 27610 27610 D PodcastListFragment: things as hockey or bands you never heard of. This means there's many a joke
08-05 02:58:39.516 27610 27610 D PodcastListFragment: and derailed conversation along the way, so don't come here expecting only
08-05 02:58:39.516 27610 27610 D PodcastListFragment: Linux or software freedom talk  just sit back and relax, partner., subscribers=3321, logoUrl=http://sixgun.org/files/linuxoutlaws.jpg, website=http://sixgun.org, mygpoLink=http://gpodder.net/podcast/linux-outlaws-mp3]
08-05 02:58:39.516   918  4413 I ActivityManager: START u0 {cmp=baseline.de.danoeh.antennapod.debug/baseline.de.danoeh.antennapod.activity.OnlineFeedViewActivity (has extras)} from uid 10691 on display 0
08-05 02:58:39.517   512  2967 D audio_hw_primary: out_set_parameters: enter: usecase(1: low-latency-playback) kvpairs: routing=2
08-05 02:58:39.528 27610 28549 I art     : Starting a blocking GC Explicit
08-05 02:58:39.530   512  2967 D audio_hw_primary: select_devices: out_snd_device(2: speaker) in_snd_device(0: none)
08-05 02:58:39.530   512  2967 D msm8974_platform: platform_send_audio_calibration: sending audio calibration for snd_device(2) acdb_id(15)
08-05 02:58:39.530   512  2967 I soundtrigger: audio_extn_sound_trigger_update_device_status: device 0x2 of type 0 for Event 1
08-05 02:58:39.542   512  2967 D audio_hw_primary: enable_snd_device: snd_device(2: speaker)
08-05 02:58:39.546   512  2967 D audio_hw_primary: enable_audio_route: apply and update mixer path: low-latency-playback speaker
08-05 02:58:39.550 27610 27610 D UserPreferences: Using default data folder
08-05 02:58:39.552 27610 27610 D OnlineFeedViewActivity: Activity was started with url http://feeds.feedburner.com/linuxoutlaws
08-05 02:58:39.554 27610 27610 D OnlineFeedViewActivity: Starting feed download
08-05 02:58:39.557 27610 28151 D DBReader: Extracting Feedlist
08-05 02:58:39.558   918  3696 D WifiService: acquireWifiLockLocked: WifiLock{Downloader type=1 binder=android.os.BinderProxy@d3825d1}
08-05 02:58:39.559 27610 28151 D AntennapodHttpClient: Creating new instance of HTTP client
08-05 02:58:39.564 27610 28549 I art     : Explicit concurrent mark sweep GC freed 2635(178KB) AllocSpace objects, 2(40KB) LOS objects, 23% free, 51MB/67MB, paused 1.756ms total 36.325ms
08-05 02:58:39.574 27610 28549 I art     : Starting a blocking GC Explicit
08-05 02:58:39.604 27610 28549 I art     : Explicit concurrent mark sweep GC freed 374(31KB) AllocSpace objects, 0(0B) LOS objects, 23% free, 50MB/66MB, paused 1.090ms total 29.812ms
08-05 02:58:39.613 27610 28549 I art     : Starting a blocking GC Explicit
08-05 02:58:39.613 13866 13866 I GoogleInputMethodServic: GoogleInputMethodService.onFinishInput():3138 
08-05 02:58:39.614 13866 13866 I GoogleInputMethodServic: GoogleInputMethodService.onStartInput():1808 
08-05 02:58:39.635   918   936 I ActivityManager: Displayed baseline.de.danoeh.antennapod.debug/baseline.de.danoeh.antennapod.activity.OnlineFeedViewActivity: +105ms
08-05 02:58:39.645 27610 28549 I art     : Explicit concurrent mark sweep GC freed 176(7KB) AllocSpace objects, 0(0B) LOS objects, 23% free, 51MB/67MB, paused 1.160ms total 31.915ms
08-05 02:58:39.655 27610 28549 I art     : Starting a blocking GC Explicit
08-05 02:58:39.665 27610 27631 D OpenGLRenderer: endAllStagingAnimators on 0x7f7d1a3000 (GridView) with handle 0x7f724684e0
08-05 02:58:39.690 27610 28549 I art     : Explicit concurrent mark sweep GC freed 50(2496B) AllocSpace objects, 0(0B) LOS objects, 23% free, 51MB/67MB, paused 1.244ms total 35.395ms
08-05 02:58:39.699 27610 28549 I art     : Starting a blocking GC Explicit
08-05 02:58:39.712 27610 28151 D MYTAG   : interceptor 3a http://feeds.feedburner.com/linuxoutlaws
08-05 02:58:39.713 27610 28151 I NAPPA_EXPERIMENTATION: MetricNetworkRequestExecutionTime: REQUEST_DURATION_SYSTEM='152',REQUEST_DURATION_OKHTTP='41',REQUEST_SYNCHRONOUS='TRUE',RESPONSE_CODE='200',RESPONSE_METHOD='GET',RESPONSE_LENGTH_OKHTTP='-1',RESPONSE_LENGTH_HEADER='-2',REQUEST_PROTOCOL='http/1.1',REQUEST_URL='http://feeds.feedburner.com/linuxoutlaws',
08-05 02:58:39.713 27610 28151 D HttpDownloader: Response code is 200
08-05 02:58:39.713 27610 28151 D UserPreferences: Using default data folder
08-05 02:58:39.714 27610 28151 D HttpDownloader: Getting size of download
08-05 02:58:39.714 27610 28151 D HttpDownloader: Size is -1
08-05 02:58:39.714 27610 28151 D UserPreferences: Using default data folder
08-05 02:58:39.714 27610 28151 D HttpDownloader: Free space is 20297367552
08-05 02:58:39.714 27610 28151 D HttpDownloader: Starting download
08-05 02:58:39.717 27610 28151 D HttpDownloader: Download was successful
08-05 02:58:39.717   918  6110 D WifiService: releaseWifiLockLocked: WifiLock{Downloader type=1 binder=android.os.BinderProxy@d3825d1}
08-05 02:58:39.717 27610 27610 D OnlineFeedViewActivity: Parsing feed
08-05 02:58:39.720 27610 30806 D TypeGetter: Recognized type RSS 2.0
08-05 02:58:39.722 27610 30806 D SyndHandler: Recognized Content namespace
08-05 02:58:39.722 27610 30806 D SyndHandler: Recognized DublinCore namespace
08-05 02:58:39.722 27610 30806 D SyndHandler: Recognized Atom namespace
08-05 02:58:39.722 27610 30806 D SyndHandler: Recognized ITunes namespace
08-05 02:58:39.722 27610 30806 D SyndHandler: Recognized media namespace
08-05 02:58:39.732 27610 28549 I art     : Explicit concurrent mark sweep GC freed 817(211KB) AllocSpace objects, 3(60KB) LOS objects, 23% free, 51MB/67MB, paused 1.322ms total 32.463ms
08-05 02:58:39.755 27610 30806 D OnlineFeedViewActivity: Deleted feed source file. Result: true
08-05 02:58:39.755 27610 27610 D OnlineFeedViewActivity: Removing HTML from shownotes
08-05 02:58:39.768 27610 28548 D ApOkHttpUrlLoader: buildLoadData() called with: model = [http://sixgun.org/files/linuxoutlaws.jpg], width = [350], height = [350]
08-05 02:58:39.769 27610 28365 D DBReader: getImageAuthentication() called with: imageUrl = [http://sixgun.org/files/linuxoutlaws.jpg]
08-05 02:58:39.774 27610 28365 D ApOkHttpUrlLoader: no credentials for 'http://sixgun.org/files/linuxoutlaws.jpg'
08-05 02:58:39.810 27610 28365 D DBWriter: updateFeedDownloadURL(original: http://sixgun.org/files/linuxoutlaws.jpg, updated: https://fab.industries/sixgun/files/linuxoutlaws.jpg)
08-05 02:58:39.889   380   380 W SurfaceFlinger: couldn't log to binary event log: overflow.
08-05 02:58:39.959 27610 28365 D MYTAG   : interceptor 2a
08-05 02:58:39.960 27610 28365 I NAPPA_EXPERIMENTATION: MetricNetworkRequestExecutionTime: REQUEST_DURATION_SYSTEM='185',REQUEST_DURATION_OKHTTP='147',REQUEST_SYNCHRONOUS='TRUE',RESPONSE_CODE='404',RESPONSE_METHOD='GET',RESPONSE_LENGTH_OKHTTP='-1',RESPONSE_LENGTH_HEADER='1503',REQUEST_PROTOCOL='h2',REQUEST_URL='https://fab.industries/sixgun/files/linuxoutlaws.jpg',
08-05 02:58:39.961 27610 27610 W Glide   : Load failed for http://sixgun.org/files/linuxoutlaws.jpg with size [350x350]
08-05 02:58:39.961 27610 27610 W Glide   : class com.bumptech.glide.load.engine.GlideException: Failed to load resource
08-05 02:58:39.961 27610 27610 W Glide   : There was 1 cause:
08-05 02:58:39.961 27610 27610 W Glide   : com.bumptech.glide.load.HttpException()
08-05 02:58:39.961 27610 27610 W Glide   :  call GlideException#logRootCauses(String) for more detail
08-05 02:58:39.961 27610 27610 W Glide   :   Cause (1 of 1): class com.bumptech.glide.load.engine.GlideException: Fetching data failed, class java.io.InputStream, REMOTE
08-05 02:58:39.961 27610 27610 W Glide   : There was 1 cause:
08-05 02:58:39.961 27610 27610 W Glide   : com.bumptech.glide.load.HttpException()
08-05 02:58:39.961 27610 27610 W Glide   :  call GlideException#logRootCauses(String) for more detail
08-05 02:58:39.961 27610 27610 W Glide   :     Cause (1 of 1): class com.bumptech.glide.load.HttpException: 
08-05 02:58:39.961 27610 27610 I Glide   : Root cause (1 of 1)
08-05 02:58:39.961 27610 27610 I Glide   : com.bumptech.glide.load.HttpException: 
08-05 02:58:39.961 27610 27610 I Glide   : 	at com.bumptech.glide.integration.okhttp3.OkHttpStreamFetcher.onResponse(OkHttpStreamFetcher.java:73)
08-05 02:58:39.961 27610 27610 I Glide   : 	at okhttp3.RealCall$AsyncCall.execute(RealCall.java:174)
08-05 02:58:39.961 27610 27610 I Glide   : 	at okhttp3.internal.NamedRunnable.run(NamedRunnable.java:32)
08-05 02:58:39.961 27610 27610 I Glide   : 	at java.util.concurrent.ThreadPoolExecutor.runWorker(ThreadPoolExecutor.java:1113)
08-05 02:58:39.961 27610 27610 I Glide   : 	at java.util.concurrent.ThreadPoolExecutor$Worker.run(ThreadPoolExecutor.java:588)
08-05 02:58:39.961 27610 27610 I Glide   : 	at java.lang.Thread.run(Thread.java:818)
08-05 02:58:40.013 27610 27610 D PlaybackController: Releasing PlaybackController
08-05 02:58:40.022 27610 29065 I art     : Starting a blocking GC Explicit
08-05 02:58:40.071 27610 29065 I art     : Explicit concurrent mark sweep GC freed 13872(1041KB) AllocSpace objects, 12(768KB) LOS objects, 23% free, 51MB/67MB, paused 1.224ms total 48.717ms
08-05 02:58:40.078   512  2967 D audio_hw_primary: disable_audio_route: reset and update mixer path: low-latency-playback speaker
08-05 02:58:40.079   512  2967 D audio_hw_primary: disable_snd_device: snd_device(2: speaker)
08-05 02:58:40.080 27610 29065 I art     : Starting a blocking GC Explicit
08-05 02:58:40.086   512  2967 I soundtrigger: audio_extn_sound_trigger_update_device_status: device 0x2 of type 0 for Event 0
08-05 02:58:40.114 27610 29065 I art     : Explicit concurrent mark sweep GC freed 1045(47KB) AllocSpace objects, 1(112KB) LOS objects, 23% free, 51MB/67MB, paused 1.174ms total 32.913ms
08-05 02:58:40.124 27610 29065 I art     : Starting a blocking GC Explicit
08-05 02:58:40.160 27610 29065 I art     : Explicit concurrent mark sweep GC freed 3(96B) AllocSpace objects, 0(0B) LOS objects, 23% free, 51MB/67MB, paused 1.210ms total 35.632ms
08-05 02:58:40.170 27610 29065 I art     : Starting a blocking GC Explicit
08-05 02:58:40.207 27610 29065 I art     : Explicit concurrent mark sweep GC freed 3(96B) AllocSpace objects, 0(0B) LOS objects, 23% free, 51MB/67MB, paused 1.439ms total 36.948ms
08-05 02:58:40.219 27610 29065 I art     : Starting a blocking GC Explicit
08-05 02:58:40.256 27610 29065 I art     : Explicit concurrent mark sweep GC freed 3(96B) AllocSpace objects, 0(0B) LOS objects, 23% free, 51MB/67MB, paused 1.206ms total 36.786ms
08-05 02:58:40.598 27610 27622 I art     : Starting a blocking GC Explicit
08-05 02:58:40.645 27610 27622 I art     : Explicit concurrent mark sweep GC freed 1410(81KB) AllocSpace objects, 1(20KB) LOS objects, 23% free, 51MB/67MB, paused 1.327ms total 46.897ms
08-05 02:58:40.661 27610 27622 I art     : Starting a blocking GC Explicit
08-05 02:58:40.698 27610 27622 I art     : Explicit concurrent mark sweep GC freed 23(768B) AllocSpace objects, 0(0B) LOS objects, 23% free, 51MB/67MB, paused 1.293ms total 37.074ms
08-05 02:58:40.708 27610 27622 I art     : Starting a blocking GC Explicit
08-05 02:58:40.746 27610 27622 I art     : Explicit concurrent mark sweep GC freed 3(96B) AllocSpace objects, 0(0B) LOS objects, 23% free, 51MB/67MB, paused 1.212ms total 37.399ms
08-05 02:58:40.757 27610 27622 I art     : Starting a blocking GC Explicit
08-05 02:58:40.795 27610 27622 I art     : Explicit concurrent mark sweep GC freed 3(96B) AllocSpace objects, 0(0B) LOS objects, 23% free, 51MB/67MB, paused 1.249ms total 37.854ms
08-05 02:58:40.806 27610 27622 I art     : Starting a blocking GC Explicit
08-05 02:58:40.844 27610 27622 I art     : Explicit concurrent mark sweep GC freed 3(96B) AllocSpace objects, 0(0B) LOS objects, 23% free, 51MB/67MB, paused 1.212ms total 37.583ms
08-05 02:58:41.179 27610 28549 I art     : Starting a blocking GC Explicit
08-05 02:58:41.231 27610 28549 I art     : Explicit concurrent mark sweep GC freed 1381(81KB) AllocSpace objects, 1(20KB) LOS objects, 23% free, 51MB/67MB, paused 1.309ms total 51.017ms
08-05 02:58:41.242 27610 28549 I art     : Starting a blocking GC Explicit
08-05 02:58:41.278 27610 28549 I art     : Explicit concurrent mark sweep GC freed 23(752B) AllocSpace objects, 0(0B) LOS objects, 23% free, 51MB/67MB, paused 1.267ms total 35.730ms
08-05 02:58:41.288 27610 28549 I art     : Starting a blocking GC Explicit
08-05 02:58:41.324 27610 28549 I art     : Explicit concurrent mark sweep GC freed 3(96B) AllocSpace objects, 0(0B) LOS objects, 23% free, 51MB/67MB, paused 1.222ms total 36.408ms
08-05 02:58:41.335 27610 28549 I art     : Starting a blocking GC Explicit
08-05 02:58:41.372 27610 28549 I art     : Explicit concurrent mark sweep GC freed 31(848B) AllocSpace objects, 0(0B) LOS objects, 23% free, 51MB/67MB, paused 1.242ms total 36.568ms
08-05 02:58:41.382 27610 28549 I art     : Starting a blocking GC Explicit
08-05 02:58:41.420 27610 28549 I art     : Explicit concurrent mark sweep GC freed 9(288B) AllocSpace objects, 0(0B) LOS objects, 23% free, 51MB/67MB, paused 1.216ms total 37.146ms
08-05 02:58:41.779 27610 27623 I art     : Starting a blocking GC Explicit
08-05 02:58:41.832 27610 27623 I art     : Explicit concurrent mark sweep GC freed 1406(81KB) AllocSpace objects, 1(20KB) LOS objects, 23% free, 51MB/67MB, paused 1.370ms total 52.558ms
08-05 02:58:41.849 27610 27623 I art     : Starting a blocking GC Explicit
08-05 02:58:41.886 27610 27623 I art     : Explicit concurrent mark sweep GC freed 23(768B) AllocSpace objects, 0(0B) LOS objects, 23% free, 51MB/67MB, paused 1.211ms total 37.030ms
08-05 02:58:41.897 27610 27623 I art     : Starting a blocking GC Explicit
08-05 02:58:41.934 27610 27623 I art     : Explicit concurrent mark sweep GC freed 3(96B) AllocSpace objects, 0(0B) LOS objects, 23% free, 51MB/67MB, paused 1.292ms total 37.056ms
08-05 02:58:41.945 27610 27623 I art     : Starting a blocking GC Explicit
08-05 02:58:41.982 27610 27623 I art     : Explicit concurrent mark sweep GC freed 3(96B) AllocSpace objects, 0(0B) LOS objects, 23% free, 51MB/67MB, paused 1.220ms total 36.944ms
08-05 02:58:41.993 27610 27623 I art     : Starting a blocking GC Explicit
08-05 02:58:42.031 27610 27623 I art     : Explicit concurrent mark sweep GC freed 3(96B) AllocSpace objects, 0(0B) LOS objects, 23% free, 51MB/67MB, paused 1.219ms total 37.600ms
08-05 02:58:42.419 27610 27684 I art     : Starting a blocking GC Explicit
08-05 02:58:42.467 27610 27684 I art     : Explicit concurrent mark sweep GC freed 1410(81KB) AllocSpace objects, 1(20KB) LOS objects, 23% free, 51MB/67MB, paused 1.331ms total 47.093ms
08-05 02:58:42.481 27610 27684 I art     : Starting a blocking GC Explicit
08-05 02:58:42.522 27610 27684 I art     : Explicit concurrent mark sweep GC freed 23(752B) AllocSpace objects, 0(0B) LOS objects, 23% free, 51MB/67MB, paused 1.160ms total 40.867ms
08-05 02:58:42.533 27610 27684 I art     : Starting a blocking GC Explicit
08-05 02:58:42.570 27610 27684 I art     : Explicit concurrent mark sweep GC freed 3(96B) AllocSpace objects, 0(0B) LOS objects, 23% free, 51MB/67MB, paused 1.213ms total 36.670ms
08-05 02:58:42.580 27610 27684 I art     : Starting a blocking GC Explicit
08-05 02:58:42.618 27610 27684 I art     : Explicit concurrent mark sweep GC freed 3(96B) AllocSpace objects, 0(0B) LOS objects, 23% free, 51MB/67MB, paused 1.392ms total 37.266ms
08-05 02:58:42.629 27610 27684 I art     : Starting a blocking GC Explicit
08-05 02:58:42.666 27610 27684 I art     : Explicit concurrent mark sweep GC freed 3(96B) AllocSpace objects, 0(0B) LOS objects, 23% free, 51MB/67MB, paused 1.225ms total 36.621ms
08-05 02:58:43.008 27610 29065 I art     : Starting a blocking GC Explicit
08-05 02:58:43.044 27610 29065 I art     : Explicit concurrent mark sweep GC freed 1382(83KB) AllocSpace objects, 1(20KB) LOS objects, 23% free, 51MB/67MB, paused 1.225ms total 35.960ms
08-05 02:58:43.054 27610 29065 I art     : Starting a blocking GC Explicit
08-05 02:58:43.091 27610 29065 I art     : Explicit concurrent mark sweep GC freed 37(1216B) AllocSpace objects, 0(0B) LOS objects, 23% free, 51MB/67MB, paused 1.221ms total 35.977ms
08-05 02:58:43.101 27610 29065 I art     : Starting a blocking GC Explicit
08-05 02:58:43.138 27610 29065 I art     : Explicit concurrent mark sweep GC freed 3(96B) AllocSpace objects, 0(0B) LOS objects, 23% free, 51MB/67MB, paused 1.317ms total 36.824ms
08-05 02:58:43.149 27610 29065 I art     : Starting a blocking GC Explicit
08-05 02:58:43.187 27610 29065 I art     : Explicit concurrent mark sweep GC freed 3(96B) AllocSpace objects, 0(0B) LOS objects, 23% free, 51MB/67MB, paused 1.222ms total 37.741ms
08-05 02:58:43.198 27610 29065 I art     : Starting a blocking GC Explicit
08-05 02:58:43.235 27610 29065 I art     : Explicit concurrent mark sweep GC freed 3(96B) AllocSpace objects, 0(0B) LOS objects, 23% free, 51MB/67MB, paused 1.147ms total 37.443ms
08-05 02:58:43.606 27610 27623 I art     : Starting a blocking GC Explicit
08-05 02:58:43.653 27610 27623 I art     : Explicit concurrent mark sweep GC freed 1411(82KB) AllocSpace objects, 1(20KB) LOS objects, 23% free, 51MB/67MB, paused 1.314ms total 46.457ms
08-05 02:58:43.668 27610 27623 I art     : Starting a blocking GC Explicit
08-05 02:58:43.705 27610 27623 I art     : Explicit concurrent mark sweep GC freed 23(752B) AllocSpace objects, 0(0B) LOS objects, 23% free, 51MB/67MB, paused 1.135ms total 37.589ms
08-05 02:58:43.716 27610 27623 I art     : Starting a blocking GC Explicit
08-05 02:58:43.751 27610 27623 I art     : Explicit concurrent mark sweep GC freed 3(96B) AllocSpace objects, 0(0B) LOS objects, 23% free, 51MB/67MB, paused 1.130ms total 34.913ms
08-05 02:58:43.762 27610 27623 I art     : Starting a blocking GC Explicit
08-05 02:58:43.797 27610 27623 I art     : Explicit concurrent mark sweep GC freed 3(96B) AllocSpace objects, 0(0B) LOS objects, 23% free, 51MB/67MB, paused 1.267ms total 34.801ms
08-05 02:58:43.807 27610 27623 I art     : Starting a blocking GC Explicit
08-05 02:58:43.842 27610 27623 I art     : Explicit concurrent mark sweep GC freed 3(96B) AllocSpace objects, 0(0B) LOS objects, 23% free, 51MB/67MB, paused 1.194ms total 34.799ms
08-05 02:58:44.134 30878 30878 D AndroidRuntime: >>>>>> START com.android.internal.os.RuntimeInit uid 2000 <<<<<<
08-05 02:58:44.140 30878 30878 D AndroidRuntime: CheckJNI is OFF
08-05 02:58:44.174 30878 30878 D ICU     : No timezone override file found: /data/misc/zoneinfo/current/icu/icu_tzdata.dat
08-05 02:58:44.196 27610 27684 I art     : Starting a blocking GC Explicit
08-05 02:58:44.208 30878 30878 I Radio-JNI: register_android_hardware_Radio DONE
08-05 02:58:44.231 30878 30878 D AndroidRuntime: Calling main entry com.android.commands.input.Input
08-05 02:58:44.233 30878 30878 I Input   : injectKeyEvent: KeyEvent { action=ACTION_DOWN, keyCode=KEYCODE_BACK, scanCode=0, metaState=0, flags=0x0, repeatCount=0, eventTime=759540646, downTime=759540646, deviceId=-1, source=0x101 }
08-05 02:58:44.234 27610 27684 I art     : Explicit concurrent mark sweep GC freed 1384(81KB) AllocSpace objects, 1(20KB) LOS objects, 23% free, 51MB/67MB, paused 1.390ms total 37.315ms
08-05 02:58:44.240 30878 30878 I Input   : injectKeyEvent: KeyEvent { action=ACTION_UP, keyCode=KEYCODE_BACK, scanCode=0, metaState=0, flags=0x0, repeatCount=0, eventTime=759540646, downTime=759540646, deviceId=-1, source=0x101 }
08-05 02:58:44.244 27610 27684 I art     : Starting a blocking GC Explicit
08-05 02:58:44.245 30878 30878 D AndroidRuntime: Shutting down VM
08-05 02:58:44.251 27610 27610 V PlaybackController: initServiceNotRunning()
08-05 02:58:44.251 27610 27610 D ExternalPlayerFragment: Loading media info
08-05 02:58:44.255 27610 28548 D ApOkHttpUrlLoader: buildLoadData() called with: model = [http://sixgun.org/files/linuxoutlaws.jpg], width = [224], height = [224]
08-05 02:58:44.256 27610 28365 D DBReader: getImageAuthentication() called with: imageUrl = [http://sixgun.org/files/linuxoutlaws.jpg]
08-05 02:58:44.257 27610 27610 D UserPreferences: Using default data folder
08-05 02:58:44.258 27610 28365 D ApOkHttpUrlLoader: no credentials for 'http://sixgun.org/files/linuxoutlaws.jpg'
08-05 02:58:44.259 27610 28151 D DBReader: getNavDrawerData() called with: 
08-05 02:58:44.268 27610 28151 D DBReader: getDownloadedItems() called
08-05 02:58:44.269 27610 28151 D DBReader: getFavoriteIDList() called
08-05 02:58:44.270 27610 28151 D DBReader: getQueueIDList() called
08-05 02:58:44.271 27610 28151 D DBReader: Extracting Feedlist
08-05 02:58:44.278 27610 27684 I art     : Explicit concurrent mark sweep GC freed 902(64KB) AllocSpace objects, 0(0B) LOS objects, 23% free, 51MB/67MB, paused 1.350ms total 33.559ms
08-05 02:58:44.287 27610 27684 I art     : Starting a blocking GC Explicit
08-05 02:58:44.290 27610 27610 D MainActivity: getLastNavFragment() -> AddFeedFragment
08-05 02:58:44.290 13866 13866 I GoogleInputMethodServic: GoogleInputMethodService.onFinishInput():3138 
08-05 02:58:44.290 13866 13866 I GoogleInputMethodServic: GoogleInputMethodService.onStartInput():1808 
08-05 02:58:44.317 27610 28365 D DBWriter: updateFeedDownloadURL(original: http://sixgun.org/files/linuxoutlaws.jpg, updated: https://fab.industries/sixgun/files/linuxoutlaws.jpg)
08-05 02:58:44.320 27610 27684 I art     : Explicit concurrent mark sweep GC freed 926(45KB) AllocSpace objects, 0(0B) LOS objects, 23% free, 51MB/67MB, paused 1.465ms total 32.655ms
08-05 02:58:44.330 27610 27684 I art     : Starting a blocking GC Explicit
08-05 02:58:44.361 27610 27684 I art     : Explicit concurrent mark sweep GC freed 272(13KB) AllocSpace objects, 0(0B) LOS objects, 23% free, 51MB/67MB, paused 1.190ms total 30.784ms
08-05 02:58:44.371 27610 27684 I art     : Starting a blocking GC Explicit
08-05 02:58:44.405 27610 27684 I art     : Explicit concurrent mark sweep GC freed 154(9KB) AllocSpace objects, 0(0B) LOS objects, 23% free, 51MB/67MB, paused 1.140ms total 34.251ms
08-05 02:58:44.464 27610 28365 D MYTAG   : interceptor 2a
08-05 02:58:44.464 27610 28365 I NAPPA_EXPERIMENTATION: MetricNetworkRequestExecutionTime: REQUEST_DURATION_SYSTEM='206',REQUEST_DURATION_OKHTTP='143',REQUEST_SYNCHRONOUS='TRUE',RESPONSE_CODE='404',RESPONSE_METHOD='GET',RESPONSE_LENGTH_OKHTTP='-1',RESPONSE_LENGTH_HEADER='1503',REQUEST_PROTOCOL='h2',REQUEST_URL='https://fab.industries/sixgun/files/linuxoutlaws.jpg',
08-05 02:58:44.465 27610 27610 W Glide   : Load failed for http://sixgun.org/files/linuxoutlaws.jpg with size [224x224]
08-05 02:58:44.465 27610 27610 W Glide   : class com.bumptech.glide.load.engine.GlideException: Failed to load resource
08-05 02:58:44.465 27610 27610 W Glide   : There was 1 cause:
08-05 02:58:44.465 27610 27610 W Glide   : com.bumptech.glide.load.HttpException()
08-05 02:58:44.465 27610 27610 W Glide   :  call GlideException#logRootCauses(String) for more detail
08-05 02:58:44.465 27610 27610 W Glide   :   Cause (1 of 1): class com.bumptech.glide.load.engine.GlideException: Fetching data failed, class java.io.InputStream, REMOTE
08-05 02:58:44.465 27610 27610 W Glide   : There was 1 cause:
08-05 02:58:44.465 27610 27610 W Glide   : com.bumptech.glide.load.HttpException()
08-05 02:58:44.465 27610 27610 W Glide   :  call GlideException#logRootCauses(String) for more detail
08-05 02:58:44.465 27610 27610 W Glide   :     Cause (1 of 1): class com.bumptech.glide.load.HttpException: 
08-05 02:58:44.466 27610 27610 I Glide   : Root cause (1 of 1)
08-05 02:58:44.466 27610 27610 I Glide   : com.bumptech.glide.load.HttpException: 
08-05 02:58:44.466 27610 27610 I Glide   : 	at com.bumptech.glide.integration.okhttp3.OkHttpStreamFetcher.onResponse(OkHttpStreamFetcher.java:73)
08-05 02:58:44.466 27610 27610 I Glide   : 	at okhttp3.RealCall$AsyncCall.execute(RealCall.java:174)
08-05 02:58:44.466 27610 27610 I Glide   : 	at okhttp3.internal.NamedRunnable.run(NamedRunnable.java:32)
08-05 02:58:44.466 27610 27610 I Glide   : 	at java.util.concurrent.ThreadPoolExecutor.runWorker(ThreadPoolExecutor.java:1113)
08-05 02:58:44.466 27610 27610 I Glide   : 	at java.util.concurrent.ThreadPoolExecutor$Worker.run(ThreadPoolExecutor.java:588)
08-05 02:58:44.466 27610 27610 I Glide   : 	at java.lang.Thread.run(Thread.java:818)
08-05 02:58:44.466 27610 27610 W Glide   : Load failed for http://sixgun.org/files/linuxoutlaws.jpg with size [224x224]
08-05 02:58:44.466 27610 27610 W Glide   : class com.bumptech.glide.load.engine.GlideException: Failed to load resource
08-05 02:58:44.466 27610 27610 W Glide   : There was 1 cause:
08-05 02:58:44.466 27610 27610 W Glide   : com.bumptech.glide.load.HttpException()
08-05 02:58:44.466 27610 27610 W Glide   :  call GlideException#logRootCauses(String) for more detail
08-05 02:58:44.466 27610 27610 W Glide   :   Cause (1 of 1): class com.bumptech.glide.load.engine.GlideException: Fetching data failed, class java.io.InputStream, REMOTE
08-05 02:58:44.466 27610 27610 W Glide   : There was 1 cause:
08-05 02:58:44.466 27610 27610 W Glide   : com.bumptech.glide.load.HttpException()
08-05 02:58:44.466 27610 27610 W Glide   :  call GlideException#logRootCauses(String) for more detail
08-05 02:58:44.466 27610 27610 W Glide   :     Cause (1 of 1): class com.bumptech.glide.load.HttpException: 
08-05 02:58:44.466 27610 27610 I Glide   : Root cause (1 of 1)
08-05 02:58:44.466 27610 27610 I Glide   : com.bumptech.glide.load.HttpException: 
08-05 02:58:44.466 27610 27610 I Glide   : 	at com.bumptech.glide.integration.okhttp3.OkHttpStreamFetcher.onResponse(OkHttpStreamFetcher.java:73)
08-05 02:58:44.466 27610 27610 I Glide   : 	at okhttp3.RealCall$AsyncCall.execute(RealCall.java:174)
08-05 02:58:44.466 27610 27610 I Glide   : 	at okhttp3.internal.NamedRunnable.run(NamedRunnable.java:32)
08-05 02:58:44.466 27610 27610 I Glide   : 	at java.util.concurrent.ThreadPoolExecutor.runWorker(ThreadPoolExecutor.java:1113)
08-05 02:58:44.466 27610 27610 I Glide   : 	at java.util.concurrent.ThreadPoolExecutor$Worker.run(ThreadPoolExecutor.java:588)
08-05 02:58:44.466 27610 27610 I Glide   : 	at java.lang.Thread.run(Thread.java:818)
08-05 02:58:44.594   380   380 W SurfaceFlinger: couldn't log to binary event log: overflow.
08-05 02:58:44.703 27610 29065 I art     : Starting a blocking GC Explicit
08-05 02:58:44.748 27610 29065 I art     : Explicit concurrent mark sweep GC freed 2514(181KB) AllocSpace objects, 1(20KB) LOS objects, 23% free, 51MB/67MB, paused 1.320ms total 44.381ms
08-05 02:58:44.761 27610 29065 I art     : Starting a blocking GC Explicit
08-05 02:58:44.799 27610 29065 I art     : Explicit concurrent mark sweep GC freed 2895(237KB) AllocSpace objects, 1(28KB) LOS objects, 23% free, 50MB/66MB, paused 1.423ms total 37.174ms
08-05 02:58:44.809 27610 29065 I art     : Starting a blocking GC Explicit
08-05 02:58:44.845 27610 29065 I art     : Explicit concurrent mark sweep GC freed 3(96B) AllocSpace objects, 0(0B) LOS objects, 23% free, 50MB/66MB, paused 1.231ms total 36.093ms
08-05 02:58:44.856 27610 29065 I art     : Starting a blocking GC Explicit
08-05 02:58:44.892 27610 29065 I art     : Explicit concurrent mark sweep GC freed 3(96B) AllocSpace objects, 0(0B) LOS objects, 23% free, 50MB/66MB, paused 1.242ms total 35.946ms
08-05 02:58:44.903 27610 29065 I art     : Starting a blocking GC Explicit
08-05 02:58:44.939 27610 29065 I art     : Explicit concurrent mark sweep GC freed 3(96B) AllocSpace objects, 0(0B) LOS objects, 23% free, 50MB/66MB, paused 1.247ms total 36.586ms
08-05 02:58:45.272 27610 27623 I art     : Starting a blocking GC Explicit
08-05 02:58:45.314 27610 27623 I art     : Explicit concurrent mark sweep GC freed 1383(81KB) AllocSpace objects, 1(20KB) LOS objects, 23% free, 50MB/66MB, paused 1.228ms total 41.108ms
08-05 02:58:45.325 27610 27623 I art     : Starting a blocking GC Explicit
08-05 02:58:45.360 27610 27623 I art     : Explicit concurrent mark sweep GC freed 23(768B) AllocSpace objects, 0(0B) LOS objects, 23% free, 50MB/66MB, paused 1.185ms total 35.594ms
08-05 02:58:45.371 27610 27623 I art     : Starting a blocking GC Explicit
08-05 02:58:45.407 27610 27623 I art     : Explicit concurrent mark sweep GC freed 32(880B) AllocSpace objects, 0(0B) LOS objects, 23% free, 50MB/66MB, paused 1.332ms total 36.173ms
08-05 02:58:45.418 27610 27623 I art     : Starting a blocking GC Explicit
08-05 02:58:45.454 27610 27623 I art     : Explicit concurrent mark sweep GC freed 3(96B) AllocSpace objects, 0(0B) LOS objects, 23% free, 50MB/66MB, paused 1.242ms total 35.509ms
08-05 02:58:45.465 27610 27623 I art     : Starting a blocking GC Explicit
08-05 02:58:45.499 27610 27623 I art     : Explicit concurrent mark sweep GC freed 3(96B) AllocSpace objects, 0(0B) LOS objects, 23% free, 50MB/66MB, paused 1.353ms total 33.903ms
08-05 02:58:45.827 27610 27622 I art     : Starting a blocking GC Explicit
08-05 02:58:45.866 27610 27622 I art     : Explicit concurrent mark sweep GC freed 1382(81KB) AllocSpace objects, 1(20KB) LOS objects, 23% free, 50MB/66MB, paused 1.240ms total 39.174ms
08-05 02:58:45.877 27610 27622 I art     : Starting a blocking GC Explicit
08-05 02:58:45.884 30921 30921 D AndroidRuntime: >>>>>> START com.android.internal.os.RuntimeInit uid 2000 <<<<<<
08-05 02:58:45.889 30921 30921 D AndroidRuntime: CheckJNI is OFF
08-05 02:58:45.913 27610 27622 I art     : Explicit concurrent mark sweep GC freed 30(976B) AllocSpace objects, 0(0B) LOS objects, 23% free, 50MB/66MB, paused 1.264ms total 35.586ms
08-05 02:58:45.923 27610 27622 I art     : Starting a blocking GC Explicit
08-05 02:58:45.927 30921 30921 D ICU     : No timezone override file found: /data/misc/zoneinfo/current/icu/icu_tzdata.dat
08-05 02:58:45.955 27610 27622 I art     : Explicit concurrent mark sweep GC freed 15(480B) AllocSpace objects, 0(0B) LOS objects, 23% free, 50MB/66MB, paused 1.285ms total 31.326ms
08-05 02:58:45.960 30921 30921 I Radio-JNI: register_android_hardware_Radio DONE
08-05 02:58:45.964 27610 27622 I art     : Starting a blocking GC Explicit
08-05 02:58:45.982 30921 30921 D AndroidRuntime: Calling main entry com.android.commands.input.Input
08-05 02:58:45.984 30921 30921 I Input   : injectMotionEvent: MotionEvent { action=ACTION_DOWN, actionButton=0, id[0]=0, x[0]=526.0, y[0]=597.0, toolType[0]=TOOL_TYPE_UNKNOWN, buttonState=0, metaState=0, flags=0x0, edgeFlags=0x0, pointerCount=1, historySize=0, eventTime=759542397, downTime=759542397, deviceId=0, source=0x1002 }
08-05 02:58:45.989 30921 30921 I Input   : injectMotionEvent: MotionEvent { action=ACTION_UP, actionButton=0, id[0]=0, x[0]=526.0, y[0]=597.0, toolType[0]=TOOL_TYPE_UNKNOWN, buttonState=0, metaState=0, flags=0x0, edgeFlags=0x0, pointerCount=1, historySize=0, eventTime=759542397, downTime=759542397, deviceId=0, source=0x1002 }
08-05 02:58:45.991 30921 30921 D AndroidRuntime: Shutting down VM
08-05 02:58:45.995 27610 27622 I art     : Explicit concurrent mark sweep GC freed 20(608B) AllocSpace objects, 0(0B) LOS objects, 23% free, 50MB/66MB, paused 1.235ms total 30.549ms
08-05 02:58:46.005 27610 27622 I art     : Starting a blocking GC Explicit
08-05 02:58:46.035 27610 27622 I art     : Explicit concurrent mark sweep GC freed 26(1056B) AllocSpace objects, 0(0B) LOS objects, 23% free, 50MB/66MB, paused 1.109ms total 30.371ms
08-05 02:58:46.064 27610 27610 D PodcastListFragment: Selected podcast: GpodnetPodcast [url=http://feeds.feedburner.com/linuxoutlaws, title=Linux Outlaws, description=Two pragmatic geeks talk about the latest news concerning Linux, free and open
08-05 02:58:46.064 27610 27610 D PodcastListFragment: technology or anything else they deem noteworthy which may include such absurd
08-05 02:58:46.064 27610 27610 D PodcastListFragment: things as hockey or bands you never heard of. This means there's many a joke
08-05 02:58:46.064 27610 27610 D PodcastListFragment: and derailed conversation along the way, so don't come here expecting only
08-05 02:58:46.064 27610 27610 D PodcastListFragment: Linux or software freedom talk  just sit back and relax, partner., subscribers=3321, logoUrl=http://sixgun.org/files/linuxoutlaws.jpg, website=http://sixgun.org, mygpoLink=http://gpodder.net/podcast/linux-outlaws-mp3]
08-05 02:58:46.067   512  2967 D audio_hw_primary: out_set_parameters: enter: usecase(1: low-latency-playback) kvpairs: routing=2
08-05 02:58:46.067   918  3359 I ActivityManager: START u0 {cmp=baseline.de.danoeh.antennapod.debug/baseline.de.danoeh.antennapod.activity.OnlineFeedViewActivity (has extras)} from uid 10691 on display 0
08-05 02:58:46.080   512  2967 D audio_hw_primary: select_devices: out_snd_device(2: speaker) in_snd_device(0: none)
08-05 02:58:46.082   512  2967 D msm8974_platform: platform_send_audio_calibration: sending audio calibration for snd_device(2) acdb_id(15)
08-05 02:58:46.082   512  2967 I soundtrigger: audio_extn_sound_trigger_update_device_status: device 0x2 of type 0 for Event 1
08-05 02:58:46.093   512  2967 D audio_hw_primary: enable_snd_device: snd_device(2: speaker)
08-05 02:58:46.095   512  2967 D audio_hw_primary: enable_audio_route: apply and update mixer path: low-latency-playback speaker
08-05 02:58:46.109 27610 27610 D UserPreferences: Using default data folder
08-05 02:58:46.109 27610 27610 D OnlineFeedViewActivity: Activity was started with url http://feeds.feedburner.com/linuxoutlaws
08-05 02:58:46.111 27610 27610 D OnlineFeedViewActivity: Starting feed download
08-05 02:58:46.114 27610 27630 D DBReader: Extracting Feedlist
08-05 02:58:46.116   918  6110 D WifiService: acquireWifiLockLocked: WifiLock{Downloader type=1 binder=android.os.BinderProxy@91e60be}
08-05 02:58:46.116 27610 27630 D AntennapodHttpClient: Creating new instance of HTTP client
08-05 02:58:46.172   918   936 I ActivityManager: Displayed baseline.de.danoeh.antennapod.debug/baseline.de.danoeh.antennapod.activity.OnlineFeedViewActivity: +91ms
08-05 02:58:46.172 13866 13866 I GoogleInputMethodServic: GoogleInputMethodService.onFinishInput():3138 
08-05 02:58:46.173 13866 13866 I GoogleInputMethodServic: GoogleInputMethodService.onStartInput():1808 
08-05 02:58:46.193 27610 27631 D OpenGLRenderer: endAllStagingAnimators on 0x7f7d1a3000 (GridView) with handle 0x7f7a77dc00
08-05 02:58:46.265 27610 27630 D MYTAG   : interceptor 3a http://feeds.feedburner.com/linuxoutlaws
08-05 02:58:46.265 27610 27630 I NAPPA_EXPERIMENTATION: MetricNetworkRequestExecutionTime: REQUEST_DURATION_SYSTEM='148',REQUEST_DURATION_OKHTTP='40',REQUEST_SYNCHRONOUS='TRUE',RESPONSE_CODE='200',RESPONSE_METHOD='GET',RESPONSE_LENGTH_OKHTTP='-1',RESPONSE_LENGTH_HEADER='-2',REQUEST_PROTOCOL='http/1.1',REQUEST_URL='http://feeds.feedburner.com/linuxoutlaws',
08-05 02:58:46.265 27610 27630 D HttpDownloader: Response code is 200
08-05 02:58:46.265 27610 27630 D UserPreferences: Using default data folder
08-05 02:58:46.267 27610 27630 D HttpDownloader: Getting size of download
08-05 02:58:46.267 27610 27630 D HttpDownloader: Size is -1
08-05 02:58:46.267 27610 27630 D UserPreferences: Using default data folder
08-05 02:58:46.267 27610 27630 D HttpDownloader: Free space is 20297367552
08-05 02:58:46.267 27610 27630 D HttpDownloader: Starting download
08-05 02:58:46.270 27610 27630 D HttpDownloader: Download was successful
08-05 02:58:46.270   918  6110 D WifiService: releaseWifiLockLocked: WifiLock{Downloader type=1 binder=android.os.BinderProxy@91e60be}
08-05 02:58:46.271 27610 27610 D OnlineFeedViewActivity: Parsing feed
08-05 02:58:46.273 27610 30955 D TypeGetter: Recognized type RSS 2.0
08-05 02:58:46.275 27610 30955 D SyndHandler: Recognized Content namespace
08-05 02:58:46.275 27610 30955 D SyndHandler: Recognized DublinCore namespace
08-05 02:58:46.275 27610 30955 D SyndHandler: Recognized Atom namespace
08-05 02:58:46.275 27610 30955 D SyndHandler: Recognized ITunes namespace
08-05 02:58:46.275 27610 30955 D SyndHandler: Recognized media namespace
08-05 02:58:46.304 27610 30955 D OnlineFeedViewActivity: Deleted feed source file. Result: true
08-05 02:58:46.304 27610 27610 D OnlineFeedViewActivity: Removing HTML from shownotes
08-05 02:58:46.325 27610 28548 D ApOkHttpUrlLoader: buildLoadData() called with: model = [http://sixgun.org/files/linuxoutlaws.jpg], width = [350], height = [350]
08-05 02:58:46.328 27610 28365 D DBReader: getImageAuthentication() called with: imageUrl = [http://sixgun.org/files/linuxoutlaws.jpg]
08-05 02:58:46.328 27610 27684 I art     : Starting a blocking GC Explicit
08-05 02:58:46.332 27610 28365 D ApOkHttpUrlLoader: no credentials for 'http://sixgun.org/files/linuxoutlaws.jpg'
08-05 02:58:46.371 27610 27684 I art     : Explicit concurrent mark sweep GC freed 8319(925KB) AllocSpace objects, 15(828KB) LOS objects, 23% free, 51MB/67MB, paused 1.488ms total 42.839ms
08-05 02:58:46.371 27610 28365 D DBWriter: updateFeedDownloadURL(original: http://sixgun.org/files/linuxoutlaws.jpg, updated: https://fab.industries/sixgun/files/linuxoutlaws.jpg)
08-05 02:58:46.383 27610 27684 I art     : Starting a blocking GC Explicit
08-05 02:58:46.413   380   380 W SurfaceFlinger: couldn't log to binary event log: overflow.
08-05 02:58:46.427 27610 27684 I art     : Explicit concurrent mark sweep GC freed 1708(80KB) AllocSpace objects, 0(0B) LOS objects, 23% free, 51MB/67MB, paused 1.286ms total 43.424ms
08-05 02:58:46.436 27610 27684 I art     : Starting a blocking GC Explicit
08-05 02:58:46.467 27610 27684 I art     : Explicit concurrent mark sweep GC freed 37(1712B) AllocSpace objects, 0(0B) LOS objects, 23% free, 51MB/67MB, paused 1.104ms total 30.240ms
08-05 02:58:46.476 27610 27684 I art     : Starting a blocking GC Explicit
08-05 02:58:46.508 27610 27684 I art     : Explicit concurrent mark sweep GC freed 3(96B) AllocSpace objects, 0(0B) LOS objects, 23% free, 51MB/67MB, paused 1.401ms total 31.830ms
08-05 02:58:46.517 27610 27684 I art     : Starting a blocking GC Explicit
08-05 02:58:46.520 27610 28365 D MYTAG   : interceptor 2a
08-05 02:58:46.521 27610 28365 I NAPPA_EXPERIMENTATION: MetricNetworkRequestExecutionTime: REQUEST_DURATION_SYSTEM='188',REQUEST_DURATION_OKHTTP='146',REQUEST_SYNCHRONOUS='TRUE',RESPONSE_CODE='404',RESPONSE_METHOD='GET',RESPONSE_LENGTH_OKHTTP='-1',RESPONSE_LENGTH_HEADER='1503',REQUEST_PROTOCOL='h2',REQUEST_URL='https://fab.industries/sixgun/files/linuxoutlaws.jpg',
08-05 02:58:46.522 27610 27610 W Glide   : Load failed for http://sixgun.org/files/linuxoutlaws.jpg with size [350x350]
08-05 02:58:46.522 27610 27610 W Glide   : class com.bumptech.glide.load.engine.GlideException: Failed to load resource
08-05 02:58:46.522 27610 27610 W Glide   : There was 1 cause:
08-05 02:58:46.522 27610 27610 W Glide   : com.bumptech.glide.load.HttpException()
08-05 02:58:46.522 27610 27610 W Glide   :  call GlideException#logRootCauses(String) for more detail
08-05 02:58:46.522 27610 27610 W Glide   :   Cause (1 of 1): class com.bumptech.glide.load.engine.GlideException: Fetching data failed, class java.io.InputStream, REMOTE
08-05 02:58:46.522 27610 27610 W Glide   : There was 1 cause:
08-05 02:58:46.522 27610 27610 W Glide   : com.bumptech.glide.load.HttpException()
08-05 02:58:46.522 27610 27610 W Glide   :  call GlideException#logRootCauses(String) for more detail
08-05 02:58:46.522 27610 27610 W Glide   :     Cause (1 of 1): class com.bumptech.glide.load.HttpException: 
08-05 02:58:46.522 27610 27610 I Glide   : Root cause (1 of 1)
08-05 02:58:46.522 27610 27610 I Glide   : com.bumptech.glide.load.HttpException: 
08-05 02:58:46.522 27610 27610 I Glide   : 	at com.bumptech.glide.integration.okhttp3.OkHttpStreamFetcher.onResponse(OkHttpStreamFetcher.java:73)
08-05 02:58:46.522 27610 27610 I Glide   : 	at okhttp3.RealCall$AsyncCall.execute(RealCall.java:174)
08-05 02:58:46.522 27610 27610 I Glide   : 	at okhttp3.internal.NamedRunnable.run(NamedRunnable.java:32)
08-05 02:58:46.522 27610 27610 I Glide   : 	at java.util.concurrent.ThreadPoolExecutor.runWorker(ThreadPoolExecutor.java:1113)
08-05 02:58:46.522 27610 27610 I Glide   : 	at java.util.concurrent.ThreadPoolExecutor$Worker.run(ThreadPoolExecutor.java:588)
08-05 02:58:46.522 27610 27610 I Glide   : 	at java.lang.Thread.run(Thread.java:818)
08-05 02:58:46.551 27610 27684 I art     : Explicit concurrent mark sweep GC freed 302(41KB) AllocSpace objects, 0(0B) LOS objects, 23% free, 51MB/67MB, paused 1.304ms total 33.695ms
08-05 02:58:46.558 27610 27610 D PlaybackController: Releasing PlaybackController
08-05 02:58:46.639   512  2967 D audio_hw_primary: disable_audio_route: reset and update mixer path: low-latency-playback speaker
08-05 02:58:46.640   512  2967 D audio_hw_primary: disable_snd_device: snd_device(2: speaker)
08-05 02:58:46.648   512  2967 I soundtrigger: audio_extn_sound_trigger_update_device_status: device 0x2 of type 0 for Event 0
08-05 02:58:46.894 27610 28549 I art     : Starting a blocking GC Explicit
08-05 02:58:46.941 27610 28549 I art     : Explicit concurrent mark sweep GC freed 1838(102KB) AllocSpace objects, 2(132KB) LOS objects, 23% free, 51MB/67MB, paused 1.403ms total 47.187ms
08-05 02:58:46.955 27610 28549 I art     : Starting a blocking GC Explicit
08-05 02:58:46.993 27610 28549 I art     : Explicit concurrent mark sweep GC freed 42(1392B) AllocSpace objects, 0(0B) LOS objects, 23% free, 51MB/67MB, paused 1.276ms total 37.739ms
08-05 02:58:47.004 27610 28549 I art     : Starting a blocking GC Explicit
08-05 02:58:47.042 27610 28549 I art     : Explicit concurrent mark sweep GC freed 3(96B) AllocSpace objects, 0(0B) LOS objects, 23% free, 51MB/67MB, paused 1.255ms total 37.902ms
08-05 02:58:47.053 27610 28549 I art     : Starting a blocking GC Explicit
08-05 02:58:47.091 27610 28549 I art     : Explicit concurrent mark sweep GC freed 3(96B) AllocSpace objects, 0(0B) LOS objects, 23% free, 51MB/67MB, paused 1.158ms total 37.094ms
08-05 02:58:47.101 27610 28549 I art     : Starting a blocking GC Explicit
08-05 02:58:47.139 27610 28549 I art     : Explicit concurrent mark sweep GC freed 3(96B) AllocSpace objects, 0(0B) LOS objects, 23% free, 51MB/67MB, paused 1.277ms total 37.170ms
08-05 02:58:47.242   518   646 I ThermalEngine: ACTION: GPU - Setting GPU[0] to 450000000
08-05 02:58:47.496 27610 29065 I art     : Starting a blocking GC Explicit
08-05 02:58:47.558 27610 29065 I art     : Explicit concurrent mark sweep GC freed 1410(81KB) AllocSpace objects, 1(20KB) LOS objects, 23% free, 51MB/67MB, paused 1.831ms total 61.050ms
08-05 02:58:47.574 27610 29065 I art     : Starting a blocking GC Explicit
08-05 02:58:47.623 27610 29065 I art     : Explicit concurrent mark sweep GC freed 23(752B) AllocSpace objects, 0(0B) LOS objects, 23% free, 51MB/67MB, paused 1.736ms total 48.471ms
08-05 02:58:47.637 27610 29065 I art     : Starting a blocking GC Explicit
08-05 02:58:47.686 27610 29065 I art     : Explicit concurrent mark sweep GC freed 3(96B) AllocSpace objects, 0(0B) LOS objects, 23% free, 51MB/67MB, paused 1.702ms total 48.080ms
08-05 02:58:47.699 27610 29065 I art     : Starting a blocking GC Explicit
08-05 02:58:47.750 27610 29065 I art     : Explicit concurrent mark sweep GC freed 3(96B) AllocSpace objects, 0(0B) LOS objects, 23% free, 51MB/67MB, paused 1.756ms total 50.490ms
08-05 02:58:47.764 27610 29065 I art     : Starting a blocking GC Explicit
08-05 02:58:47.813 27610 29065 I art     : Explicit concurrent mark sweep GC freed 3(96B) AllocSpace objects, 0(0B) LOS objects, 23% free, 51MB/67MB, paused 1.842ms total 48.472ms
08-05 02:58:48.193 27610 27622 I art     : Starting a blocking GC Explicit
08-05 02:58:48.241 27610 27622 I art     : Explicit concurrent mark sweep GC freed 1409(81KB) AllocSpace objects, 1(20KB) LOS objects, 23% free, 51MB/67MB, paused 1.576ms total 47.675ms
08-05 02:58:48.255 27610 27622 I art     : Starting a blocking GC Explicit
08-05 02:58:48.305 27610 27622 I art     : Explicit concurrent mark sweep GC freed 23(752B) AllocSpace objects, 0(0B) LOS objects, 23% free, 51MB/67MB, paused 1.693ms total 49.246ms
08-05 02:58:48.318 27610 27622 I art     : Starting a blocking GC Explicit
08-05 02:58:48.367 27610 27622 I art     : Explicit concurrent mark sweep GC freed 3(96B) AllocSpace objects, 0(0B) LOS objects, 23% free, 51MB/67MB, paused 1.803ms total 48.674ms
08-05 02:58:48.381 27610 27622 I art     : Starting a blocking GC Explicit
08-05 02:58:48.431 27610 27622 I art     : Explicit concurrent mark sweep GC freed 35(976B) AllocSpace objects, 0(0B) LOS objects, 23% free, 51MB/67MB, paused 1.706ms total 49.760ms
08-05 02:58:48.445 27610 27622 I art     : Starting a blocking GC Explicit
08-05 02:58:48.495 27610 27622 I art     : Explicit concurrent mark sweep GC freed 8(320B) AllocSpace objects, 0(0B) LOS objects, 23% free, 51MB/67MB, paused 1.661ms total 48.922ms
08-05 02:58:48.884 27610 27684 I art     : Starting a blocking GC Explicit
08-05 02:58:48.946 27610 27684 I art     : Explicit concurrent mark sweep GC freed 1381(81KB) AllocSpace objects, 1(20KB) LOS objects, 23% free, 51MB/67MB, paused 1.609ms total 61.365ms
08-05 02:58:48.959 27610 27684 I art     : Starting a blocking GC Explicit
08-05 02:58:49.009 27610 27684 I art     : Explicit concurrent mark sweep GC freed 23(752B) AllocSpace objects, 0(0B) LOS objects, 23% free, 51MB/67MB, paused 1.853ms total 48.982ms
08-05 02:58:49.022 27610 27684 I art     : Starting a blocking GC Explicit
08-05 02:58:49.073 27610 27684 I art     : Explicit concurrent mark sweep GC freed 3(96B) AllocSpace objects, 0(0B) LOS objects, 23% free, 51MB/67MB, paused 1.733ms total 50.221ms
08-05 02:58:49.090 27610 27684 I art     : Starting a blocking GC Explicit
08-05 02:58:49.140 27610 27684 I art     : Explicit concurrent mark sweep GC freed 3(96B) AllocSpace objects, 0(0B) LOS objects, 23% free, 51MB/67MB, paused 1.679ms total 49.966ms
08-05 02:58:49.154 27610 27684 I art     : Starting a blocking GC Explicit
08-05 02:58:49.203 27610 27684 I art     : Explicit concurrent mark sweep GC freed 3(96B) AllocSpace objects, 0(0B) LOS objects, 23% free, 51MB/67MB, paused 1.607ms total 48.847ms
08-05 02:58:49.622 27610 27623 I art     : Starting a blocking GC Explicit
08-05 02:58:49.685 27610 27623 I art     : Explicit concurrent mark sweep GC freed 1410(81KB) AllocSpace objects, 1(20KB) LOS objects, 23% free, 51MB/67MB, paused 1.807ms total 62.633ms
08-05 02:58:49.703 27610 27623 I art     : Starting a blocking GC Explicit
08-05 02:58:49.755 27610 27623 I art     : Explicit concurrent mark sweep GC freed 23(752B) AllocSpace objects, 0(0B) LOS objects, 23% free, 51MB/67MB, paused 1.695ms total 51.895ms
08-05 02:58:49.769 27610 27623 I art     : Starting a blocking GC Explicit
08-05 02:58:49.820 27610 27623 I art     : Explicit concurrent mark sweep GC freed 3(96B) AllocSpace objects, 0(0B) LOS objects, 23% free, 51MB/67MB, paused 1.695ms total 50.458ms
08-05 02:58:49.840 27610 27623 I art     : Starting a blocking GC Explicit
08-05 02:58:49.889 27610 27623 I art     : Explicit concurrent mark sweep GC freed 3(96B) AllocSpace objects, 0(0B) LOS objects, 23% free, 51MB/67MB, paused 1.734ms total 48.490ms
08-05 02:58:49.903 27610 27623 I art     : Starting a blocking GC Explicit
08-05 02:58:49.953 27610 27623 I art     : Explicit concurrent mark sweep GC freed 3(96B) AllocSpace objects, 0(0B) LOS objects, 23% free, 51MB/67MB, paused 1.612ms total 49.404ms
08-05 02:58:50.246   518   646 I ThermalEngine: ACTION: GPU - Setting GPU[0] to 510000000
08-05 02:58:50.329 27610 28549 I art     : Starting a blocking GC Explicit
08-05 02:58:50.368 27610 28549 I art     : Explicit concurrent mark sweep GC freed 1383(84KB) AllocSpace objects, 1(20KB) LOS objects, 23% free, 51MB/67MB, paused 1.304ms total 38.424ms
08-05 02:58:50.378 27610 28549 I art     : Starting a blocking GC Explicit
08-05 02:58:50.414 27610 28549 I art     : Explicit concurrent mark sweep GC freed 52(1536B) AllocSpace objects, 0(0B) LOS objects, 23% free, 51MB/67MB, paused 1.224ms total 35.919ms
08-05 02:58:50.424 27610 28549 I art     : Starting a blocking GC Explicit
08-05 02:58:50.459 27610 28549 I art     : Explicit concurrent mark sweep GC freed 3(96B) AllocSpace objects, 0(0B) LOS objects, 23% free, 51MB/67MB, paused 1.259ms total 34.387ms
08-05 02:58:50.469 27610 28549 I art     : Starting a blocking GC Explicit
08-05 02:58:50.504 27610 28549 I art     : Explicit concurrent mark sweep GC freed 3(96B) AllocSpace objects, 0(0B) LOS objects, 23% free, 51MB/67MB, paused 1.263ms total 34.887ms
08-05 02:58:50.515 27610 28549 I art     : Starting a blocking GC Explicit
08-05 02:58:50.530 23120 23120 I ServiceManager: Waiting for service AtCmdFwd...
08-05 02:58:50.550 27610 28549 I art     : Explicit concurrent mark sweep GC freed 3(96B) AllocSpace objects, 0(0B) LOS objects, 23% free, 51MB/67MB, paused 1.241ms total 35.283ms
08-05 02:58:50.665 31016 31016 D AndroidRuntime: >>>>>> START com.android.internal.os.RuntimeInit uid 2000 <<<<<<
08-05 02:58:50.673 31016 31016 D AndroidRuntime: CheckJNI is OFF
08-05 02:58:50.708 31016 31016 D ICU     : No timezone override file found: /data/misc/zoneinfo/current/icu/icu_tzdata.dat
08-05 02:58:50.740 31016 31016 I Radio-JNI: register_android_hardware_Radio DONE
08-05 02:58:50.762 31016 31016 D AndroidRuntime: Calling main entry com.android.commands.input.Input
08-05 02:58:50.763 31016 31016 I Input   : injectKeyEvent: KeyEvent { action=ACTION_DOWN, keyCode=KEYCODE_BACK, scanCode=0, metaState=0, flags=0x0, repeatCount=0, eventTime=759547176, downTime=759547176, deviceId=-1, source=0x101 }
08-05 02:58:50.770 31016 31016 I Input   : injectKeyEvent: KeyEvent { action=ACTION_UP, keyCode=KEYCODE_BACK, scanCode=0, metaState=0, flags=0x0, repeatCount=0, eventTime=759547176, downTime=759547176, deviceId=-1, source=0x101 }
08-05 02:58:50.777 31016 31016 D AndroidRuntime: Shutting down VM
08-05 02:58:50.782 27610 27610 V PlaybackController: initServiceNotRunning()
08-05 02:58:50.783 27610 27610 D ExternalPlayerFragment: Loading media info
08-05 02:58:50.787 27610 28548 D ApOkHttpUrlLoader: buildLoadData() called with: model = [http://sixgun.org/files/linuxoutlaws.jpg], width = [224], height = [224]
08-05 02:58:50.788 27610 28365 D DBReader: getImageAuthentication() called with: imageUrl = [http://sixgun.org/files/linuxoutlaws.jpg]
08-05 02:58:50.791 27610 28365 D ApOkHttpUrlLoader: no credentials for 'http://sixgun.org/files/linuxoutlaws.jpg'
08-05 02:58:50.793 27610 27610 D UserPreferences: Using default data folder
08-05 02:58:50.795 27610 27630 D DBReader: getNavDrawerData() called with: 
08-05 02:58:50.807 27610 27630 D DBReader: getDownloadedItems() called
08-05 02:58:50.808 27610 27630 D DBReader: getFavoriteIDList() called
08-05 02:58:50.809 27610 27630 D DBReader: getQueueIDList() called
08-05 02:58:50.810 27610 27630 D DBReader: Extracting Feedlist
08-05 02:58:50.847 13866 13866 I GoogleInputMethodServic: GoogleInputMethodService.onFinishInput():3138 
08-05 02:58:50.847 13866 13866 I GoogleInputMethodServic: GoogleInputMethodService.onStartInput():1808 
08-05 02:58:50.848 27610 27610 D MainActivity: getLastNavFragment() -> AddFeedFragment
08-05 02:58:50.867 27610 28365 D DBWriter: updateFeedDownloadURL(original: http://sixgun.org/files/linuxoutlaws.jpg, updated: https://fab.industries/sixgun/files/linuxoutlaws.jpg)
08-05 02:58:50.889 27610 27622 I art     : Starting a blocking GC Explicit
08-05 02:58:50.920 27610 27622 I art     : Explicit concurrent mark sweep GC freed 3080(185KB) AllocSpace objects, 1(20KB) LOS objects, 23% free, 51MB/67MB, paused 1.176ms total 31.455ms
08-05 02:58:50.931 27610 27622 I art     : Starting a blocking GC Explicit
08-05 02:58:50.969 27610 27622 I art     : Explicit concurrent mark sweep GC freed 490(26KB) AllocSpace objects, 0(0B) LOS objects, 23% free, 51MB/67MB, paused 1.155ms total 37.880ms
08-05 02:58:50.981 27610 27622 I art     : Starting a blocking GC Explicit
08-05 02:58:51.018 27610 28365 D MYTAG   : interceptor 2a
08-05 02:58:51.019 27610 28365 I NAPPA_EXPERIMENTATION: MetricNetworkRequestExecutionTime: REQUEST_DURATION_SYSTEM='227',REQUEST_DURATION_OKHTTP='148',REQUEST_SYNCHRONOUS='TRUE',RESPONSE_CODE='404',RESPONSE_METHOD='GET',RESPONSE_LENGTH_OKHTTP='-1',RESPONSE_LENGTH_HEADER='1503',REQUEST_PROTOCOL='h2',REQUEST_URL='https://fab.industries/sixgun/files/linuxoutlaws.jpg',
08-05 02:58:51.023 27610 27610 W Glide   : Load failed for http://sixgun.org/files/linuxoutlaws.jpg with size [224x224]
08-05 02:58:51.023 27610 27610 W Glide   : class com.bumptech.glide.load.engine.GlideException: Failed to load resource
08-05 02:58:51.023 27610 27610 W Glide   : There was 1 cause:
08-05 02:58:51.023 27610 27610 W Glide   : com.bumptech.glide.load.HttpException()
08-05 02:58:51.023 27610 27610 W Glide   :  call GlideException#logRootCauses(String) for more detail
08-05 02:58:51.023 27610 27610 W Glide   :   Cause (1 of 1): class com.bumptech.glide.load.engine.GlideException: Fetching data failed, class java.io.InputStream, REMOTE
08-05 02:58:51.023 27610 27610 W Glide   : There was 1 cause:
08-05 02:58:51.023 27610 27610 W Glide   : com.bumptech.glide.load.HttpException()
08-05 02:58:51.023 27610 27610 W Glide   :  call GlideException#logRootCauses(String) for more detail
08-05 02:58:51.023 27610 27610 W Glide   :     Cause (1 of 1): class com.bumptech.glide.load.HttpException: 
08-05 02:58:51.023 27610 27622 I art     : Explicit concurrent mark sweep GC freed 116(11KB) AllocSpace objects, 0(0B) LOS objects, 23% free, 51MB/67MB, paused 1.929ms total 41.517ms
08-05 02:58:51.023 27610 27610 I Glide   : Root cause (1 of 1)
08-05 02:58:51.023 27610 27610 I Glide   : com.bumptech.glide.load.HttpException: 
08-05 02:58:51.023 27610 27610 I Glide   : 	at com.bumptech.glide.integration.okhttp3.OkHttpStreamFetcher.onResponse(OkHttpStreamFetcher.java:73)
08-05 02:58:51.023 27610 27610 I Glide   : 	at okhttp3.RealCall$AsyncCall.execute(RealCall.java:174)
08-05 02:58:51.023 27610 27610 I Glide   : 	at okhttp3.internal.NamedRunnable.run(NamedRunnable.java:32)
08-05 02:58:51.023 27610 27610 I Glide   : 	at java.util.concurrent.ThreadPoolExecutor.runWorker(ThreadPoolExecutor.java:1113)
08-05 02:58:51.023 27610 27610 I Glide   : 	at java.util.concurrent.ThreadPoolExecutor$Worker.run(ThreadPoolExecutor.java:588)
08-05 02:58:51.023 27610 27610 I Glide   : 	at java.lang.Thread.run(Thread.java:818)
08-05 02:58:51.024 27610 27610 W Glide   : Load failed for http://sixgun.org/files/linuxoutlaws.jpg with size [224x224]
08-05 02:58:51.024 27610 27610 W Glide   : class com.bumptech.glide.load.engine.GlideException: Failed to load resource
08-05 02:58:51.024 27610 27610 W Glide   : There was 1 cause:
08-05 02:58:51.024 27610 27610 W Glide   : com.bumptech.glide.load.HttpException()
08-05 02:58:51.024 27610 27610 W Glide   :  call GlideException#logRootCauses(String) for more detail
08-05 02:58:51.024 27610 27610 W Glide   :   Cause (1 of 1): class com.bumptech.glide.load.engine.GlideException: Fetching data failed, class java.io.InputStream, REMOTE
08-05 02:58:51.024 27610 27610 W Glide   : There was 1 cause:
08-05 02:58:51.024 27610 27610 W Glide   : com.bumptech.glide.load.HttpException()
08-05 02:58:51.024 27610 27610 W Glide   :  call GlideException#logRootCauses(String) for more detail
08-05 02:58:51.024 27610 27610 W Glide   :     Cause (1 of 1): class com.bumptech.glide.load.HttpException: 
08-05 02:58:51.024 27610 27610 I Glide   : Root cause (1 of 1)
08-05 02:58:51.024 27610 27610 I Glide   : com.bumptech.glide.load.HttpException: 
08-05 02:58:51.024 27610 27610 I Glide   : 	at com.bumptech.glide.integration.okhttp3.OkHttpStreamFetcher.onResponse(OkHttpStreamFetcher.java:73)
08-05 02:58:51.024 27610 27610 I Glide   : 	at okhttp3.RealCall$AsyncCall.execute(RealCall.java:174)
08-05 02:58:51.024 27610 27610 I Glide   : 	at okhttp3.internal.NamedRunnable.run(NamedRunnable.java:32)
08-05 02:58:51.024 27610 27610 I Glide   : 	at java.util.concurrent.ThreadPoolExecutor.runWorker(ThreadPoolExecutor.java:1113)
08-05 02:58:51.024 27610 27610 I Glide   : 	at java.util.concurrent.ThreadPoolExecutor$Worker.run(ThreadPoolExecutor.java:588)
08-05 02:58:51.024 27610 27610 I Glide   : 	at java.lang.Thread.run(Thread.java:818)
08-05 02:58:51.036 27610 27622 I art     : Starting a blocking GC Explicit
08-05 02:58:51.081 27610 27622 I art     : Explicit concurrent mark sweep GC freed 463(64KB) AllocSpace objects, 0(0B) LOS objects, 23% free, 51MB/67MB, paused 1.224ms total 44.742ms
08-05 02:58:51.094 27610 27622 I art     : Starting a blocking GC Explicit
08-05 02:58:51.118   380   380 W SurfaceFlinger: couldn't log to binary event log: overflow.
08-05 02:58:51.134 27610 27622 I art     : Explicit concurrent mark sweep GC freed 503(21KB) AllocSpace objects, 0(0B) LOS objects, 23% free, 51MB/67MB, paused 1.434ms total 39.809ms
08-05 02:58:51.474 27610 27623 I art     : Starting a blocking GC Explicit
08-05 02:58:51.522 27610 27623 I art     : Explicit concurrent mark sweep GC freed 1522(88KB) AllocSpace objects, 1(20KB) LOS objects, 23% free, 51MB/67MB, paused 1.443ms total 47.278ms
08-05 02:58:51.531 23120 23120 I ServiceManager: Waiting for service AtCmdFwd...
08-05 02:58:51.537 27610 27623 I art     : Starting a blocking GC Explicit
08-05 02:58:51.575 27610 27623 I art     : Explicit concurrent mark sweep GC freed 2879(236KB) AllocSpace objects, 1(28KB) LOS objects, 23% free, 50MB/66MB, paused 1.269ms total 36.900ms
08-05 02:58:51.585 27610 27623 I art     : Starting a blocking GC Explicit
08-05 02:58:51.622 27610 27623 I art     : Explicit concurrent mark sweep GC freed 3(96B) AllocSpace objects, 0(0B) LOS objects, 23% free, 50MB/66MB, paused 1.245ms total 36.446ms
08-05 02:58:51.633 27610 27623 I art     : Starting a blocking GC Explicit
08-05 02:58:51.669 27610 27623 I art     : Explicit concurrent mark sweep GC freed 3(96B) AllocSpace objects, 0(0B) LOS objects, 23% free, 50MB/66MB, paused 1.292ms total 35.591ms
08-05 02:58:51.679 27610 27623 I art     : Starting a blocking GC Explicit
08-05 02:58:51.715 27610 27623 I art     : Explicit concurrent mark sweep GC freed 3(96B) AllocSpace objects, 0(0B) LOS objects, 23% free, 50MB/66MB, paused 1.254ms total 35.315ms
08-05 02:58:52.057 27610 29065 I art     : Starting a blocking GC Explicit
08-05 02:58:52.092 27610 29065 I art     : Explicit concurrent mark sweep GC freed 1383(81KB) AllocSpace objects, 1(20KB) LOS objects, 23% free, 50MB/66MB, paused 1.237ms total 35.031ms
08-05 02:58:52.102 27610 29065 I art     : Starting a blocking GC Explicit
08-05 02:58:52.137 27610 29065 I art     : Explicit concurrent mark sweep GC freed 23(752B) AllocSpace objects, 0(0B) LOS objects, 23% free, 50MB/66MB, paused 1.471ms total 34.497ms
08-05 02:58:52.148 27610 29065 I art     : Starting a blocking GC Explicit
08-05 02:58:52.182 27610 29065 I art     : Explicit concurrent mark sweep GC freed 3(96B) AllocSpace objects, 0(0B) LOS objects, 23% free, 50MB/66MB, paused 1.237ms total 33.774ms
08-05 02:58:52.192 27610 29065 I art     : Starting a blocking GC Explicit
08-05 02:58:52.225 27610 29065 I art     : Explicit concurrent mark sweep GC freed 3(96B) AllocSpace objects, 0(0B) LOS objects, 23% free, 50MB/66MB, paused 1.227ms total 33.457ms
08-05 02:58:52.235 27610 29065 I art     : Starting a blocking GC Explicit
08-05 02:58:52.269 27610 29065 I art     : Explicit concurrent mark sweep GC freed 3(96B) AllocSpace objects, 0(0B) LOS objects, 23% free, 50MB/66MB, paused 1.252ms total 33.590ms
08-05 02:58:52.437 31059 31059 D AndroidRuntime: >>>>>> START com.android.internal.os.RuntimeInit uid 2000 <<<<<<
08-05 02:58:52.442 31059 31059 D AndroidRuntime: CheckJNI is OFF
08-05 02:58:52.475 31059 31059 D ICU     : No timezone override file found: /data/misc/zoneinfo/current/icu/icu_tzdata.dat
08-05 02:58:52.506 31059 31059 I Radio-JNI: register_android_hardware_Radio DONE
08-05 02:58:52.526 31059 31059 D AndroidRuntime: Calling main entry com.android.commands.input.Input
08-05 02:58:52.528 31059 31059 I Input   : injectKeyEvent: KeyEvent { action=ACTION_DOWN, keyCode=KEYCODE_BACK, scanCode=0, metaState=0, flags=0x0, repeatCount=0, eventTime=759548941, downTime=759548941, deviceId=-1, source=0x101 }
08-05 02:58:52.532 23120 23120 I ServiceManager: Waiting for service AtCmdFwd...
08-05 02:58:52.532 31059 31059 I Input   : injectKeyEvent: KeyEvent { action=ACTION_UP, keyCode=KEYCODE_BACK, scanCode=0, metaState=0, flags=0x0, repeatCount=0, eventTime=759548941, downTime=759548941, deviceId=-1, source=0x101 }
08-05 02:58:52.547 31059 31059 D AndroidRuntime: Shutting down VM
08-05 02:58:52.595 27610 28549 I art     : Starting a blocking GC Explicit
08-05 02:58:52.630 27610 28549 I art     : Explicit concurrent mark sweep GC freed 3603(172KB) AllocSpace objects, 1(20KB) LOS objects, 23% free, 50MB/66MB, paused 1.231ms total 35.065ms
08-05 02:58:52.641 27610 28549 I art     : Starting a blocking GC Explicit
08-05 02:58:52.675 27610 28549 I art     : Explicit concurrent mark sweep GC freed 5410(397KB) AllocSpace objects, 9(1620KB) LOS objects, 24% free, 48MB/64MB, paused 1.166ms total 34.234ms
08-05 02:58:52.685 27610 28549 I art     : Starting a blocking GC Explicit
08-05 02:58:52.718 27610 28549 I art     : Explicit concurrent mark sweep GC freed 3(96B) AllocSpace objects, 0(0B) LOS objects, 24% free, 48MB/64MB, paused 1.238ms total 33.110ms
08-05 02:58:52.729 27610 28549 I art     : Starting a blocking GC Explicit
08-05 02:58:52.762 27610 28549 I art     : Explicit concurrent mark sweep GC freed 3(96B) AllocSpace objects, 0(0B) LOS objects, 24% free, 48MB/64MB, paused 1.263ms total 33.623ms
08-05 02:58:52.773 27610 28549 I art     : Starting a blocking GC Explicit
08-05 02:58:52.806 27610 28549 I art     : Explicit concurrent mark sweep GC freed 3(96B) AllocSpace objects, 0(0B) LOS objects, 24% free, 48MB/64MB, paused 1.166ms total 33.543ms
08-05 02:58:53.114 27610 29065 I art     : Starting a blocking GC Explicit
08-05 02:58:53.158 27610 29065 I art     : Explicit concurrent mark sweep GC freed 1382(82KB) AllocSpace objects, 1(20KB) LOS objects, 24% free, 48MB/64MB, paused 1.296ms total 43.039ms
08-05 02:58:53.172 27610 29065 I art     : Starting a blocking GC Explicit
08-05 02:58:53.207 27610 29065 I art     : Explicit concurrent mark sweep GC freed 23(752B) AllocSpace objects, 0(0B) LOS objects, 24% free, 48MB/64MB, paused 1.285ms total 35.017ms
08-05 02:58:53.218 27610 29065 I art     : Starting a blocking GC Explicit
08-05 02:58:53.252 27610 29065 I art     : Explicit concurrent mark sweep GC freed 3(96B) AllocSpace objects, 0(0B) LOS objects, 24% free, 48MB/64MB, paused 1.184ms total 34.279ms
08-05 02:58:53.252 27610 27621 I art     : WaitForGcToComplete blocked for 10.443ms for cause HeapTrim
08-05 02:58:53.263 27610 29065 I art     : Starting a blocking GC Explicit
08-05 02:58:53.297 27610 29065 I art     : Explicit concurrent mark sweep GC freed 3(96B) AllocSpace objects, 0(0B) LOS objects, 24% free, 48MB/64MB, paused 1.367ms total 34.430ms
08-05 02:58:53.308 27610 29065 I art     : Starting a blocking GC Explicit
08-05 02:58:53.342 27610 29065 I art     : Explicit concurrent mark sweep GC freed 3(96B) AllocSpace objects, 0(0B) LOS objects, 24% free, 48MB/64MB, paused 1.299ms total 34.048ms
08-05 02:58:53.532 23120 23120 I ServiceManager: Waiting for service AtCmdFwd...
08-05 02:58:53.665 27610 27622 I art     : Starting a blocking GC Explicit
08-05 02:58:53.705 27610 27622 I art     : Explicit concurrent mark sweep GC freed 1410(82KB) AllocSpace objects, 1(20KB) LOS objects, 24% free, 48MB/64MB, paused 1.197ms total 39.373ms
08-05 02:58:53.715 27610 27622 I art     : Starting a blocking GC Explicit
08-05 02:58:53.749 27610 27622 I art     : Explicit concurrent mark sweep GC freed 23(752B) AllocSpace objects, 0(0B) LOS objects, 24% free, 48MB/64MB, paused 1.177ms total 33.245ms
08-05 02:58:53.759 27610 27622 I art     : Starting a blocking GC Explicit
08-05 02:58:53.791 27610 27622 I art     : Explicit concurrent mark sweep GC freed 3(96B) AllocSpace objects, 0(0B) LOS objects, 24% free, 48MB/64MB, paused 1.126ms total 31.906ms
08-05 02:58:53.801 27610 27622 I art     : Starting a blocking GC Explicit
08-05 02:58:53.832 27610 27622 I art     : Explicit concurrent mark sweep GC freed 3(96B) AllocSpace objects, 0(0B) LOS objects, 24% free, 48MB/64MB, paused 1.216ms total 30.840ms
08-05 02:58:53.842 27610 27622 I art     : Starting a blocking GC Explicit
08-05 02:58:53.874 27610 27622 I art     : Explicit concurrent mark sweep GC freed 3(96B) AllocSpace objects, 0(0B) LOS objects, 24% free, 48MB/64MB, paused 1.162ms total 31.899ms
08-05 02:58:54.189 27610 28549 I art     : Starting a blocking GC Explicit
08-05 02:58:54.194 31102 31102 D AndroidRuntime: >>>>>> START com.android.internal.os.RuntimeInit uid 2000 <<<<<<
08-05 02:58:54.200 31102 31102 D AndroidRuntime: CheckJNI is OFF
08-05 02:58:54.224 27610 28549 I art     : Explicit concurrent mark sweep GC freed 1389(83KB) AllocSpace objects, 1(20KB) LOS objects, 24% free, 48MB/64MB, paused 1.356ms total 34.765ms
08-05 02:58:54.234 27610 28549 I art     : Starting a blocking GC Explicit
08-05 02:58:54.239 31102 31102 D ICU     : No timezone override file found: /data/misc/zoneinfo/current/icu/icu_tzdata.dat
08-05 02:58:54.267 27610 28549 I art     : Explicit concurrent mark sweep GC freed 29(944B) AllocSpace objects, 0(0B) LOS objects, 24% free, 48MB/64MB, paused 1.268ms total 32.798ms
08-05 02:58:54.275 31102 31102 I Radio-JNI: register_android_hardware_Radio DONE
08-05 02:58:54.277 27610 28549 I art     : Starting a blocking GC Explicit
08-05 02:58:54.297 31102 31102 D AndroidRuntime: Calling main entry com.android.commands.input.Input
08-05 02:58:54.299 31102 31102 I Input   : injectMotionEvent: MotionEvent { action=ACTION_DOWN, actionButton=0, id[0]=0, x[0]=603.0, y[0]=1061.0, toolType[0]=TOOL_TYPE_UNKNOWN, buttonState=0, metaState=0, flags=0x0, edgeFlags=0x0, pointerCount=1, historySize=0, eventTime=759550712, downTime=759550712, deviceId=0, source=0x1002 }
08-05 02:58:54.307 27610 28549 I art     : Explicit concurrent mark sweep GC freed 7(224B) AllocSpace objects, 0(0B) LOS objects, 24% free, 48MB/64MB, paused 1.054ms total 29.583ms
08-05 02:58:54.307 31102 31102 I Input   : injectMotionEvent: MotionEvent { action=ACTION_UP, actionButton=0, id[0]=0, x[0]=603.0, y[0]=1061.0, toolType[0]=TOOL_TYPE_UNKNOWN, buttonState=0, metaState=0, flags=0x0, edgeFlags=0x0, pointerCount=1, historySize=0, eventTime=759550712, downTime=759550712, deviceId=0, source=0x1002 }
08-05 02:58:54.310 31102 31102 D AndroidRuntime: Shutting down VM
08-05 02:58:54.317 27610 28549 I art     : Starting a blocking GC Explicit
08-05 02:58:54.325   512  2967 D audio_hw_primary: out_set_parameters: enter: usecase(1: low-latency-playback) kvpairs: routing=2
08-05 02:58:54.338   512  2967 D audio_hw_primary: select_devices: out_snd_device(2: speaker) in_snd_device(0: none)
08-05 02:58:54.338   512  2967 D msm8974_platform: platform_send_audio_calibration: sending audio calibration for snd_device(2) acdb_id(15)
08-05 02:58:54.338   512  2967 I soundtrigger: audio_extn_sound_trigger_update_device_status: device 0x2 of type 0 for Event 1
08-05 02:58:54.349 27610 28549 I art     : Explicit concurrent mark sweep GC freed 622(26KB) AllocSpace objects, 0(0B) LOS objects, 24% free, 49MB/65MB, paused 1.388ms total 31.238ms
08-05 02:58:54.349   512  2967 D audio_hw_primary: enable_snd_device: snd_device(2: speaker)
08-05 02:58:54.352   512  2967 D audio_hw_primary: enable_audio_route: apply and update mixer path: low-latency-playback speaker
08-05 02:58:54.358 27610 28549 I art     : Starting a blocking GC Explicit
08-05 02:58:54.390 27610 28549 I art     : Explicit concurrent mark sweep GC freed 2341(94KB) AllocSpace objects, 0(0B) LOS objects, 24% free, 49MB/65MB, paused 1.756ms total 31.981ms
08-05 02:58:54.480 27610 31126 I NAPPA_EXPERIMENTATION: MetricNetworkRequestExecutionTime: REQUEST_DURATION_SYSTEM='119',REQUEST_DURATION_OKHTTP='117',REQUEST_SYNCHRONOUS='TRUE',RESPONSE_CODE='200',RESPONSE_METHOD='GET',RESPONSE_LENGTH_OKHTTP='37507',RESPONSE_LENGTH_HEADER='37507',REQUEST_PROTOCOL='http/1.1',REQUEST_URL='https://gpodder.net/toplist/50.json',
08-05 02:58:54.486 27610 30131 I NAPPA_EXPERIMENTATION: MetricNetworkRequestExecutionTime: REQUEST_DURATION_SYSTEM='123',REQUEST_DURATION_OKHTTP='122',REQUEST_SYNCHRONOUS='TRUE',RESPONSE_CODE='200',RESPONSE_METHOD='GET',RESPONSE_LENGTH_OKHTTP='2923',RESPONSE_LENGTH_HEADER='2923',REQUEST_PROTOCOL='http/1.1',REQUEST_URL='https://gpodder.net/api/2/tags/50.json',
08-05 02:58:54.527 27610 28548 D ApOkHttpUrlLoader: buildLoadData() called with: model = [http://sixgun.org/files/linuxoutlaws.jpg], width = [224], height = [224]
08-05 02:58:54.529 27610 28365 D DBReader: getImageAuthentication() called with: imageUrl = [http://sixgun.org/files/linuxoutlaws.jpg]
08-05 02:58:54.532 27610 28365 D ApOkHttpUrlLoader: no credentials for 'http://sixgun.org/files/linuxoutlaws.jpg'
08-05 02:58:54.533 23120 23120 I ServiceManager: Waiting for service AtCmdFwd...
08-05 02:58:54.540 27610 28548 D ApOkHttpUrlLoader: buildLoadData() called with: model = [https://files.thisamericanlife.org/sites/all/themes/thislife/img/tal-name-1400x1400.png], width = [224], height = [224]
08-05 02:58:54.547 27610 28548 D ApOkHttpUrlLoader: buildLoadData() called with: model = [https://elroy.twit.tv/sites/default/files/styles/twit_album_art_2048x2048/public/images/shows/floss_weekly/album_art/audio/floss_albumart_mask.jpg?itok=IUjxKpwt], width = [224], height = [224]
08-05 02:58:54.551 27610 28548 D ApOkHttpUrlLoader: buildLoadData() called with: model = [http://ichef.bbci.co.uk/images/ic/3000x3000/p07kfvzb.jpg], width = [224], height = [224]
08-05 02:58:54.554 27610 28548 D ApOkHttpUrlLoader: buildLoadData() called with: model = [https://pl.tedcdn.com/rss_feed_images/ted_talks_main_podcast/video.png], width = [224], height = [224]
08-05 02:58:54.557 27610 28548 D ApOkHttpUrlLoader: buildLoadData() called with: model = [https://elroy.twit.tv/sites/default/files/styles/twit_album_art_2048x2048/public/images/shows/this_week_in_tech/album_art/audio/twit1400audio.jpg?itok=J0vhatZb], width = [224], height = [224]
08-05 02:58:54.562 27610 28548 D ApOkHttpUrlLoader: buildLoadData() called with: model = [http://ichef.bbci.co.uk/images/ic/3000x3000/p03gtk3j.jpg], width = [224], height = [224]
08-05 02:58:54.570 27610 28365 D DBWriter: updateFeedDownloadURL(original: http://sixgun.org/files/linuxoutlaws.jpg, updated: https://fab.industries/sixgun/files/linuxoutlaws.jpg)
08-05 02:58:54.671 27610 27622 I art     : Starting a blocking GC Explicit
08-05 02:58:54.705 27610 27622 I art     : Explicit concurrent mark sweep GC freed 9273(587KB) AllocSpace objects, 5(432KB) LOS objects, 23% free, 50MB/66MB, paused 1.161ms total 33.531ms
08-05 02:58:54.715 27610 27622 I art     : Starting a blocking GC Explicit
08-05 02:58:54.718 27610 28365 D MYTAG   : interceptor 2a
08-05 02:58:54.719 27610 28365 I NAPPA_EXPERIMENTATION: MetricNetworkRequestExecutionTime: REQUEST_DURATION_SYSTEM='186',REQUEST_DURATION_OKHTTP='146',REQUEST_SYNCHRONOUS='TRUE',RESPONSE_CODE='404',RESPONSE_METHOD='GET',RESPONSE_LENGTH_OKHTTP='-1',RESPONSE_LENGTH_HEADER='1503',REQUEST_PROTOCOL='h2',REQUEST_URL='https://fab.industries/sixgun/files/linuxoutlaws.jpg',
08-05 02:58:54.720 27610 27610 W Glide   : Load failed for http://sixgun.org/files/linuxoutlaws.jpg with size [224x224]
08-05 02:58:54.720 27610 27610 W Glide   : class com.bumptech.glide.load.engine.GlideException: Failed to load resource
08-05 02:58:54.720 27610 27610 W Glide   : There was 1 cause:
08-05 02:58:54.720 27610 27610 W Glide   : com.bumptech.glide.load.HttpException()
08-05 02:58:54.720 27610 27610 W Glide   :  call GlideException#logRootCauses(String) for more detail
08-05 02:58:54.720 27610 27610 W Glide   :   Cause (1 of 1): class com.bumptech.glide.load.engine.GlideException: Fetching data failed, class java.io.InputStream, REMOTE
08-05 02:58:54.720 27610 27610 W Glide   : There was 1 cause:
08-05 02:58:54.720 27610 27610 W Glide   : com.bumptech.glide.load.HttpException()
08-05 02:58:54.720 27610 27610 W Glide   :  call GlideException#logRootCauses(String) for more detail
08-05 02:58:54.720 27610 27610 W Glide   :     Cause (1 of 1): class com.bumptech.glide.load.HttpException: 
08-05 02:58:54.720 27610 27610 I Glide   : Root cause (1 of 1)
08-05 02:58:54.720 27610 27610 I Glide   : com.bumptech.glide.load.HttpException: 
08-05 02:58:54.720 27610 27610 I Glide   : 	at com.bumptech.glide.integration.okhttp3.OkHttpStreamFetcher.onResponse(OkHttpStreamFetcher.java:73)
08-05 02:58:54.720 27610 27610 I Glide   : 	at okhttp3.RealCall$AsyncCall.execute(RealCall.java:174)
08-05 02:58:54.720 27610 27610 I Glide   : 	at okhttp3.internal.NamedRunnable.run(NamedRunnable.java:32)
08-05 02:58:54.720 27610 27610 I Glide   : 	at java.util.concurrent.ThreadPoolExecutor.runWorker(ThreadPoolExecutor.java:1113)
08-05 02:58:54.720 27610 27610 I Glide   : 	at java.util.concurrent.ThreadPoolExecutor$Worker.run(ThreadPoolExecutor.java:588)
08-05 02:58:54.720 27610 27610 I Glide   : 	at java.lang.Thread.run(Thread.java:818)
08-05 02:58:54.720 27610 27610 W Glide   : Load failed for http://sixgun.org/files/linuxoutlaws.jpg with size [224x224]
08-05 02:58:54.720 27610 27610 W Glide   : class com.bumptech.glide.load.engine.GlideException: Failed to load resource
08-05 02:58:54.720 27610 27610 W Glide   : There was 1 cause:
08-05 02:58:54.720 27610 27610 W Glide   : com.bumptech.glide.load.HttpException()
08-05 02:58:54.720 27610 27610 W Glide   :  call GlideException#logRootCauses(String) for more detail
08-05 02:58:54.720 27610 27610 W Glide   :   Cause (1 of 1): class com.bumptech.glide.load.engine.GlideException: Fetching data failed, class java.io.InputStream, REMOTE
08-05 02:58:54.720 27610 27610 W Glide   : There was 1 cause:
08-05 02:58:54.720 27610 27610 W Glide   : com.bumptech.glide.load.HttpException()
08-05 02:58:54.720 27610 27610 W Glide   :  call GlideException#logRootCauses(String) for more detail
08-05 02:58:54.720 27610 27610 W Glide   :     Cause (1 of 1): class com.bumptech.glide.load.HttpException: 
08-05 02:58:54.721 27610 27610 I Glide   : Root cause (1 of 1)
08-05 02:58:54.721 27610 27610 I Glide   : com.bumptech.glide.load.HttpException: 
08-05 02:58:54.721 27610 27610 I Glide   : 	at com.bumptech.glide.integration.okhttp3.OkHttpStreamFetcher.onResponse(OkHttpStreamFetcher.java:73)
08-05 02:58:54.721 27610 27610 I Glide   : 	at okhttp3.RealCall$AsyncCall.execute(RealCall.java:174)
08-05 02:58:54.721 27610 27610 I Glide   : 	at okhttp3.internal.NamedRunnable.run(NamedRunnable.java:32)
08-05 02:58:54.721 27610 27610 I Glide   : 	at java.util.concurrent.ThreadPoolExecutor.runWorker(ThreadPoolExecutor.java:1113)
08-05 02:58:54.721 27610 27610 I Glide   : 	at java.util.concurrent.ThreadPoolExecutor$Worker.run(ThreadPoolExecutor.java:588)
08-05 02:58:54.721 27610 27610 I Glide   : 	at java.lang.Thread.run(Thread.java:818)
08-05 02:58:54.748 27610 27622 I art     : Explicit concurrent mark sweep GC freed 723(82KB) AllocSpace objects, 0(0B) LOS objects, 23% free, 50MB/66MB, paused 1.322ms total 32.910ms
08-05 02:58:54.758 27610 27622 I art     : Starting a blocking GC Explicit
08-05 02:58:54.790 27610 27622 I art     : Explicit concurrent mark sweep GC freed 171(6KB) AllocSpace objects, 0(0B) LOS objects, 23% free, 50MB/66MB, paused 1.085ms total 31.860ms
08-05 02:58:54.800 27610 27622 I art     : Starting a blocking GC Explicit
08-05 02:58:54.834 27610 27622 I art     : Explicit concurrent mark sweep GC freed 6(192B) AllocSpace objects, 0(0B) LOS objects, 23% free, 50MB/66MB, paused 1.127ms total 33.775ms
08-05 02:58:54.844 27610 27622 I art     : Starting a blocking GC Explicit
08-05 02:58:54.878 27610 27622 I art     : Explicit concurrent mark sweep GC freed 3(96B) AllocSpace objects, 0(0B) LOS objects, 23% free, 50MB/66MB, paused 1.166ms total 33.956ms
08-05 02:58:54.889   512  2967 D audio_hw_primary: disable_audio_route: reset and update mixer path: low-latency-playback speaker
08-05 02:58:54.890   512  2967 D audio_hw_primary: disable_snd_device: snd_device(2: speaker)
08-05 02:58:54.899   512  2967 I soundtrigger: audio_extn_sound_trigger_update_device_status: device 0x2 of type 0 for Event 0
08-05 02:58:55.222 27610 29065 I art     : Starting a blocking GC Explicit
08-05 02:58:55.260 27610 29065 I art     : Explicit concurrent mark sweep GC freed 1381(81KB) AllocSpace objects, 1(20KB) LOS objects, 23% free, 50MB/66MB, paused 1.237ms total 37.180ms
08-05 02:58:55.273 27610 29065 I art     : Starting a blocking GC Explicit
08-05 02:58:55.307 27610 29065 I art     : Explicit concurrent mark sweep GC freed 40(1344B) AllocSpace objects, 0(0B) LOS objects, 23% free, 50MB/66MB, paused 1.212ms total 33.492ms
08-05 02:58:55.317 27610 29065 I art     : Starting a blocking GC Explicit
08-05 02:58:55.351 27610 29065 I art     : Explicit concurrent mark sweep GC freed 3(96B) AllocSpace objects, 0(0B) LOS objects, 23% free, 50MB/66MB, paused 1.170ms total 33.563ms
08-05 02:58:55.361 27610 29065 I art     : Starting a blocking GC Explicit
08-05 02:58:55.396 27610 29065 I art     : Explicit concurrent mark sweep GC freed 32(880B) AllocSpace objects, 0(0B) LOS objects, 23% free, 50MB/66MB, paused 1.220ms total 35.108ms
08-05 02:58:55.407 27610 29065 I art     : Starting a blocking GC Explicit
08-05 02:58:55.442 27610 29065 I art     : Explicit concurrent mark sweep GC freed 3(96B) AllocSpace objects, 0(0B) LOS objects, 23% free, 50MB/66MB, paused 1.207ms total 35.442ms
08-05 02:58:55.533 23120 23120 W Atfwd_Sendcmd: AtCmdFwd service not published, waiting... retryCnt : 4
08-05 02:58:55.774 27610 27623 I art     : Starting a blocking GC Explicit
08-05 02:58:55.820 27610 27623 I art     : Explicit concurrent mark sweep GC freed 1381(81KB) AllocSpace objects, 1(20KB) LOS objects, 23% free, 50MB/66MB, paused 1.390ms total 44.996ms
08-05 02:58:55.837 27610 27623 I art     : Starting a blocking GC Explicit
08-05 02:58:55.871 27610 27623 I art     : Explicit concurrent mark sweep GC freed 23(752B) AllocSpace objects, 0(0B) LOS objects, 23% free, 50MB/66MB, paused 1.196ms total 34.211ms
08-05 02:58:55.882 27610 27623 I art     : Starting a blocking GC Explicit
08-05 02:58:55.918 27610 27623 I art     : Explicit concurrent mark sweep GC freed 3(96B) AllocSpace objects, 0(0B) LOS objects, 23% free, 50MB/66MB, paused 1.252ms total 36.119ms
08-05 02:58:55.929 27610 27623 I art     : Starting a blocking GC Explicit
08-05 02:58:55.966 27610 27623 I art     : Explicit concurrent mark sweep GC freed 3(96B) AllocSpace objects, 0(0B) LOS objects, 23% free, 50MB/66MB, paused 1.199ms total 36.339ms
08-05 02:58:55.977 27610 27623 I art     : Starting a blocking GC Explicit
08-05 02:58:56.013 27610 27623 I art     : Explicit concurrent mark sweep GC freed 3(96B) AllocSpace objects, 0(0B) LOS objects, 23% free, 50MB/66MB, paused 1.189ms total 36.221ms
08-05 02:58:56.259   518   646 I ThermalEngine: ACTION: GPU - Setting GPU[0] to 450000000
08-05 02:58:56.427 27610 28549 I art     : Starting a blocking GC Explicit
08-05 02:58:56.472 27610 28549 I art     : Explicit concurrent mark sweep GC freed 1472(83KB) AllocSpace objects, 1(20KB) LOS objects, 23% free, 50MB/66MB, paused 1.645ms total 44.753ms
08-05 02:58:56.486 27610 28549 I art     : Starting a blocking GC Explicit
08-05 02:58:56.533 27610 28549 I art     : Explicit concurrent mark sweep GC freed 40(1328B) AllocSpace objects, 0(0B) LOS objects, 23% free, 50MB/66MB, paused 1.639ms total 46.870ms
08-05 02:58:56.547 27610 28549 I art     : Starting a blocking GC Explicit
08-05 02:58:56.596 27610 28549 I art     : Explicit concurrent mark sweep GC freed 3(96B) AllocSpace objects, 0(0B) LOS objects, 23% free, 50MB/66MB, paused 1.635ms total 48.515ms
08-05 02:58:56.609 27610 28549 I art     : Starting a blocking GC Explicit
08-05 02:58:56.657 27610 28549 I art     : Explicit concurrent mark sweep GC freed 3(96B) AllocSpace objects, 0(0B) LOS objects, 23% free, 50MB/66MB, paused 1.713ms total 47.123ms
08-05 02:58:56.671 27610 28549 I art     : Starting a blocking GC Explicit
08-05 02:58:56.719 27610 28549 I art     : Explicit concurrent mark sweep GC freed 3(96B) AllocSpace objects, 0(0B) LOS objects, 23% free, 50MB/66MB, paused 1.680ms total 48.638ms
08-05 02:58:57.128 27610 29065 I art     : Starting a blocking GC Explicit
08-05 02:58:57.187 27610 29065 I art     : Explicit concurrent mark sweep GC freed 1381(81KB) AllocSpace objects, 1(20KB) LOS objects, 23% free, 50MB/66MB, paused 1.760ms total 57.938ms
08-05 02:58:57.203 27610 29065 I art     : Starting a blocking GC Explicit
08-05 02:58:57.253 27610 29065 I art     : Explicit concurrent mark sweep GC freed 23(752B) AllocSpace objects, 0(0B) LOS objects, 23% free, 50MB/66MB, paused 1.655ms total 49.916ms
08-05 02:58:57.267 27610 29065 I art     : Starting a blocking GC Explicit
08-05 02:58:57.315 27610 29065 I art     : Explicit concurrent mark sweep GC freed 3(96B) AllocSpace objects, 0(0B) LOS objects, 23% free, 50MB/66MB, paused 1.643ms total 48.332ms
08-05 02:58:57.332 27610 29065 I art     : Starting a blocking GC Explicit
08-05 02:58:57.380 27610 29065 I art     : Explicit concurrent mark sweep GC freed 32(880B) AllocSpace objects, 0(0B) LOS objects, 23% free, 50MB/66MB, paused 1.668ms total 47.919ms
08-05 02:58:57.394 27610 29065 I art     : Starting a blocking GC Explicit
08-05 02:58:57.442 27610 29065 I art     : Explicit concurrent mark sweep GC freed 3(96B) AllocSpace objects, 0(0B) LOS objects, 23% free, 50MB/66MB, paused 1.621ms total 48.057ms
08-05 02:58:57.831 27610 27623 I art     : Starting a blocking GC Explicit
08-05 02:58:57.889 27610 27623 I art     : Explicit concurrent mark sweep GC freed 1381(81KB) AllocSpace objects, 1(20KB) LOS objects, 23% free, 50MB/66MB, paused 1.817ms total 57.343ms
08-05 02:58:57.905 27610 27623 I art     : Starting a blocking GC Explicit
08-05 02:58:57.954 27610 27623 I art     : Explicit concurrent mark sweep GC freed 23(752B) AllocSpace objects, 0(0B) LOS objects, 23% free, 50MB/66MB, paused 1.612ms total 48.494ms
08-05 02:58:57.968 27610 27623 I art     : Starting a blocking GC Explicit
08-05 02:58:58.015 27610 27623 I art     : Explicit concurrent mark sweep GC freed 3(96B) AllocSpace objects, 0(0B) LOS objects, 23% free, 50MB/66MB, paused 1.640ms total 46.593ms
08-05 02:58:58.029 27610 27623 I art     : Starting a blocking GC Explicit
08-05 02:58:58.077 27610 27623 I art     : Explicit concurrent mark sweep GC freed 3(96B) AllocSpace objects, 0(0B) LOS objects, 23% free, 50MB/66MB, paused 1.643ms total 47.950ms
08-05 02:58:58.091 27610 27623 I art     : Starting a blocking GC Explicit
08-05 02:58:58.139 27610 27623 I art     : Explicit concurrent mark sweep GC freed 3(96B) AllocSpace objects, 0(0B) LOS objects, 23% free, 50MB/66MB, paused 1.772ms total 47.301ms
08-05 02:58:58.262   518   646 I ThermalEngine: ACTION: GPU - Setting GPU[0] to 510000000
08-05 02:58:58.522 27610 27622 I art     : Starting a blocking GC Explicit
08-05 02:58:58.575 27610 27622 I art     : Explicit concurrent mark sweep GC freed 1411(82KB) AllocSpace objects, 1(20KB) LOS objects, 23% free, 50MB/66MB, paused 1.248ms total 51.766ms
08-05 02:58:58.589 27610 27622 I art     : Starting a blocking GC Explicit
08-05 02:58:58.610   918  3261 D WifiStateMachine: starting scan for "H369AA63323"WPA_PSK with 2412,5180
08-05 02:58:58.624 27610 27622 I art     : Explicit concurrent mark sweep GC freed 23(752B) AllocSpace objects, 0(0B) LOS objects, 23% free, 50MB/66MB, paused 1.142ms total 34.926ms
08-05 02:58:58.635 27610 27622 I art     : Starting a blocking GC Explicit
08-05 02:58:58.671 27610 27622 I art     : Explicit concurrent mark sweep GC freed 3(96B) AllocSpace objects, 0(0B) LOS objects, 23% free, 50MB/66MB, paused 1.182ms total 36.147ms
08-05 02:58:58.682 27610 27622 I art     : Starting a blocking GC Explicit
08-05 02:58:58.716 27610 27622 I art     : Explicit concurrent mark sweep GC freed 3(96B) AllocSpace objects, 0(0B) LOS objects, 23% free, 50MB/66MB, paused 1.222ms total 34.471ms
08-05 02:58:58.727 27610 27622 I art     : Starting a blocking GC Explicit
08-05 02:58:58.762 27610 27622 I art     : Explicit concurrent mark sweep GC freed 3(96B) AllocSpace objects, 0(0B) LOS objects, 23% free, 50MB/66MB, paused 1.221ms total 35.341ms
08-05 02:58:59.128 27610 27684 I art     : Starting a blocking GC Explicit
08-05 02:58:59.173 27610 27684 I art     : Explicit concurrent mark sweep GC freed 1384(81KB) AllocSpace objects, 1(20KB) LOS objects, 23% free, 50MB/66MB, paused 1.322ms total 45.356ms
08-05 02:58:59.188 27610 27684 I art     : Starting a blocking GC Explicit
08-05 02:58:59.223 27610 27684 I art     : Explicit concurrent mark sweep GC freed 23(752B) AllocSpace objects, 0(0B) LOS objects, 23% free, 50MB/66MB, paused 1.205ms total 35.163ms
08-05 02:58:59.234 27610 27684 I art     : Starting a blocking GC Explicit
08-05 02:58:59.270 27610 27684 I art     : Explicit concurrent mark sweep GC freed 3(96B) AllocSpace objects, 0(0B) LOS objects, 23% free, 50MB/66MB, paused 1.248ms total 36.166ms
08-05 02:58:59.281 27610 27684 I art     : Starting a blocking GC Explicit
08-05 02:58:59.317 27610 27684 I art     : Explicit concurrent mark sweep GC freed 3(96B) AllocSpace objects, 0(0B) LOS objects, 23% free, 50MB/66MB, paused 1.135ms total 35.776ms
08-05 02:58:59.327 27610 27684 I art     : Starting a blocking GC Explicit
08-05 02:58:59.364 27610 27684 I art     : Explicit concurrent mark sweep GC freed 3(96B) AllocSpace objects, 0(0B) LOS objects, 23% free, 50MB/66MB, paused 1.213ms total 36.172ms
08-05 02:58:59.725 27610 28549 I art     : Starting a blocking GC Explicit
08-05 02:58:59.771 27610 28549 I art     : Explicit concurrent mark sweep GC freed 1410(81KB) AllocSpace objects, 1(20KB) LOS objects, 23% free, 50MB/66MB, paused 1.610ms total 45.776ms
08-05 02:58:59.783 27610 28549 I art     : Starting a blocking GC Explicit
08-05 02:58:59.819 27610 28549 I art     : Explicit concurrent mark sweep GC freed 23(752B) AllocSpace objects, 0(0B) LOS objects, 23% free, 50MB/66MB, paused 1.276ms total 35.431ms
08-05 02:58:59.829 27610 28549 I art     : Starting a blocking GC Explicit
08-05 02:58:59.865 27610 28549 I art     : Explicit concurrent mark sweep GC freed 3(96B) AllocSpace objects, 0(0B) LOS objects, 23% free, 50MB/66MB, paused 1.192ms total 36.037ms
08-05 02:58:59.876 27610 28549 I art     : Starting a blocking GC Explicit
08-05 02:58:59.913 27610 28549 I art     : Explicit concurrent mark sweep GC freed 3(96B) AllocSpace objects, 0(0B) LOS objects, 23% free, 50MB/66MB, paused 1.206ms total 36.270ms
08-05 02:58:59.923 27610 28549 I art     : Starting a blocking GC Explicit
08-05 02:58:59.959 27610 28549 I art     : Explicit concurrent mark sweep GC freed 3(96B) AllocSpace objects, 0(0B) LOS objects, 23% free, 50MB/66MB, paused 1.239ms total 35.868ms
08-05 02:59:00.290 27610 29065 I art     : Starting a blocking GC Explicit
08-05 02:59:00.335 27610 29065 I art     : Explicit concurrent mark sweep GC freed 1381(81KB) AllocSpace objects, 1(20KB) LOS objects, 23% free, 50MB/66MB, paused 1.324ms total 44.678ms
08-05 02:59:00.349 27610 29065 I art     : Starting a blocking GC Explicit
08-05 02:59:00.387 27610 29065 I art     : Explicit concurrent mark sweep GC freed 52(1536B) AllocSpace objects, 0(0B) LOS objects, 23% free, 50MB/66MB, paused 1.217ms total 37.271ms
08-05 02:59:00.397 27610 29065 I art     : Starting a blocking GC Explicit
08-05 02:59:00.433 27610 29065 I art     : Explicit concurrent mark sweep GC freed 3(96B) AllocSpace objects, 0(0B) LOS objects, 23% free, 50MB/66MB, paused 1.190ms total 35.424ms
08-05 02:59:00.443 27610 29065 I art     : Starting a blocking GC Explicit
08-05 02:59:00.479 27610 29065 I art     : Explicit concurrent mark sweep GC freed 3(96B) AllocSpace objects, 0(0B) LOS objects, 23% free, 50MB/66MB, paused 1.252ms total 35.982ms
08-05 02:59:00.490 27610 29065 I art     : Starting a blocking GC Explicit
08-05 02:59:00.526 27610 29065 I art     : Explicit concurrent mark sweep GC freed 3(96B) AllocSpace objects, 0(0B) LOS objects, 23% free, 50MB/66MB, paused 1.206ms total 35.596ms
08-05 02:59:00.828 27610 27623 I art     : Starting a blocking GC Explicit
08-05 02:59:00.864 27610 27623 I art     : Explicit concurrent mark sweep GC freed 1381(81KB) AllocSpace objects, 1(20KB) LOS objects, 23% free, 50MB/66MB, paused 1.228ms total 35.656ms
08-05 02:59:00.875 27610 27623 I art     : Starting a blocking GC Explicit
08-05 02:59:00.910 27610 27623 I art     : Explicit concurrent mark sweep GC freed 23(752B) AllocSpace objects, 0(0B) LOS objects, 23% free, 50MB/66MB, paused 1.218ms total 35.122ms
08-05 02:59:00.921 27610 27623 I art     : Starting a blocking GC Explicit
08-05 02:59:00.954 27610 27623 I art     : Explicit concurrent mark sweep GC freed 3(96B) AllocSpace objects, 0(0B) LOS objects, 23% free, 50MB/66MB, paused 1.173ms total 33.026ms
08-05 02:59:00.965 27610 27623 I art     : Starting a blocking GC Explicit
08-05 02:59:00.998 27610 27623 I art     : Explicit concurrent mark sweep GC freed 3(96B) AllocSpace objects, 0(0B) LOS objects, 23% free, 50MB/66MB, paused 1.262ms total 33.384ms
08-05 02:59:01.008 27610 27623 I art     : Starting a blocking GC Explicit
08-05 02:59:01.018 31231 31231 D AndroidRuntime: >>>>>> START com.android.internal.os.RuntimeInit uid 2000 <<<<<<
08-05 02:59:01.023 31231 31231 D AndroidRuntime: CheckJNI is OFF
08-05 02:59:01.042 27610 27623 I art     : Explicit concurrent mark sweep GC freed 3(96B) AllocSpace objects, 0(0B) LOS objects, 23% free, 50MB/66MB, paused 1.200ms total 33.585ms
08-05 02:59:01.060 31231 31231 D ICU     : No timezone override file found: /data/misc/zoneinfo/current/icu/icu_tzdata.dat
08-05 02:59:01.092 31231 31231 I Radio-JNI: register_android_hardware_Radio DONE
08-05 02:59:01.113 31231 31231 D AndroidRuntime: Calling main entry com.android.commands.input.Input
08-05 02:59:01.115 31231 31231 I Input   : injectMotionEvent: MotionEvent { action=ACTION_DOWN, actionButton=0, id[0]=0, x[0]=526.0, y[0]=597.0, toolType[0]=TOOL_TYPE_UNKNOWN, buttonState=0, metaState=0, flags=0x0, edgeFlags=0x0, pointerCount=1, historySize=0, eventTime=759557527, downTime=759557527, deviceId=0, source=0x1002 }
08-05 02:59:01.120 31231 31231 I Input   : injectMotionEvent: MotionEvent { action=ACTION_UP, actionButton=0, id[0]=0, x[0]=526.0, y[0]=597.0, toolType[0]=TOOL_TYPE_UNKNOWN, buttonState=0, metaState=0, flags=0x0, edgeFlags=0x0, pointerCount=1, historySize=0, eventTime=759557527, downTime=759557527, deviceId=0, source=0x1002 }
08-05 02:59:01.123 31231 31231 D AndroidRuntime: Shutting down VM
08-05 02:59:01.189 27610 27610 D PodcastListFragment: Selected podcast: GpodnetPodcast [url=http://feeds.feedburner.com/linuxoutlaws, title=Linux Outlaws, description=Two pragmatic geeks talk about the latest news concerning Linux, free and open
08-05 02:59:01.189 27610 27610 D PodcastListFragment: technology or anything else they deem noteworthy which may include such absurd
08-05 02:59:01.189 27610 27610 D PodcastListFragment: things as hockey or bands you never heard of. This means there's many a joke
08-05 02:59:01.189 27610 27610 D PodcastListFragment: and derailed conversation along the way, so don't come here expecting only
08-05 02:59:01.189 27610 27610 D PodcastListFragment: Linux or software freedom talk  just sit back and relax, partner., subscribers=3321, logoUrl=http://sixgun.org/files/linuxoutlaws.jpg, website=http://sixgun.org, mygpoLink=http://gpodder.net/podcast/linux-outlaws-mp3]
08-05 02:59:01.190   918  4400 I ActivityManager: START u0 {cmp=baseline.de.danoeh.antennapod.debug/baseline.de.danoeh.antennapod.activity.OnlineFeedViewActivity (has extras)} from uid 10691 on display 0
08-05 02:59:01.190   512  2967 D audio_hw_primary: out_set_parameters: enter: usecase(1: low-latency-playback) kvpairs: routing=2
08-05 02:59:01.203   512  2967 D audio_hw_primary: select_devices: out_snd_device(2: speaker) in_snd_device(0: none)
08-05 02:59:01.203   512  2967 D msm8974_platform: platform_send_audio_calibration: sending audio calibration for snd_device(2) acdb_id(15)
08-05 02:59:01.204   512  2967 I soundtrigger: audio_extn_sound_trigger_update_device_status: device 0x2 of type 0 for Event 1
08-05 02:59:01.216   512  2967 D audio_hw_primary: enable_snd_device: snd_device(2: speaker)
08-05 02:59:01.219   512  2967 D audio_hw_primary: enable_audio_route: apply and update mixer path: low-latency-playback speaker
08-05 02:59:01.221 27610 27610 D UserPreferences: Using default data folder
08-05 02:59:01.221 27610 27610 D OnlineFeedViewActivity: Activity was started with url http://feeds.feedburner.com/linuxoutlaws
08-05 02:59:01.223 27610 27610 D OnlineFeedViewActivity: Starting feed download
08-05 02:59:01.226 27610 28150 D DBReader: Extracting Feedlist
08-05 02:59:01.228   918  5952 D WifiService: acquireWifiLockLocked: WifiLock{Downloader type=1 binder=android.os.BinderProxy@2c81607}
08-05 02:59:01.228 27610 28150 D AntennapodHttpClient: Creating new instance of HTTP client
08-05 02:59:01.277 13866 13866 I GoogleInputMethodServic: GoogleInputMethodService.onFinishInput():3138 
08-05 02:59:01.277 13866 13866 I GoogleInputMethodServic: GoogleInputMethodService.onStartInput():1808 
08-05 02:59:01.293   918   936 I ActivityManager: Displayed baseline.de.danoeh.antennapod.debug/baseline.de.danoeh.antennapod.activity.OnlineFeedViewActivity: +93ms
08-05 02:59:01.314 27610 28150 D MYTAG   : interceptor 3a http://feeds.feedburner.com/linuxoutlaws
08-05 02:59:01.314 27610 28150 I NAPPA_EXPERIMENTATION: MetricNetworkRequestExecutionTime: REQUEST_DURATION_SYSTEM='85',REQUEST_DURATION_OKHTTP='37',REQUEST_SYNCHRONOUS='TRUE',RESPONSE_CODE='200',RESPONSE_METHOD='GET',RESPONSE_LENGTH_OKHTTP='-1',RESPONSE_LENGTH_HEADER='-2',REQUEST_PROTOCOL='http/1.1',REQUEST_URL='http://feeds.feedburner.com/linuxoutlaws',
08-05 02:59:01.314 27610 28150 D HttpDownloader: Response code is 200
08-05 02:59:01.314 27610 28150 D UserPreferences: Using default data folder
08-05 02:59:01.316 27610 28150 D HttpDownloader: Getting size of download
08-05 02:59:01.317 27610 28150 D HttpDownloader: Size is -1
08-05 02:59:01.317 27610 28150 D UserPreferences: Using default data folder
08-05 02:59:01.317 27610 27631 D OpenGLRenderer: endAllStagingAnimators on 0x7f7d78b400 (GridView) with handle 0x7f7e3241a0
08-05 02:59:01.317 27610 28150 D HttpDownloader: Free space is 20297359360
08-05 02:59:01.317 27610 28150 D HttpDownloader: Starting download
08-05 02:59:01.324 27610 28150 D HttpDownloader: Download was successful
08-05 02:59:01.325   918  4413 D WifiService: releaseWifiLockLocked: WifiLock{Downloader type=1 binder=android.os.BinderProxy@2c81607}
08-05 02:59:01.326 27610 27610 D OnlineFeedViewActivity: Parsing feed
08-05 02:59:01.331 27610 31265 D TypeGetter: Recognized type RSS 2.0
08-05 02:59:01.334 27610 31265 D SyndHandler: Recognized Content namespace
08-05 02:59:01.335 27610 31265 D SyndHandler: Recognized DublinCore namespace
08-05 02:59:01.335 27610 31265 D SyndHandler: Recognized Atom namespace
08-05 02:59:01.335 27610 31265 D SyndHandler: Recognized ITunes namespace
08-05 02:59:01.335 27610 31265 D SyndHandler: Recognized media namespace
08-05 02:59:01.339 27610 29065 I art     : Starting a blocking GC Explicit
08-05 02:59:01.373 27610 29065 I art     : Explicit concurrent mark sweep GC freed 4936(616KB) AllocSpace objects, 4(80KB) LOS objects, 23% free, 51MB/67MB, paused 1.283ms total 33.721ms
08-05 02:59:01.374 27610 31265 D OnlineFeedViewActivity: Deleted feed source file. Result: true
08-05 02:59:01.375 27610 27610 D OnlineFeedViewActivity: Removing HTML from shownotes
08-05 02:59:01.384 27610 29065 I art     : Starting a blocking GC Explicit
08-05 02:59:01.394 27610 28548 D ApOkHttpUrlLoader: buildLoadData() called with: model = [http://sixgun.org/files/linuxoutlaws.jpg], width = [350], height = [350]
08-05 02:59:01.397 27610 28365 D DBReader: getImageAuthentication() called with: imageUrl = [http://sixgun.org/files/linuxoutlaws.jpg]
08-05 02:59:01.400 27610 28365 D ApOkHttpUrlLoader: no credentials for 'http://sixgun.org/files/linuxoutlaws.jpg'
08-05 02:59:01.419 27610 29065 I art     : Explicit concurrent mark sweep GC freed 4194(358KB) AllocSpace objects, 11(748KB) LOS objects, 23% free, 51MB/67MB, paused 1.429ms total 35.256ms
08-05 02:59:01.429 27610 29065 I art     : Starting a blocking GC Explicit
08-05 02:59:01.442 27610 28365 D DBWriter: updateFeedDownloadURL(original: http://sixgun.org/files/linuxoutlaws.jpg, updated: https://fab.industries/sixgun/files/linuxoutlaws.jpg)
08-05 02:59:01.462 27610 29065 I art     : Explicit concurrent mark sweep GC freed 881(43KB) AllocSpace objects, 0(0B) LOS objects, 23% free, 51MB/67MB, paused 1.194ms total 32.936ms
08-05 02:59:01.473 27610 29065 I art     : Starting a blocking GC Explicit
08-05 02:59:01.508 27610 29065 I art     : Explicit concurrent mark sweep GC freed 41(1824B) AllocSpace objects, 0(0B) LOS objects, 23% free, 51MB/67MB, paused 1.212ms total 35.536ms
08-05 02:59:01.519 27610 29065 I art     : Starting a blocking GC Explicit
08-05 02:59:01.530   380   380 W SurfaceFlinger: couldn't log to binary event log: overflow.
08-05 02:59:01.552 27610 29065 I art     : Explicit concurrent mark sweep GC freed 7(256B) AllocSpace objects, 0(0B) LOS objects, 23% free, 51MB/67MB, paused 1.196ms total 32.586ms
08-05 02:59:01.586 27610 28365 D MYTAG   : interceptor 2a
08-05 02:59:01.586 27610 28365 I NAPPA_EXPERIMENTATION: MetricNetworkRequestExecutionTime: REQUEST_DURATION_SYSTEM='186',REQUEST_DURATION_OKHTTP='142',REQUEST_SYNCHRONOUS='TRUE',RESPONSE_CODE='404',RESPONSE_METHOD='GET',RESPONSE_LENGTH_OKHTTP='-1',RESPONSE_LENGTH_HEADER='1503',REQUEST_PROTOCOL='h2',REQUEST_URL='https://fab.industries/sixgun/files/linuxoutlaws.jpg',
08-05 02:59:01.587 27610 27610 W Glide   : Load failed for http://sixgun.org/files/linuxoutlaws.jpg with size [350x350]
08-05 02:59:01.587 27610 27610 W Glide   : class com.bumptech.glide.load.engine.GlideException: Failed to load resource
08-05 02:59:01.587 27610 27610 W Glide   : There was 1 cause:
08-05 02:59:01.587 27610 27610 W Glide   : com.bumptech.glide.load.HttpException()
08-05 02:59:01.587 27610 27610 W Glide   :  call GlideException#logRootCauses(String) for more detail
08-05 02:59:01.587 27610 27610 W Glide   :   Cause (1 of 1): class com.bumptech.glide.load.engine.GlideException: Fetching data failed, class java.io.InputStream, REMOTE
08-05 02:59:01.587 27610 27610 W Glide   : There was 1 cause:
08-05 02:59:01.587 27610 27610 W Glide   : com.bumptech.glide.load.HttpException()
08-05 02:59:01.587 27610 27610 W Glide   :  call GlideException#logRootCauses(String) for more detail
08-05 02:59:01.587 27610 27610 W Glide   :     Cause (1 of 1): class com.bumptech.glide.load.HttpException: 
08-05 02:59:01.587 27610 27610 I Glide   : Root cause (1 of 1)
08-05 02:59:01.587 27610 27610 I Glide   : com.bumptech.glide.load.HttpException: 
08-05 02:59:01.587 27610 27610 I Glide   : 	at com.bumptech.glide.integration.okhttp3.OkHttpStreamFetcher.onResponse(OkHttpStreamFetcher.java:73)
08-05 02:59:01.587 27610 27610 I Glide   : 	at okhttp3.RealCall$AsyncCall.execute(RealCall.java:174)
08-05 02:59:01.587 27610 27610 I Glide   : 	at okhttp3.internal.NamedRunnable.run(NamedRunnable.java:32)
08-05 02:59:01.587 27610 27610 I Glide   : 	at java.util.concurrent.ThreadPoolExecutor.runWorker(ThreadPoolExecutor.java:1113)
08-05 02:59:01.587 27610 27610 I Glide   : 	at java.util.concurrent.ThreadPoolExecutor$Worker.run(ThreadPoolExecutor.java:588)
08-05 02:59:01.587 27610 27610 I Glide   : 	at java.lang.Thread.run(Thread.java:818)
08-05 02:59:01.670 27610 27610 D PlaybackController: Releasing PlaybackController
08-05 02:59:01.758   512  2967 D audio_hw_primary: disable_audio_route: reset and update mixer path: low-latency-playback speaker
08-05 02:59:01.759   512  2967 D audio_hw_primary: disable_snd_device: snd_device(2: speaker)
08-05 02:59:01.768   512  2967 I soundtrigger: audio_extn_sound_trigger_update_device_status: device 0x2 of type 0 for Event 0
08-05 02:59:01.877 27610 27622 I art     : Starting a blocking GC Explicit
08-05 02:59:01.918 27610 27622 I art     : Explicit concurrent mark sweep GC freed 2135(143KB) AllocSpace objects, 2(132KB) LOS objects, 23% free, 51MB/67MB, paused 1.395ms total 40.178ms
08-05 02:59:01.929 27610 27622 I art     : Starting a blocking GC Explicit
08-05 02:59:01.967 27610 27622 I art     : Explicit concurrent mark sweep GC freed 50(1776B) AllocSpace objects, 0(0B) LOS objects, 23% free, 51MB/67MB, paused 1.324ms total 37.774ms
08-05 02:59:01.978 27610 27622 I art     : Starting a blocking GC Explicit
08-05 02:59:02.016 27610 27622 I art     : Explicit concurrent mark sweep GC freed 3(96B) AllocSpace objects, 0(0B) LOS objects, 23% free, 51MB/67MB, paused 1.262ms total 37.723ms
08-05 02:59:02.027 27610 27622 I art     : Starting a blocking GC Explicit
08-05 02:59:02.065 27610 27622 I art     : Explicit concurrent mark sweep GC freed 3(96B) AllocSpace objects, 0(0B) LOS objects, 23% free, 51MB/67MB, paused 1.234ms total 37.481ms
08-05 02:59:02.075 27610 27622 I art     : Starting a blocking GC Explicit
08-05 02:59:02.113 27610 27622 I art     : Explicit concurrent mark sweep GC freed 3(96B) AllocSpace objects, 0(0B) LOS objects, 23% free, 51MB/67MB, paused 1.266ms total 37.745ms
08-05 02:59:02.471 27610 28549 I art     : Starting a blocking GC Explicit
08-05 02:59:02.518 27610 28549 I art     : Explicit concurrent mark sweep GC freed 1410(81KB) AllocSpace objects, 1(20KB) LOS objects, 23% free, 51MB/67MB, paused 1.310ms total 47.117ms
08-05 02:59:02.531 27610 28549 I art     : Starting a blocking GC Explicit
08-05 02:59:02.568 27610 28549 I art     : Explicit concurrent mark sweep GC freed 23(752B) AllocSpace objects, 0(0B) LOS objects, 23% free, 51MB/67MB, paused 1.300ms total 37.507ms
08-05 02:59:02.579 27610 28549 I art     : Starting a blocking GC Explicit
08-05 02:59:02.617 27610 28549 I art     : Explicit concurrent mark sweep GC freed 3(96B) AllocSpace objects, 0(0B) LOS objects, 23% free, 51MB/67MB, paused 1.304ms total 37.776ms
08-05 02:59:02.628 27610 28549 I art     : Starting a blocking GC Explicit
08-05 02:59:02.666 27610 28549 I art     : Explicit concurrent mark sweep GC freed 3(96B) AllocSpace objects, 0(0B) LOS objects, 23% free, 51MB/67MB, paused 1.325ms total 37.510ms
08-05 02:59:02.677 27610 28549 I art     : Starting a blocking GC Explicit
08-05 02:59:02.714 27610 28549 I art     : Explicit concurrent mark sweep GC freed 3(96B) AllocSpace objects, 0(0B) LOS objects, 23% free, 51MB/67MB, paused 1.229ms total 37.478ms
08-05 02:59:03.079 27610 27623 I art     : Starting a blocking GC Explicit
08-05 02:59:03.120 27610 27623 I art     : Explicit concurrent mark sweep GC freed 1394(81KB) AllocSpace objects, 1(20KB) LOS objects, 23% free, 51MB/67MB, paused 1.268ms total 39.798ms
08-05 02:59:03.131 27610 27623 I art     : Starting a blocking GC Explicit
08-05 02:59:03.167 27610 27623 I art     : Explicit concurrent mark sweep GC freed 29(944B) AllocSpace objects, 0(0B) LOS objects, 23% free, 51MB/67MB, paused 1.182ms total 36.317ms
08-05 02:59:03.177 27610 27623 I art     : Starting a blocking GC Explicit
08-05 02:59:03.213 27610 27623 I art     : Explicit concurrent mark sweep GC freed 9(288B) AllocSpace objects, 0(0B) LOS objects, 23% free, 51MB/67MB, paused 1.213ms total 35.789ms
08-05 02:59:03.224 27610 27623 I art     : Starting a blocking GC Explicit
08-05 02:59:03.261 27610 27623 I art     : Explicit concurrent mark sweep GC freed 8(256B) AllocSpace objects, 0(0B) LOS objects, 23% free, 51MB/67MB, paused 1.544ms total 36.235ms
08-05 02:59:03.271 27610 27623 I art     : Starting a blocking GC Explicit
08-05 02:59:03.306 27610 27623 I art     : Explicit concurrent mark sweep GC freed 3(96B) AllocSpace objects, 0(0B) LOS objects, 23% free, 51MB/67MB, paused 1.096ms total 34.240ms
08-05 02:59:03.670 27610 27684 I art     : Starting a blocking GC Explicit
08-05 02:59:03.713 27610 27684 I art     : Explicit concurrent mark sweep GC freed 1410(81KB) AllocSpace objects, 1(20KB) LOS objects, 23% free, 51MB/67MB, paused 1.263ms total 42.669ms
08-05 02:59:03.724 27610 27684 I art     : Starting a blocking GC Explicit
08-05 02:59:03.761 27610 27684 I art     : Explicit concurrent mark sweep GC freed 23(752B) AllocSpace objects, 0(0B) LOS objects, 23% free, 51MB/67MB, paused 1.232ms total 36.850ms
08-05 02:59:03.772 27610 27684 I art     : Starting a blocking GC Explicit
08-05 02:59:03.809 27610 27684 I art     : Explicit concurrent mark sweep GC freed 3(96B) AllocSpace objects, 0(0B) LOS objects, 23% free, 51MB/67MB, paused 1.287ms total 37.217ms
08-05 02:59:03.821 27610 27684 I art     : Starting a blocking GC Explicit
08-05 02:59:03.857 27610 27684 I art     : Explicit concurrent mark sweep GC freed 3(96B) AllocSpace objects, 0(0B) LOS objects, 23% free, 51MB/67MB, paused 1.210ms total 35.886ms
08-05 02:59:03.867 27610 27684 I art     : Starting a blocking GC Explicit
08-05 02:59:03.905 27610 27684 I art     : Explicit concurrent mark sweep GC freed 3(96B) AllocSpace objects, 0(0B) LOS objects, 23% free, 51MB/67MB, paused 1.226ms total 37.516ms
08-05 02:59:04.298 27610 29065 I art     : Starting a blocking GC Explicit
08-05 02:59:04.345 27610 29065 I art     : Explicit concurrent mark sweep GC freed 1381(81KB) AllocSpace objects, 1(20KB) LOS objects, 23% free, 51MB/67MB, paused 1.340ms total 46.624ms
08-05 02:59:04.359 27610 29065 I art     : Starting a blocking GC Explicit
08-05 02:59:04.398 27610 29065 I art     : Explicit concurrent mark sweep GC freed 52(1536B) AllocSpace objects, 0(0B) LOS objects, 23% free, 51MB/67MB, paused 1.338ms total 37.836ms
08-05 02:59:04.408 27610 29065 I art     : Starting a blocking GC Explicit
08-05 02:59:04.445 27610 29065 I art     : Explicit concurrent mark sweep GC freed 3(96B) AllocSpace objects, 0(0B) LOS objects, 23% free, 51MB/67MB, paused 1.212ms total 36.830ms
08-05 02:59:04.456 27610 29065 I art     : Starting a blocking GC Explicit
08-05 02:59:04.494 27610 29065 I art     : Explicit concurrent mark sweep GC freed 3(96B) AllocSpace objects, 0(0B) LOS objects, 23% free, 51MB/67MB, paused 1.375ms total 37.687ms
08-05 02:59:04.505 27610 29065 I art     : Starting a blocking GC Explicit
08-05 02:59:04.542 27610 29065 I art     : Explicit concurrent mark sweep GC freed 3(96B) AllocSpace objects, 0(0B) LOS objects, 23% free, 51MB/67MB, paused 1.223ms total 37.088ms
08-05 02:59:04.909 27610 27622 I art     : Starting a blocking GC Explicit
08-05 02:59:04.958 27610 27622 I art     : Explicit concurrent mark sweep GC freed 1383(84KB) AllocSpace objects, 1(20KB) LOS objects, 23% free, 51MB/67MB, paused 1.453ms total 49.076ms
08-05 02:59:04.970 27610 27622 I art     : Starting a blocking GC Explicit
08-05 02:59:05.008 27610 27622 I art     : Explicit concurrent mark sweep GC freed 23(752B) AllocSpace objects, 0(0B) LOS objects, 23% free, 51MB/67MB, paused 1.315ms total 37.430ms
08-05 02:59:05.018 27610 27622 I art     : Starting a blocking GC Explicit
08-05 02:59:05.056 27610 27622 I art     : Explicit concurrent mark sweep GC freed 3(96B) AllocSpace objects, 0(0B) LOS objects, 23% free, 51MB/67MB, paused 1.252ms total 37.069ms
08-05 02:59:05.066 27610 27622 I art     : Starting a blocking GC Explicit
08-05 02:59:05.104 27610 27622 I art     : Explicit concurrent mark sweep GC freed 3(96B) AllocSpace objects, 0(0B) LOS objects, 23% free, 51MB/67MB, paused 1.224ms total 37.613ms
08-05 02:59:05.115 27610 27622 I art     : Starting a blocking GC Explicit
08-05 02:59:05.153 27610 27622 I art     : Explicit concurrent mark sweep GC freed 3(96B) AllocSpace objects, 0(0B) LOS objects, 23% free, 51MB/67MB, paused 1.250ms total 37.995ms
08-05 02:59:05.486 27610 28549 I art     : Starting a blocking GC Explicit
08-05 02:59:05.523 27610 28549 I art     : Explicit concurrent mark sweep GC freed 1413(82KB) AllocSpace objects, 1(20KB) LOS objects, 23% free, 51MB/67MB, paused 1.332ms total 36.972ms
08-05 02:59:05.534 27610 28549 I art     : Starting a blocking GC Explicit
08-05 02:59:05.570 27610 28549 I art     : Explicit concurrent mark sweep GC freed 23(752B) AllocSpace objects, 0(0B) LOS objects, 23% free, 51MB/67MB, paused 1.234ms total 35.731ms
08-05 02:59:05.580 27610 28549 I art     : Starting a blocking GC Explicit
08-05 02:59:05.615 27610 28549 I art     : Explicit concurrent mark sweep GC freed 3(96B) AllocSpace objects, 0(0B) LOS objects, 23% free, 51MB/67MB, paused 1.231ms total 34.820ms
08-05 02:59:05.625 27610 28549 I art     : Starting a blocking GC Explicit
08-05 02:59:05.661 27610 28549 I art     : Explicit concurrent mark sweep GC freed 3(96B) AllocSpace objects, 0(0B) LOS objects, 23% free, 51MB/67MB, paused 1.178ms total 35.466ms
08-05 02:59:05.671 27610 28549 I art     : Starting a blocking GC Explicit
08-05 02:59:05.706 27610 28549 I art     : Explicit concurrent mark sweep GC freed 3(96B) AllocSpace objects, 0(0B) LOS objects, 23% free, 51MB/67MB, paused 1.224ms total 35.003ms
08-05 02:59:05.773 31332 31332 D AndroidRuntime: >>>>>> START com.android.internal.os.RuntimeInit uid 2000 <<<<<<
08-05 02:59:05.779 31332 31332 D AndroidRuntime: CheckJNI is OFF
08-05 02:59:05.817 31332 31332 D ICU     : No timezone override file found: /data/misc/zoneinfo/current/icu/icu_tzdata.dat
08-05 02:59:05.854 31332 31332 I Radio-JNI: register_android_hardware_Radio DONE
08-05 02:59:05.879 31332 31332 D AndroidRuntime: Calling main entry com.android.commands.input.Input
08-05 02:59:05.881 31332 31332 I Input   : injectKeyEvent: KeyEvent { action=ACTION_DOWN, keyCode=KEYCODE_BACK, scanCode=0, metaState=0, flags=0x0, repeatCount=0, eventTime=759562294, downTime=759562294, deviceId=-1, source=0x101 }
08-05 02:59:05.886 31332 31332 I Input   : injectKeyEvent: KeyEvent { action=ACTION_UP, keyCode=KEYCODE_BACK, scanCode=0, metaState=0, flags=0x0, repeatCount=0, eventTime=759562294, downTime=759562294, deviceId=-1, source=0x101 }
08-05 02:59:05.891 31332 31332 D AndroidRuntime: Shutting down VM
08-05 02:59:05.897 27610 27610 V PlaybackController: initServiceNotRunning()
08-05 02:59:05.898 27610 27610 D ExternalPlayerFragment: Loading media info
08-05 02:59:05.902 27610 28548 D ApOkHttpUrlLoader: buildLoadData() called with: model = [http://sixgun.org/files/linuxoutlaws.jpg], width = [224], height = [224]
08-05 02:59:05.903 27610 28365 D DBReader: getImageAuthentication() called with: imageUrl = [http://sixgun.org/files/linuxoutlaws.jpg]
08-05 02:59:05.905 27610 28365 D ApOkHttpUrlLoader: no credentials for 'http://sixgun.org/files/linuxoutlaws.jpg'
08-05 02:59:05.905 27610 27610 D UserPreferences: Using default data folder
08-05 02:59:05.906 27610 28150 D DBReader: getNavDrawerData() called with: 
08-05 02:59:05.915 27610 28150 D DBReader: getDownloadedItems() called
08-05 02:59:05.916 27610 28150 D DBReader: getFavoriteIDList() called
08-05 02:59:05.916 27610 28150 D DBReader: getQueueIDList() called
08-05 02:59:05.917 27610 28150 D DBReader: Extracting Feedlist
08-05 02:59:05.931 27610 27610 D MainActivity: getLastNavFragment() -> AddFeedFragment
08-05 02:59:05.931 13866 13866 I GoogleInputMethodServic: GoogleInputMethodService.onFinishInput():3138 
08-05 02:59:05.932 13866 13866 I GoogleInputMethodServic: GoogleInputMethodService.onStartInput():1808 
08-05 02:59:06.021 27610 28365 D DBWriter: updateFeedDownloadURL(original: http://sixgun.org/files/linuxoutlaws.jpg, updated: https://fab.industries/sixgun/files/linuxoutlaws.jpg)
08-05 02:59:06.024 27610 29065 I art     : Starting a blocking GC Explicit
08-05 02:59:06.063 27610 29065 I art     : Explicit concurrent mark sweep GC freed 3101(185KB) AllocSpace objects, 1(20KB) LOS objects, 23% free, 51MB/67MB, paused 1.458ms total 38.710ms
08-05 02:59:06.076 27610 29065 I art     : Starting a blocking GC Explicit
08-05 02:59:06.122 27610 29065 I art     : Explicit concurrent mark sweep GC freed 490(26KB) AllocSpace objects, 0(0B) LOS objects, 23% free, 51MB/67MB, paused 1.266ms total 46.443ms
08-05 02:59:06.137 27610 29065 I art     : Starting a blocking GC Explicit
08-05 02:59:06.177 27610 29065 I art     : Explicit concurrent mark sweep GC freed 3(96B) AllocSpace objects, 0(0B) LOS objects, 23% free, 51MB/67MB, paused 1.396ms total 40.188ms
08-05 02:59:06.177 27610 28365 D MYTAG   : interceptor 2a
08-05 02:59:06.178 27610 28365 I NAPPA_EXPERIMENTATION: MetricNetworkRequestExecutionTime: REQUEST_DURATION_SYSTEM='272',REQUEST_DURATION_OKHTTP='154',REQUEST_SYNCHRONOUS='TRUE',RESPONSE_CODE='404',RESPONSE_METHOD='GET',RESPONSE_LENGTH_OKHTTP='-1',RESPONSE_LENGTH_HEADER='1503',REQUEST_PROTOCOL='h2',REQUEST_URL='https://fab.industries/sixgun/files/linuxoutlaws.jpg',
08-05 02:59:06.179 27610 27610 W Glide   : Load failed for http://sixgun.org/files/linuxoutlaws.jpg with size [224x224]
08-05 02:59:06.179 27610 27610 W Glide   : class com.bumptech.glide.load.engine.GlideException: Failed to load resource
08-05 02:59:06.179 27610 27610 W Glide   : There was 1 cause:
08-05 02:59:06.179 27610 27610 W Glide   : com.bumptech.glide.load.HttpException()
08-05 02:59:06.179 27610 27610 W Glide   :  call GlideException#logRootCauses(String) for more detail
08-05 02:59:06.179 27610 27610 W Glide   :   Cause (1 of 1): class com.bumptech.glide.load.engine.GlideException: Fetching data failed, class java.io.InputStream, REMOTE
08-05 02:59:06.179 27610 27610 W Glide   : There was 1 cause:
08-05 02:59:06.179 27610 27610 W Glide   : com.bumptech.glide.load.HttpException()
08-05 02:59:06.179 27610 27610 W Glide   :  call GlideException#logRootCauses(String) for more detail
08-05 02:59:06.179 27610 27610 W Glide   :     Cause (1 of 1): class com.bumptech.glide.load.HttpException: 
08-05 02:59:06.179 27610 27610 I Glide   : Root cause (1 of 1)
08-05 02:59:06.179 27610 27610 I Glide   : com.bumptech.glide.load.HttpException: 
08-05 02:59:06.179 27610 27610 I Glide   : 	at com.bumptech.glide.integration.okhttp3.OkHttpStreamFetcher.onResponse(OkHttpStreamFetcher.java:73)
08-05 02:59:06.179 27610 27610 I Glide   : 	at okhttp3.RealCall$AsyncCall.execute(RealCall.java:174)
08-05 02:59:06.179 27610 27610 I Glide   : 	at okhttp3.internal.NamedRunnable.run(NamedRunnable.java:32)
08-05 02:59:06.179 27610 27610 I Glide   : 	at java.util.concurrent.ThreadPoolExecutor.runWorker(ThreadPoolExecutor.java:1113)
08-05 02:59:06.179 27610 27610 I Glide   : 	at java.util.concurrent.ThreadPoolExecutor$Worker.run(ThreadPoolExecutor.java:588)
08-05 02:59:06.179 27610 27610 I Glide   : 	at java.lang.Thread.run(Thread.java:818)
08-05 02:59:06.180 27610 27610 W Glide   : Load failed for http://sixgun.org/files/linuxoutlaws.jpg with size [224x224]
08-05 02:59:06.180 27610 27610 W Glide   : class com.bumptech.glide.load.engine.GlideException: Failed to load resource
08-05 02:59:06.180 27610 27610 W Glide   : There was 1 cause:
08-05 02:59:06.180 27610 27610 W Glide   : com.bumptech.glide.load.HttpException()
08-05 02:59:06.180 27610 27610 W Glide   :  call GlideException#logRootCauses(String) for more detail
08-05 02:59:06.180 27610 27610 W Glide   :   Cause (1 of 1): class com.bumptech.glide.load.engine.GlideException: Fetching data failed, class java.io.InputStream, REMOTE
08-05 02:59:06.180 27610 27610 W Glide   : There was 1 cause:
08-05 02:59:06.180 27610 27610 W Glide   : com.bumptech.glide.load.HttpException()
08-05 02:59:06.180 27610 27610 W Glide   :  call GlideException#logRootCauses(String) for more detail
08-05 02:59:06.180 27610 27610 W Glide   :     Cause (1 of 1): class com.bumptech.glide.load.HttpException: 
08-05 02:59:06.180 27610 27610 I Glide   : Root cause (1 of 1)
08-05 02:59:06.180 27610 27610 I Glide   : com.bumptech.glide.load.HttpException: 
08-05 02:59:06.180 27610 27610 I Glide   : 	at com.bumptech.glide.integration.okhttp3.OkHttpStreamFetcher.onResponse(OkHttpStreamFetcher.java:73)
08-05 02:59:06.180 27610 27610 I Glide   : 	at okhttp3.RealCall$AsyncCall.execute(RealCall.java:174)
08-05 02:59:06.180 27610 27610 I Glide   : 	at okhttp3.internal.NamedRunnable.run(NamedRunnable.java:32)
08-05 02:59:06.180 27610 27610 I Glide   : 	at java.util.concurrent.ThreadPoolExecutor.runWorker(ThreadPoolExecutor.java:1113)
08-05 02:59:06.180 27610 27610 I Glide   : 	at java.util.concurrent.ThreadPoolExecutor$Worker.run(ThreadPoolExecutor.java:588)
08-05 02:59:06.180 27610 27610 I Glide   : 	at java.lang.Thread.run(Thread.java:818)
08-05 02:59:06.188 27610 29065 I art     : Starting a blocking GC Explicit
08-05 02:59:06.230 27610 29065 I art     : Explicit concurrent mark sweep GC freed 551(74KB) AllocSpace objects, 0(0B) LOS objects, 23% free, 51MB/67MB, paused 2.501ms total 41.399ms
08-05 02:59:06.240 27610 29065 I art     : Starting a blocking GC Explicit
08-05 02:59:06.252   380   380 W SurfaceFlinger: couldn't log to binary event log: overflow.
08-05 02:59:06.277 27610 29065 I art     : Explicit concurrent mark sweep GC freed 514(21KB) AllocSpace objects, 0(0B) LOS objects, 23% free, 51MB/67MB, paused 1.183ms total 36.854ms
08-05 02:59:06.602 27610 27622 I art     : Starting a blocking GC Explicit
08-05 02:59:06.649 27610 27622 I art     : Explicit concurrent mark sweep GC freed 1511(87KB) AllocSpace objects, 1(20KB) LOS objects, 23% free, 51MB/67MB, paused 1.353ms total 46.874ms
08-05 02:59:06.664 27610 27622 I art     : Starting a blocking GC Explicit
08-05 02:59:06.702 27610 27622 I art     : Explicit concurrent mark sweep GC freed 2877(236KB) AllocSpace objects, 1(28KB) LOS objects, 23% free, 50MB/66MB, paused 1.388ms total 37.354ms
08-05 02:59:06.712 27610 27622 I art     : Starting a blocking GC Explicit
08-05 02:59:06.748 27610 27622 I art     : Explicit concurrent mark sweep GC freed 3(96B) AllocSpace objects, 0(0B) LOS objects, 23% free, 50MB/66MB, paused 1.337ms total 35.315ms
08-05 02:59:06.758 27610 27622 I art     : Starting a blocking GC Explicit
08-05 02:59:06.795 27610 27622 I art     : Explicit concurrent mark sweep GC freed 3(96B) AllocSpace objects, 0(0B) LOS objects, 23% free, 50MB/66MB, paused 1.237ms total 36.157ms
08-05 02:59:06.805 27610 27622 I art     : Starting a blocking GC Explicit
08-05 02:59:06.841 27610 27622 I art     : Explicit concurrent mark sweep GC freed 3(96B) AllocSpace objects, 0(0B) LOS objects, 23% free, 50MB/66MB, paused 1.247ms total 35.678ms
08-05 02:59:07.173 27610 28549 I art     : Starting a blocking GC Explicit
08-05 02:59:07.210 27610 28549 I art     : Explicit concurrent mark sweep GC freed 1383(81KB) AllocSpace objects, 1(20KB) LOS objects, 23% free, 50MB/66MB, paused 1.275ms total 36.377ms
08-05 02:59:07.220 27610 28549 I art     : Starting a blocking GC Explicit
08-05 02:59:07.255 27610 28549 I art     : Explicit concurrent mark sweep GC freed 23(752B) AllocSpace objects, 0(0B) LOS objects, 23% free, 50MB/66MB, paused 1.239ms total 34.463ms
08-05 02:59:07.265 27610 28549 I art     : Starting a blocking GC Explicit
08-05 02:59:07.300 27610 28549 I art     : Explicit concurrent mark sweep GC freed 3(96B) AllocSpace objects, 0(0B) LOS objects, 23% free, 50MB/66MB, paused 1.217ms total 34.159ms
08-05 02:59:07.310 27610 28549 I art     : Starting a blocking GC Explicit
08-05 02:59:07.343 27610 28549 I art     : Explicit concurrent mark sweep GC freed 3(96B) AllocSpace objects, 0(0B) LOS objects, 23% free, 50MB/66MB, paused 1.227ms total 33.335ms
08-05 02:59:07.353 27610 28549 I art     : Starting a blocking GC Explicit
08-05 02:59:07.387 27610 28549 I art     : Explicit concurrent mark sweep GC freed 32(880B) AllocSpace objects, 0(0B) LOS objects, 23% free, 50MB/66MB, paused 1.256ms total 33.508ms
08-05 02:59:07.554 31381 31381 D AndroidRuntime: >>>>>> START com.android.internal.os.RuntimeInit uid 2000 <<<<<<
08-05 02:59:07.559 31381 31381 D AndroidRuntime: CheckJNI is OFF
08-05 02:59:07.591 31381 31381 D ICU     : No timezone override file found: /data/misc/zoneinfo/current/icu/icu_tzdata.dat
08-05 02:59:07.622 31381 31381 I Radio-JNI: register_android_hardware_Radio DONE
08-05 02:59:07.644 31381 31381 D AndroidRuntime: Calling main entry com.android.commands.input.Input
08-05 02:59:07.645 31381 31381 I Input   : injectKeyEvent: KeyEvent { action=ACTION_DOWN, keyCode=KEYCODE_BACK, scanCode=0, metaState=0, flags=0x0, repeatCount=0, eventTime=759564058, downTime=759564058, deviceId=-1, source=0x101 }
08-05 02:59:07.649 31381 31381 I Input   : injectKeyEvent: KeyEvent { action=ACTION_UP, keyCode=KEYCODE_BACK, scanCode=0, metaState=0, flags=0x0, repeatCount=0, eventTime=759564058, downTime=759564058, deviceId=-1, source=0x101 }
08-05 02:59:07.665 31381 31381 D AndroidRuntime: Shutting down VM
08-05 02:59:07.709 27610 29065 I art     : Starting a blocking GC Explicit
08-05 02:59:07.745 27610 29065 I art     : Explicit concurrent mark sweep GC freed 3548(170KB) AllocSpace objects, 1(20KB) LOS objects, 23% free, 50MB/66MB, paused 1.236ms total 34.871ms
08-05 02:59:07.755 27610 29065 I art     : Starting a blocking GC Explicit
08-05 02:59:07.790 27610 29065 I art     : Explicit concurrent mark sweep GC freed 5380(396KB) AllocSpace objects, 9(1620KB) LOS objects, 24% free, 48MB/64MB, paused 1.303ms total 34.795ms
08-05 02:59:07.800 27610 29065 I art     : Starting a blocking GC Explicit
08-05 02:59:07.834 27610 29065 I art     : Explicit concurrent mark sweep GC freed 3(96B) AllocSpace objects, 0(0B) LOS objects, 24% free, 48MB/64MB, paused 1.223ms total 33.963ms
08-05 02:59:07.844 27610 29065 I art     : Starting a blocking GC Explicit
08-05 02:59:07.879 27610 29065 I art     : Explicit concurrent mark sweep GC freed 3(96B) AllocSpace objects, 0(0B) LOS objects, 24% free, 48MB/64MB, paused 1.390ms total 33.950ms
08-05 02:59:07.889 27610 29065 I art     : Starting a blocking GC Explicit
08-05 02:59:07.923 27610 29065 I art     : Explicit concurrent mark sweep GC freed 3(96B) AllocSpace objects, 0(0B) LOS objects, 24% free, 48MB/64MB, paused 1.211ms total 33.119ms
08-05 02:59:08.228 27610 27622 I art     : Starting a blocking GC Explicit
08-05 02:59:08.264 27610 27622 I art     : Explicit concurrent mark sweep GC freed 1382(82KB) AllocSpace objects, 1(20KB) LOS objects, 24% free, 48MB/64MB, paused 1.236ms total 35.220ms
08-05 02:59:08.274 27610 27622 I art     : Starting a blocking GC Explicit
08-05 02:59:08.309 27610 27622 I art     : Explicit concurrent mark sweep GC freed 23(752B) AllocSpace objects, 0(0B) LOS objects, 24% free, 48MB/64MB, paused 1.358ms total 34.682ms
08-05 02:59:08.320 27610 27622 I art     : Starting a blocking GC Explicit
08-05 02:59:08.354 27610 27622 I art     : Explicit concurrent mark sweep GC freed 3(96B) AllocSpace objects, 0(0B) LOS objects, 24% free, 48MB/64MB, paused 1.228ms total 33.789ms
08-05 02:59:08.364 27610 27622 I art     : Starting a blocking GC Explicit
08-05 02:59:08.398 27610 27622 I art     : Explicit concurrent mark sweep GC freed 32(880B) AllocSpace objects, 0(0B) LOS objects, 24% free, 48MB/64MB, paused 1.391ms total 34.019ms
08-05 02:59:08.408 27610 27622 I art     : Starting a blocking GC Explicit
08-05 02:59:08.442 27610 27622 I art     : Explicit concurrent mark sweep GC freed 3(96B) AllocSpace objects, 0(0B) LOS objects, 24% free, 48MB/64MB, paused 1.142ms total 33.626ms
08-05 02:59:08.781 27610 28549 I art     : Starting a blocking GC Explicit
08-05 02:59:08.824 27610 28549 I art     : Explicit concurrent mark sweep GC freed 1381(82KB) AllocSpace objects, 1(20KB) LOS objects, 24% free, 48MB/64MB, paused 1.399ms total 43.084ms
08-05 02:59:08.837 27610 28549 I art     : Starting a blocking GC Explicit
08-05 02:59:08.872 27610 28549 I art     : Explicit concurrent mark sweep GC freed 23(752B) AllocSpace objects, 0(0B) LOS objects, 24% free, 48MB/64MB, paused 1.256ms total 34.471ms
08-05 02:59:08.883 27610 28549 I art     : Starting a blocking GC Explicit
08-05 02:59:08.916 27610 28549 I art     : Explicit concurrent mark sweep GC freed 3(96B) AllocSpace objects, 0(0B) LOS objects, 24% free, 48MB/64MB, paused 1.223ms total 33.114ms
08-05 02:59:08.926 27610 28549 I art     : Starting a blocking GC Explicit
08-05 02:59:08.957 27610 28549 I art     : Explicit concurrent mark sweep GC freed 3(96B) AllocSpace objects, 0(0B) LOS objects, 24% free, 48MB/64MB, paused 1.227ms total 31.453ms
08-05 02:59:08.967 27610 28549 I art     : Starting a blocking GC Explicit
08-05 02:59:08.999 27610 28549 I art     : Explicit concurrent mark sweep GC freed 3(96B) AllocSpace objects, 0(0B) LOS objects, 24% free, 48MB/64MB, paused 1.288ms total 31.816ms
08-05 02:59:09.321 27610 27622 I art     : Starting a blocking GC Explicit
08-05 02:59:09.358 27610 27622 I art     : Explicit concurrent mark sweep GC freed 1391(83KB) AllocSpace objects, 1(20KB) LOS objects, 24% free, 48MB/64MB, paused 1.471ms total 36.858ms
08-05 02:59:09.368 27610 27622 I art     : Starting a blocking GC Explicit
08-05 02:59:09.376 31430 31430 D AndroidRuntime: >>>>>> START com.android.internal.os.RuntimeInit uid 2000 <<<<<<
08-05 02:59:09.382 31430 31430 D AndroidRuntime: CheckJNI is OFF
08-05 02:59:09.400 27610 27622 I art     : Explicit concurrent mark sweep GC freed 58(1728B) AllocSpace objects, 0(0B) LOS objects, 24% free, 48MB/64MB, paused 1.180ms total 31.480ms
08-05 02:59:09.409 27610 27622 I art     : Starting a blocking GC Explicit
08-05 02:59:09.417 31430 31430 D ICU     : No timezone override file found: /data/misc/zoneinfo/current/icu/icu_tzdata.dat
08-05 02:59:09.440 27610 27622 I art     : Explicit concurrent mark sweep GC freed 7(224B) AllocSpace objects, 0(0B) LOS objects, 24% free, 48MB/64MB, paused 1.154ms total 30.031ms
08-05 02:59:09.449 27610 27622 I art     : Starting a blocking GC Explicit
08-05 02:59:09.452 31430 31430 I Radio-JNI: register_android_hardware_Radio DONE
08-05 02:59:09.472 31430 31430 D AndroidRuntime: Calling main entry com.android.commands.am.Am
08-05 02:59:09.479 27610 27622 I art     : Explicit concurrent mark sweep GC freed 9(288B) AllocSpace objects, 0(0B) LOS objects, 24% free, 48MB/64MB, paused 1.163ms total 29.589ms
08-05 02:59:09.483 24044 24044 I Trepn   : Trepn 6.2s: Received intent: com.quicinc.trepn.stop_profiling
08-05 02:59:09.488 27610 27622 I art     : Starting a blocking GC Explicit
08-05 02:59:09.517 27610 27622 I art     : Explicit concurrent mark sweep GC freed 7(224B) AllocSpace objects, 0(0B) LOS objects, 24% free, 48MB/64MB, paused 1.165ms total 28.879ms
08-05 02:59:09.534 24044 24044 I Trepn   : Trepn 6.2s: Trepn has Stopped Profiling.
08-05 02:59:09.675 31430 31430 D AndroidRuntime: Shutting down VM
08-05 02:59:09.678   918  5481 W AppOps  : Finishing op nesting under-run: uid 10078 pkg com.quicinc.trepn code 24 time=0 duration=0 nesting=0
08-05 02:59:09.821 27610 28549 I art     : Starting a blocking GC Explicit
08-05 02:59:09.855 27610 28549 I art     : Explicit concurrent mark sweep GC freed 1384(81KB) AllocSpace objects, 1(20KB) LOS objects, 24% free, 48MB/64MB, paused 1.220ms total 34.131ms
08-05 02:59:09.865 27610 28549 I art     : Starting a blocking GC Explicit
08-05 02:59:09.900 27610 28549 I art     : Explicit concurrent mark sweep GC freed 23(752B) AllocSpace objects, 0(0B) LOS objects, 24% free, 48MB/64MB, paused 1.305ms total 34.076ms
08-05 02:59:09.910 27610 28549 I art     : Starting a blocking GC Explicit
08-05 02:59:09.943 27610 28549 I art     : Explicit concurrent mark sweep GC freed 3(96B) AllocSpace objects, 0(0B) LOS objects, 24% free, 48MB/64MB, paused 1.112ms total 32.094ms
08-05 02:59:09.953 27610 28549 I art     : Starting a blocking GC Explicit
08-05 02:59:09.985 27610 28549 I art     : Explicit concurrent mark sweep GC freed 3(96B) AllocSpace objects, 0(0B) LOS objects, 24% free, 48MB/64MB, paused 1.205ms total 31.645ms
08-05 02:59:09.995 27610 28549 I art     : Starting a blocking GC Explicit
08-05 02:59:10.027 27610 28549 I art     : Explicit concurrent mark sweep GC freed 3(96B) AllocSpace objects, 0(0B) LOS objects, 24% free, 48MB/64MB, paused 1.225ms total 31.967ms
08-05 02:59:10.283   518   646 I ThermalEngine: ACTION: GPU - Setting GPU[0] to 450000000
08-05 02:59:12.286   518   646 I ThermalEngine: ACTION: GPU - Setting GPU[0] to 510000000
